--------- beginning of main
08-04 14:13:38.375   918   930 W ResourceType: ResTable_typeSpec entry count inconsistent: given 37, previously 42
08-04 14:13:38.375   918   930 W ResourceType: ResTable_typeSpec entry count inconsistent: given 2527, previously 2530
08-04 14:13:38.377   918   930 W ResourceType: ResTable_typeSpec entry count inconsistent: given 2542, previously 2545
08-04 14:13:38.377   918   930 W ResourceType: ResTable_typeSpec entry count inconsistent: given 303, previously 1691
08-04 14:13:38.379   918  5132 I AccountManagerService: getTypesVisibleToCaller: isPermitted? true
08-04 14:13:38.379   918  3714 I AccountManagerService: getTypesVisibleToCaller: isPermitted? true
08-04 14:13:38.388 24365 12276 I Fitness : FitCleanupIntentOperation received Intent android.intent.action.PACKAGE_REMOVED [CONTEXT service_id=17 ]
08-04 14:13:38.390  5392  5392 I Finsky  : [1] uah.a(18): PackageMonitorReceiverImpl - Received: android.intent.action.PACKAGE_REMOVED, [ocpw8ddNLhG67i_cxGNvtEQwqY1k5QNC_my-vN553D4]
08-04 14:13:38.391  5392  5392 I Finsky  : [1] ubi.d(9): Invalidating cached PackageState for baseline.org.quantumbadger.redreader
08-04 14:13:38.395  5392  5392 I Finsky  : [1] lzi.c(2): Frosting ID looked up on UI thread. Caller should move to a background thread.
08-04 14:13:38.408  5392  5392 I Finsky  : [1] nqb.c(3): Installer: package baseline.org.quantumbadger.redreader was removed. replacing: true
08-04 14:13:38.411  5392  5392 I Finsky  : [1] nra.a(188): Installer: Notifying status update. package=baseline.org.quantumbadger.redreader, status=UNINSTALLED
08-04 14:13:38.431  3784  3784 D CarrierServiceBindHelper: Receive action: android.intent.action.PACKAGE_ADDED
08-04 14:13:38.433  3784  3784 D CarrierServiceBindHelper: Receive action: android.intent.action.PACKAGE_REPLACED
08-04 14:13:38.434  3784  3784 D CarrierServiceBindHelper: mHandler: 3
08-04 14:13:38.434  3784  3784 D CarrierServiceBindHelper: mHandler: 3
08-04 14:13:38.434  3784  3784 D CarrierServiceBindHelper: mHandler: 3
08-04 14:13:38.434  3784  3784 D CarrierConfigLoader: mHandler: 9 phoneId: 0
08-04 14:13:38.487  5392  5392 I Finsky  : [1] lzi.c(2): Frosting ID looked up on UI thread. Caller should move to a background thread.
08-04 14:13:38.510  5392  5392 I Finsky  : [1] nra.a(220): Installer: found apps to install. isMultiUserMode=false, apps=[]
08-04 14:13:38.511  5392 12297 I Finsky  : [5823] ejf.a(-1): Cancelled 0 ongoing asset module downloads for package baseline.org.quantumbadger.redreader due to a concurrent app update.
08-04 14:13:38.557 24577 12289 I Auth    : [SupervisedAccountIntentOperation] onHandleIntent(): android.intent.action.PACKAGE_ADDED
08-04 14:13:38.559 24577 12289 I ChromeSync: [Sync,SyncIntentOperation] Handling the intent: Intent { act=android.intent.action.PACKAGE_ADDED dat=package:baseline.org.quantumbadger.redreader flg=0x4000010 cmp=com.google.android.gms/.chimera.GmsIntentOperationService (has extras) }.
08-04 14:13:38.582  5392  5392 I Finsky  : [1] uah.a(18): PackageMonitorReceiverImpl - Received: android.intent.action.PACKAGE_ADDED, [ocpw8ddNLhG67i_cxGNvtEQwqY1k5QNC_my-vN553D4]
08-04 14:13:38.583  5392  5392 I Finsky  : [1] ubi.d(9): Invalidating cached PackageState for baseline.org.quantumbadger.redreader
--------- beginning of system
08-04 14:13:38.615   918  5132 W ActivityManager: Unable to start service Intent { act=com.google.android.gms.auth.key.retrieval.service.START pkg=com.google.android.gms } U=0: not found
08-04 14:13:38.617  5392  5392 I Finsky  : [1] lzi.c(2): Frosting ID looked up on UI thread. Caller should move to a background thread.
08-04 14:13:38.641  5392  5392 I Finsky  : [1] agsx.a(4): Do not start WearSupportService due to Wear service optimization
08-04 14:13:38.643  5392 12297 I Finsky  : [5823] ejc.a(-1): Asset module broadcast after update successful for package baseline.org.quantumbadger.redreader. 0 sessions broadcast.
08-04 14:13:38.647  5392 12285 I Finsky  : [5821] lyv.run(-1): Wrote row to frosting DB: 2336
08-04 14:13:38.651  5392  5392 I Finsky  : [1] lzi.c(2): Frosting ID looked up on UI thread. Caller should move to a background thread.
08-04 14:13:38.670  5392  5619 I Finsky  : [5804] odj.b(52): IQ: Notifying installation update. package=baseline.org.quantumbadger.redreader, status=UNINSTALLED
08-04 14:13:38.693   918  3961 I AccountManagerService: getTypesVisibleToCaller: isPermitted? true
08-04 14:13:38.743   918  3696 W ActivityManager: Unbind failed: could not find connection for android.os.BinderProxy@dc3c1cf
08-04 14:13:38.753 24577 24621 E GmsClient: unable to connect to service: com.google.android.gms.auth.key.retrieval.service.START on com.google.android.gms
08-04 14:13:38.757   918  3961 I AccountManagerService: getTypesVisibleToCaller: isPermitted? true
08-04 14:13:38.780  5392 12286 I Finsky  : [5822] gzn.a(-1): [ContentSync] finished, scheduled=false
08-04 14:13:38.781  5392 12285 I Finsky  : [5821] lyv.run(-1): Wrote row to frosting DB: 2337
08-04 14:13:38.787 24577 12289 I ChromeSync: [Persistence,AffiliationManager] One of affiliation or grouping data for android://bz0hZa4nAJEtd0n5sRlXG7KAqctUMWVefv7Ki4mh1p6slZ9YO-n9gS9j8m9YCrsIyI2wIxrDHraumF9Y6pBLTA==@baseline.org.quantumbadger.redreader/ was not found. Marking affiliation data as stale...
08-04 14:13:38.837  5392  5619 I Finsky  : [5804] odj.b(40): IQ: No matching installs to run for jobs: []
08-04 14:13:38.857  5392 12285 I Finsky  : [5821] lyv.run(-1): Wrote row to frosting DB: 2338
08-04 14:13:38.886   918  5132 I AccountManagerService: getTypesVisibleToCaller: isPermitted? true
08-04 14:13:38.962 12312 12312 D AndroidRuntime: >>>>>> START com.android.internal.os.RuntimeInit uid 2000 <<<<<<
08-04 14:13:38.965 12312 12312 D AndroidRuntime: CheckJNI is OFF
08-04 14:13:38.967  5392 12285 I Finsky  : [5821] lyv.run(-1): Wrote row to frosting DB: 2339
08-04 14:13:38.988 12312 12312 D ICU     : No timezone override file found: /data/misc/zoneinfo/current/icu/icu_tzdata.dat
08-04 14:13:38.998  5392  5392 I Finsky  : [1] nly.a(-1): previousAllInstallsDone is Optional.empty, allInstallationsDone is Optional[true]
08-04 14:13:38.998  5392  5392 I Finsky  : [1] nly.a(-1): Updating installations status false cross profiles
08-04 14:13:38.999  5392  5392 I Finsky  : [1] hcq.b(1): Binding for 48975716
08-04 14:13:39.006  5392 12286 I Finsky  : [5822] gzn.a(-1): [ContentSync] finished, scheduled=true
08-04 14:13:39.007  5392  5392 I Finsky  : [1] ProfileStateService.onCreate(-1): creating profileStateService
08-04 14:13:39.011  5392  5392 I Finsky  : [1] xmu.a(8): SCH: Jobs in database: 1-1337 3-193 3-194 12-1 24-77777777 26-1414141414 
08-04 14:13:39.012 12312 12312 I Radio-JNI: register_android_hardware_Radio DONE
08-04 14:13:39.013  5392  5392 I Finsky  : [1] xio.a(57): SCH: ConstraintMapping: 24-77777777,  -> L: 0ms, D: 24981825ms, C: false, I: true, N: 0
08-04 14:13:39.013  5392  5392 I Finsky  : [1] xio.a(57): SCH: ConstraintMapping: 1-1337, 12-1,  -> L: 14472ms, D: 71533902ms, C: false, I: false, N: 1
08-04 14:13:39.014  5392  5392 I Finsky  : [1] xio.a(57): SCH: ConstraintMapping: 3-193,  -> L: 0ms, D: 85943856ms, C: false, I: true, N: 2
08-04 14:13:39.014  5392  5392 I Finsky  : [1] xio.a(57): SCH: ConstraintMapping: 3-194,  -> L: 0ms, D: 85943872ms, C: true, I: true, N: 2
08-04 14:13:39.015  5392  5392 I Finsky  : [1] xio.a(57): SCH: ConstraintMapping: 26-1414141414,  -> L: 32447025ms, D: 33347025ms, C: false, I: false, N: 0
08-04 14:13:39.027 12312 12312 D AndroidRuntime: Calling main entry com.android.commands.monkey.Monkey
08-04 14:13:39.031  5392  5392 I Finsky  : [1] xle.a(34): Cancelling existing jobscheduler jobs: 9010 9016 9009 9013 9002 9004 9007 9003 9005 9000 
08-04 14:13:39.031  5392  5392 I Finsky  : [1] xle.a(27): Scheduling job Id: 9001, L: 0, D: 24981825, C: false, I: true, N: 0
08-04 14:13:39.032  5392  5392 I Finsky  : [1] xle.a(27): Scheduling job Id: 9006, L: 14472, D: 71533902, C: false, I: false, N: 1
08-04 14:13:39.034  5392  5392 I Finsky  : [1] xle.a(27): Scheduling job Id: 9008, L: 0, D: 85943856, C: false, I: true, N: 2
08-04 14:13:39.036  5392  5392 I Finsky  : [1] xle.a(27): Scheduling job Id: 9011, L: 0, D: 85943872, C: true, I: true, N: 2
08-04 14:13:39.039 24577 13294 I Icing   : IndexChimeraService.getServiceInterface callingPackage=com.google.android.gms componentName=AppsCorpus serviceId=36
08-04 14:13:39.043  5392  5392 I Finsky  : [1] xle.a(27): Scheduling job Id: 9012, L: 32447025, D: 33347025, C: false, I: false, N: 0
08-04 14:13:39.043   918   931 W BroadcastQueue: Skipping deliver [background] BroadcastRecord{ab2bf8c u-1 android.net.conn.CONNECTIVITY_CHANGE} to ReceiverList{6c066d5 12312 (unknown name)/2000/u-1 remote:a8ec219}: process crashing
08-04 14:13:39.050  5392  5392 I Finsky  : [1] xle.a(27): Scheduling job Id: 9014, L: 0, D: 24981825, C: false, I: true, N: 0
08-04 14:13:39.051  5392  5392 I Finsky  : [1] xle.a(27): Scheduling job Id: 9015, L: 14472, D: 71533902, C: false, I: false, N: 1
08-04 14:13:39.053  5392  5392 I Finsky  : [1] xle.a(27): Scheduling job Id: 9017, L: 0, D: 85943856, C: false, I: true, N: 2
08-04 14:13:39.054  5392  5392 I Finsky  : [1] xle.a(27): Scheduling job Id: 9018, L: 0, D: 85943872, C: true, I: true, N: 2
08-04 14:13:39.056  5392  5392 I Finsky  : [1] xle.a(27): Scheduling job Id: 9019, L: 32447025, D: 33347025, C: false, I: false, N: 0
08-04 14:13:39.058  5392  5392 I Finsky  : [1] hci.a(3): Registering listener 159693203 for user UserHandle{0}.
08-04 14:13:39.058   918  4413 I ActivityManager: START u0 {act=android.intent.action.MAIN cat=[android.intent.category.LAUNCHER] flg=0x10200000 cmp=baseline.org.quantumbadger.redreader/.activities.MainActivity} from uid 2000 on display 0
08-04 14:13:39.059  5392  5392 I Finsky  : [1] hci.c(8): User UserHandle{0} finished enterprise setup, removing profile.
08-04 14:13:39.059  5392  5392 I Finsky  : [1] hci.b(14): User UserHandle{0} is not in installation anymore, removing profile.
08-04 14:13:39.060  5392  5392 I Finsky  : [1] hci.b(22): Notifying user UserHandle{0} that all installs are finished
08-04 14:13:39.060  5392  5392 I Finsky  : [1] hcq.d(1): unbinding for 48975716
08-04 14:13:39.065  5392 12326 I Finsky  : [5831] hci.b(5): Removing listener for user UserHandle{0} and listener 159693203
08-04 14:13:39.079   918  5952 I ActivityManager: Start proc 12327:baseline.org.quantumbadger.redreader/u0a666 for activity baseline.org.quantumbadger.redreader/.activities.MainActivity
08-04 14:13:39.080 12327 12327 I art     : Late-enabling -Xcheck:jni
08-04 14:13:39.089 12312 12312 I art     : System.exit called, status: 0
08-04 14:13:39.089 12312 12312 I AndroidRuntime: VM exiting with result code 0.
08-04 14:13:39.119 12327 12327 W System  : ClassLoader referenced unknown path: /data/app/baseline.org.quantumbadger.redreader-1/lib/arm64
08-04 14:13:39.121 24577 22341 W Icing   : No valid account for uploading user actions
08-04 14:13:39.135 12327 12327 I RedReader: Application created.
08-04 14:13:39.141 24577 13294 I Icing   : IndexChimeraService.getServiceInterface callingPackage=com.google.android.gms componentName=null serviceId=30
08-04 14:13:39.147 12327 12345 I RedditChangeDataIO: Running initial read...
08-04 14:13:39.149 12327 12327 I RedReader: Checking for new messages.
08-04 14:13:39.152 12327 12345 I RedditChangeDataIO: Data file at '/data/user/0/baseline.org.quantumbadger.redreader/files/rr_change_data.dat'
08-04 14:13:39.152 12327 12345 I RedditChangeDataIO: Data file does not exist. Aborting read.
08-04 14:13:39.152 12327 12345 I RedditChangeDataManager: Pruning for all users...
08-04 14:13:39.152 12327 12345 I RedditChangeDataManager: Pruning complete.
08-04 14:13:39.167  2075 22580 I PBSessionCacheImpl: Deleted sessionId[9127543042550561] from persistence.
08-04 14:13:39.172  2075  2107 W SearchServiceCore: Abort, client detached.
08-04 14:13:39.172  2075  2107 I MicroDetectionState: Should stop hotword detection immediately - true
08-04 14:13:39.220 12327 12327 W art     : Before Android 4.1, method android.graphics.PorterDuffColorFilter androidx.vectordrawable.graphics.drawable.VectorDrawableCompat.updateTintFilter(android.graphics.PorterDuffColorFilter, android.content.res.ColorStateList, android.graphics.PorterDuff$Mode) would have incorrectly overridden the package-private method in android.graphics.drawable.Drawable
08-04 14:13:39.238 12327 12344 I CacheManager: Pruning 108 files
08-04 14:13:39.250 24577 22341 I Icing   : Usage reports ok 3, Failed Usage reports 0, indexed 0, rejected 0
08-04 14:13:39.254 24577 22341 W Icing   : No valid account for uploading user actions
08-04 14:13:39.255 12327 12327 I art     : Rejecting re-init on previously-failed class java.lang.Class<androidx.core.view.ViewCompat$2>
08-04 14:13:39.255 12327 12327 I art     : Rejecting re-init on previously-failed class java.lang.Class<androidx.core.view.ViewCompat$2>
08-04 14:13:39.266 12327 12327 I AppCompatViewInflater: app:theme is now deprecated. Please move to using android:theme instead.
08-04 14:13:39.291 24577 22341 I Icing   : Usage reports ok 0, Failed Usage reports 0, indexed 0, rejected 0
08-04 14:13:39.292 24577 22341 I Icing   : Indexing com.google.android.gms-internal.3p:MobileApplication from com.google.android.gms using seqno 763
08-04 14:13:39.295 24577 22341 I Icing   : Indexing com.google.android.gms-internal.3p:MobileApplication from com.google.android.gms using seqno 763
08-04 14:13:39.306 12223 12223 I ServiceManager: Waiting for service AtCmdFwd...
08-04 14:13:39.380 24577 13294 I Icing   : IndexChimeraService.getServiceInterface callingPackage=com.google.android.gms componentName=null serviceId=36
08-04 14:13:39.385 24577 22341 W Icing   : No valid account for uploading user actions
08-04 14:13:39.399 24577 22341 I Icing   : Usage reports ok 0, Failed Usage reports 0, indexed 0, rejected 0
08-04 14:13:39.405 12327 12327 I RawObjectDB query string: CREATE TABLE objects(RawObjectDB_id TEXT PRIMARY KEY ON CONFLICT REPLACE,RawObjectDB_timestamp INTEGER,serialised TEXT)
08-04 14:13:39.472 12327 12327 I RawObjectDB query string: CREATE TABLE objects(RawObjectDB_id TEXT PRIMARY KEY ON CONFLICT REPLACE,RawObjectDB_timestamp INTEGER,serialised TEXT)
08-04 14:13:39.568 12327 12347 D OpenGLRenderer: Use EGL_SWAP_BEHAVIOR_PRESERVED: true
08-04 14:13:39.643 12327 12347 I Adreno  : QUALCOMM build                   : fcf4852, I1af360237c
08-04 14:13:39.643 12327 12347 I Adreno  : Build Date                       : 09/23/15
08-04 14:13:39.643 12327 12347 I Adreno  : OpenGL ES Shader Compiler Version: XE031.05.13.02
08-04 14:13:39.643 12327 12347 I Adreno  : Local Branch                     : mybranch14465806
08-04 14:13:39.643 12327 12347 I Adreno  : Remote Branch                    : quic/LA.BF64.1.2.9_v2
08-04 14:13:39.643 12327 12347 I Adreno  : Remote Branch                    : NONE
08-04 14:13:39.643 12327 12347 I Adreno  : Reconstruct Branch               : NOTHING
08-04 14:13:39.657 12327 12347 I OpenGLRenderer: Initialized EGL, version 1.4
08-04 14:13:40.029   918   936 I ActivityManager: Displayed baseline.org.quantumbadger.redreader/.activities.MainActivity: +965ms
08-04 14:13:40.254 24577 22341 I Icing   : Indexing com.google.android.gms-apps from com.google.android.gms
08-04 14:13:40.307 12223 12223 W Atfwd_Sendcmd: AtCmdFwd service not published, waiting... retryCnt : 3
08-04 14:13:40.342 24577  1295 I Icing   : Indexing done com.google.android.gms-apps
08-04 14:13:40.379 24577  1295 I Icing   : Indexing com.google.android.gms-apps from com.google.android.gms
08-04 14:13:40.381 24577  1295 I Icing   : Indexing done com.google.android.gms-apps
08-04 14:13:40.672 12363 12363 D AndroidRuntime: >>>>>> START com.android.internal.os.RuntimeInit uid 2000 <<<<<<
08-04 14:13:40.680 12363 12363 D AndroidRuntime: CheckJNI is OFF
08-04 14:13:40.715 12363 12363 D ICU     : No timezone override file found: /data/misc/zoneinfo/current/icu/icu_tzdata.dat
08-04 14:13:40.748 12363 12363 I Radio-JNI: register_android_hardware_Radio DONE
08-04 14:13:40.766 12363 12363 D AndroidRuntime: Calling main entry com.android.commands.am.Am
08-04 14:13:40.778  2375  2375 I Trepn   : Trepn 6.2s: Received intent: com.quicinc.trepn.start_profiling
08-04 14:13:40.872  2375  2375 W FileUtils: Failed to chmod(/storage/emulated/0/trepn/Trepn_2020.08.04_141340.db): android.system.ErrnoException: chmod failed: EPERM (Operation not permitted)
08-04 14:13:40.957  2375  2375 I Trepn   : Trepn 6.2s: Trepn has Started Profiling.
08-04 14:13:40.958 12363 12363 D AndroidRuntime: Shutting down VM
08-04 14:13:41.465 12327 12340 I art     : Starting a blocking GC Explicit
08-04 14:13:41.485 12327 12340 I art     : Explicit concurrent mark sweep GC freed 10648(1325KB) AllocSpace objects, 8(216KB) LOS objects, 40% free, 20MB/34MB, paused 137us total 19.341ms
08-04 14:13:41.496 12327 12340 I art     : Starting a blocking GC Explicit
08-04 14:13:41.509 12327 12340 I art     : Explicit concurrent mark sweep GC freed 1521(73KB) AllocSpace objects, 0(0B) LOS objects, 40% free, 20MB/34MB, paused 136us total 12.858ms
08-04 14:13:41.518 12327 12340 I art     : Starting a blocking GC Explicit
08-04 14:13:41.528 12327 12340 I art     : Explicit concurrent mark sweep GC freed 3(96B) AllocSpace objects, 0(0B) LOS objects, 40% free, 20MB/34MB, paused 113us total 9.997ms
08-04 14:13:41.536 12327 12340 I art     : Starting a blocking GC Explicit
08-04 14:13:41.546 12327 12340 I art     : Explicit concurrent mark sweep GC freed 3(96B) AllocSpace objects, 0(0B) LOS objects, 40% free, 20MB/34MB, paused 113us total 10.288ms
08-04 14:13:41.554 12327 12340 I art     : Starting a blocking GC Explicit
08-04 14:13:41.565 12327 12340 I art     : Explicit concurrent mark sweep GC freed 3(96B) AllocSpace objects, 0(0B) LOS objects, 40% free, 20MB/34MB, paused 112us total 10.392ms
08-04 14:13:41.874 12327 12341 I art     : Starting a blocking GC Explicit
08-04 14:13:41.893 12327 12341 I art     : Explicit concurrent mark sweep GC freed 1336(78KB) AllocSpace objects, 1(20KB) LOS objects, 40% free, 20MB/34MB, paused 195us total 18.801ms
08-04 14:13:41.903 12327 12341 I art     : Starting a blocking GC Explicit
08-04 14:13:41.915 12327 12341 I art     : Explicit concurrent mark sweep GC freed 20(704B) AllocSpace objects, 0(0B) LOS objects, 40% free, 20MB/34MB, paused 137us total 11.454ms
08-04 14:13:41.923 12327 12341 I art     : Starting a blocking GC Explicit
08-04 14:13:41.934 12327 12341 I art     : Explicit concurrent mark sweep GC freed 3(96B) AllocSpace objects, 0(0B) LOS objects, 40% free, 20MB/34MB, paused 126us total 10.609ms
08-04 14:13:41.942 12327 12341 I art     : Starting a blocking GC Explicit
08-04 14:13:41.953 12327 12341 I art     : Explicit concurrent mark sweep GC freed 3(96B) AllocSpace objects, 0(0B) LOS objects, 40% free, 20MB/34MB, paused 121us total 10.643ms
08-04 14:13:41.961 12327 12341 I art     : Starting a blocking GC Explicit
08-04 14:13:41.972 12327 12341 I art     : Explicit concurrent mark sweep GC freed 3(96B) AllocSpace objects, 0(0B) LOS objects, 40% free, 20MB/34MB, paused 114us total 10.617ms
08-04 14:13:42.235 12327 12352 I art     : Starting a blocking GC Explicit
08-04 14:13:42.248 12327 12352 I art     : Explicit concurrent mark sweep GC freed 1333(78KB) AllocSpace objects, 1(20KB) LOS objects, 40% free, 20MB/34MB, paused 122us total 13.008ms
08-04 14:13:42.257 12327 12352 I art     : Starting a blocking GC Explicit
08-04 14:13:42.268 12327 12352 I art     : Explicit concurrent mark sweep GC freed 20(704B) AllocSpace objects, 0(0B) LOS objects, 40% free, 20MB/34MB, paused 119us total 11.481ms
08-04 14:13:42.277 12327 12352 I art     : Starting a blocking GC Explicit
08-04 14:13:42.287 12327 12352 I art     : Explicit concurrent mark sweep GC freed 3(96B) AllocSpace objects, 0(0B) LOS objects, 40% free, 20MB/34MB, paused 119us total 10.764ms
08-04 14:13:42.296 12327 12352 I art     : Starting a blocking GC Explicit
08-04 14:13:42.306 12327 12352 I art     : Explicit concurrent mark sweep GC freed 3(96B) AllocSpace objects, 0(0B) LOS objects, 40% free, 20MB/34MB, paused 117us total 10.701ms
08-04 14:13:42.314 12327 12352 I art     : Starting a blocking GC Explicit
08-04 14:13:42.325 12327 12352 I art     : Explicit concurrent mark sweep GC freed 3(96B) AllocSpace objects, 0(0B) LOS objects, 40% free, 20MB/34MB, paused 117us total 10.432ms
08-04 14:13:42.603 12327 12340 I art     : Starting a blocking GC Explicit
08-04 14:13:42.617 12327 12340 I art     : Explicit concurrent mark sweep GC freed 1333(78KB) AllocSpace objects, 1(20KB) LOS objects, 40% free, 20MB/34MB, paused 163us total 14.139ms
08-04 14:13:42.630 12327 12340 I art     : Starting a blocking GC Explicit
08-04 14:13:42.643 12327 12340 I art     : Explicit concurrent mark sweep GC freed 20(704B) AllocSpace objects, 0(0B) LOS objects, 40% free, 20MB/34MB, paused 138us total 13.273ms
08-04 14:13:42.652 12327 12340 I art     : Starting a blocking GC Explicit
08-04 14:13:42.663 12327 12340 I art     : Explicit concurrent mark sweep GC freed 3(96B) AllocSpace objects, 0(0B) LOS objects, 40% free, 20MB/34MB, paused 120us total 10.945ms
08-04 14:13:42.671 12327 12340 I art     : Starting a blocking GC Explicit
08-04 14:13:42.682 12327 12340 I art     : Explicit concurrent mark sweep GC freed 3(96B) AllocSpace objects, 0(0B) LOS objects, 40% free, 20MB/34MB, paused 120us total 10.886ms
08-04 14:13:42.691 12327 12340 I art     : Starting a blocking GC Explicit
08-04 14:13:42.701 12327 12340 I art     : Explicit concurrent mark sweep GC freed 3(96B) AllocSpace objects, 0(0B) LOS objects, 40% free, 20MB/34MB, paused 116us total 10.386ms
08-04 14:13:42.986 12327 12341 I art     : Starting a blocking GC Explicit
08-04 14:13:43.002 12327 12341 I art     : Explicit concurrent mark sweep GC freed 1333(78KB) AllocSpace objects, 1(20KB) LOS objects, 40% free, 20MB/34MB, paused 160us total 15.592ms
08-04 14:13:43.014 12327 12341 I art     : Starting a blocking GC Explicit
08-04 14:13:43.025 12327 12341 I art     : Explicit concurrent mark sweep GC freed 20(704B) AllocSpace objects, 0(0B) LOS objects, 40% free, 20MB/34MB, paused 128us total 11.059ms
08-04 14:13:43.033 12327 12341 I art     : Starting a blocking GC Explicit
08-04 14:13:43.044 12327 12341 I art     : Explicit concurrent mark sweep GC freed 3(96B) AllocSpace objects, 0(0B) LOS objects, 40% free, 20MB/34MB, paused 126us total 10.393ms
08-04 14:13:43.052 12327 12341 I art     : Starting a blocking GC Explicit
08-04 14:13:43.063 12327 12341 I art     : Explicit concurrent mark sweep GC freed 3(96B) AllocSpace objects, 0(0B) LOS objects, 40% free, 20MB/34MB, paused 127us total 10.650ms
08-04 14:13:43.071 12327 12341 I art     : Starting a blocking GC Explicit
08-04 14:13:43.082 12327 12341 I art     : Explicit concurrent mark sweep GC freed 3(96B) AllocSpace objects, 0(0B) LOS objects, 40% free, 20MB/34MB, paused 127us total 10.604ms
08-04 14:13:43.266   918  3261 D WifiStateMachine: starting scan for "H369AA63323"WPA_PSK with 2412,5180
08-04 14:13:43.369 12327 12352 I art     : Starting a blocking GC Explicit
08-04 14:13:43.382 12327 12352 I art     : Explicit concurrent mark sweep GC freed 1334(78KB) AllocSpace objects, 1(20KB) LOS objects, 40% free, 20MB/34MB, paused 147us total 13.142ms
08-04 14:13:43.391 12327 12352 I art     : Starting a blocking GC Explicit
08-04 14:13:43.403 12327 12352 I art     : Explicit concurrent mark sweep GC freed 20(704B) AllocSpace objects, 0(0B) LOS objects, 40% free, 20MB/34MB, paused 131us total 11.338ms
08-04 14:13:43.411 12327 12352 I art     : Starting a blocking GC Explicit
08-04 14:13:43.423 12327 12352 I art     : Explicit concurrent mark sweep GC freed 3(96B) AllocSpace objects, 0(0B) LOS objects, 40% free, 20MB/34MB, paused 120us total 11.023ms
08-04 14:13:43.431 12327 12352 I art     : Starting a blocking GC Explicit
08-04 14:13:43.441 12327 12352 I art     : Explicit concurrent mark sweep GC freed 3(96B) AllocSpace objects, 0(0B) LOS objects, 40% free, 20MB/34MB, paused 110us total 10.288ms
08-04 14:13:43.449 12327 12352 I art     : Starting a blocking GC Explicit
08-04 14:13:43.460 12327 12352 I art     : Explicit concurrent mark sweep GC freed 3(96B) AllocSpace objects, 0(0B) LOS objects, 40% free, 20MB/34MB, paused 107us total 10.766ms
08-04 14:13:43.765 12327 12340 I art     : Starting a blocking GC Explicit
08-04 14:13:43.781 12327 12340 I art     : Explicit concurrent mark sweep GC freed 1334(78KB) AllocSpace objects, 1(20KB) LOS objects, 40% free, 20MB/34MB, paused 162us total 16.224ms
08-04 14:13:43.793 12327 12340 I art     : Starting a blocking GC Explicit
08-04 14:13:43.807 12327 12340 I art     : Explicit concurrent mark sweep GC freed 20(704B) AllocSpace objects, 0(0B) LOS objects, 40% free, 20MB/34MB, paused 155us total 13.885ms
08-04 14:13:43.819 12327 12340 I art     : Starting a blocking GC Explicit
08-04 14:13:43.832 12327 12340 I art     : Explicit concurrent mark sweep GC freed 3(96B) AllocSpace objects, 0(0B) LOS objects, 40% free, 20MB/34MB, paused 114us total 13.462ms
08-04 14:13:43.840 12327 12340 I art     : Starting a blocking GC Explicit
08-04 14:13:43.851 12327 12340 I art     : Explicit concurrent mark sweep GC freed 3(96B) AllocSpace objects, 0(0B) LOS objects, 40% free, 20MB/34MB, paused 118us total 10.287ms
08-04 14:13:43.859 12327 12340 I art     : Starting a blocking GC Explicit
08-04 14:13:43.869 12327 12340 I art     : Explicit concurrent mark sweep GC freed 3(96B) AllocSpace objects, 0(0B) LOS objects, 40% free, 20MB/34MB, paused 114us total 9.860ms
08-04 14:13:44.179 12327 12341 I art     : Starting a blocking GC Explicit
08-04 14:13:44.195 12327 12341 I art     : Explicit concurrent mark sweep GC freed 1333(78KB) AllocSpace objects, 1(20KB) LOS objects, 40% free, 20MB/34MB, paused 172us total 15.892ms
08-04 14:13:44.207 12327 12341 I art     : Starting a blocking GC Explicit
08-04 14:13:44.221 12327 12341 I art     : Explicit concurrent mark sweep GC freed 20(704B) AllocSpace objects, 0(0B) LOS objects, 40% free, 20MB/34MB, paused 141us total 13.520ms
08-04 14:13:44.232 12327 12341 I art     : Starting a blocking GC Explicit
08-04 14:13:44.243 12327 12341 I art     : Explicit concurrent mark sweep GC freed 3(96B) AllocSpace objects, 0(0B) LOS objects, 40% free, 20MB/34MB, paused 116us total 10.406ms
08-04 14:13:44.251 12327 12341 I art     : Starting a blocking GC Explicit
08-04 14:13:44.262 12327 12341 I art     : Explicit concurrent mark sweep GC freed 3(96B) AllocSpace objects, 0(0B) LOS objects, 40% free, 20MB/34MB, paused 127us total 10.786ms
08-04 14:13:44.270 12327 12341 I art     : Starting a blocking GC Explicit
08-04 14:13:44.280 12327 12341 I art     : Explicit concurrent mark sweep GC freed 3(96B) AllocSpace objects, 0(0B) LOS objects, 40% free, 20MB/34MB, paused 122us total 10.652ms
08-04 14:13:44.599 12327 12352 I art     : Starting a blocking GC Explicit
08-04 14:13:44.613 12327 12352 I art     : Explicit concurrent mark sweep GC freed 1333(78KB) AllocSpace objects, 1(20KB) LOS objects, 40% free, 20MB/34MB, paused 162us total 14.149ms
08-04 14:13:44.625 12327 12352 I art     : Starting a blocking GC Explicit
08-04 14:13:44.637 12327 12352 I art     : Explicit concurrent mark sweep GC freed 20(704B) AllocSpace objects, 0(0B) LOS objects, 40% free, 20MB/34MB, paused 155us total 11.407ms
08-04 14:13:44.645 12327 12352 I art     : Starting a blocking GC Explicit
08-04 14:13:44.656 12327 12352 I art     : Explicit concurrent mark sweep GC freed 3(96B) AllocSpace objects, 0(0B) LOS objects, 40% free, 20MB/34MB, paused 121us total 10.680ms
08-04 14:13:44.665 12327 12352 I art     : Starting a blocking GC Explicit
08-04 14:13:44.676 12327 12352 I art     : Explicit concurrent mark sweep GC freed 3(96B) AllocSpace objects, 0(0B) LOS objects, 40% free, 20MB/34MB, paused 108us total 10.778ms
08-04 14:13:44.683 12327 12352 I art     : Starting a blocking GC Explicit
08-04 14:13:44.694 12327 12352 I art     : Explicit concurrent mark sweep GC freed 3(96B) AllocSpace objects, 0(0B) LOS objects, 40% free, 20MB/34MB, paused 111us total 10.377ms
08-04 14:13:44.987 12327 12340 I art     : Starting a blocking GC Explicit
08-04 14:13:45.003 12327 12340 I art     : Explicit concurrent mark sweep GC freed 1333(78KB) AllocSpace objects, 1(20KB) LOS objects, 40% free, 20MB/34MB, paused 157us total 15.542ms
08-04 14:13:45.015 12327 12340 I art     : Starting a blocking GC Explicit
08-04 14:13:45.027 12327 12340 I art     : Explicit concurrent mark sweep GC freed 20(704B) AllocSpace objects, 0(0B) LOS objects, 40% free, 20MB/34MB, paused 254us total 11.881ms
08-04 14:13:45.035 12327 12340 I art     : Starting a blocking GC Explicit
08-04 14:13:45.046 12327 12340 I art     : Explicit concurrent mark sweep GC freed 3(96B) AllocSpace objects, 0(0B) LOS objects, 40% free, 20MB/34MB, paused 117us total 10.662ms
08-04 14:13:45.054 12327 12340 I art     : Starting a blocking GC Explicit
08-04 14:13:45.065 12327 12340 I art     : Explicit concurrent mark sweep GC freed 3(96B) AllocSpace objects, 0(0B) LOS objects, 40% free, 20MB/34MB, paused 106us total 10.454ms
08-04 14:13:45.073 12327 12340 I art     : Starting a blocking GC Explicit
08-04 14:13:45.083 12327 12340 I art     : Explicit concurrent mark sweep GC freed 3(96B) AllocSpace objects, 0(0B) LOS objects, 40% free, 20MB/34MB, paused 118us total 9.918ms
08-04 14:13:45.335 12327 12341 I art     : Starting a blocking GC Explicit
08-04 14:13:45.347 12327 12341 I art     : Explicit concurrent mark sweep GC freed 1333(78KB) AllocSpace objects, 1(20KB) LOS objects, 40% free, 20MB/34MB, paused 125us total 12.066ms
08-04 14:13:45.355 12327 12341 I art     : Starting a blocking GC Explicit
08-04 14:13:45.366 12327 12341 I art     : Explicit concurrent mark sweep GC freed 20(704B) AllocSpace objects, 0(0B) LOS objects, 40% free, 20MB/34MB, paused 129us total 10.609ms
08-04 14:13:45.375 12327 12341 I art     : Starting a blocking GC Explicit
08-04 14:13:45.385 12327 12341 I art     : Explicit concurrent mark sweep GC freed 3(96B) AllocSpace objects, 0(0B) LOS objects, 40% free, 20MB/34MB, paused 128us total 10.369ms
08-04 14:13:45.393 12327 12341 I art     : Starting a blocking GC Explicit
08-04 14:13:45.403 12327 12341 I art     : Explicit concurrent mark sweep GC freed 3(96B) AllocSpace objects, 0(0B) LOS objects, 40% free, 20MB/34MB, paused 117us total 10.270ms
08-04 14:13:45.411 12327 12341 I art     : Starting a blocking GC Explicit
08-04 14:13:45.421 12327 12341 I art     : Explicit concurrent mark sweep GC freed 3(96B) AllocSpace objects, 0(0B) LOS objects, 40% free, 20MB/34MB, paused 126us total 10.077ms
08-04 14:13:45.746 12327 12352 I art     : Starting a blocking GC Explicit
08-04 14:13:45.759 12327 12352 I art     : Explicit concurrent mark sweep GC freed 1333(78KB) AllocSpace objects, 1(20KB) LOS objects, 40% free, 20MB/34MB, paused 149us total 12.998ms
08-04 14:13:45.769 12327 12352 I art     : Starting a blocking GC Explicit
08-04 14:13:45.780 12327 12352 I art     : Explicit concurrent mark sweep GC freed 20(704B) AllocSpace objects, 0(0B) LOS objects, 40% free, 20MB/34MB, paused 128us total 10.600ms
08-04 14:13:45.788 12327 12352 I art     : Starting a blocking GC Explicit
08-04 14:13:45.800 12327 12352 I art     : Explicit concurrent mark sweep GC freed 3(96B) AllocSpace objects, 0(0B) LOS objects, 40% free, 20MB/34MB, paused 110us total 10.970ms
08-04 14:13:45.808 12327 12352 I art     : Starting a blocking GC Explicit
08-04 14:13:45.817 12327 12352 I art     : Explicit concurrent mark sweep GC freed 3(96B) AllocSpace objects, 0(0B) LOS objects, 40% free, 20MB/34MB, paused 116us total 9.670ms
08-04 14:13:45.825 12327 12352 I art     : Starting a blocking GC Explicit
08-04 14:13:45.836 12327 12352 I art     : Explicit concurrent mark sweep GC freed 3(96B) AllocSpace objects, 0(0B) LOS objects, 40% free, 20MB/34MB, paused 115us total 9.980ms
08-04 14:13:46.084 12327 12340 I art     : Starting a blocking GC Explicit
08-04 14:13:46.096 12327 12340 I art     : Explicit concurrent mark sweep GC freed 1333(78KB) AllocSpace objects, 1(20KB) LOS objects, 40% free, 20MB/34MB, paused 126us total 11.714ms
08-04 14:13:46.104 12327 12340 I art     : Starting a blocking GC Explicit
08-04 14:13:46.115 12327 12340 I art     : Explicit concurrent mark sweep GC freed 20(704B) AllocSpace objects, 0(0B) LOS objects, 40% free, 20MB/34MB, paused 113us total 11.082ms
08-04 14:13:46.123 12327 12340 I art     : Starting a blocking GC Explicit
08-04 14:13:46.133 12327 12340 I art     : Explicit concurrent mark sweep GC freed 3(96B) AllocSpace objects, 0(0B) LOS objects, 40% free, 20MB/34MB, paused 118us total 10.229ms
08-04 14:13:46.141 12327 12340 I art     : Starting a blocking GC Explicit
08-04 14:13:46.151 12327 12340 I art     : Explicit concurrent mark sweep GC freed 3(96B) AllocSpace objects, 0(0B) LOS objects, 40% free, 20MB/34MB, paused 110us total 10.080ms
08-04 14:13:46.160 12327 12340 I art     : Starting a blocking GC Explicit
08-04 14:13:46.170 12327 12340 I art     : Explicit concurrent mark sweep GC freed 3(96B) AllocSpace objects, 0(0B) LOS objects, 40% free, 20MB/34MB, paused 113us total 9.939ms
08-04 14:13:46.341 12525 12525 D AndroidRuntime: >>>>>> START com.android.internal.os.RuntimeInit uid 2000 <<<<<<
08-04 14:13:46.347 12525 12525 D AndroidRuntime: CheckJNI is OFF
08-04 14:13:46.373 12525 12525 D ICU     : No timezone override file found: /data/misc/zoneinfo/current/icu/icu_tzdata.dat
08-04 14:13:46.398 12525 12525 I Radio-JNI: register_android_hardware_Radio DONE
08-04 14:13:46.414 12525 12525 D AndroidRuntime: Calling main entry com.android.commands.input.Input
08-04 14:13:46.415 12525 12525 I Input   : injectMotionEvent: MotionEvent { action=ACTION_DOWN, actionButton=0, id[0]=0, x[0]=720.0, y[0]=1440.0, toolType[0]=TOOL_TYPE_UNKNOWN, buttonState=0, metaState=0, flags=0x0, edgeFlags=0x0, pointerCount=1, historySize=0, eventTime=713642828, downTime=713642828, deviceId=0, source=0x1002 }
08-04 14:13:46.420 12525 12525 I Input   : injectMotionEvent: MotionEvent { action=ACTION_UP, actionButton=0, id[0]=0, x[0]=720.0, y[0]=1440.0, toolType[0]=TOOL_TYPE_UNKNOWN, buttonState=0, metaState=0, flags=0x0, edgeFlags=0x0, pointerCount=1, historySize=0, eventTime=713642828, downTime=713642828, deviceId=0, source=0x1002 }
08-04 14:13:46.421 12525 12525 D AndroidRuntime: Shutting down VM
08-04 14:13:46.435   512  2967 D audio_hw_primary: out_set_parameters: enter: usecase(1: low-latency-playback) kvpairs: routing=2
08-04 14:13:46.448 13866 13866 I GoogleInputMethodServic: GoogleInputMethodService.onFinishInput():3138 
08-04 14:13:46.448   512  2967 D audio_hw_primary: select_devices: out_snd_device(2: speaker) in_snd_device(0: none)
08-04 14:13:46.448   512  2967 D msm8974_platform: platform_send_audio_calibration: sending audio calibration for snd_device(2) acdb_id(15)
08-04 14:13:46.448   512  2967 I soundtrigger: audio_extn_sound_trigger_update_device_status: device 0x2 of type 0 for Event 1
08-04 14:13:46.448 13866 13866 I GoogleInputMethodServic: GoogleInputMethodService.onStartInput():1808 
08-04 14:13:46.451 12327 12341 I art     : Starting a blocking GC Explicit
08-04 14:13:46.463   512  2967 D audio_hw_primary: enable_snd_device: snd_device(2: speaker)
08-04 14:13:46.465 12327 12341 I art     : Explicit concurrent mark sweep GC freed 1448(82KB) AllocSpace objects, 1(20KB) LOS objects, 40% free, 20MB/34MB, paused 144us total 13.909ms
08-04 14:13:46.465   512  2967 D audio_hw_primary: enable_audio_route: apply and update mixer path: low-latency-playback speaker
08-04 14:13:46.474 12327 12341 I art     : Starting a blocking GC Explicit
08-04 14:13:46.483 12327 12341 I art     : Explicit concurrent mark sweep GC freed 991(69KB) AllocSpace objects, 1(76KB) LOS objects, 40% free, 20MB/34MB, paused 107us total 9.137ms
08-04 14:13:46.491 12327 12341 I art     : Starting a blocking GC Explicit
08-04 14:13:46.500 12327 12341 I art     : Explicit concurrent mark sweep GC freed 3(96B) AllocSpace objects, 0(0B) LOS objects, 40% free, 20MB/34MB, paused 110us total 9.343ms
08-04 14:13:46.508 12327 12341 I art     : Starting a blocking GC Explicit
08-04 14:13:46.517 12327 12341 I art     : Explicit concurrent mark sweep GC freed 3(96B) AllocSpace objects, 0(0B) LOS objects, 40% free, 20MB/34MB, paused 342us total 9.599ms
08-04 14:13:46.525 12327 12341 I art     : Starting a blocking GC Explicit
08-04 14:13:46.535 12327 12341 I art     : Explicit concurrent mark sweep GC freed 3(96B) AllocSpace objects, 0(0B) LOS objects, 40% free, 20MB/34MB, paused 116us total 10.121ms
08-04 14:13:46.647   380   380 W SurfaceFlinger: couldn't log to binary event log: overflow.
08-04 14:13:46.746 12327 12352 I art     : Starting a blocking GC Explicit
08-04 14:13:46.757 12327 12352 I art     : Explicit concurrent mark sweep GC freed 1333(78KB) AllocSpace objects, 1(20KB) LOS objects, 40% free, 20MB/34MB, paused 189us total 10.342ms
08-04 14:13:46.765 12327 12352 I art     : Starting a blocking GC Explicit
08-04 14:13:46.775 12327 12352 I art     : Explicit concurrent mark sweep GC freed 20(704B) AllocSpace objects, 0(0B) LOS objects, 40% free, 20MB/34MB, paused 119us total 10.418ms
08-04 14:13:46.784 12327 12352 I art     : Starting a blocking GC Explicit
08-04 14:13:46.794 12327 12352 I art     : Explicit concurrent mark sweep GC freed 3(96B) AllocSpace objects, 0(0B) LOS objects, 40% free, 20MB/34MB, paused 125us total 10.225ms
08-04 14:13:46.802 12327 12352 I art     : Starting a blocking GC Explicit
08-04 14:13:46.813 12327 12352 I art     : Explicit concurrent mark sweep GC freed 3(96B) AllocSpace objects, 0(0B) LOS objects, 40% free, 20MB/34MB, paused 120us total 10.233ms
08-04 14:13:46.821 12327 12352 I art     : Starting a blocking GC Explicit
08-04 14:13:46.831 12327 12352 I art     : Explicit concurrent mark sweep GC freed 3(96B) AllocSpace objects, 0(0B) LOS objects, 40% free, 20MB/34MB, paused 123us total 10.046ms
08-04 14:13:46.987 12554 12554 D AndroidRuntime: >>>>>> START com.android.internal.os.RuntimeInit uid 2000 <<<<<<
08-04 14:13:46.991 12554 12554 D AndroidRuntime: CheckJNI is OFF
08-04 14:13:47.008   512  2967 D audio_hw_primary: disable_audio_route: reset and update mixer path: low-latency-playback speaker
08-04 14:13:47.009   512  2967 D audio_hw_primary: disable_snd_device: snd_device(2: speaker)
08-04 14:13:47.017   512  2967 I soundtrigger: audio_extn_sound_trigger_update_device_status: device 0x2 of type 0 for Event 0
08-04 14:13:47.018 12554 12554 D ICU     : No timezone override file found: /data/misc/zoneinfo/current/icu/icu_tzdata.dat
08-04 14:13:47.041 12554 12554 I Radio-JNI: register_android_hardware_Radio DONE
08-04 14:13:47.058 12554 12554 D AndroidRuntime: Calling main entry com.android.commands.input.Input
08-04 14:13:47.059 12554 12554 I Input   : injectMotionEvent: MotionEvent { action=ACTION_DOWN, actionButton=0, id[0]=0, x[0]=1345.0, y[0]=165.0, toolType[0]=TOOL_TYPE_UNKNOWN, buttonState=0, metaState=0, flags=0x0, edgeFlags=0x0, pointerCount=1, historySize=0, eventTime=713643472, downTime=713643472, deviceId=0, source=0x1002 }
08-04 14:13:47.063 12554 12554 I Input   : injectMotionEvent: MotionEvent { action=ACTION_UP, actionButton=0, id[0]=0, x[0]=1345.0, y[0]=165.0, toolType[0]=TOOL_TYPE_UNKNOWN, buttonState=0, metaState=0, flags=0x0, edgeFlags=0x0, pointerCount=1, historySize=0, eventTime=713643472, downTime=713643472, deviceId=0, source=0x1002 }
08-04 14:13:47.066 12554 12554 D AndroidRuntime: Shutting down VM
08-04 14:13:47.076 12327 12341 I art     : Starting a blocking GC Explicit
08-04 14:13:47.083   512  2967 D audio_hw_primary: out_set_parameters: enter: usecase(1: low-latency-playback) kvpairs: routing=2
08-04 14:13:47.085 12327 12327 W art     : Before Android 4.1, method int androidx.appcompat.widget.DropDownListView.lookForSelectablePosition(int, boolean) would have incorrectly overridden the package-private method in android.widget.ListView
08-04 14:13:47.089 12327 12341 I art     : Explicit concurrent mark sweep GC freed 1385(95KB) AllocSpace objects, 1(20KB) LOS objects, 40% free, 20MB/34MB, paused 211us total 13.149ms
08-04 14:13:47.090 12327 12327 W art     : Before Android 4.1, method int androidx.appcompat.widget.MenuPopupWindow$MenuDropDownListView.lookForSelectablePosition(int, boolean) would have incorrectly overridden the package-private method in android.widget.ListView
08-04 14:13:47.091 12327 12327 I ListPopupWindow: Could not find method setEpicenterBounds(Rect) on PopupWindow. Oh well.
08-04 14:13:47.096   512  2967 D audio_hw_primary: select_devices: out_snd_device(2: speaker) in_snd_device(0: none)
08-04 14:13:47.096   512  2967 D msm8974_platform: platform_send_audio_calibration: sending audio calibration for snd_device(2) acdb_id(15)
08-04 14:13:47.097   512  2967 I soundtrigger: audio_extn_sound_trigger_update_device_status: device 0x2 of type 0 for Event 1
08-04 14:13:47.098 12327 12341 I art     : Starting a blocking GC Explicit
08-04 14:13:47.106   512  2967 D audio_hw_primary: enable_snd_device: snd_device(2: speaker)
08-04 14:13:47.108   512  2967 D audio_hw_primary: enable_audio_route: apply and update mixer path: low-latency-playback speaker
08-04 14:13:47.110 12327 12341 I art     : Explicit concurrent mark sweep GC freed 396(88KB) AllocSpace objects, 0(0B) LOS objects, 40% free, 20MB/34MB, paused 378us total 11.629ms
08-04 14:13:47.118 12327 12341 I art     : Starting a blocking GC Explicit
08-04 14:13:47.128 12327 12341 I art     : Explicit concurrent mark sweep GC freed 265(31KB) AllocSpace objects, 0(0B) LOS objects, 40% free, 20MB/34MB, paused 135us total 10.216ms
08-04 14:13:47.137 12327 12341 I art     : Starting a blocking GC Explicit
08-04 14:13:47.148 12327 12341 I art     : Explicit concurrent mark sweep GC freed 199(9KB) AllocSpace objects, 0(0B) LOS objects, 40% free, 20MB/34MB, paused 390us total 11.207ms
08-04 14:13:47.149   512  2967 D AudioFlinger: mixer(0xf4740000) throttle end: throttle time(12)
08-04 14:13:47.156 12327 12341 I art     : Starting a blocking GC Explicit
08-04 14:13:47.167 12327 12341 I art     : Explicit concurrent mark sweep GC freed 144(10KB) AllocSpace objects, 0(0B) LOS objects, 40% free, 20MB/34MB, paused 144us total 10.565ms
08-04 14:13:47.387 12327 12352 I art     : Starting a blocking GC Explicit
08-04 14:13:47.403 12327 12352 I art     : Explicit concurrent mark sweep GC freed 1870(104KB) AllocSpace objects, 1(20KB) LOS objects, 40% free, 20MB/34MB, paused 154us total 15.926ms
08-04 14:13:47.412 12327 12352 I art     : Starting a blocking GC Explicit
08-04 14:13:47.423 12327 12352 I art     : Explicit concurrent mark sweep GC freed 581(37KB) AllocSpace objects, 0(0B) LOS objects, 40% free, 20MB/34MB, paused 186us total 10.739ms
08-04 14:13:47.431 12327 12352 I art     : Starting a blocking GC Explicit
08-04 14:13:47.442 12327 12352 I art     : Explicit concurrent mark sweep GC freed 3(96B) AllocSpace objects, 0(0B) LOS objects, 40% free, 20MB/34MB, paused 120us total 11.110ms
08-04 14:13:47.450 12327 12352 I art     : Starting a blocking GC Explicit
08-04 14:13:47.461 12327 12352 I art     : Explicit concurrent mark sweep GC freed 9(288B) AllocSpace objects, 0(0B) LOS objects, 40% free, 20MB/34MB, paused 112us total 10.938ms
08-04 14:13:47.469 12327 12352 I art     : Starting a blocking GC Explicit
08-04 14:13:47.479 12327 12352 I art     : Explicit concurrent mark sweep GC freed 3(96B) AllocSpace objects, 0(0B) LOS objects, 40% free, 20MB/34MB, paused 117us total 9.918ms
08-04 14:13:47.606 12587 12587 D AndroidRuntime: >>>>>> START com.android.internal.os.RuntimeInit uid 2000 <<<<<<
08-04 14:13:47.610 12587 12587 D AndroidRuntime: CheckJNI is OFF
08-04 14:13:47.634 12587 12587 D ICU     : No timezone override file found: /data/misc/zoneinfo/current/icu/icu_tzdata.dat
08-04 14:13:47.649   512  2967 D audio_hw_primary: disable_audio_route: reset and update mixer path: low-latency-playback speaker
08-04 14:13:47.651   512  2967 D audio_hw_primary: disable_snd_device: snd_device(2: speaker)
08-04 14:13:47.658 12587 12587 I Radio-JNI: register_android_hardware_Radio DONE
08-04 14:13:47.659   512  2967 I soundtrigger: audio_extn_sound_trigger_update_device_status: device 0x2 of type 0 for Event 0
08-04 14:13:47.673 12587 12587 D AndroidRuntime: Calling main entry com.android.commands.input.Input
08-04 14:13:47.675 12587 12587 I Input   : injectMotionEvent: MotionEvent { action=ACTION_DOWN, actionButton=0, id[0]=0, x[0]=940.0, y[0]=501.0, toolType[0]=TOOL_TYPE_UNKNOWN, buttonState=0, metaState=0, flags=0x0, edgeFlags=0x0, pointerCount=1, historySize=0, eventTime=713644088, downTime=713644088, deviceId=0, source=0x1002 }
08-04 14:13:47.679 12587 12587 I Input   : injectMotionEvent: MotionEvent { action=ACTION_UP, actionButton=0, id[0]=0, x[0]=940.0, y[0]=501.0, toolType[0]=TOOL_TYPE_UNKNOWN, buttonState=0, metaState=0, flags=0x0, edgeFlags=0x0, pointerCount=1, historySize=0, eventTime=713644088, downTime=713644088, deviceId=0, source=0x1002 }
08-04 14:13:47.686 12587 12587 D AndroidRuntime: Shutting down VM
08-04 14:13:47.728 12327 12352 I art     : Starting a blocking GC Explicit
08-04 14:13:47.741 12327 12352 I art     : Explicit concurrent mark sweep GC freed 1353(78KB) AllocSpace objects, 1(20KB) LOS objects, 40% free, 20MB/34MB, paused 119us total 13.404ms
08-04 14:13:47.749   918  3714 I ActivityManager: START u0 {cmp=baseline.org.quantumbadger.redreader/.settings.SettingsActivity} from uid 10666 on display 0
08-04 14:13:47.749 12327 12352 I art     : Starting a blocking GC Explicit
08-04 14:13:47.750   512  2967 D audio_hw_primary: out_set_parameters: enter: usecase(1: low-latency-playback) kvpairs: routing=2
08-04 14:13:47.761 13866 13866 I GoogleInputMethodServic: GoogleInputMethodService.onFinishInput():3138 
08-04 14:13:47.761 12327 12352 I art     : Explicit concurrent mark sweep GC freed 80(15KB) AllocSpace objects, 0(0B) LOS objects, 40% free, 20MB/34MB, paused 213us total 11.660ms
08-04 14:13:47.761 13866 13866 I GoogleInputMethodServic: GoogleInputMethodService.onStartInput():1808 
08-04 14:13:47.763   512  2967 D audio_hw_primary: select_devices: out_snd_device(2: speaker) in_snd_device(0: none)
08-04 14:13:47.764   512  2967 D msm8974_platform: platform_send_audio_calibration: sending audio calibration for snd_device(2) acdb_id(15)
08-04 14:13:47.764   512  2967 I soundtrigger: audio_extn_sound_trigger_update_device_status: device 0x2 of type 0 for Event 1
08-04 14:13:47.771 12327 12352 I art     : Starting a blocking GC Explicit
08-04 14:13:47.777   512  2967 D audio_hw_primary: enable_snd_device: snd_device(2: speaker)
08-04 14:13:47.779   512  2967 D audio_hw_primary: enable_audio_route: apply and update mixer path: low-latency-playback speaker
08-04 14:13:47.783 12327 12352 I art     : Explicit concurrent mark sweep GC freed 429(32KB) AllocSpace objects, 0(0B) LOS objects, 40% free, 20MB/34MB, paused 214us total 11.856ms
08-04 14:13:47.791 12327 12352 I art     : Starting a blocking GC Explicit
08-04 14:13:47.803 12327 12352 I art     : Explicit concurrent mark sweep GC freed 464(94KB) AllocSpace objects, 0(0B) LOS objects, 40% free, 21MB/35MB, paused 287us total 11.482ms
08-04 14:13:47.811 12327 12352 I art     : Starting a blocking GC Explicit
08-04 14:13:47.822 12327 12352 I art     : Explicit concurrent mark sweep GC freed 394(35KB) AllocSpace objects, 0(0B) LOS objects, 40% free, 21MB/35MB, paused 137us total 11.140ms
08-04 14:13:47.825   512  2967 D AudioFlinger: mixer(0xf4740000) throttle end: throttle time(12)
08-04 14:13:47.895 13866 13866 I GoogleInputMethodServic: GoogleInputMethodService.onFinishInput():3138 
08-04 14:13:47.895   918   936 I ActivityManager: Displayed baseline.org.quantumbadger.redreader/.settings.SettingsActivity: +130ms
08-04 14:13:47.896 13866 13866 I GoogleInputMethodServic: GoogleInputMethodService.onStartInput():1808 
08-04 14:13:47.925 12327 12347 D OpenGLRenderer: endAllStagingAnimators on 0x7f800cb000 (MenuPopupWindow$MenuDropDownListView) with handle 0x7f7f03f100
08-04 14:13:48.045 12327 12340 I art     : Starting a blocking GC Explicit
08-04 14:13:48.058 12327 12340 I art     : Explicit concurrent mark sweep GC freed 1916(105KB) AllocSpace objects, 1(20KB) LOS objects, 40% free, 21MB/35MB, paused 137us total 12.809ms
08-04 14:13:48.066 12327 12340 I art     : Starting a blocking GC Explicit
08-04 14:13:48.080 12327 12340 I art     : Explicit concurrent mark sweep GC freed 121(4KB) AllocSpace objects, 0(0B) LOS objects, 40% free, 21MB/35MB, paused 137us total 13.694ms
08-04 14:13:48.090 12327 12340 I art     : Starting a blocking GC Explicit
08-04 14:13:48.104 12327 12340 I art     : Explicit concurrent mark sweep GC freed 104(4KB) AllocSpace objects, 0(0B) LOS objects, 40% free, 21MB/35MB, paused 132us total 14.276ms
08-04 14:13:48.113 12327 12340 I art     : Starting a blocking GC Explicit
08-04 14:13:48.126 12327 12340 I art     : Explicit concurrent mark sweep GC freed 3(96B) AllocSpace objects, 0(0B) LOS objects, 40% free, 21MB/35MB, paused 140us total 13.334ms
08-04 14:13:48.136 12327 12340 I art     : Starting a blocking GC Explicit
08-04 14:13:48.149   380   380 W SurfaceFlinger: couldn't log to binary event log: overflow.
08-04 14:13:48.150 12327 12340 I art     : Explicit concurrent mark sweep GC freed 3(96B) AllocSpace objects, 0(0B) LOS objects, 40% free, 21MB/35MB, paused 119us total 13.206ms
08-04 14:13:48.239 12620 12620 D AndroidRuntime: >>>>>> START com.android.internal.os.RuntimeInit uid 2000 <<<<<<
08-04 14:13:48.242 12620 12620 D AndroidRuntime: CheckJNI is OFF
08-04 14:13:48.266 12620 12620 D ICU     : No timezone override file found: /data/misc/zoneinfo/current/icu/icu_tzdata.dat
08-04 14:13:48.288 12620 12620 I Radio-JNI: register_android_hardware_Radio DONE
08-04 14:13:48.303 12620 12620 D AndroidRuntime: Calling main entry com.android.commands.input.Input
08-04 14:13:48.304 12620 12620 I Input   : injectMotionEvent: MotionEvent { action=ACTION_DOWN, actionButton=0, id[0]=0, x[0]=216.0, y[0]=853.0, toolType[0]=TOOL_TYPE_UNKNOWN, buttonState=0, metaState=0, flags=0x0, edgeFlags=0x0, pointerCount=1, historySize=0, eventTime=713644717, downTime=713644717, deviceId=0, source=0x1002 }
08-04 14:13:48.308 12620 12620 I Input   : injectMotionEvent: MotionEvent { action=ACTION_UP, actionButton=0, id[0]=0, x[0]=216.0, y[0]=853.0, toolType[0]=TOOL_TYPE_UNKNOWN, buttonState=0, metaState=0, flags=0x0, edgeFlags=0x0, pointerCount=1, historySize=0, eventTime=713644717, downTime=713644717, deviceId=0, source=0x1002 }
08-04 14:13:48.310 12620 12620 D AndroidRuntime: Shutting down VM
08-04 14:13:48.318   512  2967 D audio_hw_primary: disable_audio_route: reset and update mixer path: low-latency-playback speaker
08-04 14:13:48.319   512  2967 D audio_hw_primary: disable_snd_device: snd_device(2: speaker)
08-04 14:13:48.329   512  2967 I soundtrigger: audio_extn_sound_trigger_update_device_status: device 0x2 of type 0 for Event 0
08-04 14:13:48.376   512  2967 D audio_hw_primary: out_set_parameters: enter: usecase(1: low-latency-playback) kvpairs: routing=2
08-04 14:13:48.376   918  5481 I ActivityManager: START u0 {act=android.intent.action.MAIN cmp=baseline.org.quantumbadger.redreader/.settings.SettingsActivity (has extras)} from uid 10666 on display 0
08-04 14:13:48.385 12327 12340 I art     : Starting a blocking GC Explicit
08-04 14:13:48.389   512  2967 D audio_hw_primary: select_devices: out_snd_device(2: speaker) in_snd_device(0: none)
08-04 14:13:48.389   512  2967 D msm8974_platform: platform_send_audio_calibration: sending audio calibration for snd_device(2) acdb_id(15)
08-04 14:13:48.389   512  2967 I soundtrigger: audio_extn_sound_trigger_update_device_status: device 0x2 of type 0 for Event 1
08-04 14:13:48.398 12327 12340 I art     : Explicit concurrent mark sweep GC freed 1860(108KB) AllocSpace objects, 1(20KB) LOS objects, 40% free, 21MB/35MB, paused 235us total 12.717ms
08-04 14:13:48.403   512  2967 D audio_hw_primary: enable_snd_device: snd_device(2: speaker)
08-04 14:13:48.406   512  2967 D audio_hw_primary: enable_audio_route: apply and update mixer path: low-latency-playback speaker
08-04 14:13:48.406 12327 12340 I art     : Starting a blocking GC Explicit
08-04 14:13:48.408   918  3188 I hubconnection: sensorhub said: 'set_bias 3: -6.2400, 0.0000, 0.0000'
08-04 14:13:48.420 12327 12340 I art     : Explicit concurrent mark sweep GC freed 449(74KB) AllocSpace objects, 1(20KB) LOS objects, 40% free, 21MB/35MB, paused 292us total 13.463ms
08-04 14:13:48.429 12327 12340 I art     : Starting a blocking GC Explicit
08-04 14:13:48.443 12327 12340 I art     : Explicit concurrent mark sweep GC freed 593(44KB) AllocSpace objects, 0(0B) LOS objects, 40% free, 21MB/35MB, paused 147us total 13.592ms
08-04 14:13:48.448   512  2967 D AudioFlinger: mixer(0xf4740000) throttle end: throttle time(12)
08-04 14:13:48.451 12327 12340 I art     : Starting a blocking GC Explicit
08-04 14:13:48.463 12327 12340 I art     : Explicit concurrent mark sweep GC freed 65(2944B) AllocSpace objects, 0(0B) LOS objects, 40% free, 21MB/35MB, paused 123us total 12.630ms
08-04 14:13:48.472 12327 12340 I art     : Starting a blocking GC Explicit
08-04 14:13:48.485 12327 12340 I art     : Explicit concurrent mark sweep GC freed 917(65KB) AllocSpace objects, 0(0B) LOS objects, 40% free, 21MB/36MB, paused 421us total 13.400ms
08-04 14:13:48.660 13866 13866 I GoogleInputMethodServic: GoogleInputMethodService.onFinishInput():3138 
08-04 14:13:48.661   918   936 I ActivityManager: Displayed baseline.org.quantumbadger.redreader/.settings.SettingsActivity: +274ms
08-04 14:13:48.661 13866 13866 I GoogleInputMethodServic: GoogleInputMethodService.onStartInput():1808 
08-04 14:13:48.691 12327 12347 D OpenGLRenderer: endAllStagingAnimators on 0x7f8065c800 (ListView) with handle 0x7f8035d380
08-04 14:13:48.721 12327 12340 I art     : Starting a blocking GC Explicit
08-04 14:13:48.740 12327 12340 I art     : Explicit concurrent mark sweep GC freed 77873(3MB) AllocSpace objects, 1(20KB) LOS objects, 40% free, 22MB/37MB, paused 148us total 19.331ms
08-04 14:13:48.749 12327 12340 I art     : Starting a blocking GC Explicit
08-04 14:13:48.763 12327 12340 I art     : Explicit concurrent mark sweep GC freed 1896(177KB) AllocSpace objects, 0(0B) LOS objects, 40% free, 22MB/36MB, paused 128us total 13.995ms
08-04 14:13:48.772 12327 12340 I art     : Starting a blocking GC Explicit
08-04 14:13:48.788 12327 12340 I art     : Explicit concurrent mark sweep GC freed 832(57KB) AllocSpace objects, 0(0B) LOS objects, 40% free, 22MB/36MB, paused 140us total 16.068ms
08-04 14:13:48.797 12327 12340 I art     : Starting a blocking GC Explicit
08-04 14:13:48.812 12327 12340 I art     : Explicit concurrent mark sweep GC freed 3(96B) AllocSpace objects, 0(0B) LOS objects, 40% free, 22MB/36MB, paused 144us total 14.713ms
08-04 14:13:48.822 12327 12340 I art     : Starting a blocking GC Explicit
08-04 14:13:48.837 12327 12340 I art     : Explicit concurrent mark sweep GC freed 59(2448B) AllocSpace objects, 0(0B) LOS objects, 40% free, 22MB/36MB, paused 122us total 15.736ms
08-04 14:13:48.847 12653 12653 D AndroidRuntime: >>>>>> START com.android.internal.os.RuntimeInit uid 2000 <<<<<<
08-04 14:13:48.852 12653 12653 D AndroidRuntime: CheckJNI is OFF
08-04 14:13:48.875 12653 12653 D ICU     : No timezone override file found: /data/misc/zoneinfo/current/icu/icu_tzdata.dat
08-04 14:13:48.899   380   380 W SurfaceFlinger: couldn't log to binary event log: overflow.
08-04 14:13:48.904 12653 12653 I Radio-JNI: register_android_hardware_Radio DONE
08-04 14:13:48.921 12653 12653 D AndroidRuntime: Calling main entry com.android.commands.input.Input
08-04 14:13:48.922 12653 12653 I Input   : injectMotionEvent: MotionEvent { action=ACTION_DOWN, actionButton=0, id[0]=0, x[0]=1318.0, y[0]=1194.0, toolType[0]=TOOL_TYPE_UNKNOWN, buttonState=0, metaState=0, flags=0x0, edgeFlags=0x0, pointerCount=1, historySize=0, eventTime=713645335, downTime=713645335, deviceId=0, source=0x1002 }
08-04 14:13:48.927 12653 12653 I Input   : injectMotionEvent: MotionEvent { action=ACTION_UP, actionButton=0, id[0]=0, x[0]=1318.0, y[0]=1194.0, toolType[0]=TOOL_TYPE_UNKNOWN, buttonState=0, metaState=0, flags=0x0, edgeFlags=0x0, pointerCount=1, historySize=0, eventTime=713645335, downTime=713645335, deviceId=0, source=0x1002 }
08-04 14:13:48.929 12653 12653 D AndroidRuntime: Shutting down VM
08-04 14:13:48.938   512  2967 D audio_hw_primary: disable_audio_route: reset and update mixer path: low-latency-playback speaker
08-04 14:13:48.939   512  2967 D audio_hw_primary: disable_snd_device: snd_device(2: speaker)
08-04 14:13:48.947   512  2967 I soundtrigger: audio_extn_sound_trigger_update_device_status: device 0x2 of type 0 for Event 0
08-04 14:13:48.996   512  2967 D audio_hw_primary: out_set_parameters: enter: usecase(1: low-latency-playback) kvpairs: routing=2
08-04 14:13:49.009   512  2967 D audio_hw_primary: select_devices: out_snd_device(2: speaker) in_snd_device(0: none)
08-04 14:13:49.010   512  2967 D msm8974_platform: platform_send_audio_calibration: sending audio calibration for snd_device(2) acdb_id(15)
08-04 14:13:49.010   512  2967 I soundtrigger: audio_extn_sound_trigger_update_device_status: device 0x2 of type 0 for Event 1
08-04 14:13:49.023   512  2967 D audio_hw_primary: enable_snd_device: snd_device(2: speaker)
08-04 14:13:49.026   512  2967 D audio_hw_primary: enable_audio_route: apply and update mixer path: low-latency-playback speaker
08-04 14:13:49.069   512  2967 D AudioFlinger: mixer(0xf4740000) throttle end: throttle time(12)
08-04 14:13:49.108 12327 12352 I art     : Starting a blocking GC Explicit
08-04 14:13:49.130 12327 12352 I art     : Explicit concurrent mark sweep GC freed 2039(124KB) AllocSpace objects, 2(40KB) LOS objects, 40% free, 22MB/36MB, paused 161us total 21.853ms
08-04 14:13:49.140 12327 12352 I art     : Starting a blocking GC Explicit
08-04 14:13:49.155 12327 12352 I art     : Explicit concurrent mark sweep GC freed 74(2928B) AllocSpace objects, 0(0B) LOS objects, 40% free, 22MB/36MB, paused 114us total 13.940ms
08-04 14:13:49.164 12327 12352 I art     : Starting a blocking GC Explicit
08-04 14:13:49.178 12327 12352 I art     : Explicit concurrent mark sweep GC freed 22(880B) AllocSpace objects, 0(0B) LOS objects, 40% free, 22MB/36MB, paused 128us total 14.346ms
08-04 14:13:49.186 12327 12352 I art     : Starting a blocking GC Explicit
08-04 14:13:49.200 12327 12352 I art     : Explicit concurrent mark sweep GC freed 49(2192B) AllocSpace objects, 0(0B) LOS objects, 40% free, 22MB/36MB, paused 203us total 13.848ms
08-04 14:13:49.201 12327 12339 I art     : WaitForGcToComplete blocked for 5.720ms for cause HeapTrim
08-04 14:13:49.209 12327 12352 I art     : Starting a blocking GC Explicit
08-04 14:13:49.222 12327 12352 I art     : Explicit concurrent mark sweep GC freed 25(1056B) AllocSpace objects, 0(0B) LOS objects, 40% free, 22MB/36MB, paused 120us total 13.197ms
08-04 14:13:49.448 12686 12686 D AndroidRuntime: >>>>>> START com.android.internal.os.RuntimeInit uid 2000 <<<<<<
08-04 14:13:49.451 12686 12686 D AndroidRuntime: CheckJNI is OFF
08-04 14:13:49.456 12327 12340 I art     : Starting a blocking GC Explicit
08-04 14:13:49.470 12327 12340 I art     : Explicit concurrent mark sweep GC freed 1433(81KB) AllocSpace objects, 1(20KB) LOS objects, 40% free, 22MB/36MB, paused 124us total 14.143ms
08-04 14:13:49.478 12686 12686 D ICU     : No timezone override file found: /data/misc/zoneinfo/current/icu/icu_tzdata.dat
08-04 14:13:49.478 12327 12340 I art     : Starting a blocking GC Explicit
08-04 14:13:49.492 12327 12340 I art     : Explicit concurrent mark sweep GC freed 63(2128B) AllocSpace objects, 0(0B) LOS objects, 40% free, 22MB/36MB, paused 128us total 13.864ms
08-04 14:13:49.501 12327 12340 I art     : Starting a blocking GC Explicit
08-04 14:13:49.502 12686 12686 I Radio-JNI: register_android_hardware_Radio DONE
08-04 14:13:49.514 12327 12340 I art     : Explicit concurrent mark sweep GC freed 11(400B) AllocSpace objects, 0(0B) LOS objects, 40% free, 22MB/36MB, paused 119us total 13.448ms
08-04 14:13:49.518 12686 12686 D AndroidRuntime: Calling main entry com.android.commands.input.Input
08-04 14:13:49.519 12686 12686 I Input   : injectMotionEvent: MotionEvent { action=ACTION_DOWN, actionButton=0, id[0]=0, x[0]=1309.0, y[0]=1701.0, toolType[0]=TOOL_TYPE_UNKNOWN, buttonState=0, metaState=0, flags=0x0, edgeFlags=0x0, pointerCount=1, historySize=0, eventTime=713645932, downTime=713645932, deviceId=0, source=0x1002 }
08-04 14:13:49.522 12327 12340 I art     : Starting a blocking GC Explicit
08-04 14:13:49.523 12686 12686 I Input   : injectMotionEvent: MotionEvent { action=ACTION_UP, actionButton=0, id[0]=0, x[0]=1309.0, y[0]=1701.0, toolType[0]=TOOL_TYPE_UNKNOWN, buttonState=0, metaState=0, flags=0x0, edgeFlags=0x0, pointerCount=1, historySize=0, eventTime=713645932, downTime=713645932, deviceId=0, source=0x1002 }
08-04 14:13:49.525 12686 12686 D AndroidRuntime: Shutting down VM
08-04 14:13:49.537 12327 12340 I art     : Explicit concurrent mark sweep GC freed 74(3040B) AllocSpace objects, 0(0B) LOS objects, 40% free, 22MB/36MB, paused 160us total 14.515ms
08-04 14:13:49.545 12327 12340 I art     : Starting a blocking GC Explicit
08-04 14:13:49.559 12327 12340 I art     : Explicit concurrent mark sweep GC freed 44(1792B) AllocSpace objects, 0(0B) LOS objects, 40% free, 22MB/36MB, paused 115us total 13.006ms
08-04 14:13:49.559   512  2967 D audio_hw_primary: disable_audio_route: reset and update mixer path: low-latency-playback speaker
08-04 14:13:49.560   512  2967 D audio_hw_primary: disable_snd_device: snd_device(2: speaker)
08-04 14:13:49.570   512  2967 I soundtrigger: audio_extn_sound_trigger_update_device_status: device 0x2 of type 0 for Event 0
08-04 14:13:49.592   512  2967 D audio_hw_primary: out_set_parameters: enter: usecase(1: low-latency-playback) kvpairs: routing=2
08-04 14:13:49.605   512  2967 D audio_hw_primary: select_devices: out_snd_device(2: speaker) in_snd_device(0: none)
08-04 14:13:49.605   512  2967 D msm8974_platform: platform_send_audio_calibration: sending audio calibration for snd_device(2) acdb_id(15)
08-04 14:13:49.606   512  2967 I soundtrigger: audio_extn_sound_trigger_update_device_status: device 0x2 of type 0 for Event 1
08-04 14:13:49.615   512  2967 D audio_hw_primary: enable_snd_device: snd_device(2: speaker)
08-04 14:13:49.618   512  2967 D audio_hw_primary: enable_audio_route: apply and update mixer path: low-latency-playback speaker
08-04 14:13:49.660   512  2967 D AudioFlinger: mixer(0xf4740000) throttle end: throttle time(12)
08-04 14:13:49.812 12327 12341 I art     : Starting a blocking GC Explicit
08-04 14:13:49.828 12327 12341 I art     : Explicit concurrent mark sweep GC freed 2096(127KB) AllocSpace objects, 2(40KB) LOS objects, 40% free, 22MB/37MB, paused 139us total 15.170ms
08-04 14:13:49.836 12327 12341 I art     : Starting a blocking GC Explicit
08-04 14:13:49.850 12327 12341 I art     : Explicit concurrent mark sweep GC freed 71(2640B) AllocSpace objects, 0(0B) LOS objects, 40% free, 22MB/37MB, paused 222us total 14.245ms
08-04 14:13:49.859 12327 12341 I art     : Starting a blocking GC Explicit
08-04 14:13:49.873 12327 12341 I art     : Explicit concurrent mark sweep GC freed 16(608B) AllocSpace objects, 0(0B) LOS objects, 40% free, 22MB/37MB, paused 131us total 13.657ms
08-04 14:13:49.882 12327 12341 I art     : Starting a blocking GC Explicit
08-04 14:13:49.896 12327 12341 I art     : Explicit concurrent mark sweep GC freed 14(496B) AllocSpace objects, 0(0B) LOS objects, 40% free, 22MB/37MB, paused 126us total 13.930ms
08-04 14:13:49.904 12327 12341 I art     : Starting a blocking GC Explicit
08-04 14:13:49.918 12327 12341 I art     : Explicit concurrent mark sweep GC freed 16(608B) AllocSpace objects, 0(0B) LOS objects, 40% free, 22MB/37MB, paused 137us total 13.624ms
08-04 14:13:50.066 12715 12715 D AndroidRuntime: >>>>>> START com.android.internal.os.RuntimeInit uid 2000 <<<<<<
08-04 14:13:50.070 12715 12715 D AndroidRuntime: CheckJNI is OFF
08-04 14:13:50.095 12715 12715 D ICU     : No timezone override file found: /data/misc/zoneinfo/current/icu/icu_tzdata.dat
08-04 14:13:50.118 12715 12715 I Radio-JNI: register_android_hardware_Radio DONE
08-04 14:13:50.132 12715 12715 D AndroidRuntime: Calling main entry com.android.commands.input.Input
08-04 14:13:50.134 12715 12715 I Input   : injectMotionEvent: MotionEvent { action=ACTION_DOWN, actionButton=0, id[0]=0, x[0]=477.0, y[0]=805.0, toolType[0]=TOOL_TYPE_UNKNOWN, buttonState=0, metaState=0, flags=0x0, edgeFlags=0x0, pointerCount=1, historySize=0, eventTime=713646547, downTime=713646547, deviceId=0, source=0x1002 }
08-04 14:13:50.137 12715 12715 I Input   : injectMotionEvent: MotionEvent { action=ACTION_UP, actionButton=0, id[0]=0, x[0]=477.0, y[0]=805.0, toolType[0]=TOOL_TYPE_UNKNOWN, buttonState=0, metaState=0, flags=0x0, edgeFlags=0x0, pointerCount=1, historySize=0, eventTime=713646547, downTime=713646547, deviceId=0, source=0x1002 }
08-04 14:13:50.139 12715 12715 D AndroidRuntime: Shutting down VM
08-04 14:13:50.151   512  2967 D audio_hw_primary: disable_audio_route: reset and update mixer path: low-latency-playback speaker
08-04 14:13:50.153   512  2967 D audio_hw_primary: disable_snd_device: snd_device(2: speaker)
08-04 14:13:50.161   512  2967 I soundtrigger: audio_extn_sound_trigger_update_device_status: device 0x2 of type 0 for Event 0
08-04 14:13:50.168 12327 12352 I art     : Starting a blocking GC Explicit
08-04 14:13:50.183 12327 12352 I art     : Explicit concurrent mark sweep GC freed 1516(85KB) AllocSpace objects, 1(20KB) LOS objects, 40% free, 22MB/37MB, paused 130us total 14.652ms
08-04 14:13:50.191 12327 12352 I art     : Starting a blocking GC Explicit
08-04 14:13:50.206 12327 12352 I art     : Explicit concurrent mark sweep GC freed 71(2336B) AllocSpace objects, 0(0B) LOS objects, 40% free, 22MB/37MB, paused 116us total 14.710ms
08-04 14:13:50.215 12327 12352 I art     : Starting a blocking GC Explicit
08-04 14:13:50.221   512  2967 D audio_hw_primary: out_set_parameters: enter: usecase(1: low-latency-playback) kvpairs: routing=2
08-04 14:13:50.231 12327 12352 I art     : Explicit concurrent mark sweep GC freed 104(14KB) AllocSpace objects, 0(0B) LOS objects, 40% free, 22MB/37MB, paused 338us total 15.771ms
08-04 14:13:50.234   512  2967 D audio_hw_primary: select_devices: out_snd_device(2: speaker) in_snd_device(0: none)
08-04 14:13:50.234   512  2967 D msm8974_platform: platform_send_audio_calibration: sending audio calibration for snd_device(2) acdb_id(15)
08-04 14:13:50.235   512  2967 I soundtrigger: audio_extn_sound_trigger_update_device_status: device 0x2 of type 0 for Event 1
08-04 14:13:50.241 12327 12352 I art     : Starting a blocking GC Explicit
08-04 14:13:50.245   512  2967 D audio_hw_primary: enable_snd_device: snd_device(2: speaker)
08-04 14:13:50.247   512  2967 D audio_hw_primary: enable_audio_route: apply and update mixer path: low-latency-playback speaker
08-04 14:13:50.256 12327 12352 I art     : Explicit concurrent mark sweep GC freed 681(77KB) AllocSpace objects, 0(0B) LOS objects, 40% free, 22MB/37MB, paused 152us total 15.022ms
08-04 14:13:50.264 12327 12352 I art     : Starting a blocking GC Explicit
08-04 14:13:50.278 12327 12352 I art     : Explicit concurrent mark sweep GC freed 115(21KB) AllocSpace objects, 0(0B) LOS objects, 40% free, 22MB/37MB, paused 133us total 13.700ms
08-04 14:13:50.288   512  2967 D AudioFlinger: mixer(0xf4740000) throttle end: throttle time(12)
08-04 14:13:50.536 12327 12341 I art     : Starting a blocking GC Explicit
08-04 14:13:50.557 12327 12341 I art     : Explicit concurrent mark sweep GC freed 1922(102KB) AllocSpace objects, 1(20KB) LOS objects, 40% free, 22MB/37MB, paused 210us total 20.422ms
08-04 14:13:50.568 12327 12341 I art     : Starting a blocking GC Explicit
08-04 14:13:50.587 12327 12341 I art     : Explicit concurrent mark sweep GC freed 108(4KB) AllocSpace objects, 0(0B) LOS objects, 40% free, 22MB/37MB, paused 131us total 18.295ms
08-04 14:13:50.596 12327 12341 I art     : Starting a blocking GC Explicit
08-04 14:13:50.612 12327 12341 I art     : Explicit concurrent mark sweep GC freed 3(96B) AllocSpace objects, 0(0B) LOS objects, 40% free, 22MB/37MB, paused 142us total 16.025ms
08-04 14:13:50.622 12327 12341 I art     : Starting a blocking GC Explicit
08-04 14:13:50.639 12327 12341 I art     : Explicit concurrent mark sweep GC freed 5(192B) AllocSpace objects, 0(0B) LOS objects, 40% free, 22MB/37MB, paused 123us total 16.318ms
08-04 14:13:50.649   518   646 I ThermalEngine: ACTION: GPU - Setting GPU[0] to 510000000
08-04 14:13:50.649 12327 12341 I art     : Starting a blocking GC Explicit
08-04 14:13:50.669 12327 12341 I art     : Explicit concurrent mark sweep GC freed 5(160B) AllocSpace objects, 0(0B) LOS objects, 40% free, 22MB/37MB, paused 215us total 19.287ms
08-04 14:13:50.720 12741 12741 D AndroidRuntime: >>>>>> START com.android.internal.os.RuntimeInit uid 2000 <<<<<<
08-04 14:13:50.724 12741 12741 D AndroidRuntime: CheckJNI is OFF
08-04 14:13:50.756 12741 12741 D ICU     : No timezone override file found: /data/misc/zoneinfo/current/icu/icu_tzdata.dat
08-04 14:13:50.779   512  2967 D audio_hw_primary: disable_audio_route: reset and update mixer path: low-latency-playback speaker
08-04 14:13:50.780   512  2967 D audio_hw_primary: disable_snd_device: snd_device(2: speaker)
08-04 14:13:50.789   512  2967 I soundtrigger: audio_extn_sound_trigger_update_device_status: device 0x2 of type 0 for Event 0
08-04 14:13:50.790 12741 12741 I Radio-JNI: register_android_hardware_Radio DONE
08-04 14:13:50.811 12741 12741 D AndroidRuntime: Calling main entry com.android.commands.input.Input
08-04 14:13:50.813 12741 12741 I Input   : injectMotionEvent: MotionEvent { action=ACTION_DOWN, actionButton=0, id[0]=0, x[0]=463.0, y[0]=464.0, toolType[0]=TOOL_TYPE_UNKNOWN, buttonState=0, metaState=0, flags=0x0, edgeFlags=0x0, pointerCount=1, historySize=0, eventTime=713647225, downTime=713647225, deviceId=0, source=0x1002 }
08-04 14:13:50.823 12741 12741 I Input   : injectMotionEvent: MotionEvent { action=ACTION_UP, actionButton=0, id[0]=0, x[0]=463.0, y[0]=464.0, toolType[0]=TOOL_TYPE_UNKNOWN, buttonState=0, metaState=0, flags=0x0, edgeFlags=0x0, pointerCount=1, historySize=0, eventTime=713647225, downTime=713647225, deviceId=0, source=0x1002 }
08-04 14:13:50.825 12741 12741 D AndroidRuntime: Shutting down VM
08-04 14:13:50.893   512  2967 D audio_hw_primary: out_set_parameters: enter: usecase(1: low-latency-playback) kvpairs: routing=2
08-04 14:13:50.906   512  2967 D audio_hw_primary: select_devices: out_snd_device(2: speaker) in_snd_device(0: none)
08-04 14:13:50.907   512  2967 D msm8974_platform: platform_send_audio_calibration: sending audio calibration for snd_device(2) acdb_id(15)
08-04 14:13:50.907   512  2967 I soundtrigger: audio_extn_sound_trigger_update_device_status: device 0x2 of type 0 for Event 1
08-04 14:13:50.908   918  3670 W InputMethodManagerService: Window already focused, ignoring focus gain of: com.android.internal.view.IInputMethodClient$Stub$Proxy@74bd2fe attribute=null, token = android.os.BinderProxy@83fad5a
08-04 14:13:50.924   512  2967 D audio_hw_primary: enable_snd_device: snd_device(2: speaker)
08-04 14:13:50.927   512  2967 D audio_hw_primary: enable_audio_route: apply and update mixer path: low-latency-playback speaker
08-04 14:13:50.928 12327 12341 I art     : Starting a blocking GC Explicit
08-04 14:13:50.947 12327 12341 I art     : Explicit concurrent mark sweep GC freed 1673(105KB) AllocSpace objects, 2(40KB) LOS objects, 40% free, 22MB/37MB, paused 166us total 18.023ms
08-04 14:13:50.958 12327 12341 I art     : Starting a blocking GC Explicit
08-04 14:13:50.968   512  2967 D AudioFlinger: mixer(0xf4740000) throttle end: throttle time(12)
08-04 14:13:50.978 12327 12341 I art     : Explicit concurrent mark sweep GC freed 117(6KB) AllocSpace objects, 0(0B) LOS objects, 40% free, 22MB/37MB, paused 164us total 19.156ms
08-04 14:13:50.989 12327 12341 I art     : Starting a blocking GC Explicit
08-04 14:13:51.008 12327 12341 I art     : Explicit concurrent mark sweep GC freed 3(96B) AllocSpace objects, 0(0B) LOS objects, 40% free, 22MB/37MB, paused 175us total 18.325ms
08-04 14:13:51.019 12327 12341 I art     : Starting a blocking GC Explicit
08-04 14:13:51.039 12327 12341 I art     : Explicit concurrent mark sweep GC freed 3(96B) AllocSpace objects, 0(0B) LOS objects, 40% free, 22MB/37MB, paused 174us total 19.521ms
08-04 14:13:51.051 12327 12341 I art     : Starting a blocking GC Explicit
08-04 14:13:51.071 12327 12341 I art     : Explicit concurrent mark sweep GC freed 4(192B) AllocSpace objects, 0(0B) LOS objects, 40% free, 22MB/37MB, paused 191us total 19.885ms
08-04 14:13:51.101   380   380 W SurfaceFlinger: couldn't log to binary event log: overflow.
08-04 14:13:51.311 12327 12340 I art     : Starting a blocking GC Explicit
08-04 14:13:51.332 12327 12340 I art     : Explicit concurrent mark sweep GC freed 1339(78KB) AllocSpace objects, 1(20KB) LOS objects, 40% free, 22MB/37MB, paused 178us total 20.972ms
08-04 14:13:51.344 12327 12340 I art     : Starting a blocking GC Explicit
08-04 14:13:51.364 12327 12340 I art     : Explicit concurrent mark sweep GC freed 20(704B) AllocSpace objects, 0(0B) LOS objects, 40% free, 22MB/37MB, paused 169us total 19.431ms
08-04 14:13:51.375 12327 12340 I art     : Starting a blocking GC Explicit
08-04 14:13:51.394 12327 12340 I art     : Explicit concurrent mark sweep GC freed 3(96B) AllocSpace objects, 0(0B) LOS objects, 40% free, 22MB/37MB, paused 167us total 19.015ms
08-04 14:13:51.406 12327 12340 I art     : Starting a blocking GC Explicit
08-04 14:13:51.425 12327 12340 I art     : Explicit concurrent mark sweep GC freed 3(96B) AllocSpace objects, 0(0B) LOS objects, 40% free, 22MB/37MB, paused 166us total 19.724ms
08-04 14:13:51.437 12327 12340 I art     : Starting a blocking GC Explicit
08-04 14:13:51.457 12327 12340 I art     : Explicit concurrent mark sweep GC freed 3(96B) AllocSpace objects, 0(0B) LOS objects, 40% free, 22MB/37MB, paused 164us total 19.071ms
08-04 14:13:51.458   512  2967 D audio_hw_primary: disable_audio_route: reset and update mixer path: low-latency-playback speaker
08-04 14:13:51.459   512  2967 D audio_hw_primary: disable_snd_device: snd_device(2: speaker)
08-04 14:13:51.467   512  2967 I soundtrigger: audio_extn_sound_trigger_update_device_status: device 0x2 of type 0 for Event 0
08-04 14:13:51.467 12774 12774 D AndroidRuntime: >>>>>> START com.android.internal.os.RuntimeInit uid 2000 <<<<<<
08-04 14:13:51.471 12774 12774 D AndroidRuntime: CheckJNI is OFF
08-04 14:13:51.504 12774 12774 D ICU     : No timezone override file found: /data/misc/zoneinfo/current/icu/icu_tzdata.dat
08-04 14:13:51.536 12774 12774 I Radio-JNI: register_android_hardware_Radio DONE
08-04 14:13:51.559 12774 12774 D AndroidRuntime: Calling main entry com.android.commands.input.Input
08-04 14:13:51.560 12774 12774 I Input   : injectKeyEvent: KeyEvent { action=ACTION_DOWN, keyCode=KEYCODE_BACK, scanCode=0, metaState=0, flags=0x0, repeatCount=0, eventTime=713647974, downTime=713647974, deviceId=-1, source=0x101 }
08-04 14:13:51.566 12774 12774 I Input   : injectKeyEvent: KeyEvent { action=ACTION_UP, keyCode=KEYCODE_BACK, scanCode=0, metaState=0, flags=0x0, repeatCount=0, eventTime=713647974, downTime=713647974, deviceId=-1, source=0x101 }
08-04 14:13:51.572 12774 12774 D AndroidRuntime: Shutting down VM
08-04 14:13:51.615 13866 13866 I GoogleInputMethodServic: GoogleInputMethodService.onFinishInput():3138 
08-04 14:13:51.616 13866 13866 I GoogleInputMethodServic: GoogleInputMethodService.onStartInput():1808 
08-04 14:13:51.695 12327 12341 I art     : Starting a blocking GC Explicit
08-04 14:13:51.713 12327 12341 I art     : Explicit concurrent mark sweep GC freed 1442(84KB) AllocSpace objects, 1(20KB) LOS objects, 40% free, 22MB/37MB, paused 161us total 17.631ms
08-04 14:13:51.725 12327 12341 I art     : Starting a blocking GC Explicit
08-04 14:13:51.747 12327 12341 I art     : Explicit concurrent mark sweep GC freed 34(1200B) AllocSpace objects, 0(0B) LOS objects, 40% free, 22MB/37MB, paused 256us total 21.673ms
08-04 14:13:51.759 12327 12341 I art     : Starting a blocking GC Explicit
08-04 14:13:51.782 12327 12341 I art     : Explicit concurrent mark sweep GC freed 3(96B) AllocSpace objects, 0(0B) LOS objects, 40% free, 22MB/37MB, paused 188us total 22.841ms
08-04 14:13:51.797 12327 12341 I art     : Starting a blocking GC Explicit
08-04 14:13:51.817 12327 12341 I art     : Explicit concurrent mark sweep GC freed 3(96B) AllocSpace objects, 0(0B) LOS objects, 40% free, 22MB/37MB, paused 182us total 20.399ms
08-04 14:13:51.830 12327 12341 I art     : Starting a blocking GC Explicit
08-04 14:13:51.849 12327 12341 I art     : Explicit concurrent mark sweep GC freed 105(5KB) AllocSpace objects, 0(0B) LOS objects, 40% free, 22MB/37MB, paused 166us total 19.104ms
08-04 14:13:51.919   380   380 W SurfaceFlinger: couldn't log to binary event log: overflow.
08-04 14:13:52.086 12327 12352 I art     : Starting a blocking GC Explicit
08-04 14:13:52.106 12327 12352 I art     : Explicit concurrent mark sweep GC freed 3136(198KB) AllocSpace objects, 1(20KB) LOS objects, 40% free, 22MB/37MB, paused 183us total 20.683ms
08-04 14:13:52.118 12327 12352 I art     : Starting a blocking GC Explicit
08-04 14:13:52.136 12327 12352 I art     : Explicit concurrent mark sweep GC freed 11984(575KB) AllocSpace objects, 7(340KB) LOS objects, 40% free, 21MB/35MB, paused 186us total 17.217ms
08-04 14:13:52.147 12327 12352 I art     : Starting a blocking GC Explicit
08-04 14:13:52.161 12327 12352 I art     : Explicit concurrent mark sweep GC freed 3(96B) AllocSpace objects, 0(0B) LOS objects, 40% free, 21MB/35MB, paused 162us total 14.658ms
08-04 14:13:52.172 12327 12352 I art     : Starting a blocking GC Explicit
08-04 14:13:52.187 12327 12352 I art     : Explicit concurrent mark sweep GC freed 3(96B) AllocSpace objects, 0(0B) LOS objects, 40% free, 21MB/35MB, paused 216us total 14.609ms
08-04 14:13:52.197 12327 12352 I art     : Starting a blocking GC Explicit
08-04 14:13:52.212 12327 12352 I art     : Explicit concurrent mark sweep GC freed 3(96B) AllocSpace objects, 0(0B) LOS objects, 40% free, 21MB/35MB, paused 164us total 14.532ms
08-04 14:13:52.218 12807 12807 D AndroidRuntime: >>>>>> START com.android.internal.os.RuntimeInit uid 2000 <<<<<<
08-04 14:13:52.223 12807 12807 D AndroidRuntime: CheckJNI is OFF
08-04 14:13:52.257 12807 12807 D ICU     : No timezone override file found: /data/misc/zoneinfo/current/icu/icu_tzdata.dat
08-04 14:13:52.290 12807 12807 I Radio-JNI: register_android_hardware_Radio DONE
08-04 14:13:52.311 12807 12807 D AndroidRuntime: Calling main entry com.android.commands.input.Input
08-04 14:13:52.313 12807 12807 I Input   : injectKeyEvent: KeyEvent { action=ACTION_DOWN, keyCode=KEYCODE_BACK, scanCode=0, metaState=0, flags=0x0, repeatCount=0, eventTime=713648726, downTime=713648726, deviceId=-1, source=0x101 }
08-04 14:13:52.317 12807 12807 I Input   : injectKeyEvent: KeyEvent { action=ACTION_UP, keyCode=KEYCODE_BACK, scanCode=0, metaState=0, flags=0x0, repeatCount=0, eventTime=713648726, downTime=713648726, deviceId=-1, source=0x101 }
08-04 14:13:52.323 12807 12807 D AndroidRuntime: Shutting down VM
08-04 14:13:52.371 13866 13866 I GoogleInputMethodServic: GoogleInputMethodService.onFinishInput():3138 
08-04 14:13:52.372 13866 13866 I GoogleInputMethodServic: GoogleInputMethodService.onStartInput():1808 
08-04 14:13:52.449 12327 12341 I art     : Starting a blocking GC Explicit
08-04 14:13:52.463 12327 12341 I art     : Explicit concurrent mark sweep GC freed 1513(85KB) AllocSpace objects, 1(20KB) LOS objects, 40% free, 21MB/35MB, paused 157us total 13.495ms
08-04 14:13:52.473 12327 12341 I art     : Starting a blocking GC Explicit
08-04 14:13:52.487 12327 12341 I art     : Explicit concurrent mark sweep GC freed 24(864B) AllocSpace objects, 0(0B) LOS objects, 40% free, 21MB/35MB, paused 240us total 13.524ms
08-04 14:13:52.497 12327 12341 I art     : Starting a blocking GC Explicit
08-04 14:13:52.513 12327 12341 I art     : Explicit concurrent mark sweep GC freed 3(96B) AllocSpace objects, 0(0B) LOS objects, 40% free, 21MB/35MB, paused 155us total 15.188ms
08-04 14:13:52.524 12327 12341 I art     : Starting a blocking GC Explicit
08-04 14:13:52.539 12327 12341 I art     : Explicit concurrent mark sweep GC freed 3(96B) AllocSpace objects, 0(0B) LOS objects, 40% free, 21MB/35MB, paused 261us total 15.271ms
08-04 14:13:52.553 12327 12341 I art     : Starting a blocking GC Explicit
08-04 14:13:52.570 12327 12341 I art     : Explicit concurrent mark sweep GC freed 3(96B) AllocSpace objects, 0(0B) LOS objects, 40% free, 21MB/35MB, paused 201us total 16.804ms
08-04 14:13:52.652   518   646 I ThermalEngine: ACTION: GPU - Setting GPU[0] to 450000000
08-04 14:13:52.836 12327 12352 I art     : Starting a blocking GC Explicit
08-04 14:13:52.856 12327 12352 I art     : Explicit concurrent mark sweep GC freed 1362(79KB) AllocSpace objects, 1(20KB) LOS objects, 40% free, 21MB/35MB, paused 222us total 19.965ms
08-04 14:13:52.870 12327 12352 I art     : Starting a blocking GC Explicit
08-04 14:13:52.890 12327 12352 I art     : Explicit concurrent mark sweep GC freed 143(10KB) AllocSpace objects, 0(0B) LOS objects, 40% free, 21MB/35MB, paused 219us total 19.246ms
08-04 14:13:52.904 12327 12352 I art     : Starting a blocking GC Explicit
08-04 14:13:52.923 12327 12352 I art     : Explicit concurrent mark sweep GC freed 3(96B) AllocSpace objects, 0(0B) LOS objects, 40% free, 21MB/35MB, paused 216us total 18.831ms
08-04 14:13:52.936 12327 12352 I art     : Starting a blocking GC Explicit
08-04 14:13:52.956 12327 12352 I art     : Explicit concurrent mark sweep GC freed 3(96B) AllocSpace objects, 0(0B) LOS objects, 40% free, 21MB/35MB, paused 226us total 19.162ms
08-04 14:13:52.970 12327 12352 I art     : Starting a blocking GC Explicit
08-04 14:13:52.989 12327 12352 I art     : Explicit concurrent mark sweep GC freed 3(96B) AllocSpace objects, 0(0B) LOS objects, 40% free, 21MB/35MB, paused 223us total 18.587ms
08-04 14:13:53.085 12840 12840 D AndroidRuntime: >>>>>> START com.android.internal.os.RuntimeInit uid 2000 <<<<<<
08-04 14:13:53.091 12840 12840 D AndroidRuntime: CheckJNI is OFF
08-04 14:13:53.139 12840 12840 D ICU     : No timezone override file found: /data/misc/zoneinfo/current/icu/icu_tzdata.dat
08-04 14:13:53.181 12840 12840 I Radio-JNI: register_android_hardware_Radio DONE
08-04 14:13:53.210 12840 12840 D AndroidRuntime: Calling main entry com.android.commands.input.Input
08-04 14:13:53.212 12840 12840 I Input   : injectMotionEvent: MotionEvent { action=ACTION_DOWN, actionButton=0, id[0]=0, x[0]=600.0, y[0]=1536.0, toolType[0]=TOOL_TYPE_UNKNOWN, buttonState=0, metaState=0, flags=0x0, edgeFlags=0x0, pointerCount=1, historySize=0, eventTime=713649625, downTime=713649625, deviceId=0, source=0x1002 }
08-04 14:13:53.217 12840 12840 I Input   : injectMotionEvent: MotionEvent { action=ACTION_UP, actionButton=0, id[0]=0, x[0]=600.0, y[0]=1536.0, toolType[0]=TOOL_TYPE_UNKNOWN, buttonState=0, metaState=0, flags=0x0, edgeFlags=0x0, pointerCount=1, historySize=0, eventTime=713649625, downTime=713649625, deviceId=0, source=0x1002 }
08-04 14:13:53.218 12840 12840 D AndroidRuntime: Shutting down VM
08-04 14:13:53.222   512  2967 D audio_hw_primary: out_set_parameters: enter: usecase(1: low-latency-playback) kvpairs: routing=2
08-04 14:13:53.234   512  2967 D audio_hw_primary: select_devices: out_snd_device(2: speaker) in_snd_device(0: none)
08-04 14:13:53.235   512  2967 D msm8974_platform: platform_send_audio_calibration: sending audio calibration for snd_device(2) acdb_id(15)
08-04 14:13:53.235   512  2967 I soundtrigger: audio_extn_sound_trigger_update_device_status: device 0x2 of type 0 for Event 1
08-04 14:13:53.238   918  3714 I ActivityManager: START u0 {dat=https://oauth.reddit.com/... cmp=baseline.org.quantumbadger.redreader/.activities.PostListingActivity} from uid 10666 on display 0
08-04 14:13:53.249   512  2967 D audio_hw_primary: enable_snd_device: snd_device(2: speaker)
08-04 14:13:53.251   512  2967 D audio_hw_primary: enable_audio_route: apply and update mixer path: low-latency-playback speaker
08-04 14:13:53.258 12327 12327 I AppCompatViewInflater: app:theme is now deprecated. Please move to using android:theme instead.
08-04 14:13:53.270 12327 12340 I art     : Starting a blocking GC Explicit
08-04 14:13:53.292 12327 12340 I art     : Explicit concurrent mark sweep GC freed 5146(340KB) AllocSpace objects, 1(20KB) LOS objects, 40% free, 21MB/35MB, paused 842us total 21.579ms
08-04 14:13:53.308 12327 12340 I art     : Starting a blocking GC Explicit
08-04 14:13:53.315 12327 12871 I RawObjectDB query string: CREATE TABLE objects(RawObjectDB_id TEXT PRIMARY KEY ON CONFLICT REPLACE,RawObjectDB_timestamp INTEGER,accounts_active INTEGER,created INTEGER,created_utc INTEGER,description TEXT,description_html TEXT,display_name TEXT,header_img TEXT,header_title TEXT,id TEXT,name TEXT,over18 INTEGER,public_description TEXT,subscribers INTEGER,title TEXT,url TEXT)
08-04 14:13:53.325 12327 12340 I art     : Explicit concurrent mark sweep GC freed 3515(233KB) AllocSpace objects, 1(28KB) LOS objects, 40% free, 21MB/35MB, paused 244us total 16.909ms
08-04 14:13:53.338 12327 12340 I art     : Starting a blocking GC Explicit
08-04 14:13:53.358 12327 12872 D OK      : calling: https://www.reddit.com/api/v1/access_token
08-04 14:13:53.362 12327 12340 I art     : Explicit concurrent mark sweep GC freed 1533(106KB) AllocSpace objects, 0(0B) LOS objects, 40% free, 21MB/36MB, paused 1.490ms total 23.382ms
08-04 14:13:53.370   918   936 I ActivityManager: Displayed baseline.org.quantumbadger.redreader/.activities.PostListingActivity: +126ms
08-04 14:13:53.372 13866 13866 I GoogleInputMethodServic: GoogleInputMethodService.onFinishInput():3138 
08-04 14:13:53.373 13866 13866 I GoogleInputMethodServic: GoogleInputMethodService.onStartInput():1808 
08-04 14:13:53.377 12327 12340 I art     : Starting a blocking GC Explicit
08-04 14:13:53.397 12327 12340 I art     : Explicit concurrent mark sweep GC freed 496(39KB) AllocSpace objects, 0(0B) LOS objects, 40% free, 21MB/35MB, paused 282us total 20.245ms
08-04 14:13:53.411 12327 12340 I art     : Starting a blocking GC Explicit
08-04 14:13:53.429 12327 12340 I art     : Explicit concurrent mark sweep GC freed 17(672B) AllocSpace objects, 0(0B) LOS objects, 40% free, 21MB/35MB, paused 269us total 17.611ms
08-04 14:13:53.507 12327 12327 I RedReader: Checking for new messages.
08-04 14:13:53.510 12327 12327 I RegularCachePruner: Pruning cache...
08-04 14:13:53.511 12327 12874 I RedditChangeDataManager: Pruning for all users...
08-04 14:13:53.511 12327 12874 I RedditChangeDataManager: Pruning complete.
08-04 14:13:53.513 12327 12874 I CacheManager: Pruning 0 files
08-04 14:13:53.620   380   380 W SurfaceFlinger: couldn't log to binary event log: overflow.
08-04 14:13:53.693 12327 12352 I art     : Starting a blocking GC Explicit
08-04 14:13:53.721 12327 12352 I art     : Explicit concurrent mark sweep GC freed 18971(1271KB) AllocSpace objects, 14(1212KB) LOS objects, 40% free, 23MB/38MB, paused 607us total 28.194ms
08-04 14:13:53.737 12327 12352 I art     : Starting a blocking GC Explicit
08-04 14:13:53.771 12327 12352 I art     : Explicit concurrent mark sweep GC freed 9817(681KB) AllocSpace objects, 0(0B) LOS objects, 40% free, 23MB/39MB, paused 813us total 34.447ms
08-04 14:13:53.788 12327 12352 I art     : Starting a blocking GC Explicit
08-04 14:13:53.788   512  2967 D audio_hw_primary: disable_audio_route: reset and update mixer path: low-latency-playback speaker
08-04 14:13:53.789   512  2967 D audio_hw_primary: disable_snd_device: snd_device(2: speaker)
08-04 14:13:53.796   512  2967 I soundtrigger: audio_extn_sound_trigger_update_device_status: device 0x2 of type 0 for Event 0
08-04 14:13:53.821 12327 12352 I art     : Explicit concurrent mark sweep GC freed 9663(602KB) AllocSpace objects, 2(180KB) LOS objects, 39% free, 24MB/40MB, paused 669us total 32.771ms
08-04 14:13:53.829 12327 12872 D OK      : request got status: 200
08-04 14:13:53.837 12327 12352 I art     : Starting a blocking GC Explicit
08-04 14:13:53.842 12327 12872 D OK      : calling: https://oauth.reddit.com/r/askscience/about.json
08-04 14:13:53.868 12327 12352 I art     : Explicit concurrent mark sweep GC freed 4467(291KB) AllocSpace objects, 2(320KB) LOS objects, 40% free, 23MB/39MB, paused 438us total 30.558ms
08-04 14:13:53.883 12327 12352 I art     : Starting a blocking GC Explicit
08-04 14:13:53.913 12327 12352 I art     : Explicit concurrent mark sweep GC freed 194(10KB) AllocSpace objects, 0(0B) LOS objects, 40% free, 23MB/39MB, paused 359us total 30.141ms
08-04 14:13:54.127 12327 12872 I NAPPA_EXPERIMENTATION: MetricNetworkRequestExecutionTime: REQUEST_DURATION_SYSTEM='284',REQUEST_DURATION_OKHTTP='145',REQUEST_SYNCHRONOUS='TRUE',RESPONSE_CODE='200',RESPONSE_METHOD='GET',RESPONSE_LENGTH_OKHTTP='-1',RESPONSE_LENGTH_HEADER='4700',REQUEST_PROTOCOL='h2',REQUEST_URL='https://oauth.reddit.com/r/askscience/about.json',
08-04 14:13:54.127 12327 12872 D OK      : request got status: 200
08-04 14:13:54.208 12327 12340 I art     : Starting a blocking GC Explicit
08-04 14:13:54.244 12327 12340 I art     : Explicit concurrent mark sweep GC freed 5272(410KB) AllocSpace objects, 4(176KB) LOS objects, 39% free, 24MB/40MB, paused 325us total 35.975ms
08-04 14:13:54.244 12327 12339 I art     : WaitForGcToComplete blocked for 21.623ms for cause HeapTrim
08-04 14:13:54.260 12327 12340 I art     : Starting a blocking GC Explicit
08-04 14:13:54.292 12327 12340 I art     : Explicit concurrent mark sweep GC freed 309(14KB) AllocSpace objects, 0(0B) LOS objects, 39% free, 24MB/40MB, paused 294us total 31.604ms
08-04 14:13:54.309 12327 12340 I art     : Starting a blocking GC Explicit
08-04 14:13:54.341 12327 12340 I art     : Explicit concurrent mark sweep GC freed 3(96B) AllocSpace objects, 0(0B) LOS objects, 39% free, 24MB/40MB, paused 296us total 32.436ms
08-04 14:13:54.358 12327 12340 I art     : Starting a blocking GC Explicit
08-04 14:13:54.390 12327 12340 I art     : Explicit concurrent mark sweep GC freed 3(96B) AllocSpace objects, 0(0B) LOS objects, 39% free, 24MB/40MB, paused 292us total 31.687ms
08-04 14:13:54.407 12327 12340 I art     : Starting a blocking GC Explicit
08-04 14:13:54.437 12327 12340 I art     : Explicit concurrent mark sweep GC freed 3(96B) AllocSpace objects, 0(0B) LOS objects, 39% free, 24MB/40MB, paused 297us total 30.390ms
08-04 14:13:54.555 12327 12903 D OK      : calling: https://oauth.reddit.com/r/askscience/hot/.json
08-04 14:13:54.724 12327 12903 I NAPPA_EXPERIMENTATION: MetricNetworkRequestExecutionTime: REQUEST_DURATION_SYSTEM='169',REQUEST_DURATION_OKHTTP='165',REQUEST_SYNCHRONOUS='TRUE',RESPONSE_CODE='200',RESPONSE_METHOD='GET',RESPONSE_LENGTH_OKHTTP='-1',RESPONSE_LENGTH_HEADER='21282',REQUEST_PROTOCOL='h2',REQUEST_URL='https://oauth.reddit.com/r/askscience/hot/.json',
08-04 14:13:54.724 12327 12903 D OK      : request got status: 200
08-04 14:13:54.729 12327 12352 I art     : Starting a blocking GC Explicit
08-04 14:13:54.742 12327 12901 I PostListingFragment: Precaching images: OFF
08-04 14:13:54.742 12327 12901 I PostListingFragment: Precaching comments: OFF
08-04 14:13:54.766 12327 12352 I art     : Explicit concurrent mark sweep GC freed 2285(211KB) AllocSpace objects, 1(20KB) LOS objects, 39% free, 24MB/40MB, paused 611us total 36.122ms
08-04 14:13:54.782 12327 12352 I art     : Starting a blocking GC Explicit
08-04 14:13:54.819 12327 12352 I art     : Explicit concurrent mark sweep GC freed 2529(158KB) AllocSpace objects, 1(68KB) LOS objects, 39% free, 24MB/40MB, paused 581us total 36.182ms
08-04 14:13:54.837 12327 12352 I art     : Starting a blocking GC Explicit
08-04 14:13:54.875 12327 12352 I art     : Explicit concurrent mark sweep GC freed 2861(153KB) AllocSpace objects, 1(68KB) LOS objects, 39% free, 24MB/40MB, paused 427us total 37.908ms
08-04 14:13:54.892 12327 12352 I art     : Starting a blocking GC Explicit
08-04 14:13:54.931 12327 12352 I art     : Explicit concurrent mark sweep GC freed 2816(111KB) AllocSpace objects, 0(0B) LOS objects, 39% free, 24MB/40MB, paused 439us total 39.207ms
08-04 14:13:54.949 12327 12352 I art     : Starting a blocking GC Explicit
08-04 14:13:54.988 12327 12352 I art     : Explicit concurrent mark sweep GC freed 2904(108KB) AllocSpace objects, 0(0B) LOS objects, 39% free, 24MB/40MB, paused 444us total 38.920ms
08-04 14:13:55.307 12223 12223 I ServiceManager: Waiting for service AtCmdFwd...
08-04 14:13:55.317 12327 12352 I art     : Starting a blocking GC Explicit
08-04 14:13:55.358 12327 12352 I art     : Explicit concurrent mark sweep GC freed 25439(1125KB) AllocSpace objects, 1(20KB) LOS objects, 39% free, 24MB/40MB, paused 722us total 41.222ms
08-04 14:13:55.375 12327 12352 I art     : Starting a blocking GC Explicit
08-04 14:13:55.410 12327 12352 I art     : Explicit concurrent mark sweep GC freed 1646(69KB) AllocSpace objects, 0(0B) LOS objects, 39% free, 24MB/40MB, paused 304us total 33.970ms
08-04 14:13:55.428 12327 12352 I art     : Starting a blocking GC Explicit
08-04 14:13:55.464 12327 12352 I art     : Explicit concurrent mark sweep GC freed 3(96B) AllocSpace objects, 0(0B) LOS objects, 39% free, 24MB/40MB, paused 326us total 35.975ms
08-04 14:13:55.482 12327 12352 I art     : Starting a blocking GC Explicit
08-04 14:13:55.520 12327 12352 I art     : Explicit concurrent mark sweep GC freed 46(1680B) AllocSpace objects, 0(0B) LOS objects, 39% free, 24MB/40MB, paused 381us total 38.219ms
08-04 14:13:55.541 12327 12352 I art     : Starting a blocking GC Explicit
08-04 14:13:55.575 12327 12352 I art     : Explicit concurrent mark sweep GC freed 25(1024B) AllocSpace objects, 0(0B) LOS objects, 39% free, 24MB/40MB, paused 325us total 34.050ms
08-04 14:13:55.658   518   646 I ThermalEngine: ACTION: GPU - Setting GPU[0] to 510000000
08-04 14:13:55.870 12327 12352 I art     : Starting a blocking GC Explicit
08-04 14:13:55.909 12327 12352 I art     : Explicit concurrent mark sweep GC freed 1628(93KB) AllocSpace objects, 1(20KB) LOS objects, 39% free, 24MB/40MB, paused 322us total 38.543ms
08-04 14:13:55.925 12327 12352 I art     : Starting a blocking GC Explicit
08-04 14:13:55.956 12327 12352 I art     : Explicit concurrent mark sweep GC freed 83(4KB) AllocSpace objects, 0(0B) LOS objects, 39% free, 24MB/40MB, paused 255us total 30.812ms
08-04 14:13:55.970 12327 12352 I art     : Starting a blocking GC Explicit
08-04 14:13:56.000 12327 12352 I art     : Explicit concurrent mark sweep GC freed 3(96B) AllocSpace objects, 0(0B) LOS objects, 39% free, 24MB/40MB, paused 256us total 30.231ms
08-04 14:13:56.013 12327 12352 I art     : Starting a blocking GC Explicit
08-04 14:13:56.043 12327 12352 I art     : Explicit concurrent mark sweep GC freed 3(96B) AllocSpace objects, 0(0B) LOS objects, 39% free, 24MB/40MB, paused 236us total 29.719ms
08-04 14:13:56.057 12327 12352 I art     : Starting a blocking GC Explicit
08-04 14:13:56.088 12327 12352 I art     : Explicit concurrent mark sweep GC freed 3(96B) AllocSpace objects, 0(0B) LOS objects, 39% free, 24MB/40MB, paused 256us total 30.518ms
08-04 14:13:56.308 12223 12223 I ServiceManager: Waiting for service AtCmdFwd...
08-04 14:13:56.407 12327 12340 I art     : Starting a blocking GC Explicit
08-04 14:13:56.439 12327 12340 I art     : Explicit concurrent mark sweep GC freed 1346(78KB) AllocSpace objects, 1(20KB) LOS objects, 39% free, 24MB/40MB, paused 251us total 31.740ms
08-04 14:13:56.452 12327 12340 I art     : Starting a blocking GC Explicit
08-04 14:13:56.483 12327 12340 I art     : Explicit concurrent mark sweep GC freed 20(704B) AllocSpace objects, 0(0B) LOS objects, 39% free, 24MB/40MB, paused 238us total 30.321ms
08-04 14:13:56.496 12327 12340 I art     : Starting a blocking GC Explicit
08-04 14:13:56.526 12327 12340 I art     : Explicit concurrent mark sweep GC freed 3(96B) AllocSpace objects, 0(0B) LOS objects, 39% free, 24MB/40MB, paused 250us total 29.813ms
08-04 14:13:56.540 12327 12340 I art     : Starting a blocking GC Explicit
08-04 14:13:56.571 12327 12340 I art     : Explicit concurrent mark sweep GC freed 3(96B) AllocSpace objects, 0(0B) LOS objects, 39% free, 24MB/40MB, paused 242us total 30.659ms
08-04 14:13:56.584 12327 12340 I art     : Starting a blocking GC Explicit
08-04 14:13:56.614 12327 12340 I art     : Explicit concurrent mark sweep GC freed 3(96B) AllocSpace objects, 0(0B) LOS objects, 39% free, 24MB/40MB, paused 248us total 30.189ms
08-04 14:13:56.956 12327 12341 I art     : Starting a blocking GC Explicit
08-04 14:13:57.000 12327 12341 I art     : Explicit concurrent mark sweep GC freed 1343(78KB) AllocSpace objects, 1(20KB) LOS objects, 39% free, 24MB/40MB, paused 266us total 43.802ms
08-04 14:13:57.018 12327 12341 I art     : Starting a blocking GC Explicit
08-04 14:13:57.047 12327 12341 I art     : Explicit concurrent mark sweep GC freed 20(704B) AllocSpace objects, 0(0B) LOS objects, 39% free, 24MB/40MB, paused 283us total 28.808ms
08-04 14:13:57.060 12327 12341 I art     : Starting a blocking GC Explicit
08-04 14:13:57.090 12327 12341 I art     : Explicit concurrent mark sweep GC freed 3(96B) AllocSpace objects, 0(0B) LOS objects, 39% free, 24MB/40MB, paused 252us total 30.253ms
08-04 14:13:57.104 12327 12341 I art     : Starting a blocking GC Explicit
08-04 14:13:57.134 12327 12341 I art     : Explicit concurrent mark sweep GC freed 3(96B) AllocSpace objects, 0(0B) LOS objects, 39% free, 24MB/40MB, paused 239us total 29.862ms
08-04 14:13:57.147 12327 12341 I art     : Starting a blocking GC Explicit
08-04 14:13:57.178 12327 12341 I art     : Explicit concurrent mark sweep GC freed 3(96B) AllocSpace objects, 0(0B) LOS objects, 39% free, 24MB/40MB, paused 261us total 30.422ms
08-04 14:13:57.309 12223 12223 I ServiceManager: Waiting for service AtCmdFwd...
08-04 14:13:57.488 12327 12352 I art     : Starting a blocking GC Explicit
08-04 14:13:57.526 12327 12352 I art     : Explicit concurrent mark sweep GC freed 1343(78KB) AllocSpace objects, 1(20KB) LOS objects, 39% free, 24MB/40MB, paused 253us total 38.104ms
08-04 14:13:57.541 12327 12352 I art     : Starting a blocking GC Explicit
08-04 14:13:57.572 12327 12352 I art     : Explicit concurrent mark sweep GC freed 20(704B) AllocSpace objects, 0(0B) LOS objects, 39% free, 24MB/40MB, paused 253us total 30.588ms
08-04 14:13:57.585 12327 12352 I art     : Starting a blocking GC Explicit
08-04 14:13:57.616 12327 12352 I art     : Explicit concurrent mark sweep GC freed 3(96B) AllocSpace objects, 0(0B) LOS objects, 39% free, 24MB/40MB, paused 247us total 30ms
08-04 14:13:57.629 12327 12352 I art     : Starting a blocking GC Explicit
08-04 14:13:57.659 12327 12352 I art     : Explicit concurrent mark sweep GC freed 3(96B) AllocSpace objects, 0(0B) LOS objects, 39% free, 24MB/40MB, paused 249us total 29.763ms
08-04 14:13:57.672 12327 12352 I art     : Starting a blocking GC Explicit
08-04 14:13:57.703 12327 12352 I art     : Explicit concurrent mark sweep GC freed 3(96B) AllocSpace objects, 0(0B) LOS objects, 39% free, 24MB/40MB, paused 228us total 30.001ms
08-04 14:13:58.014 12327 12340 I art     : Starting a blocking GC Explicit
08-04 14:13:58.052 12327 12340 I art     : Explicit concurrent mark sweep GC freed 1347(78KB) AllocSpace objects, 1(20KB) LOS objects, 39% free, 24MB/40MB, paused 290us total 38.169ms
08-04 14:13:58.068 12327 12340 I art     : Starting a blocking GC Explicit
08-04 14:13:58.099 12327 12340 I art     : Explicit concurrent mark sweep GC freed 20(704B) AllocSpace objects, 0(0B) LOS objects, 39% free, 24MB/40MB, paused 236us total 30.613ms
08-04 14:13:58.112 12327 12340 I art     : Starting a blocking GC Explicit
08-04 14:13:58.142 12327 12340 I art     : Explicit concurrent mark sweep GC freed 3(96B) AllocSpace objects, 0(0B) LOS objects, 39% free, 24MB/40MB, paused 254us total 29.668ms
08-04 14:13:58.155 12327 12340 I art     : Starting a blocking GC Explicit
08-04 14:13:58.185 12327 12340 I art     : Explicit concurrent mark sweep GC freed 3(96B) AllocSpace objects, 0(0B) LOS objects, 39% free, 24MB/40MB, paused 252us total 29.992ms
08-04 14:13:58.198 12327 12340 I art     : Starting a blocking GC Explicit
08-04 14:13:58.228 12327 12340 I art     : Explicit concurrent mark sweep GC freed 3(96B) AllocSpace objects, 0(0B) LOS objects, 39% free, 24MB/40MB, paused 227us total 29.821ms
08-04 14:13:58.310 12223 12223 I ServiceManager: Waiting for service AtCmdFwd...
08-04 14:13:58.520  5392  5392 I Finsky  : [1] xow.onStartJob(3): SCH: onJobSchedulerWakeup with jobId 9015
08-04 14:13:58.526  5392  5392 I Finsky  : [1] xjw.a(9): Scheduling fallback in 43199998 (absolute: 1740242399)
08-04 14:13:58.529  5392  5392 I Finsky  : [1] xjw.a(9): Scheduling fallback in 64799998 (absolute: 1761842401)
08-04 14:13:58.533  5392  5392 I Finsky  : [1] xow.onStartJob(3): SCH: onJobSchedulerWakeup with jobId 9006
08-04 14:13:58.536 12327 12341 I art     : Starting a blocking GC Explicit
08-04 14:13:58.538  5392  5392 I Finsky  : [1] xjw.a(9): Scheduling fallback in 43199998 (absolute: 1740242411)
08-04 14:13:58.541  5392  5392 I Finsky  : [1] xjw.a(9): Scheduling fallback in 64799999 (absolute: 1761842414)
08-04 14:13:58.543  5392  5392 W Finsky  : [1] xow.onStartJob(9): SCH: onJobSchedulerWakeup while already running
08-04 14:13:58.565 12327 12341 I art     : Explicit concurrent mark sweep GC freed 1344(78KB) AllocSpace objects, 1(20KB) LOS objects, 39% free, 24MB/40MB, paused 260us total 28.658ms
08-04 14:13:58.578 12327 12341 I art     : Starting a blocking GC Explicit
08-04 14:13:58.605 12327 12341 I art     : Explicit concurrent mark sweep GC freed 20(704B) AllocSpace objects, 0(0B) LOS objects, 39% free, 24MB/40MB, paused 246us total 27.175ms
08-04 14:13:58.611  5392  5392 I Finsky  : [1] xkf.handleMessage(8): SCH: DeviceState: DeviceState{currentTime=1596543238607, isCharging=false, isIdle=false, netAny=true, netNotRoaming=true, netUnmetered=true, batteryPercent=100.0}
08-04 14:13:58.616  5392 12286 I Finsky  : [5822] xmu.a(8): SCH: Jobs in database: 1-1337 3-193 3-194 12-1 24-77777777 26-1414141414 
08-04 14:13:58.618 12327 12341 I art     : Starting a blocking GC Explicit
08-04 14:13:58.619  5392  5392 I Finsky  : [1] xkg.a(16): SCH: Running job: 12-1
08-04 14:13:58.619  5392  5392 I Finsky  : [1] ContentSyncJob.a(16): [ContentSync] job started
08-04 14:13:58.620  5392  5392 I Finsky  : [1] xkf.handleMessage(61): SCH: RunningQueue size: 1, PendingQueue size: 0
08-04 14:13:58.620  5392  5392 I Finsky  : [1] xkf.handleMessage(64): SCH: Running queue: 12-1 
08-04 14:13:58.644 12327 12341 I art     : Explicit concurrent mark sweep GC freed 3(96B) AllocSpace objects, 0(0B) LOS objects, 39% free, 24MB/40MB, paused 243us total 26.580ms
08-04 14:13:58.657 12327 12341 I art     : Starting a blocking GC Explicit
08-04 14:13:58.681  5392 12315 I Finsky  : [5827] dzn.a(22): Completed 0 account content syncs with 0 successful.
08-04 14:13:58.682  5392  5392 I Finsky  : [1] ContentSyncJob.a(1): [ContentSync] Installation state replication succeeded.
08-04 14:13:58.682  5392  5392 I Finsky  : [1] xlr.a(13): SCH: jobFinished: 12-1. TimeElapsed: 63ms.
08-04 14:13:58.683  5392  5392 I Finsky  : [1] xkg.a(36): SCH: Job 12-1 finished. Not rescheduling.
08-04 14:13:58.683  5392  5392 I Finsky  : [1] xkf.handleMessage(61): SCH: RunningQueue size: 0, PendingQueue size: 0
08-04 14:13:58.683  5392  5392 I Finsky  : [1] xkf.handleMessage(25): Executor finished
08-04 14:13:58.684 12327 12341 I art     : Explicit concurrent mark sweep GC freed 3(96B) AllocSpace objects, 0(0B) LOS objects, 39% free, 24MB/40MB, paused 243us total 26.708ms
08-04 14:13:58.696 12327 12341 I art     : Starting a blocking GC Explicit
08-04 14:13:58.697  5392  5392 I Finsky  : [1] xmu.a(8): SCH: Jobs in database: 1-1337 3-193 3-194 24-77777777 26-1414141414 
08-04 14:13:58.699  5392  5392 I Finsky  : [1] xio.a(57): SCH: ConstraintMapping: 24-77777777,  -> L: 0ms, D: 24962139ms, C: false, I: true, N: 0
08-04 14:13:58.700  5392  5392 I Finsky  : [1] xio.a(57): SCH: ConstraintMapping: 1-1337,  -> L: 28314215ms, D: 71514215ms, C: false, I: false, N: 1
08-04 14:13:58.701  5392  5392 I Finsky  : [1] xio.a(57): SCH: ConstraintMapping: 3-193,  -> L: 0ms, D: 85924169ms, C: false, I: true, N: 2
08-04 14:13:58.702  5392  5392 I Finsky  : [1] xio.a(57): SCH: ConstraintMapping: 3-194,  -> L: 0ms, D: 85924186ms, C: true, I: true, N: 2
08-04 14:13:58.702  5392  5392 I Finsky  : [1] xio.a(57): SCH: ConstraintMapping: 26-1414141414,  -> L: 32427338ms, D: 33327338ms, C: false, I: false, N: 0
08-04 14:13:58.717  5392  5392 I Finsky  : [1] xle.a(34): Cancelling existing jobscheduler jobs: 9001 9008 9011 9019 9018 9014 9017 9012 
08-04 14:13:58.718  5392  5392 I Finsky  : [1] xle.a(10): Throttling wakeup for job 9000 (expected to run in 0 ms) due to recent wakeup
08-04 14:13:58.718  5392  5392 I Finsky  : [1] xle.a(27): Scheduling job Id: 9000, L: 30000, D: 24962139, C: false, I: true, N: 0
08-04 14:13:58.719  5392  5392 I Finsky  : [1] xle.a(27): Scheduling job Id: 9002, L: 28314215, D: 71514215, C: false, I: false, N: 1
08-04 14:13:58.720  5392  5392 I Finsky  : [1] xle.a(10): Throttling wakeup for job 9003 (expected to run in 0 ms) due to recent wakeup
08-04 14:13:58.721  5392  5392 I Finsky  : [1] xle.a(27): Scheduling job Id: 9003, L: 30000, D: 85924169, C: false, I: true, N: 2
08-04 14:13:58.722  5392  5392 I Finsky  : [1] xle.a(10): Throttling wakeup for job 9004 (expected to run in 0 ms) due to recent wakeup
08-04 14:13:58.722  5392  5392 I Finsky  : [1] xle.a(27): Scheduling job Id: 9004, L: 30000, D: 85924186, C: true, I: true, N: 2
08-04 14:13:58.723 12327 12341 I art     : Explicit concurrent mark sweep GC freed 3(96B) AllocSpace objects, 0(0B) LOS objects, 39% free, 24MB/40MB, paused 228us total 26.141ms
08-04 14:13:58.723  5392  5392 I Finsky  : [1] xle.a(27): Scheduling job Id: 9005, L: 32427338, D: 33327338, C: false, I: false, N: 0
08-04 14:13:58.724  5392  5392 I Finsky  : [1] xle.a(10): Throttling wakeup for job 9006 (expected to run in 0 ms) due to recent wakeup
08-04 14:13:58.725  5392  5392 I Finsky  : [1] xle.a(27): Scheduling job Id: 9006, L: 30000, D: 24962139, C: false, I: true, N: 0
08-04 14:13:58.726  5392  5392 I Finsky  : [1] xle.a(27): Scheduling job Id: 9007, L: 28314215, D: 71514215, C: false, I: false, N: 1
08-04 14:13:58.727  5392  5392 I Finsky  : [1] xle.a(10): Throttling wakeup for job 9009 (expected to run in 0 ms) due to recent wakeup
08-04 14:13:58.728  5392  5392 I Finsky  : [1] xle.a(27): Scheduling job Id: 9009, L: 30000, D: 85924169, C: false, I: true, N: 2
08-04 14:13:58.729  5392  5392 I Finsky  : [1] xle.a(10): Throttling wakeup for job 9010 (expected to run in 0 ms) due to recent wakeup
08-04 14:13:58.729  5392  5392 I Finsky  : [1] xle.a(27): Scheduling job Id: 9010, L: 30000, D: 85924186, C: true, I: true, N: 2
08-04 14:13:58.731  5392  5392 I Finsky  : [1] xle.a(27): Scheduling job Id: 9013, L: 32427338, D: 33327338, C: false, I: false, N: 0
08-04 14:13:58.881 12984 12984 D AndroidRuntime: >>>>>> START com.android.internal.os.RuntimeInit uid 2000 <<<<<<
08-04 14:13:58.886 12984 12984 D AndroidRuntime: CheckJNI is OFF
08-04 14:13:58.917 12984 12984 D ICU     : No timezone override file found: /data/misc/zoneinfo/current/icu/icu_tzdata.dat
08-04 14:13:58.949 12984 12984 I Radio-JNI: register_android_hardware_Radio DONE
08-04 14:13:58.971 12984 12984 D AndroidRuntime: Calling main entry com.android.commands.input.Input
08-04 14:13:58.973 12984 12984 I Input   : injectMotionEvent: MotionEvent { action=ACTION_DOWN, actionButton=0, id[0]=0, x[0]=600.0, y[0]=700.0, toolType[0]=TOOL_TYPE_UNKNOWN, buttonState=0, metaState=0, flags=0x0, edgeFlags=0x0, pointerCount=1, historySize=0, eventTime=713655385, downTime=713655385, deviceId=0, source=0x1002 }
08-04 14:13:58.977 12984 12984 I Input   : injectMotionEvent: MotionEvent { action=ACTION_UP, actionButton=0, id[0]=0, x[0]=600.0, y[0]=700.0, toolType[0]=TOOL_TYPE_UNKNOWN, buttonState=0, metaState=0, flags=0x0, edgeFlags=0x0, pointerCount=1, historySize=0, eventTime=713655385, downTime=713655385, deviceId=0, source=0x1002 }
08-04 14:13:58.978 12327 12327 I RRChoreographer: Using modern Choreographer
08-04 14:13:58.979 12984 12984 D AndroidRuntime: Shutting down VM
08-04 14:13:58.997   512  2967 D audio_hw_primary: out_set_parameters: enter: usecase(1: low-latency-playback) kvpairs: routing=2
08-04 14:13:59.001   918  3670 I ActivityManager: START u0 {dat=https://oauth.reddit.com/... cmp=baseline.org.quantumbadger.redreader/.activities.CommentListingActivity} from uid 10666 on display 0
08-04 14:13:59.011   512  2967 D audio_hw_primary: select_devices: out_snd_device(2: speaker) in_snd_device(0: none)
08-04 14:13:59.011   512  2967 D msm8974_platform: platform_send_audio_calibration: sending audio calibration for snd_device(2) acdb_id(15)
08-04 14:13:59.011   512  2967 I soundtrigger: audio_extn_sound_trigger_update_device_status: device 0x2 of type 0 for Event 1
08-04 14:13:59.014 12327 12352 I art     : Starting a blocking GC Explicit
08-04 14:13:59.028 12327 12327 I AppCompatViewInflater: app:theme is now deprecated. Please move to using android:theme instead.
08-04 14:13:59.032   512  2967 D audio_hw_primary: enable_snd_device: snd_device(2: speaker)
08-04 14:13:59.034   512  2967 D audio_hw_primary: enable_audio_route: apply and update mixer path: low-latency-playback speaker
08-04 14:13:59.045 12327 12352 I art     : Explicit concurrent mark sweep GC freed 3147(176KB) AllocSpace objects, 1(20KB) LOS objects, 39% free, 24MB/40MB, paused 683us total 30.799ms
08-04 14:13:59.049 12327 13015 D OK      : calling: https://oauth.reddit.com/comments/gvc7k9/.json?sort=confidence
08-04 14:13:59.058 12327 12352 I art     : Starting a blocking GC Explicit
08-04 14:13:59.085 12327 12352 I art     : Explicit concurrent mark sweep GC freed 642(80KB) AllocSpace objects, 0(0B) LOS objects, 39% free, 24MB/40MB, paused 259us total 27.339ms
08-04 14:13:59.098 12327 12352 I art     : Starting a blocking GC Explicit
08-04 14:13:59.126 12327 12352 I art     : Explicit concurrent mark sweep GC freed 679(24KB) AllocSpace objects, 0(0B) LOS objects, 39% free, 24MB/40MB, paused 512us total 27.906ms
08-04 14:13:59.139 12327 12352 I art     : Starting a blocking GC Explicit
08-04 14:13:59.141   918   936 I ActivityManager: Displayed baseline.org.quantumbadger.redreader/.activities.CommentListingActivity: +130ms
08-04 14:13:59.143 13866 13866 I GoogleInputMethodServic: GoogleInputMethodService.onFinishInput():3138 
08-04 14:13:59.144 13866 13866 I GoogleInputMethodServic: GoogleInputMethodService.onStartInput():1808 
08-04 14:13:59.172 12327 12352 I art     : Explicit concurrent mark sweep GC freed 168(9KB) AllocSpace objects, 0(0B) LOS objects, 39% free, 24MB/40MB, paused 343us total 32.769ms
08-04 14:13:59.185 12327 12352 I art     : Starting a blocking GC Explicit
08-04 14:13:59.211 12327 12352 I art     : Explicit concurrent mark sweep GC freed 27(1296B) AllocSpace objects, 0(0B) LOS objects, 39% free, 24MB/40MB, paused 260us total 25.921ms
08-04 14:13:59.230 12327 13015 I NAPPA_EXPERIMENTATION: MetricNetworkRequestExecutionTime: REQUEST_DURATION_SYSTEM='181',REQUEST_DURATION_OKHTTP='177',REQUEST_SYNCHRONOUS='TRUE',RESPONSE_CODE='200',RESPONSE_METHOD='GET',RESPONSE_LENGTH_OKHTTP='-1',RESPONSE_LENGTH_HEADER='90132',REQUEST_PROTOCOL='h2',REQUEST_URL='https://oauth.reddit.com/comments/gvc7k9/.json?sort=confidence',
08-04 14:13:59.230 12327 13015 D OK      : request got status: 200
08-04 14:13:59.239 12327 12901 I CommentListingActivity: COMMENTS session changed to 85af6c9a-de62-42f9-83bf-2c9348dc238a
08-04 14:13:59.310 12223 12223 I ServiceManager: Waiting for service AtCmdFwd...
08-04 14:13:59.393   380   380 W SurfaceFlinger: couldn't log to binary event log: overflow.
08-04 14:13:59.442 12327 13016 I art     : Starting a blocking GC Explicit
08-04 14:13:59.488 12327 13016 I art     : Explicit concurrent mark sweep GC freed 40170(2MB) AllocSpace objects, 4(72KB) LOS objects, 35% free, 28MB/44MB, paused 476us total 45.594ms
08-04 14:13:59.503 12327 13016 I art     : Starting a blocking GC Explicit
08-04 14:13:59.547 12327 13016 I art     : Explicit concurrent mark sweep GC freed 3674(272KB) AllocSpace objects, 1(68KB) LOS objects, 35% free, 28MB/44MB, paused 544us total 43.996ms
08-04 14:13:59.562 12327 13016 I art     : Starting a blocking GC Explicit
08-04 14:13:59.579   512  2967 D audio_hw_primary: disable_audio_route: reset and update mixer path: low-latency-playback speaker
08-04 14:13:59.580   512  2967 D audio_hw_primary: disable_snd_device: snd_device(2: speaker)
08-04 14:13:59.587   512  2967 I soundtrigger: audio_extn_sound_trigger_update_device_status: device 0x2 of type 0 for Event 0
08-04 14:13:59.604 12327 13016 I art     : Explicit concurrent mark sweep GC freed 19448(917KB) AllocSpace objects, 1(68KB) LOS objects, 36% free, 27MB/43MB, paused 285us total 41.288ms
08-04 14:13:59.618 12327 13016 I art     : Starting a blocking GC Explicit
08-04 14:13:59.655 12327 13016 I art     : Explicit concurrent mark sweep GC freed 20(848B) AllocSpace objects, 0(0B) LOS objects, 36% free, 27MB/43MB, paused 231us total 36.115ms
08-04 14:13:59.669 12327 13016 I art     : Starting a blocking GC Explicit
08-04 14:13:59.710 12327 13016 I art     : Explicit concurrent mark sweep GC freed 3(96B) AllocSpace objects, 0(0B) LOS objects, 36% free, 27MB/43MB, paused 269us total 40.467ms
08-04 14:13:59.999 12327 12340 I art     : Starting a blocking GC Explicit
08-04 14:14:00.046 12327 12340 I art     : Explicit concurrent mark sweep GC freed 1343(78KB) AllocSpace objects, 1(20KB) LOS objects, 36% free, 27MB/43MB, paused 230us total 47.569ms
08-04 14:14:00.061 12327 12340 I art     : Starting a blocking GC Explicit
08-04 14:14:00.098 12327 12340 I art     : Explicit concurrent mark sweep GC freed 20(704B) AllocSpace objects, 0(0B) LOS objects, 36% free, 27MB/43MB, paused 231us total 37.139ms
08-04 14:14:00.112 12327 12340 I art     : Starting a blocking GC Explicit
08-04 14:14:00.155 12327 12340 I art     : Explicit concurrent mark sweep GC freed 49(1920B) AllocSpace objects, 0(0B) LOS objects, 36% free, 27MB/43MB, paused 266us total 42.106ms
08-04 14:14:00.170 12327 12340 I art     : Starting a blocking GC Explicit
08-04 14:14:00.214 12327 12340 I art     : Explicit concurrent mark sweep GC freed 3(96B) AllocSpace objects, 0(0B) LOS objects, 36% free, 27MB/43MB, paused 262us total 43.687ms
08-04 14:14:00.229 12327 12340 I art     : Starting a blocking GC Explicit
08-04 14:14:00.275 12327 12340 I art     : Explicit concurrent mark sweep GC freed 3(96B) AllocSpace objects, 0(0B) LOS objects, 36% free, 27MB/43MB, paused 265us total 45.148ms
08-04 14:14:00.310 12223 12223 W Atfwd_Sendcmd: AtCmdFwd service not published, waiting... retryCnt : 4
08-04 14:14:00.563 12327 12341 I art     : Starting a blocking GC Explicit
08-04 14:14:00.621 12327 12341 I art     : Explicit concurrent mark sweep GC freed 1343(78KB) AllocSpace objects, 1(20KB) LOS objects, 36% free, 27MB/43MB, paused 348us total 57.830ms
08-04 14:14:00.638 12327 12341 I art     : Starting a blocking GC Explicit
08-04 14:14:00.683 12327 12341 I art     : Explicit concurrent mark sweep GC freed 20(704B) AllocSpace objects, 0(0B) LOS objects, 36% free, 27MB/43MB, paused 278us total 45.078ms
08-04 14:14:00.699 12327 12341 I art     : Starting a blocking GC Explicit
08-04 14:14:00.744 12327 12341 I art     : Explicit concurrent mark sweep GC freed 3(96B) AllocSpace objects, 0(0B) LOS objects, 36% free, 27MB/43MB, paused 336us total 45.365ms
08-04 14:14:00.760 12327 12341 I art     : Starting a blocking GC Explicit
08-04 14:14:00.805 12327 12341 I art     : Explicit concurrent mark sweep GC freed 3(96B) AllocSpace objects, 0(0B) LOS objects, 36% free, 27MB/43MB, paused 269us total 44.974ms
08-04 14:14:00.820 12327 12341 I art     : Starting a blocking GC Explicit
08-04 14:14:00.866 12327 12341 I art     : Explicit concurrent mark sweep GC freed 3(96B) AllocSpace objects, 0(0B) LOS objects, 36% free, 27MB/43MB, paused 274us total 45.102ms
08-04 14:14:01.174 12327 12352 I art     : Starting a blocking GC Explicit
08-04 14:14:01.230 12327 12352 I art     : Explicit concurrent mark sweep GC freed 1343(78KB) AllocSpace objects, 1(20KB) LOS objects, 36% free, 27MB/43MB, paused 292us total 56.262ms
08-04 14:14:01.249 12327 12352 I art     : Starting a blocking GC Explicit
08-04 14:14:01.294 12327 12352 I art     : Explicit concurrent mark sweep GC freed 20(704B) AllocSpace objects, 0(0B) LOS objects, 36% free, 27MB/43MB, paused 278us total 44.740ms
08-04 14:14:01.310 12327 12352 I art     : Starting a blocking GC Explicit
08-04 14:14:01.352 12327 12352 I art     : Explicit concurrent mark sweep GC freed 3(96B) AllocSpace objects, 0(0B) LOS objects, 36% free, 27MB/43MB, paused 259us total 41.761ms
08-04 14:14:01.367 12327 12352 I art     : Starting a blocking GC Explicit
08-04 14:14:01.412 12327 12352 I art     : Explicit concurrent mark sweep GC freed 3(96B) AllocSpace objects, 0(0B) LOS objects, 36% free, 27MB/43MB, paused 291us total 44.647ms
08-04 14:14:01.428 12327 12352 I art     : Starting a blocking GC Explicit
08-04 14:14:01.467 12327 12352 I art     : Explicit concurrent mark sweep GC freed 3(96B) AllocSpace objects, 0(0B) LOS objects, 36% free, 27MB/43MB, paused 264us total 39.360ms
08-04 14:14:01.766 12327 13016 I art     : Starting a blocking GC Explicit
08-04 14:14:01.810 12327 13016 I art     : Explicit concurrent mark sweep GC freed 1343(78KB) AllocSpace objects, 1(20KB) LOS objects, 36% free, 27MB/43MB, paused 260us total 43.859ms
08-04 14:14:01.825 12327 13016 I art     : Starting a blocking GC Explicit
08-04 14:14:01.870 12327 13016 I art     : Explicit concurrent mark sweep GC freed 20(704B) AllocSpace objects, 0(0B) LOS objects, 36% free, 27MB/43MB, paused 274us total 44.647ms
08-04 14:14:01.885 12327 13016 I art     : Starting a blocking GC Explicit
08-04 14:14:01.930 12327 13016 I art     : Explicit concurrent mark sweep GC freed 3(96B) AllocSpace objects, 0(0B) LOS objects, 36% free, 27MB/43MB, paused 270us total 45.152ms
08-04 14:14:01.946 12327 13016 I art     : Starting a blocking GC Explicit
08-04 14:14:01.991 12327 13016 I art     : Explicit concurrent mark sweep GC freed 3(96B) AllocSpace objects, 0(0B) LOS objects, 36% free, 27MB/43MB, paused 286us total 44.842ms
08-04 14:14:02.006 12327 13016 I art     : Starting a blocking GC Explicit
08-04 14:14:02.049 12327 13016 I art     : Explicit concurrent mark sweep GC freed 3(96B) AllocSpace objects, 0(0B) LOS objects, 36% free, 27MB/43MB, paused 271us total 43.097ms
08-04 14:14:02.362 12327 12340 I art     : Starting a blocking GC Explicit
08-04 14:14:02.416 12327 12340 I art     : Explicit concurrent mark sweep GC freed 1344(79KB) AllocSpace objects, 1(20KB) LOS objects, 36% free, 27MB/43MB, paused 285us total 52.945ms
08-04 14:14:02.437 12327 12340 I art     : Starting a blocking GC Explicit
08-04 14:14:02.484 12327 12340 I art     : Explicit concurrent mark sweep GC freed 20(704B) AllocSpace objects, 0(0B) LOS objects, 36% free, 27MB/43MB, paused 264us total 46.996ms
08-04 14:14:02.500 12327 12340 I art     : Starting a blocking GC Explicit
08-04 14:14:02.545 12327 12340 I art     : Explicit concurrent mark sweep GC freed 3(96B) AllocSpace objects, 0(0B) LOS objects, 36% free, 27MB/43MB, paused 261us total 44.840ms
08-04 14:14:02.560 12327 12340 I art     : Starting a blocking GC Explicit
08-04 14:14:02.605 12327 12340 I art     : Explicit concurrent mark sweep GC freed 3(96B) AllocSpace objects, 0(0B) LOS objects, 36% free, 27MB/43MB, paused 268us total 45.143ms
08-04 14:14:02.621 12327 12340 I art     : Starting a blocking GC Explicit
08-04 14:14:02.666 12327 12340 I art     : Explicit concurrent mark sweep GC freed 3(96B) AllocSpace objects, 0(0B) LOS objects, 36% free, 27MB/43MB, paused 269us total 45.018ms
08-04 14:14:03.006 12327 12341 I art     : Starting a blocking GC Explicit
08-04 14:14:03.063 12327 12341 I art     : Explicit concurrent mark sweep GC freed 1347(79KB) AllocSpace objects, 1(20KB) LOS objects, 36% free, 27MB/43MB, paused 301us total 56.406ms
08-04 14:14:03.079 12327 12341 I art     : Starting a blocking GC Explicit
08-04 14:14:03.124 12327 12341 I art     : Explicit concurrent mark sweep GC freed 20(704B) AllocSpace objects, 0(0B) LOS objects, 36% free, 27MB/43MB, paused 310us total 44.662ms
08-04 14:14:03.140 12327 12341 I art     : Starting a blocking GC Explicit
08-04 14:14:03.185 12327 12341 I art     : Explicit concurrent mark sweep GC freed 3(96B) AllocSpace objects, 0(0B) LOS objects, 36% free, 27MB/43MB, paused 266us total 44.531ms
08-04 14:14:03.200 12327 12341 I art     : Starting a blocking GC Explicit
08-04 14:14:03.243 12327 12341 I art     : Explicit concurrent mark sweep GC freed 3(96B) AllocSpace objects, 0(0B) LOS objects, 36% free, 27MB/43MB, paused 269us total 42.671ms
08-04 14:14:03.258 12327 12341 I art     : Starting a blocking GC Explicit
08-04 14:14:03.267   918  3261 D WifiStateMachine: starting scan for "H369AA63323"WPA_PSK with 2412,5180
08-04 14:14:03.300 12327 12341 I art     : Explicit concurrent mark sweep GC freed 3(96B) AllocSpace objects, 0(0B) LOS objects, 36% free, 27MB/43MB, paused 261us total 41.685ms
08-04 14:14:03.593 12327 12352 I art     : Starting a blocking GC Explicit
08-04 14:14:03.642 12327 12352 I art     : Explicit concurrent mark sweep GC freed 1344(78KB) AllocSpace objects, 1(20KB) LOS objects, 36% free, 27MB/43MB, paused 268us total 49.134ms
08-04 14:14:03.658 13099 13099 D AndroidRuntime: >>>>>> START com.android.internal.os.RuntimeInit uid 2000 <<<<<<
08-04 14:14:03.658 12327 12352 I art     : Starting a blocking GC Explicit
08-04 14:14:03.663 13099 13099 D AndroidRuntime: CheckJNI is OFF
08-04 14:14:03.697 13099 13099 D ICU     : No timezone override file found: /data/misc/zoneinfo/current/icu/icu_tzdata.dat
08-04 14:14:03.700 12327 12352 I art     : Explicit concurrent mark sweep GC freed 20(704B) AllocSpace objects, 0(0B) LOS objects, 36% free, 27MB/43MB, paused 272us total 41.310ms
08-04 14:14:03.715 12327 12352 I art     : Starting a blocking GC Explicit
08-04 14:14:03.734 13099 13099 I Radio-JNI: register_android_hardware_Radio DONE
08-04 14:14:03.755 12327 12352 I art     : Explicit concurrent mark sweep GC freed 3(96B) AllocSpace objects, 0(0B) LOS objects, 36% free, 27MB/43MB, paused 252us total 39.487ms
08-04 14:14:03.755 13099 13099 D AndroidRuntime: Calling main entry com.android.commands.input.Input
08-04 14:14:03.756 13099 13099 I Input   : injectKeyEvent: KeyEvent { action=ACTION_DOWN, keyCode=KEYCODE_BACK, scanCode=0, metaState=0, flags=0x0, repeatCount=0, eventTime=713660169, downTime=713660169, deviceId=-1, source=0x101 }
08-04 14:14:03.762 13099 13099 I Input   : injectKeyEvent: KeyEvent { action=ACTION_UP, keyCode=KEYCODE_BACK, scanCode=0, metaState=0, flags=0x0, repeatCount=0, eventTime=713660169, downTime=713660169, deviceId=-1, source=0x101 }
08-04 14:14:03.768 13099 13099 D AndroidRuntime: Shutting down VM
08-04 14:14:03.769 12327 12352 I art     : Starting a blocking GC Explicit
08-04 14:14:03.807 12327 12352 I art     : Explicit concurrent mark sweep GC freed 134(5KB) AllocSpace objects, 0(0B) LOS objects, 36% free, 27MB/43MB, paused 405us total 37.016ms
08-04 14:14:03.807 13866 13866 I GoogleInputMethodServic: GoogleInputMethodService.onFinishInput():3138 
08-04 14:14:03.808 13866 13866 I GoogleInputMethodServic: GoogleInputMethodService.onStartInput():1808 
08-04 14:14:03.821 12327 12352 I art     : Starting a blocking GC Explicit
08-04 14:14:03.861 12327 12352 I art     : Explicit concurrent mark sweep GC freed 114(4KB) AllocSpace objects, 0(0B) LOS objects, 36% free, 27MB/43MB, paused 292us total 40.401ms
08-04 14:14:04.011 12327 13013 I RedditChangeDataIO: Writing tmp data file at '/data/user/0/baseline.org.quantumbadger.redreader/files/rr_change_data_tmp.dat'
08-04 14:14:04.012 12327 13013 I RedditChangeDataManager: Taking snapshot...
08-04 14:14:04.012 12327 13013 I RedditChangeDataManager: Writing to stream...
08-04 14:14:04.012 12327 13013 I RedditChangeDataManager: Wrote 1 entries for user ''
08-04 14:14:04.012 12327 13013 I RedditChangeDataManager: All entries written to stream.
08-04 14:14:04.012 12327 13013 I RedditChangeDataIO: Write successful. Atomically replacing data file...
08-04 14:14:04.013 12327 13013 I RedditChangeDataIO: Write complete.
08-04 14:14:04.013 12327 13013 I RedditChangeDataIO: 38 bytes written in 2 ms
08-04 14:14:04.124 12327 12340 I art     : Starting a blocking GC Explicit
08-04 14:14:04.131   380   380 W SurfaceFlinger: couldn't log to binary event log: overflow.
08-04 14:14:04.171 12327 12340 I art     : Explicit concurrent mark sweep GC freed 1483(86KB) AllocSpace objects, 2(88KB) LOS objects, 36% free, 27MB/43MB, paused 301us total 46.776ms
08-04 14:14:04.185 12327 12340 I art     : Starting a blocking GC Explicit
08-04 14:14:04.226 12327 12340 I art     : Explicit concurrent mark sweep GC freed 31(1152B) AllocSpace objects, 0(0B) LOS objects, 36% free, 27MB/43MB, paused 265us total 40.937ms
08-04 14:14:04.240 12327 12340 I art     : Starting a blocking GC Explicit
08-04 14:14:04.275 12327 12340 I art     : Explicit concurrent mark sweep GC freed 46757(2MB) AllocSpace objects, 5(140KB) LOS objects, 39% free, 24MB/40MB, paused 255us total 34.504ms
08-04 14:14:04.289 12327 12340 I art     : Starting a blocking GC Explicit
08-04 14:14:04.318 12327 12340 I art     : Explicit concurrent mark sweep GC freed 3(96B) AllocSpace objects, 0(0B) LOS objects, 39% free, 24MB/40MB, paused 258us total 29.133ms
08-04 14:14:04.331 12327 12340 I art     : Starting a blocking GC Explicit
08-04 14:14:04.361 12327 12340 I art     : Explicit concurrent mark sweep GC freed 3(96B) AllocSpace objects, 0(0B) LOS objects, 39% free, 24MB/40MB, paused 254us total 30.267ms
08-04 14:14:04.641 12327 12341 I art     : Starting a blocking GC Explicit
08-04 14:14:04.677 12327 12341 I art     : Explicit concurrent mark sweep GC freed 1618(122KB) AllocSpace objects, 1(20KB) LOS objects, 39% free, 24MB/40MB, paused 273us total 35.542ms
08-04 14:14:04.694 12327 12341 I art     : Starting a blocking GC Explicit
08-04 14:14:04.724 12327 12341 I art     : Explicit concurrent mark sweep GC freed 85(2880B) AllocSpace objects, 0(0B) LOS objects, 39% free, 24MB/40MB, paused 247us total 30.699ms
08-04 14:14:04.738 12327 12341 I art     : Starting a blocking GC Explicit
08-04 14:14:04.769 12327 12341 I art     : Explicit concurrent mark sweep GC freed 3(96B) AllocSpace objects, 0(0B) LOS objects, 39% free, 24MB/40MB, paused 233us total 30.652ms
08-04 14:14:04.782 12327 12341 I art     : Starting a blocking GC Explicit
08-04 14:14:04.813 12327 12341 I art     : Explicit concurrent mark sweep GC freed 3(96B) AllocSpace objects, 0(0B) LOS objects, 39% free, 24MB/40MB, paused 236us total 30.661ms
08-04 14:14:04.826 12327 12341 I art     : Starting a blocking GC Explicit
08-04 14:14:04.857 12327 12341 I art     : Explicit concurrent mark sweep GC freed 3(96B) AllocSpace objects, 0(0B) LOS objects, 39% free, 24MB/40MB, paused 238us total 30.560ms
08-04 14:14:05.120 12327 13016 I art     : Starting a blocking GC Explicit
08-04 14:14:05.151 12327 13016 I art     : Explicit concurrent mark sweep GC freed 1343(78KB) AllocSpace objects, 1(20KB) LOS objects, 39% free, 24MB/40MB, paused 240us total 30.342ms
08-04 14:14:05.165 12327 13016 I art     : Starting a blocking GC Explicit
08-04 14:14:05.193 12327 13016 I art     : Explicit concurrent mark sweep GC freed 20(704B) AllocSpace objects, 0(0B) LOS objects, 39% free, 24MB/40MB, paused 235us total 28.583ms
08-04 14:14:05.206 12327 13016 I art     : Starting a blocking GC Explicit
08-04 14:14:05.235 12327 13016 I art     : Explicit concurrent mark sweep GC freed 3(96B) AllocSpace objects, 0(0B) LOS objects, 39% free, 24MB/40MB, paused 236us total 28.269ms
08-04 14:14:05.247 12327 13016 I art     : Starting a blocking GC Explicit
08-04 14:14:05.276 12327 13016 I art     : Explicit concurrent mark sweep GC freed 3(96B) AllocSpace objects, 0(0B) LOS objects, 39% free, 24MB/40MB, paused 231us total 28.273ms
08-04 14:14:05.289 12327 13016 I art     : Starting a blocking GC Explicit
08-04 14:14:05.318 12327 13016 I art     : Explicit concurrent mark sweep GC freed 3(96B) AllocSpace objects, 0(0B) LOS objects, 39% free, 24MB/40MB, paused 235us total 29.188ms
08-04 14:14:05.433 13145 13145 D AndroidRuntime: >>>>>> START com.android.internal.os.RuntimeInit uid 2000 <<<<<<
08-04 14:14:05.439 13145 13145 D AndroidRuntime: CheckJNI is OFF
08-04 14:14:05.476 13145 13145 D ICU     : No timezone override file found: /data/misc/zoneinfo/current/icu/icu_tzdata.dat
08-04 14:14:05.509 13145 13145 I Radio-JNI: register_android_hardware_Radio DONE
08-04 14:14:05.531 13145 13145 D AndroidRuntime: Calling main entry com.android.commands.input.Input
08-04 14:14:05.532 13145 13145 I Input   : injectMotionEvent: MotionEvent { action=ACTION_DOWN, actionButton=0, id[0]=0, x[0]=600.0, y[0]=950.0, toolType[0]=TOOL_TYPE_UNKNOWN, buttonState=0, metaState=0, flags=0x0, edgeFlags=0x0, pointerCount=1, historySize=0, eventTime=713661945, downTime=713661945, deviceId=0, source=0x1002 }
08-04 14:14:05.537 13145 13145 I Input   : injectMotionEvent: MotionEvent { action=ACTION_UP, actionButton=0, id[0]=0, x[0]=600.0, y[0]=950.0, toolType[0]=TOOL_TYPE_UNKNOWN, buttonState=0, metaState=0, flags=0x0, edgeFlags=0x0, pointerCount=1, historySize=0, eventTime=713661945, downTime=713661945, deviceId=0, source=0x1002 }
08-04 14:14:05.539 13145 13145 D AndroidRuntime: Shutting down VM
08-04 14:14:05.554   512  2967 D audio_hw_primary: out_set_parameters: enter: usecase(1: low-latency-playback) kvpairs: routing=2
08-04 14:14:05.556   918  3359 I ActivityManager: START u0 {dat=https://oauth.reddit.com/... cmp=baseline.org.quantumbadger.redreader/.activities.CommentListingActivity} from uid 10666 on display 0
08-04 14:14:05.567   512  2967 D audio_hw_primary: select_devices: out_snd_device(2: speaker) in_snd_device(0: none)
08-04 14:14:05.567   512  2967 D msm8974_platform: platform_send_audio_calibration: sending audio calibration for snd_device(2) acdb_id(15)
08-04 14:14:05.567   512  2967 I soundtrigger: audio_extn_sound_trigger_update_device_status: device 0x2 of type 0 for Event 1
08-04 14:14:05.580   512  2967 D audio_hw_primary: enable_snd_device: snd_device(2: speaker)
08-04 14:14:05.582   512  2967 D audio_hw_primary: enable_audio_route: apply and update mixer path: low-latency-playback speaker
08-04 14:14:05.589 12327 12327 I AppCompatViewInflater: app:theme is now deprecated. Please move to using android:theme instead.
08-04 14:14:05.606 12327 13181 D OK      : calling: https://oauth.reddit.com/comments/hwnhe2/.json?sort=confidence
08-04 14:14:05.615 12327 12340 I art     : Starting a blocking GC Explicit
08-04 14:14:05.643 12327 12340 I art     : Explicit concurrent mark sweep GC freed 3426(192KB) AllocSpace objects, 1(20KB) LOS objects, 39% free, 24MB/40MB, paused 287us total 27.998ms
08-04 14:14:05.656 12327 12340 I art     : Starting a blocking GC Explicit
08-04 14:14:05.680   918   936 I ActivityManager: Displayed baseline.org.quantumbadger.redreader/.activities.CommentListingActivity: +112ms
08-04 14:14:05.681 13866 13866 I GoogleInputMethodServic: GoogleInputMethodService.onFinishInput():3138 
08-04 14:14:05.681 13866 13866 I GoogleInputMethodServic: GoogleInputMethodService.onStartInput():1808 
08-04 14:14:05.685 12327 12340 I art     : Explicit concurrent mark sweep GC freed 994(41KB) AllocSpace objects, 0(0B) LOS objects, 38% free, 25MB/41MB, paused 559us total 28.993ms
08-04 14:14:05.699 12327 12340 I art     : Starting a blocking GC Explicit
08-04 14:14:05.728 12327 12340 I art     : Explicit concurrent mark sweep GC freed 1988(80KB) AllocSpace objects, 0(0B) LOS objects, 38% free, 25MB/41MB, paused 315us total 28.841ms
08-04 14:14:05.741 12327 12340 I art     : Starting a blocking GC Explicit
08-04 14:14:05.768 12327 12340 I art     : Explicit concurrent mark sweep GC freed 208(7KB) AllocSpace objects, 0(0B) LOS objects, 38% free, 25MB/41MB, paused 253us total 27.319ms
08-04 14:14:05.781 12327 12340 I art     : Starting a blocking GC Explicit
08-04 14:14:05.811 12327 12340 I art     : Explicit concurrent mark sweep GC freed 34(1584B) AllocSpace objects, 0(0B) LOS objects, 38% free, 25MB/41MB, paused 287us total 29.947ms
08-04 14:14:05.881 12327 13181 I NAPPA_EXPERIMENTATION: MetricNetworkRequestExecutionTime: REQUEST_DURATION_SYSTEM='274',REQUEST_DURATION_OKHTTP='143',REQUEST_SYNCHRONOUS='TRUE',RESPONSE_CODE='200',RESPONSE_METHOD='GET',RESPONSE_LENGTH_OKHTTP='-1',RESPONSE_LENGTH_HEADER='3930',REQUEST_PROTOCOL='h2',REQUEST_URL='https://oauth.reddit.com/comments/hwnhe2/.json?sort=confidence',
08-04 14:14:05.881 12327 13181 D OK      : request got status: 200
08-04 14:14:05.887 12327 12901 I CommentListingActivity: COMMENTS session changed to c37aa88c-cd6b-4b61-b420-dc601b900877
08-04 14:14:05.918   380   380 W SurfaceFlinger: couldn't log to binary event log: overflow.
08-04 14:14:06.047 12327 12352 I art     : Starting a blocking GC Explicit
08-04 14:14:06.079 12327 12352 I art     : Explicit concurrent mark sweep GC freed 5952(473KB) AllocSpace objects, 5(188KB) LOS objects, 38% free, 25MB/41MB, paused 307us total 31.636ms
08-04 14:14:06.091 12327 12352 I art     : Starting a blocking GC Explicit
08-04 14:14:06.121 12327 12352 I art     : Explicit concurrent mark sweep GC freed 121(5KB) AllocSpace objects, 0(0B) LOS objects, 38% free, 25MB/41MB, paused 222us total 28.841ms
08-04 14:14:06.128   512  2967 D audio_hw_primary: disable_audio_route: reset and update mixer path: low-latency-playback speaker
08-04 14:14:06.129   512  2967 D audio_hw_primary: disable_snd_device: snd_device(2: speaker)
08-04 14:14:06.133 12327 12352 I art     : Starting a blocking GC Explicit
08-04 14:14:06.138   512  2967 I soundtrigger: audio_extn_sound_trigger_update_device_status: device 0x2 of type 0 for Event 0
08-04 14:14:06.160 12327 12352 I art     : Explicit concurrent mark sweep GC freed 3(96B) AllocSpace objects, 0(0B) LOS objects, 38% free, 25MB/41MB, paused 223us total 26.429ms
08-04 14:14:06.172 12327 12352 I art     : Starting a blocking GC Explicit
08-04 14:14:06.199 12327 12352 I art     : Explicit concurrent mark sweep GC freed 3(96B) AllocSpace objects, 0(0B) LOS objects, 38% free, 25MB/41MB, paused 243us total 26.643ms
08-04 14:14:06.211 12327 12352 I art     : Starting a blocking GC Explicit
08-04 14:14:06.238 12327 12352 I art     : Explicit concurrent mark sweep GC freed 3(96B) AllocSpace objects, 0(0B) LOS objects, 38% free, 25MB/41MB, paused 218us total 26.833ms
08-04 14:14:06.510 12327 12341 I art     : Starting a blocking GC Explicit
08-04 14:14:06.542 12327 12341 I art     : Explicit concurrent mark sweep GC freed 1343(79KB) AllocSpace objects, 1(20KB) LOS objects, 38% free, 25MB/41MB, paused 233us total 31.925ms
08-04 14:14:06.556 12327 12341 I art     : Starting a blocking GC Explicit
08-04 14:14:06.587 12327 12341 I art     : Explicit concurrent mark sweep GC freed 20(704B) AllocSpace objects, 0(0B) LOS objects, 38% free, 25MB/41MB, paused 232us total 30.734ms
08-04 14:14:06.600 12327 12341 I art     : Starting a blocking GC Explicit
08-04 14:14:06.630 12327 12341 I art     : Explicit concurrent mark sweep GC freed 49(1920B) AllocSpace objects, 0(0B) LOS objects, 38% free, 25MB/41MB, paused 255us total 30.736ms
08-04 14:14:06.644 12327 12341 I art     : Starting a blocking GC Explicit
08-04 14:14:06.675 12327 12341 I art     : Explicit concurrent mark sweep GC freed 3(96B) AllocSpace objects, 0(0B) LOS objects, 38% free, 25MB/41MB, paused 261us total 31.395ms
08-04 14:14:06.689 12327 12341 I art     : Starting a blocking GC Explicit
08-04 14:14:06.721 12327 12341 I art     : Explicit concurrent mark sweep GC freed 3(96B) AllocSpace objects, 0(0B) LOS objects, 38% free, 25MB/41MB, paused 263us total 31.777ms
08-04 14:14:06.994 12327 13016 I art     : Starting a blocking GC Explicit
08-04 14:14:07.035 12327 13016 I art     : Explicit concurrent mark sweep GC freed 1343(79KB) AllocSpace objects, 1(20KB) LOS objects, 38% free, 25MB/41MB, paused 284us total 40.936ms
08-04 14:14:07.054 12327 13016 I art     : Starting a blocking GC Explicit
08-04 14:14:07.086 12327 13016 I art     : Explicit concurrent mark sweep GC freed 20(704B) AllocSpace objects, 0(0B) LOS objects, 38% free, 25MB/41MB, paused 265us total 31.719ms
08-04 14:14:07.099 12327 13016 I art     : Starting a blocking GC Explicit
08-04 14:14:07.132 12327 13016 I art     : Explicit concurrent mark sweep GC freed 3(96B) AllocSpace objects, 0(0B) LOS objects, 38% free, 25MB/41MB, paused 261us total 32.663ms
08-04 14:14:07.146 12327 13016 I art     : Starting a blocking GC Explicit
08-04 14:14:07.180 12327 13016 I art     : Explicit concurrent mark sweep GC freed 3(96B) AllocSpace objects, 0(0B) LOS objects, 38% free, 25MB/41MB, paused 288us total 33.387ms
08-04 14:14:07.194 12327 13016 I art     : Starting a blocking GC Explicit
08-04 14:14:07.227 12327 13016 I art     : Explicit concurrent mark sweep GC freed 3(96B) AllocSpace objects, 0(0B) LOS objects, 38% free, 25MB/41MB, paused 394us total 33.184ms
08-04 14:14:07.544 12327 12352 I art     : Starting a blocking GC Explicit
08-04 14:14:07.582 12327 12352 I art     : Explicit concurrent mark sweep GC freed 1343(79KB) AllocSpace objects, 1(20KB) LOS objects, 38% free, 25MB/41MB, paused 256us total 38.078ms
08-04 14:14:07.596 12327 12352 I art     : Starting a blocking GC Explicit
08-04 14:14:07.629 12327 12352 I art     : Explicit concurrent mark sweep GC freed 20(704B) AllocSpace objects, 0(0B) LOS objects, 38% free, 25MB/41MB, paused 259us total 32.838ms
08-04 14:14:07.642 12327 12352 I art     : Starting a blocking GC Explicit
08-04 14:14:07.675 12327 12352 I art     : Explicit concurrent mark sweep GC freed 3(96B) AllocSpace objects, 0(0B) LOS objects, 38% free, 25MB/41MB, paused 251us total 32.186ms
08-04 14:14:07.688 12327 12352 I art     : Starting a blocking GC Explicit
08-04 14:14:07.721 12327 12352 I art     : Explicit concurrent mark sweep GC freed 3(96B) AllocSpace objects, 0(0B) LOS objects, 38% free, 25MB/41MB, paused 261us total 32.449ms
08-04 14:14:07.735 12327 12352 I art     : Starting a blocking GC Explicit
08-04 14:14:07.767 12327 12352 I art     : Explicit concurrent mark sweep GC freed 3(96B) AllocSpace objects, 0(0B) LOS objects, 38% free, 25MB/41MB, paused 314us total 31.815ms
08-04 14:14:08.093 12327 12340 I art     : Starting a blocking GC Explicit
08-04 14:14:08.134 12327 12340 I art     : Explicit concurrent mark sweep GC freed 1343(79KB) AllocSpace objects, 1(20KB) LOS objects, 38% free, 25MB/41MB, paused 292us total 40.595ms
08-04 14:14:08.151 12327 12340 I art     : Starting a blocking GC Explicit
08-04 14:14:08.184 12327 12340 I art     : Explicit concurrent mark sweep GC freed 20(704B) AllocSpace objects, 0(0B) LOS objects, 38% free, 25MB/41MB, paused 260us total 32.547ms
08-04 14:14:08.197 12327 12340 I art     : Starting a blocking GC Explicit
08-04 14:14:08.230 12327 12340 I art     : Explicit concurrent mark sweep GC freed 3(96B) AllocSpace objects, 0(0B) LOS objects, 38% free, 25MB/41MB, paused 254us total 32.623ms
08-04 14:14:08.244 12327 12340 I art     : Starting a blocking GC Explicit
08-04 14:14:08.277 12327 12340 I art     : Explicit concurrent mark sweep GC freed 3(96B) AllocSpace objects, 0(0B) LOS objects, 38% free, 25MB/41MB, paused 254us total 32.689ms
08-04 14:14:08.290 12327 12340 I art     : Starting a blocking GC Explicit
08-04 14:14:08.323 12327 12340 I art     : Explicit concurrent mark sweep GC freed 3(96B) AllocSpace objects, 0(0B) LOS objects, 38% free, 25MB/41MB, paused 252us total 32.929ms
08-04 14:14:08.655 12327 12341 I art     : Starting a blocking GC Explicit
08-04 14:14:08.697 12327 12341 I art     : Explicit concurrent mark sweep GC freed 1344(79KB) AllocSpace objects, 1(20KB) LOS objects, 38% free, 25MB/41MB, paused 292us total 42.401ms
08-04 14:14:08.716 12327 12341 I art     : Starting a blocking GC Explicit
08-04 14:14:08.747 12327 12341 I art     : Explicit concurrent mark sweep GC freed 20(704B) AllocSpace objects, 0(0B) LOS objects, 38% free, 25MB/41MB, paused 315us total 31.078ms
08-04 14:14:08.760 12327 12341 I art     : Starting a blocking GC Explicit
08-04 14:14:08.793 12327 12341 I art     : Explicit concurrent mark sweep GC freed 3(96B) AllocSpace objects, 0(0B) LOS objects, 38% free, 25MB/41MB, paused 248us total 32.674ms
08-04 14:14:08.807 12327 12341 I art     : Starting a blocking GC Explicit
08-04 14:14:08.838 12327 12341 I art     : Explicit concurrent mark sweep GC freed 3(96B) AllocSpace objects, 0(0B) LOS objects, 38% free, 25MB/41MB, paused 266us total 31.730ms
08-04 14:14:08.852 12327 12341 I art     : Starting a blocking GC Explicit
08-04 14:14:08.885 12327 12341 I art     : Explicit concurrent mark sweep GC freed 3(96B) AllocSpace objects, 0(0B) LOS objects, 38% free, 25MB/41MB, paused 267us total 32.569ms
08-04 14:14:09.198 12327 13016 I art     : Starting a blocking GC Explicit
08-04 14:14:09.239 12327 13016 I art     : Explicit concurrent mark sweep GC freed 1347(79KB) AllocSpace objects, 1(20KB) LOS objects, 38% free, 25MB/41MB, paused 289us total 40.862ms
08-04 14:14:09.256 12327 13016 I art     : Starting a blocking GC Explicit
08-04 14:14:09.295 12327 13016 I art     : Explicit concurrent mark sweep GC freed 20(704B) AllocSpace objects, 0(0B) LOS objects, 38% free, 25MB/41MB, paused 268us total 38.146ms
08-04 14:14:09.308 12327 13016 I art     : Starting a blocking GC Explicit
08-04 14:14:09.341 12327 13016 I art     : Explicit concurrent mark sweep GC freed 3(96B) AllocSpace objects, 0(0B) LOS objects, 38% free, 25MB/41MB, paused 267us total 32.448ms
08-04 14:14:09.354 12327 13016 I art     : Starting a blocking GC Explicit
08-04 14:14:09.387 12327 13016 I art     : Explicit concurrent mark sweep GC freed 3(96B) AllocSpace objects, 0(0B) LOS objects, 38% free, 25MB/41MB, paused 294us total 32.629ms
08-04 14:14:09.401 12327 13016 I art     : Starting a blocking GC Explicit
08-04 14:14:09.433 12327 13016 I art     : Explicit concurrent mark sweep GC freed 3(96B) AllocSpace objects, 0(0B) LOS objects, 38% free, 25MB/41MB, paused 250us total 31.982ms
08-04 14:14:09.742 12327 12352 I art     : Starting a blocking GC Explicit
08-04 14:14:09.788 12327 12352 I art     : Explicit concurrent mark sweep GC freed 1344(79KB) AllocSpace objects, 1(20KB) LOS objects, 38% free, 25MB/41MB, paused 329us total 45.428ms
08-04 14:14:09.809 12327 12352 I art     : Starting a blocking GC Explicit
08-04 14:14:09.838 12327 12352 I art     : Explicit concurrent mark sweep GC freed 20(704B) AllocSpace objects, 0(0B) LOS objects, 38% free, 25MB/41MB, paused 265us total 29.204ms
08-04 14:14:09.851 12327 12352 I art     : Starting a blocking GC Explicit
08-04 14:14:09.880 12327 12352 I art     : Explicit concurrent mark sweep GC freed 3(96B) AllocSpace objects, 0(0B) LOS objects, 38% free, 25MB/41MB, paused 235us total 29.394ms
08-04 14:14:09.893 12327 12352 I art     : Starting a blocking GC Explicit
08-04 14:14:09.924 12327 12352 I art     : Explicit concurrent mark sweep GC freed 3(96B) AllocSpace objects, 0(0B) LOS objects, 38% free, 25MB/41MB, paused 250us total 30.842ms
08-04 14:14:09.937 12327 12352 I art     : Starting a blocking GC Explicit
08-04 14:14:09.968 12327 12352 I art     : Explicit concurrent mark sweep GC freed 3(96B) AllocSpace objects, 0(0B) LOS objects, 38% free, 25MB/41MB, paused 270us total 30.193ms
08-04 14:14:10.205 13270 13270 D AndroidRuntime: >>>>>> START com.android.internal.os.RuntimeInit uid 2000 <<<<<<
08-04 14:14:10.211 13270 13270 D AndroidRuntime: CheckJNI is OFF
08-04 14:14:10.245 13270 13270 D ICU     : No timezone override file found: /data/misc/zoneinfo/current/icu/icu_tzdata.dat
08-04 14:14:10.266 12327 12340 I art     : Starting a blocking GC Explicit
08-04 14:14:10.279 13270 13270 I Radio-JNI: register_android_hardware_Radio DONE
08-04 14:14:10.299 12327 12340 I art     : Explicit concurrent mark sweep GC freed 1343(79KB) AllocSpace objects, 1(20KB) LOS objects, 38% free, 25MB/41MB, paused 263us total 32.970ms
08-04 14:14:10.301 13270 13270 D AndroidRuntime: Calling main entry com.android.commands.input.Input
08-04 14:14:10.303 13270 13270 I Input   : injectKeyEvent: KeyEvent { action=ACTION_DOWN, keyCode=KEYCODE_BACK, scanCode=0, metaState=0, flags=0x0, repeatCount=0, eventTime=713666716, downTime=713666716, deviceId=-1, source=0x101 }
08-04 14:14:10.308 13270 13270 I Input   : injectKeyEvent: KeyEvent { action=ACTION_UP, keyCode=KEYCODE_BACK, scanCode=0, metaState=0, flags=0x0, repeatCount=0, eventTime=713666716, downTime=713666716, deviceId=-1, source=0x101 }
08-04 14:14:10.313 12327 12340 I art     : Starting a blocking GC Explicit
08-04 14:14:10.314 13270 13270 D AndroidRuntime: Shutting down VM
08-04 14:14:10.340 12327 12340 I art     : Explicit concurrent mark sweep GC freed 146(5KB) AllocSpace objects, 0(0B) LOS objects, 38% free, 25MB/41MB, paused 259us total 27.775ms
08-04 14:14:10.350 13866 13866 I GoogleInputMethodServic: GoogleInputMethodService.onFinishInput():3138 
08-04 14:14:10.351 13866 13866 I GoogleInputMethodServic: GoogleInputMethodService.onStartInput():1808 
08-04 14:14:10.353 12327 12340 I art     : Starting a blocking GC Explicit
08-04 14:14:10.380 12327 12340 I art     : Explicit concurrent mark sweep GC freed 117(4KB) AllocSpace objects, 0(0B) LOS objects, 38% free, 25MB/41MB, paused 228us total 27.135ms
08-04 14:14:10.393 12327 12340 I art     : Starting a blocking GC Explicit
08-04 14:14:10.420 12327 12340 I art     : Explicit concurrent mark sweep GC freed 10(368B) AllocSpace objects, 0(0B) LOS objects, 38% free, 25MB/41MB, paused 235us total 26.647ms
08-04 14:14:10.432 12327 12340 I art     : Starting a blocking GC Explicit
08-04 14:14:10.460 12327 12340 I art     : Explicit concurrent mark sweep GC freed 3(96B) AllocSpace objects, 0(0B) LOS objects, 38% free, 25MB/41MB, paused 230us total 26.878ms
08-04 14:14:10.571 12327 13180 I RedditChangeDataIO: Writing tmp data file at '/data/user/0/baseline.org.quantumbadger.redreader/files/rr_change_data_tmp.dat'
08-04 14:14:10.571 12327 13180 I RedditChangeDataManager: Taking snapshot...
08-04 14:14:10.571 12327 13180 I RedditChangeDataManager: Writing to stream...
08-04 14:14:10.571 12327 13180 I RedditChangeDataManager: Wrote 2 entries for user ''
08-04 14:14:10.571 12327 13180 I RedditChangeDataManager: All entries written to stream.
08-04 14:14:10.571 12327 13180 I RedditChangeDataIO: Write successful. Atomically replacing data file...
08-04 14:14:10.572 12327 13180 I RedditChangeDataIO: Write complete.
08-04 14:14:10.572 12327 13180 I RedditChangeDataIO: 62 bytes written in 2 ms
08-04 14:14:10.672   380   380 W SurfaceFlinger: couldn't log to binary event log: overflow.
08-04 14:14:10.727 12327 12340 I art     : Starting a blocking GC Explicit
08-04 14:14:10.756 12327 12340 I art     : Explicit concurrent mark sweep GC freed 1471(85KB) AllocSpace objects, 2(88KB) LOS objects, 38% free, 25MB/41MB, paused 257us total 29.713ms
08-04 14:14:10.769 12327 12340 I art     : Starting a blocking GC Explicit
08-04 14:14:10.799 12327 12340 I art     : Explicit concurrent mark sweep GC freed 3857(310KB) AllocSpace objects, 5(140KB) LOS objects, 39% free, 24MB/40MB, paused 248us total 30.387ms
08-04 14:14:10.812 12327 12340 I art     : Starting a blocking GC Explicit
08-04 14:14:10.843 12327 12340 I art     : Explicit concurrent mark sweep GC freed 3(96B) AllocSpace objects, 0(0B) LOS objects, 39% free, 24MB/40MB, paused 251us total 30.519ms
08-04 14:14:10.856 12327 12340 I art     : Starting a blocking GC Explicit
08-04 14:14:10.888 12327 12340 I art     : Explicit concurrent mark sweep GC freed 21(1120B) AllocSpace objects, 0(0B) LOS objects, 39% free, 24MB/40MB, paused 287us total 31.519ms
08-04 14:14:10.901 12327 12340 I art     : Starting a blocking GC Explicit
08-04 14:14:10.932 12327 12340 I art     : Explicit concurrent mark sweep GC freed 26(1280B) AllocSpace objects, 0(0B) LOS objects, 39% free, 24MB/40MB, paused 231us total 30.290ms
08-04 14:14:11.217 12327 13016 I art     : Starting a blocking GC Explicit
08-04 14:14:11.257 12327 13016 I art     : Explicit concurrent mark sweep GC freed 1343(79KB) AllocSpace objects, 1(20KB) LOS objects, 39% free, 24MB/40MB, paused 260us total 39.344ms
08-04 14:14:11.273 12327 13016 I art     : Starting a blocking GC Explicit
08-04 14:14:11.304 12327 13016 I art     : Explicit concurrent mark sweep GC freed 20(704B) AllocSpace objects, 0(0B) LOS objects, 39% free, 24MB/40MB, paused 235us total 30.717ms
08-04 14:14:11.317 12327 13016 I art     : Starting a blocking GC Explicit
08-04 14:14:11.348 12327 13016 I art     : Explicit concurrent mark sweep GC freed 3(96B) AllocSpace objects, 0(0B) LOS objects, 39% free, 24MB/40MB, paused 234us total 30.547ms
08-04 14:14:11.361 12327 13016 I art     : Starting a blocking GC Explicit
08-04 14:14:11.392 12327 13016 I art     : Explicit concurrent mark sweep GC freed 3(96B) AllocSpace objects, 0(0B) LOS objects, 39% free, 24MB/40MB, paused 230us total 29.983ms
08-04 14:14:11.405 12327 13016 I art     : Starting a blocking GC Explicit
08-04 14:14:11.436 12327 13016 I art     : Explicit concurrent mark sweep GC freed 3(96B) AllocSpace objects, 0(0B) LOS objects, 39% free, 24MB/40MB, paused 234us total 31.131ms
08-04 14:14:11.690 12327 12352 I art     : Starting a blocking GC Explicit
08-04 14:14:11.721 12327 12352 I art     : Explicit concurrent mark sweep GC freed 1343(79KB) AllocSpace objects, 1(20KB) LOS objects, 39% free, 24MB/40MB, paused 235us total 31.063ms
08-04 14:14:11.735 12327 12352 I art     : Starting a blocking GC Explicit
08-04 14:14:11.765 12327 12352 I art     : Explicit concurrent mark sweep GC freed 20(704B) AllocSpace objects, 0(0B) LOS objects, 39% free, 24MB/40MB, paused 225us total 29.776ms
08-04 14:14:11.778 12327 12352 I art     : Starting a blocking GC Explicit
08-04 14:14:11.807 12327 12352 I art     : Explicit concurrent mark sweep GC freed 3(96B) AllocSpace objects, 0(0B) LOS objects, 39% free, 24MB/40MB, paused 249us total 29.170ms
08-04 14:14:11.820 12327 12352 I art     : Starting a blocking GC Explicit
08-04 14:14:11.849 12327 12352 I art     : Explicit concurrent mark sweep GC freed 3(96B) AllocSpace objects, 0(0B) LOS objects, 39% free, 24MB/40MB, paused 220us total 28.788ms
08-04 14:14:11.862 12327 12352 I art     : Starting a blocking GC Explicit
08-04 14:14:11.891 12327 12352 I art     : Explicit concurrent mark sweep GC freed 3(96B) AllocSpace objects, 0(0B) LOS objects, 39% free, 24MB/40MB, paused 226us total 28.761ms
08-04 14:14:12.005 13318 13318 D AndroidRuntime: >>>>>> START com.android.internal.os.RuntimeInit uid 2000 <<<<<<
08-04 14:14:12.011 13318 13318 D AndroidRuntime: CheckJNI is OFF
08-04 14:14:12.049 13318 13318 D ICU     : No timezone override file found: /data/misc/zoneinfo/current/icu/icu_tzdata.dat
08-04 14:14:12.081 13318 13318 I Radio-JNI: register_android_hardware_Radio DONE
08-04 14:14:12.102 13318 13318 D AndroidRuntime: Calling main entry com.android.commands.input.Input
08-04 14:14:12.104 13318 13318 I Input   : injectMotionEvent: MotionEvent { action=ACTION_DOWN, actionButton=0, id[0]=0, x[0]=600.0, y[0]=1200.0, toolType[0]=TOOL_TYPE_UNKNOWN, buttonState=0, metaState=0, flags=0x0, edgeFlags=0x0, pointerCount=1, historySize=0, eventTime=713668517, downTime=713668517, deviceId=0, source=0x1002 }
08-04 14:14:12.109 13318 13318 I Input   : injectMotionEvent: MotionEvent { action=ACTION_UP, actionButton=0, id[0]=0, x[0]=600.0, y[0]=1200.0, toolType[0]=TOOL_TYPE_UNKNOWN, buttonState=0, metaState=0, flags=0x0, edgeFlags=0x0, pointerCount=1, historySize=0, eventTime=713668517, downTime=713668517, deviceId=0, source=0x1002 }
08-04 14:14:12.111 13318 13318 D AndroidRuntime: Shutting down VM
08-04 14:14:12.128   512  2967 D audio_hw_primary: out_set_parameters: enter: usecase(1: low-latency-playback) kvpairs: routing=2
08-04 14:14:12.133   918  5481 I ActivityManager: START u0 {dat=https://oauth.reddit.com/... cmp=baseline.org.quantumbadger.redreader/.activities.CommentListingActivity} from uid 10666 on display 0
08-04 14:14:12.142   512  2967 D audio_hw_primary: select_devices: out_snd_device(2: speaker) in_snd_device(0: none)
08-04 14:14:12.142   512  2967 D msm8974_platform: platform_send_audio_calibration: sending audio calibration for snd_device(2) acdb_id(15)
08-04 14:14:12.142   512  2967 I soundtrigger: audio_extn_sound_trigger_update_device_status: device 0x2 of type 0 for Event 1
08-04 14:14:12.153   512  2967 D audio_hw_primary: enable_snd_device: snd_device(2: speaker)
08-04 14:14:12.155   512  2967 D audio_hw_primary: enable_audio_route: apply and update mixer path: low-latency-playback speaker
08-04 14:14:12.159 12327 12327 I AppCompatViewInflater: app:theme is now deprecated. Please move to using android:theme instead.
08-04 14:14:12.176 12327 13354 D OK      : calling: https://oauth.reddit.com/comments/hza888/.json?sort=confidence
08-04 14:14:12.189 12327 12340 I art     : Starting a blocking GC Explicit
08-04 14:14:12.217 12327 12340 I art     : Explicit concurrent mark sweep GC freed 3484(196KB) AllocSpace objects, 1(20KB) LOS objects, 39% free, 24MB/40MB, paused 332us total 28.141ms
08-04 14:14:12.230 12327 12340 I art     : Starting a blocking GC Explicit
08-04 14:14:12.254   918   936 I ActivityManager: Displayed baseline.org.quantumbadger.redreader/.activities.CommentListingActivity: +113ms
08-04 14:14:12.254 13866 13866 I GoogleInputMethodServic: GoogleInputMethodService.onFinishInput():3138 
08-04 14:14:12.255 13866 13866 I GoogleInputMethodServic: GoogleInputMethodService.onStartInput():1808 
08-04 14:14:12.260 12327 12340 I art     : Explicit concurrent mark sweep GC freed 1146(72KB) AllocSpace objects, 0(0B) LOS objects, 39% free, 25MB/41MB, paused 390us total 30.307ms
08-04 14:14:12.274 12327 12340 I art     : Starting a blocking GC Explicit
08-04 14:14:12.302 12327 12340 I art     : Explicit concurrent mark sweep GC freed 2012(81KB) AllocSpace objects, 0(0B) LOS objects, 39% free, 25MB/41MB, paused 332us total 27.690ms
08-04 14:14:12.315 12327 12340 I art     : Starting a blocking GC Explicit
08-04 14:14:12.343 12327 12340 I art     : Explicit concurrent mark sweep GC freed 204(7KB) AllocSpace objects, 0(0B) LOS objects, 39% free, 25MB/41MB, paused 280us total 27.789ms
08-04 14:14:12.356 12327 12340 I art     : Starting a blocking GC Explicit
08-04 14:14:12.389 12327 12340 I art     : Explicit concurrent mark sweep GC freed 31(1440B) AllocSpace objects, 0(0B) LOS objects, 39% free, 25MB/41MB, paused 284us total 32.534ms
08-04 14:14:12.453 12327 13354 I NAPPA_EXPERIMENTATION: MetricNetworkRequestExecutionTime: REQUEST_DURATION_SYSTEM='277',REQUEST_DURATION_OKHTTP='147',REQUEST_SYNCHRONOUS='TRUE',RESPONSE_CODE='200',RESPONSE_METHOD='GET',RESPONSE_LENGTH_OKHTTP='-1',RESPONSE_LENGTH_HEADER='21928',REQUEST_PROTOCOL='h2',REQUEST_URL='https://oauth.reddit.com/comments/hza888/.json?sort=confidence',
08-04 14:14:12.454 12327 13354 D OK      : request got status: 200
08-04 14:14:12.463 12327 12901 I CommentListingActivity: COMMENTS session changed to 6f9774f5-fa0f-4860-8386-79a5982182c1
08-04 14:14:12.507   380   380 W SurfaceFlinger: couldn't log to binary event log: overflow.
08-04 14:14:12.625 12327 12352 I art     : Starting a blocking GC Explicit
08-04 14:14:12.662 12327 12352 I art     : Explicit concurrent mark sweep GC freed 19399(1144KB) AllocSpace objects, 3(156KB) LOS objects, 37% free, 26MB/42MB, paused 296us total 37.214ms
08-04 14:14:12.676 12327 12352 I art     : Starting a blocking GC Explicit
08-04 14:14:12.689   512  2967 D audio_hw_primary: disable_audio_route: reset and update mixer path: low-latency-playback speaker
08-04 14:14:12.690   512  2967 D audio_hw_primary: disable_snd_device: snd_device(2: speaker)
08-04 14:14:12.697   512  2967 I soundtrigger: audio_extn_sound_trigger_update_device_status: device 0x2 of type 0 for Event 0
08-04 14:14:12.710 12327 12352 I art     : Explicit concurrent mark sweep GC freed 155(15KB) AllocSpace objects, 0(0B) LOS objects, 37% free, 26MB/42MB, paused 287us total 33.811ms
08-04 14:14:12.724 12327 12352 I art     : Starting a blocking GC Explicit
08-04 14:14:12.759 12327 12352 I art     : Explicit concurrent mark sweep GC freed 5(192B) AllocSpace objects, 0(0B) LOS objects, 37% free, 26MB/42MB, paused 255us total 34.765ms
08-04 14:14:12.773 12327 12352 I art     : Starting a blocking GC Explicit
08-04 14:14:12.811 12327 12352 I art     : Explicit concurrent mark sweep GC freed 3(96B) AllocSpace objects, 0(0B) LOS objects, 37% free, 26MB/42MB, paused 231us total 36.926ms
08-04 14:14:12.825 12327 12352 I art     : Starting a blocking GC Explicit
08-04 14:14:12.860 12327 12352 I art     : Explicit concurrent mark sweep GC freed 3(96B) AllocSpace objects, 0(0B) LOS objects, 37% free, 26MB/42MB, paused 220us total 34.750ms
08-04 14:14:13.142 12327 12341 I art     : Starting a blocking GC Explicit
08-04 14:14:13.180 12327 12341 I art     : Explicit concurrent mark sweep GC freed 1343(80KB) AllocSpace objects, 1(20KB) LOS objects, 37% free, 26MB/42MB, paused 234us total 37.717ms
08-04 14:14:13.195 12327 12341 I art     : Starting a blocking GC Explicit
08-04 14:14:13.231 12327 12341 I art     : Explicit concurrent mark sweep GC freed 20(704B) AllocSpace objects, 0(0B) LOS objects, 37% free, 26MB/42MB, paused 257us total 35.688ms
08-04 14:14:13.245 12327 12341 I art     : Starting a blocking GC Explicit
08-04 14:14:13.282 12327 12341 I art     : Explicit concurrent mark sweep GC freed 49(1920B) AllocSpace objects, 0(0B) LOS objects, 37% free, 26MB/42MB, paused 275us total 37.329ms
08-04 14:14:13.297 12327 12341 I art     : Starting a blocking GC Explicit
08-04 14:14:13.335 12327 12341 I art     : Explicit concurrent mark sweep GC freed 3(96B) AllocSpace objects, 0(0B) LOS objects, 37% free, 26MB/42MB, paused 265us total 38.102ms
08-04 14:14:13.349 12327 12341 I art     : Starting a blocking GC Explicit
08-04 14:14:13.388 12327 12341 I art     : Explicit concurrent mark sweep GC freed 3(96B) AllocSpace objects, 0(0B) LOS objects, 37% free, 26MB/42MB, paused 267us total 38.438ms
08-04 14:14:13.669 12327 13016 I art     : Starting a blocking GC Explicit
08-04 14:14:13.721 12327 13016 I art     : Explicit concurrent mark sweep GC freed 1343(80KB) AllocSpace objects, 1(20KB) LOS objects, 37% free, 26MB/42MB, paused 300us total 51.752ms
08-04 14:14:13.739 12327 13016 I art     : Starting a blocking GC Explicit
08-04 14:14:13.777 12327 13016 I art     : Explicit concurrent mark sweep GC freed 20(704B) AllocSpace objects, 0(0B) LOS objects, 37% free, 26MB/42MB, paused 252us total 37.666ms
08-04 14:14:13.790 12327 13016 I art     : Starting a blocking GC Explicit
08-04 14:14:13.828 12327 13016 I art     : Explicit concurrent mark sweep GC freed 3(96B) AllocSpace objects, 0(0B) LOS objects, 37% free, 26MB/42MB, paused 245us total 37.724ms
08-04 14:14:13.843 12327 13016 I art     : Starting a blocking GC Explicit
08-04 14:14:13.881 12327 13016 I art     : Explicit concurrent mark sweep GC freed 3(96B) AllocSpace objects, 0(0B) LOS objects, 37% free, 26MB/42MB, paused 255us total 38.521ms
08-04 14:14:13.896 12327 13016 I art     : Starting a blocking GC Explicit
08-04 14:14:13.934 12327 13016 I art     : Explicit concurrent mark sweep GC freed 3(96B) AllocSpace objects, 0(0B) LOS objects, 37% free, 26MB/42MB, paused 252us total 38.219ms
08-04 14:14:14.225 12327 12352 I art     : Starting a blocking GC Explicit
08-04 14:14:14.271 12327 12352 I art     : Explicit concurrent mark sweep GC freed 1343(80KB) AllocSpace objects, 1(20KB) LOS objects, 37% free, 26MB/42MB, paused 287us total 45.957ms
08-04 14:14:14.289 12327 12352 I art     : Starting a blocking GC Explicit
08-04 14:14:14.328 12327 12352 I art     : Explicit concurrent mark sweep GC freed 20(704B) AllocSpace objects, 0(0B) LOS objects, 37% free, 26MB/42MB, paused 272us total 39.023ms
08-04 14:14:14.342 12327 12352 I art     : Starting a blocking GC Explicit
08-04 14:14:14.379 12327 12352 I art     : Explicit concurrent mark sweep GC freed 3(96B) AllocSpace objects, 0(0B) LOS objects, 37% free, 26MB/42MB, paused 244us total 36.392ms
08-04 14:14:14.393 12327 12352 I art     : Starting a blocking GC Explicit
08-04 14:14:14.429 12327 12352 I art     : Explicit concurrent mark sweep GC freed 3(96B) AllocSpace objects, 0(0B) LOS objects, 37% free, 26MB/42MB, paused 275us total 36.272ms
08-04 14:14:14.443 12327 12352 I art     : Starting a blocking GC Explicit
08-04 14:14:14.478 12327 12352 I art     : Explicit concurrent mark sweep GC freed 3(96B) AllocSpace objects, 0(0B) LOS objects, 37% free, 26MB/42MB, paused 253us total 35.209ms
08-04 14:14:14.771 12327 12340 I art     : Starting a blocking GC Explicit
08-04 14:14:14.788 13397 13397 D AndroidRuntime: >>>>>> START com.android.internal.os.RuntimeInit uid 2000 <<<<<<
08-04 14:14:14.793 13397 13397 D AndroidRuntime: CheckJNI is OFF
08-04 14:14:14.809 12327 12340 I art     : Explicit concurrent mark sweep GC freed 1343(80KB) AllocSpace objects, 1(20KB) LOS objects, 37% free, 26MB/42MB, paused 270us total 37.962ms
08-04 14:14:14.809 12327 12339 I art     : WaitForGcToComplete blocked for 20.646ms for cause HeapTrim
08-04 14:14:14.823 12327 12340 I art     : Starting a blocking GC Explicit
08-04 14:14:14.832 13397 13397 D ICU     : No timezone override file found: /data/misc/zoneinfo/current/icu/icu_tzdata.dat
08-04 14:14:14.859 12327 12340 I art     : Explicit concurrent mark sweep GC freed 20(704B) AllocSpace objects, 0(0B) LOS objects, 37% free, 26MB/42MB, paused 260us total 36.176ms
08-04 14:14:14.867 13397 13397 I Radio-JNI: register_android_hardware_Radio DONE
08-04 14:14:14.873 12327 12340 I art     : Starting a blocking GC Explicit
08-04 14:14:14.889 13397 13397 D AndroidRuntime: Calling main entry com.android.commands.input.Input
08-04 14:14:14.891 13397 13397 I Input   : injectKeyEvent: KeyEvent { action=ACTION_DOWN, keyCode=KEYCODE_BACK, scanCode=0, metaState=0, flags=0x0, repeatCount=0, eventTime=713671304, downTime=713671304, deviceId=-1, source=0x101 }
08-04 14:14:14.896 13397 13397 I Input   : injectKeyEvent: KeyEvent { action=ACTION_UP, keyCode=KEYCODE_BACK, scanCode=0, metaState=0, flags=0x0, repeatCount=0, eventTime=713671304, downTime=713671304, deviceId=-1, source=0x101 }
08-04 14:14:14.903 13397 13397 D AndroidRuntime: Shutting down VM
08-04 14:14:14.908 12327 12340 I art     : Explicit concurrent mark sweep GC freed 26(816B) AllocSpace objects, 0(0B) LOS objects, 37% free, 26MB/42MB, paused 375us total 34.920ms
08-04 14:14:14.922 12327 12340 I art     : Starting a blocking GC Explicit
08-04 14:14:14.945 13866 13866 I GoogleInputMethodServic: GoogleInputMethodService.onFinishInput():3138 
08-04 14:14:14.946 13866 13866 I GoogleInputMethodServic: GoogleInputMethodService.onStartInput():1808 
08-04 14:14:14.955 12327 12340 I art     : Explicit concurrent mark sweep GC freed 113(4KB) AllocSpace objects, 0(0B) LOS objects, 37% free, 26MB/42MB, paused 279us total 32.937ms
08-04 14:14:14.968 12327 12340 I art     : Starting a blocking GC Explicit
08-04 14:14:15.004 12327 12340 I art     : Explicit concurrent mark sweep GC freed 116(4KB) AllocSpace objects, 0(0B) LOS objects, 37% free, 26MB/42MB, paused 255us total 35.043ms
08-04 14:14:15.276   380   380 W SurfaceFlinger: couldn't log to binary event log: overflow.
08-04 14:14:15.280 12327 12340 I art     : Starting a blocking GC Explicit
08-04 14:14:15.314 12327 12340 I art     : Explicit concurrent mark sweep GC freed 1404(82KB) AllocSpace objects, 1(20KB) LOS objects, 37% free, 26MB/42MB, paused 291us total 34.120ms
08-04 14:14:15.327 12327 12340 I art     : Starting a blocking GC Explicit
08-04 14:14:15.362 12327 12340 I art     : Explicit concurrent mark sweep GC freed 134(6KB) AllocSpace objects, 0(0B) LOS objects, 37% free, 26MB/42MB, paused 258us total 34.330ms
08-04 14:14:15.375 12327 12340 I art     : Starting a blocking GC Explicit
08-04 14:14:15.408 12327 12340 I art     : Explicit concurrent mark sweep GC freed 22866(1241KB) AllocSpace objects, 5(164KB) LOS objects, 39% free, 24MB/40MB, paused 257us total 32.584ms
08-04 14:14:15.421 12327 12340 I art     : Starting a blocking GC Explicit
08-04 14:14:15.452 12327 12340 I art     : Explicit concurrent mark sweep GC freed 3(96B) AllocSpace objects, 0(0B) LOS objects, 39% free, 24MB/40MB, paused 253us total 30.552ms
08-04 14:14:15.465 12327 12340 I art     : Starting a blocking GC Explicit
08-04 14:14:15.496 12327 12340 I art     : Explicit concurrent mark sweep GC freed 3(96B) AllocSpace objects, 0(0B) LOS objects, 39% free, 24MB/40MB, paused 266us total 30.966ms
08-04 14:14:15.774 12327 12341 I art     : Starting a blocking GC Explicit
08-04 14:14:15.813 12327 12341 I art     : Explicit concurrent mark sweep GC freed 1347(80KB) AllocSpace objects, 1(20KB) LOS objects, 39% free, 24MB/40MB, paused 369us total 38.912ms
08-04 14:14:15.831 12327 12341 I art     : Starting a blocking GC Explicit
08-04 14:14:15.866 12327 12341 I art     : Explicit concurrent mark sweep GC freed 20(704B) AllocSpace objects, 0(0B) LOS objects, 39% free, 24MB/40MB, paused 293us total 34.615ms
08-04 14:14:15.880 12327 12341 I art     : Starting a blocking GC Explicit
08-04 14:14:15.910 12327 12341 I art     : Explicit concurrent mark sweep GC freed 3(96B) AllocSpace objects, 0(0B) LOS objects, 39% free, 24MB/40MB, paused 237us total 30.501ms
08-04 14:14:15.923 12327 12341 I art     : Starting a blocking GC Explicit
08-04 14:14:15.954 12327 12341 I art     : Explicit concurrent mark sweep GC freed 3(96B) AllocSpace objects, 0(0B) LOS objects, 39% free, 24MB/40MB, paused 257us total 30.532ms
08-04 14:14:15.968 12327 12341 I art     : Starting a blocking GC Explicit
08-04 14:14:16.000 12327 12341 I art     : Explicit concurrent mark sweep GC freed 3(96B) AllocSpace objects, 0(0B) LOS objects, 39% free, 24MB/40MB, paused 262us total 31.710ms
08-04 14:14:16.267 12327 12352 I art     : Starting a blocking GC Explicit
08-04 14:14:16.297 12327 12352 I art     : Explicit concurrent mark sweep GC freed 1344(80KB) AllocSpace objects, 1(20KB) LOS objects, 39% free, 24MB/40MB, paused 382us total 30.581ms
08-04 14:14:16.311 12327 12352 I art     : Starting a blocking GC Explicit
08-04 14:14:16.341 12327 12352 I art     : Explicit concurrent mark sweep GC freed 20(704B) AllocSpace objects, 0(0B) LOS objects, 39% free, 24MB/40MB, paused 261us total 29.976ms
08-04 14:14:16.354 12327 12352 I art     : Starting a blocking GC Explicit
08-04 14:14:16.383 12327 12352 I art     : Explicit concurrent mark sweep GC freed 3(96B) AllocSpace objects, 0(0B) LOS objects, 39% free, 24MB/40MB, paused 258us total 28.996ms
08-04 14:14:16.396 12327 12352 I art     : Starting a blocking GC Explicit
08-04 14:14:16.425 12327 12352 I art     : Explicit concurrent mark sweep GC freed 3(96B) AllocSpace objects, 0(0B) LOS objects, 39% free, 24MB/40MB, paused 267us total 29.155ms
08-04 14:14:16.438 12327 12352 I art     : Starting a blocking GC Explicit
08-04 14:14:16.468 12327 12352 I art     : Explicit concurrent mark sweep GC freed 3(96B) AllocSpace objects, 0(0B) LOS objects, 39% free, 24MB/40MB, paused 270us total 29.457ms
08-04 14:14:16.577 13444 13444 D AndroidRuntime: >>>>>> START com.android.internal.os.RuntimeInit uid 2000 <<<<<<
08-04 14:14:16.583 13444 13444 D AndroidRuntime: CheckJNI is OFF
08-04 14:14:16.621 13444 13444 D ICU     : No timezone override file found: /data/misc/zoneinfo/current/icu/icu_tzdata.dat
08-04 14:14:16.659 13444 13444 I Radio-JNI: register_android_hardware_Radio DONE
08-04 14:14:16.680 13444 13444 D AndroidRuntime: Calling main entry com.android.commands.input.Input
08-04 14:14:16.682 13444 13444 I Input   : injectMotionEvent: MotionEvent { action=ACTION_DOWN, actionButton=0, id[0]=0, x[0]=600.0, y[0]=950.0, toolType[0]=TOOL_TYPE_UNKNOWN, buttonState=0, metaState=0, flags=0x0, edgeFlags=0x0, pointerCount=1, historySize=0, eventTime=713673094, downTime=713673094, deviceId=0, source=0x1002 }
08-04 14:14:16.686 13444 13444 I Input   : injectMotionEvent: MotionEvent { action=ACTION_UP, actionButton=0, id[0]=0, x[0]=600.0, y[0]=950.0, toolType[0]=TOOL_TYPE_UNKNOWN, buttonState=0, metaState=0, flags=0x0, edgeFlags=0x0, pointerCount=1, historySize=0, eventTime=713673094, downTime=713673094, deviceId=0, source=0x1002 }
08-04 14:14:16.688 13444 13444 D AndroidRuntime: Shutting down VM
08-04 14:14:16.701   512  2967 D audio_hw_primary: out_set_parameters: enter: usecase(1: low-latency-playback) kvpairs: routing=2
08-04 14:14:16.702   918  3359 I ActivityManager: START u0 {dat=https://oauth.reddit.com/... cmp=baseline.org.quantumbadger.redreader/.activities.CommentListingActivity} from uid 10666 on display 0
08-04 14:14:16.714   512  2967 D audio_hw_primary: select_devices: out_snd_device(2: speaker) in_snd_device(0: none)
08-04 14:14:16.714   512  2967 D msm8974_platform: platform_send_audio_calibration: sending audio calibration for snd_device(2) acdb_id(15)
08-04 14:14:16.714   512  2967 I soundtrigger: audio_extn_sound_trigger_update_device_status: device 0x2 of type 0 for Event 1
08-04 14:14:16.724 12327 12327 I AppCompatViewInflater: app:theme is now deprecated. Please move to using android:theme instead.
08-04 14:14:16.727   512  2967 D audio_hw_primary: enable_snd_device: snd_device(2: speaker)
08-04 14:14:16.729   512  2967 D audio_hw_primary: enable_audio_route: apply and update mixer path: low-latency-playback speaker
08-04 14:14:16.742 12327 12901 I CommentListingActivity: COMMENTS session changed to c37aa88c-cd6b-4b61-b420-dc601b900877
08-04 14:14:16.755 12327 12340 I art     : Starting a blocking GC Explicit
08-04 14:14:16.782 12327 12340 I art     : Explicit concurrent mark sweep GC freed 5498(462KB) AllocSpace objects, 3(52KB) LOS objects, 38% free, 25MB/41MB, paused 292us total 26.383ms
08-04 14:14:16.794 12327 12340 I art     : Starting a blocking GC Explicit
08-04 14:14:16.824 12327 12340 I art     : Explicit concurrent mark sweep GC freed 2642(111KB) AllocSpace objects, 0(0B) LOS objects, 38% free, 25MB/41MB, paused 672us total 29.331ms
08-04 14:14:16.837 12327 12340 I art     : Starting a blocking GC Explicit
08-04 14:14:16.857   918   936 I ActivityManager: Displayed baseline.org.quantumbadger.redreader/.activities.CommentListingActivity: +147ms
08-04 14:14:16.858 13866 13866 I GoogleInputMethodServic: GoogleInputMethodService.onFinishInput():3138 
08-04 14:14:16.858 13866 13866 I GoogleInputMethodServic: GoogleInputMethodService.onStartInput():1808 
08-04 14:14:16.869 12327 12340 I art     : Explicit concurrent mark sweep GC freed 265(14KB) AllocSpace objects, 0(0B) LOS objects, 38% free, 25MB/41MB, paused 557us total 32.124ms
08-04 14:14:16.883 12327 12340 I art     : Starting a blocking GC Explicit
08-04 14:14:16.915 12327 12340 I art     : Explicit concurrent mark sweep GC freed 71(2544B) AllocSpace objects, 0(0B) LOS objects, 38% free, 25MB/41MB, paused 254us total 31.428ms
08-04 14:14:16.928 12327 12340 I art     : Starting a blocking GC Explicit
08-04 14:14:16.955 12327 12340 I art     : Explicit concurrent mark sweep GC freed 7(224B) AllocSpace objects, 0(0B) LOS objects, 38% free, 25MB/41MB, paused 227us total 26.915ms
08-04 14:14:17.102   380   380 W SurfaceFlinger: couldn't log to binary event log: overflow.
08-04 14:14:17.148 12327 13353 I RedditChangeDataIO: Writing tmp data file at '/data/user/0/baseline.org.quantumbadger.redreader/files/rr_change_data_tmp.dat'
08-04 14:14:17.149 12327 13353 I RedditChangeDataManager: Taking snapshot...
08-04 14:14:17.149 12327 13353 I RedditChangeDataManager: Writing to stream...
08-04 14:14:17.149 12327 13353 I RedditChangeDataManager: Wrote 3 entries for user ''
08-04 14:14:17.149 12327 13353 I RedditChangeDataManager: All entries written to stream.
08-04 14:14:17.149 12327 13353 I RedditChangeDataIO: Write successful. Atomically replacing data file...
08-04 14:14:17.149 12327 13353 I RedditChangeDataIO: Write complete.
08-04 14:14:17.149 12327 13353 I RedditChangeDataIO: 86 bytes written in 1 ms
08-04 14:14:17.208 12327 12341 I art     : Starting a blocking GC Explicit
08-04 14:14:17.242 12327 12341 I art     : Explicit concurrent mark sweep GC freed 1510(88KB) AllocSpace objects, 2(88KB) LOS objects, 38% free, 25MB/41MB, paused 242us total 33.087ms
08-04 14:14:17.258 12327 12341 I art     : Starting a blocking GC Explicit
08-04 14:14:17.269   512  2967 D audio_hw_primary: disable_audio_route: reset and update mixer path: low-latency-playback speaker
08-04 14:14:17.270   512  2967 D audio_hw_primary: disable_snd_device: snd_device(2: speaker)
08-04 14:14:17.278   512  2967 I soundtrigger: audio_extn_sound_trigger_update_device_status: device 0x2 of type 0 for Event 0
08-04 14:14:17.287 12327 12341 I art     : Explicit concurrent mark sweep GC freed 38(1376B) AllocSpace objects, 0(0B) LOS objects, 38% free, 25MB/41MB, paused 234us total 28.926ms
08-04 14:14:17.300 12327 12341 I art     : Starting a blocking GC Explicit
08-04 14:14:17.329 12327 12341 I art     : Explicit concurrent mark sweep GC freed 3(96B) AllocSpace objects, 0(0B) LOS objects, 38% free, 25MB/41MB, paused 272us total 28.299ms
08-04 14:14:17.342 12327 12341 I art     : Starting a blocking GC Explicit
08-04 14:14:17.371 12327 12341 I art     : Explicit concurrent mark sweep GC freed 3(96B) AllocSpace objects, 0(0B) LOS objects, 38% free, 25MB/41MB, paused 253us total 29.079ms
08-04 14:14:17.385 12327 12341 I art     : Starting a blocking GC Explicit
08-04 14:14:17.415 12327 12341 I art     : Explicit concurrent mark sweep GC freed 3(96B) AllocSpace objects, 0(0B) LOS objects, 38% free, 25MB/41MB, paused 228us total 29.924ms
08-04 14:14:17.695 12327 12352 I art     : Starting a blocking GC Explicit
08-04 14:14:17.741 12327 12352 I art     : Explicit concurrent mark sweep GC freed 1624(118KB) AllocSpace objects, 1(20KB) LOS objects, 38% free, 25MB/41MB, paused 304us total 45.100ms
08-04 14:14:17.757 12327 12352 I art     : Starting a blocking GC Explicit
08-04 14:14:17.790 12327 12352 I art     : Explicit concurrent mark sweep GC freed 85(2880B) AllocSpace objects, 0(0B) LOS objects, 38% free, 25MB/41MB, paused 241us total 32.777ms
08-04 14:14:17.804 12327 12352 I art     : Starting a blocking GC Explicit
08-04 14:14:17.836 12327 12352 I art     : Explicit concurrent mark sweep GC freed 3(96B) AllocSpace objects, 0(0B) LOS objects, 38% free, 25MB/41MB, paused 231us total 31.965ms
08-04 14:14:17.849 12327 12352 I art     : Starting a blocking GC Explicit
08-04 14:14:17.882 12327 12352 I art     : Explicit concurrent mark sweep GC freed 3(96B) AllocSpace objects, 0(0B) LOS objects, 38% free, 25MB/41MB, paused 236us total 32.348ms
08-04 14:14:17.896 12327 12352 I art     : Starting a blocking GC Explicit
08-04 14:14:17.928 12327 12352 I art     : Explicit concurrent mark sweep GC freed 3(96B) AllocSpace objects, 0(0B) LOS objects, 38% free, 25MB/41MB, paused 231us total 32.535ms
08-04 14:14:18.219 12327 13016 I art     : Starting a blocking GC Explicit
08-04 14:14:18.260 12327 13016 I art     : Explicit concurrent mark sweep GC freed 1343(80KB) AllocSpace objects, 1(20KB) LOS objects, 38% free, 25MB/41MB, paused 252us total 41.013ms
08-04 14:14:18.277 12327 13016 I art     : Starting a blocking GC Explicit
08-04 14:14:18.310 12327 13016 I art     : Explicit concurrent mark sweep GC freed 20(704B) AllocSpace objects, 0(0B) LOS objects, 38% free, 25MB/41MB, paused 300us total 32.701ms
08-04 14:14:18.324 12327 13016 I art     : Starting a blocking GC Explicit
08-04 14:14:18.356 12327 13016 I art     : Explicit concurrent mark sweep GC freed 3(96B) AllocSpace objects, 0(0B) LOS objects, 38% free, 25MB/41MB, paused 228us total 31.558ms
08-04 14:14:18.369 12327 13016 I art     : Starting a blocking GC Explicit
08-04 14:14:18.402 12327 13016 I art     : Explicit concurrent mark sweep GC freed 3(96B) AllocSpace objects, 0(0B) LOS objects, 38% free, 25MB/41MB, paused 221us total 32.250ms
08-04 14:14:18.415 12327 13016 I art     : Starting a blocking GC Explicit
08-04 14:14:18.449 12327 13016 I art     : Explicit concurrent mark sweep GC freed 3(96B) AllocSpace objects, 0(0B) LOS objects, 38% free, 25MB/41MB, paused 225us total 32.931ms
08-04 14:14:18.773 12327 12340 I art     : Starting a blocking GC Explicit
08-04 14:14:18.814 12327 12340 I art     : Explicit concurrent mark sweep GC freed 1343(80KB) AllocSpace objects, 1(20KB) LOS objects, 38% free, 25MB/41MB, paused 253us total 40.425ms
08-04 14:14:18.831 12327 12340 I art     : Starting a blocking GC Explicit
08-04 14:14:18.864 12327 12340 I art     : Explicit concurrent mark sweep GC freed 20(704B) AllocSpace objects, 0(0B) LOS objects, 38% free, 25MB/41MB, paused 234us total 32.835ms
08-04 14:14:18.878 12327 12340 I art     : Starting a blocking GC Explicit
08-04 14:14:18.911 12327 12340 I art     : Explicit concurrent mark sweep GC freed 3(96B) AllocSpace objects, 0(0B) LOS objects, 38% free, 25MB/41MB, paused 235us total 32.534ms
08-04 14:14:18.924 12327 12340 I art     : Starting a blocking GC Explicit
08-04 14:14:18.957 12327 12340 I art     : Explicit concurrent mark sweep GC freed 3(96B) AllocSpace objects, 0(0B) LOS objects, 38% free, 25MB/41MB, paused 253us total 32.881ms
08-04 14:14:18.971 12327 12340 I art     : Starting a blocking GC Explicit
08-04 14:14:19.004 12327 12340 I art     : Explicit concurrent mark sweep GC freed 3(96B) AllocSpace objects, 0(0B) LOS objects, 38% free, 25MB/41MB, paused 240us total 33.008ms
08-04 14:14:19.311 12327 12341 I art     : Starting a blocking GC Explicit
08-04 14:14:19.356 12327 12341 I art     : Explicit concurrent mark sweep GC freed 1343(80KB) AllocSpace objects, 1(20KB) LOS objects, 38% free, 25MB/41MB, paused 260us total 44.850ms
08-04 14:14:19.373 12327 12341 I art     : Starting a blocking GC Explicit
08-04 14:14:19.405 12327 12341 I art     : Explicit concurrent mark sweep GC freed 20(704B) AllocSpace objects, 0(0B) LOS objects, 38% free, 25MB/41MB, paused 239us total 32.634ms
08-04 14:14:19.419 12327 12341 I art     : Starting a blocking GC Explicit
08-04 14:14:19.452 12327 12341 I art     : Explicit concurrent mark sweep GC freed 3(96B) AllocSpace objects, 0(0B) LOS objects, 38% free, 25MB/41MB, paused 242us total 33.024ms
08-04 14:14:19.466 12327 12341 I art     : Starting a blocking GC Explicit
08-04 14:14:19.499 12327 12341 I art     : Explicit concurrent mark sweep GC freed 3(96B) AllocSpace objects, 0(0B) LOS objects, 38% free, 25MB/41MB, paused 225us total 32.382ms
08-04 14:14:19.513 12327 12341 I art     : Starting a blocking GC Explicit
08-04 14:14:19.522   918  3188 I hubconnection: sensorhub said: 'set_bias 3: -4.9344, 0.0000, 0.0000'
08-04 14:14:19.546 12327 12341 I art     : Explicit concurrent mark sweep GC freed 3(96B) AllocSpace objects, 0(0B) LOS objects, 38% free, 25MB/41MB, paused 289us total 32.814ms
08-04 14:14:19.865 12327 12352 I art     : Starting a blocking GC Explicit
08-04 14:14:19.907 12327 12352 I art     : Explicit concurrent mark sweep GC freed 1343(80KB) AllocSpace objects, 1(20KB) LOS objects, 38% free, 25MB/41MB, paused 268us total 41.439ms
08-04 14:14:19.923 12327 12352 I art     : Starting a blocking GC Explicit
08-04 14:14:19.956 12327 12352 I art     : Explicit concurrent mark sweep GC freed 20(704B) AllocSpace objects, 0(0B) LOS objects, 38% free, 25MB/41MB, paused 239us total 32.226ms
08-04 14:14:19.969 12327 12352 I art     : Starting a blocking GC Explicit
08-04 14:14:20.002 12327 12352 I art     : Explicit concurrent mark sweep GC freed 3(96B) AllocSpace objects, 0(0B) LOS objects, 38% free, 25MB/41MB, paused 267us total 32.809ms
08-04 14:14:20.016 12327 12352 I art     : Starting a blocking GC Explicit
08-04 14:14:20.049 12327 12352 I art     : Explicit concurrent mark sweep GC freed 3(96B) AllocSpace objects, 0(0B) LOS objects, 38% free, 25MB/41MB, paused 242us total 32.412ms
08-04 14:14:20.062 12327 12352 I art     : Starting a blocking GC Explicit
08-04 14:14:20.095 12327 12352 I art     : Explicit concurrent mark sweep GC freed 3(96B) AllocSpace objects, 0(0B) LOS objects, 38% free, 25MB/41MB, paused 233us total 32.252ms
08-04 14:14:20.311 12223 12223 I ServiceManager: Waiting for service AtCmdFwd...
08-04 14:14:20.404 12327 13016 I art     : Starting a blocking GC Explicit
08-04 14:14:20.450 12327 13016 I art     : Explicit concurrent mark sweep GC freed 1345(80KB) AllocSpace objects, 1(20KB) LOS objects, 38% free, 25MB/41MB, paused 328us total 45.453ms
08-04 14:14:20.469 12327 13016 I art     : Starting a blocking GC Explicit
08-04 14:14:20.501 12327 13016 I art     : Explicit concurrent mark sweep GC freed 20(704B) AllocSpace objects, 0(0B) LOS objects, 38% free, 25MB/41MB, paused 228us total 31.317ms
08-04 14:14:20.514 12327 13016 I art     : Starting a blocking GC Explicit
08-04 14:14:20.547 12327 13016 I art     : Explicit concurrent mark sweep GC freed 3(96B) AllocSpace objects, 0(0B) LOS objects, 38% free, 25MB/41MB, paused 307us total 32.748ms
08-04 14:14:20.561 12327 13016 I art     : Starting a blocking GC Explicit
08-04 14:14:20.593 12327 13016 I art     : Explicit concurrent mark sweep GC freed 3(96B) AllocSpace objects, 0(0B) LOS objects, 38% free, 25MB/41MB, paused 232us total 31.950ms
08-04 14:14:20.607 12327 13016 I art     : Starting a blocking GC Explicit
08-04 14:14:20.640 12327 13016 I art     : Explicit concurrent mark sweep GC freed 3(96B) AllocSpace objects, 0(0B) LOS objects, 38% free, 25MB/41MB, paused 243us total 32.782ms
08-04 14:14:20.949 12327 12340 I art     : Starting a blocking GC Explicit
08-04 14:14:20.981 12327 12340 I art     : Explicit concurrent mark sweep GC freed 1343(80KB) AllocSpace objects, 1(20KB) LOS objects, 38% free, 25MB/41MB, paused 239us total 31.788ms
08-04 14:14:20.994 12327 12340 I art     : Starting a blocking GC Explicit
08-04 14:14:21.025 12327 12340 I art     : Explicit concurrent mark sweep GC freed 20(704B) AllocSpace objects, 0(0B) LOS objects, 38% free, 25MB/41MB, paused 239us total 30.786ms
08-04 14:14:21.038 12327 12340 I art     : Starting a blocking GC Explicit
08-04 14:14:21.069 12327 12340 I art     : Explicit concurrent mark sweep GC freed 3(96B) AllocSpace objects, 0(0B) LOS objects, 38% free, 25MB/41MB, paused 229us total 31.230ms
08-04 14:14:21.082 12327 12340 I art     : Starting a blocking GC Explicit
08-04 14:14:21.113 12327 12340 I art     : Explicit concurrent mark sweep GC freed 3(96B) AllocSpace objects, 0(0B) LOS objects, 38% free, 25MB/41MB, paused 230us total 30.212ms
08-04 14:14:21.126 12327 12340 I art     : Starting a blocking GC Explicit
08-04 14:14:21.158 12327 12340 I art     : Explicit concurrent mark sweep GC freed 3(96B) AllocSpace objects, 0(0B) LOS objects, 38% free, 25MB/41MB, paused 259us total 30.774ms
08-04 14:14:21.312 12223 12223 I ServiceManager: Waiting for service AtCmdFwd...
08-04 14:14:21.343 13559 13559 D AndroidRuntime: >>>>>> START com.android.internal.os.RuntimeInit uid 2000 <<<<<<
08-04 14:14:21.348 13559 13559 D AndroidRuntime: CheckJNI is OFF
08-04 14:14:21.380 13559 13559 D ICU     : No timezone override file found: /data/misc/zoneinfo/current/icu/icu_tzdata.dat
08-04 14:14:21.413 13559 13559 I Radio-JNI: register_android_hardware_Radio DONE
08-04 14:14:21.434 13559 13559 D AndroidRuntime: Calling main entry com.android.commands.input.Input
08-04 14:14:21.436 13559 13559 I Input   : injectKeyEvent: KeyEvent { action=ACTION_DOWN, keyCode=KEYCODE_BACK, scanCode=0, metaState=0, flags=0x0, repeatCount=0, eventTime=713677849, downTime=713677849, deviceId=-1, source=0x101 }
08-04 14:14:21.441 13559 13559 I Input   : injectKeyEvent: KeyEvent { action=ACTION_UP, keyCode=KEYCODE_BACK, scanCode=0, metaState=0, flags=0x0, repeatCount=0, eventTime=713677849, downTime=713677849, deviceId=-1, source=0x101 }
08-04 14:14:21.447 13559 13559 D AndroidRuntime: Shutting down VM
08-04 14:14:21.461 12327 12340 I art     : Starting a blocking GC Explicit
08-04 14:14:21.489 13866 13866 I GoogleInputMethodServic: GoogleInputMethodService.onFinishInput():3138 
08-04 14:14:21.489 13866 13866 I GoogleInputMethodServic: GoogleInputMethodService.onStartInput():1808 
08-04 14:14:21.491 12327 12340 I art     : Explicit concurrent mark sweep GC freed 1471(84KB) AllocSpace objects, 1(20KB) LOS objects, 38% free, 25MB/41MB, paused 239us total 30.086ms
08-04 14:14:21.503 12327 12340 I art     : Starting a blocking GC Explicit
08-04 14:14:21.534 12327 12340 I art     : Explicit concurrent mark sweep GC freed 134(4KB) AllocSpace objects, 0(0B) LOS objects, 38% free, 25MB/41MB, paused 263us total 30.217ms
08-04 14:14:21.547 12327 12340 I art     : Starting a blocking GC Explicit
08-04 14:14:21.575 12327 12340 I art     : Explicit concurrent mark sweep GC freed 9(336B) AllocSpace objects, 0(0B) LOS objects, 38% free, 25MB/41MB, paused 203us total 27.242ms
08-04 14:14:21.587 12327 12340 I art     : Starting a blocking GC Explicit
08-04 14:14:21.614 12327 12340 I art     : Explicit concurrent mark sweep GC freed 3(96B) AllocSpace objects, 0(0B) LOS objects, 38% free, 25MB/41MB, paused 220us total 26.639ms
08-04 14:14:21.629 12327 12340 I art     : Starting a blocking GC Explicit
08-04 14:14:21.666 12327 12340 I art     : Explicit concurrent mark sweep GC freed 3(96B) AllocSpace objects, 0(0B) LOS objects, 38% free, 25MB/41MB, paused 253us total 36.308ms
08-04 14:14:21.800   380   380 W SurfaceFlinger: couldn't log to binary event log: overflow.
08-04 14:14:21.924 12327 12340 I art     : Starting a blocking GC Explicit
08-04 14:14:21.957 12327 12340 I art     : Explicit concurrent mark sweep GC freed 1395(82KB) AllocSpace objects, 1(20KB) LOS objects, 38% free, 25MB/41MB, paused 249us total 32.342ms
08-04 14:14:21.970 12327 12340 I art     : Starting a blocking GC Explicit
08-04 14:14:22.002 12327 12340 I art     : Explicit concurrent mark sweep GC freed 3854(310KB) AllocSpace objects, 5(140KB) LOS objects, 39% free, 24MB/40MB, paused 231us total 31.281ms
08-04 14:14:22.015 12327 12340 I art     : Starting a blocking GC Explicit
08-04 14:14:22.046 12327 12340 I art     : Explicit concurrent mark sweep GC freed 3(96B) AllocSpace objects, 0(0B) LOS objects, 39% free, 24MB/40MB, paused 228us total 30.389ms
08-04 14:14:22.059 12327 12340 I art     : Starting a blocking GC Explicit
08-04 14:14:22.090 12327 12340 I art     : Explicit concurrent mark sweep GC freed 3(96B) AllocSpace objects, 0(0B) LOS objects, 39% free, 24MB/40MB, paused 242us total 31.236ms
08-04 14:14:22.104 12327 12340 I art     : Starting a blocking GC Explicit
08-04 14:14:22.133 12327 12340 I art     : Explicit concurrent mark sweep GC freed 3(96B) AllocSpace objects, 0(0B) LOS objects, 39% free, 24MB/40MB, paused 234us total 29.514ms
08-04 14:14:22.312 12223 12223 I ServiceManager: Waiting for service AtCmdFwd...
08-04 14:14:22.424 12327 13016 I art     : Starting a blocking GC Explicit
08-04 14:14:22.461 12327 13016 I art     : Explicit concurrent mark sweep GC freed 1343(80KB) AllocSpace objects, 1(20KB) LOS objects, 39% free, 24MB/40MB, paused 252us total 36.089ms
08-04 14:14:22.477 12327 13016 I art     : Starting a blocking GC Explicit
08-04 14:14:22.508 12327 13016 I art     : Explicit concurrent mark sweep GC freed 20(704B) AllocSpace objects, 0(0B) LOS objects, 39% free, 24MB/40MB, paused 232us total 31.030ms
08-04 14:14:22.522 12327 13016 I art     : Starting a blocking GC Explicit
08-04 14:14:22.553 12327 13016 I art     : Explicit concurrent mark sweep GC freed 3(96B) AllocSpace objects, 0(0B) LOS objects, 39% free, 24MB/40MB, paused 230us total 31.212ms
08-04 14:14:22.566 12327 13016 I art     : Starting a blocking GC Explicit
08-04 14:14:22.597 12327 13016 I art     : Explicit concurrent mark sweep GC freed 3(96B) AllocSpace objects, 0(0B) LOS objects, 39% free, 24MB/40MB, paused 330us total 30.379ms
08-04 14:14:22.610 12327 13016 I art     : Starting a blocking GC Explicit
08-04 14:14:22.642 12327 13016 I art     : Explicit concurrent mark sweep GC freed 3(96B) AllocSpace objects, 0(0B) LOS objects, 39% free, 24MB/40MB, paused 222us total 31.215ms
08-04 14:14:22.914 12327 12341 I art     : Starting a blocking GC Explicit
08-04 14:14:22.944 12327 12341 I art     : Explicit concurrent mark sweep GC freed 1343(80KB) AllocSpace objects, 1(20KB) LOS objects, 39% free, 24MB/40MB, paused 237us total 30.176ms
08-04 14:14:22.958 12327 12341 I art     : Starting a blocking GC Explicit
08-04 14:14:22.987 12327 12341 I art     : Explicit concurrent mark sweep GC freed 20(704B) AllocSpace objects, 0(0B) LOS objects, 39% free, 24MB/40MB, paused 275us total 28.606ms
08-04 14:14:23.000 12327 12341 I art     : Starting a blocking GC Explicit
08-04 14:14:23.029 12327 12341 I art     : Explicit concurrent mark sweep GC freed 3(96B) AllocSpace objects, 0(0B) LOS objects, 39% free, 24MB/40MB, paused 220us total 28.667ms
08-04 14:14:23.041 12327 12341 I art     : Starting a blocking GC Explicit
08-04 14:14:23.070 12327 12341 I art     : Explicit concurrent mark sweep GC freed 3(96B) AllocSpace objects, 0(0B) LOS objects, 39% free, 24MB/40MB, paused 230us total 29.036ms
08-04 14:14:23.083 12327 12341 I art     : Starting a blocking GC Explicit
08-04 14:14:23.101 13602 13602 D AndroidRuntime: >>>>>> START com.android.internal.os.RuntimeInit uid 2000 <<<<<<
08-04 14:14:23.106 13602 13602 D AndroidRuntime: CheckJNI is OFF
08-04 14:14:23.113 12327 12341 I art     : Explicit concurrent mark sweep GC freed 3(96B) AllocSpace objects, 0(0B) LOS objects, 39% free, 24MB/40MB, paused 222us total 29.581ms
08-04 14:14:23.141 13602 13602 D ICU     : No timezone override file found: /data/misc/zoneinfo/current/icu/icu_tzdata.dat
08-04 14:14:23.173 13602 13602 I Radio-JNI: register_android_hardware_Radio DONE
08-04 14:14:23.194 13602 13602 D AndroidRuntime: Calling main entry com.android.commands.input.Input
08-04 14:14:23.197 13602 13602 I Input   : injectMotionEvent: MotionEvent { action=ACTION_DOWN, actionButton=0, id[0]=0, x[0]=600.0, y[0]=700.0, toolType[0]=TOOL_TYPE_UNKNOWN, buttonState=0, metaState=0, flags=0x0, edgeFlags=0x0, pointerCount=1, historySize=0, eventTime=713679609, downTime=713679609, deviceId=0, source=0x1002 }
08-04 14:14:23.206 13602 13602 I Input   : injectMotionEvent: MotionEvent { action=ACTION_UP, actionButton=0, id[0]=0, x[0]=600.0, y[0]=700.0, toolType[0]=TOOL_TYPE_UNKNOWN, buttonState=0, metaState=0, flags=0x0, edgeFlags=0x0, pointerCount=1, historySize=0, eventTime=713679609, downTime=713679609, deviceId=0, source=0x1002 }
08-04 14:14:23.208 13602 13602 D AndroidRuntime: Shutting down VM
08-04 14:14:23.228   512  2967 D audio_hw_primary: out_set_parameters: enter: usecase(1: low-latency-playback) kvpairs: routing=2
08-04 14:14:23.230   918  5952 I ActivityManager: START u0 {dat=https://oauth.reddit.com/... cmp=baseline.org.quantumbadger.redreader/.activities.CommentListingActivity} from uid 10666 on display 0
08-04 14:14:23.241   512  2967 D audio_hw_primary: select_devices: out_snd_device(2: speaker) in_snd_device(0: none)
08-04 14:14:23.241   512  2967 D msm8974_platform: platform_send_audio_calibration: sending audio calibration for snd_device(2) acdb_id(15)
08-04 14:14:23.242   512  2967 I soundtrigger: audio_extn_sound_trigger_update_device_status: device 0x2 of type 0 for Event 1
08-04 14:14:23.254   512  2967 D audio_hw_primary: enable_snd_device: snd_device(2: speaker)
08-04 14:14:23.255 12327 12327 I AppCompatViewInflater: app:theme is now deprecated. Please move to using android:theme instead.
08-04 14:14:23.256   512  2967 D audio_hw_primary: enable_audio_route: apply and update mixer path: low-latency-playback speaker
08-04 14:14:23.268   918  3261 D WifiStateMachine: starting scan for "H369AA63323"WPA_PSK with 2412,5180
08-04 14:14:23.271 12327 12901 I CommentListingActivity: COMMENTS session changed to 85af6c9a-de62-42f9-83bf-2c9348dc238a
08-04 14:14:23.313 12223 12223 I ServiceManager: Waiting for service AtCmdFwd...
08-04 14:14:23.330   918   936 I ActivityManager: Displayed baseline.org.quantumbadger.redreader/.activities.CommentListingActivity: +89ms
08-04 14:14:23.331 13866 13866 I GoogleInputMethodServic: GoogleInputMethodService.onFinishInput():3138 
08-04 14:14:23.332 13866 13866 I GoogleInputMethodServic: GoogleInputMethodService.onStartInput():1808 
08-04 14:14:23.368 12327 13016 I art     : Starting a blocking GC Explicit
08-04 14:14:23.429 12327 13016 I art     : Explicit concurrent mark sweep GC freed 32012(2MB) AllocSpace objects, 3(56KB) LOS objects, 36% free, 28MB/44MB, paused 751us total 60.659ms
08-04 14:14:23.443 12327 13016 I art     : Starting a blocking GC Explicit
08-04 14:14:23.487 12327 13016 I art     : Explicit concurrent mark sweep GC freed 13130(889KB) AllocSpace objects, 1(16KB) LOS objects, 35% free, 28MB/44MB, paused 370us total 43.323ms
08-04 14:14:23.501 12327 13016 I art     : Starting a blocking GC Explicit
08-04 14:14:23.539 12327 13016 I art     : Explicit concurrent mark sweep GC freed 20531(931KB) AllocSpace objects, 0(0B) LOS objects, 36% free, 27MB/43MB, paused 233us total 37.923ms
08-04 14:14:23.553 12327 13016 I art     : Starting a blocking GC Explicit
08-04 14:14:23.585   380   380 W SurfaceFlinger: couldn't log to binary event log: overflow.
08-04 14:14:23.590 12327 13016 I art     : Explicit concurrent mark sweep GC freed 11(544B) AllocSpace objects, 0(0B) LOS objects, 36% free, 27MB/43MB, paused 208us total 36.241ms
08-04 14:14:23.603 12327 13016 I art     : Starting a blocking GC Explicit
08-04 14:14:23.639 12327 13016 I art     : Explicit concurrent mark sweep GC freed 3(96B) AllocSpace objects, 0(0B) LOS objects, 36% free, 27MB/43MB, paused 199us total 35.640ms
08-04 14:14:23.790   512  2967 D audio_hw_primary: disable_audio_route: reset and update mixer path: low-latency-playback speaker
08-04 14:14:23.791   512  2967 D audio_hw_primary: disable_snd_device: snd_device(2: speaker)
08-04 14:14:23.799   512  2967 I soundtrigger: audio_extn_sound_trigger_update_device_status: device 0x2 of type 0 for Event 0
08-04 14:14:23.911 12327 12340 I art     : Starting a blocking GC Explicit
08-04 14:14:23.953 12327 12340 I art     : Explicit concurrent mark sweep GC freed 1436(83KB) AllocSpace objects, 1(20KB) LOS objects, 36% free, 27MB/43MB, paused 215us total 41.523ms
08-04 14:14:23.967 12327 12340 I art     : Starting a blocking GC Explicit
08-04 14:14:24.008 12327 12340 I art     : Explicit concurrent mark sweep GC freed 24(832B) AllocSpace objects, 0(0B) LOS objects, 36% free, 27MB/43MB, paused 211us total 40.567ms
08-04 14:14:24.024 12327 12340 I art     : Starting a blocking GC Explicit
08-04 14:14:24.066 12327 12340 I art     : Explicit concurrent mark sweep GC freed 3(96B) AllocSpace objects, 0(0B) LOS objects, 36% free, 27MB/43MB, paused 233us total 41.922ms
08-04 14:14:24.081 12327 12340 I art     : Starting a blocking GC Explicit
08-04 14:14:24.123 12327 12340 I art     : Explicit concurrent mark sweep GC freed 3(96B) AllocSpace objects, 0(0B) LOS objects, 36% free, 27MB/43MB, paused 206us total 41.630ms
08-04 14:14:24.138 12327 12340 I art     : Starting a blocking GC Explicit
08-04 14:14:24.179 12327 12340 I art     : Explicit concurrent mark sweep GC freed 3(96B) AllocSpace objects, 0(0B) LOS objects, 36% free, 27MB/43MB, paused 212us total 40.183ms
08-04 14:14:24.314 12223 12223 I ServiceManager: Waiting for service AtCmdFwd...
08-04 14:14:24.455 12327 13016 I art     : Starting a blocking GC Explicit
08-04 14:14:24.511 12327 13016 I art     : Explicit concurrent mark sweep GC freed 1343(80KB) AllocSpace objects, 1(20KB) LOS objects, 36% free, 27MB/43MB, paused 264us total 55.530ms
08-04 14:14:24.529 12327 13016 I art     : Starting a blocking GC Explicit
08-04 14:14:24.574 12327 13016 I art     : Explicit concurrent mark sweep GC freed 66(2528B) AllocSpace objects, 0(0B) LOS objects, 36% free, 27MB/43MB, paused 264us total 44.326ms
08-04 14:14:24.589 12327 13016 I art     : Starting a blocking GC Explicit
08-04 14:14:24.634 12327 13016 I art     : Explicit concurrent mark sweep GC freed 3(96B) AllocSpace objects, 0(0B) LOS objects, 36% free, 27MB/43MB, paused 242us total 44.585ms
08-04 14:14:24.649 12327 13016 I art     : Starting a blocking GC Explicit
08-04 14:14:24.693 12327 13016 I art     : Explicit concurrent mark sweep GC freed 3(96B) AllocSpace objects, 0(0B) LOS objects, 36% free, 27MB/43MB, paused 235us total 43.199ms
08-04 14:14:24.708 12327 13016 I art     : Starting a blocking GC Explicit
08-04 14:14:24.753 12327 13016 I art     : Explicit concurrent mark sweep GC freed 3(96B) AllocSpace objects, 0(0B) LOS objects, 36% free, 27MB/43MB, paused 240us total 44.452ms
08-04 14:14:25.062 12327 12352 I art     : Starting a blocking GC Explicit
08-04 14:14:25.123 12327 12352 I art     : Explicit concurrent mark sweep GC freed 1343(80KB) AllocSpace objects, 1(20KB) LOS objects, 36% free, 27MB/43MB, paused 266us total 60.838ms
08-04 14:14:25.142 12327 12352 I art     : Starting a blocking GC Explicit
08-04 14:14:25.187 12327 12352 I art     : Explicit concurrent mark sweep GC freed 20(704B) AllocSpace objects, 0(0B) LOS objects, 36% free, 27MB/43MB, paused 315us total 44.890ms
08-04 14:14:25.202 12327 12352 I art     : Starting a blocking GC Explicit
08-04 14:14:25.247 12327 12352 I art     : Explicit concurrent mark sweep GC freed 3(96B) AllocSpace objects, 0(0B) LOS objects, 36% free, 27MB/43MB, paused 237us total 44.352ms
08-04 14:14:25.262 12327 12352 I art     : Starting a blocking GC Explicit
08-04 14:14:25.306 12327 12352 I art     : Explicit concurrent mark sweep GC freed 3(96B) AllocSpace objects, 0(0B) LOS objects, 36% free, 27MB/43MB, paused 238us total 43.723ms
08-04 14:14:25.314 12223 12223 W Atfwd_Sendcmd: AtCmdFwd service not published, waiting... retryCnt : 5
08-04 14:14:25.321 12327 12352 I art     : Starting a blocking GC Explicit
08-04 14:14:25.365 12327 12352 I art     : Explicit concurrent mark sweep GC freed 3(96B) AllocSpace objects, 0(0B) LOS objects, 36% free, 27MB/43MB, paused 237us total 43.684ms
08-04 14:14:25.678 12327 12340 I art     : Starting a blocking GC Explicit
08-04 14:14:25.734 12327 12340 I art     : Explicit concurrent mark sweep GC freed 1343(80KB) AllocSpace objects, 1(20KB) LOS objects, 36% free, 27MB/43MB, paused 264us total 55.974ms
08-04 14:14:25.752 12327 12340 I art     : Starting a blocking GC Explicit
08-04 14:14:25.797 12327 12340 I art     : Explicit concurrent mark sweep GC freed 20(704B) AllocSpace objects, 0(0B) LOS objects, 36% free, 27MB/43MB, paused 321us total 45.055ms
08-04 14:14:25.812 12327 12340 I art     : Starting a blocking GC Explicit
08-04 14:14:25.857 12327 12340 I art     : Explicit concurrent mark sweep GC freed 3(96B) AllocSpace objects, 0(0B) LOS objects, 36% free, 27MB/43MB, paused 260us total 44.568ms
08-04 14:14:25.873 12327 12340 I art     : Starting a blocking GC Explicit
08-04 14:14:25.918 12327 12340 I art     : Explicit concurrent mark sweep GC freed 3(96B) AllocSpace objects, 0(0B) LOS objects, 36% free, 27MB/43MB, paused 230us total 44.982ms
08-04 14:14:25.933 12327 12340 I art     : Starting a blocking GC Explicit
08-04 14:14:25.978 12327 12340 I art     : Explicit concurrent mark sweep GC freed 3(96B) AllocSpace objects, 0(0B) LOS objects, 36% free, 27MB/43MB, paused 251us total 44.288ms
08-04 14:14:26.295 12327 12341 I art     : Starting a blocking GC Explicit
08-04 14:14:26.351 12327 12341 I art     : Explicit concurrent mark sweep GC freed 1343(80KB) AllocSpace objects, 1(20KB) LOS objects, 36% free, 27MB/43MB, paused 274us total 55.860ms
08-04 14:14:26.369 12327 12341 I art     : Starting a blocking GC Explicit
08-04 14:14:26.414 12327 12341 I art     : Explicit concurrent mark sweep GC freed 20(704B) AllocSpace objects, 0(0B) LOS objects, 36% free, 27MB/43MB, paused 249us total 45.018ms
08-04 14:14:26.429 12327 12341 I art     : Starting a blocking GC Explicit
08-04 14:14:26.473 12327 12341 I art     : Explicit concurrent mark sweep GC freed 3(96B) AllocSpace objects, 0(0B) LOS objects, 36% free, 27MB/43MB, paused 236us total 43.139ms
08-04 14:14:26.487 12327 12341 I art     : Starting a blocking GC Explicit
08-04 14:14:26.532 12327 12341 I art     : Explicit concurrent mark sweep GC freed 3(96B) AllocSpace objects, 0(0B) LOS objects, 36% free, 27MB/43MB, paused 241us total 44.758ms
08-04 14:14:26.548 12327 12341 I art     : Starting a blocking GC Explicit
08-04 14:14:26.593 12327 12341 I art     : Explicit concurrent mark sweep GC freed 3(96B) AllocSpace objects, 0(0B) LOS objects, 36% free, 27MB/43MB, paused 231us total 44.806ms
08-04 14:14:26.915 12327 13016 I art     : Starting a blocking GC Explicit
08-04 14:14:26.971 12327 13016 I art     : Explicit concurrent mark sweep GC freed 1343(80KB) AllocSpace objects, 1(20KB) LOS objects, 36% free, 27MB/43MB, paused 234us total 55.927ms
08-04 14:14:26.990 12327 13016 I art     : Starting a blocking GC Explicit
08-04 14:14:27.034 12327 13016 I art     : Explicit concurrent mark sweep GC freed 20(704B) AllocSpace objects, 0(0B) LOS objects, 36% free, 27MB/43MB, paused 233us total 44.389ms
08-04 14:14:27.050 12327 13016 I art     : Starting a blocking GC Explicit
08-04 14:14:27.094 12327 13016 I art     : Explicit concurrent mark sweep GC freed 3(96B) AllocSpace objects, 0(0B) LOS objects, 36% free, 27MB/43MB, paused 235us total 44.454ms
08-04 14:14:27.110 12327 13016 I art     : Starting a blocking GC Explicit
08-04 14:14:27.154 12327 13016 I art     : Explicit concurrent mark sweep GC freed 3(96B) AllocSpace objects, 0(0B) LOS objects, 36% free, 27MB/43MB, paused 240us total 43.870ms
08-04 14:14:27.169 12327 13016 I art     : Starting a blocking GC Explicit
08-04 14:14:27.214 12327 13016 I art     : Explicit concurrent mark sweep GC freed 3(96B) AllocSpace objects, 0(0B) LOS objects, 36% free, 27MB/43MB, paused 240us total 44.392ms
08-04 14:14:27.527 12327 12352 I art     : Starting a blocking GC Explicit
08-04 14:14:27.571 12327 12352 I art     : Explicit concurrent mark sweep GC freed 1345(80KB) AllocSpace objects, 1(20KB) LOS objects, 36% free, 27MB/43MB, paused 240us total 43.402ms
08-04 14:14:27.587 12327 12352 I art     : Starting a blocking GC Explicit
08-04 14:14:27.625 12327 12352 I art     : Explicit concurrent mark sweep GC freed 20(704B) AllocSpace objects, 0(0B) LOS objects, 36% free, 27MB/43MB, paused 227us total 37.797ms
08-04 14:14:27.639 12327 12352 I art     : Starting a blocking GC Explicit
08-04 14:14:27.680 12327 12352 I art     : Explicit concurrent mark sweep GC freed 3(96B) AllocSpace objects, 0(0B) LOS objects, 36% free, 27MB/43MB, paused 236us total 41.284ms
08-04 14:14:27.695 12327 12352 I art     : Starting a blocking GC Explicit
08-04 14:14:27.736 12327 12352 I art     : Explicit concurrent mark sweep GC freed 3(96B) AllocSpace objects, 0(0B) LOS objects, 36% free, 27MB/43MB, paused 229us total 41.096ms
08-04 14:14:27.751 12327 12352 I art     : Starting a blocking GC Explicit
08-04 14:14:27.794 12327 12352 I art     : Explicit concurrent mark sweep GC freed 3(96B) AllocSpace objects, 0(0B) LOS objects, 36% free, 27MB/43MB, paused 236us total 42.862ms
08-04 14:14:27.884 13703 13703 D AndroidRuntime: >>>>>> START com.android.internal.os.RuntimeInit uid 2000 <<<<<<
08-04 14:14:27.889 13703 13703 D AndroidRuntime: CheckJNI is OFF
08-04 14:14:27.928 13703 13703 D ICU     : No timezone override file found: /data/misc/zoneinfo/current/icu/icu_tzdata.dat
08-04 14:14:27.967 13703 13703 I Radio-JNI: register_android_hardware_Radio DONE
08-04 14:14:27.989 13703 13703 D AndroidRuntime: Calling main entry com.android.commands.input.Input
08-04 14:14:27.991 13703 13703 I Input   : injectKeyEvent: KeyEvent { action=ACTION_DOWN, keyCode=KEYCODE_BACK, scanCode=0, metaState=0, flags=0x0, repeatCount=0, eventTime=713684404, downTime=713684404, deviceId=-1, source=0x101 }
08-04 14:14:27.998 13703 13703 I Input   : injectKeyEvent: KeyEvent { action=ACTION_UP, keyCode=KEYCODE_BACK, scanCode=0, metaState=0, flags=0x0, repeatCount=0, eventTime=713684404, downTime=713684404, deviceId=-1, source=0x101 }
08-04 14:14:28.005 13703 13703 D AndroidRuntime: Shutting down VM
08-04 14:14:28.045 13866 13866 I GoogleInputMethodServic: GoogleInputMethodService.onFinishInput():3138 
08-04 14:14:28.046 13866 13866 I GoogleInputMethodServic: GoogleInputMethodService.onStartInput():1808 
08-04 14:14:28.076 12327 13016 I art     : Starting a blocking GC Explicit
08-04 14:14:28.115 12327 13016 I art     : Explicit concurrent mark sweep GC freed 1585(88KB) AllocSpace objects, 1(20KB) LOS objects, 36% free, 27MB/43MB, paused 233us total 38.275ms
08-04 14:14:28.129 12327 13016 I art     : Starting a blocking GC Explicit
08-04 14:14:28.164 12327 13016 I art     : Explicit concurrent mark sweep GC freed 26(944B) AllocSpace objects, 0(0B) LOS objects, 36% free, 27MB/43MB, paused 211us total 35.264ms
08-04 14:14:28.178 12327 13016 I art     : Starting a blocking GC Explicit
08-04 14:14:28.219 12327 13016 I art     : Explicit concurrent mark sweep GC freed 3(96B) AllocSpace objects, 0(0B) LOS objects, 36% free, 27MB/43MB, paused 244us total 40.862ms
08-04 14:14:28.237 12327 13016 I art     : Starting a blocking GC Explicit
08-04 14:14:28.242 12327 13626 I RedditChangeDataIO: Writing tmp data file at '/data/user/0/baseline.org.quantumbadger.redreader/files/rr_change_data_tmp.dat'
08-04 14:14:28.243 12327 13626 I RedditChangeDataManager: Taking snapshot...
08-04 14:14:28.243 12327 13626 I RedditChangeDataManager: Writing to stream...
08-04 14:14:28.243 12327 13626 I RedditChangeDataManager: Wrote 3 entries for user ''
08-04 14:14:28.243 12327 13626 I RedditChangeDataManager: All entries written to stream.
08-04 14:14:28.243 12327 13626 I RedditChangeDataIO: Write successful. Atomically replacing data file...
08-04 14:14:28.244 12327 13626 I RedditChangeDataIO: Write complete.
08-04 14:14:28.244 12327 13626 I RedditChangeDataIO: 86 bytes written in 3 ms
08-04 14:14:28.285 12327 13016 I art     : Explicit concurrent mark sweep GC freed 75(4KB) AllocSpace objects, 1(68KB) LOS objects, 36% free, 27MB/43MB, paused 227us total 47.806ms
08-04 14:14:28.301 12327 13016 I art     : Starting a blocking GC Explicit
08-04 14:14:28.354 12327 13016 I art     : Explicit concurrent mark sweep GC freed 12(560B) AllocSpace objects, 0(0B) LOS objects, 36% free, 27MB/43MB, paused 228us total 52.772ms
08-04 14:14:28.373   380   380 W SurfaceFlinger: couldn't log to binary event log: overflow.
08-04 14:14:28.649 12327 12340 I art     : Starting a blocking GC Explicit
08-04 14:14:28.705 12327 12340 I art     : Explicit concurrent mark sweep GC freed 1395(82KB) AllocSpace objects, 1(20KB) LOS objects, 36% free, 27MB/43MB, paused 300us total 56.041ms
08-04 14:14:28.728 12327 12340 I art     : Starting a blocking GC Explicit
08-04 14:14:28.761 12327 12340 I art     : Explicit concurrent mark sweep GC freed 46779(2MB) AllocSpace objects, 5(140KB) LOS objects, 39% free, 24MB/40MB, paused 331us total 32.489ms
08-04 14:14:28.772 24365 23406 I NetworkScheduler.Stats: Task com.google.android.gms/com.google.android.gms.icing.service.IcingGcmTaskService started execution. cause:4 exec_start_elapsed_seconds: 1697072 [CONTEXT service_id=218 ]
08-04 14:14:28.774 12327 12340 I art     : Starting a blocking GC Explicit
08-04 14:14:28.785 24365  7397 I NetworkScheduler.Stats: Task com.google.android.gms/com.google.android.gms.icing.service.IcingGcmTaskService finished executing. cause:4 result: 1 elapsed_millis: 35 uptime_millis: 34 exec_start_elapsed_seconds: 1697072 [CONTEXT service_id=218 ]
08-04 14:14:28.798 12327 12340 I art     : Explicit concurrent mark sweep GC freed 3(96B) AllocSpace objects, 0(0B) LOS objects, 39% free, 24MB/40MB, paused 205us total 24.594ms
08-04 14:14:28.801 24365  7397 I NetworkScheduler.Stats: Task com.google.android.apps.gcs/ started execution. cause:5 exec_start_elapsed_seconds: 1697072 [CONTEXT service_id=218 ]
08-04 14:14:28.803 26348 13741 W Gcs.WfaEliRefreshTask: [24118] afk.b: NULL eligibility response.
08-04 14:14:28.805 24365  7397 I NetworkScheduler.Stats: Task com.google.android.apps.gcs/ finished executing. cause:5 result: 3 elapsed_millis: 7 uptime_millis: 7 exec_start_elapsed_seconds: 1697072 [CONTEXT service_id=218 ]
08-04 14:14:28.810 12327 12340 I art     : Starting a blocking GC Explicit
08-04 14:14:28.837 12327 12340 I art     : Explicit concurrent mark sweep GC freed 3(96B) AllocSpace objects, 0(0B) LOS objects, 39% free, 24MB/40MB, paused 238us total 26.383ms
08-04 14:14:28.849 12327 12340 I art     : Starting a blocking GC Explicit
08-04 14:14:28.879 12327 12340 I art     : Explicit concurrent mark sweep GC freed 3(96B) AllocSpace objects, 0(0B) LOS objects, 39% free, 24MB/40MB, paused 236us total 29.714ms
08-04 14:14:29.161 12327 12341 I art     : Starting a blocking GC Explicit
08-04 14:14:29.207 12327 12341 I art     : Explicit concurrent mark sweep GC freed 1343(80KB) AllocSpace objects, 1(20KB) LOS objects, 39% free, 24MB/40MB, paused 256us total 45.329ms
08-04 14:14:29.224 12327 12341 I art     : Starting a blocking GC Explicit
08-04 14:14:29.253 12327 12341 I art     : Explicit concurrent mark sweep GC freed 20(704B) AllocSpace objects, 0(0B) LOS objects, 39% free, 24MB/40MB, paused 221us total 28.915ms
08-04 14:14:29.266 12327 12341 I art     : Starting a blocking GC Explicit
08-04 14:14:29.294 12327 12341 I art     : Explicit concurrent mark sweep GC freed 3(96B) AllocSpace objects, 0(0B) LOS objects, 39% free, 24MB/40MB, paused 222us total 27.807ms
08-04 14:14:29.308 12327 12341 I art     : Starting a blocking GC Explicit
08-04 14:14:29.337 12327 12341 I art     : Explicit concurrent mark sweep GC freed 3(96B) AllocSpace objects, 0(0B) LOS objects, 39% free, 24MB/40MB, paused 247us total 29.213ms
08-04 14:14:29.350 12327 12341 I art     : Starting a blocking GC Explicit
08-04 14:14:29.379 12327 12341 I art     : Explicit concurrent mark sweep GC freed 3(96B) AllocSpace objects, 0(0B) LOS objects, 39% free, 24MB/40MB, paused 232us total 28.808ms
08-04 14:14:29.641 12327 13730 I art     : Starting a blocking GC Explicit
08-04 14:14:29.659 13752 13752 D AndroidRuntime: >>>>>> START com.android.internal.os.RuntimeInit uid 2000 <<<<<<
08-04 14:14:29.664 13752 13752 D AndroidRuntime: CheckJNI is OFF
08-04 14:14:29.672 12327 13730 I art     : Explicit concurrent mark sweep GC freed 1343(80KB) AllocSpace objects, 1(20KB) LOS objects, 39% free, 24MB/40MB, paused 230us total 31.083ms
08-04 14:14:29.686 12327 13730 I art     : Starting a blocking GC Explicit
08-04 14:14:29.702 13752 13752 D ICU     : No timezone override file found: /data/misc/zoneinfo/current/icu/icu_tzdata.dat
08-04 14:14:29.716 12327 13730 I art     : Explicit concurrent mark sweep GC freed 20(704B) AllocSpace objects, 0(0B) LOS objects, 39% free, 24MB/40MB, paused 239us total 29.871ms
08-04 14:14:29.728 12327 13730 I art     : Starting a blocking GC Explicit
08-04 14:14:29.737 13752 13752 I Radio-JNI: register_android_hardware_Radio DONE
08-04 14:14:29.758 12327 13730 I art     : Explicit concurrent mark sweep GC freed 3(96B) AllocSpace objects, 0(0B) LOS objects, 39% free, 24MB/40MB, paused 227us total 29.395ms
08-04 14:14:29.760 13752 13752 D AndroidRuntime: Calling main entry com.android.commands.input.Input
08-04 14:14:29.761 13752 13752 I Input   : injectKeyEvent: KeyEvent { action=ACTION_DOWN, keyCode=KEYCODE_BACK, scanCode=0, metaState=0, flags=0x0, repeatCount=0, eventTime=713686174, downTime=713686174, deviceId=-1, source=0x101 }
08-04 14:14:29.767 13752 13752 I Input   : injectKeyEvent: KeyEvent { action=ACTION_UP, keyCode=KEYCODE_BACK, scanCode=0, metaState=0, flags=0x0, repeatCount=0, eventTime=713686174, downTime=713686174, deviceId=-1, source=0x101 }
08-04 14:14:29.771 12327 13730 I art     : Starting a blocking GC Explicit
08-04 14:14:29.773 13752 13752 D AndroidRuntime: Shutting down VM
08-04 14:14:29.799 12327 13730 I art     : Explicit concurrent mark sweep GC freed 113(3KB) AllocSpace objects, 0(0B) LOS objects, 39% free, 24MB/40MB, paused 219us total 28.511ms
08-04 14:14:29.811 12327 13730 I art     : Starting a blocking GC Explicit
08-04 14:14:29.815 13866 13866 I GoogleInputMethodServic: GoogleInputMethodService.onFinishInput():3138 
08-04 14:14:29.815 13866 13866 I GoogleInputMethodServic: GoogleInputMethodService.onStartInput():1808 
08-04 14:14:29.838 12327 13730 I art     : Explicit concurrent mark sweep GC freed 38(1456B) AllocSpace objects, 0(0B) LOS objects, 39% free, 24MB/40MB, paused 299us total 26.505ms
08-04 14:14:30.104 12327 13730 I art     : Starting a blocking GC Explicit
08-04 14:14:30.136 12327 13730 I art     : Explicit concurrent mark sweep GC freed 1441(83KB) AllocSpace objects, 1(20KB) LOS objects, 39% free, 24MB/40MB, paused 223us total 31.406ms
08-04 14:14:30.136 12327 12339 I art     : WaitForGcToComplete blocked for 12.243ms for cause HeapTrim
08-04 14:14:30.149 12327 13730 I art     : Starting a blocking GC Explicit
08-04 14:14:30.176 12327 13730 I art     : Explicit concurrent mark sweep GC freed 129(6KB) AllocSpace objects, 0(0B) LOS objects, 39% free, 24MB/40MB, paused 227us total 26.708ms
08-04 14:14:30.189 12327 13730 I art     : Starting a blocking GC Explicit
08-04 14:14:30.218 12327 13730 I art     : Explicit concurrent mark sweep GC freed 25(928B) AllocSpace objects, 0(0B) LOS objects, 39% free, 24MB/40MB, paused 237us total 28.706ms
08-04 14:14:30.230 12327 13730 I art     : Starting a blocking GC Explicit
08-04 14:14:30.259 12327 13730 I art     : Explicit concurrent mark sweep GC freed 3(96B) AllocSpace objects, 0(0B) LOS objects, 39% free, 24MB/40MB, paused 240us total 28.791ms
08-04 14:14:30.272 12327 13730 I art     : Starting a blocking GC Explicit
08-04 14:14:30.302 12327 13730 I art     : Explicit concurrent mark sweep GC freed 3(96B) AllocSpace objects, 0(0B) LOS objects, 39% free, 24MB/40MB, paused 243us total 29.964ms
08-04 14:14:30.579 12327 13016 I art     : Starting a blocking GC Explicit
08-04 14:14:30.613 12327 13016 I art     : Explicit concurrent mark sweep GC freed 1343(80KB) AllocSpace objects, 1(20KB) LOS objects, 39% free, 24MB/40MB, paused 243us total 33.262ms
08-04 14:14:30.630 12327 13016 I art     : Starting a blocking GC Explicit
08-04 14:14:30.660 12327 13016 I art     : Explicit concurrent mark sweep GC freed 20(704B) AllocSpace objects, 0(0B) LOS objects, 39% free, 24MB/40MB, paused 250us total 30.252ms
08-04 14:14:30.673 12327 13016 I art     : Starting a blocking GC Explicit
08-04 14:14:30.704 12327 13016 I art     : Explicit concurrent mark sweep GC freed 3(96B) AllocSpace objects, 0(0B) LOS objects, 39% free, 24MB/40MB, paused 247us total 30.437ms
08-04 14:14:30.717 12327 13016 I art     : Starting a blocking GC Explicit
08-04 14:14:30.749 12327 13016 I art     : Explicit concurrent mark sweep GC freed 3(96B) AllocSpace objects, 0(0B) LOS objects, 39% free, 24MB/40MB, paused 273us total 31.389ms
08-04 14:14:30.762 12327 13016 I art     : Starting a blocking GC Explicit
08-04 14:14:30.793 12327 13016 I art     : Explicit concurrent mark sweep GC freed 3(96B) AllocSpace objects, 0(0B) LOS objects, 39% free, 24MB/40MB, paused 236us total 30.338ms
08-04 14:14:31.075 12327 12340 I art     : Starting a blocking GC Explicit
08-04 14:14:31.106 12327 12340 I art     : Explicit concurrent mark sweep GC freed 1343(80KB) AllocSpace objects, 1(20KB) LOS objects, 39% free, 24MB/40MB, paused 259us total 31.044ms
08-04 14:14:31.119 12327 12340 I art     : Starting a blocking GC Explicit
08-04 14:14:31.150 12327 12340 I art     : Explicit concurrent mark sweep GC freed 20(704B) AllocSpace objects, 0(0B) LOS objects, 39% free, 24MB/40MB, paused 247us total 30.624ms
08-04 14:14:31.163 12327 12340 I art     : Starting a blocking GC Explicit
08-04 14:14:31.193 12327 12340 I art     : Explicit concurrent mark sweep GC freed 3(96B) AllocSpace objects, 0(0B) LOS objects, 39% free, 24MB/40MB, paused 265us total 29.549ms
08-04 14:14:31.206 12327 12340 I art     : Starting a blocking GC Explicit
08-04 14:14:31.235 12327 12340 I art     : Explicit concurrent mark sweep GC freed 3(96B) AllocSpace objects, 0(0B) LOS objects, 39% free, 24MB/40MB, paused 242us total 29.086ms
08-04 14:14:31.248 12327 12340 I art     : Starting a blocking GC Explicit
08-04 14:14:31.277 12327 12340 I art     : Explicit concurrent mark sweep GC freed 3(96B) AllocSpace objects, 0(0B) LOS objects, 39% free, 24MB/40MB, paused 282us total 29.325ms
08-04 14:14:31.451 13801 13801 D AndroidRuntime: >>>>>> START com.android.internal.os.RuntimeInit uid 2000 <<<<<<
08-04 14:14:31.458 13801 13801 D AndroidRuntime: CheckJNI is OFF
08-04 14:14:31.490 13801 13801 D ICU     : No timezone override file found: /data/misc/zoneinfo/current/icu/icu_tzdata.dat
08-04 14:14:31.522 13801 13801 I Radio-JNI: register_android_hardware_Radio DONE
08-04 14:14:31.545 13801 13801 D AndroidRuntime: Calling main entry com.android.commands.input.Input
08-04 14:14:31.547 13801 13801 I Input   : injectMotionEvent: MotionEvent { action=ACTION_DOWN, actionButton=0, id[0]=0, x[0]=600.0, y[0]=1536.0, toolType[0]=TOOL_TYPE_UNKNOWN, buttonState=0, metaState=0, flags=0x0, edgeFlags=0x0, pointerCount=1, historySize=0, eventTime=713687959, downTime=713687959, deviceId=0, source=0x1002 }
08-04 14:14:31.551 13801 13801 I Input   : injectMotionEvent: MotionEvent { action=ACTION_UP, actionButton=0, id[0]=0, x[0]=600.0, y[0]=1536.0, toolType[0]=TOOL_TYPE_UNKNOWN, buttonState=0, metaState=0, flags=0x0, edgeFlags=0x0, pointerCount=1, historySize=0, eventTime=713687959, downTime=713687959, deviceId=0, source=0x1002 }
08-04 14:14:31.552 13801 13801 D AndroidRuntime: Shutting down VM
08-04 14:14:31.561   918   929 I ActivityManager: START u0 {dat=https://oauth.reddit.com/... cmp=baseline.org.quantumbadger.redreader/.activities.PostListingActivity} from uid 10666 on display 0
08-04 14:14:31.561   512  2967 D audio_hw_primary: out_set_parameters: enter: usecase(1: low-latency-playback) kvpairs: routing=2
08-04 14:14:31.562 12327 12341 I art     : Starting a blocking GC Explicit
08-04 14:14:31.574   512  2967 D audio_hw_primary: select_devices: out_snd_device(2: speaker) in_snd_device(0: none)
08-04 14:14:31.574   512  2967 D msm8974_platform: platform_send_audio_calibration: sending audio calibration for snd_device(2) acdb_id(15)
08-04 14:14:31.574   512  2967 I soundtrigger: audio_extn_sound_trigger_update_device_status: device 0x2 of type 0 for Event 1
08-04 14:14:31.581 12327 12327 I AppCompatViewInflater: app:theme is now deprecated. Please move to using android:theme instead.
08-04 14:14:31.586   512  2967 D audio_hw_primary: enable_snd_device: snd_device(2: speaker)
08-04 14:14:31.589   512  2967 D audio_hw_primary: enable_audio_route: apply and update mixer path: low-latency-playback speaker
08-04 14:14:31.596 12327 12341 I art     : Explicit concurrent mark sweep GC freed 1859(122KB) AllocSpace objects, 1(20KB) LOS objects, 39% free, 24MB/40MB, paused 569us total 34.335ms
08-04 14:14:31.604 12327 13830 D OK      : calling: https://oauth.reddit.com/r/askscience/about.json
08-04 14:14:31.613 12327 12341 I art     : Starting a blocking GC Explicit
08-04 14:14:31.640 12327 12341 I art     : Explicit concurrent mark sweep GC freed 602(44KB) AllocSpace objects, 0(0B) LOS objects, 39% free, 24MB/40MB, paused 348us total 26.768ms
08-04 14:14:31.652 12327 12341 I art     : Starting a blocking GC Explicit
08-04 14:14:31.674   918   936 I ActivityManager: Displayed baseline.org.quantumbadger.redreader/.activities.PostListingActivity: +104ms
08-04 14:14:31.675 13866 13866 I GoogleInputMethodServic: GoogleInputMethodService.onFinishInput():3138 
08-04 14:14:31.675 13866 13866 I GoogleInputMethodServic: GoogleInputMethodService.onStartInput():1808 
08-04 14:14:31.680 12327 12341 I art     : Explicit concurrent mark sweep GC freed 841(34KB) AllocSpace objects, 0(0B) LOS objects, 39% free, 25MB/41MB, paused 296us total 27.962ms
08-04 14:14:31.693 12327 12341 I art     : Starting a blocking GC Explicit
08-04 14:14:31.723 12327 12341 I art     : Explicit concurrent mark sweep GC freed 122(7KB) AllocSpace objects, 0(0B) LOS objects, 39% free, 25MB/41MB, paused 275us total 29.542ms
08-04 14:14:31.735 12327 12341 I art     : Starting a blocking GC Explicit
08-04 14:14:31.763 12327 12341 I art     : Explicit concurrent mark sweep GC freed 47(3KB) AllocSpace objects, 0(0B) LOS objects, 39% free, 24MB/40MB, paused 275us total 27.428ms
08-04 14:14:31.935   380   380 W SurfaceFlinger: couldn't log to binary event log: overflow.
08-04 14:14:31.938 12327 13830 I NAPPA_EXPERIMENTATION: MetricNetworkRequestExecutionTime: REQUEST_DURATION_SYSTEM='334',REQUEST_DURATION_OKHTTP='145',REQUEST_SYNCHRONOUS='TRUE',RESPONSE_CODE='200',RESPONSE_METHOD='GET',RESPONSE_LENGTH_OKHTTP='-1',RESPONSE_LENGTH_HEADER='4700',REQUEST_PROTOCOL='h2',REQUEST_URL='https://oauth.reddit.com/r/askscience/about.json',
08-04 14:14:31.939 12327 13830 D OK      : request got status: 200
08-04 14:14:32.008 12327 12352 I art     : Starting a blocking GC Explicit
08-04 14:14:32.038 12327 12352 I art     : Explicit concurrent mark sweep GC freed 4987(349KB) AllocSpace objects, 4(176KB) LOS objects, 38% free, 25MB/41MB, paused 260us total 29.533ms
08-04 14:14:32.051 12327 12352 I art     : Starting a blocking GC Explicit
08-04 14:14:32.082 12327 12352 I art     : Explicit concurrent mark sweep GC freed 304(14KB) AllocSpace objects, 0(0B) LOS objects, 38% free, 25MB/41MB, paused 483us total 30.605ms
08-04 14:14:32.096 12327 12352 I art     : Starting a blocking GC Explicit
08-04 14:14:32.118   512  2967 D audio_hw_primary: disable_audio_route: reset and update mixer path: low-latency-playback speaker
08-04 14:14:32.119   512  2967 D audio_hw_primary: disable_snd_device: snd_device(2: speaker)
08-04 14:14:32.124 12327 12352 I art     : Explicit concurrent mark sweep GC freed 10(368B) AllocSpace objects, 0(0B) LOS objects, 38% free, 25MB/41MB, paused 285us total 28.258ms
08-04 14:14:32.129   512  2967 I soundtrigger: audio_extn_sound_trigger_update_device_status: device 0x2 of type 0 for Event 0
08-04 14:14:32.137 12327 12352 I art     : Starting a blocking GC Explicit
08-04 14:14:32.165 12327 12352 I art     : Explicit concurrent mark sweep GC freed 3(96B) AllocSpace objects, 0(0B) LOS objects, 38% free, 25MB/41MB, paused 246us total 27.553ms
08-04 14:14:32.177 12327 12352 I art     : Starting a blocking GC Explicit
08-04 14:14:32.207 12327 12352 I art     : Explicit concurrent mark sweep GC freed 3(96B) AllocSpace objects, 0(0B) LOS objects, 38% free, 25MB/41MB, paused 302us total 29.404ms
08-04 14:14:32.492 12327 12341 I art     : Starting a blocking GC Explicit
08-04 14:14:32.524 12327 12341 I art     : Explicit concurrent mark sweep GC freed 1402(82KB) AllocSpace objects, 1(20KB) LOS objects, 38% free, 25MB/41MB, paused 288us total 32.077ms
08-04 14:14:32.538 12327 12341 I art     : Starting a blocking GC Explicit
08-04 14:14:32.568 12327 12341 I art     : Explicit concurrent mark sweep GC freed 20(704B) AllocSpace objects, 0(0B) LOS objects, 38% free, 25MB/41MB, paused 284us total 30.269ms
08-04 14:14:32.581 12327 12341 I art     : Starting a blocking GC Explicit
08-04 14:14:32.611 12327 12341 I art     : Explicit concurrent mark sweep GC freed 3(96B) AllocSpace objects, 0(0B) LOS objects, 38% free, 25MB/41MB, paused 255us total 29.671ms
08-04 14:14:32.624 12327 12341 I art     : Starting a blocking GC Explicit
08-04 14:14:32.653 12327 12341 I art     : Explicit concurrent mark sweep GC freed 3(96B) AllocSpace objects, 0(0B) LOS objects, 38% free, 25MB/41MB, paused 290us total 29.672ms
08-04 14:14:32.667 12327 12341 I art     : Starting a blocking GC Explicit
08-04 14:14:32.697 12327 12341 I art     : Explicit concurrent mark sweep GC freed 3(96B) AllocSpace objects, 0(0B) LOS objects, 38% free, 25MB/41MB, paused 270us total 30.172ms
08-04 14:14:32.804 12327 13854 D OK      : calling: https://oauth.reddit.com/r/askscience/hot/.json
08-04 14:14:32.854   918  3188 I hubconnection: sensorhub said: 'set_bias 3: -6.2400, 0.0000, 0.0000'
08-04 14:14:32.974 12327 12340 I art     : Starting a blocking GC Explicit
08-04 14:14:33.007 12327 12340 I art     : Explicit concurrent mark sweep GC freed 1435(83KB) AllocSpace objects, 1(20KB) LOS objects, 38% free, 25MB/41MB, paused 325us total 32.726ms
08-04 14:14:33.020 12327 12340 I art     : Starting a blocking GC Explicit
08-04 14:14:33.022 12327 13854 I NAPPA_EXPERIMENTATION: MetricNetworkRequestExecutionTime: REQUEST_DURATION_SYSTEM='218',REQUEST_DURATION_OKHTTP='214',REQUEST_SYNCHRONOUS='TRUE',RESPONSE_CODE='200',RESPONSE_METHOD='GET',RESPONSE_LENGTH_OKHTTP='-1',RESPONSE_LENGTH_HEADER='21282',REQUEST_PROTOCOL='h2',REQUEST_URL='https://oauth.reddit.com/r/askscience/hot/.json',
08-04 14:14:33.022 12327 13854 D OK      : request got status: 200
08-04 14:14:33.051 12327 12340 I art     : Explicit concurrent mark sweep GC freed 360(29KB) AllocSpace objects, 0(0B) LOS objects, 38% free, 25MB/41MB, paused 325us total 31.020ms
08-04 14:14:33.053 12327 12901 I PostListingFragment: Precaching images: OFF
08-04 14:14:33.053 12327 12901 I PostListingFragment: Precaching comments: OFF
08-04 14:14:33.064 12327 12340 I art     : Starting a blocking GC Explicit
08-04 14:14:33.098 12327 12340 I art     : Explicit concurrent mark sweep GC freed 1462(157KB) AllocSpace objects, 0(0B) LOS objects, 38% free, 25MB/41MB, paused 2.202ms total 33.920ms
08-04 14:14:33.111 12327 12340 I art     : Starting a blocking GC Explicit
08-04 14:14:33.143 12327 12340 I art     : Explicit concurrent mark sweep GC freed 3398(153KB) AllocSpace objects, 1(68KB) LOS objects, 38% free, 25MB/41MB, paused 456us total 32.135ms
08-04 14:14:33.156 12327 12340 I art     : Starting a blocking GC Explicit
08-04 14:14:33.188 12327 12340 I art     : Explicit concurrent mark sweep GC freed 3610(187KB) AllocSpace objects, 1(68KB) LOS objects, 38% free, 25MB/41MB, paused 494us total 32.616ms
08-04 14:14:33.503 12327 13016 I art     : Starting a blocking GC Explicit
08-04 14:14:33.541 12327 13016 I art     : Explicit concurrent mark sweep GC freed 25394(1093KB) AllocSpace objects, 1(20KB) LOS objects, 38% free, 25MB/41MB, paused 469us total 37.687ms
08-04 14:14:33.557 12327 13016 I art     : Starting a blocking GC Explicit
08-04 14:14:33.587 12327 13016 I art     : Explicit concurrent mark sweep GC freed 1426(62KB) AllocSpace objects, 0(0B) LOS objects, 38% free, 25MB/41MB, paused 304us total 29.649ms
08-04 14:14:33.600 12327 13016 I art     : Starting a blocking GC Explicit
08-04 14:14:33.629 12327 13016 I art     : Explicit concurrent mark sweep GC freed 3(96B) AllocSpace objects, 0(0B) LOS objects, 38% free, 25MB/41MB, paused 338us total 29.118ms
08-04 14:14:33.641 12327 13016 I art     : Starting a blocking GC Explicit
08-04 14:14:33.673 12327 13016 I art     : Explicit concurrent mark sweep GC freed 68(2608B) AllocSpace objects, 0(0B) LOS objects, 38% free, 25MB/41MB, paused 275us total 31.621ms
08-04 14:14:33.687 12327 13016 I art     : Starting a blocking GC Explicit
08-04 14:14:33.716 12327 13016 I art     : Explicit concurrent mark sweep GC freed 3(96B) AllocSpace objects, 0(0B) LOS objects, 38% free, 25MB/41MB, paused 277us total 29.189ms
08-04 14:14:34.028 12327 13730 I art     : Starting a blocking GC Explicit
08-04 14:14:34.074 12327 13730 I art     : Explicit concurrent mark sweep GC freed 1515(87KB) AllocSpace objects, 1(20KB) LOS objects, 38% free, 25MB/41MB, paused 312us total 45.276ms
08-04 14:14:34.090 12327 13730 I art     : Starting a blocking GC Explicit
08-04 14:14:34.124 12327 13730 I art     : Explicit concurrent mark sweep GC freed 20(704B) AllocSpace objects, 0(0B) LOS objects, 38% free, 25MB/41MB, paused 280us total 34.095ms
08-04 14:14:34.138 12327 13730 I art     : Starting a blocking GC Explicit
08-04 14:14:34.172 12327 13730 I art     : Explicit concurrent mark sweep GC freed 3(96B) AllocSpace objects, 0(0B) LOS objects, 38% free, 25MB/41MB, paused 276us total 34.125ms
08-04 14:14:34.186 12327 13730 I art     : Starting a blocking GC Explicit
08-04 14:14:34.220 12327 13730 I art     : Explicit concurrent mark sweep GC freed 3(96B) AllocSpace objects, 0(0B) LOS objects, 38% free, 25MB/41MB, paused 272us total 34.056ms
08-04 14:14:34.234 12327 13730 I art     : Starting a blocking GC Explicit
08-04 14:14:34.268 12327 13730 I art     : Explicit concurrent mark sweep GC freed 3(96B) AllocSpace objects, 0(0B) LOS objects, 38% free, 25MB/41MB, paused 252us total 33.750ms
08-04 14:14:34.602 12327 12341 I art     : Starting a blocking GC Explicit
08-04 14:14:34.645 12327 12341 I art     : Explicit concurrent mark sweep GC freed 1344(80KB) AllocSpace objects, 1(20KB) LOS objects, 38% free, 25MB/41MB, paused 306us total 42.374ms
08-04 14:14:34.662 12327 12341 I art     : Starting a blocking GC Explicit
08-04 14:14:34.697 12327 12341 I art     : Explicit concurrent mark sweep GC freed 20(704B) AllocSpace objects, 0(0B) LOS objects, 38% free, 25MB/41MB, paused 287us total 34.427ms
08-04 14:14:34.711 12327 12341 I art     : Starting a blocking GC Explicit
08-04 14:14:34.745 12327 12341 I art     : Explicit concurrent mark sweep GC freed 3(96B) AllocSpace objects, 0(0B) LOS objects, 38% free, 25MB/41MB, paused 275us total 33.921ms
08-04 14:14:34.759 12327 12341 I art     : Starting a blocking GC Explicit
08-04 14:14:34.793 12327 12341 I art     : Explicit concurrent mark sweep GC freed 3(96B) AllocSpace objects, 0(0B) LOS objects, 38% free, 25MB/41MB, paused 277us total 34.028ms
08-04 14:14:34.807 12327 12341 I art     : Starting a blocking GC Explicit
08-04 14:14:34.841 12327 12341 I art     : Explicit concurrent mark sweep GC freed 3(96B) AllocSpace objects, 0(0B) LOS objects, 38% free, 25MB/41MB, paused 268us total 33.726ms
08-04 14:14:35.158 12327 12352 I art     : Starting a blocking GC Explicit
08-04 14:14:35.195 12327 12352 I art     : Explicit concurrent mark sweep GC freed 1344(80KB) AllocSpace objects, 1(20KB) LOS objects, 38% free, 25MB/41MB, paused 288us total 37.078ms
08-04 14:14:35.196 12327 12339 I art     : WaitForGcToComplete blocked for 19.807ms for cause HeapTrim
08-04 14:14:35.210 12327 12352 I art     : Starting a blocking GC Explicit
08-04 14:14:35.242 12327 12352 I art     : Explicit concurrent mark sweep GC freed 20(704B) AllocSpace objects, 0(0B) LOS objects, 38% free, 25MB/41MB, paused 273us total 32.549ms
08-04 14:14:35.256 12327 12352 I art     : Starting a blocking GC Explicit
08-04 14:14:35.290 12327 12352 I art     : Explicit concurrent mark sweep GC freed 3(96B) AllocSpace objects, 0(0B) LOS objects, 38% free, 25MB/41MB, paused 281us total 34.060ms
08-04 14:14:35.304 12327 12352 I art     : Starting a blocking GC Explicit
08-04 14:14:35.338 12327 12352 I art     : Explicit concurrent mark sweep GC freed 3(96B) AllocSpace objects, 0(0B) LOS objects, 38% free, 25MB/41MB, paused 285us total 34.227ms
08-04 14:14:35.352 12327 12352 I art     : Starting a blocking GC Explicit
08-04 14:14:35.386 12327 12352 I art     : Explicit concurrent mark sweep GC freed 3(96B) AllocSpace objects, 0(0B) LOS objects, 38% free, 25MB/41MB, paused 278us total 33.956ms
08-04 14:14:35.702 12327 13016 I art     : Starting a blocking GC Explicit
08-04 14:14:35.746 12327 13016 I art     : Explicit concurrent mark sweep GC freed 1343(80KB) AllocSpace objects, 1(20KB) LOS objects, 38% free, 25MB/41MB, paused 292us total 42.759ms
08-04 14:14:35.762 12327 13016 I art     : Starting a blocking GC Explicit
08-04 14:14:35.796 12327 13016 I art     : Explicit concurrent mark sweep GC freed 20(704B) AllocSpace objects, 0(0B) LOS objects, 38% free, 25MB/41MB, paused 277us total 34.127ms
08-04 14:14:35.810 12327 13016 I art     : Starting a blocking GC Explicit
08-04 14:14:35.845 12327 13016 I art     : Explicit concurrent mark sweep GC freed 3(96B) AllocSpace objects, 0(0B) LOS objects, 38% free, 25MB/41MB, paused 275us total 34.220ms
08-04 14:14:35.858 12327 13016 I art     : Starting a blocking GC Explicit
08-04 14:14:35.892 12327 13016 I art     : Explicit concurrent mark sweep GC freed 3(96B) AllocSpace objects, 0(0B) LOS objects, 38% free, 25MB/41MB, paused 275us total 33.485ms
08-04 14:14:35.906 12327 13016 I art     : Starting a blocking GC Explicit
08-04 14:14:35.940 12327 13016 I art     : Explicit concurrent mark sweep GC freed 3(96B) AllocSpace objects, 0(0B) LOS objects, 38% free, 25MB/41MB, paused 279us total 33.586ms
08-04 14:14:36.272 12327 12340 I art     : Starting a blocking GC Explicit
08-04 14:14:36.317 12327 12340 I art     : Explicit concurrent mark sweep GC freed 1347(80KB) AllocSpace objects, 1(20KB) LOS objects, 38% free, 25MB/41MB, paused 305us total 44.629ms
08-04 14:14:36.332 12327 12340 I art     : Starting a blocking GC Explicit
08-04 14:14:36.367 12327 12340 I art     : Explicit concurrent mark sweep GC freed 20(704B) AllocSpace objects, 0(0B) LOS objects, 38% free, 25MB/41MB, paused 278us total 34.190ms
08-04 14:14:36.381 12327 12340 I art     : Starting a blocking GC Explicit
08-04 14:14:36.415 12327 12340 I art     : Explicit concurrent mark sweep GC freed 3(96B) AllocSpace objects, 0(0B) LOS objects, 38% free, 25MB/41MB, paused 291us total 34.383ms
08-04 14:14:36.429 12327 12340 I art     : Starting a blocking GC Explicit
08-04 14:14:36.463 12327 12340 I art     : Explicit concurrent mark sweep GC freed 3(96B) AllocSpace objects, 0(0B) LOS objects, 38% free, 25MB/41MB, paused 287us total 33.880ms
08-04 14:14:36.477 12327 12340 I art     : Starting a blocking GC Explicit
08-04 14:14:36.512 12327 12340 I art     : Explicit concurrent mark sweep GC freed 3(96B) AllocSpace objects, 0(0B) LOS objects, 38% free, 25MB/41MB, paused 279us total 34.481ms
08-04 14:14:36.821 12327 13730 I art     : Starting a blocking GC Explicit
08-04 14:14:36.854 12327 13730 I art     : Explicit concurrent mark sweep GC freed 1344(80KB) AllocSpace objects, 1(20KB) LOS objects, 38% free, 25MB/41MB, paused 271us total 33.642ms
08-04 14:14:36.868 12327 13730 I art     : Starting a blocking GC Explicit
08-04 14:14:36.901 12327 13730 I art     : Explicit concurrent mark sweep GC freed 20(704B) AllocSpace objects, 0(0B) LOS objects, 38% free, 25MB/41MB, paused 280us total 32.665ms
08-04 14:14:36.914 12327 13730 I art     : Starting a blocking GC Explicit
08-04 14:14:36.946 12327 13730 I art     : Explicit concurrent mark sweep GC freed 3(96B) AllocSpace objects, 0(0B) LOS objects, 38% free, 25MB/41MB, paused 274us total 31.684ms
08-04 14:14:36.960 12327 13730 I art     : Starting a blocking GC Explicit
08-04 14:14:36.992 12327 13730 I art     : Explicit concurrent mark sweep GC freed 3(96B) AllocSpace objects, 0(0B) LOS objects, 38% free, 25MB/41MB, paused 274us total 32.376ms
08-04 14:14:37.006 12327 13730 I art     : Starting a blocking GC Explicit
08-04 14:14:37.038 12327 13730 I art     : Explicit concurrent mark sweep GC freed 3(96B) AllocSpace objects, 0(0B) LOS objects, 38% free, 25MB/41MB, paused 274us total 31.302ms
08-04 14:14:37.212 13956 13956 D AndroidRuntime: >>>>>> START com.android.internal.os.RuntimeInit uid 2000 <<<<<<
08-04 14:14:37.217 13956 13956 D AndroidRuntime: CheckJNI is OFF
08-04 14:14:37.249 13956 13956 D ICU     : No timezone override file found: /data/misc/zoneinfo/current/icu/icu_tzdata.dat
08-04 14:14:37.283 13956 13956 I Radio-JNI: register_android_hardware_Radio DONE
08-04 14:14:37.304 13956 13956 D AndroidRuntime: Calling main entry com.android.commands.input.Input
08-04 14:14:37.306 13956 13956 I Input   : injectMotionEvent: MotionEvent { action=ACTION_DOWN, actionButton=0, id[0]=0, x[0]=600.0, y[0]=700.0, toolType[0]=TOOL_TYPE_UNKNOWN, buttonState=0, metaState=0, flags=0x0, edgeFlags=0x0, pointerCount=1, historySize=0, eventTime=713693719, downTime=713693719, deviceId=0, source=0x1002 }
08-04 14:14:37.310 13956 13956 I Input   : injectMotionEvent: MotionEvent { action=ACTION_UP, actionButton=0, id[0]=0, x[0]=600.0, y[0]=700.0, toolType[0]=TOOL_TYPE_UNKNOWN, buttonState=0, metaState=0, flags=0x0, edgeFlags=0x0, pointerCount=1, historySize=0, eventTime=713693719, downTime=713693719, deviceId=0, source=0x1002 }
08-04 14:14:37.312 13956 13956 D AndroidRuntime: Shutting down VM
08-04 14:14:37.321   512  2967 D audio_hw_primary: out_set_parameters: enter: usecase(1: low-latency-playback) kvpairs: routing=2
08-04 14:14:37.322   918  6110 I ActivityManager: START u0 {dat=https://oauth.reddit.com/... cmp=baseline.org.quantumbadger.redreader/.activities.CommentListingActivity} from uid 10666 on display 0
08-04 14:14:37.334   512  2967 D audio_hw_primary: select_devices: out_snd_device(2: speaker) in_snd_device(0: none)
08-04 14:14:37.334   512  2967 D msm8974_platform: platform_send_audio_calibration: sending audio calibration for snd_device(2) acdb_id(15)
08-04 14:14:37.334   512  2967 I soundtrigger: audio_extn_sound_trigger_update_device_status: device 0x2 of type 0 for Event 1
08-04 14:14:37.340 12327 12341 I art     : Starting a blocking GC Explicit
08-04 14:14:37.346   512  2967 D audio_hw_primary: enable_snd_device: snd_device(2: speaker)
08-04 14:14:37.349   512  2967 D audio_hw_primary: enable_audio_route: apply and update mixer path: low-latency-playback speaker
08-04 14:14:37.350 12327 12327 I AppCompatViewInflater: app:theme is now deprecated. Please move to using android:theme instead.
08-04 14:14:37.368 12327 12901 I CommentListingActivity: COMMENTS session changed to 85af6c9a-de62-42f9-83bf-2c9348dc238a
08-04 14:14:37.376 12327 12341 I art     : Explicit concurrent mark sweep GC freed 3523(266KB) AllocSpace objects, 1(20KB) LOS objects, 38% free, 25MB/41MB, paused 570us total 35.866ms
08-04 14:14:37.389 12327 12341 I art     : Starting a blocking GC Explicit
08-04 14:14:37.425 12327 12341 I art     : Explicit concurrent mark sweep GC freed 8675(596KB) AllocSpace objects, 1(16KB) LOS objects, 37% free, 26MB/42MB, paused 702us total 36.475ms
08-04 14:14:37.441 12327 12341 I art     : Starting a blocking GC Explicit
08-04 14:14:37.483 12327 12341 I art     : Explicit concurrent mark sweep GC freed 12268(812KB) AllocSpace objects, 1(20KB) LOS objects, 36% free, 28MB/44MB, paused 1.121ms total 42.611ms
08-04 14:14:37.498 12327 12341 I art     : Starting a blocking GC Explicit
08-04 14:14:37.545   918   936 I ActivityManager: Displayed baseline.org.quantumbadger.redreader/.activities.CommentListingActivity: +215ms
08-04 14:14:37.546 13866 13866 I GoogleInputMethodServic: GoogleInputMethodService.onFinishInput():3138 
08-04 14:14:37.546 12327 12341 I art     : Explicit concurrent mark sweep GC freed 13815(912KB) AllocSpace objects, 1(16KB) LOS objects, 35% free, 29MB/45MB, paused 839us total 48.512ms
08-04 14:14:37.547 13866 13866 I GoogleInputMethodServic: GoogleInputMethodService.onStartInput():1808 
08-04 14:14:37.562 12327 12341 I art     : Starting a blocking GC Explicit
08-04 14:14:37.611 12327 12341 I art     : Explicit concurrent mark sweep GC freed 8287(586KB) AllocSpace objects, 0(0B) LOS objects, 35% free, 29MB/45MB, paused 322us total 48.902ms
08-04 14:14:37.799   380   380 W SurfaceFlinger: couldn't log to binary event log: overflow.
08-04 14:14:37.864 12327 13730 I art     : Starting a blocking GC Explicit
08-04 14:14:37.889   512  2967 D audio_hw_primary: disable_audio_route: reset and update mixer path: low-latency-playback speaker
08-04 14:14:37.890   512  2967 D audio_hw_primary: disable_snd_device: snd_device(2: speaker)
08-04 14:14:37.898   512  2967 I soundtrigger: audio_extn_sound_trigger_update_device_status: device 0x2 of type 0 for Event 0
08-04 14:14:37.910 12327 13730 I art     : Explicit concurrent mark sweep GC freed 20522(932KB) AllocSpace objects, 1(20KB) LOS objects, 36% free, 28MB/44MB, paused 244us total 46.478ms
08-04 14:14:37.926 12327 13730 I art     : Starting a blocking GC Explicit
08-04 14:14:37.970 12327 13730 I art     : Explicit concurrent mark sweep GC freed 114(3KB) AllocSpace objects, 0(0B) LOS objects, 36% free, 28MB/44MB, paused 237us total 44.410ms
08-04 14:14:37.986 12327 13730 I art     : Starting a blocking GC Explicit
08-04 14:14:38.027 12327 13730 I art     : Explicit concurrent mark sweep GC freed 7(224B) AllocSpace objects, 0(0B) LOS objects, 36% free, 28MB/44MB, paused 283us total 41.386ms
08-04 14:14:38.042 12327 13730 I art     : Starting a blocking GC Explicit
08-04 14:14:38.088 12327 13730 I art     : Explicit concurrent mark sweep GC freed 3(96B) AllocSpace objects, 0(0B) LOS objects, 36% free, 28MB/44MB, paused 245us total 45.425ms
08-04 14:14:38.090 12327 13865 I RedditChangeDataIO: Writing tmp data file at '/data/user/0/baseline.org.quantumbadger.redreader/files/rr_change_data_tmp.dat'
08-04 14:14:38.091 12327 13865 I RedditChangeDataManager: Taking snapshot...
08-04 14:14:38.091 12327 13865 I RedditChangeDataManager: Writing to stream...
08-04 14:14:38.091 12327 13865 I RedditChangeDataManager: Wrote 3 entries for user ''
08-04 14:14:38.091 12327 13865 I RedditChangeDataManager: All entries written to stream.
08-04 14:14:38.091 12327 13865 I RedditChangeDataIO: Write successful. Atomically replacing data file...
08-04 14:14:38.092 12327 13865 I RedditChangeDataIO: Write complete.
08-04 14:14:38.093 12327 13865 I RedditChangeDataIO: 86 bytes written in 3 ms
08-04 14:14:38.104 12327 13730 I art     : Starting a blocking GC Explicit
08-04 14:14:38.149 12327 13730 I art     : Explicit concurrent mark sweep GC freed 336(44KB) AllocSpace objects, 1(68KB) LOS objects, 36% free, 28MB/44MB, paused 213us total 45.118ms
08-04 14:14:38.443 12327 13730 I art     : Starting a blocking GC Explicit
08-04 14:14:38.492 12327 13730 I art     : Explicit concurrent mark sweep GC freed 1411(82KB) AllocSpace objects, 1(20KB) LOS objects, 36% free, 28MB/44MB, paused 284us total 48.217ms
08-04 14:14:38.507 12327 13730 I art     : Starting a blocking GC Explicit
08-04 14:14:38.549 12327 13730 I art     : Explicit concurrent mark sweep GC freed 66(2528B) AllocSpace objects, 0(0B) LOS objects, 36% free, 28MB/44MB, paused 222us total 41.888ms
08-04 14:14:38.564 12327 13730 I art     : Starting a blocking GC Explicit
08-04 14:14:38.611 12327 13730 I art     : Explicit concurrent mark sweep GC freed 3(96B) AllocSpace objects, 0(0B) LOS objects, 36% free, 28MB/44MB, paused 246us total 46.655ms
08-04 14:14:38.626 12327 13730 I art     : Starting a blocking GC Explicit
08-04 14:14:38.670 12327 13730 I art     : Explicit concurrent mark sweep GC freed 3(96B) AllocSpace objects, 0(0B) LOS objects, 36% free, 28MB/44MB, paused 234us total 44.008ms
08-04 14:14:38.685 12327 13730 I art     : Starting a blocking GC Explicit
08-04 14:14:38.733 12327 13730 I art     : Explicit concurrent mark sweep GC freed 3(96B) AllocSpace objects, 0(0B) LOS objects, 36% free, 28MB/44MB, paused 238us total 47.663ms
08-04 14:14:39.021 12327 12340 I art     : Starting a blocking GC Explicit
08-04 14:14:39.081 12327 12340 I art     : Explicit concurrent mark sweep GC freed 1343(80KB) AllocSpace objects, 1(20KB) LOS objects, 36% free, 28MB/44MB, paused 288us total 59.145ms
08-04 14:14:39.099 12327 12340 I art     : Starting a blocking GC Explicit
08-04 14:14:39.147 12327 12340 I art     : Explicit concurrent mark sweep GC freed 20(704B) AllocSpace objects, 0(0B) LOS objects, 36% free, 28MB/44MB, paused 292us total 47.917ms
08-04 14:14:39.163 12327 12340 I art     : Starting a blocking GC Explicit
08-04 14:14:39.209 12327 12340 I art     : Explicit concurrent mark sweep GC freed 3(96B) AllocSpace objects, 0(0B) LOS objects, 36% free, 28MB/44MB, paused 252us total 45.675ms
08-04 14:14:39.224 12327 12340 I art     : Starting a blocking GC Explicit
08-04 14:14:39.271 12327 12340 I art     : Explicit concurrent mark sweep GC freed 3(96B) AllocSpace objects, 0(0B) LOS objects, 36% free, 28MB/44MB, paused 252us total 46.882ms
08-04 14:14:39.287 12327 12340 I art     : Starting a blocking GC Explicit
08-04 14:14:39.332 12327 12340 I art     : Explicit concurrent mark sweep GC freed 3(96B) AllocSpace objects, 0(0B) LOS objects, 36% free, 28MB/44MB, paused 249us total 45.275ms
08-04 14:14:39.642 12327 13016 I art     : Starting a blocking GC Explicit
08-04 14:14:39.707 12327 13016 I art     : Explicit concurrent mark sweep GC freed 1343(80KB) AllocSpace objects, 1(20KB) LOS objects, 36% free, 28MB/44MB, paused 281us total 64.381ms
08-04 14:14:39.725 12327 13016 I art     : Starting a blocking GC Explicit
08-04 14:14:39.773 12327 13016 I art     : Explicit concurrent mark sweep GC freed 20(704B) AllocSpace objects, 0(0B) LOS objects, 36% free, 28MB/44MB, paused 241us total 47.801ms
08-04 14:14:39.789 12327 13016 I art     : Starting a blocking GC Explicit
08-04 14:14:39.835 12327 13016 I art     : Explicit concurrent mark sweep GC freed 3(96B) AllocSpace objects, 0(0B) LOS objects, 36% free, 28MB/44MB, paused 238us total 45.880ms
08-04 14:14:39.850 12327 13016 I art     : Starting a blocking GC Explicit
08-04 14:14:39.897 12327 13016 I art     : Explicit concurrent mark sweep GC freed 3(96B) AllocSpace objects, 0(0B) LOS objects, 36% free, 28MB/44MB, paused 313us total 46.358ms
08-04 14:14:39.912 12327 13016 I art     : Starting a blocking GC Explicit
08-04 14:14:39.960 12327 13016 I art     : Explicit concurrent mark sweep GC freed 3(96B) AllocSpace objects, 0(0B) LOS objects, 36% free, 28MB/44MB, paused 256us total 47.378ms
08-04 14:14:40.265 12327 12341 I art     : Starting a blocking GC Explicit
08-04 14:14:40.327 12327 12341 I art     : Explicit concurrent mark sweep GC freed 1343(80KB) AllocSpace objects, 1(20KB) LOS objects, 36% free, 28MB/44MB, paused 245us total 61.769ms
08-04 14:14:40.347 12327 12341 I art     : Starting a blocking GC Explicit
08-04 14:14:40.395 12327 12341 I art     : Explicit concurrent mark sweep GC freed 20(704B) AllocSpace objects, 0(0B) LOS objects, 36% free, 28MB/44MB, paused 250us total 47.537ms
08-04 14:14:40.411 12327 12341 I art     : Starting a blocking GC Explicit
08-04 14:14:40.459 12327 12341 I art     : Explicit concurrent mark sweep GC freed 3(96B) AllocSpace objects, 0(0B) LOS objects, 36% free, 28MB/44MB, paused 264us total 48.089ms
08-04 14:14:40.479 12327 12341 I art     : Starting a blocking GC Explicit
08-04 14:14:40.524 12327 12341 I art     : Explicit concurrent mark sweep GC freed 3(96B) AllocSpace objects, 0(0B) LOS objects, 36% free, 28MB/44MB, paused 236us total 45.136ms
08-04 14:14:40.540 12327 12341 I art     : Starting a blocking GC Explicit
08-04 14:14:40.586 12327 12341 I art     : Explicit concurrent mark sweep GC freed 3(96B) AllocSpace objects, 0(0B) LOS objects, 36% free, 28MB/44MB, paused 239us total 45.990ms
08-04 14:14:40.914 12327 12352 I art     : Starting a blocking GC Explicit
08-04 14:14:40.973 12327 12352 I art     : Explicit concurrent mark sweep GC freed 1343(80KB) AllocSpace objects, 1(20KB) LOS objects, 36% free, 28MB/44MB, paused 274us total 58.824ms
08-04 14:14:40.994 12327 12352 I art     : Starting a blocking GC Explicit
08-04 14:14:41.039 12327 12352 I art     : Explicit concurrent mark sweep GC freed 20(704B) AllocSpace objects, 0(0B) LOS objects, 36% free, 28MB/44MB, paused 250us total 44.324ms
08-04 14:14:41.054 12327 12352 I art     : Starting a blocking GC Explicit
08-04 14:14:41.102 12327 12352 I art     : Explicit concurrent mark sweep GC freed 3(96B) AllocSpace objects, 0(0B) LOS objects, 36% free, 28MB/44MB, paused 293us total 47.577ms
08-04 14:14:41.118 12327 12352 I art     : Starting a blocking GC Explicit
08-04 14:14:41.164 12327 12352 I art     : Explicit concurrent mark sweep GC freed 3(96B) AllocSpace objects, 0(0B) LOS objects, 36% free, 28MB/44MB, paused 250us total 45.930ms
08-04 14:14:41.179 12327 12352 I art     : Starting a blocking GC Explicit
08-04 14:14:41.227 12327 12352 I art     : Explicit concurrent mark sweep GC freed 3(96B) AllocSpace objects, 0(0B) LOS objects, 36% free, 28MB/44MB, paused 270us total 47.697ms
08-04 14:14:41.571 12327 13730 I art     : Starting a blocking GC Explicit
08-04 14:14:41.621 12327 13730 I art     : Explicit concurrent mark sweep GC freed 1345(80KB) AllocSpace objects, 1(20KB) LOS objects, 36% free, 28MB/44MB, paused 248us total 49.320ms
08-04 14:14:41.637 12327 13730 I art     : Starting a blocking GC Explicit
08-04 14:14:41.681 12327 13730 I art     : Explicit concurrent mark sweep GC freed 20(704B) AllocSpace objects, 0(0B) LOS objects, 36% free, 28MB/44MB, paused 252us total 44.242ms
08-04 14:14:41.696 12327 13730 I art     : Starting a blocking GC Explicit
08-04 14:14:41.740 12327 13730 I art     : Explicit concurrent mark sweep GC freed 3(96B) AllocSpace objects, 0(0B) LOS objects, 36% free, 28MB/44MB, paused 241us total 43.977ms
08-04 14:14:41.755 12327 13730 I art     : Starting a blocking GC Explicit
08-04 14:14:41.799 12327 13730 I art     : Explicit concurrent mark sweep GC freed 3(96B) AllocSpace objects, 0(0B) LOS objects, 36% free, 28MB/44MB, paused 236us total 43.662ms
08-04 14:14:41.814 12327 13730 I art     : Starting a blocking GC Explicit
08-04 14:14:41.858 12327 13730 I art     : Explicit concurrent mark sweep GC freed 3(96B) AllocSpace objects, 0(0B) LOS objects, 36% free, 28MB/44MB, paused 252us total 43.688ms
08-04 14:14:41.968 14055 14055 D AndroidRuntime: >>>>>> START com.android.internal.os.RuntimeInit uid 2000 <<<<<<
08-04 14:14:41.976 14055 14055 D AndroidRuntime: CheckJNI is OFF
08-04 14:14:42.013 14055 14055 D ICU     : No timezone override file found: /data/misc/zoneinfo/current/icu/icu_tzdata.dat
08-04 14:14:42.046 14055 14055 I Radio-JNI: register_android_hardware_Radio DONE
08-04 14:14:42.067 14055 14055 D AndroidRuntime: Calling main entry com.android.commands.input.Input
08-04 14:14:42.069 14055 14055 I Input   : injectKeyEvent: KeyEvent { action=ACTION_DOWN, keyCode=KEYCODE_BACK, scanCode=0, metaState=0, flags=0x0, repeatCount=0, eventTime=713698482, downTime=713698482, deviceId=-1, source=0x101 }
08-04 14:14:42.075 14055 14055 I Input   : injectKeyEvent: KeyEvent { action=ACTION_UP, keyCode=KEYCODE_BACK, scanCode=0, metaState=0, flags=0x0, repeatCount=0, eventTime=713698482, downTime=713698482, deviceId=-1, source=0x101 }
08-04 14:14:42.082 14055 14055 D AndroidRuntime: Shutting down VM
08-04 14:14:42.113 13866 13866 I GoogleInputMethodServic: GoogleInputMethodService.onFinishInput():3138 
08-04 14:14:42.114 13866 13866 I GoogleInputMethodServic: GoogleInputMethodService.onStartInput():1808 
08-04 14:14:42.141 12327 13730 I art     : Starting a blocking GC Explicit
08-04 14:14:42.185 12327 13730 I art     : Explicit concurrent mark sweep GC freed 1583(88KB) AllocSpace objects, 1(20KB) LOS objects, 36% free, 28MB/44MB, paused 265us total 43.989ms
08-04 14:14:42.199 12327 13730 I art     : Starting a blocking GC Explicit
08-04 14:14:42.239 12327 13730 I art     : Explicit concurrent mark sweep GC freed 26(944B) AllocSpace objects, 0(0B) LOS objects, 36% free, 28MB/44MB, paused 204us total 39.917ms
08-04 14:14:42.254 12327 13730 I art     : Starting a blocking GC Explicit
08-04 14:14:42.300 12327 13730 I art     : Explicit concurrent mark sweep GC freed 3(96B) AllocSpace objects, 0(0B) LOS objects, 36% free, 28MB/44MB, paused 234us total 45.448ms
08-04 14:14:42.315 12327 13730 I art     : Starting a blocking GC Explicit
08-04 14:14:42.358 12327 13730 I art     : Explicit concurrent mark sweep GC freed 3(96B) AllocSpace objects, 0(0B) LOS objects, 36% free, 28MB/44MB, paused 262us total 42.581ms
08-04 14:14:42.373 12327 13730 I art     : Starting a blocking GC Explicit
08-04 14:14:42.429 12327 13730 I art     : Explicit concurrent mark sweep GC freed 3(96B) AllocSpace objects, 0(0B) LOS objects, 36% free, 28MB/44MB, paused 263us total 55.050ms
08-04 14:14:42.437   380   380 W SurfaceFlinger: couldn't log to binary event log: overflow.
08-04 14:14:42.708 12327 12341 I art     : Starting a blocking GC Explicit
08-04 14:14:42.763 12327 12341 I art     : Explicit concurrent mark sweep GC freed 1404(82KB) AllocSpace objects, 1(20KB) LOS objects, 36% free, 28MB/44MB, paused 287us total 53.722ms
08-04 14:14:42.781 12327 12341 I art     : Starting a blocking GC Explicit
08-04 14:14:42.819 12327 12341 I art     : Explicit concurrent mark sweep GC freed 46779(2MB) AllocSpace objects, 5(140KB) LOS objects, 38% free, 25MB/41MB, paused 243us total 37.917ms
08-04 14:14:42.834 12327 12341 I art     : Starting a blocking GC Explicit
08-04 14:14:42.867 12327 12341 I art     : Explicit concurrent mark sweep GC freed 3(96B) AllocSpace objects, 0(0B) LOS objects, 38% free, 25MB/41MB, paused 244us total 33.616ms
08-04 14:14:42.881 12327 12341 I art     : Starting a blocking GC Explicit
08-04 14:14:42.914 12327 12341 I art     : Explicit concurrent mark sweep GC freed 3(96B) AllocSpace objects, 0(0B) LOS objects, 38% free, 25MB/41MB, paused 250us total 32.849ms
08-04 14:14:42.928 12327 12341 I art     : Starting a blocking GC Explicit
08-04 14:14:42.960 12327 12341 I art     : Explicit concurrent mark sweep GC freed 3(96B) AllocSpace objects, 0(0B) LOS objects, 38% free, 25MB/41MB, paused 233us total 32.670ms
08-04 14:14:43.243 12327 13016 I art     : Starting a blocking GC Explicit
08-04 14:14:43.270   918  3261 D WifiStateMachine: starting scan for "H369AA63323"WPA_PSK with 2412,5180
08-04 14:14:43.279 12327 13016 I art     : Explicit concurrent mark sweep GC freed 1343(80KB) AllocSpace objects, 1(20KB) LOS objects, 38% free, 25MB/41MB, paused 250us total 36.576ms
08-04 14:14:43.296 12327 13016 I art     : Starting a blocking GC Explicit
08-04 14:14:43.328 12327 13016 I art     : Explicit concurrent mark sweep GC freed 20(704B) AllocSpace objects, 0(0B) LOS objects, 38% free, 25MB/41MB, paused 254us total 31.662ms
08-04 14:14:43.342 12327 13016 I art     : Starting a blocking GC Explicit
08-04 14:14:43.373 12327 13016 I art     : Explicit concurrent mark sweep GC freed 3(96B) AllocSpace objects, 0(0B) LOS objects, 38% free, 25MB/41MB, paused 244us total 30.983ms
08-04 14:14:43.387 12327 13016 I art     : Starting a blocking GC Explicit
08-04 14:14:43.417 12327 13016 I art     : Explicit concurrent mark sweep GC freed 3(96B) AllocSpace objects, 0(0B) LOS objects, 38% free, 25MB/41MB, paused 263us total 30.324ms
08-04 14:14:43.431 12327 13016 I art     : Starting a blocking GC Explicit
08-04 14:14:43.462 12327 13016 I art     : Explicit concurrent mark sweep GC freed 3(96B) AllocSpace objects, 0(0B) LOS objects, 38% free, 25MB/41MB, paused 234us total 31.248ms
08-04 14:14:43.729 12327 12340 I art     : Starting a blocking GC Explicit
08-04 14:14:43.738 14099 14099 D AndroidRuntime: >>>>>> START com.android.internal.os.RuntimeInit uid 2000 <<<<<<
08-04 14:14:43.743 14099 14099 D AndroidRuntime: CheckJNI is OFF
08-04 14:14:43.763 12327 12340 I art     : Explicit concurrent mark sweep GC freed 1343(80KB) AllocSpace objects, 1(20KB) LOS objects, 38% free, 25MB/41MB, paused 283us total 33.817ms
08-04 14:14:43.776 12327 12340 I art     : Starting a blocking GC Explicit
08-04 14:14:43.782 14099 14099 D ICU     : No timezone override file found: /data/misc/zoneinfo/current/icu/icu_tzdata.dat
08-04 14:14:43.808 12327 12340 I art     : Explicit concurrent mark sweep GC freed 20(704B) AllocSpace objects, 0(0B) LOS objects, 38% free, 25MB/41MB, paused 257us total 31.860ms
08-04 14:14:43.815 14099 14099 I Radio-JNI: register_android_hardware_Radio DONE
08-04 14:14:43.821 12327 12340 I art     : Starting a blocking GC Explicit
08-04 14:14:43.838 14099 14099 D AndroidRuntime: Calling main entry com.android.commands.input.Input
08-04 14:14:43.839 14099 14099 I Input   : injectKeyEvent: KeyEvent { action=ACTION_DOWN, keyCode=KEYCODE_BACK, scanCode=0, metaState=0, flags=0x0, repeatCount=0, eventTime=713700252, downTime=713700252, deviceId=-1, source=0x101 }
08-04 14:14:43.845 14099 14099 I Input   : injectKeyEvent: KeyEvent { action=ACTION_UP, keyCode=KEYCODE_BACK, scanCode=0, metaState=0, flags=0x0, repeatCount=0, eventTime=713700252, downTime=713700252, deviceId=-1, source=0x101 }
08-04 14:14:43.851 14099 14099 D AndroidRuntime: Shutting down VM
08-04 14:14:43.852 12327 12340 I art     : Explicit concurrent mark sweep GC freed 14(496B) AllocSpace objects, 0(0B) LOS objects, 38% free, 25MB/41MB, paused 325us total 30.837ms
08-04 14:14:43.865 12327 12340 I art     : Starting a blocking GC Explicit
08-04 14:14:43.895 12327 12340 I art     : Explicit concurrent mark sweep GC freed 104(3KB) AllocSpace objects, 0(0B) LOS objects, 38% free, 25MB/41MB, paused 242us total 29.953ms
08-04 14:14:43.897 13866 13866 I GoogleInputMethodServic: GoogleInputMethodService.onFinishInput():3138 
08-04 14:14:43.897 13866 13866 I GoogleInputMethodServic: GoogleInputMethodService.onStartInput():1808 
08-04 14:14:43.908 12327 12340 I art     : Starting a blocking GC Explicit
08-04 14:14:43.937 12327 12340 I art     : Explicit concurrent mark sweep GC freed 52(1840B) AllocSpace objects, 0(0B) LOS objects, 38% free, 25MB/41MB, paused 251us total 29.269ms
08-04 14:14:44.206 12327 12340 I art     : Starting a blocking GC Explicit
08-04 14:14:44.243 12327 12340 I art     : Explicit concurrent mark sweep GC freed 1414(82KB) AllocSpace objects, 1(20KB) LOS objects, 38% free, 25MB/41MB, paused 254us total 36.237ms
08-04 14:14:44.256 12327 12340 I art     : Starting a blocking GC Explicit
08-04 14:14:44.287 12327 12340 I art     : Explicit concurrent mark sweep GC freed 134(6KB) AllocSpace objects, 0(0B) LOS objects, 38% free, 25MB/41MB, paused 249us total 29.934ms
08-04 14:14:44.299 12327 12340 I art     : Starting a blocking GC Explicit
08-04 14:14:44.332 12327 12340 I art     : Explicit concurrent mark sweep GC freed 23(864B) AllocSpace objects, 0(0B) LOS objects, 38% free, 25MB/41MB, paused 276us total 32.989ms
08-04 14:14:44.346 12327 12340 I art     : Starting a blocking GC Explicit
08-04 14:14:44.379 12327 12340 I art     : Explicit concurrent mark sweep GC freed 3(96B) AllocSpace objects, 0(0B) LOS objects, 38% free, 25MB/41MB, paused 260us total 33.196ms
08-04 14:14:44.393 12327 12340 I art     : Starting a blocking GC Explicit
08-04 14:14:44.427 12327 12340 I art     : Explicit concurrent mark sweep GC freed 3(96B) AllocSpace objects, 0(0B) LOS objects, 38% free, 25MB/41MB, paused 288us total 34.405ms
08-04 14:14:44.713 12327 13730 I art     : Starting a blocking GC Explicit
08-04 14:14:44.760 12327 13730 I art     : Explicit concurrent mark sweep GC freed 1343(80KB) AllocSpace objects, 1(20KB) LOS objects, 38% free, 25MB/41MB, paused 300us total 46.352ms
08-04 14:14:44.777 12327 13730 I art     : Starting a blocking GC Explicit
08-04 14:14:44.812 12327 13730 I art     : Explicit concurrent mark sweep GC freed 20(704B) AllocSpace objects, 0(0B) LOS objects, 38% free, 25MB/41MB, paused 259us total 34.549ms
08-04 14:14:44.826 12327 13730 I art     : Starting a blocking GC Explicit
08-04 14:14:44.860 12327 13730 I art     : Explicit concurrent mark sweep GC freed 3(96B) AllocSpace objects, 0(0B) LOS objects, 38% free, 25MB/41MB, paused 252us total 34.168ms
08-04 14:14:44.874 12327 13730 I art     : Starting a blocking GC Explicit
08-04 14:14:44.909 12327 13730 I art     : Explicit concurrent mark sweep GC freed 3(96B) AllocSpace objects, 0(0B) LOS objects, 38% free, 25MB/41MB, paused 260us total 34.342ms
08-04 14:14:44.922 12327 13730 I art     : Starting a blocking GC Explicit
08-04 14:14:44.957 12327 13730 I art     : Explicit concurrent mark sweep GC freed 3(96B) AllocSpace objects, 0(0B) LOS objects, 38% free, 25MB/41MB, paused 312us total 34.187ms
08-04 14:14:45.217 12327 12352 I art     : Starting a blocking GC Explicit
08-04 14:14:45.252 12327 12352 I art     : Explicit concurrent mark sweep GC freed 1343(80KB) AllocSpace objects, 1(20KB) LOS objects, 38% free, 25MB/41MB, paused 269us total 34.142ms
08-04 14:14:45.265 12327 12352 I art     : Starting a blocking GC Explicit
08-04 14:14:45.297 12327 12352 I art     : Explicit concurrent mark sweep GC freed 20(704B) AllocSpace objects, 0(0B) LOS objects, 38% free, 25MB/41MB, paused 286us total 32.198ms
08-04 14:14:45.311 12327 12352 I art     : Starting a blocking GC Explicit
08-04 14:14:45.343 12327 12352 I art     : Explicit concurrent mark sweep GC freed 3(96B) AllocSpace objects, 0(0B) LOS objects, 38% free, 25MB/41MB, paused 248us total 32.205ms
08-04 14:14:45.343 12327 12339 I art     : WaitForGcToComplete blocked for 16.046ms for cause HeapTrim
08-04 14:14:45.356 12327 12352 I art     : Starting a blocking GC Explicit
08-04 14:14:45.388 12327 12352 I art     : Explicit concurrent mark sweep GC freed 3(96B) AllocSpace objects, 0(0B) LOS objects, 38% free, 25MB/41MB, paused 260us total 31.999ms
08-04 14:14:45.402 12327 12352 I art     : Starting a blocking GC Explicit
08-04 14:14:45.434 12327 12352 I art     : Explicit concurrent mark sweep GC freed 3(96B) AllocSpace objects, 0(0B) LOS objects, 38% free, 25MB/41MB, paused 256us total 31.926ms
08-04 14:14:45.511 14142 14142 D AndroidRuntime: >>>>>> START com.android.internal.os.RuntimeInit uid 2000 <<<<<<
08-04 14:14:45.516 14142 14142 D AndroidRuntime: CheckJNI is OFF
08-04 14:14:45.553 14142 14142 D ICU     : No timezone override file found: /data/misc/zoneinfo/current/icu/icu_tzdata.dat
08-04 14:14:45.588 14142 14142 I Radio-JNI: register_android_hardware_Radio DONE
08-04 14:14:45.610 14142 14142 D AndroidRuntime: Calling main entry com.android.commands.input.Input
08-04 14:14:45.612 14142 14142 I Input   : injectMotionEvent: MotionEvent { action=ACTION_DOWN, actionButton=0, id[0]=0, x[0]=600.0, y[0]=1000.0, toolType[0]=TOOL_TYPE_UNKNOWN, buttonState=0, metaState=0, flags=0x0, edgeFlags=0x0, pointerCount=1, historySize=0, eventTime=713702024, downTime=713702024, deviceId=0, source=0x1002 }
08-04 14:14:45.617 14142 14142 I Input   : injectMotionEvent: MotionEvent { action=ACTION_UP, actionButton=0, id[0]=0, x[0]=600.0, y[0]=1000.0, toolType[0]=TOOL_TYPE_UNKNOWN, buttonState=0, metaState=0, flags=0x0, edgeFlags=0x0, pointerCount=1, historySize=0, eventTime=713702024, downTime=713702024, deviceId=0, source=0x1002 }
08-04 14:14:45.618 14142 14142 D AndroidRuntime: Shutting down VM
08-04 14:14:45.626   512  2967 D audio_hw_primary: out_set_parameters: enter: usecase(1: low-latency-playback) kvpairs: routing=2
08-04 14:14:45.627   918  4400 I ActivityManager: START u0 {dat=https://oauth.reddit.com/... cmp=baseline.org.quantumbadger.redreader/.activities.PostListingActivity} from uid 10666 on display 0
08-04 14:14:45.639   512  2967 D audio_hw_primary: select_devices: out_snd_device(2: speaker) in_snd_device(0: none)
08-04 14:14:45.640   512  2967 D msm8974_platform: platform_send_audio_calibration: sending audio calibration for snd_device(2) acdb_id(15)
08-04 14:14:45.640   512  2967 I soundtrigger: audio_extn_sound_trigger_update_device_status: device 0x2 of type 0 for Event 1
08-04 14:14:45.649 12327 12327 I AppCompatViewInflater: app:theme is now deprecated. Please move to using android:theme instead.
08-04 14:14:45.650   512  2967 D audio_hw_primary: enable_snd_device: snd_device(2: speaker)
08-04 14:14:45.652   512  2967 D audio_hw_primary: enable_audio_route: apply and update mixer path: low-latency-playback speaker
08-04 14:14:45.669 12327 14177 D OK      : calling: https://oauth.reddit.com/r/announcements/about.json
08-04 14:14:45.706 12327 12340 I art     : Starting a blocking GC Explicit
08-04 14:14:45.733   918   936 I ActivityManager: Displayed baseline.org.quantumbadger.redreader/.activities.PostListingActivity: +96ms
08-04 14:14:45.733 13866 13866 I GoogleInputMethodServic: GoogleInputMethodService.onFinishInput():3138 
08-04 14:14:45.734 13866 13866 I GoogleInputMethodServic: GoogleInputMethodService.onStartInput():1808 
08-04 14:14:45.737 12327 12340 I art     : Explicit concurrent mark sweep GC freed 2881(179KB) AllocSpace objects, 1(20KB) LOS objects, 38% free, 25MB/41MB, paused 456us total 31.142ms
08-04 14:14:45.752 12327 12340 I art     : Starting a blocking GC Explicit
08-04 14:14:45.784 12327 12340 I art     : Explicit concurrent mark sweep GC freed 496(26KB) AllocSpace objects, 0(0B) LOS objects, 38% free, 25MB/41MB, paused 278us total 31.525ms
08-04 14:14:45.797 12327 12340 I art     : Starting a blocking GC Explicit
08-04 14:14:45.827 12327 12340 I art     : Explicit concurrent mark sweep GC freed 87(5KB) AllocSpace objects, 0(0B) LOS objects, 38% free, 25MB/41MB, paused 315us total 30.610ms
08-04 14:14:45.840 12327 12340 I art     : Starting a blocking GC Explicit
08-04 14:14:45.875 12327 12340 I art     : Explicit concurrent mark sweep GC freed 12(528B) AllocSpace objects, 0(0B) LOS objects, 38% free, 25MB/41MB, paused 301us total 34.419ms
08-04 14:14:45.890 12327 12340 I art     : Starting a blocking GC Explicit
08-04 14:14:45.929 12327 12340 I art     : Explicit concurrent mark sweep GC freed 1832(72KB) AllocSpace objects, 0(0B) LOS objects, 38% free, 25MB/41MB, paused 399us total 38.429ms
08-04 14:14:45.992   380   380 W SurfaceFlinger: couldn't log to binary event log: overflow.
08-04 14:14:46.054 12327 14177 I NAPPA_EXPERIMENTATION: MetricNetworkRequestExecutionTime: REQUEST_DURATION_SYSTEM='385',REQUEST_DURATION_OKHTTP='146',REQUEST_SYNCHRONOUS='TRUE',RESPONSE_CODE='200',RESPONSE_METHOD='GET',RESPONSE_LENGTH_OKHTTP='-1',RESPONSE_LENGTH_HEADER='1564',REQUEST_PROTOCOL='h2',REQUEST_URL='https://oauth.reddit.com/r/announcements/about.json',
08-04 14:14:46.054 12327 14177 D OK      : request got status: 200
08-04 14:14:46.166 12327 12340 I art     : Starting a blocking GC Explicit
08-04 14:14:46.189   512  2967 D audio_hw_primary: disable_audio_route: reset and update mixer path: low-latency-playback speaker
08-04 14:14:46.190   512  2967 D audio_hw_primary: disable_snd_device: snd_device(2: speaker)
08-04 14:14:46.198   512  2967 I soundtrigger: audio_extn_sound_trigger_update_device_status: device 0x2 of type 0 for Event 0
08-04 14:14:46.202 12327 12340 I art     : Explicit concurrent mark sweep GC freed 3227(247KB) AllocSpace objects, 3(156KB) LOS objects, 38% free, 25MB/41MB, paused 278us total 36.180ms
08-04 14:14:46.215 12327 12340 I art     : Starting a blocking GC Explicit
08-04 14:14:46.249 12327 12340 I art     : Explicit concurrent mark sweep GC freed 207(11KB) AllocSpace objects, 0(0B) LOS objects, 38% free, 25MB/41MB, paused 297us total 33.813ms
08-04 14:14:46.263 12327 12340 I art     : Starting a blocking GC Explicit
08-04 14:14:46.295 12327 12340 I art     : Explicit concurrent mark sweep GC freed 3(96B) AllocSpace objects, 0(0B) LOS objects, 38% free, 25MB/41MB, paused 278us total 32.213ms
08-04 14:14:46.310 12327 12340 I art     : Starting a blocking GC Explicit
08-04 14:14:46.344 12327 12340 I art     : Explicit concurrent mark sweep GC freed 3(96B) AllocSpace objects, 0(0B) LOS objects, 38% free, 25MB/41MB, paused 368us total 34.146ms
08-04 14:14:46.358 12327 12340 I art     : Starting a blocking GC Explicit
08-04 14:14:46.392 12327 12340 I art     : Explicit concurrent mark sweep GC freed 38(1568B) AllocSpace objects, 0(0B) LOS objects, 38% free, 25MB/41MB, paused 264us total 33.822ms
08-04 14:14:46.675 12327 13016 I art     : Starting a blocking GC Explicit
08-04 14:14:46.711 12327 13016 I art     : Explicit concurrent mark sweep GC freed 1367(83KB) AllocSpace objects, 1(20KB) LOS objects, 38% free, 25MB/41MB, paused 297us total 35.815ms
08-04 14:14:46.725 12327 13016 I art     : Starting a blocking GC Explicit
08-04 14:14:46.759 12327 13016 I art     : Explicit concurrent mark sweep GC freed 20(704B) AllocSpace objects, 0(0B) LOS objects, 38% free, 25MB/41MB, paused 280us total 33.929ms
08-04 14:14:46.772 12327 13016 I art     : Starting a blocking GC Explicit
08-04 14:14:46.805 12327 13016 I art     : Explicit concurrent mark sweep GC freed 3(96B) AllocSpace objects, 0(0B) LOS objects, 38% free, 25MB/41MB, paused 286us total 32.666ms
08-04 14:14:46.819 12327 13016 I art     : Starting a blocking GC Explicit
08-04 14:14:46.851 12327 13016 I art     : Explicit concurrent mark sweep GC freed 3(96B) AllocSpace objects, 0(0B) LOS objects, 38% free, 25MB/41MB, paused 277us total 32.640ms
08-04 14:14:46.864 12327 13016 I art     : Starting a blocking GC Explicit
08-04 14:14:46.869 12327 14202 D OK      : calling: https://oauth.reddit.com/r/announcements/hot/.json
08-04 14:14:46.895 12327 13016 I art     : Explicit concurrent mark sweep GC freed 95(3KB) AllocSpace objects, 0(0B) LOS objects, 38% free, 25MB/41MB, paused 343us total 30.844ms
08-04 14:14:47.050 12327 14202 I NAPPA_EXPERIMENTATION: MetricNetworkRequestExecutionTime: REQUEST_DURATION_SYSTEM='181',REQUEST_DURATION_OKHTTP='178',REQUEST_SYNCHRONOUS='TRUE',RESPONSE_CODE='200',RESPONSE_METHOD='GET',RESPONSE_LENGTH_OKHTTP='-1',RESPONSE_LENGTH_HEADER='142016',REQUEST_PROTOCOL='h2',REQUEST_URL='https://oauth.reddit.com/r/announcements/hot/.json',
08-04 14:14:47.051 12327 14202 D OK      : request got status: 200
08-04 14:14:47.071 12327 12901 I PostListingFragment: Precaching images: OFF
08-04 14:14:47.071 12327 12901 I PostListingFragment: Precaching comments: OFF
08-04 14:14:47.172 12327 13016 I art     : Starting a blocking GC Explicit
08-04 14:14:47.213 12327 13016 I art     : Explicit concurrent mark sweep GC freed 3885(298KB) AllocSpace objects, 5(92KB) LOS objects, 37% free, 27MB/43MB, paused 413us total 40.108ms
08-04 14:14:47.227 12327 13016 I art     : Starting a blocking GC Explicit
08-04 14:14:47.262 12327 14213 D OK      : calling: https://b.thumbs.redditmedia.com/RROcLjDSUc0QV1UeQ1txXdyl1C_7233mmsMgtYXxQzo.jpg
08-04 14:14:47.267 12327 13016 I art     : Explicit concurrent mark sweep GC freed 2561(107KB) AllocSpace objects, 0(0B) LOS objects, 36% free, 27MB/43MB, paused 636us total 39.898ms
08-04 14:14:47.280 12327 13016 I art     : Starting a blocking GC Explicit
08-04 14:14:47.295 12327 14214 D OK      : calling: https://a.thumbs.redditmedia.com/N-frnMqRYp_XiaGds7kPbHf82a876RNKSQ1iw0LzHR0.jpg
08-04 14:14:47.310 12327 14215 D OK      : calling: https://b.thumbs.redditmedia.com/KH2o_q4MXufUdRChsfwLtl6gnEnT8MJtZn3Tyj5ZmBU.jpg
08-04 14:14:47.321 12327 13016 I art     : Explicit concurrent mark sweep GC freed 2814(144KB) AllocSpace objects, 0(0B) LOS objects, 36% free, 28MB/44MB, paused 643us total 40.673ms
08-04 14:14:47.335 12327 13016 I art     : Starting a blocking GC Explicit
08-04 14:14:47.358 12327 14216 D OK      : calling: https://b.thumbs.redditmedia.com/MGaOJeZl7UsmdtroJopYU_36HUNvQ9LUV5WFH_FJ2vI.jpg
08-04 14:14:47.378 12327 13016 I art     : Explicit concurrent mark sweep GC freed 3490(170KB) AllocSpace objects, 1(24KB) LOS objects, 35% free, 28MB/44MB, paused 774us total 42.610ms
08-04 14:14:47.392 12327 13016 I art     : Starting a blocking GC Explicit
08-04 14:14:47.412 12327 14217 D OK      : calling: https://a.thumbs.redditmedia.com/-D0hxchgus9EyzvGqvnabK_3Obl93tMfG9G58V1QwW8.jpg
08-04 14:14:47.432 12327 14218 D OK      : calling: https://b.thumbs.redditmedia.com/zCaV9kuSMZxmMvdmErGyUsYNdPrmX8LP9_Ee4QTT16g.jpg
08-04 14:14:47.437 12327 13016 I art     : Explicit concurrent mark sweep GC freed 5334(268KB) AllocSpace objects, 1(24KB) LOS objects, 35% free, 29MB/45MB, paused 894us total 45.541ms
08-04 14:14:47.442 12327 14219 D OK      : calling: https://b.thumbs.redditmedia.com/4EGkxZNzrzt-RCtd035cWyO0BipdbDVuPwi4W2v4TyM.jpg
08-04 14:14:47.479 12327 14220 D OK      : calling: https://a.thumbs.redditmedia.com/aVhMBmGX07uX0KhK0rKdhMvQ4UsOJIHN4KeTaa36EF4.jpg
08-04 14:14:47.597 12327 12327 W RecyclerView: Cannot call this method in a scroll callback. Scroll callbacks mightbe run during a measure & layout pass where you cannot change theRecyclerView data. Any method call that might change the structureof the RecyclerView or the adapter contents should be postponed tothe next frame.
08-04 14:14:47.597 12327 12327 W RecyclerView: java.lang.IllegalStateException:  androidx.recyclerview.widget.RecyclerView{4d4c44e VFED..... .F....ID 0,0-1440,2140 #7f0900ef app:id/scrollbar_recyclerview_recyclerview}, adapter:baseline.org.quantumbadger.redreader.adapters.GroupedRecyclerViewAdapter@4bb896f, layout:androidx.recyclerview.widget.LinearLayoutManager@293867c, context:baseline.org.quantumbadger.redreader.activities.PostListingActivity@a67366e
08-04 14:14:47.597 12327 12327 W RecyclerView: 	at androidx.recyclerview.widget.RecyclerView.assertNotInLayoutOrScroll(RecyclerView.java:3061)
08-04 14:14:47.597 12327 12327 W RecyclerView: 	at androidx.recyclerview.widget.RecyclerView$RecyclerViewDataObserver.onItemRangeInserted(RecyclerView.java:5555)
08-04 14:14:47.597 12327 12327 W RecyclerView: 	at androidx.recyclerview.widget.RecyclerView$AdapterDataObservable.notifyItemRangeInserted(RecyclerView.java:12278)
08-04 14:14:47.597 12327 12327 W RecyclerView: 	at androidx.recyclerview.widget.RecyclerView$Adapter.notifyItemInserted(RecyclerView.java:7464)
08-04 14:14:47.597 12327 12327 W RecyclerView: 	at baseline.org.quantumbadger.redreader.adapters.GroupedRecyclerViewAdapter.updateHiddenStatus(GroupedRecyclerViewAdapter.java:279)
08-04 14:14:47.597 12327 12327 W RecyclerView: 	at baseline.org.quantumbadger.redreader.adapters.RedditListingManager.setLoadingVisible(RedditListingManager.java:125)
08-04 14:14:47.597 12327 12327 W RecyclerView: 	at baseline.org.quantumbadger.redreader.fragments.PostListingFragment.onLoadMoreItemsCheck(PostListingFragment.java:465)
08-04 14:14:47.597 12327 12327 W RecyclerView: 	at baseline.org.quantumbadger.redreader.fragments.PostListingFragment.access$000(PostListingFragment.java:98)
08-04 14:14:47.597 12327 12327 W RecyclerView: 	at baseline.org.quantumbadger.redreader.fragments.PostListingFragment$2.onScrolled(PostListingFragment.java:215)
08-04 14:14:47.597 12327 12327 W RecyclerView: 	at androidx.recyclerview.widget.RecyclerView.dispatchOnScrolled(RecyclerView.java:5173)
08-04 14:14:47.597 12327 12327 W RecyclerView: 	at androidx.recyclerview.widget.RecyclerView.dispatchLayoutStep3(RecyclerView.java:4231)
08-04 14:14:47.597 12327 12327 W RecyclerView: 	at androidx.recyclerview.widget.RecyclerView.dispatchLayout(RecyclerView.java:3862)
08-04 14:14:47.597 12327 12327 W RecyclerView: 	at androidx.recyclerview.widget.RecyclerView.consumePendingUpdateOperations(RecyclerView.java:1897)
08-04 14:14:47.597 12327 12327 W RecyclerView: 	at androidx.recyclerview.widget.RecyclerView$1.run(RecyclerView.java:414)
08-04 14:14:47.597 12327 12327 W RecyclerView: 	at android.view.Choreographer$CallbackRecord.run(Choreographer.java:858)
08-04 14:14:47.597 12327 12327 W RecyclerView: 	at android.view.Choreographer.doCallbacks(Choreographer.java:670)
08-04 14:14:47.597 12327 12327 W RecyclerView: 	at android.view.Choreographer.doFrame(Choreographer.java:603)
08-04 14:14:47.597 12327 12327 W RecyclerView: 	at android.view.Choreographer$FrameDisplayEventReceiver.run(Choreographer.java:844)
08-04 14:14:47.597 12327 12327 W RecyclerView: 	at android.os.Handler.handleCallback(Handler.java:739)
08-04 14:14:47.597 12327 12327 W RecyclerView: 	at android.os.Handler.dispatchMessage(Handler.java:95)
08-04 14:14:47.597 12327 12327 W RecyclerView: 	at android.os.Looper.loop(Looper.java:148)
08-04 14:14:47.597 12327 12327 W RecyclerView: 	at android.app.ActivityThread.main(ActivityThread.java:5417)
08-04 14:14:47.597 12327 12327 W RecyclerView: 	at java.lang.reflect.Method.invoke(Native Method)
08-04 14:14:47.597 12327 12327 W RecyclerView: 	at com.android.internal.os.ZygoteInit$MethodAndArgsCaller.run(ZygoteInit.java:726)
08-04 14:14:47.597 12327 12327 W RecyclerView: 	at com.android.internal.os.ZygoteInit.main(ZygoteInit.java:616)
08-04 14:14:47.694 12327 12340 I art     : Starting a blocking GC Explicit
08-04 14:14:47.710 12327 14215 I NAPPA_EXPERIMENTATION: MetricNetworkRequestExecutionTime: REQUEST_DURATION_SYSTEM='400',REQUEST_DURATION_OKHTTP='152',REQUEST_SYNCHRONOUS='TRUE',RESPONSE_CODE='200',RESPONSE_METHOD='GET',RESPONSE_LENGTH_OKHTTP='2613',RESPONSE_LENGTH_HEADER='2613',REQUEST_PROTOCOL='h2',REQUEST_URL='https://b.thumbs.redditmedia.com/KH2o_q4MXufUdRChsfwLtl6gnEnT8MJtZn3Tyj5ZmBU.jpg',
08-04 14:14:47.710 12327 14215 D OK      : request got status: 200
08-04 14:14:47.738 12327 12340 I art     : Explicit concurrent mark sweep GC freed 83613(4MB) AllocSpace objects, 12(344KB) LOS objects, 37% free, 26MB/42MB, paused 722us total 43.920ms
08-04 14:14:47.752 12327 12340 I art     : Starting a blocking GC Explicit
08-04 14:14:47.786 12327 12340 I art     : Explicit concurrent mark sweep GC freed 1705(95KB) AllocSpace objects, 4(188KB) LOS objects, 37% free, 26MB/42MB, paused 558us total 33.787ms
08-04 14:14:47.789 12327 14217 I NAPPA_EXPERIMENTATION: MetricNetworkRequestExecutionTime: REQUEST_DURATION_SYSTEM='377',REQUEST_DURATION_OKHTTP='183',REQUEST_SYNCHRONOUS='TRUE',RESPONSE_CODE='200',RESPONSE_METHOD='GET',RESPONSE_LENGTH_OKHTTP='4818',RESPONSE_LENGTH_HEADER='4818',REQUEST_PROTOCOL='h2',REQUEST_URL='https://a.thumbs.redditmedia.com/-D0hxchgus9EyzvGqvnabK_3Obl93tMfG9G58V1QwW8.jpg',
08-04 14:14:47.789 12327 14217 D OK      : request got status: 200
08-04 14:14:47.800 12327 12340 I art     : Starting a blocking GC Explicit
08-04 14:14:47.804 12327 14216 I NAPPA_EXPERIMENTATION: MetricNetworkRequestExecutionTime: REQUEST_DURATION_SYSTEM='446',REQUEST_DURATION_OKHTTP='195',REQUEST_SYNCHRONOUS='TRUE',RESPONSE_CODE='200',RESPONSE_METHOD='GET',RESPONSE_LENGTH_OKHTTP='4804',RESPONSE_LENGTH_HEADER='4804',REQUEST_PROTOCOL='h2',REQUEST_URL='https://b.thumbs.redditmedia.com/MGaOJeZl7UsmdtroJopYU_36HUNvQ9LUV5WFH_FJ2vI.jpg',
08-04 14:14:47.804 12327 14216 D OK      : request got status: 200
08-04 14:14:47.820 12327 14214 I NAPPA_EXPERIMENTATION: MetricNetworkRequestExecutionTime: REQUEST_DURATION_SYSTEM='525',REQUEST_DURATION_OKHTTP='203',REQUEST_SYNCHRONOUS='TRUE',RESPONSE_CODE='200',RESPONSE_METHOD='GET',RESPONSE_LENGTH_OKHTTP='3750',RESPONSE_LENGTH_HEADER='3750',REQUEST_PROTOCOL='h2',REQUEST_URL='https://a.thumbs.redditmedia.com/N-frnMqRYp_XiaGds7kPbHf82a876RNKSQ1iw0LzHR0.jpg',
08-04 14:14:47.820 12327 14214 D OK      : request got status: 200
08-04 14:14:47.835 12327 12340 I art     : Explicit concurrent mark sweep GC freed 648(50KB) AllocSpace objects, 4(272KB) LOS objects, 37% free, 26MB/42MB, paused 507us total 35.257ms
08-04 14:14:47.835 12327 14219 I NAPPA_EXPERIMENTATION: MetricNetworkRequestExecutionTime: REQUEST_DURATION_SYSTEM='393',REQUEST_DURATION_OKHTTP='212',REQUEST_SYNCHRONOUS='TRUE',RESPONSE_CODE='200',RESPONSE_METHOD='GET',RESPONSE_LENGTH_OKHTTP='4987',RESPONSE_LENGTH_HEADER='4987',REQUEST_PROTOCOL='h2',REQUEST_URL='https://b.thumbs.redditmedia.com/4EGkxZNzrzt-RCtd035cWyO0BipdbDVuPwi4W2v4TyM.jpg',
08-04 14:14:47.835 12327 14219 D OK      : request got status: 200
08-04 14:14:47.848 12327 12340 I art     : Starting a blocking GC Explicit
08-04 14:14:47.860 12327 14220 I NAPPA_EXPERIMENTATION: MetricNetworkRequestExecutionTime: REQUEST_DURATION_SYSTEM='380',REQUEST_DURATION_OKHTTP='235',REQUEST_SYNCHRONOUS='TRUE',RESPONSE_CODE='200',RESPONSE_METHOD='GET',RESPONSE_LENGTH_OKHTTP='6940',RESPONSE_LENGTH_HEADER='6940',REQUEST_PROTOCOL='h2',REQUEST_URL='https://a.thumbs.redditmedia.com/aVhMBmGX07uX0KhK0rKdhMvQ4UsOJIHN4KeTaa36EF4.jpg',
08-04 14:14:47.860 12327 14220 D OK      : request got status: 200
08-04 14:14:47.864 12327 14218 I NAPPA_EXPERIMENTATION: MetricNetworkRequestExecutionTime: REQUEST_DURATION_SYSTEM='432',REQUEST_DURATION_OKHTTP='235',REQUEST_SYNCHRONOUS='TRUE',RESPONSE_CODE='200',RESPONSE_METHOD='GET',RESPONSE_LENGTH_OKHTTP='6132',RESPONSE_LENGTH_HEADER='6132',REQUEST_PROTOCOL='h2',REQUEST_URL='https://b.thumbs.redditmedia.com/zCaV9kuSMZxmMvdmErGyUsYNdPrmX8LP9_Ee4QTT16g.jpg',
08-04 14:14:47.864 12327 14218 D OK      : request got status: 200
08-04 14:14:47.875 12327 14213 I NAPPA_EXPERIMENTATION: MetricNetworkRequestExecutionTime: REQUEST_DURATION_SYSTEM='612',REQUEST_DURATION_OKHTTP='252',REQUEST_SYNCHRONOUS='TRUE',RESPONSE_CODE='200',RESPONSE_METHOD='GET',RESPONSE_LENGTH_OKHTTP='2558',RESPONSE_LENGTH_HEADER='2558',REQUEST_PROTOCOL='h2',REQUEST_URL='https://b.thumbs.redditmedia.com/RROcLjDSUc0QV1UeQ1txXdyl1C_7233mmsMgtYXxQzo.jpg',
08-04 14:14:47.875 12327 14213 D OK      : request got status: 200
08-04 14:14:47.881 12327 12340 I art     : Explicit concurrent mark sweep GC freed 873(122KB) AllocSpace objects, 11(964KB) LOS objects, 37% free, 27MB/43MB, paused 412us total 32.657ms
08-04 14:14:47.894 12327 12340 I art     : Starting a blocking GC Explicit
08-04 14:14:47.925 12327 12340 I art     : Explicit concurrent mark sweep GC freed 1005(90KB) AllocSpace objects, 6(556KB) LOS objects, 37% free, 27MB/43MB, paused 337us total 31.117ms
08-04 14:14:48.070 12327 14245 D OK      : calling: https://oauth.reddit.com/r/announcements/hot/.json?after=t3_9jf8nh
08-04 14:14:48.222 12327 12352 I art     : Starting a blocking GC Explicit
08-04 14:14:48.271 12327 12352 I art     : Explicit concurrent mark sweep GC freed 2619(278KB) AllocSpace objects, 19(800KB) LOS objects, 36% free, 27MB/43MB, paused 401us total 48.218ms
08-04 14:14:48.287 12327 12352 I art     : Starting a blocking GC Explicit
08-04 14:14:48.324 12327 12352 I art     : Explicit concurrent mark sweep GC freed 171(6KB) AllocSpace objects, 0(0B) LOS objects, 36% free, 27MB/43MB, paused 361us total 37.672ms
08-04 14:14:48.339 12327 12352 I art     : Starting a blocking GC Explicit
08-04 14:14:48.375 12327 12352 I art     : Explicit concurrent mark sweep GC freed 54(3KB) AllocSpace objects, 0(0B) LOS objects, 36% free, 27MB/43MB, paused 346us total 36.338ms
08-04 14:14:48.389 12327 12352 I art     : Starting a blocking GC Explicit
08-04 14:14:48.426 12327 12352 I art     : Explicit concurrent mark sweep GC freed 9(400B) AllocSpace objects, 0(0B) LOS objects, 36% free, 27MB/43MB, paused 343us total 36.544ms
08-04 14:14:48.440 12327 12352 I art     : Starting a blocking GC Explicit
08-04 14:14:48.478 12327 12352 I art     : Explicit concurrent mark sweep GC freed 1896(74KB) AllocSpace objects, 0(0B) LOS objects, 36% free, 27MB/43MB, paused 791us total 37.515ms
08-04 14:14:48.621 12327 14245 I NAPPA_EXPERIMENTATION: MetricNetworkRequestExecutionTime: REQUEST_DURATION_SYSTEM='551',REQUEST_DURATION_OKHTTP='143',REQUEST_SYNCHRONOUS='TRUE',RESPONSE_CODE='200',RESPONSE_METHOD='GET',RESPONSE_LENGTH_OKHTTP='-1',RESPONSE_LENGTH_HEADER='65685',REQUEST_PROTOCOL='h2',REQUEST_URL='https://oauth.reddit.com/r/announcements/hot/.json?after=t3_9jf8nh',
08-04 14:14:48.622 12327 14245 D OK      : request got status: 200
08-04 14:14:48.632 12327 12901 I PostListingFragment: Precaching images: OFF
08-04 14:14:48.633 12327 12901 I PostListingFragment: Precaching comments: OFF
08-04 14:14:48.679 12327 14260 D OK      : calling: https://a.thumbs.redditmedia.com/8P7BG-empihRDWkNYE_LZ8tekikmQtEiymWkwv7obo0.jpg
08-04 14:14:48.709 12327 14265 D OK      : calling: https://b.thumbs.redditmedia.com/PCxvz6Ma5pyTglQOwhW4LZZOY0qIwyWW5pD83dYmMgc.jpg
08-04 14:14:48.779 12327 12341 I art     : Starting a blocking GC Explicit
08-04 14:14:48.824 12327 12341 I art     : Explicit concurrent mark sweep GC freed 15557(817KB) AllocSpace objects, 4(120KB) LOS objects, 35% free, 29MB/45MB, paused 639us total 44.225ms
08-04 14:14:48.838 12327 12341 I art     : Starting a blocking GC Explicit
08-04 14:14:48.845 12327 14265 I NAPPA_EXPERIMENTATION: MetricNetworkRequestExecutionTime: REQUEST_DURATION_SYSTEM='135',REQUEST_DURATION_OKHTTP='135',REQUEST_SYNCHRONOUS='TRUE',RESPONSE_CODE='200',RESPONSE_METHOD='GET',RESPONSE_LENGTH_OKHTTP='9233',RESPONSE_LENGTH_HEADER='9233',REQUEST_PROTOCOL='h2',REQUEST_URL='https://b.thumbs.redditmedia.com/PCxvz6Ma5pyTglQOwhW4LZZOY0qIwyWW5pD83dYmMgc.jpg',
08-04 14:14:48.845 12327 14265 D OK      : request got status: 200
08-04 14:14:48.877 12327 12341 I art     : Explicit concurrent mark sweep GC freed 5376(280KB) AllocSpace objects, 7(348KB) LOS objects, 35% free, 29MB/45MB, paused 557us total 38.376ms
08-04 14:14:48.890 12327 12341 I art     : Starting a blocking GC Explicit
08-04 14:14:48.923 12327 14260 I NAPPA_EXPERIMENTATION: MetricNetworkRequestExecutionTime: REQUEST_DURATION_SYSTEM='244',REQUEST_DURATION_OKHTTP='140',REQUEST_SYNCHRONOUS='TRUE',RESPONSE_CODE='200',RESPONSE_METHOD='GET',RESPONSE_LENGTH_OKHTTP='3039',RESPONSE_LENGTH_HEADER='3039',REQUEST_PROTOCOL='h2',REQUEST_URL='https://a.thumbs.redditmedia.com/8P7BG-empihRDWkNYE_LZ8tekikmQtEiymWkwv7obo0.jpg',
08-04 14:14:48.923 12327 14260 D OK      : request got status: 200
08-04 14:14:48.931 12327 12341 I art     : Explicit concurrent mark sweep GC freed 3654(171KB) AllocSpace objects, 1(68KB) LOS objects, 35% free, 29MB/45MB, paused 478us total 40.186ms
08-04 14:14:48.945 12327 12341 I art     : Starting a blocking GC Explicit
08-04 14:14:48.981 12327 12341 I art     : Explicit concurrent mark sweep GC freed 17186(917KB) AllocSpace objects, 10(568KB) LOS objects, 36% free, 28MB/44MB, paused 295us total 35.754ms
08-04 14:14:48.994 12327 12341 I art     : Starting a blocking GC Explicit
08-04 14:14:49.031 12327 12341 I art     : Explicit concurrent mark sweep GC freed 193(7KB) AllocSpace objects, 1(68KB) LOS objects, 36% free, 28MB/44MB, paused 292us total 36.111ms
08-04 14:14:49.355 12327 12340 I art     : Starting a blocking GC Explicit
08-04 14:14:49.414 12327 12340 I art     : Explicit concurrent mark sweep GC freed 1347(82KB) AllocSpace objects, 1(20KB) LOS objects, 36% free, 28MB/44MB, paused 403us total 57.963ms
08-04 14:14:49.436 12327 12340 I art     : Starting a blocking GC Explicit
08-04 14:14:49.473 12327 12340 I art     : Explicit concurrent mark sweep GC freed 20(720B) AllocSpace objects, 0(0B) LOS objects, 36% free, 28MB/44MB, paused 282us total 36.859ms
08-04 14:14:49.487 12327 12340 I art     : Starting a blocking GC Explicit
08-04 14:14:49.525 12327 12340 I art     : Explicit concurrent mark sweep GC freed 3(96B) AllocSpace objects, 0(0B) LOS objects, 36% free, 28MB/44MB, paused 305us total 37.770ms
08-04 14:14:49.540 12327 12340 I art     : Starting a blocking GC Explicit
08-04 14:14:49.578 12327 12340 I art     : Explicit concurrent mark sweep GC freed 3(96B) AllocSpace objects, 0(0B) LOS objects, 36% free, 28MB/44MB, paused 324us total 37.771ms
08-04 14:14:49.592 12327 12340 I art     : Starting a blocking GC Explicit
08-04 14:14:49.630 12327 12340 I art     : Explicit concurrent mark sweep GC freed 3(96B) AllocSpace objects, 0(0B) LOS objects, 36% free, 28MB/44MB, paused 296us total 37.608ms
08-04 14:14:49.954 12327 13016 I art     : Starting a blocking GC Explicit
08-04 14:14:50.005 12327 13016 I art     : Explicit concurrent mark sweep GC freed 1344(82KB) AllocSpace objects, 1(20KB) LOS objects, 36% free, 28MB/44MB, paused 372us total 50.034ms
08-04 14:14:50.022 12327 13016 I art     : Starting a blocking GC Explicit
08-04 14:14:50.060 12327 13016 I art     : Explicit concurrent mark sweep GC freed 20(704B) AllocSpace objects, 0(0B) LOS objects, 36% free, 28MB/44MB, paused 299us total 37.802ms
08-04 14:14:50.075 12327 13016 I art     : Starting a blocking GC Explicit
08-04 14:14:50.112 12327 13016 I art     : Explicit concurrent mark sweep GC freed 3(96B) AllocSpace objects, 0(0B) LOS objects, 36% free, 28MB/44MB, paused 309us total 37.555ms
08-04 14:14:50.127 12327 13016 I art     : Starting a blocking GC Explicit
08-04 14:14:50.165 12327 13016 I art     : Explicit concurrent mark sweep GC freed 3(96B) AllocSpace objects, 0(0B) LOS objects, 36% free, 28MB/44MB, paused 298us total 37.583ms
08-04 14:14:50.179 12327 13016 I art     : Starting a blocking GC Explicit
08-04 14:14:50.217 12327 13016 I art     : Explicit concurrent mark sweep GC freed 3(96B) AllocSpace objects, 0(0B) LOS objects, 36% free, 28MB/44MB, paused 345us total 37.719ms
08-04 14:14:50.314 12223 12223 I Atfwd_Sendcmd: AtCmdFwd service not ready - Exhausted retry attempts - :6
08-04 14:14:50.315 12223 12223 I Atfwd_Daemon: result : -1 	 ,Init step :2 	 ,qmiErrorCode: 0
08-04 14:14:50.530 12327 13730 I art     : Starting a blocking GC Explicit
08-04 14:14:50.578 12327 13730 I art     : Explicit concurrent mark sweep GC freed 1344(82KB) AllocSpace objects, 1(20KB) LOS objects, 36% free, 28MB/44MB, paused 367us total 47.550ms
08-04 14:14:50.596 12327 13730 I art     : Starting a blocking GC Explicit
08-04 14:14:50.633 12327 13730 I art     : Explicit concurrent mark sweep GC freed 20(704B) AllocSpace objects, 0(0B) LOS objects, 36% free, 28MB/44MB, paused 294us total 37.402ms
08-04 14:14:50.635   918  3188 I hubconnection: sensorhub said: 'set_bias 3: -5.3856, 0.0000, 0.0000'
08-04 14:14:50.647 12327 13730 I art     : Starting a blocking GC Explicit
08-04 14:14:50.686 12327 13730 I art     : Explicit concurrent mark sweep GC freed 3(96B) AllocSpace objects, 0(0B) LOS objects, 36% free, 28MB/44MB, paused 296us total 38.093ms
08-04 14:14:50.700 12327 13730 I art     : Starting a blocking GC Explicit
08-04 14:14:50.738 12327 13730 I art     : Explicit concurrent mark sweep GC freed 3(96B) AllocSpace objects, 0(0B) LOS objects, 36% free, 28MB/44MB, paused 316us total 37.426ms
08-04 14:14:50.752 12327 13730 I art     : Starting a blocking GC Explicit
08-04 14:14:50.790 12327 13730 I art     : Explicit concurrent mark sweep GC freed 3(96B) AllocSpace objects, 0(0B) LOS objects, 36% free, 28MB/44MB, paused 291us total 37.111ms
08-04 14:14:51.067 12327 12352 I art     : Starting a blocking GC Explicit
08-04 14:14:51.112 12327 12352 I art     : Explicit concurrent mark sweep GC freed 1349(82KB) AllocSpace objects, 1(20KB) LOS objects, 36% free, 28MB/44MB, paused 323us total 44.510ms
08-04 14:14:51.126 12327 12352 I art     : Starting a blocking GC Explicit
08-04 14:14:51.161 12327 12352 I art     : Explicit concurrent mark sweep GC freed 20(704B) AllocSpace objects, 0(0B) LOS objects, 36% free, 28MB/44MB, paused 293us total 35.025ms
08-04 14:14:51.175 12327 12352 I art     : Starting a blocking GC Explicit
08-04 14:14:51.210 12327 12352 I art     : Explicit concurrent mark sweep GC freed 3(96B) AllocSpace objects, 0(0B) LOS objects, 36% free, 28MB/44MB, paused 289us total 34.805ms
08-04 14:14:51.223 12327 12352 I art     : Starting a blocking GC Explicit
08-04 14:14:51.259 12327 12352 I art     : Explicit concurrent mark sweep GC freed 3(96B) AllocSpace objects, 0(0B) LOS objects, 36% free, 28MB/44MB, paused 287us total 35.398ms
08-04 14:14:51.273 12327 12352 I art     : Starting a blocking GC Explicit
08-04 14:14:51.309 12327 12352 I art     : Explicit concurrent mark sweep GC freed 3(96B) AllocSpace objects, 0(0B) LOS objects, 36% free, 28MB/44MB, paused 298us total 35.456ms
08-04 14:14:51.344 14300 14300 D AndroidRuntime: >>>>>> START com.android.internal.os.RuntimeInit uid 2000 <<<<<<
08-04 14:14:51.349 14300 14300 D AndroidRuntime: CheckJNI is OFF
08-04 14:14:51.382 14300 14300 D ICU     : No timezone override file found: /data/misc/zoneinfo/current/icu/icu_tzdata.dat
08-04 14:14:51.415 14300 14300 I Radio-JNI: register_android_hardware_Radio DONE
08-04 14:14:51.438 14300 14300 D AndroidRuntime: Calling main entry com.android.commands.input.Input
08-04 14:14:51.440 14300 14300 I Input   : injectMotionEvent: MotionEvent { action=ACTION_DOWN, actionButton=0, id[0]=0, x[0]=600.0, y[0]=580.0, toolType[0]=TOOL_TYPE_UNKNOWN, buttonState=0, metaState=0, flags=0x0, edgeFlags=0x0, pointerCount=1, historySize=0, eventTime=713707852, downTime=713707852, deviceId=0, source=0x1002 }
08-04 14:14:51.446 14300 14300 I Input   : injectMotionEvent: MotionEvent { action=ACTION_UP, actionButton=0, id[0]=0, x[0]=600.0, y[0]=580.0, toolType[0]=TOOL_TYPE_UNKNOWN, buttonState=0, metaState=0, flags=0x0, edgeFlags=0x0, pointerCount=1, historySize=0, eventTime=713707852, downTime=713707852, deviceId=0, source=0x1002 }
08-04 14:14:51.452 14300 14300 D AndroidRuntime: Shutting down VM
08-04 14:14:51.467   918  6112 I ActivityManager: START u0 {cmp=baseline.org.quantumbadger.redreader/.activities.WebViewActivity (has extras)} from uid 10666 on display 0
08-04 14:14:51.467   512  2967 D audio_hw_primary: out_set_parameters: enter: usecase(1: low-latency-playback) kvpairs: routing=2
08-04 14:14:51.480   512  2967 D audio_hw_primary: select_devices: out_snd_device(2: speaker) in_snd_device(0: none)
08-04 14:14:51.480   512  2967 D msm8974_platform: platform_send_audio_calibration: sending audio calibration for snd_device(2) acdb_id(15)
08-04 14:14:51.481   512  2967 I soundtrigger: audio_extn_sound_trigger_update_device_status: device 0x2 of type 0 for Event 1
08-04 14:14:51.488 12327 12327 I AppCompatViewInflater: app:theme is now deprecated. Please move to using android:theme instead.
08-04 14:14:51.490   512  2967 D audio_hw_primary: enable_snd_device: snd_device(2: speaker)
08-04 14:14:51.492   512  2967 D audio_hw_primary: enable_audio_route: apply and update mixer path: low-latency-playback speaker
08-04 14:14:51.503 12327 12327 I WebViewFactory: Loading com.google.android.webview version 84.0.4147.89 (code 414708953)
08-04 14:14:51.574 12327 12341 I art     : Starting a blocking GC Explicit
08-04 14:14:51.579 12327 12327 I cr_LibraryLoader: Loaded native library version number "84.0.4147.89"
08-04 14:14:51.579 12327 12327 I cr_CachingUmaRecorder: Flushed 5 samples from 5 histograms.
08-04 14:14:51.612 12327 12341 I art     : Explicit concurrent mark sweep GC freed 6430(601KB) AllocSpace objects, 3(60KB) LOS objects, 35% free, 29MB/45MB, paused 1.011ms total 38.112ms
08-04 14:14:51.620 12327 12327 E chromium: [ERROR:filesystem_posix.cc(62)] mkdir /data/user/0/baseline.org.quantumbadger.redreader/cache/WebView/Crashpad: No such file or directory (2)
08-04 14:14:51.626 12327 12341 I art     : Starting a blocking GC Explicit
08-04 14:14:51.668 12327 12341 I art     : Explicit concurrent mark sweep GC freed 6882(556KB) AllocSpace objects, 3(76KB) LOS objects, 35% free, 28MB/44MB, paused 746us total 40.586ms
08-04 14:14:51.693 12327 12341 I art     : Starting a blocking GC Explicit
08-04 14:14:51.703   918  5952 D ConnectivityService: listenForNetwork for Listen from uid/pid:10666/12327 for NetworkRequest [ id=2700, legacyType=-1, [ Capabilities: INTERNET&NOT_RESTRICTED&TRUSTED] ]
08-04 14:14:51.730 12327 12341 I art     : Explicit concurrent mark sweep GC freed 1510(123KB) AllocSpace objects, 0(0B) LOS objects, 35% free, 29MB/45MB, paused 1.041ms total 37.078ms
08-04 14:14:51.754 12327 14350 W cr_media: Requires BLUETOOTH permission
08-04 14:14:51.772 12327 14361 E libEGL  : validate_display:255 error 3008 (EGL_BAD_DISPLAY)
08-04 14:14:51.772 12327 12341 I art     : Starting a blocking GC Explicit
08-04 14:14:51.810 12327 12341 I art     : Explicit concurrent mark sweep GC freed 1988(134KB) AllocSpace objects, 0(0B) LOS objects, 35% free, 29MB/45MB, paused 1.244ms total 37.504ms
08-04 14:14:51.832 12327 12341 I art     : Starting a blocking GC Explicit
08-04 14:14:51.865 12327 12341 I art     : Explicit concurrent mark sweep GC freed 1004(43KB) AllocSpace objects, 0(0B) LOS objects, 35% free, 29MB/45MB, paused 742us total 32.692ms
08-04 14:14:51.901 13866 13866 I GoogleInputMethodServic: GoogleInputMethodService.onFinishInput():3138 
08-04 14:14:51.902 13866 13866 I GoogleInputMethodServic: GoogleInputMethodService.onStartInput():1808 
08-04 14:14:51.903   918   936 I ActivityManager: Displayed baseline.org.quantumbadger.redreader/.activities.WebViewActivity: +426ms
08-04 14:14:52.040   512  2967 D audio_hw_primary: disable_audio_route: reset and update mixer path: low-latency-playback speaker
08-04 14:14:52.043   512  2967 D audio_hw_primary: disable_snd_device: snd_device(2: speaker)
08-04 14:14:52.055   512  2967 I soundtrigger: audio_extn_sound_trigger_update_device_status: device 0x2 of type 0 for Event 0
08-04 14:14:52.148   380   380 W SurfaceFlinger: couldn't log to binary event log: overflow.
08-04 14:14:52.171 12327 13016 I art     : Starting a blocking GC Explicit
08-04 14:14:52.208 12327 13016 I art     : Explicit concurrent mark sweep GC freed 4881(269KB) AllocSpace objects, 4(220KB) LOS objects, 35% free, 29MB/45MB, paused 436us total 36.217ms
08-04 14:14:52.222 12327 13016 I art     : Starting a blocking GC Explicit
08-04 14:14:52.255 12327 13016 I art     : Explicit concurrent mark sweep GC freed 1147(133KB) AllocSpace objects, 0(0B) LOS objects, 35% free, 29MB/45MB, paused 798us total 33.658ms
08-04 14:14:52.269 12327 13016 I art     : Starting a blocking GC Explicit
08-04 14:14:52.303 12327 13016 I art     : Explicit concurrent mark sweep GC freed 862(58KB) AllocSpace objects, 0(0B) LOS objects, 35% free, 29MB/45MB, paused 896us total 34.634ms
08-04 14:14:52.326 12327 13016 I art     : Starting a blocking GC Explicit
08-04 14:14:52.361 12327 13016 I art     : Explicit concurrent mark sweep GC freed 186(12KB) AllocSpace objects, 0(0B) LOS objects, 35% free, 29MB/45MB, paused 461us total 34.380ms
08-04 14:14:52.377 12327 13016 I art     : Starting a blocking GC Explicit
08-04 14:14:52.409 12327 13016 I art     : Explicit concurrent mark sweep GC freed 12(560B) AllocSpace objects, 0(0B) LOS objects, 35% free, 29MB/45MB, paused 500us total 32.025ms
08-04 14:14:52.688 12327 13730 I art     : Starting a blocking GC Explicit
08-04 14:14:52.726 12327 13730 I art     : Explicit concurrent mark sweep GC freed 5269(246KB) AllocSpace objects, 1(20KB) LOS objects, 35% free, 29MB/45MB, paused 465us total 37.757ms
08-04 14:14:52.740 12327 13730 I art     : Starting a blocking GC Explicit
08-04 14:14:52.775 12327 13730 I art     : Explicit concurrent mark sweep GC freed 112(3KB) AllocSpace objects, 0(0B) LOS objects, 35% free, 29MB/45MB, paused 463us total 34.238ms
08-04 14:14:52.788 12327 13730 I art     : Starting a blocking GC Explicit
08-04 14:14:52.822 12327 13730 I art     : Explicit concurrent mark sweep GC freed 3(96B) AllocSpace objects, 0(0B) LOS objects, 35% free, 29MB/45MB, paused 381us total 33.293ms
08-04 14:14:52.835 12327 13730 I art     : Starting a blocking GC Explicit
08-04 14:14:52.867 12327 13730 I art     : Explicit concurrent mark sweep GC freed 3(96B) AllocSpace objects, 0(0B) LOS objects, 35% free, 29MB/45MB, paused 444us total 32.206ms
08-04 14:14:52.881 12327 13730 I art     : Starting a blocking GC Explicit
08-04 14:14:52.913 12327 13730 I art     : Explicit concurrent mark sweep GC freed 3(96B) AllocSpace objects, 0(0B) LOS objects, 35% free, 29MB/45MB, paused 435us total 32.467ms
08-04 14:14:53.074 12327 12327 I Choreographer: Skipped 40 frames!  The application may be doing too much work on its main thread.
08-04 14:14:53.269 12327 12352 I art     : Starting a blocking GC Explicit
08-04 14:14:53.307 12327 12352 I art     : Explicit concurrent mark sweep GC freed 1388(84KB) AllocSpace objects, 1(20KB) LOS objects, 35% free, 29MB/45MB, paused 501us total 38.076ms
08-04 14:14:53.323 12327 12352 I art     : Starting a blocking GC Explicit
08-04 14:14:53.360 12327 12352 I art     : Explicit concurrent mark sweep GC freed 25(864B) AllocSpace objects, 0(0B) LOS objects, 35% free, 29MB/45MB, paused 503us total 36.572ms
08-04 14:14:53.375 12327 12352 I art     : Starting a blocking GC Explicit
08-04 14:14:53.415 12327 12352 I art     : Explicit concurrent mark sweep GC freed 9(288B) AllocSpace objects, 0(0B) LOS objects, 35% free, 29MB/45MB, paused 494us total 40.055ms
08-04 14:14:53.430 12327 12352 I art     : Starting a blocking GC Explicit
08-04 14:14:53.469 12327 12352 I art     : Explicit concurrent mark sweep GC freed 12(384B) AllocSpace objects, 0(0B) LOS objects, 35% free, 29MB/45MB, paused 570us total 38.868ms
08-04 14:14:53.483 12327 12352 I art     : Starting a blocking GC Explicit
08-04 14:14:53.522 12327 12352 I art     : Explicit concurrent mark sweep GC freed 19(608B) AllocSpace objects, 0(0B) LOS objects, 35% free, 29MB/45MB, paused 395us total 38.974ms
08-04 14:14:53.748   518   646 I ThermalEngine: ACTION: GPU - Setting GPU[0] to 450000000
08-04 14:14:53.870 12327 12327 I chromium: [INFO:CONSOLE(1)] "
08-04 14:14:53.870 12327 12327 I chromium:                   ,d"=,.,qOp,
08-04 14:14:53.870 12327 12327 I chromium:                  ,7'  ''$(  )
08-04 14:14:53.870 12327 12327 I chromium:                 ,7'      '?q$7'
08-04 14:14:53.870 12327 12327 I chromium:              ..,$$,.
08-04 14:14:53.870 12327 12327 I chromium:    ,.  .,,--***""***--,,.  .,
08-04 14:14:53.870 12327 12327 I chromium:     ,p''              ''q,   
08-04 14:14:53.870 12327 12327 I chromium: :  ,7'                      '7,  :
08-04 14:14:53.870 12327 12327 I chromium:  ' $      ,db,      ,db,      $ '
08-04 14:14:53.870 12327 12327 I chromium:   '$      $$      $$      $'    Using Reddit at work? Work for Reddit.
08-04 14:14:53.870 12327 12327 I chromium:   '$                          $'        https://www.reddit.com/jobs
08-04 14:14:53.870 12327 12327 I chromium:    '$.     .,        ,.     .$'
08-04 14:14:53.870 12327 12327 I chromium:     'b,     ''     ,d'
08-04 14:14:53.870 12327 12327 I chromium:      '?bn,,          ,,nd?'
08-04 14:14:53.870 12327 12327 I chromium:        ,7$ '''' $7,
08-04 14:14:53.870 12327 12327 I chromium:      , $              $ ,
08-04 14:14:53.870 12327 12327 I chromium:      $  :$              $:  $
08-04 14:14:53.870 12327 12327 I chromium:      $   $              $   $
08-04 14:14:53.870 12327 12327 I chromium:      'b  q:            :p  d'
08-04 14:14:53.870 12327 12327 I chromium:       '?$.          .$?'
08-04 14:14:53.870 12327 12327 I chromium:          'b            d'
08-04 14:14:53.870 12327 12327 I chromium:        ,'?,.      .,?',
08-04 14:14:53.870 12327 12327 I chromium:       ==--==--==--==
08-04 14:14:53.870 12327 12327 I chromium: ", source: https://www.redditstatic.com/desktop2x/Chat~Governance~Reddit.2ea93b134a9b2e5b1d9a.js (1)
08-04 14:14:53.877 12327 13730 I art     : Starting a blocking GC Explicit
08-04 14:14:53.926 12327 13730 I art     : Explicit concurrent mark sweep GC freed 1406(86KB) AllocSpace objects, 1(20KB) LOS objects, 35% free, 29MB/45MB, paused 581us total 48.832ms
08-04 14:14:53.945 12327 13730 I art     : Starting a blocking GC Explicit
08-04 14:14:53.992 12327 13730 I art     : Explicit concurrent mark sweep GC freed 182(31KB) AllocSpace objects, 0(0B) LOS objects, 35% free, 29MB/45MB, paused 523us total 46.575ms
08-04 14:14:54.010 12327 13730 I art     : Starting a blocking GC Explicit
08-04 14:14:54.057 12327 13730 I art     : Explicit concurrent mark sweep GC freed 68(2304B) AllocSpace objects, 0(0B) LOS objects, 35% free, 29MB/45MB, paused 668us total 46.971ms
08-04 14:14:54.076 12327 13730 I art     : Starting a blocking GC Explicit
08-04 14:14:54.124 12327 13730 I art     : Explicit concurrent mark sweep GC freed 3(96B) AllocSpace objects, 0(0B) LOS objects, 35% free, 29MB/45MB, paused 519us total 47.499ms
08-04 14:14:54.142 12327 13730 I art     : Starting a blocking GC Explicit
08-04 14:14:54.188 12327 13730 I art     : Explicit concurrent mark sweep GC freed 3(96B) AllocSpace objects, 0(0B) LOS objects, 35% free, 29MB/45MB, paused 578us total 45.751ms
08-04 14:14:54.565 12327 12352 I art     : Starting a blocking GC Explicit
08-04 14:14:54.614 12327 12352 I art     : Explicit concurrent mark sweep GC freed 1367(83KB) AllocSpace objects, 1(20KB) LOS objects, 35% free, 29MB/45MB, paused 540us total 48.849ms
08-04 14:14:54.633 12327 12352 I art     : Starting a blocking GC Explicit
08-04 14:14:54.680 12327 12352 I art     : Explicit concurrent mark sweep GC freed 22(768B) AllocSpace objects, 0(0B) LOS objects, 35% free, 29MB/45MB, paused 552us total 46.800ms
08-04 14:14:54.698 12327 12352 I art     : Starting a blocking GC Explicit
08-04 14:14:54.744 12327 12352 I art     : Explicit concurrent mark sweep GC freed 3(96B) AllocSpace objects, 0(0B) LOS objects, 35% free, 29MB/45MB, paused 524us total 45.656ms
08-04 14:14:54.762 12327 12352 I art     : Starting a blocking GC Explicit
08-04 14:14:54.809 12327 12352 I art     : Explicit concurrent mark sweep GC freed 3(96B) AllocSpace objects, 0(0B) LOS objects, 35% free, 29MB/45MB, paused 528us total 46.570ms
08-04 14:14:54.828 12327 12352 I art     : Starting a blocking GC Explicit
08-04 14:14:54.874 12327 12352 I art     : Explicit concurrent mark sweep GC freed 3(96B) AllocSpace objects, 0(0B) LOS objects, 35% free, 29MB/45MB, paused 488us total 46.225ms
08-04 14:14:55.253 12327 12341 I art     : Starting a blocking GC Explicit
08-04 14:14:55.297 12327 12341 I art     : Explicit concurrent mark sweep GC freed 1566(94KB) AllocSpace objects, 1(20KB) LOS objects, 35% free, 29MB/45MB, paused 480us total 43.940ms
08-04 14:14:55.315 12223 12223 I ServiceManager: Waiting for service AtCmdFwd...
08-04 14:14:55.318 12327 12341 I art     : Starting a blocking GC Explicit
08-04 14:14:55.360 12327 12341 I art     : Explicit concurrent mark sweep GC freed 20(704B) AllocSpace objects, 0(0B) LOS objects, 35% free, 29MB/45MB, paused 524us total 41.586ms
08-04 14:14:55.379 12327 12341 I art     : Starting a blocking GC Explicit
08-04 14:14:55.423 12327 12341 I art     : Explicit concurrent mark sweep GC freed 18(2896B) AllocSpace objects, 0(0B) LOS objects, 35% free, 29MB/45MB, paused 461us total 44.505ms
08-04 14:14:55.441 12327 12341 I art     : Starting a blocking GC Explicit
08-04 14:14:55.486 12327 12341 I art     : Explicit concurrent mark sweep GC freed 3(96B) AllocSpace objects, 0(0B) LOS objects, 35% free, 29MB/45MB, paused 487us total 44.035ms
08-04 14:14:55.503 12327 12341 I art     : Starting a blocking GC Explicit
08-04 14:14:55.549 12327 12341 I art     : Explicit concurrent mark sweep GC freed 3(96B) AllocSpace objects, 0(0B) LOS objects, 35% free, 29MB/45MB, paused 495us total 45.684ms
08-04 14:14:55.943 12327 13016 I art     : Starting a blocking GC Explicit
08-04 14:14:55.990 12327 13016 I art     : Explicit concurrent mark sweep GC freed 1401(85KB) AllocSpace objects, 1(20KB) LOS objects, 35% free, 29MB/45MB, paused 457us total 46.094ms
08-04 14:14:56.014 12327 13016 I art     : Starting a blocking GC Explicit
08-04 14:14:56.059 12327 13016 I art     : Explicit concurrent mark sweep GC freed 20(704B) AllocSpace objects, 0(0B) LOS objects, 35% free, 29MB/45MB, paused 491us total 44.319ms
08-04 14:14:56.078 12327 13016 I art     : Starting a blocking GC Explicit
08-04 14:14:56.130 12327 13016 I art     : Explicit concurrent mark sweep GC freed 3(96B) AllocSpace objects, 0(0B) LOS objects, 35% free, 29MB/45MB, paused 518us total 52.241ms
08-04 14:14:56.149 12327 13016 I art     : Starting a blocking GC Explicit
08-04 14:14:56.198 12327 13016 I art     : Explicit concurrent mark sweep GC freed 3(96B) AllocSpace objects, 0(0B) LOS objects, 35% free, 29MB/45MB, paused 473us total 48.325ms
08-04 14:14:56.223 12327 13016 I art     : Starting a blocking GC Explicit
08-04 14:14:56.272 12327 13016 I art     : Explicit concurrent mark sweep GC freed 3(96B) AllocSpace objects, 0(0B) LOS objects, 35% free, 29MB/45MB, paused 481us total 48.775ms
08-04 14:14:56.317 12223 12223 I ServiceManager: Waiting for service AtCmdFwd...
08-04 14:14:56.479 12327 14330 I RedditChangeDataIO: Writing tmp data file at '/data/user/0/baseline.org.quantumbadger.redreader/files/rr_change_data_tmp.dat'
08-04 14:14:56.480 12327 14330 I RedditChangeDataManager: Taking snapshot...
08-04 14:14:56.480 12327 14330 I RedditChangeDataManager: Writing to stream...
08-04 14:14:56.480 12327 14330 I RedditChangeDataManager: Wrote 4 entries for user ''
08-04 14:14:56.480 12327 14330 I RedditChangeDataManager: All entries written to stream.
08-04 14:14:56.480 12327 14330 I RedditChangeDataIO: Write successful. Atomically replacing data file...
08-04 14:14:56.481 12327 14330 I RedditChangeDataIO: Write complete.
08-04 14:14:56.481 12327 14330 I RedditChangeDataIO: 110 bytes written in 3 ms
08-04 14:14:56.647 12327 13016 I art     : Starting a blocking GC Explicit
08-04 14:14:56.697 12327 13016 I art     : Explicit concurrent mark sweep GC freed 1436(87KB) AllocSpace objects, 2(88KB) LOS objects, 35% free, 29MB/45MB, paused 467us total 49.669ms
08-04 14:14:56.719 12327 13016 I art     : Starting a blocking GC Explicit
08-04 14:14:56.766 12327 13016 I art     : Explicit concurrent mark sweep GC freed 23(800B) AllocSpace objects, 0(0B) LOS objects, 35% free, 29MB/45MB, paused 521us total 46.741ms
08-04 14:14:56.785 12327 13016 I art     : Starting a blocking GC Explicit
08-04 14:14:56.836 12327 13016 I art     : Explicit concurrent mark sweep GC freed 3(96B) AllocSpace objects, 0(0B) LOS objects, 35% free, 29MB/45MB, paused 450us total 51.113ms
08-04 14:14:56.855 12327 13016 I art     : Starting a blocking GC Explicit
08-04 14:14:56.906 12327 13016 I art     : Explicit concurrent mark sweep GC freed 3(96B) AllocSpace objects, 0(0B) LOS objects, 35% free, 29MB/45MB, paused 559us total 50.739ms
08-04 14:14:56.928 12327 13016 I art     : Starting a blocking GC Explicit
08-04 14:14:56.976 12327 13016 I art     : Explicit concurrent mark sweep GC freed 3(96B) AllocSpace objects, 0(0B) LOS objects, 35% free, 29MB/45MB, paused 580us total 48.260ms
08-04 14:14:57.317 12223 12223 I ServiceManager: Waiting for service AtCmdFwd...
08-04 14:14:57.387 12327 13016 I art     : Starting a blocking GC Explicit
08-04 14:14:57.446 12327 13016 I art     : Explicit concurrent mark sweep GC freed 1357(82KB) AllocSpace objects, 1(20KB) LOS objects, 35% free, 29MB/45MB, paused 462us total 58.241ms
08-04 14:14:57.464 12327 13016 I art     : Starting a blocking GC Explicit
08-04 14:14:57.518 12327 13016 I art     : Explicit concurrent mark sweep GC freed 20(704B) AllocSpace objects, 0(0B) LOS objects, 35% free, 29MB/45MB, paused 655us total 53.158ms
08-04 14:14:57.537 12327 13016 I art     : Starting a blocking GC Explicit
08-04 14:14:57.585 12327 13016 I art     : Explicit concurrent mark sweep GC freed 3(96B) AllocSpace objects, 0(0B) LOS objects, 35% free, 29MB/45MB, paused 532us total 47.759ms
08-04 14:14:57.604 12327 13016 I art     : Starting a blocking GC Explicit
08-04 14:14:57.657 12327 13016 I art     : Explicit concurrent mark sweep GC freed 3(96B) AllocSpace objects, 0(0B) LOS objects, 35% free, 29MB/45MB, paused 589us total 52.855ms
08-04 14:14:57.676 12327 13016 I art     : Starting a blocking GC Explicit
08-04 14:14:57.729 12327 13016 I art     : Explicit concurrent mark sweep GC freed 3(96B) AllocSpace objects, 0(0B) LOS objects, 35% free, 29MB/45MB, paused 511us total 52.427ms
08-04 14:14:58.130 12327 13016 I art     : Starting a blocking GC Explicit
08-04 14:14:58.178 12327 13016 I art     : Explicit concurrent mark sweep GC freed 1355(82KB) AllocSpace objects, 1(20KB) LOS objects, 35% free, 29MB/45MB, paused 651us total 47.648ms
08-04 14:14:58.196 12327 13016 I art     : Starting a blocking GC Explicit
08-04 14:14:58.238 12327 13016 I art     : Explicit concurrent mark sweep GC freed 20(704B) AllocSpace objects, 0(0B) LOS objects, 35% free, 29MB/45MB, paused 497us total 41.786ms
08-04 14:14:58.255 12327 13016 I art     : Starting a blocking GC Explicit
08-04 14:14:58.302 12327 13016 I art     : Explicit concurrent mark sweep GC freed 3(96B) AllocSpace objects, 0(0B) LOS objects, 35% free, 29MB/45MB, paused 510us total 46.009ms
08-04 14:14:58.318 12223 12223 I ServiceManager: Waiting for service AtCmdFwd...
08-04 14:14:58.324 12327 13016 I art     : Starting a blocking GC Explicit
08-04 14:14:58.371 12327 13016 I art     : Explicit concurrent mark sweep GC freed 3(96B) AllocSpace objects, 0(0B) LOS objects, 35% free, 29MB/45MB, paused 475us total 46.822ms
08-04 14:14:58.389 12327 13016 I art     : Starting a blocking GC Explicit
08-04 14:14:58.436 12327 13016 I art     : Explicit concurrent mark sweep GC freed 3(96B) AllocSpace objects, 0(0B) LOS objects, 35% free, 29MB/45MB, paused 433us total 46.349ms
08-04 14:14:58.837 12327 13016 I art     : Starting a blocking GC Explicit
08-04 14:14:58.884 12327 13016 I art     : Explicit concurrent mark sweep GC freed 1355(82KB) AllocSpace objects, 1(20KB) LOS objects, 35% free, 29MB/45MB, paused 492us total 46.453ms
08-04 14:14:58.902 12327 13016 I art     : Starting a blocking GC Explicit
08-04 14:14:58.955 12327 13016 I art     : Explicit concurrent mark sweep GC freed 20(704B) AllocSpace objects, 0(0B) LOS objects, 35% free, 29MB/45MB, paused 506us total 52.819ms
08-04 14:14:58.974 12327 13016 I art     : Starting a blocking GC Explicit
08-04 14:14:59.028 12327 13016 I art     : Explicit concurrent mark sweep GC freed 3(96B) AllocSpace objects, 0(0B) LOS objects, 35% free, 29MB/45MB, paused 495us total 53.442ms
08-04 14:14:59.046 12327 13016 I art     : Starting a blocking GC Explicit
08-04 14:14:59.094 12327 13016 I art     : Explicit concurrent mark sweep GC freed 3(96B) AllocSpace objects, 0(0B) LOS objects, 35% free, 29MB/45MB, paused 452us total 47.867ms
08-04 14:14:59.134 12327 13016 I art     : Starting a blocking GC Explicit
08-04 14:14:59.187 12327 13016 I art     : Explicit concurrent mark sweep GC freed 3(96B) AllocSpace objects, 0(0B) LOS objects, 35% free, 29MB/45MB, paused 463us total 51.925ms
08-04 14:14:59.318 12223 12223 I ServiceManager: Waiting for service AtCmdFwd...
08-04 14:14:59.528 12327 12340 I art     : Starting a blocking GC Explicit
08-04 14:14:59.571 12327 12340 I art     : Explicit concurrent mark sweep GC freed 1355(82KB) AllocSpace objects, 1(20KB) LOS objects, 35% free, 29MB/45MB, paused 487us total 42.490ms
08-04 14:14:59.588 12327 12340 I art     : Starting a blocking GC Explicit
08-04 14:14:59.632 12327 12340 I art     : Explicit concurrent mark sweep GC freed 20(704B) AllocSpace objects, 0(0B) LOS objects, 35% free, 29MB/45MB, paused 490us total 43.463ms
08-04 14:14:59.649 12327 12340 I art     : Starting a blocking GC Explicit
08-04 14:14:59.692 12327 12340 I art     : Explicit concurrent mark sweep GC freed 3(96B) AllocSpace objects, 0(0B) LOS objects, 35% free, 29MB/45MB, paused 497us total 42.239ms
08-04 14:14:59.712 12327 12340 I art     : Starting a blocking GC Explicit
08-04 14:14:59.755 12327 12340 I art     : Explicit concurrent mark sweep GC freed 3(96B) AllocSpace objects, 0(0B) LOS objects, 35% free, 29MB/45MB, paused 489us total 42.040ms
08-04 14:14:59.772 12327 12340 I art     : Starting a blocking GC Explicit
08-04 14:14:59.825 12327 12340 I art     : Explicit concurrent mark sweep GC freed 3(96B) AllocSpace objects, 0(0B) LOS objects, 35% free, 29MB/45MB, paused 492us total 52.469ms
08-04 14:15:00.194 12327 13730 I art     : Starting a blocking GC Explicit
08-04 14:15:00.214 14497 14497 D AndroidRuntime: >>>>>> START com.android.internal.os.RuntimeInit uid 2000 <<<<<<
08-04 14:15:00.222 14497 14497 D AndroidRuntime: CheckJNI is OFF
08-04 14:15:00.247 12327 13730 I art     : Explicit concurrent mark sweep GC freed 1355(82KB) AllocSpace objects, 1(20KB) LOS objects, 35% free, 29MB/45MB, paused 512us total 53.074ms
08-04 14:15:00.265 12327 13730 I art     : Starting a blocking GC Explicit
08-04 14:15:00.268 14497 14497 D ICU     : No timezone override file found: /data/misc/zoneinfo/current/icu/icu_tzdata.dat
08-04 14:15:00.316 14497 14497 I Radio-JNI: register_android_hardware_Radio DONE
08-04 14:15:00.316 12327 13730 I art     : Explicit concurrent mark sweep GC freed 20(704B) AllocSpace objects, 0(0B) LOS objects, 35% free, 29MB/45MB, paused 664us total 49.837ms
08-04 14:15:00.319 12223 12223 W Atfwd_Sendcmd: AtCmdFwd service not published, waiting... retryCnt : 1
08-04 14:15:00.334 12327 13730 I art     : Starting a blocking GC Explicit
08-04 14:15:00.346 14497 14497 D AndroidRuntime: Calling main entry com.android.commands.input.Input
08-04 14:15:00.349 14497 14497 I Input   : injectKeyEvent: KeyEvent { action=ACTION_DOWN, keyCode=KEYCODE_BACK, scanCode=0, metaState=0, flags=0x0, repeatCount=0, eventTime=713716761, downTime=713716761, deviceId=-1, source=0x101 }
08-04 14:15:00.358 14497 14497 I Input   : injectKeyEvent: KeyEvent { action=ACTION_UP, keyCode=KEYCODE_BACK, scanCode=0, metaState=0, flags=0x0, repeatCount=0, eventTime=713716761, downTime=713716761, deviceId=-1, source=0x101 }
08-04 14:15:00.366 14497 14497 D AndroidRuntime: Shutting down VM
08-04 14:15:00.380 12327 13730 I art     : Explicit concurrent mark sweep GC freed 44(2000B) AllocSpace objects, 0(0B) LOS objects, 35% free, 29MB/45MB, paused 641us total 45.368ms
08-04 14:15:00.424 12327 13730 I art     : Starting a blocking GC Explicit
08-04 14:15:00.433 13866 13866 I GoogleInputMethodServic: GoogleInputMethodService.onFinishInput():3138 
08-04 14:15:00.434 13866 13866 I GoogleInputMethodServic: GoogleInputMethodService.onStartInput():1808 
08-04 14:15:00.466 12327 13730 I art     : Explicit concurrent mark sweep GC freed 210(8KB) AllocSpace objects, 0(0B) LOS objects, 35% free, 29MB/45MB, paused 548us total 41.586ms
08-04 14:15:00.485 12327 13730 I art     : Starting a blocking GC Explicit
08-04 14:15:00.525 12327 13730 I art     : Explicit concurrent mark sweep GC freed 37(1216B) AllocSpace objects, 0(0B) LOS objects, 35% free, 29MB/45MB, paused 429us total 39.166ms
08-04 14:15:00.741   380   380 W SurfaceFlinger: couldn't log to binary event log: overflow.
08-04 14:15:00.790   918  3263 D ConnectivityService: releasing NetworkRequest NetworkRequest [ id=2700, legacyType=-1, [ Capabilities: INTERNET&NOT_RESTRICTED&TRUSTED] ]
08-04 14:15:00.882 12327 12341 I art     : Starting a blocking GC Explicit
08-04 14:15:00.924 12327 12341 I art     : Explicit concurrent mark sweep GC freed 2274(128KB) AllocSpace objects, 1(20KB) LOS objects, 35% free, 29MB/45MB, paused 459us total 41.802ms
08-04 14:15:00.941 12327 12341 I art     : Starting a blocking GC Explicit
08-04 14:15:00.985 12327 12341 I art     : Explicit concurrent mark sweep GC freed 2114(124KB) AllocSpace objects, 1(28KB) LOS objects, 35% free, 29MB/45MB, paused 484us total 43.409ms
08-04 14:15:01.003 12327 12341 I art     : Starting a blocking GC Explicit
08-04 14:15:01.050 12327 12341 I art     : Explicit concurrent mark sweep GC freed 3(96B) AllocSpace objects, 0(0B) LOS objects, 35% free, 29MB/45MB, paused 544us total 46.535ms
08-04 14:15:01.050 12327 12339 I art     : WaitForGcToComplete blocked for 46.764ms for cause HeapTrim
08-04 14:15:01.068 12327 12341 I art     : Starting a blocking GC Explicit
08-04 14:15:01.116 12327 12341 I art     : Explicit concurrent mark sweep GC freed 3(96B) AllocSpace objects, 0(0B) LOS objects, 35% free, 29MB/45MB, paused 498us total 46.910ms
08-04 14:15:01.134 12327 12341 I art     : Starting a blocking GC Explicit
08-04 14:15:01.180 12327 12341 I art     : Explicit concurrent mark sweep GC freed 3(96B) AllocSpace objects, 0(0B) LOS objects, 35% free, 29MB/45MB, paused 484us total 45.750ms
08-04 14:15:01.532 12327 13016 I art     : Starting a blocking GC Explicit
08-04 14:15:01.593 12327 13016 I art     : Explicit concurrent mark sweep GC freed 1354(82KB) AllocSpace objects, 1(20KB) LOS objects, 35% free, 29MB/45MB, paused 536us total 60.281ms
08-04 14:15:01.618 12327 13016 I art     : Starting a blocking GC Explicit
08-04 14:15:01.663 12327 13016 I art     : Explicit concurrent mark sweep GC freed 20(704B) AllocSpace objects, 0(0B) LOS objects, 35% free, 29MB/45MB, paused 481us total 44.142ms
08-04 14:15:01.681 12327 13016 I art     : Starting a blocking GC Explicit
08-04 14:15:01.725 12327 13016 I art     : Explicit concurrent mark sweep GC freed 3(96B) AllocSpace objects, 0(0B) LOS objects, 35% free, 29MB/45MB, paused 503us total 43.809ms
08-04 14:15:01.743 12327 13016 I art     : Starting a blocking GC Explicit
08-04 14:15:01.788 12327 13016 I art     : Explicit concurrent mark sweep GC freed 3(96B) AllocSpace objects, 0(0B) LOS objects, 35% free, 29MB/45MB, paused 498us total 44.343ms
08-04 14:15:01.806 12327 13016 I art     : Starting a blocking GC Explicit
08-04 14:15:01.851 12327 13016 I art     : Explicit concurrent mark sweep GC freed 3(96B) AllocSpace objects, 0(0B) LOS objects, 35% free, 29MB/45MB, paused 475us total 44.555ms
08-04 14:15:02.130 14541 14541 D AndroidRuntime: >>>>>> START com.android.internal.os.RuntimeInit uid 2000 <<<<<<
08-04 14:15:02.136 14541 14541 D AndroidRuntime: CheckJNI is OFF
08-04 14:15:02.180 14541 14541 D ICU     : No timezone override file found: /data/misc/zoneinfo/current/icu/icu_tzdata.dat
08-04 14:15:02.212 12327 12352 I art     : Starting a blocking GC Explicit
08-04 14:15:02.223 14541 14541 I Radio-JNI: register_android_hardware_Radio DONE
08-04 14:15:02.251 14541 14541 D AndroidRuntime: Calling main entry com.android.commands.input.Input
08-04 14:15:02.254 14541 14541 I Input   : injectMotionEvent: MotionEvent { action=ACTION_DOWN, actionButton=0, id[0]=0, x[0]=600.0, y[0]=820.0, toolType[0]=TOOL_TYPE_UNKNOWN, buttonState=0, metaState=0, flags=0x0, edgeFlags=0x0, pointerCount=1, historySize=0, eventTime=713718666, downTime=713718666, deviceId=0, source=0x1002 }
08-04 14:15:02.259 12327 12352 I art     : Explicit concurrent mark sweep GC freed 1373(83KB) AllocSpace objects, 1(20KB) LOS objects, 35% free, 29MB/45MB, paused 721us total 47.132ms
08-04 14:15:02.264 14541 14541 I Input   : injectMotionEvent: MotionEvent { action=ACTION_UP, actionButton=0, id[0]=0, x[0]=600.0, y[0]=820.0, toolType[0]=TOOL_TYPE_UNKNOWN, buttonState=0, metaState=0, flags=0x0, edgeFlags=0x0, pointerCount=1, historySize=0, eventTime=713718666, downTime=713718666, deviceId=0, source=0x1002 }
08-04 14:15:02.268 14541 14541 D AndroidRuntime: Shutting down VM
08-04 14:15:02.279 12327 12352 I art     : Starting a blocking GC Explicit
08-04 14:15:02.280   512  2967 D audio_hw_primary: out_set_parameters: enter: usecase(1: low-latency-playback) kvpairs: routing=2
08-04 14:15:02.286   918  6111 I ActivityManager: START u0 {dat=https://oauth.reddit.com/... cmp=baseline.org.quantumbadger.redreader/.activities.CommentListingActivity} from uid 10666 on display 0
08-04 14:15:02.294   512  2967 D audio_hw_primary: select_devices: out_snd_device(2: speaker) in_snd_device(0: none)
08-04 14:15:02.294   512  2967 D msm8974_platform: platform_send_audio_calibration: sending audio calibration for snd_device(2) acdb_id(15)
08-04 14:15:02.295   512  2967 I soundtrigger: audio_extn_sound_trigger_update_device_status: device 0x2 of type 0 for Event 1
08-04 14:15:02.303   512  2967 D audio_hw_primary: enable_snd_device: snd_device(2: speaker)
08-04 14:15:02.305   512  2967 D audio_hw_primary: enable_audio_route: apply and update mixer path: low-latency-playback speaker
08-04 14:15:02.308 12327 12327 I AppCompatViewInflater: app:theme is now deprecated. Please move to using android:theme instead.
08-04 14:15:02.323 12327 12352 I art     : Explicit concurrent mark sweep GC freed 1352(62KB) AllocSpace objects, 0(0B) LOS objects, 35% free, 29MB/45MB, paused 919us total 42.882ms
08-04 14:15:02.331 12327 14566 D OK      : calling: https://oauth.reddit.com/comments/hi3oht/.json?sort=confidence
08-04 14:15:02.341 12327 12352 I art     : Starting a blocking GC Explicit
08-04 14:15:02.381 12327 12352 I art     : Explicit concurrent mark sweep GC freed 914(59KB) AllocSpace objects, 0(0B) LOS objects, 35% free, 29MB/45MB, paused 562us total 39.566ms
08-04 14:15:02.399 12327 12352 I art     : Starting a blocking GC Explicit
08-04 14:15:02.406   918   936 I ActivityManager: Displayed baseline.org.quantumbadger.redreader/.activities.CommentListingActivity: +112ms
08-04 14:15:02.406 13866 13866 I GoogleInputMethodServic: GoogleInputMethodService.onFinishInput():3138 
08-04 14:15:02.407 13866 13866 I GoogleInputMethodServic: GoogleInputMethodService.onStartInput():1808 
08-04 14:15:02.440 12327 12352 I art     : Explicit concurrent mark sweep GC freed 869(35KB) AllocSpace objects, 0(0B) LOS objects, 35% free, 29MB/45MB, paused 599us total 41.005ms
08-04 14:15:02.458 12327 12352 I art     : Starting a blocking GC Explicit
08-04 14:15:02.500 12327 12352 I art     : Explicit concurrent mark sweep GC freed 2080(84KB) AllocSpace objects, 0(0B) LOS objects, 35% free, 29MB/45MB, paused 583us total 41.408ms
08-04 14:15:02.629 12327 14566 I NAPPA_EXPERIMENTATION: MetricNetworkRequestExecutionTime: REQUEST_DURATION_SYSTEM='298',REQUEST_DURATION_OKHTTP='144',REQUEST_SYNCHRONOUS='TRUE',RESPONSE_CODE='200',RESPONSE_METHOD='GET',RESPONSE_LENGTH_OKHTTP='-1',RESPONSE_LENGTH_HEADER='167875',REQUEST_PROTOCOL='h2',REQUEST_URL='https://oauth.reddit.com/comments/hi3oht/.json?sort=confidence',
08-04 14:15:02.629 12327 14566 D OK      : request got status: 200
08-04 14:15:02.637 12327 12901 I CommentListingActivity: COMMENTS session changed to 05800f5e-26c6-4d1b-b3d2-44e5bc075240
08-04 14:15:02.659   380   380 W SurfaceFlinger: couldn't log to binary event log: overflow.
08-04 14:15:02.798 12327 13730 I art     : Starting a blocking GC Explicit
08-04 14:15:02.858   512  2967 D audio_hw_primary: disable_audio_route: reset and update mixer path: low-latency-playback speaker
08-04 14:15:02.859   512  2967 D audio_hw_primary: disable_snd_device: snd_device(2: speaker)
08-04 14:15:02.867   512  2967 I soundtrigger: audio_extn_sound_trigger_update_device_status: device 0x2 of type 0 for Event 0
08-04 14:15:02.880 12327 13730 I art     : Explicit concurrent mark sweep GC freed 30081(1982KB) AllocSpace objects, 5(104KB) LOS objects, 32% free, 32MB/48MB, paused 1.457ms total 81.925ms
08-04 14:15:02.900 12327 13730 I art     : Starting a blocking GC Explicit
08-04 14:15:02.970 12327 13730 I art     : Explicit concurrent mark sweep GC freed 16323(1010KB) AllocSpace objects, 0(0B) LOS objects, 32% free, 33MB/49MB, paused 1.244ms total 69.864ms
08-04 14:15:02.991 12327 13730 I art     : Starting a blocking GC Explicit
08-04 14:15:03.071 12327 13730 I art     : Explicit concurrent mark sweep GC freed 13265(1021KB) AllocSpace objects, 1(16KB) LOS objects, 31% free, 34MB/50MB, paused 1.298ms total 80.216ms
08-04 14:15:03.094 12327 13730 I art     : Starting a blocking GC Explicit
08-04 14:15:03.165 12327 13730 I art     : Explicit concurrent mark sweep GC freed 511(154KB) AllocSpace objects, 1(68KB) LOS objects, 31% free, 35MB/51MB, paused 514us total 70.533ms
08-04 14:15:03.187 12327 13730 I art     : Starting a blocking GC Explicit
08-04 14:15:03.250 12327 13730 I art     : Explicit concurrent mark sweep GC freed 36785(1724KB) AllocSpace objects, 3(100KB) LOS objects, 32% free, 33MB/49MB, paused 480us total 62.170ms
08-04 14:15:03.579 12327 13016 I art     : Starting a blocking GC Explicit
08-04 14:15:03.648 12327 13016 I art     : Explicit concurrent mark sweep GC freed 1359(82KB) AllocSpace objects, 1(20KB) LOS objects, 32% free, 33MB/49MB, paused 608us total 68.570ms
08-04 14:15:03.671 12327 13016 I art     : Starting a blocking GC Explicit
08-04 14:15:03.738 12327 13016 I art     : Explicit concurrent mark sweep GC freed 20(704B) AllocSpace objects, 0(0B) LOS objects, 32% free, 33MB/49MB, paused 593us total 66.194ms
08-04 14:15:03.760 12327 13016 I art     : Starting a blocking GC Explicit
08-04 14:15:03.829 12327 13016 I art     : Explicit concurrent mark sweep GC freed 49(1920B) AllocSpace objects, 0(0B) LOS objects, 32% free, 33MB/49MB, paused 595us total 68.514ms
08-04 14:15:03.851 12327 13016 I art     : Starting a blocking GC Explicit
08-04 14:15:03.925 12327 13016 I art     : Explicit concurrent mark sweep GC freed 3(96B) AllocSpace objects, 0(0B) LOS objects, 32% free, 33MB/49MB, paused 613us total 74.043ms
08-04 14:15:03.950 12327 13016 I art     : Starting a blocking GC Explicit
08-04 14:15:03.977   918  3188 I hubconnection: sensorhub said: 'set_bias 3: -4.9440, 0.0000, 0.0000'
08-04 14:15:04.025 12327 13016 I art     : Explicit concurrent mark sweep GC freed 3(96B) AllocSpace objects, 0(0B) LOS objects, 32% free, 33MB/49MB, paused 584us total 75.155ms
08-04 14:15:04.409 12327 13730 I art     : Starting a blocking GC Explicit
08-04 14:15:04.503 12327 13730 I art     : Explicit concurrent mark sweep GC freed 1354(82KB) AllocSpace objects, 1(20KB) LOS objects, 32% free, 33MB/49MB, paused 639us total 93.350ms
08-04 14:15:04.530 12327 13730 I art     : Starting a blocking GC Explicit
08-04 14:15:04.611 12327 13730 I art     : Explicit concurrent mark sweep GC freed 20(704B) AllocSpace objects, 0(0B) LOS objects, 32% free, 33MB/49MB, paused 645us total 80.890ms
08-04 14:15:04.636 12327 13730 I art     : Starting a blocking GC Explicit
08-04 14:15:04.713 12327 13730 I art     : Explicit concurrent mark sweep GC freed 3(96B) AllocSpace objects, 0(0B) LOS objects, 32% free, 33MB/49MB, paused 590us total 76.309ms
08-04 14:15:04.735 12327 13730 I art     : Starting a blocking GC Explicit
08-04 14:15:04.809 12327 13730 I art     : Explicit concurrent mark sweep GC freed 3(96B) AllocSpace objects, 0(0B) LOS objects, 32% free, 33MB/49MB, paused 596us total 73.799ms
08-04 14:15:04.832 12327 13730 I art     : Starting a blocking GC Explicit
08-04 14:15:04.910 12327 13730 I art     : Explicit concurrent mark sweep GC freed 3(96B) AllocSpace objects, 0(0B) LOS objects, 32% free, 33MB/49MB, paused 603us total 77.487ms
08-04 14:15:05.281 12327 12341 I art     : Starting a blocking GC Explicit
08-04 14:15:05.319 12223 12223 I ServiceManager: Waiting for service AtCmdFwd...
08-04 14:15:05.374 12327 12341 I art     : Explicit concurrent mark sweep GC freed 1354(82KB) AllocSpace objects, 1(20KB) LOS objects, 32% free, 33MB/49MB, paused 558us total 92.698ms
08-04 14:15:05.398 12327 12341 I art     : Starting a blocking GC Explicit
08-04 14:15:05.468 12327 12341 I art     : Explicit concurrent mark sweep GC freed 20(704B) AllocSpace objects, 0(0B) LOS objects, 32% free, 33MB/49MB, paused 571us total 70.173ms
08-04 14:15:05.491 12327 12341 I art     : Starting a blocking GC Explicit
08-04 14:15:05.567 12327 12341 I art     : Explicit concurrent mark sweep GC freed 3(96B) AllocSpace objects, 0(0B) LOS objects, 32% free, 33MB/49MB, paused 682us total 76.161ms
08-04 14:15:05.590 12327 12341 I art     : Starting a blocking GC Explicit
08-04 14:15:05.672 12327 12341 I art     : Explicit concurrent mark sweep GC freed 3(96B) AllocSpace objects, 0(0B) LOS objects, 32% free, 33MB/49MB, paused 573us total 81.712ms
08-04 14:15:05.696 12327 12341 I art     : Starting a blocking GC Explicit
08-04 14:15:05.773 12327 12341 I art     : Explicit concurrent mark sweep GC freed 3(96B) AllocSpace objects, 0(0B) LOS objects, 32% free, 33MB/49MB, paused 554us total 76.601ms
08-04 14:15:06.097   918 13198 D NetlinkSocketObserver: NeighborEvent{elapsedMs=1697109972, 192.168.2.254, [7C3953A63323], RTM_NEWNEIGH, NUD_PROBE}
08-04 14:15:06.131 12327 12340 I art     : Starting a blocking GC Explicit
08-04 14:15:06.220 12327 12340 I art     : Explicit concurrent mark sweep GC freed 1354(82KB) AllocSpace objects, 1(20KB) LOS objects, 32% free, 33MB/49MB, paused 669us total 88.341ms
08-04 14:15:06.246 12327 12340 I art     : Starting a blocking GC Explicit
08-04 14:15:06.320 12223 12223 I ServiceManager: Waiting for service AtCmdFwd...
08-04 14:15:06.321 12327 12340 I art     : Explicit concurrent mark sweep GC freed 20(704B) AllocSpace objects, 0(0B) LOS objects, 32% free, 33MB/49MB, paused 549us total 74.907ms
08-04 14:15:06.343 12327 12340 I art     : Starting a blocking GC Explicit
08-04 14:15:06.418 12327 12340 I art     : Explicit concurrent mark sweep GC freed 3(96B) AllocSpace objects, 0(0B) LOS objects, 32% free, 33MB/49MB, paused 595us total 73.978ms
08-04 14:15:06.440 12327 12340 I art     : Starting a blocking GC Explicit
08-04 14:15:06.515 12327 12340 I art     : Explicit concurrent mark sweep GC freed 3(96B) AllocSpace objects, 0(0B) LOS objects, 32% free, 33MB/49MB, paused 502us total 74.417ms
08-04 14:15:06.537 12327 12340 I art     : Starting a blocking GC Explicit
08-04 14:15:06.599 12327 12340 I art     : Explicit concurrent mark sweep GC freed 3(96B) AllocSpace objects, 0(0B) LOS objects, 32% free, 33MB/49MB, paused 536us total 61.375ms
08-04 14:15:06.940 12327 13730 I art     : Starting a blocking GC Explicit
08-04 14:15:07.018 12327 13730 I art     : Explicit concurrent mark sweep GC freed 1387(84KB) AllocSpace objects, 1(20KB) LOS objects, 32% free, 33MB/49MB, paused 663us total 77.460ms
08-04 14:15:07.040 12327 13730 I art     : Starting a blocking GC Explicit
08-04 14:15:07.057 14620 14620 D AndroidRuntime: >>>>>> START com.android.internal.os.RuntimeInit uid 2000 <<<<<<
08-04 14:15:07.063 14620 14620 D AndroidRuntime: CheckJNI is OFF
08-04 14:15:07.108 14620 14620 D ICU     : No timezone override file found: /data/misc/zoneinfo/current/icu/icu_tzdata.dat
08-04 14:15:07.110 12327 13730 I art     : Explicit concurrent mark sweep GC freed 32(1264B) AllocSpace objects, 0(0B) LOS objects, 32% free, 33MB/49MB, paused 614us total 70.466ms
08-04 14:15:07.133 12327 13730 I art     : Starting a blocking GC Explicit
08-04 14:15:07.153 14620 14620 I Radio-JNI: register_android_hardware_Radio DONE
08-04 14:15:07.184 14620 14620 D AndroidRuntime: Calling main entry com.android.commands.input.Input
08-04 14:15:07.185 14620 14620 I Input   : injectKeyEvent: KeyEvent { action=ACTION_DOWN, keyCode=KEYCODE_BACK, scanCode=0, metaState=0, flags=0x0, repeatCount=0, eventTime=713723598, downTime=713723598, deviceId=-1, source=0x101 }
08-04 14:15:07.192 14620 14620 I Input   : injectKeyEvent: KeyEvent { action=ACTION_UP, keyCode=KEYCODE_BACK, scanCode=0, metaState=0, flags=0x0, repeatCount=0, eventTime=713723598, downTime=713723598, deviceId=-1, source=0x101 }
08-04 14:15:07.198 14620 14620 D AndroidRuntime: Shutting down VM
08-04 14:15:07.201 12327 13730 I art     : Explicit concurrent mark sweep GC freed 17(608B) AllocSpace objects, 0(0B) LOS objects, 32% free, 33MB/49MB, paused 562us total 68.470ms
08-04 14:15:07.223 12327 13730 I art     : Starting a blocking GC Explicit
08-04 14:15:07.248 13866 13866 I GoogleInputMethodServic: GoogleInputMethodService.onFinishInput():3138 
08-04 14:15:07.249 13866 13866 I GoogleInputMethodServic: GoogleInputMethodService.onStartInput():1808 
08-04 14:15:07.285 12327 13730 I art     : Explicit concurrent mark sweep GC freed 177(6KB) AllocSpace objects, 0(0B) LOS objects, 32% free, 33MB/49MB, paused 600us total 61.198ms
08-04 14:15:07.295 12327 14565 I RedditChangeDataIO: Writing tmp data file at '/data/user/0/baseline.org.quantumbadger.redreader/files/rr_change_data_tmp.dat'
08-04 14:15:07.295 12327 14565 I RedditChangeDataManager: Taking snapshot...
08-04 14:15:07.296 12327 14565 I RedditChangeDataManager: Writing to stream...
08-04 14:15:07.296 12327 14565 I RedditChangeDataManager: Wrote 5 entries for user ''
08-04 14:15:07.296 12327 14565 I RedditChangeDataManager: All entries written to stream.
08-04 14:15:07.296 12327 14565 I RedditChangeDataIO: Write successful. Atomically replacing data file...
08-04 14:15:07.296 12327 14565 I RedditChangeDataIO: Write complete.
08-04 14:15:07.297 12327 14565 I RedditChangeDataIO: 134 bytes written in 2 ms
08-04 14:15:07.307 12327 13730 I art     : Starting a blocking GC Explicit
08-04 14:15:07.321 12223 12223 I ServiceManager: Waiting for service AtCmdFwd...
08-04 14:15:07.373 12327 13730 I art     : Explicit concurrent mark sweep GC freed 165(7KB) AllocSpace objects, 1(68KB) LOS objects, 32% free, 33MB/49MB, paused 599us total 66.234ms
08-04 14:15:07.547   380   380 W SurfaceFlinger: couldn't log to binary event log: overflow.
08-04 14:15:07.697 12327 13730 I art     : Starting a blocking GC Explicit
08-04 14:15:07.768 12327 13730 I art     : Explicit concurrent mark sweep GC freed 1433(86KB) AllocSpace objects, 1(20KB) LOS objects, 32% free, 33MB/49MB, paused 565us total 70.531ms
08-04 14:15:07.790 12327 13730 I art     : Starting a blocking GC Explicit
08-04 14:15:07.845 12327 13730 I art     : Explicit concurrent mark sweep GC freed 76508(4MB) AllocSpace objects, 5(140KB) LOS objects, 35% free, 29MB/45MB, paused 620us total 55.018ms
08-04 14:15:07.864 12327 13730 I art     : Starting a blocking GC Explicit
08-04 14:15:07.910 12327 13730 I art     : Explicit concurrent mark sweep GC freed 3(96B) AllocSpace objects, 0(0B) LOS objects, 35% free, 29MB/45MB, paused 528us total 45.876ms
08-04 14:15:07.928 12327 13730 I art     : Starting a blocking GC Explicit
08-04 14:15:07.975 12327 13730 I art     : Explicit concurrent mark sweep GC freed 3(96B) AllocSpace objects, 0(0B) LOS objects, 35% free, 29MB/45MB, paused 540us total 46.215ms
08-04 14:15:07.993 12327 13730 I art     : Starting a blocking GC Explicit
08-04 14:15:08.040 12327 13730 I art     : Explicit concurrent mark sweep GC freed 3(96B) AllocSpace objects, 0(0B) LOS objects, 35% free, 29MB/45MB, paused 542us total 46.692ms
08-04 14:15:08.321 12223 12223 I ServiceManager: Waiting for service AtCmdFwd...
08-04 14:15:08.374 12327 13016 I art     : Starting a blocking GC Explicit
08-04 14:15:08.430 12327 13016 I art     : Explicit concurrent mark sweep GC freed 1590(119KB) AllocSpace objects, 1(20KB) LOS objects, 35% free, 29MB/45MB, paused 474us total 55.212ms
08-04 14:15:08.448 12327 13016 I art     : Starting a blocking GC Explicit
08-04 14:15:08.493 12327 13016 I art     : Explicit concurrent mark sweep GC freed 85(2880B) AllocSpace objects, 0(0B) LOS objects, 35% free, 29MB/45MB, paused 502us total 43.983ms
08-04 14:15:08.511 12327 13016 I art     : Starting a blocking GC Explicit
08-04 14:15:08.556 12327 13016 I art     : Explicit concurrent mark sweep GC freed 3(96B) AllocSpace objects, 0(0B) LOS objects, 35% free, 29MB/45MB, paused 468us total 44.750ms
08-04 14:15:08.574 12327 13016 I art     : Starting a blocking GC Explicit
08-04 14:15:08.619 12327 13016 I art     : Explicit concurrent mark sweep GC freed 3(96B) AllocSpace objects, 0(0B) LOS objects, 35% free, 29MB/45MB, paused 508us total 44.402ms
08-04 14:15:08.637 12327 13016 I art     : Starting a blocking GC Explicit
08-04 14:15:08.682 12327 13016 I art     : Explicit concurrent mark sweep GC freed 3(96B) AllocSpace objects, 0(0B) LOS objects, 35% free, 29MB/45MB, paused 485us total 44.482ms
08-04 14:15:08.969 14663 14663 D AndroidRuntime: >>>>>> START com.android.internal.os.RuntimeInit uid 2000 <<<<<<
08-04 14:15:08.975 14663 14663 D AndroidRuntime: CheckJNI is OFF
08-04 14:15:09.019 14663 14663 D ICU     : No timezone override file found: /data/misc/zoneinfo/current/icu/icu_tzdata.dat
08-04 14:15:09.061 14663 14663 I Radio-JNI: register_android_hardware_Radio DONE
08-04 14:15:09.073 12327 12340 I art     : Starting a blocking GC Explicit
08-04 14:15:09.090 14663 14663 D AndroidRuntime: Calling main entry com.android.commands.input.Input
08-04 14:15:09.092 14663 14663 I Input   : injectMotionEvent: MotionEvent { action=ACTION_DOWN, actionButton=0, id[0]=0, x[0]=600.0, y[0]=580.0, toolType[0]=TOOL_TYPE_UNKNOWN, buttonState=0, metaState=0, flags=0x0, edgeFlags=0x0, pointerCount=1, historySize=0, eventTime=713725505, downTime=713725505, deviceId=0, source=0x1002 }
08-04 14:15:09.097 14663 14663 I Input   : injectMotionEvent: MotionEvent { action=ACTION_UP, actionButton=0, id[0]=0, x[0]=600.0, y[0]=580.0, toolType[0]=TOOL_TYPE_UNKNOWN, buttonState=0, metaState=0, flags=0x0, edgeFlags=0x0, pointerCount=1, historySize=0, eventTime=713725505, downTime=713725505, deviceId=0, source=0x1002 }
08-04 14:15:09.105 14663 14663 D AndroidRuntime: Shutting down VM
08-04 14:15:09.120   512  2967 D audio_hw_primary: out_set_parameters: enter: usecase(1: low-latency-playback) kvpairs: routing=2
08-04 14:15:09.121 12327 12340 I art     : Explicit concurrent mark sweep GC freed 1369(83KB) AllocSpace objects, 1(20KB) LOS objects, 35% free, 29MB/45MB, paused 546us total 47.598ms
08-04 14:15:09.122   918  4413 I ActivityManager: START u0 {cmp=baseline.org.quantumbadger.redreader/.activities.WebViewActivity (has extras)} from uid 10666 on display 0
08-04 14:15:09.133   512  2967 D audio_hw_primary: select_devices: out_snd_device(2: speaker) in_snd_device(0: none)
08-04 14:15:09.133   512  2967 D msm8974_platform: platform_send_audio_calibration: sending audio calibration for snd_device(2) acdb_id(15)
08-04 14:15:09.133   512  2967 I soundtrigger: audio_extn_sound_trigger_update_device_status: device 0x2 of type 0 for Event 1
08-04 14:15:09.143 12327 12340 I art     : Starting a blocking GC Explicit
08-04 14:15:09.148   512  2967 D audio_hw_primary: enable_snd_device: snd_device(2: speaker)
08-04 14:15:09.150   512  2967 D audio_hw_primary: enable_audio_route: apply and update mixer path: low-latency-playback speaker
08-04 14:15:09.151 12327 12327 I AppCompatViewInflater: app:theme is now deprecated. Please move to using android:theme instead.
08-04 14:15:09.173   918  3961 D ConnectivityService: listenForNetwork for Listen from uid/pid:10666/12327 for NetworkRequest [ id=2701, legacyType=-1, [ Capabilities: INTERNET&NOT_RESTRICTED&TRUSTED] ]
08-04 14:15:09.186 12327 12340 I art     : Explicit concurrent mark sweep GC freed 2778(128KB) AllocSpace objects, 0(0B) LOS objects, 35% free, 29MB/45MB, paused 1.096ms total 42.761ms
08-04 14:15:09.205 12327 12340 I art     : Starting a blocking GC Explicit
08-04 14:15:09.247 12327 12340 I art     : Explicit concurrent mark sweep GC freed 1582(99KB) AllocSpace objects, 0(0B) LOS objects, 35% free, 29MB/45MB, paused 493us total 41.678ms
08-04 14:15:09.264 12327 12340 I art     : Starting a blocking GC Explicit
08-04 14:15:09.292   918   936 I ActivityManager: Displayed baseline.org.quantumbadger.redreader/.activities.WebViewActivity: +160ms
08-04 14:15:09.293 13866 13866 I GoogleInputMethodServic: GoogleInputMethodService.onFinishInput():3138 
08-04 14:15:09.294 13866 13866 I GoogleInputMethodServic: GoogleInputMethodService.onStartInput():1808 
08-04 14:15:09.306 12327 12340 I art     : Explicit concurrent mark sweep GC freed 687(27KB) AllocSpace objects, 0(0B) LOS objects, 35% free, 29MB/45MB, paused 702us total 42.602ms
08-04 14:15:09.322 12223 12223 I ServiceManager: Waiting for service AtCmdFwd...
08-04 14:15:09.327 12327 12340 I art     : Starting a blocking GC Explicit
08-04 14:15:09.368 12327 12340 I art     : Explicit concurrent mark sweep GC freed 62(3KB) AllocSpace objects, 0(0B) LOS objects, 35% free, 29MB/45MB, paused 614us total 40.721ms
08-04 14:15:09.538   380   380 W SurfaceFlinger: couldn't log to binary event log: overflow.
08-04 14:15:09.688   512  2967 D audio_hw_primary: disable_audio_route: reset and update mixer path: low-latency-playback speaker
08-04 14:15:09.689   512  2967 D audio_hw_primary: disable_snd_device: snd_device(2: speaker)
08-04 14:15:09.699   512  2967 I soundtrigger: audio_extn_sound_trigger_update_device_status: device 0x2 of type 0 for Event 0
08-04 14:15:09.724 12327 13730 I art     : Starting a blocking GC Explicit
08-04 14:15:09.773   518   646 I ThermalEngine: ACTION: GPU - Setting GPU[0] to 510000000
08-04 14:15:09.793 12327 13730 I art     : Explicit concurrent mark sweep GC freed 2287(134KB) AllocSpace objects, 1(20KB) LOS objects, 35% free, 29MB/45MB, paused 625us total 68.568ms
08-04 14:15:09.821 12327 13730 I art     : Starting a blocking GC Explicit
08-04 14:15:09.856 12327 13730 I art     : Explicit concurrent mark sweep GC freed 20(704B) AllocSpace objects, 0(0B) LOS objects, 35% free, 29MB/45MB, paused 457us total 34.269ms
08-04 14:15:09.869 12327 13730 I art     : Starting a blocking GC Explicit
08-04 14:15:09.904 12327 13730 I art     : Explicit concurrent mark sweep GC freed 5(160B) AllocSpace objects, 0(0B) LOS objects, 35% free, 29MB/45MB, paused 460us total 34.681ms
08-04 14:15:09.919 12327 13730 I art     : Starting a blocking GC Explicit
08-04 14:15:09.959 12327 13730 I art     : Explicit concurrent mark sweep GC freed 11(336B) AllocSpace objects, 0(0B) LOS objects, 35% free, 29MB/45MB, paused 432us total 39.861ms
08-04 14:15:09.979 12327 13730 I art     : Starting a blocking GC Explicit
08-04 14:15:10.022 12327 13730 I art     : Explicit concurrent mark sweep GC freed 12(352B) AllocSpace objects, 0(0B) LOS objects, 35% free, 29MB/45MB, paused 473us total 42.677ms
08-04 14:15:10.323 12223 12223 W Atfwd_Sendcmd: AtCmdFwd service not published, waiting... retryCnt : 2
08-04 14:15:10.354 12327 13730 I art     : Starting a blocking GC Explicit
08-04 14:15:10.401 12327 13730 I art     : Explicit concurrent mark sweep GC freed 1401(84KB) AllocSpace objects, 1(20KB) LOS objects, 35% free, 29MB/45MB, paused 535us total 45.946ms
08-04 14:15:10.417 12327 13730 I art     : Starting a blocking GC Explicit
08-04 14:15:10.458 12327 13730 I art     : Explicit concurrent mark sweep GC freed 28(960B) AllocSpace objects, 0(0B) LOS objects, 35% free, 29MB/45MB, paused 382us total 41.008ms
08-04 14:15:10.474 12327 13730 I art     : Starting a blocking GC Explicit
08-04 14:15:10.513 12327 13730 I art     : Explicit concurrent mark sweep GC freed 9(288B) AllocSpace objects, 0(0B) LOS objects, 35% free, 29MB/45MB, paused 471us total 39.506ms
08-04 14:15:10.530 12327 13730 I art     : Starting a blocking GC Explicit
08-04 14:15:10.575 12327 13730 I art     : Explicit concurrent mark sweep GC freed 11(352B) AllocSpace objects, 0(0B) LOS objects, 35% free, 29MB/45MB, paused 510us total 44.017ms
08-04 14:15:10.591 12327 13730 I art     : Starting a blocking GC Explicit
08-04 14:15:10.629 12327 12327 I chromium: [INFO:CONSOLE(1)] "
08-04 14:15:10.629 12327 12327 I chromium:                   ,d"=,.,qOp,
08-04 14:15:10.629 12327 12327 I chromium:                  ,7'  ''$(  )
08-04 14:15:10.629 12327 12327 I chromium:                 ,7'      '?q$7'
08-04 14:15:10.629 12327 12327 I chromium:              ..,$$,.
08-04 14:15:10.629 12327 12327 I chromium:    ,.  .,,--***""***--,,.  .,
08-04 14:15:10.629 12327 12327 I chromium:     ,p''              ''q,   
08-04 14:15:10.629 12327 12327 I chromium: :  ,7'                      '7,  :
08-04 14:15:10.629 12327 12327 I chromium:  ' $      ,db,      ,db,      $ '
08-04 14:15:10.629 12327 12327 I chromium:   '$      $$      $$      $'    Using Reddit at work? Work for Reddit.
08-04 14:15:10.629 12327 12327 I chromium:   '$                          $'        https://www.reddit.com/jobs
08-04 14:15:10.629 12327 12327 I chromium:    '$.     .,        ,.     .$'
08-04 14:15:10.629 12327 12327 I chromium:     'b,     ''     ,d'
08-04 14:15:10.629 12327 12327 I chromium:      '?bn,,          ,,nd?'
08-04 14:15:10.629 12327 12327 I chromium:        ,7$ '''' $7,
08-04 14:15:10.629 12327 12327 I chromium:      , $              $ ,
08-04 14:15:10.629 12327 12327 I chromium:      $  :$              $:  $
08-04 14:15:10.629 12327 12327 I chromium:      $   $              $   $
08-04 14:15:10.629 12327 12327 I chromium:      'b  q:            :p  d'
08-04 14:15:10.629 12327 12327 I chromium:       '?$.          .$?'
08-04 14:15:10.629 12327 12327 I chromium:          'b            d'
08-04 14:15:10.629 12327 12327 I chromium:        ,'?,.      .,?',
08-04 14:15:10.629 12327 12327 I chromium:       ==--==--==--==
08-04 14:15:10.629 12327 12327 I chromium: ", source: https://www.redditstatic.com/desktop2x/Chat~Governance~Reddit.2ea93b134a9b2e5b1d9a.js (1)
08-04 14:15:10.641 12327 13730 I art     : Explicit concurrent mark sweep GC freed 14(2624B) AllocSpace objects, 0(0B) LOS objects, 35% free, 29MB/45MB, paused 516us total 49.753ms
08-04 14:15:10.777   518   646 I ThermalEngine: ACTION: GPU - Setting GPU[0] to 450000000
08-04 14:15:11.024 12327 13016 I art     : Starting a blocking GC Explicit
08-04 14:15:11.080 12327 13016 I art     : Explicit concurrent mark sweep GC freed 1446(85KB) AllocSpace objects, 1(20KB) LOS objects, 35% free, 29MB/45MB, paused 606us total 56.366ms
08-04 14:15:11.101 12327 13016 I art     : Starting a blocking GC Explicit
08-04 14:15:11.146 12327 13016 I art     : Explicit concurrent mark sweep GC freed 25(864B) AllocSpace objects, 0(0B) LOS objects, 35% free, 29MB/45MB, paused 536us total 44.557ms
08-04 14:15:11.164 12327 13016 I art     : Starting a blocking GC Explicit
08-04 14:15:11.211 12327 13016 I art     : Explicit concurrent mark sweep GC freed 3(96B) AllocSpace objects, 0(0B) LOS objects, 35% free, 29MB/45MB, paused 592us total 46.728ms
08-04 14:15:11.230 12327 13016 I art     : Starting a blocking GC Explicit
08-04 14:15:11.277 12327 13016 I art     : Explicit concurrent mark sweep GC freed 3(96B) AllocSpace objects, 0(0B) LOS objects, 35% free, 29MB/45MB, paused 640us total 47.606ms
08-04 14:15:11.278 12327 12339 I art     : WaitForGcToComplete blocked for 48.012ms for cause HeapTrim
08-04 14:15:11.296 12327 13016 I art     : Starting a blocking GC Explicit
08-04 14:15:11.341 12327 13016 I art     : Explicit concurrent mark sweep GC freed 3(96B) AllocSpace objects, 0(0B) LOS objects, 35% free, 29MB/45MB, paused 549us total 44.621ms
08-04 14:15:11.731 12327 13016 I art     : Starting a blocking GC Explicit
08-04 14:15:11.773 12327 13016 I art     : Explicit concurrent mark sweep GC freed 1566(94KB) AllocSpace objects, 1(20KB) LOS objects, 35% free, 29MB/45MB, paused 520us total 41.831ms
08-04 14:15:11.792 12327 13016 I art     : Starting a blocking GC Explicit
08-04 14:15:11.833 12327 13016 I art     : Explicit concurrent mark sweep GC freed 20(704B) AllocSpace objects, 0(0B) LOS objects, 35% free, 29MB/45MB, paused 644us total 40.332ms
08-04 14:15:11.851 12327 13016 I art     : Starting a blocking GC Explicit
08-04 14:15:11.891 12327 13016 I art     : Explicit concurrent mark sweep GC freed 3(96B) AllocSpace objects, 0(0B) LOS objects, 35% free, 29MB/45MB, paused 508us total 39.640ms
08-04 14:15:11.908 12327 13016 I art     : Starting a blocking GC Explicit
08-04 14:15:11.950 12327 13016 I art     : Explicit concurrent mark sweep GC freed 3(96B) AllocSpace objects, 0(0B) LOS objects, 35% free, 29MB/45MB, paused 497us total 42.281ms
08-04 14:15:11.968 12327 13016 I art     : Starting a blocking GC Explicit
08-04 14:15:12.013 12327 13016 I art     : Explicit concurrent mark sweep GC freed 3(96B) AllocSpace objects, 0(0B) LOS objects, 35% free, 29MB/45MB, paused 490us total 45.559ms
08-04 14:15:12.408 12327 13730 I art     : Starting a blocking GC Explicit
08-04 14:15:12.463 12327 13730 I art     : Explicit concurrent mark sweep GC freed 1368(85KB) AllocSpace objects, 1(20KB) LOS objects, 35% free, 29MB/45MB, paused 541us total 55.074ms
08-04 14:15:12.482 12327 13730 I art     : Starting a blocking GC Explicit
08-04 14:15:12.533 12327 13730 I art     : Explicit concurrent mark sweep GC freed 20(704B) AllocSpace objects, 0(0B) LOS objects, 35% free, 29MB/45MB, paused 499us total 50.695ms
08-04 14:15:12.551 12327 13730 I art     : Starting a blocking GC Explicit
08-04 14:15:12.596 12327 13730 I art     : Explicit concurrent mark sweep GC freed 49(2656B) AllocSpace objects, 0(0B) LOS objects, 35% free, 29MB/45MB, paused 521us total 44.518ms
08-04 14:15:12.614 12327 13730 I art     : Starting a blocking GC Explicit
08-04 14:15:12.658 12327 13730 I art     : Explicit concurrent mark sweep GC freed 3(96B) AllocSpace objects, 0(0B) LOS objects, 35% free, 29MB/45MB, paused 630us total 44.026ms
08-04 14:15:12.677 12327 13730 I art     : Starting a blocking GC Explicit
08-04 14:15:12.729 12327 13730 I art     : Explicit concurrent mark sweep GC freed 3(96B) AllocSpace objects, 0(0B) LOS objects, 35% free, 29MB/45MB, paused 623us total 51.513ms
08-04 14:15:13.134 12327 13730 I art     : Starting a blocking GC Explicit
08-04 14:15:13.186 12327 13730 I art     : Explicit concurrent mark sweep GC freed 1355(82KB) AllocSpace objects, 1(20KB) LOS objects, 35% free, 29MB/45MB, paused 561us total 51.376ms
08-04 14:15:13.205 12327 13730 I art     : Starting a blocking GC Explicit
08-04 14:15:13.259 12327 13730 I art     : Explicit concurrent mark sweep GC freed 20(704B) AllocSpace objects, 0(0B) LOS objects, 35% free, 29MB/45MB, paused 520us total 53.880ms
08-04 14:15:13.278 12327 13730 I art     : Starting a blocking GC Explicit
08-04 14:15:13.329 12327 13730 I art     : Explicit concurrent mark sweep GC freed 3(96B) AllocSpace objects, 0(0B) LOS objects, 35% free, 29MB/45MB, paused 703us total 50.617ms
08-04 14:15:13.350 12327 13730 I art     : Starting a blocking GC Explicit
08-04 14:15:13.396 12327 13730 I art     : Explicit concurrent mark sweep GC freed 3(96B) AllocSpace objects, 0(0B) LOS objects, 35% free, 29MB/45MB, paused 469us total 46.131ms
08-04 14:15:13.415 12327 13730 I art     : Starting a blocking GC Explicit
08-04 14:15:13.459 12327 13730 I art     : Explicit concurrent mark sweep GC freed 3(96B) AllocSpace objects, 0(0B) LOS objects, 35% free, 29MB/45MB, paused 960us total 43.738ms
08-04 14:15:13.844 12327 13730 I art     : Starting a blocking GC Explicit
08-04 14:15:13.892 12327 13730 I art     : Explicit concurrent mark sweep GC freed 1355(82KB) AllocSpace objects, 1(20KB) LOS objects, 35% free, 29MB/45MB, paused 517us total 46.821ms
08-04 14:15:13.892 14752 14752 D AndroidRuntime: >>>>>> START com.android.internal.os.RuntimeInit uid 2000 <<<<<<
08-04 14:15:13.898 14752 14752 D AndroidRuntime: CheckJNI is OFF
08-04 14:15:13.910 12327 13730 I art     : Starting a blocking GC Explicit
08-04 14:15:13.942 14752 14752 D ICU     : No timezone override file found: /data/misc/zoneinfo/current/icu/icu_tzdata.dat
08-04 14:15:13.957 12327 13730 I art     : Explicit concurrent mark sweep GC freed 20(704B) AllocSpace objects, 0(0B) LOS objects, 35% free, 29MB/45MB, paused 644us total 46.937ms
08-04 14:15:13.976 12327 13730 I art     : Starting a blocking GC Explicit
08-04 14:15:13.986 14752 14752 I Radio-JNI: register_android_hardware_Radio DONE
08-04 14:15:14.017 14752 14752 D AndroidRuntime: Calling main entry com.android.commands.input.Input
08-04 14:15:14.020 14752 14752 I Input   : injectKeyEvent: KeyEvent { action=ACTION_DOWN, keyCode=KEYCODE_BACK, scanCode=0, metaState=0, flags=0x0, repeatCount=0, eventTime=713730432, downTime=713730432, deviceId=-1, source=0x101 }
08-04 14:15:14.024 12327 13730 I art     : Explicit concurrent mark sweep GC freed 3(96B) AllocSpace objects, 0(0B) LOS objects, 35% free, 29MB/45MB, paused 540us total 47.707ms
08-04 14:15:14.026   918 13198 D NetlinkSocketObserver: NeighborEvent{elapsedMs=1697117901, 192.168.2.254, [7C3953A63323], RTM_NEWNEIGH, NUD_STALE}
08-04 14:15:14.029 14752 14752 I Input   : injectKeyEvent: KeyEvent { action=ACTION_UP, keyCode=KEYCODE_BACK, scanCode=0, metaState=0, flags=0x0, repeatCount=0, eventTime=713730432, downTime=713730432, deviceId=-1, source=0x101 }
08-04 14:15:14.034 14752 14752 D AndroidRuntime: Shutting down VM
08-04 14:15:14.048 12327 13730 I art     : Starting a blocking GC Explicit
08-04 14:15:14.078 13866 13866 I GoogleInputMethodServic: GoogleInputMethodService.onFinishInput():3138 
08-04 14:15:14.078 13866 13866 I GoogleInputMethodServic: GoogleInputMethodService.onStartInput():1808 
08-04 14:15:14.094 12327 13730 I art     : Explicit concurrent mark sweep GC freed 197(6KB) AllocSpace objects, 0(0B) LOS objects, 35% free, 29MB/45MB, paused 985us total 45.447ms
08-04 14:15:14.113 12327 13730 I art     : Starting a blocking GC Explicit
08-04 14:15:14.135 12327 14688 I RedditChangeDataIO: Writing tmp data file at '/data/user/0/baseline.org.quantumbadger.redreader/files/rr_change_data_tmp.dat'
08-04 14:15:14.136 12327 14688 I RedditChangeDataManager: Taking snapshot...
08-04 14:15:14.136 12327 14688 I RedditChangeDataManager: Writing to stream...
08-04 14:15:14.136 12327 14688 I RedditChangeDataManager: Wrote 5 entries for user ''
08-04 14:15:14.137 12327 14688 I RedditChangeDataManager: All entries written to stream.
08-04 14:15:14.137 12327 14688 I RedditChangeDataIO: Write successful. Atomically replacing data file...
08-04 14:15:14.137 12327 14688 I RedditChangeDataIO: Write complete.
08-04 14:15:14.137 12327 14688 I RedditChangeDataIO: 134 bytes written in 2 ms
08-04 14:15:14.156 12327 13730 I art     : Explicit concurrent mark sweep GC freed 151(7KB) AllocSpace objects, 1(68KB) LOS objects, 35% free, 29MB/45MB, paused 448us total 42.047ms
08-04 14:15:14.404   380   380 W SurfaceFlinger: couldn't log to binary event log: overflow.
08-04 14:15:14.429   918  3263 D ConnectivityService: releasing NetworkRequest NetworkRequest [ id=2701, legacyType=-1, [ Capabilities: INTERNET&NOT_RESTRICTED&TRUSTED] ]
08-04 14:15:14.515 12327 12352 I art     : Starting a blocking GC Explicit
08-04 14:15:14.558 12327 12352 I art     : Explicit concurrent mark sweep GC freed 2251(124KB) AllocSpace objects, 1(20KB) LOS objects, 35% free, 29MB/45MB, paused 449us total 42.604ms
08-04 14:15:14.576 12327 12352 I art     : Starting a blocking GC Explicit
08-04 14:15:14.619 12327 12352 I art     : Explicit concurrent mark sweep GC freed 2114(124KB) AllocSpace objects, 1(28KB) LOS objects, 35% free, 29MB/45MB, paused 486us total 43.033ms
08-04 14:15:14.638 12327 12352 I art     : Starting a blocking GC Explicit
08-04 14:15:14.684 12327 12352 I art     : Explicit concurrent mark sweep GC freed 3(96B) AllocSpace objects, 0(0B) LOS objects, 35% free, 29MB/45MB, paused 501us total 46.396ms
08-04 14:15:14.703 12327 12352 I art     : Starting a blocking GC Explicit
08-04 14:15:14.750 12327 12352 I art     : Explicit concurrent mark sweep GC freed 3(96B) AllocSpace objects, 0(0B) LOS objects, 35% free, 29MB/45MB, paused 505us total 47.298ms
08-04 14:15:14.769 12327 12352 I art     : Starting a blocking GC Explicit
08-04 14:15:14.816 12327 12352 I art     : Explicit concurrent mark sweep GC freed 3(96B) AllocSpace objects, 0(0B) LOS objects, 35% free, 29MB/45MB, paused 539us total 46.603ms
08-04 14:15:15.177 12327 12340 I art     : Starting a blocking GC Explicit
08-04 14:15:15.238 12327 12340 I art     : Explicit concurrent mark sweep GC freed 1355(82KB) AllocSpace objects, 1(20KB) LOS objects, 35% free, 29MB/45MB, paused 502us total 60.545ms
08-04 14:15:15.258 12327 12340 I art     : Starting a blocking GC Explicit
08-04 14:15:15.302 12327 12340 I art     : Explicit concurrent mark sweep GC freed 20(704B) AllocSpace objects, 0(0B) LOS objects, 35% free, 29MB/45MB, paused 484us total 43.283ms
08-04 14:15:15.320 12327 12340 I art     : Starting a blocking GC Explicit
08-04 14:15:15.365 12327 12340 I art     : Explicit concurrent mark sweep GC freed 3(96B) AllocSpace objects, 0(0B) LOS objects, 35% free, 29MB/45MB, paused 477us total 44.290ms
08-04 14:15:15.384 12327 12340 I art     : Starting a blocking GC Explicit
08-04 14:15:15.429 12327 12340 I art     : Explicit concurrent mark sweep GC freed 3(96B) AllocSpace objects, 0(0B) LOS objects, 35% free, 29MB/45MB, paused 501us total 44.955ms
08-04 14:15:15.447 12327 12340 I art     : Starting a blocking GC Explicit
08-04 14:15:15.492 12327 12340 I art     : Explicit concurrent mark sweep GC freed 3(96B) AllocSpace objects, 0(0B) LOS objects, 35% free, 29MB/45MB, paused 500us total 44.252ms
08-04 14:15:15.803 14795 14795 D AndroidRuntime: >>>>>> START com.android.internal.os.RuntimeInit uid 2000 <<<<<<
08-04 14:15:15.809 14795 14795 D AndroidRuntime: CheckJNI is OFF
08-04 14:15:15.851 14795 14795 D ICU     : No timezone override file found: /data/misc/zoneinfo/current/icu/icu_tzdata.dat
08-04 14:15:15.856 12327 13016 I art     : Starting a blocking GC Explicit
08-04 14:15:15.893 14795 14795 I Radio-JNI: register_android_hardware_Radio DONE
08-04 14:15:15.901 12327 13016 I art     : Explicit concurrent mark sweep GC freed 1354(82KB) AllocSpace objects, 1(20KB) LOS objects, 35% free, 29MB/45MB, paused 454us total 44.490ms
08-04 14:15:15.919 12327 13016 I art     : Starting a blocking GC Explicit
08-04 14:15:15.922 14795 14795 D AndroidRuntime: Calling main entry com.android.commands.input.Input
08-04 14:15:15.923 14795 14795 I Input   : injectKeyEvent: KeyEvent { action=ACTION_DOWN, keyCode=KEYCODE_BACK, scanCode=0, metaState=0, flags=0x0, repeatCount=0, eventTime=713732336, downTime=713732336, deviceId=-1, source=0x101 }
08-04 14:15:15.929 14795 14795 I Input   : injectKeyEvent: KeyEvent { action=ACTION_UP, keyCode=KEYCODE_BACK, scanCode=0, metaState=0, flags=0x0, repeatCount=0, eventTime=713732336, downTime=713732336, deviceId=-1, source=0x101 }
08-04 14:15:15.936 14795 14795 D AndroidRuntime: Shutting down VM
08-04 14:15:15.960 12327 13016 I art     : Explicit concurrent mark sweep GC freed 122(4KB) AllocSpace objects, 0(0B) LOS objects, 35% free, 29MB/45MB, paused 488us total 40.759ms
08-04 14:15:15.980 13866 13866 I GoogleInputMethodServic: GoogleInputMethodService.onFinishInput():3138 
08-04 14:15:15.981 12327 13016 I art     : Starting a blocking GC Explicit
08-04 14:15:15.981 13866 13866 I GoogleInputMethodServic: GoogleInputMethodService.onStartInput():1808 
08-04 14:15:16.021 12327 13016 I art     : Explicit concurrent mark sweep GC freed 59(2176B) AllocSpace objects, 0(0B) LOS objects, 35% free, 29MB/45MB, paused 484us total 40.008ms
08-04 14:15:16.039 12327 13016 I art     : Starting a blocking GC Explicit
08-04 14:15:16.079 12327 13016 I art     : Explicit concurrent mark sweep GC freed 29(976B) AllocSpace objects, 0(0B) LOS objects, 35% free, 29MB/45MB, paused 475us total 39.931ms
08-04 14:15:16.097 12327 13016 I art     : Starting a blocking GC Explicit
08-04 14:15:16.140 12327 13016 I art     : Explicit concurrent mark sweep GC freed 3(96B) AllocSpace objects, 0(0B) LOS objects, 35% free, 29MB/45MB, paused 460us total 43.447ms
08-04 14:15:16.452 12327 12340 I art     : Starting a blocking GC Explicit
08-04 14:15:16.495 12327 12340 I art     : Explicit concurrent mark sweep GC freed 1412(84KB) AllocSpace objects, 1(20KB) LOS objects, 35% free, 29MB/45MB, paused 500us total 42.842ms
08-04 14:15:16.512 12327 12340 I art     : Starting a blocking GC Explicit
08-04 14:15:16.554 12327 12340 I art     : Explicit concurrent mark sweep GC freed 150(7KB) AllocSpace objects, 0(0B) LOS objects, 35% free, 29MB/45MB, paused 495us total 41.159ms
08-04 14:15:16.571 12327 12340 I art     : Starting a blocking GC Explicit
08-04 14:15:16.613 12327 12340 I art     : Explicit concurrent mark sweep GC freed 3(96B) AllocSpace objects, 0(0B) LOS objects, 35% free, 29MB/45MB, paused 484us total 42.026ms
08-04 14:15:16.631 12327 12340 I art     : Starting a blocking GC Explicit
08-04 14:15:16.673 12327 12340 I art     : Explicit concurrent mark sweep GC freed 3(96B) AllocSpace objects, 0(0B) LOS objects, 35% free, 29MB/45MB, paused 538us total 41.942ms
08-04 14:15:16.690 12327 12340 I art     : Starting a blocking GC Explicit
08-04 14:15:16.733 12327 12340 I art     : Explicit concurrent mark sweep GC freed 3(96B) AllocSpace objects, 0(0B) LOS objects, 35% free, 29MB/45MB, paused 498us total 42.682ms
08-04 14:15:17.051 12327 12341 I art     : Starting a blocking GC Explicit
08-04 14:15:17.107 12327 12341 I art     : Explicit concurrent mark sweep GC freed 1354(82KB) AllocSpace objects, 1(20KB) LOS objects, 35% free, 29MB/45MB, paused 545us total 55.949ms
08-04 14:15:17.126 12327 12341 I art     : Starting a blocking GC Explicit
08-04 14:15:17.174 12327 12341 I art     : Explicit concurrent mark sweep GC freed 20(704B) AllocSpace objects, 0(0B) LOS objects, 35% free, 29MB/45MB, paused 565us total 47.255ms
08-04 14:15:17.193 12327 12341 I art     : Starting a blocking GC Explicit
08-04 14:15:17.237 12327 12341 I art     : Explicit concurrent mark sweep GC freed 3(96B) AllocSpace objects, 0(0B) LOS objects, 35% free, 29MB/45MB, paused 578us total 44.458ms
08-04 14:15:17.255 12327 12341 I art     : Starting a blocking GC Explicit
08-04 14:15:17.301 12327 12341 I art     : Explicit concurrent mark sweep GC freed 3(96B) AllocSpace objects, 0(0B) LOS objects, 35% free, 29MB/45MB, paused 500us total 45.293ms
08-04 14:15:17.319 12327 12341 I art     : Starting a blocking GC Explicit
08-04 14:15:17.365 12327 12341 I art     : Explicit concurrent mark sweep GC freed 3(96B) AllocSpace objects, 0(0B) LOS objects, 35% free, 29MB/45MB, paused 532us total 45.815ms
08-04 14:15:17.692 12327 13730 I art     : Starting a blocking GC Explicit
08-04 14:15:17.738 14838 14838 D AndroidRuntime: >>>>>> START com.android.internal.os.RuntimeInit uid 2000 <<<<<<
08-04 14:15:17.745 14838 14838 D AndroidRuntime: CheckJNI is OFF
08-04 14:15:17.752 12327 13730 I art     : Explicit concurrent mark sweep GC freed 1354(82KB) AllocSpace objects, 1(20KB) LOS objects, 35% free, 29MB/45MB, paused 623us total 59.694ms
08-04 14:15:17.774 12327 13730 I art     : Starting a blocking GC Explicit
08-04 14:15:17.794 14838 14838 D ICU     : No timezone override file found: /data/misc/zoneinfo/current/icu/icu_tzdata.dat
08-04 14:15:17.822 12327 13730 I art     : Explicit concurrent mark sweep GC freed 20(704B) AllocSpace objects, 0(0B) LOS objects, 35% free, 29MB/45MB, paused 546us total 47.356ms
08-04 14:15:17.837 14838 14838 I Radio-JNI: register_android_hardware_Radio DONE
08-04 14:15:17.840 12327 13730 I art     : Starting a blocking GC Explicit
08-04 14:15:17.867 14838 14838 D AndroidRuntime: Calling main entry com.android.commands.input.Input
08-04 14:15:17.869 14838 14838 I Input   : injectMotionEvent: MotionEvent { action=ACTION_DOWN, actionButton=0, id[0]=0, x[0]=600.0, y[0]=1000.0, toolType[0]=TOOL_TYPE_UNKNOWN, buttonState=0, metaState=0, flags=0x0, edgeFlags=0x0, pointerCount=1, historySize=0, eventTime=713734281, downTime=713734281, deviceId=0, source=0x1002 }
08-04 14:15:17.877 14838 14838 I Input   : injectMotionEvent: MotionEvent { action=ACTION_UP, actionButton=0, id[0]=0, x[0]=600.0, y[0]=1000.0, toolType[0]=TOOL_TYPE_UNKNOWN, buttonState=0, metaState=0, flags=0x0, edgeFlags=0x0, pointerCount=1, historySize=0, eventTime=713734281, downTime=713734281, deviceId=0, source=0x1002 }
08-04 14:15:17.880 14838 14838 D AndroidRuntime: Shutting down VM
08-04 14:15:17.881 12327 13730 I art     : Explicit concurrent mark sweep GC freed 6(192B) AllocSpace objects, 0(0B) LOS objects, 35% free, 29MB/45MB, paused 541us total 41.033ms
08-04 14:15:17.897   918  6110 I ActivityManager: START u0 {dat=https://oauth.reddit.com/... cmp=baseline.org.quantumbadger.redreader/.activities.PostListingActivity} from uid 10666 on display 0
08-04 14:15:17.897   512  2967 D audio_hw_primary: out_set_parameters: enter: usecase(1: low-latency-playback) kvpairs: routing=2
08-04 14:15:17.909 12327 13730 I art     : Starting a blocking GC Explicit
08-04 14:15:17.910   512  2967 D audio_hw_primary: select_devices: out_snd_device(2: speaker) in_snd_device(0: none)
08-04 14:15:17.910   512  2967 D msm8974_platform: platform_send_audio_calibration: sending audio calibration for snd_device(2) acdb_id(15)
08-04 14:15:17.911   512  2967 I soundtrigger: audio_extn_sound_trigger_update_device_status: device 0x2 of type 0 for Event 1
08-04 14:15:17.923   512  2967 D audio_hw_primary: enable_snd_device: snd_device(2: speaker)
08-04 14:15:17.924 12327 12327 I AppCompatViewInflater: app:theme is now deprecated. Please move to using android:theme instead.
08-04 14:15:17.928   512  2967 D audio_hw_primary: enable_audio_route: apply and update mixer path: low-latency-playback speaker
08-04 14:15:17.957 12327 14863 D OK      : calling: https://oauth.reddit.com/r/announcements/about.json
08-04 14:15:17.973 12327 13730 I art     : Explicit concurrent mark sweep GC freed 892(67KB) AllocSpace objects, 0(0B) LOS objects, 35% free, 29MB/45MB, paused 949us total 64.098ms
08-04 14:15:17.996 12327 13730 I art     : Starting a blocking GC Explicit
08-04 14:15:18.026   918   936 I ActivityManager: Displayed baseline.org.quantumbadger.redreader/.activities.PostListingActivity: +118ms
08-04 14:15:18.028 13866 13866 I GoogleInputMethodServic: GoogleInputMethodService.onFinishInput():3138 
08-04 14:15:18.028 13866 13866 I GoogleInputMethodServic: GoogleInputMethodService.onStartInput():1808 
08-04 14:15:18.056 12327 13730 I art     : Explicit concurrent mark sweep GC freed 993(51KB) AllocSpace objects, 0(0B) LOS objects, 35% free, 29MB/45MB, paused 1.022ms total 59.065ms
08-04 14:15:18.275   380   380 W SurfaceFlinger: couldn't log to binary event log: overflow.
08-04 14:15:18.307 12327 14863 I NAPPA_EXPERIMENTATION: MetricNetworkRequestExecutionTime: REQUEST_DURATION_SYSTEM='349',REQUEST_DURATION_OKHTTP='140',REQUEST_SYNCHRONOUS='TRUE',RESPONSE_CODE='200',RESPONSE_METHOD='GET',RESPONSE_LENGTH_OKHTTP='-1',RESPONSE_LENGTH_HEADER='1564',REQUEST_PROTOCOL='h2',REQUEST_URL='https://oauth.reddit.com/r/announcements/about.json',
08-04 14:15:18.307 12327 14863 D OK      : request got status: 200
08-04 14:15:18.382 12327 12340 I art     : Starting a blocking GC Explicit
08-04 14:15:18.429 12327 12340 I art     : Explicit concurrent mark sweep GC freed 4989(324KB) AllocSpace objects, 3(156KB) LOS objects, 35% free, 29MB/45MB, paused 580us total 46.842ms
08-04 14:15:18.449 12327 12340 I art     : Starting a blocking GC Explicit
08-04 14:15:18.469   512  2967 D audio_hw_primary: disable_audio_route: reset and update mixer path: low-latency-playback speaker
08-04 14:15:18.470   512  2967 D audio_hw_primary: disable_snd_device: snd_device(2: speaker)
08-04 14:15:18.479   512  2967 I soundtrigger: audio_extn_sound_trigger_update_device_status: device 0x2 of type 0 for Event 0
08-04 14:15:18.492 12327 12340 I art     : Explicit concurrent mark sweep GC freed 263(13KB) AllocSpace objects, 0(0B) LOS objects, 35% free, 29MB/45MB, paused 578us total 42.878ms
08-04 14:15:18.510 12327 12340 I art     : Starting a blocking GC Explicit
08-04 14:15:18.556 12327 12340 I art     : Explicit concurrent mark sweep GC freed 3(96B) AllocSpace objects, 0(0B) LOS objects, 35% free, 29MB/45MB, paused 567us total 45.955ms
08-04 14:15:18.576 12327 12340 I art     : Starting a blocking GC Explicit
08-04 14:15:18.622 12327 12340 I art     : Explicit concurrent mark sweep GC freed 9(304B) AllocSpace objects, 0(0B) LOS objects, 35% free, 29MB/45MB, paused 565us total 46.593ms
08-04 14:15:18.641 12327 12340 I art     : Starting a blocking GC Explicit
08-04 14:15:18.689 12327 12340 I art     : Explicit concurrent mark sweep GC freed 32(1360B) AllocSpace objects, 0(0B) LOS objects, 35% free, 29MB/45MB, paused 583us total 48.216ms
08-04 14:15:19.025 12327 13016 I art     : Starting a blocking GC Explicit
08-04 14:15:19.073 12327 13016 I art     : Explicit concurrent mark sweep GC freed 1378(83KB) AllocSpace objects, 1(20KB) LOS objects, 35% free, 29MB/45MB, paused 593us total 48.003ms
08-04 14:15:19.092 12327 13016 I art     : Starting a blocking GC Explicit
08-04 14:15:19.139 12327 13016 I art     : Explicit concurrent mark sweep GC freed 20(704B) AllocSpace objects, 0(0B) LOS objects, 35% free, 29MB/45MB, paused 586us total 46.636ms
08-04 14:15:19.158 12327 13016 I art     : Starting a blocking GC Explicit
08-04 14:15:19.158 12327 14887 D OK      : calling: https://oauth.reddit.com/r/announcements/hot/.json
08-04 14:15:19.205 12327 13016 I art     : Explicit concurrent mark sweep GC freed 94(3KB) AllocSpace objects, 0(0B) LOS objects, 35% free, 29MB/45MB, paused 648us total 45.968ms
08-04 14:15:19.223 12327 13016 I art     : Starting a blocking GC Explicit
08-04 14:15:19.270 12327 13016 I art     : Explicit concurrent mark sweep GC freed 10(368B) AllocSpace objects, 0(0B) LOS objects, 35% free, 29MB/45MB, paused 642us total 47.110ms
08-04 14:15:19.289 12327 13016 I art     : Starting a blocking GC Explicit
08-04 14:15:19.335 12327 13016 I art     : Explicit concurrent mark sweep GC freed 3(96B) AllocSpace objects, 0(0B) LOS objects, 35% free, 29MB/45MB, paused 639us total 45.938ms
08-04 14:15:19.409 12327 14887 I NAPPA_EXPERIMENTATION: MetricNetworkRequestExecutionTime: REQUEST_DURATION_SYSTEM='251',REQUEST_DURATION_OKHTTP='245',REQUEST_SYNCHRONOUS='TRUE',RESPONSE_CODE='200',RESPONSE_METHOD='GET',RESPONSE_LENGTH_OKHTTP='-1',RESPONSE_LENGTH_HEADER='142016',REQUEST_PROTOCOL='h2',REQUEST_URL='https://oauth.reddit.com/r/announcements/hot/.json',
08-04 14:15:19.409 12327 14887 D OK      : request got status: 200
08-04 14:15:19.416 12327 12901 I PostListingFragment: Precaching images: OFF
08-04 14:15:19.416 12327 12901 I PostListingFragment: Precaching comments: OFF
08-04 14:15:19.650 12327 12352 I art     : Starting a blocking GC Explicit
08-04 14:15:19.714 12327 12352 I art     : Explicit concurrent mark sweep GC freed 12206(818KB) AllocSpace objects, 21(1016KB) LOS objects, 32% free, 33MB/49MB, paused 1.066ms total 63.904ms
08-04 14:15:19.734 12327 12352 I art     : Starting a blocking GC Explicit
08-04 14:15:19.797 12327 12352 I art     : Explicit concurrent mark sweep GC freed 6042(339KB) AllocSpace objects, 6(524KB) LOS objects, 31% free, 34MB/50MB, paused 854us total 62.437ms
08-04 14:15:19.816 12327 12352 I art     : Starting a blocking GC Explicit
08-04 14:15:19.877 12327 12352 I art     : Explicit concurrent mark sweep GC freed 4998(298KB) AllocSpace objects, 10(444KB) LOS objects, 31% free, 34MB/50MB, paused 820us total 60.818ms
08-04 14:15:19.897 12327 12352 I art     : Starting a blocking GC Explicit
08-04 14:15:19.951 12327 12352 I art     : Explicit concurrent mark sweep GC freed 59833(2MB) AllocSpace objects, 8(152KB) LOS objects, 33% free, 31MB/47MB, paused 890us total 52.933ms
08-04 14:15:19.969 12327 12352 I art     : Starting a blocking GC Explicit
08-04 14:15:20.003 12327 12327 W RecyclerView: Cannot call this method in a scroll callback. Scroll callbacks mightbe run during a measure & layout pass where you cannot change theRecyclerView data. Any method call that might change the structureof the RecyclerView or the adapter contents should be postponed tothe next frame.
08-04 14:15:20.003 12327 12327 W RecyclerView: java.lang.IllegalStateException:  androidx.recyclerview.widget.RecyclerView{c2a2aea VFED..... .F....ID 0,0-1440,2140 #7f0900ef app:id/scrollbar_recyclerview_recyclerview}, adapter:baseline.org.quantumbadger.redreader.adapters.GroupedRecyclerViewAdapter@203c1db, layout:androidx.recyclerview.widget.LinearLayoutManager@b0c7478, context:baseline.org.quantumbadger.redreader.activities.PostListingActivity@308ab7b
08-04 14:15:20.003 12327 12327 W RecyclerView: 	at androidx.recyclerview.widget.RecyclerView.assertNotInLayoutOrScroll(RecyclerView.java:3061)
08-04 14:15:20.003 12327 12327 W RecyclerView: 	at androidx.recyclerview.widget.RecyclerView$RecyclerViewDataObserver.onItemRangeInserted(RecyclerView.java:5555)
08-04 14:15:20.003 12327 12327 W RecyclerView: 	at androidx.recyclerview.widget.RecyclerView$AdapterDataObservable.notifyItemRangeInserted(RecyclerView.java:12278)
08-04 14:15:20.003 12327 12327 W RecyclerView: 	at androidx.recyclerview.widget.RecyclerView$Adapter.notifyItemInserted(RecyclerView.java:7464)
08-04 14:15:20.003 12327 12327 W RecyclerView: 	at baseline.org.quantumbadger.redreader.adapters.GroupedRecyclerViewAdapter.updateHiddenStatus(GroupedRecyclerViewAdapter.java:279)
08-04 14:15:20.003 12327 12327 W RecyclerView: 	at baseline.org.quantumbadger.redreader.adapters.RedditListingManager.setLoadingVisible(RedditListingManager.java:125)
08-04 14:15:20.003 12327 12327 W RecyclerView: 	at baseline.org.quantumbadger.redreader.fragments.PostListingFragment.onLoadMoreItemsCheck(PostListingFragment.java:465)
08-04 14:15:20.003 12327 12327 W RecyclerView: 	at baseline.org.quantumbadger.redreader.fragments.PostListingFragment.access$000(PostListingFragment.java:98)
08-04 14:15:20.003 12327 12327 W RecyclerView: 	at baseline.org.quantumbadger.redreader.fragments.PostListingFragment$2.onScrolled(PostListingFragment.java:215)
08-04 14:15:20.003 12327 12327 W RecyclerView: 	at androidx.recyclerview.widget.RecyclerView.dispatchOnScrolled(RecyclerView.java:5173)
08-04 14:15:20.003 12327 12327 W RecyclerView: 	at androidx.recyclerview.widget.RecyclerView.dispatchLayoutStep3(RecyclerView.java:4231)
08-04 14:15:20.003 12327 12327 W RecyclerView: 	at androidx.recyclerview.widget.RecyclerView.dispatchLayout(RecyclerView.java:3862)
08-04 14:15:20.003 12327 12327 W RecyclerView: 	at androidx.recyclerview.widget.RecyclerView.consumePendingUpdateOperations(RecyclerView.java:1897)
08-04 14:15:20.003 12327 12327 W RecyclerView: 	at androidx.recyclerview.widget.RecyclerView$1.run(RecyclerView.java:414)
08-04 14:15:20.003 12327 12327 W RecyclerView: 	at android.view.Choreographer$CallbackRecord.run(Choreographer.java:858)
08-04 14:15:20.003 12327 12327 W RecyclerView: 	at android.view.Choreographer.doCallbacks(Choreographer.java:670)
08-04 14:15:20.003 12327 12327 W RecyclerView: 	at android.view.Choreographer.doFrame(Choreographer.java:603)
08-04 14:15:20.003 12327 12327 W RecyclerView: 	at android.view.Choreographer$FrameDisplayEventReceiver.run(Choreographer.java:844)
08-04 14:15:20.003 12327 12327 W RecyclerView: 	at android.os.Handler.handleCallback(Handler.java:739)
08-04 14:15:20.003 12327 12327 W RecyclerView: 	at android.os.Handler.dispatchMessage(Handler.java:95)
08-04 14:15:20.003 12327 12327 W RecyclerView: 	at android.os.Looper.loop(Looper.java:148)
08-04 14:15:20.003 12327 12327 W RecyclerView: 	at android.app.ActivityThread.main(ActivityThread.java:5417)
08-04 14:15:20.003 12327 12327 W RecyclerView: 	at java.lang.reflect.Method.invoke(Native Method)
08-04 14:15:20.003 12327 12327 W RecyclerView: 	at com.android.internal.os.ZygoteInit$MethodAndArgsCaller.run(ZygoteInit.java:726)
08-04 14:15:20.003 12327 12327 W RecyclerView: 	at com.android.internal.os.ZygoteInit.main(ZygoteInit.java:616)
08-04 14:15:20.021 12327 12352 I art     : Explicit concurrent mark sweep GC freed 1300(128KB) AllocSpace objects, 0(0B) LOS objects, 33% free, 31MB/47MB, paused 651us total 51.414ms
08-04 14:15:20.323 12223 12223 I ServiceManager: Waiting for service AtCmdFwd...
08-04 14:15:20.359 12327 14911 D OK      : calling: https://oauth.reddit.com/r/announcements/hot/.json?after=t3_9jf8nh
08-04 14:15:20.384 12327 12340 I art     : Starting a blocking GC Explicit
08-04 14:15:20.438 12327 12340 I art     : Explicit concurrent mark sweep GC freed 1994(107KB) AllocSpace objects, 1(20KB) LOS objects, 33% free, 31MB/47MB, paused 638us total 53.115ms
08-04 14:15:20.458 12327 12340 I art     : Starting a blocking GC Explicit
08-04 14:15:20.514 12327 12340 I art     : Explicit concurrent mark sweep GC freed 28(1056B) AllocSpace objects, 0(0B) LOS objects, 33% free, 31MB/47MB, paused 693us total 56.300ms
08-04 14:15:20.534 12327 12340 I art     : Starting a blocking GC Explicit
08-04 14:15:20.547 12327 14911 I NAPPA_EXPERIMENTATION: MetricNetworkRequestExecutionTime: REQUEST_DURATION_SYSTEM='188',REQUEST_DURATION_OKHTTP='179',REQUEST_SYNCHRONOUS='TRUE',RESPONSE_CODE='200',RESPONSE_METHOD='GET',RESPONSE_LENGTH_OKHTTP='-1',RESPONSE_LENGTH_HEADER='65685',REQUEST_PROTOCOL='h2',REQUEST_URL='https://oauth.reddit.com/r/announcements/hot/.json?after=t3_9jf8nh',
08-04 14:15:20.548 12327 14911 D OK      : request got status: 200
08-04 14:15:20.566 12327 12901 I PostListingFragment: Precaching images: OFF
08-04 14:15:20.567 12327 12901 I PostListingFragment: Precaching comments: OFF
08-04 14:15:20.587 12327 12340 I art     : Explicit concurrent mark sweep GC freed 597(119KB) AllocSpace objects, 0(0B) LOS objects, 33% free, 31MB/47MB, paused 777us total 53.192ms
08-04 14:15:20.607 12327 12340 I art     : Starting a blocking GC Explicit
08-04 14:15:20.661 12327 12340 I art     : Explicit concurrent mark sweep GC freed 4024(259KB) AllocSpace objects, 5(480KB) LOS objects, 32% free, 32MB/48MB, paused 934us total 54.339ms
08-04 14:15:20.680 12327 12340 I art     : Starting a blocking GC Explicit
08-04 14:15:20.736 12327 12340 I art     : Explicit concurrent mark sweep GC freed 4301(218KB) AllocSpace objects, 4(132KB) LOS objects, 32% free, 33MB/49MB, paused 806us total 55.366ms
08-04 14:15:21.074 12327 13016 I art     : Starting a blocking GC Explicit
08-04 14:15:21.153 12327 13016 I art     : Explicit concurrent mark sweep GC freed 28149(1338KB) AllocSpace objects, 10(288KB) LOS objects, 33% free, 32MB/48MB, paused 792us total 78.820ms
08-04 14:15:21.175 12327 13016 I art     : Starting a blocking GC Explicit
08-04 14:15:21.230 12327 13016 I art     : Explicit concurrent mark sweep GC freed 1165(48KB) AllocSpace objects, 0(0B) LOS objects, 33% free, 32MB/48MB, paused 648us total 54.716ms
08-04 14:15:21.249 12327 13016 I art     : Starting a blocking GC Explicit
08-04 14:15:21.306 12327 13016 I art     : Explicit concurrent mark sweep GC freed 3(96B) AllocSpace objects, 0(0B) LOS objects, 33% free, 32MB/48MB, paused 698us total 56.273ms
08-04 14:15:21.324 12223 12223 I ServiceManager: Waiting for service AtCmdFwd...
08-04 14:15:21.329 12327 13016 I art     : Starting a blocking GC Explicit
08-04 14:15:21.387 12327 13016 I art     : Explicit concurrent mark sweep GC freed 3(96B) AllocSpace objects, 0(0B) LOS objects, 33% free, 32MB/48MB, paused 664us total 57.430ms
08-04 14:15:21.410 12327 13016 I art     : Starting a blocking GC Explicit
08-04 14:15:21.469 12327 13016 I art     : Explicit concurrent mark sweep GC freed 3(96B) AllocSpace objects, 0(0B) LOS objects, 33% free, 32MB/48MB, paused 717us total 59.213ms
08-04 14:15:21.767   918  3188 I hubconnection: sensorhub said: 'set_bias 3: -6.2400, 0.0000, 0.0000'
08-04 14:15:21.859 12327 13730 I art     : Starting a blocking GC Explicit
08-04 14:15:21.932 12327 13730 I art     : Explicit concurrent mark sweep GC freed 1379(84KB) AllocSpace objects, 1(20KB) LOS objects, 33% free, 32MB/48MB, paused 657us total 72.244ms
08-04 14:15:21.954 12327 13730 I art     : Starting a blocking GC Explicit
08-04 14:15:22.014 12327 13730 I art     : Explicit concurrent mark sweep GC freed 20(704B) AllocSpace objects, 0(0B) LOS objects, 33% free, 32MB/48MB, paused 599us total 59.210ms
08-04 14:15:22.035 12327 13730 I art     : Starting a blocking GC Explicit
08-04 14:15:22.093 12327 13730 I art     : Explicit concurrent mark sweep GC freed 3(96B) AllocSpace objects, 0(0B) LOS objects, 33% free, 32MB/48MB, paused 579us total 58.001ms
08-04 14:15:22.112 12327 13730 I art     : Starting a blocking GC Explicit
08-04 14:15:22.169 12327 13730 I art     : Explicit concurrent mark sweep GC freed 3(96B) AllocSpace objects, 0(0B) LOS objects, 33% free, 32MB/48MB, paused 621us total 55.998ms
08-04 14:15:22.192 12327 13730 I art     : Starting a blocking GC Explicit
08-04 14:15:22.249 12327 13730 I art     : Explicit concurrent mark sweep GC freed 3(96B) AllocSpace objects, 0(0B) LOS objects, 33% free, 32MB/48MB, paused 619us total 57.417ms
08-04 14:15:22.325 12223 12223 I ServiceManager: Waiting for service AtCmdFwd...
08-04 14:15:22.645 12327 12352 I art     : Starting a blocking GC Explicit
08-04 14:15:22.699 12327 12352 I art     : Explicit concurrent mark sweep GC freed 1357(83KB) AllocSpace objects, 1(20KB) LOS objects, 33% free, 32MB/48MB, paused 472us total 53.538ms
08-04 14:15:22.718 12327 12352 I art     : Starting a blocking GC Explicit
08-04 14:15:22.773 12327 12352 I art     : Explicit concurrent mark sweep GC freed 20(704B) AllocSpace objects, 0(0B) LOS objects, 33% free, 32MB/48MB, paused 585us total 55.382ms
08-04 14:15:22.796 12327 12352 I art     : Starting a blocking GC Explicit
08-04 14:15:22.852 12327 12352 I art     : Explicit concurrent mark sweep GC freed 3(96B) AllocSpace objects, 0(0B) LOS objects, 33% free, 32MB/48MB, paused 563us total 55.227ms
08-04 14:15:22.872 12327 12352 I art     : Starting a blocking GC Explicit
08-04 14:15:22.925 12327 12352 I art     : Explicit concurrent mark sweep GC freed 3(96B) AllocSpace objects, 0(0B) LOS objects, 33% free, 32MB/48MB, paused 502us total 52.893ms
08-04 14:15:22.945 12327 12352 I art     : Starting a blocking GC Explicit
08-04 14:15:23.002 12327 12352 I art     : Explicit concurrent mark sweep GC freed 3(96B) AllocSpace objects, 0(0B) LOS objects, 33% free, 32MB/48MB, paused 533us total 57.434ms
08-04 14:15:23.325 12223 12223 I ServiceManager: Waiting for service AtCmdFwd...
08-04 14:15:23.338 12327 12341 I art     : Starting a blocking GC Explicit
08-04 14:15:23.402 12327 12341 I art     : Explicit concurrent mark sweep GC freed 1354(82KB) AllocSpace objects, 1(20KB) LOS objects, 33% free, 32MB/48MB, paused 597us total 62.508ms
08-04 14:15:23.425 12327 12341 I art     : Starting a blocking GC Explicit
08-04 14:15:23.478 12327 12341 I art     : Explicit concurrent mark sweep GC freed 20(704B) AllocSpace objects, 0(0B) LOS objects, 33% free, 32MB/48MB, paused 609us total 52.591ms
08-04 14:15:23.497 12327 12341 I art     : Starting a blocking GC Explicit
08-04 14:15:23.548 12327 12341 I art     : Explicit concurrent mark sweep GC freed 3(96B) AllocSpace objects, 0(0B) LOS objects, 33% free, 32MB/48MB, paused 542us total 50.793ms
08-04 14:15:23.567 12327 12341 I art     : Starting a blocking GC Explicit
08-04 14:15:23.619 12327 12341 I art     : Explicit concurrent mark sweep GC freed 3(96B) AllocSpace objects, 0(0B) LOS objects, 33% free, 32MB/48MB, paused 572us total 51.923ms
08-04 14:15:23.638 12327 12341 I art     : Starting a blocking GC Explicit
08-04 14:15:23.690 12327 12341 I art     : Explicit concurrent mark sweep GC freed 3(96B) AllocSpace objects, 0(0B) LOS objects, 33% free, 32MB/48MB, paused 568us total 51.495ms
08-04 14:15:23.712 14944 14944 D AndroidRuntime: >>>>>> START com.android.internal.os.RuntimeInit uid 2000 <<<<<<
08-04 14:15:23.718 14944 14944 D AndroidRuntime: CheckJNI is OFF
08-04 14:15:23.763 14944 14944 D ICU     : No timezone override file found: /data/misc/zoneinfo/current/icu/icu_tzdata.dat
08-04 14:15:23.808 14944 14944 I Radio-JNI: register_android_hardware_Radio DONE
08-04 14:15:23.837 14944 14944 D AndroidRuntime: Calling main entry com.android.commands.input.Input
08-04 14:15:23.840 14944 14944 I Input   : injectMotionEvent: MotionEvent { action=ACTION_DOWN, actionButton=0, id[0]=0, x[0]=600.0, y[0]=580.0, toolType[0]=TOOL_TYPE_UNKNOWN, buttonState=0, metaState=0, flags=0x0, edgeFlags=0x0, pointerCount=1, historySize=0, eventTime=713740252, downTime=713740252, deviceId=0, source=0x1002 }
08-04 14:15:23.847 14944 14944 I Input   : injectMotionEvent: MotionEvent { action=ACTION_UP, actionButton=0, id[0]=0, x[0]=600.0, y[0]=580.0, toolType[0]=TOOL_TYPE_UNKNOWN, buttonState=0, metaState=0, flags=0x0, edgeFlags=0x0, pointerCount=1, historySize=0, eventTime=713740252, downTime=713740252, deviceId=0, source=0x1002 }
08-04 14:15:23.856 14944 14944 D AndroidRuntime: Shutting down VM
08-04 14:15:23.867   918  3359 I ActivityManager: START u0 {cmp=baseline.org.quantumbadger.redreader/.activities.WebViewActivity (has extras)} from uid 10666 on display 0
08-04 14:15:23.868   512  2967 D audio_hw_primary: out_set_parameters: enter: usecase(1: low-latency-playback) kvpairs: routing=2
08-04 14:15:23.881   512  2967 D audio_hw_primary: select_devices: out_snd_device(2: speaker) in_snd_device(0: none)
08-04 14:15:23.882   512  2967 D msm8974_platform: platform_send_audio_calibration: sending audio calibration for snd_device(2) acdb_id(15)
08-04 14:15:23.882   512  2967 I soundtrigger: audio_extn_sound_trigger_update_device_status: device 0x2 of type 0 for Event 1
08-04 14:15:23.894   512  2967 D audio_hw_primary: enable_snd_device: snd_device(2: speaker)
08-04 14:15:23.896   512  2967 D audio_hw_primary: enable_audio_route: apply and update mixer path: low-latency-playback speaker
08-04 14:15:23.898 12327 12327 I AppCompatViewInflater: app:theme is now deprecated. Please move to using android:theme instead.
08-04 14:15:23.922   918  5952 D ConnectivityService: listenForNetwork for Listen from uid/pid:10666/12327 for NetworkRequest [ id=2702, legacyType=-1, [ Capabilities: INTERNET&NOT_RESTRICTED&TRUSTED] ]
08-04 14:15:24.035 12327 12341 I art     : Starting a blocking GC Explicit
08-04 14:15:24.052 13866 13866 I GoogleInputMethodServic: GoogleInputMethodService.onFinishInput():3138 
08-04 14:15:24.052 13866 13866 I GoogleInputMethodServic: GoogleInputMethodService.onStartInput():1808 
08-04 14:15:24.053   918   936 I ActivityManager: Displayed baseline.org.quantumbadger.redreader/.activities.WebViewActivity: +174ms
08-04 14:15:24.088 12327 12341 I art     : Explicit concurrent mark sweep GC freed 5899(311KB) AllocSpace objects, 1(20KB) LOS objects, 33% free, 32MB/48MB, paused 845us total 52.703ms
08-04 14:15:24.107 12327 12341 I art     : Starting a blocking GC Explicit
08-04 14:15:24.152 12327 12341 I art     : Explicit concurrent mark sweep GC freed 7281(827KB) AllocSpace objects, 17(2MB) LOS objects, 35% free, 29MB/45MB, paused 480us total 44.778ms
08-04 14:15:24.170 12327 12341 I art     : Starting a blocking GC Explicit
08-04 14:15:24.220 12327 12341 I art     : Explicit concurrent mark sweep GC freed 15(832B) AllocSpace objects, 0(0B) LOS objects, 35% free, 29MB/45MB, paused 544us total 49.825ms
08-04 14:15:24.245 12327 12341 I art     : Starting a blocking GC Explicit
08-04 14:15:24.290 12327 12341 I art     : Explicit concurrent mark sweep GC freed 13(496B) AllocSpace objects, 0(0B) LOS objects, 35% free, 29MB/45MB, paused 507us total 45.134ms
08-04 14:15:24.298   380   380 W SurfaceFlinger: couldn't log to binary event log: overflow.
08-04 14:15:24.315 12327 12341 I art     : Starting a blocking GC Explicit
08-04 14:15:24.326 12223 12223 I ServiceManager: Waiting for service AtCmdFwd...
08-04 14:15:24.356 12327 12341 I art     : Explicit concurrent mark sweep GC freed 542(32KB) AllocSpace objects, 0(0B) LOS objects, 35% free, 29MB/45MB, paused 518us total 40.107ms
08-04 14:15:24.438   512  2967 D audio_hw_primary: disable_audio_route: reset and update mixer path: low-latency-playback speaker
08-04 14:15:24.439   512  2967 D audio_hw_primary: disable_snd_device: snd_device(2: speaker)
08-04 14:15:24.447   512  2967 I soundtrigger: audio_extn_sound_trigger_update_device_status: device 0x2 of type 0 for Event 0
08-04 14:15:24.448 12327 14888 I RedditChangeDataIO: Writing tmp data file at '/data/user/0/baseline.org.quantumbadger.redreader/files/rr_change_data_tmp.dat'
08-04 14:15:24.449 12327 14888 I RedditChangeDataManager: Taking snapshot...
08-04 14:15:24.449 12327 14888 I RedditChangeDataManager: Writing to stream...
08-04 14:15:24.449 12327 14888 I RedditChangeDataManager: Wrote 5 entries for user ''
08-04 14:15:24.449 12327 14888 I RedditChangeDataManager: All entries written to stream.
08-04 14:15:24.449 12327 14888 I RedditChangeDataIO: Write successful. Atomically replacing data file...
08-04 14:15:24.449 12327 14888 I RedditChangeDataIO: Write complete.
08-04 14:15:24.450 12327 14888 I RedditChangeDataIO: 134 bytes written in 1 ms
08-04 14:15:24.699 12327 12341 I art     : Starting a blocking GC Explicit
08-04 14:15:24.752 12327 12341 I art     : Explicit concurrent mark sweep GC freed 1880(109KB) AllocSpace objects, 2(88KB) LOS objects, 35% free, 29MB/45MB, paused 704us total 52.195ms
08-04 14:15:24.770 12327 12341 I art     : Starting a blocking GC Explicit
08-04 14:15:24.820 12327 12341 I art     : Explicit concurrent mark sweep GC freed 33(1120B) AllocSpace objects, 0(0B) LOS objects, 35% free, 29MB/45MB, paused 550us total 49.240ms
08-04 14:15:24.839 12327 12341 I art     : Starting a blocking GC Explicit
08-04 14:15:24.888 12327 12341 I art     : Explicit concurrent mark sweep GC freed 11(352B) AllocSpace objects, 0(0B) LOS objects, 35% free, 29MB/45MB, paused 469us total 48.089ms
08-04 14:15:24.908 12327 12341 I art     : Starting a blocking GC Explicit
08-04 14:15:24.956 12327 12341 I art     : Explicit concurrent mark sweep GC freed 11(352B) AllocSpace objects, 0(0B) LOS objects, 35% free, 29MB/45MB, paused 558us total 47.631ms
08-04 14:15:24.977 12327 12341 I art     : Starting a blocking GC Explicit
08-04 14:15:25.023 12327 12341 I art     : Explicit concurrent mark sweep GC freed 11(352B) AllocSpace objects, 0(0B) LOS objects, 35% free, 29MB/45MB, paused 473us total 45.895ms
08-04 14:15:25.324 12327 12327 I chromium: [INFO:CONSOLE(1)] "
08-04 14:15:25.324 12327 12327 I chromium:                   ,d"=,.,qOp,
08-04 14:15:25.324 12327 12327 I chromium:                  ,7'  ''$(  )
08-04 14:15:25.324 12327 12327 I chromium:                 ,7'      '?q$7'
08-04 14:15:25.324 12327 12327 I chromium:              ..,$$,.
08-04 14:15:25.324 12327 12327 I chromium:    ,.  .,,--***""***--,,.  .,
08-04 14:15:25.324 12327 12327 I chromium:     ,p''              ''q,   
08-04 14:15:25.324 12327 12327 I chromium: :  ,7'                      '7,  :
08-04 14:15:25.324 12327 12327 I chromium:  ' $      ,db,      ,db,      $ '
08-04 14:15:25.324 12327 12327 I chromium:   '$      $$      $$      $'    Using Reddit at work? Work for Reddit.
08-04 14:15:25.324 12327 12327 I chromium:   '$                          $'        https://www.reddit.com/jobs
08-04 14:15:25.324 12327 12327 I chromium:    '$.     .,        ,.     .$'
08-04 14:15:25.324 12327 12327 I chromium:     'b,     ''     ,d'
08-04 14:15:25.324 12327 12327 I chromium:      '?bn,,          ,,nd?'
08-04 14:15:25.324 12327 12327 I chromium:        ,7$ '''' $7,
08-04 14:15:25.324 12327 12327 I chromium:      , $              $ ,
08-04 14:15:25.324 12327 12327 I chromium:      $  :$              $:  $
08-04 14:15:25.324 12327 12327 I chromium:      $   $              $   $
08-04 14:15:25.324 12327 12327 I chromium:      'b  q:            :p  d'
08-04 14:15:25.324 12327 12327 I chromium:       '?$.          .$?'
08-04 14:15:25.324 12327 12327 I chromium:          'b            d'
08-04 14:15:25.324 12327 12327 I chromium:        ,'?,.      .,?',
08-04 14:15:25.324 12327 12327 I chromium:       ==--==--==--==
08-04 14:15:25.324 12327 12327 I chromium: ", source: https://www.redditstatic.com/desktop2x/Chat~Governance~Reddit.2ea93b134a9b2e5b1d9a.js (1)
08-04 14:15:25.326 12223 12223 W Atfwd_Sendcmd: AtCmdFwd service not published, waiting... retryCnt : 3
08-04 14:15:25.413 12327 13730 I art     : Starting a blocking GC Explicit
08-04 14:15:25.468 12327 13730 I art     : Explicit concurrent mark sweep GC freed 1413(86KB) AllocSpace objects, 1(20KB) LOS objects, 35% free, 29MB/45MB, paused 545us total 54.656ms
08-04 14:15:25.489 12327 13730 I art     : Starting a blocking GC Explicit
08-04 14:15:25.544 12327 13730 I art     : Explicit concurrent mark sweep GC freed 103(4KB) AllocSpace objects, 0(0B) LOS objects, 35% free, 29MB/45MB, paused 649us total 54.772ms
08-04 14:15:25.566 12327 13730 I art     : Starting a blocking GC Explicit
08-04 14:15:25.622 12327 13730 I art     : Explicit concurrent mark sweep GC freed 22(720B) AllocSpace objects, 0(0B) LOS objects, 35% free, 29MB/45MB, paused 785us total 55.924ms
08-04 14:15:25.644 12327 13730 I art     : Starting a blocking GC Explicit
08-04 14:15:25.700 12327 13730 I art     : Explicit concurrent mark sweep GC freed 25(800B) AllocSpace objects, 0(0B) LOS objects, 35% free, 29MB/45MB, paused 699us total 54.892ms
08-04 14:15:25.720 12327 13730 I art     : Starting a blocking GC Explicit
08-04 14:15:25.778 12327 13730 I art     : Explicit concurrent mark sweep GC freed 53(2240B) AllocSpace objects, 0(0B) LOS objects, 35% free, 29MB/45MB, paused 598us total 57.650ms
08-04 14:15:26.157 12327 12340 I art     : Starting a blocking GC Explicit
08-04 14:15:26.201 12327 12340 I art     : Explicit concurrent mark sweep GC freed 1821(136KB) AllocSpace objects, 1(20KB) LOS objects, 35% free, 29MB/45MB, paused 545us total 43.682ms
08-04 14:15:26.219 12327 12340 I art     : Starting a blocking GC Explicit
08-04 14:15:26.262 12327 12340 I art     : Explicit concurrent mark sweep GC freed 90(3KB) AllocSpace objects, 0(0B) LOS objects, 35% free, 29MB/45MB, paused 483us total 43.018ms
08-04 14:15:26.282 12327 12340 I art     : Starting a blocking GC Explicit
08-04 14:15:26.325 12327 12340 I art     : Explicit concurrent mark sweep GC freed 3(96B) AllocSpace objects, 0(0B) LOS objects, 35% free, 29MB/45MB, paused 450us total 42.952ms
08-04 14:15:26.342 12327 12340 I art     : Starting a blocking GC Explicit
08-04 14:15:26.385 12327 12340 I art     : Explicit concurrent mark sweep GC freed 3(96B) AllocSpace objects, 0(0B) LOS objects, 35% free, 29MB/45MB, paused 460us total 42.728ms
08-04 14:15:26.403 12327 12340 I art     : Starting a blocking GC Explicit
08-04 14:15:26.448 12327 12340 I art     : Explicit concurrent mark sweep GC freed 3(96B) AllocSpace objects, 0(0B) LOS objects, 35% free, 29MB/45MB, paused 505us total 44.171ms
08-04 14:15:26.806   518   646 I ThermalEngine: ACTION: GPU - Setting GPU[0] to 390000000
08-04 14:15:26.851 12327 12340 I art     : Starting a blocking GC Explicit
08-04 14:15:26.916 12327 12340 I art     : Explicit concurrent mark sweep GC freed 1370(85KB) AllocSpace objects, 1(20KB) LOS objects, 35% free, 29MB/45MB, paused 623us total 64.264ms
08-04 14:15:26.941 12327 12340 I art     : Starting a blocking GC Explicit
08-04 14:15:27.009 12327 12340 I art     : Explicit concurrent mark sweep GC freed 20(704B) AllocSpace objects, 0(0B) LOS objects, 35% free, 29MB/45MB, paused 816us total 68.005ms
08-04 14:15:27.009 12327 12339 I art     : WaitForGcToComplete blocked for 68.415ms for cause HeapTrim
08-04 14:15:27.036 12327 12340 I art     : Starting a blocking GC Explicit
08-04 14:15:27.097 12327 12340 I art     : Explicit concurrent mark sweep GC freed 45(2240B) AllocSpace objects, 0(0B) LOS objects, 35% free, 29MB/45MB, paused 763us total 61.622ms
08-04 14:15:27.122 12327 12340 I art     : Starting a blocking GC Explicit
08-04 14:15:27.193 12327 12340 I art     : Explicit concurrent mark sweep GC freed 7(512B) AllocSpace objects, 0(0B) LOS objects, 35% free, 29MB/45MB, paused 819us total 70.061ms
08-04 14:15:27.218 12327 12340 I art     : Starting a blocking GC Explicit
08-04 14:15:27.288 12327 12340 I art     : Explicit concurrent mark sweep GC freed 3(96B) AllocSpace objects, 0(0B) LOS objects, 35% free, 29MB/45MB, paused 738us total 69.443ms
08-04 14:15:27.735 12327 13730 I art     : Starting a blocking GC Explicit
08-04 14:15:27.805 12327 13730 I art     : Explicit concurrent mark sweep GC freed 1357(82KB) AllocSpace objects, 1(20KB) LOS objects, 35% free, 29MB/45MB, paused 745us total 69.273ms
08-04 14:15:27.830 12327 13730 I art     : Starting a blocking GC Explicit
08-04 14:15:27.902 12327 13730 I art     : Explicit concurrent mark sweep GC freed 20(704B) AllocSpace objects, 0(0B) LOS objects, 35% free, 29MB/45MB, paused 865us total 71.960ms
08-04 14:15:27.928 12327 13730 I art     : Starting a blocking GC Explicit
08-04 14:15:27.999 12327 13730 I art     : Explicit concurrent mark sweep GC freed 3(96B) AllocSpace objects, 0(0B) LOS objects, 35% free, 29MB/45MB, paused 807us total 70.869ms
08-04 14:15:28.024 12327 13730 I art     : Starting a blocking GC Explicit
08-04 14:15:28.094 12327 13730 I art     : Explicit concurrent mark sweep GC freed 3(96B) AllocSpace objects, 0(0B) LOS objects, 35% free, 29MB/45MB, paused 924us total 69.952ms
08-04 14:15:28.120 12327 13730 I art     : Starting a blocking GC Explicit
08-04 14:15:28.183 12327 13730 I art     : Explicit concurrent mark sweep GC freed 3(96B) AllocSpace objects, 0(0B) LOS objects, 35% free, 29MB/45MB, paused 777us total 62.274ms
08-04 14:15:28.645 12327 13730 I art     : Starting a blocking GC Explicit
08-04 14:15:28.714 12327 13730 I art     : Explicit concurrent mark sweep GC freed 1357(82KB) AllocSpace objects, 1(20KB) LOS objects, 35% free, 29MB/45MB, paused 798us total 68.974ms
08-04 14:15:28.740 12327 13730 I art     : Starting a blocking GC Explicit
08-04 14:15:28.799 12327 13730 I art     : Explicit concurrent mark sweep GC freed 20(704B) AllocSpace objects, 0(0B) LOS objects, 35% free, 29MB/45MB, paused 816us total 57.793ms
08-04 14:15:28.804 15031 15031 D AndroidRuntime: >>>>>> START com.android.internal.os.RuntimeInit uid 2000 <<<<<<
08-04 14:15:28.808   518   646 I ThermalEngine: ACTION: GPU - Setting GPU[0] to 450000000
08-04 14:15:28.810 15031 15031 D AndroidRuntime: CheckJNI is OFF
08-04 14:15:28.825 12327 13730 I art     : Starting a blocking GC Explicit
08-04 14:15:28.853 15031 15031 D ICU     : No timezone override file found: /data/misc/zoneinfo/current/icu/icu_tzdata.dat
08-04 14:15:28.876 12327 13730 I art     : Explicit concurrent mark sweep GC freed 3(96B) AllocSpace objects, 0(0B) LOS objects, 35% free, 29MB/45MB, paused 712us total 50.200ms
08-04 14:15:28.895 12327 13730 I art     : Starting a blocking GC Explicit
08-04 14:15:28.902 15031 15031 I Radio-JNI: register_android_hardware_Radio DONE
08-04 14:15:28.931 15031 15031 D AndroidRuntime: Calling main entry com.android.commands.input.Input
08-04 14:15:28.932 15031 15031 I Input   : injectKeyEvent: KeyEvent { action=ACTION_DOWN, keyCode=KEYCODE_BACK, scanCode=0, metaState=0, flags=0x0, repeatCount=0, eventTime=713745345, downTime=713745345, deviceId=-1, source=0x101 }
08-04 14:15:28.939 12327 13730 I art     : Explicit concurrent mark sweep GC freed 3(96B) AllocSpace objects, 0(0B) LOS objects, 35% free, 29MB/45MB, paused 578us total 43.585ms
08-04 14:15:28.940 15031 15031 I Input   : injectKeyEvent: KeyEvent { action=ACTION_UP, keyCode=KEYCODE_BACK, scanCode=0, metaState=0, flags=0x0, repeatCount=0, eventTime=713745345, downTime=713745345, deviceId=-1, source=0x101 }
08-04 14:15:28.947 15031 15031 D AndroidRuntime: Shutting down VM
08-04 14:15:28.961 12327 13730 I art     : Starting a blocking GC Explicit
08-04 14:15:28.998 13866 13866 I GoogleInputMethodServic: GoogleInputMethodService.onFinishInput():3138 
08-04 14:15:28.998 13866 13866 I GoogleInputMethodServic: GoogleInputMethodService.onStartInput():1808 
08-04 14:15:29.017 12327 13730 I art     : Explicit concurrent mark sweep GC freed 181(6KB) AllocSpace objects, 0(0B) LOS objects, 35% free, 29MB/45MB, paused 553us total 56.077ms
08-04 14:15:29.319   380   380 W SurfaceFlinger: couldn't log to binary event log: overflow.
08-04 14:15:29.363   918  3263 D ConnectivityService: releasing NetworkRequest NetworkRequest [ id=2702, legacyType=-1, [ Capabilities: INTERNET&NOT_RESTRICTED&TRUSTED] ]
08-04 14:15:29.410 12327 12352 I art     : Starting a blocking GC Explicit
08-04 14:15:29.450 12327 12352 I art     : Explicit concurrent mark sweep GC freed 2373(129KB) AllocSpace objects, 1(20KB) LOS objects, 35% free, 29MB/45MB, paused 458us total 39.798ms
08-04 14:15:29.470 12327 12352 I art     : Starting a blocking GC Explicit
08-04 14:15:29.511 12327 12352 I art     : Explicit concurrent mark sweep GC freed 2114(124KB) AllocSpace objects, 1(28KB) LOS objects, 35% free, 29MB/45MB, paused 446us total 40.304ms
08-04 14:15:29.528 12327 12352 I art     : Starting a blocking GC Explicit
08-04 14:15:29.572 12327 12352 I art     : Explicit concurrent mark sweep GC freed 3(96B) AllocSpace objects, 0(0B) LOS objects, 35% free, 29MB/45MB, paused 453us total 43.629ms
08-04 14:15:29.590 12327 12352 I art     : Starting a blocking GC Explicit
08-04 14:15:29.638 12327 12352 I art     : Explicit concurrent mark sweep GC freed 3(96B) AllocSpace objects, 0(0B) LOS objects, 35% free, 29MB/45MB, paused 500us total 47.334ms
08-04 14:15:29.656 12327 12352 I art     : Starting a blocking GC Explicit
08-04 14:15:29.703 12327 12352 I art     : Explicit concurrent mark sweep GC freed 3(96B) AllocSpace objects, 0(0B) LOS objects, 35% free, 29MB/45MB, paused 483us total 46.235ms
08-04 14:15:30.046 12327 13016 I art     : Starting a blocking GC Explicit
08-04 14:15:30.110 12327 13016 I art     : Explicit concurrent mark sweep GC freed 1357(82KB) AllocSpace objects, 1(20KB) LOS objects, 35% free, 29MB/45MB, paused 522us total 63.268ms
08-04 14:15:30.130 12327 13016 I art     : Starting a blocking GC Explicit
08-04 14:15:30.178 12327 13016 I art     : Explicit concurrent mark sweep GC freed 20(704B) AllocSpace objects, 0(0B) LOS objects, 35% free, 29MB/45MB, paused 492us total 47.740ms
08-04 14:15:30.197 12327 13016 I art     : Starting a blocking GC Explicit
08-04 14:15:30.241 12327 13016 I art     : Explicit concurrent mark sweep GC freed 3(96B) AllocSpace objects, 0(0B) LOS objects, 35% free, 29MB/45MB, paused 444us total 43.990ms
08-04 14:15:30.260 12327 13016 I art     : Starting a blocking GC Explicit
08-04 14:15:30.304 12327 13016 I art     : Explicit concurrent mark sweep GC freed 3(96B) AllocSpace objects, 0(0B) LOS objects, 35% free, 29MB/45MB, paused 468us total 44.187ms
08-04 14:15:30.322 12327 13016 I art     : Starting a blocking GC Explicit
08-04 14:15:30.367 12327 13016 I art     : Explicit concurrent mark sweep GC freed 3(96B) AllocSpace objects, 0(0B) LOS objects, 35% free, 29MB/45MB, paused 452us total 44.559ms
08-04 14:15:30.717 12327 12340 I art     : Starting a blocking GC Explicit
08-04 14:15:30.746 15078 15078 D AndroidRuntime: >>>>>> START com.android.internal.os.RuntimeInit uid 2000 <<<<<<
08-04 14:15:30.753 15078 15078 D AndroidRuntime: CheckJNI is OFF
08-04 14:15:30.776 12327 12340 I art     : Explicit concurrent mark sweep GC freed 1356(82KB) AllocSpace objects, 1(20KB) LOS objects, 35% free, 29MB/45MB, paused 519us total 58.937ms
08-04 14:15:30.794 12327 12340 I art     : Starting a blocking GC Explicit
08-04 14:15:30.805 15078 15078 D ICU     : No timezone override file found: /data/misc/zoneinfo/current/icu/icu_tzdata.dat
08-04 14:15:30.841 12327 12340 I art     : Explicit concurrent mark sweep GC freed 20(704B) AllocSpace objects, 0(0B) LOS objects, 35% free, 29MB/45MB, paused 507us total 46.948ms
08-04 14:15:30.850 15078 15078 I Radio-JNI: register_android_hardware_Radio DONE
08-04 14:15:30.860 12327 12340 I art     : Starting a blocking GC Explicit
08-04 14:15:30.880 15078 15078 D AndroidRuntime: Calling main entry com.android.commands.input.Input
08-04 14:15:30.882 15078 15078 I Input   : injectKeyEvent: KeyEvent { action=ACTION_DOWN, keyCode=KEYCODE_BACK, scanCode=0, metaState=0, flags=0x0, repeatCount=0, eventTime=713747295, downTime=713747295, deviceId=-1, source=0x101 }
08-04 14:15:30.888 15078 15078 I Input   : injectKeyEvent: KeyEvent { action=ACTION_UP, keyCode=KEYCODE_BACK, scanCode=0, metaState=0, flags=0x0, repeatCount=0, eventTime=713747295, downTime=713747295, deviceId=-1, source=0x101 }
08-04 14:15:30.894 15078 15078 D AndroidRuntime: Shutting down VM
08-04 14:15:30.906 12327 12340 I art     : Explicit concurrent mark sweep GC freed 106(3KB) AllocSpace objects, 0(0B) LOS objects, 35% free, 29MB/45MB, paused 552us total 45.760ms
08-04 14:15:30.924 12327 12340 I art     : Starting a blocking GC Explicit
08-04 14:15:30.932 13866 13866 I GoogleInputMethodServic: GoogleInputMethodService.onFinishInput():3138 
08-04 14:15:30.932 13866 13866 I GoogleInputMethodServic: GoogleInputMethodService.onStartInput():1808 
08-04 14:15:30.965 12327 12340 I art     : Explicit concurrent mark sweep GC freed 48(1776B) AllocSpace objects, 0(0B) LOS objects, 35% free, 29MB/45MB, paused 428us total 40.861ms
08-04 14:15:30.982 12327 12340 I art     : Starting a blocking GC Explicit
08-04 14:15:31.022 12327 12340 I art     : Explicit concurrent mark sweep GC freed 38(1264B) AllocSpace objects, 0(0B) LOS objects, 35% free, 29MB/45MB, paused 404us total 39.299ms
08-04 14:15:31.342 12327 12340 I art     : Starting a blocking GC Explicit
08-04 14:15:31.397 12327 12340 I art     : Explicit concurrent mark sweep GC freed 1421(85KB) AllocSpace objects, 1(20KB) LOS objects, 35% free, 29MB/45MB, paused 583us total 54.469ms
08-04 14:15:31.418 12327 12340 I art     : Starting a blocking GC Explicit
08-04 14:15:31.467 12327 12340 I art     : Explicit concurrent mark sweep GC freed 150(7KB) AllocSpace objects, 0(0B) LOS objects, 35% free, 29MB/45MB, paused 515us total 48.796ms
08-04 14:15:31.485 12327 12340 I art     : Starting a blocking GC Explicit
08-04 14:15:31.533 12327 12340 I art     : Explicit concurrent mark sweep GC freed 3(96B) AllocSpace objects, 0(0B) LOS objects, 35% free, 29MB/45MB, paused 512us total 47.392ms
08-04 14:15:31.552 12327 12340 I art     : Starting a blocking GC Explicit
08-04 14:15:31.604 12327 12340 I art     : Explicit concurrent mark sweep GC freed 3(96B) AllocSpace objects, 0(0B) LOS objects, 35% free, 29MB/45MB, paused 562us total 51.726ms
08-04 14:15:31.626 12327 12340 I art     : Starting a blocking GC Explicit
08-04 14:15:31.674 12327 12340 I art     : Explicit concurrent mark sweep GC freed 3(96B) AllocSpace objects, 0(0B) LOS objects, 35% free, 29MB/45MB, paused 523us total 48.406ms
08-04 14:15:32.017 12327 13016 I art     : Starting a blocking GC Explicit
08-04 14:15:32.081 12327 13016 I art     : Explicit concurrent mark sweep GC freed 1356(82KB) AllocSpace objects, 1(20KB) LOS objects, 35% free, 29MB/45MB, paused 543us total 63.644ms
08-04 14:15:32.103 12327 13016 I art     : Starting a blocking GC Explicit
08-04 14:15:32.150 12327 13016 I art     : Explicit concurrent mark sweep GC freed 20(704B) AllocSpace objects, 0(0B) LOS objects, 35% free, 29MB/45MB, paused 580us total 46.694ms
08-04 14:15:32.150 12327 12339 I art     : WaitForGcToComplete blocked for 47.045ms for cause HeapTrim
08-04 14:15:32.169 12327 13016 I art     : Starting a blocking GC Explicit
08-04 14:15:32.210 12327 13016 I art     : Explicit concurrent mark sweep GC freed 3(96B) AllocSpace objects, 0(0B) LOS objects, 35% free, 29MB/45MB, paused 511us total 41.504ms
08-04 14:15:32.229 12327 13016 I art     : Starting a blocking GC Explicit
08-04 14:15:32.274 12327 13016 I art     : Explicit concurrent mark sweep GC freed 3(96B) AllocSpace objects, 0(0B) LOS objects, 35% free, 29MB/45MB, paused 507us total 45.323ms
08-04 14:15:32.292 12327 13016 I art     : Starting a blocking GC Explicit
08-04 14:15:32.335 12327 13016 I art     : Explicit concurrent mark sweep GC freed 3(96B) AllocSpace objects, 0(0B) LOS objects, 35% free, 29MB/45MB, paused 471us total 42.333ms
08-04 14:15:32.662 15128 15128 D AndroidRuntime: >>>>>> START com.android.internal.os.RuntimeInit uid 2000 <<<<<<
08-04 14:15:32.668 15128 15128 D AndroidRuntime: CheckJNI is OFF
08-04 14:15:32.686 12327 13730 I art     : Starting a blocking GC Explicit
08-04 14:15:32.717 15128 15128 D ICU     : No timezone override file found: /data/misc/zoneinfo/current/icu/icu_tzdata.dat
08-04 14:15:32.735 12327 13730 I art     : Explicit concurrent mark sweep GC freed 1356(82KB) AllocSpace objects, 1(20KB) LOS objects, 35% free, 29MB/45MB, paused 573us total 48.478ms
08-04 14:15:32.753 12327 13730 I art     : Starting a blocking GC Explicit
08-04 14:15:32.761 15128 15128 I Radio-JNI: register_android_hardware_Radio DONE
08-04 14:15:32.790 15128 15128 D AndroidRuntime: Calling main entry com.android.commands.input.Input
08-04 14:15:32.792 15128 15128 I Input   : injectMotionEvent: MotionEvent { action=ACTION_DOWN, actionButton=0, id[0]=0, x[0]=600.0, y[0]=1733.0, toolType[0]=TOOL_TYPE_UNKNOWN, buttonState=0, metaState=0, flags=0x0, edgeFlags=0x0, pointerCount=1, historySize=0, eventTime=713749204, downTime=713749204, deviceId=0, source=0x1002 }
08-04 14:15:32.796 15128 15128 I Input   : injectMotionEvent: MotionEvent { action=ACTION_UP, actionButton=0, id[0]=0, x[0]=600.0, y[0]=1733.0, toolType[0]=TOOL_TYPE_UNKNOWN, buttonState=0, metaState=0, flags=0x0, edgeFlags=0x0, pointerCount=1, historySize=0, eventTime=713749204, downTime=713749204, deviceId=0, source=0x1002 }
08-04 14:15:32.797 12327 13730 I art     : Explicit concurrent mark sweep GC freed 20(704B) AllocSpace objects, 0(0B) LOS objects, 35% free, 29MB/45MB, paused 500us total 43.380ms
08-04 14:15:32.798 15128 15128 D AndroidRuntime: Shutting down VM
08-04 14:15:32.808   512  2967 D audio_hw_primary: out_set_parameters: enter: usecase(1: low-latency-playback) kvpairs: routing=2
08-04 14:15:32.808   918  6110 I ActivityManager: START u0 {dat=https://oauth.reddit.com/... cmp=baseline.org.quantumbadger.redreader/.activities.PostListingActivity} from uid 10666 on display 0
08-04 14:15:32.817 12327 13730 I art     : Starting a blocking GC Explicit
08-04 14:15:32.821   512  2967 D audio_hw_primary: select_devices: out_snd_device(2: speaker) in_snd_device(0: none)
08-04 14:15:32.821   512  2967 D msm8974_platform: platform_send_audio_calibration: sending audio calibration for snd_device(2) acdb_id(15)
08-04 14:15:32.821   512  2967 I soundtrigger: audio_extn_sound_trigger_update_device_status: device 0x2 of type 0 for Event 1
08-04 14:15:32.832   512  2967 D audio_hw_primary: enable_snd_device: snd_device(2: speaker)
08-04 14:15:32.832 12327 12327 I AppCompatViewInflater: app:theme is now deprecated. Please move to using android:theme instead.
08-04 14:15:32.835   512  2967 D audio_hw_primary: enable_audio_route: apply and update mixer path: low-latency-playback speaker
08-04 14:15:32.857 12327 15152 D OK      : calling: https://oauth.reddit.com/r/aww/about.json
08-04 14:15:32.865 12327 13730 I art     : Explicit concurrent mark sweep GC freed 830(53KB) AllocSpace objects, 0(0B) LOS objects, 35% free, 29MB/45MB, paused 1.011ms total 47.529ms
08-04 14:15:32.882 12327 13730 I art     : Starting a blocking GC Explicit
08-04 14:15:32.926 12327 13730 I art     : Explicit concurrent mark sweep GC freed 1054(64KB) AllocSpace objects, 0(0B) LOS objects, 35% free, 29MB/45MB, paused 627us total 43.046ms
08-04 14:15:32.926   918   936 I ActivityManager: Displayed baseline.org.quantumbadger.redreader/.activities.PostListingActivity: +108ms
08-04 14:15:32.926 13866 13866 I GoogleInputMethodServic: GoogleInputMethodService.onFinishInput():3138 
08-04 14:15:32.928 13866 13866 I GoogleInputMethodServic: GoogleInputMethodService.onStartInput():1808 
08-04 14:15:32.943 12327 13730 I art     : Starting a blocking GC Explicit
08-04 14:15:32.988 12327 13730 I art     : Explicit concurrent mark sweep GC freed 2140(87KB) AllocSpace objects, 0(0B) LOS objects, 35% free, 29MB/45MB, paused 651us total 44.213ms
08-04 14:15:33.129 12327 15152 I NAPPA_EXPERIMENTATION: MetricNetworkRequestExecutionTime: REQUEST_DURATION_SYSTEM='271',REQUEST_DURATION_OKHTTP='144',REQUEST_SYNCHRONOUS='TRUE',RESPONSE_CODE='200',RESPONSE_METHOD='GET',RESPONSE_LENGTH_OKHTTP='-1',RESPONSE_LENGTH_HEADER='3478',REQUEST_PROTOCOL='h2',REQUEST_URL='https://oauth.reddit.com/r/aww/about.json',
08-04 14:15:33.129 12327 15152 D OK      : request got status: 200
08-04 14:15:33.173   380   380 W SurfaceFlinger: couldn't log to binary event log: overflow.
08-04 14:15:33.284 12327 13730 I art     : Starting a blocking GC Explicit
08-04 14:15:33.333 12327 13730 I art     : Explicit concurrent mark sweep GC freed 3237(293KB) AllocSpace objects, 3(156KB) LOS objects, 35% free, 29MB/45MB, paused 529us total 48.384ms
08-04 14:15:33.352 12327 13730 I art     : Starting a blocking GC Explicit
08-04 14:15:33.368   512  2967 D audio_hw_primary: disable_audio_route: reset and update mixer path: low-latency-playback speaker
08-04 14:15:33.369   512  2967 D audio_hw_primary: disable_snd_device: snd_device(2: speaker)
08-04 14:15:33.378   512  2967 I soundtrigger: audio_extn_sound_trigger_update_device_status: device 0x2 of type 0 for Event 0
08-04 14:15:33.395 12327 13730 I art     : Explicit concurrent mark sweep GC freed 202(10KB) AllocSpace objects, 0(0B) LOS objects, 35% free, 29MB/45MB, paused 546us total 43.384ms
08-04 14:15:33.413 12327 13730 I art     : Starting a blocking GC Explicit
08-04 14:15:33.456 12327 13730 I art     : Explicit concurrent mark sweep GC freed 16(640B) AllocSpace objects, 0(0B) LOS objects, 35% free, 29MB/45MB, paused 561us total 43.117ms
08-04 14:15:33.474 12327 13730 I art     : Starting a blocking GC Explicit
08-04 14:15:33.521 12327 13730 I art     : Explicit concurrent mark sweep GC freed 25(1024B) AllocSpace objects, 0(0B) LOS objects, 35% free, 29MB/45MB, paused 553us total 47.510ms
08-04 14:15:33.540 12327 13730 I art     : Starting a blocking GC Explicit
08-04 14:15:33.587 12327 13730 I art     : Explicit concurrent mark sweep GC freed 5(192B) AllocSpace objects, 0(0B) LOS objects, 35% free, 29MB/45MB, paused 540us total 46.418ms
08-04 14:15:33.925 12327 12340 I art     : Starting a blocking GC Explicit
08-04 14:15:33.975 12327 12340 I art     : Explicit concurrent mark sweep GC freed 1378(83KB) AllocSpace objects, 1(20KB) LOS objects, 35% free, 29MB/45MB, paused 526us total 49.834ms
08-04 14:15:33.993 12327 12340 I art     : Starting a blocking GC Explicit
08-04 14:15:34.040 12327 12340 I art     : Explicit concurrent mark sweep GC freed 20(704B) AllocSpace objects, 0(0B) LOS objects, 35% free, 29MB/45MB, paused 523us total 46.782ms
08-04 14:15:34.057 12327 15177 D OK      : calling: https://oauth.reddit.com/r/aww/hot/.json
08-04 14:15:34.060 12327 12340 I art     : Starting a blocking GC Explicit
08-04 14:15:34.107 12327 12340 I art     : Explicit concurrent mark sweep GC freed 56(2352B) AllocSpace objects, 0(0B) LOS objects, 35% free, 29MB/45MB, paused 605us total 46.927ms
08-04 14:15:34.126 12327 12340 I art     : Starting a blocking GC Explicit
08-04 14:15:34.173 12327 12340 I art     : Explicit concurrent mark sweep GC freed 48(1728B) AllocSpace objects, 0(0B) LOS objects, 35% free, 29MB/45MB, paused 608us total 46.869ms
08-04 14:15:34.191 12327 12340 I art     : Starting a blocking GC Explicit
08-04 14:15:34.238 12327 12340 I art     : Explicit concurrent mark sweep GC freed 3(96B) AllocSpace objects, 0(0B) LOS objects, 35% free, 29MB/45MB, paused 643us total 46.958ms
08-04 14:15:34.264 12327 15177 I NAPPA_EXPERIMENTATION: MetricNetworkRequestExecutionTime: REQUEST_DURATION_SYSTEM='207',REQUEST_DURATION_OKHTTP='203',REQUEST_SYNCHRONOUS='TRUE',RESPONSE_CODE='200',RESPONSE_METHOD='GET',RESPONSE_LENGTH_OKHTTP='-1',RESPONSE_LENGTH_HEADER='33430',REQUEST_PROTOCOL='h2',REQUEST_URL='https://oauth.reddit.com/r/aww/hot/.json',
08-04 14:15:34.265 12327 15177 D OK      : request got status: 200
08-04 14:15:34.274 12327 12901 I PostListingFragment: Precaching images: OFF
08-04 14:15:34.274 12327 12901 I PostListingFragment: Precaching comments: OFF
08-04 14:15:34.285 12327 15178 D OK      : calling: https://b.thumbs.redditmedia.com/CKInrczASoQbNvSBStGz11Tok0uCyQoxmZ02sOE37sQ.jpg
08-04 14:15:34.297 12327 15179 D OK      : calling: https://a.thumbs.redditmedia.com/sKVnLbatvJCZOE2ooe6CgiEftOB3ukgPMdcydbk9CZ4.jpg
08-04 14:15:34.298 12327 12901 I getImgurImageInfo: Image NSO7Npm: trying API v3 with auth
08-04 14:15:34.300 12327 15180 D OK      : calling: https://a.thumbs.redditmedia.com/dFt2-stQJkfZ8O7r7ywG9GQsF08fZXxEJfQtAmiJ-F8.jpg
08-04 14:15:34.303 12327 15181 D OK      : calling: https://api.gfycat.com/v1/gfycats/deadlygravecavy
08-04 14:15:34.312 12327 15183 D OK      : calling: https://api.imgur.com/3/image/NSO7Npm
08-04 14:15:34.314 12327 15182 D OK      : calling: https://b.thumbs.redditmedia.com/1cAaKl6LkrikiRbLsBzzOvufKqRKuPi3wgjUkX8axkI.jpg
08-04 14:15:34.316 12327 15184 D OK      : calling: https://b.thumbs.redditmedia.com/NUqJWcobH7ToYhCM0w6nnAFZ46ymm9vPD25BC3s7Wco.jpg
08-04 14:15:34.318 12327 15185 D OK      : calling: https://b.thumbs.redditmedia.com/bUY4al781EZ3q7hUlnLebemHCXE3e63_SSxl2uo4Q4A.jpg
08-04 14:15:34.321 12327 15186 D OK      : calling: https://b.thumbs.redditmedia.com/tTmEfIrujbsvZXbhNSQS6Pc7o7ShCaGqZHbYf7nWdfg.jpg
08-04 14:15:34.328 12327 15187 D OK      : calling: https://b.thumbs.redditmedia.com/_H8tFMmL5-3GrxYkCtMSHiyNfjbX8pxctOw_vrzyw7o.jpg
08-04 14:15:34.336 12327 15188 D OK      : calling: https://b.thumbs.redditmedia.com/JTSWFy2_tijPk6cA5noKDydEAMkMJcDmKQTSX178zwc.jpg
08-04 14:15:34.336 12327 15189 D OK      : calling: https://v.redd.it/fkewv2f65kd51/DASHPlaylist.mpd
08-04 14:15:34.339 12327 15191 D OK      : calling: https://b.thumbs.redditmedia.com/HkEQtny0bE4H3dMCd_woPsLAXBoPwp_DZ4ioFNIQLKk.jpg
08-04 14:15:34.343 12327 15190 D OK      : calling: https://b.thumbs.redditmedia.com/N6fiqTp8nJD2l7sUz4nij7j1yHYMTKaflUIrn8E2bAU.jpg
08-04 14:15:34.346 12327 15192 D OK      : calling: https://b.thumbs.redditmedia.com/lVNra-iScxkYcYtSstJ-7J7pRAUDRXIwwJhsen1ZK9g.jpg
08-04 14:15:34.347 12327 15193 D OK      : calling: https://b.thumbs.redditmedia.com/lQKqDneXS8E7ZBD9cUQy4OqOt8PuTneSvVFtnU0pwCE.jpg
08-04 14:15:34.349 12327 15194 D OK      : calling: https://api.gfycat.com/v1/gfycats/altruisticthankfulankolewatusi
08-04 14:15:34.351 12327 15195 D OK      : calling: https://b.thumbs.redditmedia.com/X3yyAViE0gxiHR-kf9Z5xmLa8dKsm8iWJyKdWNVtOhU.jpg
08-04 14:15:34.353 12327 15196 D OK      : calling: https://v.redd.it/ak6rer1hskd51/DASHPlaylist.mpd
08-04 14:15:34.355 12327 15197 D OK      : calling: https://api.gfycat.com/v1/gfycats/foolhardysparklinglarva
08-04 14:15:34.360 12327 15198 D OK      : calling: https://b.thumbs.redditmedia.com/Bx9FZp8_w10DfFUf_mqVPMfu4Y0h2lo41Dh4tl2eNeQ.jpg
08-04 14:15:34.360 12327 15199 D OK      : calling: https://v.redd.it/h49fg58ygjd51/DASHPlaylist.mpd
08-04 14:15:34.364 12327 15200 D OK      : calling: https://a.thumbs.redditmedia.com/KpcC72KH04Be3BqxmFbv_Gz7LCy-24GU-70or3KCdJ4.jpg
08-04 14:15:34.372 12327 15204 D OK      : calling: https://v.redd.it/1ewzkieg0jd51/DASHPlaylist.mpd
08-04 14:15:34.378 12327 15205 D OK      : calling: https://b.thumbs.redditmedia.com/RrJbRRjFZWmckrONtkPTloJh52FfqD_XkLMuYuuQvAg.jpg
08-04 14:15:34.382 12327 15207 D OK      : calling: https://b.thumbs.redditmedia.com/chqK3f9u3D7UmfrGP85f4sOQFihMk6q7fFSeMyWs_7E.jpg
08-04 14:15:34.382 12327 15206 D OK      : calling: https://v.redd.it/ppmhu2r9thd51/DASHPlaylist.mpd
08-04 14:15:34.388 12327 15203 D OK      : calling: https://a.thumbs.redditmedia.com/cEOtajy3CAQrjwSA3hhSqnPx8bfkRzglo7Lz1SBTmE0.jpg
08-04 14:15:34.397 12327 15208 D OK      : calling: https://b.thumbs.redditmedia.com/B18Vu5Jw71XCkFOFHimnUC42ya8apHsmcCW-HFmtb6w.jpg
08-04 14:15:34.401 12327 15212 D OK      : calling: https://b.thumbs.redditmedia.com/iZuzjufMpYUYtQRLjRwce4RDb6JYsId95_iezR2Uc0w.jpg
08-04 14:15:34.404 12327 15213 D OK      : calling: https://v.redd.it/b8vazlcb7ld51/DASHPlaylist.mpd
08-04 14:15:34.404 12327 15211 D OK      : calling: https://v.redd.it/s9qqadf3mid51/DASHPlaylist.mpd
08-04 14:15:34.419 12327 15216 D OK      : calling: https://b.thumbs.redditmedia.com/XNb1kfskabGDLMqv661Q22hBtCb8w5oyePDcFaZi9aY.jpg
08-04 14:15:34.425 12327 15217 D OK      : calling: https://v.redd.it/ty24o02m1hd51/DASHPlaylist.mpd
08-04 14:15:34.430 12327 15218 D OK      : calling: https://b.thumbs.redditmedia.com/lMqJbh1Z40ffemA0TnSfVnovznn4hvJNue60AsJ-ETs.jpg
08-04 14:15:34.435 12327 15222 D OK      : calling: https://b.thumbs.redditmedia.com/189nmwjW7eGWBD0J-cxzsUac1V1ZWGzMFC66inY4u4Y.jpg
08-04 14:15:34.437 12327 15219 D OK      : calling: https://b.thumbs.redditmedia.com/x5l4cICw0WNNvslt5FqVjwj89XrGjrXnNbaSyQRAyCo.jpg
08-04 14:15:34.438 12327 15223 D OK      : calling: https://v.redd.it/ar5k8892pid51/DASHPlaylist.mpd
08-04 14:15:34.453 12327 15226 D OK      : calling: https://b.thumbs.redditmedia.com/d_-UsfmKASoIHi4vZyyjvvwFtm1S7-DEi9AQPOnGIgY.jpg
08-04 14:15:34.546 12327 12327 W RecyclerView: Cannot call this method in a scroll callback. Scroll callbacks mightbe run during a measure & layout pass where you cannot change theRecyclerView data. Any method call that might change the structureof the RecyclerView or the adapter contents should be postponed tothe next frame.
08-04 14:15:34.546 12327 12327 W RecyclerView: java.lang.IllegalStateException:  androidx.recyclerview.widget.RecyclerView{984d71f VFED..... .F....ID 0,0-1440,2140 #7f0900ef app:id/scrollbar_recyclerview_recyclerview}, adapter:baseline.org.quantumbadger.redreader.adapters.GroupedRecyclerViewAdapter@8153a6c, layout:androidx.recyclerview.widget.LinearLayoutManager@45ef835, context:baseline.org.quantumbadger.redreader.activities.PostListingActivity@dfb91a8
08-04 14:15:34.546 12327 12327 W RecyclerView: 	at androidx.recyclerview.widget.RecyclerView.assertNotInLayoutOrScroll(RecyclerView.java:3061)
08-04 14:15:34.546 12327 12327 W RecyclerView: 	at androidx.recyclerview.widget.RecyclerView$RecyclerViewDataObserver.onItemRangeInserted(RecyclerView.java:5555)
08-04 14:15:34.546 12327 12327 W RecyclerView: 	at androidx.recyclerview.widget.RecyclerView$AdapterDataObservable.notifyItemRangeInserted(RecyclerView.java:12278)
08-04 14:15:34.546 12327 12327 W RecyclerView: 	at androidx.recyclerview.widget.RecyclerView$Adapter.notifyItemInserted(RecyclerView.java:7464)
08-04 14:15:34.546 12327 12327 W RecyclerView: 	at baseline.org.quantumbadger.redreader.adapters.GroupedRecyclerViewAdapter.updateHiddenStatus(GroupedRecyclerViewAdapter.java:279)
08-04 14:15:34.546 12327 12327 W RecyclerView: 	at baseline.org.quantumbadger.redreader.adapters.RedditListingManager.setLoadingVisible(RedditListingManager.java:125)
08-04 14:15:34.546 12327 12327 W RecyclerView: 	at baseline.org.quantumbadger.redreader.fragments.PostListingFragment.onLoadMoreItemsCheck(PostListingFragment.java:465)
08-04 14:15:34.546 12327 12327 W RecyclerView: 	at baseline.org.quantumbadger.redreader.fragments.PostListingFragment.access$000(PostListingFragment.java:98)
08-04 14:15:34.546 12327 12327 W RecyclerView: 	at baseline.org.quantumbadger.redreader.fragments.PostListingFragment$2.onScrolled(PostListingFragment.java:215)
08-04 14:15:34.546 12327 12327 W RecyclerView: 	at androidx.recyclerview.widget.RecyclerView.dispatchOnScrolled(RecyclerView.java:5173)
08-04 14:15:34.546 12327 12327 W RecyclerView: 	at androidx.recyclerview.widget.RecyclerView.dispatchLayoutStep3(RecyclerView.java:4231)
08-04 14:15:34.546 12327 12327 W RecyclerView: 	at androidx.recyclerview.widget.RecyclerView.dispatchLayout(RecyclerView.java:3862)
08-04 14:15:34.546 12327 12327 W RecyclerView: 	at androidx.recyclerview.widget.RecyclerView.consumePendingUpdateOperations(RecyclerView.java:1897)
08-04 14:15:34.546 12327 12327 W RecyclerView: 	at androidx.recyclerview.widget.RecyclerView$1.run(RecyclerView.java:414)
08-04 14:15:34.546 12327 12327 W RecyclerView: 	at android.view.Choreographer$CallbackRecord.run(Choreographer.java:858)
08-04 14:15:34.546 12327 12327 W RecyclerView: 	at android.view.Choreographer.doCallbacks(Choreographer.java:670)
08-04 14:15:34.546 12327 12327 W RecyclerView: 	at android.view.Choreographer.doFrame(Choreographer.java:603)
08-04 14:15:34.546 12327 12327 W RecyclerView: 	at android.view.Choreographer$FrameDisplayEventReceiver.run(Choreographer.java:844)
08-04 14:15:34.546 12327 12327 W RecyclerView: 	at android.os.Handler.handleCallback(Handler.java:739)
08-04 14:15:34.546 12327 12327 W RecyclerView: 	at android.os.Handler.dispatchMessage(Handler.java:95)
08-04 14:15:34.546 12327 12327 W RecyclerView: 	at android.os.Looper.loop(Looper.java:148)
08-04 14:15:34.546 12327 12327 W RecyclerView: 	at android.app.ActivityThread.main(ActivityThread.java:5417)
08-04 14:15:34.546 12327 12327 W RecyclerView: 	at java.lang.reflect.Method.invoke(Native Method)
08-04 14:15:34.546 12327 12327 W RecyclerView: 	at com.android.internal.os.ZygoteInit$MethodAndArgsCaller.run(ZygoteInit.java:726)
08-04 14:15:34.546 12327 12327 W RecyclerView: 	at com.android.internal.os.ZygoteInit.main(ZygoteInit.java:616)
08-04 14:15:34.567 12327 12340 I art     : Starting a blocking GC Explicit
08-04 14:15:34.634 12327 12340 I art     : Explicit concurrent mark sweep GC freed 50631(2MB) AllocSpace objects, 3(156KB) LOS objects, 34% free, 30MB/46MB, paused 2.831ms total 66.925ms
08-04 14:15:34.653 12327 12340 I art     : Starting a blocking GC Explicit
08-04 14:15:34.708 12327 12340 I art     : Explicit concurrent mark sweep GC freed 9942(534KB) AllocSpace objects, 0(0B) LOS objects, 34% free, 30MB/46MB, paused 2.780ms total 54.727ms
08-04 14:15:34.728 12327 12340 I art     : Starting a blocking GC Explicit
08-04 14:15:34.790 12327 12340 I art     : Explicit concurrent mark sweep GC freed 16117(699KB) AllocSpace objects, 0(0B) LOS objects, 34% free, 30MB/46MB, paused 2.952ms total 61.862ms
08-04 14:15:34.810 12327 12340 I art     : Starting a blocking GC Explicit
08-04 14:15:34.868 12327 12340 I art     : Explicit concurrent mark sweep GC freed 14764(737KB) AllocSpace objects, 0(0B) LOS objects, 34% free, 30MB/46MB, paused 2.794ms total 58.305ms
08-04 14:15:34.886 12327 12340 I art     : Starting a blocking GC Explicit
08-04 14:15:34.955 12327 12340 I art     : Explicit concurrent mark sweep GC freed 4957(359KB) AllocSpace objects, 0(0B) LOS objects, 34% free, 30MB/46MB, paused 2.812ms total 58.839ms
08-04 14:15:34.994 12327 15178 I NAPPA_EXPERIMENTATION: MetricNetworkRequestExecutionTime: REQUEST_DURATION_SYSTEM='709',REQUEST_DURATION_OKHTTP='328',REQUEST_SYNCHRONOUS='TRUE',RESPONSE_CODE='200',RESPONSE_METHOD='GET',RESPONSE_LENGTH_OKHTTP='3891',RESPONSE_LENGTH_HEADER='3891',REQUEST_PROTOCOL='h2',REQUEST_URL='https://b.thumbs.redditmedia.com/CKInrczASoQbNvSBStGz11Tok0uCyQoxmZ02sOE37sQ.jpg',
08-04 14:15:34.994 12327 15178 D OK      : request got status: 200
08-04 14:15:35.038 12327 15179 I NAPPA_EXPERIMENTATION: MetricNetworkRequestExecutionTime: REQUEST_DURATION_SYSTEM='740',REQUEST_DURATION_OKHTTP='347',REQUEST_SYNCHRONOUS='TRUE',RESPONSE_CODE='200',RESPONSE_METHOD='GET',RESPONSE_LENGTH_OKHTTP='4487',RESPONSE_LENGTH_HEADER='4487',REQUEST_PROTOCOL='h2',REQUEST_URL='https://a.thumbs.redditmedia.com/sKVnLbatvJCZOE2ooe6CgiEftOB3ukgPMdcydbk9CZ4.jpg',
08-04 14:15:35.038 12327 15179 D OK      : request got status: 200
08-04 14:15:35.114 12327 15188 I NAPPA_EXPERIMENTATION: MetricNetworkRequestExecutionTime: REQUEST_DURATION_SYSTEM='777',REQUEST_DURATION_OKHTTP='398',REQUEST_SYNCHRONOUS='TRUE',RESPONSE_CODE='200',RESPONSE_METHOD='GET',RESPONSE_LENGTH_OKHTTP='6634',RESPONSE_LENGTH_HEADER='6634',REQUEST_PROTOCOL='h2',REQUEST_URL='https://b.thumbs.redditmedia.com/JTSWFy2_tijPk6cA5noKDydEAMkMJcDmKQTSX178zwc.jpg',
08-04 14:15:35.114 12327 15188 D OK      : request got status: 200
08-04 14:15:35.136 12327 15180 I NAPPA_EXPERIMENTATION: MetricNetworkRequestExecutionTime: REQUEST_DURATION_SYSTEM='835',REQUEST_DURATION_OKHTTP='418',REQUEST_SYNCHRONOUS='TRUE',RESPONSE_CODE='200',RESPONSE_METHOD='GET',RESPONSE_LENGTH_OKHTTP='6530',RESPONSE_LENGTH_HEADER='6530',REQUEST_PROTOCOL='h2',REQUEST_URL='https://a.thumbs.redditmedia.com/dFt2-stQJkfZ8O7r7ywG9GQsF08fZXxEJfQtAmiJ-F8.jpg',
08-04 14:15:35.137 12327 15180 D OK      : request got status: 200
08-04 14:15:35.175 12327 15182 I NAPPA_EXPERIMENTATION: MetricNetworkRequestExecutionTime: REQUEST_DURATION_SYSTEM='860',REQUEST_DURATION_OKHTTP='437',REQUEST_SYNCHRONOUS='TRUE',RESPONSE_CODE='200',RESPONSE_METHOD='GET',RESPONSE_LENGTH_OKHTTP='5113',RESPONSE_LENGTH_HEADER='5113',REQUEST_PROTOCOL='h2',REQUEST_URL='https://b.thumbs.redditmedia.com/1cAaKl6LkrikiRbLsBzzOvufKqRKuPi3wgjUkX8axkI.jpg',
08-04 14:15:35.175 12327 15182 D OK      : request got status: 200
08-04 14:15:35.196 12327 15186 I NAPPA_EXPERIMENTATION: MetricNetworkRequestExecutionTime: REQUEST_DURATION_SYSTEM='875',REQUEST_DURATION_OKHTTP='442',REQUEST_SYNCHRONOUS='TRUE',RESPONSE_CODE='200',RESPONSE_METHOD='GET',RESPONSE_LENGTH_OKHTTP='5439',RESPONSE_LENGTH_HEADER='5439',REQUEST_PROTOCOL='h2',REQUEST_URL='https://b.thumbs.redditmedia.com/tTmEfIrujbsvZXbhNSQS6Pc7o7ShCaGqZHbYf7nWdfg.jpg',
08-04 14:15:35.197 12327 15186 D OK      : request got status: 200
08-04 14:15:35.258 12327 15276 D OK      : calling: https://oauth.reddit.com/r/aww/hot/.json?after=t3_hz5odc
08-04 14:15:35.311 12327 12340 I art     : Starting a blocking GC Explicit
08-04 14:15:35.352 12327 15200 I NAPPA_EXPERIMENTATION: MetricNetworkRequestExecutionTime: REQUEST_DURATION_SYSTEM='988',REQUEST_DURATION_OKHTTP='503',REQUEST_SYNCHRONOUS='TRUE',RESPONSE_CODE='200',RESPONSE_METHOD='GET',RESPONSE_LENGTH_OKHTTP='4798',RESPONSE_LENGTH_HEADER='4798',REQUEST_PROTOCOL='h2',REQUEST_URL='https://a.thumbs.redditmedia.com/KpcC72KH04Be3BqxmFbv_Gz7LCy-24GU-70or3KCdJ4.jpg',
08-04 14:15:35.353 12327 15200 D OK      : request got status: 200
08-04 14:15:35.376 12327 12340 I art     : Explicit concurrent mark sweep GC freed 39297(2MB) AllocSpace objects, 24(1400KB) LOS objects, 33% free, 31MB/47MB, paused 2.444ms total 64.578ms
08-04 14:15:35.395 12327 12340 I art     : Starting a blocking GC Explicit
08-04 14:15:35.400 12327 15189 I NAPPA_EXPERIMENTATION: MetricNetworkRequestExecutionTime: REQUEST_DURATION_SYSTEM='1064',REQUEST_DURATION_OKHTTP='635',REQUEST_SYNCHRONOUS='TRUE',RESPONSE_CODE='200',RESPONSE_METHOD='GET',RESPONSE_LENGTH_OKHTTP='2700',RESPONSE_LENGTH_HEADER='2700',REQUEST_PROTOCOL='h2',REQUEST_URL='https://v.redd.it/fkewv2f65kd51/DASHPlaylist.mpd',
08-04 14:15:35.401 12327 15189 D OK      : request got status: 200
08-04 14:15:35.420 12327 15196 I NAPPA_EXPERIMENTATION: MetricNetworkRequestExecutionTime: REQUEST_DURATION_SYSTEM='1067',REQUEST_DURATION_OKHTTP='637',REQUEST_SYNCHRONOUS='TRUE',RESPONSE_CODE='200',RESPONSE_METHOD='GET',RESPONSE_LENGTH_OKHTTP='1713',RESPONSE_LENGTH_HEADER='1713',REQUEST_PROTOCOL='h2',REQUEST_URL='https://v.redd.it/ak6rer1hskd51/DASHPlaylist.mpd',
08-04 14:15:35.421 12327 15196 D OK      : request got status: 200
08-04 14:15:35.428 12327 15184 I NAPPA_EXPERIMENTATION: MetricNetworkRequestExecutionTime: REQUEST_DURATION_SYSTEM='1112',REQUEST_DURATION_OKHTTP='651',REQUEST_SYNCHRONOUS='TRUE',RESPONSE_CODE='200',RESPONSE_METHOD='GET',RESPONSE_LENGTH_OKHTTP='6242',RESPONSE_LENGTH_HEADER='6242',REQUEST_PROTOCOL='h2',REQUEST_URL='https://b.thumbs.redditmedia.com/NUqJWcobH7ToYhCM0w6nnAFZ46ymm9vPD25BC3s7Wco.jpg',
08-04 14:15:35.429 12327 15184 D OK      : request got status: 200
08-04 14:15:35.437 12327 15183 I NAPPA_EXPERIMENTATION: MetricNetworkRequestExecutionTime: REQUEST_DURATION_SYSTEM='1125',REQUEST_DURATION_OKHTTP='664',REQUEST_SYNCHRONOUS='TRUE',RESPONSE_CODE='200',RESPONSE_METHOD='GET',RESPONSE_LENGTH_OKHTTP='-1',RESPONSE_LENGTH_HEADER='379',REQUEST_PROTOCOL='h2',REQUEST_URL='https://api.imgur.com/3/image/NSO7Npm',
08-04 14:15:35.437 12327 15183 D OK      : request got status: 200
08-04 14:15:35.448 12327 12340 I art     : Explicit concurrent mark sweep GC freed 3492(251KB) AllocSpace objects, 14(948KB) LOS objects, 33% free, 31MB/47MB, paused 2.334ms total 52.921ms
08-04 14:15:35.452 12327 15189 I RedditVideosAPI: For 'https://v.redd.it/fkewv2f65kd51/DASHPlaylist.mpd', got video stream 'https://v.redd.it/fkewv2f65kd51/DASH_480' and audio stream 'https://v.redd.it/fkewv2f65kd51/audio'
08-04 14:15:35.457 12327 15193 I NAPPA_EXPERIMENTATION: MetricNetworkRequestExecutionTime: REQUEST_DURATION_SYSTEM='1110',REQUEST_DURATION_OKHTTP='667',REQUEST_SYNCHRONOUS='TRUE',RESPONSE_CODE='200',RESPONSE_METHOD='GET',RESPONSE_LENGTH_OKHTTP='6093',RESPONSE_LENGTH_HEADER='6093',REQUEST_PROTOCOL='h2',REQUEST_URL='https://b.thumbs.redditmedia.com/lQKqDneXS8E7ZBD9cUQy4OqOt8PuTneSvVFtnU0pwCE.jpg',
08-04 14:15:35.457 12327 15193 D OK      : request got status: 200
08-04 14:15:35.466 12327 15195 I NAPPA_EXPERIMENTATION: MetricNetworkRequestExecutionTime: REQUEST_DURATION_SYSTEM='1115',REQUEST_DURATION_OKHTTP='679',REQUEST_SYNCHRONOUS='TRUE',RESPONSE_CODE='200',RESPONSE_METHOD='GET',RESPONSE_LENGTH_OKHTTP='7078',RESPONSE_LENGTH_HEADER='7078',REQUEST_PROTOCOL='h2',REQUEST_URL='https://b.thumbs.redditmedia.com/X3yyAViE0gxiHR-kf9Z5xmLa8dKsm8iWJyKdWNVtOhU.jpg',
08-04 14:15:35.466 12327 15195 D OK      : request got status: 200
08-04 14:15:35.467 12327 12340 I art     : Starting a blocking GC Explicit
08-04 14:15:35.483 12327 15198 I NAPPA_EXPERIMENTATION: MetricNetworkRequestExecutionTime: REQUEST_DURATION_SYSTEM='1121',REQUEST_DURATION_OKHTTP='663',REQUEST_SYNCHRONOUS='TRUE',RESPONSE_CODE='200',RESPONSE_METHOD='GET',RESPONSE_LENGTH_OKHTTP='5207',RESPONSE_LENGTH_HEADER='5207',REQUEST_PROTOCOL='h2',REQUEST_URL='https://b.thumbs.redditmedia.com/Bx9FZp8_w10DfFUf_mqVPMfu4Y0h2lo41Dh4tl2eNeQ.jpg',
08-04 14:15:35.483 12327 15198 D OK      : request got status: 200
08-04 14:15:35.489 12327 15199 I NAPPA_EXPERIMENTATION: MetricNetworkRequestExecutionTime: REQUEST_DURATION_SYSTEM='1128',REQUEST_DURATION_OKHTTP='543',REQUEST_SYNCHRONOUS='TRUE',RESPONSE_CODE='200',RESPONSE_METHOD='GET',RESPONSE_LENGTH_OKHTTP='2429',RESPONSE_LENGTH_HEADER='2429',REQUEST_PROTOCOL='h2',REQUEST_URL='https://v.redd.it/h49fg58ygjd51/DASHPlaylist.mpd',
08-04 14:15:35.489 12327 15199 D OK      : request got status: 200
08-04 14:15:35.494 12327 15196 I RedditVideosAPI: For 'https://v.redd.it/ak6rer1hskd51/DASHPlaylist.mpd', got video stream 'https://v.redd.it/ak6rer1hskd51/DASH_360' and audio stream 'null'
08-04 14:15:35.517 12327 15204 I NAPPA_EXPERIMENTATION: MetricNetworkRequestExecutionTime: REQUEST_DURATION_SYSTEM='1145',REQUEST_DURATION_OKHTTP='557',REQUEST_SYNCHRONOUS='TRUE',RESPONSE_CODE='200',RESPONSE_METHOD='GET',RESPONSE_LENGTH_OKHTTP='3058',RESPONSE_LENGTH_HEADER='3058',REQUEST_PROTOCOL='h2',REQUEST_URL='https://v.redd.it/1ewzkieg0jd51/DASHPlaylist.mpd',
08-04 14:15:35.517 12327 15204 D OK      : request got status: 200
08-04 14:15:35.518 12327 12340 I art     : Explicit concurrent mark sweep GC freed 1961(237KB) AllocSpace objects, 16(956KB) LOS objects, 33% free, 32MB/48MB, paused 1.891ms total 50.783ms
08-04 14:15:35.532 12327 15192 I NAPPA_EXPERIMENTATION: MetricNetworkRequestExecutionTime: REQUEST_DURATION_SYSTEM='1186',REQUEST_DURATION_OKHTTP='711',REQUEST_SYNCHRONOUS='TRUE',RESPONSE_CODE='200',RESPONSE_METHOD='GET',RESPONSE_LENGTH_OKHTTP='4018',RESPONSE_LENGTH_HEADER='4018',REQUEST_PROTOCOL='h2',REQUEST_URL='https://b.thumbs.redditmedia.com/lVNra-iScxkYcYtSstJ-7J7pRAUDRXIwwJhsen1ZK9g.jpg',
08-04 14:15:35.532 12327 15192 D OK      : request got status: 200
08-04 14:15:35.536 12327 12340 I art     : Starting a blocking GC Explicit
08-04 14:15:35.541 12327 15185 I NAPPA_EXPERIMENTATION: MetricNetworkRequestExecutionTime: REQUEST_DURATION_SYSTEM='1223',REQUEST_DURATION_OKHTTP='722',REQUEST_SYNCHRONOUS='TRUE',RESPONSE_CODE='200',RESPONSE_METHOD='GET',RESPONSE_LENGTH_OKHTTP='6131',RESPONSE_LENGTH_HEADER='6131',REQUEST_PROTOCOL='h2',REQUEST_URL='https://b.thumbs.redditmedia.com/bUY4al781EZ3q7hUlnLebemHCXE3e63_SSxl2uo4Q4A.jpg',
08-04 14:15:35.541 12327 15185 D OK      : request got status: 200
08-04 14:15:35.549 12327 15199 I RedditVideosAPI: For 'https://v.redd.it/h49fg58ygjd51/DASHPlaylist.mpd', got video stream 'https://v.redd.it/h49fg58ygjd51/DASH_480' and audio stream 'null'
08-04 14:15:35.563 12327 15206 I NAPPA_EXPERIMENTATION: MetricNetworkRequestExecutionTime: REQUEST_DURATION_SYSTEM='1181',REQUEST_DURATION_OKHTTP='563',REQUEST_SYNCHRONOUS='TRUE',RESPONSE_CODE='200',RESPONSE_METHOD='GET',RESPONSE_LENGTH_OKHTTP='2787',RESPONSE_LENGTH_HEADER='2787',REQUEST_PROTOCOL='h2',REQUEST_URL='https://v.redd.it/ppmhu2r9thd51/DASHPlaylist.mpd',
08-04 14:15:35.563 12327 15206 D OK      : request got status: 200
08-04 14:15:35.568 12327 15204 I RedditVideosAPI: For 'https://v.redd.it/1ewzkieg0jd51/DASHPlaylist.mpd', got video stream 'https://v.redd.it/1ewzkieg0jd51/DASH_480' and audio stream 'https://v.redd.it/1ewzkieg0jd51/audio'
08-04 14:15:35.571 12327 15203 I NAPPA_EXPERIMENTATION: MetricNetworkRequestExecutionTime: REQUEST_DURATION_SYSTEM='1183',REQUEST_DURATION_OKHTTP='514',REQUEST_SYNCHRONOUS='TRUE',RESPONSE_CODE='200',RESPONSE_METHOD='GET',RESPONSE_LENGTH_OKHTTP='5648',RESPONSE_LENGTH_HEADER='5648',REQUEST_PROTOCOL='h2',REQUEST_URL='https://a.thumbs.redditmedia.com/cEOtajy3CAQrjwSA3hhSqnPx8bfkRzglo7Lz1SBTmE0.jpg',
08-04 14:15:35.571 12327 15203 D OK      : request got status: 200
08-04 14:15:35.587 12327 12340 I art     : Explicit concurrent mark sweep GC freed 1837(294KB) AllocSpace objects, 16(884KB) LOS objects, 32% free, 32MB/48MB, paused 1.733ms total 50.440ms
08-04 14:15:35.605 12327 12340 I art     : Starting a blocking GC Explicit
08-04 14:15:35.616 12327 15206 I RedditVideosAPI: For 'https://v.redd.it/ppmhu2r9thd51/DASHPlaylist.mpd', got video stream 'https://v.redd.it/ppmhu2r9thd51/DASH_480' and audio stream 'null'
08-04 14:15:35.631 12327 15191 I NAPPA_EXPERIMENTATION: MetricNetworkRequestExecutionTime: REQUEST_DURATION_SYSTEM='1292',REQUEST_DURATION_OKHTTP='793',REQUEST_SYNCHRONOUS='TRUE',RESPONSE_CODE='200',RESPONSE_METHOD='GET',RESPONSE_LENGTH_OKHTTP='8699',RESPONSE_LENGTH_HEADER='8699',REQUEST_PROTOCOL='h2',REQUEST_URL='https://b.thumbs.redditmedia.com/HkEQtny0bE4H3dMCd_woPsLAXBoPwp_DZ4ioFNIQLKk.jpg',
08-04 14:15:35.631 12327 15191 D OK      : request got status: 200
08-04 14:15:35.654 12327 15187 I NAPPA_EXPERIMENTATION: MetricNetworkRequestExecutionTime: REQUEST_DURATION_SYSTEM='1326',REQUEST_DURATION_OKHTTP='815',REQUEST_SYNCHRONOUS='TRUE',RESPONSE_CODE='200',RESPONSE_METHOD='GET',RESPONSE_LENGTH_OKHTTP='6434',RESPONSE_LENGTH_HEADER='6434',REQUEST_PROTOCOL='h2',REQUEST_URL='https://b.thumbs.redditmedia.com/_H8tFMmL5-3GrxYkCtMSHiyNfjbX8pxctOw_vrzyw7o.jpg',
08-04 14:15:35.655 12327 15187 D OK      : request got status: 200
08-04 14:15:35.655 12327 12340 I art     : Explicit concurrent mark sweep GC freed 1590(225KB) AllocSpace objects, 18(972KB) LOS objects, 32% free, 32MB/48MB, paused 1.550ms total 49.308ms
08-04 14:15:35.667 12327 15181 I NAPPA_EXPERIMENTATION: MetricNetworkRequestExecutionTime: REQUEST_DURATION_SYSTEM='1364',REQUEST_DURATION_OKHTTP='599',REQUEST_SYNCHRONOUS='TRUE',RESPONSE_CODE='200',RESPONSE_METHOD='GET',RESPONSE_LENGTH_OKHTTP='-1',RESPONSE_LENGTH_HEADER='812',REQUEST_PROTOCOL='http/1.1',REQUEST_URL='https://api.gfycat.com/v1/gfycats/deadlygravecavy',
08-04 14:15:35.667 12327 15181 D OK      : request got status: 200
08-04 14:15:35.682 12327 15190 I NAPPA_EXPERIMENTATION: MetricNetworkRequestExecutionTime: REQUEST_DURATION_SYSTEM='1339',REQUEST_DURATION_OKHTTP='817',REQUEST_SYNCHRONOUS='TRUE',RESPONSE_CODE='200',RESPONSE_METHOD='GET',RESPONSE_LENGTH_OKHTTP='7265',RESPONSE_LENGTH_HEADER='7265',REQUEST_PROTOCOL='h2',REQUEST_URL='https://b.thumbs.redditmedia.com/N6fiqTp8nJD2l7sUz4nij7j1yHYMTKaflUIrn8E2bAU.jpg',
08-04 14:15:35.684 12327 15190 D OK      : request got status: 200
08-04 14:15:35.704 12327 15217 I NAPPA_EXPERIMENTATION: MetricNetworkRequestExecutionTime: REQUEST_DURATION_SYSTEM='1279',REQUEST_DURATION_OKHTTP='555',REQUEST_SYNCHRONOUS='TRUE',RESPONSE_CODE='200',RESPONSE_METHOD='GET',RESPONSE_LENGTH_OKHTTP='2071',RESPONSE_LENGTH_HEADER='2071',REQUEST_PROTOCOL='h2',REQUEST_URL='https://v.redd.it/ty24o02m1hd51/DASHPlaylist.mpd',
08-04 14:15:35.704 12327 15217 D OK      : request got status: 200
08-04 14:15:35.709 12327 15205 I NAPPA_EXPERIMENTATION: MetricNetworkRequestExecutionTime: REQUEST_DURATION_SYSTEM='1331',REQUEST_DURATION_OKHTTP='764',REQUEST_SYNCHRONOUS='TRUE',RESPONSE_CODE='200',RESPONSE_METHOD='GET',RESPONSE_LENGTH_OKHTTP='5229',RESPONSE_LENGTH_HEADER='5229',REQUEST_PROTOCOL='h2',REQUEST_URL='https://b.thumbs.redditmedia.com/RrJbRRjFZWmckrONtkPTloJh52FfqD_XkLMuYuuQvAg.jpg',
08-04 14:15:35.709 12327 15205 D OK      : request got status: 200
08-04 14:15:35.716 12327 15211 I NAPPA_EXPERIMENTATION: MetricNetworkRequestExecutionTime: REQUEST_DURATION_SYSTEM='1311',REQUEST_DURATION_OKHTTP='540',REQUEST_SYNCHRONOUS='TRUE',RESPONSE_CODE='200',RESPONSE_METHOD='GET',RESPONSE_LENGTH_OKHTTP='2698',RESPONSE_LENGTH_HEADER='2698',REQUEST_PROTOCOL='h2',REQUEST_URL='https://v.redd.it/s9qqadf3mid51/DASHPlaylist.mpd',
08-04 14:15:35.716 12327 15211 D OK      : request got status: 200
08-04 14:15:35.722 12327 15213 I NAPPA_EXPERIMENTATION: MetricNetworkRequestExecutionTime: REQUEST_DURATION_SYSTEM='1318',REQUEST_DURATION_OKHTTP='554',REQUEST_SYNCHRONOUS='TRUE',RESPONSE_CODE='200',RESPONSE_METHOD='GET',RESPONSE_LENGTH_OKHTTP='3060',RESPONSE_LENGTH_HEADER='3060',REQUEST_PROTOCOL='h2',REQUEST_URL='https://v.redd.it/b8vazlcb7ld51/DASHPlaylist.mpd',
08-04 14:15:35.722 12327 15213 D OK      : request got status: 200
08-04 14:15:35.730 12327 15207 I NAPPA_EXPERIMENTATION: MetricNetworkRequestExecutionTime: REQUEST_DURATION_SYSTEM='1347',REQUEST_DURATION_OKHTTP='679',REQUEST_SYNCHRONOUS='TRUE',RESPONSE_CODE='200',RESPONSE_METHOD='GET',RESPONSE_LENGTH_OKHTTP='6163',RESPONSE_LENGTH_HEADER='6163',REQUEST_PROTOCOL='h2',REQUEST_URL='https://b.thumbs.redditmedia.com/chqK3f9u3D7UmfrGP85f4sOQFihMk6q7fFSeMyWs_7E.jpg',
08-04 14:15:35.730 12327 15207 D OK      : request got status: 200
08-04 14:15:35.734 12327 15223 I NAPPA_EXPERIMENTATION: MetricNetworkRequestExecutionTime: REQUEST_DURATION_SYSTEM='1296',REQUEST_DURATION_OKHTTP='540',REQUEST_SYNCHRONOUS='TRUE',RESPONSE_CODE='200',RESPONSE_METHOD='GET',RESPONSE_LENGTH_OKHTTP='2342',RESPONSE_LENGTH_HEADER='2342',REQUEST_PROTOCOL='h2',REQUEST_URL='https://v.redd.it/ar5k8892pid51/DASHPlaylist.mpd',
08-04 14:15:35.734 12327 15223 D OK      : request got status: 200
08-04 14:15:35.742 12327 15197 I NAPPA_EXPERIMENTATION: MetricNetworkRequestExecutionTime: REQUEST_DURATION_SYSTEM='1387',REQUEST_DURATION_OKHTTP='562',REQUEST_SYNCHRONOUS='TRUE',RESPONSE_CODE='200',RESPONSE_METHOD='GET',RESPONSE_LENGTH_OKHTTP='-1',RESPONSE_LENGTH_HEADER='1021',REQUEST_PROTOCOL='http/1.1',REQUEST_URL='https://api.gfycat.com/v1/gfycats/foolhardysparklinglarva',
08-04 14:15:35.742 12327 15197 D OK      : request got status: 200
08-04 14:15:35.746 12327 15208 I NAPPA_EXPERIMENTATION: MetricNetworkRequestExecutionTime: REQUEST_DURATION_SYSTEM='1349',REQUEST_DURATION_OKHTTP='694',REQUEST_SYNCHRONOUS='TRUE',RESPONSE_CODE='200',RESPONSE_METHOD='GET',RESPONSE_LENGTH_OKHTTP='8835',RESPONSE_LENGTH_HEADER='8835',REQUEST_PROTOCOL='h2',REQUEST_URL='https://b.thumbs.redditmedia.com/B18Vu5Jw71XCkFOFHimnUC42ya8apHsmcCW-HFmtb6w.jpg',
08-04 14:15:35.747 12327 15208 D OK      : request got status: 200
08-04 14:15:35.747 12327 15194 I NAPPA_EXPERIMENTATION: MetricNetworkRequestExecutionTime: REQUEST_DURATION_SYSTEM='1396',REQUEST_DURATION_OKHTTP='580',REQUEST_SYNCHRONOUS='TRUE',RESPONSE_CODE='200',RESPONSE_METHOD='GET',RESPONSE_LENGTH_OKHTTP='-1',RESPONSE_LENGTH_HEADER='955',REQUEST_PROTOCOL='http/1.1',REQUEST_URL='https://api.gfycat.com/v1/gfycats/altruisticthankfulankolewatusi',
08-04 14:15:35.747 12327 15194 D OK      : request got status: 200
08-04 14:15:35.756 12327 15276 I NAPPA_EXPERIMENTATION: MetricNetworkRequestExecutionTime: REQUEST_DURATION_SYSTEM='497',REQUEST_DURATION_OKHTTP='494',REQUEST_SYNCHRONOUS='TRUE',RESPONSE_CODE='200',RESPONSE_METHOD='GET',RESPONSE_LENGTH_OKHTTP='-1',RESPONSE_LENGTH_HEADER='30610',REQUEST_PROTOCOL='h2',REQUEST_URL='https://oauth.reddit.com/r/aww/hot/.json?after=t3_hz5odc',
08-04 14:15:35.756 12327 15276 D OK      : request got status: 200
08-04 14:15:35.758 12327 15212 I NAPPA_EXPERIMENTATION: MetricNetworkRequestExecutionTime: REQUEST_DURATION_SYSTEM='1357',REQUEST_DURATION_OKHTTP='690',REQUEST_SYNCHRONOUS='TRUE',RESPONSE_CODE='200',RESPONSE_METHOD='GET',RESPONSE_LENGTH_OKHTTP='2861',RESPONSE_LENGTH_HEADER='2861',REQUEST_PROTOCOL='h2',REQUEST_URL='https://b.thumbs.redditmedia.com/iZuzjufMpYUYtQRLjRwce4RDb6JYsId95_iezR2Uc0w.jpg',
08-04 14:15:35.758 12327 15212 D OK      : request got status: 200
08-04 14:15:35.766 12327 15218 I NAPPA_EXPERIMENTATION: MetricNetworkRequestExecutionTime: REQUEST_DURATION_SYSTEM='1335',REQUEST_DURATION_OKHTTP='586',REQUEST_SYNCHRONOUS='TRUE',RESPONSE_CODE='200',RESPONSE_METHOD='GET',RESPONSE_LENGTH_OKHTTP='4249',RESPONSE_LENGTH_HEADER='4249',REQUEST_PROTOCOL='h2',REQUEST_URL='https://b.thumbs.redditmedia.com/lMqJbh1Z40ffemA0TnSfVnovznn4hvJNue60AsJ-ETs.jpg',
08-04 14:15:35.766 12327 15218 D OK      : request got status: 200
08-04 14:15:35.766 12327 12901 I PostListingFragment: Precaching images: OFF
08-04 14:15:35.766 12327 12901 I PostListingFragment: Precaching comments: OFF
08-04 14:15:35.775 12327 15226 I NAPPA_EXPERIMENTATION: MetricNetworkRequestExecutionTime: REQUEST_DURATION_SYSTEM='1322',REQUEST_DURATION_OKHTTP='577',REQUEST_SYNCHRONOUS='TRUE',RESPONSE_CODE='200',RESPONSE_METHOD='GET',RESPONSE_LENGTH_OKHTTP='6221',RESPONSE_LENGTH_HEADER='6221',REQUEST_PROTOCOL='h2',REQUEST_URL='https://b.thumbs.redditmedia.com/d_-UsfmKASoIHi4vZyyjvvwFtm1S7-DEi9AQPOnGIgY.jpg',
08-04 14:15:35.775 12327 15226 D OK      : request got status: 200
08-04 14:15:35.777 12327 15216 I NAPPA_EXPERIMENTATION: MetricNetworkRequestExecutionTime: REQUEST_DURATION_SYSTEM='1358',REQUEST_DURATION_OKHTTP='622',REQUEST_SYNCHRONOUS='TRUE',RESPONSE_CODE='200',RESPONSE_METHOD='GET',RESPONSE_LENGTH_OKHTTP='4067',RESPONSE_LENGTH_HEADER='4067',REQUEST_PROTOCOL='h2',REQUEST_URL='https://b.thumbs.redditmedia.com/XNb1kfskabGDLMqv661Q22hBtCb8w5oyePDcFaZi9aY.jpg',
08-04 14:15:35.777 12327 15216 D OK      : request got status: 200
08-04 14:15:35.788 12327 15219 I NAPPA_EXPERIMENTATION: MetricNetworkRequestExecutionTime: REQUEST_DURATION_SYSTEM='1350',REQUEST_DURATION_OKHTTP='588',REQUEST_SYNCHRONOUS='TRUE',RESPONSE_CODE='200',RESPONSE_METHOD='GET',RESPONSE_LENGTH_OKHTTP='6843',RESPONSE_LENGTH_HEADER='6843',REQUEST_PROTOCOL='h2',REQUEST_URL='https://b.thumbs.redditmedia.com/x5l4cICw0WNNvslt5FqVjwj89XrGjrXnNbaSyQRAyCo.jpg',
08-04 14:15:35.788 12327 15219 D OK      : request got status: 200
08-04 14:15:35.804 12327 15222 I NAPPA_EXPERIMENTATION: MetricNetworkRequestExecutionTime: REQUEST_DURATION_SYSTEM='1369',REQUEST_DURATION_OKHTTP='530',REQUEST_SYNCHRONOUS='TRUE',RESPONSE_CODE='200',RESPONSE_METHOD='GET',RESPONSE_LENGTH_OKHTTP='6778',RESPONSE_LENGTH_HEADER='6778',REQUEST_PROTOCOL='h2',REQUEST_URL='https://b.thumbs.redditmedia.com/189nmwjW7eGWBD0J-cxzsUac1V1ZWGzMFC66inY4u4Y.jpg',
08-04 14:15:35.804 12327 15222 D OK      : request got status: 200
08-04 14:15:35.810 12327 15217 I RedditVideosAPI: For 'https://v.redd.it/ty24o02m1hd51/DASHPlaylist.mpd', got video stream 'https://v.redd.it/ty24o02m1hd51/DASH_480' and audio stream 'null'
08-04 14:15:35.845 12327 12901 I getImgurImageInfo: Image nLQR2hT: trying API v3 with auth
08-04 14:15:35.849 12327 15211 I RedditVideosAPI: For 'https://v.redd.it/s9qqadf3mid51/DASHPlaylist.mpd', got video stream 'https://v.redd.it/s9qqadf3mid51/DASH_480' and audio stream 'https://v.redd.it/s9qqadf3mid51/audio'
08-04 14:15:35.859 12327 15289 D OK      : calling: https://b.thumbs.redditmedia.com/WehZGjN94ALGdO0M7RjPJ2EwcyyWVZ_NUn1Fuf7IYWY.jpg
08-04 14:15:35.901 12327 15213 I RedditVideosAPI: For 'https://v.redd.it/b8vazlcb7ld51/DASHPlaylist.mpd', got video stream 'https://v.redd.it/b8vazlcb7ld51/DASH_480' and audio stream 'https://v.redd.it/b8vazlcb7ld51/audio'
08-04 14:15:35.924 12327 15223 I RedditVideosAPI: For 'https://v.redd.it/ar5k8892pid51/DASHPlaylist.mpd', got video stream 'https://v.redd.it/ar5k8892pid51/DASH_360' and audio stream 'https://v.redd.it/ar5k8892pid51/audio'
08-04 14:15:35.938 12327 15290 D OK      : calling: https://b.thumbs.redditmedia.com/Xdo4lcQOwuUNK1yxSlXZ0OI8u23ORAr16_AzfAZ1nvU.jpg
08-04 14:15:35.978 12327 12341 I art     : Starting a blocking GC Explicit
08-04 14:15:35.998 12327 15293 D OK      : calling: https://b.thumbs.redditmedia.com/2KMYZ5hTlKXSvNO4hDUPyMba8Yz6skyu1SjUhLq1d9s.jpg
08-04 14:15:36.007 12327 15294 D OK      : calling: https://a.thumbs.redditmedia.com/EFVm-ZqqhARyEaKgtwU74c7tfzEDJvI0uiHXGglFag4.jpg
08-04 14:15:36.010 12327 15295 D OK      : calling: https://b.thumbs.redditmedia.com/qi4bNDKzoPvaSaSx99K2bAjwaRHh1nuOrcbySp1JHdk.jpg
08-04 14:15:36.012 12327 15296 D OK      : calling: https://b.thumbs.redditmedia.com/Ja8yiRMklM2lXd8q60LtBI6CqdmJ5YbWHRiBVFmICJA.jpg
08-04 14:15:36.014 12327 15297 D OK      : calling: https://b.thumbs.redditmedia.com/o5lSsJ_tCgCQxcdjMGaYxuveNluXB1PQT4PokXDhpvc.jpg
08-04 14:15:36.017 12327 15298 D OK      : calling: https://b.thumbs.redditmedia.com/SiCWTmKkQcbiAa7naxAHnw0adTeRkq1dB8QSqzGU7-Q.jpg
08-04 14:15:36.019 12327 15299 D OK      : calling: https://b.thumbs.redditmedia.com/C9qrVibnNxmzfLDKvEHp2v2Bo-Kqme7PoKC52s2o52M.jpg
08-04 14:15:36.022 12327 15300 D OK      : calling: https://a.thumbs.redditmedia.com/Tfsm0ol-ltlxNSBAkZ_4G4302d0hYeOSODkvXidBBR8.jpg
08-04 14:15:36.024 12327 15301 D OK      : calling: https://a.thumbs.redditmedia.com/Kzag-wH9wKRRg2MnPwgoFgXT_2jN_nkJ1lY1aNRQyT4.jpg
08-04 14:15:36.027 12327 15302 D OK      : calling: https://a.thumbs.redditmedia.com/P4gSGpXpi2wDXthNZ-LiwEs5Jvplm6dQ7W7Isqa7un4.jpg
08-04 14:15:36.033 12327 15303 D OK      : calling: https://b.thumbs.redditmedia.com/XkIhgqugP-9Zcb5I9A8o0r-zQJDh_6kastc0oWiiHkI.jpg
08-04 14:15:36.035 12327 15304 D OK      : calling: https://b.thumbs.redditmedia.com/3QPAtixkID9ojpqCAgfspJpruqoq45fM1G-Fx1K2F2A.jpg
08-04 14:15:36.038 12327 15305 D OK      : calling: https://b.thumbs.redditmedia.com/orK4W8Xc99pTzIT6q1waTsppldq24p1qMsHtkNnmu9w.jpg
08-04 14:15:36.040 12327 12341 I art     : Explicit concurrent mark sweep GC freed 33205(2MB) AllocSpace objects, 84(5MB) LOS objects, 30% free, 36MB/52MB, paused 1.592ms total 62.096ms
08-04 14:15:36.043 12327 15306 D OK      : calling: https://b.thumbs.redditmedia.com/B1vXKY_-gTPbs625-RJ1MLIXxzCqfmnCB_0xnGjCECQ.jpg
08-04 14:15:36.050 12327 15307 D OK      : calling: https://a.thumbs.redditmedia.com/ffAKmOqnTuDMNR9MRfCdRtkq_CzN3MVhZxS64ZPYRh4.jpg
08-04 14:15:36.050 12327 15308 D OK      : calling: https://b.thumbs.redditmedia.com/OF1KI_LdSDMMWCy-WgJyRhIcM5fr7kDyu_OnpfRXHfI.jpg
08-04 14:15:36.055 12327 15309 D OK      : calling: https://b.thumbs.redditmedia.com/vuAhA4gGAmYfrTFA4woxZcKgmiDzJ3nAsql2pxcYGFs.jpg
08-04 14:15:36.056 12327 15310 D OK      : calling: https://b.thumbs.redditmedia.com/PtV7mFsO2n0j4YJweZjEqyVJ45hap4hXix9dwj6D0Wg.jpg
08-04 14:15:36.059 12327 15312 D OK      : calling: https://b.thumbs.redditmedia.com/wxTBcOhAgsmbc-TRaGNHpYJYnEOBr2LNsaZ6pCM91Lc.jpg
08-04 14:15:36.061 12327 15313 D OK      : calling: https://b.thumbs.redditmedia.com/Wo7bFIVNZYYuNioRYwZFYxrl6QMk0lT-3W01wrXgHmE.jpg
08-04 14:15:36.063 12327 15314 D OK      : calling: https://b.thumbs.redditmedia.com/NoqMycYTzsyhI0Lq351riEI1mO9p8PvY1QwcZ9Irb9g.jpg
08-04 14:15:36.065 12327 15315 D OK      : calling: https://b.thumbs.redditmedia.com/KrRufqpifph7KM2Le5RdqEYQb24zbB4fizBJpFaH1Pc.jpg
08-04 14:15:36.065 12327 12341 I art     : Starting a blocking GC Explicit
08-04 14:15:36.070 12327 15316 D OK      : calling: https://b.thumbs.redditmedia.com/u2qz17QE3X5G7kkJrgK3HPCdxNQxNkhaWqfIhCuRMvE.jpg
08-04 14:15:36.073 12327 15317 D OK      : calling: https://v.redd.it/syww111dtjd51/DASHPlaylist.mpd
08-04 14:15:36.075 12327 15318 D OK      : calling: https://v.redd.it/pbqrrfb3tkd51/DASHPlaylist.mpd
08-04 14:15:36.078 12327 15319 D OK      : calling: https://v.redd.it/rrygsb8i4ld51/DASHPlaylist.mpd
08-04 14:15:36.080 12327 15320 D OK      : calling: https://v.redd.it/5x6zzipz8ld51/DASHPlaylist.mpd
08-04 14:15:36.083 12327 15321 D OK      : calling: https://v.redd.it/75en73fm5id51/DASHPlaylist.mpd
08-04 14:15:36.085 12327 15324 D OK      : calling: https://api.imgur.com/3/image/nLQR2hT
08-04 14:15:36.088 12327 15325 D OK      : calling: https://v.redd.it/ggz4fyth6hd51/DASHPlaylist.mpd
08-04 14:15:36.090 12327 15326 D OK      : calling: https://v.redd.it/psrknoobrgd51/DASHPlaylist.mpd
08-04 14:15:36.092 12327 15327 D OK      : calling: https://v.redd.it/jk6cwef4wld51/DASHPlaylist.mpd
08-04 14:15:36.094 12327 15328 D OK      : calling: https://v.redd.it/t81s8zfz9ld51/DASHPlaylist.mpd
08-04 14:15:36.097 12327 15329 D OK      : calling: https://v.redd.it/xd6c4yyutgd51/DASHPlaylist.mpd
08-04 14:15:36.099 12327 15330 D OK      : calling: https://v.redd.it/ue0jdgk9zhd51/DASHPlaylist.mpd
08-04 14:15:36.119 12327 12341 I art     : Explicit concurrent mark sweep GC freed 26849(1318KB) AllocSpace objects, 4(272KB) LOS objects, 31% free, 35MB/51MB, paused 2.561ms total 53.587ms
08-04 14:15:36.137 12327 12341 I art     : Starting a blocking GC Explicit
08-04 14:15:36.168 12327 15289 I NAPPA_EXPERIMENTATION: MetricNetworkRequestExecutionTime: REQUEST_DURATION_SYSTEM='309',REQUEST_DURATION_OKHTTP='204',REQUEST_SYNCHRONOUS='TRUE',RESPONSE_CODE='200',RESPONSE_METHOD='GET',RESPONSE_LENGTH_OKHTTP='5435',RESPONSE_LENGTH_HEADER='5435',REQUEST_PROTOCOL='h2',REQUEST_URL='https://b.thumbs.redditmedia.com/WehZGjN94ALGdO0M7RjPJ2EwcyyWVZ_NUn1Fuf7IYWY.jpg',
08-04 14:15:36.168 12327 15289 D OK      : request got status: 200
08-04 14:15:36.193 12327 12341 I art     : Explicit concurrent mark sweep GC freed 1042(50KB) AllocSpace objects, 0(0B) LOS objects, 31% free, 35MB/51MB, paused 2.696ms total 55.123ms
08-04 14:15:36.212 12327 12341 I art     : Starting a blocking GC Explicit
08-04 14:15:36.239 12327 15293 I NAPPA_EXPERIMENTATION: MetricNetworkRequestExecutionTime: REQUEST_DURATION_SYSTEM='241',REQUEST_DURATION_OKHTTP='240',REQUEST_SYNCHRONOUS='TRUE',RESPONSE_CODE='200',RESPONSE_METHOD='GET',RESPONSE_LENGTH_OKHTTP='5098',RESPONSE_LENGTH_HEADER='5098',REQUEST_PROTOCOL='h2',REQUEST_URL='https://b.thumbs.redditmedia.com/2KMYZ5hTlKXSvNO4hDUPyMba8Yz6skyu1SjUhLq1d9s.jpg',
08-04 14:15:36.239 12327 15293 D OK      : request got status: 200
08-04 14:15:36.272 12327 12341 I art     : Explicit concurrent mark sweep GC freed 523(61KB) AllocSpace objects, 6(456KB) LOS objects, 31% free, 35MB/51MB, paused 2.598ms total 59.946ms
08-04 14:15:36.293 12327 12341 I art     : Starting a blocking GC Explicit
08-04 14:15:36.300 12327 15295 I NAPPA_EXPERIMENTATION: MetricNetworkRequestExecutionTime: REQUEST_DURATION_SYSTEM='290',REQUEST_DURATION_OKHTTP='290',REQUEST_SYNCHRONOUS='TRUE',RESPONSE_CODE='200',RESPONSE_METHOD='GET',RESPONSE_LENGTH_OKHTTP='4475',RESPONSE_LENGTH_HEADER='4475',REQUEST_PROTOCOL='h2',REQUEST_URL='https://b.thumbs.redditmedia.com/qi4bNDKzoPvaSaSx99K2bAjwaRHh1nuOrcbySp1JHdk.jpg',
08-04 14:15:36.301 12327 15295 D OK      : request got status: 200
08-04 14:15:36.358 12327 12341 I art     : Explicit concurrent mark sweep GC freed 589(64KB) AllocSpace objects, 3(108KB) LOS objects, 30% free, 36MB/52MB, paused 2.527ms total 63.865ms
08-04 14:15:36.366 12327 15297 I NAPPA_EXPERIMENTATION: MetricNetworkRequestExecutionTime: REQUEST_DURATION_SYSTEM='351',REQUEST_DURATION_OKHTTP='351',REQUEST_SYNCHRONOUS='TRUE',RESPONSE_CODE='200',RESPONSE_METHOD='GET',RESPONSE_LENGTH_OKHTTP='4921',RESPONSE_LENGTH_HEADER='4921',REQUEST_PROTOCOL='h2',REQUEST_URL='https://b.thumbs.redditmedia.com/o5lSsJ_tCgCQxcdjMGaYxuveNluXB1PQT4PokXDhpvc.jpg',
08-04 14:15:36.366 12327 15297 D OK      : request got status: 200
08-04 14:15:36.416 12327 15298 I NAPPA_EXPERIMENTATION: MetricNetworkRequestExecutionTime: REQUEST_DURATION_SYSTEM='398',REQUEST_DURATION_OKHTTP='397',REQUEST_SYNCHRONOUS='TRUE',RESPONSE_CODE='200',RESPONSE_METHOD='GET',RESPONSE_LENGTH_OKHTTP='5968',RESPONSE_LENGTH_HEADER='5968',REQUEST_PROTOCOL='h2',REQUEST_URL='https://b.thumbs.redditmedia.com/SiCWTmKkQcbiAa7naxAHnw0adTeRkq1dB8QSqzGU7-Q.jpg',
08-04 14:15:36.416 12327 15298 D OK      : request got status: 200
08-04 14:15:36.423 12327 15296 I NAPPA_EXPERIMENTATION: MetricNetworkRequestExecutionTime: REQUEST_DURATION_SYSTEM='411',REQUEST_DURATION_OKHTTP='410',REQUEST_SYNCHRONOUS='TRUE',RESPONSE_CODE='200',RESPONSE_METHOD='GET',RESPONSE_LENGTH_OKHTTP='5414',RESPONSE_LENGTH_HEADER='5414',REQUEST_PROTOCOL='h2',REQUEST_URL='https://b.thumbs.redditmedia.com/Ja8yiRMklM2lXd8q60LtBI6CqdmJ5YbWHRiBVFmICJA.jpg',
08-04 14:15:36.423 12327 15296 D OK      : request got status: 200
08-04 14:15:36.426 12327 15299 I NAPPA_EXPERIMENTATION: MetricNetworkRequestExecutionTime: REQUEST_DURATION_SYSTEM='407',REQUEST_DURATION_OKHTTP='405',REQUEST_SYNCHRONOUS='TRUE',RESPONSE_CODE='200',RESPONSE_METHOD='GET',RESPONSE_LENGTH_OKHTTP='5378',RESPONSE_LENGTH_HEADER='5378',REQUEST_PROTOCOL='h2',REQUEST_URL='https://b.thumbs.redditmedia.com/C9qrVibnNxmzfLDKvEHp2v2Bo-Kqme7PoKC52s2o52M.jpg',
08-04 14:15:36.426 12327 15299 D OK      : request got status: 200
08-04 14:15:36.435 12327 15303 I NAPPA_EXPERIMENTATION: MetricNetworkRequestExecutionTime: REQUEST_DURATION_SYSTEM='402',REQUEST_DURATION_OKHTTP='402',REQUEST_SYNCHRONOUS='TRUE',RESPONSE_CODE='200',RESPONSE_METHOD='GET',RESPONSE_LENGTH_OKHTTP='4080',RESPONSE_LENGTH_HEADER='4080',REQUEST_PROTOCOL='h2',REQUEST_URL='https://b.thumbs.redditmedia.com/XkIhgqugP-9Zcb5I9A8o0r-zQJDh_6kastc0oWiiHkI.jpg',
08-04 14:15:36.435 12327 15303 D OK      : request got status: 200
08-04 14:15:36.456 12327 15304 I NAPPA_EXPERIMENTATION: MetricNetworkRequestExecutionTime: REQUEST_DURATION_SYSTEM='420',REQUEST_DURATION_OKHTTP='419',REQUEST_SYNCHRONOUS='TRUE',RESPONSE_CODE='200',RESPONSE_METHOD='GET',RESPONSE_LENGTH_OKHTTP='3183',RESPONSE_LENGTH_HEADER='3183',REQUEST_PROTOCOL='h2',REQUEST_URL='https://b.thumbs.redditmedia.com/3QPAtixkID9ojpqCAgfspJpruqoq45fM1G-Fx1K2F2A.jpg',
08-04 14:15:36.456 12327 15304 D OK      : request got status: 200
08-04 14:15:36.461 12327 15305 I NAPPA_EXPERIMENTATION: MetricNetworkRequestExecutionTime: REQUEST_DURATION_SYSTEM='422',REQUEST_DURATION_OKHTTP='422',REQUEST_SYNCHRONOUS='TRUE',RESPONSE_CODE='200',RESPONSE_METHOD='GET',RESPONSE_LENGTH_OKHTTP='6654',RESPONSE_LENGTH_HEADER='6654',REQUEST_PROTOCOL='h2',REQUEST_URL='https://b.thumbs.redditmedia.com/orK4W8Xc99pTzIT6q1waTsppldq24p1qMsHtkNnmu9w.jpg',
08-04 14:15:36.461 12327 15305 D OK      : request got status: 200
08-04 14:15:36.508 12327 15306 I NAPPA_EXPERIMENTATION: MetricNetworkRequestExecutionTime: REQUEST_DURATION_SYSTEM='465',REQUEST_DURATION_OKHTTP='464',REQUEST_SYNCHRONOUS='TRUE',RESPONSE_CODE='200',RESPONSE_METHOD='GET',RESPONSE_LENGTH_OKHTTP='3864',RESPONSE_LENGTH_HEADER='3864',REQUEST_PROTOCOL='h2',REQUEST_URL='https://b.thumbs.redditmedia.com/B1vXKY_-gTPbs625-RJ1MLIXxzCqfmnCB_0xnGjCECQ.jpg',
08-04 14:15:36.508 12327 15306 D OK      : request got status: 200
08-04 14:15:36.565 12327 15308 I NAPPA_EXPERIMENTATION: MetricNetworkRequestExecutionTime: REQUEST_DURATION_SYSTEM='514',REQUEST_DURATION_OKHTTP='513',REQUEST_SYNCHRONOUS='TRUE',RESPONSE_CODE='200',RESPONSE_METHOD='GET',RESPONSE_LENGTH_OKHTTP='5125',RESPONSE_LENGTH_HEADER='5125',REQUEST_PROTOCOL='h2',REQUEST_URL='https://b.thumbs.redditmedia.com/OF1KI_LdSDMMWCy-WgJyRhIcM5fr7kDyu_OnpfRXHfI.jpg',
08-04 14:15:36.565 12327 15308 D OK      : request got status: 200
08-04 14:15:36.567 12327 15290 I NAPPA_EXPERIMENTATION: MetricNetworkRequestExecutionTime: REQUEST_DURATION_SYSTEM='629',REQUEST_DURATION_OKHTTP='512',REQUEST_SYNCHRONOUS='TRUE',RESPONSE_CODE='200',RESPONSE_METHOD='GET',RESPONSE_LENGTH_OKHTTP='5191',RESPONSE_LENGTH_HEADER='5191',REQUEST_PROTOCOL='h2',REQUEST_URL='https://b.thumbs.redditmedia.com/Xdo4lcQOwuUNK1yxSlXZ0OI8u23ORAr16_AzfAZ1nvU.jpg',
08-04 14:15:36.567 12327 15290 D OK      : request got status: 200
08-04 14:15:36.630 12327 15309 I NAPPA_EXPERIMENTATION: MetricNetworkRequestExecutionTime: REQUEST_DURATION_SYSTEM='575',REQUEST_DURATION_OKHTTP='572',REQUEST_SYNCHRONOUS='TRUE',RESPONSE_CODE='200',RESPONSE_METHOD='GET',RESPONSE_LENGTH_OKHTTP='6723',RESPONSE_LENGTH_HEADER='6723',REQUEST_PROTOCOL='h2',REQUEST_URL='https://b.thumbs.redditmedia.com/vuAhA4gGAmYfrTFA4woxZcKgmiDzJ3nAsql2pxcYGFs.jpg',
08-04 14:15:36.630 12327 15309 D OK      : request got status: 200
08-04 14:15:36.637 12327 15310 I NAPPA_EXPERIMENTATION: MetricNetworkRequestExecutionTime: REQUEST_DURATION_SYSTEM='581',REQUEST_DURATION_OKHTTP='580',REQUEST_SYNCHRONOUS='TRUE',RESPONSE_CODE='200',RESPONSE_METHOD='GET',RESPONSE_LENGTH_OKHTTP='5329',RESPONSE_LENGTH_HEADER='5329',REQUEST_PROTOCOL='h2',REQUEST_URL='https://b.thumbs.redditmedia.com/PtV7mFsO2n0j4YJweZjEqyVJ45hap4hXix9dwj6D0Wg.jpg',
08-04 14:15:36.637 12327 15310 D OK      : request got status: 200
08-04 14:15:36.683 12327 15314 I NAPPA_EXPERIMENTATION: MetricNetworkRequestExecutionTime: REQUEST_DURATION_SYSTEM='619',REQUEST_DURATION_OKHTTP='618',REQUEST_SYNCHRONOUS='TRUE',RESPONSE_CODE='200',RESPONSE_METHOD='GET',RESPONSE_LENGTH_OKHTTP='5648',RESPONSE_LENGTH_HEADER='5648',REQUEST_PROTOCOL='h2',REQUEST_URL='https://b.thumbs.redditmedia.com/NoqMycYTzsyhI0Lq351riEI1mO9p8PvY1QwcZ9Irb9g.jpg',
08-04 14:15:36.683 12327 15314 D OK      : request got status: 200
08-04 14:15:36.693 12327 15315 I NAPPA_EXPERIMENTATION: MetricNetworkRequestExecutionTime: REQUEST_DURATION_SYSTEM='628',REQUEST_DURATION_OKHTTP='623',REQUEST_SYNCHRONOUS='TRUE',RESPONSE_CODE='200',RESPONSE_METHOD='GET',RESPONSE_LENGTH_OKHTTP='5198',RESPONSE_LENGTH_HEADER='5198',REQUEST_PROTOCOL='h2',REQUEST_URL='https://b.thumbs.redditmedia.com/KrRufqpifph7KM2Le5RdqEYQb24zbB4fizBJpFaH1Pc.jpg',
08-04 14:15:36.693 12327 15315 D OK      : request got status: 200
08-04 14:15:36.702 12327 12352 I art     : Starting a blocking GC Explicit
08-04 14:15:36.710 12327 15312 I NAPPA_EXPERIMENTATION: MetricNetworkRequestExecutionTime: REQUEST_DURATION_SYSTEM='651',REQUEST_DURATION_OKHTTP='650',REQUEST_SYNCHRONOUS='TRUE',RESPONSE_CODE='200',RESPONSE_METHOD='GET',RESPONSE_LENGTH_OKHTTP='6316',RESPONSE_LENGTH_HEADER='6316',REQUEST_PROTOCOL='h2',REQUEST_URL='https://b.thumbs.redditmedia.com/wxTBcOhAgsmbc-TRaGNHpYJYnEOBr2LNsaZ6pCM91Lc.jpg',
08-04 14:15:36.710 12327 15312 D OK      : request got status: 200
08-04 14:15:36.722 12327 15313 I NAPPA_EXPERIMENTATION: MetricNetworkRequestExecutionTime: REQUEST_DURATION_SYSTEM='661',REQUEST_DURATION_OKHTTP='660',REQUEST_SYNCHRONOUS='TRUE',RESPONSE_CODE='200',RESPONSE_METHOD='GET',RESPONSE_LENGTH_OKHTTP='7815',RESPONSE_LENGTH_HEADER='7815',REQUEST_PROTOCOL='h2',REQUEST_URL='https://b.thumbs.redditmedia.com/Wo7bFIVNZYYuNioRYwZFYxrl6QMk0lT-3W01wrXgHmE.jpg',
08-04 14:15:36.722 12327 15313 D OK      : request got status: 200
08-04 14:15:36.763 12327 12352 I art     : Explicit concurrent mark sweep GC freed 23542(1481KB) AllocSpace objects, 55(3MB) LOS objects, 29% free, 38MB/54MB, paused 1.897ms total 61.439ms
08-04 14:15:36.765 12327 15316 I NAPPA_EXPERIMENTATION: MetricNetworkRequestExecutionTime: REQUEST_DURATION_SYSTEM='695',REQUEST_DURATION_OKHTTP='693',REQUEST_SYNCHRONOUS='TRUE',RESPONSE_CODE='200',RESPONSE_METHOD='GET',RESPONSE_LENGTH_OKHTTP='5579',RESPONSE_LENGTH_HEADER='5579',REQUEST_PROTOCOL='h2',REQUEST_URL='https://b.thumbs.redditmedia.com/u2qz17QE3X5G7kkJrgK3HPCdxNQxNkhaWqfIhCuRMvE.jpg',
08-04 14:15:36.765 12327 15316 D OK      : request got status: 200
08-04 14:15:36.782 12327 12352 I art     : Starting a blocking GC Explicit
08-04 14:15:36.819 12327 15294 I NAPPA_EXPERIMENTATION: MetricNetworkRequestExecutionTime: REQUEST_DURATION_SYSTEM='812',REQUEST_DURATION_OKHTTP='363',REQUEST_SYNCHRONOUS='TRUE',RESPONSE_CODE='200',RESPONSE_METHOD='GET',RESPONSE_LENGTH_OKHTTP='5307',RESPONSE_LENGTH_HEADER='5307',REQUEST_PROTOCOL='h2',REQUEST_URL='https://a.thumbs.redditmedia.com/EFVm-ZqqhARyEaKgtwU74c7tfzEDJvI0uiHXGglFag4.jpg',
08-04 14:15:36.820 12327 15294 D OK      : request got status: 200
08-04 14:15:36.834 12327 12352 I art     : Explicit concurrent mark sweep GC freed 7975(530KB) AllocSpace objects, 19(1144KB) LOS objects, 29% free, 39MB/55MB, paused 1.914ms total 51.551ms
08-04 14:15:36.852 12327 12352 I art     : Starting a blocking GC Explicit
08-04 14:15:36.871 12327 15301 I NAPPA_EXPERIMENTATION: MetricNetworkRequestExecutionTime: REQUEST_DURATION_SYSTEM='847',REQUEST_DURATION_OKHTTP='398',REQUEST_SYNCHRONOUS='TRUE',RESPONSE_CODE='200',RESPONSE_METHOD='GET',RESPONSE_LENGTH_OKHTTP='3635',RESPONSE_LENGTH_HEADER='3635',REQUEST_PROTOCOL='h2',REQUEST_URL='https://a.thumbs.redditmedia.com/Kzag-wH9wKRRg2MnPwgoFgXT_2jN_nkJ1lY1aNRQyT4.jpg',
08-04 14:15:36.871 12327 15301 D OK      : request got status: 200
08-04 14:15:36.902 12327 12352 I art     : Explicit concurrent mark sweep GC freed 9473(526KB) AllocSpace objects, 12(684KB) LOS objects, 29% free, 39MB/55MB, paused 1.573ms total 49.978ms
08-04 14:15:36.911 12327 15300 I NAPPA_EXPERIMENTATION: MetricNetworkRequestExecutionTime: REQUEST_DURATION_SYSTEM='889',REQUEST_DURATION_OKHTTP='375',REQUEST_SYNCHRONOUS='TRUE',RESPONSE_CODE='200',RESPONSE_METHOD='GET',RESPONSE_LENGTH_OKHTTP='7540',RESPONSE_LENGTH_HEADER='7540',REQUEST_PROTOCOL='h2',REQUEST_URL='https://a.thumbs.redditmedia.com/Tfsm0ol-ltlxNSBAkZ_4G4302d0hYeOSODkvXidBBR8.jpg',
08-04 14:15:36.911 12327 15300 D OK      : request got status: 200
08-04 14:15:36.912 12327 15302 I NAPPA_EXPERIMENTATION: MetricNetworkRequestExecutionTime: REQUEST_DURATION_SYSTEM='885',REQUEST_DURATION_OKHTTP='285',REQUEST_SYNCHRONOUS='TRUE',RESPONSE_CODE='200',RESPONSE_METHOD='GET',RESPONSE_LENGTH_OKHTTP='5641',RESPONSE_LENGTH_HEADER='5641',REQUEST_PROTOCOL='h2',REQUEST_URL='https://a.thumbs.redditmedia.com/P4gSGpXpi2wDXthNZ-LiwEs5Jvplm6dQ7W7Isqa7un4.jpg',
08-04 14:15:36.912 12327 15302 D OK      : request got status: 200
08-04 14:15:36.921 12327 12352 I art     : Starting a blocking GC Explicit
08-04 14:15:36.971 12327 12352 I art     : Explicit concurrent mark sweep GC freed 4030(393KB) AllocSpace objects, 18(840KB) LOS objects, 28% free, 40MB/56MB, paused 1.364ms total 50.033ms
08-04 14:15:36.981 12327 15307 I NAPPA_EXPERIMENTATION: MetricNetworkRequestExecutionTime: REQUEST_DURATION_SYSTEM='931',REQUEST_DURATION_OKHTTP='237',REQUEST_SYNCHRONOUS='TRUE',RESPONSE_CODE='200',RESPONSE_METHOD='GET',RESPONSE_LENGTH_OKHTTP='4470',RESPONSE_LENGTH_HEADER='4470',REQUEST_PROTOCOL='h2',REQUEST_URL='https://a.thumbs.redditmedia.com/ffAKmOqnTuDMNR9MRfCdRtkq_CzN3MVhZxS64ZPYRh4.jpg',
08-04 14:15:36.982 12327 15307 D OK      : request got status: 200
08-04 14:15:36.990 12327 12352 I art     : Starting a blocking GC Explicit
08-04 14:15:37.039 12327 12352 I art     : Explicit concurrent mark sweep GC freed 1475(174KB) AllocSpace objects, 20(1220KB) LOS objects, 28% free, 40MB/56MB, paused 1.187ms total 49.250ms
08-04 14:15:37.049 12327 15318 I NAPPA_EXPERIMENTATION: MetricNetworkRequestExecutionTime: REQUEST_DURATION_SYSTEM='973',REQUEST_DURATION_OKHTTP='318',REQUEST_SYNCHRONOUS='TRUE',RESPONSE_CODE='200',RESPONSE_METHOD='GET',RESPONSE_LENGTH_OKHTTP='2071',RESPONSE_LENGTH_HEADER='2071',REQUEST_PROTOCOL='h2',REQUEST_URL='https://v.redd.it/pbqrrfb3tkd51/DASHPlaylist.mpd',
08-04 14:15:37.049 12327 15318 D OK      : request got status: 200
08-04 14:15:37.078 12327 15317 I NAPPA_EXPERIMENTATION: MetricNetworkRequestExecutionTime: REQUEST_DURATION_SYSTEM='1005',REQUEST_DURATION_OKHTTP='331',REQUEST_SYNCHRONOUS='TRUE',RESPONSE_CODE='200',RESPONSE_METHOD='GET',RESPONSE_LENGTH_OKHTTP='2696',RESPONSE_LENGTH_HEADER='2696',REQUEST_PROTOCOL='h2',REQUEST_URL='https://v.redd.it/syww111dtjd51/DASHPlaylist.mpd',
08-04 14:15:37.078 12327 15317 D OK      : request got status: 200
08-04 14:15:37.078 12327 15321 I NAPPA_EXPERIMENTATION: MetricNetworkRequestExecutionTime: REQUEST_DURATION_SYSTEM='995',REQUEST_DURATION_OKHTTP='329',REQUEST_SYNCHRONOUS='TRUE',RESPONSE_CODE='200',RESPONSE_METHOD='GET',RESPONSE_LENGTH_OKHTTP='2700',RESPONSE_LENGTH_HEADER='2700',REQUEST_PROTOCOL='h2',REQUEST_URL='https://v.redd.it/75en73fm5id51/DASHPlaylist.mpd',
08-04 14:15:37.078 12327 15321 D OK      : request got status: 200
08-04 14:15:37.092 12327 15320 I NAPPA_EXPERIMENTATION: MetricNetworkRequestExecutionTime: REQUEST_DURATION_SYSTEM='1012',REQUEST_DURATION_OKHTTP='331',REQUEST_SYNCHRONOUS='TRUE',RESPONSE_CODE='200',RESPONSE_METHOD='GET',RESPONSE_LENGTH_OKHTTP='2789',RESPONSE_LENGTH_HEADER='2789',REQUEST_PROTOCOL='h2',REQUEST_URL='https://v.redd.it/5x6zzipz8ld51/DASHPlaylist.mpd',
08-04 14:15:37.092 12327 15320 D OK      : request got status: 200
08-04 14:15:37.107 12327 15318 I RedditVideosAPI: For 'https://v.redd.it/pbqrrfb3tkd51/DASHPlaylist.mpd', got video stream 'https://v.redd.it/pbqrrfb3tkd51/DASH_480' and audio stream 'null'
08-04 14:15:37.115 12327 15317 I RedditVideosAPI: For 'https://v.redd.it/syww111dtjd51/DASHPlaylist.mpd', got video stream 'https://v.redd.it/syww111dtjd51/DASH_480' and audio stream 'https://v.redd.it/syww111dtjd51/audio'
08-04 14:15:37.134 12327 15325 I NAPPA_EXPERIMENTATION: MetricNetworkRequestExecutionTime: REQUEST_DURATION_SYSTEM='1046',REQUEST_DURATION_OKHTTP='313',REQUEST_SYNCHRONOUS='TRUE',RESPONSE_CODE='200',RESPONSE_METHOD='GET',RESPONSE_LENGTH_OKHTTP='1713',RESPONSE_LENGTH_HEADER='1713',REQUEST_PROTOCOL='h2',REQUEST_URL='https://v.redd.it/ggz4fyth6hd51/DASHPlaylist.mpd',
08-04 14:15:37.134 12327 15325 D OK      : request got status: 200
08-04 14:15:37.141 12327 15324 I NAPPA_EXPERIMENTATION: MetricNetworkRequestExecutionTime: REQUEST_DURATION_SYSTEM='1056',REQUEST_DURATION_OKHTTP='263',REQUEST_SYNCHRONOUS='TRUE',RESPONSE_CODE='200',RESPONSE_METHOD='GET',RESPONSE_LENGTH_OKHTTP='-1',RESPONSE_LENGTH_HEADER='377',REQUEST_PROTOCOL='h2',REQUEST_URL='https://api.imgur.com/3/image/nLQR2hT',
08-04 14:15:37.141 12327 15324 D OK      : request got status: 200
08-04 14:15:37.147 12327 15326 I NAPPA_EXPERIMENTATION: MetricNetworkRequestExecutionTime: REQUEST_DURATION_SYSTEM='1057',REQUEST_DURATION_OKHTTP='315',REQUEST_SYNCHRONOUS='TRUE',RESPONSE_CODE='200',RESPONSE_METHOD='GET',RESPONSE_LENGTH_OKHTTP='2427',RESPONSE_LENGTH_HEADER='2427',REQUEST_PROTOCOL='h2',REQUEST_URL='https://v.redd.it/psrknoobrgd51/DASHPlaylist.mpd',
08-04 14:15:37.148 12327 15326 D OK      : request got status: 200
08-04 14:15:37.167 12327 15319 I NAPPA_EXPERIMENTATION: MetricNetworkRequestExecutionTime: REQUEST_DURATION_SYSTEM='1089',REQUEST_DURATION_OKHTTP='335',REQUEST_SYNCHRONOUS='TRUE',RESPONSE_CODE='200',RESPONSE_METHOD='GET',RESPONSE_LENGTH_OKHTTP='3060',RESPONSE_LENGTH_HEADER='3060',REQUEST_PROTOCOL='h2',REQUEST_URL='https://v.redd.it/rrygsb8i4ld51/DASHPlaylist.mpd',
08-04 14:15:37.168 12327 15319 D OK      : request got status: 200
08-04 14:15:37.175 12327 15321 I RedditVideosAPI: For 'https://v.redd.it/75en73fm5id51/DASHPlaylist.mpd', got video stream 'https://v.redd.it/75en73fm5id51/DASH_480' and audio stream 'https://v.redd.it/75en73fm5id51/audio'
08-04 14:15:37.188 12327 15320 I RedditVideosAPI: For 'https://v.redd.it/5x6zzipz8ld51/DASHPlaylist.mpd', got video stream 'https://v.redd.it/5x6zzipz8ld51/DASH_480' and audio stream 'null'
08-04 14:15:37.189 12327 15327 I NAPPA_EXPERIMENTATION: MetricNetworkRequestExecutionTime: REQUEST_DURATION_SYSTEM='1097',REQUEST_DURATION_OKHTTP='327',REQUEST_SYNCHRONOUS='TRUE',RESPONSE_CODE='200',RESPONSE_METHOD='GET',RESPONSE_LENGTH_OKHTTP='2071',RESPONSE_LENGTH_HEADER='2071',REQUEST_PROTOCOL='h2',REQUEST_URL='https://v.redd.it/jk6cwef4wld51/DASHPlaylist.mpd',
08-04 14:15:37.190 12327 15327 D OK      : request got status: 200
08-04 14:15:37.190 12327 15329 I NAPPA_EXPERIMENTATION: MetricNetworkRequestExecutionTime: REQUEST_DURATION_SYSTEM='1093',REQUEST_DURATION_OKHTTP='294',REQUEST_SYNCHRONOUS='TRUE',RESPONSE_CODE='200',RESPONSE_METHOD='GET',RESPONSE_LENGTH_OKHTTP='2071',RESPONSE_LENGTH_HEADER='2071',REQUEST_PROTOCOL='h2',REQUEST_URL='https://v.redd.it/xd6c4yyutgd51/DASHPlaylist.mpd',
08-04 14:15:37.190 12327 15329 D OK      : request got status: 200
08-04 14:15:37.195 12327 15325 I RedditVideosAPI: For 'https://v.redd.it/ggz4fyth6hd51/DASHPlaylist.mpd', got video stream 'https://v.redd.it/ggz4fyth6hd51/DASH_360' and audio stream 'null'
08-04 14:15:37.212 12327 15330 I NAPPA_EXPERIMENTATION: MetricNetworkRequestExecutionTime: REQUEST_DURATION_SYSTEM='1113',REQUEST_DURATION_OKHTTP='288',REQUEST_SYNCHRONOUS='TRUE',RESPONSE_CODE='200',RESPONSE_METHOD='GET',RESPONSE_LENGTH_OKHTTP='2344',RESPONSE_LENGTH_HEADER='2344',REQUEST_PROTOCOL='h2',REQUEST_URL='https://v.redd.it/ue0jdgk9zhd51/DASHPlaylist.mpd',
08-04 14:15:37.212 12327 15330 D OK      : request got status: 200
08-04 14:15:37.217 12327 15328 I NAPPA_EXPERIMENTATION: MetricNetworkRequestExecutionTime: REQUEST_DURATION_SYSTEM='1123',REQUEST_DURATION_OKHTTP='308',REQUEST_SYNCHRONOUS='TRUE',RESPONSE_CODE='200',RESPONSE_METHOD='GET',RESPONSE_LENGTH_OKHTTP='3058',RESPONSE_LENGTH_HEADER='3058',REQUEST_PROTOCOL='h2',REQUEST_URL='https://v.redd.it/t81s8zfz9ld51/DASHPlaylist.mpd',
08-04 14:15:37.218 12327 15328 D OK      : request got status: 200
08-04 14:15:37.251 12327 15326 I RedditVideosAPI: For 'https://v.redd.it/psrknoobrgd51/DASHPlaylist.mpd', got video stream 'https://v.redd.it/psrknoobrgd51/DASH_480' and audio stream 'null'
08-04 14:15:37.264 12327 15319 I RedditVideosAPI: For 'https://v.redd.it/rrygsb8i4ld51/DASHPlaylist.mpd', got video stream 'https://v.redd.it/rrygsb8i4ld51/DASH_480' and audio stream 'https://v.redd.it/rrygsb8i4ld51/audio'
08-04 14:15:37.295 12327 15327 I RedditVideosAPI: For 'https://v.redd.it/jk6cwef4wld51/DASHPlaylist.mpd', got video stream 'https://v.redd.it/jk6cwef4wld51/DASH_480' and audio stream 'null'
08-04 14:15:37.302 12327 15329 I RedditVideosAPI: For 'https://v.redd.it/xd6c4yyutgd51/DASHPlaylist.mpd', got video stream 'https://v.redd.it/xd6c4yyutgd51/DASH_480' and audio stream 'null'
08-04 14:15:37.309 12327 15330 I RedditVideosAPI: For 'https://v.redd.it/ue0jdgk9zhd51/DASHPlaylist.mpd', got video stream 'https://v.redd.it/ue0jdgk9zhd51/DASH_360' and audio stream 'https://v.redd.it/ue0jdgk9zhd51/audio'
08-04 14:15:37.315 12327 15328 I RedditVideosAPI: For 'https://v.redd.it/t81s8zfz9ld51/DASHPlaylist.mpd', got video stream 'https://v.redd.it/t81s8zfz9ld51/DASH_480' and audio stream 'https://v.redd.it/t81s8zfz9ld51/audio'
08-04 14:15:37.370 12327 13016 I art     : Starting a blocking GC Explicit
08-04 14:15:37.437 12327 13016 I art     : Explicit concurrent mark sweep GC freed 7675(1021KB) AllocSpace objects, 38(2MB) LOS objects, 28% free, 39MB/55MB, paused 640us total 66.682ms
08-04 14:15:37.458 12327 13016 I art     : Starting a blocking GC Explicit
08-04 14:15:37.514 12327 13016 I art     : Explicit concurrent mark sweep GC freed 314(10KB) AllocSpace objects, 0(0B) LOS objects, 28% free, 39MB/55MB, paused 595us total 55.052ms
08-04 14:15:37.534 12327 13016 I art     : Starting a blocking GC Explicit
08-04 14:15:37.589 12327 13016 I art     : Explicit concurrent mark sweep GC freed 3(96B) AllocSpace objects, 0(0B) LOS objects, 28% free, 39MB/55MB, paused 586us total 54.099ms
08-04 14:15:37.608 12327 13016 I art     : Starting a blocking GC Explicit
08-04 14:15:37.666 12327 13016 I art     : Explicit concurrent mark sweep GC freed 3(96B) AllocSpace objects, 0(0B) LOS objects, 28% free, 39MB/55MB, paused 602us total 57.683ms
08-04 14:15:37.689 12327 13016 I art     : Starting a blocking GC Explicit
08-04 14:15:37.745 12327 13016 I art     : Explicit concurrent mark sweep GC freed 3(96B) AllocSpace objects, 0(0B) LOS objects, 28% free, 39MB/55MB, paused 576us total 55.546ms
08-04 14:15:38.120 12327 12340 I art     : Starting a blocking GC Explicit
08-04 14:15:38.175 12327 12340 I art     : Explicit concurrent mark sweep GC freed 1357(82KB) AllocSpace objects, 1(20KB) LOS objects, 28% free, 39MB/55MB, paused 597us total 54.687ms
08-04 14:15:38.195 12327 12340 I art     : Starting a blocking GC Explicit
08-04 14:15:38.248 12327 12340 I art     : Explicit concurrent mark sweep GC freed 20(704B) AllocSpace objects, 0(0B) LOS objects, 28% free, 39MB/55MB, paused 599us total 53.375ms
08-04 14:15:38.268 12327 12340 I art     : Starting a blocking GC Explicit
08-04 14:15:38.322 12327 12340 I art     : Explicit concurrent mark sweep GC freed 3(96B) AllocSpace objects, 0(0B) LOS objects, 28% free, 39MB/55MB, paused 564us total 53.665ms
08-04 14:15:38.341 12327 12340 I art     : Starting a blocking GC Explicit
08-04 14:15:38.394 12327 12340 I art     : Explicit concurrent mark sweep GC freed 3(96B) AllocSpace objects, 0(0B) LOS objects, 28% free, 39MB/55MB, paused 588us total 53.090ms
08-04 14:15:38.414 12327 12340 I art     : Starting a blocking GC Explicit
08-04 14:15:38.467 12327 12340 I art     : Explicit concurrent mark sweep GC freed 3(96B) AllocSpace objects, 0(0B) LOS objects, 28% free, 39MB/55MB, paused 503us total 52.817ms
08-04 14:15:38.602 15383 15383 D AndroidRuntime: >>>>>> START com.android.internal.os.RuntimeInit uid 2000 <<<<<<
08-04 14:15:38.612 15383 15383 D AndroidRuntime: CheckJNI is OFF
08-04 14:15:38.656 15383 15383 D ICU     : No timezone override file found: /data/misc/zoneinfo/current/icu/icu_tzdata.dat
08-04 14:15:38.698 15383 15383 I Radio-JNI: register_android_hardware_Radio DONE
08-04 14:15:38.727 15383 15383 D AndroidRuntime: Calling main entry com.android.commands.input.Input
08-04 14:15:38.730 15383 15383 I Input   : injectMotionEvent: MotionEvent { action=ACTION_DOWN, actionButton=0, id[0]=0, x[0]=1340.0, y[0]=1100.0, toolType[0]=TOOL_TYPE_UNKNOWN, buttonState=0, metaState=0, flags=0x0, edgeFlags=0x0, pointerCount=1, historySize=0, eventTime=713755142, downTime=713755142, deviceId=0, source=0x1002 }
08-04 14:15:38.734 15383 15383 I Input   : injectMotionEvent: MotionEvent { action=ACTION_UP, actionButton=0, id[0]=0, x[0]=1340.0, y[0]=1100.0, toolType[0]=TOOL_TYPE_UNKNOWN, buttonState=0, metaState=0, flags=0x0, edgeFlags=0x0, pointerCount=1, historySize=0, eventTime=713755142, downTime=713755142, deviceId=0, source=0x1002 }
08-04 14:15:38.736 15383 15383 D AndroidRuntime: Shutting down VM
08-04 14:15:38.753   512  2967 D audio_hw_primary: out_set_parameters: enter: usecase(1: low-latency-playback) kvpairs: routing=2
08-04 14:15:38.755   918   929 I ActivityManager: START u0 {dat=https://oauth.reddit.com/... cmp=baseline.org.quantumbadger.redreader/.activities.CommentListingActivity} from uid 10666 on display 0
08-04 14:15:38.767   512  2967 D audio_hw_primary: select_devices: out_snd_device(2: speaker) in_snd_device(0: none)
08-04 14:15:38.767   512  2967 D msm8974_platform: platform_send_audio_calibration: sending audio calibration for snd_device(2) acdb_id(15)
08-04 14:15:38.767   512  2967 I soundtrigger: audio_extn_sound_trigger_update_device_status: device 0x2 of type 0 for Event 1
08-04 14:15:38.777   918   931 I ProcessStatsService: Prepared write state in 10ms
08-04 14:15:38.778   918   931 I ProcessStatsService: Prepared write state in 0ms
08-04 14:15:38.778   512  2967 D audio_hw_primary: enable_snd_device: snd_device(2: speaker)
08-04 14:15:38.781   512  2967 D audio_hw_primary: enable_audio_route: apply and update mixer path: low-latency-playback speaker
08-04 14:15:38.788 12327 12327 I AppCompatViewInflater: app:theme is now deprecated. Please move to using android:theme instead.
08-04 14:15:38.808 12327 15408 D OK      : calling: https://oauth.reddit.com/comments/hzejrd/.json?sort=confidence
08-04 14:15:38.817   918   930 I ProcessStatsService: Pruning old procstats: /data/system/procstats/state-2020-08-03-11-10-00.bin
08-04 14:15:38.839 12327 12340 I art     : Starting a blocking GC Explicit
08-04 14:15:38.891 12327 12340 I art     : Explicit concurrent mark sweep GC freed 4043(217KB) AllocSpace objects, 1(20KB) LOS objects, 28% free, 39MB/55MB, paused 1.050ms total 51.667ms
08-04 14:15:38.910 12327 12340 I art     : Starting a blocking GC Explicit
08-04 14:15:38.913   918   936 I ActivityManager: Displayed baseline.org.quantumbadger.redreader/.activities.CommentListingActivity: +149ms
08-04 14:15:38.913 13866 13866 I GoogleInputMethodServic: GoogleInputMethodService.onFinishInput():3138 
08-04 14:15:38.914 13866 13866 I GoogleInputMethodServic: GoogleInputMethodService.onStartInput():1808 
08-04 14:15:38.961 12327 12340 I art     : Explicit concurrent mark sweep GC freed 9153(897KB) AllocSpace objects, 17(2MB) LOS objects, 30% free, 37MB/53MB, paused 754us total 51.321ms
08-04 14:15:38.979 12327 12340 I art     : Starting a blocking GC Explicit
08-04 14:15:39.022 12327 12340 I art     : Explicit concurrent mark sweep GC freed 110(4KB) AllocSpace objects, 0(0B) LOS objects, 30% free, 37MB/53MB, paused 558us total 43.172ms
08-04 14:15:39.041 12327 12340 I art     : Starting a blocking GC Explicit
08-04 14:15:39.082 12327 15408 I NAPPA_EXPERIMENTATION: MetricNetworkRequestExecutionTime: REQUEST_DURATION_SYSTEM='274',REQUEST_DURATION_OKHTTP='148',REQUEST_SYNCHRONOUS='TRUE',RESPONSE_CODE='200',RESPONSE_METHOD='GET',RESPONSE_LENGTH_OKHTTP='-1',RESPONSE_LENGTH_HEADER='45890',REQUEST_PROTOCOL='h2',REQUEST_URL='https://oauth.reddit.com/comments/hzejrd/.json?sort=confidence',
08-04 14:15:39.082 12327 15408 D OK      : request got status: 200
08-04 14:15:39.088 12327 15278 I CommentListingActivity: COMMENTS session changed to ece6d9b8-6066-433a-9476-1935aa20527c
08-04 14:15:39.096 12327 12340 I art     : Explicit concurrent mark sweep GC freed 624(60KB) AllocSpace objects, 0(0B) LOS objects, 29% free, 37MB/53MB, paused 949us total 54.300ms
08-04 14:15:39.118 12327 12340 I art     : Starting a blocking GC Explicit
08-04 14:15:39.163   380   380 W SurfaceFlinger: couldn't log to binary event log: overflow.
08-04 14:15:39.180 12327 12340 I art     : Explicit concurrent mark sweep GC freed 4185(227KB) AllocSpace objects, 0(0B) LOS objects, 29% free, 38MB/54MB, paused 1.166ms total 62.147ms
08-04 14:15:39.320   512  2967 D audio_hw_primary: disable_audio_route: reset and update mixer path: low-latency-playback speaker
08-04 14:15:39.322   512  2967 D audio_hw_primary: disable_snd_device: snd_device(2: speaker)
08-04 14:15:39.335   512  2967 I soundtrigger: audio_extn_sound_trigger_update_device_status: device 0x2 of type 0 for Event 0
08-04 14:15:39.498 12327 13730 I art     : Starting a blocking GC Explicit
08-04 14:15:39.557 12327 13730 I art     : Explicit concurrent mark sweep GC freed 37801(1969KB) AllocSpace objects, 3(156KB) LOS objects, 29% free, 39MB/55MB, paused 448us total 59.315ms
08-04 14:15:39.577 12327 13730 I art     : Starting a blocking GC Explicit
08-04 14:15:39.630 12327 13730 I art     : Explicit concurrent mark sweep GC freed 153(6KB) AllocSpace objects, 0(0B) LOS objects, 29% free, 39MB/55MB, paused 450us total 52.587ms
08-04 14:15:39.649 12327 13730 I art     : Starting a blocking GC Explicit
08-04 14:15:39.705 12327 13730 I art     : Explicit concurrent mark sweep GC freed 3(96B) AllocSpace objects, 0(0B) LOS objects, 29% free, 39MB/55MB, paused 452us total 55.905ms
08-04 14:15:39.726 12327 13730 I art     : Starting a blocking GC Explicit
08-04 14:15:39.785 12327 13730 I art     : Explicit concurrent mark sweep GC freed 868(42KB) AllocSpace objects, 0(0B) LOS objects, 29% free, 39MB/55MB, paused 460us total 58.488ms
08-04 14:15:39.806 12327 13730 I art     : Starting a blocking GC Explicit
08-04 14:15:39.861 12327 13730 I art     : Explicit concurrent mark sweep GC freed 3(96B) AllocSpace objects, 0(0B) LOS objects, 29% free, 39MB/55MB, paused 494us total 54.838ms
08-04 14:15:40.200 12327 13016 I art     : Starting a blocking GC Explicit
08-04 14:15:40.262 12327 13016 I art     : Explicit concurrent mark sweep GC freed 1358(82KB) AllocSpace objects, 1(20KB) LOS objects, 29% free, 39MB/55MB, paused 529us total 61.726ms
08-04 14:15:40.283 12327 13016 I art     : Starting a blocking GC Explicit
08-04 14:15:40.327 12223 12223 I ServiceManager: Waiting for service AtCmdFwd...
08-04 14:15:40.349 12327 13016 I art     : Explicit concurrent mark sweep GC freed 66(2528B) AllocSpace objects, 0(0B) LOS objects, 29% free, 39MB/55MB, paused 572us total 66.169ms
08-04 14:15:40.373 12327 13016 I art     : Starting a blocking GC Explicit
08-04 14:15:40.443 12327 13016 I art     : Explicit concurrent mark sweep GC freed 3(96B) AllocSpace objects, 0(0B) LOS objects, 29% free, 39MB/55MB, paused 563us total 69.715ms
08-04 14:15:40.464 12327 13016 I art     : Starting a blocking GC Explicit
08-04 14:15:40.539 12327 13016 I art     : Explicit concurrent mark sweep GC freed 3(96B) AllocSpace objects, 0(0B) LOS objects, 29% free, 39MB/55MB, paused 557us total 74.844ms
08-04 14:15:40.563 12327 13016 I art     : Starting a blocking GC Explicit
08-04 14:15:40.632 12327 13016 I art     : Explicit concurrent mark sweep GC freed 3(96B) AllocSpace objects, 0(0B) LOS objects, 29% free, 39MB/55MB, paused 540us total 68.238ms
08-04 14:15:41.001 12327 13730 I art     : Starting a blocking GC Explicit
08-04 14:15:41.085 12327 13730 I art     : Explicit concurrent mark sweep GC freed 1356(82KB) AllocSpace objects, 1(20KB) LOS objects, 29% free, 39MB/55MB, paused 593us total 83.527ms
08-04 14:15:41.108 12327 13730 I art     : Starting a blocking GC Explicit
08-04 14:15:41.178 12327 13730 I art     : Explicit concurrent mark sweep GC freed 20(704B) AllocSpace objects, 0(0B) LOS objects, 29% free, 39MB/55MB, paused 721us total 69.485ms
08-04 14:15:41.198 12327 13730 I art     : Starting a blocking GC Explicit
08-04 14:15:41.274 12327 13730 I art     : Explicit concurrent mark sweep GC freed 3(96B) AllocSpace objects, 0(0B) LOS objects, 29% free, 39MB/55MB, paused 585us total 75.176ms
08-04 14:15:41.298 12327 13730 I art     : Starting a blocking GC Explicit
08-04 14:15:41.327 12223 12223 I ServiceManager: Waiting for service AtCmdFwd...
08-04 14:15:41.366 12327 13730 I art     : Explicit concurrent mark sweep GC freed 3(96B) AllocSpace objects, 0(0B) LOS objects, 29% free, 39MB/55MB, paused 547us total 67.642ms
08-04 14:15:41.387 12327 13730 I art     : Starting a blocking GC Explicit
08-04 14:15:41.460 12327 13730 I art     : Explicit concurrent mark sweep GC freed 3(96B) AllocSpace objects, 0(0B) LOS objects, 29% free, 39MB/55MB, paused 533us total 72.290ms
08-04 14:15:41.855 12327 12341 I art     : Starting a blocking GC Explicit
08-04 14:15:41.942 12327 12341 I art     : Explicit concurrent mark sweep GC freed 1354(82KB) AllocSpace objects, 1(20KB) LOS objects, 29% free, 39MB/55MB, paused 524us total 86.669ms
08-04 14:15:41.969 12327 12341 I art     : Starting a blocking GC Explicit
08-04 14:15:42.038 12327 12341 I art     : Explicit concurrent mark sweep GC freed 20(704B) AllocSpace objects, 0(0B) LOS objects, 29% free, 39MB/55MB, paused 569us total 69.465ms
08-04 14:15:42.059 12327 12341 I art     : Starting a blocking GC Explicit
08-04 14:15:42.129 12327 12341 I art     : Explicit concurrent mark sweep GC freed 3(96B) AllocSpace objects, 0(0B) LOS objects, 29% free, 39MB/55MB, paused 558us total 69.030ms
08-04 14:15:42.150 12327 12341 I art     : Starting a blocking GC Explicit
08-04 14:15:42.224 12327 12341 I art     : Explicit concurrent mark sweep GC freed 3(96B) AllocSpace objects, 0(0B) LOS objects, 29% free, 39MB/55MB, paused 581us total 74.296ms
08-04 14:15:42.248 12327 12341 I art     : Starting a blocking GC Explicit
08-04 14:15:42.317 12327 12341 I art     : Explicit concurrent mark sweep GC freed 3(96B) AllocSpace objects, 0(0B) LOS objects, 29% free, 39MB/55MB, paused 529us total 68.371ms
08-04 14:15:42.328 12223 12223 I ServiceManager: Waiting for service AtCmdFwd...
08-04 14:15:42.686 12327 12352 I art     : Starting a blocking GC Explicit
08-04 14:15:42.770 12327 12352 I art     : Explicit concurrent mark sweep GC freed 1354(82KB) AllocSpace objects, 1(20KB) LOS objects, 29% free, 39MB/55MB, paused 598us total 83.477ms
08-04 14:15:42.794 12327 12352 I art     : Starting a blocking GC Explicit
08-04 14:15:42.861 12327 12352 I art     : Explicit concurrent mark sweep GC freed 20(704B) AllocSpace objects, 0(0B) LOS objects, 29% free, 39MB/55MB, paused 568us total 67.320ms
08-04 14:15:42.883 12327 12352 I art     : Starting a blocking GC Explicit
08-04 14:15:42.957 12327 12352 I art     : Explicit concurrent mark sweep GC freed 3(96B) AllocSpace objects, 0(0B) LOS objects, 29% free, 39MB/55MB, paused 536us total 74.152ms
08-04 14:15:42.980 12327 12352 I art     : Starting a blocking GC Explicit
08-04 14:15:43.050 12327 12352 I art     : Explicit concurrent mark sweep GC freed 3(96B) AllocSpace objects, 0(0B) LOS objects, 29% free, 39MB/55MB, paused 505us total 69.717ms
08-04 14:15:43.071 12327 12352 I art     : Starting a blocking GC Explicit
08-04 14:15:43.141 12327 12352 I art     : Explicit concurrent mark sweep GC freed 3(96B) AllocSpace objects, 0(0B) LOS objects, 29% free, 39MB/55MB, paused 539us total 69.815ms
08-04 14:15:43.329 12223 12223 I ServiceManager: Waiting for service AtCmdFwd...
08-04 14:15:43.493 12327 12340 I art     : Starting a blocking GC Explicit
08-04 14:15:43.578 12327 12340 I art     : Explicit concurrent mark sweep GC freed 1355(83KB) AllocSpace objects, 1(20KB) LOS objects, 29% free, 39MB/55MB, paused 591us total 84.433ms
08-04 14:15:43.602 12327 12340 I art     : Starting a blocking GC Explicit
08-04 14:15:43.677 12327 12340 I art     : Explicit concurrent mark sweep GC freed 20(704B) AllocSpace objects, 0(0B) LOS objects, 29% free, 39MB/55MB, paused 535us total 74.838ms
08-04 14:15:43.700 12327 12340 I art     : Starting a blocking GC Explicit
08-04 14:15:43.766 12327 15407 I RedditChangeDataIO: Writing tmp data file at '/data/user/0/baseline.org.quantumbadger.redreader/files/rr_change_data_tmp.dat'
08-04 14:15:43.767 12327 15407 I RedditChangeDataManager: Taking snapshot...
08-04 14:15:43.767 12327 15407 I RedditChangeDataManager: Writing to stream...
08-04 14:15:43.768 12327 15407 I RedditChangeDataManager: Wrote 6 entries for user ''
08-04 14:15:43.768 12327 15407 I RedditChangeDataManager: All entries written to stream.
08-04 14:15:43.768 12327 15407 I RedditChangeDataIO: Write successful. Atomically replacing data file...
08-04 14:15:43.768 12327 15407 I RedditChangeDataIO: Write complete.
08-04 14:15:43.769 12327 15407 I RedditChangeDataIO: 158 bytes written in 3 ms
08-04 14:15:43.770 12327 12340 I art     : Explicit concurrent mark sweep GC freed 49(3KB) AllocSpace objects, 0(0B) LOS objects, 28% free, 39MB/55MB, paused 651us total 69.890ms
08-04 14:15:43.791 12327 12340 I art     : Starting a blocking GC Explicit
08-04 14:15:43.860 12327 12340 I art     : Explicit concurrent mark sweep GC freed 43(2128B) AllocSpace objects, 1(68KB) LOS objects, 29% free, 39MB/55MB, paused 531us total 68.111ms
08-04 14:15:43.881 12327 12340 I art     : Starting a blocking GC Explicit
08-04 14:15:43.955 12327 12340 I art     : Explicit concurrent mark sweep GC freed 6(192B) AllocSpace objects, 0(0B) LOS objects, 29% free, 39MB/55MB, paused 529us total 73.973ms
08-04 14:15:44.329 12223 12223 I ServiceManager: Waiting for service AtCmdFwd...
08-04 14:15:44.330 12327 13016 I art     : Starting a blocking GC Explicit
08-04 14:15:44.405 12327 13016 I art     : Explicit concurrent mark sweep GC freed 1593(119KB) AllocSpace objects, 1(20KB) LOS objects, 29% free, 39MB/55MB, paused 504us total 74.970ms
08-04 14:15:44.429 12327 13016 I art     : Starting a blocking GC Explicit
08-04 14:15:44.498 12327 13016 I art     : Explicit concurrent mark sweep GC freed 85(2880B) AllocSpace objects, 0(0B) LOS objects, 29% free, 39MB/55MB, paused 525us total 68.249ms
08-04 14:15:44.519 12327 13016 I art     : Starting a blocking GC Explicit
08-04 14:15:44.585 12327 13016 I art     : Explicit concurrent mark sweep GC freed 3(96B) AllocSpace objects, 0(0B) LOS objects, 29% free, 39MB/55MB, paused 463us total 65.193ms
08-04 14:15:44.606 12327 13016 I art     : Starting a blocking GC Explicit
08-04 14:15:44.681 12327 13016 I art     : Explicit concurrent mark sweep GC freed 3(96B) AllocSpace objects, 0(0B) LOS objects, 29% free, 39MB/55MB, paused 537us total 74.210ms
08-04 14:15:44.706 12327 13016 I art     : Starting a blocking GC Explicit
08-04 14:15:44.779 12327 13016 I art     : Explicit concurrent mark sweep GC freed 3(96B) AllocSpace objects, 0(0B) LOS objects, 29% free, 39MB/55MB, paused 493us total 72.619ms
08-04 14:15:45.121 12327 13730 I art     : Starting a blocking GC Explicit
08-04 14:15:45.197 12327 13730 I art     : Explicit concurrent mark sweep GC freed 1356(82KB) AllocSpace objects, 1(20KB) LOS objects, 29% free, 39MB/55MB, paused 514us total 74.945ms
08-04 14:15:45.222 12327 13730 I art     : Starting a blocking GC Explicit
08-04 14:15:45.286 12327 13730 I art     : Explicit concurrent mark sweep GC freed 20(704B) AllocSpace objects, 0(0B) LOS objects, 29% free, 39MB/55MB, paused 508us total 63.743ms
08-04 14:15:45.306 12327 13730 I art     : Starting a blocking GC Explicit
08-04 14:15:45.330 12223 12223 W Atfwd_Sendcmd: AtCmdFwd service not published, waiting... retryCnt : 4
08-04 14:15:45.371 12327 13730 I art     : Explicit concurrent mark sweep GC freed 3(96B) AllocSpace objects, 0(0B) LOS objects, 29% free, 39MB/55MB, paused 498us total 63.826ms
08-04 14:15:45.391 12327 13730 I art     : Starting a blocking GC Explicit
08-04 14:15:45.456 12327 13730 I art     : Explicit concurrent mark sweep GC freed 3(96B) AllocSpace objects, 0(0B) LOS objects, 29% free, 39MB/55MB, paused 501us total 64.613ms
08-04 14:15:45.477 12327 13730 I art     : Starting a blocking GC Explicit
08-04 14:15:45.542 15484 15484 D AndroidRuntime: >>>>>> START com.android.internal.os.RuntimeInit uid 2000 <<<<<<
08-04 14:15:45.542 12327 13730 I art     : Explicit concurrent mark sweep GC freed 3(96B) AllocSpace objects, 0(0B) LOS objects, 29% free, 39MB/55MB, paused 571us total 64.931ms
08-04 14:15:45.548 15484 15484 D AndroidRuntime: CheckJNI is OFF
08-04 14:15:45.592 15484 15484 D ICU     : No timezone override file found: /data/misc/zoneinfo/current/icu/icu_tzdata.dat
08-04 14:15:45.637 15484 15484 I Radio-JNI: register_android_hardware_Radio DONE
08-04 14:15:45.668 15484 15484 D AndroidRuntime: Calling main entry com.android.commands.input.Input
08-04 14:15:45.671 15484 15484 I Input   : injectKeyEvent: KeyEvent { action=ACTION_DOWN, keyCode=KEYCODE_BACK, scanCode=0, metaState=0, flags=0x0, repeatCount=0, eventTime=713762084, downTime=713762084, deviceId=-1, source=0x101 }
08-04 14:15:45.679 15484 15484 I Input   : injectKeyEvent: KeyEvent { action=ACTION_UP, keyCode=KEYCODE_BACK, scanCode=0, metaState=0, flags=0x0, repeatCount=0, eventTime=713762084, downTime=713762084, deviceId=-1, source=0x101 }
08-04 14:15:45.693 15484 15484 D AndroidRuntime: Shutting down VM
08-04 14:15:45.729 13866 13866 I GoogleInputMethodServic: GoogleInputMethodService.onFinishInput():3138 
08-04 14:15:45.730 13866 13866 I GoogleInputMethodServic: GoogleInputMethodService.onStartInput():1808 
08-04 14:15:45.856 12327 12341 I art     : Starting a blocking GC Explicit
08-04 14:15:45.931 12327 12341 I art     : Explicit concurrent mark sweep GC freed 1620(91KB) AllocSpace objects, 1(20KB) LOS objects, 29% free, 39MB/55MB, paused 458us total 73.860ms
08-04 14:15:45.952 12327 12341 I art     : Starting a blocking GC Explicit
08-04 14:15:46.013 12327 12341 I art     : Explicit concurrent mark sweep GC freed 24(864B) AllocSpace objects, 0(0B) LOS objects, 29% free, 39MB/55MB, paused 420us total 60.479ms
08-04 14:15:46.035 12327 12341 I art     : Starting a blocking GC Explicit
08-04 14:15:46.037   380   380 W SurfaceFlinger: couldn't log to binary event log: overflow.
08-04 14:15:46.091 12327 12341 I art     : Explicit concurrent mark sweep GC freed 64(2352B) AllocSpace objects, 0(0B) LOS objects, 29% free, 39MB/55MB, paused 442us total 55.877ms
08-04 14:15:46.111 12327 12341 I art     : Starting a blocking GC Explicit
08-04 14:15:46.158 12327 12341 I art     : Explicit concurrent mark sweep GC freed 41327(2MB) AllocSpace objects, 5(140KB) LOS objects, 30% free, 36MB/52MB, paused 475us total 46.822ms
08-04 14:15:46.176 12327 12341 I art     : Starting a blocking GC Explicit
08-04 14:15:46.220 12327 12341 I art     : Explicit concurrent mark sweep GC freed 3(96B) AllocSpace objects, 0(0B) LOS objects, 30% free, 36MB/52MB, paused 475us total 43.230ms
08-04 14:15:46.558 12327 12352 I art     : Starting a blocking GC Explicit
08-04 14:15:46.618 12327 12352 I art     : Explicit concurrent mark sweep GC freed 1354(82KB) AllocSpace objects, 1(20KB) LOS objects, 30% free, 36MB/52MB, paused 642us total 59.792ms
08-04 14:15:46.640 12327 12352 I art     : Starting a blocking GC Explicit
08-04 14:15:46.687 12327 12352 I art     : Explicit concurrent mark sweep GC freed 20(704B) AllocSpace objects, 0(0B) LOS objects, 30% free, 36MB/52MB, paused 465us total 46.449ms
08-04 14:15:46.705 12327 12352 I art     : Starting a blocking GC Explicit
08-04 14:15:46.751 12327 12352 I art     : Explicit concurrent mark sweep GC freed 3(96B) AllocSpace objects, 0(0B) LOS objects, 30% free, 36MB/52MB, paused 447us total 45.149ms
08-04 14:15:46.769 12327 12352 I art     : Starting a blocking GC Explicit
08-04 14:15:46.815 12327 12352 I art     : Explicit concurrent mark sweep GC freed 3(96B) AllocSpace objects, 0(0B) LOS objects, 30% free, 36MB/52MB, paused 459us total 45.146ms
08-04 14:15:46.833 12327 12352 I art     : Starting a blocking GC Explicit
08-04 14:15:46.880 12327 12352 I art     : Explicit concurrent mark sweep GC freed 3(96B) AllocSpace objects, 0(0B) LOS objects, 30% free, 36MB/52MB, paused 476us total 46.320ms
08-04 14:15:47.208 12327 13730 I art     : Starting a blocking GC Explicit
08-04 14:15:47.268 12327 13730 I art     : Explicit concurrent mark sweep GC freed 1354(82KB) AllocSpace objects, 1(20KB) LOS objects, 30% free, 36MB/52MB, paused 533us total 59.045ms
08-04 14:15:47.291 12327 13730 I art     : Starting a blocking GC Explicit
08-04 14:15:47.340 12327 13730 I art     : Explicit concurrent mark sweep GC freed 20(704B) AllocSpace objects, 0(0B) LOS objects, 30% free, 36MB/52MB, paused 485us total 48.353ms
08-04 14:15:47.359 12327 13730 I art     : Starting a blocking GC Explicit
08-04 14:15:47.409 12327 13730 I art     : Explicit concurrent mark sweep GC freed 3(96B) AllocSpace objects, 0(0B) LOS objects, 30% free, 36MB/52MB, paused 470us total 49.554ms
08-04 14:15:47.427 12327 13730 I art     : Starting a blocking GC Explicit
08-04 14:15:47.476 12327 13730 I art     : Explicit concurrent mark sweep GC freed 3(96B) AllocSpace objects, 0(0B) LOS objects, 30% free, 36MB/52MB, paused 497us total 48.632ms
08-04 14:15:47.495 12327 13730 I art     : Starting a blocking GC Explicit
08-04 14:15:47.511 15526 15526 D AndroidRuntime: >>>>>> START com.android.internal.os.RuntimeInit uid 2000 <<<<<<
08-04 14:15:47.517 15526 15526 D AndroidRuntime: CheckJNI is OFF
08-04 14:15:47.543 12327 13730 I art     : Explicit concurrent mark sweep GC freed 3(96B) AllocSpace objects, 0(0B) LOS objects, 30% free, 36MB/52MB, paused 485us total 47.979ms
08-04 14:15:47.565 15526 15526 D ICU     : No timezone override file found: /data/misc/zoneinfo/current/icu/icu_tzdata.dat
08-04 14:15:47.609 15526 15526 I Radio-JNI: register_android_hardware_Radio DONE
08-04 14:15:47.638 15526 15526 D AndroidRuntime: Calling main entry com.android.commands.input.Input
08-04 14:15:47.641 15526 15526 I Input   : injectMotionEvent: MotionEvent { action=ACTION_DOWN, actionButton=0, id[0]=0, x[0]=600.0, y[0]=938.0, toolType[0]=TOOL_TYPE_UNKNOWN, buttonState=0, metaState=0, flags=0x0, edgeFlags=0x0, pointerCount=1, historySize=0, eventTime=713764053, downTime=713764053, deviceId=0, source=0x1002 }
08-04 14:15:47.647 15526 15526 I Input   : injectMotionEvent: MotionEvent { action=ACTION_UP, actionButton=0, id[0]=0, x[0]=600.0, y[0]=938.0, toolType[0]=TOOL_TYPE_UNKNOWN, buttonState=0, metaState=0, flags=0x0, edgeFlags=0x0, pointerCount=1, historySize=0, eventTime=713764053, downTime=713764053, deviceId=0, source=0x1002 }
08-04 14:15:47.649 15526 15526 D AndroidRuntime: Shutting down VM
08-04 14:15:47.660   918  4413 I ActivityManager: START u0 {dat=https://gfycat.com/... cmp=baseline.org.quantumbadger.redreader/.activities.ImageViewActivity (has extras)} from uid 10666 on display 0
08-04 14:15:47.661   512  2967 D audio_hw_primary: out_set_parameters: enter: usecase(1: low-latency-playback) kvpairs: routing=2
08-04 14:15:47.674   512  2967 D audio_hw_primary: select_devices: out_snd_device(2: speaker) in_snd_device(0: none)
08-04 14:15:47.674   512  2967 D msm8974_platform: platform_send_audio_calibration: sending audio calibration for snd_device(2) acdb_id(15)
08-04 14:15:47.674   512  2967 I soundtrigger: audio_extn_sound_trigger_update_device_status: device 0x2 of type 0 for Event 1
08-04 14:15:47.685   512  2967 D audio_hw_primary: enable_snd_device: snd_device(2: speaker)
08-04 14:15:47.687   512  2967 D audio_hw_primary: enable_audio_route: apply and update mixer path: low-latency-playback speaker
08-04 14:15:47.691 12327 12327 I ImageViewActivity: Loading URL https://gfycat.com/deadlygravecavy
08-04 14:15:47.699 12327 15278 I ImageViewActivity: Got image URL: https://giant.gfycat.com/DeadlyGraveCavy.mp4
08-04 14:15:47.699 12327 15278 I ImageViewActivity: Got image Type: video/mp4
08-04 14:15:47.699 12327 15278 I ImageViewActivity: Got media Type: VIDEO
08-04 14:15:47.700 12327 15278 I ImageViewActivity: Media type VIDEO detected
08-04 14:15:47.700 12327 15278 I ImageViewActivity: Proceeding with download
08-04 14:15:47.703 12327 15553 D OK      : calling: https://giant.gfycat.com/DeadlyGraveCavy.mp4
08-04 14:15:47.760 13866 13866 I GoogleInputMethodServic: GoogleInputMethodService.onFinishInput():3138 
08-04 14:15:47.760 13866 13866 I GoogleInputMethodServic: GoogleInputMethodService.onStartInput():1808 
08-04 14:15:47.798   918   936 I ActivityManager: Displayed baseline.org.quantumbadger.redreader/.activities.ImageViewActivity: +126ms
08-04 14:15:47.858 12327 12340 I art     : Starting a blocking GC Explicit
08-04 14:15:47.902 12327 12340 I art     : Explicit concurrent mark sweep GC freed 5731(345KB) AllocSpace objects, 1(20KB) LOS objects, 30% free, 36MB/52MB, paused 564us total 44.132ms
08-04 14:15:47.921 12327 12340 I art     : Starting a blocking GC Explicit
08-04 14:15:47.969 12327 12340 I art     : Explicit concurrent mark sweep GC freed 295(12KB) AllocSpace objects, 0(0B) LOS objects, 30% free, 36MB/52MB, paused 568us total 47.305ms
08-04 14:15:47.990 12327 12340 I art     : Starting a blocking GC Explicit
08-04 14:15:48.019 12327 15553 I NAPPA_EXPERIMENTATION: MetricNetworkRequestExecutionTime: REQUEST_DURATION_SYSTEM='315',REQUEST_DURATION_OKHTTP='152',REQUEST_SYNCHRONOUS='TRUE',RESPONSE_CODE='200',RESPONSE_METHOD='GET',RESPONSE_LENGTH_OKHTTP='1942309',RESPONSE_LENGTH_HEADER='1942309',REQUEST_PROTOCOL='h2',REQUEST_URL='https://giant.gfycat.com/DeadlyGraveCavy.mp4',
08-04 14:15:48.019 12327 15553 D OK      : request got status: 200
08-04 14:15:48.047 12327 12340 I art     : Explicit concurrent mark sweep GC freed 238(18KB) AllocSpace objects, 0(0B) LOS objects, 30% free, 37MB/53MB, paused 686us total 56.084ms
08-04 14:15:48.056   380   380 W SurfaceFlinger: couldn't log to binary event log: overflow.
08-04 14:15:48.067 12327 12340 I art     : Starting a blocking GC Explicit
08-04 14:15:48.109 12327 12340 I art     : Explicit concurrent mark sweep GC freed 202(12KB) AllocSpace objects, 0(0B) LOS objects, 30% free, 37MB/53MB, paused 542us total 41.634ms
08-04 14:15:48.127 12327 12340 I art     : Starting a blocking GC Explicit
08-04 14:15:48.168 12327 12340 I art     : Explicit concurrent mark sweep GC freed 305(18KB) AllocSpace objects, 0(0B) LOS objects, 29% free, 37MB/53MB, paused 651us total 41.016ms
08-04 14:15:48.228   512  2967 D audio_hw_primary: disable_audio_route: reset and update mixer path: low-latency-playback speaker
08-04 14:15:48.229   512  2967 D audio_hw_primary: disable_snd_device: snd_device(2: speaker)
08-04 14:15:48.238   512  2967 I soundtrigger: audio_extn_sound_trigger_update_device_status: device 0x2 of type 0 for Event 0
08-04 14:15:48.414 12327 12327 I ImageViewActivity: Playing video using ExoPlayer
08-04 14:15:48.449 12327 12327 I ExoPlayerImpl: Init 39e449a [ExoPlayerLib/2.10.8] [angler, Nexus 6P, Huawei, 23]
08-04 14:15:48.493 12327 12340 I art     : Starting a blocking GC Explicit
08-04 14:15:48.543 12327 12340 I art     : Explicit concurrent mark sweep GC freed 6627(1673KB) AllocSpace objects, 4(224KB) LOS objects, 29% free, 38MB/54MB, paused 1.393ms total 50.135ms
08-04 14:15:48.561 12327 12340 I art     : Starting a blocking GC Explicit
08-04 14:15:48.587 12327 15575 W VideoCapabilities: Unrecognized profile 2130706433 for video/avc
08-04 14:15:48.609 12327 12340 I art     : Explicit concurrent mark sweep GC freed 3565(188KB) AllocSpace objects, 3(100KB) LOS objects, 29% free, 38MB/54MB, paused 799us total 47.355ms
08-04 14:15:48.621 12327 15575 I VideoCapabilities: Unsupported profile 4 for video/mp4v-es
08-04 14:15:48.628 12327 12340 I art     : Starting a blocking GC Explicit
08-04 14:15:48.635 12327 15578 I OMXClient: Using client-side OMX mux.
08-04 14:15:48.675 12327 12340 I art     : Explicit concurrent mark sweep GC freed 2368(99KB) AllocSpace objects, 0(0B) LOS objects, 29% free, 39MB/55MB, paused 723us total 47.615ms
08-04 14:15:48.693 12327 12340 I art     : Starting a blocking GC Explicit
08-04 14:15:48.739 12327 12340 I art     : Explicit concurrent mark sweep GC freed 61(2528B) AllocSpace objects, 0(0B) LOS objects, 28% free, 39MB/55MB, paused 537us total 45.286ms
08-04 14:15:48.740   512 12838 I OMX-VDEC-1080P: component_init: OMX.qcom.video.decoder.avc : fd=49
08-04 14:15:48.740   512 12838 I OMX-VDEC-1080P: Capabilities: driver_name = msm_vidc_driver, card = msm_vdec_8974, bus_info = , version = 1, capabilities = 4003000
08-04 14:15:48.745   512 12838 I OMX-VDEC-1080P: Enabling default extradata for OMX.qcom.video.decoder.avc
08-04 14:15:48.749   512 12838 I OMX-VDEC-1080P: omx_vdec::component_init() success : fd=49
08-04 14:15:48.752 12327 15577 I MediaCodec: [OMX.qcom.video.decoder.avc] setting surface generation to 12622849
08-04 14:15:48.754   512  3660 E OMX-VDEC-1080P: Extension: OMX.google.android.index.storeANWBufferInMetadata not implemented
08-04 14:15:48.757 12327 12340 I art     : Starting a blocking GC Explicit
08-04 14:15:48.780 12327 15578 D SurfaceUtils: set up nativeWindow 0x7f7b128a10 for 360x306, color 0x7fa30c04, rotation 0, usage 0x42002900
08-04 14:15:48.801 12327 12340 I art     : Explicit concurrent mark sweep GC freed 65(3KB) AllocSpace objects, 0(0B) LOS objects, 28% free, 39MB/55MB, paused 745us total 43.998ms
08-04 14:15:48.809 12327 15578 D SurfaceUtils: set up nativeWindow 0x7f7b128a10 for 368x320, color 0x7fa30c04, rotation 0, usage 0x42002900
08-04 14:15:49.124 12327 13016 I art     : Starting a blocking GC Explicit
08-04 14:15:49.174 12327 13016 I art     : Explicit concurrent mark sweep GC freed 1716(141KB) AllocSpace objects, 2(88KB) LOS objects, 28% free, 40MB/56MB, paused 500us total 49.563ms
08-04 14:15:49.193 12327 13016 I art     : Starting a blocking GC Explicit
08-04 14:15:49.241 12327 13016 I art     : Explicit concurrent mark sweep GC freed 46(1664B) AllocSpace objects, 0(0B) LOS objects, 28% free, 40MB/56MB, paused 494us total 47.562ms
08-04 14:15:49.260 12327 13016 I art     : Starting a blocking GC Explicit
08-04 14:15:49.308 12327 13016 I art     : Explicit concurrent mark sweep GC freed 29(1040B) AllocSpace objects, 0(0B) LOS objects, 28% free, 40MB/56MB, paused 551us total 47.856ms
08-04 14:15:49.327 12327 13016 I art     : Starting a blocking GC Explicit
08-04 14:15:49.378 12327 13016 I art     : Explicit concurrent mark sweep GC freed 25(928B) AllocSpace objects, 0(0B) LOS objects, 28% free, 40MB/56MB, paused 558us total 51.167ms
08-04 14:15:49.397 12327 13016 I art     : Starting a blocking GC Explicit
08-04 14:15:49.450 12327 13016 I art     : Explicit concurrent mark sweep GC freed 21(816B) AllocSpace objects, 0(0B) LOS objects, 28% free, 40MB/56MB, paused 612us total 52.044ms
08-04 14:15:49.815 12327 12340 I art     : Starting a blocking GC Explicit
08-04 14:15:49.869 12327 12340 I art     : Explicit concurrent mark sweep GC freed 1501(88KB) AllocSpace objects, 1(20KB) LOS objects, 28% free, 40MB/56MB, paused 568us total 53.771ms
08-04 14:15:49.889 12327 12340 I art     : Starting a blocking GC Explicit
08-04 14:15:49.941 12327 12340 I art     : Explicit concurrent mark sweep GC freed 38(1424B) AllocSpace objects, 0(0B) LOS objects, 28% free, 40MB/56MB, paused 529us total 52.120ms
08-04 14:15:49.961 12327 12340 I art     : Starting a blocking GC Explicit
08-04 14:15:50.012 12327 12340 I art     : Explicit concurrent mark sweep GC freed 31(1136B) AllocSpace objects, 0(0B) LOS objects, 28% free, 40MB/56MB, paused 535us total 50.748ms
08-04 14:15:50.032 12327 12340 I art     : Starting a blocking GC Explicit
08-04 14:15:50.084 12327 12340 I art     : Explicit concurrent mark sweep GC freed 26(992B) AllocSpace objects, 0(0B) LOS objects, 28% free, 40MB/56MB, paused 536us total 52.359ms
08-04 14:15:50.103 12327 12340 I art     : Starting a blocking GC Explicit
08-04 14:15:50.154 12327 12340 I art     : Explicit concurrent mark sweep GC freed 26(912B) AllocSpace objects, 0(0B) LOS objects, 28% free, 40MB/56MB, paused 532us total 49.956ms
08-04 14:15:50.522 12327 12352 I art     : Starting a blocking GC Explicit
08-04 14:15:50.575 12327 12352 I art     : Explicit concurrent mark sweep GC freed 1489(87KB) AllocSpace objects, 1(20KB) LOS objects, 28% free, 40MB/56MB, paused 572us total 52.564ms
08-04 14:15:50.595 12327 12352 I art     : Starting a blocking GC Explicit
08-04 14:15:50.647 12327 12352 I art     : Explicit concurrent mark sweep GC freed 48(1744B) AllocSpace objects, 0(0B) LOS objects, 28% free, 40MB/56MB, paused 542us total 51.930ms
08-04 14:15:50.666 12327 12352 I art     : Starting a blocking GC Explicit
08-04 14:15:50.718 12327 12352 I art     : Explicit concurrent mark sweep GC freed 25(928B) AllocSpace objects, 0(0B) LOS objects, 28% free, 40MB/56MB, paused 555us total 51.675ms
08-04 14:15:50.738 12327 12352 I art     : Starting a blocking GC Explicit
08-04 14:15:50.789 12327 12352 I art     : Explicit concurrent mark sweep GC freed 26(992B) AllocSpace objects, 0(0B) LOS objects, 28% free, 40MB/56MB, paused 495us total 50.696ms
08-04 14:15:50.808 12327 12352 I art     : Starting a blocking GC Explicit
08-04 14:15:50.859 12327 12352 I art     : Explicit concurrent mark sweep GC freed 25(928B) AllocSpace objects, 0(0B) LOS objects, 28% free, 40MB/56MB, paused 528us total 51.103ms
08-04 14:15:51.236 12327 13016 I art     : Starting a blocking GC Explicit
08-04 14:15:51.289 12327 13016 I art     : Explicit concurrent mark sweep GC freed 1499(88KB) AllocSpace objects, 1(20KB) LOS objects, 28% free, 40MB/56MB, paused 568us total 52.765ms
08-04 14:15:51.307 12327 13016 I art     : Starting a blocking GC Explicit
08-04 14:15:51.357 12327 13016 I art     : Explicit concurrent mark sweep GC freed 42(1536B) AllocSpace objects, 0(0B) LOS objects, 28% free, 40MB/56MB, paused 508us total 49.278ms
08-04 14:15:51.376 12327 13016 I art     : Starting a blocking GC Explicit
08-04 14:15:51.424 12327 13016 I art     : Explicit concurrent mark sweep GC freed 23(832B) AllocSpace objects, 0(0B) LOS objects, 28% free, 40MB/56MB, paused 576us total 48.324ms
08-04 14:15:51.443 12327 13016 I art     : Starting a blocking GC Explicit
08-04 14:15:51.494 12327 13016 I art     : Explicit concurrent mark sweep GC freed 27(1024B) AllocSpace objects, 0(0B) LOS objects, 28% free, 40MB/56MB, paused 510us total 50.450ms
08-04 14:15:51.513 12327 13016 I art     : Starting a blocking GC Explicit
08-04 14:15:51.563 12327 13016 I art     : Explicit concurrent mark sweep GC freed 30(1120B) AllocSpace objects, 0(0B) LOS objects, 28% free, 40MB/56MB, paused 564us total 49.269ms
08-04 14:15:51.861  5179  5194 D QcrilMsgTunnelSocket: readRilMessage: Buffer = [B@671e81d HexData = [010000000404000011000000514f454d484f4f4bef0308000100000003]
08-04 14:15:51.861  5179  5194 D QcrilMsgTunnelSocket: Rcvd UNSOL response with 28 bytes data for SUB0
08-04 14:15:51.862  5179  5194 D QcrilMsgTunnelSocket: Response ID 525295 is not served in this process.
08-04 14:15:51.862  5179  5194 D QcrilMsgTunnelSocket: To broadcast an Intent via the notifier to external apps
08-04 14:15:51.862  5179  5179 D QcrilMsgTunnelIfaceManager: handleMessage what = 0
08-04 14:15:51.862  5179  5179 D QcrilMsgTunnelIfaceManager: Broadcasting intent ACTION_UNSOL_RESPONSE_OEM_HOOK_RAW
08-04 14:15:51.865  5164  5164 D QC_RIL_OEM_HOOK: Received Broadcast Intent ACTION_UNSOL_RESPONSE_OEM_HOOK_RAW
08-04 14:15:51.865  5164  5164 D QC_RIL_OEM_HOOK: Oem ID in QCRILHOOK UNSOL RESP is QOEMHOOK
08-04 14:15:51.939 12327 12340 I art     : Starting a blocking GC Explicit
08-04 14:15:51.993 12327 12340 I art     : Explicit concurrent mark sweep GC freed 1494(88KB) AllocSpace objects, 1(20KB) LOS objects, 28% free, 40MB/56MB, paused 509us total 52.910ms
08-04 14:15:52.012 12327 12340 I art     : Starting a blocking GC Explicit
08-04 14:15:52.062 12327 12340 I art     : Explicit concurrent mark sweep GC freed 42(1536B) AllocSpace objects, 0(0B) LOS objects, 28% free, 40MB/56MB, paused 501us total 49.939ms
08-04 14:15:52.082 12327 12340 I art     : Starting a blocking GC Explicit
08-04 14:15:52.134 12327 12340 I art     : Explicit concurrent mark sweep GC freed 29(1072B) AllocSpace objects, 0(0B) LOS objects, 28% free, 40MB/56MB, paused 559us total 51.556ms
08-04 14:15:52.153 12327 12340 I art     : Starting a blocking GC Explicit
08-04 14:15:52.207 12327 12340 I art     : Explicit concurrent mark sweep GC freed 25(928B) AllocSpace objects, 0(0B) LOS objects, 28% free, 40MB/56MB, paused 570us total 53.298ms
08-04 14:15:52.227 12327 12340 I art     : Starting a blocking GC Explicit
08-04 14:15:52.277 12327 12340 I art     : Explicit concurrent mark sweep GC freed 25(928B) AllocSpace objects, 0(0B) LOS objects, 28% free, 40MB/56MB, paused 587us total 50.302ms
08-04 14:15:52.642 12327 13016 I art     : Starting a blocking GC Explicit
08-04 14:15:52.672 12327 15550 I RedditChangeDataIO: Writing tmp data file at '/data/user/0/baseline.org.quantumbadger.redreader/files/rr_change_data_tmp.dat'
08-04 14:15:52.673 12327 15550 I RedditChangeDataManager: Taking snapshot...
08-04 14:15:52.673 12327 15550 I RedditChangeDataManager: Writing to stream...
08-04 14:15:52.673 12327 15550 I RedditChangeDataManager: Wrote 6 entries for user ''
08-04 14:15:52.673 12327 15550 I RedditChangeDataManager: All entries written to stream.
08-04 14:15:52.673 12327 15550 I RedditChangeDataIO: Write successful. Atomically replacing data file...
08-04 14:15:52.674 12327 15550 I RedditChangeDataIO: Write complete.
08-04 14:15:52.674 12327 15550 I RedditChangeDataIO: 158 bytes written in 3 ms
08-04 14:15:52.695 12327 13016 I art     : Explicit concurrent mark sweep GC freed 1580(93KB) AllocSpace objects, 2(88KB) LOS objects, 28% free, 40MB/56MB, paused 514us total 52.902ms
08-04 14:15:52.714 12327 13016 I art     : Starting a blocking GC Explicit
08-04 14:15:52.766 12327 13016 I art     : Explicit concurrent mark sweep GC freed 48(1920B) AllocSpace objects, 0(0B) LOS objects, 28% free, 40MB/56MB, paused 545us total 50.983ms
08-04 14:15:52.786 12327 13016 I art     : Starting a blocking GC Explicit
08-04 14:15:52.834 12327 13016 I art     : Explicit concurrent mark sweep GC freed 31(1088B) AllocSpace objects, 0(0B) LOS objects, 28% free, 40MB/56MB, paused 544us total 47.824ms
08-04 14:15:52.853 12327 13016 I art     : Starting a blocking GC Explicit
08-04 14:15:52.902   918  3188 I hubconnection: sensorhub said: 'set_bias 3: -4.9920, 0.0000, 0.0000'
08-04 14:15:52.904 12327 13016 I art     : Explicit concurrent mark sweep GC freed 19(768B) AllocSpace objects, 0(0B) LOS objects, 28% free, 40MB/56MB, paused 639us total 51.062ms
08-04 14:15:52.924 12327 13016 I art     : Starting a blocking GC Explicit
08-04 14:15:52.973 12327 13016 I art     : Explicit concurrent mark sweep GC freed 30(1120B) AllocSpace objects, 0(0B) LOS objects, 28% free, 40MB/56MB, paused 573us total 49.304ms
08-04 14:15:53.345 12327 12341 I art     : Starting a blocking GC Explicit
08-04 14:15:53.398 12327 12341 I art     : Explicit concurrent mark sweep GC freed 1522(89KB) AllocSpace objects, 1(20KB) LOS objects, 28% free, 40MB/56MB, paused 499us total 53.382ms
08-04 14:15:53.417 12327 12341 I art     : Starting a blocking GC Explicit
08-04 14:15:53.467 12327 12341 I art     : Explicit concurrent mark sweep GC freed 206(32KB) AllocSpace objects, 0(0B) LOS objects, 28% free, 40MB/56MB, paused 487us total 48.960ms
08-04 14:15:53.486 12327 12341 I art     : Starting a blocking GC Explicit
08-04 14:15:53.536 12327 12341 I art     : Explicit concurrent mark sweep GC freed 88(3008B) AllocSpace objects, 0(0B) LOS objects, 28% free, 40MB/56MB, paused 498us total 49.761ms
08-04 14:15:53.555 12327 12341 I art     : Starting a blocking GC Explicit
08-04 14:15:53.601 12327 12341 I art     : Explicit concurrent mark sweep GC freed 27(1024B) AllocSpace objects, 0(0B) LOS objects, 28% free, 40MB/56MB, paused 481us total 46.529ms
08-04 14:15:53.620 12327 12341 I art     : Starting a blocking GC Explicit
08-04 14:15:53.670 12327 12341 I art     : Explicit concurrent mark sweep GC freed 23(832B) AllocSpace objects, 0(0B) LOS objects, 28% free, 40MB/56MB, paused 583us total 49.032ms
08-04 14:15:54.023 12327 13730 I art     : Starting a blocking GC Explicit
08-04 14:15:54.075 12327 13730 I art     : Explicit concurrent mark sweep GC freed 1497(87KB) AllocSpace objects, 1(20KB) LOS objects, 28% free, 40MB/56MB, paused 558us total 51.405ms
08-04 14:15:54.094 12327 13730 I art     : Starting a blocking GC Explicit
08-04 14:15:54.143 12327 13730 I art     : Explicit concurrent mark sweep GC freed 40(1520B) AllocSpace objects, 0(0B) LOS objects, 28% free, 40MB/56MB, paused 594us total 49.015ms
08-04 14:15:54.162 12327 13730 I art     : Starting a blocking GC Explicit
08-04 14:15:54.211 12327 13730 I art     : Explicit concurrent mark sweep GC freed 25(928B) AllocSpace objects, 0(0B) LOS objects, 28% free, 40MB/56MB, paused 502us total 48.822ms
08-04 14:15:54.230 12327 13730 I art     : Starting a blocking GC Explicit
08-04 14:15:54.281 12327 13730 I art     : Explicit concurrent mark sweep GC freed 29(1072B) AllocSpace objects, 0(0B) LOS objects, 28% free, 40MB/56MB, paused 472us total 50.359ms
08-04 14:15:54.300 12327 13730 I art     : Starting a blocking GC Explicit
08-04 14:15:54.349 12327 13730 I art     : Explicit concurrent mark sweep GC freed 22(832B) AllocSpace objects, 0(0B) LOS objects, 28% free, 40MB/56MB, paused 491us total 48.362ms
08-04 14:15:54.424 15671 15671 D AndroidRuntime: >>>>>> START com.android.internal.os.RuntimeInit uid 2000 <<<<<<
08-04 14:15:54.430 15671 15671 D AndroidRuntime: CheckJNI is OFF
08-04 14:15:54.473 15671 15671 D ICU     : No timezone override file found: /data/misc/zoneinfo/current/icu/icu_tzdata.dat
08-04 14:15:54.518 15671 15671 I Radio-JNI: register_android_hardware_Radio DONE
08-04 14:15:54.547 15671 15671 D AndroidRuntime: Calling main entry com.android.commands.input.Input
08-04 14:15:54.549 15671 15671 I Input   : injectKeyEvent: KeyEvent { action=ACTION_DOWN, keyCode=KEYCODE_BACK, scanCode=0, metaState=0, flags=0x0, repeatCount=0, eventTime=713770962, downTime=713770962, deviceId=-1, source=0x101 }
08-04 14:15:54.557 15671 15671 I Input   : injectKeyEvent: KeyEvent { action=ACTION_UP, keyCode=KEYCODE_BACK, scanCode=0, metaState=0, flags=0x0, repeatCount=0, eventTime=713770962, downTime=713770962, deviceId=-1, source=0x101 }
08-04 14:15:54.564 15671 15671 D AndroidRuntime: Shutting down VM
08-04 14:15:54.618 13866 13866 I GoogleInputMethodServic: GoogleInputMethodService.onFinishInput():3138 
08-04 14:15:54.619 13866 13866 I GoogleInputMethodServic: GoogleInputMethodService.onStartInput():1808 
08-04 14:15:54.700 12327 12340 I art     : Starting a blocking GC Explicit
08-04 14:15:54.701 12327 15577 I MediaCodec: [OMX.qcom.video.decoder.avc] setting surface generation to 12622850
08-04 14:15:54.702 12327 15578 D SurfaceUtils: set up nativeWindow 0x7f7ca4ce10 for 368x320, color 0x7fa30c04, rotation 0, usage 0x42002900
08-04 14:15:54.749 12327 12340 I art     : Explicit concurrent mark sweep GC freed 1746(98KB) AllocSpace objects, 1(20KB) LOS objects, 28% free, 40MB/56MB, paused 640us total 48.916ms
08-04 14:15:54.767 12327 12340 I art     : Starting a blocking GC Explicit
08-04 14:15:54.817 12327 12340 I art     : Explicit concurrent mark sweep GC freed 42(1568B) AllocSpace objects, 0(0B) LOS objects, 28% free, 40MB/56MB, paused 580us total 49.832ms
08-04 14:15:54.839 12327 12340 I art     : Starting a blocking GC Explicit
08-04 14:15:54.893 12327 12340 I art     : Explicit concurrent mark sweep GC freed 25(928B) AllocSpace objects, 0(0B) LOS objects, 28% free, 40MB/56MB, paused 514us total 53.810ms
08-04 14:15:54.913 12327 12340 I art     : Starting a blocking GC Explicit
08-04 14:15:54.925 12327 12327 I ExoPlayerImpl: Release 39e449a [ExoPlayerLib/2.10.8] [angler, Nexus 6P, Huawei, 23] [goog.exo.core, goog.exo.ui]
08-04 14:15:54.930   380   380 W SurfaceFlinger: couldn't log to binary event log: overflow.
08-04 14:15:54.939   512  3269 I OMX-VDEC-1080P: omx_vdec::component_deinit() complete
08-04 14:15:54.942   512  3269 I OMX-VDEC-1080P: Exit OMX vdec Destructor: fd=49
08-04 14:15:54.961 12327 12340 I art     : Explicit concurrent mark sweep GC freed 117(4KB) AllocSpace objects, 0(0B) LOS objects, 28% free, 40MB/56MB, paused 509us total 47.656ms
08-04 14:15:54.978 12327 12340 I art     : Starting a blocking GC Explicit
08-04 14:15:55.023 12327 12340 I art     : Explicit concurrent mark sweep GC freed 342(98KB) AllocSpace objects, 35(2MB) LOS objects, 29% free, 37MB/53MB, paused 459us total 44.811ms
08-04 14:15:55.334 12327 13730 I art     : Starting a blocking GC Explicit
08-04 14:15:55.382 12327 13730 I art     : Explicit concurrent mark sweep GC freed 4238(243KB) AllocSpace objects, 5(220KB) LOS objects, 29% free, 37MB/53MB, paused 490us total 47.482ms
08-04 14:15:55.400 12327 13730 I art     : Starting a blocking GC Explicit
08-04 14:15:55.448 12327 13730 I art     : Explicit concurrent mark sweep GC freed 20(704B) AllocSpace objects, 0(0B) LOS objects, 29% free, 37MB/53MB, paused 515us total 47.376ms
08-04 14:15:55.467 12327 13730 I art     : Starting a blocking GC Explicit
08-04 14:15:55.515 12327 13730 I art     : Explicit concurrent mark sweep GC freed 3(96B) AllocSpace objects, 0(0B) LOS objects, 29% free, 37MB/53MB, paused 486us total 48.275ms
08-04 14:15:55.534 12327 13730 I art     : Starting a blocking GC Explicit
08-04 14:15:55.582 12327 13730 I art     : Explicit concurrent mark sweep GC freed 3(96B) AllocSpace objects, 0(0B) LOS objects, 29% free, 37MB/53MB, paused 490us total 48.447ms
08-04 14:15:55.601 12327 13730 I art     : Starting a blocking GC Explicit
08-04 14:15:55.650 12327 13730 I art     : Explicit concurrent mark sweep GC freed 3(96B) AllocSpace objects, 0(0B) LOS objects, 29% free, 37MB/53MB, paused 504us total 48.746ms
08-04 14:15:55.983 12327 12352 I art     : Starting a blocking GC Explicit
08-04 14:15:56.041 12327 12352 I art     : Explicit concurrent mark sweep GC freed 1354(82KB) AllocSpace objects, 1(20KB) LOS objects, 29% free, 37MB/53MB, paused 493us total 57.137ms
08-04 14:15:56.059 12327 12352 I art     : Starting a blocking GC Explicit
08-04 14:15:56.105 12327 12352 I art     : Explicit concurrent mark sweep GC freed 20(704B) AllocSpace objects, 0(0B) LOS objects, 29% free, 37MB/53MB, paused 476us total 45.568ms
08-04 14:15:56.124 12327 12352 I art     : Starting a blocking GC Explicit
08-04 14:15:56.172 12327 12352 I art     : Explicit concurrent mark sweep GC freed 3(96B) AllocSpace objects, 0(0B) LOS objects, 29% free, 37MB/53MB, paused 541us total 48.006ms
08-04 14:15:56.191 12327 12352 I art     : Starting a blocking GC Explicit
08-04 14:15:56.238 12327 12352 I art     : Explicit concurrent mark sweep GC freed 3(96B) AllocSpace objects, 0(0B) LOS objects, 29% free, 37MB/53MB, paused 515us total 47.226ms
08-04 14:15:56.257 12327 12352 I art     : Starting a blocking GC Explicit
08-04 14:15:56.308 12327 12352 I art     : Explicit concurrent mark sweep GC freed 3(96B) AllocSpace objects, 0(0B) LOS objects, 29% free, 37MB/53MB, paused 495us total 50.841ms
08-04 14:15:56.392 15714 15714 D AndroidRuntime: >>>>>> START com.android.internal.os.RuntimeInit uid 2000 <<<<<<
08-04 14:15:56.399 15714 15714 D AndroidRuntime: CheckJNI is OFF
08-04 14:15:56.446 15714 15714 D ICU     : No timezone override file found: /data/misc/zoneinfo/current/icu/icu_tzdata.dat
08-04 14:15:56.487 15714 15714 I Radio-JNI: register_android_hardware_Radio DONE
08-04 14:15:56.515 15714 15714 D AndroidRuntime: Calling main entry com.android.commands.input.Input
08-04 14:15:56.517 15714 15714 I Input   : injectMotionEvent: MotionEvent { action=ACTION_DOWN, actionButton=0, id[0]=0, x[0]=1340.0, y[0]=1100.0, toolType[0]=TOOL_TYPE_UNKNOWN, buttonState=0, metaState=0, flags=0x0, edgeFlags=0x0, pointerCount=1, historySize=0, eventTime=713772929, downTime=713772929, deviceId=0, source=0x1002 }
08-04 14:15:56.522 15714 15714 I Input   : injectMotionEvent: MotionEvent { action=ACTION_UP, actionButton=0, id[0]=0, x[0]=1340.0, y[0]=1100.0, toolType[0]=TOOL_TYPE_UNKNOWN, buttonState=0, metaState=0, flags=0x0, edgeFlags=0x0, pointerCount=1, historySize=0, eventTime=713772929, downTime=713772929, deviceId=0, source=0x1002 }
08-04 14:15:56.524 15714 15714 D AndroidRuntime: Shutting down VM
08-04 14:15:56.539   512  2967 D audio_hw_primary: out_set_parameters: enter: usecase(1: low-latency-playback) kvpairs: routing=2
08-04 14:15:56.540   918  6110 I ActivityManager: START u0 {dat=https://oauth.reddit.com/... cmp=baseline.org.quantumbadger.redreader/.activities.CommentListingActivity} from uid 10666 on display 0
08-04 14:15:56.551   512  2967 D audio_hw_primary: select_devices: out_snd_device(2: speaker) in_snd_device(0: none)
08-04 14:15:56.552   512  2967 D msm8974_platform: platform_send_audio_calibration: sending audio calibration for snd_device(2) acdb_id(15)
08-04 14:15:56.552   512  2967 I soundtrigger: audio_extn_sound_trigger_update_device_status: device 0x2 of type 0 for Event 1
08-04 14:15:56.562   512  2967 D audio_hw_primary: enable_snd_device: snd_device(2: speaker)
08-04 14:15:56.565   512  2967 D audio_hw_primary: enable_audio_route: apply and update mixer path: low-latency-playback speaker
08-04 14:15:56.567 12327 12327 I AppCompatViewInflater: app:theme is now deprecated. Please move to using android:theme instead.
08-04 14:15:56.587 12327 15278 I CommentListingActivity: COMMENTS session changed to ece6d9b8-6066-433a-9476-1935aa20527c
08-04 14:15:56.650 12327 15699 I art     : Starting a blocking GC Explicit
08-04 14:15:56.704 13866 13866 I GoogleInputMethodServic: GoogleInputMethodService.onFinishInput():3138 
08-04 14:15:56.704 13866 13866 I GoogleInputMethodServic: GoogleInputMethodService.onStartInput():1808 
08-04 14:15:56.705   918   936 I ActivityManager: Displayed baseline.org.quantumbadger.redreader/.activities.CommentListingActivity: +156ms
08-04 14:15:56.715 12327 15699 I art     : Explicit concurrent mark sweep GC freed 17490(924KB) AllocSpace objects, 1(20KB) LOS objects, 28% free, 39MB/55MB, paused 1.419ms total 64.163ms
08-04 14:15:56.735 12327 15699 I art     : Starting a blocking GC Explicit
08-04 14:15:56.803 12327 15699 I art     : Explicit concurrent mark sweep GC freed 13579(804KB) AllocSpace objects, 0(0B) LOS objects, 28% free, 39MB/55MB, paused 728us total 67.801ms
08-04 14:15:56.823 12327 15699 I art     : Starting a blocking GC Explicit
08-04 14:15:56.884 12327 15699 I art     : Explicit concurrent mark sweep GC freed 13476(592KB) AllocSpace objects, 0(0B) LOS objects, 28% free, 39MB/55MB, paused 562us total 60.800ms
08-04 14:15:56.905 12327 15699 I art     : Starting a blocking GC Explicit
08-04 14:15:56.932   380   380 W SurfaceFlinger: couldn't log to binary event log: overflow.
08-04 14:15:56.962 12327 15699 I art     : Explicit concurrent mark sweep GC freed 78(3KB) AllocSpace objects, 0(0B) LOS objects, 28% free, 39MB/55MB, paused 475us total 57.319ms
08-04 14:15:56.982 12327 15699 I art     : Starting a blocking GC Explicit
08-04 14:15:57.037 12327 15699 I art     : Explicit concurrent mark sweep GC freed 3(96B) AllocSpace objects, 0(0B) LOS objects, 28% free, 39MB/55MB, paused 524us total 55.274ms
08-04 14:15:57.109   512  2967 D audio_hw_primary: disable_audio_route: reset and update mixer path: low-latency-playback speaker
08-04 14:15:57.110   512  2967 D audio_hw_primary: disable_snd_device: snd_device(2: speaker)
08-04 14:15:57.119   512  2967 I soundtrigger: audio_extn_sound_trigger_update_device_status: device 0x2 of type 0 for Event 0
08-04 14:15:57.382 12327 13730 I art     : Starting a blocking GC Explicit
08-04 14:15:57.447 12327 13730 I art     : Explicit concurrent mark sweep GC freed 1504(87KB) AllocSpace objects, 1(20KB) LOS objects, 28% free, 39MB/55MB, paused 519us total 64.886ms
08-04 14:15:57.468 12327 13730 I art     : Starting a blocking GC Explicit
08-04 14:15:57.528 12327 13730 I art     : Explicit concurrent mark sweep GC freed 24(832B) AllocSpace objects, 0(0B) LOS objects, 28% free, 39MB/55MB, paused 541us total 59.886ms
08-04 14:15:57.549 12327 13730 I art     : Starting a blocking GC Explicit
08-04 14:15:57.608 12327 13730 I art     : Explicit concurrent mark sweep GC freed 3(96B) AllocSpace objects, 0(0B) LOS objects, 28% free, 39MB/55MB, paused 463us total 58.917ms
08-04 14:15:57.629 12327 13730 I art     : Starting a blocking GC Explicit
08-04 14:15:57.690 12327 13730 I art     : Explicit concurrent mark sweep GC freed 3(96B) AllocSpace objects, 0(0B) LOS objects, 28% free, 39MB/55MB, paused 504us total 60.642ms
08-04 14:15:57.710 12327 13730 I art     : Starting a blocking GC Explicit
08-04 14:15:57.778 12327 13730 I art     : Explicit concurrent mark sweep GC freed 49(1920B) AllocSpace objects, 0(0B) LOS objects, 28% free, 39MB/55MB, paused 603us total 67.517ms
08-04 14:15:58.124 12327 12340 I art     : Starting a blocking GC Explicit
08-04 14:15:58.214 12327 12340 I art     : Explicit concurrent mark sweep GC freed 1354(82KB) AllocSpace objects, 1(20KB) LOS objects, 28% free, 39MB/55MB, paused 565us total 90.228ms
08-04 14:15:58.239 12327 12340 I art     : Starting a blocking GC Explicit
08-04 14:15:58.308 12327 12340 I art     : Explicit concurrent mark sweep GC freed 20(704B) AllocSpace objects, 0(0B) LOS objects, 28% free, 39MB/55MB, paused 529us total 69.235ms
08-04 14:15:58.329 12327 12340 I art     : Starting a blocking GC Explicit
08-04 14:15:58.402 12327 12340 I art     : Explicit concurrent mark sweep GC freed 3(96B) AllocSpace objects, 0(0B) LOS objects, 28% free, 39MB/55MB, paused 520us total 72.289ms
08-04 14:15:58.424 12327 12340 I art     : Starting a blocking GC Explicit
08-04 14:15:58.494 12327 12340 I art     : Explicit concurrent mark sweep GC freed 3(96B) AllocSpace objects, 0(0B) LOS objects, 28% free, 39MB/55MB, paused 531us total 70.252ms
08-04 14:15:58.516 12327 12340 I art     : Starting a blocking GC Explicit
08-04 14:15:58.586 12327 12340 I art     : Explicit concurrent mark sweep GC freed 3(96B) AllocSpace objects, 0(0B) LOS objects, 28% free, 39MB/55MB, paused 530us total 69.920ms
08-04 14:15:58.952 12327 15699 I art     : Starting a blocking GC Explicit
08-04 14:15:59.044 12327 15699 I art     : Explicit concurrent mark sweep GC freed 1354(82KB) AllocSpace objects, 1(20KB) LOS objects, 28% free, 39MB/55MB, paused 586us total 91.645ms
08-04 14:15:59.070 12327 15699 I art     : Starting a blocking GC Explicit
08-04 14:15:59.140 12327 15699 I art     : Explicit concurrent mark sweep GC freed 20(704B) AllocSpace objects, 0(0B) LOS objects, 28% free, 39MB/55MB, paused 537us total 70.664ms
08-04 14:15:59.162 12327 15699 I art     : Starting a blocking GC Explicit
08-04 14:15:59.231 12327 15699 I art     : Explicit concurrent mark sweep GC freed 3(96B) AllocSpace objects, 0(0B) LOS objects, 28% free, 39MB/55MB, paused 544us total 68.734ms
08-04 14:15:59.253 12327 15699 I art     : Starting a blocking GC Explicit
08-04 14:15:59.330 12327 15699 I art     : Explicit concurrent mark sweep GC freed 3(96B) AllocSpace objects, 0(0B) LOS objects, 28% free, 39MB/55MB, paused 546us total 77.211ms
08-04 14:15:59.354 12327 15699 I art     : Starting a blocking GC Explicit
08-04 14:15:59.426 12327 15699 I art     : Explicit concurrent mark sweep GC freed 3(96B) AllocSpace objects, 0(0B) LOS objects, 28% free, 39MB/55MB, paused 537us total 71.481ms
08-04 14:15:59.784 12327 12352 I art     : Starting a blocking GC Explicit
08-04 14:15:59.870 12327 12352 I art     : Explicit concurrent mark sweep GC freed 1354(82KB) AllocSpace objects, 1(20KB) LOS objects, 28% free, 39MB/55MB, paused 629us total 85.252ms
08-04 14:15:59.893 12327 12352 I art     : Starting a blocking GC Explicit
08-04 14:15:59.965 12327 12352 I art     : Explicit concurrent mark sweep GC freed 20(704B) AllocSpace objects, 0(0B) LOS objects, 28% free, 39MB/55MB, paused 539us total 71.405ms
08-04 14:15:59.987 12327 12352 I art     : Starting a blocking GC Explicit
08-04 14:16:00.051 12327 12352 I art     : Explicit concurrent mark sweep GC freed 3(96B) AllocSpace objects, 0(0B) LOS objects, 28% free, 39MB/55MB, paused 488us total 63.759ms
08-04 14:16:00.071 12327 12352 I art     : Starting a blocking GC Explicit
08-04 14:16:00.130 12327 12352 I art     : Explicit concurrent mark sweep GC freed 3(96B) AllocSpace objects, 0(0B) LOS objects, 28% free, 39MB/55MB, paused 479us total 58.239ms
08-04 14:16:00.151 12327 12352 I art     : Starting a blocking GC Explicit
08-04 14:16:00.214 12327 12352 I art     : Explicit concurrent mark sweep GC freed 3(96B) AllocSpace objects, 0(0B) LOS objects, 28% free, 39MB/55MB, paused 509us total 63.101ms
08-04 14:16:00.586 12327 13016 I art     : Starting a blocking GC Explicit
08-04 14:16:00.665 12327 13016 I art     : Explicit concurrent mark sweep GC freed 1354(82KB) AllocSpace objects, 1(20KB) LOS objects, 28% free, 39MB/55MB, paused 572us total 77.862ms
08-04 14:16:00.687 12327 13016 I art     : Starting a blocking GC Explicit
08-04 14:16:00.759 12327 13016 I art     : Explicit concurrent mark sweep GC freed 20(704B) AllocSpace objects, 0(0B) LOS objects, 28% free, 39MB/55MB, paused 574us total 71.570ms
08-04 14:16:00.784 12327 13016 I art     : Starting a blocking GC Explicit
08-04 14:16:00.845 12327 13016 I art     : Explicit concurrent mark sweep GC freed 3(96B) AllocSpace objects, 0(0B) LOS objects, 28% free, 39MB/55MB, paused 499us total 60.699ms
08-04 14:16:00.866 12327 13016 I art     : Starting a blocking GC Explicit
08-04 14:16:00.927 12327 13016 I art     : Explicit concurrent mark sweep GC freed 3(96B) AllocSpace objects, 0(0B) LOS objects, 28% free, 39MB/55MB, paused 512us total 61.133ms
08-04 14:16:00.948 12327 13016 I art     : Starting a blocking GC Explicit
08-04 14:16:01.015 12327 13016 I art     : Explicit concurrent mark sweep GC freed 3(96B) AllocSpace objects, 0(0B) LOS objects, 28% free, 39MB/55MB, paused 524us total 66.354ms
08-04 14:16:01.315 15799 15799 D AndroidRuntime: >>>>>> START com.android.internal.os.RuntimeInit uid 2000 <<<<<<
08-04 14:16:01.322 15799 15799 D AndroidRuntime: CheckJNI is OFF
08-04 14:16:01.367 15799 15799 D ICU     : No timezone override file found: /data/misc/zoneinfo/current/icu/icu_tzdata.dat
08-04 14:16:01.373 12327 12341 I art     : Starting a blocking GC Explicit
08-04 14:16:01.417 15799 15799 I Radio-JNI: register_android_hardware_Radio DONE
08-04 14:16:01.446 12327 12341 I art     : Explicit concurrent mark sweep GC freed 1354(82KB) AllocSpace objects, 1(20KB) LOS objects, 28% free, 39MB/55MB, paused 567us total 72.340ms
08-04 14:16:01.446 15799 15799 D AndroidRuntime: Calling main entry com.android.commands.input.Input
08-04 14:16:01.448 15799 15799 I Input   : injectKeyEvent: KeyEvent { action=ACTION_DOWN, keyCode=KEYCODE_BACK, scanCode=0, metaState=0, flags=0x0, repeatCount=0, eventTime=713777861, downTime=713777861, deviceId=-1, source=0x101 }
08-04 14:16:01.455 15799 15799 I Input   : injectKeyEvent: KeyEvent { action=ACTION_UP, keyCode=KEYCODE_BACK, scanCode=0, metaState=0, flags=0x0, repeatCount=0, eventTime=713777861, downTime=713777861, deviceId=-1, source=0x101 }
08-04 14:16:01.462 15799 15799 D AndroidRuntime: Shutting down VM
08-04 14:16:01.467 12327 12341 I art     : Starting a blocking GC Explicit
08-04 14:16:01.503 13866 13866 I GoogleInputMethodServic: GoogleInputMethodService.onFinishInput():3138 
08-04 14:16:01.503 13866 13866 I GoogleInputMethodServic: GoogleInputMethodService.onStartInput():1808 
08-04 14:16:01.523 12327 12341 I art     : Explicit concurrent mark sweep GC freed 190(6KB) AllocSpace objects, 0(0B) LOS objects, 28% free, 39MB/55MB, paused 556us total 55.706ms
08-04 14:16:01.544 12327 12341 I art     : Starting a blocking GC Explicit
08-04 14:16:01.553 12327 15747 I RedditChangeDataIO: Writing tmp data file at '/data/user/0/baseline.org.quantumbadger.redreader/files/rr_change_data_tmp.dat'
08-04 14:16:01.555 12327 15747 I RedditChangeDataManager: Taking snapshot...
08-04 14:16:01.556 12327 15747 I RedditChangeDataManager: Writing to stream...
08-04 14:16:01.556 12327 15747 I RedditChangeDataManager: Wrote 6 entries for user ''
08-04 14:16:01.556 12327 15747 I RedditChangeDataManager: All entries written to stream.
08-04 14:16:01.556 12327 15747 I RedditChangeDataIO: Write successful. Atomically replacing data file...
08-04 14:16:01.557 12327 15747 I RedditChangeDataIO: Write complete.
08-04 14:16:01.557 12327 15747 I RedditChangeDataIO: 158 bytes written in 4 ms
08-04 14:16:01.599 12327 12341 I art     : Explicit concurrent mark sweep GC freed 185(8KB) AllocSpace objects, 1(68KB) LOS objects, 28% free, 39MB/55MB, paused 851us total 53.790ms
08-04 14:16:01.621 12327 12341 I art     : Starting a blocking GC Explicit
08-04 14:16:01.692 12327 12341 I art     : Explicit concurrent mark sweep GC freed 13(624B) AllocSpace objects, 0(0B) LOS objects, 28% free, 39MB/55MB, paused 582us total 70.733ms
08-04 14:16:01.718 12327 12341 I art     : Starting a blocking GC Explicit
08-04 14:16:01.778 12327 12341 I art     : Explicit concurrent mark sweep GC freed 3(96B) AllocSpace objects, 0(0B) LOS objects, 28% free, 39MB/55MB, paused 630us total 58.897ms
08-04 14:16:01.804   380   380 W SurfaceFlinger: couldn't log to binary event log: overflow.
08-04 14:16:01.858   518   646 I ThermalEngine: ACTION: GPU - Setting GPU[0] to 510000000
08-04 14:16:02.086 12327 13730 I art     : Starting a blocking GC Explicit
08-04 14:16:02.143 12327 13730 I art     : Explicit concurrent mark sweep GC freed 1408(85KB) AllocSpace objects, 1(20KB) LOS objects, 28% free, 39MB/55MB, paused 428us total 56.670ms
08-04 14:16:02.159 12327 13730 I art     : Starting a blocking GC Explicit
08-04 14:16:02.204 12327 13730 I art     : Explicit concurrent mark sweep GC freed 41396(2MB) AllocSpace objects, 5(140KB) LOS objects, 29% free, 37MB/53MB, paused 382us total 44.378ms
08-04 14:16:02.220 12327 13730 I art     : Starting a blocking GC Explicit
08-04 14:16:02.258 12327 13730 I art     : Explicit concurrent mark sweep GC freed 3(96B) AllocSpace objects, 0(0B) LOS objects, 29% free, 37MB/53MB, paused 381us total 38.008ms
08-04 14:16:02.272 12327 13730 I art     : Starting a blocking GC Explicit
08-04 14:16:02.314 12327 13730 I art     : Explicit concurrent mark sweep GC freed 3(96B) AllocSpace objects, 0(0B) LOS objects, 29% free, 37MB/53MB, paused 384us total 41.173ms
08-04 14:16:02.329 12327 13730 I art     : Starting a blocking GC Explicit
08-04 14:16:02.370 12327 13730 I art     : Explicit concurrent mark sweep GC freed 3(96B) AllocSpace objects, 0(0B) LOS objects, 29% free, 37MB/53MB, paused 389us total 40.769ms
08-04 14:16:02.692 12327 12352 I art     : Starting a blocking GC Explicit
08-04 14:16:02.736 12327 12352 I art     : Explicit concurrent mark sweep GC freed 1354(82KB) AllocSpace objects, 1(20KB) LOS objects, 29% free, 37MB/53MB, paused 372us total 43.387ms
08-04 14:16:02.750 12327 12352 I art     : Starting a blocking GC Explicit
08-04 14:16:02.788 12327 12352 I art     : Explicit concurrent mark sweep GC freed 20(704B) AllocSpace objects, 0(0B) LOS objects, 29% free, 37MB/53MB, paused 365us total 37.888ms
08-04 14:16:02.802 12327 12352 I art     : Starting a blocking GC Explicit
08-04 14:16:02.841 12327 12352 I art     : Explicit concurrent mark sweep GC freed 3(96B) AllocSpace objects, 0(0B) LOS objects, 29% free, 37MB/53MB, paused 368us total 38.071ms
08-04 14:16:02.855 12327 12352 I art     : Starting a blocking GC Explicit
08-04 14:16:02.893 12327 12352 I art     : Explicit concurrent mark sweep GC freed 3(96B) AllocSpace objects, 0(0B) LOS objects, 29% free, 37MB/53MB, paused 376us total 38.154ms
08-04 14:16:02.908 12327 12352 I art     : Starting a blocking GC Explicit
08-04 14:16:02.945 12327 12352 I art     : Explicit concurrent mark sweep GC freed 3(96B) AllocSpace objects, 0(0B) LOS objects, 29% free, 37MB/53MB, paused 371us total 37.440ms
08-04 14:16:03.125 15843 15843 D AndroidRuntime: >>>>>> START com.android.internal.os.RuntimeInit uid 2000 <<<<<<
08-04 14:16:03.130 15843 15843 D AndroidRuntime: CheckJNI is OFF
08-04 14:16:03.162 15843 15843 D ICU     : No timezone override file found: /data/misc/zoneinfo/current/icu/icu_tzdata.dat
08-04 14:16:03.193 15843 15843 I Radio-JNI: register_android_hardware_Radio DONE
08-04 14:16:03.215 15843 15843 D AndroidRuntime: Calling main entry com.android.commands.input.Input
08-04 14:16:03.216 15843 15843 I Input   : injectKeyEvent: KeyEvent { action=ACTION_DOWN, keyCode=KEYCODE_BACK, scanCode=0, metaState=0, flags=0x0, repeatCount=0, eventTime=713779629, downTime=713779629, deviceId=-1, source=0x101 }
08-04 14:16:03.227 15843 15843 I Input   : injectKeyEvent: KeyEvent { action=ACTION_UP, keyCode=KEYCODE_BACK, scanCode=0, metaState=0, flags=0x0, repeatCount=0, eventTime=713779629, downTime=713779629, deviceId=-1, source=0x101 }
08-04 14:16:03.233 15843 15843 D AndroidRuntime: Shutting down VM
08-04 14:16:03.267 13866 13866 I GoogleInputMethodServic: GoogleInputMethodService.onFinishInput():3138 
08-04 14:16:03.267 13866 13866 I GoogleInputMethodServic: GoogleInputMethodService.onStartInput():1808 
08-04 14:16:03.277   918  3261 D WifiStateMachine: starting scan for "H369AA63323"WPA_PSK with 2412,5180
08-04 14:16:03.278 12327 13730 I art     : Starting a blocking GC Explicit
08-04 14:16:03.321 12327 13730 I art     : Explicit concurrent mark sweep GC freed 1517(88KB) AllocSpace objects, 1(20KB) LOS objects, 29% free, 37MB/53MB, paused 362us total 41.965ms
08-04 14:16:03.334 12327 13730 I art     : Starting a blocking GC Explicit
08-04 14:16:03.368 12327 13730 I art     : Explicit concurrent mark sweep GC freed 41(1424B) AllocSpace objects, 0(0B) LOS objects, 29% free, 37MB/53MB, paused 358us total 33.649ms
08-04 14:16:03.381 12327 13730 I art     : Starting a blocking GC Explicit
08-04 14:16:03.418 12327 13730 I art     : Explicit concurrent mark sweep GC freed 3(96B) AllocSpace objects, 0(0B) LOS objects, 29% free, 37MB/53MB, paused 367us total 36.142ms
08-04 14:16:03.433 12327 13730 I art     : Starting a blocking GC Explicit
08-04 14:16:03.478 12327 13730 I art     : Explicit concurrent mark sweep GC freed 3(96B) AllocSpace objects, 0(0B) LOS objects, 29% free, 37MB/53MB, paused 460us total 44.892ms
08-04 14:16:03.495 12327 13730 I art     : Starting a blocking GC Explicit
08-04 14:16:03.541 12327 13730 I art     : Explicit concurrent mark sweep GC freed 3(96B) AllocSpace objects, 0(0B) LOS objects, 29% free, 37MB/53MB, paused 481us total 46.481ms
08-04 14:16:03.859 12327 15699 I art     : Starting a blocking GC Explicit
08-04 14:16:03.912 12327 15699 I art     : Explicit concurrent mark sweep GC freed 1412(84KB) AllocSpace objects, 1(20KB) LOS objects, 29% free, 37MB/53MB, paused 446us total 52.431ms
08-04 14:16:03.926 12327 15699 I art     : Starting a blocking GC Explicit
08-04 14:16:03.968 12327 15699 I art     : Explicit concurrent mark sweep GC freed 152(7KB) AllocSpace objects, 0(0B) LOS objects, 29% free, 37MB/53MB, paused 439us total 41.248ms
08-04 14:16:03.983 12327 15699 I art     : Starting a blocking GC Explicit
08-04 14:16:04.024 12327 15699 I art     : Explicit concurrent mark sweep GC freed 3(96B) AllocSpace objects, 0(0B) LOS objects, 29% free, 37MB/53MB, paused 424us total 40.971ms
08-04 14:16:04.039 12327 15699 I art     : Starting a blocking GC Explicit
08-04 14:16:04.080 12327 15699 I art     : Explicit concurrent mark sweep GC freed 3(96B) AllocSpace objects, 0(0B) LOS objects, 29% free, 37MB/53MB, paused 408us total 40.523ms
08-04 14:16:04.094 12327 15699 I art     : Starting a blocking GC Explicit
08-04 14:16:04.136 12327 15699 I art     : Explicit concurrent mark sweep GC freed 3(96B) AllocSpace objects, 0(0B) LOS objects, 29% free, 37MB/53MB, paused 428us total 41.449ms
08-04 14:16:04.481 12327 12340 I art     : Starting a blocking GC Explicit
08-04 14:16:04.525 12327 12340 I art     : Explicit concurrent mark sweep GC freed 1354(82KB) AllocSpace objects, 1(20KB) LOS objects, 29% free, 37MB/53MB, paused 483us total 43.683ms
08-04 14:16:04.541 12327 12340 I art     : Starting a blocking GC Explicit
08-04 14:16:04.579 12327 12340 I art     : Explicit concurrent mark sweep GC freed 20(704B) AllocSpace objects, 0(0B) LOS objects, 29% free, 37MB/53MB, paused 423us total 38.366ms
08-04 14:16:04.594 12327 12340 I art     : Starting a blocking GC Explicit
08-04 14:16:04.634 12327 12340 I art     : Explicit concurrent mark sweep GC freed 3(96B) AllocSpace objects, 0(0B) LOS objects, 29% free, 37MB/53MB, paused 403us total 39.900ms
08-04 14:16:04.648 12327 12340 I art     : Starting a blocking GC Explicit
08-04 14:16:04.687 12327 12340 I art     : Explicit concurrent mark sweep GC freed 3(96B) AllocSpace objects, 0(0B) LOS objects, 29% free, 37MB/53MB, paused 402us total 38.469ms
08-04 14:16:04.701 12327 12340 I art     : Starting a blocking GC Explicit
08-04 14:16:04.740 12327 12340 I art     : Explicit concurrent mark sweep GC freed 3(96B) AllocSpace objects, 0(0B) LOS objects, 29% free, 37MB/53MB, paused 408us total 38.856ms
08-04 14:16:04.866   518   646 I ThermalEngine: ACTION: GPU - Setting GPU[0] to 450000000
08-04 14:16:04.893 15887 15887 D AndroidRuntime: >>>>>> START com.android.internal.os.RuntimeInit uid 2000 <<<<<<
08-04 14:16:04.900 15887 15887 D AndroidRuntime: CheckJNI is OFF
08-04 14:16:04.941 15887 15887 D ICU     : No timezone override file found: /data/misc/zoneinfo/current/icu/icu_tzdata.dat
08-04 14:16:04.983 15887 15887 I Radio-JNI: register_android_hardware_Radio DONE
08-04 14:16:05.012 15887 15887 D AndroidRuntime: Calling main entry com.android.commands.input.Input
08-04 14:16:05.014 15887 15887 I Input   : injectMotionEvent: MotionEvent { action=ACTION_DOWN, actionButton=0, id[0]=0, x[0]=600.0, y[0]=1733.0, toolType[0]=TOOL_TYPE_UNKNOWN, buttonState=0, metaState=0, flags=0x0, edgeFlags=0x0, pointerCount=1, historySize=0, eventTime=713781426, downTime=713781426, deviceId=0, source=0x1002 }
08-04 14:16:05.019 15887 15887 I Input   : injectMotionEvent: MotionEvent { action=ACTION_UP, actionButton=0, id[0]=0, x[0]=600.0, y[0]=1733.0, toolType[0]=TOOL_TYPE_UNKNOWN, buttonState=0, metaState=0, flags=0x0, edgeFlags=0x0, pointerCount=1, historySize=0, eventTime=713781426, downTime=713781426, deviceId=0, source=0x1002 }
08-04 14:16:05.021 15887 15887 D AndroidRuntime: Shutting down VM
08-04 14:16:05.027   512  2967 D audio_hw_primary: out_set_parameters: enter: usecase(1: low-latency-playback) kvpairs: routing=2
08-04 14:16:05.029   918  5132 I ActivityManager: START u0 {dat=https://oauth.reddit.com/... cmp=baseline.org.quantumbadger.redreader/.activities.PostListingActivity} from uid 10666 on display 0
08-04 14:16:05.040   512  2967 D audio_hw_primary: select_devices: out_snd_device(2: speaker) in_snd_device(0: none)
08-04 14:16:05.040   512  2967 D msm8974_platform: platform_send_audio_calibration: sending audio calibration for snd_device(2) acdb_id(15)
08-04 14:16:05.040   512  2967 I soundtrigger: audio_extn_sound_trigger_update_device_status: device 0x2 of type 0 for Event 1
08-04 14:16:05.050 12327 12327 I AppCompatViewInflater: app:theme is now deprecated. Please move to using android:theme instead.
08-04 14:16:05.052   512  2967 D audio_hw_primary: enable_snd_device: snd_device(2: speaker)
08-04 14:16:05.054   512  2967 D audio_hw_primary: enable_audio_route: apply and update mixer path: low-latency-playback speaker
08-04 14:16:05.068 12327 15699 I art     : Starting a blocking GC Explicit
08-04 14:16:05.077 12327 15912 D OK      : calling: https://oauth.reddit.com/r/aww/about.json
08-04 14:16:05.114 12327 15699 I art     : Explicit concurrent mark sweep GC freed 2258(158KB) AllocSpace objects, 1(20KB) LOS objects, 29% free, 37MB/53MB, paused 838us total 45.037ms
08-04 14:16:05.133 12327 15699 I art     : Starting a blocking GC Explicit
08-04 14:16:05.139   918   936 I ActivityManager: Displayed baseline.org.quantumbadger.redreader/.activities.PostListingActivity: +102ms
08-04 14:16:05.140 13866 13866 I GoogleInputMethodServic: GoogleInputMethodService.onFinishInput():3138 
08-04 14:16:05.141 13866 13866 I GoogleInputMethodServic: GoogleInputMethodService.onStartInput():1808 
08-04 14:16:05.180 12327 15699 I art     : Explicit concurrent mark sweep GC freed 1030(42KB) AllocSpace objects, 0(0B) LOS objects, 29% free, 37MB/53MB, paused 585us total 46.710ms
08-04 14:16:05.198 12327 15699 I art     : Starting a blocking GC Explicit
08-04 14:16:05.242 12327 15699 I art     : Explicit concurrent mark sweep GC freed 191(12KB) AllocSpace objects, 0(0B) LOS objects, 29% free, 37MB/53MB, paused 689us total 44.057ms
08-04 14:16:05.260 12327 15699 I art     : Starting a blocking GC Explicit
08-04 14:16:05.307 12327 15699 I art     : Explicit concurrent mark sweep GC freed 1941(76KB) AllocSpace objects, 0(0B) LOS objects, 29% free, 37MB/53MB, paused 710us total 47.051ms
08-04 14:16:05.329 12327 15699 I art     : Starting a blocking GC Explicit
08-04 14:16:05.331 12223 12223 I ServiceManager: Waiting for service AtCmdFwd...
08-04 14:16:05.388 12327 15699 I art     : Explicit concurrent mark sweep GC freed 95(3KB) AllocSpace objects, 0(0B) LOS objects, 29% free, 37MB/53MB, paused 849us total 58.448ms
08-04 14:16:05.392   380   380 W SurfaceFlinger: couldn't log to binary event log: overflow.
08-04 14:16:05.411 12327 15912 I NAPPA_EXPERIMENTATION: MetricNetworkRequestExecutionTime: REQUEST_DURATION_SYSTEM='333',REQUEST_DURATION_OKHTTP='142',REQUEST_SYNCHRONOUS='TRUE',RESPONSE_CODE='200',RESPONSE_METHOD='GET',RESPONSE_LENGTH_OKHTTP='-1',RESPONSE_LENGTH_HEADER='3478',REQUEST_PROTOCOL='h2',REQUEST_URL='https://oauth.reddit.com/r/aww/about.json',
08-04 14:16:05.411 12327 15912 D OK      : request got status: 200
08-04 14:16:05.588   512  2967 D audio_hw_primary: disable_audio_route: reset and update mixer path: low-latency-playback speaker
08-04 14:16:05.589   512  2967 D audio_hw_primary: disable_snd_device: snd_device(2: speaker)
08-04 14:16:05.598   512  2967 I soundtrigger: audio_extn_sound_trigger_update_device_status: device 0x2 of type 0 for Event 0
08-04 14:16:05.723 12327 12352 I art     : Starting a blocking GC Explicit
08-04 14:16:05.773 12327 12352 I art     : Explicit concurrent mark sweep GC freed 2857(279KB) AllocSpace objects, 3(156KB) LOS objects, 29% free, 37MB/53MB, paused 555us total 50.172ms
08-04 14:16:05.794 12327 12352 I art     : Starting a blocking GC Explicit
08-04 14:16:05.843 12327 12352 I art     : Explicit concurrent mark sweep GC freed 201(10KB) AllocSpace objects, 0(0B) LOS objects, 29% free, 37MB/53MB, paused 552us total 47.922ms
08-04 14:16:05.862 12327 12352 I art     : Starting a blocking GC Explicit
08-04 14:16:05.912 12327 12352 I art     : Explicit concurrent mark sweep GC freed 27(1120B) AllocSpace objects, 0(0B) LOS objects, 29% free, 37MB/53MB, paused 522us total 49.754ms
08-04 14:16:05.930 12327 12352 I art     : Starting a blocking GC Explicit
08-04 14:16:05.978 12327 12352 I art     : Explicit concurrent mark sweep GC freed 3(96B) AllocSpace objects, 0(0B) LOS objects, 29% free, 37MB/53MB, paused 525us total 47.798ms
08-04 14:16:05.997 12327 12352 I art     : Starting a blocking GC Explicit
08-04 14:16:06.045 12327 12352 I art     : Explicit concurrent mark sweep GC freed 3(96B) AllocSpace objects, 0(0B) LOS objects, 29% free, 37MB/53MB, paused 501us total 48.068ms
08-04 14:16:06.057   918 13198 D NetlinkSocketObserver: NeighborEvent{elapsedMs=1697169931, 192.168.2.254, [7C3953A63323], RTM_NEWNEIGH, NUD_PROBE}
08-04 14:16:06.238   918  3188 I hubconnection: sensorhub said: 'set_bias 3: -6.2400, 0.0000, 0.0000'
08-04 14:16:06.279 12327 15937 D OK      : calling: https://oauth.reddit.com/r/aww/hot/.json
08-04 14:16:06.331 12223 12223 I ServiceManager: Waiting for service AtCmdFwd...
08-04 14:16:06.372 12327 13016 I art     : Starting a blocking GC Explicit
08-04 14:16:06.423 12327 13016 I art     : Explicit concurrent mark sweep GC freed 1446(86KB) AllocSpace objects, 1(20KB) LOS objects, 29% free, 37MB/53MB, paused 643us total 51.422ms
08-04 14:16:06.443 12327 13016 I art     : Starting a blocking GC Explicit
08-04 14:16:06.492 12327 13016 I art     : Explicit concurrent mark sweep GC freed 26(960B) AllocSpace objects, 0(0B) LOS objects, 29% free, 37MB/53MB, paused 581us total 49.183ms
08-04 14:16:06.511 12327 13016 I art     : Starting a blocking GC Explicit
08-04 14:16:06.516 12327 15937 I NAPPA_EXPERIMENTATION: MetricNetworkRequestExecutionTime: REQUEST_DURATION_SYSTEM='237',REQUEST_DURATION_OKHTTP='233',REQUEST_SYNCHRONOUS='TRUE',RESPONSE_CODE='200',RESPONSE_METHOD='GET',RESPONSE_LENGTH_OKHTTP='-1',RESPONSE_LENGTH_HEADER='33430',REQUEST_PROTOCOL='h2',REQUEST_URL='https://oauth.reddit.com/r/aww/hot/.json',
08-04 14:16:06.516 12327 15937 D OK      : request got status: 200
08-04 14:16:06.532 12327 15278 I PostListingFragment: Precaching images: OFF
08-04 14:16:06.532 12327 15278 I PostListingFragment: Precaching comments: OFF
08-04 14:16:06.553 12327 15278 I getImgurImageInfo: Image NSO7Npm: trying API v3 with auth
08-04 14:16:06.566 12327 13016 I art     : Explicit concurrent mark sweep GC freed 3991(267KB) AllocSpace objects, 4(140KB) LOS objects, 29% free, 38MB/54MB, paused 4.642ms total 55.183ms
08-04 14:16:06.587 12327 13016 I art     : Starting a blocking GC Explicit
08-04 14:16:06.640 12327 13016 I art     : Explicit concurrent mark sweep GC freed 12650(826KB) AllocSpace objects, 27(1400KB) LOS objects, 27% free, 41MB/57MB, paused 1.267ms total 52.473ms
08-04 14:16:06.661 12327 13016 I art     : Starting a blocking GC Explicit
08-04 14:16:06.702 12327 15939 I RedditVideosAPI: For 'https://v.redd.it/s9qqadf3mid51/DASHPlaylist.mpd', got video stream 'https://v.redd.it/s9qqadf3mid51/DASH_480' and audio stream 'https://v.redd.it/s9qqadf3mid51/audio'
08-04 14:16:06.714 12327 13016 I art     : Explicit concurrent mark sweep GC freed 8959(735KB) AllocSpace objects, 41(2MB) LOS objects, 26% free, 43MB/59MB, paused 1.221ms total 52.892ms
08-04 14:16:06.723 12327 14900 I RedditVideosAPI: For 'https://v.redd.it/h49fg58ygjd51/DASHPlaylist.mpd', got video stream 'https://v.redd.it/h49fg58ygjd51/DASH_480' and audio stream 'null'
08-04 14:16:06.730 12327 15939 I RedditVideosAPI: For 'https://v.redd.it/fkewv2f65kd51/DASHPlaylist.mpd', got video stream 'https://v.redd.it/fkewv2f65kd51/DASH_480' and audio stream 'https://v.redd.it/fkewv2f65kd51/audio'
08-04 14:16:06.736 12327 15939 I RedditVideosAPI: For 'https://v.redd.it/ak6rer1hskd51/DASHPlaylist.mpd', got video stream 'https://v.redd.it/ak6rer1hskd51/DASH_360' and audio stream 'null'
08-04 14:16:06.737 12327 15939 I RedditVideosAPI: For 'https://v.redd.it/1ewzkieg0jd51/DASHPlaylist.mpd', got video stream 'https://v.redd.it/1ewzkieg0jd51/DASH_480' and audio stream 'https://v.redd.it/1ewzkieg0jd51/audio'
08-04 14:16:06.739 12327 15939 I RedditVideosAPI: For 'https://v.redd.it/ppmhu2r9thd51/DASHPlaylist.mpd', got video stream 'https://v.redd.it/ppmhu2r9thd51/DASH_480' and audio stream 'null'
08-04 14:16:06.740 12327 15939 I RedditVideosAPI: For 'https://v.redd.it/b8vazlcb7ld51/DASHPlaylist.mpd', got video stream 'https://v.redd.it/b8vazlcb7ld51/DASH_480' and audio stream 'https://v.redd.it/b8vazlcb7ld51/audio'
08-04 14:16:06.740 12327 14900 I RedditVideosAPI: For 'https://v.redd.it/ty24o02m1hd51/DASHPlaylist.mpd', got video stream 'https://v.redd.it/ty24o02m1hd51/DASH_480' and audio stream 'null'
08-04 14:16:06.741 12327 15939 I RedditVideosAPI: For 'https://v.redd.it/ar5k8892pid51/DASHPlaylist.mpd', got video stream 'https://v.redd.it/ar5k8892pid51/DASH_360' and audio stream 'https://v.redd.it/ar5k8892pid51/audio'
08-04 14:16:06.775 12327 12327 W RecyclerView: Cannot call this method in a scroll callback. Scroll callbacks mightbe run during a measure & layout pass where you cannot change theRecyclerView data. Any method call that might change the structureof the RecyclerView or the adapter contents should be postponed tothe next frame.
08-04 14:16:06.775 12327 12327 W RecyclerView: java.lang.IllegalStateException:  androidx.recyclerview.widget.RecyclerView{8bc89e9 VFED..... .F....ID 0,0-1440,2140 #7f0900ef app:id/scrollbar_recyclerview_recyclerview}, adapter:baseline.org.quantumbadger.redreader.adapters.GroupedRecyclerViewAdapter@d81e66e, layout:androidx.recyclerview.widget.LinearLayoutManager@b98d10f, context:baseline.org.quantumbadger.redreader.activities.PostListingActivity@4eda34a
08-04 14:16:06.775 12327 12327 W RecyclerView: 	at androidx.recyclerview.widget.RecyclerView.assertNotInLayoutOrScroll(RecyclerView.java:3061)
08-04 14:16:06.775 12327 12327 W RecyclerView: 	at androidx.recyclerview.widget.RecyclerView$RecyclerViewDataObserver.onItemRangeInserted(RecyclerView.java:5555)
08-04 14:16:06.775 12327 12327 W RecyclerView: 	at androidx.recyclerview.widget.RecyclerView$AdapterDataObservable.notifyItemRangeInserted(RecyclerView.java:12278)
08-04 14:16:06.775 12327 12327 W RecyclerView: 	at androidx.recyclerview.widget.RecyclerView$Adapter.notifyItemInserted(RecyclerView.java:7464)
08-04 14:16:06.775 12327 12327 W RecyclerView: 	at baseline.org.quantumbadger.redreader.adapters.GroupedRecyclerViewAdapter.updateHiddenStatus(GroupedRecyclerViewAdapter.java:279)
08-04 14:16:06.775 12327 12327 W RecyclerView: 	at baseline.org.quantumbadger.redreader.adapters.RedditListingManager.setLoadingVisible(RedditListingManager.java:125)
08-04 14:16:06.775 12327 12327 W RecyclerView: 	at baseline.org.quantumbadger.redreader.fragments.PostListingFragment.onLoadMoreItemsCheck(PostListingFragment.java:465)
08-04 14:16:06.775 12327 12327 W RecyclerView: 	at baseline.org.quantumbadger.redreader.fragments.PostListingFragment.access$000(PostListingFragment.java:98)
08-04 14:16:06.775 12327 12327 W RecyclerView: 	at baseline.org.quantumbadger.redreader.fragments.PostListingFragment$2.onScrolled(PostListingFragment.java:215)
08-04 14:16:06.775 12327 12327 W RecyclerView: 	at androidx.recyclerview.widget.RecyclerView.dispatchOnScrolled(RecyclerView.java:5173)
08-04 14:16:06.775 12327 12327 W RecyclerView: 	at androidx.recyclerview.widget.RecyclerView.dispatchLayoutStep3(RecyclerView.java:4231)
08-04 14:16:06.775 12327 12327 W RecyclerView: 	at androidx.recyclerview.widget.RecyclerView.dispatchLayout(RecyclerView.java:3862)
08-04 14:16:06.775 12327 12327 W RecyclerView: 	at androidx.recyclerview.widget.RecyclerView.consumePendingUpdateOperations(RecyclerView.java:1897)
08-04 14:16:06.775 12327 12327 W RecyclerView: 	at androidx.recyclerview.widget.RecyclerView$1.run(RecyclerView.java:414)
08-04 14:16:06.775 12327 12327 W RecyclerView: 	at android.view.Choreographer$CallbackRecord.run(Choreographer.java:858)
08-04 14:16:06.775 12327 12327 W RecyclerView: 	at android.view.Choreographer.doCallbacks(Choreographer.java:670)
08-04 14:16:06.775 12327 12327 W RecyclerView: 	at android.view.Choreographer.doFrame(Choreographer.java:603)
08-04 14:16:06.775 12327 12327 W RecyclerView: 	at android.view.Choreographer$FrameDisplayEventReceiver.run(Choreographer.java:844)
08-04 14:16:06.775 12327 12327 W RecyclerView: 	at android.os.Handler.handleCallback(Handler.java:739)
08-04 14:16:06.775 12327 12327 W RecyclerView: 	at android.os.Handler.dispatchMessage(Handler.java:95)
08-04 14:16:06.775 12327 12327 W RecyclerView: 	at android.os.Looper.loop(Looper.java:148)
08-04 14:16:06.775 12327 12327 W RecyclerView: 	at android.app.ActivityThread.main(ActivityThread.java:5417)
08-04 14:16:06.775 12327 12327 W RecyclerView: 	at java.lang.reflect.Method.invoke(Native Method)
08-04 14:16:06.775 12327 12327 W RecyclerView: 	at com.android.internal.os.ZygoteInit$MethodAndArgsCaller.run(ZygoteInit.java:726)
08-04 14:16:06.775 12327 12327 W RecyclerView: 	at com.android.internal.os.ZygoteInit.main(ZygoteInit.java:616)
08-04 14:16:07.074 12327 12352 I art     : Starting a blocking GC Explicit
08-04 14:16:07.132 12327 12352 I art     : Explicit concurrent mark sweep GC freed 26930(1893KB) AllocSpace objects, 25(1804KB) LOS objects, 27% free, 43MB/59MB, paused 665us total 58.148ms
08-04 14:16:07.152 12327 12352 I art     : Starting a blocking GC Explicit
08-04 14:16:07.209 12327 12352 I art     : Explicit concurrent mark sweep GC freed 289(13KB) AllocSpace objects, 0(0B) LOS objects, 27% free, 43MB/59MB, paused 620us total 57.032ms
08-04 14:16:07.229 12327 12352 I art     : Starting a blocking GC Explicit
08-04 14:16:07.290 12327 12352 I art     : Explicit concurrent mark sweep GC freed 3(96B) AllocSpace objects, 0(0B) LOS objects, 27% free, 43MB/59MB, paused 722us total 60.575ms
08-04 14:16:07.312 12327 12352 I art     : Starting a blocking GC Explicit
08-04 14:16:07.332 12223 12223 I ServiceManager: Waiting for service AtCmdFwd...
08-04 14:16:07.371 12327 12352 I art     : Explicit concurrent mark sweep GC freed 3(96B) AllocSpace objects, 0(0B) LOS objects, 27% free, 43MB/59MB, paused 620us total 58.487ms
08-04 14:16:07.391 12327 12352 I art     : Starting a blocking GC Explicit
08-04 14:16:07.448 12327 12352 I art     : Explicit concurrent mark sweep GC freed 3(96B) AllocSpace objects, 0(0B) LOS objects, 27% free, 43MB/59MB, paused 599us total 56.530ms
08-04 14:16:07.480 12327 15952 D OK      : calling: https://oauth.reddit.com/r/aww/hot/.json?after=t3_hz5odc
08-04 14:16:07.645 12327 15952 I NAPPA_EXPERIMENTATION: MetricNetworkRequestExecutionTime: REQUEST_DURATION_SYSTEM='164',REQUEST_DURATION_OKHTTP='159',REQUEST_SYNCHRONOUS='TRUE',RESPONSE_CODE='200',RESPONSE_METHOD='GET',RESPONSE_LENGTH_OKHTTP='-1',RESPONSE_LENGTH_HEADER='30610',REQUEST_PROTOCOL='h2',REQUEST_URL='https://oauth.reddit.com/r/aww/hot/.json?after=t3_hz5odc',
08-04 14:16:07.645 12327 15952 D OK      : request got status: 200
08-04 14:16:07.657 12327 15278 I PostListingFragment: Precaching images: OFF
08-04 14:16:07.657 12327 15278 I PostListingFragment: Precaching comments: OFF
08-04 14:16:07.680 12327 14900 I RedditVideosAPI: For 'https://v.redd.it/syww111dtjd51/DASHPlaylist.mpd', got video stream 'https://v.redd.it/syww111dtjd51/DASH_480' and audio stream 'https://v.redd.it/syww111dtjd51/audio'
08-04 14:16:07.737 12327 15278 I getImgurImageInfo: Image nLQR2hT: trying API v3 with auth
08-04 14:16:07.802 12327 14900 I RedditVideosAPI: For 'https://v.redd.it/pbqrrfb3tkd51/DASHPlaylist.mpd', got video stream 'https://v.redd.it/pbqrrfb3tkd51/DASH_480' and audio stream 'null'
08-04 14:16:07.803 12327 14900 I RedditVideosAPI: For 'https://v.redd.it/rrygsb8i4ld51/DASHPlaylist.mpd', got video stream 'https://v.redd.it/rrygsb8i4ld51/DASH_480' and audio stream 'https://v.redd.it/rrygsb8i4ld51/audio'
08-04 14:16:07.804 12327 14900 I RedditVideosAPI: For 'https://v.redd.it/5x6zzipz8ld51/DASHPlaylist.mpd', got video stream 'https://v.redd.it/5x6zzipz8ld51/DASH_480' and audio stream 'null'
08-04 14:16:07.805 12327 14900 I RedditVideosAPI: For 'https://v.redd.it/75en73fm5id51/DASHPlaylist.mpd', got video stream 'https://v.redd.it/75en73fm5id51/DASH_480' and audio stream 'https://v.redd.it/75en73fm5id51/audio'
08-04 14:16:07.808 12327 15959 I RedditVideosAPI: For 'https://v.redd.it/ggz4fyth6hd51/DASHPlaylist.mpd', got video stream 'https://v.redd.it/ggz4fyth6hd51/DASH_360' and audio stream 'null'
08-04 14:16:07.809 12327 14900 I RedditVideosAPI: For 'https://v.redd.it/psrknoobrgd51/DASHPlaylist.mpd', got video stream 'https://v.redd.it/psrknoobrgd51/DASH_480' and audio stream 'null'
08-04 14:16:07.809 12327 15959 I RedditVideosAPI: For 'https://v.redd.it/jk6cwef4wld51/DASHPlaylist.mpd', got video stream 'https://v.redd.it/jk6cwef4wld51/DASH_480' and audio stream 'null'
08-04 14:16:07.810 12327 15959 I RedditVideosAPI: For 'https://v.redd.it/t81s8zfz9ld51/DASHPlaylist.mpd', got video stream 'https://v.redd.it/t81s8zfz9ld51/DASH_480' and audio stream 'https://v.redd.it/t81s8zfz9ld51/audio'
08-04 14:16:07.831 12327 13016 I art     : Starting a blocking GC Explicit
08-04 14:16:07.898 12327 13016 I art     : Explicit concurrent mark sweep GC freed 24241(2MB) AllocSpace objects, 83(5MB) LOS objects, 24% free, 48MB/64MB, paused 668us total 66.667ms
08-04 14:16:07.918 12327 13016 I art     : Starting a blocking GC Explicit
08-04 14:16:07.920 12327 15959 I RedditVideosAPI: For 'https://v.redd.it/xd6c4yyutgd51/DASHPlaylist.mpd', got video stream 'https://v.redd.it/xd6c4yyutgd51/DASH_480' and audio stream 'null'
08-04 14:16:07.944 12327 15959 I RedditVideosAPI: For 'https://v.redd.it/ue0jdgk9zhd51/DASHPlaylist.mpd', got video stream 'https://v.redd.it/ue0jdgk9zhd51/DASH_360' and audio stream 'https://v.redd.it/ue0jdgk9zhd51/audio'
08-04 14:16:07.972 12327 13016 I art     : Explicit concurrent mark sweep GC freed 2588(290KB) AllocSpace objects, 13(548KB) LOS objects, 24% free, 49MB/65MB, paused 636us total 53.063ms
08-04 14:16:07.991 12327 13016 I art     : Starting a blocking GC Explicit
08-04 14:16:08.045 12327 13016 I art     : Explicit concurrent mark sweep GC freed 19427(920KB) AllocSpace objects, 2(136KB) LOS objects, 24% free, 48MB/64MB, paused 601us total 53.752ms
08-04 14:16:08.065 12327 13016 I art     : Starting a blocking GC Explicit
08-04 14:16:08.122 12327 13016 I art     : Explicit concurrent mark sweep GC freed 11(368B) AllocSpace objects, 0(0B) LOS objects, 24% free, 48MB/64MB, paused 526us total 56.403ms
08-04 14:16:08.142 12327 13016 I art     : Starting a blocking GC Explicit
08-04 14:16:08.201 12327 13016 I art     : Explicit concurrent mark sweep GC freed 3(96B) AllocSpace objects, 0(0B) LOS objects, 24% free, 48MB/64MB, paused 628us total 59.016ms
08-04 14:16:08.333 12223 12223 I ServiceManager: Waiting for service AtCmdFwd...
08-04 14:16:08.586 12327 12340 I art     : Starting a blocking GC Explicit
08-04 14:16:08.657 12327 12340 I art     : Explicit concurrent mark sweep GC freed 1356(83KB) AllocSpace objects, 1(20KB) LOS objects, 24% free, 48MB/64MB, paused 672us total 70.934ms
08-04 14:16:08.682 12327 12340 I art     : Starting a blocking GC Explicit
08-04 14:16:08.741 12327 12340 I art     : Explicit concurrent mark sweep GC freed 20(704B) AllocSpace objects, 0(0B) LOS objects, 24% free, 48MB/64MB, paused 706us total 58.777ms
08-04 14:16:08.764 12327 12340 I art     : Starting a blocking GC Explicit
08-04 14:16:08.823 12327 12340 I art     : Explicit concurrent mark sweep GC freed 3(96B) AllocSpace objects, 0(0B) LOS objects, 24% free, 48MB/64MB, paused 576us total 58.656ms
08-04 14:16:08.843 12327 12340 I art     : Starting a blocking GC Explicit
08-04 14:16:08.906 12327 12340 I art     : Explicit concurrent mark sweep GC freed 3(96B) AllocSpace objects, 0(0B) LOS objects, 24% free, 48MB/64MB, paused 607us total 62.675ms
08-04 14:16:08.929 12327 12340 I art     : Starting a blocking GC Explicit
08-04 14:16:08.988 12327 12340 I art     : Explicit concurrent mark sweep GC freed 3(96B) AllocSpace objects, 0(0B) LOS objects, 24% free, 48MB/64MB, paused 639us total 58.682ms
08-04 14:16:09.334 12223 12223 I ServiceManager: Waiting for service AtCmdFwd...
08-04 14:16:09.369 12327 12341 I art     : Starting a blocking GC Explicit
08-04 14:16:09.443 12327 12341 I art     : Explicit concurrent mark sweep GC freed 1359(83KB) AllocSpace objects, 1(20KB) LOS objects, 24% free, 48MB/64MB, paused 644us total 73.594ms
08-04 14:16:09.465 12327 12341 I art     : Starting a blocking GC Explicit
08-04 14:16:09.525 12327 12341 I art     : Explicit concurrent mark sweep GC freed 20(704B) AllocSpace objects, 0(0B) LOS objects, 24% free, 48MB/64MB, paused 542us total 60.183ms
08-04 14:16:09.545 12327 12341 I art     : Starting a blocking GC Explicit
08-04 14:16:09.607 12327 12341 I art     : Explicit concurrent mark sweep GC freed 3(96B) AllocSpace objects, 0(0B) LOS objects, 24% free, 48MB/64MB, paused 659us total 61.716ms
08-04 14:16:09.630 12327 12341 I art     : Starting a blocking GC Explicit
08-04 14:16:09.693 12327 12341 I art     : Explicit concurrent mark sweep GC freed 3(96B) AllocSpace objects, 0(0B) LOS objects, 24% free, 48MB/64MB, paused 626us total 62.856ms
08-04 14:16:09.715 12327 12341 I art     : Starting a blocking GC Explicit
08-04 14:16:09.775 12327 12341 I art     : Explicit concurrent mark sweep GC freed 3(96B) AllocSpace objects, 0(0B) LOS objects, 24% free, 48MB/64MB, paused 642us total 59.613ms
08-04 14:16:10.185 12327 15699 I art     : Starting a blocking GC Explicit
08-04 14:16:10.256 12327 15699 I art     : Explicit concurrent mark sweep GC freed 1356(83KB) AllocSpace objects, 1(20KB) LOS objects, 24% free, 48MB/64MB, paused 659us total 70.644ms
08-04 14:16:10.279 12327 15699 I art     : Starting a blocking GC Explicit
08-04 14:16:10.330 12327 15699 I art     : Explicit concurrent mark sweep GC freed 20(704B) AllocSpace objects, 0(0B) LOS objects, 24% free, 48MB/64MB, paused 555us total 50.845ms
08-04 14:16:10.335 12223 12223 W Atfwd_Sendcmd: AtCmdFwd service not published, waiting... retryCnt : 5
08-04 14:16:10.349 12327 15699 I art     : Starting a blocking GC Explicit
08-04 14:16:10.400 12327 15699 I art     : Explicit concurrent mark sweep GC freed 3(96B) AllocSpace objects, 0(0B) LOS objects, 24% free, 48MB/64MB, paused 587us total 50.691ms
08-04 14:16:10.420 12327 15699 I art     : Starting a blocking GC Explicit
08-04 14:16:10.475 12327 15699 I art     : Explicit concurrent mark sweep GC freed 3(96B) AllocSpace objects, 0(0B) LOS objects, 24% free, 48MB/64MB, paused 631us total 54.860ms
08-04 14:16:10.495 12327 15699 I art     : Starting a blocking GC Explicit
08-04 14:16:10.549 12327 15699 I art     : Explicit concurrent mark sweep GC freed 3(96B) AllocSpace objects, 0(0B) LOS objects, 24% free, 48MB/64MB, paused 576us total 54.156ms
08-04 14:16:10.814 15996 15996 D AndroidRuntime: >>>>>> START com.android.internal.os.RuntimeInit uid 2000 <<<<<<
08-04 14:16:10.820 15996 15996 D AndroidRuntime: CheckJNI is OFF
08-04 14:16:10.865 15996 15996 D ICU     : No timezone override file found: /data/misc/zoneinfo/current/icu/icu_tzdata.dat
08-04 14:16:10.875   518   646 I ThermalEngine: ACTION: GPU - Setting GPU[0] to 510000000
08-04 14:16:10.908 15996 15996 I Radio-JNI: register_android_hardware_Radio DONE
08-04 14:16:10.924 12327 13730 I art     : Starting a blocking GC Explicit
08-04 14:16:10.933 15996 15996 D AndroidRuntime: Calling main entry com.android.commands.input.Input
08-04 14:16:10.935 15996 15996 I Input   : injectMotionEvent: MotionEvent { action=ACTION_DOWN, actionButton=0, id[0]=0, x[0]=1340.0, y[0]=1100.0, toolType[0]=TOOL_TYPE_UNKNOWN, buttonState=0, metaState=0, flags=0x0, edgeFlags=0x0, pointerCount=1, historySize=0, eventTime=713787348, downTime=713787348, deviceId=0, source=0x1002 }
08-04 14:16:10.940 15996 15996 I Input   : injectMotionEvent: MotionEvent { action=ACTION_UP, actionButton=0, id[0]=0, x[0]=1340.0, y[0]=1100.0, toolType[0]=TOOL_TYPE_UNKNOWN, buttonState=0, metaState=0, flags=0x0, edgeFlags=0x0, pointerCount=1, historySize=0, eventTime=713787348, downTime=713787348, deviceId=0, source=0x1002 }
08-04 14:16:10.942 15996 15996 D AndroidRuntime: Shutting down VM
08-04 14:16:10.952   512  2967 D audio_hw_primary: out_set_parameters: enter: usecase(1: low-latency-playback) kvpairs: routing=2
08-04 14:16:10.953   918   928 I ActivityManager: START u0 {dat=https://oauth.reddit.com/... cmp=baseline.org.quantumbadger.redreader/.activities.CommentListingActivity} from uid 10666 on display 0
08-04 14:16:10.965   512  2967 D audio_hw_primary: select_devices: out_snd_device(2: speaker) in_snd_device(0: none)
08-04 14:16:10.965   512  2967 D msm8974_platform: platform_send_audio_calibration: sending audio calibration for snd_device(2) acdb_id(15)
08-04 14:16:10.967   512  2967 I soundtrigger: audio_extn_sound_trigger_update_device_status: device 0x2 of type 0 for Event 1
08-04 14:16:10.971 12327 13730 I art     : Explicit concurrent mark sweep GC freed 1566(90KB) AllocSpace objects, 1(20KB) LOS objects, 24% free, 48MB/64MB, paused 652us total 46.406ms
08-04 14:16:10.979 12327 12327 I AppCompatViewInflater: app:theme is now deprecated. Please move to using android:theme instead.
08-04 14:16:10.983   512  2967 D audio_hw_primary: enable_snd_device: snd_device(2: speaker)
08-04 14:16:10.985   512  2967 D audio_hw_primary: enable_audio_route: apply and update mixer path: low-latency-playback speaker
08-04 14:16:10.987 12327 13730 I art     : Starting a blocking GC Explicit
08-04 14:16:10.999 12327 15278 I CommentListingActivity: COMMENTS session changed to ece6d9b8-6066-433a-9476-1935aa20527c
08-04 14:16:11.029 12327 13730 I art     : Explicit concurrent mark sweep GC freed 10949(761KB) AllocSpace objects, 53(10MB) LOS objects, 29% free, 38MB/54MB, paused 866us total 41.633ms
08-04 14:16:11.049 12327 13730 I art     : Starting a blocking GC Explicit
08-04 14:16:11.098 12327 13730 I art     : Explicit concurrent mark sweep GC freed 12561(619KB) AllocSpace objects, 0(0B) LOS objects, 28% free, 39MB/55MB, paused 1.707ms total 48.919ms
08-04 14:16:11.113 12327 13730 I art     : Starting a blocking GC Explicit
08-04 14:16:11.117   918   936 I ActivityManager: Displayed baseline.org.quantumbadger.redreader/.activities.CommentListingActivity: +154ms
08-04 14:16:11.120 13866 13866 I GoogleInputMethodServic: GoogleInputMethodService.onFinishInput():3138 
08-04 14:16:11.121 13866 13866 I GoogleInputMethodServic: GoogleInputMethodService.onStartInput():1808 
08-04 14:16:11.164 12327 13730 I art     : Explicit concurrent mark sweep GC freed 14084(822KB) AllocSpace objects, 0(0B) LOS objects, 28% free, 39MB/55MB, paused 609us total 50.922ms
08-04 14:16:11.179 12327 13730 I art     : Starting a blocking GC Explicit
08-04 14:16:11.225 12327 13730 I art     : Explicit concurrent mark sweep GC freed 12797(563KB) AllocSpace objects, 0(0B) LOS objects, 28% free, 39MB/55MB, paused 418us total 46ms
08-04 14:16:11.365   380   380 W SurfaceFlinger: couldn't log to binary event log: overflow.
08-04 14:16:11.521   512  2967 D audio_hw_primary: disable_audio_route: reset and update mixer path: low-latency-playback speaker
08-04 14:16:11.523   512  2967 D audio_hw_primary: disable_snd_device: snd_device(2: speaker)
08-04 14:16:11.525 12327 13016 I art     : Starting a blocking GC Explicit
08-04 14:16:11.532   512  2967 I soundtrigger: audio_extn_sound_trigger_update_device_status: device 0x2 of type 0 for Event 0
08-04 14:16:11.550 12327 15938 I RedditChangeDataIO: Writing tmp data file at '/data/user/0/baseline.org.quantumbadger.redreader/files/rr_change_data_tmp.dat'
08-04 14:16:11.551 12327 15938 I RedditChangeDataManager: Taking snapshot...
08-04 14:16:11.551 12327 15938 I RedditChangeDataManager: Writing to stream...
08-04 14:16:11.551 12327 15938 I RedditChangeDataManager: Wrote 6 entries for user ''
08-04 14:16:11.551 12327 15938 I RedditChangeDataManager: All entries written to stream.
08-04 14:16:11.552 12327 15938 I RedditChangeDataIO: Write successful. Atomically replacing data file...
08-04 14:16:11.552 12327 15938 I RedditChangeDataIO: Write complete.
08-04 14:16:11.552 12327 15938 I RedditChangeDataIO: 158 bytes written in 2 ms
08-04 14:16:11.578 12327 13016 I art     : Explicit concurrent mark sweep GC freed 1651(95KB) AllocSpace objects, 2(88KB) LOS objects, 28% free, 39MB/55MB, paused 471us total 52.939ms
08-04 14:16:11.593 12327 13016 I art     : Starting a blocking GC Explicit
08-04 14:16:11.638 12327 13016 I art     : Explicit concurrent mark sweep GC freed 36(1456B) AllocSpace objects, 0(0B) LOS objects, 28% free, 39MB/55MB, paused 361us total 44.704ms
08-04 14:16:11.653 12327 13016 I art     : Starting a blocking GC Explicit
08-04 14:16:11.703 12327 13016 I art     : Explicit concurrent mark sweep GC freed 3(96B) AllocSpace objects, 0(0B) LOS objects, 28% free, 39MB/55MB, paused 363us total 49.748ms
08-04 14:16:11.720 12327 13016 I art     : Starting a blocking GC Explicit
08-04 14:16:11.768 12327 13016 I art     : Explicit concurrent mark sweep GC freed 3(96B) AllocSpace objects, 0(0B) LOS objects, 28% free, 39MB/55MB, paused 364us total 47.580ms
08-04 14:16:11.783 12327 13016 I art     : Starting a blocking GC Explicit
08-04 14:16:11.833 12327 13016 I art     : Explicit concurrent mark sweep GC freed 3(96B) AllocSpace objects, 0(0B) LOS objects, 28% free, 39MB/55MB, paused 522us total 49.606ms
08-04 14:16:11.879   518   646 I ThermalEngine: ACTION: GPU - Setting GPU[0] to 450000000
08-04 14:16:12.170 12327 13730 I art     : Starting a blocking GC Explicit
08-04 14:16:12.249 12327 13730 I art     : Explicit concurrent mark sweep GC freed 1357(83KB) AllocSpace objects, 1(20KB) LOS objects, 28% free, 39MB/55MB, paused 528us total 78.124ms
08-04 14:16:12.270 12327 13730 I art     : Starting a blocking GC Explicit
08-04 14:16:12.336 12327 13730 I art     : Explicit concurrent mark sweep GC freed 66(2528B) AllocSpace objects, 0(0B) LOS objects, 28% free, 39MB/55MB, paused 578us total 66.234ms
08-04 14:16:12.361 12327 13730 I art     : Starting a blocking GC Explicit
08-04 14:16:12.425 12327 13730 I art     : Explicit concurrent mark sweep GC freed 3(96B) AllocSpace objects, 0(0B) LOS objects, 28% free, 39MB/55MB, paused 531us total 64.084ms
08-04 14:16:12.447 12327 13730 I art     : Starting a blocking GC Explicit
08-04 14:16:12.512 12327 13730 I art     : Explicit concurrent mark sweep GC freed 3(96B) AllocSpace objects, 0(0B) LOS objects, 28% free, 39MB/55MB, paused 542us total 65.425ms
08-04 14:16:12.533 12327 13730 I art     : Starting a blocking GC Explicit
08-04 14:16:12.602 12327 13730 I art     : Explicit concurrent mark sweep GC freed 3(96B) AllocSpace objects, 0(0B) LOS objects, 28% free, 39MB/55MB, paused 580us total 69.007ms
08-04 14:16:12.977 12327 13016 I art     : Starting a blocking GC Explicit
08-04 14:16:13.062 12327 13016 I art     : Explicit concurrent mark sweep GC freed 1629(126KB) AllocSpace objects, 1(20KB) LOS objects, 28% free, 39MB/55MB, paused 500us total 85.114ms
08-04 14:16:13.086 12327 13016 I art     : Starting a blocking GC Explicit
08-04 14:16:13.157 12327 13016 I art     : Explicit concurrent mark sweep GC freed 85(2880B) AllocSpace objects, 0(0B) LOS objects, 28% free, 39MB/55MB, paused 535us total 70.875ms
08-04 14:16:13.178 12327 13016 I art     : Starting a blocking GC Explicit
08-04 14:16:13.249 12327 13016 I art     : Explicit concurrent mark sweep GC freed 3(96B) AllocSpace objects, 0(0B) LOS objects, 28% free, 39MB/55MB, paused 540us total 70.680ms
08-04 14:16:13.271 12327 13016 I art     : Starting a blocking GC Explicit
08-04 14:16:13.348 12327 13016 I art     : Explicit concurrent mark sweep GC freed 3(96B) AllocSpace objects, 0(0B) LOS objects, 28% free, 39MB/55MB, paused 681us total 76.581ms
08-04 14:16:13.370 12327 13016 I art     : Starting a blocking GC Explicit
08-04 14:16:13.441 12327 13016 I art     : Explicit concurrent mark sweep GC freed 3(96B) AllocSpace objects, 0(0B) LOS objects, 28% free, 39MB/55MB, paused 499us total 70.655ms
08-04 14:16:13.817 12327 12352 I art     : Starting a blocking GC Explicit
08-04 14:16:13.908 12327 12352 I art     : Explicit concurrent mark sweep GC freed 1354(82KB) AllocSpace objects, 1(20KB) LOS objects, 28% free, 39MB/55MB, paused 560us total 91.008ms
08-04 14:16:13.934 12327 12352 I art     : Starting a blocking GC Explicit
08-04 14:16:13.987   918 13198 D NetlinkSocketObserver: NeighborEvent{elapsedMs=1697177861, 192.168.2.254, [7C3953A63323], RTM_NEWNEIGH, NUD_STALE}
08-04 14:16:14.004 12327 12352 I art     : Explicit concurrent mark sweep GC freed 20(704B) AllocSpace objects, 0(0B) LOS objects, 28% free, 39MB/55MB, paused 525us total 69.979ms
08-04 14:16:14.025 12327 12352 I art     : Starting a blocking GC Explicit
08-04 14:16:14.094 12327 12352 I art     : Explicit concurrent mark sweep GC freed 3(96B) AllocSpace objects, 0(0B) LOS objects, 28% free, 39MB/55MB, paused 519us total 68.585ms
08-04 14:16:14.115 12327 12352 I art     : Starting a blocking GC Explicit
08-04 14:16:14.187 12327 12352 I art     : Explicit concurrent mark sweep GC freed 3(96B) AllocSpace objects, 0(0B) LOS objects, 28% free, 39MB/55MB, paused 492us total 71.159ms
08-04 14:16:14.208 12327 12352 I art     : Starting a blocking GC Explicit
08-04 14:16:14.281 12327 12352 I art     : Explicit concurrent mark sweep GC freed 3(96B) AllocSpace objects, 0(0B) LOS objects, 28% free, 39MB/55MB, paused 526us total 72.339ms
08-04 14:16:14.648 12327 12340 I art     : Starting a blocking GC Explicit
08-04 14:16:14.733 12327 12340 I art     : Explicit concurrent mark sweep GC freed 1354(82KB) AllocSpace objects, 1(20KB) LOS objects, 28% free, 39MB/55MB, paused 561us total 84.296ms
08-04 14:16:14.756 12327 12340 I art     : Starting a blocking GC Explicit
08-04 14:16:14.828 12327 12340 I art     : Explicit concurrent mark sweep GC freed 20(704B) AllocSpace objects, 0(0B) LOS objects, 28% free, 39MB/55MB, paused 541us total 71.058ms
08-04 14:16:14.849 12327 12340 I art     : Starting a blocking GC Explicit
08-04 14:16:14.921 12327 12340 I art     : Explicit concurrent mark sweep GC freed 3(96B) AllocSpace objects, 0(0B) LOS objects, 28% free, 39MB/55MB, paused 472us total 71.692ms
08-04 14:16:14.942 12327 12340 I art     : Starting a blocking GC Explicit
08-04 14:16:15.015 12327 12340 I art     : Explicit concurrent mark sweep GC freed 3(96B) AllocSpace objects, 0(0B) LOS objects, 28% free, 39MB/55MB, paused 509us total 72.708ms
08-04 14:16:15.037 12327 12340 I art     : Starting a blocking GC Explicit
08-04 14:16:15.109 12327 12340 I art     : Explicit concurrent mark sweep GC freed 3(96B) AllocSpace objects, 0(0B) LOS objects, 28% free, 39MB/55MB, paused 523us total 71.496ms
08-04 14:16:15.436 12327 15700 I art     : Starting a blocking GC Explicit
08-04 14:16:15.516 12327 15700 I art     : Explicit concurrent mark sweep GC freed 1354(82KB) AllocSpace objects, 1(20KB) LOS objects, 28% free, 39MB/55MB, paused 571us total 79.782ms
08-04 14:16:15.543 12327 15700 I art     : Starting a blocking GC Explicit
08-04 14:16:15.611 12327 15700 I art     : Explicit concurrent mark sweep GC freed 20(704B) AllocSpace objects, 0(0B) LOS objects, 28% free, 39MB/55MB, paused 521us total 68.078ms
08-04 14:16:15.632 12327 15700 I art     : Starting a blocking GC Explicit
08-04 14:16:15.698 12327 15700 I art     : Explicit concurrent mark sweep GC freed 3(96B) AllocSpace objects, 0(0B) LOS objects, 28% free, 39MB/55MB, paused 559us total 65.405ms
08-04 14:16:15.719 12327 15700 I art     : Starting a blocking GC Explicit
08-04 14:16:15.756 16075 16075 D AndroidRuntime: >>>>>> START com.android.internal.os.RuntimeInit uid 2000 <<<<<<
08-04 14:16:15.762 16075 16075 D AndroidRuntime: CheckJNI is OFF
08-04 14:16:15.786 12327 15700 I art     : Explicit concurrent mark sweep GC freed 3(96B) AllocSpace objects, 0(0B) LOS objects, 28% free, 39MB/55MB, paused 513us total 66.877ms
08-04 14:16:15.807 12327 15700 I art     : Starting a blocking GC Explicit
08-04 14:16:15.811 16075 16075 D ICU     : No timezone override file found: /data/misc/zoneinfo/current/icu/icu_tzdata.dat
08-04 14:16:15.856 16075 16075 I Radio-JNI: register_android_hardware_Radio DONE
08-04 14:16:15.871 12327 15700 I art     : Explicit concurrent mark sweep GC freed 3(96B) AllocSpace objects, 0(0B) LOS objects, 28% free, 39MB/55MB, paused 477us total 63.998ms
08-04 14:16:15.887 16075 16075 D AndroidRuntime: Calling main entry com.android.commands.input.Input
08-04 14:16:15.887   518   646 I ThermalEngine: ACTION: GPU - Setting GPU[0] to 510000000
08-04 14:16:15.888 16075 16075 I Input   : injectKeyEvent: KeyEvent { action=ACTION_DOWN, keyCode=KEYCODE_BACK, scanCode=0, metaState=0, flags=0x0, repeatCount=0, eventTime=713792302, downTime=713792302, deviceId=-1, source=0x101 }
08-04 14:16:15.895 16075 16075 I Input   : injectKeyEvent: KeyEvent { action=ACTION_UP, keyCode=KEYCODE_BACK, scanCode=0, metaState=0, flags=0x0, repeatCount=0, eventTime=713792302, downTime=713792302, deviceId=-1, source=0x101 }
08-04 14:16:15.901 16075 16075 D AndroidRuntime: Shutting down VM
08-04 14:16:15.947 13866 13866 I GoogleInputMethodServic: GoogleInputMethodService.onFinishInput():3138 
08-04 14:16:15.948 13866 13866 I GoogleInputMethodServic: GoogleInputMethodService.onStartInput():1808 
08-04 14:16:16.173 12327 13730 I art     : Starting a blocking GC Explicit
08-04 14:16:16.237 12327 13730 I art     : Explicit concurrent mark sweep GC freed 1623(92KB) AllocSpace objects, 1(20KB) LOS objects, 28% free, 39MB/55MB, paused 336us total 63.364ms
08-04 14:16:16.253   380   380 W SurfaceFlinger: couldn't log to binary event log: overflow.
08-04 14:16:16.254 12327 13730 I art     : Starting a blocking GC Explicit
08-04 14:16:16.301 12327 13730 I art     : Explicit concurrent mark sweep GC freed 83(2896B) AllocSpace objects, 0(0B) LOS objects, 28% free, 39MB/55MB, paused 375us total 46.106ms
08-04 14:16:16.316 12327 13730 I art     : Starting a blocking GC Explicit
08-04 14:16:16.364 12327 13730 I art     : Explicit concurrent mark sweep GC freed 116(6KB) AllocSpace objects, 0(0B) LOS objects, 28% free, 39MB/55MB, paused 399us total 48.011ms
08-04 14:16:16.380 12327 13730 I art     : Starting a blocking GC Explicit
08-04 14:16:16.419 12327 13730 I art     : Explicit concurrent mark sweep GC freed 41282(2MB) AllocSpace objects, 5(140KB) LOS objects, 29% free, 37MB/53MB, paused 346us total 38.800ms
08-04 14:16:16.434 12327 13730 I art     : Starting a blocking GC Explicit
08-04 14:16:16.473 12327 13730 I art     : Explicit concurrent mark sweep GC freed 3(96B) AllocSpace objects, 0(0B) LOS objects, 29% free, 37MB/53MB, paused 368us total 39.016ms
08-04 14:16:16.781 12327 15700 I art     : Starting a blocking GC Explicit
08-04 14:16:16.834 12327 15700 I art     : Explicit concurrent mark sweep GC freed 1354(82KB) AllocSpace objects, 1(20KB) LOS objects, 29% free, 37MB/53MB, paused 420us total 52.185ms
08-04 14:16:16.853 12327 15700 I art     : Starting a blocking GC Explicit
08-04 14:16:16.895 12327 15700 I art     : Explicit concurrent mark sweep GC freed 20(704B) AllocSpace objects, 0(0B) LOS objects, 29% free, 37MB/53MB, paused 336us total 41.274ms
08-04 14:16:16.910 12327 15700 I art     : Starting a blocking GC Explicit
08-04 14:16:16.951 12327 15700 I art     : Explicit concurrent mark sweep GC freed 3(96B) AllocSpace objects, 0(0B) LOS objects, 29% free, 37MB/53MB, paused 371us total 41.300ms
08-04 14:16:16.966 12327 15700 I art     : Starting a blocking GC Explicit
08-04 14:16:17.007 12327 15700 I art     : Explicit concurrent mark sweep GC freed 3(96B) AllocSpace objects, 0(0B) LOS objects, 29% free, 37MB/53MB, paused 413us total 41.067ms
08-04 14:16:17.022 12327 15700 I art     : Starting a blocking GC Explicit
08-04 14:16:17.063 12327 15700 I art     : Explicit concurrent mark sweep GC freed 3(96B) AllocSpace objects, 0(0B) LOS objects, 29% free, 37MB/53MB, paused 399us total 40.855ms
08-04 14:16:17.362 12327 15699 I art     : Starting a blocking GC Explicit
08-04 14:16:17.405 12327 15699 I art     : Explicit concurrent mark sweep GC freed 1354(82KB) AllocSpace objects, 1(20KB) LOS objects, 29% free, 37MB/53MB, paused 395us total 42.947ms
08-04 14:16:17.420 12327 15699 I art     : Starting a blocking GC Explicit
08-04 14:16:17.459 12327 15699 I art     : Explicit concurrent mark sweep GC freed 20(704B) AllocSpace objects, 0(0B) LOS objects, 29% free, 37MB/53MB, paused 373us total 39.215ms
08-04 14:16:17.473 12327 15699 I art     : Starting a blocking GC Explicit
08-04 14:16:17.513 12327 15699 I art     : Explicit concurrent mark sweep GC freed 3(96B) AllocSpace objects, 0(0B) LOS objects, 29% free, 37MB/53MB, paused 373us total 38.882ms
08-04 14:16:17.527 12327 15699 I art     : Starting a blocking GC Explicit
08-04 14:16:17.564 12327 15699 I art     : Explicit concurrent mark sweep GC freed 3(96B) AllocSpace objects, 0(0B) LOS objects, 29% free, 37MB/53MB, paused 368us total 37.643ms
08-04 14:16:17.577 16120 16120 D AndroidRuntime: >>>>>> START com.android.internal.os.RuntimeInit uid 2000 <<<<<<
08-04 14:16:17.580 12327 15699 I art     : Starting a blocking GC Explicit
08-04 14:16:17.582 16120 16120 D AndroidRuntime: CheckJNI is OFF
08-04 14:16:17.618 12327 15699 I art     : Explicit concurrent mark sweep GC freed 3(96B) AllocSpace objects, 0(0B) LOS objects, 29% free, 37MB/53MB, paused 386us total 38.074ms
08-04 14:16:17.618 16120 16120 D ICU     : No timezone override file found: /data/misc/zoneinfo/current/icu/icu_tzdata.dat
08-04 14:16:17.651 16120 16120 I Radio-JNI: register_android_hardware_Radio DONE
08-04 14:16:17.672 16120 16120 D AndroidRuntime: Calling main entry com.android.commands.input.Input
08-04 14:16:17.674 16120 16120 I Input   : injectKeyEvent: KeyEvent { action=ACTION_DOWN, keyCode=KEYCODE_BACK, scanCode=0, metaState=0, flags=0x0, repeatCount=0, eventTime=713794087, downTime=713794087, deviceId=-1, source=0x101 }
08-04 14:16:17.679 16120 16120 I Input   : injectKeyEvent: KeyEvent { action=ACTION_UP, keyCode=KEYCODE_BACK, scanCode=0, metaState=0, flags=0x0, repeatCount=0, eventTime=713794087, downTime=713794087, deviceId=-1, source=0x101 }
08-04 14:16:17.684 16120 16120 D AndroidRuntime: Shutting down VM
08-04 14:16:17.731 13866 13866 I GoogleInputMethodServic: GoogleInputMethodService.onFinishInput():3138 
08-04 14:16:17.731 13866 13866 I GoogleInputMethodServic: GoogleInputMethodService.onStartInput():1808 
08-04 14:16:17.894 12327 13016 I art     : Starting a blocking GC Explicit
08-04 14:16:17.933 12327 13016 I art     : Explicit concurrent mark sweep GC freed 1533(88KB) AllocSpace objects, 1(20KB) LOS objects, 29% free, 37MB/53MB, paused 350us total 38.456ms
08-04 14:16:17.946 12327 13016 I art     : Starting a blocking GC Explicit
08-04 14:16:17.979 12327 13016 I art     : Explicit concurrent mark sweep GC freed 24(864B) AllocSpace objects, 0(0B) LOS objects, 29% free, 37MB/53MB, paused 309us total 32.931ms
08-04 14:16:17.992 12327 13016 I art     : Starting a blocking GC Explicit
08-04 14:16:18.025 12327 13016 I art     : Explicit concurrent mark sweep GC freed 31(880B) AllocSpace objects, 0(0B) LOS objects, 29% free, 37MB/53MB, paused 758us total 32.373ms
08-04 14:16:18.038 12327 13016 I art     : Starting a blocking GC Explicit
08-04 14:16:18.072 12327 13016 I art     : Explicit concurrent mark sweep GC freed 30(1376B) AllocSpace objects, 0(0B) LOS objects, 29% free, 37MB/53MB, paused 372us total 33.878ms
08-04 14:16:18.086 12327 13016 I art     : Starting a blocking GC Explicit
08-04 14:16:18.120 12327 13016 I art     : Explicit concurrent mark sweep GC freed 133(6KB) AllocSpace objects, 0(0B) LOS objects, 29% free, 37MB/53MB, paused 373us total 34.238ms
08-04 14:16:18.422 12327 12352 I art     : Starting a blocking GC Explicit
08-04 14:16:18.462 12327 12352 I art     : Explicit concurrent mark sweep GC freed 1354(82KB) AllocSpace objects, 1(20KB) LOS objects, 29% free, 37MB/53MB, paused 432us total 40.202ms
08-04 14:16:18.477 12327 12352 I art     : Starting a blocking GC Explicit
08-04 14:16:18.513 12327 12352 I art     : Explicit concurrent mark sweep GC freed 20(704B) AllocSpace objects, 0(0B) LOS objects, 29% free, 37MB/53MB, paused 368us total 35.791ms
08-04 14:16:18.527 12327 12352 I art     : Starting a blocking GC Explicit
08-04 14:16:18.568 12327 12352 I art     : Explicit concurrent mark sweep GC freed 3(96B) AllocSpace objects, 0(0B) LOS objects, 29% free, 37MB/53MB, paused 437us total 40.437ms
08-04 14:16:18.583 12327 12352 I art     : Starting a blocking GC Explicit
08-04 14:16:18.623 12327 12352 I art     : Explicit concurrent mark sweep GC freed 3(96B) AllocSpace objects, 0(0B) LOS objects, 29% free, 37MB/53MB, paused 414us total 40.351ms
08-04 14:16:18.638 12327 12352 I art     : Starting a blocking GC Explicit
08-04 14:16:18.679 12327 12352 I art     : Explicit concurrent mark sweep GC freed 3(96B) AllocSpace objects, 0(0B) LOS objects, 29% free, 37MB/53MB, paused 365us total 41.136ms
08-04 14:16:18.895   518   646 I ThermalEngine: ACTION: GPU - Setting GPU[0] to 450000000
08-04 14:16:19.022 12327 12340 I art     : Starting a blocking GC Explicit
08-04 14:16:19.072 12327 12340 I art     : Explicit concurrent mark sweep GC freed 1354(82KB) AllocSpace objects, 1(20KB) LOS objects, 29% free, 37MB/53MB, paused 524us total 49.778ms
08-04 14:16:19.090 12327 12340 I art     : Starting a blocking GC Explicit
08-04 14:16:19.138 12327 12340 I art     : Explicit concurrent mark sweep GC freed 20(704B) AllocSpace objects, 0(0B) LOS objects, 29% free, 37MB/53MB, paused 562us total 47.664ms
08-04 14:16:19.157 12327 12340 I art     : Starting a blocking GC Explicit
08-04 14:16:19.205 12327 12340 I art     : Explicit concurrent mark sweep GC freed 3(96B) AllocSpace objects, 0(0B) LOS objects, 29% free, 37MB/53MB, paused 495us total 47.847ms
08-04 14:16:19.223 12327 12340 I art     : Starting a blocking GC Explicit
08-04 14:16:19.271 12327 12340 I art     : Explicit concurrent mark sweep GC freed 3(96B) AllocSpace objects, 0(0B) LOS objects, 29% free, 37MB/53MB, paused 528us total 47.487ms
08-04 14:16:19.290 12327 12340 I art     : Starting a blocking GC Explicit
08-04 14:16:19.338 12327 12340 I art     : Explicit concurrent mark sweep GC freed 3(96B) AllocSpace objects, 0(0B) LOS objects, 29% free, 37MB/53MB, paused 551us total 47.710ms
08-04 14:16:19.523 16179 16179 D AndroidRuntime: >>>>>> START com.android.internal.os.RuntimeInit uid 2000 <<<<<<
08-04 14:16:19.529 16179 16179 D AndroidRuntime: CheckJNI is OFF
08-04 14:16:19.570 16179 16179 D ICU     : No timezone override file found: /data/misc/zoneinfo/current/icu/icu_tzdata.dat
08-04 14:16:19.613 16179 16179 I Radio-JNI: register_android_hardware_Radio DONE
08-04 14:16:19.641 16179 16179 D AndroidRuntime: Calling main entry com.android.commands.am.Am
08-04 14:16:19.649  2375  2375 I Trepn   : Trepn 6.2s: Received intent: com.quicinc.trepn.stop_profiling
08-04 14:16:19.671  2375  2375 I Trepn   : Trepn 6.2s: Trepn has Stopped Profiling.
08-04 14:16:19.688 12327 15700 I art     : Starting a blocking GC Explicit
08-04 14:16:19.738 12327 15700 I art     : Explicit concurrent mark sweep GC freed 1354(82KB) AllocSpace objects, 1(20KB) LOS objects, 29% free, 37MB/53MB, paused 698us total 49.554ms
08-04 14:16:19.757 12327 15700 I art     : Starting a blocking GC Explicit
08-04 14:16:19.804 12327 15700 I art     : Explicit concurrent mark sweep GC freed 20(704B) AllocSpace objects, 0(0B) LOS objects, 29% free, 37MB/53MB, paused 495us total 47.172ms
08-04 14:16:19.822 12327 15700 I art     : Starting a blocking GC Explicit
08-04 14:16:19.827 16179 16179 D AndroidRuntime: Shutting down VM
08-04 14:16:19.833   918  3696 W AppOps  : Finishing op nesting under-run: uid 10078 pkg com.quicinc.trepn code 24 time=0 duration=0 nesting=0
08-04 14:16:19.866 12327 15700 I art     : Explicit concurrent mark sweep GC freed 3(96B) AllocSpace objects, 0(0B) LOS objects, 29% free, 37MB/53MB, paused 441us total 43.266ms
08-04 14:16:19.884 12327 15700 I art     : Starting a blocking GC Explicit
08-04 14:16:19.932 12327 15700 I art     : Explicit concurrent mark sweep GC freed 3(96B) AllocSpace objects, 0(0B) LOS objects, 29% free, 37MB/53MB, paused 575us total 47.573ms
08-04 14:16:19.951 12327 15700 I art     : Starting a blocking GC Explicit
08-04 14:16:20.009 12327 15700 I art     : Explicit concurrent mark sweep GC freed 3(96B) AllocSpace objects, 0(0B) LOS objects, 29% free, 37MB/53MB, paused 641us total 57.201ms
08-04 14:16:20.344 12327 12341 I art     : Starting a blocking GC Explicit
08-04 14:16:20.394 12327 12341 I art     : Explicit concurrent mark sweep GC freed 1354(82KB) AllocSpace objects, 1(20KB) LOS objects, 29% free, 37MB/53MB, paused 536us total 49.261ms
08-04 14:16:20.414 12327 12341 I art     : Starting a blocking GC Explicit
08-04 14:16:20.461 12327 12341 I art     : Explicit concurrent mark sweep GC freed 20(704B) AllocSpace objects, 0(0B) LOS objects, 29% free, 37MB/53MB, paused 533us total 46.945ms
08-04 14:16:20.480 12327 12341 I art     : Starting a blocking GC Explicit
08-04 14:16:20.528 12327 12341 I art     : Explicit concurrent mark sweep GC freed 3(96B) AllocSpace objects, 0(0B) LOS objects, 29% free, 37MB/53MB, paused 503us total 47.508ms
08-04 14:16:20.546 12327 12341 I art     : Starting a blocking GC Explicit
08-04 14:16:20.594 12327 12341 I art     : Explicit concurrent mark sweep GC freed 3(96B) AllocSpace objects, 0(0B) LOS objects, 29% free, 37MB/53MB, paused 501us total 47.371ms
08-04 14:16:20.612 12327 12341 I art     : Starting a blocking GC Explicit
08-04 14:16:20.659 12327 12341 I art     : Explicit concurrent mark sweep GC freed 3(96B) AllocSpace objects, 0(0B) LOS objects, 29% free, 37MB/53MB, paused 563us total 46.267ms
08-04 14:16:21.902   518   646 I ThermalEngine: ACTION: GPU - Setting GPU[0] to 510000000
08-04 14:16:24.029   918  3188 I hubconnection: sensorhub said: 'set_bias 3: -4.9632, 0.0000, 0.0000'
