--------- beginning of main
08-04 21:46:00.146  3784  3784 D CarrierServiceBindHelper: Receive action: android.intent.action.PACKAGE_ADDED
08-04 21:46:00.147  3784  3784 D CarrierServiceBindHelper: Receive action: android.intent.action.PACKAGE_REPLACED
08-04 21:46:00.147  3784  3784 D CarrierServiceBindHelper: mHandler: 3
08-04 21:46:00.147  3784  3784 D CarrierServiceBindHelper: mHandler: 3
08-04 21:46:00.147  3784  3784 D CarrierServiceBindHelper: mHandler: 3
08-04 21:46:00.147  3784  3784 D CarrierConfigLoader: mHandler: 9 phoneId: 0
08-04 21:46:00.148  9622  9622 W System  : ClassLoader referenced unknown path: /system/app/KeyChain/lib/arm64
--------- beginning of system
08-04 21:46:00.151  9622  9622 W ContextImpl: Calling a method in the system process without a qualified user: android.app.ContextImpl.startService:1221 android.content.ContextWrapper.startService:581 android.content.ContextWrapper.startService:581 com.android.keychain.KeyChainBroadcastReceiver.onReceive:12 android.app.ActivityThread.handleReceiver:2725 
08-04 21:46:00.178   918   927 I art     : Background partial concurrent mark sweep GC freed 30142(1901KB) AllocSpace objects, 0(0B) LOS objects, 18% free, 68MB/84MB, paused 1.481ms total 155.876ms
08-04 21:46:00.195  8429  8429 I Finsky  : [1] uah.a(18): PackageMonitorReceiverImpl - Received: android.intent.action.PACKAGE_REMOVED, [ocpw8ddNLhG67i_cxGNvtEQwqY1k5QNC_my-vN553D4]
08-04 21:46:00.195  8429  8429 I Finsky  : [1] ubi.d(9): Invalidating cached PackageState for baseline.org.quantumbadger.redreader
08-04 21:46:00.208 24365  9643 I Fitness : FitCleanupIntentOperation received Intent android.intent.action.PACKAGE_REMOVED [CONTEXT service_id=17 ]
08-04 21:46:00.213  8429  8429 I Finsky  : [1] lzi.c(2): Frosting ID looked up on UI thread. Caller should move to a background thread.
08-04 21:46:00.243  8429  8429 I Finsky  : [1] nqb.c(3): Installer: package baseline.org.quantumbadger.redreader was removed. replacing: true
08-04 21:46:00.244  8429  8429 I Finsky  : [1] nra.a(188): Installer: Notifying status update. package=baseline.org.quantumbadger.redreader, status=UNINSTALLED
08-04 21:46:00.249   918  3670 I AccountManagerService: getTypesVisibleToCaller: isPermitted? true
08-04 21:46:00.288  8429  8429 I Finsky  : [1] lzi.c(2): Frosting ID looked up on UI thread. Caller should move to a background thread.
08-04 21:46:00.300  8429  8429 I Finsky  : [1] nra.a(220): Installer: found apps to install. isMultiUserMode=false, apps=[]
08-04 21:46:00.302  8429  9661 I Finsky  : [6332] ejf.a(-1): Cancelled 0 ongoing asset module downloads for package baseline.org.quantumbadger.redreader due to a concurrent app update.
08-04 21:46:00.352 24577  9650 I Auth    : [SupervisedAccountIntentOperation] onHandleIntent(): android.intent.action.PACKAGE_ADDED
08-04 21:46:00.353 24577  9650 I ChromeSync: [Sync,SyncIntentOperation] Handling the intent: Intent { act=android.intent.action.PACKAGE_ADDED dat=package:baseline.org.quantumbadger.redreader flg=0x4000010 cmp=com.google.android.gms/.chimera.GmsIntentOperationService (has extras) }.
08-04 21:46:00.377  8429  8653 I Finsky  : [5852] odj.b(52): IQ: Notifying installation update. package=baseline.org.quantumbadger.redreader, status=UNINSTALLED
08-04 21:46:00.385  8429  8429 I Finsky  : [1] uah.a(18): PackageMonitorReceiverImpl - Received: android.intent.action.PACKAGE_ADDED, [ocpw8ddNLhG67i_cxGNvtEQwqY1k5QNC_my-vN553D4]
08-04 21:46:00.386  8429  8429 I Finsky  : [1] ubi.d(9): Invalidating cached PackageState for baseline.org.quantumbadger.redreader
08-04 21:46:00.388   918  4413 W ActivityManager: Unable to start service Intent { act=com.google.android.gms.auth.key.retrieval.service.START pkg=com.google.android.gms } U=0: not found
08-04 21:46:00.394  8429  9644 I Finsky  : [6330] lyv.run(-1): Wrote row to frosting DB: 2528
08-04 21:46:00.438  8429  8429 I Finsky  : [1] lzi.c(2): Frosting ID looked up on UI thread. Caller should move to a background thread.
08-04 21:46:00.447   918  3359 W ActivityManager: Unbind failed: could not find connection for android.os.BinderProxy@9561778
08-04 21:46:00.457 24577 24621 E GmsClient: unable to connect to service: com.google.android.gms.auth.key.retrieval.service.START on com.google.android.gms
08-04 21:46:00.460  8429  8429 I Finsky  : [1] agsx.a(4): Do not start WearSupportService due to Wear service optimization
08-04 21:46:00.465  8429  9661 I Finsky  : [6332] ejc.a(-1): Asset module broadcast after update successful for package baseline.org.quantumbadger.redreader. 0 sessions broadcast.
08-04 21:46:00.489   918  6110 I AccountManagerService: getTypesVisibleToCaller: isPermitted? true
08-04 21:46:00.490 24577  9650 I ChromeSync: [Persistence,AffiliationManager] One of affiliation or grouping data for android://bz0hZa4nAJEtd0n5sRlXG7KAqctUMWVefv7Ki4mh1p6slZ9YO-n9gS9j8m9YCrsIyI2wIxrDHraumF9Y6pBLTA==@baseline.org.quantumbadger.redreader/ was not found. Marking affiliation data as stale...
08-04 21:46:00.492  8429  8429 I Finsky  : [1] lzi.c(2): Frosting ID looked up on UI thread. Caller should move to a background thread.
08-04 21:46:00.569  8429  9660 I Finsky  : [6331] gzn.a(-1): [ContentSync] finished, scheduled=false
08-04 21:46:00.574   918  6112 I AccountManagerService: getTypesVisibleToCaller: isPermitted? true
08-04 21:46:00.633  8429  9644 I Finsky  : [6330] lyv.run(-1): Wrote row to frosting DB: 2529
08-04 21:46:00.651  8429  8653 I Finsky  : [5852] odj.b(40): IQ: No matching installs to run for jobs: []
08-04 21:46:00.672 24577 13294 I Icing   : IndexChimeraService.getServiceInterface callingPackage=com.google.android.gms componentName=AppsCorpus serviceId=36
08-04 21:46:00.686  9672  9672 D AndroidRuntime: >>>>>> START com.android.internal.os.RuntimeInit uid 2000 <<<<<<
08-04 21:46:00.690  9672  9672 D AndroidRuntime: CheckJNI is OFF
08-04 21:46:00.692  8429  9644 I Finsky  : [6330] lyv.run(-1): Wrote row to frosting DB: 2530
08-04 21:46:00.713  9672  9672 D ICU     : No timezone override file found: /data/misc/zoneinfo/current/icu/icu_tzdata.dat
08-04 21:46:00.721  8429  8429 I Finsky  : [1] xmu.a(8): SCH: Jobs in database: 1-1337 3-197 3-198 12-1 26-1414141414 
08-04 21:46:00.723  8429  8429 I Finsky  : [1] xio.a(57): SCH: ConstraintMapping: 1-1337, 12-1,  -> L: 14561ms, D: 44392184ms, C: false, I: false, N: 1
08-04 21:46:00.724  8429  8429 I Finsky  : [1] xio.a(57): SCH: ConstraintMapping: 3-197,  -> L: 0ms, D: 69270110ms, C: false, I: true, N: 2
08-04 21:46:00.724  8429  8429 I Finsky  : [1] xio.a(57): SCH: ConstraintMapping: 3-198,  -> L: 0ms, D: 69270169ms, C: true, I: true, N: 2
08-04 21:46:00.724  8429  8429 I Finsky  : [1] xio.a(57): SCH: ConstraintMapping: 26-1414141414,  -> L: 5305315ms, D: 6205315ms, C: false, I: false, N: 0
08-04 21:46:00.726  8429  9660 I Finsky  : [6331] gzn.a(-1): [ContentSync] finished, scheduled=true
08-04 21:46:00.739  9672  9672 I Radio-JNI: register_android_hardware_Radio DONE
08-04 21:46:00.752  8429  8429 I Finsky  : [1] xle.a(34): Cancelling existing jobscheduler jobs: 9000 9012 9003 9006 9010 9002 9001 9011 
08-04 21:46:00.753  8429  8429 I Finsky  : [1] xle.a(27): Scheduling job Id: 9004, L: 14561, D: 44392184, C: false, I: false, N: 1
08-04 21:46:00.756  8429  8429 I Finsky  : [1] xle.a(27): Scheduling job Id: 9005, L: 0, D: 69270110, C: false, I: true, N: 2
08-04 21:46:00.756  9672  9672 D AndroidRuntime: Calling main entry com.android.commands.monkey.Monkey
08-04 21:46:00.763  8429  8429 I Finsky  : [1] xle.a(27): Scheduling job Id: 9007, L: 0, D: 69270169, C: true, I: true, N: 2
08-04 21:46:00.765  8429  8429 I Finsky  : [1] xle.a(27): Scheduling job Id: 9008, L: 5305315, D: 6205315, C: false, I: false, N: 0
08-04 21:46:00.767  8429  8429 I Finsky  : [1] xle.a(27): Scheduling job Id: 9009, L: 14561, D: 44392184, C: false, I: false, N: 1
08-04 21:46:00.771  8429  8429 I Finsky  : [1] xle.a(27): Scheduling job Id: 9013, L: 0, D: 69270110, C: false, I: true, N: 2
08-04 21:46:00.773   918   931 W BroadcastQueue: Skipping deliver [background] BroadcastRecord{1f0b5f2 u-1 android.net.conn.CONNECTIVITY_CHANGE} to ReceiverList{42e4ac0 9672 (unknown name)/2000/u-1 remote:b676966}: process crashing
08-04 21:46:00.778  8429  8429 I Finsky  : [1] xle.a(27): Scheduling job Id: 9014, L: 0, D: 69270169, C: true, I: true, N: 2
08-04 21:46:00.780  8429  8429 I Finsky  : [1] xle.a(27): Scheduling job Id: 9015, L: 5305315, D: 6205315, C: false, I: false, N: 0
08-04 21:46:00.783   918  5132 I ActivityManager: START u0 {act=android.intent.action.MAIN cat=[android.intent.category.LAUNCHER] flg=0x10200000 cmp=baseline.org.quantumbadger.redreader/.activities.MainActivity} from uid 2000 on display 0
08-04 21:46:00.793  8505  8505 I ServiceManager: Waiting for service AtCmdFwd...
08-04 21:46:00.801  8429  9644 I Finsky  : [6330] lyv.run(-1): Wrote row to frosting DB: 2531
08-04 21:46:00.802  9688  9688 I art     : Late-enabling -Xcheck:jni
08-04 21:46:00.805   918  6111 I ActivityManager: Start proc 9688:baseline.org.quantumbadger.redreader/u0a666 for activity baseline.org.quantumbadger.redreader/.activities.MainActivity
08-04 21:46:00.811  9672  9672 I art     : System.exit called, status: 0
08-04 21:46:00.811  9672  9672 I AndroidRuntime: VM exiting with result code 0.
08-04 21:46:00.841  9688  9688 W System  : ClassLoader referenced unknown path: /data/app/baseline.org.quantumbadger.redreader-1/lib/arm64
08-04 21:46:00.857  9688  9688 I RedReader: Application created.
08-04 21:46:00.859   918  3696 I AccountManagerService: getTypesVisibleToCaller: isPermitted? true
08-04 21:46:00.865  9688  9705 I RedditChangeDataIO: Running initial read...
08-04 21:46:00.868  9688  9688 I RedReader: Checking for new messages.
08-04 21:46:00.870  9688  9705 I RedditChangeDataIO: Data file at '/data/user/0/baseline.org.quantumbadger.redreader/files/rr_change_data.dat'
08-04 21:46:00.871  9688  9705 I RedditChangeDataIO: Data file does not exist. Aborting read.
08-04 21:46:00.871  9688  9705 I RedditChangeDataManager: Pruning for all users...
08-04 21:46:00.872  9688  9705 I RedditChangeDataManager: Pruning complete.
08-04 21:46:00.878 24577 11892 W Icing   : No valid account for uploading user actions
08-04 21:46:00.894   719  2127 I PBSessionCacheImpl: Deleted sessionId[3163792008073881] from persistence.
08-04 21:46:00.902   719   760 W SearchServiceCore: Abort, client detached.
08-04 21:46:00.902   719   760 I MicroDetectionState: Should stop hotword detection immediately - true
08-04 21:46:00.927 24577 13294 I Icing   : IndexChimeraService.getServiceInterface callingPackage=com.google.android.gms componentName=null serviceId=30
08-04 21:46:00.999 24577 11892 I Icing   : Usage reports ok 2, Failed Usage reports 0, indexed 0, rejected 0
08-04 21:46:00.999  9688  9688 W art     : Before Android 4.1, method android.graphics.PorterDuffColorFilter androidx.vectordrawable.graphics.drawable.VectorDrawableCompat.updateTintFilter(android.graphics.PorterDuffColorFilter, android.content.res.ColorStateList, android.graphics.PorterDuff$Mode) would have incorrectly overridden the package-private method in android.graphics.drawable.Drawable
08-04 21:46:01.001  9688  9704 I CacheManager: Pruning 108 files
08-04 21:46:01.013 24577 11892 W Icing   : No valid account for uploading user actions
08-04 21:46:01.017  9688  9688 I art     : Rejecting re-init on previously-failed class java.lang.Class<androidx.core.view.ViewCompat$2>
08-04 21:46:01.018  9688  9688 I art     : Rejecting re-init on previously-failed class java.lang.Class<androidx.core.view.ViewCompat$2>
08-04 21:46:01.026  9688  9688 I AppCompatViewInflater: app:theme is now deprecated. Please move to using android:theme instead.
08-04 21:46:01.050 24577 11892 I Icing   : Usage reports ok 0, Failed Usage reports 0, indexed 0, rejected 0
08-04 21:46:01.051 24577 11892 I Icing   : Indexing com.google.android.gms-internal.3p:MobileApplication from com.google.android.gms using seqno 763
08-04 21:46:01.083 24577 11892 I Icing   : Indexing com.google.android.gms-internal.3p:MobileApplication from com.google.android.gms using seqno 763
08-04 21:46:01.208 24577 13294 I Icing   : IndexChimeraService.getServiceInterface callingPackage=com.google.android.gms componentName=null serviceId=36
08-04 21:46:01.217 24577 11892 W Icing   : No valid account for uploading user actions
08-04 21:46:01.235 24577 11892 I Icing   : Usage reports ok 0, Failed Usage reports 0, indexed 0, rejected 0
08-04 21:46:01.237  9688  9688 I RawObjectDB query string: CREATE TABLE objects(RawObjectDB_id TEXT PRIMARY KEY ON CONFLICT REPLACE,RawObjectDB_timestamp INTEGER,serialised TEXT)
08-04 21:46:01.295  9688  9688 I RawObjectDB query string: CREATE TABLE objects(RawObjectDB_id TEXT PRIMARY KEY ON CONFLICT REPLACE,RawObjectDB_timestamp INTEGER,serialised TEXT)
08-04 21:46:01.381  9688  9707 D OpenGLRenderer: Use EGL_SWAP_BEHAVIOR_PRESERVED: true
08-04 21:46:01.455  9688  9707 I Adreno  : QUALCOMM build                   : fcf4852, I1af360237c
08-04 21:46:01.455  9688  9707 I Adreno  : Build Date                       : 09/23/15
08-04 21:46:01.455  9688  9707 I Adreno  : OpenGL ES Shader Compiler Version: XE031.05.13.02
08-04 21:46:01.455  9688  9707 I Adreno  : Local Branch                     : mybranch14465806
08-04 21:46:01.455  9688  9707 I Adreno  : Remote Branch                    : quic/LA.BF64.1.2.9_v2
08-04 21:46:01.455  9688  9707 I Adreno  : Remote Branch                    : NONE
08-04 21:46:01.455  9688  9707 I Adreno  : Reconstruct Branch               : NOTHING
08-04 21:46:01.464  9688  9707 I OpenGLRenderer: Initialized EGL, version 1.4
08-04 21:46:01.775   918   936 I ActivityManager: Displayed baseline.org.quantumbadger.redreader/.activities.MainActivity: +985ms
08-04 21:46:01.793  8505  8505 W Atfwd_Sendcmd: AtCmdFwd service not published, waiting... retryCnt : 3
08-04 21:46:02.014 24577 11892 I Icing   : Indexing com.google.android.gms-apps from com.google.android.gms
08-04 21:46:02.112 24577 11892 I Icing   : Indexing done com.google.android.gms-apps
08-04 21:46:02.205 24577 11892 I Icing   : Indexing com.google.android.gms-apps from com.google.android.gms
08-04 21:46:02.208 24577 11892 I Icing   : Indexing done com.google.android.gms-apps
08-04 21:46:02.399  9722  9722 D AndroidRuntime: >>>>>> START com.android.internal.os.RuntimeInit uid 2000 <<<<<<
08-04 21:46:02.406  9722  9722 D AndroidRuntime: CheckJNI is OFF
08-04 21:46:02.438  9722  9722 D ICU     : No timezone override file found: /data/misc/zoneinfo/current/icu/icu_tzdata.dat
08-04 21:46:02.471  9722  9722 I Radio-JNI: register_android_hardware_Radio DONE
08-04 21:46:02.489  9722  9722 D AndroidRuntime: Calling main entry com.android.commands.am.Am
08-04 21:46:02.502  2246  2246 I Trepn   : Trepn 6.2s: Received intent: com.quicinc.trepn.start_profiling
08-04 21:46:02.601  2246  2246 W FileUtils: Failed to chmod(/storage/emulated/0/trepn/Trepn_2020.08.04_214602.db): android.system.ErrnoException: chmod failed: EPERM (Operation not permitted)
08-04 21:46:02.680  2246  2246 I Trepn   : Trepn 6.2s: Trepn has Started Profiling.
08-04 21:46:02.681  9722  9722 D AndroidRuntime: Shutting down VM
08-04 21:46:03.155  9688  9700 I art     : Starting a blocking GC Explicit
08-04 21:46:03.191  9688  9700 I art     : Explicit concurrent mark sweep GC freed 29262(2MB) AllocSpace objects, 8(216KB) LOS objects, 40% free, 20MB/34MB, paused 159us total 35.566ms
08-04 21:46:03.201  9688  9700 I art     : Starting a blocking GC Explicit
08-04 21:46:03.212  9688  9700 I art     : Explicit concurrent mark sweep GC freed 1534(73KB) AllocSpace objects, 0(0B) LOS objects, 40% free, 20MB/34MB, paused 113us total 10.514ms
08-04 21:46:03.220  9688  9700 I art     : Starting a blocking GC Explicit
08-04 21:46:03.232  9688  9700 I art     : Explicit concurrent mark sweep GC freed 5(160B) AllocSpace objects, 0(0B) LOS objects, 40% free, 20MB/34MB, paused 183us total 11.105ms
08-04 21:46:03.239  9688  9700 I art     : Starting a blocking GC Explicit
08-04 21:46:03.252  9688  9700 I art     : Explicit concurrent mark sweep GC freed 6(192B) AllocSpace objects, 0(0B) LOS objects, 40% free, 20MB/34MB, paused 105us total 12.342ms
08-04 21:46:03.260  9688  9700 I art     : Starting a blocking GC Explicit
08-04 21:46:03.271  9688  9700 I art     : Explicit concurrent mark sweep GC freed 4(128B) AllocSpace objects, 0(0B) LOS objects, 40% free, 20MB/34MB, paused 101us total 11.216ms
08-04 21:46:03.595  9688  9701 I art     : Starting a blocking GC Explicit
08-04 21:46:03.615  9688  9701 I art     : Explicit concurrent mark sweep GC freed 1334(78KB) AllocSpace objects, 1(20KB) LOS objects, 40% free, 20MB/34MB, paused 191us total 19.469ms
08-04 21:46:03.627  9688  9701 I art     : Starting a blocking GC Explicit
08-04 21:46:03.640  9688  9701 I art     : Explicit concurrent mark sweep GC freed 20(704B) AllocSpace objects, 0(0B) LOS objects, 40% free, 20MB/34MB, paused 126us total 12.696ms
08-04 21:46:03.648  9688  9701 I art     : Starting a blocking GC Explicit
08-04 21:46:03.659  9688  9701 I art     : Explicit concurrent mark sweep GC freed 3(96B) AllocSpace objects, 0(0B) LOS objects, 40% free, 20MB/34MB, paused 125us total 10.828ms
08-04 21:46:03.667  9688  9701 I art     : Starting a blocking GC Explicit
08-04 21:46:03.678  9688  9701 I art     : Explicit concurrent mark sweep GC freed 3(96B) AllocSpace objects, 0(0B) LOS objects, 40% free, 20MB/34MB, paused 125us total 10.697ms
08-04 21:46:03.687  9688  9701 I art     : Starting a blocking GC Explicit
08-04 21:46:03.697  9688  9701 I art     : Explicit concurrent mark sweep GC freed 3(96B) AllocSpace objects, 0(0B) LOS objects, 40% free, 20MB/34MB, paused 195us total 9.793ms
08-04 21:46:03.961  9688  9700 I art     : Starting a blocking GC Explicit
08-04 21:46:03.976  9688  9700 I art     : Explicit concurrent mark sweep GC freed 1333(78KB) AllocSpace objects, 1(20KB) LOS objects, 40% free, 20MB/34MB, paused 143us total 14.738ms
08-04 21:46:03.985  9688  9700 I art     : Starting a blocking GC Explicit
08-04 21:46:03.996  9688  9700 I art     : Explicit concurrent mark sweep GC freed 20(704B) AllocSpace objects, 0(0B) LOS objects, 40% free, 20MB/34MB, paused 122us total 11.218ms
08-04 21:46:04.004  9688  9700 I art     : Starting a blocking GC Explicit
08-04 21:46:04.015  9688  9700 I art     : Explicit concurrent mark sweep GC freed 3(96B) AllocSpace objects, 0(0B) LOS objects, 40% free, 20MB/34MB, paused 123us total 10.596ms
08-04 21:46:04.023  9688  9700 I art     : Starting a blocking GC Explicit
08-04 21:46:04.034  9688  9700 I art     : Explicit concurrent mark sweep GC freed 3(96B) AllocSpace objects, 0(0B) LOS objects, 40% free, 20MB/34MB, paused 116us total 10.567ms
08-04 21:46:04.042  9688  9700 I art     : Starting a blocking GC Explicit
08-04 21:46:04.053  9688  9700 I art     : Explicit concurrent mark sweep GC freed 3(96B) AllocSpace objects, 0(0B) LOS objects, 40% free, 20MB/34MB, paused 116us total 10.705ms
08-04 21:46:04.337  9688  9750 I art     : Starting a blocking GC Explicit
08-04 21:46:04.352  9688  9750 I art     : Explicit concurrent mark sweep GC freed 1333(78KB) AllocSpace objects, 1(20KB) LOS objects, 40% free, 20MB/34MB, paused 134us total 14.031ms
08-04 21:46:04.365  9688  9750 I art     : Starting a blocking GC Explicit
08-04 21:46:04.376  9688  9750 I art     : Explicit concurrent mark sweep GC freed 20(704B) AllocSpace objects, 0(0B) LOS objects, 40% free, 20MB/34MB, paused 120us total 10.458ms
08-04 21:46:04.384  9688  9750 I art     : Starting a blocking GC Explicit
08-04 21:46:04.394  9688  9750 I art     : Explicit concurrent mark sweep GC freed 3(96B) AllocSpace objects, 0(0B) LOS objects, 40% free, 20MB/34MB, paused 117us total 10.639ms
08-04 21:46:04.402  9688  9750 I art     : Starting a blocking GC Explicit
08-04 21:46:04.413  9688  9750 I art     : Explicit concurrent mark sweep GC freed 3(96B) AllocSpace objects, 0(0B) LOS objects, 40% free, 20MB/34MB, paused 116us total 10.545ms
08-04 21:46:04.421  9688  9750 I art     : Starting a blocking GC Explicit
08-04 21:46:04.432  9688  9750 I art     : Explicit concurrent mark sweep GC freed 3(96B) AllocSpace objects, 0(0B) LOS objects, 40% free, 20MB/34MB, paused 111us total 10.368ms
08-04 21:46:04.695   918  3188 I hubconnection: sensorhub said: 'set_bias 3: -5.7312, 0.0000, 0.0000'
08-04 21:46:04.718  9688  9701 I art     : Starting a blocking GC Explicit
08-04 21:46:04.733  9688  9701 I art     : Explicit concurrent mark sweep GC freed 1333(78KB) AllocSpace objects, 1(20KB) LOS objects, 40% free, 20MB/34MB, paused 163us total 14.432ms
08-04 21:46:04.744  9688  9701 I art     : Starting a blocking GC Explicit
08-04 21:46:04.755  9688  9701 I art     : Explicit concurrent mark sweep GC freed 20(704B) AllocSpace objects, 0(0B) LOS objects, 40% free, 20MB/34MB, paused 132us total 11.084ms
08-04 21:46:04.763  9688  9701 I art     : Starting a blocking GC Explicit
08-04 21:46:04.774  9688  9701 I art     : Explicit concurrent mark sweep GC freed 3(96B) AllocSpace objects, 0(0B) LOS objects, 40% free, 20MB/34MB, paused 132us total 10.704ms
08-04 21:46:04.783  9688  9701 I art     : Starting a blocking GC Explicit
08-04 21:46:04.794  9688  9701 I art     : Explicit concurrent mark sweep GC freed 3(96B) AllocSpace objects, 0(0B) LOS objects, 40% free, 20MB/34MB, paused 140us total 10.928ms
08-04 21:46:04.802  9688  9701 I art     : Starting a blocking GC Explicit
08-04 21:46:04.812  9688  9701 I art     : Explicit concurrent mark sweep GC freed 3(96B) AllocSpace objects, 0(0B) LOS objects, 40% free, 20MB/34MB, paused 124us total 10.240ms
08-04 21:46:05.108  9688  9700 I art     : Starting a blocking GC Explicit
08-04 21:46:05.122  9688  9700 I art     : Explicit concurrent mark sweep GC freed 1334(78KB) AllocSpace objects, 1(20KB) LOS objects, 40% free, 20MB/34MB, paused 127us total 12.898ms
08-04 21:46:05.130  9688  9700 I art     : Starting a blocking GC Explicit
08-04 21:46:05.141  9688  9700 I art     : Explicit concurrent mark sweep GC freed 20(704B) AllocSpace objects, 0(0B) LOS objects, 40% free, 20MB/34MB, paused 115us total 11.091ms
08-04 21:46:05.150  9688  9700 I art     : Starting a blocking GC Explicit
08-04 21:46:05.161  9688  9700 I art     : Explicit concurrent mark sweep GC freed 3(96B) AllocSpace objects, 0(0B) LOS objects, 40% free, 20MB/34MB, paused 110us total 10.641ms
08-04 21:46:05.169  9688  9700 I art     : Starting a blocking GC Explicit
08-04 21:46:05.179  9688  9700 I art     : Explicit concurrent mark sweep GC freed 3(96B) AllocSpace objects, 0(0B) LOS objects, 40% free, 20MB/34MB, paused 109us total 9.468ms
08-04 21:46:05.186  9688  9700 I art     : Starting a blocking GC Explicit
08-04 21:46:05.197  9688  9700 I art     : Explicit concurrent mark sweep GC freed 3(96B) AllocSpace objects, 0(0B) LOS objects, 40% free, 20MB/34MB, paused 131us total 10.180ms
08-04 21:46:05.488  9688  9750 I art     : Starting a blocking GC Explicit
08-04 21:46:05.504  9688  9750 I art     : Explicit concurrent mark sweep GC freed 1334(78KB) AllocSpace objects, 1(20KB) LOS objects, 40% free, 20MB/34MB, paused 155us total 15.936ms
08-04 21:46:05.518  9688  9750 I art     : Starting a blocking GC Explicit
08-04 21:46:05.532  9688  9750 I art     : Explicit concurrent mark sweep GC freed 20(704B) AllocSpace objects, 0(0B) LOS objects, 40% free, 20MB/34MB, paused 139us total 13.483ms
08-04 21:46:05.542  9688  9750 I art     : Starting a blocking GC Explicit
08-04 21:46:05.552  9688  9750 I art     : Explicit concurrent mark sweep GC freed 3(96B) AllocSpace objects, 0(0B) LOS objects, 40% free, 20MB/34MB, paused 121us total 10.543ms
08-04 21:46:05.560  9688  9750 I art     : Starting a blocking GC Explicit
08-04 21:46:05.571  9688  9750 I art     : Explicit concurrent mark sweep GC freed 3(96B) AllocSpace objects, 0(0B) LOS objects, 40% free, 20MB/34MB, paused 117us total 10.580ms
08-04 21:46:05.579  9688  9750 I art     : Starting a blocking GC Explicit
08-04 21:46:05.590  9688  9750 I art     : Explicit concurrent mark sweep GC freed 3(96B) AllocSpace objects, 0(0B) LOS objects, 40% free, 20MB/34MB, paused 117us total 10.576ms
08-04 21:46:05.889  9688  9701 I art     : Starting a blocking GC Explicit
08-04 21:46:05.905  9688  9701 I art     : Explicit concurrent mark sweep GC freed 1333(78KB) AllocSpace objects, 1(20KB) LOS objects, 40% free, 20MB/34MB, paused 165us total 15.660ms
08-04 21:46:05.917  9688  9701 I art     : Starting a blocking GC Explicit
08-04 21:46:05.931  9688  9701 I art     : Explicit concurrent mark sweep GC freed 20(704B) AllocSpace objects, 0(0B) LOS objects, 40% free, 20MB/34MB, paused 137us total 13.507ms
08-04 21:46:05.942  9688  9701 I art     : Starting a blocking GC Explicit
08-04 21:46:05.955  9688  9701 I art     : Explicit concurrent mark sweep GC freed 3(96B) AllocSpace objects, 0(0B) LOS objects, 40% free, 20MB/34MB, paused 127us total 11.968ms
08-04 21:46:05.963  9688  9701 I art     : Starting a blocking GC Explicit
08-04 21:46:05.974  9688  9701 I art     : Explicit concurrent mark sweep GC freed 3(96B) AllocSpace objects, 0(0B) LOS objects, 40% free, 20MB/34MB, paused 118us total 10.832ms
08-04 21:46:05.982  9688  9701 I art     : Starting a blocking GC Explicit
08-04 21:46:05.993  9688  9701 I art     : Explicit concurrent mark sweep GC freed 3(96B) AllocSpace objects, 0(0B) LOS objects, 40% free, 20MB/34MB, paused 115us total 10.057ms
08-04 21:46:06.320  9688  9700 I art     : Starting a blocking GC Explicit
08-04 21:46:06.337  9688  9700 I art     : Explicit concurrent mark sweep GC freed 1333(78KB) AllocSpace objects, 1(20KB) LOS objects, 40% free, 20MB/34MB, paused 170us total 16.752ms
08-04 21:46:06.349  9688  9700 I art     : Starting a blocking GC Explicit
08-04 21:46:06.363  9688  9700 I art     : Explicit concurrent mark sweep GC freed 20(704B) AllocSpace objects, 0(0B) LOS objects, 40% free, 20MB/34MB, paused 133us total 13.231ms
08-04 21:46:06.373  9688  9700 I art     : Starting a blocking GC Explicit
08-04 21:46:06.384  9688  9700 I art     : Explicit concurrent mark sweep GC freed 3(96B) AllocSpace objects, 0(0B) LOS objects, 40% free, 20MB/34MB, paused 127us total 10.574ms
08-04 21:46:06.392  9688  9700 I art     : Starting a blocking GC Explicit
08-04 21:46:06.403  9688  9700 I art     : Explicit concurrent mark sweep GC freed 3(96B) AllocSpace objects, 0(0B) LOS objects, 40% free, 20MB/34MB, paused 124us total 10.893ms
08-04 21:46:06.412  9688  9700 I art     : Starting a blocking GC Explicit
08-04 21:46:06.422  9688  9700 I art     : Explicit concurrent mark sweep GC freed 3(96B) AllocSpace objects, 0(0B) LOS objects, 40% free, 20MB/34MB, paused 116us total 10.253ms
08-04 21:46:06.705  9688  9750 I art     : Starting a blocking GC Explicit
08-04 21:46:06.721  9688  9750 I art     : Explicit concurrent mark sweep GC freed 1333(78KB) AllocSpace objects, 1(20KB) LOS objects, 40% free, 20MB/34MB, paused 145us total 15.582ms
08-04 21:46:06.732  9688  9750 I art     : Starting a blocking GC Explicit
08-04 21:46:06.744  9688  9750 I art     : Explicit concurrent mark sweep GC freed 20(704B) AllocSpace objects, 0(0B) LOS objects, 40% free, 20MB/34MB, paused 127us total 11.233ms
08-04 21:46:06.752  9688  9750 I art     : Starting a blocking GC Explicit
08-04 21:46:06.763  9688  9750 I art     : Explicit concurrent mark sweep GC freed 3(96B) AllocSpace objects, 0(0B) LOS objects, 40% free, 20MB/34MB, paused 118us total 10.720ms
08-04 21:46:06.771  9688  9750 I art     : Starting a blocking GC Explicit
08-04 21:46:06.781  9688  9750 I art     : Explicit concurrent mark sweep GC freed 3(96B) AllocSpace objects, 0(0B) LOS objects, 40% free, 20MB/34MB, paused 114us total 10.397ms
08-04 21:46:06.790  9688  9750 I art     : Starting a blocking GC Explicit
08-04 21:46:06.800  9688  9750 I art     : Explicit concurrent mark sweep GC freed 3(96B) AllocSpace objects, 0(0B) LOS objects, 40% free, 20MB/34MB, paused 123us total 10.607ms
08-04 21:46:07.060  9688  9701 I art     : Starting a blocking GC Explicit
08-04 21:46:07.072  9688  9701 I art     : Explicit concurrent mark sweep GC freed 1333(78KB) AllocSpace objects, 1(20KB) LOS objects, 40% free, 20MB/34MB, paused 135us total 11.811ms
08-04 21:46:07.081  9688  9701 I art     : Starting a blocking GC Explicit
08-04 21:46:07.091  9688  9701 I art     : Explicit concurrent mark sweep GC freed 20(704B) AllocSpace objects, 0(0B) LOS objects, 40% free, 20MB/34MB, paused 111us total 10.226ms
08-04 21:46:07.099  9688  9701 I art     : Starting a blocking GC Explicit
08-04 21:46:07.108  9688  9701 I art     : Explicit concurrent mark sweep GC freed 3(96B) AllocSpace objects, 0(0B) LOS objects, 40% free, 20MB/34MB, paused 105us total 9.513ms
08-04 21:46:07.115  9688  9701 I art     : Starting a blocking GC Explicit
08-04 21:46:07.124  9688  9701 I art     : Explicit concurrent mark sweep GC freed 3(96B) AllocSpace objects, 0(0B) LOS objects, 40% free, 20MB/34MB, paused 108us total 8.693ms
08-04 21:46:07.131  9688  9701 I art     : Starting a blocking GC Explicit
08-04 21:46:07.140  9688  9701 I art     : Explicit concurrent mark sweep GC freed 3(96B) AllocSpace objects, 0(0B) LOS objects, 40% free, 20MB/34MB, paused 112us total 9.184ms
08-04 21:46:07.393  9688  9700 I art     : Starting a blocking GC Explicit
08-04 21:46:07.406  9688  9700 I art     : Explicit concurrent mark sweep GC freed 1333(78KB) AllocSpace objects, 1(20KB) LOS objects, 40% free, 20MB/34MB, paused 142us total 12.747ms
08-04 21:46:07.415  9688  9700 I art     : Starting a blocking GC Explicit
08-04 21:46:07.424  9688  9700 I art     : Explicit concurrent mark sweep GC freed 20(704B) AllocSpace objects, 0(0B) LOS objects, 40% free, 20MB/34MB, paused 119us total 9.633ms
08-04 21:46:07.432  9688  9700 I art     : Starting a blocking GC Explicit
08-04 21:46:07.441  9688  9700 I art     : Explicit concurrent mark sweep GC freed 3(96B) AllocSpace objects, 0(0B) LOS objects, 40% free, 20MB/34MB, paused 104us total 9.165ms
08-04 21:46:07.449  9688  9700 I art     : Starting a blocking GC Explicit
08-04 21:46:07.458  9688  9700 I art     : Explicit concurrent mark sweep GC freed 3(96B) AllocSpace objects, 0(0B) LOS objects, 40% free, 20MB/34MB, paused 112us total 9.402ms
08-04 21:46:07.466  9688  9700 I art     : Starting a blocking GC Explicit
08-04 21:46:07.475  9688  9700 I art     : Explicit concurrent mark sweep GC freed 3(96B) AllocSpace objects, 0(0B) LOS objects, 40% free, 20MB/34MB, paused 101us total 9.139ms
08-04 21:46:07.712  9688  9750 I art     : Starting a blocking GC Explicit
08-04 21:46:07.724  9688  9750 I art     : Explicit concurrent mark sweep GC freed 1333(78KB) AllocSpace objects, 1(20KB) LOS objects, 40% free, 20MB/34MB, paused 139us total 11.383ms
08-04 21:46:07.732  9688  9750 I art     : Starting a blocking GC Explicit
08-04 21:46:07.742  9688  9750 I art     : Explicit concurrent mark sweep GC freed 20(704B) AllocSpace objects, 0(0B) LOS objects, 40% free, 20MB/34MB, paused 126us total 10.174ms
08-04 21:46:07.750  9688  9750 I art     : Starting a blocking GC Explicit
08-04 21:46:07.760  9688  9750 I art     : Explicit concurrent mark sweep GC freed 3(96B) AllocSpace objects, 0(0B) LOS objects, 40% free, 20MB/34MB, paused 120us total 10.221ms
08-04 21:46:07.768  9688  9750 I art     : Starting a blocking GC Explicit
08-04 21:46:07.779  9688  9750 I art     : Explicit concurrent mark sweep GC freed 3(96B) AllocSpace objects, 0(0B) LOS objects, 40% free, 20MB/34MB, paused 115us total 10.482ms
08-04 21:46:07.786  9688  9750 I art     : Starting a blocking GC Explicit
08-04 21:46:07.796  9688  9750 I art     : Explicit concurrent mark sweep GC freed 3(96B) AllocSpace objects, 0(0B) LOS objects, 40% free, 20MB/34MB, paused 118us total 10.094ms
08-04 21:46:08.006  9890  9890 D AndroidRuntime: >>>>>> START com.android.internal.os.RuntimeInit uid 2000 <<<<<<
08-04 21:46:08.010  9890  9890 D AndroidRuntime: CheckJNI is OFF
08-04 21:46:08.034  9890  9890 D ICU     : No timezone override file found: /data/misc/zoneinfo/current/icu/icu_tzdata.dat
08-04 21:46:08.064  9688  9701 I art     : Starting a blocking GC Explicit
08-04 21:46:08.066  9890  9890 I Radio-JNI: register_android_hardware_Radio DONE
08-04 21:46:08.075  9688  9701 I art     : Explicit concurrent mark sweep GC freed 1333(78KB) AllocSpace objects, 1(20KB) LOS objects, 40% free, 20MB/34MB, paused 127us total 10.597ms
08-04 21:46:08.083  9688  9701 I art     : Starting a blocking GC Explicit
08-04 21:46:08.083  9890  9890 D AndroidRuntime: Calling main entry com.android.commands.input.Input
08-04 21:46:08.085  9890  9890 I Input   : injectMotionEvent: MotionEvent { action=ACTION_DOWN, actionButton=0, id[0]=0, x[0]=720.0, y[0]=1440.0, toolType[0]=TOOL_TYPE_UNKNOWN, buttonState=0, metaState=0, flags=0x0, edgeFlags=0x0, pointerCount=1, historySize=0, eventTime=740784498, downTime=740784498, deviceId=0, source=0x1002 }
08-04 21:46:08.093  9890  9890 I Input   : injectMotionEvent: MotionEvent { action=ACTION_UP, actionButton=0, id[0]=0, x[0]=720.0, y[0]=1440.0, toolType[0]=TOOL_TYPE_UNKNOWN, buttonState=0, metaState=0, flags=0x0, edgeFlags=0x0, pointerCount=1, historySize=0, eventTime=740784498, downTime=740784498, deviceId=0, source=0x1002 }
08-04 21:46:08.094  9688  9701 I art     : Explicit concurrent mark sweep GC freed 22(736B) AllocSpace objects, 0(0B) LOS objects, 40% free, 20MB/34MB, paused 199us total 11.055ms
08-04 21:46:08.094  9890  9890 D AndroidRuntime: Shutting down VM
08-04 21:46:08.102  9688  9701 I art     : Starting a blocking GC Explicit
08-04 21:46:08.107   512  2967 D audio_hw_primary: out_set_parameters: enter: usecase(1: low-latency-playback) kvpairs: routing=2
08-04 21:46:08.114  9688  9701 I art     : Explicit concurrent mark sweep GC freed 109(4KB) AllocSpace objects, 0(0B) LOS objects, 40% free, 20MB/34MB, paused 231us total 11.990ms
08-04 21:46:08.120   512  2967 D audio_hw_primary: select_devices: out_snd_device(2: speaker) in_snd_device(0: none)
08-04 21:46:08.120   512  2967 D msm8974_platform: platform_send_audio_calibration: sending audio calibration for snd_device(2) acdb_id(15)
08-04 21:46:08.121   512  2967 I soundtrigger: audio_extn_sound_trigger_update_device_status: device 0x2 of type 0 for Event 1
08-04 21:46:08.121 13866 13866 I GoogleInputMethodServic: GoogleInputMethodService.onFinishInput():3138 
08-04 21:46:08.122 13866 13866 I GoogleInputMethodServic: GoogleInputMethodService.onStartInput():1808 
08-04 21:46:08.124  9688  9701 I art     : Starting a blocking GC Explicit
08-04 21:46:08.131   512  2967 D audio_hw_primary: enable_snd_device: snd_device(2: speaker)
08-04 21:46:08.133   512  2967 D audio_hw_primary: enable_audio_route: apply and update mixer path: low-latency-playback speaker
08-04 21:46:08.135  9688  9701 I art     : Explicit concurrent mark sweep GC freed 10(512B) AllocSpace objects, 0(0B) LOS objects, 40% free, 20MB/34MB, paused 138us total 10.761ms
08-04 21:46:08.143  9688  9701 I art     : Starting a blocking GC Explicit
08-04 21:46:08.153  9688  9701 I art     : Explicit concurrent mark sweep GC freed 974(68KB) AllocSpace objects, 1(76KB) LOS objects, 40% free, 20MB/34MB, paused 109us total 9.394ms
08-04 21:46:08.303   380   380 W SurfaceFlinger: couldn't log to binary event log: overflow.
08-04 21:46:08.394  9688  9700 I art     : Starting a blocking GC Explicit
08-04 21:46:08.404  9688  9700 I art     : Explicit concurrent mark sweep GC freed 1333(78KB) AllocSpace objects, 1(20KB) LOS objects, 40% free, 20MB/34MB, paused 125us total 9.875ms
08-04 21:46:08.412  9688  9700 I art     : Starting a blocking GC Explicit
08-04 21:46:08.421  9688  9700 I art     : Explicit concurrent mark sweep GC freed 20(704B) AllocSpace objects, 0(0B) LOS objects, 40% free, 20MB/34MB, paused 117us total 9.612ms
08-04 21:46:08.429  9688  9700 I art     : Starting a blocking GC Explicit
08-04 21:46:08.440  9688  9700 I art     : Explicit concurrent mark sweep GC freed 3(96B) AllocSpace objects, 0(0B) LOS objects, 40% free, 20MB/34MB, paused 164us total 10.587ms
08-04 21:46:08.449  9688  9700 I art     : Starting a blocking GC Explicit
08-04 21:46:08.459  9688  9700 I art     : Explicit concurrent mark sweep GC freed 3(96B) AllocSpace objects, 0(0B) LOS objects, 40% free, 20MB/34MB, paused 126us total 10.325ms
08-04 21:46:08.467  9688  9700 I art     : Starting a blocking GC Explicit
08-04 21:46:08.478  9688  9700 I art     : Explicit concurrent mark sweep GC freed 3(96B) AllocSpace objects, 0(0B) LOS objects, 40% free, 20MB/34MB, paused 121us total 10.678ms
08-04 21:46:08.653  9921  9921 D AndroidRuntime: >>>>>> START com.android.internal.os.RuntimeInit uid 2000 <<<<<<
08-04 21:46:08.657  9921  9921 D AndroidRuntime: CheckJNI is OFF
08-04 21:46:08.669   512  2967 D audio_hw_primary: disable_audio_route: reset and update mixer path: low-latency-playback speaker
08-04 21:46:08.670   512  2967 D audio_hw_primary: disable_snd_device: snd_device(2: speaker)
08-04 21:46:08.677   512  2967 I soundtrigger: audio_extn_sound_trigger_update_device_status: device 0x2 of type 0 for Event 0
08-04 21:46:08.683  9921  9921 D ICU     : No timezone override file found: /data/misc/zoneinfo/current/icu/icu_tzdata.dat
08-04 21:46:08.707  9921  9921 I Radio-JNI: register_android_hardware_Radio DONE
08-04 21:46:08.723  9921  9921 D AndroidRuntime: Calling main entry com.android.commands.input.Input
08-04 21:46:08.725  9921  9921 I Input   : injectMotionEvent: MotionEvent { action=ACTION_DOWN, actionButton=0, id[0]=0, x[0]=1345.0, y[0]=165.0, toolType[0]=TOOL_TYPE_UNKNOWN, buttonState=0, metaState=0, flags=0x0, edgeFlags=0x0, pointerCount=1, historySize=0, eventTime=740785137, downTime=740785137, deviceId=0, source=0x1002 }
08-04 21:46:08.727  9688  9750 I art     : Starting a blocking GC Explicit
08-04 21:46:08.729  9921  9921 I Input   : injectMotionEvent: MotionEvent { action=ACTION_UP, actionButton=0, id[0]=0, x[0]=1345.0, y[0]=165.0, toolType[0]=TOOL_TYPE_UNKNOWN, buttonState=0, metaState=0, flags=0x0, edgeFlags=0x0, pointerCount=1, historySize=0, eventTime=740785137, downTime=740785137, deviceId=0, source=0x1002 }
08-04 21:46:08.730  9921  9921 D AndroidRuntime: Shutting down VM
08-04 21:46:08.739   512  2967 D audio_hw_primary: out_set_parameters: enter: usecase(1: low-latency-playback) kvpairs: routing=2
08-04 21:46:08.739  9688  9750 I art     : Explicit concurrent mark sweep GC freed 1365(80KB) AllocSpace objects, 1(20KB) LOS objects, 40% free, 20MB/34MB, paused 335us total 11.946ms
08-04 21:46:08.740  9688  9688 W art     : Before Android 4.1, method int androidx.appcompat.widget.DropDownListView.lookForSelectablePosition(int, boolean) would have incorrectly overridden the package-private method in android.widget.ListView
08-04 21:46:08.745  9688  9688 W art     : Before Android 4.1, method int androidx.appcompat.widget.MenuPopupWindow$MenuDropDownListView.lookForSelectablePosition(int, boolean) would have incorrectly overridden the package-private method in android.widget.ListView
08-04 21:46:08.747  9688  9688 I ListPopupWindow: Could not find method setEpicenterBounds(Rect) on PopupWindow. Oh well.
08-04 21:46:08.748  9688  9750 I art     : Starting a blocking GC Explicit
08-04 21:46:08.752   512  2967 D audio_hw_primary: select_devices: out_snd_device(2: speaker) in_snd_device(0: none)
08-04 21:46:08.752   512  2967 D msm8974_platform: platform_send_audio_calibration: sending audio calibration for snd_device(2) acdb_id(15)
08-04 21:46:08.752   512  2967 I soundtrigger: audio_extn_sound_trigger_update_device_status: device 0x2 of type 0 for Event 1
08-04 21:46:08.760  9688  9750 I art     : Explicit concurrent mark sweep GC freed 352(74KB) AllocSpace objects, 0(0B) LOS objects, 40% free, 20MB/34MB, paused 291us total 11.957ms
08-04 21:46:08.763   512  2967 D audio_hw_primary: enable_snd_device: snd_device(2: speaker)
08-04 21:46:08.765   512  2967 D audio_hw_primary: enable_audio_route: apply and update mixer path: low-latency-playback speaker
08-04 21:46:08.768  9688  9750 I art     : Starting a blocking GC Explicit
08-04 21:46:08.779  9688  9750 I art     : Explicit concurrent mark sweep GC freed 315(60KB) AllocSpace objects, 0(0B) LOS objects, 40% free, 20MB/34MB, paused 128us total 9.962ms
08-04 21:46:08.786  9688  9750 I art     : Starting a blocking GC Explicit
08-04 21:46:08.796  9688  9750 I art     : Explicit concurrent mark sweep GC freed 61(2480B) AllocSpace objects, 0(0B) LOS objects, 40% free, 20MB/34MB, paused 294us total 10.054ms
08-04 21:46:08.804  9688  9750 I art     : Starting a blocking GC Explicit
08-04 21:46:08.806   512  2967 D AudioFlinger: mixer(0xf4740000) throttle end: throttle time(12)
08-04 21:46:08.820  9688  9750 I art     : Explicit concurrent mark sweep GC freed 254(15KB) AllocSpace objects, 0(0B) LOS objects, 40% free, 20MB/34MB, paused 134us total 15.360ms
08-04 21:46:09.063  9688  9700 I art     : Starting a blocking GC Explicit
08-04 21:46:09.074  9688  9700 I art     : Explicit concurrent mark sweep GC freed 1912(106KB) AllocSpace objects, 1(20KB) LOS objects, 40% free, 20MB/34MB, paused 109us total 10.879ms
08-04 21:46:09.083  9688  9700 I art     : Starting a blocking GC Explicit
08-04 21:46:09.093  9688  9700 I art     : Explicit concurrent mark sweep GC freed 581(37KB) AllocSpace objects, 0(0B) LOS objects, 40% free, 20MB/34MB, paused 113us total 10.175ms
08-04 21:46:09.102  9688  9700 I art     : Starting a blocking GC Explicit
08-04 21:46:09.114  9688  9700 I art     : Explicit concurrent mark sweep GC freed 3(96B) AllocSpace objects, 0(0B) LOS objects, 40% free, 20MB/34MB, paused 124us total 11.259ms
08-04 21:46:09.121  9688  9700 I art     : Starting a blocking GC Explicit
08-04 21:46:09.133  9688  9700 I art     : Explicit concurrent mark sweep GC freed 9(288B) AllocSpace objects, 0(0B) LOS objects, 40% free, 20MB/34MB, paused 113us total 11.144ms
08-04 21:46:09.140  9688  9700 I art     : Starting a blocking GC Explicit
08-04 21:46:09.150  9688  9700 I art     : Explicit concurrent mark sweep GC freed 3(96B) AllocSpace objects, 0(0B) LOS objects, 40% free, 20MB/34MB, paused 116us total 9.913ms
08-04 21:46:09.271  9952  9952 D AndroidRuntime: >>>>>> START com.android.internal.os.RuntimeInit uid 2000 <<<<<<
08-04 21:46:09.275  9952  9952 D AndroidRuntime: CheckJNI is OFF
08-04 21:46:09.289   512  2967 D audio_hw_primary: disable_audio_route: reset and update mixer path: low-latency-playback speaker
08-04 21:46:09.290   512  2967 D audio_hw_primary: disable_snd_device: snd_device(2: speaker)
08-04 21:46:09.298   512  2967 I soundtrigger: audio_extn_sound_trigger_update_device_status: device 0x2 of type 0 for Event 0
08-04 21:46:09.300  9952  9952 D ICU     : No timezone override file found: /data/misc/zoneinfo/current/icu/icu_tzdata.dat
08-04 21:46:09.324  9952  9952 I Radio-JNI: register_android_hardware_Radio DONE
08-04 21:46:09.339  9952  9952 D AndroidRuntime: Calling main entry com.android.commands.input.Input
08-04 21:46:09.340  9952  9952 I Input   : injectMotionEvent: MotionEvent { action=ACTION_DOWN, actionButton=0, id[0]=0, x[0]=940.0, y[0]=501.0, toolType[0]=TOOL_TYPE_UNKNOWN, buttonState=0, metaState=0, flags=0x0, edgeFlags=0x0, pointerCount=1, historySize=0, eventTime=740785753, downTime=740785753, deviceId=0, source=0x1002 }
08-04 21:46:09.344  9952  9952 I Input   : injectMotionEvent: MotionEvent { action=ACTION_UP, actionButton=0, id[0]=0, x[0]=940.0, y[0]=501.0, toolType[0]=TOOL_TYPE_UNKNOWN, buttonState=0, metaState=0, flags=0x0, edgeFlags=0x0, pointerCount=1, historySize=0, eventTime=740785753, downTime=740785753, deviceId=0, source=0x1002 }
08-04 21:46:09.346  9952  9952 D AndroidRuntime: Shutting down VM
08-04 21:46:09.402  9688  9750 I art     : Starting a blocking GC Explicit
08-04 21:46:09.413   512  2967 D audio_hw_primary: out_set_parameters: enter: usecase(1: low-latency-playback) kvpairs: routing=2
08-04 21:46:09.414   918   928 I ActivityManager: START u0 {cmp=baseline.org.quantumbadger.redreader/.settings.SettingsActivity} from uid 10666 on display 0
08-04 21:46:09.416  9688  9750 I art     : Explicit concurrent mark sweep GC freed 1359(86KB) AllocSpace objects, 1(20KB) LOS objects, 40% free, 20MB/34MB, paused 147us total 13.732ms
08-04 21:46:09.424  9688  9750 I art     : Starting a blocking GC Explicit
08-04 21:46:09.426   512  2967 D audio_hw_primary: select_devices: out_snd_device(2: speaker) in_snd_device(0: none)
08-04 21:46:09.426   512  2967 D msm8974_platform: platform_send_audio_calibration: sending audio calibration for snd_device(2) acdb_id(15)
08-04 21:46:09.427   512  2967 I soundtrigger: audio_extn_sound_trigger_update_device_status: device 0x2 of type 0 for Event 1
08-04 21:46:09.428 13866 13866 I GoogleInputMethodServic: GoogleInputMethodService.onFinishInput():3138 
08-04 21:46:09.433 13866 13866 I GoogleInputMethodServic: GoogleInputMethodService.onStartInput():1808 
08-04 21:46:09.436  9688  9750 I art     : Explicit concurrent mark sweep GC freed 397(26KB) AllocSpace objects, 0(0B) LOS objects, 40% free, 20MB/34MB, paused 674us total 12.655ms
08-04 21:46:09.440   512  2967 D audio_hw_primary: enable_snd_device: snd_device(2: speaker)
08-04 21:46:09.443   512  2967 D audio_hw_primary: enable_audio_route: apply and update mixer path: low-latency-playback speaker
08-04 21:46:09.445  9688  9750 I art     : Starting a blocking GC Explicit
08-04 21:46:09.457  9688  9750 I art     : Explicit concurrent mark sweep GC freed 131(31KB) AllocSpace objects, 0(0B) LOS objects, 40% free, 21MB/35MB, paused 571us total 12.092ms
08-04 21:46:09.466  9688  9750 I art     : Starting a blocking GC Explicit
08-04 21:46:09.478  9688  9750 I art     : Explicit concurrent mark sweep GC freed 468(94KB) AllocSpace objects, 0(0B) LOS objects, 40% free, 21MB/35MB, paused 182us total 12.009ms
08-04 21:46:09.485   512  2967 D AudioFlinger: mixer(0xf4740000) throttle end: throttle time(12)
08-04 21:46:09.486  9688  9750 I art     : Starting a blocking GC Explicit
08-04 21:46:09.497  9688  9750 I art     : Explicit concurrent mark sweep GC freed 363(17KB) AllocSpace objects, 0(0B) LOS objects, 40% free, 21MB/35MB, paused 158us total 11.136ms
08-04 21:46:09.565   918   936 I ActivityManager: Displayed baseline.org.quantumbadger.redreader/.settings.SettingsActivity: +131ms
08-04 21:46:09.566 13866 13866 I GoogleInputMethodServic: GoogleInputMethodService.onFinishInput():3138 
08-04 21:46:09.567 13866 13866 I GoogleInputMethodServic: GoogleInputMethodService.onStartInput():1808 
08-04 21:46:09.591  9688  9707 D OpenGLRenderer: endAllStagingAnimators on 0x7f94bc7800 (MenuPopupWindow$MenuDropDownListView) with handle 0x7f80336120
08-04 21:46:09.718  9688  9700 I art     : Starting a blocking GC Explicit
08-04 21:46:09.733  9688  9700 I art     : Explicit concurrent mark sweep GC freed 1916(105KB) AllocSpace objects, 1(20KB) LOS objects, 40% free, 21MB/35MB, paused 139us total 14.538ms
08-04 21:46:09.743  9688  9700 I art     : Starting a blocking GC Explicit
08-04 21:46:09.757  9688  9700 I art     : Explicit concurrent mark sweep GC freed 199(8KB) AllocSpace objects, 0(0B) LOS objects, 40% free, 21MB/35MB, paused 182us total 13.711ms
08-04 21:46:09.768  9688  9700 I art     : Starting a blocking GC Explicit
08-04 21:46:09.783  9688  9700 I art     : Explicit concurrent mark sweep GC freed 24(1024B) AllocSpace objects, 0(0B) LOS objects, 40% free, 21MB/35MB, paused 178us total 15.399ms
08-04 21:46:09.794  9688  9700 I art     : Starting a blocking GC Explicit
08-04 21:46:09.808  9688  9700 I art     : Explicit concurrent mark sweep GC freed 3(96B) AllocSpace objects, 0(0B) LOS objects, 40% free, 21MB/35MB, paused 175us total 13.948ms
08-04 21:46:09.817  9688  9700 I art     : Starting a blocking GC Explicit
08-04 21:46:09.821   380   380 W SurfaceFlinger: couldn't log to binary event log: overflow.
08-04 21:46:09.829  9688  9700 I art     : Explicit concurrent mark sweep GC freed 3(96B) AllocSpace objects, 0(0B) LOS objects, 40% free, 21MB/35MB, paused 119us total 12.286ms
08-04 21:46:09.906  9982  9982 D AndroidRuntime: >>>>>> START com.android.internal.os.RuntimeInit uid 2000 <<<<<<
08-04 21:46:09.911  9982  9982 D AndroidRuntime: CheckJNI is OFF
08-04 21:46:09.935  9982  9982 D ICU     : No timezone override file found: /data/misc/zoneinfo/current/icu/icu_tzdata.dat
08-04 21:46:09.964  9982  9982 I Radio-JNI: register_android_hardware_Radio DONE
08-04 21:46:09.970   512  2967 D audio_hw_primary: disable_audio_route: reset and update mixer path: low-latency-playback speaker
08-04 21:46:09.971   512  2967 D audio_hw_primary: disable_snd_device: snd_device(2: speaker)
08-04 21:46:09.979   512  2967 I soundtrigger: audio_extn_sound_trigger_update_device_status: device 0x2 of type 0 for Event 0
08-04 21:46:09.980  9982  9982 D AndroidRuntime: Calling main entry com.android.commands.input.Input
08-04 21:46:09.982  9982  9982 I Input   : injectMotionEvent: MotionEvent { action=ACTION_DOWN, actionButton=0, id[0]=0, x[0]=216.0, y[0]=853.0, toolType[0]=TOOL_TYPE_UNKNOWN, buttonState=0, metaState=0, flags=0x0, edgeFlags=0x0, pointerCount=1, historySize=0, eventTime=740786395, downTime=740786395, deviceId=0, source=0x1002 }
08-04 21:46:09.987  9982  9982 I Input   : injectMotionEvent: MotionEvent { action=ACTION_UP, actionButton=0, id[0]=0, x[0]=216.0, y[0]=853.0, toolType[0]=TOOL_TYPE_UNKNOWN, buttonState=0, metaState=0, flags=0x0, edgeFlags=0x0, pointerCount=1, historySize=0, eventTime=740786395, downTime=740786395, deviceId=0, source=0x1002 }
08-04 21:46:09.990  9982  9982 D AndroidRuntime: Shutting down VM
08-04 21:46:10.053   918  3696 I ActivityManager: START u0 {act=android.intent.action.MAIN cmp=baseline.org.quantumbadger.redreader/.settings.SettingsActivity (has extras)} from uid 10666 on display 0
08-04 21:46:10.055   512  2967 D audio_hw_primary: out_set_parameters: enter: usecase(1: low-latency-playback) kvpairs: routing=2
08-04 21:46:10.066  9688  9750 I art     : Starting a blocking GC Explicit
08-04 21:46:10.068   512  2967 D audio_hw_primary: select_devices: out_snd_device(2: speaker) in_snd_device(0: none)
08-04 21:46:10.068   512  2967 D msm8974_platform: platform_send_audio_calibration: sending audio calibration for snd_device(2) acdb_id(15)
08-04 21:46:10.068   512  2967 I soundtrigger: audio_extn_sound_trigger_update_device_status: device 0x2 of type 0 for Event 1
08-04 21:46:10.078  9688  9750 I art     : Explicit concurrent mark sweep GC freed 1871(113KB) AllocSpace objects, 1(20KB) LOS objects, 40% free, 21MB/35MB, paused 240us total 12.370ms
08-04 21:46:10.080   512  2967 D audio_hw_primary: enable_snd_device: snd_device(2: speaker)
08-04 21:46:10.082   512  2967 D audio_hw_primary: enable_audio_route: apply and update mixer path: low-latency-playback speaker
08-04 21:46:10.087  9688  9750 I art     : Starting a blocking GC Explicit
08-04 21:46:10.105  9688  9750 I art     : Explicit concurrent mark sweep GC freed 570(87KB) AllocSpace objects, 1(20KB) LOS objects, 40% free, 21MB/35MB, paused 410us total 17.189ms
08-04 21:46:10.113  9688  9750 I art     : Starting a blocking GC Explicit
08-04 21:46:10.124   512  2967 D AudioFlinger: mixer(0xf4740000) throttle end: throttle time(12)
08-04 21:46:10.126  9688  9750 I art     : Explicit concurrent mark sweep GC freed 465(27KB) AllocSpace objects, 0(0B) LOS objects, 40% free, 21MB/35MB, paused 146us total 12.726ms
08-04 21:46:10.134  9688  9750 I art     : Starting a blocking GC Explicit
08-04 21:46:10.146  9688  9750 I art     : Explicit concurrent mark sweep GC freed 60(2736B) AllocSpace objects, 0(0B) LOS objects, 40% free, 21MB/35MB, paused 212us total 11.704ms
08-04 21:46:10.154  9688  9750 I art     : Starting a blocking GC Explicit
08-04 21:46:10.167  9688  9750 I art     : Explicit concurrent mark sweep GC freed 6695(297KB) AllocSpace objects, 0(0B) LOS objects, 40% free, 21MB/36MB, paused 430us total 13.482ms
08-04 21:46:10.337   918   936 I ActivityManager: Displayed baseline.org.quantumbadger.redreader/.settings.SettingsActivity: +275ms
08-04 21:46:10.338 13866 13866 I GoogleInputMethodServic: GoogleInputMethodService.onFinishInput():3138 
08-04 21:46:10.339 13866 13866 I GoogleInputMethodServic: GoogleInputMethodService.onStartInput():1808 
08-04 21:46:10.357  9688  9707 D OpenGLRenderer: endAllStagingAnimators on 0x7f805fb400 (ListView) with handle 0x7f9a1f2ce0
08-04 21:46:10.398  9688  9750 I art     : Starting a blocking GC Explicit
08-04 21:46:10.417  9688  9750 I art     : Explicit concurrent mark sweep GC freed 72316(2MB) AllocSpace objects, 1(20KB) LOS objects, 40% free, 22MB/37MB, paused 138us total 18.878ms
08-04 21:46:10.426  9688  9750 I art     : Starting a blocking GC Explicit
08-04 21:46:10.440  9688  9750 I art     : Explicit concurrent mark sweep GC freed 2504(220KB) AllocSpace objects, 0(0B) LOS objects, 40% free, 22MB/36MB, paused 132us total 14.619ms
08-04 21:46:10.450  9688  9750 I art     : Starting a blocking GC Explicit
08-04 21:46:10.467  9688  9750 I art     : Explicit concurrent mark sweep GC freed 3(96B) AllocSpace objects, 0(0B) LOS objects, 40% free, 22MB/36MB, paused 139us total 16.333ms
08-04 21:46:10.476  9688  9750 I art     : Starting a blocking GC Explicit
08-04 21:46:10.492  9688  9750 I art     : Explicit concurrent mark sweep GC freed 7(288B) AllocSpace objects, 0(0B) LOS objects, 40% free, 22MB/36MB, paused 151us total 15.840ms
08-04 21:46:10.512  9688  9750 I art     : Starting a blocking GC Explicit
08-04 21:46:10.536  9688  9750 I art     : Explicit concurrent mark sweep GC freed 55(2256B) AllocSpace objects, 0(0B) LOS objects, 40% free, 22MB/36MB, paused 176us total 23.738ms
08-04 21:46:10.558 10014 10014 D AndroidRuntime: >>>>>> START com.android.internal.os.RuntimeInit uid 2000 <<<<<<
08-04 21:46:10.563 10014 10014 D AndroidRuntime: CheckJNI is OFF
08-04 21:46:10.572   380   380 W SurfaceFlinger: couldn't log to binary event log: overflow.
08-04 21:46:10.591 10014 10014 D ICU     : No timezone override file found: /data/misc/zoneinfo/current/icu/icu_tzdata.dat
08-04 21:46:10.609   512  2967 D audio_hw_primary: disable_audio_route: reset and update mixer path: low-latency-playback speaker
08-04 21:46:10.609   512  2967 D audio_hw_primary: disable_snd_device: snd_device(2: speaker)
08-04 21:46:10.614 10014 10014 I Radio-JNI: register_android_hardware_Radio DONE
08-04 21:46:10.617   512  2967 I soundtrigger: audio_extn_sound_trigger_update_device_status: device 0x2 of type 0 for Event 0
08-04 21:46:10.629 10014 10014 D AndroidRuntime: Calling main entry com.android.commands.input.Input
08-04 21:46:10.630 10014 10014 I Input   : injectMotionEvent: MotionEvent { action=ACTION_DOWN, actionButton=0, id[0]=0, x[0]=1318.0, y[0]=1194.0, toolType[0]=TOOL_TYPE_UNKNOWN, buttonState=0, metaState=0, flags=0x0, edgeFlags=0x0, pointerCount=1, historySize=0, eventTime=740787043, downTime=740787043, deviceId=0, source=0x1002 }
08-04 21:46:10.634 10014 10014 I Input   : injectMotionEvent: MotionEvent { action=ACTION_UP, actionButton=0, id[0]=0, x[0]=1318.0, y[0]=1194.0, toolType[0]=TOOL_TYPE_UNKNOWN, buttonState=0, metaState=0, flags=0x0, edgeFlags=0x0, pointerCount=1, historySize=0, eventTime=740787043, downTime=740787043, deviceId=0, source=0x1002 }
08-04 21:46:10.636 10014 10014 D AndroidRuntime: Shutting down VM
08-04 21:46:10.715   512  2967 D audio_hw_primary: out_set_parameters: enter: usecase(1: low-latency-playback) kvpairs: routing=2
08-04 21:46:10.728   512  2967 D audio_hw_primary: select_devices: out_snd_device(2: speaker) in_snd_device(0: none)
08-04 21:46:10.728   512  2967 D msm8974_platform: platform_send_audio_calibration: sending audio calibration for snd_device(2) acdb_id(15)
08-04 21:46:10.728   512  2967 I soundtrigger: audio_extn_sound_trigger_update_device_status: device 0x2 of type 0 for Event 1
08-04 21:46:10.739   512  2967 D audio_hw_primary: enable_snd_device: snd_device(2: speaker)
08-04 21:46:10.741   512  2967 D audio_hw_primary: enable_audio_route: apply and update mixer path: low-latency-playback speaker
08-04 21:46:10.784   512  2967 D AudioFlinger: mixer(0xf4740000) throttle end: throttle time(12)
08-04 21:46:10.795  9688  9701 I art     : Starting a blocking GC Explicit
08-04 21:46:10.813  9688  9701 I art     : Explicit concurrent mark sweep GC freed 2027(124KB) AllocSpace objects, 2(40KB) LOS objects, 40% free, 22MB/36MB, paused 127us total 17.205ms
08-04 21:46:10.822  9688  9701 I art     : Starting a blocking GC Explicit
08-04 21:46:10.839  9688  9701 I art     : Explicit concurrent mark sweep GC freed 56(2144B) AllocSpace objects, 0(0B) LOS objects, 40% free, 22MB/36MB, paused 208us total 16.216ms
08-04 21:46:10.848  9688  9701 I art     : Starting a blocking GC Explicit
08-04 21:46:10.863  9688  9701 I art     : Explicit concurrent mark sweep GC freed 16(640B) AllocSpace objects, 0(0B) LOS objects, 40% free, 22MB/36MB, paused 130us total 15.246ms
08-04 21:46:10.874  9688  9701 I art     : Starting a blocking GC Explicit
08-04 21:46:10.887  9688  9701 I art     : Explicit concurrent mark sweep GC freed 30(1200B) AllocSpace objects, 0(0B) LOS objects, 40% free, 22MB/36MB, paused 149us total 13.692ms
08-04 21:46:10.896  9688  9701 I art     : Starting a blocking GC Explicit
08-04 21:46:10.900   719   760 I WorkerManager: dispose()
08-04 21:46:10.900   719   760 W ThreadPoolDumper: Queue length for executor EventBus is now 11. Perhaps some tasks are too long, or the pool is too small.
08-04 21:46:10.910  9688  9701 I art     : Explicit concurrent mark sweep GC freed 32(1408B) AllocSpace objects, 0(0B) LOS objects, 40% free, 22MB/36MB, paused 129us total 13.469ms
08-04 21:46:11.140  9688  9701 I art     : Starting a blocking GC Explicit
08-04 21:46:11.155  9688  9701 I art     : Explicit concurrent mark sweep GC freed 1460(83KB) AllocSpace objects, 1(20KB) LOS objects, 40% free, 22MB/36MB, paused 145us total 14.976ms
08-04 21:46:11.164  9688  9701 I art     : Starting a blocking GC Explicit
08-04 21:46:11.167 10045 10045 D AndroidRuntime: >>>>>> START com.android.internal.os.RuntimeInit uid 2000 <<<<<<
08-04 21:46:11.170 10045 10045 D AndroidRuntime: CheckJNI is OFF
08-04 21:46:11.178  9688  9701 I art     : Explicit concurrent mark sweep GC freed 64(2224B) AllocSpace objects, 0(0B) LOS objects, 40% free, 22MB/36MB, paused 139us total 13.746ms
08-04 21:46:11.186  9688  9701 I art     : Starting a blocking GC Explicit
08-04 21:46:11.196 10045 10045 D ICU     : No timezone override file found: /data/misc/zoneinfo/current/icu/icu_tzdata.dat
08-04 21:46:11.200  9688  9701 I art     : Explicit concurrent mark sweep GC freed 16(560B) AllocSpace objects, 0(0B) LOS objects, 40% free, 22MB/36MB, paused 133us total 13.733ms
08-04 21:46:11.207   518   646 I ThermalEngine: ACTION: GPU - Setting GPU[0] to 510000000
08-04 21:46:11.210  9688  9701 I art     : Starting a blocking GC Explicit
08-04 21:46:11.225 10045 10045 I Radio-JNI: register_android_hardware_Radio DONE
08-04 21:46:11.227  9688  9701 I art     : Explicit concurrent mark sweep GC freed 16(608B) AllocSpace objects, 0(0B) LOS objects, 40% free, 22MB/36MB, paused 185us total 16.681ms
08-04 21:46:11.238  9688  9701 I art     : Starting a blocking GC Explicit
08-04 21:46:11.247 10045 10045 D AndroidRuntime: Calling main entry com.android.commands.input.Input
08-04 21:46:11.249 10045 10045 I Input   : injectMotionEvent: MotionEvent { action=ACTION_DOWN, actionButton=0, id[0]=0, x[0]=1309.0, y[0]=1701.0, toolType[0]=TOOL_TYPE_UNKNOWN, buttonState=0, metaState=0, flags=0x0, edgeFlags=0x0, pointerCount=1, historySize=0, eventTime=740787661, downTime=740787661, deviceId=0, source=0x1002 }
08-04 21:46:11.252 10045 10045 I Input   : injectMotionEvent: MotionEvent { action=ACTION_UP, actionButton=0, id[0]=0, x[0]=1309.0, y[0]=1701.0, toolType[0]=TOOL_TYPE_UNKNOWN, buttonState=0, metaState=0, flags=0x0, edgeFlags=0x0, pointerCount=1, historySize=0, eventTime=740787661, downTime=740787661, deviceId=0, source=0x1002 }
08-04 21:46:11.254 10045 10045 D AndroidRuntime: Shutting down VM
08-04 21:46:11.255  9688  9701 I art     : Explicit concurrent mark sweep GC freed 29(944B) AllocSpace objects, 0(0B) LOS objects, 40% free, 22MB/36MB, paused 210us total 16.897ms
08-04 21:46:11.289   512  2967 D audio_hw_primary: disable_audio_route: reset and update mixer path: low-latency-playback speaker
08-04 21:46:11.290   512  2967 D audio_hw_primary: disable_snd_device: snd_device(2: speaker)
08-04 21:46:11.298   512  2967 I soundtrigger: audio_extn_sound_trigger_update_device_status: device 0x2 of type 0 for Event 0
08-04 21:46:11.320   512  2967 D audio_hw_primary: out_set_parameters: enter: usecase(1: low-latency-playback) kvpairs: routing=2
08-04 21:46:11.333   512  2967 D audio_hw_primary: select_devices: out_snd_device(2: speaker) in_snd_device(0: none)
08-04 21:46:11.333   512  2967 D msm8974_platform: platform_send_audio_calibration: sending audio calibration for snd_device(2) acdb_id(15)
08-04 21:46:11.333   512  2967 I soundtrigger: audio_extn_sound_trigger_update_device_status: device 0x2 of type 0 for Event 1
08-04 21:46:11.346   512  2967 D audio_hw_primary: enable_snd_device: snd_device(2: speaker)
08-04 21:46:11.348   512  2967 D audio_hw_primary: enable_audio_route: apply and update mixer path: low-latency-playback speaker
08-04 21:46:11.395   512  2967 D AudioFlinger: mixer(0xf4740000) throttle end: throttle time(12)
08-04 21:46:11.527  9688  9750 I art     : Starting a blocking GC Explicit
08-04 21:46:11.546  9688  9750 I art     : Explicit concurrent mark sweep GC freed 2160(130KB) AllocSpace objects, 2(40KB) LOS objects, 40% free, 22MB/37MB, paused 164us total 18.754ms
08-04 21:46:11.558  9688  9750 I art     : Starting a blocking GC Explicit
08-04 21:46:11.577  9688  9750 I art     : Explicit concurrent mark sweep GC freed 101(3KB) AllocSpace objects, 0(0B) LOS objects, 40% free, 22MB/37MB, paused 178us total 18.597ms
08-04 21:46:11.588  9688  9750 I art     : Starting a blocking GC Explicit
08-04 21:46:11.605  9688  9750 I art     : Explicit concurrent mark sweep GC freed 14(496B) AllocSpace objects, 0(0B) LOS objects, 40% free, 22MB/37MB, paused 164us total 17.132ms
08-04 21:46:11.616  9688  9750 I art     : Starting a blocking GC Explicit
08-04 21:46:11.633  9688  9750 I art     : Explicit concurrent mark sweep GC freed 17(640B) AllocSpace objects, 0(0B) LOS objects, 40% free, 22MB/37MB, paused 163us total 16.808ms
08-04 21:46:11.644  9688  9750 I art     : Starting a blocking GC Explicit
08-04 21:46:11.661  9688  9750 I art     : Explicit concurrent mark sweep GC freed 22(800B) AllocSpace objects, 0(0B) LOS objects, 40% free, 22MB/37MB, paused 162us total 16.815ms
08-04 21:46:11.877 10079 10079 D AndroidRuntime: >>>>>> START com.android.internal.os.RuntimeInit uid 2000 <<<<<<
08-04 21:46:11.881 10079 10079 D AndroidRuntime: CheckJNI is OFF
08-04 21:46:11.888   512  2967 D audio_hw_primary: disable_audio_route: reset and update mixer path: low-latency-playback speaker
08-04 21:46:11.889   512  2967 D audio_hw_primary: disable_snd_device: snd_device(2: speaker)
08-04 21:46:11.898   512  2967 I soundtrigger: audio_extn_sound_trigger_update_device_status: device 0x2 of type 0 for Event 0
08-04 21:46:11.913 10079 10079 D ICU     : No timezone override file found: /data/misc/zoneinfo/current/icu/icu_tzdata.dat
08-04 21:46:11.926  9688  9750 I art     : Starting a blocking GC Explicit
08-04 21:46:11.944  9688  9750 I art     : Explicit concurrent mark sweep GC freed 1486(84KB) AllocSpace objects, 1(20KB) LOS objects, 40% free, 22MB/37MB, paused 168us total 17.543ms
08-04 21:46:11.944 10079 10079 I Radio-JNI: register_android_hardware_Radio DONE
08-04 21:46:11.955  9688  9750 I art     : Starting a blocking GC Explicit
08-04 21:46:11.966 10079 10079 D AndroidRuntime: Calling main entry com.android.commands.input.Input
08-04 21:46:11.968 10079 10079 I Input   : injectMotionEvent: MotionEvent { action=ACTION_DOWN, actionButton=0, id[0]=0, x[0]=477.0, y[0]=805.0, toolType[0]=TOOL_TYPE_UNKNOWN, buttonState=0, metaState=0, flags=0x0, edgeFlags=0x0, pointerCount=1, historySize=0, eventTime=740788381, downTime=740788381, deviceId=0, source=0x1002 }
08-04 21:46:11.971 10079 10079 I Input   : injectMotionEvent: MotionEvent { action=ACTION_UP, actionButton=0, id[0]=0, x[0]=477.0, y[0]=805.0, toolType[0]=TOOL_TYPE_UNKNOWN, buttonState=0, metaState=0, flags=0x0, edgeFlags=0x0, pointerCount=1, historySize=0, eventTime=740788381, downTime=740788381, deviceId=0, source=0x1002 }
08-04 21:46:11.972  9688  9750 I art     : Explicit concurrent mark sweep GC freed 59(1952B) AllocSpace objects, 0(0B) LOS objects, 40% free, 22MB/37MB, paused 153us total 16.938ms
08-04 21:46:11.974 10079 10079 D AndroidRuntime: Shutting down VM
08-04 21:46:11.984  9688  9750 I art     : Starting a blocking GC Explicit
08-04 21:46:12.001  9688  9750 I art     : Explicit concurrent mark sweep GC freed 34(1232B) AllocSpace objects, 0(0B) LOS objects, 40% free, 22MB/37MB, paused 162us total 16.870ms
08-04 21:46:12.012  9688  9750 I art     : Starting a blocking GC Explicit
08-04 21:46:12.029  9688  9750 I art     : Explicit concurrent mark sweep GC freed 12(384B) AllocSpace objects, 0(0B) LOS objects, 40% free, 22MB/37MB, paused 151us total 16.613ms
08-04 21:46:12.040   512  2967 D audio_hw_primary: out_set_parameters: enter: usecase(1: low-latency-playback) kvpairs: routing=2
08-04 21:46:12.040  9688  9750 I art     : Starting a blocking GC Explicit
08-04 21:46:12.053   512  2967 D audio_hw_primary: select_devices: out_snd_device(2: speaker) in_snd_device(0: none)
08-04 21:46:12.053   512  2967 D msm8974_platform: platform_send_audio_calibration: sending audio calibration for snd_device(2) acdb_id(15)
08-04 21:46:12.053   512  2967 I soundtrigger: audio_extn_sound_trigger_update_device_status: device 0x2 of type 0 for Event 1
08-04 21:46:12.060  9688  9750 I art     : Explicit concurrent mark sweep GC freed 339(52KB) AllocSpace objects, 0(0B) LOS objects, 40% free, 22MB/37MB, paused 437us total 19.937ms
08-04 21:46:12.064   512  2967 D audio_hw_primary: enable_snd_device: snd_device(2: speaker)
08-04 21:46:12.066   512  2967 D audio_hw_primary: enable_audio_route: apply and update mixer path: low-latency-playback speaker
08-04 21:46:12.108   512  2967 D AudioFlinger: mixer(0xf4740000) throttle end: throttle time(12)
08-04 21:46:12.210   518   646 I ThermalEngine: ACTION: GPU - Setting GPU[0] to 450000000
08-04 21:46:12.328  9688  9750 I art     : Starting a blocking GC Explicit
08-04 21:46:12.356  9688  9750 I art     : Explicit concurrent mark sweep GC freed 2435(161KB) AllocSpace objects, 1(20KB) LOS objects, 40% free, 22MB/37MB, paused 299us total 28.096ms
08-04 21:46:12.372  9688  9750 I art     : Starting a blocking GC Explicit
08-04 21:46:12.398  9688  9750 I art     : Explicit concurrent mark sweep GC freed 129(5KB) AllocSpace objects, 0(0B) LOS objects, 40% free, 22MB/37MB, paused 227us total 25.374ms
08-04 21:46:12.414  9688  9750 I art     : Starting a blocking GC Explicit
08-04 21:46:12.441  9688  9750 I art     : Explicit concurrent mark sweep GC freed 7(224B) AllocSpace objects, 0(0B) LOS objects, 40% free, 22MB/37MB, paused 246us total 26.616ms
08-04 21:46:12.457  9688  9750 I art     : Starting a blocking GC Explicit
08-04 21:46:12.484  9688  9750 I art     : Explicit concurrent mark sweep GC freed 5(192B) AllocSpace objects, 0(0B) LOS objects, 40% free, 22MB/37MB, paused 237us total 26.865ms
08-04 21:46:12.502  9688  9750 I art     : Starting a blocking GC Explicit
08-04 21:46:12.529  9688  9750 I art     : Explicit concurrent mark sweep GC freed 5(160B) AllocSpace objects, 0(0B) LOS objects, 40% free, 22MB/37MB, paused 209us total 27.319ms
08-04 21:46:12.600   512  2967 D audio_hw_primary: disable_audio_route: reset and update mixer path: low-latency-playback speaker
08-04 21:46:12.602   512  2967 D audio_hw_primary: disable_snd_device: snd_device(2: speaker)
08-04 21:46:12.612   512  2967 I soundtrigger: audio_extn_sound_trigger_update_device_status: device 0x2 of type 0 for Event 0
08-04 21:46:12.751 10103 10103 D AndroidRuntime: >>>>>> START com.android.internal.os.RuntimeInit uid 2000 <<<<<<
08-04 21:46:12.758 10103 10103 D AndroidRuntime: CheckJNI is OFF
08-04 21:46:12.802 10103 10103 D ICU     : No timezone override file found: /data/misc/zoneinfo/current/icu/icu_tzdata.dat
08-04 21:46:12.828  9688  9701 I art     : Starting a blocking GC Explicit
08-04 21:46:12.847 10103 10103 I Radio-JNI: register_android_hardware_Radio DONE
08-04 21:46:12.856  9688  9701 I art     : Explicit concurrent mark sweep GC freed 1337(78KB) AllocSpace objects, 1(20KB) LOS objects, 40% free, 22MB/37MB, paused 302us total 27.997ms
08-04 21:46:12.873  9688  9701 I art     : Starting a blocking GC Explicit
08-04 21:46:12.879 10103 10103 D AndroidRuntime: Calling main entry com.android.commands.input.Input
08-04 21:46:12.881 10103 10103 I Input   : injectMotionEvent: MotionEvent { action=ACTION_DOWN, actionButton=0, id[0]=0, x[0]=463.0, y[0]=464.0, toolType[0]=TOOL_TYPE_UNKNOWN, buttonState=0, metaState=0, flags=0x0, edgeFlags=0x0, pointerCount=1, historySize=0, eventTime=740789294, downTime=740789294, deviceId=0, source=0x1002 }
08-04 21:46:12.888 10103 10103 I Input   : injectMotionEvent: MotionEvent { action=ACTION_UP, actionButton=0, id[0]=0, x[0]=463.0, y[0]=464.0, toolType[0]=TOOL_TYPE_UNKNOWN, buttonState=0, metaState=0, flags=0x0, edgeFlags=0x0, pointerCount=1, historySize=0, eventTime=740789294, downTime=740789294, deviceId=0, source=0x1002 }
08-04 21:46:12.892 10103 10103 D AndroidRuntime: Shutting down VM
08-04 21:46:12.900  9688  9701 I art     : Explicit concurrent mark sweep GC freed 34(1120B) AllocSpace objects, 0(0B) LOS objects, 40% free, 22MB/37MB, paused 239us total 26.416ms
08-04 21:46:12.915  9688  9701 I art     : Starting a blocking GC Explicit
08-04 21:46:12.945  9688  9701 I art     : Explicit concurrent mark sweep GC freed 10(384B) AllocSpace objects, 0(0B) LOS objects, 40% free, 22MB/37MB, paused 277us total 29.477ms
08-04 21:46:12.960   512  2967 D audio_hw_primary: out_set_parameters: enter: usecase(1: low-latency-playback) kvpairs: routing=2
08-04 21:46:12.962  9688  9701 I art     : Starting a blocking GC Explicit
08-04 21:46:12.973   512  2967 D audio_hw_primary: select_devices: out_snd_device(2: speaker) in_snd_device(0: none)
08-04 21:46:12.973   512  2967 D msm8974_platform: platform_send_audio_calibration: sending audio calibration for snd_device(2) acdb_id(15)
08-04 21:46:12.973   512  2967 I soundtrigger: audio_extn_sound_trigger_update_device_status: device 0x2 of type 0 for Event 1
08-04 21:46:12.976   918  6110 W InputMethodManagerService: Window already focused, ignoring focus gain of: com.android.internal.view.IInputMethodClient$Stub$Proxy@dc7766b attribute=null, token = android.os.BinderProxy@af2157
08-04 21:46:12.982   512  2967 D audio_hw_primary: enable_snd_device: snd_device(2: speaker)
08-04 21:46:12.985   512  2967 D audio_hw_primary: enable_audio_route: apply and update mixer path: low-latency-playback speaker
08-04 21:46:12.987  9688  9701 I art     : Explicit concurrent mark sweep GC freed 120(17KB) AllocSpace objects, 1(20KB) LOS objects, 40% free, 22MB/37MB, paused 276us total 25.045ms
08-04 21:46:13.002  9688  9701 I art     : Starting a blocking GC Explicit
08-04 21:46:13.025  9688  9701 I art     : Explicit concurrent mark sweep GC freed 274(14KB) AllocSpace objects, 0(0B) LOS objects, 40% free, 22MB/37MB, paused 211us total 23.606ms
08-04 21:46:13.026   512  2967 D AudioFlinger: mixer(0xf4740000) throttle end: throttle time(12)
08-04 21:46:13.175   380   380 W SurfaceFlinger: couldn't log to binary event log: overflow.
08-04 21:46:13.295  9688  9700 I art     : Starting a blocking GC Explicit
08-04 21:46:13.320  9688  9700 I art     : Explicit concurrent mark sweep GC freed 1363(79KB) AllocSpace objects, 1(20KB) LOS objects, 40% free, 22MB/37MB, paused 220us total 25.301ms
08-04 21:46:13.335  9688  9700 I art     : Starting a blocking GC Explicit
08-04 21:46:13.360  9688  9700 I art     : Explicit concurrent mark sweep GC freed 20(704B) AllocSpace objects, 0(0B) LOS objects, 40% free, 22MB/37MB, paused 230us total 24.587ms
08-04 21:46:13.375  9688  9700 I art     : Starting a blocking GC Explicit
08-04 21:46:13.400  9688  9700 I art     : Explicit concurrent mark sweep GC freed 3(96B) AllocSpace objects, 0(0B) LOS objects, 40% free, 22MB/37MB, paused 229us total 24.343ms
08-04 21:46:13.415  9688  9700 I art     : Starting a blocking GC Explicit
08-04 21:46:13.440  9688  9700 I art     : Explicit concurrent mark sweep GC freed 3(96B) AllocSpace objects, 0(0B) LOS objects, 40% free, 22MB/37MB, paused 229us total 24.357ms
08-04 21:46:13.440  9688  9699 I art     : WaitForGcToComplete blocked for 24.669ms for cause HeapTrim
08-04 21:46:13.455  9688  9700 I art     : Starting a blocking GC Explicit
08-04 21:46:13.480  9688  9700 I art     : Explicit concurrent mark sweep GC freed 3(96B) AllocSpace objects, 0(0B) LOS objects, 40% free, 22MB/37MB, paused 225us total 24.768ms
08-04 21:46:13.519   512  2967 D audio_hw_primary: disable_audio_route: reset and update mixer path: low-latency-playback speaker
08-04 21:46:13.520   512  2967 D audio_hw_primary: disable_snd_device: snd_device(2: speaker)
08-04 21:46:13.528   512  2967 I soundtrigger: audio_extn_sound_trigger_update_device_status: device 0x2 of type 0 for Event 0
08-04 21:46:13.670 10134 10134 D AndroidRuntime: >>>>>> START com.android.internal.os.RuntimeInit uid 2000 <<<<<<
08-04 21:46:13.676 10134 10134 D AndroidRuntime: CheckJNI is OFF
08-04 21:46:13.719 10134 10134 D ICU     : No timezone override file found: /data/misc/zoneinfo/current/icu/icu_tzdata.dat
08-04 21:46:13.752  9688  9914 I art     : Starting a blocking GC Explicit
08-04 21:46:13.763 10134 10134 I Radio-JNI: register_android_hardware_Radio DONE
08-04 21:46:13.778  9688  9914 I art     : Explicit concurrent mark sweep GC freed 1439(83KB) AllocSpace objects, 1(20KB) LOS objects, 40% free, 22MB/37MB, paused 315us total 25.437ms
08-04 21:46:13.793 10134 10134 D AndroidRuntime: Calling main entry com.android.commands.input.Input
08-04 21:46:13.794  9688  9914 I art     : Starting a blocking GC Explicit
08-04 21:46:13.795 10134 10134 I Input   : injectKeyEvent: KeyEvent { action=ACTION_DOWN, keyCode=KEYCODE_BACK, scanCode=0, metaState=0, flags=0x0, repeatCount=0, eventTime=740790208, downTime=740790208, deviceId=-1, source=0x101 }
08-04 21:46:13.800 10134 10134 I Input   : injectKeyEvent: KeyEvent { action=ACTION_UP, keyCode=KEYCODE_BACK, scanCode=0, metaState=0, flags=0x0, repeatCount=0, eventTime=740790208, downTime=740790208, deviceId=-1, source=0x101 }
08-04 21:46:13.807 10134 10134 D AndroidRuntime: Shutting down VM
08-04 21:46:13.817  9688  9914 I art     : Explicit concurrent mark sweep GC freed 1809(121KB) AllocSpace objects, 0(0B) LOS objects, 40% free, 22MB/37MB, paused 235us total 23.080ms
08-04 21:46:13.832  9688  9914 I art     : Starting a blocking GC Explicit
08-04 21:46:13.848 13866 13866 I GoogleInputMethodServic: GoogleInputMethodService.onFinishInput():3138 
08-04 21:46:13.849 13866 13866 I GoogleInputMethodServic: GoogleInputMethodService.onStartInput():1808 
08-04 21:46:13.855  9688  9914 I art     : Explicit concurrent mark sweep GC freed 34(2496B) AllocSpace objects, 0(0B) LOS objects, 40% free, 22MB/37MB, paused 245us total 22.256ms
08-04 21:46:13.869  9688  9914 I art     : Starting a blocking GC Explicit
08-04 21:46:13.892  9688  9914 I art     : Explicit concurrent mark sweep GC freed 44(1584B) AllocSpace objects, 0(0B) LOS objects, 40% free, 22MB/37MB, paused 244us total 22.590ms
08-04 21:46:13.907  9688  9914 I art     : Starting a blocking GC Explicit
08-04 21:46:13.928  9688  9914 I art     : Explicit concurrent mark sweep GC freed 12(416B) AllocSpace objects, 0(0B) LOS objects, 40% free, 22MB/37MB, paused 205us total 20.608ms
08-04 21:46:14.142   380   380 W SurfaceFlinger: couldn't log to binary event log: overflow.
08-04 21:46:14.193  9688  9700 I art     : Starting a blocking GC Explicit
08-04 21:46:14.217  9688  9700 I art     : Explicit concurrent mark sweep GC freed 1385(80KB) AllocSpace objects, 1(20KB) LOS objects, 40% free, 22MB/37MB, paused 233us total 23.667ms
08-04 21:46:14.232  9688  9700 I art     : Starting a blocking GC Explicit
08-04 21:46:14.254  9688  9700 I art     : Explicit concurrent mark sweep GC freed 11984(575KB) AllocSpace objects, 7(340KB) LOS objects, 40% free, 21MB/35MB, paused 221us total 21.607ms
08-04 21:46:14.268  9688  9700 I art     : Starting a blocking GC Explicit
08-04 21:46:14.287  9688  9700 I art     : Explicit concurrent mark sweep GC freed 3(96B) AllocSpace objects, 0(0B) LOS objects, 40% free, 21MB/35MB, paused 245us total 18.969ms
08-04 21:46:14.301  9688  9700 I art     : Starting a blocking GC Explicit
08-04 21:46:14.320  9688  9700 I art     : Explicit concurrent mark sweep GC freed 3(96B) AllocSpace objects, 0(0B) LOS objects, 40% free, 21MB/35MB, paused 223us total 18.324ms
08-04 21:46:14.333  9688  9700 I art     : Starting a blocking GC Explicit
08-04 21:46:14.352  9688  9700 I art     : Explicit concurrent mark sweep GC freed 3(96B) AllocSpace objects, 0(0B) LOS objects, 40% free, 21MB/35MB, paused 220us total 18.686ms
08-04 21:46:14.567 10167 10167 D AndroidRuntime: >>>>>> START com.android.internal.os.RuntimeInit uid 2000 <<<<<<
08-04 21:46:14.573 10167 10167 D AndroidRuntime: CheckJNI is OFF
08-04 21:46:14.616 10167 10167 D ICU     : No timezone override file found: /data/misc/zoneinfo/current/icu/icu_tzdata.dat
08-04 21:46:14.628  9688  9701 I art     : Starting a blocking GC Explicit
08-04 21:46:14.648  9688  9701 I art     : Explicit concurrent mark sweep GC freed 1337(78KB) AllocSpace objects, 1(20KB) LOS objects, 40% free, 21MB/35MB, paused 260us total 19.409ms
08-04 21:46:14.659 10167 10167 I Radio-JNI: register_android_hardware_Radio DONE
08-04 21:46:14.661  9688  9701 I art     : Starting a blocking GC Explicit
08-04 21:46:14.681  9688  9701 I art     : Explicit concurrent mark sweep GC freed 20(704B) AllocSpace objects, 0(0B) LOS objects, 40% free, 21MB/35MB, paused 248us total 19.075ms
08-04 21:46:14.689 10167 10167 D AndroidRuntime: Calling main entry com.android.commands.input.Input
08-04 21:46:14.691 10167 10167 I Input   : injectKeyEvent: KeyEvent { action=ACTION_DOWN, keyCode=KEYCODE_BACK, scanCode=0, metaState=0, flags=0x0, repeatCount=0, eventTime=740791104, downTime=740791104, deviceId=-1, source=0x101 }
08-04 21:46:14.695  9688  9701 I art     : Starting a blocking GC Explicit
08-04 21:46:14.697 10167 10167 I Input   : injectKeyEvent: KeyEvent { action=ACTION_UP, keyCode=KEYCODE_BACK, scanCode=0, metaState=0, flags=0x0, repeatCount=0, eventTime=740791104, downTime=740791104, deviceId=-1, source=0x101 }
08-04 21:46:14.704 10167 10167 D AndroidRuntime: Shutting down VM
08-04 21:46:14.715  9688  9701 I art     : Explicit concurrent mark sweep GC freed 8(704B) AllocSpace objects, 0(0B) LOS objects, 40% free, 21MB/35MB, paused 461us total 19.763ms
08-04 21:46:14.729  9688  9701 I art     : Starting a blocking GC Explicit
08-04 21:46:14.748  9688  9701 I art     : Explicit concurrent mark sweep GC freed 112(5KB) AllocSpace objects, 0(0B) LOS objects, 40% free, 21MB/35MB, paused 236us total 19.363ms
08-04 21:46:14.752 13866 13866 I GoogleInputMethodServic: GoogleInputMethodService.onFinishInput():3138 
08-04 21:46:14.753 13866 13866 I GoogleInputMethodServic: GoogleInputMethodService.onStartInput():1808 
08-04 21:46:14.762  9688  9701 I art     : Starting a blocking GC Explicit
08-04 21:46:14.783  9688  9701 I art     : Explicit concurrent mark sweep GC freed 53(1872B) AllocSpace objects, 0(0B) LOS objects, 40% free, 21MB/35MB, paused 214us total 20.880ms
08-04 21:46:14.987   918  3261 D WifiStateMachine: starting scan for "H369AA63323"WPA_PSK with 2412,5180
08-04 21:46:15.057  9688  9700 I art     : Starting a blocking GC Explicit
08-04 21:46:15.076  9688  9700 I art     : Explicit concurrent mark sweep GC freed 1353(78KB) AllocSpace objects, 1(20KB) LOS objects, 40% free, 21MB/35MB, paused 219us total 18.346ms
08-04 21:46:15.090  9688  9700 I art     : Starting a blocking GC Explicit
08-04 21:46:15.108  9688  9700 I art     : Explicit concurrent mark sweep GC freed 45(1808B) AllocSpace objects, 0(0B) LOS objects, 40% free, 21MB/35MB, paused 226us total 18.049ms
08-04 21:46:15.122  9688  9700 I art     : Starting a blocking GC Explicit
08-04 21:46:15.140  9688  9700 I art     : Explicit concurrent mark sweep GC freed 126(10KB) AllocSpace objects, 0(0B) LOS objects, 40% free, 21MB/35MB, paused 216us total 17.873ms
08-04 21:46:15.154  9688  9700 I art     : Starting a blocking GC Explicit
08-04 21:46:15.173  9688  9700 I art     : Explicit concurrent mark sweep GC freed 3(96B) AllocSpace objects, 0(0B) LOS objects, 40% free, 21MB/35MB, paused 218us total 19.167ms
08-04 21:46:15.187  9688  9700 I art     : Starting a blocking GC Explicit
08-04 21:46:15.205  9688  9700 I art     : Explicit concurrent mark sweep GC freed 3(96B) AllocSpace objects, 0(0B) LOS objects, 40% free, 21MB/35MB, paused 207us total 18.139ms
08-04 21:46:15.469 10201 10201 D AndroidRuntime: >>>>>> START com.android.internal.os.RuntimeInit uid 2000 <<<<<<
08-04 21:46:15.475 10201 10201 D AndroidRuntime: CheckJNI is OFF
08-04 21:46:15.490  9688  9914 I art     : Starting a blocking GC Explicit
08-04 21:46:15.509  9688  9914 I art     : Explicit concurrent mark sweep GC freed 1441(83KB) AllocSpace objects, 1(20KB) LOS objects, 40% free, 21MB/35MB, paused 252us total 19.290ms
08-04 21:46:15.522 10201 10201 D ICU     : No timezone override file found: /data/misc/zoneinfo/current/icu/icu_tzdata.dat
08-04 21:46:15.523  9688  9914 I art     : Starting a blocking GC Explicit
08-04 21:46:15.541  9688  9914 I art     : Explicit concurrent mark sweep GC freed 2822(188KB) AllocSpace objects, 1(28KB) LOS objects, 40% free, 21MB/35MB, paused 242us total 18.155ms
08-04 21:46:15.556  9688  9914 I art     : Starting a blocking GC Explicit
08-04 21:46:15.567 10201 10201 I Radio-JNI: register_android_hardware_Radio DONE
08-04 21:46:15.573  9688  9914 I art     : Explicit concurrent mark sweep GC freed 3(96B) AllocSpace objects, 0(0B) LOS objects, 40% free, 21MB/35MB, paused 232us total 16.916ms
08-04 21:46:15.586  9688  9914 I art     : Starting a blocking GC Explicit
08-04 21:46:15.596 10201 10201 D AndroidRuntime: Calling main entry com.android.commands.input.Input
08-04 21:46:15.598 10201 10201 I Input   : injectMotionEvent: MotionEvent { action=ACTION_DOWN, actionButton=0, id[0]=0, x[0]=600.0, y[0]=1536.0, toolType[0]=TOOL_TYPE_UNKNOWN, buttonState=0, metaState=0, flags=0x0, edgeFlags=0x0, pointerCount=1, historySize=0, eventTime=740792010, downTime=740792010, deviceId=0, source=0x1002 }
08-04 21:46:15.604  9688  9914 I art     : Explicit concurrent mark sweep GC freed 3(96B) AllocSpace objects, 0(0B) LOS objects, 40% free, 21MB/35MB, paused 865us total 17.436ms
08-04 21:46:15.604 10201 10201 I Input   : injectMotionEvent: MotionEvent { action=ACTION_UP, actionButton=0, id[0]=0, x[0]=600.0, y[0]=1536.0, toolType[0]=TOOL_TYPE_UNKNOWN, buttonState=0, metaState=0, flags=0x0, edgeFlags=0x0, pointerCount=1, historySize=0, eventTime=740792010, downTime=740792010, deviceId=0, source=0x1002 }
08-04 21:46:15.607 10201 10201 D AndroidRuntime: Shutting down VM
08-04 21:46:15.613   512  2967 D audio_hw_primary: out_set_parameters: enter: usecase(1: low-latency-playback) kvpairs: routing=2
08-04 21:46:15.620  9688  9914 I art     : Starting a blocking GC Explicit
08-04 21:46:15.622   918  3670 I ActivityManager: START u0 {dat=https://oauth.reddit.com/... cmp=baseline.org.quantumbadger.redreader/.activities.PostListingActivity} from uid 10666 on display 0
08-04 21:46:15.626   512  2967 D audio_hw_primary: select_devices: out_snd_device(2: speaker) in_snd_device(0: none)
08-04 21:46:15.626   512  2967 D msm8974_platform: platform_send_audio_calibration: sending audio calibration for snd_device(2) acdb_id(15)
08-04 21:46:15.627   512  2967 I soundtrigger: audio_extn_sound_trigger_update_device_status: device 0x2 of type 0 for Event 1
08-04 21:46:15.638  9688  9914 I art     : Explicit concurrent mark sweep GC freed 158(17KB) AllocSpace objects, 0(0B) LOS objects, 40% free, 21MB/35MB, paused 329us total 17.838ms
08-04 21:46:15.639   512  2967 D audio_hw_primary: enable_snd_device: snd_device(2: speaker)
08-04 21:46:15.640   512  2967 D audio_hw_primary: enable_audio_route: apply and update mixer path: low-latency-playback speaker
08-04 21:46:15.641  9688  9688 I AppCompatViewInflater: app:theme is now deprecated. Please move to using android:theme instead.
08-04 21:46:15.689  9688 10230 I RawObjectDB query string: CREATE TABLE objects(RawObjectDB_id TEXT PRIMARY KEY ON CONFLICT REPLACE,RawObjectDB_timestamp INTEGER,accounts_active INTEGER,created INTEGER,created_utc INTEGER,description TEXT,description_html TEXT,display_name TEXT,header_img TEXT,header_title TEXT,id TEXT,name TEXT,over18 INTEGER,public_description TEXT,subscribers INTEGER,title TEXT,url TEXT)
08-04 21:46:15.740  9688 10231 D OK      : calling: https://www.reddit.com/api/v1/access_token
08-04 21:46:15.744   918   936 I ActivityManager: Displayed baseline.org.quantumbadger.redreader/.activities.PostListingActivity: +115ms
08-04 21:46:15.745 13866 13866 I GoogleInputMethodServic: GoogleInputMethodService.onFinishInput():3138 
08-04 21:46:15.746 13866 13866 I GoogleInputMethodServic: GoogleInputMethodService.onStartInput():1808 
08-04 21:46:15.906  9688  9914 I art     : Starting a blocking GC Explicit
08-04 21:46:15.938  9688  9914 I art     : Explicit concurrent mark sweep GC freed 7307(496KB) AllocSpace objects, 1(20KB) LOS objects, 40% free, 21MB/36MB, paused 386us total 31.615ms
08-04 21:46:15.941   918  6111 I ActivityManager: Killing 5906:nappatfpr.com.newsblur/u0a658 (adj 15): empty #17
08-04 21:46:15.954  9688  9914 I art     : Starting a blocking GC Explicit
08-04 21:46:15.976  9688  9914 I art     : Explicit concurrent mark sweep GC freed 1484(97KB) AllocSpace objects, 2(120KB) LOS objects, 40% free, 21MB/36MB, paused 575us total 21.001ms
08-04 21:46:15.991  9688  9914 I art     : Starting a blocking GC Explicit
08-04 21:46:16.000   380   380 W SurfaceFlinger: couldn't log to binary event log: overflow.
08-04 21:46:16.016  9688  9914 I art     : Explicit concurrent mark sweep GC freed 5120(294KB) AllocSpace objects, 1(80KB) LOS objects, 40% free, 21MB/36MB, paused 1.457ms total 24.124ms
08-04 21:46:16.030  9688  9914 I art     : Starting a blocking GC Explicit
08-04 21:46:16.049  9688  9914 I art     : Explicit concurrent mark sweep GC freed 430(43KB) AllocSpace objects, 0(0B) LOS objects, 40% free, 21MB/36MB, paused 330us total 18.734ms
08-04 21:46:16.063  9688  9914 I art     : Starting a blocking GC Explicit
08-04 21:46:16.088  9688  9914 I art     : Explicit concurrent mark sweep GC freed 10091(770KB) AllocSpace objects, 7(352KB) LOS objects, 40% free, 23MB/39MB, paused 444us total 24.280ms
08-04 21:46:16.169   512  2967 D audio_hw_primary: disable_audio_route: reset and update mixer path: low-latency-playback speaker
08-04 21:46:16.170   512  2967 D audio_hw_primary: disable_snd_device: snd_device(2: speaker)
08-04 21:46:16.179   512  2967 I soundtrigger: audio_extn_sound_trigger_update_device_status: device 0x2 of type 0 for Event 0
08-04 21:46:16.198  9688 10231 D OK      : request got status: 200
08-04 21:46:16.207  9688 10231 D OK      : calling: https://oauth.reddit.com/r/askscience/about.json
08-04 21:46:16.370  9688  9750 I art     : Starting a blocking GC Explicit
08-04 21:46:16.408  9688  9750 I art     : Explicit concurrent mark sweep GC freed 28100(1729KB) AllocSpace objects, 8(1160KB) LOS objects, 40% free, 23MB/39MB, paused 403us total 37.728ms
08-04 21:46:16.424  9688  9750 I art     : Starting a blocking GC Explicit
08-04 21:46:16.456  9688  9750 I art     : Explicit concurrent mark sweep GC freed 116(4KB) AllocSpace objects, 0(0B) LOS objects, 40% free, 23MB/39MB, paused 398us total 31.964ms
08-04 21:46:16.473  9688  9750 I art     : Starting a blocking GC Explicit
08-04 21:46:16.480  9688 10231 I NAPPA_EXPERIMENTATION: MetricNetworkRequestExecutionTime: REQUEST_DURATION_SYSTEM='273',REQUEST_DURATION_OKHTTP='142',REQUEST_SYNCHRONOUS='TRUE',RESPONSE_CODE='200',RESPONSE_METHOD='GET',RESPONSE_LENGTH_OKHTTP='-1',RESPONSE_LENGTH_HEADER='4700',REQUEST_PROTOCOL='h2',REQUEST_URL='https://oauth.reddit.com/r/askscience/about.json',
08-04 21:46:16.481  9688 10231 D OK      : request got status: 200
08-04 21:46:16.508  9688  9750 I art     : Explicit concurrent mark sweep GC freed 728(148KB) AllocSpace objects, 2(88KB) LOS objects, 39% free, 24MB/40MB, paused 584us total 34.690ms
08-04 21:46:16.525  9688  9750 I art     : Starting a blocking GC Explicit
08-04 21:46:16.558  9688  9750 I art     : Explicit concurrent mark sweep GC freed 1136(106KB) AllocSpace objects, 1(68KB) LOS objects, 39% free, 24MB/40MB, paused 387us total 33.039ms
08-04 21:46:16.574  9688  9750 I art     : Starting a blocking GC Explicit
08-04 21:46:16.604  9688  9750 I art     : Explicit concurrent mark sweep GC freed 313(26KB) AllocSpace objects, 0(0B) LOS objects, 39% free, 24MB/40MB, paused 294us total 29.734ms
08-04 21:46:16.794  8505  8505 I ServiceManager: Waiting for service AtCmdFwd...
08-04 21:46:16.907  9688  9750 I art     : Starting a blocking GC Explicit
08-04 21:46:16.931  9688 10271 D OK      : calling: https://oauth.reddit.com/r/askscience/hot/.json
08-04 21:46:16.942  9688  9750 I art     : Explicit concurrent mark sweep GC freed 1482(84KB) AllocSpace objects, 1(20KB) LOS objects, 39% free, 24MB/40MB, paused 394us total 34.675ms
08-04 21:46:16.960  9688  9750 I art     : Starting a blocking GC Explicit
08-04 21:46:16.994  9688  9750 I art     : Explicit concurrent mark sweep GC freed 51(2016B) AllocSpace objects, 0(0B) LOS objects, 39% free, 24MB/40MB, paused 382us total 34.395ms
08-04 21:46:17.011  9688  9750 I art     : Starting a blocking GC Explicit
08-04 21:46:17.044  9688  9750 I art     : Explicit concurrent mark sweep GC freed 3(96B) AllocSpace objects, 0(0B) LOS objects, 39% free, 24MB/40MB, paused 376us total 31.920ms
08-04 21:46:17.060  9688  9750 I art     : Starting a blocking GC Explicit
08-04 21:46:17.093  9688  9750 I art     : Explicit concurrent mark sweep GC freed 3(96B) AllocSpace objects, 0(0B) LOS objects, 39% free, 24MB/40MB, paused 369us total 32.273ms
08-04 21:46:17.103  9688 10271 I NAPPA_EXPERIMENTATION: MetricNetworkRequestExecutionTime: REQUEST_DURATION_SYSTEM='171',REQUEST_DURATION_OKHTTP='168',REQUEST_SYNCHRONOUS='TRUE',RESPONSE_CODE='200',RESPONSE_METHOD='GET',RESPONSE_LENGTH_OKHTTP='-1',RESPONSE_LENGTH_HEADER='21282',REQUEST_PROTOCOL='h2',REQUEST_URL='https://oauth.reddit.com/r/askscience/hot/.json',
08-04 21:46:17.103  9688 10271 D OK      : request got status: 200
08-04 21:46:17.109  9688  9750 I art     : Starting a blocking GC Explicit
08-04 21:46:17.119  9688 10259 I PostListingFragment: Precaching images: OFF
08-04 21:46:17.119  9688 10259 I PostListingFragment: Precaching comments: OFF
08-04 21:46:17.142  9688  9750 I art     : Explicit concurrent mark sweep GC freed 780(126KB) AllocSpace objects, 0(0B) LOS objects, 39% free, 24MB/40MB, paused 609us total 33.003ms
08-04 21:46:17.453  9688  9701 I art     : Starting a blocking GC Explicit
08-04 21:46:17.496  9688  9701 I art     : Explicit concurrent mark sweep GC freed 19058(849KB) AllocSpace objects, 3(156KB) LOS objects, 39% free, 24MB/40MB, paused 515us total 42.663ms
08-04 21:46:17.513  9688  9701 I art     : Starting a blocking GC Explicit
08-04 21:46:17.554  9688  9701 I art     : Explicit concurrent mark sweep GC freed 4764(179KB) AllocSpace objects, 0(0B) LOS objects, 39% free, 24MB/40MB, paused 481us total 40.325ms
08-04 21:46:17.571  9688  9701 I art     : Starting a blocking GC Explicit
08-04 21:46:17.607  9688  9701 I art     : Explicit concurrent mark sweep GC freed 12529(599KB) AllocSpace objects, 0(0B) LOS objects, 39% free, 24MB/40MB, paused 430us total 35.536ms
08-04 21:46:17.625  9688  9701 I art     : Starting a blocking GC Explicit
08-04 21:46:17.660  9688  9701 I art     : Explicit concurrent mark sweep GC freed 489(33KB) AllocSpace objects, 0(0B) LOS objects, 39% free, 24MB/40MB, paused 618us total 35.420ms
08-04 21:46:17.677  9688  9701 I art     : Starting a blocking GC Explicit
08-04 21:46:17.713  9688  9701 I art     : Explicit concurrent mark sweep GC freed 801(40KB) AllocSpace objects, 0(0B) LOS objects, 39% free, 24MB/40MB, paused 662us total 35.551ms
08-04 21:46:17.795  8505  8505 I ServiceManager: Waiting for service AtCmdFwd...
08-04 21:46:18.008  9688  9701 I art     : Starting a blocking GC Explicit
08-04 21:46:18.043  9688  9701 I art     : Explicit concurrent mark sweep GC freed 2062(109KB) AllocSpace objects, 1(20KB) LOS objects, 39% free, 24MB/40MB, paused 324us total 35.330ms
08-04 21:46:18.060  9688  9701 I art     : Starting a blocking GC Explicit
08-04 21:46:18.099  9688  9701 I art     : Explicit concurrent mark sweep GC freed 245(11KB) AllocSpace objects, 0(0B) LOS objects, 39% free, 24MB/40MB, paused 338us total 38.280ms
08-04 21:46:18.116  9688  9701 I art     : Starting a blocking GC Explicit
08-04 21:46:18.155  9688  9701 I art     : Explicit concurrent mark sweep GC freed 51(3KB) AllocSpace objects, 0(0B) LOS objects, 39% free, 24MB/40MB, paused 344us total 38.456ms
08-04 21:46:18.172  9688  9701 I art     : Starting a blocking GC Explicit
08-04 21:46:18.213  9688  9701 I art     : Explicit concurrent mark sweep GC freed 3(96B) AllocSpace objects, 0(0B) LOS objects, 39% free, 24MB/40MB, paused 349us total 40.560ms
08-04 21:46:18.231  9688  9701 I art     : Starting a blocking GC Explicit
08-04 21:46:18.271  9688  9701 I art     : Explicit concurrent mark sweep GC freed 3(96B) AllocSpace objects, 0(0B) LOS objects, 39% free, 24MB/40MB, paused 345us total 40.168ms
08-04 21:46:18.590  9688  9914 I art     : Starting a blocking GC Explicit
08-04 21:46:18.639  9688  9914 I art     : Explicit concurrent mark sweep GC freed 1346(78KB) AllocSpace objects, 1(20KB) LOS objects, 39% free, 24MB/40MB, paused 362us total 49.201ms
08-04 21:46:18.659  9688  9914 I art     : Starting a blocking GC Explicit
08-04 21:46:18.699  9688  9914 I art     : Explicit concurrent mark sweep GC freed 20(704B) AllocSpace objects, 0(0B) LOS objects, 39% free, 24MB/40MB, paused 343us total 39.718ms
08-04 21:46:18.717  9688  9914 I art     : Starting a blocking GC Explicit
08-04 21:46:18.757  9688  9914 I art     : Explicit concurrent mark sweep GC freed 3(96B) AllocSpace objects, 0(0B) LOS objects, 39% free, 24MB/40MB, paused 343us total 39.517ms
08-04 21:46:18.774  9688  9914 I art     : Starting a blocking GC Explicit
08-04 21:46:18.796  8505  8505 I ServiceManager: Waiting for service AtCmdFwd...
08-04 21:46:18.814  9688  9914 I art     : Explicit concurrent mark sweep GC freed 3(96B) AllocSpace objects, 0(0B) LOS objects, 39% free, 24MB/40MB, paused 347us total 39.750ms
08-04 21:46:18.832  9688  9914 I art     : Starting a blocking GC Explicit
08-04 21:46:18.872  9688  9914 I art     : Explicit concurrent mark sweep GC freed 3(96B) AllocSpace objects, 0(0B) LOS objects, 39% free, 24MB/40MB, paused 351us total 39.898ms
08-04 21:46:19.201  9688  9700 I art     : Starting a blocking GC Explicit
08-04 21:46:19.252  9688  9700 I art     : Explicit concurrent mark sweep GC freed 1343(78KB) AllocSpace objects, 1(20KB) LOS objects, 39% free, 24MB/40MB, paused 380us total 50.687ms
08-04 21:46:19.275  9688  9700 I art     : Starting a blocking GC Explicit
08-04 21:46:19.318  9688  9700 I art     : Explicit concurrent mark sweep GC freed 20(704B) AllocSpace objects, 0(0B) LOS objects, 39% free, 24MB/40MB, paused 360us total 42.682ms
08-04 21:46:19.335  9688  9700 I art     : Starting a blocking GC Explicit
08-04 21:46:19.376  9688  9700 I art     : Explicit concurrent mark sweep GC freed 3(96B) AllocSpace objects, 0(0B) LOS objects, 39% free, 24MB/40MB, paused 338us total 40.338ms
08-04 21:46:19.394  9688  9700 I art     : Starting a blocking GC Explicit
08-04 21:46:19.434  9688  9700 I art     : Explicit concurrent mark sweep GC freed 3(96B) AllocSpace objects, 0(0B) LOS objects, 39% free, 24MB/40MB, paused 304us total 39.960ms
08-04 21:46:19.451  9688  9700 I art     : Starting a blocking GC Explicit
08-04 21:46:19.492  9688  9700 I art     : Explicit concurrent mark sweep GC freed 3(96B) AllocSpace objects, 0(0B) LOS objects, 39% free, 24MB/40MB, paused 341us total 40.723ms
08-04 21:46:19.796  8505  8505 I ServiceManager: Waiting for service AtCmdFwd...
08-04 21:46:19.810  9688  9750 I art     : Starting a blocking GC Explicit
08-04 21:46:19.859  9688  9750 I art     : Explicit concurrent mark sweep GC freed 1343(78KB) AllocSpace objects, 1(20KB) LOS objects, 39% free, 24MB/40MB, paused 363us total 49.170ms
08-04 21:46:19.878  9688  9750 I art     : Starting a blocking GC Explicit
08-04 21:46:19.918  9688  9750 I art     : Explicit concurrent mark sweep GC freed 20(704B) AllocSpace objects, 0(0B) LOS objects, 39% free, 24MB/40MB, paused 367us total 39.175ms
08-04 21:46:19.935  9688  9750 I art     : Starting a blocking GC Explicit
08-04 21:46:19.975  9688  9750 I art     : Explicit concurrent mark sweep GC freed 3(96B) AllocSpace objects, 0(0B) LOS objects, 39% free, 24MB/40MB, paused 334us total 39.868ms
08-04 21:46:19.993  9688  9750 I art     : Starting a blocking GC Explicit
08-04 21:46:20.032  9688  9750 I art     : Explicit concurrent mark sweep GC freed 3(96B) AllocSpace objects, 0(0B) LOS objects, 39% free, 24MB/40MB, paused 328us total 39.014ms
08-04 21:46:20.050  9688  9750 I art     : Starting a blocking GC Explicit
08-04 21:46:20.090  9688  9750 I art     : Explicit concurrent mark sweep GC freed 3(96B) AllocSpace objects, 0(0B) LOS objects, 39% free, 24MB/40MB, paused 323us total 40.143ms
08-04 21:46:20.223   518   646 I ThermalEngine: ACTION: GPU - Setting GPU[0] to 510000000
08-04 21:46:20.434  9688  9701 I art     : Starting a blocking GC Explicit
08-04 21:46:20.474  9688  9701 I art     : Explicit concurrent mark sweep GC freed 1343(78KB) AllocSpace objects, 1(20KB) LOS objects, 39% free, 24MB/40MB, paused 290us total 39.220ms
08-04 21:46:20.492  9688  9701 I art     : Starting a blocking GC Explicit
08-04 21:46:20.522  9688  9701 I art     : Explicit concurrent mark sweep GC freed 20(704B) AllocSpace objects, 0(0B) LOS objects, 39% free, 24MB/40MB, paused 256us total 29.965ms
08-04 21:46:20.535  9688  9701 I art     : Starting a blocking GC Explicit
08-04 21:46:20.565  9688  9701 I art     : Explicit concurrent mark sweep GC freed 3(96B) AllocSpace objects, 0(0B) LOS objects, 39% free, 24MB/40MB, paused 254us total 29.778ms
08-04 21:46:20.579  9688  9701 I art     : Starting a blocking GC Explicit
08-04 21:46:20.609  9688  9701 I art     : Explicit concurrent mark sweep GC freed 3(96B) AllocSpace objects, 0(0B) LOS objects, 39% free, 24MB/40MB, paused 320us total 30.351ms
08-04 21:46:20.623  9688  9701 I art     : Starting a blocking GC Explicit
08-04 21:46:20.653  9688  9701 I art     : Explicit concurrent mark sweep GC freed 3(96B) AllocSpace objects, 0(0B) LOS objects, 39% free, 24MB/40MB, paused 262us total 29.999ms
08-04 21:46:20.797  8505  8505 I ServiceManager: Waiting for service AtCmdFwd...
08-04 21:46:20.947  9688  9914 I art     : Starting a blocking GC Explicit
08-04 21:46:20.977  9688  9914 I art     : Explicit concurrent mark sweep GC freed 1347(78KB) AllocSpace objects, 1(20KB) LOS objects, 39% free, 24MB/40MB, paused 249us total 28.839ms
08-04 21:46:20.989  9688  9914 I art     : Starting a blocking GC Explicit
08-04 21:46:21.014  9688  9914 I art     : Explicit concurrent mark sweep GC freed 20(704B) AllocSpace objects, 0(0B) LOS objects, 39% free, 24MB/40MB, paused 224us total 24.467ms
08-04 21:46:21.026  9688  9914 I art     : Starting a blocking GC Explicit
08-04 21:46:21.050  9688  9914 I art     : Explicit concurrent mark sweep GC freed 3(96B) AllocSpace objects, 0(0B) LOS objects, 39% free, 24MB/40MB, paused 224us total 24.075ms
08-04 21:46:21.062  9688  9914 I art     : Starting a blocking GC Explicit
08-04 21:46:21.087  9688  9914 I art     : Explicit concurrent mark sweep GC freed 3(96B) AllocSpace objects, 0(0B) LOS objects, 39% free, 24MB/40MB, paused 227us total 24.714ms
08-04 21:46:21.099  9688  9914 I art     : Starting a blocking GC Explicit
08-04 21:46:21.124  9688  9914 I art     : Explicit concurrent mark sweep GC freed 3(96B) AllocSpace objects, 0(0B) LOS objects, 39% free, 24MB/40MB, paused 228us total 24.872ms
08-04 21:46:21.271 10337 10337 D AndroidRuntime: >>>>>> START com.android.internal.os.RuntimeInit uid 2000 <<<<<<
08-04 21:46:21.276 10337 10337 D AndroidRuntime: CheckJNI is OFF
08-04 21:46:21.310 10337 10337 D ICU     : No timezone override file found: /data/misc/zoneinfo/current/icu/icu_tzdata.dat
08-04 21:46:21.343 10337 10337 I Radio-JNI: register_android_hardware_Radio DONE
08-04 21:46:21.365 10337 10337 D AndroidRuntime: Calling main entry com.android.commands.input.Input
08-04 21:46:21.366 10337 10337 I Input   : injectMotionEvent: MotionEvent { action=ACTION_DOWN, actionButton=0, id[0]=0, x[0]=600.0, y[0]=700.0, toolType[0]=TOOL_TYPE_UNKNOWN, buttonState=0, metaState=0, flags=0x0, edgeFlags=0x0, pointerCount=1, historySize=0, eventTime=740797779, downTime=740797779, deviceId=0, source=0x1002 }
08-04 21:46:21.372 10337 10337 I Input   : injectMotionEvent: MotionEvent { action=ACTION_UP, actionButton=0, id[0]=0, x[0]=600.0, y[0]=700.0, toolType[0]=TOOL_TYPE_UNKNOWN, buttonState=0, metaState=0, flags=0x0, edgeFlags=0x0, pointerCount=1, historySize=0, eventTime=740797779, downTime=740797779, deviceId=0, source=0x1002 }
08-04 21:46:21.373  9688  9688 I RRChoreographer: Using modern Choreographer
08-04 21:46:21.374 10337 10337 D AndroidRuntime: Shutting down VM
08-04 21:46:21.388   512  2967 D audio_hw_primary: out_set_parameters: enter: usecase(1: low-latency-playback) kvpairs: routing=2
08-04 21:46:21.391   918  6111 I ActivityManager: START u0 {dat=https://oauth.reddit.com/... cmp=baseline.org.quantumbadger.redreader/.activities.CommentListingActivity} from uid 10666 on display 0
08-04 21:46:21.401   512  2967 D audio_hw_primary: select_devices: out_snd_device(2: speaker) in_snd_device(0: none)
08-04 21:46:21.401   512  2967 D msm8974_platform: platform_send_audio_calibration: sending audio calibration for snd_device(2) acdb_id(15)
08-04 21:46:21.401   512  2967 I soundtrigger: audio_extn_sound_trigger_update_device_status: device 0x2 of type 0 for Event 1
08-04 21:46:21.412   512  2967 D audio_hw_primary: enable_snd_device: snd_device(2: speaker)
08-04 21:46:21.412  9688  9688 I AppCompatViewInflater: app:theme is now deprecated. Please move to using android:theme instead.
08-04 21:46:21.414   512  2967 D audio_hw_primary: enable_audio_route: apply and update mixer path: low-latency-playback speaker
08-04 21:46:21.415  9688  9750 I art     : Starting a blocking GC Explicit
08-04 21:46:21.432  9688 10368 D OK      : calling: https://oauth.reddit.com/comments/gvc7k9/.json?sort=confidence
08-04 21:46:21.446  9688  9750 I art     : Explicit concurrent mark sweep GC freed 3468(223KB) AllocSpace objects, 1(20KB) LOS objects, 39% free, 24MB/40MB, paused 346us total 30.345ms
08-04 21:46:21.462  9688  9750 I art     : Starting a blocking GC Explicit
08-04 21:46:21.489  9688  9750 I art     : Explicit concurrent mark sweep GC freed 896(53KB) AllocSpace objects, 0(0B) LOS objects, 39% free, 24MB/40MB, paused 461us total 26.590ms
08-04 21:46:21.502  9688  9750 I art     : Starting a blocking GC Explicit
08-04 21:46:21.513   918   936 I ActivityManager: Displayed baseline.org.quantumbadger.redreader/.activities.CommentListingActivity: +116ms
08-04 21:46:21.514 13866 13866 I GoogleInputMethodServic: GoogleInputMethodService.onFinishInput():3138 
08-04 21:46:21.515 13866 13866 I GoogleInputMethodServic: GoogleInputMethodService.onStartInput():1808 
08-04 21:46:21.529  9688  9750 I art     : Explicit concurrent mark sweep GC freed 187(8KB) AllocSpace objects, 0(0B) LOS objects, 39% free, 24MB/40MB, paused 364us total 27.030ms
08-04 21:46:21.543  9688  9750 I art     : Starting a blocking GC Explicit
08-04 21:46:21.570  9688  9750 I art     : Explicit concurrent mark sweep GC freed 78(4KB) AllocSpace objects, 0(0B) LOS objects, 39% free, 24MB/40MB, paused 280us total 26.364ms
08-04 21:46:21.582  9688  9750 I art     : Starting a blocking GC Explicit
08-04 21:46:21.612  9688  9750 I art     : Explicit concurrent mark sweep GC freed 155(14KB) AllocSpace objects, 0(0B) LOS objects, 39% free, 24MB/40MB, paused 299us total 30.042ms
08-04 21:46:21.613  9688 10368 I NAPPA_EXPERIMENTATION: MetricNetworkRequestExecutionTime: REQUEST_DURATION_SYSTEM='181',REQUEST_DURATION_OKHTTP='178',REQUEST_SYNCHRONOUS='TRUE',RESPONSE_CODE='200',RESPONSE_METHOD='GET',RESPONSE_LENGTH_OKHTTP='-1',RESPONSE_LENGTH_HEADER='90132',REQUEST_PROTOCOL='h2',REQUEST_URL='https://oauth.reddit.com/comments/gvc7k9/.json?sort=confidence',
08-04 21:46:21.614  9688 10368 D OK      : request got status: 200
08-04 21:46:21.622  9688 10259 I CommentListingActivity: COMMENTS session changed to 4c2d966f-14d1-4763-8401-de04059da3c1
08-04 21:46:21.767   380   380 W SurfaceFlinger: couldn't log to binary event log: overflow.
08-04 21:46:21.797  8505  8505 W Atfwd_Sendcmd: AtCmdFwd service not published, waiting... retryCnt : 4
08-04 21:46:21.838  9688  9688 I RedReader: Checking for new messages.
08-04 21:46:21.839  9688  9688 I RegularCachePruner: Pruning cache...
08-04 21:46:21.840  9688 10379 I RedditChangeDataManager: Pruning for all users...
08-04 21:46:21.840  9688 10379 I RedditChangeDataManager: Pruning complete.
08-04 21:46:21.845  9688 10379 I CacheManager: Pruning 0 files
08-04 21:46:21.854 10380 10380 I art     : Late-enabling -Xcheck:jni
08-04 21:46:21.854   918   918 I ActivityManager: Start proc 10380:baseline.com.newsblur/u0a652 for service baseline.com.newsblur/.service.NBSyncService
08-04 21:46:21.860  9688  9750 I art     : Starting a blocking GC Explicit
08-04 21:46:21.863  8429  8429 I Finsky  : [1] xow.onStartJob(3): SCH: onJobSchedulerWakeup with jobId 9004
08-04 21:46:21.868  8429  8429 I Finsky  : [1] xjw.a(9): Scheduling fallback in 43199996 (absolute: 1767385738)
08-04 21:46:21.871  8429  8429 I Finsky  : [1] xjw.a(9): Scheduling fallback in 64799998 (absolute: 1788985743)
08-04 21:46:21.877  8429  8429 I Finsky  : [1] xow.onStartJob(3): SCH: onJobSchedulerWakeup with jobId 9009
08-04 21:46:21.879 24365 21906 I NetworkScheduler.Stats: Task com.google.android.apps.gcs/ started execution. cause:4 exec_start_elapsed_seconds: 1724185 [CONTEXT service_id=218 ]
08-04 21:46:21.882 31716 10393 W Gcs.WfaEliRefreshTask: [25125] afk.b: NULL eligibility response.
08-04 21:46:21.884  8429  8429 I Finsky  : [1] xjw.a(9): Scheduling fallback in 43199994 (absolute: 1767385753)
08-04 21:46:21.888 24365 21906 I NetworkScheduler.Stats: Task com.google.android.apps.gcs/ finished executing. cause:4 result: 3 elapsed_millis: 16 uptime_millis: 16 exec_start_elapsed_seconds: 1724185 [CONTEXT service_id=218 ]
08-04 21:46:21.890 10380 10380 W System  : ClassLoader referenced unknown path: /data/app/baseline.com.newsblur-1/lib/arm64
08-04 21:46:21.890  8429  8429 I Finsky  : [1] xjw.a(9): Scheduling fallback in 64799994 (absolute: 1788985759)
08-04 21:46:21.894  8429  8429 W Finsky  : [1] xow.onStartJob(9): SCH: onJobSchedulerWakeup while already running
08-04 21:46:21.910  9688  9750 I art     : Explicit concurrent mark sweep GC freed 40481(2MB) AllocSpace objects, 4(72KB) LOS objects, 35% free, 28MB/44MB, paused 789us total 49.485ms
08-04 21:46:21.924  9688  9750 I art     : Starting a blocking GC Explicit
08-04 21:46:21.945 24365  9563 I NetworkScheduler.Stats: Task com.google.android.gms/com.google.android.gms.icing.service.IcingGcmTaskService started execution. cause:5 exec_start_elapsed_seconds: 1724185 [CONTEXT service_id=218 ]
08-04 21:46:21.947  8429  8429 I Finsky  : [1] xkf.handleMessage(8): SCH: DeviceState: DeviceState{currentTime=1596570381943, isCharging=false, isIdle=false, netAny=true, netNotRoaming=true, netUnmetered=true, batteryPercent=100.0}
08-04 21:46:21.948   512  2967 D audio_hw_primary: disable_audio_route: reset and update mixer path: low-latency-playback speaker
08-04 21:46:21.949   512  2967 D audio_hw_primary: disable_snd_device: snd_device(2: speaker)
08-04 21:46:21.951  8429  9660 I Finsky  : [6331] xmu.a(8): SCH: Jobs in database: 1-1337 3-197 3-198 12-1 26-1414141414 
08-04 21:46:21.958   512  2967 I soundtrigger: audio_extn_sound_trigger_update_device_status: device 0x2 of type 0 for Event 0
08-04 21:46:21.967  9688  9750 I art     : Explicit concurrent mark sweep GC freed 3516(258KB) AllocSpace objects, 1(68KB) LOS objects, 35% free, 28MB/44MB, paused 260us total 43.155ms
08-04 21:46:21.971 24365 21906 I NetworkScheduler.Stats: Task com.google.android.gms/com.google.android.gms.icing.service.IcingGcmTaskService finished executing. cause:5 result: 1 elapsed_millis: 55 uptime_millis: 56 exec_start_elapsed_seconds: 1724185 [CONTEXT service_id=218 ]
08-04 21:46:21.972  8429  8429 I Finsky  : [1] xkg.a(16): SCH: Running job: 12-1
08-04 21:46:21.973  8429  8429 I Finsky  : [1] ContentSyncJob.a(16): [ContentSync] job started
08-04 21:46:21.973  8429  8429 I Finsky  : [1] xkf.handleMessage(61): SCH: RunningQueue size: 1, PendingQueue size: 0
08-04 21:46:21.974  8429  8429 I Finsky  : [1] xkf.handleMessage(64): SCH: Running queue: 12-1 
08-04 21:46:21.982  9688  9750 I art     : Starting a blocking GC Explicit
08-04 21:46:22.018  9688  9750 I art     : Explicit concurrent mark sweep GC freed 19359(911KB) AllocSpace objects, 1(68KB) LOS objects, 36% free, 27MB/43MB, paused 328us total 36.393ms
08-04 21:46:22.032  9688  9750 I art     : Starting a blocking GC Explicit
08-04 21:46:22.049  8429  9679 I Finsky  : [6337] dzn.a(22): Completed 0 account content syncs with 0 successful.
08-04 21:46:22.051  8429  8429 I Finsky  : [1] ContentSyncJob.a(1): [ContentSync] Installation state replication succeeded.
08-04 21:46:22.051  8429  8429 I Finsky  : [1] xlr.a(13): SCH: jobFinished: 12-1. TimeElapsed: 79ms.
08-04 21:46:22.052  8429  8429 I Finsky  : [1] xkg.a(36): SCH: Job 12-1 finished. Not rescheduling.
08-04 21:46:22.053  8429  8429 I Finsky  : [1] xkf.handleMessage(61): SCH: RunningQueue size: 0, PendingQueue size: 0
08-04 21:46:22.053  8429  8429 I Finsky  : [1] xkf.handleMessage(25): Executor finished
08-04 21:46:22.060   918  3714 I ActivityManager: Killing 7255:com.google.android.talk/u0a53 (adj 15): empty #17
08-04 21:46:22.068  9688  9750 I art     : Explicit concurrent mark sweep GC freed 18(752B) AllocSpace objects, 0(0B) LOS objects, 36% free, 27MB/43MB, paused 267us total 35.446ms
08-04 21:46:22.082  9688  9750 I art     : Starting a blocking GC Explicit
08-04 21:46:22.082  8429  8429 I Finsky  : [1] xmu.a(8): SCH: Jobs in database: 1-1337 3-197 3-198 26-1414141414 
08-04 21:46:22.085  8429  8429 I Finsky  : [1] xio.a(57): SCH: ConstraintMapping: 1-1337,  -> L: 1170823ms, D: 44370823ms, C: false, I: false, N: 1
08-04 21:46:22.085  8429  8429 I Finsky  : [1] xio.a(57): SCH: ConstraintMapping: 3-197,  -> L: 0ms, D: 69248749ms, C: false, I: true, N: 2
08-04 21:46:22.086  8429  8429 I Finsky  : [1] xio.a(57): SCH: ConstraintMapping: 3-198,  -> L: 0ms, D: 69248808ms, C: true, I: true, N: 2
08-04 21:46:22.087  8429  8429 I Finsky  : [1] xio.a(57): SCH: ConstraintMapping: 26-1414141414,  -> L: 5283954ms, D: 6183954ms, C: false, I: false, N: 0
08-04 21:46:22.118  9688  9750 I art     : Explicit concurrent mark sweep GC freed 3(96B) AllocSpace objects, 0(0B) LOS objects, 36% free, 27MB/43MB, paused 234us total 36.765ms
08-04 21:46:22.123  8429  8429 I Finsky  : [1] xle.a(34): Cancelling existing jobscheduler jobs: 9008 9015 9014 9007 9013 9005 
08-04 21:46:22.124  8429  8429 I Finsky  : [1] xle.a(27): Scheduling job Id: 9000, L: 1170823, D: 44370823, C: false, I: false, N: 1
08-04 21:46:22.125  8429  8429 I Finsky  : [1] xle.a(10): Throttling wakeup for job 9001 (expected to run in 0 ms) due to recent wakeup
08-04 21:46:22.126  8429  8429 I Finsky  : [1] xle.a(27): Scheduling job Id: 9001, L: 30000, D: 69248749, C: false, I: true, N: 2
08-04 21:46:22.128  8429  8429 I Finsky  : [1] xle.a(10): Throttling wakeup for job 9002 (expected to run in 0 ms) due to recent wakeup
08-04 21:46:22.129  8429  8429 I Finsky  : [1] xle.a(27): Scheduling job Id: 9002, L: 30000, D: 69248808, C: true, I: true, N: 2
08-04 21:46:22.131  8429  8429 I Finsky  : [1] xle.a(27): Scheduling job Id: 9003, L: 5283954, D: 6183954, C: false, I: false, N: 0
08-04 21:46:22.132  8429  8429 I Finsky  : [1] xle.a(27): Scheduling job Id: 9006, L: 1170823, D: 44370823, C: false, I: false, N: 1
08-04 21:46:22.135  8429  8429 I Finsky  : [1] xle.a(10): Throttling wakeup for job 9009 (expected to run in 0 ms) due to recent wakeup
08-04 21:46:22.135  8429  8429 I Finsky  : [1] xle.a(27): Scheduling job Id: 9009, L: 30000, D: 69248749, C: false, I: true, N: 2
08-04 21:46:22.137  8429  8429 I Finsky  : [1] xle.a(10): Throttling wakeup for job 9010 (expected to run in 0 ms) due to recent wakeup
08-04 21:46:22.137  8429  8429 I Finsky  : [1] xle.a(27): Scheduling job Id: 9010, L: 30000, D: 69248808, C: true, I: true, N: 2
08-04 21:46:22.139  8429  8429 I Finsky  : [1] xle.a(27): Scheduling job Id: 9011, L: 5283954, D: 6183954, C: false, I: false, N: 0
08-04 21:46:22.395  9688  9701 I art     : Starting a blocking GC Explicit
08-04 21:46:22.438  9688  9701 I art     : Explicit concurrent mark sweep GC freed 1343(78KB) AllocSpace objects, 1(20KB) LOS objects, 36% free, 27MB/43MB, paused 234us total 42.923ms
08-04 21:46:22.454  9688  9701 I art     : Starting a blocking GC Explicit
08-04 21:46:22.496  9688  9701 I art     : Explicit concurrent mark sweep GC freed 20(704B) AllocSpace objects, 0(0B) LOS objects, 36% free, 27MB/43MB, paused 262us total 41.551ms
08-04 21:46:22.511  9688  9701 I art     : Starting a blocking GC Explicit
08-04 21:46:22.550  9688  9701 I art     : Explicit concurrent mark sweep GC freed 3(96B) AllocSpace objects, 0(0B) LOS objects, 36% free, 27MB/43MB, paused 285us total 38.300ms
08-04 21:46:22.565  9688  9701 I art     : Starting a blocking GC Explicit
08-04 21:46:22.607  9688  9701 I art     : Explicit concurrent mark sweep GC freed 49(1920B) AllocSpace objects, 0(0B) LOS objects, 36% free, 27MB/43MB, paused 288us total 41.941ms
08-04 21:46:22.623  9688  9701 I art     : Starting a blocking GC Explicit
08-04 21:46:22.666  9688  9701 I art     : Explicit concurrent mark sweep GC freed 3(96B) AllocSpace objects, 0(0B) LOS objects, 36% free, 27MB/43MB, paused 258us total 43.516ms
08-04 21:46:22.951  9688  9914 I art     : Starting a blocking GC Explicit
08-04 21:46:23.007  9688  9914 I art     : Explicit concurrent mark sweep GC freed 1342(78KB) AllocSpace objects, 1(20KB) LOS objects, 36% free, 27MB/43MB, paused 296us total 55.560ms
08-04 21:46:23.026  9688  9914 I art     : Starting a blocking GC Explicit
08-04 21:46:23.070  9688  9914 I art     : Explicit concurrent mark sweep GC freed 20(704B) AllocSpace objects, 0(0B) LOS objects, 36% free, 27MB/43MB, paused 260us total 43.910ms
08-04 21:46:23.086  9688  9914 I art     : Starting a blocking GC Explicit
08-04 21:46:23.130  9688  9914 I art     : Explicit concurrent mark sweep GC freed 3(96B) AllocSpace objects, 0(0B) LOS objects, 36% free, 27MB/43MB, paused 273us total 44.517ms
08-04 21:46:23.146  9688  9914 I art     : Starting a blocking GC Explicit
08-04 21:46:23.189  9688  9914 I art     : Explicit concurrent mark sweep GC freed 3(96B) AllocSpace objects, 0(0B) LOS objects, 36% free, 27MB/43MB, paused 272us total 42.386ms
08-04 21:46:23.204  9688  9914 I art     : Starting a blocking GC Explicit
08-04 21:46:23.248  9688  9914 I art     : Explicit concurrent mark sweep GC freed 3(96B) AllocSpace objects, 0(0B) LOS objects, 36% free, 27MB/43MB, paused 272us total 43.140ms
08-04 21:46:23.571  9688  9750 I art     : Starting a blocking GC Explicit
08-04 21:46:23.627  9688  9750 I art     : Explicit concurrent mark sweep GC freed 1342(78KB) AllocSpace objects, 1(20KB) LOS objects, 36% free, 27MB/43MB, paused 292us total 55.998ms
08-04 21:46:23.645  9688  9750 I art     : Starting a blocking GC Explicit
08-04 21:46:23.689  9688  9750 I art     : Explicit concurrent mark sweep GC freed 20(704B) AllocSpace objects, 0(0B) LOS objects, 36% free, 27MB/43MB, paused 259us total 43.402ms
08-04 21:46:23.689  9688  9699 I art     : WaitForGcToComplete blocked for 43.604ms for cause HeapTrim
08-04 21:46:23.704  9688  9750 I art     : Starting a blocking GC Explicit
08-04 21:46:23.748  9688  9750 I art     : Explicit concurrent mark sweep GC freed 3(96B) AllocSpace objects, 0(0B) LOS objects, 36% free, 27MB/43MB, paused 262us total 43.288ms
08-04 21:46:23.763  9688  9750 I art     : Starting a blocking GC Explicit
08-04 21:46:23.807  9688  9750 I art     : Explicit concurrent mark sweep GC freed 3(96B) AllocSpace objects, 0(0B) LOS objects, 36% free, 27MB/43MB, paused 270us total 44.166ms
08-04 21:46:23.823  9688  9750 I art     : Starting a blocking GC Explicit
08-04 21:46:23.868  9688  9750 I art     : Explicit concurrent mark sweep GC freed 3(96B) AllocSpace objects, 0(0B) LOS objects, 36% free, 27MB/43MB, paused 261us total 44.620ms
08-04 21:46:24.193  9688  9700 I art     : Starting a blocking GC Explicit
08-04 21:46:24.256  9688  9700 I art     : Explicit concurrent mark sweep GC freed 1343(79KB) AllocSpace objects, 1(20KB) LOS objects, 36% free, 27MB/43MB, paused 292us total 62.811ms
08-04 21:46:24.276  9688  9700 I art     : Starting a blocking GC Explicit
08-04 21:46:24.321  9688  9700 I art     : Explicit concurrent mark sweep GC freed 20(704B) AllocSpace objects, 0(0B) LOS objects, 36% free, 27MB/43MB, paused 264us total 44.754ms
08-04 21:46:24.336  9688  9700 I art     : Starting a blocking GC Explicit
08-04 21:46:24.381  9688  9700 I art     : Explicit concurrent mark sweep GC freed 3(96B) AllocSpace objects, 0(0B) LOS objects, 36% free, 27MB/43MB, paused 266us total 44.432ms
08-04 21:46:24.397  9688  9700 I art     : Starting a blocking GC Explicit
08-04 21:46:24.440  9688  9700 I art     : Explicit concurrent mark sweep GC freed 3(96B) AllocSpace objects, 0(0B) LOS objects, 36% free, 27MB/43MB, paused 260us total 42.656ms
08-04 21:46:24.455  9688  9700 I art     : Starting a blocking GC Explicit
08-04 21:46:24.499  9688  9700 I art     : Explicit concurrent mark sweep GC freed 3(96B) AllocSpace objects, 0(0B) LOS objects, 36% free, 27MB/43MB, paused 264us total 44.372ms
08-04 21:46:24.802  9688  9701 I art     : Starting a blocking GC Explicit
08-04 21:46:24.858  9688  9701 I art     : Explicit concurrent mark sweep GC freed 1342(78KB) AllocSpace objects, 1(20KB) LOS objects, 36% free, 27MB/43MB, paused 286us total 55.494ms
08-04 21:46:24.877  9688  9701 I art     : Starting a blocking GC Explicit
08-04 21:46:24.921  9688  9701 I art     : Explicit concurrent mark sweep GC freed 20(704B) AllocSpace objects, 0(0B) LOS objects, 36% free, 27MB/43MB, paused 272us total 44.235ms
08-04 21:46:24.937  9688  9701 I art     : Starting a blocking GC Explicit
08-04 21:46:24.982  9688  9701 I art     : Explicit concurrent mark sweep GC freed 3(96B) AllocSpace objects, 0(0B) LOS objects, 36% free, 27MB/43MB, paused 273us total 44.495ms
08-04 21:46:24.997  9688  9701 I art     : Starting a blocking GC Explicit
08-04 21:46:25.040  9688  9701 I art     : Explicit concurrent mark sweep GC freed 3(96B) AllocSpace objects, 0(0B) LOS objects, 36% free, 27MB/43MB, paused 260us total 42.182ms
08-04 21:46:25.055  9688  9701 I art     : Starting a blocking GC Explicit
08-04 21:46:25.098  9688  9701 I art     : Explicit concurrent mark sweep GC freed 3(96B) AllocSpace objects, 0(0B) LOS objects, 36% free, 27MB/43MB, paused 260us total 42.965ms
08-04 21:46:25.414  9688  9914 I art     : Starting a blocking GC Explicit
08-04 21:46:25.430 24365  1228 E WakeLock: GCM_HB_ALARM release without a matched acquire!
08-04 21:46:25.462  9688  9914 I art     : Explicit concurrent mark sweep GC freed 1347(79KB) AllocSpace objects, 1(20KB) LOS objects, 36% free, 27MB/43MB, paused 274us total 48.445ms
08-04 21:46:25.476   918  5952 D ConnectivityService: reportNetworkConnectivity(159, true) by 10012
08-04 21:46:25.476   918  1209 D NetworkMonitor/NetworkAgentInfo [WIFI () - 159]: Forcing reevaluation for UID 10012
08-04 21:46:25.477   918  4400 D ConnectivityService: reportNetworkConnectivity(159, true) by 10012
08-04 21:46:25.477   918  1209 D NetworkMonitor/NetworkAgentInfo [WIFI () - 159]: Checking http://connectivitycheck.gstatic.com/generate_204 on "H369AA63323", 192.168.2.12=192.168.2.12
08-04 21:46:25.477  9688  9914 I art     : Starting a blocking GC Explicit
08-04 21:46:25.513  9688  9914 I art     : Explicit concurrent mark sweep GC freed 20(704B) AllocSpace objects, 0(0B) LOS objects, 36% free, 27MB/43MB, paused 252us total 35.866ms
08-04 21:46:25.527  9688  9914 I art     : Starting a blocking GC Explicit
08-04 21:46:25.564  9688  9914 I art     : Explicit concurrent mark sweep GC freed 3(96B) AllocSpace objects, 0(0B) LOS objects, 36% free, 27MB/43MB, paused 254us total 36.632ms
08-04 21:46:25.579  9688  9914 I art     : Starting a blocking GC Explicit
08-04 21:46:25.591   918  1209 D NetworkMonitor/NetworkAgentInfo [WIFI () - 159]: Probably not a portal: exception java.io.IOException: unexpected end of stream on Connection{connectivitycheck.gstatic.com:80, proxy=HTTP@/192.168.2.12:8080 hostAddress=192.168.2.12 cipherSuite=none protocol=http/1.1} (recycle count=0)
08-04 21:46:25.592   918  3263 D ConnectivityService: NetworkAgentInfo [WIFI () - 159] validation failed
08-04 21:46:25.592   918  3261 E WifiConfigStore:  rewrite network history for "H369AA63323"WPA_PSK
08-04 21:46:25.618  9688  9914 I art     : Explicit concurrent mark sweep GC freed 3(96B) AllocSpace objects, 0(0B) LOS objects, 36% free, 27MB/43MB, paused 273us total 38.949ms
08-04 21:46:25.633  9688  9914 I art     : Starting a blocking GC Explicit
08-04 21:46:25.646   918   927 I art     : Background partial concurrent mark sweep GC freed 77755(8MB) AllocSpace objects, 127(2MB) LOS objects, 18% free, 69MB/85MB, paused 1.560ms total 184.710ms
08-04 21:46:25.671  9688  9914 I art     : Explicit concurrent mark sweep GC freed 3(96B) AllocSpace objects, 0(0B) LOS objects, 36% free, 27MB/43MB, paused 246us total 37.899ms
08-04 21:46:25.965  9688  9750 I art     : Starting a blocking GC Explicit
08-04 21:46:26.009  9688  9750 I art     : Explicit concurrent mark sweep GC freed 1343(78KB) AllocSpace objects, 1(20KB) LOS objects, 36% free, 27MB/43MB, paused 264us total 43.747ms
08-04 21:46:26.024  9688  9750 I art     : Starting a blocking GC Explicit
08-04 21:46:26.032 10460 10460 D AndroidRuntime: >>>>>> START com.android.internal.os.RuntimeInit uid 2000 <<<<<<
08-04 21:46:26.037 10460 10460 D AndroidRuntime: CheckJNI is OFF
08-04 21:46:26.065  9688  9750 I art     : Explicit concurrent mark sweep GC freed 29(1040B) AllocSpace objects, 0(0B) LOS objects, 36% free, 27MB/43MB, paused 256us total 40.017ms
08-04 21:46:26.072 10460 10460 D ICU     : No timezone override file found: /data/misc/zoneinfo/current/icu/icu_tzdata.dat
08-04 21:46:26.080  9688  9750 I art     : Starting a blocking GC Explicit
08-04 21:46:26.106 10460 10460 I Radio-JNI: register_android_hardware_Radio DONE
08-04 21:46:26.122  9688  9750 I art     : Explicit concurrent mark sweep GC freed 3(96B) AllocSpace objects, 0(0B) LOS objects, 36% free, 27MB/43MB, paused 294us total 41.323ms
08-04 21:46:26.129 10460 10460 D AndroidRuntime: Calling main entry com.android.commands.input.Input
08-04 21:46:26.131 10460 10460 I Input   : injectKeyEvent: KeyEvent { action=ACTION_DOWN, keyCode=KEYCODE_BACK, scanCode=0, metaState=0, flags=0x0, repeatCount=0, eventTime=740802544, downTime=740802544, deviceId=-1, source=0x101 }
08-04 21:46:26.137  9688  9750 I art     : Starting a blocking GC Explicit
08-04 21:46:26.138 10460 10460 I Input   : injectKeyEvent: KeyEvent { action=ACTION_UP, keyCode=KEYCODE_BACK, scanCode=0, metaState=0, flags=0x0, repeatCount=0, eventTime=740802544, downTime=740802544, deviceId=-1, source=0x101 }
08-04 21:46:26.146 10460 10460 D AndroidRuntime: Shutting down VM
08-04 21:46:26.176  9688  9750 I art     : Explicit concurrent mark sweep GC freed 126(4KB) AllocSpace objects, 0(0B) LOS objects, 36% free, 27MB/43MB, paused 252us total 38.850ms
08-04 21:46:26.180 13866 13866 I GoogleInputMethodServic: GoogleInputMethodService.onFinishInput():3138 
08-04 21:46:26.181 13866 13866 I GoogleInputMethodServic: GoogleInputMethodService.onStartInput():1808 
08-04 21:46:26.190  9688  9750 I art     : Starting a blocking GC Explicit
08-04 21:46:26.231  9688  9750 I art     : Explicit concurrent mark sweep GC freed 124(4KB) AllocSpace objects, 0(0B) LOS objects, 36% free, 27MB/43MB, paused 287us total 40.218ms
08-04 21:46:26.399  9688 10367 I RedditChangeDataIO: Writing tmp data file at '/data/user/0/baseline.org.quantumbadger.redreader/files/rr_change_data_tmp.dat'
08-04 21:46:26.399  9688 10367 I RedditChangeDataManager: Taking snapshot...
08-04 21:46:26.399  9688 10367 I RedditChangeDataManager: Writing to stream...
08-04 21:46:26.400  9688 10367 I RedditChangeDataManager: Wrote 1 entries for user ''
08-04 21:46:26.400  9688 10367 I RedditChangeDataManager: All entries written to stream.
08-04 21:46:26.400  9688 10367 I RedditChangeDataIO: Write successful. Atomically replacing data file...
08-04 21:46:26.400  9688 10367 I RedditChangeDataIO: Write complete.
08-04 21:46:26.400  9688 10367 I RedditChangeDataIO: 38 bytes written in 2 ms
08-04 21:46:26.488   380   380 W SurfaceFlinger: couldn't log to binary event log: overflow.
08-04 21:46:26.501  9688  9750 I art     : Starting a blocking GC Explicit
08-04 21:46:26.540  9688  9750 I art     : Explicit concurrent mark sweep GC freed 1486(86KB) AllocSpace objects, 2(88KB) LOS objects, 36% free, 27MB/43MB, paused 260us total 39.180ms
08-04 21:46:26.554  9688  9750 I art     : Starting a blocking GC Explicit
08-04 21:46:26.585  9688  9750 I art     : Explicit concurrent mark sweep GC freed 46781(2MB) AllocSpace objects, 5(140KB) LOS objects, 39% free, 24MB/40MB, paused 244us total 31.092ms
08-04 21:46:26.593   918  1209 D NetworkMonitor/NetworkAgentInfo [WIFI () - 159]: Checking http://connectivitycheck.gstatic.com/generate_204 on "H369AA63323", 192.168.2.12=192.168.2.12
08-04 21:46:26.598  9688  9750 I art     : Starting a blocking GC Explicit
08-04 21:46:26.628  9688  9750 I art     : Explicit concurrent mark sweep GC freed 3(96B) AllocSpace objects, 0(0B) LOS objects, 39% free, 24MB/40MB, paused 235us total 29.748ms
08-04 21:46:26.641  9688  9750 I art     : Starting a blocking GC Explicit
08-04 21:46:26.671  9688  9750 I art     : Explicit concurrent mark sweep GC freed 3(96B) AllocSpace objects, 0(0B) LOS objects, 39% free, 24MB/40MB, paused 257us total 29.625ms
08-04 21:46:26.684  9688  9750 I art     : Starting a blocking GC Explicit
08-04 21:46:26.715  9688  9750 I art     : Explicit concurrent mark sweep GC freed 3(96B) AllocSpace objects, 0(0B) LOS objects, 39% free, 24MB/40MB, paused 239us total 30.421ms
08-04 21:46:26.720   918  1209 D NetworkMonitor/NetworkAgentInfo [WIFI () - 159]: Probably not a portal: exception java.io.IOException: unexpected end of stream on Connection{connectivitycheck.gstatic.com:80, proxy=HTTP@/192.168.2.12:8080 hostAddress=192.168.2.12 cipherSuite=none protocol=http/1.1} (recycle count=0)
08-04 21:46:26.721   918  3263 D ConnectivityService: NetworkAgentInfo [WIFI () - 159] validation failed
08-04 21:46:26.722   918  3261 E WifiConfigStore:  rewrite network history for "H369AA63323"WPA_PSK
08-04 21:46:26.991  9688  9914 I art     : Starting a blocking GC Explicit
08-04 21:46:27.029  9688  9914 I art     : Explicit concurrent mark sweep GC freed 1613(121KB) AllocSpace objects, 1(20KB) LOS objects, 39% free, 24MB/40MB, paused 465us total 37.820ms
08-04 21:46:27.043  9688  9914 I art     : Starting a blocking GC Explicit
08-04 21:46:27.073  9688  9914 I art     : Explicit concurrent mark sweep GC freed 85(2880B) AllocSpace objects, 0(0B) LOS objects, 39% free, 24MB/40MB, paused 228us total 30.022ms
08-04 21:46:27.087  9688  9914 I art     : Starting a blocking GC Explicit
08-04 21:46:27.117  9688  9914 I art     : Explicit concurrent mark sweep GC freed 3(96B) AllocSpace objects, 0(0B) LOS objects, 39% free, 24MB/40MB, paused 236us total 30.249ms
08-04 21:46:27.131  9688  9914 I art     : Starting a blocking GC Explicit
08-04 21:46:27.161  9688  9914 I art     : Explicit concurrent mark sweep GC freed 3(96B) AllocSpace objects, 0(0B) LOS objects, 39% free, 24MB/40MB, paused 237us total 29.814ms
08-04 21:46:27.174  9688  9914 I art     : Starting a blocking GC Explicit
08-04 21:46:27.205  9688  9914 I art     : Explicit concurrent mark sweep GC freed 3(96B) AllocSpace objects, 0(0B) LOS objects, 39% free, 24MB/40MB, paused 240us total 30.294ms
08-04 21:46:27.484  9688  9700 I art     : Starting a blocking GC Explicit
08-04 21:46:27.515  9688  9700 I art     : Explicit concurrent mark sweep GC freed 1342(78KB) AllocSpace objects, 1(20KB) LOS objects, 39% free, 24MB/40MB, paused 265us total 30.359ms
08-04 21:46:27.528  9688  9700 I art     : Starting a blocking GC Explicit
08-04 21:46:27.558  9688  9700 I art     : Explicit concurrent mark sweep GC freed 20(704B) AllocSpace objects, 0(0B) LOS objects, 39% free, 24MB/40MB, paused 421us total 29.507ms
08-04 21:46:27.571  9688  9700 I art     : Starting a blocking GC Explicit
08-04 21:46:27.599  9688  9700 I art     : Explicit concurrent mark sweep GC freed 3(96B) AllocSpace objects, 0(0B) LOS objects, 39% free, 24MB/40MB, paused 222us total 28.292ms
08-04 21:46:27.612  9688  9700 I art     : Starting a blocking GC Explicit
08-04 21:46:27.640  9688  9700 I art     : Explicit concurrent mark sweep GC freed 3(96B) AllocSpace objects, 0(0B) LOS objects, 39% free, 24MB/40MB, paused 225us total 28.052ms
08-04 21:46:27.653  9688  9700 I art     : Starting a blocking GC Explicit
08-04 21:46:27.682  9688  9700 I art     : Explicit concurrent mark sweep GC freed 3(96B) AllocSpace objects, 0(0B) LOS objects, 39% free, 24MB/40MB, paused 220us total 28.378ms
08-04 21:46:27.816 10506 10506 D AndroidRuntime: >>>>>> START com.android.internal.os.RuntimeInit uid 2000 <<<<<<
08-04 21:46:27.823 10506 10506 D AndroidRuntime: CheckJNI is OFF
08-04 21:46:27.856 10506 10506 D ICU     : No timezone override file found: /data/misc/zoneinfo/current/icu/icu_tzdata.dat
08-04 21:46:27.888 10506 10506 I Radio-JNI: register_android_hardware_Radio DONE
08-04 21:46:27.910 10506 10506 D AndroidRuntime: Calling main entry com.android.commands.input.Input
08-04 21:46:27.912 10506 10506 I Input   : injectMotionEvent: MotionEvent { action=ACTION_DOWN, actionButton=0, id[0]=0, x[0]=600.0, y[0]=950.0, toolType[0]=TOOL_TYPE_UNKNOWN, buttonState=0, metaState=0, flags=0x0, edgeFlags=0x0, pointerCount=1, historySize=0, eventTime=740804324, downTime=740804324, deviceId=0, source=0x1002 }
08-04 21:46:27.916 10506 10506 I Input   : injectMotionEvent: MotionEvent { action=ACTION_UP, actionButton=0, id[0]=0, x[0]=600.0, y[0]=950.0, toolType[0]=TOOL_TYPE_UNKNOWN, buttonState=0, metaState=0, flags=0x0, edgeFlags=0x0, pointerCount=1, historySize=0, eventTime=740804324, downTime=740804324, deviceId=0, source=0x1002 }
08-04 21:46:27.918 10506 10506 D AndroidRuntime: Shutting down VM
08-04 21:46:27.928   512  2967 D audio_hw_primary: out_set_parameters: enter: usecase(1: low-latency-playback) kvpairs: routing=2
08-04 21:46:27.935   918  5132 I ActivityManager: START u0 {dat=https://oauth.reddit.com/... cmp=baseline.org.quantumbadger.redreader/.activities.CommentListingActivity} from uid 10666 on display 0
08-04 21:46:27.941   512  2967 D audio_hw_primary: select_devices: out_snd_device(2: speaker) in_snd_device(0: none)
08-04 21:46:27.941   512  2967 D msm8974_platform: platform_send_audio_calibration: sending audio calibration for snd_device(2) acdb_id(15)
08-04 21:46:27.941   512  2967 I soundtrigger: audio_extn_sound_trigger_update_device_status: device 0x2 of type 0 for Event 1
08-04 21:46:27.951   512  2967 D audio_hw_primary: enable_snd_device: snd_device(2: speaker)
08-04 21:46:27.954   512  2967 D audio_hw_primary: enable_audio_route: apply and update mixer path: low-latency-playback speaker
08-04 21:46:27.958  9688  9688 I AppCompatViewInflater: app:theme is now deprecated. Please move to using android:theme instead.
08-04 21:46:27.974  9688 10539 D OK      : calling: https://oauth.reddit.com/comments/hwnhe2/.json?sort=confidence
08-04 21:46:27.974  9688  9701 I art     : Starting a blocking GC Explicit
08-04 21:46:28.003  9688  9701 I art     : Explicit concurrent mark sweep GC freed 3415(192KB) AllocSpace objects, 1(20KB) LOS objects, 39% free, 24MB/40MB, paused 288us total 28.815ms
08-04 21:46:28.016  9688  9701 I art     : Starting a blocking GC Explicit
08-04 21:46:28.034   918   936 I ActivityManager: Displayed baseline.org.quantumbadger.redreader/.activities.CommentListingActivity: +89ms
08-04 21:46:28.036 13866 13866 I GoogleInputMethodServic: GoogleInputMethodService.onFinishInput():3138 
08-04 21:46:28.037 13866 13866 I GoogleInputMethodServic: GoogleInputMethodService.onStartInput():1808 
08-04 21:46:28.046  9688  9701 I art     : Explicit concurrent mark sweep GC freed 1020(41KB) AllocSpace objects, 0(0B) LOS objects, 38% free, 25MB/41MB, paused 310us total 29.740ms
08-04 21:46:28.060  9688  9701 I art     : Starting a blocking GC Explicit
08-04 21:46:28.088  9688  9701 I art     : Explicit concurrent mark sweep GC freed 152(9KB) AllocSpace objects, 0(0B) LOS objects, 38% free, 25MB/41MB, paused 267us total 27.868ms
08-04 21:46:28.100  9688  9701 I art     : Starting a blocking GC Explicit
08-04 21:46:28.129  9688  9701 I art     : Explicit concurrent mark sweep GC freed 1891(74KB) AllocSpace objects, 0(0B) LOS objects, 38% free, 25MB/41MB, paused 417us total 29.076ms
08-04 21:46:28.142  9688  9701 I art     : Starting a blocking GC Explicit
08-04 21:46:28.171  9688  9701 I art     : Explicit concurrent mark sweep GC freed 143(5KB) AllocSpace objects, 0(0B) LOS objects, 38% free, 25MB/41MB, paused 487us total 28.918ms
08-04 21:46:28.270  9688 10539 I NAPPA_EXPERIMENTATION: MetricNetworkRequestExecutionTime: REQUEST_DURATION_SYSTEM='296',REQUEST_DURATION_OKHTTP='135',REQUEST_SYNCHRONOUS='TRUE',RESPONSE_CODE='200',RESPONSE_METHOD='GET',RESPONSE_LENGTH_OKHTTP='-1',RESPONSE_LENGTH_HEADER='3930',REQUEST_PROTOCOL='h2',REQUEST_URL='https://oauth.reddit.com/comments/hwnhe2/.json?sort=confidence',
08-04 21:46:28.270  9688 10539 D OK      : request got status: 200
08-04 21:46:28.279  9688 10259 I CommentListingActivity: COMMENTS session changed to bab52fa3-e808-414e-a498-e9a28c41c45e
08-04 21:46:28.291   380   380 W SurfaceFlinger: couldn't log to binary event log: overflow.
08-04 21:46:28.399   918  3188 I hubconnection: sensorhub said: 'set_bias 3: -6.2400, 0.0000, 0.0000'
08-04 21:46:28.406  9688  9750 I art     : Starting a blocking GC Explicit
08-04 21:46:28.438  9688  9750 I art     : Explicit concurrent mark sweep GC freed 5936(473KB) AllocSpace objects, 5(188KB) LOS objects, 38% free, 25MB/41MB, paused 905us total 31.818ms
08-04 21:46:28.450  9688  9750 I art     : Starting a blocking GC Explicit
08-04 21:46:28.478  9688  9750 I art     : Explicit concurrent mark sweep GC freed 168(6KB) AllocSpace objects, 0(0B) LOS objects, 38% free, 25MB/41MB, paused 254us total 28.159ms
08-04 21:46:28.491  9688  9750 I art     : Starting a blocking GC Explicit
08-04 21:46:28.498   512  2967 D audio_hw_primary: disable_audio_route: reset and update mixer path: low-latency-playback speaker
08-04 21:46:28.499   512  2967 D audio_hw_primary: disable_snd_device: snd_device(2: speaker)
08-04 21:46:28.507   512  2967 I soundtrigger: audio_extn_sound_trigger_update_device_status: device 0x2 of type 0 for Event 0
08-04 21:46:28.520  9688  9750 I art     : Explicit concurrent mark sweep GC freed 3(96B) AllocSpace objects, 0(0B) LOS objects, 38% free, 25MB/41MB, paused 309us total 28.627ms
08-04 21:46:28.533  9688  9750 I art     : Starting a blocking GC Explicit
08-04 21:46:28.561  9688  9750 I art     : Explicit concurrent mark sweep GC freed 3(96B) AllocSpace objects, 0(0B) LOS objects, 38% free, 25MB/41MB, paused 222us total 27.680ms
08-04 21:46:28.574  9688  9750 I art     : Starting a blocking GC Explicit
08-04 21:46:28.604  9688  9750 I art     : Explicit concurrent mark sweep GC freed 3(96B) AllocSpace objects, 0(0B) LOS objects, 38% free, 25MB/41MB, paused 255us total 30.223ms
08-04 21:46:28.723   918  1209 D NetworkMonitor/NetworkAgentInfo [WIFI () - 159]: Checking http://connectivitycheck.gstatic.com/generate_204 on "H369AA63323", 192.168.2.12=192.168.2.12
08-04 21:46:28.768   918  1209 D NetworkMonitor/NetworkAgentInfo [WIFI () - 159]: Probably not a portal: exception java.io.IOException: unexpected end of stream on Connection{connectivitycheck.gstatic.com:80, proxy=HTTP@/192.168.2.12:8080 hostAddress=192.168.2.12 cipherSuite=none protocol=http/1.1} (recycle count=0)
08-04 21:46:28.769   918  3263 D ConnectivityService: NetworkAgentInfo [WIFI () - 159] validation failed
08-04 21:46:28.770   918  3261 E WifiConfigStore:  rewrite network history for "H369AA63323"WPA_PSK
08-04 21:46:28.885  9688  9914 I art     : Starting a blocking GC Explicit
08-04 21:46:28.918  9688  9914 I art     : Explicit concurrent mark sweep GC freed 1342(79KB) AllocSpace objects, 1(20KB) LOS objects, 38% free, 25MB/41MB, paused 259us total 32.464ms
08-04 21:46:28.933  9688  9914 I art     : Starting a blocking GC Explicit
08-04 21:46:28.963  9688  9914 I art     : Explicit concurrent mark sweep GC freed 20(704B) AllocSpace objects, 0(0B) LOS objects, 38% free, 25MB/41MB, paused 227us total 29.513ms
08-04 21:46:28.977  9688  9914 I art     : Starting a blocking GC Explicit
08-04 21:46:29.006  9688  9914 I art     : Explicit concurrent mark sweep GC freed 49(1920B) AllocSpace objects, 0(0B) LOS objects, 38% free, 25MB/41MB, paused 251us total 29.596ms
08-04 21:46:29.020  9688  9914 I art     : Starting a blocking GC Explicit
08-04 21:46:29.050  9688  9914 I art     : Explicit concurrent mark sweep GC freed 3(96B) AllocSpace objects, 0(0B) LOS objects, 38% free, 25MB/41MB, paused 253us total 30.674ms
08-04 21:46:29.064  9688  9914 I art     : Starting a blocking GC Explicit
08-04 21:46:29.096  9688  9914 I art     : Explicit concurrent mark sweep GC freed 3(96B) AllocSpace objects, 0(0B) LOS objects, 38% free, 25MB/41MB, paused 257us total 31.777ms
08-04 21:46:29.373  9688  9750 I art     : Starting a blocking GC Explicit
08-04 21:46:29.420  9688  9750 I art     : Explicit concurrent mark sweep GC freed 1342(79KB) AllocSpace objects, 1(20KB) LOS objects, 38% free, 25MB/41MB, paused 291us total 46.468ms
08-04 21:46:29.437  9688  9750 I art     : Starting a blocking GC Explicit
08-04 21:46:29.469  9688  9750 I art     : Explicit concurrent mark sweep GC freed 20(704B) AllocSpace objects, 0(0B) LOS objects, 38% free, 25MB/41MB, paused 255us total 31.830ms
08-04 21:46:29.482  9688  9750 I art     : Starting a blocking GC Explicit
08-04 21:46:29.515  9688  9750 I art     : Explicit concurrent mark sweep GC freed 3(96B) AllocSpace objects, 0(0B) LOS objects, 38% free, 25MB/41MB, paused 270us total 31.968ms
08-04 21:46:29.528  9688  9750 I art     : Starting a blocking GC Explicit
08-04 21:46:29.562  9688  9750 I art     : Explicit concurrent mark sweep GC freed 3(96B) AllocSpace objects, 0(0B) LOS objects, 38% free, 25MB/41MB, paused 265us total 32.824ms
08-04 21:46:29.575  9688  9750 I art     : Starting a blocking GC Explicit
08-04 21:46:29.608  9688  9750 I art     : Explicit concurrent mark sweep GC freed 3(96B) AllocSpace objects, 0(0B) LOS objects, 38% free, 25MB/41MB, paused 257us total 32.293ms
08-04 21:46:29.915  9688  9701 I art     : Starting a blocking GC Explicit
08-04 21:46:29.956  9688  9701 I art     : Explicit concurrent mark sweep GC freed 1342(79KB) AllocSpace objects, 1(20KB) LOS objects, 38% free, 25MB/41MB, paused 298us total 41.065ms
08-04 21:46:29.973  9688  9701 I art     : Starting a blocking GC Explicit
08-04 21:46:30.006  9688  9701 I art     : Explicit concurrent mark sweep GC freed 20(704B) AllocSpace objects, 0(0B) LOS objects, 38% free, 25MB/41MB, paused 260us total 32.603ms
08-04 21:46:30.020  9688  9701 I art     : Starting a blocking GC Explicit
08-04 21:46:30.052  9688  9701 I art     : Explicit concurrent mark sweep GC freed 3(96B) AllocSpace objects, 0(0B) LOS objects, 38% free, 25MB/41MB, paused 264us total 31.667ms
08-04 21:46:30.065  9688  9701 I art     : Starting a blocking GC Explicit
08-04 21:46:30.098  9688  9701 I art     : Explicit concurrent mark sweep GC freed 3(96B) AllocSpace objects, 0(0B) LOS objects, 38% free, 25MB/41MB, paused 265us total 32.452ms
08-04 21:46:30.112  9688  9701 I art     : Starting a blocking GC Explicit
08-04 21:46:30.144  9688  9701 I art     : Explicit concurrent mark sweep GC freed 3(96B) AllocSpace objects, 0(0B) LOS objects, 38% free, 25MB/41MB, paused 268us total 32.554ms
08-04 21:46:30.249   518   646 I ThermalEngine: ACTION: GPU - Setting GPU[0] to 450000000
08-04 21:46:30.437   918  1210 D NetlinkSocketObserver: NeighborEvent{elapsedMs=1724194311, 192.168.2.254, [7C3953A63323], RTM_NEWNEIGH, NUD_REACHABLE}
08-04 21:46:30.468  9688  9700 I art     : Starting a blocking GC Explicit
08-04 21:46:30.513  9688  9700 I art     : Explicit concurrent mark sweep GC freed 1342(79KB) AllocSpace objects, 1(20KB) LOS objects, 38% free, 25MB/41MB, paused 333us total 45.054ms
08-04 21:46:30.532  9688  9700 I art     : Starting a blocking GC Explicit
08-04 21:46:30.572  9688  9700 I art     : Explicit concurrent mark sweep GC freed 20(704B) AllocSpace objects, 0(0B) LOS objects, 38% free, 25MB/41MB, paused 356us total 39.820ms
08-04 21:46:30.589  9688  9700 I art     : Starting a blocking GC Explicit
08-04 21:46:30.632  9688  9700 I art     : Explicit concurrent mark sweep GC freed 3(96B) AllocSpace objects, 0(0B) LOS objects, 38% free, 25MB/41MB, paused 347us total 42.756ms
08-04 21:46:30.650  9688  9700 I art     : Starting a blocking GC Explicit
08-04 21:46:30.692  9688  9700 I art     : Explicit concurrent mark sweep GC freed 3(96B) AllocSpace objects, 0(0B) LOS objects, 38% free, 25MB/41MB, paused 351us total 41.246ms
08-04 21:46:30.710  9688  9700 I art     : Starting a blocking GC Explicit
08-04 21:46:30.753  9688  9700 I art     : Explicit concurrent mark sweep GC freed 3(96B) AllocSpace objects, 0(0B) LOS objects, 38% free, 25MB/41MB, paused 350us total 42.771ms
08-04 21:46:31.081  9688  9914 I art     : Starting a blocking GC Explicit
08-04 21:46:31.135  9688  9914 I art     : Explicit concurrent mark sweep GC freed 1343(79KB) AllocSpace objects, 1(20KB) LOS objects, 38% free, 25MB/41MB, paused 380us total 53.319ms
08-04 21:46:31.156  9688  9914 I art     : Starting a blocking GC Explicit
08-04 21:46:31.198  9688  9914 I art     : Explicit concurrent mark sweep GC freed 20(704B) AllocSpace objects, 0(0B) LOS objects, 38% free, 25MB/41MB, paused 365us total 41.958ms
08-04 21:46:31.216  9688  9914 I art     : Starting a blocking GC Explicit
08-04 21:46:31.245   518   646 I ThermalEngine: ACTION: GPU - Setting GPU[0] to 510000000
08-04 21:46:31.258  9688  9914 I art     : Explicit concurrent mark sweep GC freed 3(96B) AllocSpace objects, 0(0B) LOS objects, 38% free, 25MB/41MB, paused 352us total 42.386ms
08-04 21:46:31.277  9688  9914 I art     : Starting a blocking GC Explicit
08-04 21:46:31.312  9688  9914 I art     : Explicit concurrent mark sweep GC freed 3(96B) AllocSpace objects, 0(0B) LOS objects, 38% free, 25MB/41MB, paused 263us total 35.130ms
08-04 21:46:31.326  9688  9914 I art     : Starting a blocking GC Explicit
08-04 21:46:31.359  9688  9914 I art     : Explicit concurrent mark sweep GC freed 3(96B) AllocSpace objects, 0(0B) LOS objects, 38% free, 25MB/41MB, paused 316us total 32.662ms
08-04 21:46:31.677  9688  9750 I art     : Starting a blocking GC Explicit
08-04 21:46:31.718  9688  9750 I art     : Explicit concurrent mark sweep GC freed 1346(79KB) AllocSpace objects, 1(20KB) LOS objects, 38% free, 25MB/41MB, paused 287us total 40.081ms
08-04 21:46:31.735  9688  9750 I art     : Starting a blocking GC Explicit
08-04 21:46:31.767  9688  9750 I art     : Explicit concurrent mark sweep GC freed 20(704B) AllocSpace objects, 0(0B) LOS objects, 38% free, 25MB/41MB, paused 248us total 31.377ms
08-04 21:46:31.780  9688  9750 I art     : Starting a blocking GC Explicit
08-04 21:46:31.812  9688  9750 I art     : Explicit concurrent mark sweep GC freed 3(96B) AllocSpace objects, 0(0B) LOS objects, 38% free, 25MB/41MB, paused 251us total 31.414ms
08-04 21:46:31.825  9688  9750 I art     : Starting a blocking GC Explicit
08-04 21:46:31.858  9688  9750 I art     : Explicit concurrent mark sweep GC freed 3(96B) AllocSpace objects, 0(0B) LOS objects, 38% free, 25MB/41MB, paused 262us total 32.313ms
08-04 21:46:31.872  9688  9750 I art     : Starting a blocking GC Explicit
08-04 21:46:31.903  9688  9750 I art     : Explicit concurrent mark sweep GC freed 3(96B) AllocSpace objects, 0(0B) LOS objects, 38% free, 25MB/41MB, paused 271us total 31.575ms
08-04 21:46:32.221  9688  9701 I art     : Starting a blocking GC Explicit
08-04 21:46:32.253  9688  9701 I art     : Explicit concurrent mark sweep GC freed 1343(79KB) AllocSpace objects, 1(20KB) LOS objects, 38% free, 25MB/41MB, paused 268us total 31.914ms
08-04 21:46:32.267  9688  9701 I art     : Starting a blocking GC Explicit
08-04 21:46:32.295  9688  9701 I art     : Explicit concurrent mark sweep GC freed 20(704B) AllocSpace objects, 0(0B) LOS objects, 38% free, 25MB/41MB, paused 245us total 27.672ms
08-04 21:46:32.307  9688  9701 I art     : Starting a blocking GC Explicit
08-04 21:46:32.337  9688  9701 I art     : Explicit concurrent mark sweep GC freed 3(96B) AllocSpace objects, 0(0B) LOS objects, 38% free, 25MB/41MB, paused 274us total 29.774ms
08-04 21:46:32.350  9688  9701 I art     : Starting a blocking GC Explicit
08-04 21:46:32.380  9688  9701 I art     : Explicit concurrent mark sweep GC freed 3(96B) AllocSpace objects, 0(0B) LOS objects, 38% free, 25MB/41MB, paused 242us total 29.740ms
08-04 21:46:32.393  9688  9701 I art     : Starting a blocking GC Explicit
08-04 21:46:32.423  9688  9701 I art     : Explicit concurrent mark sweep GC freed 3(96B) AllocSpace objects, 0(0B) LOS objects, 38% free, 25MB/41MB, paused 247us total 29.238ms
08-04 21:46:32.571 10621 10621 D AndroidRuntime: >>>>>> START com.android.internal.os.RuntimeInit uid 2000 <<<<<<
08-04 21:46:32.576 10621 10621 D AndroidRuntime: CheckJNI is OFF
08-04 21:46:32.608 10621 10621 D ICU     : No timezone override file found: /data/misc/zoneinfo/current/icu/icu_tzdata.dat
08-04 21:46:32.639 10621 10621 I Radio-JNI: register_android_hardware_Radio DONE
08-04 21:46:32.662 10621 10621 D AndroidRuntime: Calling main entry com.android.commands.input.Input
08-04 21:46:32.664 10621 10621 I Input   : injectKeyEvent: KeyEvent { action=ACTION_DOWN, keyCode=KEYCODE_BACK, scanCode=0, metaState=0, flags=0x0, repeatCount=0, eventTime=740809077, downTime=740809077, deviceId=-1, source=0x101 }
08-04 21:46:32.668 10621 10621 I Input   : injectKeyEvent: KeyEvent { action=ACTION_UP, keyCode=KEYCODE_BACK, scanCode=0, metaState=0, flags=0x0, repeatCount=0, eventTime=740809077, downTime=740809077, deviceId=-1, source=0x101 }
08-04 21:46:32.674 10621 10621 D AndroidRuntime: Shutting down VM
08-04 21:46:32.685  9688  9700 I art     : Starting a blocking GC Explicit
08-04 21:46:32.716  9688  9700 I art     : Explicit concurrent mark sweep GC freed 1470(83KB) AllocSpace objects, 1(20KB) LOS objects, 38% free, 25MB/41MB, paused 267us total 31.022ms
08-04 21:46:32.721 13866 13866 I GoogleInputMethodServic: GoogleInputMethodService.onFinishInput():3138 
08-04 21:46:32.721 13866 13866 I GoogleInputMethodServic: GoogleInputMethodService.onStartInput():1808 
08-04 21:46:32.730  9688  9700 I art     : Starting a blocking GC Explicit
08-04 21:46:32.759  9688  9700 I art     : Explicit concurrent mark sweep GC freed 134(4KB) AllocSpace objects, 0(0B) LOS objects, 38% free, 25MB/41MB, paused 273us total 28.925ms
08-04 21:46:32.772  9688  9700 I art     : Starting a blocking GC Explicit
08-04 21:46:32.773   918  1209 D NetworkMonitor/NetworkAgentInfo [WIFI () - 159]: Checking http://connectivitycheck.gstatic.com/generate_204 on "H369AA63323", 192.168.2.12=192.168.2.12
08-04 21:46:32.798  9688  9700 I art     : Explicit concurrent mark sweep GC freed 9(336B) AllocSpace objects, 0(0B) LOS objects, 38% free, 25MB/41MB, paused 222us total 26.022ms
08-04 21:46:32.810  9688  9700 I art     : Starting a blocking GC Explicit
08-04 21:46:32.842  9688  9700 I art     : Explicit concurrent mark sweep GC freed 3(96B) AllocSpace objects, 0(0B) LOS objects, 38% free, 25MB/41MB, paused 251us total 31.138ms
08-04 21:46:32.856  9688  9700 I art     : Starting a blocking GC Explicit
08-04 21:46:32.865   918  1209 D NetworkMonitor/NetworkAgentInfo [WIFI () - 159]: Probably not a portal: exception java.io.IOException: unexpected end of stream on Connection{connectivitycheck.gstatic.com:80, proxy=HTTP@/192.168.2.12:8080 hostAddress=192.168.2.12 cipherSuite=none protocol=http/1.1} (recycle count=0)
08-04 21:46:32.866   918  3263 D ConnectivityService: NetworkAgentInfo [WIFI () - 159] validation failed
08-04 21:46:32.868   918  3261 E WifiConfigStore:  rewrite network history for "H369AA63323"WPA_PSK
08-04 21:46:32.893  9688  9700 I art     : Explicit concurrent mark sweep GC freed 3(96B) AllocSpace objects, 0(0B) LOS objects, 38% free, 25MB/41MB, paused 244us total 36.669ms
08-04 21:46:32.947  9688 10538 I RedditChangeDataIO: Writing tmp data file at '/data/user/0/baseline.org.quantumbadger.redreader/files/rr_change_data_tmp.dat'
08-04 21:46:32.948  9688 10538 I RedditChangeDataManager: Taking snapshot...
08-04 21:46:32.949  9688 10538 I RedditChangeDataManager: Writing to stream...
08-04 21:46:32.949  9688 10538 I RedditChangeDataManager: Wrote 2 entries for user ''
08-04 21:46:32.949  9688 10538 I RedditChangeDataManager: All entries written to stream.
08-04 21:46:32.949  9688 10538 I RedditChangeDataIO: Write successful. Atomically replacing data file...
08-04 21:46:32.949  9688 10538 I RedditChangeDataIO: Write complete.
08-04 21:46:32.950  9688 10538 I RedditChangeDataIO: 62 bytes written in 2 ms
08-04 21:46:33.031   380   380 W SurfaceFlinger: couldn't log to binary event log: overflow.
08-04 21:46:33.157  9688  9750 I art     : Starting a blocking GC Explicit
08-04 21:46:33.186  9688  9750 I art     : Explicit concurrent mark sweep GC freed 1470(85KB) AllocSpace objects, 2(88KB) LOS objects, 38% free, 25MB/41MB, paused 257us total 28.428ms
08-04 21:46:33.198  9688  9750 I art     : Starting a blocking GC Explicit
08-04 21:46:33.225  9688  9750 I art     : Explicit concurrent mark sweep GC freed 3857(310KB) AllocSpace objects, 5(140KB) LOS objects, 39% free, 24MB/40MB, paused 237us total 26.792ms
08-04 21:46:33.237  9688  9750 I art     : Starting a blocking GC Explicit
08-04 21:46:33.264  9688  9750 I art     : Explicit concurrent mark sweep GC freed 3(96B) AllocSpace objects, 0(0B) LOS objects, 39% free, 24MB/40MB, paused 244us total 26.344ms
08-04 21:46:33.276  9688  9750 I art     : Starting a blocking GC Explicit
08-04 21:46:33.307  9688  9750 I art     : Explicit concurrent mark sweep GC freed 32(1568B) AllocSpace objects, 0(0B) LOS objects, 39% free, 24MB/40MB, paused 279us total 30.410ms
08-04 21:46:33.319  9688  9750 I art     : Starting a blocking GC Explicit
08-04 21:46:33.345  9688  9750 I art     : Explicit concurrent mark sweep GC freed 209(35KB) AllocSpace objects, 0(0B) LOS objects, 39% free, 24MB/40MB, paused 222us total 25.957ms
08-04 21:46:33.617  9688  9914 I art     : Starting a blocking GC Explicit
08-04 21:46:33.648  9688  9914 I art     : Explicit concurrent mark sweep GC freed 1407(81KB) AllocSpace objects, 1(20KB) LOS objects, 39% free, 24MB/40MB, paused 242us total 31.010ms
08-04 21:46:33.661  9688  9914 I art     : Starting a blocking GC Explicit
08-04 21:46:33.692  9688  9914 I art     : Explicit concurrent mark sweep GC freed 20(704B) AllocSpace objects, 0(0B) LOS objects, 39% free, 24MB/40MB, paused 329us total 30.167ms
08-04 21:46:33.705  9688  9914 I art     : Starting a blocking GC Explicit
08-04 21:46:33.735  9688  9914 I art     : Explicit concurrent mark sweep GC freed 3(96B) AllocSpace objects, 0(0B) LOS objects, 39% free, 24MB/40MB, paused 232us total 29.895ms
08-04 21:46:33.748  9688  9914 I art     : Starting a blocking GC Explicit
08-04 21:46:33.779  9688  9914 I art     : Explicit concurrent mark sweep GC freed 3(96B) AllocSpace objects, 0(0B) LOS objects, 39% free, 24MB/40MB, paused 240us total 30.656ms
08-04 21:46:33.793  9688  9914 I art     : Starting a blocking GC Explicit
08-04 21:46:33.824  9688  9914 I art     : Explicit concurrent mark sweep GC freed 3(96B) AllocSpace objects, 0(0B) LOS objects, 39% free, 24MB/40MB, paused 249us total 30.542ms
08-04 21:46:34.077  9688  9701 I art     : Starting a blocking GC Explicit
08-04 21:46:34.108  9688  9701 I art     : Explicit concurrent mark sweep GC freed 1342(79KB) AllocSpace objects, 1(20KB) LOS objects, 39% free, 24MB/40MB, paused 266us total 30.412ms
08-04 21:46:34.121  9688  9701 I art     : Starting a blocking GC Explicit
08-04 21:46:34.151  9688  9701 I art     : Explicit concurrent mark sweep GC freed 20(704B) AllocSpace objects, 0(0B) LOS objects, 39% free, 24MB/40MB, paused 245us total 29.616ms
08-04 21:46:34.164  9688  9701 I art     : Starting a blocking GC Explicit
08-04 21:46:34.192  9688  9701 I art     : Explicit concurrent mark sweep GC freed 3(96B) AllocSpace objects, 0(0B) LOS objects, 39% free, 24MB/40MB, paused 232us total 28.523ms
08-04 21:46:34.205  9688  9701 I art     : Starting a blocking GC Explicit
08-04 21:46:34.235  9688  9701 I art     : Explicit concurrent mark sweep GC freed 3(96B) AllocSpace objects, 0(0B) LOS objects, 39% free, 24MB/40MB, paused 235us total 29.212ms
08-04 21:46:34.248  9688  9701 I art     : Starting a blocking GC Explicit
08-04 21:46:34.278  9688  9701 I art     : Explicit concurrent mark sweep GC freed 3(96B) AllocSpace objects, 0(0B) LOS objects, 39% free, 24MB/40MB, paused 249us total 29.391ms
08-04 21:46:34.354 10669 10669 D AndroidRuntime: >>>>>> START com.android.internal.os.RuntimeInit uid 2000 <<<<<<
08-04 21:46:34.359 10669 10669 D AndroidRuntime: CheckJNI is OFF
08-04 21:46:34.395 10669 10669 D ICU     : No timezone override file found: /data/misc/zoneinfo/current/icu/icu_tzdata.dat
08-04 21:46:34.431 10669 10669 I Radio-JNI: register_android_hardware_Radio DONE
08-04 21:46:34.453 10669 10669 D AndroidRuntime: Calling main entry com.android.commands.input.Input
08-04 21:46:34.454 10669 10669 I Input   : injectMotionEvent: MotionEvent { action=ACTION_DOWN, actionButton=0, id[0]=0, x[0]=600.0, y[0]=1200.0, toolType[0]=TOOL_TYPE_UNKNOWN, buttonState=0, metaState=0, flags=0x0, edgeFlags=0x0, pointerCount=1, historySize=0, eventTime=740810867, downTime=740810867, deviceId=0, source=0x1002 }
08-04 21:46:34.460 10669 10669 I Input   : injectMotionEvent: MotionEvent { action=ACTION_UP, actionButton=0, id[0]=0, x[0]=600.0, y[0]=1200.0, toolType[0]=TOOL_TYPE_UNKNOWN, buttonState=0, metaState=0, flags=0x0, edgeFlags=0x0, pointerCount=1, historySize=0, eventTime=740810867, downTime=740810867, deviceId=0, source=0x1002 }
08-04 21:46:34.466 10669 10669 D AndroidRuntime: Shutting down VM
08-04 21:46:34.469   512  2967 D audio_hw_primary: out_set_parameters: enter: usecase(1: low-latency-playback) kvpairs: routing=2
08-04 21:46:34.473   918   929 I ActivityManager: START u0 {dat=https://oauth.reddit.com/... cmp=baseline.org.quantumbadger.redreader/.activities.CommentListingActivity} from uid 10666 on display 0
08-04 21:46:34.482   512  2967 D audio_hw_primary: select_devices: out_snd_device(2: speaker) in_snd_device(0: none)
08-04 21:46:34.482   512  2967 D msm8974_platform: platform_send_audio_calibration: sending audio calibration for snd_device(2) acdb_id(15)
08-04 21:46:34.483   512  2967 I soundtrigger: audio_extn_sound_trigger_update_device_status: device 0x2 of type 0 for Event 1
08-04 21:46:34.492   512  2967 D audio_hw_primary: enable_snd_device: snd_device(2: speaker)
08-04 21:46:34.493  9688  9688 I AppCompatViewInflater: app:theme is now deprecated. Please move to using android:theme instead.
08-04 21:46:34.494   512  2967 D audio_hw_primary: enable_audio_route: apply and update mixer path: low-latency-playback speaker
08-04 21:46:34.510  9688 10704 D OK      : calling: https://oauth.reddit.com/comments/hza888/.json?sort=confidence
08-04 21:46:34.550  9688  9701 I art     : Starting a blocking GC Explicit
08-04 21:46:34.574   918   936 I ActivityManager: Displayed baseline.org.quantumbadger.redreader/.activities.CommentListingActivity: +92ms
08-04 21:46:34.575 13866 13866 I GoogleInputMethodServic: GoogleInputMethodService.onFinishInput():3138 
08-04 21:46:34.575 13866 13866 I GoogleInputMethodServic: GoogleInputMethodService.onStartInput():1808 
08-04 21:46:34.580  9688  9701 I art     : Explicit concurrent mark sweep GC freed 4048(215KB) AllocSpace objects, 1(20KB) LOS objects, 38% free, 25MB/41MB, paused 544us total 29.991ms
08-04 21:46:34.594  9688  9701 I art     : Starting a blocking GC Explicit
08-04 21:46:34.625  9688  9701 I art     : Explicit concurrent mark sweep GC freed 527(27KB) AllocSpace objects, 0(0B) LOS objects, 39% free, 25MB/41MB, paused 261us total 30.206ms
08-04 21:46:34.637  9688  9701 I art     : Starting a blocking GC Explicit
08-04 21:46:34.665  9688  9701 I art     : Explicit concurrent mark sweep GC freed 5(160B) AllocSpace objects, 0(0B) LOS objects, 39% free, 25MB/41MB, paused 263us total 27.891ms
08-04 21:46:34.679  9688  9701 I art     : Starting a blocking GC Explicit
08-04 21:46:34.708  9688  9701 I art     : Explicit concurrent mark sweep GC freed 1935(75KB) AllocSpace objects, 0(0B) LOS objects, 38% free, 25MB/41MB, paused 281us total 29.591ms
08-04 21:46:34.722  9688  9701 I art     : Starting a blocking GC Explicit
08-04 21:46:34.752  9688  9701 I art     : Explicit concurrent mark sweep GC freed 82(3KB) AllocSpace objects, 0(0B) LOS objects, 39% free, 25MB/41MB, paused 276us total 29.981ms
08-04 21:46:34.831   380   380 W SurfaceFlinger: couldn't log to binary event log: overflow.
08-04 21:46:34.836  9688 10704 I NAPPA_EXPERIMENTATION: MetricNetworkRequestExecutionTime: REQUEST_DURATION_SYSTEM='326',REQUEST_DURATION_OKHTTP='146',REQUEST_SYNCHRONOUS='TRUE',RESPONSE_CODE='200',RESPONSE_METHOD='GET',RESPONSE_LENGTH_OKHTTP='-1',RESPONSE_LENGTH_HEADER='21928',REQUEST_PROTOCOL='h2',REQUEST_URL='https://oauth.reddit.com/comments/hza888/.json?sort=confidence',
08-04 21:46:34.836  9688 10704 D OK      : request got status: 200
08-04 21:46:34.846  9688 10259 I CommentListingActivity: COMMENTS session changed to 8018148c-464c-482e-a47b-87625167c09d
08-04 21:46:34.989   918  3261 D WifiStateMachine: starting scan for "H369AA63323"WPA_PSK with 2412,5180
08-04 21:46:34.995  9688  9701 I art     : Starting a blocking GC Explicit
08-04 21:46:35.029   512  2967 D audio_hw_primary: disable_audio_route: reset and update mixer path: low-latency-playback speaker
08-04 21:46:35.030   512  2967 D audio_hw_primary: disable_snd_device: snd_device(2: speaker)
08-04 21:46:35.031  9688  9701 I art     : Explicit concurrent mark sweep GC freed 19280(1140KB) AllocSpace objects, 3(156KB) LOS objects, 37% free, 26MB/42MB, paused 471us total 35.484ms
08-04 21:46:35.037   512  2967 I soundtrigger: audio_extn_sound_trigger_update_device_status: device 0x2 of type 0 for Event 0
08-04 21:46:35.044  9688  9701 I art     : Starting a blocking GC Explicit
08-04 21:46:35.079  9688  9701 I art     : Explicit concurrent mark sweep GC freed 277(19KB) AllocSpace objects, 0(0B) LOS objects, 37% free, 26MB/42MB, paused 246us total 34.427ms
08-04 21:46:35.093  9688  9701 I art     : Starting a blocking GC Explicit
08-04 21:46:35.126  9688  9701 I art     : Explicit concurrent mark sweep GC freed 11(416B) AllocSpace objects, 0(0B) LOS objects, 37% free, 26MB/42MB, paused 235us total 33.103ms
08-04 21:46:35.140  9688  9701 I art     : Starting a blocking GC Explicit
08-04 21:46:35.175  9688  9701 I art     : Explicit concurrent mark sweep GC freed 3(96B) AllocSpace objects, 0(0B) LOS objects, 37% free, 26MB/42MB, paused 246us total 34.890ms
08-04 21:46:35.190  9688  9701 I art     : Starting a blocking GC Explicit
08-04 21:46:35.224  9688  9701 I art     : Explicit concurrent mark sweep GC freed 3(96B) AllocSpace objects, 0(0B) LOS objects, 37% free, 26MB/42MB, paused 271us total 34.656ms
08-04 21:46:35.514  9688  9700 I art     : Starting a blocking GC Explicit
08-04 21:46:35.553  9688  9700 I art     : Explicit concurrent mark sweep GC freed 1342(80KB) AllocSpace objects, 1(20KB) LOS objects, 37% free, 26MB/42MB, paused 238us total 38.659ms
08-04 21:46:35.568  9688  9700 I art     : Starting a blocking GC Explicit
08-04 21:46:35.605  9688  9700 I art     : Explicit concurrent mark sweep GC freed 66(2528B) AllocSpace objects, 0(0B) LOS objects, 37% free, 26MB/42MB, paused 253us total 36.160ms
08-04 21:46:35.619  9688  9700 I art     : Starting a blocking GC Explicit
08-04 21:46:35.657  9688  9700 I art     : Explicit concurrent mark sweep GC freed 3(96B) AllocSpace objects, 0(0B) LOS objects, 37% free, 26MB/42MB, paused 263us total 37.430ms
08-04 21:46:35.671  9688  9700 I art     : Starting a blocking GC Explicit
08-04 21:46:35.710  9688  9700 I art     : Explicit concurrent mark sweep GC freed 3(96B) AllocSpace objects, 0(0B) LOS objects, 37% free, 26MB/42MB, paused 255us total 38.032ms
08-04 21:46:35.724  9688  9700 I art     : Starting a blocking GC Explicit
08-04 21:46:35.762  9688  9700 I art     : Explicit concurrent mark sweep GC freed 3(96B) AllocSpace objects, 0(0B) LOS objects, 37% free, 26MB/42MB, paused 256us total 37.412ms
08-04 21:46:36.043  9688  9750 I art     : Starting a blocking GC Explicit
08-04 21:46:36.091  9688  9750 I art     : Explicit concurrent mark sweep GC freed 1342(80KB) AllocSpace objects, 1(20KB) LOS objects, 37% free, 26MB/42MB, paused 289us total 47.776ms
08-04 21:46:36.109  9688  9750 I art     : Starting a blocking GC Explicit
08-04 21:46:36.148  9688  9750 I art     : Explicit concurrent mark sweep GC freed 20(704B) AllocSpace objects, 0(0B) LOS objects, 37% free, 26MB/42MB, paused 273us total 38.162ms
08-04 21:46:36.162  9688  9750 I art     : Starting a blocking GC Explicit
08-04 21:46:36.200  9688  9750 I art     : Explicit concurrent mark sweep GC freed 3(96B) AllocSpace objects, 0(0B) LOS objects, 37% free, 26MB/42MB, paused 264us total 37.876ms
08-04 21:46:36.215  9688  9750 I art     : Starting a blocking GC Explicit
08-04 21:46:36.252  9688  9750 I art     : Explicit concurrent mark sweep GC freed 3(96B) AllocSpace objects, 0(0B) LOS objects, 37% free, 26MB/42MB, paused 260us total 37.092ms
08-04 21:46:36.254   518   646 I ThermalEngine: ACTION: GPU - Setting GPU[0] to 450000000
08-04 21:46:36.271  9688  9750 I art     : Starting a blocking GC Explicit
08-04 21:46:36.322  9688  9750 I art     : Explicit concurrent mark sweep GC freed 3(96B) AllocSpace objects, 0(0B) LOS objects, 37% free, 26MB/42MB, paused 349us total 50.519ms
08-04 21:46:36.640  9688  9701 I art     : Starting a blocking GC Explicit
08-04 21:46:36.697  9688  9701 I art     : Explicit concurrent mark sweep GC freed 1342(80KB) AllocSpace objects, 1(20KB) LOS objects, 37% free, 26MB/42MB, paused 345us total 56.899ms
08-04 21:46:36.720  9688  9701 I art     : Starting a blocking GC Explicit
08-04 21:46:36.764  9688  9701 I art     : Explicit concurrent mark sweep GC freed 20(704B) AllocSpace objects, 0(0B) LOS objects, 37% free, 26MB/42MB, paused 322us total 43.576ms
08-04 21:46:36.782  9688  9701 I art     : Starting a blocking GC Explicit
08-04 21:46:36.827  9688  9701 I art     : Explicit concurrent mark sweep GC freed 3(96B) AllocSpace objects, 0(0B) LOS objects, 37% free, 26MB/42MB, paused 458us total 44.345ms
08-04 21:46:36.845  9688  9701 I art     : Starting a blocking GC Explicit
08-04 21:46:36.893  9688  9701 I art     : Explicit concurrent mark sweep GC freed 3(96B) AllocSpace objects, 0(0B) LOS objects, 37% free, 26MB/42MB, paused 355us total 47.489ms
08-04 21:46:36.911  9688  9701 I art     : Starting a blocking GC Explicit
08-04 21:46:36.959  9688  9701 I art     : Explicit concurrent mark sweep GC freed 3(96B) AllocSpace objects, 0(0B) LOS objects, 37% free, 26MB/42MB, paused 347us total 47.917ms
08-04 21:46:37.248 10748 10748 D AndroidRuntime: >>>>>> START com.android.internal.os.RuntimeInit uid 2000 <<<<<<
08-04 21:46:37.254 10748 10748 D AndroidRuntime: CheckJNI is OFF
08-04 21:46:37.267  9688  9914 I art     : Starting a blocking GC Explicit
08-04 21:46:37.299 10748 10748 D ICU     : No timezone override file found: /data/misc/zoneinfo/current/icu/icu_tzdata.dat
08-04 21:46:37.312  9688  9914 I art     : Explicit concurrent mark sweep GC freed 1342(80KB) AllocSpace objects, 1(20KB) LOS objects, 37% free, 26MB/42MB, paused 379us total 44.997ms
08-04 21:46:37.331  9688  9914 I art     : Starting a blocking GC Explicit
08-04 21:46:37.347 10748 10748 I Radio-JNI: register_android_hardware_Radio DONE
08-04 21:46:37.377 10748 10748 D AndroidRuntime: Calling main entry com.android.commands.input.Input
08-04 21:46:37.378  9688  9914 I art     : Explicit concurrent mark sweep GC freed 20(704B) AllocSpace objects, 0(0B) LOS objects, 37% free, 26MB/42MB, paused 374us total 46.636ms
08-04 21:46:37.379 10748 10748 I Input   : injectKeyEvent: KeyEvent { action=ACTION_DOWN, keyCode=KEYCODE_BACK, scanCode=0, metaState=0, flags=0x0, repeatCount=0, eventTime=740813791, downTime=740813791, deviceId=-1, source=0x101 }
08-04 21:46:37.386 10748 10748 I Input   : injectKeyEvent: KeyEvent { action=ACTION_UP, keyCode=KEYCODE_BACK, scanCode=0, metaState=0, flags=0x0, repeatCount=0, eventTime=740813791, downTime=740813791, deviceId=-1, source=0x101 }
08-04 21:46:37.396  9688  9914 I art     : Starting a blocking GC Explicit
08-04 21:46:37.396 10748 10748 D AndroidRuntime: Shutting down VM
08-04 21:46:37.439  9688  9914 I art     : Explicit concurrent mark sweep GC freed 131(4KB) AllocSpace objects, 0(0B) LOS objects, 37% free, 26MB/42MB, paused 839us total 43.582ms
08-04 21:46:37.440 13866 13866 I GoogleInputMethodServic: GoogleInputMethodService.onFinishInput():3138 
08-04 21:46:37.441 13866 13866 I GoogleInputMethodServic: GoogleInputMethodService.onStartInput():1808 
08-04 21:46:37.458  9688  9914 I art     : Starting a blocking GC Explicit
08-04 21:46:37.516  9688  9914 I art     : Explicit concurrent mark sweep GC freed 117(4KB) AllocSpace objects, 0(0B) LOS objects, 37% free, 26MB/42MB, paused 374us total 57.207ms
08-04 21:46:37.533  9688  9914 I art     : Starting a blocking GC Explicit
08-04 21:46:37.572  9688  9914 I art     : Explicit concurrent mark sweep GC freed 19(656B) AllocSpace objects, 0(0B) LOS objects, 37% free, 26MB/42MB, paused 345us total 39.413ms
08-04 21:46:37.750   380   380 W SurfaceFlinger: couldn't log to binary event log: overflow.
08-04 21:46:37.858  9688  9700 I art     : Starting a blocking GC Explicit
08-04 21:46:37.902  9688  9700 I art     : Explicit concurrent mark sweep GC freed 1395(82KB) AllocSpace objects, 1(20KB) LOS objects, 37% free, 26MB/42MB, paused 346us total 44.368ms
08-04 21:46:37.920  9688  9700 I art     : Starting a blocking GC Explicit
08-04 21:46:37.959  9688  9700 I art     : Explicit concurrent mark sweep GC freed 22993(1248KB) AllocSpace objects, 5(164KB) LOS objects, 39% free, 24MB/40MB, paused 333us total 38.020ms
08-04 21:46:37.976  9688  9700 I art     : Starting a blocking GC Explicit
08-04 21:46:38.013  9688  9700 I art     : Explicit concurrent mark sweep GC freed 3(96B) AllocSpace objects, 0(0B) LOS objects, 39% free, 24MB/40MB, paused 341us total 36.800ms
08-04 21:46:38.030  9688  9700 I art     : Starting a blocking GC Explicit
08-04 21:46:38.067  9688  9700 I art     : Explicit concurrent mark sweep GC freed 3(96B) AllocSpace objects, 0(0B) LOS objects, 39% free, 24MB/40MB, paused 421us total 36.964ms
08-04 21:46:38.084  9688  9700 I art     : Starting a blocking GC Explicit
08-04 21:46:38.122  9688  9700 I art     : Explicit concurrent mark sweep GC freed 3(96B) AllocSpace objects, 0(0B) LOS objects, 39% free, 24MB/40MB, paused 353us total 37.382ms
08-04 21:46:38.259   518   646 I ThermalEngine: ACTION: GPU - Setting GPU[0] to 510000000
08-04 21:46:38.419  9688  9701 I art     : Starting a blocking GC Explicit
08-04 21:46:38.463  9688  9701 I art     : Explicit concurrent mark sweep GC freed 1346(80KB) AllocSpace objects, 1(20KB) LOS objects, 39% free, 24MB/40MB, paused 288us total 43.092ms
08-04 21:46:38.480  9688  9701 I art     : Starting a blocking GC Explicit
08-04 21:46:38.511  9688  9701 I art     : Explicit concurrent mark sweep GC freed 20(704B) AllocSpace objects, 0(0B) LOS objects, 39% free, 24MB/40MB, paused 271us total 31.132ms
08-04 21:46:38.525  9688  9701 I art     : Starting a blocking GC Explicit
08-04 21:46:38.555  9688  9701 I art     : Explicit concurrent mark sweep GC freed 3(96B) AllocSpace objects, 0(0B) LOS objects, 39% free, 24MB/40MB, paused 266us total 30.640ms
08-04 21:46:38.569  9688  9701 I art     : Starting a blocking GC Explicit
08-04 21:46:38.600  9688  9701 I art     : Explicit concurrent mark sweep GC freed 3(96B) AllocSpace objects, 0(0B) LOS objects, 39% free, 24MB/40MB, paused 271us total 30.865ms
08-04 21:46:38.614  9688  9701 I art     : Starting a blocking GC Explicit
08-04 21:46:38.644  9688  9701 I art     : Explicit concurrent mark sweep GC freed 3(96B) AllocSpace objects, 0(0B) LOS objects, 39% free, 24MB/40MB, paused 246us total 29.509ms
08-04 21:46:38.911  9688  9750 I art     : Starting a blocking GC Explicit
08-04 21:46:38.942  9688  9750 I art     : Explicit concurrent mark sweep GC freed 1343(80KB) AllocSpace objects, 1(20KB) LOS objects, 39% free, 24MB/40MB, paused 277us total 31.445ms
08-04 21:46:38.956  9688  9750 I art     : Starting a blocking GC Explicit
08-04 21:46:38.986  9688  9750 I art     : Explicit concurrent mark sweep GC freed 20(704B) AllocSpace objects, 0(0B) LOS objects, 39% free, 24MB/40MB, paused 270us total 30.200ms
08-04 21:46:39.000  9688  9750 I art     : Starting a blocking GC Explicit
08-04 21:46:39.029  9688  9750 I art     : Explicit concurrent mark sweep GC freed 3(96B) AllocSpace objects, 0(0B) LOS objects, 39% free, 24MB/40MB, paused 261us total 29.167ms
08-04 21:46:39.042  9688  9750 I art     : Starting a blocking GC Explicit
08-04 21:46:39.054 10791 10791 D AndroidRuntime: >>>>>> START com.android.internal.os.RuntimeInit uid 2000 <<<<<<
08-04 21:46:39.059 10791 10791 D AndroidRuntime: CheckJNI is OFF
08-04 21:46:39.071  9688  9750 I art     : Explicit concurrent mark sweep GC freed 3(96B) AllocSpace objects, 0(0B) LOS objects, 39% free, 24MB/40MB, paused 262us total 29.173ms
08-04 21:46:39.084  9688  9750 I art     : Starting a blocking GC Explicit
08-04 21:46:39.096 10791 10791 D ICU     : No timezone override file found: /data/misc/zoneinfo/current/icu/icu_tzdata.dat
08-04 21:46:39.113  9688  9750 I art     : Explicit concurrent mark sweep GC freed 3(96B) AllocSpace objects, 0(0B) LOS objects, 39% free, 24MB/40MB, paused 254us total 28.782ms
08-04 21:46:39.113  9688  9699 I art     : WaitForGcToComplete blocked for 5.389ms for cause HeapTrim
08-04 21:46:39.132 10791 10791 I Radio-JNI: register_android_hardware_Radio DONE
08-04 21:46:39.154 10791 10791 D AndroidRuntime: Calling main entry com.android.commands.input.Input
08-04 21:46:39.155 10791 10791 I Input   : injectMotionEvent: MotionEvent { action=ACTION_DOWN, actionButton=0, id[0]=0, x[0]=600.0, y[0]=950.0, toolType[0]=TOOL_TYPE_UNKNOWN, buttonState=0, metaState=0, flags=0x0, edgeFlags=0x0, pointerCount=1, historySize=0, eventTime=740815568, downTime=740815568, deviceId=0, source=0x1002 }
08-04 21:46:39.160 10791 10791 I Input   : injectMotionEvent: MotionEvent { action=ACTION_UP, actionButton=0, id[0]=0, x[0]=600.0, y[0]=950.0, toolType[0]=TOOL_TYPE_UNKNOWN, buttonState=0, metaState=0, flags=0x0, edgeFlags=0x0, pointerCount=1, historySize=0, eventTime=740815568, downTime=740815568, deviceId=0, source=0x1002 }
08-04 21:46:39.162 10791 10791 D AndroidRuntime: Shutting down VM
08-04 21:46:39.174   512  2967 D audio_hw_primary: out_set_parameters: enter: usecase(1: low-latency-playback) kvpairs: routing=2
08-04 21:46:39.180   918  5132 I ActivityManager: START u0 {dat=https://oauth.reddit.com/... cmp=baseline.org.quantumbadger.redreader/.activities.CommentListingActivity} from uid 10666 on display 0
08-04 21:46:39.187   512  2967 D audio_hw_primary: select_devices: out_snd_device(2: speaker) in_snd_device(0: none)
08-04 21:46:39.187   512  2967 D msm8974_platform: platform_send_audio_calibration: sending audio calibration for snd_device(2) acdb_id(15)
08-04 21:46:39.187   512  2967 I soundtrigger: audio_extn_sound_trigger_update_device_status: device 0x2 of type 0 for Event 1
08-04 21:46:39.198   512  2967 D audio_hw_primary: enable_snd_device: snd_device(2: speaker)
08-04 21:46:39.200   512  2967 D audio_hw_primary: enable_audio_route: apply and update mixer path: low-latency-playback speaker
08-04 21:46:39.203  9688  9688 I AppCompatViewInflater: app:theme is now deprecated. Please move to using android:theme instead.
08-04 21:46:39.220  9688 10259 I CommentListingActivity: COMMENTS session changed to bab52fa3-e808-414e-a498-e9a28c41c45e
08-04 21:46:39.280   918   936 I ActivityManager: Displayed baseline.org.quantumbadger.redreader/.activities.CommentListingActivity: +91ms
08-04 21:46:39.294 13866 13866 I GoogleInputMethodServic: GoogleInputMethodService.onFinishInput():3138 
08-04 21:46:39.294 13866 13866 I GoogleInputMethodServic: GoogleInputMethodService.onStartInput():1808 
08-04 21:46:39.360  9688  9750 I art     : Starting a blocking GC Explicit
08-04 21:46:39.390  9688  9750 I art     : Explicit concurrent mark sweep GC freed 7904(564KB) AllocSpace objects, 3(52KB) LOS objects, 38% free, 25MB/41MB, paused 243us total 30.262ms
08-04 21:46:39.403  9688  9750 I art     : Starting a blocking GC Explicit
08-04 21:46:39.430  9688  9750 I art     : Explicit concurrent mark sweep GC freed 512(24KB) AllocSpace objects, 0(0B) LOS objects, 38% free, 25MB/41MB, paused 226us total 26.842ms
08-04 21:46:39.443  9688  9750 I art     : Starting a blocking GC Explicit
08-04 21:46:39.470  9688  9750 I art     : Explicit concurrent mark sweep GC freed 3(96B) AllocSpace objects, 0(0B) LOS objects, 38% free, 25MB/41MB, paused 230us total 26.890ms
08-04 21:46:39.482  9688  9750 I art     : Starting a blocking GC Explicit
08-04 21:46:39.482  9688 10699 I RedditChangeDataIO: Writing tmp data file at '/data/user/0/baseline.org.quantumbadger.redreader/files/rr_change_data_tmp.dat'
08-04 21:46:39.483  9688 10699 I RedditChangeDataManager: Taking snapshot...
08-04 21:46:39.483  9688 10699 I RedditChangeDataManager: Writing to stream...
08-04 21:46:39.483  9688 10699 I RedditChangeDataManager: Wrote 3 entries for user ''
08-04 21:46:39.483  9688 10699 I RedditChangeDataManager: All entries written to stream.
08-04 21:46:39.483  9688 10699 I RedditChangeDataIO: Write successful. Atomically replacing data file...
08-04 21:46:39.484  9688 10699 I RedditChangeDataIO: Write complete.
08-04 21:46:39.484  9688 10699 I RedditChangeDataIO: 86 bytes written in 2 ms
08-04 21:46:39.509  9688  9750 I art     : Explicit concurrent mark sweep GC freed 70(4KB) AllocSpace objects, 1(68KB) LOS objects, 38% free, 25MB/41MB, paused 228us total 26.917ms
08-04 21:46:39.522  9688  9750 I art     : Starting a blocking GC Explicit
08-04 21:46:39.535   380   380 W SurfaceFlinger: couldn't log to binary event log: overflow.
08-04 21:46:39.548  9688  9750 I art     : Explicit concurrent mark sweep GC freed 14(752B) AllocSpace objects, 0(0B) LOS objects, 38% free, 25MB/41MB, paused 227us total 26.439ms
08-04 21:46:39.730   512  2967 D audio_hw_primary: disable_audio_route: reset and update mixer path: low-latency-playback speaker
08-04 21:46:39.731   512  2967 D audio_hw_primary: disable_snd_device: snd_device(2: speaker)
08-04 21:46:39.739   512  2967 I soundtrigger: audio_extn_sound_trigger_update_device_status: device 0x2 of type 0 for Event 0
08-04 21:46:39.818  9688  9914 I art     : Starting a blocking GC Explicit
08-04 21:46:39.846  9688  9914 I art     : Explicit concurrent mark sweep GC freed 1428(83KB) AllocSpace objects, 1(20KB) LOS objects, 38% free, 25MB/41MB, paused 251us total 27.841ms
08-04 21:46:39.859  9688  9914 I art     : Starting a blocking GC Explicit
08-04 21:46:39.888  9688  9914 I art     : Explicit concurrent mark sweep GC freed 66(2528B) AllocSpace objects, 0(0B) LOS objects, 38% free, 25MB/41MB, paused 255us total 29.381ms
08-04 21:46:39.901  9688  9914 I art     : Starting a blocking GC Explicit
08-04 21:46:39.933  9688  9914 I art     : Explicit concurrent mark sweep GC freed 32(1568B) AllocSpace objects, 0(0B) LOS objects, 38% free, 25MB/41MB, paused 217us total 31.159ms
08-04 21:46:39.947  9688  9914 I art     : Starting a blocking GC Explicit
08-04 21:46:39.978  9688  9914 I art     : Explicit concurrent mark sweep GC freed 209(35KB) AllocSpace objects, 0(0B) LOS objects, 38% free, 25MB/41MB, paused 238us total 30.865ms
08-04 21:46:39.991  9688  9914 I art     : Starting a blocking GC Explicit
08-04 21:46:40.023  9688  9914 I art     : Explicit concurrent mark sweep GC freed 68(2272B) AllocSpace objects, 0(0B) LOS objects, 38% free, 25MB/41MB, paused 252us total 31.773ms
08-04 21:46:40.265   518   646 I ThermalEngine: ACTION: GPU - Setting GPU[0] to 450000000
08-04 21:46:40.324  9688  9700 I art     : Starting a blocking GC Explicit
08-04 21:46:40.372  9688  9700 I art     : Explicit concurrent mark sweep GC freed 1342(80KB) AllocSpace objects, 1(20KB) LOS objects, 38% free, 25MB/41MB, paused 331us total 47.813ms
08-04 21:46:40.393  9688  9700 I art     : Starting a blocking GC Explicit
08-04 21:46:40.433  9688  9700 I art     : Explicit concurrent mark sweep GC freed 20(704B) AllocSpace objects, 0(0B) LOS objects, 38% free, 25MB/41MB, paused 334us total 40.434ms
08-04 21:46:40.454  9688  9700 I art     : Starting a blocking GC Explicit
08-04 21:46:40.494  9688  9700 I art     : Explicit concurrent mark sweep GC freed 3(96B) AllocSpace objects, 0(0B) LOS objects, 38% free, 25MB/41MB, paused 308us total 40.319ms
08-04 21:46:40.512  9688  9700 I art     : Starting a blocking GC Explicit
08-04 21:46:40.552  9688  9700 I art     : Explicit concurrent mark sweep GC freed 3(96B) AllocSpace objects, 0(0B) LOS objects, 38% free, 25MB/41MB, paused 303us total 39.268ms
08-04 21:46:40.570  9688  9700 I art     : Starting a blocking GC Explicit
08-04 21:46:40.609  9688  9700 I art     : Explicit concurrent mark sweep GC freed 3(96B) AllocSpace objects, 0(0B) LOS objects, 38% free, 25MB/41MB, paused 305us total 39.648ms
08-04 21:46:40.866   918  1209 D NetworkMonitor/NetworkAgentInfo [WIFI () - 159]: Checking http://connectivitycheck.gstatic.com/generate_204 on "H369AA63323", 192.168.2.12=192.168.2.12
08-04 21:46:40.913  9688  9750 I art     : Starting a blocking GC Explicit
08-04 21:46:40.955   918  1209 D NetworkMonitor/NetworkAgentInfo [WIFI () - 159]: Probably not a portal: exception java.io.IOException: unexpected end of stream on Connection{connectivitycheck.gstatic.com:80, proxy=HTTP@/192.168.2.12:8080 hostAddress=192.168.2.12 cipherSuite=none protocol=http/1.1} (recycle count=0)
08-04 21:46:40.956   918  3263 D ConnectivityService: NetworkAgentInfo [WIFI () - 159] validation failed
08-04 21:46:40.958   918  3261 E WifiConfigStore:  rewrite network history for "H369AA63323"WPA_PSK
08-04 21:46:40.965  9688  9750 I art     : Explicit concurrent mark sweep GC freed 1342(80KB) AllocSpace objects, 1(20KB) LOS objects, 38% free, 25MB/41MB, paused 309us total 51.318ms
08-04 21:46:40.984  9688  9750 I art     : Starting a blocking GC Explicit
08-04 21:46:41.028  9688  9750 I art     : Explicit concurrent mark sweep GC freed 20(704B) AllocSpace objects, 0(0B) LOS objects, 38% free, 25MB/41MB, paused 432us total 43.349ms
08-04 21:46:41.046  9688  9750 I art     : Starting a blocking GC Explicit
08-04 21:46:41.088  9688  9750 I art     : Explicit concurrent mark sweep GC freed 3(96B) AllocSpace objects, 0(0B) LOS objects, 38% free, 25MB/41MB, paused 353us total 41.214ms
08-04 21:46:41.105  9688  9750 I art     : Starting a blocking GC Explicit
08-04 21:46:41.149  9688  9750 I art     : Explicit concurrent mark sweep GC freed 3(96B) AllocSpace objects, 0(0B) LOS objects, 38% free, 25MB/41MB, paused 327us total 43.411ms
08-04 21:46:41.171  9688  9750 I art     : Starting a blocking GC Explicit
08-04 21:46:41.214  9688  9750 I art     : Explicit concurrent mark sweep GC freed 3(96B) AllocSpace objects, 0(0B) LOS objects, 38% free, 25MB/41MB, paused 305us total 41.863ms
08-04 21:46:41.506   918  1210 D NetlinkSocketObserver: NeighborEvent{elapsedMs=1724205381, 192.168.2.254, [7C3953A63323], RTM_NEWNEIGH, NUD_STALE}
08-04 21:46:41.547  9688  9701 I art     : Starting a blocking GC Explicit
08-04 21:46:41.599  9688  9701 I art     : Explicit concurrent mark sweep GC freed 1342(80KB) AllocSpace objects, 1(20KB) LOS objects, 38% free, 25MB/41MB, paused 461us total 51.343ms
08-04 21:46:41.621  9688  9701 I art     : Starting a blocking GC Explicit
08-04 21:46:41.664  9688  9701 I art     : Explicit concurrent mark sweep GC freed 20(704B) AllocSpace objects, 0(0B) LOS objects, 38% free, 25MB/41MB, paused 330us total 43.002ms
08-04 21:46:41.682  9688  9701 I art     : Starting a blocking GC Explicit
08-04 21:46:41.726  9688  9701 I art     : Explicit concurrent mark sweep GC freed 3(96B) AllocSpace objects, 0(0B) LOS objects, 38% free, 25MB/41MB, paused 351us total 43.437ms
08-04 21:46:41.744  9688  9701 I art     : Starting a blocking GC Explicit
08-04 21:46:41.788  9688  9701 I art     : Explicit concurrent mark sweep GC freed 3(96B) AllocSpace objects, 0(0B) LOS objects, 38% free, 25MB/41MB, paused 334us total 43.495ms
08-04 21:46:41.798  8505  8505 I ServiceManager: Waiting for service AtCmdFwd...
08-04 21:46:41.806  9688  9701 I art     : Starting a blocking GC Explicit
08-04 21:46:41.850  9688  9701 I art     : Explicit concurrent mark sweep GC freed 3(96B) AllocSpace objects, 0(0B) LOS objects, 38% free, 25MB/41MB, paused 352us total 43.568ms
08-04 21:46:42.205  9688  9914 I art     : Starting a blocking GC Explicit
08-04 21:46:42.253  9688  9914 I art     : Explicit concurrent mark sweep GC freed 1342(80KB) AllocSpace objects, 1(20KB) LOS objects, 38% free, 25MB/41MB, paused 340us total 47.245ms
08-04 21:46:42.272   518   646 I ThermalEngine: ACTION: GPU - Setting GPU[0] to 510000000
08-04 21:46:42.272  9688  9914 I art     : Starting a blocking GC Explicit
08-04 21:46:42.314  9688  9914 I art     : Explicit concurrent mark sweep GC freed 20(704B) AllocSpace objects, 0(0B) LOS objects, 38% free, 25MB/41MB, paused 243us total 41.424ms
08-04 21:46:42.328  9688  9914 I art     : Starting a blocking GC Explicit
08-04 21:46:42.360  9688  9914 I art     : Explicit concurrent mark sweep GC freed 3(96B) AllocSpace objects, 0(0B) LOS objects, 38% free, 25MB/41MB, paused 241us total 31.299ms
08-04 21:46:42.373  9688  9914 I art     : Starting a blocking GC Explicit
08-04 21:46:42.405  9688  9914 I art     : Explicit concurrent mark sweep GC freed 3(96B) AllocSpace objects, 0(0B) LOS objects, 38% free, 25MB/41MB, paused 251us total 31.643ms
08-04 21:46:42.419  9688  9914 I art     : Starting a blocking GC Explicit
08-04 21:46:42.451  9688  9914 I art     : Explicit concurrent mark sweep GC freed 3(96B) AllocSpace objects, 0(0B) LOS objects, 38% free, 25MB/41MB, paused 253us total 31.309ms
08-04 21:46:42.752  9688  9700 I art     : Starting a blocking GC Explicit
08-04 21:46:42.793  9688  9700 I art     : Explicit concurrent mark sweep GC freed 1342(80KB) AllocSpace objects, 1(20KB) LOS objects, 38% free, 25MB/41MB, paused 241us total 40.080ms
08-04 21:46:42.799  8505  8505 I ServiceManager: Waiting for service AtCmdFwd...
08-04 21:46:42.812  9688  9700 I art     : Starting a blocking GC Explicit
08-04 21:46:42.843  9688  9700 I art     : Explicit concurrent mark sweep GC freed 20(704B) AllocSpace objects, 0(0B) LOS objects, 38% free, 25MB/41MB, paused 230us total 30.785ms
08-04 21:46:42.857  9688  9700 I art     : Starting a blocking GC Explicit
08-04 21:46:42.889  9688  9700 I art     : Explicit concurrent mark sweep GC freed 3(96B) AllocSpace objects, 0(0B) LOS objects, 38% free, 25MB/41MB, paused 287us total 31.481ms
08-04 21:46:42.902  9688  9700 I art     : Starting a blocking GC Explicit
08-04 21:46:42.933  9688  9700 I art     : Explicit concurrent mark sweep GC freed 3(96B) AllocSpace objects, 0(0B) LOS objects, 38% free, 25MB/41MB, paused 231us total 30.958ms
08-04 21:46:42.947  9688  9700 I art     : Starting a blocking GC Explicit
08-04 21:46:42.979  9688  9700 I art     : Explicit concurrent mark sweep GC freed 3(96B) AllocSpace objects, 0(0B) LOS objects, 38% free, 25MB/41MB, paused 233us total 32.008ms
08-04 21:46:43.298  9688  9750 I art     : Starting a blocking GC Explicit
08-04 21:46:43.343  9688  9750 I art     : Explicit concurrent mark sweep GC freed 1344(80KB) AllocSpace objects, 1(20KB) LOS objects, 38% free, 25MB/41MB, paused 266us total 44.589ms
08-04 21:46:43.360  9688  9750 I art     : Starting a blocking GC Explicit
08-04 21:46:43.392  9688  9750 I art     : Explicit concurrent mark sweep GC freed 20(704B) AllocSpace objects, 0(0B) LOS objects, 38% free, 25MB/41MB, paused 232us total 31.576ms
08-04 21:46:43.405  9688  9750 I art     : Starting a blocking GC Explicit
08-04 21:46:43.435  9688  9750 I art     : Explicit concurrent mark sweep GC freed 3(96B) AllocSpace objects, 0(0B) LOS objects, 38% free, 25MB/41MB, paused 235us total 29.667ms
08-04 21:46:43.449  9688  9750 I art     : Starting a blocking GC Explicit
08-04 21:46:43.479  9688  9750 I art     : Explicit concurrent mark sweep GC freed 3(96B) AllocSpace objects, 0(0B) LOS objects, 38% free, 25MB/41MB, paused 226us total 29.352ms
08-04 21:46:43.492  9688  9750 I art     : Starting a blocking GC Explicit
08-04 21:46:43.522  9688  9750 I art     : Explicit concurrent mark sweep GC freed 3(96B) AllocSpace objects, 0(0B) LOS objects, 38% free, 25MB/41MB, paused 225us total 30.224ms
08-04 21:46:43.800  8505  8505 I ServiceManager: Waiting for service AtCmdFwd...
08-04 21:46:43.842  9688  9701 I art     : Starting a blocking GC Explicit
08-04 21:46:43.857 10903 10903 D AndroidRuntime: >>>>>> START com.android.internal.os.RuntimeInit uid 2000 <<<<<<
08-04 21:46:43.863 10903 10903 D AndroidRuntime: CheckJNI is OFF
08-04 21:46:43.881  9688  9701 I art     : Explicit concurrent mark sweep GC freed 1342(80KB) AllocSpace objects, 1(20KB) LOS objects, 38% free, 25MB/41MB, paused 246us total 38.636ms
08-04 21:46:43.894  9688  9701 I art     : Starting a blocking GC Explicit
08-04 21:46:43.903 10903 10903 D ICU     : No timezone override file found: /data/misc/zoneinfo/current/icu/icu_tzdata.dat
08-04 21:46:43.924  9688  9701 I art     : Explicit concurrent mark sweep GC freed 20(704B) AllocSpace objects, 0(0B) LOS objects, 38% free, 25MB/41MB, paused 239us total 29.234ms
08-04 21:46:43.936 10903 10903 I Radio-JNI: register_android_hardware_Radio DONE
08-04 21:46:43.936  9688  9701 I art     : Starting a blocking GC Explicit
08-04 21:46:43.958 10903 10903 D AndroidRuntime: Calling main entry com.android.commands.input.Input
08-04 21:46:43.960 10903 10903 I Input   : injectKeyEvent: KeyEvent { action=ACTION_DOWN, keyCode=KEYCODE_BACK, scanCode=0, metaState=0, flags=0x0, repeatCount=0, eventTime=740820373, downTime=740820373, deviceId=-1, source=0x101 }
08-04 21:46:43.970  9688  9701 I art     : Explicit concurrent mark sweep GC freed 3(96B) AllocSpace objects, 0(0B) LOS objects, 38% free, 25MB/41MB, paused 4.153ms total 33.314ms
08-04 21:46:43.970 10903 10903 I Input   : injectKeyEvent: KeyEvent { action=ACTION_UP, keyCode=KEYCODE_BACK, scanCode=0, metaState=0, flags=0x0, repeatCount=0, eventTime=740820373, downTime=740820373, deviceId=-1, source=0x101 }
08-04 21:46:43.976 10903 10903 D AndroidRuntime: Shutting down VM
08-04 21:46:43.983  9688  9701 I art     : Starting a blocking GC Explicit
08-04 21:46:44.012  9688  9701 I art     : Explicit concurrent mark sweep GC freed 131(4KB) AllocSpace objects, 0(0B) LOS objects, 38% free, 25MB/41MB, paused 245us total 28.849ms
08-04 21:46:44.019 13866 13866 I GoogleInputMethodServic: GoogleInputMethodService.onFinishInput():3138 
08-04 21:46:44.020 13866 13866 I GoogleInputMethodServic: GoogleInputMethodService.onStartInput():1808 
08-04 21:46:44.024  9688  9701 I art     : Starting a blocking GC Explicit
08-04 21:46:44.054  9688  9701 I art     : Explicit concurrent mark sweep GC freed 118(4KB) AllocSpace objects, 0(0B) LOS objects, 38% free, 25MB/41MB, paused 244us total 29.830ms
08-04 21:46:44.307  9688  9750 I art     : Starting a blocking GC Explicit
08-04 21:46:44.324   380   380 W SurfaceFlinger: couldn't log to binary event log: overflow.
08-04 21:46:44.340  9688  9750 I art     : Explicit concurrent mark sweep GC freed 1380(81KB) AllocSpace objects, 1(20KB) LOS objects, 38% free, 25MB/41MB, paused 239us total 32.609ms
08-04 21:46:44.354  9688  9750 I art     : Starting a blocking GC Explicit
08-04 21:46:44.381  9688  9750 I art     : Explicit concurrent mark sweep GC freed 40(1600B) AllocSpace objects, 0(0B) LOS objects, 38% free, 25MB/41MB, paused 217us total 27.328ms
08-04 21:46:44.394  9688  9750 I art     : Starting a blocking GC Explicit
08-04 21:46:44.421  9688  9750 I art     : Explicit concurrent mark sweep GC freed 3838(310KB) AllocSpace objects, 5(140KB) LOS objects, 39% free, 24MB/40MB, paused 215us total 26.867ms
08-04 21:46:44.421  9688  9699 I art     : WaitForGcToComplete blocked for 27.074ms for cause HeapTrim
08-04 21:46:44.433  9688  9750 I art     : Starting a blocking GC Explicit
08-04 21:46:44.460  9688  9750 I art     : Explicit concurrent mark sweep GC freed 3(96B) AllocSpace objects, 0(0B) LOS objects, 39% free, 24MB/40MB, paused 227us total 26.851ms
08-04 21:46:44.472  9688  9750 I art     : Starting a blocking GC Explicit
08-04 21:46:44.499  9688  9750 I art     : Explicit concurrent mark sweep GC freed 3(96B) AllocSpace objects, 0(0B) LOS objects, 39% free, 24MB/40MB, paused 227us total 26.875ms
08-04 21:46:44.772  9688  9914 I art     : Starting a blocking GC Explicit
08-04 21:46:44.801  8505  8505 I ServiceManager: Waiting for service AtCmdFwd...
08-04 21:46:44.806  9688  9914 I art     : Explicit concurrent mark sweep GC freed 1342(80KB) AllocSpace objects, 1(20KB) LOS objects, 39% free, 24MB/40MB, paused 335us total 33.517ms
08-04 21:46:44.822  9688  9914 I art     : Starting a blocking GC Explicit
08-04 21:46:44.851  9688  9914 I art     : Explicit concurrent mark sweep GC freed 20(704B) AllocSpace objects, 0(0B) LOS objects, 39% free, 24MB/40MB, paused 229us total 29.235ms
08-04 21:46:44.864  9688  9914 I art     : Starting a blocking GC Explicit
08-04 21:46:44.894  9688  9914 I art     : Explicit concurrent mark sweep GC freed 3(96B) AllocSpace objects, 0(0B) LOS objects, 39% free, 24MB/40MB, paused 254us total 29.677ms
08-04 21:46:44.907  9688  9914 I art     : Starting a blocking GC Explicit
08-04 21:46:44.938  9688  9914 I art     : Explicit concurrent mark sweep GC freed 3(96B) AllocSpace objects, 0(0B) LOS objects, 39% free, 24MB/40MB, paused 240us total 29.928ms
08-04 21:46:44.951  9688  9914 I art     : Starting a blocking GC Explicit
08-04 21:46:44.981  9688  9914 I art     : Explicit concurrent mark sweep GC freed 3(96B) AllocSpace objects, 0(0B) LOS objects, 39% free, 24MB/40MB, paused 224us total 30.344ms
08-04 21:46:45.266  9688  9701 I art     : Starting a blocking GC Explicit
08-04 21:46:45.297  9688  9701 I art     : Explicit concurrent mark sweep GC freed 1342(80KB) AllocSpace objects, 1(20KB) LOS objects, 39% free, 24MB/40MB, paused 243us total 30.568ms
08-04 21:46:45.310  9688  9701 I art     : Starting a blocking GC Explicit
08-04 21:46:45.339  9688  9701 I art     : Explicit concurrent mark sweep GC freed 20(704B) AllocSpace objects, 0(0B) LOS objects, 39% free, 24MB/40MB, paused 244us total 29.031ms
08-04 21:46:45.353  9688  9701 I art     : Starting a blocking GC Explicit
08-04 21:46:45.382  9688  9701 I art     : Explicit concurrent mark sweep GC freed 3(96B) AllocSpace objects, 0(0B) LOS objects, 39% free, 24MB/40MB, paused 235us total 28.644ms
08-04 21:46:45.395  9688  9701 I art     : Starting a blocking GC Explicit
08-04 21:46:45.424  9688  9701 I art     : Explicit concurrent mark sweep GC freed 3(96B) AllocSpace objects, 0(0B) LOS objects, 39% free, 24MB/40MB, paused 249us total 28.584ms
08-04 21:46:45.437  9688  9701 I art     : Starting a blocking GC Explicit
08-04 21:46:45.466  9688  9701 I art     : Explicit concurrent mark sweep GC freed 3(96B) AllocSpace objects, 0(0B) LOS objects, 39% free, 24MB/40MB, paused 235us total 28.329ms
08-04 21:46:45.652 10959 10959 D AndroidRuntime: >>>>>> START com.android.internal.os.RuntimeInit uid 2000 <<<<<<
08-04 21:46:45.657 10959 10959 D AndroidRuntime: CheckJNI is OFF
08-04 21:46:45.689 10959 10959 D ICU     : No timezone override file found: /data/misc/zoneinfo/current/icu/icu_tzdata.dat
08-04 21:46:45.721 10959 10959 I Radio-JNI: register_android_hardware_Radio DONE
08-04 21:46:45.743 10959 10959 D AndroidRuntime: Calling main entry com.android.commands.input.Input
08-04 21:46:45.745 10959 10959 I Input   : injectMotionEvent: MotionEvent { action=ACTION_DOWN, actionButton=0, id[0]=0, x[0]=600.0, y[0]=700.0, toolType[0]=TOOL_TYPE_UNKNOWN, buttonState=0, metaState=0, flags=0x0, edgeFlags=0x0, pointerCount=1, historySize=0, eventTime=740822157, downTime=740822157, deviceId=0, source=0x1002 }
08-04 21:46:45.749 10959 10959 I Input   : injectMotionEvent: MotionEvent { action=ACTION_UP, actionButton=0, id[0]=0, x[0]=600.0, y[0]=700.0, toolType[0]=TOOL_TYPE_UNKNOWN, buttonState=0, metaState=0, flags=0x0, edgeFlags=0x0, pointerCount=1, historySize=0, eventTime=740822157, downTime=740822157, deviceId=0, source=0x1002 }
08-04 21:46:45.750 10959 10959 D AndroidRuntime: Shutting down VM
08-04 21:46:45.757  9688  9700 I art     : Starting a blocking GC Explicit
08-04 21:46:45.762   512  2967 D audio_hw_primary: out_set_parameters: enter: usecase(1: low-latency-playback) kvpairs: routing=2
08-04 21:46:45.767   918  6112 I ActivityManager: START u0 {dat=https://oauth.reddit.com/... cmp=baseline.org.quantumbadger.redreader/.activities.CommentListingActivity} from uid 10666 on display 0
08-04 21:46:45.776   512  2967 D audio_hw_primary: select_devices: out_snd_device(2: speaker) in_snd_device(0: none)
08-04 21:46:45.776   512  2967 D msm8974_platform: platform_send_audio_calibration: sending audio calibration for snd_device(2) acdb_id(15)
08-04 21:46:45.776   512  2967 I soundtrigger: audio_extn_sound_trigger_update_device_status: device 0x2 of type 0 for Event 1
08-04 21:46:45.789   512  2967 D audio_hw_primary: enable_snd_device: snd_device(2: speaker)
08-04 21:46:45.791   512  2967 D audio_hw_primary: enable_audio_route: apply and update mixer path: low-latency-playback speaker
08-04 21:46:45.793  9688  9688 I AppCompatViewInflater: app:theme is now deprecated. Please move to using android:theme instead.
08-04 21:46:45.797  9688  9700 I art     : Explicit concurrent mark sweep GC freed 2468(125KB) AllocSpace objects, 1(20KB) LOS objects, 39% free, 24MB/40MB, paused 511us total 40.373ms
08-04 21:46:45.801  8505  8505 I ServiceManager: Waiting for service AtCmdFwd...
08-04 21:46:45.810  9688  9700 I art     : Starting a blocking GC Explicit
08-04 21:46:45.812  9688 10259 I CommentListingActivity: COMMENTS session changed to 4c2d966f-14d1-4763-8401-de04059da3c1
08-04 21:46:45.841  9688  9700 I art     : Explicit concurrent mark sweep GC freed 3558(319KB) AllocSpace objects, 1(20KB) LOS objects, 38% free, 25MB/41MB, paused 900us total 30.478ms
08-04 21:46:45.854  9688  9700 I art     : Starting a blocking GC Explicit
08-04 21:46:45.889  9688  9700 I art     : Explicit concurrent mark sweep GC freed 10922(731KB) AllocSpace objects, 1(16KB) LOS objects, 37% free, 26MB/42MB, paused 990us total 35.173ms
08-04 21:46:45.902  9688  9700 I art     : Starting a blocking GC Explicit
08-04 21:46:45.943  9688  9700 I art     : Explicit concurrent mark sweep GC freed 11832(773KB) AllocSpace objects, 0(0B) LOS objects, 36% free, 28MB/44MB, paused 1.276ms total 40.850ms
08-04 21:46:45.958  9688  9700 I art     : Starting a blocking GC Explicit
08-04 21:46:45.983   918   936 I ActivityManager: Displayed baseline.org.quantumbadger.redreader/.activities.CommentListingActivity: +208ms
08-04 21:46:45.984 13866 13866 I GoogleInputMethodServic: GoogleInputMethodService.onFinishInput():3138 
08-04 21:46:45.984 13866 13866 I GoogleInputMethodServic: GoogleInputMethodService.onStartInput():1808 
08-04 21:46:46.008  9688  9700 I art     : Explicit concurrent mark sweep GC freed 12382(818KB) AllocSpace objects, 1(16KB) LOS objects, 35% free, 28MB/44MB, paused 526us total 50.103ms
08-04 21:46:46.237   380   380 W SurfaceFlinger: couldn't log to binary event log: overflow.
08-04 21:46:46.274  9688  9914 I art     : Starting a blocking GC Explicit
08-04 21:46:46.314  9688  9914 I art     : Explicit concurrent mark sweep GC freed 25994(1340KB) AllocSpace objects, 1(20KB) LOS objects, 36% free, 27MB/43MB, paused 206us total 38.905ms
08-04 21:46:46.328  9688  9914 I art     : Starting a blocking GC Explicit
08-04 21:46:46.329   512  2967 D audio_hw_primary: disable_audio_route: reset and update mixer path: low-latency-playback speaker
08-04 21:46:46.330   512  2967 D audio_hw_primary: disable_snd_device: snd_device(2: speaker)
08-04 21:46:46.338   512  2967 I soundtrigger: audio_extn_sound_trigger_update_device_status: device 0x2 of type 0 for Event 0
08-04 21:46:46.365  9688  9914 I art     : Explicit concurrent mark sweep GC freed 40(1584B) AllocSpace objects, 0(0B) LOS objects, 36% free, 27MB/43MB, paused 247us total 36.847ms
08-04 21:46:46.379  9688  9914 I art     : Starting a blocking GC Explicit
08-04 21:46:46.417  9688  9914 I art     : Explicit concurrent mark sweep GC freed 92(3KB) AllocSpace objects, 0(0B) LOS objects, 36% free, 27MB/43MB, paused 226us total 37.457ms
08-04 21:46:46.432  9688  9914 I art     : Starting a blocking GC Explicit
08-04 21:46:46.474  9688  9914 I art     : Explicit concurrent mark sweep GC freed 3(96B) AllocSpace objects, 0(0B) LOS objects, 36% free, 27MB/43MB, paused 234us total 42.588ms
08-04 21:46:46.490  9688  9914 I art     : Starting a blocking GC Explicit
08-04 21:46:46.532  9688  9914 I art     : Explicit concurrent mark sweep GC freed 3(96B) AllocSpace objects, 0(0B) LOS objects, 36% free, 27MB/43MB, paused 214us total 41.697ms
08-04 21:46:46.801  8505  8505 W Atfwd_Sendcmd: AtCmdFwd service not published, waiting... retryCnt : 5
08-04 21:46:46.826  9688  9700 I art     : Starting a blocking GC Explicit
08-04 21:46:46.868  9688  9700 I art     : Explicit concurrent mark sweep GC freed 1342(80KB) AllocSpace objects, 1(20KB) LOS objects, 36% free, 27MB/43MB, paused 226us total 41.760ms
08-04 21:46:46.884  9688  9700 I art     : Starting a blocking GC Explicit
08-04 21:46:46.927  9688  9700 I art     : Explicit concurrent mark sweep GC freed 20(704B) AllocSpace objects, 0(0B) LOS objects, 36% free, 27MB/43MB, paused 351us total 42.736ms
08-04 21:46:46.942  9688  9700 I art     : Starting a blocking GC Explicit
08-04 21:46:46.983  9688  9700 I art     : Explicit concurrent mark sweep GC freed 49(1920B) AllocSpace objects, 0(0B) LOS objects, 36% free, 27MB/43MB, paused 238us total 41.262ms
08-04 21:46:46.998  9688  9700 I art     : Starting a blocking GC Explicit
08-04 21:46:47.043  9688  9700 I art     : Explicit concurrent mark sweep GC freed 3(96B) AllocSpace objects, 0(0B) LOS objects, 36% free, 27MB/43MB, paused 238us total 44.384ms
08-04 21:46:47.058  9688  9700 I art     : Starting a blocking GC Explicit
08-04 21:46:47.102  9688  9700 I art     : Explicit concurrent mark sweep GC freed 3(96B) AllocSpace objects, 0(0B) LOS objects, 36% free, 27MB/43MB, paused 243us total 43.108ms
08-04 21:46:47.280   518   646 I ThermalEngine: ACTION: GPU - Setting GPU[0] to 450000000
08-04 21:46:47.417  9688  9750 I art     : Starting a blocking GC Explicit
08-04 21:46:47.491  9688  9750 I art     : Explicit concurrent mark sweep GC freed 1342(80KB) AllocSpace objects, 1(20KB) LOS objects, 36% free, 27MB/43MB, paused 344us total 72.805ms
08-04 21:46:47.514  9688  9750 I art     : Starting a blocking GC Explicit
08-04 21:46:47.570  9688  9750 I art     : Explicit concurrent mark sweep GC freed 20(704B) AllocSpace objects, 0(0B) LOS objects, 36% free, 27MB/43MB, paused 323us total 56.570ms
08-04 21:46:47.591  9688  9750 I art     : Starting a blocking GC Explicit
08-04 21:46:47.650  9688  9750 I art     : Explicit concurrent mark sweep GC freed 3(96B) AllocSpace objects, 0(0B) LOS objects, 36% free, 27MB/43MB, paused 346us total 59.477ms
08-04 21:46:47.674  9688  9750 I art     : Starting a blocking GC Explicit
08-04 21:46:47.732  9688  9750 I art     : Explicit concurrent mark sweep GC freed 3(96B) AllocSpace objects, 0(0B) LOS objects, 36% free, 27MB/43MB, paused 327us total 58.152ms
08-04 21:46:47.752  9688  9750 I art     : Starting a blocking GC Explicit
08-04 21:46:47.814  9688  9750 I art     : Explicit concurrent mark sweep GC freed 3(96B) AllocSpace objects, 0(0B) LOS objects, 36% free, 27MB/43MB, paused 351us total 61.293ms
08-04 21:46:48.159  9688  9701 I art     : Starting a blocking GC Explicit
08-04 21:46:48.225  9688  9701 I art     : Explicit concurrent mark sweep GC freed 1342(80KB) AllocSpace objects, 1(20KB) LOS objects, 36% free, 27MB/43MB, paused 351us total 65.907ms
08-04 21:46:48.247  9688  9701 I art     : Starting a blocking GC Explicit
08-04 21:46:48.306  9688  9701 I art     : Explicit concurrent mark sweep GC freed 20(704B) AllocSpace objects, 0(0B) LOS objects, 36% free, 27MB/43MB, paused 323us total 58.499ms
08-04 21:46:48.326  9688  9701 I art     : Starting a blocking GC Explicit
08-04 21:46:48.389  9688  9701 I art     : Explicit concurrent mark sweep GC freed 3(96B) AllocSpace objects, 0(0B) LOS objects, 36% free, 27MB/43MB, paused 329us total 62.994ms
08-04 21:46:48.411  9688  9701 I art     : Starting a blocking GC Explicit
08-04 21:46:48.472  9688  9701 I art     : Explicit concurrent mark sweep GC freed 3(96B) AllocSpace objects, 0(0B) LOS objects, 36% free, 27MB/43MB, paused 332us total 60.758ms
08-04 21:46:48.492  9688  9701 I art     : Starting a blocking GC Explicit
08-04 21:46:48.550  9688  9701 I art     : Explicit concurrent mark sweep GC freed 3(96B) AllocSpace objects, 0(0B) LOS objects, 36% free, 27MB/43MB, paused 304us total 57.099ms
08-04 21:46:48.878  9688  9914 I art     : Starting a blocking GC Explicit
08-04 21:46:48.948  9688  9914 I art     : Explicit concurrent mark sweep GC freed 1342(80KB) AllocSpace objects, 1(20KB) LOS objects, 36% free, 27MB/43MB, paused 445us total 69.273ms
08-04 21:46:48.970  9688  9914 I art     : Starting a blocking GC Explicit
08-04 21:46:49.035  9688  9914 I art     : Explicit concurrent mark sweep GC freed 20(704B) AllocSpace objects, 0(0B) LOS objects, 36% free, 27MB/43MB, paused 327us total 64.144ms
08-04 21:46:49.058  9688  9914 I art     : Starting a blocking GC Explicit
08-04 21:46:49.118  9688  9914 I art     : Explicit concurrent mark sweep GC freed 3(96B) AllocSpace objects, 0(0B) LOS objects, 36% free, 27MB/43MB, paused 332us total 60.167ms
08-04 21:46:49.138  9688  9914 I art     : Starting a blocking GC Explicit
08-04 21:46:49.195  9688  9914 I art     : Explicit concurrent mark sweep GC freed 3(96B) AllocSpace objects, 0(0B) LOS objects, 36% free, 27MB/43MB, paused 303us total 56.287ms
08-04 21:46:49.215  9688  9914 I art     : Starting a blocking GC Explicit
08-04 21:46:49.278  9688  9914 I art     : Explicit concurrent mark sweep GC freed 3(96B) AllocSpace objects, 0(0B) LOS objects, 36% free, 27MB/43MB, paused 377us total 62.865ms
08-04 21:46:49.621  9688  9700 I art     : Starting a blocking GC Explicit
08-04 21:46:49.689  9688  9700 I art     : Explicit concurrent mark sweep GC freed 1342(80KB) AllocSpace objects, 1(20KB) LOS objects, 36% free, 27MB/43MB, paused 333us total 67.499ms
08-04 21:46:49.713  9688  9700 I art     : Starting a blocking GC Explicit
08-04 21:46:49.776  9688  9700 I art     : Explicit concurrent mark sweep GC freed 20(704B) AllocSpace objects, 0(0B) LOS objects, 36% free, 27MB/43MB, paused 406us total 62.745ms
08-04 21:46:49.799  9688  9700 I art     : Starting a blocking GC Explicit
08-04 21:46:49.859  9688  9700 I art     : Explicit concurrent mark sweep GC freed 3(96B) AllocSpace objects, 0(0B) LOS objects, 36% free, 27MB/43MB, paused 328us total 58.911ms
08-04 21:46:49.879  9688  9700 I art     : Starting a blocking GC Explicit
08-04 21:46:49.941  9688  9700 I art     : Explicit concurrent mark sweep GC freed 3(96B) AllocSpace objects, 0(0B) LOS objects, 36% free, 27MB/43MB, paused 333us total 61.653ms
08-04 21:46:49.964  9688  9700 I art     : Starting a blocking GC Explicit
08-04 21:46:50.019  9688  9700 I art     : Explicit concurrent mark sweep GC freed 3(96B) AllocSpace objects, 0(0B) LOS objects, 36% free, 27MB/43MB, paused 294us total 54.208ms
08-04 21:46:50.284   518   646 I ThermalEngine: ACTION: GPU - Setting GPU[0] to 510000000
08-04 21:46:50.338  9688  9750 I art     : Starting a blocking GC Explicit
08-04 21:46:50.389  9688  9750 I art     : Explicit concurrent mark sweep GC freed 1344(80KB) AllocSpace objects, 1(20KB) LOS objects, 36% free, 27MB/43MB, paused 242us total 50.181ms
08-04 21:46:50.404  9688  9750 I art     : Starting a blocking GC Explicit
08-04 21:46:50.445  9688  9750 I art     : Explicit concurrent mark sweep GC freed 20(704B) AllocSpace objects, 0(0B) LOS objects, 36% free, 27MB/43MB, paused 238us total 40.788ms
08-04 21:46:50.460  9688  9750 I art     : Starting a blocking GC Explicit
08-04 21:46:50.495 11045 11045 D AndroidRuntime: >>>>>> START com.android.internal.os.RuntimeInit uid 2000 <<<<<<
08-04 21:46:50.500 11045 11045 D AndroidRuntime: CheckJNI is OFF
08-04 21:46:50.503  9688  9750 I art     : Explicit concurrent mark sweep GC freed 3(96B) AllocSpace objects, 0(0B) LOS objects, 36% free, 27MB/43MB, paused 239us total 42.550ms
08-04 21:46:50.518  9688  9750 I art     : Starting a blocking GC Explicit
08-04 21:46:50.535 11045 11045 D ICU     : No timezone override file found: /data/misc/zoneinfo/current/icu/icu_tzdata.dat
08-04 21:46:50.558  9688  9750 I art     : Explicit concurrent mark sweep GC freed 3(96B) AllocSpace objects, 0(0B) LOS objects, 36% free, 27MB/43MB, paused 241us total 40.454ms
08-04 21:46:50.571 11045 11045 I Radio-JNI: register_android_hardware_Radio DONE
08-04 21:46:50.573  9688  9750 I art     : Starting a blocking GC Explicit
08-04 21:46:50.593 11045 11045 D AndroidRuntime: Calling main entry com.android.commands.input.Input
08-04 21:46:50.595 11045 11045 I Input   : injectKeyEvent: KeyEvent { action=ACTION_DOWN, keyCode=KEYCODE_BACK, scanCode=0, metaState=0, flags=0x0, repeatCount=0, eventTime=740827008, downTime=740827008, deviceId=-1, source=0x101 }
08-04 21:46:50.600 11045 11045 I Input   : injectKeyEvent: KeyEvent { action=ACTION_UP, keyCode=KEYCODE_BACK, scanCode=0, metaState=0, flags=0x0, repeatCount=0, eventTime=740827008, downTime=740827008, deviceId=-1, source=0x101 }
08-04 21:46:50.606 11045 11045 D AndroidRuntime: Shutting down VM
08-04 21:46:50.613  9688  9750 I art     : Explicit concurrent mark sweep GC freed 76(2800B) AllocSpace objects, 0(0B) LOS objects, 36% free, 27MB/43MB, paused 319us total 40.341ms
08-04 21:46:50.646 13866 13866 I GoogleInputMethodServic: GoogleInputMethodService.onFinishInput():3138 
08-04 21:46:50.657 13866 13866 I GoogleInputMethodServic: GoogleInputMethodService.onStartInput():1808 
08-04 21:46:50.776  9688 10983 I RedditChangeDataIO: Writing tmp data file at '/data/user/0/baseline.org.quantumbadger.redreader/files/rr_change_data_tmp.dat'
08-04 21:46:50.776  9688 10983 I RedditChangeDataManager: Taking snapshot...
08-04 21:46:50.776  9688 10983 I RedditChangeDataManager: Writing to stream...
08-04 21:46:50.777  9688 10983 I RedditChangeDataManager: Wrote 3 entries for user ''
08-04 21:46:50.777  9688 10983 I RedditChangeDataManager: All entries written to stream.
08-04 21:46:50.777  9688 10983 I RedditChangeDataIO: Write successful. Atomically replacing data file...
08-04 21:46:50.777  9688 10983 I RedditChangeDataIO: Write complete.
08-04 21:46:50.777  9688 10983 I RedditChangeDataIO: 86 bytes written in 1 ms
08-04 21:46:50.870  9688  9914 I art     : Starting a blocking GC Explicit
08-04 21:46:50.908  9688  9914 I art     : Explicit concurrent mark sweep GC freed 1591(91KB) AllocSpace objects, 2(88KB) LOS objects, 36% free, 27MB/43MB, paused 198us total 37.712ms
08-04 21:46:50.922  9688  9914 I art     : Starting a blocking GC Explicit
08-04 21:46:50.947   380   380 W SurfaceFlinger: couldn't log to binary event log: overflow.
08-04 21:46:50.957  9688  9914 I art     : Explicit concurrent mark sweep GC freed 59(2032B) AllocSpace objects, 0(0B) LOS objects, 36% free, 27MB/43MB, paused 208us total 34.749ms
08-04 21:46:50.970  9688  9914 I art     : Starting a blocking GC Explicit
08-04 21:46:51.007  9688  9914 I art     : Explicit concurrent mark sweep GC freed 23(992B) AllocSpace objects, 0(0B) LOS objects, 36% free, 27MB/43MB, paused 245us total 36.854ms
08-04 21:46:51.021  9688  9914 I art     : Starting a blocking GC Explicit
08-04 21:46:51.051  9688  9914 I art     : Explicit concurrent mark sweep GC freed 46762(2MB) AllocSpace objects, 5(140KB) LOS objects, 39% free, 24MB/40MB, paused 212us total 29.843ms
08-04 21:46:51.064  9688  9914 I art     : Starting a blocking GC Explicit
08-04 21:46:51.090  9688  9914 I art     : Explicit concurrent mark sweep GC freed 3(96B) AllocSpace objects, 0(0B) LOS objects, 39% free, 24MB/40MB, paused 229us total 26.170ms
08-04 21:46:51.378  9688  9700 I art     : Starting a blocking GC Explicit
08-04 21:46:51.409  9688  9700 I art     : Explicit concurrent mark sweep GC freed 1342(80KB) AllocSpace objects, 1(20KB) LOS objects, 39% free, 24MB/40MB, paused 237us total 30.457ms
08-04 21:46:51.422  9688  9700 I art     : Starting a blocking GC Explicit
08-04 21:46:51.453  9688  9700 I art     : Explicit concurrent mark sweep GC freed 20(704B) AllocSpace objects, 0(0B) LOS objects, 39% free, 24MB/40MB, paused 236us total 31.095ms
08-04 21:46:51.467  9688  9700 I art     : Starting a blocking GC Explicit
08-04 21:46:51.498  9688  9700 I art     : Explicit concurrent mark sweep GC freed 3(96B) AllocSpace objects, 0(0B) LOS objects, 39% free, 24MB/40MB, paused 238us total 30.634ms
08-04 21:46:51.511  9688  9700 I art     : Starting a blocking GC Explicit
08-04 21:46:51.543  9688  9700 I art     : Explicit concurrent mark sweep GC freed 3(96B) AllocSpace objects, 0(0B) LOS objects, 39% free, 24MB/40MB, paused 265us total 30.901ms
08-04 21:46:51.556  9688  9700 I art     : Starting a blocking GC Explicit
08-04 21:46:51.587  9688  9700 I art     : Explicit concurrent mark sweep GC freed 3(96B) AllocSpace objects, 0(0B) LOS objects, 39% free, 24MB/40MB, paused 261us total 30.445ms
08-04 21:46:51.889  9688  9701 I art     : Starting a blocking GC Explicit
08-04 21:46:51.919  9688  9701 I art     : Explicit concurrent mark sweep GC freed 1342(80KB) AllocSpace objects, 1(20KB) LOS objects, 39% free, 24MB/40MB, paused 260us total 30.605ms
08-04 21:46:51.933  9688  9701 I art     : Starting a blocking GC Explicit
08-04 21:46:51.963  9688  9701 I art     : Explicit concurrent mark sweep GC freed 20(704B) AllocSpace objects, 0(0B) LOS objects, 39% free, 24MB/40MB, paused 240us total 30.234ms
08-04 21:46:51.976  9688  9701 I art     : Starting a blocking GC Explicit
08-04 21:46:52.005  9688  9701 I art     : Explicit concurrent mark sweep GC freed 3(96B) AllocSpace objects, 0(0B) LOS objects, 39% free, 24MB/40MB, paused 231us total 28.941ms
08-04 21:46:52.018  9688  9701 I art     : Starting a blocking GC Explicit
08-04 21:46:52.046  9688  9701 I art     : Explicit concurrent mark sweep GC freed 3(96B) AllocSpace objects, 0(0B) LOS objects, 39% free, 24MB/40MB, paused 236us total 27.734ms
08-04 21:46:52.059  9688  9701 I art     : Starting a blocking GC Explicit
08-04 21:46:52.088  9688  9701 I art     : Explicit concurrent mark sweep GC freed 3(96B) AllocSpace objects, 0(0B) LOS objects, 39% free, 24MB/40MB, paused 238us total 29.230ms
08-04 21:46:52.258 11099 11099 D AndroidRuntime: >>>>>> START com.android.internal.os.RuntimeInit uid 2000 <<<<<<
08-04 21:46:52.262 11099 11099 D AndroidRuntime: CheckJNI is OFF
08-04 21:46:52.294 11099 11099 D ICU     : No timezone override file found: /data/misc/zoneinfo/current/icu/icu_tzdata.dat
08-04 21:46:52.323 11099 11099 I Radio-JNI: register_android_hardware_Radio DONE
08-04 21:46:52.344 11099 11099 D AndroidRuntime: Calling main entry com.android.commands.input.Input
08-04 21:46:52.345 11099 11099 I Input   : injectKeyEvent: KeyEvent { action=ACTION_DOWN, keyCode=KEYCODE_BACK, scanCode=0, metaState=0, flags=0x0, repeatCount=0, eventTime=740828758, downTime=740828758, deviceId=-1, source=0x101 }
08-04 21:46:52.348  9688  9750 I art     : Starting a blocking GC Explicit
08-04 21:46:52.350 11099 11099 I Input   : injectKeyEvent: KeyEvent { action=ACTION_UP, keyCode=KEYCODE_BACK, scanCode=0, metaState=0, flags=0x0, repeatCount=0, eventTime=740828758, downTime=740828758, deviceId=-1, source=0x101 }
08-04 21:46:52.356 11099 11099 D AndroidRuntime: Shutting down VM
08-04 21:46:52.376  9688  9750 I art     : Explicit concurrent mark sweep GC freed 1449(84KB) AllocSpace objects, 1(20KB) LOS objects, 39% free, 24MB/40MB, paused 234us total 28.294ms
08-04 21:46:52.389 13866 13866 I GoogleInputMethodServic: GoogleInputMethodService.onFinishInput():3138 
08-04 21:46:52.390  9688  9750 I art     : Starting a blocking GC Explicit
08-04 21:46:52.390 13866 13866 I GoogleInputMethodServic: GoogleInputMethodService.onStartInput():1808 
08-04 21:46:52.416  9688  9750 I art     : Explicit concurrent mark sweep GC freed 60(2160B) AllocSpace objects, 0(0B) LOS objects, 39% free, 24MB/40MB, paused 298us total 26.221ms
08-04 21:46:52.431  9688  9750 I art     : Starting a blocking GC Explicit
08-04 21:46:52.455  9688  9750 I art     : Explicit concurrent mark sweep GC freed 39(1296B) AllocSpace objects, 0(0B) LOS objects, 39% free, 24MB/40MB, paused 200us total 24.335ms
08-04 21:46:52.468  9688  9750 I art     : Starting a blocking GC Explicit
08-04 21:46:52.494  9688  9750 I art     : Explicit concurrent mark sweep GC freed 3(96B) AllocSpace objects, 0(0B) LOS objects, 39% free, 24MB/40MB, paused 222us total 25.755ms
08-04 21:46:52.506  9688  9750 I art     : Starting a blocking GC Explicit
08-04 21:46:52.538  9688  9750 I art     : Explicit concurrent mark sweep GC freed 3(96B) AllocSpace objects, 0(0B) LOS objects, 39% free, 24MB/40MB, paused 323us total 31.448ms
08-04 21:46:52.786  9688  9750 I art     : Starting a blocking GC Explicit
08-04 21:46:52.819  9688  9750 I art     : Explicit concurrent mark sweep GC freed 1403(82KB) AllocSpace objects, 1(20KB) LOS objects, 39% free, 24MB/40MB, paused 283us total 32.611ms
08-04 21:46:52.834  9688  9750 I art     : Starting a blocking GC Explicit
08-04 21:46:52.865  9688  9750 I art     : Explicit concurrent mark sweep GC freed 150(7KB) AllocSpace objects, 0(0B) LOS objects, 39% free, 24MB/40MB, paused 257us total 31ms
08-04 21:46:52.879  9688  9750 I art     : Starting a blocking GC Explicit
08-04 21:46:52.910  9688  9750 I art     : Explicit concurrent mark sweep GC freed 3(96B) AllocSpace objects, 0(0B) LOS objects, 39% free, 24MB/40MB, paused 265us total 31.194ms
08-04 21:46:52.924  9688  9750 I art     : Starting a blocking GC Explicit
08-04 21:46:52.955  9688  9750 I art     : Explicit concurrent mark sweep GC freed 3(96B) AllocSpace objects, 0(0B) LOS objects, 39% free, 24MB/40MB, paused 247us total 30.859ms
08-04 21:46:52.968  9688  9750 I art     : Starting a blocking GC Explicit
08-04 21:46:52.999  9688  9750 I art     : Explicit concurrent mark sweep GC freed 3(96B) AllocSpace objects, 0(0B) LOS objects, 39% free, 24MB/40MB, paused 260us total 30.892ms
08-04 21:46:53.283  9688  9914 I art     : Starting a blocking GC Explicit
08-04 21:46:53.322  9688  9914 I art     : Explicit concurrent mark sweep GC freed 1342(80KB) AllocSpace objects, 1(20KB) LOS objects, 39% free, 24MB/40MB, paused 327us total 39.129ms
08-04 21:46:53.339  9688  9914 I art     : Starting a blocking GC Explicit
08-04 21:46:53.369  9688  9914 I art     : Explicit concurrent mark sweep GC freed 20(704B) AllocSpace objects, 0(0B) LOS objects, 39% free, 24MB/40MB, paused 246us total 29.570ms
08-04 21:46:53.382  9688  9914 I art     : Starting a blocking GC Explicit
08-04 21:46:53.413  9688  9914 I art     : Explicit concurrent mark sweep GC freed 3(96B) AllocSpace objects, 0(0B) LOS objects, 39% free, 24MB/40MB, paused 252us total 30.347ms
08-04 21:46:53.426  9688  9914 I art     : Starting a blocking GC Explicit
08-04 21:46:53.457  9688  9914 I art     : Explicit concurrent mark sweep GC freed 3(96B) AllocSpace objects, 0(0B) LOS objects, 39% free, 24MB/40MB, paused 291us total 30.992ms
08-04 21:46:53.471  9688  9914 I art     : Starting a blocking GC Explicit
08-04 21:46:53.502  9688  9914 I art     : Explicit concurrent mark sweep GC freed 3(96B) AllocSpace objects, 0(0B) LOS objects, 39% free, 24MB/40MB, paused 263us total 31.041ms
08-04 21:46:53.759  9688  9700 I art     : Starting a blocking GC Explicit
08-04 21:46:53.790  9688  9700 I art     : Explicit concurrent mark sweep GC freed 1342(80KB) AllocSpace objects, 1(20KB) LOS objects, 39% free, 24MB/40MB, paused 271us total 30.562ms
08-04 21:46:53.803  9688  9700 I art     : Starting a blocking GC Explicit
08-04 21:46:53.831  9688  9700 I art     : Explicit concurrent mark sweep GC freed 20(704B) AllocSpace objects, 0(0B) LOS objects, 39% free, 24MB/40MB, paused 240us total 27.929ms
08-04 21:46:53.844  9688  9700 I art     : Starting a blocking GC Explicit
08-04 21:46:53.873  9688  9700 I art     : Explicit concurrent mark sweep GC freed 3(96B) AllocSpace objects, 0(0B) LOS objects, 39% free, 24MB/40MB, paused 245us total 29.377ms
08-04 21:46:53.887  9688  9700 I art     : Starting a blocking GC Explicit
08-04 21:46:53.917  9688  9700 I art     : Explicit concurrent mark sweep GC freed 3(96B) AllocSpace objects, 0(0B) LOS objects, 39% free, 24MB/40MB, paused 256us total 29.430ms
08-04 21:46:53.929  9688  9700 I art     : Starting a blocking GC Explicit
08-04 21:46:53.959  9688  9700 I art     : Explicit concurrent mark sweep GC freed 3(96B) AllocSpace objects, 0(0B) LOS objects, 39% free, 24MB/40MB, paused 250us total 29.134ms
08-04 21:46:54.008 11142 11142 D AndroidRuntime: >>>>>> START com.android.internal.os.RuntimeInit uid 2000 <<<<<<
08-04 21:46:54.013 11142 11142 D AndroidRuntime: CheckJNI is OFF
08-04 21:46:54.047 11142 11142 D ICU     : No timezone override file found: /data/misc/zoneinfo/current/icu/icu_tzdata.dat
08-04 21:46:54.081 11142 11142 I Radio-JNI: register_android_hardware_Radio DONE
08-04 21:46:54.103 11142 11142 D AndroidRuntime: Calling main entry com.android.commands.input.Input
08-04 21:46:54.105 11142 11142 I Input   : injectMotionEvent: MotionEvent { action=ACTION_DOWN, actionButton=0, id[0]=0, x[0]=600.0, y[0]=1536.0, toolType[0]=TOOL_TYPE_UNKNOWN, buttonState=0, metaState=0, flags=0x0, edgeFlags=0x0, pointerCount=1, historySize=0, eventTime=740830517, downTime=740830517, deviceId=0, source=0x1002 }
08-04 21:46:54.111 11142 11142 I Input   : injectMotionEvent: MotionEvent { action=ACTION_UP, actionButton=0, id[0]=0, x[0]=600.0, y[0]=1536.0, toolType[0]=TOOL_TYPE_UNKNOWN, buttonState=0, metaState=0, flags=0x0, edgeFlags=0x0, pointerCount=1, historySize=0, eventTime=740830517, downTime=740830517, deviceId=0, source=0x1002 }
08-04 21:46:54.112 11142 11142 D AndroidRuntime: Shutting down VM
08-04 21:46:54.119   918   928 I ActivityManager: START u0 {dat=https://oauth.reddit.com/... cmp=baseline.org.quantumbadger.redreader/.activities.PostListingActivity} from uid 10666 on display 0
08-04 21:46:54.121   512  2967 D audio_hw_primary: out_set_parameters: enter: usecase(1: low-latency-playback) kvpairs: routing=2
08-04 21:46:54.134   512  2967 D audio_hw_primary: select_devices: out_snd_device(2: speaker) in_snd_device(0: none)
08-04 21:46:54.134   512  2967 D msm8974_platform: platform_send_audio_calibration: sending audio calibration for snd_device(2) acdb_id(15)
08-04 21:46:54.134   512  2967 I soundtrigger: audio_extn_sound_trigger_update_device_status: device 0x2 of type 0 for Event 1
08-04 21:46:54.144  9688  9688 I AppCompatViewInflater: app:theme is now deprecated. Please move to using android:theme instead.
08-04 21:46:54.145   512  2967 D audio_hw_primary: enable_snd_device: snd_device(2: speaker)
08-04 21:46:54.147   512  2967 D audio_hw_primary: enable_audio_route: apply and update mixer path: low-latency-playback speaker
08-04 21:46:54.163  9688 11175 D OK      : calling: https://oauth.reddit.com/r/askscience/about.json
08-04 21:46:54.221  9688  9700 I art     : Starting a blocking GC Explicit
08-04 21:46:54.226 13866 13866 I GoogleInputMethodServic: GoogleInputMethodService.onFinishInput():3138 
08-04 21:46:54.226   918   936 I ActivityManager: Displayed baseline.org.quantumbadger.redreader/.activities.PostListingActivity: +96ms
08-04 21:46:54.227 13866 13866 I GoogleInputMethodServic: GoogleInputMethodService.onStartInput():1808 
08-04 21:46:54.252  9688  9700 I art     : Explicit concurrent mark sweep GC freed 2929(181KB) AllocSpace objects, 1(20KB) LOS objects, 38% free, 25MB/41MB, paused 450us total 31.184ms
08-04 21:46:54.269  9688  9700 I art     : Starting a blocking GC Explicit
08-04 21:46:54.295  9688  9700 I art     : Explicit concurrent mark sweep GC freed 531(30KB) AllocSpace objects, 0(0B) LOS objects, 39% free, 25MB/41MB, paused 291us total 26.350ms
08-04 21:46:54.309  9688  9700 I art     : Starting a blocking GC Explicit
08-04 21:46:54.337  9688  9700 I art     : Explicit concurrent mark sweep GC freed 1793(70KB) AllocSpace objects, 0(0B) LOS objects, 39% free, 25MB/41MB, paused 372us total 27.558ms
08-04 21:46:54.350  9688  9700 I art     : Starting a blocking GC Explicit
08-04 21:46:54.377  9688  9700 I art     : Explicit concurrent mark sweep GC freed 194(7KB) AllocSpace objects, 0(0B) LOS objects, 39% free, 25MB/41MB, paused 312us total 26.807ms
08-04 21:46:54.389  9688  9700 I art     : Starting a blocking GC Explicit
08-04 21:46:54.416  9688  9700 I art     : Explicit concurrent mark sweep GC freed 28(1328B) AllocSpace objects, 0(0B) LOS objects, 39% free, 25MB/41MB, paused 283us total 26.779ms
08-04 21:46:54.469   380   380 W SurfaceFlinger: couldn't log to binary event log: overflow.
08-04 21:46:54.488  9688 11175 I NAPPA_EXPERIMENTATION: MetricNetworkRequestExecutionTime: REQUEST_DURATION_SYSTEM='325',REQUEST_DURATION_OKHTTP='144',REQUEST_SYNCHRONOUS='TRUE',RESPONSE_CODE='200',RESPONSE_METHOD='GET',RESPONSE_LENGTH_OKHTTP='-1',RESPONSE_LENGTH_HEADER='4700',REQUEST_PROTOCOL='h2',REQUEST_URL='https://oauth.reddit.com/r/askscience/about.json',
08-04 21:46:54.488  9688 11175 D OK      : request got status: 200
08-04 21:46:54.671  9688  9750 I art     : Starting a blocking GC Explicit
08-04 21:46:54.690   512  2967 D audio_hw_primary: disable_audio_route: reset and update mixer path: low-latency-playback speaker
08-04 21:46:54.691   512  2967 D audio_hw_primary: disable_snd_device: snd_device(2: speaker)
08-04 21:46:54.699  9688  9750 I art     : Explicit concurrent mark sweep GC freed 3083(274KB) AllocSpace objects, 4(176KB) LOS objects, 38% free, 25MB/41MB, paused 274us total 27.667ms
08-04 21:46:54.699   512  2967 I soundtrigger: audio_extn_sound_trigger_update_device_status: device 0x2 of type 0 for Event 0
08-04 21:46:54.699  9688  9699 I art     : WaitForGcToComplete blocked for 9.903ms for cause HeapTrim
08-04 21:46:54.711  9688  9750 I art     : Starting a blocking GC Explicit
08-04 21:46:54.739  9688  9750 I art     : Explicit concurrent mark sweep GC freed 201(10KB) AllocSpace objects, 0(0B) LOS objects, 38% free, 25MB/41MB, paused 248us total 27.012ms
08-04 21:46:54.751  9688  9750 I art     : Starting a blocking GC Explicit
08-04 21:46:54.778  9688  9750 I art     : Explicit concurrent mark sweep GC freed 3(96B) AllocSpace objects, 0(0B) LOS objects, 38% free, 25MB/41MB, paused 274us total 27.074ms
08-04 21:46:54.791  9688  9750 I art     : Starting a blocking GC Explicit
08-04 21:46:54.818  9688  9750 I art     : Explicit concurrent mark sweep GC freed 16(640B) AllocSpace objects, 0(0B) LOS objects, 38% free, 25MB/41MB, paused 238us total 27.720ms
08-04 21:46:54.831  9688  9750 I art     : Starting a blocking GC Explicit
08-04 21:46:54.859  9688  9750 I art     : Explicit concurrent mark sweep GC freed 25(1024B) AllocSpace objects, 0(0B) LOS objects, 38% free, 25MB/41MB, paused 285us total 27.827ms
08-04 21:46:54.991   918  3261 D WifiStateMachine: starting scan for "H369AA63323"WPA_PSK with 2412,5180
08-04 21:46:55.140  9688  9750 I art     : Starting a blocking GC Explicit
08-04 21:46:55.172  9688  9750 I art     : Explicit concurrent mark sweep GC freed 1366(81KB) AllocSpace objects, 1(20KB) LOS objects, 38% free, 25MB/41MB, paused 253us total 32.468ms
08-04 21:46:55.187  9688  9750 I art     : Starting a blocking GC Explicit
08-04 21:46:55.218  9688  9750 I art     : Explicit concurrent mark sweep GC freed 20(704B) AllocSpace objects, 0(0B) LOS objects, 38% free, 25MB/41MB, paused 296us total 30.610ms
08-04 21:46:55.231  9688  9750 I art     : Starting a blocking GC Explicit
08-04 21:46:55.261  9688  9750 I art     : Explicit concurrent mark sweep GC freed 3(96B) AllocSpace objects, 0(0B) LOS objects, 38% free, 25MB/41MB, paused 284us total 30.207ms
08-04 21:46:55.274  9688  9750 I art     : Starting a blocking GC Explicit
08-04 21:46:55.293   518   646 I ThermalEngine: ACTION: GPU - Setting GPU[0] to 450000000
08-04 21:46:55.308  9688  9750 I art     : Explicit concurrent mark sweep GC freed 3(96B) AllocSpace objects, 0(0B) LOS objects, 38% free, 25MB/41MB, paused 376us total 33.446ms
08-04 21:46:55.325  9688  9750 I art     : Starting a blocking GC Explicit
08-04 21:46:55.362  9688  9750 I art     : Explicit concurrent mark sweep GC freed 3(96B) AllocSpace objects, 0(0B) LOS objects, 38% free, 25MB/41MB, paused 372us total 36.315ms
08-04 21:46:55.364  9688 11201 D OK      : calling: https://oauth.reddit.com/r/askscience/hot/.json
08-04 21:46:55.607  9688 11201 I NAPPA_EXPERIMENTATION: MetricNetworkRequestExecutionTime: REQUEST_DURATION_SYSTEM='243',REQUEST_DURATION_OKHTTP='240',REQUEST_SYNCHRONOUS='TRUE',RESPONSE_CODE='200',RESPONSE_METHOD='GET',RESPONSE_LENGTH_OKHTTP='-1',RESPONSE_LENGTH_HEADER='21282',REQUEST_PROTOCOL='h2',REQUEST_URL='https://oauth.reddit.com/r/askscience/hot/.json',
08-04 21:46:55.607  9688 11201 D OK      : request got status: 200
08-04 21:46:55.625  9688 10259 I PostListingFragment: Precaching images: OFF
08-04 21:46:55.625  9688 10259 I PostListingFragment: Precaching comments: OFF
08-04 21:46:55.653  9688  9700 I art     : Starting a blocking GC Explicit
08-04 21:46:55.700  9688  9700 I art     : Explicit concurrent mark sweep GC freed 5314(374KB) AllocSpace objects, 2(88KB) LOS objects, 38% free, 25MB/41MB, paused 720us total 46.836ms
08-04 21:46:55.717  9688  9700 I art     : Starting a blocking GC Explicit
08-04 21:46:55.759  9688  9700 I art     : Explicit concurrent mark sweep GC freed 3482(181KB) AllocSpace objects, 1(68KB) LOS objects, 38% free, 25MB/41MB, paused 570us total 41.537ms
08-04 21:46:55.776  9688  9700 I art     : Starting a blocking GC Explicit
08-04 21:46:55.819  9688  9700 I art     : Explicit concurrent mark sweep GC freed 2945(112KB) AllocSpace objects, 0(0B) LOS objects, 38% free, 25MB/41MB, paused 523us total 42.769ms
08-04 21:46:55.837  9688  9700 I art     : Starting a blocking GC Explicit
08-04 21:46:55.879  9688  9700 I art     : Explicit concurrent mark sweep GC freed 3356(122KB) AllocSpace objects, 0(0B) LOS objects, 38% free, 25MB/41MB, paused 732us total 41.844ms
08-04 21:46:55.898  9688  9700 I art     : Starting a blocking GC Explicit
08-04 21:46:55.942  9688  9700 I art     : Explicit concurrent mark sweep GC freed 3040(112KB) AllocSpace objects, 0(0B) LOS objects, 38% free, 25MB/41MB, paused 523us total 43.048ms
08-04 21:46:56.226  9688  9750 I art     : Starting a blocking GC Explicit
08-04 21:46:56.269  9688  9750 I art     : Explicit concurrent mark sweep GC freed 18390(838KB) AllocSpace objects, 1(20KB) LOS objects, 38% free, 25MB/41MB, paused 373us total 41.941ms
08-04 21:46:56.287  9688  9750 I art     : Starting a blocking GC Explicit
08-04 21:46:56.328  9688  9750 I art     : Explicit concurrent mark sweep GC freed 657(29KB) AllocSpace objects, 0(0B) LOS objects, 38% free, 25MB/41MB, paused 375us total 40.880ms
08-04 21:46:56.347  9688  9750 I art     : Starting a blocking GC Explicit
08-04 21:46:56.390  9688  9750 I art     : Explicit concurrent mark sweep GC freed 30(1168B) AllocSpace objects, 0(0B) LOS objects, 38% free, 25MB/41MB, paused 338us total 42.467ms
08-04 21:46:56.409  9688  9750 I art     : Starting a blocking GC Explicit
08-04 21:46:56.451  9688  9750 I art     : Explicit concurrent mark sweep GC freed 17(768B) AllocSpace objects, 0(0B) LOS objects, 38% free, 25MB/41MB, paused 330us total 41.031ms
08-04 21:46:56.468  9688  9750 I art     : Starting a blocking GC Explicit
08-04 21:46:56.510  9688  9750 I art     : Explicit concurrent mark sweep GC freed 157(6KB) AllocSpace objects, 0(0B) LOS objects, 38% free, 25MB/41MB, paused 373us total 41.337ms
08-04 21:46:56.835  9688  9700 I art     : Starting a blocking GC Explicit
08-04 21:46:56.884  9688  9700 I art     : Explicit concurrent mark sweep GC freed 1346(80KB) AllocSpace objects, 1(20KB) LOS objects, 38% free, 25MB/41MB, paused 380us total 48.684ms
08-04 21:46:56.905  9688  9700 I art     : Starting a blocking GC Explicit
08-04 21:46:56.952  9688  9700 I art     : Explicit concurrent mark sweep GC freed 20(704B) AllocSpace objects, 0(0B) LOS objects, 38% free, 25MB/41MB, paused 371us total 46.775ms
08-04 21:46:56.971  9688  9700 I art     : Starting a blocking GC Explicit
08-04 21:46:56.972   918  1209 D NetworkMonitor/NetworkAgentInfo [WIFI () - 159]: Checking http://connectivitycheck.gstatic.com/generate_204 on "H369AA63323", 192.168.2.12=192.168.2.12
08-04 21:46:57.015  9688  9700 I art     : Explicit concurrent mark sweep GC freed 3(96B) AllocSpace objects, 0(0B) LOS objects, 38% free, 25MB/41MB, paused 377us total 43.831ms
08-04 21:46:57.032   918  1209 D NetworkMonitor/NetworkAgentInfo [WIFI () - 159]: Probably not a portal: exception java.io.IOException: unexpected end of stream on Connection{connectivitycheck.gstatic.com:80, proxy=HTTP@/192.168.2.12:8080 hostAddress=192.168.2.12 cipherSuite=none protocol=http/1.1} (recycle count=0)
08-04 21:46:57.033  9688  9700 I art     : Starting a blocking GC Explicit
08-04 21:46:57.033   918  3263 D ConnectivityService: NetworkAgentInfo [WIFI () - 159] validation failed
08-04 21:46:57.036   918  3261 E WifiConfigStore:  rewrite network history for "H369AA63323"WPA_PSK
08-04 21:46:57.075  9688  9700 I art     : Explicit concurrent mark sweep GC freed 3(96B) AllocSpace objects, 0(0B) LOS objects, 38% free, 25MB/41MB, paused 330us total 41.855ms
08-04 21:46:57.093  9688  9700 I art     : Starting a blocking GC Explicit
08-04 21:46:57.137  9688  9700 I art     : Explicit concurrent mark sweep GC freed 3(96B) AllocSpace objects, 0(0B) LOS objects, 38% free, 25MB/41MB, paused 365us total 43.395ms
08-04 21:46:57.464  9688  9914 I art     : Starting a blocking GC Explicit
08-04 21:46:57.523  9688  9914 I art     : Explicit concurrent mark sweep GC freed 1343(80KB) AllocSpace objects, 1(20KB) LOS objects, 38% free, 25MB/41MB, paused 410us total 58.657ms
08-04 21:46:57.543  9688  9914 I art     : Starting a blocking GC Explicit
08-04 21:46:57.586  9688  9914 I art     : Explicit concurrent mark sweep GC freed 20(704B) AllocSpace objects, 0(0B) LOS objects, 38% free, 25MB/41MB, paused 380us total 42.815ms
08-04 21:46:57.604  9688  9914 I art     : Starting a blocking GC Explicit
08-04 21:46:57.649  9688  9914 I art     : Explicit concurrent mark sweep GC freed 3(96B) AllocSpace objects, 0(0B) LOS objects, 38% free, 25MB/41MB, paused 374us total 44.225ms
08-04 21:46:57.667  9688  9914 I art     : Starting a blocking GC Explicit
08-04 21:46:57.712  9688  9914 I art     : Explicit concurrent mark sweep GC freed 3(96B) AllocSpace objects, 0(0B) LOS objects, 38% free, 25MB/41MB, paused 396us total 44.400ms
08-04 21:46:57.734  9688  9914 I art     : Starting a blocking GC Explicit
08-04 21:46:57.780  9688  9914 I art     : Explicit concurrent mark sweep GC freed 3(96B) AllocSpace objects, 0(0B) LOS objects, 38% free, 25MB/41MB, paused 376us total 46.536ms
08-04 21:46:58.123  9688  9701 I art     : Starting a blocking GC Explicit
08-04 21:46:58.176  9688  9701 I art     : Explicit concurrent mark sweep GC freed 1343(80KB) AllocSpace objects, 1(20KB) LOS objects, 38% free, 25MB/41MB, paused 398us total 52.672ms
08-04 21:46:58.196  9688  9701 I art     : Starting a blocking GC Explicit
08-04 21:46:58.241  9688  9701 I art     : Explicit concurrent mark sweep GC freed 20(704B) AllocSpace objects, 0(0B) LOS objects, 38% free, 25MB/41MB, paused 376us total 44.433ms
08-04 21:46:58.259  9688  9701 I art     : Starting a blocking GC Explicit
08-04 21:46:58.303  9688  9701 I art     : Explicit concurrent mark sweep GC freed 3(96B) AllocSpace objects, 0(0B) LOS objects, 38% free, 25MB/41MB, paused 371us total 43.125ms
08-04 21:46:58.321  9688  9701 I art     : Starting a blocking GC Explicit
08-04 21:46:58.356   918  1210 D NetlinkSocketObserver: NeighborEvent{elapsedMs=1724222231, 192.168.2.254, [7C3953A63323], RTM_NEWNEIGH, NUD_PROBE}
08-04 21:46:58.367  9688  9701 I art     : Explicit concurrent mark sweep GC freed 3(96B) AllocSpace objects, 0(0B) LOS objects, 38% free, 25MB/41MB, paused 388us total 45.626ms
08-04 21:46:58.388  9688  9701 I art     : Starting a blocking GC Explicit
08-04 21:46:58.432  9688  9701 I art     : Explicit concurrent mark sweep GC freed 3(96B) AllocSpace objects, 0(0B) LOS objects, 38% free, 25MB/41MB, paused 356us total 43.754ms
08-04 21:46:58.789  9688  9750 I art     : Starting a blocking GC Explicit
08-04 21:46:58.847  9688  9750 I art     : Explicit concurrent mark sweep GC freed 1342(80KB) AllocSpace objects, 1(20KB) LOS objects, 38% free, 25MB/41MB, paused 396us total 57.276ms
08-04 21:46:58.868  9688  9750 I art     : Starting a blocking GC Explicit
08-04 21:46:58.914  9688  9750 I art     : Explicit concurrent mark sweep GC freed 20(704B) AllocSpace objects, 0(0B) LOS objects, 38% free, 25MB/41MB, paused 361us total 45.527ms
08-04 21:46:58.931  9688  9750 I art     : Starting a blocking GC Explicit
08-04 21:46:58.975  9688  9750 I art     : Explicit concurrent mark sweep GC freed 3(96B) AllocSpace objects, 0(0B) LOS objects, 38% free, 25MB/41MB, paused 375us total 43.416ms
08-04 21:46:58.993  9688  9750 I art     : Starting a blocking GC Explicit
08-04 21:46:59.037  9688  9750 I art     : Explicit concurrent mark sweep GC freed 3(96B) AllocSpace objects, 0(0B) LOS objects, 38% free, 25MB/41MB, paused 472us total 43.996ms
08-04 21:46:59.055  9688  9750 I art     : Starting a blocking GC Explicit
08-04 21:46:59.100  9688  9750 I art     : Explicit concurrent mark sweep GC freed 3(96B) AllocSpace objects, 0(0B) LOS objects, 38% free, 25MB/41MB, paused 404us total 43.841ms
08-04 21:46:59.301   518   646 I ThermalEngine: ACTION: GPU - Setting GPU[0] to 510000000
08-04 21:46:59.414  9688  9700 I art     : Starting a blocking GC Explicit
08-04 21:46:59.448  9688  9700 I art     : Explicit concurrent mark sweep GC freed 1346(80KB) AllocSpace objects, 1(20KB) LOS objects, 38% free, 25MB/41MB, paused 303us total 32.871ms
08-04 21:46:59.461  9688  9700 I art     : Starting a blocking GC Explicit
08-04 21:46:59.494  9688  9700 I art     : Explicit concurrent mark sweep GC freed 20(704B) AllocSpace objects, 0(0B) LOS objects, 38% free, 25MB/41MB, paused 268us total 32.471ms
08-04 21:46:59.507  9688  9700 I art     : Starting a blocking GC Explicit
08-04 21:46:59.539  9688  9700 I art     : Explicit concurrent mark sweep GC freed 3(96B) AllocSpace objects, 0(0B) LOS objects, 38% free, 25MB/41MB, paused 271us total 31.279ms
08-04 21:46:59.552  9688  9700 I art     : Starting a blocking GC Explicit
08-04 21:46:59.585  9688  9700 I art     : Explicit concurrent mark sweep GC freed 3(96B) AllocSpace objects, 0(0B) LOS objects, 38% free, 25MB/41MB, paused 268us total 32.342ms
08-04 21:46:59.598  9688  9700 I art     : Starting a blocking GC Explicit
08-04 21:46:59.629  9688  9700 I art     : Explicit concurrent mark sweep GC freed 3(96B) AllocSpace objects, 0(0B) LOS objects, 38% free, 25MB/41MB, paused 286us total 31.044ms
08-04 21:46:59.779 11274 11274 D AndroidRuntime: >>>>>> START com.android.internal.os.RuntimeInit uid 2000 <<<<<<
08-04 21:46:59.787 11274 11274 D AndroidRuntime: CheckJNI is OFF
08-04 21:46:59.821 11274 11274 D ICU     : No timezone override file found: /data/misc/zoneinfo/current/icu/icu_tzdata.dat
08-04 21:46:59.853 11274 11274 I Radio-JNI: register_android_hardware_Radio DONE
08-04 21:46:59.875 11274 11274 D AndroidRuntime: Calling main entry com.android.commands.input.Input
08-04 21:46:59.876 11274 11274 I Input   : injectMotionEvent: MotionEvent { action=ACTION_DOWN, actionButton=0, id[0]=0, x[0]=600.0, y[0]=700.0, toolType[0]=TOOL_TYPE_UNKNOWN, buttonState=0, metaState=0, flags=0x0, edgeFlags=0x0, pointerCount=1, historySize=0, eventTime=740836289, downTime=740836289, deviceId=0, source=0x1002 }
08-04 21:46:59.882 11274 11274 I Input   : injectMotionEvent: MotionEvent { action=ACTION_UP, actionButton=0, id[0]=0, x[0]=600.0, y[0]=700.0, toolType[0]=TOOL_TYPE_UNKNOWN, buttonState=0, metaState=0, flags=0x0, edgeFlags=0x0, pointerCount=1, historySize=0, eventTime=740836289, downTime=740836289, deviceId=0, source=0x1002 }
08-04 21:46:59.884 11274 11274 D AndroidRuntime: Shutting down VM
08-04 21:46:59.894   512  2967 D audio_hw_primary: out_set_parameters: enter: usecase(1: low-latency-playback) kvpairs: routing=2
08-04 21:46:59.896   918  6029 I ActivityManager: START u0 {dat=https://oauth.reddit.com/... cmp=baseline.org.quantumbadger.redreader/.activities.CommentListingActivity} from uid 10666 on display 0
08-04 21:46:59.907   512  2967 D audio_hw_primary: select_devices: out_snd_device(2: speaker) in_snd_device(0: none)
08-04 21:46:59.907   512  2967 D msm8974_platform: platform_send_audio_calibration: sending audio calibration for snd_device(2) acdb_id(15)
08-04 21:46:59.907   512  2967 I soundtrigger: audio_extn_sound_trigger_update_device_status: device 0x2 of type 0 for Event 1
08-04 21:46:59.918  9688  9688 I AppCompatViewInflater: app:theme is now deprecated. Please move to using android:theme instead.
08-04 21:46:59.921   512  2967 D audio_hw_primary: enable_snd_device: snd_device(2: speaker)
08-04 21:46:59.923   512  2967 D audio_hw_primary: enable_audio_route: apply and update mixer path: low-latency-playback speaker
08-04 21:46:59.925  9688  9914 I art     : Starting a blocking GC Explicit
08-04 21:46:59.934  9688 10259 I CommentListingActivity: COMMENTS session changed to 4c2d966f-14d1-4763-8401-de04059da3c1
08-04 21:46:59.959  9688  9914 I art     : Explicit concurrent mark sweep GC freed 4419(355KB) AllocSpace objects, 1(20KB) LOS objects, 37% free, 26MB/42MB, paused 818us total 34.454ms
08-04 21:46:59.972  9688  9914 I art     : Starting a blocking GC Explicit
08-04 21:47:00.013  9688  9914 I art     : Explicit concurrent mark sweep GC freed 11111(743KB) AllocSpace objects, 2(36KB) LOS objects, 37% free, 27MB/43MB, paused 1.557ms total 40.247ms
08-04 21:47:00.016   918   936 I ActivityManager: Displayed baseline.org.quantumbadger.redreader/.activities.CommentListingActivity: +113ms
08-04 21:47:00.017 13866 13866 I GoogleInputMethodServic: GoogleInputMethodService.onFinishInput():3138 
08-04 21:47:00.017 13866 13866 I GoogleInputMethodServic: GoogleInputMethodService.onStartInput():1808 
08-04 21:47:00.027  9688  9914 I art     : Starting a blocking GC Explicit
08-04 21:47:00.074  9688  9914 I art     : Explicit concurrent mark sweep GC freed 12928(850KB) AllocSpace objects, 0(0B) LOS objects, 35% free, 28MB/44MB, paused 1.504ms total 46.144ms
08-04 21:47:00.089  9688  9914 I art     : Starting a blocking GC Explicit
08-04 21:47:00.141  9688  9914 I art     : Explicit concurrent mark sweep GC freed 13926(923KB) AllocSpace objects, 1(16KB) LOS objects, 35% free, 29MB/45MB, paused 1.080ms total 51.753ms
08-04 21:47:00.158  9688  9914 I art     : Starting a blocking GC Explicit
08-04 21:47:00.204  9688  9914 I art     : Explicit concurrent mark sweep GC freed 4051(293KB) AllocSpace objects, 0(0B) LOS objects, 35% free, 29MB/45MB, paused 270us total 45.696ms
08-04 21:47:00.275   380   380 W SurfaceFlinger: couldn't log to binary event log: overflow.
08-04 21:47:00.459   512  2967 D audio_hw_primary: disable_audio_route: reset and update mixer path: low-latency-playback speaker
08-04 21:47:00.460   512  2967 D audio_hw_primary: disable_snd_device: snd_device(2: speaker)
08-04 21:47:00.468   512  2967 I soundtrigger: audio_extn_sound_trigger_update_device_status: device 0x2 of type 0 for Event 0
08-04 21:47:00.490  9688  9750 I art     : Starting a blocking GC Explicit
08-04 21:47:00.532  9688  9750 I art     : Explicit concurrent mark sweep GC freed 20606(937KB) AllocSpace objects, 1(20KB) LOS objects, 36% free, 28MB/44MB, paused 244us total 42.549ms
08-04 21:47:00.548  9688  9750 I art     : Starting a blocking GC Explicit
08-04 21:47:00.592  9688  9750 I art     : Explicit concurrent mark sweep GC freed 24(832B) AllocSpace objects, 0(0B) LOS objects, 36% free, 28MB/44MB, paused 254us total 43.756ms
08-04 21:47:00.607  9688  9750 I art     : Starting a blocking GC Explicit
08-04 21:47:00.649  9688  9750 I art     : Explicit concurrent mark sweep GC freed 3(96B) AllocSpace objects, 0(0B) LOS objects, 36% free, 28MB/44MB, paused 235us total 41.187ms
08-04 21:47:00.658  9688 11212 I RedditChangeDataIO: Writing tmp data file at '/data/user/0/baseline.org.quantumbadger.redreader/files/rr_change_data_tmp.dat'
08-04 21:47:00.659  9688 11212 I RedditChangeDataManager: Taking snapshot...
08-04 21:47:00.659  9688 11212 I RedditChangeDataManager: Writing to stream...
08-04 21:47:00.659  9688 11212 I RedditChangeDataManager: Wrote 3 entries for user ''
08-04 21:47:00.659  9688 11212 I RedditChangeDataManager: All entries written to stream.
08-04 21:47:00.659  9688 11212 I RedditChangeDataIO: Write successful. Atomically replacing data file...
08-04 21:47:00.659  9688 11212 I RedditChangeDataIO: Write complete.
08-04 21:47:00.659  9688 11212 I RedditChangeDataIO: 86 bytes written in 1 ms
08-04 21:47:00.664  9688  9750 I art     : Starting a blocking GC Explicit
08-04 21:47:00.709  9688  9750 I art     : Explicit concurrent mark sweep GC freed 110(6KB) AllocSpace objects, 1(68KB) LOS objects, 36% free, 28MB/44MB, paused 287us total 45.377ms
08-04 21:47:00.725  9688  9750 I art     : Starting a blocking GC Explicit
08-04 21:47:00.769  9688  9750 I art     : Explicit concurrent mark sweep GC freed 232(38KB) AllocSpace objects, 0(0B) LOS objects, 36% free, 28MB/44MB, paused 253us total 44.020ms
08-04 21:47:01.042  9688  9914 I art     : Starting a blocking GC Explicit
08-04 21:47:01.091  9688  9914 I art     : Explicit concurrent mark sweep GC freed 1407(82KB) AllocSpace objects, 1(20KB) LOS objects, 36% free, 28MB/44MB, paused 249us total 48.127ms
08-04 21:47:01.106  9688  9914 I art     : Starting a blocking GC Explicit
08-04 21:47:01.153  9688  9914 I art     : Explicit concurrent mark sweep GC freed 66(2528B) AllocSpace objects, 0(0B) LOS objects, 36% free, 28MB/44MB, paused 271us total 46.415ms
08-04 21:47:01.169  9688  9914 I art     : Starting a blocking GC Explicit
08-04 21:47:01.213  9688  9914 I art     : Explicit concurrent mark sweep GC freed 3(96B) AllocSpace objects, 0(0B) LOS objects, 36% free, 28MB/44MB, paused 238us total 43.820ms
08-04 21:47:01.228  9688  9914 I art     : Starting a blocking GC Explicit
08-04 21:47:01.276  9688  9914 I art     : Explicit concurrent mark sweep GC freed 3(96B) AllocSpace objects, 0(0B) LOS objects, 36% free, 28MB/44MB, paused 255us total 47.606ms
08-04 21:47:01.292  9688  9914 I art     : Starting a blocking GC Explicit
08-04 21:47:01.306   518   646 I ThermalEngine: ACTION: GPU - Setting GPU[0] to 450000000
08-04 21:47:01.351  9688  9914 I art     : Explicit concurrent mark sweep GC freed 3(96B) AllocSpace objects, 0(0B) LOS objects, 36% free, 28MB/44MB, paused 293us total 58.609ms
08-04 21:47:01.655  9688  9750 I art     : Starting a blocking GC Explicit
08-04 21:47:01.736  9688  9750 I art     : Explicit concurrent mark sweep GC freed 1342(80KB) AllocSpace objects, 1(20KB) LOS objects, 36% free, 28MB/44MB, paused 337us total 80.638ms
08-04 21:47:01.756  9688  9750 I art     : Starting a blocking GC Explicit
08-04 21:47:01.821  9688  9750 I art     : Explicit concurrent mark sweep GC freed 20(704B) AllocSpace objects, 0(0B) LOS objects, 36% free, 28MB/44MB, paused 351us total 64.372ms
08-04 21:47:01.844  9688  9750 I art     : Starting a blocking GC Explicit
08-04 21:47:01.907  9688  9750 I art     : Explicit concurrent mark sweep GC freed 3(96B) AllocSpace objects, 0(0B) LOS objects, 36% free, 28MB/44MB, paused 329us total 61.956ms
08-04 21:47:01.927  9688  9750 I art     : Starting a blocking GC Explicit
08-04 21:47:01.993  9688  9750 I art     : Explicit concurrent mark sweep GC freed 3(96B) AllocSpace objects, 0(0B) LOS objects, 36% free, 28MB/44MB, paused 336us total 65.405ms
08-04 21:47:02.015  9688  9750 I art     : Starting a blocking GC Explicit
08-04 21:47:02.079  9688  9750 I art     : Explicit concurrent mark sweep GC freed 3(96B) AllocSpace objects, 0(0B) LOS objects, 36% free, 28MB/44MB, paused 324us total 63.729ms
08-04 21:47:02.414  9688  9701 I art     : Starting a blocking GC Explicit
08-04 21:47:02.483  9688  9701 I art     : Explicit concurrent mark sweep GC freed 1342(80KB) AllocSpace objects, 1(20KB) LOS objects, 36% free, 28MB/44MB, paused 358us total 68.805ms
08-04 21:47:02.507  9688  9701 I art     : Starting a blocking GC Explicit
08-04 21:47:02.569  9688  9701 I art     : Explicit concurrent mark sweep GC freed 20(704B) AllocSpace objects, 0(0B) LOS objects, 36% free, 28MB/44MB, paused 345us total 62.412ms
08-04 21:47:02.590  9688  9701 I art     : Starting a blocking GC Explicit
08-04 21:47:02.657  9688  9701 I art     : Explicit concurrent mark sweep GC freed 3(96B) AllocSpace objects, 0(0B) LOS objects, 36% free, 28MB/44MB, paused 355us total 67.065ms
08-04 21:47:02.680  9688  9701 I art     : Starting a blocking GC Explicit
08-04 21:47:02.749  9688  9701 I art     : Explicit concurrent mark sweep GC freed 3(96B) AllocSpace objects, 0(0B) LOS objects, 36% free, 28MB/44MB, paused 349us total 68.642ms
08-04 21:47:02.771  9688  9701 I art     : Starting a blocking GC Explicit
08-04 21:47:02.836  9688  9701 I art     : Explicit concurrent mark sweep GC freed 3(96B) AllocSpace objects, 0(0B) LOS objects, 36% free, 28MB/44MB, paused 347us total 64.227ms
08-04 21:47:03.165  9688  9700 I art     : Starting a blocking GC Explicit
08-04 21:47:03.251  9688  9700 I art     : Explicit concurrent mark sweep GC freed 1342(80KB) AllocSpace objects, 1(20KB) LOS objects, 36% free, 28MB/44MB, paused 336us total 85.895ms
08-04 21:47:03.276  9688  9700 I art     : Starting a blocking GC Explicit
08-04 21:47:03.312   518   646 I ThermalEngine: ACTION: GPU - Setting GPU[0] to 510000000
08-04 21:47:03.337  9688  9700 I art     : Explicit concurrent mark sweep GC freed 20(704B) AllocSpace objects, 0(0B) LOS objects, 36% free, 28MB/44MB, paused 415us total 61.199ms
08-04 21:47:03.355  9688  9700 I art     : Starting a blocking GC Explicit
08-04 21:47:03.402  9688  9700 I art     : Explicit concurrent mark sweep GC freed 3(96B) AllocSpace objects, 0(0B) LOS objects, 36% free, 28MB/44MB, paused 229us total 46.559ms
08-04 21:47:03.418  9688  9700 I art     : Starting a blocking GC Explicit
08-04 21:47:03.463  9688  9700 I art     : Explicit concurrent mark sweep GC freed 3(96B) AllocSpace objects, 0(0B) LOS objects, 36% free, 28MB/44MB, paused 237us total 45.209ms
08-04 21:47:03.479  9688  9700 I art     : Starting a blocking GC Explicit
08-04 21:47:03.527  9688  9700 I art     : Explicit concurrent mark sweep GC freed 3(96B) AllocSpace objects, 0(0B) LOS objects, 36% free, 28MB/44MB, paused 233us total 47.459ms
08-04 21:47:03.863  9688  9914 I art     : Starting a blocking GC Explicit
08-04 21:47:03.925  9688  9914 I art     : Explicit concurrent mark sweep GC freed 1342(80KB) AllocSpace objects, 1(20KB) LOS objects, 36% free, 28MB/44MB, paused 274us total 61.455ms
08-04 21:47:03.946  9688  9914 I art     : Starting a blocking GC Explicit
08-04 21:47:03.992  9688  9914 I art     : Explicit concurrent mark sweep GC freed 20(704B) AllocSpace objects, 0(0B) LOS objects, 36% free, 28MB/44MB, paused 250us total 45.914ms
08-04 21:47:04.007  9688  9914 I art     : Starting a blocking GC Explicit
08-04 21:47:04.054  9688  9914 I art     : Explicit concurrent mark sweep GC freed 3(96B) AllocSpace objects, 0(0B) LOS objects, 36% free, 28MB/44MB, paused 257us total 46.532ms
08-04 21:47:04.070  9688  9914 I art     : Starting a blocking GC Explicit
08-04 21:47:04.117  9688  9914 I art     : Explicit concurrent mark sweep GC freed 3(96B) AllocSpace objects, 0(0B) LOS objects, 36% free, 28MB/44MB, paused 270us total 46.949ms
08-04 21:47:04.133  9688  9914 I art     : Starting a blocking GC Explicit
08-04 21:47:04.176  9688  9914 I art     : Explicit concurrent mark sweep GC freed 3(96B) AllocSpace objects, 0(0B) LOS objects, 36% free, 28MB/44MB, paused 227us total 42.945ms
08-04 21:47:04.487  9688  9750 I art     : Starting a blocking GC Explicit
08-04 21:47:04.534  9688  9750 I art     : Explicit concurrent mark sweep GC freed 1344(80KB) AllocSpace objects, 1(20KB) LOS objects, 36% free, 28MB/44MB, paused 246us total 46.396ms
08-04 21:47:04.550  9688  9750 I art     : Starting a blocking GC Explicit
08-04 21:47:04.557 11359 11359 D AndroidRuntime: >>>>>> START com.android.internal.os.RuntimeInit uid 2000 <<<<<<
08-04 21:47:04.562 11359 11359 D AndroidRuntime: CheckJNI is OFF
08-04 21:47:04.594  9688  9750 I art     : Explicit concurrent mark sweep GC freed 20(704B) AllocSpace objects, 0(0B) LOS objects, 36% free, 28MB/44MB, paused 253us total 44.162ms
08-04 21:47:04.597 11359 11359 D ICU     : No timezone override file found: /data/misc/zoneinfo/current/icu/icu_tzdata.dat
08-04 21:47:04.609  9688  9750 I art     : Starting a blocking GC Explicit
08-04 21:47:04.632 11359 11359 I Radio-JNI: register_android_hardware_Radio DONE
08-04 21:47:04.654  9688  9750 I art     : Explicit concurrent mark sweep GC freed 3(96B) AllocSpace objects, 0(0B) LOS objects, 36% free, 28MB/44MB, paused 248us total 44.226ms
08-04 21:47:04.655 11359 11359 D AndroidRuntime: Calling main entry com.android.commands.input.Input
08-04 21:47:04.656 11359 11359 I Input   : injectKeyEvent: KeyEvent { action=ACTION_DOWN, keyCode=KEYCODE_BACK, scanCode=0, metaState=0, flags=0x0, repeatCount=0, eventTime=740841069, downTime=740841069, deviceId=-1, source=0x101 }
08-04 21:47:04.662 11359 11359 I Input   : injectKeyEvent: KeyEvent { action=ACTION_UP, keyCode=KEYCODE_BACK, scanCode=0, metaState=0, flags=0x0, repeatCount=0, eventTime=740841069, downTime=740841069, deviceId=-1, source=0x101 }
08-04 21:47:04.668 11359 11359 D AndroidRuntime: Shutting down VM
08-04 21:47:04.669  9688  9750 I art     : Starting a blocking GC Explicit
08-04 21:47:04.676   918   931 I ProcessStatsService: Prepared write state in 3ms
08-04 21:47:04.708 13866 13866 I GoogleInputMethodServic: GoogleInputMethodService.onFinishInput():3138 
08-04 21:47:04.708 13866 13866 I GoogleInputMethodServic: GoogleInputMethodService.onStartInput():1808 
08-04 21:47:04.711  9688  9750 I art     : Explicit concurrent mark sweep GC freed 132(4KB) AllocSpace objects, 0(0B) LOS objects, 36% free, 28MB/44MB, paused 239us total 42.064ms
08-04 21:47:04.727  9688  9750 I art     : Starting a blocking GC Explicit
08-04 21:47:04.768  9688  9750 I art     : Explicit concurrent mark sweep GC freed 115(4KB) AllocSpace objects, 0(0B) LOS objects, 36% free, 28MB/44MB, paused 231us total 40.682ms
08-04 21:47:05.029   380   380 W SurfaceFlinger: couldn't log to binary event log: overflow.
08-04 21:47:05.037  9688  9701 I art     : Starting a blocking GC Explicit
08-04 21:47:05.083  9688  9701 I art     : Explicit concurrent mark sweep GC freed 1409(82KB) AllocSpace objects, 1(20KB) LOS objects, 36% free, 28MB/44MB, paused 256us total 45.890ms
08-04 21:47:05.098  9688  9701 I art     : Starting a blocking GC Explicit
08-04 21:47:05.134  9688  9701 I art     : Explicit concurrent mark sweep GC freed 46779(2MB) AllocSpace objects, 5(140KB) LOS objects, 38% free, 25MB/41MB, paused 253us total 36.048ms
08-04 21:47:05.148  9688  9701 I art     : Starting a blocking GC Explicit
08-04 21:47:05.181  9688  9701 I art     : Explicit concurrent mark sweep GC freed 3(96B) AllocSpace objects, 0(0B) LOS objects, 38% free, 25MB/41MB, paused 254us total 32.406ms
08-04 21:47:05.194  9688  9701 I art     : Starting a blocking GC Explicit
08-04 21:47:05.227  9688  9701 I art     : Explicit concurrent mark sweep GC freed 3(96B) AllocSpace objects, 0(0B) LOS objects, 38% free, 25MB/41MB, paused 281us total 32.742ms
08-04 21:47:05.241  9688  9701 I art     : Starting a blocking GC Explicit
08-04 21:47:05.275  9688  9701 I art     : Explicit concurrent mark sweep GC freed 3(96B) AllocSpace objects, 0(0B) LOS objects, 38% free, 25MB/41MB, paused 261us total 33.694ms
08-04 21:47:05.578  9688  9914 I art     : Starting a blocking GC Explicit
08-04 21:47:05.627  9688  9914 I art     : Explicit concurrent mark sweep GC freed 1342(80KB) AllocSpace objects, 1(20KB) LOS objects, 38% free, 25MB/41MB, paused 345us total 48.264ms
08-04 21:47:05.642  9688  9914 I art     : Starting a blocking GC Explicit
08-04 21:47:05.675  9688  9914 I art     : Explicit concurrent mark sweep GC freed 20(704B) AllocSpace objects, 0(0B) LOS objects, 38% free, 25MB/41MB, paused 230us total 32.889ms
08-04 21:47:05.689  9688  9914 I art     : Starting a blocking GC Explicit
08-04 21:47:05.722  9688  9914 I art     : Explicit concurrent mark sweep GC freed 3(96B) AllocSpace objects, 0(0B) LOS objects, 38% free, 25MB/41MB, paused 254us total 32.860ms
08-04 21:47:05.736  9688  9914 I art     : Starting a blocking GC Explicit
08-04 21:47:05.769  9688  9914 I art     : Explicit concurrent mark sweep GC freed 3(96B) AllocSpace objects, 0(0B) LOS objects, 38% free, 25MB/41MB, paused 257us total 33.245ms
08-04 21:47:05.783  9688  9914 I art     : Starting a blocking GC Explicit
08-04 21:47:05.816  9688  9914 I art     : Explicit concurrent mark sweep GC freed 3(96B) AllocSpace objects, 0(0B) LOS objects, 38% free, 25MB/41MB, paused 251us total 32.928ms
08-04 21:47:06.079  9688  9700 I art     : Starting a blocking GC Explicit
08-04 21:47:06.112  9688  9700 I art     : Explicit concurrent mark sweep GC freed 1342(80KB) AllocSpace objects, 1(20KB) LOS objects, 38% free, 25MB/41MB, paused 255us total 33.104ms
08-04 21:47:06.126  9688  9700 I art     : Starting a blocking GC Explicit
08-04 21:47:06.159  9688  9700 I art     : Explicit concurrent mark sweep GC freed 20(704B) AllocSpace objects, 0(0B) LOS objects, 38% free, 25MB/41MB, paused 247us total 32.350ms
08-04 21:47:06.172  9688  9700 I art     : Starting a blocking GC Explicit
08-04 21:47:06.204  9688  9700 I art     : Explicit concurrent mark sweep GC freed 3(96B) AllocSpace objects, 0(0B) LOS objects, 38% free, 25MB/41MB, paused 237us total 32.113ms
08-04 21:47:06.218  9688  9700 I art     : Starting a blocking GC Explicit
08-04 21:47:06.250  9688  9700 I art     : Explicit concurrent mark sweep GC freed 3(96B) AllocSpace objects, 0(0B) LOS objects, 38% free, 25MB/41MB, paused 267us total 31.627ms
08-04 21:47:06.264  9688  9700 I art     : Starting a blocking GC Explicit
08-04 21:47:06.295  9688  9700 I art     : Explicit concurrent mark sweep GC freed 3(96B) AllocSpace objects, 0(0B) LOS objects, 38% free, 25MB/41MB, paused 254us total 31.467ms
08-04 21:47:06.331 11402 11402 D AndroidRuntime: >>>>>> START com.android.internal.os.RuntimeInit uid 2000 <<<<<<
08-04 21:47:06.336 11402 11402 D AndroidRuntime: CheckJNI is OFF
08-04 21:47:06.369 11402 11402 D ICU     : No timezone override file found: /data/misc/zoneinfo/current/icu/icu_tzdata.dat
08-04 21:47:06.403 11402 11402 I Radio-JNI: register_android_hardware_Radio DONE
08-04 21:47:06.425 11402 11402 D AndroidRuntime: Calling main entry com.android.commands.input.Input
08-04 21:47:06.427 11402 11402 I Input   : injectKeyEvent: KeyEvent { action=ACTION_DOWN, keyCode=KEYCODE_BACK, scanCode=0, metaState=0, flags=0x0, repeatCount=0, eventTime=740842840, downTime=740842840, deviceId=-1, source=0x101 }
08-04 21:47:06.433 11402 11402 I Input   : injectKeyEvent: KeyEvent { action=ACTION_UP, keyCode=KEYCODE_BACK, scanCode=0, metaState=0, flags=0x0, repeatCount=0, eventTime=740842840, downTime=740842840, deviceId=-1, source=0x101 }
08-04 21:47:06.438 11402 11402 D AndroidRuntime: Shutting down VM
08-04 21:47:06.472 13866 13866 I GoogleInputMethodServic: GoogleInputMethodService.onFinishInput():3138 
08-04 21:47:06.473 13866 13866 I GoogleInputMethodServic: GoogleInputMethodService.onStartInput():1808 
08-04 21:47:06.542  9688  9701 I art     : Starting a blocking GC Explicit
08-04 21:47:06.572  9688  9701 I art     : Explicit concurrent mark sweep GC freed 1519(86KB) AllocSpace objects, 1(20KB) LOS objects, 38% free, 25MB/41MB, paused 250us total 30.004ms
08-04 21:47:06.586  9688  9701 I art     : Starting a blocking GC Explicit
08-04 21:47:06.621  9688  9701 I art     : Explicit concurrent mark sweep GC freed 24(864B) AllocSpace objects, 0(0B) LOS objects, 38% free, 25MB/41MB, paused 294us total 34.582ms
08-04 21:47:06.637  9688  9701 I art     : Starting a blocking GC Explicit
08-04 21:47:06.678  9688  9701 I art     : Explicit concurrent mark sweep GC freed 3(96B) AllocSpace objects, 0(0B) LOS objects, 38% free, 25MB/41MB, paused 253us total 40.625ms
08-04 21:47:06.694  9688  9701 I art     : Starting a blocking GC Explicit
08-04 21:47:06.734  9688  9701 I art     : Explicit concurrent mark sweep GC freed 3(96B) AllocSpace objects, 0(0B) LOS objects, 38% free, 25MB/41MB, paused 288us total 40.285ms
08-04 21:47:06.752  9688  9701 I art     : Starting a blocking GC Explicit
08-04 21:47:06.783  9688  9701 I art     : Explicit concurrent mark sweep GC freed 39(1312B) AllocSpace objects, 0(0B) LOS objects, 38% free, 25MB/41MB, paused 243us total 31.314ms
08-04 21:47:07.047  9688  9914 I art     : Starting a blocking GC Explicit
08-04 21:47:07.087  9688  9914 I art     : Explicit concurrent mark sweep GC freed 1361(81KB) AllocSpace objects, 1(20KB) LOS objects, 38% free, 25MB/41MB, paused 479us total 39.441ms
08-04 21:47:07.103  9688  9914 I art     : Starting a blocking GC Explicit
08-04 21:47:07.136  9688  9914 I art     : Explicit concurrent mark sweep GC freed 150(7KB) AllocSpace objects, 0(0B) LOS objects, 38% free, 25MB/41MB, paused 264us total 32.924ms
08-04 21:47:07.150  9688  9914 I art     : Starting a blocking GC Explicit
08-04 21:47:07.183  9688  9914 I art     : Explicit concurrent mark sweep GC freed 3(96B) AllocSpace objects, 0(0B) LOS objects, 38% free, 25MB/41MB, paused 257us total 33.341ms
08-04 21:47:07.197  9688  9914 I art     : Starting a blocking GC Explicit
08-04 21:47:07.231  9688  9914 I art     : Explicit concurrent mark sweep GC freed 3(96B) AllocSpace objects, 0(0B) LOS objects, 38% free, 25MB/41MB, paused 265us total 33.948ms
08-04 21:47:07.245  9688  9914 I art     : Starting a blocking GC Explicit
08-04 21:47:07.280  9688  9914 I art     : Explicit concurrent mark sweep GC freed 3(96B) AllocSpace objects, 0(0B) LOS objects, 38% free, 25MB/41MB, paused 268us total 34.129ms
08-04 21:47:07.561  9688  9700 I art     : Starting a blocking GC Explicit
08-04 21:47:07.596  9688  9700 I art     : Explicit concurrent mark sweep GC freed 1342(80KB) AllocSpace objects, 1(20KB) LOS objects, 38% free, 25MB/41MB, paused 267us total 34.106ms
08-04 21:47:07.610  9688  9700 I art     : Starting a blocking GC Explicit
08-04 21:47:07.642  9688  9700 I art     : Explicit concurrent mark sweep GC freed 20(704B) AllocSpace objects, 0(0B) LOS objects, 38% free, 25MB/41MB, paused 268us total 32.097ms
08-04 21:47:07.655  9688  9700 I art     : Starting a blocking GC Explicit
08-04 21:47:07.688  9688  9700 I art     : Explicit concurrent mark sweep GC freed 3(96B) AllocSpace objects, 0(0B) LOS objects, 38% free, 25MB/41MB, paused 298us total 31.932ms
08-04 21:47:07.701  9688  9700 I art     : Starting a blocking GC Explicit
08-04 21:47:07.733  9688  9700 I art     : Explicit concurrent mark sweep GC freed 3(96B) AllocSpace objects, 0(0B) LOS objects, 38% free, 25MB/41MB, paused 251us total 31.245ms
08-04 21:47:07.746  9688  9700 I art     : Starting a blocking GC Explicit
08-04 21:47:07.778  9688  9700 I art     : Explicit concurrent mark sweep GC freed 3(96B) AllocSpace objects, 0(0B) LOS objects, 38% free, 25MB/41MB, paused 274us total 31.181ms
08-04 21:47:08.040  9688  9750 I art     : Starting a blocking GC Explicit
08-04 21:47:08.073  9688  9750 I art     : Explicit concurrent mark sweep GC freed 1342(80KB) AllocSpace objects, 1(20KB) LOS objects, 38% free, 25MB/41MB, paused 270us total 33.230ms
08-04 21:47:08.088  9688  9750 I art     : Starting a blocking GC Explicit
08-04 21:47:08.104 11456 11456 D AndroidRuntime: >>>>>> START com.android.internal.os.RuntimeInit uid 2000 <<<<<<
08-04 21:47:08.109 11456 11456 D AndroidRuntime: CheckJNI is OFF
08-04 21:47:08.119  9688  9750 I art     : Explicit concurrent mark sweep GC freed 20(704B) AllocSpace objects, 0(0B) LOS objects, 38% free, 25MB/41MB, paused 260us total 31.647ms
08-04 21:47:08.133  9688  9750 I art     : Starting a blocking GC Explicit
08-04 21:47:08.145 11456 11456 D ICU     : No timezone override file found: /data/misc/zoneinfo/current/icu/icu_tzdata.dat
08-04 21:47:08.164  9688  9750 I art     : Explicit concurrent mark sweep GC freed 3(96B) AllocSpace objects, 0(0B) LOS objects, 38% free, 25MB/41MB, paused 277us total 31.322ms
08-04 21:47:08.178  9688  9750 I art     : Starting a blocking GC Explicit
08-04 21:47:08.181 11456 11456 I Radio-JNI: register_android_hardware_Radio DONE
08-04 21:47:08.204 11456 11456 D AndroidRuntime: Calling main entry com.android.commands.input.Input
08-04 21:47:08.205 11456 11456 I Input   : injectMotionEvent: MotionEvent { action=ACTION_DOWN, actionButton=0, id[0]=0, x[0]=600.0, y[0]=1000.0, toolType[0]=TOOL_TYPE_UNKNOWN, buttonState=0, metaState=0, flags=0x0, edgeFlags=0x0, pointerCount=1, historySize=0, eventTime=740844618, downTime=740844618, deviceId=0, source=0x1002 }
08-04 21:47:08.209  9688  9750 I art     : Explicit concurrent mark sweep GC freed 3(96B) AllocSpace objects, 0(0B) LOS objects, 38% free, 25MB/41MB, paused 313us total 30.776ms
08-04 21:47:08.211 11456 11456 I Input   : injectMotionEvent: MotionEvent { action=ACTION_UP, actionButton=0, id[0]=0, x[0]=600.0, y[0]=1000.0, toolType[0]=TOOL_TYPE_UNKNOWN, buttonState=0, metaState=0, flags=0x0, edgeFlags=0x0, pointerCount=1, historySize=0, eventTime=740844618, downTime=740844618, deviceId=0, source=0x1002 }
08-04 21:47:08.213 11456 11456 D AndroidRuntime: Shutting down VM
08-04 21:47:08.217   918  3670 I ActivityManager: START u0 {dat=https://oauth.reddit.com/... cmp=baseline.org.quantumbadger.redreader/.activities.PostListingActivity} from uid 10666 on display 0
08-04 21:47:08.218   512  2967 D audio_hw_primary: out_set_parameters: enter: usecase(1: low-latency-playback) kvpairs: routing=2
08-04 21:47:08.224  9688  9750 I art     : Starting a blocking GC Explicit
08-04 21:47:08.231   512  2967 D audio_hw_primary: select_devices: out_snd_device(2: speaker) in_snd_device(0: none)
08-04 21:47:08.231   512  2967 D msm8974_platform: platform_send_audio_calibration: sending audio calibration for snd_device(2) acdb_id(15)
08-04 21:47:08.231   512  2967 I soundtrigger: audio_extn_sound_trigger_update_device_status: device 0x2 of type 0 for Event 1
08-04 21:47:08.234  9688  9688 I AppCompatViewInflater: app:theme is now deprecated. Please move to using android:theme instead.
08-04 21:47:08.243   512  2967 D audio_hw_primary: enable_snd_device: snd_device(2: speaker)
08-04 21:47:08.245   512  2967 D audio_hw_primary: enable_audio_route: apply and update mixer path: low-latency-playback speaker
08-04 21:47:08.258  9688 11480 D OK      : calling: https://oauth.reddit.com/r/announcements/about.json
08-04 21:47:08.259  9688  9750 I art     : Explicit concurrent mark sweep GC freed 794(72KB) AllocSpace objects, 0(0B) LOS objects, 38% free, 25MB/41MB, paused 2.515ms total 34.771ms
08-04 21:47:08.308   918   936 I ActivityManager: Displayed baseline.org.quantumbadger.redreader/.activities.PostListingActivity: +85ms
08-04 21:47:08.308 13866 13866 I GoogleInputMethodServic: GoogleInputMethodService.onFinishInput():3138 
08-04 21:47:08.309 13866 13866 I GoogleInputMethodServic: GoogleInputMethodService.onStartInput():1808 
08-04 21:47:08.519  9688  9700 I art     : Starting a blocking GC Explicit
08-04 21:47:08.561  9688  9700 I art     : Explicit concurrent mark sweep GC freed 4431(205KB) AllocSpace objects, 1(20KB) LOS objects, 38% free, 25MB/41MB, paused 332us total 42.423ms
08-04 21:47:08.566   380   380 W SurfaceFlinger: couldn't log to binary event log: overflow.
08-04 21:47:08.580  9688  9700 I art     : Starting a blocking GC Explicit
08-04 21:47:08.608  9688  9700 I art     : Explicit concurrent mark sweep GC freed 253(12KB) AllocSpace objects, 0(0B) LOS objects, 38% free, 25MB/41MB, paused 287us total 28.043ms
08-04 21:47:08.620  9688  9700 I art     : Starting a blocking GC Explicit
08-04 21:47:08.625  9688 11480 I NAPPA_EXPERIMENTATION: MetricNetworkRequestExecutionTime: REQUEST_DURATION_SYSTEM='367',REQUEST_DURATION_OKHTTP='143',REQUEST_SYNCHRONOUS='TRUE',RESPONSE_CODE='200',RESPONSE_METHOD='GET',RESPONSE_LENGTH_OKHTTP='-1',RESPONSE_LENGTH_HEADER='1564',REQUEST_PROTOCOL='h2',REQUEST_URL='https://oauth.reddit.com/r/announcements/about.json',
08-04 21:47:08.625  9688 11480 D OK      : request got status: 200
08-04 21:47:08.653  9688  9700 I art     : Explicit concurrent mark sweep GC freed 1053(119KB) AllocSpace objects, 1(68KB) LOS objects, 38% free, 25MB/41MB, paused 661us total 32.320ms
08-04 21:47:08.668  9688  9700 I art     : Starting a blocking GC Explicit
08-04 21:47:08.697  9688  9700 I art     : Explicit concurrent mark sweep GC freed 709(44KB) AllocSpace objects, 1(68KB) LOS objects, 38% free, 25MB/41MB, paused 300us total 29.341ms
08-04 21:47:08.712  9688  9700 I art     : Starting a blocking GC Explicit
08-04 21:47:08.742  9688  9700 I art     : Explicit concurrent mark sweep GC freed 134(7KB) AllocSpace objects, 0(0B) LOS objects, 38% free, 25MB/41MB, paused 254us total 30.058ms
08-04 21:47:08.778   512  2967 D audio_hw_primary: disable_audio_route: reset and update mixer path: low-latency-playback speaker
08-04 21:47:08.779   512  2967 D audio_hw_primary: disable_snd_device: snd_device(2: speaker)
08-04 21:47:08.789   512  2967 I soundtrigger: audio_extn_sound_trigger_update_device_status: device 0x2 of type 0 for Event 0
08-04 21:47:09.033  9688  9700 I art     : Starting a blocking GC Explicit
08-04 21:47:09.070  9688  9700 I art     : Explicit concurrent mark sweep GC freed 1379(83KB) AllocSpace objects, 1(20KB) LOS objects, 38% free, 25MB/41MB, paused 319us total 36.094ms
08-04 21:47:09.084  9688  9700 I art     : Starting a blocking GC Explicit
08-04 21:47:09.119  9688  9700 I art     : Explicit concurrent mark sweep GC freed 42(1632B) AllocSpace objects, 0(0B) LOS objects, 38% free, 25MB/41MB, paused 261us total 35.087ms
08-04 21:47:09.132  9688  9700 I art     : Starting a blocking GC Explicit
08-04 21:47:09.166  9688  9700 I art     : Explicit concurrent mark sweep GC freed 3(96B) AllocSpace objects, 0(0B) LOS objects, 38% free, 25MB/41MB, paused 297us total 33.617ms
08-04 21:47:09.180  9688  9700 I art     : Starting a blocking GC Explicit
08-04 21:47:09.213  9688  9700 I art     : Explicit concurrent mark sweep GC freed 3(96B) AllocSpace objects, 0(0B) LOS objects, 38% free, 25MB/41MB, paused 325us total 32.614ms
08-04 21:47:09.226  9688  9700 I art     : Starting a blocking GC Explicit
08-04 21:47:09.259  9688  9700 I art     : Explicit concurrent mark sweep GC freed 3(96B) AllocSpace objects, 0(0B) LOS objects, 38% free, 25MB/41MB, paused 296us total 32.534ms
08-04 21:47:09.322   518   646 I ThermalEngine: ACTION: GPU - Setting GPU[0] to 450000000
08-04 21:47:09.455  9688 11511 D OK      : calling: https://oauth.reddit.com/r/announcements/hot/.json
08-04 21:47:09.560  9688  9914 I art     : Starting a blocking GC Explicit
08-04 21:47:09.604  9688  9914 I art     : Explicit concurrent mark sweep GC freed 1434(85KB) AllocSpace objects, 1(20KB) LOS objects, 38% free, 25MB/41MB, paused 404us total 43.386ms
08-04 21:47:09.622  9688  9914 I art     : Starting a blocking GC Explicit
08-04 21:47:09.636  9688 11511 I NAPPA_EXPERIMENTATION: MetricNetworkRequestExecutionTime: REQUEST_DURATION_SYSTEM='181',REQUEST_DURATION_OKHTTP='177',REQUEST_SYNCHRONOUS='TRUE',RESPONSE_CODE='200',RESPONSE_METHOD='GET',RESPONSE_LENGTH_OKHTTP='-1',RESPONSE_LENGTH_HEADER='142016',REQUEST_PROTOCOL='h2',REQUEST_URL='https://oauth.reddit.com/r/announcements/hot/.json',
08-04 21:47:09.636  9688 11511 D OK      : request got status: 200
08-04 21:47:09.658  9688 10259 I PostListingFragment: Precaching images: OFF
08-04 21:47:09.658  9688 10259 I PostListingFragment: Precaching comments: OFF
08-04 21:47:09.663  9688  9914 I art     : Explicit concurrent mark sweep GC freed 486(56KB) AllocSpace objects, 0(0B) LOS objects, 38% free, 25MB/41MB, paused 667us total 41.063ms
08-04 21:47:09.680  9688  9914 I art     : Starting a blocking GC Explicit
08-04 21:47:09.722  9688  9914 I art     : Explicit concurrent mark sweep GC freed 1196(105KB) AllocSpace objects, 1(16KB) LOS objects, 37% free, 26MB/42MB, paused 602us total 41.370ms
08-04 21:47:09.739  9688  9914 I art     : Starting a blocking GC Explicit
08-04 21:47:09.784  9688  9914 I art     : Explicit concurrent mark sweep GC freed 1094(65KB) AllocSpace objects, 2(40KB) LOS objects, 37% free, 27MB/43MB, paused 543us total 44.668ms
08-04 21:47:09.802  9688  9914 I art     : Starting a blocking GC Explicit
08-04 21:47:09.829  9688 11516 D OK      : calling: https://b.thumbs.redditmedia.com/RROcLjDSUc0QV1UeQ1txXdyl1C_7233mmsMgtYXxQzo.jpg
08-04 21:47:09.854  9688  9914 I art     : Explicit concurrent mark sweep GC freed 3208(132KB) AllocSpace objects, 1(16KB) LOS objects, 36% free, 27MB/43MB, paused 984us total 50.944ms
08-04 21:47:09.861  9688 11517 D OK      : calling: https://a.thumbs.redditmedia.com/N-frnMqRYp_XiaGds7kPbHf82a876RNKSQ1iw0LzHR0.jpg
08-04 21:47:09.877  9688 11518 D OK      : calling: https://b.thumbs.redditmedia.com/KH2o_q4MXufUdRChsfwLtl6gnEnT8MJtZn3Tyj5ZmBU.jpg
08-04 21:47:09.928  9688 11519 D OK      : calling: https://b.thumbs.redditmedia.com/MGaOJeZl7UsmdtroJopYU_36HUNvQ9LUV5WFH_FJ2vI.jpg
08-04 21:47:09.991  9688 11522 D OK      : calling: https://a.thumbs.redditmedia.com/-D0hxchgus9EyzvGqvnabK_3Obl93tMfG9G58V1QwW8.jpg
08-04 21:47:10.018  9688 11525 D OK      : calling: https://b.thumbs.redditmedia.com/zCaV9kuSMZxmMvdmErGyUsYNdPrmX8LP9_Ee4QTT16g.jpg
08-04 21:47:10.042  9688 11528 D OK      : calling: https://b.thumbs.redditmedia.com/4EGkxZNzrzt-RCtd035cWyO0BipdbDVuPwi4W2v4TyM.jpg
08-04 21:47:10.080  9688 11539 D OK      : calling: https://a.thumbs.redditmedia.com/aVhMBmGX07uX0KhK0rKdhMvQ4UsOJIHN4KeTaa36EF4.jpg
08-04 21:47:10.131  9688  9700 I art     : Starting a blocking GC Explicit
08-04 21:47:10.184  9688  9700 I art     : Explicit concurrent mark sweep GC freed 89512(4MB) AllocSpace objects, 14(392KB) LOS objects, 37% free, 26MB/42MB, paused 1.157ms total 53.379ms
08-04 21:47:10.202  9688  9700 I art     : Starting a blocking GC Explicit
08-04 21:47:10.228  9688 11516 I NAPPA_EXPERIMENTATION: MetricNetworkRequestExecutionTime: REQUEST_DURATION_SYSTEM='399',REQUEST_DURATION_OKHTTP='179',REQUEST_SYNCHRONOUS='TRUE',RESPONSE_CODE='200',RESPONSE_METHOD='GET',RESPONSE_LENGTH_OKHTTP='2558',RESPONSE_LENGTH_HEADER='2558',REQUEST_PROTOCOL='h2',REQUEST_URL='https://b.thumbs.redditmedia.com/RROcLjDSUc0QV1UeQ1txXdyl1C_7233mmsMgtYXxQzo.jpg',
08-04 21:47:10.228  9688 11516 D OK      : request got status: 200
08-04 21:47:10.239  9688  9688 W RecyclerView: Cannot call this method in a scroll callback. Scroll callbacks mightbe run during a measure & layout pass where you cannot change theRecyclerView data. Any method call that might change the structureof the RecyclerView or the adapter contents should be postponed tothe next frame.
08-04 21:47:10.239  9688  9688 W RecyclerView: java.lang.IllegalStateException:  androidx.recyclerview.widget.RecyclerView{4bb896f VFED..... .F....ID 0,0-1440,2140 #7f0900ef app:id/scrollbar_recyclerview_recyclerview}, adapter:baseline.org.quantumbadger.redreader.adapters.GroupedRecyclerViewAdapter@293867c, layout:androidx.recyclerview.widget.LinearLayoutManager@bb23b05, context:baseline.org.quantumbadger.redreader.activities.PostListingActivity@a67366e
08-04 21:47:10.239  9688  9688 W RecyclerView: 	at androidx.recyclerview.widget.RecyclerView.assertNotInLayoutOrScroll(RecyclerView.java:3061)
08-04 21:47:10.239  9688  9688 W RecyclerView: 	at androidx.recyclerview.widget.RecyclerView$RecyclerViewDataObserver.onItemRangeInserted(RecyclerView.java:5555)
08-04 21:47:10.239  9688  9688 W RecyclerView: 	at androidx.recyclerview.widget.RecyclerView$AdapterDataObservable.notifyItemRangeInserted(RecyclerView.java:12278)
08-04 21:47:10.239  9688  9688 W RecyclerView: 	at androidx.recyclerview.widget.RecyclerView$Adapter.notifyItemInserted(RecyclerView.java:7464)
08-04 21:47:10.239  9688  9688 W RecyclerView: 	at baseline.org.quantumbadger.redreader.adapters.GroupedRecyclerViewAdapter.updateHiddenStatus(GroupedRecyclerViewAdapter.java:279)
08-04 21:47:10.239  9688  9688 W RecyclerView: 	at baseline.org.quantumbadger.redreader.adapters.RedditListingManager.setLoadingVisible(RedditListingManager.java:125)
08-04 21:47:10.239  9688  9688 W RecyclerView: 	at baseline.org.quantumbadger.redreader.fragments.PostListingFragment.onLoadMoreItemsCheck(PostListingFragment.java:465)
08-04 21:47:10.239  9688  9688 W RecyclerView: 	at baseline.org.quantumbadger.redreader.fragments.PostListingFragment.access$000(PostListingFragment.java:98)
08-04 21:47:10.239  9688  9688 W RecyclerView: 	at baseline.org.quantumbadger.redreader.fragments.PostListingFragment$2.onScrolled(PostListingFragment.java:215)
08-04 21:47:10.239  9688  9688 W RecyclerView: 	at androidx.recyclerview.widget.RecyclerView.dispatchOnScrolled(RecyclerView.java:5173)
08-04 21:47:10.239  9688  9688 W RecyclerView: 	at androidx.recyclerview.widget.RecyclerView.dispatchLayoutStep3(RecyclerView.java:4231)
08-04 21:47:10.239  9688  9688 W RecyclerView: 	at androidx.recyclerview.widget.RecyclerView.dispatchLayout(RecyclerView.java:3862)
08-04 21:47:10.239  9688  9688 W RecyclerView: 	at androidx.recyclerview.widget.RecyclerView.consumePendingUpdateOperations(RecyclerView.java:1897)
08-04 21:47:10.239  9688  9688 W RecyclerView: 	at androidx.recyclerview.widget.RecyclerView$1.run(RecyclerView.java:414)
08-04 21:47:10.239  9688  9688 W RecyclerView: 	at android.view.Choreographer$CallbackRecord.run(Choreographer.java:858)
08-04 21:47:10.239  9688  9688 W RecyclerView: 	at android.view.Choreographer.doCallbacks(Choreographer.java:670)
08-04 21:47:10.239  9688  9688 W RecyclerView: 	at android.view.Choreographer.doFrame(Choreographer.java:603)
08-04 21:47:10.239  9688  9688 W RecyclerView: 	at android.view.Choreographer$FrameDisplayEventReceiver.run(Choreographer.java:844)
08-04 21:47:10.239  9688  9688 W RecyclerView: 	at android.os.Handler.handleCallback(Handler.java:739)
08-04 21:47:10.239  9688  9688 W RecyclerView: 	at android.os.Handler.dispatchMessage(Handler.java:95)
08-04 21:47:10.239  9688  9688 W RecyclerView: 	at android.os.Looper.loop(Looper.java:148)
08-04 21:47:10.239  9688  9688 W RecyclerView: 	at android.app.ActivityThread.main(ActivityThread.java:5417)
08-04 21:47:10.239  9688  9688 W RecyclerView: 	at java.lang.reflect.Method.invoke(Native Method)
08-04 21:47:10.239  9688  9688 W RecyclerView: 	at com.android.internal.os.ZygoteInit$MethodAndArgsCaller.run(ZygoteInit.java:726)
08-04 21:47:10.239  9688  9688 W RecyclerView: 	at com.android.internal.os.ZygoteInit.main(ZygoteInit.java:616)
08-04 21:47:10.246  9688  9700 I art     : Explicit concurrent mark sweep GC freed 3705(306KB) AllocSpace objects, 0(0B) LOS objects, 37% free, 26MB/42MB, paused 1.215ms total 44.552ms
08-04 21:47:10.264  9688  9700 I art     : Starting a blocking GC Explicit
08-04 21:47:10.267  9688 11517 I NAPPA_EXPERIMENTATION: MetricNetworkRequestExecutionTime: REQUEST_DURATION_SYSTEM='406',REQUEST_DURATION_OKHTTP='212',REQUEST_SYNCHRONOUS='TRUE',RESPONSE_CODE='200',RESPONSE_METHOD='GET',RESPONSE_LENGTH_OKHTTP='3750',RESPONSE_LENGTH_HEADER='3750',REQUEST_PROTOCOL='h2',REQUEST_URL='https://a.thumbs.redditmedia.com/N-frnMqRYp_XiaGds7kPbHf82a876RNKSQ1iw0LzHR0.jpg',
08-04 21:47:10.267  9688 11517 D OK      : request got status: 200
08-04 21:47:10.268  9688 11518 I NAPPA_EXPERIMENTATION: MetricNetworkRequestExecutionTime: REQUEST_DURATION_SYSTEM='391',REQUEST_DURATION_OKHTTP='208',REQUEST_SYNCHRONOUS='TRUE',RESPONSE_CODE='200',RESPONSE_METHOD='GET',RESPONSE_LENGTH_OKHTTP='2613',RESPONSE_LENGTH_HEADER='2613',REQUEST_PROTOCOL='h2',REQUEST_URL='https://b.thumbs.redditmedia.com/KH2o_q4MXufUdRChsfwLtl6gnEnT8MJtZn3Tyj5ZmBU.jpg',
08-04 21:47:10.268  9688 11518 D OK      : request got status: 200
08-04 21:47:10.268  9688 11519 I NAPPA_EXPERIMENTATION: MetricNetworkRequestExecutionTime: REQUEST_DURATION_SYSTEM='340',REQUEST_DURATION_OKHTTP='202',REQUEST_SYNCHRONOUS='TRUE',RESPONSE_CODE='200',RESPONSE_METHOD='GET',RESPONSE_LENGTH_OKHTTP='4804',RESPONSE_LENGTH_HEADER='4804',REQUEST_PROTOCOL='h2',REQUEST_URL='https://b.thumbs.redditmedia.com/MGaOJeZl7UsmdtroJopYU_36HUNvQ9LUV5WFH_FJ2vI.jpg',
08-04 21:47:10.268  9688 11519 D OK      : request got status: 200
08-04 21:47:10.299  9688 11539 I NAPPA_EXPERIMENTATION: MetricNetworkRequestExecutionTime: REQUEST_DURATION_SYSTEM='219',REQUEST_DURATION_OKHTTP='218',REQUEST_SYNCHRONOUS='TRUE',RESPONSE_CODE='200',RESPONSE_METHOD='GET',RESPONSE_LENGTH_OKHTTP='6940',RESPONSE_LENGTH_HEADER='6940',REQUEST_PROTOCOL='h2',REQUEST_URL='https://a.thumbs.redditmedia.com/aVhMBmGX07uX0KhK0rKdhMvQ4UsOJIHN4KeTaa36EF4.jpg',
08-04 21:47:10.299  9688 11539 D OK      : request got status: 200
08-04 21:47:10.306  9688  9700 I art     : Explicit concurrent mark sweep GC freed 1244(106KB) AllocSpace objects, 5(196KB) LOS objects, 37% free, 26MB/42MB, paused 684us total 41.934ms
08-04 21:47:10.316  9688 11522 I NAPPA_EXPERIMENTATION: MetricNetworkRequestExecutionTime: REQUEST_DURATION_SYSTEM='325',REQUEST_DURATION_OKHTTP='182',REQUEST_SYNCHRONOUS='TRUE',RESPONSE_CODE='200',RESPONSE_METHOD='GET',RESPONSE_LENGTH_OKHTTP='4818',RESPONSE_LENGTH_HEADER='4818',REQUEST_PROTOCOL='h2',REQUEST_URL='https://a.thumbs.redditmedia.com/-D0hxchgus9EyzvGqvnabK_3Obl93tMfG9G58V1QwW8.jpg',
08-04 21:47:10.316  9688 11522 D OK      : request got status: 200
08-04 21:47:10.325  9688  9700 I art     : Starting a blocking GC Explicit
08-04 21:47:10.328  9688 11525 I NAPPA_EXPERIMENTATION: MetricNetworkRequestExecutionTime: REQUEST_DURATION_SYSTEM='310',REQUEST_DURATION_OKHTTP='177',REQUEST_SYNCHRONOUS='TRUE',RESPONSE_CODE='200',RESPONSE_METHOD='GET',RESPONSE_LENGTH_OKHTTP='6132',RESPONSE_LENGTH_HEADER='6132',REQUEST_PROTOCOL='h2',REQUEST_URL='https://b.thumbs.redditmedia.com/zCaV9kuSMZxmMvdmErGyUsYNdPrmX8LP9_Ee4QTT16g.jpg',
08-04 21:47:10.328  9688 11525 D OK      : request got status: 200
08-04 21:47:10.338  9688 11528 I NAPPA_EXPERIMENTATION: MetricNetworkRequestExecutionTime: REQUEST_DURATION_SYSTEM='295',REQUEST_DURATION_OKHTTP='169',REQUEST_SYNCHRONOUS='TRUE',RESPONSE_CODE='200',RESPONSE_METHOD='GET',RESPONSE_LENGTH_OKHTTP='4987',RESPONSE_LENGTH_HEADER='4987',REQUEST_PROTOCOL='h2',REQUEST_URL='https://b.thumbs.redditmedia.com/4EGkxZNzrzt-RCtd035cWyO0BipdbDVuPwi4W2v4TyM.jpg',
08-04 21:47:10.338  9688 11528 D OK      : request got status: 200
08-04 21:47:10.365  9688  9700 I art     : Explicit concurrent mark sweep GC freed 1257(136KB) AllocSpace objects, 12(916KB) LOS objects, 37% free, 27MB/43MB, paused 534us total 39.095ms
08-04 21:47:10.382  9688  9700 I art     : Starting a blocking GC Explicit
08-04 21:47:10.423  9688  9700 I art     : Explicit concurrent mark sweep GC freed 1020(191KB) AllocSpace objects, 20(1276KB) LOS objects, 36% free, 27MB/43MB, paused 438us total 40.819ms
08-04 21:47:10.656  9688 11553 D OK      : calling: https://oauth.reddit.com/r/announcements/hot/.json?after=t3_9jf8nh
08-04 21:47:10.708  9688  9700 I art     : Starting a blocking GC Explicit
08-04 21:47:10.764  9688  9700 I art     : Explicit concurrent mark sweep GC freed 2421(165KB) AllocSpace objects, 7(392KB) LOS objects, 36% free, 27MB/43MB, paused 527us total 55.932ms
08-04 21:47:10.787  9688  9700 I art     : Starting a blocking GC Explicit
08-04 21:47:10.836  9688  9700 I art     : Explicit concurrent mark sweep GC freed 2035(80KB) AllocSpace objects, 0(0B) LOS objects, 36% free, 27MB/43MB, paused 522us total 48.414ms
08-04 21:47:10.855  9688  9700 I art     : Starting a blocking GC Explicit
08-04 21:47:10.903  9688  9700 I art     : Explicit concurrent mark sweep GC freed 109(4KB) AllocSpace objects, 0(0B) LOS objects, 36% free, 27MB/43MB, paused 467us total 47.671ms
08-04 21:47:10.922  9688  9700 I art     : Starting a blocking GC Explicit
08-04 21:47:10.970  9688  9700 I art     : Explicit concurrent mark sweep GC freed 7(256B) AllocSpace objects, 0(0B) LOS objects, 36% free, 27MB/43MB, paused 455us total 47.835ms
08-04 21:47:10.980  9688 11553 I NAPPA_EXPERIMENTATION: MetricNetworkRequestExecutionTime: REQUEST_DURATION_SYSTEM='322',REQUEST_DURATION_OKHTTP='146',REQUEST_SYNCHRONOUS='TRUE',RESPONSE_CODE='200',RESPONSE_METHOD='GET',RESPONSE_LENGTH_OKHTTP='-1',RESPONSE_LENGTH_HEADER='65685',REQUEST_PROTOCOL='h2',REQUEST_URL='https://oauth.reddit.com/r/announcements/hot/.json?after=t3_9jf8nh',
08-04 21:47:10.980  9688 11553 D OK      : request got status: 200
08-04 21:47:10.986  9688 10259 I PostListingFragment: Precaching images: OFF
08-04 21:47:10.986  9688 10259 I PostListingFragment: Precaching comments: OFF
08-04 21:47:10.988  9688  9700 I art     : Starting a blocking GC Explicit
08-04 21:47:11.027  9688 11556 D OK      : calling: https://a.thumbs.redditmedia.com/8P7BG-empihRDWkNYE_LZ8tekikmQtEiymWkwv7obo0.jpg
08-04 21:47:11.038  9688  9700 I art     : Explicit concurrent mark sweep GC freed 2391(240KB) AllocSpace objects, 0(0B) LOS objects, 36% free, 28MB/44MB, paused 930us total 49.624ms
08-04 21:47:11.071  9688 11557 D OK      : calling: https://b.thumbs.redditmedia.com/PCxvz6Ma5pyTglQOwhW4LZZOY0qIwyWW5pD83dYmMgc.jpg
08-04 21:47:11.204  9688 11557 I NAPPA_EXPERIMENTATION: MetricNetworkRequestExecutionTime: REQUEST_DURATION_SYSTEM='133',REQUEST_DURATION_OKHTTP='131',REQUEST_SYNCHRONOUS='TRUE',RESPONSE_CODE='200',RESPONSE_METHOD='GET',RESPONSE_LENGTH_OKHTTP='9233',RESPONSE_LENGTH_HEADER='9233',REQUEST_PROTOCOL='h2',REQUEST_URL='https://b.thumbs.redditmedia.com/PCxvz6Ma5pyTglQOwhW4LZZOY0qIwyWW5pD83dYmMgc.jpg',
08-04 21:47:11.204  9688 11557 D OK      : request got status: 200
08-04 21:47:11.264  9688 11556 I NAPPA_EXPERIMENTATION: MetricNetworkRequestExecutionTime: REQUEST_DURATION_SYSTEM='237',REQUEST_DURATION_OKHTTP='143',REQUEST_SYNCHRONOUS='TRUE',RESPONSE_CODE='200',RESPONSE_METHOD='GET',RESPONSE_LENGTH_OKHTTP='3039',RESPONSE_LENGTH_HEADER='3039',REQUEST_PROTOCOL='h2',REQUEST_URL='https://a.thumbs.redditmedia.com/8P7BG-empihRDWkNYE_LZ8tekikmQtEiymWkwv7obo0.jpg',
08-04 21:47:11.264  9688 11556 D OK      : request got status: 200
08-04 21:47:11.321  9688  9914 I art     : Starting a blocking GC Explicit
08-04 21:47:11.376  9688  9914 I art     : Explicit concurrent mark sweep GC freed 20977(1029KB) AllocSpace objects, 17(1064KB) LOS objects, 35% free, 29MB/45MB, paused 545us total 55.409ms
08-04 21:47:11.395  9688  9914 I art     : Starting a blocking GC Explicit
08-04 21:47:11.442  9688  9914 I art     : Explicit concurrent mark sweep GC freed 18425(917KB) AllocSpace objects, 6(108KB) LOS objects, 36% free, 28MB/44MB, paused 415us total 46.595ms
08-04 21:47:11.461  9688  9914 I art     : Starting a blocking GC Explicit
08-04 21:47:11.510  9688  9914 I art     : Explicit concurrent mark sweep GC freed 6(224B) AllocSpace objects, 0(0B) LOS objects, 36% free, 28MB/44MB, paused 415us total 49.194ms
08-04 21:47:11.533  9688  9914 I art     : Starting a blocking GC Explicit
08-04 21:47:11.582  9688  9914 I art     : Explicit concurrent mark sweep GC freed 3(96B) AllocSpace objects, 0(0B) LOS objects, 36% free, 28MB/44MB, paused 440us total 48.987ms
08-04 21:47:11.604  9688  9914 I art     : Starting a blocking GC Explicit
08-04 21:47:11.652  9688  9914 I art     : Explicit concurrent mark sweep GC freed 3(96B) AllocSpace objects, 0(0B) LOS objects, 36% free, 28MB/44MB, paused 411us total 48.106ms
08-04 21:47:11.802  8505  8505 I Atfwd_Sendcmd: AtCmdFwd service not ready - Exhausted retry attempts - :6
08-04 21:47:11.802  8505  8505 I Atfwd_Daemon: result : -1 	 ,Init step :2 	 ,qmiErrorCode: 0
08-04 21:47:11.973  9688  9750 I art     : Starting a blocking GC Explicit
08-04 21:47:12.034  9688  9750 I art     : Explicit concurrent mark sweep GC freed 1343(82KB) AllocSpace objects, 1(20KB) LOS objects, 36% free, 28MB/44MB, paused 392us total 60.486ms
08-04 21:47:12.054  9688  9750 I art     : Starting a blocking GC Explicit
08-04 21:47:12.103  9688  9750 I art     : Explicit concurrent mark sweep GC freed 20(704B) AllocSpace objects, 0(0B) LOS objects, 36% free, 28MB/44MB, paused 410us total 48.042ms
08-04 21:47:12.122  9688  9750 I art     : Starting a blocking GC Explicit
08-04 21:47:12.172  9688  9750 I art     : Explicit concurrent mark sweep GC freed 3(96B) AllocSpace objects, 0(0B) LOS objects, 36% free, 28MB/44MB, paused 379us total 49.576ms
08-04 21:47:12.190  9688  9750 I art     : Starting a blocking GC Explicit
08-04 21:47:12.238  9688  9750 I art     : Explicit concurrent mark sweep GC freed 3(96B) AllocSpace objects, 0(0B) LOS objects, 36% free, 28MB/44MB, paused 393us total 48.260ms
08-04 21:47:12.257  9688  9750 I art     : Starting a blocking GC Explicit
08-04 21:47:12.307  9688  9750 I art     : Explicit concurrent mark sweep GC freed 3(96B) AllocSpace objects, 0(0B) LOS objects, 36% free, 28MB/44MB, paused 374us total 49.015ms
08-04 21:47:12.635  9688  9701 I art     : Starting a blocking GC Explicit
08-04 21:47:12.691  9688  9701 I art     : Explicit concurrent mark sweep GC freed 1342(82KB) AllocSpace objects, 1(20KB) LOS objects, 36% free, 28MB/44MB, paused 361us total 55.824ms
08-04 21:47:12.709  9688  9701 I art     : Starting a blocking GC Explicit
08-04 21:47:12.755  9688  9701 I art     : Explicit concurrent mark sweep GC freed 20(704B) AllocSpace objects, 0(0B) LOS objects, 36% free, 28MB/44MB, paused 397us total 45.485ms
08-04 21:47:12.774  9688  9701 I art     : Starting a blocking GC Explicit
08-04 21:47:12.822  9688  9701 I art     : Explicit concurrent mark sweep GC freed 3(96B) AllocSpace objects, 0(0B) LOS objects, 36% free, 28MB/44MB, paused 406us total 48.152ms
08-04 21:47:12.841  9688  9701 I art     : Starting a blocking GC Explicit
08-04 21:47:12.890  9688  9701 I art     : Explicit concurrent mark sweep GC freed 3(96B) AllocSpace objects, 0(0B) LOS objects, 36% free, 28MB/44MB, paused 391us total 48.967ms
08-04 21:47:12.909  9688  9701 I art     : Starting a blocking GC Explicit
08-04 21:47:12.958  9688  9701 I art     : Explicit concurrent mark sweep GC freed 3(96B) AllocSpace objects, 0(0B) LOS objects, 36% free, 28MB/44MB, paused 412us total 48.790ms
08-04 21:47:13.286  9688  9700 I art     : Starting a blocking GC Explicit
08-04 21:47:13.339  9688  9700 I art     : Explicit concurrent mark sweep GC freed 1343(82KB) AllocSpace objects, 1(20KB) LOS objects, 36% free, 28MB/44MB, paused 416us total 52.564ms
08-04 21:47:13.358  9688  9700 I art     : Starting a blocking GC Explicit
08-04 21:47:13.408  9688  9700 I art     : Explicit concurrent mark sweep GC freed 20(704B) AllocSpace objects, 0(0B) LOS objects, 36% free, 28MB/44MB, paused 477us total 49.344ms
08-04 21:47:13.430  9688  9700 I art     : Starting a blocking GC Explicit
08-04 21:47:13.475  9688  9700 I art     : Explicit concurrent mark sweep GC freed 3(96B) AllocSpace objects, 0(0B) LOS objects, 36% free, 28MB/44MB, paused 351us total 45.480ms
08-04 21:47:13.494  9688  9700 I art     : Starting a blocking GC Explicit
08-04 21:47:13.537  9688  9700 I art     : Explicit concurrent mark sweep GC freed 3(96B) AllocSpace objects, 0(0B) LOS objects, 36% free, 28MB/44MB, paused 434us total 42.983ms
08-04 21:47:13.555  9688  9700 I art     : Starting a blocking GC Explicit
08-04 21:47:13.598  9688  9700 I art     : Explicit concurrent mark sweep GC freed 3(96B) AllocSpace objects, 0(0B) LOS objects, 36% free, 28MB/44MB, paused 417us total 42.918ms
08-04 21:47:13.927  9688  9914 I art     : Starting a blocking GC Explicit
08-04 21:47:13.976  9688  9914 I art     : Explicit concurrent mark sweep GC freed 1348(82KB) AllocSpace objects, 1(20KB) LOS objects, 36% free, 28MB/44MB, paused 413us total 48.738ms
08-04 21:47:13.995  9688  9914 I art     : Starting a blocking GC Explicit
08-04 21:47:14.013 11601 11601 D AndroidRuntime: >>>>>> START com.android.internal.os.RuntimeInit uid 2000 <<<<<<
08-04 21:47:14.019 11601 11601 D AndroidRuntime: CheckJNI is OFF
08-04 21:47:14.042  9688  9914 I art     : Explicit concurrent mark sweep GC freed 20(704B) AllocSpace objects, 0(0B) LOS objects, 36% free, 28MB/44MB, paused 394us total 47.162ms
08-04 21:47:14.060  9688  9914 I art     : Starting a blocking GC Explicit
08-04 21:47:14.069 11601 11601 D ICU     : No timezone override file found: /data/misc/zoneinfo/current/icu/icu_tzdata.dat
08-04 21:47:14.107  9688  9914 I art     : Explicit concurrent mark sweep GC freed 3(96B) AllocSpace objects, 0(0B) LOS objects, 36% free, 28MB/44MB, paused 410us total 46.023ms
08-04 21:47:14.117 11601 11601 I Radio-JNI: register_android_hardware_Radio DONE
08-04 21:47:14.125  9688  9914 I art     : Starting a blocking GC Explicit
08-04 21:47:14.147 11601 11601 D AndroidRuntime: Calling main entry com.android.commands.input.Input
08-04 21:47:14.149 11601 11601 I Input   : injectMotionEvent: MotionEvent { action=ACTION_DOWN, actionButton=0, id[0]=0, x[0]=600.0, y[0]=580.0, toolType[0]=TOOL_TYPE_UNKNOWN, buttonState=0, metaState=0, flags=0x0, edgeFlags=0x0, pointerCount=1, historySize=0, eventTime=740850561, downTime=740850561, deviceId=0, source=0x1002 }
08-04 21:47:14.157 11601 11601 I Input   : injectMotionEvent: MotionEvent { action=ACTION_UP, actionButton=0, id[0]=0, x[0]=600.0, y[0]=580.0, toolType[0]=TOOL_TYPE_UNKNOWN, buttonState=0, metaState=0, flags=0x0, edgeFlags=0x0, pointerCount=1, historySize=0, eventTime=740850561, downTime=740850561, deviceId=0, source=0x1002 }
08-04 21:47:14.163 11601 11601 D AndroidRuntime: Shutting down VM
08-04 21:47:14.170  9688  9914 I art     : Explicit concurrent mark sweep GC freed 9(320B) AllocSpace objects, 0(0B) LOS objects, 36% free, 28MB/44MB, paused 413us total 44.745ms
08-04 21:47:14.176   512  2967 D audio_hw_primary: out_set_parameters: enter: usecase(1: low-latency-playback) kvpairs: routing=2
08-04 21:47:14.177   918  3961 I ActivityManager: START u0 {cmp=baseline.org.quantumbadger.redreader/.activities.WebViewActivity (has extras)} from uid 10666 on display 0
08-04 21:47:14.190   512  2967 D audio_hw_primary: select_devices: out_snd_device(2: speaker) in_snd_device(0: none)
08-04 21:47:14.190   512  2967 D msm8974_platform: platform_send_audio_calibration: sending audio calibration for snd_device(2) acdb_id(15)
08-04 21:47:14.190  9688  9914 I art     : Starting a blocking GC Explicit
08-04 21:47:14.190   512  2967 I soundtrigger: audio_extn_sound_trigger_update_device_status: device 0x2 of type 0 for Event 1
08-04 21:47:14.201   512  2967 D audio_hw_primary: enable_snd_device: snd_device(2: speaker)
08-04 21:47:14.202   512  2967 D audio_hw_primary: enable_audio_route: apply and update mixer path: low-latency-playback speaker
08-04 21:47:14.207  9688  9688 I AppCompatViewInflater: app:theme is now deprecated. Please move to using android:theme instead.
08-04 21:47:14.224  9688  9688 I WebViewFactory: Loading com.google.android.webview version 84.0.4147.89 (code 414708953)
08-04 21:47:14.234  9688  9914 I art     : Explicit concurrent mark sweep GC freed 1207(84KB) AllocSpace objects, 0(0B) LOS objects, 35% free, 28MB/44MB, paused 665us total 43.911ms
08-04 21:47:14.307  9688  9688 I cr_LibraryLoader: Loaded native library version number "84.0.4147.89"
08-04 21:47:14.308  9688  9688 I cr_CachingUmaRecorder: Flushed 5 samples from 5 histograms.
08-04 21:47:14.347  9688  9688 E chromium: [ERROR:filesystem_posix.cc(62)] mkdir /data/user/0/baseline.org.quantumbadger.redreader/cache/WebView/Crashpad: No such file or directory (2)
08-04 21:47:14.386   918  1210 D NetlinkSocketObserver: NeighborEvent{elapsedMs=1724238261, 192.168.2.254, [7C3953A63323], RTM_NEWNEIGH, NUD_STALE}
08-04 21:47:14.452   918  5952 D ConnectivityService: listenForNetwork for Listen from uid/pid:10666/9688 for NetworkRequest [ id=2947, legacyType=-1, [ Capabilities: INTERNET&NOT_RESTRICTED&TRUSTED] ]
08-04 21:47:14.503  9688 11641 W cr_media: Requires BLUETOOTH permission
08-04 21:47:14.531  9688 11660 E libEGL  : validate_display:255 error 3008 (EGL_BAD_DISPLAY)
08-04 21:47:14.561  9688  9701 I art     : Starting a blocking GC Explicit
08-04 21:47:14.608  9688  9701 I art     : Explicit concurrent mark sweep GC freed 16066(1341KB) AllocSpace objects, 6(136KB) LOS objects, 35% free, 29MB/45MB, paused 534us total 46.669ms
08-04 21:47:14.626  9688  9701 I art     : Starting a blocking GC Explicit
08-04 21:47:14.667  9688  9701 I art     : Explicit concurrent mark sweep GC freed 916(49KB) AllocSpace objects, 0(0B) LOS objects, 35% free, 29MB/45MB, paused 512us total 40.518ms
08-04 21:47:14.682 13866 13866 I GoogleInputMethodServic: GoogleInputMethodService.onFinishInput():3138 
08-04 21:47:14.682   918   936 I ActivityManager: Displayed baseline.org.quantumbadger.redreader/.activities.WebViewActivity: +489ms
08-04 21:47:14.683 13866 13866 I GoogleInputMethodServic: GoogleInputMethodService.onStartInput():1808 
08-04 21:47:14.684  9688  9701 I art     : Starting a blocking GC Explicit
08-04 21:47:14.726  9688  9701 I art     : Explicit concurrent mark sweep GC freed 235(16KB) AllocSpace objects, 0(0B) LOS objects, 35% free, 29MB/45MB, paused 520us total 41.462ms
08-04 21:47:14.739   512  2967 D audio_hw_primary: disable_audio_route: reset and update mixer path: low-latency-playback speaker
08-04 21:47:14.740   512  2967 D audio_hw_primary: disable_snd_device: snd_device(2: speaker)
08-04 21:47:14.744  9688  9701 I art     : Starting a blocking GC Explicit
08-04 21:47:14.748   512  2967 I soundtrigger: audio_extn_sound_trigger_update_device_status: device 0x2 of type 0 for Event 0
08-04 21:47:14.784  9688  9701 I art     : Explicit concurrent mark sweep GC freed 30(3KB) AllocSpace objects, 0(0B) LOS objects, 35% free, 29MB/45MB, paused 447us total 40.337ms
08-04 21:47:14.803  9688  9701 I art     : Starting a blocking GC Explicit
08-04 21:47:14.853  9688  9701 I art     : Explicit concurrent mark sweep GC freed 2788(144KB) AllocSpace objects, 3(200KB) LOS objects, 35% free, 29MB/45MB, paused 632us total 49.055ms
08-04 21:47:14.940   380   380 W SurfaceFlinger: couldn't log to binary event log: overflow.
08-04 21:47:15.187  9688  9914 I art     : Waiting for a blocking GC Explicit
08-04 21:47:15.193  9688  9914 I art     : WaitForGcToComplete blocked for 6.393ms for cause Explicit
08-04 21:47:15.193  9688  9914 I art     : Starting a blocking GC Explicit
08-04 21:47:15.238  9688  9914 I art     : Explicit concurrent mark sweep GC freed 5522(371KB) AllocSpace objects, 1(20KB) LOS objects, 35% free, 29MB/45MB, paused 676us total 44.804ms
08-04 21:47:15.259  9688  9914 I art     : Starting a blocking GC Explicit
08-04 21:47:15.299  9688  9914 I art     : Explicit concurrent mark sweep GC freed 91(7KB) AllocSpace objects, 0(0B) LOS objects, 35% free, 29MB/45MB, paused 564us total 39.506ms
08-04 21:47:15.317  9688  9914 I art     : Starting a blocking GC Explicit
08-04 21:47:15.358  9688  9914 I art     : Explicit concurrent mark sweep GC freed 3(96B) AllocSpace objects, 0(0B) LOS objects, 35% free, 29MB/45MB, paused 590us total 40.907ms
08-04 21:47:15.375  9688  9914 I art     : Starting a blocking GC Explicit
08-04 21:47:15.418  9688  9914 I art     : Explicit concurrent mark sweep GC freed 1934(78KB) AllocSpace objects, 0(0B) LOS objects, 35% free, 29MB/45MB, paused 668us total 42.332ms
08-04 21:47:15.435  9688  9914 I art     : Starting a blocking GC Explicit
08-04 21:47:15.477  9688  9914 I art     : Explicit concurrent mark sweep GC freed 79(4KB) AllocSpace objects, 0(0B) LOS objects, 35% free, 29MB/45MB, paused 653us total 41.658ms
08-04 21:47:15.789  9688  9750 I art     : Starting a blocking GC Explicit
08-04 21:47:15.833  9688  9750 I art     : Explicit concurrent mark sweep GC freed 1362(83KB) AllocSpace objects, 1(20KB) LOS objects, 35% free, 29MB/45MB, paused 652us total 42.965ms
08-04 21:47:15.852  9688  9750 I art     : Starting a blocking GC Explicit
08-04 21:47:15.892  9688  9750 I art     : Explicit concurrent mark sweep GC freed 20(704B) AllocSpace objects, 0(0B) LOS objects, 35% free, 29MB/45MB, paused 528us total 39.100ms
08-04 21:47:15.909  9688  9750 I art     : Starting a blocking GC Explicit
08-04 21:47:15.949  9688  9750 I art     : Explicit concurrent mark sweep GC freed 3(96B) AllocSpace objects, 0(0B) LOS objects, 35% free, 29MB/45MB, paused 539us total 39.463ms
08-04 21:47:15.972  9688  9750 I art     : Starting a blocking GC Explicit
08-04 21:47:16.020  9688  9750 I art     : Explicit concurrent mark sweep GC freed 3(96B) AllocSpace objects, 0(0B) LOS objects, 35% free, 29MB/45MB, paused 605us total 47.541ms
08-04 21:47:16.039  9688  9750 I art     : Starting a blocking GC Explicit
08-04 21:47:16.081  9688  9750 I art     : Explicit concurrent mark sweep GC freed 3(96B) AllocSpace objects, 0(0B) LOS objects, 35% free, 29MB/45MB, paused 560us total 41.278ms
08-04 21:47:16.179  9688  9688 I Choreographer: Skipped 54 frames!  The application may be doing too much work on its main thread.
08-04 21:47:16.457  9688  9700 I art     : Starting a blocking GC Explicit
08-04 21:47:16.502  9688  9700 I art     : Explicit concurrent mark sweep GC freed 1588(116KB) AllocSpace objects, 1(20KB) LOS objects, 35% free, 29MB/45MB, paused 520us total 44.924ms
08-04 21:47:16.520  9688  9700 I art     : Starting a blocking GC Explicit
08-04 21:47:16.565  9688  9700 I art     : Explicit concurrent mark sweep GC freed 85(2912B) AllocSpace objects, 0(0B) LOS objects, 35% free, 29MB/45MB, paused 520us total 44.259ms
08-04 21:47:16.584  9688  9700 I art     : Starting a blocking GC Explicit
08-04 21:47:16.630  9688  9700 I art     : Explicit concurrent mark sweep GC freed 3(96B) AllocSpace objects, 0(0B) LOS objects, 35% free, 29MB/45MB, paused 486us total 45.022ms
08-04 21:47:16.648  9688  9700 I art     : Starting a blocking GC Explicit
08-04 21:47:16.695  9688  9700 I art     : Explicit concurrent mark sweep GC freed 3(96B) AllocSpace objects, 0(0B) LOS objects, 35% free, 29MB/45MB, paused 527us total 47.008ms
08-04 21:47:16.714  9688  9700 I art     : Starting a blocking GC Explicit
08-04 21:47:16.761  9688  9700 I art     : Explicit concurrent mark sweep GC freed 3(96B) AllocSpace objects, 0(0B) LOS objects, 35% free, 29MB/45MB, paused 532us total 46.725ms
08-04 21:47:16.921  9688  9688 I chromium: [INFO:CONSOLE(1)] "
08-04 21:47:16.921  9688  9688 I chromium:                   ,d"=,.,qOp,
08-04 21:47:16.921  9688  9688 I chromium:                  ,7'  ''$(  )
08-04 21:47:16.921  9688  9688 I chromium:                 ,7'      '?q$7'
08-04 21:47:16.921  9688  9688 I chromium:              ..,$$,.
08-04 21:47:16.921  9688  9688 I chromium:    ,.  .,,--***""***--,,.  .,
08-04 21:47:16.921  9688  9688 I chromium:     ,p''              ''q,   
08-04 21:47:16.921  9688  9688 I chromium: :  ,7'                      '7,  :
08-04 21:47:16.921  9688  9688 I chromium:  ' $      ,db,      ,db,      $ '
08-04 21:47:16.921  9688  9688 I chromium:   '$      $$      $$      $'    Using Reddit at work? Work for Reddit.
08-04 21:47:16.921  9688  9688 I chromium:   '$                          $'        https://www.reddit.com/jobs
08-04 21:47:16.921  9688  9688 I chromium:    '$.     .,        ,.     .$'
08-04 21:47:16.921  9688  9688 I chromium:     'b,     ''     ,d'
08-04 21:47:16.921  9688  9688 I chromium:      '?bn,,          ,,nd?'
08-04 21:47:16.921  9688  9688 I chromium:        ,7$ '''' $7,
08-04 21:47:16.921  9688  9688 I chromium:      , $              $ ,
08-04 21:47:16.921  9688  9688 I chromium:      $  :$              $:  $
08-04 21:47:16.921  9688  9688 I chromium:      $   $              $   $
08-04 21:47:16.921  9688  9688 I chromium:      'b  q:            :p  d'
08-04 21:47:16.921  9688  9688 I chromium:       '?$.          .$?'
08-04 21:47:16.921  9688  9688 I chromium:          'b            d'
08-04 21:47:16.921  9688  9688 I chromium:        ,'?,.      .,?',
08-04 21:47:16.921  9688  9688 I chromium:       ==--==--==--==
08-04 21:47:16.921  9688  9688 I chromium: ", source: https://www.redditstatic.com/desktop2x/Chat~Governance~Reddit.2ea93b134a9b2e5b1d9a.js (1)
08-04 21:47:17.138  9688  9914 I art     : Starting a blocking GC Explicit
08-04 21:47:17.189  9688  9914 I art     : Explicit concurrent mark sweep GC freed 1364(85KB) AllocSpace objects, 1(20KB) LOS objects, 35% free, 29MB/45MB, paused 552us total 49.888ms
08-04 21:47:17.207  9688  9914 I art     : Starting a blocking GC Explicit
08-04 21:47:17.253  9688  9914 I art     : Explicit concurrent mark sweep GC freed 20(704B) AllocSpace objects, 0(0B) LOS objects, 35% free, 29MB/45MB, paused 497us total 45.918ms
08-04 21:47:17.272  9688  9914 I art     : Starting a blocking GC Explicit
08-04 21:47:17.319  9688  9914 I art     : Explicit concurrent mark sweep GC freed 3(96B) AllocSpace objects, 0(0B) LOS objects, 35% free, 29MB/45MB, paused 525us total 46.476ms
08-04 21:47:17.337  9688  9914 I art     : Starting a blocking GC Explicit
08-04 21:47:17.387  9688  9914 I art     : Explicit concurrent mark sweep GC freed 3(96B) AllocSpace objects, 0(0B) LOS objects, 35% free, 29MB/45MB, paused 635us total 48.936ms
08-04 21:47:17.407  9688  9914 I art     : Starting a blocking GC Explicit
08-04 21:47:17.452  9688  9914 I art     : Explicit concurrent mark sweep GC freed 15(944B) AllocSpace objects, 0(0B) LOS objects, 35% free, 29MB/45MB, paused 498us total 44.991ms
08-04 21:47:17.827  9688  9750 I art     : Starting a blocking GC Explicit
08-04 21:47:17.877  9688  9750 I art     : Explicit concurrent mark sweep GC freed 1357(82KB) AllocSpace objects, 1(20KB) LOS objects, 35% free, 29MB/45MB, paused 518us total 49.850ms
08-04 21:47:17.897  9688  9750 I art     : Starting a blocking GC Explicit
08-04 21:47:17.945  9688  9750 I art     : Explicit concurrent mark sweep GC freed 20(704B) AllocSpace objects, 0(0B) LOS objects, 35% free, 29MB/45MB, paused 554us total 47.913ms
08-04 21:47:17.963  9688  9750 I art     : Starting a blocking GC Explicit
08-04 21:47:18.011  9688  9750 I art     : Explicit concurrent mark sweep GC freed 3(96B) AllocSpace objects, 0(0B) LOS objects, 35% free, 29MB/45MB, paused 550us total 46.848ms
08-04 21:47:18.029  9688  9750 I art     : Starting a blocking GC Explicit
08-04 21:47:18.075  9688  9750 I art     : Explicit concurrent mark sweep GC freed 3(96B) AllocSpace objects, 0(0B) LOS objects, 35% free, 29MB/45MB, paused 553us total 45.968ms
08-04 21:47:18.093  9688  9750 I art     : Starting a blocking GC Explicit
08-04 21:47:18.136  9688  9750 I art     : Explicit concurrent mark sweep GC freed 197(11KB) AllocSpace objects, 0(0B) LOS objects, 35% free, 29MB/45MB, paused 464us total 42.497ms
08-04 21:47:18.483  9688  9701 I art     : Starting a blocking GC Explicit
08-04 21:47:18.530  9688  9701 I art     : Explicit concurrent mark sweep GC freed 1388(86KB) AllocSpace objects, 1(20KB) LOS objects, 35% free, 29MB/45MB, paused 522us total 47.327ms
08-04 21:47:18.552  9688  9701 I art     : Starting a blocking GC Explicit
08-04 21:47:18.600  9688  9701 I art     : Explicit concurrent mark sweep GC freed 20(704B) AllocSpace objects, 0(0B) LOS objects, 35% free, 29MB/45MB, paused 537us total 46.956ms
08-04 21:47:18.619  9688  9701 I art     : Starting a blocking GC Explicit
08-04 21:47:18.672  9688  9701 I art     : Explicit concurrent mark sweep GC freed 3(96B) AllocSpace objects, 0(0B) LOS objects, 35% free, 29MB/45MB, paused 520us total 52.337ms
08-04 21:47:18.691  9688  9701 I art     : Starting a blocking GC Explicit
08-04 21:47:18.741  9688  9701 I art     : Explicit concurrent mark sweep GC freed 3(96B) AllocSpace objects, 0(0B) LOS objects, 35% free, 29MB/45MB, paused 545us total 49.733ms
08-04 21:47:18.766  9688  9701 I art     : Starting a blocking GC Explicit
08-04 21:47:18.814  9688  9701 I art     : Explicit concurrent mark sweep GC freed 3(96B) AllocSpace objects, 0(0B) LOS objects, 35% free, 29MB/45MB, paused 474us total 47.118ms
08-04 21:47:19.154  9688  9700 I art     : Starting a blocking GC Explicit
08-04 21:47:19.195  9688 11625 I RedditChangeDataIO: Writing tmp data file at '/data/user/0/baseline.org.quantumbadger.redreader/files/rr_change_data_tmp.dat'
08-04 21:47:19.196  9688 11625 I RedditChangeDataManager: Taking snapshot...
08-04 21:47:19.196  9688 11625 I RedditChangeDataManager: Writing to stream...
08-04 21:47:19.196  9688 11625 I RedditChangeDataManager: Wrote 4 entries for user ''
08-04 21:47:19.196  9688 11625 I RedditChangeDataManager: All entries written to stream.
08-04 21:47:19.197  9688 11625 I RedditChangeDataIO: Write successful. Atomically replacing data file...
08-04 21:47:19.197  9688 11625 I RedditChangeDataIO: Write complete.
08-04 21:47:19.198  9688 11625 I RedditChangeDataIO: 110 bytes written in 4 ms
08-04 21:47:19.204  9688  9700 I art     : Explicit concurrent mark sweep GC freed 1474(89KB) AllocSpace objects, 2(88KB) LOS objects, 35% free, 29MB/45MB, paused 542us total 49.895ms
08-04 21:47:19.223  9688  9700 I art     : Starting a blocking GC Explicit
08-04 21:47:19.275  9688  9700 I art     : Explicit concurrent mark sweep GC freed 31(1264B) AllocSpace objects, 0(0B) LOS objects, 35% free, 29MB/45MB, paused 536us total 51.697ms
08-04 21:47:19.294  9688  9700 I art     : Starting a blocking GC Explicit
08-04 21:47:19.345  9688  9700 I art     : Explicit concurrent mark sweep GC freed 3(96B) AllocSpace objects, 0(0B) LOS objects, 35% free, 29MB/45MB, paused 620us total 50.750ms
08-04 21:47:19.367  9688  9700 I art     : Starting a blocking GC Explicit
08-04 21:47:19.416  9688  9700 I art     : Explicit concurrent mark sweep GC freed 3(96B) AllocSpace objects, 0(0B) LOS objects, 35% free, 29MB/45MB, paused 622us total 49.054ms
08-04 21:47:19.436  9688  9700 I art     : Starting a blocking GC Explicit
08-04 21:47:19.487  9688  9700 I art     : Explicit concurrent mark sweep GC freed 3(96B) AllocSpace objects, 0(0B) LOS objects, 35% free, 29MB/45MB, paused 583us total 51.597ms
08-04 21:47:19.855  9688  9914 I art     : Starting a blocking GC Explicit
08-04 21:47:19.904  9688  9914 I art     : Explicit concurrent mark sweep GC freed 1355(82KB) AllocSpace objects, 1(20KB) LOS objects, 35% free, 29MB/45MB, paused 532us total 49.017ms
08-04 21:47:19.923  9688  9914 I art     : Starting a blocking GC Explicit
08-04 21:47:19.977  9688  9914 I art     : Explicit concurrent mark sweep GC freed 22(784B) AllocSpace objects, 0(0B) LOS objects, 35% free, 29MB/45MB, paused 506us total 53.506ms
08-04 21:47:19.995  9688  9914 I art     : Starting a blocking GC Explicit
08-04 21:47:20.044  9688  9914 I art     : Explicit concurrent mark sweep GC freed 3(96B) AllocSpace objects, 0(0B) LOS objects, 35% free, 29MB/45MB, paused 529us total 48.618ms
08-04 21:47:20.070  9688  9914 I art     : Starting a blocking GC Explicit
08-04 21:47:20.119  9688  9914 I art     : Explicit concurrent mark sweep GC freed 3(96B) AllocSpace objects, 0(0B) LOS objects, 35% free, 29MB/45MB, paused 479us total 48.586ms
08-04 21:47:20.138  9688  9914 I art     : Starting a blocking GC Explicit
08-04 21:47:20.192  9688  9914 I art     : Explicit concurrent mark sweep GC freed 3(96B) AllocSpace objects, 0(0B) LOS objects, 35% free, 29MB/45MB, paused 508us total 53.218ms
08-04 21:47:20.581  9688  9700 I art     : Starting a blocking GC Explicit
08-04 21:47:20.633  9688  9700 I art     : Explicit concurrent mark sweep GC freed 1355(82KB) AllocSpace objects, 1(20KB) LOS objects, 35% free, 29MB/45MB, paused 647us total 51.146ms
08-04 21:47:20.652  9688  9700 I art     : Starting a blocking GC Explicit
08-04 21:47:20.702  9688  9700 I art     : Explicit concurrent mark sweep GC freed 20(704B) AllocSpace objects, 0(0B) LOS objects, 35% free, 29MB/45MB, paused 540us total 49.600ms
08-04 21:47:20.721  9688  9700 I art     : Starting a blocking GC Explicit
08-04 21:47:20.774  9688  9700 I art     : Explicit concurrent mark sweep GC freed 3(96B) AllocSpace objects, 0(0B) LOS objects, 35% free, 29MB/45MB, paused 540us total 52.624ms
08-04 21:47:20.793  9688  9700 I art     : Starting a blocking GC Explicit
08-04 21:47:20.843  9688  9700 I art     : Explicit concurrent mark sweep GC freed 3(96B) AllocSpace objects, 0(0B) LOS objects, 35% free, 29MB/45MB, paused 583us total 49.742ms
08-04 21:47:20.868  9688  9700 I art     : Starting a blocking GC Explicit
08-04 21:47:20.917  9688  9700 I art     : Explicit concurrent mark sweep GC freed 3(96B) AllocSpace objects, 0(0B) LOS objects, 35% free, 29MB/45MB, paused 602us total 48.079ms
08-04 21:47:21.323  9688  9701 I art     : Starting a blocking GC Explicit
08-04 21:47:21.378  9688  9701 I art     : Explicit concurrent mark sweep GC freed 1355(82KB) AllocSpace objects, 1(20KB) LOS objects, 35% free, 29MB/45MB, paused 557us total 53.886ms
08-04 21:47:21.397  9688  9701 I art     : Starting a blocking GC Explicit
08-04 21:47:21.447  9688  9701 I art     : Explicit concurrent mark sweep GC freed 20(704B) AllocSpace objects, 0(0B) LOS objects, 35% free, 29MB/45MB, paused 538us total 50.374ms
08-04 21:47:21.470  9688  9701 I art     : Starting a blocking GC Explicit
08-04 21:47:21.518  9688  9701 I art     : Explicit concurrent mark sweep GC freed 3(96B) AllocSpace objects, 0(0B) LOS objects, 35% free, 29MB/45MB, paused 646us total 48.205ms
08-04 21:47:21.537  9688  9701 I art     : Starting a blocking GC Explicit
08-04 21:47:21.591  9688  9701 I art     : Explicit concurrent mark sweep GC freed 3(96B) AllocSpace objects, 0(0B) LOS objects, 35% free, 29MB/45MB, paused 511us total 53.518ms
08-04 21:47:21.610  9688  9701 I art     : Starting a blocking GC Explicit
08-04 21:47:21.664  9688  9701 I art     : Explicit concurrent mark sweep GC freed 3(96B) AllocSpace objects, 0(0B) LOS objects, 35% free, 29MB/45MB, paused 518us total 53.817ms
08-04 21:47:21.803  8505  8505 I ServiceManager: Waiting for service AtCmdFwd...
08-04 21:47:22.036  9688  9701 I art     : Starting a blocking GC Explicit
08-04 21:47:22.094  9688  9701 I art     : Explicit concurrent mark sweep GC freed 1355(82KB) AllocSpace objects, 1(20KB) LOS objects, 35% free, 29MB/45MB, paused 519us total 57.249ms
08-04 21:47:22.113  9688  9701 I art     : Starting a blocking GC Explicit
08-04 21:47:22.167  9688  9701 I art     : Explicit concurrent mark sweep GC freed 20(704B) AllocSpace objects, 0(0B) LOS objects, 35% free, 29MB/45MB, paused 632us total 54.115ms
08-04 21:47:22.186  9688  9701 I art     : Starting a blocking GC Explicit
08-04 21:47:22.227  9688  9701 I art     : Explicit concurrent mark sweep GC freed 3(96B) AllocSpace objects, 0(0B) LOS objects, 35% free, 29MB/45MB, paused 466us total 40.313ms
08-04 21:47:22.245  9688  9701 I art     : Starting a blocking GC Explicit
08-04 21:47:22.286  9688  9701 I art     : Explicit concurrent mark sweep GC freed 3(96B) AllocSpace objects, 0(0B) LOS objects, 35% free, 29MB/45MB, paused 481us total 41.231ms
08-04 21:47:22.304  9688  9701 I art     : Starting a blocking GC Explicit
08-04 21:47:22.350  9688  9701 I art     : Explicit concurrent mark sweep GC freed 3(96B) AllocSpace objects, 0(0B) LOS objects, 35% free, 29MB/45MB, paused 639us total 45.567ms
08-04 21:47:22.700  9688  9701 I art     : Starting a blocking GC Explicit
08-04 21:47:22.754  9688  9701 I art     : Explicit concurrent mark sweep GC freed 1355(82KB) AllocSpace objects, 1(20KB) LOS objects, 35% free, 29MB/45MB, paused 600us total 53.845ms
08-04 21:47:22.774  9688  9701 I art     : Starting a blocking GC Explicit
08-04 21:47:22.804  8505  8505 I ServiceManager: Waiting for service AtCmdFwd...
08-04 21:47:22.821  9688  9701 I art     : Explicit concurrent mark sweep GC freed 20(704B) AllocSpace objects, 0(0B) LOS objects, 35% free, 29MB/45MB, paused 471us total 46.461ms
08-04 21:47:22.840  9688  9701 I art     : Starting a blocking GC Explicit
08-04 21:47:22.892  9688  9701 I art     : Explicit concurrent mark sweep GC freed 3(96B) AllocSpace objects, 0(0B) LOS objects, 35% free, 29MB/45MB, paused 542us total 51.511ms
08-04 21:47:22.911  9688  9701 I art     : Starting a blocking GC Explicit
08-04 21:47:22.963  9688  9701 I art     : Explicit concurrent mark sweep GC freed 3(96B) AllocSpace objects, 0(0B) LOS objects, 35% free, 29MB/45MB, paused 543us total 52.598ms
08-04 21:47:22.966 11786 11786 D AndroidRuntime: >>>>>> START com.android.internal.os.RuntimeInit uid 2000 <<<<<<
08-04 21:47:22.972 11786 11786 D AndroidRuntime: CheckJNI is OFF
08-04 21:47:22.982  9688  9701 I art     : Starting a blocking GC Explicit
08-04 21:47:23.016 11786 11786 D ICU     : No timezone override file found: /data/misc/zoneinfo/current/icu/icu_tzdata.dat
08-04 21:47:23.029  9688  9701 I art     : Explicit concurrent mark sweep GC freed 3(96B) AllocSpace objects, 0(0B) LOS objects, 35% free, 29MB/45MB, paused 575us total 46.662ms
08-04 21:47:23.064 11786 11786 I Radio-JNI: register_android_hardware_Radio DONE
08-04 21:47:23.092 11786 11786 D AndroidRuntime: Calling main entry com.android.commands.input.Input
08-04 21:47:23.094 11786 11786 I Input   : injectKeyEvent: KeyEvent { action=ACTION_DOWN, keyCode=KEYCODE_BACK, scanCode=0, metaState=0, flags=0x0, repeatCount=0, eventTime=740859507, downTime=740859507, deviceId=-1, source=0x101 }
08-04 21:47:23.103 11786 11786 I Input   : injectKeyEvent: KeyEvent { action=ACTION_UP, keyCode=KEYCODE_BACK, scanCode=0, metaState=0, flags=0x0, repeatCount=0, eventTime=740859507, downTime=740859507, deviceId=-1, source=0x101 }
08-04 21:47:23.111 11786 11786 D AndroidRuntime: Shutting down VM
08-04 21:47:23.154 13866 13866 I GoogleInputMethodServic: GoogleInputMethodService.onFinishInput():3138 
08-04 21:47:23.154 13866 13866 I GoogleInputMethodServic: GoogleInputMethodService.onStartInput():1808 
08-04 21:47:23.368  9688  9914 I art     : Starting a blocking GC Explicit
08-04 21:47:23.427  9688  9914 I art     : Explicit concurrent mark sweep GC freed 1633(93KB) AllocSpace objects, 1(20KB) LOS objects, 35% free, 29MB/45MB, paused 511us total 58.270ms
08-04 21:47:23.449  9688  9914 I art     : Starting a blocking GC Explicit
08-04 21:47:23.481   380   380 W SurfaceFlinger: couldn't log to binary event log: overflow.
08-04 21:47:23.501  9688  9914 I art     : Explicit concurrent mark sweep GC freed 84(3KB) AllocSpace objects, 0(0B) LOS objects, 35% free, 29MB/45MB, paused 567us total 51.190ms
08-04 21:47:23.519  9688  9914 I art     : Starting a blocking GC Explicit
08-04 21:47:23.530   918  3263 D ConnectivityService: releasing NetworkRequest NetworkRequest [ id=2947, legacyType=-1, [ Capabilities: INTERNET&NOT_RESTRICTED&TRUSTED] ]
08-04 21:47:23.560  9688  9914 I art     : Explicit concurrent mark sweep GC freed 832(42KB) AllocSpace objects, 0(0B) LOS objects, 35% free, 29MB/45MB, paused 465us total 41.138ms
08-04 21:47:23.577  9688  9914 I art     : Starting a blocking GC Explicit
08-04 21:47:23.622  9688  9914 I art     : Explicit concurrent mark sweep GC freed 170(8KB) AllocSpace objects, 0(0B) LOS objects, 35% free, 29MB/45MB, paused 507us total 43.575ms
08-04 21:47:23.643  9688  9914 I art     : Starting a blocking GC Explicit
08-04 21:47:23.683  9688  9914 I art     : Explicit concurrent mark sweep GC freed 1955(116KB) AllocSpace objects, 1(28KB) LOS objects, 35% free, 29MB/45MB, paused 485us total 39.688ms
08-04 21:47:23.804  8505  8505 I ServiceManager: Waiting for service AtCmdFwd...
08-04 21:47:24.035  9688  9701 I art     : Starting a blocking GC Explicit
08-04 21:47:24.097  9688  9701 I art     : Explicit concurrent mark sweep GC freed 1355(82KB) AllocSpace objects, 1(20KB) LOS objects, 35% free, 29MB/45MB, paused 517us total 61.727ms
08-04 21:47:24.115  9688  9701 I art     : Starting a blocking GC Explicit
08-04 21:47:24.161  9688  9701 I art     : Explicit concurrent mark sweep GC freed 20(704B) AllocSpace objects, 0(0B) LOS objects, 35% free, 29MB/45MB, paused 509us total 45.072ms
08-04 21:47:24.179  9688  9701 I art     : Starting a blocking GC Explicit
08-04 21:47:24.226  9688  9701 I art     : Explicit concurrent mark sweep GC freed 3(96B) AllocSpace objects, 0(0B) LOS objects, 35% free, 29MB/45MB, paused 510us total 45.919ms
08-04 21:47:24.244  9688  9701 I art     : Starting a blocking GC Explicit
08-04 21:47:24.292  9688  9701 I art     : Explicit concurrent mark sweep GC freed 3(96B) AllocSpace objects, 0(0B) LOS objects, 35% free, 29MB/45MB, paused 522us total 47.017ms
08-04 21:47:24.311  9688  9701 I art     : Starting a blocking GC Explicit
08-04 21:47:24.356  9688  9701 I art     : Explicit concurrent mark sweep GC freed 3(96B) AllocSpace objects, 0(0B) LOS objects, 35% free, 29MB/45MB, paused 469us total 45.511ms
08-04 21:47:24.693  9688  9750 I art     : Starting a blocking GC Explicit
08-04 21:47:24.747  9688  9750 I art     : Explicit concurrent mark sweep GC freed 1373(83KB) AllocSpace objects, 1(20KB) LOS objects, 35% free, 29MB/45MB, paused 550us total 54.129ms
08-04 21:47:24.766  9688  9750 I art     : Starting a blocking GC Explicit
08-04 21:47:24.805  8505  8505 I ServiceManager: Waiting for service AtCmdFwd...
08-04 21:47:24.815  9688  9750 I art     : Explicit concurrent mark sweep GC freed 26(928B) AllocSpace objects, 0(0B) LOS objects, 35% free, 29MB/45MB, paused 513us total 47.999ms
08-04 21:47:24.834  9688  9750 I art     : Starting a blocking GC Explicit
08-04 21:47:24.882  9688  9750 I art     : Explicit concurrent mark sweep GC freed 3(96B) AllocSpace objects, 0(0B) LOS objects, 35% free, 29MB/45MB, paused 504us total 48.435ms
08-04 21:47:24.901  9688  9750 I art     : Starting a blocking GC Explicit
08-04 21:47:24.911 11831 11831 D AndroidRuntime: >>>>>> START com.android.internal.os.RuntimeInit uid 2000 <<<<<<
08-04 21:47:24.917 11831 11831 D AndroidRuntime: CheckJNI is OFF
08-04 21:47:24.948  9688  9750 I art     : Explicit concurrent mark sweep GC freed 3(96B) AllocSpace objects, 0(0B) LOS objects, 35% free, 29MB/45MB, paused 559us total 47.118ms
08-04 21:47:24.965 11831 11831 D ICU     : No timezone override file found: /data/misc/zoneinfo/current/icu/icu_tzdata.dat
08-04 21:47:24.966  9688  9750 I art     : Starting a blocking GC Explicit
08-04 21:47:25.011 11831 11831 I Radio-JNI: register_android_hardware_Radio DONE
08-04 21:47:25.014  9688  9750 I art     : Explicit concurrent mark sweep GC freed 3(96B) AllocSpace objects, 0(0B) LOS objects, 35% free, 29MB/45MB, paused 532us total 47.151ms
08-04 21:47:25.043 11831 11831 D AndroidRuntime: Calling main entry com.android.commands.input.Input
08-04 21:47:25.045 11831 11831 I Input   : injectMotionEvent: MotionEvent { action=ACTION_DOWN, actionButton=0, id[0]=0, x[0]=600.0, y[0]=820.0, toolType[0]=TOOL_TYPE_UNKNOWN, buttonState=0, metaState=0, flags=0x0, edgeFlags=0x0, pointerCount=1, historySize=0, eventTime=740861457, downTime=740861457, deviceId=0, source=0x1002 }
08-04 21:47:25.055 11831 11831 I Input   : injectMotionEvent: MotionEvent { action=ACTION_UP, actionButton=0, id[0]=0, x[0]=600.0, y[0]=820.0, toolType[0]=TOOL_TYPE_UNKNOWN, buttonState=0, metaState=0, flags=0x0, edgeFlags=0x0, pointerCount=1, historySize=0, eventTime=740861457, downTime=740861457, deviceId=0, source=0x1002 }
08-04 21:47:25.058 11831 11831 D AndroidRuntime: Shutting down VM
08-04 21:47:25.070   512  2967 D audio_hw_primary: out_set_parameters: enter: usecase(1: low-latency-playback) kvpairs: routing=2
08-04 21:47:25.073   918  3696 I ActivityManager: START u0 {dat=https://oauth.reddit.com/... cmp=baseline.org.quantumbadger.redreader/.activities.CommentListingActivity} from uid 10666 on display 0
08-04 21:47:25.085   512  2967 D audio_hw_primary: select_devices: out_snd_device(2: speaker) in_snd_device(0: none)
08-04 21:47:25.085   512  2967 D msm8974_platform: platform_send_audio_calibration: sending audio calibration for snd_device(2) acdb_id(15)
08-04 21:47:25.085   512  2967 I soundtrigger: audio_extn_sound_trigger_update_device_status: device 0x2 of type 0 for Event 1
08-04 21:47:25.096   512  2967 D audio_hw_primary: enable_snd_device: snd_device(2: speaker)
08-04 21:47:25.099   512  2967 D audio_hw_primary: enable_audio_route: apply and update mixer path: low-latency-playback speaker
08-04 21:47:25.105  9688  9688 I AppCompatViewInflater: app:theme is now deprecated. Please move to using android:theme instead.
08-04 21:47:25.125  9688 11856 D OK      : calling: https://oauth.reddit.com/comments/hi3oht/.json?sort=confidence
08-04 21:47:25.212   918   936 I ActivityManager: Displayed baseline.org.quantumbadger.redreader/.activities.CommentListingActivity: +129ms
08-04 21:47:25.213 13866 13866 I GoogleInputMethodServic: GoogleInputMethodService.onFinishInput():3138 
08-04 21:47:25.213 13866 13866 I GoogleInputMethodServic: GoogleInputMethodService.onStartInput():1808 
08-04 21:47:25.324  9688  9914 I art     : Starting a blocking GC Explicit
08-04 21:47:25.367  9688  9914 I art     : Explicit concurrent mark sweep GC freed 4171(224KB) AllocSpace objects, 1(20KB) LOS objects, 35% free, 29MB/45MB, paused 544us total 42.483ms
08-04 21:47:25.385  9688  9914 I art     : Starting a blocking GC Explicit
08-04 21:47:25.426  9688  9914 I art     : Explicit concurrent mark sweep GC freed 440(22KB) AllocSpace objects, 0(0B) LOS objects, 35% free, 29MB/45MB, paused 514us total 40.053ms
08-04 21:47:25.443  9688  9914 I art     : Starting a blocking GC Explicit
08-04 21:47:25.467   380   380 W SurfaceFlinger: couldn't log to binary event log: overflow.
08-04 21:47:25.485  9688  9914 I art     : Explicit concurrent mark sweep GC freed 3(96B) AllocSpace objects, 0(0B) LOS objects, 35% free, 29MB/45MB, paused 531us total 40.999ms
08-04 21:47:25.502  9688  9914 I art     : Starting a blocking GC Explicit
08-04 21:47:25.542  9688  9914 I art     : Explicit concurrent mark sweep GC freed 3(96B) AllocSpace objects, 0(0B) LOS objects, 35% free, 29MB/45MB, paused 498us total 39.666ms
08-04 21:47:25.560  9688  9914 I art     : Starting a blocking GC Explicit
08-04 21:47:25.601  9688  9914 I art     : Explicit concurrent mark sweep GC freed 3(96B) AllocSpace objects, 0(0B) LOS objects, 35% free, 29MB/45MB, paused 555us total 40.568ms
08-04 21:47:25.641   512  2967 D audio_hw_primary: disable_audio_route: reset and update mixer path: low-latency-playback speaker
08-04 21:47:25.642   512  2967 D audio_hw_primary: disable_snd_device: snd_device(2: speaker)
08-04 21:47:25.649   512  2967 I soundtrigger: audio_extn_sound_trigger_update_device_status: device 0x2 of type 0 for Event 0
08-04 21:47:25.805  8505  8505 I ServiceManager: Waiting for service AtCmdFwd...
08-04 21:47:25.838  9688 11856 I NAPPA_EXPERIMENTATION: MetricNetworkRequestExecutionTime: REQUEST_DURATION_SYSTEM='713',REQUEST_DURATION_OKHTTP='146',REQUEST_SYNCHRONOUS='TRUE',RESPONSE_CODE='200',RESPONSE_METHOD='GET',RESPONSE_LENGTH_OKHTTP='-1',RESPONSE_LENGTH_HEADER='167875',REQUEST_PROTOCOL='h2',REQUEST_URL='https://oauth.reddit.com/comments/hi3oht/.json?sort=confidence',
08-04 21:47:25.838  9688 11856 D OK      : request got status: 200
08-04 21:47:25.849  9688 10259 I CommentListingActivity: COMMENTS session changed to 9c2419a4-fa55-40c0-8fff-dd0e95eb2ec3
08-04 21:47:25.924  9688  9750 I art     : Starting a blocking GC Explicit
08-04 21:47:25.981  9688  9750 I art     : Explicit concurrent mark sweep GC freed 14133(946KB) AllocSpace objects, 3(60KB) LOS objects, 33% free, 31MB/47MB, paused 1.511ms total 57.231ms
08-04 21:47:26.001  9688  9750 I art     : Starting a blocking GC Explicit
08-04 21:47:26.064  9688  9750 I art     : Explicit concurrent mark sweep GC freed 16384(1009KB) AllocSpace objects, 2(44KB) LOS objects, 33% free, 32MB/48MB, paused 1.752ms total 62.656ms
08-04 21:47:26.084  9688  9750 I art     : Starting a blocking GC Explicit
08-04 21:47:26.151  9688  9750 I art     : Explicit concurrent mark sweep GC freed 14177(868KB) AllocSpace objects, 0(0B) LOS objects, 32% free, 33MB/49MB, paused 3.446ms total 66.992ms
08-04 21:47:26.173  9688  9750 I art     : Starting a blocking GC Explicit
08-04 21:47:26.248  9688  9750 I art     : Explicit concurrent mark sweep GC freed 11755(848KB) AllocSpace objects, 0(0B) LOS objects, 31% free, 34MB/50MB, paused 1.152ms total 74.872ms
08-04 21:47:26.270  9688  9750 I art     : Starting a blocking GC Explicit
08-04 21:47:26.351  9688  9750 I art     : Explicit concurrent mark sweep GC freed 5711(571KB) AllocSpace objects, 0(0B) LOS objects, 31% free, 35MB/51MB, paused 700us total 79.792ms
08-04 21:47:26.685  9688  9701 I art     : Starting a blocking GC Explicit
08-04 21:47:26.763  9688  9701 I art     : Explicit concurrent mark sweep GC freed 38133(1807KB) AllocSpace objects, 6(204KB) LOS objects, 32% free, 33MB/49MB, paused 559us total 77.156ms
08-04 21:47:26.785  9688  9701 I art     : Starting a blocking GC Explicit
08-04 21:47:26.806  8505  8505 W Atfwd_Sendcmd: AtCmdFwd service not published, waiting... retryCnt : 1
08-04 21:47:26.853  9688  9701 I art     : Explicit concurrent mark sweep GC freed 31(1232B) AllocSpace objects, 0(0B) LOS objects, 32% free, 33MB/49MB, paused 680us total 67.992ms
08-04 21:47:26.877  9688  9701 I art     : Starting a blocking GC Explicit
08-04 21:47:26.949  9688  9701 I art     : Explicit concurrent mark sweep GC freed 3(96B) AllocSpace objects, 0(0B) LOS objects, 32% free, 33MB/49MB, paused 566us total 72.063ms
08-04 21:47:26.971  9688  9701 I art     : Starting a blocking GC Explicit
08-04 21:47:27.046  9688  9701 I art     : Explicit concurrent mark sweep GC freed 49(1920B) AllocSpace objects, 0(0B) LOS objects, 32% free, 33MB/49MB, paused 582us total 74.501ms
08-04 21:47:27.069  9688  9701 I art     : Starting a blocking GC Explicit
08-04 21:47:27.143  9688  9701 I art     : Explicit concurrent mark sweep GC freed 3(96B) AllocSpace objects, 0(0B) LOS objects, 32% free, 33MB/49MB, paused 590us total 72.930ms
08-04 21:47:27.506  9688  9700 I art     : Starting a blocking GC Explicit
08-04 21:47:27.602  9688  9700 I art     : Explicit concurrent mark sweep GC freed 1354(82KB) AllocSpace objects, 1(20KB) LOS objects, 32% free, 33MB/49MB, paused 572us total 95.361ms
08-04 21:47:27.630  9688  9700 I art     : Starting a blocking GC Explicit
08-04 21:47:27.706  9688  9700 I art     : Explicit concurrent mark sweep GC freed 20(704B) AllocSpace objects, 0(0B) LOS objects, 32% free, 33MB/49MB, paused 567us total 76.126ms
08-04 21:47:27.732  9688  9700 I art     : Starting a blocking GC Explicit
08-04 21:47:27.808  9688  9700 I art     : Explicit concurrent mark sweep GC freed 3(96B) AllocSpace objects, 0(0B) LOS objects, 32% free, 33MB/49MB, paused 623us total 75.836ms
08-04 21:47:27.831  9688  9700 I art     : Starting a blocking GC Explicit
08-04 21:47:27.907  9688  9700 I art     : Explicit concurrent mark sweep GC freed 3(96B) AllocSpace objects, 0(0B) LOS objects, 32% free, 33MB/49MB, paused 537us total 75.230ms
08-04 21:47:27.930  9688  9700 I art     : Starting a blocking GC Explicit
08-04 21:47:28.012  9688  9700 I art     : Explicit concurrent mark sweep GC freed 3(96B) AllocSpace objects, 0(0B) LOS objects, 32% free, 33MB/49MB, paused 635us total 82.115ms
08-04 21:47:28.385  9688  9914 I art     : Starting a blocking GC Explicit
08-04 21:47:28.477  9688  9914 I art     : Explicit concurrent mark sweep GC freed 1354(82KB) AllocSpace objects, 1(20KB) LOS objects, 32% free, 33MB/49MB, paused 579us total 91.872ms
08-04 21:47:28.502  9688  9914 I art     : Starting a blocking GC Explicit
08-04 21:47:28.580  9688  9914 I art     : Explicit concurrent mark sweep GC freed 20(704B) AllocSpace objects, 0(0B) LOS objects, 32% free, 33MB/49MB, paused 623us total 77.542ms
08-04 21:47:28.606  9688  9914 I art     : Starting a blocking GC Explicit
08-04 21:47:28.682  9688  9914 I art     : Explicit concurrent mark sweep GC freed 3(96B) AllocSpace objects, 0(0B) LOS objects, 32% free, 33MB/49MB, paused 602us total 75.168ms
08-04 21:47:28.704  9688  9914 I art     : Starting a blocking GC Explicit
08-04 21:47:28.780  9688  9914 I art     : Explicit concurrent mark sweep GC freed 3(96B) AllocSpace objects, 0(0B) LOS objects, 32% free, 33MB/49MB, paused 597us total 75.698ms
08-04 21:47:28.803  9688  9914 I art     : Starting a blocking GC Explicit
08-04 21:47:28.879  9688  9914 I art     : Explicit concurrent mark sweep GC freed 3(96B) AllocSpace objects, 0(0B) LOS objects, 32% free, 33MB/49MB, paused 583us total 75.839ms
08-04 21:47:29.065   918  1209 D NetworkMonitor/NetworkAgentInfo [WIFI () - 159]: Checking http://connectivitycheck.gstatic.com/generate_204 on "H369AA63323", 192.168.2.12=192.168.2.12
08-04 21:47:29.185   918  1209 D NetworkMonitor/NetworkAgentInfo [WIFI () - 159]: Probably not a portal: exception java.io.IOException: unexpected end of stream on Connection{connectivitycheck.gstatic.com:80, proxy=HTTP@/192.168.2.12:8080 hostAddress=192.168.2.12 cipherSuite=none protocol=http/1.1} (recycle count=0)
08-04 21:47:29.186   918  3263 D ConnectivityService: NetworkAgentInfo [WIFI () - 159] validation failed
08-04 21:47:29.187   918  3261 E WifiConfigStore:  rewrite network history for "H369AA63323"WPA_PSK
08-04 21:47:29.253  9688  9750 I art     : Starting a blocking GC Explicit
08-04 21:47:29.318  9688  9750 I art     : Explicit concurrent mark sweep GC freed 1354(82KB) AllocSpace objects, 1(20KB) LOS objects, 32% free, 33MB/49MB, paused 599us total 64.020ms
08-04 21:47:29.339  9688  9750 I art     : Starting a blocking GC Explicit
08-04 21:47:29.405  9688  9750 I art     : Explicit concurrent mark sweep GC freed 20(704B) AllocSpace objects, 0(0B) LOS objects, 32% free, 33MB/49MB, paused 576us total 65.507ms
08-04 21:47:29.428  9688  9750 I art     : Starting a blocking GC Explicit
08-04 21:47:29.500  9688  9750 I art     : Explicit concurrent mark sweep GC freed 31(1152B) AllocSpace objects, 0(0B) LOS objects, 32% free, 33MB/49MB, paused 575us total 71.868ms
08-04 21:47:29.522  9688  9750 I art     : Starting a blocking GC Explicit
08-04 21:47:29.594  9688  9750 I art     : Explicit concurrent mark sweep GC freed 3(96B) AllocSpace objects, 0(0B) LOS objects, 32% free, 33MB/49MB, paused 571us total 71.973ms
08-04 21:47:29.617  9688  9750 I art     : Starting a blocking GC Explicit
08-04 21:47:29.692  9688  9750 I art     : Explicit concurrent mark sweep GC freed 5(144B) AllocSpace objects, 0(0B) LOS objects, 32% free, 33MB/49MB, paused 567us total 74.264ms
08-04 21:47:29.854 11921 11921 D AndroidRuntime: >>>>>> START com.android.internal.os.RuntimeInit uid 2000 <<<<<<
08-04 21:47:29.861 11921 11921 D AndroidRuntime: CheckJNI is OFF
08-04 21:47:29.903 11921 11921 D ICU     : No timezone override file found: /data/misc/zoneinfo/current/icu/icu_tzdata.dat
08-04 21:47:29.945 11921 11921 I Radio-JNI: register_android_hardware_Radio DONE
08-04 21:47:29.973 11921 11921 D AndroidRuntime: Calling main entry com.android.commands.input.Input
08-04 21:47:29.975 11921 11921 I Input   : injectKeyEvent: KeyEvent { action=ACTION_DOWN, keyCode=KEYCODE_BACK, scanCode=0, metaState=0, flags=0x0, repeatCount=0, eventTime=740866388, downTime=740866388, deviceId=-1, source=0x101 }
08-04 21:47:29.979 11921 11921 I Input   : injectKeyEvent: KeyEvent { action=ACTION_UP, keyCode=KEYCODE_BACK, scanCode=0, metaState=0, flags=0x0, repeatCount=0, eventTime=740866388, downTime=740866388, deviceId=-1, source=0x101 }
08-04 21:47:29.985 11921 11921 D AndroidRuntime: Shutting down VM
08-04 21:47:30.028 13866 13866 I GoogleInputMethodServic: GoogleInputMethodService.onFinishInput():3138 
08-04 21:47:30.029 13866 13866 I GoogleInputMethodServic: GoogleInputMethodService.onStartInput():1808 
08-04 21:47:30.040  9688  9701 I art     : Starting a blocking GC Explicit
08-04 21:47:30.084  9688 11855 I RedditChangeDataIO: Writing tmp data file at '/data/user/0/baseline.org.quantumbadger.redreader/files/rr_change_data_tmp.dat'
08-04 21:47:30.085  9688 11855 I RedditChangeDataManager: Taking snapshot...
08-04 21:47:30.085  9688 11855 I RedditChangeDataManager: Writing to stream...
08-04 21:47:30.085  9688 11855 I RedditChangeDataManager: Wrote 5 entries for user ''
08-04 21:47:30.085  9688 11855 I RedditChangeDataManager: All entries written to stream.
08-04 21:47:30.085  9688 11855 I RedditChangeDataIO: Write successful. Atomically replacing data file...
08-04 21:47:30.086  9688 11855 I RedditChangeDataIO: Write complete.
08-04 21:47:30.086  9688 11855 I RedditChangeDataIO: 134 bytes written in 2 ms
08-04 21:47:30.109  9688  9701 I art     : Explicit concurrent mark sweep GC freed 1731(98KB) AllocSpace objects, 2(88KB) LOS objects, 32% free, 33MB/49MB, paused 585us total 67.809ms
08-04 21:47:30.130  9688  9701 I art     : Starting a blocking GC Explicit
08-04 21:47:30.194  9688  9701 I art     : Explicit concurrent mark sweep GC freed 50(2128B) AllocSpace objects, 0(0B) LOS objects, 32% free, 33MB/49MB, paused 726us total 62.745ms
08-04 21:47:30.216  9688  9701 I art     : Starting a blocking GC Explicit
08-04 21:47:30.280  9688  9701 I art     : Explicit concurrent mark sweep GC freed 3(96B) AllocSpace objects, 0(0B) LOS objects, 32% free, 33MB/49MB, paused 473us total 63.821ms
08-04 21:47:30.301  9688  9701 I art     : Starting a blocking GC Explicit
08-04 21:47:30.338   380   380 W SurfaceFlinger: couldn't log to binary event log: overflow.
08-04 21:47:30.366  9688  9701 I art     : Explicit concurrent mark sweep GC freed 45(1488B) AllocSpace objects, 0(0B) LOS objects, 32% free, 33MB/49MB, paused 522us total 65.029ms
08-04 21:47:30.388  9688  9701 I art     : Starting a blocking GC Explicit
08-04 21:47:30.454  9688  9701 I art     : Explicit concurrent mark sweep GC freed 23(992B) AllocSpace objects, 0(0B) LOS objects, 32% free, 33MB/49MB, paused 600us total 65.253ms
08-04 21:47:30.795  9688  9914 I art     : Starting a blocking GC Explicit
08-04 21:47:30.867  9688  9914 I art     : Explicit concurrent mark sweep GC freed 77846(4MB) AllocSpace objects, 6(160KB) LOS objects, 35% free, 29MB/45MB, paused 609us total 71.538ms
08-04 21:47:30.885  9688  9914 I art     : Starting a blocking GC Explicit
08-04 21:47:30.927  9688  9914 I art     : Explicit concurrent mark sweep GC freed 20(704B) AllocSpace objects, 0(0B) LOS objects, 35% free, 29MB/45MB, paused 529us total 41.231ms
08-04 21:47:30.946  9688  9914 I art     : Starting a blocking GC Explicit
08-04 21:47:30.992  9688  9914 I art     : Explicit concurrent mark sweep GC freed 3(96B) AllocSpace objects, 0(0B) LOS objects, 35% free, 29MB/45MB, paused 514us total 46.364ms
08-04 21:47:30.993  9688  9699 I art     : WaitForGcToComplete blocked for 11.294ms for cause HeapTrim
08-04 21:47:31.011  9688  9914 I art     : Starting a blocking GC Explicit
08-04 21:47:31.058  9688  9914 I art     : Explicit concurrent mark sweep GC freed 3(96B) AllocSpace objects, 0(0B) LOS objects, 35% free, 29MB/45MB, paused 568us total 46.379ms
08-04 21:47:31.077  9688  9914 I art     : Starting a blocking GC Explicit
08-04 21:47:31.122  9688  9914 I art     : Explicit concurrent mark sweep GC freed 3(96B) AllocSpace objects, 0(0B) LOS objects, 35% free, 29MB/45MB, paused 543us total 45.618ms
08-04 21:47:31.431  9688  9750 I art     : Starting a blocking GC Explicit
08-04 21:47:31.485  9688  9750 I art     : Explicit concurrent mark sweep GC freed 1590(119KB) AllocSpace objects, 1(20KB) LOS objects, 35% free, 29MB/45MB, paused 521us total 53.321ms
08-04 21:47:31.503  9688  9750 I art     : Starting a blocking GC Explicit
08-04 21:47:31.545  9688  9750 I art     : Explicit concurrent mark sweep GC freed 85(2880B) AllocSpace objects, 0(0B) LOS objects, 35% free, 29MB/45MB, paused 494us total 41.247ms
08-04 21:47:31.563  9688  9750 I art     : Starting a blocking GC Explicit
08-04 21:47:31.608  9688  9750 I art     : Explicit concurrent mark sweep GC freed 3(96B) AllocSpace objects, 0(0B) LOS objects, 35% free, 29MB/45MB, paused 527us total 44.709ms
08-04 21:47:31.626  9688  9750 I art     : Starting a blocking GC Explicit
08-04 21:47:31.671  9688  9750 I art     : Explicit concurrent mark sweep GC freed 3(96B) AllocSpace objects, 0(0B) LOS objects, 35% free, 29MB/45MB, paused 510us total 44.751ms
08-04 21:47:31.690  9688  9750 I art     : Starting a blocking GC Explicit
08-04 21:47:31.737  9688  9750 I art     : Explicit concurrent mark sweep GC freed 3(96B) AllocSpace objects, 0(0B) LOS objects, 35% free, 29MB/45MB, paused 532us total 46.512ms
08-04 21:47:31.783 11954 11954 D AndroidRuntime: >>>>>> START com.android.internal.os.RuntimeInit uid 2000 <<<<<<
08-04 21:47:31.790 11954 11954 D AndroidRuntime: CheckJNI is OFF
08-04 21:47:31.807  8505  8505 I ServiceManager: Waiting for service AtCmdFwd...
08-04 21:47:31.832 11954 11954 D ICU     : No timezone override file found: /data/misc/zoneinfo/current/icu/icu_tzdata.dat
08-04 21:47:31.875 11954 11954 I Radio-JNI: register_android_hardware_Radio DONE
08-04 21:47:31.904 11954 11954 D AndroidRuntime: Calling main entry com.android.commands.input.Input
08-04 21:47:31.907 11954 11954 I Input   : injectMotionEvent: MotionEvent { action=ACTION_DOWN, actionButton=0, id[0]=0, x[0]=600.0, y[0]=580.0, toolType[0]=TOOL_TYPE_UNKNOWN, buttonState=0, metaState=0, flags=0x0, edgeFlags=0x0, pointerCount=1, historySize=0, eventTime=740868319, downTime=740868319, deviceId=0, source=0x1002 }
08-04 21:47:31.912 11954 11954 I Input   : injectMotionEvent: MotionEvent { action=ACTION_UP, actionButton=0, id[0]=0, x[0]=600.0, y[0]=580.0, toolType[0]=TOOL_TYPE_UNKNOWN, buttonState=0, metaState=0, flags=0x0, edgeFlags=0x0, pointerCount=1, historySize=0, eventTime=740868319, downTime=740868319, deviceId=0, source=0x1002 }
08-04 21:47:31.914 11954 11954 D AndroidRuntime: Shutting down VM
08-04 21:47:31.929   512  2967 D audio_hw_primary: out_set_parameters: enter: usecase(1: low-latency-playback) kvpairs: routing=2
08-04 21:47:31.930   918  3670 I ActivityManager: START u0 {cmp=baseline.org.quantumbadger.redreader/.activities.WebViewActivity (has extras)} from uid 10666 on display 0
08-04 21:47:31.943   512  2967 D audio_hw_primary: select_devices: out_snd_device(2: speaker) in_snd_device(0: none)
08-04 21:47:31.944   512  2967 D msm8974_platform: platform_send_audio_calibration: sending audio calibration for snd_device(2) acdb_id(15)
08-04 21:47:31.944   512  2967 I soundtrigger: audio_extn_sound_trigger_update_device_status: device 0x2 of type 0 for Event 1
08-04 21:47:31.959   512  2967 D audio_hw_primary: enable_snd_device: snd_device(2: speaker)
08-04 21:47:31.960  9688  9688 I AppCompatViewInflater: app:theme is now deprecated. Please move to using android:theme instead.
08-04 21:47:31.961   512  2967 D audio_hw_primary: enable_audio_route: apply and update mixer path: low-latency-playback speaker
08-04 21:47:31.981   918  3961 D ConnectivityService: listenForNetwork for Listen from uid/pid:10666/9688 for NetworkRequest [ id=2948, legacyType=-1, [ Capabilities: INTERNET&NOT_RESTRICTED&TRUSTED] ]
08-04 21:47:32.087  9688  9701 I art     : Starting a blocking GC Explicit
08-04 21:47:32.097   918   936 I ActivityManager: Displayed baseline.org.quantumbadger.redreader/.activities.WebViewActivity: +156ms
08-04 21:47:32.098 13866 13866 I GoogleInputMethodServic: GoogleInputMethodService.onFinishInput():3138 
08-04 21:47:32.098 13866 13866 I GoogleInputMethodServic: GoogleInputMethodService.onStartInput():1808 
08-04 21:47:32.135  9688  9701 I art     : Explicit concurrent mark sweep GC freed 5904(311KB) AllocSpace objects, 1(20KB) LOS objects, 35% free, 29MB/45MB, paused 788us total 47.563ms
08-04 21:47:32.154  9688  9701 I art     : Starting a blocking GC Explicit
08-04 21:47:32.196  9688  9701 I art     : Explicit concurrent mark sweep GC freed 561(30KB) AllocSpace objects, 0(0B) LOS objects, 35% free, 29MB/45MB, paused 474us total 41.517ms
08-04 21:47:32.213  9688  9701 I art     : Starting a blocking GC Explicit
08-04 21:47:32.264  9688  9701 I art     : Explicit concurrent mark sweep GC freed 6(224B) AllocSpace objects, 0(0B) LOS objects, 35% free, 29MB/45MB, paused 527us total 50.654ms
08-04 21:47:32.286  9688  9701 I art     : Starting a blocking GC Explicit
08-04 21:47:32.339  9688  9701 I art     : Explicit concurrent mark sweep GC freed 3(96B) AllocSpace objects, 0(0B) LOS objects, 35% free, 29MB/45MB, paused 537us total 53.496ms
08-04 21:47:32.361   380   380 W SurfaceFlinger: couldn't log to binary event log: overflow.
08-04 21:47:32.362  9688  9701 I art     : Starting a blocking GC Explicit
08-04 21:47:32.404  9688  9701 I art     : Explicit concurrent mark sweep GC freed 12(464B) AllocSpace objects, 0(0B) LOS objects, 35% free, 29MB/45MB, paused 529us total 42.100ms
08-04 21:47:32.499   512  2967 D audio_hw_primary: disable_audio_route: reset and update mixer path: low-latency-playback speaker
08-04 21:47:32.500   512  2967 D audio_hw_primary: disable_snd_device: snd_device(2: speaker)
08-04 21:47:32.508   512  2967 I soundtrigger: audio_extn_sound_trigger_update_device_status: device 0x2 of type 0 for Event 0
08-04 21:47:32.786  9688  9700 I art     : Starting a blocking GC Explicit
08-04 21:47:32.808  8505  8505 I ServiceManager: Waiting for service AtCmdFwd...
08-04 21:47:32.842  9688  9700 I art     : Explicit concurrent mark sweep GC freed 2289(134KB) AllocSpace objects, 1(20KB) LOS objects, 35% free, 29MB/45MB, paused 720us total 56.097ms
08-04 21:47:32.875  9688  9700 I art     : Starting a blocking GC Explicit
08-04 21:47:32.923  9688  9700 I art     : Explicit concurrent mark sweep GC freed 33(1088B) AllocSpace objects, 0(0B) LOS objects, 35% free, 29MB/45MB, paused 484us total 48.252ms
08-04 21:47:32.945  9688  9700 I art     : Starting a blocking GC Explicit
08-04 21:47:32.996  9688  9700 I art     : Explicit concurrent mark sweep GC freed 13(416B) AllocSpace objects, 0(0B) LOS objects, 35% free, 29MB/45MB, paused 523us total 51.010ms
08-04 21:47:33.015  9688  9700 I art     : Starting a blocking GC Explicit
08-04 21:47:33.060  9688  9700 I art     : Explicit concurrent mark sweep GC freed 9(288B) AllocSpace objects, 0(0B) LOS objects, 35% free, 29MB/45MB, paused 617us total 44.695ms
08-04 21:47:33.079  9688  9700 I art     : Starting a blocking GC Explicit
08-04 21:47:33.123  9688  9700 I art     : Explicit concurrent mark sweep GC freed 11(352B) AllocSpace objects, 0(0B) LOS objects, 35% free, 29MB/45MB, paused 571us total 44.334ms
08-04 21:47:33.483  9688  9701 I art     : Starting a blocking GC Explicit
08-04 21:47:33.533  9688  9701 I art     : Explicit concurrent mark sweep GC freed 1405(84KB) AllocSpace objects, 1(20KB) LOS objects, 35% free, 29MB/45MB, paused 510us total 49.569ms
08-04 21:47:33.553  9688  9701 I art     : Starting a blocking GC Explicit
08-04 21:47:33.608  9688  9701 I art     : Explicit concurrent mark sweep GC freed 28(960B) AllocSpace objects, 0(0B) LOS objects, 35% free, 29MB/45MB, paused 669us total 54.752ms
08-04 21:47:33.631  9688  9701 I art     : Starting a blocking GC Explicit
08-04 21:47:33.687  9688  9701 I art     : Explicit concurrent mark sweep GC freed 20(640B) AllocSpace objects, 0(0B) LOS objects, 35% free, 29MB/45MB, paused 573us total 55.928ms
08-04 21:47:33.709  9688  9701 I art     : Starting a blocking GC Explicit
08-04 21:47:33.718  9688  9688 I chromium: [INFO:CONSOLE(1)] "
08-04 21:47:33.718  9688  9688 I chromium:                   ,d"=,.,qOp,
08-04 21:47:33.718  9688  9688 I chromium:                  ,7'  ''$(  )
08-04 21:47:33.718  9688  9688 I chromium:                 ,7'      '?q$7'
08-04 21:47:33.718  9688  9688 I chromium:              ..,$$,.
08-04 21:47:33.718  9688  9688 I chromium:    ,.  .,,--***""***--,,.  .,
08-04 21:47:33.718  9688  9688 I chromium:     ,p''              ''q,   
08-04 21:47:33.718  9688  9688 I chromium: :  ,7'                      '7,  :
08-04 21:47:33.718  9688  9688 I chromium:  ' $      ,db,      ,db,      $ '
08-04 21:47:33.718  9688  9688 I chromium:   '$      $$      $$      $'    Using Reddit at work? Work for Reddit.
08-04 21:47:33.718  9688  9688 I chromium:   '$                          $'        https://www.reddit.com/jobs
08-04 21:47:33.718  9688  9688 I chromium:    '$.     .,        ,.     .$'
08-04 21:47:33.718  9688  9688 I chromium:     'b,     ''     ,d'
08-04 21:47:33.718  9688  9688 I chromium:      '?bn,,          ,,nd?'
08-04 21:47:33.718  9688  9688 I chromium:        ,7$ '''' $7,
08-04 21:47:33.718  9688  9688 I chromium:      , $              $ ,
08-04 21:47:33.718  9688  9688 I chromium:      $  :$              $:  $
08-04 21:47:33.718  9688  9688 I chromium:      $   $              $   $
08-04 21:47:33.718  9688  9688 I chromium:      'b  q:            :p  d'
08-04 21:47:33.718  9688  9688 I chromium:       '?$.          .$?'
08-04 21:47:33.718  9688  9688 I chromium:          'b            d'
08-04 21:47:33.718  9688  9688 I chromium:        ,'?,.      .,?',
08-04 21:47:33.718  9688  9688 I chromium:       ==--==--==--==
08-04 21:47:33.718  9688  9688 I chromium: ", source: https://www.redditstatic.com/desktop2x/Chat~Governance~Reddit.2ea93b134a9b2e5b1d9a.js (1)
08-04 21:47:33.760  9688  9701 I art     : Explicit concurrent mark sweep GC freed 21(2848B) AllocSpace objects, 0(0B) LOS objects, 35% free, 29MB/45MB, paused 666us total 50.125ms
08-04 21:47:33.779  9688  9701 I art     : Starting a blocking GC Explicit
08-04 21:47:33.808  8505  8505 I ServiceManager: Waiting for service AtCmdFwd...
08-04 21:47:33.828  9688  9701 I art     : Explicit concurrent mark sweep GC freed 20(640B) AllocSpace objects, 0(0B) LOS objects, 35% free, 29MB/45MB, paused 738us total 48.686ms
08-04 21:47:34.177  9688  9701 I art     : Starting a blocking GC Explicit
08-04 21:47:34.226  9688  9701 I art     : Explicit concurrent mark sweep GC freed 1382(83KB) AllocSpace objects, 1(20KB) LOS objects, 35% free, 29MB/45MB, paused 543us total 48.987ms
08-04 21:47:34.244  9688  9701 I art     : Starting a blocking GC Explicit
08-04 21:47:34.292  9688  9701 I art     : Explicit concurrent mark sweep GC freed 22(768B) AllocSpace objects, 0(0B) LOS objects, 35% free, 29MB/45MB, paused 552us total 47.714ms
08-04 21:47:34.316  9688  9701 I art     : Starting a blocking GC Explicit
08-04 21:47:34.368   518   646 I ThermalEngine: ACTION: GPU - Setting GPU[0] to 390000000
08-04 21:47:34.381  9688  9701 I art     : Explicit concurrent mark sweep GC freed 3(96B) AllocSpace objects, 0(0B) LOS objects, 35% free, 29MB/45MB, paused 1.694ms total 64.744ms
08-04 21:47:34.418  9688  9701 I art     : Starting a blocking GC Explicit
08-04 21:47:34.478  9688  9701 I art     : Explicit concurrent mark sweep GC freed 3(96B) AllocSpace objects, 0(0B) LOS objects, 35% free, 29MB/45MB, paused 1.008ms total 59.457ms
08-04 21:47:34.502  9688  9701 I art     : Starting a blocking GC Explicit
08-04 21:47:34.558  9688  9701 I art     : Explicit concurrent mark sweep GC freed 3(96B) AllocSpace objects, 0(0B) LOS objects, 35% free, 29MB/45MB, paused 1.111ms total 55.908ms
08-04 21:47:34.809  8505  8505 I ServiceManager: Waiting for service AtCmdFwd...
08-04 21:47:34.940  9688  9700 I art     : Starting a blocking GC Explicit
08-04 21:47:34.999  9688  9700 I art     : Explicit concurrent mark sweep GC freed 1375(84KB) AllocSpace objects, 1(20KB) LOS objects, 35% free, 29MB/45MB, paused 1.106ms total 57.706ms
08-04 21:47:35.030  9688  9700 I art     : Starting a blocking GC Explicit
08-04 21:47:35.081  9688  9700 I art     : Explicit concurrent mark sweep GC freed 210(11KB) AllocSpace objects, 0(0B) LOS objects, 35% free, 29MB/45MB, paused 764us total 50.774ms
08-04 21:47:35.104  9688  9700 I art     : Starting a blocking GC Explicit
08-04 21:47:35.155  9688  9700 I art     : Explicit concurrent mark sweep GC freed 4(144B) AllocSpace objects, 0(0B) LOS objects, 35% free, 29MB/45MB, paused 711us total 50.547ms
08-04 21:47:35.178  9688  9700 I art     : Starting a blocking GC Explicit
08-04 21:47:35.267  9688  9700 I art     : Explicit concurrent mark sweep GC freed 7(208B) AllocSpace objects, 0(0B) LOS objects, 35% free, 29MB/45MB, paused 781us total 89.365ms
08-04 21:47:35.290  9688  9700 I art     : Starting a blocking GC Explicit
08-04 21:47:35.349  9688  9700 I art     : Explicit concurrent mark sweep GC freed 12(2528B) AllocSpace objects, 0(0B) LOS objects, 35% free, 29MB/45MB, paused 821us total 58.405ms
08-04 21:47:35.745  9688  9914 I art     : Starting a blocking GC Explicit
08-04 21:47:35.803  9688  9914 I art     : Explicit concurrent mark sweep GC freed 1355(82KB) AllocSpace objects, 1(20KB) LOS objects, 35% free, 29MB/45MB, paused 975us total 57.132ms
08-04 21:47:35.814  8505  8505 I ServiceManager: Waiting for service AtCmdFwd...
08-04 21:47:35.836  9688  9914 I art     : Starting a blocking GC Explicit
08-04 21:47:35.892  9688  9914 I art     : Explicit concurrent mark sweep GC freed 66(3KB) AllocSpace objects, 0(0B) LOS objects, 35% free, 29MB/45MB, paused 772us total 54.749ms
08-04 21:47:35.922  9688  9914 I art     : Starting a blocking GC Explicit
08-04 21:47:35.980  9688  9914 I art     : Explicit concurrent mark sweep GC freed 3(96B) AllocSpace objects, 0(0B) LOS objects, 35% free, 29MB/45MB, paused 925us total 56.985ms
08-04 21:47:36.007  9688  9914 I art     : Starting a blocking GC Explicit
08-04 21:47:36.068  9688  9914 I art     : Explicit concurrent mark sweep GC freed 3(96B) AllocSpace objects, 0(0B) LOS objects, 35% free, 29MB/45MB, paused 991us total 60.611ms
08-04 21:47:36.068  9688  9699 I art     : WaitForGcToComplete blocked for 10.247ms for cause HeapTrim
08-04 21:47:36.094  9688  9914 I art     : Starting a blocking GC Explicit
08-04 21:47:36.159  9688  9914 I art     : Explicit concurrent mark sweep GC freed 3(96B) AllocSpace objects, 0(0B) LOS objects, 35% free, 29MB/45MB, paused 915us total 64.768ms
08-04 21:47:36.569  9688  9700 I art     : Starting a blocking GC Explicit
08-04 21:47:36.640  9688  9700 I art     : Explicit concurrent mark sweep GC freed 1355(82KB) AllocSpace objects, 1(20KB) LOS objects, 35% free, 29MB/45MB, paused 953us total 70.365ms
08-04 21:47:36.665  9688  9700 I art     : Starting a blocking GC Explicit
08-04 21:47:36.730  9688  9700 I art     : Explicit concurrent mark sweep GC freed 20(704B) AllocSpace objects, 0(0B) LOS objects, 35% free, 29MB/45MB, paused 909us total 64.632ms
08-04 21:47:36.754  9688  9700 I art     : Starting a blocking GC Explicit
08-04 21:47:36.815  8505  8505 W Atfwd_Sendcmd: AtCmdFwd service not published, waiting... retryCnt : 2
08-04 21:47:36.821  9688  9700 I art     : Explicit concurrent mark sweep GC freed 3(96B) AllocSpace objects, 0(0B) LOS objects, 35% free, 29MB/45MB, paused 1.568ms total 66.157ms
08-04 21:47:36.843 12044 12044 D AndroidRuntime: >>>>>> START com.android.internal.os.RuntimeInit uid 2000 <<<<<<
08-04 21:47:36.846  9688  9700 I art     : Starting a blocking GC Explicit
08-04 21:47:36.850 12044 12044 D AndroidRuntime: CheckJNI is OFF
08-04 21:47:36.904  9688  9700 I art     : Explicit concurrent mark sweep GC freed 3(96B) AllocSpace objects, 0(0B) LOS objects, 35% free, 29MB/45MB, paused 883us total 57.739ms
08-04 21:47:36.911 12044 12044 D ICU     : No timezone override file found: /data/misc/zoneinfo/current/icu/icu_tzdata.dat
08-04 21:47:36.933  9688  9700 I art     : Starting a blocking GC Explicit
08-04 21:47:36.943  9688 11986 I RedditChangeDataIO: Writing tmp data file at '/data/user/0/baseline.org.quantumbadger.redreader/files/rr_change_data_tmp.dat'
08-04 21:47:36.944  9688 11986 I RedditChangeDataManager: Taking snapshot...
08-04 21:47:36.944  9688 11986 I RedditChangeDataManager: Writing to stream...
08-04 21:47:36.944  9688 11986 I RedditChangeDataManager: Wrote 5 entries for user ''
08-04 21:47:36.944  9688 11986 I RedditChangeDataManager: All entries written to stream.
08-04 21:47:36.944  9688 11986 I RedditChangeDataIO: Write successful. Atomically replacing data file...
08-04 21:47:36.945  9688 11986 I RedditChangeDataIO: Write complete.
08-04 21:47:36.945  9688 11986 I RedditChangeDataIO: 134 bytes written in 2 ms
08-04 21:47:36.953 12044 12044 I Radio-JNI: register_android_hardware_Radio DONE
08-04 21:47:36.986 12044 12044 D AndroidRuntime: Calling main entry com.android.commands.input.Input
08-04 21:47:36.988 12044 12044 I Input   : injectKeyEvent: KeyEvent { action=ACTION_DOWN, keyCode=KEYCODE_BACK, scanCode=0, metaState=0, flags=0x0, repeatCount=0, eventTime=740873401, downTime=740873401, deviceId=-1, source=0x101 }
08-04 21:47:36.989  9688  9700 I art     : Explicit concurrent mark sweep GC freed 80(4KB) AllocSpace objects, 1(68KB) LOS objects, 35% free, 29MB/45MB, paused 906us total 55.352ms
08-04 21:47:36.999 12044 12044 I Input   : injectKeyEvent: KeyEvent { action=ACTION_UP, keyCode=KEYCODE_BACK, scanCode=0, metaState=0, flags=0x0, repeatCount=0, eventTime=740873401, downTime=740873401, deviceId=-1, source=0x101 }
08-04 21:47:37.018 12044 12044 D AndroidRuntime: Shutting down VM
08-04 21:47:37.061 13866 13866 I GoogleInputMethodServic: GoogleInputMethodService.onFinishInput():3138 
08-04 21:47:37.062 13866 13866 I GoogleInputMethodServic: GoogleInputMethodService.onStartInput():1808 
08-04 21:47:37.370   518   646 I ThermalEngine: ACTION: GPU - Setting GPU[0] to 450000000
08-04 21:47:37.379   380   380 W SurfaceFlinger: couldn't log to binary event log: overflow.
08-04 21:47:37.398  9688  9750 I art     : Starting a blocking GC Explicit
08-04 21:47:37.424   918  3263 D ConnectivityService: releasing NetworkRequest NetworkRequest [ id=2948, legacyType=-1, [ Capabilities: INTERNET&NOT_RESTRICTED&TRUSTED] ]
08-04 21:47:37.443  9688  9750 I art     : Explicit concurrent mark sweep GC freed 2518(133KB) AllocSpace objects, 1(20KB) LOS objects, 35% free, 29MB/45MB, paused 489us total 45.008ms
08-04 21:47:37.462  9688  9750 I art     : Starting a blocking GC Explicit
08-04 21:47:37.501  9688  9750 I art     : Explicit concurrent mark sweep GC freed 181(8KB) AllocSpace objects, 0(0B) LOS objects, 35% free, 29MB/45MB, paused 473us total 39.246ms
08-04 21:47:37.518  9688  9750 I art     : Starting a blocking GC Explicit
08-04 21:47:37.559  9688  9750 I art     : Explicit concurrent mark sweep GC freed 1979(117KB) AllocSpace objects, 1(28KB) LOS objects, 35% free, 29MB/45MB, paused 483us total 39.994ms
08-04 21:47:37.576  9688  9750 I art     : Starting a blocking GC Explicit
08-04 21:47:37.617  9688  9750 I art     : Explicit concurrent mark sweep GC freed 3(96B) AllocSpace objects, 0(0B) LOS objects, 35% free, 29MB/45MB, paused 548us total 40.481ms
08-04 21:47:37.636  9688  9750 I art     : Starting a blocking GC Explicit
08-04 21:47:37.682  9688  9750 I art     : Explicit concurrent mark sweep GC freed 3(96B) AllocSpace objects, 0(0B) LOS objects, 35% free, 29MB/45MB, paused 509us total 46.369ms
08-04 21:47:38.037  9688  9914 I art     : Starting a blocking GC Explicit
08-04 21:47:38.048   918  3188 I hubconnection: sensorhub said: 'set_bias 3: -5.5584, 0.0000, 0.0000'
08-04 21:47:38.094  9688  9914 I art     : Explicit concurrent mark sweep GC freed 1355(82KB) AllocSpace objects, 1(20KB) LOS objects, 35% free, 29MB/45MB, paused 559us total 56.807ms
08-04 21:47:38.114  9688  9914 I art     : Starting a blocking GC Explicit
08-04 21:47:38.161  9688  9914 I art     : Explicit concurrent mark sweep GC freed 20(704B) AllocSpace objects, 0(0B) LOS objects, 35% free, 29MB/45MB, paused 501us total 46.433ms
08-04 21:47:38.180  9688  9914 I art     : Starting a blocking GC Explicit
08-04 21:47:38.226  9688  9914 I art     : Explicit concurrent mark sweep GC freed 3(96B) AllocSpace objects, 0(0B) LOS objects, 35% free, 29MB/45MB, paused 506us total 45.590ms
08-04 21:47:38.244  9688  9914 I art     : Starting a blocking GC Explicit
08-04 21:47:38.289  9688  9914 I art     : Explicit concurrent mark sweep GC freed 3(96B) AllocSpace objects, 0(0B) LOS objects, 35% free, 29MB/45MB, paused 515us total 44.182ms
08-04 21:47:38.307  9688  9914 I art     : Starting a blocking GC Explicit
08-04 21:47:38.351  9688  9914 I art     : Explicit concurrent mark sweep GC freed 3(96B) AllocSpace objects, 0(0B) LOS objects, 35% free, 29MB/45MB, paused 515us total 43.250ms
08-04 21:47:38.693  9688  9701 I art     : Starting a blocking GC Explicit
08-04 21:47:38.751  9688  9701 I art     : Explicit concurrent mark sweep GC freed 1354(82KB) AllocSpace objects, 1(20KB) LOS objects, 35% free, 29MB/45MB, paused 589us total 57.468ms
08-04 21:47:38.772  9688  9701 I art     : Starting a blocking GC Explicit
08-04 21:47:38.817 12087 12087 D AndroidRuntime: >>>>>> START com.android.internal.os.RuntimeInit uid 2000 <<<<<<
08-04 21:47:38.821  9688  9701 I art     : Explicit concurrent mark sweep GC freed 20(704B) AllocSpace objects, 0(0B) LOS objects, 35% free, 29MB/45MB, paused 607us total 48.579ms
08-04 21:47:38.823 12087 12087 D AndroidRuntime: CheckJNI is OFF
08-04 21:47:38.841  9688  9701 I art     : Starting a blocking GC Explicit
08-04 21:47:38.868 12087 12087 D ICU     : No timezone override file found: /data/misc/zoneinfo/current/icu/icu_tzdata.dat
08-04 21:47:38.885  9688  9701 I art     : Explicit concurrent mark sweep GC freed 3(96B) AllocSpace objects, 0(0B) LOS objects, 35% free, 29MB/45MB, paused 487us total 44.582ms
08-04 21:47:38.904  9688  9701 I art     : Starting a blocking GC Explicit
08-04 21:47:38.914 12087 12087 I Radio-JNI: register_android_hardware_Radio DONE
08-04 21:47:38.944 12087 12087 D AndroidRuntime: Calling main entry com.android.commands.input.Input
08-04 21:47:38.946 12087 12087 I Input   : injectKeyEvent: KeyEvent { action=ACTION_DOWN, keyCode=KEYCODE_BACK, scanCode=0, metaState=0, flags=0x0, repeatCount=0, eventTime=740875359, downTime=740875359, deviceId=-1, source=0x101 }
08-04 21:47:38.951  9688  9701 I art     : Explicit concurrent mark sweep GC freed 3(96B) AllocSpace objects, 0(0B) LOS objects, 35% free, 29MB/45MB, paused 531us total 46.953ms
08-04 21:47:38.952 12087 12087 I Input   : injectKeyEvent: KeyEvent { action=ACTION_UP, keyCode=KEYCODE_BACK, scanCode=0, metaState=0, flags=0x0, repeatCount=0, eventTime=740875359, downTime=740875359, deviceId=-1, source=0x101 }
08-04 21:47:38.959 12087 12087 D AndroidRuntime: Shutting down VM
08-04 21:47:38.970  9688  9701 I art     : Starting a blocking GC Explicit
08-04 21:47:38.997 13866 13866 I GoogleInputMethodServic: GoogleInputMethodService.onFinishInput():3138 
08-04 21:47:38.998 13866 13866 I GoogleInputMethodServic: GoogleInputMethodService.onStartInput():1808 
08-04 21:47:39.011  9688  9701 I art     : Explicit concurrent mark sweep GC freed 117(3KB) AllocSpace objects, 0(0B) LOS objects, 35% free, 29MB/45MB, paused 510us total 40.744ms
08-04 21:47:39.367  9688  9750 I art     : Starting a blocking GC Explicit
08-04 21:47:39.415  9688  9750 I art     : Explicit concurrent mark sweep GC freed 1478(87KB) AllocSpace objects, 1(20KB) LOS objects, 35% free, 29MB/45MB, paused 545us total 47.574ms
08-04 21:47:39.434  9688  9750 I art     : Starting a blocking GC Explicit
08-04 21:47:39.479  9688  9750 I art     : Explicit concurrent mark sweep GC freed 154(7KB) AllocSpace objects, 0(0B) LOS objects, 35% free, 29MB/45MB, paused 547us total 44.673ms
08-04 21:47:39.498  9688  9750 I art     : Starting a blocking GC Explicit
08-04 21:47:39.545  9688  9750 I art     : Explicit concurrent mark sweep GC freed 3(96B) AllocSpace objects, 0(0B) LOS objects, 35% free, 29MB/45MB, paused 548us total 47.304ms
08-04 21:47:39.564  9688  9750 I art     : Starting a blocking GC Explicit
08-04 21:47:39.610  9688  9750 I art     : Explicit concurrent mark sweep GC freed 3(96B) AllocSpace objects, 0(0B) LOS objects, 35% free, 29MB/45MB, paused 528us total 45.496ms
08-04 21:47:39.628  9688  9750 I art     : Starting a blocking GC Explicit
08-04 21:47:39.675  9688  9750 I art     : Explicit concurrent mark sweep GC freed 3(96B) AllocSpace objects, 0(0B) LOS objects, 35% free, 29MB/45MB, paused 539us total 46.701ms
08-04 21:47:40.021  9688  9914 I art     : Starting a blocking GC Explicit
08-04 21:47:40.085  9688  9914 I art     : Explicit concurrent mark sweep GC freed 1354(82KB) AllocSpace objects, 1(20KB) LOS objects, 35% free, 29MB/45MB, paused 582us total 64.073ms
08-04 21:47:40.106  9688  9914 I art     : Starting a blocking GC Explicit
08-04 21:47:40.153  9688  9914 I art     : Explicit concurrent mark sweep GC freed 20(704B) AllocSpace objects, 0(0B) LOS objects, 35% free, 29MB/45MB, paused 539us total 46.556ms
08-04 21:47:40.172  9688  9914 I art     : Starting a blocking GC Explicit
08-04 21:47:40.218  9688  9914 I art     : Explicit concurrent mark sweep GC freed 3(96B) AllocSpace objects, 0(0B) LOS objects, 35% free, 29MB/45MB, paused 512us total 45.852ms
08-04 21:47:40.236  9688  9914 I art     : Starting a blocking GC Explicit
08-04 21:47:40.282  9688  9914 I art     : Explicit concurrent mark sweep GC freed 3(96B) AllocSpace objects, 0(0B) LOS objects, 35% free, 29MB/45MB, paused 538us total 45.183ms
08-04 21:47:40.300  9688  9914 I art     : Starting a blocking GC Explicit
08-04 21:47:40.346  9688  9914 I art     : Explicit concurrent mark sweep GC freed 3(96B) AllocSpace objects, 0(0B) LOS objects, 35% free, 29MB/45MB, paused 521us total 45.248ms
08-04 21:47:40.681  9688  9701 I art     : Starting a blocking GC Explicit
08-04 21:47:40.736  9688  9701 I art     : Explicit concurrent mark sweep GC freed 1354(82KB) AllocSpace objects, 1(20KB) LOS objects, 35% free, 29MB/45MB, paused 554us total 54.458ms
08-04 21:47:40.753 12130 12130 D AndroidRuntime: >>>>>> START com.android.internal.os.RuntimeInit uid 2000 <<<<<<
08-04 21:47:40.755  9688  9701 I art     : Starting a blocking GC Explicit
08-04 21:47:40.760 12130 12130 D AndroidRuntime: CheckJNI is OFF
08-04 21:47:40.803  9688  9701 I art     : Explicit concurrent mark sweep GC freed 20(704B) AllocSpace objects, 0(0B) LOS objects, 35% free, 29MB/45MB, paused 604us total 48.318ms
08-04 21:47:40.805 12130 12130 D ICU     : No timezone override file found: /data/misc/zoneinfo/current/icu/icu_tzdata.dat
08-04 21:47:40.822  9688  9701 I art     : Starting a blocking GC Explicit
08-04 21:47:40.853 12130 12130 I Radio-JNI: register_android_hardware_Radio DONE
08-04 21:47:40.870  9688  9701 I art     : Explicit concurrent mark sweep GC freed 3(96B) AllocSpace objects, 0(0B) LOS objects, 35% free, 29MB/45MB, paused 582us total 47.812ms
08-04 21:47:40.884 12130 12130 D AndroidRuntime: Calling main entry com.android.commands.input.Input
08-04 21:47:40.886 12130 12130 I Input   : injectMotionEvent: MotionEvent { action=ACTION_DOWN, actionButton=0, id[0]=0, x[0]=600.0, y[0]=1000.0, toolType[0]=TOOL_TYPE_UNKNOWN, buttonState=0, metaState=0, flags=0x0, edgeFlags=0x0, pointerCount=1, historySize=0, eventTime=740877298, downTime=740877298, deviceId=0, source=0x1002 }
08-04 21:47:40.889  9688  9701 I art     : Starting a blocking GC Explicit
08-04 21:47:40.892 12130 12130 I Input   : injectMotionEvent: MotionEvent { action=ACTION_UP, actionButton=0, id[0]=0, x[0]=600.0, y[0]=1000.0, toolType[0]=TOOL_TYPE_UNKNOWN, buttonState=0, metaState=0, flags=0x0, edgeFlags=0x0, pointerCount=1, historySize=0, eventTime=740877298, downTime=740877298, deviceId=0, source=0x1002 }
08-04 21:47:40.894 12130 12130 D AndroidRuntime: Shutting down VM
08-04 21:47:40.902   512  2967 D audio_hw_primary: out_set_parameters: enter: usecase(1: low-latency-playback) kvpairs: routing=2
08-04 21:47:40.902   918  5132 I ActivityManager: START u0 {dat=https://oauth.reddit.com/... cmp=baseline.org.quantumbadger.redreader/.activities.PostListingActivity} from uid 10666 on display 0
08-04 21:47:40.915   512  2967 D audio_hw_primary: select_devices: out_snd_device(2: speaker) in_snd_device(0: none)
08-04 21:47:40.915   512  2967 D msm8974_platform: platform_send_audio_calibration: sending audio calibration for snd_device(2) acdb_id(15)
08-04 21:47:40.915   512  2967 I soundtrigger: audio_extn_sound_trigger_update_device_status: device 0x2 of type 0 for Event 1
08-04 21:47:40.925  9688  9688 I AppCompatViewInflater: app:theme is now deprecated. Please move to using android:theme instead.
08-04 21:47:40.927   512  2967 D audio_hw_primary: enable_snd_device: snd_device(2: speaker)
08-04 21:47:40.929   512  2967 D audio_hw_primary: enable_audio_route: apply and update mixer path: low-latency-playback speaker
08-04 21:47:40.938  9688  9701 I art     : Explicit concurrent mark sweep GC freed 433(28KB) AllocSpace objects, 0(0B) LOS objects, 35% free, 29MB/45MB, paused 872us total 49.417ms
08-04 21:47:40.955  9688 12154 D OK      : calling: https://oauth.reddit.com/r/announcements/about.json
08-04 21:47:40.960  9688  9701 I art     : Starting a blocking GC Explicit
08-04 21:47:41.002  9688  9701 I art     : Explicit concurrent mark sweep GC freed 1210(76KB) AllocSpace objects, 0(0B) LOS objects, 35% free, 29MB/45MB, paused 1.013ms total 42.375ms
08-04 21:47:41.016   918   936 I ActivityManager: Displayed baseline.org.quantumbadger.redreader/.activities.PostListingActivity: +104ms
08-04 21:47:41.017 13866 13866 I GoogleInputMethodServic: GoogleInputMethodService.onFinishInput():3138 
08-04 21:47:41.018 13866 13866 I GoogleInputMethodServic: GoogleInputMethodService.onStartInput():1808 
08-04 21:47:41.269   380   380 W SurfaceFlinger: couldn't log to binary event log: overflow.
08-04 21:47:41.288  9688 12154 I NAPPA_EXPERIMENTATION: MetricNetworkRequestExecutionTime: REQUEST_DURATION_SYSTEM='332',REQUEST_DURATION_OKHTTP='147',REQUEST_SYNCHRONOUS='TRUE',RESPONSE_CODE='200',RESPONSE_METHOD='GET',RESPONSE_LENGTH_OKHTTP='-1',RESPONSE_LENGTH_HEADER='1564',REQUEST_PROTOCOL='h2',REQUEST_URL='https://oauth.reddit.com/r/announcements/about.json',
08-04 21:47:41.288  9688 12154 D OK      : request got status: 200
08-04 21:47:41.333  9688  9700 I art     : Starting a blocking GC Explicit
08-04 21:47:41.392  9688  9700 I art     : Explicit concurrent mark sweep GC freed 5146(355KB) AllocSpace objects, 3(156KB) LOS objects, 35% free, 29MB/45MB, paused 1.370ms total 58.802ms
08-04 21:47:41.420  9688  9700 I art     : Starting a blocking GC Explicit
08-04 21:47:41.459   512  2967 D audio_hw_primary: disable_audio_route: reset and update mixer path: low-latency-playback speaker
08-04 21:47:41.460   512  2967 D audio_hw_primary: disable_snd_device: snd_device(2: speaker)
08-04 21:47:41.468   512  2967 I soundtrigger: audio_extn_sound_trigger_update_device_status: device 0x2 of type 0 for Event 0
08-04 21:47:41.475  9688  9700 I art     : Explicit concurrent mark sweep GC freed 348(15KB) AllocSpace objects, 0(0B) LOS objects, 35% free, 29MB/45MB, paused 893us total 54.357ms
08-04 21:47:41.499  9688  9700 I art     : Starting a blocking GC Explicit
08-04 21:47:41.544  9688  9700 I art     : Explicit concurrent mark sweep GC freed 3(96B) AllocSpace objects, 0(0B) LOS objects, 35% free, 29MB/45MB, paused 577us total 44.681ms
08-04 21:47:41.562  9688  9700 I art     : Starting a blocking GC Explicit
08-04 21:47:41.605  9688  9700 I art     : Explicit concurrent mark sweep GC freed 13(528B) AllocSpace objects, 0(0B) LOS objects, 35% free, 29MB/45MB, paused 543us total 42.727ms
08-04 21:47:41.625  9688  9700 I art     : Starting a blocking GC Explicit
08-04 21:47:41.679  9688  9700 I art     : Explicit concurrent mark sweep GC freed 28(1136B) AllocSpace objects, 0(0B) LOS objects, 35% free, 29MB/45MB, paused 583us total 53.289ms
08-04 21:47:42.018  9688  9700 I art     : Starting a blocking GC Explicit
08-04 21:47:42.068  9688  9700 I art     : Explicit concurrent mark sweep GC freed 1378(83KB) AllocSpace objects, 1(20KB) LOS objects, 35% free, 29MB/45MB, paused 1.044ms total 49.362ms
08-04 21:47:42.087  9688  9700 I art     : Starting a blocking GC Explicit
08-04 21:47:42.133  9688  9700 I art     : Explicit concurrent mark sweep GC freed 20(704B) AllocSpace objects, 0(0B) LOS objects, 35% free, 29MB/45MB, paused 571us total 45.464ms
08-04 21:47:42.152  9688  9700 I art     : Starting a blocking GC Explicit
08-04 21:47:42.153  9688 12178 D OK      : calling: https://oauth.reddit.com/r/announcements/hot/.json
08-04 21:47:42.200  9688  9700 I art     : Explicit concurrent mark sweep GC freed 95(3KB) AllocSpace objects, 0(0B) LOS objects, 35% free, 29MB/45MB, paused 638us total 47.792ms
08-04 21:47:42.218  9688  9700 I art     : Starting a blocking GC Explicit
08-04 21:47:42.264  9688  9700 I art     : Explicit concurrent mark sweep GC freed 9(352B) AllocSpace objects, 0(0B) LOS objects, 35% free, 29MB/45MB, paused 636us total 45.950ms
08-04 21:47:42.283  9688  9700 I art     : Starting a blocking GC Explicit
08-04 21:47:42.330  9688  9700 I art     : Explicit concurrent mark sweep GC freed 3(96B) AllocSpace objects, 0(0B) LOS objects, 35% free, 29MB/45MB, paused 647us total 47.025ms
08-04 21:47:42.402  9688 12178 I NAPPA_EXPERIMENTATION: MetricNetworkRequestExecutionTime: REQUEST_DURATION_SYSTEM='249',REQUEST_DURATION_OKHTTP='245',REQUEST_SYNCHRONOUS='TRUE',RESPONSE_CODE='200',RESPONSE_METHOD='GET',RESPONSE_LENGTH_OKHTTP='-1',RESPONSE_LENGTH_HEADER='142016',REQUEST_PROTOCOL='h2',REQUEST_URL='https://oauth.reddit.com/r/announcements/hot/.json',
08-04 21:47:42.402  9688 12178 D OK      : request got status: 200
08-04 21:47:42.410  9688 10259 I PostListingFragment: Precaching images: OFF
08-04 21:47:42.410  9688 10259 I PostListingFragment: Precaching comments: OFF
08-04 21:47:42.658  9688  9701 I art     : Starting a blocking GC Explicit
08-04 21:47:42.726  9688  9701 I art     : Explicit concurrent mark sweep GC freed 11052(741KB) AllocSpace objects, 17(692KB) LOS objects, 32% free, 33MB/49MB, paused 1.028ms total 67.466ms
08-04 21:47:42.747  9688  9701 I art     : Starting a blocking GC Explicit
08-04 21:47:42.810  9688  9701 I art     : Explicit concurrent mark sweep GC freed 6177(342KB) AllocSpace objects, 8(760KB) LOS objects, 32% free, 33MB/49MB, paused 1.219ms total 63.193ms
08-04 21:47:42.831  9688  9701 I art     : Starting a blocking GC Explicit
08-04 21:47:42.892  9688  9701 I art     : Explicit concurrent mark sweep GC freed 5177(339KB) AllocSpace objects, 11(464KB) LOS objects, 31% free, 34MB/50MB, paused 735us total 60.334ms
08-04 21:47:42.911  9688  9701 I art     : Starting a blocking GC Explicit
08-04 21:47:42.964  9688  9701 I art     : Explicit concurrent mark sweep GC freed 60443(2MB) AllocSpace objects, 9(220KB) LOS objects, 33% free, 31MB/47MB, paused 963us total 52.433ms
08-04 21:47:42.982  9688  9701 I art     : Starting a blocking GC Explicit
08-04 21:47:43.026  9688  9688 W RecyclerView: Cannot call this method in a scroll callback. Scroll callbacks mightbe run during a measure & layout pass where you cannot change theRecyclerView data. Any method call that might change the structureof the RecyclerView or the adapter contents should be postponed tothe next frame.
08-04 21:47:43.026  9688  9688 W RecyclerView: java.lang.IllegalStateException:  androidx.recyclerview.widget.RecyclerView{d9962d5 VFED..... .F....ID 0,0-1440,2140 #7f0900ef app:id/scrollbar_recyclerview_recyclerview}, adapter:baseline.org.quantumbadger.redreader.adapters.GroupedRecyclerViewAdapter@c2a2aea, layout:androidx.recyclerview.widget.LinearLayoutManager@203c1db, context:baseline.org.quantumbadger.redreader.activities.PostListingActivity@a30370a
08-04 21:47:43.026  9688  9688 W RecyclerView: 	at androidx.recyclerview.widget.RecyclerView.assertNotInLayoutOrScroll(RecyclerView.java:3061)
08-04 21:47:43.026  9688  9688 W RecyclerView: 	at androidx.recyclerview.widget.RecyclerView$RecyclerViewDataObserver.onItemRangeInserted(RecyclerView.java:5555)
08-04 21:47:43.026  9688  9688 W RecyclerView: 	at androidx.recyclerview.widget.RecyclerView$AdapterDataObservable.notifyItemRangeInserted(RecyclerView.java:12278)
08-04 21:47:43.026  9688  9688 W RecyclerView: 	at androidx.recyclerview.widget.RecyclerView$Adapter.notifyItemInserted(RecyclerView.java:7464)
08-04 21:47:43.026  9688  9688 W RecyclerView: 	at baseline.org.quantumbadger.redreader.adapters.GroupedRecyclerViewAdapter.updateHiddenStatus(GroupedRecyclerViewAdapter.java:279)
08-04 21:47:43.026  9688  9688 W RecyclerView: 	at baseline.org.quantumbadger.redreader.adapters.RedditListingManager.setLoadingVisible(RedditListingManager.java:125)
08-04 21:47:43.026  9688  9688 W RecyclerView: 	at baseline.org.quantumbadger.redreader.fragments.PostListingFragment.onLoadMoreItemsCheck(PostListingFragment.java:465)
08-04 21:47:43.026  9688  9688 W RecyclerView: 	at baseline.org.quantumbadger.redreader.fragments.PostListingFragment.access$000(PostListingFragment.java:98)
08-04 21:47:43.026  9688  9688 W RecyclerView: 	at baseline.org.quantumbadger.redreader.fragments.PostListingFragment$2.onScrolled(PostListingFragment.java:215)
08-04 21:47:43.026  9688  9688 W RecyclerView: 	at androidx.recyclerview.widget.RecyclerView.dispatchOnScrolled(RecyclerView.java:5173)
08-04 21:47:43.026  9688  9688 W RecyclerView: 	at androidx.recyclerview.widget.RecyclerView.dispatchLayoutStep3(RecyclerView.java:4231)
08-04 21:47:43.026  9688  9688 W RecyclerView: 	at androidx.recyclerview.widget.RecyclerView.dispatchLayout(RecyclerView.java:3862)
08-04 21:47:43.026  9688  9688 W RecyclerView: 	at androidx.recyclerview.widget.RecyclerView.consumePendingUpdateOperations(RecyclerView.java:1897)
08-04 21:47:43.026  9688  9688 W RecyclerView: 	at androidx.recyclerview.widget.RecyclerView$1.run(RecyclerView.java:414)
08-04 21:47:43.026  9688  9688 W RecyclerView: 	at android.view.Choreographer$CallbackRecord.run(Choreographer.java:858)
08-04 21:47:43.026  9688  9688 W RecyclerView: 	at android.view.Choreographer.doCallbacks(Choreographer.java:670)
08-04 21:47:43.026  9688  9688 W RecyclerView: 	at android.view.Choreographer.doFrame(Choreographer.java:603)
08-04 21:47:43.026  9688  9688 W RecyclerView: 	at android.view.Choreographer$FrameDisplayEventReceiver.run(Choreographer.java:844)
08-04 21:47:43.026  9688  9688 W RecyclerView: 	at android.os.Handler.handleCallback(Handler.java:739)
08-04 21:47:43.026  9688  9688 W RecyclerView: 	at android.os.Handler.dispatchMessage(Handler.java:95)
08-04 21:47:43.026  9688  9688 W RecyclerView: 	at android.os.Looper.loop(Looper.java:148)
08-04 21:47:43.026  9688  9688 W RecyclerView: 	at android.app.ActivityThread.main(ActivityThread.java:5417)
08-04 21:47:43.026  9688  9688 W RecyclerView: 	at java.lang.reflect.Method.invoke(Native Method)
08-04 21:47:43.026  9688  9688 W RecyclerView: 	at com.android.internal.os.ZygoteInit$MethodAndArgsCaller.run(ZygoteInit.java:726)
08-04 21:47:43.026  9688  9688 W RecyclerView: 	at com.android.internal.os.ZygoteInit.main(ZygoteInit.java:616)
08-04 21:47:43.034  9688  9701 I art     : Explicit concurrent mark sweep GC freed 1480(136KB) AllocSpace objects, 0(0B) LOS objects, 33% free, 31MB/47MB, paused 1.220ms total 51.244ms
08-04 21:47:43.356  9688 12202 D OK      : calling: https://oauth.reddit.com/r/announcements/hot/.json?after=t3_9jf8nh
08-04 21:47:43.391  9688  9700 I art     : Starting a blocking GC Explicit
08-04 21:47:43.448  9688  9700 I art     : Explicit concurrent mark sweep GC freed 2025(109KB) AllocSpace objects, 1(20KB) LOS objects, 33% free, 31MB/47MB, paused 799us total 57.560ms
08-04 21:47:43.470  9688  9700 I art     : Starting a blocking GC Explicit
08-04 21:47:43.528  9688  9700 I art     : Explicit concurrent mark sweep GC freed 49(1824B) AllocSpace objects, 0(0B) LOS objects, 33% free, 31MB/47MB, paused 782us total 57.959ms
08-04 21:47:43.540  9688 12202 I NAPPA_EXPERIMENTATION: MetricNetworkRequestExecutionTime: REQUEST_DURATION_SYSTEM='184',REQUEST_DURATION_OKHTTP='175',REQUEST_SYNCHRONOUS='TRUE',RESPONSE_CODE='200',RESPONSE_METHOD='GET',RESPONSE_LENGTH_OKHTTP='-1',RESPONSE_LENGTH_HEADER='65685',REQUEST_PROTOCOL='h2',REQUEST_URL='https://oauth.reddit.com/r/announcements/hot/.json?after=t3_9jf8nh',
08-04 21:47:43.541  9688 12202 D OK      : request got status: 200
08-04 21:47:43.547  9688 10259 I PostListingFragment: Precaching images: OFF
08-04 21:47:43.547  9688 10259 I PostListingFragment: Precaching comments: OFF
08-04 21:47:43.551  9688  9700 I art     : Starting a blocking GC Explicit
08-04 21:47:43.605  9688  9700 I art     : Explicit concurrent mark sweep GC freed 2922(297KB) AllocSpace objects, 4(460KB) LOS objects, 33% free, 32MB/48MB, paused 912us total 53.497ms
08-04 21:47:43.623  9688  9700 I art     : Starting a blocking GC Explicit
08-04 21:47:43.678  9688  9700 I art     : Explicit concurrent mark sweep GC freed 4070(206KB) AllocSpace objects, 5(152KB) LOS objects, 32% free, 33MB/49MB, paused 1.105ms total 54.342ms
08-04 21:47:43.697  9688  9700 I art     : Starting a blocking GC Explicit
08-04 21:47:43.752  9688  9700 I art     : Explicit concurrent mark sweep GC freed 3671(159KB) AllocSpace objects, 1(68KB) LOS objects, 32% free, 33MB/49MB, paused 893us total 54.210ms
08-04 21:47:44.122  9688  9750 I art     : Starting a blocking GC Explicit
08-04 21:47:44.207  9688  9750 I art     : Explicit concurrent mark sweep GC freed 26601(1280KB) AllocSpace objects, 9(220KB) LOS objects, 33% free, 32MB/48MB, paused 701us total 84.159ms
08-04 21:47:44.231  9688  9750 I art     : Starting a blocking GC Explicit
08-04 21:47:44.288  9688  9750 I art     : Explicit concurrent mark sweep GC freed 974(40KB) AllocSpace objects, 0(0B) LOS objects, 33% free, 32MB/48MB, paused 634us total 56.887ms
08-04 21:47:44.308  9688  9750 I art     : Starting a blocking GC Explicit
08-04 21:47:44.360  9688  9750 I art     : Explicit concurrent mark sweep GC freed 16(688B) AllocSpace objects, 0(0B) LOS objects, 33% free, 32MB/48MB, paused 545us total 52.353ms
08-04 21:47:44.380  9688  9750 I art     : Starting a blocking GC Explicit
08-04 21:47:44.437  9688  9750 I art     : Explicit concurrent mark sweep GC freed 10(384B) AllocSpace objects, 0(0B) LOS objects, 33% free, 32MB/48MB, paused 516us total 56.216ms
08-04 21:47:44.457  9688  9750 I art     : Starting a blocking GC Explicit
08-04 21:47:44.513  9688  9750 I art     : Explicit concurrent mark sweep GC freed 3(96B) AllocSpace objects, 0(0B) LOS objects, 33% free, 32MB/48MB, paused 623us total 56.045ms
08-04 21:47:44.889  9688  9914 I art     : Starting a blocking GC Explicit
08-04 21:47:44.953  9688  9914 I art     : Explicit concurrent mark sweep GC freed 1355(82KB) AllocSpace objects, 1(20KB) LOS objects, 33% free, 32MB/48MB, paused 630us total 63.110ms
08-04 21:47:44.977  9688  9914 I art     : Starting a blocking GC Explicit
08-04 21:47:45.036  9688  9914 I art     : Explicit concurrent mark sweep GC freed 20(704B) AllocSpace objects, 0(0B) LOS objects, 33% free, 32MB/48MB, paused 555us total 58.754ms
08-04 21:47:45.059  9688  9914 I art     : Starting a blocking GC Explicit
08-04 21:47:45.114  9688  9914 I art     : Explicit concurrent mark sweep GC freed 3(96B) AllocSpace objects, 0(0B) LOS objects, 33% free, 32MB/48MB, paused 584us total 55.544ms
08-04 21:47:45.134  9688  9914 I art     : Starting a blocking GC Explicit
08-04 21:47:45.191  9688  9914 I art     : Explicit concurrent mark sweep GC freed 3(96B) AllocSpace objects, 0(0B) LOS objects, 33% free, 32MB/48MB, paused 576us total 56.038ms
08-04 21:47:45.210  9688  9914 I art     : Starting a blocking GC Explicit
08-04 21:47:45.264  9688  9914 I art     : Explicit concurrent mark sweep GC freed 3(96B) AllocSpace objects, 0(0B) LOS objects, 33% free, 32MB/48MB, paused 587us total 54.026ms
08-04 21:47:45.647  9688  9701 I art     : Starting a blocking GC Explicit
08-04 21:47:45.705  9688  9701 I art     : Explicit concurrent mark sweep GC freed 1357(83KB) AllocSpace objects, 1(20KB) LOS objects, 33% free, 32MB/48MB, paused 591us total 57.841ms
08-04 21:47:45.725  9688  9701 I art     : Starting a blocking GC Explicit
08-04 21:47:45.782  9688  9701 I art     : Explicit concurrent mark sweep GC freed 20(704B) AllocSpace objects, 0(0B) LOS objects, 33% free, 32MB/48MB, paused 595us total 56.461ms
08-04 21:47:45.801  9688  9701 I art     : Starting a blocking GC Explicit
08-04 21:47:45.859  9688  9701 I art     : Explicit concurrent mark sweep GC freed 3(96B) AllocSpace objects, 0(0B) LOS objects, 33% free, 32MB/48MB, paused 664us total 57.530ms
08-04 21:47:45.882  9688  9701 I art     : Starting a blocking GC Explicit
08-04 21:47:45.940  9688  9701 I art     : Explicit concurrent mark sweep GC freed 3(96B) AllocSpace objects, 0(0B) LOS objects, 33% free, 32MB/48MB, paused 629us total 58.012ms
08-04 21:47:45.962  9688  9701 I art     : Starting a blocking GC Explicit
08-04 21:47:46.020  9688  9701 I art     : Explicit concurrent mark sweep GC freed 3(96B) AllocSpace objects, 0(0B) LOS objects, 33% free, 32MB/48MB, paused 589us total 57.369ms
08-04 21:47:46.353  9688  9700 I art     : Starting a blocking GC Explicit
08-04 21:47:46.414  9688  9700 I art     : Explicit concurrent mark sweep GC freed 1354(82KB) AllocSpace objects, 1(20KB) LOS objects, 33% free, 32MB/48MB, paused 571us total 60.255ms
08-04 21:47:46.414  9688  9699 I art     : WaitForGcToComplete blocked for 21.208ms for cause HeapTrim
08-04 21:47:46.433  9688  9700 I art     : Starting a blocking GC Explicit
08-04 21:47:46.484  9688  9700 I art     : Explicit concurrent mark sweep GC freed 20(704B) AllocSpace objects, 0(0B) LOS objects, 33% free, 32MB/48MB, paused 570us total 50.464ms
08-04 21:47:46.503  9688  9700 I art     : Starting a blocking GC Explicit
08-04 21:47:46.556  9688  9700 I art     : Explicit concurrent mark sweep GC freed 3(96B) AllocSpace objects, 0(0B) LOS objects, 33% free, 32MB/48MB, paused 594us total 52.622ms
08-04 21:47:46.576  9688  9700 I art     : Starting a blocking GC Explicit
08-04 21:47:46.631  9688  9700 I art     : Explicit concurrent mark sweep GC freed 3(96B) AllocSpace objects, 0(0B) LOS objects, 33% free, 32MB/48MB, paused 584us total 54.482ms
08-04 21:47:46.650  9688  9700 I art     : Starting a blocking GC Explicit
08-04 21:47:46.703  9688  9700 I art     : Explicit concurrent mark sweep GC freed 3(96B) AllocSpace objects, 0(0B) LOS objects, 33% free, 32MB/48MB, paused 590us total 52.489ms
08-04 21:47:46.723 12233 12233 D AndroidRuntime: >>>>>> START com.android.internal.os.RuntimeInit uid 2000 <<<<<<
08-04 21:47:46.729 12233 12233 D AndroidRuntime: CheckJNI is OFF
08-04 21:47:46.773 12233 12233 D ICU     : No timezone override file found: /data/misc/zoneinfo/current/icu/icu_tzdata.dat
08-04 21:47:46.816  8505  8505 I ServiceManager: Waiting for service AtCmdFwd...
08-04 21:47:46.823 12233 12233 I Radio-JNI: register_android_hardware_Radio DONE
08-04 21:47:46.855 12233 12233 D AndroidRuntime: Calling main entry com.android.commands.input.Input
08-04 21:47:46.859 12233 12233 I Input   : injectMotionEvent: MotionEvent { action=ACTION_DOWN, actionButton=0, id[0]=0, x[0]=600.0, y[0]=580.0, toolType[0]=TOOL_TYPE_UNKNOWN, buttonState=0, metaState=0, flags=0x0, edgeFlags=0x0, pointerCount=1, historySize=0, eventTime=740883271, downTime=740883271, deviceId=0, source=0x1002 }
08-04 21:47:46.868 12233 12233 I Input   : injectMotionEvent: MotionEvent { action=ACTION_UP, actionButton=0, id[0]=0, x[0]=600.0, y[0]=580.0, toolType[0]=TOOL_TYPE_UNKNOWN, buttonState=0, metaState=0, flags=0x0, edgeFlags=0x0, pointerCount=1, historySize=0, eventTime=740883271, downTime=740883271, deviceId=0, source=0x1002 }
08-04 21:47:46.869 12233 12233 D AndroidRuntime: Shutting down VM
08-04 21:47:46.883   512  2967 D audio_hw_primary: out_set_parameters: enter: usecase(1: low-latency-playback) kvpairs: routing=2
08-04 21:47:46.885   918  6111 I ActivityManager: START u0 {cmp=baseline.org.quantumbadger.redreader/.activities.WebViewActivity (has extras)} from uid 10666 on display 0
08-04 21:47:46.896   512  2967 D audio_hw_primary: select_devices: out_snd_device(2: speaker) in_snd_device(0: none)
08-04 21:47:46.896   512  2967 D msm8974_platform: platform_send_audio_calibration: sending audio calibration for snd_device(2) acdb_id(15)
08-04 21:47:46.896   512  2967 I soundtrigger: audio_extn_sound_trigger_update_device_status: device 0x2 of type 0 for Event 1
08-04 21:47:46.908   512  2967 D audio_hw_primary: enable_snd_device: snd_device(2: speaker)
08-04 21:47:46.910  9688  9688 I AppCompatViewInflater: app:theme is now deprecated. Please move to using android:theme instead.
08-04 21:47:46.912   512  2967 D audio_hw_primary: enable_audio_route: apply and update mixer path: low-latency-playback speaker
08-04 21:47:46.931   918   929 D ConnectivityService: listenForNetwork for Listen from uid/pid:10666/9688 for NetworkRequest [ id=2949, legacyType=-1, [ Capabilities: INTERNET&NOT_RESTRICTED&TRUSTED] ]
08-04 21:47:47.048  9688  9750 I art     : Starting a blocking GC Explicit
08-04 21:47:47.065 13866 13866 I GoogleInputMethodServic: GoogleInputMethodService.onFinishInput():3138 
08-04 21:47:47.065   918   936 I ActivityManager: Displayed baseline.org.quantumbadger.redreader/.activities.WebViewActivity: +171ms
08-04 21:47:47.066 13866 13866 I GoogleInputMethodServic: GoogleInputMethodService.onStartInput():1808 
08-04 21:47:47.102  9688  9750 I art     : Explicit concurrent mark sweep GC freed 5885(310KB) AllocSpace objects, 1(20KB) LOS objects, 33% free, 32MB/48MB, paused 619us total 53.024ms
08-04 21:47:47.121  9688  9750 I art     : Starting a blocking GC Explicit
08-04 21:47:47.165  9688  9750 I art     : Explicit concurrent mark sweep GC freed 7291(828KB) AllocSpace objects, 17(2MB) LOS objects, 35% free, 29MB/45MB, paused 450us total 43.941ms
08-04 21:47:47.183  9688  9750 I art     : Starting a blocking GC Explicit
08-04 21:47:47.233  9688  9750 I art     : Explicit concurrent mark sweep GC freed 7(240B) AllocSpace objects, 0(0B) LOS objects, 35% free, 29MB/45MB, paused 1.066ms total 50.098ms
08-04 21:47:47.253  9688  9750 I art     : Starting a blocking GC Explicit
08-04 21:47:47.300  9688  9750 I art     : Explicit concurrent mark sweep GC freed 124(7KB) AllocSpace objects, 0(0B) LOS objects, 35% free, 29MB/45MB, paused 617us total 46.509ms
08-04 21:47:47.323  9688  9750 I art     : Starting a blocking GC Explicit
08-04 21:47:47.325   380   380 W SurfaceFlinger: couldn't log to binary event log: overflow.
08-04 21:47:47.374  9688  9750 I art     : Explicit concurrent mark sweep GC freed 632(37KB) AllocSpace objects, 0(0B) LOS objects, 35% free, 29MB/45MB, paused 811us total 51.610ms
08-04 21:47:47.445  9688 12179 I RedditChangeDataIO: Writing tmp data file at '/data/user/0/baseline.org.quantumbadger.redreader/files/rr_change_data_tmp.dat'
08-04 21:47:47.445  9688 12179 I RedditChangeDataManager: Taking snapshot...
08-04 21:47:47.445  9688 12179 I RedditChangeDataManager: Writing to stream...
08-04 21:47:47.445  9688 12179 I RedditChangeDataManager: Wrote 5 entries for user ''
08-04 21:47:47.445  9688 12179 I RedditChangeDataManager: All entries written to stream.
08-04 21:47:47.446  9688 12179 I RedditChangeDataIO: Write successful. Atomically replacing data file...
08-04 21:47:47.446  9688 12179 I RedditChangeDataIO: Write complete.
08-04 21:47:47.446  9688 12179 I RedditChangeDataIO: 134 bytes written in 2 ms
08-04 21:47:47.448   512  2967 D audio_hw_primary: disable_audio_route: reset and update mixer path: low-latency-playback speaker
08-04 21:47:47.449   512  2967 D audio_hw_primary: disable_snd_device: snd_device(2: speaker)
08-04 21:47:47.458   512  2967 I soundtrigger: audio_extn_sound_trigger_update_device_status: device 0x2 of type 0 for Event 0
08-04 21:47:47.755  9688  9914 I art     : Starting a blocking GC Explicit
08-04 21:47:47.807  9688  9914 I art     : Explicit concurrent mark sweep GC freed 1647(96KB) AllocSpace objects, 2(88KB) LOS objects, 35% free, 29MB/45MB, paused 610us total 51.682ms
08-04 21:47:47.816  8505  8505 I ServiceManager: Waiting for service AtCmdFwd...
08-04 21:47:47.828  9688  9914 I art     : Starting a blocking GC Explicit
08-04 21:47:47.883  9688  9914 I art     : Explicit concurrent mark sweep GC freed 33(1120B) AllocSpace objects, 0(0B) LOS objects, 35% free, 29MB/45MB, paused 491us total 54.542ms
08-04 21:47:47.905  9688  9914 I art     : Starting a blocking GC Explicit
08-04 21:47:47.961  9688  9914 I art     : Explicit concurrent mark sweep GC freed 11(352B) AllocSpace objects, 0(0B) LOS objects, 35% free, 29MB/45MB, paused 721us total 56.225ms
08-04 21:47:47.982  9688  9914 I art     : Starting a blocking GC Explicit
08-04 21:47:48.030  9688  9914 I art     : Explicit concurrent mark sweep GC freed 13(416B) AllocSpace objects, 0(0B) LOS objects, 35% free, 29MB/45MB, paused 486us total 47.815ms
08-04 21:47:48.053  9688  9914 I art     : Starting a blocking GC Explicit
08-04 21:47:48.108  9688  9914 I art     : Explicit concurrent mark sweep GC freed 11(352B) AllocSpace objects, 0(0B) LOS objects, 35% free, 29MB/45MB, paused 796us total 54.512ms
08-04 21:47:48.337  9688  9688 I chromium: [INFO:CONSOLE(1)] "
08-04 21:47:48.337  9688  9688 I chromium:                   ,d"=,.,qOp,
08-04 21:47:48.337  9688  9688 I chromium:                  ,7'  ''$(  )
08-04 21:47:48.337  9688  9688 I chromium:                 ,7'      '?q$7'
08-04 21:47:48.337  9688  9688 I chromium:              ..,$$,.
08-04 21:47:48.337  9688  9688 I chromium:    ,.  .,,--***""***--,,.  .,
08-04 21:47:48.337  9688  9688 I chromium:     ,p''              ''q,   
08-04 21:47:48.337  9688  9688 I chromium: :  ,7'                      '7,  :
08-04 21:47:48.337  9688  9688 I chromium:  ' $      ,db,      ,db,      $ '
08-04 21:47:48.337  9688  9688 I chromium:   '$      $$      $$      $'    Using Reddit at work? Work for Reddit.
08-04 21:47:48.337  9688  9688 I chromium:   '$                          $'        https://www.reddit.com/jobs
08-04 21:47:48.337  9688  9688 I chromium:    '$.     .,        ,.     .$'
08-04 21:47:48.337  9688  9688 I chromium:     'b,     ''     ,d'
08-04 21:47:48.337  9688  9688 I chromium:      '?bn,,          ,,nd?'
08-04 21:47:48.337  9688  9688 I chromium:        ,7$ '''' $7,
08-04 21:47:48.337  9688  9688 I chromium:      , $              $ ,
08-04 21:47:48.337  9688  9688 I chromium:      $  :$              $:  $
08-04 21:47:48.337  9688  9688 I chromium:      $   $              $   $
08-04 21:47:48.337  9688  9688 I chromium:      'b  q:            :p  d'
08-04 21:47:48.337  9688  9688 I chromium:       '?$.          .$?'
08-04 21:47:48.337  9688  9688 I chromium:          'b            d'
08-04 21:47:48.337  9688  9688 I chromium:        ,'?,.      .,?',
08-04 21:47:48.337  9688  9688 I chromium:       ==--==--==--==
08-04 21:47:48.337  9688  9688 I chromium: ", source: https://www.redditstatic.com/desktop2x/Chat~Governance~Reddit.2ea93b134a9b2e5b1d9a.js (1)
08-04 21:47:48.490  9688  9700 I art     : Starting a blocking GC Explicit
08-04 21:47:48.546  9688  9700 I art     : Explicit concurrent mark sweep GC freed 1413(86KB) AllocSpace objects, 1(20KB) LOS objects, 35% free, 29MB/45MB, paused 856us total 56.074ms
08-04 21:47:48.569  9688  9700 I art     : Starting a blocking GC Explicit
08-04 21:47:48.618  9688  9700 I art     : Explicit concurrent mark sweep GC freed 43(1520B) AllocSpace objects, 0(0B) LOS objects, 35% free, 29MB/45MB, paused 519us total 48.975ms
08-04 21:47:48.640  9688  9700 I art     : Starting a blocking GC Explicit
08-04 21:47:48.698  9688  9700 I art     : Explicit concurrent mark sweep GC freed 21(672B) AllocSpace objects, 0(0B) LOS objects, 35% free, 29MB/45MB, paused 1.030ms total 57.438ms
08-04 21:47:48.720  9688  9700 I art     : Starting a blocking GC Explicit
08-04 21:47:48.776  9688  9700 I art     : Explicit concurrent mark sweep GC freed 298(44KB) AllocSpace objects, 0(0B) LOS objects, 35% free, 29MB/45MB, paused 611us total 55.813ms
08-04 21:47:48.799  9688  9700 I art     : Starting a blocking GC Explicit
08-04 21:47:48.817  8505  8505 I ServiceManager: Waiting for service AtCmdFwd...
08-04 21:47:48.852  9688  9700 I art     : Explicit concurrent mark sweep GC freed 86(2848B) AllocSpace objects, 0(0B) LOS objects, 35% free, 29MB/45MB, paused 470us total 53.521ms
08-04 21:47:49.213  9688  9688 E chromium: [ERROR:page_load_metrics_update_dispatcher.cc(165)] Invalid first_paint 0.599 s for first_image_paint 0.586 s
08-04 21:47:49.233  9688  9750 I art     : Starting a blocking GC Explicit
08-04 21:47:49.275  9688  9750 I art     : Explicit concurrent mark sweep GC freed 1569(95KB) AllocSpace objects, 1(20KB) LOS objects, 35% free, 29MB/45MB, paused 452us total 42.356ms
08-04 21:47:49.294  9688  9750 I art     : Starting a blocking GC Explicit
08-04 21:47:49.339  9688  9750 I art     : Explicit concurrent mark sweep GC freed 20(704B) AllocSpace objects, 0(0B) LOS objects, 35% free, 29MB/45MB, paused 495us total 45.340ms
08-04 21:47:49.357  9688  9750 I art     : Starting a blocking GC Explicit
08-04 21:47:49.400   518   646 I ThermalEngine: ACTION: GPU - Setting GPU[0] to 390000000
08-04 21:47:49.430  9688  9750 I art     : Explicit concurrent mark sweep GC freed 3(96B) AllocSpace objects, 0(0B) LOS objects, 35% free, 29MB/45MB, paused 1.745ms total 72.023ms
08-04 21:47:49.455  9688  9750 I art     : Starting a blocking GC Explicit
08-04 21:47:49.523  9688  9750 I art     : Explicit concurrent mark sweep GC freed 3(96B) AllocSpace objects, 0(0B) LOS objects, 35% free, 29MB/45MB, paused 1.260ms total 67.539ms
08-04 21:47:49.549  9688  9750 I art     : Starting a blocking GC Explicit
08-04 21:47:49.615  9688  9750 I art     : Explicit concurrent mark sweep GC freed 7(208B) AllocSpace objects, 0(0B) LOS objects, 35% free, 29MB/45MB, paused 1.780ms total 65.216ms
08-04 21:47:49.817  8505  8505 I ServiceManager: Waiting for service AtCmdFwd...
08-04 21:47:50.027  9688  9914 I art     : Starting a blocking GC Explicit
08-04 21:47:50.084  9688  9914 I art     : Explicit concurrent mark sweep GC freed 1405(87KB) AllocSpace objects, 1(20KB) LOS objects, 35% free, 29MB/45MB, paused 966us total 56.803ms
08-04 21:47:50.108  9688  9914 I art     : Starting a blocking GC Explicit
08-04 21:47:50.160  9688  9914 I art     : Explicit concurrent mark sweep GC freed 27(912B) AllocSpace objects, 0(0B) LOS objects, 35% free, 29MB/45MB, paused 651us total 51.766ms
08-04 21:47:50.185  9688  9914 I art     : Starting a blocking GC Explicit
08-04 21:47:50.232  9688  9688 E chromium: [ERROR:page_load_metrics_update_dispatcher.cc(165)] Invalid first_paint 0.599 s for first_image_paint 0.586 s
08-04 21:47:50.248  9688  9914 I art     : Explicit concurrent mark sweep GC freed 3(96B) AllocSpace objects, 0(0B) LOS objects, 35% free, 29MB/45MB, paused 832us total 63.197ms
08-04 21:47:50.274  9688  9914 I art     : Starting a blocking GC Explicit
08-04 21:47:50.340  9688  9914 I art     : Explicit concurrent mark sweep GC freed 3(96B) AllocSpace objects, 0(0B) LOS objects, 35% free, 29MB/45MB, paused 742us total 65.608ms
08-04 21:47:50.364  9688  9914 I art     : Starting a blocking GC Explicit
08-04 21:47:50.430  9688  9914 I art     : Explicit concurrent mark sweep GC freed 3(96B) AllocSpace objects, 0(0B) LOS objects, 35% free, 29MB/45MB, paused 618us total 65.801ms
08-04 21:47:50.818  8505  8505 I ServiceManager: Waiting for service AtCmdFwd...
08-04 21:47:50.849  9688  9750 I art     : Starting a blocking GC Explicit
08-04 21:47:50.915  9688  9750 I art     : Explicit concurrent mark sweep GC freed 1357(82KB) AllocSpace objects, 1(20KB) LOS objects, 35% free, 29MB/45MB, paused 1.359ms total 64.941ms
08-04 21:47:50.945  9688  9750 I art     : Starting a blocking GC Explicit
08-04 21:47:51.004  9688  9750 I art     : Explicit concurrent mark sweep GC freed 20(704B) AllocSpace objects, 0(0B) LOS objects, 35% free, 29MB/45MB, paused 835us total 58.470ms
08-04 21:47:51.038  9688  9750 I art     : Starting a blocking GC Explicit
08-04 21:47:51.097  9688  9750 I art     : Explicit concurrent mark sweep GC freed 3(96B) AllocSpace objects, 0(0B) LOS objects, 35% free, 29MB/45MB, paused 850us total 58.629ms
08-04 21:47:51.129  9688  9750 I art     : Starting a blocking GC Explicit
08-04 21:47:51.185  9688  9750 I art     : Explicit concurrent mark sweep GC freed 3(96B) AllocSpace objects, 0(0B) LOS objects, 35% free, 29MB/45MB, paused 1.005ms total 56.121ms
08-04 21:47:51.211  9688  9750 I art     : Starting a blocking GC Explicit
08-04 21:47:51.268  9688  9750 I art     : Explicit concurrent mark sweep GC freed 3(96B) AllocSpace objects, 0(0B) LOS objects, 35% free, 29MB/45MB, paused 1.060ms total 56.975ms
08-04 21:47:51.712  9688  9750 I art     : Starting a blocking GC Explicit
08-04 21:47:51.774  9688  9750 I art     : Explicit concurrent mark sweep GC freed 1357(82KB) AllocSpace objects, 1(20KB) LOS objects, 35% free, 29MB/45MB, paused 827us total 61.291ms
08-04 21:47:51.799  9688  9750 I art     : Starting a blocking GC Explicit
08-04 21:47:51.819  8505  8505 W Atfwd_Sendcmd: AtCmdFwd service not published, waiting... retryCnt : 3
08-04 21:47:51.861  9688  9750 I art     : Explicit concurrent mark sweep GC freed 20(704B) AllocSpace objects, 0(0B) LOS objects, 35% free, 29MB/45MB, paused 795us total 61.670ms
08-04 21:47:51.874 12319 12319 D AndroidRuntime: >>>>>> START com.android.internal.os.RuntimeInit uid 2000 <<<<<<
08-04 21:47:51.880 12319 12319 D AndroidRuntime: CheckJNI is OFF
08-04 21:47:51.887  9688  9750 I art     : Starting a blocking GC Explicit
08-04 21:47:51.946 12319 12319 D ICU     : No timezone override file found: /data/misc/zoneinfo/current/icu/icu_tzdata.dat
08-04 21:47:51.948  9688  9750 I art     : Explicit concurrent mark sweep GC freed 3(96B) AllocSpace objects, 0(0B) LOS objects, 35% free, 29MB/45MB, paused 798us total 61.558ms
08-04 21:47:51.973  9688  9750 I art     : Starting a blocking GC Explicit
08-04 21:47:51.993 12319 12319 I Radio-JNI: register_android_hardware_Radio DONE
08-04 21:47:52.032 12319 12319 D AndroidRuntime: Calling main entry com.android.commands.input.Input
08-04 21:47:52.034 12319 12319 I Input   : injectKeyEvent: KeyEvent { action=ACTION_DOWN, keyCode=KEYCODE_BACK, scanCode=0, metaState=0, flags=0x0, repeatCount=0, eventTime=740888447, downTime=740888447, deviceId=-1, source=0x101 }
08-04 21:47:52.037  9688  9750 I art     : Explicit concurrent mark sweep GC freed 3(96B) AllocSpace objects, 0(0B) LOS objects, 35% free, 29MB/45MB, paused 819us total 64.255ms
08-04 21:47:52.042 12319 12319 I Input   : injectKeyEvent: KeyEvent { action=ACTION_UP, keyCode=KEYCODE_BACK, scanCode=0, metaState=0, flags=0x0, repeatCount=0, eventTime=740888447, downTime=740888447, deviceId=-1, source=0x101 }
08-04 21:47:52.049 12319 12319 D AndroidRuntime: Shutting down VM
08-04 21:47:52.083  9688  9750 I art     : Starting a blocking GC Explicit
08-04 21:47:52.111 13866 13866 I GoogleInputMethodServic: GoogleInputMethodService.onFinishInput():3138 
08-04 21:47:52.111 13866 13866 I GoogleInputMethodServic: GoogleInputMethodService.onStartInput():1808 
08-04 21:47:52.164  9688  9750 I art     : Explicit concurrent mark sweep GC freed 252(8KB) AllocSpace objects, 0(0B) LOS objects, 35% free, 29MB/45MB, paused 931us total 81.314ms
08-04 21:47:52.447   380   380 W SurfaceFlinger: couldn't log to binary event log: overflow.
08-04 21:47:52.514   918  3263 D ConnectivityService: releasing NetworkRequest NetworkRequest [ id=2949, legacyType=-1, [ Capabilities: INTERNET&NOT_RESTRICTED&TRUSTED] ]
08-04 21:47:52.616  9688  9700 I art     : Starting a blocking GC Explicit
08-04 21:47:52.678  9688  9700 I art     : Explicit concurrent mark sweep GC freed 2323(128KB) AllocSpace objects, 1(20KB) LOS objects, 35% free, 29MB/45MB, paused 787us total 61.619ms
08-04 21:47:52.707  9688  9700 I art     : Starting a blocking GC Explicit
08-04 21:47:52.759  9688  9700 I art     : Explicit concurrent mark sweep GC freed 2114(124KB) AllocSpace objects, 1(28KB) LOS objects, 35% free, 29MB/45MB, paused 668us total 51.791ms
08-04 21:47:52.782  9688  9700 I art     : Starting a blocking GC Explicit
08-04 21:47:52.845  9688  9700 I art     : Explicit concurrent mark sweep GC freed 3(96B) AllocSpace objects, 0(0B) LOS objects, 35% free, 29MB/45MB, paused 866us total 62.339ms
08-04 21:47:52.875  9688  9700 I art     : Starting a blocking GC Explicit
08-04 21:47:52.940  9688  9700 I art     : Explicit concurrent mark sweep GC freed 3(96B) AllocSpace objects, 0(0B) LOS objects, 35% free, 29MB/45MB, paused 922us total 64.816ms
08-04 21:47:52.971  9688  9700 I art     : Starting a blocking GC Explicit
08-04 21:47:53.043  9688  9700 I art     : Explicit concurrent mark sweep GC freed 3(96B) AllocSpace objects, 0(0B) LOS objects, 35% free, 29MB/45MB, paused 995us total 71.561ms
08-04 21:47:53.399   518   646 I ThermalEngine: ACTION: GPU - Setting GPU[0] to 450000000
08-04 21:47:53.423  9688  9701 I art     : Starting a blocking GC Explicit
08-04 21:47:53.470  9688  9701 I art     : Explicit concurrent mark sweep GC freed 1357(82KB) AllocSpace objects, 1(20KB) LOS objects, 35% free, 29MB/45MB, paused 476us total 46.961ms
08-04 21:47:53.488  9688  9701 I art     : Starting a blocking GC Explicit
08-04 21:47:53.533  9688  9701 I art     : Explicit concurrent mark sweep GC freed 20(704B) AllocSpace objects, 0(0B) LOS objects, 35% free, 29MB/45MB, paused 469us total 44.884ms
08-04 21:47:53.552  9688  9701 I art     : Starting a blocking GC Explicit
08-04 21:47:53.598  9688  9701 I art     : Explicit concurrent mark sweep GC freed 3(96B) AllocSpace objects, 0(0B) LOS objects, 35% free, 29MB/45MB, paused 513us total 46.218ms
08-04 21:47:53.617  9688  9701 I art     : Starting a blocking GC Explicit
08-04 21:47:53.665  9688  9701 I art     : Explicit concurrent mark sweep GC freed 3(96B) AllocSpace objects, 0(0B) LOS objects, 35% free, 29MB/45MB, paused 504us total 48.032ms
08-04 21:47:53.684  9688  9701 I art     : Starting a blocking GC Explicit
08-04 21:47:53.734  9688  9701 I art     : Explicit concurrent mark sweep GC freed 3(96B) AllocSpace objects, 0(0B) LOS objects, 35% free, 29MB/45MB, paused 536us total 49.416ms
08-04 21:47:53.844 12361 12361 D AndroidRuntime: >>>>>> START com.android.internal.os.RuntimeInit uid 2000 <<<<<<
08-04 21:47:53.850 12361 12361 D AndroidRuntime: CheckJNI is OFF
08-04 21:47:53.897 12361 12361 D ICU     : No timezone override file found: /data/misc/zoneinfo/current/icu/icu_tzdata.dat
08-04 21:47:53.943 12361 12361 I Radio-JNI: register_android_hardware_Radio DONE
08-04 21:47:53.971 12361 12361 D AndroidRuntime: Calling main entry com.android.commands.input.Input
08-04 21:47:53.973 12361 12361 I Input   : injectKeyEvent: KeyEvent { action=ACTION_DOWN, keyCode=KEYCODE_BACK, scanCode=0, metaState=0, flags=0x0, repeatCount=0, eventTime=740890386, downTime=740890386, deviceId=-1, source=0x101 }
08-04 21:47:53.979 12361 12361 I Input   : injectKeyEvent: KeyEvent { action=ACTION_UP, keyCode=KEYCODE_BACK, scanCode=0, metaState=0, flags=0x0, repeatCount=0, eventTime=740890386, downTime=740890386, deviceId=-1, source=0x101 }
08-04 21:47:53.986 12361 12361 D AndroidRuntime: Shutting down VM
08-04 21:47:54.034 13866 13866 I GoogleInputMethodServic: GoogleInputMethodService.onFinishInput():3138 
08-04 21:47:54.035 13866 13866 I GoogleInputMethodServic: GoogleInputMethodService.onStartInput():1808 
08-04 21:47:54.096  9688  9750 I art     : Starting a blocking GC Explicit
08-04 21:47:54.139  9688  9750 I art     : Explicit concurrent mark sweep GC freed 1535(88KB) AllocSpace objects, 1(20KB) LOS objects, 35% free, 29MB/45MB, paused 429us total 42.724ms
08-04 21:47:54.156  9688  9750 I art     : Starting a blocking GC Explicit
08-04 21:47:54.205  9688  9750 I art     : Explicit concurrent mark sweep GC freed 24(864B) AllocSpace objects, 0(0B) LOS objects, 35% free, 29MB/45MB, paused 601us total 48.126ms
08-04 21:47:54.225  9688  9750 I art     : Starting a blocking GC Explicit
08-04 21:47:54.280  9688  9750 I art     : Explicit concurrent mark sweep GC freed 3(96B) AllocSpace objects, 0(0B) LOS objects, 35% free, 29MB/45MB, paused 460us total 55.218ms
08-04 21:47:54.304  9688  9750 I art     : Starting a blocking GC Explicit
08-04 21:47:54.358  9688  9750 I art     : Explicit concurrent mark sweep GC freed 33(944B) AllocSpace objects, 0(0B) LOS objects, 35% free, 29MB/45MB, paused 4.348ms total 53.907ms
08-04 21:47:54.378  9688  9750 I art     : Starting a blocking GC Explicit
08-04 21:47:54.422  9688  9750 I art     : Explicit concurrent mark sweep GC freed 38(1632B) AllocSpace objects, 0(0B) LOS objects, 35% free, 29MB/45MB, paused 499us total 43.112ms
08-04 21:47:54.765  9688  9700 I art     : Starting a blocking GC Explicit
08-04 21:47:54.827  9688  9700 I art     : Explicit concurrent mark sweep GC freed 1486(89KB) AllocSpace objects, 1(20KB) LOS objects, 35% free, 29MB/45MB, paused 573us total 61.504ms
08-04 21:47:54.850  9688  9700 I art     : Starting a blocking GC Explicit
08-04 21:47:54.898  9688  9700 I art     : Explicit concurrent mark sweep GC freed 20(704B) AllocSpace objects, 0(0B) LOS objects, 35% free, 29MB/45MB, paused 550us total 47.872ms
08-04 21:47:54.917  9688  9700 I art     : Starting a blocking GC Explicit
08-04 21:47:54.964  9688  9700 I art     : Explicit concurrent mark sweep GC freed 3(96B) AllocSpace objects, 0(0B) LOS objects, 35% free, 29MB/45MB, paused 513us total 47.079ms
08-04 21:47:54.983  9688  9700 I art     : Starting a blocking GC Explicit
08-04 21:47:55.000   918  3261 D WifiStateMachine: starting scan for "H369AA63323"WPA_PSK with 2412,5180
08-04 21:47:55.030  9688  9700 I art     : Explicit concurrent mark sweep GC freed 3(96B) AllocSpace objects, 0(0B) LOS objects, 35% free, 29MB/45MB, paused 508us total 46.763ms
08-04 21:47:55.050  9688  9700 I art     : Starting a blocking GC Explicit
08-04 21:47:55.096  9688  9700 I art     : Explicit concurrent mark sweep GC freed 3(96B) AllocSpace objects, 0(0B) LOS objects, 35% free, 29MB/45MB, paused 520us total 46.399ms
08-04 21:47:55.443  9688  9701 I art     : Starting a blocking GC Explicit
08-04 21:47:55.502  9688  9701 I art     : Explicit concurrent mark sweep GC freed 1356(82KB) AllocSpace objects, 1(20KB) LOS objects, 35% free, 29MB/45MB, paused 817us total 58.336ms
08-04 21:47:55.528  9688  9701 I art     : Starting a blocking GC Explicit
08-04 21:47:55.584  9688  9701 I art     : Explicit concurrent mark sweep GC freed 20(704B) AllocSpace objects, 0(0B) LOS objects, 35% free, 29MB/45MB, paused 732us total 55.659ms
08-04 21:47:55.610  9688  9701 I art     : Starting a blocking GC Explicit
08-04 21:47:55.662  9688  9701 I art     : Explicit concurrent mark sweep GC freed 3(96B) AllocSpace objects, 0(0B) LOS objects, 35% free, 29MB/45MB, paused 518us total 51.630ms
08-04 21:47:55.680  9688  9701 I art     : Starting a blocking GC Explicit
08-04 21:47:55.726  9688  9701 I art     : Explicit concurrent mark sweep GC freed 3(96B) AllocSpace objects, 0(0B) LOS objects, 35% free, 29MB/45MB, paused 507us total 45.205ms
08-04 21:47:55.744 12396 12396 D AndroidRuntime: >>>>>> START com.android.internal.os.RuntimeInit uid 2000 <<<<<<
08-04 21:47:55.745  9688  9701 I art     : Starting a blocking GC Explicit
08-04 21:47:55.751 12396 12396 D AndroidRuntime: CheckJNI is OFF
08-04 21:47:55.793  9688  9701 I art     : Explicit concurrent mark sweep GC freed 3(96B) AllocSpace objects, 0(0B) LOS objects, 35% free, 29MB/45MB, paused 538us total 47.788ms
08-04 21:47:55.795 12396 12396 D ICU     : No timezone override file found: /data/misc/zoneinfo/current/icu/icu_tzdata.dat
08-04 21:47:55.843 12396 12396 I Radio-JNI: register_android_hardware_Radio DONE
08-04 21:47:55.872 12396 12396 D AndroidRuntime: Calling main entry com.android.commands.input.Input
08-04 21:47:55.874 12396 12396 I Input   : injectMotionEvent: MotionEvent { action=ACTION_DOWN, actionButton=0, id[0]=0, x[0]=600.0, y[0]=1733.0, toolType[0]=TOOL_TYPE_UNKNOWN, buttonState=0, metaState=0, flags=0x0, edgeFlags=0x0, pointerCount=1, historySize=0, eventTime=740892286, downTime=740892286, deviceId=0, source=0x1002 }
08-04 21:47:55.882 12396 12396 I Input   : injectMotionEvent: MotionEvent { action=ACTION_UP, actionButton=0, id[0]=0, x[0]=600.0, y[0]=1733.0, toolType[0]=TOOL_TYPE_UNKNOWN, buttonState=0, metaState=0, flags=0x0, edgeFlags=0x0, pointerCount=1, historySize=0, eventTime=740892286, downTime=740892286, deviceId=0, source=0x1002 }
08-04 21:47:55.884 12396 12396 D AndroidRuntime: Shutting down VM
08-04 21:47:55.890   918  4413 I ActivityManager: START u0 {dat=https://oauth.reddit.com/... cmp=baseline.org.quantumbadger.redreader/.activities.PostListingActivity} from uid 10666 on display 0
08-04 21:47:55.891   512  2967 D audio_hw_primary: out_set_parameters: enter: usecase(1: low-latency-playback) kvpairs: routing=2
08-04 21:47:55.904   512  2967 D audio_hw_primary: select_devices: out_snd_device(2: speaker) in_snd_device(0: none)
08-04 21:47:55.904   512  2967 D msm8974_platform: platform_send_audio_calibration: sending audio calibration for snd_device(2) acdb_id(15)
08-04 21:47:55.905   512  2967 I soundtrigger: audio_extn_sound_trigger_update_device_status: device 0x2 of type 0 for Event 1
08-04 21:47:55.915  9688  9688 I AppCompatViewInflater: app:theme is now deprecated. Please move to using android:theme instead.
08-04 21:47:55.918   512  2967 D audio_hw_primary: enable_snd_device: snd_device(2: speaker)
08-04 21:47:55.921   512  2967 D audio_hw_primary: enable_audio_route: apply and update mixer path: low-latency-playback speaker
08-04 21:47:55.944  9688 12423 D OK      : calling: https://oauth.reddit.com/r/aww/about.json
08-04 21:47:55.999   918   936 I ActivityManager: Displayed baseline.org.quantumbadger.redreader/.activities.PostListingActivity: +98ms
08-04 21:47:56.000 13866 13866 I GoogleInputMethodServic: GoogleInputMethodService.onFinishInput():3138 
08-04 21:47:56.001 13866 13866 I GoogleInputMethodServic: GoogleInputMethodService.onStartInput():1808 
08-04 21:47:56.105  9688  9750 I art     : Starting a blocking GC Explicit
08-04 21:47:56.158  9688  9750 I art     : Explicit concurrent mark sweep GC freed 4981(265KB) AllocSpace objects, 1(20KB) LOS objects, 35% free, 29MB/45MB, paused 574us total 52.421ms
08-04 21:47:56.178  9688  9750 I art     : Starting a blocking GC Explicit
08-04 21:47:56.237  9688  9750 I art     : Explicit concurrent mark sweep GC freed 814(47KB) AllocSpace objects, 0(0B) LOS objects, 35% free, 29MB/45MB, paused 880us total 58.954ms
08-04 21:47:56.238  9688 12423 I NAPPA_EXPERIMENTATION: MetricNetworkRequestExecutionTime: REQUEST_DURATION_SYSTEM='294',REQUEST_DURATION_OKHTTP='144',REQUEST_SYNCHRONOUS='TRUE',RESPONSE_CODE='200',RESPONSE_METHOD='GET',RESPONSE_LENGTH_OKHTTP='-1',RESPONSE_LENGTH_HEADER='3478',REQUEST_PROTOCOL='h2',REQUEST_URL='https://oauth.reddit.com/r/aww/about.json',
08-04 21:47:56.238  9688 12423 D OK      : request got status: 200
08-04 21:47:56.251   380   380 W SurfaceFlinger: couldn't log to binary event log: overflow.
08-04 21:47:56.259  9688  9750 I art     : Starting a blocking GC Explicit
08-04 21:47:56.302  9688  9750 I art     : Explicit concurrent mark sweep GC freed 964(149KB) AllocSpace objects, 1(68KB) LOS objects, 35% free, 29MB/45MB, paused 543us total 42.837ms
08-04 21:47:56.320  9688  9750 I art     : Starting a blocking GC Explicit
08-04 21:47:56.364  9688  9750 I art     : Explicit concurrent mark sweep GC freed 613(44KB) AllocSpace objects, 1(68KB) LOS objects, 35% free, 29MB/45MB, paused 520us total 44.049ms
08-04 21:47:56.382  9688  9750 I art     : Starting a blocking GC Explicit
08-04 21:47:56.431  9688  9750 I art     : Explicit concurrent mark sweep GC freed 85(2784B) AllocSpace objects, 0(0B) LOS objects, 35% free, 29MB/45MB, paused 566us total 48.333ms
08-04 21:47:56.458   512  2967 D audio_hw_primary: disable_audio_route: reset and update mixer path: low-latency-playback speaker
08-04 21:47:56.459   512  2967 D audio_hw_primary: disable_snd_device: snd_device(2: speaker)
08-04 21:47:56.467   512  2967 I soundtrigger: audio_extn_sound_trigger_update_device_status: device 0x2 of type 0 for Event 0
08-04 21:47:56.767  9688  9914 I art     : Starting a blocking GC Explicit
08-04 21:47:56.817  9688  9914 I art     : Explicit concurrent mark sweep GC freed 1415(85KB) AllocSpace objects, 1(20KB) LOS objects, 35% free, 29MB/45MB, paused 564us total 50.063ms
08-04 21:47:56.817  9688  9699 I art     : WaitForGcToComplete blocked for 42.847ms for cause HeapTrim
08-04 21:47:56.837  9688  9914 I art     : Starting a blocking GC Explicit
08-04 21:47:56.883  9688  9914 I art     : Explicit concurrent mark sweep GC freed 20(704B) AllocSpace objects, 0(0B) LOS objects, 35% free, 29MB/45MB, paused 624us total 46.214ms
08-04 21:47:56.903  9688  9914 I art     : Starting a blocking GC Explicit
08-04 21:47:56.947  9688  9914 I art     : Explicit concurrent mark sweep GC freed 3(96B) AllocSpace objects, 0(0B) LOS objects, 35% free, 29MB/45MB, paused 584us total 43.438ms
08-04 21:47:56.966  9688  9914 I art     : Starting a blocking GC Explicit
08-04 21:47:57.012  9688  9914 I art     : Explicit concurrent mark sweep GC freed 3(96B) AllocSpace objects, 0(0B) LOS objects, 35% free, 29MB/45MB, paused 651us total 45.757ms
08-04 21:47:57.030  9688  9914 I art     : Starting a blocking GC Explicit
08-04 21:47:57.076  9688  9914 I art     : Explicit concurrent mark sweep GC freed 3(96B) AllocSpace objects, 0(0B) LOS objects, 35% free, 29MB/45MB, paused 527us total 45.050ms
08-04 21:47:57.140  9688 12445 D OK      : calling: https://oauth.reddit.com/r/aww/hot/.json
08-04 21:47:57.356  9688 12445 I NAPPA_EXPERIMENTATION: MetricNetworkRequestExecutionTime: REQUEST_DURATION_SYSTEM='215',REQUEST_DURATION_OKHTTP='212',REQUEST_SYNCHRONOUS='TRUE',RESPONSE_CODE='200',RESPONSE_METHOD='GET',RESPONSE_LENGTH_OKHTTP='-1',RESPONSE_LENGTH_HEADER='33430',REQUEST_PROTOCOL='h2',REQUEST_URL='https://oauth.reddit.com/r/aww/hot/.json',
08-04 21:47:57.356  9688 12445 D OK      : request got status: 200
08-04 21:47:57.363  9688 10259 I PostListingFragment: Precaching images: OFF
08-04 21:47:57.364  9688 10259 I PostListingFragment: Precaching comments: OFF
08-04 21:47:57.373  9688 12456 D OK      : calling: https://b.thumbs.redditmedia.com/CKInrczASoQbNvSBStGz11Tok0uCyQoxmZ02sOE37sQ.jpg
08-04 21:47:57.383  9688 12457 D OK      : calling: https://a.thumbs.redditmedia.com/sKVnLbatvJCZOE2ooe6CgiEftOB3ukgPMdcydbk9CZ4.jpg
08-04 21:47:57.384  9688 10259 I getImgurImageInfo: Image NSO7Npm: trying API v3 with auth
08-04 21:47:57.391  9688 12458 D OK      : calling: https://a.thumbs.redditmedia.com/dFt2-stQJkfZ8O7r7ywG9GQsF08fZXxEJfQtAmiJ-F8.jpg
08-04 21:47:57.394  9688 12459 D OK      : calling: https://b.thumbs.redditmedia.com/1cAaKl6LkrikiRbLsBzzOvufKqRKuPi3wgjUkX8axkI.jpg
08-04 21:47:57.396  9688 12460 D OK      : calling: https://api.gfycat.com/v1/gfycats/deadlygravecavy
08-04 21:47:57.399  9688 12461 D OK      : calling: https://b.thumbs.redditmedia.com/NUqJWcobH7ToYhCM0w6nnAFZ46ymm9vPD25BC3s7Wco.jpg
08-04 21:47:57.410  9688 12462 D OK      : calling: https://b.thumbs.redditmedia.com/bUY4al781EZ3q7hUlnLebemHCXE3e63_SSxl2uo4Q4A.jpg
08-04 21:47:57.411  9688 12463 D OK      : calling: https://b.thumbs.redditmedia.com/tTmEfIrujbsvZXbhNSQS6Pc7o7ShCaGqZHbYf7nWdfg.jpg
08-04 21:47:57.411  9688 12464 D OK      : calling: https://b.thumbs.redditmedia.com/_H8tFMmL5-3GrxYkCtMSHiyNfjbX8pxctOw_vrzyw7o.jpg
08-04 21:47:57.415  9688 12465 D OK      : calling: https://api.imgur.com/3/image/NSO7Npm
08-04 21:47:57.416  9688 12466 D OK      : calling: https://v.redd.it/fkewv2f65kd51/DASHPlaylist.mpd
08-04 21:47:57.418  9688  9701 I art     : Starting a blocking GC Explicit
08-04 21:47:57.421  9688 12467 D OK      : calling: https://api.gfycat.com/v1/gfycats/altruisticthankfulankolewatusi
08-04 21:47:57.431  9688 12468 D OK      : calling: https://b.thumbs.redditmedia.com/JTSWFy2_tijPk6cA5noKDydEAMkMJcDmKQTSX178zwc.jpg
08-04 21:47:57.433  9688 12469 D OK      : calling: https://b.thumbs.redditmedia.com/N6fiqTp8nJD2l7sUz4nij7j1yHYMTKaflUIrn8E2bAU.jpg
08-04 21:47:57.437  9688 12470 D OK      : calling: https://b.thumbs.redditmedia.com/HkEQtny0bE4H3dMCd_woPsLAXBoPwp_DZ4ioFNIQLKk.jpg
08-04 21:47:57.442  9688 12471 D OK      : calling: https://b.thumbs.redditmedia.com/lVNra-iScxkYcYtSstJ-7J7pRAUDRXIwwJhsen1ZK9g.jpg
08-04 21:47:57.443  9688 12472 D OK      : calling: https://b.thumbs.redditmedia.com/lQKqDneXS8E7ZBD9cUQy4OqOt8PuTneSvVFtnU0pwCE.jpg
08-04 21:47:57.446  9688 12473 D OK      : calling: https://b.thumbs.redditmedia.com/X3yyAViE0gxiHR-kf9Z5xmLa8dKsm8iWJyKdWNVtOhU.jpg
08-04 21:47:57.448  9688 12474 D OK      : calling: https://v.redd.it/ak6rer1hskd51/DASHPlaylist.mpd
08-04 21:47:57.455  9688 12475 D OK      : calling: https://api.gfycat.com/v1/gfycats/foolhardysparklinglarva
08-04 21:47:57.457  9688 12476 D OK      : calling: https://b.thumbs.redditmedia.com/Bx9FZp8_w10DfFUf_mqVPMfu4Y0h2lo41Dh4tl2eNeQ.jpg
08-04 21:47:57.463  9688 12477 D OK      : calling: https://a.thumbs.redditmedia.com/KpcC72KH04Be3BqxmFbv_Gz7LCy-24GU-70or3KCdJ4.jpg
08-04 21:47:57.469  9688 12479 D OK      : calling: https://v.redd.it/h49fg58ygjd51/DASHPlaylist.mpd
08-04 21:47:57.472  9688 12478 D OK      : calling: https://a.thumbs.redditmedia.com/cEOtajy3CAQrjwSA3hhSqnPx8bfkRzglo7Lz1SBTmE0.jpg
08-04 21:47:57.474  9688 12480 D OK      : calling: https://v.redd.it/1ewzkieg0jd51/DASHPlaylist.mpd
08-04 21:47:57.480  9688 12481 D OK      : calling: https://b.thumbs.redditmedia.com/RrJbRRjFZWmckrONtkPTloJh52FfqD_XkLMuYuuQvAg.jpg
08-04 21:47:57.482  9688 12482 D OK      : calling: https://b.thumbs.redditmedia.com/chqK3f9u3D7UmfrGP85f4sOQFihMk6q7fFSeMyWs_7E.jpg
08-04 21:47:57.487  9688  9701 I art     : Explicit concurrent mark sweep GC freed 19530(934KB) AllocSpace objects, 1(20KB) LOS objects, 33% free, 31MB/47MB, paused 3.173ms total 68.774ms
08-04 21:47:57.497  9688 12483 D OK      : calling: https://b.thumbs.redditmedia.com/B18Vu5Jw71XCkFOFHimnUC42ya8apHsmcCW-HFmtb6w.jpg
08-04 21:47:57.498  9688 12484 D OK      : calling: https://v.redd.it/ppmhu2r9thd51/DASHPlaylist.mpd
08-04 21:47:57.505  9688 12485 D OK      : calling: https://b.thumbs.redditmedia.com/iZuzjufMpYUYtQRLjRwce4RDb6JYsId95_iezR2Uc0w.jpg
08-04 21:47:57.508  9688 12486 D OK      : calling: https://v.redd.it/s9qqadf3mid51/DASHPlaylist.mpd
08-04 21:47:57.509  9688 12487 D OK      : calling: https://v.redd.it/b8vazlcb7ld51/DASHPlaylist.mpd
08-04 21:47:57.511  9688 12488 D OK      : calling: https://b.thumbs.redditmedia.com/XNb1kfskabGDLMqv661Q22hBtCb8w5oyePDcFaZi9aY.jpg
08-04 21:47:57.512  9688 12489 D OK      : calling: https://b.thumbs.redditmedia.com/lMqJbh1Z40ffemA0TnSfVnovznn4hvJNue60AsJ-ETs.jpg
08-04 21:47:57.515  9688 12490 D OK      : calling: https://v.redd.it/ty24o02m1hd51/DASHPlaylist.mpd
08-04 21:47:57.518  9688  9701 I art     : Starting a blocking GC Explicit
08-04 21:47:57.523  9688 12493 D OK      : calling: https://b.thumbs.redditmedia.com/189nmwjW7eGWBD0J-cxzsUac1V1ZWGzMFC66inY4u4Y.jpg
08-04 21:47:57.524  9688 12491 D OK      : calling: https://b.thumbs.redditmedia.com/x5l4cICw0WNNvslt5FqVjwj89XrGjrXnNbaSyQRAyCo.jpg
08-04 21:47:57.528  9688 12492 D OK      : calling: https://v.redd.it/ar5k8892pid51/DASHPlaylist.mpd
08-04 21:47:57.530  9688 12494 D OK      : calling: https://b.thumbs.redditmedia.com/d_-UsfmKASoIHi4vZyyjvvwFtm1S7-DEi9AQPOnGIgY.jpg
08-04 21:47:57.583  9688  9701 I art     : Explicit concurrent mark sweep GC freed 9828(450KB) AllocSpace objects, 1(68KB) LOS objects, 33% free, 31MB/47MB, paused 3.248ms total 65.575ms
08-04 21:47:57.602  9688  9701 I art     : Starting a blocking GC Explicit
08-04 21:47:57.649  9688  9688 W RecyclerView: Cannot call this method in a scroll callback. Scroll callbacks mightbe run during a measure & layout pass where you cannot change theRecyclerView data. Any method call that might change the structureof the RecyclerView or the adapter contents should be postponed tothe next frame.
08-04 21:47:57.649  9688  9688 W RecyclerView: java.lang.IllegalStateException:  androidx.recyclerview.widget.RecyclerView{6c0fabe VFED..... .F....ID 0,0-1440,2140 #7f0900ef app:id/scrollbar_recyclerview_recyclerview}, adapter:baseline.org.quantumbadger.redreader.adapters.GroupedRecyclerViewAdapter@984d71f, layout:androidx.recyclerview.widget.LinearLayoutManager@8153a6c, context:baseline.org.quantumbadger.redreader.activities.PostListingActivity@1d555cb
08-04 21:47:57.649  9688  9688 W RecyclerView: 	at androidx.recyclerview.widget.RecyclerView.assertNotInLayoutOrScroll(RecyclerView.java:3061)
08-04 21:47:57.649  9688  9688 W RecyclerView: 	at androidx.recyclerview.widget.RecyclerView$RecyclerViewDataObserver.onItemRangeInserted(RecyclerView.java:5555)
08-04 21:47:57.649  9688  9688 W RecyclerView: 	at androidx.recyclerview.widget.RecyclerView$AdapterDataObservable.notifyItemRangeInserted(RecyclerView.java:12278)
08-04 21:47:57.649  9688  9688 W RecyclerView: 	at androidx.recyclerview.widget.RecyclerView$Adapter.notifyItemInserted(RecyclerView.java:7464)
08-04 21:47:57.649  9688  9688 W RecyclerView: 	at baseline.org.quantumbadger.redreader.adapters.GroupedRecyclerViewAdapter.updateHiddenStatus(GroupedRecyclerViewAdapter.java:279)
08-04 21:47:57.649  9688  9688 W RecyclerView: 	at baseline.org.quantumbadger.redreader.adapters.RedditListingManager.setLoadingVisible(RedditListingManager.java:125)
08-04 21:47:57.649  9688  9688 W RecyclerView: 	at baseline.org.quantumbadger.redreader.fragments.PostListingFragment.onLoadMoreItemsCheck(PostListingFragment.java:465)
08-04 21:47:57.649  9688  9688 W RecyclerView: 	at baseline.org.quantumbadger.redreader.fragments.PostListingFragment.access$000(PostListingFragment.java:98)
08-04 21:47:57.649  9688  9688 W RecyclerView: 	at baseline.org.quantumbadger.redreader.fragments.PostListingFragment$2.onScrolled(PostListingFragment.java:215)
08-04 21:47:57.649  9688  9688 W RecyclerView: 	at androidx.recyclerview.widget.RecyclerView.dispatchOnScrolled(RecyclerView.java:5173)
08-04 21:47:57.649  9688  9688 W RecyclerView: 	at androidx.recyclerview.widget.RecyclerView.dispatchLayoutStep3(RecyclerView.java:4231)
08-04 21:47:57.649  9688  9688 W RecyclerView: 	at androidx.recyclerview.widget.RecyclerView.dispatchLayout(RecyclerView.java:3862)
08-04 21:47:57.649  9688  9688 W RecyclerView: 	at androidx.recyclerview.widget.RecyclerView.consumePendingUpdateOperations(RecyclerView.java:1897)
08-04 21:47:57.649  9688  9688 W RecyclerView: 	at androidx.recyclerview.widget.RecyclerView$1.run(RecyclerView.java:414)
08-04 21:47:57.649  9688  9688 W RecyclerView: 	at android.view.Choreographer$CallbackRecord.run(Choreographer.java:858)
08-04 21:47:57.649  9688  9688 W RecyclerView: 	at android.view.Choreographer.doCallbacks(Choreographer.java:670)
08-04 21:47:57.649  9688  9688 W RecyclerView: 	at android.view.Choreographer.doFrame(Choreographer.java:603)
08-04 21:47:57.649  9688  9688 W RecyclerView: 	at android.view.Choreographer$FrameDisplayEventReceiver.run(Choreographer.java:844)
08-04 21:47:57.649  9688  9688 W RecyclerView: 	at android.os.Handler.handleCallback(Handler.java:739)
08-04 21:47:57.649  9688  9688 W RecyclerView: 	at android.os.Handler.dispatchMessage(Handler.java:95)
08-04 21:47:57.649  9688  9688 W RecyclerView: 	at android.os.Looper.loop(Looper.java:148)
08-04 21:47:57.649  9688  9688 W RecyclerView: 	at android.app.ActivityThread.main(ActivityThread.java:5417)
08-04 21:47:57.649  9688  9688 W RecyclerView: 	at java.lang.reflect.Method.invoke(Native Method)
08-04 21:47:57.649  9688  9688 W RecyclerView: 	at com.android.internal.os.ZygoteInit$MethodAndArgsCaller.run(ZygoteInit.java:726)
08-04 21:47:57.649  9688  9688 W RecyclerView: 	at com.android.internal.os.ZygoteInit.main(ZygoteInit.java:616)
08-04 21:47:57.661  9688  9701 I art     : Explicit concurrent mark sweep GC freed 23128(1211KB) AllocSpace objects, 1(68KB) LOS objects, 34% free, 30MB/46MB, paused 3.445ms total 58.998ms
08-04 21:47:57.681  9688  9701 I art     : Starting a blocking GC Explicit
08-04 21:47:57.737  9688  9701 I art     : Explicit concurrent mark sweep GC freed 4333(278KB) AllocSpace objects, 0(0B) LOS objects, 34% free, 30MB/46MB, paused 2.740ms total 56.031ms
08-04 21:47:57.756  9688  9701 I art     : Starting a blocking GC Explicit
08-04 21:47:57.811  9688  9701 I art     : Explicit concurrent mark sweep GC freed 8439(389KB) AllocSpace objects, 0(0B) LOS objects, 34% free, 30MB/46MB, paused 2.863ms total 54.735ms
08-04 21:47:58.157  9688  9914 I art     : Starting a blocking GC Explicit
08-04 21:47:58.233  9688  9914 I art     : Explicit concurrent mark sweep GC freed 2042(193KB) AllocSpace objects, 1(20KB) LOS objects, 34% free, 29MB/45MB, paused 3.092ms total 75.641ms
08-04 21:47:58.256  9688  9914 I art     : Starting a blocking GC Explicit
08-04 21:47:58.277   918  1210 D NetlinkSocketObserver: NeighborEvent{elapsedMs=1724282152, 192.168.2.254, [7C3953A63323], RTM_NEWNEIGH, NUD_PROBE}
08-04 21:47:58.328  9688  9914 I art     : Explicit concurrent mark sweep GC freed 8288(340KB) AllocSpace objects, 0(0B) LOS objects, 34% free, 30MB/46MB, paused 4.832ms total 71.455ms
08-04 21:47:58.342  9688 12517 D OK      : calling: https://oauth.reddit.com/r/aww/hot/.json?after=t3_hz5odc
08-04 21:47:58.350  9688  9914 I art     : Starting a blocking GC Explicit
08-04 21:47:58.406  9688  9914 I art     : Explicit concurrent mark sweep GC freed 15567(730KB) AllocSpace objects, 0(0B) LOS objects, 34% free, 30MB/46MB, paused 2.797ms total 55.019ms
08-04 21:47:58.410  9688 12456 I NAPPA_EXPERIMENTATION: MetricNetworkRequestExecutionTime: REQUEST_DURATION_SYSTEM='1036',REQUEST_DURATION_OKHTTP='718',REQUEST_SYNCHRONOUS='TRUE',RESPONSE_CODE='200',RESPONSE_METHOD='GET',RESPONSE_LENGTH_OKHTTP='3891',RESPONSE_LENGTH_HEADER='3891',REQUEST_PROTOCOL='h2',REQUEST_URL='https://b.thumbs.redditmedia.com/CKInrczASoQbNvSBStGz11Tok0uCyQoxmZ02sOE37sQ.jpg',
08-04 21:47:58.410  9688 12456 D OK      : request got status: 200
08-04 21:47:58.424  9688  9914 I art     : Starting a blocking GC Explicit
08-04 21:47:58.438  9688 12457 I NAPPA_EXPERIMENTATION: MetricNetworkRequestExecutionTime: REQUEST_DURATION_SYSTEM='1055',REQUEST_DURATION_OKHTTP='693',REQUEST_SYNCHRONOUS='TRUE',RESPONSE_CODE='200',RESPONSE_METHOD='GET',RESPONSE_LENGTH_OKHTTP='4487',RESPONSE_LENGTH_HEADER='4487',REQUEST_PROTOCOL='h2',REQUEST_URL='https://a.thumbs.redditmedia.com/sKVnLbatvJCZOE2ooe6CgiEftOB3ukgPMdcydbk9CZ4.jpg',
08-04 21:47:58.438  9688 12457 D OK      : request got status: 200
08-04 21:47:58.482  9688  9914 I art     : Explicit concurrent mark sweep GC freed 11334(608KB) AllocSpace objects, 0(0B) LOS objects, 34% free, 30MB/46MB, paused 3.010ms total 57.450ms
08-04 21:47:58.501  9688  9914 I art     : Starting a blocking GC Explicit
08-04 21:47:58.557  9688  9914 I art     : Explicit concurrent mark sweep GC freed 8496(511KB) AllocSpace objects, 8(528KB) LOS objects, 34% free, 30MB/46MB, paused 2.553ms total 55.317ms
08-04 21:47:58.717  9688 12459 I NAPPA_EXPERIMENTATION: MetricNetworkRequestExecutionTime: REQUEST_DURATION_SYSTEM='1323',REQUEST_DURATION_OKHTTP='938',REQUEST_SYNCHRONOUS='TRUE',RESPONSE_CODE='200',RESPONSE_METHOD='GET',RESPONSE_LENGTH_OKHTTP='5113',RESPONSE_LENGTH_HEADER='5113',REQUEST_PROTOCOL='h2',REQUEST_URL='https://b.thumbs.redditmedia.com/1cAaKl6LkrikiRbLsBzzOvufKqRKuPi3wgjUkX8axkI.jpg',
08-04 21:47:58.717  9688 12459 D OK      : request got status: 200
08-04 21:47:58.743  9688 12458 I NAPPA_EXPERIMENTATION: MetricNetworkRequestExecutionTime: REQUEST_DURATION_SYSTEM='1352',REQUEST_DURATION_OKHTTP='945',REQUEST_SYNCHRONOUS='TRUE',RESPONSE_CODE='200',RESPONSE_METHOD='GET',RESPONSE_LENGTH_OKHTTP='6530',RESPONSE_LENGTH_HEADER='6530',REQUEST_PROTOCOL='h2',REQUEST_URL='https://a.thumbs.redditmedia.com/dFt2-stQJkfZ8O7r7ywG9GQsF08fZXxEJfQtAmiJ-F8.jpg',
08-04 21:47:58.743  9688 12458 D OK      : request got status: 200
08-04 21:47:58.789  9688 12461 I NAPPA_EXPERIMENTATION: MetricNetworkRequestExecutionTime: REQUEST_DURATION_SYSTEM='1390',REQUEST_DURATION_OKHTTP='1000',REQUEST_SYNCHRONOUS='TRUE',RESPONSE_CODE='200',RESPONSE_METHOD='GET',RESPONSE_LENGTH_OKHTTP='6242',RESPONSE_LENGTH_HEADER='6242',REQUEST_PROTOCOL='h2',REQUEST_URL='https://b.thumbs.redditmedia.com/NUqJWcobH7ToYhCM0w6nnAFZ46ymm9vPD25BC3s7Wco.jpg',
08-04 21:47:58.789  9688 12461 D OK      : request got status: 200
08-04 21:47:58.816  9688 12466 I NAPPA_EXPERIMENTATION: MetricNetworkRequestExecutionTime: REQUEST_DURATION_SYSTEM='1400',REQUEST_DURATION_OKHTTP='1007',REQUEST_SYNCHRONOUS='TRUE',RESPONSE_CODE='200',RESPONSE_METHOD='GET',RESPONSE_LENGTH_OKHTTP='2700',RESPONSE_LENGTH_HEADER='2700',REQUEST_PROTOCOL='h2',REQUEST_URL='https://v.redd.it/fkewv2f65kd51/DASHPlaylist.mpd',
08-04 21:47:58.816  9688 12466 D OK      : request got status: 200
08-04 21:47:58.832  9688 12468 I NAPPA_EXPERIMENTATION: MetricNetworkRequestExecutionTime: REQUEST_DURATION_SYSTEM='1400',REQUEST_DURATION_OKHTTP='513',REQUEST_SYNCHRONOUS='TRUE',RESPONSE_CODE='200',RESPONSE_METHOD='GET',RESPONSE_LENGTH_OKHTTP='6634',RESPONSE_LENGTH_HEADER='6634',REQUEST_PROTOCOL='h2',REQUEST_URL='https://b.thumbs.redditmedia.com/JTSWFy2_tijPk6cA5noKDydEAMkMJcDmKQTSX178zwc.jpg',
08-04 21:47:58.832  9688 12468 D OK      : request got status: 200
08-04 21:47:58.884  9688 12466 I RedditVideosAPI: For 'https://v.redd.it/fkewv2f65kd51/DASHPlaylist.mpd', got video stream 'https://v.redd.it/fkewv2f65kd51/DASH_480' and audio stream 'https://v.redd.it/fkewv2f65kd51/audio'
08-04 21:47:58.906  9688  9914 I art     : Starting a blocking GC Explicit
08-04 21:47:58.911  9688 12462 I NAPPA_EXPERIMENTATION: MetricNetworkRequestExecutionTime: REQUEST_DURATION_SYSTEM='1501',REQUEST_DURATION_OKHTTP='581',REQUEST_SYNCHRONOUS='TRUE',RESPONSE_CODE='200',RESPONSE_METHOD='GET',RESPONSE_LENGTH_OKHTTP='6131',RESPONSE_LENGTH_HEADER='6131',REQUEST_PROTOCOL='h2',REQUEST_URL='https://b.thumbs.redditmedia.com/bUY4al781EZ3q7hUlnLebemHCXE3e63_SSxl2uo4Q4A.jpg',
08-04 21:47:58.911  9688 12462 D OK      : request got status: 200
08-04 21:47:58.929  9688 12517 I NAPPA_EXPERIMENTATION: MetricNetworkRequestExecutionTime: REQUEST_DURATION_SYSTEM='587',REQUEST_DURATION_OKHTTP='585',REQUEST_SYNCHRONOUS='TRUE',RESPONSE_CODE='200',RESPONSE_METHOD='GET',RESPONSE_LENGTH_OKHTTP='-1',RESPONSE_LENGTH_HEADER='30610',REQUEST_PROTOCOL='h2',REQUEST_URL='https://oauth.reddit.com/r/aww/hot/.json?after=t3_hz5odc',
08-04 21:47:58.929  9688 12517 D OK      : request got status: 200
08-04 21:47:58.938  9688 10259 I PostListingFragment: Precaching images: OFF
08-04 21:47:58.938  9688 10259 I PostListingFragment: Precaching comments: OFF
08-04 21:47:58.946  9688 12464 I NAPPA_EXPERIMENTATION: MetricNetworkRequestExecutionTime: REQUEST_DURATION_SYSTEM='1534',REQUEST_DURATION_OKHTTP='603',REQUEST_SYNCHRONOUS='TRUE',RESPONSE_CODE='200',RESPONSE_METHOD='GET',RESPONSE_LENGTH_OKHTTP='6434',RESPONSE_LENGTH_HEADER='6434',REQUEST_PROTOCOL='h2',REQUEST_URL='https://b.thumbs.redditmedia.com/_H8tFMmL5-3GrxYkCtMSHiyNfjbX8pxctOw_vrzyw7o.jpg',
08-04 21:47:58.946  9688 12555 D OK      : calling: https://b.thumbs.redditmedia.com/WehZGjN94ALGdO0M7RjPJ2EwcyyWVZ_NUn1Fuf7IYWY.jpg
08-04 21:47:58.946  9688 12464 D OK      : request got status: 200
08-04 21:47:58.951  9688 12556 D OK      : calling: https://b.thumbs.redditmedia.com/Xdo4lcQOwuUNK1yxSlXZ0OI8u23ORAr16_AzfAZ1nvU.jpg
08-04 21:47:58.953  9688 12557 D OK      : calling: https://v.redd.it/syww111dtjd51/DASHPlaylist.mpd
08-04 21:47:58.964  9688 12558 D OK      : calling: https://b.thumbs.redditmedia.com/2KMYZ5hTlKXSvNO4hDUPyMba8Yz6skyu1SjUhLq1d9s.jpg
08-04 21:47:58.971  9688 12559 D OK      : calling: https://a.thumbs.redditmedia.com/EFVm-ZqqhARyEaKgtwU74c7tfzEDJvI0uiHXGglFag4.jpg
08-04 21:47:58.973  9688  9914 I art     : Explicit concurrent mark sweep GC freed 29899(1798KB) AllocSpace objects, 32(1708KB) LOS objects, 33% free, 32MB/48MB, paused 3.607ms total 65.603ms
08-04 21:47:58.976  9688 12560 D OK      : calling: https://b.thumbs.redditmedia.com/qi4bNDKzoPvaSaSx99K2bAjwaRHh1nuOrcbySp1JHdk.jpg
08-04 21:47:58.977  9688 12561 D OK      : calling: https://b.thumbs.redditmedia.com/Ja8yiRMklM2lXd8q60LtBI6CqdmJ5YbWHRiBVFmICJA.jpg
08-04 21:47:58.980  9688 12562 D OK      : calling: https://v.redd.it/pbqrrfb3tkd51/DASHPlaylist.mpd
08-04 21:47:58.983  9688 12563 D OK      : calling: https://b.thumbs.redditmedia.com/o5lSsJ_tCgCQxcdjMGaYxuveNluXB1PQT4PokXDhpvc.jpg
08-04 21:47:58.986  9688 12564 D OK      : calling: https://v.redd.it/rrygsb8i4ld51/DASHPlaylist.mpd
08-04 21:47:58.989  9688 12565 D OK      : calling: https://b.thumbs.redditmedia.com/SiCWTmKkQcbiAa7naxAHnw0adTeRkq1dB8QSqzGU7-Q.jpg
08-04 21:47:58.992  9688 12566 D OK      : calling: https://b.thumbs.redditmedia.com/C9qrVibnNxmzfLDKvEHp2v2Bo-Kqme7PoKC52s2o52M.jpg
08-04 21:47:58.995  9688 12567 D OK      : calling: https://a.thumbs.redditmedia.com/Tfsm0ol-ltlxNSBAkZ_4G4302d0hYeOSODkvXidBBR8.jpg
08-04 21:47:58.997  9688  9914 I art     : Starting a blocking GC Explicit
08-04 21:47:58.998  9688 12568 D OK      : calling: https://a.thumbs.redditmedia.com/Kzag-wH9wKRRg2MnPwgoFgXT_2jN_nkJ1lY1aNRQyT4.jpg
08-04 21:47:59.010  9688 12463 I NAPPA_EXPERIMENTATION: MetricNetworkRequestExecutionTime: REQUEST_DURATION_SYSTEM='1599',REQUEST_DURATION_OKHTTP='681',REQUEST_SYNCHRONOUS='TRUE',RESPONSE_CODE='200',RESPONSE_METHOD='GET',RESPONSE_LENGTH_OKHTTP='5439',RESPONSE_LENGTH_HEADER='5439',REQUEST_PROTOCOL='h2',REQUEST_URL='https://b.thumbs.redditmedia.com/tTmEfIrujbsvZXbhNSQS6Pc7o7ShCaGqZHbYf7nWdfg.jpg',
08-04 21:47:59.011  9688 12463 D OK      : request got status: 200
08-04 21:47:59.012  9688 12569 D OK      : calling: https://a.thumbs.redditmedia.com/P4gSGpXpi2wDXthNZ-LiwEs5Jvplm6dQ7W7Isqa7un4.jpg
08-04 21:47:59.015  9688 12570 D OK      : calling: https://b.thumbs.redditmedia.com/XkIhgqugP-9Zcb5I9A8o0r-zQJDh_6kastc0oWiiHkI.jpg
08-04 21:47:59.017  9688 12571 D OK      : calling: https://b.thumbs.redditmedia.com/3QPAtixkID9ojpqCAgfspJpruqoq45fM1G-Fx1K2F2A.jpg
08-04 21:47:59.019  9688 12572 D OK      : calling: https://v.redd.it/5x6zzipz8ld51/DASHPlaylist.mpd
08-04 21:47:59.021  9688 10259 I getImgurImageInfo: Image nLQR2hT: trying API v3 with auth
08-04 21:47:59.021  9688 12573 D OK      : calling: https://v.redd.it/75en73fm5id51/DASHPlaylist.mpd
08-04 21:47:59.023  9688 12574 D OK      : calling: https://b.thumbs.redditmedia.com/orK4W8Xc99pTzIT6q1waTsppldq24p1qMsHtkNnmu9w.jpg
08-04 21:47:59.026  9688 12575 D OK      : calling: https://api.imgur.com/3/image/nLQR2hT
08-04 21:47:59.028  9688 12576 D OK      : calling: https://b.thumbs.redditmedia.com/B1vXKY_-gTPbs625-RJ1MLIXxzCqfmnCB_0xnGjCECQ.jpg
08-04 21:47:59.037  9688 12479 I NAPPA_EXPERIMENTATION: MetricNetworkRequestExecutionTime: REQUEST_DURATION_SYSTEM='1568',REQUEST_DURATION_OKHTTP='648',REQUEST_SYNCHRONOUS='TRUE',RESPONSE_CODE='200',RESPONSE_METHOD='GET',RESPONSE_LENGTH_OKHTTP='2429',RESPONSE_LENGTH_HEADER='2429',REQUEST_PROTOCOL='h2',REQUEST_URL='https://v.redd.it/h49fg58ygjd51/DASHPlaylist.mpd',
08-04 21:47:59.038  9688 12479 D OK      : request got status: 200
08-04 21:47:59.047  9688 12474 I NAPPA_EXPERIMENTATION: MetricNetworkRequestExecutionTime: REQUEST_DURATION_SYSTEM='1599',REQUEST_DURATION_OKHTTP='668',REQUEST_SYNCHRONOUS='TRUE',RESPONSE_CODE='200',RESPONSE_METHOD='GET',RESPONSE_LENGTH_OKHTTP='1713',RESPONSE_LENGTH_HEADER='1713',REQUEST_PROTOCOL='h2',REQUEST_URL='https://v.redd.it/ak6rer1hskd51/DASHPlaylist.mpd',
08-04 21:47:59.047  9688 12474 D OK      : request got status: 200
08-04 21:47:59.051  9688 12577 D OK      : calling: https://a.thumbs.redditmedia.com/ffAKmOqnTuDMNR9MRfCdRtkq_CzN3MVhZxS64ZPYRh4.jpg
08-04 21:47:59.070  9688  9914 I art     : Explicit concurrent mark sweep GC freed 17404(760KB) AllocSpace objects, 5(244KB) LOS objects, 32% free, 33MB/49MB, paused 3.913ms total 72.842ms
08-04 21:47:59.080  9688 12470 I NAPPA_EXPERIMENTATION: MetricNetworkRequestExecutionTime: REQUEST_DURATION_SYSTEM='1643',REQUEST_DURATION_OKHTTP='733',REQUEST_SYNCHRONOUS='TRUE',RESPONSE_CODE='200',RESPONSE_METHOD='GET',RESPONSE_LENGTH_OKHTTP='8699',RESPONSE_LENGTH_HEADER='8699',REQUEST_PROTOCOL='h2',REQUEST_URL='https://b.thumbs.redditmedia.com/HkEQtny0bE4H3dMCd_woPsLAXBoPwp_DZ4ioFNIQLKk.jpg',
08-04 21:47:59.081  9688 12470 D OK      : request got status: 200
08-04 21:47:59.087  9688 12479 I RedditVideosAPI: For 'https://v.redd.it/h49fg58ygjd51/DASHPlaylist.mpd', got video stream 'https://v.redd.it/h49fg58ygjd51/DASH_480' and audio stream 'null'
08-04 21:47:59.089  9688  9914 I art     : Starting a blocking GC Explicit
08-04 21:47:59.090  9688 12477 I NAPPA_EXPERIMENTATION: MetricNetworkRequestExecutionTime: REQUEST_DURATION_SYSTEM='1627',REQUEST_DURATION_OKHTTP='658',REQUEST_SYNCHRONOUS='TRUE',RESPONSE_CODE='200',RESPONSE_METHOD='GET',RESPONSE_LENGTH_OKHTTP='4798',RESPONSE_LENGTH_HEADER='4798',REQUEST_PROTOCOL='h2',REQUEST_URL='https://a.thumbs.redditmedia.com/KpcC72KH04Be3BqxmFbv_Gz7LCy-24GU-70or3KCdJ4.jpg',
08-04 21:47:59.090  9688 12477 D OK      : request got status: 200
08-04 21:47:59.096  9688 12578 D OK      : calling: https://b.thumbs.redditmedia.com/OF1KI_LdSDMMWCy-WgJyRhIcM5fr7kDyu_OnpfRXHfI.jpg
08-04 21:47:59.115  9688 12474 I RedditVideosAPI: For 'https://v.redd.it/ak6rer1hskd51/DASHPlaylist.mpd', got video stream 'https://v.redd.it/ak6rer1hskd51/DASH_360' and audio stream 'null'
08-04 21:47:59.121  9688 12469 I NAPPA_EXPERIMENTATION: MetricNetworkRequestExecutionTime: REQUEST_DURATION_SYSTEM='1688',REQUEST_DURATION_OKHTTP='771',REQUEST_SYNCHRONOUS='TRUE',RESPONSE_CODE='200',RESPONSE_METHOD='GET',RESPONSE_LENGTH_OKHTTP='7265',RESPONSE_LENGTH_HEADER='7265',REQUEST_PROTOCOL='h2',REQUEST_URL='https://b.thumbs.redditmedia.com/N6fiqTp8nJD2l7sUz4nij7j1yHYMTKaflUIrn8E2bAU.jpg',
08-04 21:47:59.121  9688 12469 D OK      : request got status: 200
08-04 21:47:59.124  9688 12579 D OK      : calling: https://b.thumbs.redditmedia.com/vuAhA4gGAmYfrTFA4woxZcKgmiDzJ3nAsql2pxcYGFs.jpg
08-04 21:47:59.129  9688 12465 I NAPPA_EXPERIMENTATION: MetricNetworkRequestExecutionTime: REQUEST_DURATION_SYSTEM='1714',REQUEST_DURATION_OKHTTP='780',REQUEST_SYNCHRONOUS='TRUE',RESPONSE_CODE='200',RESPONSE_METHOD='GET',RESPONSE_LENGTH_OKHTTP='-1',RESPONSE_LENGTH_HEADER='379',REQUEST_PROTOCOL='h2',REQUEST_URL='https://api.imgur.com/3/image/NSO7Npm',
08-04 21:47:59.129  9688 12465 D OK      : request got status: 200
08-04 21:47:59.130  9688 12473 I NAPPA_EXPERIMENTATION: MetricNetworkRequestExecutionTime: REQUEST_DURATION_SYSTEM='1684',REQUEST_DURATION_OKHTTP='768',REQUEST_SYNCHRONOUS='TRUE',RESPONSE_CODE='200',RESPONSE_METHOD='GET',RESPONSE_LENGTH_OKHTTP='7078',RESPONSE_LENGTH_HEADER='7078',REQUEST_PROTOCOL='h2',REQUEST_URL='https://b.thumbs.redditmedia.com/X3yyAViE0gxiHR-kf9Z5xmLa8dKsm8iWJyKdWNVtOhU.jpg',
08-04 21:47:59.130  9688 12473 D OK      : request got status: 200
08-04 21:47:59.144  9688 12480 I NAPPA_EXPERIMENTATION: MetricNetworkRequestExecutionTime: REQUEST_DURATION_SYSTEM='1669',REQUEST_DURATION_OKHTTP='670',REQUEST_SYNCHRONOUS='TRUE',RESPONSE_CODE='200',RESPONSE_METHOD='GET',RESPONSE_LENGTH_OKHTTP='3058',RESPONSE_LENGTH_HEADER='3058',REQUEST_PROTOCOL='h2',REQUEST_URL='https://v.redd.it/1ewzkieg0jd51/DASHPlaylist.mpd',
08-04 21:47:59.144  9688 12480 D OK      : request got status: 200
08-04 21:47:59.150  9688  9914 I art     : Explicit concurrent mark sweep GC freed 5503(395KB) AllocSpace objects, 9(528KB) LOS objects, 31% free, 34MB/50MB, paused 3.137ms total 60.660ms
08-04 21:47:59.166  9688 12580 D OK      : calling: https://b.thumbs.redditmedia.com/PtV7mFsO2n0j4YJweZjEqyVJ45hap4hXix9dwj6D0Wg.jpg
08-04 21:47:59.170  9688  9914 I art     : Starting a blocking GC Explicit
08-04 21:47:59.186  9688 12581 D OK      : calling: https://b.thumbs.redditmedia.com/wxTBcOhAgsmbc-TRaGNHpYJYnEOBr2LNsaZ6pCM91Lc.jpg
08-04 21:47:59.217  9688 12480 I RedditVideosAPI: For 'https://v.redd.it/1ewzkieg0jd51/DASHPlaylist.mpd', got video stream 'https://v.redd.it/1ewzkieg0jd51/DASH_480' and audio stream 'https://v.redd.it/1ewzkieg0jd51/audio'
08-04 21:47:59.219 24365  9563 I NetworkScheduler.Stats: Task com.google.android.apps.gcs/ started execution. cause:4 exec_start_elapsed_seconds: 1724283 [CONTEXT service_id=218 ]
08-04 21:47:59.220  9688 12582 D OK      : calling: https://b.thumbs.redditmedia.com/Wo7bFIVNZYYuNioRYwZFYxrl6QMk0lT-3W01wrXgHmE.jpg
08-04 21:47:59.221 31716 12583 W Gcs.WfaEliRefreshTask: [25126] afk.b: NULL eligibility response.
08-04 21:47:59.225  9688 12476 I NAPPA_EXPERIMENTATION: MetricNetworkRequestExecutionTime: REQUEST_DURATION_SYSTEM='1768',REQUEST_DURATION_OKHTTP='834',REQUEST_SYNCHRONOUS='TRUE',RESPONSE_CODE='200',RESPONSE_METHOD='GET',RESPONSE_LENGTH_OKHTTP='5207',RESPONSE_LENGTH_HEADER='5207',REQUEST_PROTOCOL='h2',REQUEST_URL='https://b.thumbs.redditmedia.com/Bx9FZp8_w10DfFUf_mqVPMfu4Y0h2lo41Dh4tl2eNeQ.jpg',
08-04 21:47:59.226  9688 12476 D OK      : request got status: 200
08-04 21:47:59.228 24365  9563 I NetworkScheduler.Stats: Task com.google.android.apps.gcs/ finished executing. cause:4 result: 3 elapsed_millis: 12 uptime_millis: 13 exec_start_elapsed_seconds: 1724283 [CONTEXT service_id=218 ]
08-04 21:47:59.228  9688  9914 I art     : Explicit concurrent mark sweep GC freed 20360(1048KB) AllocSpace objects, 18(1448KB) LOS objects, 32% free, 33MB/49MB, paused 3.006ms total 57.262ms
08-04 21:47:59.241  9688 12584 D OK      : calling: https://b.thumbs.redditmedia.com/NoqMycYTzsyhI0Lq351riEI1mO9p8PvY1QwcZ9Irb9g.jpg
08-04 21:47:59.248  9688  9914 I art     : Starting a blocking GC Explicit
08-04 21:47:59.258  9688 12585 D OK      : calling: https://b.thumbs.redditmedia.com/KrRufqpifph7KM2Le5RdqEYQb24zbB4fizBJpFaH1Pc.jpg
08-04 21:47:59.263  9688 12478 I NAPPA_EXPERIMENTATION: MetricNetworkRequestExecutionTime: REQUEST_DURATION_SYSTEM='1791',REQUEST_DURATION_OKHTTP='730',REQUEST_SYNCHRONOUS='TRUE',RESPONSE_CODE='200',RESPONSE_METHOD='GET',RESPONSE_LENGTH_OKHTTP='5648',RESPONSE_LENGTH_HEADER='5648',REQUEST_PROTOCOL='h2',REQUEST_URL='https://a.thumbs.redditmedia.com/cEOtajy3CAQrjwSA3hhSqnPx8bfkRzglo7Lz1SBTmE0.jpg',
08-04 21:47:59.264  9688 12478 D OK      : request got status: 200
08-04 21:47:59.270  9688 12471 I NAPPA_EXPERIMENTATION: MetricNetworkRequestExecutionTime: REQUEST_DURATION_SYSTEM='1828',REQUEST_DURATION_OKHTTP='870',REQUEST_SYNCHRONOUS='TRUE',RESPONSE_CODE='200',RESPONSE_METHOD='GET',RESPONSE_LENGTH_OKHTTP='4018',RESPONSE_LENGTH_HEADER='4018',REQUEST_PROTOCOL='h2',REQUEST_URL='https://b.thumbs.redditmedia.com/lVNra-iScxkYcYtSstJ-7J7pRAUDRXIwwJhsen1ZK9g.jpg',
08-04 21:47:59.270  9688 12471 D OK      : request got status: 200
08-04 21:47:59.279  9688 12586 D OK      : calling: https://b.thumbs.redditmedia.com/u2qz17QE3X5G7kkJrgK3HPCdxNQxNkhaWqfIhCuRMvE.jpg
08-04 21:47:59.289  9688 12587 D OK      : calling: https://v.redd.it/ggz4fyth6hd51/DASHPlaylist.mpd
08-04 21:47:59.303  9688 12588 D OK      : calling: https://v.redd.it/psrknoobrgd51/DASHPlaylist.mpd
08-04 21:47:59.304  9688  9914 I art     : Explicit concurrent mark sweep GC freed 4315(347KB) AllocSpace objects, 20(1192KB) LOS objects, 32% free, 33MB/49MB, paused 3.224ms total 55.921ms
08-04 21:47:59.309  9688 12481 I NAPPA_EXPERIMENTATION: MetricNetworkRequestExecutionTime: REQUEST_DURATION_SYSTEM='1829',REQUEST_DURATION_OKHTTP='865',REQUEST_SYNCHRONOUS='TRUE',RESPONSE_CODE='200',RESPONSE_METHOD='GET',RESPONSE_LENGTH_OKHTTP='5229',RESPONSE_LENGTH_HEADER='5229',REQUEST_PROTOCOL='h2',REQUEST_URL='https://b.thumbs.redditmedia.com/RrJbRRjFZWmckrONtkPTloJh52FfqD_XkLMuYuuQvAg.jpg',
08-04 21:47:59.310  9688 12481 D OK      : request got status: 200
08-04 21:47:59.310  9688 12487 I NAPPA_EXPERIMENTATION: MetricNetworkRequestExecutionTime: REQUEST_DURATION_SYSTEM='1801',REQUEST_DURATION_OKHTTP='716',REQUEST_SYNCHRONOUS='TRUE',RESPONSE_CODE='200',RESPONSE_METHOD='GET',RESPONSE_LENGTH_OKHTTP='3060',RESPONSE_LENGTH_HEADER='3060',REQUEST_PROTOCOL='h2',REQUEST_URL='https://v.redd.it/b8vazlcb7ld51/DASHPlaylist.mpd',
08-04 21:47:59.310  9688 12487 D OK      : request got status: 200
08-04 21:47:59.317  9688 12590 D OK      : calling: https://v.redd.it/jk6cwef4wld51/DASHPlaylist.mpd
08-04 21:47:59.321  9688 12591 D OK      : calling: https://v.redd.it/t81s8zfz9ld51/DASHPlaylist.mpd
08-04 21:47:59.322  9688 12482 I NAPPA_EXPERIMENTATION: MetricNetworkRequestExecutionTime: REQUEST_DURATION_SYSTEM='1840',REQUEST_DURATION_OKHTTP='855',REQUEST_SYNCHRONOUS='TRUE',RESPONSE_CODE='200',RESPONSE_METHOD='GET',RESPONSE_LENGTH_OKHTTP='6163',RESPONSE_LENGTH_HEADER='6163',REQUEST_PROTOCOL='h2',REQUEST_URL='https://b.thumbs.redditmedia.com/chqK3f9u3D7UmfrGP85f4sOQFihMk6q7fFSeMyWs_7E.jpg',
08-04 21:47:59.322  9688 12482 D OK      : request got status: 200
08-04 21:47:59.337  9688 12460 I NAPPA_EXPERIMENTATION: MetricNetworkRequestExecutionTime: REQUEST_DURATION_SYSTEM='1941',REQUEST_DURATION_OKHTTP='913',REQUEST_SYNCHRONOUS='TRUE',RESPONSE_CODE='200',RESPONSE_METHOD='GET',RESPONSE_LENGTH_OKHTTP='-1',RESPONSE_LENGTH_HEADER='812',REQUEST_PROTOCOL='http/1.1',REQUEST_URL='https://api.gfycat.com/v1/gfycats/deadlygravecavy',
08-04 21:47:59.337  9688 12460 D OK      : request got status: 200
08-04 21:47:59.340  9688 12592 D OK      : calling: https://v.redd.it/xd6c4yyutgd51/DASHPlaylist.mpd
08-04 21:47:59.355  9688 12487 I RedditVideosAPI: For 'https://v.redd.it/b8vazlcb7ld51/DASHPlaylist.mpd', got video stream 'https://v.redd.it/b8vazlcb7ld51/DASH_480' and audio stream 'https://v.redd.it/b8vazlcb7ld51/audio'
08-04 21:47:59.358  9688 12593 D OK      : calling: https://v.redd.it/ue0jdgk9zhd51/DASHPlaylist.mpd
08-04 21:47:59.380  9688 12467 I NAPPA_EXPERIMENTATION: MetricNetworkRequestExecutionTime: REQUEST_DURATION_SYSTEM='1959',REQUEST_DURATION_OKHTTP='787',REQUEST_SYNCHRONOUS='TRUE',RESPONSE_CODE='200',RESPONSE_METHOD='GET',RESPONSE_LENGTH_OKHTTP='-1',RESPONSE_LENGTH_HEADER='955',REQUEST_PROTOCOL='http/1.1',REQUEST_URL='https://api.gfycat.com/v1/gfycats/altruisticthankfulankolewatusi',
08-04 21:47:59.380  9688 12467 D OK      : request got status: 200
08-04 21:47:59.383  9688 12485 I NAPPA_EXPERIMENTATION: MetricNetworkRequestExecutionTime: REQUEST_DURATION_SYSTEM='1877',REQUEST_DURATION_OKHTTP='876',REQUEST_SYNCHRONOUS='TRUE',RESPONSE_CODE='200',RESPONSE_METHOD='GET',RESPONSE_LENGTH_OKHTTP='2861',RESPONSE_LENGTH_HEADER='2861',REQUEST_PROTOCOL='h2',REQUEST_URL='https://b.thumbs.redditmedia.com/iZuzjufMpYUYtQRLjRwce4RDb6JYsId95_iezR2Uc0w.jpg',
08-04 21:47:59.383  9688 12485 D OK      : request got status: 200
08-04 21:47:59.383  9688 12483 I NAPPA_EXPERIMENTATION: MetricNetworkRequestExecutionTime: REQUEST_DURATION_SYSTEM='1886',REQUEST_DURATION_OKHTTP='864',REQUEST_SYNCHRONOUS='TRUE',RESPONSE_CODE='200',RESPONSE_METHOD='GET',RESPONSE_LENGTH_OKHTTP='8835',RESPONSE_LENGTH_HEADER='8835',REQUEST_PROTOCOL='h2',REQUEST_URL='https://b.thumbs.redditmedia.com/B18Vu5Jw71XCkFOFHimnUC42ya8apHsmcCW-HFmtb6w.jpg',
08-04 21:47:59.383  9688 12483 D OK      : request got status: 200
08-04 21:47:59.405  9688 12486 I NAPPA_EXPERIMENTATION: MetricNetworkRequestExecutionTime: REQUEST_DURATION_SYSTEM='1896',REQUEST_DURATION_OKHTTP='751',REQUEST_SYNCHRONOUS='TRUE',RESPONSE_CODE='200',RESPONSE_METHOD='GET',RESPONSE_LENGTH_OKHTTP='2698',RESPONSE_LENGTH_HEADER='2698',REQUEST_PROTOCOL='h2',REQUEST_URL='https://v.redd.it/s9qqadf3mid51/DASHPlaylist.mpd',
08-04 21:47:59.405  9688 12486 D OK      : request got status: 200
08-04 21:47:59.418  9688 12475 I NAPPA_EXPERIMENTATION: MetricNetworkRequestExecutionTime: REQUEST_DURATION_SYSTEM='1963',REQUEST_DURATION_OKHTTP='781',REQUEST_SYNCHRONOUS='TRUE',RESPONSE_CODE='200',RESPONSE_METHOD='GET',RESPONSE_LENGTH_OKHTTP='-1',RESPONSE_LENGTH_HEADER='1021',REQUEST_PROTOCOL='http/1.1',REQUEST_URL='https://api.gfycat.com/v1/gfycats/foolhardysparklinglarva',
08-04 21:47:59.418  9688 12475 D OK      : request got status: 200
08-04 21:47:59.430  9688 12490 I NAPPA_EXPERIMENTATION: MetricNetworkRequestExecutionTime: REQUEST_DURATION_SYSTEM='1915',REQUEST_DURATION_OKHTTP='781',REQUEST_SYNCHRONOUS='TRUE',RESPONSE_CODE='200',RESPONSE_METHOD='GET',RESPONSE_LENGTH_OKHTTP='2071',RESPONSE_LENGTH_HEADER='2071',REQUEST_PROTOCOL='h2',REQUEST_URL='https://v.redd.it/ty24o02m1hd51/DASHPlaylist.mpd',
08-04 21:47:59.430  9688 12490 D OK      : request got status: 200
08-04 21:47:59.440  9688 12488 I NAPPA_EXPERIMENTATION: MetricNetworkRequestExecutionTime: REQUEST_DURATION_SYSTEM='1929',REQUEST_DURATION_OKHTTP='911',REQUEST_SYNCHRONOUS='TRUE',RESPONSE_CODE='200',RESPONSE_METHOD='GET',RESPONSE_LENGTH_OKHTTP='4067',RESPONSE_LENGTH_HEADER='4067',REQUEST_PROTOCOL='h2',REQUEST_URL='https://b.thumbs.redditmedia.com/XNb1kfskabGDLMqv661Q22hBtCb8w5oyePDcFaZi9aY.jpg',
08-04 21:47:59.440  9688 12488 D OK      : request got status: 200
08-04 21:47:59.455  9688 12486 I RedditVideosAPI: For 'https://v.redd.it/s9qqadf3mid51/DASHPlaylist.mpd', got video stream 'https://v.redd.it/s9qqadf3mid51/DASH_480' and audio stream 'https://v.redd.it/s9qqadf3mid51/audio'
08-04 21:47:59.515  9688 12492 I NAPPA_EXPERIMENTATION: MetricNetworkRequestExecutionTime: REQUEST_DURATION_SYSTEM='1987',REQUEST_DURATION_OKHTTP='805',REQUEST_SYNCHRONOUS='TRUE',RESPONSE_CODE='200',RESPONSE_METHOD='GET',RESPONSE_LENGTH_OKHTTP='2342',RESPONSE_LENGTH_HEADER='2342',REQUEST_PROTOCOL='h2',REQUEST_URL='https://v.redd.it/ar5k8892pid51/DASHPlaylist.mpd',
08-04 21:47:59.516  9688 12492 D OK      : request got status: 200
08-04 21:47:59.523  9688 12490 I RedditVideosAPI: For 'https://v.redd.it/ty24o02m1hd51/DASHPlaylist.mpd', got video stream 'https://v.redd.it/ty24o02m1hd51/DASH_480' and audio stream 'null'
08-04 21:47:59.525  9688 12484 I NAPPA_EXPERIMENTATION: MetricNetworkRequestExecutionTime: REQUEST_DURATION_SYSTEM='2026',REQUEST_DURATION_OKHTTP='823',REQUEST_SYNCHRONOUS='TRUE',RESPONSE_CODE='200',RESPONSE_METHOD='GET',RESPONSE_LENGTH_OKHTTP='2787',RESPONSE_LENGTH_HEADER='2787',REQUEST_PROTOCOL='h2',REQUEST_URL='https://v.redd.it/ppmhu2r9thd51/DASHPlaylist.mpd',
08-04 21:47:59.525  9688 12484 D OK      : request got status: 200
08-04 21:47:59.531  9688 12493 I NAPPA_EXPERIMENTATION: MetricNetworkRequestExecutionTime: REQUEST_DURATION_SYSTEM='2008',REQUEST_DURATION_OKHTTP='914',REQUEST_SYNCHRONOUS='TRUE',RESPONSE_CODE='200',RESPONSE_METHOD='GET',RESPONSE_LENGTH_OKHTTP='6778',RESPONSE_LENGTH_HEADER='6778',REQUEST_PROTOCOL='h2',REQUEST_URL='https://b.thumbs.redditmedia.com/189nmwjW7eGWBD0J-cxzsUac1V1ZWGzMFC66inY4u4Y.jpg',
08-04 21:47:59.532  9688 12493 D OK      : request got status: 200
08-04 21:47:59.548  9688 12491 I NAPPA_EXPERIMENTATION: MetricNetworkRequestExecutionTime: REQUEST_DURATION_SYSTEM='2024',REQUEST_DURATION_OKHTTP='957',REQUEST_SYNCHRONOUS='TRUE',RESPONSE_CODE='200',RESPONSE_METHOD='GET',RESPONSE_LENGTH_OKHTTP='6843',RESPONSE_LENGTH_HEADER='6843',REQUEST_PROTOCOL='h2',REQUEST_URL='https://b.thumbs.redditmedia.com/x5l4cICw0WNNvslt5FqVjwj89XrGjrXnNbaSyQRAyCo.jpg',
08-04 21:47:59.548  9688 12491 D OK      : request got status: 200
08-04 21:47:59.568  9688 12492 I RedditVideosAPI: For 'https://v.redd.it/ar5k8892pid51/DASHPlaylist.mpd', got video stream 'https://v.redd.it/ar5k8892pid51/DASH_360' and audio stream 'https://v.redd.it/ar5k8892pid51/audio'
08-04 21:47:59.577  9688 12484 I RedditVideosAPI: For 'https://v.redd.it/ppmhu2r9thd51/DASHPlaylist.mpd', got video stream 'https://v.redd.it/ppmhu2r9thd51/DASH_480' and audio stream 'null'
08-04 21:47:59.589  9688 12489 I NAPPA_EXPERIMENTATION: MetricNetworkRequestExecutionTime: REQUEST_DURATION_SYSTEM='2077',REQUEST_DURATION_OKHTTP='840',REQUEST_SYNCHRONOUS='TRUE',RESPONSE_CODE='200',RESPONSE_METHOD='GET',RESPONSE_LENGTH_OKHTTP='4249',RESPONSE_LENGTH_HEADER='4249',REQUEST_PROTOCOL='h2',REQUEST_URL='https://b.thumbs.redditmedia.com/lMqJbh1Z40ffemA0TnSfVnovznn4hvJNue60AsJ-ETs.jpg',
08-04 21:47:59.589  9688 12489 D OK      : request got status: 200
08-04 21:47:59.625  9688 12494 I NAPPA_EXPERIMENTATION: MetricNetworkRequestExecutionTime: REQUEST_DURATION_SYSTEM='2095',REQUEST_DURATION_OKHTTP='762',REQUEST_SYNCHRONOUS='TRUE',RESPONSE_CODE='200',RESPONSE_METHOD='GET',RESPONSE_LENGTH_OKHTTP='6221',RESPONSE_LENGTH_HEADER='6221',REQUEST_PROTOCOL='h2',REQUEST_URL='https://b.thumbs.redditmedia.com/d_-UsfmKASoIHi4vZyyjvvwFtm1S7-DEi9AQPOnGIgY.jpg',
08-04 21:47:59.625  9688 12494 D OK      : request got status: 200
08-04 21:47:59.656  9688  9701 I art     : Starting a blocking GC Explicit
08-04 21:47:59.707  9688 12557 I NAPPA_EXPERIMENTATION: MetricNetworkRequestExecutionTime: REQUEST_DURATION_SYSTEM='753',REQUEST_DURATION_OKHTTP='753',REQUEST_SYNCHRONOUS='TRUE',RESPONSE_CODE='200',RESPONSE_METHOD='GET',RESPONSE_LENGTH_OKHTTP='2696',RESPONSE_LENGTH_HEADER='2696',REQUEST_PROTOCOL='h2',REQUEST_URL='https://v.redd.it/syww111dtjd51/DASHPlaylist.mpd',
08-04 21:47:59.707  9688 12557 D OK      : request got status: 200
08-04 21:47:59.721  9688  9701 I art     : Explicit concurrent mark sweep GC freed 11421(1351KB) AllocSpace objects, 78(4MB) LOS objects, 31% free, 35MB/51MB, paused 2.480ms total 64.018ms
08-04 21:47:59.722  9688 12562 I NAPPA_EXPERIMENTATION: MetricNetworkRequestExecutionTime: REQUEST_DURATION_SYSTEM='742',REQUEST_DURATION_OKHTTP='741',REQUEST_SYNCHRONOUS='TRUE',RESPONSE_CODE='200',RESPONSE_METHOD='GET',RESPONSE_LENGTH_OKHTTP='2071',RESPONSE_LENGTH_HEADER='2071',REQUEST_PROTOCOL='h2',REQUEST_URL='https://v.redd.it/pbqrrfb3tkd51/DASHPlaylist.mpd',
08-04 21:47:59.722  9688 12562 D OK      : request got status: 200
08-04 21:47:59.728  9688 12559 I NAPPA_EXPERIMENTATION: MetricNetworkRequestExecutionTime: REQUEST_DURATION_SYSTEM='757',REQUEST_DURATION_OKHTTP='756',REQUEST_SYNCHRONOUS='TRUE',RESPONSE_CODE='200',RESPONSE_METHOD='GET',RESPONSE_LENGTH_OKHTTP='5307',RESPONSE_LENGTH_HEADER='5307',REQUEST_PROTOCOL='h2',REQUEST_URL='https://a.thumbs.redditmedia.com/EFVm-ZqqhARyEaKgtwU74c7tfzEDJvI0uiHXGglFag4.jpg',
08-04 21:47:59.728  9688 12559 D OK      : request got status: 200
08-04 21:47:59.739  9688 12557 I RedditVideosAPI: For 'https://v.redd.it/syww111dtjd51/DASHPlaylist.mpd', got video stream 'https://v.redd.it/syww111dtjd51/DASH_480' and audio stream 'https://v.redd.it/syww111dtjd51/audio'
08-04 21:47:59.740  9688  9701 I art     : Starting a blocking GC Explicit
08-04 21:47:59.746  9688 12555 I NAPPA_EXPERIMENTATION: MetricNetworkRequestExecutionTime: REQUEST_DURATION_SYSTEM='800',REQUEST_DURATION_OKHTTP='799',REQUEST_SYNCHRONOUS='TRUE',RESPONSE_CODE='200',RESPONSE_METHOD='GET',RESPONSE_LENGTH_OKHTTP='5435',RESPONSE_LENGTH_HEADER='5435',REQUEST_PROTOCOL='h2',REQUEST_URL='https://b.thumbs.redditmedia.com/WehZGjN94ALGdO0M7RjPJ2EwcyyWVZ_NUn1Fuf7IYWY.jpg',
08-04 21:47:59.746  9688 12555 D OK      : request got status: 200
08-04 21:47:59.762  9688 12568 I NAPPA_EXPERIMENTATION: MetricNetworkRequestExecutionTime: REQUEST_DURATION_SYSTEM='763',REQUEST_DURATION_OKHTTP='762',REQUEST_SYNCHRONOUS='TRUE',RESPONSE_CODE='200',RESPONSE_METHOD='GET',RESPONSE_LENGTH_OKHTTP='3635',RESPONSE_LENGTH_HEADER='3635',REQUEST_PROTOCOL='h2',REQUEST_URL='https://a.thumbs.redditmedia.com/Kzag-wH9wKRRg2MnPwgoFgXT_2jN_nkJ1lY1aNRQyT4.jpg',
08-04 21:47:59.762  9688 12568 D OK      : request got status: 200
08-04 21:47:59.768  9688 12564 I NAPPA_EXPERIMENTATION: MetricNetworkRequestExecutionTime: REQUEST_DURATION_SYSTEM='782',REQUEST_DURATION_OKHTTP='782',REQUEST_SYNCHRONOUS='TRUE',RESPONSE_CODE='200',RESPONSE_METHOD='GET',RESPONSE_LENGTH_OKHTTP='3060',RESPONSE_LENGTH_HEADER='3060',REQUEST_PROTOCOL='h2',REQUEST_URL='https://v.redd.it/rrygsb8i4ld51/DASHPlaylist.mpd',
08-04 21:47:59.768  9688 12564 D OK      : request got status: 200
08-04 21:47:59.770  9688 12562 I RedditVideosAPI: For 'https://v.redd.it/pbqrrfb3tkd51/DASHPlaylist.mpd', got video stream 'https://v.redd.it/pbqrrfb3tkd51/DASH_480' and audio stream 'null'
08-04 21:47:59.773  9688 12569 I NAPPA_EXPERIMENTATION: MetricNetworkRequestExecutionTime: REQUEST_DURATION_SYSTEM='761',REQUEST_DURATION_OKHTTP='760',REQUEST_SYNCHRONOUS='TRUE',RESPONSE_CODE='200',RESPONSE_METHOD='GET',RESPONSE_LENGTH_OKHTTP='5641',RESPONSE_LENGTH_HEADER='5641',REQUEST_PROTOCOL='h2',REQUEST_URL='https://a.thumbs.redditmedia.com/P4gSGpXpi2wDXthNZ-LiwEs5Jvplm6dQ7W7Isqa7un4.jpg',
08-04 21:47:59.773  9688 12569 D OK      : request got status: 200
08-04 21:47:59.785  9688 12572 I NAPPA_EXPERIMENTATION: MetricNetworkRequestExecutionTime: REQUEST_DURATION_SYSTEM='766',REQUEST_DURATION_OKHTTP='765',REQUEST_SYNCHRONOUS='TRUE',RESPONSE_CODE='200',RESPONSE_METHOD='GET',RESPONSE_LENGTH_OKHTTP='2789',RESPONSE_LENGTH_HEADER='2789',REQUEST_PROTOCOL='h2',REQUEST_URL='https://v.redd.it/5x6zzipz8ld51/DASHPlaylist.mpd',
08-04 21:47:59.785  9688 12572 D OK      : request got status: 200
08-04 21:47:59.792  9688 12567 I NAPPA_EXPERIMENTATION: MetricNetworkRequestExecutionTime: REQUEST_DURATION_SYSTEM='795',REQUEST_DURATION_OKHTTP='794',REQUEST_SYNCHRONOUS='TRUE',RESPONSE_CODE='200',RESPONSE_METHOD='GET',RESPONSE_LENGTH_OKHTTP='7540',RESPONSE_LENGTH_HEADER='7540',REQUEST_PROTOCOL='h2',REQUEST_URL='https://a.thumbs.redditmedia.com/Tfsm0ol-ltlxNSBAkZ_4G4302d0hYeOSODkvXidBBR8.jpg',
08-04 21:47:59.792  9688 12567 D OK      : request got status: 200
08-04 21:47:59.794  9688  9701 I art     : Explicit concurrent mark sweep GC freed 2242(234KB) AllocSpace objects, 11(760KB) LOS objects, 31% free, 35MB/51MB, paused 2.249ms total 53.623ms
08-04 21:47:59.802  9688 12556 I NAPPA_EXPERIMENTATION: MetricNetworkRequestExecutionTime: REQUEST_DURATION_SYSTEM='850',REQUEST_DURATION_OKHTTP='849',REQUEST_SYNCHRONOUS='TRUE',RESPONSE_CODE='200',RESPONSE_METHOD='GET',RESPONSE_LENGTH_OKHTTP='5191',RESPONSE_LENGTH_HEADER='5191',REQUEST_PROTOCOL='h2',REQUEST_URL='https://b.thumbs.redditmedia.com/Xdo4lcQOwuUNK1yxSlXZ0OI8u23ORAr16_AzfAZ1nvU.jpg',
08-04 21:47:59.802  9688 12556 D OK      : request got status: 200
08-04 21:47:59.812  9688  9701 I art     : Starting a blocking GC Explicit
08-04 21:47:59.818  9688 12575 I NAPPA_EXPERIMENTATION: MetricNetworkRequestExecutionTime: REQUEST_DURATION_SYSTEM='791',REQUEST_DURATION_OKHTTP='791',REQUEST_SYNCHRONOUS='TRUE',RESPONSE_CODE='200',RESPONSE_METHOD='GET',RESPONSE_LENGTH_OKHTTP='-1',RESPONSE_LENGTH_HEADER='377',REQUEST_PROTOCOL='h2',REQUEST_URL='https://api.imgur.com/3/image/nLQR2hT',
08-04 21:47:59.818  9688 12575 D OK      : request got status: 200
08-04 21:47:59.819  9688 12577 I NAPPA_EXPERIMENTATION: MetricNetworkRequestExecutionTime: REQUEST_DURATION_SYSTEM='768',REQUEST_DURATION_OKHTTP='767',REQUEST_SYNCHRONOUS='TRUE',RESPONSE_CODE='200',RESPONSE_METHOD='GET',RESPONSE_LENGTH_OKHTTP='4470',RESPONSE_LENGTH_HEADER='4470',REQUEST_PROTOCOL='h2',REQUEST_URL='https://a.thumbs.redditmedia.com/ffAKmOqnTuDMNR9MRfCdRtkq_CzN3MVhZxS64ZPYRh4.jpg',
08-04 21:47:59.819  9688 12577 D OK      : request got status: 200
08-04 21:47:59.824  9688 12573 I NAPPA_EXPERIMENTATION: MetricNetworkRequestExecutionTime: REQUEST_DURATION_SYSTEM='802',REQUEST_DURATION_OKHTTP='801',REQUEST_SYNCHRONOUS='TRUE',RESPONSE_CODE='200',RESPONSE_METHOD='GET',RESPONSE_LENGTH_OKHTTP='2700',RESPONSE_LENGTH_HEADER='2700',REQUEST_PROTOCOL='h2',REQUEST_URL='https://v.redd.it/75en73fm5id51/DASHPlaylist.mpd',
08-04 21:47:59.824  9688 12573 D OK      : request got status: 200
08-04 21:47:59.843  9688 12558 I NAPPA_EXPERIMENTATION: MetricNetworkRequestExecutionTime: REQUEST_DURATION_SYSTEM='879',REQUEST_DURATION_OKHTTP='878',REQUEST_SYNCHRONOUS='TRUE',RESPONSE_CODE='200',RESPONSE_METHOD='GET',RESPONSE_LENGTH_OKHTTP='5098',RESPONSE_LENGTH_HEADER='5098',REQUEST_PROTOCOL='h2',REQUEST_URL='https://b.thumbs.redditmedia.com/2KMYZ5hTlKXSvNO4hDUPyMba8Yz6skyu1SjUhLq1d9s.jpg',
08-04 21:47:59.843  9688 12558 D OK      : request got status: 200
08-04 21:47:59.865  9688  9701 I art     : Explicit concurrent mark sweep GC freed 1647(197KB) AllocSpace objects, 16(1052KB) LOS objects, 30% free, 36MB/52MB, paused 1.911ms total 52.835ms
08-04 21:47:59.869  9688 12561 I NAPPA_EXPERIMENTATION: MetricNetworkRequestExecutionTime: REQUEST_DURATION_SYSTEM='892',REQUEST_DURATION_OKHTTP='891',REQUEST_SYNCHRONOUS='TRUE',RESPONSE_CODE='200',RESPONSE_METHOD='GET',RESPONSE_LENGTH_OKHTTP='5414',RESPONSE_LENGTH_HEADER='5414',REQUEST_PROTOCOL='h2',REQUEST_URL='https://b.thumbs.redditmedia.com/Ja8yiRMklM2lXd8q60LtBI6CqdmJ5YbWHRiBVFmICJA.jpg',
08-04 21:47:59.869  9688 12561 D OK      : request got status: 200
08-04 21:47:59.873  9688 12564 I RedditVideosAPI: For 'https://v.redd.it/rrygsb8i4ld51/DASHPlaylist.mpd', got video stream 'https://v.redd.it/rrygsb8i4ld51/DASH_480' and audio stream 'https://v.redd.it/rrygsb8i4ld51/audio'
08-04 21:47:59.877  9688 12560 I NAPPA_EXPERIMENTATION: MetricNetworkRequestExecutionTime: REQUEST_DURATION_SYSTEM='901',REQUEST_DURATION_OKHTTP='899',REQUEST_SYNCHRONOUS='TRUE',RESPONSE_CODE='200',RESPONSE_METHOD='GET',RESPONSE_LENGTH_OKHTTP='4475',RESPONSE_LENGTH_HEADER='4475',REQUEST_PROTOCOL='h2',REQUEST_URL='https://b.thumbs.redditmedia.com/qi4bNDKzoPvaSaSx99K2bAjwaRHh1nuOrcbySp1JHdk.jpg',
08-04 21:47:59.877  9688 12560 D OK      : request got status: 200
08-04 21:47:59.884  9688  9701 I art     : Starting a blocking GC Explicit
08-04 21:47:59.890  9688 12565 I NAPPA_EXPERIMENTATION: MetricNetworkRequestExecutionTime: REQUEST_DURATION_SYSTEM='901',REQUEST_DURATION_OKHTTP='900',REQUEST_SYNCHRONOUS='TRUE',RESPONSE_CODE='200',RESPONSE_METHOD='GET',RESPONSE_LENGTH_OKHTTP='5968',RESPONSE_LENGTH_HEADER='5968',REQUEST_PROTOCOL='h2',REQUEST_URL='https://b.thumbs.redditmedia.com/SiCWTmKkQcbiAa7naxAHnw0adTeRkq1dB8QSqzGU7-Q.jpg',
08-04 21:47:59.891  9688 12565 D OK      : request got status: 200
08-04 21:47:59.898  9688 12563 I NAPPA_EXPERIMENTATION: MetricNetworkRequestExecutionTime: REQUEST_DURATION_SYSTEM='914',REQUEST_DURATION_OKHTTP='913',REQUEST_SYNCHRONOUS='TRUE',RESPONSE_CODE='200',RESPONSE_METHOD='GET',RESPONSE_LENGTH_OKHTTP='4921',RESPONSE_LENGTH_HEADER='4921',REQUEST_PROTOCOL='h2',REQUEST_URL='https://b.thumbs.redditmedia.com/o5lSsJ_tCgCQxcdjMGaYxuveNluXB1PQT4PokXDhpvc.jpg',
08-04 21:47:59.898  9688 12563 D OK      : request got status: 200
08-04 21:47:59.899  9688 12566 I NAPPA_EXPERIMENTATION: MetricNetworkRequestExecutionTime: REQUEST_DURATION_SYSTEM='907',REQUEST_DURATION_OKHTTP='906',REQUEST_SYNCHRONOUS='TRUE',RESPONSE_CODE='200',RESPONSE_METHOD='GET',RESPONSE_LENGTH_OKHTTP='5378',RESPONSE_LENGTH_HEADER='5378',REQUEST_PROTOCOL='h2',REQUEST_URL='https://b.thumbs.redditmedia.com/C9qrVibnNxmzfLDKvEHp2v2Bo-Kqme7PoKC52s2o52M.jpg',
08-04 21:47:59.899  9688 12566 D OK      : request got status: 200
08-04 21:47:59.927  9688 12572 I RedditVideosAPI: For 'https://v.redd.it/5x6zzipz8ld51/DASHPlaylist.mpd', got video stream 'https://v.redd.it/5x6zzipz8ld51/DASH_480' and audio stream 'null'
08-04 21:47:59.935  9688  9701 I art     : Explicit concurrent mark sweep GC freed 1746(252KB) AllocSpace objects, 16(1104KB) LOS objects, 30% free, 36MB/52MB, paused 1.655ms total 50.419ms
08-04 21:47:59.945  9688 12571 I NAPPA_EXPERIMENTATION: MetricNetworkRequestExecutionTime: REQUEST_DURATION_SYSTEM='927',REQUEST_DURATION_OKHTTP='927',REQUEST_SYNCHRONOUS='TRUE',RESPONSE_CODE='200',RESPONSE_METHOD='GET',RESPONSE_LENGTH_OKHTTP='3183',RESPONSE_LENGTH_HEADER='3183',REQUEST_PROTOCOL='h2',REQUEST_URL='https://b.thumbs.redditmedia.com/3QPAtixkID9ojpqCAgfspJpruqoq45fM1G-Fx1K2F2A.jpg',
08-04 21:47:59.945  9688 12571 D OK      : request got status: 200
08-04 21:47:59.953  9688  9701 I art     : Starting a blocking GC Explicit
08-04 21:47:59.960  9688 12570 I NAPPA_EXPERIMENTATION: MetricNetworkRequestExecutionTime: REQUEST_DURATION_SYSTEM='944',REQUEST_DURATION_OKHTTP='943',REQUEST_SYNCHRONOUS='TRUE',RESPONSE_CODE='200',RESPONSE_METHOD='GET',RESPONSE_LENGTH_OKHTTP='4080',RESPONSE_LENGTH_HEADER='4080',REQUEST_PROTOCOL='h2',REQUEST_URL='https://b.thumbs.redditmedia.com/XkIhgqugP-9Zcb5I9A8o0r-zQJDh_6kastc0oWiiHkI.jpg',
08-04 21:47:59.960  9688 12570 D OK      : request got status: 200
08-04 21:47:59.968  9688 12587 I NAPPA_EXPERIMENTATION: MetricNetworkRequestExecutionTime: REQUEST_DURATION_SYSTEM='678',REQUEST_DURATION_OKHTTP='677',REQUEST_SYNCHRONOUS='TRUE',RESPONSE_CODE='200',RESPONSE_METHOD='GET',RESPONSE_LENGTH_OKHTTP='1713',RESPONSE_LENGTH_HEADER='1713',REQUEST_PROTOCOL='h2',REQUEST_URL='https://v.redd.it/ggz4fyth6hd51/DASHPlaylist.mpd',
08-04 21:47:59.968  9688 12587 D OK      : request got status: 200
08-04 21:47:59.972  9688 12588 I NAPPA_EXPERIMENTATION: MetricNetworkRequestExecutionTime: REQUEST_DURATION_SYSTEM='668',REQUEST_DURATION_OKHTTP='667',REQUEST_SYNCHRONOUS='TRUE',RESPONSE_CODE='200',RESPONSE_METHOD='GET',RESPONSE_LENGTH_OKHTTP='2427',RESPONSE_LENGTH_HEADER='2427',REQUEST_PROTOCOL='h2',REQUEST_URL='https://v.redd.it/psrknoobrgd51/DASHPlaylist.mpd',
08-04 21:47:59.972  9688 12588 D OK      : request got status: 200
08-04 21:47:59.986  9688 12576 I NAPPA_EXPERIMENTATION: MetricNetworkRequestExecutionTime: REQUEST_DURATION_SYSTEM='958',REQUEST_DURATION_OKHTTP='957',REQUEST_SYNCHRONOUS='TRUE',RESPONSE_CODE='200',RESPONSE_METHOD='GET',RESPONSE_LENGTH_OKHTTP='3864',RESPONSE_LENGTH_HEADER='3864',REQUEST_PROTOCOL='h2',REQUEST_URL='https://b.thumbs.redditmedia.com/B1vXKY_-gTPbs625-RJ1MLIXxzCqfmnCB_0xnGjCECQ.jpg',
08-04 21:47:59.986  9688 12576 D OK      : request got status: 200
08-04 21:47:59.988  9688 12574 I NAPPA_EXPERIMENTATION: MetricNetworkRequestExecutionTime: REQUEST_DURATION_SYSTEM='965',REQUEST_DURATION_OKHTTP='964',REQUEST_SYNCHRONOUS='TRUE',RESPONSE_CODE='200',RESPONSE_METHOD='GET',RESPONSE_LENGTH_OKHTTP='6654',RESPONSE_LENGTH_HEADER='6654',REQUEST_PROTOCOL='h2',REQUEST_URL='https://b.thumbs.redditmedia.com/orK4W8Xc99pTzIT6q1waTsppldq24p1qMsHtkNnmu9w.jpg',
08-04 21:47:59.988  9688 12574 D OK      : request got status: 200
08-04 21:47:59.993  9688 12590 I NAPPA_EXPERIMENTATION: MetricNetworkRequestExecutionTime: REQUEST_DURATION_SYSTEM='676',REQUEST_DURATION_OKHTTP='674',REQUEST_SYNCHRONOUS='TRUE',RESPONSE_CODE='200',RESPONSE_METHOD='GET',RESPONSE_LENGTH_OKHTTP='2071',RESPONSE_LENGTH_HEADER='2071',REQUEST_PROTOCOL='h2',REQUEST_URL='https://v.redd.it/jk6cwef4wld51/DASHPlaylist.mpd',
08-04 21:47:59.993  9688 12590 D OK      : request got status: 200
08-04 21:47:59.996  9688 12578 I NAPPA_EXPERIMENTATION: MetricNetworkRequestExecutionTime: REQUEST_DURATION_SYSTEM='900',REQUEST_DURATION_OKHTTP='899',REQUEST_SYNCHRONOUS='TRUE',RESPONSE_CODE='200',RESPONSE_METHOD='GET',RESPONSE_LENGTH_OKHTTP='5125',RESPONSE_LENGTH_HEADER='5125',REQUEST_PROTOCOL='h2',REQUEST_URL='https://b.thumbs.redditmedia.com/OF1KI_LdSDMMWCy-WgJyRhIcM5fr7kDyu_OnpfRXHfI.jpg',
08-04 21:47:59.996  9688 12578 D OK      : request got status: 200
08-04 21:48:00.001  9688 12591 I NAPPA_EXPERIMENTATION: MetricNetworkRequestExecutionTime: REQUEST_DURATION_SYSTEM='679',REQUEST_DURATION_OKHTTP='679',REQUEST_SYNCHRONOUS='TRUE',RESPONSE_CODE='200',RESPONSE_METHOD='GET',RESPONSE_LENGTH_OKHTTP='3058',RESPONSE_LENGTH_HEADER='3058',REQUEST_PROTOCOL='h2',REQUEST_URL='https://v.redd.it/t81s8zfz9ld51/DASHPlaylist.mpd',
08-04 21:48:00.001  9688 12591 D OK      : request got status: 200
08-04 21:48:00.005  9688  9701 I art     : Explicit concurrent mark sweep GC freed 2049(211KB) AllocSpace objects, 13(716KB) LOS objects, 29% free, 37MB/53MB, paused 1.927ms total 51.167ms
08-04 21:48:00.008  9688 12579 I NAPPA_EXPERIMENTATION: MetricNetworkRequestExecutionTime: REQUEST_DURATION_SYSTEM='884',REQUEST_DURATION_OKHTTP='883',REQUEST_SYNCHRONOUS='TRUE',RESPONSE_CODE='200',RESPONSE_METHOD='GET',RESPONSE_LENGTH_OKHTTP='6723',RESPONSE_LENGTH_HEADER='6723',REQUEST_PROTOCOL='h2',REQUEST_URL='https://b.thumbs.redditmedia.com/vuAhA4gGAmYfrTFA4woxZcKgmiDzJ3nAsql2pxcYGFs.jpg',
08-04 21:48:00.008  9688 12579 D OK      : request got status: 200
08-04 21:48:00.015  9688 12581 I NAPPA_EXPERIMENTATION: MetricNetworkRequestExecutionTime: REQUEST_DURATION_SYSTEM='829',REQUEST_DURATION_OKHTTP='828',REQUEST_SYNCHRONOUS='TRUE',RESPONSE_CODE='200',RESPONSE_METHOD='GET',RESPONSE_LENGTH_OKHTTP='6316',RESPONSE_LENGTH_HEADER='6316',REQUEST_PROTOCOL='h2',REQUEST_URL='https://b.thumbs.redditmedia.com/wxTBcOhAgsmbc-TRaGNHpYJYnEOBr2LNsaZ6pCM91Lc.jpg',
08-04 21:48:00.015  9688 12581 D OK      : request got status: 200
08-04 21:48:00.025  9688 12573 I RedditVideosAPI: For 'https://v.redd.it/75en73fm5id51/DASHPlaylist.mpd', got video stream 'https://v.redd.it/75en73fm5id51/DASH_480' and audio stream 'https://v.redd.it/75en73fm5id51/audio'
08-04 21:48:00.029  9688 12593 I NAPPA_EXPERIMENTATION: MetricNetworkRequestExecutionTime: REQUEST_DURATION_SYSTEM='671',REQUEST_DURATION_OKHTTP='670',REQUEST_SYNCHRONOUS='TRUE',RESPONSE_CODE='200',RESPONSE_METHOD='GET',RESPONSE_LENGTH_OKHTTP='2344',RESPONSE_LENGTH_HEADER='2344',REQUEST_PROTOCOL='h2',REQUEST_URL='https://v.redd.it/ue0jdgk9zhd51/DASHPlaylist.mpd',
08-04 21:48:00.029  9688 12593 D OK      : request got status: 200
08-04 21:48:00.031  9688 12592 I NAPPA_EXPERIMENTATION: MetricNetworkRequestExecutionTime: REQUEST_DURATION_SYSTEM='690',REQUEST_DURATION_OKHTTP='690',REQUEST_SYNCHRONOUS='TRUE',RESPONSE_CODE='200',RESPONSE_METHOD='GET',RESPONSE_LENGTH_OKHTTP='2071',RESPONSE_LENGTH_HEADER='2071',REQUEST_PROTOCOL='h2',REQUEST_URL='https://v.redd.it/xd6c4yyutgd51/DASHPlaylist.mpd',
08-04 21:48:00.032  9688 12592 D OK      : request got status: 200
08-04 21:48:00.033  9688 12580 I NAPPA_EXPERIMENTATION: MetricNetworkRequestExecutionTime: REQUEST_DURATION_SYSTEM='867',REQUEST_DURATION_OKHTTP='866',REQUEST_SYNCHRONOUS='TRUE',RESPONSE_CODE='200',RESPONSE_METHOD='GET',RESPONSE_LENGTH_OKHTTP='5329',RESPONSE_LENGTH_HEADER='5329',REQUEST_PROTOCOL='h2',REQUEST_URL='https://b.thumbs.redditmedia.com/PtV7mFsO2n0j4YJweZjEqyVJ45hap4hXix9dwj6D0Wg.jpg',
08-04 21:48:00.033  9688 12580 D OK      : request got status: 200
08-04 21:48:00.054  9688 12472 I NAPPA_EXPERIMENTATION: MetricNetworkRequestExecutionTime: REQUEST_DURATION_SYSTEM='2611',REQUEST_DURATION_OKHTTP='751',REQUEST_SYNCHRONOUS='TRUE',RESPONSE_CODE='200',RESPONSE_METHOD='GET',RESPONSE_LENGTH_OKHTTP='6093',RESPONSE_LENGTH_HEADER='6093',REQUEST_PROTOCOL='h2',REQUEST_URL='https://b.thumbs.redditmedia.com/lQKqDneXS8E7ZBD9cUQy4OqOt8PuTneSvVFtnU0pwCE.jpg',
08-04 21:48:00.054  9688 12472 D OK      : request got status: 200
08-04 21:48:00.057  9688 12586 I NAPPA_EXPERIMENTATION: MetricNetworkRequestExecutionTime: REQUEST_DURATION_SYSTEM='778',REQUEST_DURATION_OKHTTP='777',REQUEST_SYNCHRONOUS='TRUE',RESPONSE_CODE='200',RESPONSE_METHOD='GET',RESPONSE_LENGTH_OKHTTP='5579',RESPONSE_LENGTH_HEADER='5579',REQUEST_PROTOCOL='h2',REQUEST_URL='https://b.thumbs.redditmedia.com/u2qz17QE3X5G7kkJrgK3HPCdxNQxNkhaWqfIhCuRMvE.jpg',
08-04 21:48:00.057  9688 12586 D OK      : request got status: 200
08-04 21:48:00.062  9688 12582 I NAPPA_EXPERIMENTATION: MetricNetworkRequestExecutionTime: REQUEST_DURATION_SYSTEM='842',REQUEST_DURATION_OKHTTP='841',REQUEST_SYNCHRONOUS='TRUE',RESPONSE_CODE='200',RESPONSE_METHOD='GET',RESPONSE_LENGTH_OKHTTP='7815',RESPONSE_LENGTH_HEADER='7815',REQUEST_PROTOCOL='h2',REQUEST_URL='https://b.thumbs.redditmedia.com/Wo7bFIVNZYYuNioRYwZFYxrl6QMk0lT-3W01wrXgHmE.jpg',
08-04 21:48:00.062  9688 12582 D OK      : request got status: 200
08-04 21:48:00.062  9688 12585 I NAPPA_EXPERIMENTATION: MetricNetworkRequestExecutionTime: REQUEST_DURATION_SYSTEM='804',REQUEST_DURATION_OKHTTP='803',REQUEST_SYNCHRONOUS='TRUE',RESPONSE_CODE='200',RESPONSE_METHOD='GET',RESPONSE_LENGTH_OKHTTP='5198',RESPONSE_LENGTH_HEADER='5198',REQUEST_PROTOCOL='h2',REQUEST_URL='https://b.thumbs.redditmedia.com/KrRufqpifph7KM2Le5RdqEYQb24zbB4fizBJpFaH1Pc.jpg',
08-04 21:48:00.062  9688 12585 D OK      : request got status: 200
08-04 21:48:00.068  9688 12584 I NAPPA_EXPERIMENTATION: MetricNetworkRequestExecutionTime: REQUEST_DURATION_SYSTEM='826',REQUEST_DURATION_OKHTTP='825',REQUEST_SYNCHRONOUS='TRUE',RESPONSE_CODE='200',RESPONSE_METHOD='GET',RESPONSE_LENGTH_OKHTTP='5648',RESPONSE_LENGTH_HEADER='5648',REQUEST_PROTOCOL='h2',REQUEST_URL='https://b.thumbs.redditmedia.com/NoqMycYTzsyhI0Lq351riEI1mO9p8PvY1QwcZ9Irb9g.jpg',
08-04 21:48:00.069  9688 12584 D OK      : request got status: 200
08-04 21:48:00.309  9688 12587 I RedditVideosAPI: For 'https://v.redd.it/ggz4fyth6hd51/DASHPlaylist.mpd', got video stream 'https://v.redd.it/ggz4fyth6hd51/DASH_360' and audio stream 'null'
08-04 21:48:00.316  9688 12588 I RedditVideosAPI: For 'https://v.redd.it/psrknoobrgd51/DASHPlaylist.mpd', got video stream 'https://v.redd.it/psrknoobrgd51/DASH_480' and audio stream 'null'
08-04 21:48:00.329  9688  9700 I art     : Starting a blocking GC Explicit
08-04 21:48:00.333  9688 12591 I RedditVideosAPI: For 'https://v.redd.it/t81s8zfz9ld51/DASHPlaylist.mpd', got video stream 'https://v.redd.it/t81s8zfz9ld51/DASH_480' and audio stream 'https://v.redd.it/t81s8zfz9ld51/audio'
08-04 21:48:00.348  9688 12590 I RedditVideosAPI: For 'https://v.redd.it/jk6cwef4wld51/DASHPlaylist.mpd', got video stream 'https://v.redd.it/jk6cwef4wld51/DASH_480' and audio stream 'null'
08-04 21:48:00.367  9688 12593 I RedditVideosAPI: For 'https://v.redd.it/ue0jdgk9zhd51/DASHPlaylist.mpd', got video stream 'https://v.redd.it/ue0jdgk9zhd51/DASH_360' and audio stream 'https://v.redd.it/ue0jdgk9zhd51/audio'
08-04 21:48:00.379  9688 12592 I RedditVideosAPI: For 'https://v.redd.it/xd6c4yyutgd51/DASHPlaylist.mpd', got video stream 'https://v.redd.it/xd6c4yyutgd51/DASH_480' and audio stream 'null'
08-04 21:48:00.383  9688  9700 I art     : Explicit concurrent mark sweep GC freed 8205(1137KB) AllocSpace objects, 83(5MB) LOS objects, 28% free, 39MB/55MB, paused 779us total 53.957ms
08-04 21:48:00.403  9688  9700 I art     : Starting a blocking GC Explicit
08-04 21:48:00.449  9688  9700 I art     : Explicit concurrent mark sweep GC freed 2517(326KB) AllocSpace objects, 30(1696KB) LOS objects, 28% free, 40MB/56MB, paused 564us total 46.213ms
08-04 21:48:00.468  9688  9700 I art     : Starting a blocking GC Explicit
08-04 21:48:00.518  9688  9700 I art     : Explicit concurrent mark sweep GC freed 742(44KB) AllocSpace objects, 7(440KB) LOS objects, 28% free, 39MB/55MB, paused 617us total 49.420ms
08-04 21:48:00.537  9688  9700 I art     : Starting a blocking GC Explicit
08-04 21:48:00.593  9688  9700 I art     : Explicit concurrent mark sweep GC freed 22(688B) AllocSpace objects, 0(0B) LOS objects, 28% free, 39MB/55MB, paused 685us total 55.155ms
08-04 21:48:00.616  9688  9700 I art     : Starting a blocking GC Explicit
08-04 21:48:00.673  9688  9700 I art     : Explicit concurrent mark sweep GC freed 3(96B) AllocSpace objects, 0(0B) LOS objects, 28% free, 39MB/55MB, paused 643us total 56.692ms
08-04 21:48:01.047  9688  9750 I art     : Starting a blocking GC Explicit
08-04 21:48:01.104  9688  9750 I art     : Explicit concurrent mark sweep GC freed 1357(82KB) AllocSpace objects, 1(20KB) LOS objects, 28% free, 39MB/55MB, paused 569us total 56.552ms
08-04 21:48:01.124  9688  9750 I art     : Starting a blocking GC Explicit
08-04 21:48:01.174  9688  9750 I art     : Explicit concurrent mark sweep GC freed 20(704B) AllocSpace objects, 0(0B) LOS objects, 28% free, 39MB/55MB, paused 496us total 49.754ms
08-04 21:48:01.193  9688  9750 I art     : Starting a blocking GC Explicit
08-04 21:48:01.242  9688  9750 I art     : Explicit concurrent mark sweep GC freed 3(96B) AllocSpace objects, 0(0B) LOS objects, 28% free, 39MB/55MB, paused 560us total 48.190ms
08-04 21:48:01.261  9688  9750 I art     : Starting a blocking GC Explicit
08-04 21:48:01.310  9688  9750 I art     : Explicit concurrent mark sweep GC freed 3(96B) AllocSpace objects, 0(0B) LOS objects, 28% free, 39MB/55MB, paused 531us total 49.157ms
08-04 21:48:01.329  9688  9750 I art     : Starting a blocking GC Explicit
08-04 21:48:01.383  9688  9750 I art     : Explicit concurrent mark sweep GC freed 3(96B) AllocSpace objects, 0(0B) LOS objects, 28% free, 39MB/55MB, paused 588us total 53.721ms
08-04 21:48:01.664 12625 12625 D AndroidRuntime: >>>>>> START com.android.internal.os.RuntimeInit uid 2000 <<<<<<
08-04 21:48:01.670 12625 12625 D AndroidRuntime: CheckJNI is OFF
08-04 21:48:01.715 12625 12625 D ICU     : No timezone override file found: /data/misc/zoneinfo/current/icu/icu_tzdata.dat
08-04 21:48:01.754  9688  9914 I art     : Starting a blocking GC Explicit
08-04 21:48:01.758 12625 12625 I Radio-JNI: register_android_hardware_Radio DONE
08-04 21:48:01.765   918  3188 I hubconnection: sensorhub said: 'set_bias 3: -4.8000, 0.0000, 0.0000'
08-04 21:48:01.788 12625 12625 D AndroidRuntime: Calling main entry com.android.commands.input.Input
08-04 21:48:01.792 12625 12625 I Input   : injectMotionEvent: MotionEvent { action=ACTION_DOWN, actionButton=0, id[0]=0, x[0]=1340.0, y[0]=1100.0, toolType[0]=TOOL_TYPE_UNKNOWN, buttonState=0, metaState=0, flags=0x0, edgeFlags=0x0, pointerCount=1, historySize=0, eventTime=740898204, downTime=740898204, deviceId=0, source=0x1002 }
08-04 21:48:01.798 12625 12625 I Input   : injectMotionEvent: MotionEvent { action=ACTION_UP, actionButton=0, id[0]=0, x[0]=1340.0, y[0]=1100.0, toolType[0]=TOOL_TYPE_UNKNOWN, buttonState=0, metaState=0, flags=0x0, edgeFlags=0x0, pointerCount=1, historySize=0, eventTime=740898204, downTime=740898204, deviceId=0, source=0x1002 }
08-04 21:48:01.800 12625 12625 D AndroidRuntime: Shutting down VM
08-04 21:48:01.808  9688  9914 I art     : Explicit concurrent mark sweep GC freed 1360(83KB) AllocSpace objects, 1(20KB) LOS objects, 28% free, 39MB/55MB, paused 577us total 53.191ms
08-04 21:48:01.815   512  2967 D audio_hw_primary: out_set_parameters: enter: usecase(1: low-latency-playback) kvpairs: routing=2
08-04 21:48:01.818   918  6112 I ActivityManager: START u0 {dat=https://oauth.reddit.com/... cmp=baseline.org.quantumbadger.redreader/.activities.CommentListingActivity} from uid 10666 on display 0
08-04 21:48:01.827  9688  9914 I art     : Starting a blocking GC Explicit
08-04 21:48:01.828   512  2967 D audio_hw_primary: select_devices: out_snd_device(2: speaker) in_snd_device(0: none)
08-04 21:48:01.828   512  2967 D msm8974_platform: platform_send_audio_calibration: sending audio calibration for snd_device(2) acdb_id(15)
08-04 21:48:01.828   512  2967 I soundtrigger: audio_extn_sound_trigger_update_device_status: device 0x2 of type 0 for Event 1
08-04 21:48:01.840   512  2967 D audio_hw_primary: enable_snd_device: snd_device(2: speaker)
08-04 21:48:01.843   512  2967 D audio_hw_primary: enable_audio_route: apply and update mixer path: low-latency-playback speaker
08-04 21:48:01.848  9688  9688 I AppCompatViewInflater: app:theme is now deprecated. Please move to using android:theme instead.
08-04 21:48:01.867  9688 12651 D OK      : calling: https://oauth.reddit.com/comments/hzejrd/.json?sort=confidence
08-04 21:48:01.878  9688  9914 I art     : Explicit concurrent mark sweep GC freed 1984(92KB) AllocSpace objects, 0(0B) LOS objects, 28% free, 39MB/55MB, paused 1.077ms total 51.069ms
08-04 21:48:01.897  9688  9914 I art     : Starting a blocking GC Explicit
08-04 21:48:01.944  9688  9914 I art     : Explicit concurrent mark sweep GC freed 7263(833KB) AllocSpace objects, 17(2MB) LOS objects, 30% free, 37MB/53MB, paused 909us total 46.226ms
08-04 21:48:01.944  9688  9699 I art     : WaitForGcToComplete blocked for 46.373ms for cause HeapTrim
08-04 21:48:01.963  9688  9914 I art     : Starting a blocking GC Explicit
08-04 21:48:01.964   918   936 I ActivityManager: Displayed baseline.org.quantumbadger.redreader/.activities.CommentListingActivity: +133ms
08-04 21:48:01.964 13866 13866 I GoogleInputMethodServic: GoogleInputMethodService.onFinishInput():3138 
08-04 21:48:01.964 13866 13866 I GoogleInputMethodServic: GoogleInputMethodService.onStartInput():1808 
08-04 21:48:02.011  9688  9914 I art     : Explicit concurrent mark sweep GC freed 571(23KB) AllocSpace objects, 0(0B) LOS objects, 30% free, 37MB/53MB, paused 525us total 47.544ms
08-04 21:48:02.029  9688  9914 I art     : Starting a blocking GC Explicit
08-04 21:48:02.074  9688  9914 I art     : Explicit concurrent mark sweep GC freed 2036(82KB) AllocSpace objects, 0(0B) LOS objects, 30% free, 37MB/53MB, paused 903us total 44.744ms
08-04 21:48:02.220  9688 12651 I NAPPA_EXPERIMENTATION: MetricNetworkRequestExecutionTime: REQUEST_DURATION_SYSTEM='353',REQUEST_DURATION_OKHTTP='151',REQUEST_SYNCHRONOUS='TRUE',RESPONSE_CODE='200',RESPONSE_METHOD='GET',RESPONSE_LENGTH_OKHTTP='-1',RESPONSE_LENGTH_HEADER='45890',REQUEST_PROTOCOL='h2',REQUEST_URL='https://oauth.reddit.com/comments/hzejrd/.json?sort=confidence',
08-04 21:48:02.221  9688 12651 D OK      : request got status: 200
08-04 21:48:02.227  9688 10259 I CommentListingActivity: COMMENTS session changed to afdfcdbf-25bf-4c39-9cd1-2445bc2101bb
08-04 21:48:02.227   380   380 W SurfaceFlinger: couldn't log to binary event log: overflow.
08-04 21:48:02.378   512  2967 D audio_hw_primary: disable_audio_route: reset and update mixer path: low-latency-playback speaker
08-04 21:48:02.379   512  2967 D audio_hw_primary: disable_snd_device: snd_device(2: speaker)
08-04 21:48:02.386  9688  9750 I art     : Starting a blocking GC Explicit
08-04 21:48:02.387   512  2967 I soundtrigger: audio_extn_sound_trigger_update_device_status: device 0x2 of type 0 for Event 0
08-04 21:48:02.450  9688  9750 I art     : Explicit concurrent mark sweep GC freed 22777(1273KB) AllocSpace objects, 1(20KB) LOS objects, 28% free, 39MB/55MB, paused 999us total 63.700ms
08-04 21:48:02.470  9688  9750 I art     : Starting a blocking GC Explicit
08-04 21:48:02.530  9688  9750 I art     : Explicit concurrent mark sweep GC freed 8427(469KB) AllocSpace objects, 1(68KB) LOS objects, 28% free, 39MB/55MB, paused 947us total 59.605ms
08-04 21:48:02.551  9688  9750 I art     : Starting a blocking GC Explicit
08-04 21:48:02.606  9688  9750 I art     : Explicit concurrent mark sweep GC freed 11679(524KB) AllocSpace objects, 1(68KB) LOS objects, 29% free, 39MB/55MB, paused 545us total 55.035ms
08-04 21:48:02.627  9688  9750 I art     : Starting a blocking GC Explicit
08-04 21:48:02.677  9688  9750 I art     : Explicit concurrent mark sweep GC freed 63(2976B) AllocSpace objects, 0(0B) LOS objects, 29% free, 39MB/55MB, paused 502us total 50.458ms
08-04 21:48:02.696  9688  9750 I art     : Starting a blocking GC Explicit
08-04 21:48:02.748  9688  9750 I art     : Explicit concurrent mark sweep GC freed 5(192B) AllocSpace objects, 0(0B) LOS objects, 29% free, 39MB/55MB, paused 947us total 51.874ms
08-04 21:48:03.094  9688  9701 I art     : Starting a blocking GC Explicit
08-04 21:48:03.157  9688  9701 I art     : Explicit concurrent mark sweep GC freed 1360(83KB) AllocSpace objects, 1(20KB) LOS objects, 29% free, 39MB/55MB, paused 534us total 62.105ms
08-04 21:48:03.180  9688  9701 I art     : Starting a blocking GC Explicit
08-04 21:48:03.242  9688  9701 I art     : Explicit concurrent mark sweep GC freed 931(44KB) AllocSpace objects, 0(0B) LOS objects, 29% free, 39MB/55MB, paused 527us total 61.868ms
08-04 21:48:03.264  9688  9701 I art     : Starting a blocking GC Explicit
08-04 21:48:03.326  9688  9701 I art     : Explicit concurrent mark sweep GC freed 3(96B) AllocSpace objects, 0(0B) LOS objects, 29% free, 39MB/55MB, paused 498us total 61.720ms
08-04 21:48:03.346  9688  9701 I art     : Starting a blocking GC Explicit
08-04 21:48:03.409  9688  9701 I art     : Explicit concurrent mark sweep GC freed 3(96B) AllocSpace objects, 0(0B) LOS objects, 29% free, 39MB/55MB, paused 537us total 62.068ms
08-04 21:48:03.430  9688  9701 I art     : Starting a blocking GC Explicit
08-04 21:48:03.499  9688  9701 I art     : Explicit concurrent mark sweep GC freed 3(96B) AllocSpace objects, 0(0B) LOS objects, 29% free, 39MB/55MB, paused 628us total 68.807ms
08-04 21:48:03.860  9688  9914 I art     : Starting a blocking GC Explicit
08-04 21:48:03.939  9688  9914 I art     : Explicit concurrent mark sweep GC freed 1356(82KB) AllocSpace objects, 1(20KB) LOS objects, 29% free, 39MB/55MB, paused 598us total 78.590ms
08-04 21:48:03.964  9688  9914 I art     : Starting a blocking GC Explicit
08-04 21:48:04.036  9688  9914 I art     : Explicit concurrent mark sweep GC freed 20(704B) AllocSpace objects, 0(0B) LOS objects, 29% free, 39MB/55MB, paused 543us total 72.038ms
08-04 21:48:04.060  9688  9914 I art     : Starting a blocking GC Explicit
08-04 21:48:04.129  9688  9914 I art     : Explicit concurrent mark sweep GC freed 3(96B) AllocSpace objects, 0(0B) LOS objects, 29% free, 39MB/55MB, paused 542us total 69.025ms
08-04 21:48:04.151  9688  9914 I art     : Starting a blocking GC Explicit
08-04 21:48:04.218  9688  9914 I art     : Explicit concurrent mark sweep GC freed 3(96B) AllocSpace objects, 0(0B) LOS objects, 29% free, 39MB/55MB, paused 582us total 66.758ms
08-04 21:48:04.239  9688  9914 I art     : Starting a blocking GC Explicit
08-04 21:48:04.310  9688  9914 I art     : Explicit concurrent mark sweep GC freed 3(96B) AllocSpace objects, 0(0B) LOS objects, 29% free, 39MB/55MB, paused 627us total 70.531ms
08-04 21:48:04.681  9688  9750 I art     : Starting a blocking GC Explicit
08-04 21:48:04.763  9688  9750 I art     : Explicit concurrent mark sweep GC freed 1354(82KB) AllocSpace objects, 1(20KB) LOS objects, 29% free, 39MB/55MB, paused 611us total 81.196ms
08-04 21:48:04.787  9688  9750 I art     : Starting a blocking GC Explicit
08-04 21:48:04.854  9688  9750 I art     : Explicit concurrent mark sweep GC freed 20(704B) AllocSpace objects, 0(0B) LOS objects, 29% free, 39MB/55MB, paused 550us total 67.038ms
08-04 21:48:04.875  9688  9750 I art     : Starting a blocking GC Explicit
08-04 21:48:04.949  9688  9750 I art     : Explicit concurrent mark sweep GC freed 3(96B) AllocSpace objects, 0(0B) LOS objects, 29% free, 39MB/55MB, paused 632us total 73.013ms
08-04 21:48:04.972  9688  9750 I art     : Starting a blocking GC Explicit
08-04 21:48:05.041  9688  9750 I art     : Explicit concurrent mark sweep GC freed 3(96B) AllocSpace objects, 0(0B) LOS objects, 29% free, 39MB/55MB, paused 571us total 68.465ms
08-04 21:48:05.062  9688  9750 I art     : Starting a blocking GC Explicit
08-04 21:48:05.130  9688  9750 I art     : Explicit concurrent mark sweep GC freed 3(96B) AllocSpace objects, 0(0B) LOS objects, 29% free, 39MB/55MB, paused 563us total 68.193ms
08-04 21:48:05.500  9688  9700 I art     : Starting a blocking GC Explicit
08-04 21:48:05.590  9688  9700 I art     : Explicit concurrent mark sweep GC freed 1354(82KB) AllocSpace objects, 1(20KB) LOS objects, 29% free, 39MB/55MB, paused 535us total 89.049ms
08-04 21:48:05.613  9688  9700 I art     : Starting a blocking GC Explicit
08-04 21:48:05.681  9688  9700 I art     : Explicit concurrent mark sweep GC freed 20(704B) AllocSpace objects, 0(0B) LOS objects, 29% free, 39MB/55MB, paused 555us total 67.318ms
08-04 21:48:05.702  9688  9700 I art     : Starting a blocking GC Explicit
08-04 21:48:05.772  9688  9700 I art     : Explicit concurrent mark sweep GC freed 3(96B) AllocSpace objects, 0(0B) LOS objects, 29% free, 39MB/55MB, paused 552us total 69.928ms
08-04 21:48:05.793  9688  9700 I art     : Starting a blocking GC Explicit
08-04 21:48:05.862  9688  9700 I art     : Explicit concurrent mark sweep GC freed 3(96B) AllocSpace objects, 0(0B) LOS objects, 29% free, 39MB/55MB, paused 554us total 68.233ms
08-04 21:48:05.883  9688  9700 I art     : Starting a blocking GC Explicit
08-04 21:48:05.955  9688  9700 I art     : Explicit concurrent mark sweep GC freed 3(96B) AllocSpace objects, 0(0B) LOS objects, 29% free, 39MB/55MB, paused 603us total 71.603ms
08-04 21:48:06.343  9688  9701 I art     : Starting a blocking GC Explicit
08-04 21:48:06.427  9688  9701 I art     : Explicit concurrent mark sweep GC freed 1355(83KB) AllocSpace objects, 1(20KB) LOS objects, 29% free, 39MB/55MB, paused 493us total 83.557ms
08-04 21:48:06.449  9688  9701 I art     : Starting a blocking GC Explicit
08-04 21:48:06.523  9688  9701 I art     : Explicit concurrent mark sweep GC freed 20(704B) AllocSpace objects, 0(0B) LOS objects, 29% free, 39MB/55MB, paused 598us total 73.534ms
08-04 21:48:06.545  9688  9701 I art     : Starting a blocking GC Explicit
08-04 21:48:06.614  9688  9701 I art     : Explicit concurrent mark sweep GC freed 3(96B) AllocSpace objects, 0(0B) LOS objects, 29% free, 39MB/55MB, paused 544us total 68.589ms
08-04 21:48:06.635  9688  9701 I art     : Starting a blocking GC Explicit
08-04 21:48:06.703  9688  9701 I art     : Explicit concurrent mark sweep GC freed 3(96B) AllocSpace objects, 0(0B) LOS objects, 29% free, 39MB/55MB, paused 530us total 67.203ms
08-04 21:48:06.724  9688  9701 I art     : Starting a blocking GC Explicit
08-04 21:48:06.792  9688  9701 I art     : Explicit concurrent mark sweep GC freed 3(96B) AllocSpace objects, 0(0B) LOS objects, 29% free, 39MB/55MB, paused 495us total 67.855ms
08-04 21:48:06.820  8505  8505 I ServiceManager: Waiting for service AtCmdFwd...
08-04 21:48:06.830  9688 12650 I RedditChangeDataIO: Writing tmp data file at '/data/user/0/baseline.org.quantumbadger.redreader/files/rr_change_data_tmp.dat'
08-04 21:48:06.831  9688 12650 I RedditChangeDataManager: Taking snapshot...
08-04 21:48:06.831  9688 12650 I RedditChangeDataManager: Writing to stream...
08-04 21:48:06.831  9688 12650 I RedditChangeDataManager: Wrote 6 entries for user ''
08-04 21:48:06.831  9688 12650 I RedditChangeDataManager: All entries written to stream.
08-04 21:48:06.832  9688 12650 I RedditChangeDataIO: Write successful. Atomically replacing data file...
08-04 21:48:06.832  9688 12650 I RedditChangeDataIO: Write complete.
08-04 21:48:06.832  9688 12650 I RedditChangeDataIO: 158 bytes written in 2 ms
08-04 21:48:07.147  9688  9914 I art     : Starting a blocking GC Explicit
08-04 21:48:07.233  9688  9914 I art     : Explicit concurrent mark sweep GC freed 1444(88KB) AllocSpace objects, 2(88KB) LOS objects, 29% free, 39MB/55MB, paused 576us total 85.264ms
08-04 21:48:07.256  9688  9914 I art     : Starting a blocking GC Explicit
08-04 21:48:07.322  9688  9914 I art     : Explicit concurrent mark sweep GC freed 23(800B) AllocSpace objects, 0(0B) LOS objects, 29% free, 39MB/55MB, paused 535us total 65.784ms
08-04 21:48:07.343  9688  9914 I art     : Starting a blocking GC Explicit
08-04 21:48:07.411  9688  9914 I art     : Explicit concurrent mark sweep GC freed 3(96B) AllocSpace objects, 0(0B) LOS objects, 29% free, 39MB/55MB, paused 496us total 67.065ms
08-04 21:48:07.432  9688  9914 I art     : Starting a blocking GC Explicit
08-04 21:48:07.487  9688  9914 I art     : Explicit concurrent mark sweep GC freed 32(1568B) AllocSpace objects, 0(0B) LOS objects, 29% free, 39MB/55MB, paused 517us total 55.263ms
08-04 21:48:07.508  9688  9914 I art     : Starting a blocking GC Explicit
08-04 21:48:07.576  9688  9914 I art     : Explicit concurrent mark sweep GC freed 209(35KB) AllocSpace objects, 0(0B) LOS objects, 29% free, 39MB/55MB, paused 493us total 67.377ms
08-04 21:48:07.821  8505  8505 I ServiceManager: Waiting for service AtCmdFwd...
08-04 21:48:07.933  9688  9750 I art     : Starting a blocking GC Explicit
08-04 21:48:08.014  9688  9750 I art     : Explicit concurrent mark sweep GC freed 1421(84KB) AllocSpace objects, 1(20KB) LOS objects, 29% free, 39MB/55MB, paused 548us total 80.776ms
08-04 21:48:08.039  9688  9750 I art     : Starting a blocking GC Explicit
08-04 21:48:08.100  9688  9750 I art     : Explicit concurrent mark sweep GC freed 20(704B) AllocSpace objects, 0(0B) LOS objects, 29% free, 39MB/55MB, paused 457us total 60.680ms
08-04 21:48:08.121  9688  9750 I art     : Starting a blocking GC Explicit
08-04 21:48:08.179  9688  9750 I art     : Explicit concurrent mark sweep GC freed 3(96B) AllocSpace objects, 0(0B) LOS objects, 29% free, 39MB/55MB, paused 477us total 58.196ms
08-04 21:48:08.200  9688  9750 I art     : Starting a blocking GC Explicit
08-04 21:48:08.263  9688  9750 I art     : Explicit concurrent mark sweep GC freed 3(96B) AllocSpace objects, 0(0B) LOS objects, 29% free, 39MB/55MB, paused 499us total 63.503ms
08-04 21:48:08.284  9688  9750 I art     : Starting a blocking GC Explicit
08-04 21:48:08.348  9688  9750 I art     : Explicit concurrent mark sweep GC freed 3(96B) AllocSpace objects, 0(0B) LOS objects, 29% free, 39MB/55MB, paused 512us total 63.708ms
08-04 21:48:08.601 12735 12735 D AndroidRuntime: >>>>>> START com.android.internal.os.RuntimeInit uid 2000 <<<<<<
08-04 21:48:08.607 12735 12735 D AndroidRuntime: CheckJNI is OFF
08-04 21:48:08.649 12735 12735 D ICU     : No timezone override file found: /data/misc/zoneinfo/current/icu/icu_tzdata.dat
08-04 21:48:08.692 12735 12735 I Radio-JNI: register_android_hardware_Radio DONE
08-04 21:48:08.714  9688  9700 I art     : Starting a blocking GC Explicit
08-04 21:48:08.721 12735 12735 D AndroidRuntime: Calling main entry com.android.commands.input.Input
08-04 21:48:08.723 12735 12735 I Input   : injectKeyEvent: KeyEvent { action=ACTION_DOWN, keyCode=KEYCODE_BACK, scanCode=0, metaState=0, flags=0x0, repeatCount=0, eventTime=740905136, downTime=740905136, deviceId=-1, source=0x101 }
08-04 21:48:08.729 12735 12735 I Input   : injectKeyEvent: KeyEvent { action=ACTION_UP, keyCode=KEYCODE_BACK, scanCode=0, metaState=0, flags=0x0, repeatCount=0, eventTime=740905136, downTime=740905136, deviceId=-1, source=0x101 }
08-04 21:48:08.734 12735 12735 D AndroidRuntime: Shutting down VM
08-04 21:48:08.773  9688  9700 I art     : Explicit concurrent mark sweep GC freed 1495(87KB) AllocSpace objects, 1(20KB) LOS objects, 29% free, 39MB/55MB, paused 494us total 58.660ms
08-04 21:48:08.778 13866 13866 I GoogleInputMethodServic: GoogleInputMethodService.onFinishInput():3138 
08-04 21:48:08.778 13866 13866 I GoogleInputMethodServic: GoogleInputMethodService.onStartInput():1808 
08-04 21:48:08.793  9688  9700 I art     : Starting a blocking GC Explicit
08-04 21:48:08.821  8505  8505 I ServiceManager: Waiting for service AtCmdFwd...
08-04 21:48:08.846  9688  9700 I art     : Explicit concurrent mark sweep GC freed 134(4KB) AllocSpace objects, 0(0B) LOS objects, 29% free, 39MB/55MB, paused 490us total 53.502ms
08-04 21:48:08.867  9688  9700 I art     : Starting a blocking GC Explicit
08-04 21:48:08.927  9688  9700 I art     : Explicit concurrent mark sweep GC freed 18(624B) AllocSpace objects, 0(0B) LOS objects, 29% free, 39MB/55MB, paused 466us total 59.797ms
08-04 21:48:08.950  9688  9700 I art     : Starting a blocking GC Explicit
08-04 21:48:09.024  9688  9700 I art     : Explicit concurrent mark sweep GC freed 3(96B) AllocSpace objects, 0(0B) LOS objects, 29% free, 39MB/55MB, paused 546us total 73.772ms
08-04 21:48:09.047  9688  9700 I art     : Starting a blocking GC Explicit
08-04 21:48:09.098   380   380 W SurfaceFlinger: couldn't log to binary event log: overflow.
08-04 21:48:09.115  9688  9700 I art     : Explicit concurrent mark sweep GC freed 45(1488B) AllocSpace objects, 0(0B) LOS objects, 29% free, 39MB/55MB, paused 519us total 67.669ms
08-04 21:48:09.174   918  3188 I hubconnection: sensorhub said: 'set_bias 3: -5.7600, 0.0000, 0.0000'
08-04 21:48:09.459  9688  9750 I art     : Starting a blocking GC Explicit
08-04 21:48:09.537  9688  9750 I art     : Explicit concurrent mark sweep GC freed 1374(83KB) AllocSpace objects, 1(20KB) LOS objects, 29% free, 39MB/55MB, paused 578us total 76.802ms
08-04 21:48:09.561  9688  9750 I art     : Starting a blocking GC Explicit
08-04 21:48:09.613  9688  9750 I art     : Explicit concurrent mark sweep GC freed 41366(2MB) AllocSpace objects, 5(140KB) LOS objects, 30% free, 36MB/52MB, paused 534us total 51.839ms
08-04 21:48:09.632  9688  9750 I art     : Starting a blocking GC Explicit
08-04 21:48:09.677  9688  9750 I art     : Explicit concurrent mark sweep GC freed 3(96B) AllocSpace objects, 0(0B) LOS objects, 30% free, 36MB/52MB, paused 551us total 44.581ms
08-04 21:48:09.696  9688  9750 I art     : Starting a blocking GC Explicit
08-04 21:48:09.742  9688  9750 I art     : Explicit concurrent mark sweep GC freed 3(96B) AllocSpace objects, 0(0B) LOS objects, 30% free, 36MB/52MB, paused 427us total 45.924ms
08-04 21:48:09.761  9688  9750 I art     : Starting a blocking GC Explicit
08-04 21:48:09.807  9688  9750 I art     : Explicit concurrent mark sweep GC freed 3(96B) AllocSpace objects, 0(0B) LOS objects, 30% free, 36MB/52MB, paused 469us total 44.875ms
08-04 21:48:09.822  8505  8505 I ServiceManager: Waiting for service AtCmdFwd...
08-04 21:48:10.135  9688  9701 I art     : Starting a blocking GC Explicit
08-04 21:48:10.182  9688  9701 I art     : Explicit concurrent mark sweep GC freed 1354(82KB) AllocSpace objects, 1(20KB) LOS objects, 30% free, 36MB/52MB, paused 490us total 46.154ms
08-04 21:48:10.201  9688  9701 I art     : Starting a blocking GC Explicit
08-04 21:48:10.246  9688  9701 I art     : Explicit concurrent mark sweep GC freed 20(704B) AllocSpace objects, 0(0B) LOS objects, 30% free, 36MB/52MB, paused 469us total 44.591ms
08-04 21:48:10.265  9688  9701 I art     : Starting a blocking GC Explicit
08-04 21:48:10.311  9688  9701 I art     : Explicit concurrent mark sweep GC freed 3(96B) AllocSpace objects, 0(0B) LOS objects, 30% free, 36MB/52MB, paused 459us total 46.031ms
08-04 21:48:10.330  9688  9701 I art     : Starting a blocking GC Explicit
08-04 21:48:10.379  9688  9701 I art     : Explicit concurrent mark sweep GC freed 3(96B) AllocSpace objects, 0(0B) LOS objects, 30% free, 36MB/52MB, paused 508us total 48.214ms
08-04 21:48:10.398  9688  9701 I art     : Starting a blocking GC Explicit
08-04 21:48:10.447  9688  9701 I art     : Explicit concurrent mark sweep GC freed 3(96B) AllocSpace objects, 0(0B) LOS objects, 30% free, 36MB/52MB, paused 644us total 49.333ms
08-04 21:48:10.532 12772 12772 D AndroidRuntime: >>>>>> START com.android.internal.os.RuntimeInit uid 2000 <<<<<<
08-04 21:48:10.539 12772 12772 D AndroidRuntime: CheckJNI is OFF
08-04 21:48:10.589 12772 12772 D ICU     : No timezone override file found: /data/misc/zoneinfo/current/icu/icu_tzdata.dat
08-04 21:48:10.633 12772 12772 I Radio-JNI: register_android_hardware_Radio DONE
08-04 21:48:10.662 12772 12772 D AndroidRuntime: Calling main entry com.android.commands.input.Input
08-04 21:48:10.663 12772 12772 I Input   : injectMotionEvent: MotionEvent { action=ACTION_DOWN, actionButton=0, id[0]=0, x[0]=600.0, y[0]=938.0, toolType[0]=TOOL_TYPE_UNKNOWN, buttonState=0, metaState=0, flags=0x0, edgeFlags=0x0, pointerCount=1, historySize=0, eventTime=740907076, downTime=740907076, deviceId=0, source=0x1002 }
08-04 21:48:10.669 12772 12772 I Input   : injectMotionEvent: MotionEvent { action=ACTION_UP, actionButton=0, id[0]=0, x[0]=600.0, y[0]=938.0, toolType[0]=TOOL_TYPE_UNKNOWN, buttonState=0, metaState=0, flags=0x0, edgeFlags=0x0, pointerCount=1, historySize=0, eventTime=740907076, downTime=740907076, deviceId=0, source=0x1002 }
08-04 21:48:10.670 12772 12772 D AndroidRuntime: Shutting down VM
08-04 21:48:10.684   512  2967 D audio_hw_primary: out_set_parameters: enter: usecase(1: low-latency-playback) kvpairs: routing=2
08-04 21:48:10.684   918  3961 I ActivityManager: START u0 {dat=https://gfycat.com/... cmp=baseline.org.quantumbadger.redreader/.activities.ImageViewActivity (has extras)} from uid 10666 on display 0
08-04 21:48:10.697   512  2967 D audio_hw_primary: select_devices: out_snd_device(2: speaker) in_snd_device(0: none)
08-04 21:48:10.697   512  2967 D msm8974_platform: platform_send_audio_calibration: sending audio calibration for snd_device(2) acdb_id(15)
08-04 21:48:10.697   512  2967 I soundtrigger: audio_extn_sound_trigger_update_device_status: device 0x2 of type 0 for Event 1
08-04 21:48:10.713   512  2967 D audio_hw_primary: enable_snd_device: snd_device(2: speaker)
08-04 21:48:10.714  9688  9688 I ImageViewActivity: Loading URL https://gfycat.com/deadlygravecavy
08-04 21:48:10.715   512  2967 D audio_hw_primary: enable_audio_route: apply and update mixer path: low-latency-playback speaker
08-04 21:48:10.726  9688 10259 I ImageViewActivity: Got image URL: https://giant.gfycat.com/DeadlyGraveCavy.mp4
08-04 21:48:10.726  9688 10259 I ImageViewActivity: Got image Type: video/mp4
08-04 21:48:10.726  9688 10259 I ImageViewActivity: Got media Type: VIDEO
08-04 21:48:10.727  9688 10259 I ImageViewActivity: Media type VIDEO detected
08-04 21:48:10.727  9688 10259 I ImageViewActivity: Proceeding with download
08-04 21:48:10.731  9688 12805 D OK      : calling: https://giant.gfycat.com/DeadlyGraveCavy.mp4
08-04 21:48:10.763 13866 13866 I GoogleInputMethodServic: GoogleInputMethodService.onFinishInput():3138 
08-04 21:48:10.763 13866 13866 I GoogleInputMethodServic: GoogleInputMethodService.onStartInput():1808 
08-04 21:48:10.781   918   936 I ActivityManager: Displayed baseline.org.quantumbadger.redreader/.activities.ImageViewActivity: +88ms
08-04 21:48:10.800  9688  9914 I art     : Starting a blocking GC Explicit
08-04 21:48:10.822  8505  8505 I ServiceManager: Waiting for service AtCmdFwd...
08-04 21:48:10.853  9688  9914 I art     : Explicit concurrent mark sweep GC freed 3693(265KB) AllocSpace objects, 1(20KB) LOS objects, 30% free, 36MB/52MB, paused 530us total 52.176ms
08-04 21:48:10.870  9688  9914 I art     : Starting a blocking GC Explicit
08-04 21:48:10.915  9688  9914 I art     : Explicit concurrent mark sweep GC freed 208(9KB) AllocSpace objects, 0(0B) LOS objects, 30% free, 36MB/52MB, paused 578us total 44.357ms
08-04 21:48:10.934  9688  9914 I art     : Starting a blocking GC Explicit
08-04 21:48:10.992  9688  9914 I art     : Explicit concurrent mark sweep GC freed 1744(68KB) AllocSpace objects, 0(0B) LOS objects, 30% free, 36MB/52MB, paused 728us total 57.586ms
08-04 21:48:11.016  9688  9914 I art     : Starting a blocking GC Explicit
08-04 21:48:11.018   380   380 W SurfaceFlinger: couldn't log to binary event log: overflow.
08-04 21:48:11.063  9688  9914 I art     : Explicit concurrent mark sweep GC freed 93(3KB) AllocSpace objects, 0(0B) LOS objects, 30% free, 36MB/52MB, paused 559us total 45.953ms
08-04 21:48:11.081  9688  9914 I art     : Starting a blocking GC Explicit
08-04 21:48:11.124  9688  9914 I art     : Explicit concurrent mark sweep GC freed 7(256B) AllocSpace objects, 0(0B) LOS objects, 30% free, 36MB/52MB, paused 506us total 42.929ms
08-04 21:48:11.127  9688 12805 I NAPPA_EXPERIMENTATION: MetricNetworkRequestExecutionTime: REQUEST_DURATION_SYSTEM='395',REQUEST_DURATION_OKHTTP='149',REQUEST_SYNCHRONOUS='TRUE',RESPONSE_CODE='200',RESPONSE_METHOD='GET',RESPONSE_LENGTH_OKHTTP='1942309',RESPONSE_LENGTH_HEADER='1942309',REQUEST_PROTOCOL='h2',REQUEST_URL='https://giant.gfycat.com/DeadlyGraveCavy.mp4',
08-04 21:48:11.127  9688 12805 D OK      : request got status: 200
08-04 21:48:11.248   512  2967 D audio_hw_primary: disable_audio_route: reset and update mixer path: low-latency-playback speaker
08-04 21:48:11.249   512  2967 D audio_hw_primary: disable_snd_device: snd_device(2: speaker)
08-04 21:48:11.258   512  2967 I soundtrigger: audio_extn_sound_trigger_update_device_status: device 0x2 of type 0 for Event 0
08-04 21:48:11.429  9688  9700 I art     : Starting a blocking GC Explicit
08-04 21:48:11.482  9688  9700 I art     : Explicit concurrent mark sweep GC freed 3766(1380KB) AllocSpace objects, 2(88KB) LOS objects, 30% free, 37MB/53MB, paused 535us total 52.949ms
08-04 21:48:11.488  9688  9688 I ImageViewActivity: Playing video using ExoPlayer
08-04 21:48:11.502  9688  9700 I art     : Starting a blocking GC Explicit
08-04 21:48:11.526  9688  9688 I ExoPlayerImpl: Init 51ddd8e [ExoPlayerLib/2.10.8] [angler, Nexus 6P, Huawei, 23]
08-04 21:48:11.561  9688  9700 I art     : Explicit concurrent mark sweep GC freed 1346(191KB) AllocSpace objects, 1(68KB) LOS objects, 29% free, 37MB/53MB, paused 2.134ms total 59.402ms
08-04 21:48:11.581  9688  9700 I art     : Starting a blocking GC Explicit
08-04 21:48:11.631  9688  9700 I art     : Explicit concurrent mark sweep GC freed 2359(228KB) AllocSpace objects, 1(68KB) LOS objects, 29% free, 38MB/54MB, paused 1.512ms total 50.122ms
08-04 21:48:11.650  9688  9700 I art     : Starting a blocking GC Explicit
08-04 21:48:11.697  9688  9700 I art     : Explicit concurrent mark sweep GC freed 844(83KB) AllocSpace objects, 3(100KB) LOS objects, 29% free, 37MB/53MB, paused 728us total 46.685ms
08-04 21:48:11.716  9688  9700 I art     : Starting a blocking GC Explicit
08-04 21:48:11.718  9688 12820 W VideoCapabilities: Unrecognized profile 2130706433 for video/avc
08-04 21:48:11.753  9688 12820 I VideoCapabilities: Unsupported profile 4 for video/mp4v-es
08-04 21:48:11.769  9688  9700 I art     : Explicit concurrent mark sweep GC freed 4976(205KB) AllocSpace objects, 0(0B) LOS objects, 29% free, 38MB/54MB, paused 2.326ms total 52.824ms
08-04 21:48:11.771  9688 12823 I OMXClient: Using client-side OMX mux.
08-04 21:48:11.823  8505  8505 W Atfwd_Sendcmd: AtCmdFwd service not published, waiting... retryCnt : 4
08-04 21:48:11.857   512 12837 I OMX-VDEC-1080P: component_init: OMX.qcom.video.decoder.avc : fd=49
08-04 21:48:11.857   512 12837 I OMX-VDEC-1080P: Capabilities: driver_name = msm_vidc_driver, card = msm_vdec_8974, bus_info = , version = 1, capabilities = 4003000
08-04 21:48:11.862   512 12837 I OMX-VDEC-1080P: Enabling default extradata for OMX.qcom.video.decoder.avc
08-04 21:48:11.866   512 12837 I OMX-VDEC-1080P: omx_vdec::component_init() success : fd=49
08-04 21:48:11.869  9688 12822 I MediaCodec: [OMX.qcom.video.decoder.avc] setting surface generation to 9920513
08-04 21:48:11.871   512  3270 E OMX-VDEC-1080P: Extension: OMX.google.android.index.storeANWBufferInMetadata not implemented
08-04 21:48:11.898  9688 12823 D SurfaceUtils: set up nativeWindow 0x7f78b12810 for 360x306, color 0x7fa30c04, rotation 0, usage 0x42002900
08-04 21:48:11.931  9688 12823 D SurfaceUtils: set up nativeWindow 0x7f78b12810 for 368x320, color 0x7fa30c04, rotation 0, usage 0x42002900
08-04 21:48:12.093  9688  9914 I art     : Starting a blocking GC Explicit
08-04 21:48:12.144  9688  9914 I art     : Explicit concurrent mark sweep GC freed 1808(148KB) AllocSpace objects, 2(88KB) LOS objects, 28% free, 40MB/56MB, paused 571us total 50.524ms
08-04 21:48:12.164  9688  9914 I art     : Starting a blocking GC Explicit
08-04 21:48:12.215  9688  9914 I art     : Explicit concurrent mark sweep GC freed 48(1808B) AllocSpace objects, 0(0B) LOS objects, 28% free, 40MB/56MB, paused 518us total 50.768ms
08-04 21:48:12.235  9688  9914 I art     : Starting a blocking GC Explicit
08-04 21:48:12.285  9688  9914 I art     : Explicit concurrent mark sweep GC freed 21(816B) AllocSpace objects, 0(0B) LOS objects, 28% free, 40MB/56MB, paused 511us total 49.725ms
08-04 21:48:12.285  9688  9699 I art     : WaitForGcToComplete blocked for 49.423ms for cause HeapTrim
08-04 21:48:12.305  9688  9914 I art     : Starting a blocking GC Explicit
08-04 21:48:12.358  9688  9914 I art     : Explicit concurrent mark sweep GC freed 33(1152B) AllocSpace objects, 0(0B) LOS objects, 28% free, 40MB/56MB, paused 548us total 52.680ms
08-04 21:48:12.377  9688  9914 I art     : Starting a blocking GC Explicit
08-04 21:48:12.428  9688  9914 I art     : Explicit concurrent mark sweep GC freed 26(992B) AllocSpace objects, 0(0B) LOS objects, 28% free, 40MB/56MB, paused 561us total 50.939ms
08-04 21:48:12.792  9688  9914 I art     : Starting a blocking GC Explicit
08-04 21:48:12.846  9688  9914 I art     : Explicit concurrent mark sweep GC freed 1484(87KB) AllocSpace objects, 1(20KB) LOS objects, 28% free, 40MB/56MB, paused 528us total 52.730ms
08-04 21:48:12.866  9688  9914 I art     : Starting a blocking GC Explicit
08-04 21:48:12.918  9688  9914 I art     : Explicit concurrent mark sweep GC freed 46(1680B) AllocSpace objects, 0(0B) LOS objects, 28% free, 40MB/56MB, paused 572us total 51.930ms
08-04 21:48:12.937  9688  9914 I art     : Starting a blocking GC Explicit
08-04 21:48:12.990  9688  9914 I art     : Explicit concurrent mark sweep GC freed 25(928B) AllocSpace objects, 0(0B) LOS objects, 28% free, 40MB/56MB, paused 546us total 52.161ms
08-04 21:48:13.009  9688  9914 I art     : Starting a blocking GC Explicit
08-04 21:48:13.061  9688  9914 I art     : Explicit concurrent mark sweep GC freed 31(1136B) AllocSpace objects, 0(0B) LOS objects, 28% free, 40MB/56MB, paused 593us total 50.906ms
08-04 21:48:13.080  9688  9914 I art     : Starting a blocking GC Explicit
08-04 21:48:13.130  9688  9914 I art     : Explicit concurrent mark sweep GC freed 25(928B) AllocSpace objects, 0(0B) LOS objects, 28% free, 40MB/56MB, paused 543us total 49.372ms
08-04 21:48:13.499  9688  9701 I art     : Starting a blocking GC Explicit
08-04 21:48:13.549  9688  9701 I art     : Explicit concurrent mark sweep GC freed 1491(87KB) AllocSpace objects, 1(20KB) LOS objects, 28% free, 40MB/56MB, paused 555us total 49.486ms
08-04 21:48:13.568  9688  9701 I art     : Starting a blocking GC Explicit
08-04 21:48:13.619  9688  9701 I art     : Explicit concurrent mark sweep GC freed 42(1536B) AllocSpace objects, 0(0B) LOS objects, 28% free, 40MB/56MB, paused 536us total 50.385ms
08-04 21:48:13.638  9688  9701 I art     : Starting a blocking GC Explicit
08-04 21:48:13.689  9688  9701 I art     : Explicit concurrent mark sweep GC freed 25(928B) AllocSpace objects, 0(0B) LOS objects, 28% free, 40MB/56MB, paused 527us total 51.133ms
08-04 21:48:13.708  9688  9701 I art     : Starting a blocking GC Explicit
08-04 21:48:13.758  9688  9701 I art     : Explicit concurrent mark sweep GC freed 29(1040B) AllocSpace objects, 0(0B) LOS objects, 28% free, 40MB/56MB, paused 543us total 49.220ms
08-04 21:48:13.777  9688  9701 I art     : Starting a blocking GC Explicit
08-04 21:48:13.829  9688  9701 I art     : Explicit concurrent mark sweep GC freed 25(928B) AllocSpace objects, 0(0B) LOS objects, 28% free, 40MB/56MB, paused 534us total 51.983ms
08-04 21:48:14.210  9688  9701 I art     : Starting a blocking GC Explicit
08-04 21:48:14.263  9688  9701 I art     : Explicit concurrent mark sweep GC freed 1495(88KB) AllocSpace objects, 1(20KB) LOS objects, 28% free, 40MB/56MB, paused 573us total 53.515ms
08-04 21:48:14.282  9688  9701 I art     : Starting a blocking GC Explicit
08-04 21:48:14.307   918  1210 D NetlinkSocketObserver: NeighborEvent{elapsedMs=1724298182, 192.168.2.254, [7C3953A63323], RTM_NEWNEIGH, NUD_STALE}
08-04 21:48:14.333  9688  9701 I art     : Explicit concurrent mark sweep GC freed 49(1808B) AllocSpace objects, 0(0B) LOS objects, 28% free, 40MB/56MB, paused 534us total 50.676ms
08-04 21:48:14.353  9688  9701 I art     : Starting a blocking GC Explicit
08-04 21:48:14.402  9688  9701 I art     : Explicit concurrent mark sweep GC freed 25(928B) AllocSpace objects, 0(0B) LOS objects, 28% free, 40MB/56MB, paused 539us total 49.485ms
08-04 21:48:14.422  9688  9701 I art     : Starting a blocking GC Explicit
08-04 21:48:14.474  9688  9701 I art     : Explicit concurrent mark sweep GC freed 29(1072B) AllocSpace objects, 0(0B) LOS objects, 28% free, 40MB/56MB, paused 495us total 51.397ms
08-04 21:48:14.493  9688  9701 I art     : Starting a blocking GC Explicit
08-04 21:48:14.543  9688  9701 I art     : Explicit concurrent mark sweep GC freed 25(928B) AllocSpace objects, 0(0B) LOS objects, 28% free, 40MB/56MB, paused 553us total 49.450ms
08-04 21:48:14.909  9688  9701 I art     : Starting a blocking GC Explicit
08-04 21:48:14.962  9688  9701 I art     : Explicit concurrent mark sweep GC freed 1495(88KB) AllocSpace objects, 1(20KB) LOS objects, 28% free, 40MB/56MB, paused 563us total 53.111ms
08-04 21:48:14.981  9688  9701 I art     : Starting a blocking GC Explicit
08-04 21:48:15.031  9688  9701 I art     : Explicit concurrent mark sweep GC freed 45(1584B) AllocSpace objects, 0(0B) LOS objects, 28% free, 40MB/56MB, paused 564us total 49.847ms
08-04 21:48:15.051  9688  9701 I art     : Starting a blocking GC Explicit
08-04 21:48:15.104  9688  9701 I art     : Explicit concurrent mark sweep GC freed 21(816B) AllocSpace objects, 0(0B) LOS objects, 28% free, 40MB/56MB, paused 555us total 53.095ms
08-04 21:48:15.124  9688  9701 I art     : Starting a blocking GC Explicit
08-04 21:48:15.173  9688  9701 I art     : Explicit concurrent mark sweep GC freed 28(1040B) AllocSpace objects, 0(0B) LOS objects, 28% free, 40MB/56MB, paused 508us total 49.021ms
08-04 21:48:15.193  9688  9701 I art     : Starting a blocking GC Explicit
08-04 21:48:15.244  9688  9701 I art     : Explicit concurrent mark sweep GC freed 23(880B) AllocSpace objects, 0(0B) LOS objects, 28% free, 40MB/56MB, paused 580us total 51.191ms
08-04 21:48:15.619  9688  9701 I art     : Starting a blocking GC Explicit
08-04 21:48:15.671  9688  9701 I art     : Explicit concurrent mark sweep GC freed 1507(88KB) AllocSpace objects, 1(20KB) LOS objects, 28% free, 40MB/56MB, paused 587us total 52.371ms
08-04 21:48:15.690  9688  9701 I art     : Starting a blocking GC Explicit
08-04 21:48:15.699  9688 12804 I RedditChangeDataIO: Writing tmp data file at '/data/user/0/baseline.org.quantumbadger.redreader/files/rr_change_data_tmp.dat'
08-04 21:48:15.699  9688 12804 I RedditChangeDataManager: Taking snapshot...
08-04 21:48:15.700  9688 12804 I RedditChangeDataManager: Writing to stream...
08-04 21:48:15.700  9688 12804 I RedditChangeDataManager: Wrote 6 entries for user ''
08-04 21:48:15.700  9688 12804 I RedditChangeDataManager: All entries written to stream.
08-04 21:48:15.700  9688 12804 I RedditChangeDataIO: Write successful. Atomically replacing data file...
08-04 21:48:15.701  9688 12804 I RedditChangeDataIO: Write complete.
08-04 21:48:15.701  9688 12804 I RedditChangeDataIO: 158 bytes written in 3 ms
08-04 21:48:15.741  9688  9701 I art     : Explicit concurrent mark sweep GC freed 115(5KB) AllocSpace objects, 1(68KB) LOS objects, 28% free, 40MB/56MB, paused 513us total 50.220ms
08-04 21:48:15.761  9688  9701 I art     : Starting a blocking GC Explicit
08-04 21:48:15.811  9688  9701 I art     : Explicit concurrent mark sweep GC freed 39(1600B) AllocSpace objects, 0(0B) LOS objects, 28% free, 40MB/56MB, paused 540us total 50.447ms
08-04 21:48:15.832  9688  9701 I art     : Starting a blocking GC Explicit
08-04 21:48:15.884  9688  9701 I art     : Explicit concurrent mark sweep GC freed 25(928B) AllocSpace objects, 0(0B) LOS objects, 28% free, 40MB/56MB, paused 569us total 51.604ms
08-04 21:48:15.904  9688  9701 I art     : Starting a blocking GC Explicit
08-04 21:48:15.955  9688  9701 I art     : Explicit concurrent mark sweep GC freed 25(928B) AllocSpace objects, 0(0B) LOS objects, 28% free, 40MB/56MB, paused 570us total 50.325ms
08-04 21:48:16.318  9688  9750 I art     : Starting a blocking GC Explicit
08-04 21:48:16.373  9688  9750 I art     : Explicit concurrent mark sweep GC freed 1496(88KB) AllocSpace objects, 1(20KB) LOS objects, 28% free, 40MB/56MB, paused 590us total 54.326ms
08-04 21:48:16.393  9688  9750 I art     : Starting a blocking GC Explicit
08-04 21:48:16.443  9688  9750 I art     : Explicit concurrent mark sweep GC freed 46(1680B) AllocSpace objects, 0(0B) LOS objects, 28% free, 40MB/56MB, paused 493us total 50.271ms
08-04 21:48:16.463  9688  9750 I art     : Starting a blocking GC Explicit
08-04 21:48:16.515  9688  9750 I art     : Explicit concurrent mark sweep GC freed 212(32KB) AllocSpace objects, 0(0B) LOS objects, 28% free, 40MB/56MB, paused 520us total 51.440ms
08-04 21:48:16.535  9688  9750 I art     : Starting a blocking GC Explicit
08-04 21:48:16.586  9688  9750 I art     : Explicit concurrent mark sweep GC freed 90(3KB) AllocSpace objects, 0(0B) LOS objects, 28% free, 40MB/56MB, paused 524us total 50.292ms
08-04 21:48:16.605  9688  9750 I art     : Starting a blocking GC Explicit
08-04 21:48:16.657  9688  9750 I art     : Explicit concurrent mark sweep GC freed 25(928B) AllocSpace objects, 0(0B) LOS objects, 28% free, 40MB/56MB, paused 480us total 51.612ms
08-04 21:48:17.024  9688  9750 I art     : Starting a blocking GC Explicit
08-04 21:48:17.073  9688  9750 I art     : Explicit concurrent mark sweep GC freed 1493(87KB) AllocSpace objects, 1(20KB) LOS objects, 28% free, 40MB/56MB, paused 519us total 49.119ms
08-04 21:48:17.093  9688  9750 I art     : Starting a blocking GC Explicit
08-04 21:48:17.138  9688  9750 I art     : Explicit concurrent mark sweep GC freed 42(1536B) AllocSpace objects, 0(0B) LOS objects, 28% free, 40MB/56MB, paused 523us total 45.080ms
08-04 21:48:17.157  9688  9750 I art     : Starting a blocking GC Explicit
08-04 21:48:17.205  9688  9750 I art     : Explicit concurrent mark sweep GC freed 25(928B) AllocSpace objects, 0(0B) LOS objects, 28% free, 40MB/56MB, paused 492us total 47.572ms
08-04 21:48:17.223  9688  9750 I art     : Starting a blocking GC Explicit
08-04 21:48:17.271  9688  9750 I art     : Explicit concurrent mark sweep GC freed 25(928B) AllocSpace objects, 0(0B) LOS objects, 28% free, 40MB/56MB, paused 578us total 47.304ms
08-04 21:48:17.290  9688  9750 I art     : Starting a blocking GC Explicit
08-04 21:48:17.340  9688  9750 I art     : Explicit concurrent mark sweep GC freed 25(928B) AllocSpace objects, 0(0B) LOS objects, 28% free, 40MB/56MB, paused 513us total 49.623ms
08-04 21:48:17.451 12912 12912 D AndroidRuntime: >>>>>> START com.android.internal.os.RuntimeInit uid 2000 <<<<<<
08-04 21:48:17.458 12912 12912 D AndroidRuntime: CheckJNI is OFF
08-04 21:48:17.503 12912 12912 D ICU     : No timezone override file found: /data/misc/zoneinfo/current/icu/icu_tzdata.dat
08-04 21:48:17.544 12912 12912 I Radio-JNI: register_android_hardware_Radio DONE
08-04 21:48:17.572 12912 12912 D AndroidRuntime: Calling main entry com.android.commands.input.Input
08-04 21:48:17.573 12912 12912 I Input   : injectKeyEvent: KeyEvent { action=ACTION_DOWN, keyCode=KEYCODE_BACK, scanCode=0, metaState=0, flags=0x0, repeatCount=0, eventTime=740913986, downTime=740913986, deviceId=-1, source=0x101 }
08-04 21:48:17.587 12912 12912 I Input   : injectKeyEvent: KeyEvent { action=ACTION_UP, keyCode=KEYCODE_BACK, scanCode=0, metaState=0, flags=0x0, repeatCount=0, eventTime=740913986, downTime=740913986, deviceId=-1, source=0x101 }
08-04 21:48:17.594 12912 12912 D AndroidRuntime: Shutting down VM
08-04 21:48:17.646 13866 13866 I GoogleInputMethodServic: GoogleInputMethodService.onFinishInput():3138 
08-04 21:48:17.648 13866 13866 I GoogleInputMethodServic: GoogleInputMethodService.onStartInput():1808 
08-04 21:48:17.699  9688  9914 I art     : Starting a blocking GC Explicit
08-04 21:48:17.710  9688 12822 I MediaCodec: [OMX.qcom.video.decoder.avc] setting surface generation to 9920514
08-04 21:48:17.712  9688 12823 D SurfaceUtils: set up nativeWindow 0x7f78b13610 for 368x320, color 0x7fa30c04, rotation 0, usage 0x42002900
08-04 21:48:17.752  9688  9914 I art     : Explicit concurrent mark sweep GC freed 1766(99KB) AllocSpace objects, 1(20KB) LOS objects, 28% free, 40MB/56MB, paused 551us total 51.922ms
08-04 21:48:17.770  9688  9914 I art     : Starting a blocking GC Explicit
08-04 21:48:17.814  9688  9914 I art     : Explicit concurrent mark sweep GC freed 33(1632B) AllocSpace objects, 0(0B) LOS objects, 28% free, 40MB/56MB, paused 461us total 44.084ms
08-04 21:48:17.835  9688  9914 I art     : Starting a blocking GC Explicit
08-04 21:48:17.893  9688  9914 I art     : Explicit concurrent mark sweep GC freed 26(960B) AllocSpace objects, 0(0B) LOS objects, 28% free, 40MB/56MB, paused 530us total 57.708ms
08-04 21:48:17.915  9688  9914 I art     : Starting a blocking GC Explicit
08-04 21:48:17.971  9688  9688 I ExoPlayerImpl: Release 51ddd8e [ExoPlayerLib/2.10.8] [angler, Nexus 6P, Huawei, 23] [goog.exo.core, goog.exo.ui]
08-04 21:48:17.974  9688  9914 I art     : Explicit concurrent mark sweep GC freed 62(2672B) AllocSpace objects, 0(0B) LOS objects, 28% free, 40MB/56MB, paused 1.488ms total 58.794ms
08-04 21:48:17.975   380   380 W SurfaceFlinger: couldn't log to binary event log: overflow.
08-04 21:48:17.991   512  3269 I OMX-VDEC-1080P: omx_vdec::component_deinit() complete
08-04 21:48:17.993   512  3269 I OMX-VDEC-1080P: Exit OMX vdec Destructor: fd=49
08-04 21:48:17.995  9688  9914 I art     : Starting a blocking GC Explicit
08-04 21:48:18.040  9688  9914 I art     : Explicit concurrent mark sweep GC freed 394(100KB) AllocSpace objects, 35(2MB) LOS objects, 29% free, 37MB/53MB, paused 501us total 44.801ms
08-04 21:48:18.368  9688  9701 I art     : Starting a blocking GC Explicit
08-04 21:48:18.438  9688  9701 I art     : Explicit concurrent mark sweep GC freed 1519(90KB) AllocSpace objects, 1(20KB) LOS objects, 29% free, 37MB/53MB, paused 554us total 68.994ms
08-04 21:48:18.459  9688  9701 I art     : Starting a blocking GC Explicit
08-04 21:48:18.509  9688  9701 I art     : Explicit concurrent mark sweep GC freed 2753(154KB) AllocSpace objects, 4(200KB) LOS objects, 29% free, 37MB/53MB, paused 515us total 49.955ms
08-04 21:48:18.529  9688  9701 I art     : Starting a blocking GC Explicit
08-04 21:48:18.579  9688  9701 I art     : Explicit concurrent mark sweep GC freed 3(96B) AllocSpace objects, 0(0B) LOS objects, 29% free, 37MB/53MB, paused 494us total 49.514ms
08-04 21:48:18.598  9688  9701 I art     : Starting a blocking GC Explicit
08-04 21:48:18.647  9688  9701 I art     : Explicit concurrent mark sweep GC freed 3(96B) AllocSpace objects, 0(0B) LOS objects, 29% free, 37MB/53MB, paused 492us total 48.482ms
08-04 21:48:18.666  9688  9701 I art     : Starting a blocking GC Explicit
08-04 21:48:18.714  9688  9701 I art     : Explicit concurrent mark sweep GC freed 3(96B) AllocSpace objects, 0(0B) LOS objects, 29% free, 37MB/53MB, paused 475us total 48.020ms
08-04 21:48:19.029  9688  9700 I art     : Starting a blocking GC Explicit
08-04 21:48:19.083  9688  9700 I art     : Explicit concurrent mark sweep GC freed 1354(82KB) AllocSpace objects, 1(20KB) LOS objects, 29% free, 37MB/53MB, paused 475us total 53.691ms
08-04 21:48:19.102  9688  9700 I art     : Starting a blocking GC Explicit
08-04 21:48:19.148  9688  9700 I art     : Explicit concurrent mark sweep GC freed 20(704B) AllocSpace objects, 0(0B) LOS objects, 29% free, 37MB/53MB, paused 487us total 45.623ms
08-04 21:48:19.167  9688  9700 I art     : Starting a blocking GC Explicit
08-04 21:48:19.214  9688  9700 I art     : Explicit concurrent mark sweep GC freed 3(96B) AllocSpace objects, 0(0B) LOS objects, 29% free, 37MB/53MB, paused 468us total 46.539ms
08-04 21:48:19.233  9688  9700 I art     : Starting a blocking GC Explicit
08-04 21:48:19.282  9688  9700 I art     : Explicit concurrent mark sweep GC freed 3(96B) AllocSpace objects, 0(0B) LOS objects, 29% free, 37MB/53MB, paused 521us total 49.158ms
08-04 21:48:19.302  9688  9700 I art     : Starting a blocking GC Explicit
08-04 21:48:19.352  9688  9700 I art     : Explicit concurrent mark sweep GC freed 3(96B) AllocSpace objects, 0(0B) LOS objects, 29% free, 37MB/53MB, paused 507us total 49.771ms
08-04 21:48:19.402 12951 12951 D AndroidRuntime: >>>>>> START com.android.internal.os.RuntimeInit uid 2000 <<<<<<
08-04 21:48:19.409 12951 12951 D AndroidRuntime: CheckJNI is OFF
08-04 21:48:19.453 12951 12951 D ICU     : No timezone override file found: /data/misc/zoneinfo/current/icu/icu_tzdata.dat
08-04 21:48:19.502 12951 12951 I Radio-JNI: register_android_hardware_Radio DONE
08-04 21:48:19.533 12951 12951 D AndroidRuntime: Calling main entry com.android.commands.input.Input
08-04 21:48:19.536 12951 12951 I Input   : injectMotionEvent: MotionEvent { action=ACTION_DOWN, actionButton=0, id[0]=0, x[0]=1340.0, y[0]=1100.0, toolType[0]=TOOL_TYPE_UNKNOWN, buttonState=0, metaState=0, flags=0x0, edgeFlags=0x0, pointerCount=1, historySize=0, eventTime=740915948, downTime=740915948, deviceId=0, source=0x1002 }
08-04 21:48:19.547 12951 12951 I Input   : injectMotionEvent: MotionEvent { action=ACTION_UP, actionButton=0, id[0]=0, x[0]=1340.0, y[0]=1100.0, toolType[0]=TOOL_TYPE_UNKNOWN, buttonState=0, metaState=0, flags=0x0, edgeFlags=0x0, pointerCount=1, historySize=0, eventTime=740915948, downTime=740915948, deviceId=0, source=0x1002 }
08-04 21:48:19.550 12951 12951 D AndroidRuntime: Shutting down VM
08-04 21:48:19.569   512  2967 D audio_hw_primary: out_set_parameters: enter: usecase(1: low-latency-playback) kvpairs: routing=2
08-04 21:48:19.571   918  6111 I ActivityManager: START u0 {dat=https://oauth.reddit.com/... cmp=baseline.org.quantumbadger.redreader/.activities.CommentListingActivity} from uid 10666 on display 0
08-04 21:48:19.582   512  2967 D audio_hw_primary: select_devices: out_snd_device(2: speaker) in_snd_device(0: none)
08-04 21:48:19.582   512  2967 D msm8974_platform: platform_send_audio_calibration: sending audio calibration for snd_device(2) acdb_id(15)
08-04 21:48:19.582   512  2967 I soundtrigger: audio_extn_sound_trigger_update_device_status: device 0x2 of type 0 for Event 1
08-04 21:48:19.597  9688  9688 I AppCompatViewInflater: app:theme is now deprecated. Please move to using android:theme instead.
08-04 21:48:19.597   512  2967 D audio_hw_primary: enable_snd_device: snd_device(2: speaker)
08-04 21:48:19.599   512  2967 D audio_hw_primary: enable_audio_route: apply and update mixer path: low-latency-playback speaker
08-04 21:48:19.617  9688 10259 I CommentListingActivity: COMMENTS session changed to afdfcdbf-25bf-4c39-9cd1-2445bc2101bb
08-04 21:48:19.696  9688  9914 I art     : Starting a blocking GC Explicit
08-04 21:48:19.707   918   936 I ActivityManager: Displayed baseline.org.quantumbadger.redreader/.activities.CommentListingActivity: +128ms
08-04 21:48:19.714 13866 13866 I GoogleInputMethodServic: GoogleInputMethodService.onFinishInput():3138 
08-04 21:48:19.715 13866 13866 I GoogleInputMethodServic: GoogleInputMethodService.onStartInput():1808 
08-04 21:48:19.768  9688  9914 I art     : Explicit concurrent mark sweep GC freed 18068(974KB) AllocSpace objects, 1(20KB) LOS objects, 28% free, 39MB/55MB, paused 1.088ms total 71.203ms
08-04 21:48:19.791  9688  9914 I art     : Starting a blocking GC Explicit
08-04 21:48:19.851  9688  9914 I art     : Explicit concurrent mark sweep GC freed 13815(788KB) AllocSpace objects, 0(0B) LOS objects, 28% free, 40MB/56MB, paused 792us total 59.993ms
08-04 21:48:19.871  9688  9914 I art     : Starting a blocking GC Explicit
08-04 21:48:19.929  9688  9914 I art     : Explicit concurrent mark sweep GC freed 12700(559KB) AllocSpace objects, 0(0B) LOS objects, 28% free, 39MB/55MB, paused 584us total 57.175ms
08-04 21:48:19.948  9688  9914 I art     : Starting a blocking GC Explicit
08-04 21:48:19.960   380   380 W SurfaceFlinger: couldn't log to binary event log: overflow.
08-04 21:48:20.001  9688  9914 I art     : Explicit concurrent mark sweep GC freed 71(3KB) AllocSpace objects, 0(0B) LOS objects, 28% free, 39MB/55MB, paused 428us total 52.889ms
08-04 21:48:20.021  9688  9914 I art     : Starting a blocking GC Explicit
08-04 21:48:20.075  9688  9914 I art     : Explicit concurrent mark sweep GC freed 7(288B) AllocSpace objects, 0(0B) LOS objects, 28% free, 39MB/55MB, paused 482us total 53.596ms
08-04 21:48:20.139   512  2967 D audio_hw_primary: disable_audio_route: reset and update mixer path: low-latency-playback speaker
08-04 21:48:20.140   512  2967 D audio_hw_primary: disable_snd_device: snd_device(2: speaker)
08-04 21:48:20.150   512  2967 I soundtrigger: audio_extn_sound_trigger_update_device_status: device 0x2 of type 0 for Event 0
08-04 21:48:20.407  9688  9701 I art     : Starting a blocking GC Explicit
08-04 21:48:20.469  9688  9701 I art     : Explicit concurrent mark sweep GC freed 1504(87KB) AllocSpace objects, 1(20KB) LOS objects, 28% free, 39MB/55MB, paused 476us total 61.320ms
08-04 21:48:20.492  9688  9701 I art     : Starting a blocking GC Explicit
08-04 21:48:20.552  9688  9701 I art     : Explicit concurrent mark sweep GC freed 24(832B) AllocSpace objects, 0(0B) LOS objects, 28% free, 39MB/55MB, paused 441us total 59.794ms
08-04 21:48:20.574  9688  9701 I art     : Starting a blocking GC Explicit
08-04 21:48:20.632  9688  9701 I art     : Explicit concurrent mark sweep GC freed 3(96B) AllocSpace objects, 0(0B) LOS objects, 28% free, 39MB/55MB, paused 443us total 57.954ms
08-04 21:48:20.653  9688  9701 I art     : Starting a blocking GC Explicit
08-04 21:48:20.715  9688  9701 I art     : Explicit concurrent mark sweep GC freed 3(96B) AllocSpace objects, 0(0B) LOS objects, 28% free, 39MB/55MB, paused 468us total 61.872ms
08-04 21:48:20.737  9688  9701 I art     : Starting a blocking GC Explicit
08-04 21:48:20.799  9688  9701 I art     : Explicit concurrent mark sweep GC freed 49(1920B) AllocSpace objects, 0(0B) LOS objects, 28% free, 39MB/55MB, paused 499us total 61.476ms
08-04 21:48:21.150  9688  9914 I art     : Starting a blocking GC Explicit
08-04 21:48:21.227  9688  9914 I art     : Explicit concurrent mark sweep GC freed 1354(82KB) AllocSpace objects, 1(20KB) LOS objects, 28% free, 39MB/55MB, paused 559us total 76.758ms
08-04 21:48:21.252  9688  9914 I art     : Starting a blocking GC Explicit
08-04 21:48:21.327  9688  9914 I art     : Explicit concurrent mark sweep GC freed 20(704B) AllocSpace objects, 0(0B) LOS objects, 28% free, 39MB/55MB, paused 581us total 74.258ms
08-04 21:48:21.350  9688  9914 I art     : Starting a blocking GC Explicit
08-04 21:48:21.421  9688  9914 I art     : Explicit concurrent mark sweep GC freed 3(96B) AllocSpace objects, 0(0B) LOS objects, 28% free, 39MB/55MB, paused 522us total 70.921ms
08-04 21:48:21.442  9688  9914 I art     : Starting a blocking GC Explicit
08-04 21:48:21.514  9688  9914 I art     : Explicit concurrent mark sweep GC freed 3(96B) AllocSpace objects, 0(0B) LOS objects, 28% free, 39MB/55MB, paused 497us total 71.187ms
08-04 21:48:21.535  9688  9914 I art     : Starting a blocking GC Explicit
08-04 21:48:21.605  9688  9914 I art     : Explicit concurrent mark sweep GC freed 3(96B) AllocSpace objects, 0(0B) LOS objects, 28% free, 39MB/55MB, paused 520us total 69.539ms
08-04 21:48:21.974  9688  9700 I art     : Starting a blocking GC Explicit
08-04 21:48:22.060  9688  9700 I art     : Explicit concurrent mark sweep GC freed 1354(82KB) AllocSpace objects, 1(20KB) LOS objects, 28% free, 39MB/55MB, paused 528us total 85.659ms
08-04 21:48:22.085  9688  9700 I art     : Starting a blocking GC Explicit
08-04 21:48:22.155  9688  9700 I art     : Explicit concurrent mark sweep GC freed 20(704B) AllocSpace objects, 0(0B) LOS objects, 28% free, 39MB/55MB, paused 523us total 70.158ms
08-04 21:48:22.177  9688  9700 I art     : Starting a blocking GC Explicit
08-04 21:48:22.246  9688  9700 I art     : Explicit concurrent mark sweep GC freed 3(96B) AllocSpace objects, 0(0B) LOS objects, 28% free, 39MB/55MB, paused 520us total 68.929ms
08-04 21:48:22.268  9688  9700 I art     : Starting a blocking GC Explicit
08-04 21:48:22.343  9688  9700 I art     : Explicit concurrent mark sweep GC freed 3(96B) AllocSpace objects, 0(0B) LOS objects, 28% free, 39MB/55MB, paused 564us total 74.522ms
08-04 21:48:22.367  9688  9700 I art     : Starting a blocking GC Explicit
08-04 21:48:22.437  9688  9700 I art     : Explicit concurrent mark sweep GC freed 3(96B) AllocSpace objects, 0(0B) LOS objects, 28% free, 39MB/55MB, paused 475us total 69.954ms
08-04 21:48:22.774  9688  9750 I art     : Starting a blocking GC Explicit
08-04 21:48:22.863  9688  9750 I art     : Explicit concurrent mark sweep GC freed 1354(82KB) AllocSpace objects, 1(20KB) LOS objects, 28% free, 39MB/55MB, paused 579us total 88.911ms
08-04 21:48:22.888  9688  9750 I art     : Starting a blocking GC Explicit
08-04 21:48:22.958  9688  9750 I art     : Explicit concurrent mark sweep GC freed 20(704B) AllocSpace objects, 0(0B) LOS objects, 28% free, 39MB/55MB, paused 560us total 70.006ms
08-04 21:48:22.980  9688  9750 I art     : Starting a blocking GC Explicit
08-04 21:48:23.052  9688  9750 I art     : Explicit concurrent mark sweep GC freed 3(96B) AllocSpace objects, 0(0B) LOS objects, 28% free, 39MB/55MB, paused 527us total 71.306ms
08-04 21:48:23.073  9688  9750 I art     : Starting a blocking GC Explicit
08-04 21:48:23.144  9688  9750 I art     : Explicit concurrent mark sweep GC freed 3(96B) AllocSpace objects, 0(0B) LOS objects, 28% free, 39MB/55MB, paused 525us total 71.065ms
08-04 21:48:23.166  9688  9750 I art     : Starting a blocking GC Explicit
08-04 21:48:23.235  9688  9750 I art     : Explicit concurrent mark sweep GC freed 3(96B) AllocSpace objects, 0(0B) LOS objects, 28% free, 39MB/55MB, paused 513us total 68.833ms
08-04 21:48:23.617  9688  9701 I art     : Starting a blocking GC Explicit
08-04 21:48:23.703  9688  9701 I art     : Explicit concurrent mark sweep GC freed 1354(82KB) AllocSpace objects, 1(20KB) LOS objects, 28% free, 39MB/55MB, paused 565us total 85.450ms
08-04 21:48:23.727  9688  9701 I art     : Starting a blocking GC Explicit
08-04 21:48:23.798  9688  9701 I art     : Explicit concurrent mark sweep GC freed 20(704B) AllocSpace objects, 0(0B) LOS objects, 28% free, 39MB/55MB, paused 491us total 70.863ms
08-04 21:48:23.819  9688  9701 I art     : Starting a blocking GC Explicit
08-04 21:48:23.881  9688  9701 I art     : Explicit concurrent mark sweep GC freed 3(96B) AllocSpace objects, 0(0B) LOS objects, 28% free, 39MB/55MB, paused 488us total 61.461ms
08-04 21:48:23.902  9688  9701 I art     : Starting a blocking GC Explicit
08-04 21:48:23.963  9688  9701 I art     : Explicit concurrent mark sweep GC freed 3(96B) AllocSpace objects, 0(0B) LOS objects, 28% free, 39MB/55MB, paused 491us total 60.988ms
08-04 21:48:23.984  9688  9701 I art     : Starting a blocking GC Explicit
08-04 21:48:24.051  9688  9701 I art     : Explicit concurrent mark sweep GC freed 3(96B) AllocSpace objects, 0(0B) LOS objects, 28% free, 39MB/55MB, paused 515us total 66.116ms
08-04 21:48:24.352 13039 13039 D AndroidRuntime: >>>>>> START com.android.internal.os.RuntimeInit uid 2000 <<<<<<
08-04 21:48:24.358 13039 13039 D AndroidRuntime: CheckJNI is OFF
08-04 21:48:24.403 13039 13039 D ICU     : No timezone override file found: /data/misc/zoneinfo/current/icu/icu_tzdata.dat
08-04 21:48:24.410  9688  9914 I art     : Starting a blocking GC Explicit
08-04 21:48:24.449 13039 13039 I Radio-JNI: register_android_hardware_Radio DONE
08-04 21:48:24.476  9688  9914 I art     : Explicit concurrent mark sweep GC freed 1354(82KB) AllocSpace objects, 1(20KB) LOS objects, 28% free, 39MB/55MB, paused 500us total 65.818ms
08-04 21:48:24.479 13039 13039 D AndroidRuntime: Calling main entry com.android.commands.input.Input
08-04 21:48:24.480 13039 13039 I Input   : injectKeyEvent: KeyEvent { action=ACTION_DOWN, keyCode=KEYCODE_BACK, scanCode=0, metaState=0, flags=0x0, repeatCount=0, eventTime=740920894, downTime=740920894, deviceId=-1, source=0x101 }
08-04 21:48:24.486 13039 13039 I Input   : injectKeyEvent: KeyEvent { action=ACTION_UP, keyCode=KEYCODE_BACK, scanCode=0, metaState=0, flags=0x0, repeatCount=0, eventTime=740920894, downTime=740920894, deviceId=-1, source=0x101 }
08-04 21:48:24.492 13039 13039 D AndroidRuntime: Shutting down VM
08-04 21:48:24.497  9688  9914 I art     : Starting a blocking GC Explicit
08-04 21:48:24.527 13866 13866 I GoogleInputMethodServic: GoogleInputMethodService.onFinishInput():3138 
08-04 21:48:24.527 13866 13866 I GoogleInputMethodServic: GoogleInputMethodService.onStartInput():1808 
08-04 21:48:24.551  9688  9914 I art     : Explicit concurrent mark sweep GC freed 190(6KB) AllocSpace objects, 0(0B) LOS objects, 28% free, 39MB/55MB, paused 557us total 53.584ms
08-04 21:48:24.573  9688  9914 I art     : Starting a blocking GC Explicit
08-04 21:48:24.580  9688 12981 I RedditChangeDataIO: Writing tmp data file at '/data/user/0/baseline.org.quantumbadger.redreader/files/rr_change_data_tmp.dat'
08-04 21:48:24.581  9688 12981 I RedditChangeDataManager: Taking snapshot...
08-04 21:48:24.581  9688 12981 I RedditChangeDataManager: Writing to stream...
08-04 21:48:24.581  9688 12981 I RedditChangeDataManager: Wrote 6 entries for user ''
08-04 21:48:24.581  9688 12981 I RedditChangeDataManager: All entries written to stream.
08-04 21:48:24.581  9688 12981 I RedditChangeDataIO: Write successful. Atomically replacing data file...
08-04 21:48:24.582  9688 12981 I RedditChangeDataIO: Write complete.
08-04 21:48:24.583  9688 12981 I RedditChangeDataIO: 158 bytes written in 3 ms
08-04 21:48:24.626  9688  9914 I art     : Explicit concurrent mark sweep GC freed 185(8KB) AllocSpace objects, 1(68KB) LOS objects, 28% free, 39MB/55MB, paused 440us total 53.109ms
08-04 21:48:24.646  9688  9914 I art     : Starting a blocking GC Explicit
08-04 21:48:24.698  9688  9914 I art     : Explicit concurrent mark sweep GC freed 13(624B) AllocSpace objects, 0(0B) LOS objects, 28% free, 39MB/55MB, paused 471us total 52.227ms
08-04 21:48:24.718  9688  9914 I art     : Starting a blocking GC Explicit
08-04 21:48:24.772  9688  9914 I art     : Explicit concurrent mark sweep GC freed 3(96B) AllocSpace objects, 0(0B) LOS objects, 28% free, 39MB/55MB, paused 464us total 53.875ms
08-04 21:48:24.832   380   380 W SurfaceFlinger: couldn't log to binary event log: overflow.
08-04 21:48:25.087  9688  9750 I art     : Starting a blocking GC Explicit
08-04 21:48:25.152  9688  9750 I art     : Explicit concurrent mark sweep GC freed 1408(85KB) AllocSpace objects, 1(20KB) LOS objects, 28% free, 39MB/55MB, paused 592us total 65.047ms
08-04 21:48:25.173  9688  9750 I art     : Starting a blocking GC Explicit
08-04 21:48:25.224  9688  9750 I art     : Explicit concurrent mark sweep GC freed 41349(2MB) AllocSpace objects, 5(140KB) LOS objects, 29% free, 37MB/53MB, paused 469us total 50.573ms
08-04 21:48:25.243  9688  9750 I art     : Starting a blocking GC Explicit
08-04 21:48:25.288  9688  9750 I art     : Explicit concurrent mark sweep GC freed 3(96B) AllocSpace objects, 0(0B) LOS objects, 29% free, 37MB/53MB, paused 506us total 44.236ms
08-04 21:48:25.307  9688  9750 I art     : Starting a blocking GC Explicit
08-04 21:48:25.356  9688  9750 I art     : Explicit concurrent mark sweep GC freed 3(96B) AllocSpace objects, 0(0B) LOS objects, 29% free, 37MB/53MB, paused 473us total 48.356ms
08-04 21:48:25.375  9688  9750 I art     : Starting a blocking GC Explicit
08-04 21:48:25.426  9688  9750 I art     : Explicit concurrent mark sweep GC freed 3(96B) AllocSpace objects, 0(0B) LOS objects, 29% free, 37MB/53MB, paused 527us total 51.199ms
08-04 21:48:25.778  9688  9701 I art     : Starting a blocking GC Explicit
08-04 21:48:25.827  9688  9701 I art     : Explicit concurrent mark sweep GC freed 1354(82KB) AllocSpace objects, 1(20KB) LOS objects, 29% free, 37MB/53MB, paused 509us total 49.015ms
08-04 21:48:25.846  9688  9701 I art     : Starting a blocking GC Explicit
08-04 21:48:25.894  9688  9701 I art     : Explicit concurrent mark sweep GC freed 20(704B) AllocSpace objects, 0(0B) LOS objects, 29% free, 37MB/53MB, paused 489us total 47.800ms
08-04 21:48:25.913  9688  9701 I art     : Starting a blocking GC Explicit
08-04 21:48:25.961  9688  9701 I art     : Explicit concurrent mark sweep GC freed 3(96B) AllocSpace objects, 0(0B) LOS objects, 29% free, 37MB/53MB, paused 498us total 47.550ms
08-04 21:48:25.979  9688  9701 I art     : Starting a blocking GC Explicit
08-04 21:48:26.028  9688  9701 I art     : Explicit concurrent mark sweep GC freed 3(96B) AllocSpace objects, 0(0B) LOS objects, 29% free, 37MB/53MB, paused 595us total 47.907ms
08-04 21:48:26.046  9688  9701 I art     : Starting a blocking GC Explicit
08-04 21:48:26.095  9688  9701 I art     : Explicit concurrent mark sweep GC freed 3(96B) AllocSpace objects, 0(0B) LOS objects, 29% free, 37MB/53MB, paused 489us total 47.856ms
08-04 21:48:26.282 13084 13084 D AndroidRuntime: >>>>>> START com.android.internal.os.RuntimeInit uid 2000 <<<<<<
08-04 21:48:26.289 13084 13084 D AndroidRuntime: CheckJNI is OFF
08-04 21:48:26.331 13084 13084 D ICU     : No timezone override file found: /data/misc/zoneinfo/current/icu/icu_tzdata.dat
08-04 21:48:26.373 13084 13084 I Radio-JNI: register_android_hardware_Radio DONE
08-04 21:48:26.401 13084 13084 D AndroidRuntime: Calling main entry com.android.commands.input.Input
08-04 21:48:26.403 13084 13084 I Input   : injectKeyEvent: KeyEvent { action=ACTION_DOWN, keyCode=KEYCODE_BACK, scanCode=0, metaState=0, flags=0x0, repeatCount=0, eventTime=740922816, downTime=740922816, deviceId=-1, source=0x101 }
08-04 21:48:26.408 13084 13084 I Input   : injectKeyEvent: KeyEvent { action=ACTION_UP, keyCode=KEYCODE_BACK, scanCode=0, metaState=0, flags=0x0, repeatCount=0, eventTime=740922816, downTime=740922816, deviceId=-1, source=0x101 }
08-04 21:48:26.414 13084 13084 D AndroidRuntime: Shutting down VM
08-04 21:48:26.460  9688  9700 I art     : Starting a blocking GC Explicit
08-04 21:48:26.466 13866 13866 I GoogleInputMethodServic: GoogleInputMethodService.onFinishInput():3138 
08-04 21:48:26.467 13866 13866 I GoogleInputMethodServic: GoogleInputMethodService.onStartInput():1808 
08-04 21:48:26.511  9688  9700 I art     : Explicit concurrent mark sweep GC freed 1515(88KB) AllocSpace objects, 1(20KB) LOS objects, 29% free, 37MB/53MB, paused 491us total 50.598ms
08-04 21:48:26.529  9688  9700 I art     : Starting a blocking GC Explicit
08-04 21:48:26.571  9688  9700 I art     : Explicit concurrent mark sweep GC freed 43(1488B) AllocSpace objects, 0(0B) LOS objects, 29% free, 37MB/53MB, paused 437us total 41.708ms
08-04 21:48:26.590  9688  9700 I art     : Starting a blocking GC Explicit
08-04 21:48:26.643  9688  9700 I art     : Explicit concurrent mark sweep GC freed 3(96B) AllocSpace objects, 0(0B) LOS objects, 29% free, 37MB/53MB, paused 798us total 52.555ms
08-04 21:48:26.664  9688  9700 I art     : Starting a blocking GC Explicit
08-04 21:48:26.719  9688  9700 I art     : Explicit concurrent mark sweep GC freed 3(96B) AllocSpace objects, 0(0B) LOS objects, 29% free, 37MB/53MB, paused 467us total 55.382ms
08-04 21:48:26.744  9688  9700 I art     : Starting a blocking GC Explicit
08-04 21:48:26.790  9688  9700 I art     : Explicit concurrent mark sweep GC freed 41(1360B) AllocSpace objects, 0(0B) LOS objects, 29% free, 37MB/53MB, paused 465us total 45.662ms
08-04 21:48:27.121  9688  9750 I art     : Starting a blocking GC Explicit
08-04 21:48:27.182  9688  9750 I art     : Explicit concurrent mark sweep GC freed 1374(83KB) AllocSpace objects, 1(20KB) LOS objects, 29% free, 37MB/53MB, paused 576us total 60.396ms
08-04 21:48:27.206  9688  9750 I art     : Starting a blocking GC Explicit
08-04 21:48:27.258  9688  9750 I art     : Explicit concurrent mark sweep GC freed 150(7KB) AllocSpace objects, 0(0B) LOS objects, 29% free, 37MB/53MB, paused 503us total 51.339ms
08-04 21:48:27.277  9688  9750 I art     : Starting a blocking GC Explicit
08-04 21:48:27.327  9688  9750 I art     : Explicit concurrent mark sweep GC freed 3(96B) AllocSpace objects, 0(0B) LOS objects, 29% free, 37MB/53MB, paused 539us total 49.482ms
08-04 21:48:27.346  9688  9750 I art     : Starting a blocking GC Explicit
08-04 21:48:27.395  9688  9750 I art     : Explicit concurrent mark sweep GC freed 3(96B) AllocSpace objects, 0(0B) LOS objects, 29% free, 37MB/53MB, paused 525us total 48.786ms
08-04 21:48:27.414  9688  9750 I art     : Starting a blocking GC Explicit
08-04 21:48:27.462  9688  9750 I art     : Explicit concurrent mark sweep GC freed 3(96B) AllocSpace objects, 0(0B) LOS objects, 29% free, 37MB/53MB, paused 482us total 47.265ms
08-04 21:48:27.788  9688  9701 I art     : Starting a blocking GC Explicit
08-04 21:48:27.845  9688  9701 I art     : Explicit concurrent mark sweep GC freed 1354(82KB) AllocSpace objects, 1(20KB) LOS objects, 29% free, 37MB/53MB, paused 611us total 56.552ms
08-04 21:48:27.866  9688  9701 I art     : Starting a blocking GC Explicit
08-04 21:48:27.915  9688  9701 I art     : Explicit concurrent mark sweep GC freed 20(704B) AllocSpace objects, 0(0B) LOS objects, 29% free, 37MB/53MB, paused 521us total 48.230ms
08-04 21:48:27.915  9688  9699 I art     : WaitForGcToComplete blocked for 48.519ms for cause HeapTrim
08-04 21:48:27.934  9688  9701 I art     : Starting a blocking GC Explicit
08-04 21:48:27.984  9688  9701 I art     : Explicit concurrent mark sweep GC freed 3(96B) AllocSpace objects, 0(0B) LOS objects, 29% free, 37MB/53MB, paused 536us total 50.032ms
08-04 21:48:28.004  9688  9701 I art     : Starting a blocking GC Explicit
08-04 21:48:28.057  9688  9701 I art     : Explicit concurrent mark sweep GC freed 3(96B) AllocSpace objects, 0(0B) LOS objects, 29% free, 37MB/53MB, paused 574us total 52.552ms
08-04 21:48:28.077  9688  9701 I art     : Starting a blocking GC Explicit
08-04 21:48:28.128  9688  9701 I art     : Explicit concurrent mark sweep GC freed 3(96B) AllocSpace objects, 0(0B) LOS objects, 29% free, 37MB/53MB, paused 591us total 50.733ms
08-04 21:48:28.237 13121 13121 D AndroidRuntime: >>>>>> START com.android.internal.os.RuntimeInit uid 2000 <<<<<<
08-04 21:48:28.244 13121 13121 D AndroidRuntime: CheckJNI is OFF
08-04 21:48:28.289 13121 13121 D ICU     : No timezone override file found: /data/misc/zoneinfo/current/icu/icu_tzdata.dat
08-04 21:48:28.331 13121 13121 I Radio-JNI: register_android_hardware_Radio DONE
08-04 21:48:28.360 13121 13121 D AndroidRuntime: Calling main entry com.android.commands.input.Input
08-04 21:48:28.362 13121 13121 I Input   : injectMotionEvent: MotionEvent { action=ACTION_DOWN, actionButton=0, id[0]=0, x[0]=600.0, y[0]=1733.0, toolType[0]=TOOL_TYPE_UNKNOWN, buttonState=0, metaState=0, flags=0x0, edgeFlags=0x0, pointerCount=1, historySize=0, eventTime=740924774, downTime=740924774, deviceId=0, source=0x1002 }
08-04 21:48:28.366 13121 13121 I Input   : injectMotionEvent: MotionEvent { action=ACTION_UP, actionButton=0, id[0]=0, x[0]=600.0, y[0]=1733.0, toolType[0]=TOOL_TYPE_UNKNOWN, buttonState=0, metaState=0, flags=0x0, edgeFlags=0x0, pointerCount=1, historySize=0, eventTime=740924774, downTime=740924774, deviceId=0, source=0x1002 }
08-04 21:48:28.368 13121 13121 D AndroidRuntime: Shutting down VM
08-04 21:48:28.372   918  3714 I ActivityManager: START u0 {dat=https://oauth.reddit.com/... cmp=baseline.org.quantumbadger.redreader/.activities.PostListingActivity} from uid 10666 on display 0
08-04 21:48:28.373   512  2967 D audio_hw_primary: out_set_parameters: enter: usecase(1: low-latency-playback) kvpairs: routing=2
08-04 21:48:28.385   512  2967 D audio_hw_primary: select_devices: out_snd_device(2: speaker) in_snd_device(0: none)
08-04 21:48:28.386   512  2967 D msm8974_platform: platform_send_audio_calibration: sending audio calibration for snd_device(2) acdb_id(15)
08-04 21:48:28.386   512  2967 I soundtrigger: audio_extn_sound_trigger_update_device_status: device 0x2 of type 0 for Event 1
08-04 21:48:28.397   512  2967 D audio_hw_primary: enable_snd_device: snd_device(2: speaker)
08-04 21:48:28.398  9688  9688 I AppCompatViewInflater: app:theme is now deprecated. Please move to using android:theme instead.
08-04 21:48:28.399   512  2967 D audio_hw_primary: enable_audio_route: apply and update mixer path: low-latency-playback speaker
08-04 21:48:28.425  9688 13151 D OK      : calling: https://oauth.reddit.com/r/aww/about.json
08-04 21:48:28.465  9688  9701 I art     : Starting a blocking GC Explicit
08-04 21:48:28.483   918   936 I ActivityManager: Displayed baseline.org.quantumbadger.redreader/.activities.PostListingActivity: +99ms
08-04 21:48:28.484 13866 13866 I GoogleInputMethodServic: GoogleInputMethodService.onFinishInput():3138 
08-04 21:48:28.484 13866 13866 I GoogleInputMethodServic: GoogleInputMethodService.onStartInput():1808 
08-04 21:48:28.512  9688  9701 I art     : Explicit concurrent mark sweep GC freed 2979(187KB) AllocSpace objects, 1(20KB) LOS objects, 29% free, 37MB/53MB, paused 723us total 46.481ms
08-04 21:48:28.531  9688  9701 I art     : Starting a blocking GC Explicit
08-04 21:48:28.576  9688  9701 I art     : Explicit concurrent mark sweep GC freed 1616(72KB) AllocSpace objects, 0(0B) LOS objects, 29% free, 37MB/53MB, paused 822us total 44.499ms
08-04 21:48:28.594  9688  9701 I art     : Starting a blocking GC Explicit
08-04 21:48:28.637  9688  9701 I art     : Explicit concurrent mark sweep GC freed 875(31KB) AllocSpace objects, 0(0B) LOS objects, 29% free, 37MB/53MB, paused 540us total 43.142ms
08-04 21:48:28.655  9688  9701 I art     : Starting a blocking GC Explicit
08-04 21:48:28.698  9688  9701 I art     : Explicit concurrent mark sweep GC freed 35(1456B) AllocSpace objects, 0(0B) LOS objects, 29% free, 37MB/53MB, paused 550us total 42.699ms
08-04 21:48:28.716  9688  9701 I art     : Starting a blocking GC Explicit
08-04 21:48:28.733  9688 13151 I NAPPA_EXPERIMENTATION: MetricNetworkRequestExecutionTime: REQUEST_DURATION_SYSTEM='308',REQUEST_DURATION_OKHTTP='146',REQUEST_SYNCHRONOUS='TRUE',RESPONSE_CODE='200',RESPONSE_METHOD='GET',RESPONSE_LENGTH_OKHTTP='-1',RESPONSE_LENGTH_HEADER='3478',REQUEST_PROTOCOL='h2',REQUEST_URL='https://oauth.reddit.com/r/aww/about.json',
08-04 21:48:28.733  9688 13151 D OK      : request got status: 200
08-04 21:48:28.737   380   380 W SurfaceFlinger: couldn't log to binary event log: overflow.
08-04 21:48:28.761  9688  9701 I art     : Explicit concurrent mark sweep GC freed 1008(158KB) AllocSpace objects, 1(68KB) LOS objects, 29% free, 37MB/53MB, paused 786us total 45.256ms
08-04 21:48:28.929   512  2967 D audio_hw_primary: disable_audio_route: reset and update mixer path: low-latency-playback speaker
08-04 21:48:28.930   512  2967 D audio_hw_primary: disable_snd_device: snd_device(2: speaker)
08-04 21:48:28.939   512  2967 I soundtrigger: audio_extn_sound_trigger_update_device_status: device 0x2 of type 0 for Event 0
08-04 21:48:29.101  9688  9914 I art     : Starting a blocking GC Explicit
08-04 21:48:29.154  9688  9914 I art     : Explicit concurrent mark sweep GC freed 2186(133KB) AllocSpace objects, 2(88KB) LOS objects, 29% free, 37MB/53MB, paused 598us total 53.246ms
08-04 21:48:29.174  9688  9914 I art     : Starting a blocking GC Explicit
08-04 21:48:29.222  9688  9914 I art     : Explicit concurrent mark sweep GC freed 177(9KB) AllocSpace objects, 0(0B) LOS objects, 29% free, 37MB/53MB, paused 906us total 47.830ms
08-04 21:48:29.242  9688  9914 I art     : Starting a blocking GC Explicit
08-04 21:48:29.291  9688  9914 I art     : Explicit concurrent mark sweep GC freed 3(96B) AllocSpace objects, 0(0B) LOS objects, 29% free, 37MB/53MB, paused 520us total 48.280ms
08-04 21:48:29.309  9688  9914 I art     : Starting a blocking GC Explicit
08-04 21:48:29.358  9688  9914 I art     : Explicit concurrent mark sweep GC freed 3(96B) AllocSpace objects, 0(0B) LOS objects, 29% free, 37MB/53MB, paused 522us total 48.559ms
08-04 21:48:29.377  9688  9914 I art     : Starting a blocking GC Explicit
08-04 21:48:29.424  9688  9914 I art     : Explicit concurrent mark sweep GC freed 3(96B) AllocSpace objects, 0(0B) LOS objects, 29% free, 37MB/53MB, paused 512us total 47.131ms
08-04 21:48:29.528 13866 13882 I PeriodicStatsRunner: PeriodicStatsRunner.call():175 call()
08-04 21:48:29.528 13866 13882 I PeriodicStatsRunner: PeriodicStatsRunner.call():179 No submit PeriodicStats since input started.
08-04 21:48:29.624  9688 13171 D OK      : calling: https://oauth.reddit.com/r/aww/hot/.json
08-04 21:48:29.773  9688  9914 I art     : Starting a blocking GC Explicit
08-04 21:48:29.811  9688 13171 I NAPPA_EXPERIMENTATION: MetricNetworkRequestExecutionTime: REQUEST_DURATION_SYSTEM='187',REQUEST_DURATION_OKHTTP='183',REQUEST_SYNCHRONOUS='TRUE',RESPONSE_CODE='200',RESPONSE_METHOD='GET',RESPONSE_LENGTH_OKHTTP='-1',RESPONSE_LENGTH_HEADER='33430',REQUEST_PROTOCOL='h2',REQUEST_URL='https://oauth.reddit.com/r/aww/hot/.json',
08-04 21:48:29.812  9688 13171 D OK      : request got status: 200
08-04 21:48:29.824  9688  9914 I art     : Explicit concurrent mark sweep GC freed 1802(116KB) AllocSpace objects, 1(20KB) LOS objects, 29% free, 37MB/53MB, paused 632us total 50.729ms
08-04 21:48:29.833  9688 10259 I PostListingFragment: Precaching images: OFF
08-04 21:48:29.833  9688 10259 I PostListingFragment: Precaching comments: OFF
08-04 21:48:29.843  9688  9914 I art     : Starting a blocking GC Explicit
08-04 21:48:29.861  9688 10259 I getImgurImageInfo: Image NSO7Npm: trying API v3 with auth
08-04 21:48:29.895  9688  9914 I art     : Explicit concurrent mark sweep GC freed 8337(564KB) AllocSpace objects, 15(740KB) LOS objects, 28% free, 39MB/55MB, paused 1.289ms total 51.144ms
08-04 21:48:29.913  9688  9914 I art     : Starting a blocking GC Explicit
08-04 21:48:29.967  9688  9914 I art     : Explicit concurrent mark sweep GC freed 11984(749KB) AllocSpace objects, 30(1500KB) LOS objects, 27% free, 42MB/58MB, paused 1.397ms total 53.389ms
08-04 21:48:29.986  9688  9914 I art     : Starting a blocking GC Explicit
08-04 21:48:30.034  9688 12190 I RedditVideosAPI: For 'https://v.redd.it/fkewv2f65kd51/DASHPlaylist.mpd', got video stream 'https://v.redd.it/fkewv2f65kd51/DASH_480' and audio stream 'https://v.redd.it/fkewv2f65kd51/audio'
08-04 21:48:30.038  9688  9914 I art     : Explicit concurrent mark sweep GC freed 5631(608KB) AllocSpace objects, 39(2MB) LOS objects, 26% free, 44MB/60MB, paused 1.096ms total 52.479ms
08-04 21:48:30.040  9688 12190 I RedditVideosAPI: For 'https://v.redd.it/ak6rer1hskd51/DASHPlaylist.mpd', got video stream 'https://v.redd.it/ak6rer1hskd51/DASH_360' and audio stream 'null'
08-04 21:48:30.041  9688 12190 I RedditVideosAPI: For 'https://v.redd.it/h49fg58ygjd51/DASHPlaylist.mpd', got video stream 'https://v.redd.it/h49fg58ygjd51/DASH_480' and audio stream 'null'
08-04 21:48:30.042  9688 12190 I RedditVideosAPI: For 'https://v.redd.it/1ewzkieg0jd51/DASHPlaylist.mpd', got video stream 'https://v.redd.it/1ewzkieg0jd51/DASH_480' and audio stream 'https://v.redd.it/1ewzkieg0jd51/audio'
08-04 21:48:30.043  9688 13177 I RedditVideosAPI: For 'https://v.redd.it/ppmhu2r9thd51/DASHPlaylist.mpd', got video stream 'https://v.redd.it/ppmhu2r9thd51/DASH_480' and audio stream 'null'
08-04 21:48:30.043  9688 12190 I RedditVideosAPI: For 'https://v.redd.it/s9qqadf3mid51/DASHPlaylist.mpd', got video stream 'https://v.redd.it/s9qqadf3mid51/DASH_480' and audio stream 'https://v.redd.it/s9qqadf3mid51/audio'
08-04 21:48:30.043  9688 13177 I RedditVideosAPI: For 'https://v.redd.it/b8vazlcb7ld51/DASHPlaylist.mpd', got video stream 'https://v.redd.it/b8vazlcb7ld51/DASH_480' and audio stream 'https://v.redd.it/b8vazlcb7ld51/audio'
08-04 21:48:30.044  9688 12190 I RedditVideosAPI: For 'https://v.redd.it/ty24o02m1hd51/DASHPlaylist.mpd', got video stream 'https://v.redd.it/ty24o02m1hd51/DASH_480' and audio stream 'null'
08-04 21:48:30.044  9688 13177 I RedditVideosAPI: For 'https://v.redd.it/ar5k8892pid51/DASHPlaylist.mpd', got video stream 'https://v.redd.it/ar5k8892pid51/DASH_360' and audio stream 'https://v.redd.it/ar5k8892pid51/audio'
08-04 21:48:30.057  9688  9914 I art     : Starting a blocking GC Explicit
08-04 21:48:30.094  9688  9688 W RecyclerView: Cannot call this method in a scroll callback. Scroll callbacks mightbe run during a measure & layout pass where you cannot change theRecyclerView data. Any method call that might change the structureof the RecyclerView or the adapter contents should be postponed tothe next frame.
08-04 21:48:30.094  9688  9688 W RecyclerView: java.lang.IllegalStateException:  androidx.recyclerview.widget.RecyclerView{b354a22 VFED..... .F....ID 0,0-1440,2140 #7f0900ef app:id/scrollbar_recyclerview_recyclerview}, adapter:baseline.org.quantumbadger.redreader.adapters.GroupedRecyclerViewAdapter@a931cb3, layout:androidx.recyclerview.widget.LinearLayoutManager@8d3f270, context:baseline.org.quantumbadger.redreader.activities.PostListingActivity@4cf8b9f
08-04 21:48:30.094  9688  9688 W RecyclerView: 	at androidx.recyclerview.widget.RecyclerView.assertNotInLayoutOrScroll(RecyclerView.java:3061)
08-04 21:48:30.094  9688  9688 W RecyclerView: 	at androidx.recyclerview.widget.RecyclerView$RecyclerViewDataObserver.onItemRangeInserted(RecyclerView.java:5555)
08-04 21:48:30.094  9688  9688 W RecyclerView: 	at androidx.recyclerview.widget.RecyclerView$AdapterDataObservable.notifyItemRangeInserted(RecyclerView.java:12278)
08-04 21:48:30.094  9688  9688 W RecyclerView: 	at androidx.recyclerview.widget.RecyclerView$Adapter.notifyItemInserted(RecyclerView.java:7464)
08-04 21:48:30.094  9688  9688 W RecyclerView: 	at baseline.org.quantumbadger.redreader.adapters.GroupedRecyclerViewAdapter.updateHiddenStatus(GroupedRecyclerViewAdapter.java:279)
08-04 21:48:30.094  9688  9688 W RecyclerView: 	at baseline.org.quantumbadger.redreader.adapters.RedditListingManager.setLoadingVisible(RedditListingManager.java:125)
08-04 21:48:30.094  9688  9688 W RecyclerView: 	at baseline.org.quantumbadger.redreader.fragments.PostListingFragment.onLoadMoreItemsCheck(PostListingFragment.java:465)
08-04 21:48:30.094  9688  9688 W RecyclerView: 	at baseline.org.quantumbadger.redreader.fragments.PostListingFragment.access$000(PostListingFragment.java:98)
08-04 21:48:30.094  9688  9688 W RecyclerView: 	at baseline.org.quantumbadger.redreader.fragments.PostListingFragment$2.onScrolled(PostListingFragment.java:215)
08-04 21:48:30.094  9688  9688 W RecyclerView: 	at androidx.recyclerview.widget.RecyclerView.dispatchOnScrolled(RecyclerView.java:5173)
08-04 21:48:30.094  9688  9688 W RecyclerView: 	at androidx.recyclerview.widget.RecyclerView.dispatchLayoutStep3(RecyclerView.java:4231)
08-04 21:48:30.094  9688  9688 W RecyclerView: 	at androidx.recyclerview.widget.RecyclerView.dispatchLayout(RecyclerView.java:3862)
08-04 21:48:30.094  9688  9688 W RecyclerView: 	at androidx.recyclerview.widget.RecyclerView.consumePendingUpdateOperations(RecyclerView.java:1897)
08-04 21:48:30.094  9688  9688 W RecyclerView: 	at androidx.recyclerview.widget.RecyclerView$1.run(RecyclerView.java:414)
08-04 21:48:30.094  9688  9688 W RecyclerView: 	at android.view.Choreographer$CallbackRecord.run(Choreographer.java:858)
08-04 21:48:30.094  9688  9688 W RecyclerView: 	at android.view.Choreographer.doCallbacks(Choreographer.java:670)
08-04 21:48:30.094  9688  9688 W RecyclerView: 	at android.view.Choreographer.doFrame(Choreographer.java:603)
08-04 21:48:30.094  9688  9688 W RecyclerView: 	at android.view.Choreographer$FrameDisplayEventReceiver.run(Choreographer.java:844)
08-04 21:48:30.094  9688  9688 W RecyclerView: 	at android.os.Handler.handleCallback(Handler.java:739)
08-04 21:48:30.094  9688  9688 W RecyclerView: 	at android.os.Handler.dispatchMessage(Handler.java:95)
08-04 21:48:30.094  9688  9688 W RecyclerView: 	at android.os.Looper.loop(Looper.java:148)
08-04 21:48:30.094  9688  9688 W RecyclerView: 	at android.app.ActivityThread.main(ActivityThread.java:5417)
08-04 21:48:30.094  9688  9688 W RecyclerView: 	at java.lang.reflect.Method.invoke(Native Method)
08-04 21:48:30.094  9688  9688 W RecyclerView: 	at com.android.internal.os.ZygoteInit$MethodAndArgsCaller.run(ZygoteInit.java:726)
08-04 21:48:30.094  9688  9688 W RecyclerView: 	at com.android.internal.os.ZygoteInit.main(ZygoteInit.java:616)
08-04 21:48:30.108  9688  9914 I art     : Explicit concurrent mark sweep GC freed 24361(1666KB) AllocSpace objects, 12(792KB) LOS objects, 27% free, 43MB/59MB, paused 902us total 50.926ms
08-04 21:48:30.467  9688  9700 I art     : Starting a blocking GC Explicit
08-04 21:48:30.523  9688  9700 I art     : Explicit concurrent mark sweep GC freed 2082(113KB) AllocSpace objects, 1(20KB) LOS objects, 27% free, 43MB/59MB, paused 585us total 55.557ms
08-04 21:48:30.543  9688  9700 I art     : Starting a blocking GC Explicit
08-04 21:48:30.602  9688  9700 I art     : Explicit concurrent mark sweep GC freed 85(4KB) AllocSpace objects, 0(0B) LOS objects, 27% free, 43MB/59MB, paused 614us total 58.351ms
08-04 21:48:30.622  9688  9700 I art     : Starting a blocking GC Explicit
08-04 21:48:30.679  9688  9700 I art     : Explicit concurrent mark sweep GC freed 3(96B) AllocSpace objects, 0(0B) LOS objects, 27% free, 43MB/59MB, paused 623us total 56.734ms
08-04 21:48:30.699  9688  9700 I art     : Starting a blocking GC Explicit
08-04 21:48:30.761  9688  9700 I art     : Explicit concurrent mark sweep GC freed 3(96B) AllocSpace objects, 0(0B) LOS objects, 27% free, 43MB/59MB, paused 606us total 61.234ms
08-04 21:48:30.784  9688  9700 I art     : Starting a blocking GC Explicit
08-04 21:48:30.825  9688 13189 D OK      : calling: https://oauth.reddit.com/r/aww/hot/.json?after=t3_hz5odc
08-04 21:48:30.842  9688  9700 I art     : Explicit concurrent mark sweep GC freed 100(4KB) AllocSpace objects, 0(0B) LOS objects, 27% free, 43MB/59MB, paused 679us total 57.739ms
08-04 21:48:31.046  9688 13189 I NAPPA_EXPERIMENTATION: MetricNetworkRequestExecutionTime: REQUEST_DURATION_SYSTEM='221',REQUEST_DURATION_OKHTTP='216',REQUEST_SYNCHRONOUS='TRUE',RESPONSE_CODE='200',RESPONSE_METHOD='GET',RESPONSE_LENGTH_OKHTTP='-1',RESPONSE_LENGTH_HEADER='30610',REQUEST_PROTOCOL='h2',REQUEST_URL='https://oauth.reddit.com/r/aww/hot/.json?after=t3_hz5odc',
08-04 21:48:31.046  9688 13189 D OK      : request got status: 200
08-04 21:48:31.062  9688 13178 I PostListingFragment: Precaching images: OFF
08-04 21:48:31.062  9688 13178 I PostListingFragment: Precaching comments: OFF
08-04 21:48:31.089  9688 12190 I RedditVideosAPI: For 'https://v.redd.it/syww111dtjd51/DASHPlaylist.mpd', got video stream 'https://v.redd.it/syww111dtjd51/DASH_480' and audio stream 'https://v.redd.it/syww111dtjd51/audio'
08-04 21:48:31.143  9688 13178 I getImgurImageInfo: Image nLQR2hT: trying API v3 with auth
08-04 21:48:31.227  9688 13198 I RedditVideosAPI: For 'https://v.redd.it/ue0jdgk9zhd51/DASHPlaylist.mpd', got video stream 'https://v.redd.it/ue0jdgk9zhd51/DASH_360' and audio stream 'https://v.redd.it/ue0jdgk9zhd51/audio'
08-04 21:48:31.229  9688  9701 I art     : Starting a blocking GC Explicit
08-04 21:48:31.240  9688 13198 I RedditVideosAPI: For 'https://v.redd.it/pbqrrfb3tkd51/DASHPlaylist.mpd', got video stream 'https://v.redd.it/pbqrrfb3tkd51/DASH_480' and audio stream 'null'
08-04 21:48:31.241  9688 13198 I RedditVideosAPI: For 'https://v.redd.it/rrygsb8i4ld51/DASHPlaylist.mpd', got video stream 'https://v.redd.it/rrygsb8i4ld51/DASH_480' and audio stream 'https://v.redd.it/rrygsb8i4ld51/audio'
08-04 21:48:31.242  9688 13198 I RedditVideosAPI: For 'https://v.redd.it/5x6zzipz8ld51/DASHPlaylist.mpd', got video stream 'https://v.redd.it/5x6zzipz8ld51/DASH_480' and audio stream 'null'
08-04 21:48:31.245  9688 13198 I RedditVideosAPI: For 'https://v.redd.it/75en73fm5id51/DASHPlaylist.mpd', got video stream 'https://v.redd.it/75en73fm5id51/DASH_480' and audio stream 'https://v.redd.it/75en73fm5id51/audio'
08-04 21:48:31.247  9688 13198 I RedditVideosAPI: For 'https://v.redd.it/ggz4fyth6hd51/DASHPlaylist.mpd', got video stream 'https://v.redd.it/ggz4fyth6hd51/DASH_360' and audio stream 'null'
08-04 21:48:31.248  9688 12190 I RedditVideosAPI: For 'https://v.redd.it/psrknoobrgd51/DASHPlaylist.mpd', got video stream 'https://v.redd.it/psrknoobrgd51/DASH_480' and audio stream 'null'
08-04 21:48:31.250  9688 12190 I RedditVideosAPI: For 'https://v.redd.it/t81s8zfz9ld51/DASHPlaylist.mpd', got video stream 'https://v.redd.it/t81s8zfz9ld51/DASH_480' and audio stream 'https://v.redd.it/t81s8zfz9ld51/audio'
08-04 21:48:31.250  9688 13198 I RedditVideosAPI: For 'https://v.redd.it/jk6cwef4wld51/DASHPlaylist.mpd', got video stream 'https://v.redd.it/jk6cwef4wld51/DASH_480' and audio stream 'null'
08-04 21:48:31.252  9688 12190 I RedditVideosAPI: For 'https://v.redd.it/xd6c4yyutgd51/DASHPlaylist.mpd', got video stream 'https://v.redd.it/xd6c4yyutgd51/DASH_480' and audio stream 'null'
08-04 21:48:31.289  9688  9701 I art     : Explicit concurrent mark sweep GC freed 43670(3MB) AllocSpace objects, 96(5MB) LOS objects, 24% free, 48MB/64MB, paused 636us total 60.004ms
08-04 21:48:31.308  9688  9701 I art     : Starting a blocking GC Explicit
08-04 21:48:31.366  9688  9701 I art     : Explicit concurrent mark sweep GC freed 2475(116KB) AllocSpace objects, 2(100KB) LOS objects, 24% free, 48MB/64MB, paused 528us total 57.370ms
08-04 21:48:31.385  9688  9701 I art     : Starting a blocking GC Explicit
08-04 21:48:31.444  9688  9701 I art     : Explicit concurrent mark sweep GC freed 7(208B) AllocSpace objects, 0(0B) LOS objects, 24% free, 48MB/64MB, paused 619us total 58.763ms
08-04 21:48:31.465  9688  9701 I art     : Starting a blocking GC Explicit
08-04 21:48:31.468 13866 13882 I PeriodicStatsRunner: PeriodicStatsRunner.call():175 call()
08-04 21:48:31.468 13866 13882 I PeriodicStatsRunner: PeriodicStatsRunner.call():179 No submit PeriodicStats since input started.
08-04 21:48:31.523  9688  9701 I art     : Explicit concurrent mark sweep GC freed 3(96B) AllocSpace objects, 0(0B) LOS objects, 24% free, 48MB/64MB, paused 623us total 58.345ms
08-04 21:48:31.544  9688  9701 I art     : Starting a blocking GC Explicit
08-04 21:48:31.607  9688  9701 I art     : Explicit concurrent mark sweep GC freed 3(96B) AllocSpace objects, 0(0B) LOS objects, 24% free, 48MB/64MB, paused 604us total 63.125ms
08-04 21:48:31.824  8505  8505 I ServiceManager: Waiting for service AtCmdFwd...
08-04 21:48:32.001  9688  9914 I art     : Starting a blocking GC Explicit
08-04 21:48:32.068  9688  9914 I art     : Explicit concurrent mark sweep GC freed 1356(83KB) AllocSpace objects, 1(20KB) LOS objects, 24% free, 48MB/64MB, paused 548us total 65.807ms
08-04 21:48:32.088  9688  9914 I art     : Starting a blocking GC Explicit
08-04 21:48:32.150  9688  9914 I art     : Explicit concurrent mark sweep GC freed 20(704B) AllocSpace objects, 0(0B) LOS objects, 24% free, 48MB/64MB, paused 686us total 61.714ms
08-04 21:48:32.172  9688  9914 I art     : Starting a blocking GC Explicit
08-04 21:48:32.236  9688  9914 I art     : Explicit concurrent mark sweep GC freed 3(96B) AllocSpace objects, 0(0B) LOS objects, 24% free, 48MB/64MB, paused 684us total 63.825ms
08-04 21:48:32.259  9688  9914 I art     : Starting a blocking GC Explicit
08-04 21:48:32.317  9688  9914 I art     : Explicit concurrent mark sweep GC freed 3(96B) AllocSpace objects, 0(0B) LOS objects, 24% free, 48MB/64MB, paused 610us total 57.339ms
08-04 21:48:32.337  9688  9914 I art     : Starting a blocking GC Explicit
08-04 21:48:32.393  9688  9914 I art     : Explicit concurrent mark sweep GC freed 3(96B) AllocSpace objects, 0(0B) LOS objects, 24% free, 48MB/64MB, paused 524us total 55.480ms
08-04 21:48:32.770  9688  9750 I art     : Starting a blocking GC Explicit
08-04 21:48:32.824  8505  8505 I ServiceManager: Waiting for service AtCmdFwd...
08-04 21:48:32.847  9688  9750 I art     : Explicit concurrent mark sweep GC freed 1359(83KB) AllocSpace objects, 1(20KB) LOS objects, 24% free, 48MB/64MB, paused 663us total 76.904ms
08-04 21:48:32.871  9688  9750 I art     : Starting a blocking GC Explicit
08-04 21:48:32.928  9688  9750 I art     : Explicit concurrent mark sweep GC freed 20(704B) AllocSpace objects, 0(0B) LOS objects, 24% free, 48MB/64MB, paused 625us total 57.205ms
08-04 21:48:32.949  9688  9750 I art     : Starting a blocking GC Explicit
08-04 21:48:33.008  9688  9750 I art     : Explicit concurrent mark sweep GC freed 3(96B) AllocSpace objects, 0(0B) LOS objects, 24% free, 48MB/64MB, paused 574us total 59.369ms
08-04 21:48:33.009  9688  9699 I art     : WaitForGcToComplete blocked for 23.675ms for cause HeapTrim
08-04 21:48:33.032  9688  9750 I art     : Starting a blocking GC Explicit
08-04 21:48:33.089  9688  9750 I art     : Explicit concurrent mark sweep GC freed 3(96B) AllocSpace objects, 0(0B) LOS objects, 24% free, 48MB/64MB, paused 631us total 56.444ms
08-04 21:48:33.110  9688  9750 I art     : Starting a blocking GC Explicit
08-04 21:48:33.167  9688  9750 I art     : Explicit concurrent mark sweep GC freed 3(96B) AllocSpace objects, 0(0B) LOS objects, 24% free, 48MB/64MB, paused 700us total 57.520ms
08-04 21:48:33.235   918  1209 D NetworkMonitor/NetworkAgentInfo [WIFI () - 159]: Checking http://connectivitycheck.gstatic.com/generate_204 on "H369AA63323", 192.168.2.12=192.168.2.12
08-04 21:48:33.285   918  1209 D NetworkMonitor/NetworkAgentInfo [WIFI () - 159]: Probably not a portal: exception java.io.IOException: unexpected end of stream on Connection{connectivitycheck.gstatic.com:80, proxy=HTTP@/192.168.2.12:8080 hostAddress=192.168.2.12 cipherSuite=none protocol=http/1.1} (recycle count=0)
08-04 21:48:33.286   918  3263 D ConnectivityService: NetworkAgentInfo [WIFI () - 159] validation failed
08-04 21:48:33.288   918  3261 E WifiConfigStore:  rewrite network history for "H369AA63323"WPA_PSK
08-04 21:48:33.485 13866 13882 I PeriodicStatsRunner: PeriodicStatsRunner.call():175 call()
08-04 21:48:33.485 13866 13882 I PeriodicStatsRunner: PeriodicStatsRunner.call():179 No submit PeriodicStats since input started.
08-04 21:48:33.523  9688  9700 I art     : Starting a blocking GC Explicit
08-04 21:48:33.603  9688  9700 I art     : Explicit concurrent mark sweep GC freed 1356(83KB) AllocSpace objects, 1(20KB) LOS objects, 24% free, 48MB/64MB, paused 588us total 79.381ms
08-04 21:48:33.626  9688  9700 I art     : Starting a blocking GC Explicit
08-04 21:48:33.678  9688  9700 I art     : Explicit concurrent mark sweep GC freed 20(704B) AllocSpace objects, 0(0B) LOS objects, 24% free, 48MB/64MB, paused 555us total 52.590ms
08-04 21:48:33.698  9688  9700 I art     : Starting a blocking GC Explicit
08-04 21:48:33.749  9688  9700 I art     : Explicit concurrent mark sweep GC freed 3(96B) AllocSpace objects, 0(0B) LOS objects, 24% free, 48MB/64MB, paused 598us total 50.308ms
08-04 21:48:33.768  9688  9700 I art     : Starting a blocking GC Explicit
08-04 21:48:33.823  9688  9700 I art     : Explicit concurrent mark sweep GC freed 3(96B) AllocSpace objects, 0(0B) LOS objects, 24% free, 48MB/64MB, paused 622us total 55.241ms
08-04 21:48:33.825  8505  8505 I ServiceManager: Waiting for service AtCmdFwd...
08-04 21:48:33.843  9688  9700 I art     : Starting a blocking GC Explicit
08-04 21:48:33.899  9688  9700 I art     : Explicit concurrent mark sweep GC freed 3(96B) AllocSpace objects, 0(0B) LOS objects, 24% free, 48MB/64MB, paused 677us total 55.727ms
08-04 21:48:34.168 13233 13233 D AndroidRuntime: >>>>>> START com.android.internal.os.RuntimeInit uid 2000 <<<<<<
08-04 21:48:34.174 13233 13233 D AndroidRuntime: CheckJNI is OFF
08-04 21:48:34.219 13233 13233 D ICU     : No timezone override file found: /data/misc/zoneinfo/current/icu/icu_tzdata.dat
08-04 21:48:34.261 13233 13233 I Radio-JNI: register_android_hardware_Radio DONE
08-04 21:48:34.271  9688  9701 I art     : Starting a blocking GC Explicit
08-04 21:48:34.291 13233 13233 D AndroidRuntime: Calling main entry com.android.commands.input.Input
08-04 21:48:34.293 13233 13233 I Input   : injectMotionEvent: MotionEvent { action=ACTION_DOWN, actionButton=0, id[0]=0, x[0]=1340.0, y[0]=1100.0, toolType[0]=TOOL_TYPE_UNKNOWN, buttonState=0, metaState=0, flags=0x0, edgeFlags=0x0, pointerCount=1, historySize=0, eventTime=740930706, downTime=740930706, deviceId=0, source=0x1002 }
08-04 21:48:34.298 13233 13233 I Input   : injectMotionEvent: MotionEvent { action=ACTION_UP, actionButton=0, id[0]=0, x[0]=1340.0, y[0]=1100.0, toolType[0]=TOOL_TYPE_UNKNOWN, buttonState=0, metaState=0, flags=0x0, edgeFlags=0x0, pointerCount=1, historySize=0, eventTime=740930706, downTime=740930706, deviceId=0, source=0x1002 }
08-04 21:48:34.301 13233 13233 D AndroidRuntime: Shutting down VM
08-04 21:48:34.315   512  2967 D audio_hw_primary: out_set_parameters: enter: usecase(1: low-latency-playback) kvpairs: routing=2
08-04 21:48:34.317   918  6112 I ActivityManager: START u0 {dat=https://oauth.reddit.com/... cmp=baseline.org.quantumbadger.redreader/.activities.CommentListingActivity} from uid 10666 on display 0
08-04 21:48:34.327  9688  9701 I art     : Explicit concurrent mark sweep GC freed 1537(89KB) AllocSpace objects, 1(20KB) LOS objects, 24% free, 48MB/64MB, paused 668us total 55.502ms
08-04 21:48:34.329   512  2967 D audio_hw_primary: select_devices: out_snd_device(2: speaker) in_snd_device(0: none)
08-04 21:48:34.329   512  2967 D msm8974_platform: platform_send_audio_calibration: sending audio calibration for snd_device(2) acdb_id(15)
08-04 21:48:34.329   512  2967 I soundtrigger: audio_extn_sound_trigger_update_device_status: device 0x2 of type 0 for Event 1
08-04 21:48:34.344   512  2967 D audio_hw_primary: enable_snd_device: snd_device(2: speaker)
08-04 21:48:34.346   512  2967 D audio_hw_primary: enable_audio_route: apply and update mixer path: low-latency-playback speaker
08-04 21:48:34.347  9688  9688 I AppCompatViewInflater: app:theme is now deprecated. Please move to using android:theme instead.
08-04 21:48:34.349  9688  9701 I art     : Starting a blocking GC Explicit
08-04 21:48:34.368  9688 13178 I CommentListingActivity: COMMENTS session changed to afdfcdbf-25bf-4c39-9cd1-2445bc2101bb
08-04 21:48:34.404  9688  9701 I art     : Explicit concurrent mark sweep GC freed 10748(750KB) AllocSpace objects, 53(10MB) LOS objects, 29% free, 38MB/54MB, paused 1.018ms total 54.963ms
08-04 21:48:34.422  9688  9701 I art     : Starting a blocking GC Explicit
08-04 21:48:34.447   918   936 I ActivityManager: Displayed baseline.org.quantumbadger.redreader/.activities.CommentListingActivity: +121ms
08-04 21:48:34.450 13866 13866 I GoogleInputMethodServic: GoogleInputMethodService.onFinishInput():3138 
08-04 21:48:34.451 13866 13866 I GoogleInputMethodServic: GoogleInputMethodService.onStartInput():1808 
08-04 21:48:34.483  9688  9701 I art     : Explicit concurrent mark sweep GC freed 9927(491KB) AllocSpace objects, 0(0B) LOS objects, 29% free, 39MB/55MB, paused 2.074ms total 60.858ms
08-04 21:48:34.506  9688  9701 I art     : Starting a blocking GC Explicit
08-04 21:48:34.568  9688  9701 I art     : Explicit concurrent mark sweep GC freed 13201(781KB) AllocSpace objects, 0(0B) LOS objects, 28% free, 39MB/55MB, paused 704us total 61.727ms
08-04 21:48:34.588  9688  9701 I art     : Starting a blocking GC Explicit
08-04 21:48:34.651  9688  9701 I art     : Explicit concurrent mark sweep GC freed 16539(744KB) AllocSpace objects, 0(0B) LOS objects, 28% free, 39MB/55MB, paused 625us total 63.018ms
08-04 21:48:34.693   380   380 W SurfaceFlinger: couldn't log to binary event log: overflow.
08-04 21:48:34.826  8505  8505 I ServiceManager: Waiting for service AtCmdFwd...
08-04 21:48:34.858  9688 13176 I RedditChangeDataIO: Writing tmp data file at '/data/user/0/baseline.org.quantumbadger.redreader/files/rr_change_data_tmp.dat'
08-04 21:48:34.859  9688 13176 I RedditChangeDataManager: Taking snapshot...
08-04 21:48:34.859  9688 13176 I RedditChangeDataManager: Writing to stream...
08-04 21:48:34.859  9688 13176 I RedditChangeDataManager: Wrote 6 entries for user ''
08-04 21:48:34.859  9688 13176 I RedditChangeDataManager: All entries written to stream.
08-04 21:48:34.859  9688 13176 I RedditChangeDataIO: Write successful. Atomically replacing data file...
08-04 21:48:34.860  9688 13176 I RedditChangeDataIO: Write complete.
08-04 21:48:34.860  9688 13176 I RedditChangeDataIO: 158 bytes written in 2 ms
08-04 21:48:34.888   512  2967 D audio_hw_primary: disable_audio_route: reset and update mixer path: low-latency-playback speaker
08-04 21:48:34.890   512  2967 D audio_hw_primary: disable_snd_device: snd_device(2: speaker)
08-04 21:48:34.898   512  2967 I soundtrigger: audio_extn_sound_trigger_update_device_status: device 0x2 of type 0 for Event 0
08-04 21:48:34.992  9688  9914 I art     : Starting a blocking GC Explicit
08-04 21:48:35.005   918  3261 D WifiStateMachine: starting scan for "H369AA63323"WPA_PSK with 2412,5180
08-04 21:48:35.055  9688  9914 I art     : Explicit concurrent mark sweep GC freed 1674(96KB) AllocSpace objects, 2(88KB) LOS objects, 28% free, 39MB/55MB, paused 582us total 63.488ms
08-04 21:48:35.077  9688  9914 I art     : Starting a blocking GC Explicit
08-04 21:48:35.138  9688  9914 I art     : Explicit concurrent mark sweep GC freed 29(1024B) AllocSpace objects, 0(0B) LOS objects, 28% free, 39MB/55MB, paused 1.041ms total 60.343ms
08-04 21:48:35.159  9688  9914 I art     : Starting a blocking GC Explicit
08-04 21:48:35.220  9688  9914 I art     : Explicit concurrent mark sweep GC freed 3(96B) AllocSpace objects, 0(0B) LOS objects, 28% free, 39MB/55MB, paused 469us total 61.349ms
08-04 21:48:35.242  9688  9914 I art     : Starting a blocking GC Explicit
08-04 21:48:35.302  9688  9914 I art     : Explicit concurrent mark sweep GC freed 3(96B) AllocSpace objects, 0(0B) LOS objects, 28% free, 39MB/55MB, paused 481us total 60.260ms
08-04 21:48:35.324  9688  9914 I art     : Starting a blocking GC Explicit
08-04 21:48:35.384  9688  9914 I art     : Explicit concurrent mark sweep GC freed 3(96B) AllocSpace objects, 0(0B) LOS objects, 28% free, 39MB/55MB, paused 468us total 59.886ms
08-04 21:48:35.727  9688  9700 I art     : Starting a blocking GC Explicit
08-04 21:48:35.807  9688  9700 I art     : Explicit concurrent mark sweep GC freed 1403(85KB) AllocSpace objects, 1(20KB) LOS objects, 28% free, 39MB/55MB, paused 567us total 79.433ms
08-04 21:48:35.827  8505  8505 I ServiceManager: Waiting for service AtCmdFwd...
08-04 21:48:35.830  9688  9700 I art     : Starting a blocking GC Explicit
08-04 21:48:35.895  9688  9700 I art     : Explicit concurrent mark sweep GC freed 20(704B) AllocSpace objects, 0(0B) LOS objects, 28% free, 39MB/55MB, paused 529us total 64.144ms
08-04 21:48:35.916  9688  9700 I art     : Starting a blocking GC Explicit
08-04 21:48:35.994  9688  9700 I art     : Explicit concurrent mark sweep GC freed 3(96B) AllocSpace objects, 0(0B) LOS objects, 28% free, 39MB/55MB, paused 596us total 77.627ms
08-04 21:48:36.019  9688  9700 I art     : Starting a blocking GC Explicit
08-04 21:48:36.094  9688  9700 I art     : Explicit concurrent mark sweep GC freed 3(96B) AllocSpace objects, 0(0B) LOS objects, 28% free, 39MB/55MB, paused 561us total 74.720ms
08-04 21:48:36.118  9688  9700 I art     : Starting a blocking GC Explicit
08-04 21:48:36.189  9688  9700 I art     : Explicit concurrent mark sweep GC freed 32(1568B) AllocSpace objects, 0(0B) LOS objects, 28% free, 39MB/55MB, paused 609us total 70.734ms
08-04 21:48:36.567  9688  9750 I art     : Starting a blocking GC Explicit
08-04 21:48:36.644  9688  9750 I art     : Explicit concurrent mark sweep GC freed 1600(124KB) AllocSpace objects, 1(20KB) LOS objects, 28% free, 39MB/55MB, paused 511us total 76.753ms
08-04 21:48:36.666  9688  9750 I art     : Starting a blocking GC Explicit
08-04 21:48:36.737  9688  9750 I art     : Explicit concurrent mark sweep GC freed 85(2880B) AllocSpace objects, 0(0B) LOS objects, 28% free, 39MB/55MB, paused 582us total 71.466ms
08-04 21:48:36.759  9688  9750 I art     : Starting a blocking GC Explicit
08-04 21:48:36.827  8505  8505 W Atfwd_Sendcmd: AtCmdFwd service not published, waiting... retryCnt : 5
08-04 21:48:36.830  9688  9750 I art     : Explicit concurrent mark sweep GC freed 3(96B) AllocSpace objects, 0(0B) LOS objects, 28% free, 39MB/55MB, paused 524us total 71.432ms
08-04 21:48:36.852  9688  9750 I art     : Starting a blocking GC Explicit
08-04 21:48:36.921  9688  9750 I art     : Explicit concurrent mark sweep GC freed 3(96B) AllocSpace objects, 0(0B) LOS objects, 28% free, 39MB/55MB, paused 521us total 68.653ms
08-04 21:48:36.943  9688  9750 I art     : Starting a blocking GC Explicit
08-04 21:48:37.019  9688  9750 I art     : Explicit concurrent mark sweep GC freed 3(96B) AllocSpace objects, 0(0B) LOS objects, 28% free, 39MB/55MB, paused 471us total 75.598ms
08-04 21:48:37.399  9688  9701 I art     : Starting a blocking GC Explicit
08-04 21:48:37.492  9688  9701 I art     : Explicit concurrent mark sweep GC freed 1354(82KB) AllocSpace objects, 1(20KB) LOS objects, 28% free, 39MB/55MB, paused 556us total 92.086ms
08-04 21:48:37.521  9688  9701 I art     : Starting a blocking GC Explicit
08-04 21:48:37.580  9688  9701 I art     : Explicit concurrent mark sweep GC freed 20(704B) AllocSpace objects, 0(0B) LOS objects, 28% free, 39MB/55MB, paused 483us total 58.598ms
08-04 21:48:37.600  9688  9701 I art     : Starting a blocking GC Explicit
08-04 21:48:37.668  9688  9701 I art     : Explicit concurrent mark sweep GC freed 3(96B) AllocSpace objects, 0(0B) LOS objects, 28% free, 39MB/55MB, paused 495us total 67.289ms
08-04 21:48:37.690  9688  9701 I art     : Starting a blocking GC Explicit
08-04 21:48:37.764  9688  9701 I art     : Explicit concurrent mark sweep GC freed 3(96B) AllocSpace objects, 0(0B) LOS objects, 28% free, 39MB/55MB, paused 523us total 73.718ms
08-04 21:48:37.787  9688  9701 I art     : Starting a blocking GC Explicit
08-04 21:48:37.860  9688  9701 I art     : Explicit concurrent mark sweep GC freed 3(96B) AllocSpace objects, 0(0B) LOS objects, 28% free, 39MB/55MB, paused 519us total 72.453ms
08-04 21:48:38.231  9688  9914 I art     : Starting a blocking GC Explicit
08-04 21:48:38.321  9688  9914 I art     : Explicit concurrent mark sweep GC freed 1354(82KB) AllocSpace objects, 1(20KB) LOS objects, 28% free, 39MB/55MB, paused 578us total 89.068ms
08-04 21:48:38.344  9688  9914 I art     : Starting a blocking GC Explicit
08-04 21:48:38.414  9688  9914 I art     : Explicit concurrent mark sweep GC freed 20(704B) AllocSpace objects, 0(0B) LOS objects, 28% free, 39MB/55MB, paused 488us total 70.177ms
08-04 21:48:38.435  9688  9914 I art     : Starting a blocking GC Explicit
08-04 21:48:38.508  9688  9914 I art     : Explicit concurrent mark sweep GC freed 3(96B) AllocSpace objects, 0(0B) LOS objects, 28% free, 39MB/55MB, paused 567us total 72.430ms
08-04 21:48:38.530  9688  9914 I art     : Starting a blocking GC Explicit
08-04 21:48:38.596  9688  9914 I art     : Explicit concurrent mark sweep GC freed 3(96B) AllocSpace objects, 0(0B) LOS objects, 28% free, 39MB/55MB, paused 500us total 65.935ms
08-04 21:48:38.617  9688  9914 I art     : Starting a blocking GC Explicit
08-04 21:48:38.679  9688  9914 I art     : Explicit concurrent mark sweep GC freed 3(96B) AllocSpace objects, 0(0B) LOS objects, 28% free, 39MB/55MB, paused 505us total 61.280ms
08-04 21:48:39.031  9688  9700 I art     : Starting a blocking GC Explicit
08-04 21:48:39.099  9688  9700 I art     : Explicit concurrent mark sweep GC freed 1354(82KB) AllocSpace objects, 1(20KB) LOS objects, 28% free, 39MB/55MB, paused 556us total 66.941ms
08-04 21:48:39.113 13310 13310 D AndroidRuntime: >>>>>> START com.android.internal.os.RuntimeInit uid 2000 <<<<<<
08-04 21:48:39.119 13310 13310 D AndroidRuntime: CheckJNI is OFF
08-04 21:48:39.121  9688  9700 I art     : Starting a blocking GC Explicit
08-04 21:48:39.165 13310 13310 D ICU     : No timezone override file found: /data/misc/zoneinfo/current/icu/icu_tzdata.dat
08-04 21:48:39.186  9688  9700 I art     : Explicit concurrent mark sweep GC freed 20(704B) AllocSpace objects, 0(0B) LOS objects, 28% free, 39MB/55MB, paused 522us total 65.133ms
08-04 21:48:39.207  9688  9700 I art     : Starting a blocking GC Explicit
08-04 21:48:39.212 13310 13310 I Radio-JNI: register_android_hardware_Radio DONE
08-04 21:48:39.241 13310 13310 D AndroidRuntime: Calling main entry com.android.commands.input.Input
08-04 21:48:39.243 13310 13310 I Input   : injectKeyEvent: KeyEvent { action=ACTION_DOWN, keyCode=KEYCODE_BACK, scanCode=0, metaState=0, flags=0x0, repeatCount=0, eventTime=740935656, downTime=740935656, deviceId=-1, source=0x101 }
08-04 21:48:39.252 13310 13310 I Input   : injectKeyEvent: KeyEvent { action=ACTION_UP, keyCode=KEYCODE_BACK, scanCode=0, metaState=0, flags=0x0, repeatCount=0, eventTime=740935656, downTime=740935656, deviceId=-1, source=0x101 }
08-04 21:48:39.258 13310 13310 D AndroidRuntime: Shutting down VM
08-04 21:48:39.270  9688  9700 I art     : Explicit concurrent mark sweep GC freed 134(4KB) AllocSpace objects, 0(0B) LOS objects, 28% free, 39MB/55MB, paused 553us total 63.110ms
08-04 21:48:39.290  9688  9700 I art     : Starting a blocking GC Explicit
08-04 21:48:39.297 13866 13866 I GoogleInputMethodServic: GoogleInputMethodService.onFinishInput():3138 
08-04 21:48:39.298 13866 13866 I GoogleInputMethodServic: GoogleInputMethodService.onStartInput():1808 
08-04 21:48:39.346  9688  9700 I art     : Explicit concurrent mark sweep GC freed 118(4KB) AllocSpace objects, 0(0B) LOS objects, 28% free, 39MB/55MB, paused 531us total 55.146ms
08-04 21:48:39.366  9688  9700 I art     : Starting a blocking GC Explicit
08-04 21:48:39.425  9688  9700 I art     : Explicit concurrent mark sweep GC freed 28(944B) AllocSpace objects, 0(0B) LOS objects, 28% free, 39MB/55MB, paused 420us total 58.351ms
08-04 21:48:39.451 13866 13882 I PeriodicStatsRunner: PeriodicStatsRunner.call():175 call()
08-04 21:48:39.451 13866 13882 I PeriodicStatsRunner: PeriodicStatsRunner.call():179 No submit PeriodicStats since input started.
08-04 21:48:39.614   380   380 W SurfaceFlinger: couldn't log to binary event log: overflow.
08-04 21:48:39.749  9688  9914 I art     : Starting a blocking GC Explicit
08-04 21:48:39.822  9688  9914 I art     : Explicit concurrent mark sweep GC freed 1418(85KB) AllocSpace objects, 1(20KB) LOS objects, 28% free, 39MB/55MB, paused 579us total 72.620ms
08-04 21:48:39.848  9688  9914 I art     : Starting a blocking GC Explicit
08-04 21:48:39.901  9688  9914 I art     : Explicit concurrent mark sweep GC freed 41409(2MB) AllocSpace objects, 5(140KB) LOS objects, 29% free, 37MB/53MB, paused 482us total 52.868ms
08-04 21:48:39.920  9688  9914 I art     : Starting a blocking GC Explicit
08-04 21:48:39.968  9688  9914 I art     : Explicit concurrent mark sweep GC freed 3(96B) AllocSpace objects, 0(0B) LOS objects, 29% free, 37MB/53MB, paused 504us total 47.598ms
08-04 21:48:39.987  9688  9914 I art     : Starting a blocking GC Explicit
08-04 21:48:40.037  9688  9914 I art     : Explicit concurrent mark sweep GC freed 3(96B) AllocSpace objects, 0(0B) LOS objects, 29% free, 37MB/53MB, paused 492us total 49.172ms
08-04 21:48:40.056  9688  9914 I art     : Starting a blocking GC Explicit
08-04 21:48:40.108  9688  9914 I art     : Explicit concurrent mark sweep GC freed 3(96B) AllocSpace objects, 0(0B) LOS objects, 29% free, 37MB/53MB, paused 736us total 51.617ms
08-04 21:48:40.462  9688  9750 I art     : Starting a blocking GC Explicit
08-04 21:48:40.520  9688  9750 I art     : Explicit concurrent mark sweep GC freed 1354(82KB) AllocSpace objects, 1(20KB) LOS objects, 29% free, 37MB/53MB, paused 447us total 58.194ms
08-04 21:48:40.538  9688  9750 I art     : Starting a blocking GC Explicit
08-04 21:48:40.582  9688  9750 I art     : Explicit concurrent mark sweep GC freed 20(704B) AllocSpace objects, 0(0B) LOS objects, 29% free, 37MB/53MB, paused 487us total 44.292ms
08-04 21:48:40.601  9688  9750 I art     : Starting a blocking GC Explicit
08-04 21:48:40.648  9688  9750 I art     : Explicit concurrent mark sweep GC freed 3(96B) AllocSpace objects, 0(0B) LOS objects, 29% free, 37MB/53MB, paused 513us total 46.617ms
08-04 21:48:40.667  9688  9750 I art     : Starting a blocking GC Explicit
08-04 21:48:40.714  9688  9750 I art     : Explicit concurrent mark sweep GC freed 3(96B) AllocSpace objects, 0(0B) LOS objects, 29% free, 37MB/53MB, paused 479us total 47.018ms
08-04 21:48:40.733  9688  9750 I art     : Starting a blocking GC Explicit
08-04 21:48:40.781  9688  9750 I art     : Explicit concurrent mark sweep GC freed 3(96B) AllocSpace objects, 0(0B) LOS objects, 29% free, 37MB/53MB, paused 482us total 47.319ms
08-04 21:48:41.047 13355 13355 D AndroidRuntime: >>>>>> START com.android.internal.os.RuntimeInit uid 2000 <<<<<<
08-04 21:48:41.053 13355 13355 D AndroidRuntime: CheckJNI is OFF
08-04 21:48:41.099 13355 13355 D ICU     : No timezone override file found: /data/misc/zoneinfo/current/icu/icu_tzdata.dat
08-04 21:48:41.110  9688  9701 I art     : Starting a blocking GC Explicit
08-04 21:48:41.150 13355 13355 I Radio-JNI: register_android_hardware_Radio DONE
08-04 21:48:41.167  9688  9701 I art     : Explicit concurrent mark sweep GC freed 1354(82KB) AllocSpace objects, 1(20KB) LOS objects, 29% free, 37MB/53MB, paused 531us total 56.806ms
08-04 21:48:41.181 13355 13355 D AndroidRuntime: Calling main entry com.android.commands.input.Input
08-04 21:48:41.183 13355 13355 I Input   : injectKeyEvent: KeyEvent { action=ACTION_DOWN, keyCode=KEYCODE_BACK, scanCode=0, metaState=0, flags=0x0, repeatCount=0, eventTime=740937596, downTime=740937596, deviceId=-1, source=0x101 }
08-04 21:48:41.187  9688  9701 I art     : Starting a blocking GC Explicit
08-04 21:48:41.190 13355 13355 I Input   : injectKeyEvent: KeyEvent { action=ACTION_UP, keyCode=KEYCODE_BACK, scanCode=0, metaState=0, flags=0x0, repeatCount=0, eventTime=740937596, downTime=740937596, deviceId=-1, source=0x101 }
08-04 21:48:41.196 13355 13355 D AndroidRuntime: Shutting down VM
08-04 21:48:41.231  9688  9701 I art     : Explicit concurrent mark sweep GC freed 127(4KB) AllocSpace objects, 0(0B) LOS objects, 29% free, 37MB/53MB, paused 466us total 44.335ms
08-04 21:48:41.240 13866 13866 I GoogleInputMethodServic: GoogleInputMethodService.onFinishInput():3138 
08-04 21:48:41.240 13866 13866 I GoogleInputMethodServic: GoogleInputMethodService.onStartInput():1808 
08-04 21:48:41.249  9688  9701 I art     : Starting a blocking GC Explicit
08-04 21:48:41.293  9688  9701 I art     : Explicit concurrent mark sweep GC freed 58(2032B) AllocSpace objects, 0(0B) LOS objects, 29% free, 37MB/53MB, paused 836us total 43.672ms
08-04 21:48:41.312  9688  9701 I art     : Starting a blocking GC Explicit
08-04 21:48:41.354  9688  9701 I art     : Explicit concurrent mark sweep GC freed 24(816B) AllocSpace objects, 0(0B) LOS objects, 29% free, 37MB/53MB, paused 486us total 41.665ms
08-04 21:48:41.374  9688  9701 I art     : Starting a blocking GC Explicit
08-04 21:48:41.430  9688  9701 I art     : Explicit concurrent mark sweep GC freed 3(96B) AllocSpace objects, 0(0B) LOS objects, 29% free, 37MB/53MB, paused 589us total 56.012ms
08-04 21:48:41.747  9688  9700 I art     : Starting a blocking GC Explicit
08-04 21:48:41.808  9688  9700 I art     : Explicit concurrent mark sweep GC freed 1409(84KB) AllocSpace objects, 1(20KB) LOS objects, 29% free, 37MB/53MB, paused 585us total 60.551ms
08-04 21:48:41.829  9688  9700 I art     : Starting a blocking GC Explicit
08-04 21:48:41.878  9688  9700 I art     : Explicit concurrent mark sweep GC freed 150(7KB) AllocSpace objects, 0(0B) LOS objects, 29% free, 37MB/53MB, paused 537us total 48.798ms
08-04 21:48:41.898  9688  9700 I art     : Starting a blocking GC Explicit
08-04 21:48:41.946  9688  9700 I art     : Explicit concurrent mark sweep GC freed 3(96B) AllocSpace objects, 0(0B) LOS objects, 29% free, 37MB/53MB, paused 515us total 47.795ms
08-04 21:48:41.965  9688  9700 I art     : Starting a blocking GC Explicit
08-04 21:48:42.015  9688  9700 I art     : Explicit concurrent mark sweep GC freed 3(96B) AllocSpace objects, 0(0B) LOS objects, 29% free, 37MB/53MB, paused 468us total 49.340ms
08-04 21:48:42.034  9688  9700 I art     : Starting a blocking GC Explicit
08-04 21:48:42.084  9688  9700 I art     : Explicit concurrent mark sweep GC freed 3(96B) AllocSpace objects, 0(0B) LOS objects, 29% free, 37MB/53MB, paused 523us total 49.906ms
08-04 21:48:42.418  9688  9914 I art     : Starting a blocking GC Explicit
08-04 21:48:42.471  9688  9914 I art     : Explicit concurrent mark sweep GC freed 1354(82KB) AllocSpace objects, 1(20KB) LOS objects, 29% free, 37MB/53MB, paused 506us total 52.507ms
08-04 21:48:42.490  9688  9914 I art     : Starting a blocking GC Explicit
08-04 21:48:42.537  9688  9914 I art     : Explicit concurrent mark sweep GC freed 20(704B) AllocSpace objects, 0(0B) LOS objects, 29% free, 37MB/53MB, paused 583us total 47.079ms
08-04 21:48:42.556  9688  9914 I art     : Starting a blocking GC Explicit
08-04 21:48:42.603  9688  9914 I art     : Explicit concurrent mark sweep GC freed 3(96B) AllocSpace objects, 0(0B) LOS objects, 29% free, 37MB/53MB, paused 506us total 46.878ms
08-04 21:48:42.621  9688  9914 I art     : Starting a blocking GC Explicit
08-04 21:48:42.670  9688  9914 I art     : Explicit concurrent mark sweep GC freed 3(96B) AllocSpace objects, 0(0B) LOS objects, 29% free, 37MB/53MB, paused 514us total 48.647ms
08-04 21:48:42.689  9688  9914 I art     : Starting a blocking GC Explicit
08-04 21:48:42.738  9688  9914 I art     : Explicit concurrent mark sweep GC freed 3(96B) AllocSpace objects, 0(0B) LOS objects, 29% free, 37MB/53MB, paused 540us total 48.065ms
08-04 21:48:43.046 13402 13402 D AndroidRuntime: >>>>>> START com.android.internal.os.RuntimeInit uid 2000 <<<<<<
08-04 21:48:43.052 13402 13402 D AndroidRuntime: CheckJNI is OFF
08-04 21:48:43.083  9688  9750 I art     : Starting a blocking GC Explicit
08-04 21:48:43.104 13402 13402 D ICU     : No timezone override file found: /data/misc/zoneinfo/current/icu/icu_tzdata.dat
08-04 21:48:43.137  9688  9750 I art     : Explicit concurrent mark sweep GC freed 1354(82KB) AllocSpace objects, 1(20KB) LOS objects, 29% free, 37MB/53MB, paused 536us total 54.026ms
08-04 21:48:43.154 13402 13402 I Radio-JNI: register_android_hardware_Radio DONE
08-04 21:48:43.157  9688  9750 I art     : Starting a blocking GC Explicit
08-04 21:48:43.184 13402 13402 D AndroidRuntime: Calling main entry com.android.commands.am.Am
08-04 21:48:43.193  2246  2246 I Trepn   : Trepn 6.2s: Received intent: com.quicinc.trepn.stop_profiling
08-04 21:48:43.206  9688  9750 I art     : Explicit concurrent mark sweep GC freed 20(704B) AllocSpace objects, 0(0B) LOS objects, 29% free, 37MB/53MB, paused 454us total 49.282ms
08-04 21:48:43.224  9688  9750 I art     : Starting a blocking GC Explicit
08-04 21:48:43.227  2246  2246 I Trepn   : Trepn 6.2s: Trepn has Stopped Profiling.
08-04 21:48:43.268  9688  9750 I art     : Explicit concurrent mark sweep GC freed 3(96B) AllocSpace objects, 0(0B) LOS objects, 29% free, 37MB/53MB, paused 481us total 43.602ms
08-04 21:48:43.287  9688  9750 I art     : Starting a blocking GC Explicit
08-04 21:48:43.332  9688  9750 I art     : Explicit concurrent mark sweep GC freed 3(96B) AllocSpace objects, 0(0B) LOS objects, 29% free, 37MB/53MB, paused 464us total 44.906ms
08-04 21:48:43.332  9688  9699 I art     : WaitForGcToComplete blocked for 10.994ms for cause HeapTrim
08-04 21:48:43.332 13402 13402 D AndroidRuntime: Shutting down VM
08-04 21:48:43.336   918  6110 W AppOps  : Finishing op nesting under-run: uid 10078 pkg com.quicinc.trepn code 24 time=0 duration=0 nesting=0
08-04 21:48:43.351  9688  9750 I art     : Starting a blocking GC Explicit
08-04 21:48:43.394  9688  9750 I art     : Explicit concurrent mark sweep GC freed 3(96B) AllocSpace objects, 0(0B) LOS objects, 29% free, 37MB/53MB, paused 476us total 41.947ms
08-04 21:48:43.736  9688  9701 I art     : Starting a blocking GC Explicit
08-04 21:48:43.785  9688  9701 I art     : Explicit concurrent mark sweep GC freed 1354(82KB) AllocSpace objects, 1(20KB) LOS objects, 29% free, 37MB/53MB, paused 494us total 49.217ms
08-04 21:48:43.804  9688  9701 I art     : Starting a blocking GC Explicit
08-04 21:48:43.851  9688  9701 I art     : Explicit concurrent mark sweep GC freed 20(704B) AllocSpace objects, 0(0B) LOS objects, 29% free, 37MB/53MB, paused 487us total 46.719ms
08-04 21:48:43.871  9688  9701 I art     : Starting a blocking GC Explicit
08-04 21:48:43.919  9688  9701 I art     : Explicit concurrent mark sweep GC freed 3(96B) AllocSpace objects, 0(0B) LOS objects, 29% free, 37MB/53MB, paused 463us total 48.130ms
08-04 21:48:43.938  9688  9701 I art     : Starting a blocking GC Explicit
08-04 21:48:43.985  9688  9701 I art     : Explicit concurrent mark sweep GC freed 3(96B) AllocSpace objects, 0(0B) LOS objects, 29% free, 37MB/53MB, paused 575us total 47.124ms
08-04 21:48:44.004  9688  9701 I art     : Starting a blocking GC Explicit
08-04 21:48:44.052  9688  9701 I art     : Explicit concurrent mark sweep GC freed 3(96B) AllocSpace objects, 0(0B) LOS objects, 29% free, 37MB/53MB, paused 502us total 47.639ms
08-04 21:48:44.298 13866 13882 I PeriodicStatsRunner: PeriodicStatsRunner.call():175 call()
08-04 21:48:44.298 13866 13882 I PeriodicStatsRunner: PeriodicStatsRunner.call():179 No submit PeriodicStats since input started.
08-04 21:48:46.241 13866 13882 I PeriodicStatsRunner: PeriodicStatsRunner.call():175 call()
08-04 21:48:46.241 13866 13882 I PeriodicStatsRunner: PeriodicStatsRunner.call():179 No submit PeriodicStats since input started.
08-04 21:48:47.481   518   646 I ThermalEngine: ACTION: GPU - Setting GPU[0] to 510000000
