--------- beginning of main
08-04 13:00:35.114   918  3247 I InputReader: Reconfiguring input devices.  changes=0x00000010
08-04 13:00:35.162  3784  3784 D CarrierServiceBindHelper: Receive action: android.intent.action.PACKAGE_REMOVED
08-04 13:00:35.171   918   930 W ResourceType: ResTable_typeSpec entry count inconsistent: given 37, previously 42
08-04 13:00:35.171   918   930 W ResourceType: ResTable_typeSpec entry count inconsistent: given 2527, previously 2530
08-04 13:00:35.172   918   930 W ResourceType: ResTable_typeSpec entry count inconsistent: given 2542, previously 2545
08-04 13:00:35.172   918   930 W ResourceType: ResTable_typeSpec entry count inconsistent: given 303, previously 1691
08-04 13:00:35.174   918  5481 I AccountManagerService: getTypesVisibleToCaller: isPermitted? true
08-04 13:00:35.178 24365  8058 I Fitness : FitCleanupIntentOperation received Intent android.intent.action.PACKAGE_REMOVED [CONTEXT service_id=17 ]
08-04 13:00:35.180 32231 32231 I Finsky  : [1] uah.a(18): PackageMonitorReceiverImpl - Received: android.intent.action.PACKAGE_REMOVED, [ocpw8ddNLhG67i_cxGNvtEQwqY1k5QNC_my-vN553D4]
08-04 13:00:35.182 32231 32231 I Finsky  : [1] ubi.d(9): Invalidating cached PackageState for baseline.org.quantumbadger.redreader
08-04 13:00:35.196  3784  3784 D CarrierServiceBindHelper: Receive action: android.intent.action.PACKAGE_ADDED
08-04 13:00:35.196  3784  3784 D CarrierServiceBindHelper: Receive action: android.intent.action.PACKAGE_REPLACED
08-04 13:00:35.197  3784  3784 D CarrierServiceBindHelper: mHandler: 3
08-04 13:00:35.197  3784  3784 D CarrierServiceBindHelper: mHandler: 3
08-04 13:00:35.197  3784  3784 D CarrierServiceBindHelper: mHandler: 3
08-04 13:00:35.197  3784  3784 D CarrierConfigLoader: mHandler: 9 phoneId: 0
08-04 13:00:35.200 32231 32231 I Finsky  : [1] lzi.c(2): Frosting ID looked up on UI thread. Caller should move to a background thread.
08-04 13:00:35.208   918   927 I art     : Background partial concurrent mark sweep GC freed 26662(1884KB) AllocSpace objects, 0(0B) LOS objects, 18% free, 68MB/84MB, paused 1.622ms total 168.217ms
08-04 13:00:35.220 32231 32231 I Finsky  : [1] nqb.c(3): Installer: package baseline.org.quantumbadger.redreader was removed. replacing: true
08-04 13:00:35.221 32231 32231 I Finsky  : [1] nra.a(188): Installer: Notifying status update. package=baseline.org.quantumbadger.redreader, status=UNINSTALLED
08-04 13:00:35.224   918   929 I AccountManagerService: getTypesVisibleToCaller: isPermitted? true
08-04 13:00:35.271 32231 32231 I Finsky  : [1] lzi.c(2): Frosting ID looked up on UI thread. Caller should move to a background thread.
08-04 13:00:35.283 32231 32231 I Finsky  : [1] nra.a(220): Installer: found apps to install. isMultiUserMode=false, apps=[]
08-04 13:00:35.285 32231 32350 I Finsky  : [5755] odj.b(52): IQ: Notifying installation update. package=baseline.org.quantumbadger.redreader, status=UNINSTALLED
08-04 13:00:35.287 32231  8078 I Finsky  : [6025] ejf.a(-1): Cancelled 0 ongoing asset module downloads for package baseline.org.quantumbadger.redreader due to a concurrent app update.
08-04 13:00:35.348 24577  8075 I Auth    : [SupervisedAccountIntentOperation] onHandleIntent(): android.intent.action.PACKAGE_ADDED
08-04 13:00:35.351 24577  8059 I ChromeSync: [Sync,SyncIntentOperation] Handling the intent: Intent { act=android.intent.action.PACKAGE_ADDED dat=package:baseline.org.quantumbadger.redreader flg=0x4000010 cmp=com.google.android.gms/.chimera.GmsIntentOperationService (has extras) }.
08-04 13:00:35.380 32231  8065 I Finsky  : [6023] lyv.run(-1): Wrote row to frosting DB: 2302
--------- beginning of system
08-04 13:00:35.406   918  4413 W ActivityManager: Unable to start service Intent { act=com.google.android.gms.auth.key.retrieval.service.START pkg=com.google.android.gms } U=0: not found
08-04 13:00:35.409   918  3359 W ActivityManager: Unbind failed: could not find connection for android.os.BinderProxy@da0adb
08-04 13:00:35.410 32231 32231 I Finsky  : [1] uah.a(18): PackageMonitorReceiverImpl - Received: android.intent.action.PACKAGE_ADDED, [ocpw8ddNLhG67i_cxGNvtEQwqY1k5QNC_my-vN553D4]
08-04 13:00:35.410 32231 32231 I Finsky  : [1] ubi.d(9): Invalidating cached PackageState for baseline.org.quantumbadger.redreader
08-04 13:00:35.414 24577 24621 E GmsClient: unable to connect to service: com.google.android.gms.auth.key.retrieval.service.START on com.google.android.gms
08-04 13:00:35.459 32231 32231 I Finsky  : [1] lzi.c(2): Frosting ID looked up on UI thread. Caller should move to a background thread.
08-04 13:00:35.462 32231 32350 I Finsky  : [5755] odj.b(40): IQ: No matching installs to run for jobs: []
08-04 13:00:35.480 32231  8065 I Finsky  : [6023] lyv.run(-1): Wrote row to frosting DB: 2303
08-04 13:00:35.482 32231 32231 I Finsky  : [1] agsx.a(4): Do not start WearSupportService due to Wear service optimization
08-04 13:00:35.489 32231  8076 I Finsky  : [6024] gzn.a(-1): [ContentSync] finished, scheduled=false
08-04 13:00:35.493 32231  8078 I Finsky  : [6025] ejc.a(-1): Asset module broadcast after update successful for package baseline.org.quantumbadger.redreader. 0 sessions broadcast.
08-04 13:00:35.499 32231 32231 I Finsky  : [1] lzi.c(2): Frosting ID looked up on UI thread. Caller should move to a background thread.
08-04 13:00:35.506   918  5952 I AccountManagerService: getTypesVisibleToCaller: isPermitted? true
08-04 13:00:35.508 24577  8059 I ChromeSync: [Persistence,AffiliationManager] One of affiliation or grouping data for android://bz0hZa4nAJEtd0n5sRlXG7KAqctUMWVefv7Ki4mh1p6slZ9YO-n9gS9j8m9YCrsIyI2wIxrDHraumF9Y6pBLTA==@baseline.org.quantumbadger.redreader/ was not found. Marking affiliation data as stale...
08-04 13:00:35.580   918  5132 I AccountManagerService: getTypesVisibleToCaller: isPermitted? true
08-04 13:00:35.652 24577 13294 I Icing   : IndexChimeraService.getServiceInterface callingPackage=com.google.android.gms componentName=AppsCorpus serviceId=36
08-04 13:00:35.655 32231  8065 I Finsky  : [6023] lyv.run(-1): Wrote row to frosting DB: 2304
08-04 13:00:35.701  8088  8088 D AndroidRuntime: >>>>>> START com.android.internal.os.RuntimeInit uid 2000 <<<<<<
08-04 13:00:35.704  8088  8088 D AndroidRuntime: CheckJNI is OFF
08-04 13:00:35.725 32231 32231 I Finsky  : [1] xmu.a(8): SCH: Jobs in database: 1-1337 3-191 3-192 12-1 24-77777777 26-1414141414 
08-04 13:00:35.727  8088  8088 D ICU     : No timezone override file found: /data/misc/zoneinfo/current/icu/icu_tzdata.dat
08-04 13:00:35.728 32231 32231 I Finsky  : [1] xio.a(57): SCH: ConstraintMapping: 24-77777777,  -> L: 0ms, D: 29365110ms, C: false, I: true, N: 0
08-04 13:00:35.728 32231 32231 I Finsky  : [1] xio.a(57): SCH: ConstraintMapping: 1-1337, 12-1,  -> L: 14526ms, D: 32717185ms, C: false, I: false, N: 1
08-04 13:00:35.729 32231 32231 I Finsky  : [1] xio.a(57): SCH: ConstraintMapping: 3-191,  -> L: 0ms, D: 73427058ms, C: false, I: true, N: 2
08-04 13:00:35.729 32231 32231 I Finsky  : [1] xio.a(57): SCH: ConstraintMapping: 3-192,  -> L: 0ms, D: 73427131ms, C: true, I: true, N: 2
08-04 13:00:35.729 32231 32231 I Finsky  : [1] xio.a(57): SCH: ConstraintMapping: 26-1414141414,  -> L: 36830310ms, D: 37730310ms, C: false, I: false, N: 0
08-04 13:00:35.731 32231  8076 I Finsky  : [6024] gzn.a(-1): [ContentSync] finished, scheduled=true
08-04 13:00:35.733 32231  8065 I Finsky  : [6023] lyv.run(-1): Wrote row to frosting DB: 2305
08-04 13:00:35.745 32231 32231 I Finsky  : [1] xle.a(34): Cancelling existing jobscheduler jobs: 9000 9006 9010 9007 9003 9004 9008 9009 9005 9002 
08-04 13:00:35.746 32231 32231 I Finsky  : [1] xle.a(27): Scheduling job Id: 9001, L: 0, D: 29365110, C: false, I: true, N: 0
08-04 13:00:35.747 32231 32231 I Finsky  : [1] xle.a(27): Scheduling job Id: 9011, L: 14526, D: 32717185, C: false, I: false, N: 1
08-04 13:00:35.750 32231 32231 I Finsky  : [1] xle.a(27): Scheduling job Id: 9012, L: 0, D: 73427058, C: false, I: true, N: 2
08-04 13:00:35.751 32231 32231 I Finsky  : [1] xle.a(27): Scheduling job Id: 9013, L: 0, D: 73427131, C: true, I: true, N: 2
08-04 13:00:35.751  8088  8088 I Radio-JNI: register_android_hardware_Radio DONE
08-04 13:00:35.753 32231 32231 I Finsky  : [1] xle.a(27): Scheduling job Id: 9014, L: 36830310, D: 37730310, C: false, I: false, N: 0
08-04 13:00:35.755 32231 32231 I Finsky  : [1] xle.a(27): Scheduling job Id: 9015, L: 0, D: 29365110, C: false, I: true, N: 0
08-04 13:00:35.758 32231 32231 I Finsky  : [1] xle.a(27): Scheduling job Id: 9016, L: 14526, D: 32717185, C: false, I: false, N: 1
08-04 13:00:35.760 32231 32231 I Finsky  : [1] xle.a(27): Scheduling job Id: 9017, L: 0, D: 73427058, C: false, I: true, N: 2
08-04 13:00:35.762 32231 32231 I Finsky  : [1] xle.a(27): Scheduling job Id: 9018, L: 0, D: 73427131, C: true, I: true, N: 2
08-04 13:00:35.767  8088  8088 D AndroidRuntime: Calling main entry com.android.commands.monkey.Monkey
08-04 13:00:35.769 32231 32231 I Finsky  : [1] xle.a(27): Scheduling job Id: 9019, L: 36830310, D: 37730310, C: false, I: false, N: 0
08-04 13:00:35.783   918   931 W BroadcastQueue: Skipping deliver [background] BroadcastRecord{f3cdf9 u-1 android.net.conn.CONNECTIVITY_CHANGE} to ReceiverList{826c13e 8088 (unknown name)/2000/u-1 remote:2c91e43}: process crashing
08-04 13:00:35.799   918  5481 I ActivityManager: START u0 {act=android.intent.action.MAIN cat=[android.intent.category.LAUNCHER] flg=0x10200000 cmp=baseline.org.quantumbadger.redreader/.activities.MainActivity} from uid 2000 on display 0
08-04 13:00:35.813 24577 28655 W Icing   : No valid account for uploading user actions
08-04 13:00:35.816   918   929 I AccountManagerService: getTypesVisibleToCaller: isPermitted? true
08-04 13:00:35.820  8104  8104 I art     : Late-enabling -Xcheck:jni
08-04 13:00:35.821   918  3359 I ActivityManager: Start proc 8104:baseline.org.quantumbadger.redreader/u0a666 for activity baseline.org.quantumbadger.redreader/.activities.MainActivity
08-04 13:00:35.829  8088  8088 I art     : System.exit called, status: 0
08-04 13:00:35.829  8088  8088 I AndroidRuntime: VM exiting with result code 0.
08-04 13:00:35.845 24577 13293 I Icing   : IndexChimeraService.getServiceInterface callingPackage=com.google.android.gms componentName=null serviceId=30
08-04 13:00:35.871 24577 28655 I Icing   : Usage reports ok 1, Failed Usage reports 0, indexed 0, rejected 0
08-04 13:00:35.873  8104  8104 W System  : ClassLoader referenced unknown path: /data/app/baseline.org.quantumbadger.redreader-2/lib/arm64
08-04 13:00:35.875 24577 13293 I Icing   : IndexChimeraService.getServiceInterface callingPackage=com.google.android.gms componentName=null serviceId=36
08-04 13:00:35.875 24577 28655 W Icing   : No valid account for uploading user actions
08-04 13:00:35.900  8104  8104 I RedReader: Application created.
08-04 13:00:35.907  2075  1217 I PBSessionCacheImpl: Deleted sessionId[9127543042550561] from persistence.
08-04 13:00:35.911  2075  2107 W SearchServiceCore: Abort, client detached.
08-04 13:00:35.911  8104  8122 I RedditChangeDataIO: Running initial read...
08-04 13:00:35.912  2075  2107 I MicroDetectionState: Should stop hotword detection immediately - true
08-04 13:00:35.920  8104  8104 I RedReader: Checking for new messages.
08-04 13:00:35.923  8104  8122 I RedditChangeDataIO: Data file at '/data/user/0/baseline.org.quantumbadger.redreader/files/rr_change_data.dat'
08-04 13:00:35.923  8104  8122 I RedditChangeDataIO: Data file does not exist. Aborting read.
08-04 13:00:35.924  8104  8122 I RedditChangeDataManager: Pruning for all users...
08-04 13:00:35.925  8104  8122 I RedditChangeDataManager: Pruning complete.
08-04 13:00:35.937 24577 28655 I Icing   : Usage reports ok 1, Failed Usage reports 0, indexed 0, rejected 0
08-04 13:00:35.937 24577 28655 I Icing   : Indexing com.google.android.gms-internal.3p:MobileApplication from com.google.android.gms using seqno 763
08-04 13:00:35.940 24577 28655 I Icing   : Indexing com.google.android.gms-internal.3p:MobileApplication from com.google.android.gms using seqno 763
08-04 13:00:35.966 24577 28655 W Icing   : No valid account for uploading user actions
08-04 13:00:35.978 24577 28655 I Icing   : Usage reports ok 0, Failed Usage reports 0, indexed 0, rejected 0
08-04 13:00:36.027  8104  8104 W art     : Before Android 4.1, method android.graphics.PorterDuffColorFilter androidx.vectordrawable.graphics.drawable.VectorDrawableCompat.updateTintFilter(android.graphics.PorterDuffColorFilter, android.content.res.ColorStateList, android.graphics.PorterDuff$Mode) would have incorrectly overridden the package-private method in android.graphics.drawable.Drawable
08-04 13:00:36.048  8104  8104 I art     : Rejecting re-init on previously-failed class java.lang.Class<androidx.core.view.ViewCompat$2>
08-04 13:00:36.048  8104  8104 I art     : Rejecting re-init on previously-failed class java.lang.Class<androidx.core.view.ViewCompat$2>
08-04 13:00:36.051  8104  8120 I CacheManager: Pruning 108 files
08-04 13:00:36.058  8104  8104 I AppCompatViewInflater: app:theme is now deprecated. Please move to using android:theme instead.
08-04 13:00:36.264  8104  8104 I RawObjectDB query string: CREATE TABLE objects(RawObjectDB_id TEXT PRIMARY KEY ON CONFLICT REPLACE,RawObjectDB_timestamp INTEGER,serialised TEXT)
08-04 13:00:36.327  8104  8104 I RawObjectDB query string: CREATE TABLE objects(RawObjectDB_id TEXT PRIMARY KEY ON CONFLICT REPLACE,RawObjectDB_timestamp INTEGER,serialised TEXT)
08-04 13:00:36.413  8104  8124 D OpenGLRenderer: Use EGL_SWAP_BEHAVIOR_PRESERVED: true
08-04 13:00:36.487  8104  8124 I Adreno  : QUALCOMM build                   : fcf4852, I1af360237c
08-04 13:00:36.487  8104  8124 I Adreno  : Build Date                       : 09/23/15
08-04 13:00:36.487  8104  8124 I Adreno  : OpenGL ES Shader Compiler Version: XE031.05.13.02
08-04 13:00:36.487  8104  8124 I Adreno  : Local Branch                     : mybranch14465806
08-04 13:00:36.487  8104  8124 I Adreno  : Remote Branch                    : quic/LA.BF64.1.2.9_v2
08-04 13:00:36.487  8104  8124 I Adreno  : Remote Branch                    : NONE
08-04 13:00:36.487  8104  8124 I Adreno  : Reconstruct Branch               : NOTHING
08-04 13:00:36.494  8104  8124 I OpenGLRenderer: Initialized EGL, version 1.4
08-04 13:00:36.799   918   936 I ActivityManager: Displayed baseline.org.quantumbadger.redreader/.activities.MainActivity: +994ms
08-04 13:00:36.875 24577 28655 I Icing   : Indexing com.google.android.gms-apps from com.google.android.gms
08-04 13:00:36.934  3784  3784 D CallStatisticsService: Post delayed to sync data packages to nv.
08-04 13:00:36.934  3784  3784 D CallStatisticsService: handleMessage PHONE_DATA.
08-04 13:00:36.935  3784  3784 D CallStatisticsService: txTotal(Kb) = 0
08-04 13:00:36.935  3784  3784 D CallStatisticsService: rxTotal(Kb) = 0
08-04 13:00:36.935  3784  3784 E CallStatisticsService: TX And RX Data packages are totally 0, no need to update.
08-04 13:00:36.975 24577 28655 I Icing   : Indexing done com.google.android.gms-apps
08-04 13:00:36.980 24577 28655 I Icing   : Indexing com.google.android.gms-apps from com.google.android.gms
08-04 13:00:36.982 24577 28655 I Icing   : Indexing done com.google.android.gms-apps
08-04 13:00:37.408  8140  8140 D AndroidRuntime: >>>>>> START com.android.internal.os.RuntimeInit uid 2000 <<<<<<
08-04 13:00:37.415  8140  8140 D AndroidRuntime: CheckJNI is OFF
08-04 13:00:37.450  8140  8140 D ICU     : No timezone override file found: /data/misc/zoneinfo/current/icu/icu_tzdata.dat
08-04 13:00:37.487  8140  8140 I Radio-JNI: register_android_hardware_Radio DONE
08-04 13:00:37.503  8140  8140 D AndroidRuntime: Calling main entry com.android.commands.am.Am
08-04 13:00:37.512  2375  2375 I Trepn   : Trepn 6.2s: Received intent: com.quicinc.trepn.start_profiling
08-04 13:00:37.634  2375  2375 W FileUtils: Failed to chmod(/storage/emulated/0/trepn/Trepn_2020.08.04_130037.db): android.system.ErrnoException: chmod failed: EPERM (Operation not permitted)
08-04 13:00:37.784  2375  2375 I Trepn   : Trepn 6.2s: Trepn has Started Profiling.
08-04 13:00:37.787  8140  8140 D AndroidRuntime: Shutting down VM
08-04 13:00:38.288  8104  8116 I art     : Starting a blocking GC Explicit
08-04 13:00:38.308  8104  8116 I art     : Explicit concurrent mark sweep GC freed 7461(740KB) AllocSpace objects, 8(216KB) LOS objects, 40% free, 20MB/34MB, paused 146us total 19.848ms
08-04 13:00:38.318  8104  8116 I art     : Starting a blocking GC Explicit
08-04 13:00:38.330  8104  8116 I art     : Explicit concurrent mark sweep GC freed 1271(61KB) AllocSpace objects, 0(0B) LOS objects, 40% free, 20MB/34MB, paused 105us total 10.909ms
08-04 13:00:38.338  8104  8116 I art     : Starting a blocking GC Explicit
08-04 13:00:38.348  8104  8116 I art     : Explicit concurrent mark sweep GC freed 3(96B) AllocSpace objects, 0(0B) LOS objects, 40% free, 20MB/34MB, paused 118us total 9.492ms
08-04 13:00:38.356  8104  8116 I art     : Starting a blocking GC Explicit
08-04 13:00:38.366  8104  8116 I art     : Explicit concurrent mark sweep GC freed 3(96B) AllocSpace objects, 0(0B) LOS objects, 40% free, 20MB/34MB, paused 100us total 9.749ms
08-04 13:00:38.376  8104  8116 I art     : Starting a blocking GC Explicit
08-04 13:00:38.386  8104  8116 I art     : Explicit concurrent mark sweep GC freed 3(96B) AllocSpace objects, 0(0B) LOS objects, 40% free, 20MB/34MB, paused 107us total 10.092ms
08-04 13:00:38.691  8104  8126 I art     : Starting a blocking GC Explicit
08-04 13:00:38.706  8104  8126 I art     : Explicit concurrent mark sweep GC freed 1336(78KB) AllocSpace objects, 1(20KB) LOS objects, 40% free, 20MB/34MB, paused 139us total 15.265ms
08-04 13:00:38.718  8104  8126 I art     : Starting a blocking GC Explicit
08-04 13:00:38.728  8104  8126 I art     : Explicit concurrent mark sweep GC freed 20(704B) AllocSpace objects, 0(0B) LOS objects, 40% free, 20MB/34MB, paused 130us total 10.310ms
08-04 13:00:38.736  8104  8126 I art     : Starting a blocking GC Explicit
08-04 13:00:38.745  8104  8126 I art     : Explicit concurrent mark sweep GC freed 3(96B) AllocSpace objects, 0(0B) LOS objects, 40% free, 20MB/34MB, paused 97us total 8.828ms
08-04 13:00:38.753  8104  8126 I art     : Starting a blocking GC Explicit
08-04 13:00:38.762  8104  8126 I art     : Explicit concurrent mark sweep GC freed 3(96B) AllocSpace objects, 0(0B) LOS objects, 40% free, 20MB/34MB, paused 126us total 9.349ms
08-04 13:00:38.769  8104  8126 I art     : Starting a blocking GC Explicit
08-04 13:00:38.779  8104  8126 I art     : Explicit concurrent mark sweep GC freed 3(96B) AllocSpace objects, 0(0B) LOS objects, 40% free, 20MB/34MB, paused 107us total 9.338ms
08-04 13:00:39.065  8104  8117 I art     : Starting a blocking GC Explicit
08-04 13:00:39.081  8104  8117 I art     : Explicit concurrent mark sweep GC freed 1333(78KB) AllocSpace objects, 1(20KB) LOS objects, 40% free, 20MB/34MB, paused 164us total 16.085ms
08-04 13:00:39.093  8104  8117 I art     : Starting a blocking GC Explicit
08-04 13:00:39.107  8104  8117 I art     : Explicit concurrent mark sweep GC freed 20(704B) AllocSpace objects, 0(0B) LOS objects, 40% free, 20MB/34MB, paused 295us total 13.677ms
08-04 13:00:39.115  8104  8117 I art     : Starting a blocking GC Explicit
08-04 13:00:39.126  8104  8117 I art     : Explicit concurrent mark sweep GC freed 3(96B) AllocSpace objects, 0(0B) LOS objects, 40% free, 20MB/34MB, paused 130us total 10.496ms
08-04 13:00:39.134  8104  8117 I art     : Starting a blocking GC Explicit
08-04 13:00:39.145  8104  8117 I art     : Explicit concurrent mark sweep GC freed 3(96B) AllocSpace objects, 0(0B) LOS objects, 40% free, 20MB/34MB, paused 115us total 10.938ms
08-04 13:00:39.153  8104  8117 I art     : Starting a blocking GC Explicit
08-04 13:00:39.164  8104  8117 I art     : Explicit concurrent mark sweep GC freed 3(96B) AllocSpace objects, 0(0B) LOS objects, 40% free, 20MB/34MB, paused 144us total 10.136ms
08-04 13:00:39.458  8104  8116 I art     : Starting a blocking GC Explicit
08-04 13:00:39.472  8104  8116 I art     : Explicit concurrent mark sweep GC freed 1333(78KB) AllocSpace objects, 1(20KB) LOS objects, 40% free, 20MB/34MB, paused 143us total 13.075ms
08-04 13:00:39.481  8104  8116 I art     : Starting a blocking GC Explicit
08-04 13:00:39.492  8104  8116 I art     : Explicit concurrent mark sweep GC freed 20(704B) AllocSpace objects, 0(0B) LOS objects, 40% free, 20MB/34MB, paused 118us total 11.285ms
08-04 13:00:39.501  8104  8116 I art     : Starting a blocking GC Explicit
08-04 13:00:39.512  8104  8116 I art     : Explicit concurrent mark sweep GC freed 3(96B) AllocSpace objects, 0(0B) LOS objects, 40% free, 20MB/34MB, paused 111us total 10.974ms
08-04 13:00:39.520  8104  8116 I art     : Starting a blocking GC Explicit
08-04 13:00:39.530  8104  8116 I art     : Explicit concurrent mark sweep GC freed 3(96B) AllocSpace objects, 0(0B) LOS objects, 40% free, 20MB/34MB, paused 111us total 10.207ms
08-04 13:00:39.538  8104  8116 I art     : Starting a blocking GC Explicit
08-04 13:00:39.549  8104  8116 I art     : Explicit concurrent mark sweep GC freed 3(96B) AllocSpace objects, 0(0B) LOS objects, 40% free, 20MB/34MB, paused 107us total 10.636ms
08-04 13:00:39.852  8104  8126 I art     : Starting a blocking GC Explicit
08-04 13:00:39.868  8104  8126 I art     : Explicit concurrent mark sweep GC freed 1333(78KB) AllocSpace objects, 1(20KB) LOS objects, 40% free, 20MB/34MB, paused 152us total 16.574ms
08-04 13:00:39.881  8104  8126 I art     : Starting a blocking GC Explicit
08-04 13:00:39.894  8104  8126 I art     : Explicit concurrent mark sweep GC freed 20(704B) AllocSpace objects, 0(0B) LOS objects, 40% free, 20MB/34MB, paused 124us total 13.413ms
08-04 13:00:39.903  8104  8126 I art     : Starting a blocking GC Explicit
08-04 13:00:39.914  8104  8126 I art     : Explicit concurrent mark sweep GC freed 3(96B) AllocSpace objects, 0(0B) LOS objects, 40% free, 20MB/34MB, paused 118us total 10.848ms
08-04 13:00:39.922  8104  8126 I art     : Starting a blocking GC Explicit
08-04 13:00:39.933  8104  8126 I art     : Explicit concurrent mark sweep GC freed 3(96B) AllocSpace objects, 0(0B) LOS objects, 40% free, 20MB/34MB, paused 118us total 10.574ms
08-04 13:00:39.941  8104  8126 I art     : Starting a blocking GC Explicit
08-04 13:00:39.951  8104  8126 I art     : Explicit concurrent mark sweep GC freed 3(96B) AllocSpace objects, 0(0B) LOS objects, 40% free, 20MB/34MB, paused 109us total 10.627ms
08-04 13:00:40.021   918 13197 D NetworkMonitor/NetworkAgentInfo [WIFI () - 158]: Checking http://connectivitycheck.gstatic.com/generate_204 on "H369AA63323", 192.168.2.12=192.168.2.12
08-04 13:00:40.117   918 13197 D NetworkMonitor/NetworkAgentInfo [WIFI () - 158]: Probably not a portal: exception java.io.IOException: unexpected end of stream on Connection{connectivitycheck.gstatic.com:80, proxy=HTTP@/192.168.2.12:8080 hostAddress=192.168.2.12 cipherSuite=none protocol=http/1.1} (recycle count=0)
08-04 13:00:40.118   918  3263 D ConnectivityService: NetworkAgentInfo [WIFI () - 158] validation failed
08-04 13:00:40.119   918  3261 E WifiConfigStore:  rewrite network history for "H369AA63323"WPA_PSK
08-04 13:00:40.243  8104  8117 I art     : Starting a blocking GC Explicit
08-04 13:00:40.259  8104  8117 I art     : Explicit concurrent mark sweep GC freed 1334(78KB) AllocSpace objects, 1(20KB) LOS objects, 40% free, 20MB/34MB, paused 151us total 16.105ms
08-04 13:00:40.270  8104  8117 I art     : Starting a blocking GC Explicit
08-04 13:00:40.282  8104  8117 I art     : Explicit concurrent mark sweep GC freed 20(704B) AllocSpace objects, 0(0B) LOS objects, 40% free, 20MB/34MB, paused 127us total 11.154ms
08-04 13:00:40.290  8104  8117 I art     : Starting a blocking GC Explicit
08-04 13:00:40.301  8104  8117 I art     : Explicit concurrent mark sweep GC freed 3(96B) AllocSpace objects, 0(0B) LOS objects, 40% free, 20MB/34MB, paused 114us total 10.724ms
08-04 13:00:40.309  8104  8117 I art     : Starting a blocking GC Explicit
08-04 13:00:40.319  8104  8117 I art     : Explicit concurrent mark sweep GC freed 3(96B) AllocSpace objects, 0(0B) LOS objects, 40% free, 20MB/34MB, paused 120us total 10.290ms
08-04 13:00:40.327  8104  8117 I art     : Starting a blocking GC Explicit
08-04 13:00:40.338  8104  8117 I art     : Explicit concurrent mark sweep GC freed 3(96B) AllocSpace objects, 0(0B) LOS objects, 40% free, 20MB/34MB, paused 116us total 10.295ms
08-04 13:00:40.656  8104  8116 I art     : Starting a blocking GC Explicit
08-04 13:00:40.671  8104  8116 I art     : Explicit concurrent mark sweep GC freed 1334(78KB) AllocSpace objects, 1(20KB) LOS objects, 40% free, 20MB/34MB, paused 142us total 14.431ms
08-04 13:00:40.681  8104  8116 I art     : Starting a blocking GC Explicit
08-04 13:00:40.696  8104  8116 I art     : Explicit concurrent mark sweep GC freed 20(704B) AllocSpace objects, 0(0B) LOS objects, 40% free, 20MB/34MB, paused 127us total 14.363ms
08-04 13:00:40.709  8104  8116 I art     : Starting a blocking GC Explicit
08-04 13:00:40.720  8104  8116 I art     : Explicit concurrent mark sweep GC freed 3(96B) AllocSpace objects, 0(0B) LOS objects, 40% free, 20MB/34MB, paused 114us total 11.077ms
08-04 13:00:40.728  8104  8116 I art     : Starting a blocking GC Explicit
08-04 13:00:40.739  8104  8116 I art     : Explicit concurrent mark sweep GC freed 3(96B) AllocSpace objects, 0(0B) LOS objects, 40% free, 20MB/34MB, paused 113us total 10.970ms
08-04 13:00:40.747  8104  8116 I art     : Starting a blocking GC Explicit
08-04 13:00:40.758  8104  8116 I art     : Explicit concurrent mark sweep GC freed 3(96B) AllocSpace objects, 0(0B) LOS objects, 40% free, 20MB/34MB, paused 110us total 10.782ms
08-04 13:00:41.040  8104  8126 I art     : Starting a blocking GC Explicit
08-04 13:00:41.057  8104  8126 I art     : Explicit concurrent mark sweep GC freed 1333(78KB) AllocSpace objects, 1(20KB) LOS objects, 40% free, 20MB/34MB, paused 155us total 15.876ms
08-04 13:00:41.069  8104  8126 I art     : Starting a blocking GC Explicit
08-04 13:00:41.083  8104  8126 I art     : Explicit concurrent mark sweep GC freed 20(704B) AllocSpace objects, 0(0B) LOS objects, 40% free, 20MB/34MB, paused 118us total 13.171ms
08-04 13:00:41.093  8104  8126 I art     : Starting a blocking GC Explicit
08-04 13:00:41.104  8104  8126 I art     : Explicit concurrent mark sweep GC freed 3(96B) AllocSpace objects, 0(0B) LOS objects, 40% free, 20MB/34MB, paused 116us total 10.642ms
08-04 13:00:41.112  8104  8126 I art     : Starting a blocking GC Explicit
08-04 13:00:41.123  8104  8126 I art     : Explicit concurrent mark sweep GC freed 3(96B) AllocSpace objects, 0(0B) LOS objects, 40% free, 20MB/34MB, paused 112us total 10.456ms
08-04 13:00:41.131  8104  8126 I art     : Starting a blocking GC Explicit
08-04 13:00:41.142  8104  8126 I art     : Explicit concurrent mark sweep GC freed 3(96B) AllocSpace objects, 0(0B) LOS objects, 40% free, 20MB/34MB, paused 115us total 10.531ms
08-04 13:00:41.473  8104  8117 I art     : Starting a blocking GC Explicit
08-04 13:00:41.492  8104  8117 I art     : Explicit concurrent mark sweep GC freed 1333(78KB) AllocSpace objects, 1(20KB) LOS objects, 40% free, 20MB/34MB, paused 189us total 18.692ms
08-04 13:00:41.505  8104  8117 I art     : Starting a blocking GC Explicit
08-04 13:00:41.516  8104  8117 I art     : Explicit concurrent mark sweep GC freed 20(704B) AllocSpace objects, 0(0B) LOS objects, 40% free, 20MB/34MB, paused 132us total 11.372ms
08-04 13:00:41.524  8104  8117 I art     : Starting a blocking GC Explicit
08-04 13:00:41.535  8104  8117 I art     : Explicit concurrent mark sweep GC freed 3(96B) AllocSpace objects, 0(0B) LOS objects, 40% free, 20MB/34MB, paused 112us total 10.696ms
08-04 13:00:41.543  8104  8117 I art     : Starting a blocking GC Explicit
08-04 13:00:41.554  8104  8117 I art     : Explicit concurrent mark sweep GC freed 3(96B) AllocSpace objects, 0(0B) LOS objects, 40% free, 20MB/34MB, paused 114us total 10.165ms
08-04 13:00:41.562  8104  8117 I art     : Starting a blocking GC Explicit
08-04 13:00:41.573  8104  8117 I art     : Explicit concurrent mark sweep GC freed 3(96B) AllocSpace objects, 0(0B) LOS objects, 40% free, 20MB/34MB, paused 123us total 10.706ms
08-04 13:00:41.894  8104  8116 I art     : Starting a blocking GC Explicit
08-04 13:00:41.914  8104  8116 I art     : Explicit concurrent mark sweep GC freed 1333(78KB) AllocSpace objects, 1(20KB) LOS objects, 40% free, 20MB/34MB, paused 166us total 19.122ms
08-04 13:00:41.926  8104  8116 I art     : Starting a blocking GC Explicit
08-04 13:00:41.939  8104  8116 I art     : Explicit concurrent mark sweep GC freed 20(704B) AllocSpace objects, 0(0B) LOS objects, 40% free, 20MB/34MB, paused 103us total 12.471ms
08-04 13:00:41.947  8104  8116 I art     : Starting a blocking GC Explicit
08-04 13:00:41.958  8104  8116 I art     : Explicit concurrent mark sweep GC freed 3(96B) AllocSpace objects, 0(0B) LOS objects, 40% free, 20MB/34MB, paused 110us total 10.249ms
08-04 13:00:41.965  8104  8116 I art     : Starting a blocking GC Explicit
08-04 13:00:41.974  8104  8116 I art     : Explicit concurrent mark sweep GC freed 3(96B) AllocSpace objects, 0(0B) LOS objects, 40% free, 20MB/34MB, paused 99us total 8.867ms
08-04 13:00:41.982  8104  8116 I art     : Starting a blocking GC Explicit
08-04 13:00:41.991  8104  8116 I art     : Explicit concurrent mark sweep GC freed 3(96B) AllocSpace objects, 0(0B) LOS objects, 40% free, 20MB/34MB, paused 98us total 8.837ms
08-04 13:00:42.251  8104  8126 I art     : Starting a blocking GC Explicit
08-04 13:00:42.268  8104  8126 I art     : Explicit concurrent mark sweep GC freed 1333(78KB) AllocSpace objects, 1(20KB) LOS objects, 40% free, 20MB/34MB, paused 150us total 15.889ms
08-04 13:00:42.280  8104  8126 I art     : Starting a blocking GC Explicit
08-04 13:00:42.293  8104  8126 I art     : Explicit concurrent mark sweep GC freed 20(704B) AllocSpace objects, 0(0B) LOS objects, 40% free, 20MB/34MB, paused 119us total 13.193ms
08-04 13:00:42.305  8104  8126 I art     : Starting a blocking GC Explicit
08-04 13:00:42.315  8104  8126 I art     : Explicit concurrent mark sweep GC freed 3(96B) AllocSpace objects, 0(0B) LOS objects, 40% free, 20MB/34MB, paused 112us total 10.370ms
08-04 13:00:42.323  8104  8126 I art     : Starting a blocking GC Explicit
08-04 13:00:42.333  8104  8126 I art     : Explicit concurrent mark sweep GC freed 3(96B) AllocSpace objects, 0(0B) LOS objects, 40% free, 20MB/34MB, paused 111us total 10.254ms
08-04 13:00:42.341  8104  8126 I art     : Starting a blocking GC Explicit
08-04 13:00:42.352  8104  8126 I art     : Explicit concurrent mark sweep GC freed 3(96B) AllocSpace objects, 0(0B) LOS objects, 40% free, 20MB/34MB, paused 113us total 10.212ms
08-04 13:00:42.575   918  3261 D WifiStateMachine: starting scan for "H369AA63323"WPA_PSK with 2412,5180
08-04 13:00:42.629  8104  8117 I art     : Starting a blocking GC Explicit
08-04 13:00:42.640   918  3188 I hubconnection: sensorhub said: 'set_bias 3: -6.1248, 0.0000, 0.0000'
08-04 13:00:42.641  8104  8117 I art     : Explicit concurrent mark sweep GC freed 1333(78KB) AllocSpace objects, 1(20KB) LOS objects, 40% free, 20MB/34MB, paused 137us total 12.007ms
08-04 13:00:42.650  8104  8117 I art     : Starting a blocking GC Explicit
08-04 13:00:42.661  8104  8117 I art     : Explicit concurrent mark sweep GC freed 20(704B) AllocSpace objects, 0(0B) LOS objects, 40% free, 20MB/34MB, paused 125us total 10.832ms
08-04 13:00:42.670  8104  8117 I art     : Starting a blocking GC Explicit
08-04 13:00:42.679  8104  8117 I art     : Explicit concurrent mark sweep GC freed 3(96B) AllocSpace objects, 0(0B) LOS objects, 40% free, 20MB/34MB, paused 134us total 9.232ms
08-04 13:00:42.687  8104  8117 I art     : Starting a blocking GC Explicit
08-04 13:00:42.696  8104  8117 I art     : Explicit concurrent mark sweep GC freed 3(96B) AllocSpace objects, 0(0B) LOS objects, 40% free, 20MB/34MB, paused 115us total 9.242ms
08-04 13:00:42.703  8104  8117 I art     : Starting a blocking GC Explicit
08-04 13:00:42.713  8104  8117 I art     : Explicit concurrent mark sweep GC freed 3(96B) AllocSpace objects, 0(0B) LOS objects, 40% free, 20MB/34MB, paused 108us total 9.178ms
08-04 13:00:42.945  8104  8116 I art     : Starting a blocking GC Explicit
08-04 13:00:42.956  8104  8116 I art     : Explicit concurrent mark sweep GC freed 1333(78KB) AllocSpace objects, 1(20KB) LOS objects, 40% free, 20MB/34MB, paused 116us total 10.587ms
08-04 13:00:42.964  8104  8116 I art     : Starting a blocking GC Explicit
08-04 13:00:42.974  8104  8116 I art     : Explicit concurrent mark sweep GC freed 20(704B) AllocSpace objects, 0(0B) LOS objects, 40% free, 20MB/34MB, paused 109us total 10.372ms
08-04 13:00:42.983  8104  8116 I art     : Starting a blocking GC Explicit
08-04 13:00:42.993  8104  8116 I art     : Explicit concurrent mark sweep GC freed 3(96B) AllocSpace objects, 0(0B) LOS objects, 40% free, 20MB/34MB, paused 113us total 9.902ms
08-04 13:00:43.000  8104  8116 I art     : Starting a blocking GC Explicit
08-04 13:00:43.011  8104  8116 I art     : Explicit concurrent mark sweep GC freed 3(96B) AllocSpace objects, 0(0B) LOS objects, 40% free, 20MB/34MB, paused 117us total 10.160ms
08-04 13:00:43.018  8104  8116 I art     : Starting a blocking GC Explicit
08-04 13:00:43.029  8104  8116 I art     : Explicit concurrent mark sweep GC freed 3(96B) AllocSpace objects, 0(0B) LOS objects, 40% free, 20MB/34MB, paused 112us total 10.391ms
08-04 13:00:43.165  8299  8299 D AndroidRuntime: >>>>>> START com.android.internal.os.RuntimeInit uid 2000 <<<<<<
08-04 13:00:43.171  8299  8299 D AndroidRuntime: CheckJNI is OFF
08-04 13:00:43.199  8299  8299 D ICU     : No timezone override file found: /data/misc/zoneinfo/current/icu/icu_tzdata.dat
08-04 13:00:43.224  8299  8299 I Radio-JNI: register_android_hardware_Radio DONE
08-04 13:00:43.241  8299  8299 D AndroidRuntime: Calling main entry com.android.commands.input.Input
08-04 13:00:43.242  8299  8299 I Input   : injectMotionEvent: MotionEvent { action=ACTION_DOWN, actionButton=0, id[0]=0, x[0]=720.0, y[0]=1440.0, toolType[0]=TOOL_TYPE_UNKNOWN, buttonState=0, metaState=0, flags=0x0, edgeFlags=0x0, pointerCount=1, historySize=0, eventTime=709259655, downTime=709259655, deviceId=0, source=0x1002 }
08-04 13:00:43.248  8299  8299 I Input   : injectMotionEvent: MotionEvent { action=ACTION_UP, actionButton=0, id[0]=0, x[0]=720.0, y[0]=1440.0, toolType[0]=TOOL_TYPE_UNKNOWN, buttonState=0, metaState=0, flags=0x0, edgeFlags=0x0, pointerCount=1, historySize=0, eventTime=709259655, downTime=709259655, deviceId=0, source=0x1002 }
08-04 13:00:43.249  8299  8299 D AndroidRuntime: Shutting down VM
08-04 13:00:43.262   512  2967 D audio_hw_primary: out_set_parameters: enter: usecase(1: low-latency-playback) kvpairs: routing=2
08-04 13:00:43.273 13866 13866 I GoogleInputMethodServic: GoogleInputMethodService.onFinishInput():3138 
08-04 13:00:43.274 13866 13866 I GoogleInputMethodServic: GoogleInputMethodService.onStartInput():1808 
08-04 13:00:43.276   512  2967 D audio_hw_primary: select_devices: out_snd_device(2: speaker) in_snd_device(0: none)
08-04 13:00:43.276   512  2967 D msm8974_platform: platform_send_audio_calibration: sending audio calibration for snd_device(2) acdb_id(15)
08-04 13:00:43.276   512  2967 I soundtrigger: audio_extn_sound_trigger_update_device_status: device 0x2 of type 0 for Event 1
08-04 13:00:43.289   512  2967 D audio_hw_primary: enable_snd_device: snd_device(2: speaker)
08-04 13:00:43.291   512  2967 D audio_hw_primary: enable_audio_route: apply and update mixer path: low-latency-playback speaker
08-04 13:00:43.292  8104  8126 I art     : Starting a blocking GC Explicit
08-04 13:00:43.304  8104  8126 I art     : Explicit concurrent mark sweep GC freed 1448(82KB) AllocSpace objects, 1(20KB) LOS objects, 40% free, 20MB/34MB, paused 115us total 11.326ms
08-04 13:00:43.312  8104  8126 I art     : Starting a blocking GC Explicit
08-04 13:00:43.322  8104  8126 I art     : Explicit concurrent mark sweep GC freed 991(69KB) AllocSpace objects, 1(76KB) LOS objects, 40% free, 20MB/34MB, paused 102us total 9.839ms
08-04 13:00:43.330  8104  8126 I art     : Starting a blocking GC Explicit
08-04 13:00:43.340  8104  8126 I art     : Explicit concurrent mark sweep GC freed 3(96B) AllocSpace objects, 0(0B) LOS objects, 40% free, 20MB/34MB, paused 99us total 9.420ms
08-04 13:00:43.348  8104  8126 I art     : Starting a blocking GC Explicit
08-04 13:00:43.358  8104  8126 I art     : Explicit concurrent mark sweep GC freed 3(96B) AllocSpace objects, 0(0B) LOS objects, 40% free, 20MB/34MB, paused 104us total 10.102ms
08-04 13:00:43.368  8104  8126 I art     : Starting a blocking GC Explicit
08-04 13:00:43.379  8104  8126 I art     : Explicit concurrent mark sweep GC freed 3(96B) AllocSpace objects, 0(0B) LOS objects, 40% free, 20MB/34MB, paused 126us total 11.138ms
08-04 13:00:43.455   380   380 W SurfaceFlinger: couldn't log to binary event log: overflow.
08-04 13:00:43.588  8104  8117 I art     : Starting a blocking GC Explicit
08-04 13:00:43.599  8104  8117 I art     : Explicit concurrent mark sweep GC freed 1333(78KB) AllocSpace objects, 1(20KB) LOS objects, 40% free, 20MB/34MB, paused 127us total 10.910ms
08-04 13:00:43.607  8104  8117 I art     : Starting a blocking GC Explicit
08-04 13:00:43.618  8104  8117 I art     : Explicit concurrent mark sweep GC freed 20(704B) AllocSpace objects, 0(0B) LOS objects, 40% free, 20MB/34MB, paused 134us total 10.210ms
08-04 13:00:43.626  8104  8117 I art     : Starting a blocking GC Explicit
08-04 13:00:43.637  8104  8117 I art     : Explicit concurrent mark sweep GC freed 3(96B) AllocSpace objects, 0(0B) LOS objects, 40% free, 20MB/34MB, paused 145us total 10.634ms
08-04 13:00:43.645  8104  8117 I art     : Starting a blocking GC Explicit
08-04 13:00:43.655  8104  8117 I art     : Explicit concurrent mark sweep GC freed 3(96B) AllocSpace objects, 0(0B) LOS objects, 40% free, 20MB/34MB, paused 129us total 10.466ms
08-04 13:00:43.664  8104  8117 I art     : Starting a blocking GC Explicit
08-04 13:00:43.675  8104  8117 I art     : Explicit concurrent mark sweep GC freed 3(96B) AllocSpace objects, 0(0B) LOS objects, 40% free, 20MB/34MB, paused 130us total 10.497ms
08-04 13:00:43.813  8332  8332 D AndroidRuntime: >>>>>> START com.android.internal.os.RuntimeInit uid 2000 <<<<<<
08-04 13:00:43.817  8332  8332 D AndroidRuntime: CheckJNI is OFF
08-04 13:00:43.838   512  2967 D audio_hw_primary: disable_audio_route: reset and update mixer path: low-latency-playback speaker
08-04 13:00:43.840   512  2967 D audio_hw_primary: disable_snd_device: snd_device(2: speaker)
08-04 13:00:43.842  8332  8332 D ICU     : No timezone override file found: /data/misc/zoneinfo/current/icu/icu_tzdata.dat
08-04 13:00:43.849   512  2967 I soundtrigger: audio_extn_sound_trigger_update_device_status: device 0x2 of type 0 for Event 0
08-04 13:00:43.867  8332  8332 I Radio-JNI: register_android_hardware_Radio DONE
08-04 13:00:43.882  8332  8332 D AndroidRuntime: Calling main entry com.android.commands.input.Input
08-04 13:00:43.884  8332  8332 I Input   : injectMotionEvent: MotionEvent { action=ACTION_DOWN, actionButton=0, id[0]=0, x[0]=1345.0, y[0]=165.0, toolType[0]=TOOL_TYPE_UNKNOWN, buttonState=0, metaState=0, flags=0x0, edgeFlags=0x0, pointerCount=1, historySize=0, eventTime=709260297, downTime=709260297, deviceId=0, source=0x1002 }
08-04 13:00:43.889  8332  8332 I Input   : injectMotionEvent: MotionEvent { action=ACTION_UP, actionButton=0, id[0]=0, x[0]=1345.0, y[0]=165.0, toolType[0]=TOOL_TYPE_UNKNOWN, buttonState=0, metaState=0, flags=0x0, edgeFlags=0x0, pointerCount=1, historySize=0, eventTime=709260297, downTime=709260297, deviceId=0, source=0x1002 }
08-04 13:00:43.891  8332  8332 D AndroidRuntime: Shutting down VM
08-04 13:00:43.909   512  2967 D audio_hw_primary: out_set_parameters: enter: usecase(1: low-latency-playback) kvpairs: routing=2
08-04 13:00:43.912  8104  8104 W art     : Before Android 4.1, method int androidx.appcompat.widget.DropDownListView.lookForSelectablePosition(int, boolean) would have incorrectly overridden the package-private method in android.widget.ListView
08-04 13:00:43.915  8104  8104 W art     : Before Android 4.1, method int androidx.appcompat.widget.MenuPopupWindow$MenuDropDownListView.lookForSelectablePosition(int, boolean) would have incorrectly overridden the package-private method in android.widget.ListView
08-04 13:00:43.916  8104  8104 I ListPopupWindow: Could not find method setEpicenterBounds(Rect) on PopupWindow. Oh well.
08-04 13:00:43.922   512  2967 D audio_hw_primary: select_devices: out_snd_device(2: speaker) in_snd_device(0: none)
08-04 13:00:43.922  8104  8126 I art     : Starting a blocking GC Explicit
08-04 13:00:43.922   512  2967 D msm8974_platform: platform_send_audio_calibration: sending audio calibration for snd_device(2) acdb_id(15)
08-04 13:00:43.922   512  2967 I soundtrigger: audio_extn_sound_trigger_update_device_status: device 0x2 of type 0 for Event 1
08-04 13:00:43.932   512  2967 D audio_hw_primary: enable_snd_device: snd_device(2: speaker)
08-04 13:00:43.934   512  2967 D audio_hw_primary: enable_audio_route: apply and update mixer path: low-latency-playback speaker
08-04 13:00:43.934  8104  8126 I art     : Explicit concurrent mark sweep GC freed 1761(183KB) AllocSpace objects, 1(20KB) LOS objects, 40% free, 20MB/34MB, paused 323us total 12.006ms
08-04 13:00:43.942  8104  8126 I art     : Starting a blocking GC Explicit
08-04 13:00:43.952  8104  8126 I art     : Explicit concurrent mark sweep GC freed 281(31KB) AllocSpace objects, 0(0B) LOS objects, 40% free, 20MB/34MB, paused 133us total 10.175ms
08-04 13:00:43.961  8104  8126 I art     : Starting a blocking GC Explicit
08-04 13:00:43.971  8104  8126 I art     : Explicit concurrent mark sweep GC freed 121(5KB) AllocSpace objects, 0(0B) LOS objects, 40% free, 20MB/34MB, paused 256us total 10.249ms
08-04 13:00:43.979  8104  8126 I art     : Starting a blocking GC Explicit
08-04 13:00:43.979   512  2967 D AudioFlinger: mixer(0xf4740000) throttle end: throttle time(12)
08-04 13:00:43.990  8104  8126 I art     : Explicit concurrent mark sweep GC freed 194(13KB) AllocSpace objects, 0(0B) LOS objects, 40% free, 20MB/34MB, paused 142us total 10.290ms
08-04 13:00:43.998  8104  8126 I art     : Starting a blocking GC Explicit
08-04 13:00:44.009  8104  8126 I art     : Explicit concurrent mark sweep GC freed 57(2336B) AllocSpace objects, 0(0B) LOS objects, 40% free, 20MB/34MB, paused 125us total 10.956ms
08-04 13:00:44.252  8104  8117 I art     : Starting a blocking GC Explicit
08-04 13:00:44.262  8104  8117 I art     : Explicit concurrent mark sweep GC freed 2391(140KB) AllocSpace objects, 1(20KB) LOS objects, 40% free, 20MB/34MB, paused 118us total 10.282ms
08-04 13:00:44.271  8104  8117 I art     : Starting a blocking GC Explicit
08-04 13:00:44.282  8104  8117 I art     : Explicit concurrent mark sweep GC freed 40(1632B) AllocSpace objects, 0(0B) LOS objects, 40% free, 20MB/34MB, paused 125us total 10.968ms
08-04 13:00:44.290  8104  8117 I art     : Starting a blocking GC Explicit
08-04 13:00:44.300  8104  8117 I art     : Explicit concurrent mark sweep GC freed 3(96B) AllocSpace objects, 0(0B) LOS objects, 40% free, 20MB/34MB, paused 122us total 10.070ms
08-04 13:00:44.308  8104  8117 I art     : Starting a blocking GC Explicit
08-04 13:00:44.318  8104  8117 I art     : Explicit concurrent mark sweep GC freed 3(96B) AllocSpace objects, 0(0B) LOS objects, 40% free, 20MB/34MB, paused 120us total 9.792ms
08-04 13:00:44.326  8104  8117 I art     : Starting a blocking GC Explicit
08-04 13:00:44.336  8104  8117 I art     : Explicit concurrent mark sweep GC freed 3(96B) AllocSpace objects, 0(0B) LOS objects, 40% free, 20MB/34MB, paused 132us total 9.926ms
08-04 13:00:44.440  8365  8365 D AndroidRuntime: >>>>>> START com.android.internal.os.RuntimeInit uid 2000 <<<<<<
08-04 13:00:44.444  8365  8365 D AndroidRuntime: CheckJNI is OFF
08-04 13:00:44.469  8365  8365 D ICU     : No timezone override file found: /data/misc/zoneinfo/current/icu/icu_tzdata.dat
08-04 13:00:44.469   512  2967 D audio_hw_primary: disable_audio_route: reset and update mixer path: low-latency-playback speaker
08-04 13:00:44.472   512  2967 D audio_hw_primary: disable_snd_device: snd_device(2: speaker)
08-04 13:00:44.480   512  2967 I soundtrigger: audio_extn_sound_trigger_update_device_status: device 0x2 of type 0 for Event 0
08-04 13:00:44.492  8365  8365 I Radio-JNI: register_android_hardware_Radio DONE
08-04 13:00:44.506  8365  8365 D AndroidRuntime: Calling main entry com.android.commands.input.Input
08-04 13:00:44.508  8365  8365 I Input   : injectMotionEvent: MotionEvent { action=ACTION_DOWN, actionButton=0, id[0]=0, x[0]=940.0, y[0]=501.0, toolType[0]=TOOL_TYPE_UNKNOWN, buttonState=0, metaState=0, flags=0x0, edgeFlags=0x0, pointerCount=1, historySize=0, eventTime=709260921, downTime=709260921, deviceId=0, source=0x1002 }
08-04 13:00:44.514  8365  8365 I Input   : injectMotionEvent: MotionEvent { action=ACTION_UP, actionButton=0, id[0]=0, x[0]=940.0, y[0]=501.0, toolType[0]=TOOL_TYPE_UNKNOWN, buttonState=0, metaState=0, flags=0x0, edgeFlags=0x0, pointerCount=1, historySize=0, eventTime=709260921, downTime=709260921, deviceId=0, source=0x1002 }
08-04 13:00:44.516  8365  8365 D AndroidRuntime: Shutting down VM
08-04 13:00:44.570  8104  8116 I art     : Starting a blocking GC Explicit
08-04 13:00:44.584   512  2967 D audio_hw_primary: out_set_parameters: enter: usecase(1: low-latency-playback) kvpairs: routing=2
08-04 13:00:44.588  8104  8116 I art     : Explicit concurrent mark sweep GC freed 1356(78KB) AllocSpace objects, 1(20KB) LOS objects, 40% free, 20MB/34MB, paused 232us total 17.320ms
08-04 13:00:44.589   918  3696 I ActivityManager: START u0 {cmp=baseline.org.quantumbadger.redreader/.settings.SettingsActivity} from uid 10666 on display 0
08-04 13:00:44.597  8104  8116 I art     : Starting a blocking GC Explicit
08-04 13:00:44.598   512  2967 D audio_hw_primary: select_devices: out_snd_device(2: speaker) in_snd_device(0: none)
08-04 13:00:44.598   512  2967 D msm8974_platform: platform_send_audio_calibration: sending audio calibration for snd_device(2) acdb_id(15)
08-04 13:00:44.599   512  2967 I soundtrigger: audio_extn_sound_trigger_update_device_status: device 0x2 of type 0 for Event 1
08-04 13:00:44.607 13866 13866 I GoogleInputMethodServic: GoogleInputMethodService.onFinishInput():3138 
08-04 13:00:44.608 13866 13866 I GoogleInputMethodServic: GoogleInputMethodService.onStartInput():1808 
08-04 13:00:44.610  8104  8116 I art     : Explicit concurrent mark sweep GC freed 236(24KB) AllocSpace objects, 0(0B) LOS objects, 40% free, 20MB/34MB, paused 375us total 12.563ms
08-04 13:00:44.610   512  2967 D audio_hw_primary: enable_snd_device: snd_device(2: speaker)
08-04 13:00:44.613   512  2967 D audio_hw_primary: enable_audio_route: apply and update mixer path: low-latency-playback speaker
08-04 13:00:44.619  8104  8116 I art     : Starting a blocking GC Explicit
08-04 13:00:44.632  8104  8116 I art     : Explicit concurrent mark sweep GC freed 427(57KB) AllocSpace objects, 0(0B) LOS objects, 40% free, 21MB/35MB, paused 317us total 12.688ms
08-04 13:00:44.640  8104  8116 I art     : Starting a blocking GC Explicit
08-04 13:00:44.653  8104  8116 I art     : Explicit concurrent mark sweep GC freed 475(84KB) AllocSpace objects, 0(0B) LOS objects, 40% free, 21MB/35MB, paused 719us total 12.244ms
08-04 13:00:44.655   512  2967 D AudioFlinger: mixer(0xf4740000) throttle end: throttle time(12)
08-04 13:00:44.660  8104  8116 I art     : Starting a blocking GC Explicit
08-04 13:00:44.671  8104  8116 I art     : Explicit concurrent mark sweep GC freed 222(11KB) AllocSpace objects, 0(0B) LOS objects, 40% free, 21MB/35MB, paused 136us total 11.034ms
08-04 13:00:44.736   918   936 I ActivityManager: Displayed baseline.org.quantumbadger.redreader/.settings.SettingsActivity: +122ms
08-04 13:00:44.736 13866 13866 I GoogleInputMethodServic: GoogleInputMethodService.onFinishInput():3138 
08-04 13:00:44.737 13866 13866 I GoogleInputMethodServic: GoogleInputMethodService.onStartInput():1808 
08-04 13:00:44.761  8104  8124 D OpenGLRenderer: endAllStagingAnimators on 0x7f99ee0000 (MenuPopupWindow$MenuDropDownListView) with handle 0x7f801df000
08-04 13:00:44.897  8104  8397 I art     : Starting a blocking GC Explicit
08-04 13:00:44.910  8104  8397 I art     : Explicit concurrent mark sweep GC freed 1961(107KB) AllocSpace objects, 1(20KB) LOS objects, 40% free, 21MB/35MB, paused 207us total 12.826ms
08-04 13:00:44.918  8104  8397 I art     : Starting a blocking GC Explicit
08-04 13:00:44.931  8104  8397 I art     : Explicit concurrent mark sweep GC freed 198(8KB) AllocSpace objects, 0(0B) LOS objects, 40% free, 21MB/35MB, paused 124us total 12.346ms
08-04 13:00:44.939  8104  8397 I art     : Starting a blocking GC Explicit
08-04 13:00:44.950  8104  8397 I art     : Explicit concurrent mark sweep GC freed 24(1024B) AllocSpace objects, 0(0B) LOS objects, 40% free, 21MB/35MB, paused 137us total 11.711ms
08-04 13:00:44.959  8104  8397 I art     : Starting a blocking GC Explicit
08-04 13:00:44.971  8104  8397 I art     : Explicit concurrent mark sweep GC freed 3(96B) AllocSpace objects, 0(0B) LOS objects, 40% free, 21MB/35MB, paused 134us total 11.425ms
08-04 13:00:44.980  8104  8397 I art     : Starting a blocking GC Explicit
08-04 13:00:44.992   380   380 W SurfaceFlinger: couldn't log to binary event log: overflow.
08-04 13:00:44.992  8104  8397 I art     : Explicit concurrent mark sweep GC freed 3(96B) AllocSpace objects, 0(0B) LOS objects, 40% free, 21MB/35MB, paused 135us total 11.902ms
08-04 13:00:45.054  8398  8398 D AndroidRuntime: >>>>>> START com.android.internal.os.RuntimeInit uid 2000 <<<<<<
08-04 13:00:45.058  8398  8398 D AndroidRuntime: CheckJNI is OFF
08-04 13:00:45.080  8398  8398 D ICU     : No timezone override file found: /data/misc/zoneinfo/current/icu/icu_tzdata.dat
08-04 13:00:45.105  8398  8398 I Radio-JNI: register_android_hardware_Radio DONE
08-04 13:00:45.121  8398  8398 D AndroidRuntime: Calling main entry com.android.commands.input.Input
08-04 13:00:45.122  8398  8398 I Input   : injectMotionEvent: MotionEvent { action=ACTION_DOWN, actionButton=0, id[0]=0, x[0]=216.0, y[0]=853.0, toolType[0]=TOOL_TYPE_UNKNOWN, buttonState=0, metaState=0, flags=0x0, edgeFlags=0x0, pointerCount=1, historySize=0, eventTime=709261535, downTime=709261535, deviceId=0, source=0x1002 }
08-04 13:00:45.127  8398  8398 I Input   : injectMotionEvent: MotionEvent { action=ACTION_UP, actionButton=0, id[0]=0, x[0]=216.0, y[0]=853.0, toolType[0]=TOOL_TYPE_UNKNOWN, buttonState=0, metaState=0, flags=0x0, edgeFlags=0x0, pointerCount=1, historySize=0, eventTime=709261535, downTime=709261535, deviceId=0, source=0x1002 }
08-04 13:00:45.130  8398  8398 D AndroidRuntime: Shutting down VM
08-04 13:00:45.138   512  2967 D audio_hw_primary: disable_audio_route: reset and update mixer path: low-latency-playback speaker
08-04 13:00:45.139   512  2967 D audio_hw_primary: disable_snd_device: snd_device(2: speaker)
08-04 13:00:45.149   512  2967 I soundtrigger: audio_extn_sound_trigger_update_device_status: device 0x2 of type 0 for Event 0
08-04 13:00:45.197   512  2967 D audio_hw_primary: out_set_parameters: enter: usecase(1: low-latency-playback) kvpairs: routing=2
08-04 13:00:45.198   918  4400 I ActivityManager: START u0 {act=android.intent.action.MAIN cmp=baseline.org.quantumbadger.redreader/.settings.SettingsActivity (has extras)} from uid 10666 on display 0
08-04 13:00:45.210   512  2967 D audio_hw_primary: select_devices: out_snd_device(2: speaker) in_snd_device(0: none)
08-04 13:00:45.210   512  2967 D msm8974_platform: platform_send_audio_calibration: sending audio calibration for snd_device(2) acdb_id(15)
08-04 13:00:45.211   512  2967 I soundtrigger: audio_extn_sound_trigger_update_device_status: device 0x2 of type 0 for Event 1
08-04 13:00:45.220   512  2967 D audio_hw_primary: enable_snd_device: snd_device(2: speaker)
08-04 13:00:45.222   512  2967 D audio_hw_primary: enable_audio_route: apply and update mixer path: low-latency-playback speaker
08-04 13:00:45.235  8104  8117 I art     : Starting a blocking GC Explicit
08-04 13:00:45.250  8104  8117 I art     : Explicit concurrent mark sweep GC freed 2259(181KB) AllocSpace objects, 2(40KB) LOS objects, 40% free, 21MB/35MB, paused 413us total 14.643ms
08-04 13:00:45.258  8104  8117 I art     : Starting a blocking GC Explicit
08-04 13:00:45.264   512  2967 D AudioFlinger: mixer(0xf4740000) throttle end: throttle time(12)
08-04 13:00:45.272  8104  8117 I art     : Explicit concurrent mark sweep GC freed 640(46KB) AllocSpace objects, 0(0B) LOS objects, 40% free, 21MB/35MB, paused 148us total 13.598ms
08-04 13:00:45.280  8104  8117 I art     : Starting a blocking GC Explicit
08-04 13:00:45.292  8104  8117 I art     : Explicit concurrent mark sweep GC freed 55(2448B) AllocSpace objects, 0(0B) LOS objects, 40% free, 21MB/35MB, paused 125us total 12.304ms
08-04 13:00:45.300  8104  8117 I art     : Starting a blocking GC Explicit
08-04 13:00:45.314  8104  8117 I art     : Explicit concurrent mark sweep GC freed 142(37KB) AllocSpace objects, 0(0B) LOS objects, 40% free, 21MB/35MB, paused 623us total 13.033ms
08-04 13:00:45.322  8104  8117 I art     : Starting a blocking GC Explicit
08-04 13:00:45.336  8104  8117 I art     : Explicit concurrent mark sweep GC freed 14463(594KB) AllocSpace objects, 0(0B) LOS objects, 40% free, 21MB/36MB, paused 326us total 14.359ms
08-04 13:00:45.493   918   936 I ActivityManager: Displayed baseline.org.quantumbadger.redreader/.settings.SettingsActivity: +283ms
08-04 13:00:45.498 13866 13866 I GoogleInputMethodServic: GoogleInputMethodService.onFinishInput():3138 
08-04 13:00:45.499 13866 13866 I GoogleInputMethodServic: GoogleInputMethodService.onStartInput():1808 
08-04 13:00:45.532  8104  8124 D OpenGLRenderer: endAllStagingAnimators on 0x7f805bb800 (ListView) with handle 0x7f803fd640
08-04 13:00:45.571  8104  8116 I art     : Starting a blocking GC Explicit
08-04 13:00:45.589  8104  8116 I art     : Explicit concurrent mark sweep GC freed 66357(2MB) AllocSpace objects, 1(20KB) LOS objects, 40% free, 22MB/37MB, paused 134us total 18.456ms
08-04 13:00:45.599  8104  8116 I art     : Starting a blocking GC Explicit
08-04 13:00:45.615  8104  8116 I art     : Explicit concurrent mark sweep GC freed 2386(209KB) AllocSpace objects, 0(0B) LOS objects, 40% free, 22MB/36MB, paused 144us total 15.805ms
08-04 13:00:45.623  8104  8116 I art     : Starting a blocking GC Explicit
08-04 13:00:45.638  8104  8116 I art     : Explicit concurrent mark sweep GC freed 3(96B) AllocSpace objects, 0(0B) LOS objects, 40% free, 22MB/36MB, paused 135us total 15.054ms
08-04 13:00:45.648  8104  8116 I art     : Starting a blocking GC Explicit
08-04 13:00:45.663  8429  8429 D AndroidRuntime: >>>>>> START com.android.internal.os.RuntimeInit uid 2000 <<<<<<
08-04 13:00:45.664  8104  8116 I art     : Explicit concurrent mark sweep GC freed 7(288B) AllocSpace objects, 0(0B) LOS objects, 40% free, 22MB/36MB, paused 154us total 15.719ms
08-04 13:00:45.667  8429  8429 D AndroidRuntime: CheckJNI is OFF
08-04 13:00:45.672  8104  8116 I art     : Starting a blocking GC Explicit
08-04 13:00:45.687  8104  8116 I art     : Explicit concurrent mark sweep GC freed 55(2256B) AllocSpace objects, 0(0B) LOS objects, 40% free, 22MB/36MB, paused 191us total 14.135ms
08-04 13:00:45.696  8429  8429 D ICU     : No timezone override file found: /data/misc/zoneinfo/current/icu/icu_tzdata.dat
08-04 13:00:45.720  8429  8429 I Radio-JNI: register_android_hardware_Radio DONE
08-04 13:00:45.725   380   380 W SurfaceFlinger: couldn't log to binary event log: overflow.
08-04 13:00:45.736  8429  8429 D AndroidRuntime: Calling main entry com.android.commands.input.Input
08-04 13:00:45.737  8429  8429 I Input   : injectMotionEvent: MotionEvent { action=ACTION_DOWN, actionButton=0, id[0]=0, x[0]=1318.0, y[0]=1194.0, toolType[0]=TOOL_TYPE_UNKNOWN, buttonState=0, metaState=0, flags=0x0, edgeFlags=0x0, pointerCount=1, historySize=0, eventTime=709262150, downTime=709262150, deviceId=0, source=0x1002 }
08-04 13:00:45.742  8429  8429 I Input   : injectMotionEvent: MotionEvent { action=ACTION_UP, actionButton=0, id[0]=0, x[0]=1318.0, y[0]=1194.0, toolType[0]=TOOL_TYPE_UNKNOWN, buttonState=0, metaState=0, flags=0x0, edgeFlags=0x0, pointerCount=1, historySize=0, eventTime=709262150, downTime=709262150, deviceId=0, source=0x1002 }
08-04 13:00:45.744  8429  8429 D AndroidRuntime: Shutting down VM
08-04 13:00:45.749   512  2967 D audio_hw_primary: disable_audio_route: reset and update mixer path: low-latency-playback speaker
08-04 13:00:45.750   512  2967 D audio_hw_primary: disable_snd_device: snd_device(2: speaker)
08-04 13:00:45.759   512  2967 I soundtrigger: audio_extn_sound_trigger_update_device_status: device 0x2 of type 0 for Event 0
08-04 13:00:45.813   512  2967 D audio_hw_primary: out_set_parameters: enter: usecase(1: low-latency-playback) kvpairs: routing=2
08-04 13:00:45.826   512  2967 D audio_hw_primary: select_devices: out_snd_device(2: speaker) in_snd_device(0: none)
08-04 13:00:45.826   512  2967 D msm8974_platform: platform_send_audio_calibration: sending audio calibration for snd_device(2) acdb_id(15)
08-04 13:00:45.826   512  2967 I soundtrigger: audio_extn_sound_trigger_update_device_status: device 0x2 of type 0 for Event 1
08-04 13:00:45.838   512  2967 D audio_hw_primary: enable_snd_device: snd_device(2: speaker)
08-04 13:00:45.841   512  2967 D audio_hw_primary: enable_audio_route: apply and update mixer path: low-latency-playback speaker
08-04 13:00:45.885   512  2967 D AudioFlinger: mixer(0xf4740000) throttle end: throttle time(12)
08-04 13:00:45.934  8104  8116 I art     : Starting a blocking GC Explicit
08-04 13:00:45.949  8104  8116 I art     : Explicit concurrent mark sweep GC freed 2038(124KB) AllocSpace objects, 2(40KB) LOS objects, 40% free, 22MB/36MB, paused 132us total 15.324ms
08-04 13:00:45.958  8104  8116 I art     : Starting a blocking GC Explicit
08-04 13:00:45.973  8104  8116 I art     : Explicit concurrent mark sweep GC freed 61(2320B) AllocSpace objects, 0(0B) LOS objects, 40% free, 22MB/36MB, paused 146us total 14.489ms
08-04 13:00:45.982  8104  8116 I art     : Starting a blocking GC Explicit
08-04 13:00:45.996  8104  8116 I art     : Explicit concurrent mark sweep GC freed 31(1360B) AllocSpace objects, 0(0B) LOS objects, 40% free, 22MB/36MB, paused 124us total 13.976ms
08-04 13:00:46.005  8104  8116 I art     : Starting a blocking GC Explicit
08-04 13:00:46.018  8104  8116 I art     : Explicit concurrent mark sweep GC freed 41(1712B) AllocSpace objects, 0(0B) LOS objects, 40% free, 22MB/36MB, paused 123us total 13.159ms
08-04 13:00:46.027  8104  8116 I art     : Starting a blocking GC Explicit
08-04 13:00:46.040  8104  8116 I art     : Explicit concurrent mark sweep GC freed 33(1488B) AllocSpace objects, 0(0B) LOS objects, 40% free, 22MB/36MB, paused 118us total 13.341ms
08-04 13:00:46.270  8460  8460 D AndroidRuntime: >>>>>> START com.android.internal.os.RuntimeInit uid 2000 <<<<<<
08-04 13:00:46.274  8460  8460 D AndroidRuntime: CheckJNI is OFF
08-04 13:00:46.275  8104  8117 I art     : Starting a blocking GC Explicit
08-04 13:00:46.296  8460  8460 D ICU     : No timezone override file found: /data/misc/zoneinfo/current/icu/icu_tzdata.dat
08-04 13:00:46.307  8104  8117 I art     : Explicit concurrent mark sweep GC freed 1435(82KB) AllocSpace objects, 1(20KB) LOS objects, 40% free, 22MB/36MB, paused 356us total 31.811ms
08-04 13:00:46.321  8460  8460 I Radio-JNI: register_android_hardware_Radio DONE
08-04 13:00:46.321  8104  8117 I art     : Starting a blocking GC Explicit
08-04 13:00:46.335  8104  8117 I art     : Explicit concurrent mark sweep GC freed 70(2432B) AllocSpace objects, 0(0B) LOS objects, 40% free, 22MB/36MB, paused 115us total 13.181ms
08-04 13:00:46.337  8460  8460 D AndroidRuntime: Calling main entry com.android.commands.input.Input
08-04 13:00:46.339  8460  8460 I Input   : injectMotionEvent: MotionEvent { action=ACTION_DOWN, actionButton=0, id[0]=0, x[0]=1309.0, y[0]=1701.0, toolType[0]=TOOL_TYPE_UNKNOWN, buttonState=0, metaState=0, flags=0x0, edgeFlags=0x0, pointerCount=1, historySize=0, eventTime=709262752, downTime=709262752, deviceId=0, source=0x1002 }
08-04 13:00:46.343  8104  8117 I art     : Starting a blocking GC Explicit
08-04 13:00:46.344  8460  8460 I Input   : injectMotionEvent: MotionEvent { action=ACTION_UP, actionButton=0, id[0]=0, x[0]=1309.0, y[0]=1701.0, toolType[0]=TOOL_TYPE_UNKNOWN, buttonState=0, metaState=0, flags=0x0, edgeFlags=0x0, pointerCount=1, historySize=0, eventTime=709262752, downTime=709262752, deviceId=0, source=0x1002 }
08-04 13:00:46.347  8460  8460 D AndroidRuntime: Shutting down VM
08-04 13:00:46.358  8104  8117 I art     : Explicit concurrent mark sweep GC freed 54(2016B) AllocSpace objects, 0(0B) LOS objects, 40% free, 22MB/36MB, paused 141us total 14.290ms
08-04 13:00:46.367  8104  8117 I art     : Starting a blocking GC Explicit
08-04 13:00:46.378   512  2967 D audio_hw_primary: disable_audio_route: reset and update mixer path: low-latency-playback speaker
08-04 13:00:46.379   512  2967 D audio_hw_primary: disable_snd_device: snd_device(2: speaker)
08-04 13:00:46.380  8104  8117 I art     : Explicit concurrent mark sweep GC freed 63(2784B) AllocSpace objects, 0(0B) LOS objects, 40% free, 22MB/36MB, paused 117us total 13.238ms
08-04 13:00:46.388  8104  8117 I art     : Starting a blocking GC Explicit
08-04 13:00:46.388   512  2967 I soundtrigger: audio_extn_sound_trigger_update_device_status: device 0x2 of type 0 for Event 0
08-04 13:00:46.401  8104  8117 I art     : Explicit concurrent mark sweep GC freed 15(496B) AllocSpace objects, 0(0B) LOS objects, 40% free, 22MB/36MB, paused 136us total 12.765ms
08-04 13:00:46.413   512  2967 D audio_hw_primary: out_set_parameters: enter: usecase(1: low-latency-playback) kvpairs: routing=2
08-04 13:00:46.426   512  2967 D audio_hw_primary: select_devices: out_snd_device(2: speaker) in_snd_device(0: none)
08-04 13:00:46.426   512  2967 D msm8974_platform: platform_send_audio_calibration: sending audio calibration for snd_device(2) acdb_id(15)
08-04 13:00:46.426   512  2967 I soundtrigger: audio_extn_sound_trigger_update_device_status: device 0x2 of type 0 for Event 1
08-04 13:00:46.435   512  2967 D audio_hw_primary: enable_snd_device: snd_device(2: speaker)
08-04 13:00:46.437   512  2967 D audio_hw_primary: enable_audio_route: apply and update mixer path: low-latency-playback speaker
08-04 13:00:46.479   512  2967 D AudioFlinger: mixer(0xf4740000) throttle end: throttle time(12)
08-04 13:00:46.653  8104  8126 I art     : Starting a blocking GC Explicit
08-04 13:00:46.667  8104  8126 I art     : Explicit concurrent mark sweep GC freed 2094(127KB) AllocSpace objects, 2(40KB) LOS objects, 40% free, 22MB/37MB, paused 143us total 14.237ms
08-04 13:00:46.676  8104  8126 I art     : Starting a blocking GC Explicit
08-04 13:00:46.690  8104  8126 I art     : Explicit concurrent mark sweep GC freed 72(2640B) AllocSpace objects, 0(0B) LOS objects, 40% free, 22MB/37MB, paused 130us total 14.408ms
08-04 13:00:46.699  8104  8126 I art     : Starting a blocking GC Explicit
08-04 13:00:46.713  8104  8126 I art     : Explicit concurrent mark sweep GC freed 16(640B) AllocSpace objects, 0(0B) LOS objects, 40% free, 22MB/37MB, paused 114us total 13.840ms
08-04 13:00:46.722  8104  8126 I art     : Starting a blocking GC Explicit
08-04 13:00:46.735  8104  8126 I art     : Explicit concurrent mark sweep GC freed 16(560B) AllocSpace objects, 0(0B) LOS objects, 40% free, 22MB/37MB, paused 122us total 13.069ms
08-04 13:00:46.744  8104  8126 I art     : Starting a blocking GC Explicit
08-04 13:00:46.757  8104  8126 I art     : Explicit concurrent mark sweep GC freed 15(528B) AllocSpace objects, 0(0B) LOS objects, 40% free, 22MB/37MB, paused 119us total 13.289ms
08-04 13:00:46.895  8489  8489 D AndroidRuntime: >>>>>> START com.android.internal.os.RuntimeInit uid 2000 <<<<<<
08-04 13:00:46.899  8489  8489 D AndroidRuntime: CheckJNI is OFF
08-04 13:00:46.925  8489  8489 D ICU     : No timezone override file found: /data/misc/zoneinfo/current/icu/icu_tzdata.dat
08-04 13:00:46.949  8489  8489 I Radio-JNI: register_android_hardware_Radio DONE
08-04 13:00:46.964  8489  8489 D AndroidRuntime: Calling main entry com.android.commands.input.Input
08-04 13:00:46.966  8489  8489 I Input   : injectMotionEvent: MotionEvent { action=ACTION_DOWN, actionButton=0, id[0]=0, x[0]=477.0, y[0]=805.0, toolType[0]=TOOL_TYPE_UNKNOWN, buttonState=0, metaState=0, flags=0x0, edgeFlags=0x0, pointerCount=1, historySize=0, eventTime=709263378, downTime=709263378, deviceId=0, source=0x1002 }
08-04 13:00:46.970  8489  8489 I Input   : injectMotionEvent: MotionEvent { action=ACTION_UP, actionButton=0, id[0]=0, x[0]=477.0, y[0]=805.0, toolType[0]=TOOL_TYPE_UNKNOWN, buttonState=0, metaState=0, flags=0x0, edgeFlags=0x0, pointerCount=1, historySize=0, eventTime=709263378, downTime=709263378, deviceId=0, source=0x1002 }
08-04 13:00:46.972  8489  8489 D AndroidRuntime: Shutting down VM
08-04 13:00:46.979   512  2967 D audio_hw_primary: disable_audio_route: reset and update mixer path: low-latency-playback speaker
08-04 13:00:46.981   512  2967 D audio_hw_primary: disable_snd_device: snd_device(2: speaker)
08-04 13:00:46.989   512  2967 I soundtrigger: audio_extn_sound_trigger_update_device_status: device 0x2 of type 0 for Event 0
08-04 13:00:47.008  8104  8126 I art     : Starting a blocking GC Explicit
08-04 13:00:47.023  8104  8126 I art     : Explicit concurrent mark sweep GC freed 1510(85KB) AllocSpace objects, 1(20KB) LOS objects, 40% free, 22MB/37MB, paused 122us total 14.363ms
08-04 13:00:47.031  8104  8126 I art     : Starting a blocking GC Explicit
08-04 13:00:47.047  8104  8126 I art     : Explicit concurrent mark sweep GC freed 77(2528B) AllocSpace objects, 0(0B) LOS objects, 40% free, 22MB/37MB, paused 180us total 15.491ms
08-04 13:00:47.048   512  2967 D audio_hw_primary: out_set_parameters: enter: usecase(1: low-latency-playback) kvpairs: routing=2
08-04 13:00:47.057  8104  8126 I art     : Starting a blocking GC Explicit
08-04 13:00:47.061   512  2967 D audio_hw_primary: select_devices: out_snd_device(2: speaker) in_snd_device(0: none)
08-04 13:00:47.061   512  2967 D msm8974_platform: platform_send_audio_calibration: sending audio calibration for snd_device(2) acdb_id(15)
08-04 13:00:47.061   512  2967 I soundtrigger: audio_extn_sound_trigger_update_device_status: device 0x2 of type 0 for Event 1
08-04 13:00:47.071   512  2967 D audio_hw_primary: enable_snd_device: snd_device(2: speaker)
08-04 13:00:47.073   512  2967 D audio_hw_primary: enable_audio_route: apply and update mixer path: low-latency-playback speaker
08-04 13:00:47.073  8104  8126 I art     : Explicit concurrent mark sweep GC freed 184(43KB) AllocSpace objects, 0(0B) LOS objects, 40% free, 22MB/37MB, paused 146us total 15.633ms
08-04 13:00:47.081  8104  8126 I art     : Starting a blocking GC Explicit
08-04 13:00:47.096  8104  8126 I art     : Explicit concurrent mark sweep GC freed 673(68KB) AllocSpace objects, 0(0B) LOS objects, 40% free, 22MB/37MB, paused 137us total 14.288ms
08-04 13:00:47.104  8104  8126 I art     : Starting a blocking GC Explicit
08-04 13:00:47.118  8104  8126 I art     : Explicit concurrent mark sweep GC freed 49(2608B) AllocSpace objects, 0(0B) LOS objects, 40% free, 22MB/37MB, paused 124us total 13.515ms
08-04 13:00:47.119   512  2967 D AudioFlinger: mixer(0xf4740000) throttle end: throttle time(12)
08-04 13:00:47.358  8104  8397 I art     : Starting a blocking GC Explicit
08-04 13:00:47.381  8104  8397 I art     : Explicit concurrent mark sweep GC freed 1915(101KB) AllocSpace objects, 1(20KB) LOS objects, 40% free, 22MB/37MB, paused 171us total 22.101ms
08-04 13:00:47.392  8104  8397 I art     : Starting a blocking GC Explicit
08-04 13:00:47.412  8104  8397 I art     : Explicit concurrent mark sweep GC freed 96(3KB) AllocSpace objects, 0(0B) LOS objects, 40% free, 22MB/37MB, paused 156us total 19.608ms
08-04 13:00:47.421  8104  8397 I art     : Starting a blocking GC Explicit
08-04 13:00:47.438  8104  8397 I art     : Explicit concurrent mark sweep GC freed 7(224B) AllocSpace objects, 0(0B) LOS objects, 40% free, 22MB/37MB, paused 134us total 16.046ms
08-04 13:00:47.448  8104  8397 I art     : Starting a blocking GC Explicit
08-04 13:00:47.464  8104  8397 I art     : Explicit concurrent mark sweep GC freed 3(96B) AllocSpace objects, 0(0B) LOS objects, 40% free, 22MB/37MB, paused 125us total 16.354ms
08-04 13:00:47.474  8104  8397 I art     : Starting a blocking GC Explicit
08-04 13:00:47.490  8104  8397 I art     : Explicit concurrent mark sweep GC freed 5(192B) AllocSpace objects, 0(0B) LOS objects, 40% free, 22MB/37MB, paused 181us total 15.717ms
08-04 13:00:47.541  8515  8515 D AndroidRuntime: >>>>>> START com.android.internal.os.RuntimeInit uid 2000 <<<<<<
08-04 13:00:47.546  8515  8515 D AndroidRuntime: CheckJNI is OFF
08-04 13:00:47.579  8515  8515 D ICU     : No timezone override file found: /data/misc/zoneinfo/current/icu/icu_tzdata.dat
08-04 13:00:47.613  8515  8515 I Radio-JNI: register_android_hardware_Radio DONE
08-04 13:00:47.619   512  2967 D audio_hw_primary: disable_audio_route: reset and update mixer path: low-latency-playback speaker
08-04 13:00:47.621   512  2967 D audio_hw_primary: disable_snd_device: snd_device(2: speaker)
08-04 13:00:47.631  8515  8515 D AndroidRuntime: Calling main entry com.android.commands.input.Input
08-04 13:00:47.632   512  2967 I soundtrigger: audio_extn_sound_trigger_update_device_status: device 0x2 of type 0 for Event 0
08-04 13:00:47.633  8515  8515 I Input   : injectMotionEvent: MotionEvent { action=ACTION_DOWN, actionButton=0, id[0]=0, x[0]=463.0, y[0]=464.0, toolType[0]=TOOL_TYPE_UNKNOWN, buttonState=0, metaState=0, flags=0x0, edgeFlags=0x0, pointerCount=1, historySize=0, eventTime=709264046, downTime=709264046, deviceId=0, source=0x1002 }
08-04 13:00:47.639  8515  8515 I Input   : injectMotionEvent: MotionEvent { action=ACTION_UP, actionButton=0, id[0]=0, x[0]=463.0, y[0]=464.0, toolType[0]=TOOL_TYPE_UNKNOWN, buttonState=0, metaState=0, flags=0x0, edgeFlags=0x0, pointerCount=1, historySize=0, eventTime=709264046, downTime=709264046, deviceId=0, source=0x1002 }
08-04 13:00:47.641  8515  8515 D AndroidRuntime: Shutting down VM
08-04 13:00:47.708   512  2967 D audio_hw_primary: out_set_parameters: enter: usecase(1: low-latency-playback) kvpairs: routing=2
08-04 13:00:47.719   918  3359 W InputMethodManagerService: Window already focused, ignoring focus gain of: com.android.internal.view.IInputMethodClient$Stub$Proxy@a5927c8 attribute=null, token = android.os.BinderProxy@66d7644
08-04 13:00:47.721   512  2967 D audio_hw_primary: select_devices: out_snd_device(2: speaker) in_snd_device(0: none)
08-04 13:00:47.721   512  2967 D msm8974_platform: platform_send_audio_calibration: sending audio calibration for snd_device(2) acdb_id(15)
08-04 13:00:47.721   512  2967 I soundtrigger: audio_extn_sound_trigger_update_device_status: device 0x2 of type 0 for Event 1
08-04 13:00:47.732   512  2967 D audio_hw_primary: enable_snd_device: snd_device(2: speaker)
08-04 13:00:47.735   512  2967 D audio_hw_primary: enable_audio_route: apply and update mixer path: low-latency-playback speaker
08-04 13:00:47.747  8104  8116 I art     : Starting a blocking GC Explicit
08-04 13:00:47.765  8104  8116 I art     : Explicit concurrent mark sweep GC freed 1675(105KB) AllocSpace objects, 2(40KB) LOS objects, 40% free, 22MB/37MB, paused 120us total 17.787ms
08-04 13:00:47.774  8104  8116 I art     : Starting a blocking GC Explicit
08-04 13:00:47.777   512  2967 D AudioFlinger: mixer(0xf4740000) throttle end: throttle time(12)
08-04 13:00:47.789  8104  8116 I art     : Explicit concurrent mark sweep GC freed 111(5KB) AllocSpace objects, 0(0B) LOS objects, 40% free, 22MB/37MB, paused 124us total 14.468ms
08-04 13:00:47.798  8104  8116 I art     : Starting a blocking GC Explicit
08-04 13:00:47.813  8104  8116 I art     : Explicit concurrent mark sweep GC freed 9(384B) AllocSpace objects, 0(0B) LOS objects, 40% free, 22MB/37MB, paused 115us total 14.908ms
08-04 13:00:47.822  8104  8116 I art     : Starting a blocking GC Explicit
08-04 13:00:47.836  8104  8116 I art     : Explicit concurrent mark sweep GC freed 3(96B) AllocSpace objects, 0(0B) LOS objects, 40% free, 22MB/37MB, paused 117us total 14.064ms
08-04 13:00:47.845  8104  8116 I art     : Starting a blocking GC Explicit
08-04 13:00:47.860  8104  8116 I art     : Explicit concurrent mark sweep GC freed 3(96B) AllocSpace objects, 0(0B) LOS objects, 40% free, 22MB/37MB, paused 128us total 14.610ms
08-04 13:00:47.911   380   380 W SurfaceFlinger: couldn't log to binary event log: overflow.
08-04 13:00:48.086  8104  8117 I art     : Starting a blocking GC Explicit
08-04 13:00:48.088   518   646 I ThermalEngine: ACTION: GPU - Setting GPU[0] to 510000000
08-04 13:00:48.107  8104  8117 I art     : Explicit concurrent mark sweep GC freed 1338(78KB) AllocSpace objects, 1(20KB) LOS objects, 40% free, 22MB/37MB, paused 200us total 20.216ms
08-04 13:00:48.118  8104  8117 I art     : Starting a blocking GC Explicit
08-04 13:00:48.137  8104  8117 I art     : Explicit concurrent mark sweep GC freed 22(768B) AllocSpace objects, 0(0B) LOS objects, 40% free, 22MB/37MB, paused 328us total 18.850ms
08-04 13:00:48.148  8104  8117 I art     : Starting a blocking GC Explicit
08-04 13:00:48.168  8104  8117 I art     : Explicit concurrent mark sweep GC freed 3(96B) AllocSpace objects, 0(0B) LOS objects, 40% free, 22MB/37MB, paused 183us total 19.367ms
08-04 13:00:48.179  8104  8117 I art     : Starting a blocking GC Explicit
08-04 13:00:48.198  8104  8117 I art     : Explicit concurrent mark sweep GC freed 3(96B) AllocSpace objects, 0(0B) LOS objects, 40% free, 22MB/37MB, paused 183us total 19.197ms
08-04 13:00:48.210  8547  8547 D AndroidRuntime: >>>>>> START com.android.internal.os.RuntimeInit uid 2000 <<<<<<
08-04 13:00:48.210  8104  8117 I art     : Starting a blocking GC Explicit
08-04 13:00:48.215  8547  8547 D AndroidRuntime: CheckJNI is OFF
08-04 13:00:48.230  8104  8117 I art     : Explicit concurrent mark sweep GC freed 3(96B) AllocSpace objects, 0(0B) LOS objects, 40% free, 22MB/37MB, paused 175us total 19.500ms
08-04 13:00:48.251  8547  8547 D ICU     : No timezone override file found: /data/misc/zoneinfo/current/icu/icu_tzdata.dat
08-04 13:00:48.268   512  2967 D audio_hw_primary: disable_audio_route: reset and update mixer path: low-latency-playback speaker
08-04 13:00:48.270   512  2967 D audio_hw_primary: disable_snd_device: snd_device(2: speaker)
08-04 13:00:48.274 13866 13882 I PeriodicStatsRunner: PeriodicStatsRunner.call():175 call()
08-04 13:00:48.274 13866 13882 I PeriodicStatsRunner: PeriodicStatsRunner.call():179 No submit PeriodicStats since input started.
08-04 13:00:48.278   512  2967 I soundtrigger: audio_extn_sound_trigger_update_device_status: device 0x2 of type 0 for Event 0
08-04 13:00:48.283  8547  8547 I Radio-JNI: register_android_hardware_Radio DONE
08-04 13:00:48.305  8547  8547 D AndroidRuntime: Calling main entry com.android.commands.input.Input
08-04 13:00:48.306  8547  8547 I Input   : injectKeyEvent: KeyEvent { action=ACTION_DOWN, keyCode=KEYCODE_BACK, scanCode=0, metaState=0, flags=0x0, repeatCount=0, eventTime=709264719, downTime=709264719, deviceId=-1, source=0x101 }
08-04 13:00:48.311  8547  8547 I Input   : injectKeyEvent: KeyEvent { action=ACTION_UP, keyCode=KEYCODE_BACK, scanCode=0, metaState=0, flags=0x0, repeatCount=0, eventTime=709264719, downTime=709264719, deviceId=-1, source=0x101 }
08-04 13:00:48.316  8547  8547 D AndroidRuntime: Shutting down VM
08-04 13:00:48.354 13866 13866 I GoogleInputMethodServic: GoogleInputMethodService.onFinishInput():3138 
08-04 13:00:48.354 13866 13866 I GoogleInputMethodServic: GoogleInputMethodService.onStartInput():1808 
08-04 13:00:48.467  8104  8397 I art     : Starting a blocking GC Explicit
08-04 13:00:48.486  8104  8397 I art     : Explicit concurrent mark sweep GC freed 1442(84KB) AllocSpace objects, 1(20KB) LOS objects, 40% free, 22MB/37MB, paused 178us total 18.826ms
08-04 13:00:48.498  8104  8397 I art     : Starting a blocking GC Explicit
08-04 13:00:48.523  8104  8397 I art     : Explicit concurrent mark sweep GC freed 34(1200B) AllocSpace objects, 0(0B) LOS objects, 40% free, 22MB/37MB, paused 190us total 24.693ms
08-04 13:00:48.536  8104  8397 I art     : Starting a blocking GC Explicit
08-04 13:00:48.561  8104  8397 I art     : Explicit concurrent mark sweep GC freed 3(96B) AllocSpace objects, 0(0B) LOS objects, 40% free, 22MB/37MB, paused 180us total 24.251ms
08-04 13:00:48.574  8104  8397 I art     : Starting a blocking GC Explicit
08-04 13:00:48.575  3644  3644 I ServiceManager: Waiting for service AtCmdFwd...
08-04 13:00:48.593  8104  8397 I art     : Explicit concurrent mark sweep GC freed 3(96B) AllocSpace objects, 0(0B) LOS objects, 40% free, 22MB/37MB, paused 177us total 19.039ms
08-04 13:00:48.605  8104  8397 I art     : Starting a blocking GC Explicit
08-04 13:00:48.627  8104  8397 I art     : Explicit concurrent mark sweep GC freed 3(96B) AllocSpace objects, 0(0B) LOS objects, 40% free, 22MB/37MB, paused 188us total 21.952ms
08-04 13:00:48.661   380   380 W SurfaceFlinger: couldn't log to binary event log: overflow.
08-04 13:00:48.884  8104  8126 I art     : Starting a blocking GC Explicit
08-04 13:00:48.906  8104  8126 I art     : Explicit concurrent mark sweep GC freed 1487(85KB) AllocSpace objects, 1(20KB) LOS objects, 40% free, 22MB/37MB, paused 194us total 21.092ms
08-04 13:00:48.918  8104  8126 I art     : Starting a blocking GC Explicit
08-04 13:00:48.935  8104  8126 I art     : Explicit concurrent mark sweep GC freed 13751(694KB) AllocSpace objects, 7(340KB) LOS objects, 40% free, 21MB/35MB, paused 165us total 17.130ms
08-04 13:00:48.946  8104  8126 I art     : Starting a blocking GC Explicit
08-04 13:00:48.961  8104  8126 I art     : Explicit concurrent mark sweep GC freed 3(96B) AllocSpace objects, 0(0B) LOS objects, 40% free, 21MB/35MB, paused 161us total 14.403ms
08-04 13:00:48.971  8583  8583 D AndroidRuntime: >>>>>> START com.android.internal.os.RuntimeInit uid 2000 <<<<<<
08-04 13:00:48.972  8104  8126 I art     : Starting a blocking GC Explicit
08-04 13:00:48.976  8583  8583 D AndroidRuntime: CheckJNI is OFF
08-04 13:00:48.987  8104  8126 I art     : Explicit concurrent mark sweep GC freed 3(96B) AllocSpace objects, 0(0B) LOS objects, 40% free, 21MB/35MB, paused 178us total 14.915ms
08-04 13:00:48.997  8104  8126 I art     : Starting a blocking GC Explicit
08-04 13:00:49.011  8583  8583 D ICU     : No timezone override file found: /data/misc/zoneinfo/current/icu/icu_tzdata.dat
08-04 13:00:49.012  8104  8126 I art     : Explicit concurrent mark sweep GC freed 3(96B) AllocSpace objects, 0(0B) LOS objects, 40% free, 21MB/35MB, paused 191us total 14.329ms
08-04 13:00:49.045  8583  8583 I Radio-JNI: register_android_hardware_Radio DONE
08-04 13:00:49.066  8583  8583 D AndroidRuntime: Calling main entry com.android.commands.input.Input
08-04 13:00:49.068  8583  8583 I Input   : injectKeyEvent: KeyEvent { action=ACTION_DOWN, keyCode=KEYCODE_BACK, scanCode=0, metaState=0, flags=0x0, repeatCount=0, eventTime=709265481, downTime=709265481, deviceId=-1, source=0x101 }
08-04 13:00:49.072  8583  8583 I Input   : injectKeyEvent: KeyEvent { action=ACTION_UP, keyCode=KEYCODE_BACK, scanCode=0, metaState=0, flags=0x0, repeatCount=0, eventTime=709265481, downTime=709265481, deviceId=-1, source=0x101 }
08-04 13:00:49.078  8583  8583 D AndroidRuntime: Shutting down VM
08-04 13:00:49.121 13866 13866 I GoogleInputMethodServic: GoogleInputMethodService.onFinishInput():3138 
08-04 13:00:49.122 13866 13866 I GoogleInputMethodServic: GoogleInputMethodService.onStartInput():1808 
08-04 13:00:49.252  8104  8116 I art     : Starting a blocking GC Explicit
08-04 13:00:49.267  8104  8116 I art     : Explicit concurrent mark sweep GC freed 1513(85KB) AllocSpace objects, 1(20KB) LOS objects, 40% free, 21MB/35MB, paused 198us total 14.896ms
08-04 13:00:49.279  8104  8116 I art     : Starting a blocking GC Explicit
08-04 13:00:49.295  8104  8116 I art     : Explicit concurrent mark sweep GC freed 24(864B) AllocSpace objects, 0(0B) LOS objects, 40% free, 21MB/35MB, paused 149us total 16.153ms
08-04 13:00:49.307  8104  8116 I art     : Starting a blocking GC Explicit
08-04 13:00:49.322  8104  8116 I art     : Explicit concurrent mark sweep GC freed 3(96B) AllocSpace objects, 0(0B) LOS objects, 40% free, 21MB/35MB, paused 151us total 15.180ms
08-04 13:00:49.332  8104  8116 I art     : Starting a blocking GC Explicit
08-04 13:00:49.347  8104  8116 I art     : Explicit concurrent mark sweep GC freed 3(96B) AllocSpace objects, 0(0B) LOS objects, 40% free, 21MB/35MB, paused 206us total 14.129ms
08-04 13:00:49.359  8104  8116 I art     : Starting a blocking GC Explicit
08-04 13:00:49.373  8104  8116 I art     : Explicit concurrent mark sweep GC freed 3(96B) AllocSpace objects, 0(0B) LOS objects, 40% free, 21MB/35MB, paused 149us total 14.315ms
08-04 13:00:49.576  3644  3644 I ServiceManager: Waiting for service AtCmdFwd...
08-04 13:00:49.608 13866 13882 I PeriodicStatsRunner: PeriodicStatsRunner.call():175 call()
08-04 13:00:49.608 13866 13882 I PeriodicStatsRunner: PeriodicStatsRunner.call():179 No submit PeriodicStats since input started.
08-04 13:00:49.608  8104  8126 I art     : Starting a blocking GC Explicit
08-04 13:00:49.625  8104  8126 I art     : Explicit concurrent mark sweep GC freed 1362(79KB) AllocSpace objects, 1(20KB) LOS objects, 40% free, 21MB/35MB, paused 180us total 16.355ms
08-04 13:00:49.636  8104  8126 I art     : Starting a blocking GC Explicit
08-04 13:00:49.651  8104  8126 I art     : Explicit concurrent mark sweep GC freed 143(10KB) AllocSpace objects, 0(0B) LOS objects, 40% free, 21MB/35MB, paused 175us total 15.047ms
08-04 13:00:49.662  8104  8126 I art     : Starting a blocking GC Explicit
08-04 13:00:49.677  8104  8126 I art     : Explicit concurrent mark sweep GC freed 3(96B) AllocSpace objects, 0(0B) LOS objects, 40% free, 21MB/35MB, paused 187us total 15.204ms
08-04 13:00:49.688  8104  8126 I art     : Starting a blocking GC Explicit
08-04 13:00:49.703  8104  8126 I art     : Explicit concurrent mark sweep GC freed 3(96B) AllocSpace objects, 0(0B) LOS objects, 40% free, 21MB/35MB, paused 162us total 14.822ms
08-04 13:00:49.714  8104  8126 I art     : Starting a blocking GC Explicit
08-04 13:00:49.726  8615  8615 D AndroidRuntime: >>>>>> START com.android.internal.os.RuntimeInit uid 2000 <<<<<<
08-04 13:00:49.729  8104  8126 I art     : Explicit concurrent mark sweep GC freed 3(96B) AllocSpace objects, 0(0B) LOS objects, 40% free, 21MB/35MB, paused 165us total 14.968ms
08-04 13:00:49.731  8615  8615 D AndroidRuntime: CheckJNI is OFF
08-04 13:00:49.737 13866 13882 I PeriodicStatsRunner: PeriodicStatsRunner.call():175 call()
08-04 13:00:49.737 13866 13882 I PeriodicStatsRunner: PeriodicStatsRunner.call():179 No submit PeriodicStats since input started.
08-04 13:00:49.765  8615  8615 D ICU     : No timezone override file found: /data/misc/zoneinfo/current/icu/icu_tzdata.dat
08-04 13:00:49.798  8615  8615 I Radio-JNI: register_android_hardware_Radio DONE
08-04 13:00:49.821  8615  8615 D AndroidRuntime: Calling main entry com.android.commands.input.Input
08-04 13:00:49.823  8615  8615 I Input   : injectMotionEvent: MotionEvent { action=ACTION_DOWN, actionButton=0, id[0]=0, x[0]=600.0, y[0]=1536.0, toolType[0]=TOOL_TYPE_UNKNOWN, buttonState=0, metaState=0, flags=0x0, edgeFlags=0x0, pointerCount=1, historySize=0, eventTime=709266235, downTime=709266235, deviceId=0, source=0x1002 }
08-04 13:00:49.828  8615  8615 I Input   : injectMotionEvent: MotionEvent { action=ACTION_UP, actionButton=0, id[0]=0, x[0]=600.0, y[0]=1536.0, toolType[0]=TOOL_TYPE_UNKNOWN, buttonState=0, metaState=0, flags=0x0, edgeFlags=0x0, pointerCount=1, historySize=0, eventTime=709266235, downTime=709266235, deviceId=0, source=0x1002 }
08-04 13:00:49.830  8615  8615 D AndroidRuntime: Shutting down VM
08-04 13:00:49.850   512  2967 D audio_hw_primary: out_set_parameters: enter: usecase(1: low-latency-playback) kvpairs: routing=2
08-04 13:00:49.851   918   929 I ActivityManager: START u0 {dat=https://oauth.reddit.com/... cmp=baseline.org.quantumbadger.redreader/.activities.PostListingActivity} from uid 10666 on display 0
08-04 13:00:49.864   512  2967 D audio_hw_primary: select_devices: out_snd_device(2: speaker) in_snd_device(0: none)
08-04 13:00:49.865   512  2967 D msm8974_platform: platform_send_audio_calibration: sending audio calibration for snd_device(2) acdb_id(15)
08-04 13:00:49.865   512  2967 I soundtrigger: audio_extn_sound_trigger_update_device_status: device 0x2 of type 0 for Event 1
08-04 13:00:49.879  8104  8104 I AppCompatViewInflater: app:theme is now deprecated. Please move to using android:theme instead.
08-04 13:00:49.880   512  2967 D audio_hw_primary: enable_snd_device: snd_device(2: speaker)
08-04 13:00:49.882   512  2967 D audio_hw_primary: enable_audio_route: apply and update mixer path: low-latency-playback speaker
08-04 13:00:49.928  8104  8642 I RawObjectDB query string: CREATE TABLE objects(RawObjectDB_id TEXT PRIMARY KEY ON CONFLICT REPLACE,RawObjectDB_timestamp INTEGER,accounts_active INTEGER,created INTEGER,created_utc INTEGER,description TEXT,description_html TEXT,display_name TEXT,header_img TEXT,header_title TEXT,id TEXT,name TEXT,over18 INTEGER,public_description TEXT,subscribers INTEGER,title TEXT,url TEXT)
08-04 13:00:49.961   918   936 I ActivityManager: Displayed baseline.org.quantumbadger.redreader/.activities.PostListingActivity: +97ms
08-04 13:00:49.961 13866 13866 I GoogleInputMethodServic: GoogleInputMethodService.onFinishInput():3138 
08-04 13:00:49.961 13866 13866 I GoogleInputMethodServic: GoogleInputMethodService.onStartInput():1808 
08-04 13:00:49.979  8104  8117 I art     : Starting a blocking GC Explicit
08-04 13:00:49.986  8104  8648 D OK      : calling: https://www.reddit.com/api/v1/access_token
08-04 13:00:49.998  8104  8117 I art     : Explicit concurrent mark sweep GC freed 7290(493KB) AllocSpace objects, 1(20KB) LOS objects, 40% free, 21MB/36MB, paused 412us total 19.667ms
08-04 13:00:50.010  8104  8117 I art     : Starting a blocking GC Explicit
08-04 13:00:50.024  8104  8117 I art     : Explicit concurrent mark sweep GC freed 3401(225KB) AllocSpace objects, 1(28KB) LOS objects, 40% free, 21MB/36MB, paused 327us total 14.010ms
08-04 13:00:50.034  8104  8117 I art     : Starting a blocking GC Explicit
08-04 13:00:50.050  8104  8117 I art     : Explicit concurrent mark sweep GC freed 136(13KB) AllocSpace objects, 0(0B) LOS objects, 40% free, 21MB/36MB, paused 237us total 15.294ms
08-04 13:00:50.061  8104  8117 I art     : Starting a blocking GC Explicit
08-04 13:00:50.075  8104  8117 I art     : Explicit concurrent mark sweep GC freed 9(400B) AllocSpace objects, 0(0B) LOS objects, 40% free, 21MB/35MB, paused 204us total 14.194ms
08-04 13:00:50.086  8104  8117 I art     : Starting a blocking GC Explicit
08-04 13:00:50.103  8104  8117 I art     : Explicit concurrent mark sweep GC freed 6(224B) AllocSpace objects, 0(0B) LOS objects, 40% free, 21MB/35MB, paused 222us total 16.227ms
08-04 13:00:50.213   380   380 W SurfaceFlinger: couldn't log to binary event log: overflow.
08-04 13:00:50.276  8104  8104 I RedReader: Checking for new messages.
08-04 13:00:50.277  8104  8104 I RegularCachePruner: Pruning cache...
08-04 13:00:50.279  8104  8660 I RedditChangeDataManager: Pruning for all users...
08-04 13:00:50.279  8104  8660 I RedditChangeDataManager: Pruning complete.
08-04 13:00:50.282  8104  8660 I CacheManager: Pruning 0 files
08-04 13:00:50.354  8104  8116 I art     : Starting a blocking GC Explicit
08-04 13:00:50.388  8104  8116 I art     : Explicit concurrent mark sweep GC freed 37883(2MB) AllocSpace objects, 16(1392KB) LOS objects, 39% free, 24MB/40MB, paused 659us total 33.470ms
08-04 13:00:50.392  8104  8648 D OK      : request got status: 200
08-04 13:00:50.402  8104  8116 I art     : Starting a blocking GC Explicit
08-04 13:00:50.403  8104  8648 D OK      : calling: https://oauth.reddit.com/r/askscience/about.json
08-04 13:00:50.418   512  2967 D audio_hw_primary: disable_audio_route: reset and update mixer path: low-latency-playback speaker
08-04 13:00:50.419   512  2967 D audio_hw_primary: disable_snd_device: snd_device(2: speaker)
08-04 13:00:50.426   512  2967 I soundtrigger: audio_extn_sound_trigger_update_device_status: device 0x2 of type 0 for Event 0
08-04 13:00:50.426  8104  8116 I art     : Explicit concurrent mark sweep GC freed 4989(378KB) AllocSpace objects, 2(320KB) LOS objects, 40% free, 23MB/39MB, paused 271us total 23.913ms
08-04 13:00:50.438  8104  8116 I art     : Starting a blocking GC Explicit
08-04 13:00:50.463  8104  8116 I art     : Explicit concurrent mark sweep GC freed 88(5KB) AllocSpace objects, 0(0B) LOS objects, 40% free, 23MB/39MB, paused 273us total 24.094ms
08-04 13:00:50.475  8104  8116 I art     : Starting a blocking GC Explicit
08-04 13:00:50.499 13866 13882 I PeriodicStatsRunner: PeriodicStatsRunner.call():175 call()
08-04 13:00:50.499 13866 13882 I PeriodicStatsRunner: PeriodicStatsRunner.call():179 No submit PeriodicStats since input started.
08-04 13:00:50.500  8104  8116 I art     : Explicit concurrent mark sweep GC freed 9(400B) AllocSpace objects, 0(0B) LOS objects, 40% free, 23MB/39MB, paused 277us total 24.888ms
08-04 13:00:50.512  8104  8116 I art     : Starting a blocking GC Explicit
08-04 13:00:50.538  8104  8116 I art     : Explicit concurrent mark sweep GC freed 1877(74KB) AllocSpace objects, 0(0B) LOS objects, 40% free, 23MB/39MB, paused 344us total 25.989ms
08-04 13:00:50.576  3644  3644 I ServiceManager: Waiting for service AtCmdFwd...
08-04 13:00:50.670  8104  8648 I NAPPA_EXPERIMENTATION: MetricNetworkRequestExecutionTime: REQUEST_DURATION_SYSTEM='267',REQUEST_DURATION_OKHTTP='139',REQUEST_SYNCHRONOUS='TRUE',RESPONSE_CODE='200',RESPONSE_METHOD='GET',RESPONSE_LENGTH_OKHTTP='-1',RESPONSE_LENGTH_HEADER='4700',REQUEST_PROTOCOL='h2',REQUEST_URL='https://oauth.reddit.com/r/askscience/about.json',
08-04 13:00:50.671  8104  8648 D OK      : request got status: 200
08-04 13:00:50.811  8104  8117 I art     : Starting a blocking GC Explicit
08-04 13:00:50.842  8104  8117 I art     : Explicit concurrent mark sweep GC freed 3439(337KB) AllocSpace objects, 4(176KB) LOS objects, 39% free, 24MB/40MB, paused 263us total 30.594ms
08-04 13:00:50.856  8104  8117 I art     : Starting a blocking GC Explicit
08-04 13:00:50.884  8104  8117 I art     : Explicit concurrent mark sweep GC freed 272(13KB) AllocSpace objects, 0(0B) LOS objects, 39% free, 24MB/40MB, paused 265us total 27.827ms
08-04 13:00:50.896  8104  8117 I art     : Starting a blocking GC Explicit
08-04 13:00:50.923  8104  8117 I art     : Explicit concurrent mark sweep GC freed 3(96B) AllocSpace objects, 0(0B) LOS objects, 39% free, 24MB/40MB, paused 223us total 26.937ms
08-04 13:00:50.935  8104  8117 I art     : Starting a blocking GC Explicit
08-04 13:00:50.960  8104  8117 I art     : Explicit concurrent mark sweep GC freed 3(96B) AllocSpace objects, 0(0B) LOS objects, 39% free, 24MB/40MB, paused 244us total 24.912ms
08-04 13:00:50.972  8104  8117 I art     : Starting a blocking GC Explicit
08-04 13:00:50.998  8104  8117 I art     : Explicit concurrent mark sweep GC freed 5(320B) AllocSpace objects, 0(0B) LOS objects, 39% free, 24MB/40MB, paused 338us total 24.984ms
08-04 13:00:51.178  8104  8685 D OK      : calling: https://oauth.reddit.com/r/askscience/hot/.json
08-04 13:00:51.280  8104  8397 I art     : Starting a blocking GC Explicit
08-04 13:00:51.310  8104  8397 I art     : Explicit concurrent mark sweep GC freed 1492(84KB) AllocSpace objects, 1(20KB) LOS objects, 39% free, 24MB/40MB, paused 319us total 29.119ms
08-04 13:00:51.323  8104  8685 I NAPPA_EXPERIMENTATION: MetricNetworkRequestExecutionTime: REQUEST_DURATION_SYSTEM='144',REQUEST_DURATION_OKHTTP='141',REQUEST_SYNCHRONOUS='TRUE',RESPONSE_CODE='200',RESPONSE_METHOD='GET',RESPONSE_LENGTH_OKHTTP='-1',RESPONSE_LENGTH_HEADER='21282',REQUEST_PROTOCOL='h2',REQUEST_URL='https://oauth.reddit.com/r/askscience/hot/.json',
08-04 13:00:51.323  8104  8685 D OK      : request got status: 200
08-04 13:00:51.323  8104  8397 I art     : Starting a blocking GC Explicit
08-04 13:00:51.340  8104  8669 I PostListingFragment: Precaching images: OFF
08-04 13:00:51.340  8104  8669 I PostListingFragment: Precaching comments: OFF
08-04 13:00:51.349  8104  8397 I art     : Explicit concurrent mark sweep GC freed 512(114KB) AllocSpace objects, 0(0B) LOS objects, 39% free, 24MB/40MB, paused 451us total 25.063ms
08-04 13:00:51.361  8104  8397 I art     : Starting a blocking GC Explicit
08-04 13:00:51.389  8104  8397 I art     : Explicit concurrent mark sweep GC freed 1275(86KB) AllocSpace objects, 0(0B) LOS objects, 39% free, 24MB/40MB, paused 652us total 28.157ms
08-04 13:00:51.401  8104  8397 I art     : Starting a blocking GC Explicit
08-04 13:00:51.431  8104  8397 I art     : Explicit concurrent mark sweep GC freed 2659(114KB) AllocSpace objects, 1(68KB) LOS objects, 39% free, 24MB/40MB, paused 369us total 29.137ms
08-04 13:00:51.444  8104  8397 I art     : Starting a blocking GC Explicit
08-04 13:00:51.473  8104  8397 I art     : Explicit concurrent mark sweep GC freed 3129(182KB) AllocSpace objects, 1(68KB) LOS objects, 39% free, 24MB/40MB, paused 332us total 29.105ms
08-04 13:00:51.577  3644  3644 I ServiceManager: Waiting for service AtCmdFwd...
08-04 13:00:51.760  8104  8116 I art     : Starting a blocking GC Explicit
08-04 13:00:51.793  8104  8116 I art     : Explicit concurrent mark sweep GC freed 29169(1260KB) AllocSpace objects, 1(20KB) LOS objects, 39% free, 24MB/40MB, paused 550us total 32.808ms
08-04 13:00:51.806  8104  8116 I art     : Starting a blocking GC Explicit
08-04 13:00:51.839  8104  8116 I art     : Explicit concurrent mark sweep GC freed 2254(95KB) AllocSpace objects, 0(0B) LOS objects, 39% free, 24MB/40MB, paused 222us total 32.692ms
08-04 13:00:51.853  8104  8116 I art     : Starting a blocking GC Explicit
08-04 13:00:51.881  8104  8116 I art     : Explicit concurrent mark sweep GC freed 3(96B) AllocSpace objects, 0(0B) LOS objects, 39% free, 24MB/40MB, paused 254us total 28.045ms
08-04 13:00:51.894  8104  8116 I art     : Starting a blocking GC Explicit
08-04 13:00:51.921  8104  8116 I art     : Explicit concurrent mark sweep GC freed 3(96B) AllocSpace objects, 0(0B) LOS objects, 39% free, 24MB/40MB, paused 223us total 26.495ms
08-04 13:00:51.933  8104  8116 I art     : Starting a blocking GC Explicit
08-04 13:00:51.963  8104  8116 I art     : Explicit concurrent mark sweep GC freed 46(1680B) AllocSpace objects, 0(0B) LOS objects, 39% free, 24MB/40MB, paused 271us total 29.803ms
08-04 13:00:52.249  8104  8397 I art     : Starting a blocking GC Explicit
08-04 13:00:52.281  8104  8397 I art     : Explicit concurrent mark sweep GC freed 1650(93KB) AllocSpace objects, 1(20KB) LOS objects, 39% free, 24MB/40MB, paused 241us total 31.787ms
08-04 13:00:52.295  8104  8397 I art     : Starting a blocking GC Explicit
08-04 13:00:52.326  8104  8397 I art     : Explicit concurrent mark sweep GC freed 83(4KB) AllocSpace objects, 0(0B) LOS objects, 39% free, 24MB/40MB, paused 281us total 30.946ms
08-04 13:00:52.339  8104  8397 I art     : Starting a blocking GC Explicit
08-04 13:00:52.370  8104  8397 I art     : Explicit concurrent mark sweep GC freed 3(96B) AllocSpace objects, 0(0B) LOS objects, 39% free, 24MB/40MB, paused 269us total 30.289ms
08-04 13:00:52.383  8104  8397 I art     : Starting a blocking GC Explicit
08-04 13:00:52.414  8104  8397 I art     : Explicit concurrent mark sweep GC freed 3(96B) AllocSpace objects, 0(0B) LOS objects, 39% free, 24MB/40MB, paused 253us total 30.102ms
08-04 13:00:52.427  8104  8397 I art     : Starting a blocking GC Explicit
08-04 13:00:52.458  8104  8397 I art     : Explicit concurrent mark sweep GC freed 3(96B) AllocSpace objects, 0(0B) LOS objects, 39% free, 24MB/40MB, paused 257us total 30.938ms
08-04 13:00:52.578  3644  3644 I ServiceManager: Waiting for service AtCmdFwd...
08-04 13:00:52.801  8104  8117 I art     : Starting a blocking GC Explicit
08-04 13:00:52.841  8104  8117 I art     : Explicit concurrent mark sweep GC freed 1346(78KB) AllocSpace objects, 1(20KB) LOS objects, 39% free, 24MB/40MB, paused 293us total 39.547ms
08-04 13:00:52.860  8104  8117 I art     : Starting a blocking GC Explicit
08-04 13:00:52.890  8104  8117 I art     : Explicit concurrent mark sweep GC freed 20(704B) AllocSpace objects, 0(0B) LOS objects, 39% free, 24MB/40MB, paused 253us total 30.235ms
08-04 13:00:52.903  8104  8117 I art     : Starting a blocking GC Explicit
08-04 13:00:52.934  8104  8117 I art     : Explicit concurrent mark sweep GC freed 3(96B) AllocSpace objects, 0(0B) LOS objects, 39% free, 24MB/40MB, paused 262us total 30.633ms
08-04 13:00:52.948  8104  8117 I art     : Starting a blocking GC Explicit
08-04 13:00:52.979  8104  8117 I art     : Explicit concurrent mark sweep GC freed 3(96B) AllocSpace objects, 0(0B) LOS objects, 39% free, 24MB/40MB, paused 245us total 30.558ms
08-04 13:00:52.992  8104  8117 I art     : Starting a blocking GC Explicit
08-04 13:00:53.023  8104  8117 I art     : Explicit concurrent mark sweep GC freed 3(96B) AllocSpace objects, 0(0B) LOS objects, 39% free, 24MB/40MB, paused 262us total 30.975ms
08-04 13:00:53.342  8104  8126 I art     : Starting a blocking GC Explicit
08-04 13:00:53.354 13866 13882 I PeriodicStatsRunner: PeriodicStatsRunner.call():175 call()
08-04 13:00:53.355 13866 13882 I PeriodicStatsRunner: PeriodicStatsRunner.call():179 No submit PeriodicStats since input started.
08-04 13:00:53.380  8104  8126 I art     : Explicit concurrent mark sweep GC freed 1343(78KB) AllocSpace objects, 1(20KB) LOS objects, 39% free, 24MB/40MB, paused 287us total 37.277ms
08-04 13:00:53.394  8104  8126 I art     : Starting a blocking GC Explicit
08-04 13:00:53.425  8104  8126 I art     : Explicit concurrent mark sweep GC freed 20(704B) AllocSpace objects, 0(0B) LOS objects, 39% free, 24MB/40MB, paused 262us total 31.120ms
08-04 13:00:53.439  8104  8126 I art     : Starting a blocking GC Explicit
08-04 13:00:53.470  8104  8126 I art     : Explicit concurrent mark sweep GC freed 3(96B) AllocSpace objects, 0(0B) LOS objects, 39% free, 24MB/40MB, paused 244us total 30.619ms
08-04 13:00:53.483  8104  8126 I art     : Starting a blocking GC Explicit
08-04 13:00:53.514  8104  8126 I art     : Explicit concurrent mark sweep GC freed 3(96B) AllocSpace objects, 0(0B) LOS objects, 39% free, 24MB/40MB, paused 262us total 30.580ms
08-04 13:00:53.528  8104  8126 I art     : Starting a blocking GC Explicit
08-04 13:00:53.558  8104  8126 I art     : Explicit concurrent mark sweep GC freed 3(96B) AllocSpace objects, 0(0B) LOS objects, 39% free, 24MB/40MB, paused 258us total 30.215ms
08-04 13:00:53.578  3644  3644 W Atfwd_Sendcmd: AtCmdFwd service not published, waiting... retryCnt : 4
08-04 13:00:53.884  8104  8116 I art     : Starting a blocking GC Explicit
08-04 13:00:53.923  8104  8116 I art     : Explicit concurrent mark sweep GC freed 1343(78KB) AllocSpace objects, 1(20KB) LOS objects, 39% free, 24MB/40MB, paused 282us total 38.732ms
08-04 13:00:53.941  8104  8116 I art     : Starting a blocking GC Explicit
08-04 13:00:53.971  8104  8116 I art     : Explicit concurrent mark sweep GC freed 20(704B) AllocSpace objects, 0(0B) LOS objects, 39% free, 24MB/40MB, paused 245us total 29.718ms
08-04 13:00:53.985  8104  8116 I art     : Starting a blocking GC Explicit
08-04 13:00:54.015  8104  8116 I art     : Explicit concurrent mark sweep GC freed 3(96B) AllocSpace objects, 0(0B) LOS objects, 39% free, 24MB/40MB, paused 247us total 30.235ms
08-04 13:00:54.029  8104  8116 I art     : Starting a blocking GC Explicit
08-04 13:00:54.060  8104  8116 I art     : Explicit concurrent mark sweep GC freed 3(96B) AllocSpace objects, 0(0B) LOS objects, 39% free, 24MB/40MB, paused 258us total 31.041ms
08-04 13:00:54.073  8104  8116 I art     : Starting a blocking GC Explicit
08-04 13:00:54.103  8104  8116 I art     : Explicit concurrent mark sweep GC freed 3(96B) AllocSpace objects, 0(0B) LOS objects, 39% free, 24MB/40MB, paused 252us total 29.877ms
08-04 13:00:54.122 13866 13882 I PeriodicStatsRunner: PeriodicStatsRunner.call():175 call()
08-04 13:00:54.124 13866 13882 I PeriodicStatsRunner: PeriodicStatsRunner.call():179 No submit PeriodicStats since input started.
08-04 13:00:54.421  8104  8397 I art     : Starting a blocking GC Explicit
08-04 13:00:54.460  8104  8397 I art     : Explicit concurrent mark sweep GC freed 1347(78KB) AllocSpace objects, 1(20KB) LOS objects, 39% free, 24MB/40MB, paused 276us total 38.096ms
08-04 13:00:54.477  8104  8397 I art     : Starting a blocking GC Explicit
08-04 13:00:54.508  8104  8397 I art     : Explicit concurrent mark sweep GC freed 20(704B) AllocSpace objects, 0(0B) LOS objects, 39% free, 24MB/40MB, paused 268us total 30.376ms
08-04 13:00:54.521  8104  8397 I art     : Starting a blocking GC Explicit
08-04 13:00:54.552  8104  8397 I art     : Explicit concurrent mark sweep GC freed 3(96B) AllocSpace objects, 0(0B) LOS objects, 39% free, 24MB/40MB, paused 258us total 30.904ms
08-04 13:00:54.566  8104  8397 I art     : Starting a blocking GC Explicit
08-04 13:00:54.596  8104  8397 I art     : Explicit concurrent mark sweep GC freed 3(96B) AllocSpace objects, 0(0B) LOS objects, 39% free, 24MB/40MB, paused 259us total 29.964ms
08-04 13:00:54.610  8104  8397 I art     : Starting a blocking GC Explicit
08-04 13:00:54.641  8104  8397 I art     : Explicit concurrent mark sweep GC freed 3(96B) AllocSpace objects, 0(0B) LOS objects, 39% free, 24MB/40MB, paused 262us total 31.030ms
08-04 13:00:54.949  8104  8117 I art     : Starting a blocking GC Explicit
08-04 13:00:54.962 13866 13882 I PeriodicStatsRunner: PeriodicStatsRunner.call():175 call()
08-04 13:00:54.963 13866 13882 I PeriodicStatsRunner: PeriodicStatsRunner.call():179 No submit PeriodicStats since input started.
08-04 13:00:54.985  8104  8117 I art     : Explicit concurrent mark sweep GC freed 1344(78KB) AllocSpace objects, 1(20KB) LOS objects, 39% free, 24MB/40MB, paused 318us total 35.655ms
08-04 13:00:54.999  8104  8117 I art     : Starting a blocking GC Explicit
08-04 13:00:55.029  8104  8117 I art     : Explicit concurrent mark sweep GC freed 20(704B) AllocSpace objects, 0(0B) LOS objects, 39% free, 24MB/40MB, paused 258us total 30.201ms
08-04 13:00:55.043  8104  8117 I art     : Starting a blocking GC Explicit
08-04 13:00:55.074  8104  8117 I art     : Explicit concurrent mark sweep GC freed 3(96B) AllocSpace objects, 0(0B) LOS objects, 39% free, 24MB/40MB, paused 248us total 30.536ms
08-04 13:00:55.087  8104  8117 I art     : Starting a blocking GC Explicit
08-04 13:00:55.116  8104  8117 I art     : Explicit concurrent mark sweep GC freed 3(96B) AllocSpace objects, 0(0B) LOS objects, 39% free, 24MB/40MB, paused 248us total 28.224ms
08-04 13:00:55.129  8104  8117 I art     : Starting a blocking GC Explicit
08-04 13:00:55.158  8104  8117 I art     : Explicit concurrent mark sweep GC freed 3(96B) AllocSpace objects, 0(0B) LOS objects, 39% free, 24MB/40MB, paused 337us total 28.983ms
08-04 13:00:55.308 32231 32231 I Finsky  : [1] xow.onStartJob(3): SCH: onJobSchedulerWakeup with jobId 9016
08-04 13:00:55.316 32231 32231 I Finsky  : [1] xjw.a(9): Scheduling fallback in 43199998 (absolute: 1735859188)
08-04 13:00:55.319 32231 32231 I Finsky  : [1] xjw.a(9): Scheduling fallback in 64799997 (absolute: 1757459191)
08-04 13:00:55.324 32231 32231 I Finsky  : [1] xow.onStartJob(3): SCH: onJobSchedulerWakeup with jobId 9011
08-04 13:00:55.331 32231 32231 I Finsky  : [1] xjw.a(9): Scheduling fallback in 43199998 (absolute: 1735859203)
08-04 13:00:55.334 32231 32231 I Finsky  : [1] xjw.a(9): Scheduling fallback in 64799997 (absolute: 1757459206)
08-04 13:00:55.338 32231 32231 W Finsky  : [1] xow.onStartJob(9): SCH: onJobSchedulerWakeup while already running
08-04 13:00:55.436  8104  8126 I art     : Starting a blocking GC Explicit
08-04 13:00:55.466  8104  8126 I art     : Explicit concurrent mark sweep GC freed 1343(78KB) AllocSpace objects, 1(20KB) LOS objects, 39% free, 24MB/40MB, paused 260us total 30.281ms
08-04 13:00:55.480  8104  8126 I art     : Starting a blocking GC Explicit
08-04 13:00:55.486 32231 32231 I Finsky  : [1] xkf.handleMessage(8): SCH: DeviceState: DeviceState{currentTime=1596538855477, isCharging=false, isIdle=false, netAny=true, netNotRoaming=true, netUnmetered=true, batteryPercent=100.0}
08-04 13:00:55.497 32231  8076 I Finsky  : [6024] xmu.a(8): SCH: Jobs in database: 1-1337 3-191 3-192 12-1 24-77777777 26-1414141414 
08-04 13:00:55.504  8760  8760 D AndroidRuntime: >>>>>> START com.android.internal.os.RuntimeInit uid 2000 <<<<<<
08-04 13:00:55.507 32231 32231 I Finsky  : [1] xkg.a(16): SCH: Running job: 12-1
08-04 13:00:55.508 32231 32231 I Finsky  : [1] ContentSyncJob.a(16): [ContentSync] job started
08-04 13:00:55.508  8104  8126 I art     : Explicit concurrent mark sweep GC freed 20(704B) AllocSpace objects, 0(0B) LOS objects, 39% free, 24MB/40MB, paused 252us total 28.275ms
08-04 13:00:55.509  8760  8760 D AndroidRuntime: CheckJNI is OFF
08-04 13:00:55.509 32231 32231 I Finsky  : [1] xkf.handleMessage(61): SCH: RunningQueue size: 1, PendingQueue size: 0
08-04 13:00:55.509 32231 32231 I Finsky  : [1] xkf.handleMessage(64): SCH: Running queue: 12-1 
08-04 13:00:55.521  8104  8126 I art     : Starting a blocking GC Explicit
08-04 13:00:55.542  8760  8760 D ICU     : No timezone override file found: /data/misc/zoneinfo/current/icu/icu_tzdata.dat
08-04 13:00:55.548  8104  8126 I art     : Explicit concurrent mark sweep GC freed 3(96B) AllocSpace objects, 0(0B) LOS objects, 39% free, 24MB/40MB, paused 222us total 26.990ms
08-04 13:00:55.561  8104  8126 I art     : Starting a blocking GC Explicit
08-04 13:00:55.574  8760  8760 I Radio-JNI: register_android_hardware_Radio DONE
08-04 13:00:55.584 32231  8094 I Finsky  : [6029] dzn.a(22): Completed 0 account content syncs with 0 successful.
08-04 13:00:55.585 32231 32231 I Finsky  : [1] ContentSyncJob.a(1): [ContentSync] Installation state replication succeeded.
08-04 13:00:55.585 32231 32231 I Finsky  : [1] xlr.a(13): SCH: jobFinished: 12-1. TimeElapsed: 78ms.
08-04 13:00:55.586 32231 32231 I Finsky  : [1] xkg.a(36): SCH: Job 12-1 finished. Not rescheduling.
08-04 13:00:55.587  8104  8126 I art     : Explicit concurrent mark sweep GC freed 3(96B) AllocSpace objects, 0(0B) LOS objects, 39% free, 24MB/40MB, paused 280us total 25.511ms
08-04 13:00:55.587 32231 32231 I Finsky  : [1] xkf.handleMessage(61): SCH: RunningQueue size: 0, PendingQueue size: 0
08-04 13:00:55.587 32231 32231 I Finsky  : [1] xkf.handleMessage(25): Executor finished
08-04 13:00:55.596  8760  8760 D AndroidRuntime: Calling main entry com.android.commands.input.Input
08-04 13:00:55.597  8760  8760 I Input   : injectMotionEvent: MotionEvent { action=ACTION_DOWN, actionButton=0, id[0]=0, x[0]=600.0, y[0]=700.0, toolType[0]=TOOL_TYPE_UNKNOWN, buttonState=0, metaState=0, flags=0x0, edgeFlags=0x0, pointerCount=1, historySize=0, eventTime=709272010, downTime=709272010, deviceId=0, source=0x1002 }
08-04 13:00:55.599  8104  8126 I art     : Starting a blocking GC Explicit
08-04 13:00:55.607  8760  8760 I Input   : injectMotionEvent: MotionEvent { action=ACTION_UP, actionButton=0, id[0]=0, x[0]=600.0, y[0]=700.0, toolType[0]=TOOL_TYPE_UNKNOWN, buttonState=0, metaState=0, flags=0x0, edgeFlags=0x0, pointerCount=1, historySize=0, eventTime=709272010, downTime=709272010, deviceId=0, source=0x1002 }
08-04 13:00:55.609  8104  8104 I RRChoreographer: Using modern Choreographer
08-04 13:00:55.610  8760  8760 D AndroidRuntime: Shutting down VM
08-04 13:00:55.624   512  2967 D audio_hw_primary: out_set_parameters: enter: usecase(1: low-latency-playback) kvpairs: routing=2
08-04 13:00:55.626   918   928 I ActivityManager: START u0 {dat=https://oauth.reddit.com/... cmp=baseline.org.quantumbadger.redreader/.activities.CommentListingActivity} from uid 10666 on display 0
08-04 13:00:55.630  8104  8126 I art     : Explicit concurrent mark sweep GC freed 224(14KB) AllocSpace objects, 0(0B) LOS objects, 39% free, 24MB/40MB, paused 313us total 30.659ms
08-04 13:00:55.631 32231 32231 I Finsky  : [1] xmu.a(8): SCH: Jobs in database: 1-1337 3-191 3-192 24-77777777 26-1414141414 
08-04 13:00:55.633 32231 32231 I Finsky  : [1] xio.a(57): SCH: ConstraintMapping: 24-77777777,  -> L: 0ms, D: 29345205ms, C: false, I: true, N: 0
08-04 13:00:55.633 32231 32231 I Finsky  : [1] xio.a(57): SCH: ConstraintMapping: 1-1337,  -> L: 14502420ms, D: 32697280ms, C: false, I: false, N: 1
08-04 13:00:55.634 32231 32231 I Finsky  : [1] xio.a(57): SCH: ConstraintMapping: 3-191,  -> L: 0ms, D: 73407153ms, C: false, I: true, N: 2
08-04 13:00:55.634 32231 32231 I Finsky  : [1] xio.a(57): SCH: ConstraintMapping: 3-192,  -> L: 0ms, D: 73407225ms, C: true, I: true, N: 2
08-04 13:00:55.635 32231 32231 I Finsky  : [1] xio.a(57): SCH: ConstraintMapping: 26-1414141414,  -> L: 36810405ms, D: 37710405ms, C: false, I: false, N: 0
08-04 13:00:55.637   512  2967 D audio_hw_primary: select_devices: out_snd_device(2: speaker) in_snd_device(0: none)
08-04 13:00:55.637   512  2967 D msm8974_platform: platform_send_audio_calibration: sending audio calibration for snd_device(2) acdb_id(15)
08-04 13:00:55.637   512  2967 I soundtrigger: audio_extn_sound_trigger_update_device_status: device 0x2 of type 0 for Event 1
08-04 13:00:55.646  8104  8104 I AppCompatViewInflater: app:theme is now deprecated. Please move to using android:theme instead.
08-04 13:00:55.649 32231 32231 I Finsky  : [1] xle.a(34): Cancelling existing jobscheduler jobs: 9017 9014 9015 9012 9001 9013 9019 9018 
08-04 13:00:55.649   512  2967 D audio_hw_primary: enable_snd_device: snd_device(2: speaker)
08-04 13:00:55.650 32231 32231 I Finsky  : [1] xle.a(10): Throttling wakeup for job 9000 (expected to run in 0 ms) due to recent wakeup
08-04 13:00:55.650 32231 32231 I Finsky  : [1] xle.a(27): Scheduling job Id: 9000, L: 30000, D: 29345205, C: false, I: true, N: 0
08-04 13:00:55.651 32231 32231 I Finsky  : [1] xle.a(27): Scheduling job Id: 9002, L: 14502420, D: 32697280, C: false, I: false, N: 1
08-04 13:00:55.651   512  2967 D audio_hw_primary: enable_audio_route: apply and update mixer path: low-latency-playback speaker
08-04 13:00:55.652 32231 32231 I Finsky  : [1] xle.a(10): Throttling wakeup for job 9003 (expected to run in 0 ms) due to recent wakeup
08-04 13:00:55.653 32231 32231 I Finsky  : [1] xle.a(27): Scheduling job Id: 9003, L: 30000, D: 73407153, C: false, I: true, N: 2
08-04 13:00:55.654 32231 32231 I Finsky  : [1] xle.a(10): Throttling wakeup for job 9004 (expected to run in 0 ms) due to recent wakeup
08-04 13:00:55.654 32231 32231 I Finsky  : [1] xle.a(27): Scheduling job Id: 9004, L: 30000, D: 73407225, C: true, I: true, N: 2
08-04 13:00:55.656 32231 32231 I Finsky  : [1] xle.a(27): Scheduling job Id: 9005, L: 36810405, D: 37710405, C: false, I: false, N: 0
08-04 13:00:55.657 32231 32231 I Finsky  : [1] xle.a(10): Throttling wakeup for job 9006 (expected to run in 0 ms) due to recent wakeup
08-04 13:00:55.657 32231 32231 I Finsky  : [1] xle.a(27): Scheduling job Id: 9006, L: 30000, D: 29345205, C: false, I: true, N: 0
08-04 13:00:55.658 32231 32231 I Finsky  : [1] xle.a(27): Scheduling job Id: 9007, L: 14502420, D: 32697280, C: false, I: false, N: 1
08-04 13:00:55.659 32231 32231 I Finsky  : [1] xle.a(10): Throttling wakeup for job 9008 (expected to run in 0 ms) due to recent wakeup
08-04 13:00:55.660 32231 32231 I Finsky  : [1] xle.a(27): Scheduling job Id: 9008, L: 30000, D: 73407153, C: false, I: true, N: 2
08-04 13:00:55.661 32231 32231 I Finsky  : [1] xle.a(10): Throttling wakeup for job 9009 (expected to run in 0 ms) due to recent wakeup
08-04 13:00:55.661 32231 32231 I Finsky  : [1] xle.a(27): Scheduling job Id: 9009, L: 30000, D: 73407225, C: true, I: true, N: 2
08-04 13:00:55.662 32231 32231 I Finsky  : [1] xle.a(27): Scheduling job Id: 9010, L: 36810405, D: 37710405, C: false, I: false, N: 0
08-04 13:00:55.665  8104  8786 D OK      : calling: https://oauth.reddit.com/comments/gvc7k9/.json?sort=confidence
08-04 13:00:55.743 13866 13866 I GoogleInputMethodServic: GoogleInputMethodService.onFinishInput():3138 
08-04 13:00:55.743   918   936 I ActivityManager: Displayed baseline.org.quantumbadger.redreader/.activities.CommentListingActivity: +109ms
08-04 13:00:55.744 13866 13866 I GoogleInputMethodServic: GoogleInputMethodService.onStartInput():1808 
08-04 13:00:55.871  8104  8116 I art     : Starting a blocking GC Explicit
08-04 13:00:55.899  8104  8786 I NAPPA_EXPERIMENTATION: MetricNetworkRequestExecutionTime: REQUEST_DURATION_SYSTEM='234',REQUEST_DURATION_OKHTTP='230',REQUEST_SYNCHRONOUS='TRUE',RESPONSE_CODE='200',RESPONSE_METHOD='GET',RESPONSE_LENGTH_OKHTTP='-1',RESPONSE_LENGTH_HEADER='90132',REQUEST_PROTOCOL='h2',REQUEST_URL='https://oauth.reddit.com/comments/gvc7k9/.json?sort=confidence',
08-04 13:00:55.900  8104  8786 D OK      : request got status: 200
08-04 13:00:55.910  8104  8669 I CommentListingActivity: COMMENTS session changed to 0255a14e-b5c9-4809-9984-dcd4f6b28de3
08-04 13:00:55.912  8104  8116 I art     : Explicit concurrent mark sweep GC freed 4413(288KB) AllocSpace objects, 1(20KB) LOS objects, 38% free, 25MB/41MB, paused 421us total 40.160ms
08-04 13:00:55.927  8104  8116 I art     : Starting a blocking GC Explicit
08-04 13:00:55.961  8104  8116 I art     : Explicit concurrent mark sweep GC freed 2942(266KB) AllocSpace objects, 1(20KB) LOS objects, 38% free, 25MB/41MB, paused 1.167ms total 33.166ms
08-04 13:00:55.974  8104  8116 I art     : Starting a blocking GC Explicit
08-04 13:00:55.978   918  3188 I hubconnection: sensorhub said: 'set_bias 3: -6.2400, 0.0000, 0.0000'
08-04 13:00:55.986   380   380 W SurfaceFlinger: couldn't log to binary event log: overflow.
08-04 13:00:56.008  8104  8116 I art     : Explicit concurrent mark sweep GC freed 7599(542KB) AllocSpace objects, 0(0B) LOS objects, 37% free, 26MB/42MB, paused 630us total 33.861ms
08-04 13:00:56.021  8104  8116 I art     : Starting a blocking GC Explicit
08-04 13:00:56.056  8104  8116 I art     : Explicit concurrent mark sweep GC freed 8080(567KB) AllocSpace objects, 1(16KB) LOS objects, 37% free, 27MB/43MB, paused 586us total 34.898ms
08-04 13:00:56.069  8104  8116 I art     : Starting a blocking GC Explicit
08-04 13:00:56.106  8104  8116 I art     : Explicit concurrent mark sweep GC freed 7780(548KB) AllocSpace objects, 0(0B) LOS objects, 36% free, 27MB/43MB, paused 704us total 36.761ms
08-04 13:00:56.190   512  2967 D audio_hw_primary: disable_audio_route: reset and update mixer path: low-latency-playback speaker
08-04 13:00:56.191   512  2967 D audio_hw_primary: disable_snd_device: snd_device(2: speaker)
08-04 13:00:56.199   512  2967 I soundtrigger: audio_extn_sound_trigger_update_device_status: device 0x2 of type 0 for Event 0
08-04 13:00:56.380  8104  8117 I art     : Starting a blocking GC Explicit
08-04 13:00:56.433  8104  8117 I art     : Explicit concurrent mark sweep GC freed 36901(2MB) AllocSpace objects, 4(172KB) LOS objects, 36% free, 27MB/43MB, paused 322us total 52.712ms
08-04 13:00:56.450  8104  8117 I art     : Starting a blocking GC Explicit
08-04 13:00:56.490  8104  8117 I art     : Explicit concurrent mark sweep GC freed 37(1456B) AllocSpace objects, 0(0B) LOS objects, 36% free, 27MB/43MB, paused 258us total 39.928ms
08-04 13:00:56.505  8104  8117 I art     : Starting a blocking GC Explicit
08-04 13:00:56.550  8104  8117 I art     : Explicit concurrent mark sweep GC freed 3(96B) AllocSpace objects, 0(0B) LOS objects, 36% free, 27MB/43MB, paused 266us total 44.271ms
08-04 13:00:56.565  8104  8117 I art     : Starting a blocking GC Explicit
08-04 13:00:56.608  8104  8117 I art     : Explicit concurrent mark sweep GC freed 3(96B) AllocSpace objects, 0(0B) LOS objects, 36% free, 27MB/43MB, paused 232us total 42.874ms
08-04 13:00:56.624  8104  8117 I art     : Starting a blocking GC Explicit
08-04 13:00:56.669  8104  8117 I art     : Explicit concurrent mark sweep GC freed 3(96B) AllocSpace objects, 0(0B) LOS objects, 36% free, 27MB/43MB, paused 238us total 44.900ms
08-04 13:00:56.954  8104  8117 I art     : Starting a blocking GC Explicit
08-04 13:00:57.005  8104  8117 I art     : Explicit concurrent mark sweep GC freed 1343(78KB) AllocSpace objects, 1(20KB) LOS objects, 36% free, 27MB/43MB, paused 292us total 51.505ms
08-04 13:00:57.023  8104  8117 I art     : Starting a blocking GC Explicit
08-04 13:00:57.069  8104  8117 I art     : Explicit concurrent mark sweep GC freed 66(2528B) AllocSpace objects, 0(0B) LOS objects, 36% free, 27MB/43MB, paused 267us total 45.604ms
08-04 13:00:57.084  8104  8117 I art     : Starting a blocking GC Explicit
08-04 13:00:57.129  8104  8117 I art     : Explicit concurrent mark sweep GC freed 3(96B) AllocSpace objects, 0(0B) LOS objects, 36% free, 27MB/43MB, paused 261us total 44.625ms
08-04 13:00:57.145  8104  8117 I art     : Starting a blocking GC Explicit
08-04 13:00:57.191  8104  8117 I art     : Explicit concurrent mark sweep GC freed 3(96B) AllocSpace objects, 0(0B) LOS objects, 36% free, 27MB/43MB, paused 267us total 45.595ms
08-04 13:00:57.206  8104  8117 I art     : Starting a blocking GC Explicit
08-04 13:00:57.251  8104  8117 I art     : Explicit concurrent mark sweep GC freed 3(96B) AllocSpace objects, 0(0B) LOS objects, 36% free, 27MB/43MB, paused 259us total 44.571ms
08-04 13:00:57.570  8104  8397 I art     : Starting a blocking GC Explicit
08-04 13:00:57.629  8104  8397 I art     : Explicit concurrent mark sweep GC freed 1343(78KB) AllocSpace objects, 1(20KB) LOS objects, 36% free, 27MB/43MB, paused 269us total 58.736ms
08-04 13:00:57.649  8104  8397 I art     : Starting a blocking GC Explicit
08-04 13:00:57.694  8104  8397 I art     : Explicit concurrent mark sweep GC freed 20(704B) AllocSpace objects, 0(0B) LOS objects, 36% free, 27MB/43MB, paused 261us total 44.077ms
08-04 13:00:57.709  8104  8397 I art     : Starting a blocking GC Explicit
08-04 13:00:57.754  8104  8397 I art     : Explicit concurrent mark sweep GC freed 3(96B) AllocSpace objects, 0(0B) LOS objects, 36% free, 27MB/43MB, paused 252us total 45.005ms
08-04 13:00:57.770  8104  8397 I art     : Starting a blocking GC Explicit
08-04 13:00:57.813  8104  8397 I art     : Explicit concurrent mark sweep GC freed 3(96B) AllocSpace objects, 0(0B) LOS objects, 36% free, 27MB/43MB, paused 269us total 43.450ms
08-04 13:00:57.828  8104  8397 I art     : Starting a blocking GC Explicit
08-04 13:00:57.874  8104  8397 I art     : Explicit concurrent mark sweep GC freed 3(96B) AllocSpace objects, 0(0B) LOS objects, 36% free, 27MB/43MB, paused 269us total 45.361ms
08-04 13:00:58.171  8104  8116 I art     : Starting a blocking GC Explicit
08-04 13:00:58.227  8104  8116 I art     : Explicit concurrent mark sweep GC freed 1343(78KB) AllocSpace objects, 1(20KB) LOS objects, 36% free, 27MB/43MB, paused 300us total 55.801ms
08-04 13:00:58.247  8104  8116 I art     : Starting a blocking GC Explicit
08-04 13:00:58.289  8104  8116 I art     : Explicit concurrent mark sweep GC freed 20(704B) AllocSpace objects, 0(0B) LOS objects, 36% free, 27MB/43MB, paused 270us total 42.298ms
08-04 13:00:58.305  8104  8116 I art     : Starting a blocking GC Explicit
08-04 13:00:58.350  8104  8116 I art     : Explicit concurrent mark sweep GC freed 3(96B) AllocSpace objects, 0(0B) LOS objects, 36% free, 27MB/43MB, paused 261us total 45.432ms
08-04 13:00:58.366  8104  8116 I art     : Starting a blocking GC Explicit
08-04 13:00:58.411  8104  8116 I art     : Explicit concurrent mark sweep GC freed 3(96B) AllocSpace objects, 0(0B) LOS objects, 36% free, 27MB/43MB, paused 270us total 44.905ms
08-04 13:00:58.426  8104  8116 I art     : Starting a blocking GC Explicit
08-04 13:00:58.471  8104  8116 I art     : Explicit concurrent mark sweep GC freed 3(96B) AllocSpace objects, 0(0B) LOS objects, 36% free, 27MB/43MB, paused 262us total 44.240ms
08-04 13:00:58.790  8104  8126 I art     : Starting a blocking GC Explicit
08-04 13:00:58.852  8104  8126 I art     : Explicit concurrent mark sweep GC freed 1343(78KB) AllocSpace objects, 1(20KB) LOS objects, 36% free, 27MB/43MB, paused 292us total 61.502ms
08-04 13:00:58.870  8104  8126 I art     : Starting a blocking GC Explicit
08-04 13:00:58.914  8104  8126 I art     : Explicit concurrent mark sweep GC freed 20(704B) AllocSpace objects, 0(0B) LOS objects, 36% free, 27MB/43MB, paused 261us total 43.027ms
08-04 13:00:58.929  8104  8126 I art     : Starting a blocking GC Explicit
08-04 13:00:58.974  8104  8126 I art     : Explicit concurrent mark sweep GC freed 3(96B) AllocSpace objects, 0(0B) LOS objects, 36% free, 27MB/43MB, paused 260us total 44.620ms
08-04 13:00:58.989  8104  8126 I art     : Starting a blocking GC Explicit
08-04 13:00:59.034  8104  8126 I art     : Explicit concurrent mark sweep GC freed 3(96B) AllocSpace objects, 0(0B) LOS objects, 36% free, 27MB/43MB, paused 266us total 44.204ms
08-04 13:00:59.049  8104  8126 I art     : Starting a blocking GC Explicit
08-04 13:00:59.095  8104  8126 I art     : Explicit concurrent mark sweep GC freed 3(96B) AllocSpace objects, 0(0B) LOS objects, 36% free, 27MB/43MB, paused 264us total 45.354ms
08-04 13:00:59.438  8104  8117 I art     : Starting a blocking GC Explicit
08-04 13:00:59.501  8104  8117 I art     : Explicit concurrent mark sweep GC freed 1344(79KB) AllocSpace objects, 1(20KB) LOS objects, 36% free, 27MB/43MB, paused 280us total 61.939ms
08-04 13:00:59.519  8104  8117 I art     : Starting a blocking GC Explicit
08-04 13:00:59.564  8104  8117 I art     : Explicit concurrent mark sweep GC freed 20(704B) AllocSpace objects, 0(0B) LOS objects, 36% free, 27MB/43MB, paused 271us total 45.132ms
08-04 13:00:59.580  8104  8117 I art     : Starting a blocking GC Explicit
08-04 13:00:59.625  8104  8117 I art     : Explicit concurrent mark sweep GC freed 3(96B) AllocSpace objects, 0(0B) LOS objects, 36% free, 27MB/43MB, paused 262us total 44.319ms
08-04 13:00:59.640  8104  8117 I art     : Starting a blocking GC Explicit
08-04 13:00:59.684  8104  8117 I art     : Explicit concurrent mark sweep GC freed 3(96B) AllocSpace objects, 0(0B) LOS objects, 36% free, 27MB/43MB, paused 262us total 44.244ms
08-04 13:00:59.699  8104  8117 I art     : Starting a blocking GC Explicit
08-04 13:00:59.745  8104  8117 I art     : Explicit concurrent mark sweep GC freed 3(96B) AllocSpace objects, 0(0B) LOS objects, 36% free, 27MB/43MB, paused 251us total 45.217ms
08-04 13:01:00.020  8104  8397 I art     : Starting a blocking GC Explicit
08-04 13:01:00.061  8104  8397 I art     : Explicit concurrent mark sweep GC freed 1347(79KB) AllocSpace objects, 1(20KB) LOS objects, 36% free, 27MB/43MB, paused 247us total 41.570ms
08-04 13:01:00.076  8104  8397 I art     : Starting a blocking GC Explicit
08-04 13:01:00.107   518   646 I ThermalEngine: ACTION: GPU - Setting GPU[0] to 600000000
08-04 13:01:00.113  8104  8397 I art     : Explicit concurrent mark sweep GC freed 20(704B) AllocSpace objects, 0(0B) LOS objects, 36% free, 27MB/43MB, paused 237us total 36.377ms
08-04 13:01:00.126  8104  8397 I art     : Starting a blocking GC Explicit
08-04 13:01:00.164  8104  8397 I art     : Explicit concurrent mark sweep GC freed 3(96B) AllocSpace objects, 0(0B) LOS objects, 36% free, 27MB/43MB, paused 245us total 36.482ms
08-04 13:01:00.175  8104  8397 I art     : Starting a blocking GC Explicit
08-04 13:01:00.210  8104  8397 I art     : Explicit concurrent mark sweep GC freed 3(96B) AllocSpace objects, 0(0B) LOS objects, 36% free, 27MB/43MB, paused 191us total 34.880ms
08-04 13:01:00.221  8104  8397 I art     : Starting a blocking GC Explicit
08-04 13:01:00.255  8104  8397 I art     : Explicit concurrent mark sweep GC freed 3(96B) AllocSpace objects, 0(0B) LOS objects, 36% free, 27MB/43MB, paused 192us total 33.815ms
08-04 13:01:00.276  8860  8860 D AndroidRuntime: >>>>>> START com.android.internal.os.RuntimeInit uid 2000 <<<<<<
08-04 13:01:00.280  8860  8860 D AndroidRuntime: CheckJNI is OFF
08-04 13:01:00.305  8860  8860 D ICU     : No timezone override file found: /data/misc/zoneinfo/current/icu/icu_tzdata.dat
08-04 13:01:00.330  8860  8860 I Radio-JNI: register_android_hardware_Radio DONE
08-04 13:01:00.346  8860  8860 D AndroidRuntime: Calling main entry com.android.commands.input.Input
08-04 13:01:00.348  8860  8860 I Input   : injectKeyEvent: KeyEvent { action=ACTION_DOWN, keyCode=KEYCODE_BACK, scanCode=0, metaState=0, flags=0x0, repeatCount=0, eventTime=709276761, downTime=709276761, deviceId=-1, source=0x101 }
08-04 13:01:00.355  8860  8860 I Input   : injectKeyEvent: KeyEvent { action=ACTION_UP, keyCode=KEYCODE_BACK, scanCode=0, metaState=0, flags=0x0, repeatCount=0, eventTime=709276761, downTime=709276761, deviceId=-1, source=0x101 }
08-04 13:01:00.362  8860  8860 D AndroidRuntime: Shutting down VM
08-04 13:01:00.412 13866 13866 I GoogleInputMethodServic: GoogleInputMethodService.onFinishInput():3138 
08-04 13:01:00.412 13866 13866 I GoogleInputMethodServic: GoogleInputMethodService.onStartInput():1808 
08-04 13:01:00.475  8104  8116 I art     : Starting a blocking GC Explicit
08-04 13:01:00.507  8104  8116 I art     : Explicit concurrent mark sweep GC freed 1589(87KB) AllocSpace objects, 1(20KB) LOS objects, 36% free, 27MB/43MB, paused 205us total 31.904ms
08-04 13:01:00.518  8104  8116 I art     : Starting a blocking GC Explicit
08-04 13:01:00.559  8104  8116 I art     : Explicit concurrent mark sweep GC freed 24(864B) AllocSpace objects, 0(0B) LOS objects, 36% free, 27MB/43MB, paused 185us total 40.864ms
08-04 13:01:00.576  8104  8116 I art     : Starting a blocking GC Explicit
08-04 13:01:00.624  8104  8116 I art     : Explicit concurrent mark sweep GC freed 3(96B) AllocSpace objects, 0(0B) LOS objects, 36% free, 27MB/43MB, paused 215us total 47.652ms
08-04 13:01:00.635  8104  8785 I RedditChangeDataIO: Writing tmp data file at '/data/user/0/baseline.org.quantumbadger.redreader/files/rr_change_data_tmp.dat'
08-04 13:01:00.636  8104  8785 I RedditChangeDataManager: Taking snapshot...
08-04 13:01:00.636  8104  8785 I RedditChangeDataManager: Writing to stream...
08-04 13:01:00.636  8104  8785 I RedditChangeDataManager: Wrote 1 entries for user ''
08-04 13:01:00.636  8104  8785 I RedditChangeDataManager: All entries written to stream.
08-04 13:01:00.637  8104  8785 I RedditChangeDataIO: Write successful. Atomically replacing data file...
08-04 13:01:00.637  8104  8785 I RedditChangeDataIO: Write complete.
08-04 13:01:00.637  8104  8785 I RedditChangeDataIO: 38 bytes written in 3 ms
08-04 13:01:00.641  8104  8116 I art     : Starting a blocking GC Explicit
08-04 13:01:00.690  8104  8116 I art     : Explicit concurrent mark sweep GC freed 79(5KB) AllocSpace objects, 1(68KB) LOS objects, 36% free, 27MB/43MB, paused 218us total 49.095ms
08-04 13:01:00.708  8104  8116 I art     : Starting a blocking GC Explicit
08-04 13:01:00.725   380   380 W SurfaceFlinger: couldn't log to binary event log: overflow.
08-04 13:01:00.743 13866 13882 I PeriodicStatsRunner: PeriodicStatsRunner.call():175 call()
08-04 13:01:00.743 13866 13882 I PeriodicStatsRunner: PeriodicStatsRunner.call():179 No submit PeriodicStats since input started.
08-04 13:01:00.746  8104  8116 I art     : Explicit concurrent mark sweep GC freed 63(2320B) AllocSpace objects, 0(0B) LOS objects, 36% free, 27MB/43MB, paused 193us total 37.860ms
08-04 13:01:01.027  8104  8126 I art     : Starting a blocking GC Explicit
08-04 13:01:01.085  8104  8126 I art     : Explicit concurrent mark sweep GC freed 1352(79KB) AllocSpace objects, 1(20KB) LOS objects, 36% free, 27MB/43MB, paused 296us total 57.963ms
08-04 13:01:01.100  8104  8126 I art     : Starting a blocking GC Explicit
08-04 13:01:01.130  8104  8126 I art     : Explicit concurrent mark sweep GC freed 46774(2MB) AllocSpace objects, 5(140KB) LOS objects, 39% free, 24MB/40MB, paused 205us total 29.264ms
08-04 13:01:01.140  8104  8126 I art     : Starting a blocking GC Explicit
08-04 13:01:01.166  8104  8126 I art     : Explicit concurrent mark sweep GC freed 3(96B) AllocSpace objects, 0(0B) LOS objects, 39% free, 24MB/40MB, paused 195us total 25.016ms
08-04 13:01:01.176  8104  8126 I art     : Starting a blocking GC Explicit
08-04 13:01:01.200  8104  8126 I art     : Explicit concurrent mark sweep GC freed 30(1504B) AllocSpace objects, 0(0B) LOS objects, 39% free, 24MB/40MB, paused 170us total 23.243ms
08-04 13:01:01.210  8104  8126 I art     : Starting a blocking GC Explicit
08-04 13:01:01.234  8104  8126 I art     : Explicit concurrent mark sweep GC freed 251(42KB) AllocSpace objects, 0(0B) LOS objects, 39% free, 24MB/40MB, paused 180us total 24.357ms
08-04 13:01:01.516  8104  8397 I art     : Starting a blocking GC Explicit
08-04 13:01:01.545  8104  8397 I art     : Explicit concurrent mark sweep GC freed 1408(80KB) AllocSpace objects, 1(20KB) LOS objects, 39% free, 24MB/40MB, paused 185us total 28.438ms
08-04 13:01:01.556  8104  8397 I art     : Starting a blocking GC Explicit
08-04 13:01:01.581  8104  8397 I art     : Explicit concurrent mark sweep GC freed 20(720B) AllocSpace objects, 0(0B) LOS objects, 39% free, 24MB/40MB, paused 162us total 25.203ms
08-04 13:01:01.592  8104  8397 I art     : Starting a blocking GC Explicit
08-04 13:01:01.616  8104  8397 I art     : Explicit concurrent mark sweep GC freed 3(96B) AllocSpace objects, 0(0B) LOS objects, 39% free, 24MB/40MB, paused 157us total 23.794ms
08-04 13:01:01.626  8104  8397 I art     : Starting a blocking GC Explicit
08-04 13:01:01.649  8104  8397 I art     : Explicit concurrent mark sweep GC freed 3(96B) AllocSpace objects, 0(0B) LOS objects, 39% free, 24MB/40MB, paused 190us total 22.854ms
08-04 13:01:01.659  8104  8397 I art     : Starting a blocking GC Explicit
08-04 13:01:01.682  8104  8397 I art     : Explicit concurrent mark sweep GC freed 3(96B) AllocSpace objects, 0(0B) LOS objects, 39% free, 24MB/40MB, paused 177us total 22.908ms
08-04 13:01:01.908  8914  8914 D AndroidRuntime: >>>>>> START com.android.internal.os.RuntimeInit uid 2000 <<<<<<
08-04 13:01:01.912  8914  8914 D AndroidRuntime: CheckJNI is OFF
08-04 13:01:01.938  8914  8914 D ICU     : No timezone override file found: /data/misc/zoneinfo/current/icu/icu_tzdata.dat
08-04 13:01:01.946  8104  8117 I art     : Starting a blocking GC Explicit
08-04 13:01:01.964  8914  8914 I Radio-JNI: register_android_hardware_Radio DONE
08-04 13:01:01.971  8104  8117 I art     : Explicit concurrent mark sweep GC freed 1343(78KB) AllocSpace objects, 1(20KB) LOS objects, 39% free, 24MB/40MB, paused 206us total 24.760ms
08-04 13:01:01.982  8104  8117 I art     : Starting a blocking GC Explicit
08-04 13:01:01.982  8914  8914 D AndroidRuntime: Calling main entry com.android.commands.input.Input
08-04 13:01:01.984  8914  8914 I Input   : injectMotionEvent: MotionEvent { action=ACTION_DOWN, actionButton=0, id[0]=0, x[0]=600.0, y[0]=950.0, toolType[0]=TOOL_TYPE_UNKNOWN, buttonState=0, metaState=0, flags=0x0, edgeFlags=0x0, pointerCount=1, historySize=0, eventTime=709278397, downTime=709278397, deviceId=0, source=0x1002 }
08-04 13:01:01.988  8914  8914 I Input   : injectMotionEvent: MotionEvent { action=ACTION_UP, actionButton=0, id[0]=0, x[0]=600.0, y[0]=950.0, toolType[0]=TOOL_TYPE_UNKNOWN, buttonState=0, metaState=0, flags=0x0, edgeFlags=0x0, pointerCount=1, historySize=0, eventTime=709278397, downTime=709278397, deviceId=0, source=0x1002 }
08-04 13:01:01.989  8914  8914 D AndroidRuntime: Shutting down VM
08-04 13:01:01.997   512  2967 D audio_hw_primary: out_set_parameters: enter: usecase(1: low-latency-playback) kvpairs: routing=2
08-04 13:01:01.998   918  5952 I ActivityManager: START u0 {dat=https://oauth.reddit.com/... cmp=baseline.org.quantumbadger.redreader/.activities.CommentListingActivity} from uid 10666 on display 0
08-04 13:01:02.006  8104  8117 I art     : Explicit concurrent mark sweep GC freed 261(11KB) AllocSpace objects, 0(0B) LOS objects, 39% free, 24MB/40MB, paused 294us total 24.200ms
08-04 13:01:02.009   512  2967 D audio_hw_primary: select_devices: out_snd_device(2: speaker) in_snd_device(0: none)
08-04 13:01:02.009   512  2967 D msm8974_platform: platform_send_audio_calibration: sending audio calibration for snd_device(2) acdb_id(15)
08-04 13:01:02.010   512  2967 I soundtrigger: audio_extn_sound_trigger_update_device_status: device 0x2 of type 0 for Event 1
08-04 13:01:02.016  8104  8104 I AppCompatViewInflater: app:theme is now deprecated. Please move to using android:theme instead.
08-04 13:01:02.018  8104  8117 I art     : Starting a blocking GC Explicit
08-04 13:01:02.023   512  2967 D audio_hw_primary: enable_snd_device: snd_device(2: speaker)
08-04 13:01:02.025   512  2967 D audio_hw_primary: enable_audio_route: apply and update mixer path: low-latency-playback speaker
08-04 13:01:02.030  8104  8939 D OK      : calling: https://oauth.reddit.com/comments/hwnhe2/.json?sort=confidence
08-04 13:01:02.041  8104  8117 I art     : Explicit concurrent mark sweep GC freed 1861(104KB) AllocSpace objects, 0(0B) LOS objects, 39% free, 24MB/40MB, paused 255us total 23.519ms
08-04 13:01:02.051  8104  8117 I art     : Starting a blocking GC Explicit
08-04 13:01:02.074  8104  8117 I art     : Explicit concurrent mark sweep GC freed 857(33KB) AllocSpace objects, 0(0B) LOS objects, 38% free, 25MB/41MB, paused 330us total 22.421ms
08-04 13:01:02.083   918   936 I ActivityManager: Displayed baseline.org.quantumbadger.redreader/.activities.CommentListingActivity: +78ms
08-04 13:01:02.084 13866 13866 I GoogleInputMethodServic: GoogleInputMethodService.onFinishInput():3138 
08-04 13:01:02.084  8104  8117 I art     : Starting a blocking GC Explicit
08-04 13:01:02.085 13866 13866 I GoogleInputMethodServic: GoogleInputMethodService.onStartInput():1808 
08-04 13:01:02.109  8104  8117 I art     : Explicit concurrent mark sweep GC freed 178(9KB) AllocSpace objects, 0(0B) LOS objects, 38% free, 25MB/41MB, paused 251us total 24.939ms
08-04 13:01:02.344   380   380 W SurfaceFlinger: couldn't log to binary event log: overflow.
08-04 13:01:02.347  8104  8117 I art     : Starting a blocking GC Explicit
08-04 13:01:02.349  8104  8939 I NAPPA_EXPERIMENTATION: MetricNetworkRequestExecutionTime: REQUEST_DURATION_SYSTEM='318',REQUEST_DURATION_OKHTTP='144',REQUEST_SYNCHRONOUS='TRUE',RESPONSE_CODE='200',RESPONSE_METHOD='GET',RESPONSE_LENGTH_OKHTTP='-1',RESPONSE_LENGTH_HEADER='3930',REQUEST_PROTOCOL='h2',REQUEST_URL='https://oauth.reddit.com/comments/hwnhe2/.json?sort=confidence',
08-04 13:01:02.349  8104  8939 D OK      : request got status: 200
08-04 13:01:02.371  8104  8117 I art     : Explicit concurrent mark sweep GC freed 3912(198KB) AllocSpace objects, 1(20KB) LOS objects, 38% free, 25MB/41MB, paused 197us total 23.498ms
08-04 13:01:02.381  8104  8117 I art     : Starting a blocking GC Explicit
08-04 13:01:02.383  8104  8669 I CommentListingActivity: COMMENTS session changed to 03e06188-0a27-47a7-bf2b-27e53f4e13a6
08-04 13:01:02.403  8104  8117 I art     : Explicit concurrent mark sweep GC freed 2244(249KB) AllocSpace objects, 2(32KB) LOS objects, 38% free, 25MB/41MB, paused 285us total 22.207ms
08-04 13:01:02.413  8104  8117 I art     : Starting a blocking GC Explicit
08-04 13:01:02.436  8104  8117 I art     : Explicit concurrent mark sweep GC freed 1037(56KB) AllocSpace objects, 1(68KB) LOS objects, 38% free, 25MB/41MB, paused 346us total 22.743ms
08-04 13:01:02.446  8104  8117 I art     : Starting a blocking GC Explicit
08-04 13:01:02.468  8104  8117 I art     : Explicit concurrent mark sweep GC freed 898(57KB) AllocSpace objects, 1(68KB) LOS objects, 38% free, 25MB/41MB, paused 176us total 22.259ms
08-04 13:01:02.478  8104  8117 I art     : Starting a blocking GC Explicit
08-04 13:01:02.500  8104  8117 I art     : Explicit concurrent mark sweep GC freed 135(4KB) AllocSpace objects, 0(0B) LOS objects, 38% free, 25MB/41MB, paused 190us total 22.083ms
08-04 13:01:02.568   512  2967 D audio_hw_primary: disable_audio_route: reset and update mixer path: low-latency-playback speaker
08-04 13:01:02.569   512  2967 D audio_hw_primary: disable_snd_device: snd_device(2: speaker)
08-04 13:01:02.576   512  2967 I soundtrigger: audio_extn_sound_trigger_update_device_status: device 0x2 of type 0 for Event 0
08-04 13:01:02.577   918  3261 D WifiStateMachine: starting scan for "H369AA63323"WPA_PSK with 2412,5180
08-04 13:01:02.761  8104  8116 I art     : Starting a blocking GC Explicit
08-04 13:01:02.788  8104  8116 I art     : Explicit concurrent mark sweep GC freed 1349(79KB) AllocSpace objects, 1(20KB) LOS objects, 38% free, 25MB/41MB, paused 192us total 26.802ms
08-04 13:01:02.798  8104  8116 I art     : Starting a blocking GC Explicit
08-04 13:01:02.821  8104  8116 I art     : Explicit concurrent mark sweep GC freed 20(704B) AllocSpace objects, 0(0B) LOS objects, 38% free, 25MB/41MB, paused 176us total 22.815ms
08-04 13:01:02.831  8104  8116 I art     : Starting a blocking GC Explicit
08-04 13:01:02.854  8104  8116 I art     : Explicit concurrent mark sweep GC freed 3(96B) AllocSpace objects, 0(0B) LOS objects, 38% free, 25MB/41MB, paused 173us total 23.077ms
08-04 13:01:02.864  8104  8116 I art     : Starting a blocking GC Explicit
08-04 13:01:02.887  8104  8116 I art     : Explicit concurrent mark sweep GC freed 3(96B) AllocSpace objects, 0(0B) LOS objects, 38% free, 25MB/41MB, paused 166us total 22.198ms
08-04 13:01:02.897  8104  8116 I art     : Starting a blocking GC Explicit
08-04 13:01:02.919  8104  8116 I art     : Explicit concurrent mark sweep GC freed 3(96B) AllocSpace objects, 0(0B) LOS objects, 38% free, 25MB/41MB, paused 167us total 22.201ms
08-04 13:01:03.115   518   646 I ThermalEngine: ACTION: GPU - Setting GPU[0] to 510000000
08-04 13:01:03.195  8104  8116 I art     : Starting a blocking GC Explicit
08-04 13:01:03.236  8104  8116 I art     : Explicit concurrent mark sweep GC freed 1343(79KB) AllocSpace objects, 1(20KB) LOS objects, 38% free, 25MB/41MB, paused 286us total 41.281ms
08-04 13:01:03.254  8104  8116 I art     : Starting a blocking GC Explicit
08-04 13:01:03.286  8104  8116 I art     : Explicit concurrent mark sweep GC freed 66(2528B) AllocSpace objects, 0(0B) LOS objects, 38% free, 25MB/41MB, paused 261us total 31.858ms
08-04 13:01:03.300  8104  8116 I art     : Starting a blocking GC Explicit
08-04 13:01:03.333  8104  8116 I art     : Explicit concurrent mark sweep GC freed 3(96B) AllocSpace objects, 0(0B) LOS objects, 38% free, 25MB/41MB, paused 255us total 32.291ms
08-04 13:01:03.346  8104  8116 I art     : Starting a blocking GC Explicit
08-04 13:01:03.380  8104  8116 I art     : Explicit concurrent mark sweep GC freed 3(96B) AllocSpace objects, 0(0B) LOS objects, 38% free, 25MB/41MB, paused 255us total 33.028ms
08-04 13:01:03.393  8104  8116 I art     : Starting a blocking GC Explicit
08-04 13:01:03.427  8104  8116 I art     : Explicit concurrent mark sweep GC freed 3(96B) AllocSpace objects, 0(0B) LOS objects, 38% free, 25MB/41MB, paused 263us total 33.728ms
08-04 13:01:03.702  8104  8117 I art     : Starting a blocking GC Explicit
08-04 13:01:03.743  8104  8117 I art     : Explicit concurrent mark sweep GC freed 1343(79KB) AllocSpace objects, 1(20KB) LOS objects, 38% free, 25MB/41MB, paused 288us total 40.426ms
08-04 13:01:03.759  8104  8117 I art     : Starting a blocking GC Explicit
08-04 13:01:03.792  8104  8117 I art     : Explicit concurrent mark sweep GC freed 20(704B) AllocSpace objects, 0(0B) LOS objects, 38% free, 25MB/41MB, paused 254us total 33.107ms
08-04 13:01:03.806  8104  8117 I art     : Starting a blocking GC Explicit
08-04 13:01:03.840  8104  8117 I art     : Explicit concurrent mark sweep GC freed 3(96B) AllocSpace objects, 0(0B) LOS objects, 38% free, 25MB/41MB, paused 255us total 33.398ms
08-04 13:01:03.854  8104  8117 I art     : Starting a blocking GC Explicit
08-04 13:01:03.887  8104  8117 I art     : Explicit concurrent mark sweep GC freed 3(96B) AllocSpace objects, 0(0B) LOS objects, 38% free, 25MB/41MB, paused 253us total 32.677ms
08-04 13:01:03.900  8104  8117 I art     : Starting a blocking GC Explicit
08-04 13:01:03.933  8104  8117 I art     : Explicit concurrent mark sweep GC freed 3(96B) AllocSpace objects, 0(0B) LOS objects, 38% free, 25MB/41MB, paused 262us total 32.750ms
08-04 13:01:04.232  8104  8397 I art     : Starting a blocking GC Explicit
08-04 13:01:04.269  8104  8397 I art     : Explicit concurrent mark sweep GC freed 1343(79KB) AllocSpace objects, 1(20KB) LOS objects, 38% free, 25MB/41MB, paused 264us total 36.955ms
08-04 13:01:04.283  8104  8397 I art     : Starting a blocking GC Explicit
08-04 13:01:04.316  8104  8397 I art     : Explicit concurrent mark sweep GC freed 20(704B) AllocSpace objects, 0(0B) LOS objects, 38% free, 25MB/41MB, paused 253us total 32.647ms
08-04 13:01:04.329  8104  8397 I art     : Starting a blocking GC Explicit
08-04 13:01:04.362  8104  8397 I art     : Explicit concurrent mark sweep GC freed 3(96B) AllocSpace objects, 0(0B) LOS objects, 38% free, 25MB/41MB, paused 267us total 32.476ms
08-04 13:01:04.376  8104  8397 I art     : Starting a blocking GC Explicit
08-04 13:01:04.408  8104  8397 I art     : Explicit concurrent mark sweep GC freed 3(96B) AllocSpace objects, 0(0B) LOS objects, 38% free, 25MB/41MB, paused 263us total 32.379ms
08-04 13:01:04.422  8104  8397 I art     : Starting a blocking GC Explicit
08-04 13:01:04.455  8104  8397 I art     : Explicit concurrent mark sweep GC freed 3(96B) AllocSpace objects, 0(0B) LOS objects, 38% free, 25MB/41MB, paused 250us total 33.015ms
08-04 13:01:04.782  8104  8126 I art     : Starting a blocking GC Explicit
08-04 13:01:04.821  8104  8126 I art     : Explicit concurrent mark sweep GC freed 1344(79KB) AllocSpace objects, 1(20KB) LOS objects, 38% free, 25MB/41MB, paused 274us total 38.372ms
08-04 13:01:04.836  8104  8126 I art     : Starting a blocking GC Explicit
08-04 13:01:04.869  8104  8126 I art     : Explicit concurrent mark sweep GC freed 20(704B) AllocSpace objects, 0(0B) LOS objects, 38% free, 25MB/41MB, paused 252us total 32.629ms
08-04 13:01:04.883  8104  8126 I art     : Starting a blocking GC Explicit
08-04 13:01:04.916  8104  8126 I art     : Explicit concurrent mark sweep GC freed 3(96B) AllocSpace objects, 0(0B) LOS objects, 38% free, 25MB/41MB, paused 258us total 33.209ms
08-04 13:01:04.930  8104  8126 I art     : Starting a blocking GC Explicit
08-04 13:01:04.963  8104  8126 I art     : Explicit concurrent mark sweep GC freed 3(96B) AllocSpace objects, 0(0B) LOS objects, 38% free, 25MB/41MB, paused 269us total 32.919ms
08-04 13:01:04.977  8104  8126 I art     : Starting a blocking GC Explicit
08-04 13:01:05.010  8104  8126 I art     : Explicit concurrent mark sweep GC freed 3(96B) AllocSpace objects, 0(0B) LOS objects, 38% free, 25MB/41MB, paused 257us total 32.389ms
08-04 13:01:05.343  8104  8116 I art     : Starting a blocking GC Explicit
08-04 13:01:05.385  8104  8116 I art     : Explicit concurrent mark sweep GC freed 1347(79KB) AllocSpace objects, 1(20KB) LOS objects, 38% free, 25MB/41MB, paused 278us total 41.925ms
08-04 13:01:05.405  8104  8116 I art     : Starting a blocking GC Explicit
08-04 13:01:05.412 13866 13882 I PeriodicStatsRunner: PeriodicStatsRunner.call():175 call()
08-04 13:01:05.412 13866 13882 I PeriodicStatsRunner: PeriodicStatsRunner.call():179 No submit PeriodicStats since input started.
08-04 13:01:05.441  8104  8116 I art     : Explicit concurrent mark sweep GC freed 20(704B) AllocSpace objects, 0(0B) LOS objects, 38% free, 25MB/41MB, paused 256us total 34.905ms
08-04 13:01:05.454  8104  8116 I art     : Starting a blocking GC Explicit
08-04 13:01:05.488  8104  8116 I art     : Explicit concurrent mark sweep GC freed 3(96B) AllocSpace objects, 0(0B) LOS objects, 38% free, 25MB/41MB, paused 280us total 32.987ms
08-04 13:01:05.501  8104  8116 I art     : Starting a blocking GC Explicit
08-04 13:01:05.535  8104  8116 I art     : Explicit concurrent mark sweep GC freed 3(96B) AllocSpace objects, 0(0B) LOS objects, 38% free, 25MB/41MB, paused 258us total 33.359ms
08-04 13:01:05.549  8104  8116 I art     : Starting a blocking GC Explicit
08-04 13:01:05.582  8104  8116 I art     : Explicit concurrent mark sweep GC freed 3(96B) AllocSpace objects, 0(0B) LOS objects, 38% free, 25MB/41MB, paused 267us total 32.441ms
08-04 13:01:05.893  8104  8117 I art     : Starting a blocking GC Explicit
08-04 13:01:05.934  8104  8117 I art     : Explicit concurrent mark sweep GC freed 1344(79KB) AllocSpace objects, 1(20KB) LOS objects, 38% free, 25MB/41MB, paused 287us total 41.263ms
08-04 13:01:05.954  8104  8117 I art     : Starting a blocking GC Explicit
08-04 13:01:05.985  8104  8117 I art     : Explicit concurrent mark sweep GC freed 20(704B) AllocSpace objects, 0(0B) LOS objects, 38% free, 25MB/41MB, paused 264us total 30.377ms
08-04 13:01:05.998  8104  8117 I art     : Starting a blocking GC Explicit
08-04 13:01:06.031  8104  8117 I art     : Explicit concurrent mark sweep GC freed 3(96B) AllocSpace objects, 0(0B) LOS objects, 38% free, 25MB/41MB, paused 261us total 32.363ms
08-04 13:01:06.044  8104  8117 I art     : Starting a blocking GC Explicit
08-04 13:01:06.078  8104  8117 I art     : Explicit concurrent mark sweep GC freed 3(96B) AllocSpace objects, 0(0B) LOS objects, 38% free, 25MB/41MB, paused 253us total 33.374ms
08-04 13:01:06.092  8104  8117 I art     : Starting a blocking GC Explicit
08-04 13:01:06.125  8104  8117 I art     : Explicit concurrent mark sweep GC freed 3(96B) AllocSpace objects, 0(0B) LOS objects, 38% free, 25MB/41MB, paused 264us total 32.674ms
08-04 13:01:06.390  8104  8397 I art     : Starting a blocking GC Explicit
08-04 13:01:06.423  8104  8397 I art     : Explicit concurrent mark sweep GC freed 1343(79KB) AllocSpace objects, 1(20KB) LOS objects, 38% free, 25MB/41MB, paused 274us total 32.324ms
08-04 13:01:06.436  8104  8397 I art     : Starting a blocking GC Explicit
08-04 13:01:06.467  8104  8397 I art     : Explicit concurrent mark sweep GC freed 20(704B) AllocSpace objects, 0(0B) LOS objects, 38% free, 25MB/41MB, paused 347us total 30.454ms
08-04 13:01:06.480  8104  8397 I art     : Starting a blocking GC Explicit
08-04 13:01:06.511  8104  8397 I art     : Explicit concurrent mark sweep GC freed 3(96B) AllocSpace objects, 0(0B) LOS objects, 38% free, 25MB/41MB, paused 257us total 30.347ms
08-04 13:01:06.524  8104  8397 I art     : Starting a blocking GC Explicit
08-04 13:01:06.555  8104  8397 I art     : Explicit concurrent mark sweep GC freed 3(96B) AllocSpace objects, 0(0B) LOS objects, 38% free, 25MB/41MB, paused 251us total 30.792ms
08-04 13:01:06.555  8104  8114 I art     : WaitForGcToComplete blocked for 9.599ms for cause HeapTrim
08-04 13:01:06.568  8104  8397 I art     : Starting a blocking GC Explicit
08-04 13:01:06.599  8104  8397 I art     : Explicit concurrent mark sweep GC freed 3(96B) AllocSpace objects, 0(0B) LOS objects, 38% free, 25MB/41MB, paused 256us total 30.439ms
08-04 13:01:06.693  9023  9023 D AndroidRuntime: >>>>>> START com.android.internal.os.RuntimeInit uid 2000 <<<<<<
08-04 13:01:06.700  9023  9023 D AndroidRuntime: CheckJNI is OFF
08-04 13:01:06.738  9023  9023 D ICU     : No timezone override file found: /data/misc/zoneinfo/current/icu/icu_tzdata.dat
08-04 13:01:06.773  9023  9023 I Radio-JNI: register_android_hardware_Radio DONE
08-04 13:01:06.795  9023  9023 D AndroidRuntime: Calling main entry com.android.commands.input.Input
08-04 13:01:06.797  9023  9023 I Input   : injectKeyEvent: KeyEvent { action=ACTION_DOWN, keyCode=KEYCODE_BACK, scanCode=0, metaState=0, flags=0x0, repeatCount=0, eventTime=709283210, downTime=709283210, deviceId=-1, source=0x101 }
08-04 13:01:06.808  9023  9023 I Input   : injectKeyEvent: KeyEvent { action=ACTION_UP, keyCode=KEYCODE_BACK, scanCode=0, metaState=0, flags=0x0, repeatCount=0, eventTime=709283210, downTime=709283210, deviceId=-1, source=0x101 }
08-04 13:01:06.814  9023  9023 D AndroidRuntime: Shutting down VM
08-04 13:01:06.856 13866 13866 I GoogleInputMethodServic: GoogleInputMethodService.onFinishInput():3138 
08-04 13:01:06.857 13866 13866 I GoogleInputMethodServic: GoogleInputMethodService.onStartInput():1808 
08-04 13:01:06.882  8104  8126 I art     : Starting a blocking GC Explicit
08-04 13:01:06.914  8104  8126 I art     : Explicit concurrent mark sweep GC freed 1584(87KB) AllocSpace objects, 1(20KB) LOS objects, 38% free, 25MB/41MB, paused 280us total 31.321ms
08-04 13:01:06.928  8104  8126 I art     : Starting a blocking GC Explicit
08-04 13:01:06.954  8104  8126 I art     : Explicit concurrent mark sweep GC freed 28(1008B) AllocSpace objects, 0(0B) LOS objects, 38% free, 25MB/41MB, paused 216us total 25.967ms
08-04 13:01:06.966  8104  8126 I art     : Starting a blocking GC Explicit
08-04 13:01:06.999  8104  8126 I art     : Explicit concurrent mark sweep GC freed 3(96B) AllocSpace objects, 0(0B) LOS objects, 38% free, 25MB/41MB, paused 224us total 32.601ms
08-04 13:01:07.006  8104  8938 I RedditChangeDataIO: Writing tmp data file at '/data/user/0/baseline.org.quantumbadger.redreader/files/rr_change_data_tmp.dat'
08-04 13:01:07.006  8104  8938 I RedditChangeDataManager: Taking snapshot...
08-04 13:01:07.007  8104  8938 I RedditChangeDataManager: Writing to stream...
08-04 13:01:07.007  8104  8938 I RedditChangeDataManager: Wrote 2 entries for user ''
08-04 13:01:07.007  8104  8938 I RedditChangeDataManager: All entries written to stream.
08-04 13:01:07.007  8104  8938 I RedditChangeDataIO: Write successful. Atomically replacing data file...
08-04 13:01:07.007  8104  8938 I RedditChangeDataIO: Write complete.
08-04 13:01:07.008  8104  8938 I RedditChangeDataIO: 62 bytes written in 3 ms
08-04 13:01:07.015  8104  8126 I art     : Starting a blocking GC Explicit
08-04 13:01:07.054  8104  8126 I art     : Explicit concurrent mark sweep GC freed 79(4KB) AllocSpace objects, 1(68KB) LOS objects, 38% free, 25MB/41MB, paused 313us total 39.200ms
08-04 13:01:07.072  8104  8126 I art     : Starting a blocking GC Explicit
08-04 13:01:07.087 13866 13882 I PeriodicStatsRunner: PeriodicStatsRunner.call():175 call()
08-04 13:01:07.088 13866 13882 I PeriodicStatsRunner: PeriodicStatsRunner.call():179 No submit PeriodicStats since input started.
08-04 13:01:07.107  8104  8126 I art     : Explicit concurrent mark sweep GC freed 6(192B) AllocSpace objects, 0(0B) LOS objects, 38% free, 25MB/41MB, paused 278us total 34.656ms
08-04 13:01:07.166   380   380 W SurfaceFlinger: couldn't log to binary event log: overflow.
08-04 13:01:07.350  8104  8117 I art     : Starting a blocking GC Explicit
08-04 13:01:07.386  8104  8117 I art     : Explicit concurrent mark sweep GC freed 1400(81KB) AllocSpace objects, 1(20KB) LOS objects, 38% free, 25MB/41MB, paused 561us total 36.527ms
08-04 13:01:07.404  8104  8117 I art     : Starting a blocking GC Explicit
08-04 13:01:07.436  8104  8117 I art     : Explicit concurrent mark sweep GC freed 4084(346KB) AllocSpace objects, 5(140KB) LOS objects, 39% free, 24MB/40MB, paused 240us total 31.668ms
08-04 13:01:07.449  8104  8117 I art     : Starting a blocking GC Explicit
08-04 13:01:07.481  8104  8117 I art     : Explicit concurrent mark sweep GC freed 68(2272B) AllocSpace objects, 0(0B) LOS objects, 39% free, 24MB/40MB, paused 231us total 31.362ms
08-04 13:01:07.495  8104  8117 I art     : Starting a blocking GC Explicit
08-04 13:01:07.525  8104  8117 I art     : Explicit concurrent mark sweep GC freed 3(96B) AllocSpace objects, 0(0B) LOS objects, 39% free, 24MB/40MB, paused 236us total 30.221ms
08-04 13:01:07.538  8104  8117 I art     : Starting a blocking GC Explicit
08-04 13:01:07.569  8104  8117 I art     : Explicit concurrent mark sweep GC freed 3(96B) AllocSpace objects, 0(0B) LOS objects, 39% free, 24MB/40MB, paused 233us total 30.464ms
08-04 13:01:07.850  8104  8116 I art     : Starting a blocking GC Explicit
08-04 13:01:07.888  8104  8116 I art     : Explicit concurrent mark sweep GC freed 1343(79KB) AllocSpace objects, 1(20KB) LOS objects, 39% free, 24MB/40MB, paused 276us total 37.676ms
08-04 13:01:07.904  8104  8116 I art     : Starting a blocking GC Explicit
08-04 13:01:07.935  8104  8116 I art     : Explicit concurrent mark sweep GC freed 20(704B) AllocSpace objects, 0(0B) LOS objects, 39% free, 24MB/40MB, paused 229us total 30.879ms
08-04 13:01:07.949  8104  8116 I art     : Starting a blocking GC Explicit
08-04 13:01:07.980  8104  8116 I art     : Explicit concurrent mark sweep GC freed 3(96B) AllocSpace objects, 0(0B) LOS objects, 39% free, 24MB/40MB, paused 232us total 31.087ms
08-04 13:01:07.993  8104  8116 I art     : Starting a blocking GC Explicit
08-04 13:01:08.024  8104  8116 I art     : Explicit concurrent mark sweep GC freed 3(96B) AllocSpace objects, 0(0B) LOS objects, 39% free, 24MB/40MB, paused 225us total 30.302ms
08-04 13:01:08.038  8104  8116 I art     : Starting a blocking GC Explicit
08-04 13:01:08.068  8104  8116 I art     : Explicit concurrent mark sweep GC freed 3(96B) AllocSpace objects, 0(0B) LOS objects, 39% free, 24MB/40MB, paused 219us total 30.032ms
08-04 13:01:08.332  8104  8397 I art     : Starting a blocking GC Explicit
08-04 13:01:08.364  8104  8397 I art     : Explicit concurrent mark sweep GC freed 1343(79KB) AllocSpace objects, 1(20KB) LOS objects, 39% free, 24MB/40MB, paused 243us total 31.495ms
08-04 13:01:08.377  8104  8397 I art     : Starting a blocking GC Explicit
08-04 13:01:08.406  8104  8397 I art     : Explicit concurrent mark sweep GC freed 20(704B) AllocSpace objects, 0(0B) LOS objects, 39% free, 24MB/40MB, paused 227us total 29.024ms
08-04 13:01:08.420  8104  8397 I art     : Starting a blocking GC Explicit
08-04 13:01:08.449  8104  8397 I art     : Explicit concurrent mark sweep GC freed 3(96B) AllocSpace objects, 0(0B) LOS objects, 39% free, 24MB/40MB, paused 265us total 28.911ms
08-04 13:01:08.462  8104  8397 I art     : Starting a blocking GC Explicit
08-04 13:01:08.473  9078  9078 D AndroidRuntime: >>>>>> START com.android.internal.os.RuntimeInit uid 2000 <<<<<<
08-04 13:01:08.478  9078  9078 D AndroidRuntime: CheckJNI is OFF
08-04 13:01:08.491  8104  8397 I art     : Explicit concurrent mark sweep GC freed 3(96B) AllocSpace objects, 0(0B) LOS objects, 39% free, 24MB/40MB, paused 294us total 29.290ms
08-04 13:01:08.504  8104  8397 I art     : Starting a blocking GC Explicit
08-04 13:01:08.515  9078  9078 D ICU     : No timezone override file found: /data/misc/zoneinfo/current/icu/icu_tzdata.dat
08-04 13:01:08.533  8104  8397 I art     : Explicit concurrent mark sweep GC freed 3(96B) AllocSpace objects, 0(0B) LOS objects, 39% free, 24MB/40MB, paused 240us total 28.492ms
08-04 13:01:08.550  9078  9078 I Radio-JNI: register_android_hardware_Radio DONE
08-04 13:01:08.572  9078  9078 D AndroidRuntime: Calling main entry com.android.commands.input.Input
08-04 13:01:08.573  9078  9078 I Input   : injectMotionEvent: MotionEvent { action=ACTION_DOWN, actionButton=0, id[0]=0, x[0]=600.0, y[0]=1200.0, toolType[0]=TOOL_TYPE_UNKNOWN, buttonState=0, metaState=0, flags=0x0, edgeFlags=0x0, pointerCount=1, historySize=0, eventTime=709284986, downTime=709284986, deviceId=0, source=0x1002 }
08-04 13:01:08.579  9078  9078 I Input   : injectMotionEvent: MotionEvent { action=ACTION_UP, actionButton=0, id[0]=0, x[0]=600.0, y[0]=1200.0, toolType[0]=TOOL_TYPE_UNKNOWN, buttonState=0, metaState=0, flags=0x0, edgeFlags=0x0, pointerCount=1, historySize=0, eventTime=709284986, downTime=709284986, deviceId=0, source=0x1002 }
08-04 13:01:08.580  9078  9078 D AndroidRuntime: Shutting down VM
08-04 13:01:08.589   512  2967 D audio_hw_primary: out_set_parameters: enter: usecase(1: low-latency-playback) kvpairs: routing=2
08-04 13:01:08.592   918  3359 I ActivityManager: START u0 {dat=https://oauth.reddit.com/... cmp=baseline.org.quantumbadger.redreader/.activities.CommentListingActivity} from uid 10666 on display 0
08-04 13:01:08.602   512  2967 D audio_hw_primary: select_devices: out_snd_device(2: speaker) in_snd_device(0: none)
08-04 13:01:08.602   512  2967 D msm8974_platform: platform_send_audio_calibration: sending audio calibration for snd_device(2) acdb_id(15)
08-04 13:01:08.602   512  2967 I soundtrigger: audio_extn_sound_trigger_update_device_status: device 0x2 of type 0 for Event 1
08-04 13:01:08.615   512  2967 D audio_hw_primary: enable_snd_device: snd_device(2: speaker)
08-04 13:01:08.617  8104  8104 I AppCompatViewInflater: app:theme is now deprecated. Please move to using android:theme instead.
08-04 13:01:08.617   512  2967 D audio_hw_primary: enable_audio_route: apply and update mixer path: low-latency-playback speaker
08-04 13:01:08.633  8104  9103 D OK      : calling: https://oauth.reddit.com/comments/hza888/.json?sort=confidence
08-04 13:01:08.696   918   936 I ActivityManager: Displayed baseline.org.quantumbadger.redreader/.activities.CommentListingActivity: +98ms
08-04 13:01:08.698 13866 13866 I GoogleInputMethodServic: GoogleInputMethodService.onFinishInput():3138 
08-04 13:01:08.699 13866 13866 I GoogleInputMethodServic: GoogleInputMethodService.onStartInput():1808 
08-04 13:01:08.765  8104  8117 I art     : Starting a blocking GC Explicit
08-04 13:01:08.796  8104  8117 I art     : Explicit concurrent mark sweep GC freed 6107(298KB) AllocSpace objects, 1(20KB) LOS objects, 38% free, 25MB/41MB, paused 292us total 30.593ms
08-04 13:01:08.810  8104  8117 I art     : Starting a blocking GC Explicit
08-04 13:01:08.843  8104  8117 I art     : Explicit concurrent mark sweep GC freed 491(23KB) AllocSpace objects, 0(0B) LOS objects, 39% free, 25MB/41MB, paused 266us total 32.531ms
08-04 13:01:08.858  8104  8117 I art     : Starting a blocking GC Explicit
08-04 13:01:08.894  8104  9103 I NAPPA_EXPERIMENTATION: MetricNetworkRequestExecutionTime: REQUEST_DURATION_SYSTEM='260',REQUEST_DURATION_OKHTTP='144',REQUEST_SYNCHRONOUS='TRUE',RESPONSE_CODE='200',RESPONSE_METHOD='GET',RESPONSE_LENGTH_OKHTTP='-1',RESPONSE_LENGTH_HEADER='21928',REQUEST_PROTOCOL='h2',REQUEST_URL='https://oauth.reddit.com/comments/hza888/.json?sort=confidence',
08-04 13:01:08.894  8104  9103 D OK      : request got status: 200
08-04 13:01:08.894  8104  8117 I art     : Explicit concurrent mark sweep GC freed 383(23KB) AllocSpace objects, 0(0B) LOS objects, 38% free, 25MB/41MB, paused 318us total 36.351ms
08-04 13:01:08.910  8104  8117 I art     : Starting a blocking GC Explicit
08-04 13:01:08.910  8104  8669 I CommentListingActivity: COMMENTS session changed to c51b241b-2311-46a8-9941-757a629806a8
08-04 13:01:08.952   380   380 W SurfaceFlinger: couldn't log to binary event log: overflow.
08-04 13:01:08.954  8104  8117 I art     : Explicit concurrent mark sweep GC freed 2385(166KB) AllocSpace objects, 0(0B) LOS objects, 38% free, 25MB/41MB, paused 1.053ms total 43.854ms
08-04 13:01:08.969  8104  8117 I art     : Starting a blocking GC Explicit
08-04 13:01:09.003  8104  8117 I art     : Explicit concurrent mark sweep GC freed 5122(301KB) AllocSpace objects, 0(0B) LOS objects, 37% free, 26MB/42MB, paused 508us total 33.130ms
08-04 13:01:09.149   512  2967 D audio_hw_primary: disable_audio_route: reset and update mixer path: low-latency-playback speaker
08-04 13:01:09.150   512  2967 D audio_hw_primary: disable_snd_device: snd_device(2: speaker)
08-04 13:01:09.161   512  2967 I soundtrigger: audio_extn_sound_trigger_update_device_status: device 0x2 of type 0 for Event 0
08-04 13:01:09.284  8104  8397 I art     : Starting a blocking GC Explicit
08-04 13:01:09.327  8104  8397 I art     : Explicit concurrent mark sweep GC freed 11596(665KB) AllocSpace objects, 3(156KB) LOS objects, 37% free, 26MB/42MB, paused 240us total 43.480ms
08-04 13:01:09.342  8104  8397 I art     : Starting a blocking GC Explicit
08-04 13:01:09.380  8104  8397 I art     : Explicit concurrent mark sweep GC freed 73(3KB) AllocSpace objects, 0(0B) LOS objects, 37% free, 26MB/42MB, paused 259us total 37.528ms
08-04 13:01:09.394  8104  8397 I art     : Starting a blocking GC Explicit
08-04 13:01:09.430  8104  8397 I art     : Explicit concurrent mark sweep GC freed 3(96B) AllocSpace objects, 0(0B) LOS objects, 37% free, 26MB/42MB, paused 249us total 35.976ms
08-04 13:01:09.445  8104  8397 I art     : Starting a blocking GC Explicit
08-04 13:01:09.481  8104  8397 I art     : Explicit concurrent mark sweep GC freed 3(96B) AllocSpace objects, 0(0B) LOS objects, 37% free, 26MB/42MB, paused 271us total 35.761ms
08-04 13:01:09.495  8104  8397 I art     : Starting a blocking GC Explicit
08-04 13:01:09.533  8104  8397 I art     : Explicit concurrent mark sweep GC freed 3(96B) AllocSpace objects, 0(0B) LOS objects, 37% free, 26MB/42MB, paused 293us total 37.705ms
08-04 13:01:09.822  8104  8397 I art     : Starting a blocking GC Explicit
08-04 13:01:09.879  8104  8397 I art     : Explicit concurrent mark sweep GC freed 1343(80KB) AllocSpace objects, 1(20KB) LOS objects, 37% free, 26MB/42MB, paused 342us total 56.522ms
08-04 13:01:09.902  8104  8397 I art     : Starting a blocking GC Explicit
08-04 13:01:09.940  8104  8397 I art     : Explicit concurrent mark sweep GC freed 66(2528B) AllocSpace objects, 0(0B) LOS objects, 37% free, 26MB/42MB, paused 257us total 37.570ms
08-04 13:01:09.954  8104  8397 I art     : Starting a blocking GC Explicit
08-04 13:01:09.993  8104  8397 I art     : Explicit concurrent mark sweep GC freed 3(96B) AllocSpace objects, 0(0B) LOS objects, 37% free, 26MB/42MB, paused 261us total 39.442ms
08-04 13:01:10.008  8104  8397 I art     : Starting a blocking GC Explicit
08-04 13:01:10.047  8104  8397 I art     : Explicit concurrent mark sweep GC freed 3(96B) AllocSpace objects, 0(0B) LOS objects, 37% free, 26MB/42MB, paused 276us total 38.984ms
08-04 13:01:10.062  8104  8397 I art     : Starting a blocking GC Explicit
08-04 13:01:10.101  8104  8397 I art     : Explicit concurrent mark sweep GC freed 3(96B) AllocSpace objects, 0(0B) LOS objects, 37% free, 26MB/42MB, paused 268us total 39.289ms
08-04 13:01:10.414  8104  8126 I art     : Starting a blocking GC Explicit
08-04 13:01:10.467  8104  8126 I art     : Explicit concurrent mark sweep GC freed 1343(80KB) AllocSpace objects, 1(20KB) LOS objects, 37% free, 26MB/42MB, paused 288us total 52.536ms
08-04 13:01:10.486  8104  8126 I art     : Starting a blocking GC Explicit
08-04 13:01:10.524  8104  8126 I art     : Explicit concurrent mark sweep GC freed 20(704B) AllocSpace objects, 0(0B) LOS objects, 37% free, 26MB/42MB, paused 255us total 38.284ms
08-04 13:01:10.539  8104  8126 I art     : Starting a blocking GC Explicit
08-04 13:01:10.577  8104  8126 I art     : Explicit concurrent mark sweep GC freed 3(96B) AllocSpace objects, 0(0B) LOS objects, 37% free, 26MB/42MB, paused 285us total 38.502ms
08-04 13:01:10.592  8104  8126 I art     : Starting a blocking GC Explicit
08-04 13:01:10.630  8104  8126 I art     : Explicit concurrent mark sweep GC freed 3(96B) AllocSpace objects, 0(0B) LOS objects, 37% free, 26MB/42MB, paused 258us total 38.243ms
08-04 13:01:10.645  8104  8126 I art     : Starting a blocking GC Explicit
08-04 13:01:10.683  8104  8126 I art     : Explicit concurrent mark sweep GC freed 3(96B) AllocSpace objects, 0(0B) LOS objects, 37% free, 26MB/42MB, paused 256us total 38.339ms
08-04 13:01:10.975  8104  8116 I art     : Starting a blocking GC Explicit
08-04 13:01:11.013  8104  8116 I art     : Explicit concurrent mark sweep GC freed 1343(80KB) AllocSpace objects, 1(20KB) LOS objects, 37% free, 26MB/42MB, paused 257us total 38.554ms
08-04 13:01:11.028  8104  8116 I art     : Starting a blocking GC Explicit
08-04 13:01:11.065  8104  8116 I art     : Explicit concurrent mark sweep GC freed 20(704B) AllocSpace objects, 0(0B) LOS objects, 37% free, 26MB/42MB, paused 261us total 36.765ms
08-04 13:01:11.079  8104  8116 I art     : Starting a blocking GC Explicit
08-04 13:01:11.115  8104  8116 I art     : Explicit concurrent mark sweep GC freed 3(96B) AllocSpace objects, 0(0B) LOS objects, 37% free, 26MB/42MB, paused 254us total 35.957ms
08-04 13:01:11.129  8104  8116 I art     : Starting a blocking GC Explicit
08-04 13:01:11.166  8104  8116 I art     : Explicit concurrent mark sweep GC freed 3(96B) AllocSpace objects, 0(0B) LOS objects, 37% free, 26MB/42MB, paused 254us total 37.085ms
08-04 13:01:11.180  8104  8116 I art     : Starting a blocking GC Explicit
08-04 13:01:11.217  8104  8116 I art     : Explicit concurrent mark sweep GC freed 3(96B) AllocSpace objects, 0(0B) LOS objects, 37% free, 26MB/42MB, paused 255us total 36.391ms
08-04 13:01:11.291  9146  9146 D AndroidRuntime: >>>>>> START com.android.internal.os.RuntimeInit uid 2000 <<<<<<
08-04 13:01:11.297  9146  9146 D AndroidRuntime: CheckJNI is OFF
08-04 13:01:11.334  9146  9146 D ICU     : No timezone override file found: /data/misc/zoneinfo/current/icu/icu_tzdata.dat
08-04 13:01:11.372  9146  9146 I Radio-JNI: register_android_hardware_Radio DONE
08-04 13:01:11.393  9146  9146 D AndroidRuntime: Calling main entry com.android.commands.input.Input
08-04 13:01:11.395  9146  9146 I Input   : injectKeyEvent: KeyEvent { action=ACTION_DOWN, keyCode=KEYCODE_BACK, scanCode=0, metaState=0, flags=0x0, repeatCount=0, eventTime=709287808, downTime=709287808, deviceId=-1, source=0x101 }
08-04 13:01:11.402  9146  9146 I Input   : injectKeyEvent: KeyEvent { action=ACTION_UP, keyCode=KEYCODE_BACK, scanCode=0, metaState=0, flags=0x0, repeatCount=0, eventTime=709287808, downTime=709287808, deviceId=-1, source=0x101 }
08-04 13:01:11.408  9146  9146 D AndroidRuntime: Shutting down VM
08-04 13:01:11.449 13866 13866 I GoogleInputMethodServic: GoogleInputMethodService.onFinishInput():3138 
08-04 13:01:11.450 13866 13866 I GoogleInputMethodServic: GoogleInputMethodService.onStartInput():1808 
08-04 13:01:11.484  8104  8126 I art     : Starting a blocking GC Explicit
08-04 13:01:11.518  8104  8126 I art     : Explicit concurrent mark sweep GC freed 1596(89KB) AllocSpace objects, 1(20KB) LOS objects, 37% free, 26MB/42MB, paused 279us total 34.229ms
08-04 13:01:11.532  8104  8126 I art     : Starting a blocking GC Explicit
08-04 13:01:11.565  8104  8126 I art     : Explicit concurrent mark sweep GC freed 24(864B) AllocSpace objects, 0(0B) LOS objects, 37% free, 26MB/42MB, paused 263us total 33.640ms
08-04 13:01:11.581  8104  8126 I art     : Starting a blocking GC Explicit
08-04 13:01:11.624  8104  8126 I art     : Explicit concurrent mark sweep GC freed 3(96B) AllocSpace objects, 0(0B) LOS objects, 37% free, 26MB/42MB, paused 281us total 42.413ms
08-04 13:01:11.625  8104  8114 I art     : WaitForGcToComplete blocked for 25.596ms for cause HeapTrim
08-04 13:01:11.643  8104  8126 I art     : Starting a blocking GC Explicit
08-04 13:01:11.687  8104  8126 I art     : Explicit concurrent mark sweep GC freed 3(96B) AllocSpace objects, 0(0B) LOS objects, 37% free, 26MB/42MB, paused 302us total 43.420ms
08-04 13:01:11.705  8104  8126 I art     : Starting a blocking GC Explicit
08-04 13:01:11.752  8104  8126 I art     : Explicit concurrent mark sweep GC freed 3(96B) AllocSpace objects, 0(0B) LOS objects, 37% free, 26MB/42MB, paused 258us total 46.859ms
08-04 13:01:11.771   380   380 W SurfaceFlinger: couldn't log to binary event log: overflow.
08-04 13:01:11.857 13866 13882 I PeriodicStatsRunner: PeriodicStatsRunner.call():175 call()
08-04 13:01:11.857 13866 13882 I PeriodicStatsRunner: PeriodicStatsRunner.call():179 No submit PeriodicStats since input started.
08-04 13:01:12.027  8104  8116 I art     : Starting a blocking GC Explicit
08-04 13:01:12.070  8104  8116 I art     : Explicit concurrent mark sweep GC freed 1395(82KB) AllocSpace objects, 1(20KB) LOS objects, 37% free, 26MB/42MB, paused 301us total 43.049ms
08-04 13:01:12.088  8104  8116 I art     : Starting a blocking GC Explicit
08-04 13:01:12.121  8104  8116 I art     : Explicit concurrent mark sweep GC freed 22993(1247KB) AllocSpace objects, 5(164KB) LOS objects, 39% free, 24MB/40MB, paused 257us total 32.762ms
08-04 13:01:12.135  8104  8116 I art     : Starting a blocking GC Explicit
08-04 13:01:12.166  8104  8116 I art     : Explicit concurrent mark sweep GC freed 3(96B) AllocSpace objects, 0(0B) LOS objects, 39% free, 24MB/40MB, paused 302us total 30.709ms
08-04 13:01:12.179  8104  8116 I art     : Starting a blocking GC Explicit
08-04 13:01:12.211  8104  8116 I art     : Explicit concurrent mark sweep GC freed 3(96B) AllocSpace objects, 0(0B) LOS objects, 39% free, 24MB/40MB, paused 279us total 31.445ms
08-04 13:01:12.224  8104  8116 I art     : Starting a blocking GC Explicit
08-04 13:01:12.255  8104  8116 I art     : Explicit concurrent mark sweep GC freed 3(96B) AllocSpace objects, 0(0B) LOS objects, 39% free, 24MB/40MB, paused 263us total 30.744ms
08-04 13:01:12.551  8104  8117 I art     : Starting a blocking GC Explicit
08-04 13:01:12.590  8104  8117 I art     : Explicit concurrent mark sweep GC freed 1348(81KB) AllocSpace objects, 1(20KB) LOS objects, 39% free, 24MB/40MB, paused 289us total 38.760ms
08-04 13:01:12.608  8104  8117 I art     : Starting a blocking GC Explicit
08-04 13:01:12.642  8104  8117 I art     : Explicit concurrent mark sweep GC freed 20(704B) AllocSpace objects, 0(0B) LOS objects, 39% free, 24MB/40MB, paused 310us total 33.933ms
08-04 13:01:12.656  8104  8117 I art     : Starting a blocking GC Explicit
08-04 13:01:12.683  8104  8117 I art     : Explicit concurrent mark sweep GC freed 3(96B) AllocSpace objects, 0(0B) LOS objects, 39% free, 24MB/40MB, paused 277us total 26.832ms
08-04 13:01:12.695  8104  8117 I art     : Starting a blocking GC Explicit
08-04 13:01:12.724  8104  8117 I art     : Explicit concurrent mark sweep GC freed 3(96B) AllocSpace objects, 0(0B) LOS objects, 39% free, 24MB/40MB, paused 257us total 28.447ms
08-04 13:01:12.737  8104  8117 I art     : Starting a blocking GC Explicit
08-04 13:01:12.766  8104  8117 I art     : Explicit concurrent mark sweep GC freed 3(96B) AllocSpace objects, 0(0B) LOS objects, 39% free, 24MB/40MB, paused 264us total 29.389ms
08-04 13:01:13.039  8104  8397 I art     : Starting a blocking GC Explicit
08-04 13:01:13.071  9201  9201 D AndroidRuntime: >>>>>> START com.android.internal.os.RuntimeInit uid 2000 <<<<<<
08-04 13:01:13.076  9201  9201 D AndroidRuntime: CheckJNI is OFF
08-04 13:01:13.077  8104  8397 I art     : Explicit concurrent mark sweep GC freed 1344(80KB) AllocSpace objects, 1(20KB) LOS objects, 39% free, 24MB/40MB, paused 273us total 36.893ms
08-04 13:01:13.091  8104  8397 I art     : Starting a blocking GC Explicit
08-04 13:01:13.110  9201  9201 D ICU     : No timezone override file found: /data/misc/zoneinfo/current/icu/icu_tzdata.dat
08-04 13:01:13.117  8104  8397 I art     : Explicit concurrent mark sweep GC freed 20(704B) AllocSpace objects, 0(0B) LOS objects, 39% free, 24MB/40MB, paused 264us total 26.696ms
08-04 13:01:13.130  8104  8397 I art     : Starting a blocking GC Explicit
08-04 13:01:13.143  9201  9201 I Radio-JNI: register_android_hardware_Radio DONE
08-04 13:01:13.159  8104  8397 I art     : Explicit concurrent mark sweep GC freed 3(96B) AllocSpace objects, 0(0B) LOS objects, 39% free, 24MB/40MB, paused 253us total 28.834ms
08-04 13:01:13.165  9201  9201 D AndroidRuntime: Calling main entry com.android.commands.input.Input
08-04 13:01:13.166  9201  9201 I Input   : injectMotionEvent: MotionEvent { action=ACTION_DOWN, actionButton=0, id[0]=0, x[0]=600.0, y[0]=950.0, toolType[0]=TOOL_TYPE_UNKNOWN, buttonState=0, metaState=0, flags=0x0, edgeFlags=0x0, pointerCount=1, historySize=0, eventTime=709289579, downTime=709289579, deviceId=0, source=0x1002 }
08-04 13:01:13.172  8104  8397 I art     : Starting a blocking GC Explicit
08-04 13:01:13.172  9201  9201 I Input   : injectMotionEvent: MotionEvent { action=ACTION_UP, actionButton=0, id[0]=0, x[0]=600.0, y[0]=950.0, toolType[0]=TOOL_TYPE_UNKNOWN, buttonState=0, metaState=0, flags=0x0, edgeFlags=0x0, pointerCount=1, historySize=0, eventTime=709289579, downTime=709289579, deviceId=0, source=0x1002 }
08-04 13:01:13.177  9201  9201 D AndroidRuntime: Shutting down VM
08-04 13:01:13.191   512  2967 D audio_hw_primary: out_set_parameters: enter: usecase(1: low-latency-playback) kvpairs: routing=2
08-04 13:01:13.194   918  5952 I ActivityManager: START u0 {dat=https://oauth.reddit.com/... cmp=baseline.org.quantumbadger.redreader/.activities.CommentListingActivity} from uid 10666 on display 0
08-04 13:01:13.203   512  2967 D audio_hw_primary: select_devices: out_snd_device(2: speaker) in_snd_device(0: none)
08-04 13:01:13.204   512  2967 D msm8974_platform: platform_send_audio_calibration: sending audio calibration for snd_device(2) acdb_id(15)
08-04 13:01:13.204  8104  8397 I art     : Explicit concurrent mark sweep GC freed 206(9KB) AllocSpace objects, 0(0B) LOS objects, 39% free, 24MB/40MB, paused 307us total 31.723ms
08-04 13:01:13.204   512  2967 I soundtrigger: audio_extn_sound_trigger_update_device_status: device 0x2 of type 0 for Event 1
08-04 13:01:13.217  8104  8397 I art     : Starting a blocking GC Explicit
08-04 13:01:13.219   512  2967 D audio_hw_primary: enable_snd_device: snd_device(2: speaker)
08-04 13:01:13.221   512  2967 D audio_hw_primary: enable_audio_route: apply and update mixer path: low-latency-playback speaker
08-04 13:01:13.224  8104  8104 I AppCompatViewInflater: app:theme is now deprecated. Please move to using android:theme instead.
08-04 13:01:13.240  8104  8669 I CommentListingActivity: COMMENTS session changed to 03e06188-0a27-47a7-bf2b-27e53f4e13a6
08-04 13:01:13.246  8104  8397 I art     : Explicit concurrent mark sweep GC freed 2026(163KB) AllocSpace objects, 0(0B) LOS objects, 38% free, 25MB/41MB, paused 778us total 28.798ms
08-04 13:01:13.294   918   936 I ActivityManager: Displayed baseline.org.quantumbadger.redreader/.activities.CommentListingActivity: +89ms
08-04 13:01:13.309 13866 13866 I GoogleInputMethodServic: GoogleInputMethodService.onFinishInput():3138 
08-04 13:01:13.310 13866 13866 I GoogleInputMethodServic: GoogleInputMethodService.onStartInput():1808 
08-04 13:01:13.495  8104  8126 I art     : Starting a blocking GC Explicit
08-04 13:01:13.535  8104  8126 I art     : Explicit concurrent mark sweep GC freed 5937(403KB) AllocSpace objects, 3(52KB) LOS objects, 38% free, 25MB/41MB, paused 299us total 39.878ms
08-04 13:01:13.555  8104  8126 I art     : Starting a blocking GC Explicit
08-04 13:01:13.557   380   380 W SurfaceFlinger: couldn't log to binary event log: overflow.
08-04 13:01:13.579  3644  3644 I ServiceManager: Waiting for service AtCmdFwd...
08-04 13:01:13.588  8104  8126 I art     : Explicit concurrent mark sweep GC freed 254(12KB) AllocSpace objects, 0(0B) LOS objects, 38% free, 25MB/41MB, paused 245us total 33.526ms
08-04 13:01:13.600  8104  9102 I RedditChangeDataIO: Writing tmp data file at '/data/user/0/baseline.org.quantumbadger.redreader/files/rr_change_data_tmp.dat'
08-04 13:01:13.601  8104  9102 I RedditChangeDataManager: Taking snapshot...
08-04 13:01:13.601  8104  9102 I RedditChangeDataManager: Writing to stream...
08-04 13:01:13.601  8104  9102 I RedditChangeDataManager: Wrote 3 entries for user ''
08-04 13:01:13.601  8104  9102 I RedditChangeDataManager: All entries written to stream.
08-04 13:01:13.601  8104  9102 I RedditChangeDataIO: Write successful. Atomically replacing data file...
08-04 13:01:13.602  8104  9102 I RedditChangeDataIO: Write complete.
08-04 13:01:13.602  8104  9102 I RedditChangeDataIO: 86 bytes written in 2 ms
08-04 13:01:13.602  8104  8126 I art     : Starting a blocking GC Explicit
08-04 13:01:13.629  8104  8126 I art     : Explicit concurrent mark sweep GC freed 81(4KB) AllocSpace objects, 1(68KB) LOS objects, 38% free, 25MB/41MB, paused 227us total 26.747ms
08-04 13:01:13.641  8104  8126 I art     : Starting a blocking GC Explicit
08-04 13:01:13.673  8104  8126 I art     : Explicit concurrent mark sweep GC freed 6(192B) AllocSpace objects, 0(0B) LOS objects, 38% free, 25MB/41MB, paused 285us total 31.204ms
08-04 13:01:13.687  8104  8126 I art     : Starting a blocking GC Explicit
08-04 13:01:13.699 13866 13882 I PeriodicStatsRunner: PeriodicStatsRunner.call():175 call()
08-04 13:01:13.699 13866 13882 I PeriodicStatsRunner: PeriodicStatsRunner.call():179 No submit PeriodicStats since input started.
08-04 13:01:13.717  8104  8126 I art     : Explicit concurrent mark sweep GC freed 85(2896B) AllocSpace objects, 0(0B) LOS objects, 38% free, 25MB/41MB, paused 231us total 29.232ms
08-04 13:01:13.758   512  2967 D audio_hw_primary: disable_audio_route: reset and update mixer path: low-latency-playback speaker
08-04 13:01:13.760   512  2967 D audio_hw_primary: disable_snd_device: snd_device(2: speaker)
08-04 13:01:13.769   512  2967 I soundtrigger: audio_extn_sound_trigger_update_device_status: device 0x2 of type 0 for Event 0
08-04 13:01:13.993  8104  8117 I art     : Starting a blocking GC Explicit
08-04 13:01:14.036  8104  8117 I art     : Explicit concurrent mark sweep GC freed 1578(116KB) AllocSpace objects, 1(20KB) LOS objects, 38% free, 25MB/41MB, paused 261us total 42.123ms
08-04 13:01:14.054  8104  8117 I art     : Starting a blocking GC Explicit
08-04 13:01:14.087  8104  8117 I art     : Explicit concurrent mark sweep GC freed 131(4KB) AllocSpace objects, 0(0B) LOS objects, 38% free, 25MB/41MB, paused 262us total 32.972ms
08-04 13:01:14.101  8104  8117 I art     : Starting a blocking GC Explicit
08-04 13:01:14.134  8104  8117 I art     : Explicit concurrent mark sweep GC freed 3(96B) AllocSpace objects, 0(0B) LOS objects, 38% free, 25MB/41MB, paused 239us total 32.593ms
08-04 13:01:14.148  8104  8117 I art     : Starting a blocking GC Explicit
08-04 13:01:14.181  8104  8117 I art     : Explicit concurrent mark sweep GC freed 3(96B) AllocSpace objects, 0(0B) LOS objects, 38% free, 25MB/41MB, paused 248us total 32.718ms
08-04 13:01:14.195  8104  8117 I art     : Starting a blocking GC Explicit
08-04 13:01:14.228  8104  8117 I art     : Explicit concurrent mark sweep GC freed 3(96B) AllocSpace objects, 0(0B) LOS objects, 38% free, 25MB/41MB, paused 243us total 33.342ms
08-04 13:01:14.521  8104  8126 I art     : Starting a blocking GC Explicit
08-04 13:01:14.559  8104  8126 I art     : Explicit concurrent mark sweep GC freed 1343(80KB) AllocSpace objects, 1(20KB) LOS objects, 38% free, 25MB/41MB, paused 250us total 38.437ms
08-04 13:01:14.574  8104  8126 I art     : Starting a blocking GC Explicit
08-04 13:01:14.579  3644  3644 I ServiceManager: Waiting for service AtCmdFwd...
08-04 13:01:14.607  8104  8126 I art     : Explicit concurrent mark sweep GC freed 20(704B) AllocSpace objects, 0(0B) LOS objects, 38% free, 25MB/41MB, paused 247us total 32.940ms
08-04 13:01:14.621  8104  8126 I art     : Starting a blocking GC Explicit
08-04 13:01:14.654  8104  8126 I art     : Explicit concurrent mark sweep GC freed 3(96B) AllocSpace objects, 0(0B) LOS objects, 38% free, 25MB/41MB, paused 245us total 32.885ms
08-04 13:01:14.668  8104  8126 I art     : Starting a blocking GC Explicit
08-04 13:01:14.700  8104  8126 I art     : Explicit concurrent mark sweep GC freed 3(96B) AllocSpace objects, 0(0B) LOS objects, 38% free, 25MB/41MB, paused 229us total 32.089ms
08-04 13:01:14.714  8104  8126 I art     : Starting a blocking GC Explicit
08-04 13:01:14.747  8104  8126 I art     : Explicit concurrent mark sweep GC freed 3(96B) AllocSpace objects, 0(0B) LOS objects, 38% free, 25MB/41MB, paused 235us total 32.261ms
08-04 13:01:15.070  8104  8397 I art     : Starting a blocking GC Explicit
08-04 13:01:15.116  8104  8397 I art     : Explicit concurrent mark sweep GC freed 1343(80KB) AllocSpace objects, 1(20KB) LOS objects, 38% free, 25MB/41MB, paused 312us total 45.418ms
08-04 13:01:15.132  8104  8397 I art     : Starting a blocking GC Explicit
08-04 13:01:15.165  8104  8397 I art     : Explicit concurrent mark sweep GC freed 20(704B) AllocSpace objects, 0(0B) LOS objects, 38% free, 25MB/41MB, paused 236us total 32.866ms
08-04 13:01:15.179  8104  8397 I art     : Starting a blocking GC Explicit
08-04 13:01:15.212  8104  8397 I art     : Explicit concurrent mark sweep GC freed 3(96B) AllocSpace objects, 0(0B) LOS objects, 38% free, 25MB/41MB, paused 241us total 33.056ms
08-04 13:01:15.226  8104  8397 I art     : Starting a blocking GC Explicit
08-04 13:01:15.259  8104  8397 I art     : Explicit concurrent mark sweep GC freed 3(96B) AllocSpace objects, 0(0B) LOS objects, 38% free, 25MB/41MB, paused 227us total 32.424ms
08-04 13:01:15.272  8104  8397 I art     : Starting a blocking GC Explicit
08-04 13:01:15.305  8104  8397 I art     : Explicit concurrent mark sweep GC freed 3(96B) AllocSpace objects, 0(0B) LOS objects, 38% free, 25MB/41MB, paused 238us total 32.155ms
08-04 13:01:15.580  3644  3644 I ServiceManager: Waiting for service AtCmdFwd...
08-04 13:01:15.615  8104  8116 I art     : Starting a blocking GC Explicit
08-04 13:01:15.657  8104  8116 I art     : Explicit concurrent mark sweep GC freed 1343(80KB) AllocSpace objects, 1(20KB) LOS objects, 38% free, 25MB/41MB, paused 258us total 41.275ms
08-04 13:01:15.677  8104  8116 I art     : Starting a blocking GC Explicit
08-04 13:01:15.709  8104  8116 I art     : Explicit concurrent mark sweep GC freed 20(704B) AllocSpace objects, 0(0B) LOS objects, 38% free, 25MB/41MB, paused 229us total 31.454ms
08-04 13:01:15.722  8104  8116 I art     : Starting a blocking GC Explicit
08-04 13:01:15.755  8104  8116 I art     : Explicit concurrent mark sweep GC freed 3(96B) AllocSpace objects, 0(0B) LOS objects, 38% free, 25MB/41MB, paused 236us total 32.659ms
08-04 13:01:15.769  8104  8116 I art     : Starting a blocking GC Explicit
08-04 13:01:15.802  8104  8116 I art     : Explicit concurrent mark sweep GC freed 3(96B) AllocSpace objects, 0(0B) LOS objects, 38% free, 25MB/41MB, paused 302us total 32.842ms
08-04 13:01:15.816  8104  8116 I art     : Starting a blocking GC Explicit
08-04 13:01:15.848  8104  8116 I art     : Explicit concurrent mark sweep GC freed 3(96B) AllocSpace objects, 0(0B) LOS objects, 38% free, 25MB/41MB, paused 230us total 31.256ms
08-04 13:01:15.945 24365  7398 I NetworkScheduler.Stats: Task com.google.android.gms/com.google.android.gms.icing.service.IcingGcmTaskService started execution. cause:4 exec_start_elapsed_seconds: 1692679 [CONTEXT service_id=218 ]
08-04 13:01:15.962 24365  7397 I NetworkScheduler.Stats: Task com.google.android.gms/com.google.android.gms.icing.service.IcingGcmTaskService finished executing. cause:4 result: 1 elapsed_millis: 45 uptime_millis: 46 exec_start_elapsed_seconds: 1692679 [CONTEXT service_id=218 ]
08-04 13:01:16.129  8104  8117 I art     : Starting a blocking GC Explicit
08-04 13:01:16.171  8104  8117 I art     : Explicit concurrent mark sweep GC freed 1343(80KB) AllocSpace objects, 1(20KB) LOS objects, 38% free, 25MB/41MB, paused 266us total 41.951ms
08-04 13:01:16.188  8104  8117 I art     : Starting a blocking GC Explicit
08-04 13:01:16.220  8104  8117 I art     : Explicit concurrent mark sweep GC freed 20(704B) AllocSpace objects, 0(0B) LOS objects, 38% free, 25MB/41MB, paused 236us total 32.565ms
08-04 13:01:16.234  8104  8117 I art     : Starting a blocking GC Explicit
08-04 13:01:16.268  8104  8117 I art     : Explicit concurrent mark sweep GC freed 3(96B) AllocSpace objects, 0(0B) LOS objects, 38% free, 25MB/41MB, paused 241us total 33.219ms
08-04 13:01:16.281  8104  8117 I art     : Starting a blocking GC Explicit
08-04 13:01:16.312  8104  8117 I art     : Explicit concurrent mark sweep GC freed 3(96B) AllocSpace objects, 0(0B) LOS objects, 38% free, 25MB/41MB, paused 216us total 30.040ms
08-04 13:01:16.324  8104  8117 I art     : Starting a blocking GC Explicit
08-04 13:01:16.355  8104  8117 I art     : Explicit concurrent mark sweep GC freed 3(96B) AllocSpace objects, 0(0B) LOS objects, 38% free, 25MB/41MB, paused 232us total 30.792ms
08-04 13:01:16.451 13866 13882 I PeriodicStatsRunner: PeriodicStatsRunner.call():175 call()
08-04 13:01:16.451 13866 13882 I PeriodicStatsRunner: PeriodicStatsRunner.call():179 No submit PeriodicStats since input started.
08-04 13:01:16.580  3644  3644 I ServiceManager: Waiting for service AtCmdFwd...
08-04 13:01:16.665  8104  8126 I art     : Starting a blocking GC Explicit
08-04 13:01:16.707  8104  8126 I art     : Explicit concurrent mark sweep GC freed 1345(80KB) AllocSpace objects, 1(20KB) LOS objects, 38% free, 25MB/41MB, paused 258us total 41.815ms
08-04 13:01:16.709  8104  8114 I art     : WaitForGcToComplete blocked for 20.083ms for cause HeapTrim
08-04 13:01:16.726  8104  8126 I art     : Starting a blocking GC Explicit
08-04 13:01:16.759  8104  8126 I art     : Explicit concurrent mark sweep GC freed 20(704B) AllocSpace objects, 0(0B) LOS objects, 38% free, 25MB/41MB, paused 238us total 32.844ms
08-04 13:01:16.773  8104  8126 I art     : Starting a blocking GC Explicit
08-04 13:01:16.806  8104  8126 I art     : Explicit concurrent mark sweep GC freed 3(96B) AllocSpace objects, 0(0B) LOS objects, 38% free, 25MB/41MB, paused 230us total 32.848ms
08-04 13:01:16.819  8104  8126 I art     : Starting a blocking GC Explicit
08-04 13:01:16.852  8104  8126 I art     : Explicit concurrent mark sweep GC freed 3(96B) AllocSpace objects, 0(0B) LOS objects, 38% free, 25MB/41MB, paused 228us total 32.415ms
08-04 13:01:16.866  8104  8126 I art     : Starting a blocking GC Explicit
08-04 13:01:16.898  8104  8126 I art     : Explicit concurrent mark sweep GC freed 3(96B) AllocSpace objects, 0(0B) LOS objects, 38% free, 25MB/41MB, paused 231us total 32.010ms
08-04 13:01:17.203  8104  8397 I art     : Starting a blocking GC Explicit
08-04 13:01:17.244  8104  8397 I art     : Explicit concurrent mark sweep GC freed 1343(80KB) AllocSpace objects, 1(20KB) LOS objects, 38% free, 25MB/41MB, paused 255us total 40.551ms
08-04 13:01:17.262  8104  8397 I art     : Starting a blocking GC Explicit
08-04 13:01:17.298  8104  8397 I art     : Explicit concurrent mark sweep GC freed 20(704B) AllocSpace objects, 0(0B) LOS objects, 38% free, 25MB/41MB, paused 245us total 35.620ms
08-04 13:01:17.311  8104  8397 I art     : Starting a blocking GC Explicit
08-04 13:01:17.343  8104  8397 I art     : Explicit concurrent mark sweep GC freed 3(96B) AllocSpace objects, 0(0B) LOS objects, 38% free, 25MB/41MB, paused 233us total 31.554ms
08-04 13:01:17.357  8104  8397 I art     : Starting a blocking GC Explicit
08-04 13:01:17.389  8104  8397 I art     : Explicit concurrent mark sweep GC freed 3(96B) AllocSpace objects, 0(0B) LOS objects, 38% free, 25MB/41MB, paused 236us total 32.260ms
08-04 13:01:17.403  8104  8397 I art     : Starting a blocking GC Explicit
08-04 13:01:17.434  8104  8397 I art     : Explicit concurrent mark sweep GC freed 3(96B) AllocSpace objects, 0(0B) LOS objects, 38% free, 25MB/41MB, paused 223us total 30.994ms
08-04 13:01:17.581  3644  3644 I ServiceManager: Waiting for service AtCmdFwd...
08-04 13:01:17.737  8104  8116 I art     : Starting a blocking GC Explicit
08-04 13:01:17.770  8104  8116 I art     : Explicit concurrent mark sweep GC freed 1343(80KB) AllocSpace objects, 1(20KB) LOS objects, 38% free, 25MB/41MB, paused 246us total 32.485ms
08-04 13:01:17.784  8104  8116 I art     : Starting a blocking GC Explicit
08-04 13:01:17.815  8104  8116 I art     : Explicit concurrent mark sweep GC freed 20(704B) AllocSpace objects, 0(0B) LOS objects, 38% free, 25MB/41MB, paused 231us total 31.394ms
08-04 13:01:17.829  8104  8116 I art     : Starting a blocking GC Explicit
08-04 13:01:17.857  9308  9308 D AndroidRuntime: >>>>>> START com.android.internal.os.RuntimeInit uid 2000 <<<<<<
08-04 13:01:17.859  8104  8116 I art     : Explicit concurrent mark sweep GC freed 3(96B) AllocSpace objects, 0(0B) LOS objects, 38% free, 25MB/41MB, paused 253us total 30.502ms
08-04 13:01:17.863  9308  9308 D AndroidRuntime: CheckJNI is OFF
08-04 13:01:17.873  8104  8116 I art     : Starting a blocking GC Explicit
08-04 13:01:17.897  9308  9308 D ICU     : No timezone override file found: /data/misc/zoneinfo/current/icu/icu_tzdata.dat
08-04 13:01:17.903  8104  8116 I art     : Explicit concurrent mark sweep GC freed 3(96B) AllocSpace objects, 0(0B) LOS objects, 38% free, 25MB/41MB, paused 237us total 30.032ms
08-04 13:01:17.916  8104  8116 I art     : Starting a blocking GC Explicit
08-04 13:01:17.932  9308  9308 I Radio-JNI: register_android_hardware_Radio DONE
08-04 13:01:17.946  8104  8116 I art     : Explicit concurrent mark sweep GC freed 3(96B) AllocSpace objects, 0(0B) LOS objects, 38% free, 25MB/41MB, paused 217us total 30.229ms
08-04 13:01:17.955  9308  9308 D AndroidRuntime: Calling main entry com.android.commands.input.Input
08-04 13:01:17.957  9308  9308 I Input   : injectKeyEvent: KeyEvent { action=ACTION_DOWN, keyCode=KEYCODE_BACK, scanCode=0, metaState=0, flags=0x0, repeatCount=0, eventTime=709294370, downTime=709294370, deviceId=-1, source=0x101 }
08-04 13:01:17.962  9308  9308 I Input   : injectKeyEvent: KeyEvent { action=ACTION_UP, keyCode=KEYCODE_BACK, scanCode=0, metaState=0, flags=0x0, repeatCount=0, eventTime=709294370, downTime=709294370, deviceId=-1, source=0x101 }
08-04 13:01:17.969  9308  9308 D AndroidRuntime: Shutting down VM
08-04 13:01:18.051 13866 13866 I GoogleInputMethodServic: GoogleInputMethodService.onFinishInput():3138 
08-04 13:01:18.051 13866 13866 I GoogleInputMethodServic: GoogleInputMethodService.onStartInput():1808 
08-04 13:01:18.137   518   646 I ThermalEngine: ACTION: GPU - Setting GPU[0] to 600000000
08-04 13:01:18.185  8104  8116 I art     : Starting a blocking GC Explicit
08-04 13:01:18.223  8104  8116 I art     : Explicit concurrent mark sweep GC freed 1587(88KB) AllocSpace objects, 1(20KB) LOS objects, 38% free, 25MB/41MB, paused 180us total 38.472ms
08-04 13:01:18.236  8104  8116 I art     : Starting a blocking GC Explicit
08-04 13:01:18.270  8104  8116 I art     : Explicit concurrent mark sweep GC freed 42(1536B) AllocSpace objects, 0(0B) LOS objects, 38% free, 25MB/41MB, paused 198us total 34.031ms
08-04 13:01:18.283  8104  8116 I art     : Starting a blocking GC Explicit
08-04 13:01:18.310 13866 13882 I PeriodicStatsRunner: PeriodicStatsRunner.call():175 call()
08-04 13:01:18.310 13866 13882 I PeriodicStatsRunner: PeriodicStatsRunner.call():179 No submit PeriodicStats since input started.
08-04 13:01:18.317  8104  8116 I art     : Explicit concurrent mark sweep GC freed 3(96B) AllocSpace objects, 0(0B) LOS objects, 38% free, 25MB/41MB, paused 237us total 33.764ms
08-04 13:01:18.332  8104  8116 I art     : Starting a blocking GC Explicit
08-04 13:01:18.365  8104  8116 I art     : Explicit concurrent mark sweep GC freed 3(96B) AllocSpace objects, 0(0B) LOS objects, 38% free, 25MB/41MB, paused 174us total 32.599ms
08-04 13:01:18.376  8104  8116 I art     : Starting a blocking GC Explicit
08-04 13:01:18.378   380   380 W SurfaceFlinger: couldn't log to binary event log: overflow.
08-04 13:01:18.403  8104  8116 I art     : Explicit concurrent mark sweep GC freed 54(2032B) AllocSpace objects, 0(0B) LOS objects, 38% free, 25MB/41MB, paused 163us total 26.302ms
08-04 13:01:18.582  3644  3644 W Atfwd_Sendcmd: AtCmdFwd service not published, waiting... retryCnt : 5
08-04 13:01:18.682  8104  8126 I art     : Starting a blocking GC Explicit
08-04 13:01:18.722  8104  8126 I art     : Explicit concurrent mark sweep GC freed 1453(86KB) AllocSpace objects, 1(20KB) LOS objects, 38% free, 25MB/41MB, paused 226us total 39.353ms
08-04 13:01:18.736  8104  8126 I art     : Starting a blocking GC Explicit
08-04 13:01:18.762  8104  8126 I art     : Explicit concurrent mark sweep GC freed 3746(304KB) AllocSpace objects, 5(140KB) LOS objects, 39% free, 24MB/40MB, paused 180us total 26.713ms
08-04 13:01:18.773  8104  8126 I art     : Starting a blocking GC Explicit
08-04 13:01:18.798  8104  8126 I art     : Explicit concurrent mark sweep GC freed 3(96B) AllocSpace objects, 0(0B) LOS objects, 39% free, 24MB/40MB, paused 182us total 25.010ms
08-04 13:01:18.809  8104  8126 I art     : Starting a blocking GC Explicit
08-04 13:01:18.834  8104  8126 I art     : Explicit concurrent mark sweep GC freed 3(96B) AllocSpace objects, 0(0B) LOS objects, 39% free, 24MB/40MB, paused 173us total 24.330ms
08-04 13:01:18.844  8104  8126 I art     : Starting a blocking GC Explicit
08-04 13:01:18.868  8104  8126 I art     : Explicit concurrent mark sweep GC freed 3(96B) AllocSpace objects, 0(0B) LOS objects, 39% free, 24MB/40MB, paused 174us total 24.488ms
08-04 13:01:19.141   518   646 I ThermalEngine: ACTION: GPU - Setting GPU[0] to 510000000
08-04 13:01:19.155  8104  8397 I art     : Starting a blocking GC Explicit
08-04 13:01:19.198  8104  8397 I art     : Explicit concurrent mark sweep GC freed 1343(80KB) AllocSpace objects, 1(20KB) LOS objects, 39% free, 24MB/40MB, paused 299us total 41.860ms
08-04 13:01:19.219  8104  8397 I art     : Starting a blocking GC Explicit
08-04 13:01:19.247  8104  8397 I art     : Explicit concurrent mark sweep GC freed 20(704B) AllocSpace objects, 0(0B) LOS objects, 39% free, 24MB/40MB, paused 291us total 27.927ms
08-04 13:01:19.260  8104  8397 I art     : Starting a blocking GC Explicit
08-04 13:01:19.288  8104  8397 I art     : Explicit concurrent mark sweep GC freed 3(96B) AllocSpace objects, 0(0B) LOS objects, 39% free, 24MB/40MB, paused 238us total 28.155ms
08-04 13:01:19.301  8104  8397 I art     : Starting a blocking GC Explicit
08-04 13:01:19.330  8104  8397 I art     : Explicit concurrent mark sweep GC freed 3(96B) AllocSpace objects, 0(0B) LOS objects, 39% free, 24MB/40MB, paused 242us total 29.630ms
08-04 13:01:19.343  8104  8397 I art     : Starting a blocking GC Explicit
08-04 13:01:19.373  8104  8397 I art     : Explicit concurrent mark sweep GC freed 3(96B) AllocSpace objects, 0(0B) LOS objects, 39% free, 24MB/40MB, paused 229us total 29.070ms
08-04 13:01:19.622  9362  9362 D AndroidRuntime: >>>>>> START com.android.internal.os.RuntimeInit uid 2000 <<<<<<
08-04 13:01:19.627  9362  9362 D AndroidRuntime: CheckJNI is OFF
08-04 13:01:19.638  8104  8117 I art     : Starting a blocking GC Explicit
08-04 13:01:19.664  9362  9362 D ICU     : No timezone override file found: /data/misc/zoneinfo/current/icu/icu_tzdata.dat
08-04 13:01:19.669  8104  8117 I art     : Explicit concurrent mark sweep GC freed 1343(80KB) AllocSpace objects, 1(20KB) LOS objects, 39% free, 24MB/40MB, paused 251us total 30.960ms
08-04 13:01:19.683  8104  8117 I art     : Starting a blocking GC Explicit
08-04 13:01:19.698  9362  9362 I Radio-JNI: register_android_hardware_Radio DONE
08-04 13:01:19.710  8104  8117 I art     : Explicit concurrent mark sweep GC freed 20(704B) AllocSpace objects, 0(0B) LOS objects, 39% free, 24MB/40MB, paused 231us total 26.775ms
08-04 13:01:19.720  9362  9362 D AndroidRuntime: Calling main entry com.android.commands.input.Input
08-04 13:01:19.721  9362  9362 I Input   : injectMotionEvent: MotionEvent { action=ACTION_DOWN, actionButton=0, id[0]=0, x[0]=600.0, y[0]=700.0, toolType[0]=TOOL_TYPE_UNKNOWN, buttonState=0, metaState=0, flags=0x0, edgeFlags=0x0, pointerCount=1, historySize=0, eventTime=709296134, downTime=709296134, deviceId=0, source=0x1002 }
08-04 13:01:19.722  8104  8117 I art     : Starting a blocking GC Explicit
08-04 13:01:19.727  9362  9362 I Input   : injectMotionEvent: MotionEvent { action=ACTION_UP, actionButton=0, id[0]=0, x[0]=600.0, y[0]=700.0, toolType[0]=TOOL_TYPE_UNKNOWN, buttonState=0, metaState=0, flags=0x0, edgeFlags=0x0, pointerCount=1, historySize=0, eventTime=709296134, downTime=709296134, deviceId=0, source=0x1002 }
08-04 13:01:19.728  9362  9362 D AndroidRuntime: Shutting down VM
08-04 13:01:19.733   512  2967 D audio_hw_primary: out_set_parameters: enter: usecase(1: low-latency-playback) kvpairs: routing=2
08-04 13:01:19.737   918  4400 I ActivityManager: START u0 {dat=https://oauth.reddit.com/... cmp=baseline.org.quantumbadger.redreader/.activities.CommentListingActivity} from uid 10666 on display 0
08-04 13:01:19.746   512  2967 D audio_hw_primary: select_devices: out_snd_device(2: speaker) in_snd_device(0: none)
08-04 13:01:19.746   512  2967 D msm8974_platform: platform_send_audio_calibration: sending audio calibration for snd_device(2) acdb_id(15)
08-04 13:01:19.746   512  2967 I soundtrigger: audio_extn_sound_trigger_update_device_status: device 0x2 of type 0 for Event 1
08-04 13:01:19.750  8104  8117 I art     : Explicit concurrent mark sweep GC freed 244(9KB) AllocSpace objects, 0(0B) LOS objects, 39% free, 24MB/40MB, paused 354us total 27.608ms
08-04 13:01:19.758   512  2967 D audio_hw_primary: enable_snd_device: snd_device(2: speaker)
08-04 13:01:19.760   512  2967 D audio_hw_primary: enable_audio_route: apply and update mixer path: low-latency-playback speaker
08-04 13:01:19.764  8104  8117 I art     : Starting a blocking GC Explicit
08-04 13:01:19.770  8104  8104 I AppCompatViewInflater: app:theme is now deprecated. Please move to using android:theme instead.
08-04 13:01:19.784  8104  8669 I CommentListingActivity: COMMENTS session changed to 0255a14e-b5c9-4809-9984-dcd4f6b28de3
08-04 13:01:19.793  8104  8117 I art     : Explicit concurrent mark sweep GC freed 2038(182KB) AllocSpace objects, 0(0B) LOS objects, 38% free, 25MB/41MB, paused 640us total 28.815ms
08-04 13:01:19.805  8104  8117 I art     : Starting a blocking GC Explicit
08-04 13:01:19.839  8104  8117 I art     : Explicit concurrent mark sweep GC freed 7908(546KB) AllocSpace objects, 1(16KB) LOS objects, 37% free, 26MB/42MB, paused 924us total 33.421ms
08-04 13:01:19.862   918   936 I ActivityManager: Displayed baseline.org.quantumbadger.redreader/.activities.CommentListingActivity: +116ms
08-04 13:01:19.881 13866 13866 I GoogleInputMethodServic: GoogleInputMethodService.onFinishInput():3138 
08-04 13:01:19.883 13866 13866 I GoogleInputMethodServic: GoogleInputMethodService.onStartInput():1808 
08-04 13:01:20.084  8104  8397 I art     : Starting a blocking GC Explicit
08-04 13:01:20.098   380   380 W SurfaceFlinger: couldn't log to binary event log: overflow.
08-04 13:01:20.134  8104  8397 I art     : Explicit concurrent mark sweep GC freed 55373(3MB) AllocSpace objects, 3(56KB) LOS objects, 36% free, 27MB/43MB, paused 236us total 49.501ms
08-04 13:01:20.148  8104  8397 I art     : Starting a blocking GC Explicit
08-04 13:01:20.186  8104  8397 I art     : Explicit concurrent mark sweep GC freed 124(6KB) AllocSpace objects, 0(0B) LOS objects, 36% free, 27MB/43MB, paused 214us total 37.135ms
08-04 13:01:20.200  8104  8397 I art     : Starting a blocking GC Explicit
08-04 13:01:20.242  8104  8397 I art     : Explicit concurrent mark sweep GC freed 88(3008B) AllocSpace objects, 0(0B) LOS objects, 36% free, 27MB/43MB, paused 238us total 41.827ms
08-04 13:01:20.259  8104  8397 I art     : Starting a blocking GC Explicit
08-04 13:01:20.299   512  2967 D audio_hw_primary: disable_audio_route: reset and update mixer path: low-latency-playback speaker
08-04 13:01:20.299  8104  8397 I art     : Explicit concurrent mark sweep GC freed 15(496B) AllocSpace objects, 0(0B) LOS objects, 36% free, 27MB/43MB, paused 233us total 39.683ms
08-04 13:01:20.301   512  2967 D audio_hw_primary: disable_snd_device: snd_device(2: speaker)
08-04 13:01:20.309   512  2967 I soundtrigger: audio_extn_sound_trigger_update_device_status: device 0x2 of type 0 for Event 0
08-04 13:01:20.316  8104  8397 I art     : Starting a blocking GC Explicit
08-04 13:01:20.357  8104  8397 I art     : Explicit concurrent mark sweep GC freed 3(96B) AllocSpace objects, 0(0B) LOS objects, 36% free, 27MB/43MB, paused 227us total 40.476ms
08-04 13:01:20.643  8104  8117 I art     : Starting a blocking GC Explicit
08-04 13:01:20.689  8104  8117 I art     : Explicit concurrent mark sweep GC freed 1343(80KB) AllocSpace objects, 1(20KB) LOS objects, 36% free, 27MB/43MB, paused 223us total 45.908ms
08-04 13:01:20.705  8104  8117 I art     : Starting a blocking GC Explicit
08-04 13:01:20.748  8104  8117 I art     : Explicit concurrent mark sweep GC freed 20(704B) AllocSpace objects, 0(0B) LOS objects, 36% free, 27MB/43MB, paused 326us total 42.999ms
08-04 13:01:20.763  8104  8117 I art     : Starting a blocking GC Explicit
08-04 13:01:20.804  8104  8117 I art     : Explicit concurrent mark sweep GC freed 3(96B) AllocSpace objects, 0(0B) LOS objects, 36% free, 27MB/43MB, paused 262us total 40.823ms
08-04 13:01:20.819  8104  8117 I art     : Starting a blocking GC Explicit
08-04 13:01:20.862  8104  8117 I art     : Explicit concurrent mark sweep GC freed 49(1920B) AllocSpace objects, 0(0B) LOS objects, 36% free, 27MB/43MB, paused 244us total 42.879ms
08-04 13:01:20.877  8104  8117 I art     : Starting a blocking GC Explicit
08-04 13:01:20.922  8104  8117 I art     : Explicit concurrent mark sweep GC freed 3(96B) AllocSpace objects, 0(0B) LOS objects, 36% free, 27MB/43MB, paused 238us total 44.183ms
08-04 13:01:21.203  8104  8397 I art     : Starting a blocking GC Explicit
08-04 13:01:21.259  8104  8397 I art     : Explicit concurrent mark sweep GC freed 1343(80KB) AllocSpace objects, 1(20KB) LOS objects, 36% free, 27MB/43MB, paused 275us total 55.761ms
08-04 13:01:21.279  8104  8397 I art     : Starting a blocking GC Explicit
08-04 13:01:21.325  8104  8397 I art     : Explicit concurrent mark sweep GC freed 20(704B) AllocSpace objects, 0(0B) LOS objects, 36% free, 27MB/43MB, paused 246us total 44.932ms
08-04 13:01:21.340  8104  8397 I art     : Starting a blocking GC Explicit
08-04 13:01:21.385  8104  8397 I art     : Explicit concurrent mark sweep GC freed 3(96B) AllocSpace objects, 0(0B) LOS objects, 36% free, 27MB/43MB, paused 227us total 44.904ms
08-04 13:01:21.401  8104  8397 I art     : Starting a blocking GC Explicit
08-04 13:01:21.445  8104  8397 I art     : Explicit concurrent mark sweep GC freed 3(96B) AllocSpace objects, 0(0B) LOS objects, 36% free, 27MB/43MB, paused 241us total 43.223ms
08-04 13:01:21.460  8104  8397 I art     : Starting a blocking GC Explicit
08-04 13:01:21.504  8104  8397 I art     : Explicit concurrent mark sweep GC freed 3(96B) AllocSpace objects, 0(0B) LOS objects, 36% free, 27MB/43MB, paused 256us total 44.003ms
08-04 13:01:21.819  8104  8126 I art     : Starting a blocking GC Explicit
08-04 13:01:21.878  8104  8126 I art     : Explicit concurrent mark sweep GC freed 1343(80KB) AllocSpace objects, 1(20KB) LOS objects, 36% free, 27MB/43MB, paused 362us total 58.462ms
08-04 13:01:21.897  8104  8126 I art     : Starting a blocking GC Explicit
08-04 13:01:21.941  8104  8126 I art     : Explicit concurrent mark sweep GC freed 20(704B) AllocSpace objects, 0(0B) LOS objects, 36% free, 27MB/43MB, paused 240us total 44.167ms
08-04 13:01:21.957  8104  8126 I art     : Starting a blocking GC Explicit
08-04 13:01:22.002  8104  8126 I art     : Explicit concurrent mark sweep GC freed 3(96B) AllocSpace objects, 0(0B) LOS objects, 36% free, 27MB/43MB, paused 246us total 44.550ms
08-04 13:01:22.018  8104  8126 I art     : Starting a blocking GC Explicit
08-04 13:01:22.063  8104  8126 I art     : Explicit concurrent mark sweep GC freed 3(96B) AllocSpace objects, 0(0B) LOS objects, 36% free, 27MB/43MB, paused 239us total 45.430ms
08-04 13:01:22.079  8104  8126 I art     : Starting a blocking GC Explicit
08-04 13:01:22.124  8104  8126 I art     : Explicit concurrent mark sweep GC freed 3(96B) AllocSpace objects, 0(0B) LOS objects, 36% free, 27MB/43MB, paused 242us total 44.575ms
08-04 13:01:22.455  8104  8116 I art     : Starting a blocking GC Explicit
08-04 13:01:22.514  8104  8116 I art     : Explicit concurrent mark sweep GC freed 1343(80KB) AllocSpace objects, 1(20KB) LOS objects, 36% free, 27MB/43MB, paused 315us total 58.372ms
08-04 13:01:22.531  8104  8116 I art     : Starting a blocking GC Explicit
08-04 13:01:22.576  8104  8116 I art     : Explicit concurrent mark sweep GC freed 20(704B) AllocSpace objects, 0(0B) LOS objects, 36% free, 27MB/43MB, paused 229us total 45.045ms
08-04 13:01:22.578   918  3261 D WifiStateMachine: starting scan for "H369AA63323"WPA_PSK with 2412,5180
08-04 13:01:22.592  8104  8116 I art     : Starting a blocking GC Explicit
08-04 13:01:22.635  8104  8116 I art     : Explicit concurrent mark sweep GC freed 3(96B) AllocSpace objects, 0(0B) LOS objects, 36% free, 27MB/43MB, paused 256us total 42.937ms
08-04 13:01:22.651  8104  8116 I art     : Starting a blocking GC Explicit
08-04 13:01:22.695  8104  8116 I art     : Explicit concurrent mark sweep GC freed 3(96B) AllocSpace objects, 0(0B) LOS objects, 36% free, 27MB/43MB, paused 245us total 44.111ms
08-04 13:01:22.711  8104  8116 I art     : Starting a blocking GC Explicit
08-04 13:01:22.756  8104  8116 I art     : Explicit concurrent mark sweep GC freed 3(96B) AllocSpace objects, 0(0B) LOS objects, 36% free, 27MB/43MB, paused 250us total 45.479ms
08-04 13:01:23.051 13866 13882 I PeriodicStatsRunner: PeriodicStatsRunner.call():175 call()
08-04 13:01:23.052 13866 13882 I PeriodicStatsRunner: PeriodicStatsRunner.call():179 No submit PeriodicStats since input started.
08-04 13:01:23.080  8104  8117 I art     : Starting a blocking GC Explicit
08-04 13:01:23.140  8104  8117 I art     : Explicit concurrent mark sweep GC freed 1343(80KB) AllocSpace objects, 1(20KB) LOS objects, 36% free, 27MB/43MB, paused 267us total 59.767ms
08-04 13:01:23.158  8104  8117 I art     : Starting a blocking GC Explicit
08-04 13:01:23.203  8104  8117 I art     : Explicit concurrent mark sweep GC freed 20(704B) AllocSpace objects, 0(0B) LOS objects, 36% free, 27MB/43MB, paused 255us total 45.035ms
08-04 13:01:23.219  8104  8117 I art     : Starting a blocking GC Explicit
08-04 13:01:23.263  8104  8117 I art     : Explicit concurrent mark sweep GC freed 3(96B) AllocSpace objects, 0(0B) LOS objects, 36% free, 27MB/43MB, paused 243us total 43.917ms
08-04 13:01:23.279  8104  8117 I art     : Starting a blocking GC Explicit
08-04 13:01:23.322  8104  8117 I art     : Explicit concurrent mark sweep GC freed 3(96B) AllocSpace objects, 0(0B) LOS objects, 36% free, 27MB/43MB, paused 249us total 43.546ms
08-04 13:01:23.338  8104  8117 I art     : Starting a blocking GC Explicit
08-04 13:01:23.383  8104  8117 I art     : Explicit concurrent mark sweep GC freed 3(96B) AllocSpace objects, 0(0B) LOS objects, 36% free, 27MB/43MB, paused 242us total 45.375ms
08-04 13:01:23.692  8104  8397 I art     : Starting a blocking GC Explicit
08-04 13:01:23.744  8104  8397 I art     : Explicit concurrent mark sweep GC freed 1345(80KB) AllocSpace objects, 1(20KB) LOS objects, 36% free, 27MB/43MB, paused 279us total 51.345ms
08-04 13:01:23.761  8104  8397 I art     : Starting a blocking GC Explicit
08-04 13:01:23.807  8104  8397 I art     : Explicit concurrent mark sweep GC freed 20(704B) AllocSpace objects, 0(0B) LOS objects, 36% free, 27MB/43MB, paused 253us total 45.141ms
08-04 13:01:23.822  8104  8397 I art     : Starting a blocking GC Explicit
08-04 13:01:23.868  8104  8397 I art     : Explicit concurrent mark sweep GC freed 3(96B) AllocSpace objects, 0(0B) LOS objects, 36% free, 27MB/43MB, paused 255us total 45.159ms
08-04 13:01:23.883  8104  8397 I art     : Starting a blocking GC Explicit
08-04 13:01:23.929  8104  8397 I art     : Explicit concurrent mark sweep GC freed 3(96B) AllocSpace objects, 0(0B) LOS objects, 36% free, 27MB/43MB, paused 245us total 44.983ms
08-04 13:01:23.944  8104  8397 I art     : Starting a blocking GC Explicit
08-04 13:01:23.989  8104  8397 I art     : Explicit concurrent mark sweep GC freed 3(96B) AllocSpace objects, 0(0B) LOS objects, 36% free, 27MB/43MB, paused 237us total 44.195ms
08-04 13:01:24.260  8104  8126 I art     : Starting a blocking GC Explicit
08-04 13:01:24.305  8104  8126 I art     : Explicit concurrent mark sweep GC freed 1343(80KB) AllocSpace objects, 1(20KB) LOS objects, 36% free, 27MB/43MB, paused 245us total 45.019ms
08-04 13:01:24.321  8104  8126 I art     : Starting a blocking GC Explicit
08-04 13:01:24.362  8104  8126 I art     : Explicit concurrent mark sweep GC freed 20(704B) AllocSpace objects, 0(0B) LOS objects, 36% free, 27MB/43MB, paused 277us total 40.094ms
08-04 13:01:24.377  8104  8126 I art     : Starting a blocking GC Explicit
08-04 13:01:24.417  9458  9458 D AndroidRuntime: >>>>>> START com.android.internal.os.RuntimeInit uid 2000 <<<<<<
08-04 13:01:24.419  8104  8126 I art     : Explicit concurrent mark sweep GC freed 3(96B) AllocSpace objects, 0(0B) LOS objects, 36% free, 27MB/43MB, paused 241us total 41.911ms
08-04 13:01:24.422  9458  9458 D AndroidRuntime: CheckJNI is OFF
08-04 13:01:24.434  8104  8126 I art     : Starting a blocking GC Explicit
08-04 13:01:24.458  9458  9458 D ICU     : No timezone override file found: /data/misc/zoneinfo/current/icu/icu_tzdata.dat
08-04 13:01:24.476  8104  8126 I art     : Explicit concurrent mark sweep GC freed 3(96B) AllocSpace objects, 0(0B) LOS objects, 36% free, 27MB/43MB, paused 244us total 41.180ms
08-04 13:01:24.491  8104  8126 I art     : Starting a blocking GC Explicit
08-04 13:01:24.493  9458  9458 I Radio-JNI: register_android_hardware_Radio DONE
08-04 13:01:24.515  9458  9458 D AndroidRuntime: Calling main entry com.android.commands.input.Input
08-04 13:01:24.516  9458  9458 I Input   : injectKeyEvent: KeyEvent { action=ACTION_DOWN, keyCode=KEYCODE_BACK, scanCode=0, metaState=0, flags=0x0, repeatCount=0, eventTime=709300929, downTime=709300929, deviceId=-1, source=0x101 }
08-04 13:01:24.522  9458  9458 I Input   : injectKeyEvent: KeyEvent { action=ACTION_UP, keyCode=KEYCODE_BACK, scanCode=0, metaState=0, flags=0x0, repeatCount=0, eventTime=709300929, downTime=709300929, deviceId=-1, source=0x101 }
08-04 13:01:24.529  9458  9458 D AndroidRuntime: Shutting down VM
08-04 13:01:24.532  8104  8126 I art     : Explicit concurrent mark sweep GC freed 14(496B) AllocSpace objects, 0(0B) LOS objects, 36% free, 27MB/43MB, paused 288us total 40.740ms
08-04 13:01:24.561 13866 13866 I GoogleInputMethodServic: GoogleInputMethodService.onFinishInput():3138 
08-04 13:01:24.562 13866 13866 I GoogleInputMethodServic: GoogleInputMethodService.onStartInput():1808 
08-04 13:01:24.747  8104  9387 I RedditChangeDataIO: Writing tmp data file at '/data/user/0/baseline.org.quantumbadger.redreader/files/rr_change_data_tmp.dat'
08-04 13:01:24.747  8104  9387 I RedditChangeDataManager: Taking snapshot...
08-04 13:01:24.748  8104  9387 I RedditChangeDataManager: Writing to stream...
08-04 13:01:24.748  8104  9387 I RedditChangeDataManager: Wrote 3 entries for user ''
08-04 13:01:24.748  8104  9387 I RedditChangeDataManager: All entries written to stream.
08-04 13:01:24.748  8104  9387 I RedditChangeDataIO: Write successful. Atomically replacing data file...
08-04 13:01:24.748  8104  9387 I RedditChangeDataIO: Write complete.
08-04 13:01:24.748  8104  9387 I RedditChangeDataIO: 86 bytes written in 1 ms
08-04 13:01:24.797  8104  8117 I art     : Starting a blocking GC Explicit
08-04 13:01:24.852  8104  8117 I art     : Explicit concurrent mark sweep GC freed 1654(93KB) AllocSpace objects, 2(88KB) LOS objects, 36% free, 27MB/43MB, paused 218us total 54.838ms
08-04 13:01:24.872  8104  8117 I art     : Starting a blocking GC Explicit
08-04 13:01:24.883 13866 13882 I PeriodicStatsRunner: PeriodicStatsRunner.call():175 call()
08-04 13:01:24.883 13866 13882 I PeriodicStatsRunner: PeriodicStatsRunner.call():179 No submit PeriodicStats since input started.
08-04 13:01:24.885   380   380 W SurfaceFlinger: couldn't log to binary event log: overflow.
08-04 13:01:24.913  8104  8117 I art     : Explicit concurrent mark sweep GC freed 77(2848B) AllocSpace objects, 0(0B) LOS objects, 36% free, 27MB/43MB, paused 228us total 40.837ms
08-04 13:01:24.929  8104  8117 I art     : Starting a blocking GC Explicit
08-04 13:01:24.969  8104  8117 I art     : Explicit concurrent mark sweep GC freed 9(384B) AllocSpace objects, 0(0B) LOS objects, 36% free, 27MB/43MB, paused 302us total 40.276ms
08-04 13:01:24.984  8104  8117 I art     : Starting a blocking GC Explicit
08-04 13:01:25.019  8104  8117 I art     : Explicit concurrent mark sweep GC freed 46758(2MB) AllocSpace objects, 5(140KB) LOS objects, 39% free, 24MB/40MB, paused 232us total 34.933ms
08-04 13:01:25.033  8104  8117 I art     : Starting a blocking GC Explicit
08-04 13:01:25.064  8104  8117 I art     : Explicit concurrent mark sweep GC freed 3(96B) AllocSpace objects, 0(0B) LOS objects, 39% free, 24MB/40MB, paused 243us total 31.015ms
08-04 13:01:25.359  8104  8126 I art     : Starting a blocking GC Explicit
08-04 13:01:25.400  8104  8126 I art     : Explicit concurrent mark sweep GC freed 1343(80KB) AllocSpace objects, 1(20KB) LOS objects, 39% free, 24MB/40MB, paused 272us total 40.949ms
08-04 13:01:25.416  8104  8126 I art     : Starting a blocking GC Explicit
08-04 13:01:25.448  8104  8126 I art     : Explicit concurrent mark sweep GC freed 20(704B) AllocSpace objects, 0(0B) LOS objects, 39% free, 24MB/40MB, paused 235us total 31.297ms
08-04 13:01:25.461  8104  8126 I art     : Starting a blocking GC Explicit
08-04 13:01:25.493  8104  8126 I art     : Explicit concurrent mark sweep GC freed 3(96B) AllocSpace objects, 0(0B) LOS objects, 39% free, 24MB/40MB, paused 248us total 31.084ms
08-04 13:01:25.507  8104  8126 I art     : Starting a blocking GC Explicit
08-04 13:01:25.538  8104  8126 I art     : Explicit concurrent mark sweep GC freed 3(96B) AllocSpace objects, 0(0B) LOS objects, 39% free, 24MB/40MB, paused 292us total 30.920ms
08-04 13:01:25.551  8104  8126 I art     : Starting a blocking GC Explicit
08-04 13:01:25.582  8104  8126 I art     : Explicit concurrent mark sweep GC freed 3(96B) AllocSpace objects, 0(0B) LOS objects, 39% free, 24MB/40MB, paused 236us total 30.418ms
08-04 13:01:25.840  8104  8116 I art     : Starting a blocking GC Explicit
08-04 13:01:25.870  8104  8116 I art     : Explicit concurrent mark sweep GC freed 1343(80KB) AllocSpace objects, 1(20KB) LOS objects, 39% free, 24MB/40MB, paused 235us total 30.201ms
08-04 13:01:25.883  8104  8116 I art     : Starting a blocking GC Explicit
08-04 13:01:25.913  8104  8116 I art     : Explicit concurrent mark sweep GC freed 20(704B) AllocSpace objects, 0(0B) LOS objects, 39% free, 24MB/40MB, paused 238us total 29.489ms
08-04 13:01:25.926  8104  8116 I art     : Starting a blocking GC Explicit
08-04 13:01:25.956  8104  8116 I art     : Explicit concurrent mark sweep GC freed 3(96B) AllocSpace objects, 0(0B) LOS objects, 39% free, 24MB/40MB, paused 232us total 29.280ms
08-04 13:01:25.969  8104  8116 I art     : Starting a blocking GC Explicit
08-04 13:01:25.998  8104  8116 I art     : Explicit concurrent mark sweep GC freed 3(96B) AllocSpace objects, 0(0B) LOS objects, 39% free, 24MB/40MB, paused 230us total 28.795ms
08-04 13:01:26.011  8104  8116 I art     : Starting a blocking GC Explicit
08-04 13:01:26.040  8104  8116 I art     : Explicit concurrent mark sweep GC freed 3(96B) AllocSpace objects, 0(0B) LOS objects, 39% free, 24MB/40MB, paused 268us total 28.894ms
08-04 13:01:26.183  9507  9507 D AndroidRuntime: >>>>>> START com.android.internal.os.RuntimeInit uid 2000 <<<<<<
08-04 13:01:26.189  9507  9507 D AndroidRuntime: CheckJNI is OFF
08-04 13:01:26.226  9507  9507 D ICU     : No timezone override file found: /data/misc/zoneinfo/current/icu/icu_tzdata.dat
08-04 13:01:26.259  9507  9507 I Radio-JNI: register_android_hardware_Radio DONE
08-04 13:01:26.281  9507  9507 D AndroidRuntime: Calling main entry com.android.commands.input.Input
08-04 13:01:26.282  9507  9507 I Input   : injectKeyEvent: KeyEvent { action=ACTION_DOWN, keyCode=KEYCODE_BACK, scanCode=0, metaState=0, flags=0x0, repeatCount=0, eventTime=709302695, downTime=709302695, deviceId=-1, source=0x101 }
08-04 13:01:26.287  9507  9507 I Input   : injectKeyEvent: KeyEvent { action=ACTION_UP, keyCode=KEYCODE_BACK, scanCode=0, metaState=0, flags=0x0, repeatCount=0, eventTime=709302695, downTime=709302695, deviceId=-1, source=0x101 }
08-04 13:01:26.291  9507  9507 D AndroidRuntime: Shutting down VM
08-04 13:01:26.329  8104  8397 I art     : Starting a blocking GC Explicit
08-04 13:01:26.330 13866 13866 I GoogleInputMethodServic: GoogleInputMethodService.onFinishInput():3138 
08-04 13:01:26.330 13866 13866 I GoogleInputMethodServic: GoogleInputMethodService.onStartInput():1808 
08-04 13:01:26.359  8104  8397 I art     : Explicit concurrent mark sweep GC freed 1504(85KB) AllocSpace objects, 1(20KB) LOS objects, 39% free, 24MB/40MB, paused 260us total 29.549ms
08-04 13:01:26.372  8104  8397 I art     : Starting a blocking GC Explicit
08-04 13:01:26.400  8104  8397 I art     : Explicit concurrent mark sweep GC freed 42(1456B) AllocSpace objects, 0(0B) LOS objects, 39% free, 24MB/40MB, paused 256us total 28.224ms
08-04 13:01:26.412  8104  8397 I art     : Starting a blocking GC Explicit
08-04 13:01:26.439  8104  8397 I art     : Explicit concurrent mark sweep GC freed 3(96B) AllocSpace objects, 0(0B) LOS objects, 39% free, 24MB/40MB, paused 203us total 26.239ms
08-04 13:01:26.452  8104  8397 I art     : Starting a blocking GC Explicit
08-04 13:01:26.479  8104  8397 I art     : Explicit concurrent mark sweep GC freed 3(96B) AllocSpace objects, 0(0B) LOS objects, 39% free, 24MB/40MB, paused 207us total 27.653ms
08-04 13:01:26.492  8104  8397 I art     : Starting a blocking GC Explicit
08-04 13:01:26.520  8104  8397 I art     : Explicit concurrent mark sweep GC freed 3(96B) AllocSpace objects, 0(0B) LOS objects, 39% free, 24MB/40MB, paused 207us total 28.085ms
08-04 13:01:26.770  8104  8117 I art     : Starting a blocking GC Explicit
08-04 13:01:26.809  8104  8117 I art     : Explicit concurrent mark sweep GC freed 1404(82KB) AllocSpace objects, 1(20KB) LOS objects, 39% free, 24MB/40MB, paused 294us total 38.637ms
08-04 13:01:26.826  8104  8117 I art     : Starting a blocking GC Explicit
08-04 13:01:26.857  8104  8117 I art     : Explicit concurrent mark sweep GC freed 150(7KB) AllocSpace objects, 0(0B) LOS objects, 39% free, 24MB/40MB, paused 385us total 31.110ms
08-04 13:01:26.870  8104  8117 I art     : Starting a blocking GC Explicit
08-04 13:01:26.901  8104  8117 I art     : Explicit concurrent mark sweep GC freed 3(96B) AllocSpace objects, 0(0B) LOS objects, 39% free, 24MB/40MB, paused 254us total 30.651ms
08-04 13:01:26.901  8104  8114 I art     : WaitForGcToComplete blocked for 23.158ms for cause HeapTrim
08-04 13:01:26.915  8104  8117 I art     : Starting a blocking GC Explicit
08-04 13:01:26.947  8104  8117 I art     : Explicit concurrent mark sweep GC freed 3(96B) AllocSpace objects, 0(0B) LOS objects, 39% free, 24MB/40MB, paused 263us total 31.623ms
08-04 13:01:26.960  8104  8117 I art     : Starting a blocking GC Explicit
08-04 13:01:26.992  8104  8117 I art     : Explicit concurrent mark sweep GC freed 3(96B) AllocSpace objects, 0(0B) LOS objects, 39% free, 24MB/40MB, paused 247us total 31.515ms
08-04 13:01:27.101   918  3188 I hubconnection: sensorhub said: 'set_bias 3: -4.9536, 0.0000, 0.0000'
08-04 13:01:27.271  8104  8126 I art     : Starting a blocking GC Explicit
08-04 13:01:27.305  8104  8126 I art     : Explicit concurrent mark sweep GC freed 1343(80KB) AllocSpace objects, 1(20KB) LOS objects, 39% free, 24MB/40MB, paused 289us total 33.328ms
08-04 13:01:27.323  8104  8126 I art     : Starting a blocking GC Explicit
08-04 13:01:27.354  8104  8126 I art     : Explicit concurrent mark sweep GC freed 20(704B) AllocSpace objects, 0(0B) LOS objects, 39% free, 24MB/40MB, paused 252us total 30.716ms
08-04 13:01:27.367  8104  8126 I art     : Starting a blocking GC Explicit
08-04 13:01:27.399  8104  8126 I art     : Explicit concurrent mark sweep GC freed 3(96B) AllocSpace objects, 0(0B) LOS objects, 39% free, 24MB/40MB, paused 253us total 31.350ms
08-04 13:01:27.413  8104  8126 I art     : Starting a blocking GC Explicit
08-04 13:01:27.444  8104  8126 I art     : Explicit concurrent mark sweep GC freed 3(96B) AllocSpace objects, 0(0B) LOS objects, 39% free, 24MB/40MB, paused 253us total 31.507ms
08-04 13:01:27.458  8104  8126 I art     : Starting a blocking GC Explicit
08-04 13:01:27.490  8104  8126 I art     : Explicit concurrent mark sweep GC freed 3(96B) AllocSpace objects, 0(0B) LOS objects, 39% free, 24MB/40MB, paused 270us total 31.273ms
08-04 13:01:27.766  8104  8116 I art     : Starting a blocking GC Explicit
08-04 13:01:27.798  8104  8116 I art     : Explicit concurrent mark sweep GC freed 1343(80KB) AllocSpace objects, 1(20KB) LOS objects, 39% free, 24MB/40MB, paused 319us total 31.502ms
08-04 13:01:27.811  8104  8116 I art     : Starting a blocking GC Explicit
08-04 13:01:27.841  8104  8116 I art     : Explicit concurrent mark sweep GC freed 20(704B) AllocSpace objects, 0(0B) LOS objects, 39% free, 24MB/40MB, paused 269us total 29.022ms
08-04 13:01:27.853  8104  8116 I art     : Starting a blocking GC Explicit
08-04 13:01:27.887  8104  8116 I art     : Explicit concurrent mark sweep GC freed 3(96B) AllocSpace objects, 0(0B) LOS objects, 39% free, 24MB/40MB, paused 266us total 33.688ms
08-04 13:01:27.900  8104  8116 I art     : Starting a blocking GC Explicit
08-04 13:01:27.930  8104  8116 I art     : Explicit concurrent mark sweep GC freed 3(96B) AllocSpace objects, 0(0B) LOS objects, 39% free, 24MB/40MB, paused 284us total 29.222ms
08-04 13:01:27.943  8104  8116 I art     : Starting a blocking GC Explicit
08-04 13:01:27.945  9555  9555 D AndroidRuntime: >>>>>> START com.android.internal.os.RuntimeInit uid 2000 <<<<<<
08-04 13:01:27.950  9555  9555 D AndroidRuntime: CheckJNI is OFF
08-04 13:01:27.973  8104  8116 I art     : Explicit concurrent mark sweep GC freed 3(96B) AllocSpace objects, 0(0B) LOS objects, 39% free, 24MB/40MB, paused 252us total 29.469ms
08-04 13:01:27.987  9555  9555 D ICU     : No timezone override file found: /data/misc/zoneinfo/current/icu/icu_tzdata.dat
08-04 13:01:28.019  9555  9555 I Radio-JNI: register_android_hardware_Radio DONE
08-04 13:01:28.040  9555  9555 D AndroidRuntime: Calling main entry com.android.commands.input.Input
08-04 13:01:28.042  9555  9555 I Input   : injectMotionEvent: MotionEvent { action=ACTION_DOWN, actionButton=0, id[0]=0, x[0]=600.0, y[0]=1536.0, toolType[0]=TOOL_TYPE_UNKNOWN, buttonState=0, metaState=0, flags=0x0, edgeFlags=0x0, pointerCount=1, historySize=0, eventTime=709304454, downTime=709304454, deviceId=0, source=0x1002 }
08-04 13:01:28.047  9555  9555 I Input   : injectMotionEvent: MotionEvent { action=ACTION_UP, actionButton=0, id[0]=0, x[0]=600.0, y[0]=1536.0, toolType[0]=TOOL_TYPE_UNKNOWN, buttonState=0, metaState=0, flags=0x0, edgeFlags=0x0, pointerCount=1, historySize=0, eventTime=709304454, downTime=709304454, deviceId=0, source=0x1002 }
08-04 13:01:28.049  9555  9555 D AndroidRuntime: Shutting down VM
08-04 13:01:28.058   512  2967 D audio_hw_primary: out_set_parameters: enter: usecase(1: low-latency-playback) kvpairs: routing=2
08-04 13:01:28.061   918  3670 I ActivityManager: START u0 {dat=https://oauth.reddit.com/... cmp=baseline.org.quantumbadger.redreader/.activities.PostListingActivity} from uid 10666 on display 0
08-04 13:01:28.071   512  2967 D audio_hw_primary: select_devices: out_snd_device(2: speaker) in_snd_device(0: none)
08-04 13:01:28.071   512  2967 D msm8974_platform: platform_send_audio_calibration: sending audio calibration for snd_device(2) acdb_id(15)
08-04 13:01:28.071   512  2967 I soundtrigger: audio_extn_sound_trigger_update_device_status: device 0x2 of type 0 for Event 1
08-04 13:01:28.081  8104  8104 I AppCompatViewInflater: app:theme is now deprecated. Please move to using android:theme instead.
08-04 13:01:28.082   512  2967 D audio_hw_primary: enable_snd_device: snd_device(2: speaker)
08-04 13:01:28.084   512  2967 D audio_hw_primary: enable_audio_route: apply and update mixer path: low-latency-playback speaker
08-04 13:01:28.100  8104  9579 D OK      : calling: https://oauth.reddit.com/r/askscience/about.json
08-04 13:01:28.167   918   936 I ActivityManager: Displayed baseline.org.quantumbadger.redreader/.activities.PostListingActivity: +95ms
08-04 13:01:28.167 13866 13866 I GoogleInputMethodServic: GoogleInputMethodService.onFinishInput():3138 
08-04 13:01:28.168 13866 13866 I GoogleInputMethodServic: GoogleInputMethodService.onStartInput():1808 
08-04 13:01:28.217  8104  8397 I art     : Starting a blocking GC Explicit
08-04 13:01:28.246  8104  8397 I art     : Explicit concurrent mark sweep GC freed 2967(185KB) AllocSpace objects, 1(20KB) LOS objects, 38% free, 25MB/41MB, paused 292us total 28.780ms
08-04 13:01:28.259  8104  8397 I art     : Starting a blocking GC Explicit
08-04 13:01:28.290  8104  8397 I art     : Explicit concurrent mark sweep GC freed 494(26KB) AllocSpace objects, 0(0B) LOS objects, 39% free, 24MB/40MB, paused 334us total 30.776ms
08-04 13:01:28.305  8104  8397 I art     : Starting a blocking GC Explicit
08-04 13:01:28.340  8104  8397 I art     : Explicit concurrent mark sweep GC freed 1907(74KB) AllocSpace objects, 0(0B) LOS objects, 38% free, 25MB/41MB, paused 336us total 34.710ms
08-04 13:01:28.355  8104  8397 I art     : Starting a blocking GC Explicit
08-04 13:01:28.391  8104  8397 I art     : Explicit concurrent mark sweep GC freed 106(3KB) AllocSpace objects, 0(0B) LOS objects, 38% free, 25MB/41MB, paused 417us total 35.411ms
08-04 13:01:28.408  8104  8397 I art     : Starting a blocking GC Explicit
08-04 13:01:28.423   380   380 W SurfaceFlinger: couldn't log to binary event log: overflow.
08-04 13:01:28.442  8104  8397 I art     : Explicit concurrent mark sweep GC freed 13(480B) AllocSpace objects, 0(0B) LOS objects, 39% free, 25MB/41MB, paused 284us total 34.018ms
08-04 13:01:28.471  8104  9579 I NAPPA_EXPERIMENTATION: MetricNetworkRequestExecutionTime: REQUEST_DURATION_SYSTEM='370',REQUEST_DURATION_OKHTTP='141',REQUEST_SYNCHRONOUS='TRUE',RESPONSE_CODE='200',RESPONSE_METHOD='GET',RESPONSE_LENGTH_OKHTTP='-1',RESPONSE_LENGTH_HEADER='4700',REQUEST_PROTOCOL='h2',REQUEST_URL='https://oauth.reddit.com/r/askscience/about.json',
08-04 13:01:28.472  8104  9579 D OK      : request got status: 200
08-04 13:01:28.619   512  2967 D audio_hw_primary: disable_audio_route: reset and update mixer path: low-latency-playback speaker
08-04 13:01:28.620   512  2967 D audio_hw_primary: disable_snd_device: snd_device(2: speaker)
08-04 13:01:28.629   512  2967 I soundtrigger: audio_extn_sound_trigger_update_device_status: device 0x2 of type 0 for Event 0
08-04 13:01:28.721  8104  8126 I art     : Starting a blocking GC Explicit
08-04 13:01:28.756  8104  8126 I art     : Explicit concurrent mark sweep GC freed 3080(274KB) AllocSpace objects, 4(176KB) LOS objects, 38% free, 25MB/41MB, paused 280us total 34.828ms
08-04 13:01:28.770  8104  8126 I art     : Starting a blocking GC Explicit
08-04 13:01:28.801  8104  8126 I art     : Explicit concurrent mark sweep GC freed 214(11KB) AllocSpace objects, 0(0B) LOS objects, 38% free, 25MB/41MB, paused 278us total 30.866ms
08-04 13:01:28.815  8104  8126 I art     : Starting a blocking GC Explicit
08-04 13:01:28.845  8104  8126 I art     : Explicit concurrent mark sweep GC freed 25(1024B) AllocSpace objects, 0(0B) LOS objects, 38% free, 25MB/41MB, paused 494us total 30.018ms
08-04 13:01:28.860  8104  8126 I art     : Starting a blocking GC Explicit
08-04 13:01:28.891  8104  8126 I art     : Explicit concurrent mark sweep GC freed 3(96B) AllocSpace objects, 0(0B) LOS objects, 38% free, 25MB/41MB, paused 374us total 30.567ms
08-04 13:01:28.904  8104  8126 I art     : Starting a blocking GC Explicit
08-04 13:01:28.936  8104  8126 I art     : Explicit concurrent mark sweep GC freed 5(192B) AllocSpace objects, 0(0B) LOS objects, 38% free, 25MB/41MB, paused 274us total 31.219ms
08-04 13:01:29.222  8104  8397 I art     : Starting a blocking GC Explicit
08-04 13:01:29.256  8104  8397 I art     : Explicit concurrent mark sweep GC freed 1365(81KB) AllocSpace objects, 1(20KB) LOS objects, 38% free, 25MB/41MB, paused 287us total 32.921ms
08-04 13:01:29.270  8104  8397 I art     : Starting a blocking GC Explicit
08-04 13:01:29.300  8104  9614 D OK      : calling: https://oauth.reddit.com/r/askscience/hot/.json
08-04 13:01:29.300  8104  8397 I art     : Explicit concurrent mark sweep GC freed 21(736B) AllocSpace objects, 0(0B) LOS objects, 38% free, 25MB/41MB, paused 277us total 30.541ms
08-04 13:01:29.313  8104  8397 I art     : Starting a blocking GC Explicit
08-04 13:01:29.343  8104  8397 I art     : Explicit concurrent mark sweep GC freed 94(3KB) AllocSpace objects, 0(0B) LOS objects, 38% free, 25MB/41MB, paused 310us total 29.841ms
08-04 13:01:29.357  8104  8397 I art     : Starting a blocking GC Explicit
08-04 13:01:29.388  8104  8397 I art     : Explicit concurrent mark sweep GC freed 9(352B) AllocSpace objects, 0(0B) LOS objects, 38% free, 25MB/41MB, paused 331us total 31.621ms
08-04 13:01:29.402  8104  8397 I art     : Starting a blocking GC Explicit
08-04 13:01:29.433  8104  8397 I art     : Explicit concurrent mark sweep GC freed 3(96B) AllocSpace objects, 0(0B) LOS objects, 38% free, 25MB/41MB, paused 317us total 30.768ms
08-04 13:01:29.487  8104  9614 I NAPPA_EXPERIMENTATION: MetricNetworkRequestExecutionTime: REQUEST_DURATION_SYSTEM='186',REQUEST_DURATION_OKHTTP='183',REQUEST_SYNCHRONOUS='TRUE',RESPONSE_CODE='200',RESPONSE_METHOD='GET',RESPONSE_LENGTH_OKHTTP='-1',RESPONSE_LENGTH_HEADER='21282',REQUEST_PROTOCOL='h2',REQUEST_URL='https://oauth.reddit.com/r/askscience/hot/.json',
08-04 13:01:29.487  8104  9614 D OK      : request got status: 200
08-04 13:01:29.501  8104  8669 I PostListingFragment: Precaching images: OFF
08-04 13:01:29.501  8104  8669 I PostListingFragment: Precaching comments: OFF
08-04 13:01:29.567 13866 13882 I PeriodicStatsRunner: PeriodicStatsRunner.call():175 call()
08-04 13:01:29.567 13866 13882 I PeriodicStatsRunner: PeriodicStatsRunner.call():179 No submit PeriodicStats since input started.
08-04 13:01:29.691  8104  8126 I art     : Starting a blocking GC Explicit
08-04 13:01:29.732  8104  8126 I art     : Explicit concurrent mark sweep GC freed 16172(825KB) AllocSpace objects, 3(156KB) LOS objects, 38% free, 25MB/41MB, paused 403us total 41.126ms
08-04 13:01:29.746  8104  8126 I art     : Starting a blocking GC Explicit
08-04 13:01:29.778  8104  8126 I art     : Explicit concurrent mark sweep GC freed 4749(180KB) AllocSpace objects, 0(0B) LOS objects, 38% free, 25MB/41MB, paused 410us total 32.568ms
08-04 13:01:29.791  8104  8126 I art     : Starting a blocking GC Explicit
08-04 13:01:29.824  8104  8126 I art     : Explicit concurrent mark sweep GC freed 1667(61KB) AllocSpace objects, 0(0B) LOS objects, 38% free, 25MB/41MB, paused 272us total 32.816ms
08-04 13:01:29.839  8104  8126 I art     : Starting a blocking GC Explicit
08-04 13:01:29.871  8104  8126 I art     : Explicit concurrent mark sweep GC freed 11514(540KB) AllocSpace objects, 0(0B) LOS objects, 38% free, 25MB/41MB, paused 413us total 32.234ms
08-04 13:01:29.884  8104  8126 I art     : Starting a blocking GC Explicit
08-04 13:01:29.916  8104  8126 I art     : Explicit concurrent mark sweep GC freed 554(27KB) AllocSpace objects, 0(0B) LOS objects, 38% free, 25MB/41MB, paused 454us total 31.612ms
08-04 13:01:30.238  8104  8116 I art     : Starting a blocking GC Explicit
08-04 13:01:30.273  8104  8116 I art     : Explicit concurrent mark sweep GC freed 2483(132KB) AllocSpace objects, 1(20KB) LOS objects, 38% free, 25MB/41MB, paused 280us total 34.722ms
08-04 13:01:30.288  8104  8116 I art     : Starting a blocking GC Explicit
08-04 13:01:30.320  8104  8116 I art     : Explicit concurrent mark sweep GC freed 111(6KB) AllocSpace objects, 0(0B) LOS objects, 38% free, 25MB/41MB, paused 278us total 32.303ms
08-04 13:01:30.334  8104  8116 I art     : Starting a blocking GC Explicit
08-04 13:01:30.367  8104  8116 I art     : Explicit concurrent mark sweep GC freed 3(96B) AllocSpace objects, 0(0B) LOS objects, 38% free, 25MB/41MB, paused 313us total 33.531ms
08-04 13:01:30.381  8104  8116 I art     : Starting a blocking GC Explicit
08-04 13:01:30.415  8104  8116 I art     : Explicit concurrent mark sweep GC freed 3(96B) AllocSpace objects, 0(0B) LOS objects, 38% free, 25MB/41MB, paused 275us total 33.627ms
08-04 13:01:30.429  8104  8116 I art     : Starting a blocking GC Explicit
08-04 13:01:30.463  8104  8116 I art     : Explicit concurrent mark sweep GC freed 3(96B) AllocSpace objects, 0(0B) LOS objects, 38% free, 25MB/41MB, paused 274us total 33.223ms
08-04 13:01:30.775  8104  8117 I art     : Starting a blocking GC Explicit
08-04 13:01:30.819  8104  8117 I art     : Explicit concurrent mark sweep GC freed 1347(80KB) AllocSpace objects, 1(20KB) LOS objects, 38% free, 25MB/41MB, paused 328us total 42.764ms
08-04 13:01:30.837  8104  8117 I art     : Starting a blocking GC Explicit
08-04 13:01:30.872  8104  8117 I art     : Explicit concurrent mark sweep GC freed 20(704B) AllocSpace objects, 0(0B) LOS objects, 38% free, 25MB/41MB, paused 318us total 35.176ms
08-04 13:01:30.886  8104  8117 I art     : Starting a blocking GC Explicit
08-04 13:01:30.920  8104  8117 I art     : Explicit concurrent mark sweep GC freed 3(96B) AllocSpace objects, 0(0B) LOS objects, 38% free, 25MB/41MB, paused 281us total 33.758ms
08-04 13:01:30.934  8104  8117 I art     : Starting a blocking GC Explicit
08-04 13:01:30.969  8104  8117 I art     : Explicit concurrent mark sweep GC freed 3(96B) AllocSpace objects, 0(0B) LOS objects, 38% free, 25MB/41MB, paused 278us total 34.415ms
08-04 13:01:30.982  8104  8117 I art     : Starting a blocking GC Explicit
08-04 13:01:31.017  8104  8117 I art     : Explicit concurrent mark sweep GC freed 3(96B) AllocSpace objects, 0(0B) LOS objects, 38% free, 25MB/41MB, paused 361us total 34.234ms
08-04 13:01:31.328  8104  8126 I art     : Starting a blocking GC Explicit
08-04 13:01:31.330 13866 13882 I PeriodicStatsRunner: PeriodicStatsRunner.call():175 call()
08-04 13:01:31.331 13866 13882 I PeriodicStatsRunner: PeriodicStatsRunner.call():179 No submit PeriodicStats since input started.
08-04 13:01:31.361  8104  8126 I art     : Explicit concurrent mark sweep GC freed 1344(80KB) AllocSpace objects, 1(20KB) LOS objects, 38% free, 25MB/41MB, paused 283us total 33.175ms
08-04 13:01:31.375  8104  8126 I art     : Starting a blocking GC Explicit
08-04 13:01:31.408  8104  8126 I art     : Explicit concurrent mark sweep GC freed 20(704B) AllocSpace objects, 0(0B) LOS objects, 38% free, 25MB/41MB, paused 306us total 33.025ms
08-04 13:01:31.422  8104  8126 I art     : Starting a blocking GC Explicit
08-04 13:01:31.456  8104  8126 I art     : Explicit concurrent mark sweep GC freed 3(96B) AllocSpace objects, 0(0B) LOS objects, 38% free, 25MB/41MB, paused 271us total 33.752ms
08-04 13:01:31.470  8104  8126 I art     : Starting a blocking GC Explicit
08-04 13:01:31.504  8104  8126 I art     : Explicit concurrent mark sweep GC freed 3(96B) AllocSpace objects, 0(0B) LOS objects, 38% free, 25MB/41MB, paused 270us total 34.234ms
08-04 13:01:31.518  8104  8126 I art     : Starting a blocking GC Explicit
08-04 13:01:31.553  8104  8126 I art     : Explicit concurrent mark sweep GC freed 3(96B) AllocSpace objects, 0(0B) LOS objects, 38% free, 25MB/41MB, paused 274us total 34.269ms
08-04 13:01:31.884  8104  8397 I art     : Starting a blocking GC Explicit
08-04 13:01:31.932  8104  8397 I art     : Explicit concurrent mark sweep GC freed 1344(80KB) AllocSpace objects, 1(20KB) LOS objects, 38% free, 25MB/41MB, paused 346us total 47.198ms
08-04 13:01:31.949  8104  8397 I art     : Starting a blocking GC Explicit
08-04 13:01:31.984  8104  8397 I art     : Explicit concurrent mark sweep GC freed 20(704B) AllocSpace objects, 0(0B) LOS objects, 38% free, 25MB/41MB, paused 295us total 34.291ms
08-04 13:01:31.984  8104  8114 I art     : WaitForGcToComplete blocked for 34.534ms for cause HeapTrim
08-04 13:01:31.998  8104  8397 I art     : Starting a blocking GC Explicit
08-04 13:01:32.032  8104  8397 I art     : Explicit concurrent mark sweep GC freed 3(96B) AllocSpace objects, 0(0B) LOS objects, 38% free, 25MB/41MB, paused 294us total 34.189ms
08-04 13:01:32.046  8104  8397 I art     : Starting a blocking GC Explicit
08-04 13:01:32.081  8104  8397 I art     : Explicit concurrent mark sweep GC freed 3(96B) AllocSpace objects, 0(0B) LOS objects, 38% free, 25MB/41MB, paused 290us total 34.280ms
08-04 13:01:32.095  8104  8397 I art     : Starting a blocking GC Explicit
08-04 13:01:32.128  8104  8397 I art     : Explicit concurrent mark sweep GC freed 3(96B) AllocSpace objects, 0(0B) LOS objects, 38% free, 25MB/41MB, paused 283us total 33.296ms
08-04 13:01:32.447  8104  8116 I art     : Starting a blocking GC Explicit
08-04 13:01:32.490  8104  8116 I art     : Explicit concurrent mark sweep GC freed 1343(80KB) AllocSpace objects, 1(20KB) LOS objects, 38% free, 25MB/41MB, paused 314us total 43.012ms
08-04 13:01:32.506  8104  8116 I art     : Starting a blocking GC Explicit
08-04 13:01:32.541  8104  8116 I art     : Explicit concurrent mark sweep GC freed 20(704B) AllocSpace objects, 0(0B) LOS objects, 38% free, 25MB/41MB, paused 284us total 34.500ms
08-04 13:01:32.555  8104  8116 I art     : Starting a blocking GC Explicit
08-04 13:01:32.589  8104  8116 I art     : Explicit concurrent mark sweep GC freed 3(96B) AllocSpace objects, 0(0B) LOS objects, 38% free, 25MB/41MB, paused 284us total 34.176ms
08-04 13:01:32.604  8104  8116 I art     : Starting a blocking GC Explicit
08-04 13:01:32.638  8104  8116 I art     : Explicit concurrent mark sweep GC freed 3(96B) AllocSpace objects, 0(0B) LOS objects, 38% free, 25MB/41MB, paused 291us total 34.073ms
08-04 13:01:32.652  8104  8116 I art     : Starting a blocking GC Explicit
08-04 13:01:32.686  8104  8116 I art     : Explicit concurrent mark sweep GC freed 3(96B) AllocSpace objects, 0(0B) LOS objects, 38% free, 25MB/41MB, paused 278us total 34.165ms
08-04 13:01:33.011  8104  8117 I art     : Starting a blocking GC Explicit
08-04 13:01:33.050  8104  8117 I art     : Explicit concurrent mark sweep GC freed 1347(80KB) AllocSpace objects, 1(20KB) LOS objects, 38% free, 25MB/41MB, paused 289us total 38.499ms
08-04 13:01:33.064  8104  8117 I art     : Starting a blocking GC Explicit
08-04 13:01:33.098  8104  8117 I art     : Explicit concurrent mark sweep GC freed 20(704B) AllocSpace objects, 0(0B) LOS objects, 38% free, 25MB/41MB, paused 291us total 34.116ms
08-04 13:01:33.113  8104  8117 I art     : Starting a blocking GC Explicit
08-04 13:01:33.146  8104  8117 I art     : Explicit concurrent mark sweep GC freed 3(96B) AllocSpace objects, 0(0B) LOS objects, 38% free, 25MB/41MB, paused 286us total 33.606ms
08-04 13:01:33.160  8104  8117 I art     : Starting a blocking GC Explicit
08-04 13:01:33.168 13866 13882 I PeriodicStatsRunner: PeriodicStatsRunner.call():175 call()
08-04 13:01:33.168 13866 13882 I PeriodicStatsRunner: PeriodicStatsRunner.call():179 No submit PeriodicStats since input started.
08-04 13:01:33.195  8104  8117 I art     : Explicit concurrent mark sweep GC freed 3(96B) AllocSpace objects, 0(0B) LOS objects, 38% free, 25MB/41MB, paused 284us total 34.171ms
08-04 13:01:33.209  8104  8117 I art     : Starting a blocking GC Explicit
08-04 13:01:33.243  8104  8117 I art     : Explicit concurrent mark sweep GC freed 3(96B) AllocSpace objects, 0(0B) LOS objects, 38% free, 25MB/41MB, paused 297us total 33.637ms
08-04 13:01:33.523  8104  8126 I art     : Starting a blocking GC Explicit
08-04 13:01:33.560  8104  8126 I art     : Explicit concurrent mark sweep GC freed 1344(80KB) AllocSpace objects, 1(20KB) LOS objects, 38% free, 25MB/41MB, paused 287us total 36.583ms
08-04 13:01:33.575  8104  8126 I art     : Starting a blocking GC Explicit
08-04 13:01:33.607  8104  8126 I art     : Explicit concurrent mark sweep GC freed 20(704B) AllocSpace objects, 0(0B) LOS objects, 38% free, 25MB/41MB, paused 276us total 31.642ms
08-04 13:01:33.620  8104  8126 I art     : Starting a blocking GC Explicit
08-04 13:01:33.652  8104  8126 I art     : Explicit concurrent mark sweep GC freed 3(96B) AllocSpace objects, 0(0B) LOS objects, 38% free, 25MB/41MB, paused 277us total 31.927ms
08-04 13:01:33.665  8104  8126 I art     : Starting a blocking GC Explicit
08-04 13:01:33.698  8104  8126 I art     : Explicit concurrent mark sweep GC freed 3(96B) AllocSpace objects, 0(0B) LOS objects, 38% free, 25MB/41MB, paused 293us total 32.426ms
08-04 13:01:33.712  8104  8126 I art     : Starting a blocking GC Explicit
08-04 13:01:33.744  8104  8126 I art     : Explicit concurrent mark sweep GC freed 3(96B) AllocSpace objects, 0(0B) LOS objects, 38% free, 25MB/41MB, paused 272us total 32.151ms
08-04 13:01:33.758  9688  9688 D AndroidRuntime: >>>>>> START com.android.internal.os.RuntimeInit uid 2000 <<<<<<
08-04 13:01:33.763  9688  9688 D AndroidRuntime: CheckJNI is OFF
08-04 13:01:33.796  9688  9688 D ICU     : No timezone override file found: /data/misc/zoneinfo/current/icu/icu_tzdata.dat
08-04 13:01:33.830  9688  9688 I Radio-JNI: register_android_hardware_Radio DONE
08-04 13:01:33.852  9688  9688 D AndroidRuntime: Calling main entry com.android.commands.input.Input
08-04 13:01:33.854  9688  9688 I Input   : injectMotionEvent: MotionEvent { action=ACTION_DOWN, actionButton=0, id[0]=0, x[0]=600.0, y[0]=700.0, toolType[0]=TOOL_TYPE_UNKNOWN, buttonState=0, metaState=0, flags=0x0, edgeFlags=0x0, pointerCount=1, historySize=0, eventTime=709310267, downTime=709310267, deviceId=0, source=0x1002 }
08-04 13:01:33.860  9688  9688 I Input   : injectMotionEvent: MotionEvent { action=ACTION_UP, actionButton=0, id[0]=0, x[0]=600.0, y[0]=700.0, toolType[0]=TOOL_TYPE_UNKNOWN, buttonState=0, metaState=0, flags=0x0, edgeFlags=0x0, pointerCount=1, historySize=0, eventTime=709310267, downTime=709310267, deviceId=0, source=0x1002 }
08-04 13:01:33.866  9688  9688 D AndroidRuntime: Shutting down VM
08-04 13:01:33.872   512  2967 D audio_hw_primary: out_set_parameters: enter: usecase(1: low-latency-playback) kvpairs: routing=2
08-04 13:01:33.873   918  6111 I ActivityManager: START u0 {dat=https://oauth.reddit.com/... cmp=baseline.org.quantumbadger.redreader/.activities.CommentListingActivity} from uid 10666 on display 0
08-04 13:01:33.885   512  2967 D audio_hw_primary: select_devices: out_snd_device(2: speaker) in_snd_device(0: none)
08-04 13:01:33.885   512  2967 D msm8974_platform: platform_send_audio_calibration: sending audio calibration for snd_device(2) acdb_id(15)
08-04 13:01:33.885   512  2967 I soundtrigger: audio_extn_sound_trigger_update_device_status: device 0x2 of type 0 for Event 1
08-04 13:01:33.897   512  2967 D audio_hw_primary: enable_snd_device: snd_device(2: speaker)
08-04 13:01:33.898  8104  8104 I AppCompatViewInflater: app:theme is now deprecated. Please move to using android:theme instead.
08-04 13:01:33.899   512  2967 D audio_hw_primary: enable_audio_route: apply and update mixer path: low-latency-playback speaker
08-04 13:01:33.914  8104  8669 I CommentListingActivity: COMMENTS session changed to 0255a14e-b5c9-4809-9984-dcd4f6b28de3
08-04 13:01:33.976   918   936 I ActivityManager: Displayed baseline.org.quantumbadger.redreader/.activities.CommentListingActivity: +95ms
08-04 13:01:33.976 13866 13866 I GoogleInputMethodServic: GoogleInputMethodService.onFinishInput():3138 
08-04 13:01:33.976 13866 13866 I GoogleInputMethodServic: GoogleInputMethodService.onStartInput():1808 
08-04 13:01:34.002  8104  8126 I art     : Starting a blocking GC Explicit
08-04 13:01:34.056  8104  8126 I art     : Explicit concurrent mark sweep GC freed 29356(1998KB) AllocSpace objects, 3(56KB) LOS objects, 35% free, 28MB/44MB, paused 1.104ms total 53.753ms
08-04 13:01:34.076  8104  8126 I art     : Starting a blocking GC Explicit
08-04 13:01:34.124  8104  8126 I art     : Explicit concurrent mark sweep GC freed 13040(869KB) AllocSpace objects, 1(16KB) LOS objects, 35% free, 29MB/45MB, paused 459us total 48.186ms
08-04 13:01:34.140  8104  8126 I art     : Starting a blocking GC Explicit
08-04 13:01:34.186  8104  8126 I art     : Explicit concurrent mark sweep GC freed 4075(304KB) AllocSpace objects, 0(0B) LOS objects, 35% free, 29MB/45MB, paused 261us total 45.867ms
08-04 13:01:34.205  8104  8126 I art     : Starting a blocking GC Explicit
08-04 13:01:34.230   380   380 W SurfaceFlinger: couldn't log to binary event log: overflow.
08-04 13:01:34.257  8104  8126 I art     : Explicit concurrent mark sweep GC freed 19181(850KB) AllocSpace objects, 0(0B) LOS objects, 36% free, 28MB/44MB, paused 240us total 51.751ms
08-04 13:01:34.272  8104  8126 I art     : Starting a blocking GC Explicit
08-04 13:01:34.312  8104  8126 I art     : Explicit concurrent mark sweep GC freed 3(96B) AllocSpace objects, 0(0B) LOS objects, 36% free, 28MB/44MB, paused 276us total 39.669ms
08-04 13:01:34.439   512  2967 D audio_hw_primary: disable_audio_route: reset and update mixer path: low-latency-playback speaker
08-04 13:01:34.441   512  2967 D audio_hw_primary: disable_snd_device: snd_device(2: speaker)
08-04 13:01:34.450   512  2967 I soundtrigger: audio_extn_sound_trigger_update_device_status: device 0x2 of type 0 for Event 0
08-04 13:01:34.541  8104  9615 I RedditChangeDataIO: Writing tmp data file at '/data/user/0/baseline.org.quantumbadger.redreader/files/rr_change_data_tmp.dat'
08-04 13:01:34.542  8104  9615 I RedditChangeDataManager: Taking snapshot...
08-04 13:01:34.542  8104  9615 I RedditChangeDataManager: Writing to stream...
08-04 13:01:34.542  8104  9615 I RedditChangeDataManager: Wrote 3 entries for user ''
08-04 13:01:34.542  8104  9615 I RedditChangeDataManager: All entries written to stream.
08-04 13:01:34.543  8104  9615 I RedditChangeDataIO: Write successful. Atomically replacing data file...
08-04 13:01:34.543  8104  9615 I RedditChangeDataIO: Write complete.
08-04 13:01:34.543  8104  9615 I RedditChangeDataIO: 86 bytes written in 2 ms
08-04 13:01:34.593  8104  8126 I art     : Starting a blocking GC Explicit
08-04 13:01:34.639  8104  8126 I art     : Explicit concurrent mark sweep GC freed 1764(127KB) AllocSpace objects, 2(88KB) LOS objects, 36% free, 28MB/44MB, paused 219us total 45.781ms
08-04 13:01:34.655  8104  8126 I art     : Starting a blocking GC Explicit
08-04 13:01:34.700  8104  8126 I art     : Explicit concurrent mark sweep GC freed 92(3KB) AllocSpace objects, 0(0B) LOS objects, 36% free, 28MB/44MB, paused 210us total 44.489ms
08-04 13:01:34.716  8104  8126 I art     : Starting a blocking GC Explicit
08-04 13:01:34.760  8104  8126 I art     : Explicit concurrent mark sweep GC freed 3(96B) AllocSpace objects, 0(0B) LOS objects, 36% free, 28MB/44MB, paused 235us total 44.390ms
08-04 13:01:34.776  8104  8126 I art     : Starting a blocking GC Explicit
08-04 13:01:34.819  8104  8126 I art     : Explicit concurrent mark sweep GC freed 3(96B) AllocSpace objects, 0(0B) LOS objects, 36% free, 28MB/44MB, paused 215us total 43.453ms
08-04 13:01:34.835  8104  8126 I art     : Starting a blocking GC Explicit
08-04 13:01:34.880  8104  8126 I art     : Explicit concurrent mark sweep GC freed 3(96B) AllocSpace objects, 0(0B) LOS objects, 36% free, 28MB/44MB, paused 214us total 44.437ms
08-04 13:01:35.170  8104  8116 I art     : Starting a blocking GC Explicit
08-04 13:01:35.236  8104  8116 I art     : Explicit concurrent mark sweep GC freed 1343(80KB) AllocSpace objects, 1(20KB) LOS objects, 36% free, 28MB/44MB, paused 280us total 66.104ms
08-04 13:01:35.254  8104  8116 I art     : Starting a blocking GC Explicit
08-04 13:01:35.301  8104  8116 I art     : Explicit concurrent mark sweep GC freed 66(2528B) AllocSpace objects, 0(0B) LOS objects, 36% free, 28MB/44MB, paused 245us total 46.916ms
08-04 13:01:35.317  8104  8116 I art     : Starting a blocking GC Explicit
08-04 13:01:35.365  8104  8116 I art     : Explicit concurrent mark sweep GC freed 3(96B) AllocSpace objects, 0(0B) LOS objects, 36% free, 28MB/44MB, paused 249us total 47.755ms
08-04 13:01:35.381  8104  8116 I art     : Starting a blocking GC Explicit
08-04 13:01:35.429  8104  8116 I art     : Explicit concurrent mark sweep GC freed 3(96B) AllocSpace objects, 0(0B) LOS objects, 36% free, 28MB/44MB, paused 242us total 47.594ms
08-04 13:01:35.445  8104  8116 I art     : Starting a blocking GC Explicit
08-04 13:01:35.493  8104  8116 I art     : Explicit concurrent mark sweep GC freed 3(96B) AllocSpace objects, 0(0B) LOS objects, 36% free, 28MB/44MB, paused 253us total 47.880ms
08-04 13:01:35.804  8104  8117 I art     : Starting a blocking GC Explicit
08-04 13:01:35.864  8104  8117 I art     : Explicit concurrent mark sweep GC freed 1343(80KB) AllocSpace objects, 1(20KB) LOS objects, 36% free, 28MB/44MB, paused 292us total 59.565ms
08-04 13:01:35.881  8104  8117 I art     : Starting a blocking GC Explicit
08-04 13:01:35.929  8104  8117 I art     : Explicit concurrent mark sweep GC freed 20(704B) AllocSpace objects, 0(0B) LOS objects, 36% free, 28MB/44MB, paused 279us total 48.062ms
08-04 13:01:35.945  8104  8117 I art     : Starting a blocking GC Explicit
08-04 13:01:35.992  8104  8117 I art     : Explicit concurrent mark sweep GC freed 3(96B) AllocSpace objects, 0(0B) LOS objects, 36% free, 28MB/44MB, paused 255us total 46.558ms
08-04 13:01:36.007  8104  8117 I art     : Starting a blocking GC Explicit
08-04 13:01:36.055  8104  8117 I art     : Explicit concurrent mark sweep GC freed 3(96B) AllocSpace objects, 0(0B) LOS objects, 36% free, 28MB/44MB, paused 258us total 47.564ms
08-04 13:01:36.071  8104  8117 I art     : Starting a blocking GC Explicit
08-04 13:01:36.119  8104  8117 I art     : Explicit concurrent mark sweep GC freed 3(96B) AllocSpace objects, 0(0B) LOS objects, 36% free, 28MB/44MB, paused 261us total 47.725ms
08-04 13:01:36.451  8104  8126 I art     : Starting a blocking GC Explicit
08-04 13:01:36.510  8104  8126 I art     : Explicit concurrent mark sweep GC freed 1343(80KB) AllocSpace objects, 1(20KB) LOS objects, 36% free, 28MB/44MB, paused 271us total 59.454ms
08-04 13:01:36.530  8104  8126 I art     : Starting a blocking GC Explicit
08-04 13:01:36.577  8104  8126 I art     : Explicit concurrent mark sweep GC freed 20(704B) AllocSpace objects, 0(0B) LOS objects, 36% free, 28MB/44MB, paused 248us total 46.149ms
08-04 13:01:36.593  8104  8126 I art     : Starting a blocking GC Explicit
08-04 13:01:36.641  8104  8126 I art     : Explicit concurrent mark sweep GC freed 3(96B) AllocSpace objects, 0(0B) LOS objects, 36% free, 28MB/44MB, paused 244us total 47.833ms
08-04 13:01:36.657  8104  8126 I art     : Starting a blocking GC Explicit
08-04 13:01:36.703  8104  8126 I art     : Explicit concurrent mark sweep GC freed 3(96B) AllocSpace objects, 0(0B) LOS objects, 36% free, 28MB/44MB, paused 240us total 46.263ms
08-04 13:01:36.719  8104  8126 I art     : Starting a blocking GC Explicit
08-04 13:01:36.767  8104  8126 I art     : Explicit concurrent mark sweep GC freed 3(96B) AllocSpace objects, 0(0B) LOS objects, 36% free, 28MB/44MB, paused 277us total 47.897ms
08-04 13:01:37.092  8104  8397 I art     : Starting a blocking GC Explicit
08-04 13:01:37.147  8104  8397 I art     : Explicit concurrent mark sweep GC freed 1343(80KB) AllocSpace objects, 1(20KB) LOS objects, 36% free, 28MB/44MB, paused 291us total 54.865ms
08-04 13:01:37.164  8104  8397 I art     : Starting a blocking GC Explicit
08-04 13:01:37.209  8104  8397 I art     : Explicit concurrent mark sweep GC freed 20(704B) AllocSpace objects, 0(0B) LOS objects, 36% free, 28MB/44MB, paused 252us total 44.873ms
08-04 13:01:37.225  8104  8397 I art     : Starting a blocking GC Explicit
08-04 13:01:37.273  8104  8397 I art     : Explicit concurrent mark sweep GC freed 3(96B) AllocSpace objects, 0(0B) LOS objects, 36% free, 28MB/44MB, paused 259us total 47.822ms
08-04 13:01:37.289  8104  8397 I art     : Starting a blocking GC Explicit
08-04 13:01:37.335  8104  8397 I art     : Explicit concurrent mark sweep GC freed 3(96B) AllocSpace objects, 0(0B) LOS objects, 36% free, 28MB/44MB, paused 269us total 46.480ms
08-04 13:01:37.351  8104  8397 I art     : Starting a blocking GC Explicit
08-04 13:01:37.399  8104  8397 I art     : Explicit concurrent mark sweep GC freed 3(96B) AllocSpace objects, 0(0B) LOS objects, 36% free, 28MB/44MB, paused 257us total 47.674ms
08-04 13:01:37.716  8104  8116 I art     : Starting a blocking GC Explicit
08-04 13:01:37.775  8104  8116 I art     : Explicit concurrent mark sweep GC freed 1343(80KB) AllocSpace objects, 1(20KB) LOS objects, 36% free, 28MB/44MB, paused 245us total 59.243ms
08-04 13:01:37.794  8104  8116 I art     : Starting a blocking GC Explicit
08-04 13:01:37.842  8104  8116 I art     : Explicit concurrent mark sweep GC freed 20(704B) AllocSpace objects, 0(0B) LOS objects, 36% free, 28MB/44MB, paused 236us total 47.278ms
08-04 13:01:37.858  8104  8116 I art     : Starting a blocking GC Explicit
08-04 13:01:37.903  8104  8116 I art     : Explicit concurrent mark sweep GC freed 3(96B) AllocSpace objects, 0(0B) LOS objects, 36% free, 28MB/44MB, paused 242us total 44.874ms
08-04 13:01:37.919  8104  8116 I art     : Starting a blocking GC Explicit
08-04 13:01:37.966  8104  8116 I art     : Explicit concurrent mark sweep GC freed 3(96B) AllocSpace objects, 0(0B) LOS objects, 36% free, 28MB/44MB, paused 266us total 46.544ms
08-04 13:01:37.982  8104  8116 I art     : Starting a blocking GC Explicit
08-04 13:01:38.029  8104  8116 I art     : Explicit concurrent mark sweep GC freed 3(96B) AllocSpace objects, 0(0B) LOS objects, 36% free, 28MB/44MB, paused 269us total 47.472ms
08-04 13:01:38.302  8104  8117 I art     : Starting a blocking GC Explicit
08-04 13:01:38.348  8104  8117 I art     : Explicit concurrent mark sweep GC freed 1345(80KB) AllocSpace objects, 1(20KB) LOS objects, 36% free, 28MB/44MB, paused 268us total 46.514ms
08-04 13:01:38.364  8104  8117 I art     : Starting a blocking GC Explicit
08-04 13:01:38.410  8104  8117 I art     : Explicit concurrent mark sweep GC freed 20(704B) AllocSpace objects, 0(0B) LOS objects, 36% free, 28MB/44MB, paused 267us total 45.565ms
08-04 13:01:38.425  8104  8117 I art     : Starting a blocking GC Explicit
08-04 13:01:38.470  8104  8117 I art     : Explicit concurrent mark sweep GC freed 3(96B) AllocSpace objects, 0(0B) LOS objects, 36% free, 28MB/44MB, paused 243us total 44.498ms
08-04 13:01:38.485  8104  8117 I art     : Starting a blocking GC Explicit
08-04 13:01:38.530  8104  8117 I art     : Explicit concurrent mark sweep GC freed 3(96B) AllocSpace objects, 0(0B) LOS objects, 36% free, 28MB/44MB, paused 260us total 45.344ms
08-04 13:01:38.546  8104  8117 I art     : Starting a blocking GC Explicit
08-04 13:01:38.575  9782  9782 D AndroidRuntime: >>>>>> START com.android.internal.os.RuntimeInit uid 2000 <<<<<<
08-04 13:01:38.579  9782  9782 D AndroidRuntime: CheckJNI is OFF
08-04 13:01:38.591  8104  8117 I art     : Explicit concurrent mark sweep GC freed 3(96B) AllocSpace objects, 0(0B) LOS objects, 36% free, 28MB/44MB, paused 262us total 44.511ms
08-04 13:01:38.617  9782  9782 D ICU     : No timezone override file found: /data/misc/zoneinfo/current/icu/icu_tzdata.dat
08-04 13:01:38.649  9782  9782 I Radio-JNI: register_android_hardware_Radio DONE
08-04 13:01:38.671  9782  9782 D AndroidRuntime: Calling main entry com.android.commands.input.Input
08-04 13:01:38.672  9782  9782 I Input   : injectKeyEvent: KeyEvent { action=ACTION_DOWN, keyCode=KEYCODE_BACK, scanCode=0, metaState=0, flags=0x0, repeatCount=0, eventTime=709315085, downTime=709315085, deviceId=-1, source=0x101 }
08-04 13:01:38.678  9782  9782 I Input   : injectKeyEvent: KeyEvent { action=ACTION_UP, keyCode=KEYCODE_BACK, scanCode=0, metaState=0, flags=0x0, repeatCount=0, eventTime=709315085, downTime=709315085, deviceId=-1, source=0x101 }
08-04 13:01:38.686  9782  9782 D AndroidRuntime: Shutting down VM
08-04 13:01:38.726 13866 13866 I GoogleInputMethodServic: GoogleInputMethodService.onFinishInput():3138 
08-04 13:01:38.727 13866 13866 I GoogleInputMethodServic: GoogleInputMethodService.onStartInput():1808 
08-04 13:01:38.838  8104  8126 I art     : Starting a blocking GC Explicit
08-04 13:01:38.881  8104  8126 I art     : Explicit concurrent mark sweep GC freed 1585(88KB) AllocSpace objects, 1(20KB) LOS objects, 36% free, 28MB/44MB, paused 250us total 43.165ms
08-04 13:01:38.900  8104  8126 I art     : Starting a blocking GC Explicit
08-04 13:01:38.945  8104  8126 I art     : Explicit concurrent mark sweep GC freed 24(864B) AllocSpace objects, 0(0B) LOS objects, 36% free, 28MB/44MB, paused 211us total 45.685ms
08-04 13:01:38.961  8104  8126 I art     : Starting a blocking GC Explicit
08-04 13:01:38.977 13866 13882 I PeriodicStatsRunner: PeriodicStatsRunner.call():175 call()
08-04 13:01:38.977 13866 13882 I PeriodicStatsRunner: PeriodicStatsRunner.call():179 No submit PeriodicStats since input started.
08-04 13:01:39.018  8104  8126 I art     : Explicit concurrent mark sweep GC freed 3(96B) AllocSpace objects, 0(0B) LOS objects, 36% free, 28MB/44MB, paused 216us total 56.651ms
08-04 13:01:39.034  8104  8126 I art     : Starting a blocking GC Explicit
08-04 13:01:39.035   380   380 W SurfaceFlinger: couldn't log to binary event log: overflow.
08-04 13:01:39.079  8104  8126 I art     : Explicit concurrent mark sweep GC freed 59(2048B) AllocSpace objects, 0(0B) LOS objects, 36% free, 28MB/44MB, paused 258us total 44.440ms
08-04 13:01:39.094  8104  8126 I art     : Starting a blocking GC Explicit
08-04 13:01:39.137  8104  8126 I art     : Explicit concurrent mark sweep GC freed 139(7KB) AllocSpace objects, 0(0B) LOS objects, 36% free, 28MB/44MB, paused 241us total 42.301ms
08-04 13:01:39.437  8104  8117 I art     : Starting a blocking GC Explicit
08-04 13:01:39.489  8104  8117 I art     : Explicit concurrent mark sweep GC freed 47971(2MB) AllocSpace objects, 6(160KB) LOS objects, 38% free, 25MB/41MB, paused 277us total 50.865ms
08-04 13:01:39.507  8104  8117 I art     : Starting a blocking GC Explicit
08-04 13:01:39.539  8104  8117 I art     : Explicit concurrent mark sweep GC freed 20(704B) AllocSpace objects, 0(0B) LOS objects, 38% free, 25MB/41MB, paused 249us total 31.341ms
08-04 13:01:39.552  8104  8117 I art     : Starting a blocking GC Explicit
08-04 13:01:39.585  8104  8117 I art     : Explicit concurrent mark sweep GC freed 3(96B) AllocSpace objects, 0(0B) LOS objects, 38% free, 25MB/41MB, paused 250us total 32.536ms
08-04 13:01:39.599  8104  8117 I art     : Starting a blocking GC Explicit
08-04 13:01:39.633  8104  8117 I art     : Explicit concurrent mark sweep GC freed 3(96B) AllocSpace objects, 0(0B) LOS objects, 38% free, 25MB/41MB, paused 242us total 33.909ms
08-04 13:01:39.647  8104  8117 I art     : Starting a blocking GC Explicit
08-04 13:01:39.681  8104  8117 I art     : Explicit concurrent mark sweep GC freed 3(96B) AllocSpace objects, 0(0B) LOS objects, 38% free, 25MB/41MB, paused 256us total 33.829ms
08-04 13:01:39.971  8104  8116 I art     : Starting a blocking GC Explicit
08-04 13:01:40.004  8104  8116 I art     : Explicit concurrent mark sweep GC freed 1343(80KB) AllocSpace objects, 1(20KB) LOS objects, 38% free, 25MB/41MB, paused 249us total 33.310ms
08-04 13:01:40.018  8104  8116 I art     : Starting a blocking GC Explicit
08-04 13:01:40.051  8104  8116 I art     : Explicit concurrent mark sweep GC freed 20(704B) AllocSpace objects, 0(0B) LOS objects, 38% free, 25MB/41MB, paused 240us total 33.129ms
08-04 13:01:40.065  8104  8116 I art     : Starting a blocking GC Explicit
08-04 13:01:40.096  8104  8116 I art     : Explicit concurrent mark sweep GC freed 3(96B) AllocSpace objects, 0(0B) LOS objects, 38% free, 25MB/41MB, paused 231us total 31.416ms
08-04 13:01:40.110  8104  8116 I art     : Starting a blocking GC Explicit
08-04 13:01:40.141  8104  8116 I art     : Explicit concurrent mark sweep GC freed 3(96B) AllocSpace objects, 0(0B) LOS objects, 38% free, 25MB/41MB, paused 235us total 31.316ms
08-04 13:01:40.154  8104  8116 I art     : Starting a blocking GC Explicit
08-04 13:01:40.186  8104  8116 I art     : Explicit concurrent mark sweep GC freed 3(96B) AllocSpace objects, 0(0B) LOS objects, 38% free, 25MB/41MB, paused 241us total 31.413ms
08-04 13:01:40.349  9835  9835 D AndroidRuntime: >>>>>> START com.android.internal.os.RuntimeInit uid 2000 <<<<<<
08-04 13:01:40.354  9835  9835 D AndroidRuntime: CheckJNI is OFF
08-04 13:01:40.386  9835  9835 D ICU     : No timezone override file found: /data/misc/zoneinfo/current/icu/icu_tzdata.dat
08-04 13:01:40.418  9835  9835 I Radio-JNI: register_android_hardware_Radio DONE
08-04 13:01:40.440  9835  9835 D AndroidRuntime: Calling main entry com.android.commands.input.Input
08-04 13:01:40.441  9835  9835 I Input   : injectKeyEvent: KeyEvent { action=ACTION_DOWN, keyCode=KEYCODE_BACK, scanCode=0, metaState=0, flags=0x0, repeatCount=0, eventTime=709316854, downTime=709316854, deviceId=-1, source=0x101 }
08-04 13:01:40.447  9835  9835 I Input   : injectKeyEvent: KeyEvent { action=ACTION_UP, keyCode=KEYCODE_BACK, scanCode=0, metaState=0, flags=0x0, repeatCount=0, eventTime=709316854, downTime=709316854, deviceId=-1, source=0x101 }
08-04 13:01:40.455  9835  9835 D AndroidRuntime: Shutting down VM
08-04 13:01:40.476  8104  8397 I art     : Starting a blocking GC Explicit
08-04 13:01:40.492 13866 13866 I GoogleInputMethodServic: GoogleInputMethodService.onFinishInput():3138 
08-04 13:01:40.493 13866 13866 I GoogleInputMethodServic: GoogleInputMethodService.onStartInput():1808 
08-04 13:01:40.507  8104  8397 I art     : Explicit concurrent mark sweep GC freed 1459(84KB) AllocSpace objects, 1(20KB) LOS objects, 38% free, 25MB/41MB, paused 436us total 31.204ms
08-04 13:01:40.521  8104  8397 I art     : Starting a blocking GC Explicit
08-04 13:01:40.553  8104  8397 I art     : Explicit concurrent mark sweep GC freed 70(2352B) AllocSpace objects, 0(0B) LOS objects, 38% free, 25MB/41MB, paused 265us total 32.070ms
08-04 13:01:40.566  8104  8397 I art     : Starting a blocking GC Explicit
08-04 13:01:40.594  8104  8397 I art     : Explicit concurrent mark sweep GC freed 18(592B) AllocSpace objects, 0(0B) LOS objects, 38% free, 25MB/41MB, paused 218us total 27.148ms
08-04 13:01:40.607  8104  8397 I art     : Starting a blocking GC Explicit
08-04 13:01:40.637  8104  8397 I art     : Explicit concurrent mark sweep GC freed 3(96B) AllocSpace objects, 0(0B) LOS objects, 38% free, 25MB/41MB, paused 219us total 29.758ms
08-04 13:01:40.651  8104  8397 I art     : Starting a blocking GC Explicit
08-04 13:01:40.695  8104  8397 I art     : Explicit concurrent mark sweep GC freed 3(96B) AllocSpace objects, 0(0B) LOS objects, 38% free, 25MB/41MB, paused 288us total 43.532ms
08-04 13:01:40.951  8104  8126 I art     : Starting a blocking GC Explicit
08-04 13:01:40.990  8104  8126 I art     : Explicit concurrent mark sweep GC freed 1398(82KB) AllocSpace objects, 1(20KB) LOS objects, 38% free, 25MB/41MB, paused 287us total 38.328ms
08-04 13:01:41.009  8104  8126 I art     : Starting a blocking GC Explicit
08-04 13:01:41.043  8104  8126 I art     : Explicit concurrent mark sweep GC freed 150(7KB) AllocSpace objects, 0(0B) LOS objects, 38% free, 25MB/41MB, paused 257us total 33.905ms
08-04 13:01:41.057  8104  8126 I art     : Starting a blocking GC Explicit
08-04 13:01:41.092  8104  8126 I art     : Explicit concurrent mark sweep GC freed 3(96B) AllocSpace objects, 0(0B) LOS objects, 38% free, 25MB/41MB, paused 252us total 34.397ms
08-04 13:01:41.106  8104  8126 I art     : Starting a blocking GC Explicit
08-04 13:01:41.140  8104  8126 I art     : Explicit concurrent mark sweep GC freed 3(96B) AllocSpace objects, 0(0B) LOS objects, 38% free, 25MB/41MB, paused 254us total 34.481ms
08-04 13:01:41.154  8104  8126 I art     : Starting a blocking GC Explicit
08-04 13:01:41.189  8104  8126 I art     : Explicit concurrent mark sweep GC freed 3(96B) AllocSpace objects, 0(0B) LOS objects, 38% free, 25MB/41MB, paused 258us total 34.341ms
08-04 13:01:41.487  8104  8117 I art     : Starting a blocking GC Explicit
08-04 13:01:41.530  8104  8117 I art     : Explicit concurrent mark sweep GC freed 1343(80KB) AllocSpace objects, 1(20KB) LOS objects, 38% free, 25MB/41MB, paused 294us total 42.657ms
08-04 13:01:41.547  8104  8117 I art     : Starting a blocking GC Explicit
08-04 13:01:41.583  8104  8117 I art     : Explicit concurrent mark sweep GC freed 20(704B) AllocSpace objects, 0(0B) LOS objects, 38% free, 25MB/41MB, paused 272us total 35.828ms
08-04 13:01:41.597  8104  8117 I art     : Starting a blocking GC Explicit
08-04 13:01:41.631  8104  8117 I art     : Explicit concurrent mark sweep GC freed 3(96B) AllocSpace objects, 0(0B) LOS objects, 38% free, 25MB/41MB, paused 262us total 33.672ms
08-04 13:01:41.645  8104  8117 I art     : Starting a blocking GC Explicit
08-04 13:01:41.680  8104  8117 I art     : Explicit concurrent mark sweep GC freed 3(96B) AllocSpace objects, 0(0B) LOS objects, 38% free, 25MB/41MB, paused 239us total 34.819ms
08-04 13:01:41.694  8104  8117 I art     : Starting a blocking GC Explicit
08-04 13:01:41.727  8104  8117 I art     : Explicit concurrent mark sweep GC freed 3(96B) AllocSpace objects, 0(0B) LOS objects, 38% free, 25MB/41MB, paused 324us total 32.994ms
08-04 13:01:41.990  8104  8116 I art     : Starting a blocking GC Explicit
08-04 13:01:42.025  8104  8116 I art     : Explicit concurrent mark sweep GC freed 1343(80KB) AllocSpace objects, 1(20KB) LOS objects, 38% free, 25MB/41MB, paused 255us total 34.782ms
08-04 13:01:42.039  8104  8116 I art     : Starting a blocking GC Explicit
08-04 13:01:42.073  8104  8116 I art     : Explicit concurrent mark sweep GC freed 20(704B) AllocSpace objects, 0(0B) LOS objects, 38% free, 25MB/41MB, paused 257us total 33.648ms
08-04 13:01:42.086  8104  8116 I art     : Starting a blocking GC Explicit
08-04 13:01:42.107  9879  9879 D AndroidRuntime: >>>>>> START com.android.internal.os.RuntimeInit uid 2000 <<<<<<
08-04 13:01:42.111  9879  9879 D AndroidRuntime: CheckJNI is OFF
08-04 13:01:42.119  8104  8116 I art     : Explicit concurrent mark sweep GC freed 3(96B) AllocSpace objects, 0(0B) LOS objects, 38% free, 25MB/41MB, paused 249us total 32.392ms
08-04 13:01:42.132  8104  8116 I art     : Starting a blocking GC Explicit
08-04 13:01:42.147  9879  9879 D ICU     : No timezone override file found: /data/misc/zoneinfo/current/icu/icu_tzdata.dat
08-04 13:01:42.164  8104  8116 I art     : Explicit concurrent mark sweep GC freed 3(96B) AllocSpace objects, 0(0B) LOS objects, 38% free, 25MB/41MB, paused 254us total 31.723ms
08-04 13:01:42.165  8104  8114 I art     : WaitForGcToComplete blocked for 16.518ms for cause HeapTrim
08-04 13:01:42.178  8104  8116 I art     : Starting a blocking GC Explicit
08-04 13:01:42.182  9879  9879 I Radio-JNI: register_android_hardware_Radio DONE
08-04 13:01:42.204  9879  9879 D AndroidRuntime: Calling main entry com.android.commands.input.Input
08-04 13:01:42.206  9879  9879 I Input   : injectMotionEvent: MotionEvent { action=ACTION_DOWN, actionButton=0, id[0]=0, x[0]=600.0, y[0]=1000.0, toolType[0]=TOOL_TYPE_UNKNOWN, buttonState=0, metaState=0, flags=0x0, edgeFlags=0x0, pointerCount=1, historySize=0, eventTime=709318619, downTime=709318619, deviceId=0, source=0x1002 }
08-04 13:01:42.209  8104  8116 I art     : Explicit concurrent mark sweep GC freed 3(96B) AllocSpace objects, 0(0B) LOS objects, 38% free, 25MB/41MB, paused 390us total 31.358ms
08-04 13:01:42.212  9879  9879 I Input   : injectMotionEvent: MotionEvent { action=ACTION_UP, actionButton=0, id[0]=0, x[0]=600.0, y[0]=1000.0, toolType[0]=TOOL_TYPE_UNKNOWN, buttonState=0, metaState=0, flags=0x0, edgeFlags=0x0, pointerCount=1, historySize=0, eventTime=709318619, downTime=709318619, deviceId=0, source=0x1002 }
08-04 13:01:42.214  9879  9879 D AndroidRuntime: Shutting down VM
08-04 13:01:42.223   918  3670 I ActivityManager: START u0 {dat=https://oauth.reddit.com/... cmp=baseline.org.quantumbadger.redreader/.activities.PostListingActivity} from uid 10666 on display 0
08-04 13:01:42.223   512  2967 D audio_hw_primary: out_set_parameters: enter: usecase(1: low-latency-playback) kvpairs: routing=2
08-04 13:01:42.236   512  2967 D audio_hw_primary: select_devices: out_snd_device(2: speaker) in_snd_device(0: none)
08-04 13:01:42.236   512  2967 D msm8974_platform: platform_send_audio_calibration: sending audio calibration for snd_device(2) acdb_id(15)
08-04 13:01:42.236   512  2967 I soundtrigger: audio_extn_sound_trigger_update_device_status: device 0x2 of type 0 for Event 1
08-04 13:01:42.242  8104  8104 I AppCompatViewInflater: app:theme is now deprecated. Please move to using android:theme instead.
08-04 13:01:42.247   512  2967 D audio_hw_primary: enable_snd_device: snd_device(2: speaker)
08-04 13:01:42.249   512  2967 D audio_hw_primary: enable_audio_route: apply and update mixer path: low-latency-playback speaker
08-04 13:01:42.259  8104  9905 D OK      : calling: https://oauth.reddit.com/r/announcements/about.json
08-04 13:01:42.315   918   936 I ActivityManager: Displayed baseline.org.quantumbadger.redreader/.activities.PostListingActivity: +84ms
08-04 13:01:42.315 13866 13866 I GoogleInputMethodServic: GoogleInputMethodService.onFinishInput():3138 
08-04 13:01:42.316 13866 13866 I GoogleInputMethodServic: GoogleInputMethodService.onStartInput():1808 
08-04 13:01:42.454  8104  8116 I art     : Starting a blocking GC Explicit
08-04 13:01:42.498  8104  8116 I art     : Explicit concurrent mark sweep GC freed 4948(263KB) AllocSpace objects, 1(20KB) LOS objects, 38% free, 25MB/41MB, paused 357us total 43.150ms
08-04 13:01:42.514  8104  8116 I art     : Starting a blocking GC Explicit
08-04 13:01:42.557  8104  8116 I art     : Explicit concurrent mark sweep GC freed 535(27KB) AllocSpace objects, 0(0B) LOS objects, 38% free, 25MB/41MB, paused 556us total 42.759ms
08-04 13:01:42.572   380   380 W SurfaceFlinger: couldn't log to binary event log: overflow.
08-04 13:01:42.573  8104  8116 I art     : Starting a blocking GC Explicit
08-04 13:01:42.581   918  3261 D WifiStateMachine: starting scan for "H369AA63323"WPA_PSK with 2412,5180
08-04 13:01:42.586  8104  9905 I NAPPA_EXPERIMENTATION: MetricNetworkRequestExecutionTime: REQUEST_DURATION_SYSTEM='327',REQUEST_DURATION_OKHTTP='139',REQUEST_SYNCHRONOUS='TRUE',RESPONSE_CODE='200',RESPONSE_METHOD='GET',RESPONSE_LENGTH_OKHTTP='-1',RESPONSE_LENGTH_HEADER='1564',REQUEST_PROTOCOL='h2',REQUEST_URL='https://oauth.reddit.com/r/announcements/about.json',
08-04 13:01:42.586  8104  9905 D OK      : request got status: 200
08-04 13:01:42.606  8104  8116 I art     : Explicit concurrent mark sweep GC freed 476(35KB) AllocSpace objects, 0(0B) LOS objects, 38% free, 25MB/41MB, paused 346us total 32.113ms
08-04 13:01:42.618  8104  8116 I art     : Starting a blocking GC Explicit
08-04 13:01:42.648  8104  8116 I art     : Explicit concurrent mark sweep GC freed 501(67KB) AllocSpace objects, 1(68KB) LOS objects, 38% free, 25MB/41MB, paused 353us total 29.744ms
08-04 13:01:42.661  8104  8116 I art     : Starting a blocking GC Explicit
08-04 13:01:42.692  8104  8116 I art     : Explicit concurrent mark sweep GC freed 712(58KB) AllocSpace objects, 1(68KB) LOS objects, 38% free, 25MB/41MB, paused 290us total 30.153ms
08-04 13:01:42.799   512  2967 D audio_hw_primary: disable_audio_route: reset and update mixer path: low-latency-playback speaker
08-04 13:01:42.800   512  2967 D audio_hw_primary: disable_snd_device: snd_device(2: speaker)
08-04 13:01:42.809   512  2967 I soundtrigger: audio_extn_sound_trigger_update_device_status: device 0x2 of type 0 for Event 0
08-04 13:01:42.972  8104  8117 I art     : Starting a blocking GC Explicit
08-04 13:01:43.016  8104  8117 I art     : Explicit concurrent mark sweep GC freed 1585(94KB) AllocSpace objects, 1(20KB) LOS objects, 38% free, 25MB/41MB, paused 334us total 43.748ms
08-04 13:01:43.030  8104  8117 I art     : Starting a blocking GC Explicit
08-04 13:01:43.062  8104  8117 I art     : Explicit concurrent mark sweep GC freed 20(704B) AllocSpace objects, 0(0B) LOS objects, 38% free, 25MB/41MB, paused 280us total 31.626ms
08-04 13:01:43.075  8104  8117 I art     : Starting a blocking GC Explicit
08-04 13:01:43.108  8104  8117 I art     : Explicit concurrent mark sweep GC freed 27(1120B) AllocSpace objects, 0(0B) LOS objects, 38% free, 25MB/41MB, paused 257us total 32.822ms
08-04 13:01:43.122  8104  8117 I art     : Starting a blocking GC Explicit
08-04 13:01:43.156  8104  8117 I art     : Explicit concurrent mark sweep GC freed 3(96B) AllocSpace objects, 0(0B) LOS objects, 38% free, 25MB/41MB, paused 255us total 33.401ms
08-04 13:01:43.169  8104  8117 I art     : Starting a blocking GC Explicit
08-04 13:01:43.203  8104  8117 I art     : Explicit concurrent mark sweep GC freed 3(96B) AllocSpace objects, 0(0B) LOS objects, 38% free, 25MB/41MB, paused 285us total 33.116ms
08-04 13:01:43.460  8104  9939 D OK      : calling: https://oauth.reddit.com/r/announcements/hot/.json
08-04 13:01:43.495  8104  8126 I art     : Starting a blocking GC Explicit
08-04 13:01:43.530  8104  8126 I art     : Explicit concurrent mark sweep GC freed 1435(85KB) AllocSpace objects, 1(20KB) LOS objects, 38% free, 25MB/41MB, paused 336us total 34.825ms
08-04 13:01:43.544  8104  8126 I art     : Starting a blocking GC Explicit
08-04 13:01:43.578  8104  8126 I art     : Explicit concurrent mark sweep GC freed 26(960B) AllocSpace objects, 0(0B) LOS objects, 38% free, 25MB/41MB, paused 346us total 34.323ms
08-04 13:01:43.582  3644  3644 I Atfwd_Sendcmd: AtCmdFwd service not ready - Exhausted retry attempts - :6
08-04 13:01:43.582  3644  3644 I Atfwd_Daemon: result : -1 	 ,Init step :2 	 ,qmiErrorCode: 0
08-04 13:01:43.592  8104  8126 I art     : Starting a blocking GC Explicit
08-04 13:01:43.626  8104  8126 I art     : Explicit concurrent mark sweep GC freed 3(96B) AllocSpace objects, 0(0B) LOS objects, 38% free, 25MB/41MB, paused 292us total 33.619ms
08-04 13:01:43.639  8104  8126 I art     : Starting a blocking GC Explicit
08-04 13:01:43.673  8104  8126 I art     : Explicit concurrent mark sweep GC freed 3(96B) AllocSpace objects, 0(0B) LOS objects, 38% free, 25MB/41MB, paused 327us total 33.776ms
08-04 13:01:43.687  8104  8126 I art     : Starting a blocking GC Explicit
08-04 13:01:43.718  8104  9939 I NAPPA_EXPERIMENTATION: MetricNetworkRequestExecutionTime: REQUEST_DURATION_SYSTEM='258',REQUEST_DURATION_OKHTTP='254',REQUEST_SYNCHRONOUS='TRUE',RESPONSE_CODE='200',RESPONSE_METHOD='GET',RESPONSE_LENGTH_OKHTTP='-1',RESPONSE_LENGTH_HEADER='142016',REQUEST_PROTOCOL='h2',REQUEST_URL='https://oauth.reddit.com/r/announcements/hot/.json',
08-04 13:01:43.718  8104  9939 D OK      : request got status: 200
08-04 13:01:43.721  8104  8126 I art     : Explicit concurrent mark sweep GC freed 358(30KB) AllocSpace objects, 0(0B) LOS objects, 38% free, 25MB/41MB, paused 417us total 34.012ms
08-04 13:01:43.726  8104  8669 I PostListingFragment: Precaching images: OFF
08-04 13:01:43.726  8104  8669 I PostListingFragment: Precaching comments: OFF
08-04 13:01:43.736 13866 13882 I PeriodicStatsRunner: PeriodicStatsRunner.call():175 call()
08-04 13:01:43.736 13866 13882 I PeriodicStatsRunner: PeriodicStatsRunner.call():179 No submit PeriodicStats since input started.
08-04 13:01:43.904  8104  9946 D OK      : calling: https://b.thumbs.redditmedia.com/RROcLjDSUc0QV1UeQ1txXdyl1C_7233mmsMgtYXxQzo.jpg
08-04 13:01:43.936  8104  9951 D OK      : calling: https://a.thumbs.redditmedia.com/N-frnMqRYp_XiaGds7kPbHf82a876RNKSQ1iw0LzHR0.jpg
08-04 13:01:43.952  8104  9952 D OK      : calling: https://b.thumbs.redditmedia.com/KH2o_q4MXufUdRChsfwLtl6gnEnT8MJtZn3Tyj5ZmBU.jpg
08-04 13:01:43.985  8104  8126 I art     : Starting a blocking GC Explicit
08-04 13:01:44.000  8104  9953 D OK      : calling: https://b.thumbs.redditmedia.com/MGaOJeZl7UsmdtroJopYU_36HUNvQ9LUV5WFH_FJ2vI.jpg
08-04 13:01:44.032  8104  8126 I art     : Explicit concurrent mark sweep GC freed 12595(693KB) AllocSpace objects, 7(140KB) LOS objects, 35% free, 28MB/44MB, paused 842us total 46.906ms
08-04 13:01:44.048  8104  8126 I art     : Starting a blocking GC Explicit
08-04 13:01:44.052  8104  9954 D OK      : calling: https://a.thumbs.redditmedia.com/-D0hxchgus9EyzvGqvnabK_3Obl93tMfG9G58V1QwW8.jpg
08-04 13:01:44.071  8104  9957 D OK      : calling: https://b.thumbs.redditmedia.com/zCaV9kuSMZxmMvdmErGyUsYNdPrmX8LP9_Ee4QTT16g.jpg
08-04 13:01:44.081  8104  9958 D OK      : calling: https://b.thumbs.redditmedia.com/4EGkxZNzrzt-RCtd035cWyO0BipdbDVuPwi4W2v4TyM.jpg
08-04 13:01:44.093  8104  8126 I art     : Explicit concurrent mark sweep GC freed 7059(355KB) AllocSpace objects, 0(0B) LOS objects, 35% free, 29MB/45MB, paused 1.011ms total 45.427ms
08-04 13:01:44.108  8104  8126 I art     : Starting a blocking GC Explicit
08-04 13:01:44.119  8104  9959 D OK      : calling: https://a.thumbs.redditmedia.com/aVhMBmGX07uX0KhK0rKdhMvQ4UsOJIHN4KeTaa36EF4.jpg
08-04 13:01:44.159  8104  8126 I art     : Explicit concurrent mark sweep GC freed 13647(588KB) AllocSpace objects, 2(104KB) LOS objects, 35% free, 29MB/45MB, paused 1.560ms total 51.177ms
08-04 13:01:44.174  8104  8126 I art     : Starting a blocking GC Explicit
08-04 13:01:44.211  8104  8126 I art     : Explicit concurrent mark sweep GC freed 59963(3MB) AllocSpace objects, 9(220KB) LOS objects, 38% free, 25MB/41MB, paused 883us total 36.470ms
08-04 13:01:44.224  8104  8126 I art     : Starting a blocking GC Explicit
08-04 13:01:44.251  8104  8104 W RecyclerView: Cannot call this method in a scroll callback. Scroll callbacks mightbe run during a measure & layout pass where you cannot change theRecyclerView data. Any method call that might change the structureof the RecyclerView or the adapter contents should be postponed tothe next frame.
08-04 13:01:44.251  8104  8104 W RecyclerView: java.lang.IllegalStateException:  androidx.recyclerview.widget.RecyclerView{3b56550 VFED..... .F....ID 0,0-1440,2140 #7f0900ef app:id/scrollbar_recyclerview_recyclerview}, adapter:baseline.org.quantumbadger.redreader.adapters.GroupedRecyclerViewAdapter@4fab349, layout:androidx.recyclerview.widget.LinearLayoutManager@4d4c44e, context:baseline.org.quantumbadger.redreader.activities.PostListingActivity@1852cb3
08-04 13:01:44.251  8104  8104 W RecyclerView: 	at androidx.recyclerview.widget.RecyclerView.assertNotInLayoutOrScroll(RecyclerView.java:3061)
08-04 13:01:44.251  8104  8104 W RecyclerView: 	at androidx.recyclerview.widget.RecyclerView$RecyclerViewDataObserver.onItemRangeInserted(RecyclerView.java:5555)
08-04 13:01:44.251  8104  8104 W RecyclerView: 	at androidx.recyclerview.widget.RecyclerView$AdapterDataObservable.notifyItemRangeInserted(RecyclerView.java:12278)
08-04 13:01:44.251  8104  8104 W RecyclerView: 	at androidx.recyclerview.widget.RecyclerView$Adapter.notifyItemInserted(RecyclerView.java:7464)
08-04 13:01:44.251  8104  8104 W RecyclerView: 	at baseline.org.quantumbadger.redreader.adapters.GroupedRecyclerViewAdapter.updateHiddenStatus(GroupedRecyclerViewAdapter.java:279)
08-04 13:01:44.251  8104  8104 W RecyclerView: 	at baseline.org.quantumbadger.redreader.adapters.RedditListingManager.setLoadingVisible(RedditListingManager.java:125)
08-04 13:01:44.251  8104  8104 W RecyclerView: 	at baseline.org.quantumbadger.redreader.fragments.PostListingFragment.onLoadMoreItemsCheck(PostListingFragment.java:465)
08-04 13:01:44.251  8104  8104 W RecyclerView: 	at baseline.org.quantumbadger.redreader.fragments.PostListingFragment.access$000(PostListingFragment.java:98)
08-04 13:01:44.251  8104  8104 W RecyclerView: 	at baseline.org.quantumbadger.redreader.fragments.PostListingFragment$2.onScrolled(PostListingFragment.java:215)
08-04 13:01:44.251  8104  8104 W RecyclerView: 	at androidx.recyclerview.widget.RecyclerView.dispatchOnScrolled(RecyclerView.java:5173)
08-04 13:01:44.251  8104  8104 W RecyclerView: 	at androidx.recyclerview.widget.RecyclerView.dispatchLayoutStep3(RecyclerView.java:4231)
08-04 13:01:44.251  8104  8104 W RecyclerView: 	at androidx.recyclerview.widget.RecyclerView.dispatchLayout(RecyclerView.java:3862)
08-04 13:01:44.251  8104  8104 W RecyclerView: 	at androidx.recyclerview.widget.RecyclerView.consumePendingUpdateOperations(RecyclerView.java:1897)
08-04 13:01:44.251  8104  8104 W RecyclerView: 	at androidx.recyclerview.widget.RecyclerView$1.run(RecyclerView.java:414)
08-04 13:01:44.251  8104  8104 W RecyclerView: 	at android.view.Choreographer$CallbackRecord.run(Choreographer.java:858)
08-04 13:01:44.251  8104  8104 W RecyclerView: 	at android.view.Choreographer.doCallbacks(Choreographer.java:670)
08-04 13:01:44.251  8104  8104 W RecyclerView: 	at android.view.Choreographer.doFrame(Choreographer.java:603)
08-04 13:01:44.251  8104  8104 W RecyclerView: 	at android.view.Choreographer$FrameDisplayEventReceiver.run(Choreographer.java:844)
08-04 13:01:44.251  8104  8104 W RecyclerView: 	at android.os.Handler.handleCallback(Handler.java:739)
08-04 13:01:44.251  8104  8104 W RecyclerView: 	at android.os.Handler.dispatchMessage(Handler.java:95)
08-04 13:01:44.251  8104  8104 W RecyclerView: 	at android.os.Looper.loop(Looper.java:148)
08-04 13:01:44.251  8104  8104 W RecyclerView: 	at android.app.ActivityThread.main(ActivityThread.java:5417)
08-04 13:01:44.251  8104  8104 W RecyclerView: 	at java.lang.reflect.Method.invoke(Native Method)
08-04 13:01:44.251  8104  8104 W RecyclerView: 	at com.android.internal.os.ZygoteInit$MethodAndArgsCaller.run(ZygoteInit.java:726)
08-04 13:01:44.251  8104  8104 W RecyclerView: 	at com.android.internal.os.ZygoteInit.main(ZygoteInit.java:616)
08-04 13:01:44.261  8104  8126 I art     : Explicit concurrent mark sweep GC freed 6949(356KB) AllocSpace objects, 0(0B) LOS objects, 37% free, 26MB/42MB, paused 1.266ms total 36.863ms
08-04 13:01:44.326  8104  9953 I NAPPA_EXPERIMENTATION: MetricNetworkRequestExecutionTime: REQUEST_DURATION_SYSTEM='326',REQUEST_DURATION_OKHTTP='176',REQUEST_SYNCHRONOUS='TRUE',RESPONSE_CODE='200',RESPONSE_METHOD='GET',RESPONSE_LENGTH_OKHTTP='4804',RESPONSE_LENGTH_HEADER='4804',REQUEST_PROTOCOL='h2',REQUEST_URL='https://b.thumbs.redditmedia.com/MGaOJeZl7UsmdtroJopYU_36HUNvQ9LUV5WFH_FJ2vI.jpg',
08-04 13:01:44.326  8104  9953 D OK      : request got status: 200
08-04 13:01:44.346  8104  9952 I NAPPA_EXPERIMENTATION: MetricNetworkRequestExecutionTime: REQUEST_DURATION_SYSTEM='394',REQUEST_DURATION_OKHTTP='200',REQUEST_SYNCHRONOUS='TRUE',RESPONSE_CODE='200',RESPONSE_METHOD='GET',RESPONSE_LENGTH_OKHTTP='2613',RESPONSE_LENGTH_HEADER='2613',REQUEST_PROTOCOL='h2',REQUEST_URL='https://b.thumbs.redditmedia.com/KH2o_q4MXufUdRChsfwLtl6gnEnT8MJtZn3Tyj5ZmBU.jpg',
08-04 13:01:44.346  8104  9952 D OK      : request got status: 200
08-04 13:01:44.370  8104  9951 I NAPPA_EXPERIMENTATION: MetricNetworkRequestExecutionTime: REQUEST_DURATION_SYSTEM='434',REQUEST_DURATION_OKHTTP='218',REQUEST_SYNCHRONOUS='TRUE',RESPONSE_CODE='200',RESPONSE_METHOD='GET',RESPONSE_LENGTH_OKHTTP='3750',RESPONSE_LENGTH_HEADER='3750',REQUEST_PROTOCOL='h2',REQUEST_URL='https://a.thumbs.redditmedia.com/N-frnMqRYp_XiaGds7kPbHf82a876RNKSQ1iw0LzHR0.jpg',
08-04 13:01:44.371  8104  9951 D OK      : request got status: 200
08-04 13:01:44.373  8104  9946 I NAPPA_EXPERIMENTATION: MetricNetworkRequestExecutionTime: REQUEST_DURATION_SYSTEM='469',REQUEST_DURATION_OKHTTP='219',REQUEST_SYNCHRONOUS='TRUE',RESPONSE_CODE='200',RESPONSE_METHOD='GET',RESPONSE_LENGTH_OKHTTP='2558',RESPONSE_LENGTH_HEADER='2558',REQUEST_PROTOCOL='h2',REQUEST_URL='https://b.thumbs.redditmedia.com/RROcLjDSUc0QV1UeQ1txXdyl1C_7233mmsMgtYXxQzo.jpg',
08-04 13:01:44.373  8104  9946 D OK      : request got status: 200
08-04 13:01:44.393  8104  9954 I NAPPA_EXPERIMENTATION: MetricNetworkRequestExecutionTime: REQUEST_DURATION_SYSTEM='341',REQUEST_DURATION_OKHTTP='235',REQUEST_SYNCHRONOUS='TRUE',RESPONSE_CODE='200',RESPONSE_METHOD='GET',RESPONSE_LENGTH_OKHTTP='4818',RESPONSE_LENGTH_HEADER='4818',REQUEST_PROTOCOL='h2',REQUEST_URL='https://a.thumbs.redditmedia.com/-D0hxchgus9EyzvGqvnabK_3Obl93tMfG9G58V1QwW8.jpg',
08-04 13:01:44.393  8104  9954 D OK      : request got status: 200
08-04 13:01:44.409  8104  9957 I NAPPA_EXPERIMENTATION: MetricNetworkRequestExecutionTime: REQUEST_DURATION_SYSTEM='338',REQUEST_DURATION_OKHTTP='161',REQUEST_SYNCHRONOUS='TRUE',RESPONSE_CODE='200',RESPONSE_METHOD='GET',RESPONSE_LENGTH_OKHTTP='6132',RESPONSE_LENGTH_HEADER='6132',REQUEST_PROTOCOL='h2',REQUEST_URL='https://b.thumbs.redditmedia.com/zCaV9kuSMZxmMvdmErGyUsYNdPrmX8LP9_Ee4QTT16g.jpg',
08-04 13:01:44.410  8104  9957 D OK      : request got status: 200
08-04 13:01:44.435  8104  9958 I NAPPA_EXPERIMENTATION: MetricNetworkRequestExecutionTime: REQUEST_DURATION_SYSTEM='353',REQUEST_DURATION_OKHTTP='175',REQUEST_SYNCHRONOUS='TRUE',RESPONSE_CODE='200',RESPONSE_METHOD='GET',RESPONSE_LENGTH_OKHTTP='4987',RESPONSE_LENGTH_HEADER='4987',REQUEST_PROTOCOL='h2',REQUEST_URL='https://b.thumbs.redditmedia.com/4EGkxZNzrzt-RCtd035cWyO0BipdbDVuPwi4W2v4TyM.jpg',
08-04 13:01:44.435  8104  9958 D OK      : request got status: 200
08-04 13:01:44.435  8104  9959 I NAPPA_EXPERIMENTATION: MetricNetworkRequestExecutionTime: REQUEST_DURATION_SYSTEM='316',REQUEST_DURATION_OKHTTP='166',REQUEST_SYNCHRONOUS='TRUE',RESPONSE_CODE='200',RESPONSE_METHOD='GET',RESPONSE_LENGTH_OKHTTP='6940',RESPONSE_LENGTH_HEADER='6940',REQUEST_PROTOCOL='h2',REQUEST_URL='https://a.thumbs.redditmedia.com/aVhMBmGX07uX0KhK0rKdhMvQ4UsOJIHN4KeTaa36EF4.jpg',
08-04 13:01:44.435  8104  9959 D OK      : request got status: 200
08-04 13:01:44.536  8104  8116 I art     : Starting a blocking GC Explicit
08-04 13:01:44.570  8104  8116 I art     : Explicit concurrent mark sweep GC freed 6144(686KB) AllocSpace objects, 44(2MB) LOS objects, 36% free, 27MB/43MB, paused 272us total 34.048ms
08-04 13:01:44.583  8104  8116 I art     : Starting a blocking GC Explicit
08-04 13:01:44.615  8104  8116 I art     : Explicit concurrent mark sweep GC freed 531(18KB) AllocSpace objects, 0(0B) LOS objects, 36% free, 27MB/43MB, paused 273us total 31.822ms
08-04 13:01:44.629  8104  8116 I art     : Starting a blocking GC Explicit
08-04 13:01:44.660  8104  9980 D OK      : calling: https://oauth.reddit.com/r/announcements/hot/.json?after=t3_9jf8nh
08-04 13:01:44.665  8104  8116 I art     : Explicit concurrent mark sweep GC freed 85(3KB) AllocSpace objects, 0(0B) LOS objects, 36% free, 27MB/43MB, paused 394us total 35.964ms
08-04 13:01:44.679  8104  8116 I art     : Starting a blocking GC Explicit
08-04 13:01:44.715  8104  8116 I art     : Explicit concurrent mark sweep GC freed 22(944B) AllocSpace objects, 0(0B) LOS objects, 36% free, 27MB/43MB, paused 350us total 35.704ms
08-04 13:01:44.729  8104  8116 I art     : Starting a blocking GC Explicit
08-04 13:01:44.766  8104  8116 I art     : Explicit concurrent mark sweep GC freed 65(4KB) AllocSpace objects, 0(0B) LOS objects, 36% free, 27MB/43MB, paused 370us total 36.624ms
08-04 13:01:44.886   918  3188 I hubconnection: sensorhub said: 'set_bias 3: -6.2400, 0.0000, 0.0000'
08-04 13:01:44.978  8104  9980 I NAPPA_EXPERIMENTATION: MetricNetworkRequestExecutionTime: REQUEST_DURATION_SYSTEM='317',REQUEST_DURATION_OKHTTP='142',REQUEST_SYNCHRONOUS='TRUE',RESPONSE_CODE='200',RESPONSE_METHOD='GET',RESPONSE_LENGTH_OKHTTP='-1',RESPONSE_LENGTH_HEADER='65685',REQUEST_PROTOCOL='h2',REQUEST_URL='https://oauth.reddit.com/r/announcements/hot/.json?after=t3_9jf8nh',
08-04 13:01:44.978  8104  9980 D OK      : request got status: 200
08-04 13:01:44.991  8104  8669 I PostListingFragment: Precaching images: OFF
08-04 13:01:44.991  8104  8669 I PostListingFragment: Precaching comments: OFF
08-04 13:01:45.033  8104  9993 D OK      : calling: https://a.thumbs.redditmedia.com/8P7BG-empihRDWkNYE_LZ8tekikmQtEiymWkwv7obo0.jpg
08-04 13:01:45.065  8104  9994 D OK      : calling: https://b.thumbs.redditmedia.com/PCxvz6Ma5pyTglQOwhW4LZZOY0qIwyWW5pD83dYmMgc.jpg
08-04 13:01:45.072  8104  8117 I art     : Starting a blocking GC Explicit
08-04 13:01:45.115  8104  8117 I art     : Explicit concurrent mark sweep GC freed 12105(678KB) AllocSpace objects, 3(52KB) LOS objects, 35% free, 29MB/45MB, paused 764us total 42.987ms
08-04 13:01:45.131  8104  8117 I art     : Starting a blocking GC Explicit
08-04 13:01:45.174  8104  8117 I art     : Explicit concurrent mark sweep GC freed 5917(265KB) AllocSpace objects, 2(92KB) LOS objects, 35% free, 28MB/44MB, paused 652us total 42.844ms
08-04 13:01:45.188  8104  8117 I art     : Starting a blocking GC Explicit
08-04 13:01:45.198  8104  9994 I NAPPA_EXPERIMENTATION: MetricNetworkRequestExecutionTime: REQUEST_DURATION_SYSTEM='133',REQUEST_DURATION_OKHTTP='132',REQUEST_SYNCHRONOUS='TRUE',RESPONSE_CODE='200',RESPONSE_METHOD='GET',RESPONSE_LENGTH_OKHTTP='9233',RESPONSE_LENGTH_HEADER='9233',REQUEST_PROTOCOL='h2',REQUEST_URL='https://b.thumbs.redditmedia.com/PCxvz6Ma5pyTglQOwhW4LZZOY0qIwyWW5pD83dYmMgc.jpg',
08-04 13:01:45.198  8104  9994 D OK      : request got status: 200
08-04 13:01:45.231  8104  8117 I art     : Explicit concurrent mark sweep GC freed 4216(206KB) AllocSpace objects, 4(176KB) LOS objects, 35% free, 29MB/45MB, paused 539us total 42.426ms
08-04 13:01:45.246  8104  8117 I art     : Starting a blocking GC Explicit
08-04 13:01:45.263  8104  9993 I NAPPA_EXPERIMENTATION: MetricNetworkRequestExecutionTime: REQUEST_DURATION_SYSTEM='230',REQUEST_DURATION_OKHTTP='140',REQUEST_SYNCHRONOUS='TRUE',RESPONSE_CODE='200',RESPONSE_METHOD='GET',RESPONSE_LENGTH_OKHTTP='3039',RESPONSE_LENGTH_HEADER='3039',REQUEST_PROTOCOL='h2',REQUEST_URL='https://a.thumbs.redditmedia.com/8P7BG-empihRDWkNYE_LZ8tekikmQtEiymWkwv7obo0.jpg',
08-04 13:01:45.263  8104  9993 D OK      : request got status: 200
08-04 13:01:45.288  8104  8117 I art     : Explicit concurrent mark sweep GC freed 4046(187KB) AllocSpace objects, 3(216KB) LOS objects, 35% free, 29MB/45MB, paused 523us total 42.449ms
08-04 13:01:45.303  8104  8117 I art     : Starting a blocking GC Explicit
08-04 13:01:45.340  8104  8117 I art     : Explicit concurrent mark sweep GC freed 17365(922KB) AllocSpace objects, 10(568KB) LOS objects, 36% free, 28MB/44MB, paused 288us total 37.013ms
08-04 13:01:45.493 13866 13882 I PeriodicStatsRunner: PeriodicStatsRunner.call():175 call()
08-04 13:01:45.493 13866 13882 I PeriodicStatsRunner: PeriodicStatsRunner.call():179 No submit PeriodicStats since input started.
08-04 13:01:45.663  8104  8126 I art     : Starting a blocking GC Explicit
08-04 13:01:45.711  8104  8126 I art     : Explicit concurrent mark sweep GC freed 1520(89KB) AllocSpace objects, 2(88KB) LOS objects, 36% free, 28MB/44MB, paused 325us total 47.685ms
08-04 13:01:45.730  8104  8126 I art     : Starting a blocking GC Explicit
08-04 13:01:45.770  8104  8126 I art     : Explicit concurrent mark sweep GC freed 29(1024B) AllocSpace objects, 0(0B) LOS objects, 36% free, 28MB/44MB, paused 312us total 39.692ms
08-04 13:01:45.784  8104  8126 I art     : Starting a blocking GC Explicit
08-04 13:01:45.823  8104  8126 I art     : Explicit concurrent mark sweep GC freed 3(96B) AllocSpace objects, 0(0B) LOS objects, 36% free, 28MB/44MB, paused 283us total 37.952ms
08-04 13:01:45.837  8104  8126 I art     : Starting a blocking GC Explicit
08-04 13:01:45.874  8104  8126 I art     : Explicit concurrent mark sweep GC freed 3(96B) AllocSpace objects, 0(0B) LOS objects, 36% free, 28MB/44MB, paused 273us total 36.580ms
08-04 13:01:45.888  8104  8126 I art     : Starting a blocking GC Explicit
08-04 13:01:45.924  8104  8126 I art     : Explicit concurrent mark sweep GC freed 3(96B) AllocSpace objects, 0(0B) LOS objects, 36% free, 28MB/44MB, paused 277us total 35.748ms
08-04 13:01:46.241  8104  8397 I art     : Starting a blocking GC Explicit
08-04 13:01:46.279  8104  8397 I art     : Explicit concurrent mark sweep GC freed 1344(82KB) AllocSpace objects, 1(20KB) LOS objects, 36% free, 28MB/44MB, paused 296us total 38.108ms
08-04 13:01:46.294  8104  8397 I art     : Starting a blocking GC Explicit
08-04 13:01:46.332  8104  8397 I art     : Explicit concurrent mark sweep GC freed 20(704B) AllocSpace objects, 0(0B) LOS objects, 36% free, 28MB/44MB, paused 289us total 37.554ms
08-04 13:01:46.346  8104  8397 I art     : Starting a blocking GC Explicit
08-04 13:01:46.383  8104  8397 I art     : Explicit concurrent mark sweep GC freed 3(96B) AllocSpace objects, 0(0B) LOS objects, 36% free, 28MB/44MB, paused 293us total 36.886ms
08-04 13:01:46.398  8104  8397 I art     : Starting a blocking GC Explicit
08-04 13:01:46.435  8104  8397 I art     : Explicit concurrent mark sweep GC freed 3(96B) AllocSpace objects, 0(0B) LOS objects, 36% free, 28MB/44MB, paused 296us total 37.284ms
08-04 13:01:46.450  8104  8397 I art     : Starting a blocking GC Explicit
08-04 13:01:46.487  8104  8397 I art     : Explicit concurrent mark sweep GC freed 3(96B) AllocSpace objects, 0(0B) LOS objects, 36% free, 28MB/44MB, paused 297us total 36.910ms
08-04 13:01:46.812  8104  8116 I art     : Starting a blocking GC Explicit
08-04 13:01:46.859  8104  8116 I art     : Explicit concurrent mark sweep GC freed 1344(82KB) AllocSpace objects, 1(20KB) LOS objects, 36% free, 28MB/44MB, paused 298us total 46.742ms
08-04 13:01:46.876  8104  8116 I art     : Starting a blocking GC Explicit
08-04 13:01:46.914  8104  8116 I art     : Explicit concurrent mark sweep GC freed 20(704B) AllocSpace objects, 0(0B) LOS objects, 36% free, 28MB/44MB, paused 283us total 38.119ms
08-04 13:01:46.928  8104  8116 I art     : Starting a blocking GC Explicit
08-04 13:01:46.966  8104  8116 I art     : Explicit concurrent mark sweep GC freed 3(96B) AllocSpace objects, 0(0B) LOS objects, 36% free, 28MB/44MB, paused 280us total 37.595ms
08-04 13:01:46.981  8104  8116 I art     : Starting a blocking GC Explicit
08-04 13:01:47.017  8104  8116 I art     : Explicit concurrent mark sweep GC freed 3(96B) AllocSpace objects, 0(0B) LOS objects, 36% free, 28MB/44MB, paused 289us total 35.897ms
08-04 13:01:47.031  8104  8116 I art     : Starting a blocking GC Explicit
08-04 13:01:47.068  8104  8116 I art     : Explicit concurrent mark sweep GC freed 3(96B) AllocSpace objects, 0(0B) LOS objects, 36% free, 28MB/44MB, paused 278us total 37.031ms
08-04 13:01:47.316 13866 13882 I PeriodicStatsRunner: PeriodicStatsRunner.call():175 call()
08-04 13:01:47.317 13866 13882 I PeriodicStatsRunner: PeriodicStatsRunner.call():179 No submit PeriodicStats since input started.
08-04 13:01:47.397  8104  8117 I art     : Starting a blocking GC Explicit
08-04 13:01:47.448  8104  8117 I art     : Explicit concurrent mark sweep GC freed 1349(82KB) AllocSpace objects, 1(20KB) LOS objects, 36% free, 28MB/44MB, paused 318us total 50.518ms
08-04 13:01:47.464  8104  8117 I art     : Starting a blocking GC Explicit
08-04 13:01:47.499  8104  8117 I art     : Explicit concurrent mark sweep GC freed 20(704B) AllocSpace objects, 0(0B) LOS objects, 36% free, 28MB/44MB, paused 269us total 34.994ms
08-04 13:01:47.513  8104  8117 I art     : Starting a blocking GC Explicit
08-04 13:01:47.547  8104  8117 I art     : Explicit concurrent mark sweep GC freed 3(96B) AllocSpace objects, 0(0B) LOS objects, 36% free, 28MB/44MB, paused 311us total 34.257ms
08-04 13:01:47.561  8104  8117 I art     : Starting a blocking GC Explicit
08-04 13:01:47.596  8104  8117 I art     : Explicit concurrent mark sweep GC freed 3(96B) AllocSpace objects, 0(0B) LOS objects, 36% free, 28MB/44MB, paused 267us total 34.809ms
08-04 13:01:47.609  8104  8117 I art     : Starting a blocking GC Explicit
08-04 13:01:47.645  8104  8117 I art     : Explicit concurrent mark sweep GC freed 3(96B) AllocSpace objects, 0(0B) LOS objects, 36% free, 28MB/44MB, paused 276us total 35.098ms
08-04 13:01:47.879 10039 10039 D AndroidRuntime: >>>>>> START com.android.internal.os.RuntimeInit uid 2000 <<<<<<
08-04 13:01:47.884 10039 10039 D AndroidRuntime: CheckJNI is OFF
08-04 13:01:47.918 10039 10039 D ICU     : No timezone override file found: /data/misc/zoneinfo/current/icu/icu_tzdata.dat
08-04 13:01:47.940  8104  8126 I art     : Starting a blocking GC Explicit
08-04 13:01:47.952 10039 10039 I Radio-JNI: register_android_hardware_Radio DONE
08-04 13:01:47.975 10039 10039 D AndroidRuntime: Calling main entry com.android.commands.input.Input
08-04 13:01:47.976 10039 10039 I Input   : injectMotionEvent: MotionEvent { action=ACTION_DOWN, actionButton=0, id[0]=0, x[0]=600.0, y[0]=580.0, toolType[0]=TOOL_TYPE_UNKNOWN, buttonState=0, metaState=0, flags=0x0, edgeFlags=0x0, pointerCount=1, historySize=0, eventTime=709324389, downTime=709324389, deviceId=0, source=0x1002 }
08-04 13:01:47.978  8104  8126 I art     : Explicit concurrent mark sweep GC freed 1348(82KB) AllocSpace objects, 1(20KB) LOS objects, 36% free, 28MB/44MB, paused 325us total 37.462ms
08-04 13:01:47.981 10039 10039 I Input   : injectMotionEvent: MotionEvent { action=ACTION_UP, actionButton=0, id[0]=0, x[0]=600.0, y[0]=580.0, toolType[0]=TOOL_TYPE_UNKNOWN, buttonState=0, metaState=0, flags=0x0, edgeFlags=0x0, pointerCount=1, historySize=0, eventTime=709324389, downTime=709324389, deviceId=0, source=0x1002 }
08-04 13:01:47.983 10039 10039 D AndroidRuntime: Shutting down VM
08-04 13:01:47.992  8104  8126 I art     : Starting a blocking GC Explicit
08-04 13:01:47.999   512  2967 D audio_hw_primary: out_set_parameters: enter: usecase(1: low-latency-playback) kvpairs: routing=2
08-04 13:01:48.000   918  3359 I ActivityManager: START u0 {cmp=baseline.org.quantumbadger.redreader/.activities.WebViewActivity (has extras)} from uid 10666 on display 0
08-04 13:01:48.012   512  2967 D audio_hw_primary: select_devices: out_snd_device(2: speaker) in_snd_device(0: none)
08-04 13:01:48.012   512  2967 D msm8974_platform: platform_send_audio_calibration: sending audio calibration for snd_device(2) acdb_id(15)
08-04 13:01:48.013   512  2967 I soundtrigger: audio_extn_sound_trigger_update_device_status: device 0x2 of type 0 for Event 1
08-04 13:01:48.020  8104  8104 I AppCompatViewInflater: app:theme is now deprecated. Please move to using android:theme instead.
08-04 13:01:48.023   512  2967 D audio_hw_primary: enable_snd_device: snd_device(2: speaker)
08-04 13:01:48.025   512  2967 D audio_hw_primary: enable_audio_route: apply and update mixer path: low-latency-playback speaker
08-04 13:01:48.026  8104  8126 I art     : Explicit concurrent mark sweep GC freed 1037(44KB) AllocSpace objects, 0(0B) LOS objects, 36% free, 28MB/44MB, paused 544us total 33.796ms
08-04 13:01:48.038  8104  8104 I WebViewFactory: Loading com.google.android.webview version 84.0.4147.89 (code 414708953)
08-04 13:01:48.041  8104  8126 I art     : Starting a blocking GC Explicit
08-04 13:01:48.072  8104  8126 I art     : Explicit concurrent mark sweep GC freed 5935(532KB) AllocSpace objects, 3(76KB) LOS objects, 36% free, 28MB/44MB, paused 565us total 31.493ms
08-04 13:01:48.090  8104  8126 I art     : Starting a blocking GC Explicit
08-04 13:01:48.110  8104  8104 I cr_LibraryLoader: Loaded native library version number "84.0.4147.89"
08-04 13:01:48.111  8104  8104 I cr_CachingUmaRecorder: Flushed 5 samples from 5 histograms.
08-04 13:01:48.128  8104  8126 I art     : Explicit concurrent mark sweep GC freed 4101(329KB) AllocSpace objects, 2(40KB) LOS objects, 35% free, 28MB/44MB, paused 823us total 37.841ms
08-04 13:01:48.141  8104  8126 I art     : Starting a blocking GC Explicit
08-04 13:01:48.150  8104  8104 E chromium: [ERROR:filesystem_posix.cc(62)] mkdir /data/user/0/baseline.org.quantumbadger.redreader/cache/WebView/Crashpad: No such file or directory (2)
08-04 13:01:48.174  8104  8126 I art     : Explicit concurrent mark sweep GC freed 1182(167KB) AllocSpace objects, 0(0B) LOS objects, 35% free, 28MB/44MB, paused 762us total 32.989ms
08-04 13:01:48.231   918  5481 D ConnectivityService: listenForNetwork for Listen from uid/pid:10666/8104 for NetworkRequest [ id=2660, legacyType=-1, [ Capabilities: INTERNET&NOT_RESTRICTED&TRUSTED] ]
08-04 13:01:48.267  8104 10078 W cr_media: Requires BLUETOOTH permission
08-04 13:01:48.280  8104 10091 E libEGL  : validate_display:255 error 3008 (EGL_BAD_DISPLAY)
08-04 13:01:48.397   918   936 I ActivityManager: Displayed baseline.org.quantumbadger.redreader/.activities.WebViewActivity: +390ms
08-04 13:01:48.397 13866 13866 I GoogleInputMethodServic: GoogleInputMethodService.onFinishInput():3138 
08-04 13:01:48.398 13866 13866 I GoogleInputMethodServic: GoogleInputMethodService.onStartInput():1808 
08-04 13:01:48.463  8104  8117 I art     : Starting a blocking GC Explicit
08-04 13:01:48.502  8104  8117 I art     : Explicit concurrent mark sweep GC freed 8869(558KB) AllocSpace objects, 4(220KB) LOS objects, 35% free, 29MB/45MB, paused 1.025ms total 38.657ms
08-04 13:01:48.518  8104  8117 I art     : Starting a blocking GC Explicit
08-04 13:01:48.559   512  2967 D audio_hw_primary: disable_audio_route: reset and update mixer path: low-latency-playback speaker
08-04 13:01:48.560  8104  8117 I art     : Explicit concurrent mark sweep GC freed 1217(133KB) AllocSpace objects, 0(0B) LOS objects, 35% free, 29MB/45MB, paused 375us total 42.140ms
08-04 13:01:48.561   512  2967 D audio_hw_primary: disable_snd_device: snd_device(2: speaker)
08-04 13:01:48.570   512  2967 I soundtrigger: audio_extn_sound_trigger_update_device_status: device 0x2 of type 0 for Event 0
08-04 13:01:48.576  8104  8117 I art     : Starting a blocking GC Explicit
08-04 13:01:48.622  8104  8117 I art     : Explicit concurrent mark sweep GC freed 3(96B) AllocSpace objects, 0(0B) LOS objects, 35% free, 29MB/45MB, paused 398us total 45.485ms
08-04 13:01:48.639  8104  8117 I art     : Starting a blocking GC Explicit
08-04 13:01:48.645   380   380 W SurfaceFlinger: couldn't log to binary event log: overflow.
08-04 13:01:48.676  8104  8117 I art     : Explicit concurrent mark sweep GC freed 16(960B) AllocSpace objects, 0(0B) LOS objects, 35% free, 29MB/45MB, paused 464us total 37.213ms
08-04 13:01:48.690  8104  8117 I art     : Starting a blocking GC Explicit
08-04 13:01:48.722  8104  8117 I art     : Explicit concurrent mark sweep GC freed 156(14KB) AllocSpace objects, 0(0B) LOS objects, 35% free, 29MB/45MB, paused 513us total 32.128ms
08-04 13:01:48.927   918  6112 I AccountManagerService: getTypesVisibleToCaller: isPermitted? true
08-04 13:01:48.992  8104  8397 I art     : Starting a blocking GC Explicit
08-04 13:01:49.028  8104  8397 I art     : Explicit concurrent mark sweep GC freed 4367(237KB) AllocSpace objects, 1(20KB) LOS objects, 35% free, 29MB/45MB, paused 478us total 35.456ms
08-04 13:01:49.042  8104  8397 I art     : Starting a blocking GC Explicit
08-04 13:01:49.075  8104  8397 I art     : Explicit concurrent mark sweep GC freed 66(2208B) AllocSpace objects, 0(0B) LOS objects, 35% free, 29MB/45MB, paused 404us total 32.200ms
08-04 13:01:49.088  8104  8397 I art     : Starting a blocking GC Explicit
08-04 13:01:49.122  8104  8397 I art     : Explicit concurrent mark sweep GC freed 1970(81KB) AllocSpace objects, 0(0B) LOS objects, 35% free, 29MB/45MB, paused 530us total 33.178ms
08-04 13:01:49.135  8104  8397 I art     : Starting a blocking GC Explicit
08-04 13:01:49.167  8104  8397 I art     : Explicit concurrent mark sweep GC freed 49(1600B) AllocSpace objects, 0(0B) LOS objects, 35% free, 29MB/45MB, paused 435us total 32.186ms
08-04 13:01:49.181  8104  8397 I art     : Starting a blocking GC Explicit
08-04 13:01:49.213  8104  8397 I art     : Explicit concurrent mark sweep GC freed 3(96B) AllocSpace objects, 0(0B) LOS objects, 35% free, 29MB/45MB, paused 452us total 32.236ms
08-04 13:01:49.482 24577 24587 I art     : Background sticky concurrent mark sweep GC freed 243896(6MB) AllocSpace objects, 4(80KB) LOS objects, 7% free, 46MB/50MB, paused 12.924ms total 83.086ms
08-04 13:01:49.502  8104  8397 I art     : Starting a blocking GC Explicit
08-04 13:01:49.535  8104  8397 I art     : Explicit concurrent mark sweep GC freed 1355(82KB) AllocSpace objects, 1(20KB) LOS objects, 35% free, 29MB/45MB, paused 422us total 32.215ms
08-04 13:01:49.549  8104  8104 I Choreographer: Skipped 41 frames!  The application may be doing too much work on its main thread.
08-04 13:01:49.551  8104  8397 I art     : Starting a blocking GC Explicit
08-04 13:01:49.597  8104  8397 I art     : Explicit concurrent mark sweep GC freed 253(12KB) AllocSpace objects, 0(0B) LOS objects, 35% free, 29MB/45MB, paused 414us total 45.366ms
08-04 13:01:49.615  8104  8397 I art     : Starting a blocking GC Explicit
08-04 13:01:49.655  8104  8397 I art     : Explicit concurrent mark sweep GC freed 11(352B) AllocSpace objects, 0(0B) LOS objects, 35% free, 29MB/45MB, paused 448us total 40.469ms
08-04 13:01:49.674  8104  8397 I art     : Starting a blocking GC Explicit
08-04 13:01:49.737  8104  8397 I art     : Explicit concurrent mark sweep GC freed 13(400B) AllocSpace objects, 0(0B) LOS objects, 35% free, 29MB/45MB, paused 404us total 62.345ms
08-04 13:01:49.758  8104  8397 I art     : Starting a blocking GC Explicit
08-04 13:01:49.797  8104  8397 I art     : Explicit concurrent mark sweep GC freed 6(192B) AllocSpace objects, 0(0B) LOS objects, 35% free, 29MB/45MB, paused 436us total 38.654ms
08-04 13:01:50.121  8104  8126 I art     : Starting a blocking GC Explicit
08-04 13:01:50.164  8104  8126 I art     : Explicit concurrent mark sweep GC freed 1427(84KB) AllocSpace objects, 1(20KB) LOS objects, 35% free, 29MB/45MB, paused 470us total 42.755ms
08-04 13:01:50.179  8104  8126 I art     : Starting a blocking GC Explicit
08-04 13:01:50.219  8104  8126 I art     : Explicit concurrent mark sweep GC freed 30(1024B) AllocSpace objects, 0(0B) LOS objects, 35% free, 29MB/45MB, paused 412us total 39.589ms
08-04 13:01:50.234  8104  8126 I art     : Starting a blocking GC Explicit
08-04 13:01:50.267  8104  8126 I art     : Explicit concurrent mark sweep GC freed 4(128B) AllocSpace objects, 0(0B) LOS objects, 35% free, 29MB/45MB, paused 432us total 32.627ms
08-04 13:01:50.280  8104  8126 I art     : Starting a blocking GC Explicit
08-04 13:01:50.313  8104  8126 I art     : Explicit concurrent mark sweep GC freed 165(30KB) AllocSpace objects, 0(0B) LOS objects, 35% free, 29MB/45MB, paused 416us total 32.508ms
08-04 13:01:50.326  8104  8126 I art     : Starting a blocking GC Explicit
08-04 13:01:50.360  8104  8126 I art     : Explicit concurrent mark sweep GC freed 68(2304B) AllocSpace objects, 0(0B) LOS objects, 35% free, 29MB/45MB, paused 438us total 33.518ms
08-04 13:01:50.436  8104  8104 I chromium: [INFO:CONSOLE(1)] "
08-04 13:01:50.436  8104  8104 I chromium:                   ,d"=,.,qOp,
08-04 13:01:50.436  8104  8104 I chromium:                  ,7'  ''$(  )
08-04 13:01:50.436  8104  8104 I chromium:                 ,7'      '?q$7'
08-04 13:01:50.436  8104  8104 I chromium:              ..,$$,.
08-04 13:01:50.436  8104  8104 I chromium:    ,.  .,,--***""***--,,.  .,
08-04 13:01:50.436  8104  8104 I chromium:     ,p''              ''q,   
08-04 13:01:50.436  8104  8104 I chromium: :  ,7'                      '7,  :
08-04 13:01:50.436  8104  8104 I chromium:  ' $      ,db,      ,db,      $ '
08-04 13:01:50.436  8104  8104 I chromium:   '$      $$      $$      $'    Using Reddit at work? Work for Reddit.
08-04 13:01:50.436  8104  8104 I chromium:   '$                          $'        https://www.reddit.com/jobs
08-04 13:01:50.436  8104  8104 I chromium:    '$.     .,        ,.     .$'
08-04 13:01:50.436  8104  8104 I chromium:     'b,     ''     ,d'
08-04 13:01:50.436  8104  8104 I chromium:      '?bn,,          ,,nd?'
08-04 13:01:50.436  8104  8104 I chromium:        ,7$ '''' $7,
08-04 13:01:50.436  8104  8104 I chromium:      , $              $ ,
08-04 13:01:50.436  8104  8104 I chromium:      $  :$              $:  $
08-04 13:01:50.436  8104  8104 I chromium:      $   $              $   $
08-04 13:01:50.436  8104  8104 I chromium:      'b  q:            :p  d'
08-04 13:01:50.436  8104  8104 I chromium:       '?$.          .$?'
08-04 13:01:50.436  8104  8104 I chromium:          'b            d'
08-04 13:01:50.436  8104  8104 I chromium:        ,'?,.      .,?',
08-04 13:01:50.436  8104  8104 I chromium:       ==--==--==--==
08-04 13:01:50.436  8104  8104 I chromium: ", source: https://www.redditstatic.com/desktop2x/Chat~Governance~Reddit.2ea93b134a9b2e5b1d9a.js (1)
08-04 13:01:50.695  8104  8117 I art     : Starting a blocking GC Explicit
08-04 13:01:50.734  8104  8117 I art     : Explicit concurrent mark sweep GC freed 1364(85KB) AllocSpace objects, 1(20KB) LOS objects, 35% free, 29MB/45MB, paused 549us total 38.269ms
08-04 13:01:50.749  8104  8117 I art     : Starting a blocking GC Explicit
08-04 13:01:50.783  8104  8117 I art     : Explicit concurrent mark sweep GC freed 30(1264B) AllocSpace objects, 0(0B) LOS objects, 35% free, 29MB/45MB, paused 422us total 33.564ms
08-04 13:01:50.796  8104  8117 I art     : Starting a blocking GC Explicit
08-04 13:01:50.829  8104  8117 I art     : Explicit concurrent mark sweep GC freed 7(464B) AllocSpace objects, 0(0B) LOS objects, 35% free, 29MB/45MB, paused 392us total 32.976ms
08-04 13:01:50.842  8104  8117 I art     : Starting a blocking GC Explicit
08-04 13:01:50.880  8104  8117 I art     : Explicit concurrent mark sweep GC freed 3(96B) AllocSpace objects, 0(0B) LOS objects, 35% free, 29MB/45MB, paused 394us total 37.445ms
08-04 13:01:50.894  8104  8117 I art     : Starting a blocking GC Explicit
08-04 13:01:50.929  8104  8117 I art     : Explicit concurrent mark sweep GC freed 3(96B) AllocSpace objects, 0(0B) LOS objects, 35% free, 29MB/45MB, paused 391us total 34.896ms
08-04 13:01:51.192   518   646 I ThermalEngine: ACTION: GPU - Setting GPU[0] to 450000000
08-04 13:01:51.308  8104  8116 I art     : Starting a blocking GC Explicit
08-04 13:01:51.352  8104  8116 I art     : Explicit concurrent mark sweep GC freed 1556(94KB) AllocSpace objects, 1(20KB) LOS objects, 35% free, 29MB/45MB, paused 510us total 43.516ms
08-04 13:01:51.370  8104  8116 I art     : Starting a blocking GC Explicit
08-04 13:01:51.414  8104  8116 I art     : Explicit concurrent mark sweep GC freed 30(1440B) AllocSpace objects, 0(0B) LOS objects, 35% free, 29MB/45MB, paused 493us total 43.569ms
08-04 13:01:51.431  8104  8116 I art     : Starting a blocking GC Explicit
08-04 13:01:51.479  8104  8116 I art     : Explicit concurrent mark sweep GC freed 3(96B) AllocSpace objects, 0(0B) LOS objects, 35% free, 29MB/45MB, paused 535us total 46.906ms
08-04 13:01:51.496  8104  8116 I art     : Starting a blocking GC Explicit
08-04 13:01:51.544  8104  8116 I art     : Explicit concurrent mark sweep GC freed 3(96B) AllocSpace objects, 0(0B) LOS objects, 35% free, 29MB/45MB, paused 499us total 46.837ms
08-04 13:01:51.568  8104  8116 I art     : Starting a blocking GC Explicit
08-04 13:01:51.609  8104  8116 I art     : Explicit concurrent mark sweep GC freed 3(96B) AllocSpace objects, 0(0B) LOS objects, 35% free, 29MB/45MB, paused 434us total 41.116ms
08-04 13:01:51.989  8104  8117 I art     : Starting a blocking GC Explicit
08-04 13:01:52.036  8104  8117 I art     : Explicit concurrent mark sweep GC freed 1370(85KB) AllocSpace objects, 1(20KB) LOS objects, 35% free, 29MB/45MB, paused 458us total 46.711ms
08-04 13:01:52.060  8104  8117 I art     : Starting a blocking GC Explicit
08-04 13:01:52.106  8104  8117 I art     : Explicit concurrent mark sweep GC freed 20(704B) AllocSpace objects, 0(0B) LOS objects, 35% free, 29MB/45MB, paused 446us total 46.190ms
08-04 13:01:52.125  8104  8117 I art     : Starting a blocking GC Explicit
08-04 13:01:52.168  8104  8117 I art     : Explicit concurrent mark sweep GC freed 3(96B) AllocSpace objects, 0(0B) LOS objects, 35% free, 29MB/45MB, paused 499us total 43.335ms
08-04 13:01:52.186  8104  8117 I art     : Starting a blocking GC Explicit
08-04 13:01:52.229  8104  8117 I art     : Explicit concurrent mark sweep GC freed 49(2656B) AllocSpace objects, 0(0B) LOS objects, 35% free, 29MB/45MB, paused 501us total 42.859ms
08-04 13:01:52.248  8104  8117 I art     : Starting a blocking GC Explicit
08-04 13:01:52.299  8104  8117 I art     : Explicit concurrent mark sweep GC freed 3(96B) AllocSpace objects, 0(0B) LOS objects, 35% free, 29MB/45MB, paused 516us total 50.202ms
08-04 13:01:52.659  8104  8116 I art     : Starting a blocking GC Explicit
08-04 13:01:52.708  8104  8116 I art     : Explicit concurrent mark sweep GC freed 1355(82KB) AllocSpace objects, 1(20KB) LOS objects, 35% free, 29MB/45MB, paused 617us total 47.694ms
08-04 13:01:52.727  8104  8116 I art     : Starting a blocking GC Explicit
08-04 13:01:52.779  8104  8116 I art     : Explicit concurrent mark sweep GC freed 20(704B) AllocSpace objects, 0(0B) LOS objects, 35% free, 29MB/45MB, paused 521us total 51.292ms
08-04 13:01:52.797  8104  8116 I art     : Starting a blocking GC Explicit
08-04 13:01:52.843  8104  8116 I art     : Explicit concurrent mark sweep GC freed 3(96B) AllocSpace objects, 0(0B) LOS objects, 35% free, 29MB/45MB, paused 531us total 45.396ms
08-04 13:01:52.867  8104  8116 I art     : Starting a blocking GC Explicit
08-04 13:01:52.913  8104  8116 I art     : Explicit concurrent mark sweep GC freed 3(96B) AllocSpace objects, 0(0B) LOS objects, 35% free, 29MB/45MB, paused 469us total 44.924ms
08-04 13:01:52.931  8104  8116 I art     : Starting a blocking GC Explicit
08-04 13:01:52.979  8104  8116 I art     : Explicit concurrent mark sweep GC freed 3(96B) AllocSpace objects, 0(0B) LOS objects, 35% free, 29MB/45MB, paused 538us total 47.266ms
08-04 13:01:53.008  8104 10064 I RedditChangeDataIO: Writing tmp data file at '/data/user/0/baseline.org.quantumbadger.redreader/files/rr_change_data_tmp.dat'
08-04 13:01:53.008  8104 10064 I RedditChangeDataManager: Taking snapshot...
08-04 13:01:53.008  8104 10064 I RedditChangeDataManager: Writing to stream...
08-04 13:01:53.008  8104 10064 I RedditChangeDataManager: Wrote 4 entries for user ''
08-04 13:01:53.009  8104 10064 I RedditChangeDataManager: All entries written to stream.
08-04 13:01:53.009  8104 10064 I RedditChangeDataIO: Write successful. Atomically replacing data file...
08-04 13:01:53.009  8104 10064 I RedditChangeDataIO: Write complete.
08-04 13:01:53.009  8104 10064 I RedditChangeDataIO: 110 bytes written in 1 ms
08-04 13:01:53.356  8104  8116 I art     : Starting a blocking GC Explicit
08-04 13:01:53.400 13866 13882 I PeriodicStatsRunner: PeriodicStatsRunner.call():175 call()
08-04 13:01:53.400 13866 13882 I PeriodicStatsRunner: PeriodicStatsRunner.call():179 No submit PeriodicStats since input started.
08-04 13:01:53.402  8104  8116 I art     : Explicit concurrent mark sweep GC freed 1436(87KB) AllocSpace objects, 2(88KB) LOS objects, 35% free, 29MB/45MB, paused 466us total 45.480ms
08-04 13:01:53.420  8104  8116 I art     : Starting a blocking GC Explicit
08-04 13:01:53.464  8104  8116 I art     : Explicit concurrent mark sweep GC freed 23(800B) AllocSpace objects, 0(0B) LOS objects, 35% free, 29MB/45MB, paused 465us total 44.188ms
08-04 13:01:53.483  8104  8116 I art     : Starting a blocking GC Explicit
08-04 13:01:53.532  8104  8116 I art     : Explicit concurrent mark sweep GC freed 5(176B) AllocSpace objects, 0(0B) LOS objects, 35% free, 29MB/45MB, paused 518us total 48.714ms
08-04 13:01:53.550  8104  8116 I art     : Starting a blocking GC Explicit
08-04 13:01:53.600  8104  8116 I art     : Explicit concurrent mark sweep GC freed 3(96B) AllocSpace objects, 0(0B) LOS objects, 35% free, 29MB/45MB, paused 542us total 49.303ms
08-04 13:01:53.619  8104  8116 I art     : Starting a blocking GC Explicit
08-04 13:01:53.672  8104  8116 I art     : Explicit concurrent mark sweep GC freed 3(96B) AllocSpace objects, 0(0B) LOS objects, 35% free, 29MB/45MB, paused 538us total 53.296ms
08-04 13:01:54.027   918 13198 D NetlinkSocketObserver: NeighborEvent{elapsedMs=1692717902, 192.168.2.254, [7C3953A63323], RTM_NEWNEIGH, NUD_REACHABLE}
08-04 13:01:54.060  8104  8116 I art     : Starting a blocking GC Explicit
08-04 13:01:54.114  8104  8116 I art     : Explicit concurrent mark sweep GC freed 1355(82KB) AllocSpace objects, 1(20KB) LOS objects, 35% free, 29MB/45MB, paused 522us total 53.156ms
08-04 13:01:54.132  8104  8116 I art     : Starting a blocking GC Explicit
08-04 13:01:54.184  8104  8116 I art     : Explicit concurrent mark sweep GC freed 20(704B) AllocSpace objects, 0(0B) LOS objects, 35% free, 29MB/45MB, paused 485us total 51.609ms
08-04 13:01:54.203  8104  8116 I art     : Starting a blocking GC Explicit
08-04 13:01:54.251  8104  8116 I art     : Explicit concurrent mark sweep GC freed 3(96B) AllocSpace objects, 0(0B) LOS objects, 35% free, 29MB/45MB, paused 477us total 47.293ms
08-04 13:01:54.274  8104  8116 I art     : Starting a blocking GC Explicit
08-04 13:01:54.322  8104  8116 I art     : Explicit concurrent mark sweep GC freed 3(96B) AllocSpace objects, 0(0B) LOS objects, 35% free, 29MB/45MB, paused 479us total 47.248ms
08-04 13:01:54.341  8104  8116 I art     : Starting a blocking GC Explicit
08-04 13:01:54.393  8104  8116 I art     : Explicit concurrent mark sweep GC freed 3(96B) AllocSpace objects, 0(0B) LOS objects, 35% free, 29MB/45MB, paused 484us total 51.949ms
08-04 13:01:54.772  8104  8117 I art     : Starting a blocking GC Explicit
08-04 13:01:54.819  8104  8117 I art     : Explicit concurrent mark sweep GC freed 1355(82KB) AllocSpace objects, 1(20KB) LOS objects, 35% free, 29MB/45MB, paused 505us total 45.771ms
08-04 13:01:54.837  8104  8117 I art     : Starting a blocking GC Explicit
08-04 13:01:54.885  8104  8117 I art     : Explicit concurrent mark sweep GC freed 20(704B) AllocSpace objects, 0(0B) LOS objects, 35% free, 29MB/45MB, paused 479us total 47.995ms
08-04 13:01:54.905  8104  8117 I art     : Starting a blocking GC Explicit
08-04 13:01:54.956  8104  8117 I art     : Explicit concurrent mark sweep GC freed 3(96B) AllocSpace objects, 0(0B) LOS objects, 35% free, 29MB/45MB, paused 601us total 51.181ms
08-04 13:01:54.980  8104  8117 I art     : Starting a blocking GC Explicit
08-04 13:01:55.028  8104  8117 I art     : Explicit concurrent mark sweep GC freed 3(96B) AllocSpace objects, 0(0B) LOS objects, 35% free, 29MB/45MB, paused 578us total 48.074ms
08-04 13:01:55.047  8104  8117 I art     : Starting a blocking GC Explicit
08-04 13:01:55.099  8104  8117 I art     : Explicit concurrent mark sweep GC freed 3(96B) AllocSpace objects, 0(0B) LOS objects, 35% free, 29MB/45MB, paused 522us total 52.260ms
08-04 13:01:55.480  8104  8397 I art     : Starting a blocking GC Explicit
08-04 13:01:55.525  8104  8397 I art     : Explicit concurrent mark sweep GC freed 1355(82KB) AllocSpace objects, 1(20KB) LOS objects, 35% free, 29MB/45MB, paused 468us total 45.506ms
08-04 13:01:55.544  8104  8397 I art     : Starting a blocking GC Explicit
08-04 13:01:55.588  8104  8397 I art     : Explicit concurrent mark sweep GC freed 20(704B) AllocSpace objects, 0(0B) LOS objects, 35% free, 29MB/45MB, paused 500us total 43.327ms
08-04 13:01:55.606  8104  8397 I art     : Starting a blocking GC Explicit
08-04 13:01:55.654  8104  8397 I art     : Explicit concurrent mark sweep GC freed 3(96B) AllocSpace objects, 0(0B) LOS objects, 35% free, 29MB/45MB, paused 621us total 47.790ms
08-04 13:01:55.675  8104  8397 I art     : Starting a blocking GC Explicit
08-04 13:01:55.720  8104  8397 I art     : Explicit concurrent mark sweep GC freed 3(96B) AllocSpace objects, 0(0B) LOS objects, 35% free, 29MB/45MB, paused 479us total 44.408ms
08-04 13:01:55.738  8104  8397 I art     : Starting a blocking GC Explicit
08-04 13:01:55.787  8104  8397 I art     : Explicit concurrent mark sweep GC freed 3(96B) AllocSpace objects, 0(0B) LOS objects, 35% free, 29MB/45MB, paused 527us total 48.976ms
08-04 13:01:56.164  8104  8126 I art     : Starting a blocking GC Explicit
08-04 13:01:56.210  8104  8126 I art     : Explicit concurrent mark sweep GC freed 1355(82KB) AllocSpace objects, 1(20KB) LOS objects, 35% free, 29MB/45MB, paused 508us total 45.689ms
08-04 13:01:56.228  8104  8126 I art     : Starting a blocking GC Explicit
08-04 13:01:56.278  8104  8126 I art     : Explicit concurrent mark sweep GC freed 20(704B) AllocSpace objects, 0(0B) LOS objects, 35% free, 29MB/45MB, paused 465us total 50.040ms
08-04 13:01:56.296  8104  8126 I art     : Starting a blocking GC Explicit
08-04 13:01:56.341  8104  8126 I art     : Explicit concurrent mark sweep GC freed 3(96B) AllocSpace objects, 0(0B) LOS objects, 35% free, 29MB/45MB, paused 487us total 44.527ms
08-04 13:01:56.364  8104  8126 I art     : Starting a blocking GC Explicit
08-04 13:01:56.412  8104  8126 I art     : Explicit concurrent mark sweep GC freed 3(96B) AllocSpace objects, 0(0B) LOS objects, 35% free, 29MB/45MB, paused 529us total 47.782ms
08-04 13:01:56.431  8104  8126 I art     : Starting a blocking GC Explicit
08-04 13:01:56.482  8104  8126 I art     : Explicit concurrent mark sweep GC freed 3(96B) AllocSpace objects, 0(0B) LOS objects, 35% free, 29MB/45MB, paused 533us total 51.666ms
08-04 13:01:56.772 10244 10244 D AndroidRuntime: >>>>>> START com.android.internal.os.RuntimeInit uid 2000 <<<<<<
08-04 13:01:56.777 10244 10244 D AndroidRuntime: CheckJNI is OFF
08-04 13:01:56.820 10244 10244 D ICU     : No timezone override file found: /data/misc/zoneinfo/current/icu/icu_tzdata.dat
08-04 13:01:56.866 10244 10244 I Radio-JNI: register_android_hardware_Radio DONE
08-04 13:01:56.875  8104  8116 I art     : Starting a blocking GC Explicit
08-04 13:01:56.895 10244 10244 D AndroidRuntime: Calling main entry com.android.commands.input.Input
08-04 13:01:56.897 10244 10244 I Input   : injectKeyEvent: KeyEvent { action=ACTION_DOWN, keyCode=KEYCODE_BACK, scanCode=0, metaState=0, flags=0x0, repeatCount=0, eventTime=709333310, downTime=709333310, deviceId=-1, source=0x101 }
08-04 13:01:56.904 10244 10244 I Input   : injectKeyEvent: KeyEvent { action=ACTION_UP, keyCode=KEYCODE_BACK, scanCode=0, metaState=0, flags=0x0, repeatCount=0, eventTime=709333310, downTime=709333310, deviceId=-1, source=0x101 }
08-04 13:01:56.910 10244 10244 D AndroidRuntime: Shutting down VM
08-04 13:01:56.939  8104  8116 I art     : Explicit concurrent mark sweep GC freed 1463(86KB) AllocSpace objects, 1(20KB) LOS objects, 35% free, 29MB/45MB, paused 10.294ms total 63.380ms
08-04 13:01:56.964 13866 13866 I GoogleInputMethodServic: GoogleInputMethodService.onFinishInput():3138 
08-04 13:01:56.964 13866 13866 I GoogleInputMethodServic: GoogleInputMethodService.onStartInput():1808 
08-04 13:01:56.968  8104  8116 I art     : Starting a blocking GC Explicit
08-04 13:01:57.009  8104  8116 I art     : Explicit concurrent mark sweep GC freed 184(7KB) AllocSpace objects, 0(0B) LOS objects, 35% free, 29MB/45MB, paused 531us total 40.303ms
08-04 13:01:57.026  8104  8116 I art     : Starting a blocking GC Explicit
08-04 13:01:57.067  8104  8116 I art     : Explicit concurrent mark sweep GC freed 13(464B) AllocSpace objects, 0(0B) LOS objects, 35% free, 29MB/45MB, paused 663us total 40.705ms
08-04 13:01:57.087  8104  8116 I art     : Starting a blocking GC Explicit
08-04 13:01:57.134  8104  8116 I art     : Explicit concurrent mark sweep GC freed 3(96B) AllocSpace objects, 0(0B) LOS objects, 35% free, 29MB/45MB, paused 489us total 46.437ms
08-04 13:01:57.155  8104  8116 I art     : Starting a blocking GC Explicit
08-04 13:01:57.215  8104  8116 I art     : Explicit concurrent mark sweep GC freed 3(96B) AllocSpace objects, 0(0B) LOS objects, 35% free, 29MB/45MB, paused 565us total 59.449ms
08-04 13:01:57.290   380   380 W SurfaceFlinger: couldn't log to binary event log: overflow.
08-04 13:01:57.333   918  3263 D ConnectivityService: releasing NetworkRequest NetworkRequest [ id=2660, legacyType=-1, [ Capabilities: INTERNET&NOT_RESTRICTED&TRUSTED] ]
08-04 13:01:57.554  8104  8397 I art     : Starting a blocking GC Explicit
08-04 13:01:57.598  8104  8397 I art     : Explicit concurrent mark sweep GC freed 2271(128KB) AllocSpace objects, 1(20KB) LOS objects, 35% free, 29MB/45MB, paused 484us total 43.791ms
08-04 13:01:57.616  8104  8397 I art     : Starting a blocking GC Explicit
08-04 13:01:57.659  8104  8397 I art     : Explicit concurrent mark sweep GC freed 2114(124KB) AllocSpace objects, 1(28KB) LOS objects, 35% free, 29MB/45MB, paused 480us total 42.215ms
08-04 13:01:57.676  8104  8397 I art     : Starting a blocking GC Explicit
08-04 13:01:57.719  8104  8397 I art     : Explicit concurrent mark sweep GC freed 3(96B) AllocSpace objects, 0(0B) LOS objects, 35% free, 29MB/45MB, paused 483us total 42.968ms
08-04 13:01:57.720  8104  8114 I art     : WaitForGcToComplete blocked for 11.596ms for cause HeapTrim
08-04 13:01:57.738  8104  8397 I art     : Starting a blocking GC Explicit
08-04 13:01:57.782  8104  8397 I art     : Explicit concurrent mark sweep GC freed 3(96B) AllocSpace objects, 0(0B) LOS objects, 35% free, 29MB/45MB, paused 463us total 44.413ms
08-04 13:01:57.800  8104  8397 I art     : Starting a blocking GC Explicit
08-04 13:01:57.847  8104  8397 I art     : Explicit concurrent mark sweep GC freed 3(96B) AllocSpace objects, 0(0B) LOS objects, 35% free, 29MB/45MB, paused 495us total 45.881ms
08-04 13:01:58.190  8104  8116 I art     : Starting a blocking GC Explicit
08-04 13:01:58.228   918  3188 I hubconnection: sensorhub said: 'set_bias 3: -5.4432, 0.0000, 0.0000'
08-04 13:01:58.235  8104  8116 I art     : Explicit concurrent mark sweep GC freed 1354(82KB) AllocSpace objects, 1(20KB) LOS objects, 35% free, 29MB/45MB, paused 493us total 45.254ms
08-04 13:01:58.253  8104  8116 I art     : Starting a blocking GC Explicit
08-04 13:01:58.298  8104  8116 I art     : Explicit concurrent mark sweep GC freed 20(704B) AllocSpace objects, 0(0B) LOS objects, 35% free, 29MB/45MB, paused 542us total 44.639ms
08-04 13:01:58.317  8104  8116 I art     : Starting a blocking GC Explicit
08-04 13:01:58.362  8104  8116 I art     : Explicit concurrent mark sweep GC freed 3(96B) AllocSpace objects, 0(0B) LOS objects, 35% free, 29MB/45MB, paused 503us total 45.217ms
08-04 13:01:58.381  8104  8116 I art     : Starting a blocking GC Explicit
08-04 13:01:58.426  8104  8116 I art     : Explicit concurrent mark sweep GC freed 14(944B) AllocSpace objects, 0(0B) LOS objects, 35% free, 29MB/45MB, paused 467us total 44.722ms
08-04 13:01:58.444  8104  8116 I art     : Starting a blocking GC Explicit
08-04 13:01:58.488  8104  8116 I art     : Explicit concurrent mark sweep GC freed 11(256B) AllocSpace objects, 0(0B) LOS objects, 35% free, 29MB/45MB, paused 461us total 43.803ms
08-04 13:01:58.582  3644  3644 I ServiceManager: Waiting for service AtCmdFwd...
08-04 13:01:58.706 10288 10288 D AndroidRuntime: >>>>>> START com.android.internal.os.RuntimeInit uid 2000 <<<<<<
08-04 13:01:58.712 10288 10288 D AndroidRuntime: CheckJNI is OFF
08-04 13:01:58.753 10288 10288 D ICU     : No timezone override file found: /data/misc/zoneinfo/current/icu/icu_tzdata.dat
08-04 13:01:58.795 10288 10288 I Radio-JNI: register_android_hardware_Radio DONE
08-04 13:01:58.824 10288 10288 D AndroidRuntime: Calling main entry com.android.commands.input.Input
08-04 13:01:58.826 10288 10288 I Input   : injectMotionEvent: MotionEvent { action=ACTION_DOWN, actionButton=0, id[0]=0, x[0]=600.0, y[0]=820.0, toolType[0]=TOOL_TYPE_UNKNOWN, buttonState=0, metaState=0, flags=0x0, edgeFlags=0x0, pointerCount=1, historySize=0, eventTime=709335238, downTime=709335238, deviceId=0, source=0x1002 }
08-04 13:01:58.830 10288 10288 I Input   : injectMotionEvent: MotionEvent { action=ACTION_UP, actionButton=0, id[0]=0, x[0]=600.0, y[0]=820.0, toolType[0]=TOOL_TYPE_UNKNOWN, buttonState=0, metaState=0, flags=0x0, edgeFlags=0x0, pointerCount=1, historySize=0, eventTime=709335238, downTime=709335238, deviceId=0, source=0x1002 }
08-04 13:01:58.832 10288 10288 D AndroidRuntime: Shutting down VM
08-04 13:01:58.842  8104  8117 I art     : Starting a blocking GC Explicit
08-04 13:01:58.845   512  2967 D audio_hw_primary: out_set_parameters: enter: usecase(1: low-latency-playback) kvpairs: routing=2
08-04 13:01:58.851   918  5132 I ActivityManager: START u0 {dat=https://oauth.reddit.com/... cmp=baseline.org.quantumbadger.redreader/.activities.CommentListingActivity} from uid 10666 on display 0
08-04 13:01:58.859   512  2967 D audio_hw_primary: select_devices: out_snd_device(2: speaker) in_snd_device(0: none)
08-04 13:01:58.859   512  2967 D msm8974_platform: platform_send_audio_calibration: sending audio calibration for snd_device(2) acdb_id(15)
08-04 13:01:58.860   512  2967 I soundtrigger: audio_extn_sound_trigger_update_device_status: device 0x2 of type 0 for Event 1
08-04 13:01:58.871   512  2967 D audio_hw_primary: enable_snd_device: snd_device(2: speaker)
08-04 13:01:58.874   512  2967 D audio_hw_primary: enable_audio_route: apply and update mixer path: low-latency-playback speaker
08-04 13:01:58.878  8104  8104 I AppCompatViewInflater: app:theme is now deprecated. Please move to using android:theme instead.
08-04 13:01:58.891  8104  8117 I art     : Explicit concurrent mark sweep GC freed 2625(141KB) AllocSpace objects, 1(20KB) LOS objects, 35% free, 29MB/45MB, paused 826us total 48.915ms
08-04 13:01:58.900  8104 10315 D OK      : calling: https://oauth.reddit.com/comments/hi3oht/.json?sort=confidence
08-04 13:01:58.910  8104  8117 I art     : Starting a blocking GC Explicit
08-04 13:01:58.953  8104  8117 I art     : Explicit concurrent mark sweep GC freed 1054(66KB) AllocSpace objects, 0(0B) LOS objects, 35% free, 29MB/45MB, paused 913us total 42.140ms
08-04 13:01:58.971  8104  8117 I art     : Starting a blocking GC Explicit
08-04 13:01:58.980   918   936 I ActivityManager: Displayed baseline.org.quantumbadger.redreader/.activities.CommentListingActivity: +119ms
08-04 13:01:58.980 13866 13866 I GoogleInputMethodServic: GoogleInputMethodService.onFinishInput():3138 
08-04 13:01:58.981 13866 13866 I GoogleInputMethodServic: GoogleInputMethodService.onStartInput():1808 
08-04 13:01:59.017  8104  8117 I art     : Explicit concurrent mark sweep GC freed 1476(59KB) AllocSpace objects, 0(0B) LOS objects, 35% free, 29MB/45MB, paused 858us total 45.302ms
08-04 13:01:59.037  8104  8117 I art     : Starting a blocking GC Explicit
08-04 13:01:59.081  8104  8117 I art     : Explicit concurrent mark sweep GC freed 1459(58KB) AllocSpace objects, 0(0B) LOS objects, 35% free, 29MB/45MB, paused 548us total 43.381ms
08-04 13:01:59.099  8104  8117 I art     : Starting a blocking GC Explicit
08-04 13:01:59.149  8104  8117 I art     : Explicit concurrent mark sweep GC freed 42(1728B) AllocSpace objects, 0(0B) LOS objects, 35% free, 29MB/45MB, paused 560us total 49.899ms
08-04 13:01:59.178  8104 10315 I NAPPA_EXPERIMENTATION: MetricNetworkRequestExecutionTime: REQUEST_DURATION_SYSTEM='277',REQUEST_DURATION_OKHTTP='143',REQUEST_SYNCHRONOUS='TRUE',RESPONSE_CODE='200',RESPONSE_METHOD='GET',RESPONSE_LENGTH_OKHTTP='-1',RESPONSE_LENGTH_HEADER='167875',REQUEST_PROTOCOL='h2',REQUEST_URL='https://oauth.reddit.com/comments/hi3oht/.json?sort=confidence',
08-04 13:01:59.178  8104 10315 D OK      : request got status: 200
08-04 13:01:59.187  8104  8669 I CommentListingActivity: COMMENTS session changed to 7dcdb327-2035-41ca-ae7f-5aa62258ec68
08-04 13:01:59.241   380   380 W SurfaceFlinger: couldn't log to binary event log: overflow.
08-04 13:01:59.422   512  2967 D audio_hw_primary: disable_audio_route: reset and update mixer path: low-latency-playback speaker
08-04 13:01:59.423   512  2967 D audio_hw_primary: disable_snd_device: snd_device(2: speaker)
08-04 13:01:59.431   512  2967 I soundtrigger: audio_extn_sound_trigger_update_device_status: device 0x2 of type 0 for Event 0
08-04 13:01:59.457  8104  8116 I art     : Starting a blocking GC Explicit
08-04 13:01:59.532  8104  8116 I art     : Explicit concurrent mark sweep GC freed 45581(2MB) AllocSpace objects, 5(104KB) LOS objects, 32% free, 33MB/49MB, paused 1.033ms total 74.154ms
08-04 13:01:59.553  8104  8116 I art     : Starting a blocking GC Explicit
08-04 13:01:59.583  3644  3644 I ServiceManager: Waiting for service AtCmdFwd...
08-04 13:01:59.629  8104  8116 I art     : Explicit concurrent mark sweep GC freed 12483(976KB) AllocSpace objects, 0(0B) LOS objects, 31% free, 34MB/50MB, paused 1.485ms total 75.408ms
08-04 13:01:59.652  8104  8116 I art     : Starting a blocking GC Explicit
08-04 13:01:59.730  8104  8116 I art     : Explicit concurrent mark sweep GC freed 2020(253KB) AllocSpace objects, 2(84KB) LOS objects, 31% free, 35MB/51MB, paused 574us total 78.618ms
08-04 13:01:59.754  8104  8116 I art     : Starting a blocking GC Explicit
08-04 13:01:59.824  8104  8116 I art     : Explicit concurrent mark sweep GC freed 36779(1724KB) AllocSpace objects, 3(100KB) LOS objects, 32% free, 33MB/49MB, paused 648us total 69.081ms
08-04 13:01:59.847  8104  8116 I art     : Starting a blocking GC Explicit
08-04 13:01:59.911  8104  8116 I art     : Explicit concurrent mark sweep GC freed 14(624B) AllocSpace objects, 0(0B) LOS objects, 32% free, 33MB/49MB, paused 490us total 63.777ms
08-04 13:02:00.264  8104  8397 I art     : Starting a blocking GC Explicit
08-04 13:02:00.334  8104  8397 I art     : Explicit concurrent mark sweep GC freed 1354(82KB) AllocSpace objects, 1(20KB) LOS objects, 32% free, 33MB/49MB, paused 513us total 69.700ms
08-04 13:02:00.357  8104  8397 I art     : Starting a blocking GC Explicit
08-04 13:02:00.427  8104  8397 I art     : Explicit concurrent mark sweep GC freed 66(2528B) AllocSpace objects, 0(0B) LOS objects, 32% free, 33MB/49MB, paused 577us total 69.565ms
08-04 13:02:00.453  8104  8397 I art     : Starting a blocking GC Explicit
08-04 13:02:00.525  8104  8397 I art     : Explicit concurrent mark sweep GC freed 3(96B) AllocSpace objects, 0(0B) LOS objects, 32% free, 33MB/49MB, paused 585us total 72.383ms
08-04 13:02:00.548  8104  8397 I art     : Starting a blocking GC Explicit
08-04 13:02:00.584  3644  3644 I ServiceManager: Waiting for service AtCmdFwd...
08-04 13:02:00.626  8104  8397 I art     : Explicit concurrent mark sweep GC freed 3(96B) AllocSpace objects, 0(0B) LOS objects, 32% free, 33MB/49MB, paused 576us total 77.315ms
08-04 13:02:00.653  8104  8397 I art     : Starting a blocking GC Explicit
08-04 13:02:00.735  8104  8397 I art     : Explicit concurrent mark sweep GC freed 3(96B) AllocSpace objects, 0(0B) LOS objects, 32% free, 33MB/49MB, paused 618us total 81.401ms
08-04 13:02:01.123  8104  8116 I art     : Starting a blocking GC Explicit
08-04 13:02:01.218  8104  8116 I art     : Explicit concurrent mark sweep GC freed 1354(82KB) AllocSpace objects, 1(20KB) LOS objects, 32% free, 33MB/49MB, paused 598us total 93.867ms
08-04 13:02:01.242  8104  8116 I art     : Starting a blocking GC Explicit
08-04 13:02:01.304  8104  8116 I art     : Explicit concurrent mark sweep GC freed 20(704B) AllocSpace objects, 0(0B) LOS objects, 32% free, 33MB/49MB, paused 570us total 62.366ms
08-04 13:02:01.327  8104  8116 I art     : Starting a blocking GC Explicit
08-04 13:02:01.407  8104  8116 I art     : Explicit concurrent mark sweep GC freed 3(96B) AllocSpace objects, 0(0B) LOS objects, 32% free, 33MB/49MB, paused 609us total 79.695ms
08-04 13:02:01.432  8104  8116 I art     : Starting a blocking GC Explicit
08-04 13:02:01.508  8104  8116 I art     : Explicit concurrent mark sweep GC freed 3(96B) AllocSpace objects, 0(0B) LOS objects, 32% free, 33MB/49MB, paused 541us total 75.786ms
08-04 13:02:01.531  8104  8116 I art     : Starting a blocking GC Explicit
08-04 13:02:01.584  3644  3644 I ServiceManager: Waiting for service AtCmdFwd...
08-04 13:02:01.609  8104  8116 I art     : Explicit concurrent mark sweep GC freed 3(96B) AllocSpace objects, 0(0B) LOS objects, 32% free, 33MB/49MB, paused 621us total 78.186ms
08-04 13:02:01.964 13866 13882 I PeriodicStatsRunner: PeriodicStatsRunner.call():175 call()
08-04 13:02:01.965 13866 13882 I PeriodicStatsRunner: PeriodicStatsRunner.call():179 No submit PeriodicStats since input started.
08-04 13:02:01.993  8104  8117 I art     : Starting a blocking GC Explicit
08-04 13:02:02.084  8104  8117 I art     : Explicit concurrent mark sweep GC freed 1354(82KB) AllocSpace objects, 1(20KB) LOS objects, 32% free, 33MB/49MB, paused 626us total 90.863ms
08-04 13:02:02.111  8104  8117 I art     : Starting a blocking GC Explicit
08-04 13:02:02.192  8104  8117 I art     : Explicit concurrent mark sweep GC freed 20(704B) AllocSpace objects, 0(0B) LOS objects, 32% free, 33MB/49MB, paused 624us total 81.022ms
08-04 13:02:02.218  8104  8117 I art     : Starting a blocking GC Explicit
08-04 13:02:02.294  8104  8117 I art     : Explicit concurrent mark sweep GC freed 3(96B) AllocSpace objects, 0(0B) LOS objects, 32% free, 33MB/49MB, paused 558us total 75.457ms
08-04 13:02:02.317  8104  8117 I art     : Starting a blocking GC Explicit
08-04 13:02:02.395  8104  8117 I art     : Explicit concurrent mark sweep GC freed 3(96B) AllocSpace objects, 0(0B) LOS objects, 32% free, 33MB/49MB, paused 630us total 78.027ms
08-04 13:02:02.422  8104  8117 I art     : Starting a blocking GC Explicit
08-04 13:02:02.498  8104  8117 I art     : Explicit concurrent mark sweep GC freed 3(96B) AllocSpace objects, 0(0B) LOS objects, 32% free, 33MB/49MB, paused 597us total 75.502ms
08-04 13:02:02.586  3644  3644 I ServiceManager: Waiting for service AtCmdFwd...
08-04 13:02:02.747   918 13198 D NetlinkSocketObserver: NeighborEvent{elapsedMs=1692726622, 192.168.2.254, [7C3953A63323], RTM_NEWNEIGH, NUD_STALE}
08-04 13:02:02.875  8104  8126 I art     : Starting a blocking GC Explicit
08-04 13:02:02.961  8104  8126 I art     : Explicit concurrent mark sweep GC freed 1354(82KB) AllocSpace objects, 1(20KB) LOS objects, 32% free, 33MB/49MB, paused 603us total 85.361ms
08-04 13:02:02.986  8104  8126 I art     : Starting a blocking GC Explicit
08-04 13:02:03.060  8104  8126 I art     : Explicit concurrent mark sweep GC freed 20(704B) AllocSpace objects, 0(0B) LOS objects, 32% free, 33MB/49MB, paused 551us total 73.781ms
08-04 13:02:03.084  8104  8126 I art     : Starting a blocking GC Explicit
08-04 13:02:03.149  8104  8126 I art     : Explicit concurrent mark sweep GC freed 3(96B) AllocSpace objects, 0(0B) LOS objects, 32% free, 33MB/49MB, paused 529us total 65.227ms
08-04 13:02:03.171  8104  8126 I art     : Starting a blocking GC Explicit
08-04 13:02:03.211   518   646 I ThermalEngine: ACTION: GPU - Setting GPU[0] to 510000000
08-04 13:02:03.239  8104  8126 I art     : Explicit concurrent mark sweep GC freed 3(96B) AllocSpace objects, 0(0B) LOS objects, 32% free, 33MB/49MB, paused 585us total 67.886ms
08-04 13:02:03.259  8104  8126 I art     : Starting a blocking GC Explicit
08-04 13:02:03.313  8104  8126 I art     : Explicit concurrent mark sweep GC freed 3(96B) AllocSpace objects, 0(0B) LOS objects, 32% free, 33MB/49MB, paused 424us total 53.760ms
08-04 13:02:03.519 10368 10368 D AndroidRuntime: >>>>>> START com.android.internal.os.RuntimeInit uid 2000 <<<<<<
08-04 13:02:03.523 10368 10368 D AndroidRuntime: CheckJNI is OFF
08-04 13:02:03.556 10368 10368 D ICU     : No timezone override file found: /data/misc/zoneinfo/current/icu/icu_tzdata.dat
08-04 13:02:03.587  3644  3644 W Atfwd_Sendcmd: AtCmdFwd service not published, waiting... retryCnt : 1
08-04 13:02:03.588 10368 10368 I Radio-JNI: register_android_hardware_Radio DONE
08-04 13:02:03.610 10368 10368 D AndroidRuntime: Calling main entry com.android.commands.input.Input
08-04 13:02:03.612 10368 10368 I Input   : injectKeyEvent: KeyEvent { action=ACTION_DOWN, keyCode=KEYCODE_BACK, scanCode=0, metaState=0, flags=0x0, repeatCount=0, eventTime=709340025, downTime=709340025, deviceId=-1, source=0x101 }
08-04 13:02:03.617 10368 10368 I Input   : injectKeyEvent: KeyEvent { action=ACTION_UP, keyCode=KEYCODE_BACK, scanCode=0, metaState=0, flags=0x0, repeatCount=0, eventTime=709340025, downTime=709340025, deviceId=-1, source=0x101 }
08-04 13:02:03.623 10368 10368 D AndroidRuntime: Shutting down VM
08-04 13:02:03.656 13866 13866 I GoogleInputMethodServic: GoogleInputMethodService.onFinishInput():3138 
08-04 13:02:03.657 13866 13866 I GoogleInputMethodServic: GoogleInputMethodService.onStartInput():1808 
08-04 13:02:03.663  8104  8117 I art     : Starting a blocking GC Explicit
08-04 13:02:03.715  8104  8117 I art     : Explicit concurrent mark sweep GC freed 1653(93KB) AllocSpace objects, 1(20KB) LOS objects, 32% free, 33MB/49MB, paused 457us total 51.549ms
08-04 13:02:03.731  8104  8117 I art     : Starting a blocking GC Explicit
08-04 13:02:03.783  8104  8117 I art     : Explicit concurrent mark sweep GC freed 32(1168B) AllocSpace objects, 0(0B) LOS objects, 32% free, 33MB/49MB, paused 440us total 52.598ms
08-04 13:02:03.802  8104  8117 I art     : Starting a blocking GC Explicit
08-04 13:02:03.862  8104 10313 I RedditChangeDataIO: Writing tmp data file at '/data/user/0/baseline.org.quantumbadger.redreader/files/rr_change_data_tmp.dat'
08-04 13:02:03.862  8104 10313 I RedditChangeDataManager: Taking snapshot...
08-04 13:02:03.862  8104 10313 I RedditChangeDataManager: Writing to stream...
08-04 13:02:03.863  8104 10313 I RedditChangeDataManager: Wrote 5 entries for user ''
08-04 13:02:03.863  8104 10313 I RedditChangeDataManager: All entries written to stream.
08-04 13:02:03.863  8104 10313 I RedditChangeDataIO: Write successful. Atomically replacing data file...
08-04 13:02:03.863  8104 10313 I RedditChangeDataIO: Write complete.
08-04 13:02:03.863  8104 10313 I RedditChangeDataIO: 134 bytes written in 1 ms
08-04 13:02:03.871  8104  8117 I art     : Explicit concurrent mark sweep GC freed 79(4KB) AllocSpace objects, 1(68KB) LOS objects, 32% free, 33MB/49MB, paused 506us total 68.252ms
08-04 13:02:03.890  8104  8117 I art     : Starting a blocking GC Explicit
08-04 13:02:03.956  8104  8117 I art     : Explicit concurrent mark sweep GC freed 14(656B) AllocSpace objects, 0(0B) LOS objects, 32% free, 33MB/49MB, paused 519us total 64.999ms
08-04 13:02:03.974  8104  8117 I art     : Starting a blocking GC Explicit
08-04 13:02:03.979   380   380 W SurfaceFlinger: couldn't log to binary event log: overflow.
08-04 13:02:03.983 13866 13882 I PeriodicStatsRunner: PeriodicStatsRunner.call():175 call()
08-04 13:02:03.983 13866 13882 I PeriodicStatsRunner: PeriodicStatsRunner.call():179 No submit PeriodicStats since input started.
08-04 13:02:04.025  8104  8117 I art     : Explicit concurrent mark sweep GC freed 64(2352B) AllocSpace objects, 0(0B) LOS objects, 32% free, 33MB/49MB, paused 421us total 49.957ms
08-04 13:02:04.352  8104  8116 I art     : Starting a blocking GC Explicit
08-04 13:02:04.413  8104  8116 I art     : Explicit concurrent mark sweep GC freed 77857(4MB) AllocSpace objects, 6(160KB) LOS objects, 35% free, 29MB/45MB, paused 455us total 60.546ms
08-04 13:02:04.429  8104  8116 I art     : Starting a blocking GC Explicit
08-04 13:02:04.465  8104  8116 I art     : Explicit concurrent mark sweep GC freed 20(704B) AllocSpace objects, 0(0B) LOS objects, 35% free, 29MB/45MB, paused 396us total 35.632ms
08-04 13:02:04.479  8104  8116 I art     : Starting a blocking GC Explicit
08-04 13:02:04.517  8104  8116 I art     : Explicit concurrent mark sweep GC freed 3(96B) AllocSpace objects, 0(0B) LOS objects, 35% free, 29MB/45MB, paused 491us total 38.171ms
08-04 13:02:04.532  8104  8116 I art     : Starting a blocking GC Explicit
08-04 13:02:04.571  8104  8116 I art     : Explicit concurrent mark sweep GC freed 3(96B) AllocSpace objects, 0(0B) LOS objects, 35% free, 29MB/45MB, paused 426us total 39.710ms
08-04 13:02:04.586  8104  8116 I art     : Starting a blocking GC Explicit
08-04 13:02:04.626  8104  8116 I art     : Explicit concurrent mark sweep GC freed 3(96B) AllocSpace objects, 0(0B) LOS objects, 35% free, 29MB/45MB, paused 418us total 39.147ms
08-04 13:02:04.918  8104  8126 I art     : Starting a blocking GC Explicit
08-04 13:02:04.957  8104  8126 I art     : Explicit concurrent mark sweep GC freed 1590(119KB) AllocSpace objects, 1(20KB) LOS objects, 35% free, 29MB/45MB, paused 385us total 38.676ms
08-04 13:02:04.971  8104  8126 I art     : Starting a blocking GC Explicit
08-04 13:02:05.009  8104  8126 I art     : Explicit concurrent mark sweep GC freed 85(2880B) AllocSpace objects, 0(0B) LOS objects, 35% free, 29MB/45MB, paused 379us total 37.269ms
08-04 13:02:05.023  8104  8126 I art     : Starting a blocking GC Explicit
08-04 13:02:05.059  8104  8126 I art     : Explicit concurrent mark sweep GC freed 3(96B) AllocSpace objects, 0(0B) LOS objects, 35% free, 29MB/45MB, paused 379us total 35.970ms
08-04 13:02:05.073  8104  8126 I art     : Starting a blocking GC Explicit
08-04 13:02:05.110  8104  8126 I art     : Explicit concurrent mark sweep GC freed 3(96B) AllocSpace objects, 0(0B) LOS objects, 35% free, 29MB/45MB, paused 387us total 36.881ms
08-04 13:02:05.124  8104  8126 I art     : Starting a blocking GC Explicit
08-04 13:02:05.161  8104  8126 I art     : Explicit concurrent mark sweep GC freed 3(96B) AllocSpace objects, 0(0B) LOS objects, 35% free, 29MB/45MB, paused 381us total 36.312ms
08-04 13:02:05.285 10412 10412 D AndroidRuntime: >>>>>> START com.android.internal.os.RuntimeInit uid 2000 <<<<<<
08-04 13:02:05.292 10412 10412 D AndroidRuntime: CheckJNI is OFF
08-04 13:02:05.330 10412 10412 D ICU     : No timezone override file found: /data/misc/zoneinfo/current/icu/icu_tzdata.dat
08-04 13:02:05.363 10412 10412 I Radio-JNI: register_android_hardware_Radio DONE
08-04 13:02:05.384 10412 10412 D AndroidRuntime: Calling main entry com.android.commands.input.Input
08-04 13:02:05.386 10412 10412 I Input   : injectMotionEvent: MotionEvent { action=ACTION_DOWN, actionButton=0, id[0]=0, x[0]=600.0, y[0]=580.0, toolType[0]=TOOL_TYPE_UNKNOWN, buttonState=0, metaState=0, flags=0x0, edgeFlags=0x0, pointerCount=1, historySize=0, eventTime=709341798, downTime=709341798, deviceId=0, source=0x1002 }
08-04 13:02:05.390 10412 10412 I Input   : injectMotionEvent: MotionEvent { action=ACTION_UP, actionButton=0, id[0]=0, x[0]=600.0, y[0]=580.0, toolType[0]=TOOL_TYPE_UNKNOWN, buttonState=0, metaState=0, flags=0x0, edgeFlags=0x0, pointerCount=1, historySize=0, eventTime=709341798, downTime=709341798, deviceId=0, source=0x1002 }
08-04 13:02:05.392 10412 10412 D AndroidRuntime: Shutting down VM
08-04 13:02:05.402   918   929 I ActivityManager: START u0 {cmp=baseline.org.quantumbadger.redreader/.activities.WebViewActivity (has extras)} from uid 10666 on display 0
08-04 13:02:05.402   512  2967 D audio_hw_primary: out_set_parameters: enter: usecase(1: low-latency-playback) kvpairs: routing=2
08-04 13:02:05.415   512  2967 D audio_hw_primary: select_devices: out_snd_device(2: speaker) in_snd_device(0: none)
08-04 13:02:05.415   512  2967 D msm8974_platform: platform_send_audio_calibration: sending audio calibration for snd_device(2) acdb_id(15)
08-04 13:02:05.416   512  2967 I soundtrigger: audio_extn_sound_trigger_update_device_status: device 0x2 of type 0 for Event 1
08-04 13:02:05.427  8104  8104 I AppCompatViewInflater: app:theme is now deprecated. Please move to using android:theme instead.
08-04 13:02:05.428   512  2967 D audio_hw_primary: enable_snd_device: snd_device(2: speaker)
08-04 13:02:05.430   512  2967 D audio_hw_primary: enable_audio_route: apply and update mixer path: low-latency-playback speaker
08-04 13:02:05.446   918  3714 D ConnectivityService: listenForNetwork for Listen from uid/pid:10666/8104 for NetworkRequest [ id=2661, legacyType=-1, [ Capabilities: INTERNET&NOT_RESTRICTED&TRUSTED] ]
08-04 13:02:05.481  8104  8117 I art     : Starting a blocking GC Explicit
08-04 13:02:05.515  8104  8117 I art     : Explicit concurrent mark sweep GC freed 5393(292KB) AllocSpace objects, 1(20KB) LOS objects, 35% free, 29MB/45MB, paused 366us total 33.407ms
08-04 13:02:05.530  8104  8117 I art     : Starting a blocking GC Explicit
08-04 13:02:05.547   918   936 I ActivityManager: Displayed baseline.org.quantumbadger.redreader/.activities.WebViewActivity: +136ms
08-04 13:02:05.550 13866 13866 I GoogleInputMethodServic: GoogleInputMethodService.onFinishInput():3138 
08-04 13:02:05.551 13866 13866 I GoogleInputMethodServic: GoogleInputMethodService.onStartInput():1808 
08-04 13:02:05.568  8104  8117 I art     : Explicit concurrent mark sweep GC freed 997(45KB) AllocSpace objects, 0(0B) LOS objects, 35% free, 29MB/45MB, paused 447us total 37.774ms
08-04 13:02:05.585  8104  8117 I art     : Starting a blocking GC Explicit
08-04 13:02:05.617  8104  8117 I art     : Explicit concurrent mark sweep GC freed 85(4KB) AllocSpace objects, 0(0B) LOS objects, 35% free, 29MB/45MB, paused 454us total 32.596ms
08-04 13:02:05.631  8104  8117 I art     : Starting a blocking GC Explicit
08-04 13:02:05.664  8104  8117 I art     : Explicit concurrent mark sweep GC freed 3(96B) AllocSpace objects, 0(0B) LOS objects, 35% free, 29MB/45MB, paused 364us total 32.800ms
08-04 13:02:05.678  8104  8117 I art     : Starting a blocking GC Explicit
08-04 13:02:05.715  8104  8117 I art     : Explicit concurrent mark sweep GC freed 7(240B) AllocSpace objects, 0(0B) LOS objects, 35% free, 29MB/45MB, paused 468us total 36.731ms
08-04 13:02:05.781   380   380 W SurfaceFlinger: couldn't log to binary event log: overflow.
08-04 13:02:05.968   512  2967 D audio_hw_primary: disable_audio_route: reset and update mixer path: low-latency-playback speaker
08-04 13:02:05.969   512  2967 D audio_hw_primary: disable_snd_device: snd_device(2: speaker)
08-04 13:02:05.978   512  2967 I soundtrigger: audio_extn_sound_trigger_update_device_status: device 0x2 of type 0 for Event 0
08-04 13:02:06.057  8104  8117 I art     : Starting a blocking GC Explicit
08-04 13:02:06.099  8104  8117 I art     : Explicit concurrent mark sweep GC freed 2325(136KB) AllocSpace objects, 1(20KB) LOS objects, 35% free, 29MB/45MB, paused 548us total 40.711ms
08-04 13:02:06.114  8104  8117 I art     : Starting a blocking GC Explicit
08-04 13:02:06.158  8104  8117 I art     : Explicit concurrent mark sweep GC freed 29(992B) AllocSpace objects, 0(0B) LOS objects, 35% free, 29MB/45MB, paused 521us total 43.510ms
08-04 13:02:06.173  8104  8117 I art     : Starting a blocking GC Explicit
08-04 13:02:06.215  8104  8117 I art     : Explicit concurrent mark sweep GC freed 11(336B) AllocSpace objects, 0(0B) LOS objects, 35% free, 29MB/45MB, paused 706us total 41.693ms
08-04 13:02:06.232  8104  8117 I art     : Starting a blocking GC Explicit
08-04 13:02:06.270  8104  8117 I art     : Explicit concurrent mark sweep GC freed 12(368B) AllocSpace objects, 0(0B) LOS objects, 35% free, 29MB/45MB, paused 356us total 38.122ms
08-04 13:02:06.285  8104  8117 I art     : Starting a blocking GC Explicit
08-04 13:02:06.324  8104  8117 I art     : Explicit concurrent mark sweep GC freed 9(288B) AllocSpace objects, 0(0B) LOS objects, 35% free, 29MB/45MB, paused 395us total 38.752ms
08-04 13:02:06.648  8104  8117 I art     : Starting a blocking GC Explicit
08-04 13:02:06.690  8104  8117 I art     : Explicit concurrent mark sweep GC freed 1398(84KB) AllocSpace objects, 1(20KB) LOS objects, 35% free, 29MB/45MB, paused 443us total 41.459ms
08-04 13:02:06.706  8104  8117 I art     : Starting a blocking GC Explicit
08-04 13:02:06.747  8104  8117 I art     : Explicit concurrent mark sweep GC freed 26(896B) AllocSpace objects, 0(0B) LOS objects, 35% free, 29MB/45MB, paused 572us total 41.334ms
08-04 13:02:06.760  8104  8104 I chromium: [INFO:CONSOLE(1)] "
08-04 13:02:06.760  8104  8104 I chromium:                   ,d"=,.,qOp,
08-04 13:02:06.760  8104  8104 I chromium:                  ,7'  ''$(  )
08-04 13:02:06.760  8104  8104 I chromium:                 ,7'      '?q$7'
08-04 13:02:06.760  8104  8104 I chromium:              ..,$$,.
08-04 13:02:06.760  8104  8104 I chromium:    ,.  .,,--***""***--,,.  .,
08-04 13:02:06.760  8104  8104 I chromium:     ,p''              ''q,   
08-04 13:02:06.760  8104  8104 I chromium: :  ,7'                      '7,  :
08-04 13:02:06.760  8104  8104 I chromium:  ' $      ,db,      ,db,      $ '
08-04 13:02:06.760  8104  8104 I chromium:   '$      $$      $$      $'    Using Reddit at work? Work for Reddit.
08-04 13:02:06.760  8104  8104 I chromium:   '$                          $'        https://www.reddit.com/jobs
08-04 13:02:06.760  8104  8104 I chromium:    '$.     .,        ,.     .$'
08-04 13:02:06.760  8104  8104 I chromium:     'b,     ''     ,d'
08-04 13:02:06.760  8104  8104 I chromium:      '?bn,,          ,,nd?'
08-04 13:02:06.760  8104  8104 I chromium:        ,7$ '''' $7,
08-04 13:02:06.760  8104  8104 I chromium:      , $              $ ,
08-04 13:02:06.760  8104  8104 I chromium:      $  :$              $:  $
08-04 13:02:06.760  8104  8104 I chromium:      $   $              $   $
08-04 13:02:06.760  8104  8104 I chromium:      'b  q:            :p  d'
08-04 13:02:06.760  8104  8104 I chromium:       '?$.          .$?'
08-04 13:02:06.760  8104  8104 I chromium:          'b            d'
08-04 13:02:06.760  8104  8104 I chromium:        ,'?,.      .,?',
08-04 13:02:06.760  8104  8104 I chromium:       ==--==--==--==
08-04 13:02:06.760  8104  8104 I chromium: ", source: https://www.redditstatic.com/desktop2x/Chat~Governance~Reddit.2ea93b134a9b2e5b1d9a.js (1)
08-04 13:02:06.763  8104  8117 I art     : Starting a blocking GC Explicit
08-04 13:02:06.805  8104  8117 I art     : Explicit concurrent mark sweep GC freed 14(2624B) AllocSpace objects, 0(0B) LOS objects, 35% free, 29MB/45MB, paused 485us total 41.188ms
08-04 13:02:06.820  8104  8117 I art     : Starting a blocking GC Explicit
08-04 13:02:06.861  8104  8117 I art     : Explicit concurrent mark sweep GC freed 9(288B) AllocSpace objects, 0(0B) LOS objects, 35% free, 29MB/45MB, paused 364us total 40.952ms
08-04 13:02:06.878  8104  8117 I art     : Starting a blocking GC Explicit
08-04 13:02:06.920  8104  8117 I art     : Explicit concurrent mark sweep GC freed 9(288B) AllocSpace objects, 0(0B) LOS objects, 35% free, 29MB/45MB, paused 555us total 41.411ms
08-04 13:02:07.222   518   646 I ThermalEngine: ACTION: GPU - Setting GPU[0] to 450000000
08-04 13:02:07.271  8104  8397 I art     : Starting a blocking GC Explicit
08-04 13:02:07.326  8104  8397 I art     : Explicit concurrent mark sweep GC freed 1443(85KB) AllocSpace objects, 1(20KB) LOS objects, 35% free, 29MB/45MB, paused 540us total 54.607ms
08-04 13:02:07.348  8104  8397 I art     : Starting a blocking GC Explicit
08-04 13:02:07.396  8104  8397 I art     : Explicit concurrent mark sweep GC freed 28(960B) AllocSpace objects, 0(0B) LOS objects, 35% free, 29MB/45MB, paused 526us total 47.178ms
08-04 13:02:07.415  8104  8397 I art     : Starting a blocking GC Explicit
08-04 13:02:07.455  8104  8397 I art     : Explicit concurrent mark sweep GC freed 3(96B) AllocSpace objects, 0(0B) LOS objects, 35% free, 29MB/45MB, paused 516us total 40.568ms
08-04 13:02:07.474  8104  8397 I art     : Starting a blocking GC Explicit
08-04 13:02:07.520  8104  8397 I art     : Explicit concurrent mark sweep GC freed 3(96B) AllocSpace objects, 0(0B) LOS objects, 35% free, 29MB/45MB, paused 537us total 45.837ms
08-04 13:02:07.539  8104  8397 I art     : Starting a blocking GC Explicit
08-04 13:02:07.584  8104  8397 I art     : Explicit concurrent mark sweep GC freed 3(96B) AllocSpace objects, 0(0B) LOS objects, 35% free, 29MB/45MB, paused 551us total 44.686ms
08-04 13:02:07.977  8104  8126 I art     : Starting a blocking GC Explicit
08-04 13:02:08.022  8104  8126 I art     : Explicit concurrent mark sweep GC freed 1566(94KB) AllocSpace objects, 1(20KB) LOS objects, 35% free, 29MB/45MB, paused 474us total 44.677ms
08-04 13:02:08.046  8104  8126 I art     : Starting a blocking GC Explicit
08-04 13:02:08.090  8104  8126 I art     : Explicit concurrent mark sweep GC freed 20(704B) AllocSpace objects, 0(0B) LOS objects, 35% free, 29MB/45MB, paused 449us total 42.886ms
08-04 13:02:08.107  8104  8126 I art     : Starting a blocking GC Explicit
08-04 13:02:08.151  8104  8126 I art     : Explicit concurrent mark sweep GC freed 7(208B) AllocSpace objects, 0(0B) LOS objects, 35% free, 29MB/45MB, paused 508us total 43.797ms
08-04 13:02:08.171  8104  8126 I art     : Starting a blocking GC Explicit
08-04 13:02:08.217  8104  8126 I art     : Explicit concurrent mark sweep GC freed 12(2528B) AllocSpace objects, 0(0B) LOS objects, 35% free, 29MB/45MB, paused 477us total 45.090ms
08-04 13:02:08.226   518   646 I ThermalEngine: ACTION: GPU - Setting GPU[0] to 390000000
08-04 13:02:08.252  8104  8126 I art     : Starting a blocking GC Explicit
08-04 13:02:08.318  8104  8126 I art     : Explicit concurrent mark sweep GC freed 3(96B) AllocSpace objects, 0(0B) LOS objects, 35% free, 29MB/45MB, paused 931us total 66.010ms
08-04 13:02:08.587  3644  3644 I ServiceManager: Waiting for service AtCmdFwd...
08-04 13:02:08.657 13866 13882 I PeriodicStatsRunner: PeriodicStatsRunner.call():175 call()
08-04 13:02:08.657 13866 13882 I PeriodicStatsRunner: PeriodicStatsRunner.call():179 No submit PeriodicStats since input started.
08-04 13:02:08.732  8104  8397 I art     : Starting a blocking GC Explicit
08-04 13:02:08.790  8104  8397 I art     : Explicit concurrent mark sweep GC freed 1401(85KB) AllocSpace objects, 1(20KB) LOS objects, 35% free, 29MB/45MB, paused 637us total 58.158ms
08-04 13:02:08.814  8104  8397 I art     : Starting a blocking GC Explicit
08-04 13:02:08.879  8104  8397 I art     : Explicit concurrent mark sweep GC freed 20(704B) AllocSpace objects, 0(0B) LOS objects, 35% free, 29MB/45MB, paused 880us total 65.022ms
08-04 13:02:08.904  8104  8397 I art     : Starting a blocking GC Explicit
08-04 13:02:08.965  8104  8397 I art     : Explicit concurrent mark sweep GC freed 3(96B) AllocSpace objects, 0(0B) LOS objects, 35% free, 29MB/45MB, paused 1.419ms total 60.321ms
08-04 13:02:08.995  8104  8397 I art     : Starting a blocking GC Explicit
08-04 13:02:09.054  8104  8397 I art     : Explicit concurrent mark sweep GC freed 3(96B) AllocSpace objects, 0(0B) LOS objects, 35% free, 29MB/45MB, paused 1.051ms total 57.755ms
08-04 13:02:09.090  8104  8397 I art     : Starting a blocking GC Explicit
08-04 13:02:09.149  8104  8397 I art     : Explicit concurrent mark sweep GC freed 3(96B) AllocSpace objects, 0(0B) LOS objects, 35% free, 29MB/45MB, paused 839us total 58.113ms
08-04 13:02:09.561  8104  8397 I art     : Starting a blocking GC Explicit
08-04 13:02:09.588  3644  3644 I ServiceManager: Waiting for service AtCmdFwd...
08-04 13:02:09.622  8104  8397 I art     : Explicit concurrent mark sweep GC freed 1355(82KB) AllocSpace objects, 1(20KB) LOS objects, 35% free, 29MB/45MB, paused 844us total 60.589ms
08-04 13:02:09.648  8104  8397 I art     : Starting a blocking GC Explicit
08-04 13:02:09.707  8104  8397 I art     : Explicit concurrent mark sweep GC freed 20(704B) AllocSpace objects, 0(0B) LOS objects, 35% free, 29MB/45MB, paused 759us total 58.637ms
08-04 13:02:09.731  8104  8397 I art     : Starting a blocking GC Explicit
08-04 13:02:09.795  8104  8397 I art     : Explicit concurrent mark sweep GC freed 3(96B) AllocSpace objects, 0(0B) LOS objects, 35% free, 29MB/45MB, paused 773us total 63.274ms
08-04 13:02:09.819  8104  8397 I art     : Starting a blocking GC Explicit
08-04 13:02:09.883  8104  8397 I art     : Explicit concurrent mark sweep GC freed 3(96B) AllocSpace objects, 0(0B) LOS objects, 35% free, 29MB/45MB, paused 771us total 63.502ms
08-04 13:02:09.907  8104  8397 I art     : Starting a blocking GC Explicit
08-04 13:02:09.983  8104  8397 I art     : Explicit concurrent mark sweep GC freed 3(96B) AllocSpace objects, 0(0B) LOS objects, 35% free, 29MB/45MB, paused 1.603ms total 74.959ms
08-04 13:02:10.228   518   646 I ThermalEngine: ACTION: GPU - Setting GPU[0] to 450000000
08-04 13:02:10.282 10502 10502 D AndroidRuntime: >>>>>> START com.android.internal.os.RuntimeInit uid 2000 <<<<<<
08-04 13:02:10.288 10502 10502 D AndroidRuntime: CheckJNI is OFF
08-04 13:02:10.330 10502 10502 D ICU     : No timezone override file found: /data/misc/zoneinfo/current/icu/icu_tzdata.dat
08-04 13:02:10.349  8104  8397 I art     : Starting a blocking GC Explicit
08-04 13:02:10.375 10502 10502 I Radio-JNI: register_android_hardware_Radio DONE
08-04 13:02:10.400  8104  8397 I art     : Explicit concurrent mark sweep GC freed 1355(82KB) AllocSpace objects, 1(20KB) LOS objects, 35% free, 29MB/45MB, paused 535us total 51.544ms
08-04 13:02:10.406 10502 10502 D AndroidRuntime: Calling main entry com.android.commands.input.Input
08-04 13:02:10.408 10502 10502 I Input   : injectKeyEvent: KeyEvent { action=ACTION_DOWN, keyCode=KEYCODE_BACK, scanCode=0, metaState=0, flags=0x0, repeatCount=0, eventTime=709346821, downTime=709346821, deviceId=-1, source=0x101 }
08-04 13:02:10.413  8104 10437 I RedditChangeDataIO: Writing tmp data file at '/data/user/0/baseline.org.quantumbadger.redreader/files/rr_change_data_tmp.dat'
08-04 13:02:10.413 10502 10502 I Input   : injectKeyEvent: KeyEvent { action=ACTION_UP, keyCode=KEYCODE_BACK, scanCode=0, metaState=0, flags=0x0, repeatCount=0, eventTime=709346821, downTime=709346821, deviceId=-1, source=0x101 }
08-04 13:02:10.414  8104 10437 I RedditChangeDataManager: Taking snapshot...
08-04 13:02:10.414  8104 10437 I RedditChangeDataManager: Writing to stream...
08-04 13:02:10.414  8104 10437 I RedditChangeDataManager: Wrote 5 entries for user ''
08-04 13:02:10.414  8104 10437 I RedditChangeDataManager: All entries written to stream.
08-04 13:02:10.414  8104 10437 I RedditChangeDataIO: Write successful. Atomically replacing data file...
08-04 13:02:10.415  8104 10437 I RedditChangeDataIO: Write complete.
08-04 13:02:10.415  8104 10437 I RedditChangeDataIO: 134 bytes written in 2 ms
08-04 13:02:10.419  8104  8397 I art     : Starting a blocking GC Explicit
08-04 13:02:10.421 10502 10502 D AndroidRuntime: Shutting down VM
08-04 13:02:10.461  8104  8397 I art     : Explicit concurrent mark sweep GC freed 246(10KB) AllocSpace objects, 1(68KB) LOS objects, 35% free, 29MB/45MB, paused 545us total 41.880ms
08-04 13:02:10.463 13866 13866 I GoogleInputMethodServic: GoogleInputMethodService.onFinishInput():3138 
08-04 13:02:10.464 13866 13866 I GoogleInputMethodServic: GoogleInputMethodService.onStartInput():1808 
08-04 13:02:10.479  8104  8397 I art     : Starting a blocking GC Explicit
08-04 13:02:10.520  8104  8397 I art     : Explicit concurrent mark sweep GC freed 131(4KB) AllocSpace objects, 0(0B) LOS objects, 35% free, 29MB/45MB, paused 508us total 41.300ms
08-04 13:02:10.537  8104  8397 I art     : Starting a blocking GC Explicit
08-04 13:02:10.551 13866 13882 I PeriodicStatsRunner: PeriodicStatsRunner.call():175 call()
08-04 13:02:10.551 13866 13882 I PeriodicStatsRunner: PeriodicStatsRunner.call():179 No submit PeriodicStats since input started.
08-04 13:02:10.579  8104  8397 I art     : Explicit concurrent mark sweep GC freed 8(304B) AllocSpace objects, 0(0B) LOS objects, 35% free, 29MB/45MB, paused 510us total 41.163ms
08-04 13:02:10.589  3644  3644 I ServiceManager: Waiting for service AtCmdFwd...
08-04 13:02:10.598  8104  8397 I art     : Starting a blocking GC Explicit
08-04 13:02:10.652  8104  8397 I art     : Explicit concurrent mark sweep GC freed 3(96B) AllocSpace objects, 0(0B) LOS objects, 35% free, 29MB/45MB, paused 511us total 53.608ms
08-04 13:02:10.786   380   380 W SurfaceFlinger: couldn't log to binary event log: overflow.
08-04 13:02:10.827   918  3263 D ConnectivityService: releasing NetworkRequest NetworkRequest [ id=2661, legacyType=-1, [ Capabilities: INTERNET&NOT_RESTRICTED&TRUSTED] ]
08-04 13:02:11.032  8104  8116 I art     : Starting a blocking GC Explicit
08-04 13:02:11.077  8104  8116 I art     : Explicit concurrent mark sweep GC freed 2237(123KB) AllocSpace objects, 1(20KB) LOS objects, 35% free, 29MB/45MB, paused 483us total 44.501ms
08-04 13:02:11.095  8104  8116 I art     : Starting a blocking GC Explicit
08-04 13:02:11.137  8104  8116 I art     : Explicit concurrent mark sweep GC freed 2114(124KB) AllocSpace objects, 1(28KB) LOS objects, 35% free, 29MB/45MB, paused 475us total 41.819ms
08-04 13:02:11.154  8104  8116 I art     : Starting a blocking GC Explicit
08-04 13:02:11.196  8104  8116 I art     : Explicit concurrent mark sweep GC freed 3(96B) AllocSpace objects, 0(0B) LOS objects, 35% free, 29MB/45MB, paused 481us total 41.635ms
08-04 13:02:11.213  8104  8116 I art     : Starting a blocking GC Explicit
08-04 13:02:11.258  8104  8116 I art     : Explicit concurrent mark sweep GC freed 3(96B) AllocSpace objects, 0(0B) LOS objects, 35% free, 29MB/45MB, paused 497us total 44.076ms
08-04 13:02:11.276  8104  8116 I art     : Starting a blocking GC Explicit
08-04 13:02:11.321  8104  8116 I art     : Explicit concurrent mark sweep GC freed 3(96B) AllocSpace objects, 0(0B) LOS objects, 35% free, 29MB/45MB, paused 502us total 45.030ms
08-04 13:02:11.589  3644  3644 I ServiceManager: Waiting for service AtCmdFwd...
08-04 13:02:11.678  8104  8117 I art     : Starting a blocking GC Explicit
08-04 13:02:11.724  8104  8117 I art     : Explicit concurrent mark sweep GC freed 1354(82KB) AllocSpace objects, 1(20KB) LOS objects, 35% free, 29MB/45MB, paused 554us total 45.859ms
08-04 13:02:11.743  8104  8117 I art     : Starting a blocking GC Explicit
08-04 13:02:11.788  8104  8117 I art     : Explicit concurrent mark sweep GC freed 20(704B) AllocSpace objects, 0(0B) LOS objects, 35% free, 29MB/45MB, paused 553us total 45.205ms
08-04 13:02:11.807  8104  8117 I art     : Starting a blocking GC Explicit
08-04 13:02:11.852  8104  8117 I art     : Explicit concurrent mark sweep GC freed 3(96B) AllocSpace objects, 0(0B) LOS objects, 35% free, 29MB/45MB, paused 482us total 45.201ms
08-04 13:02:11.870  8104  8117 I art     : Starting a blocking GC Explicit
08-04 13:02:11.917  8104  8117 I art     : Explicit concurrent mark sweep GC freed 3(96B) AllocSpace objects, 0(0B) LOS objects, 35% free, 29MB/45MB, paused 522us total 45.801ms
08-04 13:02:11.935  8104  8117 I art     : Starting a blocking GC Explicit
08-04 13:02:11.979  8104  8117 I art     : Explicit concurrent mark sweep GC freed 3(96B) AllocSpace objects, 0(0B) LOS objects, 35% free, 29MB/45MB, paused 526us total 43.477ms
08-04 13:02:12.204 10545 10545 D AndroidRuntime: >>>>>> START com.android.internal.os.RuntimeInit uid 2000 <<<<<<
08-04 13:02:12.210 10545 10545 D AndroidRuntime: CheckJNI is OFF
08-04 13:02:12.252 10545 10545 D ICU     : No timezone override file found: /data/misc/zoneinfo/current/icu/icu_tzdata.dat
08-04 13:02:12.297 10545 10545 I Radio-JNI: register_android_hardware_Radio DONE
08-04 13:02:12.327 10545 10545 D AndroidRuntime: Calling main entry com.android.commands.input.Input
08-04 13:02:12.328 10545 10545 I Input   : injectKeyEvent: KeyEvent { action=ACTION_DOWN, keyCode=KEYCODE_BACK, scanCode=0, metaState=0, flags=0x0, repeatCount=0, eventTime=709348741, downTime=709348741, deviceId=-1, source=0x101 }
08-04 13:02:12.330  8104  8397 I art     : Starting a blocking GC Explicit
08-04 13:02:12.333 10545 10545 I Input   : injectKeyEvent: KeyEvent { action=ACTION_UP, keyCode=KEYCODE_BACK, scanCode=0, metaState=0, flags=0x0, repeatCount=0, eventTime=709348741, downTime=709348741, deviceId=-1, source=0x101 }
08-04 13:02:12.339 10545 10545 D AndroidRuntime: Shutting down VM
08-04 13:02:12.373  8104  8397 I art     : Explicit concurrent mark sweep GC freed 1465(86KB) AllocSpace objects, 1(20KB) LOS objects, 35% free, 29MB/45MB, paused 475us total 42.825ms
08-04 13:02:12.385 13866 13866 I GoogleInputMethodServic: GoogleInputMethodService.onFinishInput():3138 
08-04 13:02:12.386 13866 13866 I GoogleInputMethodServic: GoogleInputMethodService.onStartInput():1808 
08-04 13:02:12.391  8104  8397 I art     : Starting a blocking GC Explicit
08-04 13:02:12.434  8104  8397 I art     : Explicit concurrent mark sweep GC freed 72(2544B) AllocSpace objects, 0(0B) LOS objects, 35% free, 29MB/45MB, paused 535us total 43.546ms
08-04 13:02:12.452  8104  8397 I art     : Starting a blocking GC Explicit
08-04 13:02:12.494  8104  8397 I art     : Explicit concurrent mark sweep GC freed 24(816B) AllocSpace objects, 0(0B) LOS objects, 35% free, 29MB/45MB, paused 517us total 42.066ms
08-04 13:02:12.515  8104  8397 I art     : Starting a blocking GC Explicit
08-04 13:02:12.569  8104  8397 I art     : Explicit concurrent mark sweep GC freed 3(96B) AllocSpace objects, 0(0B) LOS objects, 35% free, 29MB/45MB, paused 507us total 54.523ms
08-04 13:02:12.590  3644  3644 I ServiceManager: Waiting for service AtCmdFwd...
08-04 13:02:12.592  8104  8397 I art     : Starting a blocking GC Explicit
08-04 13:02:12.647  8104  8397 I art     : Explicit concurrent mark sweep GC freed 3(96B) AllocSpace objects, 0(0B) LOS objects, 35% free, 29MB/45MB, paused 599us total 54.551ms
08-04 13:02:12.972  8104  8116 I art     : Starting a blocking GC Explicit
08-04 13:02:13.030  8104  8116 I art     : Explicit concurrent mark sweep GC freed 1412(84KB) AllocSpace objects, 1(20KB) LOS objects, 35% free, 29MB/45MB, paused 607us total 57.303ms
08-04 13:02:13.031  8104  8114 I art     : WaitForGcToComplete blocked for 7.854ms for cause HeapTrim
08-04 13:02:13.051  8104  8116 I art     : Starting a blocking GC Explicit
08-04 13:02:13.099  8104  8116 I art     : Explicit concurrent mark sweep GC freed 150(7KB) AllocSpace objects, 0(0B) LOS objects, 35% free, 29MB/45MB, paused 575us total 47.369ms
08-04 13:02:13.117  8104  8116 I art     : Starting a blocking GC Explicit
08-04 13:02:13.165  8104  8116 I art     : Explicit concurrent mark sweep GC freed 3(96B) AllocSpace objects, 0(0B) LOS objects, 35% free, 29MB/45MB, paused 546us total 47.667ms
08-04 13:02:13.184  8104  8116 I art     : Starting a blocking GC Explicit
08-04 13:02:13.231  8104  8116 I art     : Explicit concurrent mark sweep GC freed 3(96B) AllocSpace objects, 0(0B) LOS objects, 35% free, 29MB/45MB, paused 531us total 47.155ms
08-04 13:02:13.250  8104  8116 I art     : Starting a blocking GC Explicit
08-04 13:02:13.297  8104  8116 I art     : Explicit concurrent mark sweep GC freed 3(96B) AllocSpace objects, 0(0B) LOS objects, 35% free, 29MB/45MB, paused 536us total 46.532ms
08-04 13:02:13.590  3644  3644 W Atfwd_Sendcmd: AtCmdFwd service not published, waiting... retryCnt : 2
08-04 13:02:13.648  8104  8117 I art     : Starting a blocking GC Explicit
08-04 13:02:13.695  8104  8117 I art     : Explicit concurrent mark sweep GC freed 1354(82KB) AllocSpace objects, 1(20KB) LOS objects, 35% free, 29MB/45MB, paused 562us total 46.742ms
08-04 13:02:13.714  8104  8117 I art     : Starting a blocking GC Explicit
08-04 13:02:13.758  8104  8117 I art     : Explicit concurrent mark sweep GC freed 20(704B) AllocSpace objects, 0(0B) LOS objects, 35% free, 29MB/45MB, paused 589us total 44.231ms
08-04 13:02:13.777  8104  8117 I art     : Starting a blocking GC Explicit
08-04 13:02:13.823  8104  8117 I art     : Explicit concurrent mark sweep GC freed 3(96B) AllocSpace objects, 0(0B) LOS objects, 35% free, 29MB/45MB, paused 514us total 45.700ms
08-04 13:02:13.841  8104  8117 I art     : Starting a blocking GC Explicit
08-04 13:02:13.887  8104  8117 I art     : Explicit concurrent mark sweep GC freed 3(96B) AllocSpace objects, 0(0B) LOS objects, 35% free, 29MB/45MB, paused 580us total 45.005ms
08-04 13:02:13.905  8104  8117 I art     : Starting a blocking GC Explicit
08-04 13:02:13.951  8104  8117 I art     : Explicit concurrent mark sweep GC freed 3(96B) AllocSpace objects, 0(0B) LOS objects, 35% free, 29MB/45MB, paused 551us total 45.314ms
08-04 13:02:14.111 10588 10588 D AndroidRuntime: >>>>>> START com.android.internal.os.RuntimeInit uid 2000 <<<<<<
08-04 13:02:14.117 10588 10588 D AndroidRuntime: CheckJNI is OFF
08-04 13:02:14.158 10588 10588 D ICU     : No timezone override file found: /data/misc/zoneinfo/current/icu/icu_tzdata.dat
08-04 13:02:14.199 10588 10588 I Radio-JNI: register_android_hardware_Radio DONE
08-04 13:02:14.229 10588 10588 D AndroidRuntime: Calling main entry com.android.commands.input.Input
08-04 13:02:14.238 10588 10588 I Input   : injectMotionEvent: MotionEvent { action=ACTION_DOWN, actionButton=0, id[0]=0, x[0]=600.0, y[0]=1000.0, toolType[0]=TOOL_TYPE_UNKNOWN, buttonState=0, metaState=0, flags=0x0, edgeFlags=0x0, pointerCount=1, historySize=0, eventTime=709350650, downTime=709350650, deviceId=0, source=0x1002 }
08-04 13:02:14.243 10588 10588 I Input   : injectMotionEvent: MotionEvent { action=ACTION_UP, actionButton=0, id[0]=0, x[0]=600.0, y[0]=1000.0, toolType[0]=TOOL_TYPE_UNKNOWN, buttonState=0, metaState=0, flags=0x0, edgeFlags=0x0, pointerCount=1, historySize=0, eventTime=709350650, downTime=709350650, deviceId=0, source=0x1002 }
08-04 13:02:14.245 10588 10588 D AndroidRuntime: Shutting down VM
08-04 13:02:14.261   512  2967 D audio_hw_primary: out_set_parameters: enter: usecase(1: low-latency-playback) kvpairs: routing=2
08-04 13:02:14.261   918  4413 I ActivityManager: START u0 {dat=https://oauth.reddit.com/... cmp=baseline.org.quantumbadger.redreader/.activities.PostListingActivity} from uid 10666 on display 0
08-04 13:02:14.274   512  2967 D audio_hw_primary: select_devices: out_snd_device(2: speaker) in_snd_device(0: none)
08-04 13:02:14.274   512  2967 D msm8974_platform: platform_send_audio_calibration: sending audio calibration for snd_device(2) acdb_id(15)
08-04 13:02:14.274   512  2967 I soundtrigger: audio_extn_sound_trigger_update_device_status: device 0x2 of type 0 for Event 1
08-04 13:02:14.287  8104  8126 I art     : Starting a blocking GC Explicit
08-04 13:02:14.288   512  2967 D audio_hw_primary: enable_snd_device: snd_device(2: speaker)
08-04 13:02:14.290   512  2967 D audio_hw_primary: enable_audio_route: apply and update mixer path: low-latency-playback speaker
08-04 13:02:14.292  8104  8104 I AppCompatViewInflater: app:theme is now deprecated. Please move to using android:theme instead.
08-04 13:02:14.322  8104 10613 D OK      : calling: https://oauth.reddit.com/r/announcements/about.json
08-04 13:02:14.333  8104  8126 I art     : Explicit concurrent mark sweep GC freed 2248(150KB) AllocSpace objects, 1(20KB) LOS objects, 35% free, 29MB/45MB, paused 948us total 46.111ms
08-04 13:02:14.352  8104  8126 I art     : Starting a blocking GC Explicit
08-04 13:02:14.389   918   936 I ActivityManager: Displayed baseline.org.quantumbadger.redreader/.activities.PostListingActivity: +114ms
08-04 13:02:14.389 13866 13866 I GoogleInputMethodServic: GoogleInputMethodService.onFinishInput():3138 
08-04 13:02:14.390 13866 13866 I GoogleInputMethodServic: GoogleInputMethodService.onStartInput():1808 
08-04 13:02:14.394  8104  8126 I art     : Explicit concurrent mark sweep GC freed 964(49KB) AllocSpace objects, 0(0B) LOS objects, 35% free, 29MB/45MB, paused 1.030ms total 41.948ms
08-04 13:02:14.415  8104  8126 I art     : Starting a blocking GC Explicit
08-04 13:02:14.460  8104  8126 I art     : Explicit concurrent mark sweep GC freed 258(14KB) AllocSpace objects, 0(0B) LOS objects, 35% free, 29MB/45MB, paused 668us total 43.779ms
08-04 13:02:14.477  8104  8126 I art     : Starting a blocking GC Explicit
08-04 13:02:14.519  8104  8126 I art     : Explicit concurrent mark sweep GC freed 1962(76KB) AllocSpace objects, 0(0B) LOS objects, 35% free, 29MB/45MB, paused 634us total 41.770ms
08-04 13:02:14.537  8104  8126 I art     : Starting a blocking GC Explicit
08-04 13:02:14.579  8104  8126 I art     : Explicit concurrent mark sweep GC freed 93(3KB) AllocSpace objects, 0(0B) LOS objects, 35% free, 29MB/45MB, paused 532us total 42.025ms
08-04 13:02:14.624   380   380 W SurfaceFlinger: couldn't log to binary event log: overflow.
08-04 13:02:14.645  8104 10613 I NAPPA_EXPERIMENTATION: MetricNetworkRequestExecutionTime: REQUEST_DURATION_SYSTEM='323',REQUEST_DURATION_OKHTTP='146',REQUEST_SYNCHRONOUS='TRUE',RESPONSE_CODE='200',RESPONSE_METHOD='GET',RESPONSE_LENGTH_OKHTTP='-1',RESPONSE_LENGTH_HEADER='1564',REQUEST_PROTOCOL='h2',REQUEST_URL='https://oauth.reddit.com/r/announcements/about.json',
08-04 13:02:14.645  8104 10613 D OK      : request got status: 200
08-04 13:02:14.838   512  2967 D audio_hw_primary: disable_audio_route: reset and update mixer path: low-latency-playback speaker
08-04 13:02:14.839   512  2967 D audio_hw_primary: disable_snd_device: snd_device(2: speaker)
08-04 13:02:14.847   512  2967 I soundtrigger: audio_extn_sound_trigger_update_device_status: device 0x2 of type 0 for Event 0
08-04 13:02:14.893  8104  8397 I art     : Starting a blocking GC Explicit
08-04 13:02:14.941  8104  8397 I art     : Explicit concurrent mark sweep GC freed 2793(253KB) AllocSpace objects, 3(156KB) LOS objects, 35% free, 29MB/45MB, paused 573us total 48.440ms
08-04 13:02:14.960  8104  8397 I art     : Starting a blocking GC Explicit
08-04 13:02:15.003  8104  8397 I art     : Explicit concurrent mark sweep GC freed 236(12KB) AllocSpace objects, 0(0B) LOS objects, 35% free, 29MB/45MB, paused 617us total 42.952ms
08-04 13:02:15.024  8104  8397 I art     : Starting a blocking GC Explicit
08-04 13:02:15.066  8104  8397 I art     : Explicit concurrent mark sweep GC freed 3(96B) AllocSpace objects, 0(0B) LOS objects, 35% free, 29MB/45MB, paused 558us total 41.915ms
08-04 13:02:15.084  8104  8397 I art     : Starting a blocking GC Explicit
08-04 13:02:15.126  8104  8397 I art     : Explicit concurrent mark sweep GC freed 27(1120B) AllocSpace objects, 0(0B) LOS objects, 35% free, 29MB/45MB, paused 524us total 42.290ms
08-04 13:02:15.144  8104  8397 I art     : Starting a blocking GC Explicit
08-04 13:02:15.187  8104  8397 I art     : Explicit concurrent mark sweep GC freed 3(96B) AllocSpace objects, 0(0B) LOS objects, 35% free, 29MB/45MB, paused 638us total 42.900ms
08-04 13:02:15.463 13866 13882 I PeriodicStatsRunner: PeriodicStatsRunner.call():175 call()
08-04 13:02:15.464 13866 13882 I PeriodicStatsRunner: PeriodicStatsRunner.call():179 No submit PeriodicStats since input started.
08-04 13:02:15.522  8104  8116 I art     : Starting a blocking GC Explicit
08-04 13:02:15.523  8104 10637 D OK      : calling: https://oauth.reddit.com/r/announcements/hot/.json
08-04 13:02:15.579  8104  8116 I art     : Explicit concurrent mark sweep GC freed 1446(86KB) AllocSpace objects, 1(20KB) LOS objects, 35% free, 29MB/45MB, paused 683us total 56.397ms
08-04 13:02:15.598  8104  8116 I art     : Starting a blocking GC Explicit
08-04 13:02:15.644  8104  8116 I art     : Explicit concurrent mark sweep GC freed 26(960B) AllocSpace objects, 0(0B) LOS objects, 35% free, 29MB/45MB, paused 596us total 46.220ms
08-04 13:02:15.662  8104  8116 I art     : Starting a blocking GC Explicit
08-04 13:02:15.708  8104  8116 I art     : Explicit concurrent mark sweep GC freed 3(96B) AllocSpace objects, 0(0B) LOS objects, 35% free, 29MB/45MB, paused 600us total 45.759ms
08-04 13:02:15.727  8104  8116 I art     : Starting a blocking GC Explicit
08-04 13:02:15.770  8104 10637 I NAPPA_EXPERIMENTATION: MetricNetworkRequestExecutionTime: REQUEST_DURATION_SYSTEM='247',REQUEST_DURATION_OKHTTP='244',REQUEST_SYNCHRONOUS='TRUE',RESPONSE_CODE='200',RESPONSE_METHOD='GET',RESPONSE_LENGTH_OKHTTP='-1',RESPONSE_LENGTH_HEADER='142016',REQUEST_PROTOCOL='h2',REQUEST_URL='https://oauth.reddit.com/r/announcements/hot/.json',
08-04 13:02:15.770  8104 10637 D OK      : request got status: 200
08-04 13:02:15.773  8104  8116 I art     : Explicit concurrent mark sweep GC freed 324(27KB) AllocSpace objects, 0(0B) LOS objects, 35% free, 29MB/45MB, paused 695us total 45.584ms
08-04 13:02:15.779  8104  8669 I PostListingFragment: Precaching images: OFF
08-04 13:02:15.779  8104  8669 I PostListingFragment: Precaching comments: OFF
08-04 13:02:15.791  8104  8116 I art     : Starting a blocking GC Explicit
08-04 13:02:15.840  8104  8116 I art     : Explicit concurrent mark sweep GC freed 1315(134KB) AllocSpace objects, 1(16KB) LOS objects, 34% free, 30MB/46MB, paused 1.074ms total 49.095ms
08-04 13:02:16.022   918  3188 I hubconnection: sensorhub said: 'set_bias 3: -6.2400, 0.0000, 0.0000'
08-04 13:02:16.162  8104  8397 I art     : Starting a blocking GC Explicit
08-04 13:02:16.226  8104  8397 I art     : Explicit concurrent mark sweep GC freed 17741(1084KB) AllocSpace objects, 31(1744KB) LOS objects, 31% free, 34MB/50MB, paused 761us total 63.500ms
08-04 13:02:16.246  8104  8397 I art     : Starting a blocking GC Explicit
08-04 13:02:16.307  8104  8397 I art     : Explicit concurrent mark sweep GC freed 4591(247KB) AllocSpace objects, 5(224KB) LOS objects, 31% free, 34MB/50MB, paused 642us total 61.347ms
08-04 13:02:16.328  8104  8397 I art     : Starting a blocking GC Explicit
08-04 13:02:16.379  8104  8397 I art     : Explicit concurrent mark sweep GC freed 59532(2MB) AllocSpace objects, 8(152KB) LOS objects, 33% free, 31MB/47MB, paused 872us total 51.047ms
08-04 13:02:16.397  8104  8397 I art     : Starting a blocking GC Explicit
08-04 13:02:16.401  8104  8104 W RecyclerView: Cannot call this method in a scroll callback. Scroll callbacks mightbe run during a measure & layout pass where you cannot change theRecyclerView data. Any method call that might change the structureof the RecyclerView or the adapter contents should be postponed tothe next frame.
08-04 13:02:16.401  8104  8104 W RecyclerView: java.lang.IllegalStateException:  androidx.recyclerview.widget.RecyclerView{910fede VFED..... .F....ID 0,0-1440,2140 #7f0900ef app:id/scrollbar_recyclerview_recyclerview}, adapter:baseline.org.quantumbadger.redreader.adapters.GroupedRecyclerViewAdapter@79858bf, layout:androidx.recyclerview.widget.LinearLayoutManager@9a22b8c, context:baseline.org.quantumbadger.redreader.activities.PostListingActivity@9e3e85f
08-04 13:02:16.401  8104  8104 W RecyclerView: 	at androidx.recyclerview.widget.RecyclerView.assertNotInLayoutOrScroll(RecyclerView.java:3061)
08-04 13:02:16.401  8104  8104 W RecyclerView: 	at androidx.recyclerview.widget.RecyclerView$RecyclerViewDataObserver.onItemRangeInserted(RecyclerView.java:5555)
08-04 13:02:16.401  8104  8104 W RecyclerView: 	at androidx.recyclerview.widget.RecyclerView$AdapterDataObservable.notifyItemRangeInserted(RecyclerView.java:12278)
08-04 13:02:16.401  8104  8104 W RecyclerView: 	at androidx.recyclerview.widget.RecyclerView$Adapter.notifyItemInserted(RecyclerView.java:7464)
08-04 13:02:16.401  8104  8104 W RecyclerView: 	at baseline.org.quantumbadger.redreader.adapters.GroupedRecyclerViewAdapter.updateHiddenStatus(GroupedRecyclerViewAdapter.java:279)
08-04 13:02:16.401  8104  8104 W RecyclerView: 	at baseline.org.quantumbadger.redreader.adapters.RedditListingManager.setLoadingVisible(RedditListingManager.java:125)
08-04 13:02:16.401  8104  8104 W RecyclerView: 	at baseline.org.quantumbadger.redreader.fragments.PostListingFragment.onLoadMoreItemsCheck(PostListingFragment.java:465)
08-04 13:02:16.401  8104  8104 W RecyclerView: 	at baseline.org.quantumbadger.redreader.fragments.PostListingFragment.access$000(PostListingFragment.java:98)
08-04 13:02:16.401  8104  8104 W RecyclerView: 	at baseline.org.quantumbadger.redreader.fragments.PostListingFragment$2.onScrolled(PostListingFragment.java:215)
08-04 13:02:16.401  8104  8104 W RecyclerView: 	at androidx.recyclerview.widget.RecyclerView.dispatchOnScrolled(RecyclerView.java:5173)
08-04 13:02:16.401  8104  8104 W RecyclerView: 	at androidx.recyclerview.widget.RecyclerView.dispatchLayoutStep3(RecyclerView.java:4231)
08-04 13:02:16.401  8104  8104 W RecyclerView: 	at androidx.recyclerview.widget.RecyclerView.dispatchLayout(RecyclerView.java:3862)
08-04 13:02:16.401  8104  8104 W RecyclerView: 	at androidx.recyclerview.widget.RecyclerView.consumePendingUpdateOperations(RecyclerView.java:1897)
08-04 13:02:16.401  8104  8104 W RecyclerView: 	at androidx.recyclerview.widget.RecyclerView$1.run(RecyclerView.java:414)
08-04 13:02:16.401  8104  8104 W RecyclerView: 	at android.view.Choreographer$CallbackRecord.run(Choreographer.java:858)
08-04 13:02:16.401  8104  8104 W RecyclerView: 	at android.view.Choreographer.doCallbacks(Choreographer.java:670)
08-04 13:02:16.401  8104  8104 W RecyclerView: 	at android.view.Choreographer.doFrame(Choreographer.java:603)
08-04 13:02:16.401  8104  8104 W RecyclerView: 	at android.view.Choreographer$FrameDisplayEventReceiver.run(Choreographer.java:844)
08-04 13:02:16.401  8104  8104 W RecyclerView: 	at android.os.Handler.handleCallback(Handler.java:739)
08-04 13:02:16.401  8104  8104 W RecyclerView: 	at android.os.Handler.dispatchMessage(Handler.java:95)
08-04 13:02:16.401  8104  8104 W RecyclerView: 	at android.os.Looper.loop(Looper.java:148)
08-04 13:02:16.401  8104  8104 W RecyclerView: 	at android.app.ActivityThread.main(ActivityThread.java:5417)
08-04 13:02:16.401  8104  8104 W RecyclerView: 	at java.lang.reflect.Method.invoke(Native Method)
08-04 13:02:16.401  8104  8104 W RecyclerView: 	at com.android.internal.os.ZygoteInit$MethodAndArgsCaller.run(ZygoteInit.java:726)
08-04 13:02:16.401  8104  8104 W RecyclerView: 	at com.android.internal.os.ZygoteInit.main(ZygoteInit.java:616)
08-04 13:02:16.445  8104  8397 I art     : Explicit concurrent mark sweep GC freed 1084(115KB) AllocSpace objects, 0(0B) LOS objects, 33% free, 31MB/47MB, paused 685us total 48.238ms
08-04 13:02:16.465  8104  8397 I art     : Starting a blocking GC Explicit
08-04 13:02:16.515  8104  8397 I art     : Explicit concurrent mark sweep GC freed 67(3KB) AllocSpace objects, 0(0B) LOS objects, 33% free, 31MB/47MB, paused 567us total 49.454ms
08-04 13:02:16.724  8104 10656 D OK      : calling: https://oauth.reddit.com/r/announcements/hot/.json?after=t3_9jf8nh
08-04 13:02:16.861  8104  8116 I art     : Starting a blocking GC Explicit
08-04 13:02:16.903  8104 10656 I NAPPA_EXPERIMENTATION: MetricNetworkRequestExecutionTime: REQUEST_DURATION_SYSTEM='179',REQUEST_DURATION_OKHTTP='171',REQUEST_SYNCHRONOUS='TRUE',RESPONSE_CODE='200',RESPONSE_METHOD='GET',RESPONSE_LENGTH_OKHTTP='-1',RESPONSE_LENGTH_HEADER='65685',REQUEST_PROTOCOL='h2',REQUEST_URL='https://oauth.reddit.com/r/announcements/hot/.json?after=t3_9jf8nh',
08-04 13:02:16.903  8104 10656 D OK      : request got status: 200
08-04 13:02:16.915  8104  8669 I PostListingFragment: Precaching images: OFF
08-04 13:02:16.915  8104  8669 I PostListingFragment: Precaching comments: OFF
08-04 13:02:16.927  8104  8116 I art     : Explicit concurrent mark sweep GC freed 2201(177KB) AllocSpace objects, 1(20KB) LOS objects, 33% free, 31MB/47MB, paused 789us total 65.788ms
08-04 13:02:16.947  8104  8116 I art     : Starting a blocking GC Explicit
08-04 13:02:16.996  8104  8116 I art     : Explicit concurrent mark sweep GC freed 3285(249KB) AllocSpace objects, 4(460KB) LOS objects, 33% free, 32MB/48MB, paused 1.045ms total 49.127ms
08-04 13:02:17.014  8104  8116 I art     : Starting a blocking GC Explicit
08-04 13:02:17.069  8104  8116 I art     : Explicit concurrent mark sweep GC freed 4274(218KB) AllocSpace objects, 4(136KB) LOS objects, 32% free, 33MB/49MB, paused 1.234ms total 54.956ms
08-04 13:02:17.088  8104  8116 I art     : Starting a blocking GC Explicit
08-04 13:02:17.145  8104  8116 I art     : Explicit concurrent mark sweep GC freed 3910(192KB) AllocSpace objects, 3(108KB) LOS objects, 32% free, 33MB/49MB, paused 738us total 56.255ms
08-04 13:02:17.165  8104  8116 I art     : Starting a blocking GC Explicit
08-04 13:02:17.226  8104  8116 I art     : Explicit concurrent mark sweep GC freed 4328(170KB) AllocSpace objects, 1(68KB) LOS objects, 32% free, 33MB/49MB, paused 728us total 60.590ms
08-04 13:02:17.386 13866 13882 I PeriodicStatsRunner: PeriodicStatsRunner.call():175 call()
08-04 13:02:17.388 13866 13882 I PeriodicStatsRunner: PeriodicStatsRunner.call():179 No submit PeriodicStats since input started.
08-04 13:02:17.602  8104  8126 I art     : Starting a blocking GC Explicit
08-04 13:02:17.675  8104  8126 I art     : Explicit concurrent mark sweep GC freed 21545(1058KB) AllocSpace objects, 7(128KB) LOS objects, 33% free, 32MB/48MB, paused 677us total 72.853ms
08-04 13:02:17.699  8104  8126 I art     : Starting a blocking GC Explicit
08-04 13:02:17.753  8104  8126 I art     : Explicit concurrent mark sweep GC freed 422(17KB) AllocSpace objects, 0(0B) LOS objects, 33% free, 32MB/48MB, paused 630us total 54.438ms
08-04 13:02:17.773  8104  8126 I art     : Starting a blocking GC Explicit
08-04 13:02:17.827  8104  8126 I art     : Explicit concurrent mark sweep GC freed 3(96B) AllocSpace objects, 0(0B) LOS objects, 33% free, 32MB/48MB, paused 642us total 53.983ms
08-04 13:02:17.847  8104  8126 I art     : Starting a blocking GC Explicit
08-04 13:02:17.903  8104  8126 I art     : Explicit concurrent mark sweep GC freed 3(96B) AllocSpace objects, 0(0B) LOS objects, 33% free, 32MB/48MB, paused 626us total 56.458ms
08-04 13:02:17.923  8104  8126 I art     : Starting a blocking GC Explicit
08-04 13:02:17.979  8104  8126 I art     : Explicit concurrent mark sweep GC freed 3(96B) AllocSpace objects, 0(0B) LOS objects, 33% free, 32MB/48MB, paused 654us total 55.145ms
08-04 13:02:18.359  8104  8117 I art     : Starting a blocking GC Explicit
08-04 13:02:18.438  8104  8117 I art     : Explicit concurrent mark sweep GC freed 1379(83KB) AllocSpace objects, 1(20KB) LOS objects, 33% free, 32MB/48MB, paused 649us total 77.943ms
08-04 13:02:18.460  8104  8117 I art     : Starting a blocking GC Explicit
08-04 13:02:18.517  8104  8117 I art     : Explicit concurrent mark sweep GC freed 20(704B) AllocSpace objects, 0(0B) LOS objects, 33% free, 32MB/48MB, paused 674us total 57.477ms
08-04 13:02:18.537  8104  8117 I art     : Starting a blocking GC Explicit
08-04 13:02:18.595  8104  8117 I art     : Explicit concurrent mark sweep GC freed 3(96B) AllocSpace objects, 0(0B) LOS objects, 33% free, 32MB/48MB, paused 628us total 57.461ms
08-04 13:02:18.618  8104  8117 I art     : Starting a blocking GC Explicit
08-04 13:02:18.676  8104  8117 I art     : Explicit concurrent mark sweep GC freed 3(96B) AllocSpace objects, 0(0B) LOS objects, 33% free, 32MB/48MB, paused 627us total 57.334ms
08-04 13:02:18.700  8104  8117 I art     : Starting a blocking GC Explicit
08-04 13:02:18.755  8104  8117 I art     : Explicit concurrent mark sweep GC freed 3(96B) AllocSpace objects, 0(0B) LOS objects, 33% free, 32MB/48MB, paused 611us total 54.724ms
08-04 13:02:19.119  8104  8397 I art     : Starting a blocking GC Explicit
08-04 13:02:19.184  8104  8397 I art     : Explicit concurrent mark sweep GC freed 1357(83KB) AllocSpace objects, 1(20KB) LOS objects, 33% free, 32MB/48MB, paused 579us total 64.925ms
08-04 13:02:19.203  8104  8397 I art     : Starting a blocking GC Explicit
08-04 13:02:19.258  8104  8397 I art     : Explicit concurrent mark sweep GC freed 20(704B) AllocSpace objects, 0(0B) LOS objects, 33% free, 32MB/48MB, paused 671us total 53.895ms
08-04 13:02:19.277  8104  8397 I art     : Starting a blocking GC Explicit
08-04 13:02:19.334  8104  8397 I art     : Explicit concurrent mark sweep GC freed 3(96B) AllocSpace objects, 0(0B) LOS objects, 33% free, 32MB/48MB, paused 586us total 56.510ms
08-04 13:02:19.358  8104  8397 I art     : Starting a blocking GC Explicit
08-04 13:02:19.390 13866 13882 I PeriodicStatsRunner: PeriodicStatsRunner.call():175 call()
08-04 13:02:19.390 13866 13882 I PeriodicStatsRunner: PeriodicStatsRunner.call():179 No submit PeriodicStats since input started.
08-04 13:02:19.416  8104  8397 I art     : Explicit concurrent mark sweep GC freed 3(96B) AllocSpace objects, 0(0B) LOS objects, 33% free, 32MB/48MB, paused 582us total 57.911ms
08-04 13:02:19.439  8104  8397 I art     : Starting a blocking GC Explicit
08-04 13:02:19.494  8104  8397 I art     : Explicit concurrent mark sweep GC freed 3(96B) AllocSpace objects, 0(0B) LOS objects, 33% free, 32MB/48MB, paused 500us total 55.213ms
08-04 13:02:19.831  8104  8116 I art     : Starting a blocking GC Explicit
08-04 13:02:19.892  8104  8116 I art     : Explicit concurrent mark sweep GC freed 1354(82KB) AllocSpace objects, 1(20KB) LOS objects, 33% free, 32MB/48MB, paused 560us total 59.843ms
08-04 13:02:19.911  8104  8116 I art     : Starting a blocking GC Explicit
08-04 13:02:19.965  8104  8116 I art     : Explicit concurrent mark sweep GC freed 20(704B) AllocSpace objects, 0(0B) LOS objects, 33% free, 32MB/48MB, paused 588us total 53.532ms
08-04 13:02:19.984  8104  8116 I art     : Starting a blocking GC Explicit
08-04 13:02:20.036  8104  8116 I art     : Explicit concurrent mark sweep GC freed 3(96B) AllocSpace objects, 0(0B) LOS objects, 33% free, 32MB/48MB, paused 539us total 51.845ms
08-04 13:02:20.056  8104  8116 I art     : Starting a blocking GC Explicit
08-04 13:02:20.070 10692 10692 D AndroidRuntime: >>>>>> START com.android.internal.os.RuntimeInit uid 2000 <<<<<<
08-04 13:02:20.077 10692 10692 D AndroidRuntime: CheckJNI is OFF
08-04 13:02:20.109  8104  8116 I art     : Explicit concurrent mark sweep GC freed 3(96B) AllocSpace objects, 0(0B) LOS objects, 33% free, 32MB/48MB, paused 574us total 52.689ms
08-04 13:02:20.123 10692 10692 D ICU     : No timezone override file found: /data/misc/zoneinfo/current/icu/icu_tzdata.dat
08-04 13:02:20.127  8104  8116 I art     : Starting a blocking GC Explicit
08-04 13:02:20.168 10692 10692 I Radio-JNI: register_android_hardware_Radio DONE
08-04 13:02:20.179  8104  8116 I art     : Explicit concurrent mark sweep GC freed 3(96B) AllocSpace objects, 0(0B) LOS objects, 33% free, 32MB/48MB, paused 579us total 51.277ms
08-04 13:02:20.197 10692 10692 D AndroidRuntime: Calling main entry com.android.commands.input.Input
08-04 13:02:20.199 10692 10692 I Input   : injectMotionEvent: MotionEvent { action=ACTION_DOWN, actionButton=0, id[0]=0, x[0]=600.0, y[0]=580.0, toolType[0]=TOOL_TYPE_UNKNOWN, buttonState=0, metaState=0, flags=0x0, edgeFlags=0x0, pointerCount=1, historySize=0, eventTime=709356612, downTime=709356612, deviceId=0, source=0x1002 }
08-04 13:02:20.207 10692 10692 I Input   : injectMotionEvent: MotionEvent { action=ACTION_UP, actionButton=0, id[0]=0, x[0]=600.0, y[0]=580.0, toolType[0]=TOOL_TYPE_UNKNOWN, buttonState=0, metaState=0, flags=0x0, edgeFlags=0x0, pointerCount=1, historySize=0, eventTime=709356612, downTime=709356612, deviceId=0, source=0x1002 }
08-04 13:02:20.208 10692 10692 D AndroidRuntime: Shutting down VM
08-04 13:02:20.219   512  2967 D audio_hw_primary: out_set_parameters: enter: usecase(1: low-latency-playback) kvpairs: routing=2
08-04 13:02:20.220   918  3359 I ActivityManager: START u0 {cmp=baseline.org.quantumbadger.redreader/.activities.WebViewActivity (has extras)} from uid 10666 on display 0
08-04 13:02:20.232   512  2967 D audio_hw_primary: select_devices: out_snd_device(2: speaker) in_snd_device(0: none)
08-04 13:02:20.232   512  2967 D msm8974_platform: platform_send_audio_calibration: sending audio calibration for snd_device(2) acdb_id(15)
08-04 13:02:20.233   512  2967 I soundtrigger: audio_extn_sound_trigger_update_device_status: device 0x2 of type 0 for Event 1
08-04 13:02:20.243  8104  8104 I AppCompatViewInflater: app:theme is now deprecated. Please move to using android:theme instead.
08-04 13:02:20.243   512  2967 D audio_hw_primary: enable_snd_device: snd_device(2: speaker)
08-04 13:02:20.246   512  2967 D audio_hw_primary: enable_audio_route: apply and update mixer path: low-latency-playback speaker
08-04 13:02:20.264   918  6111 D ConnectivityService: listenForNetwork for Listen from uid/pid:10666/8104 for NetworkRequest [ id=2662, legacyType=-1, [ Capabilities: INTERNET&NOT_RESTRICTED&TRUSTED] ]
08-04 13:02:20.377   918   936 I ActivityManager: Displayed baseline.org.quantumbadger.redreader/.activities.WebViewActivity: +150ms
08-04 13:02:20.377 13866 13866 I GoogleInputMethodServic: GoogleInputMethodService.onFinishInput():3138 
08-04 13:02:20.378 13866 13866 I GoogleInputMethodServic: GoogleInputMethodService.onStartInput():1808 
08-04 13:02:20.496  8104  8116 I art     : Starting a blocking GC Explicit
08-04 13:02:20.567  8104  8116 I art     : Explicit concurrent mark sweep GC freed 5911(311KB) AllocSpace objects, 1(20KB) LOS objects, 33% free, 32MB/48MB, paused 604us total 70.404ms
08-04 13:02:20.589  8104  8116 I art     : Starting a blocking GC Explicit
08-04 13:02:20.630   380   380 W SurfaceFlinger: couldn't log to binary event log: overflow.
08-04 13:02:20.636  8104  8116 I art     : Explicit concurrent mark sweep GC freed 7290(828KB) AllocSpace objects, 17(2MB) LOS objects, 35% free, 29MB/45MB, paused 501us total 47.014ms
08-04 13:02:20.661  8104  8116 I art     : Starting a blocking GC Explicit
08-04 13:02:20.702  8104  8116 I art     : Explicit concurrent mark sweep GC freed 548(33KB) AllocSpace objects, 0(0B) LOS objects, 35% free, 29MB/45MB, paused 622us total 40.904ms
08-04 13:02:20.721  8104  8116 I art     : Starting a blocking GC Explicit
08-04 13:02:20.763  8104  8116 I art     : Explicit concurrent mark sweep GC freed 332(16KB) AllocSpace objects, 0(0B) LOS objects, 35% free, 29MB/45MB, paused 872us total 41.316ms
08-04 13:02:20.779   512  2967 D audio_hw_primary: disable_audio_route: reset and update mixer path: low-latency-playback speaker
08-04 13:02:20.782   512  2967 D audio_hw_primary: disable_snd_device: snd_device(2: speaker)
08-04 13:02:20.786  8104  8116 I art     : Starting a blocking GC Explicit
08-04 13:02:20.791   512  2967 I soundtrigger: audio_extn_sound_trigger_update_device_status: device 0x2 of type 0 for Event 0
08-04 13:02:20.817  8104 10638 I RedditChangeDataIO: Writing tmp data file at '/data/user/0/baseline.org.quantumbadger.redreader/files/rr_change_data_tmp.dat'
08-04 13:02:20.818  8104 10638 I RedditChangeDataManager: Taking snapshot...
08-04 13:02:20.818  8104 10638 I RedditChangeDataManager: Writing to stream...
08-04 13:02:20.818  8104 10638 I RedditChangeDataManager: Wrote 5 entries for user ''
08-04 13:02:20.818  8104 10638 I RedditChangeDataManager: All entries written to stream.
08-04 13:02:20.818  8104 10638 I RedditChangeDataIO: Write successful. Atomically replacing data file...
08-04 13:02:20.819  8104 10638 I RedditChangeDataIO: Write complete.
08-04 13:02:20.819  8104 10638 I RedditChangeDataIO: 134 bytes written in 2 ms
08-04 13:02:20.837  8104  8116 I art     : Explicit concurrent mark sweep GC freed 121(6KB) AllocSpace objects, 1(68KB) LOS objects, 35% free, 29MB/45MB, paused 832us total 51.299ms
08-04 13:02:21.219  8104  8117 I art     : Starting a blocking GC Explicit
08-04 13:02:21.265  8104  8117 I art     : Explicit concurrent mark sweep GC freed 1412(85KB) AllocSpace objects, 1(20KB) LOS objects, 35% free, 29MB/45MB, paused 517us total 45.431ms
08-04 13:02:21.282  8104  8117 I art     : Starting a blocking GC Explicit
08-04 13:02:21.328  8104  8117 I art     : Explicit concurrent mark sweep GC freed 28(960B) AllocSpace objects, 0(0B) LOS objects, 35% free, 29MB/45MB, paused 591us total 45.910ms
08-04 13:02:21.347  8104  8117 I art     : Starting a blocking GC Explicit
08-04 13:02:21.391  8104  8117 I art     : Explicit concurrent mark sweep GC freed 11(352B) AllocSpace objects, 0(0B) LOS objects, 35% free, 29MB/45MB, paused 565us total 44.289ms
08-04 13:02:21.411  8104  8117 I art     : Starting a blocking GC Explicit
08-04 13:02:21.455  8104  8117 I art     : Explicit concurrent mark sweep GC freed 11(352B) AllocSpace objects, 0(0B) LOS objects, 35% free, 29MB/45MB, paused 485us total 44.671ms
08-04 13:02:21.476  8104  8117 I art     : Starting a blocking GC Explicit
08-04 13:02:21.522  8104  8117 I art     : Explicit concurrent mark sweep GC freed 11(352B) AllocSpace objects, 0(0B) LOS objects, 35% free, 29MB/45MB, paused 469us total 45.765ms
08-04 13:02:21.654  8104  8104 I chromium: [INFO:CONSOLE(1)] "
08-04 13:02:21.654  8104  8104 I chromium:                   ,d"=,.,qOp,
08-04 13:02:21.654  8104  8104 I chromium:                  ,7'  ''$(  )
08-04 13:02:21.654  8104  8104 I chromium:                 ,7'      '?q$7'
08-04 13:02:21.654  8104  8104 I chromium:              ..,$$,.
08-04 13:02:21.654  8104  8104 I chromium:    ,.  .,,--***""***--,,.  .,
08-04 13:02:21.654  8104  8104 I chromium:     ,p''              ''q,   
08-04 13:02:21.654  8104  8104 I chromium: :  ,7'                      '7,  :
08-04 13:02:21.654  8104  8104 I chromium:  ' $      ,db,      ,db,      $ '
08-04 13:02:21.654  8104  8104 I chromium:   '$      $$      $$      $'    Using Reddit at work? Work for Reddit.
08-04 13:02:21.654  8104  8104 I chromium:   '$                          $'        https://www.reddit.com/jobs
08-04 13:02:21.654  8104  8104 I chromium:    '$.     .,        ,.     .$'
08-04 13:02:21.654  8104  8104 I chromium:     'b,     ''     ,d'
08-04 13:02:21.654  8104  8104 I chromium:      '?bn,,          ,,nd?'
08-04 13:02:21.654  8104  8104 I chromium:        ,7$ '''' $7,
08-04 13:02:21.654  8104  8104 I chromium:      , $              $ ,
08-04 13:02:21.654  8104  8104 I chromium:      $  :$              $:  $
08-04 13:02:21.654  8104  8104 I chromium:      $   $              $   $
08-04 13:02:21.654  8104  8104 I chromium:      'b  q:            :p  d'
08-04 13:02:21.654  8104  8104 I chromium:       '?$.          .$?'
08-04 13:02:21.654  8104  8104 I chromium:          'b            d'
08-04 13:02:21.654  8104  8104 I chromium:        ,'?,.      .,?',
08-04 13:02:21.654  8104  8104 I chromium:       ==--==--==--==
08-04 13:02:21.654  8104  8104 I chromium: ", source: https://www.redditstatic.com/desktop2x/Chat~Governance~Reddit.2ea93b134a9b2e5b1d9a.js (1)
08-04 13:02:21.918  8104  8117 I art     : Starting a blocking GC Explicit
08-04 13:02:21.974  8104  8117 I art     : Explicit concurrent mark sweep GC freed 1429(87KB) AllocSpace objects, 1(20KB) LOS objects, 35% free, 29MB/45MB, paused 472us total 55.765ms
08-04 13:02:21.999  8104  8117 I art     : Starting a blocking GC Explicit
08-04 13:02:22.056  8104  8117 I art     : Explicit concurrent mark sweep GC freed 38(1280B) AllocSpace objects, 0(0B) LOS objects, 35% free, 29MB/45MB, paused 829us total 55.894ms
08-04 13:02:22.076  8104  8117 I art     : Starting a blocking GC Explicit
08-04 13:02:22.131  8104  8117 I art     : Explicit concurrent mark sweep GC freed 51(2176B) AllocSpace objects, 0(0B) LOS objects, 35% free, 29MB/45MB, paused 569us total 55.171ms
08-04 13:02:22.153  8104  8117 I art     : Starting a blocking GC Explicit
08-04 13:02:22.205  8104  8117 I art     : Explicit concurrent mark sweep GC freed 264(42KB) AllocSpace objects, 0(0B) LOS objects, 35% free, 29MB/45MB, paused 577us total 51.609ms
08-04 13:02:22.225  8104  8117 I art     : Starting a blocking GC Explicit
08-04 13:02:22.267  8104  8117 I art     : Explicit concurrent mark sweep GC freed 68(2272B) AllocSpace objects, 0(0B) LOS objects, 35% free, 29MB/45MB, paused 587us total 42.584ms
08-04 13:02:22.651  8104  8126 I art     : Starting a blocking GC Explicit
08-04 13:02:22.703  8104  8126 I art     : Explicit concurrent mark sweep GC freed 1566(94KB) AllocSpace objects, 1(20KB) LOS objects, 35% free, 29MB/45MB, paused 485us total 50.820ms
08-04 13:02:22.721  8104  8126 I art     : Starting a blocking GC Explicit
08-04 13:02:22.768  8104  8126 I art     : Explicit concurrent mark sweep GC freed 20(704B) AllocSpace objects, 0(0B) LOS objects, 35% free, 29MB/45MB, paused 468us total 46.728ms
08-04 13:02:22.788  8104  8126 I art     : Starting a blocking GC Explicit
08-04 13:02:22.837  8104  8126 I art     : Explicit concurrent mark sweep GC freed 3(96B) AllocSpace objects, 0(0B) LOS objects, 35% free, 29MB/45MB, paused 460us total 48.476ms
08-04 13:02:22.856  8104  8126 I art     : Starting a blocking GC Explicit
08-04 13:02:22.910  8104  8126 I art     : Explicit concurrent mark sweep GC freed 7(208B) AllocSpace objects, 0(0B) LOS objects, 35% free, 29MB/45MB, paused 498us total 53.243ms
08-04 13:02:22.929  8104  8126 I art     : Starting a blocking GC Explicit
08-04 13:02:22.975  8104  8126 I art     : Explicit concurrent mark sweep GC freed 12(2528B) AllocSpace objects, 0(0B) LOS objects, 35% free, 29MB/45MB, paused 428us total 46.229ms
08-04 13:02:23.374  8104  8116 I art     : Starting a blocking GC Explicit
08-04 13:02:23.425  8104  8116 I art     : Explicit concurrent mark sweep GC freed 1403(85KB) AllocSpace objects, 1(20KB) LOS objects, 35% free, 29MB/45MB, paused 516us total 49.924ms
08-04 13:02:23.443  8104  8116 I art     : Starting a blocking GC Explicit
08-04 13:02:23.492  8104  8116 I art     : Explicit concurrent mark sweep GC freed 20(704B) AllocSpace objects, 0(0B) LOS objects, 35% free, 29MB/45MB, paused 508us total 47.997ms
08-04 13:02:23.492  8104  8114 I art     : WaitForGcToComplete blocked for 48.618ms for cause HeapTrim
08-04 13:02:23.512  8104  8116 I art     : Starting a blocking GC Explicit
08-04 13:02:23.562  8104  8116 I art     : Explicit concurrent mark sweep GC freed 3(96B) AllocSpace objects, 0(0B) LOS objects, 35% free, 29MB/45MB, paused 495us total 49.305ms
08-04 13:02:23.582  8104  8116 I art     : Starting a blocking GC Explicit
08-04 13:02:23.592  3644  3644 I ServiceManager: Waiting for service AtCmdFwd...
08-04 13:02:23.641  8104  8116 I art     : Explicit concurrent mark sweep GC freed 3(96B) AllocSpace objects, 0(0B) LOS objects, 35% free, 29MB/45MB, paused 524us total 59.226ms
08-04 13:02:23.660  8104  8116 I art     : Starting a blocking GC Explicit
08-04 13:02:23.718  8104  8116 I art     : Explicit concurrent mark sweep GC freed 3(96B) AllocSpace objects, 0(0B) LOS objects, 35% free, 29MB/45MB, paused 483us total 57.058ms
08-04 13:02:24.103  8104  8397 I art     : Starting a blocking GC Explicit
08-04 13:02:24.149  8104  8397 I art     : Explicit concurrent mark sweep GC freed 1357(82KB) AllocSpace objects, 1(20KB) LOS objects, 35% free, 29MB/45MB, paused 508us total 46.494ms
08-04 13:02:24.168  8104  8397 I art     : Starting a blocking GC Explicit
08-04 13:02:24.222  8104  8397 I art     : Explicit concurrent mark sweep GC freed 91(3KB) AllocSpace objects, 0(0B) LOS objects, 35% free, 29MB/45MB, paused 421us total 53.066ms
08-04 13:02:24.240  8104  8397 I art     : Starting a blocking GC Explicit
08-04 13:02:24.289  8104  8397 I art     : Explicit concurrent mark sweep GC freed 3(96B) AllocSpace objects, 0(0B) LOS objects, 35% free, 29MB/45MB, paused 676us total 48.903ms
08-04 13:02:24.312  8104  8397 I art     : Starting a blocking GC Explicit
08-04 13:02:24.360  8104  8397 I art     : Explicit concurrent mark sweep GC freed 3(96B) AllocSpace objects, 0(0B) LOS objects, 35% free, 29MB/45MB, paused 422us total 47.349ms
08-04 13:02:24.379  8104  8397 I art     : Starting a blocking GC Explicit
08-04 13:02:24.440  8104  8397 I art     : Explicit concurrent mark sweep GC freed 3(96B) AllocSpace objects, 0(0B) LOS objects, 35% free, 29MB/45MB, paused 425us total 61.224ms
08-04 13:02:24.593  3644  3644 I ServiceManager: Waiting for service AtCmdFwd...
08-04 13:02:24.837  8104  8116 I art     : Starting a blocking GC Explicit
08-04 13:02:24.884  8104  8116 I art     : Explicit concurrent mark sweep GC freed 1355(82KB) AllocSpace objects, 1(20KB) LOS objects, 35% free, 29MB/45MB, paused 543us total 46.612ms
08-04 13:02:24.907  8104  8116 I art     : Starting a blocking GC Explicit
08-04 13:02:24.951  8104  8116 I art     : Explicit concurrent mark sweep GC freed 20(704B) AllocSpace objects, 0(0B) LOS objects, 35% free, 29MB/45MB, paused 468us total 44.161ms
08-04 13:02:24.970  8104  8116 I art     : Starting a blocking GC Explicit
08-04 13:02:24.989 10781 10781 D AndroidRuntime: >>>>>> START com.android.internal.os.RuntimeInit uid 2000 <<<<<<
08-04 13:02:24.995 10781 10781 D AndroidRuntime: CheckJNI is OFF
08-04 13:02:25.020  8104  8116 I art     : Explicit concurrent mark sweep GC freed 3(96B) AllocSpace objects, 0(0B) LOS objects, 35% free, 29MB/45MB, paused 463us total 49.054ms
08-04 13:02:25.038  8104  8116 I art     : Starting a blocking GC Explicit
08-04 13:02:25.041 10781 10781 D ICU     : No timezone override file found: /data/misc/zoneinfo/current/icu/icu_tzdata.dat
08-04 13:02:25.084 10781 10781 I Radio-JNI: register_android_hardware_Radio DONE
08-04 13:02:25.085  8104  8116 I art     : Explicit concurrent mark sweep GC freed 3(96B) AllocSpace objects, 0(0B) LOS objects, 35% free, 29MB/45MB, paused 636us total 47.060ms
08-04 13:02:25.109  8104  8116 I art     : Starting a blocking GC Explicit
08-04 13:02:25.119 10781 10781 D AndroidRuntime: Calling main entry com.android.commands.input.Input
08-04 13:02:25.121 10781 10781 I Input   : injectKeyEvent: KeyEvent { action=ACTION_DOWN, keyCode=KEYCODE_BACK, scanCode=0, metaState=0, flags=0x0, repeatCount=0, eventTime=709361534, downTime=709361534, deviceId=-1, source=0x101 }
08-04 13:02:25.125 10781 10781 I Input   : injectKeyEvent: KeyEvent { action=ACTION_UP, keyCode=KEYCODE_BACK, scanCode=0, metaState=0, flags=0x0, repeatCount=0, eventTime=709361534, downTime=709361534, deviceId=-1, source=0x101 }
08-04 13:02:25.130 10781 10781 D AndroidRuntime: Shutting down VM
08-04 13:02:25.183  8104  8116 I art     : Explicit concurrent mark sweep GC freed 131(4KB) AllocSpace objects, 0(0B) LOS objects, 35% free, 29MB/45MB, paused 516us total 74.209ms
08-04 13:02:25.188 13866 13866 I GoogleInputMethodServic: GoogleInputMethodService.onFinishInput():3138 
08-04 13:02:25.189 13866 13866 I GoogleInputMethodServic: GoogleInputMethodService.onStartInput():1808 
08-04 13:02:25.378 13866 13882 I PeriodicStatsRunner: PeriodicStatsRunner.call():175 call()
08-04 13:02:25.378 13866 13882 I PeriodicStatsRunner: PeriodicStatsRunner.call():179 No submit PeriodicStats since input started.
08-04 13:02:25.502   380   380 W SurfaceFlinger: couldn't log to binary event log: overflow.
08-04 13:02:25.539   918  3263 D ConnectivityService: releasing NetworkRequest NetworkRequest [ id=2662, legacyType=-1, [ Capabilities: INTERNET&NOT_RESTRICTED&TRUSTED] ]
08-04 13:02:25.541  8104  8116 I art     : Starting a blocking GC Explicit
08-04 13:02:25.584  8104  8116 I art     : Explicit concurrent mark sweep GC freed 2372(128KB) AllocSpace objects, 1(20KB) LOS objects, 35% free, 29MB/45MB, paused 448us total 43.397ms
08-04 13:02:25.594  3644  3644 I ServiceManager: Waiting for service AtCmdFwd...
08-04 13:02:25.602  8104  8116 I art     : Starting a blocking GC Explicit
08-04 13:02:25.643  8104  8116 I art     : Explicit concurrent mark sweep GC freed 170(7KB) AllocSpace objects, 0(0B) LOS objects, 35% free, 29MB/45MB, paused 455us total 41.025ms
08-04 13:02:25.674  8104  8116 I art     : Starting a blocking GC Explicit
08-04 13:02:25.716  8104  8116 I art     : Explicit concurrent mark sweep GC freed 1954(116KB) AllocSpace objects, 1(28KB) LOS objects, 35% free, 29MB/45MB, paused 429us total 42.008ms
08-04 13:02:25.735  8104  8116 I art     : Starting a blocking GC Explicit
08-04 13:02:25.782  8104  8116 I art     : Explicit concurrent mark sweep GC freed 3(96B) AllocSpace objects, 0(0B) LOS objects, 35% free, 29MB/45MB, paused 487us total 46.505ms
08-04 13:02:25.801  8104  8116 I art     : Starting a blocking GC Explicit
08-04 13:02:25.848  8104  8116 I art     : Explicit concurrent mark sweep GC freed 3(96B) AllocSpace objects, 0(0B) LOS objects, 35% free, 29MB/45MB, paused 497us total 47.166ms
08-04 13:02:26.197  8104  8126 I art     : Starting a blocking GC Explicit
08-04 13:02:26.254  8104  8126 I art     : Explicit concurrent mark sweep GC freed 1355(82KB) AllocSpace objects, 1(20KB) LOS objects, 35% free, 29MB/45MB, paused 529us total 56.805ms
08-04 13:02:26.277  8104  8126 I art     : Starting a blocking GC Explicit
08-04 13:02:26.326  8104  8126 I art     : Explicit concurrent mark sweep GC freed 20(704B) AllocSpace objects, 0(0B) LOS objects, 35% free, 29MB/45MB, paused 487us total 48.582ms
08-04 13:02:26.345  8104  8126 I art     : Starting a blocking GC Explicit
08-04 13:02:26.392  8104  8126 I art     : Explicit concurrent mark sweep GC freed 3(96B) AllocSpace objects, 0(0B) LOS objects, 35% free, 29MB/45MB, paused 442us total 46.823ms
08-04 13:02:26.411  8104  8126 I art     : Starting a blocking GC Explicit
08-04 13:02:26.453  8104  8126 I art     : Explicit concurrent mark sweep GC freed 3(96B) AllocSpace objects, 0(0B) LOS objects, 35% free, 29MB/45MB, paused 468us total 41.653ms
08-04 13:02:26.471  8104  8126 I art     : Starting a blocking GC Explicit
08-04 13:02:26.516  8104  8126 I art     : Explicit concurrent mark sweep GC freed 3(96B) AllocSpace objects, 0(0B) LOS objects, 35% free, 29MB/45MB, paused 474us total 44.486ms
08-04 13:02:26.594  3644  3644 I ServiceManager: Waiting for service AtCmdFwd...
08-04 13:02:26.854  8104  8117 I art     : Starting a blocking GC Explicit
08-04 13:02:26.910  8104  8117 I art     : Explicit concurrent mark sweep GC freed 1354(82KB) AllocSpace objects, 1(20KB) LOS objects, 35% free, 29MB/45MB, paused 490us total 55.091ms
08-04 13:02:26.928  8104  8117 I art     : Starting a blocking GC Explicit
08-04 13:02:26.942 10824 10824 D AndroidRuntime: >>>>>> START com.android.internal.os.RuntimeInit uid 2000 <<<<<<
08-04 13:02:26.948 10824 10824 D AndroidRuntime: CheckJNI is OFF
08-04 13:02:26.977  8104  8117 I art     : Explicit concurrent mark sweep GC freed 20(704B) AllocSpace objects, 0(0B) LOS objects, 35% free, 29MB/45MB, paused 517us total 48.329ms
08-04 13:02:26.995  8104  8117 I art     : Starting a blocking GC Explicit
08-04 13:02:26.997 10824 10824 D ICU     : No timezone override file found: /data/misc/zoneinfo/current/icu/icu_tzdata.dat
08-04 13:02:27.041 10824 10824 I Radio-JNI: register_android_hardware_Radio DONE
08-04 13:02:27.043  8104  8117 I art     : Explicit concurrent mark sweep GC freed 3(96B) AllocSpace objects, 0(0B) LOS objects, 35% free, 29MB/45MB, paused 483us total 47.487ms
08-04 13:02:27.062  8104  8117 I art     : Starting a blocking GC Explicit
08-04 13:02:27.072 10824 10824 D AndroidRuntime: Calling main entry com.android.commands.input.Input
08-04 13:02:27.073 10824 10824 I Input   : injectKeyEvent: KeyEvent { action=ACTION_DOWN, keyCode=KEYCODE_BACK, scanCode=0, metaState=0, flags=0x0, repeatCount=0, eventTime=709363486, downTime=709363486, deviceId=-1, source=0x101 }
08-04 13:02:27.079 10824 10824 I Input   : injectKeyEvent: KeyEvent { action=ACTION_UP, keyCode=KEYCODE_BACK, scanCode=0, metaState=0, flags=0x0, repeatCount=0, eventTime=709363486, downTime=709363486, deviceId=-1, source=0x101 }
08-04 13:02:27.085 10824 10824 D AndroidRuntime: Shutting down VM
08-04 13:02:27.106  8104  8117 I art     : Explicit concurrent mark sweep GC freed 106(3KB) AllocSpace objects, 0(0B) LOS objects, 35% free, 29MB/45MB, paused 507us total 44.508ms
08-04 13:02:27.124  8104  8117 I art     : Starting a blocking GC Explicit
08-04 13:02:27.131 13866 13866 I GoogleInputMethodServic: GoogleInputMethodService.onFinishInput():3138 
08-04 13:02:27.132 13866 13866 I GoogleInputMethodServic: GoogleInputMethodService.onStartInput():1808 
08-04 13:02:27.167  8104  8117 I art     : Explicit concurrent mark sweep GC freed 52(1904B) AllocSpace objects, 0(0B) LOS objects, 35% free, 29MB/45MB, paused 459us total 42.191ms
08-04 13:02:27.497  8104  8117 I art     : Starting a blocking GC Explicit
08-04 13:02:27.547  8104  8117 I art     : Explicit concurrent mark sweep GC freed 1450(86KB) AllocSpace objects, 1(20KB) LOS objects, 35% free, 29MB/45MB, paused 486us total 49.781ms
08-04 13:02:27.568  8104  8117 I art     : Starting a blocking GC Explicit
08-04 13:02:27.594  3644  3644 I ServiceManager: Waiting for service AtCmdFwd...
08-04 13:02:27.617  8104  8117 I art     : Explicit concurrent mark sweep GC freed 150(7KB) AllocSpace objects, 0(0B) LOS objects, 35% free, 29MB/45MB, paused 498us total 48.119ms
08-04 13:02:27.635  8104  8117 I art     : Starting a blocking GC Explicit
08-04 13:02:27.681  8104  8117 I art     : Explicit concurrent mark sweep GC freed 3(96B) AllocSpace objects, 0(0B) LOS objects, 35% free, 29MB/45MB, paused 495us total 45.202ms
08-04 13:02:27.699  8104  8117 I art     : Starting a blocking GC Explicit
08-04 13:02:27.746  8104  8117 I art     : Explicit concurrent mark sweep GC freed 3(96B) AllocSpace objects, 0(0B) LOS objects, 35% free, 29MB/45MB, paused 504us total 46.683ms
08-04 13:02:27.765  8104  8117 I art     : Starting a blocking GC Explicit
08-04 13:02:27.815  8104  8117 I art     : Explicit concurrent mark sweep GC freed 3(96B) AllocSpace objects, 0(0B) LOS objects, 35% free, 29MB/45MB, paused 536us total 49.499ms
08-04 13:02:28.161  8104  8397 I art     : Starting a blocking GC Explicit
08-04 13:02:28.221  8104  8397 I art     : Explicit concurrent mark sweep GC freed 1354(82KB) AllocSpace objects, 1(20KB) LOS objects, 35% free, 29MB/45MB, paused 546us total 59.742ms
08-04 13:02:28.241  8104  8397 I art     : Starting a blocking GC Explicit
08-04 13:02:28.289  8104  8397 I art     : Explicit concurrent mark sweep GC freed 20(704B) AllocSpace objects, 0(0B) LOS objects, 35% free, 29MB/45MB, paused 502us total 48.333ms
08-04 13:02:28.308  8104  8397 I art     : Starting a blocking GC Explicit
08-04 13:02:28.353  8104  8397 I art     : Explicit concurrent mark sweep GC freed 3(96B) AllocSpace objects, 0(0B) LOS objects, 35% free, 29MB/45MB, paused 484us total 44.589ms
08-04 13:02:28.371  8104  8397 I art     : Starting a blocking GC Explicit
08-04 13:02:28.417  8104  8397 I art     : Explicit concurrent mark sweep GC freed 3(96B) AllocSpace objects, 0(0B) LOS objects, 35% free, 29MB/45MB, paused 520us total 45.557ms
08-04 13:02:28.435  8104  8397 I art     : Starting a blocking GC Explicit
08-04 13:02:28.481  8104  8397 I art     : Explicit concurrent mark sweep GC freed 3(96B) AllocSpace objects, 0(0B) LOS objects, 35% free, 29MB/45MB, paused 497us total 45.539ms
08-04 13:02:28.595  3644  3644 W Atfwd_Sendcmd: AtCmdFwd service not published, waiting... retryCnt : 3
08-04 13:02:28.838  8104  8116 I art     : Starting a blocking GC Explicit
08-04 13:02:28.852 10873 10873 D AndroidRuntime: >>>>>> START com.android.internal.os.RuntimeInit uid 2000 <<<<<<
08-04 13:02:28.859 10873 10873 D AndroidRuntime: CheckJNI is OFF
08-04 13:02:28.901 10873 10873 D ICU     : No timezone override file found: /data/misc/zoneinfo/current/icu/icu_tzdata.dat
08-04 13:02:28.901  8104  8116 I art     : Explicit concurrent mark sweep GC freed 1354(82KB) AllocSpace objects, 1(20KB) LOS objects, 35% free, 29MB/45MB, paused 770us total 62.571ms
08-04 13:02:28.924  8104  8116 I art     : Starting a blocking GC Explicit
08-04 13:02:28.942 10873 10873 I Radio-JNI: register_android_hardware_Radio DONE
08-04 13:02:28.968  8104  8116 I art     : Explicit concurrent mark sweep GC freed 20(704B) AllocSpace objects, 0(0B) LOS objects, 35% free, 29MB/45MB, paused 516us total 43.451ms
08-04 13:02:28.972 10873 10873 D AndroidRuntime: Calling main entry com.android.commands.input.Input
08-04 13:02:28.974 10873 10873 I Input   : injectMotionEvent: MotionEvent { action=ACTION_DOWN, actionButton=0, id[0]=0, x[0]=600.0, y[0]=1733.0, toolType[0]=TOOL_TYPE_UNKNOWN, buttonState=0, metaState=0, flags=0x0, edgeFlags=0x0, pointerCount=1, historySize=0, eventTime=709365387, downTime=709365387, deviceId=0, source=0x1002 }
08-04 13:02:28.981 10873 10873 I Input   : injectMotionEvent: MotionEvent { action=ACTION_UP, actionButton=0, id[0]=0, x[0]=600.0, y[0]=1733.0, toolType[0]=TOOL_TYPE_UNKNOWN, buttonState=0, metaState=0, flags=0x0, edgeFlags=0x0, pointerCount=1, historySize=0, eventTime=709365387, downTime=709365387, deviceId=0, source=0x1002 }
08-04 13:02:28.983 10873 10873 D AndroidRuntime: Shutting down VM
08-04 13:02:28.986  8104  8116 I art     : Starting a blocking GC Explicit
08-04 13:02:28.991   512  2967 D audio_hw_primary: out_set_parameters: enter: usecase(1: low-latency-playback) kvpairs: routing=2
08-04 13:02:28.991   918  3670 I ActivityManager: START u0 {dat=https://oauth.reddit.com/... cmp=baseline.org.quantumbadger.redreader/.activities.PostListingActivity} from uid 10666 on display 0
08-04 13:02:29.004   512  2967 D audio_hw_primary: select_devices: out_snd_device(2: speaker) in_snd_device(0: none)
08-04 13:02:29.004   512  2967 D msm8974_platform: platform_send_audio_calibration: sending audio calibration for snd_device(2) acdb_id(15)
08-04 13:02:29.004   512  2967 I soundtrigger: audio_extn_sound_trigger_update_device_status: device 0x2 of type 0 for Event 1
08-04 13:02:29.017   512  2967 D audio_hw_primary: enable_snd_device: snd_device(2: speaker)
08-04 13:02:29.019   512  2967 D audio_hw_primary: enable_audio_route: apply and update mixer path: low-latency-playback speaker
08-04 13:02:29.021  8104  8104 I AppCompatViewInflater: app:theme is now deprecated. Please move to using android:theme instead.
08-04 13:02:29.033  8104  8116 I art     : Explicit concurrent mark sweep GC freed 392(27KB) AllocSpace objects, 0(0B) LOS objects, 35% free, 29MB/45MB, paused 799us total 46.428ms
08-04 13:02:29.050  8104 10897 D OK      : calling: https://oauth.reddit.com/r/aww/about.json
08-04 13:02:29.054  8104  8116 I art     : Starting a blocking GC Explicit
08-04 13:02:29.096  8104  8116 I art     : Explicit concurrent mark sweep GC freed 1259(77KB) AllocSpace objects, 0(0B) LOS objects, 35% free, 29MB/45MB, paused 619us total 41.536ms
08-04 13:02:29.104   918   936 I ActivityManager: Displayed baseline.org.quantumbadger.redreader/.activities.PostListingActivity: +102ms
08-04 13:02:29.105 13866 13866 I GoogleInputMethodServic: GoogleInputMethodService.onFinishInput():3138 
08-04 13:02:29.105 13866 13866 I GoogleInputMethodServic: GoogleInputMethodService.onStartInput():1808 
08-04 13:02:29.117  8104  8116 I art     : Starting a blocking GC Explicit
08-04 13:02:29.161  8104  8116 I art     : Explicit concurrent mark sweep GC freed 450(24KB) AllocSpace objects, 0(0B) LOS objects, 35% free, 29MB/45MB, paused 545us total 44.021ms
08-04 13:02:29.343   380   380 W SurfaceFlinger: couldn't log to binary event log: overflow.
08-04 13:02:29.367   918  3188 I hubconnection: sensorhub said: 'set_bias 3: -5.7600, 0.0000, 0.0000'
08-04 13:02:29.386  8104 10897 I NAPPA_EXPERIMENTATION: MetricNetworkRequestExecutionTime: REQUEST_DURATION_SYSTEM='336',REQUEST_DURATION_OKHTTP='144',REQUEST_SYNCHRONOUS='TRUE',RESPONSE_CODE='200',RESPONSE_METHOD='GET',RESPONSE_LENGTH_OKHTTP='-1',RESPONSE_LENGTH_HEADER='3478',REQUEST_PROTOCOL='h2',REQUEST_URL='https://oauth.reddit.com/r/aww/about.json',
08-04 13:02:29.386  8104 10897 D OK      : request got status: 200
08-04 13:02:29.478  8104  8126 I art     : Starting a blocking GC Explicit
08-04 13:02:29.524  8104  8126 I art     : Explicit concurrent mark sweep GC freed 5122(369KB) AllocSpace objects, 3(156KB) LOS objects, 35% free, 29MB/45MB, paused 531us total 45.122ms
08-04 13:02:29.542  8104  8126 I art     : Starting a blocking GC Explicit
08-04 13:02:29.559   512  2967 D audio_hw_primary: disable_audio_route: reset and update mixer path: low-latency-playback speaker
08-04 13:02:29.562   512  2967 D audio_hw_primary: disable_snd_device: snd_device(2: speaker)
08-04 13:02:29.570   512  2967 I soundtrigger: audio_extn_sound_trigger_update_device_status: device 0x2 of type 0 for Event 0
08-04 13:02:29.590  8104  8126 I art     : Explicit concurrent mark sweep GC freed 254(12KB) AllocSpace objects, 0(0B) LOS objects, 35% free, 29MB/45MB, paused 516us total 47.848ms
08-04 13:02:29.609  8104  8126 I art     : Starting a blocking GC Explicit
08-04 13:02:29.656  8104  8126 I art     : Explicit concurrent mark sweep GC freed 3(96B) AllocSpace objects, 0(0B) LOS objects, 35% free, 29MB/45MB, paused 509us total 46.927ms
08-04 13:02:29.675  8104  8126 I art     : Starting a blocking GC Explicit
08-04 13:02:29.722  8104  8126 I art     : Explicit concurrent mark sweep GC freed 14(544B) AllocSpace objects, 0(0B) LOS objects, 35% free, 29MB/45MB, paused 535us total 46.756ms
08-04 13:02:29.741  8104  8126 I art     : Starting a blocking GC Explicit
08-04 13:02:29.791  8104  8126 I art     : Explicit concurrent mark sweep GC freed 27(1120B) AllocSpace objects, 0(0B) LOS objects, 35% free, 29MB/45MB, paused 574us total 50.080ms
08-04 13:02:30.121  8104  8116 I art     : Starting a blocking GC Explicit
08-04 13:02:30.171  8104  8116 I art     : Explicit concurrent mark sweep GC freed 1378(83KB) AllocSpace objects, 1(20KB) LOS objects, 35% free, 29MB/45MB, paused 558us total 49.146ms
08-04 13:02:30.189 13866 13882 I PeriodicStatsRunner: PeriodicStatsRunner.call():175 call()
08-04 13:02:30.189 13866 13882 I PeriodicStatsRunner: PeriodicStatsRunner.call():179 No submit PeriodicStats since input started.
08-04 13:02:30.190  8104  8116 I art     : Starting a blocking GC Explicit
08-04 13:02:30.237  8104  8116 I art     : Explicit concurrent mark sweep GC freed 20(704B) AllocSpace objects, 0(0B) LOS objects, 35% free, 29MB/45MB, paused 535us total 46.649ms
08-04 13:02:30.250  8104 10923 D OK      : calling: https://oauth.reddit.com/r/aww/hot/.json
08-04 13:02:30.256  8104  8116 I art     : Starting a blocking GC Explicit
08-04 13:02:30.303  8104  8116 I art     : Explicit concurrent mark sweep GC freed 95(3KB) AllocSpace objects, 0(0B) LOS objects, 35% free, 29MB/45MB, paused 599us total 45.956ms
08-04 13:02:30.321  8104  8116 I art     : Starting a blocking GC Explicit
08-04 13:02:30.367  8104  8116 I art     : Explicit concurrent mark sweep GC freed 9(352B) AllocSpace objects, 0(0B) LOS objects, 35% free, 29MB/45MB, paused 551us total 46.066ms
08-04 13:02:30.386  8104  8116 I art     : Starting a blocking GC Explicit
08-04 13:02:30.412  8104 10923 I NAPPA_EXPERIMENTATION: MetricNetworkRequestExecutionTime: REQUEST_DURATION_SYSTEM='162',REQUEST_DURATION_OKHTTP='156',REQUEST_SYNCHRONOUS='TRUE',RESPONSE_CODE='200',RESPONSE_METHOD='GET',RESPONSE_LENGTH_OKHTTP='-1',RESPONSE_LENGTH_HEADER='33430',REQUEST_PROTOCOL='h2',REQUEST_URL='https://oauth.reddit.com/r/aww/hot/.json',
08-04 13:02:30.412  8104 10923 D OK      : request got status: 200
08-04 13:02:30.419  8104  8669 I PostListingFragment: Precaching images: OFF
08-04 13:02:30.419  8104  8669 I PostListingFragment: Precaching comments: OFF
08-04 13:02:30.428  8104 10924 D OK      : calling: https://b.thumbs.redditmedia.com/CKInrczASoQbNvSBStGz11Tok0uCyQoxmZ02sOE37sQ.jpg
08-04 13:02:30.435  8104  8116 I art     : Explicit concurrent mark sweep GC freed 1587(126KB) AllocSpace objects, 0(0B) LOS objects, 34% free, 29MB/45MB, paused 950us total 48.809ms
08-04 13:02:30.443  8104  8669 I getImgurImageInfo: Image NSO7Npm: trying API v3 with auth
08-04 13:02:30.444  8104 10925 D OK      : calling: https://a.thumbs.redditmedia.com/sKVnLbatvJCZOE2ooe6CgiEftOB3ukgPMdcydbk9CZ4.jpg
08-04 13:02:30.448  8104 10926 D OK      : calling: https://a.thumbs.redditmedia.com/dFt2-stQJkfZ8O7r7ywG9GQsF08fZXxEJfQtAmiJ-F8.jpg
08-04 13:02:30.451  8104 10927 D OK      : calling: https://b.thumbs.redditmedia.com/1cAaKl6LkrikiRbLsBzzOvufKqRKuPi3wgjUkX8axkI.jpg
08-04 13:02:30.454  8104 10928 D OK      : calling: https://api.gfycat.com/v1/gfycats/deadlygravecavy
08-04 13:02:30.461  8104 10929 D OK      : calling: https://b.thumbs.redditmedia.com/NUqJWcobH7ToYhCM0w6nnAFZ46ymm9vPD25BC3s7Wco.jpg
08-04 13:02:30.464  8104 10930 D OK      : calling: https://b.thumbs.redditmedia.com/bUY4al781EZ3q7hUlnLebemHCXE3e63_SSxl2uo4Q4A.jpg
08-04 13:02:30.468  8104 10931 D OK      : calling: https://b.thumbs.redditmedia.com/tTmEfIrujbsvZXbhNSQS6Pc7o7ShCaGqZHbYf7nWdfg.jpg
08-04 13:02:30.471  8104 10932 D OK      : calling: https://b.thumbs.redditmedia.com/_H8tFMmL5-3GrxYkCtMSHiyNfjbX8pxctOw_vrzyw7o.jpg
08-04 13:02:30.477  8104 10933 D OK      : calling: https://api.imgur.com/3/image/NSO7Npm
08-04 13:02:30.482  8104 10934 D OK      : calling: https://b.thumbs.redditmedia.com/JTSWFy2_tijPk6cA5noKDydEAMkMJcDmKQTSX178zwc.jpg
08-04 13:02:30.486  8104 10936 D OK      : calling: https://b.thumbs.redditmedia.com/HkEQtny0bE4H3dMCd_woPsLAXBoPwp_DZ4ioFNIQLKk.jpg
08-04 13:02:30.487  8104 10935 D OK      : calling: https://b.thumbs.redditmedia.com/N6fiqTp8nJD2l7sUz4nij7j1yHYMTKaflUIrn8E2bAU.jpg
08-04 13:02:30.488  8104 10937 D OK      : calling: https://b.thumbs.redditmedia.com/lVNra-iScxkYcYtSstJ-7J7pRAUDRXIwwJhsen1ZK9g.jpg
08-04 13:02:30.492  8104 10938 D OK      : calling: https://v.redd.it/fkewv2f65kd51/DASHPlaylist.mpd
08-04 13:02:30.497  8104 10939 D OK      : calling: https://api.gfycat.com/v1/gfycats/altruisticthankfulankolewatusi
08-04 13:02:30.500  8104 10941 D OK      : calling: https://b.thumbs.redditmedia.com/X3yyAViE0gxiHR-kf9Z5xmLa8dKsm8iWJyKdWNVtOhU.jpg
08-04 13:02:30.502  8104 10942 D OK      : calling: https://v.redd.it/ak6rer1hskd51/DASHPlaylist.mpd
08-04 13:02:30.505  8104 10943 D OK      : calling: https://api.gfycat.com/v1/gfycats/foolhardysparklinglarva
08-04 13:02:30.506  8104 10944 D OK      : calling: https://b.thumbs.redditmedia.com/Bx9FZp8_w10DfFUf_mqVPMfu4Y0h2lo41Dh4tl2eNeQ.jpg
08-04 13:02:30.507  8104 10940 D OK      : calling: https://b.thumbs.redditmedia.com/lQKqDneXS8E7ZBD9cUQy4OqOt8PuTneSvVFtnU0pwCE.jpg
08-04 13:02:30.508  8104 10945 D OK      : calling: https://v.redd.it/h49fg58ygjd51/DASHPlaylist.mpd
08-04 13:02:30.512  8104 10946 D OK      : calling: https://a.thumbs.redditmedia.com/KpcC72KH04Be3BqxmFbv_Gz7LCy-24GU-70or3KCdJ4.jpg
08-04 13:02:30.518  8104 10947 D OK      : calling: https://a.thumbs.redditmedia.com/cEOtajy3CAQrjwSA3hhSqnPx8bfkRzglo7Lz1SBTmE0.jpg
08-04 13:02:30.523  8104 10948 D OK      : calling: https://v.redd.it/1ewzkieg0jd51/DASHPlaylist.mpd
08-04 13:02:30.528  8104 10949 D OK      : calling: https://b.thumbs.redditmedia.com/RrJbRRjFZWmckrONtkPTloJh52FfqD_XkLMuYuuQvAg.jpg
08-04 13:02:30.531  8104 10950 D OK      : calling: https://b.thumbs.redditmedia.com/chqK3f9u3D7UmfrGP85f4sOQFihMk6q7fFSeMyWs_7E.jpg
08-04 13:02:30.531  8104 10951 D OK      : calling: https://v.redd.it/ppmhu2r9thd51/DASHPlaylist.mpd
08-04 13:02:30.533  8104 10952 D OK      : calling: https://b.thumbs.redditmedia.com/B18Vu5Jw71XCkFOFHimnUC42ya8apHsmcCW-HFmtb6w.jpg
08-04 13:02:30.536  8104 10953 D OK      : calling: https://b.thumbs.redditmedia.com/iZuzjufMpYUYtQRLjRwce4RDb6JYsId95_iezR2Uc0w.jpg
08-04 13:02:30.539  8104 10954 D OK      : calling: https://v.redd.it/s9qqadf3mid51/DASHPlaylist.mpd
08-04 13:02:30.540  8104 10955 D OK      : calling: https://v.redd.it/b8vazlcb7ld51/DASHPlaylist.mpd
08-04 13:02:30.552  8104 10956 D OK      : calling: https://b.thumbs.redditmedia.com/XNb1kfskabGDLMqv661Q22hBtCb8w5oyePDcFaZi9aY.jpg
08-04 13:02:30.554  8104 10957 D OK      : calling: https://b.thumbs.redditmedia.com/lMqJbh1Z40ffemA0TnSfVnovznn4hvJNue60AsJ-ETs.jpg
08-04 13:02:30.556  8104 10958 D OK      : calling: https://v.redd.it/ty24o02m1hd51/DASHPlaylist.mpd
08-04 13:02:30.560  8104 10959 D OK      : calling: https://b.thumbs.redditmedia.com/x5l4cICw0WNNvslt5FqVjwj89XrGjrXnNbaSyQRAyCo.jpg
08-04 13:02:30.561  8104 10960 D OK      : calling: https://v.redd.it/ar5k8892pid51/DASHPlaylist.mpd
08-04 13:02:30.564  8104 10961 D OK      : calling: https://b.thumbs.redditmedia.com/189nmwjW7eGWBD0J-cxzsUac1V1ZWGzMFC66inY4u4Y.jpg
08-04 13:02:30.581  8104 10964 D OK      : calling: https://b.thumbs.redditmedia.com/d_-UsfmKASoIHi4vZyyjvvwFtm1S7-DEi9AQPOnGIgY.jpg
08-04 13:02:30.679  8104  8104 W RecyclerView: Cannot call this method in a scroll callback. Scroll callbacks mightbe run during a measure & layout pass where you cannot change theRecyclerView data. Any method call that might change the structureof the RecyclerView or the adapter contents should be postponed tothe next frame.
08-04 13:02:30.679  8104  8104 W RecyclerView: java.lang.IllegalStateException:  androidx.recyclerview.widget.RecyclerView{7deba40 VFED..... .F....ID 0,0-1440,2140 #7f0900ef app:id/scrollbar_recyclerview_recyclerview}, adapter:baseline.org.quantumbadger.redreader.adapters.GroupedRecyclerViewAdapter@414fd79, layout:androidx.recyclerview.widget.LinearLayoutManager@6c0fabe, context:baseline.org.quantumbadger.redreader.activities.PostListingActivity@a9a7945
08-04 13:02:30.679  8104  8104 W RecyclerView: 	at androidx.recyclerview.widget.RecyclerView.assertNotInLayoutOrScroll(RecyclerView.java:3061)
08-04 13:02:30.679  8104  8104 W RecyclerView: 	at androidx.recyclerview.widget.RecyclerView$RecyclerViewDataObserver.onItemRangeInserted(RecyclerView.java:5555)
08-04 13:02:30.679  8104  8104 W RecyclerView: 	at androidx.recyclerview.widget.RecyclerView$AdapterDataObservable.notifyItemRangeInserted(RecyclerView.java:12278)
08-04 13:02:30.679  8104  8104 W RecyclerView: 	at androidx.recyclerview.widget.RecyclerView$Adapter.notifyItemInserted(RecyclerView.java:7464)
08-04 13:02:30.679  8104  8104 W RecyclerView: 	at baseline.org.quantumbadger.redreader.adapters.GroupedRecyclerViewAdapter.updateHiddenStatus(GroupedRecyclerViewAdapter.java:279)
08-04 13:02:30.679  8104  8104 W RecyclerView: 	at baseline.org.quantumbadger.redreader.adapters.RedditListingManager.setLoadingVisible(RedditListingManager.java:125)
08-04 13:02:30.679  8104  8104 W RecyclerView: 	at baseline.org.quantumbadger.redreader.fragments.PostListingFragment.onLoadMoreItemsCheck(PostListingFragment.java:465)
08-04 13:02:30.679  8104  8104 W RecyclerView: 	at baseline.org.quantumbadger.redreader.fragments.PostListingFragment.access$000(PostListingFragment.java:98)
08-04 13:02:30.679  8104  8104 W RecyclerView: 	at baseline.org.quantumbadger.redreader.fragments.PostListingFragment$2.onScrolled(PostListingFragment.java:215)
08-04 13:02:30.679  8104  8104 W RecyclerView: 	at androidx.recyclerview.widget.RecyclerView.dispatchOnScrolled(RecyclerView.java:5173)
08-04 13:02:30.679  8104  8104 W RecyclerView: 	at androidx.recyclerview.widget.RecyclerView.dispatchLayoutStep3(RecyclerView.java:4231)
08-04 13:02:30.679  8104  8104 W RecyclerView: 	at androidx.recyclerview.widget.RecyclerView.dispatchLayout(RecyclerView.java:3862)
08-04 13:02:30.679  8104  8104 W RecyclerView: 	at androidx.recyclerview.widget.RecyclerView.consumePendingUpdateOperations(RecyclerView.java:1897)
08-04 13:02:30.679  8104  8104 W RecyclerView: 	at androidx.recyclerview.widget.RecyclerView$1.run(RecyclerView.java:414)
08-04 13:02:30.679  8104  8104 W RecyclerView: 	at android.view.Choreographer$CallbackRecord.run(Choreographer.java:858)
08-04 13:02:30.679  8104  8104 W RecyclerView: 	at android.view.Choreographer.doCallbacks(Choreographer.java:670)
08-04 13:02:30.679  8104  8104 W RecyclerView: 	at android.view.Choreographer.doFrame(Choreographer.java:603)
08-04 13:02:30.679  8104  8104 W RecyclerView: 	at android.view.Choreographer$FrameDisplayEventReceiver.run(Choreographer.java:844)
08-04 13:02:30.679  8104  8104 W RecyclerView: 	at android.os.Handler.handleCallback(Handler.java:739)
08-04 13:02:30.679  8104  8104 W RecyclerView: 	at android.os.Handler.dispatchMessage(Handler.java:95)
08-04 13:02:30.679  8104  8104 W RecyclerView: 	at android.os.Looper.loop(Looper.java:148)
08-04 13:02:30.679  8104  8104 W RecyclerView: 	at android.app.ActivityThread.main(ActivityThread.java:5417)
08-04 13:02:30.679  8104  8104 W RecyclerView: 	at java.lang.reflect.Method.invoke(Native Method)
08-04 13:02:30.679  8104  8104 W RecyclerView: 	at com.android.internal.os.ZygoteInit$MethodAndArgsCaller.run(ZygoteInit.java:726)
08-04 13:02:30.679  8104  8104 W RecyclerView: 	at com.android.internal.os.ZygoteInit.main(ZygoteInit.java:616)
08-04 13:02:30.769  8104  8126 I art     : Starting a blocking GC Explicit
08-04 13:02:30.839  8104  8126 I art     : Explicit concurrent mark sweep GC freed 55002(2MB) AllocSpace objects, 3(156KB) LOS objects, 34% free, 30MB/46MB, paused 2.958ms total 69.435ms
08-04 13:02:30.859  8104  8126 I art     : Starting a blocking GC Explicit
08-04 13:02:30.919  8104  8126 I art     : Explicit concurrent mark sweep GC freed 12544(564KB) AllocSpace objects, 0(0B) LOS objects, 34% free, 30MB/46MB, paused 2.682ms total 59.826ms
08-04 13:02:30.937  8104  8126 I art     : Starting a blocking GC Explicit
08-04 13:02:30.979  8104 10924 I NAPPA_EXPERIMENTATION: MetricNetworkRequestExecutionTime: REQUEST_DURATION_SYSTEM='550',REQUEST_DURATION_OKHTTP='249',REQUEST_SYNCHRONOUS='TRUE',RESPONSE_CODE='200',RESPONSE_METHOD='GET',RESPONSE_LENGTH_OKHTTP='3891',RESPONSE_LENGTH_HEADER='3891',REQUEST_PROTOCOL='h2',REQUEST_URL='https://b.thumbs.redditmedia.com/CKInrczASoQbNvSBStGz11Tok0uCyQoxmZ02sOE37sQ.jpg',
08-04 13:02:30.979  8104 10924 D OK      : request got status: 200
08-04 13:02:30.992  8104  8126 I art     : Explicit concurrent mark sweep GC freed 3297(260KB) AllocSpace objects, 0(0B) LOS objects, 34% free, 30MB/46MB, paused 2.797ms total 54.961ms
08-04 13:02:31.012  8104  8126 I art     : Starting a blocking GC Explicit
08-04 13:02:31.068  8104 10925 I NAPPA_EXPERIMENTATION: MetricNetworkRequestExecutionTime: REQUEST_DURATION_SYSTEM='622',REQUEST_DURATION_OKHTTP='288',REQUEST_SYNCHRONOUS='TRUE',RESPONSE_CODE='200',RESPONSE_METHOD='GET',RESPONSE_LENGTH_OKHTTP='4487',RESPONSE_LENGTH_HEADER='4487',REQUEST_PROTOCOL='h2',REQUEST_URL='https://a.thumbs.redditmedia.com/sKVnLbatvJCZOE2ooe6CgiEftOB3ukgPMdcydbk9CZ4.jpg',
08-04 13:02:31.068  8104 10925 D OK      : request got status: 200
08-04 13:02:31.069  8104  8126 I art     : Explicit concurrent mark sweep GC freed 11660(509KB) AllocSpace objects, 0(0B) LOS objects, 34% free, 30MB/46MB, paused 2.814ms total 56.609ms
08-04 13:02:31.088  8104  8126 I art     : Starting a blocking GC Explicit
08-04 13:02:31.145  8104  8126 I art     : Explicit concurrent mark sweep GC freed 13088(661KB) AllocSpace objects, 9(596KB) LOS objects, 34% free, 30MB/46MB, paused 3.022ms total 56.719ms
08-04 13:02:31.205  8104 10926 I NAPPA_EXPERIMENTATION: MetricNetworkRequestExecutionTime: REQUEST_DURATION_SYSTEM='757',REQUEST_DURATION_OKHTTP='372',REQUEST_SYNCHRONOUS='TRUE',RESPONSE_CODE='200',RESPONSE_METHOD='GET',RESPONSE_LENGTH_OKHTTP='6530',RESPONSE_LENGTH_HEADER='6530',REQUEST_PROTOCOL='h2',REQUEST_URL='https://a.thumbs.redditmedia.com/dFt2-stQJkfZ8O7r7ywG9GQsF08fZXxEJfQtAmiJ-F8.jpg',
08-04 13:02:31.205  8104 10926 D OK      : request got status: 200
08-04 13:02:31.226  8104 10932 I NAPPA_EXPERIMENTATION: MetricNetworkRequestExecutionTime: REQUEST_DURATION_SYSTEM='755',REQUEST_DURATION_OKHTTP='347',REQUEST_SYNCHRONOUS='TRUE',RESPONSE_CODE='200',RESPONSE_METHOD='GET',RESPONSE_LENGTH_OKHTTP='6434',RESPONSE_LENGTH_HEADER='6434',REQUEST_PROTOCOL='h2',REQUEST_URL='https://b.thumbs.redditmedia.com/_H8tFMmL5-3GrxYkCtMSHiyNfjbX8pxctOw_vrzyw7o.jpg',
08-04 13:02:31.226  8104 10932 D OK      : request got status: 200
08-04 13:02:31.294  8104 10927 I NAPPA_EXPERIMENTATION: MetricNetworkRequestExecutionTime: REQUEST_DURATION_SYSTEM='843',REQUEST_DURATION_OKHTTP='411',REQUEST_SYNCHRONOUS='TRUE',RESPONSE_CODE='200',RESPONSE_METHOD='GET',RESPONSE_LENGTH_OKHTTP='5113',RESPONSE_LENGTH_HEADER='5113',REQUEST_PROTOCOL='h2',REQUEST_URL='https://b.thumbs.redditmedia.com/1cAaKl6LkrikiRbLsBzzOvufKqRKuPi3wgjUkX8axkI.jpg',
08-04 13:02:31.294  8104 10927 D OK      : request got status: 200
08-04 13:02:31.337  8104 10930 I NAPPA_EXPERIMENTATION: MetricNetworkRequestExecutionTime: REQUEST_DURATION_SYSTEM='873',REQUEST_DURATION_OKHTTP='456',REQUEST_SYNCHRONOUS='TRUE',RESPONSE_CODE='200',RESPONSE_METHOD='GET',RESPONSE_LENGTH_OKHTTP='6131',RESPONSE_LENGTH_HEADER='6131',REQUEST_PROTOCOL='h2',REQUEST_URL='https://b.thumbs.redditmedia.com/bUY4al781EZ3q7hUlnLebemHCXE3e63_SSxl2uo4Q4A.jpg',
08-04 13:02:31.337  8104 10930 D OK      : request got status: 200
08-04 13:02:31.411  8104 10934 I NAPPA_EXPERIMENTATION: MetricNetworkRequestExecutionTime: REQUEST_DURATION_SYSTEM='928',REQUEST_DURATION_OKHTTP='507',REQUEST_SYNCHRONOUS='TRUE',RESPONSE_CODE='200',RESPONSE_METHOD='GET',RESPONSE_LENGTH_OKHTTP='6634',RESPONSE_LENGTH_HEADER='6634',REQUEST_PROTOCOL='h2',REQUEST_URL='https://b.thumbs.redditmedia.com/JTSWFy2_tijPk6cA5noKDydEAMkMJcDmKQTSX178zwc.jpg',
08-04 13:02:31.411  8104 10934 D OK      : request got status: 200
08-04 13:02:31.450  8104 11023 D OK      : calling: https://oauth.reddit.com/r/aww/hot/.json?after=t3_hz5odc
08-04 13:02:31.480  8104 10929 I NAPPA_EXPERIMENTATION: MetricNetworkRequestExecutionTime: REQUEST_DURATION_SYSTEM='1019',REQUEST_DURATION_OKHTTP='573',REQUEST_SYNCHRONOUS='TRUE',RESPONSE_CODE='200',RESPONSE_METHOD='GET',RESPONSE_LENGTH_OKHTTP='6242',RESPONSE_LENGTH_HEADER='6242',REQUEST_PROTOCOL='h2',REQUEST_URL='https://b.thumbs.redditmedia.com/NUqJWcobH7ToYhCM0w6nnAFZ46ymm9vPD25BC3s7Wco.jpg',
08-04 13:02:31.481  8104 10929 D OK      : request got status: 200
08-04 13:02:31.487  8104  8116 I art     : Starting a blocking GC Explicit
08-04 13:02:31.554  8104  8116 I art     : Explicit concurrent mark sweep GC freed 37547(2MB) AllocSpace objects, 29(1504KB) LOS objects, 33% free, 31MB/47MB, paused 2.364ms total 66.192ms
08-04 13:02:31.567  8104 10931 I NAPPA_EXPERIMENTATION: MetricNetworkRequestExecutionTime: REQUEST_DURATION_SYSTEM='1099',REQUEST_DURATION_OKHTTP='573',REQUEST_SYNCHRONOUS='TRUE',RESPONSE_CODE='200',RESPONSE_METHOD='GET',RESPONSE_LENGTH_OKHTTP='5439',RESPONSE_LENGTH_HEADER='5439',REQUEST_PROTOCOL='h2',REQUEST_URL='https://b.thumbs.redditmedia.com/tTmEfIrujbsvZXbhNSQS6Pc7o7ShCaGqZHbYf7nWdfg.jpg',
08-04 13:02:31.567  8104 10931 D OK      : request got status: 200
08-04 13:02:31.573  8104  8116 I art     : Starting a blocking GC Explicit
08-04 13:02:31.625  8104  8116 I art     : Explicit concurrent mark sweep GC freed 2786(162KB) AllocSpace objects, 8(376KB) LOS objects, 33% free, 31MB/47MB, paused 2.061ms total 51.690ms
08-04 13:02:31.645  8104  8116 I art     : Starting a blocking GC Explicit
08-04 13:02:31.650  8104 10947 I NAPPA_EXPERIMENTATION: MetricNetworkRequestExecutionTime: REQUEST_DURATION_SYSTEM='1132',REQUEST_DURATION_OKHTTP='539',REQUEST_SYNCHRONOUS='TRUE',RESPONSE_CODE='200',RESPONSE_METHOD='GET',RESPONSE_LENGTH_OKHTTP='5648',RESPONSE_LENGTH_HEADER='5648',REQUEST_PROTOCOL='h2',REQUEST_URL='https://a.thumbs.redditmedia.com/cEOtajy3CAQrjwSA3hhSqnPx8bfkRzglo7Lz1SBTmE0.jpg',
08-04 13:02:31.650  8104 10947 D OK      : request got status: 200
08-04 13:02:31.656  8104 10936 I NAPPA_EXPERIMENTATION: MetricNetworkRequestExecutionTime: REQUEST_DURATION_SYSTEM='1170',REQUEST_DURATION_OKHTTP='627',REQUEST_SYNCHRONOUS='TRUE',RESPONSE_CODE='200',RESPONSE_METHOD='GET',RESPONSE_LENGTH_OKHTTP='8699',RESPONSE_LENGTH_HEADER='8699',REQUEST_PROTOCOL='h2',REQUEST_URL='https://b.thumbs.redditmedia.com/HkEQtny0bE4H3dMCd_woPsLAXBoPwp_DZ4ioFNIQLKk.jpg',
08-04 13:02:31.656  8104 10936 D OK      : request got status: 200
08-04 13:02:31.679  8104 10946 I NAPPA_EXPERIMENTATION: MetricNetworkRequestExecutionTime: REQUEST_DURATION_SYSTEM='1167',REQUEST_DURATION_OKHTTP='583',REQUEST_SYNCHRONOUS='TRUE',RESPONSE_CODE='200',RESPONSE_METHOD='GET',RESPONSE_LENGTH_OKHTTP='4798',RESPONSE_LENGTH_HEADER='4798',REQUEST_PROTOCOL='h2',REQUEST_URL='https://a.thumbs.redditmedia.com/KpcC72KH04Be3BqxmFbv_Gz7LCy-24GU-70or3KCdJ4.jpg',
08-04 13:02:31.679  8104 10946 D OK      : request got status: 200
08-04 13:02:31.699  8104  8116 I art     : Explicit concurrent mark sweep GC freed 2427(147KB) AllocSpace objects, 6(312KB) LOS objects, 33% free, 32MB/48MB, paused 2.116ms total 53.150ms
08-04 13:02:31.703  8104 10937 I NAPPA_EXPERIMENTATION: MetricNetworkRequestExecutionTime: REQUEST_DURATION_SYSTEM='1215',REQUEST_DURATION_OKHTTP='693',REQUEST_SYNCHRONOUS='TRUE',RESPONSE_CODE='200',RESPONSE_METHOD='GET',RESPONSE_LENGTH_OKHTTP='4018',RESPONSE_LENGTH_HEADER='4018',REQUEST_PROTOCOL='h2',REQUEST_URL='https://b.thumbs.redditmedia.com/lVNra-iScxkYcYtSstJ-7J7pRAUDRXIwwJhsen1ZK9g.jpg',
08-04 13:02:31.703  8104 10937 D OK      : request got status: 200
08-04 13:02:31.710  8104 10938 I NAPPA_EXPERIMENTATION: MetricNetworkRequestExecutionTime: REQUEST_DURATION_SYSTEM='1218',REQUEST_DURATION_OKHTTP='701',REQUEST_SYNCHRONOUS='TRUE',RESPONSE_CODE='200',RESPONSE_METHOD='GET',RESPONSE_LENGTH_OKHTTP='2700',RESPONSE_LENGTH_HEADER='2700',REQUEST_PROTOCOL='h2',REQUEST_URL='https://v.redd.it/fkewv2f65kd51/DASHPlaylist.mpd',
08-04 13:02:31.710  8104 10938 D OK      : request got status: 200
08-04 13:02:31.718  8104  8116 I art     : Starting a blocking GC Explicit
08-04 13:02:31.725  8104 10944 I NAPPA_EXPERIMENTATION: MetricNetworkRequestExecutionTime: REQUEST_DURATION_SYSTEM='1219',REQUEST_DURATION_OKHTTP='686',REQUEST_SYNCHRONOUS='TRUE',RESPONSE_CODE='200',RESPONSE_METHOD='GET',RESPONSE_LENGTH_OKHTTP='5207',RESPONSE_LENGTH_HEADER='5207',REQUEST_PROTOCOL='h2',REQUEST_URL='https://b.thumbs.redditmedia.com/Bx9FZp8_w10DfFUf_mqVPMfu4Y0h2lo41Dh4tl2eNeQ.jpg',
08-04 13:02:31.725  8104 10944 D OK      : request got status: 200
08-04 13:02:31.745  8104 10945 I NAPPA_EXPERIMENTATION: MetricNetworkRequestExecutionTime: REQUEST_DURATION_SYSTEM='1237',REQUEST_DURATION_OKHTTP='640',REQUEST_SYNCHRONOUS='TRUE',RESPONSE_CODE='200',RESPONSE_METHOD='GET',RESPONSE_LENGTH_OKHTTP='2429',RESPONSE_LENGTH_HEADER='2429',REQUEST_PROTOCOL='h2',REQUEST_URL='https://v.redd.it/h49fg58ygjd51/DASHPlaylist.mpd',
08-04 13:02:31.745  8104 10945 D OK      : request got status: 200
08-04 13:02:31.752  8104 10948 I NAPPA_EXPERIMENTATION: MetricNetworkRequestExecutionTime: REQUEST_DURATION_SYSTEM='1229',REQUEST_DURATION_OKHTTP='596',REQUEST_SYNCHRONOUS='TRUE',RESPONSE_CODE='200',RESPONSE_METHOD='GET',RESPONSE_LENGTH_OKHTTP='3058',RESPONSE_LENGTH_HEADER='3058',REQUEST_PROTOCOL='h2',REQUEST_URL='https://v.redd.it/1ewzkieg0jd51/DASHPlaylist.mpd',
08-04 13:02:31.752  8104 10948 D OK      : request got status: 200
08-04 13:02:31.753  8104 10935 I NAPPA_EXPERIMENTATION: MetricNetworkRequestExecutionTime: REQUEST_DURATION_SYSTEM='1266',REQUEST_DURATION_OKHTTP='691',REQUEST_SYNCHRONOUS='TRUE',RESPONSE_CODE='200',RESPONSE_METHOD='GET',RESPONSE_LENGTH_OKHTTP='7265',RESPONSE_LENGTH_HEADER='7265',REQUEST_PROTOCOL='h2',REQUEST_URL='https://b.thumbs.redditmedia.com/N6fiqTp8nJD2l7sUz4nij7j1yHYMTKaflUIrn8E2bAU.jpg',
08-04 13:02:31.753  8104 10935 D OK      : request got status: 200
08-04 13:02:31.758  8104 10941 I NAPPA_EXPERIMENTATION: MetricNetworkRequestExecutionTime: REQUEST_DURATION_SYSTEM='1258',REQUEST_DURATION_OKHTTP='646',REQUEST_SYNCHRONOUS='TRUE',RESPONSE_CODE='200',RESPONSE_METHOD='GET',RESPONSE_LENGTH_OKHTTP='7078',RESPONSE_LENGTH_HEADER='7078',REQUEST_PROTOCOL='h2',REQUEST_URL='https://b.thumbs.redditmedia.com/X3yyAViE0gxiHR-kf9Z5xmLa8dKsm8iWJyKdWNVtOhU.jpg',
08-04 13:02:31.758  8104 10941 D OK      : request got status: 200
08-04 13:02:31.767  8104 10933 I NAPPA_EXPERIMENTATION: MetricNetworkRequestExecutionTime: REQUEST_DURATION_SYSTEM='1290',REQUEST_DURATION_OKHTTP='704',REQUEST_SYNCHRONOUS='TRUE',RESPONSE_CODE='200',RESPONSE_METHOD='GET',RESPONSE_LENGTH_OKHTTP='-1',RESPONSE_LENGTH_HEADER='379',REQUEST_PROTOCOL='h2',REQUEST_URL='https://api.imgur.com/3/image/NSO7Npm',
08-04 13:02:31.767  8104 10933 D OK      : request got status: 200
08-04 13:02:31.769  8104  8116 I art     : Explicit concurrent mark sweep GC freed 1961(222KB) AllocSpace objects, 19(1432KB) LOS objects, 32% free, 33MB/49MB, paused 2.072ms total 50.685ms
08-04 13:02:31.787  8104  8116 I art     : Starting a blocking GC Explicit
08-04 13:02:31.792  8104 10942 I NAPPA_EXPERIMENTATION: MetricNetworkRequestExecutionTime: REQUEST_DURATION_SYSTEM='1289',REQUEST_DURATION_OKHTTP='631',REQUEST_SYNCHRONOUS='TRUE',RESPONSE_CODE='200',RESPONSE_METHOD='GET',RESPONSE_LENGTH_OKHTTP='1713',RESPONSE_LENGTH_HEADER='1713',REQUEST_PROTOCOL='h2',REQUEST_URL='https://v.redd.it/ak6rer1hskd51/DASHPlaylist.mpd',
08-04 13:02:31.792  8104 10942 D OK      : request got status: 200
08-04 13:02:31.795  8104 10949 I NAPPA_EXPERIMENTATION: MetricNetworkRequestExecutionTime: REQUEST_DURATION_SYSTEM='1267',REQUEST_DURATION_OKHTTP='636',REQUEST_SYNCHRONOUS='TRUE',RESPONSE_CODE='200',RESPONSE_METHOD='GET',RESPONSE_LENGTH_OKHTTP='5229',RESPONSE_LENGTH_HEADER='5229',REQUEST_PROTOCOL='h2',REQUEST_URL='https://b.thumbs.redditmedia.com/RrJbRRjFZWmckrONtkPTloJh52FfqD_XkLMuYuuQvAg.jpg',
08-04 13:02:31.795  8104 10949 D OK      : request got status: 200
08-04 13:02:31.801  8104 10955 I NAPPA_EXPERIMENTATION: MetricNetworkRequestExecutionTime: REQUEST_DURATION_SYSTEM='1260',REQUEST_DURATION_OKHTTP='563',REQUEST_SYNCHRONOUS='TRUE',RESPONSE_CODE='200',RESPONSE_METHOD='GET',RESPONSE_LENGTH_OKHTTP='3060',RESPONSE_LENGTH_HEADER='3060',REQUEST_PROTOCOL='h2',REQUEST_URL='https://v.redd.it/b8vazlcb7ld51/DASHPlaylist.mpd',
08-04 13:02:31.801  8104 10955 D OK      : request got status: 200
08-04 13:02:31.814  8104 10938 I RedditVideosAPI: For 'https://v.redd.it/fkewv2f65kd51/DASHPlaylist.mpd', got video stream 'https://v.redd.it/fkewv2f65kd51/DASH_480' and audio stream 'https://v.redd.it/fkewv2f65kd51/audio'
08-04 13:02:31.816  8104 10940 I NAPPA_EXPERIMENTATION: MetricNetworkRequestExecutionTime: REQUEST_DURATION_SYSTEM='1309',REQUEST_DURATION_OKHTTP='696',REQUEST_SYNCHRONOUS='TRUE',RESPONSE_CODE='200',RESPONSE_METHOD='GET',RESPONSE_LENGTH_OKHTTP='6093',RESPONSE_LENGTH_HEADER='6093',REQUEST_PROTOCOL='h2',REQUEST_URL='https://b.thumbs.redditmedia.com/lQKqDneXS8E7ZBD9cUQy4OqOt8PuTneSvVFtnU0pwCE.jpg',
08-04 13:02:31.816  8104 10940 D OK      : request got status: 200
08-04 13:02:31.823  8104 10945 I RedditVideosAPI: For 'https://v.redd.it/h49fg58ygjd51/DASHPlaylist.mpd', got video stream 'https://v.redd.it/h49fg58ygjd51/DASH_480' and audio stream 'null'
08-04 13:02:31.823  8104 10951 I NAPPA_EXPERIMENTATION: MetricNetworkRequestExecutionTime: REQUEST_DURATION_SYSTEM='1292',REQUEST_DURATION_OKHTTP='656',REQUEST_SYNCHRONOUS='TRUE',RESPONSE_CODE='200',RESPONSE_METHOD='GET',RESPONSE_LENGTH_OKHTTP='2787',RESPONSE_LENGTH_HEADER='2787',REQUEST_PROTOCOL='h2',REQUEST_URL='https://v.redd.it/ppmhu2r9thd51/DASHPlaylist.mpd',
08-04 13:02:31.823  8104 10951 D OK      : request got status: 200
08-04 13:02:31.838  8104  8116 I art     : Explicit concurrent mark sweep GC freed 2085(247KB) AllocSpace objects, 13(836KB) LOS objects, 32% free, 33MB/49MB, paused 1.585ms total 50.229ms
08-04 13:02:31.848  8104 10948 I RedditVideosAPI: For 'https://v.redd.it/1ewzkieg0jd51/DASHPlaylist.mpd', got video stream 'https://v.redd.it/1ewzkieg0jd51/DASH_480' and audio stream 'https://v.redd.it/1ewzkieg0jd51/audio'
08-04 13:02:31.849  8104 10950 I NAPPA_EXPERIMENTATION: MetricNetworkRequestExecutionTime: REQUEST_DURATION_SYSTEM='1318',REQUEST_DURATION_OKHTTP='683',REQUEST_SYNCHRONOUS='TRUE',RESPONSE_CODE='200',RESPONSE_METHOD='GET',RESPONSE_LENGTH_OKHTTP='6163',RESPONSE_LENGTH_HEADER='6163',REQUEST_PROTOCOL='h2',REQUEST_URL='https://b.thumbs.redditmedia.com/chqK3f9u3D7UmfrGP85f4sOQFihMk6q7fFSeMyWs_7E.jpg',
08-04 13:02:31.850  8104 10950 D OK      : request got status: 200
08-04 13:02:31.867  8104 10956 I NAPPA_EXPERIMENTATION: MetricNetworkRequestExecutionTime: REQUEST_DURATION_SYSTEM='1315',REQUEST_DURATION_OKHTTP='617',REQUEST_SYNCHRONOUS='TRUE',RESPONSE_CODE='200',RESPONSE_METHOD='GET',RESPONSE_LENGTH_OKHTTP='4067',RESPONSE_LENGTH_HEADER='4067',REQUEST_PROTOCOL='h2',REQUEST_URL='https://b.thumbs.redditmedia.com/XNb1kfskabGDLMqv661Q22hBtCb8w5oyePDcFaZi9aY.jpg',
08-04 13:02:31.867  8104 10956 D OK      : request got status: 200
08-04 13:02:31.870  8104 10960 I NAPPA_EXPERIMENTATION: MetricNetworkRequestExecutionTime: REQUEST_DURATION_SYSTEM='1309',REQUEST_DURATION_OKHTTP='538',REQUEST_SYNCHRONOUS='TRUE',RESPONSE_CODE='200',RESPONSE_METHOD='GET',RESPONSE_LENGTH_OKHTTP='2342',RESPONSE_LENGTH_HEADER='2342',REQUEST_PROTOCOL='h2',REQUEST_URL='https://v.redd.it/ar5k8892pid51/DASHPlaylist.mpd',
08-04 13:02:31.870  8104 10960 D OK      : request got status: 200
08-04 13:02:31.871  8104 10957 I NAPPA_EXPERIMENTATION: MetricNetworkRequestExecutionTime: REQUEST_DURATION_SYSTEM='1316',REQUEST_DURATION_OKHTTP='568',REQUEST_SYNCHRONOUS='TRUE',RESPONSE_CODE='200',RESPONSE_METHOD='GET',RESPONSE_LENGTH_OKHTTP='4249',RESPONSE_LENGTH_HEADER='4249',REQUEST_PROTOCOL='h2',REQUEST_URL='https://b.thumbs.redditmedia.com/lMqJbh1Z40ffemA0TnSfVnovznn4hvJNue60AsJ-ETs.jpg',
08-04 13:02:31.871  8104 10957 D OK      : request got status: 200
08-04 13:02:31.883  8104 10954 I NAPPA_EXPERIMENTATION: MetricNetworkRequestExecutionTime: REQUEST_DURATION_SYSTEM='1344',REQUEST_DURATION_OKHTTP='550',REQUEST_SYNCHRONOUS='TRUE',RESPONSE_CODE='200',RESPONSE_METHOD='GET',RESPONSE_LENGTH_OKHTTP='2698',RESPONSE_LENGTH_HEADER='2698',REQUEST_PROTOCOL='h2',REQUEST_URL='https://v.redd.it/s9qqadf3mid51/DASHPlaylist.mpd',
08-04 13:02:31.883  8104 10954 D OK      : request got status: 200
08-04 13:02:31.887  8104 10952 I NAPPA_EXPERIMENTATION: MetricNetworkRequestExecutionTime: REQUEST_DURATION_SYSTEM='1353',REQUEST_DURATION_OKHTTP='626',REQUEST_SYNCHRONOUS='TRUE',RESPONSE_CODE='200',RESPONSE_METHOD='GET',RESPONSE_LENGTH_OKHTTP='8835',RESPONSE_LENGTH_HEADER='8835',REQUEST_PROTOCOL='h2',REQUEST_URL='https://b.thumbs.redditmedia.com/B18Vu5Jw71XCkFOFHimnUC42ya8apHsmcCW-HFmtb6w.jpg',
08-04 13:02:31.887  8104 10958 I NAPPA_EXPERIMENTATION: MetricNetworkRequestExecutionTime: REQUEST_DURATION_SYSTEM='1331',REQUEST_DURATION_OKHTTP='548',REQUEST_SYNCHRONOUS='TRUE',RESPONSE_CODE='200',RESPONSE_METHOD='GET',RESPONSE_LENGTH_OKHTTP='2071',RESPONSE_LENGTH_HEADER='2071',REQUEST_PROTOCOL='h2',REQUEST_URL='https://v.redd.it/ty24o02m1hd51/DASHPlaylist.mpd',
08-04 13:02:31.887  8104 10958 D OK      : request got status: 200
08-04 13:02:31.887  8104 10952 D OK      : request got status: 200
08-04 13:02:31.910  8104 10959 I NAPPA_EXPERIMENTATION: MetricNetworkRequestExecutionTime: REQUEST_DURATION_SYSTEM='1350',REQUEST_DURATION_OKHTTP='588',REQUEST_SYNCHRONOUS='TRUE',RESPONSE_CODE='200',RESPONSE_METHOD='GET',RESPONSE_LENGTH_OKHTTP='6843',RESPONSE_LENGTH_HEADER='6843',REQUEST_PROTOCOL='h2',REQUEST_URL='https://b.thumbs.redditmedia.com/x5l4cICw0WNNvslt5FqVjwj89XrGjrXnNbaSyQRAyCo.jpg',
08-04 13:02:31.910  8104 10959 D OK      : request got status: 200
08-04 13:02:31.911  8104 10943 I NAPPA_EXPERIMENTATION: MetricNetworkRequestExecutionTime: REQUEST_DURATION_SYSTEM='1406',REQUEST_DURATION_OKHTTP='647',REQUEST_SYNCHRONOUS='TRUE',RESPONSE_CODE='200',RESPONSE_METHOD='GET',RESPONSE_LENGTH_OKHTTP='-1',RESPONSE_LENGTH_HEADER='1021',REQUEST_PROTOCOL='http/1.1',REQUEST_URL='https://api.gfycat.com/v1/gfycats/foolhardysparklinglarva',
08-04 13:02:31.911  8104 10943 D OK      : request got status: 200
08-04 13:02:31.916  8104 10939 I NAPPA_EXPERIMENTATION: MetricNetworkRequestExecutionTime: REQUEST_DURATION_SYSTEM='1419',REQUEST_DURATION_OKHTTP='567',REQUEST_SYNCHRONOUS='TRUE',RESPONSE_CODE='200',RESPONSE_METHOD='GET',RESPONSE_LENGTH_OKHTTP='-1',RESPONSE_LENGTH_HEADER='955',REQUEST_PROTOCOL='http/1.1',REQUEST_URL='https://api.gfycat.com/v1/gfycats/altruisticthankfulankolewatusi',
08-04 13:02:31.916  8104 10939 D OK      : request got status: 200
08-04 13:02:31.919  8104 10953 I NAPPA_EXPERIMENTATION: MetricNetworkRequestExecutionTime: REQUEST_DURATION_SYSTEM='1382',REQUEST_DURATION_OKHTTP='612',REQUEST_SYNCHRONOUS='TRUE',RESPONSE_CODE='200',RESPONSE_METHOD='GET',RESPONSE_LENGTH_OKHTTP='2861',RESPONSE_LENGTH_HEADER='2861',REQUEST_PROTOCOL='h2',REQUEST_URL='https://b.thumbs.redditmedia.com/iZuzjufMpYUYtQRLjRwce4RDb6JYsId95_iezR2Uc0w.jpg',
08-04 13:02:31.919  8104 10953 D OK      : request got status: 200
08-04 13:02:31.930  8104 11023 I NAPPA_EXPERIMENTATION: MetricNetworkRequestExecutionTime: REQUEST_DURATION_SYSTEM='479',REQUEST_DURATION_OKHTTP='476',REQUEST_SYNCHRONOUS='TRUE',RESPONSE_CODE='200',RESPONSE_METHOD='GET',RESPONSE_LENGTH_OKHTTP='-1',RESPONSE_LENGTH_HEADER='30610',REQUEST_PROTOCOL='h2',REQUEST_URL='https://oauth.reddit.com/r/aww/hot/.json?after=t3_hz5odc',
08-04 13:02:31.930  8104 11023 D OK      : request got status: 200
08-04 13:02:31.934  8104 10942 I RedditVideosAPI: For 'https://v.redd.it/ak6rer1hskd51/DASHPlaylist.mpd', got video stream 'https://v.redd.it/ak6rer1hskd51/DASH_360' and audio stream 'null'
08-04 13:02:31.936  8104  8669 I PostListingFragment: Precaching images: OFF
08-04 13:02:31.936  8104  8669 I PostListingFragment: Precaching comments: OFF
08-04 13:02:31.953  8104 10964 I NAPPA_EXPERIMENTATION: MetricNetworkRequestExecutionTime: REQUEST_DURATION_SYSTEM='1372',REQUEST_DURATION_OKHTTP='629',REQUEST_SYNCHRONOUS='TRUE',RESPONSE_CODE='200',RESPONSE_METHOD='GET',RESPONSE_LENGTH_OKHTTP='6221',RESPONSE_LENGTH_HEADER='6221',REQUEST_PROTOCOL='h2',REQUEST_URL='https://b.thumbs.redditmedia.com/d_-UsfmKASoIHi4vZyyjvvwFtm1S7-DEi9AQPOnGIgY.jpg',
08-04 13:02:31.953  8104 10964 D OK      : request got status: 200
08-04 13:02:31.958  8104 10961 I NAPPA_EXPERIMENTATION: MetricNetworkRequestExecutionTime: REQUEST_DURATION_SYSTEM='1394',REQUEST_DURATION_OKHTTP='621',REQUEST_SYNCHRONOUS='TRUE',RESPONSE_CODE='200',RESPONSE_METHOD='GET',RESPONSE_LENGTH_OKHTTP='6778',RESPONSE_LENGTH_HEADER='6778',REQUEST_PROTOCOL='h2',REQUEST_URL='https://b.thumbs.redditmedia.com/189nmwjW7eGWBD0J-cxzsUac1V1ZWGzMFC66inY4u4Y.jpg',
08-04 13:02:31.959  8104 10961 D OK      : request got status: 200
08-04 13:02:31.960  8104 10928 I NAPPA_EXPERIMENTATION: MetricNetworkRequestExecutionTime: REQUEST_DURATION_SYSTEM='1506',REQUEST_DURATION_OKHTTP='289',REQUEST_SYNCHRONOUS='TRUE',RESPONSE_CODE='200',RESPONSE_METHOD='GET',RESPONSE_LENGTH_OKHTTP='-1',RESPONSE_LENGTH_HEADER='812',REQUEST_PROTOCOL='http/1.1',REQUEST_URL='https://api.gfycat.com/v1/gfycats/deadlygravecavy',
08-04 13:02:31.960  8104 10928 D OK      : request got status: 200
08-04 13:02:32.020  8104  8669 I getImgurImageInfo: Image nLQR2hT: trying API v3 with auth
08-04 13:02:32.025  8104 10955 I RedditVideosAPI: For 'https://v.redd.it/b8vazlcb7ld51/DASHPlaylist.mpd', got video stream 'https://v.redd.it/b8vazlcb7ld51/DASH_480' and audio stream 'https://v.redd.it/b8vazlcb7ld51/audio'
08-04 13:02:32.053  8104 10951 I RedditVideosAPI: For 'https://v.redd.it/ppmhu2r9thd51/DASHPlaylist.mpd', got video stream 'https://v.redd.it/ppmhu2r9thd51/DASH_480' and audio stream 'null'
08-04 13:02:32.071  8104 11036 D OK      : calling: https://b.thumbs.redditmedia.com/WehZGjN94ALGdO0M7RjPJ2EwcyyWVZ_NUn1Fuf7IYWY.jpg
08-04 13:02:32.120  8104 10960 I RedditVideosAPI: For 'https://v.redd.it/ar5k8892pid51/DASHPlaylist.mpd', got video stream 'https://v.redd.it/ar5k8892pid51/DASH_360' and audio stream 'https://v.redd.it/ar5k8892pid51/audio'
08-04 13:02:32.132 13866 13882 I PeriodicStatsRunner: PeriodicStatsRunner.call():175 call()
08-04 13:02:32.132 13866 13882 I PeriodicStatsRunner: PeriodicStatsRunner.call():179 No submit PeriodicStats since input started.
08-04 13:02:32.134  8104 10954 I RedditVideosAPI: For 'https://v.redd.it/s9qqadf3mid51/DASHPlaylist.mpd', got video stream 'https://v.redd.it/s9qqadf3mid51/DASH_480' and audio stream 'https://v.redd.it/s9qqadf3mid51/audio'
08-04 13:02:32.162  8104  8117 I art     : Starting a blocking GC Explicit
08-04 13:02:32.167  8104 10958 I RedditVideosAPI: For 'https://v.redd.it/ty24o02m1hd51/DASHPlaylist.mpd', got video stream 'https://v.redd.it/ty24o02m1hd51/DASH_480' and audio stream 'null'
08-04 13:02:32.202  8104 11039 D OK      : calling: https://b.thumbs.redditmedia.com/Xdo4lcQOwuUNK1yxSlXZ0OI8u23ORAr16_AzfAZ1nvU.jpg
08-04 13:02:32.230  8104  8117 I art     : Explicit concurrent mark sweep GC freed 29282(2MB) AllocSpace objects, 75(4MB) LOS objects, 30% free, 36MB/52MB, paused 848us total 67.777ms
08-04 13:02:32.251  8104 11040 D OK      : calling: https://b.thumbs.redditmedia.com/2KMYZ5hTlKXSvNO4hDUPyMba8Yz6skyu1SjUhLq1d9s.jpg
08-04 13:02:32.252  8104  8117 I art     : Starting a blocking GC Explicit
08-04 13:02:32.255  8104 11041 D OK      : calling: https://a.thumbs.redditmedia.com/EFVm-ZqqhARyEaKgtwU74c7tfzEDJvI0uiHXGglFag4.jpg
08-04 13:02:32.258  8104 11042 D OK      : calling: https://b.thumbs.redditmedia.com/qi4bNDKzoPvaSaSx99K2bAjwaRHh1nuOrcbySp1JHdk.jpg
08-04 13:02:32.262  8104 11043 D OK      : calling: https://b.thumbs.redditmedia.com/Ja8yiRMklM2lXd8q60LtBI6CqdmJ5YbWHRiBVFmICJA.jpg
08-04 13:02:32.264  8104 11044 D OK      : calling: https://b.thumbs.redditmedia.com/o5lSsJ_tCgCQxcdjMGaYxuveNluXB1PQT4PokXDhpvc.jpg
08-04 13:02:32.266  8104 11045 D OK      : calling: https://b.thumbs.redditmedia.com/SiCWTmKkQcbiAa7naxAHnw0adTeRkq1dB8QSqzGU7-Q.jpg
08-04 13:02:32.269  8104 11046 D OK      : calling: https://b.thumbs.redditmedia.com/C9qrVibnNxmzfLDKvEHp2v2Bo-Kqme7PoKC52s2o52M.jpg
08-04 13:02:32.271  8104 11047 D OK      : calling: https://a.thumbs.redditmedia.com/Tfsm0ol-ltlxNSBAkZ_4G4302d0hYeOSODkvXidBBR8.jpg
08-04 13:02:32.273  8104 11048 D OK      : calling: https://a.thumbs.redditmedia.com/Kzag-wH9wKRRg2MnPwgoFgXT_2jN_nkJ1lY1aNRQyT4.jpg
08-04 13:02:32.275  8104 11049 D OK      : calling: https://a.thumbs.redditmedia.com/P4gSGpXpi2wDXthNZ-LiwEs5Jvplm6dQ7W7Isqa7un4.jpg
08-04 13:02:32.278  8104 11050 D OK      : calling: https://b.thumbs.redditmedia.com/XkIhgqugP-9Zcb5I9A8o0r-zQJDh_6kastc0oWiiHkI.jpg
08-04 13:02:32.281  8104 11051 D OK      : calling: https://b.thumbs.redditmedia.com/3QPAtixkID9ojpqCAgfspJpruqoq45fM1G-Fx1K2F2A.jpg
08-04 13:02:32.283  8104 11052 D OK      : calling: https://b.thumbs.redditmedia.com/orK4W8Xc99pTzIT6q1waTsppldq24p1qMsHtkNnmu9w.jpg
08-04 13:02:32.285  8104 11053 D OK      : calling: https://b.thumbs.redditmedia.com/B1vXKY_-gTPbs625-RJ1MLIXxzCqfmnCB_0xnGjCECQ.jpg
08-04 13:02:32.287  8104 11054 D OK      : calling: https://a.thumbs.redditmedia.com/ffAKmOqnTuDMNR9MRfCdRtkq_CzN3MVhZxS64ZPYRh4.jpg
08-04 13:02:32.290  8104 11055 D OK      : calling: https://b.thumbs.redditmedia.com/OF1KI_LdSDMMWCy-WgJyRhIcM5fr7kDyu_OnpfRXHfI.jpg
08-04 13:02:32.293  8104 11056 D OK      : calling: https://b.thumbs.redditmedia.com/vuAhA4gGAmYfrTFA4woxZcKgmiDzJ3nAsql2pxcYGFs.jpg
08-04 13:02:32.296  8104 11057 D OK      : calling: https://b.thumbs.redditmedia.com/PtV7mFsO2n0j4YJweZjEqyVJ45hap4hXix9dwj6D0Wg.jpg
08-04 13:02:32.301  8104 11058 D OK      : calling: https://b.thumbs.redditmedia.com/wxTBcOhAgsmbc-TRaGNHpYJYnEOBr2LNsaZ6pCM91Lc.jpg
08-04 13:02:32.303  8104 11059 D OK      : calling: https://b.thumbs.redditmedia.com/Wo7bFIVNZYYuNioRYwZFYxrl6QMk0lT-3W01wrXgHmE.jpg
08-04 13:02:32.303  8104  8117 I art     : Explicit concurrent mark sweep GC freed 26092(1364KB) AllocSpace objects, 17(988KB) LOS objects, 31% free, 35MB/51MB, paused 1.938ms total 51.588ms
08-04 13:02:32.305  8104 11060 D OK      : calling: https://b.thumbs.redditmedia.com/NoqMycYTzsyhI0Lq351riEI1mO9p8PvY1QwcZ9Irb9g.jpg
08-04 13:02:32.308  8104 11061 D OK      : calling: https://b.thumbs.redditmedia.com/KrRufqpifph7KM2Le5RdqEYQb24zbB4fizBJpFaH1Pc.jpg
08-04 13:02:32.310  8104 11062 D OK      : calling: https://b.thumbs.redditmedia.com/u2qz17QE3X5G7kkJrgK3HPCdxNQxNkhaWqfIhCuRMvE.jpg
08-04 13:02:32.312  8104 11063 D OK      : calling: https://v.redd.it/syww111dtjd51/DASHPlaylist.mpd
08-04 13:02:32.315  8104 11036 I NAPPA_EXPERIMENTATION: MetricNetworkRequestExecutionTime: REQUEST_DURATION_SYSTEM='244',REQUEST_DURATION_OKHTTP='150',REQUEST_SYNCHRONOUS='TRUE',RESPONSE_CODE='200',RESPONSE_METHOD='GET',RESPONSE_LENGTH_OKHTTP='5435',RESPONSE_LENGTH_HEADER='5435',REQUEST_PROTOCOL='h2',REQUEST_URL='https://b.thumbs.redditmedia.com/WehZGjN94ALGdO0M7RjPJ2EwcyyWVZ_NUn1Fuf7IYWY.jpg',
08-04 13:02:32.315  8104 11064 D OK      : calling: https://v.redd.it/pbqrrfb3tkd51/DASHPlaylist.mpd
08-04 13:02:32.315  8104 11036 D OK      : request got status: 200
08-04 13:02:32.318  8104 11065 D OK      : calling: https://v.redd.it/rrygsb8i4ld51/DASHPlaylist.mpd
08-04 13:02:32.321  8104 11066 D OK      : calling: https://v.redd.it/5x6zzipz8ld51/DASHPlaylist.mpd
08-04 13:02:32.325  8104 11067 D OK      : calling: https://v.redd.it/75en73fm5id51/DASHPlaylist.mpd
08-04 13:02:32.325  8104  8117 I art     : Starting a blocking GC Explicit
08-04 13:02:32.327  8104 11068 D OK      : calling: https://api.imgur.com/3/image/nLQR2hT
08-04 13:02:32.330  8104 11069 D OK      : calling: https://v.redd.it/ggz4fyth6hd51/DASHPlaylist.mpd
08-04 13:02:32.334  8104 11070 D OK      : calling: https://v.redd.it/psrknoobrgd51/DASHPlaylist.mpd
08-04 13:02:32.337  8104 11071 D OK      : calling: https://v.redd.it/jk6cwef4wld51/DASHPlaylist.mpd
08-04 13:02:32.341  8104 11072 D OK      : calling: https://v.redd.it/t81s8zfz9ld51/DASHPlaylist.mpd
08-04 13:02:32.345  8104 11073 D OK      : calling: https://v.redd.it/xd6c4yyutgd51/DASHPlaylist.mpd
08-04 13:02:32.355  8104 11074 D OK      : calling: https://v.redd.it/ue0jdgk9zhd51/DASHPlaylist.mpd
08-04 13:02:32.378  8104  8117 I art     : Explicit concurrent mark sweep GC freed 3642(227KB) AllocSpace objects, 5(388KB) LOS objects, 31% free, 35MB/51MB, paused 2.473ms total 52.686ms
08-04 13:02:32.396  8104  8117 I art     : Starting a blocking GC Explicit
08-04 13:02:32.423  8104 11039 I NAPPA_EXPERIMENTATION: MetricNetworkRequestExecutionTime: REQUEST_DURATION_SYSTEM='221',REQUEST_DURATION_OKHTTP='220',REQUEST_SYNCHRONOUS='TRUE',RESPONSE_CODE='200',RESPONSE_METHOD='GET',RESPONSE_LENGTH_OKHTTP='5191',RESPONSE_LENGTH_HEADER='5191',REQUEST_PROTOCOL='h2',REQUEST_URL='https://b.thumbs.redditmedia.com/Xdo4lcQOwuUNK1yxSlXZ0OI8u23ORAr16_AzfAZ1nvU.jpg',
08-04 13:02:32.423  8104 11039 D OK      : request got status: 200
08-04 13:02:32.453  8104  8117 I art     : Explicit concurrent mark sweep GC freed 755(41KB) AllocSpace objects, 1(68KB) LOS objects, 31% free, 35MB/51MB, paused 2.538ms total 57.011ms
08-04 13:02:32.460  8104 11040 I NAPPA_EXPERIMENTATION: MetricNetworkRequestExecutionTime: REQUEST_DURATION_SYSTEM='209',REQUEST_DURATION_OKHTTP='208',REQUEST_SYNCHRONOUS='TRUE',RESPONSE_CODE='200',RESPONSE_METHOD='GET',RESPONSE_LENGTH_OKHTTP='5098',RESPONSE_LENGTH_HEADER='5098',REQUEST_PROTOCOL='h2',REQUEST_URL='https://b.thumbs.redditmedia.com/2KMYZ5hTlKXSvNO4hDUPyMba8Yz6skyu1SjUhLq1d9s.jpg',
08-04 13:02:32.461  8104 11040 D OK      : request got status: 200
08-04 13:02:32.473  8104  8117 I art     : Starting a blocking GC Explicit
08-04 13:02:32.533  8104  8117 I art     : Explicit concurrent mark sweep GC freed 420(30KB) AllocSpace objects, 0(0B) LOS objects, 30% free, 35MB/51MB, paused 2.471ms total 59.544ms
08-04 13:02:32.536  8104 11042 I NAPPA_EXPERIMENTATION: MetricNetworkRequestExecutionTime: REQUEST_DURATION_SYSTEM='278',REQUEST_DURATION_OKHTTP='276',REQUEST_SYNCHRONOUS='TRUE',RESPONSE_CODE='200',RESPONSE_METHOD='GET',RESPONSE_LENGTH_OKHTTP='4475',RESPONSE_LENGTH_HEADER='4475',REQUEST_PROTOCOL='h2',REQUEST_URL='https://b.thumbs.redditmedia.com/qi4bNDKzoPvaSaSx99K2bAjwaRHh1nuOrcbySp1JHdk.jpg',
08-04 13:02:32.536  8104 11042 D OK      : request got status: 200
08-04 13:02:32.565  8104 11043 I NAPPA_EXPERIMENTATION: MetricNetworkRequestExecutionTime: REQUEST_DURATION_SYSTEM='303',REQUEST_DURATION_OKHTTP='303',REQUEST_SYNCHRONOUS='TRUE',RESPONSE_CODE='200',RESPONSE_METHOD='GET',RESPONSE_LENGTH_OKHTTP='5414',RESPONSE_LENGTH_HEADER='5414',REQUEST_PROTOCOL='h2',REQUEST_URL='https://b.thumbs.redditmedia.com/Ja8yiRMklM2lXd8q60LtBI6CqdmJ5YbWHRiBVFmICJA.jpg',
08-04 13:02:32.565  8104 11043 D OK      : request got status: 200
08-04 13:02:32.631  8104 11046 I NAPPA_EXPERIMENTATION: MetricNetworkRequestExecutionTime: REQUEST_DURATION_SYSTEM='362',REQUEST_DURATION_OKHTTP='362',REQUEST_SYNCHRONOUS='TRUE',RESPONSE_CODE='200',RESPONSE_METHOD='GET',RESPONSE_LENGTH_OKHTTP='5378',RESPONSE_LENGTH_HEADER='5378',REQUEST_PROTOCOL='h2',REQUEST_URL='https://b.thumbs.redditmedia.com/C9qrVibnNxmzfLDKvEHp2v2Bo-Kqme7PoKC52s2o52M.jpg',
08-04 13:02:32.632  8104 11046 D OK      : request got status: 200
08-04 13:02:32.650  8104 11050 I NAPPA_EXPERIMENTATION: MetricNetworkRequestExecutionTime: REQUEST_DURATION_SYSTEM='372',REQUEST_DURATION_OKHTTP='371',REQUEST_SYNCHRONOUS='TRUE',RESPONSE_CODE='200',RESPONSE_METHOD='GET',RESPONSE_LENGTH_OKHTTP='4080',RESPONSE_LENGTH_HEADER='4080',REQUEST_PROTOCOL='h2',REQUEST_URL='https://b.thumbs.redditmedia.com/XkIhgqugP-9Zcb5I9A8o0r-zQJDh_6kastc0oWiiHkI.jpg',
08-04 13:02:32.650  8104 11050 D OK      : request got status: 200
08-04 13:02:32.664  8104 11044 I NAPPA_EXPERIMENTATION: MetricNetworkRequestExecutionTime: REQUEST_DURATION_SYSTEM='400',REQUEST_DURATION_OKHTTP='398',REQUEST_SYNCHRONOUS='TRUE',RESPONSE_CODE='200',RESPONSE_METHOD='GET',RESPONSE_LENGTH_OKHTTP='4921',RESPONSE_LENGTH_HEADER='4921',REQUEST_PROTOCOL='h2',REQUEST_URL='https://b.thumbs.redditmedia.com/o5lSsJ_tCgCQxcdjMGaYxuveNluXB1PQT4PokXDhpvc.jpg',
08-04 13:02:32.664  8104 11044 D OK      : request got status: 200
08-04 13:02:32.672  8104 11051 I NAPPA_EXPERIMENTATION: MetricNetworkRequestExecutionTime: REQUEST_DURATION_SYSTEM='391',REQUEST_DURATION_OKHTTP='390',REQUEST_SYNCHRONOUS='TRUE',RESPONSE_CODE='200',RESPONSE_METHOD='GET',RESPONSE_LENGTH_OKHTTP='3183',RESPONSE_LENGTH_HEADER='3183',REQUEST_PROTOCOL='h2',REQUEST_URL='https://b.thumbs.redditmedia.com/3QPAtixkID9ojpqCAgfspJpruqoq45fM1G-Fx1K2F2A.jpg',
08-04 13:02:32.672  8104 11051 D OK      : request got status: 200
08-04 13:02:32.676  8104 11045 I NAPPA_EXPERIMENTATION: MetricNetworkRequestExecutionTime: REQUEST_DURATION_SYSTEM='409',REQUEST_DURATION_OKHTTP='409',REQUEST_SYNCHRONOUS='TRUE',RESPONSE_CODE='200',RESPONSE_METHOD='GET',RESPONSE_LENGTH_OKHTTP='5968',RESPONSE_LENGTH_HEADER='5968',REQUEST_PROTOCOL='h2',REQUEST_URL='https://b.thumbs.redditmedia.com/SiCWTmKkQcbiAa7naxAHnw0adTeRkq1dB8QSqzGU7-Q.jpg',
08-04 13:02:32.677  8104 11045 D OK      : request got status: 200
08-04 13:02:32.737  8104 11053 I NAPPA_EXPERIMENTATION: MetricNetworkRequestExecutionTime: REQUEST_DURATION_SYSTEM='451',REQUEST_DURATION_OKHTTP='450',REQUEST_SYNCHRONOUS='TRUE',RESPONSE_CODE='200',RESPONSE_METHOD='GET',RESPONSE_LENGTH_OKHTTP='3864',RESPONSE_LENGTH_HEADER='3864',REQUEST_PROTOCOL='h2',REQUEST_URL='https://b.thumbs.redditmedia.com/B1vXKY_-gTPbs625-RJ1MLIXxzCqfmnCB_0xnGjCECQ.jpg',
08-04 13:02:32.737  8104 11053 D OK      : request got status: 200
08-04 13:02:32.786  8104 11052 I NAPPA_EXPERIMENTATION: MetricNetworkRequestExecutionTime: REQUEST_DURATION_SYSTEM='503',REQUEST_DURATION_OKHTTP='502',REQUEST_SYNCHRONOUS='TRUE',RESPONSE_CODE='200',RESPONSE_METHOD='GET',RESPONSE_LENGTH_OKHTTP='6654',RESPONSE_LENGTH_HEADER='6654',REQUEST_PROTOCOL='h2',REQUEST_URL='https://b.thumbs.redditmedia.com/orK4W8Xc99pTzIT6q1waTsppldq24p1qMsHtkNnmu9w.jpg',
08-04 13:02:32.787  8104 11052 D OK      : request got status: 200
08-04 13:02:32.811  8104 11055 I NAPPA_EXPERIMENTATION: MetricNetworkRequestExecutionTime: REQUEST_DURATION_SYSTEM='521',REQUEST_DURATION_OKHTTP='519',REQUEST_SYNCHRONOUS='TRUE',RESPONSE_CODE='200',RESPONSE_METHOD='GET',RESPONSE_LENGTH_OKHTTP='5125',RESPONSE_LENGTH_HEADER='5125',REQUEST_PROTOCOL='h2',REQUEST_URL='https://b.thumbs.redditmedia.com/OF1KI_LdSDMMWCy-WgJyRhIcM5fr7kDyu_OnpfRXHfI.jpg',
08-04 13:02:32.811  8104 11055 D OK      : request got status: 200
08-04 13:02:32.825  8104 11056 I NAPPA_EXPERIMENTATION: MetricNetworkRequestExecutionTime: REQUEST_DURATION_SYSTEM='531',REQUEST_DURATION_OKHTTP='530',REQUEST_SYNCHRONOUS='TRUE',RESPONSE_CODE='200',RESPONSE_METHOD='GET',RESPONSE_LENGTH_OKHTTP='6723',RESPONSE_LENGTH_HEADER='6723',REQUEST_PROTOCOL='h2',REQUEST_URL='https://b.thumbs.redditmedia.com/vuAhA4gGAmYfrTFA4woxZcKgmiDzJ3nAsql2pxcYGFs.jpg',
08-04 13:02:32.825  8104 11056 D OK      : request got status: 200
08-04 13:02:32.863  8104 11057 I NAPPA_EXPERIMENTATION: MetricNetworkRequestExecutionTime: REQUEST_DURATION_SYSTEM='567',REQUEST_DURATION_OKHTTP='563',REQUEST_SYNCHRONOUS='TRUE',RESPONSE_CODE='200',RESPONSE_METHOD='GET',RESPONSE_LENGTH_OKHTTP='5329',RESPONSE_LENGTH_HEADER='5329',REQUEST_PROTOCOL='h2',REQUEST_URL='https://b.thumbs.redditmedia.com/PtV7mFsO2n0j4YJweZjEqyVJ45hap4hXix9dwj6D0Wg.jpg',
08-04 13:02:32.863  8104 11057 D OK      : request got status: 200
08-04 13:02:32.879  8104  8397 I art     : Starting a blocking GC Explicit
08-04 13:02:32.939  8104  8397 I art     : Explicit concurrent mark sweep GC freed 15708(1174KB) AllocSpace objects, 57(4MB) LOS objects, 29% free, 37MB/53MB, paused 1.950ms total 59.407ms
08-04 13:02:32.957  8104  8397 I art     : Starting a blocking GC Explicit
08-04 13:02:32.969  8104 11041 I NAPPA_EXPERIMENTATION: MetricNetworkRequestExecutionTime: REQUEST_DURATION_SYSTEM='714',REQUEST_DURATION_OKHTTP='272',REQUEST_SYNCHRONOUS='TRUE',RESPONSE_CODE='200',RESPONSE_METHOD='GET',RESPONSE_LENGTH_OKHTTP='5307',RESPONSE_LENGTH_HEADER='5307',REQUEST_PROTOCOL='h2',REQUEST_URL='https://a.thumbs.redditmedia.com/EFVm-ZqqhARyEaKgtwU74c7tfzEDJvI0uiHXGglFag4.jpg',
08-04 13:02:32.969  8104 11041 D OK      : request got status: 200
08-04 13:02:32.976  8104 11058 I NAPPA_EXPERIMENTATION: MetricNetworkRequestExecutionTime: REQUEST_DURATION_SYSTEM='675',REQUEST_DURATION_OKHTTP='674',REQUEST_SYNCHRONOUS='TRUE',RESPONSE_CODE='200',RESPONSE_METHOD='GET',RESPONSE_LENGTH_OKHTTP='6316',RESPONSE_LENGTH_HEADER='6316',REQUEST_PROTOCOL='h2',REQUEST_URL='https://b.thumbs.redditmedia.com/wxTBcOhAgsmbc-TRaGNHpYJYnEOBr2LNsaZ6pCM91Lc.jpg',
08-04 13:02:32.976  8104 11058 D OK      : request got status: 200
08-04 13:02:32.979  8104 11059 I NAPPA_EXPERIMENTATION: MetricNetworkRequestExecutionTime: REQUEST_DURATION_SYSTEM='676',REQUEST_DURATION_OKHTTP='675',REQUEST_SYNCHRONOUS='TRUE',RESPONSE_CODE='200',RESPONSE_METHOD='GET',RESPONSE_LENGTH_OKHTTP='7815',RESPONSE_LENGTH_HEADER='7815',REQUEST_PROTOCOL='h2',REQUEST_URL='https://b.thumbs.redditmedia.com/Wo7bFIVNZYYuNioRYwZFYxrl6QMk0lT-3W01wrXgHmE.jpg',
08-04 13:02:32.979  8104 11059 D OK      : request got status: 200
08-04 13:02:33.011  8104  8397 I art     : Explicit concurrent mark sweep GC freed 13172(689KB) AllocSpace objects, 19(992KB) LOS objects, 29% free, 38MB/54MB, paused 2.057ms total 53.547ms
08-04 13:02:33.030  8104  8397 I art     : Starting a blocking GC Explicit
08-04 13:02:33.081  8104  8397 I art     : Explicit concurrent mark sweep GC freed 9527(607KB) AllocSpace objects, 13(584KB) LOS objects, 29% free, 39MB/55MB, paused 1.730ms total 51.202ms
08-04 13:02:33.100  8104  8397 I art     : Starting a blocking GC Explicit
08-04 13:02:33.103  8104 11060 I NAPPA_EXPERIMENTATION: MetricNetworkRequestExecutionTime: REQUEST_DURATION_SYSTEM='797',REQUEST_DURATION_OKHTTP='797',REQUEST_SYNCHRONOUS='TRUE',RESPONSE_CODE='200',RESPONSE_METHOD='GET',RESPONSE_LENGTH_OKHTTP='5648',RESPONSE_LENGTH_HEADER='5648',REQUEST_PROTOCOL='h2',REQUEST_URL='https://b.thumbs.redditmedia.com/NoqMycYTzsyhI0Lq351riEI1mO9p8PvY1QwcZ9Irb9g.jpg',
08-04 13:02:33.103  8104 11060 D OK      : request got status: 200
08-04 13:02:33.112  8104 11049 I NAPPA_EXPERIMENTATION: MetricNetworkRequestExecutionTime: REQUEST_DURATION_SYSTEM='836',REQUEST_DURATION_OKHTTP='308',REQUEST_SYNCHRONOUS='TRUE',RESPONSE_CODE='200',RESPONSE_METHOD='GET',RESPONSE_LENGTH_OKHTTP='5641',RESPONSE_LENGTH_HEADER='5641',REQUEST_PROTOCOL='h2',REQUEST_URL='https://a.thumbs.redditmedia.com/P4gSGpXpi2wDXthNZ-LiwEs5Jvplm6dQ7W7Isqa7un4.jpg',
08-04 13:02:33.113  8104 11049 D OK      : request got status: 200
08-04 13:02:33.150  8104  8397 I art     : Explicit concurrent mark sweep GC freed 4150(278KB) AllocSpace objects, 9(540KB) LOS objects, 29% free, 39MB/55MB, paused 1.752ms total 50.520ms
08-04 13:02:33.158  8104 11061 I NAPPA_EXPERIMENTATION: MetricNetworkRequestExecutionTime: REQUEST_DURATION_SYSTEM='850',REQUEST_DURATION_OKHTTP='849',REQUEST_SYNCHRONOUS='TRUE',RESPONSE_CODE='200',RESPONSE_METHOD='GET',RESPONSE_LENGTH_OKHTTP='5198',RESPONSE_LENGTH_HEADER='5198',REQUEST_PROTOCOL='h2',REQUEST_URL='https://b.thumbs.redditmedia.com/KrRufqpifph7KM2Le5RdqEYQb24zbB4fizBJpFaH1Pc.jpg',
08-04 13:02:33.159  8104 11061 D OK      : request got status: 200
08-04 13:02:33.170  8104  8397 I art     : Starting a blocking GC Explicit
08-04 13:02:33.183  8104 11054 I NAPPA_EXPERIMENTATION: MetricNetworkRequestExecutionTime: REQUEST_DURATION_SYSTEM='895',REQUEST_DURATION_OKHTTP='277',REQUEST_SYNCHRONOUS='TRUE',RESPONSE_CODE='200',RESPONSE_METHOD='GET',RESPONSE_LENGTH_OKHTTP='4470',RESPONSE_LENGTH_HEADER='4470',REQUEST_PROTOCOL='h2',REQUEST_URL='https://a.thumbs.redditmedia.com/ffAKmOqnTuDMNR9MRfCdRtkq_CzN3MVhZxS64ZPYRh4.jpg',
08-04 13:02:33.183  8104 11054 D OK      : request got status: 200
08-04 13:02:33.222  8104  8397 I art     : Explicit concurrent mark sweep GC freed 2399(198KB) AllocSpace objects, 7(344KB) LOS objects, 28% free, 39MB/55MB, paused 1.493ms total 51.914ms
08-04 13:02:33.246  8104 11065 I NAPPA_EXPERIMENTATION: MetricNetworkRequestExecutionTime: REQUEST_DURATION_SYSTEM='928',REQUEST_DURATION_OKHTTP='344',REQUEST_SYNCHRONOUS='TRUE',RESPONSE_CODE='200',RESPONSE_METHOD='GET',RESPONSE_LENGTH_OKHTTP='3060',RESPONSE_LENGTH_HEADER='3060',REQUEST_PROTOCOL='h2',REQUEST_URL='https://v.redd.it/rrygsb8i4ld51/DASHPlaylist.mpd',
08-04 13:02:33.246  8104 11065 D OK      : request got status: 200
08-04 13:02:33.257  8104 11062 I NAPPA_EXPERIMENTATION: MetricNetworkRequestExecutionTime: REQUEST_DURATION_SYSTEM='947',REQUEST_DURATION_OKHTTP='945',REQUEST_SYNCHRONOUS='TRUE',RESPONSE_CODE='200',RESPONSE_METHOD='GET',RESPONSE_LENGTH_OKHTTP='5579',RESPONSE_LENGTH_HEADER='5579',REQUEST_PROTOCOL='h2',REQUEST_URL='https://b.thumbs.redditmedia.com/u2qz17QE3X5G7kkJrgK3HPCdxNQxNkhaWqfIhCuRMvE.jpg',
08-04 13:02:33.257  8104 11062 D OK      : request got status: 200
08-04 13:02:33.288  8104 11065 I RedditVideosAPI: For 'https://v.redd.it/rrygsb8i4ld51/DASHPlaylist.mpd', got video stream 'https://v.redd.it/rrygsb8i4ld51/DASH_480' and audio stream 'https://v.redd.it/rrygsb8i4ld51/audio'
08-04 13:02:33.294  8104 11071 I NAPPA_EXPERIMENTATION: MetricNetworkRequestExecutionTime: REQUEST_DURATION_SYSTEM='957',REQUEST_DURATION_OKHTTP='386',REQUEST_SYNCHRONOUS='TRUE',RESPONSE_CODE='200',RESPONSE_METHOD='GET',RESPONSE_LENGTH_OKHTTP='2071',RESPONSE_LENGTH_HEADER='2071',REQUEST_PROTOCOL='h2',REQUEST_URL='https://v.redd.it/jk6cwef4wld51/DASHPlaylist.mpd',
08-04 13:02:33.294  8104 11071 D OK      : request got status: 200
08-04 13:02:33.294  8104 11063 I NAPPA_EXPERIMENTATION: MetricNetworkRequestExecutionTime: REQUEST_DURATION_SYSTEM='981',REQUEST_DURATION_OKHTTP='322',REQUEST_SYNCHRONOUS='TRUE',RESPONSE_CODE='200',RESPONSE_METHOD='GET',RESPONSE_LENGTH_OKHTTP='2696',RESPONSE_LENGTH_HEADER='2696',REQUEST_PROTOCOL='h2',REQUEST_URL='https://v.redd.it/syww111dtjd51/DASHPlaylist.mpd',
08-04 13:02:33.294  8104 11063 D OK      : request got status: 200
08-04 13:02:33.305  8104 11047 I NAPPA_EXPERIMENTATION: MetricNetworkRequestExecutionTime: REQUEST_DURATION_SYSTEM='1034',REQUEST_DURATION_OKHTTP='329',REQUEST_SYNCHRONOUS='TRUE',RESPONSE_CODE='200',RESPONSE_METHOD='GET',RESPONSE_LENGTH_OKHTTP='7540',RESPONSE_LENGTH_HEADER='7540',REQUEST_PROTOCOL='h2',REQUEST_URL='https://a.thumbs.redditmedia.com/Tfsm0ol-ltlxNSBAkZ_4G4302d0hYeOSODkvXidBBR8.jpg',
08-04 13:02:33.305  8104 11047 D OK      : request got status: 200
08-04 13:02:33.306  8104 11069 I NAPPA_EXPERIMENTATION: MetricNetworkRequestExecutionTime: REQUEST_DURATION_SYSTEM='974',REQUEST_DURATION_OKHTTP='340',REQUEST_SYNCHRONOUS='TRUE',RESPONSE_CODE='200',RESPONSE_METHOD='GET',RESPONSE_LENGTH_OKHTTP='1713',RESPONSE_LENGTH_HEADER='1713',REQUEST_PROTOCOL='h2',REQUEST_URL='https://v.redd.it/ggz4fyth6hd51/DASHPlaylist.mpd',
08-04 13:02:33.306  8104 11069 D OK      : request got status: 200
08-04 13:02:33.312  8104 11048 I NAPPA_EXPERIMENTATION: MetricNetworkRequestExecutionTime: REQUEST_DURATION_SYSTEM='1037',REQUEST_DURATION_OKHTTP='312',REQUEST_SYNCHRONOUS='TRUE',RESPONSE_CODE='200',RESPONSE_METHOD='GET',RESPONSE_LENGTH_OKHTTP='3635',RESPONSE_LENGTH_HEADER='3635',REQUEST_PROTOCOL='h2',REQUEST_URL='https://a.thumbs.redditmedia.com/Kzag-wH9wKRRg2MnPwgoFgXT_2jN_nkJ1lY1aNRQyT4.jpg',
08-04 13:02:33.312  8104 11048 D OK      : request got status: 200
08-04 13:02:33.330  8104 11067 I NAPPA_EXPERIMENTATION: MetricNetworkRequestExecutionTime: REQUEST_DURATION_SYSTEM='1005',REQUEST_DURATION_OKHTTP='348',REQUEST_SYNCHRONOUS='TRUE',RESPONSE_CODE='200',RESPONSE_METHOD='GET',RESPONSE_LENGTH_OKHTTP='2700',RESPONSE_LENGTH_HEADER='2700',REQUEST_PROTOCOL='h2',REQUEST_URL='https://v.redd.it/75en73fm5id51/DASHPlaylist.mpd',
08-04 13:02:33.330  8104 11067 D OK      : request got status: 200
08-04 13:02:33.337  8104 11071 I RedditVideosAPI: For 'https://v.redd.it/jk6cwef4wld51/DASHPlaylist.mpd', got video stream 'https://v.redd.it/jk6cwef4wld51/DASH_480' and audio stream 'null'
08-04 13:02:33.337  8104 11070 I NAPPA_EXPERIMENTATION: MetricNetworkRequestExecutionTime: REQUEST_DURATION_SYSTEM='1003',REQUEST_DURATION_OKHTTP='331',REQUEST_SYNCHRONOUS='TRUE',RESPONSE_CODE='200',RESPONSE_METHOD='GET',RESPONSE_LENGTH_OKHTTP='2427',RESPONSE_LENGTH_HEADER='2427',REQUEST_PROTOCOL='h2',REQUEST_URL='https://v.redd.it/psrknoobrgd51/DASHPlaylist.mpd',
08-04 13:02:33.337  8104 11070 D OK      : request got status: 200
08-04 13:02:33.397  8104 11066 I NAPPA_EXPERIMENTATION: MetricNetworkRequestExecutionTime: REQUEST_DURATION_SYSTEM='1076',REQUEST_DURATION_OKHTTP='344',REQUEST_SYNCHRONOUS='TRUE',RESPONSE_CODE='200',RESPONSE_METHOD='GET',RESPONSE_LENGTH_OKHTTP='2789',RESPONSE_LENGTH_HEADER='2789',REQUEST_PROTOCOL='h2',REQUEST_URL='https://v.redd.it/5x6zzipz8ld51/DASHPlaylist.mpd',
08-04 13:02:33.397  8104 11066 D OK      : request got status: 200
08-04 13:02:33.409  8104 11072 I NAPPA_EXPERIMENTATION: MetricNetworkRequestExecutionTime: REQUEST_DURATION_SYSTEM='1067',REQUEST_DURATION_OKHTTP='248',REQUEST_SYNCHRONOUS='TRUE',RESPONSE_CODE='200',RESPONSE_METHOD='GET',RESPONSE_LENGTH_OKHTTP='3058',RESPONSE_LENGTH_HEADER='3058',REQUEST_PROTOCOL='h2',REQUEST_URL='https://v.redd.it/t81s8zfz9ld51/DASHPlaylist.mpd',
08-04 13:02:33.409  8104 11072 D OK      : request got status: 200
08-04 13:02:33.411  8104 11063 I RedditVideosAPI: For 'https://v.redd.it/syww111dtjd51/DASHPlaylist.mpd', got video stream 'https://v.redd.it/syww111dtjd51/DASH_480' and audio stream 'https://v.redd.it/syww111dtjd51/audio'
08-04 13:02:33.411  8104 11073 I NAPPA_EXPERIMENTATION: MetricNetworkRequestExecutionTime: REQUEST_DURATION_SYSTEM='1066',REQUEST_DURATION_OKHTTP='355',REQUEST_SYNCHRONOUS='TRUE',RESPONSE_CODE='200',RESPONSE_METHOD='GET',RESPONSE_LENGTH_OKHTTP='2071',RESPONSE_LENGTH_HEADER='2071',REQUEST_PROTOCOL='h2',REQUEST_URL='https://v.redd.it/xd6c4yyutgd51/DASHPlaylist.mpd',
08-04 13:02:33.411  8104 11073 D OK      : request got status: 200
08-04 13:02:33.420  8104 11068 I NAPPA_EXPERIMENTATION: MetricNetworkRequestExecutionTime: REQUEST_DURATION_SYSTEM='1092',REQUEST_DURATION_OKHTTP='358',REQUEST_SYNCHRONOUS='TRUE',RESPONSE_CODE='200',RESPONSE_METHOD='GET',RESPONSE_LENGTH_OKHTTP='-1',RESPONSE_LENGTH_HEADER='377',REQUEST_PROTOCOL='h2',REQUEST_URL='https://api.imgur.com/3/image/nLQR2hT',
08-04 13:02:33.420  8104 11068 D OK      : request got status: 200
08-04 13:02:33.421  8104 11064 I NAPPA_EXPERIMENTATION: MetricNetworkRequestExecutionTime: REQUEST_DURATION_SYSTEM='1106',REQUEST_DURATION_OKHTTP='356',REQUEST_SYNCHRONOUS='TRUE',RESPONSE_CODE='200',RESPONSE_METHOD='GET',RESPONSE_LENGTH_OKHTTP='2071',RESPONSE_LENGTH_HEADER='2071',REQUEST_PROTOCOL='h2',REQUEST_URL='https://v.redd.it/pbqrrfb3tkd51/DASHPlaylist.mpd',
08-04 13:02:33.421  8104 11064 D OK      : request got status: 200
08-04 13:02:33.423  8104 11069 I RedditVideosAPI: For 'https://v.redd.it/ggz4fyth6hd51/DASHPlaylist.mpd', got video stream 'https://v.redd.it/ggz4fyth6hd51/DASH_360' and audio stream 'null'
08-04 13:02:33.428  8104 11074 I NAPPA_EXPERIMENTATION: MetricNetworkRequestExecutionTime: REQUEST_DURATION_SYSTEM='1073',REQUEST_DURATION_OKHTTP='313',REQUEST_SYNCHRONOUS='TRUE',RESPONSE_CODE='200',RESPONSE_METHOD='GET',RESPONSE_LENGTH_OKHTTP='2344',RESPONSE_LENGTH_HEADER='2344',REQUEST_PROTOCOL='h2',REQUEST_URL='https://v.redd.it/ue0jdgk9zhd51/DASHPlaylist.mpd',
08-04 13:02:33.428  8104 11074 D OK      : request got status: 200
08-04 13:02:33.433  8104 11067 I RedditVideosAPI: For 'https://v.redd.it/75en73fm5id51/DASHPlaylist.mpd', got video stream 'https://v.redd.it/75en73fm5id51/DASH_480' and audio stream 'https://v.redd.it/75en73fm5id51/audio'
08-04 13:02:33.497  8104 11070 I RedditVideosAPI: For 'https://v.redd.it/psrknoobrgd51/DASHPlaylist.mpd', got video stream 'https://v.redd.it/psrknoobrgd51/DASH_480' and audio stream 'null'
08-04 13:02:33.503  8104 11066 I RedditVideosAPI: For 'https://v.redd.it/5x6zzipz8ld51/DASHPlaylist.mpd', got video stream 'https://v.redd.it/5x6zzipz8ld51/DASH_480' and audio stream 'null'
08-04 13:02:33.510  8104 11073 I RedditVideosAPI: For 'https://v.redd.it/xd6c4yyutgd51/DASHPlaylist.mpd', got video stream 'https://v.redd.it/xd6c4yyutgd51/DASH_480' and audio stream 'null'
08-04 13:02:33.529  8104 11072 I RedditVideosAPI: For 'https://v.redd.it/t81s8zfz9ld51/DASHPlaylist.mpd', got video stream 'https://v.redd.it/t81s8zfz9ld51/DASH_480' and audio stream 'https://v.redd.it/t81s8zfz9ld51/audio'
08-04 13:02:33.536  8104 11064 I RedditVideosAPI: For 'https://v.redd.it/pbqrrfb3tkd51/DASHPlaylist.mpd', got video stream 'https://v.redd.it/pbqrrfb3tkd51/DASH_480' and audio stream 'null'
08-04 13:02:33.543  8104 11074 I RedditVideosAPI: For 'https://v.redd.it/ue0jdgk9zhd51/DASHPlaylist.mpd', got video stream 'https://v.redd.it/ue0jdgk9zhd51/DASH_360' and audio stream 'https://v.redd.it/ue0jdgk9zhd51/audio'
08-04 13:02:33.558  8104  8126 I art     : Starting a blocking GC Explicit
08-04 13:02:33.615  8104  8126 I art     : Explicit concurrent mark sweep GC freed 9517(1274KB) AllocSpace objects, 60(3MB) LOS objects, 28% free, 39MB/55MB, paused 561us total 55.834ms
08-04 13:02:33.634  8104  8126 I art     : Starting a blocking GC Explicit
08-04 13:02:33.687  8104  8126 I art     : Explicit concurrent mark sweep GC freed 488(16KB) AllocSpace objects, 0(0B) LOS objects, 28% free, 39MB/55MB, paused 545us total 52.191ms
08-04 13:02:33.706  8104  8126 I art     : Starting a blocking GC Explicit
08-04 13:02:33.756  8104  8126 I art     : Explicit concurrent mark sweep GC freed 3(96B) AllocSpace objects, 0(0B) LOS objects, 28% free, 39MB/55MB, paused 587us total 50.296ms
08-04 13:02:33.776  8104  8126 I art     : Starting a blocking GC Explicit
08-04 13:02:33.827  8104  8126 I art     : Explicit concurrent mark sweep GC freed 3(96B) AllocSpace objects, 0(0B) LOS objects, 28% free, 39MB/55MB, paused 638us total 50.931ms
08-04 13:02:33.847  8104  8126 I art     : Starting a blocking GC Explicit
08-04 13:02:33.905  8104  8126 I art     : Explicit concurrent mark sweep GC freed 3(96B) AllocSpace objects, 0(0B) LOS objects, 28% free, 39MB/55MB, paused 540us total 57.105ms
08-04 13:02:34.105 13866 13882 I PeriodicStatsRunner: PeriodicStatsRunner.call():175 call()
08-04 13:02:34.106 13866 13882 I PeriodicStatsRunner: PeriodicStatsRunner.call():179 No submit PeriodicStats since input started.
08-04 13:02:34.305  8104  8116 I art     : Starting a blocking GC Explicit
08-04 13:02:34.363  8104  8116 I art     : Explicit concurrent mark sweep GC freed 1359(83KB) AllocSpace objects, 1(20KB) LOS objects, 28% free, 39MB/55MB, paused 520us total 58.267ms
08-04 13:02:34.382  8104  8116 I art     : Starting a blocking GC Explicit
08-04 13:02:34.429  8104  8116 I art     : Explicit concurrent mark sweep GC freed 20(704B) AllocSpace objects, 0(0B) LOS objects, 28% free, 39MB/55MB, paused 553us total 46.658ms
08-04 13:02:34.448  8104  8116 I art     : Starting a blocking GC Explicit
08-04 13:02:34.498  8104  8116 I art     : Explicit concurrent mark sweep GC freed 3(96B) AllocSpace objects, 0(0B) LOS objects, 28% free, 39MB/55MB, paused 558us total 49.724ms
08-04 13:02:34.517  8104  8116 I art     : Starting a blocking GC Explicit
08-04 13:02:34.571  8104  8116 I art     : Explicit concurrent mark sweep GC freed 3(96B) AllocSpace objects, 0(0B) LOS objects, 28% free, 39MB/55MB, paused 597us total 53.941ms
08-04 13:02:34.591  8104  8116 I art     : Starting a blocking GC Explicit
08-04 13:02:34.645  8104  8116 I art     : Explicit concurrent mark sweep GC freed 3(96B) AllocSpace objects, 0(0B) LOS objects, 28% free, 39MB/55MB, paused 557us total 53.716ms
08-04 13:02:34.778 11125 11125 D AndroidRuntime: >>>>>> START com.android.internal.os.RuntimeInit uid 2000 <<<<<<
08-04 13:02:34.785 11125 11125 D AndroidRuntime: CheckJNI is OFF
08-04 13:02:34.830 11125 11125 D ICU     : No timezone override file found: /data/misc/zoneinfo/current/icu/icu_tzdata.dat
08-04 13:02:34.873 11125 11125 I Radio-JNI: register_android_hardware_Radio DONE
08-04 13:02:34.902 11125 11125 D AndroidRuntime: Calling main entry com.android.commands.input.Input
08-04 13:02:34.905 11125 11125 I Input   : injectMotionEvent: MotionEvent { action=ACTION_DOWN, actionButton=0, id[0]=0, x[0]=1340.0, y[0]=1100.0, toolType[0]=TOOL_TYPE_UNKNOWN, buttonState=0, metaState=0, flags=0x0, edgeFlags=0x0, pointerCount=1, historySize=0, eventTime=709371318, downTime=709371318, deviceId=0, source=0x1002 }
08-04 13:02:34.910 11125 11125 I Input   : injectMotionEvent: MotionEvent { action=ACTION_UP, actionButton=0, id[0]=0, x[0]=1340.0, y[0]=1100.0, toolType[0]=TOOL_TYPE_UNKNOWN, buttonState=0, metaState=0, flags=0x0, edgeFlags=0x0, pointerCount=1, historySize=0, eventTime=709371318, downTime=709371318, deviceId=0, source=0x1002 }
08-04 13:02:34.913 11125 11125 D AndroidRuntime: Shutting down VM
08-04 13:02:34.920   512  2967 D audio_hw_primary: out_set_parameters: enter: usecase(1: low-latency-playback) kvpairs: routing=2
08-04 13:02:34.922   918  6112 I ActivityManager: START u0 {dat=https://oauth.reddit.com/... cmp=baseline.org.quantumbadger.redreader/.activities.CommentListingActivity} from uid 10666 on display 0
08-04 13:02:34.933   512  2967 D audio_hw_primary: select_devices: out_snd_device(2: speaker) in_snd_device(0: none)
08-04 13:02:34.933   512  2967 D msm8974_platform: platform_send_audio_calibration: sending audio calibration for snd_device(2) acdb_id(15)
08-04 13:02:34.933   512  2967 I soundtrigger: audio_extn_sound_trigger_update_device_status: device 0x2 of type 0 for Event 1
08-04 13:02:34.949   512  2967 D audio_hw_primary: enable_snd_device: snd_device(2: speaker)
08-04 13:02:34.951   512  2967 D audio_hw_primary: enable_audio_route: apply and update mixer path: low-latency-playback speaker
08-04 13:02:34.953  8104  8104 I AppCompatViewInflater: app:theme is now deprecated. Please move to using android:theme instead.
08-04 13:02:34.983  8104 11152 D OK      : calling: https://oauth.reddit.com/comments/hzejrd/.json?sort=confidence
08-04 13:02:35.015  8104  8116 I art     : Starting a blocking GC Explicit
08-04 13:02:35.056   918   936 I ActivityManager: Displayed baseline.org.quantumbadger.redreader/.activities.CommentListingActivity: +121ms
08-04 13:02:35.057 13866 13866 I GoogleInputMethodServic: GoogleInputMethodService.onFinishInput():3138 
08-04 13:02:35.057 13866 13866 I GoogleInputMethodServic: GoogleInputMethodService.onStartInput():1808 
08-04 13:02:35.064  8104  8116 I art     : Explicit concurrent mark sweep GC freed 4000(213KB) AllocSpace objects, 1(20KB) LOS objects, 28% free, 39MB/55MB, paused 974us total 49ms
08-04 13:02:35.086  8104  8116 I art     : Starting a blocking GC Explicit
08-04 13:02:35.131  8104  8116 I art     : Explicit concurrent mark sweep GC freed 7241(824KB) AllocSpace objects, 17(2MB) LOS objects, 30% free, 37MB/53MB, paused 562us total 44.337ms
08-04 13:02:35.150  8104  8116 I art     : Starting a blocking GC Explicit
08-04 13:02:35.196  8104  8116 I art     : Explicit concurrent mark sweep GC freed 1957(77KB) AllocSpace objects, 0(0B) LOS objects, 30% free, 37MB/53MB, paused 711us total 45.666ms
08-04 13:02:35.218  8104  8116 I art     : Starting a blocking GC Explicit
08-04 13:02:35.274  8104  8116 I art     : Explicit concurrent mark sweep GC freed 104(4KB) AllocSpace objects, 0(0B) LOS objects, 30% free, 37MB/53MB, paused 570us total 55.970ms
08-04 13:02:35.296  8104  8116 I art     : Starting a blocking GC Explicit
08-04 13:02:35.313   380   380 W SurfaceFlinger: couldn't log to binary event log: overflow.
08-04 13:02:35.335  8104 11152 I NAPPA_EXPERIMENTATION: MetricNetworkRequestExecutionTime: REQUEST_DURATION_SYSTEM='351',REQUEST_DURATION_OKHTTP='146',REQUEST_SYNCHRONOUS='TRUE',RESPONSE_CODE='200',RESPONSE_METHOD='GET',RESPONSE_LENGTH_OKHTTP='-1',RESPONSE_LENGTH_HEADER='45890',REQUEST_PROTOCOL='h2',REQUEST_URL='https://oauth.reddit.com/comments/hzejrd/.json?sort=confidence',
08-04 13:02:35.335  8104 11152 D OK      : request got status: 200
08-04 13:02:35.342  8104 11024 I CommentListingActivity: COMMENTS session changed to edc5fe92-1d5b-4224-b12d-d572e92ddfa0
08-04 13:02:35.346  8104  8116 I art     : Explicit concurrent mark sweep GC freed 562(49KB) AllocSpace objects, 0(0B) LOS objects, 29% free, 37MB/53MB, paused 766us total 49.395ms
08-04 13:02:35.490   512  2967 D audio_hw_primary: disable_audio_route: reset and update mixer path: low-latency-playback speaker
08-04 13:02:35.491   512  2967 D audio_hw_primary: disable_snd_device: snd_device(2: speaker)
08-04 13:02:35.504   512  2967 I soundtrigger: audio_extn_sound_trigger_update_device_status: device 0x2 of type 0 for Event 0
08-04 13:02:35.672  8104  8116 I art     : Starting a blocking GC Explicit
08-04 13:02:35.735  8104  8116 I art     : Explicit concurrent mark sweep GC freed 41972(2MB) AllocSpace objects, 3(156KB) LOS objects, 29% free, 39MB/55MB, paused 546us total 63.325ms
08-04 13:02:35.755  8104  8116 I art     : Starting a blocking GC Explicit
08-04 13:02:35.808  8104  8116 I art     : Explicit concurrent mark sweep GC freed 155(6KB) AllocSpace objects, 0(0B) LOS objects, 29% free, 39MB/55MB, paused 588us total 52.040ms
08-04 13:02:35.828  8104  8116 I art     : Starting a blocking GC Explicit
08-04 13:02:35.884  8104  8116 I art     : Explicit concurrent mark sweep GC freed 3(96B) AllocSpace objects, 0(0B) LOS objects, 29% free, 39MB/55MB, paused 458us total 55.855ms
08-04 13:02:35.906  8104  8116 I art     : Starting a blocking GC Explicit
08-04 13:02:35.964  8104  8116 I art     : Explicit concurrent mark sweep GC freed 644(31KB) AllocSpace objects, 0(0B) LOS objects, 29% free, 39MB/55MB, paused 454us total 58.083ms
08-04 13:02:35.986  8104  8116 I art     : Starting a blocking GC Explicit
08-04 13:02:36.045  8104  8116 I art     : Explicit concurrent mark sweep GC freed 3(96B) AllocSpace objects, 0(0B) LOS objects, 29% free, 39MB/55MB, paused 506us total 58.921ms
08-04 13:02:36.375  8104  8116 I art     : Starting a blocking GC Explicit
08-04 13:02:36.452  8104  8116 I art     : Explicit concurrent mark sweep GC freed 1358(82KB) AllocSpace objects, 1(20KB) LOS objects, 29% free, 39MB/55MB, paused 557us total 76.432ms
08-04 13:02:36.475  8104  8116 I art     : Starting a blocking GC Explicit
08-04 13:02:36.545  8104  8116 I art     : Explicit concurrent mark sweep GC freed 66(2528B) AllocSpace objects, 0(0B) LOS objects, 29% free, 39MB/55MB, paused 539us total 69.805ms
08-04 13:02:36.567  8104  8116 I art     : Starting a blocking GC Explicit
08-04 13:02:36.640  8104  8116 I art     : Explicit concurrent mark sweep GC freed 3(96B) AllocSpace objects, 0(0B) LOS objects, 29% free, 39MB/55MB, paused 599us total 72.705ms
08-04 13:02:36.663  8104  8116 I art     : Starting a blocking GC Explicit
08-04 13:02:36.733  8104  8116 I art     : Explicit concurrent mark sweep GC freed 3(96B) AllocSpace objects, 0(0B) LOS objects, 29% free, 39MB/55MB, paused 514us total 70.181ms
08-04 13:02:36.755  8104  8116 I art     : Starting a blocking GC Explicit
08-04 13:02:36.825  8104  8116 I art     : Explicit concurrent mark sweep GC freed 3(96B) AllocSpace objects, 0(0B) LOS objects, 29% free, 39MB/55MB, paused 562us total 70.021ms
08-04 13:02:37.206  8104  8126 I art     : Starting a blocking GC Explicit
08-04 13:02:37.293  8104  8126 I art     : Explicit concurrent mark sweep GC freed 1356(82KB) AllocSpace objects, 1(20KB) LOS objects, 29% free, 39MB/55MB, paused 585us total 86.516ms
08-04 13:02:37.316  8104  8126 I art     : Starting a blocking GC Explicit
08-04 13:02:37.385  8104  8126 I art     : Explicit concurrent mark sweep GC freed 20(704B) AllocSpace objects, 0(0B) LOS objects, 29% free, 39MB/55MB, paused 546us total 68.648ms
08-04 13:02:37.406  8104  8126 I art     : Starting a blocking GC Explicit
08-04 13:02:37.478  8104  8126 I art     : Explicit concurrent mark sweep GC freed 3(96B) AllocSpace objects, 0(0B) LOS objects, 29% free, 39MB/55MB, paused 728us total 71.510ms
08-04 13:02:37.504  8104  8126 I art     : Starting a blocking GC Explicit
08-04 13:02:37.573  8104  8126 I art     : Explicit concurrent mark sweep GC freed 3(96B) AllocSpace objects, 0(0B) LOS objects, 29% free, 39MB/55MB, paused 550us total 69.547ms
08-04 13:02:37.595  8104  8126 I art     : Starting a blocking GC Explicit
08-04 13:02:37.663  8104  8126 I art     : Explicit concurrent mark sweep GC freed 3(96B) AllocSpace objects, 0(0B) LOS objects, 29% free, 39MB/55MB, paused 521us total 67.814ms
08-04 13:02:38.037  8104  8117 I art     : Starting a blocking GC Explicit
08-04 13:02:38.127  8104  8117 I art     : Explicit concurrent mark sweep GC freed 1354(82KB) AllocSpace objects, 1(20KB) LOS objects, 29% free, 39MB/55MB, paused 539us total 89.512ms
08-04 13:02:38.151  8104  8117 I art     : Starting a blocking GC Explicit
08-04 13:02:38.214  8104  8117 I art     : Explicit concurrent mark sweep GC freed 20(704B) AllocSpace objects, 0(0B) LOS objects, 29% free, 39MB/55MB, paused 536us total 62.205ms
08-04 13:02:38.235  8104  8117 I art     : Starting a blocking GC Explicit
08-04 13:02:38.305  8104  8117 I art     : Explicit concurrent mark sweep GC freed 3(96B) AllocSpace objects, 0(0B) LOS objects, 29% free, 39MB/55MB, paused 548us total 69.106ms
08-04 13:02:38.326  8104  8117 I art     : Starting a blocking GC Explicit
08-04 13:02:38.395  8104  8117 I art     : Explicit concurrent mark sweep GC freed 3(96B) AllocSpace objects, 0(0B) LOS objects, 29% free, 39MB/55MB, paused 554us total 68.570ms
08-04 13:02:38.417  8104  8117 I art     : Starting a blocking GC Explicit
08-04 13:02:38.488  8104  8117 I art     : Explicit concurrent mark sweep GC freed 3(96B) AllocSpace objects, 0(0B) LOS objects, 29% free, 39MB/55MB, paused 521us total 70.946ms
08-04 13:02:38.874  8104  8397 I art     : Starting a blocking GC Explicit
08-04 13:02:38.963  8104  8397 I art     : Explicit concurrent mark sweep GC freed 1354(82KB) AllocSpace objects, 1(20KB) LOS objects, 29% free, 39MB/55MB, paused 594us total 88.260ms
08-04 13:02:38.988  8104  8397 I art     : Starting a blocking GC Explicit
08-04 13:02:39.061  8104  8397 I art     : Explicit concurrent mark sweep GC freed 20(704B) AllocSpace objects, 0(0B) LOS objects, 29% free, 39MB/55MB, paused 588us total 72.185ms
08-04 13:02:39.085  8104  8397 I art     : Starting a blocking GC Explicit
08-04 13:02:39.157  8104  8397 I art     : Explicit concurrent mark sweep GC freed 3(96B) AllocSpace objects, 0(0B) LOS objects, 29% free, 39MB/55MB, paused 589us total 71.565ms
08-04 13:02:39.180  8104  8397 I art     : Starting a blocking GC Explicit
08-04 13:02:39.251  8104  8397 I art     : Explicit concurrent mark sweep GC freed 3(96B) AllocSpace objects, 0(0B) LOS objects, 29% free, 39MB/55MB, paused 531us total 70.225ms
08-04 13:02:39.272  8104  8397 I art     : Starting a blocking GC Explicit
08-04 13:02:39.342  8104  8397 I art     : Explicit concurrent mark sweep GC freed 3(96B) AllocSpace objects, 0(0B) LOS objects, 29% free, 39MB/55MB, paused 534us total 70.239ms
08-04 13:02:39.702  8104  8116 I art     : Starting a blocking GC Explicit
08-04 13:02:39.786  8104  8116 I art     : Explicit concurrent mark sweep GC freed 1355(83KB) AllocSpace objects, 1(20KB) LOS objects, 29% free, 39MB/55MB, paused 581us total 83.507ms
08-04 13:02:39.810  8104  8116 I art     : Starting a blocking GC Explicit
08-04 13:02:39.885  8104  8116 I art     : Explicit concurrent mark sweep GC freed 20(704B) AllocSpace objects, 0(0B) LOS objects, 29% free, 39MB/55MB, paused 584us total 74.695ms
08-04 13:02:39.908  8104  8116 I art     : Starting a blocking GC Explicit
08-04 13:02:39.935  8104 11151 I RedditChangeDataIO: Writing tmp data file at '/data/user/0/baseline.org.quantumbadger.redreader/files/rr_change_data_tmp.dat'
08-04 13:02:39.936  8104 11151 I RedditChangeDataManager: Taking snapshot...
08-04 13:02:39.936  8104 11151 I RedditChangeDataManager: Writing to stream...
08-04 13:02:39.936  8104 11151 I RedditChangeDataManager: Wrote 6 entries for user ''
08-04 13:02:39.937  8104 11151 I RedditChangeDataManager: All entries written to stream.
08-04 13:02:39.937  8104 11151 I RedditChangeDataIO: Write successful. Atomically replacing data file...
08-04 13:02:39.937  8104 11151 I RedditChangeDataIO: Write complete.
08-04 13:02:39.937  8104 11151 I RedditChangeDataIO: 158 bytes written in 2 ms
08-04 13:02:39.978  8104  8116 I art     : Explicit concurrent mark sweep GC freed 82(4KB) AllocSpace objects, 1(68KB) LOS objects, 29% free, 39MB/55MB, paused 572us total 69.677ms
08-04 13:02:40.000  8104  8116 I art     : Starting a blocking GC Explicit
08-04 13:02:40.057 13866 13882 I PeriodicStatsRunner: PeriodicStatsRunner.call():175 call()
08-04 13:02:40.058 13866 13882 I PeriodicStatsRunner: PeriodicStatsRunner.call():179 No submit PeriodicStats since input started.
08-04 13:02:40.069  8104  8116 I art     : Explicit concurrent mark sweep GC freed 13(624B) AllocSpace objects, 0(0B) LOS objects, 29% free, 39MB/55MB, paused 542us total 69.527ms
08-04 13:02:40.091  8104  8116 I art     : Starting a blocking GC Explicit
08-04 13:02:40.158  8104  8116 I art     : Explicit concurrent mark sweep GC freed 3(96B) AllocSpace objects, 0(0B) LOS objects, 29% free, 39MB/55MB, paused 553us total 66.401ms
08-04 13:02:40.535  8104  8126 I art     : Starting a blocking GC Explicit
08-04 13:02:40.612  8104  8126 I art     : Explicit concurrent mark sweep GC freed 1387(84KB) AllocSpace objects, 1(20KB) LOS objects, 29% free, 39MB/55MB, paused 517us total 76.840ms
08-04 13:02:40.637  8104  8126 I art     : Starting a blocking GC Explicit
08-04 13:02:40.712  8104  8126 I art     : Explicit concurrent mark sweep GC freed 226(35KB) AllocSpace objects, 0(0B) LOS objects, 29% free, 39MB/55MB, paused 493us total 73.970ms
08-04 13:02:40.735  8104  8126 I art     : Starting a blocking GC Explicit
08-04 13:02:40.806  8104  8126 I art     : Explicit concurrent mark sweep GC freed 68(2272B) AllocSpace objects, 0(0B) LOS objects, 29% free, 39MB/55MB, paused 492us total 70.631ms
08-04 13:02:40.828  8104  8126 I art     : Starting a blocking GC Explicit
08-04 13:02:40.896  8104  8126 I art     : Explicit concurrent mark sweep GC freed 3(96B) AllocSpace objects, 0(0B) LOS objects, 29% free, 39MB/55MB, paused 484us total 67.435ms
08-04 13:02:40.917  8104  8126 I art     : Starting a blocking GC Explicit
08-04 13:02:40.989  8104  8126 I art     : Explicit concurrent mark sweep GC freed 3(96B) AllocSpace objects, 0(0B) LOS objects, 29% free, 39MB/55MB, paused 542us total 71.731ms
08-04 13:02:41.274   518   646 I ThermalEngine: ACTION: GPU - Setting GPU[0] to 510000000
08-04 13:02:41.334  8104  8117 I art     : Starting a blocking GC Explicit
08-04 13:02:41.388  8104  8117 I art     : Explicit concurrent mark sweep GC freed 1356(82KB) AllocSpace objects, 1(20KB) LOS objects, 29% free, 39MB/55MB, paused 409us total 54.142ms
08-04 13:02:41.404  8104  8117 I art     : Starting a blocking GC Explicit
08-04 13:02:41.454  8104  8117 I art     : Explicit concurrent mark sweep GC freed 20(704B) AllocSpace objects, 0(0B) LOS objects, 29% free, 39MB/55MB, paused 364us total 49.895ms
08-04 13:02:41.470  8104  8117 I art     : Starting a blocking GC Explicit
08-04 13:02:41.520  8104  8117 I art     : Explicit concurrent mark sweep GC freed 3(96B) AllocSpace objects, 0(0B) LOS objects, 29% free, 39MB/55MB, paused 370us total 49.162ms
08-04 13:02:41.535  8104  8117 I art     : Starting a blocking GC Explicit
08-04 13:02:41.584  8104  8117 I art     : Explicit concurrent mark sweep GC freed 3(96B) AllocSpace objects, 0(0B) LOS objects, 29% free, 39MB/55MB, paused 409us total 47.871ms
08-04 13:02:41.600  8104  8117 I art     : Starting a blocking GC Explicit
08-04 13:02:41.636 11228 11228 D AndroidRuntime: >>>>>> START com.android.internal.os.RuntimeInit uid 2000 <<<<<<
08-04 13:02:41.641 11228 11228 D AndroidRuntime: CheckJNI is OFF
08-04 13:02:41.648  8104  8117 I art     : Explicit concurrent mark sweep GC freed 3(96B) AllocSpace objects, 0(0B) LOS objects, 29% free, 39MB/55MB, paused 373us total 48.031ms
08-04 13:02:41.678 11228 11228 D ICU     : No timezone override file found: /data/misc/zoneinfo/current/icu/icu_tzdata.dat
08-04 13:02:41.710 11228 11228 I Radio-JNI: register_android_hardware_Radio DONE
08-04 13:02:41.732 11228 11228 D AndroidRuntime: Calling main entry com.android.commands.input.Input
08-04 13:02:41.734 11228 11228 I Input   : injectKeyEvent: KeyEvent { action=ACTION_DOWN, keyCode=KEYCODE_BACK, scanCode=0, metaState=0, flags=0x0, repeatCount=0, eventTime=709378147, downTime=709378147, deviceId=-1, source=0x101 }
08-04 13:02:41.740 11228 11228 I Input   : injectKeyEvent: KeyEvent { action=ACTION_UP, keyCode=KEYCODE_BACK, scanCode=0, metaState=0, flags=0x0, repeatCount=0, eventTime=709378147, downTime=709378147, deviceId=-1, source=0x101 }
08-04 13:02:41.747 11228 11228 D AndroidRuntime: Shutting down VM
08-04 13:02:41.784 13866 13866 I GoogleInputMethodServic: GoogleInputMethodService.onFinishInput():3138 
08-04 13:02:41.785 13866 13866 I GoogleInputMethodServic: GoogleInputMethodService.onStartInput():1808 
08-04 13:02:41.915  8104  8397 I art     : Starting a blocking GC Explicit
08-04 13:02:41.976  8104  8397 I art     : Explicit concurrent mark sweep GC freed 1620(91KB) AllocSpace objects, 1(20KB) LOS objects, 29% free, 39MB/55MB, paused 329us total 61.333ms
08-04 13:02:41.995  8104  8397 I art     : Starting a blocking GC Explicit
08-04 13:02:42.044  8104  8397 I art     : Explicit concurrent mark sweep GC freed 24(864B) AllocSpace objects, 0(0B) LOS objects, 29% free, 39MB/55MB, paused 337us total 49.396ms
08-04 13:02:42.062  8104  8397 I art     : Starting a blocking GC Explicit
08-04 13:02:42.087   380   380 W SurfaceFlinger: couldn't log to binary event log: overflow.
08-04 13:02:42.113  8104  8397 I art     : Explicit concurrent mark sweep GC freed 60(2208B) AllocSpace objects, 0(0B) LOS objects, 29% free, 39MB/55MB, paused 318us total 50.804ms
08-04 13:02:42.128  8104  8397 I art     : Starting a blocking GC Explicit
08-04 13:02:42.174  8104  8397 I art     : Explicit concurrent mark sweep GC freed 12(480B) AllocSpace objects, 0(0B) LOS objects, 29% free, 39MB/55MB, paused 384us total 45.405ms
08-04 13:02:42.189  8104  8397 I art     : Starting a blocking GC Explicit
08-04 13:02:42.230  8104  8397 I art     : Explicit concurrent mark sweep GC freed 41322(2MB) AllocSpace objects, 5(140KB) LOS objects, 30% free, 36MB/52MB, paused 352us total 40.544ms
08-04 13:02:42.547  8104  8116 I art     : Starting a blocking GC Explicit
08-04 13:02:42.601  8104  8116 I art     : Explicit concurrent mark sweep GC freed 1354(82KB) AllocSpace objects, 1(20KB) LOS objects, 30% free, 36MB/52MB, paused 388us total 54.010ms
08-04 13:02:42.619  8104  8116 I art     : Starting a blocking GC Explicit
08-04 13:02:42.659  8104  8116 I art     : Explicit concurrent mark sweep GC freed 20(704B) AllocSpace objects, 0(0B) LOS objects, 30% free, 36MB/52MB, paused 357us total 39.469ms
08-04 13:02:42.674  8104  8116 I art     : Starting a blocking GC Explicit
08-04 13:02:42.714  8104  8116 I art     : Explicit concurrent mark sweep GC freed 3(96B) AllocSpace objects, 0(0B) LOS objects, 30% free, 36MB/52MB, paused 433us total 39.646ms
08-04 13:02:42.729  8104  8116 I art     : Starting a blocking GC Explicit
08-04 13:02:42.768  8104  8116 I art     : Explicit concurrent mark sweep GC freed 3(96B) AllocSpace objects, 0(0B) LOS objects, 30% free, 36MB/52MB, paused 364us total 38.231ms
08-04 13:02:42.782  8104  8116 I art     : Starting a blocking GC Explicit
08-04 13:02:42.821  8104  8116 I art     : Explicit concurrent mark sweep GC freed 3(96B) AllocSpace objects, 0(0B) LOS objects, 30% free, 36MB/52MB, paused 356us total 38.328ms
08-04 13:02:43.116  8104  8126 I art     : Starting a blocking GC Explicit
08-04 13:02:43.155  8104  8126 I art     : Explicit concurrent mark sweep GC freed 1354(82KB) AllocSpace objects, 1(20KB) LOS objects, 30% free, 36MB/52MB, paused 371us total 38.661ms
08-04 13:02:43.170  8104  8126 I art     : Starting a blocking GC Explicit
08-04 13:02:43.207  8104  8126 I art     : Explicit concurrent mark sweep GC freed 20(704B) AllocSpace objects, 0(0B) LOS objects, 30% free, 36MB/52MB, paused 348us total 36.258ms
08-04 13:02:43.221  8104  8126 I art     : Starting a blocking GC Explicit
08-04 13:02:43.258  8104  8126 I art     : Explicit concurrent mark sweep GC freed 3(96B) AllocSpace objects, 0(0B) LOS objects, 30% free, 36MB/52MB, paused 346us total 36.960ms
08-04 13:02:43.273  8104  8126 I art     : Starting a blocking GC Explicit
08-04 13:02:43.310  8104  8126 I art     : Explicit concurrent mark sweep GC freed 3(96B) AllocSpace objects, 0(0B) LOS objects, 30% free, 36MB/52MB, paused 352us total 37.611ms
08-04 13:02:43.325  8104  8126 I art     : Starting a blocking GC Explicit
08-04 13:02:43.362  8104  8126 I art     : Explicit concurrent mark sweep GC freed 3(96B) AllocSpace objects, 0(0B) LOS objects, 30% free, 36MB/52MB, paused 352us total 36.640ms
08-04 13:02:43.419 11271 11271 D AndroidRuntime: >>>>>> START com.android.internal.os.RuntimeInit uid 2000 <<<<<<
08-04 13:02:43.424 11271 11271 D AndroidRuntime: CheckJNI is OFF
08-04 13:02:43.460 11271 11271 D ICU     : No timezone override file found: /data/misc/zoneinfo/current/icu/icu_tzdata.dat
08-04 13:02:43.501 11271 11271 I Radio-JNI: register_android_hardware_Radio DONE
08-04 13:02:43.527 11271 11271 D AndroidRuntime: Calling main entry com.android.commands.input.Input
08-04 13:02:43.528 11271 11271 I Input   : injectMotionEvent: MotionEvent { action=ACTION_DOWN, actionButton=0, id[0]=0, x[0]=600.0, y[0]=938.0, toolType[0]=TOOL_TYPE_UNKNOWN, buttonState=0, metaState=0, flags=0x0, edgeFlags=0x0, pointerCount=1, historySize=0, eventTime=709379941, downTime=709379941, deviceId=0, source=0x1002 }
08-04 13:02:43.533 11271 11271 I Input   : injectMotionEvent: MotionEvent { action=ACTION_UP, actionButton=0, id[0]=0, x[0]=600.0, y[0]=938.0, toolType[0]=TOOL_TYPE_UNKNOWN, buttonState=0, metaState=0, flags=0x0, edgeFlags=0x0, pointerCount=1, historySize=0, eventTime=709379941, downTime=709379941, deviceId=0, source=0x1002 }
08-04 13:02:43.535 11271 11271 D AndroidRuntime: Shutting down VM
08-04 13:02:43.543   918  6110 I ActivityManager: START u0 {dat=https://gfycat.com/... cmp=baseline.org.quantumbadger.redreader/.activities.ImageViewActivity (has extras)} from uid 10666 on display 0
08-04 13:02:43.544   512  2967 D audio_hw_primary: out_set_parameters: enter: usecase(1: low-latency-playback) kvpairs: routing=2
08-04 13:02:43.557   512  2967 D audio_hw_primary: select_devices: out_snd_device(2: speaker) in_snd_device(0: none)
08-04 13:02:43.557   512  2967 D msm8974_platform: platform_send_audio_calibration: sending audio calibration for snd_device(2) acdb_id(15)
08-04 13:02:43.557   512  2967 I soundtrigger: audio_extn_sound_trigger_update_device_status: device 0x2 of type 0 for Event 1
08-04 13:02:43.566  8104  8104 I ImageViewActivity: Loading URL https://gfycat.com/deadlygravecavy
08-04 13:02:43.568   512  2967 D audio_hw_primary: enable_snd_device: snd_device(2: speaker)
08-04 13:02:43.570   512  2967 D audio_hw_primary: enable_audio_route: apply and update mixer path: low-latency-playback speaker
08-04 13:02:43.573  8104 11024 I ImageViewActivity: Got image URL: https://giant.gfycat.com/DeadlyGraveCavy.mp4
08-04 13:02:43.573  8104 11024 I ImageViewActivity: Got image Type: video/mp4
08-04 13:02:43.573  8104 11024 I ImageViewActivity: Got media Type: VIDEO
08-04 13:02:43.573  8104 11024 I ImageViewActivity: Media type VIDEO detected
08-04 13:02:43.573  8104 11024 I ImageViewActivity: Proceeding with download
08-04 13:02:43.577  8104 11301 D OK      : calling: https://giant.gfycat.com/DeadlyGraveCavy.mp4
08-04 13:02:43.595  3644  3644 I ServiceManager: Waiting for service AtCmdFwd...
08-04 13:02:43.630 13866 13866 I GoogleInputMethodServic: GoogleInputMethodService.onFinishInput():3138 
08-04 13:02:43.631 13866 13866 I GoogleInputMethodServic: GoogleInputMethodService.onStartInput():1808 
08-04 13:02:43.653   918   936 I ActivityManager: Displayed baseline.org.quantumbadger.redreader/.activities.ImageViewActivity: +100ms
08-04 13:02:43.665  8104  8116 I art     : Starting a blocking GC Explicit
08-04 13:02:43.711  8104  8116 I art     : Explicit concurrent mark sweep GC freed 3985(276KB) AllocSpace objects, 1(20KB) LOS objects, 30% free, 36MB/52MB, paused 374us total 45.880ms
08-04 13:02:43.724  8104  8116 I art     : Starting a blocking GC Explicit
08-04 13:02:43.759  8104  8116 I art     : Explicit concurrent mark sweep GC freed 208(9KB) AllocSpace objects, 0(0B) LOS objects, 30% free, 36MB/52MB, paused 385us total 34.715ms
08-04 13:02:43.773  8104  8116 I art     : Starting a blocking GC Explicit
08-04 13:02:43.810  8104  8116 I art     : Explicit concurrent mark sweep GC freed 1711(66KB) AllocSpace objects, 0(0B) LOS objects, 30% free, 36MB/52MB, paused 446us total 37.039ms
08-04 13:02:43.824  8104  8116 I art     : Starting a blocking GC Explicit
08-04 13:02:43.864  8104  8116 I art     : Explicit concurrent mark sweep GC freed 120(4KB) AllocSpace objects, 0(0B) LOS objects, 30% free, 36MB/52MB, paused 402us total 39.649ms
08-04 13:02:43.881  8104  8116 I art     : Starting a blocking GC Explicit
08-04 13:02:43.906   380   380 W SurfaceFlinger: couldn't log to binary event log: overflow.
08-04 13:02:43.924  8104  8116 I art     : Explicit concurrent mark sweep GC freed 13(480B) AllocSpace objects, 0(0B) LOS objects, 30% free, 36MB/52MB, paused 400us total 43.570ms
08-04 13:02:43.938  8104 11301 I NAPPA_EXPERIMENTATION: MetricNetworkRequestExecutionTime: REQUEST_DURATION_SYSTEM='361',REQUEST_DURATION_OKHTTP='147',REQUEST_SYNCHRONOUS='TRUE',RESPONSE_CODE='200',RESPONSE_METHOD='GET',RESPONSE_LENGTH_OKHTTP='1942309',RESPONSE_LENGTH_HEADER='1942309',REQUEST_PROTOCOL='h2',REQUEST_URL='https://giant.gfycat.com/DeadlyGraveCavy.mp4',
08-04 13:02:43.939  8104 11301 D OK      : request got status: 200
08-04 13:02:44.108   512  2967 D audio_hw_primary: disable_audio_route: reset and update mixer path: low-latency-playback speaker
08-04 13:02:44.109   512  2967 D audio_hw_primary: disable_snd_device: snd_device(2: speaker)
08-04 13:02:44.117   512  2967 I soundtrigger: audio_extn_sound_trigger_update_device_status: device 0x2 of type 0 for Event 0
08-04 13:02:44.193  8104  8116 I art     : Starting a blocking GC Explicit
08-04 13:02:44.232  8104  8116 I art     : Explicit concurrent mark sweep GC freed 3266(964KB) AllocSpace objects, 1(20KB) LOS objects, 29% free, 37MB/53MB, paused 436us total 39.238ms
08-04 13:02:44.247  8104  8116 I art     : Starting a blocking GC Explicit
08-04 13:02:44.285  8104  8116 I art     : Explicit concurrent mark sweep GC freed 336(511KB) AllocSpace objects, 0(0B) LOS objects, 30% free, 37MB/53MB, paused 469us total 37.174ms
08-04 13:02:44.299  8104  8116 I art     : Starting a blocking GC Explicit
08-04 13:02:44.325  8104  8104 I ImageViewActivity: Playing video using ExoPlayer
08-04 13:02:44.339  8104  8116 I art     : Explicit concurrent mark sweep GC freed 390(180KB) AllocSpace objects, 1(68KB) LOS objects, 30% free, 37MB/53MB, paused 598us total 39.594ms
08-04 13:02:44.353  8104  8104 I ExoPlayerImpl: Init 43f61bc [ExoPlayerLib/2.10.8] [angler, Nexus 6P, Huawei, 23]
08-04 13:02:44.354  8104  8116 I art     : Starting a blocking GC Explicit
08-04 13:02:44.394  8104  8116 I art     : Explicit concurrent mark sweep GC freed 2828(274KB) AllocSpace objects, 1(68KB) LOS objects, 29% free, 37MB/53MB, paused 1.362ms total 39.769ms
08-04 13:02:44.409  8104  8116 I art     : Starting a blocking GC Explicit
08-04 13:02:44.451  8104  8116 I art     : Explicit concurrent mark sweep GC freed 1357(192KB) AllocSpace objects, 4(168KB) LOS objects, 29% free, 38MB/54MB, paused 809us total 41.938ms
08-04 13:02:44.464  8104 11319 W VideoCapabilities: Unrecognized profile 2130706433 for video/avc
08-04 13:02:44.488  8104 11319 I VideoCapabilities: Unsupported profile 4 for video/mp4v-es
08-04 13:02:44.497  8104 11322 I OMXClient: Using client-side OMX mux.
08-04 13:02:44.567   512  3270 I OMX-VDEC-1080P: component_init: OMX.qcom.video.decoder.avc : fd=49
08-04 13:02:44.567   512  3270 I OMX-VDEC-1080P: Capabilities: driver_name = msm_vidc_driver, card = msm_vdec_8974, bus_info = , version = 1, capabilities = 4003000
08-04 13:02:44.571   512  3270 I OMX-VDEC-1080P: Enabling default extradata for OMX.qcom.video.decoder.avc
08-04 13:02:44.574   512  3270 I OMX-VDEC-1080P: omx_vdec::component_init() success : fd=49
08-04 13:02:44.577  8104 11321 I MediaCodec: [OMX.qcom.video.decoder.avc] setting surface generation to 8298497
08-04 13:02:44.579   512 12837 E OMX-VDEC-1080P: Extension: OMX.google.android.index.storeANWBufferInMetadata not implemented
08-04 13:02:44.596  3644  3644 I ServiceManager: Waiting for service AtCmdFwd...
08-04 13:02:44.607  8104 11322 D SurfaceUtils: set up nativeWindow 0x7f78449e10 for 360x306, color 0x7fa30c04, rotation 0, usage 0x42002900
08-04 13:02:44.644  8104 11322 D SurfaceUtils: set up nativeWindow 0x7f78449e10 for 368x320, color 0x7fa30c04, rotation 0, usage 0x42002900
08-04 13:02:44.752  8104  8116 I art     : Starting a blocking GC Explicit
08-04 13:02:44.793  8104  8116 I art     : Explicit concurrent mark sweep GC freed 6924(365KB) AllocSpace objects, 2(88KB) LOS objects, 28% free, 40MB/56MB, paused 413us total 41.061ms
08-04 13:02:44.794  8104  8114 I art     : WaitForGcToComplete blocked for 7.763ms for cause HeapTrim
08-04 13:02:44.809  8104  8116 I art     : Starting a blocking GC Explicit
08-04 13:02:44.848  8104  8116 I art     : Explicit concurrent mark sweep GC freed 49(1824B) AllocSpace objects, 0(0B) LOS objects, 28% free, 40MB/56MB, paused 394us total 39.028ms
08-04 13:02:44.862  8104  8116 I art     : Starting a blocking GC Explicit
08-04 13:02:44.902  8104  8116 I art     : Explicit concurrent mark sweep GC freed 25(928B) AllocSpace objects, 0(0B) LOS objects, 28% free, 40MB/56MB, paused 414us total 39.337ms
08-04 13:02:44.917  8104  8116 I art     : Starting a blocking GC Explicit
08-04 13:02:44.958  8104  8116 I art     : Explicit concurrent mark sweep GC freed 19(720B) AllocSpace objects, 0(0B) LOS objects, 28% free, 40MB/56MB, paused 441us total 40.907ms
08-04 13:02:44.973  8104  8116 I art     : Starting a blocking GC Explicit
08-04 13:02:45.014  8104  8116 I art     : Explicit concurrent mark sweep GC freed 20(720B) AllocSpace objects, 0(0B) LOS objects, 28% free, 40MB/56MB, paused 487us total 40.586ms
08-04 13:02:45.282   518   646 I ThermalEngine: ACTION: GPU - Setting GPU[0] to 450000000
08-04 13:02:45.346  8104  8397 I art     : Starting a blocking GC Explicit
08-04 13:02:45.400  8104  8397 I art     : Explicit concurrent mark sweep GC freed 1480(87KB) AllocSpace objects, 1(20KB) LOS objects, 28% free, 40MB/56MB, paused 597us total 54.050ms
08-04 13:02:45.421  8104  8397 I art     : Starting a blocking GC Explicit
08-04 13:02:45.472  8104  8397 I art     : Explicit concurrent mark sweep GC freed 42(1536B) AllocSpace objects, 0(0B) LOS objects, 28% free, 40MB/56MB, paused 578us total 50.952ms
08-04 13:02:45.491  8104  8397 I art     : Starting a blocking GC Explicit
08-04 13:02:45.544  8104  8397 I art     : Explicit concurrent mark sweep GC freed 29(1040B) AllocSpace objects, 0(0B) LOS objects, 28% free, 40MB/56MB, paused 542us total 52.393ms
08-04 13:02:45.563  8104  8397 I art     : Starting a blocking GC Explicit
08-04 13:02:45.596  3644  3644 I ServiceManager: Waiting for service AtCmdFwd...
08-04 13:02:45.614  8104  8397 I art     : Explicit concurrent mark sweep GC freed 32(1232B) AllocSpace objects, 0(0B) LOS objects, 28% free, 40MB/56MB, paused 556us total 49.948ms
08-04 13:02:45.633  8104  8397 I art     : Starting a blocking GC Explicit
08-04 13:02:45.685  8104  8397 I art     : Explicit concurrent mark sweep GC freed 29(1040B) AllocSpace objects, 0(0B) LOS objects, 28% free, 40MB/56MB, paused 581us total 51.941ms
08-04 13:02:46.056  8104  8126 I art     : Starting a blocking GC Explicit
08-04 13:02:46.105  8104  8126 I art     : Explicit concurrent mark sweep GC freed 1489(87KB) AllocSpace objects, 1(20KB) LOS objects, 28% free, 40MB/56MB, paused 488us total 48.755ms
08-04 13:02:46.124  8104  8126 I art     : Starting a blocking GC Explicit
08-04 13:02:46.176  8104  8126 I art     : Explicit concurrent mark sweep GC freed 46(1680B) AllocSpace objects, 0(0B) LOS objects, 28% free, 40MB/56MB, paused 499us total 51.574ms
08-04 13:02:46.196  8104  8126 I art     : Starting a blocking GC Explicit
08-04 13:02:46.246  8104  8126 I art     : Explicit concurrent mark sweep GC freed 25(928B) AllocSpace objects, 0(0B) LOS objects, 28% free, 40MB/56MB, paused 527us total 50.271ms
08-04 13:02:46.266  8104  8126 I art     : Starting a blocking GC Explicit
08-04 13:02:46.318  8104  8126 I art     : Explicit concurrent mark sweep GC freed 31(1136B) AllocSpace objects, 0(0B) LOS objects, 28% free, 40MB/56MB, paused 543us total 51.250ms
08-04 13:02:46.338  8104  8126 I art     : Starting a blocking GC Explicit
08-04 13:02:46.390  8104  8126 I art     : Explicit concurrent mark sweep GC freed 19(720B) AllocSpace objects, 0(0B) LOS objects, 28% free, 40MB/56MB, paused 568us total 51.411ms
08-04 13:02:46.597  3644  3644 I ServiceManager: Waiting for service AtCmdFwd...
08-04 13:02:46.743  8104  8126 I art     : Starting a blocking GC Explicit
08-04 13:02:46.785 13866 13882 I PeriodicStatsRunner: PeriodicStatsRunner.call():175 call()
08-04 13:02:46.785 13866 13882 I PeriodicStatsRunner: PeriodicStatsRunner.call():179 No submit PeriodicStats since input started.
08-04 13:02:46.826  8104  8126 I art     : Explicit concurrent mark sweep GC freed 1499(88KB) AllocSpace objects, 1(20KB) LOS objects, 28% free, 40MB/56MB, paused 704us total 83.319ms
08-04 13:02:46.848  8104  8126 I art     : Starting a blocking GC Explicit
08-04 13:02:46.897  8104  8126 I art     : Explicit concurrent mark sweep GC freed 42(1536B) AllocSpace objects, 0(0B) LOS objects, 28% free, 40MB/56MB, paused 506us total 48.805ms
08-04 13:02:46.916  8104  8126 I art     : Starting a blocking GC Explicit
08-04 13:02:46.966  8104  8126 I art     : Explicit concurrent mark sweep GC freed 32(1200B) AllocSpace objects, 0(0B) LOS objects, 28% free, 40MB/56MB, paused 493us total 49.821ms
08-04 13:02:46.986  8104  8126 I art     : Starting a blocking GC Explicit
08-04 13:02:47.038  8104  8126 I art     : Explicit concurrent mark sweep GC freed 25(928B) AllocSpace objects, 0(0B) LOS objects, 28% free, 40MB/56MB, paused 502us total 52.245ms
08-04 13:02:47.057  8104  8126 I art     : Starting a blocking GC Explicit
08-04 13:02:47.109  8104  8126 I art     : Explicit concurrent mark sweep GC freed 25(928B) AllocSpace objects, 0(0B) LOS objects, 28% free, 40MB/56MB, paused 521us total 51.504ms
08-04 13:02:47.471  8104  8116 I art     : Starting a blocking GC Explicit
08-04 13:02:47.526  8104  8116 I art     : Explicit concurrent mark sweep GC freed 1492(88KB) AllocSpace objects, 1(20KB) LOS objects, 28% free, 40MB/56MB, paused 497us total 55.202ms
08-04 13:02:47.545  8104  8116 I art     : Starting a blocking GC Explicit
08-04 13:02:47.597  8104  8116 I art     : Explicit concurrent mark sweep GC freed 42(1536B) AllocSpace objects, 0(0B) LOS objects, 28% free, 40MB/56MB, paused 508us total 51.006ms
08-04 13:02:47.598  3644  3644 I ServiceManager: Waiting for service AtCmdFwd...
08-04 13:02:47.617  8104  8116 I art     : Starting a blocking GC Explicit
08-04 13:02:47.664  8104  8116 I art     : Explicit concurrent mark sweep GC freed 31(1136B) AllocSpace objects, 0(0B) LOS objects, 28% free, 40MB/56MB, paused 513us total 46.684ms
08-04 13:02:47.683  8104  8116 I art     : Starting a blocking GC Explicit
08-04 13:02:47.734  8104  8116 I art     : Explicit concurrent mark sweep GC freed 27(944B) AllocSpace objects, 0(0B) LOS objects, 28% free, 40MB/56MB, paused 528us total 50.274ms
08-04 13:02:47.753  8104  8116 I art     : Starting a blocking GC Explicit
08-04 13:02:47.803  8104  8116 I art     : Explicit concurrent mark sweep GC freed 23(912B) AllocSpace objects, 0(0B) LOS objects, 28% free, 40MB/56MB, paused 523us total 50.024ms
08-04 13:02:48.138  8104  8397 I art     : Starting a blocking GC Explicit
08-04 13:02:48.190  8104  8397 I art     : Explicit concurrent mark sweep GC freed 1484(87KB) AllocSpace objects, 1(20KB) LOS objects, 28% free, 40MB/56MB, paused 559us total 52.256ms
08-04 13:02:48.209  8104  8397 I art     : Starting a blocking GC Explicit
08-04 13:02:48.261  8104  8397 I art     : Explicit concurrent mark sweep GC freed 42(1536B) AllocSpace objects, 0(0B) LOS objects, 28% free, 40MB/56MB, paused 529us total 51.145ms
08-04 13:02:48.280  8104  8397 I art     : Starting a blocking GC Explicit
08-04 13:02:48.332  8104  8397 I art     : Explicit concurrent mark sweep GC freed 25(928B) AllocSpace objects, 0(0B) LOS objects, 28% free, 40MB/56MB, paused 506us total 51.295ms
08-04 13:02:48.351  8104  8397 I art     : Starting a blocking GC Explicit
08-04 13:02:48.404  8104  8397 I art     : Explicit concurrent mark sweep GC freed 32(1200B) AllocSpace objects, 0(0B) LOS objects, 28% free, 40MB/56MB, paused 541us total 52.223ms
08-04 13:02:48.424  8104  8397 I art     : Starting a blocking GC Explicit
08-04 13:02:48.475  8104  8397 I art     : Explicit concurrent mark sweep GC freed 25(928B) AllocSpace objects, 0(0B) LOS objects, 28% free, 40MB/56MB, paused 503us total 51.383ms
08-04 13:02:48.554  8104 11298 I RedditChangeDataIO: Writing tmp data file at '/data/user/0/baseline.org.quantumbadger.redreader/files/rr_change_data_tmp.dat'
08-04 13:02:48.554  8104 11298 I RedditChangeDataManager: Taking snapshot...
08-04 13:02:48.554  8104 11298 I RedditChangeDataManager: Writing to stream...
08-04 13:02:48.554  8104 11298 I RedditChangeDataManager: Wrote 6 entries for user ''
08-04 13:02:48.555  8104 11298 I RedditChangeDataManager: All entries written to stream.
08-04 13:02:48.555  8104 11298 I RedditChangeDataIO: Write successful. Atomically replacing data file...
08-04 13:02:48.555  8104 11298 I RedditChangeDataIO: Write complete.
08-04 13:02:48.555  8104 11298 I RedditChangeDataIO: 158 bytes written in 2 ms
08-04 13:02:48.598  3644  3644 W Atfwd_Sendcmd: AtCmdFwd service not published, waiting... retryCnt : 4
08-04 13:02:48.631 13866 13882 I PeriodicStatsRunner: PeriodicStatsRunner.call():175 call()
08-04 13:02:48.631 13866 13882 I PeriodicStatsRunner: PeriodicStatsRunner.call():179 No submit PeriodicStats since input started.
08-04 13:02:48.856  8104  8126 I art     : Starting a blocking GC Explicit
08-04 13:02:48.911  8104  8126 I art     : Explicit concurrent mark sweep GC freed 1586(93KB) AllocSpace objects, 2(88KB) LOS objects, 28% free, 40MB/56MB, paused 509us total 54.394ms
08-04 13:02:48.931  8104  8126 I art     : Starting a blocking GC Explicit
08-04 13:02:48.977  8104  8126 I art     : Explicit concurrent mark sweep GC freed 47(1680B) AllocSpace objects, 0(0B) LOS objects, 28% free, 40MB/56MB, paused 610us total 46.137ms
08-04 13:02:48.997  8104  8126 I art     : Starting a blocking GC Explicit
08-04 13:02:49.048  8104  8126 I art     : Explicit concurrent mark sweep GC freed 23(880B) AllocSpace objects, 0(0B) LOS objects, 28% free, 40MB/56MB, paused 533us total 51.299ms
08-04 13:02:49.068  8104  8126 I art     : Starting a blocking GC Explicit
08-04 13:02:49.120  8104  8126 I art     : Explicit concurrent mark sweep GC freed 33(1184B) AllocSpace objects, 0(0B) LOS objects, 28% free, 40MB/56MB, paused 558us total 51.687ms
08-04 13:02:49.139  8104  8126 I art     : Starting a blocking GC Explicit
08-04 13:02:49.192  8104  8126 I art     : Explicit concurrent mark sweep GC freed 21(816B) AllocSpace objects, 0(0B) LOS objects, 28% free, 40MB/56MB, paused 510us total 52.378ms
08-04 13:02:49.562  8104  8116 I art     : Starting a blocking GC Explicit
08-04 13:02:49.614  8104  8116 I art     : Explicit concurrent mark sweep GC freed 1682(119KB) AllocSpace objects, 1(20KB) LOS objects, 28% free, 40MB/56MB, paused 469us total 52.454ms
08-04 13:02:49.633  8104  8116 I art     : Starting a blocking GC Explicit
08-04 13:02:49.685  8104  8116 I art     : Explicit concurrent mark sweep GC freed 107(3KB) AllocSpace objects, 0(0B) LOS objects, 28% free, 40MB/56MB, paused 516us total 51.370ms
08-04 13:02:49.705  8104  8116 I art     : Starting a blocking GC Explicit
08-04 13:02:49.757  8104  8116 I art     : Explicit concurrent mark sweep GC freed 30(1120B) AllocSpace objects, 0(0B) LOS objects, 28% free, 40MB/56MB, paused 564us total 51.106ms
08-04 13:02:49.776  8104  8116 I art     : Starting a blocking GC Explicit
08-04 13:02:49.824  8104  8116 I art     : Explicit concurrent mark sweep GC freed 28(1040B) AllocSpace objects, 0(0B) LOS objects, 28% free, 40MB/56MB, paused 456us total 47.575ms
08-04 13:02:49.842  8104  8116 I art     : Starting a blocking GC Explicit
08-04 13:02:49.890  8104  8116 I art     : Explicit concurrent mark sweep GC freed 19(720B) AllocSpace objects, 0(0B) LOS objects, 28% free, 40MB/56MB, paused 497us total 47.268ms
08-04 13:02:49.890  8104  8114 I art     : WaitForGcToComplete blocked for 41.936ms for cause HeapTrim
08-04 13:02:50.254  8104  8397 I art     : Starting a blocking GC Explicit
08-04 13:02:50.291   518   646 I ThermalEngine: ACTION: GPU - Setting GPU[0] to 510000000
08-04 13:02:50.304  8104  8397 I art     : Explicit concurrent mark sweep GC freed 1493(87KB) AllocSpace objects, 1(20KB) LOS objects, 28% free, 40MB/56MB, paused 551us total 50.426ms
08-04 13:02:50.325  8104  8397 I art     : Starting a blocking GC Explicit
08-04 13:02:50.325 11411 11411 D AndroidRuntime: >>>>>> START com.android.internal.os.RuntimeInit uid 2000 <<<<<<
08-04 13:02:50.331 11411 11411 D AndroidRuntime: CheckJNI is OFF
08-04 13:02:50.366  8104  8397 I art     : Explicit concurrent mark sweep GC freed 42(1536B) AllocSpace objects, 0(0B) LOS objects, 28% free, 40MB/56MB, paused 376us total 40.725ms
08-04 13:02:50.366 11411 11411 D ICU     : No timezone override file found: /data/misc/zoneinfo/current/icu/icu_tzdata.dat
08-04 13:02:50.380  8104  8397 I art     : Starting a blocking GC Explicit
08-04 13:02:50.400 11411 11411 I Radio-JNI: register_android_hardware_Radio DONE
08-04 13:02:50.417  8104  8397 I art     : Explicit concurrent mark sweep GC freed 21(784B) AllocSpace objects, 0(0B) LOS objects, 28% free, 40MB/56MB, paused 375us total 37.138ms
08-04 13:02:50.421 11411 11411 D AndroidRuntime: Calling main entry com.android.commands.input.Input
08-04 13:02:50.423 11411 11411 I Input   : injectKeyEvent: KeyEvent { action=ACTION_DOWN, keyCode=KEYCODE_BACK, scanCode=0, metaState=0, flags=0x0, repeatCount=0, eventTime=709386836, downTime=709386836, deviceId=-1, source=0x101 }
08-04 13:02:50.430 11411 11411 I Input   : injectKeyEvent: KeyEvent { action=ACTION_UP, keyCode=KEYCODE_BACK, scanCode=0, metaState=0, flags=0x0, repeatCount=0, eventTime=709386836, downTime=709386836, deviceId=-1, source=0x101 }
08-04 13:02:50.431  8104  8397 I art     : Starting a blocking GC Explicit
08-04 13:02:50.436 11411 11411 D AndroidRuntime: Shutting down VM
08-04 13:02:50.468  8104  8397 I art     : Explicit concurrent mark sweep GC freed 153(5KB) AllocSpace objects, 0(0B) LOS objects, 28% free, 40MB/56MB, paused 406us total 36.206ms
08-04 13:02:50.482  8104  8397 I art     : Starting a blocking GC Explicit
08-04 13:02:50.488 13866 13866 I GoogleInputMethodServic: GoogleInputMethodService.onFinishInput():3138 
08-04 13:02:50.489 13866 13866 I GoogleInputMethodServic: GoogleInputMethodService.onStartInput():1808 
08-04 13:02:50.518  8104  8397 I art     : Explicit concurrent mark sweep GC freed 105(3KB) AllocSpace objects, 0(0B) LOS objects, 28% free, 40MB/56MB, paused 446us total 34.994ms
08-04 13:02:50.540  8104 11321 I MediaCodec: [OMX.qcom.video.decoder.avc] setting surface generation to 8298498
08-04 13:02:50.541  8104 11322 D SurfaceUtils: set up nativeWindow 0x7f7844ac10 for 368x320, color 0x7fa30c04, rotation 0, usage 0x42002900
08-04 13:02:50.796  8104  8104 I ExoPlayerImpl: Release 43f61bc [ExoPlayerLib/2.10.8] [angler, Nexus 6P, Huawei, 23] [goog.exo.core, goog.exo.ui]
08-04 13:02:50.796   380   380 W SurfaceFlinger: couldn't log to binary event log: overflow.
08-04 13:02:50.813   512  3270 I OMX-VDEC-1080P: omx_vdec::component_deinit() complete
08-04 13:02:50.815   512  3270 I OMX-VDEC-1080P: Exit OMX vdec Destructor: fd=49
08-04 13:02:50.822  8104  8116 I art     : Starting a blocking GC Explicit
08-04 13:02:50.861  8104  8116 I art     : Explicit concurrent mark sweep GC freed 1920(191KB) AllocSpace objects, 36(2MB) LOS objects, 29% free, 37MB/53MB, paused 369us total 38.161ms
08-04 13:02:50.874  8104  8116 I art     : Starting a blocking GC Explicit
08-04 13:02:50.912  8104  8116 I art     : Explicit concurrent mark sweep GC freed 2891(160KB) AllocSpace objects, 4(200KB) LOS objects, 29% free, 37MB/53MB, paused 374us total 37.075ms
08-04 13:02:50.926  8104  8116 I art     : Starting a blocking GC Explicit
08-04 13:02:50.966  8104  8116 I art     : Explicit concurrent mark sweep GC freed 22(1040B) AllocSpace objects, 0(0B) LOS objects, 29% free, 37MB/53MB, paused 374us total 39.215ms
08-04 13:02:50.981  8104  8116 I art     : Starting a blocking GC Explicit
08-04 13:02:51.021  8104  8116 I art     : Explicit concurrent mark sweep GC freed 3(96B) AllocSpace objects, 0(0B) LOS objects, 29% free, 37MB/53MB, paused 365us total 39.698ms
08-04 13:02:51.036  8104  8116 I art     : Starting a blocking GC Explicit
08-04 13:02:51.077  8104  8116 I art     : Explicit concurrent mark sweep GC freed 3(96B) AllocSpace objects, 0(0B) LOS objects, 29% free, 37MB/53MB, paused 397us total 40.864ms
08-04 13:02:51.297   518   646 I ThermalEngine: ACTION: GPU - Setting GPU[0] to 450000000
08-04 13:02:51.406  8104  8117 I art     : Starting a blocking GC Explicit
08-04 13:02:51.470  8104  8117 I art     : Explicit concurrent mark sweep GC freed 1354(82KB) AllocSpace objects, 1(20KB) LOS objects, 29% free, 37MB/53MB, paused 468us total 63.993ms
08-04 13:02:51.490  8104  8117 I art     : Starting a blocking GC Explicit
08-04 13:02:51.540  8104  8117 I art     : Explicit concurrent mark sweep GC freed 20(704B) AllocSpace objects, 0(0B) LOS objects, 29% free, 37MB/53MB, paused 496us total 49.475ms
08-04 13:02:51.560  8104  8117 I art     : Starting a blocking GC Explicit
08-04 13:02:51.609  8104  8117 I art     : Explicit concurrent mark sweep GC freed 3(96B) AllocSpace objects, 0(0B) LOS objects, 29% free, 37MB/53MB, paused 489us total 49.109ms
08-04 13:02:51.628  8104  8117 I art     : Starting a blocking GC Explicit
08-04 13:02:51.677  8104  8117 I art     : Explicit concurrent mark sweep GC freed 3(96B) AllocSpace objects, 0(0B) LOS objects, 29% free, 37MB/53MB, paused 544us total 48.744ms
08-04 13:02:51.696  8104  8117 I art     : Starting a blocking GC Explicit
08-04 13:02:51.739  8104  8117 I art     : Explicit concurrent mark sweep GC freed 3(96B) AllocSpace objects, 0(0B) LOS objects, 29% free, 37MB/53MB, paused 476us total 42.686ms
08-04 13:02:52.069  8104  8126 I art     : Starting a blocking GC Explicit
08-04 13:02:52.131  8104  8126 I art     : Explicit concurrent mark sweep GC freed 1354(82KB) AllocSpace objects, 1(20KB) LOS objects, 29% free, 37MB/53MB, paused 535us total 61.138ms
08-04 13:02:52.150  8104  8126 I art     : Starting a blocking GC Explicit
08-04 13:02:52.201  8104  8126 I art     : Explicit concurrent mark sweep GC freed 20(704B) AllocSpace objects, 0(0B) LOS objects, 29% free, 37MB/53MB, paused 481us total 50.494ms
08-04 13:02:52.220  8104  8126 I art     : Starting a blocking GC Explicit
08-04 13:02:52.228 11456 11456 D AndroidRuntime: >>>>>> START com.android.internal.os.RuntimeInit uid 2000 <<<<<<
08-04 13:02:52.234 11456 11456 D AndroidRuntime: CheckJNI is OFF
08-04 13:02:52.269  8104  8126 I art     : Explicit concurrent mark sweep GC freed 3(96B) AllocSpace objects, 0(0B) LOS objects, 29% free, 37MB/53MB, paused 485us total 48.903ms
08-04 13:02:52.280 11456 11456 D ICU     : No timezone override file found: /data/misc/zoneinfo/current/icu/icu_tzdata.dat
08-04 13:02:52.288  8104  8126 I art     : Starting a blocking GC Explicit
08-04 13:02:52.325 11456 11456 I Radio-JNI: register_android_hardware_Radio DONE
08-04 13:02:52.338  8104  8126 I art     : Explicit concurrent mark sweep GC freed 3(96B) AllocSpace objects, 0(0B) LOS objects, 29% free, 37MB/53MB, paused 508us total 49.394ms
08-04 13:02:52.355 11456 11456 D AndroidRuntime: Calling main entry com.android.commands.input.Input
08-04 13:02:52.357  8104  8126 I art     : Starting a blocking GC Explicit
08-04 13:02:52.358 11456 11456 I Input   : injectMotionEvent: MotionEvent { action=ACTION_DOWN, actionButton=0, id[0]=0, x[0]=1340.0, y[0]=1100.0, toolType[0]=TOOL_TYPE_UNKNOWN, buttonState=0, metaState=0, flags=0x0, edgeFlags=0x0, pointerCount=1, historySize=0, eventTime=709388770, downTime=709388770, deviceId=0, source=0x1002 }
08-04 13:02:52.365 11456 11456 I Input   : injectMotionEvent: MotionEvent { action=ACTION_UP, actionButton=0, id[0]=0, x[0]=1340.0, y[0]=1100.0, toolType[0]=TOOL_TYPE_UNKNOWN, buttonState=0, metaState=0, flags=0x0, edgeFlags=0x0, pointerCount=1, historySize=0, eventTime=709388770, downTime=709388770, deviceId=0, source=0x1002 }
08-04 13:02:52.369 11456 11456 D AndroidRuntime: Shutting down VM
08-04 13:02:52.389   918  4413 I ActivityManager: START u0 {dat=https://oauth.reddit.com/... cmp=baseline.org.quantumbadger.redreader/.activities.CommentListingActivity} from uid 10666 on display 0
08-04 13:02:52.390   512  2967 D audio_hw_primary: out_set_parameters: enter: usecase(1: low-latency-playback) kvpairs: routing=2
08-04 13:02:52.403   512  2967 D audio_hw_primary: select_devices: out_snd_device(2: speaker) in_snd_device(0: none)
08-04 13:02:52.403   512  2967 D msm8974_platform: platform_send_audio_calibration: sending audio calibration for snd_device(2) acdb_id(15)
08-04 13:02:52.403   512  2967 I soundtrigger: audio_extn_sound_trigger_update_device_status: device 0x2 of type 0 for Event 1
08-04 13:02:52.406  8104  8126 I art     : Explicit concurrent mark sweep GC freed 232(7KB) AllocSpace objects, 0(0B) LOS objects, 29% free, 37MB/53MB, paused 882us total 48.291ms
08-04 13:02:52.416   512  2967 D audio_hw_primary: enable_snd_device: snd_device(2: speaker)
08-04 13:02:52.419   512  2967 D audio_hw_primary: enable_audio_route: apply and update mixer path: low-latency-playback speaker
08-04 13:02:52.423  8104  8104 I AppCompatViewInflater: app:theme is now deprecated. Please move to using android:theme instead.
08-04 13:02:52.442  8104 11024 I CommentListingActivity: COMMENTS session changed to edc5fe92-1d5b-4224-b12d-d572e92ddfa0
08-04 13:02:52.551   918   936 I ActivityManager: Displayed baseline.org.quantumbadger.redreader/.activities.CommentListingActivity: +151ms
08-04 13:02:52.551 13866 13866 I GoogleInputMethodServic: GoogleInputMethodService.onFinishInput():3138 
08-04 13:02:52.552 13866 13866 I GoogleInputMethodServic: GoogleInputMethodService.onStartInput():1808 
08-04 13:02:52.734  8104  8126 I art     : Starting a blocking GC Explicit
08-04 13:02:52.795  8104  8126 I art     : Explicit concurrent mark sweep GC freed 43920(2MB) AllocSpace objects, 1(20KB) LOS objects, 28% free, 39MB/55MB, paused 442us total 60.842ms
08-04 13:02:52.798   380   380 W SurfaceFlinger: couldn't log to binary event log: overflow.
08-04 13:02:52.816  8104  8126 I art     : Starting a blocking GC Explicit
08-04 13:02:52.870  8104  8126 I art     : Explicit concurrent mark sweep GC freed 456(23KB) AllocSpace objects, 0(0B) LOS objects, 28% free, 39MB/55MB, paused 415us total 53.098ms
08-04 13:02:52.889  8104  8126 I art     : Starting a blocking GC Explicit
08-04 13:02:52.945  8104  8126 I art     : Explicit concurrent mark sweep GC freed 109(3KB) AllocSpace objects, 0(0B) LOS objects, 28% free, 39MB/55MB, paused 718us total 55.700ms
08-04 13:02:52.959   512  2967 D audio_hw_primary: disable_audio_route: reset and update mixer path: low-latency-playback speaker
08-04 13:02:52.960   512  2967 D audio_hw_primary: disable_snd_device: snd_device(2: speaker)
08-04 13:02:52.965  8104  8126 I art     : Starting a blocking GC Explicit
08-04 13:02:52.970   512  2967 I soundtrigger: audio_extn_sound_trigger_update_device_status: device 0x2 of type 0 for Event 0
08-04 13:02:53.023  8104  8126 I art     : Explicit concurrent mark sweep GC freed 51(1648B) AllocSpace objects, 0(0B) LOS objects, 28% free, 39MB/55MB, paused 417us total 57.222ms
08-04 13:02:53.043  8104  8126 I art     : Starting a blocking GC Explicit
08-04 13:02:53.098  8104  8126 I art     : Explicit concurrent mark sweep GC freed 3(96B) AllocSpace objects, 0(0B) LOS objects, 28% free, 39MB/55MB, paused 421us total 54.813ms
08-04 13:02:53.437  8104  8116 I art     : Starting a blocking GC Explicit
08-04 13:02:53.499  8104  8116 I art     : Explicit concurrent mark sweep GC freed 1354(82KB) AllocSpace objects, 1(20KB) LOS objects, 28% free, 39MB/55MB, paused 465us total 61.894ms
08-04 13:02:53.521  8104  8116 I art     : Starting a blocking GC Explicit
08-04 13:02:53.584  8104  8116 I art     : Explicit concurrent mark sweep GC freed 66(2528B) AllocSpace objects, 0(0B) LOS objects, 28% free, 39MB/55MB, paused 478us total 63.266ms
08-04 13:02:53.605  8104  8116 I art     : Starting a blocking GC Explicit
08-04 13:02:53.675  8104  8116 I art     : Explicit concurrent mark sweep GC freed 3(96B) AllocSpace objects, 0(0B) LOS objects, 28% free, 39MB/55MB, paused 535us total 69.096ms
08-04 13:02:53.699  8104  8116 I art     : Starting a blocking GC Explicit
08-04 13:02:53.763  8104  8116 I art     : Explicit concurrent mark sweep GC freed 3(96B) AllocSpace objects, 0(0B) LOS objects, 28% free, 39MB/55MB, paused 496us total 64.113ms
08-04 13:02:53.785  8104  8116 I art     : Starting a blocking GC Explicit
08-04 13:02:53.848  8104  8116 I art     : Explicit concurrent mark sweep GC freed 3(96B) AllocSpace objects, 0(0B) LOS objects, 28% free, 39MB/55MB, paused 505us total 63.344ms
08-04 13:02:54.191  8104  8397 I art     : Starting a blocking GC Explicit
08-04 13:02:54.282  8104  8397 I art     : Explicit concurrent mark sweep GC freed 1354(82KB) AllocSpace objects, 1(20KB) LOS objects, 28% free, 39MB/55MB, paused 576us total 90.733ms
08-04 13:02:54.308  8104  8397 I art     : Starting a blocking GC Explicit
08-04 13:02:54.378  8104  8397 I art     : Explicit concurrent mark sweep GC freed 20(704B) AllocSpace objects, 0(0B) LOS objects, 28% free, 39MB/55MB, paused 567us total 69.108ms
08-04 13:02:54.400  8104  8397 I art     : Starting a blocking GC Explicit
08-04 13:02:54.470  8104  8397 I art     : Explicit concurrent mark sweep GC freed 3(96B) AllocSpace objects, 0(0B) LOS objects, 28% free, 39MB/55MB, paused 536us total 69.860ms
08-04 13:02:54.492  8104  8397 I art     : Starting a blocking GC Explicit
08-04 13:02:54.569  8104  8397 I art     : Explicit concurrent mark sweep GC freed 3(96B) AllocSpace objects, 0(0B) LOS objects, 28% free, 39MB/55MB, paused 589us total 76.689ms
08-04 13:02:54.591  8104  8397 I art     : Starting a blocking GC Explicit
08-04 13:02:54.667  8104  8397 I art     : Explicit concurrent mark sweep GC freed 3(96B) AllocSpace objects, 0(0B) LOS objects, 28% free, 39MB/55MB, paused 570us total 74.818ms
08-04 13:02:55.044  8104  8117 I art     : Starting a blocking GC Explicit
08-04 13:02:55.128  8104  8117 I art     : Explicit concurrent mark sweep GC freed 1354(82KB) AllocSpace objects, 1(20KB) LOS objects, 28% free, 39MB/55MB, paused 563us total 83.203ms
08-04 13:02:55.152  8104  8117 I art     : Starting a blocking GC Explicit
08-04 13:02:55.222  8104  8117 I art     : Explicit concurrent mark sweep GC freed 20(704B) AllocSpace objects, 0(0B) LOS objects, 28% free, 39MB/55MB, paused 534us total 70.111ms
08-04 13:02:55.244  8104  8117 I art     : Starting a blocking GC Explicit
08-04 13:02:55.321  8104  8117 I art     : Explicit concurrent mark sweep GC freed 3(96B) AllocSpace objects, 0(0B) LOS objects, 28% free, 39MB/55MB, paused 542us total 76.594ms
08-04 13:02:55.322  8104  8114 I art     : WaitForGcToComplete blocked for 16.311ms for cause HeapTrim
08-04 13:02:55.344  8104  8117 I art     : Starting a blocking GC Explicit
08-04 13:02:55.415  8104  8117 I art     : Explicit concurrent mark sweep GC freed 3(96B) AllocSpace objects, 0(0B) LOS objects, 28% free, 39MB/55MB, paused 459us total 70.048ms
08-04 13:02:55.436  8104  8117 I art     : Starting a blocking GC Explicit
08-04 13:02:55.489 13866 13882 I PeriodicStatsRunner: PeriodicStatsRunner.call():175 call()
08-04 13:02:55.490 13866 13882 I PeriodicStatsRunner: PeriodicStatsRunner.call():179 No submit PeriodicStats since input started.
08-04 13:02:55.509  8104  8117 I art     : Explicit concurrent mark sweep GC freed 3(96B) AllocSpace objects, 0(0B) LOS objects, 28% free, 39MB/55MB, paused 633us total 72.213ms
08-04 13:02:55.887  8104  8126 I art     : Starting a blocking GC Explicit
08-04 13:02:55.972  8104  8126 I art     : Explicit concurrent mark sweep GC freed 1354(82KB) AllocSpace objects, 1(20KB) LOS objects, 28% free, 39MB/55MB, paused 547us total 84.089ms
08-04 13:02:55.996  8104  8126 I art     : Starting a blocking GC Explicit
08-04 13:02:56.065  8104  8126 I art     : Explicit concurrent mark sweep GC freed 20(704B) AllocSpace objects, 0(0B) LOS objects, 28% free, 39MB/55MB, paused 466us total 69ms
08-04 13:02:56.087  8104  8126 I art     : Starting a blocking GC Explicit
08-04 13:02:56.159  8104  8126 I art     : Explicit concurrent mark sweep GC freed 3(96B) AllocSpace objects, 0(0B) LOS objects, 28% free, 39MB/55MB, paused 526us total 71.562ms
08-04 13:02:56.181  8104  8126 I art     : Starting a blocking GC Explicit
08-04 13:02:56.253  8104  8126 I art     : Explicit concurrent mark sweep GC freed 3(96B) AllocSpace objects, 0(0B) LOS objects, 28% free, 39MB/55MB, paused 486us total 71.898ms
08-04 13:02:56.275  8104  8126 I art     : Starting a blocking GC Explicit
08-04 13:02:56.345  8104  8126 I art     : Explicit concurrent mark sweep GC freed 3(96B) AllocSpace objects, 0(0B) LOS objects, 28% free, 39MB/55MB, paused 505us total 70.062ms
08-04 13:02:56.720  8104  8116 I art     : Starting a blocking GC Explicit
08-04 13:02:56.797  8104  8116 I art     : Explicit concurrent mark sweep GC freed 1354(82KB) AllocSpace objects, 1(20KB) LOS objects, 28% free, 39MB/55MB, paused 560us total 76.086ms
08-04 13:02:56.820  8104  8116 I art     : Starting a blocking GC Explicit
08-04 13:02:56.888  8104  8116 I art     : Explicit concurrent mark sweep GC freed 20(704B) AllocSpace objects, 0(0B) LOS objects, 28% free, 39MB/55MB, paused 526us total 68.038ms
08-04 13:02:56.909  8104  8116 I art     : Starting a blocking GC Explicit
08-04 13:02:56.975  8104  8116 I art     : Explicit concurrent mark sweep GC freed 3(96B) AllocSpace objects, 0(0B) LOS objects, 28% free, 39MB/55MB, paused 504us total 65.666ms
08-04 13:02:56.997  8104  8116 I art     : Starting a blocking GC Explicit
08-04 13:02:57.064  8104  8116 I art     : Explicit concurrent mark sweep GC freed 3(96B) AllocSpace objects, 0(0B) LOS objects, 28% free, 39MB/55MB, paused 520us total 66.496ms
08-04 13:02:57.085  8104  8116 I art     : Starting a blocking GC Explicit
08-04 13:02:57.152  8104  8116 I art     : Explicit concurrent mark sweep GC freed 3(96B) AllocSpace objects, 0(0B) LOS objects, 28% free, 39MB/55MB, paused 528us total 66.256ms
08-04 13:02:57.183 11544 11544 D AndroidRuntime: >>>>>> START com.android.internal.os.RuntimeInit uid 2000 <<<<<<
08-04 13:02:57.189 11544 11544 D AndroidRuntime: CheckJNI is OFF
08-04 13:02:57.235 11544 11544 D ICU     : No timezone override file found: /data/misc/zoneinfo/current/icu/icu_tzdata.dat
08-04 13:02:57.282 11544 11544 I Radio-JNI: register_android_hardware_Radio DONE
08-04 13:02:57.311   518   646 I ThermalEngine: ACTION: GPU - Setting GPU[0] to 510000000
08-04 13:02:57.313 11544 11544 D AndroidRuntime: Calling main entry com.android.commands.input.Input
08-04 13:02:57.315 11544 11544 I Input   : injectKeyEvent: KeyEvent { action=ACTION_DOWN, keyCode=KEYCODE_BACK, scanCode=0, metaState=0, flags=0x0, repeatCount=0, eventTime=709393728, downTime=709393728, deviceId=-1, source=0x101 }
08-04 13:02:57.322 11544 11544 I Input   : injectKeyEvent: KeyEvent { action=ACTION_UP, keyCode=KEYCODE_BACK, scanCode=0, metaState=0, flags=0x0, repeatCount=0, eventTime=709393728, downTime=709393728, deviceId=-1, source=0x101 }
08-04 13:02:57.329 11544 11544 D AndroidRuntime: Shutting down VM
08-04 13:02:57.370 13866 13866 I GoogleInputMethodServic: GoogleInputMethodService.onFinishInput():3138 
08-04 13:02:57.371 13866 13866 I GoogleInputMethodServic: GoogleInputMethodService.onStartInput():1808 
08-04 13:02:57.401  8104 11480 I RedditChangeDataIO: Writing tmp data file at '/data/user/0/baseline.org.quantumbadger.redreader/files/rr_change_data_tmp.dat'
08-04 13:02:57.402  8104 11480 I RedditChangeDataManager: Taking snapshot...
08-04 13:02:57.402  8104 11480 I RedditChangeDataManager: Writing to stream...
08-04 13:02:57.402  8104 11480 I RedditChangeDataManager: Wrote 6 entries for user ''
08-04 13:02:57.402  8104 11480 I RedditChangeDataManager: All entries written to stream.
08-04 13:02:57.402  8104 11480 I RedditChangeDataIO: Write successful. Atomically replacing data file...
08-04 13:02:57.403  8104 11480 I RedditChangeDataIO: Write complete.
08-04 13:02:57.403  8104 11480 I RedditChangeDataIO: 158 bytes written in 2 ms
08-04 13:02:57.458  8104  8117 I art     : Starting a blocking GC Explicit
08-04 13:02:57.505  8104  8117 I art     : Explicit concurrent mark sweep GC freed 1709(97KB) AllocSpace objects, 2(88KB) LOS objects, 28% free, 39MB/55MB, paused 350us total 46.971ms
08-04 13:02:57.525  8104  8117 I art     : Starting a blocking GC Explicit
08-04 13:02:57.552 13866 13882 I PeriodicStatsRunner: PeriodicStatsRunner.call():175 call()
08-04 13:02:57.552 13866 13882 I PeriodicStatsRunner: PeriodicStatsRunner.call():179 No submit PeriodicStats since input started.
08-04 13:02:57.587  8104  8117 I art     : Explicit concurrent mark sweep GC freed 27(960B) AllocSpace objects, 0(0B) LOS objects, 28% free, 39MB/55MB, paused 524us total 62.231ms
08-04 13:02:57.609  8104  8117 I art     : Starting a blocking GC Explicit
08-04 13:02:57.672  8104  8117 I art     : Explicit concurrent mark sweep GC freed 3(96B) AllocSpace objects, 0(0B) LOS objects, 28% free, 39MB/55MB, paused 337us total 62.600ms
08-04 13:02:57.686   380   380 W SurfaceFlinger: couldn't log to binary event log: overflow.
08-04 13:02:57.689  8104  8117 I art     : Starting a blocking GC Explicit
08-04 13:02:57.739  8104  8117 I art     : Explicit concurrent mark sweep GC freed 52(1808B) AllocSpace objects, 0(0B) LOS objects, 28% free, 39MB/55MB, paused 387us total 49.380ms
08-04 13:02:57.755  8104  8117 I art     : Starting a blocking GC Explicit
08-04 13:02:57.807  8104  8117 I art     : Explicit concurrent mark sweep GC freed 116(6KB) AllocSpace objects, 0(0B) LOS objects, 28% free, 39MB/55MB, paused 390us total 51.369ms
08-04 13:02:58.119  8104  8397 I art     : Starting a blocking GC Explicit
08-04 13:02:58.175  8104  8397 I art     : Explicit concurrent mark sweep GC freed 42622(2MB) AllocSpace objects, 6(160KB) LOS objects, 29% free, 37MB/53MB, paused 432us total 55.730ms
08-04 13:02:58.190  8104  8397 I art     : Starting a blocking GC Explicit
08-04 13:02:58.227  8104  8397 I art     : Explicit concurrent mark sweep GC freed 20(704B) AllocSpace objects, 0(0B) LOS objects, 29% free, 37MB/53MB, paused 366us total 35.891ms
08-04 13:02:58.241  8104  8397 I art     : Starting a blocking GC Explicit
08-04 13:02:58.281  8104  8397 I art     : Explicit concurrent mark sweep GC freed 3(96B) AllocSpace objects, 0(0B) LOS objects, 29% free, 37MB/53MB, paused 378us total 40.102ms
08-04 13:02:58.296  8104  8397 I art     : Starting a blocking GC Explicit
08-04 13:02:58.337  8104  8397 I art     : Explicit concurrent mark sweep GC freed 3(96B) AllocSpace objects, 0(0B) LOS objects, 29% free, 37MB/53MB, paused 517us total 41.167ms
08-04 13:02:58.352  8104  8397 I art     : Starting a blocking GC Explicit
08-04 13:02:58.394  8104  8397 I art     : Explicit concurrent mark sweep GC freed 3(96B) AllocSpace objects, 0(0B) LOS objects, 29% free, 37MB/53MB, paused 375us total 41.275ms
08-04 13:02:58.697  8104  8116 I art     : Starting a blocking GC Explicit
08-04 13:02:58.737  8104  8116 I art     : Explicit concurrent mark sweep GC freed 1354(82KB) AllocSpace objects, 1(20KB) LOS objects, 29% free, 37MB/53MB, paused 428us total 40.593ms
08-04 13:02:58.752  8104  8116 I art     : Starting a blocking GC Explicit
08-04 13:02:58.790  8104  8116 I art     : Explicit concurrent mark sweep GC freed 20(704B) AllocSpace objects, 0(0B) LOS objects, 29% free, 37MB/53MB, paused 368us total 37.734ms
08-04 13:02:58.805  8104  8116 I art     : Starting a blocking GC Explicit
08-04 13:02:58.844  8104  8116 I art     : Explicit concurrent mark sweep GC freed 3(96B) AllocSpace objects, 0(0B) LOS objects, 29% free, 37MB/53MB, paused 353us total 39.006ms
08-04 13:02:58.859  8104  8116 I art     : Starting a blocking GC Explicit
08-04 13:02:58.898  8104  8116 I art     : Explicit concurrent mark sweep GC freed 3(96B) AllocSpace objects, 0(0B) LOS objects, 29% free, 37MB/53MB, paused 399us total 38.668ms
08-04 13:02:58.912  8104  8116 I art     : Starting a blocking GC Explicit
08-04 13:02:58.951  8104  8116 I art     : Explicit concurrent mark sweep GC freed 3(96B) AllocSpace objects, 0(0B) LOS objects, 29% free, 37MB/53MB, paused 406us total 38.367ms
08-04 13:02:59.017 11580 11580 D AndroidRuntime: >>>>>> START com.android.internal.os.RuntimeInit uid 2000 <<<<<<
08-04 13:02:59.023 11580 11580 D AndroidRuntime: CheckJNI is OFF
08-04 13:02:59.062 11580 11580 D ICU     : No timezone override file found: /data/misc/zoneinfo/current/icu/icu_tzdata.dat
08-04 13:02:59.099 11580 11580 I Radio-JNI: register_android_hardware_Radio DONE
08-04 13:02:59.120 11580 11580 D AndroidRuntime: Calling main entry com.android.commands.input.Input
08-04 13:02:59.122 11580 11580 I Input   : injectKeyEvent: KeyEvent { action=ACTION_DOWN, keyCode=KEYCODE_BACK, scanCode=0, metaState=0, flags=0x0, repeatCount=0, eventTime=709395535, downTime=709395535, deviceId=-1, source=0x101 }
08-04 13:02:59.127 11580 11580 I Input   : injectKeyEvent: KeyEvent { action=ACTION_UP, keyCode=KEYCODE_BACK, scanCode=0, metaState=0, flags=0x0, repeatCount=0, eventTime=709395535, downTime=709395535, deviceId=-1, source=0x101 }
08-04 13:02:59.133 11580 11580 D AndroidRuntime: Shutting down VM
08-04 13:02:59.177 13866 13866 I GoogleInputMethodServic: GoogleInputMethodService.onFinishInput():3138 
08-04 13:02:59.178 13866 13866 I GoogleInputMethodServic: GoogleInputMethodService.onStartInput():1808 
08-04 13:02:59.249  8104  8126 I art     : Starting a blocking GC Explicit
08-04 13:02:59.285  8104  8126 I art     : Explicit concurrent mark sweep GC freed 1534(88KB) AllocSpace objects, 1(20KB) LOS objects, 29% free, 37MB/53MB, paused 363us total 35.553ms
08-04 13:02:59.302  8104  8126 I art     : Starting a blocking GC Explicit
08-04 13:02:59.351  8104  8126 I art     : Explicit concurrent mark sweep GC freed 24(864B) AllocSpace objects, 0(0B) LOS objects, 29% free, 37MB/53MB, paused 376us total 48.376ms
08-04 13:02:59.368  8104  8126 I art     : Starting a blocking GC Explicit
08-04 13:02:59.419  8104  8126 I art     : Explicit concurrent mark sweep GC freed 3(96B) AllocSpace objects, 0(0B) LOS objects, 29% free, 37MB/53MB, paused 348us total 49.930ms
08-04 13:02:59.438  8104  8126 I art     : Starting a blocking GC Explicit
08-04 13:02:59.476  8104  8126 I art     : Explicit concurrent mark sweep GC freed 3(96B) AllocSpace objects, 0(0B) LOS objects, 29% free, 37MB/53MB, paused 307us total 38.123ms
08-04 13:02:59.490  8104  8126 I art     : Starting a blocking GC Explicit
08-04 13:02:59.530  8104  8126 I art     : Explicit concurrent mark sweep GC freed 58(2000B) AllocSpace objects, 0(0B) LOS objects, 29% free, 37MB/53MB, paused 384us total 39.242ms
08-04 13:02:59.858  8104  8116 I art     : Starting a blocking GC Explicit
08-04 13:02:59.910  8104  8116 I art     : Explicit concurrent mark sweep GC freed 1467(88KB) AllocSpace objects, 1(20KB) LOS objects, 29% free, 37MB/53MB, paused 411us total 51.608ms
08-04 13:02:59.925  8104  8116 I art     : Starting a blocking GC Explicit
08-04 13:02:59.967  8104  8116 I art     : Explicit concurrent mark sweep GC freed 40(1472B) AllocSpace objects, 0(0B) LOS objects, 29% free, 37MB/53MB, paused 402us total 41.623ms
08-04 13:02:59.982  8104  8116 I art     : Starting a blocking GC Explicit
08-04 13:03:00.023  8104  8116 I art     : Explicit concurrent mark sweep GC freed 3(96B) AllocSpace objects, 0(0B) LOS objects, 29% free, 37MB/53MB, paused 362us total 41.484ms
08-04 13:03:00.039  8104  8116 I art     : Starting a blocking GC Explicit
08-04 13:03:00.077  8104  8116 I art     : Explicit concurrent mark sweep GC freed 3(96B) AllocSpace objects, 0(0B) LOS objects, 29% free, 37MB/53MB, paused 429us total 38.079ms
08-04 13:03:00.092  8104  8116 I art     : Starting a blocking GC Explicit
08-04 13:03:00.132  8104  8116 I art     : Explicit concurrent mark sweep GC freed 3(96B) AllocSpace objects, 0(0B) LOS objects, 29% free, 37MB/53MB, paused 400us total 39.962ms
08-04 13:03:00.444  8104  8117 I art     : Starting a blocking GC Explicit
08-04 13:03:00.486  8104  8117 I art     : Explicit concurrent mark sweep GC freed 1354(82KB) AllocSpace objects, 1(20KB) LOS objects, 29% free, 37MB/53MB, paused 420us total 41.312ms
08-04 13:03:00.500   918  3188 I hubconnection: sensorhub said: 'set_bias 3: -5.1168, 0.0000, 0.0000'
08-04 13:03:00.501  8104  8117 I art     : Starting a blocking GC Explicit
08-04 13:03:00.539  8104  8117 I art     : Explicit concurrent mark sweep GC freed 20(704B) AllocSpace objects, 0(0B) LOS objects, 29% free, 37MB/53MB, paused 435us total 37.509ms
08-04 13:03:00.553  8104  8117 I art     : Starting a blocking GC Explicit
08-04 13:03:00.593  8104  8117 I art     : Explicit concurrent mark sweep GC freed 3(96B) AllocSpace objects, 0(0B) LOS objects, 29% free, 37MB/53MB, paused 386us total 39.391ms
08-04 13:03:00.607  8104  8117 I art     : Starting a blocking GC Explicit
08-04 13:03:00.646  8104  8117 I art     : Explicit concurrent mark sweep GC freed 3(96B) AllocSpace objects, 0(0B) LOS objects, 29% free, 37MB/53MB, paused 434us total 38.718ms
08-04 13:03:00.661  8104  8117 I art     : Starting a blocking GC Explicit
08-04 13:03:00.700  8104  8117 I art     : Explicit concurrent mark sweep GC freed 3(96B) AllocSpace objects, 0(0B) LOS objects, 29% free, 37MB/53MB, paused 390us total 38.587ms
08-04 13:03:00.805 11632 11632 D AndroidRuntime: >>>>>> START com.android.internal.os.RuntimeInit uid 2000 <<<<<<
08-04 13:03:00.811 11632 11632 D AndroidRuntime: CheckJNI is OFF
08-04 13:03:00.849 11632 11632 D ICU     : No timezone override file found: /data/misc/zoneinfo/current/icu/icu_tzdata.dat
08-04 13:03:00.883 11632 11632 I Radio-JNI: register_android_hardware_Radio DONE
08-04 13:03:00.904 11632 11632 D AndroidRuntime: Calling main entry com.android.commands.input.Input
08-04 13:03:00.905 11632 11632 I Input   : injectMotionEvent: MotionEvent { action=ACTION_DOWN, actionButton=0, id[0]=0, x[0]=600.0, y[0]=1733.0, toolType[0]=TOOL_TYPE_UNKNOWN, buttonState=0, metaState=0, flags=0x0, edgeFlags=0x0, pointerCount=1, historySize=0, eventTime=709397318, downTime=709397318, deviceId=0, source=0x1002 }
08-04 13:03:00.909 11632 11632 I Input   : injectMotionEvent: MotionEvent { action=ACTION_UP, actionButton=0, id[0]=0, x[0]=600.0, y[0]=1733.0, toolType[0]=TOOL_TYPE_UNKNOWN, buttonState=0, metaState=0, flags=0x0, edgeFlags=0x0, pointerCount=1, historySize=0, eventTime=709397318, downTime=709397318, deviceId=0, source=0x1002 }
08-04 13:03:00.911 11632 11632 D AndroidRuntime: Shutting down VM
08-04 13:03:00.925   918  3696 I ActivityManager: START u0 {dat=https://oauth.reddit.com/... cmp=baseline.org.quantumbadger.redreader/.activities.PostListingActivity} from uid 10666 on display 0
08-04 13:03:00.926   512  2967 D audio_hw_primary: out_set_parameters: enter: usecase(1: low-latency-playback) kvpairs: routing=2
08-04 13:03:00.939   512  2967 D audio_hw_primary: select_devices: out_snd_device(2: speaker) in_snd_device(0: none)
08-04 13:03:00.939   512  2967 D msm8974_platform: platform_send_audio_calibration: sending audio calibration for snd_device(2) acdb_id(15)
08-04 13:03:00.939   512  2967 I soundtrigger: audio_extn_sound_trigger_update_device_status: device 0x2 of type 0 for Event 1
08-04 13:03:00.945  8104  8104 I AppCompatViewInflater: app:theme is now deprecated. Please move to using android:theme instead.
08-04 13:03:00.953   512  2967 D audio_hw_primary: enable_snd_device: snd_device(2: speaker)
08-04 13:03:00.955   512  2967 D audio_hw_primary: enable_audio_route: apply and update mixer path: low-latency-playback speaker
08-04 13:03:00.968  8104 11656 D OK      : calling: https://oauth.reddit.com/r/aww/about.json
08-04 13:03:01.014  8104  8117 I art     : Starting a blocking GC Explicit
08-04 13:03:01.034   918   936 I ActivityManager: Displayed baseline.org.quantumbadger.redreader/.activities.PostListingActivity: +100ms
08-04 13:03:01.034 13866 13866 I GoogleInputMethodServic: GoogleInputMethodService.onFinishInput():3138 
08-04 13:03:01.035 13866 13866 I GoogleInputMethodServic: GoogleInputMethodService.onStartInput():1808 
08-04 13:03:01.052  8104  8117 I art     : Explicit concurrent mark sweep GC freed 2974(186KB) AllocSpace objects, 1(20KB) LOS objects, 29% free, 37MB/53MB, paused 473us total 37.568ms
08-04 13:03:01.067  8104  8117 I art     : Starting a blocking GC Explicit
08-04 13:03:01.103  8104  8117 I art     : Explicit concurrent mark sweep GC freed 2397(99KB) AllocSpace objects, 0(0B) LOS objects, 29% free, 37MB/53MB, paused 525us total 35.805ms
08-04 13:03:01.117  8104  8117 I art     : Starting a blocking GC Explicit
08-04 13:03:01.155  8104  8117 I art     : Explicit concurrent mark sweep GC freed 131(6KB) AllocSpace objects, 0(0B) LOS objects, 29% free, 37MB/53MB, paused 425us total 37.174ms
08-04 13:03:01.169  8104  8117 I art     : Starting a blocking GC Explicit
08-04 13:03:01.214  8104  8117 I art     : Explicit concurrent mark sweep GC freed 10(384B) AllocSpace objects, 0(0B) LOS objects, 29% free, 37MB/53MB, paused 571us total 45.134ms
08-04 13:03:01.231  8104  8117 I art     : Starting a blocking GC Explicit
08-04 13:03:01.242  8104 11656 I NAPPA_EXPERIMENTATION: MetricNetworkRequestExecutionTime: REQUEST_DURATION_SYSTEM='274',REQUEST_DURATION_OKHTTP='146',REQUEST_SYNCHRONOUS='TRUE',RESPONSE_CODE='200',RESPONSE_METHOD='GET',RESPONSE_LENGTH_OKHTTP='-1',RESPONSE_LENGTH_HEADER='3478',REQUEST_PROTOCOL='h2',REQUEST_URL='https://oauth.reddit.com/r/aww/about.json',
08-04 13:03:01.243  8104 11656 D OK      : request got status: 200
08-04 13:03:01.284  8104  8117 I art     : Explicit concurrent mark sweep GC freed 839(151KB) AllocSpace objects, 1(68KB) LOS objects, 29% free, 37MB/53MB, paused 792us total 53.601ms
08-04 13:03:01.291   380   380 W SurfaceFlinger: couldn't log to binary event log: overflow.
08-04 13:03:01.489   512  2967 D audio_hw_primary: disable_audio_route: reset and update mixer path: low-latency-playback speaker
08-04 13:03:01.489   512  2967 D audio_hw_primary: disable_snd_device: snd_device(2: speaker)
08-04 13:03:01.498   512  2967 I soundtrigger: audio_extn_sound_trigger_update_device_status: device 0x2 of type 0 for Event 0
08-04 13:03:01.597  8104  8397 I art     : Starting a blocking GC Explicit
08-04 13:03:01.655  8104  8397 I art     : Explicit concurrent mark sweep GC freed 2163(136KB) AllocSpace objects, 2(88KB) LOS objects, 29% free, 37MB/53MB, paused 438us total 57.650ms
08-04 13:03:01.670  8104  8397 I art     : Starting a blocking GC Explicit
08-04 13:03:01.710  8104  8397 I art     : Explicit concurrent mark sweep GC freed 61(2416B) AllocSpace objects, 0(0B) LOS objects, 29% free, 37MB/53MB, paused 773us total 39.677ms
08-04 13:03:01.725  8104  8397 I art     : Starting a blocking GC Explicit
08-04 13:03:01.765  8104  8397 I art     : Explicit concurrent mark sweep GC freed 25(1024B) AllocSpace objects, 0(0B) LOS objects, 29% free, 37MB/53MB, paused 428us total 40.292ms
08-04 13:03:01.780  8104  8397 I art     : Starting a blocking GC Explicit
08-04 13:03:01.819  8104  8397 I art     : Explicit concurrent mark sweep GC freed 3(96B) AllocSpace objects, 0(0B) LOS objects, 29% free, 37MB/53MB, paused 427us total 39.161ms
08-04 13:03:01.834  8104  8397 I art     : Starting a blocking GC Explicit
08-04 13:03:01.873  8104  8397 I art     : Explicit concurrent mark sweep GC freed 3(96B) AllocSpace objects, 0(0B) LOS objects, 29% free, 37MB/53MB, paused 437us total 39.662ms
08-04 13:03:02.168  8104 11681 D OK      : calling: https://oauth.reddit.com/r/aww/hot/.json
08-04 13:03:02.198  8104  8116 I art     : Starting a blocking GC Explicit
08-04 13:03:02.242  8104  8116 I art     : Explicit concurrent mark sweep GC freed 1446(86KB) AllocSpace objects, 1(20KB) LOS objects, 29% free, 37MB/53MB, paused 440us total 43.614ms
08-04 13:03:02.257  8104  8116 I art     : Starting a blocking GC Explicit
08-04 13:03:02.298  8104  8116 I art     : Explicit concurrent mark sweep GC freed 26(960B) AllocSpace objects, 0(0B) LOS objects, 29% free, 37MB/53MB, paused 454us total 40.267ms
08-04 13:03:02.313  8104  8116 I art     : Starting a blocking GC Explicit
08-04 13:03:02.320   518   646 I ThermalEngine: ACTION: GPU - Setting GPU[0] to 450000000
08-04 13:03:02.361  8104  8116 I art     : Explicit concurrent mark sweep GC freed 143(13KB) AllocSpace objects, 0(0B) LOS objects, 29% free, 37MB/53MB, paused 1.425ms total 47.816ms
08-04 13:03:02.362  8104 11681 I NAPPA_EXPERIMENTATION: MetricNetworkRequestExecutionTime: REQUEST_DURATION_SYSTEM='194',REQUEST_DURATION_OKHTTP='187',REQUEST_SYNCHRONOUS='TRUE',RESPONSE_CODE='200',RESPONSE_METHOD='GET',RESPONSE_LENGTH_OKHTTP='-1',RESPONSE_LENGTH_HEADER='33430',REQUEST_PROTOCOL='h2',REQUEST_URL='https://oauth.reddit.com/r/aww/hot/.json',
08-04 13:03:02.362  8104 11681 D OK      : request got status: 200
08-04 13:03:02.370 13866 13882 I PeriodicStatsRunner: PeriodicStatsRunner.call():175 call()
08-04 13:03:02.370 13866 13882 I PeriodicStatsRunner: PeriodicStatsRunner.call():179 No submit PeriodicStats since input started.
08-04 13:03:02.379  8104 11024 I PostListingFragment: Precaching images: OFF
08-04 13:03:02.379  8104 11024 I PostListingFragment: Precaching comments: OFF
08-04 13:03:02.379  8104  8116 I art     : Starting a blocking GC Explicit
08-04 13:03:02.407  8104 11024 I getImgurImageInfo: Image NSO7Npm: trying API v3 with auth
08-04 13:03:02.427  8104 11683 I RedditVideosAPI: For 'https://v.redd.it/fkewv2f65kd51/DASHPlaylist.mpd', got video stream 'https://v.redd.it/fkewv2f65kd51/DASH_480' and audio stream 'https://v.redd.it/fkewv2f65kd51/audio'
08-04 13:03:02.432  8104  8116 I art     : Explicit concurrent mark sweep GC freed 7996(595KB) AllocSpace objects, 12(668KB) LOS objects, 28% free, 39MB/55MB, paused 1.203ms total 53.201ms
08-04 13:03:02.451  8104  8116 I art     : Starting a blocking GC Explicit
08-04 13:03:02.503  8104  8116 I art     : Explicit concurrent mark sweep GC freed 11664(699KB) AllocSpace objects, 26(1180KB) LOS objects, 27% free, 41MB/57MB, paused 1.103ms total 51.836ms
08-04 13:03:02.564  8104 11683 I RedditVideosAPI: For 'https://v.redd.it/ak6rer1hskd51/DASHPlaylist.mpd', got video stream 'https://v.redd.it/ak6rer1hskd51/DASH_360' and audio stream 'null'
08-04 13:03:02.591   918  3261 D WifiStateMachine: starting scan for "H369AA63323"WPA_PSK with 2412,5180
08-04 13:03:02.592  8104 11683 I RedditVideosAPI: For 'https://v.redd.it/h49fg58ygjd51/DASHPlaylist.mpd', got video stream 'https://v.redd.it/h49fg58ygjd51/DASH_480' and audio stream 'null'
08-04 13:03:02.593  8104 11683 I RedditVideosAPI: For 'https://v.redd.it/1ewzkieg0jd51/DASHPlaylist.mpd', got video stream 'https://v.redd.it/1ewzkieg0jd51/DASH_480' and audio stream 'https://v.redd.it/1ewzkieg0jd51/audio'
08-04 13:03:02.594  8104 11685 I RedditVideosAPI: For 'https://v.redd.it/ppmhu2r9thd51/DASHPlaylist.mpd', got video stream 'https://v.redd.it/ppmhu2r9thd51/DASH_480' and audio stream 'null'
08-04 13:03:02.594  8104 11683 I RedditVideosAPI: For 'https://v.redd.it/s9qqadf3mid51/DASHPlaylist.mpd', got video stream 'https://v.redd.it/s9qqadf3mid51/DASH_480' and audio stream 'https://v.redd.it/s9qqadf3mid51/audio'
08-04 13:03:02.595  8104 11685 I RedditVideosAPI: For 'https://v.redd.it/b8vazlcb7ld51/DASHPlaylist.mpd', got video stream 'https://v.redd.it/b8vazlcb7ld51/DASH_480' and audio stream 'https://v.redd.it/b8vazlcb7ld51/audio'
08-04 13:03:02.595  8104 11683 I RedditVideosAPI: For 'https://v.redd.it/ty24o02m1hd51/DASHPlaylist.mpd', got video stream 'https://v.redd.it/ty24o02m1hd51/DASH_480' and audio stream 'null'
08-04 13:03:02.596  8104 11685 I RedditVideosAPI: For 'https://v.redd.it/ar5k8892pid51/DASHPlaylist.mpd', got video stream 'https://v.redd.it/ar5k8892pid51/DASH_360' and audio stream 'https://v.redd.it/ar5k8892pid51/audio'
08-04 13:03:02.639  8104  8104 W RecyclerView: Cannot call this method in a scroll callback. Scroll callbacks mightbe run during a measure & layout pass where you cannot change theRecyclerView data. Any method call that might change the structureof the RecyclerView or the adapter contents should be postponed tothe next frame.
08-04 13:03:02.639  8104  8104 W RecyclerView: java.lang.IllegalStateException:  androidx.recyclerview.widget.RecyclerView{a931cb3 VFED..... .F....ID 0,0-1440,2140 #7f0900ef app:id/scrollbar_recyclerview_recyclerview}, adapter:baseline.org.quantumbadger.redreader.adapters.GroupedRecyclerViewAdapter@8d3f270, layout:androidx.recyclerview.widget.LinearLayoutManager@8bc89e9, context:baseline.org.quantumbadger.redreader.activities.PostListingActivity@4e314ec
08-04 13:03:02.639  8104  8104 W RecyclerView: 	at androidx.recyclerview.widget.RecyclerView.assertNotInLayoutOrScroll(RecyclerView.java:3061)
08-04 13:03:02.639  8104  8104 W RecyclerView: 	at androidx.recyclerview.widget.RecyclerView$RecyclerViewDataObserver.onItemRangeInserted(RecyclerView.java:5555)
08-04 13:03:02.639  8104  8104 W RecyclerView: 	at androidx.recyclerview.widget.RecyclerView$AdapterDataObservable.notifyItemRangeInserted(RecyclerView.java:12278)
08-04 13:03:02.639  8104  8104 W RecyclerView: 	at androidx.recyclerview.widget.RecyclerView$Adapter.notifyItemInserted(RecyclerView.java:7464)
08-04 13:03:02.639  8104  8104 W RecyclerView: 	at baseline.org.quantumbadger.redreader.adapters.GroupedRecyclerViewAdapter.updateHiddenStatus(GroupedRecyclerViewAdapter.java:279)
08-04 13:03:02.639  8104  8104 W RecyclerView: 	at baseline.org.quantumbadger.redreader.adapters.RedditListingManager.setLoadingVisible(RedditListingManager.java:125)
08-04 13:03:02.639  8104  8104 W RecyclerView: 	at baseline.org.quantumbadger.redreader.fragments.PostListingFragment.onLoadMoreItemsCheck(PostListingFragment.java:465)
08-04 13:03:02.639  8104  8104 W RecyclerView: 	at baseline.org.quantumbadger.redreader.fragments.PostListingFragment.access$000(PostListingFragment.java:98)
08-04 13:03:02.639  8104  8104 W RecyclerView: 	at baseline.org.quantumbadger.redreader.fragments.PostListingFragment$2.onScrolled(PostListingFragment.java:215)
08-04 13:03:02.639  8104  8104 W RecyclerView: 	at androidx.recyclerview.widget.RecyclerView.dispatchOnScrolled(RecyclerView.java:5173)
08-04 13:03:02.639  8104  8104 W RecyclerView: 	at androidx.recyclerview.widget.RecyclerView.dispatchLayoutStep3(RecyclerView.java:4231)
08-04 13:03:02.639  8104  8104 W RecyclerView: 	at androidx.recyclerview.widget.RecyclerView.dispatchLayout(RecyclerView.java:3862)
08-04 13:03:02.639  8104  8104 W RecyclerView: 	at androidx.recyclerview.widget.RecyclerView.consumePendingUpdateOperations(RecyclerView.java:1897)
08-04 13:03:02.639  8104  8104 W RecyclerView: 	at androidx.recyclerview.widget.RecyclerView$1.run(RecyclerView.java:414)
08-04 13:03:02.639  8104  8104 W RecyclerView: 	at android.view.Choreographer$CallbackRecord.run(Choreographer.java:858)
08-04 13:03:02.639  8104  8104 W RecyclerView: 	at android.view.Choreographer.doCallbacks(Choreographer.java:670)
08-04 13:03:02.639  8104  8104 W RecyclerView: 	at android.view.Choreographer.doFrame(Choreographer.java:603)
08-04 13:03:02.639  8104  8104 W RecyclerView: 	at android.view.Choreographer$FrameDisplayEventReceiver.run(Choreographer.java:844)
08-04 13:03:02.639  8104  8104 W RecyclerView: 	at android.os.Handler.handleCallback(Handler.java:739)
08-04 13:03:02.639  8104  8104 W RecyclerView: 	at android.os.Handler.dispatchMessage(Handler.java:95)
08-04 13:03:02.639  8104  8104 W RecyclerView: 	at android.os.Looper.loop(Looper.java:148)
08-04 13:03:02.639  8104  8104 W RecyclerView: 	at android.app.ActivityThread.main(ActivityThread.java:5417)
08-04 13:03:02.639  8104  8104 W RecyclerView: 	at java.lang.reflect.Method.invoke(Native Method)
08-04 13:03:02.639  8104  8104 W RecyclerView: 	at com.android.internal.os.ZygoteInit$MethodAndArgsCaller.run(ZygoteInit.java:726)
08-04 13:03:02.639  8104  8104 W RecyclerView: 	at com.android.internal.os.ZygoteInit.main(ZygoteInit.java:616)
08-04 13:03:02.828  8104  8397 I art     : Starting a blocking GC Explicit
08-04 13:03:02.929  8104  8397 I art     : Explicit concurrent mark sweep GC freed 31959(2MB) AllocSpace objects, 59(3MB) LOS objects, 27% free, 43MB/59MB, paused 827us total 100.326ms
08-04 13:03:02.949  8104  8397 I art     : Starting a blocking GC Explicit
08-04 13:03:02.999  8104  8397 I art     : Explicit concurrent mark sweep GC freed 1036(43KB) AllocSpace objects, 0(0B) LOS objects, 27% free, 43MB/59MB, paused 558us total 49.540ms
08-04 13:03:03.018  8104  8397 I art     : Starting a blocking GC Explicit
08-04 13:03:03.077  8104  8397 I art     : Explicit concurrent mark sweep GC freed 3(96B) AllocSpace objects, 0(0B) LOS objects, 27% free, 43MB/59MB, paused 597us total 58.239ms
08-04 13:03:03.097  8104  8397 I art     : Starting a blocking GC Explicit
08-04 13:03:03.154  8104  8397 I art     : Explicit concurrent mark sweep GC freed 3(96B) AllocSpace objects, 0(0B) LOS objects, 27% free, 43MB/59MB, paused 565us total 56.949ms
08-04 13:03:03.174  8104  8397 I art     : Starting a blocking GC Explicit
08-04 13:03:03.235  8104  8397 I art     : Explicit concurrent mark sweep GC freed 3(96B) AllocSpace objects, 0(0B) LOS objects, 27% free, 43MB/59MB, paused 725us total 60.556ms
08-04 13:03:03.370  8104 11696 D OK      : calling: https://oauth.reddit.com/r/aww/hot/.json?after=t3_hz5odc
08-04 13:03:03.589  8104 11696 I NAPPA_EXPERIMENTATION: MetricNetworkRequestExecutionTime: REQUEST_DURATION_SYSTEM='218',REQUEST_DURATION_OKHTTP='212',REQUEST_SYNCHRONOUS='TRUE',RESPONSE_CODE='200',RESPONSE_METHOD='GET',RESPONSE_LENGTH_OKHTTP='-1',RESPONSE_LENGTH_HEADER='30610',REQUEST_PROTOCOL='h2',REQUEST_URL='https://oauth.reddit.com/r/aww/hot/.json?after=t3_hz5odc',
08-04 13:03:03.590  8104 11696 D OK      : request got status: 200
08-04 13:03:03.603  8104 11684 I PostListingFragment: Precaching images: OFF
08-04 13:03:03.603  8104 11684 I PostListingFragment: Precaching comments: OFF
08-04 13:03:03.616  8104  8116 I art     : Starting a blocking GC Explicit
08-04 13:03:03.641  8104 11683 I RedditVideosAPI: For 'https://v.redd.it/pbqrrfb3tkd51/DASHPlaylist.mpd', got video stream 'https://v.redd.it/pbqrrfb3tkd51/DASH_480' and audio stream 'null'
08-04 13:03:03.675  8104  8116 I art     : Explicit concurrent mark sweep GC freed 13028(797KB) AllocSpace objects, 22(1896KB) LOS objects, 25% free, 45MB/61MB, paused 1.485ms total 59.638ms
08-04 13:03:03.685  8104 11684 I getImgurImageInfo: Image nLQR2hT: trying API v3 with auth
08-04 13:03:03.694  8104  8116 I art     : Starting a blocking GC Explicit
08-04 13:03:03.750  8104  8116 I art     : Explicit concurrent mark sweep GC freed 11214(765KB) AllocSpace objects, 39(2MB) LOS objects, 25% free, 47MB/63MB, paused 909us total 55.674ms
08-04 13:03:03.770  8104  8116 I art     : Starting a blocking GC Explicit
08-04 13:03:03.771  8104 11707 I RedditVideosAPI: For 'https://v.redd.it/ue0jdgk9zhd51/DASHPlaylist.mpd', got video stream 'https://v.redd.it/ue0jdgk9zhd51/DASH_360' and audio stream 'https://v.redd.it/ue0jdgk9zhd51/audio'
08-04 13:03:03.783  8104 11707 I RedditVideosAPI: For 'https://v.redd.it/rrygsb8i4ld51/DASHPlaylist.mpd', got video stream 'https://v.redd.it/rrygsb8i4ld51/DASH_480' and audio stream 'https://v.redd.it/rrygsb8i4ld51/audio'
08-04 13:03:03.788  8104 11683 I RedditVideosAPI: For 'https://v.redd.it/syww111dtjd51/DASHPlaylist.mpd', got video stream 'https://v.redd.it/syww111dtjd51/DASH_480' and audio stream 'https://v.redd.it/syww111dtjd51/audio'
08-04 13:03:03.794  8104 11707 I RedditVideosAPI: For 'https://v.redd.it/5x6zzipz8ld51/DASHPlaylist.mpd', got video stream 'https://v.redd.it/5x6zzipz8ld51/DASH_480' and audio stream 'null'
08-04 13:03:03.795  8104 11707 I RedditVideosAPI: For 'https://v.redd.it/75en73fm5id51/DASHPlaylist.mpd', got video stream 'https://v.redd.it/75en73fm5id51/DASH_480' and audio stream 'https://v.redd.it/75en73fm5id51/audio'
08-04 13:03:03.799  8104 11707 I RedditVideosAPI: For 'https://v.redd.it/ggz4fyth6hd51/DASHPlaylist.mpd', got video stream 'https://v.redd.it/ggz4fyth6hd51/DASH_360' and audio stream 'null'
08-04 13:03:03.799  8104 11683 I RedditVideosAPI: For 'https://v.redd.it/psrknoobrgd51/DASHPlaylist.mpd', got video stream 'https://v.redd.it/psrknoobrgd51/DASH_480' and audio stream 'null'
08-04 13:03:03.800  8104 11707 I RedditVideosAPI: For 'https://v.redd.it/jk6cwef4wld51/DASHPlaylist.mpd', got video stream 'https://v.redd.it/jk6cwef4wld51/DASH_480' and audio stream 'null'
08-04 13:03:03.800  8104 11683 I RedditVideosAPI: For 'https://v.redd.it/t81s8zfz9ld51/DASHPlaylist.mpd', got video stream 'https://v.redd.it/t81s8zfz9ld51/DASH_480' and audio stream 'https://v.redd.it/t81s8zfz9ld51/audio'
08-04 13:03:03.801  8104 11683 I RedditVideosAPI: For 'https://v.redd.it/xd6c4yyutgd51/DASHPlaylist.mpd', got video stream 'https://v.redd.it/xd6c4yyutgd51/DASH_480' and audio stream 'null'
08-04 13:03:03.820  8104  8116 I art     : Explicit concurrent mark sweep GC freed 21675(1697KB) AllocSpace objects, 37(1808KB) LOS objects, 24% free, 48MB/64MB, paused 599us total 50.116ms
08-04 13:03:03.839  8104  8116 I art     : Starting a blocking GC Explicit
08-04 13:03:03.891  8104  8116 I art     : Explicit concurrent mark sweep GC freed 327(12KB) AllocSpace objects, 0(0B) LOS objects, 24% free, 48MB/64MB, paused 577us total 52.049ms
08-04 13:03:03.911  8104  8116 I art     : Starting a blocking GC Explicit
08-04 13:03:03.967  8104  8116 I art     : Explicit concurrent mark sweep GC freed 3(96B) AllocSpace objects, 0(0B) LOS objects, 24% free, 48MB/64MB, paused 637us total 55.729ms
08-04 13:03:04.187 13866 13882 I PeriodicStatsRunner: PeriodicStatsRunner.call():175 call()
08-04 13:03:04.187 13866 13882 I PeriodicStatsRunner: PeriodicStatsRunner.call():179 No submit PeriodicStats since input started.
08-04 13:03:04.359  8104  8117 I art     : Starting a blocking GC Explicit
08-04 13:03:04.429  8104  8117 I art     : Explicit concurrent mark sweep GC freed 1356(83KB) AllocSpace objects, 1(20KB) LOS objects, 24% free, 48MB/64MB, paused 761us total 69.399ms
08-04 13:03:04.451  8104  8117 I art     : Starting a blocking GC Explicit
08-04 13:03:04.510  8104  8117 I art     : Explicit concurrent mark sweep GC freed 20(704B) AllocSpace objects, 0(0B) LOS objects, 24% free, 48MB/64MB, paused 600us total 58.448ms
08-04 13:03:04.530  8104  8117 I art     : Starting a blocking GC Explicit
08-04 13:03:04.592  8104  8117 I art     : Explicit concurrent mark sweep GC freed 3(96B) AllocSpace objects, 0(0B) LOS objects, 24% free, 48MB/64MB, paused 637us total 61.764ms
08-04 13:03:04.616  8104  8117 I art     : Starting a blocking GC Explicit
08-04 13:03:04.675  8104  8117 I art     : Explicit concurrent mark sweep GC freed 3(96B) AllocSpace objects, 0(0B) LOS objects, 24% free, 48MB/64MB, paused 611us total 58.891ms
08-04 13:03:04.695  8104  8117 I art     : Starting a blocking GC Explicit
08-04 13:03:04.756  8104  8117 I art     : Explicit concurrent mark sweep GC freed 3(96B) AllocSpace objects, 0(0B) LOS objects, 24% free, 48MB/64MB, paused 661us total 60.301ms
08-04 13:03:05.137  8104  8126 I art     : Starting a blocking GC Explicit
08-04 13:03:05.216  8104  8126 I art     : Explicit concurrent mark sweep GC freed 1357(83KB) AllocSpace objects, 1(20KB) LOS objects, 24% free, 48MB/64MB, paused 670us total 77.738ms
08-04 13:03:05.237  8104  8126 I art     : Starting a blocking GC Explicit
08-04 13:03:05.297  8104  8126 I art     : Explicit concurrent mark sweep GC freed 20(704B) AllocSpace objects, 0(0B) LOS objects, 24% free, 48MB/64MB, paused 730us total 59.753ms
08-04 13:03:05.318  8104  8126 I art     : Starting a blocking GC Explicit
08-04 13:03:05.375  8104  8126 I art     : Explicit concurrent mark sweep GC freed 3(96B) AllocSpace objects, 0(0B) LOS objects, 24% free, 48MB/64MB, paused 540us total 56.826ms
08-04 13:03:05.395  8104  8126 I art     : Starting a blocking GC Explicit
08-04 13:03:05.453  8104  8126 I art     : Explicit concurrent mark sweep GC freed 3(96B) AllocSpace objects, 0(0B) LOS objects, 24% free, 48MB/64MB, paused 522us total 57.543ms
08-04 13:03:05.473  8104  8126 I art     : Starting a blocking GC Explicit
08-04 13:03:05.532  8104  8126 I art     : Explicit concurrent mark sweep GC freed 3(96B) AllocSpace objects, 0(0B) LOS objects, 24% free, 48MB/64MB, paused 587us total 58.710ms
08-04 13:03:05.533  8104  8114 I art     : WaitForGcToComplete blocked for 46.156ms for cause HeapTrim
08-04 13:03:05.911  8104  8397 I art     : Starting a blocking GC Explicit
08-04 13:03:05.984  8104  8397 I art     : Explicit concurrent mark sweep GC freed 1358(83KB) AllocSpace objects, 1(20KB) LOS objects, 24% free, 48MB/64MB, paused 576us total 73.118ms
08-04 13:03:06.009  8104  8397 I art     : Starting a blocking GC Explicit
08-04 13:03:06.035 13866 13882 I PeriodicStatsRunner: PeriodicStatsRunner.call():175 call()
08-04 13:03:06.035 13866 13882 I PeriodicStatsRunner: PeriodicStatsRunner.call():179 No submit PeriodicStats since input started.
08-04 13:03:06.068  8104  8397 I art     : Explicit concurrent mark sweep GC freed 20(704B) AllocSpace objects, 0(0B) LOS objects, 24% free, 48MB/64MB, paused 843us total 58.891ms
08-04 13:03:06.092  8104  8397 I art     : Starting a blocking GC Explicit
08-04 13:03:06.149  8104  8397 I art     : Explicit concurrent mark sweep GC freed 3(96B) AllocSpace objects, 0(0B) LOS objects, 24% free, 48MB/64MB, paused 577us total 57.101ms
08-04 13:03:06.170  8104  8397 I art     : Starting a blocking GC Explicit
08-04 13:03:06.220  8104  8397 I art     : Explicit concurrent mark sweep GC freed 3(96B) AllocSpace objects, 0(0B) LOS objects, 24% free, 48MB/64MB, paused 566us total 49.965ms
08-04 13:03:06.239  8104  8397 I art     : Starting a blocking GC Explicit
08-04 13:03:06.290  8104  8397 I art     : Explicit concurrent mark sweep GC freed 3(96B) AllocSpace objects, 0(0B) LOS objects, 24% free, 48MB/64MB, paused 555us total 50.856ms
08-04 13:03:06.325   518   646 I ThermalEngine: ACTION: GPU - Setting GPU[0] to 510000000
08-04 13:03:06.611 11738 11738 D AndroidRuntime: >>>>>> START com.android.internal.os.RuntimeInit uid 2000 <<<<<<
08-04 13:03:06.616 11738 11738 D AndroidRuntime: CheckJNI is OFF
08-04 13:03:06.629  8104  8116 I art     : Starting a blocking GC Explicit
08-04 13:03:06.652 11738 11738 D ICU     : No timezone override file found: /data/misc/zoneinfo/current/icu/icu_tzdata.dat
08-04 13:03:06.673  8104  8116 I art     : Explicit concurrent mark sweep GC freed 1357(83KB) AllocSpace objects, 1(20KB) LOS objects, 24% free, 48MB/64MB, paused 488us total 44.149ms
08-04 13:03:06.689  8104  8116 I art     : Starting a blocking GC Explicit
08-04 13:03:06.689 11738 11738 I Radio-JNI: register_android_hardware_Radio DONE
08-04 13:03:06.711 11738 11738 D AndroidRuntime: Calling main entry com.android.commands.input.Input
08-04 13:03:06.713 11738 11738 I Input   : injectMotionEvent: MotionEvent { action=ACTION_DOWN, actionButton=0, id[0]=0, x[0]=1340.0, y[0]=1100.0, toolType[0]=TOOL_TYPE_UNKNOWN, buttonState=0, metaState=0, flags=0x0, edgeFlags=0x0, pointerCount=1, historySize=0, eventTime=709403126, downTime=709403126, deviceId=0, source=0x1002 }
08-04 13:03:06.719 11738 11738 I Input   : injectMotionEvent: MotionEvent { action=ACTION_UP, actionButton=0, id[0]=0, x[0]=1340.0, y[0]=1100.0, toolType[0]=TOOL_TYPE_UNKNOWN, buttonState=0, metaState=0, flags=0x0, edgeFlags=0x0, pointerCount=1, historySize=0, eventTime=709403126, downTime=709403126, deviceId=0, source=0x1002 }
08-04 13:03:06.720 11738 11738 D AndroidRuntime: Shutting down VM
08-04 13:03:06.728  8104  8116 I art     : Explicit concurrent mark sweep GC freed 22(768B) AllocSpace objects, 0(0B) LOS objects, 24% free, 48MB/64MB, paused 804us total 38.577ms
08-04 13:03:06.737   512  2967 D audio_hw_primary: out_set_parameters: enter: usecase(1: low-latency-playback) kvpairs: routing=2
08-04 13:03:06.738   918   928 I ActivityManager: START u0 {dat=https://oauth.reddit.com/... cmp=baseline.org.quantumbadger.redreader/.activities.CommentListingActivity} from uid 10666 on display 0
08-04 13:03:06.743  8104  8116 I art     : Starting a blocking GC Explicit
08-04 13:03:06.750   512  2967 D audio_hw_primary: select_devices: out_snd_device(2: speaker) in_snd_device(0: none)
08-04 13:03:06.751   512  2967 D msm8974_platform: platform_send_audio_calibration: sending audio calibration for snd_device(2) acdb_id(15)
08-04 13:03:06.751   512  2967 I soundtrigger: audio_extn_sound_trigger_update_device_status: device 0x2 of type 0 for Event 1
08-04 13:03:06.764  8104  8104 I AppCompatViewInflater: app:theme is now deprecated. Please move to using android:theme instead.
08-04 13:03:06.765   512  2967 D audio_hw_primary: enable_snd_device: snd_device(2: speaker)
08-04 13:03:06.768   512  2967 D audio_hw_primary: enable_audio_route: apply and update mixer path: low-latency-playback speaker
08-04 13:03:06.780  8104 11684 I CommentListingActivity: COMMENTS session changed to edc5fe92-1d5b-4224-b12d-d572e92ddfa0
08-04 13:03:06.787  8104  8116 I art     : Explicit concurrent mark sweep GC freed 1966(121KB) AllocSpace objects, 0(0B) LOS objects, 24% free, 48MB/64MB, paused 969us total 43.286ms
08-04 13:03:06.801  8104  8116 I art     : Starting a blocking GC Explicit
08-04 13:03:06.846  8104  8116 I art     : Explicit concurrent mark sweep GC freed 14673(915KB) AllocSpace objects, 53(10MB) LOS objects, 29% free, 38MB/54MB, paused 1.128ms total 44.920ms
08-04 13:03:06.861  8104  8116 I art     : Starting a blocking GC Explicit
08-04 13:03:06.881   918   936 I ActivityManager: Displayed baseline.org.quantumbadger.redreader/.activities.CommentListingActivity: +134ms
08-04 13:03:06.882 13866 13866 I GoogleInputMethodServic: GoogleInputMethodService.onFinishInput():3138 
08-04 13:03:06.883 13866 13866 I GoogleInputMethodServic: GoogleInputMethodService.onStartInput():1808 
08-04 13:03:06.917  8104  8116 I art     : Explicit concurrent mark sweep GC freed 12550(681KB) AllocSpace objects, 0(0B) LOS objects, 28% free, 39MB/55MB, paused 1.111ms total 55.464ms
08-04 13:03:07.131   380   380 W SurfaceFlinger: couldn't log to binary event log: overflow.
08-04 13:03:07.204  8104  8397 I art     : Starting a blocking GC Explicit
08-04 13:03:07.263  8104  8397 I art     : Explicit concurrent mark sweep GC freed 22815(1140KB) AllocSpace objects, 1(20KB) LOS objects, 28% free, 39MB/55MB, paused 730us total 58.452ms
08-04 13:03:07.280  8104  8397 I art     : Starting a blocking GC Explicit
08-04 13:03:07.309   512  2967 D audio_hw_primary: disable_audio_route: reset and update mixer path: low-latency-playback speaker
08-04 13:03:07.310   512  2967 D audio_hw_primary: disable_snd_device: snd_device(2: speaker)
08-04 13:03:07.318   512  2967 I soundtrigger: audio_extn_sound_trigger_update_device_status: device 0x2 of type 0 for Event 0
08-04 13:03:07.331  8104  8397 I art     : Explicit concurrent mark sweep GC freed 168(6KB) AllocSpace objects, 0(0B) LOS objects, 28% free, 39MB/55MB, paused 479us total 51.313ms
08-04 13:03:07.346  8104  8397 I art     : Starting a blocking GC Explicit
08-04 13:03:07.392  8104  8397 I art     : Explicit concurrent mark sweep GC freed 3(96B) AllocSpace objects, 0(0B) LOS objects, 28% free, 39MB/55MB, paused 400us total 45.681ms
08-04 13:03:07.404  8104 11682 I RedditChangeDataIO: Writing tmp data file at '/data/user/0/baseline.org.quantumbadger.redreader/files/rr_change_data_tmp.dat'
08-04 13:03:07.404  8104 11682 I RedditChangeDataManager: Taking snapshot...
08-04 13:03:07.404  8104 11682 I RedditChangeDataManager: Writing to stream...
08-04 13:03:07.404  8104 11682 I RedditChangeDataManager: Wrote 6 entries for user ''
08-04 13:03:07.405  8104 11682 I RedditChangeDataManager: All entries written to stream.
08-04 13:03:07.405  8104 11682 I RedditChangeDataIO: Write successful. Atomically replacing data file...
08-04 13:03:07.405  8104 11682 I RedditChangeDataIO: Write complete.
08-04 13:03:07.405  8104 11682 I RedditChangeDataIO: 158 bytes written in 2 ms
08-04 13:03:07.409  8104  8397 I art     : Starting a blocking GC Explicit
08-04 13:03:07.454  8104  8397 I art     : Explicit concurrent mark sweep GC freed 89(5KB) AllocSpace objects, 1(68KB) LOS objects, 28% free, 39MB/55MB, paused 342us total 45.002ms
08-04 13:03:07.470  8104  8397 I art     : Starting a blocking GC Explicit
08-04 13:03:07.515  8104  8397 I art     : Explicit concurrent mark sweep GC freed 6(192B) AllocSpace objects, 0(0B) LOS objects, 28% free, 39MB/55MB, paused 405us total 45.290ms
08-04 13:03:07.834  8104  8116 I art     : Starting a blocking GC Explicit
08-04 13:03:07.889  8104  8116 I art     : Explicit concurrent mark sweep GC freed 1357(83KB) AllocSpace objects, 1(20KB) LOS objects, 28% free, 39MB/55MB, paused 424us total 54.034ms
08-04 13:03:07.905  8104  8116 I art     : Starting a blocking GC Explicit
08-04 13:03:07.959  8104  8116 I art     : Explicit concurrent mark sweep GC freed 66(2528B) AllocSpace objects, 0(0B) LOS objects, 28% free, 39MB/55MB, paused 393us total 53.865ms
08-04 13:03:07.976  8104  8116 I art     : Starting a blocking GC Explicit
08-04 13:03:08.029  8104  8116 I art     : Explicit concurrent mark sweep GC freed 3(96B) AllocSpace objects, 0(0B) LOS objects, 28% free, 39MB/55MB, paused 405us total 52.358ms
08-04 13:03:08.045  8104  8116 I art     : Starting a blocking GC Explicit
08-04 13:03:08.098  8104  8116 I art     : Explicit concurrent mark sweep GC freed 3(96B) AllocSpace objects, 0(0B) LOS objects, 28% free, 39MB/55MB, paused 399us total 52.714ms
08-04 13:03:08.115  8104  8116 I art     : Starting a blocking GC Explicit
08-04 13:03:08.168  8104  8116 I art     : Explicit concurrent mark sweep GC freed 3(96B) AllocSpace objects, 0(0B) LOS objects, 28% free, 39MB/55MB, paused 414us total 53.448ms
08-04 13:03:08.329   518   646 I ThermalEngine: ACTION: GPU - Setting GPU[0] to 450000000
08-04 13:03:08.531  8104  8397 I art     : Starting a blocking GC Explicit
08-04 13:03:08.599  3644  3644 I ServiceManager: Waiting for service AtCmdFwd...
08-04 13:03:08.619  8104  8397 I art     : Explicit concurrent mark sweep GC freed 1354(82KB) AllocSpace objects, 1(20KB) LOS objects, 28% free, 39MB/55MB, paused 657us total 87.401ms
08-04 13:03:08.643  8104  8397 I art     : Starting a blocking GC Explicit
08-04 13:03:08.712  8104  8397 I art     : Explicit concurrent mark sweep GC freed 47(2112B) AllocSpace objects, 0(0B) LOS objects, 28% free, 39MB/55MB, paused 510us total 68.499ms
08-04 13:03:08.734  8104  8397 I art     : Starting a blocking GC Explicit
08-04 13:03:08.806  8104  8397 I art     : Explicit concurrent mark sweep GC freed 247(41KB) AllocSpace objects, 0(0B) LOS objects, 28% free, 39MB/55MB, paused 463us total 71.665ms
08-04 13:03:08.827  8104  8397 I art     : Starting a blocking GC Explicit
08-04 13:03:08.899  8104  8397 I art     : Explicit concurrent mark sweep GC freed 68(2272B) AllocSpace objects, 0(0B) LOS objects, 28% free, 39MB/55MB, paused 527us total 72.100ms
08-04 13:03:08.921  8104  8397 I art     : Starting a blocking GC Explicit
08-04 13:03:08.992  8104  8397 I art     : Explicit concurrent mark sweep GC freed 3(96B) AllocSpace objects, 0(0B) LOS objects, 28% free, 39MB/55MB, paused 514us total 70.472ms
08-04 13:03:09.355  8104  8117 I art     : Starting a blocking GC Explicit
08-04 13:03:09.445  8104  8117 I art     : Explicit concurrent mark sweep GC freed 1354(82KB) AllocSpace objects, 1(20KB) LOS objects, 28% free, 39MB/55MB, paused 518us total 89.043ms
08-04 13:03:09.470  8104  8117 I art     : Starting a blocking GC Explicit
08-04 13:03:09.542  8104  8117 I art     : Explicit concurrent mark sweep GC freed 20(704B) AllocSpace objects, 0(0B) LOS objects, 28% free, 39MB/55MB, paused 519us total 71.580ms
08-04 13:03:09.563  8104  8117 I art     : Starting a blocking GC Explicit
08-04 13:03:09.600  3644  3644 I ServiceManager: Waiting for service AtCmdFwd...
08-04 13:03:09.633  8104  8117 I art     : Explicit concurrent mark sweep GC freed 3(96B) AllocSpace objects, 0(0B) LOS objects, 28% free, 39MB/55MB, paused 532us total 69.486ms
08-04 13:03:09.654  8104  8117 I art     : Starting a blocking GC Explicit
08-04 13:03:09.732  8104  8117 I art     : Explicit concurrent mark sweep GC freed 3(96B) AllocSpace objects, 0(0B) LOS objects, 28% free, 39MB/55MB, paused 562us total 76.917ms
08-04 13:03:09.755  8104  8117 I art     : Starting a blocking GC Explicit
08-04 13:03:09.829  8104  8117 I art     : Explicit concurrent mark sweep GC freed 3(96B) AllocSpace objects, 0(0B) LOS objects, 28% free, 39MB/55MB, paused 538us total 74.357ms
08-04 13:03:10.192  8104  8126 I art     : Starting a blocking GC Explicit
08-04 13:03:10.279  8104  8126 I art     : Explicit concurrent mark sweep GC freed 1354(82KB) AllocSpace objects, 1(20KB) LOS objects, 28% free, 39MB/55MB, paused 674us total 86.546ms
08-04 13:03:10.302  8104  8126 I art     : Starting a blocking GC Explicit
08-04 13:03:10.373  8104  8126 I art     : Explicit concurrent mark sweep GC freed 20(704B) AllocSpace objects, 0(0B) LOS objects, 28% free, 39MB/55MB, paused 554us total 70.031ms
08-04 13:03:10.394  8104  8126 I art     : Starting a blocking GC Explicit
08-04 13:03:10.465  8104  8126 I art     : Explicit concurrent mark sweep GC freed 3(96B) AllocSpace objects, 0(0B) LOS objects, 28% free, 39MB/55MB, paused 479us total 70.592ms
08-04 13:03:10.486  8104  8126 I art     : Starting a blocking GC Explicit
08-04 13:03:10.558  8104  8126 I art     : Explicit concurrent mark sweep GC freed 3(96B) AllocSpace objects, 0(0B) LOS objects, 28% free, 39MB/55MB, paused 542us total 71.384ms
08-04 13:03:10.579  8104  8126 I art     : Starting a blocking GC Explicit
08-04 13:03:10.600  3644  3644 I ServiceManager: Waiting for service AtCmdFwd...
08-04 13:03:10.650  8104  8126 I art     : Explicit concurrent mark sweep GC freed 3(96B) AllocSpace objects, 0(0B) LOS objects, 28% free, 39MB/55MB, paused 509us total 69.928ms
08-04 13:03:11.032  8104  8116 I art     : Starting a blocking GC Explicit
08-04 13:03:11.104  8104  8116 I art     : Explicit concurrent mark sweep GC freed 1354(82KB) AllocSpace objects, 1(20KB) LOS objects, 28% free, 39MB/55MB, paused 501us total 71.332ms
08-04 13:03:11.125  8104  8116 I art     : Starting a blocking GC Explicit
08-04 13:03:11.193  8104  8116 I art     : Explicit concurrent mark sweep GC freed 20(704B) AllocSpace objects, 0(0B) LOS objects, 28% free, 39MB/55MB, paused 496us total 67.747ms
08-04 13:03:11.214  8104  8116 I art     : Starting a blocking GC Explicit
08-04 13:03:11.283  8104  8116 I art     : Explicit concurrent mark sweep GC freed 3(96B) AllocSpace objects, 0(0B) LOS objects, 28% free, 39MB/55MB, paused 494us total 67.975ms
08-04 13:03:11.304  8104  8116 I art     : Starting a blocking GC Explicit
08-04 13:03:11.340   518   646 I ThermalEngine: ACTION: GPU - Setting GPU[0] to 510000000
08-04 13:03:11.371  8104  8116 I art     : Explicit concurrent mark sweep GC freed 3(96B) AllocSpace objects, 0(0B) LOS objects, 28% free, 39MB/55MB, paused 524us total 67.325ms
08-04 13:03:11.389  8104  8116 I art     : Starting a blocking GC Explicit
08-04 13:03:11.441  8104  8116 I art     : Explicit concurrent mark sweep GC freed 3(96B) AllocSpace objects, 0(0B) LOS objects, 28% free, 39MB/55MB, paused 379us total 51.770ms
08-04 13:03:11.491 11822 11822 D AndroidRuntime: >>>>>> START com.android.internal.os.RuntimeInit uid 2000 <<<<<<
08-04 13:03:11.496 11822 11822 D AndroidRuntime: CheckJNI is OFF
08-04 13:03:11.530 11822 11822 D ICU     : No timezone override file found: /data/misc/zoneinfo/current/icu/icu_tzdata.dat
08-04 13:03:11.565 11822 11822 I Radio-JNI: register_android_hardware_Radio DONE
08-04 13:03:11.589 11822 11822 D AndroidRuntime: Calling main entry com.android.commands.input.Input
08-04 13:03:11.592 11822 11822 I Input   : injectKeyEvent: KeyEvent { action=ACTION_DOWN, keyCode=KEYCODE_BACK, scanCode=0, metaState=0, flags=0x0, repeatCount=0, eventTime=709408005, downTime=709408005, deviceId=-1, source=0x101 }
08-04 13:03:11.599 11822 11822 I Input   : injectKeyEvent: KeyEvent { action=ACTION_UP, keyCode=KEYCODE_BACK, scanCode=0, metaState=0, flags=0x0, repeatCount=0, eventTime=709408005, downTime=709408005, deviceId=-1, source=0x101 }
08-04 13:03:11.601  3644  3644 I ServiceManager: Waiting for service AtCmdFwd...
08-04 13:03:11.605 11822 11822 D AndroidRuntime: Shutting down VM
08-04 13:03:11.646 13866 13866 I GoogleInputMethodServic: GoogleInputMethodService.onFinishInput():3138 
08-04 13:03:11.647 13866 13866 I GoogleInputMethodServic: GoogleInputMethodService.onStartInput():1808 
08-04 13:03:11.731  8104  8117 I art     : Starting a blocking GC Explicit
08-04 13:03:11.783  8104  8117 I art     : Explicit concurrent mark sweep GC freed 1623(92KB) AllocSpace objects, 1(20KB) LOS objects, 28% free, 39MB/55MB, paused 381us total 50.908ms
08-04 13:03:11.800  8104  8117 I art     : Starting a blocking GC Explicit
08-04 13:03:11.851  8104  8117 I art     : Explicit concurrent mark sweep GC freed 24(864B) AllocSpace objects, 0(0B) LOS objects, 28% free, 39MB/55MB, paused 354us total 50.448ms
08-04 13:03:11.868  8104  8117 I art     : Starting a blocking GC Explicit
08-04 13:03:11.883 13866 13882 I PeriodicStatsRunner: PeriodicStatsRunner.call():175 call()
08-04 13:03:11.883 13866 13882 I PeriodicStatsRunner: PeriodicStatsRunner.call():179 No submit PeriodicStats since input started.
08-04 13:03:11.921  8104  8117 I art     : Explicit concurrent mark sweep GC freed 3(96B) AllocSpace objects, 0(0B) LOS objects, 28% free, 39MB/55MB, paused 345us total 52.873ms
08-04 13:03:11.941  8104  8117 I art     : Starting a blocking GC Explicit
08-04 13:03:11.952   380   380 W SurfaceFlinger: couldn't log to binary event log: overflow.
08-04 13:03:11.989  8104  8117 I art     : Explicit concurrent mark sweep GC freed 61(2240B) AllocSpace objects, 0(0B) LOS objects, 28% free, 39MB/55MB, paused 369us total 47.653ms
08-04 13:03:12.004  8104  8117 I art     : Starting a blocking GC Explicit
08-04 13:03:12.054  8104  8117 I art     : Explicit concurrent mark sweep GC freed 11(448B) AllocSpace objects, 0(0B) LOS objects, 28% free, 39MB/55MB, paused 388us total 50.076ms
08-04 13:03:12.382  8104  8126 I art     : Starting a blocking GC Explicit
08-04 13:03:12.439  8104  8126 I art     : Explicit concurrent mark sweep GC freed 42739(2MB) AllocSpace objects, 6(160KB) LOS objects, 29% free, 37MB/53MB, paused 411us total 56.758ms
08-04 13:03:12.454  8104  8126 I art     : Starting a blocking GC Explicit
08-04 13:03:12.489  8104  8126 I art     : Explicit concurrent mark sweep GC freed 20(704B) AllocSpace objects, 0(0B) LOS objects, 29% free, 37MB/53MB, paused 343us total 34.604ms
08-04 13:03:12.503  8104  8126 I art     : Starting a blocking GC Explicit
08-04 13:03:12.542  8104  8126 I art     : Explicit concurrent mark sweep GC freed 3(96B) AllocSpace objects, 0(0B) LOS objects, 29% free, 37MB/53MB, paused 352us total 38.797ms
08-04 13:03:12.557  8104  8126 I art     : Starting a blocking GC Explicit
08-04 13:03:12.598  8104  8126 I art     : Explicit concurrent mark sweep GC freed 3(96B) AllocSpace objects, 0(0B) LOS objects, 29% free, 37MB/53MB, paused 335us total 40.838ms
08-04 13:03:12.601  3644  3644 I ServiceManager: Waiting for service AtCmdFwd...
08-04 13:03:12.614  8104  8126 I art     : Starting a blocking GC Explicit
08-04 13:03:12.652  8104  8126 I art     : Explicit concurrent mark sweep GC freed 3(96B) AllocSpace objects, 0(0B) LOS objects, 29% free, 37MB/53MB, paused 346us total 38.590ms
08-04 13:03:12.957  8104  8397 I art     : Starting a blocking GC Explicit
08-04 13:03:12.999  8104  8397 I art     : Explicit concurrent mark sweep GC freed 1354(82KB) AllocSpace objects, 1(20KB) LOS objects, 29% free, 37MB/53MB, paused 389us total 40.973ms
08-04 13:03:13.014  8104  8397 I art     : Starting a blocking GC Explicit
08-04 13:03:13.052  8104  8397 I art     : Explicit concurrent mark sweep GC freed 20(704B) AllocSpace objects, 0(0B) LOS objects, 29% free, 37MB/53MB, paused 389us total 38.121ms
08-04 13:03:13.067  8104  8397 I art     : Starting a blocking GC Explicit
08-04 13:03:13.105  8104  8397 I art     : Explicit concurrent mark sweep GC freed 3(96B) AllocSpace objects, 0(0B) LOS objects, 29% free, 37MB/53MB, paused 374us total 37.811ms
08-04 13:03:13.120  8104  8397 I art     : Starting a blocking GC Explicit
08-04 13:03:13.158  8104  8397 I art     : Explicit concurrent mark sweep GC freed 3(96B) AllocSpace objects, 0(0B) LOS objects, 29% free, 37MB/53MB, paused 385us total 38.353ms
08-04 13:03:13.174  8104  8397 I art     : Starting a blocking GC Explicit
08-04 13:03:13.213  8104  8397 I art     : Explicit concurrent mark sweep GC freed 3(96B) AllocSpace objects, 0(0B) LOS objects, 29% free, 37MB/53MB, paused 372us total 38.925ms
08-04 13:03:13.271 11859 11859 D AndroidRuntime: >>>>>> START com.android.internal.os.RuntimeInit uid 2000 <<<<<<
08-04 13:03:13.276 11859 11859 D AndroidRuntime: CheckJNI is OFF
08-04 13:03:13.310 11859 11859 D ICU     : No timezone override file found: /data/misc/zoneinfo/current/icu/icu_tzdata.dat
08-04 13:03:13.343 11859 11859 I Radio-JNI: register_android_hardware_Radio DONE
08-04 13:03:13.365 11859 11859 D AndroidRuntime: Calling main entry com.android.commands.input.Input
08-04 13:03:13.367 11859 11859 I Input   : injectKeyEvent: KeyEvent { action=ACTION_DOWN, keyCode=KEYCODE_BACK, scanCode=0, metaState=0, flags=0x0, repeatCount=0, eventTime=709409780, downTime=709409780, deviceId=-1, source=0x101 }
08-04 13:03:13.373 11859 11859 I Input   : injectKeyEvent: KeyEvent { action=ACTION_UP, keyCode=KEYCODE_BACK, scanCode=0, metaState=0, flags=0x0, repeatCount=0, eventTime=709409780, downTime=709409780, deviceId=-1, source=0x101 }
08-04 13:03:13.379 11859 11859 D AndroidRuntime: Shutting down VM
08-04 13:03:13.416 13866 13866 I GoogleInputMethodServic: GoogleInputMethodService.onFinishInput():3138 
08-04 13:03:13.418 13866 13866 I GoogleInputMethodServic: GoogleInputMethodService.onStartInput():1808 
08-04 13:03:13.502  8104  8117 I art     : Starting a blocking GC Explicit
08-04 13:03:13.549  8104  8117 I art     : Explicit concurrent mark sweep GC freed 1533(88KB) AllocSpace objects, 1(20KB) LOS objects, 29% free, 37MB/53MB, paused 389us total 47.297ms
08-04 13:03:13.567  8104  8117 I art     : Starting a blocking GC Explicit
08-04 13:03:13.602  3644  3644 W Atfwd_Sendcmd: AtCmdFwd service not published, waiting... retryCnt : 5
08-04 13:03:13.618  8104  8117 I art     : Explicit concurrent mark sweep GC freed 24(864B) AllocSpace objects, 0(0B) LOS objects, 29% free, 37MB/53MB, paused 403us total 50.451ms
08-04 13:03:13.637  8104  8117 I art     : Starting a blocking GC Explicit
08-04 13:03:13.685  8104  8117 I art     : Explicit concurrent mark sweep GC freed 3(96B) AllocSpace objects, 0(0B) LOS objects, 29% free, 37MB/53MB, paused 354us total 48.246ms
08-04 13:03:13.701  8104  8117 I art     : Starting a blocking GC Explicit
08-04 13:03:13.739  8104  8117 I art     : Explicit concurrent mark sweep GC freed 57(2128B) AllocSpace objects, 0(0B) LOS objects, 29% free, 37MB/53MB, paused 412us total 37.862ms
08-04 13:03:13.753  8104  8117 I art     : Starting a blocking GC Explicit
08-04 13:03:13.789  8104  8117 I art     : Explicit concurrent mark sweep GC freed 134(6KB) AllocSpace objects, 0(0B) LOS objects, 29% free, 37MB/53MB, paused 383us total 36.191ms
08-04 13:03:14.111  8104  8126 I art     : Starting a blocking GC Explicit
08-04 13:03:14.163  8104  8126 I art     : Explicit concurrent mark sweep GC freed 1354(82KB) AllocSpace objects, 1(20KB) LOS objects, 29% free, 37MB/53MB, paused 464us total 52.093ms
08-04 13:03:14.183  8104  8126 I art     : Starting a blocking GC Explicit
08-04 13:03:14.225  8104  8126 I art     : Explicit concurrent mark sweep GC freed 20(704B) AllocSpace objects, 0(0B) LOS objects, 29% free, 37MB/53MB, paused 405us total 41.893ms
08-04 13:03:14.240  8104  8126 I art     : Starting a blocking GC Explicit
08-04 13:03:14.282  8104  8126 I art     : Explicit concurrent mark sweep GC freed 3(96B) AllocSpace objects, 0(0B) LOS objects, 29% free, 37MB/53MB, paused 401us total 41.649ms
08-04 13:03:14.297  8104  8126 I art     : Starting a blocking GC Explicit
08-04 13:03:14.337  8104  8126 I art     : Explicit concurrent mark sweep GC freed 3(96B) AllocSpace objects, 0(0B) LOS objects, 29% free, 37MB/53MB, paused 496us total 39.917ms
08-04 13:03:14.352  8104  8126 I art     : Starting a blocking GC Explicit
08-04 13:03:14.392  8104  8126 I art     : Explicit concurrent mark sweep GC freed 3(96B) AllocSpace objects, 0(0B) LOS objects, 29% free, 37MB/53MB, paused 387us total 40.187ms
08-04 13:03:14.717  8104  8397 I art     : Starting a blocking GC Explicit
08-04 13:03:14.758  8104  8397 I art     : Explicit concurrent mark sweep GC freed 1354(82KB) AllocSpace objects, 1(20KB) LOS objects, 29% free, 37MB/53MB, paused 439us total 40.897ms
08-04 13:03:14.773  8104  8397 I art     : Starting a blocking GC Explicit
08-04 13:03:14.813  8104  8397 I art     : Explicit concurrent mark sweep GC freed 20(704B) AllocSpace objects, 0(0B) LOS objects, 29% free, 37MB/53MB, paused 392us total 39.891ms
08-04 13:03:14.827  8104  8397 I art     : Starting a blocking GC Explicit
08-04 13:03:14.866  8104  8397 I art     : Explicit concurrent mark sweep GC freed 3(96B) AllocSpace objects, 0(0B) LOS objects, 29% free, 37MB/53MB, paused 407us total 38.257ms
08-04 13:03:14.880  8104  8397 I art     : Starting a blocking GC Explicit
08-04 13:03:14.919  8104  8397 I art     : Explicit concurrent mark sweep GC freed 3(96B) AllocSpace objects, 0(0B) LOS objects, 29% free, 37MB/53MB, paused 392us total 38.533ms
08-04 13:03:14.933  8104  8397 I art     : Starting a blocking GC Explicit
08-04 13:03:14.972  8104  8397 I art     : Explicit concurrent mark sweep GC freed 3(96B) AllocSpace objects, 0(0B) LOS objects, 29% free, 37MB/53MB, paused 403us total 38.757ms
08-04 13:03:15.105 11913 11913 D AndroidRuntime: >>>>>> START com.android.internal.os.RuntimeInit uid 2000 <<<<<<
08-04 13:03:15.112 11913 11913 D AndroidRuntime: CheckJNI is OFF
08-04 13:03:15.145 11913 11913 D ICU     : No timezone override file found: /data/misc/zoneinfo/current/icu/icu_tzdata.dat
08-04 13:03:15.179 11913 11913 I Radio-JNI: register_android_hardware_Radio DONE
08-04 13:03:15.201 11913 11913 D AndroidRuntime: Calling main entry com.android.commands.am.Am
08-04 13:03:15.218  2375  2375 I Trepn   : Trepn 6.2s: Received intent: com.quicinc.trepn.stop_profiling
08-04 13:03:15.258  2375  2375 I Trepn   : Trepn 6.2s: Trepn has Stopped Profiling.
08-04 13:03:15.291  8104  8116 I art     : Starting a blocking GC Explicit
08-04 13:03:15.332  8104  8116 I art     : Explicit concurrent mark sweep GC freed 1354(82KB) AllocSpace objects, 1(20KB) LOS objects, 29% free, 37MB/53MB, paused 377us total 39.859ms
08-04 13:03:15.346  8104  8116 I art     : Starting a blocking GC Explicit
08-04 13:03:15.368 11913 11913 D AndroidRuntime: Shutting down VM
08-04 13:03:15.372   918  3670 W AppOps  : Finishing op nesting under-run: uid 10078 pkg com.quicinc.trepn code 24 time=0 duration=0 nesting=0
08-04 13:03:15.385  8104  8116 I art     : Explicit concurrent mark sweep GC freed 20(704B) AllocSpace objects, 0(0B) LOS objects, 29% free, 37MB/53MB, paused 409us total 38.948ms
08-04 13:03:15.400  8104  8116 I art     : Starting a blocking GC Explicit
08-04 13:03:15.434  8104  8116 I art     : Explicit concurrent mark sweep GC freed 3(96B) AllocSpace objects, 0(0B) LOS objects, 29% free, 37MB/53MB, paused 355us total 33.108ms
08-04 13:03:15.448  8104  8116 I art     : Starting a blocking GC Explicit
08-04 13:03:15.483  8104  8116 I art     : Explicit concurrent mark sweep GC freed 3(96B) AllocSpace objects, 0(0B) LOS objects, 29% free, 37MB/53MB, paused 363us total 35.499ms
08-04 13:03:15.499  8104  8116 I art     : Starting a blocking GC Explicit
08-04 13:03:15.538  8104  8116 I art     : Explicit concurrent mark sweep GC freed 3(96B) AllocSpace objects, 0(0B) LOS objects, 29% free, 37MB/53MB, paused 636us total 38.584ms
08-04 13:03:15.834  8104  8117 I art     : Starting a blocking GC Explicit
08-04 13:03:15.874  8104  8117 I art     : Explicit concurrent mark sweep GC freed 1354(82KB) AllocSpace objects, 1(20KB) LOS objects, 29% free, 37MB/53MB, paused 374us total 40.353ms
08-04 13:03:15.889  8104  8117 I art     : Starting a blocking GC Explicit
08-04 13:03:15.929  8104  8117 I art     : Explicit concurrent mark sweep GC freed 20(704B) AllocSpace objects, 0(0B) LOS objects, 29% free, 37MB/53MB, paused 432us total 39.635ms
08-04 13:03:15.944  8104  8117 I art     : Starting a blocking GC Explicit
08-04 13:03:15.982  8104  8117 I art     : Explicit concurrent mark sweep GC freed 3(96B) AllocSpace objects, 0(0B) LOS objects, 29% free, 37MB/53MB, paused 361us total 38.476ms
08-04 13:03:15.997  8104  8117 I art     : Starting a blocking GC Explicit
08-04 13:03:16.035  8104  8117 I art     : Explicit concurrent mark sweep GC freed 3(96B) AllocSpace objects, 0(0B) LOS objects, 29% free, 37MB/53MB, paused 361us total 37.813ms
08-04 13:03:16.049  8104  8117 I art     : Starting a blocking GC Explicit
08-04 13:03:16.088  8104  8117 I art     : Explicit concurrent mark sweep GC freed 3(96B) AllocSpace objects, 0(0B) LOS objects, 29% free, 37MB/53MB, paused 419us total 38.272ms
08-04 13:03:16.647 13866 13882 I PeriodicStatsRunner: PeriodicStatsRunner.call():175 call()
08-04 13:03:16.647 13866 13882 I PeriodicStatsRunner: PeriodicStatsRunner.call():179 No submit PeriodicStats since input started.
08-04 13:03:18.290   918  3188 I hubconnection: sensorhub said: 'set_bias 3: -6.2400, 0.0000, 0.0000'
08-04 13:03:18.418 13866 13882 I PeriodicStatsRunner: PeriodicStatsRunner.call():175 call()
08-04 13:03:18.419 13866 13882 I PeriodicStatsRunner: PeriodicStatsRunner.call():179 No submit PeriodicStats since input started.
