--------- beginning of main
08-04 12:37:55.680   918  3359 I AccountManagerService: getTypesVisibleToCaller: isPermitted? true
08-04 12:37:55.718   918   930 W ResourceType: ResTable_typeSpec entry count inconsistent: given 37, previously 42
08-04 12:37:55.718   918   930 W ResourceType: ResTable_typeSpec entry count inconsistent: given 2527, previously 2530
08-04 12:37:55.719   918   930 W ResourceType: ResTable_typeSpec entry count inconsistent: given 2542, previously 2545
08-04 12:37:55.719   918   930 W ResourceType: ResTable_typeSpec entry count inconsistent: given 303, previously 1691
08-04 12:37:55.732  3784  3784 D CarrierServiceBindHelper: Receive action: android.intent.action.PACKAGE_ADDED
08-04 12:37:55.733  3784  3784 D CarrierServiceBindHelper: Receive action: android.intent.action.PACKAGE_REPLACED
08-04 12:37:55.734  3784  3784 D CarrierServiceBindHelper: mHandler: 3
08-04 12:37:55.734  3784  3784 D CarrierServiceBindHelper: mHandler: 3
08-04 12:37:55.734  3784  3784 D CarrierServiceBindHelper: mHandler: 3
08-04 12:37:55.734  3784  3784 D CarrierConfigLoader: mHandler: 9 phoneId: 0
08-04 12:37:55.738 24365 18920 I Fitness : FitCleanupIntentOperation received Intent android.intent.action.PACKAGE_REMOVED [CONTEXT service_id=17 ]
08-04 12:37:55.743 32231 32231 I Finsky  : [1] uah.a(18): PackageMonitorReceiverImpl - Received: android.intent.action.PACKAGE_REMOVED, [ocpw8ddNLhG67i_cxGNvtEQwqY1k5QNC_my-vN553D4]
08-04 12:37:55.743 32231 32231 I Finsky  : [1] ubi.d(9): Invalidating cached PackageState for baseline.org.quantumbadger.redreader
08-04 12:37:55.750 32231 32231 I Finsky  : [1] lzi.c(2): Frosting ID looked up on UI thread. Caller should move to a background thread.
08-04 12:37:55.761 32231 32231 I Finsky  : [1] nqb.c(3): Installer: package baseline.org.quantumbadger.redreader was removed. replacing: true
08-04 12:37:55.762 32231 32231 I Finsky  : [1] nra.a(188): Installer: Notifying status update. package=baseline.org.quantumbadger.redreader, status=UNINSTALLED
08-04 12:37:55.763   918  3670 I AccountManagerService: getTypesVisibleToCaller: isPermitted? true
08-04 12:37:55.803 32231 32231 I Finsky  : [1] lzi.c(2): Frosting ID looked up on UI thread. Caller should move to a background thread.
08-04 12:37:55.815 32231 32231 I Finsky  : [1] nra.a(220): Installer: found apps to install. isMultiUserMode=false, apps=[]
08-04 12:37:55.817 32231 18933 I Finsky  : [5983] ejf.a(-1): Cancelled 0 ongoing asset module downloads for package baseline.org.quantumbadger.redreader due to a concurrent app update.
08-04 12:37:55.859 24577 18928 I Auth    : [SupervisedAccountIntentOperation] onHandleIntent(): android.intent.action.PACKAGE_ADDED
08-04 12:37:55.861 24577 18925 I ChromeSync: [Sync,SyncIntentOperation] Handling the intent: Intent { act=android.intent.action.PACKAGE_ADDED dat=package:baseline.org.quantumbadger.redreader flg=0x4000010 cmp=com.google.android.gms/.chimera.GmsIntentOperationService (has extras) }.
--------- beginning of system
08-04 12:37:55.868   918  6110 W ActivityManager: Unable to start service Intent { act=com.google.android.gms.auth.key.retrieval.service.START pkg=com.google.android.gms } U=0: not found
08-04 12:37:55.871   918   928 W ActivityManager: Unbind failed: could not find connection for android.os.BinderProxy@285ffa4
08-04 12:37:55.872 32231 32231 I Finsky  : [1] uah.a(18): PackageMonitorReceiverImpl - Received: android.intent.action.PACKAGE_ADDED, [ocpw8ddNLhG67i_cxGNvtEQwqY1k5QNC_my-vN553D4]
08-04 12:37:55.873 32231 32231 I Finsky  : [1] ubi.d(9): Invalidating cached PackageState for baseline.org.quantumbadger.redreader
08-04 12:37:55.875 24577 24621 E GmsClient: unable to connect to service: com.google.android.gms.auth.key.retrieval.service.START on com.google.android.gms
08-04 12:37:55.878 32231 32350 I Finsky  : [5755] odj.b(52): IQ: Notifying installation update. package=baseline.org.quantumbadger.redreader, status=UNINSTALLED
08-04 12:37:55.886 32231 18931 I Finsky  : [5981] lyv.run(-1): Wrote row to frosting DB: 2284
08-04 12:37:55.905 32231 32350 I Finsky  : [5755] odj.b(40): IQ: No matching installs to run for jobs: []
08-04 12:37:55.907 32231 18931 I Finsky  : [5981] lyv.run(-1): Wrote row to frosting DB: 2285
08-04 12:37:55.920 32231 18931 I Finsky  : [5981] lyv.run(-1): Wrote row to frosting DB: 2286
08-04 12:37:55.928   918  4400 I AccountManagerService: getTypesVisibleToCaller: isPermitted? true
08-04 12:37:55.928 32231 32231 I Finsky  : [1] lzi.c(2): Frosting ID looked up on UI thread. Caller should move to a background thread.
08-04 12:37:55.930 24577 18925 I ChromeSync: [Persistence,AffiliationManager] One of affiliation or grouping data for android://bz0hZa4nAJEtd0n5sRlXG7KAqctUMWVefv7Ki4mh1p6slZ9YO-n9gS9j8m9YCrsIyI2wIxrDHraumF9Y6pBLTA==@baseline.org.quantumbadger.redreader/ was not found. Marking affiliation data as stale...
08-04 12:37:55.939 32231 32231 I Finsky  : [1] gzn.a(-1): [ContentSync] finished, scheduled=false
08-04 12:37:55.940 32231 32231 I Finsky  : [1] agsx.a(4): Do not start WearSupportService due to Wear service optimization
08-04 12:37:55.943 32231 18933 I Finsky  : [5983] ejc.a(-1): Asset module broadcast after update successful for package baseline.org.quantumbadger.redreader. 0 sessions broadcast.
08-04 12:37:55.979 32231 32231 I Finsky  : [1] lzi.c(2): Frosting ID looked up on UI thread. Caller should move to a background thread.
08-04 12:37:55.983   918   928 I AccountManagerService: getTypesVisibleToCaller: isPermitted? true
08-04 12:37:56.105 32231 18931 I Finsky  : [5981] lyv.run(-1): Wrote row to frosting DB: 2287
08-04 12:37:56.173 24577 13294 I Icing   : IndexChimeraService.getServiceInterface callingPackage=com.google.android.gms componentName=AppsCorpus serviceId=36
08-04 12:37:56.194 18943 18943 D AndroidRuntime: >>>>>> START com.android.internal.os.RuntimeInit uid 2000 <<<<<<
08-04 12:37:56.197 18943 18943 D AndroidRuntime: CheckJNI is OFF
08-04 12:37:56.199 24577 22343 W Icing   : No valid account for uploading user actions
08-04 12:37:56.199   918  6029 I AccountManagerService: getTypesVisibleToCaller: isPermitted? true
08-04 12:37:56.221 18943 18943 D ICU     : No timezone override file found: /data/misc/zoneinfo/current/icu/icu_tzdata.dat
08-04 12:37:56.224 24577 13293 I Icing   : IndexChimeraService.getServiceInterface callingPackage=com.google.android.gms componentName=null serviceId=30
08-04 12:37:56.249 18943 18943 I Radio-JNI: register_android_hardware_Radio DONE
08-04 12:37:56.265 18943 18943 D AndroidRuntime: Calling main entry com.android.commands.monkey.Monkey
08-04 12:37:56.280   918   931 W BroadcastQueue: Skipping deliver [background] BroadcastRecord{ba33870 u-1 android.net.conn.CONNECTIVITY_CHANGE} to ReceiverList{a19c6e 18943 (unknown name)/2000/u-1 remote:46109ed}: process crashing
08-04 12:37:56.284 32231 32231 I Finsky  : [1] xmu.a(8): SCH: Jobs in database: 1-1337 3-191 3-192 12-1 24-77777777 26-1414141414 
08-04 12:37:56.286 32231 32231 I Finsky  : [1] xio.a(57): SCH: ConstraintMapping: 24-77777777,  -> L: 0ms, D: 30724552ms, C: false, I: true, N: 0
08-04 12:37:56.286 32231 32231 I Finsky  : [1] xio.a(57): SCH: ConstraintMapping: 1-1337, 12-1,  -> L: 14504ms, D: 34076627ms, C: false, I: false, N: 1
08-04 12:37:56.287 32231 32231 I Finsky  : [1] xio.a(57): SCH: ConstraintMapping: 3-191,  -> L: 0ms, D: 74786500ms, C: false, I: true, N: 2
08-04 12:37:56.287 32231 32231 I Finsky  : [1] xio.a(57): SCH: ConstraintMapping: 3-192,  -> L: 0ms, D: 74786572ms, C: true, I: true, N: 2
08-04 12:37:56.288 32231 32231 I Finsky  : [1] xio.a(57): SCH: ConstraintMapping: 26-1414141414,  -> L: 38189752ms, D: 39089752ms, C: false, I: false, N: 0
08-04 12:37:56.290 24577 22343 I Icing   : Usage reports ok 2, Failed Usage reports 0, indexed 0, rejected 0
08-04 12:37:56.292 32231 18932 I Finsky  : [5982] gzn.a(-1): [ContentSync] finished, scheduled=true
08-04 12:37:56.293   918  3961 I ActivityManager: START u0 {act=android.intent.action.MAIN cat=[android.intent.category.LAUNCHER] flg=0x10200000 cmp=baseline.org.quantumbadger.redreader/.activities.MainActivity} from uid 2000 on display 0
08-04 12:37:56.295 24577 22343 W Icing   : No valid account for uploading user actions
08-04 12:37:56.311 24577 22343 I Icing   : Usage reports ok 0, Failed Usage reports 0, indexed 0, rejected 0
08-04 12:37:56.311   918   932 I sensors : batch
08-04 12:37:56.313 24577 22343 I Icing   : Indexing com.google.android.gms-internal.3p:MobileApplication from com.google.android.gms using seqno 763
08-04 12:37:56.316 24577 22343 I Icing   : Indexing com.google.android.gms-internal.3p:MobileApplication from com.google.android.gms using seqno 763
08-04 12:37:56.321   918  3188 I hubconnection: sensorhub said: 'batch 31 flags:0, sampling_rate_Hz:15.00, max_report_latency_us:0'
08-04 12:37:56.334 18964 18964 I art     : Late-enabling -Xcheck:jni
08-04 12:37:56.335   918  4400 I ActivityManager: Start proc 18964:baseline.org.quantumbadger.redreader/u0a666 for activity baseline.org.quantumbadger.redreader/.activities.MainActivity
08-04 12:37:56.342   918   932 I sensors : flush
08-04 12:37:56.342 18943 18943 I art     : System.exit called, status: 0
08-04 12:37:56.342 18943 18943 I AndroidRuntime: VM exiting with result code 0.
08-04 12:37:56.348   918  3188 I hubconnection: sensorhub said: 'flush 31'
08-04 12:37:56.349   918  3188 I hubconnection: saw sensor 31 flushed
08-04 12:37:56.357 32231 32231 I Finsky  : [1] xle.a(34): Cancelling existing jobscheduler jobs: 9011 9000 9009 9007 9010 9003 9004 9005 9002 9006 
08-04 12:37:56.358 32231 32231 I Finsky  : [1] xle.a(27): Scheduling job Id: 9001, L: 0, D: 30724552, C: false, I: true, N: 0
08-04 12:37:56.359 32231 32231 I Finsky  : [1] xle.a(27): Scheduling job Id: 9008, L: 14504, D: 34076627, C: false, I: false, N: 1
08-04 12:37:56.361 32231 32231 I Finsky  : [1] xle.a(27): Scheduling job Id: 9012, L: 0, D: 74786500, C: false, I: true, N: 2
08-04 12:37:56.362 32231 32231 I Finsky  : [1] xle.a(27): Scheduling job Id: 9013, L: 0, D: 74786572, C: true, I: true, N: 2
08-04 12:37:56.363 32231 32231 I Finsky  : [1] xle.a(27): Scheduling job Id: 9014, L: 38189752, D: 39089752, C: false, I: false, N: 0
08-04 12:37:56.366 32231 32231 I Finsky  : [1] xle.a(27): Scheduling job Id: 9015, L: 0, D: 30724552, C: false, I: true, N: 0
08-04 12:37:56.368 32231 32231 I Finsky  : [1] xle.a(27): Scheduling job Id: 9016, L: 14504, D: 34076627, C: false, I: false, N: 1
08-04 12:37:56.369 32231 32231 I Finsky  : [1] xle.a(27): Scheduling job Id: 9017, L: 0, D: 74786500, C: false, I: true, N: 2
08-04 12:37:56.370 24577 13293 I Icing   : IndexChimeraService.getServiceInterface callingPackage=com.google.android.gms componentName=null serviceId=36
08-04 12:37:56.370 32231 32231 I Finsky  : [1] xle.a(27): Scheduling job Id: 9018, L: 0, D: 74786572, C: true, I: true, N: 2
08-04 12:37:56.371 32231 32231 I Finsky  : [1] xle.a(27): Scheduling job Id: 9019, L: 38189752, D: 39089752, C: false, I: false, N: 0
08-04 12:37:56.376 24577  1295 W Icing   : No valid account for uploading user actions
08-04 12:37:56.383 18964 18964 W System  : ClassLoader referenced unknown path: /data/app/baseline.org.quantumbadger.redreader-1/lib/arm64
08-04 12:37:56.401  2075  1217 I PBSessionCacheImpl: Deleted sessionId[9127543042550561] from persistence.
08-04 12:37:56.404  2075  2107 W SearchServiceCore: Abort, client detached.
08-04 12:37:56.405 18964 18964 I RedReader: Application created.
08-04 12:37:56.405  2075  2107 I MicroDetectionState: Should stop hotword detection immediately - true
08-04 12:37:56.409 18964 18985 I RedditChangeDataIO: Running initial read...
08-04 12:37:56.410 18964 18985 I RedditChangeDataIO: Data file at '/data/user/0/baseline.org.quantumbadger.redreader/files/rr_change_data.dat'
08-04 12:37:56.410 18964 18985 I RedditChangeDataIO: Data file does not exist. Aborting read.
08-04 12:37:56.410 18964 18985 I RedditChangeDataManager: Pruning for all users...
08-04 12:37:56.410 18964 18985 I RedditChangeDataManager: Pruning complete.
08-04 12:37:56.411 18964 18964 I RedReader: Checking for new messages.
08-04 12:37:56.411 24577  1295 I Icing   : Usage reports ok 1, Failed Usage reports 0, indexed 0, rejected 0
08-04 12:37:56.500 18964 18964 W art     : Before Android 4.1, method android.graphics.PorterDuffColorFilter androidx.vectordrawable.graphics.drawable.VectorDrawableCompat.updateTintFilter(android.graphics.PorterDuffColorFilter, android.content.res.ColorStateList, android.graphics.PorterDuff$Mode) would have incorrectly overridden the package-private method in android.graphics.drawable.Drawable
08-04 12:37:56.519 18964 18984 I CacheManager: Pruning 108 files
08-04 12:37:56.523 18964 18964 I art     : Rejecting re-init on previously-failed class java.lang.Class<androidx.core.view.ViewCompat$2>
08-04 12:37:56.524 18964 18964 I art     : Rejecting re-init on previously-failed class java.lang.Class<androidx.core.view.ViewCompat$2>
08-04 12:37:56.534 18964 18964 I AppCompatViewInflater: app:theme is now deprecated. Please move to using android:theme instead.
08-04 12:37:56.752 18964 18964 I RawObjectDB query string: CREATE TABLE objects(RawObjectDB_id TEXT PRIMARY KEY ON CONFLICT REPLACE,RawObjectDB_timestamp INTEGER,serialised TEXT)
08-04 12:37:56.804 18964 18964 I RawObjectDB query string: CREATE TABLE objects(RawObjectDB_id TEXT PRIMARY KEY ON CONFLICT REPLACE,RawObjectDB_timestamp INTEGER,serialised TEXT)
08-04 12:37:56.875 18964 18987 D OpenGLRenderer: Use EGL_SWAP_BEHAVIOR_PRESERVED: true
08-04 12:37:56.936 18964 18987 I Adreno  : QUALCOMM build                   : fcf4852, I1af360237c
08-04 12:37:56.936 18964 18987 I Adreno  : Build Date                       : 09/23/15
08-04 12:37:56.936 18964 18987 I Adreno  : OpenGL ES Shader Compiler Version: XE031.05.13.02
08-04 12:37:56.936 18964 18987 I Adreno  : Local Branch                     : mybranch14465806
08-04 12:37:56.936 18964 18987 I Adreno  : Remote Branch                    : quic/LA.BF64.1.2.9_v2
08-04 12:37:56.936 18964 18987 I Adreno  : Remote Branch                    : NONE
08-04 12:37:56.936 18964 18987 I Adreno  : Reconstruct Branch               : NOTHING
08-04 12:37:56.943 18964 18987 I OpenGLRenderer: Initialized EGL, version 1.4
08-04 12:37:57.250   918   936 I ActivityManager: Displayed baseline.org.quantumbadger.redreader/.activities.MainActivity: +929ms
08-04 12:37:57.295 24577  1295 I Icing   : Indexing com.google.android.gms-apps from com.google.android.gms
08-04 12:37:57.407 24577  1295 I Icing   : Indexing done com.google.android.gms-apps
08-04 12:37:57.507   918 13198 D NetlinkSocketObserver: NeighborEvent{elapsedMs=1691281382, 192.168.2.254, [7C3953A63323], RTM_NEWNEIGH, NUD_STALE}
08-04 12:37:57.878 19003 19003 D AndroidRuntime: >>>>>> START com.android.internal.os.RuntimeInit uid 2000 <<<<<<
08-04 12:37:57.885 19003 19003 D AndroidRuntime: CheckJNI is OFF
08-04 12:37:57.917 19003 19003 D ICU     : No timezone override file found: /data/misc/zoneinfo/current/icu/icu_tzdata.dat
08-04 12:37:57.950 19003 19003 I Radio-JNI: register_android_hardware_Radio DONE
08-04 12:37:57.968 19003 19003 D AndroidRuntime: Calling main entry com.android.commands.am.Am
08-04 12:37:57.978  2375  2375 I Trepn   : Trepn 6.2s: Received intent: com.quicinc.trepn.start_profiling
08-04 12:37:58.057  2375  2375 W FileUtils: Failed to chmod(/storage/emulated/0/trepn/Trepn_2020.08.04_123757.db): android.system.ErrnoException: chmod failed: EPERM (Operation not permitted)
08-04 12:37:58.135  2375  2375 I Trepn   : Trepn 6.2s: Trepn has Started Profiling.
08-04 12:37:58.136 19003 19003 D AndroidRuntime: Shutting down VM
08-04 12:37:58.616 18964 18981 I art     : Starting a blocking GC Explicit
08-04 12:37:58.638 18964 18981 I art     : Explicit concurrent mark sweep GC freed 6180(549KB) AllocSpace objects, 8(216KB) LOS objects, 40% free, 20MB/34MB, paused 121us total 21.305ms
08-04 12:37:58.649 18964 18981 I art     : Starting a blocking GC Explicit
08-04 12:37:58.662 18964 18981 I art     : Explicit concurrent mark sweep GC freed 1231(59KB) AllocSpace objects, 0(0B) LOS objects, 40% free, 20MB/34MB, paused 316us total 13.039ms
08-04 12:37:58.674 18964 18981 I art     : Starting a blocking GC Explicit
08-04 12:37:58.685 18964 18981 I art     : Explicit concurrent mark sweep GC freed 7(224B) AllocSpace objects, 0(0B) LOS objects, 40% free, 20MB/34MB, paused 116us total 11.252ms
08-04 12:37:58.693 18964 18981 I art     : Starting a blocking GC Explicit
08-04 12:37:58.704 18964 18981 I art     : Explicit concurrent mark sweep GC freed 5(160B) AllocSpace objects, 0(0B) LOS objects, 40% free, 20MB/34MB, paused 118us total 10.820ms
08-04 12:37:58.713 18964 18981 I art     : Starting a blocking GC Explicit
08-04 12:37:58.725 18964 18981 I art     : Explicit concurrent mark sweep GC freed 5(160B) AllocSpace objects, 0(0B) LOS objects, 40% free, 20MB/34MB, paused 129us total 11.430ms
08-04 12:37:58.986 18964 18992 I art     : Starting a blocking GC Explicit
08-04 12:37:59.001 18964 18992 I art     : Explicit concurrent mark sweep GC freed 1340(78KB) AllocSpace objects, 1(20KB) LOS objects, 40% free, 20MB/34MB, paused 157us total 15.141ms
08-04 12:37:59.015 18964 18992 I art     : Starting a blocking GC Explicit
08-04 12:37:59.026 18964 18992 I art     : Explicit concurrent mark sweep GC freed 20(704B) AllocSpace objects, 0(0B) LOS objects, 40% free, 20MB/34MB, paused 121us total 11.193ms
08-04 12:37:59.034 18964 18992 I art     : Starting a blocking GC Explicit
08-04 12:37:59.045 18964 18992 I art     : Explicit concurrent mark sweep GC freed 3(96B) AllocSpace objects, 0(0B) LOS objects, 40% free, 20MB/34MB, paused 116us total 10.884ms
08-04 12:37:59.054 18964 18992 I art     : Starting a blocking GC Explicit
08-04 12:37:59.064 18964 18992 I art     : Explicit concurrent mark sweep GC freed 3(96B) AllocSpace objects, 0(0B) LOS objects, 40% free, 20MB/34MB, paused 119us total 10.612ms
08-04 12:37:59.072 18964 18992 I art     : Starting a blocking GC Explicit
08-04 12:37:59.083 18964 18992 I art     : Explicit concurrent mark sweep GC freed 3(96B) AllocSpace objects, 0(0B) LOS objects, 40% free, 20MB/34MB, paused 105us total 10.596ms
08-04 12:37:59.361 18964 18981 I art     : Starting a blocking GC Explicit
08-04 12:37:59.376 18964 18981 I art     : Explicit concurrent mark sweep GC freed 1333(78KB) AllocSpace objects, 1(20KB) LOS objects, 40% free, 20MB/34MB, paused 144us total 14.061ms
08-04 12:37:59.386 18964 18981 I art     : Starting a blocking GC Explicit
08-04 12:37:59.397 18964 18981 I art     : Explicit concurrent mark sweep GC freed 20(704B) AllocSpace objects, 0(0B) LOS objects, 40% free, 20MB/34MB, paused 129us total 11.515ms
08-04 12:37:59.406 18964 18981 I art     : Starting a blocking GC Explicit
08-04 12:37:59.417 18964 18981 I art     : Explicit concurrent mark sweep GC freed 3(96B) AllocSpace objects, 0(0B) LOS objects, 40% free, 20MB/34MB, paused 131us total 10.300ms
08-04 12:37:59.425 18964 18981 I art     : Starting a blocking GC Explicit
08-04 12:37:59.435 18964 18981 I art     : Explicit concurrent mark sweep GC freed 3(96B) AllocSpace objects, 0(0B) LOS objects, 40% free, 20MB/34MB, paused 123us total 10.203ms
08-04 12:37:59.443 18964 18981 I art     : Starting a blocking GC Explicit
08-04 12:37:59.454 18964 18981 I art     : Explicit concurrent mark sweep GC freed 3(96B) AllocSpace objects, 0(0B) LOS objects, 40% free, 20MB/34MB, paused 125us total 10.506ms
08-04 12:37:59.739 18964 18980 I art     : Starting a blocking GC Explicit
08-04 12:37:59.755 18964 18980 I art     : Explicit concurrent mark sweep GC freed 1333(78KB) AllocSpace objects, 1(20KB) LOS objects, 40% free, 20MB/34MB, paused 163us total 15.848ms
08-04 12:37:59.767 18964 18980 I art     : Starting a blocking GC Explicit
08-04 12:37:59.778 18964 18980 I art     : Explicit concurrent mark sweep GC freed 20(704B) AllocSpace objects, 0(0B) LOS objects, 40% free, 20MB/34MB, paused 117us total 11.149ms
08-04 12:37:59.787 18964 18980 I art     : Starting a blocking GC Explicit
08-04 12:37:59.797 18964 18980 I art     : Explicit concurrent mark sweep GC freed 3(96B) AllocSpace objects, 0(0B) LOS objects, 40% free, 20MB/34MB, paused 114us total 10.221ms
08-04 12:37:59.805 18964 18980 I art     : Starting a blocking GC Explicit
08-04 12:37:59.816 18964 18980 I art     : Explicit concurrent mark sweep GC freed 3(96B) AllocSpace objects, 0(0B) LOS objects, 40% free, 20MB/34MB, paused 105us total 10.232ms
08-04 12:37:59.823 18964 18980 I art     : Starting a blocking GC Explicit
08-04 12:37:59.834 18964 18980 I art     : Explicit concurrent mark sweep GC freed 3(96B) AllocSpace objects, 0(0B) LOS objects, 40% free, 20MB/34MB, paused 118us total 10.512ms
08-04 12:38:00.136 18964 18992 I art     : Starting a blocking GC Explicit
08-04 12:38:00.150 18964 18992 I art     : Explicit concurrent mark sweep GC freed 1333(78KB) AllocSpace objects, 1(20KB) LOS objects, 40% free, 20MB/34MB, paused 129us total 13.156ms
08-04 12:38:00.158 18964 18992 I art     : Starting a blocking GC Explicit
08-04 12:38:00.169 18964 18992 I art     : Explicit concurrent mark sweep GC freed 20(704B) AllocSpace objects, 0(0B) LOS objects, 40% free, 20MB/34MB, paused 116us total 11.094ms
08-04 12:38:00.178 18964 18992 I art     : Starting a blocking GC Explicit
08-04 12:38:00.188 18964 18992 I art     : Explicit concurrent mark sweep GC freed 3(96B) AllocSpace objects, 0(0B) LOS objects, 40% free, 20MB/34MB, paused 116us total 10.280ms
08-04 12:38:00.196 18964 18992 I art     : Starting a blocking GC Explicit
08-04 12:38:00.206 18964 18992 I art     : Explicit concurrent mark sweep GC freed 3(96B) AllocSpace objects, 0(0B) LOS objects, 40% free, 20MB/34MB, paused 110us total 9.390ms
08-04 12:38:00.213 18964 18992 I art     : Starting a blocking GC Explicit
08-04 12:38:00.223 18964 18992 I art     : Explicit concurrent mark sweep GC freed 3(96B) AllocSpace objects, 0(0B) LOS objects, 40% free, 20MB/34MB, paused 114us total 9.500ms
08-04 12:38:00.509 18964 18981 I art     : Starting a blocking GC Explicit
08-04 12:38:00.528 18964 18981 I art     : Explicit concurrent mark sweep GC freed 1334(78KB) AllocSpace objects, 1(20KB) LOS objects, 40% free, 20MB/34MB, paused 249us total 19.040ms
08-04 12:38:00.541 18964 18981 I art     : Starting a blocking GC Explicit
08-04 12:38:00.554 18964 18981 I art     : Explicit concurrent mark sweep GC freed 20(704B) AllocSpace objects, 0(0B) LOS objects, 40% free, 20MB/34MB, paused 138us total 13.609ms
08-04 12:38:00.565 18964 18981 I art     : Starting a blocking GC Explicit
08-04 12:38:00.575 18964 18981 I art     : Explicit concurrent mark sweep GC freed 3(96B) AllocSpace objects, 0(0B) LOS objects, 40% free, 20MB/34MB, paused 116us total 10.617ms
08-04 12:38:00.584 18964 18981 I art     : Starting a blocking GC Explicit
08-04 12:38:00.595 18964 18981 I art     : Explicit concurrent mark sweep GC freed 3(96B) AllocSpace objects, 0(0B) LOS objects, 40% free, 20MB/34MB, paused 141us total 10.756ms
08-04 12:38:00.603 18964 18981 I art     : Starting a blocking GC Explicit
08-04 12:38:00.614 18964 18981 I art     : Explicit concurrent mark sweep GC freed 3(96B) AllocSpace objects, 0(0B) LOS objects, 40% free, 20MB/34MB, paused 122us total 10.328ms
08-04 12:38:00.929 18964 18980 I art     : Starting a blocking GC Explicit
08-04 12:38:00.945 18964 18980 I art     : Explicit concurrent mark sweep GC freed 1334(78KB) AllocSpace objects, 1(20KB) LOS objects, 40% free, 20MB/34MB, paused 167us total 16.047ms
08-04 12:38:00.957 18964 18980 I art     : Starting a blocking GC Explicit
08-04 12:38:00.969 18964 18980 I art     : Explicit concurrent mark sweep GC freed 20(704B) AllocSpace objects, 0(0B) LOS objects, 40% free, 20MB/34MB, paused 121us total 11.429ms
08-04 12:38:00.977 18964 18980 I art     : Starting a blocking GC Explicit
08-04 12:38:00.988 18964 18980 I art     : Explicit concurrent mark sweep GC freed 3(96B) AllocSpace objects, 0(0B) LOS objects, 40% free, 20MB/34MB, paused 118us total 10.635ms
08-04 12:38:00.995 18964 18980 I art     : Starting a blocking GC Explicit
08-04 12:38:01.006 18964 18980 I art     : Explicit concurrent mark sweep GC freed 3(96B) AllocSpace objects, 0(0B) LOS objects, 40% free, 20MB/34MB, paused 115us total 10.652ms
08-04 12:38:01.014 18964 18980 I art     : Starting a blocking GC Explicit
08-04 12:38:01.025 18964 18980 I art     : Explicit concurrent mark sweep GC freed 3(96B) AllocSpace objects, 0(0B) LOS objects, 40% free, 20MB/34MB, paused 114us total 10.351ms
08-04 12:38:01.031 24577 18928 W art     : No such thread id for suspend: 181
08-04 12:38:01.335 18964 18992 I art     : Starting a blocking GC Explicit
08-04 12:38:01.351 18964 18992 I art     : Explicit concurrent mark sweep GC freed 1333(78KB) AllocSpace objects, 1(20KB) LOS objects, 40% free, 20MB/34MB, paused 158us total 16.042ms
08-04 12:38:01.362 18964 18992 I art     : Starting a blocking GC Explicit
08-04 12:38:01.373 18964 18992 I art     : Explicit concurrent mark sweep GC freed 20(704B) AllocSpace objects, 0(0B) LOS objects, 40% free, 20MB/34MB, paused 122us total 11.389ms
08-04 12:38:01.382 18964 18992 I art     : Starting a blocking GC Explicit
08-04 12:38:01.393 18964 18992 I art     : Explicit concurrent mark sweep GC freed 3(96B) AllocSpace objects, 0(0B) LOS objects, 40% free, 20MB/34MB, paused 113us total 10.562ms
08-04 12:38:01.401 18964 18992 I art     : Starting a blocking GC Explicit
08-04 12:38:01.411 18964 18992 I art     : Explicit concurrent mark sweep GC freed 3(96B) AllocSpace objects, 0(0B) LOS objects, 40% free, 20MB/34MB, paused 107us total 10.301ms
08-04 12:38:01.419 18964 18992 I art     : Starting a blocking GC Explicit
08-04 12:38:01.429 18964 18992 I art     : Explicit concurrent mark sweep GC freed 3(96B) AllocSpace objects, 0(0B) LOS objects, 40% free, 20MB/34MB, paused 107us total 10.159ms
08-04 12:38:01.719 18964 18981 I art     : Starting a blocking GC Explicit
08-04 12:38:01.735 18964 18981 I art     : Explicit concurrent mark sweep GC freed 1333(78KB) AllocSpace objects, 1(20KB) LOS objects, 40% free, 20MB/34MB, paused 140us total 15.641ms
08-04 12:38:01.747 18964 18981 I art     : Starting a blocking GC Explicit
08-04 12:38:01.758 18964 18981 I art     : Explicit concurrent mark sweep GC freed 20(704B) AllocSpace objects, 0(0B) LOS objects, 40% free, 20MB/34MB, paused 124us total 10.877ms
08-04 12:38:01.767 18964 18981 I art     : Starting a blocking GC Explicit
08-04 12:38:01.778 18964 18981 I art     : Explicit concurrent mark sweep GC freed 3(96B) AllocSpace objects, 0(0B) LOS objects, 40% free, 20MB/34MB, paused 123us total 10.780ms
08-04 12:38:01.786 18964 18981 I art     : Starting a blocking GC Explicit
08-04 12:38:01.796 18964 18981 I art     : Explicit concurrent mark sweep GC freed 3(96B) AllocSpace objects, 0(0B) LOS objects, 40% free, 20MB/34MB, paused 124us total 10.202ms
08-04 12:38:01.804 18964 18981 I art     : Starting a blocking GC Explicit
08-04 12:38:01.815 18964 18981 I art     : Explicit concurrent mark sweep GC freed 3(96B) AllocSpace objects, 0(0B) LOS objects, 40% free, 20MB/34MB, paused 129us total 10.433ms
08-04 12:38:02.131 18964 18980 I art     : Starting a blocking GC Explicit
08-04 12:38:02.148 18964 18980 I art     : Explicit concurrent mark sweep GC freed 1333(78KB) AllocSpace objects, 1(20KB) LOS objects, 40% free, 20MB/34MB, paused 154us total 16.551ms
08-04 12:38:02.160 18964 18980 I art     : Starting a blocking GC Explicit
08-04 12:38:02.174 18964 18980 I art     : Explicit concurrent mark sweep GC freed 20(704B) AllocSpace objects, 0(0B) LOS objects, 40% free, 20MB/34MB, paused 137us total 13.496ms
08-04 12:38:02.185 18964 18980 I art     : Starting a blocking GC Explicit
08-04 12:38:02.196 18964 18980 I art     : Explicit concurrent mark sweep GC freed 3(96B) AllocSpace objects, 0(0B) LOS objects, 40% free, 20MB/34MB, paused 121us total 10.570ms
08-04 12:38:02.204 18964 18980 I art     : Starting a blocking GC Explicit
08-04 12:38:02.215 18964 18980 I art     : Explicit concurrent mark sweep GC freed 3(96B) AllocSpace objects, 0(0B) LOS objects, 40% free, 20MB/34MB, paused 111us total 10.819ms
08-04 12:38:02.223 18964 18980 I art     : Starting a blocking GC Explicit
08-04 12:38:02.234 18964 18980 I art     : Explicit concurrent mark sweep GC freed 3(96B) AllocSpace objects, 0(0B) LOS objects, 40% free, 20MB/34MB, paused 110us total 10.336ms
08-04 12:38:02.353   918  3261 D WifiStateMachine: starting scan for "H369AA63323"WPA_PSK with 2412,5180
08-04 12:38:02.492 18964 18992 I art     : Starting a blocking GC Explicit
08-04 12:38:02.503 18964 18992 I art     : Explicit concurrent mark sweep GC freed 1333(78KB) AllocSpace objects, 1(20KB) LOS objects, 40% free, 20MB/34MB, paused 130us total 11.618ms
08-04 12:38:02.512 18964 18992 I art     : Starting a blocking GC Explicit
08-04 12:38:02.522 18964 18992 I art     : Explicit concurrent mark sweep GC freed 20(704B) AllocSpace objects, 0(0B) LOS objects, 40% free, 20MB/34MB, paused 113us total 9.975ms
08-04 12:38:02.530 18964 18992 I art     : Starting a blocking GC Explicit
08-04 12:38:02.539 18964 18992 I art     : Explicit concurrent mark sweep GC freed 3(96B) AllocSpace objects, 0(0B) LOS objects, 40% free, 20MB/34MB, paused 97us total 8.999ms
08-04 12:38:02.547 18964 18992 I art     : Starting a blocking GC Explicit
08-04 12:38:02.556 18964 18992 I art     : Explicit concurrent mark sweep GC freed 3(96B) AllocSpace objects, 0(0B) LOS objects, 40% free, 20MB/34MB, paused 106us total 9.420ms
08-04 12:38:02.564 18964 18992 I art     : Starting a blocking GC Explicit
08-04 12:38:02.573 18964 18992 I art     : Explicit concurrent mark sweep GC freed 3(96B) AllocSpace objects, 0(0B) LOS objects, 40% free, 20MB/34MB, paused 106us total 9.542ms
08-04 12:38:02.871 18964 18981 I art     : Starting a blocking GC Explicit
08-04 12:38:02.887 18964 18981 I art     : Explicit concurrent mark sweep GC freed 1333(78KB) AllocSpace objects, 1(20KB) LOS objects, 40% free, 20MB/34MB, paused 124us total 15.870ms
08-04 12:38:02.896 18964 18981 I art     : Starting a blocking GC Explicit
08-04 12:38:02.907 18964 18981 I art     : Explicit concurrent mark sweep GC freed 20(704B) AllocSpace objects, 0(0B) LOS objects, 40% free, 20MB/34MB, paused 161us total 10.727ms
08-04 12:38:02.915 18964 18981 I art     : Starting a blocking GC Explicit
08-04 12:38:02.926 18964 18981 I art     : Explicit concurrent mark sweep GC freed 3(96B) AllocSpace objects, 0(0B) LOS objects, 40% free, 20MB/34MB, paused 118us total 10.038ms
08-04 12:38:02.933 18964 18981 I art     : Starting a blocking GC Explicit
08-04 12:38:02.942 18964 18981 I art     : Explicit concurrent mark sweep GC freed 3(96B) AllocSpace objects, 0(0B) LOS objects, 40% free, 20MB/34MB, paused 103us total 8.989ms
08-04 12:38:02.949 18964 18981 I art     : Starting a blocking GC Explicit
08-04 12:38:02.959 18964 18981 I art     : Explicit concurrent mark sweep GC freed 3(96B) AllocSpace objects, 0(0B) LOS objects, 40% free, 20MB/34MB, paused 124us total 9.308ms
08-04 12:38:03.126 18870 18870 I ServiceManager: Waiting for service AtCmdFwd...
08-04 12:38:03.198 18964 18980 I art     : Starting a blocking GC Explicit
08-04 12:38:03.211 18964 18980 I art     : Explicit concurrent mark sweep GC freed 1333(78KB) AllocSpace objects, 1(20KB) LOS objects, 40% free, 20MB/34MB, paused 129us total 12.659ms
08-04 12:38:03.220 18964 18980 I art     : Starting a blocking GC Explicit
08-04 12:38:03.231 18964 18980 I art     : Explicit concurrent mark sweep GC freed 20(704B) AllocSpace objects, 0(0B) LOS objects, 40% free, 20MB/34MB, paused 112us total 10.873ms
08-04 12:38:03.238 18964 18980 I art     : Starting a blocking GC Explicit
08-04 12:38:03.249 18964 18980 I art     : Explicit concurrent mark sweep GC freed 3(96B) AllocSpace objects, 0(0B) LOS objects, 40% free, 20MB/34MB, paused 110us total 9.950ms
08-04 12:38:03.256 18964 18980 I art     : Starting a blocking GC Explicit
08-04 12:38:03.266 18964 18980 I art     : Explicit concurrent mark sweep GC freed 3(96B) AllocSpace objects, 0(0B) LOS objects, 40% free, 20MB/34MB, paused 108us total 9.637ms
08-04 12:38:03.273 18964 18980 I art     : Starting a blocking GC Explicit
08-04 12:38:03.283 18964 18980 I art     : Explicit concurrent mark sweep GC freed 3(96B) AllocSpace objects, 0(0B) LOS objects, 40% free, 20MB/34MB, paused 110us total 9.825ms
08-04 12:38:03.461 19166 19166 D AndroidRuntime: >>>>>> START com.android.internal.os.RuntimeInit uid 2000 <<<<<<
08-04 12:38:03.465 19166 19166 D AndroidRuntime: CheckJNI is OFF
08-04 12:38:03.490 19166 19166 D ICU     : No timezone override file found: /data/misc/zoneinfo/current/icu/icu_tzdata.dat
08-04 12:38:03.514 19166 19166 I Radio-JNI: register_android_hardware_Radio DONE
08-04 12:38:03.529 19166 19166 D AndroidRuntime: Calling main entry com.android.commands.input.Input
08-04 12:38:03.531 19166 19166 I Input   : injectMotionEvent: MotionEvent { action=ACTION_DOWN, actionButton=0, id[0]=0, x[0]=720.0, y[0]=1440.0, toolType[0]=TOOL_TYPE_UNKNOWN, buttonState=0, metaState=0, flags=0x0, edgeFlags=0x0, pointerCount=1, historySize=0, eventTime=707899944, downTime=707899944, deviceId=0, source=0x1002 }
08-04 12:38:03.537 19166 19166 I Input   : injectMotionEvent: MotionEvent { action=ACTION_UP, actionButton=0, id[0]=0, x[0]=720.0, y[0]=1440.0, toolType[0]=TOOL_TYPE_UNKNOWN, buttonState=0, metaState=0, flags=0x0, edgeFlags=0x0, pointerCount=1, historySize=0, eventTime=707899944, downTime=707899944, deviceId=0, source=0x1002 }
08-04 12:38:03.538 19166 19166 D AndroidRuntime: Shutting down VM
08-04 12:38:03.553 18964 18992 I art     : Starting a blocking GC Explicit
08-04 12:38:03.559   512  2967 D audio_hw_primary: out_set_parameters: enter: usecase(1: low-latency-playback) kvpairs: routing=2
08-04 12:38:03.567 18964 18992 I art     : Explicit concurrent mark sweep GC freed 1441(82KB) AllocSpace objects, 1(20KB) LOS objects, 40% free, 20MB/34MB, paused 197us total 13.156ms
08-04 12:38:03.568 13866 13866 I GoogleInputMethodServic: GoogleInputMethodService.onFinishInput():3138 
08-04 12:38:03.571 13866 13866 I GoogleInputMethodServic: GoogleInputMethodService.onStartInput():1808 
08-04 12:38:03.572   512  2967 D audio_hw_primary: select_devices: out_snd_device(2: speaker) in_snd_device(0: none)
08-04 12:38:03.572   512  2967 D msm8974_platform: platform_send_audio_calibration: sending audio calibration for snd_device(2) acdb_id(15)
08-04 12:38:03.572   512  2967 I soundtrigger: audio_extn_sound_trigger_update_device_status: device 0x2 of type 0 for Event 1
08-04 12:38:03.577 18964 18992 I art     : Starting a blocking GC Explicit
08-04 12:38:03.585   512  2967 D audio_hw_primary: enable_snd_device: snd_device(2: speaker)
08-04 12:38:03.587   512  2967 D audio_hw_primary: enable_audio_route: apply and update mixer path: low-latency-playback speaker
08-04 12:38:03.589 18964 18992 I art     : Explicit concurrent mark sweep GC freed 134(6KB) AllocSpace objects, 0(0B) LOS objects, 40% free, 20MB/34MB, paused 132us total 11.723ms
08-04 12:38:03.598 18964 18992 I art     : Starting a blocking GC Explicit
08-04 12:38:03.608 18964 18992 I art     : Explicit concurrent mark sweep GC freed 867(63KB) AllocSpace objects, 1(76KB) LOS objects, 40% free, 20MB/34MB, paused 105us total 9.565ms
08-04 12:38:03.615 18964 18992 I art     : Starting a blocking GC Explicit
08-04 12:38:03.625 18964 18992 I art     : Explicit concurrent mark sweep GC freed 3(96B) AllocSpace objects, 0(0B) LOS objects, 40% free, 20MB/34MB, paused 104us total 9.231ms
08-04 12:38:03.633 18964 18992 I art     : Starting a blocking GC Explicit
08-04 12:38:03.644 18964 18992 I art     : Explicit concurrent mark sweep GC freed 3(96B) AllocSpace objects, 0(0B) LOS objects, 40% free, 20MB/34MB, paused 107us total 11.034ms
08-04 12:38:03.766   380   380 W SurfaceFlinger: couldn't log to binary event log: overflow.
08-04 12:38:03.865 18964 18981 I art     : Starting a blocking GC Explicit
08-04 12:38:03.875 18964 18981 I art     : Explicit concurrent mark sweep GC freed 1333(78KB) AllocSpace objects, 1(20KB) LOS objects, 40% free, 20MB/34MB, paused 123us total 9.909ms
08-04 12:38:03.883 18964 18981 I art     : Starting a blocking GC Explicit
08-04 12:38:03.894 18964 18981 I art     : Explicit concurrent mark sweep GC freed 20(704B) AllocSpace objects, 0(0B) LOS objects, 40% free, 20MB/34MB, paused 135us total 10.413ms
08-04 12:38:03.902 18964 18981 I art     : Starting a blocking GC Explicit
08-04 12:38:03.913 18964 18981 I art     : Explicit concurrent mark sweep GC freed 3(96B) AllocSpace objects, 0(0B) LOS objects, 40% free, 20MB/34MB, paused 131us total 10.320ms
08-04 12:38:03.921 18964 18981 I art     : Starting a blocking GC Explicit
08-04 12:38:03.931 18964 18981 I art     : Explicit concurrent mark sweep GC freed 3(96B) AllocSpace objects, 0(0B) LOS objects, 40% free, 20MB/34MB, paused 128us total 10.500ms
08-04 12:38:03.939 18964 18981 I art     : Starting a blocking GC Explicit
08-04 12:38:03.950 18964 18981 I art     : Explicit concurrent mark sweep GC freed 3(96B) AllocSpace objects, 0(0B) LOS objects, 40% free, 20MB/34MB, paused 127us total 10.267ms
08-04 12:38:04.110 19196 19196 D AndroidRuntime: >>>>>> START com.android.internal.os.RuntimeInit uid 2000 <<<<<<
08-04 12:38:04.114 19196 19196 D AndroidRuntime: CheckJNI is OFF
08-04 12:38:04.119   512  2967 D audio_hw_primary: disable_audio_route: reset and update mixer path: low-latency-playback speaker
08-04 12:38:04.120   512  2967 D audio_hw_primary: disable_snd_device: snd_device(2: speaker)
08-04 12:38:04.126 18870 18870 I ServiceManager: Waiting for service AtCmdFwd...
08-04 12:38:04.128   512  2967 I soundtrigger: audio_extn_sound_trigger_update_device_status: device 0x2 of type 0 for Event 0
08-04 12:38:04.139 19196 19196 D ICU     : No timezone override file found: /data/misc/zoneinfo/current/icu/icu_tzdata.dat
08-04 12:38:04.162 19196 19196 I Radio-JNI: register_android_hardware_Radio DONE
08-04 12:38:04.178 19196 19196 D AndroidRuntime: Calling main entry com.android.commands.input.Input
08-04 12:38:04.179 19196 19196 I Input   : injectMotionEvent: MotionEvent { action=ACTION_DOWN, actionButton=0, id[0]=0, x[0]=1345.0, y[0]=165.0, toolType[0]=TOOL_TYPE_UNKNOWN, buttonState=0, metaState=0, flags=0x0, edgeFlags=0x0, pointerCount=1, historySize=0, eventTime=707900592, downTime=707900592, deviceId=0, source=0x1002 }
08-04 12:38:04.183 19196 19196 I Input   : injectMotionEvent: MotionEvent { action=ACTION_UP, actionButton=0, id[0]=0, x[0]=1345.0, y[0]=165.0, toolType[0]=TOOL_TYPE_UNKNOWN, buttonState=0, metaState=0, flags=0x0, edgeFlags=0x0, pointerCount=1, historySize=0, eventTime=707900592, downTime=707900592, deviceId=0, source=0x1002 }
08-04 12:38:04.184 19196 19196 D AndroidRuntime: Shutting down VM
08-04 12:38:04.196 18964 19193 I art     : Starting a blocking GC Explicit
08-04 12:38:04.203 18964 18964 W art     : Before Android 4.1, method int androidx.appcompat.widget.DropDownListView.lookForSelectablePosition(int, boolean) would have incorrectly overridden the package-private method in android.widget.ListView
08-04 12:38:04.205   512  2967 D audio_hw_primary: out_set_parameters: enter: usecase(1: low-latency-playback) kvpairs: routing=2
08-04 12:38:04.208 18964 18964 W art     : Before Android 4.1, method int androidx.appcompat.widget.MenuPopupWindow$MenuDropDownListView.lookForSelectablePosition(int, boolean) would have incorrectly overridden the package-private method in android.widget.ListView
08-04 12:38:04.209 18964 19193 I art     : Explicit concurrent mark sweep GC freed 1386(107KB) AllocSpace objects, 1(20KB) LOS objects, 40% free, 20MB/34MB, paused 645us total 12.370ms
08-04 12:38:04.209 18964 18964 I ListPopupWindow: Could not find method setEpicenterBounds(Rect) on PopupWindow. Oh well.
08-04 12:38:04.217 18964 19193 I art     : Starting a blocking GC Explicit
08-04 12:38:04.218   512  2967 D audio_hw_primary: select_devices: out_snd_device(2: speaker) in_snd_device(0: none)
08-04 12:38:04.218   512  2967 D msm8974_platform: platform_send_audio_calibration: sending audio calibration for snd_device(2) acdb_id(15)
08-04 12:38:04.218   512  2967 I soundtrigger: audio_extn_sound_trigger_update_device_status: device 0x2 of type 0 for Event 1
08-04 12:38:04.227   512  2967 D audio_hw_primary: enable_snd_device: snd_device(2: speaker)
08-04 12:38:04.229 18964 19193 I art     : Explicit concurrent mark sweep GC freed 409(76KB) AllocSpace objects, 0(0B) LOS objects, 40% free, 20MB/34MB, paused 303us total 11.446ms
08-04 12:38:04.229   512  2967 D audio_hw_primary: enable_audio_route: apply and update mixer path: low-latency-playback speaker
08-04 12:38:04.237 18964 19193 I art     : Starting a blocking GC Explicit
08-04 12:38:04.247 18964 19193 I art     : Explicit concurrent mark sweep GC freed 270(31KB) AllocSpace objects, 0(0B) LOS objects, 40% free, 20MB/34MB, paused 136us total 10.185ms
08-04 12:38:04.255 18964 19193 I art     : Starting a blocking GC Explicit
08-04 12:38:04.265 18964 19193 I art     : Explicit concurrent mark sweep GC freed 81(3KB) AllocSpace objects, 0(0B) LOS objects, 40% free, 20MB/34MB, paused 252us total 9.769ms
08-04 12:38:04.271   512  2967 D AudioFlinger: mixer(0xf4740000) throttle end: throttle time(12)
08-04 12:38:04.273 18964 19193 I art     : Starting a blocking GC Explicit
08-04 12:38:04.283 18964 19193 I art     : Explicit concurrent mark sweep GC freed 209(14KB) AllocSpace objects, 0(0B) LOS objects, 40% free, 20MB/34MB, paused 107us total 9.971ms
08-04 12:38:04.521 18964 18992 I art     : Starting a blocking GC Explicit
08-04 12:38:04.535 18964 18992 I art     : Explicit concurrent mark sweep GC freed 1904(105KB) AllocSpace objects, 1(20KB) LOS objects, 40% free, 20MB/34MB, paused 121us total 14.097ms
08-04 12:38:04.544 18964 18992 I art     : Starting a blocking GC Explicit
08-04 12:38:04.554 18964 18992 I art     : Explicit concurrent mark sweep GC freed 304(25KB) AllocSpace objects, 0(0B) LOS objects, 40% free, 20MB/34MB, paused 119us total 10.420ms
08-04 12:38:04.563 18964 18992 I art     : Starting a blocking GC Explicit
08-04 12:38:04.574 18964 18992 I art     : Explicit concurrent mark sweep GC freed 280(12KB) AllocSpace objects, 0(0B) LOS objects, 40% free, 20MB/34MB, paused 181us total 10.763ms
08-04 12:38:04.582 18964 18992 I art     : Starting a blocking GC Explicit
08-04 12:38:04.593 18964 18992 I art     : Explicit concurrent mark sweep GC freed 9(288B) AllocSpace objects, 0(0B) LOS objects, 40% free, 20MB/34MB, paused 125us total 10.538ms
08-04 12:38:04.601 18964 18992 I art     : Starting a blocking GC Explicit
08-04 12:38:04.611 18964 18992 I art     : Explicit concurrent mark sweep GC freed 3(96B) AllocSpace objects, 0(0B) LOS objects, 40% free, 20MB/34MB, paused 115us total 9.932ms
08-04 12:38:04.745 19229 19229 D AndroidRuntime: >>>>>> START com.android.internal.os.RuntimeInit uid 2000 <<<<<<
08-04 12:38:04.749 19229 19229 D AndroidRuntime: CheckJNI is OFF
08-04 12:38:04.760   512  2967 D audio_hw_primary: disable_audio_route: reset and update mixer path: low-latency-playback speaker
08-04 12:38:04.762   512  2967 D audio_hw_primary: disable_snd_device: snd_device(2: speaker)
08-04 12:38:04.772   512  2967 I soundtrigger: audio_extn_sound_trigger_update_device_status: device 0x2 of type 0 for Event 0
08-04 12:38:04.773 19229 19229 D ICU     : No timezone override file found: /data/misc/zoneinfo/current/icu/icu_tzdata.dat
08-04 12:38:04.797 19229 19229 I Radio-JNI: register_android_hardware_Radio DONE
08-04 12:38:04.812 19229 19229 D AndroidRuntime: Calling main entry com.android.commands.input.Input
08-04 12:38:04.813 19229 19229 I Input   : injectMotionEvent: MotionEvent { action=ACTION_DOWN, actionButton=0, id[0]=0, x[0]=940.0, y[0]=501.0, toolType[0]=TOOL_TYPE_UNKNOWN, buttonState=0, metaState=0, flags=0x0, edgeFlags=0x0, pointerCount=1, historySize=0, eventTime=707901226, downTime=707901226, deviceId=0, source=0x1002 }
08-04 12:38:04.819 19229 19229 I Input   : injectMotionEvent: MotionEvent { action=ACTION_UP, actionButton=0, id[0]=0, x[0]=940.0, y[0]=501.0, toolType[0]=TOOL_TYPE_UNKNOWN, buttonState=0, metaState=0, flags=0x0, edgeFlags=0x0, pointerCount=1, historySize=0, eventTime=707901226, downTime=707901226, deviceId=0, source=0x1002 }
08-04 12:38:04.821 19229 19229 D AndroidRuntime: Shutting down VM
08-04 12:38:04.848 18964 19193 I art     : Starting a blocking GC Explicit
08-04 12:38:04.859 18964 19193 I art     : Explicit concurrent mark sweep GC freed 1351(78KB) AllocSpace objects, 1(20KB) LOS objects, 40% free, 20MB/34MB, paused 144us total 11.321ms
08-04 12:38:04.868 18964 19193 I art     : Starting a blocking GC Explicit
08-04 12:38:04.880 18964 19193 I art     : Explicit concurrent mark sweep GC freed 25(880B) AllocSpace objects, 0(0B) LOS objects, 40% free, 20MB/34MB, paused 113us total 11.338ms
08-04 12:38:04.887   512  2967 D audio_hw_primary: out_set_parameters: enter: usecase(1: low-latency-playback) kvpairs: routing=2
08-04 12:38:04.888 18964 19193 I art     : Starting a blocking GC Explicit
08-04 12:38:04.890   918   928 I ActivityManager: START u0 {cmp=baseline.org.quantumbadger.redreader/.settings.SettingsActivity} from uid 10666 on display 0
08-04 12:38:04.900 18964 19193 I art     : Explicit concurrent mark sweep GC freed 58(10KB) AllocSpace objects, 0(0B) LOS objects, 40% free, 20MB/34MB, paused 140us total 11.839ms
08-04 12:38:04.900   512  2967 D audio_hw_primary: select_devices: out_snd_device(2: speaker) in_snd_device(0: none)
08-04 12:38:04.900   512  2967 D msm8974_platform: platform_send_audio_calibration: sending audio calibration for snd_device(2) acdb_id(15)
08-04 12:38:04.900   512  2967 I soundtrigger: audio_extn_sound_trigger_update_device_status: device 0x2 of type 0 for Event 1
08-04 12:38:04.908 13866 13866 I GoogleInputMethodServic: GoogleInputMethodService.onFinishInput():3138 
08-04 12:38:04.909 13866 13866 I GoogleInputMethodServic: GoogleInputMethodService.onStartInput():1808 
08-04 12:38:04.911 18964 19193 I art     : Starting a blocking GC Explicit
08-04 12:38:04.914   512  2967 D audio_hw_primary: enable_snd_device: snd_device(2: speaker)
08-04 12:38:04.916   512  2967 D audio_hw_primary: enable_audio_route: apply and update mixer path: low-latency-playback speaker
08-04 12:38:04.922 18964 19193 I art     : Explicit concurrent mark sweep GC freed 427(35KB) AllocSpace objects, 0(0B) LOS objects, 40% free, 20MB/34MB, paused 241us total 10.866ms
08-04 12:38:04.930 18964 19193 I art     : Starting a blocking GC Explicit
08-04 12:38:04.941 18964 19193 I art     : Explicit concurrent mark sweep GC freed 465(98KB) AllocSpace objects, 0(0B) LOS objects, 40% free, 21MB/35MB, paused 309us total 11.349ms
08-04 12:38:04.958   512  2967 D AudioFlinger: mixer(0xf4740000) throttle end: throttle time(12)
08-04 12:38:05.030 13866 13866 I GoogleInputMethodServic: GoogleInputMethodService.onFinishInput():3138 
08-04 12:38:05.030   918   936 I ActivityManager: Displayed baseline.org.quantumbadger.redreader/.settings.SettingsActivity: +119ms
08-04 12:38:05.030 13866 13866 I GoogleInputMethodServic: GoogleInputMethodService.onStartInput():1808 
08-04 12:38:05.074 18964 18987 D OpenGLRenderer: endAllStagingAnimators on 0x7f99eff000 (MenuPopupWindow$MenuDropDownListView) with handle 0x7f80363940
08-04 12:38:05.127 18870 18870 I ServiceManager: Waiting for service AtCmdFwd...
08-04 12:38:05.165 18964 18992 I art     : Starting a blocking GC Explicit
08-04 12:38:05.180 18964 18992 I art     : Explicit concurrent mark sweep GC freed 2233(134KB) AllocSpace objects, 1(20KB) LOS objects, 40% free, 21MB/35MB, paused 136us total 15.031ms
08-04 12:38:05.190 18964 18992 I art     : Starting a blocking GC Explicit
08-04 12:38:05.204 18964 18992 I art     : Explicit concurrent mark sweep GC freed 135(5KB) AllocSpace objects, 0(0B) LOS objects, 40% free, 21MB/35MB, paused 151us total 13.558ms
08-04 12:38:05.213 18964 18992 I art     : Starting a blocking GC Explicit
08-04 12:38:05.227 18964 18992 I art     : Explicit concurrent mark sweep GC freed 113(4KB) AllocSpace objects, 0(0B) LOS objects, 40% free, 21MB/35MB, paused 128us total 13.795ms
08-04 12:38:05.237 18964 18992 I art     : Starting a blocking GC Explicit
08-04 12:38:05.251 18964 18992 I art     : Explicit concurrent mark sweep GC freed 26(1072B) AllocSpace objects, 0(0B) LOS objects, 40% free, 21MB/35MB, paused 160us total 13.799ms
08-04 12:38:05.261 18964 18992 I art     : Starting a blocking GC Explicit
08-04 12:38:05.274 18964 18992 I art     : Explicit concurrent mark sweep GC freed 5(160B) AllocSpace objects, 0(0B) LOS objects, 40% free, 21MB/35MB, paused 132us total 12.610ms
08-04 12:38:05.286   380   380 W SurfaceFlinger: couldn't log to binary event log: overflow.
08-04 12:38:05.378 19263 19263 D AndroidRuntime: >>>>>> START com.android.internal.os.RuntimeInit uid 2000 <<<<<<
08-04 12:38:05.383 19263 19263 D AndroidRuntime: CheckJNI is OFF
08-04 12:38:05.411 19263 19263 D ICU     : No timezone override file found: /data/misc/zoneinfo/current/icu/icu_tzdata.dat
08-04 12:38:05.437 19263 19263 I Radio-JNI: register_android_hardware_Radio DONE
08-04 12:38:05.448   512  2967 D audio_hw_primary: disable_audio_route: reset and update mixer path: low-latency-playback speaker
08-04 12:38:05.449   512  2967 D audio_hw_primary: disable_snd_device: snd_device(2: speaker)
08-04 12:38:05.452 19263 19263 D AndroidRuntime: Calling main entry com.android.commands.input.Input
08-04 12:38:05.453 19263 19263 I Input   : injectMotionEvent: MotionEvent { action=ACTION_DOWN, actionButton=0, id[0]=0, x[0]=216.0, y[0]=853.0, toolType[0]=TOOL_TYPE_UNKNOWN, buttonState=0, metaState=0, flags=0x0, edgeFlags=0x0, pointerCount=1, historySize=0, eventTime=707901866, downTime=707901866, deviceId=0, source=0x1002 }
08-04 12:38:05.458 19263 19263 I Input   : injectMotionEvent: MotionEvent { action=ACTION_UP, actionButton=0, id[0]=0, x[0]=216.0, y[0]=853.0, toolType[0]=TOOL_TYPE_UNKNOWN, buttonState=0, metaState=0, flags=0x0, edgeFlags=0x0, pointerCount=1, historySize=0, eventTime=707901866, downTime=707901866, deviceId=0, source=0x1002 }
08-04 12:38:05.458   512  2967 I soundtrigger: audio_extn_sound_trigger_update_device_status: device 0x2 of type 0 for Event 0
08-04 12:38:05.459 19263 19263 D AndroidRuntime: Shutting down VM
08-04 12:38:05.516 18964 19193 I art     : Starting a blocking GC Explicit
08-04 12:38:05.526   918  5481 I ActivityManager: START u0 {act=android.intent.action.MAIN cmp=baseline.org.quantumbadger.redreader/.settings.SettingsActivity (has extras)} from uid 10666 on display 0
08-04 12:38:05.526   512  2967 D audio_hw_primary: out_set_parameters: enter: usecase(1: low-latency-playback) kvpairs: routing=2
08-04 12:38:05.529 18964 19193 I art     : Explicit concurrent mark sweep GC freed 1470(85KB) AllocSpace objects, 1(20KB) LOS objects, 40% free, 21MB/35MB, paused 142us total 12.571ms
08-04 12:38:05.537 18964 19193 I art     : Starting a blocking GC Explicit
08-04 12:38:05.540   512  2967 D audio_hw_primary: select_devices: out_snd_device(2: speaker) in_snd_device(0: none)
08-04 12:38:05.540   512  2967 D msm8974_platform: platform_send_audio_calibration: sending audio calibration for snd_device(2) acdb_id(15)
08-04 12:38:05.540   512  2967 I soundtrigger: audio_extn_sound_trigger_update_device_status: device 0x2 of type 0 for Event 1
08-04 12:38:05.549 18964 19193 I art     : Explicit concurrent mark sweep GC freed 378(19KB) AllocSpace objects, 0(0B) LOS objects, 40% free, 21MB/35MB, paused 161us total 12.612ms
08-04 12:38:05.553   512  2967 D audio_hw_primary: enable_snd_device: snd_device(2: speaker)
08-04 12:38:05.556   512  2967 D audio_hw_primary: enable_audio_route: apply and update mixer path: low-latency-playback speaker
08-04 12:38:05.558 18964 19193 I art     : Starting a blocking GC Explicit
08-04 12:38:05.571 18964 19193 I art     : Explicit concurrent mark sweep GC freed 417(56KB) AllocSpace objects, 0(0B) LOS objects, 40% free, 21MB/35MB, paused 417us total 13.047ms
08-04 12:38:05.579 18964 19193 I art     : Starting a blocking GC Explicit
08-04 12:38:05.594 18964 19193 I art     : Explicit concurrent mark sweep GC freed 590(63KB) AllocSpace objects, 1(20KB) LOS objects, 40% free, 21MB/35MB, paused 205us total 14.225ms
08-04 12:38:05.597   512  2967 D AudioFlinger: mixer(0xf4740000) throttle end: throttle time(12)
08-04 12:38:05.601 18964 19193 I art     : Starting a blocking GC Explicit
08-04 12:38:05.614 18964 19193 I art     : Explicit concurrent mark sweep GC freed 99(5KB) AllocSpace objects, 0(0B) LOS objects, 40% free, 21MB/35MB, paused 125us total 11.987ms
08-04 12:38:05.816   918   936 I ActivityManager: Displayed baseline.org.quantumbadger.redreader/.settings.SettingsActivity: +279ms
08-04 12:38:05.818 13866 13866 I GoogleInputMethodServic: GoogleInputMethodService.onFinishInput():3138 
08-04 12:38:05.818 13866 13866 I GoogleInputMethodServic: GoogleInputMethodService.onStartInput():1808 
08-04 12:38:05.838 18964 18987 D OpenGLRenderer: endAllStagingAnimators on 0x7f80567800 (ListView) with handle 0x7f80363360
08-04 12:38:05.851 18964 18992 I art     : Starting a blocking GC Explicit
08-04 12:38:05.871 18964 18992 I art     : Explicit concurrent mark sweep GC freed 78641(3MB) AllocSpace objects, 1(20KB) LOS objects, 40% free, 22MB/37MB, paused 144us total 19.578ms
08-04 12:38:05.880 18964 18992 I art     : Starting a blocking GC Explicit
08-04 12:38:05.894 18964 18992 I art     : Explicit concurrent mark sweep GC freed 2039(182KB) AllocSpace objects, 0(0B) LOS objects, 40% free, 22MB/36MB, paused 125us total 14.473ms
08-04 12:38:05.903 18964 18992 I art     : Starting a blocking GC Explicit
08-04 12:38:05.918 18964 18992 I art     : Explicit concurrent mark sweep GC freed 832(57KB) AllocSpace objects, 0(0B) LOS objects, 40% free, 22MB/36MB, paused 118us total 14.366ms
08-04 12:38:05.927 18964 18992 I art     : Starting a blocking GC Explicit
08-04 12:38:05.942 18964 18992 I art     : Explicit concurrent mark sweep GC freed 3(96B) AllocSpace objects, 0(0B) LOS objects, 40% free, 22MB/36MB, paused 155us total 14.713ms
08-04 12:38:05.951 18964 18992 I art     : Starting a blocking GC Explicit
08-04 12:38:05.967 18964 18992 I art     : Explicit concurrent mark sweep GC freed 3(96B) AllocSpace objects, 0(0B) LOS objects, 40% free, 22MB/36MB, paused 143us total 15.487ms
08-04 12:38:06.002 19295 19295 D AndroidRuntime: >>>>>> START com.android.internal.os.RuntimeInit uid 2000 <<<<<<
08-04 12:38:06.006 19295 19295 D AndroidRuntime: CheckJNI is OFF
08-04 12:38:06.034 19295 19295 D ICU     : No timezone override file found: /data/misc/zoneinfo/current/icu/icu_tzdata.dat
08-04 12:38:06.066 19295 19295 I Radio-JNI: register_android_hardware_Radio DONE
08-04 12:38:06.069   380   380 W SurfaceFlinger: couldn't log to binary event log: overflow.
08-04 12:38:06.082 19295 19295 D AndroidRuntime: Calling main entry com.android.commands.input.Input
08-04 12:38:06.083 19295 19295 I Input   : injectMotionEvent: MotionEvent { action=ACTION_DOWN, actionButton=0, id[0]=0, x[0]=1318.0, y[0]=1194.0, toolType[0]=TOOL_TYPE_UNKNOWN, buttonState=0, metaState=0, flags=0x0, edgeFlags=0x0, pointerCount=1, historySize=0, eventTime=707902496, downTime=707902496, deviceId=0, source=0x1002 }
08-04 12:38:06.089   512  2967 D audio_hw_primary: disable_audio_route: reset and update mixer path: low-latency-playback speaker
08-04 12:38:06.089 19295 19295 I Input   : injectMotionEvent: MotionEvent { action=ACTION_UP, actionButton=0, id[0]=0, x[0]=1318.0, y[0]=1194.0, toolType[0]=TOOL_TYPE_UNKNOWN, buttonState=0, metaState=0, flags=0x0, edgeFlags=0x0, pointerCount=1, historySize=0, eventTime=707902496, downTime=707902496, deviceId=0, source=0x1002 }
08-04 12:38:06.090   512  2967 D audio_hw_primary: disable_snd_device: snd_device(2: speaker)
08-04 12:38:06.092 19295 19295 D AndroidRuntime: Shutting down VM
08-04 12:38:06.099   512  2967 I soundtrigger: audio_extn_sound_trigger_update_device_status: device 0x2 of type 0 for Event 0
08-04 12:38:06.127 18870 18870 I ServiceManager: Waiting for service AtCmdFwd...
08-04 12:38:06.157   512  2967 D audio_hw_primary: out_set_parameters: enter: usecase(1: low-latency-playback) kvpairs: routing=2
08-04 12:38:06.170   512  2967 D audio_hw_primary: select_devices: out_snd_device(2: speaker) in_snd_device(0: none)
08-04 12:38:06.170   512  2967 D msm8974_platform: platform_send_audio_calibration: sending audio calibration for snd_device(2) acdb_id(15)
08-04 12:38:06.170   512  2967 I soundtrigger: audio_extn_sound_trigger_update_device_status: device 0x2 of type 0 for Event 1
08-04 12:38:06.181   512  2967 D audio_hw_primary: enable_snd_device: snd_device(2: speaker)
08-04 12:38:06.183   512  2967 D audio_hw_primary: enable_audio_route: apply and update mixer path: low-latency-playback speaker
08-04 12:38:06.215 18964 18980 I art     : Starting a blocking GC Explicit
08-04 12:38:06.224   512  2967 D AudioFlinger: mixer(0xf4740000) throttle end: throttle time(12)
08-04 12:38:06.229 18964 18980 I art     : Explicit concurrent mark sweep GC freed 2069(125KB) AllocSpace objects, 2(40KB) LOS objects, 40% free, 22MB/36MB, paused 121us total 14.676ms
08-04 12:38:06.238 18964 18980 I art     : Starting a blocking GC Explicit
08-04 12:38:06.253 18964 18980 I art     : Explicit concurrent mark sweep GC freed 57(2320B) AllocSpace objects, 0(0B) LOS objects, 40% free, 22MB/36MB, paused 226us total 14.377ms
08-04 12:38:06.262 18964 18980 I art     : Starting a blocking GC Explicit
08-04 12:38:06.276 18964 18980 I art     : Explicit concurrent mark sweep GC freed 13(480B) AllocSpace objects, 0(0B) LOS objects, 40% free, 22MB/36MB, paused 120us total 13.796ms
08-04 12:38:06.285 18964 18980 I art     : Starting a blocking GC Explicit
08-04 12:38:06.299 18964 18980 I art     : Explicit concurrent mark sweep GC freed 15(528B) AllocSpace objects, 0(0B) LOS objects, 40% free, 22MB/36MB, paused 130us total 13.803ms
08-04 12:38:06.307 18964 18980 I art     : Starting a blocking GC Explicit
08-04 12:38:06.321 18964 18980 I art     : Explicit concurrent mark sweep GC freed 24(992B) AllocSpace objects, 0(0B) LOS objects, 40% free, 22MB/36MB, paused 125us total 13.977ms
08-04 12:38:06.562 18964 18981 I art     : Starting a blocking GC Explicit
08-04 12:38:06.578 18964 18981 I art     : Explicit concurrent mark sweep GC freed 1488(84KB) AllocSpace objects, 1(20KB) LOS objects, 40% free, 22MB/36MB, paused 140us total 15.538ms
08-04 12:38:06.587 18964 18981 I art     : Starting a blocking GC Explicit
08-04 12:38:06.603 18964 18981 I art     : Explicit concurrent mark sweep GC freed 63(2128B) AllocSpace objects, 0(0B) LOS objects, 40% free, 22MB/36MB, paused 297us total 15.623ms
08-04 12:38:06.612 18964 18981 I art     : Starting a blocking GC Explicit
08-04 12:38:06.620 19327 19327 D AndroidRuntime: >>>>>> START com.android.internal.os.RuntimeInit uid 2000 <<<<<<
08-04 12:38:06.624 19327 19327 D AndroidRuntime: CheckJNI is OFF
08-04 12:38:06.627 18964 18981 I art     : Explicit concurrent mark sweep GC freed 16(608B) AllocSpace objects, 0(0B) LOS objects, 40% free, 22MB/36MB, paused 188us total 14.085ms
08-04 12:38:06.635 18964 18981 I art     : Starting a blocking GC Explicit
08-04 12:38:06.649 18964 18981 I art     : Explicit concurrent mark sweep GC freed 14(496B) AllocSpace objects, 0(0B) LOS objects, 40% free, 22MB/36MB, paused 167us total 13.404ms
08-04 12:38:06.649 19327 19327 D ICU     : No timezone override file found: /data/misc/zoneinfo/current/icu/icu_tzdata.dat
08-04 12:38:06.657 18964 18981 I art     : Starting a blocking GC Explicit
08-04 12:38:06.670 18964 18981 I art     : Explicit concurrent mark sweep GC freed 11(400B) AllocSpace objects, 0(0B) LOS objects, 40% free, 22MB/36MB, paused 153us total 13.354ms
08-04 12:38:06.673 19327 19327 I Radio-JNI: register_android_hardware_Radio DONE
08-04 12:38:06.688 19327 19327 D AndroidRuntime: Calling main entry com.android.commands.input.Input
08-04 12:38:06.690 19327 19327 I Input   : injectMotionEvent: MotionEvent { action=ACTION_DOWN, actionButton=0, id[0]=0, x[0]=1309.0, y[0]=1701.0, toolType[0]=TOOL_TYPE_UNKNOWN, buttonState=0, metaState=0, flags=0x0, edgeFlags=0x0, pointerCount=1, historySize=0, eventTime=707903103, downTime=707903103, deviceId=0, source=0x1002 }
08-04 12:38:06.693 19327 19327 I Input   : injectMotionEvent: MotionEvent { action=ACTION_UP, actionButton=0, id[0]=0, x[0]=1309.0, y[0]=1701.0, toolType[0]=TOOL_TYPE_UNKNOWN, buttonState=0, metaState=0, flags=0x0, edgeFlags=0x0, pointerCount=1, historySize=0, eventTime=707903103, downTime=707903103, deviceId=0, source=0x1002 }
08-04 12:38:06.696 19327 19327 D AndroidRuntime: Shutting down VM
08-04 12:38:06.709   512  2967 D audio_hw_primary: disable_audio_route: reset and update mixer path: low-latency-playback speaker
08-04 12:38:06.710   512  2967 D audio_hw_primary: disable_snd_device: snd_device(2: speaker)
08-04 12:38:06.718   512  2967 I soundtrigger: audio_extn_sound_trigger_update_device_status: device 0x2 of type 0 for Event 0
08-04 12:38:06.762   512  2967 D audio_hw_primary: out_set_parameters: enter: usecase(1: low-latency-playback) kvpairs: routing=2
08-04 12:38:06.776   512  2967 D audio_hw_primary: select_devices: out_snd_device(2: speaker) in_snd_device(0: none)
08-04 12:38:06.776   512  2967 D msm8974_platform: platform_send_audio_calibration: sending audio calibration for snd_device(2) acdb_id(15)
08-04 12:38:06.776   512  2967 I soundtrigger: audio_extn_sound_trigger_update_device_status: device 0x2 of type 0 for Event 1
08-04 12:38:06.789   512  2967 D audio_hw_primary: enable_snd_device: snd_device(2: speaker)
08-04 12:38:06.794   512  2967 D audio_hw_primary: enable_audio_route: apply and update mixer path: low-latency-playback speaker
08-04 12:38:06.838   512  2967 D AudioFlinger: mixer(0xf4740000) throttle end: throttle time(12)
08-04 12:38:06.934 18964 18981 I art     : Starting a blocking GC Explicit
08-04 12:38:06.952 18964 18981 I art     : Explicit concurrent mark sweep GC freed 2123(128KB) AllocSpace objects, 2(40KB) LOS objects, 40% free, 22MB/37MB, paused 169us total 17.770ms
08-04 12:38:06.962 18964 18981 I art     : Starting a blocking GC Explicit
08-04 12:38:06.976 18964 18981 I art     : Explicit concurrent mark sweep GC freed 145(5KB) AllocSpace objects, 0(0B) LOS objects, 40% free, 22MB/37MB, paused 127us total 13.992ms
08-04 12:38:06.985 18964 18981 I art     : Starting a blocking GC Explicit
08-04 12:38:06.999 18964 18981 I art     : Explicit concurrent mark sweep GC freed 14(496B) AllocSpace objects, 0(0B) LOS objects, 40% free, 22MB/37MB, paused 132us total 13.820ms
08-04 12:38:07.008 18964 18981 I art     : Starting a blocking GC Explicit
08-04 12:38:07.022 18964 18981 I art     : Explicit concurrent mark sweep GC freed 14(528B) AllocSpace objects, 0(0B) LOS objects, 40% free, 22MB/37MB, paused 220us total 14.236ms
08-04 12:38:07.031 18964 18981 I art     : Starting a blocking GC Explicit
08-04 12:38:07.045 18964 18981 I art     : Explicit concurrent mark sweep GC freed 13(480B) AllocSpace objects, 0(0B) LOS objects, 40% free, 22MB/37MB, paused 124us total 13.727ms
08-04 12:38:07.128 18870 18870 I ServiceManager: Waiting for service AtCmdFwd...
08-04 12:38:07.171   380   380 W SurfaceFlinger: couldn't log to binary event log: overflow.
08-04 12:38:07.232 19359 19359 D AndroidRuntime: >>>>>> START com.android.internal.os.RuntimeInit uid 2000 <<<<<<
08-04 12:38:07.236 19359 19359 D AndroidRuntime: CheckJNI is OFF
08-04 12:38:07.259 19359 19359 D ICU     : No timezone override file found: /data/misc/zoneinfo/current/icu/icu_tzdata.dat
08-04 12:38:07.282 19359 19359 I Radio-JNI: register_android_hardware_Radio DONE
08-04 12:38:07.296 18964 19193 I art     : Starting a blocking GC Explicit
08-04 12:38:07.297 19359 19359 D AndroidRuntime: Calling main entry com.android.commands.input.Input
08-04 12:38:07.299 19359 19359 I Input   : injectMotionEvent: MotionEvent { action=ACTION_DOWN, actionButton=0, id[0]=0, x[0]=477.0, y[0]=805.0, toolType[0]=TOOL_TYPE_UNKNOWN, buttonState=0, metaState=0, flags=0x0, edgeFlags=0x0, pointerCount=1, historySize=0, eventTime=707903712, downTime=707903712, deviceId=0, source=0x1002 }
08-04 12:38:07.302 19359 19359 I Input   : injectMotionEvent: MotionEvent { action=ACTION_UP, actionButton=0, id[0]=0, x[0]=477.0, y[0]=805.0, toolType[0]=TOOL_TYPE_UNKNOWN, buttonState=0, metaState=0, flags=0x0, edgeFlags=0x0, pointerCount=1, historySize=0, eventTime=707903712, downTime=707903712, deviceId=0, source=0x1002 }
08-04 12:38:07.307 19359 19359 D AndroidRuntime: Shutting down VM
08-04 12:38:07.311 18964 19193 I art     : Explicit concurrent mark sweep GC freed 1513(85KB) AllocSpace objects, 1(20KB) LOS objects, 40% free, 22MB/37MB, paused 129us total 14.967ms
08-04 12:38:07.320 18964 19193 I art     : Starting a blocking GC Explicit
08-04 12:38:07.328   512  2967 D audio_hw_primary: disable_audio_route: reset and update mixer path: low-latency-playback speaker
08-04 12:38:07.329   512  2967 D audio_hw_primary: disable_snd_device: snd_device(2: speaker)
08-04 12:38:07.336 18964 19193 I art     : Explicit concurrent mark sweep GC freed 81(2768B) AllocSpace objects, 0(0B) LOS objects, 40% free, 22MB/37MB, paused 139us total 14.921ms
08-04 12:38:07.336   512  2967 I soundtrigger: audio_extn_sound_trigger_update_device_status: device 0x2 of type 0 for Event 0
08-04 12:38:07.344 18964 19193 I art     : Starting a blocking GC Explicit
08-04 12:38:07.358 18964 19193 I art     : Explicit concurrent mark sweep GC freed 19(672B) AllocSpace objects, 0(0B) LOS objects, 40% free, 22MB/37MB, paused 122us total 13.716ms
08-04 12:38:07.367 18964 19193 I art     : Starting a blocking GC Explicit
08-04 12:38:07.374   512  2967 D audio_hw_primary: out_set_parameters: enter: usecase(1: low-latency-playback) kvpairs: routing=2
08-04 12:38:07.381 18964 19193 I art     : Explicit concurrent mark sweep GC freed 62(11KB) AllocSpace objects, 0(0B) LOS objects, 40% free, 22MB/37MB, paused 335us total 14.449ms
08-04 12:38:07.387   512  2967 D audio_hw_primary: select_devices: out_snd_device(2: speaker) in_snd_device(0: none)
08-04 12:38:07.387   512  2967 D msm8974_platform: platform_send_audio_calibration: sending audio calibration for snd_device(2) acdb_id(15)
08-04 12:38:07.387   512  2967 I soundtrigger: audio_extn_sound_trigger_update_device_status: device 0x2 of type 0 for Event 1
08-04 12:38:07.390 18964 19193 I art     : Starting a blocking GC Explicit
08-04 12:38:07.397   512  2967 D audio_hw_primary: enable_snd_device: snd_device(2: speaker)
08-04 12:38:07.399   512  2967 D audio_hw_primary: enable_audio_route: apply and update mixer path: low-latency-playback speaker
08-04 12:38:07.406 18964 19193 I art     : Explicit concurrent mark sweep GC freed 688(76KB) AllocSpace objects, 0(0B) LOS objects, 40% free, 22MB/37MB, paused 226us total 15.926ms
08-04 12:38:07.442   512  2967 D AudioFlinger: mixer(0xf4740000) throttle end: throttle time(12)
08-04 12:38:07.642 18964 18992 I art     : Starting a blocking GC Explicit
08-04 12:38:07.660 18964 18992 I art     : Explicit concurrent mark sweep GC freed 2050(127KB) AllocSpace objects, 1(20KB) LOS objects, 40% free, 22MB/37MB, paused 122us total 17.974ms
08-04 12:38:07.670 18964 18992 I art     : Starting a blocking GC Explicit
08-04 12:38:07.690 18964 18992 I art     : Explicit concurrent mark sweep GC freed 111(4KB) AllocSpace objects, 0(0B) LOS objects, 40% free, 22MB/37MB, paused 167us total 19.712ms
08-04 12:38:07.701 18964 18992 I art     : Starting a blocking GC Explicit
08-04 12:38:07.718 18964 18992 I art     : Explicit concurrent mark sweep GC freed 3(96B) AllocSpace objects, 0(0B) LOS objects, 40% free, 22MB/37MB, paused 142us total 17.527ms
08-04 12:38:07.729 18964 18992 I art     : Starting a blocking GC Explicit
08-04 12:38:07.745 18964 18992 I art     : Explicit concurrent mark sweep GC freed 7(224B) AllocSpace objects, 0(0B) LOS objects, 40% free, 22MB/37MB, paused 126us total 16.062ms
08-04 12:38:07.754 18964 18992 I art     : Starting a blocking GC Explicit
08-04 12:38:07.771 18964 18992 I art     : Explicit concurrent mark sweep GC freed 3(96B) AllocSpace objects, 0(0B) LOS objects, 40% free, 22MB/37MB, paused 169us total 16.053ms
08-04 12:38:07.873 19380 19380 D AndroidRuntime: >>>>>> START com.android.internal.os.RuntimeInit uid 2000 <<<<<<
08-04 12:38:07.878 19380 19380 D AndroidRuntime: CheckJNI is OFF
08-04 12:38:07.907 19380 19380 D ICU     : No timezone override file found: /data/misc/zoneinfo/current/icu/icu_tzdata.dat
08-04 12:38:07.929   512  2967 D audio_hw_primary: disable_audio_route: reset and update mixer path: low-latency-playback speaker
08-04 12:38:07.931   512  2967 D audio_hw_primary: disable_snd_device: snd_device(2: speaker)
08-04 12:38:07.938 19380 19380 I Radio-JNI: register_android_hardware_Radio DONE
08-04 12:38:07.945   512  2967 I soundtrigger: audio_extn_sound_trigger_update_device_status: device 0x2 of type 0 for Event 0
08-04 12:38:07.957 19380 19380 D AndroidRuntime: Calling main entry com.android.commands.input.Input
08-04 12:38:07.960 19380 19380 I Input   : injectMotionEvent: MotionEvent { action=ACTION_DOWN, actionButton=0, id[0]=0, x[0]=463.0, y[0]=464.0, toolType[0]=TOOL_TYPE_UNKNOWN, buttonState=0, metaState=0, flags=0x0, edgeFlags=0x0, pointerCount=1, historySize=0, eventTime=707904372, downTime=707904372, deviceId=0, source=0x1002 }
08-04 12:38:07.968 19380 19380 I Input   : injectMotionEvent: MotionEvent { action=ACTION_UP, actionButton=0, id[0]=0, x[0]=463.0, y[0]=464.0, toolType[0]=TOOL_TYPE_UNKNOWN, buttonState=0, metaState=0, flags=0x0, edgeFlags=0x0, pointerCount=1, historySize=0, eventTime=707904372, downTime=707904372, deviceId=0, source=0x1002 }
08-04 12:38:07.970 19380 19380 D AndroidRuntime: Shutting down VM
08-04 12:38:08.032 18964 18981 I art     : Starting a blocking GC Explicit
08-04 12:38:08.037   512  2967 D audio_hw_primary: out_set_parameters: enter: usecase(1: low-latency-playback) kvpairs: routing=2
08-04 12:38:08.049   918  5481 W InputMethodManagerService: Window already focused, ignoring focus gain of: com.android.internal.view.IInputMethodClient$Stub$Proxy@6a73e63 attribute=null, token = android.os.BinderProxy@63022cf
08-04 12:38:08.050   512  2967 D audio_hw_primary: select_devices: out_snd_device(2: speaker) in_snd_device(0: none)
08-04 12:38:08.050   512  2967 D msm8974_platform: platform_send_audio_calibration: sending audio calibration for snd_device(2) acdb_id(15)
08-04 12:38:08.050   512  2967 I soundtrigger: audio_extn_sound_trigger_update_device_status: device 0x2 of type 0 for Event 1
08-04 12:38:08.053 18964 18981 I art     : Explicit concurrent mark sweep GC freed 1448(82KB) AllocSpace objects, 1(20KB) LOS objects, 40% free, 22MB/37MB, paused 394us total 20.573ms
08-04 12:38:08.066 18964 18981 I art     : Starting a blocking GC Explicit
08-04 12:38:08.066   512  2967 D audio_hw_primary: enable_snd_device: snd_device(2: speaker)
08-04 12:38:08.068   512  2967 D audio_hw_primary: enable_audio_route: apply and update mixer path: low-latency-playback speaker
08-04 12:38:08.082 18964 18981 I art     : Explicit concurrent mark sweep GC freed 305(27KB) AllocSpace objects, 1(20KB) LOS objects, 40% free, 22MB/37MB, paused 135us total 16.199ms
08-04 12:38:08.092 18964 18981 I art     : Starting a blocking GC Explicit
08-04 12:38:08.108 18964 18981 I art     : Explicit concurrent mark sweep GC freed 43(1696B) AllocSpace objects, 0(0B) LOS objects, 40% free, 22MB/37MB, paused 132us total 15.100ms
08-04 12:38:08.110   512  2967 D AudioFlinger: mixer(0xf4740000) throttle end: throttle time(12)
08-04 12:38:08.117 18964 18981 I art     : Starting a blocking GC Explicit
08-04 12:38:08.128 18870 18870 W Atfwd_Sendcmd: AtCmdFwd service not published, waiting... retryCnt : 4
08-04 12:38:08.131 18964 18981 I art     : Explicit concurrent mark sweep GC freed 3(96B) AllocSpace objects, 0(0B) LOS objects, 40% free, 22MB/37MB, paused 124us total 13.767ms
08-04 12:38:08.140 18964 18981 I art     : Starting a blocking GC Explicit
08-04 12:38:08.157 18964 18981 I art     : Explicit concurrent mark sweep GC freed 3(96B) AllocSpace objects, 0(0B) LOS objects, 40% free, 22MB/37MB, paused 139us total 16.580ms
08-04 12:38:08.239   380   380 W SurfaceFlinger: couldn't log to binary event log: overflow.
08-04 12:38:08.388 18964 18980 I art     : Starting a blocking GC Explicit
08-04 12:38:08.406 18964 18980 I art     : Explicit concurrent mark sweep GC freed 1338(78KB) AllocSpace objects, 1(20KB) LOS objects, 40% free, 22MB/37MB, paused 143us total 16.773ms
08-04 12:38:08.415 18964 18980 I art     : Starting a blocking GC Explicit
08-04 12:38:08.432 18964 18980 I art     : Explicit concurrent mark sweep GC freed 22(768B) AllocSpace objects, 0(0B) LOS objects, 40% free, 22MB/37MB, paused 141us total 16.342ms
08-04 12:38:08.441 18964 18980 I art     : Starting a blocking GC Explicit
08-04 12:38:08.456   518   646 I ThermalEngine: ACTION: GPU - Setting GPU[0] to 510000000
08-04 12:38:08.459 18964 18980 I art     : Explicit concurrent mark sweep GC freed 3(96B) AllocSpace objects, 0(0B) LOS objects, 40% free, 22MB/37MB, paused 171us total 17.388ms
08-04 12:38:08.470 18964 18980 I art     : Starting a blocking GC Explicit
08-04 12:38:08.490 18964 18980 I art     : Explicit concurrent mark sweep GC freed 3(96B) AllocSpace objects, 0(0B) LOS objects, 40% free, 22MB/37MB, paused 181us total 19.451ms
08-04 12:38:08.501 18964 18980 I art     : Starting a blocking GC Explicit
08-04 12:38:08.520 18964 18980 I art     : Explicit concurrent mark sweep GC freed 3(96B) AllocSpace objects, 0(0B) LOS objects, 40% free, 22MB/37MB, paused 173us total 18.814ms
08-04 12:38:08.549 19414 19414 D AndroidRuntime: >>>>>> START com.android.internal.os.RuntimeInit uid 2000 <<<<<<
08-04 12:38:08.554 19414 19414 D AndroidRuntime: CheckJNI is OFF
08-04 12:38:08.569 13866 13882 I PeriodicStatsRunner: PeriodicStatsRunner.call():175 call()
08-04 12:38:08.569 13866 13882 I PeriodicStatsRunner: PeriodicStatsRunner.call():179 No submit PeriodicStats since input started.
08-04 12:38:08.587 19414 19414 D ICU     : No timezone override file found: /data/misc/zoneinfo/current/icu/icu_tzdata.dat
08-04 12:38:08.599   512  2967 D audio_hw_primary: disable_audio_route: reset and update mixer path: low-latency-playback speaker
08-04 12:38:08.600   512  2967 D audio_hw_primary: disable_snd_device: snd_device(2: speaker)
08-04 12:38:08.608   512  2967 I soundtrigger: audio_extn_sound_trigger_update_device_status: device 0x2 of type 0 for Event 0
08-04 12:38:08.619 19414 19414 I Radio-JNI: register_android_hardware_Radio DONE
08-04 12:38:08.642 19414 19414 D AndroidRuntime: Calling main entry com.android.commands.input.Input
08-04 12:38:08.643 19414 19414 I Input   : injectKeyEvent: KeyEvent { action=ACTION_DOWN, keyCode=KEYCODE_BACK, scanCode=0, metaState=0, flags=0x0, repeatCount=0, eventTime=707905056, downTime=707905056, deviceId=-1, source=0x101 }
08-04 12:38:08.649 19414 19414 I Input   : injectKeyEvent: KeyEvent { action=ACTION_UP, keyCode=KEYCODE_BACK, scanCode=0, metaState=0, flags=0x0, repeatCount=0, eventTime=707905056, downTime=707905056, deviceId=-1, source=0x101 }
08-04 12:38:08.656 19414 19414 D AndroidRuntime: Shutting down VM
08-04 12:38:08.694 13866 13866 I GoogleInputMethodServic: GoogleInputMethodService.onFinishInput():3138 
08-04 12:38:08.695 13866 13866 I GoogleInputMethodServic: GoogleInputMethodService.onStartInput():1808 
08-04 12:38:08.759 18964 18992 I art     : Starting a blocking GC Explicit
08-04 12:38:08.777 18964 18992 I art     : Explicit concurrent mark sweep GC freed 1442(84KB) AllocSpace objects, 1(20KB) LOS objects, 40% free, 22MB/37MB, paused 151us total 17.315ms
08-04 12:38:08.787 18964 18992 I art     : Starting a blocking GC Explicit
08-04 12:38:08.808 18964 18992 I art     : Explicit concurrent mark sweep GC freed 34(1200B) AllocSpace objects, 0(0B) LOS objects, 40% free, 22MB/37MB, paused 206us total 20.820ms
08-04 12:38:08.822 18964 18992 I art     : Starting a blocking GC Explicit
08-04 12:38:08.845 18964 18992 I art     : Explicit concurrent mark sweep GC freed 3(96B) AllocSpace objects, 0(0B) LOS objects, 40% free, 22MB/37MB, paused 195us total 22.171ms
08-04 12:38:08.858 18964 18992 I art     : Starting a blocking GC Explicit
08-04 12:38:08.884 18964 18992 I art     : Explicit concurrent mark sweep GC freed 3(96B) AllocSpace objects, 0(0B) LOS objects, 40% free, 22MB/37MB, paused 181us total 25.642ms
08-04 12:38:08.896 18964 18992 I art     : Starting a blocking GC Explicit
08-04 12:38:08.919 18964 18992 I art     : Explicit concurrent mark sweep GC freed 3(96B) AllocSpace objects, 0(0B) LOS objects, 40% free, 22MB/37MB, paused 180us total 22.124ms
08-04 12:38:09.005   380   380 W SurfaceFlinger: couldn't log to binary event log: overflow.
08-04 12:38:09.158 18964 18980 I art     : Starting a blocking GC Explicit
08-04 12:38:09.180 18964 18980 I art     : Explicit concurrent mark sweep GC freed 1487(85KB) AllocSpace objects, 1(20KB) LOS objects, 40% free, 22MB/37MB, paused 185us total 21.681ms
08-04 12:38:09.192 18964 18980 I art     : Starting a blocking GC Explicit
08-04 12:38:09.209 18964 18980 I art     : Explicit concurrent mark sweep GC freed 13735(694KB) AllocSpace objects, 7(340KB) LOS objects, 40% free, 21MB/35MB, paused 165us total 16.803ms
08-04 12:38:09.220 18964 18980 I art     : Starting a blocking GC Explicit
08-04 12:38:09.235 18964 18980 I art     : Explicit concurrent mark sweep GC freed 3(96B) AllocSpace objects, 0(0B) LOS objects, 40% free, 21MB/35MB, paused 168us total 14.526ms
08-04 12:38:09.245 18964 18980 I art     : Starting a blocking GC Explicit
08-04 12:38:09.260 18964 18980 I art     : Explicit concurrent mark sweep GC freed 3(96B) AllocSpace objects, 0(0B) LOS objects, 40% free, 21MB/35MB, paused 167us total 14.512ms
08-04 12:38:09.271 18964 18980 I art     : Starting a blocking GC Explicit
08-04 12:38:09.286 18964 18980 I art     : Explicit concurrent mark sweep GC freed 3(96B) AllocSpace objects, 0(0B) LOS objects, 40% free, 21MB/35MB, paused 165us total 14.656ms
08-04 12:38:09.314 19446 19446 D AndroidRuntime: >>>>>> START com.android.internal.os.RuntimeInit uid 2000 <<<<<<
08-04 12:38:09.319 19446 19446 D AndroidRuntime: CheckJNI is OFF
08-04 12:38:09.352 19446 19446 D ICU     : No timezone override file found: /data/misc/zoneinfo/current/icu/icu_tzdata.dat
08-04 12:38:09.385 19446 19446 I Radio-JNI: register_android_hardware_Radio DONE
08-04 12:38:09.408 19446 19446 D AndroidRuntime: Calling main entry com.android.commands.input.Input
08-04 12:38:09.409 19446 19446 I Input   : injectKeyEvent: KeyEvent { action=ACTION_DOWN, keyCode=KEYCODE_BACK, scanCode=0, metaState=0, flags=0x0, repeatCount=0, eventTime=707905822, downTime=707905822, deviceId=-1, source=0x101 }
08-04 12:38:09.415 19446 19446 I Input   : injectKeyEvent: KeyEvent { action=ACTION_UP, keyCode=KEYCODE_BACK, scanCode=0, metaState=0, flags=0x0, repeatCount=0, eventTime=707905822, downTime=707905822, deviceId=-1, source=0x101 }
08-04 12:38:09.422 19446 19446 D AndroidRuntime: Shutting down VM
08-04 12:38:09.462 13866 13866 I GoogleInputMethodServic: GoogleInputMethodService.onFinishInput():3138 
08-04 12:38:09.462 13866 13866 I GoogleInputMethodServic: GoogleInputMethodService.onStartInput():1808 
08-04 12:38:09.524 18964 18992 I art     : Starting a blocking GC Explicit
08-04 12:38:09.538 18964 18992 I art     : Explicit concurrent mark sweep GC freed 1513(85KB) AllocSpace objects, 1(20KB) LOS objects, 40% free, 21MB/35MB, paused 162us total 13.475ms
08-04 12:38:09.547 18964 18992 I art     : Starting a blocking GC Explicit
08-04 12:38:09.561 18964 18992 I art     : Explicit concurrent mark sweep GC freed 24(864B) AllocSpace objects, 0(0B) LOS objects, 40% free, 21MB/35MB, paused 150us total 13.138ms
08-04 12:38:09.571 18964 18992 I art     : Starting a blocking GC Explicit
08-04 12:38:09.587 18964 18992 I art     : Explicit concurrent mark sweep GC freed 3(96B) AllocSpace objects, 0(0B) LOS objects, 40% free, 21MB/35MB, paused 163us total 15.437ms
08-04 12:38:09.597 18964 18992 I art     : Starting a blocking GC Explicit
08-04 12:38:09.614 18964 18992 I art     : Explicit concurrent mark sweep GC freed 3(96B) AllocSpace objects, 0(0B) LOS objects, 40% free, 21MB/35MB, paused 189us total 16.079ms
08-04 12:38:09.625 18964 18992 I art     : Starting a blocking GC Explicit
08-04 12:38:09.644 18964 18992 I art     : Explicit concurrent mark sweep GC freed 3(96B) AllocSpace objects, 0(0B) LOS objects, 40% free, 21MB/35MB, paused 206us total 18.567ms
08-04 12:38:09.882 18964 18980 I art     : Starting a blocking GC Explicit
08-04 12:38:09.898 18964 18980 I art     : Explicit concurrent mark sweep GC freed 1362(79KB) AllocSpace objects, 1(20KB) LOS objects, 40% free, 21MB/35MB, paused 181us total 16.058ms
08-04 12:38:09.909 13866 13882 I PeriodicStatsRunner: PeriodicStatsRunner.call():175 call()
08-04 12:38:09.909 13866 13882 I PeriodicStatsRunner: PeriodicStatsRunner.call():179 No submit PeriodicStats since input started.
08-04 12:38:09.909 18964 18980 I art     : Starting a blocking GC Explicit
08-04 12:38:09.925 18964 18980 I art     : Explicit concurrent mark sweep GC freed 143(10KB) AllocSpace objects, 0(0B) LOS objects, 40% free, 21MB/35MB, paused 188us total 15.557ms
08-04 12:38:09.935 18964 18980 I art     : Starting a blocking GC Explicit
08-04 12:38:09.951 18964 18980 I art     : Explicit concurrent mark sweep GC freed 3(96B) AllocSpace objects, 0(0B) LOS objects, 40% free, 21MB/35MB, paused 186us total 15.494ms
08-04 12:38:09.962 18964 18980 I art     : Starting a blocking GC Explicit
08-04 12:38:09.977 18964 18980 I art     : Explicit concurrent mark sweep GC freed 3(96B) AllocSpace objects, 0(0B) LOS objects, 40% free, 21MB/35MB, paused 173us total 14.770ms
08-04 12:38:09.988 18964 18980 I art     : Starting a blocking GC Explicit
08-04 12:38:10.003 18964 18980 I art     : Explicit concurrent mark sweep GC freed 3(96B) AllocSpace objects, 0(0B) LOS objects, 40% free, 21MB/35MB, paused 177us total 14.750ms
08-04 12:38:10.030 13866 13882 I PeriodicStatsRunner: PeriodicStatsRunner.call():175 call()
08-04 12:38:10.030 13866 13882 I PeriodicStatsRunner: PeriodicStatsRunner.call():179 No submit PeriodicStats since input started.
08-04 12:38:10.087 19478 19478 D AndroidRuntime: >>>>>> START com.android.internal.os.RuntimeInit uid 2000 <<<<<<
08-04 12:38:10.092 19478 19478 D AndroidRuntime: CheckJNI is OFF
08-04 12:38:10.126 19478 19478 D ICU     : No timezone override file found: /data/misc/zoneinfo/current/icu/icu_tzdata.dat
08-04 12:38:10.159 19478 19478 I Radio-JNI: register_android_hardware_Radio DONE
08-04 12:38:10.181 19478 19478 D AndroidRuntime: Calling main entry com.android.commands.input.Input
08-04 12:38:10.182 19478 19478 I Input   : injectMotionEvent: MotionEvent { action=ACTION_DOWN, actionButton=0, id[0]=0, x[0]=600.0, y[0]=1536.0, toolType[0]=TOOL_TYPE_UNKNOWN, buttonState=0, metaState=0, flags=0x0, edgeFlags=0x0, pointerCount=1, historySize=0, eventTime=707906595, downTime=707906595, deviceId=0, source=0x1002 }
08-04 12:38:10.187 19478 19478 I Input   : injectMotionEvent: MotionEvent { action=ACTION_UP, actionButton=0, id[0]=0, x[0]=600.0, y[0]=1536.0, toolType[0]=TOOL_TYPE_UNKNOWN, buttonState=0, metaState=0, flags=0x0, edgeFlags=0x0, pointerCount=1, historySize=0, eventTime=707906595, downTime=707906595, deviceId=0, source=0x1002 }
08-04 12:38:10.189 19478 19478 D AndroidRuntime: Shutting down VM
08-04 12:38:10.192   512  2967 D audio_hw_primary: out_set_parameters: enter: usecase(1: low-latency-playback) kvpairs: routing=2
08-04 12:38:10.198   918  5952 I ActivityManager: START u0 {dat=https://oauth.reddit.com/... cmp=baseline.org.quantumbadger.redreader/.activities.PostListingActivity} from uid 10666 on display 0
08-04 12:38:10.206   512  2967 D audio_hw_primary: select_devices: out_snd_device(2: speaker) in_snd_device(0: none)
08-04 12:38:10.206   512  2967 D msm8974_platform: platform_send_audio_calibration: sending audio calibration for snd_device(2) acdb_id(15)
08-04 12:38:10.207   512  2967 I soundtrigger: audio_extn_sound_trigger_update_device_status: device 0x2 of type 0 for Event 1
08-04 12:38:10.217   512  2967 D audio_hw_primary: enable_snd_device: snd_device(2: speaker)
08-04 12:38:10.218 18964 18964 I AppCompatViewInflater: app:theme is now deprecated. Please move to using android:theme instead.
08-04 12:38:10.219   512  2967 D audio_hw_primary: enable_audio_route: apply and update mixer path: low-latency-playback speaker
08-04 12:38:10.254 18964 19193 I art     : Starting a blocking GC Explicit
08-04 12:38:10.258 18964 19509 I RawObjectDB query string: CREATE TABLE objects(RawObjectDB_id TEXT PRIMARY KEY ON CONFLICT REPLACE,RawObjectDB_timestamp INTEGER,accounts_active INTEGER,created INTEGER,created_utc INTEGER,description TEXT,description_html TEXT,display_name TEXT,header_img TEXT,header_title TEXT,id TEXT,name TEXT,over18 INTEGER,public_description TEXT,subscribers INTEGER,title TEXT,url TEXT)
08-04 12:38:10.270 18964 19193 I art     : Explicit concurrent mark sweep GC freed 5516(371KB) AllocSpace objects, 1(20KB) LOS objects, 40% free, 21MB/35MB, paused 269us total 16.201ms
08-04 12:38:10.281 18964 19193 I art     : Starting a blocking GC Explicit
08-04 12:38:10.301 18964 19193 I art     : Explicit concurrent mark sweep GC freed 1764(115KB) AllocSpace objects, 0(0B) LOS objects, 40% free, 21MB/36MB, paused 957us total 19.330ms
08-04 12:38:10.302 18964 19510 D OK      : calling: https://www.reddit.com/api/v1/access_token
08-04 12:38:10.304   918   936 I ActivityManager: Displayed baseline.org.quantumbadger.redreader/.activities.PostListingActivity: +96ms
08-04 12:38:10.304 13866 13866 I GoogleInputMethodServic: GoogleInputMethodService.onFinishInput():3138 
08-04 12:38:10.305 13866 13866 I GoogleInputMethodServic: GoogleInputMethodService.onStartInput():1808 
08-04 12:38:10.314 18964 19193 I art     : Starting a blocking GC Explicit
08-04 12:38:10.332 18964 19193 I art     : Explicit concurrent mark sweep GC freed 557(41KB) AllocSpace objects, 0(0B) LOS objects, 40% free, 21MB/36MB, paused 261us total 17.260ms
08-04 12:38:10.343 18964 19193 I art     : Starting a blocking GC Explicit
08-04 12:38:10.358 18964 19193 I art     : Explicit concurrent mark sweep GC freed 2908(194KB) AllocSpace objects, 1(28KB) LOS objects, 40% free, 21MB/36MB, paused 261us total 14.906ms
08-04 12:38:10.369 18964 19193 I art     : Starting a blocking GC Explicit
08-04 12:38:10.385 18964 19193 I art     : Explicit concurrent mark sweep GC freed 88(9KB) AllocSpace objects, 0(0B) LOS objects, 40% free, 21MB/36MB, paused 246us total 15.551ms
08-04 12:38:10.541   380   380 W SurfaceFlinger: couldn't log to binary event log: overflow.
08-04 12:38:10.630 18964 18981 I art     : Starting a blocking GC Explicit
08-04 12:38:10.655 18964 18981 I art     : Explicit concurrent mark sweep GC freed 26371(1743KB) AllocSpace objects, 14(1212KB) LOS objects, 40% free, 23MB/39MB, paused 502us total 25.379ms
08-04 12:38:10.668 18964 18981 I art     : Starting a blocking GC Explicit
08-04 12:38:10.694 18964 18981 I art     : Explicit concurrent mark sweep GC freed 8089(553KB) AllocSpace objects, 2(180KB) LOS objects, 40% free, 23MB/39MB, paused 531us total 25.921ms
08-04 12:38:10.706 18964 18981 I art     : Starting a blocking GC Explicit
08-04 12:38:10.720 18964 19510 D OK      : request got status: 200
08-04 12:38:10.728 18964 19510 D OK      : calling: https://oauth.reddit.com/r/askscience/about.json
08-04 12:38:10.732 18964 18981 I art     : Explicit concurrent mark sweep GC freed 8024(493KB) AllocSpace objects, 0(0B) LOS objects, 39% free, 24MB/40MB, paused 534us total 25.710ms
08-04 12:38:10.745 18964 18981 I art     : Starting a blocking GC Explicit
08-04 12:38:10.748   512  2967 D audio_hw_primary: disable_audio_route: reset and update mixer path: low-latency-playback speaker
08-04 12:38:10.749   512  2967 D audio_hw_primary: disable_snd_device: snd_device(2: speaker)
08-04 12:38:10.757   512  2967 I soundtrigger: audio_extn_sound_trigger_update_device_status: device 0x2 of type 0 for Event 0
08-04 12:38:10.769 18964 18981 I art     : Explicit concurrent mark sweep GC freed 266(37KB) AllocSpace objects, 2(320KB) LOS objects, 40% free, 23MB/39MB, paused 310us total 23.844ms
08-04 12:38:10.782 18964 18981 I art     : Starting a blocking GC Explicit
08-04 12:38:10.805 18964 18981 I art     : Explicit concurrent mark sweep GC freed 67(4KB) AllocSpace objects, 0(0B) LOS objects, 40% free, 23MB/39MB, paused 274us total 23.380ms
08-04 12:38:10.818 13866 13882 I PeriodicStatsRunner: PeriodicStatsRunner.call():175 call()
08-04 12:38:10.818 13866 13882 I PeriodicStatsRunner: PeriodicStatsRunner.call():179 No submit PeriodicStats since input started.
08-04 12:38:10.874 18964 18964 I RedReader: Checking for new messages.
08-04 12:38:10.890 18964 18964 I RegularCachePruner: Pruning cache...
08-04 12:38:10.892 18964 19528 I RedditChangeDataManager: Pruning for all users...
08-04 12:38:10.892 18964 19528 I RedditChangeDataManager: Pruning complete.
08-04 12:38:10.895 18964 19528 I CacheManager: Pruning 0 files
08-04 12:38:10.902 32231 32231 I Finsky  : [1] xow.onStartJob(3): SCH: onJobSchedulerWakeup with jobId 9008
08-04 12:38:10.909 32231 32231 I Finsky  : [1] xjw.a(9): Scheduling fallback in 43199994 (absolute: 1734494777)
08-04 12:38:10.912 32231 32231 I Finsky  : [1] xjw.a(9): Scheduling fallback in 64799998 (absolute: 1756094785)
08-04 12:38:10.916 32231 32231 I Finsky  : [1] xow.onStartJob(3): SCH: onJobSchedulerWakeup with jobId 9016
08-04 12:38:10.921 32231 32231 I Finsky  : [1] xjw.a(9): Scheduling fallback in 43199999 (absolute: 1734494795)
08-04 12:38:10.925 32231 32231 I Finsky  : [1] xjw.a(9): Scheduling fallback in 64799998 (absolute: 1756094797)
08-04 12:38:10.929 32231 32231 W Finsky  : [1] xow.onStartJob(9): SCH: onJobSchedulerWakeup while already running
08-04 12:38:10.965 32231 32231 I Finsky  : [1] xkf.handleMessage(8): SCH: DeviceState: DeviceState{currentTime=1596537490961, isCharging=false, isIdle=false, netAny=true, netNotRoaming=true, netUnmetered=true, batteryPercent=100.0}
08-04 12:38:10.970 32231 18932 I Finsky  : [5982] xmu.a(8): SCH: Jobs in database: 1-1337 3-191 3-192 12-1 24-77777777 26-1414141414 
08-04 12:38:10.973 32231 32231 I Finsky  : [1] xkg.a(16): SCH: Running job: 12-1
08-04 12:38:10.975 32231 32231 I Finsky  : [1] ContentSyncJob.a(16): [ContentSync] job started
08-04 12:38:10.977 32231 32231 I Finsky  : [1] xkf.handleMessage(61): SCH: RunningQueue size: 1, PendingQueue size: 0
08-04 12:38:10.977 32231 32231 I Finsky  : [1] xkf.handleMessage(64): SCH: Running queue: 12-1 
08-04 12:38:10.999 18964 19510 I NAPPA_EXPERIMENTATION: MetricNetworkRequestExecutionTime: REQUEST_DURATION_SYSTEM='271',REQUEST_DURATION_OKHTTP='138',REQUEST_SYNCHRONOUS='TRUE',RESPONSE_CODE='200',RESPONSE_METHOD='GET',RESPONSE_LENGTH_OKHTTP='-1',RESPONSE_LENGTH_HEADER='4700',REQUEST_PROTOCOL='h2',REQUEST_URL='https://oauth.reddit.com/r/askscience/about.json',
08-04 12:38:10.999 18964 19510 D OK      : request got status: 200
08-04 12:38:11.069 18964 18992 I art     : Starting a blocking GC Explicit
08-04 12:38:11.073 32231 18955 I Finsky  : [5988] dzn.a(22): Completed 0 account content syncs with 0 successful.
08-04 12:38:11.074 32231 32231 I Finsky  : [1] ContentSyncJob.a(1): [ContentSync] Installation state replication succeeded.
08-04 12:38:11.078 32231 32231 I Finsky  : [1] xlr.a(13): SCH: jobFinished: 12-1. TimeElapsed: 102ms.
08-04 12:38:11.079 32231 32231 I Finsky  : [1] xkg.a(36): SCH: Job 12-1 finished. Not rescheduling.
08-04 12:38:11.080 32231 32231 I Finsky  : [1] xkf.handleMessage(61): SCH: RunningQueue size: 0, PendingQueue size: 0
08-04 12:38:11.080 32231 32231 I Finsky  : [1] xkf.handleMessage(25): Executor finished
08-04 12:38:11.095 18964 18992 I art     : Explicit concurrent mark sweep GC freed 5421(421KB) AllocSpace objects, 4(176KB) LOS objects, 39% free, 24MB/40MB, paused 217us total 25.959ms
08-04 12:38:11.096 32231 32231 I Finsky  : [1] xmu.a(8): SCH: Jobs in database: 1-1337 3-191 3-192 24-77777777 26-1414141414 
08-04 12:38:11.098 32231 32231 I Finsky  : [1] xio.a(57): SCH: ConstraintMapping: 24-77777777,  -> L: 0ms, D: 30709740ms, C: false, I: true, N: 0
08-04 12:38:11.098 32231 32231 I Finsky  : [1] xio.a(57): SCH: ConstraintMapping: 1-1337,  -> L: 15866955ms, D: 34061815ms, C: false, I: false, N: 1
08-04 12:38:11.099 32231 32231 I Finsky  : [1] xio.a(57): SCH: ConstraintMapping: 3-191,  -> L: 0ms, D: 74771688ms, C: false, I: true, N: 2
08-04 12:38:11.099 32231 32231 I Finsky  : [1] xio.a(57): SCH: ConstraintMapping: 3-192,  -> L: 0ms, D: 74771760ms, C: true, I: true, N: 2
08-04 12:38:11.099 32231 32231 I Finsky  : [1] xio.a(57): SCH: ConstraintMapping: 26-1414141414,  -> L: 38174940ms, D: 39074940ms, C: false, I: false, N: 0
08-04 12:38:11.107 18964 18992 I art     : Starting a blocking GC Explicit
08-04 12:38:11.113 32231 32231 I Finsky  : [1] xle.a(34): Cancelling existing jobscheduler jobs: 9015 9012 9017 9014 9001 9019 9018 9013 
08-04 12:38:11.113 32231 32231 I Finsky  : [1] xle.a(10): Throttling wakeup for job 9000 (expected to run in 0 ms) due to recent wakeup
08-04 12:38:11.114 32231 32231 I Finsky  : [1] xle.a(27): Scheduling job Id: 9000, L: 30000, D: 30709740, C: false, I: true, N: 0
08-04 12:38:11.115 32231 32231 I Finsky  : [1] xle.a(27): Scheduling job Id: 9002, L: 15866955, D: 34061815, C: false, I: false, N: 1
08-04 12:38:11.117 32231 32231 I Finsky  : [1] xle.a(10): Throttling wakeup for job 9003 (expected to run in 0 ms) due to recent wakeup
08-04 12:38:11.117 32231 32231 I Finsky  : [1] xle.a(27): Scheduling job Id: 9003, L: 30000, D: 74771688, C: false, I: true, N: 2
08-04 12:38:11.118 32231 32231 I Finsky  : [1] xle.a(10): Throttling wakeup for job 9004 (expected to run in 0 ms) due to recent wakeup
08-04 12:38:11.119 32231 32231 I Finsky  : [1] xle.a(27): Scheduling job Id: 9004, L: 30000, D: 74771760, C: true, I: true, N: 2
08-04 12:38:11.120 32231 32231 I Finsky  : [1] xle.a(27): Scheduling job Id: 9005, L: 38174940, D: 39074940, C: false, I: false, N: 0
08-04 12:38:11.121 32231 32231 I Finsky  : [1] xle.a(10): Throttling wakeup for job 9006 (expected to run in 0 ms) due to recent wakeup
08-04 12:38:11.121 32231 32231 I Finsky  : [1] xle.a(27): Scheduling job Id: 9006, L: 30000, D: 30709740, C: false, I: true, N: 0
08-04 12:38:11.122 32231 32231 I Finsky  : [1] xle.a(27): Scheduling job Id: 9007, L: 15866955, D: 34061815, C: false, I: false, N: 1
08-04 12:38:11.124 32231 32231 I Finsky  : [1] xle.a(10): Throttling wakeup for job 9009 (expected to run in 0 ms) due to recent wakeup
08-04 12:38:11.126 32231 32231 I Finsky  : [1] xle.a(27): Scheduling job Id: 9009, L: 30000, D: 74771688, C: false, I: true, N: 2
08-04 12:38:11.128 32231 32231 I Finsky  : [1] xle.a(10): Throttling wakeup for job 9010 (expected to run in 0 ms) due to recent wakeup
08-04 12:38:11.129 32231 32231 I Finsky  : [1] xle.a(27): Scheduling job Id: 9010, L: 30000, D: 74771760, C: true, I: true, N: 2
08-04 12:38:11.130 32231 32231 I Finsky  : [1] xle.a(27): Scheduling job Id: 9011, L: 38174940, D: 39074940, C: false, I: false, N: 0
08-04 12:38:11.131 18964 18992 I art     : Explicit concurrent mark sweep GC freed 328(15KB) AllocSpace objects, 0(0B) LOS objects, 39% free, 24MB/40MB, paused 263us total 22.994ms
08-04 12:38:11.143 18964 18992 I art     : Starting a blocking GC Explicit
08-04 12:38:11.167 18964 18992 I art     : Explicit concurrent mark sweep GC freed 3(96B) AllocSpace objects, 0(0B) LOS objects, 39% free, 24MB/40MB, paused 258us total 24.440ms
08-04 12:38:11.179 18964 18992 I art     : Starting a blocking GC Explicit
08-04 12:38:11.204 18964 18992 I art     : Explicit concurrent mark sweep GC freed 3(96B) AllocSpace objects, 0(0B) LOS objects, 39% free, 24MB/40MB, paused 236us total 24.292ms
08-04 12:38:11.216 18964 18992 I art     : Starting a blocking GC Explicit
08-04 12:38:11.242 18964 18992 I art     : Explicit concurrent mark sweep GC freed 3(96B) AllocSpace objects, 0(0B) LOS objects, 39% free, 24MB/40MB, paused 295us total 25.723ms
08-04 12:38:11.497 18964 19552 D OK      : calling: https://oauth.reddit.com/r/askscience/hot/.json
08-04 12:38:11.521 18964 18980 I art     : Starting a blocking GC Explicit
08-04 12:38:11.549 18964 18980 I art     : Explicit concurrent mark sweep GC freed 1494(84KB) AllocSpace objects, 1(20KB) LOS objects, 39% free, 24MB/40MB, paused 287us total 28.158ms
08-04 12:38:11.562 18964 18980 I art     : Starting a blocking GC Explicit
08-04 12:38:11.589 18964 18980 I art     : Explicit concurrent mark sweep GC freed 26(960B) AllocSpace objects, 0(0B) LOS objects, 39% free, 24MB/40MB, paused 266us total 27.316ms
08-04 12:38:11.602 18964 18980 I art     : Starting a blocking GC Explicit
08-04 12:38:11.629 18964 18980 I art     : Explicit concurrent mark sweep GC freed 3(96B) AllocSpace objects, 0(0B) LOS objects, 39% free, 24MB/40MB, paused 291us total 26.335ms
08-04 12:38:11.642 18964 18980 I art     : Starting a blocking GC Explicit
08-04 12:38:11.668 18964 18980 I art     : Explicit concurrent mark sweep GC freed 3(96B) AllocSpace objects, 0(0B) LOS objects, 39% free, 24MB/40MB, paused 284us total 25.968ms
08-04 12:38:11.680 18964 18980 I art     : Starting a blocking GC Explicit
08-04 12:38:11.707 18964 18980 I art     : Explicit concurrent mark sweep GC freed 3(96B) AllocSpace objects, 0(0B) LOS objects, 39% free, 24MB/40MB, paused 318us total 26.329ms
08-04 12:38:11.715 18964 19552 I NAPPA_EXPERIMENTATION: MetricNetworkRequestExecutionTime: REQUEST_DURATION_SYSTEM='216',REQUEST_DURATION_OKHTTP='214',REQUEST_SYNCHRONOUS='TRUE',RESPONSE_CODE='200',RESPONSE_METHOD='GET',RESPONSE_LENGTH_OKHTTP='-1',RESPONSE_LENGTH_HEADER='21282',REQUEST_PROTOCOL='h2',REQUEST_URL='https://oauth.reddit.com/r/askscience/hot/.json',
08-04 12:38:11.715 18964 19552 D OK      : request got status: 200
08-04 12:38:11.732 18964 19540 I PostListingFragment: Precaching images: OFF
08-04 12:38:11.732 18964 19540 I PostListingFragment: Precaching comments: OFF
08-04 12:38:11.961 18964 19193 I art     : Starting a blocking GC Explicit
08-04 12:38:11.995 18964 19193 I art     : Explicit concurrent mark sweep GC freed 17886(904KB) AllocSpace objects, 3(156KB) LOS objects, 39% free, 24MB/40MB, paused 360us total 33.924ms
08-04 12:38:12.009 18964 19193 I art     : Starting a blocking GC Explicit
08-04 12:38:12.039 18964 19193 I art     : Explicit concurrent mark sweep GC freed 4051(155KB) AllocSpace objects, 0(0B) LOS objects, 39% free, 24MB/40MB, paused 493us total 29.499ms
08-04 12:38:12.051 18964 19193 I art     : Starting a blocking GC Explicit
08-04 12:38:12.080 18964 19193 I art     : Explicit concurrent mark sweep GC freed 3427(123KB) AllocSpace objects, 0(0B) LOS objects, 39% free, 24MB/40MB, paused 365us total 28.837ms
08-04 12:38:12.092 18964 19193 I art     : Starting a blocking GC Explicit
08-04 12:38:12.120 18964 19193 I art     : Explicit concurrent mark sweep GC freed 11896(577KB) AllocSpace objects, 0(0B) LOS objects, 39% free, 24MB/40MB, paused 332us total 27.878ms
08-04 12:38:12.133 18964 19193 I art     : Starting a blocking GC Explicit
08-04 12:38:12.161 18964 19193 I art     : Explicit concurrent mark sweep GC freed 201(18KB) AllocSpace objects, 0(0B) LOS objects, 39% free, 24MB/40MB, paused 428us total 28.174ms
08-04 12:38:12.460 18964 18981 I art     : Starting a blocking GC Explicit
08-04 12:38:12.493 18964 18981 I art     : Explicit concurrent mark sweep GC freed 2908(153KB) AllocSpace objects, 1(20KB) LOS objects, 39% free, 24MB/40MB, paused 523us total 33.509ms
08-04 12:38:12.507 18964 18981 I art     : Starting a blocking GC Explicit
08-04 12:38:12.535 18964 18981 I art     : Explicit concurrent mark sweep GC freed 187(10KB) AllocSpace objects, 0(0B) LOS objects, 39% free, 24MB/40MB, paused 253us total 28.062ms
08-04 12:38:12.548 18964 18981 I art     : Starting a blocking GC Explicit
08-04 12:38:12.575 18964 18981 I art     : Explicit concurrent mark sweep GC freed 216(10KB) AllocSpace objects, 0(0B) LOS objects, 39% free, 24MB/40MB, paused 259us total 26.213ms
08-04 12:38:12.588 18964 18981 I art     : Starting a blocking GC Explicit
08-04 12:38:12.616 18964 18981 I art     : Explicit concurrent mark sweep GC freed 51(3KB) AllocSpace objects, 0(0B) LOS objects, 39% free, 24MB/40MB, paused 246us total 28.478ms
08-04 12:38:12.630 18964 18981 I art     : Starting a blocking GC Explicit
08-04 12:38:12.659 18964 18981 I art     : Explicit concurrent mark sweep GC freed 3(96B) AllocSpace objects, 0(0B) LOS objects, 39% free, 24MB/40MB, paused 260us total 29.457ms
08-04 12:38:12.983 18964 18992 I art     : Starting a blocking GC Explicit
08-04 12:38:13.022 18964 18992 I art     : Explicit concurrent mark sweep GC freed 1347(78KB) AllocSpace objects, 1(20KB) LOS objects, 39% free, 24MB/40MB, paused 277us total 38.504ms
08-04 12:38:13.039 18964 18992 I art     : Starting a blocking GC Explicit
08-04 12:38:13.074 18964 18992 I art     : Explicit concurrent mark sweep GC freed 20(704B) AllocSpace objects, 0(0B) LOS objects, 39% free, 24MB/40MB, paused 255us total 35.166ms
08-04 12:38:13.088 18964 18992 I art     : Starting a blocking GC Explicit
08-04 12:38:13.118 18964 18992 I art     : Explicit concurrent mark sweep GC freed 3(96B) AllocSpace objects, 0(0B) LOS objects, 39% free, 24MB/40MB, paused 257us total 29.783ms
08-04 12:38:13.131 18964 18992 I art     : Starting a blocking GC Explicit
08-04 12:38:13.161 18964 18992 I art     : Explicit concurrent mark sweep GC freed 3(96B) AllocSpace objects, 0(0B) LOS objects, 39% free, 24MB/40MB, paused 255us total 30.018ms
08-04 12:38:13.174 18964 18992 I art     : Starting a blocking GC Explicit
08-04 12:38:13.205 18964 18992 I art     : Explicit concurrent mark sweep GC freed 3(96B) AllocSpace objects, 0(0B) LOS objects, 39% free, 24MB/40MB, paused 253us total 30.548ms
08-04 12:38:13.535 18964 18980 I art     : Starting a blocking GC Explicit
08-04 12:38:13.575 18964 18980 I art     : Explicit concurrent mark sweep GC freed 1343(78KB) AllocSpace objects, 1(20KB) LOS objects, 39% free, 24MB/40MB, paused 280us total 39.704ms
08-04 12:38:13.591 18964 18980 I art     : Starting a blocking GC Explicit
08-04 12:38:13.622 18964 18980 I art     : Explicit concurrent mark sweep GC freed 20(704B) AllocSpace objects, 0(0B) LOS objects, 39% free, 24MB/40MB, paused 259us total 30.439ms
08-04 12:38:13.635 18964 18980 I art     : Starting a blocking GC Explicit
08-04 12:38:13.666 18964 18980 I art     : Explicit concurrent mark sweep GC freed 3(96B) AllocSpace objects, 0(0B) LOS objects, 39% free, 24MB/40MB, paused 244us total 30.350ms
08-04 12:38:13.679 18964 18980 I art     : Starting a blocking GC Explicit
08-04 12:38:13.695 13866 13882 I PeriodicStatsRunner: PeriodicStatsRunner.call():175 call()
08-04 12:38:13.696 13866 13882 I PeriodicStatsRunner: PeriodicStatsRunner.call():179 No submit PeriodicStats since input started.
08-04 12:38:13.710 18964 18980 I art     : Explicit concurrent mark sweep GC freed 3(96B) AllocSpace objects, 0(0B) LOS objects, 39% free, 24MB/40MB, paused 253us total 30.641ms
08-04 12:38:13.724 18964 18980 I art     : Starting a blocking GC Explicit
08-04 12:38:13.754 18964 18980 I art     : Explicit concurrent mark sweep GC freed 3(96B) AllocSpace objects, 0(0B) LOS objects, 39% free, 24MB/40MB, paused 257us total 30.466ms
08-04 12:38:14.088 18964 19193 I art     : Starting a blocking GC Explicit
08-04 12:38:14.126 18964 19193 I art     : Explicit concurrent mark sweep GC freed 1343(78KB) AllocSpace objects, 1(20KB) LOS objects, 39% free, 24MB/40MB, paused 286us total 38.222ms
08-04 12:38:14.144 18964 19193 I art     : Starting a blocking GC Explicit
08-04 12:38:14.175 18964 19193 I art     : Explicit concurrent mark sweep GC freed 20(704B) AllocSpace objects, 0(0B) LOS objects, 39% free, 24MB/40MB, paused 251us total 30.418ms
08-04 12:38:14.188 18964 19193 I art     : Starting a blocking GC Explicit
08-04 12:38:14.219 18964 19193 I art     : Explicit concurrent mark sweep GC freed 3(96B) AllocSpace objects, 0(0B) LOS objects, 39% free, 24MB/40MB, paused 252us total 30.473ms
08-04 12:38:14.232 18964 19193 I art     : Starting a blocking GC Explicit
08-04 12:38:14.262 18964 19193 I art     : Explicit concurrent mark sweep GC freed 3(96B) AllocSpace objects, 0(0B) LOS objects, 39% free, 24MB/40MB, paused 256us total 30.329ms
08-04 12:38:14.276 18964 19193 I art     : Starting a blocking GC Explicit
08-04 12:38:14.306 18964 19193 I art     : Explicit concurrent mark sweep GC freed 3(96B) AllocSpace objects, 0(0B) LOS objects, 39% free, 24MB/40MB, paused 251us total 29.978ms
08-04 12:38:14.463 13866 13882 I PeriodicStatsRunner: PeriodicStatsRunner.call():175 call()
08-04 12:38:14.463 13866 13882 I PeriodicStatsRunner: PeriodicStatsRunner.call():179 No submit PeriodicStats since input started.
08-04 12:38:14.619 18964 18981 I art     : Starting a blocking GC Explicit
08-04 12:38:14.658 18964 18981 I art     : Explicit concurrent mark sweep GC freed 1343(78KB) AllocSpace objects, 1(20KB) LOS objects, 39% free, 24MB/40MB, paused 370us total 37.983ms
08-04 12:38:14.673 18964 18981 I art     : Starting a blocking GC Explicit
08-04 12:38:14.704 18964 18981 I art     : Explicit concurrent mark sweep GC freed 20(704B) AllocSpace objects, 0(0B) LOS objects, 39% free, 24MB/40MB, paused 261us total 30.530ms
08-04 12:38:14.718 18964 18981 I art     : Starting a blocking GC Explicit
08-04 12:38:14.748 18964 18981 I art     : Explicit concurrent mark sweep GC freed 3(96B) AllocSpace objects, 0(0B) LOS objects, 39% free, 24MB/40MB, paused 259us total 30.220ms
08-04 12:38:14.762 18964 18981 I art     : Starting a blocking GC Explicit
08-04 12:38:14.792 18964 18981 I art     : Explicit concurrent mark sweep GC freed 3(96B) AllocSpace objects, 0(0B) LOS objects, 39% free, 24MB/40MB, paused 256us total 29.763ms
08-04 12:38:14.805 18964 18981 I art     : Starting a blocking GC Explicit
08-04 12:38:14.836 18964 18981 I art     : Explicit concurrent mark sweep GC freed 3(96B) AllocSpace objects, 0(0B) LOS objects, 39% free, 24MB/40MB, paused 256us total 30.250ms
08-04 12:38:15.148 18964 18992 I art     : Starting a blocking GC Explicit
08-04 12:38:15.182 18964 18992 I art     : Explicit concurrent mark sweep GC freed 1347(78KB) AllocSpace objects, 1(20KB) LOS objects, 39% free, 24MB/40MB, paused 284us total 34.570ms
08-04 12:38:15.199 18964 18992 I art     : Starting a blocking GC Explicit
08-04 12:38:15.230 18964 18992 I art     : Explicit concurrent mark sweep GC freed 20(704B) AllocSpace objects, 0(0B) LOS objects, 39% free, 24MB/40MB, paused 252us total 30.442ms
08-04 12:38:15.243 18964 18992 I art     : Starting a blocking GC Explicit
08-04 12:38:15.273 18964 18992 I art     : Explicit concurrent mark sweep GC freed 3(96B) AllocSpace objects, 0(0B) LOS objects, 39% free, 24MB/40MB, paused 258us total 29.968ms
08-04 12:38:15.287 18964 18992 I art     : Starting a blocking GC Explicit
08-04 12:38:15.305 13866 13882 I PeriodicStatsRunner: PeriodicStatsRunner.call():175 call()
08-04 12:38:15.305 13866 13882 I PeriodicStatsRunner: PeriodicStatsRunner.call():179 No submit PeriodicStats since input started.
08-04 12:38:15.317 18964 18992 I art     : Explicit concurrent mark sweep GC freed 3(96B) AllocSpace objects, 0(0B) LOS objects, 39% free, 24MB/40MB, paused 242us total 30.568ms
08-04 12:38:15.331 18964 18992 I art     : Starting a blocking GC Explicit
08-04 12:38:15.360 18964 18992 I art     : Explicit concurrent mark sweep GC freed 3(96B) AllocSpace objects, 0(0B) LOS objects, 39% free, 24MB/40MB, paused 245us total 29.540ms
08-04 12:38:15.626 18964 18980 I art     : Starting a blocking GC Explicit
08-04 12:38:15.657 18964 18980 I art     : Explicit concurrent mark sweep GC freed 1344(78KB) AllocSpace objects, 1(20KB) LOS objects, 39% free, 24MB/40MB, paused 257us total 30.334ms
08-04 12:38:15.670 18964 18980 I art     : Starting a blocking GC Explicit
08-04 12:38:15.699 18964 18980 I art     : Explicit concurrent mark sweep GC freed 20(704B) AllocSpace objects, 0(0B) LOS objects, 39% free, 24MB/40MB, paused 252us total 29.284ms
08-04 12:38:15.713 18964 18980 I art     : Starting a blocking GC Explicit
08-04 12:38:15.742 18964 18980 I art     : Explicit concurrent mark sweep GC freed 3(96B) AllocSpace objects, 0(0B) LOS objects, 39% free, 24MB/40MB, paused 259us total 28.545ms
08-04 12:38:15.754 18964 18980 I art     : Starting a blocking GC Explicit
08-04 12:38:15.783 18964 18980 I art     : Explicit concurrent mark sweep GC freed 3(96B) AllocSpace objects, 0(0B) LOS objects, 39% free, 24MB/40MB, paused 261us total 28.670ms
08-04 12:38:15.796 18964 18980 I art     : Starting a blocking GC Explicit
08-04 12:38:15.825 18964 18980 I art     : Explicit concurrent mark sweep GC freed 3(96B) AllocSpace objects, 0(0B) LOS objects, 39% free, 24MB/40MB, paused 245us total 28.583ms
08-04 12:38:15.885 19623 19623 D AndroidRuntime: >>>>>> START com.android.internal.os.RuntimeInit uid 2000 <<<<<<
08-04 12:38:15.890 19623 19623 D AndroidRuntime: CheckJNI is OFF
08-04 12:38:15.924 19623 19623 D ICU     : No timezone override file found: /data/misc/zoneinfo/current/icu/icu_tzdata.dat
08-04 12:38:15.959 19623 19623 I Radio-JNI: register_android_hardware_Radio DONE
08-04 12:38:15.983 19623 19623 D AndroidRuntime: Calling main entry com.android.commands.input.Input
08-04 12:38:15.986 19623 19623 I Input   : injectMotionEvent: MotionEvent { action=ACTION_DOWN, actionButton=0, id[0]=0, x[0]=600.0, y[0]=700.0, toolType[0]=TOOL_TYPE_UNKNOWN, buttonState=0, metaState=0, flags=0x0, edgeFlags=0x0, pointerCount=1, historySize=0, eventTime=707912399, downTime=707912399, deviceId=0, source=0x1002 }
08-04 12:38:15.996 19623 19623 I Input   : injectMotionEvent: MotionEvent { action=ACTION_UP, actionButton=0, id[0]=0, x[0]=600.0, y[0]=700.0, toolType[0]=TOOL_TYPE_UNKNOWN, buttonState=0, metaState=0, flags=0x0, edgeFlags=0x0, pointerCount=1, historySize=0, eventTime=707912399, downTime=707912399, deviceId=0, source=0x1002 }
08-04 12:38:16.000 18964 18964 I RRChoreographer: Using modern Choreographer
08-04 12:38:16.001 19623 19623 D AndroidRuntime: Shutting down VM
08-04 12:38:16.015   512  2967 D audio_hw_primary: out_set_parameters: enter: usecase(1: low-latency-playback) kvpairs: routing=2
08-04 12:38:16.019   918  3670 I ActivityManager: START u0 {dat=https://oauth.reddit.com/... cmp=baseline.org.quantumbadger.redreader/.activities.CommentListingActivity} from uid 10666 on display 0
08-04 12:38:16.028   512  2967 D audio_hw_primary: select_devices: out_snd_device(2: speaker) in_snd_device(0: none)
08-04 12:38:16.028   512  2967 D msm8974_platform: platform_send_audio_calibration: sending audio calibration for snd_device(2) acdb_id(15)
08-04 12:38:16.028   512  2967 I soundtrigger: audio_extn_sound_trigger_update_device_status: device 0x2 of type 0 for Event 1
08-04 12:38:16.039   512  2967 D audio_hw_primary: enable_snd_device: snd_device(2: speaker)
08-04 12:38:16.042   512  2967 D audio_hw_primary: enable_audio_route: apply and update mixer path: low-latency-playback speaker
08-04 12:38:16.047 18964 18964 I AppCompatViewInflater: app:theme is now deprecated. Please move to using android:theme instead.
08-04 12:38:16.065 18964 19656 D OK      : calling: https://oauth.reddit.com/comments/gvc7k9/.json?sort=confidence
08-04 12:38:16.122 18964 18981 I art     : Starting a blocking GC Explicit
08-04 12:38:16.155 18964 18981 I art     : Explicit concurrent mark sweep GC freed 4163(267KB) AllocSpace objects, 1(20KB) LOS objects, 39% free, 24MB/40MB, paused 429us total 32.340ms
08-04 12:38:16.164   918   936 I ActivityManager: Displayed baseline.org.quantumbadger.redreader/.activities.CommentListingActivity: +137ms
08-04 12:38:16.165 13866 13866 I GoogleInputMethodServic: GoogleInputMethodService.onFinishInput():3138 
08-04 12:38:16.166 13866 13866 I GoogleInputMethodServic: GoogleInputMethodService.onStartInput():1808 
08-04 12:38:16.169 18964 18981 I art     : Starting a blocking GC Explicit
08-04 12:38:16.201 18964 18981 I art     : Explicit concurrent mark sweep GC freed 470(23KB) AllocSpace objects, 0(0B) LOS objects, 39% free, 24MB/40MB, paused 280us total 31.800ms
08-04 12:38:16.213 18964 18981 I art     : Starting a blocking GC Explicit
08-04 12:38:16.234 18964 19656 I NAPPA_EXPERIMENTATION: MetricNetworkRequestExecutionTime: REQUEST_DURATION_SYSTEM='169',REQUEST_DURATION_OKHTTP='166',REQUEST_SYNCHRONOUS='TRUE',RESPONSE_CODE='200',RESPONSE_METHOD='GET',RESPONSE_LENGTH_OKHTTP='-1',RESPONSE_LENGTH_HEADER='90132',REQUEST_PROTOCOL='h2',REQUEST_URL='https://oauth.reddit.com/comments/gvc7k9/.json?sort=confidence',
08-04 12:38:16.234 18964 19656 D OK      : request got status: 200
08-04 12:38:16.240 18964 18981 I art     : Explicit concurrent mark sweep GC freed 391(32KB) AllocSpace objects, 0(0B) LOS objects, 38% free, 25MB/41MB, paused 316us total 26.477ms
08-04 12:38:16.241 18964 19540 I CommentListingActivity: COMMENTS session changed to 4e030452-85b8-49b7-bcec-0351ab080945
08-04 12:38:16.254 18964 18981 I art     : Starting a blocking GC Explicit
08-04 12:38:16.287 18964 18981 I art     : Explicit concurrent mark sweep GC freed 1775(215KB) AllocSpace objects, 1(20KB) LOS objects, 38% free, 25MB/41MB, paused 622us total 33.597ms
08-04 12:38:16.301 18964 18981 I art     : Starting a blocking GC Explicit
08-04 12:38:16.336 18964 18981 I art     : Explicit concurrent mark sweep GC freed 8193(552KB) AllocSpace objects, 1(16KB) LOS objects, 37% free, 26MB/42MB, paused 690us total 34.833ms
08-04 12:38:16.413   380   380 W SurfaceFlinger: couldn't log to binary event log: overflow.
08-04 12:38:16.468   518   646 I ThermalEngine: ACTION: GPU - Setting GPU[0] to 600000000
08-04 12:38:16.577 18964 18980 I art     : Starting a blocking GC Explicit
08-04 12:38:16.589   512  2967 D audio_hw_primary: disable_audio_route: reset and update mixer path: low-latency-playback speaker
08-04 12:38:16.590   512  2967 D audio_hw_primary: disable_snd_device: snd_device(2: speaker)
08-04 12:38:16.598   512  2967 I soundtrigger: audio_extn_sound_trigger_update_device_status: device 0x2 of type 0 for Event 0
08-04 12:38:16.617 18964 18980 I art     : Explicit concurrent mark sweep GC freed 52881(3MB) AllocSpace objects, 4(172KB) LOS objects, 36% free, 27MB/43MB, paused 243us total 39.670ms
08-04 12:38:16.628 18964 18980 I art     : Starting a blocking GC Explicit
08-04 12:38:16.661 18964 18980 I art     : Explicit concurrent mark sweep GC freed 38(1488B) AllocSpace objects, 0(0B) LOS objects, 36% free, 27MB/43MB, paused 187us total 33.394ms
08-04 12:38:16.672 18964 18980 I art     : Starting a blocking GC Explicit
08-04 12:38:16.703 18964 18980 I art     : Explicit concurrent mark sweep GC freed 3(96B) AllocSpace objects, 0(0B) LOS objects, 36% free, 27MB/43MB, paused 181us total 30.035ms
08-04 12:38:16.714 18964 18980 I art     : Starting a blocking GC Explicit
08-04 12:38:16.744 18964 18980 I art     : Explicit concurrent mark sweep GC freed 3(96B) AllocSpace objects, 0(0B) LOS objects, 36% free, 27MB/43MB, paused 186us total 30.298ms
08-04 12:38:16.755 18964 18980 I art     : Starting a blocking GC Explicit
08-04 12:38:16.787 18964 18980 I art     : Explicit concurrent mark sweep GC freed 3(96B) AllocSpace objects, 0(0B) LOS objects, 36% free, 27MB/43MB, paused 222us total 31.835ms
08-04 12:38:17.069 18964 19193 I art     : Starting a blocking GC Explicit
08-04 12:38:17.109 18964 19193 I art     : Explicit concurrent mark sweep GC freed 1343(78KB) AllocSpace objects, 1(20KB) LOS objects, 36% free, 27MB/43MB, paused 196us total 40.129ms
08-04 12:38:17.121 18964 19193 I art     : Starting a blocking GC Explicit
08-04 12:38:17.156 18964 19193 I art     : Explicit concurrent mark sweep GC freed 66(2528B) AllocSpace objects, 0(0B) LOS objects, 36% free, 27MB/43MB, paused 196us total 35.248ms
08-04 12:38:17.168 18964 19193 I art     : Starting a blocking GC Explicit
08-04 12:38:17.203 18964 19193 I art     : Explicit concurrent mark sweep GC freed 3(96B) AllocSpace objects, 0(0B) LOS objects, 36% free, 27MB/43MB, paused 194us total 34.680ms
08-04 12:38:17.214 18964 19193 I art     : Starting a blocking GC Explicit
08-04 12:38:17.250 18964 19193 I art     : Explicit concurrent mark sweep GC freed 3(96B) AllocSpace objects, 0(0B) LOS objects, 36% free, 27MB/43MB, paused 194us total 35.368ms
08-04 12:38:17.261 18964 19193 I art     : Starting a blocking GC Explicit
08-04 12:38:17.297 18964 19193 I art     : Explicit concurrent mark sweep GC freed 3(96B) AllocSpace objects, 0(0B) LOS objects, 36% free, 27MB/43MB, paused 232us total 35.008ms
08-04 12:38:17.474   518   646 I ThermalEngine: ACTION: GPU - Setting GPU[0] to 510000000
08-04 12:38:17.584 18964 18992 I art     : Starting a blocking GC Explicit
08-04 12:38:17.641 18964 18992 I art     : Explicit concurrent mark sweep GC freed 1343(78KB) AllocSpace objects, 1(20KB) LOS objects, 36% free, 27MB/43MB, paused 292us total 56.249ms
08-04 12:38:17.660 18964 18992 I art     : Starting a blocking GC Explicit
08-04 12:38:17.705 18964 18992 I art     : Explicit concurrent mark sweep GC freed 20(704B) AllocSpace objects, 0(0B) LOS objects, 36% free, 27MB/43MB, paused 295us total 45.159ms
08-04 12:38:17.721 18964 18992 I art     : Starting a blocking GC Explicit
08-04 12:38:17.765 18964 18992 I art     : Explicit concurrent mark sweep GC freed 3(96B) AllocSpace objects, 0(0B) LOS objects, 36% free, 27MB/43MB, paused 267us total 43.640ms
08-04 12:38:17.780 18964 18992 I art     : Starting a blocking GC Explicit
08-04 12:38:17.825 18964 18992 I art     : Explicit concurrent mark sweep GC freed 3(96B) AllocSpace objects, 0(0B) LOS objects, 36% free, 27MB/43MB, paused 267us total 45.225ms
08-04 12:38:17.841 18964 18992 I art     : Starting a blocking GC Explicit
08-04 12:38:17.885 18964 18992 I art     : Explicit concurrent mark sweep GC freed 3(96B) AllocSpace objects, 0(0B) LOS objects, 36% free, 27MB/43MB, paused 260us total 43.665ms
08-04 12:38:18.194 18964 18980 I art     : Starting a blocking GC Explicit
08-04 12:38:18.245 18964 18980 I art     : Explicit concurrent mark sweep GC freed 1343(78KB) AllocSpace objects, 1(20KB) LOS objects, 36% free, 27MB/43MB, paused 289us total 51.533ms
08-04 12:38:18.263 18964 18980 I art     : Starting a blocking GC Explicit
08-04 12:38:18.307 18964 18980 I art     : Explicit concurrent mark sweep GC freed 20(704B) AllocSpace objects, 0(0B) LOS objects, 36% free, 27MB/43MB, paused 337us total 43.685ms
08-04 12:38:18.322 18964 18980 I art     : Starting a blocking GC Explicit
08-04 12:38:18.366 18964 18980 I art     : Explicit concurrent mark sweep GC freed 3(96B) AllocSpace objects, 0(0B) LOS objects, 36% free, 27MB/43MB, paused 263us total 44.118ms
08-04 12:38:18.382 18964 18980 I art     : Starting a blocking GC Explicit
08-04 12:38:18.426 18964 18980 I art     : Explicit concurrent mark sweep GC freed 3(96B) AllocSpace objects, 0(0B) LOS objects, 36% free, 27MB/43MB, paused 261us total 44.281ms
08-04 12:38:18.441 18964 18980 I art     : Starting a blocking GC Explicit
08-04 12:38:18.487 18964 18980 I art     : Explicit concurrent mark sweep GC freed 3(96B) AllocSpace objects, 0(0B) LOS objects, 36% free, 27MB/43MB, paused 275us total 45.146ms
08-04 12:38:18.821 18964 18981 I art     : Starting a blocking GC Explicit
08-04 12:38:18.882 18964 18981 I art     : Explicit concurrent mark sweep GC freed 1343(78KB) AllocSpace objects, 1(20KB) LOS objects, 36% free, 27MB/43MB, paused 298us total 60.861ms
08-04 12:38:18.901 18964 18981 I art     : Starting a blocking GC Explicit
08-04 12:38:18.945 18964 18981 I art     : Explicit concurrent mark sweep GC freed 20(704B) AllocSpace objects, 0(0B) LOS objects, 36% free, 27MB/43MB, paused 259us total 43.568ms
08-04 12:38:18.961 18964 18981 I art     : Starting a blocking GC Explicit
08-04 12:38:19.003 18964 18981 I art     : Explicit concurrent mark sweep GC freed 3(96B) AllocSpace objects, 0(0B) LOS objects, 36% free, 27MB/43MB, paused 265us total 41.767ms
08-04 12:38:19.018 18964 18981 I art     : Starting a blocking GC Explicit
08-04 12:38:19.061 18964 18981 I art     : Explicit concurrent mark sweep GC freed 3(96B) AllocSpace objects, 0(0B) LOS objects, 36% free, 27MB/43MB, paused 281us total 43.353ms
08-04 12:38:19.077 18964 18981 I art     : Starting a blocking GC Explicit
08-04 12:38:19.122 18964 18981 I art     : Explicit concurrent mark sweep GC freed 3(96B) AllocSpace objects, 0(0B) LOS objects, 36% free, 27MB/43MB, paused 271us total 44.459ms
08-04 12:38:19.440 18964 19193 I art     : Starting a blocking GC Explicit
08-04 12:38:19.498 18964 19193 I art     : Explicit concurrent mark sweep GC freed 1344(79KB) AllocSpace objects, 1(20KB) LOS objects, 36% free, 27MB/43MB, paused 305us total 57.072ms
08-04 12:38:19.518 18964 19193 I art     : Starting a blocking GC Explicit
08-04 12:38:19.562 18964 19193 I art     : Explicit concurrent mark sweep GC freed 20(704B) AllocSpace objects, 0(0B) LOS objects, 36% free, 27MB/43MB, paused 267us total 43.864ms
08-04 12:38:19.577 18964 19193 I art     : Starting a blocking GC Explicit
08-04 12:38:19.622 18964 19193 I art     : Explicit concurrent mark sweep GC freed 3(96B) AllocSpace objects, 0(0B) LOS objects, 36% free, 27MB/43MB, paused 266us total 44.857ms
08-04 12:38:19.638 18964 19193 I art     : Starting a blocking GC Explicit
08-04 12:38:19.681 18964 19193 I art     : Explicit concurrent mark sweep GC freed 3(96B) AllocSpace objects, 0(0B) LOS objects, 36% free, 27MB/43MB, paused 261us total 43.368ms
08-04 12:38:19.697 18964 19193 I art     : Starting a blocking GC Explicit
08-04 12:38:19.741 18964 19193 I art     : Explicit concurrent mark sweep GC freed 3(96B) AllocSpace objects, 0(0B) LOS objects, 36% free, 27MB/43MB, paused 254us total 43.927ms
08-04 12:38:20.053 18964 18992 I art     : Starting a blocking GC Explicit
08-04 12:38:20.115 18964 18992 I art     : Explicit concurrent mark sweep GC freed 1347(79KB) AllocSpace objects, 1(20KB) LOS objects, 36% free, 27MB/43MB, paused 287us total 61.838ms
08-04 12:38:20.135 18964 18992 I art     : Starting a blocking GC Explicit
08-04 12:38:20.180 18964 18992 I art     : Explicit concurrent mark sweep GC freed 20(704B) AllocSpace objects, 0(0B) LOS objects, 36% free, 27MB/43MB, paused 280us total 45.050ms
08-04 12:38:20.195 18964 18992 I art     : Starting a blocking GC Explicit
08-04 12:38:20.239 18964 18992 I art     : Explicit concurrent mark sweep GC freed 3(96B) AllocSpace objects, 0(0B) LOS objects, 36% free, 27MB/43MB, paused 252us total 43.358ms
08-04 12:38:20.254 18964 18992 I art     : Starting a blocking GC Explicit
08-04 12:38:20.296 18964 18992 I art     : Explicit concurrent mark sweep GC freed 3(96B) AllocSpace objects, 0(0B) LOS objects, 36% free, 27MB/43MB, paused 238us total 41.387ms
08-04 12:38:20.310 18964 18992 I art     : Starting a blocking GC Explicit
08-04 12:38:20.352 18964 18992 I art     : Explicit concurrent mark sweep GC freed 3(96B) AllocSpace objects, 0(0B) LOS objects, 36% free, 27MB/43MB, paused 260us total 41.564ms
08-04 12:38:20.482   518   646 I ThermalEngine: ACTION: GPU - Setting GPU[0] to 600000000
08-04 12:38:20.623 19729 19729 D AndroidRuntime: >>>>>> START com.android.internal.os.RuntimeInit uid 2000 <<<<<<
08-04 12:38:20.627 19729 19729 D AndroidRuntime: CheckJNI is OFF
08-04 12:38:20.646 18964 18980 I art     : Starting a blocking GC Explicit
08-04 12:38:20.655 19729 19729 D ICU     : No timezone override file found: /data/misc/zoneinfo/current/icu/icu_tzdata.dat
08-04 12:38:20.682 19729 19729 I Radio-JNI: register_android_hardware_Radio DONE
08-04 12:38:20.683 18964 18980 I art     : Explicit concurrent mark sweep GC freed 1344(78KB) AllocSpace objects, 1(20KB) LOS objects, 36% free, 27MB/43MB, paused 210us total 36.748ms
08-04 12:38:20.695 18964 18980 I art     : Starting a blocking GC Explicit
08-04 12:38:20.700 19729 19729 D AndroidRuntime: Calling main entry com.android.commands.input.Input
08-04 12:38:20.701 19729 19729 I Input   : injectKeyEvent: KeyEvent { action=ACTION_DOWN, keyCode=KEYCODE_BACK, scanCode=0, metaState=0, flags=0x0, repeatCount=0, eventTime=707917114, downTime=707917114, deviceId=-1, source=0x101 }
08-04 12:38:20.708 19729 19729 I Input   : injectKeyEvent: KeyEvent { action=ACTION_UP, keyCode=KEYCODE_BACK, scanCode=0, metaState=0, flags=0x0, repeatCount=0, eventTime=707917114, downTime=707917114, deviceId=-1, source=0x101 }
08-04 12:38:20.715 19729 19729 D AndroidRuntime: Shutting down VM
08-04 12:38:20.728 18964 18980 I art     : Explicit concurrent mark sweep GC freed 137(4KB) AllocSpace objects, 0(0B) LOS objects, 36% free, 27MB/43MB, paused 199us total 33.008ms
08-04 12:38:20.740 18964 18980 I art     : Starting a blocking GC Explicit
08-04 12:38:20.755 13866 13866 I GoogleInputMethodServic: GoogleInputMethodService.onFinishInput():3138 
08-04 12:38:20.755 13866 13866 I GoogleInputMethodServic: GoogleInputMethodService.onStartInput():1808 
08-04 12:38:20.772 18964 18980 I art     : Explicit concurrent mark sweep GC freed 34(1808B) AllocSpace objects, 0(0B) LOS objects, 36% free, 27MB/43MB, paused 416us total 32.123ms
08-04 12:38:20.783 18964 18980 I art     : Starting a blocking GC Explicit
08-04 12:38:20.817 18964 18980 I art     : Explicit concurrent mark sweep GC freed 98(3KB) AllocSpace objects, 0(0B) LOS objects, 36% free, 27MB/43MB, paused 272us total 33.416ms
08-04 12:38:20.828 18964 18980 I art     : Starting a blocking GC Explicit
08-04 12:38:20.860 18964 18980 I art     : Explicit concurrent mark sweep GC freed 9(336B) AllocSpace objects, 0(0B) LOS objects, 36% free, 27MB/43MB, paused 177us total 31.571ms
08-04 12:38:21.029 18964 19653 I RedditChangeDataIO: Writing tmp data file at '/data/user/0/baseline.org.quantumbadger.redreader/files/rr_change_data_tmp.dat'
08-04 12:38:21.029 18964 19653 I RedditChangeDataManager: Taking snapshot...
08-04 12:38:21.029 18964 19653 I RedditChangeDataManager: Writing to stream...
08-04 12:38:21.030 18964 19653 I RedditChangeDataManager: Wrote 1 entries for user ''
08-04 12:38:21.030 18964 19653 I RedditChangeDataManager: All entries written to stream.
08-04 12:38:21.030 18964 19653 I RedditChangeDataIO: Write successful. Atomically replacing data file...
08-04 12:38:21.030 18964 19653 I RedditChangeDataIO: Write complete.
08-04 12:38:21.030 18964 19653 I RedditChangeDataIO: 38 bytes written in 2 ms
08-04 12:38:21.084   380   380 W SurfaceFlinger: couldn't log to binary event log: overflow.
08-04 12:38:21.120 18964 18980 I art     : Starting a blocking GC Explicit
08-04 12:38:21.154 18964 18980 I art     : Explicit concurrent mark sweep GC freed 1481(86KB) AllocSpace objects, 2(88KB) LOS objects, 36% free, 27MB/43MB, paused 208us total 34.248ms
08-04 12:38:21.166 13866 13882 I PeriodicStatsRunner: PeriodicStatsRunner.call():175 call()
08-04 12:38:21.166 13866 13882 I PeriodicStatsRunner: PeriodicStatsRunner.call():179 No submit PeriodicStats since input started.
08-04 12:38:21.166 18964 18980 I art     : Starting a blocking GC Explicit
08-04 12:38:21.194 18964 18980 I art     : Explicit concurrent mark sweep GC freed 46781(2MB) AllocSpace objects, 5(140KB) LOS objects, 39% free, 24MB/40MB, paused 198us total 27.837ms
08-04 12:38:21.205 18964 18980 I art     : Starting a blocking GC Explicit
08-04 12:38:21.230 18964 18980 I art     : Explicit concurrent mark sweep GC freed 3(96B) AllocSpace objects, 0(0B) LOS objects, 39% free, 24MB/40MB, paused 209us total 25.084ms
08-04 12:38:21.241 18964 18980 I art     : Starting a blocking GC Explicit
08-04 12:38:21.265 18964 18980 I art     : Explicit concurrent mark sweep GC freed 3(96B) AllocSpace objects, 0(0B) LOS objects, 39% free, 24MB/40MB, paused 190us total 24.156ms
08-04 12:38:21.275 18964 18980 I art     : Starting a blocking GC Explicit
08-04 12:38:21.300 18964 18980 I art     : Explicit concurrent mark sweep GC freed 3(96B) AllocSpace objects, 0(0B) LOS objects, 39% free, 24MB/40MB, paused 191us total 24.702ms
08-04 12:38:21.585 18964 18992 I art     : Starting a blocking GC Explicit
08-04 12:38:21.620 18964 18992 I art     : Explicit concurrent mark sweep GC freed 1618(122KB) AllocSpace objects, 1(20KB) LOS objects, 39% free, 24MB/40MB, paused 207us total 34.209ms
08-04 12:38:21.632 18964 18992 I art     : Starting a blocking GC Explicit
08-04 12:38:21.658 18964 18992 I art     : Explicit concurrent mark sweep GC freed 85(2880B) AllocSpace objects, 0(0B) LOS objects, 39% free, 24MB/40MB, paused 182us total 25.375ms
08-04 12:38:21.668 18964 18992 I art     : Starting a blocking GC Explicit
08-04 12:38:21.693 18964 18992 I art     : Explicit concurrent mark sweep GC freed 3(96B) AllocSpace objects, 0(0B) LOS objects, 39% free, 24MB/40MB, paused 172us total 24.733ms
08-04 12:38:21.703 18964 18992 I art     : Starting a blocking GC Explicit
08-04 12:38:21.728 18964 18992 I art     : Explicit concurrent mark sweep GC freed 3(96B) AllocSpace objects, 0(0B) LOS objects, 39% free, 24MB/40MB, paused 169us total 24.730ms
08-04 12:38:21.738 18964 18992 I art     : Starting a blocking GC Explicit
08-04 12:38:21.763 18964 18992 I art     : Explicit concurrent mark sweep GC freed 3(96B) AllocSpace objects, 0(0B) LOS objects, 39% free, 24MB/40MB, paused 165us total 24.554ms
08-04 12:38:22.027 18964 18981 I art     : Starting a blocking GC Explicit
08-04 12:38:22.053 18964 18981 I art     : Explicit concurrent mark sweep GC freed 1343(78KB) AllocSpace objects, 1(20KB) LOS objects, 39% free, 24MB/40MB, paused 190us total 25.898ms
08-04 12:38:22.064 18964 18981 I art     : Starting a blocking GC Explicit
08-04 12:38:22.087 18964 18981 I art     : Explicit concurrent mark sweep GC freed 20(704B) AllocSpace objects, 0(0B) LOS objects, 39% free, 24MB/40MB, paused 170us total 23.194ms
08-04 12:38:22.097 18964 18981 I art     : Starting a blocking GC Explicit
08-04 12:38:22.120 18964 18981 I art     : Explicit concurrent mark sweep GC freed 3(96B) AllocSpace objects, 0(0B) LOS objects, 39% free, 24MB/40MB, paused 166us total 23.084ms
08-04 12:38:22.120 18964 18974 I art     : WaitForGcToComplete blocked for 10.869ms for cause HeapTrim
08-04 12:38:22.130 18964 18981 I art     : Starting a blocking GC Explicit
08-04 12:38:22.154 18964 18981 I art     : Explicit concurrent mark sweep GC freed 3(96B) AllocSpace objects, 0(0B) LOS objects, 39% free, 24MB/40MB, paused 169us total 23.379ms
08-04 12:38:22.164 18964 18981 I art     : Starting a blocking GC Explicit
08-04 12:38:22.185 18964 18981 I art     : Explicit concurrent mark sweep GC freed 3(96B) AllocSpace objects, 0(0B) LOS objects, 39% free, 24MB/40MB, paused 180us total 21.160ms
08-04 12:38:22.293 19778 19778 D AndroidRuntime: >>>>>> START com.android.internal.os.RuntimeInit uid 2000 <<<<<<
08-04 12:38:22.298 19778 19778 D AndroidRuntime: CheckJNI is OFF
08-04 12:38:22.329 19778 19778 D ICU     : No timezone override file found: /data/misc/zoneinfo/current/icu/icu_tzdata.dat
08-04 12:38:22.354 19778 19778 I Radio-JNI: register_android_hardware_Radio DONE
08-04 12:38:22.356   918  3261 D WifiStateMachine: starting scan for "H369AA63323"WPA_PSK with 2412,5180
08-04 12:38:22.371 19778 19778 D AndroidRuntime: Calling main entry com.android.commands.input.Input
08-04 12:38:22.373 19778 19778 I Input   : injectMotionEvent: MotionEvent { action=ACTION_DOWN, actionButton=0, id[0]=0, x[0]=600.0, y[0]=950.0, toolType[0]=TOOL_TYPE_UNKNOWN, buttonState=0, metaState=0, flags=0x0, edgeFlags=0x0, pointerCount=1, historySize=0, eventTime=707918786, downTime=707918786, deviceId=0, source=0x1002 }
08-04 12:38:22.378 19778 19778 I Input   : injectMotionEvent: MotionEvent { action=ACTION_UP, actionButton=0, id[0]=0, x[0]=600.0, y[0]=950.0, toolType[0]=TOOL_TYPE_UNKNOWN, buttonState=0, metaState=0, flags=0x0, edgeFlags=0x0, pointerCount=1, historySize=0, eventTime=707918786, downTime=707918786, deviceId=0, source=0x1002 }
08-04 12:38:22.380 19778 19778 D AndroidRuntime: Shutting down VM
08-04 12:38:22.391   512  2967 D audio_hw_primary: out_set_parameters: enter: usecase(1: low-latency-playback) kvpairs: routing=2
08-04 12:38:22.392   918  3670 I ActivityManager: START u0 {dat=https://oauth.reddit.com/... cmp=baseline.org.quantumbadger.redreader/.activities.CommentListingActivity} from uid 10666 on display 0
08-04 12:38:22.404   512  2967 D audio_hw_primary: select_devices: out_snd_device(2: speaker) in_snd_device(0: none)
08-04 12:38:22.405   512  2967 D msm8974_platform: platform_send_audio_calibration: sending audio calibration for snd_device(2) acdb_id(15)
08-04 12:38:22.405   512  2967 I soundtrigger: audio_extn_sound_trigger_update_device_status: device 0x2 of type 0 for Event 1
08-04 12:38:22.416 18964 18964 I AppCompatViewInflater: app:theme is now deprecated. Please move to using android:theme instead.
08-04 12:38:22.417   512  2967 D audio_hw_primary: enable_snd_device: snd_device(2: speaker)
08-04 12:38:22.419   512  2967 D audio_hw_primary: enable_audio_route: apply and update mixer path: low-latency-playback speaker
08-04 12:38:22.431 18964 19807 D OK      : calling: https://oauth.reddit.com/comments/hwnhe2/.json?sort=confidence
08-04 12:38:22.440 18964 18980 I art     : Starting a blocking GC Explicit
08-04 12:38:22.462 18964 18980 I art     : Explicit concurrent mark sweep GC freed 3418(192KB) AllocSpace objects, 1(20KB) LOS objects, 39% free, 24MB/40MB, paused 208us total 22.126ms
08-04 12:38:22.472 18964 18980 I art     : Starting a blocking GC Explicit
08-04 12:38:22.494   918   936 I ActivityManager: Displayed baseline.org.quantumbadger.redreader/.activities.CommentListingActivity: +94ms
08-04 12:38:22.495 13866 13866 I GoogleInputMethodServic: GoogleInputMethodService.onFinishInput():3138 
08-04 12:38:22.495 13866 13866 I GoogleInputMethodServic: GoogleInputMethodService.onStartInput():1808 
08-04 12:38:22.496 18964 18980 I art     : Explicit concurrent mark sweep GC freed 928(36KB) AllocSpace objects, 0(0B) LOS objects, 38% free, 25MB/41MB, paused 235us total 23.655ms
08-04 12:38:22.507 18964 18980 I art     : Starting a blocking GC Explicit
08-04 12:38:22.532 18964 18980 I art     : Explicit concurrent mark sweep GC freed 168(9KB) AllocSpace objects, 0(0B) LOS objects, 38% free, 25MB/41MB, paused 212us total 24.872ms
08-04 12:38:22.542 18964 18980 I art     : Starting a blocking GC Explicit
08-04 12:38:22.564 18964 18980 I art     : Explicit concurrent mark sweep GC freed 75(5KB) AllocSpace objects, 0(0B) LOS objects, 38% free, 25MB/41MB, paused 191us total 22.147ms
08-04 12:38:22.574 18964 18980 I art     : Starting a blocking GC Explicit
08-04 12:38:22.599 18964 18980 I art     : Explicit concurrent mark sweep GC freed 9(400B) AllocSpace objects, 0(0B) LOS objects, 38% free, 25MB/41MB, paused 211us total 24.271ms
08-04 12:38:22.759   380   380 W SurfaceFlinger: couldn't log to binary event log: overflow.
08-04 12:38:22.790 18964 19807 I NAPPA_EXPERIMENTATION: MetricNetworkRequestExecutionTime: REQUEST_DURATION_SYSTEM='358',REQUEST_DURATION_OKHTTP='147',REQUEST_SYNCHRONOUS='TRUE',RESPONSE_CODE='200',RESPONSE_METHOD='GET',RESPONSE_LENGTH_OKHTTP='-1',RESPONSE_LENGTH_HEADER='3930',REQUEST_PROTOCOL='h2',REQUEST_URL='https://oauth.reddit.com/comments/hwnhe2/.json?sort=confidence',
08-04 12:38:22.790 18964 19807 D OK      : request got status: 200
08-04 12:38:22.794 18964 19540 I CommentListingActivity: COMMENTS session changed to e81548a3-57d7-49b3-8291-db34390439eb
08-04 12:38:22.854 18964 18981 I art     : Starting a blocking GC Explicit
08-04 12:38:22.880 18964 18981 I art     : Explicit concurrent mark sweep GC freed 7863(549KB) AllocSpace objects, 5(188KB) LOS objects, 38% free, 25MB/41MB, paused 232us total 25.821ms
08-04 12:38:22.889 18964 18981 I art     : Starting a blocking GC Explicit
08-04 12:38:22.911 18964 18981 I art     : Explicit concurrent mark sweep GC freed 281(10KB) AllocSpace objects, 0(0B) LOS objects, 38% free, 25MB/41MB, paused 201us total 21.854ms
08-04 12:38:22.921 18964 18981 I art     : Starting a blocking GC Explicit
08-04 12:38:22.942 18964 18981 I art     : Explicit concurrent mark sweep GC freed 8(256B) AllocSpace objects, 0(0B) LOS objects, 38% free, 25MB/41MB, paused 167us total 21.569ms
08-04 12:38:22.952 18964 18981 I art     : Starting a blocking GC Explicit
08-04 12:38:22.958   512  2967 D audio_hw_primary: disable_audio_route: reset and update mixer path: low-latency-playback speaker
08-04 12:38:22.959   512  2967 D audio_hw_primary: disable_snd_device: snd_device(2: speaker)
08-04 12:38:22.966   512  2967 I soundtrigger: audio_extn_sound_trigger_update_device_status: device 0x2 of type 0 for Event 0
08-04 12:38:22.972 18964 18981 I art     : Explicit concurrent mark sweep GC freed 3(96B) AllocSpace objects, 0(0B) LOS objects, 38% free, 25MB/41MB, paused 161us total 20.592ms
08-04 12:38:22.982 18964 18981 I art     : Starting a blocking GC Explicit
08-04 12:38:23.002 18964 18981 I art     : Explicit concurrent mark sweep GC freed 3(96B) AllocSpace objects, 0(0B) LOS objects, 38% free, 25MB/41MB, paused 189us total 20.764ms
08-04 12:38:23.276 18964 18980 I art     : Starting a blocking GC Explicit
08-04 12:38:23.302 18964 18980 I art     : Explicit concurrent mark sweep GC freed 1343(79KB) AllocSpace objects, 1(20KB) LOS objects, 38% free, 25MB/41MB, paused 198us total 25.632ms
08-04 12:38:23.312 18964 18980 I art     : Starting a blocking GC Explicit
08-04 12:38:23.335 18964 18980 I art     : Explicit concurrent mark sweep GC freed 20(704B) AllocSpace objects, 0(0B) LOS objects, 38% free, 25MB/41MB, paused 182us total 22.562ms
08-04 12:38:23.344 18964 18980 I art     : Starting a blocking GC Explicit
08-04 12:38:23.367 18964 18980 I art     : Explicit concurrent mark sweep GC freed 3(96B) AllocSpace objects, 0(0B) LOS objects, 38% free, 25MB/41MB, paused 184us total 23.100ms
08-04 12:38:23.377 18964 18980 I art     : Starting a blocking GC Explicit
08-04 12:38:23.399 18964 18980 I art     : Explicit concurrent mark sweep GC freed 3(96B) AllocSpace objects, 0(0B) LOS objects, 38% free, 25MB/41MB, paused 178us total 22.446ms
08-04 12:38:23.409 18964 18980 I art     : Starting a blocking GC Explicit
08-04 12:38:23.431 18964 18980 I art     : Explicit concurrent mark sweep GC freed 3(96B) AllocSpace objects, 0(0B) LOS objects, 38% free, 25MB/41MB, paused 177us total 22.052ms
08-04 12:38:23.485   518   646 I ThermalEngine: ACTION: GPU - Setting GPU[0] to 510000000
08-04 12:38:23.692 18964 18981 I art     : Starting a blocking GC Explicit
08-04 12:38:23.733 18964 18981 I art     : Explicit concurrent mark sweep GC freed 1389(81KB) AllocSpace objects, 1(20KB) LOS objects, 38% free, 25MB/41MB, paused 288us total 40.303ms
08-04 12:38:23.749 18964 18981 I art     : Starting a blocking GC Explicit
08-04 12:38:23.782 18964 18981 I art     : Explicit concurrent mark sweep GC freed 20(704B) AllocSpace objects, 0(0B) LOS objects, 38% free, 25MB/41MB, paused 269us total 32.950ms
08-04 12:38:23.796 18964 18981 I art     : Starting a blocking GC Explicit
08-04 12:38:23.829 18964 18981 I art     : Explicit concurrent mark sweep GC freed 3(96B) AllocSpace objects, 0(0B) LOS objects, 38% free, 25MB/41MB, paused 266us total 33.212ms
08-04 12:38:23.843 18964 18981 I art     : Starting a blocking GC Explicit
08-04 12:38:23.875 18964 18981 I art     : Explicit concurrent mark sweep GC freed 3(96B) AllocSpace objects, 0(0B) LOS objects, 38% free, 25MB/41MB, paused 260us total 32.469ms
08-04 12:38:23.889 18964 18981 I art     : Starting a blocking GC Explicit
08-04 12:38:23.923 18964 18981 I art     : Explicit concurrent mark sweep GC freed 3(96B) AllocSpace objects, 0(0B) LOS objects, 38% free, 25MB/41MB, paused 265us total 33.732ms
08-04 12:38:24.221 18964 19193 I art     : Starting a blocking GC Explicit
08-04 12:38:24.267 18964 19193 I art     : Explicit concurrent mark sweep GC freed 1343(79KB) AllocSpace objects, 1(20KB) LOS objects, 38% free, 25MB/41MB, paused 300us total 46.119ms
08-04 12:38:24.285 18964 19193 I art     : Starting a blocking GC Explicit
08-04 12:38:24.318 18964 19193 I art     : Explicit concurrent mark sweep GC freed 20(704B) AllocSpace objects, 0(0B) LOS objects, 38% free, 25MB/41MB, paused 261us total 32.663ms
08-04 12:38:24.331 18964 19193 I art     : Starting a blocking GC Explicit
08-04 12:38:24.364 18964 19193 I art     : Explicit concurrent mark sweep GC freed 3(96B) AllocSpace objects, 0(0B) LOS objects, 38% free, 25MB/41MB, paused 264us total 32.652ms
08-04 12:38:24.378 18964 19193 I art     : Starting a blocking GC Explicit
08-04 12:38:24.411 18964 19193 I art     : Explicit concurrent mark sweep GC freed 3(96B) AllocSpace objects, 0(0B) LOS objects, 38% free, 25MB/41MB, paused 266us total 33.105ms
08-04 12:38:24.425 18964 19193 I art     : Starting a blocking GC Explicit
08-04 12:38:24.458 18964 19193 I art     : Explicit concurrent mark sweep GC freed 3(96B) AllocSpace objects, 0(0B) LOS objects, 38% free, 25MB/41MB, paused 289us total 32.782ms
08-04 12:38:24.793 18964 18980 I art     : Starting a blocking GC Explicit
08-04 12:38:24.834 18964 18980 I art     : Explicit concurrent mark sweep GC freed 1343(79KB) AllocSpace objects, 1(20KB) LOS objects, 38% free, 25MB/41MB, paused 284us total 41.267ms
08-04 12:38:24.852 18964 18980 I art     : Starting a blocking GC Explicit
08-04 12:38:24.885 18964 18980 I art     : Explicit concurrent mark sweep GC freed 20(704B) AllocSpace objects, 0(0B) LOS objects, 38% free, 25MB/41MB, paused 253us total 32.928ms
08-04 12:38:24.898 18964 18980 I art     : Starting a blocking GC Explicit
08-04 12:38:24.932 18964 18980 I art     : Explicit concurrent mark sweep GC freed 3(96B) AllocSpace objects, 0(0B) LOS objects, 38% free, 25MB/41MB, paused 265us total 32.877ms
08-04 12:38:24.945 18964 18980 I art     : Starting a blocking GC Explicit
08-04 12:38:24.979 18964 18980 I art     : Explicit concurrent mark sweep GC freed 3(96B) AllocSpace objects, 0(0B) LOS objects, 38% free, 25MB/41MB, paused 261us total 33.095ms
08-04 12:38:24.992 18964 18980 I art     : Starting a blocking GC Explicit
08-04 12:38:25.026 18964 18980 I art     : Explicit concurrent mark sweep GC freed 3(96B) AllocSpace objects, 0(0B) LOS objects, 38% free, 25MB/41MB, paused 308us total 33.252ms
08-04 12:38:25.195   918  3188 I hubconnection: sensorhub said: 'set_bias 3: -5.8560, 0.0000, 0.0000'
08-04 12:38:25.334 18964 18992 I art     : Starting a blocking GC Explicit
08-04 12:38:25.377 18964 18992 I art     : Explicit concurrent mark sweep GC freed 1344(79KB) AllocSpace objects, 1(20KB) LOS objects, 38% free, 25MB/41MB, paused 278us total 42.133ms
08-04 12:38:25.395 18964 18992 I art     : Starting a blocking GC Explicit
08-04 12:38:25.428 18964 18992 I art     : Explicit concurrent mark sweep GC freed 20(704B) AllocSpace objects, 0(0B) LOS objects, 38% free, 25MB/41MB, paused 272us total 32.862ms
08-04 12:38:25.441 18964 18992 I art     : Starting a blocking GC Explicit
08-04 12:38:25.474 18964 18992 I art     : Explicit concurrent mark sweep GC freed 3(96B) AllocSpace objects, 0(0B) LOS objects, 38% free, 25MB/41MB, paused 260us total 32.848ms
08-04 12:38:25.488 18964 18992 I art     : Starting a blocking GC Explicit
08-04 12:38:25.521 18964 18992 I art     : Explicit concurrent mark sweep GC freed 3(96B) AllocSpace objects, 0(0B) LOS objects, 38% free, 25MB/41MB, paused 269us total 32.725ms
08-04 12:38:25.534 18964 18992 I art     : Starting a blocking GC Explicit
08-04 12:38:25.567 18964 18992 I art     : Explicit concurrent mark sweep GC freed 3(96B) AllocSpace objects, 0(0B) LOS objects, 38% free, 25MB/41MB, paused 259us total 31.910ms
08-04 12:38:25.755 13866 13882 I PeriodicStatsRunner: PeriodicStatsRunner.call():175 call()
08-04 12:38:25.756 13866 13882 I PeriodicStatsRunner: PeriodicStatsRunner.call():179 No submit PeriodicStats since input started.
08-04 12:38:25.885 18964 18981 I art     : Starting a blocking GC Explicit
08-04 12:38:25.921 18964 18981 I art     : Explicit concurrent mark sweep GC freed 1347(79KB) AllocSpace objects, 1(20KB) LOS objects, 38% free, 25MB/41MB, paused 254us total 35.833ms
08-04 12:38:25.934 18964 18981 I art     : Starting a blocking GC Explicit
08-04 12:38:25.962 18964 18981 I art     : Explicit concurrent mark sweep GC freed 20(704B) AllocSpace objects, 0(0B) LOS objects, 38% free, 25MB/41MB, paused 246us total 28.408ms
08-04 12:38:25.975 18964 18981 I art     : Starting a blocking GC Explicit
08-04 12:38:26.007 18964 18981 I art     : Explicit concurrent mark sweep GC freed 3(96B) AllocSpace objects, 0(0B) LOS objects, 38% free, 25MB/41MB, paused 365us total 31.326ms
08-04 12:38:26.020 18964 18981 I art     : Starting a blocking GC Explicit
08-04 12:38:26.052 18964 18981 I art     : Explicit concurrent mark sweep GC freed 3(96B) AllocSpace objects, 0(0B) LOS objects, 38% free, 25MB/41MB, paused 261us total 31.956ms
08-04 12:38:26.066 18964 18981 I art     : Starting a blocking GC Explicit
08-04 12:38:26.098 18964 18981 I art     : Explicit concurrent mark sweep GC freed 3(96B) AllocSpace objects, 0(0B) LOS objects, 38% free, 25MB/41MB, paused 262us total 32.456ms
08-04 12:38:26.402 18964 19193 I art     : Starting a blocking GC Explicit
08-04 12:38:26.443 18964 19193 I art     : Explicit concurrent mark sweep GC freed 1344(79KB) AllocSpace objects, 1(20KB) LOS objects, 38% free, 25MB/41MB, paused 276us total 40.904ms
08-04 12:38:26.462 18964 19193 I art     : Starting a blocking GC Explicit
08-04 12:38:26.493 18964 19193 I art     : Explicit concurrent mark sweep GC freed 20(704B) AllocSpace objects, 0(0B) LOS objects, 38% free, 25MB/41MB, paused 248us total 30.375ms
08-04 12:38:26.506 18964 19193 I art     : Starting a blocking GC Explicit
08-04 12:38:26.538 18964 19193 I art     : Explicit concurrent mark sweep GC freed 3(96B) AllocSpace objects, 0(0B) LOS objects, 38% free, 25MB/41MB, paused 263us total 31.975ms
08-04 12:38:26.551 18964 19193 I art     : Starting a blocking GC Explicit
08-04 12:38:26.584 18964 19193 I art     : Explicit concurrent mark sweep GC freed 3(96B) AllocSpace objects, 0(0B) LOS objects, 38% free, 25MB/41MB, paused 255us total 32.296ms
08-04 12:38:26.597 18964 19193 I art     : Starting a blocking GC Explicit
08-04 12:38:26.628 18964 19193 I art     : Explicit concurrent mark sweep GC freed 3(96B) AllocSpace objects, 0(0B) LOS objects, 38% free, 25MB/41MB, paused 260us total 30.871ms
08-04 12:38:26.902 18964 18980 I art     : Starting a blocking GC Explicit
08-04 12:38:26.935 18964 18980 I art     : Explicit concurrent mark sweep GC freed 1343(79KB) AllocSpace objects, 1(20KB) LOS objects, 38% free, 25MB/41MB, paused 267us total 32.620ms
08-04 12:38:26.949 18964 18980 I art     : Starting a blocking GC Explicit
08-04 12:38:26.980 18964 18980 I art     : Explicit concurrent mark sweep GC freed 20(704B) AllocSpace objects, 0(0B) LOS objects, 38% free, 25MB/41MB, paused 263us total 31.404ms
08-04 12:38:26.994 18964 18980 I art     : Starting a blocking GC Explicit
08-04 12:38:27.025 18964 18980 I art     : Explicit concurrent mark sweep GC freed 3(96B) AllocSpace objects, 0(0B) LOS objects, 38% free, 25MB/41MB, paused 254us total 30.985ms
08-04 12:38:27.038 18964 18980 I art     : Starting a blocking GC Explicit
08-04 12:38:27.066 19890 19890 D AndroidRuntime: >>>>>> START com.android.internal.os.RuntimeInit uid 2000 <<<<<<
08-04 12:38:27.069 18964 18980 I art     : Explicit concurrent mark sweep GC freed 3(96B) AllocSpace objects, 0(0B) LOS objects, 38% free, 25MB/41MB, paused 261us total 30.798ms
08-04 12:38:27.071 19890 19890 D AndroidRuntime: CheckJNI is OFF
08-04 12:38:27.082 18964 18980 I art     : Starting a blocking GC Explicit
08-04 12:38:27.106 19890 19890 D ICU     : No timezone override file found: /data/misc/zoneinfo/current/icu/icu_tzdata.dat
08-04 12:38:27.113 18964 18980 I art     : Explicit concurrent mark sweep GC freed 3(96B) AllocSpace objects, 0(0B) LOS objects, 38% free, 25MB/41MB, paused 259us total 30.425ms
08-04 12:38:27.141 19890 19890 I Radio-JNI: register_android_hardware_Radio DONE
08-04 12:38:27.163 19890 19890 D AndroidRuntime: Calling main entry com.android.commands.input.Input
08-04 12:38:27.164 19890 19890 I Input   : injectKeyEvent: KeyEvent { action=ACTION_DOWN, keyCode=KEYCODE_BACK, scanCode=0, metaState=0, flags=0x0, repeatCount=0, eventTime=707923577, downTime=707923577, deviceId=-1, source=0x101 }
08-04 12:38:27.171 19890 19890 I Input   : injectKeyEvent: KeyEvent { action=ACTION_UP, keyCode=KEYCODE_BACK, scanCode=0, metaState=0, flags=0x0, repeatCount=0, eventTime=707923577, downTime=707923577, deviceId=-1, source=0x101 }
08-04 12:38:27.176 19890 19890 D AndroidRuntime: Shutting down VM
08-04 12:38:27.222 13866 13866 I GoogleInputMethodServic: GoogleInputMethodService.onFinishInput():3138 
08-04 12:38:27.223 13866 13866 I GoogleInputMethodServic: GoogleInputMethodService.onStartInput():1808 
08-04 12:38:27.353 18964 19193 I art     : Starting a blocking GC Explicit
08-04 12:38:27.401 18964 19193 I art     : Explicit concurrent mark sweep GC freed 1586(87KB) AllocSpace objects, 1(20KB) LOS objects, 38% free, 25MB/41MB, paused 319us total 47.577ms
08-04 12:38:27.405 18964 19806 I RedditChangeDataIO: Writing tmp data file at '/data/user/0/baseline.org.quantumbadger.redreader/files/rr_change_data_tmp.dat'
08-04 12:38:27.405 18964 19806 I RedditChangeDataManager: Taking snapshot...
08-04 12:38:27.405 18964 19806 I RedditChangeDataManager: Writing to stream...
08-04 12:38:27.405 18964 19806 I RedditChangeDataManager: Wrote 2 entries for user ''
08-04 12:38:27.405 18964 19806 I RedditChangeDataManager: All entries written to stream.
08-04 12:38:27.406 18964 19806 I RedditChangeDataIO: Write successful. Atomically replacing data file...
08-04 12:38:27.406 18964 19806 I RedditChangeDataIO: Write complete.
08-04 12:38:27.406 18964 19806 I RedditChangeDataIO: 62 bytes written in 2 ms
08-04 12:38:27.416 18964 19193 I art     : Starting a blocking GC Explicit
08-04 12:38:27.452 18964 19193 I art     : Explicit concurrent mark sweep GC freed 100(5KB) AllocSpace objects, 1(68KB) LOS objects, 38% free, 25MB/41MB, paused 224us total 36.044ms
08-04 12:38:27.466 18964 19193 I art     : Starting a blocking GC Explicit
08-04 12:38:27.497 13866 13882 I PeriodicStatsRunner: PeriodicStatsRunner.call():175 call()
08-04 12:38:27.497 13866 13882 I PeriodicStatsRunner: PeriodicStatsRunner.call():179 No submit PeriodicStats since input started.
08-04 12:38:27.505 18964 19193 I art     : Explicit concurrent mark sweep GC freed 6(192B) AllocSpace objects, 0(0B) LOS objects, 38% free, 25MB/41MB, paused 254us total 39.253ms
08-04 12:38:27.519 18964 19193 I art     : Starting a blocking GC Explicit
08-04 12:38:27.525   380   380 W SurfaceFlinger: couldn't log to binary event log: overflow.
08-04 12:38:27.551 18964 19193 I art     : Explicit concurrent mark sweep GC freed 54(2032B) AllocSpace objects, 0(0B) LOS objects, 38% free, 25MB/41MB, paused 225us total 30.804ms
08-04 12:38:27.563 18964 19193 I art     : Starting a blocking GC Explicit
08-04 12:38:27.590 18964 19193 I art     : Explicit concurrent mark sweep GC freed 113(5KB) AllocSpace objects, 0(0B) LOS objects, 38% free, 25MB/41MB, paused 265us total 27.290ms
08-04 12:38:27.869 18964 18992 I art     : Starting a blocking GC Explicit
08-04 12:38:27.910 18964 18992 I art     : Explicit concurrent mark sweep GC freed 5303(419KB) AllocSpace objects, 6(160KB) LOS objects, 39% free, 24MB/40MB, paused 265us total 39.981ms
08-04 12:38:27.927 18964 18992 I art     : Starting a blocking GC Explicit
08-04 12:38:27.958 18964 18992 I art     : Explicit concurrent mark sweep GC freed 85(2880B) AllocSpace objects, 0(0B) LOS objects, 39% free, 24MB/40MB, paused 237us total 30.735ms
08-04 12:38:27.972 18964 18992 I art     : Starting a blocking GC Explicit
08-04 12:38:28.002 18964 18992 I art     : Explicit concurrent mark sweep GC freed 3(96B) AllocSpace objects, 0(0B) LOS objects, 39% free, 24MB/40MB, paused 240us total 30.518ms
08-04 12:38:28.016 18964 18992 I art     : Starting a blocking GC Explicit
08-04 12:38:28.047 18964 18992 I art     : Explicit concurrent mark sweep GC freed 3(96B) AllocSpace objects, 0(0B) LOS objects, 39% free, 24MB/40MB, paused 251us total 30.838ms
08-04 12:38:28.060 18964 18992 I art     : Starting a blocking GC Explicit
08-04 12:38:28.091 18964 18992 I art     : Explicit concurrent mark sweep GC freed 3(96B) AllocSpace objects, 0(0B) LOS objects, 39% free, 24MB/40MB, paused 235us total 30.625ms
08-04 12:38:28.128 18870 18870 I ServiceManager: Waiting for service AtCmdFwd...
08-04 12:38:28.360 18964 18980 I art     : Starting a blocking GC Explicit
08-04 12:38:28.387 18964 18980 I art     : Explicit concurrent mark sweep GC freed 1343(79KB) AllocSpace objects, 1(20KB) LOS objects, 39% free, 24MB/40MB, paused 239us total 27.093ms
08-04 12:38:28.400 18964 18980 I art     : Starting a blocking GC Explicit
08-04 12:38:28.428 18964 18980 I art     : Explicit concurrent mark sweep GC freed 23(816B) AllocSpace objects, 0(0B) LOS objects, 39% free, 24MB/40MB, paused 243us total 27.832ms
08-04 12:38:28.440 18964 18980 I art     : Starting a blocking GC Explicit
08-04 12:38:28.469 18964 18980 I art     : Explicit concurrent mark sweep GC freed 15(544B) AllocSpace objects, 0(0B) LOS objects, 39% free, 24MB/40MB, paused 232us total 28.565ms
08-04 12:38:28.482 18964 18980 I art     : Starting a blocking GC Explicit
08-04 12:38:28.511 18964 18980 I art     : Explicit concurrent mark sweep GC freed 3(96B) AllocSpace objects, 0(0B) LOS objects, 39% free, 24MB/40MB, paused 231us total 28.873ms
08-04 12:38:28.524 18964 18980 I art     : Starting a blocking GC Explicit
08-04 12:38:28.552 18964 18980 I art     : Explicit concurrent mark sweep GC freed 3(96B) AllocSpace objects, 0(0B) LOS objects, 39% free, 24MB/40MB, paused 230us total 28.582ms
08-04 12:38:28.816 18964 18992 I art     : Starting a blocking GC Explicit
08-04 12:38:28.824 19943 19943 D AndroidRuntime: >>>>>> START com.android.internal.os.RuntimeInit uid 2000 <<<<<<
08-04 12:38:28.829 19943 19943 D AndroidRuntime: CheckJNI is OFF
08-04 12:38:28.847 18964 18992 I art     : Explicit concurrent mark sweep GC freed 1343(79KB) AllocSpace objects, 1(20KB) LOS objects, 39% free, 24MB/40MB, paused 289us total 31.425ms
08-04 12:38:28.860 18964 18992 I art     : Starting a blocking GC Explicit
08-04 12:38:28.867 19943 19943 D ICU     : No timezone override file found: /data/misc/zoneinfo/current/icu/icu_tzdata.dat
08-04 12:38:28.890 18964 18992 I art     : Explicit concurrent mark sweep GC freed 20(704B) AllocSpace objects, 0(0B) LOS objects, 39% free, 24MB/40MB, paused 357us total 30.119ms
08-04 12:38:28.902 19943 19943 I Radio-JNI: register_android_hardware_Radio DONE
08-04 12:38:28.903 18964 18992 I art     : Starting a blocking GC Explicit
08-04 12:38:28.925 19943 19943 D AndroidRuntime: Calling main entry com.android.commands.input.Input
08-04 12:38:28.927 19943 19943 I Input   : injectMotionEvent: MotionEvent { action=ACTION_DOWN, actionButton=0, id[0]=0, x[0]=600.0, y[0]=1200.0, toolType[0]=TOOL_TYPE_UNKNOWN, buttonState=0, metaState=0, flags=0x0, edgeFlags=0x0, pointerCount=1, historySize=0, eventTime=707925339, downTime=707925339, deviceId=0, source=0x1002 }
08-04 12:38:28.933 18964 18992 I art     : Explicit concurrent mark sweep GC freed 3(96B) AllocSpace objects, 0(0B) LOS objects, 39% free, 24MB/40MB, paused 244us total 29.698ms
08-04 12:38:28.934 19943 19943 I Input   : injectMotionEvent: MotionEvent { action=ACTION_UP, actionButton=0, id[0]=0, x[0]=600.0, y[0]=1200.0, toolType[0]=TOOL_TYPE_UNKNOWN, buttonState=0, metaState=0, flags=0x0, edgeFlags=0x0, pointerCount=1, historySize=0, eventTime=707925339, downTime=707925339, deviceId=0, source=0x1002 }
08-04 12:38:28.935 19943 19943 D AndroidRuntime: Shutting down VM
08-04 12:38:28.946 18964 18992 I art     : Starting a blocking GC Explicit
08-04 12:38:28.947   512  2967 D audio_hw_primary: out_set_parameters: enter: usecase(1: low-latency-playback) kvpairs: routing=2
08-04 12:38:28.951   918   929 I ActivityManager: START u0 {dat=https://oauth.reddit.com/... cmp=baseline.org.quantumbadger.redreader/.activities.CommentListingActivity} from uid 10666 on display 0
08-04 12:38:28.960   512  2967 D audio_hw_primary: select_devices: out_snd_device(2: speaker) in_snd_device(0: none)
08-04 12:38:28.960   512  2967 D msm8974_platform: platform_send_audio_calibration: sending audio calibration for snd_device(2) acdb_id(15)
08-04 12:38:28.961   512  2967 I soundtrigger: audio_extn_sound_trigger_update_device_status: device 0x2 of type 0 for Event 1
08-04 12:38:28.970   512  2967 D audio_hw_primary: enable_snd_device: snd_device(2: speaker)
08-04 12:38:28.972   512  2967 D audio_hw_primary: enable_audio_route: apply and update mixer path: low-latency-playback speaker
08-04 12:38:28.977 18964 18992 I art     : Explicit concurrent mark sweep GC freed 380(20KB) AllocSpace objects, 0(0B) LOS objects, 39% free, 24MB/40MB, paused 459us total 31.072ms
08-04 12:38:28.978 18964 18964 I AppCompatViewInflater: app:theme is now deprecated. Please move to using android:theme instead.
08-04 12:38:28.990 18964 18992 I art     : Starting a blocking GC Explicit
08-04 12:38:28.997 18964 19968 D OK      : calling: https://oauth.reddit.com/comments/hza888/.json?sort=confidence
08-04 12:38:29.018 18964 18992 I art     : Explicit concurrent mark sweep GC freed 1753(95KB) AllocSpace objects, 0(0B) LOS objects, 39% free, 24MB/40MB, paused 362us total 27.834ms
08-04 12:38:29.074   918   936 I ActivityManager: Displayed baseline.org.quantumbadger.redreader/.activities.CommentListingActivity: +114ms
08-04 12:38:29.074 13866 13866 I GoogleInputMethodServic: GoogleInputMethodService.onFinishInput():3138 
08-04 12:38:29.075 13866 13866 I GoogleInputMethodServic: GoogleInputMethodService.onStartInput():1808 
08-04 12:38:29.129 18870 18870 I ServiceManager: Waiting for service AtCmdFwd...
08-04 12:38:29.261 18964 18980 I art     : Starting a blocking GC Explicit
08-04 12:38:29.303 18964 18980 I art     : Explicit concurrent mark sweep GC freed 4214(194KB) AllocSpace objects, 1(20KB) LOS objects, 38% free, 25MB/41MB, paused 307us total 41.661ms
08-04 12:38:29.310   380   380 W SurfaceFlinger: couldn't log to binary event log: overflow.
08-04 12:38:29.318 18964 18980 I art     : Starting a blocking GC Explicit
08-04 12:38:29.346 18964 18980 I art     : Explicit concurrent mark sweep GC freed 230(11KB) AllocSpace objects, 0(0B) LOS objects, 39% free, 25MB/41MB, paused 298us total 27.466ms
08-04 12:38:29.359 18964 18980 I art     : Starting a blocking GC Explicit
08-04 12:38:29.386 18964 18980 I art     : Explicit concurrent mark sweep GC freed 33(1472B) AllocSpace objects, 0(0B) LOS objects, 39% free, 25MB/41MB, paused 257us total 26.790ms
08-04 12:38:29.398 18964 18980 I art     : Starting a blocking GC Explicit
08-04 12:38:29.426 18964 18980 I art     : Explicit concurrent mark sweep GC freed 7(256B) AllocSpace objects, 0(0B) LOS objects, 39% free, 25MB/41MB, paused 269us total 27.885ms
08-04 12:38:29.430 18964 19968 I NAPPA_EXPERIMENTATION: MetricNetworkRequestExecutionTime: REQUEST_DURATION_SYSTEM='433',REQUEST_DURATION_OKHTTP='141',REQUEST_SYNCHRONOUS='TRUE',RESPONSE_CODE='200',RESPONSE_METHOD='GET',RESPONSE_LENGTH_OKHTTP='-1',RESPONSE_LENGTH_HEADER='21928',REQUEST_PROTOCOL='h2',REQUEST_URL='https://oauth.reddit.com/comments/hza888/.json?sort=confidence',
08-04 12:38:29.431 18964 19968 D OK      : request got status: 200
08-04 12:38:29.440 18964 18980 I art     : Starting a blocking GC Explicit
08-04 12:38:29.453 18964 19540 I CommentListingActivity: COMMENTS session changed to 2dee27b4-c9c3-4c48-831a-1ff7aca7d072
08-04 12:38:29.475 18964 18980 I art     : Explicit concurrent mark sweep GC freed 1690(119KB) AllocSpace objects, 0(0B) LOS objects, 38% free, 25MB/41MB, paused 506us total 34.942ms
08-04 12:38:29.518   512  2967 D audio_hw_primary: disable_audio_route: reset and update mixer path: low-latency-playback speaker
08-04 12:38:29.519   512  2967 D audio_hw_primary: disable_snd_device: snd_device(2: speaker)
08-04 12:38:29.527   512  2967 I soundtrigger: audio_extn_sound_trigger_update_device_status: device 0x2 of type 0 for Event 0
08-04 12:38:29.737 18964 18992 I art     : Starting a blocking GC Explicit
08-04 12:38:29.777 18964 18992 I art     : Explicit concurrent mark sweep GC freed 17788(1038KB) AllocSpace objects, 3(156KB) LOS objects, 37% free, 26MB/42MB, paused 253us total 40.180ms
08-04 12:38:29.792 18964 18992 I art     : Starting a blocking GC Explicit
08-04 12:38:29.828 18964 18992 I art     : Explicit concurrent mark sweep GC freed 84(4KB) AllocSpace objects, 0(0B) LOS objects, 37% free, 26MB/42MB, paused 276us total 35.946ms
08-04 12:38:29.841 18964 18992 I art     : Starting a blocking GC Explicit
08-04 12:38:29.876 18964 18992 I art     : Explicit concurrent mark sweep GC freed 3(96B) AllocSpace objects, 0(0B) LOS objects, 37% free, 26MB/42MB, paused 252us total 34.608ms
08-04 12:38:29.890 18964 18992 I art     : Starting a blocking GC Explicit
08-04 12:38:29.926 18964 18992 I art     : Explicit concurrent mark sweep GC freed 3(96B) AllocSpace objects, 0(0B) LOS objects, 37% free, 26MB/42MB, paused 279us total 35.811ms
08-04 12:38:29.940 18964 18992 I art     : Starting a blocking GC Explicit
08-04 12:38:29.974 18964 18992 I art     : Explicit concurrent mark sweep GC freed 3(96B) AllocSpace objects, 0(0B) LOS objects, 37% free, 26MB/42MB, paused 236us total 33.637ms
08-04 12:38:30.129 18870 18870 I ServiceManager: Waiting for service AtCmdFwd...
08-04 12:38:30.269 18964 19193 I art     : Starting a blocking GC Explicit
08-04 12:38:30.313 18964 19193 I art     : Explicit concurrent mark sweep GC freed 1343(80KB) AllocSpace objects, 1(20KB) LOS objects, 37% free, 26MB/42MB, paused 285us total 44.006ms
08-04 12:38:30.333 18964 19193 I art     : Starting a blocking GC Explicit
08-04 12:38:30.370 18964 19193 I art     : Explicit concurrent mark sweep GC freed 66(2528B) AllocSpace objects, 0(0B) LOS objects, 37% free, 26MB/42MB, paused 272us total 37.105ms
08-04 12:38:30.384 18964 19193 I art     : Starting a blocking GC Explicit
08-04 12:38:30.422 18964 19193 I art     : Explicit concurrent mark sweep GC freed 3(96B) AllocSpace objects, 0(0B) LOS objects, 37% free, 26MB/42MB, paused 259us total 37.926ms
08-04 12:38:30.436 18964 19193 I art     : Starting a blocking GC Explicit
08-04 12:38:30.475 18964 19193 I art     : Explicit concurrent mark sweep GC freed 3(96B) AllocSpace objects, 0(0B) LOS objects, 37% free, 26MB/42MB, paused 262us total 38.360ms
08-04 12:38:30.490 18964 19193 I art     : Starting a blocking GC Explicit
08-04 12:38:30.530 18964 19193 I art     : Explicit concurrent mark sweep GC freed 3(96B) AllocSpace objects, 0(0B) LOS objects, 37% free, 26MB/42MB, paused 266us total 39.789ms
08-04 12:38:30.859 18964 18981 I art     : Starting a blocking GC Explicit
08-04 12:38:30.912 18964 18981 I art     : Explicit concurrent mark sweep GC freed 1343(80KB) AllocSpace objects, 1(20KB) LOS objects, 37% free, 26MB/42MB, paused 288us total 52.875ms
08-04 12:38:30.930 18964 18981 I art     : Starting a blocking GC Explicit
08-04 12:38:30.969 18964 18981 I art     : Explicit concurrent mark sweep GC freed 20(704B) AllocSpace objects, 0(0B) LOS objects, 37% free, 26MB/42MB, paused 263us total 38.756ms
08-04 12:38:30.983 18964 18981 I art     : Starting a blocking GC Explicit
08-04 12:38:31.022 18964 18981 I art     : Explicit concurrent mark sweep GC freed 3(96B) AllocSpace objects, 0(0B) LOS objects, 37% free, 26MB/42MB, paused 247us total 38.204ms
08-04 12:38:31.036 18964 18981 I art     : Starting a blocking GC Explicit
08-04 12:38:31.075 18964 18981 I art     : Explicit concurrent mark sweep GC freed 3(96B) AllocSpace objects, 0(0B) LOS objects, 37% free, 26MB/42MB, paused 251us total 38.455ms
08-04 12:38:31.089 18964 18981 I art     : Starting a blocking GC Explicit
08-04 12:38:31.127 18964 18981 I art     : Explicit concurrent mark sweep GC freed 3(96B) AllocSpace objects, 0(0B) LOS objects, 37% free, 26MB/42MB, paused 274us total 38.043ms
08-04 12:38:31.130 18870 18870 I ServiceManager: Waiting for service AtCmdFwd...
08-04 12:38:31.382 18964 18980 I art     : Starting a blocking GC Explicit
08-04 12:38:31.420 18964 18980 I art     : Explicit concurrent mark sweep GC freed 1343(80KB) AllocSpace objects, 1(20KB) LOS objects, 37% free, 26MB/42MB, paused 288us total 38.539ms
08-04 12:38:31.435 18964 18980 I art     : Starting a blocking GC Explicit
08-04 12:38:31.470 18964 18980 I art     : Explicit concurrent mark sweep GC freed 20(704B) AllocSpace objects, 0(0B) LOS objects, 37% free, 26MB/42MB, paused 241us total 34.835ms
08-04 12:38:31.484 18964 18980 I art     : Starting a blocking GC Explicit
08-04 12:38:31.521 18964 18980 I art     : Explicit concurrent mark sweep GC freed 3(96B) AllocSpace objects, 0(0B) LOS objects, 37% free, 26MB/42MB, paused 274us total 36.248ms
08-04 12:38:31.534 18964 18980 I art     : Starting a blocking GC Explicit
08-04 12:38:31.570 18964 18980 I art     : Explicit concurrent mark sweep GC freed 3(96B) AllocSpace objects, 0(0B) LOS objects, 37% free, 26MB/42MB, paused 259us total 35.856ms
08-04 12:38:31.584 18964 18980 I art     : Starting a blocking GC Explicit
08-04 12:38:31.621 18964 18980 I art     : Explicit concurrent mark sweep GC freed 3(96B) AllocSpace objects, 0(0B) LOS objects, 37% free, 26MB/42MB, paused 285us total 36.515ms
08-04 12:38:31.645 20011 20011 D AndroidRuntime: >>>>>> START com.android.internal.os.RuntimeInit uid 2000 <<<<<<
08-04 12:38:31.650 20011 20011 D AndroidRuntime: CheckJNI is OFF
08-04 12:38:31.683 20011 20011 D ICU     : No timezone override file found: /data/misc/zoneinfo/current/icu/icu_tzdata.dat
08-04 12:38:31.717 20011 20011 I Radio-JNI: register_android_hardware_Radio DONE
08-04 12:38:31.740 20011 20011 D AndroidRuntime: Calling main entry com.android.commands.input.Input
08-04 12:38:31.741 20011 20011 I Input   : injectKeyEvent: KeyEvent { action=ACTION_DOWN, keyCode=KEYCODE_BACK, scanCode=0, metaState=0, flags=0x0, repeatCount=0, eventTime=707928154, downTime=707928154, deviceId=-1, source=0x101 }
08-04 12:38:31.747 20011 20011 I Input   : injectKeyEvent: KeyEvent { action=ACTION_UP, keyCode=KEYCODE_BACK, scanCode=0, metaState=0, flags=0x0, repeatCount=0, eventTime=707928154, downTime=707928154, deviceId=-1, source=0x101 }
08-04 12:38:31.755 20011 20011 D AndroidRuntime: Shutting down VM
08-04 12:38:31.789 13866 13866 I GoogleInputMethodServic: GoogleInputMethodService.onFinishInput():3138 
08-04 12:38:31.790 13866 13866 I GoogleInputMethodServic: GoogleInputMethodService.onStartInput():1808 
08-04 12:38:31.866 18964 18992 I art     : Starting a blocking GC Explicit
08-04 12:38:31.903 18964 18992 I art     : Explicit concurrent mark sweep GC freed 1596(89KB) AllocSpace objects, 1(20KB) LOS objects, 37% free, 26MB/42MB, paused 303us total 36.816ms
08-04 12:38:31.920 18964 18992 I art     : Starting a blocking GC Explicit
08-04 12:38:31.960 18964 18992 I art     : Explicit concurrent mark sweep GC freed 24(864B) AllocSpace objects, 0(0B) LOS objects, 37% free, 26MB/42MB, paused 256us total 39.365ms
08-04 12:38:31.977 18964 18992 I art     : Starting a blocking GC Explicit
08-04 12:38:32.021 18964 18992 I art     : Explicit concurrent mark sweep GC freed 3(96B) AllocSpace objects, 0(0B) LOS objects, 37% free, 26MB/42MB, paused 285us total 43.297ms
08-04 12:38:32.037 18964 18992 I art     : Starting a blocking GC Explicit
08-04 12:38:32.082 18964 18992 I art     : Explicit concurrent mark sweep GC freed 3(96B) AllocSpace objects, 0(0B) LOS objects, 37% free, 26MB/42MB, paused 282us total 45.056ms
08-04 12:38:32.100 18964 18992 I art     : Starting a blocking GC Explicit
08-04 12:38:32.112   380   380 W SurfaceFlinger: couldn't log to binary event log: overflow.
08-04 12:38:32.130 18870 18870 I ServiceManager: Waiting for service AtCmdFwd...
08-04 12:38:32.136 18964 18992 I art     : Explicit concurrent mark sweep GC freed 53(1984B) AllocSpace objects, 0(0B) LOS objects, 37% free, 26MB/42MB, paused 229us total 35.593ms
08-04 12:38:32.223 13866 13882 I PeriodicStatsRunner: PeriodicStatsRunner.call():175 call()
08-04 12:38:32.223 13866 13882 I PeriodicStatsRunner: PeriodicStatsRunner.call():179 No submit PeriodicStats since input started.
08-04 12:38:32.412 18964 19193 I art     : Starting a blocking GC Explicit
08-04 12:38:32.451 18964 19193 I art     : Explicit concurrent mark sweep GC freed 1349(80KB) AllocSpace objects, 1(20KB) LOS objects, 37% free, 26MB/42MB, paused 281us total 38.998ms
08-04 12:38:32.465 18964 19193 I art     : Starting a blocking GC Explicit
08-04 12:38:32.495 18964 19193 I art     : Explicit concurrent mark sweep GC freed 22989(1247KB) AllocSpace objects, 5(164KB) LOS objects, 39% free, 24MB/40MB, paused 236us total 29.104ms
08-04 12:38:32.507 18964 19193 I art     : Starting a blocking GC Explicit
08-04 12:38:32.535 18964 19193 I art     : Explicit concurrent mark sweep GC freed 3(96B) AllocSpace objects, 0(0B) LOS objects, 39% free, 24MB/40MB, paused 250us total 27.120ms
08-04 12:38:32.547 18964 19193 I art     : Starting a blocking GC Explicit
08-04 12:38:32.576 18964 19193 I art     : Explicit concurrent mark sweep GC freed 3(96B) AllocSpace objects, 0(0B) LOS objects, 39% free, 24MB/40MB, paused 253us total 29.255ms
08-04 12:38:32.590 18964 19193 I art     : Starting a blocking GC Explicit
08-04 12:38:32.621 18964 19193 I art     : Explicit concurrent mark sweep GC freed 3(96B) AllocSpace objects, 0(0B) LOS objects, 39% free, 24MB/40MB, paused 259us total 30.845ms
08-04 12:38:32.911 18964 18980 I art     : Starting a blocking GC Explicit
08-04 12:38:32.951 18964 18980 I art     : Explicit concurrent mark sweep GC freed 1347(80KB) AllocSpace objects, 1(20KB) LOS objects, 39% free, 24MB/40MB, paused 279us total 38.996ms
08-04 12:38:32.967 18964 18980 I art     : Starting a blocking GC Explicit
08-04 12:38:32.998 18964 18980 I art     : Explicit concurrent mark sweep GC freed 20(704B) AllocSpace objects, 0(0B) LOS objects, 39% free, 24MB/40MB, paused 250us total 30.471ms
08-04 12:38:33.011 18964 18980 I art     : Starting a blocking GC Explicit
08-04 12:38:33.041 18964 18980 I art     : Explicit concurrent mark sweep GC freed 3(96B) AllocSpace objects, 0(0B) LOS objects, 39% free, 24MB/40MB, paused 477us total 29.779ms
08-04 12:38:33.053 18964 18980 I art     : Starting a blocking GC Explicit
08-04 12:38:33.082 18964 18980 I art     : Explicit concurrent mark sweep GC freed 3(96B) AllocSpace objects, 0(0B) LOS objects, 39% free, 24MB/40MB, paused 242us total 28.015ms
08-04 12:38:33.095 18964 18980 I art     : Starting a blocking GC Explicit
08-04 12:38:33.124 18964 18980 I art     : Explicit concurrent mark sweep GC freed 3(96B) AllocSpace objects, 0(0B) LOS objects, 39% free, 24MB/40MB, paused 247us total 28.975ms
08-04 12:38:33.130 18870 18870 W Atfwd_Sendcmd: AtCmdFwd service not published, waiting... retryCnt : 5
08-04 12:38:33.388 18964 18981 I art     : Starting a blocking GC Explicit
08-04 12:38:33.409 20067 20067 D AndroidRuntime: >>>>>> START com.android.internal.os.RuntimeInit uid 2000 <<<<<<
08-04 12:38:33.414 20067 20067 D AndroidRuntime: CheckJNI is OFF
08-04 12:38:33.420 18964 18981 I art     : Explicit concurrent mark sweep GC freed 1344(80KB) AllocSpace objects, 1(20KB) LOS objects, 39% free, 24MB/40MB, paused 290us total 31.572ms
08-04 12:38:33.433 18964 18981 I art     : Starting a blocking GC Explicit
08-04 12:38:33.450 20067 20067 D ICU     : No timezone override file found: /data/misc/zoneinfo/current/icu/icu_tzdata.dat
08-04 12:38:33.462 18964 18981 I art     : Explicit concurrent mark sweep GC freed 20(704B) AllocSpace objects, 0(0B) LOS objects, 39% free, 24MB/40MB, paused 275us total 29.060ms
08-04 12:38:33.476 18964 18981 I art     : Starting a blocking GC Explicit
08-04 12:38:33.484 20067 20067 I Radio-JNI: register_android_hardware_Radio DONE
08-04 12:38:33.505 18964 18981 I art     : Explicit concurrent mark sweep GC freed 3(96B) AllocSpace objects, 0(0B) LOS objects, 39% free, 24MB/40MB, paused 262us total 28.701ms
08-04 12:38:33.506 20067 20067 D AndroidRuntime: Calling main entry com.android.commands.input.Input
08-04 12:38:33.508 20067 20067 I Input   : injectMotionEvent: MotionEvent { action=ACTION_DOWN, actionButton=0, id[0]=0, x[0]=600.0, y[0]=950.0, toolType[0]=TOOL_TYPE_UNKNOWN, buttonState=0, metaState=0, flags=0x0, edgeFlags=0x0, pointerCount=1, historySize=0, eventTime=707929921, downTime=707929921, deviceId=0, source=0x1002 }
08-04 12:38:33.515 20067 20067 I Input   : injectMotionEvent: MotionEvent { action=ACTION_UP, actionButton=0, id[0]=0, x[0]=600.0, y[0]=950.0, toolType[0]=TOOL_TYPE_UNKNOWN, buttonState=0, metaState=0, flags=0x0, edgeFlags=0x0, pointerCount=1, historySize=0, eventTime=707929921, downTime=707929921, deviceId=0, source=0x1002 }
08-04 12:38:33.517 20067 20067 D AndroidRuntime: Shutting down VM
08-04 12:38:33.519 18964 18981 I art     : Starting a blocking GC Explicit
08-04 12:38:33.531   512  2967 D audio_hw_primary: out_set_parameters: enter: usecase(1: low-latency-playback) kvpairs: routing=2
08-04 12:38:33.535   918   928 I ActivityManager: START u0 {dat=https://oauth.reddit.com/... cmp=baseline.org.quantumbadger.redreader/.activities.CommentListingActivity} from uid 10666 on display 0
08-04 12:38:33.544   512  2967 D audio_hw_primary: select_devices: out_snd_device(2: speaker) in_snd_device(0: none)
08-04 12:38:33.545   512  2967 D msm8974_platform: platform_send_audio_calibration: sending audio calibration for snd_device(2) acdb_id(15)
08-04 12:38:33.545   512  2967 I soundtrigger: audio_extn_sound_trigger_update_device_status: device 0x2 of type 0 for Event 1
08-04 12:38:33.549 18964 18981 I art     : Explicit concurrent mark sweep GC freed 681(24KB) AllocSpace objects, 0(0B) LOS objects, 39% free, 24MB/40MB, paused 659us total 30.006ms
08-04 12:38:33.557   512  2967 D audio_hw_primary: enable_snd_device: snd_device(2: speaker)
08-04 12:38:33.557 18964 18964 I AppCompatViewInflater: app:theme is now deprecated. Please move to using android:theme instead.
08-04 12:38:33.559   512  2967 D audio_hw_primary: enable_audio_route: apply and update mixer path: low-latency-playback speaker
08-04 12:38:33.563 18964 18981 I art     : Starting a blocking GC Explicit
08-04 12:38:33.575 18964 19540 I CommentListingActivity: COMMENTS session changed to e81548a3-57d7-49b3-8291-db34390439eb
08-04 12:38:33.592 18964 18981 I art     : Explicit concurrent mark sweep GC freed 3316(329KB) AllocSpace objects, 0(0B) LOS objects, 38% free, 25MB/41MB, paused 523us total 28.888ms
08-04 12:38:33.637   918   936 I ActivityManager: Displayed baseline.org.quantumbadger.redreader/.activities.CommentListingActivity: +96ms
08-04 12:38:33.652 13866 13866 I GoogleInputMethodServic: GoogleInputMethodService.onFinishInput():3138 
08-04 12:38:33.652 13866 13866 I GoogleInputMethodServic: GoogleInputMethodService.onStartInput():1808 
08-04 12:38:33.846 18964 18980 I art     : Starting a blocking GC Explicit
08-04 12:38:33.892 18964 18980 I art     : Explicit concurrent mark sweep GC freed 4261(224KB) AllocSpace objects, 3(52KB) LOS objects, 38% free, 25MB/41MB, paused 230us total 45.608ms
08-04 12:38:33.899   380   380 W SurfaceFlinger: couldn't log to binary event log: overflow.
08-04 12:38:33.909 18964 18980 I art     : Starting a blocking GC Explicit
08-04 12:38:33.938 18964 18980 I art     : Explicit concurrent mark sweep GC freed 178(9KB) AllocSpace objects, 0(0B) LOS objects, 38% free, 25MB/41MB, paused 229us total 28.538ms
08-04 12:38:33.951 18964 18980 I art     : Starting a blocking GC Explicit
08-04 12:38:33.963 18964 19967 I RedditChangeDataIO: Writing tmp data file at '/data/user/0/baseline.org.quantumbadger.redreader/files/rr_change_data_tmp.dat'
08-04 12:38:33.964 18964 19967 I RedditChangeDataManager: Taking snapshot...
08-04 12:38:33.964 18964 19967 I RedditChangeDataManager: Writing to stream...
08-04 12:38:33.964 18964 19967 I RedditChangeDataManager: Wrote 3 entries for user ''
08-04 12:38:33.964 18964 19967 I RedditChangeDataManager: All entries written to stream.
08-04 12:38:33.964 18964 19967 I RedditChangeDataIO: Write successful. Atomically replacing data file...
08-04 12:38:33.964 18964 19967 I RedditChangeDataIO: Write complete.
08-04 12:38:33.964 18964 19967 I RedditChangeDataIO: 86 bytes written in 1 ms
08-04 12:38:33.979 18964 18980 I art     : Explicit concurrent mark sweep GC freed 75(4KB) AllocSpace objects, 1(68KB) LOS objects, 38% free, 25MB/41MB, paused 238us total 28.171ms
08-04 12:38:33.992 18964 18980 I art     : Starting a blocking GC Explicit
08-04 12:38:34.021 18964 18980 I art     : Explicit concurrent mark sweep GC freed 12(560B) AllocSpace objects, 0(0B) LOS objects, 38% free, 25MB/41MB, paused 222us total 29.271ms
08-04 12:38:34.035 18964 18980 I art     : Starting a blocking GC Explicit
08-04 12:38:34.067 18964 18980 I art     : Explicit concurrent mark sweep GC freed 85(2896B) AllocSpace objects, 0(0B) LOS objects, 38% free, 25MB/41MB, paused 218us total 31.732ms
08-04 12:38:34.074 13866 13882 I PeriodicStatsRunner: PeriodicStatsRunner.call():175 call()
08-04 12:38:34.075 13866 13882 I PeriodicStatsRunner: PeriodicStatsRunner.call():179 No submit PeriodicStats since input started.
08-04 12:38:34.100   512  2967 D audio_hw_primary: disable_audio_route: reset and update mixer path: low-latency-playback speaker
08-04 12:38:34.101   512  2967 D audio_hw_primary: disable_snd_device: snd_device(2: speaker)
08-04 12:38:34.109   512  2967 I soundtrigger: audio_extn_sound_trigger_update_device_status: device 0x2 of type 0 for Event 0
08-04 12:38:34.357 18964 18992 I art     : Starting a blocking GC Explicit
08-04 12:38:34.400 18964 18992 I art     : Explicit concurrent mark sweep GC freed 1344(80KB) AllocSpace objects, 1(20KB) LOS objects, 38% free, 25MB/41MB, paused 280us total 42.887ms
08-04 12:38:34.416 18964 18992 I art     : Starting a blocking GC Explicit
08-04 12:38:34.449 18964 18992 I art     : Explicit concurrent mark sweep GC freed 66(2528B) AllocSpace objects, 0(0B) LOS objects, 38% free, 25MB/41MB, paused 257us total 32.943ms
08-04 12:38:34.463 18964 18992 I art     : Starting a blocking GC Explicit
08-04 12:38:34.496 18964 18992 I art     : Explicit concurrent mark sweep GC freed 3(96B) AllocSpace objects, 0(0B) LOS objects, 38% free, 25MB/41MB, paused 249us total 32.827ms
08-04 12:38:34.509 18964 18992 I art     : Starting a blocking GC Explicit
08-04 12:38:34.542 18964 18992 I art     : Explicit concurrent mark sweep GC freed 32(1568B) AllocSpace objects, 0(0B) LOS objects, 38% free, 25MB/41MB, paused 231us total 32.888ms
08-04 12:38:34.556 18964 18992 I art     : Starting a blocking GC Explicit
08-04 12:38:34.588 18964 18992 I art     : Explicit concurrent mark sweep GC freed 209(35KB) AllocSpace objects, 0(0B) LOS objects, 38% free, 25MB/41MB, paused 239us total 31.979ms
08-04 12:38:34.878 18964 18981 I art     : Starting a blocking GC Explicit
08-04 12:38:34.926 18964 18981 I art     : Explicit concurrent mark sweep GC freed 1408(82KB) AllocSpace objects, 1(20KB) LOS objects, 38% free, 25MB/41MB, paused 319us total 48.068ms
08-04 12:38:34.945 18964 18981 I art     : Starting a blocking GC Explicit
08-04 12:38:34.976 18964 18981 I art     : Explicit concurrent mark sweep GC freed 20(704B) AllocSpace objects, 0(0B) LOS objects, 38% free, 25MB/41MB, paused 232us total 30.242ms
08-04 12:38:34.989 18964 18981 I art     : Starting a blocking GC Explicit
08-04 12:38:35.022 18964 18981 I art     : Explicit concurrent mark sweep GC freed 3(96B) AllocSpace objects, 0(0B) LOS objects, 38% free, 25MB/41MB, paused 241us total 32.643ms
08-04 12:38:35.035 18964 18981 I art     : Starting a blocking GC Explicit
08-04 12:38:35.067 18964 18981 I art     : Explicit concurrent mark sweep GC freed 3(96B) AllocSpace objects, 0(0B) LOS objects, 38% free, 25MB/41MB, paused 326us total 31.525ms
08-04 12:38:35.080 18964 18981 I art     : Starting a blocking GC Explicit
08-04 12:38:35.112 18964 18981 I art     : Explicit concurrent mark sweep GC freed 3(96B) AllocSpace objects, 0(0B) LOS objects, 38% free, 25MB/41MB, paused 232us total 31.775ms
08-04 12:38:35.415 18964 18980 I art     : Starting a blocking GC Explicit
08-04 12:38:35.455 18964 18980 I art     : Explicit concurrent mark sweep GC freed 1343(80KB) AllocSpace objects, 1(20KB) LOS objects, 38% free, 25MB/41MB, paused 242us total 39.172ms
08-04 12:38:35.470 18964 18980 I art     : Starting a blocking GC Explicit
08-04 12:38:35.502 18964 18980 I art     : Explicit concurrent mark sweep GC freed 20(704B) AllocSpace objects, 0(0B) LOS objects, 38% free, 25MB/41MB, paused 216us total 31.932ms
08-04 12:38:35.516 18964 18980 I art     : Starting a blocking GC Explicit
08-04 12:38:35.549 18964 18980 I art     : Explicit concurrent mark sweep GC freed 3(96B) AllocSpace objects, 0(0B) LOS objects, 38% free, 25MB/41MB, paused 231us total 32.918ms
08-04 12:38:35.562 18964 18980 I art     : Starting a blocking GC Explicit
08-04 12:38:35.595 18964 18980 I art     : Explicit concurrent mark sweep GC freed 3(96B) AllocSpace objects, 0(0B) LOS objects, 38% free, 25MB/41MB, paused 221us total 32.076ms
08-04 12:38:35.608 18964 18980 I art     : Starting a blocking GC Explicit
08-04 12:38:35.640 18964 18980 I art     : Explicit concurrent mark sweep GC freed 3(96B) AllocSpace objects, 0(0B) LOS objects, 38% free, 25MB/41MB, paused 240us total 31.576ms
08-04 12:38:35.954 18964 19193 I art     : Starting a blocking GC Explicit
08-04 12:38:35.995 18964 19193 I art     : Explicit concurrent mark sweep GC freed 1343(80KB) AllocSpace objects, 1(20KB) LOS objects, 38% free, 25MB/41MB, paused 270us total 40.256ms
08-04 12:38:36.011 18964 19193 I art     : Starting a blocking GC Explicit
08-04 12:38:36.043 18964 19193 I art     : Explicit concurrent mark sweep GC freed 20(704B) AllocSpace objects, 0(0B) LOS objects, 38% free, 25MB/41MB, paused 240us total 31.854ms
08-04 12:38:36.056 18964 19193 I art     : Starting a blocking GC Explicit
08-04 12:38:36.089 18964 19193 I art     : Explicit concurrent mark sweep GC freed 3(96B) AllocSpace objects, 0(0B) LOS objects, 38% free, 25MB/41MB, paused 235us total 32.433ms
08-04 12:38:36.102 18964 19193 I art     : Starting a blocking GC Explicit
08-04 12:38:36.135 18964 19193 I art     : Explicit concurrent mark sweep GC freed 3(96B) AllocSpace objects, 0(0B) LOS objects, 38% free, 25MB/41MB, paused 238us total 32.588ms
08-04 12:38:36.149 18964 19193 I art     : Starting a blocking GC Explicit
08-04 12:38:36.182 18964 19193 I art     : Explicit concurrent mark sweep GC freed 3(96B) AllocSpace objects, 0(0B) LOS objects, 38% free, 25MB/41MB, paused 233us total 32.635ms
08-04 12:38:36.496 18964 18992 I art     : Starting a blocking GC Explicit
08-04 12:38:36.537 18964 18992 I art     : Explicit concurrent mark sweep GC freed 1343(80KB) AllocSpace objects, 1(20KB) LOS objects, 38% free, 25MB/41MB, paused 251us total 40.913ms
08-04 12:38:36.553 18964 18992 I art     : Starting a blocking GC Explicit
08-04 12:38:36.585 18964 18992 I art     : Explicit concurrent mark sweep GC freed 20(704B) AllocSpace objects, 0(0B) LOS objects, 38% free, 25MB/41MB, paused 223us total 32.413ms
08-04 12:38:36.599 18964 18992 I art     : Starting a blocking GC Explicit
08-04 12:38:36.632 18964 18992 I art     : Explicit concurrent mark sweep GC freed 3(96B) AllocSpace objects, 0(0B) LOS objects, 38% free, 25MB/41MB, paused 229us total 32.708ms
08-04 12:38:36.645 18964 18992 I art     : Starting a blocking GC Explicit
08-04 12:38:36.678 18964 18992 I art     : Explicit concurrent mark sweep GC freed 3(96B) AllocSpace objects, 0(0B) LOS objects, 38% free, 25MB/41MB, paused 232us total 32.755ms
08-04 12:38:36.692 18964 18992 I art     : Starting a blocking GC Explicit
08-04 12:38:36.724 18964 18992 I art     : Explicit concurrent mark sweep GC freed 3(96B) AllocSpace objects, 0(0B) LOS objects, 38% free, 25MB/41MB, paused 226us total 31.882ms
08-04 12:38:36.791 13866 13882 I PeriodicStatsRunner: PeriodicStatsRunner.call():175 call()
08-04 12:38:36.792 13866 13882 I PeriodicStatsRunner: PeriodicStatsRunner.call():179 No submit PeriodicStats since input started.
08-04 12:38:37.034 18964 18981 I art     : Starting a blocking GC Explicit
08-04 12:38:37.072 18964 18981 I art     : Explicit concurrent mark sweep GC freed 1345(80KB) AllocSpace objects, 1(20KB) LOS objects, 38% free, 25MB/41MB, paused 258us total 38.429ms
08-04 12:38:37.088 18964 18981 I art     : Starting a blocking GC Explicit
08-04 12:38:37.120 18964 18981 I art     : Explicit concurrent mark sweep GC freed 20(704B) AllocSpace objects, 0(0B) LOS objects, 38% free, 25MB/41MB, paused 245us total 32.464ms
08-04 12:38:37.134 18964 18981 I art     : Starting a blocking GC Explicit
08-04 12:38:37.167 18964 18981 I art     : Explicit concurrent mark sweep GC freed 3(96B) AllocSpace objects, 0(0B) LOS objects, 38% free, 25MB/41MB, paused 240us total 32.690ms
08-04 12:38:37.180 18964 18981 I art     : Starting a blocking GC Explicit
08-04 12:38:37.212 18964 18981 I art     : Explicit concurrent mark sweep GC freed 3(96B) AllocSpace objects, 0(0B) LOS objects, 38% free, 25MB/41MB, paused 234us total 31.663ms
08-04 12:38:37.226 18964 18981 I art     : Starting a blocking GC Explicit
08-04 12:38:37.259 18964 18981 I art     : Explicit concurrent mark sweep GC freed 3(96B) AllocSpace objects, 0(0B) LOS objects, 38% free, 25MB/41MB, paused 239us total 32.902ms
08-04 12:38:37.603 18964 18980 I art     : Starting a blocking GC Explicit
08-04 12:38:37.652 18964 18980 I art     : Explicit concurrent mark sweep GC freed 1343(80KB) AllocSpace objects, 1(20KB) LOS objects, 38% free, 25MB/41MB, paused 308us total 48.753ms
08-04 12:38:37.669 18964 18980 I art     : Starting a blocking GC Explicit
08-04 12:38:37.700 18964 18980 I art     : Explicit concurrent mark sweep GC freed 20(704B) AllocSpace objects, 0(0B) LOS objects, 38% free, 25MB/41MB, paused 226us total 30.862ms
08-04 12:38:37.713 18964 18980 I art     : Starting a blocking GC Explicit
08-04 12:38:37.745 18964 18980 I art     : Explicit concurrent mark sweep GC freed 3(96B) AllocSpace objects, 0(0B) LOS objects, 38% free, 25MB/41MB, paused 216us total 31.542ms
08-04 12:38:37.759 18964 18980 I art     : Starting a blocking GC Explicit
08-04 12:38:37.790 18964 18980 I art     : Explicit concurrent mark sweep GC freed 3(96B) AllocSpace objects, 0(0B) LOS objects, 38% free, 25MB/41MB, paused 224us total 31.313ms
08-04 12:38:37.804 18964 18980 I art     : Starting a blocking GC Explicit
08-04 12:38:37.834 18964 18980 I art     : Explicit concurrent mark sweep GC freed 3(96B) AllocSpace objects, 0(0B) LOS objects, 38% free, 25MB/41MB, paused 224us total 30.294ms
08-04 12:38:38.121 18964 19193 I art     : Starting a blocking GC Explicit
08-04 12:38:38.153 18964 19193 I art     : Explicit concurrent mark sweep GC freed 1343(80KB) AllocSpace objects, 1(20KB) LOS objects, 38% free, 25MB/41MB, paused 277us total 32.330ms
08-04 12:38:38.167 18964 19193 I art     : Starting a blocking GC Explicit
08-04 12:38:38.192 20173 20173 D AndroidRuntime: >>>>>> START com.android.internal.os.RuntimeInit uid 2000 <<<<<<
08-04 12:38:38.197 20173 20173 D AndroidRuntime: CheckJNI is OFF
08-04 12:38:38.197 18964 19193 I art     : Explicit concurrent mark sweep GC freed 20(704B) AllocSpace objects, 0(0B) LOS objects, 38% free, 25MB/41MB, paused 261us total 30.169ms
08-04 12:38:38.210 18964 19193 I art     : Starting a blocking GC Explicit
08-04 12:38:38.232 20173 20173 D ICU     : No timezone override file found: /data/misc/zoneinfo/current/icu/icu_tzdata.dat
08-04 12:38:38.240 18964 19193 I art     : Explicit concurrent mark sweep GC freed 3(96B) AllocSpace objects, 0(0B) LOS objects, 38% free, 25MB/41MB, paused 298us total 30.287ms
08-04 12:38:38.254 18964 19193 I art     : Starting a blocking GC Explicit
08-04 12:38:38.268 20173 20173 I Radio-JNI: register_android_hardware_Radio DONE
08-04 12:38:38.284 18964 19193 I art     : Explicit concurrent mark sweep GC freed 3(96B) AllocSpace objects, 0(0B) LOS objects, 38% free, 25MB/41MB, paused 223us total 29.868ms
08-04 12:38:38.291 20173 20173 D AndroidRuntime: Calling main entry com.android.commands.input.Input
08-04 12:38:38.292 20173 20173 I Input   : injectKeyEvent: KeyEvent { action=ACTION_DOWN, keyCode=KEYCODE_BACK, scanCode=0, metaState=0, flags=0x0, repeatCount=0, eventTime=707934705, downTime=707934705, deviceId=-1, source=0x101 }
08-04 12:38:38.297 18964 19193 I art     : Starting a blocking GC Explicit
08-04 12:38:38.298 20173 20173 I Input   : injectKeyEvent: KeyEvent { action=ACTION_UP, keyCode=KEYCODE_BACK, scanCode=0, metaState=0, flags=0x0, repeatCount=0, eventTime=707934705, downTime=707934705, deviceId=-1, source=0x101 }
08-04 12:38:38.306 20173 20173 D AndroidRuntime: Shutting down VM
08-04 12:38:38.325 18964 19193 I art     : Explicit concurrent mark sweep GC freed 125(4KB) AllocSpace objects, 0(0B) LOS objects, 38% free, 25MB/41MB, paused 232us total 28.379ms
08-04 12:38:38.344 13866 13866 I GoogleInputMethodServic: GoogleInputMethodService.onFinishInput():3138 
08-04 12:38:38.345 13866 13866 I GoogleInputMethodServic: GoogleInputMethodService.onStartInput():1808 
08-04 12:38:38.516   518   646 I ThermalEngine: ACTION: GPU - Setting GPU[0] to 600000000
08-04 12:38:38.533   918  3188 I hubconnection: sensorhub said: 'set_bias 3: -6.2400, 0.0000, 0.0000'
08-04 12:38:38.582 18964 18980 I art     : Starting a blocking GC Explicit
08-04 12:38:38.614 18964 18980 I art     : Explicit concurrent mark sweep GC freed 1465(84KB) AllocSpace objects, 1(20KB) LOS objects, 38% free, 25MB/41MB, paused 184us total 32.027ms
08-04 12:38:38.626 18964 18980 I art     : Starting a blocking GC Explicit
08-04 12:38:38.652   380   380 W SurfaceFlinger: couldn't log to binary event log: overflow.
08-04 12:38:38.653 13866 13882 I PeriodicStatsRunner: PeriodicStatsRunner.call():175 call()
08-04 12:38:38.653 13866 13882 I PeriodicStatsRunner: PeriodicStatsRunner.call():179 No submit PeriodicStats since input started.
08-04 12:38:38.657 18964 18980 I art     : Explicit concurrent mark sweep GC freed 51(1616B) AllocSpace objects, 0(0B) LOS objects, 38% free, 25MB/41MB, paused 571us total 30.777ms
08-04 12:38:38.670 18964 18980 I art     : Starting a blocking GC Explicit
08-04 12:38:38.693 18964 18980 I art     : Explicit concurrent mark sweep GC freed 28(1312B) AllocSpace objects, 0(0B) LOS objects, 38% free, 25MB/41MB, paused 172us total 22.845ms
08-04 12:38:38.702 18964 18980 I art     : Starting a blocking GC Explicit
08-04 12:38:38.725 18964 18980 I art     : Explicit concurrent mark sweep GC freed 3838(310KB) AllocSpace objects, 5(140KB) LOS objects, 39% free, 24MB/40MB, paused 170us total 22.545ms
08-04 12:38:38.735 18964 18980 I art     : Starting a blocking GC Explicit
08-04 12:38:38.758 18964 18980 I art     : Explicit concurrent mark sweep GC freed 3(96B) AllocSpace objects, 0(0B) LOS objects, 39% free, 24MB/40MB, paused 172us total 23.216ms
08-04 12:38:39.040 18964 18992 I art     : Starting a blocking GC Explicit
08-04 12:38:39.073 18964 18992 I art     : Explicit concurrent mark sweep GC freed 1343(80KB) AllocSpace objects, 1(20KB) LOS objects, 39% free, 24MB/40MB, paused 225us total 32.840ms
08-04 12:38:39.087 18964 18992 I art     : Starting a blocking GC Explicit
08-04 12:38:39.113 18964 18992 I art     : Explicit concurrent mark sweep GC freed 20(704B) AllocSpace objects, 0(0B) LOS objects, 39% free, 24MB/40MB, paused 177us total 25.536ms
08-04 12:38:39.124 18964 18992 I art     : Starting a blocking GC Explicit
08-04 12:38:39.148 18964 18992 I art     : Explicit concurrent mark sweep GC freed 3(96B) AllocSpace objects, 0(0B) LOS objects, 39% free, 24MB/40MB, paused 171us total 24.021ms
08-04 12:38:39.158 18964 18992 I art     : Starting a blocking GC Explicit
08-04 12:38:39.182 18964 18992 I art     : Explicit concurrent mark sweep GC freed 3(96B) AllocSpace objects, 0(0B) LOS objects, 39% free, 24MB/40MB, paused 162us total 24.328ms
08-04 12:38:39.193 18964 18992 I art     : Starting a blocking GC Explicit
08-04 12:38:39.218 18964 18992 I art     : Explicit concurrent mark sweep GC freed 3(96B) AllocSpace objects, 0(0B) LOS objects, 39% free, 24MB/40MB, paused 171us total 24.853ms
08-04 12:38:39.494 18964 19193 I art     : Starting a blocking GC Explicit
08-04 12:38:39.526 18964 19193 I art     : Explicit concurrent mark sweep GC freed 1343(80KB) AllocSpace objects, 1(20KB) LOS objects, 39% free, 24MB/40MB, paused 301us total 31.400ms
08-04 12:38:39.542 18964 19193 I art     : Starting a blocking GC Explicit
08-04 12:38:39.566 18964 19193 I art     : Explicit concurrent mark sweep GC freed 20(704B) AllocSpace objects, 0(0B) LOS objects, 39% free, 24MB/40MB, paused 173us total 23.573ms
08-04 12:38:39.576 18964 19193 I art     : Starting a blocking GC Explicit
08-04 12:38:39.597 18964 19193 I art     : Explicit concurrent mark sweep GC freed 3(96B) AllocSpace objects, 0(0B) LOS objects, 39% free, 24MB/40MB, paused 171us total 21.553ms
08-04 12:38:39.606 18964 19193 I art     : Starting a blocking GC Explicit
08-04 12:38:39.628 18964 19193 I art     : Explicit concurrent mark sweep GC freed 3(96B) AllocSpace objects, 0(0B) LOS objects, 39% free, 24MB/40MB, paused 160us total 21.586ms
08-04 12:38:39.638 18964 19193 I art     : Starting a blocking GC Explicit
08-04 12:38:39.661 18964 19193 I art     : Explicit concurrent mark sweep GC freed 3(96B) AllocSpace objects, 0(0B) LOS objects, 39% free, 24MB/40MB, paused 169us total 22.866ms
08-04 12:38:39.848 20228 20228 D AndroidRuntime: >>>>>> START com.android.internal.os.RuntimeInit uid 2000 <<<<<<
08-04 12:38:39.852 20228 20228 D AndroidRuntime: CheckJNI is OFF
08-04 12:38:39.877 20228 20228 D ICU     : No timezone override file found: /data/misc/zoneinfo/current/icu/icu_tzdata.dat
08-04 12:38:39.902 20228 20228 I Radio-JNI: register_android_hardware_Radio DONE
08-04 12:38:39.910 18964 18981 I art     : Starting a blocking GC Explicit
08-04 12:38:39.919 20228 20228 D AndroidRuntime: Calling main entry com.android.commands.input.Input
08-04 12:38:39.921 20228 20228 I Input   : injectMotionEvent: MotionEvent { action=ACTION_DOWN, actionButton=0, id[0]=0, x[0]=600.0, y[0]=700.0, toolType[0]=TOOL_TYPE_UNKNOWN, buttonState=0, metaState=0, flags=0x0, edgeFlags=0x0, pointerCount=1, historySize=0, eventTime=707936333, downTime=707936333, deviceId=0, source=0x1002 }
08-04 12:38:39.925 20228 20228 I Input   : injectMotionEvent: MotionEvent { action=ACTION_UP, actionButton=0, id[0]=0, x[0]=600.0, y[0]=700.0, toolType[0]=TOOL_TYPE_UNKNOWN, buttonState=0, metaState=0, flags=0x0, edgeFlags=0x0, pointerCount=1, historySize=0, eventTime=707936333, downTime=707936333, deviceId=0, source=0x1002 }
08-04 12:38:39.926 20228 20228 D AndroidRuntime: Shutting down VM
08-04 12:38:39.935 18964 18981 I art     : Explicit concurrent mark sweep GC freed 1349(80KB) AllocSpace objects, 1(20KB) LOS objects, 39% free, 24MB/40MB, paused 195us total 24.849ms
08-04 12:38:39.940   512  2967 D audio_hw_primary: out_set_parameters: enter: usecase(1: low-latency-playback) kvpairs: routing=2
08-04 12:38:39.942   918  6029 I ActivityManager: START u0 {dat=https://oauth.reddit.com/... cmp=baseline.org.quantumbadger.redreader/.activities.CommentListingActivity} from uid 10666 on display 0
08-04 12:38:39.947 18964 18981 I art     : Starting a blocking GC Explicit
08-04 12:38:39.953   512  2967 D audio_hw_primary: select_devices: out_snd_device(2: speaker) in_snd_device(0: none)
08-04 12:38:39.953   512  2967 D msm8974_platform: platform_send_audio_calibration: sending audio calibration for snd_device(2) acdb_id(15)
08-04 12:38:39.954   512  2967 I soundtrigger: audio_extn_sound_trigger_update_device_status: device 0x2 of type 0 for Event 1
08-04 12:38:39.963 18964 18964 I AppCompatViewInflater: app:theme is now deprecated. Please move to using android:theme instead.
08-04 12:38:39.965   512  2967 D audio_hw_primary: enable_snd_device: snd_device(2: speaker)
08-04 12:38:39.967   512  2967 D audio_hw_primary: enable_audio_route: apply and update mixer path: low-latency-playback speaker
08-04 12:38:39.975 18964 18981 I art     : Explicit concurrent mark sweep GC freed 1595(76KB) AllocSpace objects, 0(0B) LOS objects, 39% free, 24MB/40MB, paused 453us total 27.171ms
08-04 12:38:39.977 18964 19540 I CommentListingActivity: COMMENTS session changed to 4e030452-85b8-49b7-bcec-0351ab080945
08-04 12:38:39.986 18964 18981 I art     : Starting a blocking GC Explicit
08-04 12:38:40.013 18964 18981 I art     : Explicit concurrent mark sweep GC freed 6747(538KB) AllocSpace objects, 1(20KB) LOS objects, 38% free, 26MB/42MB, paused 495us total 26.676ms
08-04 12:38:40.023 18964 18981 I art     : Starting a blocking GC Explicit
08-04 12:38:40.044   918   936 I ActivityManager: Displayed baseline.org.quantumbadger.redreader/.activities.CommentListingActivity: +95ms
08-04 12:38:40.055 18964 18981 I art     : Explicit concurrent mark sweep GC freed 11404(744KB) AllocSpace objects, 1(16KB) LOS objects, 37% free, 27MB/43MB, paused 622us total 32.113ms
08-04 12:38:40.063 13866 13866 I GoogleInputMethodServic: GoogleInputMethodService.onFinishInput():3138 
08-04 12:38:40.064 13866 13866 I GoogleInputMethodServic: GoogleInputMethodService.onStartInput():1808 
08-04 12:38:40.066 18964 18981 I art     : Starting a blocking GC Explicit
08-04 12:38:40.106 18964 18981 I art     : Explicit concurrent mark sweep GC freed 13807(959KB) AllocSpace objects, 0(0B) LOS objects, 35% free, 28MB/44MB, paused 503us total 40.188ms
08-04 12:38:40.309   380   380 W SurfaceFlinger: couldn't log to binary event log: overflow.
08-04 12:38:40.360 18964 18980 I art     : Starting a blocking GC Explicit
08-04 12:38:40.393 18964 18980 I art     : Explicit concurrent mark sweep GC freed 32129(1706KB) AllocSpace objects, 2(36KB) LOS objects, 36% free, 27MB/43MB, paused 161us total 33.296ms
08-04 12:38:40.406 18964 18980 I art     : Starting a blocking GC Explicit
08-04 12:38:40.439 18964 18980 I art     : Explicit concurrent mark sweep GC freed 117(4KB) AllocSpace objects, 0(0B) LOS objects, 36% free, 27MB/43MB, paused 246us total 33.001ms
08-04 12:38:40.452 18964 18980 I art     : Starting a blocking GC Explicit
08-04 12:38:40.482 18964 18980 I art     : Explicit concurrent mark sweep GC freed 15(496B) AllocSpace objects, 0(0B) LOS objects, 36% free, 27MB/43MB, paused 143us total 29.771ms
08-04 12:38:40.493 18964 18980 I art     : Starting a blocking GC Explicit
08-04 12:38:40.499   512  2967 D audio_hw_primary: disable_audio_route: reset and update mixer path: low-latency-playback speaker
08-04 12:38:40.501   512  2967 D audio_hw_primary: disable_snd_device: snd_device(2: speaker)
08-04 12:38:40.509   512  2967 I soundtrigger: audio_extn_sound_trigger_update_device_status: device 0x2 of type 0 for Event 0
08-04 12:38:40.520   518   646 I ThermalEngine: ACTION: GPU - Setting GPU[0] to 510000000
08-04 12:38:40.526 18964 18980 I art     : Explicit concurrent mark sweep GC freed 3(96B) AllocSpace objects, 0(0B) LOS objects, 36% free, 27MB/43MB, paused 220us total 33.323ms
08-04 12:38:40.541 18964 18980 I art     : Starting a blocking GC Explicit
08-04 12:38:40.578 18964 18980 I art     : Explicit concurrent mark sweep GC freed 3(96B) AllocSpace objects, 0(0B) LOS objects, 36% free, 27MB/43MB, paused 200us total 36.913ms
08-04 12:38:40.869 18964 19193 I art     : Starting a blocking GC Explicit
08-04 12:38:40.915 18964 19193 I art     : Explicit concurrent mark sweep GC freed 1343(80KB) AllocSpace objects, 1(20KB) LOS objects, 36% free, 27MB/43MB, paused 290us total 45.274ms
08-04 12:38:40.933 18964 19193 I art     : Starting a blocking GC Explicit
08-04 12:38:40.971 18964 19193 I art     : Explicit concurrent mark sweep GC freed 20(704B) AllocSpace objects, 0(0B) LOS objects, 36% free, 27MB/43MB, paused 214us total 37.780ms
08-04 12:38:40.985 18964 19193 I art     : Starting a blocking GC Explicit
08-04 12:38:41.022 18964 19193 I art     : Explicit concurrent mark sweep GC freed 49(1920B) AllocSpace objects, 0(0B) LOS objects, 36% free, 27MB/43MB, paused 208us total 37.374ms
08-04 12:38:41.036 18964 19193 I art     : Starting a blocking GC Explicit
08-04 12:38:41.079 18964 19193 I art     : Explicit concurrent mark sweep GC freed 3(96B) AllocSpace objects, 0(0B) LOS objects, 36% free, 27MB/43MB, paused 237us total 42.930ms
08-04 12:38:41.094 18964 19193 I art     : Starting a blocking GC Explicit
08-04 12:38:41.138 18964 19193 I art     : Explicit concurrent mark sweep GC freed 3(96B) AllocSpace objects, 0(0B) LOS objects, 36% free, 27MB/43MB, paused 241us total 43.226ms
08-04 12:38:41.158 24365  7397 I NetworkScheduler.Stats: Task com.google.android.gms/com.google.android.gms.icing.service.IcingGcmTaskService started execution. cause:4 exec_start_elapsed_seconds: 1691325 [CONTEXT service_id=218 ]
08-04 12:38:41.172 24365 23406 I NetworkScheduler.Stats: Task com.google.android.gms/com.google.android.gms.icing.service.IcingGcmTaskService finished executing. cause:4 result: 1 elapsed_millis: 35 uptime_millis: 35 exec_start_elapsed_seconds: 1691325 [CONTEXT service_id=218 ]
08-04 12:38:41.444 18964 18992 I art     : Starting a blocking GC Explicit
08-04 12:38:41.505 18964 18992 I art     : Explicit concurrent mark sweep GC freed 1343(80KB) AllocSpace objects, 1(20KB) LOS objects, 36% free, 27MB/43MB, paused 257us total 59.944ms
08-04 12:38:41.523 18964 18992 I art     : Starting a blocking GC Explicit
08-04 12:38:41.565 18964 18992 I art     : Explicit concurrent mark sweep GC freed 20(704B) AllocSpace objects, 0(0B) LOS objects, 36% free, 27MB/43MB, paused 232us total 42.401ms
08-04 12:38:41.580 18964 18992 I art     : Starting a blocking GC Explicit
08-04 12:38:41.625 18964 18992 I art     : Explicit concurrent mark sweep GC freed 3(96B) AllocSpace objects, 0(0B) LOS objects, 36% free, 27MB/43MB, paused 229us total 45.104ms
08-04 12:38:41.641 18964 18992 I art     : Starting a blocking GC Explicit
08-04 12:38:41.685 18964 18992 I art     : Explicit concurrent mark sweep GC freed 3(96B) AllocSpace objects, 0(0B) LOS objects, 36% free, 27MB/43MB, paused 234us total 43.883ms
08-04 12:38:41.700 18964 18992 I art     : Starting a blocking GC Explicit
08-04 12:38:41.745 18964 18992 I art     : Explicit concurrent mark sweep GC freed 3(96B) AllocSpace objects, 0(0B) LOS objects, 36% free, 27MB/43MB, paused 221us total 44.495ms
08-04 12:38:42.064 18964 18980 I art     : Starting a blocking GC Explicit
08-04 12:38:42.120 18964 18980 I art     : Explicit concurrent mark sweep GC freed 1343(80KB) AllocSpace objects, 1(20KB) LOS objects, 36% free, 27MB/43MB, paused 316us total 56.029ms
08-04 12:38:42.137 18964 18980 I art     : Starting a blocking GC Explicit
08-04 12:38:42.182 18964 18980 I art     : Explicit concurrent mark sweep GC freed 20(704B) AllocSpace objects, 0(0B) LOS objects, 36% free, 27MB/43MB, paused 233us total 44.271ms
08-04 12:38:42.197 18964 18980 I art     : Starting a blocking GC Explicit
08-04 12:38:42.241 18964 18980 I art     : Explicit concurrent mark sweep GC freed 3(96B) AllocSpace objects, 0(0B) LOS objects, 36% free, 27MB/43MB, paused 231us total 43.641ms
08-04 12:38:42.256 18964 18980 I art     : Starting a blocking GC Explicit
08-04 12:38:42.302 18964 18980 I art     : Explicit concurrent mark sweep GC freed 3(96B) AllocSpace objects, 0(0B) LOS objects, 36% free, 27MB/43MB, paused 234us total 44.939ms
08-04 12:38:42.317 18964 18980 I art     : Starting a blocking GC Explicit
08-04 12:38:42.358   918  3261 D WifiStateMachine: starting scan for "H369AA63323"WPA_PSK with 2412,5180
08-04 12:38:42.363 18964 18980 I art     : Explicit concurrent mark sweep GC freed 3(96B) AllocSpace objects, 0(0B) LOS objects, 36% free, 27MB/43MB, paused 267us total 45.470ms
08-04 12:38:42.690 18964 18981 I art     : Starting a blocking GC Explicit
08-04 12:38:42.754 18964 18981 I art     : Explicit concurrent mark sweep GC freed 1343(80KB) AllocSpace objects, 1(20KB) LOS objects, 36% free, 27MB/43MB, paused 299us total 63.095ms
08-04 12:38:42.777 18964 18981 I art     : Starting a blocking GC Explicit
08-04 12:38:42.820 18964 18981 I art     : Explicit concurrent mark sweep GC freed 20(704B) AllocSpace objects, 0(0B) LOS objects, 36% free, 27MB/43MB, paused 238us total 42.734ms
08-04 12:38:42.835 18964 18981 I art     : Starting a blocking GC Explicit
08-04 12:38:42.880 18964 18981 I art     : Explicit concurrent mark sweep GC freed 3(96B) AllocSpace objects, 0(0B) LOS objects, 36% free, 27MB/43MB, paused 254us total 44.747ms
08-04 12:38:42.895 18964 18981 I art     : Starting a blocking GC Explicit
08-04 12:38:42.934 18964 18981 I art     : Explicit concurrent mark sweep GC freed 3(96B) AllocSpace objects, 0(0B) LOS objects, 36% free, 27MB/43MB, paused 228us total 39.175ms
08-04 12:38:42.949 18964 18981 I art     : Starting a blocking GC Explicit
08-04 12:38:42.994 18964 18981 I art     : Explicit concurrent mark sweep GC freed 3(96B) AllocSpace objects, 0(0B) LOS objects, 36% free, 27MB/43MB, paused 239us total 44.761ms
08-04 12:38:43.321 18964 19193 I art     : Starting a blocking GC Explicit
08-04 12:38:43.345 13866 13882 I PeriodicStatsRunner: PeriodicStatsRunner.call():175 call()
08-04 12:38:43.346 13866 13882 I PeriodicStatsRunner: PeriodicStatsRunner.call():179 No submit PeriodicStats since input started.
08-04 12:38:43.377 18964 19193 I art     : Explicit concurrent mark sweep GC freed 1343(80KB) AllocSpace objects, 1(20KB) LOS objects, 36% free, 27MB/43MB, paused 264us total 55.293ms
08-04 12:38:43.396 18964 19193 I art     : Starting a blocking GC Explicit
08-04 12:38:43.441 18964 19193 I art     : Explicit concurrent mark sweep GC freed 20(704B) AllocSpace objects, 0(0B) LOS objects, 36% free, 27MB/43MB, paused 235us total 44.207ms
08-04 12:38:43.456 18964 19193 I art     : Starting a blocking GC Explicit
08-04 12:38:43.501 18964 19193 I art     : Explicit concurrent mark sweep GC freed 3(96B) AllocSpace objects, 0(0B) LOS objects, 36% free, 27MB/43MB, paused 244us total 44.821ms
08-04 12:38:43.517 18964 19193 I art     : Starting a blocking GC Explicit
08-04 12:38:43.562 18964 19193 I art     : Explicit concurrent mark sweep GC freed 3(96B) AllocSpace objects, 0(0B) LOS objects, 36% free, 27MB/43MB, paused 281us total 44.872ms
08-04 12:38:43.577 18964 19193 I art     : Starting a blocking GC Explicit
08-04 12:38:43.621 18964 19193 I art     : Explicit concurrent mark sweep GC freed 3(96B) AllocSpace objects, 0(0B) LOS objects, 36% free, 27MB/43MB, paused 238us total 44.170ms
08-04 12:38:43.941 18964 18992 I art     : Starting a blocking GC Explicit
08-04 12:38:43.998 18964 18992 I art     : Explicit concurrent mark sweep GC freed 1345(80KB) AllocSpace objects, 1(20KB) LOS objects, 36% free, 27MB/43MB, paused 383us total 56.529ms
08-04 12:38:44.018 18964 18992 I art     : Starting a blocking GC Explicit
08-04 12:38:44.062 18964 18992 I art     : Explicit concurrent mark sweep GC freed 20(704B) AllocSpace objects, 0(0B) LOS objects, 36% free, 27MB/43MB, paused 237us total 43.941ms
08-04 12:38:44.078 18964 18992 I art     : Starting a blocking GC Explicit
08-04 12:38:44.123 18964 18992 I art     : Explicit concurrent mark sweep GC freed 3(96B) AllocSpace objects, 0(0B) LOS objects, 36% free, 27MB/43MB, paused 232us total 44.860ms
08-04 12:38:44.138 18964 18992 I art     : Starting a blocking GC Explicit
08-04 12:38:44.179 18964 18992 I art     : Explicit concurrent mark sweep GC freed 3(96B) AllocSpace objects, 0(0B) LOS objects, 36% free, 27MB/43MB, paused 218us total 40.416ms
08-04 12:38:44.194 18964 18992 I art     : Starting a blocking GC Explicit
08-04 12:38:44.235 18964 18992 I art     : Explicit concurrent mark sweep GC freed 3(96B) AllocSpace objects, 0(0B) LOS objects, 36% free, 27MB/43MB, paused 233us total 40.887ms
08-04 12:38:44.528 18964 18980 I art     : Starting a blocking GC Explicit
08-04 12:38:44.572 18964 18980 I art     : Explicit concurrent mark sweep GC freed 1343(80KB) AllocSpace objects, 1(20KB) LOS objects, 36% free, 27MB/43MB, paused 240us total 43.627ms
08-04 12:38:44.587 18964 18980 I art     : Starting a blocking GC Explicit
08-04 12:38:44.597 20327 20327 D AndroidRuntime: >>>>>> START com.android.internal.os.RuntimeInit uid 2000 <<<<<<
08-04 12:38:44.602 20327 20327 D AndroidRuntime: CheckJNI is OFF
08-04 12:38:44.630 18964 18980 I art     : Explicit concurrent mark sweep GC freed 20(704B) AllocSpace objects, 0(0B) LOS objects, 36% free, 27MB/43MB, paused 254us total 42.746ms
08-04 12:38:44.639 20327 20327 D ICU     : No timezone override file found: /data/misc/zoneinfo/current/icu/icu_tzdata.dat
08-04 12:38:44.644 18964 18980 I art     : Starting a blocking GC Explicit
08-04 12:38:44.674 20327 20327 I Radio-JNI: register_android_hardware_Radio DONE
08-04 12:38:44.686 18964 18980 I art     : Explicit concurrent mark sweep GC freed 3(96B) AllocSpace objects, 0(0B) LOS objects, 36% free, 27MB/43MB, paused 209us total 41.568ms
08-04 12:38:44.696 20327 20327 D AndroidRuntime: Calling main entry com.android.commands.input.Input
08-04 12:38:44.698 20327 20327 I Input   : injectKeyEvent: KeyEvent { action=ACTION_DOWN, keyCode=KEYCODE_BACK, scanCode=0, metaState=0, flags=0x0, repeatCount=0, eventTime=707941111, downTime=707941111, deviceId=-1, source=0x101 }
08-04 12:38:44.701 18964 18980 I art     : Starting a blocking GC Explicit
08-04 12:38:44.704 20327 20327 I Input   : injectKeyEvent: KeyEvent { action=ACTION_UP, keyCode=KEYCODE_BACK, scanCode=0, metaState=0, flags=0x0, repeatCount=0, eventTime=707941111, downTime=707941111, deviceId=-1, source=0x101 }
08-04 12:38:44.712 20327 20327 D AndroidRuntime: Shutting down VM
08-04 12:38:44.739 18964 18980 I art     : Explicit concurrent mark sweep GC freed 126(4KB) AllocSpace objects, 0(0B) LOS objects, 36% free, 27MB/43MB, paused 272us total 38.612ms
08-04 12:38:44.751 13866 13866 I GoogleInputMethodServic: GoogleInputMethodService.onFinishInput():3138 
08-04 12:38:44.752 13866 13866 I GoogleInputMethodServic: GoogleInputMethodService.onStartInput():1808 
08-04 12:38:44.753 18964 18980 I art     : Starting a blocking GC Explicit
08-04 12:38:44.790 18964 18980 I art     : Explicit concurrent mark sweep GC freed 111(3KB) AllocSpace objects, 0(0B) LOS objects, 36% free, 27MB/43MB, paused 243us total 36.573ms
08-04 12:38:44.952 18964 20252 I RedditChangeDataIO: Writing tmp data file at '/data/user/0/baseline.org.quantumbadger.redreader/files/rr_change_data_tmp.dat'
08-04 12:38:44.953 18964 20252 I RedditChangeDataManager: Taking snapshot...
08-04 12:38:44.953 18964 20252 I RedditChangeDataManager: Writing to stream...
08-04 12:38:44.953 18964 20252 I RedditChangeDataManager: Wrote 3 entries for user ''
08-04 12:38:44.953 18964 20252 I RedditChangeDataManager: All entries written to stream.
08-04 12:38:44.953 18964 20252 I RedditChangeDataIO: Write successful. Atomically replacing data file...
08-04 12:38:44.953 18964 20252 I RedditChangeDataIO: Write complete.
08-04 12:38:44.954 18964 20252 I RedditChangeDataIO: 86 bytes written in 3 ms
08-04 12:38:45.006   918 13198 D NetlinkSocketObserver: NeighborEvent{elapsedMs=1691328881, 192.168.2.254, [7C3953A63323], RTM_NEWNEIGH, NUD_PROBE}
08-04 12:38:45.042 18964 18992 I art     : Starting a blocking GC Explicit
08-04 12:38:45.059   380   380 W SurfaceFlinger: couldn't log to binary event log: overflow.
08-04 12:38:45.064 13866 13882 I PeriodicStatsRunner: PeriodicStatsRunner.call():175 call()
08-04 12:38:45.065 13866 13882 I PeriodicStatsRunner: PeriodicStatsRunner.call():179 No submit PeriodicStats since input started.
08-04 12:38:45.085 18964 18992 I art     : Explicit concurrent mark sweep GC freed 1487(87KB) AllocSpace objects, 2(88KB) LOS objects, 36% free, 27MB/43MB, paused 207us total 42.707ms
08-04 12:38:45.099 18964 18992 I art     : Starting a blocking GC Explicit
08-04 12:38:45.140 18964 18992 I art     : Explicit concurrent mark sweep GC freed 29(1088B) AllocSpace objects, 0(0B) LOS objects, 36% free, 27MB/43MB, paused 258us total 40.745ms
08-04 12:38:45.154 18964 18992 I art     : Starting a blocking GC Explicit
08-04 12:38:45.188 18964 18992 I art     : Explicit concurrent mark sweep GC freed 46758(2MB) AllocSpace objects, 5(140KB) LOS objects, 39% free, 24MB/40MB, paused 228us total 33.667ms
08-04 12:38:45.202 18964 18992 I art     : Starting a blocking GC Explicit
08-04 12:38:45.230 18964 18992 I art     : Explicit concurrent mark sweep GC freed 3(96B) AllocSpace objects, 0(0B) LOS objects, 39% free, 24MB/40MB, paused 221us total 28.770ms
08-04 12:38:45.243 18964 18992 I art     : Starting a blocking GC Explicit
08-04 12:38:45.274 18964 18992 I art     : Explicit concurrent mark sweep GC freed 3(96B) AllocSpace objects, 0(0B) LOS objects, 39% free, 24MB/40MB, paused 232us total 30.193ms
08-04 12:38:45.559 18964 18981 I art     : Starting a blocking GC Explicit
08-04 12:38:45.603 18964 18981 I art     : Explicit concurrent mark sweep GC freed 1343(80KB) AllocSpace objects, 1(20KB) LOS objects, 39% free, 24MB/40MB, paused 268us total 43.832ms
08-04 12:38:45.620 18964 18981 I art     : Starting a blocking GC Explicit
08-04 12:38:45.650 18964 18981 I art     : Explicit concurrent mark sweep GC freed 20(704B) AllocSpace objects, 0(0B) LOS objects, 39% free, 24MB/40MB, paused 244us total 30.333ms
08-04 12:38:45.663 18964 18981 I art     : Starting a blocking GC Explicit
08-04 12:38:45.694 18964 18981 I art     : Explicit concurrent mark sweep GC freed 3(96B) AllocSpace objects, 0(0B) LOS objects, 39% free, 24MB/40MB, paused 241us total 29.996ms
08-04 12:38:45.707 18964 18981 I art     : Starting a blocking GC Explicit
08-04 12:38:45.737 18964 18981 I art     : Explicit concurrent mark sweep GC freed 3(96B) AllocSpace objects, 0(0B) LOS objects, 39% free, 24MB/40MB, paused 251us total 30.354ms
08-04 12:38:45.751 18964 18981 I art     : Starting a blocking GC Explicit
08-04 12:38:45.781 18964 18981 I art     : Explicit concurrent mark sweep GC freed 3(96B) AllocSpace objects, 0(0B) LOS objects, 39% free, 24MB/40MB, paused 242us total 29.543ms
08-04 12:38:46.057 18964 20361 I art     : Starting a blocking GC Explicit
08-04 12:38:46.088 18964 20361 I art     : Explicit concurrent mark sweep GC freed 1343(80KB) AllocSpace objects, 1(20KB) LOS objects, 39% free, 24MB/40MB, paused 230us total 30.859ms
08-04 12:38:46.101 18964 20361 I art     : Starting a blocking GC Explicit
08-04 12:38:46.131 18964 20361 I art     : Explicit concurrent mark sweep GC freed 20(704B) AllocSpace objects, 0(0B) LOS objects, 39% free, 24MB/40MB, paused 230us total 29.758ms
08-04 12:38:46.144 18964 20361 I art     : Starting a blocking GC Explicit
08-04 12:38:46.173 18964 20361 I art     : Explicit concurrent mark sweep GC freed 3(96B) AllocSpace objects, 0(0B) LOS objects, 39% free, 24MB/40MB, paused 233us total 28.895ms
08-04 12:38:46.186 18964 20361 I art     : Starting a blocking GC Explicit
08-04 12:38:46.215 18964 20361 I art     : Explicit concurrent mark sweep GC freed 3(96B) AllocSpace objects, 0(0B) LOS objects, 39% free, 24MB/40MB, paused 225us total 28.829ms
08-04 12:38:46.228 18964 20361 I art     : Starting a blocking GC Explicit
08-04 12:38:46.258 18964 20361 I art     : Explicit concurrent mark sweep GC freed 3(96B) AllocSpace objects, 0(0B) LOS objects, 39% free, 24MB/40MB, paused 221us total 29.251ms
08-04 12:38:46.387 20374 20374 D AndroidRuntime: >>>>>> START com.android.internal.os.RuntimeInit uid 2000 <<<<<<
08-04 12:38:46.395 20374 20374 D AndroidRuntime: CheckJNI is OFF
08-04 12:38:46.428 20374 20374 D ICU     : No timezone override file found: /data/misc/zoneinfo/current/icu/icu_tzdata.dat
08-04 12:38:46.461 20374 20374 I Radio-JNI: register_android_hardware_Radio DONE
08-04 12:38:46.483 20374 20374 D AndroidRuntime: Calling main entry com.android.commands.input.Input
08-04 12:38:46.484 20374 20374 I Input   : injectKeyEvent: KeyEvent { action=ACTION_DOWN, keyCode=KEYCODE_BACK, scanCode=0, metaState=0, flags=0x0, repeatCount=0, eventTime=707942897, downTime=707942897, deviceId=-1, source=0x101 }
08-04 12:38:46.489 20374 20374 I Input   : injectKeyEvent: KeyEvent { action=ACTION_UP, keyCode=KEYCODE_BACK, scanCode=0, metaState=0, flags=0x0, repeatCount=0, eventTime=707942897, downTime=707942897, deviceId=-1, source=0x101 }
08-04 12:38:46.495 20374 20374 D AndroidRuntime: Shutting down VM
08-04 12:38:46.537 13866 13866 I GoogleInputMethodServic: GoogleInputMethodService.onFinishInput():3138 
08-04 12:38:46.539 13866 13866 I GoogleInputMethodServic: GoogleInputMethodService.onStartInput():1808 
08-04 12:38:46.545 18964 20361 I art     : Starting a blocking GC Explicit
08-04 12:38:46.575 18964 20361 I art     : Explicit concurrent mark sweep GC freed 1504(85KB) AllocSpace objects, 1(20KB) LOS objects, 39% free, 24MB/40MB, paused 232us total 30.223ms
08-04 12:38:46.591 18964 20361 I art     : Starting a blocking GC Explicit
08-04 12:38:46.616 18964 20361 I art     : Explicit concurrent mark sweep GC freed 42(1456B) AllocSpace objects, 0(0B) LOS objects, 39% free, 24MB/40MB, paused 201us total 24.457ms
08-04 12:38:46.628 18964 20361 I art     : Starting a blocking GC Explicit
08-04 12:38:46.656 18964 20361 I art     : Explicit concurrent mark sweep GC freed 3(96B) AllocSpace objects, 0(0B) LOS objects, 39% free, 24MB/40MB, paused 222us total 27.721ms
08-04 12:38:46.669 18964 20361 I art     : Starting a blocking GC Explicit
08-04 12:38:46.695 18964 20361 I art     : Explicit concurrent mark sweep GC freed 3(96B) AllocSpace objects, 0(0B) LOS objects, 39% free, 24MB/40MB, paused 196us total 26.552ms
08-04 12:38:46.709 18964 20361 I art     : Starting a blocking GC Explicit
08-04 12:38:46.738 18964 20361 I art     : Explicit concurrent mark sweep GC freed 3(96B) AllocSpace objects, 0(0B) LOS objects, 39% free, 24MB/40MB, paused 233us total 28.665ms
08-04 12:38:46.991 18964 18992 I art     : Starting a blocking GC Explicit
08-04 12:38:47.028 18964 18992 I art     : Explicit concurrent mark sweep GC freed 1404(82KB) AllocSpace objects, 1(20KB) LOS objects, 39% free, 24MB/40MB, paused 264us total 36.593ms
08-04 12:38:47.042 18964 18992 I art     : Starting a blocking GC Explicit
08-04 12:38:47.073 18964 18992 I art     : Explicit concurrent mark sweep GC freed 150(7KB) AllocSpace objects, 0(0B) LOS objects, 39% free, 24MB/40MB, paused 247us total 31.031ms
08-04 12:38:47.086 18964 18992 I art     : Starting a blocking GC Explicit
08-04 12:38:47.117 18964 18992 I art     : Explicit concurrent mark sweep GC freed 3(96B) AllocSpace objects, 0(0B) LOS objects, 39% free, 24MB/40MB, paused 291us total 30.802ms
08-04 12:38:47.131 18964 18992 I art     : Starting a blocking GC Explicit
08-04 12:38:47.163 18964 18992 I art     : Explicit concurrent mark sweep GC freed 3(96B) AllocSpace objects, 0(0B) LOS objects, 39% free, 24MB/40MB, paused 243us total 31.609ms
08-04 12:38:47.176 18964 18992 I art     : Starting a blocking GC Explicit
08-04 12:38:47.207 18964 18992 I art     : Explicit concurrent mark sweep GC freed 3(96B) AllocSpace objects, 0(0B) LOS objects, 39% free, 24MB/40MB, paused 259us total 31.444ms
08-04 12:38:47.497 18964 18980 I art     : Starting a blocking GC Explicit
08-04 12:38:47.533 18964 18980 I art     : Explicit concurrent mark sweep GC freed 1343(80KB) AllocSpace objects, 1(20KB) LOS objects, 39% free, 24MB/40MB, paused 256us total 35.782ms
08-04 12:38:47.546 18964 18980 I art     : Starting a blocking GC Explicit
08-04 12:38:47.578 18964 18980 I art     : Explicit concurrent mark sweep GC freed 20(704B) AllocSpace objects, 0(0B) LOS objects, 39% free, 24MB/40MB, paused 246us total 31.672ms
08-04 12:38:47.592 18964 18980 I art     : Starting a blocking GC Explicit
08-04 12:38:47.623 18964 18980 I art     : Explicit concurrent mark sweep GC freed 3(96B) AllocSpace objects, 0(0B) LOS objects, 39% free, 24MB/40MB, paused 248us total 31.302ms
08-04 12:38:47.637 18964 18980 I art     : Starting a blocking GC Explicit
08-04 12:38:47.669 18964 18980 I art     : Explicit concurrent mark sweep GC freed 3(96B) AllocSpace objects, 0(0B) LOS objects, 39% free, 24MB/40MB, paused 255us total 31.755ms
08-04 12:38:47.682 18964 18980 I art     : Starting a blocking GC Explicit
08-04 12:38:47.713 18964 18980 I art     : Explicit concurrent mark sweep GC freed 3(96B) AllocSpace objects, 0(0B) LOS objects, 39% free, 24MB/40MB, paused 248us total 30.723ms
08-04 12:38:47.985 18964 19193 I art     : Starting a blocking GC Explicit
08-04 12:38:48.025 18964 19193 I art     : Explicit concurrent mark sweep GC freed 1343(80KB) AllocSpace objects, 1(20KB) LOS objects, 39% free, 24MB/40MB, paused 312us total 39.125ms
08-04 12:38:48.039 18964 19193 I art     : Starting a blocking GC Explicit
08-04 12:38:48.069 18964 19193 I art     : Explicit concurrent mark sweep GC freed 20(704B) AllocSpace objects, 0(0B) LOS objects, 39% free, 24MB/40MB, paused 257us total 30.608ms
08-04 12:38:48.082 18964 19193 I art     : Starting a blocking GC Explicit
08-04 12:38:48.113 18964 19193 I art     : Explicit concurrent mark sweep GC freed 3(96B) AllocSpace objects, 0(0B) LOS objects, 39% free, 24MB/40MB, paused 621us total 30.340ms
08-04 12:38:48.126 18964 19193 I art     : Starting a blocking GC Explicit
08-04 12:38:48.155 18964 19193 I art     : Explicit concurrent mark sweep GC freed 3(96B) AllocSpace objects, 0(0B) LOS objects, 39% free, 24MB/40MB, paused 273us total 29.455ms
08-04 12:38:48.161 20426 20426 D AndroidRuntime: >>>>>> START com.android.internal.os.RuntimeInit uid 2000 <<<<<<
08-04 12:38:48.166 20426 20426 D AndroidRuntime: CheckJNI is OFF
08-04 12:38:48.168 18964 19193 I art     : Starting a blocking GC Explicit
08-04 12:38:48.198 18964 19193 I art     : Explicit concurrent mark sweep GC freed 3(96B) AllocSpace objects, 0(0B) LOS objects, 39% free, 24MB/40MB, paused 286us total 29.328ms
08-04 12:38:48.201 20426 20426 D ICU     : No timezone override file found: /data/misc/zoneinfo/current/icu/icu_tzdata.dat
08-04 12:38:48.236 20426 20426 I Radio-JNI: register_android_hardware_Radio DONE
08-04 12:38:48.257 20426 20426 D AndroidRuntime: Calling main entry com.android.commands.input.Input
08-04 12:38:48.259 20426 20426 I Input   : injectMotionEvent: MotionEvent { action=ACTION_DOWN, actionButton=0, id[0]=0, x[0]=600.0, y[0]=1536.0, toolType[0]=TOOL_TYPE_UNKNOWN, buttonState=0, metaState=0, flags=0x0, edgeFlags=0x0, pointerCount=1, historySize=0, eventTime=707944672, downTime=707944672, deviceId=0, source=0x1002 }
08-04 12:38:48.265 20426 20426 I Input   : injectMotionEvent: MotionEvent { action=ACTION_UP, actionButton=0, id[0]=0, x[0]=600.0, y[0]=1536.0, toolType[0]=TOOL_TYPE_UNKNOWN, buttonState=0, metaState=0, flags=0x0, edgeFlags=0x0, pointerCount=1, historySize=0, eventTime=707944672, downTime=707944672, deviceId=0, source=0x1002 }
08-04 12:38:48.267 20426 20426 D AndroidRuntime: Shutting down VM
08-04 12:38:48.280   918   928 I ActivityManager: START u0 {dat=https://oauth.reddit.com/... cmp=baseline.org.quantumbadger.redreader/.activities.PostListingActivity} from uid 10666 on display 0
08-04 12:38:48.280   512  2967 D audio_hw_primary: out_set_parameters: enter: usecase(1: low-latency-playback) kvpairs: routing=2
08-04 12:38:48.293   512  2967 D audio_hw_primary: select_devices: out_snd_device(2: speaker) in_snd_device(0: none)
08-04 12:38:48.293   512  2967 D msm8974_platform: platform_send_audio_calibration: sending audio calibration for snd_device(2) acdb_id(15)
08-04 12:38:48.294   512  2967 I soundtrigger: audio_extn_sound_trigger_update_device_status: device 0x2 of type 0 for Event 1
08-04 12:38:48.303 18964 18964 I AppCompatViewInflater: app:theme is now deprecated. Please move to using android:theme instead.
08-04 12:38:48.306   512  2967 D audio_hw_primary: enable_snd_device: snd_device(2: speaker)
08-04 12:38:48.308   512  2967 D audio_hw_primary: enable_audio_route: apply and update mixer path: low-latency-playback speaker
08-04 12:38:48.327 18964 20451 D OK      : calling: https://oauth.reddit.com/r/askscience/about.json
08-04 12:38:48.388   918   936 I ActivityManager: Displayed baseline.org.quantumbadger.redreader/.activities.PostListingActivity: +97ms
08-04 12:38:48.388 13866 13866 I GoogleInputMethodServic: GoogleInputMethodService.onFinishInput():3138 
08-04 12:38:48.389 13866 13866 I GoogleInputMethodServic: GoogleInputMethodService.onStartInput():1808 
08-04 12:38:48.443 18964 18992 I art     : Starting a blocking GC Explicit
08-04 12:38:48.472 18964 18992 I art     : Explicit concurrent mark sweep GC freed 4906(261KB) AllocSpace objects, 1(20KB) LOS objects, 38% free, 25MB/41MB, paused 298us total 28.863ms
08-04 12:38:48.484 18964 18992 I art     : Starting a blocking GC Explicit
08-04 12:38:48.515 18964 18992 I art     : Explicit concurrent mark sweep GC freed 567(29KB) AllocSpace objects, 0(0B) LOS objects, 39% free, 25MB/41MB, paused 339us total 30.236ms
08-04 12:38:48.529 18964 18992 I art     : Starting a blocking GC Explicit
08-04 12:38:48.565 18964 18992 I art     : Explicit concurrent mark sweep GC freed 8(288B) AllocSpace objects, 0(0B) LOS objects, 39% free, 25MB/41MB, paused 306us total 35.271ms
08-04 12:38:48.580 18964 18992 I art     : Starting a blocking GC Explicit
08-04 12:38:48.601 18964 20451 I NAPPA_EXPERIMENTATION: MetricNetworkRequestExecutionTime: REQUEST_DURATION_SYSTEM='273',REQUEST_DURATION_OKHTTP='146',REQUEST_SYNCHRONOUS='TRUE',RESPONSE_CODE='200',RESPONSE_METHOD='GET',RESPONSE_LENGTH_OKHTTP='-1',RESPONSE_LENGTH_HEADER='4700',REQUEST_PROTOCOL='h2',REQUEST_URL='https://oauth.reddit.com/r/askscience/about.json',
08-04 12:38:48.601 18964 20451 D OK      : request got status: 200
08-04 12:38:48.620 18964 18992 I art     : Explicit concurrent mark sweep GC freed 845(100KB) AllocSpace objects, 1(20KB) LOS objects, 38% free, 25MB/41MB, paused 706us total 39.125ms
08-04 12:38:48.635 18964 18992 I art     : Starting a blocking GC Explicit
08-04 12:38:48.646   380   380 W SurfaceFlinger: couldn't log to binary event log: overflow.
08-04 12:38:48.667 18964 18992 I art     : Explicit concurrent mark sweep GC freed 420(71KB) AllocSpace objects, 1(68KB) LOS objects, 38% free, 25MB/41MB, paused 295us total 31.822ms
08-04 12:38:48.850   512  2967 D audio_hw_primary: disable_audio_route: reset and update mixer path: low-latency-playback speaker
08-04 12:38:48.851   512  2967 D audio_hw_primary: disable_snd_device: snd_device(2: speaker)
08-04 12:38:48.859   512  2967 I soundtrigger: audio_extn_sound_trigger_update_device_status: device 0x2 of type 0 for Event 0
08-04 12:38:48.962 18964 18980 I art     : Starting a blocking GC Explicit
08-04 12:38:49.008 18964 18980 I art     : Explicit concurrent mark sweep GC freed 2031(129KB) AllocSpace objects, 2(88KB) LOS objects, 38% free, 25MB/41MB, paused 353us total 44.907ms
08-04 12:38:49.021 18964 18980 I art     : Starting a blocking GC Explicit
08-04 12:38:49.051 18964 18980 I art     : Explicit concurrent mark sweep GC freed 29(1008B) AllocSpace objects, 0(0B) LOS objects, 38% free, 25MB/41MB, paused 331us total 29.791ms
08-04 12:38:49.065 18964 18980 I art     : Starting a blocking GC Explicit
08-04 12:38:49.096 18964 18980 I art     : Explicit concurrent mark sweep GC freed 27(1120B) AllocSpace objects, 0(0B) LOS objects, 38% free, 25MB/41MB, paused 302us total 30.945ms
08-04 12:38:49.110 18964 18980 I art     : Starting a blocking GC Explicit
08-04 12:38:49.140 18964 18980 I art     : Explicit concurrent mark sweep GC freed 3(96B) AllocSpace objects, 0(0B) LOS objects, 38% free, 25MB/41MB, paused 283us total 29.500ms
08-04 12:38:49.153 18964 18980 I art     : Starting a blocking GC Explicit
08-04 12:38:49.183 18964 18980 I art     : Explicit concurrent mark sweep GC freed 3(96B) AllocSpace objects, 0(0B) LOS objects, 38% free, 25MB/41MB, paused 255us total 30.512ms
08-04 12:38:49.465 18964 20361 I art     : Starting a blocking GC Explicit
08-04 12:38:49.497 18964 20361 I art     : Explicit concurrent mark sweep GC freed 1343(80KB) AllocSpace objects, 1(20KB) LOS objects, 38% free, 25MB/41MB, paused 447us total 32.513ms
08-04 12:38:49.511 18964 20361 I art     : Starting a blocking GC Explicit
08-04 12:38:49.528 18964 20488 D OK      : calling: https://oauth.reddit.com/r/askscience/hot/.json
08-04 12:38:49.543 18964 20361 I art     : Explicit concurrent mark sweep GC freed 111(4KB) AllocSpace objects, 0(0B) LOS objects, 38% free, 25MB/41MB, paused 355us total 31.783ms
08-04 12:38:49.556 18964 20361 I art     : Starting a blocking GC Explicit
08-04 12:38:49.587 18964 20361 I art     : Explicit concurrent mark sweep GC freed 10(384B) AllocSpace objects, 0(0B) LOS objects, 38% free, 25MB/41MB, paused 324us total 30.332ms
08-04 12:38:49.600 18964 20361 I art     : Starting a blocking GC Explicit
08-04 12:38:49.631 18964 20361 I art     : Explicit concurrent mark sweep GC freed 3(96B) AllocSpace objects, 0(0B) LOS objects, 38% free, 25MB/41MB, paused 417us total 30.917ms
08-04 12:38:49.644 18964 20361 I art     : Starting a blocking GC Explicit
08-04 12:38:49.675 18964 20361 I art     : Explicit concurrent mark sweep GC freed 3(96B) AllocSpace objects, 0(0B) LOS objects, 38% free, 25MB/41MB, paused 327us total 30.727ms
08-04 12:38:49.716 18964 20488 I NAPPA_EXPERIMENTATION: MetricNetworkRequestExecutionTime: REQUEST_DURATION_SYSTEM='188',REQUEST_DURATION_OKHTTP='183',REQUEST_SYNCHRONOUS='TRUE',RESPONSE_CODE='200',RESPONSE_METHOD='GET',RESPONSE_LENGTH_OKHTTP='-1',RESPONSE_LENGTH_HEADER='21282',REQUEST_PROTOCOL='h2',REQUEST_URL='https://oauth.reddit.com/r/askscience/hot/.json',
08-04 12:38:49.716 18964 20488 D OK      : request got status: 200
08-04 12:38:49.732 18964 19540 I PostListingFragment: Precaching images: OFF
08-04 12:38:49.732 18964 19540 I PostListingFragment: Precaching comments: OFF
08-04 12:38:49.752 13866 13882 I PeriodicStatsRunner: PeriodicStatsRunner.call():175 call()
08-04 12:38:49.752 13866 13882 I PeriodicStatsRunner: PeriodicStatsRunner.call():179 No submit PeriodicStats since input started.
08-04 12:38:49.932 18964 18980 I art     : Starting a blocking GC Explicit
08-04 12:38:49.970 18964 18980 I art     : Explicit concurrent mark sweep GC freed 17481(872KB) AllocSpace objects, 3(156KB) LOS objects, 38% free, 25MB/41MB, paused 426us total 37.667ms
08-04 12:38:49.984 18964 18980 I art     : Starting a blocking GC Explicit
08-04 12:38:50.017 18964 18980 I art     : Explicit concurrent mark sweep GC freed 4857(184KB) AllocSpace objects, 0(0B) LOS objects, 38% free, 25MB/41MB, paused 332us total 32.435ms
08-04 12:38:50.029 18964 18980 I art     : Starting a blocking GC Explicit
08-04 12:38:50.059 18964 18980 I art     : Explicit concurrent mark sweep GC freed 11815(553KB) AllocSpace objects, 0(0B) LOS objects, 38% free, 25MB/41MB, paused 427us total 29.439ms
08-04 12:38:50.072 18964 18980 I art     : Starting a blocking GC Explicit
08-04 12:38:50.102 18964 18980 I art     : Explicit concurrent mark sweep GC freed 485(23KB) AllocSpace objects, 0(0B) LOS objects, 38% free, 25MB/41MB, paused 441us total 30.232ms
08-04 12:38:50.115 18964 18980 I art     : Starting a blocking GC Explicit
08-04 12:38:50.147 18964 18980 I art     : Explicit concurrent mark sweep GC freed 824(41KB) AllocSpace objects, 0(0B) LOS objects, 38% free, 25MB/41MB, paused 608us total 32.206ms
08-04 12:38:50.455 18964 19193 I art     : Starting a blocking GC Explicit
08-04 12:38:50.489 18964 19193 I art     : Explicit concurrent mark sweep GC freed 1830(100KB) AllocSpace objects, 1(20KB) LOS objects, 38% free, 25MB/41MB, paused 254us total 33.465ms
08-04 12:38:50.502 18964 19193 I art     : Starting a blocking GC Explicit
08-04 12:38:50.536 18964 19193 I art     : Explicit concurrent mark sweep GC freed 32(1200B) AllocSpace objects, 0(0B) LOS objects, 38% free, 25MB/41MB, paused 294us total 33.303ms
08-04 12:38:50.550 18964 19193 I art     : Starting a blocking GC Explicit
08-04 12:38:50.583 18964 19193 I art     : Explicit concurrent mark sweep GC freed 3(96B) AllocSpace objects, 0(0B) LOS objects, 38% free, 25MB/41MB, paused 281us total 32.762ms
08-04 12:38:50.596 18964 19193 I art     : Starting a blocking GC Explicit
08-04 12:38:50.629 18964 19193 I art     : Explicit concurrent mark sweep GC freed 3(96B) AllocSpace objects, 0(0B) LOS objects, 38% free, 25MB/41MB, paused 290us total 32.679ms
08-04 12:38:50.643 18964 19193 I art     : Starting a blocking GC Explicit
08-04 12:38:50.677 18964 19193 I art     : Explicit concurrent mark sweep GC freed 3(96B) AllocSpace objects, 0(0B) LOS objects, 38% free, 25MB/41MB, paused 368us total 34.214ms
08-04 12:38:50.995 18964 18992 I art     : Starting a blocking GC Explicit
08-04 12:38:51.048 18964 18992 I art     : Explicit concurrent mark sweep GC freed 1344(80KB) AllocSpace objects, 1(20KB) LOS objects, 38% free, 25MB/41MB, paused 397us total 52.220ms
08-04 12:38:51.068 18964 18992 I art     : Starting a blocking GC Explicit
08-04 12:38:51.101 18964 18992 I art     : Explicit concurrent mark sweep GC freed 20(704B) AllocSpace objects, 0(0B) LOS objects, 38% free, 25MB/41MB, paused 288us total 33.493ms
08-04 12:38:51.115 18964 18992 I art     : Starting a blocking GC Explicit
08-04 12:38:51.149 18964 18992 I art     : Explicit concurrent mark sweep GC freed 3(96B) AllocSpace objects, 0(0B) LOS objects, 38% free, 25MB/41MB, paused 293us total 33.510ms
08-04 12:38:51.162 18964 18992 I art     : Starting a blocking GC Explicit
08-04 12:38:51.196 18964 18992 I art     : Explicit concurrent mark sweep GC freed 3(96B) AllocSpace objects, 0(0B) LOS objects, 38% free, 25MB/41MB, paused 296us total 33.584ms
08-04 12:38:51.210 18964 18992 I art     : Starting a blocking GC Explicit
08-04 12:38:51.244 18964 18992 I art     : Explicit concurrent mark sweep GC freed 3(96B) AllocSpace objects, 0(0B) LOS objects, 38% free, 25MB/41MB, paused 286us total 33.578ms
08-04 12:38:51.539 13866 13882 I PeriodicStatsRunner: PeriodicStatsRunner.call():175 call()
08-04 12:38:51.539 13866 13882 I PeriodicStatsRunner: PeriodicStatsRunner.call():179 No submit PeriodicStats since input started.
08-04 12:38:51.560 18964 20361 I art     : Starting a blocking GC Explicit
08-04 12:38:51.595 18964 20361 I art     : Explicit concurrent mark sweep GC freed 1344(80KB) AllocSpace objects, 1(20KB) LOS objects, 38% free, 25MB/41MB, paused 291us total 34.990ms
08-04 12:38:51.608 18964 20361 I art     : Starting a blocking GC Explicit
08-04 12:38:51.642 18964 20361 I art     : Explicit concurrent mark sweep GC freed 20(704B) AllocSpace objects, 0(0B) LOS objects, 38% free, 25MB/41MB, paused 283us total 33.433ms
08-04 12:38:51.656 18964 20361 I art     : Starting a blocking GC Explicit
08-04 12:38:51.690 18964 20361 I art     : Explicit concurrent mark sweep GC freed 3(96B) AllocSpace objects, 0(0B) LOS objects, 38% free, 25MB/41MB, paused 289us total 34.181ms
08-04 12:38:51.704 18964 20361 I art     : Starting a blocking GC Explicit
08-04 12:38:51.738 18964 20361 I art     : Explicit concurrent mark sweep GC freed 3(96B) AllocSpace objects, 0(0B) LOS objects, 38% free, 25MB/41MB, paused 290us total 34.233ms
08-04 12:38:51.752 18964 20361 I art     : Starting a blocking GC Explicit
08-04 12:38:51.786 18964 20361 I art     : Explicit concurrent mark sweep GC freed 3(96B) AllocSpace objects, 0(0B) LOS objects, 38% free, 25MB/41MB, paused 297us total 33.988ms
08-04 12:38:52.097 18964 18981 I art     : Starting a blocking GC Explicit
08-04 12:38:52.141 18964 18981 I art     : Explicit concurrent mark sweep GC freed 1343(80KB) AllocSpace objects, 1(20KB) LOS objects, 38% free, 25MB/41MB, paused 326us total 43.489ms
08-04 12:38:52.158 18964 18981 I art     : Starting a blocking GC Explicit
08-04 12:38:52.194 18964 18981 I art     : Explicit concurrent mark sweep GC freed 20(704B) AllocSpace objects, 0(0B) LOS objects, 38% free, 25MB/41MB, paused 275us total 35.859ms
08-04 12:38:52.208 18964 18981 I art     : Starting a blocking GC Explicit
08-04 12:38:52.242 18964 18981 I art     : Explicit concurrent mark sweep GC freed 3(96B) AllocSpace objects, 0(0B) LOS objects, 38% free, 25MB/41MB, paused 303us total 33.742ms
08-04 12:38:52.256 18964 18981 I art     : Starting a blocking GC Explicit
08-04 12:38:52.290 18964 18981 I art     : Explicit concurrent mark sweep GC freed 3(96B) AllocSpace objects, 0(0B) LOS objects, 38% free, 25MB/41MB, paused 287us total 33.833ms
08-04 12:38:52.304 18964 18981 I art     : Starting a blocking GC Explicit
08-04 12:38:52.338 18964 18981 I art     : Explicit concurrent mark sweep GC freed 3(96B) AllocSpace objects, 0(0B) LOS objects, 38% free, 25MB/41MB, paused 301us total 34.155ms
08-04 12:38:52.662 18964 18980 I art     : Starting a blocking GC Explicit
08-04 12:38:52.699 18964 18980 I art     : Explicit concurrent mark sweep GC freed 1343(80KB) AllocSpace objects, 1(20KB) LOS objects, 38% free, 25MB/41MB, paused 299us total 37.241ms
08-04 12:38:52.713 18964 18980 I art     : Starting a blocking GC Explicit
08-04 12:38:52.747 18964 18980 I art     : Explicit concurrent mark sweep GC freed 20(704B) AllocSpace objects, 0(0B) LOS objects, 38% free, 25MB/41MB, paused 277us total 33.212ms
08-04 12:38:52.760 18964 18980 I art     : Starting a blocking GC Explicit
08-04 12:38:52.794 18964 18980 I art     : Explicit concurrent mark sweep GC freed 3(96B) AllocSpace objects, 0(0B) LOS objects, 38% free, 25MB/41MB, paused 296us total 33.695ms
08-04 12:38:52.808 18964 18980 I art     : Starting a blocking GC Explicit
08-04 12:38:52.842 18964 18980 I art     : Explicit concurrent mark sweep GC freed 3(96B) AllocSpace objects, 0(0B) LOS objects, 38% free, 25MB/41MB, paused 286us total 33.400ms
08-04 12:38:52.855 18964 18980 I art     : Starting a blocking GC Explicit
08-04 12:38:52.889 18964 18980 I art     : Explicit concurrent mark sweep GC freed 3(96B) AllocSpace objects, 0(0B) LOS objects, 38% free, 25MB/41MB, paused 298us total 33.411ms
08-04 12:38:53.190 18964 19193 I art     : Starting a blocking GC Explicit
08-04 12:38:53.234 18964 19193 I art     : Explicit concurrent mark sweep GC freed 1347(80KB) AllocSpace objects, 1(20KB) LOS objects, 38% free, 25MB/41MB, paused 324us total 42.876ms
08-04 12:38:53.250 18964 19193 I art     : Starting a blocking GC Explicit
08-04 12:38:53.284 18964 19193 I art     : Explicit concurrent mark sweep GC freed 20(704B) AllocSpace objects, 0(0B) LOS objects, 38% free, 25MB/41MB, paused 275us total 33.471ms
08-04 12:38:53.298 18964 19193 I art     : Starting a blocking GC Explicit
08-04 12:38:53.332 18964 19193 I art     : Explicit concurrent mark sweep GC freed 3(96B) AllocSpace objects, 0(0B) LOS objects, 38% free, 25MB/41MB, paused 300us total 33.590ms
08-04 12:38:53.345 18964 19193 I art     : Starting a blocking GC Explicit
08-04 12:38:53.380 18964 19193 I art     : Explicit concurrent mark sweep GC freed 3(96B) AllocSpace objects, 0(0B) LOS objects, 38% free, 25MB/41MB, paused 299us total 34.054ms
08-04 12:38:53.389 13866 13882 I PeriodicStatsRunner: PeriodicStatsRunner.call():175 call()
08-04 12:38:53.390 13866 13882 I PeriodicStatsRunner: PeriodicStatsRunner.call():179 No submit PeriodicStats since input started.
08-04 12:38:53.393 18964 19193 I art     : Starting a blocking GC Explicit
08-04 12:38:53.427 18964 19193 I art     : Explicit concurrent mark sweep GC freed 3(96B) AllocSpace objects, 0(0B) LOS objects, 38% free, 25MB/41MB, paused 381us total 33.470ms
08-04 12:38:53.687 18964 18992 I art     : Starting a blocking GC Explicit
08-04 12:38:53.721 18964 18992 I art     : Explicit concurrent mark sweep GC freed 1344(80KB) AllocSpace objects, 1(20KB) LOS objects, 38% free, 25MB/41MB, paused 287us total 33.866ms
08-04 12:38:53.734 18964 18992 I art     : Starting a blocking GC Explicit
08-04 12:38:53.767 18964 18992 I art     : Explicit concurrent mark sweep GC freed 20(704B) AllocSpace objects, 0(0B) LOS objects, 38% free, 25MB/41MB, paused 288us total 32.220ms
08-04 12:38:53.780 18964 18992 I art     : Starting a blocking GC Explicit
08-04 12:38:53.813 18964 18992 I art     : Explicit concurrent mark sweep GC freed 3(96B) AllocSpace objects, 0(0B) LOS objects, 38% free, 25MB/41MB, paused 289us total 32.500ms
08-04 12:38:53.827 18964 18992 I art     : Starting a blocking GC Explicit
08-04 12:38:53.859 18964 18992 I art     : Explicit concurrent mark sweep GC freed 3(96B) AllocSpace objects, 0(0B) LOS objects, 38% free, 25MB/41MB, paused 287us total 32.021ms
08-04 12:38:53.872 18964 18992 I art     : Starting a blocking GC Explicit
08-04 12:38:53.903 18964 18992 I art     : Explicit concurrent mark sweep GC freed 3(96B) AllocSpace objects, 0(0B) LOS objects, 38% free, 25MB/41MB, paused 278us total 31.010ms
08-04 12:38:53.962 20569 20569 D AndroidRuntime: >>>>>> START com.android.internal.os.RuntimeInit uid 2000 <<<<<<
08-04 12:38:53.967 20569 20569 D AndroidRuntime: CheckJNI is OFF
08-04 12:38:54.006 20569 20569 D ICU     : No timezone override file found: /data/misc/zoneinfo/current/icu/icu_tzdata.dat
08-04 12:38:54.044 20569 20569 I Radio-JNI: register_android_hardware_Radio DONE
08-04 12:38:54.068 20569 20569 D AndroidRuntime: Calling main entry com.android.commands.input.Input
08-04 12:38:54.070 20569 20569 I Input   : injectMotionEvent: MotionEvent { action=ACTION_DOWN, actionButton=0, id[0]=0, x[0]=600.0, y[0]=700.0, toolType[0]=TOOL_TYPE_UNKNOWN, buttonState=0, metaState=0, flags=0x0, edgeFlags=0x0, pointerCount=1, historySize=0, eventTime=707950483, downTime=707950483, deviceId=0, source=0x1002 }
08-04 12:38:54.076 20569 20569 I Input   : injectMotionEvent: MotionEvent { action=ACTION_UP, actionButton=0, id[0]=0, x[0]=600.0, y[0]=700.0, toolType[0]=TOOL_TYPE_UNKNOWN, buttonState=0, metaState=0, flags=0x0, edgeFlags=0x0, pointerCount=1, historySize=0, eventTime=707950483, downTime=707950483, deviceId=0, source=0x1002 }
08-04 12:38:54.078 20569 20569 D AndroidRuntime: Shutting down VM
08-04 12:38:54.091   512  2967 D audio_hw_primary: out_set_parameters: enter: usecase(1: low-latency-playback) kvpairs: routing=2
08-04 12:38:54.095   918  5132 I ActivityManager: START u0 {dat=https://oauth.reddit.com/... cmp=baseline.org.quantumbadger.redreader/.activities.CommentListingActivity} from uid 10666 on display 0
08-04 12:38:54.104   512  2967 D audio_hw_primary: select_devices: out_snd_device(2: speaker) in_snd_device(0: none)
08-04 12:38:54.104   512  2967 D msm8974_platform: platform_send_audio_calibration: sending audio calibration for snd_device(2) acdb_id(15)
08-04 12:38:54.104   512  2967 I soundtrigger: audio_extn_sound_trigger_update_device_status: device 0x2 of type 0 for Event 1
08-04 12:38:54.117 18964 18964 I AppCompatViewInflater: app:theme is now deprecated. Please move to using android:theme instead.
08-04 12:38:54.118   512  2967 D audio_hw_primary: enable_snd_device: snd_device(2: speaker)
08-04 12:38:54.120   512  2967 D audio_hw_primary: enable_audio_route: apply and update mixer path: low-latency-playback speaker
08-04 12:38:54.134 18964 19540 I CommentListingActivity: COMMENTS session changed to 4e030452-85b8-49b7-bcec-0351ab080945
08-04 12:38:54.203 18964 18980 I art     : Starting a blocking GC Explicit
08-04 12:38:54.221 13866 13866 I GoogleInputMethodServic: GoogleInputMethodService.onFinishInput():3138 
08-04 12:38:54.222 13866 13866 I GoogleInputMethodServic: GoogleInputMethodService.onStartInput():1808 
08-04 12:38:54.226   918   936 I ActivityManager: Displayed baseline.org.quantumbadger.redreader/.activities.CommentListingActivity: +122ms
08-04 12:38:54.248 18964 18980 I art     : Explicit concurrent mark sweep GC freed 22500(1528KB) AllocSpace objects, 3(56KB) LOS objects, 36% free, 27MB/43MB, paused 805us total 44.381ms
08-04 12:38:54.262 18964 18980 I art     : Starting a blocking GC Explicit
08-04 12:38:54.316 18964 18980 I art     : Explicit concurrent mark sweep GC freed 14863(1016KB) AllocSpace objects, 1(16KB) LOS objects, 35% free, 29MB/45MB, paused 1.274ms total 53.139ms
08-04 12:38:54.332 18964 18980 I art     : Starting a blocking GC Explicit
08-04 12:38:54.379 18964 18980 I art     : Explicit concurrent mark sweep GC freed 9051(622KB) AllocSpace objects, 0(0B) LOS objects, 35% free, 29MB/45MB, paused 652us total 46.905ms
08-04 12:38:54.394 18964 18980 I art     : Starting a blocking GC Explicit
08-04 12:38:54.444 18964 18980 I art     : Explicit concurrent mark sweep GC freed 19179(852KB) AllocSpace objects, 0(0B) LOS objects, 36% free, 28MB/44MB, paused 319us total 48.742ms
08-04 12:38:54.461 18964 18980 I art     : Starting a blocking GC Explicit
08-04 12:38:54.485   380   380 W SurfaceFlinger: couldn't log to binary event log: overflow.
08-04 12:38:54.510 18964 18980 I art     : Explicit concurrent mark sweep GC freed 9(448B) AllocSpace objects, 0(0B) LOS objects, 36% free, 28MB/44MB, paused 293us total 48.029ms
08-04 12:38:54.660   512  2967 D audio_hw_primary: disable_audio_route: reset and update mixer path: low-latency-playback speaker
08-04 12:38:54.661   512  2967 D audio_hw_primary: disable_snd_device: snd_device(2: speaker)
08-04 12:38:54.671   512  2967 I soundtrigger: audio_extn_sound_trigger_update_device_status: device 0x2 of type 0 for Event 0
08-04 12:38:54.765 18964 20489 I RedditChangeDataIO: Writing tmp data file at '/data/user/0/baseline.org.quantumbadger.redreader/files/rr_change_data_tmp.dat'
08-04 12:38:54.766 18964 20489 I RedditChangeDataManager: Taking snapshot...
08-04 12:38:54.766 18964 20489 I RedditChangeDataManager: Writing to stream...
08-04 12:38:54.766 18964 20489 I RedditChangeDataManager: Wrote 3 entries for user ''
08-04 12:38:54.766 18964 20489 I RedditChangeDataManager: All entries written to stream.
08-04 12:38:54.767 18964 20489 I RedditChangeDataIO: Write successful. Atomically replacing data file...
08-04 12:38:54.767 18964 20489 I RedditChangeDataIO: Write complete.
08-04 12:38:54.767 18964 20489 I RedditChangeDataIO: 86 bytes written in 2 ms
08-04 12:38:54.805 18964 20361 I art     : Starting a blocking GC Explicit
08-04 12:38:54.856 18964 20361 I art     : Explicit concurrent mark sweep GC freed 1764(127KB) AllocSpace objects, 2(88KB) LOS objects, 36% free, 28MB/44MB, paused 223us total 50.755ms
08-04 12:38:54.873 18964 20361 I art     : Starting a blocking GC Explicit
08-04 12:38:54.919 18964 20361 I art     : Explicit concurrent mark sweep GC freed 92(3KB) AllocSpace objects, 0(0B) LOS objects, 36% free, 28MB/44MB, paused 289us total 46.045ms
08-04 12:38:54.935 18964 20361 I art     : Starting a blocking GC Explicit
08-04 12:38:54.981 18964 20361 I art     : Explicit concurrent mark sweep GC freed 3(96B) AllocSpace objects, 0(0B) LOS objects, 36% free, 28MB/44MB, paused 254us total 45.452ms
08-04 12:38:54.997 18964 20361 I art     : Starting a blocking GC Explicit
08-04 12:38:55.043 18964 20361 I art     : Explicit concurrent mark sweep GC freed 3(96B) AllocSpace objects, 0(0B) LOS objects, 36% free, 28MB/44MB, paused 255us total 46.543ms
08-04 12:38:55.059 18964 20361 I art     : Starting a blocking GC Explicit
08-04 12:38:55.106 18964 20361 I art     : Explicit concurrent mark sweep GC freed 3(96B) AllocSpace objects, 0(0B) LOS objects, 36% free, 28MB/44MB, paused 216us total 46.453ms
08-04 12:38:55.383 18964 18981 I art     : Starting a blocking GC Explicit
08-04 12:38:55.442 18964 18981 I art     : Explicit concurrent mark sweep GC freed 1343(80KB) AllocSpace objects, 1(20KB) LOS objects, 36% free, 28MB/44MB, paused 284us total 58.540ms
08-04 12:38:55.461 18964 18981 I art     : Starting a blocking GC Explicit
08-04 12:38:55.509 18964 18981 I art     : Explicit concurrent mark sweep GC freed 66(2528B) AllocSpace objects, 0(0B) LOS objects, 36% free, 28MB/44MB, paused 237us total 47.538ms
08-04 12:38:55.525 18964 18981 I art     : Starting a blocking GC Explicit
08-04 12:38:55.572 18964 18981 I art     : Explicit concurrent mark sweep GC freed 3(96B) AllocSpace objects, 0(0B) LOS objects, 36% free, 28MB/44MB, paused 259us total 47.610ms
08-04 12:38:55.588 18964 18981 I art     : Starting a blocking GC Explicit
08-04 12:38:55.635 18964 18981 I art     : Explicit concurrent mark sweep GC freed 3(96B) AllocSpace objects, 0(0B) LOS objects, 36% free, 28MB/44MB, paused 264us total 46.558ms
08-04 12:38:55.651 18964 18981 I art     : Starting a blocking GC Explicit
08-04 12:38:55.699 18964 18981 I art     : Explicit concurrent mark sweep GC freed 3(96B) AllocSpace objects, 0(0B) LOS objects, 36% free, 28MB/44MB, paused 279us total 47.622ms
08-04 12:38:56.021 18964 20361 I art     : Starting a blocking GC Explicit
08-04 12:38:56.074 18964 20361 I art     : Explicit concurrent mark sweep GC freed 1343(80KB) AllocSpace objects, 1(20KB) LOS objects, 36% free, 28MB/44MB, paused 263us total 52.913ms
08-04 12:38:56.090 18964 20361 I art     : Starting a blocking GC Explicit
08-04 12:38:56.137 18964 20361 I art     : Explicit concurrent mark sweep GC freed 20(704B) AllocSpace objects, 0(0B) LOS objects, 36% free, 28MB/44MB, paused 369us total 46.830ms
08-04 12:38:56.153 18964 20361 I art     : Starting a blocking GC Explicit
08-04 12:38:56.199 18964 20361 I art     : Explicit concurrent mark sweep GC freed 3(96B) AllocSpace objects, 0(0B) LOS objects, 36% free, 28MB/44MB, paused 241us total 45.969ms
08-04 12:38:56.214 18964 20361 I art     : Starting a blocking GC Explicit
08-04 12:38:56.262 18964 20361 I art     : Explicit concurrent mark sweep GC freed 3(96B) AllocSpace objects, 0(0B) LOS objects, 36% free, 28MB/44MB, paused 265us total 47.725ms
08-04 12:38:56.278 18964 20361 I art     : Starting a blocking GC Explicit
08-04 12:38:56.324 18964 20361 I art     : Explicit concurrent mark sweep GC freed 3(96B) AllocSpace objects, 0(0B) LOS objects, 36% free, 28MB/44MB, paused 239us total 45.774ms
08-04 12:38:56.634 18964 19193 I art     : Starting a blocking GC Explicit
08-04 12:38:56.700 18964 19193 I art     : Explicit concurrent mark sweep GC freed 1343(80KB) AllocSpace objects, 1(20KB) LOS objects, 36% free, 28MB/44MB, paused 285us total 65.754ms
08-04 12:38:56.718 18964 19193 I art     : Starting a blocking GC Explicit
08-04 12:38:56.765 18964 19193 I art     : Explicit concurrent mark sweep GC freed 20(704B) AllocSpace objects, 0(0B) LOS objects, 36% free, 28MB/44MB, paused 256us total 47.351ms
08-04 12:38:56.781 18964 19193 I art     : Starting a blocking GC Explicit
08-04 12:38:56.828 18964 19193 I art     : Explicit concurrent mark sweep GC freed 3(96B) AllocSpace objects, 0(0B) LOS objects, 36% free, 28MB/44MB, paused 244us total 47.513ms
08-04 12:38:56.844 18964 19193 I art     : Starting a blocking GC Explicit
08-04 12:38:56.892 18964 19193 I art     : Explicit concurrent mark sweep GC freed 3(96B) AllocSpace objects, 0(0B) LOS objects, 36% free, 28MB/44MB, paused 266us total 47.496ms
08-04 12:38:56.908 18964 19193 I art     : Starting a blocking GC Explicit
08-04 12:38:56.954 18964 19193 I art     : Explicit concurrent mark sweep GC freed 3(96B) AllocSpace objects, 0(0B) LOS objects, 36% free, 28MB/44MB, paused 255us total 46.544ms
08-04 12:38:57.279 18964 18980 I art     : Starting a blocking GC Explicit
08-04 12:38:57.338 18964 18980 I art     : Explicit concurrent mark sweep GC freed 1343(80KB) AllocSpace objects, 1(20KB) LOS objects, 36% free, 28MB/44MB, paused 281us total 58.748ms
08-04 12:38:57.358 18964 18980 I art     : Starting a blocking GC Explicit
08-04 12:38:57.404 18964 18980 I art     : Explicit concurrent mark sweep GC freed 20(704B) AllocSpace objects, 0(0B) LOS objects, 36% free, 28MB/44MB, paused 283us total 46.305ms
08-04 12:38:57.420 18964 18980 I art     : Starting a blocking GC Explicit
08-04 12:38:57.468 18964 18980 I art     : Explicit concurrent mark sweep GC freed 3(96B) AllocSpace objects, 0(0B) LOS objects, 36% free, 28MB/44MB, paused 262us total 47.528ms
08-04 12:38:57.483 18964 18980 I art     : Starting a blocking GC Explicit
08-04 12:38:57.531 18964 18980 I art     : Explicit concurrent mark sweep GC freed 3(96B) AllocSpace objects, 0(0B) LOS objects, 36% free, 28MB/44MB, paused 267us total 47.326ms
08-04 12:38:57.547 18964 18980 I art     : Starting a blocking GC Explicit
08-04 12:38:57.594 18964 18980 I art     : Explicit concurrent mark sweep GC freed 3(96B) AllocSpace objects, 0(0B) LOS objects, 36% free, 28MB/44MB, paused 236us total 46.438ms
08-04 12:38:57.918 18964 18992 I art     : Starting a blocking GC Explicit
08-04 12:38:57.982 18964 18992 I art     : Explicit concurrent mark sweep GC freed 1343(80KB) AllocSpace objects, 1(20KB) LOS objects, 36% free, 28MB/44MB, paused 281us total 63.961ms
08-04 12:38:58.005 18964 18992 I art     : Starting a blocking GC Explicit
08-04 12:38:58.051 18964 18992 I art     : Explicit concurrent mark sweep GC freed 20(704B) AllocSpace objects, 0(0B) LOS objects, 36% free, 28MB/44MB, paused 256us total 45.884ms
08-04 12:38:58.067 18964 18992 I art     : Starting a blocking GC Explicit
08-04 12:38:58.115 18964 18992 I art     : Explicit concurrent mark sweep GC freed 3(96B) AllocSpace objects, 0(0B) LOS objects, 36% free, 28MB/44MB, paused 252us total 47.669ms
08-04 12:38:58.131 18964 18992 I art     : Starting a blocking GC Explicit
08-04 12:38:58.131 18870 18870 I Atfwd_Sendcmd: AtCmdFwd service not ready - Exhausted retry attempts - :6
08-04 12:38:58.131 18870 18870 I Atfwd_Daemon: result : -1 	 ,Init step :2 	 ,qmiErrorCode: 0
08-04 12:38:58.176 18964 18992 I art     : Explicit concurrent mark sweep GC freed 3(96B) AllocSpace objects, 0(0B) LOS objects, 36% free, 28MB/44MB, paused 241us total 45.511ms
08-04 12:38:58.191 18964 18992 I art     : Starting a blocking GC Explicit
08-04 12:38:58.239 18964 18992 I art     : Explicit concurrent mark sweep GC freed 3(96B) AllocSpace objects, 0(0B) LOS objects, 36% free, 28MB/44MB, paused 251us total 47.336ms
08-04 12:38:58.239 18964 18974 I art     : WaitForGcToComplete blocked for 5.491ms for cause HeapTrim
08-04 12:38:58.500 18964 18981 I art     : Starting a blocking GC Explicit
08-04 12:38:58.547 18964 18981 I art     : Explicit concurrent mark sweep GC freed 1345(80KB) AllocSpace objects, 1(20KB) LOS objects, 36% free, 28MB/44MB, paused 280us total 47.180ms
08-04 12:38:58.563 18964 18981 I art     : Starting a blocking GC Explicit
08-04 12:38:58.606 18964 18981 I art     : Explicit concurrent mark sweep GC freed 20(704B) AllocSpace objects, 0(0B) LOS objects, 36% free, 28MB/44MB, paused 248us total 43.486ms
08-04 12:38:58.622 18964 18981 I art     : Starting a blocking GC Explicit
08-04 12:38:58.667 18964 18981 I art     : Explicit concurrent mark sweep GC freed 3(96B) AllocSpace objects, 0(0B) LOS objects, 36% free, 28MB/44MB, paused 253us total 44.725ms
08-04 12:38:58.681 18964 18981 I art     : Starting a blocking GC Explicit
08-04 12:38:58.726 18964 18981 I art     : Explicit concurrent mark sweep GC freed 3(96B) AllocSpace objects, 0(0B) LOS objects, 36% free, 28MB/44MB, paused 259us total 44.584ms
08-04 12:38:58.742 18964 18981 I art     : Starting a blocking GC Explicit
08-04 12:38:58.778 20666 20666 D AndroidRuntime: >>>>>> START com.android.internal.os.RuntimeInit uid 2000 <<<<<<
08-04 12:38:58.783 20666 20666 D AndroidRuntime: CheckJNI is OFF
08-04 12:38:58.786 18964 18981 I art     : Explicit concurrent mark sweep GC freed 3(96B) AllocSpace objects, 0(0B) LOS objects, 36% free, 28MB/44MB, paused 252us total 44.079ms
08-04 12:38:58.818 20666 20666 D ICU     : No timezone override file found: /data/misc/zoneinfo/current/icu/icu_tzdata.dat
08-04 12:38:58.850 20666 20666 I Radio-JNI: register_android_hardware_Radio DONE
08-04 12:38:58.873 20666 20666 D AndroidRuntime: Calling main entry com.android.commands.input.Input
08-04 12:38:58.874 20666 20666 I Input   : injectKeyEvent: KeyEvent { action=ACTION_DOWN, keyCode=KEYCODE_BACK, scanCode=0, metaState=0, flags=0x0, repeatCount=0, eventTime=707955288, downTime=707955288, deviceId=-1, source=0x101 }
08-04 12:38:58.882 20666 20666 I Input   : injectKeyEvent: KeyEvent { action=ACTION_UP, keyCode=KEYCODE_BACK, scanCode=0, metaState=0, flags=0x0, repeatCount=0, eventTime=707955288, downTime=707955288, deviceId=-1, source=0x101 }
08-04 12:38:58.889 20666 20666 D AndroidRuntime: Shutting down VM
08-04 12:38:58.934 13866 13866 I GoogleInputMethodServic: GoogleInputMethodService.onFinishInput():3138 
08-04 12:38:58.934 13866 13866 I GoogleInputMethodServic: GoogleInputMethodService.onStartInput():1808 
08-04 12:38:59.031 18964 18981 I art     : Starting a blocking GC Explicit
08-04 12:38:59.084 18964 18981 I art     : Explicit concurrent mark sweep GC freed 1585(88KB) AllocSpace objects, 1(20KB) LOS objects, 36% free, 28MB/44MB, paused 240us total 53.247ms
08-04 12:38:59.103 18964 18981 I art     : Starting a blocking GC Explicit
08-04 12:38:59.152 18964 18981 I art     : Explicit concurrent mark sweep GC freed 24(864B) AllocSpace objects, 0(0B) LOS objects, 36% free, 28MB/44MB, paused 251us total 48.719ms
08-04 12:38:59.167 18964 18981 I art     : Starting a blocking GC Explicit
08-04 12:38:59.219 18964 18981 I art     : Explicit concurrent mark sweep GC freed 3(96B) AllocSpace objects, 0(0B) LOS objects, 36% free, 28MB/44MB, paused 293us total 51.576ms
08-04 12:38:59.222 13866 13882 I PeriodicStatsRunner: PeriodicStatsRunner.call():175 call()
08-04 12:38:59.222 13866 13882 I PeriodicStatsRunner: PeriodicStatsRunner.call():179 No submit PeriodicStats since input started.
08-04 12:38:59.238 18964 18981 I art     : Starting a blocking GC Explicit
08-04 12:38:59.256   380   380 W SurfaceFlinger: couldn't log to binary event log: overflow.
08-04 12:38:59.278 18964 18981 I art     : Explicit concurrent mark sweep GC freed 61(2240B) AllocSpace objects, 0(0B) LOS objects, 36% free, 28MB/44MB, paused 248us total 39.715ms
08-04 12:38:59.292 18964 18981 I art     : Starting a blocking GC Explicit
08-04 12:38:59.334 18964 18981 I art     : Explicit concurrent mark sweep GC freed 6(208B) AllocSpace objects, 0(0B) LOS objects, 36% free, 28MB/44MB, paused 259us total 41.669ms
08-04 12:38:59.611 18964 18992 I art     : Starting a blocking GC Explicit
08-04 12:38:59.667 18964 18992 I art     : Explicit concurrent mark sweep GC freed 48102(2MB) AllocSpace objects, 6(160KB) LOS objects, 38% free, 25MB/41MB, paused 325us total 55.437ms
08-04 12:38:59.683 18964 18992 I art     : Starting a blocking GC Explicit
08-04 12:38:59.715 18964 18992 I art     : Explicit concurrent mark sweep GC freed 20(704B) AllocSpace objects, 0(0B) LOS objects, 38% free, 25MB/41MB, paused 252us total 31.627ms
08-04 12:38:59.728 18964 18992 I art     : Starting a blocking GC Explicit
08-04 12:38:59.760 18964 18992 I art     : Explicit concurrent mark sweep GC freed 3(96B) AllocSpace objects, 0(0B) LOS objects, 38% free, 25MB/41MB, paused 245us total 31.325ms
08-04 12:38:59.773 18964 18992 I art     : Starting a blocking GC Explicit
08-04 12:38:59.806 18964 18992 I art     : Explicit concurrent mark sweep GC freed 3(96B) AllocSpace objects, 0(0B) LOS objects, 38% free, 25MB/41MB, paused 250us total 33.126ms
08-04 12:38:59.820 18964 18992 I art     : Starting a blocking GC Explicit
08-04 12:38:59.853 18964 18992 I art     : Explicit concurrent mark sweep GC freed 3(96B) AllocSpace objects, 0(0B) LOS objects, 38% free, 25MB/41MB, paused 252us total 32.667ms
08-04 12:39:00.031   918   937 W ProcessCpuTracker: Skipping unknown process pid 20709
08-04 12:39:00.142 18964 20361 I art     : Starting a blocking GC Explicit
08-04 12:39:00.176 18964 20361 I art     : Explicit concurrent mark sweep GC freed 1343(80KB) AllocSpace objects, 1(20KB) LOS objects, 38% free, 25MB/41MB, paused 261us total 33.730ms
08-04 12:39:00.190 18964 20361 I art     : Starting a blocking GC Explicit
08-04 12:39:00.222 18964 20361 I art     : Explicit concurrent mark sweep GC freed 20(704B) AllocSpace objects, 0(0B) LOS objects, 38% free, 25MB/41MB, paused 246us total 32.445ms
08-04 12:39:00.236 18964 20361 I art     : Starting a blocking GC Explicit
08-04 12:39:00.268 18964 20361 I art     : Explicit concurrent mark sweep GC freed 3(96B) AllocSpace objects, 0(0B) LOS objects, 38% free, 25MB/41MB, paused 251us total 31.485ms
08-04 12:39:00.281 18964 20361 I art     : Starting a blocking GC Explicit
08-04 12:39:00.313 18964 20361 I art     : Explicit concurrent mark sweep GC freed 3(96B) AllocSpace objects, 0(0B) LOS objects, 38% free, 25MB/41MB, paused 247us total 31.639ms
08-04 12:39:00.326 18964 20361 I art     : Starting a blocking GC Explicit
08-04 12:39:00.358 18964 20361 I art     : Explicit concurrent mark sweep GC freed 3(96B) AllocSpace objects, 0(0B) LOS objects, 38% free, 25MB/41MB, paused 250us total 31.505ms
08-04 12:39:00.550 20719 20719 D AndroidRuntime: >>>>>> START com.android.internal.os.RuntimeInit uid 2000 <<<<<<
08-04 12:39:00.555 20719 20719 D AndroidRuntime: CheckJNI is OFF
08-04 12:39:00.589 20719 20719 D ICU     : No timezone override file found: /data/misc/zoneinfo/current/icu/icu_tzdata.dat
08-04 12:39:00.619 18964 18980 I art     : Starting a blocking GC Explicit
08-04 12:39:00.622 20719 20719 I Radio-JNI: register_android_hardware_Radio DONE
08-04 12:39:00.644 20719 20719 D AndroidRuntime: Calling main entry com.android.commands.input.Input
08-04 12:39:00.646 20719 20719 I Input   : injectKeyEvent: KeyEvent { action=ACTION_DOWN, keyCode=KEYCODE_BACK, scanCode=0, metaState=0, flags=0x0, repeatCount=0, eventTime=707957059, downTime=707957059, deviceId=-1, source=0x101 }
08-04 12:39:00.650 20719 20719 I Input   : injectKeyEvent: KeyEvent { action=ACTION_UP, keyCode=KEYCODE_BACK, scanCode=0, metaState=0, flags=0x0, repeatCount=0, eventTime=707957059, downTime=707957059, deviceId=-1, source=0x101 }
08-04 12:39:00.651 18964 18980 I art     : Explicit concurrent mark sweep GC freed 1343(80KB) AllocSpace objects, 1(20KB) LOS objects, 38% free, 25MB/41MB, paused 295us total 32.273ms
08-04 12:39:00.656 20719 20719 D AndroidRuntime: Shutting down VM
08-04 12:39:00.664 18964 18980 I art     : Starting a blocking GC Explicit
08-04 12:39:00.696 18964 18980 I art     : Explicit concurrent mark sweep GC freed 132(4KB) AllocSpace objects, 0(0B) LOS objects, 38% free, 25MB/41MB, paused 250us total 31.077ms
08-04 12:39:00.698 13866 13866 I GoogleInputMethodServic: GoogleInputMethodService.onFinishInput():3138 
08-04 12:39:00.698 13866 13866 I GoogleInputMethodServic: GoogleInputMethodService.onStartInput():1808 
08-04 12:39:00.708 18964 18980 I art     : Starting a blocking GC Explicit
08-04 12:39:00.739 18964 18980 I art     : Explicit concurrent mark sweep GC freed 52(1840B) AllocSpace objects, 0(0B) LOS objects, 38% free, 25MB/41MB, paused 247us total 30.142ms
08-04 12:39:00.753 18964 18980 I art     : Starting a blocking GC Explicit
08-04 12:39:00.781 18964 18980 I art     : Explicit concurrent mark sweep GC freed 23(784B) AllocSpace objects, 0(0B) LOS objects, 38% free, 25MB/41MB, paused 214us total 27.957ms
08-04 12:39:00.793 18964 18980 I art     : Starting a blocking GC Explicit
08-04 12:39:00.823 18964 18980 I art     : Explicit concurrent mark sweep GC freed 3(96B) AllocSpace objects, 0(0B) LOS objects, 38% free, 25MB/41MB, paused 238us total 29.392ms
08-04 12:39:01.070 18964 18980 I art     : Starting a blocking GC Explicit
08-04 12:39:01.105 18964 18980 I art     : Explicit concurrent mark sweep GC freed 1398(82KB) AllocSpace objects, 1(20KB) LOS objects, 38% free, 25MB/41MB, paused 295us total 33.927ms
08-04 12:39:01.118 18964 18980 I art     : Starting a blocking GC Explicit
08-04 12:39:01.152 18964 18980 I art     : Explicit concurrent mark sweep GC freed 150(7KB) AllocSpace objects, 0(0B) LOS objects, 38% free, 25MB/41MB, paused 264us total 33.610ms
08-04 12:39:01.165 18964 18980 I art     : Starting a blocking GC Explicit
08-04 12:39:01.200 18964 18980 I art     : Explicit concurrent mark sweep GC freed 3(96B) AllocSpace objects, 0(0B) LOS objects, 38% free, 25MB/41MB, paused 269us total 34.057ms
08-04 12:39:01.214 18964 18980 I art     : Starting a blocking GC Explicit
08-04 12:39:01.248 18964 18980 I art     : Explicit concurrent mark sweep GC freed 3(96B) AllocSpace objects, 0(0B) LOS objects, 38% free, 25MB/41MB, paused 288us total 34.487ms
08-04 12:39:01.262 18964 18980 I art     : Starting a blocking GC Explicit
08-04 12:39:01.297 18964 18980 I art     : Explicit concurrent mark sweep GC freed 3(96B) AllocSpace objects, 0(0B) LOS objects, 38% free, 25MB/41MB, paused 274us total 34.536ms
08-04 12:39:01.581 18964 19193 I art     : Starting a blocking GC Explicit
08-04 12:39:01.625 18964 19193 I art     : Explicit concurrent mark sweep GC freed 1343(80KB) AllocSpace objects, 1(20KB) LOS objects, 38% free, 25MB/41MB, paused 314us total 43.644ms
08-04 12:39:01.643 18964 19193 I art     : Starting a blocking GC Explicit
08-04 12:39:01.677 18964 19193 I art     : Explicit concurrent mark sweep GC freed 20(704B) AllocSpace objects, 0(0B) LOS objects, 38% free, 25MB/41MB, paused 280us total 34.341ms
08-04 12:39:01.691 18964 19193 I art     : Starting a blocking GC Explicit
08-04 12:39:01.725 18964 19193 I art     : Explicit concurrent mark sweep GC freed 3(96B) AllocSpace objects, 0(0B) LOS objects, 38% free, 25MB/41MB, paused 274us total 33.643ms
08-04 12:39:01.738 18964 19193 I art     : Starting a blocking GC Explicit
08-04 12:39:01.773 18964 19193 I art     : Explicit concurrent mark sweep GC freed 3(96B) AllocSpace objects, 0(0B) LOS objects, 38% free, 25MB/41MB, paused 279us total 34.140ms
08-04 12:39:01.787 18964 19193 I art     : Starting a blocking GC Explicit
08-04 12:39:01.821 18964 19193 I art     : Explicit concurrent mark sweep GC freed 3(96B) AllocSpace objects, 0(0B) LOS objects, 38% free, 25MB/41MB, paused 266us total 34.162ms
08-04 12:39:02.080 18964 18981 I art     : Starting a blocking GC Explicit
08-04 12:39:02.114 18964 18981 I art     : Explicit concurrent mark sweep GC freed 1343(80KB) AllocSpace objects, 1(20KB) LOS objects, 38% free, 25MB/41MB, paused 291us total 34.305ms
08-04 12:39:02.128 18964 18981 I art     : Starting a blocking GC Explicit
08-04 12:39:02.160 18964 18981 I art     : Explicit concurrent mark sweep GC freed 20(704B) AllocSpace objects, 0(0B) LOS objects, 38% free, 25MB/41MB, paused 267us total 32.728ms
08-04 12:39:02.174 18964 18981 I art     : Starting a blocking GC Explicit
08-04 12:39:02.206 18964 18981 I art     : Explicit concurrent mark sweep GC freed 3(96B) AllocSpace objects, 0(0B) LOS objects, 38% free, 25MB/41MB, paused 267us total 32.268ms
08-04 12:39:02.219 18964 18981 I art     : Starting a blocking GC Explicit
08-04 12:39:02.251 18964 18981 I art     : Explicit concurrent mark sweep GC freed 3(96B) AllocSpace objects, 0(0B) LOS objects, 38% free, 25MB/41MB, paused 272us total 31.981ms
08-04 12:39:02.265 18964 18981 I art     : Starting a blocking GC Explicit
08-04 12:39:02.298 18964 18981 I art     : Explicit concurrent mark sweep GC freed 3(96B) AllocSpace objects, 0(0B) LOS objects, 38% free, 25MB/41MB, paused 660us total 33.053ms
08-04 12:39:02.332 20763 20763 D AndroidRuntime: >>>>>> START com.android.internal.os.RuntimeInit uid 2000 <<<<<<
08-04 12:39:02.337 20763 20763 D AndroidRuntime: CheckJNI is OFF
08-04 12:39:02.358   918  3261 D WifiStateMachine: starting scan for "H369AA63323"WPA_PSK with 2412,5180
08-04 12:39:02.372 20763 20763 D ICU     : No timezone override file found: /data/misc/zoneinfo/current/icu/icu_tzdata.dat
08-04 12:39:02.405 20763 20763 I Radio-JNI: register_android_hardware_Radio DONE
08-04 12:39:02.427 20763 20763 D AndroidRuntime: Calling main entry com.android.commands.input.Input
08-04 12:39:02.429 20763 20763 I Input   : injectMotionEvent: MotionEvent { action=ACTION_DOWN, actionButton=0, id[0]=0, x[0]=600.0, y[0]=1000.0, toolType[0]=TOOL_TYPE_UNKNOWN, buttonState=0, metaState=0, flags=0x0, edgeFlags=0x0, pointerCount=1, historySize=0, eventTime=707958842, downTime=707958842, deviceId=0, source=0x1002 }
08-04 12:39:02.435 20763 20763 I Input   : injectMotionEvent: MotionEvent { action=ACTION_UP, actionButton=0, id[0]=0, x[0]=600.0, y[0]=1000.0, toolType[0]=TOOL_TYPE_UNKNOWN, buttonState=0, metaState=0, flags=0x0, edgeFlags=0x0, pointerCount=1, historySize=0, eventTime=707958842, downTime=707958842, deviceId=0, source=0x1002 }
08-04 12:39:02.436 20763 20763 D AndroidRuntime: Shutting down VM
08-04 12:39:02.445   512  2967 D audio_hw_primary: out_set_parameters: enter: usecase(1: low-latency-playback) kvpairs: routing=2
08-04 12:39:02.448   918   929 I ActivityManager: START u0 {dat=https://oauth.reddit.com/... cmp=baseline.org.quantumbadger.redreader/.activities.PostListingActivity} from uid 10666 on display 0
08-04 12:39:02.458   512  2967 D audio_hw_primary: select_devices: out_snd_device(2: speaker) in_snd_device(0: none)
08-04 12:39:02.458   512  2967 D msm8974_platform: platform_send_audio_calibration: sending audio calibration for snd_device(2) acdb_id(15)
08-04 12:39:02.458   512  2967 I soundtrigger: audio_extn_sound_trigger_update_device_status: device 0x2 of type 0 for Event 1
08-04 12:39:02.467 18964 18964 I AppCompatViewInflater: app:theme is now deprecated. Please move to using android:theme instead.
08-04 12:39:02.469   512  2967 D audio_hw_primary: enable_snd_device: snd_device(2: speaker)
08-04 12:39:02.471   512  2967 D audio_hw_primary: enable_audio_route: apply and update mixer path: low-latency-playback speaker
08-04 12:39:02.487 18964 20795 D OK      : calling: https://oauth.reddit.com/r/announcements/about.json
08-04 12:39:02.545 18964 18980 I art     : Starting a blocking GC Explicit
08-04 12:39:02.554   918   936 I ActivityManager: Displayed baseline.org.quantumbadger.redreader/.activities.PostListingActivity: +98ms
08-04 12:39:02.554 13866 13866 I GoogleInputMethodServic: GoogleInputMethodService.onFinishInput():3138 
08-04 12:39:02.555 13866 13866 I GoogleInputMethodServic: GoogleInputMethodService.onStartInput():1808 
08-04 12:39:02.584 18964 18980 I art     : Explicit concurrent mark sweep GC freed 2910(181KB) AllocSpace objects, 1(20KB) LOS objects, 38% free, 25MB/41MB, paused 453us total 39.147ms
08-04 12:39:02.599 18964 18980 I art     : Starting a blocking GC Explicit
08-04 12:39:02.630 18964 18980 I art     : Explicit concurrent mark sweep GC freed 557(31KB) AllocSpace objects, 0(0B) LOS objects, 38% free, 25MB/41MB, paused 291us total 30.383ms
08-04 12:39:02.643 18964 18980 I art     : Starting a blocking GC Explicit
08-04 12:39:02.675 18964 18980 I art     : Explicit concurrent mark sweep GC freed 1793(70KB) AllocSpace objects, 0(0B) LOS objects, 38% free, 25MB/41MB, paused 326us total 31.969ms
08-04 12:39:02.690 18964 18980 I art     : Starting a blocking GC Explicit
08-04 12:39:02.723 18964 18980 I art     : Explicit concurrent mark sweep GC freed 200(7KB) AllocSpace objects, 0(0B) LOS objects, 38% free, 25MB/41MB, paused 307us total 32.474ms
08-04 12:39:02.738 18964 18980 I art     : Starting a blocking GC Explicit
08-04 12:39:02.777 18964 18980 I art     : Explicit concurrent mark sweep GC freed 32(1488B) AllocSpace objects, 0(0B) LOS objects, 38% free, 25MB/41MB, paused 426us total 38.608ms
08-04 12:39:02.811   380   380 W SurfaceFlinger: couldn't log to binary event log: overflow.
08-04 12:39:02.829 18964 20795 I NAPPA_EXPERIMENTATION: MetricNetworkRequestExecutionTime: REQUEST_DURATION_SYSTEM='341',REQUEST_DURATION_OKHTTP='144',REQUEST_SYNCHRONOUS='TRUE',RESPONSE_CODE='200',RESPONSE_METHOD='GET',RESPONSE_LENGTH_OKHTTP='-1',RESPONSE_LENGTH_HEADER='1564',REQUEST_PROTOCOL='h2',REQUEST_URL='https://oauth.reddit.com/r/announcements/about.json',
08-04 12:39:02.829 18964 20795 D OK      : request got status: 200
08-04 12:39:03.009   512  2967 D audio_hw_primary: disable_audio_route: reset and update mixer path: low-latency-playback speaker
08-04 12:39:03.010   512  2967 D audio_hw_primary: disable_snd_device: snd_device(2: speaker)
08-04 12:39:03.018   512  2967 I soundtrigger: audio_extn_sound_trigger_update_device_status: device 0x2 of type 0 for Event 0
08-04 12:39:03.070 18964 18981 I art     : Starting a blocking GC Explicit
08-04 12:39:03.105 18964 18981 I art     : Explicit concurrent mark sweep GC freed 3049(241KB) AllocSpace objects, 3(156KB) LOS objects, 38% free, 25MB/41MB, paused 287us total 34.773ms
08-04 12:39:03.120 18964 18981 I art     : Starting a blocking GC Explicit
08-04 12:39:03.131 18870 18870 I ServiceManager: Waiting for service AtCmdFwd...
08-04 12:39:03.150 18964 18981 I art     : Explicit concurrent mark sweep GC freed 211(11KB) AllocSpace objects, 0(0B) LOS objects, 38% free, 25MB/41MB, paused 291us total 30.524ms
08-04 12:39:03.165 18964 18981 I art     : Starting a blocking GC Explicit
08-04 12:39:03.199 18964 18981 I art     : Explicit concurrent mark sweep GC freed 28(1136B) AllocSpace objects, 0(0B) LOS objects, 38% free, 25MB/41MB, paused 297us total 34.422ms
08-04 12:39:03.215 18964 18981 I art     : Starting a blocking GC Explicit
08-04 12:39:03.249 18964 18981 I art     : Explicit concurrent mark sweep GC freed 3(96B) AllocSpace objects, 0(0B) LOS objects, 38% free, 25MB/41MB, paused 280us total 34.064ms
08-04 12:39:03.262 18964 18981 I art     : Starting a blocking GC Explicit
08-04 12:39:03.295 18964 18981 I art     : Explicit concurrent mark sweep GC freed 5(192B) AllocSpace objects, 0(0B) LOS objects, 38% free, 25MB/41MB, paused 315us total 32.598ms
08-04 12:39:03.600 18964 19193 I art     : Starting a blocking GC Explicit
08-04 12:39:03.636 18964 19193 I art     : Explicit concurrent mark sweep GC freed 1365(83KB) AllocSpace objects, 1(20KB) LOS objects, 38% free, 25MB/41MB, paused 308us total 36.414ms
08-04 12:39:03.650 18964 19193 I art     : Starting a blocking GC Explicit
08-04 12:39:03.684 18964 19193 I art     : Explicit concurrent mark sweep GC freed 20(704B) AllocSpace objects, 0(0B) LOS objects, 38% free, 25MB/41MB, paused 313us total 33.390ms
08-04 12:39:03.687 18964 20821 D OK      : calling: https://oauth.reddit.com/r/announcements/hot/.json
08-04 12:39:03.697 18964 19193 I art     : Starting a blocking GC Explicit
08-04 12:39:03.729 18964 19193 I art     : Explicit concurrent mark sweep GC freed 95(3KB) AllocSpace objects, 0(0B) LOS objects, 38% free, 25MB/41MB, paused 358us total 32.570ms
08-04 12:39:03.743 18964 19193 I art     : Starting a blocking GC Explicit
08-04 12:39:03.776 18964 19193 I art     : Explicit concurrent mark sweep GC freed 9(352B) AllocSpace objects, 0(0B) LOS objects, 38% free, 25MB/41MB, paused 351us total 32.977ms
08-04 12:39:03.789 18964 19193 I art     : Starting a blocking GC Explicit
08-04 12:39:03.822 18964 19193 I art     : Explicit concurrent mark sweep GC freed 3(96B) AllocSpace objects, 0(0B) LOS objects, 38% free, 25MB/41MB, paused 352us total 33.061ms
08-04 12:39:03.846 18964 20821 I NAPPA_EXPERIMENTATION: MetricNetworkRequestExecutionTime: REQUEST_DURATION_SYSTEM='159',REQUEST_DURATION_OKHTTP='155',REQUEST_SYNCHRONOUS='TRUE',RESPONSE_CODE='200',RESPONSE_METHOD='GET',RESPONSE_LENGTH_OKHTTP='-1',RESPONSE_LENGTH_HEADER='142016',REQUEST_PROTOCOL='h2',REQUEST_URL='https://oauth.reddit.com/r/announcements/hot/.json',
08-04 12:39:03.846 18964 20821 D OK      : request got status: 200
08-04 12:39:03.864 18964 19540 I PostListingFragment: Precaching images: OFF
08-04 12:39:03.864 18964 19540 I PostListingFragment: Precaching comments: OFF
08-04 12:39:03.934 13866 13882 I PeriodicStatsRunner: PeriodicStatsRunner.call():175 call()
08-04 12:39:03.934 13866 13882 I PeriodicStatsRunner: PeriodicStatsRunner.call():179 No submit PeriodicStats since input started.
08-04 12:39:04.034 18964 20832 D OK      : calling: https://b.thumbs.redditmedia.com/RROcLjDSUc0QV1UeQ1txXdyl1C_7233mmsMgtYXxQzo.jpg
08-04 12:39:04.071 18964 20833 D OK      : calling: https://a.thumbs.redditmedia.com/N-frnMqRYp_XiaGds7kPbHf82a876RNKSQ1iw0LzHR0.jpg
08-04 12:39:04.086 18964 20834 D OK      : calling: https://b.thumbs.redditmedia.com/KH2o_q4MXufUdRChsfwLtl6gnEnT8MJtZn3Tyj5ZmBU.jpg
08-04 12:39:04.093 18964 18980 I art     : Starting a blocking GC Explicit
08-04 12:39:04.132 18870 18870 I ServiceManager: Waiting for service AtCmdFwd...
08-04 12:39:04.135 18964 20835 D OK      : calling: https://b.thumbs.redditmedia.com/MGaOJeZl7UsmdtroJopYU_36HUNvQ9LUV5WFH_FJ2vI.jpg
08-04 12:39:04.141 18964 18980 I art     : Explicit concurrent mark sweep GC freed 11220(632KB) AllocSpace objects, 7(140KB) LOS objects, 35% free, 28MB/44MB, paused 966us total 47.157ms
08-04 12:39:04.156 18964 18980 I art     : Starting a blocking GC Explicit
08-04 12:39:04.186 18964 20836 D OK      : calling: https://a.thumbs.redditmedia.com/-D0hxchgus9EyzvGqvnabK_3Obl93tMfG9G58V1QwW8.jpg
08-04 12:39:04.201 18964 18980 I art     : Explicit concurrent mark sweep GC freed 5906(302KB) AllocSpace objects, 0(0B) LOS objects, 35% free, 28MB/44MB, paused 810us total 44.781ms
08-04 12:39:04.206 18964 20837 D OK      : calling: https://b.thumbs.redditmedia.com/zCaV9kuSMZxmMvdmErGyUsYNdPrmX8LP9_Ee4QTT16g.jpg
08-04 12:39:04.216 18964 20838 D OK      : calling: https://b.thumbs.redditmedia.com/4EGkxZNzrzt-RCtd035cWyO0BipdbDVuPwi4W2v4TyM.jpg
08-04 12:39:04.216 18964 18980 I art     : Starting a blocking GC Explicit
08-04 12:39:04.256 18964 20840 D OK      : calling: https://a.thumbs.redditmedia.com/aVhMBmGX07uX0KhK0rKdhMvQ4UsOJIHN4KeTaa36EF4.jpg
08-04 12:39:04.268 18964 18980 I art     : Explicit concurrent mark sweep GC freed 12399(530KB) AllocSpace objects, 1(68KB) LOS objects, 35% free, 29MB/45MB, paused 871us total 48.382ms
08-04 12:39:04.283 18964 18980 I art     : Starting a blocking GC Explicit
08-04 12:39:04.318 18964 18980 I art     : Explicit concurrent mark sweep GC freed 61272(3MB) AllocSpace objects, 10(256KB) LOS objects, 38% free, 25MB/41MB, paused 887us total 35.368ms
08-04 12:39:04.331 18964 18980 I art     : Starting a blocking GC Explicit
08-04 12:39:04.366 18964 18980 I art     : Explicit concurrent mark sweep GC freed 6887(287KB) AllocSpace objects, 0(0B) LOS objects, 37% free, 26MB/42MB, paused 944us total 34.982ms
08-04 12:39:04.374 18964 18964 W RecyclerView: Cannot call this method in a scroll callback. Scroll callbacks mightbe run during a measure & layout pass where you cannot change theRecyclerView data. Any method call that might change the structureof the RecyclerView or the adapter contents should be postponed tothe next frame.
08-04 12:39:04.374 18964 18964 W RecyclerView: java.lang.IllegalStateException:  androidx.recyclerview.widget.RecyclerView{dd90f13 VFED..... .F....ID 0,0-1440,2140 #7f0900ef app:id/scrollbar_recyclerview_recyclerview}, adapter:baseline.org.quantumbadger.redreader.adapters.GroupedRecyclerViewAdapter@3b56550, layout:androidx.recyclerview.widget.LinearLayoutManager@4fab349, context:baseline.org.quantumbadger.redreader.activities.PostListingActivity@d659a22
08-04 12:39:04.374 18964 18964 W RecyclerView: 	at androidx.recyclerview.widget.RecyclerView.assertNotInLayoutOrScroll(RecyclerView.java:3061)
08-04 12:39:04.374 18964 18964 W RecyclerView: 	at androidx.recyclerview.widget.RecyclerView$RecyclerViewDataObserver.onItemRangeInserted(RecyclerView.java:5555)
08-04 12:39:04.374 18964 18964 W RecyclerView: 	at androidx.recyclerview.widget.RecyclerView$AdapterDataObservable.notifyItemRangeInserted(RecyclerView.java:12278)
08-04 12:39:04.374 18964 18964 W RecyclerView: 	at androidx.recyclerview.widget.RecyclerView$Adapter.notifyItemInserted(RecyclerView.java:7464)
08-04 12:39:04.374 18964 18964 W RecyclerView: 	at baseline.org.quantumbadger.redreader.adapters.GroupedRecyclerViewAdapter.updateHiddenStatus(GroupedRecyclerViewAdapter.java:279)
08-04 12:39:04.374 18964 18964 W RecyclerView: 	at baseline.org.quantumbadger.redreader.adapters.RedditListingManager.setLoadingVisible(RedditListingManager.java:125)
08-04 12:39:04.374 18964 18964 W RecyclerView: 	at baseline.org.quantumbadger.redreader.fragments.PostListingFragment.onLoadMoreItemsCheck(PostListingFragment.java:465)
08-04 12:39:04.374 18964 18964 W RecyclerView: 	at baseline.org.quantumbadger.redreader.fragments.PostListingFragment.access$000(PostListingFragment.java:98)
08-04 12:39:04.374 18964 18964 W RecyclerView: 	at baseline.org.quantumbadger.redreader.fragments.PostListingFragment$2.onScrolled(PostListingFragment.java:215)
08-04 12:39:04.374 18964 18964 W RecyclerView: 	at androidx.recyclerview.widget.RecyclerView.dispatchOnScrolled(RecyclerView.java:5173)
08-04 12:39:04.374 18964 18964 W RecyclerView: 	at androidx.recyclerview.widget.RecyclerView.dispatchLayoutStep3(RecyclerView.java:4231)
08-04 12:39:04.374 18964 18964 W RecyclerView: 	at androidx.recyclerview.widget.RecyclerView.dispatchLayout(RecyclerView.java:3862)
08-04 12:39:04.374 18964 18964 W RecyclerView: 	at androidx.recyclerview.widget.RecyclerView.consumePendingUpdateOperations(RecyclerView.java:1897)
08-04 12:39:04.374 18964 18964 W RecyclerView: 	at androidx.recyclerview.widget.RecyclerView$1.run(RecyclerView.java:414)
08-04 12:39:04.374 18964 18964 W RecyclerView: 	at android.view.Choreographer$CallbackRecord.run(Choreographer.java:858)
08-04 12:39:04.374 18964 18964 W RecyclerView: 	at android.view.Choreographer.doCallbacks(Choreographer.java:670)
08-04 12:39:04.374 18964 18964 W RecyclerView: 	at android.view.Choreographer.doFrame(Choreographer.java:603)
08-04 12:39:04.374 18964 18964 W RecyclerView: 	at android.view.Choreographer$FrameDisplayEventReceiver.run(Choreographer.java:844)
08-04 12:39:04.374 18964 18964 W RecyclerView: 	at android.os.Handler.handleCallback(Handler.java:739)
08-04 12:39:04.374 18964 18964 W RecyclerView: 	at android.os.Handler.dispatchMessage(Handler.java:95)
08-04 12:39:04.374 18964 18964 W RecyclerView: 	at android.os.Looper.loop(Looper.java:148)
08-04 12:39:04.374 18964 18964 W RecyclerView: 	at android.app.ActivityThread.main(ActivityThread.java:5417)
08-04 12:39:04.374 18964 18964 W RecyclerView: 	at java.lang.reflect.Method.invoke(Native Method)
08-04 12:39:04.374 18964 18964 W RecyclerView: 	at com.android.internal.os.ZygoteInit$MethodAndArgsCaller.run(ZygoteInit.java:726)
08-04 12:39:04.374 18964 18964 W RecyclerView: 	at com.android.internal.os.ZygoteInit.main(ZygoteInit.java:616)
08-04 12:39:04.394 18964 20834 I NAPPA_EXPERIMENTATION: MetricNetworkRequestExecutionTime: REQUEST_DURATION_SYSTEM='308',REQUEST_DURATION_OKHTTP='143',REQUEST_SYNCHRONOUS='TRUE',RESPONSE_CODE='200',RESPONSE_METHOD='GET',RESPONSE_LENGTH_OKHTTP='2613',RESPONSE_LENGTH_HEADER='2613',REQUEST_PROTOCOL='h2',REQUEST_URL='https://b.thumbs.redditmedia.com/KH2o_q4MXufUdRChsfwLtl6gnEnT8MJtZn3Tyj5ZmBU.jpg',
08-04 12:39:04.394 18964 20834 D OK      : request got status: 200
08-04 12:39:04.443 18964 20835 I NAPPA_EXPERIMENTATION: MetricNetworkRequestExecutionTime: REQUEST_DURATION_SYSTEM='307',REQUEST_DURATION_OKHTTP='178',REQUEST_SYNCHRONOUS='TRUE',RESPONSE_CODE='200',RESPONSE_METHOD='GET',RESPONSE_LENGTH_OKHTTP='4804',RESPONSE_LENGTH_HEADER='4804',REQUEST_PROTOCOL='h2',REQUEST_URL='https://b.thumbs.redditmedia.com/MGaOJeZl7UsmdtroJopYU_36HUNvQ9LUV5WFH_FJ2vI.jpg',
08-04 12:39:04.443 18964 20835 D OK      : request got status: 200
08-04 12:39:04.456 18964 20832 I NAPPA_EXPERIMENTATION: MetricNetworkRequestExecutionTime: REQUEST_DURATION_SYSTEM='422',REQUEST_DURATION_OKHTTP='187',REQUEST_SYNCHRONOUS='TRUE',RESPONSE_CODE='200',RESPONSE_METHOD='GET',RESPONSE_LENGTH_OKHTTP='2558',RESPONSE_LENGTH_HEADER='2558',REQUEST_PROTOCOL='h2',REQUEST_URL='https://b.thumbs.redditmedia.com/RROcLjDSUc0QV1UeQ1txXdyl1C_7233mmsMgtYXxQzo.jpg',
08-04 12:39:04.456 18964 20832 D OK      : request got status: 200
08-04 12:39:04.471 18964 20833 I NAPPA_EXPERIMENTATION: MetricNetworkRequestExecutionTime: REQUEST_DURATION_SYSTEM='400',REQUEST_DURATION_OKHTTP='199',REQUEST_SYNCHRONOUS='TRUE',RESPONSE_CODE='200',RESPONSE_METHOD='GET',RESPONSE_LENGTH_OKHTTP='3750',RESPONSE_LENGTH_HEADER='3750',REQUEST_PROTOCOL='h2',REQUEST_URL='https://a.thumbs.redditmedia.com/N-frnMqRYp_XiaGds7kPbHf82a876RNKSQ1iw0LzHR0.jpg',
08-04 12:39:04.471 18964 20833 D OK      : request got status: 200
08-04 12:39:04.498 18964 20837 I NAPPA_EXPERIMENTATION: MetricNetworkRequestExecutionTime: REQUEST_DURATION_SYSTEM='292',REQUEST_DURATION_OKHTTP='152',REQUEST_SYNCHRONOUS='TRUE',RESPONSE_CODE='200',RESPONSE_METHOD='GET',RESPONSE_LENGTH_OKHTTP='6132',RESPONSE_LENGTH_HEADER='6132',REQUEST_PROTOCOL='h2',REQUEST_URL='https://b.thumbs.redditmedia.com/zCaV9kuSMZxmMvdmErGyUsYNdPrmX8LP9_Ee4QTT16g.jpg',
08-04 12:39:04.498 18964 20837 D OK      : request got status: 200
08-04 12:39:04.507 18964 20836 I NAPPA_EXPERIMENTATION: MetricNetworkRequestExecutionTime: REQUEST_DURATION_SYSTEM='321',REQUEST_DURATION_OKHTTP='168',REQUEST_SYNCHRONOUS='TRUE',RESPONSE_CODE='200',RESPONSE_METHOD='GET',RESPONSE_LENGTH_OKHTTP='4818',RESPONSE_LENGTH_HEADER='4818',REQUEST_PROTOCOL='h2',REQUEST_URL='https://a.thumbs.redditmedia.com/-D0hxchgus9EyzvGqvnabK_3Obl93tMfG9G58V1QwW8.jpg',
08-04 12:39:04.507 18964 20836 D OK      : request got status: 200
08-04 12:39:04.528 18964 20838 I NAPPA_EXPERIMENTATION: MetricNetworkRequestExecutionTime: REQUEST_DURATION_SYSTEM='311',REQUEST_DURATION_OKHTTP='182',REQUEST_SYNCHRONOUS='TRUE',RESPONSE_CODE='200',RESPONSE_METHOD='GET',RESPONSE_LENGTH_OKHTTP='4987',RESPONSE_LENGTH_HEADER='4987',REQUEST_PROTOCOL='h2',REQUEST_URL='https://b.thumbs.redditmedia.com/4EGkxZNzrzt-RCtd035cWyO0BipdbDVuPwi4W2v4TyM.jpg',
08-04 12:39:04.528 18964 20838 D OK      : request got status: 200
08-04 12:39:04.639 18964 19193 I art     : Starting a blocking GC Explicit
08-04 12:39:04.639 18964 20840 I NAPPA_EXPERIMENTATION: MetricNetworkRequestExecutionTime: REQUEST_DURATION_SYSTEM='383',REQUEST_DURATION_OKHTTP='163',REQUEST_SYNCHRONOUS='TRUE',RESPONSE_CODE='200',RESPONSE_METHOD='GET',RESPONSE_LENGTH_OKHTTP='6940',RESPONSE_LENGTH_HEADER='6940',REQUEST_PROTOCOL='h2',REQUEST_URL='https://a.thumbs.redditmedia.com/aVhMBmGX07uX0KhK0rKdhMvQ4UsOJIHN4KeTaa36EF4.jpg',
08-04 12:39:04.640 18964 20840 D OK      : request got status: 200
08-04 12:39:04.675 18964 19193 I art     : Explicit concurrent mark sweep GC freed 8125(809KB) AllocSpace objects, 40(2MB) LOS objects, 36% free, 27MB/43MB, paused 293us total 36.106ms
08-04 12:39:04.689 18964 19193 I art     : Starting a blocking GC Explicit
08-04 12:39:04.720 18964 19193 I art     : Explicit concurrent mark sweep GC freed 1154(97KB) AllocSpace objects, 4(188KB) LOS objects, 36% free, 27MB/43MB, paused 251us total 31.551ms
08-04 12:39:04.733 18964 19193 I art     : Starting a blocking GC Explicit
08-04 12:39:04.769 18964 19193 I art     : Explicit concurrent mark sweep GC freed 85(2912B) AllocSpace objects, 0(0B) LOS objects, 36% free, 27MB/43MB, paused 294us total 35.748ms
08-04 12:39:04.783 18964 19193 I art     : Starting a blocking GC Explicit
08-04 12:39:04.820 18964 19193 I art     : Explicit concurrent mark sweep GC freed 3(96B) AllocSpace objects, 0(0B) LOS objects, 36% free, 27MB/43MB, paused 312us total 37.198ms
08-04 12:39:04.835 18964 19193 I art     : Starting a blocking GC Explicit
08-04 12:39:04.872 18964 19193 I art     : Explicit concurrent mark sweep GC freed 3(96B) AllocSpace objects, 0(0B) LOS objects, 36% free, 27MB/43MB, paused 281us total 37.128ms
08-04 12:39:04.889 18964 20861 D OK      : calling: https://oauth.reddit.com/r/announcements/hot/.json?after=t3_9jf8nh
08-04 12:39:05.132 18870 18870 I ServiceManager: Waiting for service AtCmdFwd...
08-04 12:39:05.181 18964 20361 I art     : Starting a blocking GC Explicit
08-04 12:39:05.191 18964 20861 I NAPPA_EXPERIMENTATION: MetricNetworkRequestExecutionTime: REQUEST_DURATION_SYSTEM='302',REQUEST_DURATION_OKHTTP='145',REQUEST_SYNCHRONOUS='TRUE',RESPONSE_CODE='200',RESPONSE_METHOD='GET',RESPONSE_LENGTH_OKHTTP='-1',RESPONSE_LENGTH_HEADER='65685',REQUEST_PROTOCOL='h2',REQUEST_URL='https://oauth.reddit.com/r/announcements/hot/.json?after=t3_9jf8nh',
08-04 12:39:05.191 18964 20861 D OK      : request got status: 200
08-04 12:39:05.200 18964 19540 I PostListingFragment: Precaching images: OFF
08-04 12:39:05.200 18964 19540 I PostListingFragment: Precaching comments: OFF
08-04 12:39:05.224 18964 20361 I art     : Explicit concurrent mark sweep GC freed 5222(386KB) AllocSpace objects, 1(20KB) LOS objects, 36% free, 28MB/44MB, paused 557us total 42.104ms
08-04 12:39:05.233 18964 20874 D OK      : calling: https://a.thumbs.redditmedia.com/8P7BG-empihRDWkNYE_LZ8tekikmQtEiymWkwv7obo0.jpg
08-04 12:39:05.239 18964 20361 I art     : Starting a blocking GC Explicit
08-04 12:39:05.276 18964 20875 D OK      : calling: https://b.thumbs.redditmedia.com/PCxvz6Ma5pyTglQOwhW4LZZOY0qIwyWW5pD83dYmMgc.jpg
08-04 12:39:05.280 18964 20361 I art     : Explicit concurrent mark sweep GC freed 4080(169KB) AllocSpace objects, 1(16KB) LOS objects, 35% free, 28MB/44MB, paused 765us total 40.198ms
08-04 12:39:05.293 18964 20361 I art     : Starting a blocking GC Explicit
08-04 12:39:05.334 18964 20361 I art     : Explicit concurrent mark sweep GC freed 4214(176KB) AllocSpace objects, 1(16KB) LOS objects, 35% free, 29MB/45MB, paused 701us total 40.426ms
08-04 12:39:05.348 18964 20361 I art     : Starting a blocking GC Explicit
08-04 12:39:05.371 18964 20874 I NAPPA_EXPERIMENTATION: MetricNetworkRequestExecutionTime: REQUEST_DURATION_SYSTEM='137',REQUEST_DURATION_OKHTTP='137',REQUEST_SYNCHRONOUS='TRUE',RESPONSE_CODE='200',RESPONSE_METHOD='GET',RESPONSE_LENGTH_OKHTTP='3039',RESPONSE_LENGTH_HEADER='3039',REQUEST_PROTOCOL='h2',REQUEST_URL='https://a.thumbs.redditmedia.com/8P7BG-empihRDWkNYE_LZ8tekikmQtEiymWkwv7obo0.jpg',
08-04 12:39:05.371 18964 20874 D OK      : request got status: 200
08-04 12:39:05.389 18964 20361 I art     : Explicit concurrent mark sweep GC freed 4032(212KB) AllocSpace objects, 4(228KB) LOS objects, 35% free, 28MB/44MB, paused 484us total 40.668ms
08-04 12:39:05.403 18964 20361 I art     : Starting a blocking GC Explicit
08-04 12:39:05.444 18964 20361 I art     : Explicit concurrent mark sweep GC freed 4058(217KB) AllocSpace objects, 3(80KB) LOS objects, 35% free, 29MB/45MB, paused 509us total 41.677ms
08-04 12:39:05.698 13866 13882 I PeriodicStatsRunner: PeriodicStatsRunner.call():175 call()
08-04 12:39:05.699 13866 13882 I PeriodicStatsRunner: PeriodicStatsRunner.call():179 No submit PeriodicStats since input started.
08-04 12:39:05.739 18964 18981 I art     : Starting a blocking GC Explicit
08-04 12:39:05.757 18964 20875 I NAPPA_EXPERIMENTATION: MetricNetworkRequestExecutionTime: REQUEST_DURATION_SYSTEM='480',REQUEST_DURATION_OKHTTP='142',REQUEST_SYNCHRONOUS='TRUE',RESPONSE_CODE='200',RESPONSE_METHOD='GET',RESPONSE_LENGTH_OKHTTP='9233',RESPONSE_LENGTH_HEADER='9233',REQUEST_PROTOCOL='h2',REQUEST_URL='https://b.thumbs.redditmedia.com/PCxvz6Ma5pyTglQOwhW4LZZOY0qIwyWW5pD83dYmMgc.jpg',
08-04 12:39:05.757 18964 20875 D OK      : request got status: 200
08-04 12:39:05.784 18964 18981 I art     : Explicit concurrent mark sweep GC freed 23251(1137KB) AllocSpace objects, 10(644KB) LOS objects, 36% free, 28MB/44MB, paused 340us total 45.214ms
08-04 12:39:05.798 18964 18981 I art     : Starting a blocking GC Explicit
08-04 12:39:05.833 18964 18981 I art     : Explicit concurrent mark sweep GC freed 689(67KB) AllocSpace objects, 1(20KB) LOS objects, 35% free, 28MB/44MB, paused 305us total 34.728ms
08-04 12:39:05.847 18964 18981 I art     : Starting a blocking GC Explicit
08-04 12:39:05.883 18964 18981 I art     : Explicit concurrent mark sweep GC freed 174(19KB) AllocSpace objects, 3(168KB) LOS objects, 36% free, 28MB/44MB, paused 288us total 36.288ms
08-04 12:39:05.897 18964 18981 I art     : Starting a blocking GC Explicit
08-04 12:39:05.935 18964 18981 I art     : Explicit concurrent mark sweep GC freed 10(304B) AllocSpace objects, 0(0B) LOS objects, 36% free, 28MB/44MB, paused 328us total 37.369ms
08-04 12:39:05.949 18964 18981 I art     : Starting a blocking GC Explicit
08-04 12:39:05.987 18964 18981 I art     : Explicit concurrent mark sweep GC freed 3(96B) AllocSpace objects, 0(0B) LOS objects, 36% free, 28MB/44MB, paused 310us total 37.122ms
08-04 12:39:06.133 18870 18870 I ServiceManager: Waiting for service AtCmdFwd...
08-04 12:39:06.302 18964 18992 I art     : Starting a blocking GC Explicit
08-04 12:39:06.349 18964 18992 I art     : Explicit concurrent mark sweep GC freed 1344(82KB) AllocSpace objects, 1(20KB) LOS objects, 36% free, 28MB/44MB, paused 349us total 47.023ms
08-04 12:39:06.367 18964 18992 I art     : Starting a blocking GC Explicit
08-04 12:39:06.403 18964 18992 I art     : Explicit concurrent mark sweep GC freed 20(704B) AllocSpace objects, 0(0B) LOS objects, 36% free, 28MB/44MB, paused 294us total 35.759ms
08-04 12:39:06.417 18964 18992 I art     : Starting a blocking GC Explicit
08-04 12:39:06.454 18964 18992 I art     : Explicit concurrent mark sweep GC freed 3(96B) AllocSpace objects, 0(0B) LOS objects, 36% free, 28MB/44MB, paused 304us total 36.670ms
08-04 12:39:06.468 18964 18992 I art     : Starting a blocking GC Explicit
08-04 12:39:06.505 18964 18992 I art     : Explicit concurrent mark sweep GC freed 3(96B) AllocSpace objects, 0(0B) LOS objects, 36% free, 28MB/44MB, paused 313us total 36.969ms
08-04 12:39:06.520 18964 18992 I art     : Starting a blocking GC Explicit
08-04 12:39:06.558 18964 18992 I art     : Explicit concurrent mark sweep GC freed 3(96B) AllocSpace objects, 0(0B) LOS objects, 36% free, 28MB/44MB, paused 313us total 37.491ms
08-04 12:39:06.606   918 13198 D NetlinkSocketObserver: NeighborEvent{elapsedMs=1691350481, 192.168.2.254, [7C3953A63323], RTM_NEWNEIGH, NUD_STALE}
08-04 12:39:06.890 18964 18980 I art     : Starting a blocking GC Explicit
08-04 12:39:06.938 18964 18980 I art     : Explicit concurrent mark sweep GC freed 1344(82KB) AllocSpace objects, 1(20KB) LOS objects, 36% free, 28MB/44MB, paused 295us total 46.858ms
08-04 12:39:06.954 18964 18980 I art     : Starting a blocking GC Explicit
08-04 12:39:06.991 18964 18980 I art     : Explicit concurrent mark sweep GC freed 20(704B) AllocSpace objects, 0(0B) LOS objects, 36% free, 28MB/44MB, paused 297us total 36.692ms
08-04 12:39:07.005 18964 18980 I art     : Starting a blocking GC Explicit
08-04 12:39:07.043 18964 18980 I art     : Explicit concurrent mark sweep GC freed 3(96B) AllocSpace objects, 0(0B) LOS objects, 36% free, 28MB/44MB, paused 301us total 37.462ms
08-04 12:39:07.057 18964 18980 I art     : Starting a blocking GC Explicit
08-04 12:39:07.094 18964 18980 I art     : Explicit concurrent mark sweep GC freed 3(96B) AllocSpace objects, 0(0B) LOS objects, 36% free, 28MB/44MB, paused 292us total 36.656ms
08-04 12:39:07.109 18964 18980 I art     : Starting a blocking GC Explicit
08-04 12:39:07.134 18870 18870 I ServiceManager: Waiting for service AtCmdFwd...
08-04 12:39:07.146 18964 18980 I art     : Explicit concurrent mark sweep GC freed 3(96B) AllocSpace objects, 0(0B) LOS objects, 36% free, 28MB/44MB, paused 346us total 36.899ms
08-04 12:39:07.471 18964 19193 I art     : Starting a blocking GC Explicit
08-04 12:39:07.518 18964 19193 I art     : Explicit concurrent mark sweep GC freed 1349(82KB) AllocSpace objects, 1(20KB) LOS objects, 36% free, 28MB/44MB, paused 471us total 46.697ms
08-04 12:39:07.534 18964 19193 I art     : Starting a blocking GC Explicit
08-04 12:39:07.555 13866 13882 I PeriodicStatsRunner: PeriodicStatsRunner.call():175 call()
08-04 12:39:07.555 13866 13882 I PeriodicStatsRunner: PeriodicStatsRunner.call():179 No submit PeriodicStats since input started.
08-04 12:39:07.572 18964 19193 I art     : Explicit concurrent mark sweep GC freed 20(704B) AllocSpace objects, 0(0B) LOS objects, 36% free, 28MB/44MB, paused 305us total 37.116ms
08-04 12:39:07.586 18964 19193 I art     : Starting a blocking GC Explicit
08-04 12:39:07.623 18964 19193 I art     : Explicit concurrent mark sweep GC freed 3(96B) AllocSpace objects, 0(0B) LOS objects, 36% free, 28MB/44MB, paused 302us total 37.460ms
08-04 12:39:07.638 18964 19193 I art     : Starting a blocking GC Explicit
08-04 12:39:07.675 18964 19193 I art     : Explicit concurrent mark sweep GC freed 3(96B) AllocSpace objects, 0(0B) LOS objects, 36% free, 28MB/44MB, paused 283us total 36.721ms
08-04 12:39:07.690 18964 19193 I art     : Starting a blocking GC Explicit
08-04 12:39:07.724 18964 19193 I art     : Explicit concurrent mark sweep GC freed 3(96B) AllocSpace objects, 0(0B) LOS objects, 36% free, 28MB/44MB, paused 269us total 33.343ms
08-04 12:39:08.016 18964 20361 I art     : Starting a blocking GC Explicit
08-04 12:39:08.059 18964 20361 I art     : Explicit concurrent mark sweep GC freed 1348(82KB) AllocSpace objects, 1(20KB) LOS objects, 36% free, 28MB/44MB, paused 314us total 42.880ms
08-04 12:39:08.074 18964 20361 I art     : Starting a blocking GC Explicit
08-04 12:39:08.109 18964 20361 I art     : Explicit concurrent mark sweep GC freed 20(704B) AllocSpace objects, 0(0B) LOS objects, 36% free, 28MB/44MB, paused 292us total 34.937ms
08-04 12:39:08.123 18964 20361 I art     : Starting a blocking GC Explicit
08-04 12:39:08.126 20919 20919 D AndroidRuntime: >>>>>> START com.android.internal.os.RuntimeInit uid 2000 <<<<<<
08-04 12:39:08.131 20919 20919 D AndroidRuntime: CheckJNI is OFF
08-04 12:39:08.134 18870 18870 W Atfwd_Sendcmd: AtCmdFwd service not published, waiting... retryCnt : 1
08-04 12:39:08.158 18964 20361 I art     : Explicit concurrent mark sweep GC freed 3(96B) AllocSpace objects, 0(0B) LOS objects, 36% free, 28MB/44MB, paused 353us total 34.879ms
08-04 12:39:08.167 20919 20919 D ICU     : No timezone override file found: /data/misc/zoneinfo/current/icu/icu_tzdata.dat
08-04 12:39:08.171 18964 20361 I art     : Starting a blocking GC Explicit
08-04 12:39:08.201 20919 20919 I Radio-JNI: register_android_hardware_Radio DONE
08-04 12:39:08.206 18964 20361 I art     : Explicit concurrent mark sweep GC freed 3(96B) AllocSpace objects, 0(0B) LOS objects, 36% free, 28MB/44MB, paused 308us total 34.148ms
08-04 12:39:08.219 18964 20361 I art     : Starting a blocking GC Explicit
08-04 12:39:08.223 20919 20919 D AndroidRuntime: Calling main entry com.android.commands.input.Input
08-04 12:39:08.226 20919 20919 I Input   : injectMotionEvent: MotionEvent { action=ACTION_DOWN, actionButton=0, id[0]=0, x[0]=600.0, y[0]=580.0, toolType[0]=TOOL_TYPE_UNKNOWN, buttonState=0, metaState=0, flags=0x0, edgeFlags=0x0, pointerCount=1, historySize=0, eventTime=707964638, downTime=707964638, deviceId=0, source=0x1002 }
08-04 12:39:08.232 20919 20919 I Input   : injectMotionEvent: MotionEvent { action=ACTION_UP, actionButton=0, id[0]=0, x[0]=600.0, y[0]=580.0, toolType[0]=TOOL_TYPE_UNKNOWN, buttonState=0, metaState=0, flags=0x0, edgeFlags=0x0, pointerCount=1, historySize=0, eventTime=707964638, downTime=707964638, deviceId=0, source=0x1002 }
08-04 12:39:08.233 20919 20919 D AndroidRuntime: Shutting down VM
08-04 12:39:08.239   512  2967 D audio_hw_primary: out_set_parameters: enter: usecase(1: low-latency-playback) kvpairs: routing=2
08-04 12:39:08.240   918  4400 I ActivityManager: START u0 {cmp=baseline.org.quantumbadger.redreader/.activities.WebViewActivity (has extras)} from uid 10666 on display 0
08-04 12:39:08.253   512  2967 D audio_hw_primary: select_devices: out_snd_device(2: speaker) in_snd_device(0: none)
08-04 12:39:08.253   512  2967 D msm8974_platform: platform_send_audio_calibration: sending audio calibration for snd_device(2) acdb_id(15)
08-04 12:39:08.253   512  2967 I soundtrigger: audio_extn_sound_trigger_update_device_status: device 0x2 of type 0 for Event 1
08-04 12:39:08.255 18964 20361 I art     : Explicit concurrent mark sweep GC freed 154(9KB) AllocSpace objects, 0(0B) LOS objects, 36% free, 28MB/44MB, paused 813us total 36.229ms
08-04 12:39:08.263   512  2967 D audio_hw_primary: enable_snd_device: snd_device(2: speaker)
08-04 12:39:08.265   512  2967 D audio_hw_primary: enable_audio_route: apply and update mixer path: low-latency-playback speaker
08-04 12:39:08.265 18964 18964 I AppCompatViewInflater: app:theme is now deprecated. Please move to using android:theme instead.
08-04 12:39:08.280 18964 18964 I WebViewFactory: Loading com.google.android.webview version 84.0.4147.89 (code 414708953)
08-04 12:39:08.345 18964 18964 I cr_LibraryLoader: Loaded native library version number "84.0.4147.89"
08-04 12:39:08.345 18964 18964 I cr_CachingUmaRecorder: Flushed 5 samples from 5 histograms.
08-04 12:39:08.377 18964 18964 E chromium: [ERROR:filesystem_posix.cc(62)] mkdir /data/user/0/baseline.org.quantumbadger.redreader/cache/WebView/Crashpad: No such file or directory (2)
08-04 12:39:08.460   918  6112 D ConnectivityService: listenForNetwork for Listen from uid/pid:10666/18964 for NetworkRequest [ id=2652, legacyType=-1, [ Capabilities: INTERNET&NOT_RESTRICTED&TRUSTED] ]
08-04 12:39:08.505 18964 20959 W cr_media: Requires BLUETOOTH permission
08-04 12:39:08.523 18964 20979 E libEGL  : validate_display:255 error 3008 (EGL_BAD_DISPLAY)
08-04 12:39:08.530 18964 18981 I art     : Starting a blocking GC Explicit
08-04 12:39:08.572 18964 18981 I art     : Explicit concurrent mark sweep GC freed 17048(1410KB) AllocSpace objects, 6(136KB) LOS objects, 35% free, 29MB/45MB, paused 617us total 41.833ms
08-04 12:39:08.591 18964 18981 I art     : Starting a blocking GC Explicit
08-04 12:39:08.629 18964 18981 I art     : Explicit concurrent mark sweep GC freed 990(52KB) AllocSpace objects, 0(0B) LOS objects, 35% free, 29MB/45MB, paused 1.015ms total 37.106ms
08-04 12:39:08.645 18964 18981 I art     : Starting a blocking GC Explicit
08-04 12:39:08.664 13866 13866 I GoogleInputMethodServic: GoogleInputMethodService.onFinishInput():3138 
08-04 12:39:08.665   918   936 I ActivityManager: Displayed baseline.org.quantumbadger.redreader/.activities.WebViewActivity: +414ms
08-04 12:39:08.665 13866 13866 I GoogleInputMethodServic: GoogleInputMethodService.onStartInput():1808 
08-04 12:39:08.678 18964 18981 I art     : Explicit concurrent mark sweep GC freed 237(15KB) AllocSpace objects, 0(0B) LOS objects, 35% free, 29MB/45MB, paused 1.773ms total 32.856ms
08-04 12:39:08.678 18964 18974 I art     : WaitForGcToComplete blocked for 32.984ms for cause HeapTrim
08-04 12:39:08.693 18964 18981 I art     : Starting a blocking GC Explicit
08-04 12:39:08.729 18964 18981 I art     : Explicit concurrent mark sweep GC freed 2944(155KB) AllocSpace objects, 3(200KB) LOS objects, 35% free, 29MB/45MB, paused 638us total 36.081ms
08-04 12:39:08.742 18964 18981 I art     : Starting a blocking GC Explicit
08-04 12:39:08.778 18964 18981 I art     : Explicit concurrent mark sweep GC freed 941(118KB) AllocSpace objects, 0(0B) LOS objects, 35% free, 29MB/45MB, paused 359us total 34.918ms
08-04 12:39:08.810   512  2967 D audio_hw_primary: disable_audio_route: reset and update mixer path: low-latency-playback speaker
08-04 12:39:08.812   512  2967 D audio_hw_primary: disable_snd_device: snd_device(2: speaker)
08-04 12:39:08.821   512  2967 I soundtrigger: audio_extn_sound_trigger_update_device_status: device 0x2 of type 0 for Event 0
08-04 12:39:08.917   380   380 W SurfaceFlinger: couldn't log to binary event log: overflow.
08-04 12:39:09.065 18964 18980 I art     : Starting a blocking GC Explicit
08-04 12:39:09.108 18964 18980 I art     : Explicit concurrent mark sweep GC freed 2561(165KB) AllocSpace objects, 1(20KB) LOS objects, 35% free, 29MB/45MB, paused 490us total 42.255ms
08-04 12:39:09.122 18964 18980 I art     : Starting a blocking GC Explicit
08-04 12:39:09.155 18964 18980 I art     : Explicit concurrent mark sweep GC freed 1976(87KB) AllocSpace objects, 0(0B) LOS objects, 35% free, 29MB/45MB, paused 506us total 33.014ms
08-04 12:39:09.168 18964 18980 I art     : Starting a blocking GC Explicit
08-04 12:39:09.201 18964 18980 I art     : Explicit concurrent mark sweep GC freed 49(1600B) AllocSpace objects, 0(0B) LOS objects, 35% free, 29MB/45MB, paused 440us total 32.710ms
08-04 12:39:09.214 18964 18980 I art     : Starting a blocking GC Explicit
08-04 12:39:09.248 18964 18980 I art     : Explicit concurrent mark sweep GC freed 3(96B) AllocSpace objects, 0(0B) LOS objects, 35% free, 29MB/45MB, paused 473us total 34.150ms
08-04 12:39:09.262 18964 18980 I art     : Starting a blocking GC Explicit
08-04 12:39:09.295 18964 18980 I art     : Explicit concurrent mark sweep GC freed 1970(81KB) AllocSpace objects, 0(0B) LOS objects, 35% free, 29MB/45MB, paused 456us total 33.260ms
08-04 12:39:09.573 18964 18992 I art     : Starting a blocking GC Explicit
08-04 12:39:09.607 18964 18992 I art     : Explicit concurrent mark sweep GC freed 1399(84KB) AllocSpace objects, 1(20KB) LOS objects, 35% free, 29MB/45MB, paused 490us total 33.966ms
08-04 12:39:09.621 18964 18992 I art     : Starting a blocking GC Explicit
08-04 12:39:09.654 18964 18992 I art     : Explicit concurrent mark sweep GC freed 20(704B) AllocSpace objects, 0(0B) LOS objects, 35% free, 29MB/45MB, paused 449us total 32.135ms
08-04 12:39:09.668 18964 18992 I art     : Starting a blocking GC Explicit
08-04 12:39:09.702 18964 18992 I art     : Explicit concurrent mark sweep GC freed 3(96B) AllocSpace objects, 0(0B) LOS objects, 35% free, 29MB/45MB, paused 443us total 33.742ms
08-04 12:39:09.715 18964 18992 I art     : Starting a blocking GC Explicit
08-04 12:39:09.749 18964 18992 I art     : Explicit concurrent mark sweep GC freed 3(96B) AllocSpace objects, 0(0B) LOS objects, 35% free, 29MB/45MB, paused 426us total 33.054ms
08-04 12:39:09.762 18964 18992 I art     : Starting a blocking GC Explicit
08-04 12:39:09.795 18964 18992 I art     : Explicit concurrent mark sweep GC freed 3(96B) AllocSpace objects, 0(0B) LOS objects, 35% free, 29MB/45MB, paused 477us total 33.126ms
08-04 12:39:09.816 18964 18964 I Choreographer: Skipped 44 frames!  The application may be doing too much work on its main thread.
08-04 12:39:10.112 18964 20361 I art     : Starting a blocking GC Explicit
08-04 12:39:10.154 18964 20361 I art     : Explicit concurrent mark sweep GC freed 1401(84KB) AllocSpace objects, 1(20KB) LOS objects, 35% free, 29MB/45MB, paused 583us total 41.020ms
08-04 12:39:10.167 18964 20361 I art     : Starting a blocking GC Explicit
08-04 12:39:10.205 18964 20361 I art     : Explicit concurrent mark sweep GC freed 30(1024B) AllocSpace objects, 0(0B) LOS objects, 35% free, 29MB/45MB, paused 740us total 37.398ms
08-04 12:39:10.219 18964 20361 I art     : Starting a blocking GC Explicit
08-04 12:39:10.258 18964 20361 I art     : Explicit concurrent mark sweep GC freed 17(544B) AllocSpace objects, 0(0B) LOS objects, 35% free, 29MB/45MB, paused 378us total 38.708ms
08-04 12:39:10.273 18964 20361 I art     : Starting a blocking GC Explicit
08-04 12:39:10.310 18964 20361 I art     : Explicit concurrent mark sweep GC freed 15(480B) AllocSpace objects, 0(0B) LOS objects, 35% free, 29MB/45MB, paused 429us total 37.143ms
08-04 12:39:10.326 18964 20361 I art     : Starting a blocking GC Explicit
08-04 12:39:10.366 18964 20361 I art     : Explicit concurrent mark sweep GC freed 15(480B) AllocSpace objects, 0(0B) LOS objects, 35% free, 29MB/45MB, paused 490us total 39.357ms
08-04 12:39:10.550 18964 18964 I chromium: [INFO:CONSOLE(1)] "
08-04 12:39:10.550 18964 18964 I chromium:                   ,d"=,.,qOp,
08-04 12:39:10.550 18964 18964 I chromium:                  ,7'  ''$(  )
08-04 12:39:10.550 18964 18964 I chromium:                 ,7'      '?q$7'
08-04 12:39:10.550 18964 18964 I chromium:              ..,$$,.
08-04 12:39:10.550 18964 18964 I chromium:    ,.  .,,--***""***--,,.  .,
08-04 12:39:10.550 18964 18964 I chromium:     ,p''              ''q,   
08-04 12:39:10.550 18964 18964 I chromium: :  ,7'                      '7,  :
08-04 12:39:10.550 18964 18964 I chromium:  ' $      ,db,      ,db,      $ '
08-04 12:39:10.550 18964 18964 I chromium:   '$      $$      $$      $'    Using Reddit at work? Work for Reddit.
08-04 12:39:10.550 18964 18964 I chromium:   '$                          $'        https://www.reddit.com/jobs
08-04 12:39:10.550 18964 18964 I chromium:    '$.     .,        ,.     .$'
08-04 12:39:10.550 18964 18964 I chromium:     'b,     ''     ,d'
08-04 12:39:10.550 18964 18964 I chromium:      '?bn,,          ,,nd?'
08-04 12:39:10.550 18964 18964 I chromium:        ,7$ '''' $7,
08-04 12:39:10.550 18964 18964 I chromium:      , $              $ ,
08-04 12:39:10.550 18964 18964 I chromium:      $  :$              $:  $
08-04 12:39:10.550 18964 18964 I chromium:      $   $              $   $
08-04 12:39:10.550 18964 18964 I chromium:      'b  q:            :p  d'
08-04 12:39:10.550 18964 18964 I chromium:       '?$.          .$?'
08-04 12:39:10.550 18964 18964 I chromium:          'b            d'
08-04 12:39:10.550 18964 18964 I chromium:        ,'?,.      .,?',
08-04 12:39:10.550 18964 18964 I chromium:       ==--==--==--==
08-04 12:39:10.550 18964 18964 I chromium: ", source: https://www.redditstatic.com/desktop2x/Chat~Governance~Reddit.2ea93b134a9b2e5b1d9a.js (1)
08-04 12:39:10.567   518   646 I ThermalEngine: ACTION: GPU - Setting GPU[0] to 450000000
08-04 12:39:10.715 18964 19193 I art     : Starting a blocking GC Explicit
08-04 12:39:10.763 18964 19193 I art     : Explicit concurrent mark sweep GC freed 1379(85KB) AllocSpace objects, 1(20KB) LOS objects, 35% free, 29MB/45MB, paused 568us total 48.198ms
08-04 12:39:10.782 18964 19193 I art     : Starting a blocking GC Explicit
08-04 12:39:10.828 18964 19193 I art     : Explicit concurrent mark sweep GC freed 182(31KB) AllocSpace objects, 0(0B) LOS objects, 35% free, 29MB/45MB, paused 527us total 45.528ms
08-04 12:39:10.846 18964 19193 I art     : Starting a blocking GC Explicit
08-04 12:39:10.886 18964 19193 I art     : Explicit concurrent mark sweep GC freed 68(2304B) AllocSpace objects, 0(0B) LOS objects, 35% free, 29MB/45MB, paused 481us total 39.507ms
08-04 12:39:10.904 18964 19193 I art     : Starting a blocking GC Explicit
08-04 12:39:10.950 18964 19193 I art     : Explicit concurrent mark sweep GC freed 3(96B) AllocSpace objects, 0(0B) LOS objects, 35% free, 29MB/45MB, paused 500us total 46.008ms
08-04 12:39:10.971 18964 19193 I art     : Starting a blocking GC Explicit
08-04 12:39:11.019 18964 19193 I art     : Explicit concurrent mark sweep GC freed 3(96B) AllocSpace objects, 0(0B) LOS objects, 35% free, 29MB/45MB, paused 544us total 47.585ms
08-04 12:39:11.419 18964 18980 I art     : Starting a blocking GC Explicit
08-04 12:39:11.468 18964 18980 I art     : Explicit concurrent mark sweep GC freed 1367(83KB) AllocSpace objects, 1(20KB) LOS objects, 35% free, 29MB/45MB, paused 715us total 49.019ms
08-04 12:39:11.486 18964 18980 I art     : Starting a blocking GC Explicit
08-04 12:39:11.536 18964 18980 I art     : Explicit concurrent mark sweep GC freed 22(768B) AllocSpace objects, 0(0B) LOS objects, 35% free, 29MB/45MB, paused 524us total 49.238ms
08-04 12:39:11.554 18964 18980 I art     : Starting a blocking GC Explicit
08-04 12:39:11.603 18964 18980 I art     : Explicit concurrent mark sweep GC freed 3(96B) AllocSpace objects, 0(0B) LOS objects, 35% free, 29MB/45MB, paused 522us total 48.097ms
08-04 12:39:11.622 18964 18980 I art     : Starting a blocking GC Explicit
08-04 12:39:11.669 18964 18980 I art     : Explicit concurrent mark sweep GC freed 3(96B) AllocSpace objects, 0(0B) LOS objects, 35% free, 29MB/45MB, paused 523us total 47.537ms
08-04 12:39:11.689 18964 18980 I art     : Starting a blocking GC Explicit
08-04 12:39:11.736 18964 18980 I art     : Explicit concurrent mark sweep GC freed 193(11KB) AllocSpace objects, 0(0B) LOS objects, 35% free, 29MB/45MB, paused 492us total 46.767ms
08-04 12:39:12.110 18964 20361 I art     : Starting a blocking GC Explicit
08-04 12:39:12.159 18964 20361 I art     : Explicit concurrent mark sweep GC freed 1391(86KB) AllocSpace objects, 1(20KB) LOS objects, 35% free, 29MB/45MB, paused 457us total 48.822ms
08-04 12:39:12.177 18964 20361 I art     : Starting a blocking GC Explicit
08-04 12:39:12.224 18964 20361 I art     : Explicit concurrent mark sweep GC freed 20(704B) AllocSpace objects, 0(0B) LOS objects, 35% free, 29MB/45MB, paused 717us total 46.346ms
08-04 12:39:12.243 18964 20361 I art     : Starting a blocking GC Explicit
08-04 12:39:12.291 18964 20361 I art     : Explicit concurrent mark sweep GC freed 3(96B) AllocSpace objects, 0(0B) LOS objects, 35% free, 29MB/45MB, paused 524us total 48.417ms
08-04 12:39:12.310 18964 20361 I art     : Starting a blocking GC Explicit
08-04 12:39:12.362 18964 20361 I art     : Explicit concurrent mark sweep GC freed 3(96B) AllocSpace objects, 0(0B) LOS objects, 35% free, 29MB/45MB, paused 543us total 51.218ms
08-04 12:39:12.381 18964 20361 I art     : Starting a blocking GC Explicit
08-04 12:39:12.427 18964 20361 I art     : Explicit concurrent mark sweep GC freed 3(96B) AllocSpace objects, 0(0B) LOS objects, 35% free, 29MB/45MB, paused 454us total 45.953ms
08-04 12:39:12.782 18964 20361 I art     : Starting a blocking GC Explicit
08-04 12:39:12.832 18964 20361 I art     : Explicit concurrent mark sweep GC freed 1401(85KB) AllocSpace objects, 1(20KB) LOS objects, 35% free, 29MB/45MB, paused 473us total 49.900ms
08-04 12:39:12.855 18964 20361 I art     : Starting a blocking GC Explicit
08-04 12:39:12.904 18964 20361 I art     : Explicit concurrent mark sweep GC freed 20(704B) AllocSpace objects, 0(0B) LOS objects, 35% free, 29MB/45MB, paused 536us total 48.246ms
08-04 12:39:12.922 18964 20361 I art     : Starting a blocking GC Explicit
08-04 12:39:12.974 18964 20361 I art     : Explicit concurrent mark sweep GC freed 3(96B) AllocSpace objects, 0(0B) LOS objects, 35% free, 29MB/45MB, paused 503us total 51.204ms
08-04 12:39:12.993 18964 20361 I art     : Starting a blocking GC Explicit
08-04 12:39:13.043 18964 20361 I art     : Explicit concurrent mark sweep GC freed 3(96B) AllocSpace objects, 0(0B) LOS objects, 35% free, 29MB/45MB, paused 610us total 49.921ms
08-04 12:39:13.064 18964 20361 I art     : Starting a blocking GC Explicit
08-04 12:39:13.112 18964 20361 I art     : Explicit concurrent mark sweep GC freed 3(96B) AllocSpace objects, 0(0B) LOS objects, 35% free, 29MB/45MB, paused 452us total 47.180ms
08-04 12:39:13.135 18870 18870 I ServiceManager: Waiting for service AtCmdFwd...
08-04 12:39:13.255 18964 20943 I RedditChangeDataIO: Writing tmp data file at '/data/user/0/baseline.org.quantumbadger.redreader/files/rr_change_data_tmp.dat'
08-04 12:39:13.256 18964 20943 I RedditChangeDataManager: Taking snapshot...
08-04 12:39:13.256 18964 20943 I RedditChangeDataManager: Writing to stream...
08-04 12:39:13.256 18964 20943 I RedditChangeDataManager: Wrote 4 entries for user ''
08-04 12:39:13.257 18964 20943 I RedditChangeDataManager: All entries written to stream.
08-04 12:39:13.257 18964 20943 I RedditChangeDataIO: Write successful. Atomically replacing data file...
08-04 12:39:13.257 18964 20943 I RedditChangeDataIO: Write complete.
08-04 12:39:13.257 18964 20943 I RedditChangeDataIO: 110 bytes written in 2 ms
08-04 12:39:13.507 18964 18992 I art     : Starting a blocking GC Explicit
08-04 12:39:13.563 18964 18992 I art     : Explicit concurrent mark sweep GC freed 1436(87KB) AllocSpace objects, 2(88KB) LOS objects, 35% free, 29MB/45MB, paused 485us total 55.428ms
08-04 12:39:13.581 18964 18992 I art     : Starting a blocking GC Explicit
08-04 12:39:13.629 18964 18992 I art     : Explicit concurrent mark sweep GC freed 23(800B) AllocSpace objects, 0(0B) LOS objects, 35% free, 29MB/45MB, paused 474us total 46.973ms
08-04 12:39:13.650 18964 18992 I art     : Starting a blocking GC Explicit
08-04 12:39:13.665 13866 13882 I PeriodicStatsRunner: PeriodicStatsRunner.call():175 call()
08-04 12:39:13.665 13866 13882 I PeriodicStatsRunner: PeriodicStatsRunner.call():179 No submit PeriodicStats since input started.
08-04 12:39:13.698 18964 18992 I art     : Explicit concurrent mark sweep GC freed 3(96B) AllocSpace objects, 0(0B) LOS objects, 35% free, 29MB/45MB, paused 541us total 47.812ms
08-04 12:39:13.717 18964 18992 I art     : Starting a blocking GC Explicit
08-04 12:39:13.767 18964 18992 I art     : Explicit concurrent mark sweep GC freed 3(96B) AllocSpace objects, 0(0B) LOS objects, 35% free, 29MB/45MB, paused 579us total 50.064ms
08-04 12:39:13.768 18964 18974 I art     : WaitForGcToComplete blocked for 37.802ms for cause HeapTrim
08-04 12:39:13.786 18964 18992 I art     : Starting a blocking GC Explicit
08-04 12:39:13.835 18964 18992 I art     : Explicit concurrent mark sweep GC freed 5(176B) AllocSpace objects, 0(0B) LOS objects, 35% free, 29MB/45MB, paused 559us total 49.220ms
08-04 12:39:14.135 18870 18870 I ServiceManager: Waiting for service AtCmdFwd...
08-04 12:39:14.225 18964 18981 I art     : Starting a blocking GC Explicit
08-04 12:39:14.274 18964 18981 I art     : Explicit concurrent mark sweep GC freed 1355(82KB) AllocSpace objects, 1(20KB) LOS objects, 35% free, 29MB/45MB, paused 523us total 48.918ms
08-04 12:39:14.292 18964 18981 I art     : Starting a blocking GC Explicit
08-04 12:39:14.341 18964 18981 I art     : Explicit concurrent mark sweep GC freed 20(704B) AllocSpace objects, 0(0B) LOS objects, 35% free, 29MB/45MB, paused 570us total 47.897ms
08-04 12:39:14.361 18964 18981 I art     : Starting a blocking GC Explicit
08-04 12:39:14.410 18964 18981 I art     : Explicit concurrent mark sweep GC freed 3(96B) AllocSpace objects, 0(0B) LOS objects, 35% free, 29MB/45MB, paused 491us total 49.332ms
08-04 12:39:14.429 18964 18981 I art     : Starting a blocking GC Explicit
08-04 12:39:14.482 18964 18981 I art     : Explicit concurrent mark sweep GC freed 3(96B) AllocSpace objects, 0(0B) LOS objects, 35% free, 29MB/45MB, paused 481us total 52.187ms
08-04 12:39:14.500 18964 18981 I art     : Starting a blocking GC Explicit
08-04 12:39:14.552 18964 18981 I art     : Explicit concurrent mark sweep GC freed 3(96B) AllocSpace objects, 0(0B) LOS objects, 35% free, 29MB/45MB, paused 577us total 51.023ms
08-04 12:39:14.931 18964 18980 I art     : Starting a blocking GC Explicit
08-04 12:39:14.989 18964 18980 I art     : Explicit concurrent mark sweep GC freed 1355(82KB) AllocSpace objects, 1(20KB) LOS objects, 35% free, 29MB/45MB, paused 487us total 57.550ms
08-04 12:39:15.008 18964 18980 I art     : Starting a blocking GC Explicit
08-04 12:39:15.061 18964 18980 I art     : Explicit concurrent mark sweep GC freed 20(704B) AllocSpace objects, 0(0B) LOS objects, 35% free, 29MB/45MB, paused 492us total 52.888ms
08-04 12:39:15.080 18964 18980 I art     : Starting a blocking GC Explicit
08-04 12:39:15.127 18964 18980 I art     : Explicit concurrent mark sweep GC freed 3(96B) AllocSpace objects, 0(0B) LOS objects, 35% free, 29MB/45MB, paused 776us total 47.277ms
08-04 12:39:15.138 18870 18870 I ServiceManager: Waiting for service AtCmdFwd...
08-04 12:39:15.147 18964 18980 I art     : Starting a blocking GC Explicit
08-04 12:39:15.197 18964 18980 I art     : Explicit concurrent mark sweep GC freed 3(96B) AllocSpace objects, 0(0B) LOS objects, 35% free, 29MB/45MB, paused 536us total 49.825ms
08-04 12:39:15.216 18964 18980 I art     : Starting a blocking GC Explicit
08-04 12:39:15.267 18964 18980 I art     : Explicit concurrent mark sweep GC freed 3(96B) AllocSpace objects, 0(0B) LOS objects, 35% free, 29MB/45MB, paused 545us total 51.015ms
08-04 12:39:15.635 18964 20361 I art     : Starting a blocking GC Explicit
08-04 12:39:15.683 18964 20361 I art     : Explicit concurrent mark sweep GC freed 1399(84KB) AllocSpace objects, 1(20KB) LOS objects, 35% free, 29MB/45MB, paused 500us total 48.456ms
08-04 12:39:15.702 18964 20361 I art     : Starting a blocking GC Explicit
08-04 12:39:15.747 18964 20361 I art     : Explicit concurrent mark sweep GC freed 20(704B) AllocSpace objects, 0(0B) LOS objects, 35% free, 29MB/45MB, paused 586us total 44.953ms
08-04 12:39:15.768 18964 20361 I art     : Starting a blocking GC Explicit
08-04 12:39:15.811 18964 20361 I art     : Explicit concurrent mark sweep GC freed 3(96B) AllocSpace objects, 0(0B) LOS objects, 35% free, 29MB/45MB, paused 443us total 41.834ms
08-04 12:39:15.828 18964 20361 I art     : Starting a blocking GC Explicit
08-04 12:39:15.873 18964 20361 I art     : Explicit concurrent mark sweep GC freed 3(96B) AllocSpace objects, 0(0B) LOS objects, 35% free, 29MB/45MB, paused 462us total 44.580ms
08-04 12:39:15.892 18964 20361 I art     : Starting a blocking GC Explicit
08-04 12:39:15.945 18964 20361 I art     : Explicit concurrent mark sweep GC freed 3(96B) AllocSpace objects, 0(0B) LOS objects, 35% free, 29MB/45MB, paused 686us total 51.890ms
08-04 12:39:16.138 18870 18870 I ServiceManager: Waiting for service AtCmdFwd...
08-04 12:39:16.295 18964 19193 I art     : Starting a blocking GC Explicit
08-04 12:39:16.346 18964 19193 I art     : Explicit concurrent mark sweep GC freed 1355(82KB) AllocSpace objects, 1(20KB) LOS objects, 35% free, 29MB/45MB, paused 622us total 50.638ms
08-04 12:39:16.368 18964 19193 I art     : Starting a blocking GC Explicit
08-04 12:39:16.416 18964 19193 I art     : Explicit concurrent mark sweep GC freed 20(704B) AllocSpace objects, 0(0B) LOS objects, 35% free, 29MB/45MB, paused 476us total 48.022ms
08-04 12:39:16.435 18964 19193 I art     : Starting a blocking GC Explicit
08-04 12:39:16.487 18964 19193 I art     : Explicit concurrent mark sweep GC freed 3(96B) AllocSpace objects, 0(0B) LOS objects, 35% free, 29MB/45MB, paused 551us total 51.556ms
08-04 12:39:16.505 18964 19193 I art     : Starting a blocking GC Explicit
08-04 12:39:16.552 18964 19193 I art     : Explicit concurrent mark sweep GC freed 3(96B) AllocSpace objects, 0(0B) LOS objects, 35% free, 29MB/45MB, paused 484us total 46.639ms
08-04 12:39:16.571 18964 19193 I art     : Starting a blocking GC Explicit
08-04 12:39:16.616 18964 19193 I art     : Explicit concurrent mark sweep GC freed 3(96B) AllocSpace objects, 0(0B) LOS objects, 35% free, 29MB/45MB, paused 467us total 45.390ms
08-04 12:39:16.971 18964 18992 I art     : Starting a blocking GC Explicit
08-04 12:39:17.017 18964 18992 I art     : Explicit concurrent mark sweep GC freed 1355(82KB) AllocSpace objects, 1(20KB) LOS objects, 35% free, 29MB/45MB, paused 504us total 45.975ms
08-04 12:39:17.035 18964 18992 I art     : Starting a blocking GC Explicit
08-04 12:39:17.083 18964 18992 I art     : Explicit concurrent mark sweep GC freed 20(704B) AllocSpace objects, 0(0B) LOS objects, 35% free, 29MB/45MB, paused 513us total 47.824ms
08-04 12:39:17.101 18964 18992 I art     : Starting a blocking GC Explicit
08-04 12:39:17.140 18870 18870 I ServiceManager: Waiting for service AtCmdFwd...
08-04 12:39:17.152 18964 18992 I art     : Explicit concurrent mark sweep GC freed 3(96B) AllocSpace objects, 0(0B) LOS objects, 35% free, 29MB/45MB, paused 611us total 50.189ms
08-04 12:39:17.172 18964 18992 I art     : Starting a blocking GC Explicit
08-04 12:39:17.173 21113 21113 D AndroidRuntime: >>>>>> START com.android.internal.os.RuntimeInit uid 2000 <<<<<<
08-04 12:39:17.180 21113 21113 D AndroidRuntime: CheckJNI is OFF
08-04 12:39:17.219 18964 18992 I art     : Explicit concurrent mark sweep GC freed 3(96B) AllocSpace objects, 0(0B) LOS objects, 35% free, 29MB/45MB, paused 512us total 47.052ms
08-04 12:39:17.232 21113 21113 D ICU     : No timezone override file found: /data/misc/zoneinfo/current/icu/icu_tzdata.dat
08-04 12:39:17.238 18964 18992 I art     : Starting a blocking GC Explicit
08-04 12:39:17.285 18964 18992 I art     : Explicit concurrent mark sweep GC freed 3(96B) AllocSpace objects, 0(0B) LOS objects, 35% free, 29MB/45MB, paused 480us total 47.458ms
08-04 12:39:17.290 21113 21113 I Radio-JNI: register_android_hardware_Radio DONE
08-04 12:39:17.320 21113 21113 D AndroidRuntime: Calling main entry com.android.commands.input.Input
08-04 12:39:17.321 21113 21113 I Input   : injectKeyEvent: KeyEvent { action=ACTION_DOWN, keyCode=KEYCODE_BACK, scanCode=0, metaState=0, flags=0x0, repeatCount=0, eventTime=707973734, downTime=707973734, deviceId=-1, source=0x101 }
08-04 12:39:17.332 21113 21113 I Input   : injectKeyEvent: KeyEvent { action=ACTION_UP, keyCode=KEYCODE_BACK, scanCode=0, metaState=0, flags=0x0, repeatCount=0, eventTime=707973734, downTime=707973734, deviceId=-1, source=0x101 }
08-04 12:39:17.344 21113 21113 D AndroidRuntime: Shutting down VM
08-04 12:39:17.402 13866 13866 I GoogleInputMethodServic: GoogleInputMethodService.onFinishInput():3138 
08-04 12:39:17.402 13866 13866 I GoogleInputMethodServic: GoogleInputMethodService.onStartInput():1808 
08-04 12:39:17.623 18964 18992 I art     : Starting a blocking GC Explicit
08-04 12:39:17.679 18964 18992 I art     : Explicit concurrent mark sweep GC freed 1636(94KB) AllocSpace objects, 1(20KB) LOS objects, 35% free, 29MB/45MB, paused 578us total 55.731ms
08-04 12:39:17.693   380   380 W SurfaceFlinger: couldn't log to binary event log: overflow.
08-04 12:39:17.699 18964 18992 I art     : Starting a blocking GC Explicit
08-04 12:39:17.730   918  3263 D ConnectivityService: releasing NetworkRequest NetworkRequest [ id=2652, legacyType=-1, [ Capabilities: INTERNET&NOT_RESTRICTED&TRUSTED] ]
08-04 12:39:17.748 18964 18992 I art     : Explicit concurrent mark sweep GC freed 891(42KB) AllocSpace objects, 0(0B) LOS objects, 35% free, 29MB/45MB, paused 593us total 47.748ms
08-04 12:39:17.766 18964 18992 I art     : Starting a blocking GC Explicit
08-04 12:39:17.805 18964 18992 I art     : Explicit concurrent mark sweep GC freed 172(10KB) AllocSpace objects, 0(0B) LOS objects, 35% free, 29MB/45MB, paused 456us total 38.861ms
08-04 12:39:17.823 18964 18992 I art     : Starting a blocking GC Explicit
08-04 12:39:17.862 18964 18992 I art     : Explicit concurrent mark sweep GC freed 1977(117KB) AllocSpace objects, 1(28KB) LOS objects, 35% free, 29MB/45MB, paused 457us total 39.275ms
08-04 12:39:17.879 18964 18992 I art     : Starting a blocking GC Explicit
08-04 12:39:17.922 18964 18992 I art     : Explicit concurrent mark sweep GC freed 3(96B) AllocSpace objects, 0(0B) LOS objects, 35% free, 29MB/45MB, paused 499us total 42.589ms
08-04 12:39:18.140 18870 18870 W Atfwd_Sendcmd: AtCmdFwd service not published, waiting... retryCnt : 2
08-04 12:39:18.270 18964 18980 I art     : Starting a blocking GC Explicit
08-04 12:39:18.329 18964 18980 I art     : Explicit concurrent mark sweep GC freed 1354(82KB) AllocSpace objects, 1(20KB) LOS objects, 35% free, 29MB/45MB, paused 665us total 58.282ms
08-04 12:39:18.351 18964 18980 I art     : Starting a blocking GC Explicit
08-04 12:39:18.397 18964 18980 I art     : Explicit concurrent mark sweep GC freed 20(704B) AllocSpace objects, 0(0B) LOS objects, 35% free, 29MB/45MB, paused 556us total 45.791ms
08-04 12:39:18.416 18964 18980 I art     : Starting a blocking GC Explicit
08-04 12:39:18.462 18964 18980 I art     : Explicit concurrent mark sweep GC freed 3(96B) AllocSpace objects, 0(0B) LOS objects, 35% free, 29MB/45MB, paused 491us total 45.492ms
08-04 12:39:18.481 18964 18980 I art     : Starting a blocking GC Explicit
08-04 12:39:18.529 18964 18980 I art     : Explicit concurrent mark sweep GC freed 3(96B) AllocSpace objects, 0(0B) LOS objects, 35% free, 29MB/45MB, paused 546us total 47.580ms
08-04 12:39:18.554 18964 18980 I art     : Starting a blocking GC Explicit
08-04 12:39:18.598 18964 18980 I art     : Explicit concurrent mark sweep GC freed 3(96B) AllocSpace objects, 0(0B) LOS objects, 35% free, 29MB/45MB, paused 582us total 43.621ms
08-04 12:39:18.934 18964 18981 I art     : Starting a blocking GC Explicit
08-04 12:39:18.991 18964 18981 I art     : Explicit concurrent mark sweep GC freed 1373(83KB) AllocSpace objects, 1(20KB) LOS objects, 35% free, 29MB/45MB, paused 530us total 56.422ms
08-04 12:39:19.009 18964 18981 I art     : Starting a blocking GC Explicit
08-04 12:39:19.058 18964 18981 I art     : Explicit concurrent mark sweep GC freed 26(928B) AllocSpace objects, 0(0B) LOS objects, 35% free, 29MB/45MB, paused 569us total 48.136ms
08-04 12:39:19.077 18964 18981 I art     : Starting a blocking GC Explicit
08-04 12:39:19.125 18964 18981 I art     : Explicit concurrent mark sweep GC freed 3(96B) AllocSpace objects, 0(0B) LOS objects, 35% free, 29MB/45MB, paused 540us total 48.121ms
08-04 12:39:19.127 21158 21158 D AndroidRuntime: >>>>>> START com.android.internal.os.RuntimeInit uid 2000 <<<<<<
08-04 12:39:19.133 21158 21158 D AndroidRuntime: CheckJNI is OFF
08-04 12:39:19.144 18964 18981 I art     : Starting a blocking GC Explicit
08-04 12:39:19.178 21158 21158 D ICU     : No timezone override file found: /data/misc/zoneinfo/current/icu/icu_tzdata.dat
08-04 12:39:19.192 18964 18981 I art     : Explicit concurrent mark sweep GC freed 3(96B) AllocSpace objects, 0(0B) LOS objects, 35% free, 29MB/45MB, paused 599us total 47.473ms
08-04 12:39:19.211 18964 18981 I art     : Starting a blocking GC Explicit
08-04 12:39:19.225 21158 21158 I Radio-JNI: register_android_hardware_Radio DONE
08-04 12:39:19.254 21158 21158 D AndroidRuntime: Calling main entry com.android.commands.input.Input
08-04 12:39:19.256 21158 21158 I Input   : injectMotionEvent: MotionEvent { action=ACTION_DOWN, actionButton=0, id[0]=0, x[0]=600.0, y[0]=820.0, toolType[0]=TOOL_TYPE_UNKNOWN, buttonState=0, metaState=0, flags=0x0, edgeFlags=0x0, pointerCount=1, historySize=0, eventTime=707975669, downTime=707975669, deviceId=0, source=0x1002 }
08-04 12:39:19.257 18964 18981 I art     : Explicit concurrent mark sweep GC freed 3(96B) AllocSpace objects, 0(0B) LOS objects, 35% free, 29MB/45MB, paused 546us total 45.956ms
08-04 12:39:19.263 21158 21158 I Input   : injectMotionEvent: MotionEvent { action=ACTION_UP, actionButton=0, id[0]=0, x[0]=600.0, y[0]=820.0, toolType[0]=TOOL_TYPE_UNKNOWN, buttonState=0, metaState=0, flags=0x0, edgeFlags=0x0, pointerCount=1, historySize=0, eventTime=707975669, downTime=707975669, deviceId=0, source=0x1002 }
08-04 12:39:19.266 21158 21158 D AndroidRuntime: Shutting down VM
08-04 12:39:19.286   512  2967 D audio_hw_primary: out_set_parameters: enter: usecase(1: low-latency-playback) kvpairs: routing=2
08-04 12:39:19.291   918  6110 I ActivityManager: START u0 {dat=https://oauth.reddit.com/... cmp=baseline.org.quantumbadger.redreader/.activities.CommentListingActivity} from uid 10666 on display 0
08-04 12:39:19.300   512  2967 D audio_hw_primary: select_devices: out_snd_device(2: speaker) in_snd_device(0: none)
08-04 12:39:19.301   512  2967 D msm8974_platform: platform_send_audio_calibration: sending audio calibration for snd_device(2) acdb_id(15)
08-04 12:39:19.301   512  2967 I soundtrigger: audio_extn_sound_trigger_update_device_status: device 0x2 of type 0 for Event 1
08-04 12:39:19.311   512  2967 D audio_hw_primary: enable_snd_device: snd_device(2: speaker)
08-04 12:39:19.314   512  2967 D audio_hw_primary: enable_audio_route: apply and update mixer path: low-latency-playback speaker
08-04 12:39:19.316 18964 18964 I AppCompatViewInflater: app:theme is now deprecated. Please move to using android:theme instead.
08-04 12:39:19.335 18964 21184 D OK      : calling: https://oauth.reddit.com/comments/hi3oht/.json?sort=confidence
08-04 12:39:19.417 13866 13866 I GoogleInputMethodServic: GoogleInputMethodService.onFinishInput():3138 
08-04 12:39:19.418   918   936 I ActivityManager: Displayed baseline.org.quantumbadger.redreader/.activities.CommentListingActivity: +119ms
08-04 12:39:19.418 13866 13866 I GoogleInputMethodServic: GoogleInputMethodService.onStartInput():1808 
08-04 12:39:19.570 18964 18980 I art     : Starting a blocking GC Explicit
08-04 12:39:19.640 18964 18980 I art     : Explicit concurrent mark sweep GC freed 4167(224KB) AllocSpace objects, 1(20KB) LOS objects, 35% free, 29MB/45MB, paused 838us total 69.220ms
08-04 12:39:19.662   380   380 W SurfaceFlinger: couldn't log to binary event log: overflow.
08-04 12:39:19.664 18964 18980 I art     : Starting a blocking GC Explicit
08-04 12:39:19.711 18964 18980 I art     : Explicit concurrent mark sweep GC freed 440(22KB) AllocSpace objects, 0(0B) LOS objects, 35% free, 29MB/45MB, paused 533us total 47.022ms
08-04 12:39:19.728 18964 18980 I art     : Starting a blocking GC Explicit
08-04 12:39:19.770 18964 18980 I art     : Explicit concurrent mark sweep GC freed 3(96B) AllocSpace objects, 0(0B) LOS objects, 35% free, 29MB/45MB, paused 526us total 41.388ms
08-04 12:39:19.790 18964 18980 I art     : Starting a blocking GC Explicit
08-04 12:39:19.833 18964 18980 I art     : Explicit concurrent mark sweep GC freed 93(3KB) AllocSpace objects, 0(0B) LOS objects, 35% free, 29MB/45MB, paused 503us total 42.719ms
08-04 12:39:19.851 18964 18980 I art     : Starting a blocking GC Explicit
08-04 12:39:19.860   512  2967 D audio_hw_primary: disable_audio_route: reset and update mixer path: low-latency-playback speaker
08-04 12:39:19.863   512  2967 D audio_hw_primary: disable_snd_device: snd_device(2: speaker)
08-04 12:39:19.870   512  2967 I soundtrigger: audio_extn_sound_trigger_update_device_status: device 0x2 of type 0 for Event 0
08-04 12:39:19.895 18964 18980 I art     : Explicit concurrent mark sweep GC freed 1793(70KB) AllocSpace objects, 0(0B) LOS objects, 35% free, 29MB/45MB, paused 578us total 43.926ms
08-04 12:39:20.044 18964 21184 I NAPPA_EXPERIMENTATION: MetricNetworkRequestExecutionTime: REQUEST_DURATION_SYSTEM='709',REQUEST_DURATION_OKHTTP='142',REQUEST_SYNCHRONOUS='TRUE',RESPONSE_CODE='200',RESPONSE_METHOD='GET',RESPONSE_LENGTH_OKHTTP='-1',RESPONSE_LENGTH_HEADER='167875',REQUEST_PROTOCOL='h2',REQUEST_URL='https://oauth.reddit.com/comments/hi3oht/.json?sort=confidence',
08-04 12:39:20.044 18964 21184 D OK      : request got status: 200
08-04 12:39:20.053 18964 19540 I CommentListingActivity: COMMENTS session changed to ace71305-f60c-45cd-9621-53b2f5ae76f2
08-04 12:39:20.224 18964 19193 I art     : Starting a blocking GC Explicit
08-04 12:39:20.301 18964 19193 I art     : Explicit concurrent mark sweep GC freed 34473(2MB) AllocSpace objects, 5(104KB) LOS objects, 32% free, 32MB/48MB, paused 1.261ms total 76.796ms
08-04 12:39:20.322 18964 19193 I art     : Starting a blocking GC Explicit
08-04 12:39:20.392 18964 19193 I art     : Explicit concurrent mark sweep GC freed 12515(754KB) AllocSpace objects, 0(0B) LOS objects, 32% free, 33MB/49MB, paused 1.221ms total 70.554ms
08-04 12:39:20.414 18964 19193 I art     : Starting a blocking GC Explicit
08-04 12:39:20.496 18964 19193 I art     : Explicit concurrent mark sweep GC freed 12640(1018KB) AllocSpace objects, 1(16KB) LOS objects, 31% free, 35MB/51MB, paused 1.387ms total 82.260ms
08-04 12:39:20.520 18964 19193 I art     : Starting a blocking GC Explicit
08-04 12:39:20.597 18964 19193 I art     : Explicit concurrent mark sweep GC freed 377(136KB) AllocSpace objects, 2(84KB) LOS objects, 31% free, 35MB/51MB, paused 546us total 76.910ms
08-04 12:39:20.621 18964 19193 I art     : Starting a blocking GC Explicit
08-04 12:39:20.693 18964 19193 I art     : Explicit concurrent mark sweep GC freed 36691(1691KB) AllocSpace objects, 2(84KB) LOS objects, 32% free, 33MB/49MB, paused 615us total 71.617ms
08-04 12:39:21.032 18964 18980 I art     : Starting a blocking GC Explicit
08-04 12:39:21.105 18964 18980 I art     : Explicit concurrent mark sweep GC freed 1359(82KB) AllocSpace objects, 1(20KB) LOS objects, 32% free, 33MB/49MB, paused 537us total 73.103ms
08-04 12:39:21.127 18964 18980 I art     : Starting a blocking GC Explicit
08-04 12:39:21.204 18964 18980 I art     : Explicit concurrent mark sweep GC freed 66(2528B) AllocSpace objects, 0(0B) LOS objects, 32% free, 33MB/49MB, paused 560us total 75.943ms
08-04 12:39:21.226 18964 18980 I art     : Starting a blocking GC Explicit
08-04 12:39:21.304 18964 18980 I art     : Explicit concurrent mark sweep GC freed 3(96B) AllocSpace objects, 0(0B) LOS objects, 32% free, 33MB/49MB, paused 590us total 77.372ms
08-04 12:39:21.329 18964 18980 I art     : Starting a blocking GC Explicit
08-04 12:39:21.412 18964 18980 I art     : Explicit concurrent mark sweep GC freed 3(96B) AllocSpace objects, 0(0B) LOS objects, 32% free, 33MB/49MB, paused 567us total 82.456ms
08-04 12:39:21.437 18964 18980 I art     : Starting a blocking GC Explicit
08-04 12:39:21.513 18964 18980 I art     : Explicit concurrent mark sweep GC freed 3(96B) AllocSpace objects, 0(0B) LOS objects, 32% free, 33MB/49MB, paused 633us total 75.916ms
08-04 12:39:21.881 18964 18981 I art     : Starting a blocking GC Explicit
08-04 12:39:21.973 18964 18981 I art     : Explicit concurrent mark sweep GC freed 1354(82KB) AllocSpace objects, 1(20KB) LOS objects, 32% free, 33MB/49MB, paused 653us total 91.734ms
08-04 12:39:21.999 18964 18981 I art     : Starting a blocking GC Explicit
08-04 12:39:22.082 18964 18981 I art     : Explicit concurrent mark sweep GC freed 20(704B) AllocSpace objects, 0(0B) LOS objects, 32% free, 33MB/49MB, paused 575us total 82.112ms
08-04 12:39:22.106 18964 18981 I art     : Starting a blocking GC Explicit
08-04 12:39:22.187 18964 18981 I art     : Explicit concurrent mark sweep GC freed 3(96B) AllocSpace objects, 0(0B) LOS objects, 32% free, 33MB/49MB, paused 580us total 81.317ms
08-04 12:39:22.212 18964 18981 I art     : Starting a blocking GC Explicit
08-04 12:39:22.290 18964 18981 I art     : Explicit concurrent mark sweep GC freed 3(96B) AllocSpace objects, 0(0B) LOS objects, 32% free, 33MB/49MB, paused 576us total 77.686ms
08-04 12:39:22.313 18964 18981 I art     : Starting a blocking GC Explicit
08-04 12:39:22.389 18964 18981 I art     : Explicit concurrent mark sweep GC freed 3(96B) AllocSpace objects, 0(0B) LOS objects, 32% free, 33MB/49MB, paused 610us total 75.765ms
08-04 12:39:22.402 13866 13882 I PeriodicStatsRunner: PeriodicStatsRunner.call():175 call()
08-04 12:39:22.403 13866 13882 I PeriodicStatsRunner: PeriodicStatsRunner.call():179 No submit PeriodicStats since input started.
08-04 12:39:22.750 18964 18992 I art     : Starting a blocking GC Explicit
08-04 12:39:22.842 18964 18992 I art     : Explicit concurrent mark sweep GC freed 1354(82KB) AllocSpace objects, 1(20KB) LOS objects, 32% free, 33MB/49MB, paused 630us total 91.711ms
08-04 12:39:22.867 18964 18992 I art     : Starting a blocking GC Explicit
08-04 12:39:22.943 18964 18992 I art     : Explicit concurrent mark sweep GC freed 20(704B) AllocSpace objects, 0(0B) LOS objects, 32% free, 33MB/49MB, paused 575us total 76.469ms
08-04 12:39:22.966 18964 18992 I art     : Starting a blocking GC Explicit
08-04 12:39:23.044 18964 18992 I art     : Explicit concurrent mark sweep GC freed 3(96B) AllocSpace objects, 0(0B) LOS objects, 32% free, 33MB/49MB, paused 530us total 77.445ms
08-04 12:39:23.066 18964 18992 I art     : Starting a blocking GC Explicit
08-04 12:39:23.147 18964 18992 I art     : Explicit concurrent mark sweep GC freed 3(96B) AllocSpace objects, 0(0B) LOS objects, 32% free, 33MB/49MB, paused 622us total 80.552ms
08-04 12:39:23.173 18964 18992 I art     : Starting a blocking GC Explicit
08-04 12:39:23.249 18964 18992 I art     : Explicit concurrent mark sweep GC freed 3(96B) AllocSpace objects, 0(0B) LOS objects, 32% free, 33MB/49MB, paused 599us total 75.822ms
08-04 12:39:23.588   518   646 I ThermalEngine: ACTION: GPU - Setting GPU[0] to 510000000
08-04 12:39:23.647 18964 20361 I art     : Starting a blocking GC Explicit
08-04 12:39:23.706 18964 20361 I art     : Explicit concurrent mark sweep GC freed 1364(83KB) AllocSpace objects, 1(20KB) LOS objects, 32% free, 33MB/49MB, paused 428us total 58.927ms
08-04 12:39:23.722 18964 20361 I art     : Starting a blocking GC Explicit
08-04 12:39:23.776 18964 20361 I art     : Explicit concurrent mark sweep GC freed 51(2496B) AllocSpace objects, 0(0B) LOS objects, 32% free, 33MB/49MB, paused 428us total 53.359ms
08-04 12:39:23.792 18964 20361 I art     : Starting a blocking GC Explicit
08-04 12:39:23.847 18964 20361 I art     : Explicit concurrent mark sweep GC freed 9(320B) AllocSpace objects, 0(0B) LOS objects, 32% free, 33MB/49MB, paused 516us total 54.701ms
08-04 12:39:23.864 18964 20361 I art     : Starting a blocking GC Explicit
08-04 12:39:23.918 18964 20361 I art     : Explicit concurrent mark sweep GC freed 3(96B) AllocSpace objects, 0(0B) LOS objects, 32% free, 33MB/49MB, paused 437us total 53.740ms
08-04 12:39:23.935 18964 20361 I art     : Starting a blocking GC Explicit
08-04 12:39:23.975 21244 21244 D AndroidRuntime: >>>>>> START com.android.internal.os.RuntimeInit uid 2000 <<<<<<
08-04 12:39:23.980 21244 21244 D AndroidRuntime: CheckJNI is OFF
08-04 12:39:23.990 18964 20361 I art     : Explicit concurrent mark sweep GC freed 3(96B) AllocSpace objects, 0(0B) LOS objects, 32% free, 33MB/49MB, paused 429us total 54.325ms
08-04 12:39:24.017 21244 21244 D ICU     : No timezone override file found: /data/misc/zoneinfo/current/icu/icu_tzdata.dat
08-04 12:39:24.049 21244 21244 I Radio-JNI: register_android_hardware_Radio DONE
08-04 12:39:24.071 21244 21244 D AndroidRuntime: Calling main entry com.android.commands.input.Input
08-04 12:39:24.073 21244 21244 I Input   : injectKeyEvent: KeyEvent { action=ACTION_DOWN, keyCode=KEYCODE_BACK, scanCode=0, metaState=0, flags=0x0, repeatCount=0, eventTime=707980486, downTime=707980486, deviceId=-1, source=0x101 }
08-04 12:39:24.079 21244 21244 I Input   : injectKeyEvent: KeyEvent { action=ACTION_UP, keyCode=KEYCODE_BACK, scanCode=0, metaState=0, flags=0x0, repeatCount=0, eventTime=707980486, downTime=707980486, deviceId=-1, source=0x101 }
08-04 12:39:24.085 21244 21244 D AndroidRuntime: Shutting down VM
08-04 12:39:24.136 13866 13866 I GoogleInputMethodServic: GoogleInputMethodService.onFinishInput():3138 
08-04 12:39:24.138 13866 13866 I GoogleInputMethodServic: GoogleInputMethodService.onStartInput():1808 
08-04 12:39:24.266 18964 18980 I art     : Starting a blocking GC Explicit
08-04 12:39:24.300 18964 21183 I RedditChangeDataIO: Writing tmp data file at '/data/user/0/baseline.org.quantumbadger.redreader/files/rr_change_data_tmp.dat'
08-04 12:39:24.300 18964 21183 I RedditChangeDataManager: Taking snapshot...
08-04 12:39:24.300 18964 21183 I RedditChangeDataManager: Writing to stream...
08-04 12:39:24.301 18964 21183 I RedditChangeDataManager: Wrote 5 entries for user ''
08-04 12:39:24.301 18964 21183 I RedditChangeDataManager: All entries written to stream.
08-04 12:39:24.301 18964 21183 I RedditChangeDataIO: Write successful. Atomically replacing data file...
08-04 12:39:24.301 18964 21183 I RedditChangeDataIO: Write complete.
08-04 12:39:24.301 18964 21183 I RedditChangeDataIO: 134 bytes written in 2 ms
08-04 12:39:24.334 18964 18980 I art     : Explicit concurrent mark sweep GC freed 1695(96KB) AllocSpace objects, 2(88KB) LOS objects, 32% free, 33MB/49MB, paused 390us total 67.501ms
08-04 12:39:24.357 18964 18980 I art     : Starting a blocking GC Explicit
08-04 12:39:24.418 13866 13882 I PeriodicStatsRunner: PeriodicStatsRunner.call():175 call()
08-04 12:39:24.418 13866 13882 I PeriodicStatsRunner: PeriodicStatsRunner.call():179 No submit PeriodicStats since input started.
08-04 12:39:24.426 18964 18980 I art     : Explicit concurrent mark sweep GC freed 41(1792B) AllocSpace objects, 0(0B) LOS objects, 32% free, 33MB/49MB, paused 504us total 69.346ms
08-04 12:39:24.446 18964 18980 I art     : Starting a blocking GC Explicit
08-04 12:39:24.467   380   380 W SurfaceFlinger: couldn't log to binary event log: overflow.
08-04 12:39:24.498 18964 18980 I art     : Explicit concurrent mark sweep GC freed 61(2240B) AllocSpace objects, 0(0B) LOS objects, 32% free, 33MB/49MB, paused 409us total 52.052ms
08-04 12:39:24.513 18964 18980 I art     : Starting a blocking GC Explicit
08-04 12:39:24.565 18964 18980 I art     : Explicit concurrent mark sweep GC freed 11(448B) AllocSpace objects, 0(0B) LOS objects, 32% free, 33MB/49MB, paused 414us total 51.191ms
08-04 12:39:24.582 18964 18980 I art     : Starting a blocking GC Explicit
08-04 12:39:24.624 18964 18980 I art     : Explicit concurrent mark sweep GC freed 76425(4MB) AllocSpace objects, 5(140KB) LOS objects, 35% free, 29MB/45MB, paused 393us total 42.318ms
08-04 12:39:24.937 18964 20361 I art     : Starting a blocking GC Explicit
08-04 12:39:24.988 18964 20361 I art     : Explicit concurrent mark sweep GC freed 1358(83KB) AllocSpace objects, 1(20KB) LOS objects, 35% free, 29MB/45MB, paused 486us total 50.308ms
08-04 12:39:25.005 18964 20361 I art     : Starting a blocking GC Explicit
08-04 12:39:25.045 18964 20361 I art     : Explicit concurrent mark sweep GC freed 20(704B) AllocSpace objects, 0(0B) LOS objects, 35% free, 29MB/45MB, paused 436us total 39.313ms
08-04 12:39:25.059 18964 20361 I art     : Starting a blocking GC Explicit
08-04 12:39:25.097 18964 20361 I art     : Explicit concurrent mark sweep GC freed 3(96B) AllocSpace objects, 0(0B) LOS objects, 35% free, 29MB/45MB, paused 471us total 37.459ms
08-04 12:39:25.111 18964 20361 I art     : Starting a blocking GC Explicit
08-04 12:39:25.149 18964 20361 I art     : Explicit concurrent mark sweep GC freed 3(96B) AllocSpace objects, 0(0B) LOS objects, 35% free, 29MB/45MB, paused 454us total 38.089ms
08-04 12:39:25.164 18964 20361 I art     : Starting a blocking GC Explicit
08-04 12:39:25.203 18964 20361 I art     : Explicit concurrent mark sweep GC freed 3(96B) AllocSpace objects, 0(0B) LOS objects, 35% free, 29MB/45MB, paused 425us total 38.621ms
08-04 12:39:25.483 18964 18981 I art     : Starting a blocking GC Explicit
08-04 12:39:25.522 18964 18981 I art     : Explicit concurrent mark sweep GC freed 1382(84KB) AllocSpace objects, 1(20KB) LOS objects, 35% free, 29MB/45MB, paused 401us total 38.682ms
08-04 12:39:25.536 18964 18981 I art     : Starting a blocking GC Explicit
08-04 12:39:25.574 18964 18981 I art     : Explicit concurrent mark sweep GC freed 228(35KB) AllocSpace objects, 0(0B) LOS objects, 35% free, 29MB/45MB, paused 401us total 37.278ms
08-04 12:39:25.588 18964 18981 I art     : Starting a blocking GC Explicit
08-04 12:39:25.625 18964 18981 I art     : Explicit concurrent mark sweep GC freed 68(2272B) AllocSpace objects, 0(0B) LOS objects, 35% free, 29MB/45MB, paused 386us total 37.005ms
08-04 12:39:25.639 18964 18981 I art     : Starting a blocking GC Explicit
08-04 12:39:25.676 18964 18981 I art     : Explicit concurrent mark sweep GC freed 3(96B) AllocSpace objects, 0(0B) LOS objects, 35% free, 29MB/45MB, paused 368us total 36.315ms
08-04 12:39:25.690 18964 18981 I art     : Starting a blocking GC Explicit
08-04 12:39:25.723 18964 18981 I art     : Explicit concurrent mark sweep GC freed 3(96B) AllocSpace objects, 0(0B) LOS objects, 35% free, 29MB/45MB, paused 374us total 32.812ms
08-04 12:39:25.770 21281 21281 D AndroidRuntime: >>>>>> START com.android.internal.os.RuntimeInit uid 2000 <<<<<<
08-04 12:39:25.775 21281 21281 D AndroidRuntime: CheckJNI is OFF
08-04 12:39:25.809 21281 21281 D ICU     : No timezone override file found: /data/misc/zoneinfo/current/icu/icu_tzdata.dat
08-04 12:39:25.844 21281 21281 I Radio-JNI: register_android_hardware_Radio DONE
08-04 12:39:25.866 21281 21281 D AndroidRuntime: Calling main entry com.android.commands.input.Input
08-04 12:39:25.868 21281 21281 I Input   : injectMotionEvent: MotionEvent { action=ACTION_DOWN, actionButton=0, id[0]=0, x[0]=600.0, y[0]=580.0, toolType[0]=TOOL_TYPE_UNKNOWN, buttonState=0, metaState=0, flags=0x0, edgeFlags=0x0, pointerCount=1, historySize=0, eventTime=707982281, downTime=707982281, deviceId=0, source=0x1002 }
08-04 12:39:25.875 21281 21281 I Input   : injectMotionEvent: MotionEvent { action=ACTION_UP, actionButton=0, id[0]=0, x[0]=600.0, y[0]=580.0, toolType[0]=TOOL_TYPE_UNKNOWN, buttonState=0, metaState=0, flags=0x0, edgeFlags=0x0, pointerCount=1, historySize=0, eventTime=707982281, downTime=707982281, deviceId=0, source=0x1002 }
08-04 12:39:25.876 21281 21281 D AndroidRuntime: Shutting down VM
08-04 12:39:25.890   512  2967 D audio_hw_primary: out_set_parameters: enter: usecase(1: low-latency-playback) kvpairs: routing=2
08-04 12:39:25.891   918  3696 I ActivityManager: START u0 {cmp=baseline.org.quantumbadger.redreader/.activities.WebViewActivity (has extras)} from uid 10666 on display 0
08-04 12:39:25.904   512  2967 D audio_hw_primary: select_devices: out_snd_device(2: speaker) in_snd_device(0: none)
08-04 12:39:25.904   512  2967 D msm8974_platform: platform_send_audio_calibration: sending audio calibration for snd_device(2) acdb_id(15)
08-04 12:39:25.905   512  2967 I soundtrigger: audio_extn_sound_trigger_update_device_status: device 0x2 of type 0 for Event 1
08-04 12:39:25.920   512  2967 D audio_hw_primary: enable_snd_device: snd_device(2: speaker)
08-04 12:39:25.921 18964 18964 I AppCompatViewInflater: app:theme is now deprecated. Please move to using android:theme instead.
08-04 12:39:25.923   512  2967 D audio_hw_primary: enable_audio_route: apply and update mixer path: low-latency-playback speaker
08-04 12:39:25.943   918   929 D ConnectivityService: listenForNetwork for Listen from uid/pid:10666/18964 for NetworkRequest [ id=2653, legacyType=-1, [ Capabilities: INTERNET&NOT_RESTRICTED&TRUSTED] ]
08-04 12:39:26.026 18964 18981 I art     : Starting a blocking GC Explicit
08-04 12:39:26.037   918   936 I ActivityManager: Displayed baseline.org.quantumbadger.redreader/.activities.WebViewActivity: +137ms
08-04 12:39:26.039 13866 13866 I GoogleInputMethodServic: GoogleInputMethodService.onFinishInput():3138 
08-04 12:39:26.040 13866 13866 I GoogleInputMethodServic: GoogleInputMethodService.onStartInput():1808 
08-04 12:39:26.066 18964 18981 I art     : Explicit concurrent mark sweep GC freed 5922(312KB) AllocSpace objects, 1(20KB) LOS objects, 35% free, 29MB/45MB, paused 420us total 39.880ms
08-04 12:39:26.081 18964 18981 I art     : Starting a blocking GC Explicit
08-04 12:39:26.114 18964 18981 I art     : Explicit concurrent mark sweep GC freed 546(29KB) AllocSpace objects, 0(0B) LOS objects, 35% free, 29MB/45MB, paused 351us total 32.762ms
08-04 12:39:26.128 18964 18981 I art     : Starting a blocking GC Explicit
08-04 12:39:26.161 18964 18981 I art     : Explicit concurrent mark sweep GC freed 5(192B) AllocSpace objects, 0(0B) LOS objects, 35% free, 29MB/45MB, paused 358us total 33.446ms
08-04 12:39:26.176 18964 18981 I art     : Starting a blocking GC Explicit
08-04 12:39:26.212 18964 18981 I art     : Explicit concurrent mark sweep GC freed 4(128B) AllocSpace objects, 0(0B) LOS objects, 35% free, 29MB/45MB, paused 359us total 36.201ms
08-04 12:39:26.227 18964 18981 I art     : Starting a blocking GC Explicit
08-04 12:39:26.265 18964 18981 I art     : Explicit concurrent mark sweep GC freed 3(96B) AllocSpace objects, 0(0B) LOS objects, 35% free, 29MB/45MB, paused 400us total 37.315ms
08-04 12:39:26.287   380   380 W SurfaceFlinger: couldn't log to binary event log: overflow.
08-04 12:39:26.469   512  2967 D audio_hw_primary: disable_audio_route: reset and update mixer path: low-latency-playback speaker
08-04 12:39:26.471   512  2967 D audio_hw_primary: disable_snd_device: snd_device(2: speaker)
08-04 12:39:26.480   512  2967 I soundtrigger: audio_extn_sound_trigger_update_device_status: device 0x2 of type 0 for Event 0
08-04 12:39:26.553 18964 19193 I art     : Starting a blocking GC Explicit
08-04 12:39:26.589 18964 19193 I art     : Explicit concurrent mark sweep GC freed 1466(86KB) AllocSpace objects, 1(20KB) LOS objects, 35% free, 29MB/45MB, paused 557us total 35.455ms
08-04 12:39:26.602 18964 19193 I art     : Starting a blocking GC Explicit
08-04 12:39:26.640 18964 19193 I art     : Explicit concurrent mark sweep GC freed 27(928B) AllocSpace objects, 0(0B) LOS objects, 35% free, 29MB/45MB, paused 354us total 37.774ms
08-04 12:39:26.655 18964 19193 I art     : Starting a blocking GC Explicit
08-04 12:39:26.693 18964 19193 I art     : Explicit concurrent mark sweep GC freed 9(288B) AllocSpace objects, 0(0B) LOS objects, 35% free, 29MB/45MB, paused 356us total 37.502ms
08-04 12:39:26.708 18964 19193 I art     : Starting a blocking GC Explicit
08-04 12:39:26.750 18964 19193 I art     : Explicit concurrent mark sweep GC freed 9(288B) AllocSpace objects, 0(0B) LOS objects, 35% free, 29MB/45MB, paused 425us total 41.325ms
08-04 12:39:26.765 18964 19193 I art     : Starting a blocking GC Explicit
08-04 12:39:26.803 18964 19193 I art     : Explicit concurrent mark sweep GC freed 9(288B) AllocSpace objects, 0(0B) LOS objects, 35% free, 29MB/45MB, paused 353us total 37.457ms
08-04 12:39:27.115 18964 18981 I art     : Starting a blocking GC Explicit
08-04 12:39:27.163 18964 18981 I art     : Explicit concurrent mark sweep GC freed 1398(84KB) AllocSpace objects, 1(20KB) LOS objects, 35% free, 29MB/45MB, paused 364us total 47.307ms
08-04 12:39:27.177 18964 18981 I art     : Starting a blocking GC Explicit
08-04 12:39:27.211 18964 18981 I art     : Explicit concurrent mark sweep GC freed 26(896B) AllocSpace objects, 0(0B) LOS objects, 35% free, 29MB/45MB, paused 359us total 34.281ms
08-04 12:39:27.227 18964 18981 I art     : Starting a blocking GC Explicit
08-04 12:39:27.266 18964 18981 I art     : Explicit concurrent mark sweep GC freed 9(288B) AllocSpace objects, 0(0B) LOS objects, 35% free, 29MB/45MB, paused 412us total 38.633ms
08-04 12:39:27.281 18964 18981 I art     : Starting a blocking GC Explicit
08-04 12:39:27.321 18964 18981 I art     : Explicit concurrent mark sweep GC freed 9(288B) AllocSpace objects, 0(0B) LOS objects, 35% free, 29MB/45MB, paused 379us total 39.311ms
08-04 12:39:27.335 18964 18981 I art     : Starting a blocking GC Explicit
08-04 12:39:27.373 18964 18981 I art     : Explicit concurrent mark sweep GC freed 11(352B) AllocSpace objects, 0(0B) LOS objects, 35% free, 29MB/45MB, paused 367us total 37.787ms
08-04 12:39:27.599   518   646 I ThermalEngine: ACTION: GPU - Setting GPU[0] to 450000000
08-04 12:39:27.704 18964 18981 I art     : Starting a blocking GC Explicit
08-04 12:39:27.756 18964 18981 I art     : Explicit concurrent mark sweep GC freed 1416(84KB) AllocSpace objects, 1(20KB) LOS objects, 35% free, 29MB/45MB, paused 582us total 51.505ms
08-04 12:39:27.775 18964 18981 I art     : Starting a blocking GC Explicit
08-04 12:39:27.824 18964 18981 I art     : Explicit concurrent mark sweep GC freed 36(1216B) AllocSpace objects, 0(0B) LOS objects, 35% free, 29MB/45MB, paused 642us total 48.720ms
08-04 12:39:27.842 18964 18981 I art     : Starting a blocking GC Explicit
08-04 12:39:27.891 18964 18981 I art     : Explicit concurrent mark sweep GC freed 10(320B) AllocSpace objects, 0(0B) LOS objects, 35% free, 29MB/45MB, paused 517us total 49.121ms
08-04 12:39:27.910 18964 18981 I art     : Starting a blocking GC Explicit
08-04 12:39:27.960 18964 18981 I art     : Explicit concurrent mark sweep GC freed 3(96B) AllocSpace objects, 0(0B) LOS objects, 35% free, 29MB/45MB, paused 553us total 49.968ms
08-04 12:39:27.980 18964 18981 I art     : Starting a blocking GC Explicit
08-04 12:39:28.029 18964 18981 I art     : Explicit concurrent mark sweep GC freed 3(96B) AllocSpace objects, 0(0B) LOS objects, 35% free, 29MB/45MB, paused 506us total 49.038ms
08-04 12:39:28.141 18870 18870 I ServiceManager: Waiting for service AtCmdFwd...
08-04 12:39:28.385 18964 18992 I art     : Starting a blocking GC Explicit
08-04 12:39:28.431 18964 18992 I art     : Explicit concurrent mark sweep GC freed 1747(106KB) AllocSpace objects, 1(20KB) LOS objects, 35% free, 29MB/45MB, paused 532us total 45.966ms
08-04 12:39:28.449 18964 18992 I art     : Starting a blocking GC Explicit
08-04 12:39:28.497 18964 18992 I art     : Explicit concurrent mark sweep GC freed 445(25KB) AllocSpace objects, 0(0B) LOS objects, 35% free, 29MB/45MB, paused 708us total 47.346ms
08-04 12:39:28.523 18964 18992 I art     : Starting a blocking GC Explicit
08-04 12:39:28.571 18964 18992 I art     : Explicit concurrent mark sweep GC freed 15(672B) AllocSpace objects, 0(0B) LOS objects, 35% free, 29MB/45MB, paused 517us total 46.862ms
08-04 12:39:28.618 18964 18992 I art     : Starting a blocking GC Explicit
08-04 12:39:28.660 18964 18992 I art     : Explicit concurrent mark sweep GC freed 4(112B) AllocSpace objects, 0(0B) LOS objects, 35% free, 29MB/45MB, paused 470us total 41.880ms
08-04 12:39:28.677 18964 18992 I art     : Starting a blocking GC Explicit
08-04 12:39:28.719 18964 18992 I art     : Explicit concurrent mark sweep GC freed 4(112B) AllocSpace objects, 0(0B) LOS objects, 35% free, 29MB/45MB, paused 470us total 42.036ms
08-04 12:39:29.057 18964 18980 I art     : Starting a blocking GC Explicit
08-04 12:39:29.105 18964 18980 I art     : Explicit concurrent mark sweep GC freed 1358(82KB) AllocSpace objects, 1(20KB) LOS objects, 35% free, 29MB/45MB, paused 573us total 46.961ms
08-04 12:39:29.125 18964 18980 I art     : Starting a blocking GC Explicit
08-04 12:39:29.142 18870 18870 I ServiceManager: Waiting for service AtCmdFwd...
08-04 12:39:29.143 13866 13882 I PeriodicStatsRunner: PeriodicStatsRunner.call():175 call()
08-04 12:39:29.143 13866 13882 I PeriodicStatsRunner: PeriodicStatsRunner.call():179 No submit PeriodicStats since input started.
08-04 12:39:29.174 18964 18980 I art     : Explicit concurrent mark sweep GC freed 20(704B) AllocSpace objects, 0(0B) LOS objects, 35% free, 29MB/45MB, paused 563us total 48.072ms
08-04 12:39:29.192 18964 18980 I art     : Starting a blocking GC Explicit
08-04 12:39:29.243 18964 18980 I art     : Explicit concurrent mark sweep GC freed 3(96B) AllocSpace objects, 0(0B) LOS objects, 35% free, 29MB/45MB, paused 543us total 50.801ms
08-04 12:39:29.262 18964 18980 I art     : Starting a blocking GC Explicit
08-04 12:39:29.310 18964 18980 I art     : Explicit concurrent mark sweep GC freed 3(96B) AllocSpace objects, 0(0B) LOS objects, 35% free, 29MB/45MB, paused 713us total 47.909ms
08-04 12:39:29.329 18964 18980 I art     : Starting a blocking GC Explicit
08-04 12:39:29.375 18964 18980 I art     : Explicit concurrent mark sweep GC freed 3(96B) AllocSpace objects, 0(0B) LOS objects, 35% free, 29MB/45MB, paused 595us total 46.093ms
08-04 12:39:29.376 18964 18974 I art     : WaitForGcToComplete blocked for 41.025ms for cause HeapTrim
08-04 12:39:29.662 18964 18964 I chromium: [INFO:CONSOLE(1)] "
08-04 12:39:29.662 18964 18964 I chromium:                   ,d"=,.,qOp,
08-04 12:39:29.662 18964 18964 I chromium:                  ,7'  ''$(  )
08-04 12:39:29.662 18964 18964 I chromium:                 ,7'      '?q$7'
08-04 12:39:29.662 18964 18964 I chromium:              ..,$$,.
08-04 12:39:29.662 18964 18964 I chromium:    ,.  .,,--***""***--,,.  .,
08-04 12:39:29.662 18964 18964 I chromium:     ,p''              ''q,   
08-04 12:39:29.662 18964 18964 I chromium: :  ,7'                      '7,  :
08-04 12:39:29.662 18964 18964 I chromium:  ' $      ,db,      ,db,      $ '
08-04 12:39:29.662 18964 18964 I chromium:   '$      $$      $$      $'    Using Reddit at work? Work for Reddit.
08-04 12:39:29.662 18964 18964 I chromium:   '$                          $'        https://www.reddit.com/jobs
08-04 12:39:29.662 18964 18964 I chromium:    '$.     .,        ,.     .$'
08-04 12:39:29.662 18964 18964 I chromium:     'b,     ''     ,d'
08-04 12:39:29.662 18964 18964 I chromium:      '?bn,,          ,,nd?'
08-04 12:39:29.662 18964 18964 I chromium:        ,7$ '''' $7,
08-04 12:39:29.662 18964 18964 I chromium:      , $              $ ,
08-04 12:39:29.662 18964 18964 I chromium:      $  :$              $:  $
08-04 12:39:29.662 18964 18964 I chromium:      $   $              $   $
08-04 12:39:29.662 18964 18964 I chromium:      'b  q:            :p  d'
08-04 12:39:29.662 18964 18964 I chromium:       '?$.          .$?'
08-04 12:39:29.662 18964 18964 I chromium:          'b            d'
08-04 12:39:29.662 18964 18964 I chromium:        ,'?,.      .,?',
08-04 12:39:29.662 18964 18964 I chromium:       ==--==--==--==
08-04 12:39:29.662 18964 18964 I chromium: ", source: https://www.redditstatic.com/desktop2x/Chat~Governance~Reddit.2ea93b134a9b2e5b1d9a.js (1)
08-04 12:39:29.765 18964 18981 I art     : Starting a blocking GC Explicit
08-04 12:39:29.814 18964 18981 I art     : Explicit concurrent mark sweep GC freed 1358(84KB) AllocSpace objects, 1(20KB) LOS objects, 35% free, 29MB/45MB, paused 554us total 47.993ms
08-04 12:39:29.832 18964 18981 I art     : Starting a blocking GC Explicit
08-04 12:39:29.881 18964 18981 I art     : Explicit concurrent mark sweep GC freed 20(704B) AllocSpace objects, 0(0B) LOS objects, 35% free, 29MB/45MB, paused 549us total 48.298ms
08-04 12:39:29.899 18964 18981 I art     : Starting a blocking GC Explicit
08-04 12:39:29.946 18964 18981 I art     : Explicit concurrent mark sweep GC freed 3(96B) AllocSpace objects, 0(0B) LOS objects, 35% free, 29MB/45MB, paused 533us total 46.738ms
08-04 12:39:29.965 18964 18981 I art     : Starting a blocking GC Explicit
08-04 12:39:30.012 18964 18981 I art     : Explicit concurrent mark sweep GC freed 3(96B) AllocSpace objects, 0(0B) LOS objects, 35% free, 29MB/45MB, paused 586us total 47.125ms
08-04 12:39:30.031 18964 18981 I art     : Starting a blocking GC Explicit
08-04 12:39:30.080 18964 18981 I art     : Explicit concurrent mark sweep GC freed 3(96B) AllocSpace objects, 0(0B) LOS objects, 35% free, 29MB/45MB, paused 537us total 48.275ms
08-04 12:39:30.142 18870 18870 I ServiceManager: Waiting for service AtCmdFwd...
08-04 12:39:30.450 18964 19193 I art     : Starting a blocking GC Explicit
08-04 12:39:30.502 18964 19193 I art     : Explicit concurrent mark sweep GC freed 1364(83KB) AllocSpace objects, 1(20KB) LOS objects, 35% free, 29MB/45MB, paused 700us total 52.071ms
08-04 12:39:30.524 18964 19193 I art     : Starting a blocking GC Explicit
08-04 12:39:30.571 18964 19193 I art     : Explicit concurrent mark sweep GC freed 22(768B) AllocSpace objects, 0(0B) LOS objects, 35% free, 29MB/45MB, paused 560us total 46.531ms
08-04 12:39:30.593 18964 19193 I art     : Starting a blocking GC Explicit
08-04 12:39:30.638 21387 21387 D AndroidRuntime: >>>>>> START com.android.internal.os.RuntimeInit uid 2000 <<<<<<
08-04 12:39:30.643 18964 19193 I art     : Explicit concurrent mark sweep GC freed 3(96B) AllocSpace objects, 0(0B) LOS objects, 35% free, 29MB/45MB, paused 991us total 49.917ms
08-04 12:39:30.644 21387 21387 D AndroidRuntime: CheckJNI is OFF
08-04 12:39:30.666 18964 19193 I art     : Starting a blocking GC Explicit
08-04 12:39:30.685 21387 21387 D ICU     : No timezone override file found: /data/misc/zoneinfo/current/icu/icu_tzdata.dat
08-04 12:39:30.707 18964 19193 I art     : Explicit concurrent mark sweep GC freed 3(96B) AllocSpace objects, 0(0B) LOS objects, 35% free, 29MB/45MB, paused 520us total 40.806ms
08-04 12:39:30.720 21387 21387 I Radio-JNI: register_android_hardware_Radio DONE
08-04 12:39:30.724 18964 19193 I art     : Starting a blocking GC Explicit
08-04 12:39:30.747 21387 21387 D AndroidRuntime: Calling main entry com.android.commands.input.Input
08-04 12:39:30.749 21387 21387 I Input   : injectKeyEvent: KeyEvent { action=ACTION_DOWN, keyCode=KEYCODE_BACK, scanCode=0, metaState=0, flags=0x0, repeatCount=0, eventTime=707987162, downTime=707987162, deviceId=-1, source=0x101 }
08-04 12:39:30.755 21387 21387 I Input   : injectKeyEvent: KeyEvent { action=ACTION_UP, keyCode=KEYCODE_BACK, scanCode=0, metaState=0, flags=0x0, repeatCount=0, eventTime=707987162, downTime=707987162, deviceId=-1, source=0x101 }
08-04 12:39:30.761 21387 21387 D AndroidRuntime: Shutting down VM
08-04 12:39:30.766 18964 19193 I art     : Explicit concurrent mark sweep GC freed 80(4KB) AllocSpace objects, 0(0B) LOS objects, 35% free, 29MB/45MB, paused 567us total 41.462ms
08-04 12:39:30.805 13866 13866 I GoogleInputMethodServic: GoogleInputMethodService.onFinishInput():3138 
08-04 12:39:30.806 13866 13866 I GoogleInputMethodServic: GoogleInputMethodService.onStartInput():1808 
08-04 12:39:30.904 18964 21309 I RedditChangeDataIO: Writing tmp data file at '/data/user/0/baseline.org.quantumbadger.redreader/files/rr_change_data_tmp.dat'
08-04 12:39:30.905 18964 21309 I RedditChangeDataManager: Taking snapshot...
08-04 12:39:30.905 18964 21309 I RedditChangeDataManager: Writing to stream...
08-04 12:39:30.905 18964 21309 I RedditChangeDataManager: Wrote 5 entries for user ''
08-04 12:39:30.905 18964 21309 I RedditChangeDataManager: All entries written to stream.
08-04 12:39:30.905 18964 21309 I RedditChangeDataIO: Write successful. Atomically replacing data file...
08-04 12:39:30.905 18964 21309 I RedditChangeDataIO: Write complete.
08-04 12:39:30.905 18964 21309 I RedditChangeDataIO: 134 bytes written in 1 ms
08-04 12:39:31.040 13866 13882 I PeriodicStatsRunner: PeriodicStatsRunner.call():175 call()
08-04 12:39:31.040 13866 13882 I PeriodicStatsRunner: PeriodicStatsRunner.call():179 No submit PeriodicStats since input started.
08-04 12:39:31.105 18964 20361 I art     : Starting a blocking GC Explicit
08-04 12:39:31.124   380   380 W SurfaceFlinger: couldn't log to binary event log: overflow.
08-04 12:39:31.142 18870 18870 I ServiceManager: Waiting for service AtCmdFwd...
08-04 12:39:31.155 18964 20361 I art     : Explicit concurrent mark sweep GC freed 1894(107KB) AllocSpace objects, 2(88KB) LOS objects, 35% free, 29MB/45MB, paused 670us total 49.576ms
08-04 12:39:31.163   918  3263 D ConnectivityService: releasing NetworkRequest NetworkRequest [ id=2653, legacyType=-1, [ Capabilities: INTERNET&NOT_RESTRICTED&TRUSTED] ]
08-04 12:39:31.189 18964 20361 I art     : Starting a blocking GC Explicit
08-04 12:39:31.238 18964 20361 I art     : Explicit concurrent mark sweep GC freed 837(40KB) AllocSpace objects, 0(0B) LOS objects, 35% free, 29MB/45MB, paused 674us total 49.303ms
08-04 12:39:31.257 18964 20361 I art     : Starting a blocking GC Explicit
08-04 12:39:31.298 18964 20361 I art     : Explicit concurrent mark sweep GC freed 2090(123KB) AllocSpace objects, 1(28KB) LOS objects, 35% free, 29MB/45MB, paused 499us total 40.725ms
08-04 12:39:31.316 18964 20361 I art     : Starting a blocking GC Explicit
08-04 12:39:31.360 18964 20361 I art     : Explicit concurrent mark sweep GC freed 3(96B) AllocSpace objects, 0(0B) LOS objects, 35% free, 29MB/45MB, paused 515us total 43.637ms
08-04 12:39:31.378 18964 20361 I art     : Starting a blocking GC Explicit
08-04 12:39:31.425 18964 20361 I art     : Explicit concurrent mark sweep GC freed 3(96B) AllocSpace objects, 0(0B) LOS objects, 35% free, 29MB/45MB, paused 525us total 47.077ms
08-04 12:39:31.778 18964 18992 I art     : Starting a blocking GC Explicit
08-04 12:39:31.842 18964 18992 I art     : Explicit concurrent mark sweep GC freed 1355(82KB) AllocSpace objects, 1(20KB) LOS objects, 35% free, 29MB/45MB, paused 566us total 62.673ms
08-04 12:39:31.861 18964 18992 I art     : Starting a blocking GC Explicit
08-04 12:39:31.909 18964 18992 I art     : Explicit concurrent mark sweep GC freed 20(704B) AllocSpace objects, 0(0B) LOS objects, 35% free, 29MB/45MB, paused 518us total 47.572ms
08-04 12:39:31.928 18964 18992 I art     : Starting a blocking GC Explicit
08-04 12:39:31.974 18964 18992 I art     : Explicit concurrent mark sweep GC freed 3(96B) AllocSpace objects, 0(0B) LOS objects, 35% free, 29MB/45MB, paused 519us total 46.168ms
08-04 12:39:31.993 18964 18992 I art     : Starting a blocking GC Explicit
08-04 12:39:32.038 18964 18992 I art     : Explicit concurrent mark sweep GC freed 3(96B) AllocSpace objects, 0(0B) LOS objects, 35% free, 29MB/45MB, paused 545us total 45.184ms
08-04 12:39:32.057 18964 18992 I art     : Starting a blocking GC Explicit
08-04 12:39:32.102 18964 18992 I art     : Explicit concurrent mark sweep GC freed 3(96B) AllocSpace objects, 0(0B) LOS objects, 35% free, 29MB/45MB, paused 524us total 44.916ms
08-04 12:39:32.143 18870 18870 I ServiceManager: Waiting for service AtCmdFwd...
08-04 12:39:32.446 18964 18980 I art     : Starting a blocking GC Explicit
08-04 12:39:32.494 18964 18980 I art     : Explicit concurrent mark sweep GC freed 1354(82KB) AllocSpace objects, 1(20KB) LOS objects, 35% free, 29MB/45MB, paused 539us total 47.056ms
08-04 12:39:32.512 18964 18980 I art     : Starting a blocking GC Explicit
08-04 12:39:32.528 21432 21432 D AndroidRuntime: >>>>>> START com.android.internal.os.RuntimeInit uid 2000 <<<<<<
08-04 12:39:32.534 21432 21432 D AndroidRuntime: CheckJNI is OFF
08-04 12:39:32.559 18964 18980 I art     : Explicit concurrent mark sweep GC freed 73(2864B) AllocSpace objects, 0(0B) LOS objects, 35% free, 29MB/45MB, paused 549us total 46.998ms
08-04 12:39:32.578 18964 18980 I art     : Starting a blocking GC Explicit
08-04 12:39:32.583 21432 21432 D ICU     : No timezone override file found: /data/misc/zoneinfo/current/icu/icu_tzdata.dat
08-04 12:39:32.626 18964 18980 I art     : Explicit concurrent mark sweep GC freed 3(96B) AllocSpace objects, 0(0B) LOS objects, 35% free, 29MB/45MB, paused 542us total 48.455ms
08-04 12:39:32.629 21432 21432 I Radio-JNI: register_android_hardware_Radio DONE
08-04 12:39:32.645 18964 18980 I art     : Starting a blocking GC Explicit
08-04 12:39:32.660 21432 21432 D AndroidRuntime: Calling main entry com.android.commands.input.Input
08-04 12:39:32.662 21432 21432 I Input   : injectKeyEvent: KeyEvent { action=ACTION_DOWN, keyCode=KEYCODE_BACK, scanCode=0, metaState=0, flags=0x0, repeatCount=0, eventTime=707989075, downTime=707989075, deviceId=-1, source=0x101 }
08-04 12:39:32.668 21432 21432 I Input   : injectKeyEvent: KeyEvent { action=ACTION_UP, keyCode=KEYCODE_BACK, scanCode=0, metaState=0, flags=0x0, repeatCount=0, eventTime=707989075, downTime=707989075, deviceId=-1, source=0x101 }
08-04 12:39:32.674 21432 21432 D AndroidRuntime: Shutting down VM
08-04 12:39:32.689 18964 18980 I art     : Explicit concurrent mark sweep GC freed 57(2016B) AllocSpace objects, 0(0B) LOS objects, 35% free, 29MB/45MB, paused 687us total 44.575ms
08-04 12:39:32.717 18964 18980 I art     : Starting a blocking GC Explicit
08-04 12:39:32.727 13866 13866 I GoogleInputMethodServic: GoogleInputMethodService.onFinishInput():3138 
08-04 12:39:32.728 13866 13866 I GoogleInputMethodServic: GoogleInputMethodService.onStartInput():1808 
08-04 12:39:32.764 18964 18980 I art     : Explicit concurrent mark sweep GC freed 109(3KB) AllocSpace objects, 0(0B) LOS objects, 35% free, 29MB/45MB, paused 666us total 46.634ms
08-04 12:39:33.075 18964 18981 I art     : Starting a blocking GC Explicit
08-04 12:39:33.121 18964 18981 I art     : Explicit concurrent mark sweep GC freed 1436(85KB) AllocSpace objects, 1(20KB) LOS objects, 35% free, 29MB/45MB, paused 564us total 45.692ms
08-04 12:39:33.139 18964 18981 I art     : Starting a blocking GC Explicit
08-04 12:39:33.143 18870 18870 W Atfwd_Sendcmd: AtCmdFwd service not published, waiting... retryCnt : 3
08-04 12:39:33.186 18964 18981 I art     : Explicit concurrent mark sweep GC freed 150(7KB) AllocSpace objects, 0(0B) LOS objects, 35% free, 29MB/45MB, paused 549us total 46.822ms
08-04 12:39:33.205 18964 18981 I art     : Starting a blocking GC Explicit
08-04 12:39:33.252 18964 18981 I art     : Explicit concurrent mark sweep GC freed 3(96B) AllocSpace objects, 0(0B) LOS objects, 35% free, 29MB/45MB, paused 541us total 47.468ms
08-04 12:39:33.271 18964 18981 I art     : Starting a blocking GC Explicit
08-04 12:39:33.318 18964 18981 I art     : Explicit concurrent mark sweep GC freed 3(96B) AllocSpace objects, 0(0B) LOS objects, 35% free, 29MB/45MB, paused 532us total 47.094ms
08-04 12:39:33.337 18964 18981 I art     : Starting a blocking GC Explicit
08-04 12:39:33.385 18964 18981 I art     : Explicit concurrent mark sweep GC freed 3(96B) AllocSpace objects, 0(0B) LOS objects, 35% free, 29MB/45MB, paused 532us total 47.543ms
08-04 12:39:33.716 18964 18992 I art     : Starting a blocking GC Explicit
08-04 12:39:33.771 18964 18992 I art     : Explicit concurrent mark sweep GC freed 1354(82KB) AllocSpace objects, 1(20KB) LOS objects, 35% free, 29MB/45MB, paused 603us total 54.037ms
08-04 12:39:33.793 18964 18992 I art     : Starting a blocking GC Explicit
08-04 12:39:33.841 18964 18992 I art     : Explicit concurrent mark sweep GC freed 20(704B) AllocSpace objects, 0(0B) LOS objects, 35% free, 29MB/45MB, paused 550us total 47.681ms
08-04 12:39:33.860 18964 18992 I art     : Starting a blocking GC Explicit
08-04 12:39:33.907 18964 18992 I art     : Explicit concurrent mark sweep GC freed 3(96B) AllocSpace objects, 0(0B) LOS objects, 35% free, 29MB/45MB, paused 508us total 46.799ms
08-04 12:39:33.926 18964 18992 I art     : Starting a blocking GC Explicit
08-04 12:39:33.970 18964 18992 I art     : Explicit concurrent mark sweep GC freed 3(96B) AllocSpace objects, 0(0B) LOS objects, 35% free, 29MB/45MB, paused 539us total 43.884ms
08-04 12:39:33.988 18964 18992 I art     : Starting a blocking GC Explicit
08-04 12:39:34.034 18964 18992 I art     : Explicit concurrent mark sweep GC freed 3(96B) AllocSpace objects, 0(0B) LOS objects, 35% free, 29MB/45MB, paused 549us total 45.452ms
08-04 12:39:34.355 18964 20361 I art     : Starting a blocking GC Explicit
08-04 12:39:34.411 18964 20361 I art     : Explicit concurrent mark sweep GC freed 1354(82KB) AllocSpace objects, 1(20KB) LOS objects, 35% free, 29MB/45MB, paused 576us total 55.617ms
08-04 12:39:34.429 18964 20361 I art     : Starting a blocking GC Explicit
08-04 12:39:34.456 21476 21476 D AndroidRuntime: >>>>>> START com.android.internal.os.RuntimeInit uid 2000 <<<<<<
08-04 12:39:34.462 21476 21476 D AndroidRuntime: CheckJNI is OFF
08-04 12:39:34.476 18964 20361 I art     : Explicit concurrent mark sweep GC freed 20(704B) AllocSpace objects, 0(0B) LOS objects, 35% free, 29MB/45MB, paused 524us total 46.943ms
08-04 12:39:34.494 18964 20361 I art     : Starting a blocking GC Explicit
08-04 12:39:34.509 21476 21476 D ICU     : No timezone override file found: /data/misc/zoneinfo/current/icu/icu_tzdata.dat
08-04 12:39:34.543 18964 20361 I art     : Explicit concurrent mark sweep GC freed 3(96B) AllocSpace objects, 0(0B) LOS objects, 35% free, 29MB/45MB, paused 595us total 48.676ms
08-04 12:39:34.557 21476 21476 I Radio-JNI: register_android_hardware_Radio DONE
08-04 12:39:34.562 18964 20361 I art     : Starting a blocking GC Explicit
08-04 12:39:34.586 21476 21476 D AndroidRuntime: Calling main entry com.android.commands.input.Input
08-04 12:39:34.588 21476 21476 I Input   : injectMotionEvent: MotionEvent { action=ACTION_DOWN, actionButton=0, id[0]=0, x[0]=600.0, y[0]=1000.0, toolType[0]=TOOL_TYPE_UNKNOWN, buttonState=0, metaState=0, flags=0x0, edgeFlags=0x0, pointerCount=1, historySize=0, eventTime=707991001, downTime=707991001, deviceId=0, source=0x1002 }
08-04 12:39:34.595 21476 21476 I Input   : injectMotionEvent: MotionEvent { action=ACTION_UP, actionButton=0, id[0]=0, x[0]=600.0, y[0]=1000.0, toolType[0]=TOOL_TYPE_UNKNOWN, buttonState=0, metaState=0, flags=0x0, edgeFlags=0x0, pointerCount=1, historySize=0, eventTime=707991001, downTime=707991001, deviceId=0, source=0x1002 }
08-04 12:39:34.597 21476 21476 D AndroidRuntime: Shutting down VM
08-04 12:39:34.609 18964 20361 I art     : Explicit concurrent mark sweep GC freed 6(192B) AllocSpace objects, 0(0B) LOS objects, 35% free, 29MB/45MB, paused 552us total 47.300ms
08-04 12:39:34.615   512  2967 D audio_hw_primary: out_set_parameters: enter: usecase(1: low-latency-playback) kvpairs: routing=2
08-04 12:39:34.617   918  3961 I ActivityManager: START u0 {dat=https://oauth.reddit.com/... cmp=baseline.org.quantumbadger.redreader/.activities.PostListingActivity} from uid 10666 on display 0
08-04 12:39:34.628   512  2967 D audio_hw_primary: select_devices: out_snd_device(2: speaker) in_snd_device(0: none)
08-04 12:39:34.628   512  2967 D msm8974_platform: platform_send_audio_calibration: sending audio calibration for snd_device(2) acdb_id(15)
08-04 12:39:34.628   512  2967 I soundtrigger: audio_extn_sound_trigger_update_device_status: device 0x2 of type 0 for Event 1
08-04 12:39:34.630 18964 20361 I art     : Starting a blocking GC Explicit
08-04 12:39:34.638 18964 18964 I AppCompatViewInflater: app:theme is now deprecated. Please move to using android:theme instead.
08-04 12:39:34.638   512  2967 D audio_hw_primary: enable_snd_device: snd_device(2: speaker)
08-04 12:39:34.640   512  2967 D audio_hw_primary: enable_audio_route: apply and update mixer path: low-latency-playback speaker
08-04 12:39:34.661 18964 21500 D OK      : calling: https://oauth.reddit.com/r/announcements/about.json
08-04 12:39:34.675 18964 20361 I art     : Explicit concurrent mark sweep GC freed 898(66KB) AllocSpace objects, 0(0B) LOS objects, 35% free, 29MB/45MB, paused 673us total 45.028ms
08-04 12:39:34.723   918   936 I ActivityManager: Displayed baseline.org.quantumbadger.redreader/.activities.PostListingActivity: +98ms
08-04 12:39:34.723 13866 13866 I GoogleInputMethodServic: GoogleInputMethodService.onFinishInput():3138 
08-04 12:39:34.724 13866 13866 I GoogleInputMethodServic: GoogleInputMethodService.onStartInput():1808 
08-04 12:39:34.963   380   380 W SurfaceFlinger: couldn't log to binary event log: overflow.
08-04 12:39:34.983 18964 21500 I NAPPA_EXPERIMENTATION: MetricNetworkRequestExecutionTime: REQUEST_DURATION_SYSTEM='319',REQUEST_DURATION_OKHTTP='142',REQUEST_SYNCHRONOUS='TRUE',RESPONSE_CODE='200',RESPONSE_METHOD='GET',RESPONSE_LENGTH_OKHTTP='-1',RESPONSE_LENGTH_HEADER='1564',REQUEST_PROTOCOL='h2',REQUEST_URL='https://oauth.reddit.com/r/announcements/about.json',
08-04 12:39:34.983 18964 21500 D OK      : request got status: 200
08-04 12:39:35.028 18964 18981 I art     : Starting a blocking GC Explicit
08-04 12:39:35.072 18964 18981 I art     : Explicit concurrent mark sweep GC freed 5974(372KB) AllocSpace objects, 3(156KB) LOS objects, 35% free, 29MB/45MB, paused 557us total 43.546ms
08-04 12:39:35.090 18964 18981 I art     : Starting a blocking GC Explicit
08-04 12:39:35.135 18964 18981 I art     : Explicit concurrent mark sweep GC freed 546(27KB) AllocSpace objects, 0(0B) LOS objects, 35% free, 29MB/45MB, paused 528us total 44.305ms
08-04 12:39:35.154 18964 18981 I art     : Starting a blocking GC Explicit
08-04 12:39:35.178   512  2967 D audio_hw_primary: disable_audio_route: reset and update mixer path: low-latency-playback speaker
08-04 12:39:35.179   512  2967 D audio_hw_primary: disable_snd_device: snd_device(2: speaker)
08-04 12:39:35.187   512  2967 I soundtrigger: audio_extn_sound_trigger_update_device_status: device 0x2 of type 0 for Event 0
08-04 12:39:35.197 18964 18981 I art     : Explicit concurrent mark sweep GC freed 4(128B) AllocSpace objects, 0(0B) LOS objects, 35% free, 29MB/45MB, paused 666us total 42.670ms
08-04 12:39:35.215 18964 18981 I art     : Starting a blocking GC Explicit
08-04 12:39:35.263 18964 18981 I art     : Explicit concurrent mark sweep GC freed 3(96B) AllocSpace objects, 0(0B) LOS objects, 35% free, 29MB/45MB, paused 534us total 46.990ms
08-04 12:39:35.282 18964 18981 I art     : Starting a blocking GC Explicit
08-04 12:39:35.329 18964 18981 I art     : Explicit concurrent mark sweep GC freed 16(640B) AllocSpace objects, 0(0B) LOS objects, 35% free, 29MB/45MB, paused 525us total 46.899ms
08-04 12:39:35.663 18964 19193 I art     : Starting a blocking GC Explicit
08-04 12:39:35.712 18964 19193 I art     : Explicit concurrent mark sweep GC freed 1400(84KB) AllocSpace objects, 1(20KB) LOS objects, 35% free, 29MB/45MB, paused 583us total 48.316ms
08-04 12:39:35.730 18964 19193 I art     : Starting a blocking GC Explicit
08-04 12:39:35.777 18964 19193 I art     : Explicit concurrent mark sweep GC freed 20(704B) AllocSpace objects, 0(0B) LOS objects, 35% free, 29MB/45MB, paused 582us total 46.357ms
08-04 12:39:35.795 18964 19193 I art     : Starting a blocking GC Explicit
08-04 12:39:35.806 13866 13882 I PeriodicStatsRunner: PeriodicStatsRunner.call():175 call()
08-04 12:39:35.806 13866 13882 I PeriodicStatsRunner: PeriodicStatsRunner.call():179 No submit PeriodicStats since input started.
08-04 12:39:35.841 18964 19193 I art     : Explicit concurrent mark sweep GC freed 3(96B) AllocSpace objects, 0(0B) LOS objects, 35% free, 29MB/45MB, paused 586us total 45.806ms
08-04 12:39:35.859 18964 19193 I art     : Starting a blocking GC Explicit
08-04 12:39:35.862 18964 21524 D OK      : calling: https://oauth.reddit.com/r/announcements/hot/.json
08-04 12:39:35.906 18964 19193 I art     : Explicit concurrent mark sweep GC freed 95(3KB) AllocSpace objects, 0(0B) LOS objects, 35% free, 29MB/45MB, paused 598us total 46.331ms
08-04 12:39:35.924 18964 19193 I art     : Starting a blocking GC Explicit
08-04 12:39:35.971 18964 19193 I art     : Explicit concurrent mark sweep GC freed 19(800B) AllocSpace objects, 0(0B) LOS objects, 35% free, 29MB/45MB, paused 625us total 46.383ms
08-04 12:39:36.100 18964 21524 I NAPPA_EXPERIMENTATION: MetricNetworkRequestExecutionTime: REQUEST_DURATION_SYSTEM='238',REQUEST_DURATION_OKHTTP='234',REQUEST_SYNCHRONOUS='TRUE',RESPONSE_CODE='200',RESPONSE_METHOD='GET',RESPONSE_LENGTH_OKHTTP='-1',RESPONSE_LENGTH_HEADER='142016',REQUEST_PROTOCOL='h2',REQUEST_URL='https://oauth.reddit.com/r/announcements/hot/.json',
08-04 12:39:36.100 18964 21524 D OK      : request got status: 200
08-04 12:39:36.107 18964 19540 I PostListingFragment: Precaching images: OFF
08-04 12:39:36.108 18964 19540 I PostListingFragment: Precaching comments: OFF
08-04 12:39:36.298 18964 18981 I art     : Starting a blocking GC Explicit
08-04 12:39:36.363 18964 18981 I art     : Explicit concurrent mark sweep GC freed 9507(650KB) AllocSpace objects, 15(644KB) LOS objects, 32% free, 32MB/48MB, paused 1.157ms total 64.086ms
08-04 12:39:36.382 18964 18981 I art     : Starting a blocking GC Explicit
08-04 12:39:36.444 18964 18981 I art     : Explicit concurrent mark sweep GC freed 5258(310KB) AllocSpace objects, 6(372KB) LOS objects, 32% free, 33MB/49MB, paused 1.085ms total 61.886ms
08-04 12:39:36.465 18964 18981 I art     : Starting a blocking GC Explicit
08-04 12:39:36.526 18964 18981 I art     : Explicit concurrent mark sweep GC freed 5876(339KB) AllocSpace objects, 11(744KB) LOS objects, 31% free, 34MB/50MB, paused 767us total 61.068ms
08-04 12:39:36.546 18964 18981 I art     : Starting a blocking GC Explicit
08-04 12:39:36.609 18964 18981 I art     : Explicit concurrent mark sweep GC freed 3510(188KB) AllocSpace objects, 4(204KB) LOS objects, 31% free, 34MB/50MB, paused 806us total 62.693ms
08-04 12:39:36.629 18964 18981 I art     : Starting a blocking GC Explicit
08-04 12:39:36.684 18964 18981 I art     : Explicit concurrent mark sweep GC freed 59509(2MB) AllocSpace objects, 9(172KB) LOS objects, 33% free, 31MB/47MB, paused 1.457ms total 54.525ms
08-04 12:39:36.696 18964 18964 W RecyclerView: Cannot call this method in a scroll callback. Scroll callbacks mightbe run during a measure & layout pass where you cannot change theRecyclerView data. Any method call that might change the structureof the RecyclerView or the adapter contents should be postponed tothe next frame.
08-04 12:39:36.696 18964 18964 W RecyclerView: java.lang.IllegalStateException:  androidx.recyclerview.widget.RecyclerView{c8ffe19 VFED..... .F....ID 0,0-1440,2140 #7f0900ef app:id/scrollbar_recyclerview_recyclerview}, adapter:baseline.org.quantumbadger.redreader.adapters.GroupedRecyclerViewAdapter@910fede, layout:androidx.recyclerview.widget.LinearLayoutManager@79858bf, context:baseline.org.quantumbadger.redreader.activities.PostListingActivity@85888fe
08-04 12:39:36.696 18964 18964 W RecyclerView: 	at androidx.recyclerview.widget.RecyclerView.assertNotInLayoutOrScroll(RecyclerView.java:3061)
08-04 12:39:36.696 18964 18964 W RecyclerView: 	at androidx.recyclerview.widget.RecyclerView$RecyclerViewDataObserver.onItemRangeInserted(RecyclerView.java:5555)
08-04 12:39:36.696 18964 18964 W RecyclerView: 	at androidx.recyclerview.widget.RecyclerView$AdapterDataObservable.notifyItemRangeInserted(RecyclerView.java:12278)
08-04 12:39:36.696 18964 18964 W RecyclerView: 	at androidx.recyclerview.widget.RecyclerView$Adapter.notifyItemInserted(RecyclerView.java:7464)
08-04 12:39:36.696 18964 18964 W RecyclerView: 	at baseline.org.quantumbadger.redreader.adapters.GroupedRecyclerViewAdapter.updateHiddenStatus(GroupedRecyclerViewAdapter.java:279)
08-04 12:39:36.696 18964 18964 W RecyclerView: 	at baseline.org.quantumbadger.redreader.adapters.RedditListingManager.setLoadingVisible(RedditListingManager.java:125)
08-04 12:39:36.696 18964 18964 W RecyclerView: 	at baseline.org.quantumbadger.redreader.fragments.PostListingFragment.onLoadMoreItemsCheck(PostListingFragment.java:465)
08-04 12:39:36.696 18964 18964 W RecyclerView: 	at baseline.org.quantumbadger.redreader.fragments.PostListingFragment.access$000(PostListingFragment.java:98)
08-04 12:39:36.696 18964 18964 W RecyclerView: 	at baseline.org.quantumbadger.redreader.fragments.PostListingFragment$2.onScrolled(PostListingFragment.java:215)
08-04 12:39:36.696 18964 18964 W RecyclerView: 	at androidx.recyclerview.widget.RecyclerView.dispatchOnScrolled(RecyclerView.java:5173)
08-04 12:39:36.696 18964 18964 W RecyclerView: 	at androidx.recyclerview.widget.RecyclerView.dispatchLayoutStep3(RecyclerView.java:4231)
08-04 12:39:36.696 18964 18964 W RecyclerView: 	at androidx.recyclerview.widget.RecyclerView.dispatchLayout(RecyclerView.java:3862)
08-04 12:39:36.696 18964 18964 W RecyclerView: 	at androidx.recyclerview.widget.RecyclerView.consumePendingUpdateOperations(RecyclerView.java:1897)
08-04 12:39:36.696 18964 18964 W RecyclerView: 	at androidx.recyclerview.widget.RecyclerView$1.run(RecyclerView.java:414)
08-04 12:39:36.696 18964 18964 W RecyclerView: 	at android.view.Choreographer$CallbackRecord.run(Choreographer.java:858)
08-04 12:39:36.696 18964 18964 W RecyclerView: 	at android.view.Choreographer.doCallbacks(Choreographer.java:670)
08-04 12:39:36.696 18964 18964 W RecyclerView: 	at android.view.Choreographer.doFrame(Choreographer.java:603)
08-04 12:39:36.696 18964 18964 W RecyclerView: 	at android.view.Choreographer$FrameDisplayEventReceiver.run(Choreographer.java:844)
08-04 12:39:36.696 18964 18964 W RecyclerView: 	at android.os.Handler.handleCallback(Handler.java:739)
08-04 12:39:36.696 18964 18964 W RecyclerView: 	at android.os.Handler.dispatchMessage(Handler.java:95)
08-04 12:39:36.696 18964 18964 W RecyclerView: 	at android.os.Looper.loop(Looper.java:148)
08-04 12:39:36.696 18964 18964 W RecyclerView: 	at android.app.ActivityThread.main(ActivityThread.java:5417)
08-04 12:39:36.696 18964 18964 W RecyclerView: 	at java.lang.reflect.Method.invoke(Native Method)
08-04 12:39:36.696 18964 18964 W RecyclerView: 	at com.android.internal.os.ZygoteInit$MethodAndArgsCaller.run(ZygoteInit.java:726)
08-04 12:39:36.696 18964 18964 W RecyclerView: 	at com.android.internal.os.ZygoteInit.main(ZygoteInit.java:616)
08-04 12:39:37.056 18964 20361 I art     : Starting a blocking GC Explicit
08-04 12:39:37.063 18964 21548 D OK      : calling: https://oauth.reddit.com/r/announcements/hot/.json?after=t3_9jf8nh
08-04 12:39:37.109 18964 20361 I art     : Explicit concurrent mark sweep GC freed 2683(208KB) AllocSpace objects, 1(20KB) LOS objects, 33% free, 31MB/47MB, paused 808us total 52.239ms
08-04 12:39:37.130 18964 20361 I art     : Starting a blocking GC Explicit
08-04 12:39:37.185 18964 20361 I art     : Explicit concurrent mark sweep GC freed 69(2976B) AllocSpace objects, 0(0B) LOS objects, 33% free, 31MB/47MB, paused 676us total 54.717ms
08-04 12:39:37.204 18964 20361 I art     : Starting a blocking GC Explicit
08-04 12:39:37.232 18964 21548 I NAPPA_EXPERIMENTATION: MetricNetworkRequestExecutionTime: REQUEST_DURATION_SYSTEM='169',REQUEST_DURATION_OKHTTP='163',REQUEST_SYNCHRONOUS='TRUE',RESPONSE_CODE='200',RESPONSE_METHOD='GET',RESPONSE_LENGTH_OKHTTP='-1',RESPONSE_LENGTH_HEADER='65685',REQUEST_PROTOCOL='h2',REQUEST_URL='https://oauth.reddit.com/r/announcements/hot/.json?after=t3_9jf8nh',
08-04 12:39:37.233 18964 21548 D OK      : request got status: 200
08-04 12:39:37.244 18964 19540 I PostListingFragment: Precaching images: OFF
08-04 12:39:37.244 18964 19540 I PostListingFragment: Precaching comments: OFF
08-04 12:39:37.258 18964 20361 I art     : Explicit concurrent mark sweep GC freed 491(79KB) AllocSpace objects, 0(0B) LOS objects, 33% free, 31MB/47MB, paused 1.006ms total 53.955ms
08-04 12:39:37.278 18964 20361 I art     : Starting a blocking GC Explicit
08-04 12:39:37.332 18964 20361 I art     : Explicit concurrent mark sweep GC freed 3275(250KB) AllocSpace objects, 4(460KB) LOS objects, 33% free, 32MB/48MB, paused 1.071ms total 53.987ms
08-04 12:39:37.350 18964 20361 I art     : Starting a blocking GC Explicit
08-04 12:39:37.407 18964 20361 I art     : Explicit concurrent mark sweep GC freed 4449(228KB) AllocSpace objects, 5(152KB) LOS objects, 32% free, 33MB/49MB, paused 946us total 55.793ms
08-04 12:39:37.728 13866 13882 I PeriodicStatsRunner: PeriodicStatsRunner.call():175 call()
08-04 12:39:37.729 13866 13882 I PeriodicStatsRunner: PeriodicStatsRunner.call():179 No submit PeriodicStats since input started.
08-04 12:39:37.766 18964 18992 I art     : Starting a blocking GC Explicit
08-04 12:39:37.828 18964 18992 I art     : Explicit concurrent mark sweep GC freed 28816(1375KB) AllocSpace objects, 10(288KB) LOS objects, 33% free, 32MB/48MB, paused 684us total 62.112ms
08-04 12:39:37.848 18964 18992 I art     : Starting a blocking GC Explicit
08-04 12:39:37.905 18964 18992 I art     : Explicit concurrent mark sweep GC freed 1204(50KB) AllocSpace objects, 0(0B) LOS objects, 33% free, 32MB/48MB, paused 579us total 57.031ms
08-04 12:39:37.924 18964 18992 I art     : Starting a blocking GC Explicit
08-04 12:39:37.983 18964 18992 I art     : Explicit concurrent mark sweep GC freed 3(96B) AllocSpace objects, 0(0B) LOS objects, 33% free, 32MB/48MB, paused 649us total 58.716ms
08-04 12:39:38.006 18964 18992 I art     : Starting a blocking GC Explicit
08-04 12:39:38.065 18964 18992 I art     : Explicit concurrent mark sweep GC freed 3(96B) AllocSpace objects, 0(0B) LOS objects, 33% free, 32MB/48MB, paused 701us total 58.768ms
08-04 12:39:38.087 18964 18992 I art     : Starting a blocking GC Explicit
08-04 12:39:38.149 18964 18992 I art     : Explicit concurrent mark sweep GC freed 3(96B) AllocSpace objects, 0(0B) LOS objects, 33% free, 32MB/48MB, paused 728us total 61.041ms
08-04 12:39:38.512 18964 18981 I art     : Starting a blocking GC Explicit
08-04 12:39:38.581 18964 18981 I art     : Explicit concurrent mark sweep GC freed 1379(84KB) AllocSpace objects, 1(20KB) LOS objects, 33% free, 32MB/48MB, paused 624us total 68.734ms
08-04 12:39:38.605 18964 18981 I art     : Starting a blocking GC Explicit
08-04 12:39:38.659 18964 18981 I art     : Explicit concurrent mark sweep GC freed 20(704B) AllocSpace objects, 0(0B) LOS objects, 33% free, 32MB/48MB, paused 565us total 54.023ms
08-04 12:39:38.679 18964 18981 I art     : Starting a blocking GC Explicit
08-04 12:39:38.735 18964 18981 I art     : Explicit concurrent mark sweep GC freed 3(96B) AllocSpace objects, 0(0B) LOS objects, 33% free, 32MB/48MB, paused 594us total 55.465ms
08-04 12:39:38.754 18964 18981 I art     : Starting a blocking GC Explicit
08-04 12:39:38.808 18964 18981 I art     : Explicit concurrent mark sweep GC freed 3(96B) AllocSpace objects, 0(0B) LOS objects, 33% free, 32MB/48MB, paused 590us total 53.492ms
08-04 12:39:38.828 18964 18981 I art     : Starting a blocking GC Explicit
08-04 12:39:38.886 18964 18981 I art     : Explicit concurrent mark sweep GC freed 3(96B) AllocSpace objects, 0(0B) LOS objects, 33% free, 32MB/48MB, paused 550us total 57.665ms
08-04 12:39:39.303 18964 18980 I art     : Starting a blocking GC Explicit
08-04 12:39:39.370 18964 18980 I art     : Explicit concurrent mark sweep GC freed 1357(83KB) AllocSpace objects, 1(20KB) LOS objects, 33% free, 32MB/48MB, paused 676us total 66.902ms
08-04 12:39:39.398 18964 18980 I art     : Starting a blocking GC Explicit
08-04 12:39:39.446 18964 18980 I art     : Explicit concurrent mark sweep GC freed 20(704B) AllocSpace objects, 0(0B) LOS objects, 33% free, 32MB/48MB, paused 555us total 48.019ms
08-04 12:39:39.466 18964 18980 I art     : Starting a blocking GC Explicit
08-04 12:39:39.525 18964 18980 I art     : Explicit concurrent mark sweep GC freed 3(96B) AllocSpace objects, 0(0B) LOS objects, 33% free, 32MB/48MB, paused 671us total 58.862ms
08-04 12:39:39.548 18964 18980 I art     : Starting a blocking GC Explicit
08-04 12:39:39.608 18964 18980 I art     : Explicit concurrent mark sweep GC freed 3(96B) AllocSpace objects, 0(0B) LOS objects, 33% free, 32MB/48MB, paused 794us total 59.918ms
08-04 12:39:39.631 18964 18980 I art     : Starting a blocking GC Explicit
08-04 12:39:39.691 18964 18980 I art     : Explicit concurrent mark sweep GC freed 3(96B) AllocSpace objects, 0(0B) LOS objects, 33% free, 32MB/48MB, paused 635us total 59.190ms
08-04 12:39:39.725 13866 13882 I PeriodicStatsRunner: PeriodicStatsRunner.call():175 call()
08-04 12:39:39.725 13866 13882 I PeriodicStatsRunner: PeriodicStatsRunner.call():179 No submit PeriodicStats since input started.
08-04 12:39:40.044 18964 19193 I art     : Starting a blocking GC Explicit
08-04 12:39:40.099 18964 19193 I art     : Explicit concurrent mark sweep GC freed 1354(82KB) AllocSpace objects, 1(20KB) LOS objects, 33% free, 32MB/48MB, paused 644us total 55.486ms
08-04 12:39:40.100 18964 18974 I art     : WaitForGcToComplete blocked for 26.891ms for cause HeapTrim
08-04 12:39:40.118 18964 19193 I art     : Starting a blocking GC Explicit
08-04 12:39:40.172 18964 19193 I art     : Explicit concurrent mark sweep GC freed 20(704B) AllocSpace objects, 0(0B) LOS objects, 33% free, 32MB/48MB, paused 564us total 53.048ms
08-04 12:39:40.191 18964 19193 I art     : Starting a blocking GC Explicit
08-04 12:39:40.245 18964 19193 I art     : Explicit concurrent mark sweep GC freed 3(96B) AllocSpace objects, 0(0B) LOS objects, 33% free, 32MB/48MB, paused 587us total 53.089ms
08-04 12:39:40.264 18964 19193 I art     : Starting a blocking GC Explicit
08-04 12:39:40.316 18964 19193 I art     : Explicit concurrent mark sweep GC freed 3(96B) AllocSpace objects, 0(0B) LOS objects, 33% free, 32MB/48MB, paused 606us total 51.338ms
08-04 12:39:40.335 18964 19193 I art     : Starting a blocking GC Explicit
08-04 12:39:40.389 18964 19193 I art     : Explicit concurrent mark sweep GC freed 3(96B) AllocSpace objects, 0(0B) LOS objects, 33% free, 32MB/48MB, paused 589us total 53.738ms
08-04 12:39:40.433 21579 21579 D AndroidRuntime: >>>>>> START com.android.internal.os.RuntimeInit uid 2000 <<<<<<
08-04 12:39:40.440 21579 21579 D AndroidRuntime: CheckJNI is OFF
08-04 12:39:40.485 21579 21579 D ICU     : No timezone override file found: /data/misc/zoneinfo/current/icu/icu_tzdata.dat
08-04 12:39:40.535 21579 21579 I Radio-JNI: register_android_hardware_Radio DONE
08-04 12:39:40.565 21579 21579 D AndroidRuntime: Calling main entry com.android.commands.input.Input
08-04 12:39:40.569 21579 21579 I Input   : injectMotionEvent: MotionEvent { action=ACTION_DOWN, actionButton=0, id[0]=0, x[0]=600.0, y[0]=580.0, toolType[0]=TOOL_TYPE_UNKNOWN, buttonState=0, metaState=0, flags=0x0, edgeFlags=0x0, pointerCount=1, historySize=0, eventTime=707996981, downTime=707996981, deviceId=0, source=0x1002 }
08-04 12:39:40.575 21579 21579 I Input   : injectMotionEvent: MotionEvent { action=ACTION_UP, actionButton=0, id[0]=0, x[0]=600.0, y[0]=580.0, toolType[0]=TOOL_TYPE_UNKNOWN, buttonState=0, metaState=0, flags=0x0, edgeFlags=0x0, pointerCount=1, historySize=0, eventTime=707996981, downTime=707996981, deviceId=0, source=0x1002 }
08-04 12:39:40.577 21579 21579 D AndroidRuntime: Shutting down VM
08-04 12:39:40.593   512  2967 D audio_hw_primary: out_set_parameters: enter: usecase(1: low-latency-playback) kvpairs: routing=2
08-04 12:39:40.596   918  5132 I ActivityManager: START u0 {cmp=baseline.org.quantumbadger.redreader/.activities.WebViewActivity (has extras)} from uid 10666 on display 0
08-04 12:39:40.606   512  2967 D audio_hw_primary: select_devices: out_snd_device(2: speaker) in_snd_device(0: none)
08-04 12:39:40.607   512  2967 D msm8974_platform: platform_send_audio_calibration: sending audio calibration for snd_device(2) acdb_id(15)
08-04 12:39:40.607   512  2967 I soundtrigger: audio_extn_sound_trigger_update_device_status: device 0x2 of type 0 for Event 1
08-04 12:39:40.617   518   646 I ThermalEngine: ACTION: GPU - Setting GPU[0] to 510000000
08-04 12:39:40.620   512  2967 D audio_hw_primary: enable_snd_device: snd_device(2: speaker)
08-04 12:39:40.621 18964 18964 I AppCompatViewInflater: app:theme is now deprecated. Please move to using android:theme instead.
08-04 12:39:40.622   512  2967 D audio_hw_primary: enable_audio_route: apply and update mixer path: low-latency-playback speaker
08-04 12:39:40.645   918  6029 D ConnectivityService: listenForNetwork for Listen from uid/pid:10666/18964 for NetworkRequest [ id=2654, legacyType=-1, [ Capabilities: INTERNET&NOT_RESTRICTED&TRUSTED] ]
08-04 12:39:40.729 18964 20361 I art     : Starting a blocking GC Explicit
08-04 12:39:40.760   918   936 I ActivityManager: Displayed baseline.org.quantumbadger.redreader/.activities.WebViewActivity: +155ms
08-04 12:39:40.760 13866 13866 I GoogleInputMethodServic: GoogleInputMethodService.onFinishInput():3138 
08-04 12:39:40.761 13866 13866 I GoogleInputMethodServic: GoogleInputMethodService.onStartInput():1808 
08-04 12:39:40.766 18964 20361 I art     : Explicit concurrent mark sweep GC freed 5884(310KB) AllocSpace objects, 1(20KB) LOS objects, 33% free, 32MB/48MB, paused 542us total 37.599ms
08-04 12:39:40.781 18964 20361 I art     : Starting a blocking GC Explicit
08-04 12:39:40.818 18964 20361 I art     : Explicit concurrent mark sweep GC freed 7295(828KB) AllocSpace objects, 17(2MB) LOS objects, 35% free, 29MB/45MB, paused 371us total 36.956ms
08-04 12:39:40.832 18964 20361 I art     : Starting a blocking GC Explicit
08-04 12:39:40.865 18964 20361 I art     : Explicit concurrent mark sweep GC freed 34(1328B) AllocSpace objects, 0(0B) LOS objects, 35% free, 29MB/45MB, paused 372us total 32.921ms
08-04 12:39:40.879 18964 20361 I art     : Starting a blocking GC Explicit
08-04 12:39:40.913 18964 20361 I art     : Explicit concurrent mark sweep GC freed 6(224B) AllocSpace objects, 0(0B) LOS objects, 35% free, 29MB/45MB, paused 413us total 34.469ms
08-04 12:39:40.928 18964 20361 I art     : Starting a blocking GC Explicit
08-04 12:39:40.962 18964 20361 I art     : Explicit concurrent mark sweep GC freed 3(96B) AllocSpace objects, 0(0B) LOS objects, 35% free, 29MB/45MB, paused 356us total 34.287ms
08-04 12:39:41.021   380   380 W SurfaceFlinger: couldn't log to binary event log: overflow.
08-04 12:39:41.142 18964 21532 I RedditChangeDataIO: Writing tmp data file at '/data/user/0/baseline.org.quantumbadger.redreader/files/rr_change_data_tmp.dat'
08-04 12:39:41.142 18964 21532 I RedditChangeDataManager: Taking snapshot...
08-04 12:39:41.142 18964 21532 I RedditChangeDataManager: Writing to stream...
08-04 12:39:41.142 18964 21532 I RedditChangeDataManager: Wrote 5 entries for user ''
08-04 12:39:41.142 18964 21532 I RedditChangeDataManager: All entries written to stream.
08-04 12:39:41.142 18964 21532 I RedditChangeDataIO: Write successful. Atomically replacing data file...
08-04 12:39:41.143 18964 21532 I RedditChangeDataIO: Write complete.
08-04 12:39:41.143 18964 21532 I RedditChangeDataIO: 134 bytes written in 2 ms
08-04 12:39:41.158   512  2967 D audio_hw_primary: disable_audio_route: reset and update mixer path: low-latency-playback speaker
08-04 12:39:41.159   512  2967 D audio_hw_primary: disable_snd_device: snd_device(2: speaker)
08-04 12:39:41.167   512  2967 I soundtrigger: audio_extn_sound_trigger_update_device_status: device 0x2 of type 0 for Event 0
08-04 12:39:41.274 18964 18981 I art     : Starting a blocking GC Explicit
08-04 12:39:41.317 18964 18981 I art     : Explicit concurrent mark sweep GC freed 2374(140KB) AllocSpace objects, 2(88KB) LOS objects, 35% free, 29MB/45MB, paused 390us total 42.661ms
08-04 12:39:41.337 18964 18981 I art     : Starting a blocking GC Explicit
08-04 12:39:41.380 18964 18981 I art     : Explicit concurrent mark sweep GC freed 31(1040B) AllocSpace objects, 0(0B) LOS objects, 35% free, 29MB/45MB, paused 532us total 42.965ms
08-04 12:39:41.395 18964 18981 I art     : Starting a blocking GC Explicit
08-04 12:39:41.432 18964 18981 I art     : Explicit concurrent mark sweep GC freed 9(288B) AllocSpace objects, 0(0B) LOS objects, 35% free, 29MB/45MB, paused 475us total 37.249ms
08-04 12:39:41.447 18964 18981 I art     : Starting a blocking GC Explicit
08-04 12:39:41.487 18964 18981 I art     : Explicit concurrent mark sweep GC freed 9(288B) AllocSpace objects, 0(0B) LOS objects, 35% free, 29MB/45MB, paused 579us total 39.411ms
08-04 12:39:41.501 18964 18981 I art     : Starting a blocking GC Explicit
08-04 12:39:41.538 18964 18981 I art     : Explicit concurrent mark sweep GC freed 11(352B) AllocSpace objects, 0(0B) LOS objects, 35% free, 29MB/45MB, paused 376us total 37.039ms
08-04 12:39:41.793 18964 18964 I chromium: [INFO:CONSOLE(1)] "
08-04 12:39:41.793 18964 18964 I chromium:                   ,d"=,.,qOp,
08-04 12:39:41.793 18964 18964 I chromium:                  ,7'  ''$(  )
08-04 12:39:41.793 18964 18964 I chromium:                 ,7'      '?q$7'
08-04 12:39:41.793 18964 18964 I chromium:              ..,$$,.
08-04 12:39:41.793 18964 18964 I chromium:    ,.  .,,--***""***--,,.  .,
08-04 12:39:41.793 18964 18964 I chromium:     ,p''              ''q,   
08-04 12:39:41.793 18964 18964 I chromium: :  ,7'                      '7,  :
08-04 12:39:41.793 18964 18964 I chromium:  ' $      ,db,      ,db,      $ '
08-04 12:39:41.793 18964 18964 I chromium:   '$      $$      $$      $'    Using Reddit at work? Work for Reddit.
08-04 12:39:41.793 18964 18964 I chromium:   '$                          $'        https://www.reddit.com/jobs
08-04 12:39:41.793 18964 18964 I chromium:    '$.     .,        ,.     .$'
08-04 12:39:41.793 18964 18964 I chromium:     'b,     ''     ,d'
08-04 12:39:41.793 18964 18964 I chromium:      '?bn,,          ,,nd?'
08-04 12:39:41.793 18964 18964 I chromium:        ,7$ '''' $7,
08-04 12:39:41.793 18964 18964 I chromium:      , $              $ ,
08-04 12:39:41.793 18964 18964 I chromium:      $  :$              $:  $
08-04 12:39:41.793 18964 18964 I chromium:      $   $              $   $
08-04 12:39:41.793 18964 18964 I chromium:      'b  q:            :p  d'
08-04 12:39:41.793 18964 18964 I chromium:       '?$.          .$?'
08-04 12:39:41.793 18964 18964 I chromium:          'b            d'
08-04 12:39:41.793 18964 18964 I chromium:        ,'?,.      .,?',
08-04 12:39:41.793 18964 18964 I chromium:       ==--==--==--==
08-04 12:39:41.793 18964 18964 I chromium: ", source: https://www.redditstatic.com/desktop2x/Chat~Governance~Reddit.2ea93b134a9b2e5b1d9a.js (1)
08-04 12:39:41.858 18964 19193 I art     : Starting a blocking GC Explicit
08-04 12:39:41.907 18964 19193 I art     : Explicit concurrent mark sweep GC freed 1401(86KB) AllocSpace objects, 1(20KB) LOS objects, 35% free, 29MB/45MB, paused 1.005ms total 48.986ms
08-04 12:39:41.923 18964 19193 I art     : Starting a blocking GC Explicit
08-04 12:39:41.969 18964 19193 I art     : Explicit concurrent mark sweep GC freed 37(1328B) AllocSpace objects, 0(0B) LOS objects, 35% free, 29MB/45MB, paused 483us total 45.583ms
08-04 12:39:41.984 18964 19193 I art     : Starting a blocking GC Explicit
08-04 12:39:42.024 18964 19193 I art     : Explicit concurrent mark sweep GC freed 13(416B) AllocSpace objects, 0(0B) LOS objects, 35% free, 29MB/45MB, paused 381us total 39.836ms
08-04 12:39:42.041 18964 19193 I art     : Starting a blocking GC Explicit
08-04 12:39:42.088 18964 19193 I art     : Explicit concurrent mark sweep GC freed 9(288B) AllocSpace objects, 0(0B) LOS objects, 35% free, 29MB/45MB, paused 869us total 46.963ms
08-04 12:39:42.105 18964 19193 I art     : Starting a blocking GC Explicit
08-04 12:39:42.149 18964 19193 I art     : Explicit concurrent mark sweep GC freed 12(384B) AllocSpace objects, 0(0B) LOS objects, 35% free, 29MB/45MB, paused 523us total 43.381ms
08-04 12:39:42.475 18964 18964 E chromium: [ERROR:page_load_metrics_update_dispatcher.cc(165)] Invalid first_paint 0.581 s for first_image_paint 0.553 s
08-04 12:39:42.520 18964 18981 I art     : Starting a blocking GC Explicit
08-04 12:39:42.559 18964 18981 I art     : Explicit concurrent mark sweep GC freed 1920(140KB) AllocSpace objects, 1(20KB) LOS objects, 35% free, 29MB/45MB, paused 384us total 38.729ms
08-04 12:39:42.575 18964 18981 I art     : Starting a blocking GC Explicit
08-04 12:39:42.615 18964 18981 I art     : Explicit concurrent mark sweep GC freed 86(2912B) AllocSpace objects, 0(0B) LOS objects, 35% free, 29MB/45MB, paused 360us total 39.827ms
08-04 12:39:42.623   518   646 I ThermalEngine: ACTION: GPU - Setting GPU[0] to 450000000
08-04 12:39:42.632 18964 18981 I art     : Starting a blocking GC Explicit
08-04 12:39:42.676 18964 18981 I art     : Explicit concurrent mark sweep GC freed 3(96B) AllocSpace objects, 0(0B) LOS objects, 35% free, 29MB/45MB, paused 441us total 43.820ms
08-04 12:39:42.699 18964 18981 I art     : Starting a blocking GC Explicit
08-04 12:39:42.746 18964 18981 I art     : Explicit concurrent mark sweep GC freed 3(96B) AllocSpace objects, 0(0B) LOS objects, 35% free, 29MB/45MB, paused 478us total 45.884ms
08-04 12:39:42.765 18964 18981 I art     : Starting a blocking GC Explicit
08-04 12:39:42.817 18964 18981 I art     : Explicit concurrent mark sweep GC freed 3(96B) AllocSpace objects, 0(0B) LOS objects, 35% free, 29MB/45MB, paused 570us total 51.939ms
08-04 12:39:43.215 18964 18981 I art     : Starting a blocking GC Explicit
08-04 12:39:43.263 18964 18981 I art     : Explicit concurrent mark sweep GC freed 1370(85KB) AllocSpace objects, 1(20KB) LOS objects, 35% free, 29MB/45MB, paused 458us total 48.066ms
08-04 12:39:43.283 18964 18981 I art     : Starting a blocking GC Explicit
08-04 12:39:43.333 18964 18981 I art     : Explicit concurrent mark sweep GC freed 20(704B) AllocSpace objects, 0(0B) LOS objects, 35% free, 29MB/45MB, paused 488us total 49.382ms
08-04 12:39:43.352 18964 18981 I art     : Starting a blocking GC Explicit
08-04 12:39:43.399 18964 18981 I art     : Explicit concurrent mark sweep GC freed 49(2656B) AllocSpace objects, 0(0B) LOS objects, 35% free, 29MB/45MB, paused 514us total 46.503ms
08-04 12:39:43.417 18964 18981 I art     : Starting a blocking GC Explicit
08-04 12:39:43.463 18964 18981 I art     : Explicit concurrent mark sweep GC freed 3(96B) AllocSpace objects, 0(0B) LOS objects, 35% free, 29MB/45MB, paused 442us total 45.963ms
08-04 12:39:43.482 18964 18981 I art     : Starting a blocking GC Explicit
08-04 12:39:43.497 18964 18964 E chromium: [ERROR:page_load_metrics_update_dispatcher.cc(165)] Invalid first_paint 0.581 s for first_image_paint 0.553 s
08-04 12:39:43.535 18964 18981 I art     : Explicit concurrent mark sweep GC freed 3(96B) AllocSpace objects, 0(0B) LOS objects, 35% free, 29MB/45MB, paused 526us total 53.123ms
08-04 12:39:43.625   518   646 I ThermalEngine: ACTION: GPU - Setting GPU[0] to 390000000
08-04 12:39:43.957 18964 18981 I art     : Starting a blocking GC Explicit
08-04 12:39:44.024 18964 18981 I art     : Explicit concurrent mark sweep GC freed 1357(82KB) AllocSpace objects, 1(20KB) LOS objects, 35% free, 29MB/45MB, paused 790us total 67.269ms
08-04 12:39:44.049 18964 18981 I art     : Starting a blocking GC Explicit
08-04 12:39:44.121 18964 18981 I art     : Explicit concurrent mark sweep GC freed 20(704B) AllocSpace objects, 0(0B) LOS objects, 35% free, 29MB/45MB, paused 705us total 71.354ms
08-04 12:39:44.147 18964 18981 I art     : Starting a blocking GC Explicit
08-04 12:39:44.217 18964 18981 I art     : Explicit concurrent mark sweep GC freed 3(96B) AllocSpace objects, 0(0B) LOS objects, 35% free, 29MB/45MB, paused 694us total 70.005ms
08-04 12:39:44.242 18964 18981 I art     : Starting a blocking GC Explicit
08-04 12:39:44.315 18964 18981 I art     : Explicit concurrent mark sweep GC freed 3(96B) AllocSpace objects, 0(0B) LOS objects, 35% free, 29MB/45MB, paused 885us total 71.961ms
08-04 12:39:44.341 18964 18981 I art     : Starting a blocking GC Explicit
08-04 12:39:44.413 18964 18981 I art     : Explicit concurrent mark sweep GC freed 3(96B) AllocSpace objects, 0(0B) LOS objects, 35% free, 29MB/45MB, paused 825us total 72.035ms
08-04 12:39:44.845 18964 18981 I art     : Starting a blocking GC Explicit
08-04 12:39:44.913 18964 18981 I art     : Explicit concurrent mark sweep GC freed 1357(82KB) AllocSpace objects, 1(20KB) LOS objects, 35% free, 29MB/45MB, paused 773us total 67.426ms
08-04 12:39:44.938 18964 18981 I art     : Starting a blocking GC Explicit
08-04 12:39:45.004 18964 18981 I art     : Explicit concurrent mark sweep GC freed 20(704B) AllocSpace objects, 0(0B) LOS objects, 35% free, 29MB/45MB, paused 759us total 66.435ms
08-04 12:39:45.030 18964 18981 I art     : Starting a blocking GC Explicit
08-04 12:39:45.136 18964 18981 I art     : Explicit concurrent mark sweep GC freed 3(96B) AllocSpace objects, 0(0B) LOS objects, 35% free, 29MB/45MB, paused 811us total 106.077ms
08-04 12:39:45.161 18964 18981 I art     : Starting a blocking GC Explicit
08-04 12:39:45.226 18964 18981 I art     : Explicit concurrent mark sweep GC freed 3(96B) AllocSpace objects, 0(0B) LOS objects, 35% free, 29MB/45MB, paused 851us total 64.450ms
08-04 12:39:45.226 18964 18974 I art     : WaitForGcToComplete blocked for 54.366ms for cause HeapTrim
08-04 12:39:45.250 18964 18981 I art     : Starting a blocking GC Explicit
08-04 12:39:45.324 18964 18981 I art     : Explicit concurrent mark sweep GC freed 3(96B) AllocSpace objects, 0(0B) LOS objects, 35% free, 29MB/45MB, paused 802us total 73.408ms
08-04 12:39:45.558 21677 21677 D AndroidRuntime: >>>>>> START com.android.internal.os.RuntimeInit uid 2000 <<<<<<
08-04 12:39:45.565 21677 21677 D AndroidRuntime: CheckJNI is OFF
08-04 12:39:45.622 21677 21677 D ICU     : No timezone override file found: /data/misc/zoneinfo/current/icu/icu_tzdata.dat
08-04 12:39:45.631   518   646 I ThermalEngine: ACTION: GPU - Setting GPU[0] to 450000000
08-04 12:39:45.665 21677 21677 I Radio-JNI: register_android_hardware_Radio DONE
08-04 12:39:45.696 21677 21677 D AndroidRuntime: Calling main entry com.android.commands.input.Input
08-04 12:39:45.698 21677 21677 I Input   : injectKeyEvent: KeyEvent { action=ACTION_DOWN, keyCode=KEYCODE_BACK, scanCode=0, metaState=0, flags=0x0, repeatCount=0, eventTime=708002111, downTime=708002111, deviceId=-1, source=0x101 }
08-04 12:39:45.704 21677 21677 I Input   : injectKeyEvent: KeyEvent { action=ACTION_UP, keyCode=KEYCODE_BACK, scanCode=0, metaState=0, flags=0x0, repeatCount=0, eventTime=708002111, downTime=708002111, deviceId=-1, source=0x101 }
08-04 12:39:45.711 21677 21677 D AndroidRuntime: Shutting down VM
08-04 12:39:45.721 18964 18980 I art     : Starting a blocking GC Explicit
08-04 12:39:45.765 18964 18980 I art     : Explicit concurrent mark sweep GC freed 1501(87KB) AllocSpace objects, 1(20KB) LOS objects, 35% free, 29MB/45MB, paused 500us total 43.461ms
08-04 12:39:45.766 13866 13882 I PeriodicStatsRunner: PeriodicStatsRunner.call():175 call()
08-04 12:39:45.766 13866 13882 I PeriodicStatsRunner: PeriodicStatsRunner.call():179 No submit PeriodicStats since input started.
08-04 12:39:45.775 13866 13866 I GoogleInputMethodServic: GoogleInputMethodService.onFinishInput():3138 
08-04 12:39:45.775 13866 13866 I GoogleInputMethodServic: GoogleInputMethodService.onStartInput():1808 
08-04 12:39:45.784 18964 18980 I art     : Starting a blocking GC Explicit
08-04 12:39:45.832 18964 18980 I art     : Explicit concurrent mark sweep GC freed 141(4KB) AllocSpace objects, 0(0B) LOS objects, 35% free, 29MB/45MB, paused 435us total 47.526ms
08-04 12:39:45.849 18964 18980 I art     : Starting a blocking GC Explicit
08-04 12:39:45.890 18964 18980 I art     : Explicit concurrent mark sweep GC freed 8(304B) AllocSpace objects, 0(0B) LOS objects, 35% free, 29MB/45MB, paused 715us total 40.215ms
08-04 12:39:45.910 18964 18980 I art     : Starting a blocking GC Explicit
08-04 12:39:45.964 18964 18980 I art     : Explicit concurrent mark sweep GC freed 3(96B) AllocSpace objects, 0(0B) LOS objects, 35% free, 29MB/45MB, paused 556us total 53.929ms
08-04 12:39:45.983 18964 18980 I art     : Starting a blocking GC Explicit
08-04 12:39:46.036 18964 18980 I art     : Explicit concurrent mark sweep GC freed 3(96B) AllocSpace objects, 0(0B) LOS objects, 35% free, 29MB/45MB, paused 485us total 53.318ms
08-04 12:39:46.090   380   380 W SurfaceFlinger: couldn't log to binary event log: overflow.
08-04 12:39:46.128   918  3263 D ConnectivityService: releasing NetworkRequest NetworkRequest [ id=2654, legacyType=-1, [ Capabilities: INTERNET&NOT_RESTRICTED&TRUSTED] ]
08-04 12:39:46.371 18964 20361 I art     : Starting a blocking GC Explicit
08-04 12:39:46.416 18964 20361 I art     : Explicit concurrent mark sweep GC freed 2302(127KB) AllocSpace objects, 1(20KB) LOS objects, 35% free, 29MB/45MB, paused 480us total 44.281ms
08-04 12:39:46.434 18964 20361 I art     : Starting a blocking GC Explicit
08-04 12:39:46.476 18964 20361 I art     : Explicit concurrent mark sweep GC freed 2114(124KB) AllocSpace objects, 1(28KB) LOS objects, 35% free, 29MB/45MB, paused 460us total 41.780ms
08-04 12:39:46.494 18964 20361 I art     : Starting a blocking GC Explicit
08-04 12:39:46.536 18964 20361 I art     : Explicit concurrent mark sweep GC freed 3(96B) AllocSpace objects, 0(0B) LOS objects, 35% free, 29MB/45MB, paused 472us total 41.868ms
08-04 12:39:46.553 18964 20361 I art     : Starting a blocking GC Explicit
08-04 12:39:46.598 18964 20361 I art     : Explicit concurrent mark sweep GC freed 3(96B) AllocSpace objects, 0(0B) LOS objects, 35% free, 29MB/45MB, paused 503us total 44.083ms
08-04 12:39:46.616 18964 20361 I art     : Starting a blocking GC Explicit
08-04 12:39:46.661 18964 20361 I art     : Explicit concurrent mark sweep GC freed 3(96B) AllocSpace objects, 0(0B) LOS objects, 35% free, 29MB/45MB, paused 475us total 45.174ms
08-04 12:39:47.013 18964 18992 I art     : Starting a blocking GC Explicit
08-04 12:39:47.061 18964 18992 I art     : Explicit concurrent mark sweep GC freed 1356(82KB) AllocSpace objects, 1(20KB) LOS objects, 35% free, 29MB/45MB, paused 502us total 47.344ms
08-04 12:39:47.079 18964 18992 I art     : Starting a blocking GC Explicit
08-04 12:39:47.126 18964 18992 I art     : Explicit concurrent mark sweep GC freed 20(704B) AllocSpace objects, 0(0B) LOS objects, 35% free, 29MB/45MB, paused 475us total 46.308ms
08-04 12:39:47.144 18964 18992 I art     : Starting a blocking GC Explicit
08-04 12:39:47.191 18964 18992 I art     : Explicit concurrent mark sweep GC freed 3(96B) AllocSpace objects, 0(0B) LOS objects, 35% free, 29MB/45MB, paused 498us total 46.356ms
08-04 12:39:47.209 18964 18992 I art     : Starting a blocking GC Explicit
08-04 12:39:47.254 18964 18992 I art     : Explicit concurrent mark sweep GC freed 3(96B) AllocSpace objects, 0(0B) LOS objects, 35% free, 29MB/45MB, paused 480us total 44.494ms
08-04 12:39:47.272 18964 18992 I art     : Starting a blocking GC Explicit
08-04 12:39:47.319 18964 18992 I art     : Explicit concurrent mark sweep GC freed 3(96B) AllocSpace objects, 0(0B) LOS objects, 35% free, 29MB/45MB, paused 477us total 46.093ms
08-04 12:39:47.508 21720 21720 D AndroidRuntime: >>>>>> START com.android.internal.os.RuntimeInit uid 2000 <<<<<<
08-04 12:39:47.514 21720 21720 D AndroidRuntime: CheckJNI is OFF
08-04 12:39:47.555 21720 21720 D ICU     : No timezone override file found: /data/misc/zoneinfo/current/icu/icu_tzdata.dat
08-04 12:39:47.597 21720 21720 I Radio-JNI: register_android_hardware_Radio DONE
08-04 12:39:47.627 21720 21720 D AndroidRuntime: Calling main entry com.android.commands.input.Input
08-04 12:39:47.629 21720 21720 I Input   : injectKeyEvent: KeyEvent { action=ACTION_DOWN, keyCode=KEYCODE_BACK, scanCode=0, metaState=0, flags=0x0, repeatCount=0, eventTime=708004042, downTime=708004042, deviceId=-1, source=0x101 }
08-04 12:39:47.634 21720 21720 I Input   : injectKeyEvent: KeyEvent { action=ACTION_UP, keyCode=KEYCODE_BACK, scanCode=0, metaState=0, flags=0x0, repeatCount=0, eventTime=708004042, downTime=708004042, deviceId=-1, source=0x101 }
08-04 12:39:47.640 21720 21720 D AndroidRuntime: Shutting down VM
08-04 12:39:47.687 18964 18992 I art     : Starting a blocking GC Explicit
08-04 12:39:47.694 13866 13866 I GoogleInputMethodServic: GoogleInputMethodService.onFinishInput():3138 
08-04 12:39:47.694 13866 13866 I GoogleInputMethodServic: GoogleInputMethodService.onStartInput():1808 
08-04 12:39:47.734 18964 18992 I art     : Explicit concurrent mark sweep GC freed 1502(87KB) AllocSpace objects, 1(20KB) LOS objects, 35% free, 29MB/45MB, paused 509us total 46.664ms
08-04 12:39:47.754 18964 18992 I art     : Starting a blocking GC Explicit
08-04 12:39:47.793 18964 18992 I art     : Explicit concurrent mark sweep GC freed 57(1936B) AllocSpace objects, 0(0B) LOS objects, 35% free, 29MB/45MB, paused 425us total 39.350ms
08-04 12:39:47.811 18964 18992 I art     : Starting a blocking GC Explicit
08-04 12:39:47.853 18964 18992 I art     : Explicit concurrent mark sweep GC freed 3(96B) AllocSpace objects, 0(0B) LOS objects, 35% free, 29MB/45MB, paused 496us total 41.281ms
08-04 12:39:47.873 18964 18992 I art     : Starting a blocking GC Explicit
08-04 12:39:47.928 18964 18992 I art     : Explicit concurrent mark sweep GC freed 3(96B) AllocSpace objects, 0(0B) LOS objects, 35% free, 29MB/45MB, paused 434us total 54.711ms
08-04 12:39:47.951 18964 18992 I art     : Starting a blocking GC Explicit
08-04 12:39:48.001 18964 18992 I art     : Explicit concurrent mark sweep GC freed 45(1328B) AllocSpace objects, 0(0B) LOS objects, 35% free, 29MB/45MB, paused 480us total 49.315ms
08-04 12:39:48.144 18870 18870 I ServiceManager: Waiting for service AtCmdFwd...
08-04 12:39:48.328 18964 18981 I art     : Starting a blocking GC Explicit
08-04 12:39:48.396 18964 18981 I art     : Explicit concurrent mark sweep GC freed 1379(83KB) AllocSpace objects, 1(20KB) LOS objects, 35% free, 29MB/45MB, paused 598us total 67.896ms
08-04 12:39:48.418 18964 18981 I art     : Starting a blocking GC Explicit
08-04 12:39:48.466 18964 18981 I art     : Explicit concurrent mark sweep GC freed 150(7KB) AllocSpace objects, 0(0B) LOS objects, 35% free, 29MB/45MB, paused 521us total 48.132ms
08-04 12:39:48.485 18964 18981 I art     : Starting a blocking GC Explicit
08-04 12:39:48.533 18964 18981 I art     : Explicit concurrent mark sweep GC freed 3(96B) AllocSpace objects, 0(0B) LOS objects, 35% free, 29MB/45MB, paused 512us total 47.612ms
08-04 12:39:48.552 18964 18981 I art     : Starting a blocking GC Explicit
08-04 12:39:48.601 18964 18981 I art     : Explicit concurrent mark sweep GC freed 3(96B) AllocSpace objects, 0(0B) LOS objects, 35% free, 29MB/45MB, paused 517us total 48.502ms
08-04 12:39:48.620 18964 18981 I art     : Starting a blocking GC Explicit
08-04 12:39:48.668 18964 18981 I art     : Explicit concurrent mark sweep GC freed 3(96B) AllocSpace objects, 0(0B) LOS objects, 35% free, 29MB/45MB, paused 599us total 47.378ms
08-04 12:39:48.999 18964 20361 I art     : Starting a blocking GC Explicit
08-04 12:39:49.050 18964 20361 I art     : Explicit concurrent mark sweep GC freed 1356(82KB) AllocSpace objects, 1(20KB) LOS objects, 35% free, 29MB/45MB, paused 473us total 50.708ms
08-04 12:39:49.068 18964 20361 I art     : Starting a blocking GC Explicit
08-04 12:39:49.111 18964 20361 I art     : Explicit concurrent mark sweep GC freed 20(704B) AllocSpace objects, 0(0B) LOS objects, 35% free, 29MB/45MB, paused 509us total 42.886ms
08-04 12:39:49.129 18964 20361 I art     : Starting a blocking GC Explicit
08-04 12:39:49.144 18870 18870 I ServiceManager: Waiting for service AtCmdFwd...
08-04 12:39:49.172 18964 20361 I art     : Explicit concurrent mark sweep GC freed 3(96B) AllocSpace objects, 0(0B) LOS objects, 35% free, 29MB/45MB, paused 470us total 42.814ms
08-04 12:39:49.190 18964 20361 I art     : Starting a blocking GC Explicit
08-04 12:39:49.235 18964 20361 I art     : Explicit concurrent mark sweep GC freed 3(96B) AllocSpace objects, 0(0B) LOS objects, 35% free, 29MB/45MB, paused 525us total 44.922ms
08-04 12:39:49.253 18964 20361 I art     : Starting a blocking GC Explicit
08-04 12:39:49.298 18964 20361 I art     : Explicit concurrent mark sweep GC freed 3(96B) AllocSpace objects, 0(0B) LOS objects, 35% free, 29MB/45MB, paused 516us total 45.223ms
08-04 12:39:49.424 21759 21759 D AndroidRuntime: >>>>>> START com.android.internal.os.RuntimeInit uid 2000 <<<<<<
08-04 12:39:49.431 21759 21759 D AndroidRuntime: CheckJNI is OFF
08-04 12:39:49.477 21759 21759 D ICU     : No timezone override file found: /data/misc/zoneinfo/current/icu/icu_tzdata.dat
08-04 12:39:49.519 21759 21759 I Radio-JNI: register_android_hardware_Radio DONE
08-04 12:39:49.547 21759 21759 D AndroidRuntime: Calling main entry com.android.commands.input.Input
08-04 12:39:49.550 21759 21759 I Input   : injectMotionEvent: MotionEvent { action=ACTION_DOWN, actionButton=0, id[0]=0, x[0]=600.0, y[0]=1733.0, toolType[0]=TOOL_TYPE_UNKNOWN, buttonState=0, metaState=0, flags=0x0, edgeFlags=0x0, pointerCount=1, historySize=0, eventTime=708005962, downTime=708005962, deviceId=0, source=0x1002 }
08-04 12:39:49.554 21759 21759 I Input   : injectMotionEvent: MotionEvent { action=ACTION_UP, actionButton=0, id[0]=0, x[0]=600.0, y[0]=1733.0, toolType[0]=TOOL_TYPE_UNKNOWN, buttonState=0, metaState=0, flags=0x0, edgeFlags=0x0, pointerCount=1, historySize=0, eventTime=708005962, downTime=708005962, deviceId=0, source=0x1002 }
08-04 12:39:49.557 21759 21759 D AndroidRuntime: Shutting down VM
08-04 12:39:49.567   512  2967 D audio_hw_primary: out_set_parameters: enter: usecase(1: low-latency-playback) kvpairs: routing=2
08-04 12:39:49.571   918  6111 I ActivityManager: START u0 {dat=https://oauth.reddit.com/... cmp=baseline.org.quantumbadger.redreader/.activities.PostListingActivity} from uid 10666 on display 0
08-04 12:39:49.581   512  2967 D audio_hw_primary: select_devices: out_snd_device(2: speaker) in_snd_device(0: none)
08-04 12:39:49.581   512  2967 D msm8974_platform: platform_send_audio_calibration: sending audio calibration for snd_device(2) acdb_id(15)
08-04 12:39:49.581   512  2967 I soundtrigger: audio_extn_sound_trigger_update_device_status: device 0x2 of type 0 for Event 1
08-04 12:39:49.595   512  2967 D audio_hw_primary: enable_snd_device: snd_device(2: speaker)
08-04 12:39:49.598   512  2967 D audio_hw_primary: enable_audio_route: apply and update mixer path: low-latency-playback speaker
08-04 12:39:49.600 18964 18964 I AppCompatViewInflater: app:theme is now deprecated. Please move to using android:theme instead.
08-04 12:39:49.628 18964 21787 D OK      : calling: https://oauth.reddit.com/r/aww/about.json
08-04 12:39:49.642 18964 19193 I art     : Starting a blocking GC Explicit
08-04 12:39:49.688 18964 19193 I art     : Explicit concurrent mark sweep GC freed 2878(181KB) AllocSpace objects, 1(20KB) LOS objects, 35% free, 29MB/45MB, paused 856us total 45.762ms
08-04 12:39:49.692   918   936 I ActivityManager: Displayed baseline.org.quantumbadger.redreader/.activities.PostListingActivity: +110ms
08-04 12:39:49.692 13866 13866 I GoogleInputMethodServic: GoogleInputMethodService.onFinishInput():3138 
08-04 12:39:49.693 13866 13866 I GoogleInputMethodServic: GoogleInputMethodService.onStartInput():1808 
08-04 12:39:49.708 18964 19193 I art     : Starting a blocking GC Explicit
08-04 12:39:49.752 18964 19193 I art     : Explicit concurrent mark sweep GC freed 524(27KB) AllocSpace objects, 0(0B) LOS objects, 35% free, 29MB/45MB, paused 520us total 44.089ms
08-04 12:39:49.771 18964 19193 I art     : Starting a blocking GC Explicit
08-04 12:39:49.816 18964 19193 I art     : Explicit concurrent mark sweep GC freed 26(1088B) AllocSpace objects, 0(0B) LOS objects, 35% free, 29MB/45MB, paused 576us total 45.207ms
08-04 12:39:49.836 18964 19193 I art     : Starting a blocking GC Explicit
08-04 12:39:49.891 18964 19193 I art     : Explicit concurrent mark sweep GC freed 6(224B) AllocSpace objects, 0(0B) LOS objects, 35% free, 29MB/45MB, paused 659us total 55.236ms
08-04 12:39:49.914 18964 19193 I art     : Starting a blocking GC Explicit
08-04 12:39:49.945   380   380 W SurfaceFlinger: couldn't log to binary event log: overflow.
08-04 12:39:49.967 18964 19193 I art     : Explicit concurrent mark sweep GC freed 3(96B) AllocSpace objects, 0(0B) LOS objects, 35% free, 29MB/45MB, paused 730us total 53.122ms
08-04 12:39:50.138   512  2967 D audio_hw_primary: disable_audio_route: reset and update mixer path: low-latency-playback speaker
08-04 12:39:50.139   512  2967 D audio_hw_primary: disable_snd_device: snd_device(2: speaker)
08-04 12:39:50.145 18870 18870 I ServiceManager: Waiting for service AtCmdFwd...
08-04 12:39:50.150   512  2967 I soundtrigger: audio_extn_sound_trigger_update_device_status: device 0x2 of type 0 for Event 0
08-04 12:39:50.303 18964 19193 I art     : Starting a blocking GC Explicit
08-04 12:39:50.342 18964 21787 I NAPPA_EXPERIMENTATION: MetricNetworkRequestExecutionTime: REQUEST_DURATION_SYSTEM='714',REQUEST_DURATION_OKHTTP='141',REQUEST_SYNCHRONOUS='TRUE',RESPONSE_CODE='200',RESPONSE_METHOD='GET',RESPONSE_LENGTH_OKHTTP='-1',RESPONSE_LENGTH_HEADER='3478',REQUEST_PROTOCOL='h2',REQUEST_URL='https://oauth.reddit.com/r/aww/about.json',
08-04 12:39:50.343 18964 21787 D OK      : request got status: 200
08-04 12:39:50.353 18964 19193 I art     : Explicit concurrent mark sweep GC freed 3972(209KB) AllocSpace objects, 1(20KB) LOS objects, 35% free, 29MB/45MB, paused 755us total 50.273ms
08-04 12:39:50.353 18964 18974 I art     : WaitForGcToComplete blocked for 28.986ms for cause HeapTrim
08-04 12:39:50.373 18964 19193 I art     : Starting a blocking GC Explicit
08-04 12:39:50.419 18964 19193 I art     : Explicit concurrent mark sweep GC freed 892(133KB) AllocSpace objects, 1(68KB) LOS objects, 35% free, 29MB/45MB, paused 613us total 45.850ms
08-04 12:39:50.436 18964 19193 I art     : Starting a blocking GC Explicit
08-04 12:39:50.483 18964 19193 I art     : Explicit concurrent mark sweep GC freed 536(39KB) AllocSpace objects, 1(68KB) LOS objects, 35% free, 29MB/45MB, paused 522us total 46.306ms
08-04 12:39:50.501 18964 19193 I art     : Starting a blocking GC Explicit
08-04 12:39:50.549 18964 19193 I art     : Explicit concurrent mark sweep GC freed 8(272B) AllocSpace objects, 0(0B) LOS objects, 35% free, 29MB/45MB, paused 613us total 47.791ms
08-04 12:39:50.568 18964 19193 I art     : Starting a blocking GC Explicit
08-04 12:39:50.615 18964 19193 I art     : Explicit concurrent mark sweep GC freed 3(96B) AllocSpace objects, 0(0B) LOS objects, 35% free, 29MB/45MB, paused 599us total 47.518ms
08-04 12:39:50.775 13866 13882 I PeriodicStatsRunner: PeriodicStatsRunner.call():175 call()
08-04 12:39:50.775 13866 13882 I PeriodicStatsRunner: PeriodicStatsRunner.call():179 No submit PeriodicStats since input started.
08-04 12:39:50.826 18964 21809 D OK      : calling: https://oauth.reddit.com/r/aww/hot/.json
08-04 12:39:50.952 18964 18992 I art     : Starting a blocking GC Explicit
08-04 12:39:51.001 18964 18992 I art     : Explicit concurrent mark sweep GC freed 1507(88KB) AllocSpace objects, 1(20KB) LOS objects, 35% free, 29MB/45MB, paused 605us total 48.716ms
08-04 12:39:51.020 18964 18992 I art     : Starting a blocking GC Explicit
08-04 12:39:51.048 18964 21809 I NAPPA_EXPERIMENTATION: MetricNetworkRequestExecutionTime: REQUEST_DURATION_SYSTEM='221',REQUEST_DURATION_OKHTTP='217',REQUEST_SYNCHRONOUS='TRUE',RESPONSE_CODE='200',RESPONSE_METHOD='GET',RESPONSE_LENGTH_OKHTTP='-1',RESPONSE_LENGTH_HEADER='33430',REQUEST_PROTOCOL='h2',REQUEST_URL='https://oauth.reddit.com/r/aww/hot/.json',
08-04 12:39:51.049 18964 21809 D OK      : request got status: 200
08-04 12:39:51.057 18964 19540 I PostListingFragment: Precaching images: OFF
08-04 12:39:51.057 18964 19540 I PostListingFragment: Precaching comments: OFF
08-04 12:39:51.068 18964 21812 D OK      : calling: https://b.thumbs.redditmedia.com/CKInrczASoQbNvSBStGz11Tok0uCyQoxmZ02sOE37sQ.jpg
08-04 12:39:51.069 18964 18992 I art     : Explicit concurrent mark sweep GC freed 1134(95KB) AllocSpace objects, 0(0B) LOS objects, 34% free, 29MB/45MB, paused 1.116ms total 48.230ms
08-04 12:39:51.083 18964 19540 I getImgurImageInfo: Image NSO7Npm: trying API v3 with auth
08-04 12:39:51.085 18964 21813 D OK      : calling: https://a.thumbs.redditmedia.com/sKVnLbatvJCZOE2ooe6CgiEftOB3ukgPMdcydbk9CZ4.jpg
08-04 12:39:51.088 18964 21814 D OK      : calling: https://a.thumbs.redditmedia.com/dFt2-stQJkfZ8O7r7ywG9GQsF08fZXxEJfQtAmiJ-F8.jpg
08-04 12:39:51.093 18964 18992 I art     : Starting a blocking GC Explicit
08-04 12:39:51.094 18964 21815 D OK      : calling: https://api.gfycat.com/v1/gfycats/deadlygravecavy
08-04 12:39:51.101 18964 21816 D OK      : calling: https://b.thumbs.redditmedia.com/1cAaKl6LkrikiRbLsBzzOvufKqRKuPi3wgjUkX8axkI.jpg
08-04 12:39:51.104 18964 21818 D OK      : calling: https://v.redd.it/fkewv2f65kd51/DASHPlaylist.mpd
08-04 12:39:51.105 18964 21817 D OK      : calling: https://api.imgur.com/3/image/NSO7Npm
08-04 12:39:51.105 18964 21819 D OK      : calling: https://b.thumbs.redditmedia.com/NUqJWcobH7ToYhCM0w6nnAFZ46ymm9vPD25BC3s7Wco.jpg
08-04 12:39:51.113 18964 21820 D OK      : calling: https://b.thumbs.redditmedia.com/bUY4al781EZ3q7hUlnLebemHCXE3e63_SSxl2uo4Q4A.jpg
08-04 12:39:51.116 18964 21821 D OK      : calling: https://b.thumbs.redditmedia.com/tTmEfIrujbsvZXbhNSQS6Pc7o7ShCaGqZHbYf7nWdfg.jpg
08-04 12:39:51.122 18964 21822 D OK      : calling: https://b.thumbs.redditmedia.com/_H8tFMmL5-3GrxYkCtMSHiyNfjbX8pxctOw_vrzyw7o.jpg
08-04 12:39:51.122 18964 21823 D OK      : calling: https://api.gfycat.com/v1/gfycats/altruisticthankfulankolewatusi
08-04 12:39:51.131 18964 21824 D OK      : calling: https://b.thumbs.redditmedia.com/JTSWFy2_tijPk6cA5noKDydEAMkMJcDmKQTSX178zwc.jpg
08-04 12:39:51.135 18964 21825 D OK      : calling: https://b.thumbs.redditmedia.com/N6fiqTp8nJD2l7sUz4nij7j1yHYMTKaflUIrn8E2bAU.jpg
08-04 12:39:51.138 18964 21826 D OK      : calling: https://v.redd.it/ak6rer1hskd51/DASHPlaylist.mpd
08-04 12:39:51.140 18964 21827 D OK      : calling: https://b.thumbs.redditmedia.com/HkEQtny0bE4H3dMCd_woPsLAXBoPwp_DZ4ioFNIQLKk.jpg
08-04 12:39:51.143 18964 21828 D OK      : calling: https://b.thumbs.redditmedia.com/lVNra-iScxkYcYtSstJ-7J7pRAUDRXIwwJhsen1ZK9g.jpg
08-04 12:39:51.146 18870 18870 I ServiceManager: Waiting for service AtCmdFwd...
08-04 12:39:51.155 18964 18992 I art     : Explicit concurrent mark sweep GC freed 11879(526KB) AllocSpace objects, 0(0B) LOS objects, 34% free, 30MB/46MB, paused 2.614ms total 62.080ms
08-04 12:39:51.156 18964 21829 D OK      : calling: https://b.thumbs.redditmedia.com/lQKqDneXS8E7ZBD9cUQy4OqOt8PuTneSvVFtnU0pwCE.jpg
08-04 12:39:51.159 18964 21830 D OK      : calling: https://b.thumbs.redditmedia.com/X3yyAViE0gxiHR-kf9Z5xmLa8dKsm8iWJyKdWNVtOhU.jpg
08-04 12:39:51.163 18964 21831 D OK      : calling: https://api.gfycat.com/v1/gfycats/foolhardysparklinglarva
08-04 12:39:51.165 18964 21832 D OK      : calling: https://b.thumbs.redditmedia.com/Bx9FZp8_w10DfFUf_mqVPMfu4Y0h2lo41Dh4tl2eNeQ.jpg
08-04 12:39:51.168 18964 21833 D OK      : calling: https://v.redd.it/h49fg58ygjd51/DASHPlaylist.mpd
08-04 12:39:51.172 18964 21834 D OK      : calling: https://a.thumbs.redditmedia.com/KpcC72KH04Be3BqxmFbv_Gz7LCy-24GU-70or3KCdJ4.jpg
08-04 12:39:51.175 18964 18992 I art     : Starting a blocking GC Explicit
08-04 12:39:51.181 18964 21835 D OK      : calling: https://a.thumbs.redditmedia.com/cEOtajy3CAQrjwSA3hhSqnPx8bfkRzglo7Lz1SBTmE0.jpg
08-04 12:39:51.183 18964 21836 D OK      : calling: https://v.redd.it/1ewzkieg0jd51/DASHPlaylist.mpd
08-04 12:39:51.185 18964 21837 D OK      : calling: https://b.thumbs.redditmedia.com/RrJbRRjFZWmckrONtkPTloJh52FfqD_XkLMuYuuQvAg.jpg
08-04 12:39:51.187 18964 21838 D OK      : calling: https://b.thumbs.redditmedia.com/chqK3f9u3D7UmfrGP85f4sOQFihMk6q7fFSeMyWs_7E.jpg
08-04 12:39:51.197 18964 21839 D OK      : calling: https://v.redd.it/ppmhu2r9thd51/DASHPlaylist.mpd
08-04 12:39:51.200 18964 21841 D OK      : calling: https://b.thumbs.redditmedia.com/iZuzjufMpYUYtQRLjRwce4RDb6JYsId95_iezR2Uc0w.jpg
08-04 12:39:51.201 18964 21840 D OK      : calling: https://b.thumbs.redditmedia.com/B18Vu5Jw71XCkFOFHimnUC42ya8apHsmcCW-HFmtb6w.jpg
08-04 12:39:51.203 18964 21842 D OK      : calling: https://v.redd.it/s9qqadf3mid51/DASHPlaylist.mpd
08-04 12:39:51.206 18964 21843 D OK      : calling: https://v.redd.it/b8vazlcb7ld51/DASHPlaylist.mpd
08-04 12:39:51.210 18964 21844 D OK      : calling: https://b.thumbs.redditmedia.com/XNb1kfskabGDLMqv661Q22hBtCb8w5oyePDcFaZi9aY.jpg
08-04 12:39:51.216 18964 21845 D OK      : calling: https://v.redd.it/ty24o02m1hd51/DASHPlaylist.mpd
08-04 12:39:51.221 18964 21847 D OK      : calling: https://b.thumbs.redditmedia.com/x5l4cICw0WNNvslt5FqVjwj89XrGjrXnNbaSyQRAyCo.jpg
08-04 12:39:51.221 18964 21846 D OK      : calling: https://b.thumbs.redditmedia.com/lMqJbh1Z40ffemA0TnSfVnovznn4hvJNue60AsJ-ETs.jpg
08-04 12:39:51.225 18964 21848 D OK      : calling: https://v.redd.it/ar5k8892pid51/DASHPlaylist.mpd
08-04 12:39:51.234 18964 21849 D OK      : calling: https://b.thumbs.redditmedia.com/189nmwjW7eGWBD0J-cxzsUac1V1ZWGzMFC66inY4u4Y.jpg
08-04 12:39:51.236 18964 18992 I art     : Explicit concurrent mark sweep GC freed 13000(570KB) AllocSpace objects, 0(0B) LOS objects, 33% free, 31MB/47MB, paused 3.980ms total 60.934ms
08-04 12:39:51.240 18964 21850 D OK      : calling: https://b.thumbs.redditmedia.com/d_-UsfmKASoIHi4vZyyjvvwFtm1S7-DEi9AQPOnGIgY.jpg
08-04 12:39:51.255 18964 18992 I art     : Starting a blocking GC Explicit
08-04 12:39:51.310 18964 18992 I art     : Explicit concurrent mark sweep GC freed 23272(1145KB) AllocSpace objects, 2(136KB) LOS objects, 34% free, 30MB/46MB, paused 3.466ms total 55.225ms
08-04 12:39:51.355 18964 18964 W RecyclerView: Cannot call this method in a scroll callback. Scroll callbacks mightbe run during a measure & layout pass where you cannot change theRecyclerView data. Any method call that might change the structureof the RecyclerView or the adapter contents should be postponed tothe next frame.
08-04 12:39:51.355 18964 18964 W RecyclerView: java.lang.IllegalStateException:  androidx.recyclerview.widget.RecyclerView{d64b972 VFED..... .F....ID 0,0-1440,2140 #7f0900ef app:id/scrollbar_recyclerview_recyclerview}, adapter:baseline.org.quantumbadger.redreader.adapters.GroupedRecyclerViewAdapter@48fe1c3, layout:androidx.recyclerview.widget.LinearLayoutManager@7deba40, context:baseline.org.quantumbadger.redreader.activities.PostListingActivity@6d38daf
08-04 12:39:51.355 18964 18964 W RecyclerView: 	at androidx.recyclerview.widget.RecyclerView.assertNotInLayoutOrScroll(RecyclerView.java:3061)
08-04 12:39:51.355 18964 18964 W RecyclerView: 	at androidx.recyclerview.widget.RecyclerView$RecyclerViewDataObserver.onItemRangeInserted(RecyclerView.java:5555)
08-04 12:39:51.355 18964 18964 W RecyclerView: 	at androidx.recyclerview.widget.RecyclerView$AdapterDataObservable.notifyItemRangeInserted(RecyclerView.java:12278)
08-04 12:39:51.355 18964 18964 W RecyclerView: 	at androidx.recyclerview.widget.RecyclerView$Adapter.notifyItemInserted(RecyclerView.java:7464)
08-04 12:39:51.355 18964 18964 W RecyclerView: 	at baseline.org.quantumbadger.redreader.adapters.GroupedRecyclerViewAdapter.updateHiddenStatus(GroupedRecyclerViewAdapter.java:279)
08-04 12:39:51.355 18964 18964 W RecyclerView: 	at baseline.org.quantumbadger.redreader.adapters.RedditListingManager.setLoadingVisible(RedditListingManager.java:125)
08-04 12:39:51.355 18964 18964 W RecyclerView: 	at baseline.org.quantumbadger.redreader.fragments.PostListingFragment.onLoadMoreItemsCheck(PostListingFragment.java:465)
08-04 12:39:51.355 18964 18964 W RecyclerView: 	at baseline.org.quantumbadger.redreader.fragments.PostListingFragment.access$000(PostListingFragment.java:98)
08-04 12:39:51.355 18964 18964 W RecyclerView: 	at baseline.org.quantumbadger.redreader.fragments.PostListingFragment$2.onScrolled(PostListingFragment.java:215)
08-04 12:39:51.355 18964 18964 W RecyclerView: 	at androidx.recyclerview.widget.RecyclerView.dispatchOnScrolled(RecyclerView.java:5173)
08-04 12:39:51.355 18964 18964 W RecyclerView: 	at androidx.recyclerview.widget.RecyclerView.dispatchLayoutStep3(RecyclerView.java:4231)
08-04 12:39:51.355 18964 18964 W RecyclerView: 	at androidx.recyclerview.widget.RecyclerView.dispatchLayout(RecyclerView.java:3862)
08-04 12:39:51.355 18964 18964 W RecyclerView: 	at androidx.recyclerview.widget.RecyclerView.consumePendingUpdateOperations(RecyclerView.java:1897)
08-04 12:39:51.355 18964 18964 W RecyclerView: 	at androidx.recyclerview.widget.RecyclerView$1.run(RecyclerView.java:414)
08-04 12:39:51.355 18964 18964 W RecyclerView: 	at android.view.Choreographer$CallbackRecord.run(Choreographer.java:858)
08-04 12:39:51.355 18964 18964 W RecyclerView: 	at android.view.Choreographer.doCallbacks(Choreographer.java:670)
08-04 12:39:51.355 18964 18964 W RecyclerView: 	at android.view.Choreographer.doFrame(Choreographer.java:603)
08-04 12:39:51.355 18964 18964 W RecyclerView: 	at android.view.Choreographer$FrameDisplayEventReceiver.run(Choreographer.java:844)
08-04 12:39:51.355 18964 18964 W RecyclerView: 	at android.os.Handler.handleCallback(Handler.java:739)
08-04 12:39:51.355 18964 18964 W RecyclerView: 	at android.os.Handler.dispatchMessage(Handler.java:95)
08-04 12:39:51.355 18964 18964 W RecyclerView: 	at android.os.Looper.loop(Looper.java:148)
08-04 12:39:51.355 18964 18964 W RecyclerView: 	at android.app.ActivityThread.main(ActivityThread.java:5417)
08-04 12:39:51.355 18964 18964 W RecyclerView: 	at java.lang.reflect.Method.invoke(Native Method)
08-04 12:39:51.355 18964 18964 W RecyclerView: 	at com.android.internal.os.ZygoteInit$MethodAndArgsCaller.run(ZygoteInit.java:726)
08-04 12:39:51.355 18964 18964 W RecyclerView: 	at com.android.internal.os.ZygoteInit.main(ZygoteInit.java:616)
08-04 12:39:51.669 18964 18981 I art     : Starting a blocking GC Explicit
08-04 12:39:51.708 18964 21812 I NAPPA_EXPERIMENTATION: MetricNetworkRequestExecutionTime: REQUEST_DURATION_SYSTEM='640',REQUEST_DURATION_OKHTTP='277',REQUEST_SYNCHRONOUS='TRUE',RESPONSE_CODE='200',RESPONSE_METHOD='GET',RESPONSE_LENGTH_OKHTTP='3891',RESPONSE_LENGTH_HEADER='3891',REQUEST_PROTOCOL='h2',REQUEST_URL='https://b.thumbs.redditmedia.com/CKInrczASoQbNvSBStGz11Tok0uCyQoxmZ02sOE37sQ.jpg',
08-04 12:39:51.708 18964 21812 D OK      : request got status: 200
08-04 12:39:51.729 18964 18981 I art     : Explicit concurrent mark sweep GC freed 37606(2MB) AllocSpace objects, 1(20KB) LOS objects, 34% free, 30MB/46MB, paused 2.664ms total 59.548ms
08-04 12:39:51.749 18964 18981 I art     : Starting a blocking GC Explicit
08-04 12:39:51.807 18964 18981 I art     : Explicit concurrent mark sweep GC freed 10014(518KB) AllocSpace objects, 4(188KB) LOS objects, 34% free, 30MB/46MB, paused 2.615ms total 57.917ms
08-04 12:39:51.826 18964 18981 I art     : Starting a blocking GC Explicit
08-04 12:39:51.878 18964 21813 I NAPPA_EXPERIMENTATION: MetricNetworkRequestExecutionTime: REQUEST_DURATION_SYSTEM='793',REQUEST_DURATION_OKHTTP='354',REQUEST_SYNCHRONOUS='TRUE',RESPONSE_CODE='200',RESPONSE_METHOD='GET',RESPONSE_LENGTH_OKHTTP='4487',RESPONSE_LENGTH_HEADER='4487',REQUEST_PROTOCOL='h2',REQUEST_URL='https://a.thumbs.redditmedia.com/sKVnLbatvJCZOE2ooe6CgiEftOB3ukgPMdcydbk9CZ4.jpg',
08-04 12:39:51.878 18964 21813 D OK      : request got status: 200
08-04 12:39:51.883 18964 18981 I art     : Explicit concurrent mark sweep GC freed 4330(273KB) AllocSpace objects, 1(68KB) LOS objects, 34% free, 30MB/46MB, paused 2.608ms total 56.279ms
08-04 12:39:51.902 18964 18981 I art     : Starting a blocking GC Explicit
08-04 12:39:51.920 18964 21814 I NAPPA_EXPERIMENTATION: MetricNetworkRequestExecutionTime: REQUEST_DURATION_SYSTEM='832',REQUEST_DURATION_OKHTTP='361',REQUEST_SYNCHRONOUS='TRUE',RESPONSE_CODE='200',RESPONSE_METHOD='GET',RESPONSE_LENGTH_OKHTTP='6530',RESPONSE_LENGTH_HEADER='6530',REQUEST_PROTOCOL='h2',REQUEST_URL='https://a.thumbs.redditmedia.com/dFt2-stQJkfZ8O7r7ywG9GQsF08fZXxEJfQtAmiJ-F8.jpg',
08-04 12:39:51.920 18964 21814 D OK      : request got status: 200
08-04 12:39:51.960 18964 18981 I art     : Explicit concurrent mark sweep GC freed 5406(273KB) AllocSpace objects, 6(476KB) LOS objects, 34% free, 30MB/46MB, paused 2.987ms total 57.423ms
08-04 12:39:51.979 18964 18981 I art     : Starting a blocking GC Explicit
08-04 12:39:51.995 18964 21816 I NAPPA_EXPERIMENTATION: MetricNetworkRequestExecutionTime: REQUEST_DURATION_SYSTEM='894',REQUEST_DURATION_OKHTTP='411',REQUEST_SYNCHRONOUS='TRUE',RESPONSE_CODE='200',RESPONSE_METHOD='GET',RESPONSE_LENGTH_OKHTTP='5113',RESPONSE_LENGTH_HEADER='5113',REQUEST_PROTOCOL='h2',REQUEST_URL='https://b.thumbs.redditmedia.com/1cAaKl6LkrikiRbLsBzzOvufKqRKuPi3wgjUkX8axkI.jpg',
08-04 12:39:51.995 18964 21816 D OK      : request got status: 200
08-04 12:39:52.027 18964 21899 D OK      : calling: https://oauth.reddit.com/r/aww/hot/.json?after=t3_hz5odc
08-04 12:39:52.034 18964 18981 I art     : Explicit concurrent mark sweep GC freed 8554(426KB) AllocSpace objects, 5(256KB) LOS objects, 34% free, 30MB/46MB, paused 2.744ms total 54.939ms
08-04 12:39:52.098 18964 21820 I NAPPA_EXPERIMENTATION: MetricNetworkRequestExecutionTime: REQUEST_DURATION_SYSTEM='985',REQUEST_DURATION_OKHTTP='489',REQUEST_SYNCHRONOUS='TRUE',RESPONSE_CODE='200',RESPONSE_METHOD='GET',RESPONSE_LENGTH_OKHTTP='6131',RESPONSE_LENGTH_HEADER='6131',REQUEST_PROTOCOL='h2',REQUEST_URL='https://b.thumbs.redditmedia.com/bUY4al781EZ3q7hUlnLebemHCXE3e63_SSxl2uo4Q4A.jpg',
08-04 12:39:52.098 18964 21820 D OK      : request got status: 200
08-04 12:39:52.146 18870 18870 I ServiceManager: Waiting for service AtCmdFwd...
08-04 12:39:52.206 18964 21819 I NAPPA_EXPERIMENTATION: MetricNetworkRequestExecutionTime: REQUEST_DURATION_SYSTEM='1100',REQUEST_DURATION_OKHTTP='601',REQUEST_SYNCHRONOUS='TRUE',RESPONSE_CODE='200',RESPONSE_METHOD='GET',RESPONSE_LENGTH_OKHTTP='6242',RESPONSE_LENGTH_HEADER='6242',REQUEST_PROTOCOL='h2',REQUEST_URL='https://b.thumbs.redditmedia.com/NUqJWcobH7ToYhCM0w6nnAFZ46ymm9vPD25BC3s7Wco.jpg',
08-04 12:39:52.207 18964 21819 D OK      : request got status: 200
08-04 12:39:52.228 18964 21826 I NAPPA_EXPERIMENTATION: MetricNetworkRequestExecutionTime: REQUEST_DURATION_SYSTEM='1090',REQUEST_DURATION_OKHTTP='573',REQUEST_SYNCHRONOUS='TRUE',RESPONSE_CODE='200',RESPONSE_METHOD='GET',RESPONSE_LENGTH_OKHTTP='1713',RESPONSE_LENGTH_HEADER='1713',REQUEST_PROTOCOL='h2',REQUEST_URL='https://v.redd.it/ak6rer1hskd51/DASHPlaylist.mpd',
08-04 12:39:52.228 18964 21826 D OK      : request got status: 200
08-04 12:39:52.239 18964 21824 I NAPPA_EXPERIMENTATION: MetricNetworkRequestExecutionTime: REQUEST_DURATION_SYSTEM='1106',REQUEST_DURATION_OKHTTP='612',REQUEST_SYNCHRONOUS='TRUE',RESPONSE_CODE='200',RESPONSE_METHOD='GET',RESPONSE_LENGTH_OKHTTP='6634',RESPONSE_LENGTH_HEADER='6634',REQUEST_PROTOCOL='h2',REQUEST_URL='https://b.thumbs.redditmedia.com/JTSWFy2_tijPk6cA5noKDydEAMkMJcDmKQTSX178zwc.jpg',
08-04 12:39:52.239 18964 21824 D OK      : request got status: 200
08-04 12:39:52.261 18964 21834 I NAPPA_EXPERIMENTATION: MetricNetworkRequestExecutionTime: REQUEST_DURATION_SYSTEM='1089',REQUEST_DURATION_OKHTTP='519',REQUEST_SYNCHRONOUS='TRUE',RESPONSE_CODE='200',RESPONSE_METHOD='GET',RESPONSE_LENGTH_OKHTTP='4798',RESPONSE_LENGTH_HEADER='4798',REQUEST_PROTOCOL='h2',REQUEST_URL='https://a.thumbs.redditmedia.com/KpcC72KH04Be3BqxmFbv_Gz7LCy-24GU-70or3KCdJ4.jpg',
08-04 12:39:52.261 18964 21834 D OK      : request got status: 200
08-04 12:39:52.284 18964 21825 I NAPPA_EXPERIMENTATION: MetricNetworkRequestExecutionTime: REQUEST_DURATION_SYSTEM='1149',REQUEST_DURATION_OKHTTP='644',REQUEST_SYNCHRONOUS='TRUE',RESPONSE_CODE='200',RESPONSE_METHOD='GET',RESPONSE_LENGTH_OKHTTP='7265',RESPONSE_LENGTH_HEADER='7265',REQUEST_PROTOCOL='h2',REQUEST_URL='https://b.thumbs.redditmedia.com/N6fiqTp8nJD2l7sUz4nij7j1yHYMTKaflUIrn8E2bAU.jpg',
08-04 12:39:52.284 18964 21825 D OK      : request got status: 200
08-04 12:39:52.293 18964 21818 I NAPPA_EXPERIMENTATION: MetricNetworkRequestExecutionTime: REQUEST_DURATION_SYSTEM='1188',REQUEST_DURATION_OKHTTP='706',REQUEST_SYNCHRONOUS='TRUE',RESPONSE_CODE='200',RESPONSE_METHOD='GET',RESPONSE_LENGTH_OKHTTP='2700',RESPONSE_LENGTH_HEADER='2700',REQUEST_PROTOCOL='h2',REQUEST_URL='https://v.redd.it/fkewv2f65kd51/DASHPlaylist.mpd',
08-04 12:39:52.293 18964 21818 D OK      : request got status: 200
08-04 12:39:52.302 18964 21835 I NAPPA_EXPERIMENTATION: MetricNetworkRequestExecutionTime: REQUEST_DURATION_SYSTEM='1121',REQUEST_DURATION_OKHTTP='517',REQUEST_SYNCHRONOUS='TRUE',RESPONSE_CODE='200',RESPONSE_METHOD='GET',RESPONSE_LENGTH_OKHTTP='5648',RESPONSE_LENGTH_HEADER='5648',REQUEST_PROTOCOL='h2',REQUEST_URL='https://a.thumbs.redditmedia.com/cEOtajy3CAQrjwSA3hhSqnPx8bfkRzglo7Lz1SBTmE0.jpg',
08-04 12:39:52.302 18964 21835 D OK      : request got status: 200
08-04 12:39:52.305 18964 21826 I RedditVideosAPI: For 'https://v.redd.it/ak6rer1hskd51/DASHPlaylist.mpd', got video stream 'https://v.redd.it/ak6rer1hskd51/DASH_360' and audio stream 'null'
08-04 12:39:52.315 18964 21817 I NAPPA_EXPERIMENTATION: MetricNetworkRequestExecutionTime: REQUEST_DURATION_SYSTEM='1210',REQUEST_DURATION_OKHTTP='684',REQUEST_SYNCHRONOUS='TRUE',RESPONSE_CODE='200',RESPONSE_METHOD='GET',RESPONSE_LENGTH_OKHTTP='-1',RESPONSE_LENGTH_HEADER='379',REQUEST_PROTOCOL='h2',REQUEST_URL='https://api.imgur.com/3/image/NSO7Npm',
08-04 12:39:52.316 18964 21817 D OK      : request got status: 200
08-04 12:39:52.333 18964 21815 I NAPPA_EXPERIMENTATION: MetricNetworkRequestExecutionTime: REQUEST_DURATION_SYSTEM='1238',REQUEST_DURATION_OKHTTP='710',REQUEST_SYNCHRONOUS='TRUE',RESPONSE_CODE='200',RESPONSE_METHOD='GET',RESPONSE_LENGTH_OKHTTP='-1',RESPONSE_LENGTH_HEADER='812',REQUEST_PROTOCOL='http/1.1',REQUEST_URL='https://api.gfycat.com/v1/gfycats/deadlygravecavy',
08-04 12:39:52.333 18964 21815 D OK      : request got status: 200
08-04 12:39:52.343 18964 21836 I NAPPA_EXPERIMENTATION: MetricNetworkRequestExecutionTime: REQUEST_DURATION_SYSTEM='1160',REQUEST_DURATION_OKHTTP='566',REQUEST_SYNCHRONOUS='TRUE',RESPONSE_CODE='200',RESPONSE_METHOD='GET',RESPONSE_LENGTH_OKHTTP='3058',RESPONSE_LENGTH_HEADER='3058',REQUEST_PROTOCOL='h2',REQUEST_URL='https://v.redd.it/1ewzkieg0jd51/DASHPlaylist.mpd',
08-04 12:39:52.343 18964 21836 D OK      : request got status: 200
08-04 12:39:52.363 18964 21821 I NAPPA_EXPERIMENTATION: MetricNetworkRequestExecutionTime: REQUEST_DURATION_SYSTEM='1246',REQUEST_DURATION_OKHTTP='719',REQUEST_SYNCHRONOUS='TRUE',RESPONSE_CODE='200',RESPONSE_METHOD='GET',RESPONSE_LENGTH_OKHTTP='5439',RESPONSE_LENGTH_HEADER='5439',REQUEST_PROTOCOL='h2',REQUEST_URL='https://b.thumbs.redditmedia.com/tTmEfIrujbsvZXbhNSQS6Pc7o7ShCaGqZHbYf7nWdfg.jpg',
08-04 12:39:52.363 18964 21821 D OK      : request got status: 200
08-04 12:39:52.374 18964 21818 I RedditVideosAPI: For 'https://v.redd.it/fkewv2f65kd51/DASHPlaylist.mpd', got video stream 'https://v.redd.it/fkewv2f65kd51/DASH_480' and audio stream 'https://v.redd.it/fkewv2f65kd51/audio'
08-04 12:39:52.374 18964 18980 I art     : Starting a blocking GC Explicit
08-04 12:39:52.380 18964 21827 I NAPPA_EXPERIMENTATION: MetricNetworkRequestExecutionTime: REQUEST_DURATION_SYSTEM='1240',REQUEST_DURATION_OKHTTP='728',REQUEST_SYNCHRONOUS='TRUE',RESPONSE_CODE='200',RESPONSE_METHOD='GET',RESPONSE_LENGTH_OKHTTP='8699',RESPONSE_LENGTH_HEADER='8699',REQUEST_PROTOCOL='h2',REQUEST_URL='https://b.thumbs.redditmedia.com/HkEQtny0bE4H3dMCd_woPsLAXBoPwp_DZ4ioFNIQLKk.jpg',
08-04 12:39:52.380 18964 21827 D OK      : request got status: 200
08-04 12:39:52.398 18964 21828 I NAPPA_EXPERIMENTATION: MetricNetworkRequestExecutionTime: REQUEST_DURATION_SYSTEM='1255',REQUEST_DURATION_OKHTTP='706',REQUEST_SYNCHRONOUS='TRUE',RESPONSE_CODE='200',RESPONSE_METHOD='GET',RESPONSE_LENGTH_OKHTTP='4018',RESPONSE_LENGTH_HEADER='4018',REQUEST_PROTOCOL='h2',REQUEST_URL='https://b.thumbs.redditmedia.com/lVNra-iScxkYcYtSstJ-7J7pRAUDRXIwwJhsen1ZK9g.jpg',
08-04 12:39:52.398 18964 21828 D OK      : request got status: 200
08-04 12:39:52.434 18964 18980 I art     : Explicit concurrent mark sweep GC freed 25278(1733KB) AllocSpace objects, 46(2MB) LOS objects, 32% free, 32MB/48MB, paused 1.736ms total 59.773ms
08-04 12:39:52.440 18964 21833 I NAPPA_EXPERIMENTATION: MetricNetworkRequestExecutionTime: REQUEST_DURATION_SYSTEM='1270',REQUEST_DURATION_OKHTTP='555',REQUEST_SYNCHRONOUS='TRUE',RESPONSE_CODE='200',RESPONSE_METHOD='GET',RESPONSE_LENGTH_OKHTTP='2429',RESPONSE_LENGTH_HEADER='2429',REQUEST_PROTOCOL='h2',REQUEST_URL='https://v.redd.it/h49fg58ygjd51/DASHPlaylist.mpd',
08-04 12:39:52.440 18964 21833 D OK      : request got status: 200
08-04 12:39:52.447 18964 21836 I RedditVideosAPI: For 'https://v.redd.it/1ewzkieg0jd51/DASHPlaylist.mpd', got video stream 'https://v.redd.it/1ewzkieg0jd51/DASH_480' and audio stream 'https://v.redd.it/1ewzkieg0jd51/audio'
08-04 12:39:52.453 18964 18980 I art     : Starting a blocking GC Explicit
08-04 12:39:52.457 18964 21842 I NAPPA_EXPERIMENTATION: MetricNetworkRequestExecutionTime: REQUEST_DURATION_SYSTEM='1254',REQUEST_DURATION_OKHTTP='549',REQUEST_SYNCHRONOUS='TRUE',RESPONSE_CODE='200',RESPONSE_METHOD='GET',RESPONSE_LENGTH_OKHTTP='2698',RESPONSE_LENGTH_HEADER='2698',REQUEST_PROTOCOL='h2',REQUEST_URL='https://v.redd.it/s9qqadf3mid51/DASHPlaylist.mpd',
08-04 12:39:52.458 18964 21842 D OK      : request got status: 200
08-04 12:39:52.459 18964 21822 I NAPPA_EXPERIMENTATION: MetricNetworkRequestExecutionTime: REQUEST_DURATION_SYSTEM='1337',REQUEST_DURATION_OKHTTP='761',REQUEST_SYNCHRONOUS='TRUE',RESPONSE_CODE='200',RESPONSE_METHOD='GET',RESPONSE_LENGTH_OKHTTP='6434',RESPONSE_LENGTH_HEADER='6434',REQUEST_PROTOCOL='h2',REQUEST_URL='https://b.thumbs.redditmedia.com/_H8tFMmL5-3GrxYkCtMSHiyNfjbX8pxctOw_vrzyw7o.jpg',
08-04 12:39:52.459 18964 21822 D OK      : request got status: 200
08-04 12:39:52.478 18964 21829 I NAPPA_EXPERIMENTATION: MetricNetworkRequestExecutionTime: REQUEST_DURATION_SYSTEM='1322',REQUEST_DURATION_OKHTTP='781',REQUEST_SYNCHRONOUS='TRUE',RESPONSE_CODE='200',RESPONSE_METHOD='GET',RESPONSE_LENGTH_OKHTTP='6093',RESPONSE_LENGTH_HEADER='6093',REQUEST_PROTOCOL='h2',REQUEST_URL='https://b.thumbs.redditmedia.com/lQKqDneXS8E7ZBD9cUQy4OqOt8PuTneSvVFtnU0pwCE.jpg',
08-04 12:39:52.478 18964 21829 D OK      : request got status: 200
08-04 12:39:52.504 18964 18980 I art     : Explicit concurrent mark sweep GC freed 3506(343KB) AllocSpace objects, 15(888KB) LOS objects, 32% free, 33MB/49MB, paused 1.614ms total 51.207ms
08-04 12:39:52.517 18964 21830 I NAPPA_EXPERIMENTATION: MetricNetworkRequestExecutionTime: REQUEST_DURATION_SYSTEM='1356',REQUEST_DURATION_OKHTTP='734',REQUEST_SYNCHRONOUS='TRUE',RESPONSE_CODE='200',RESPONSE_METHOD='GET',RESPONSE_LENGTH_OKHTTP='7078',RESPONSE_LENGTH_HEADER='7078',REQUEST_PROTOCOL='h2',REQUEST_URL='https://b.thumbs.redditmedia.com/X3yyAViE0gxiHR-kf9Z5xmLa8dKsm8iWJyKdWNVtOhU.jpg',
08-04 12:39:52.517 18964 21830 D OK      : request got status: 200
08-04 12:39:52.522 18964 18980 I art     : Starting a blocking GC Explicit
08-04 12:39:52.545 18964 21832 I NAPPA_EXPERIMENTATION: MetricNetworkRequestExecutionTime: REQUEST_DURATION_SYSTEM='1380',REQUEST_DURATION_OKHTTP='726',REQUEST_SYNCHRONOUS='TRUE',RESPONSE_CODE='200',RESPONSE_METHOD='GET',RESPONSE_LENGTH_OKHTTP='5207',RESPONSE_LENGTH_HEADER='5207',REQUEST_PROTOCOL='h2',REQUEST_URL='https://b.thumbs.redditmedia.com/Bx9FZp8_w10DfFUf_mqVPMfu4Y0h2lo41Dh4tl2eNeQ.jpg',
08-04 12:39:52.545 18964 21832 D OK      : request got status: 200
08-04 12:39:52.549 18964 21833 I RedditVideosAPI: For 'https://v.redd.it/h49fg58ygjd51/DASHPlaylist.mpd', got video stream 'https://v.redd.it/h49fg58ygjd51/DASH_480' and audio stream 'null'
08-04 12:39:52.559 18964 21842 I RedditVideosAPI: For 'https://v.redd.it/s9qqadf3mid51/DASHPlaylist.mpd', got video stream 'https://v.redd.it/s9qqadf3mid51/DASH_480' and audio stream 'https://v.redd.it/s9qqadf3mid51/audio'
08-04 12:39:52.561 18964 21841 I NAPPA_EXPERIMENTATION: MetricNetworkRequestExecutionTime: REQUEST_DURATION_SYSTEM='1360',REQUEST_DURATION_OKHTTP='608',REQUEST_SYNCHRONOUS='TRUE',RESPONSE_CODE='200',RESPONSE_METHOD='GET',RESPONSE_LENGTH_OKHTTP='2861',RESPONSE_LENGTH_HEADER='2861',REQUEST_PROTOCOL='h2',REQUEST_URL='https://b.thumbs.redditmedia.com/iZuzjufMpYUYtQRLjRwce4RDb6JYsId95_iezR2Uc0w.jpg',
08-04 12:39:52.561 18964 21841 D OK      : request got status: 200
08-04 12:39:52.570 18964 21843 I NAPPA_EXPERIMENTATION: MetricNetworkRequestExecutionTime: REQUEST_DURATION_SYSTEM='1363',REQUEST_DURATION_OKHTTP='498',REQUEST_SYNCHRONOUS='TRUE',RESPONSE_CODE='200',RESPONSE_METHOD='GET',RESPONSE_LENGTH_OKHTTP='3060',RESPONSE_LENGTH_HEADER='3060',REQUEST_PROTOCOL='h2',REQUEST_URL='https://v.redd.it/b8vazlcb7ld51/DASHPlaylist.mpd',
08-04 12:39:52.570 18964 21843 D OK      : request got status: 200
08-04 12:39:52.571 18964 18980 I art     : Explicit concurrent mark sweep GC freed 1799(236KB) AllocSpace objects, 13(896KB) LOS objects, 32% free, 33MB/49MB, paused 1.490ms total 48.423ms
08-04 12:39:52.574 18964 21899 I NAPPA_EXPERIMENTATION: MetricNetworkRequestExecutionTime: REQUEST_DURATION_SYSTEM='547',REQUEST_DURATION_OKHTTP='542',REQUEST_SYNCHRONOUS='TRUE',RESPONSE_CODE='200',RESPONSE_METHOD='GET',RESPONSE_LENGTH_OKHTTP='-1',RESPONSE_LENGTH_HEADER='30610',REQUEST_PROTOCOL='h2',REQUEST_URL='https://oauth.reddit.com/r/aww/hot/.json?after=t3_hz5odc',
08-04 12:39:52.574 18964 21899 D OK      : request got status: 200
08-04 12:39:52.579 18964 19540 I PostListingFragment: Precaching images: OFF
08-04 12:39:52.579 18964 19540 I PostListingFragment: Precaching comments: OFF
08-04 12:39:52.582 18964 21845 I NAPPA_EXPERIMENTATION: MetricNetworkRequestExecutionTime: REQUEST_DURATION_SYSTEM='1365',REQUEST_DURATION_OKHTTP='534',REQUEST_SYNCHRONOUS='TRUE',RESPONSE_CODE='200',RESPONSE_METHOD='GET',RESPONSE_LENGTH_OKHTTP='2071',RESPONSE_LENGTH_HEADER='2071',REQUEST_PROTOCOL='h2',REQUEST_URL='https://v.redd.it/ty24o02m1hd51/DASHPlaylist.mpd',
08-04 12:39:52.583 18964 21845 D OK      : request got status: 200
08-04 12:39:52.589 18964 18980 I art     : Starting a blocking GC Explicit
08-04 12:39:52.590 18964 21840 I NAPPA_EXPERIMENTATION: MetricNetworkRequestExecutionTime: REQUEST_DURATION_SYSTEM='1388',REQUEST_DURATION_OKHTTP='591',REQUEST_SYNCHRONOUS='TRUE',RESPONSE_CODE='200',RESPONSE_METHOD='GET',RESPONSE_LENGTH_OKHTTP='8835',RESPONSE_LENGTH_HEADER='8835',REQUEST_PROTOCOL='h2',REQUEST_URL='https://b.thumbs.redditmedia.com/B18Vu5Jw71XCkFOFHimnUC42ya8apHsmcCW-HFmtb6w.jpg',
08-04 12:39:52.590 18964 21840 D OK      : request got status: 200
08-04 12:39:52.591 18964 21823 I NAPPA_EXPERIMENTATION: MetricNetworkRequestExecutionTime: REQUEST_DURATION_SYSTEM='1468',REQUEST_DURATION_OKHTTP='620',REQUEST_SYNCHRONOUS='TRUE',RESPONSE_CODE='200',RESPONSE_METHOD='GET',RESPONSE_LENGTH_OKHTTP='-1',RESPONSE_LENGTH_HEADER='955',REQUEST_PROTOCOL='http/1.1',REQUEST_URL='https://api.gfycat.com/v1/gfycats/altruisticthankfulankolewatusi',
08-04 12:39:52.591 18964 21823 D OK      : request got status: 200
08-04 12:39:52.600 18964 21844 I NAPPA_EXPERIMENTATION: MetricNetworkRequestExecutionTime: REQUEST_DURATION_SYSTEM='1390',REQUEST_DURATION_OKHTTP='580',REQUEST_SYNCHRONOUS='TRUE',RESPONSE_CODE='200',RESPONSE_METHOD='GET',RESPONSE_LENGTH_OKHTTP='4067',RESPONSE_LENGTH_HEADER='4067',REQUEST_PROTOCOL='h2',REQUEST_URL='https://b.thumbs.redditmedia.com/XNb1kfskabGDLMqv661Q22hBtCb8w5oyePDcFaZi9aY.jpg',
08-04 12:39:52.600 18964 21844 D OK      : request got status: 200
08-04 12:39:52.607 18964 21831 I NAPPA_EXPERIMENTATION: MetricNetworkRequestExecutionTime: REQUEST_DURATION_SYSTEM='1443',REQUEST_DURATION_OKHTTP='541',REQUEST_SYNCHRONOUS='TRUE',RESPONSE_CODE='200',RESPONSE_METHOD='GET',RESPONSE_LENGTH_OKHTTP='-1',RESPONSE_LENGTH_HEADER='1021',REQUEST_PROTOCOL='http/1.1',REQUEST_URL='https://api.gfycat.com/v1/gfycats/foolhardysparklinglarva',
08-04 12:39:52.607 18964 21831 D OK      : request got status: 200
08-04 12:39:52.610 18964 21848 I NAPPA_EXPERIMENTATION: MetricNetworkRequestExecutionTime: REQUEST_DURATION_SYSTEM='1385',REQUEST_DURATION_OKHTTP='472',REQUEST_SYNCHRONOUS='TRUE',RESPONSE_CODE='200',RESPONSE_METHOD='GET',RESPONSE_LENGTH_OKHTTP='2342',RESPONSE_LENGTH_HEADER='2342',REQUEST_PROTOCOL='h2',REQUEST_URL='https://v.redd.it/ar5k8892pid51/DASHPlaylist.mpd',
08-04 12:39:52.610 18964 21848 D OK      : request got status: 200
08-04 12:39:52.627 18964 21846 I NAPPA_EXPERIMENTATION: MetricNetworkRequestExecutionTime: REQUEST_DURATION_SYSTEM='1405',REQUEST_DURATION_OKHTTP='595',REQUEST_SYNCHRONOUS='TRUE',RESPONSE_CODE='200',RESPONSE_METHOD='GET',RESPONSE_LENGTH_OKHTTP='4249',RESPONSE_LENGTH_HEADER='4249',REQUEST_PROTOCOL='h2',REQUEST_URL='https://b.thumbs.redditmedia.com/lMqJbh1Z40ffemA0TnSfVnovznn4hvJNue60AsJ-ETs.jpg',
08-04 12:39:52.627 18964 21846 D OK      : request got status: 200
08-04 12:39:52.627 18964 21839 I NAPPA_EXPERIMENTATION: MetricNetworkRequestExecutionTime: REQUEST_DURATION_SYSTEM='1429',REQUEST_DURATION_OKHTTP='515',REQUEST_SYNCHRONOUS='TRUE',RESPONSE_CODE='200',RESPONSE_METHOD='GET',RESPONSE_LENGTH_OKHTTP='2787',RESPONSE_LENGTH_HEADER='2787',REQUEST_PROTOCOL='h2',REQUEST_URL='https://v.redd.it/ppmhu2r9thd51/DASHPlaylist.mpd',
08-04 12:39:52.628 18964 21839 D OK      : request got status: 200
08-04 12:39:52.644 18964 21837 I NAPPA_EXPERIMENTATION: MetricNetworkRequestExecutionTime: REQUEST_DURATION_SYSTEM='1459',REQUEST_DURATION_OKHTTP='590',REQUEST_SYNCHRONOUS='TRUE',RESPONSE_CODE='200',RESPONSE_METHOD='GET',RESPONSE_LENGTH_OKHTTP='5229',RESPONSE_LENGTH_HEADER='5229',REQUEST_PROTOCOL='h2',REQUEST_URL='https://b.thumbs.redditmedia.com/RrJbRRjFZWmckrONtkPTloJh52FfqD_XkLMuYuuQvAg.jpg',
08-04 12:39:52.645 18964 21837 D OK      : request got status: 200
08-04 12:39:52.647 18964 18980 I art     : Explicit concurrent mark sweep GC freed 11067(649KB) AllocSpace objects, 19(1124KB) LOS objects, 31% free, 34MB/50MB, paused 1.848ms total 57.292ms
08-04 12:39:52.648 18964 21847 I NAPPA_EXPERIMENTATION: MetricNetworkRequestExecutionTime: REQUEST_DURATION_SYSTEM='1427',REQUEST_DURATION_OKHTTP='539',REQUEST_SYNCHRONOUS='TRUE',RESPONSE_CODE='200',RESPONSE_METHOD='GET',RESPONSE_LENGTH_OKHTTP='6843',RESPONSE_LENGTH_HEADER='6843',REQUEST_PROTOCOL='h2',REQUEST_URL='https://b.thumbs.redditmedia.com/x5l4cICw0WNNvslt5FqVjwj89XrGjrXnNbaSyQRAyCo.jpg',
08-04 12:39:52.648 18964 21847 D OK      : request got status: 200
08-04 12:39:52.660 18964 21922 D OK      : calling: https://b.thumbs.redditmedia.com/WehZGjN94ALGdO0M7RjPJ2EwcyyWVZ_NUn1Fuf7IYWY.jpg
08-04 12:39:52.663 18964 21838 I NAPPA_EXPERIMENTATION: MetricNetworkRequestExecutionTime: REQUEST_DURATION_SYSTEM='1475',REQUEST_DURATION_OKHTTP='543',REQUEST_SYNCHRONOUS='TRUE',RESPONSE_CODE='200',RESPONSE_METHOD='GET',RESPONSE_LENGTH_OKHTTP='6163',RESPONSE_LENGTH_HEADER='6163',REQUEST_PROTOCOL='h2',REQUEST_URL='https://b.thumbs.redditmedia.com/chqK3f9u3D7UmfrGP85f4sOQFihMk6q7fFSeMyWs_7E.jpg',
08-04 12:39:52.663 18964 21838 D OK      : request got status: 200
08-04 12:39:52.664 18964 19540 I getImgurImageInfo: Image nLQR2hT: trying API v3 with auth
08-04 12:39:52.666 18964 18980 I art     : Starting a blocking GC Explicit
08-04 12:39:52.685 18964 21850 I NAPPA_EXPERIMENTATION: MetricNetworkRequestExecutionTime: REQUEST_DURATION_SYSTEM='1445',REQUEST_DURATION_OKHTTP='528',REQUEST_SYNCHRONOUS='TRUE',RESPONSE_CODE='200',RESPONSE_METHOD='GET',RESPONSE_LENGTH_OKHTTP='6221',RESPONSE_LENGTH_HEADER='6221',REQUEST_PROTOCOL='h2',REQUEST_URL='https://b.thumbs.redditmedia.com/d_-UsfmKASoIHi4vZyyjvvwFtm1S7-DEi9AQPOnGIgY.jpg',
08-04 12:39:52.685 18964 21850 D OK      : request got status: 200
08-04 12:39:52.685 18964 21849 I NAPPA_EXPERIMENTATION: MetricNetworkRequestExecutionTime: REQUEST_DURATION_SYSTEM='1451',REQUEST_DURATION_OKHTTP='530',REQUEST_SYNCHRONOUS='TRUE',RESPONSE_CODE='200',RESPONSE_METHOD='GET',RESPONSE_LENGTH_OKHTTP='6778',RESPONSE_LENGTH_HEADER='6778',REQUEST_PROTOCOL='h2',REQUEST_URL='https://b.thumbs.redditmedia.com/189nmwjW7eGWBD0J-cxzsUac1V1ZWGzMFC66inY4u4Y.jpg',
08-04 12:39:52.685 18964 21849 D OK      : request got status: 200
08-04 12:39:52.697 13866 13882 I PeriodicStatsRunner: PeriodicStatsRunner.call():175 call()
08-04 12:39:52.698 13866 13882 I PeriodicStatsRunner: PeriodicStatsRunner.call():179 No submit PeriodicStats since input started.
08-04 12:39:52.721 18964 18980 I art     : Explicit concurrent mark sweep GC freed 11699(571KB) AllocSpace objects, 12(624KB) LOS objects, 30% free, 35MB/51MB, paused 1.217ms total 54.659ms
08-04 12:39:52.758 18964 21843 I RedditVideosAPI: For 'https://v.redd.it/b8vazlcb7ld51/DASHPlaylist.mpd', got video stream 'https://v.redd.it/b8vazlcb7ld51/DASH_480' and audio stream 'https://v.redd.it/b8vazlcb7ld51/audio'
08-04 12:39:52.760 18964 21923 D OK      : calling: https://b.thumbs.redditmedia.com/Xdo4lcQOwuUNK1yxSlXZ0OI8u23ORAr16_AzfAZ1nvU.jpg
08-04 12:39:52.774 18964 21845 I RedditVideosAPI: For 'https://v.redd.it/ty24o02m1hd51/DASHPlaylist.mpd', got video stream 'https://v.redd.it/ty24o02m1hd51/DASH_480' and audio stream 'null'
08-04 12:39:52.795 18964 21922 I NAPPA_EXPERIMENTATION: MetricNetworkRequestExecutionTime: REQUEST_DURATION_SYSTEM='135',REQUEST_DURATION_OKHTTP='134',REQUEST_SYNCHRONOUS='TRUE',RESPONSE_CODE='200',RESPONSE_METHOD='GET',RESPONSE_LENGTH_OKHTTP='5435',RESPONSE_LENGTH_HEADER='5435',REQUEST_PROTOCOL='h2',REQUEST_URL='https://b.thumbs.redditmedia.com/WehZGjN94ALGdO0M7RjPJ2EwcyyWVZ_NUn1Fuf7IYWY.jpg',
08-04 12:39:52.795 18964 21922 D OK      : request got status: 200
08-04 12:39:52.841 18964 21848 I RedditVideosAPI: For 'https://v.redd.it/ar5k8892pid51/DASHPlaylist.mpd', got video stream 'https://v.redd.it/ar5k8892pid51/DASH_360' and audio stream 'https://v.redd.it/ar5k8892pid51/audio'
08-04 12:39:52.873 18964 21839 I RedditVideosAPI: For 'https://v.redd.it/ppmhu2r9thd51/DASHPlaylist.mpd', got video stream 'https://v.redd.it/ppmhu2r9thd51/DASH_480' and audio stream 'null'
08-04 12:39:52.875 18964 21927 D OK      : calling: https://b.thumbs.redditmedia.com/2KMYZ5hTlKXSvNO4hDUPyMba8Yz6skyu1SjUhLq1d9s.jpg
08-04 12:39:52.906 18964 21923 I NAPPA_EXPERIMENTATION: MetricNetworkRequestExecutionTime: REQUEST_DURATION_SYSTEM='145',REQUEST_DURATION_OKHTTP='145',REQUEST_SYNCHRONOUS='TRUE',RESPONSE_CODE='200',RESPONSE_METHOD='GET',RESPONSE_LENGTH_OKHTTP='5191',RESPONSE_LENGTH_HEADER='5191',REQUEST_PROTOCOL='h2',REQUEST_URL='https://b.thumbs.redditmedia.com/Xdo4lcQOwuUNK1yxSlXZ0OI8u23ORAr16_AzfAZ1nvU.jpg',
08-04 12:39:52.906 18964 21923 D OK      : request got status: 200
08-04 12:39:52.941 18964 21936 D OK      : calling: https://a.thumbs.redditmedia.com/EFVm-ZqqhARyEaKgtwU74c7tfzEDJvI0uiHXGglFag4.jpg
08-04 12:39:52.969 18964 21937 D OK      : calling: https://b.thumbs.redditmedia.com/qi4bNDKzoPvaSaSx99K2bAjwaRHh1nuOrcbySp1JHdk.jpg
08-04 12:39:52.971 18964 21938 D OK      : calling: https://b.thumbs.redditmedia.com/Ja8yiRMklM2lXd8q60LtBI6CqdmJ5YbWHRiBVFmICJA.jpg
08-04 12:39:52.974 18964 21939 D OK      : calling: https://b.thumbs.redditmedia.com/o5lSsJ_tCgCQxcdjMGaYxuveNluXB1PQT4PokXDhpvc.jpg
08-04 12:39:52.976 18964 21940 D OK      : calling: https://b.thumbs.redditmedia.com/SiCWTmKkQcbiAa7naxAHnw0adTeRkq1dB8QSqzGU7-Q.jpg
08-04 12:39:52.979 18964 21941 D OK      : calling: https://b.thumbs.redditmedia.com/C9qrVibnNxmzfLDKvEHp2v2Bo-Kqme7PoKC52s2o52M.jpg
08-04 12:39:52.982 18964 21942 D OK      : calling: https://a.thumbs.redditmedia.com/Tfsm0ol-ltlxNSBAkZ_4G4302d0hYeOSODkvXidBBR8.jpg
08-04 12:39:52.984 18964 21943 D OK      : calling: https://a.thumbs.redditmedia.com/Kzag-wH9wKRRg2MnPwgoFgXT_2jN_nkJ1lY1aNRQyT4.jpg
08-04 12:39:52.987 18964 21944 D OK      : calling: https://a.thumbs.redditmedia.com/P4gSGpXpi2wDXthNZ-LiwEs5Jvplm6dQ7W7Isqa7un4.jpg
08-04 12:39:52.990 18964 21945 D OK      : calling: https://b.thumbs.redditmedia.com/XkIhgqugP-9Zcb5I9A8o0r-zQJDh_6kastc0oWiiHkI.jpg
08-04 12:39:52.992 18964 21946 D OK      : calling: https://b.thumbs.redditmedia.com/3QPAtixkID9ojpqCAgfspJpruqoq45fM1G-Fx1K2F2A.jpg
08-04 12:39:52.995 18964 21947 D OK      : calling: https://b.thumbs.redditmedia.com/orK4W8Xc99pTzIT6q1waTsppldq24p1qMsHtkNnmu9w.jpg
08-04 12:39:52.999 18964 21948 D OK      : calling: https://b.thumbs.redditmedia.com/B1vXKY_-gTPbs625-RJ1MLIXxzCqfmnCB_0xnGjCECQ.jpg
08-04 12:39:53.000 18964 21949 D OK      : calling: https://a.thumbs.redditmedia.com/ffAKmOqnTuDMNR9MRfCdRtkq_CzN3MVhZxS64ZPYRh4.jpg
08-04 12:39:53.003 18964 21950 D OK      : calling: https://b.thumbs.redditmedia.com/OF1KI_LdSDMMWCy-WgJyRhIcM5fr7kDyu_OnpfRXHfI.jpg
08-04 12:39:53.007 18964 21951 D OK      : calling: https://b.thumbs.redditmedia.com/vuAhA4gGAmYfrTFA4woxZcKgmiDzJ3nAsql2pxcYGFs.jpg
08-04 12:39:53.009 18964 21952 D OK      : calling: https://b.thumbs.redditmedia.com/PtV7mFsO2n0j4YJweZjEqyVJ45hap4hXix9dwj6D0Wg.jpg
08-04 12:39:53.011 18964 21953 D OK      : calling: https://b.thumbs.redditmedia.com/wxTBcOhAgsmbc-TRaGNHpYJYnEOBr2LNsaZ6pCM91Lc.jpg
08-04 12:39:53.014 18964 21954 D OK      : calling: https://b.thumbs.redditmedia.com/Wo7bFIVNZYYuNioRYwZFYxrl6QMk0lT-3W01wrXgHmE.jpg
08-04 12:39:53.019 18964 21955 D OK      : calling: https://b.thumbs.redditmedia.com/NoqMycYTzsyhI0Lq351riEI1mO9p8PvY1QwcZ9Irb9g.jpg
08-04 12:39:53.021 18964 21956 D OK      : calling: https://b.thumbs.redditmedia.com/KrRufqpifph7KM2Le5RdqEYQb24zbB4fizBJpFaH1Pc.jpg
08-04 12:39:53.024 18964 21957 D OK      : calling: https://b.thumbs.redditmedia.com/u2qz17QE3X5G7kkJrgK3HPCdxNQxNkhaWqfIhCuRMvE.jpg
08-04 12:39:53.026 18964 21958 D OK      : calling: https://v.redd.it/syww111dtjd51/DASHPlaylist.mpd
08-04 12:39:53.029 18964 21959 D OK      : calling: https://v.redd.it/pbqrrfb3tkd51/DASHPlaylist.mpd
08-04 12:39:53.032 18964 21927 I NAPPA_EXPERIMENTATION: MetricNetworkRequestExecutionTime: REQUEST_DURATION_SYSTEM='157',REQUEST_DURATION_OKHTTP='156',REQUEST_SYNCHRONOUS='TRUE',RESPONSE_CODE='200',RESPONSE_METHOD='GET',RESPONSE_LENGTH_OKHTTP='5098',RESPONSE_LENGTH_HEADER='5098',REQUEST_PROTOCOL='h2',REQUEST_URL='https://b.thumbs.redditmedia.com/2KMYZ5hTlKXSvNO4hDUPyMba8Yz6skyu1SjUhLq1d9s.jpg',
08-04 12:39:53.032 18964 21960 D OK      : calling: https://v.redd.it/rrygsb8i4ld51/DASHPlaylist.mpd
08-04 12:39:53.032 18964 21927 D OK      : request got status: 200
08-04 12:39:53.034 18964 21961 D OK      : calling: https://v.redd.it/5x6zzipz8ld51/DASHPlaylist.mpd
08-04 12:39:53.038 18964 21962 D OK      : calling: https://v.redd.it/75en73fm5id51/DASHPlaylist.mpd
08-04 12:39:53.041 18964 21963 D OK      : calling: https://api.imgur.com/3/image/nLQR2hT
08-04 12:39:53.044 18964 21965 D OK      : calling: https://v.redd.it/ggz4fyth6hd51/DASHPlaylist.mpd
08-04 12:39:53.048 18964 21966 D OK      : calling: https://v.redd.it/psrknoobrgd51/DASHPlaylist.mpd
08-04 12:39:53.055 18964 21967 D OK      : calling: https://v.redd.it/jk6cwef4wld51/DASHPlaylist.mpd
08-04 12:39:53.065 18964 21968 D OK      : calling: https://v.redd.it/t81s8zfz9ld51/DASHPlaylist.mpd
08-04 12:39:53.074 18964 21969 D OK      : calling: https://v.redd.it/xd6c4yyutgd51/DASHPlaylist.mpd
08-04 12:39:53.075 18964 18992 I art     : Starting a blocking GC Explicit
08-04 12:39:53.081 18964 21970 D OK      : calling: https://v.redd.it/ue0jdgk9zhd51/DASHPlaylist.mpd
08-04 12:39:53.135 18964 18992 I art     : Explicit concurrent mark sweep GC freed 32227(2MB) AllocSpace objects, 71(4MB) LOS objects, 30% free, 36MB/52MB, paused 2.460ms total 60.104ms
08-04 12:39:53.147 18870 18870 W Atfwd_Sendcmd: AtCmdFwd service not published, waiting... retryCnt : 4
08-04 12:39:53.155 18964 18992 I art     : Starting a blocking GC Explicit
08-04 12:39:53.183 18964 21937 I NAPPA_EXPERIMENTATION: MetricNetworkRequestExecutionTime: REQUEST_DURATION_SYSTEM='214',REQUEST_DURATION_OKHTTP='213',REQUEST_SYNCHRONOUS='TRUE',RESPONSE_CODE='200',RESPONSE_METHOD='GET',RESPONSE_LENGTH_OKHTTP='4475',RESPONSE_LENGTH_HEADER='4475',REQUEST_PROTOCOL='h2',REQUEST_URL='https://b.thumbs.redditmedia.com/qi4bNDKzoPvaSaSx99K2bAjwaRHh1nuOrcbySp1JHdk.jpg',
08-04 12:39:53.184 18964 21937 D OK      : request got status: 200
08-04 12:39:53.214 18964 18992 I art     : Explicit concurrent mark sweep GC freed 1881(89KB) AllocSpace objects, 1(68KB) LOS objects, 30% free, 35MB/51MB, paused 2.439ms total 58.500ms
08-04 12:39:53.234 18964 18992 I art     : Starting a blocking GC Explicit
08-04 12:39:53.295 18964 18992 I art     : Explicit concurrent mark sweep GC freed 2215(144KB) AllocSpace objects, 5(504KB) LOS objects, 30% free, 36MB/52MB, paused 2.322ms total 60.718ms
08-04 12:39:53.303 18964 21938 I NAPPA_EXPERIMENTATION: MetricNetworkRequestExecutionTime: REQUEST_DURATION_SYSTEM='332',REQUEST_DURATION_OKHTTP='331',REQUEST_SYNCHRONOUS='TRUE',RESPONSE_CODE='200',RESPONSE_METHOD='GET',RESPONSE_LENGTH_OKHTTP='5414',RESPONSE_LENGTH_HEADER='5414',REQUEST_PROTOCOL='h2',REQUEST_URL='https://b.thumbs.redditmedia.com/Ja8yiRMklM2lXd8q60LtBI6CqdmJ5YbWHRiBVFmICJA.jpg',
08-04 12:39:53.304 18964 21938 D OK      : request got status: 200
08-04 12:39:53.308 18964 21939 I NAPPA_EXPERIMENTATION: MetricNetworkRequestExecutionTime: REQUEST_DURATION_SYSTEM='334',REQUEST_DURATION_OKHTTP='332',REQUEST_SYNCHRONOUS='TRUE',RESPONSE_CODE='200',RESPONSE_METHOD='GET',RESPONSE_LENGTH_OKHTTP='4921',RESPONSE_LENGTH_HEADER='4921',REQUEST_PROTOCOL='h2',REQUEST_URL='https://b.thumbs.redditmedia.com/o5lSsJ_tCgCQxcdjMGaYxuveNluXB1PQT4PokXDhpvc.jpg',
08-04 12:39:53.308 18964 21939 D OK      : request got status: 200
08-04 12:39:53.314 18964 18992 I art     : Starting a blocking GC Explicit
08-04 12:39:53.372 18964 21941 I NAPPA_EXPERIMENTATION: MetricNetworkRequestExecutionTime: REQUEST_DURATION_SYSTEM='393',REQUEST_DURATION_OKHTTP='392',REQUEST_SYNCHRONOUS='TRUE',RESPONSE_CODE='200',RESPONSE_METHOD='GET',RESPONSE_LENGTH_OKHTTP='5378',RESPONSE_LENGTH_HEADER='5378',REQUEST_PROTOCOL='h2',REQUEST_URL='https://b.thumbs.redditmedia.com/C9qrVibnNxmzfLDKvEHp2v2Bo-Kqme7PoKC52s2o52M.jpg',
08-04 12:39:53.372 18964 21941 D OK      : request got status: 200
08-04 12:39:53.372 18964 18992 I art     : Explicit concurrent mark sweep GC freed 758(75KB) AllocSpace objects, 3(204KB) LOS objects, 30% free, 36MB/52MB, paused 2.407ms total 57.743ms
08-04 12:39:53.391 18964 21940 I NAPPA_EXPERIMENTATION: MetricNetworkRequestExecutionTime: REQUEST_DURATION_SYSTEM='415',REQUEST_DURATION_OKHTTP='413',REQUEST_SYNCHRONOUS='TRUE',RESPONSE_CODE='200',RESPONSE_METHOD='GET',RESPONSE_LENGTH_OKHTTP='5968',RESPONSE_LENGTH_HEADER='5968',REQUEST_PROTOCOL='h2',REQUEST_URL='https://b.thumbs.redditmedia.com/SiCWTmKkQcbiAa7naxAHnw0adTeRkq1dB8QSqzGU7-Q.jpg',
08-04 12:39:53.391 18964 21940 D OK      : request got status: 200
08-04 12:39:53.392 18964 18992 I art     : Starting a blocking GC Explicit
08-04 12:39:53.415 18964 21946 I NAPPA_EXPERIMENTATION: MetricNetworkRequestExecutionTime: REQUEST_DURATION_SYSTEM='422',REQUEST_DURATION_OKHTTP='421',REQUEST_SYNCHRONOUS='TRUE',RESPONSE_CODE='200',RESPONSE_METHOD='GET',RESPONSE_LENGTH_OKHTTP='3183',RESPONSE_LENGTH_HEADER='3183',REQUEST_PROTOCOL='h2',REQUEST_URL='https://b.thumbs.redditmedia.com/3QPAtixkID9ojpqCAgfspJpruqoq45fM1G-Fx1K2F2A.jpg',
08-04 12:39:53.415 18964 21946 D OK      : request got status: 200
08-04 12:39:53.431 18964 21947 I NAPPA_EXPERIMENTATION: MetricNetworkRequestExecutionTime: REQUEST_DURATION_SYSTEM='435',REQUEST_DURATION_OKHTTP='434',REQUEST_SYNCHRONOUS='TRUE',RESPONSE_CODE='200',RESPONSE_METHOD='GET',RESPONSE_LENGTH_OKHTTP='6654',RESPONSE_LENGTH_HEADER='6654',REQUEST_PROTOCOL='h2',REQUEST_URL='https://b.thumbs.redditmedia.com/orK4W8Xc99pTzIT6q1waTsppldq24p1qMsHtkNnmu9w.jpg',
08-04 12:39:53.431 18964 21947 D OK      : request got status: 200
08-04 12:39:53.447 18964 18992 I art     : Explicit concurrent mark sweep GC freed 2751(237KB) AllocSpace objects, 13(984KB) LOS objects, 30% free, 37MB/53MB, paused 2.180ms total 54.202ms
08-04 12:39:53.483 18964 21945 I NAPPA_EXPERIMENTATION: MetricNetworkRequestExecutionTime: REQUEST_DURATION_SYSTEM='493',REQUEST_DURATION_OKHTTP='492',REQUEST_SYNCHRONOUS='TRUE',RESPONSE_CODE='200',RESPONSE_METHOD='GET',RESPONSE_LENGTH_OKHTTP='4080',RESPONSE_LENGTH_HEADER='4080',REQUEST_PROTOCOL='h2',REQUEST_URL='https://b.thumbs.redditmedia.com/XkIhgqugP-9Zcb5I9A8o0r-zQJDh_6kastc0oWiiHkI.jpg',
08-04 12:39:53.483 18964 21945 D OK      : request got status: 200
08-04 12:39:53.508 18964 21950 I NAPPA_EXPERIMENTATION: MetricNetworkRequestExecutionTime: REQUEST_DURATION_SYSTEM='505',REQUEST_DURATION_OKHTTP='503',REQUEST_SYNCHRONOUS='TRUE',RESPONSE_CODE='200',RESPONSE_METHOD='GET',RESPONSE_LENGTH_OKHTTP='5125',RESPONSE_LENGTH_HEADER='5125',REQUEST_PROTOCOL='h2',REQUEST_URL='https://b.thumbs.redditmedia.com/OF1KI_LdSDMMWCy-WgJyRhIcM5fr7kDyu_OnpfRXHfI.jpg',
08-04 12:39:53.508 18964 21950 D OK      : request got status: 200
08-04 12:39:53.589 18964 21951 I NAPPA_EXPERIMENTATION: MetricNetworkRequestExecutionTime: REQUEST_DURATION_SYSTEM='581',REQUEST_DURATION_OKHTTP='581',REQUEST_SYNCHRONOUS='TRUE',RESPONSE_CODE='200',RESPONSE_METHOD='GET',RESPONSE_LENGTH_OKHTTP='6723',RESPONSE_LENGTH_HEADER='6723',REQUEST_PROTOCOL='h2',REQUEST_URL='https://b.thumbs.redditmedia.com/vuAhA4gGAmYfrTFA4woxZcKgmiDzJ3nAsql2pxcYGFs.jpg',
08-04 12:39:53.589 18964 21951 D OK      : request got status: 200
08-04 12:39:53.647 18964 21936 I NAPPA_EXPERIMENTATION: MetricNetworkRequestExecutionTime: REQUEST_DURATION_SYSTEM='706',REQUEST_DURATION_OKHTTP='380',REQUEST_SYNCHRONOUS='TRUE',RESPONSE_CODE='200',RESPONSE_METHOD='GET',RESPONSE_LENGTH_OKHTTP='5307',RESPONSE_LENGTH_HEADER='5307',REQUEST_PROTOCOL='h2',REQUEST_URL='https://a.thumbs.redditmedia.com/EFVm-ZqqhARyEaKgtwU74c7tfzEDJvI0uiHXGglFag4.jpg',
08-04 12:39:53.648 18964 21936 D OK      : request got status: 200
08-04 12:39:53.659 18964 21954 I NAPPA_EXPERIMENTATION: MetricNetworkRequestExecutionTime: REQUEST_DURATION_SYSTEM='644',REQUEST_DURATION_OKHTTP='643',REQUEST_SYNCHRONOUS='TRUE',RESPONSE_CODE='200',RESPONSE_METHOD='GET',RESPONSE_LENGTH_OKHTTP='7815',RESPONSE_LENGTH_HEADER='7815',REQUEST_PROTOCOL='h2',REQUEST_URL='https://b.thumbs.redditmedia.com/Wo7bFIVNZYYuNioRYwZFYxrl6QMk0lT-3W01wrXgHmE.jpg',
08-04 12:39:53.659 18964 21954 D OK      : request got status: 200
08-04 12:39:53.665 18964 21948 I NAPPA_EXPERIMENTATION: MetricNetworkRequestExecutionTime: REQUEST_DURATION_SYSTEM='666',REQUEST_DURATION_OKHTTP='665',REQUEST_SYNCHRONOUS='TRUE',RESPONSE_CODE='200',RESPONSE_METHOD='GET',RESPONSE_LENGTH_OKHTTP='3864',RESPONSE_LENGTH_HEADER='3864',REQUEST_PROTOCOL='h2',REQUEST_URL='https://b.thumbs.redditmedia.com/B1vXKY_-gTPbs625-RJ1MLIXxzCqfmnCB_0xnGjCECQ.jpg',
08-04 12:39:53.665 18964 21948 D OK      : request got status: 200
08-04 12:39:53.686 18964 21955 I NAPPA_EXPERIMENTATION: MetricNetworkRequestExecutionTime: REQUEST_DURATION_SYSTEM='667',REQUEST_DURATION_OKHTTP='666',REQUEST_SYNCHRONOUS='TRUE',RESPONSE_CODE='200',RESPONSE_METHOD='GET',RESPONSE_LENGTH_OKHTTP='5648',RESPONSE_LENGTH_HEADER='5648',REQUEST_PROTOCOL='h2',REQUEST_URL='https://b.thumbs.redditmedia.com/NoqMycYTzsyhI0Lq351riEI1mO9p8PvY1QwcZ9Irb9g.jpg',
08-04 12:39:53.687 18964 21955 D OK      : request got status: 200
08-04 12:39:53.703 18964 21952 I NAPPA_EXPERIMENTATION: MetricNetworkRequestExecutionTime: REQUEST_DURATION_SYSTEM='694',REQUEST_DURATION_OKHTTP='693',REQUEST_SYNCHRONOUS='TRUE',RESPONSE_CODE='200',RESPONSE_METHOD='GET',RESPONSE_LENGTH_OKHTTP='5329',RESPONSE_LENGTH_HEADER='5329',REQUEST_PROTOCOL='h2',REQUEST_URL='https://b.thumbs.redditmedia.com/PtV7mFsO2n0j4YJweZjEqyVJ45hap4hXix9dwj6D0Wg.jpg',
08-04 12:39:53.703 18964 21952 D OK      : request got status: 200
08-04 12:39:53.707 18964 21942 I NAPPA_EXPERIMENTATION: MetricNetworkRequestExecutionTime: REQUEST_DURATION_SYSTEM='725',REQUEST_DURATION_OKHTTP='257',REQUEST_SYNCHRONOUS='TRUE',RESPONSE_CODE='200',RESPONSE_METHOD='GET',RESPONSE_LENGTH_OKHTTP='7540',RESPONSE_LENGTH_HEADER='7540',REQUEST_PROTOCOL='h2',REQUEST_URL='https://a.thumbs.redditmedia.com/Tfsm0ol-ltlxNSBAkZ_4G4302d0hYeOSODkvXidBBR8.jpg',
08-04 12:39:53.707 18964 21942 D OK      : request got status: 200
08-04 12:39:53.724 18964 21956 I NAPPA_EXPERIMENTATION: MetricNetworkRequestExecutionTime: REQUEST_DURATION_SYSTEM='703',REQUEST_DURATION_OKHTTP='702',REQUEST_SYNCHRONOUS='TRUE',RESPONSE_CODE='200',RESPONSE_METHOD='GET',RESPONSE_LENGTH_OKHTTP='5198',RESPONSE_LENGTH_HEADER='5198',REQUEST_PROTOCOL='h2',REQUEST_URL='https://b.thumbs.redditmedia.com/KrRufqpifph7KM2Le5RdqEYQb24zbB4fizBJpFaH1Pc.jpg',
08-04 12:39:53.724 18964 21956 D OK      : request got status: 200
08-04 12:39:53.725 18964 21943 I NAPPA_EXPERIMENTATION: MetricNetworkRequestExecutionTime: REQUEST_DURATION_SYSTEM='741',REQUEST_DURATION_OKHTTP='236',REQUEST_SYNCHRONOUS='TRUE',RESPONSE_CODE='200',RESPONSE_METHOD='GET',RESPONSE_LENGTH_OKHTTP='3635',RESPONSE_LENGTH_HEADER='3635',REQUEST_PROTOCOL='h2',REQUEST_URL='https://a.thumbs.redditmedia.com/Kzag-wH9wKRRg2MnPwgoFgXT_2jN_nkJ1lY1aNRQyT4.jpg',
08-04 12:39:53.725 18964 21943 D OK      : request got status: 200
08-04 12:39:53.744 18964 21953 I NAPPA_EXPERIMENTATION: MetricNetworkRequestExecutionTime: REQUEST_DURATION_SYSTEM='733',REQUEST_DURATION_OKHTTP='732',REQUEST_SYNCHRONOUS='TRUE',RESPONSE_CODE='200',RESPONSE_METHOD='GET',RESPONSE_LENGTH_OKHTTP='6316',RESPONSE_LENGTH_HEADER='6316',REQUEST_PROTOCOL='h2',REQUEST_URL='https://b.thumbs.redditmedia.com/wxTBcOhAgsmbc-TRaGNHpYJYnEOBr2LNsaZ6pCM91Lc.jpg',
08-04 12:39:53.744 18964 21953 D OK      : request got status: 200
08-04 12:39:53.765 18964 21957 I NAPPA_EXPERIMENTATION: MetricNetworkRequestExecutionTime: REQUEST_DURATION_SYSTEM='741',REQUEST_DURATION_OKHTTP='740',REQUEST_SYNCHRONOUS='TRUE',RESPONSE_CODE='200',RESPONSE_METHOD='GET',RESPONSE_LENGTH_OKHTTP='5579',RESPONSE_LENGTH_HEADER='5579',REQUEST_PROTOCOL='h2',REQUEST_URL='https://b.thumbs.redditmedia.com/u2qz17QE3X5G7kkJrgK3HPCdxNQxNkhaWqfIhCuRMvE.jpg',
08-04 12:39:53.765 18964 21957 D OK      : request got status: 200
08-04 12:39:53.785 18964 19193 I art     : Starting a blocking GC Explicit
08-04 12:39:53.841 18964 19193 I art     : Explicit concurrent mark sweep GC freed 31947(1907KB) AllocSpace objects, 56(3MB) LOS objects, 28% free, 39MB/55MB, paused 1.485ms total 55.359ms
08-04 12:39:53.860 18964 19193 I art     : Starting a blocking GC Explicit
08-04 12:39:53.887 18964 21944 I NAPPA_EXPERIMENTATION: MetricNetworkRequestExecutionTime: REQUEST_DURATION_SYSTEM='900',REQUEST_DURATION_OKHTTP='247',REQUEST_SYNCHRONOUS='TRUE',RESPONSE_CODE='200',RESPONSE_METHOD='GET',RESPONSE_LENGTH_OKHTTP='5641',RESPONSE_LENGTH_HEADER='5641',REQUEST_PROTOCOL='h2',REQUEST_URL='https://a.thumbs.redditmedia.com/P4gSGpXpi2wDXthNZ-LiwEs5Jvplm6dQ7W7Isqa7un4.jpg',
08-04 12:39:53.887 18964 21944 D OK      : request got status: 200
08-04 12:39:53.911 18964 19193 I art     : Explicit concurrent mark sweep GC freed 4712(309KB) AllocSpace objects, 15(804KB) LOS objects, 28% free, 39MB/55MB, paused 1.722ms total 50.954ms
08-04 12:39:53.931 18964 19193 I art     : Starting a blocking GC Explicit
08-04 12:39:53.959 18964 21961 I NAPPA_EXPERIMENTATION: MetricNetworkRequestExecutionTime: REQUEST_DURATION_SYSTEM='924',REQUEST_DURATION_OKHTTP='353',REQUEST_SYNCHRONOUS='TRUE',RESPONSE_CODE='200',RESPONSE_METHOD='GET',RESPONSE_LENGTH_OKHTTP='2789',RESPONSE_LENGTH_HEADER='2789',REQUEST_PROTOCOL='h2',REQUEST_URL='https://v.redd.it/5x6zzipz8ld51/DASHPlaylist.mpd',
08-04 12:39:53.959 18964 21961 D OK      : request got status: 200
08-04 12:39:53.975 18964 21949 I NAPPA_EXPERIMENTATION: MetricNetworkRequestExecutionTime: REQUEST_DURATION_SYSTEM='975',REQUEST_DURATION_OKHTTP='271',REQUEST_SYNCHRONOUS='TRUE',RESPONSE_CODE='200',RESPONSE_METHOD='GET',RESPONSE_LENGTH_OKHTTP='4470',RESPONSE_LENGTH_HEADER='4470',REQUEST_PROTOCOL='h2',REQUEST_URL='https://a.thumbs.redditmedia.com/ffAKmOqnTuDMNR9MRfCdRtkq_CzN3MVhZxS64ZPYRh4.jpg',
08-04 12:39:53.975 18964 21949 D OK      : request got status: 200
08-04 12:39:53.980 18964 19193 I art     : Explicit concurrent mark sweep GC freed 3594(357KB) AllocSpace objects, 20(1164KB) LOS objects, 28% free, 40MB/56MB, paused 1.612ms total 48.782ms
08-04 12:39:53.984 18964 21961 I RedditVideosAPI: For 'https://v.redd.it/5x6zzipz8ld51/DASHPlaylist.mpd', got video stream 'https://v.redd.it/5x6zzipz8ld51/DASH_480' and audio stream 'null'
08-04 12:39:53.999 18964 19193 I art     : Starting a blocking GC Explicit
08-04 12:39:53.999 18964 21960 I NAPPA_EXPERIMENTATION: MetricNetworkRequestExecutionTime: REQUEST_DURATION_SYSTEM='967',REQUEST_DURATION_OKHTTP='354',REQUEST_SYNCHRONOUS='TRUE',RESPONSE_CODE='200',RESPONSE_METHOD='GET',RESPONSE_LENGTH_OKHTTP='3060',RESPONSE_LENGTH_HEADER='3060',REQUEST_PROTOCOL='h2',REQUEST_URL='https://v.redd.it/rrygsb8i4ld51/DASHPlaylist.mpd',
08-04 12:39:54.000 18964 21960 D OK      : request got status: 200
08-04 12:39:54.021 18964 21958 I NAPPA_EXPERIMENTATION: MetricNetworkRequestExecutionTime: REQUEST_DURATION_SYSTEM='994',REQUEST_DURATION_OKHTTP='398',REQUEST_SYNCHRONOUS='TRUE',RESPONSE_CODE='200',RESPONSE_METHOD='GET',RESPONSE_LENGTH_OKHTTP='2696',RESPONSE_LENGTH_HEADER='2696',REQUEST_PROTOCOL='h2',REQUEST_URL='https://v.redd.it/syww111dtjd51/DASHPlaylist.mpd',
08-04 12:39:54.021 18964 21958 D OK      : request got status: 200
08-04 12:39:54.024 18964 21960 I RedditVideosAPI: For 'https://v.redd.it/rrygsb8i4ld51/DASHPlaylist.mpd', got video stream 'https://v.redd.it/rrygsb8i4ld51/DASH_480' and audio stream 'https://v.redd.it/rrygsb8i4ld51/audio'
08-04 12:39:54.042 18964 21959 I NAPPA_EXPERIMENTATION: MetricNetworkRequestExecutionTime: REQUEST_DURATION_SYSTEM='1013',REQUEST_DURATION_OKHTTP='347',REQUEST_SYNCHRONOUS='TRUE',RESPONSE_CODE='200',RESPONSE_METHOD='GET',RESPONSE_LENGTH_OKHTTP='2071',RESPONSE_LENGTH_HEADER='2071',REQUEST_PROTOCOL='h2',REQUEST_URL='https://v.redd.it/pbqrrfb3tkd51/DASHPlaylist.mpd',
08-04 12:39:54.042 18964 21959 D OK      : request got status: 200
08-04 12:39:54.048 18964 19193 I art     : Explicit concurrent mark sweep GC freed 1531(201KB) AllocSpace objects, 12(732KB) LOS objects, 28% free, 40MB/56MB, paused 1.178ms total 49.233ms
08-04 12:39:54.055 18964 21967 I NAPPA_EXPERIMENTATION: MetricNetworkRequestExecutionTime: REQUEST_DURATION_SYSTEM='1000',REQUEST_DURATION_OKHTTP='319',REQUEST_SYNCHRONOUS='TRUE',RESPONSE_CODE='200',RESPONSE_METHOD='GET',RESPONSE_LENGTH_OKHTTP='2071',RESPONSE_LENGTH_HEADER='2071',REQUEST_PROTOCOL='h2',REQUEST_URL='https://v.redd.it/jk6cwef4wld51/DASHPlaylist.mpd',
08-04 12:39:54.055 18964 21967 D OK      : request got status: 200
08-04 12:39:54.058 18964 21962 I NAPPA_EXPERIMENTATION: MetricNetworkRequestExecutionTime: REQUEST_DURATION_SYSTEM='1020',REQUEST_DURATION_OKHTTP='312',REQUEST_SYNCHRONOUS='TRUE',RESPONSE_CODE='200',RESPONSE_METHOD='GET',RESPONSE_LENGTH_OKHTTP='2700',RESPONSE_LENGTH_HEADER='2700',REQUEST_PROTOCOL='h2',REQUEST_URL='https://v.redd.it/75en73fm5id51/DASHPlaylist.mpd',
08-04 12:39:54.058 18964 21962 D OK      : request got status: 200
08-04 12:39:54.061 18964 21958 I RedditVideosAPI: For 'https://v.redd.it/syww111dtjd51/DASHPlaylist.mpd', got video stream 'https://v.redd.it/syww111dtjd51/DASH_480' and audio stream 'https://v.redd.it/syww111dtjd51/audio'
08-04 12:39:54.067 18964 19193 I art     : Starting a blocking GC Explicit
08-04 12:39:54.072 18964 21966 I NAPPA_EXPERIMENTATION: MetricNetworkRequestExecutionTime: REQUEST_DURATION_SYSTEM='1024',REQUEST_DURATION_OKHTTP='297',REQUEST_SYNCHRONOUS='TRUE',RESPONSE_CODE='200',RESPONSE_METHOD='GET',RESPONSE_LENGTH_OKHTTP='2427',RESPONSE_LENGTH_HEADER='2427',REQUEST_PROTOCOL='h2',REQUEST_URL='https://v.redd.it/psrknoobrgd51/DASHPlaylist.mpd',
08-04 12:39:54.072 18964 21966 D OK      : request got status: 200
08-04 12:39:54.090 18964 21959 I RedditVideosAPI: For 'https://v.redd.it/pbqrrfb3tkd51/DASHPlaylist.mpd', got video stream 'https://v.redd.it/pbqrrfb3tkd51/DASH_480' and audio stream 'null'
08-04 12:39:54.105 18964 21965 I NAPPA_EXPERIMENTATION: MetricNetworkRequestExecutionTime: REQUEST_DURATION_SYSTEM='1061',REQUEST_DURATION_OKHTTP='289',REQUEST_SYNCHRONOUS='TRUE',RESPONSE_CODE='200',RESPONSE_METHOD='GET',RESPONSE_LENGTH_OKHTTP='1713',RESPONSE_LENGTH_HEADER='1713',REQUEST_PROTOCOL='h2',REQUEST_URL='https://v.redd.it/ggz4fyth6hd51/DASHPlaylist.mpd',
08-04 12:39:54.105 18964 21965 D OK      : request got status: 200
08-04 12:39:54.113 18964 21967 I RedditVideosAPI: For 'https://v.redd.it/jk6cwef4wld51/DASHPlaylist.mpd', got video stream 'https://v.redd.it/jk6cwef4wld51/DASH_480' and audio stream 'null'
08-04 12:39:54.117 18964 19193 I art     : Explicit concurrent mark sweep GC freed 1371(200KB) AllocSpace objects, 7(476KB) LOS objects, 28% free, 40MB/56MB, paused 934us total 49.820ms
08-04 12:39:54.119 18964 21962 I RedditVideosAPI: For 'https://v.redd.it/75en73fm5id51/DASHPlaylist.mpd', got video stream 'https://v.redd.it/75en73fm5id51/DASH_480' and audio stream 'https://v.redd.it/75en73fm5id51/audio'
08-04 12:39:54.130 18964 21963 I NAPPA_EXPERIMENTATION: MetricNetworkRequestExecutionTime: REQUEST_DURATION_SYSTEM='1089',REQUEST_DURATION_OKHTTP='323',REQUEST_SYNCHRONOUS='TRUE',RESPONSE_CODE='200',RESPONSE_METHOD='GET',RESPONSE_LENGTH_OKHTTP='-1',RESPONSE_LENGTH_HEADER='377',REQUEST_PROTOCOL='h2',REQUEST_URL='https://api.imgur.com/3/image/nLQR2hT',
08-04 12:39:54.130 18964 21963 D OK      : request got status: 200
08-04 12:39:54.140 18964 21966 I RedditVideosAPI: For 'https://v.redd.it/psrknoobrgd51/DASHPlaylist.mpd', got video stream 'https://v.redd.it/psrknoobrgd51/DASH_480' and audio stream 'null'
08-04 12:39:54.142 18964 21968 I NAPPA_EXPERIMENTATION: MetricNetworkRequestExecutionTime: REQUEST_DURATION_SYSTEM='1077',REQUEST_DURATION_OKHTTP='320',REQUEST_SYNCHRONOUS='TRUE',RESPONSE_CODE='200',RESPONSE_METHOD='GET',RESPONSE_LENGTH_OKHTTP='3058',RESPONSE_LENGTH_HEADER='3058',REQUEST_PROTOCOL='h2',REQUEST_URL='https://v.redd.it/t81s8zfz9ld51/DASHPlaylist.mpd',
08-04 12:39:54.142 18964 21968 D OK      : request got status: 200
08-04 12:39:54.145 18964 21969 I NAPPA_EXPERIMENTATION: MetricNetworkRequestExecutionTime: REQUEST_DURATION_SYSTEM='1071',REQUEST_DURATION_OKHTTP='235',REQUEST_SYNCHRONOUS='TRUE',RESPONSE_CODE='200',RESPONSE_METHOD='GET',RESPONSE_LENGTH_OKHTTP='2071',RESPONSE_LENGTH_HEADER='2071',REQUEST_PROTOCOL='h2',REQUEST_URL='https://v.redd.it/xd6c4yyutgd51/DASHPlaylist.mpd',
08-04 12:39:54.145 18964 21969 D OK      : request got status: 200
08-04 12:39:54.147 18964 21970 I NAPPA_EXPERIMENTATION: MetricNetworkRequestExecutionTime: REQUEST_DURATION_SYSTEM='1065',REQUEST_DURATION_OKHTTP='221',REQUEST_SYNCHRONOUS='TRUE',RESPONSE_CODE='200',RESPONSE_METHOD='GET',RESPONSE_LENGTH_OKHTTP='2344',RESPONSE_LENGTH_HEADER='2344',REQUEST_PROTOCOL='h2',REQUEST_URL='https://v.redd.it/ue0jdgk9zhd51/DASHPlaylist.mpd',
08-04 12:39:54.147 18964 21970 D OK      : request got status: 200
08-04 12:39:54.159 18964 21965 I RedditVideosAPI: For 'https://v.redd.it/ggz4fyth6hd51/DASHPlaylist.mpd', got video stream 'https://v.redd.it/ggz4fyth6hd51/DASH_360' and audio stream 'null'
08-04 12:39:54.190 18964 21968 I RedditVideosAPI: For 'https://v.redd.it/t81s8zfz9ld51/DASHPlaylist.mpd', got video stream 'https://v.redd.it/t81s8zfz9ld51/DASH_480' and audio stream 'https://v.redd.it/t81s8zfz9ld51/audio'
08-04 12:39:54.205 18964 21970 I RedditVideosAPI: For 'https://v.redd.it/ue0jdgk9zhd51/DASHPlaylist.mpd', got video stream 'https://v.redd.it/ue0jdgk9zhd51/DASH_360' and audio stream 'https://v.redd.it/ue0jdgk9zhd51/audio'
08-04 12:39:54.212 18964 21969 I RedditVideosAPI: For 'https://v.redd.it/xd6c4yyutgd51/DASHPlaylist.mpd', got video stream 'https://v.redd.it/xd6c4yyutgd51/DASH_480' and audio stream 'null'
08-04 12:39:54.455 18964 18981 I art     : Starting a blocking GC Explicit
08-04 12:39:54.523 18964 18981 I art     : Explicit concurrent mark sweep GC freed 5142(652KB) AllocSpace objects, 23(1516KB) LOS objects, 28% free, 39MB/55MB, paused 652us total 67.671ms
08-04 12:39:54.546 18964 18981 I art     : Starting a blocking GC Explicit
08-04 12:39:54.600 18964 18981 I art     : Explicit concurrent mark sweep GC freed 296(10KB) AllocSpace objects, 0(0B) LOS objects, 28% free, 39MB/55MB, paused 602us total 53.418ms
08-04 12:39:54.620 18964 18981 I art     : Starting a blocking GC Explicit
08-04 12:39:54.681 18964 18981 I art     : Explicit concurrent mark sweep GC freed 3(96B) AllocSpace objects, 0(0B) LOS objects, 28% free, 39MB/55MB, paused 625us total 60.201ms
08-04 12:39:54.693 13866 13882 I PeriodicStatsRunner: PeriodicStatsRunner.call():175 call()
08-04 12:39:54.693 13866 13882 I PeriodicStatsRunner: PeriodicStatsRunner.call():179 No submit PeriodicStats since input started.
08-04 12:39:54.702 18964 18981 I art     : Starting a blocking GC Explicit
08-04 12:39:54.761 18964 18981 I art     : Explicit concurrent mark sweep GC freed 3(96B) AllocSpace objects, 0(0B) LOS objects, 28% free, 39MB/55MB, paused 601us total 58.081ms
08-04 12:39:54.781 18964 18981 I art     : Starting a blocking GC Explicit
08-04 12:39:54.831 18964 18981 I art     : Explicit concurrent mark sweep GC freed 3(96B) AllocSpace objects, 0(0B) LOS objects, 28% free, 39MB/55MB, paused 511us total 50.619ms
08-04 12:39:55.184 18964 20361 I art     : Starting a blocking GC Explicit
08-04 12:39:55.251 18964 20361 I art     : Explicit concurrent mark sweep GC freed 1361(83KB) AllocSpace objects, 1(20KB) LOS objects, 28% free, 39MB/55MB, paused 693us total 65.921ms
08-04 12:39:55.274 18964 20361 I art     : Starting a blocking GC Explicit
08-04 12:39:55.327 18964 20361 I art     : Explicit concurrent mark sweep GC freed 20(704B) AllocSpace objects, 0(0B) LOS objects, 28% free, 39MB/55MB, paused 600us total 52.723ms
08-04 12:39:55.346 18964 20361 I art     : Starting a blocking GC Explicit
08-04 12:39:55.364 22011 22011 D AndroidRuntime: >>>>>> START com.android.internal.os.RuntimeInit uid 2000 <<<<<<
08-04 12:39:55.370 22011 22011 D AndroidRuntime: CheckJNI is OFF
08-04 12:39:55.399 18964 20361 I art     : Explicit concurrent mark sweep GC freed 3(96B) AllocSpace objects, 0(0B) LOS objects, 28% free, 39MB/55MB, paused 590us total 53.033ms
08-04 12:39:55.418 18964 20361 I art     : Starting a blocking GC Explicit
08-04 12:39:55.419 22011 22011 D ICU     : No timezone override file found: /data/misc/zoneinfo/current/icu/icu_tzdata.dat
08-04 12:39:55.462 22011 22011 I Radio-JNI: register_android_hardware_Radio DONE
08-04 12:39:55.470 18964 20361 I art     : Explicit concurrent mark sweep GC freed 3(96B) AllocSpace objects, 0(0B) LOS objects, 28% free, 39MB/55MB, paused 606us total 51.653ms
08-04 12:39:55.470 18964 18974 I art     : WaitForGcToComplete blocked for 51.114ms for cause HeapTrim
08-04 12:39:55.489 18964 20361 I art     : Starting a blocking GC Explicit
08-04 12:39:55.493 22011 22011 D AndroidRuntime: Calling main entry com.android.commands.input.Input
08-04 12:39:55.495 22011 22011 I Input   : injectMotionEvent: MotionEvent { action=ACTION_DOWN, actionButton=0, id[0]=0, x[0]=1340.0, y[0]=1100.0, toolType[0]=TOOL_TYPE_UNKNOWN, buttonState=0, metaState=0, flags=0x0, edgeFlags=0x0, pointerCount=1, historySize=0, eventTime=708011908, downTime=708011908, deviceId=0, source=0x1002 }
08-04 12:39:55.503 22011 22011 I Input   : injectMotionEvent: MotionEvent { action=ACTION_UP, actionButton=0, id[0]=0, x[0]=1340.0, y[0]=1100.0, toolType[0]=TOOL_TYPE_UNKNOWN, buttonState=0, metaState=0, flags=0x0, edgeFlags=0x0, pointerCount=1, historySize=0, eventTime=708011908, downTime=708011908, deviceId=0, source=0x1002 }
08-04 12:39:55.506 22011 22011 D AndroidRuntime: Shutting down VM
08-04 12:39:55.524   512  2967 D audio_hw_primary: out_set_parameters: enter: usecase(1: low-latency-playback) kvpairs: routing=2
08-04 12:39:55.527   918  6111 I ActivityManager: START u0 {dat=https://oauth.reddit.com/... cmp=baseline.org.quantumbadger.redreader/.activities.CommentListingActivity} from uid 10666 on display 0
08-04 12:39:55.537   512  2967 D audio_hw_primary: select_devices: out_snd_device(2: speaker) in_snd_device(0: none)
08-04 12:39:55.537   512  2967 D msm8974_platform: platform_send_audio_calibration: sending audio calibration for snd_device(2) acdb_id(15)
08-04 12:39:55.537   512  2967 I soundtrigger: audio_extn_sound_trigger_update_device_status: device 0x2 of type 0 for Event 1
08-04 12:39:55.540 18964 20361 I art     : Explicit concurrent mark sweep GC freed 189(6KB) AllocSpace objects, 0(0B) LOS objects, 28% free, 39MB/55MB, paused 1.592ms total 50.309ms
08-04 12:39:55.553   512  2967 D audio_hw_primary: enable_snd_device: snd_device(2: speaker)
08-04 12:39:55.555 18964 18964 I AppCompatViewInflater: app:theme is now deprecated. Please move to using android:theme instead.
08-04 12:39:55.555   512  2967 D audio_hw_primary: enable_audio_route: apply and update mixer path: low-latency-playback speaker
08-04 12:39:55.576 18964 22036 D OK      : calling: https://oauth.reddit.com/comments/hzejrd/.json?sort=confidence
08-04 12:39:55.665 13866 13866 I GoogleInputMethodServic: GoogleInputMethodService.onFinishInput():3138 
08-04 12:39:55.665   918   936 I ActivityManager: Displayed baseline.org.quantumbadger.redreader/.activities.CommentListingActivity: +127ms
08-04 12:39:55.666 13866 13866 I GoogleInputMethodServic: GoogleInputMethodService.onStartInput():1808 
08-04 12:39:55.854 18964 19193 I art     : Starting a blocking GC Explicit
08-04 12:39:55.917 18964 19193 I art     : Explicit concurrent mark sweep GC freed 12674(1091KB) AllocSpace objects, 18(2MB) LOS objects, 30% free, 37MB/53MB, paused 694us total 62.937ms
08-04 12:39:55.918   380   380 W SurfaceFlinger: couldn't log to binary event log: overflow.
08-04 12:39:55.939 18964 19193 I art     : Starting a blocking GC Explicit
08-04 12:39:55.982 18964 19193 I art     : Explicit concurrent mark sweep GC freed 457(22KB) AllocSpace objects, 0(0B) LOS objects, 30% free, 37MB/53MB, paused 604us total 42.721ms
08-04 12:39:55.991 18964 22036 I NAPPA_EXPERIMENTATION: MetricNetworkRequestExecutionTime: REQUEST_DURATION_SYSTEM='415',REQUEST_DURATION_OKHTTP='149',REQUEST_SYNCHRONOUS='TRUE',RESPONSE_CODE='200',RESPONSE_METHOD='GET',RESPONSE_LENGTH_OKHTTP='-1',RESPONSE_LENGTH_HEADER='45890',REQUEST_PROTOCOL='h2',REQUEST_URL='https://oauth.reddit.com/comments/hzejrd/.json?sort=confidence',
08-04 12:39:55.991 18964 22036 D OK      : request got status: 200
08-04 12:39:55.997 18964 21921 I CommentListingActivity: COMMENTS session changed to 64525a66-e3f9-43a7-a0cd-a71430be2eef
08-04 12:39:56.000 18964 19193 I art     : Starting a blocking GC Explicit
08-04 12:39:56.050 18964 19193 I art     : Explicit concurrent mark sweep GC freed 2127(152KB) AllocSpace objects, 0(0B) LOS objects, 29% free, 37MB/53MB, paused 1.192ms total 49.947ms
08-04 12:39:56.068 18964 19193 I art     : Starting a blocking GC Explicit
08-04 12:39:56.098   512  2967 D audio_hw_primary: disable_audio_route: reset and update mixer path: low-latency-playback speaker
08-04 12:39:56.099   512  2967 D audio_hw_primary: disable_snd_device: snd_device(2: speaker)
08-04 12:39:56.108   512  2967 I soundtrigger: audio_extn_sound_trigger_update_device_status: device 0x2 of type 0 for Event 0
08-04 12:39:56.124 18964 19193 I art     : Explicit concurrent mark sweep GC freed 6962(347KB) AllocSpace objects, 0(0B) LOS objects, 29% free, 38MB/54MB, paused 967us total 55.817ms
08-04 12:39:56.143 18964 19193 I art     : Starting a blocking GC Explicit
08-04 12:39:56.201 18964 19193 I art     : Explicit concurrent mark sweep GC freed 9885(551KB) AllocSpace objects, 0(0B) LOS objects, 29% free, 39MB/55MB, paused 1.064ms total 57.499ms
08-04 12:39:56.532 18964 18992 I art     : Starting a blocking GC Explicit
08-04 12:39:56.595 18964 18992 I art     : Explicit concurrent mark sweep GC freed 23558(1202KB) AllocSpace objects, 3(156KB) LOS objects, 29% free, 39MB/55MB, paused 476us total 62.729ms
08-04 12:39:56.617 18964 18992 I art     : Starting a blocking GC Explicit
08-04 12:39:56.672 18964 18992 I art     : Explicit concurrent mark sweep GC freed 992(47KB) AllocSpace objects, 0(0B) LOS objects, 29% free, 39MB/55MB, paused 486us total 55.239ms
08-04 12:39:56.693 18964 18992 I art     : Starting a blocking GC Explicit
08-04 12:39:56.752 18964 18992 I art     : Explicit concurrent mark sweep GC freed 3(96B) AllocSpace objects, 0(0B) LOS objects, 29% free, 39MB/55MB, paused 518us total 58.774ms
08-04 12:39:56.772 18964 18992 I art     : Starting a blocking GC Explicit
08-04 12:39:56.831 18964 18992 I art     : Explicit concurrent mark sweep GC freed 3(96B) AllocSpace objects, 0(0B) LOS objects, 29% free, 39MB/55MB, paused 513us total 57.949ms
08-04 12:39:56.851 18964 18992 I art     : Starting a blocking GC Explicit
08-04 12:39:56.910 18964 18992 I art     : Explicit concurrent mark sweep GC freed 3(96B) AllocSpace objects, 0(0B) LOS objects, 29% free, 39MB/55MB, paused 532us total 59.108ms
08-04 12:39:57.252 18964 20361 I art     : Starting a blocking GC Explicit
08-04 12:39:57.336 18964 20361 I art     : Explicit concurrent mark sweep GC freed 1404(84KB) AllocSpace objects, 1(20KB) LOS objects, 29% free, 39MB/55MB, paused 634us total 83.522ms
08-04 12:39:57.360 18964 20361 I art     : Starting a blocking GC Explicit
08-04 12:39:57.430 18964 20361 I art     : Explicit concurrent mark sweep GC freed 20(704B) AllocSpace objects, 0(0B) LOS objects, 29% free, 39MB/55MB, paused 540us total 68.877ms
08-04 12:39:57.451 18964 20361 I art     : Starting a blocking GC Explicit
08-04 12:39:57.523 18964 20361 I art     : Explicit concurrent mark sweep GC freed 3(96B) AllocSpace objects, 0(0B) LOS objects, 29% free, 39MB/55MB, paused 579us total 72.112ms
08-04 12:39:57.546 18964 20361 I art     : Starting a blocking GC Explicit
08-04 12:39:57.617 18964 20361 I art     : Explicit concurrent mark sweep GC freed 3(96B) AllocSpace objects, 0(0B) LOS objects, 29% free, 39MB/55MB, paused 500us total 70.201ms
08-04 12:39:57.638 18964 20361 I art     : Starting a blocking GC Explicit
08-04 12:39:57.712 18964 20361 I art     : Explicit concurrent mark sweep GC freed 3(96B) AllocSpace objects, 0(0B) LOS objects, 29% free, 39MB/55MB, paused 611us total 74.028ms
08-04 12:39:58.071 18964 18981 I art     : Starting a blocking GC Explicit
08-04 12:39:58.146 18964 18981 I art     : Explicit concurrent mark sweep GC freed 1356(82KB) AllocSpace objects, 1(20KB) LOS objects, 29% free, 39MB/55MB, paused 570us total 74.078ms
08-04 12:39:58.170 18964 18981 I art     : Starting a blocking GC Explicit
08-04 12:39:58.240 18964 18981 I art     : Explicit concurrent mark sweep GC freed 20(704B) AllocSpace objects, 0(0B) LOS objects, 29% free, 39MB/55MB, paused 575us total 69.735ms
08-04 12:39:58.261 18964 18981 I art     : Starting a blocking GC Explicit
08-04 12:39:58.330 18964 18981 I art     : Explicit concurrent mark sweep GC freed 3(96B) AllocSpace objects, 0(0B) LOS objects, 29% free, 39MB/55MB, paused 573us total 68.173ms
08-04 12:39:58.351 18964 18981 I art     : Starting a blocking GC Explicit
08-04 12:39:58.426 18964 18981 I art     : Explicit concurrent mark sweep GC freed 3(96B) AllocSpace objects, 0(0B) LOS objects, 29% free, 39MB/55MB, paused 570us total 74.998ms
08-04 12:39:58.450 18964 18981 I art     : Starting a blocking GC Explicit
08-04 12:39:58.520 18964 18981 I art     : Explicit concurrent mark sweep GC freed 3(96B) AllocSpace objects, 0(0B) LOS objects, 29% free, 39MB/55MB, paused 524us total 70.008ms
08-04 12:39:58.909 18964 18980 I art     : Starting a blocking GC Explicit
08-04 12:39:58.993 18964 18980 I art     : Explicit concurrent mark sweep GC freed 1354(82KB) AllocSpace objects, 1(20KB) LOS objects, 29% free, 39MB/55MB, paused 616us total 83.679ms
08-04 12:39:59.017 18964 18980 I art     : Starting a blocking GC Explicit
08-04 12:39:59.084 18964 18980 I art     : Explicit concurrent mark sweep GC freed 20(704B) AllocSpace objects, 0(0B) LOS objects, 29% free, 39MB/55MB, paused 594us total 66.855ms
08-04 12:39:59.105 18964 18980 I art     : Starting a blocking GC Explicit
08-04 12:39:59.178 18964 18980 I art     : Explicit concurrent mark sweep GC freed 3(96B) AllocSpace objects, 0(0B) LOS objects, 29% free, 39MB/55MB, paused 800us total 72.757ms
08-04 12:39:59.201 18964 18980 I art     : Starting a blocking GC Explicit
08-04 12:39:59.271 18964 18980 I art     : Explicit concurrent mark sweep GC freed 3(96B) AllocSpace objects, 0(0B) LOS objects, 29% free, 39MB/55MB, paused 586us total 69.785ms
08-04 12:39:59.292 18964 18980 I art     : Starting a blocking GC Explicit
08-04 12:39:59.363 18964 18980 I art     : Explicit concurrent mark sweep GC freed 3(96B) AllocSpace objects, 0(0B) LOS objects, 29% free, 39MB/55MB, paused 576us total 69.882ms
08-04 12:39:59.730 18964 19193 I art     : Starting a blocking GC Explicit
08-04 12:39:59.813 18964 19193 I art     : Explicit concurrent mark sweep GC freed 1354(82KB) AllocSpace objects, 1(20KB) LOS objects, 29% free, 39MB/55MB, paused 615us total 81.995ms
08-04 12:39:59.836 18964 19193 I art     : Starting a blocking GC Explicit
08-04 12:39:59.907 18964 19193 I art     : Explicit concurrent mark sweep GC freed 20(704B) AllocSpace objects, 0(0B) LOS objects, 29% free, 39MB/55MB, paused 530us total 70.421ms
08-04 12:39:59.928 18964 19193 I art     : Starting a blocking GC Explicit
08-04 12:39:59.998 18964 19193 I art     : Explicit concurrent mark sweep GC freed 3(96B) AllocSpace objects, 0(0B) LOS objects, 29% free, 39MB/55MB, paused 607us total 69.900ms
08-04 12:40:00.018 18964 19193 I art     : Starting a blocking GC Explicit
08-04 12:40:00.078 18964 19193 I art     : Explicit concurrent mark sweep GC freed 3(96B) AllocSpace objects, 0(0B) LOS objects, 29% free, 39MB/55MB, paused 507us total 59.495ms
08-04 12:40:00.099 18964 19193 I art     : Starting a blocking GC Explicit
08-04 12:40:00.166 18964 19193 I art     : Explicit concurrent mark sweep GC freed 3(96B) AllocSpace objects, 0(0B) LOS objects, 29% free, 39MB/55MB, paused 546us total 66.769ms
08-04 12:40:00.532 18964 18992 I art     : Starting a blocking GC Explicit
08-04 12:40:00.546 18964 22035 I RedditChangeDataIO: Writing tmp data file at '/data/user/0/baseline.org.quantumbadger.redreader/files/rr_change_data_tmp.dat'
08-04 12:40:00.547 18964 22035 I RedditChangeDataManager: Taking snapshot...
08-04 12:40:00.547 18964 22035 I RedditChangeDataManager: Writing to stream...
08-04 12:40:00.547 18964 22035 I RedditChangeDataManager: Wrote 6 entries for user ''
08-04 12:40:00.547 18964 22035 I RedditChangeDataManager: All entries written to stream.
08-04 12:40:00.548 18964 22035 I RedditChangeDataIO: Write successful. Atomically replacing data file...
08-04 12:40:00.548 18964 22035 I RedditChangeDataIO: Write complete.
08-04 12:40:00.548 18964 22035 I RedditChangeDataIO: 158 bytes written in 2 ms
08-04 12:40:00.598 18964 18992 I art     : Explicit concurrent mark sweep GC freed 1434(87KB) AllocSpace objects, 2(88KB) LOS objects, 29% free, 39MB/55MB, paused 575us total 65.799ms
08-04 12:40:00.599 18964 18974 I art     : WaitForGcToComplete blocked for 57.977ms for cause HeapTrim
08-04 12:40:00.619 18964 18992 I art     : Starting a blocking GC Explicit
08-04 12:40:00.666 13866 13882 I PeriodicStatsRunner: PeriodicStatsRunner.call():175 call()
08-04 12:40:00.666 13866 13882 I PeriodicStatsRunner: PeriodicStatsRunner.call():179 No submit PeriodicStats since input started.
08-04 12:40:00.686 18964 18992 I art     : Explicit concurrent mark sweep GC freed 30(1232B) AllocSpace objects, 0(0B) LOS objects, 29% free, 39MB/55MB, paused 595us total 67.012ms
08-04 12:40:00.711 18964 18992 I art     : Starting a blocking GC Explicit
08-04 12:40:00.779 18964 18992 I art     : Explicit concurrent mark sweep GC freed 3(96B) AllocSpace objects, 0(0B) LOS objects, 29% free, 39MB/55MB, paused 532us total 67.997ms
08-04 12:40:00.800 18964 18992 I art     : Starting a blocking GC Explicit
08-04 12:40:00.875 18964 18992 I art     : Explicit concurrent mark sweep GC freed 3(96B) AllocSpace objects, 0(0B) LOS objects, 29% free, 39MB/55MB, paused 621us total 74.715ms
08-04 12:40:00.898 18964 18992 I art     : Starting a blocking GC Explicit
08-04 12:40:00.968 18964 18992 I art     : Explicit concurrent mark sweep GC freed 3(96B) AllocSpace objects, 0(0B) LOS objects, 29% free, 39MB/55MB, paused 593us total 69.102ms
08-04 12:40:01.347 18964 20361 I art     : Starting a blocking GC Explicit
08-04 12:40:01.433 18964 20361 I art     : Explicit concurrent mark sweep GC freed 1593(119KB) AllocSpace objects, 1(20KB) LOS objects, 29% free, 39MB/55MB, paused 561us total 85.848ms
08-04 12:40:01.458 18964 20361 I art     : Starting a blocking GC Explicit
08-04 12:40:01.532 18964 20361 I art     : Explicit concurrent mark sweep GC freed 85(2880B) AllocSpace objects, 0(0B) LOS objects, 29% free, 39MB/55MB, paused 509us total 73.856ms
08-04 12:40:01.555 18964 20361 I art     : Starting a blocking GC Explicit
08-04 12:40:01.626 18964 20361 I art     : Explicit concurrent mark sweep GC freed 3(96B) AllocSpace objects, 0(0B) LOS objects, 29% free, 39MB/55MB, paused 529us total 70.256ms
08-04 12:40:01.650 18964 20361 I art     : Starting a blocking GC Explicit
08-04 12:40:01.657   518   646 I ThermalEngine: ACTION: GPU - Setting GPU[0] to 510000000
08-04 12:40:01.713 18964 20361 I art     : Explicit concurrent mark sweep GC freed 3(96B) AllocSpace objects, 0(0B) LOS objects, 29% free, 39MB/55MB, paused 405us total 62.918ms
08-04 12:40:01.730 18964 20361 I art     : Starting a blocking GC Explicit
08-04 12:40:01.777 18964 20361 I art     : Explicit concurrent mark sweep GC freed 3(96B) AllocSpace objects, 0(0B) LOS objects, 29% free, 39MB/55MB, paused 501us total 47.549ms
08-04 12:40:02.098 18964 18981 I art     : Starting a blocking GC Explicit
08-04 12:40:02.155 18964 18981 I art     : Explicit concurrent mark sweep GC freed 1356(82KB) AllocSpace objects, 1(20KB) LOS objects, 29% free, 39MB/55MB, paused 377us total 57.597ms
08-04 12:40:02.171 18964 18981 I art     : Starting a blocking GC Explicit
08-04 12:40:02.183 22119 22119 D AndroidRuntime: >>>>>> START com.android.internal.os.RuntimeInit uid 2000 <<<<<<
08-04 12:40:02.188 22119 22119 D AndroidRuntime: CheckJNI is OFF
08-04 12:40:02.217 18964 18981 I art     : Explicit concurrent mark sweep GC freed 20(704B) AllocSpace objects, 0(0B) LOS objects, 29% free, 39MB/55MB, paused 429us total 45.186ms
08-04 12:40:02.221 22119 22119 D ICU     : No timezone override file found: /data/misc/zoneinfo/current/icu/icu_tzdata.dat
08-04 12:40:02.232 18964 18981 I art     : Starting a blocking GC Explicit
08-04 12:40:02.257 22119 22119 I Radio-JNI: register_android_hardware_Radio DONE
08-04 12:40:02.278 22119 22119 D AndroidRuntime: Calling main entry com.android.commands.input.Input
08-04 12:40:02.280 22119 22119 I Input   : injectKeyEvent: KeyEvent { action=ACTION_DOWN, keyCode=KEYCODE_BACK, scanCode=0, metaState=0, flags=0x0, repeatCount=0, eventTime=708018693, downTime=708018693, deviceId=-1, source=0x101 }
08-04 12:40:02.280 18964 18981 I art     : Explicit concurrent mark sweep GC freed 3(96B) AllocSpace objects, 0(0B) LOS objects, 29% free, 39MB/55MB, paused 453us total 47.507ms
08-04 12:40:02.287 22119 22119 I Input   : injectKeyEvent: KeyEvent { action=ACTION_UP, keyCode=KEYCODE_BACK, scanCode=0, metaState=0, flags=0x0, repeatCount=0, eventTime=708018693, downTime=708018693, deviceId=-1, source=0x101 }
08-04 12:40:02.292 22119 22119 D AndroidRuntime: Shutting down VM
08-04 12:40:02.296 18964 18981 I art     : Starting a blocking GC Explicit
08-04 12:40:02.336 13866 13866 I GoogleInputMethodServic: GoogleInputMethodService.onFinishInput():3138 
08-04 12:40:02.337 13866 13866 I GoogleInputMethodServic: GoogleInputMethodService.onStartInput():1808 
08-04 12:40:02.339 18964 18981 I art     : Explicit concurrent mark sweep GC freed 146(5KB) AllocSpace objects, 0(0B) LOS objects, 29% free, 39MB/55MB, paused 348us total 43.568ms
08-04 12:40:02.354 18964 18981 I art     : Starting a blocking GC Explicit
08-04 12:40:02.400 18964 18981 I art     : Explicit concurrent mark sweep GC freed 115(3KB) AllocSpace objects, 0(0B) LOS objects, 29% free, 39MB/55MB, paused 342us total 45.901ms
08-04 12:40:02.641   380   380 W SurfaceFlinger: couldn't log to binary event log: overflow.
08-04 12:40:02.681 18964 19193 I art     : Starting a blocking GC Explicit
08-04 12:40:02.733 18964 19193 I art     : Explicit concurrent mark sweep GC freed 1431(85KB) AllocSpace objects, 1(20KB) LOS objects, 29% free, 39MB/55MB, paused 435us total 51.647ms
08-04 12:40:02.749 18964 19193 I art     : Starting a blocking GC Explicit
08-04 12:40:02.790 18964 19193 I art     : Explicit concurrent mark sweep GC freed 41343(2MB) AllocSpace objects, 5(140KB) LOS objects, 30% free, 36MB/52MB, paused 423us total 41.193ms
08-04 12:40:02.805 18964 19193 I art     : Starting a blocking GC Explicit
08-04 12:40:02.844 18964 19193 I art     : Explicit concurrent mark sweep GC freed 3(96B) AllocSpace objects, 0(0B) LOS objects, 30% free, 36MB/52MB, paused 374us total 38.625ms
08-04 12:40:02.858 18964 19193 I art     : Starting a blocking GC Explicit
08-04 12:40:02.897 18964 19193 I art     : Explicit concurrent mark sweep GC freed 3(96B) AllocSpace objects, 0(0B) LOS objects, 30% free, 36MB/52MB, paused 366us total 38.495ms
08-04 12:40:02.911 18964 19193 I art     : Starting a blocking GC Explicit
08-04 12:40:02.951 18964 19193 I art     : Explicit concurrent mark sweep GC freed 3(96B) AllocSpace objects, 0(0B) LOS objects, 30% free, 36MB/52MB, paused 385us total 39.650ms
08-04 12:40:03.262 18964 18980 I art     : Starting a blocking GC Explicit
08-04 12:40:03.311 18964 18980 I art     : Explicit concurrent mark sweep GC freed 1354(82KB) AllocSpace objects, 1(20KB) LOS objects, 30% free, 36MB/52MB, paused 426us total 48.931ms
08-04 12:40:03.327 18964 18980 I art     : Starting a blocking GC Explicit
08-04 12:40:03.366 18964 18980 I art     : Explicit concurrent mark sweep GC freed 20(704B) AllocSpace objects, 0(0B) LOS objects, 30% free, 36MB/52MB, paused 382us total 39.012ms
08-04 12:40:03.380 18964 18980 I art     : Starting a blocking GC Explicit
08-04 12:40:03.419 18964 18980 I art     : Explicit concurrent mark sweep GC freed 3(96B) AllocSpace objects, 0(0B) LOS objects, 30% free, 36MB/52MB, paused 382us total 38.283ms
08-04 12:40:03.433 18964 18980 I art     : Starting a blocking GC Explicit
08-04 12:40:03.473 18964 18980 I art     : Explicit concurrent mark sweep GC freed 3(96B) AllocSpace objects, 0(0B) LOS objects, 30% free, 36MB/52MB, paused 389us total 39.272ms
08-04 12:40:03.488 18964 18980 I art     : Starting a blocking GC Explicit
08-04 12:40:03.526 18964 18980 I art     : Explicit concurrent mark sweep GC freed 3(96B) AllocSpace objects, 0(0B) LOS objects, 30% free, 36MB/52MB, paused 341us total 38.336ms
08-04 12:40:03.824 18964 18981 I art     : Starting a blocking GC Explicit
08-04 12:40:03.866 18964 18981 I art     : Explicit concurrent mark sweep GC freed 1354(82KB) AllocSpace objects, 1(20KB) LOS objects, 30% free, 36MB/52MB, paused 368us total 41.415ms
08-04 12:40:03.881 18964 18981 I art     : Starting a blocking GC Explicit
08-04 12:40:03.918 18964 18981 I art     : Explicit concurrent mark sweep GC freed 20(704B) AllocSpace objects, 0(0B) LOS objects, 30% free, 36MB/52MB, paused 392us total 36.395ms
08-04 12:40:03.932 18964 18981 I art     : Starting a blocking GC Explicit
08-04 12:40:03.961 22162 22162 D AndroidRuntime: >>>>>> START com.android.internal.os.RuntimeInit uid 2000 <<<<<<
08-04 12:40:03.965 22162 22162 D AndroidRuntime: CheckJNI is OFF
08-04 12:40:03.970 18964 18981 I art     : Explicit concurrent mark sweep GC freed 3(96B) AllocSpace objects, 0(0B) LOS objects, 30% free, 36MB/52MB, paused 428us total 38.116ms
08-04 12:40:03.984 18964 18981 I art     : Starting a blocking GC Explicit
08-04 12:40:04.000 22162 22162 D ICU     : No timezone override file found: /data/misc/zoneinfo/current/icu/icu_tzdata.dat
08-04 12:40:04.021 18964 18981 I art     : Explicit concurrent mark sweep GC freed 3(96B) AllocSpace objects, 0(0B) LOS objects, 30% free, 36MB/52MB, paused 373us total 36.433ms
08-04 12:40:04.035 18964 18981 I art     : Starting a blocking GC Explicit
08-04 12:40:04.036 22162 22162 I Radio-JNI: register_android_hardware_Radio DONE
08-04 12:40:04.058 22162 22162 D AndroidRuntime: Calling main entry com.android.commands.input.Input
08-04 12:40:04.060 22162 22162 I Input   : injectMotionEvent: MotionEvent { action=ACTION_DOWN, actionButton=0, id[0]=0, x[0]=600.0, y[0]=938.0, toolType[0]=TOOL_TYPE_UNKNOWN, buttonState=0, metaState=0, flags=0x0, edgeFlags=0x0, pointerCount=1, historySize=0, eventTime=708020472, downTime=708020472, deviceId=0, source=0x1002 }
08-04 12:40:04.066 22162 22162 I Input   : injectMotionEvent: MotionEvent { action=ACTION_UP, actionButton=0, id[0]=0, x[0]=600.0, y[0]=938.0, toolType[0]=TOOL_TYPE_UNKNOWN, buttonState=0, metaState=0, flags=0x0, edgeFlags=0x0, pointerCount=1, historySize=0, eventTime=708020472, downTime=708020472, deviceId=0, source=0x1002 }
08-04 12:40:04.068 22162 22162 D AndroidRuntime: Shutting down VM
08-04 12:40:04.071 18964 18981 I art     : Explicit concurrent mark sweep GC freed 5(160B) AllocSpace objects, 0(0B) LOS objects, 30% free, 36MB/52MB, paused 375us total 35.861ms
08-04 12:40:04.080   918  5481 I ActivityManager: START u0 {dat=https://gfycat.com/... cmp=baseline.org.quantumbadger.redreader/.activities.ImageViewActivity (has extras)} from uid 10666 on display 0
08-04 12:40:04.080   512  2967 D audio_hw_primary: out_set_parameters: enter: usecase(1: low-latency-playback) kvpairs: routing=2
08-04 12:40:04.094   512  2967 D audio_hw_primary: select_devices: out_snd_device(2: speaker) in_snd_device(0: none)
08-04 12:40:04.094   512  2967 D msm8974_platform: platform_send_audio_calibration: sending audio calibration for snd_device(2) acdb_id(15)
08-04 12:40:04.095   512  2967 I soundtrigger: audio_extn_sound_trigger_update_device_status: device 0x2 of type 0 for Event 1
08-04 12:40:04.099 18964 18964 I ImageViewActivity: Loading URL https://gfycat.com/deadlygravecavy
08-04 12:40:04.105   512  2967 D audio_hw_primary: enable_snd_device: snd_device(2: speaker)
08-04 12:40:04.107   512  2967 D audio_hw_primary: enable_audio_route: apply and update mixer path: low-latency-playback speaker
08-04 12:40:04.108 18964 21921 I ImageViewActivity: Got image URL: https://giant.gfycat.com/DeadlyGraveCavy.mp4
08-04 12:40:04.108 18964 21921 I ImageViewActivity: Got image Type: video/mp4
08-04 12:40:04.108 18964 21921 I ImageViewActivity: Got media Type: VIDEO
08-04 12:40:04.108 18964 21921 I ImageViewActivity: Media type VIDEO detected
08-04 12:40:04.108 18964 21921 I ImageViewActivity: Proceeding with download
08-04 12:40:04.113 18964 22187 D OK      : calling: https://giant.gfycat.com/DeadlyGraveCavy.mp4
08-04 12:40:04.147 13866 13866 I GoogleInputMethodServic: GoogleInputMethodService.onFinishInput():3138 
08-04 12:40:04.148 13866 13866 I GoogleInputMethodServic: GoogleInputMethodService.onStartInput():1808 
08-04 12:40:04.174   918   936 I ActivityManager: Displayed baseline.org.quantumbadger.redreader/.activities.ImageViewActivity: +85ms
08-04 12:40:04.362 18964 18981 I art     : Starting a blocking GC Explicit
08-04 12:40:04.418 18964 18981 I art     : Explicit concurrent mark sweep GC freed 5766(346KB) AllocSpace objects, 1(20KB) LOS objects, 30% free, 36MB/52MB, paused 556us total 55.128ms
08-04 12:40:04.427   380   380 W SurfaceFlinger: couldn't log to binary event log: overflow.
08-04 12:40:04.437 18964 18981 I art     : Starting a blocking GC Explicit
08-04 12:40:04.472 18964 18981 I art     : Explicit concurrent mark sweep GC freed 251(10KB) AllocSpace objects, 0(0B) LOS objects, 30% free, 36MB/52MB, paused 403us total 34.414ms
08-04 12:40:04.485 18964 18981 I art     : Starting a blocking GC Explicit
08-04 12:40:04.495 18964 22187 I NAPPA_EXPERIMENTATION: MetricNetworkRequestExecutionTime: REQUEST_DURATION_SYSTEM='382',REQUEST_DURATION_OKHTTP='149',REQUEST_SYNCHRONOUS='TRUE',RESPONSE_CODE='200',RESPONSE_METHOD='GET',RESPONSE_LENGTH_OKHTTP='1942309',RESPONSE_LENGTH_HEADER='1942309',REQUEST_PROTOCOL='h2',REQUEST_URL='https://giant.gfycat.com/DeadlyGraveCavy.mp4',
08-04 12:40:04.495 18964 22187 D OK      : request got status: 200
08-04 12:40:04.519 18964 18981 I art     : Explicit concurrent mark sweep GC freed 229(17KB) AllocSpace objects, 0(0B) LOS objects, 30% free, 37MB/53MB, paused 386us total 33.208ms
08-04 12:40:04.534 18964 18981 I art     : Starting a blocking GC Explicit
08-04 12:40:04.576 18964 18981 I art     : Explicit concurrent mark sweep GC freed 203(9KB) AllocSpace objects, 0(0B) LOS objects, 30% free, 37MB/53MB, paused 2.160ms total 42.065ms
08-04 12:40:04.590 18964 18981 I art     : Starting a blocking GC Explicit
08-04 12:40:04.623 18964 18981 I art     : Explicit concurrent mark sweep GC freed 301(18KB) AllocSpace objects, 0(0B) LOS objects, 29% free, 37MB/53MB, paused 440us total 32.683ms
08-04 12:40:04.650   512  2967 D audio_hw_primary: disable_audio_route: reset and update mixer path: low-latency-playback speaker
08-04 12:40:04.651   512  2967 D audio_hw_primary: disable_snd_device: snd_device(2: speaker)
08-04 12:40:04.658   512  2967 I soundtrigger: audio_extn_sound_trigger_update_device_status: device 0x2 of type 0 for Event 0
08-04 12:40:04.896 18964 18964 I ImageViewActivity: Playing video using ExoPlayer
08-04 12:40:04.930 18964 18992 I art     : Starting a blocking GC Explicit
08-04 12:40:04.943 18964 18964 I ExoPlayerImpl: Init b3f6989 [ExoPlayerLib/2.10.8] [angler, Nexus 6P, Huawei, 23]
08-04 12:40:04.977 18964 18992 I art     : Explicit concurrent mark sweep GC freed 4854(1568KB) AllocSpace objects, 3(156KB) LOS objects, 29% free, 37MB/53MB, paused 1.443ms total 45.993ms
08-04 12:40:04.991 18964 18992 I art     : Starting a blocking GC Explicit
08-04 12:40:05.030 18964 18992 I art     : Explicit concurrent mark sweep GC freed 2305(257KB) AllocSpace objects, 4(168KB) LOS objects, 29% free, 38MB/54MB, paused 543us total 39.081ms
08-04 12:40:05.044 18964 18992 I art     : Starting a blocking GC Explicit
08-04 12:40:05.065 18964 22211 W VideoCapabilities: Unrecognized profile 2130706433 for video/avc
08-04 12:40:05.081 18964 18992 I art     : Explicit concurrent mark sweep GC freed 2548(112KB) AllocSpace objects, 0(0B) LOS objects, 29% free, 38MB/54MB, paused 662us total 36.709ms
08-04 12:40:05.094 18964 18992 I art     : Starting a blocking GC Explicit
08-04 12:40:05.095 18964 22211 I VideoCapabilities: Unsupported profile 4 for video/mp4v-es
08-04 12:40:05.108 18964 22214 I OMXClient: Using client-side OMX mux.
08-04 12:40:05.133 18964 18992 I art     : Explicit concurrent mark sweep GC freed 2889(119KB) AllocSpace objects, 0(0B) LOS objects, 29% free, 39MB/55MB, paused 612us total 38.512ms
08-04 12:40:05.147 18964 18992 I art     : Starting a blocking GC Explicit
08-04 12:40:05.183 18964 18992 I art     : Explicit concurrent mark sweep GC freed 44(4KB) AllocSpace objects, 0(0B) LOS objects, 28% free, 39MB/55MB, paused 404us total 35.507ms
08-04 12:40:05.183   512  3270 I OMX-VDEC-1080P: component_init: OMX.qcom.video.decoder.avc : fd=49
08-04 12:40:05.183   512  3270 I OMX-VDEC-1080P: Capabilities: driver_name = msm_vidc_driver, card = msm_vdec_8974, bus_info = , version = 1, capabilities = 4003000
08-04 12:40:05.188   512  3270 I OMX-VDEC-1080P: Enabling default extradata for OMX.qcom.video.decoder.avc
08-04 12:40:05.191   512  3270 I OMX-VDEC-1080P: omx_vdec::component_init() success : fd=49
08-04 12:40:05.194 18964 22213 I MediaCodec: [OMX.qcom.video.decoder.avc] setting surface generation to 19419137
08-04 12:40:05.196   512 12838 E OMX-VDEC-1080P: Extension: OMX.google.android.index.storeANWBufferInMetadata not implemented
08-04 12:40:05.222 18964 22214 D SurfaceUtils: set up nativeWindow 0x7f80575c10 for 360x306, color 0x7fa30c04, rotation 0, usage 0x42002900
08-04 12:40:05.253 18964 22214 D SurfaceUtils: set up nativeWindow 0x7f80575c10 for 368x320, color 0x7fa30c04, rotation 0, usage 0x42002900
08-04 12:40:05.500 18964 18980 I art     : Starting a blocking GC Explicit
08-04 12:40:05.541 18964 18980 I art     : Explicit concurrent mark sweep GC freed 1760(143KB) AllocSpace objects, 2(88KB) LOS objects, 28% free, 40MB/56MB, paused 421us total 40.493ms
08-04 12:40:05.555 18964 18980 I art     : Starting a blocking GC Explicit
08-04 12:40:05.594 18964 18980 I art     : Explicit concurrent mark sweep GC freed 44(1616B) AllocSpace objects, 0(0B) LOS objects, 28% free, 40MB/56MB, paused 426us total 38.526ms
08-04 12:40:05.608 18964 18980 I art     : Starting a blocking GC Explicit
08-04 12:40:05.647 18964 18980 I art     : Explicit concurrent mark sweep GC freed 18(656B) AllocSpace objects, 0(0B) LOS objects, 28% free, 40MB/56MB, paused 394us total 38.711ms
08-04 12:40:05.661 18964 18980 I art     : Starting a blocking GC Explicit
08-04 12:40:05.664   518   646 I ThermalEngine: ACTION: GPU - Setting GPU[0] to 450000000
08-04 12:40:05.714 18964 18980 I art     : Explicit concurrent mark sweep GC freed 19(720B) AllocSpace objects, 0(0B) LOS objects, 28% free, 40MB/56MB, paused 538us total 52.022ms
08-04 12:40:05.714 18964 18974 I art     : WaitForGcToComplete blocked for 27.011ms for cause HeapTrim
08-04 12:40:05.733 18964 18980 I art     : Starting a blocking GC Explicit
08-04 12:40:05.783 18964 18980 I art     : Explicit concurrent mark sweep GC freed 32(1200B) AllocSpace objects, 0(0B) LOS objects, 28% free, 40MB/56MB, paused 531us total 50.255ms
08-04 12:40:06.142 18964 20361 I art     : Starting a blocking GC Explicit
08-04 12:40:06.194 18964 20361 I art     : Explicit concurrent mark sweep GC freed 1486(87KB) AllocSpace objects, 1(20KB) LOS objects, 28% free, 40MB/56MB, paused 599us total 51.925ms
08-04 12:40:06.214 18964 20361 I art     : Starting a blocking GC Explicit
08-04 12:40:06.265 18964 20361 I art     : Explicit concurrent mark sweep GC freed 40(1440B) AllocSpace objects, 0(0B) LOS objects, 28% free, 40MB/56MB, paused 551us total 50.897ms
08-04 12:40:06.284 18964 20361 I art     : Starting a blocking GC Explicit
08-04 12:40:06.337 18964 20361 I art     : Explicit concurrent mark sweep GC freed 33(1184B) AllocSpace objects, 0(0B) LOS objects, 28% free, 40MB/56MB, paused 573us total 52.195ms
08-04 12:40:06.356 18964 20361 I art     : Starting a blocking GC Explicit
08-04 12:40:06.407 18964 20361 I art     : Explicit concurrent mark sweep GC freed 29(1120B) AllocSpace objects, 0(0B) LOS objects, 28% free, 40MB/56MB, paused 655us total 50.497ms
08-04 12:40:06.426 18964 20361 I art     : Starting a blocking GC Explicit
08-04 12:40:06.478 18964 20361 I art     : Explicit concurrent mark sweep GC freed 19(720B) AllocSpace objects, 0(0B) LOS objects, 28% free, 40MB/56MB, paused 640us total 51.865ms
08-04 12:40:06.845 18964 20361 I art     : Starting a blocking GC Explicit
08-04 12:40:06.899 18964 20361 I art     : Explicit concurrent mark sweep GC freed 1491(87KB) AllocSpace objects, 1(20KB) LOS objects, 28% free, 40MB/56MB, paused 550us total 53.380ms
08-04 12:40:06.918 18964 20361 I art     : Starting a blocking GC Explicit
08-04 12:40:06.970 18964 20361 I art     : Explicit concurrent mark sweep GC freed 48(1776B) AllocSpace objects, 0(0B) LOS objects, 28% free, 40MB/56MB, paused 546us total 51.567ms
08-04 12:40:06.989 18964 20361 I art     : Starting a blocking GC Explicit
08-04 12:40:07.041 18964 20361 I art     : Explicit concurrent mark sweep GC freed 25(928B) AllocSpace objects, 0(0B) LOS objects, 28% free, 40MB/56MB, paused 603us total 51.037ms
08-04 12:40:07.061 18964 20361 I art     : Starting a blocking GC Explicit
08-04 12:40:07.114 18964 20361 I art     : Explicit concurrent mark sweep GC freed 25(928B) AllocSpace objects, 0(0B) LOS objects, 28% free, 40MB/56MB, paused 544us total 53.046ms
08-04 12:40:07.134 18964 20361 I art     : Starting a blocking GC Explicit
08-04 12:40:07.185 18964 20361 I art     : Explicit concurrent mark sweep GC freed 25(928B) AllocSpace objects, 0(0B) LOS objects, 28% free, 40MB/56MB, paused 579us total 51.489ms
08-04 12:40:07.338 13866 13882 I PeriodicStatsRunner: PeriodicStatsRunner.call():175 call()
08-04 12:40:07.338 13866 13882 I PeriodicStatsRunner: PeriodicStatsRunner.call():179 No submit PeriodicStats since input started.
08-04 12:40:07.532 18964 18980 I art     : Starting a blocking GC Explicit
08-04 12:40:07.587 18964 18980 I art     : Explicit concurrent mark sweep GC freed 1494(88KB) AllocSpace objects, 1(20KB) LOS objects, 28% free, 40MB/56MB, paused 557us total 54.415ms
08-04 12:40:07.606 18964 18980 I art     : Starting a blocking GC Explicit
08-04 12:40:07.657 18964 18980 I art     : Explicit concurrent mark sweep GC freed 44(1552B) AllocSpace objects, 0(0B) LOS objects, 28% free, 40MB/56MB, paused 643us total 51.311ms
08-04 12:40:07.676 18964 18980 I art     : Starting a blocking GC Explicit
08-04 12:40:07.730 18964 18980 I art     : Explicit concurrent mark sweep GC freed 21(816B) AllocSpace objects, 0(0B) LOS objects, 28% free, 40MB/56MB, paused 547us total 53.196ms
08-04 12:40:07.749 18964 18980 I art     : Starting a blocking GC Explicit
08-04 12:40:07.801 18964 18980 I art     : Explicit concurrent mark sweep GC freed 30(1136B) AllocSpace objects, 0(0B) LOS objects, 28% free, 40MB/56MB, paused 573us total 51.359ms
08-04 12:40:07.821 18964 18980 I art     : Starting a blocking GC Explicit
08-04 12:40:07.874 18964 18980 I art     : Explicit concurrent mark sweep GC freed 27(1024B) AllocSpace objects, 0(0B) LOS objects, 28% free, 40MB/56MB, paused 569us total 53.157ms
08-04 12:40:08.260 18964 18992 I art     : Starting a blocking GC Explicit
08-04 12:40:08.313 18964 18992 I art     : Explicit concurrent mark sweep GC freed 1499(88KB) AllocSpace objects, 1(20KB) LOS objects, 28% free, 40MB/56MB, paused 578us total 53.559ms
08-04 12:40:08.332 18964 18992 I art     : Starting a blocking GC Explicit
08-04 12:40:08.384 18964 18992 I art     : Explicit concurrent mark sweep GC freed 48(1744B) AllocSpace objects, 0(0B) LOS objects, 28% free, 40MB/56MB, paused 539us total 51.251ms
08-04 12:40:08.403 18964 18992 I art     : Starting a blocking GC Explicit
08-04 12:40:08.454 18964 18992 I art     : Explicit concurrent mark sweep GC freed 25(928B) AllocSpace objects, 0(0B) LOS objects, 28% free, 40MB/56MB, paused 564us total 51.029ms
08-04 12:40:08.473 18964 18992 I art     : Starting a blocking GC Explicit
08-04 12:40:08.524 18964 18992 I art     : Explicit concurrent mark sweep GC freed 30(1104B) AllocSpace objects, 0(0B) LOS objects, 28% free, 40MB/56MB, paused 544us total 50.814ms
08-04 12:40:08.543 18964 18992 I art     : Starting a blocking GC Explicit
08-04 12:40:08.595 18964 18992 I art     : Explicit concurrent mark sweep GC freed 18(656B) AllocSpace objects, 0(0B) LOS objects, 28% free, 40MB/56MB, paused 574us total 51.705ms
08-04 12:40:08.961 18964 18992 I art     : Starting a blocking GC Explicit
08-04 12:40:09.016 18964 18992 I art     : Explicit concurrent mark sweep GC freed 1497(88KB) AllocSpace objects, 1(20KB) LOS objects, 28% free, 40MB/56MB, paused 519us total 55.009ms
08-04 12:40:09.035 18964 18992 I art     : Starting a blocking GC Explicit
08-04 12:40:09.087 18964 18992 I art     : Explicit concurrent mark sweep GC freed 42(1536B) AllocSpace objects, 0(0B) LOS objects, 28% free, 40MB/56MB, paused 537us total 51.261ms
08-04 12:40:09.091 18964 22186 I RedditChangeDataIO: Writing tmp data file at '/data/user/0/baseline.org.quantumbadger.redreader/files/rr_change_data_tmp.dat'
08-04 12:40:09.091 18964 22186 I RedditChangeDataManager: Taking snapshot...
08-04 12:40:09.091 18964 22186 I RedditChangeDataManager: Writing to stream...
08-04 12:40:09.091 18964 22186 I RedditChangeDataManager: Wrote 6 entries for user ''
08-04 12:40:09.092 18964 22186 I RedditChangeDataManager: All entries written to stream.
08-04 12:40:09.092 18964 22186 I RedditChangeDataIO: Write successful. Atomically replacing data file...
08-04 12:40:09.092 18964 22186 I RedditChangeDataIO: Write complete.
08-04 12:40:09.092 18964 22186 I RedditChangeDataIO: 158 bytes written in 2 ms
08-04 12:40:09.106 18964 18992 I art     : Starting a blocking GC Explicit
08-04 12:40:09.148 13866 13882 I PeriodicStatsRunner: PeriodicStatsRunner.call():175 call()
08-04 12:40:09.149 13866 13882 I PeriodicStatsRunner: PeriodicStatsRunner.call():179 No submit PeriodicStats since input started.
08-04 12:40:09.157 18964 18992 I art     : Explicit concurrent mark sweep GC freed 117(6KB) AllocSpace objects, 1(68KB) LOS objects, 28% free, 40MB/56MB, paused 533us total 50.875ms
08-04 12:40:09.176 18964 18992 I art     : Starting a blocking GC Explicit
08-04 12:40:09.229 18964 18992 I art     : Explicit concurrent mark sweep GC freed 29(1088B) AllocSpace objects, 0(0B) LOS objects, 28% free, 40MB/56MB, paused 554us total 52.717ms
08-04 12:40:09.248 18964 18992 I art     : Starting a blocking GC Explicit
08-04 12:40:09.299 18964 18992 I art     : Explicit concurrent mark sweep GC freed 29(1072B) AllocSpace objects, 0(0B) LOS objects, 28% free, 40MB/56MB, paused 521us total 50.958ms
08-04 12:40:09.679 18964 18980 I art     : Starting a blocking GC Explicit
08-04 12:40:09.732 18964 18980 I art     : Explicit concurrent mark sweep GC freed 1500(88KB) AllocSpace objects, 1(20KB) LOS objects, 28% free, 40MB/56MB, paused 506us total 53.349ms
08-04 12:40:09.751 18964 18980 I art     : Starting a blocking GC Explicit
08-04 12:40:09.802 18964 18980 I art     : Explicit concurrent mark sweep GC freed 46(1648B) AllocSpace objects, 0(0B) LOS objects, 28% free, 40MB/56MB, paused 515us total 49.879ms
08-04 12:40:09.820 18964 18980 I art     : Starting a blocking GC Explicit
08-04 12:40:09.873 18964 18980 I art     : Explicit concurrent mark sweep GC freed 46(2176B) AllocSpace objects, 0(0B) LOS objects, 28% free, 40MB/56MB, paused 542us total 51.890ms
08-04 12:40:09.892 18964 18980 I art     : Starting a blocking GC Explicit
08-04 12:40:09.942 18964 18980 I art     : Explicit concurrent mark sweep GC freed 194(31KB) AllocSpace objects, 0(0B) LOS objects, 28% free, 40MB/56MB, paused 495us total 49.990ms
08-04 12:40:09.961 18964 18980 I art     : Starting a blocking GC Explicit
08-04 12:40:10.011 18964 18980 I art     : Explicit concurrent mark sweep GC freed 91(3056B) AllocSpace objects, 0(0B) LOS objects, 28% free, 40MB/56MB, paused 523us total 50.425ms
08-04 12:40:10.376 18964 20361 I art     : Starting a blocking GC Explicit
08-04 12:40:10.430 18964 20361 I art     : Explicit concurrent mark sweep GC freed 1489(87KB) AllocSpace objects, 1(20KB) LOS objects, 28% free, 40MB/56MB, paused 521us total 53.097ms
08-04 12:40:10.450 18964 20361 I art     : Starting a blocking GC Explicit
08-04 12:40:10.499 18964 20361 I art     : Explicit concurrent mark sweep GC freed 42(1536B) AllocSpace objects, 0(0B) LOS objects, 28% free, 40MB/56MB, paused 489us total 49.332ms
08-04 12:40:10.519 18964 20361 I art     : Starting a blocking GC Explicit
08-04 12:40:10.568 18964 20361 I art     : Explicit concurrent mark sweep GC freed 25(928B) AllocSpace objects, 0(0B) LOS objects, 28% free, 40MB/56MB, paused 510us total 49.236ms
08-04 12:40:10.587 18964 20361 I art     : Starting a blocking GC Explicit
08-04 12:40:10.632 18964 20361 I art     : Explicit concurrent mark sweep GC freed 25(928B) AllocSpace objects, 0(0B) LOS objects, 28% free, 40MB/56MB, paused 507us total 44.776ms
08-04 12:40:10.651 18964 20361 I art     : Starting a blocking GC Explicit
08-04 12:40:10.673   518   646 I ThermalEngine: ACTION: GPU - Setting GPU[0] to 510000000
08-04 12:40:10.699 18964 20361 I art     : Explicit concurrent mark sweep GC freed 25(928B) AllocSpace objects, 0(0B) LOS objects, 28% free, 40MB/56MB, paused 527us total 47.619ms
08-04 12:40:10.803 22309 22309 D AndroidRuntime: >>>>>> START com.android.internal.os.RuntimeInit uid 2000 <<<<<<
08-04 12:40:10.808 22309 22309 D AndroidRuntime: CheckJNI is OFF
08-04 12:40:10.841 22309 22309 D ICU     : No timezone override file found: /data/misc/zoneinfo/current/icu/icu_tzdata.dat
08-04 12:40:10.873 22309 22309 I Radio-JNI: register_android_hardware_Radio DONE
08-04 12:40:10.894 22309 22309 D AndroidRuntime: Calling main entry com.android.commands.input.Input
08-04 12:40:10.896 22309 22309 I Input   : injectKeyEvent: KeyEvent { action=ACTION_DOWN, keyCode=KEYCODE_BACK, scanCode=0, metaState=0, flags=0x0, repeatCount=0, eventTime=708027309, downTime=708027309, deviceId=-1, source=0x101 }
08-04 12:40:10.901 22309 22309 I Input   : injectKeyEvent: KeyEvent { action=ACTION_UP, keyCode=KEYCODE_BACK, scanCode=0, metaState=0, flags=0x0, repeatCount=0, eventTime=708027309, downTime=708027309, deviceId=-1, source=0x101 }
08-04 12:40:10.907 22309 22309 D AndroidRuntime: Shutting down VM
08-04 12:40:10.968 13866 13866 I GoogleInputMethodServic: GoogleInputMethodService.onFinishInput():3138 
08-04 12:40:10.969 13866 13866 I GoogleInputMethodServic: GoogleInputMethodService.onStartInput():1808 
08-04 12:40:10.999 18964 18981 I art     : Starting a blocking GC Explicit
08-04 12:40:11.039 18964 18981 I art     : Explicit concurrent mark sweep GC freed 1729(96KB) AllocSpace objects, 1(20KB) LOS objects, 28% free, 40MB/56MB, paused 602us total 40.334ms
08-04 12:40:11.043 18964 22213 I MediaCodec: [OMX.qcom.video.decoder.avc] setting surface generation to 19419138
08-04 12:40:11.043 18964 22214 D SurfaceUtils: set up nativeWindow 0x7f80576a10 for 368x320, color 0x7fa30c04, rotation 0, usage 0x42002900
08-04 12:40:11.057 18964 18981 I art     : Starting a blocking GC Explicit
08-04 12:40:11.092 18964 18981 I art     : Explicit concurrent mark sweep GC freed 55(4KB) AllocSpace objects, 0(0B) LOS objects, 28% free, 40MB/56MB, paused 341us total 34.962ms
08-04 12:40:11.106 18964 18981 I art     : Starting a blocking GC Explicit
08-04 12:40:11.143 18964 18981 I art     : Explicit concurrent mark sweep GC freed 4(160B) AllocSpace objects, 0(0B) LOS objects, 28% free, 40MB/56MB, paused 395us total 36.302ms
08-04 12:40:11.160 18964 18981 I art     : Starting a blocking GC Explicit
08-04 12:40:11.207 18964 18981 I art     : Explicit concurrent mark sweep GC freed 20(720B) AllocSpace objects, 0(0B) LOS objects, 28% free, 40MB/56MB, paused 469us total 47.314ms
08-04 12:40:11.224 18964 18981 I art     : Starting a blocking GC Explicit
08-04 12:40:11.277 18964 18981 I art     : Explicit concurrent mark sweep GC freed 34(1248B) AllocSpace objects, 0(0B) LOS objects, 28% free, 40MB/56MB, paused 363us total 52.429ms
08-04 12:40:11.294 18964 18964 I ExoPlayerImpl: Release b3f6989 [ExoPlayerLib/2.10.8] [angler, Nexus 6P, Huawei, 23] [goog.exo.core, goog.exo.ui]
08-04 12:40:11.301   380   380 W SurfaceFlinger: couldn't log to binary event log: overflow.
08-04 12:40:11.311   512 12932 I OMX-VDEC-1080P: omx_vdec::component_deinit() complete
08-04 12:40:11.313   512 12932 I OMX-VDEC-1080P: Exit OMX vdec Destructor: fd=49
08-04 12:40:11.596 18964 18981 I art     : Starting a blocking GC Explicit
08-04 12:40:11.654 18964 18981 I art     : Explicit concurrent mark sweep GC freed 1789(184KB) AllocSpace objects, 36(2MB) LOS objects, 29% free, 37MB/53MB, paused 478us total 57.266ms
08-04 12:40:11.669 18964 18981 I art     : Starting a blocking GC Explicit
08-04 12:40:11.679   518   646 I ThermalEngine: ACTION: GPU - Setting GPU[0] to 450000000
08-04 12:40:11.718 18964 18981 I art     : Explicit concurrent mark sweep GC freed 2908(161KB) AllocSpace objects, 4(200KB) LOS objects, 29% free, 37MB/53MB, paused 641us total 48.757ms
08-04 12:40:11.737 18964 18981 I art     : Starting a blocking GC Explicit
08-04 12:40:11.786 18964 18981 I art     : Explicit concurrent mark sweep GC freed 3(96B) AllocSpace objects, 0(0B) LOS objects, 29% free, 37MB/53MB, paused 501us total 49.358ms
08-04 12:40:11.805 18964 18981 I art     : Starting a blocking GC Explicit
08-04 12:40:11.855 18964 18981 I art     : Explicit concurrent mark sweep GC freed 3(96B) AllocSpace objects, 0(0B) LOS objects, 29% free, 37MB/53MB, paused 530us total 49.468ms
08-04 12:40:11.874 18964 18981 I art     : Starting a blocking GC Explicit
08-04 12:40:11.909   918  3188 I hubconnection: sensorhub said: 'set_bias 3: -5.4912, 0.0000, 0.0000'
08-04 12:40:11.923 18964 18981 I art     : Explicit concurrent mark sweep GC freed 3(96B) AllocSpace objects, 0(0B) LOS objects, 29% free, 37MB/53MB, paused 494us total 49.029ms
08-04 12:40:12.259 18964 18992 I art     : Starting a blocking GC Explicit
08-04 12:40:12.319 18964 18992 I art     : Explicit concurrent mark sweep GC freed 1354(82KB) AllocSpace objects, 1(20KB) LOS objects, 29% free, 37MB/53MB, paused 720us total 58.969ms
08-04 12:40:12.339 18964 18992 I art     : Starting a blocking GC Explicit
08-04 12:40:12.388 18964 18992 I art     : Explicit concurrent mark sweep GC freed 20(704B) AllocSpace objects, 0(0B) LOS objects, 29% free, 37MB/53MB, paused 521us total 48.688ms
08-04 12:40:12.407 18964 18992 I art     : Starting a blocking GC Explicit
08-04 12:40:12.455 18964 18992 I art     : Explicit concurrent mark sweep GC freed 3(96B) AllocSpace objects, 0(0B) LOS objects, 29% free, 37MB/53MB, paused 526us total 47.437ms
08-04 12:40:12.473 18964 18992 I art     : Starting a blocking GC Explicit
08-04 12:40:12.522 18964 18992 I art     : Explicit concurrent mark sweep GC freed 3(96B) AllocSpace objects, 0(0B) LOS objects, 29% free, 37MB/53MB, paused 542us total 48.228ms
08-04 12:40:12.541 18964 18992 I art     : Starting a blocking GC Explicit
08-04 12:40:12.593 18964 18992 I art     : Explicit concurrent mark sweep GC freed 3(96B) AllocSpace objects, 0(0B) LOS objects, 29% free, 37MB/53MB, paused 525us total 51.534ms
08-04 12:40:12.714 22351 22351 D AndroidRuntime: >>>>>> START com.android.internal.os.RuntimeInit uid 2000 <<<<<<
08-04 12:40:12.722 22351 22351 D AndroidRuntime: CheckJNI is OFF
08-04 12:40:12.769 22351 22351 D ICU     : No timezone override file found: /data/misc/zoneinfo/current/icu/icu_tzdata.dat
08-04 12:40:12.811 22351 22351 I Radio-JNI: register_android_hardware_Radio DONE
08-04 12:40:12.839 22351 22351 D AndroidRuntime: Calling main entry com.android.commands.input.Input
08-04 12:40:12.841 22351 22351 I Input   : injectMotionEvent: MotionEvent { action=ACTION_DOWN, actionButton=0, id[0]=0, x[0]=1340.0, y[0]=1100.0, toolType[0]=TOOL_TYPE_UNKNOWN, buttonState=0, metaState=0, flags=0x0, edgeFlags=0x0, pointerCount=1, historySize=0, eventTime=708029254, downTime=708029254, deviceId=0, source=0x1002 }
08-04 12:40:12.847 22351 22351 I Input   : injectMotionEvent: MotionEvent { action=ACTION_UP, actionButton=0, id[0]=0, x[0]=1340.0, y[0]=1100.0, toolType[0]=TOOL_TYPE_UNKNOWN, buttonState=0, metaState=0, flags=0x0, edgeFlags=0x0, pointerCount=1, historySize=0, eventTime=708029254, downTime=708029254, deviceId=0, source=0x1002 }
08-04 12:40:12.848 22351 22351 D AndroidRuntime: Shutting down VM
08-04 12:40:12.858   512  2967 D audio_hw_primary: out_set_parameters: enter: usecase(1: low-latency-playback) kvpairs: routing=2
08-04 12:40:12.859   918   928 I ActivityManager: START u0 {dat=https://oauth.reddit.com/... cmp=baseline.org.quantumbadger.redreader/.activities.CommentListingActivity} from uid 10666 on display 0
08-04 12:40:12.871   512  2967 D audio_hw_primary: select_devices: out_snd_device(2: speaker) in_snd_device(0: none)
08-04 12:40:12.872   512  2967 D msm8974_platform: platform_send_audio_calibration: sending audio calibration for snd_device(2) acdb_id(15)
08-04 12:40:12.872   512  2967 I soundtrigger: audio_extn_sound_trigger_update_device_status: device 0x2 of type 0 for Event 1
08-04 12:40:12.883   512  2967 D audio_hw_primary: enable_snd_device: snd_device(2: speaker)
08-04 12:40:12.886   512  2967 D audio_hw_primary: enable_audio_route: apply and update mixer path: low-latency-playback speaker
08-04 12:40:12.892 18964 18964 I AppCompatViewInflater: app:theme is now deprecated. Please move to using android:theme instead.
08-04 12:40:12.913 18964 21921 I CommentListingActivity: COMMENTS session changed to 64525a66-e3f9-43a7-a0cd-a71430be2eef
08-04 12:40:12.943 18964 18981 I art     : Starting a blocking GC Explicit
08-04 12:40:12.999 18964 18981 I art     : Explicit concurrent mark sweep GC freed 11937(649KB) AllocSpace objects, 1(20KB) LOS objects, 29% free, 38MB/54MB, paused 1.408ms total 55.265ms
08-04 12:40:13.017 18964 18981 I art     : Starting a blocking GC Explicit
08-04 12:40:13.034   918   936 I ActivityManager: Displayed baseline.org.quantumbadger.redreader/.activities.CommentListingActivity: +166ms
08-04 12:40:13.035 13866 13866 I GoogleInputMethodServic: GoogleInputMethodService.onFinishInput():3138 
08-04 12:40:13.035 13866 13866 I GoogleInputMethodServic: GoogleInputMethodService.onStartInput():1808 
08-04 12:40:13.085 18964 18981 I art     : Explicit concurrent mark sweep GC freed 12673(691KB) AllocSpace objects, 0(0B) LOS objects, 28% free, 39MB/55MB, paused 1.160ms total 66.996ms
08-04 12:40:13.104 18964 18981 I art     : Starting a blocking GC Explicit
08-04 12:40:13.147 18870 18870 I ServiceManager: Waiting for service AtCmdFwd...
08-04 12:40:13.164 18964 18981 I art     : Explicit concurrent mark sweep GC freed 8708(522KB) AllocSpace objects, 0(0B) LOS objects, 28% free, 40MB/56MB, paused 855us total 59.285ms
08-04 12:40:13.187 18964 18981 I art     : Starting a blocking GC Explicit
08-04 12:40:13.253 18964 18981 I art     : Explicit concurrent mark sweep GC freed 11292(459KB) AllocSpace objects, 0(0B) LOS objects, 28% free, 39MB/55MB, paused 454us total 66.230ms
08-04 12:40:13.269   380   380 W SurfaceFlinger: couldn't log to binary event log: overflow.
08-04 12:40:13.277 18964 18981 I art     : Starting a blocking GC Explicit
08-04 12:40:13.333 18964 18981 I art     : Explicit concurrent mark sweep GC freed 33(2032B) AllocSpace objects, 0(0B) LOS objects, 28% free, 39MB/55MB, paused 473us total 55.863ms
08-04 12:40:13.419   512  2967 D audio_hw_primary: disable_audio_route: reset and update mixer path: low-latency-playback speaker
08-04 12:40:13.420   512  2967 D audio_hw_primary: disable_snd_device: snd_device(2: speaker)
08-04 12:40:13.430   512  2967 I soundtrigger: audio_extn_sound_trigger_update_device_status: device 0x2 of type 0 for Event 0
08-04 12:40:13.671 18964 18981 I art     : Starting a blocking GC Explicit
08-04 12:40:13.737 18964 18981 I art     : Explicit concurrent mark sweep GC freed 1505(87KB) AllocSpace objects, 1(20KB) LOS objects, 28% free, 39MB/55MB, paused 483us total 65.271ms
08-04 12:40:13.758 18964 18981 I art     : Starting a blocking GC Explicit
08-04 12:40:13.820 18964 18981 I art     : Explicit concurrent mark sweep GC freed 24(832B) AllocSpace objects, 0(0B) LOS objects, 28% free, 39MB/55MB, paused 517us total 61.946ms
08-04 12:40:13.841 18964 18981 I art     : Starting a blocking GC Explicit
08-04 12:40:13.903 18964 18981 I art     : Explicit concurrent mark sweep GC freed 3(96B) AllocSpace objects, 0(0B) LOS objects, 28% free, 39MB/55MB, paused 490us total 61.567ms
08-04 12:40:13.924 18964 18981 I art     : Starting a blocking GC Explicit
08-04 12:40:13.979 18964 18981 I art     : Explicit concurrent mark sweep GC freed 3(96B) AllocSpace objects, 0(0B) LOS objects, 28% free, 39MB/55MB, paused 468us total 55.172ms
08-04 12:40:14.000 18964 18981 I art     : Starting a blocking GC Explicit
08-04 12:40:14.064 18964 18981 I art     : Explicit concurrent mark sweep GC freed 49(1920B) AllocSpace objects, 0(0B) LOS objects, 28% free, 39MB/55MB, paused 512us total 64.340ms
08-04 12:40:14.148 18870 18870 I ServiceManager: Waiting for service AtCmdFwd...
08-04 12:40:14.410 18964 20361 I art     : Starting a blocking GC Explicit
08-04 12:40:14.488 18964 20361 I art     : Explicit concurrent mark sweep GC freed 1354(82KB) AllocSpace objects, 1(20KB) LOS objects, 28% free, 39MB/55MB, paused 541us total 77.581ms
08-04 12:40:14.509 18964 20361 I art     : Starting a blocking GC Explicit
08-04 12:40:14.579 18964 20361 I art     : Explicit concurrent mark sweep GC freed 20(704B) AllocSpace objects, 0(0B) LOS objects, 28% free, 39MB/55MB, paused 605us total 69.847ms
08-04 12:40:14.602 18964 20361 I art     : Starting a blocking GC Explicit
08-04 12:40:14.675 18964 20361 I art     : Explicit concurrent mark sweep GC freed 3(96B) AllocSpace objects, 0(0B) LOS objects, 28% free, 39MB/55MB, paused 537us total 72.476ms
08-04 12:40:14.700 18964 20361 I art     : Starting a blocking GC Explicit
08-04 12:40:14.777 18964 20361 I art     : Explicit concurrent mark sweep GC freed 3(96B) AllocSpace objects, 0(0B) LOS objects, 28% free, 39MB/55MB, paused 554us total 76.485ms
08-04 12:40:14.800 18964 20361 I art     : Starting a blocking GC Explicit
08-04 12:40:14.872 18964 20361 I art     : Explicit concurrent mark sweep GC freed 3(96B) AllocSpace objects, 0(0B) LOS objects, 28% free, 39MB/55MB, paused 584us total 71.592ms
08-04 12:40:15.148 18870 18870 I ServiceManager: Waiting for service AtCmdFwd...
08-04 12:40:15.245 18964 18980 I art     : Starting a blocking GC Explicit
08-04 12:40:15.331 18964 18980 I art     : Explicit concurrent mark sweep GC freed 1354(82KB) AllocSpace objects, 1(20KB) LOS objects, 28% free, 39MB/55MB, paused 591us total 84.892ms
08-04 12:40:15.354 18964 18980 I art     : Starting a blocking GC Explicit
08-04 12:40:15.426 18964 18980 I art     : Explicit concurrent mark sweep GC freed 20(704B) AllocSpace objects, 0(0B) LOS objects, 28% free, 39MB/55MB, paused 539us total 71.333ms
08-04 12:40:15.447 18964 18980 I art     : Starting a blocking GC Explicit
08-04 12:40:15.526 18964 18980 I art     : Explicit concurrent mark sweep GC freed 3(96B) AllocSpace objects, 0(0B) LOS objects, 28% free, 39MB/55MB, paused 592us total 78.589ms
08-04 12:40:15.551 18964 18980 I art     : Starting a blocking GC Explicit
08-04 12:40:15.627 18964 18980 I art     : Explicit concurrent mark sweep GC freed 3(96B) AllocSpace objects, 0(0B) LOS objects, 28% free, 39MB/55MB, paused 590us total 75.084ms
08-04 12:40:15.650 18964 18980 I art     : Starting a blocking GC Explicit
08-04 12:40:15.723 18964 18980 I art     : Explicit concurrent mark sweep GC freed 3(96B) AllocSpace objects, 0(0B) LOS objects, 28% free, 39MB/55MB, paused 547us total 72.674ms
08-04 12:40:15.969 13866 13882 I PeriodicStatsRunner: PeriodicStatsRunner.call():175 call()
08-04 12:40:15.969 13866 13882 I PeriodicStatsRunner: PeriodicStatsRunner.call():179 No submit PeriodicStats since input started.
08-04 12:40:16.102 18964 18992 I art     : Starting a blocking GC Explicit
08-04 12:40:16.149 18870 18870 I ServiceManager: Waiting for service AtCmdFwd...
08-04 12:40:16.187 18964 18992 I art     : Explicit concurrent mark sweep GC freed 1354(82KB) AllocSpace objects, 1(20KB) LOS objects, 28% free, 39MB/55MB, paused 588us total 85.342ms
08-04 12:40:16.210 18964 18992 I art     : Starting a blocking GC Explicit
08-04 12:40:16.283 18964 18992 I art     : Explicit concurrent mark sweep GC freed 20(704B) AllocSpace objects, 0(0B) LOS objects, 28% free, 39MB/55MB, paused 627us total 72.710ms
08-04 12:40:16.308 18964 18992 I art     : Starting a blocking GC Explicit
08-04 12:40:16.378 18964 18992 I art     : Explicit concurrent mark sweep GC freed 3(96B) AllocSpace objects, 0(0B) LOS objects, 28% free, 39MB/55MB, paused 584us total 69.626ms
08-04 12:40:16.399 18964 18992 I art     : Starting a blocking GC Explicit
08-04 12:40:16.471 18964 18992 I art     : Explicit concurrent mark sweep GC freed 3(96B) AllocSpace objects, 0(0B) LOS objects, 28% free, 39MB/55MB, paused 535us total 71.300ms
08-04 12:40:16.492 18964 18992 I art     : Starting a blocking GC Explicit
08-04 12:40:16.565 18964 18992 I art     : Explicit concurrent mark sweep GC freed 3(96B) AllocSpace objects, 0(0B) LOS objects, 28% free, 39MB/55MB, paused 508us total 72.463ms
08-04 12:40:16.686   518   646 I ThermalEngine: ACTION: GPU - Setting GPU[0] to 510000000
08-04 12:40:16.931 18964 19193 I art     : Starting a blocking GC Explicit
08-04 12:40:17.000 18964 19193 I art     : Explicit concurrent mark sweep GC freed 1354(82KB) AllocSpace objects, 1(20KB) LOS objects, 28% free, 39MB/55MB, paused 455us total 69.044ms
08-04 12:40:17.020 18964 19193 I art     : Starting a blocking GC Explicit
08-04 12:40:17.073 18964 19193 I art     : Explicit concurrent mark sweep GC freed 20(704B) AllocSpace objects, 0(0B) LOS objects, 28% free, 39MB/55MB, paused 407us total 52.802ms
08-04 12:40:17.090 18964 19193 I art     : Starting a blocking GC Explicit
08-04 12:40:17.140 18964 19193 I art     : Explicit concurrent mark sweep GC freed 3(96B) AllocSpace objects, 0(0B) LOS objects, 28% free, 39MB/55MB, paused 376us total 49.509ms
08-04 12:40:17.150 18870 18870 I ServiceManager: Waiting for service AtCmdFwd...
08-04 12:40:17.156 18964 19193 I art     : Starting a blocking GC Explicit
08-04 12:40:17.205 18964 19193 I art     : Explicit concurrent mark sweep GC freed 3(96B) AllocSpace objects, 0(0B) LOS objects, 28% free, 39MB/55MB, paused 377us total 48.994ms
08-04 12:40:17.220 18964 19193 I art     : Starting a blocking GC Explicit
08-04 12:40:17.270 18964 19193 I art     : Explicit concurrent mark sweep GC freed 3(96B) AllocSpace objects, 0(0B) LOS objects, 28% free, 39MB/55MB, paused 397us total 49.661ms
08-04 12:40:17.538 22430 22430 D AndroidRuntime: >>>>>> START com.android.internal.os.RuntimeInit uid 2000 <<<<<<
08-04 12:40:17.543 22430 22430 D AndroidRuntime: CheckJNI is OFF
08-04 12:40:17.578 22430 22430 D ICU     : No timezone override file found: /data/misc/zoneinfo/current/icu/icu_tzdata.dat
08-04 12:40:17.598 18964 18981 I art     : Starting a blocking GC Explicit
08-04 12:40:17.612 22430 22430 I Radio-JNI: register_android_hardware_Radio DONE
08-04 12:40:17.635 22430 22430 D AndroidRuntime: Calling main entry com.android.commands.input.Input
08-04 12:40:17.637 22430 22430 I Input   : injectKeyEvent: KeyEvent { action=ACTION_DOWN, keyCode=KEYCODE_BACK, scanCode=0, metaState=0, flags=0x0, repeatCount=0, eventTime=708034050, downTime=708034050, deviceId=-1, source=0x101 }
08-04 12:40:17.643 22430 22430 I Input   : injectKeyEvent: KeyEvent { action=ACTION_UP, keyCode=KEYCODE_BACK, scanCode=0, metaState=0, flags=0x0, repeatCount=0, eventTime=708034050, downTime=708034050, deviceId=-1, source=0x101 }
08-04 12:40:17.651 22430 22430 D AndroidRuntime: Shutting down VM
08-04 12:40:17.651 18964 18981 I art     : Explicit concurrent mark sweep GC freed 1356(82KB) AllocSpace objects, 1(20KB) LOS objects, 28% free, 39MB/55MB, paused 530us total 52.708ms
08-04 12:40:17.667 18964 18981 I art     : Starting a blocking GC Explicit
08-04 12:40:17.696 13866 13866 I GoogleInputMethodServic: GoogleInputMethodService.onFinishInput():3138 
08-04 12:40:17.697 13866 13866 I GoogleInputMethodServic: GoogleInputMethodService.onStartInput():1808 
08-04 12:40:17.712 18964 18981 I art     : Explicit concurrent mark sweep GC freed 170(5KB) AllocSpace objects, 0(0B) LOS objects, 28% free, 39MB/55MB, paused 618us total 44.634ms
08-04 12:40:17.728 18964 18981 I art     : Starting a blocking GC Explicit
08-04 12:40:17.774 18964 18981 I art     : Explicit concurrent mark sweep GC freed 113(3KB) AllocSpace objects, 0(0B) LOS objects, 28% free, 39MB/55MB, paused 409us total 46.110ms
08-04 12:40:17.789 18964 18981 I art     : Starting a blocking GC Explicit
08-04 12:40:17.833 18964 18981 I art     : Explicit concurrent mark sweep GC freed 14(464B) AllocSpace objects, 0(0B) LOS objects, 28% free, 39MB/55MB, paused 321us total 44.100ms
08-04 12:40:17.849 18964 18981 I art     : Starting a blocking GC Explicit
08-04 12:40:17.871 18964 22379 I RedditChangeDataIO: Writing tmp data file at '/data/user/0/baseline.org.quantumbadger.redreader/files/rr_change_data_tmp.dat'
08-04 12:40:17.872 18964 22379 I RedditChangeDataManager: Taking snapshot...
08-04 12:40:17.872 18964 22379 I RedditChangeDataManager: Writing to stream...
08-04 12:40:17.872 18964 22379 I RedditChangeDataManager: Wrote 6 entries for user ''
08-04 12:40:17.872 18964 22379 I RedditChangeDataManager: All entries written to stream.
08-04 12:40:17.872 18964 22379 I RedditChangeDataIO: Write successful. Atomically replacing data file...
08-04 12:40:17.872 18964 22379 I RedditChangeDataIO: Write complete.
08-04 12:40:17.872 18964 22379 I RedditChangeDataIO: 158 bytes written in 1 ms
08-04 12:40:17.912 18964 18981 I art     : Explicit concurrent mark sweep GC freed 82(4KB) AllocSpace objects, 1(68KB) LOS objects, 28% free, 39MB/55MB, paused 500us total 62.522ms
08-04 12:40:18.024   380   380 W SurfaceFlinger: couldn't log to binary event log: overflow.
08-04 12:40:18.035 13866 13882 I PeriodicStatsRunner: PeriodicStatsRunner.call():175 call()
08-04 12:40:18.036 13866 13882 I PeriodicStatsRunner: PeriodicStatsRunner.call():179 No submit PeriodicStats since input started.
08-04 12:40:18.150 18870 18870 W Atfwd_Sendcmd: AtCmdFwd service not published, waiting... retryCnt : 5
08-04 12:40:18.189 18964 18992 I art     : Starting a blocking GC Explicit
08-04 12:40:18.257 18964 18992 I art     : Explicit concurrent mark sweep GC freed 1418(85KB) AllocSpace objects, 1(20KB) LOS objects, 28% free, 39MB/55MB, paused 468us total 67.823ms
08-04 12:40:18.280 18964 18992 I art     : Starting a blocking GC Explicit
08-04 12:40:18.325 18964 18992 I art     : Explicit concurrent mark sweep GC freed 41396(2MB) AllocSpace objects, 5(140KB) LOS objects, 29% free, 37MB/53MB, paused 403us total 44.959ms
08-04 12:40:18.340 18964 18992 I art     : Starting a blocking GC Explicit
08-04 12:40:18.380 18964 18992 I art     : Explicit concurrent mark sweep GC freed 3(96B) AllocSpace objects, 0(0B) LOS objects, 29% free, 37MB/53MB, paused 384us total 39.947ms
08-04 12:40:18.394 18964 18992 I art     : Starting a blocking GC Explicit
08-04 12:40:18.436 18964 18992 I art     : Explicit concurrent mark sweep GC freed 3(96B) AllocSpace objects, 0(0B) LOS objects, 29% free, 37MB/53MB, paused 390us total 41.205ms
08-04 12:40:18.451 18964 18992 I art     : Starting a blocking GC Explicit
08-04 12:40:18.493 18964 18992 I art     : Explicit concurrent mark sweep GC freed 3(96B) AllocSpace objects, 0(0B) LOS objects, 29% free, 37MB/53MB, paused 393us total 41.569ms
08-04 12:40:18.815 18964 19193 I art     : Starting a blocking GC Explicit
08-04 12:40:18.878 18964 19193 I art     : Explicit concurrent mark sweep GC freed 1354(82KB) AllocSpace objects, 1(20KB) LOS objects, 29% free, 37MB/53MB, paused 540us total 62.770ms
08-04 12:40:18.899 18964 19193 I art     : Starting a blocking GC Explicit
08-04 12:40:18.936 18964 19193 I art     : Explicit concurrent mark sweep GC freed 20(704B) AllocSpace objects, 0(0B) LOS objects, 29% free, 37MB/53MB, paused 367us total 36.650ms
08-04 12:40:18.951 18964 19193 I art     : Starting a blocking GC Explicit
08-04 12:40:18.989 18964 19193 I art     : Explicit concurrent mark sweep GC freed 3(96B) AllocSpace objects, 0(0B) LOS objects, 29% free, 37MB/53MB, paused 378us total 37.919ms
08-04 12:40:19.004 18964 19193 I art     : Starting a blocking GC Explicit
08-04 12:40:19.042 18964 19193 I art     : Explicit concurrent mark sweep GC freed 3(96B) AllocSpace objects, 0(0B) LOS objects, 29% free, 37MB/53MB, paused 389us total 38.057ms
08-04 12:40:19.056 18964 19193 I art     : Starting a blocking GC Explicit
08-04 12:40:19.094 18964 19193 I art     : Explicit concurrent mark sweep GC freed 3(96B) AllocSpace objects, 0(0B) LOS objects, 29% free, 37MB/53MB, paused 377us total 38.081ms
08-04 12:40:19.311 22473 22473 D AndroidRuntime: >>>>>> START com.android.internal.os.RuntimeInit uid 2000 <<<<<<
08-04 12:40:19.316 22473 22473 D AndroidRuntime: CheckJNI is OFF
08-04 12:40:19.351 22473 22473 D ICU     : No timezone override file found: /data/misc/zoneinfo/current/icu/icu_tzdata.dat
08-04 12:40:19.384 22473 22473 I Radio-JNI: register_android_hardware_Radio DONE
08-04 12:40:19.396 18964 20361 I art     : Starting a blocking GC Explicit
08-04 12:40:19.406 22473 22473 D AndroidRuntime: Calling main entry com.android.commands.input.Input
08-04 12:40:19.408 22473 22473 I Input   : injectKeyEvent: KeyEvent { action=ACTION_DOWN, keyCode=KEYCODE_BACK, scanCode=0, metaState=0, flags=0x0, repeatCount=0, eventTime=708035821, downTime=708035821, deviceId=-1, source=0x101 }
08-04 12:40:19.413 22473 22473 I Input   : injectKeyEvent: KeyEvent { action=ACTION_UP, keyCode=KEYCODE_BACK, scanCode=0, metaState=0, flags=0x0, repeatCount=0, eventTime=708035821, downTime=708035821, deviceId=-1, source=0x101 }
08-04 12:40:19.418 22473 22473 D AndroidRuntime: Shutting down VM
08-04 12:40:19.437 18964 20361 I art     : Explicit concurrent mark sweep GC freed 1457(86KB) AllocSpace objects, 1(20KB) LOS objects, 29% free, 37MB/53MB, paused 546us total 40.684ms
08-04 12:40:19.452 18964 20361 I art     : Starting a blocking GC Explicit
08-04 12:40:19.457 13866 13866 I GoogleInputMethodServic: GoogleInputMethodService.onFinishInput():3138 
08-04 12:40:19.458 13866 13866 I GoogleInputMethodServic: GoogleInputMethodService.onStartInput():1808 
08-04 12:40:19.487 18964 20361 I art     : Explicit concurrent mark sweep GC freed 79(2832B) AllocSpace objects, 0(0B) LOS objects, 29% free, 37MB/53MB, paused 400us total 35.217ms
08-04 12:40:19.500 18964 20361 I art     : Starting a blocking GC Explicit
08-04 12:40:19.532 18964 20361 I art     : Explicit concurrent mark sweep GC freed 25(848B) AllocSpace objects, 0(0B) LOS objects, 29% free, 37MB/53MB, paused 315us total 31.912ms
08-04 12:40:19.547 18964 20361 I art     : Starting a blocking GC Explicit
08-04 12:40:19.583 18964 20361 I art     : Explicit concurrent mark sweep GC freed 3(96B) AllocSpace objects, 0(0B) LOS objects, 29% free, 37MB/53MB, paused 366us total 36.220ms
08-04 12:40:19.598 18964 20361 I art     : Starting a blocking GC Explicit
08-04 12:40:19.642 18964 20361 I art     : Explicit concurrent mark sweep GC freed 3(96B) AllocSpace objects, 0(0B) LOS objects, 29% free, 37MB/53MB, paused 344us total 43.356ms
08-04 12:40:19.931 18964 20361 I art     : Starting a blocking GC Explicit
08-04 12:40:19.979 18964 20361 I art     : Explicit concurrent mark sweep GC freed 1412(84KB) AllocSpace objects, 1(20KB) LOS objects, 29% free, 37MB/53MB, paused 581us total 47.280ms
08-04 12:40:19.994 18964 20361 I art     : Starting a blocking GC Explicit
08-04 12:40:20.034 18964 20361 I art     : Explicit concurrent mark sweep GC freed 150(7KB) AllocSpace objects, 0(0B) LOS objects, 29% free, 37MB/53MB, paused 420us total 40.639ms
08-04 12:40:20.049 18964 20361 I art     : Starting a blocking GC Explicit
08-04 12:40:20.090 18964 20361 I art     : Explicit concurrent mark sweep GC freed 3(96B) AllocSpace objects, 0(0B) LOS objects, 29% free, 37MB/53MB, paused 419us total 40.991ms
08-04 12:40:20.105 18964 20361 I art     : Starting a blocking GC Explicit
08-04 12:40:20.147 18964 20361 I art     : Explicit concurrent mark sweep GC freed 3(96B) AllocSpace objects, 0(0B) LOS objects, 29% free, 37MB/53MB, paused 546us total 42.084ms
08-04 12:40:20.162 18964 20361 I art     : Starting a blocking GC Explicit
08-04 12:40:20.204 18964 20361 I art     : Explicit concurrent mark sweep GC freed 3(96B) AllocSpace objects, 0(0B) LOS objects, 29% free, 37MB/53MB, paused 424us total 42.109ms
08-04 12:40:20.534 18964 18992 I art     : Starting a blocking GC Explicit
08-04 12:40:20.584 18964 18992 I art     : Explicit concurrent mark sweep GC freed 1354(82KB) AllocSpace objects, 1(20KB) LOS objects, 29% free, 37MB/53MB, paused 443us total 49.884ms
08-04 12:40:20.599 18964 18992 I art     : Starting a blocking GC Explicit
08-04 12:40:20.640 18964 18992 I art     : Explicit concurrent mark sweep GC freed 20(704B) AllocSpace objects, 0(0B) LOS objects, 29% free, 37MB/53MB, paused 429us total 40.809ms
08-04 12:40:20.655 18964 18992 I art     : Starting a blocking GC Explicit
08-04 12:40:20.696 18964 18992 I art     : Explicit concurrent mark sweep GC freed 3(96B) AllocSpace objects, 0(0B) LOS objects, 29% free, 37MB/53MB, paused 418us total 40.636ms
08-04 12:40:20.710 18964 18992 I art     : Starting a blocking GC Explicit
08-04 12:40:20.749 18964 18992 I art     : Explicit concurrent mark sweep GC freed 3(96B) AllocSpace objects, 0(0B) LOS objects, 29% free, 37MB/53MB, paused 418us total 38.340ms
08-04 12:40:20.763 18964 18992 I art     : Starting a blocking GC Explicit
08-04 12:40:20.802 18964 18992 I art     : Explicit concurrent mark sweep GC freed 3(96B) AllocSpace objects, 0(0B) LOS objects, 29% free, 37MB/53MB, paused 438us total 39.018ms
08-04 12:40:21.072 22516 22516 D AndroidRuntime: >>>>>> START com.android.internal.os.RuntimeInit uid 2000 <<<<<<
08-04 12:40:21.077 22516 22516 D AndroidRuntime: CheckJNI is OFF
08-04 12:40:21.098 18964 18981 I art     : Starting a blocking GC Explicit
08-04 12:40:21.113 22516 22516 D ICU     : No timezone override file found: /data/misc/zoneinfo/current/icu/icu_tzdata.dat
08-04 12:40:21.139 18964 18981 I art     : Explicit concurrent mark sweep GC freed 1354(82KB) AllocSpace objects, 1(20KB) LOS objects, 29% free, 37MB/53MB, paused 443us total 40.351ms
08-04 12:40:21.148 22516 22516 I Radio-JNI: register_android_hardware_Radio DONE
08-04 12:40:21.153 18964 18981 I art     : Starting a blocking GC Explicit
08-04 12:40:21.170 22516 22516 D AndroidRuntime: Calling main entry com.android.commands.input.Input
08-04 12:40:21.172 22516 22516 I Input   : injectMotionEvent: MotionEvent { action=ACTION_DOWN, actionButton=0, id[0]=0, x[0]=600.0, y[0]=1733.0, toolType[0]=TOOL_TYPE_UNKNOWN, buttonState=0, metaState=0, flags=0x0, edgeFlags=0x0, pointerCount=1, historySize=0, eventTime=708037584, downTime=708037584, deviceId=0, source=0x1002 }
08-04 12:40:21.179 22516 22516 I Input   : injectMotionEvent: MotionEvent { action=ACTION_UP, actionButton=0, id[0]=0, x[0]=600.0, y[0]=1733.0, toolType[0]=TOOL_TYPE_UNKNOWN, buttonState=0, metaState=0, flags=0x0, edgeFlags=0x0, pointerCount=1, historySize=0, eventTime=708037584, downTime=708037584, deviceId=0, source=0x1002 }
08-04 12:40:21.180 22516 22516 D AndroidRuntime: Shutting down VM
08-04 12:40:21.192 18964 18981 I art     : Explicit concurrent mark sweep GC freed 23(800B) AllocSpace objects, 0(0B) LOS objects, 29% free, 37MB/53MB, paused 406us total 38.574ms
08-04 12:40:21.196   918   929 I ActivityManager: START u0 {dat=https://oauth.reddit.com/... cmp=baseline.org.quantumbadger.redreader/.activities.PostListingActivity} from uid 10666 on display 0
08-04 12:40:21.196   512  2967 D audio_hw_primary: out_set_parameters: enter: usecase(1: low-latency-playback) kvpairs: routing=2
08-04 12:40:21.208 18964 18981 I art     : Starting a blocking GC Explicit
08-04 12:40:21.213   512  2967 D audio_hw_primary: select_devices: out_snd_device(2: speaker) in_snd_device(0: none)
08-04 12:40:21.213   512  2967 D msm8974_platform: platform_send_audio_calibration: sending audio calibration for snd_device(2) acdb_id(15)
08-04 12:40:21.214   512  2967 I soundtrigger: audio_extn_sound_trigger_update_device_status: device 0x2 of type 0 for Event 1
08-04 12:40:21.219 18964 18964 I AppCompatViewInflater: app:theme is now deprecated. Please move to using android:theme instead.
08-04 12:40:21.223   512  2967 D audio_hw_primary: enable_snd_device: snd_device(2: speaker)
08-04 12:40:21.225   512  2967 D audio_hw_primary: enable_audio_route: apply and update mixer path: low-latency-playback speaker
08-04 12:40:21.241 18964 22541 D OK      : calling: https://oauth.reddit.com/r/aww/about.json
08-04 12:40:21.246 18964 18981 I art     : Explicit concurrent mark sweep GC freed 873(65KB) AllocSpace objects, 0(0B) LOS objects, 29% free, 37MB/53MB, paused 889us total 38.169ms
08-04 12:40:21.259 18964 18981 I art     : Starting a blocking GC Explicit
08-04 12:40:21.293 18964 18981 I art     : Explicit concurrent mark sweep GC freed 945(48KB) AllocSpace objects, 0(0B) LOS objects, 29% free, 37MB/53MB, paused 814us total 34.323ms
08-04 12:40:21.307 18964 18981 I art     : Starting a blocking GC Explicit
08-04 12:40:21.307   918   936 I ActivityManager: Displayed baseline.org.quantumbadger.redreader/.activities.PostListingActivity: +101ms
08-04 12:40:21.308 13866 13866 I GoogleInputMethodServic: GoogleInputMethodService.onFinishInput():3138 
08-04 12:40:21.308 13866 13866 I GoogleInputMethodServic: GoogleInputMethodService.onStartInput():1808 
08-04 12:40:21.346 18964 18981 I art     : Explicit concurrent mark sweep GC freed 251(13KB) AllocSpace objects, 0(0B) LOS objects, 29% free, 37MB/53MB, paused 444us total 39.106ms
08-04 12:40:21.561   380   380 W SurfaceFlinger: couldn't log to binary event log: overflow.
08-04 12:40:21.610 18964 18980 I art     : Starting a blocking GC Explicit
08-04 12:40:21.647 18964 18980 I art     : Explicit concurrent mark sweep GC freed 3365(162KB) AllocSpace objects, 1(20KB) LOS objects, 29% free, 37MB/53MB, paused 428us total 37.405ms
08-04 12:40:21.662 18964 18980 I art     : Starting a blocking GC Explicit
08-04 12:40:21.698 18964 22541 I NAPPA_EXPERIMENTATION: MetricNetworkRequestExecutionTime: REQUEST_DURATION_SYSTEM='457',REQUEST_DURATION_OKHTTP='144',REQUEST_SYNCHRONOUS='TRUE',RESPONSE_CODE='200',RESPONSE_METHOD='GET',RESPONSE_LENGTH_OKHTTP='-1',RESPONSE_LENGTH_HEADER='3478',REQUEST_PROTOCOL='h2',REQUEST_URL='https://oauth.reddit.com/r/aww/about.json',
08-04 12:40:21.698 18964 22541 D OK      : request got status: 200
08-04 12:40:21.702 18964 18980 I art     : Explicit concurrent mark sweep GC freed 592(37KB) AllocSpace objects, 0(0B) LOS objects, 29% free, 37MB/53MB, paused 1.382ms total 40.362ms
08-04 12:40:21.716 18964 18980 I art     : Starting a blocking GC Explicit
08-04 12:40:21.753 18964 18980 I art     : Explicit concurrent mark sweep GC freed 495(125KB) AllocSpace objects, 1(68KB) LOS objects, 29% free, 37MB/53MB, paused 624us total 36.532ms
08-04 12:40:21.758   512  2967 D audio_hw_primary: disable_audio_route: reset and update mixer path: low-latency-playback speaker
08-04 12:40:21.759   512  2967 D audio_hw_primary: disable_snd_device: snd_device(2: speaker)
08-04 12:40:21.767 18964 18980 I art     : Starting a blocking GC Explicit
08-04 12:40:21.768   512  2967 I soundtrigger: audio_extn_sound_trigger_update_device_status: device 0x2 of type 0 for Event 0
08-04 12:40:21.804 18964 18980 I art     : Explicit concurrent mark sweep GC freed 628(44KB) AllocSpace objects, 1(68KB) LOS objects, 29% free, 37MB/53MB, paused 384us total 36.859ms
08-04 12:40:21.818 18964 18980 I art     : Starting a blocking GC Explicit
08-04 12:40:21.858 18964 18980 I art     : Explicit concurrent mark sweep GC freed 21(944B) AllocSpace objects, 0(0B) LOS objects, 29% free, 37MB/53MB, paused 441us total 40.070ms
08-04 12:40:22.066   918 13197 D NetworkMonitor/NetworkAgentInfo [WIFI () - 158]: Checking http://connectivitycheck.gstatic.com/generate_204 on "H369AA63323", 192.168.2.12=192.168.2.12
08-04 12:40:22.167 18964 18992 I art     : Starting a blocking GC Explicit
08-04 12:40:22.171   918 13197 D NetworkMonitor/NetworkAgentInfo [WIFI () - 158]: Probably not a portal: exception java.io.IOException: unexpected end of stream on Connection{connectivitycheck.gstatic.com:80, proxy=HTTP@/192.168.2.12:8080 hostAddress=192.168.2.12 cipherSuite=none protocol=http/1.1} (recycle count=0)
08-04 12:40:22.172   918  3263 D ConnectivityService: NetworkAgentInfo [WIFI () - 158] validation failed
08-04 12:40:22.173   918  3261 E WifiConfigStore:  rewrite network history for "H369AA63323"WPA_PSK
08-04 12:40:22.209 18964 18992 I art     : Explicit concurrent mark sweep GC freed 1413(85KB) AllocSpace objects, 1(20KB) LOS objects, 29% free, 37MB/53MB, paused 464us total 41.251ms
08-04 12:40:22.223 18964 18992 I art     : Starting a blocking GC Explicit
08-04 12:40:22.264 18964 18992 I art     : Explicit concurrent mark sweep GC freed 20(704B) AllocSpace objects, 0(0B) LOS objects, 29% free, 37MB/53MB, paused 481us total 40.225ms
08-04 12:40:22.278 18964 18992 I art     : Starting a blocking GC Explicit
08-04 12:40:22.319 18964 18992 I art     : Explicit concurrent mark sweep GC freed 3(96B) AllocSpace objects, 0(0B) LOS objects, 29% free, 37MB/53MB, paused 474us total 40.192ms
08-04 12:40:22.333 18964 18992 I art     : Starting a blocking GC Explicit
08-04 12:40:22.368   918  3261 D WifiStateMachine: starting scan for "H369AA63323"WPA_PSK with 2412,5180
08-04 12:40:22.373 18964 18992 I art     : Explicit concurrent mark sweep GC freed 3(96B) AllocSpace objects, 0(0B) LOS objects, 29% free, 37MB/53MB, paused 460us total 39.825ms
08-04 12:40:22.388 18964 18992 I art     : Starting a blocking GC Explicit
08-04 12:40:22.428 18964 18992 I art     : Explicit concurrent mark sweep GC freed 3(96B) AllocSpace objects, 0(0B) LOS objects, 29% free, 37MB/53MB, paused 420us total 39.984ms
08-04 12:40:22.442 18964 22566 D OK      : calling: https://oauth.reddit.com/r/aww/hot/.json
08-04 12:40:22.690 18964 22566 I NAPPA_EXPERIMENTATION: MetricNetworkRequestExecutionTime: REQUEST_DURATION_SYSTEM='248',REQUEST_DURATION_OKHTTP='244',REQUEST_SYNCHRONOUS='TRUE',RESPONSE_CODE='200',RESPONSE_METHOD='GET',RESPONSE_LENGTH_OKHTTP='-1',RESPONSE_LENGTH_HEADER='33430',REQUEST_PROTOCOL='h2',REQUEST_URL='https://oauth.reddit.com/r/aww/hot/.json',
08-04 12:40:22.690 18964 22566 D OK      : request got status: 200
08-04 12:40:22.697   518   646 I ThermalEngine: ACTION: GPU - Setting GPU[0] to 450000000
08-04 12:40:22.701 13866 13882 I PeriodicStatsRunner: PeriodicStatsRunner.call():175 call()
08-04 12:40:22.701 13866 13882 I PeriodicStatsRunner: PeriodicStatsRunner.call():179 No submit PeriodicStats since input started.
08-04 12:40:22.716 18964 21921 I PostListingFragment: Precaching images: OFF
08-04 12:40:22.716 18964 21921 I PostListingFragment: Precaching comments: OFF
08-04 12:40:22.743 18964 21921 I getImgurImageInfo: Image NSO7Npm: trying API v3 with auth
08-04 12:40:22.764 18964 18980 I art     : Starting a blocking GC Explicit
08-04 12:40:22.820 18964 18980 I art     : Explicit concurrent mark sweep GC freed 15990(946KB) AllocSpace objects, 25(1180KB) LOS objects, 28% free, 40MB/56MB, paused 1.119ms total 54.830ms
08-04 12:40:22.841 18964 18980 I art     : Starting a blocking GC Explicit
08-04 12:40:22.894 18964 18980 I art     : Explicit concurrent mark sweep GC freed 9527(675KB) AllocSpace objects, 35(1984KB) LOS objects, 27% free, 43MB/59MB, paused 762us total 52.190ms
08-04 12:40:22.913 18964 18980 I art     : Starting a blocking GC Explicit
08-04 12:40:22.925 18964 21537 I RedditVideosAPI: For 'https://v.redd.it/ak6rer1hskd51/DASHPlaylist.mpd', got video stream 'https://v.redd.it/ak6rer1hskd51/DASH_360' and audio stream 'null'
08-04 12:40:22.943 18964 22578 I RedditVideosAPI: For 'https://v.redd.it/fkewv2f65kd51/DASHPlaylist.mpd', got video stream 'https://v.redd.it/fkewv2f65kd51/DASH_480' and audio stream 'https://v.redd.it/fkewv2f65kd51/audio'
08-04 12:40:22.947 18964 21537 I RedditVideosAPI: For 'https://v.redd.it/h49fg58ygjd51/DASHPlaylist.mpd', got video stream 'https://v.redd.it/h49fg58ygjd51/DASH_480' and audio stream 'null'
08-04 12:40:22.947 18964 22578 I RedditVideosAPI: For 'https://v.redd.it/1ewzkieg0jd51/DASHPlaylist.mpd', got video stream 'https://v.redd.it/1ewzkieg0jd51/DASH_480' and audio stream 'https://v.redd.it/1ewzkieg0jd51/audio'
08-04 12:40:22.948 18964 21537 I RedditVideosAPI: For 'https://v.redd.it/ppmhu2r9thd51/DASHPlaylist.mpd', got video stream 'https://v.redd.it/ppmhu2r9thd51/DASH_480' and audio stream 'null'
08-04 12:40:22.948 18964 22578 I RedditVideosAPI: For 'https://v.redd.it/s9qqadf3mid51/DASHPlaylist.mpd', got video stream 'https://v.redd.it/s9qqadf3mid51/DASH_480' and audio stream 'https://v.redd.it/s9qqadf3mid51/audio'
08-04 12:40:22.950 18964 21537 I RedditVideosAPI: For 'https://v.redd.it/b8vazlcb7ld51/DASHPlaylist.mpd', got video stream 'https://v.redd.it/b8vazlcb7ld51/DASH_480' and audio stream 'https://v.redd.it/b8vazlcb7ld51/audio'
08-04 12:40:22.950 18964 22578 I RedditVideosAPI: For 'https://v.redd.it/ty24o02m1hd51/DASHPlaylist.mpd', got video stream 'https://v.redd.it/ty24o02m1hd51/DASH_480' and audio stream 'null'
08-04 12:40:22.951 18964 21537 I RedditVideosAPI: For 'https://v.redd.it/ar5k8892pid51/DASHPlaylist.mpd', got video stream 'https://v.redd.it/ar5k8892pid51/DASH_360' and audio stream 'https://v.redd.it/ar5k8892pid51/audio'
08-04 12:40:22.963 18964 18980 I art     : Explicit concurrent mark sweep GC freed 25620(1970KB) AllocSpace objects, 37(2MB) LOS objects, 27% free, 43MB/59MB, paused 1.023ms total 50.135ms
08-04 12:40:22.981 18964 18980 I art     : Starting a blocking GC Explicit
08-04 12:40:22.985 18964 18964 W RecyclerView: Cannot call this method in a scroll callback. Scroll callbacks mightbe run during a measure & layout pass where you cannot change theRecyclerView data. Any method call that might change the structureof the RecyclerView or the adapter contents should be postponed tothe next frame.
08-04 12:40:22.985 18964 18964 W RecyclerView: java.lang.IllegalStateException:  androidx.recyclerview.widget.RecyclerView{21d1bed VFED..... .F....ID 0,0-1440,2140 #7f0900ef app:id/scrollbar_recyclerview_recyclerview}, adapter:baseline.org.quantumbadger.redreader.adapters.GroupedRecyclerViewAdapter@b354a22, layout:androidx.recyclerview.widget.LinearLayoutManager@a931cb3, context:baseline.org.quantumbadger.redreader.activities.PostListingActivity@f6bb13e
08-04 12:40:22.985 18964 18964 W RecyclerView: 	at androidx.recyclerview.widget.RecyclerView.assertNotInLayoutOrScroll(RecyclerView.java:3061)
08-04 12:40:22.985 18964 18964 W RecyclerView: 	at androidx.recyclerview.widget.RecyclerView$RecyclerViewDataObserver.onItemRangeInserted(RecyclerView.java:5555)
08-04 12:40:22.985 18964 18964 W RecyclerView: 	at androidx.recyclerview.widget.RecyclerView$AdapterDataObservable.notifyItemRangeInserted(RecyclerView.java:12278)
08-04 12:40:22.985 18964 18964 W RecyclerView: 	at androidx.recyclerview.widget.RecyclerView$Adapter.notifyItemInserted(RecyclerView.java:7464)
08-04 12:40:22.985 18964 18964 W RecyclerView: 	at baseline.org.quantumbadger.redreader.adapters.GroupedRecyclerViewAdapter.updateHiddenStatus(GroupedRecyclerViewAdapter.java:279)
08-04 12:40:22.985 18964 18964 W RecyclerView: 	at baseline.org.quantumbadger.redreader.adapters.RedditListingManager.setLoadingVisible(RedditListingManager.java:125)
08-04 12:40:22.985 18964 18964 W RecyclerView: 	at baseline.org.quantumbadger.redreader.fragments.PostListingFragment.onLoadMoreItemsCheck(PostListingFragment.java:465)
08-04 12:40:22.985 18964 18964 W RecyclerView: 	at baseline.org.quantumbadger.redreader.fragments.PostListingFragment.access$000(PostListingFragment.java:98)
08-04 12:40:22.985 18964 18964 W RecyclerView: 	at baseline.org.quantumbadger.redreader.fragments.PostListingFragment$2.onScrolled(PostListingFragment.java:215)
08-04 12:40:22.985 18964 18964 W RecyclerView: 	at androidx.recyclerview.widget.RecyclerView.dispatchOnScrolled(RecyclerView.java:5173)
08-04 12:40:22.985 18964 18964 W RecyclerView: 	at androidx.recyclerview.widget.RecyclerView.dispatchLayoutStep3(RecyclerView.java:4231)
08-04 12:40:22.985 18964 18964 W RecyclerView: 	at androidx.recyclerview.widget.RecyclerView.dispatchLayout(RecyclerView.java:3862)
08-04 12:40:22.985 18964 18964 W RecyclerView: 	at androidx.recyclerview.widget.RecyclerView.consumePendingUpdateOperations(RecyclerView.java:1897)
08-04 12:40:22.985 18964 18964 W RecyclerView: 	at androidx.recyclerview.widget.RecyclerView$1.run(RecyclerView.java:414)
08-04 12:40:22.985 18964 18964 W RecyclerView: 	at android.view.Choreographer$CallbackRecord.run(Choreographer.java:858)
08-04 12:40:22.985 18964 18964 W RecyclerView: 	at android.view.Choreographer.doCallbacks(Choreographer.java:670)
08-04 12:40:22.985 18964 18964 W RecyclerView: 	at android.view.Choreographer.doFrame(Choreographer.java:603)
08-04 12:40:22.985 18964 18964 W RecyclerView: 	at android.view.Choreographer$FrameDisplayEventReceiver.run(Choreographer.java:844)
08-04 12:40:22.985 18964 18964 W RecyclerView: 	at android.os.Handler.handleCallback(Handler.java:739)
08-04 12:40:22.985 18964 18964 W RecyclerView: 	at android.os.Handler.dispatchMessage(Handler.java:95)
08-04 12:40:22.985 18964 18964 W RecyclerView: 	at android.os.Looper.loop(Looper.java:148)
08-04 12:40:22.985 18964 18964 W RecyclerView: 	at android.app.ActivityThread.main(ActivityThread.java:5417)
08-04 12:40:22.985 18964 18964 W RecyclerView: 	at java.lang.reflect.Method.invoke(Native Method)
08-04 12:40:22.985 18964 18964 W RecyclerView: 	at com.android.internal.os.ZygoteInit$MethodAndArgsCaller.run(ZygoteInit.java:726)
08-04 12:40:22.985 18964 18964 W RecyclerView: 	at com.android.internal.os.ZygoteInit.main(ZygoteInit.java:616)
08-04 12:40:23.031 18964 18980 I art     : Explicit concurrent mark sweep GC freed 1269(122KB) AllocSpace objects, 0(0B) LOS objects, 27% free, 43MB/59MB, paused 792us total 49.918ms
08-04 12:40:23.050 18964 18980 I art     : Starting a blocking GC Explicit
08-04 12:40:23.099 18964 18980 I art     : Explicit concurrent mark sweep GC freed 51(2320B) AllocSpace objects, 0(0B) LOS objects, 27% free, 43MB/59MB, paused 530us total 48.475ms
08-04 12:40:23.443 18964 18980 I art     : Starting a blocking GC Explicit
08-04 12:40:23.508 18964 18980 I art     : Explicit concurrent mark sweep GC freed 1733(101KB) AllocSpace objects, 1(20KB) LOS objects, 27% free, 43MB/59MB, paused 655us total 63.729ms
08-04 12:40:23.528 18964 18980 I art     : Starting a blocking GC Explicit
08-04 12:40:23.591 18964 18980 I art     : Explicit concurrent mark sweep GC freed 83(4KB) AllocSpace objects, 0(0B) LOS objects, 27% free, 43MB/59MB, paused 621us total 63.246ms
08-04 12:40:23.614 18964 18980 I art     : Starting a blocking GC Explicit
08-04 12:40:23.643 18964 22592 D OK      : calling: https://oauth.reddit.com/r/aww/hot/.json?after=t3_hz5odc
08-04 12:40:23.674 18964 18980 I art     : Explicit concurrent mark sweep GC freed 100(4KB) AllocSpace objects, 0(0B) LOS objects, 27% free, 43MB/59MB, paused 708us total 59.309ms
08-04 12:40:23.693 18964 18980 I art     : Starting a blocking GC Explicit
08-04 12:40:23.753 18964 18980 I art     : Explicit concurrent mark sweep GC freed 10(384B) AllocSpace objects, 0(0B) LOS objects, 27% free, 43MB/59MB, paused 741us total 59.157ms
08-04 12:40:23.776 18964 18980 I art     : Starting a blocking GC Explicit
08-04 12:40:23.829 18964 22592 I NAPPA_EXPERIMENTATION: MetricNetworkRequestExecutionTime: REQUEST_DURATION_SYSTEM='185',REQUEST_DURATION_OKHTTP='176',REQUEST_SYNCHRONOUS='TRUE',RESPONSE_CODE='200',RESPONSE_METHOD='GET',RESPONSE_LENGTH_OKHTTP='-1',RESPONSE_LENGTH_HEADER='30610',REQUEST_PROTOCOL='h2',REQUEST_URL='https://oauth.reddit.com/r/aww/hot/.json?after=t3_hz5odc',
08-04 12:40:23.829 18964 22592 D OK      : request got status: 200
08-04 12:40:23.837 18964 18980 I art     : Explicit concurrent mark sweep GC freed 366(30KB) AllocSpace objects, 0(0B) LOS objects, 26% free, 43MB/59MB, paused 793us total 60.152ms
08-04 12:40:23.850 18964 22579 I PostListingFragment: Precaching images: OFF
08-04 12:40:23.850 18964 22579 I PostListingFragment: Precaching comments: OFF
08-04 12:40:23.886 18964 22594 I RedditVideosAPI: For 'https://v.redd.it/syww111dtjd51/DASHPlaylist.mpd', got video stream 'https://v.redd.it/syww111dtjd51/DASH_480' and audio stream 'https://v.redd.it/syww111dtjd51/audio'
08-04 12:40:23.948 18964 22579 I getImgurImageInfo: Image nLQR2hT: trying API v3 with auth
08-04 12:40:24.016 18964 22578 I RedditVideosAPI: For 'https://v.redd.it/jk6cwef4wld51/DASHPlaylist.mpd', got video stream 'https://v.redd.it/jk6cwef4wld51/DASH_480' and audio stream 'null'
08-04 12:40:24.017 18964 22578 I RedditVideosAPI: For 'https://v.redd.it/t81s8zfz9ld51/DASHPlaylist.mpd', got video stream 'https://v.redd.it/t81s8zfz9ld51/DASH_480' and audio stream 'https://v.redd.it/t81s8zfz9ld51/audio'
08-04 12:40:24.022 18964 22594 I RedditVideosAPI: For 'https://v.redd.it/xd6c4yyutgd51/DASHPlaylist.mpd', got video stream 'https://v.redd.it/xd6c4yyutgd51/DASH_480' and audio stream 'null'
08-04 12:40:24.033 18964 22578 I RedditVideosAPI: For 'https://v.redd.it/ue0jdgk9zhd51/DASHPlaylist.mpd', got video stream 'https://v.redd.it/ue0jdgk9zhd51/DASH_360' and audio stream 'https://v.redd.it/ue0jdgk9zhd51/audio'
08-04 12:40:24.043 18964 22578 I RedditVideosAPI: For 'https://v.redd.it/pbqrrfb3tkd51/DASHPlaylist.mpd', got video stream 'https://v.redd.it/pbqrrfb3tkd51/DASH_480' and audio stream 'null'
08-04 12:40:24.044 18964 22578 I RedditVideosAPI: For 'https://v.redd.it/rrygsb8i4ld51/DASHPlaylist.mpd', got video stream 'https://v.redd.it/rrygsb8i4ld51/DASH_480' and audio stream 'https://v.redd.it/rrygsb8i4ld51/audio'
08-04 12:40:24.045 18964 22578 I RedditVideosAPI: For 'https://v.redd.it/5x6zzipz8ld51/DASHPlaylist.mpd', got video stream 'https://v.redd.it/5x6zzipz8ld51/DASH_480' and audio stream 'null'
08-04 12:40:24.046 18964 22578 I RedditVideosAPI: For 'https://v.redd.it/75en73fm5id51/DASHPlaylist.mpd', got video stream 'https://v.redd.it/75en73fm5id51/DASH_480' and audio stream 'https://v.redd.it/75en73fm5id51/audio'
08-04 12:40:24.049 18964 22594 I RedditVideosAPI: For 'https://v.redd.it/ggz4fyth6hd51/DASHPlaylist.mpd', got video stream 'https://v.redd.it/ggz4fyth6hd51/DASH_360' and audio stream 'null'
08-04 12:40:24.049 18964 22578 I RedditVideosAPI: For 'https://v.redd.it/psrknoobrgd51/DASHPlaylist.mpd', got video stream 'https://v.redd.it/psrknoobrgd51/DASH_480' and audio stream 'null'
08-04 12:40:24.172 18964 18981 I art     : Starting a blocking GC Explicit
08-04 12:40:24.242 18964 18981 I art     : Explicit concurrent mark sweep GC freed 43356(3MB) AllocSpace objects, 98(5MB) LOS objects, 24% free, 48MB/64MB, paused 626us total 70.159ms
08-04 12:40:24.262 18964 18981 I art     : Starting a blocking GC Explicit
08-04 12:40:24.320 18964 18981 I art     : Explicit concurrent mark sweep GC freed 2429(101KB) AllocSpace objects, 0(0B) LOS objects, 24% free, 48MB/64MB, paused 571us total 57.642ms
08-04 12:40:24.340 18964 18981 I art     : Starting a blocking GC Explicit
08-04 12:40:24.396 18964 18981 I art     : Explicit concurrent mark sweep GC freed 3(96B) AllocSpace objects, 0(0B) LOS objects, 24% free, 48MB/64MB, paused 582us total 55.732ms
08-04 12:40:24.416 18964 18981 I art     : Starting a blocking GC Explicit
08-04 12:40:24.458 13866 13882 I PeriodicStatsRunner: PeriodicStatsRunner.call():175 call()
08-04 12:40:24.458 13866 13882 I PeriodicStatsRunner: PeriodicStatsRunner.call():179 No submit PeriodicStats since input started.
08-04 12:40:24.475 18964 18981 I art     : Explicit concurrent mark sweep GC freed 3(96B) AllocSpace objects, 0(0B) LOS objects, 24% free, 48MB/64MB, paused 646us total 58.785ms
08-04 12:40:24.495 18964 18981 I art     : Starting a blocking GC Explicit
08-04 12:40:24.560 18964 18981 I art     : Explicit concurrent mark sweep GC freed 3(96B) AllocSpace objects, 0(0B) LOS objects, 24% free, 48MB/64MB, paused 619us total 65.464ms
08-04 12:40:24.957 18964 19193 I art     : Starting a blocking GC Explicit
08-04 12:40:25.020 18964 19193 I art     : Explicit concurrent mark sweep GC freed 1355(83KB) AllocSpace objects, 1(20KB) LOS objects, 24% free, 48MB/64MB, paused 693us total 63.149ms
08-04 12:40:25.044 18964 19193 I art     : Starting a blocking GC Explicit
08-04 12:40:25.103 18964 19193 I art     : Explicit concurrent mark sweep GC freed 20(704B) AllocSpace objects, 0(0B) LOS objects, 24% free, 48MB/64MB, paused 604us total 59.200ms
08-04 12:40:25.123 18964 19193 I art     : Starting a blocking GC Explicit
08-04 12:40:25.190 18964 19193 I art     : Explicit concurrent mark sweep GC freed 3(96B) AllocSpace objects, 0(0B) LOS objects, 24% free, 48MB/64MB, paused 747us total 65.965ms
08-04 12:40:25.213 18964 19193 I art     : Starting a blocking GC Explicit
08-04 12:40:25.273 18964 19193 I art     : Explicit concurrent mark sweep GC freed 3(96B) AllocSpace objects, 0(0B) LOS objects, 24% free, 48MB/64MB, paused 644us total 59.471ms
08-04 12:40:25.293 18964 19193 I art     : Starting a blocking GC Explicit
08-04 12:40:25.353 18964 19193 I art     : Explicit concurrent mark sweep GC freed 3(96B) AllocSpace objects, 0(0B) LOS objects, 24% free, 48MB/64MB, paused 657us total 60.238ms
08-04 12:40:25.735 18964 20361 I art     : Starting a blocking GC Explicit
08-04 12:40:25.805 18964 20361 I art     : Explicit concurrent mark sweep GC freed 1357(83KB) AllocSpace objects, 1(20KB) LOS objects, 24% free, 48MB/64MB, paused 628us total 69.238ms
08-04 12:40:25.829 18964 20361 I art     : Starting a blocking GC Explicit
08-04 12:40:25.888 18964 20361 I art     : Explicit concurrent mark sweep GC freed 20(704B) AllocSpace objects, 0(0B) LOS objects, 24% free, 48MB/64MB, paused 645us total 59.308ms
08-04 12:40:25.908 18964 20361 I art     : Starting a blocking GC Explicit
08-04 12:40:25.971 18964 20361 I art     : Explicit concurrent mark sweep GC freed 3(96B) AllocSpace objects, 0(0B) LOS objects, 24% free, 48MB/64MB, paused 692us total 62.810ms
08-04 12:40:25.994 18964 20361 I art     : Starting a blocking GC Explicit
08-04 12:40:26.054 18964 20361 I art     : Explicit concurrent mark sweep GC freed 3(96B) AllocSpace objects, 0(0B) LOS objects, 24% free, 48MB/64MB, paused 618us total 59.921ms
08-04 12:40:26.074 18964 20361 I art     : Starting a blocking GC Explicit
08-04 12:40:26.133 18964 20361 I art     : Explicit concurrent mark sweep GC freed 3(96B) AllocSpace objects, 0(0B) LOS objects, 24% free, 48MB/64MB, paused 638us total 59.438ms
08-04 12:40:26.308 13866 13882 I PeriodicStatsRunner: PeriodicStatsRunner.call():175 call()
08-04 12:40:26.309 13866 13882 I PeriodicStatsRunner: PeriodicStatsRunner.call():179 No submit PeriodicStats since input started.
08-04 12:40:26.532 18964 18992 I art     : Starting a blocking GC Explicit
08-04 12:40:26.595 18964 18992 I art     : Explicit concurrent mark sweep GC freed 1355(83KB) AllocSpace objects, 1(20KB) LOS objects, 24% free, 48MB/64MB, paused 629us total 62.935ms
08-04 12:40:26.615 18964 18992 I art     : Starting a blocking GC Explicit
08-04 12:40:26.672 18964 18992 I art     : Explicit concurrent mark sweep GC freed 20(704B) AllocSpace objects, 0(0B) LOS objects, 24% free, 48MB/64MB, paused 588us total 56.423ms
08-04 12:40:26.692 18964 18992 I art     : Starting a blocking GC Explicit
08-04 12:40:26.704   518   646 I ThermalEngine: ACTION: GPU - Setting GPU[0] to 510000000
08-04 12:40:26.747 18964 18992 I art     : Explicit concurrent mark sweep GC freed 3(96B) AllocSpace objects, 0(0B) LOS objects, 24% free, 48MB/64MB, paused 634us total 55.115ms
08-04 12:40:26.763 18964 18992 I art     : Starting a blocking GC Explicit
08-04 12:40:26.807 18964 18992 I art     : Explicit concurrent mark sweep GC freed 3(96B) AllocSpace objects, 0(0B) LOS objects, 24% free, 48MB/64MB, paused 441us total 43.510ms
08-04 12:40:26.822 18964 18992 I art     : Starting a blocking GC Explicit
08-04 12:40:26.864 18964 18992 I art     : Explicit concurrent mark sweep GC freed 3(96B) AllocSpace objects, 0(0B) LOS objects, 24% free, 48MB/64MB, paused 456us total 42.168ms
08-04 12:40:26.931 22635 22635 D AndroidRuntime: >>>>>> START com.android.internal.os.RuntimeInit uid 2000 <<<<<<
08-04 12:40:26.936 22635 22635 D AndroidRuntime: CheckJNI is OFF
08-04 12:40:26.971 22635 22635 D ICU     : No timezone override file found: /data/misc/zoneinfo/current/icu/icu_tzdata.dat
08-04 12:40:27.009 22635 22635 I Radio-JNI: register_android_hardware_Radio DONE
08-04 12:40:27.031 22635 22635 D AndroidRuntime: Calling main entry com.android.commands.input.Input
08-04 12:40:27.033 22635 22635 I Input   : injectMotionEvent: MotionEvent { action=ACTION_DOWN, actionButton=0, id[0]=0, x[0]=1340.0, y[0]=1100.0, toolType[0]=TOOL_TYPE_UNKNOWN, buttonState=0, metaState=0, flags=0x0, edgeFlags=0x0, pointerCount=1, historySize=0, eventTime=708043446, downTime=708043446, deviceId=0, source=0x1002 }
08-04 12:40:27.039 22635 22635 I Input   : injectMotionEvent: MotionEvent { action=ACTION_UP, actionButton=0, id[0]=0, x[0]=1340.0, y[0]=1100.0, toolType[0]=TOOL_TYPE_UNKNOWN, buttonState=0, metaState=0, flags=0x0, edgeFlags=0x0, pointerCount=1, historySize=0, eventTime=708043446, downTime=708043446, deviceId=0, source=0x1002 }
08-04 12:40:27.041 22635 22635 D AndroidRuntime: Shutting down VM
08-04 12:40:27.057   512  2967 D audio_hw_primary: out_set_parameters: enter: usecase(1: low-latency-playback) kvpairs: routing=2
08-04 12:40:27.058   918  5132 I ActivityManager: START u0 {dat=https://oauth.reddit.com/... cmp=baseline.org.quantumbadger.redreader/.activities.CommentListingActivity} from uid 10666 on display 0
08-04 12:40:27.069   512  2967 D audio_hw_primary: select_devices: out_snd_device(2: speaker) in_snd_device(0: none)
08-04 12:40:27.070   512  2967 D msm8974_platform: platform_send_audio_calibration: sending audio calibration for snd_device(2) acdb_id(15)
08-04 12:40:27.070   512  2967 I soundtrigger: audio_extn_sound_trigger_update_device_status: device 0x2 of type 0 for Event 1
08-04 12:40:27.080   512  2967 D audio_hw_primary: enable_snd_device: snd_device(2: speaker)
08-04 12:40:27.082   512  2967 D audio_hw_primary: enable_audio_route: apply and update mixer path: low-latency-playback speaker
08-04 12:40:27.082 18964 18964 I AppCompatViewInflater: app:theme is now deprecated. Please move to using android:theme instead.
08-04 12:40:27.097 18964 22579 I CommentListingActivity: COMMENTS session changed to 64525a66-e3f9-43a7-a0cd-a71430be2eef
08-04 12:40:27.198 18964 19193 I art     : Starting a blocking GC Explicit
08-04 12:40:27.218   918   936 I ActivityManager: Displayed baseline.org.quantumbadger.redreader/.activities.CommentListingActivity: +151ms
08-04 12:40:27.219 13866 13866 I GoogleInputMethodServic: GoogleInputMethodService.onFinishInput():3138 
08-04 12:40:27.219 13866 13866 I GoogleInputMethodServic: GoogleInputMethodService.onStartInput():1808 
08-04 12:40:27.260 18964 19193 I art     : Explicit concurrent mark sweep GC freed 30668(1707KB) AllocSpace objects, 1(20KB) LOS objects, 24% free, 50MB/66MB, paused 614us total 60.687ms
08-04 12:40:27.276 18964 19193 I art     : Starting a blocking GC Explicit
08-04 12:40:27.325 18964 19193 I art     : Explicit concurrent mark sweep GC freed 21278(1150KB) AllocSpace objects, 53(10MB) LOS objects, 28% free, 39MB/55MB, paused 415us total 49.132ms
08-04 12:40:27.340 18964 19193 I art     : Starting a blocking GC Explicit
08-04 12:40:27.384 18964 19193 I art     : Explicit concurrent mark sweep GC freed 73(3KB) AllocSpace objects, 0(0B) LOS objects, 28% free, 39MB/55MB, paused 407us total 44.037ms
08-04 12:40:27.400 18964 19193 I art     : Starting a blocking GC Explicit
08-04 12:40:27.443 18964 19193 I art     : Explicit concurrent mark sweep GC freed 5(192B) AllocSpace objects, 0(0B) LOS objects, 28% free, 39MB/55MB, paused 356us total 43.369ms
08-04 12:40:27.459 18964 19193 I art     : Starting a blocking GC Explicit
08-04 12:40:27.467   918   918 I ActivityManager: Start proc 22659:com.google.android.talk/u0a53 for service com.google.android.talk/androidx.work.impl.background.systemjob.SystemJobService
08-04 12:40:27.468   380   380 W SurfaceFlinger: couldn't log to binary event log: overflow.
08-04 12:40:27.481 22671 22671 I art     : Late-enabling -Xcheck:jni
08-04 12:40:27.484   918   918 I ActivityManager: Start proc 22671:baseline.com.newsblur/u0a652 for service baseline.com.newsblur/.service.NBSyncService
08-04 12:40:27.505 18964 19193 I art     : Explicit concurrent mark sweep GC freed 3(96B) AllocSpace objects, 0(0B) LOS objects, 28% free, 39MB/55MB, paused 416us total 45.120ms
08-04 12:40:27.510 22671 22671 W System  : ClassLoader referenced unknown path: /data/app/baseline.com.newsblur-1/lib/arm64
08-04 12:40:27.537   918  6029 I ActivityManager: Killing 9967:nappagreedy.com.newsblur/u0a655 (adj 15): empty #17
08-04 12:40:27.629   512  2967 D audio_hw_primary: disable_audio_route: reset and update mixer path: low-latency-playback speaker
08-04 12:40:27.630   512  2967 D audio_hw_primary: disable_snd_device: snd_device(2: speaker)
08-04 12:40:27.640   512  2967 I soundtrigger: audio_extn_sound_trigger_update_device_status: device 0x2 of type 0 for Event 0
08-04 12:40:27.740 18964 22577 I RedditChangeDataIO: Writing tmp data file at '/data/user/0/baseline.org.quantumbadger.redreader/files/rr_change_data_tmp.dat'
08-04 12:40:27.740 18964 22577 I RedditChangeDataManager: Taking snapshot...
08-04 12:40:27.741 18964 22577 I RedditChangeDataManager: Writing to stream...
08-04 12:40:27.741 18964 22577 I RedditChangeDataManager: Wrote 6 entries for user ''
08-04 12:40:27.741 18964 22577 I RedditChangeDataManager: All entries written to stream.
08-04 12:40:27.741 18964 22577 I RedditChangeDataIO: Write successful. Atomically replacing data file...
08-04 12:40:27.741 18964 22577 I RedditChangeDataIO: Write complete.
08-04 12:40:27.741 18964 22577 I RedditChangeDataIO: 158 bytes written in 1 ms
08-04 12:40:27.787 18964 18981 I art     : Starting a blocking GC Explicit
08-04 12:40:27.834 18964 18981 I art     : Explicit concurrent mark sweep GC freed 1590(93KB) AllocSpace objects, 2(88KB) LOS objects, 28% free, 39MB/55MB, paused 412us total 46.333ms
08-04 12:40:27.850 18964 18981 I art     : Starting a blocking GC Explicit
08-04 12:40:27.894 18964 18981 I art     : Explicit concurrent mark sweep GC freed 27(928B) AllocSpace objects, 0(0B) LOS objects, 28% free, 39MB/55MB, paused 457us total 44.077ms
08-04 12:40:27.911 18964 18981 I art     : Starting a blocking GC Explicit
08-04 12:40:27.954 18964 18981 I art     : Explicit concurrent mark sweep GC freed 3(96B) AllocSpace objects, 0(0B) LOS objects, 28% free, 39MB/55MB, paused 343us total 42.803ms
08-04 12:40:27.970 18964 18981 I art     : Starting a blocking GC Explicit
08-04 12:40:27.993 22659 22706 E gve     : Babel_SMS: canonicalizeMccMnc: invalid mccmnc 
08-04 12:40:27.994 22659 22706 E gve     : Babel_SMS: canonicalizeMccMnc: invalid mccmnc nullnull
08-04 12:40:28.016 18964 18981 I art     : Explicit concurrent mark sweep GC freed 3(96B) AllocSpace objects, 0(0B) LOS objects, 28% free, 39MB/55MB, paused 475us total 45.111ms
08-04 12:40:28.032 18964 18981 I art     : Starting a blocking GC Explicit
08-04 12:40:28.075 18964 18981 I art     : Explicit concurrent mark sweep GC freed 3(96B) AllocSpace objects, 0(0B) LOS objects, 28% free, 39MB/55MB, paused 334us total 42.896ms
08-04 12:40:28.157   918  3961 I ActivityManager: Killing 9976:nappatfpr.com.newsblur/u0a658 (adj 15): empty #17
08-04 12:40:28.167 22659 22729 E gve     : Babel_ConcService: No valid Tag name
08-04 12:40:28.374 18964 19193 I art     : Starting a blocking GC Explicit
08-04 12:40:28.427 18964 19193 I art     : Explicit concurrent mark sweep GC freed 1358(83KB) AllocSpace objects, 1(20KB) LOS objects, 28% free, 39MB/55MB, paused 386us total 52.650ms
08-04 12:40:28.443 18964 19193 I art     : Starting a blocking GC Explicit
08-04 12:40:28.488 18964 19193 I art     : Explicit concurrent mark sweep GC freed 66(2528B) AllocSpace objects, 0(0B) LOS objects, 28% free, 39MB/55MB, paused 401us total 45.161ms
08-04 12:40:28.504 18964 19193 I art     : Starting a blocking GC Explicit
08-04 12:40:28.556 18964 19193 I art     : Explicit concurrent mark sweep GC freed 3(96B) AllocSpace objects, 0(0B) LOS objects, 28% free, 39MB/55MB, paused 415us total 51.405ms
08-04 12:40:28.572 18964 19193 I art     : Starting a blocking GC Explicit
08-04 12:40:28.625 18964 19193 I art     : Explicit concurrent mark sweep GC freed 3(96B) AllocSpace objects, 0(0B) LOS objects, 28% free, 39MB/55MB, paused 424us total 52.947ms
08-04 12:40:28.642 18964 19193 I art     : Starting a blocking GC Explicit
08-04 12:40:28.696 18964 19193 I art     : Explicit concurrent mark sweep GC freed 3(96B) AllocSpace objects, 0(0B) LOS objects, 28% free, 39MB/55MB, paused 420us total 53.713ms
08-04 12:40:28.714   518   646 I ThermalEngine: ACTION: GPU - Setting GPU[0] to 450000000
08-04 12:40:29.087 18964 18980 I art     : Starting a blocking GC Explicit
08-04 12:40:29.170 18964 18980 I art     : Explicit concurrent mark sweep GC freed 1629(126KB) AllocSpace objects, 1(20KB) LOS objects, 28% free, 39MB/55MB, paused 635us total 82.345ms
08-04 12:40:29.194 18964 18980 I art     : Starting a blocking GC Explicit
08-04 12:40:29.267 18964 18980 I art     : Explicit concurrent mark sweep GC freed 85(2880B) AllocSpace objects, 0(0B) LOS objects, 28% free, 39MB/55MB, paused 526us total 72.574ms
08-04 12:40:29.289 18964 18980 I art     : Starting a blocking GC Explicit
08-04 12:40:29.360 18964 18980 I art     : Explicit concurrent mark sweep GC freed 3(96B) AllocSpace objects, 0(0B) LOS objects, 28% free, 39MB/55MB, paused 530us total 70.888ms
08-04 12:40:29.382 18964 18980 I art     : Starting a blocking GC Explicit
08-04 12:40:29.457 18964 18980 I art     : Explicit concurrent mark sweep GC freed 3(96B) AllocSpace objects, 0(0B) LOS objects, 28% free, 39MB/55MB, paused 584us total 75.047ms
08-04 12:40:29.479 18964 18980 I art     : Starting a blocking GC Explicit
08-04 12:40:29.552 18964 18980 I art     : Explicit concurrent mark sweep GC freed 3(96B) AllocSpace objects, 0(0B) LOS objects, 28% free, 39MB/55MB, paused 507us total 72.978ms
08-04 12:40:29.703   918  3188 I hubconnection: sensorhub said: 'set_bias 3: -6.2400, 0.0000, 0.0000'
08-04 12:40:29.931 18964 20361 I art     : Starting a blocking GC Explicit
08-04 12:40:30.016 18964 20361 I art     : Explicit concurrent mark sweep GC freed 1354(82KB) AllocSpace objects, 1(20KB) LOS objects, 28% free, 39MB/55MB, paused 545us total 84.290ms
08-04 12:40:30.040 18964 20361 I art     : Starting a blocking GC Explicit
08-04 12:40:30.110 18964 20361 I art     : Explicit concurrent mark sweep GC freed 20(704B) AllocSpace objects, 0(0B) LOS objects, 28% free, 39MB/55MB, paused 540us total 68.947ms
08-04 12:40:30.131 18964 20361 I art     : Starting a blocking GC Explicit
08-04 12:40:30.203 18964 20361 I art     : Explicit concurrent mark sweep GC freed 3(96B) AllocSpace objects, 0(0B) LOS objects, 28% free, 39MB/55MB, paused 529us total 71.210ms
08-04 12:40:30.225 18964 20361 I art     : Starting a blocking GC Explicit
08-04 12:40:30.297 18964 20361 I art     : Explicit concurrent mark sweep GC freed 3(96B) AllocSpace objects, 0(0B) LOS objects, 28% free, 39MB/55MB, paused 582us total 72.298ms
08-04 12:40:30.319 18964 20361 I art     : Starting a blocking GC Explicit
08-04 12:40:30.392 18964 20361 I art     : Explicit concurrent mark sweep GC freed 3(96B) AllocSpace objects, 0(0B) LOS objects, 28% free, 39MB/55MB, paused 535us total 73.129ms
08-04 12:40:30.752 18964 18992 I art     : Starting a blocking GC Explicit
08-04 12:40:30.837 18964 18992 I art     : Explicit concurrent mark sweep GC freed 1354(82KB) AllocSpace objects, 1(20KB) LOS objects, 28% free, 39MB/55MB, paused 577us total 84.257ms
08-04 12:40:30.862 18964 18992 I art     : Starting a blocking GC Explicit
08-04 12:40:30.937 18964 18992 I art     : Explicit concurrent mark sweep GC freed 20(704B) AllocSpace objects, 0(0B) LOS objects, 28% free, 39MB/55MB, paused 578us total 74.765ms
08-04 12:40:30.960 18964 18992 I art     : Starting a blocking GC Explicit
08-04 12:40:31.033 18964 18992 I art     : Explicit concurrent mark sweep GC freed 3(96B) AllocSpace objects, 0(0B) LOS objects, 28% free, 39MB/55MB, paused 508us total 72.080ms
08-04 12:40:31.054 18964 18992 I art     : Starting a blocking GC Explicit
08-04 12:40:31.127 18964 18992 I art     : Explicit concurrent mark sweep GC freed 3(96B) AllocSpace objects, 0(0B) LOS objects, 28% free, 39MB/55MB, paused 563us total 72.031ms
08-04 12:40:31.149 18964 18992 I art     : Starting a blocking GC Explicit
08-04 12:40:31.219 18964 18992 I art     : Explicit concurrent mark sweep GC freed 3(96B) AllocSpace objects, 0(0B) LOS objects, 28% free, 39MB/55MB, paused 538us total 70.444ms
08-04 12:40:31.549 18964 18981 I art     : Starting a blocking GC Explicit
08-04 12:40:31.629 18964 18981 I art     : Explicit concurrent mark sweep GC freed 1354(82KB) AllocSpace objects, 1(20KB) LOS objects, 28% free, 39MB/55MB, paused 570us total 79.322ms
08-04 12:40:31.630 18964 18974 I art     : WaitForGcToComplete blocked for 33.986ms for cause HeapTrim
08-04 12:40:31.658 18964 18981 I art     : Starting a blocking GC Explicit
08-04 12:40:31.726 18964 18981 I art     : Explicit concurrent mark sweep GC freed 20(704B) AllocSpace objects, 0(0B) LOS objects, 28% free, 39MB/55MB, paused 539us total 67.775ms
08-04 12:40:31.747 18964 18981 I art     : Starting a blocking GC Explicit
08-04 12:40:31.814 18964 18981 I art     : Explicit concurrent mark sweep GC freed 3(96B) AllocSpace objects, 0(0B) LOS objects, 28% free, 39MB/55MB, paused 515us total 66.766ms
08-04 12:40:31.835 18964 18981 I art     : Starting a blocking GC Explicit
08-04 12:40:31.865 22778 22778 D AndroidRuntime: >>>>>> START com.android.internal.os.RuntimeInit uid 2000 <<<<<<
08-04 12:40:31.871 22778 22778 D AndroidRuntime: CheckJNI is OFF
08-04 12:40:31.902 18964 18981 I art     : Explicit concurrent mark sweep GC freed 3(96B) AllocSpace objects, 0(0B) LOS objects, 28% free, 39MB/55MB, paused 512us total 66.289ms
08-04 12:40:31.920 22778 22778 D ICU     : No timezone override file found: /data/misc/zoneinfo/current/icu/icu_tzdata.dat
08-04 12:40:31.923 18964 18981 I art     : Starting a blocking GC Explicit
08-04 12:40:31.965 22778 22778 I Radio-JNI: register_android_hardware_Radio DONE
08-04 12:40:31.989 18964 18981 I art     : Explicit concurrent mark sweep GC freed 3(96B) AllocSpace objects, 0(0B) LOS objects, 28% free, 39MB/55MB, paused 528us total 65.564ms
08-04 12:40:31.995 22778 22778 D AndroidRuntime: Calling main entry com.android.commands.input.Input
08-04 12:40:31.998 22778 22778 I Input   : injectKeyEvent: KeyEvent { action=ACTION_DOWN, keyCode=KEYCODE_BACK, scanCode=0, metaState=0, flags=0x0, repeatCount=0, eventTime=708048410, downTime=708048410, deviceId=-1, source=0x101 }
08-04 12:40:32.005 22778 22778 I Input   : injectKeyEvent: KeyEvent { action=ACTION_UP, keyCode=KEYCODE_BACK, scanCode=0, metaState=0, flags=0x0, repeatCount=0, eventTime=708048410, downTime=708048410, deviceId=-1, source=0x101 }
08-04 12:40:32.013 22778 22778 D AndroidRuntime: Shutting down VM
08-04 12:40:32.054 13866 13866 I GoogleInputMethodServic: GoogleInputMethodService.onFinishInput():3138 
08-04 12:40:32.055 13866 13866 I GoogleInputMethodServic: GoogleInputMethodService.onStartInput():1808 
08-04 12:40:32.219 13866 13882 I PeriodicStatsRunner: PeriodicStatsRunner.call():175 call()
08-04 12:40:32.220 13866 13882 I PeriodicStatsRunner: PeriodicStatsRunner.call():179 No submit PeriodicStats since input started.
08-04 12:40:32.314 18964 18992 I art     : Starting a blocking GC Explicit
08-04 12:40:32.373   380   380 W SurfaceFlinger: couldn't log to binary event log: overflow.
08-04 12:40:32.386 18964 18992 I art     : Explicit concurrent mark sweep GC freed 1665(93KB) AllocSpace objects, 1(20KB) LOS objects, 28% free, 39MB/55MB, paused 548us total 71.948ms
08-04 12:40:32.408 18964 18992 I art     : Starting a blocking GC Explicit
08-04 12:40:32.468 18964 18992 I art     : Explicit concurrent mark sweep GC freed 42(1664B) AllocSpace objects, 0(0B) LOS objects, 28% free, 39MB/55MB, paused 516us total 60.073ms
08-04 12:40:32.489 18964 18992 I art     : Starting a blocking GC Explicit
08-04 12:40:32.537 18964 18992 I art     : Explicit concurrent mark sweep GC freed 41394(2MB) AllocSpace objects, 5(140KB) LOS objects, 29% free, 37MB/53MB, paused 496us total 48.031ms
08-04 12:40:32.554 18964 18992 I art     : Starting a blocking GC Explicit
08-04 12:40:32.597 18964 18992 I art     : Explicit concurrent mark sweep GC freed 3(96B) AllocSpace objects, 0(0B) LOS objects, 29% free, 37MB/53MB, paused 515us total 42.633ms
08-04 12:40:32.615 18964 18992 I art     : Starting a blocking GC Explicit
08-04 12:40:32.663 18964 18992 I art     : Explicit concurrent mark sweep GC freed 3(96B) AllocSpace objects, 0(0B) LOS objects, 29% free, 37MB/53MB, paused 491us total 47.625ms
08-04 12:40:32.717   518   646 I ThermalEngine: ACTION: GPU - Setting GPU[0] to 510000000
08-04 12:40:32.983 18964 18981 I art     : Starting a blocking GC Explicit
08-04 12:40:33.035 18964 18981 I art     : Explicit concurrent mark sweep GC freed 1354(82KB) AllocSpace objects, 1(20KB) LOS objects, 29% free, 37MB/53MB, paused 439us total 51.686ms
08-04 12:40:33.055 18964 18981 I art     : Starting a blocking GC Explicit
08-04 12:40:33.095 18964 18981 I art     : Explicit concurrent mark sweep GC freed 20(704B) AllocSpace objects, 0(0B) LOS objects, 29% free, 37MB/53MB, paused 348us total 39.773ms
08-04 12:40:33.110 18964 18981 I art     : Starting a blocking GC Explicit
08-04 12:40:33.152 18964 18981 I art     : Explicit concurrent mark sweep GC freed 3(96B) AllocSpace objects, 0(0B) LOS objects, 29% free, 37MB/53MB, paused 389us total 41.465ms
08-04 12:40:33.167 18964 18981 I art     : Starting a blocking GC Explicit
08-04 12:40:33.208 18964 18981 I art     : Explicit concurrent mark sweep GC freed 3(96B) AllocSpace objects, 0(0B) LOS objects, 29% free, 37MB/53MB, paused 418us total 40.955ms
08-04 12:40:33.223 18964 18981 I art     : Starting a blocking GC Explicit
08-04 12:40:33.262 18964 18981 I art     : Explicit concurrent mark sweep GC freed 3(96B) AllocSpace objects, 0(0B) LOS objects, 29% free, 37MB/53MB, paused 364us total 39.110ms
08-04 12:40:33.569 18964 20361 I art     : Starting a blocking GC Explicit
08-04 12:40:33.617 18964 20361 I art     : Explicit concurrent mark sweep GC freed 1354(82KB) AllocSpace objects, 1(20KB) LOS objects, 29% free, 37MB/53MB, paused 458us total 47.138ms
08-04 12:40:33.634 18964 20361 I art     : Starting a blocking GC Explicit
08-04 12:40:33.669 22823 22823 D AndroidRuntime: >>>>>> START com.android.internal.os.RuntimeInit uid 2000 <<<<<<
08-04 12:40:33.673 18964 20361 I art     : Explicit concurrent mark sweep GC freed 20(704B) AllocSpace objects, 0(0B) LOS objects, 29% free, 37MB/53MB, paused 418us total 38.650ms
08-04 12:40:33.674 22823 22823 D AndroidRuntime: CheckJNI is OFF
08-04 12:40:33.687 18964 20361 I art     : Starting a blocking GC Explicit
08-04 12:40:33.708 22823 22823 D ICU     : No timezone override file found: /data/misc/zoneinfo/current/icu/icu_tzdata.dat
08-04 12:40:33.725 18964 20361 I art     : Explicit concurrent mark sweep GC freed 3(96B) AllocSpace objects, 0(0B) LOS objects, 29% free, 37MB/53MB, paused 401us total 38.219ms
08-04 12:40:33.739 18964 20361 I art     : Starting a blocking GC Explicit
08-04 12:40:33.744 22823 22823 I Radio-JNI: register_android_hardware_Radio DONE
08-04 12:40:33.767 22823 22823 D AndroidRuntime: Calling main entry com.android.commands.input.Input
08-04 12:40:33.768 22823 22823 I Input   : injectKeyEvent: KeyEvent { action=ACTION_DOWN, keyCode=KEYCODE_BACK, scanCode=0, metaState=0, flags=0x0, repeatCount=0, eventTime=708050181, downTime=708050181, deviceId=-1, source=0x101 }
08-04 12:40:33.775 22823 22823 I Input   : injectKeyEvent: KeyEvent { action=ACTION_UP, keyCode=KEYCODE_BACK, scanCode=0, metaState=0, flags=0x0, repeatCount=0, eventTime=708050181, downTime=708050181, deviceId=-1, source=0x101 }
08-04 12:40:33.778 18964 20361 I art     : Explicit concurrent mark sweep GC freed 5(208B) AllocSpace objects, 0(0B) LOS objects, 29% free, 37MB/53MB, paused 552us total 38.213ms
08-04 12:40:33.781 22823 22823 D AndroidRuntime: Shutting down VM
08-04 12:40:33.792 18964 20361 I art     : Starting a blocking GC Explicit
08-04 12:40:33.816 13866 13866 I GoogleInputMethodServic: GoogleInputMethodService.onFinishInput():3138 
08-04 12:40:33.817 13866 13866 I GoogleInputMethodServic: GoogleInputMethodService.onStartInput():1808 
08-04 12:40:33.827 18964 20361 I art     : Explicit concurrent mark sweep GC freed 114(3KB) AllocSpace objects, 0(0B) LOS objects, 29% free, 37MB/53MB, paused 587us total 34.779ms
08-04 12:40:34.121 18964 18981 I art     : Starting a blocking GC Explicit
08-04 12:40:34.166 18964 18981 I art     : Explicit concurrent mark sweep GC freed 1474(86KB) AllocSpace objects, 1(20KB) LOS objects, 29% free, 37MB/53MB, paused 444us total 44.074ms
08-04 12:40:34.180 18964 18981 I art     : Starting a blocking GC Explicit
08-04 12:40:34.216 18964 18981 I art     : Explicit concurrent mark sweep GC freed 155(7KB) AllocSpace objects, 0(0B) LOS objects, 29% free, 37MB/53MB, paused 397us total 36.308ms
08-04 12:40:34.231 18964 18981 I art     : Starting a blocking GC Explicit
08-04 12:40:34.272 18964 18981 I art     : Explicit concurrent mark sweep GC freed 3(96B) AllocSpace objects, 0(0B) LOS objects, 29% free, 37MB/53MB, paused 475us total 40.423ms
08-04 12:40:34.287 18964 18981 I art     : Starting a blocking GC Explicit
08-04 12:40:34.328 18964 18981 I art     : Explicit concurrent mark sweep GC freed 3(96B) AllocSpace objects, 0(0B) LOS objects, 29% free, 37MB/53MB, paused 435us total 41.557ms
08-04 12:40:34.343 18964 18981 I art     : Starting a blocking GC Explicit
08-04 12:40:34.386 18964 18981 I art     : Explicit concurrent mark sweep GC freed 3(96B) AllocSpace objects, 0(0B) LOS objects, 29% free, 37MB/53MB, paused 423us total 42.174ms
08-04 12:40:34.705 18964 20361 I art     : Starting a blocking GC Explicit
08-04 12:40:34.767 18964 20361 I art     : Explicit concurrent mark sweep GC freed 1354(82KB) AllocSpace objects, 1(20KB) LOS objects, 29% free, 37MB/53MB, paused 572us total 62.009ms
08-04 12:40:34.787 18964 20361 I art     : Starting a blocking GC Explicit
08-04 12:40:34.827 18964 20361 I art     : Explicit concurrent mark sweep GC freed 20(704B) AllocSpace objects, 0(0B) LOS objects, 29% free, 37MB/53MB, paused 463us total 39.900ms
08-04 12:40:34.842 18964 20361 I art     : Starting a blocking GC Explicit
08-04 12:40:34.885 18964 20361 I art     : Explicit concurrent mark sweep GC freed 3(96B) AllocSpace objects, 0(0B) LOS objects, 29% free, 37MB/53MB, paused 598us total 42.648ms
08-04 12:40:34.900 18964 20361 I art     : Starting a blocking GC Explicit
08-04 12:40:34.943 18964 20361 I art     : Explicit concurrent mark sweep GC freed 3(96B) AllocSpace objects, 0(0B) LOS objects, 29% free, 37MB/53MB, paused 493us total 42.044ms
08-04 12:40:34.958 18964 20361 I art     : Starting a blocking GC Explicit
08-04 12:40:35.000 18964 20361 I art     : Explicit concurrent mark sweep GC freed 3(96B) AllocSpace objects, 0(0B) LOS objects, 29% free, 37MB/53MB, paused 433us total 42.259ms
08-04 12:40:35.285 18964 19193 I art     : Starting a blocking GC Explicit
08-04 12:40:35.327 18964 19193 I art     : Explicit concurrent mark sweep GC freed 1354(82KB) AllocSpace objects, 1(20KB) LOS objects, 29% free, 37MB/53MB, paused 478us total 41.747ms
08-04 12:40:35.342 18964 19193 I art     : Starting a blocking GC Explicit
08-04 12:40:35.382 18964 19193 I art     : Explicit concurrent mark sweep GC freed 20(704B) AllocSpace objects, 0(0B) LOS objects, 29% free, 37MB/53MB, paused 379us total 40.191ms
08-04 12:40:35.397 18964 19193 I art     : Starting a blocking GC Explicit
08-04 12:40:35.436 18964 19193 I art     : Explicit concurrent mark sweep GC freed 3(96B) AllocSpace objects, 0(0B) LOS objects, 29% free, 37MB/53MB, paused 425us total 38.979ms
08-04 12:40:35.450 18964 19193 I art     : Starting a blocking GC Explicit
08-04 12:40:35.489 18964 19193 I art     : Explicit concurrent mark sweep GC freed 3(96B) AllocSpace objects, 0(0B) LOS objects, 29% free, 37MB/53MB, paused 411us total 38.474ms
08-04 12:40:35.503 18964 19193 I art     : Starting a blocking GC Explicit
08-04 12:40:35.514 22871 22871 D AndroidRuntime: >>>>>> START com.android.internal.os.RuntimeInit uid 2000 <<<<<<
08-04 12:40:35.519 22871 22871 D AndroidRuntime: CheckJNI is OFF
08-04 12:40:35.542 18964 19193 I art     : Explicit concurrent mark sweep GC freed 3(96B) AllocSpace objects, 0(0B) LOS objects, 29% free, 37MB/53MB, paused 427us total 38.952ms
08-04 12:40:35.557 22871 22871 D ICU     : No timezone override file found: /data/misc/zoneinfo/current/icu/icu_tzdata.dat
08-04 12:40:35.591 22871 22871 I Radio-JNI: register_android_hardware_Radio DONE
08-04 12:40:35.611 22871 22871 D AndroidRuntime: Calling main entry com.android.commands.am.Am
08-04 12:40:35.622  2375  2375 I Trepn   : Trepn 6.2s: Received intent: com.quicinc.trepn.stop_profiling
08-04 12:40:35.661  2375  2375 I Trepn   : Trepn 6.2s: Trepn has Stopped Profiling.
08-04 12:40:35.887 22871 22871 D AndroidRuntime: Shutting down VM
08-04 12:40:35.887 18964 18980 I art     : Starting a blocking GC Explicit
08-04 12:40:35.899   918  3714 W AppOps  : Finishing op nesting under-run: uid 10078 pkg com.quicinc.trepn code 24 time=0 duration=0 nesting=0
08-04 12:40:35.930 18964 18980 I art     : Explicit concurrent mark sweep GC freed 1354(82KB) AllocSpace objects, 1(20KB) LOS objects, 29% free, 37MB/53MB, paused 345us total 42.601ms
08-04 12:40:35.943 18964 18980 I art     : Starting a blocking GC Explicit
08-04 12:40:35.979 18964 18980 I art     : Explicit concurrent mark sweep GC freed 20(704B) AllocSpace objects, 0(0B) LOS objects, 29% free, 37MB/53MB, paused 383us total 35.939ms
08-04 12:40:35.992 18964 18980 I art     : Starting a blocking GC Explicit
08-04 12:40:36.032 18964 18980 I art     : Explicit concurrent mark sweep GC freed 3(96B) AllocSpace objects, 0(0B) LOS objects, 29% free, 37MB/53MB, paused 419us total 39.637ms
08-04 12:40:36.047 18964 18980 I art     : Starting a blocking GC Explicit
08-04 12:40:36.088 18964 18980 I art     : Explicit concurrent mark sweep GC freed 3(96B) AllocSpace objects, 0(0B) LOS objects, 29% free, 37MB/53MB, paused 448us total 40.794ms
08-04 12:40:36.102 18964 18980 I art     : Starting a blocking GC Explicit
08-04 12:40:36.144 18964 18980 I art     : Explicit concurrent mark sweep GC freed 3(96B) AllocSpace objects, 0(0B) LOS objects, 29% free, 37MB/53MB, paused 408us total 41.123ms
08-04 12:40:36.447 18964 18992 I art     : Starting a blocking GC Explicit
08-04 12:40:36.489 18964 18992 I art     : Explicit concurrent mark sweep GC freed 1354(82KB) AllocSpace objects, 1(20KB) LOS objects, 29% free, 37MB/53MB, paused 445us total 41.684ms
08-04 12:40:36.505 18964 18992 I art     : Starting a blocking GC Explicit
08-04 12:40:36.543 18964 18992 I art     : Explicit concurrent mark sweep GC freed 20(704B) AllocSpace objects, 0(0B) LOS objects, 29% free, 37MB/53MB, paused 427us total 38.244ms
08-04 12:40:36.558 18964 18992 I art     : Starting a blocking GC Explicit
08-04 12:40:36.593 18964 18992 I art     : Explicit concurrent mark sweep GC freed 3(96B) AllocSpace objects, 0(0B) LOS objects, 29% free, 37MB/53MB, paused 356us total 34.628ms
08-04 12:40:36.606 18964 18992 I art     : Starting a blocking GC Explicit
08-04 12:40:36.642 18964 18992 I art     : Explicit concurrent mark sweep GC freed 3(96B) AllocSpace objects, 0(0B) LOS objects, 29% free, 37MB/53MB, paused 386us total 35.458ms
08-04 12:40:36.656 18964 18992 I art     : Starting a blocking GC Explicit
08-04 12:40:36.694 18964 18992 I art     : Explicit concurrent mark sweep GC freed 37(1392B) AllocSpace objects, 0(0B) LOS objects, 29% free, 37MB/53MB, paused 469us total 38.097ms
08-04 12:40:37.055 13866 13882 I PeriodicStatsRunner: PeriodicStatsRunner.call():175 call()
08-04 12:40:37.055 13866 13882 I PeriodicStatsRunner: PeriodicStatsRunner.call():179 No submit PeriodicStats since input started.
08-04 12:40:38.284   918  3247 I InputReader: Reconfiguring input devices.  changes=0x00000010
08-04 12:40:38.290   918   918 W ResourceType: ResTable_typeSpec entry count inconsistent: given 83, previously 87
08-04 12:40:38.290   918   918 W ResourceType: ResTable_typeSpec entry count inconsistent: given 542, previously 2227
08-04 12:40:38.290   918   918 W ResourceType: ResTable_typeSpec entry count inconsistent: given 669, previously 1961
08-04 12:40:38.296   918   918 W ResourceType: ResTable_typeSpec entry count inconsistent: given 1967, previously 1961
08-04 12:40:38.296   918   918 W ResourceType: ResTable_typeSpec entry count inconsistent: given 386, previously 2092
08-04 12:40:38.298   918   918 W ResourceType: For resource 0x7f0805b8, entry index(1464) is beyond type entryCount(669)
08-04 12:40:38.298   918   918 W ResourceType: For resource 0x7f0805b8, entry index(1464) is beyond type entryCount(669)
08-04 12:40:38.299   918   918 W ResourceType: For resource 0x7f0805b8, entry index(1464) is beyond type entryCount(669)
08-04 12:40:38.308   918   930 W ResourceType: ResTable_typeSpec entry count inconsistent: given 37, previously 42
08-04 12:40:38.308   918   930 W ResourceType: ResTable_typeSpec entry count inconsistent: given 2527, previously 2530
08-04 12:40:38.309   918   930 W ResourceType: ResTable_typeSpec entry count inconsistent: given 2542, previously 2545
08-04 12:40:38.310   918   930 W ResourceType: ResTable_typeSpec entry count inconsistent: given 303, previously 1691
08-04 12:40:38.315 24365 23021 I Fitness : OnPackageChangedOperation got intent: Intent { act=android.intent.action.PACKAGE_CHANGED dat=package:com.google.android.talk flg=0x4000010 cmp=com.google.android.gms/.chimera.PersistentIntentOperationService (has extras) } [CONTEXT service_id=17 ]
08-04 12:40:38.323 32231 32231 I Finsky  : [1] uah.a(18): PackageMonitorReceiverImpl - Received: android.intent.action.PACKAGE_CHANGED, [6xenAgpwpEkTltaPdf95MQ21dEOZMDrVh3pUVXZo6GU]
08-04 12:40:38.323 32231 32231 I Finsky  : [1] ubi.d(9): Invalidating cached PackageState for com.google.android.talk
08-04 12:40:38.328 24365 23024 I Fitness : FitCleanupIntentOperation received Intent android.intent.action.PACKAGE_CHANGED [CONTEXT service_id=17 ]
08-04 12:40:38.346 32231 32231 I Finsky  : [1] lzi.c(2): Frosting ID looked up on UI thread. Caller should move to a background thread.
08-04 12:40:38.397 32231 32231 I Finsky  : [1] lzi.c(2): Frosting ID looked up on UI thread. Caller should move to a background thread.
08-04 12:40:38.448 32231 23032 I Finsky  : [5991] lyv.run(-1): Wrote row to frosting DB: 2288
08-04 12:40:38.507 32231 23032 I Finsky  : [5991] lyv.run(-1): Wrote row to frosting DB: 2289
08-04 12:40:38.579 24577 13293 I Icing   : IndexChimeraService.getServiceInterface callingPackage=com.google.android.gms componentName=AppsCorpus serviceId=36
08-04 12:40:38.629 24577  1295 W Icing   : No valid account for uploading user actions
08-04 12:40:38.653 24577 13294 I Icing   : IndexChimeraService.getServiceInterface callingPackage=com.google.android.gms componentName=null serviceId=30
08-04 12:40:38.687 24577  1295 I Icing   : Usage reports ok 1, Failed Usage reports 0, indexed 0, rejected 0
08-04 12:40:38.690 24577  1295 W Icing   : No valid account for uploading user actions
08-04 12:40:38.691 24577 13294 I Icing   : IndexChimeraService.getServiceInterface callingPackage=com.google.android.gms componentName=null serviceId=36
08-04 12:40:38.702 24577  1295 I Icing   : Usage reports ok 0, Failed Usage reports 0, indexed 0, rejected 0
08-04 12:40:38.703 24577  1295 I Icing   : Indexing com.google.android.gms-internal.3p:MobileApplication from com.google.android.gms using seqno 763
08-04 12:40:38.724 24577  1295 W Icing   : No valid account for uploading user actions
08-04 12:40:38.735 24577  1295 I Icing   : Usage reports ok 0, Failed Usage reports 0, indexed 0, rejected 0
08-04 12:40:38.817 13866 13882 I PeriodicStatsRunner: PeriodicStatsRunner.call():175 call()
08-04 12:40:38.817 13866 13882 I PeriodicStatsRunner: PeriodicStatsRunner.call():179 No submit PeriodicStats since input started.
08-04 12:40:39.691 24577  1295 I Icing   : Indexing com.google.android.gms-apps from com.google.android.gms
08-04 12:40:39.752 24577  1295 I Icing   : Indexing done com.google.android.gms-apps
