--------- beginning of main
08-04 18:37:47.299   918  5132 I AccountManagerService: getTypesVisibleToCaller: isPermitted? true
08-04 18:37:47.313   918   930 W ResourceType: ResTable_typeSpec entry count inconsistent: given 37, previously 42
08-04 18:37:47.313   918   930 W ResourceType: ResTable_typeSpec entry count inconsistent: given 2527, previously 2530
08-04 18:37:47.314   918   930 W ResourceType: ResTable_typeSpec entry count inconsistent: given 2542, previously 2545
08-04 18:37:47.314   918   930 W ResourceType: ResTable_typeSpec entry count inconsistent: given 303, previously 1691
08-04 18:37:47.315 24365  1683 I Fitness : FitCleanupIntentOperation received Intent android.intent.action.PACKAGE_REMOVED [CONTEXT service_id=17 ]
08-04 18:37:47.316  8429  8429 I Finsky  : [1] uah.a(18): PackageMonitorReceiverImpl - Received: android.intent.action.PACKAGE_REMOVED, [ocpw8ddNLhG67i_cxGNvtEQwqY1k5QNC_my-vN553D4]
08-04 18:37:47.325  8429  8429 I Finsky  : [1] ubi.d(9): Invalidating cached PackageState for baseline.org.quantumbadger.redreader
08-04 18:37:47.335  3784  3784 D CarrierServiceBindHelper: Receive action: android.intent.action.PACKAGE_ADDED
08-04 18:37:47.335  3784  3784 D CarrierServiceBindHelper: Receive action: android.intent.action.PACKAGE_REPLACED
08-04 18:37:47.335  3784  3784 D CarrierServiceBindHelper: mHandler: 3
08-04 18:37:47.336  3784  3784 D CarrierServiceBindHelper: mHandler: 3
08-04 18:37:47.336  3784  3784 D CarrierServiceBindHelper: mHandler: 3
08-04 18:37:47.336  3784  3784 D CarrierConfigLoader: mHandler: 9 phoneId: 0
08-04 18:37:47.355  8429  8429 I Finsky  : [1] lzi.c(2): Frosting ID looked up on UI thread. Caller should move to a background thread.
08-04 18:37:47.356   918  3359 I AccountManagerService: getTypesVisibleToCaller: isPermitted? true
08-04 18:37:47.375  8429  8429 I Finsky  : [1] nqb.c(3): Installer: package baseline.org.quantumbadger.redreader was removed. replacing: true
08-04 18:37:47.376  8429  8429 I Finsky  : [1] nra.a(188): Installer: Notifying status update. package=baseline.org.quantumbadger.redreader, status=UNINSTALLED
08-04 18:37:47.402  8429  8429 I Finsky  : [1] lzi.c(2): Frosting ID looked up on UI thread. Caller should move to a background thread.
08-04 18:37:47.419  8429  8429 I Finsky  : [1] nra.a(220): Installer: found apps to install. isMultiUserMode=false, apps=[]
08-04 18:37:47.420  8429  1705 I Finsky  : [6014] ejf.a(-1): Cancelled 0 ongoing asset module downloads for package baseline.org.quantumbadger.redreader due to a concurrent app update.
08-04 18:37:47.470 24577  1703 I Auth    : [SupervisedAccountIntentOperation] onHandleIntent(): android.intent.action.PACKAGE_ADDED
08-04 18:37:47.477 24577  1703 I ChromeSync: [Sync,SyncIntentOperation] Handling the intent: Intent { act=android.intent.action.PACKAGE_ADDED dat=package:baseline.org.quantumbadger.redreader flg=0x4000010 cmp=com.google.android.gms/.chimera.GmsIntentOperationService (has extras) }.
08-04 18:37:47.482  8429  8429 I Finsky  : [1] uah.a(18): PackageMonitorReceiverImpl - Received: android.intent.action.PACKAGE_ADDED, [ocpw8ddNLhG67i_cxGNvtEQwqY1k5QNC_my-vN553D4]
08-04 18:37:47.483  8429  8429 I Finsky  : [1] ubi.d(9): Invalidating cached PackageState for baseline.org.quantumbadger.redreader
08-04 18:37:47.529  8429  8429 I Finsky  : [1] lzi.c(2): Frosting ID looked up on UI thread. Caller should move to a background thread.
--------- beginning of system
08-04 18:37:47.550   918  6111 W ActivityManager: Unable to start service Intent { act=com.google.android.gms.auth.key.retrieval.service.START pkg=com.google.android.gms } U=0: not found
08-04 18:37:47.591  8429  8429 I Finsky  : [1] agsx.a(4): Do not start WearSupportService due to Wear service optimization
08-04 18:37:47.598   918  4413 W ActivityManager: Unbind failed: could not find connection for android.os.BinderProxy@6f3dc0b
08-04 18:37:47.599  8429  8653 I Finsky  : [5852] odj.b(52): IQ: Notifying installation update. package=baseline.org.quantumbadger.redreader, status=UNINSTALLED
08-04 18:37:47.602  8429  1705 I Finsky  : [6014] ejc.a(-1): Asset module broadcast after update successful for package baseline.org.quantumbadger.redreader. 0 sessions broadcast.
08-04 18:37:47.607   918  6029 I AccountManagerService: getTypesVisibleToCaller: isPermitted? true
08-04 18:37:47.611  8429  8429 I Finsky  : [1] lzi.c(2): Frosting ID looked up on UI thread. Caller should move to a background thread.
08-04 18:37:47.625  8429  1697 I Finsky  : [6012] lyv.run(-1): Wrote row to frosting DB: 2450
08-04 18:37:47.631 24577  1703 I ChromeSync: [Persistence,AffiliationManager] One of affiliation or grouping data for android://bz0hZa4nAJEtd0n5sRlXG7KAqctUMWVefv7Ki4mh1p6slZ9YO-n9gS9j8m9YCrsIyI2wIxrDHraumF9Y6pBLTA==@baseline.org.quantumbadger.redreader/ was not found. Marking affiliation data as stale...
08-04 18:37:47.632 24577 24621 E GmsClient: unable to connect to service: com.google.android.gms.auth.key.retrieval.service.START on com.google.android.gms
08-04 18:37:47.797  8429  8429 I Finsky  : [1] gzn.a(-1): [ContentSync] finished, scheduled=true
08-04 18:37:47.799  8429  1704 I Finsky  : [6013] gzn.a(-1): [ContentSync] finished, scheduled=false
08-04 18:37:47.801   918  6029 I AccountManagerService: getTypesVisibleToCaller: isPermitted? true
08-04 18:37:47.807  8429  8653 I Finsky  : [5852] odj.b(40): IQ: No matching installs to run for jobs: []
08-04 18:37:47.821  1717  1717 D AndroidRuntime: >>>>>> START com.android.internal.os.RuntimeInit uid 2000 <<<<<<
08-04 18:37:47.826  1717  1717 D AndroidRuntime: CheckJNI is OFF
08-04 18:37:47.830  8429  1697 I Finsky  : [6012] lyv.run(-1): Wrote row to frosting DB: 2451
08-04 18:37:47.850  1717  1717 D ICU     : No timezone override file found: /data/misc/zoneinfo/current/icu/icu_tzdata.dat
08-04 18:37:47.882  1717  1717 I Radio-JNI: register_android_hardware_Radio DONE
08-04 18:37:47.890  8429  1697 I Finsky  : [6012] lyv.run(-1): Wrote row to frosting DB: 2452
08-04 18:37:47.898  1717  1717 D AndroidRuntime: Calling main entry com.android.commands.monkey.Monkey
08-04 18:37:47.913   918   931 W BroadcastQueue: Skipping deliver [background] BroadcastRecord{b5f7f00 u-1 android.net.conn.CONNECTIVITY_CHANGE} to ReceiverList{a5b4339 1717 (unknown name)/2000/u-1 remote:90f4032}: process crashing
08-04 18:37:47.924   918  5952 I ActivityManager: START u0 {act=android.intent.action.MAIN cat=[android.intent.category.LAUNCHER] flg=0x10200000 cmp=baseline.org.quantumbadger.redreader/.activities.MainActivity} from uid 2000 on display 0
08-04 18:37:47.941  8429  1697 I Finsky  : [6012] lyv.run(-1): Wrote row to frosting DB: 2453
08-04 18:37:47.948   918  5481 I AccountManagerService: getTypesVisibleToCaller: isPermitted? true
08-04 18:37:47.952  1732  1732 I art     : Late-enabling -Xcheck:jni
08-04 18:37:47.954   918  6111 I ActivityManager: Start proc 1732:baseline.org.quantumbadger.redreader/u0a666 for activity baseline.org.quantumbadger.redreader/.activities.MainActivity
08-04 18:37:47.969  1717  1717 I art     : System.exit called, status: 0
08-04 18:37:47.969  1717  1717 I AndroidRuntime: VM exiting with result code 0.
08-04 18:37:47.989 24577 13316 I Icing   : IndexChimeraService.getServiceInterface callingPackage=com.google.android.gms componentName=AppsCorpus serviceId=36
08-04 18:37:47.990  1732  1732 W System  : ClassLoader referenced unknown path: /data/app/baseline.org.quantumbadger.redreader-2/lib/arm64
08-04 18:37:48.000  1732  1732 I RedReader: Application created.
08-04 18:37:48.007  1732  1749 I RedditChangeDataIO: Running initial read...
08-04 18:37:48.013  1732  1732 I RedReader: Checking for new messages.
08-04 18:37:48.015  1732  1749 I RedditChangeDataIO: Data file at '/data/user/0/baseline.org.quantumbadger.redreader/files/rr_change_data.dat'
08-04 18:37:48.015  1732  1749 I RedditChangeDataIO: Data file does not exist. Aborting read.
08-04 18:37:48.016  1732  1749 I RedditChangeDataManager: Pruning for all users...
08-04 18:37:48.016  1732  1749 I RedditChangeDataManager: Pruning complete.
08-04 18:37:48.020 24577 23605 W Icing   : No valid account for uploading user actions
08-04 18:37:48.031  6490 32594 I PBSessionCacheImpl: Deleted sessionId[28544918408651598] from persistence.
08-04 18:37:48.037  6490  6520 W SearchServiceCore: Abort, client detached.
08-04 18:37:48.038  6490  6520 I MicroDetectionState: Should stop hotword detection immediately - true
08-04 18:37:48.048 24577 13294 I Icing   : IndexChimeraService.getServiceInterface callingPackage=com.google.android.gms componentName=null serviceId=30
08-04 18:37:48.108  1732  1732 W art     : Before Android 4.1, method android.graphics.PorterDuffColorFilter androidx.vectordrawable.graphics.drawable.VectorDrawableCompat.updateTintFilter(android.graphics.PorterDuffColorFilter, android.content.res.ColorStateList, android.graphics.PorterDuff$Mode) would have incorrectly overridden the package-private method in android.graphics.drawable.Drawable
08-04 18:37:48.108 24577 23605 I Icing   : Usage reports ok 2, Failed Usage reports 0, indexed 0, rejected 0
08-04 18:37:48.112 24577 23605 W Icing   : No valid account for uploading user actions
08-04 18:37:48.136 24577 23605 I Icing   : Usage reports ok 0, Failed Usage reports 0, indexed 0, rejected 0
08-04 18:37:48.138 24577 23605 I Icing   : Indexing com.google.android.gms-internal.3p:MobileApplication from com.google.android.gms using seqno 763
08-04 18:37:48.141 24577 23605 I Icing   : Indexing com.google.android.gms-internal.3p:MobileApplication from com.google.android.gms using seqno 763
08-04 18:37:48.149  1732  1748 I CacheManager: Pruning 108 files
08-04 18:37:48.154  1732  1732 I art     : Rejecting re-init on previously-failed class java.lang.Class<androidx.core.view.ViewCompat$2>
08-04 18:37:48.154  1732  1732 I art     : Rejecting re-init on previously-failed class java.lang.Class<androidx.core.view.ViewCompat$2>
08-04 18:37:48.166  1732  1732 I AppCompatViewInflater: app:theme is now deprecated. Please move to using android:theme instead.
08-04 18:37:48.200 24577 13294 I Icing   : IndexChimeraService.getServiceInterface callingPackage=com.google.android.gms componentName=null serviceId=36
08-04 18:37:48.204 24577 23605 W Icing   : No valid account for uploading user actions
08-04 18:37:48.298 24577 23605 I Icing   : Usage reports ok 0, Failed Usage reports 0, indexed 0, rejected 0
08-04 18:37:48.373  1732  1732 I RawObjectDB query string: CREATE TABLE objects(RawObjectDB_id TEXT PRIMARY KEY ON CONFLICT REPLACE,RawObjectDB_timestamp INTEGER,serialised TEXT)
08-04 18:37:48.440  1732  1732 I RawObjectDB query string: CREATE TABLE objects(RawObjectDB_id TEXT PRIMARY KEY ON CONFLICT REPLACE,RawObjectDB_timestamp INTEGER,serialised TEXT)
08-04 18:37:48.528  1732  1751 D OpenGLRenderer: Use EGL_SWAP_BEHAVIOR_PRESERVED: true
08-04 18:37:48.606  1732  1751 I Adreno  : QUALCOMM build                   : fcf4852, I1af360237c
08-04 18:37:48.606  1732  1751 I Adreno  : Build Date                       : 09/23/15
08-04 18:37:48.606  1732  1751 I Adreno  : OpenGL ES Shader Compiler Version: XE031.05.13.02
08-04 18:37:48.606  1732  1751 I Adreno  : Local Branch                     : mybranch14465806
08-04 18:37:48.606  1732  1751 I Adreno  : Remote Branch                    : quic/LA.BF64.1.2.9_v2
08-04 18:37:48.606  1732  1751 I Adreno  : Remote Branch                    : NONE
08-04 18:37:48.606  1732  1751 I Adreno  : Reconstruct Branch               : NOTHING
08-04 18:37:48.613  1732  1751 I OpenGLRenderer: Initialized EGL, version 1.4
08-04 18:37:48.935   918   936 I ActivityManager: Displayed baseline.org.quantumbadger.redreader/.activities.MainActivity: +995ms
08-04 18:37:49.113 24577 23605 I Icing   : Indexing com.google.android.gms-apps from com.google.android.gms
08-04 18:37:49.197 24577 23605 I Icing   : Indexing done com.google.android.gms-apps
08-04 18:37:49.199 24577 23605 I Icing   : Indexing com.google.android.gms-apps from com.google.android.gms
08-04 18:37:49.200 24577 23605 I Icing   : Indexing done com.google.android.gms-apps
08-04 18:37:49.573  1766  1766 D AndroidRuntime: >>>>>> START com.android.internal.os.RuntimeInit uid 2000 <<<<<<
08-04 18:37:49.578  1766  1766 D AndroidRuntime: CheckJNI is OFF
08-04 18:37:49.610  1766  1766 D ICU     : No timezone override file found: /data/misc/zoneinfo/current/icu/icu_tzdata.dat
08-04 18:37:49.647  1766  1766 I Radio-JNI: register_android_hardware_Radio DONE
08-04 18:37:49.665  1766  1766 D AndroidRuntime: Calling main entry com.android.commands.am.Am
08-04 18:37:49.681  8245  8245 I Trepn   : Trepn 6.2s: Received intent: com.quicinc.trepn.start_profiling
08-04 18:37:49.823  8245  8245 W FileUtils: Failed to chmod(/storage/emulated/0/trepn/Trepn_2020.08.04_183749.db): android.system.ErrnoException: chmod failed: EPERM (Operation not permitted)
08-04 18:37:49.997  8245  8245 I Trepn   : Trepn 6.2s: Trepn has Started Profiling.
08-04 18:37:49.999  1766  1766 D AndroidRuntime: Shutting down VM
08-04 18:37:50.485  1732  1743 I art     : Starting a blocking GC Explicit
08-04 18:37:50.513  1732  1743 I art     : Explicit concurrent mark sweep GC freed 20123(1819KB) AllocSpace objects, 8(216KB) LOS objects, 40% free, 20MB/34MB, paused 179us total 27.220ms
08-04 18:37:50.523  1732  1743 I art     : Starting a blocking GC Explicit
08-04 18:37:50.534  1732  1743 I art     : Explicit concurrent mark sweep GC freed 1411(67KB) AllocSpace objects, 0(0B) LOS objects, 40% free, 20MB/34MB, paused 136us total 10.888ms
08-04 18:37:50.542  1732  1743 I art     : Starting a blocking GC Explicit
08-04 18:37:50.552  1732  1743 I art     : Explicit concurrent mark sweep GC freed 122(5KB) AllocSpace objects, 0(0B) LOS objects, 40% free, 20MB/34MB, paused 134us total 10.572ms
08-04 18:37:50.560  1732  1743 I art     : Starting a blocking GC Explicit
08-04 18:37:50.571  1732  1743 I art     : Explicit concurrent mark sweep GC freed 3(96B) AllocSpace objects, 0(0B) LOS objects, 40% free, 20MB/34MB, paused 112us total 10.225ms
08-04 18:37:50.579  1732  1743 I art     : Starting a blocking GC Explicit
08-04 18:37:50.589  1732  1743 I art     : Explicit concurrent mark sweep GC freed 3(96B) AllocSpace objects, 0(0B) LOS objects, 40% free, 20MB/34MB, paused 109us total 10.255ms
08-04 18:37:50.861  1732  1744 I art     : Starting a blocking GC Explicit
08-04 18:37:50.877  1732  1744 I art     : Explicit concurrent mark sweep GC freed 1334(78KB) AllocSpace objects, 1(20KB) LOS objects, 40% free, 20MB/34MB, paused 173us total 16.093ms
08-04 18:37:50.889  1732  1744 I art     : Starting a blocking GC Explicit
08-04 18:37:50.903  1732  1744 I art     : Explicit concurrent mark sweep GC freed 20(704B) AllocSpace objects, 0(0B) LOS objects, 40% free, 20MB/34MB, paused 138us total 13.411ms
08-04 18:37:50.913  1732  1744 I art     : Starting a blocking GC Explicit
08-04 18:37:50.924  1732  1744 I art     : Explicit concurrent mark sweep GC freed 3(96B) AllocSpace objects, 0(0B) LOS objects, 40% free, 20MB/34MB, paused 130us total 10.769ms
08-04 18:37:50.932  1732  1744 I art     : Starting a blocking GC Explicit
08-04 18:37:50.944  1732  1744 I art     : Explicit concurrent mark sweep GC freed 3(96B) AllocSpace objects, 0(0B) LOS objects, 40% free, 20MB/34MB, paused 124us total 11.390ms
08-04 18:37:50.952  1732  1744 I art     : Starting a blocking GC Explicit
08-04 18:37:50.963  1732  1744 I art     : Explicit concurrent mark sweep GC freed 3(96B) AllocSpace objects, 0(0B) LOS objects, 40% free, 20MB/34MB, paused 118us total 10.636ms
08-04 18:37:51.242  1732  1743 I art     : Starting a blocking GC Explicit
08-04 18:37:51.258  1732  1743 I art     : Explicit concurrent mark sweep GC freed 1333(78KB) AllocSpace objects, 1(20KB) LOS objects, 40% free, 20MB/34MB, paused 157us total 16.106ms
08-04 18:37:51.271  1732  1743 I art     : Starting a blocking GC Explicit
08-04 18:37:51.282  1732  1743 I art     : Explicit concurrent mark sweep GC freed 20(704B) AllocSpace objects, 0(0B) LOS objects, 40% free, 20MB/34MB, paused 121us total 11.062ms
08-04 18:37:51.290  1732  1743 I art     : Starting a blocking GC Explicit
08-04 18:37:51.301  1732  1743 I art     : Explicit concurrent mark sweep GC freed 3(96B) AllocSpace objects, 0(0B) LOS objects, 40% free, 20MB/34MB, paused 113us total 10.797ms
08-04 18:37:51.309  1732  1743 I art     : Starting a blocking GC Explicit
08-04 18:37:51.320  1732  1743 I art     : Explicit concurrent mark sweep GC freed 3(96B) AllocSpace objects, 0(0B) LOS objects, 40% free, 20MB/34MB, paused 105us total 10.420ms
08-04 18:37:51.328  1732  1743 I art     : Starting a blocking GC Explicit
08-04 18:37:51.339  1732  1743 I art     : Explicit concurrent mark sweep GC freed 3(96B) AllocSpace objects, 0(0B) LOS objects, 40% free, 20MB/34MB, paused 117us total 10.250ms
08-04 18:37:51.643  1732  1744 I art     : Starting a blocking GC Explicit
08-04 18:37:51.659  1732  1744 I art     : Explicit concurrent mark sweep GC freed 1333(78KB) AllocSpace objects, 1(20KB) LOS objects, 40% free, 20MB/34MB, paused 141us total 15.529ms
08-04 18:37:51.668  1732  1744 I art     : Starting a blocking GC Explicit
08-04 18:37:51.679  1732  1744 I art     : Explicit concurrent mark sweep GC freed 20(704B) AllocSpace objects, 0(0B) LOS objects, 40% free, 20MB/34MB, paused 117us total 11.245ms
08-04 18:37:51.688  1732  1744 I art     : Starting a blocking GC Explicit
08-04 18:37:51.698  1732  1744 I art     : Explicit concurrent mark sweep GC freed 3(96B) AllocSpace objects, 0(0B) LOS objects, 40% free, 20MB/34MB, paused 119us total 10.393ms
08-04 18:37:51.706  1732  1744 I art     : Starting a blocking GC Explicit
08-04 18:37:51.716  1732  1744 I art     : Explicit concurrent mark sweep GC freed 3(96B) AllocSpace objects, 0(0B) LOS objects, 40% free, 20MB/34MB, paused 110us total 9.813ms
08-04 18:37:51.724  1732  1744 I art     : Starting a blocking GC Explicit
08-04 18:37:51.734  1732  1744 I art     : Explicit concurrent mark sweep GC freed 3(96B) AllocSpace objects, 0(0B) LOS objects, 40% free, 20MB/34MB, paused 115us total 9.927ms
08-04 18:37:52.029  1732  1743 I art     : Starting a blocking GC Explicit
08-04 18:37:52.045  1732  1743 I art     : Explicit concurrent mark sweep GC freed 1333(78KB) AllocSpace objects, 1(20KB) LOS objects, 40% free, 20MB/34MB, paused 132us total 15.494ms
08-04 18:37:52.057  1732  1743 I art     : Starting a blocking GC Explicit
08-04 18:37:52.068  1732  1743 I art     : Explicit concurrent mark sweep GC freed 20(704B) AllocSpace objects, 0(0B) LOS objects, 40% free, 20MB/34MB, paused 114us total 11.014ms
08-04 18:37:52.076  1732  1743 I art     : Starting a blocking GC Explicit
08-04 18:37:52.087  1732  1743 I art     : Explicit concurrent mark sweep GC freed 3(96B) AllocSpace objects, 0(0B) LOS objects, 40% free, 20MB/34MB, paused 174us total 10.529ms
08-04 18:37:52.095  1732  1743 I art     : Starting a blocking GC Explicit
08-04 18:37:52.105  1732  1743 I art     : Explicit concurrent mark sweep GC freed 3(96B) AllocSpace objects, 0(0B) LOS objects, 40% free, 20MB/34MB, paused 108us total 10.289ms
08-04 18:37:52.113  1732  1743 I art     : Starting a blocking GC Explicit
08-04 18:37:52.124  1732  1743 I art     : Explicit concurrent mark sweep GC freed 3(96B) AllocSpace objects, 0(0B) LOS objects, 40% free, 20MB/34MB, paused 112us total 10.556ms
08-04 18:37:52.441  1732  1744 I art     : Starting a blocking GC Explicit
08-04 18:37:52.459  1732  1744 I art     : Explicit concurrent mark sweep GC freed 1334(78KB) AllocSpace objects, 1(20KB) LOS objects, 40% free, 20MB/34MB, paused 165us total 17.234ms
08-04 18:37:52.472  1732  1744 I art     : Starting a blocking GC Explicit
08-04 18:37:52.486  1732  1744 I art     : Explicit concurrent mark sweep GC freed 20(704B) AllocSpace objects, 0(0B) LOS objects, 40% free, 20MB/34MB, paused 136us total 14.237ms
08-04 18:37:52.496  1732  1744 I art     : Starting a blocking GC Explicit
08-04 18:37:52.507  1732  1744 I art     : Explicit concurrent mark sweep GC freed 3(96B) AllocSpace objects, 0(0B) LOS objects, 40% free, 20MB/34MB, paused 118us total 11.085ms
08-04 18:37:52.515  1732  1744 I art     : Starting a blocking GC Explicit
08-04 18:37:52.526  1732  1744 I art     : Explicit concurrent mark sweep GC freed 3(96B) AllocSpace objects, 0(0B) LOS objects, 40% free, 20MB/34MB, paused 118us total 10.747ms
08-04 18:37:52.535  1732  1744 I art     : Starting a blocking GC Explicit
08-04 18:37:52.545  1732  1744 I art     : Explicit concurrent mark sweep GC freed 3(96B) AllocSpace objects, 0(0B) LOS objects, 40% free, 20MB/34MB, paused 114us total 10.342ms
08-04 18:37:52.804  8429  1704 I Finsky  : [6013] xmu.a(8): SCH: Jobs in database: 1-1337 3-197 3-198 12-1 24-77777777 26-1414141414 
08-04 18:37:52.807  8429  8429 I Finsky  : [1] xkf.handleMessage(61): SCH: RunningQueue size: 1, PendingQueue size: 0
08-04 18:37:52.808  8429  8429 I Finsky  : [1] xkf.handleMessage(64): SCH: Running queue: 1-1337 
08-04 18:37:52.847  1732  1743 I art     : Starting a blocking GC Explicit
08-04 18:37:52.863  1732  1743 I art     : Explicit concurrent mark sweep GC freed 1334(78KB) AllocSpace objects, 1(20KB) LOS objects, 40% free, 20MB/34MB, paused 141us total 15.453ms
08-04 18:37:52.874  1732  1743 I art     : Starting a blocking GC Explicit
08-04 18:37:52.885  1732  1743 I art     : Explicit concurrent mark sweep GC freed 20(704B) AllocSpace objects, 0(0B) LOS objects, 40% free, 20MB/34MB, paused 111us total 10.677ms
08-04 18:37:52.893  1732  1743 I art     : Starting a blocking GC Explicit
08-04 18:37:52.904  1732  1743 I art     : Explicit concurrent mark sweep GC freed 3(96B) AllocSpace objects, 0(0B) LOS objects, 40% free, 20MB/34MB, paused 112us total 10.687ms
08-04 18:37:52.912  1732  1743 I art     : Starting a blocking GC Explicit
08-04 18:37:52.923  1732  1743 I art     : Explicit concurrent mark sweep GC freed 3(96B) AllocSpace objects, 0(0B) LOS objects, 40% free, 20MB/34MB, paused 116us total 10.632ms
08-04 18:37:52.931  1732  1743 I art     : Starting a blocking GC Explicit
08-04 18:37:52.942  1732  1743 I art     : Explicit concurrent mark sweep GC freed 3(96B) AllocSpace objects, 0(0B) LOS objects, 40% free, 20MB/34MB, paused 100us total 10.386ms
08-04 18:37:53.228  1732  1744 I art     : Starting a blocking GC Explicit
08-04 18:37:53.246  1732  1744 I art     : Explicit concurrent mark sweep GC freed 1333(78KB) AllocSpace objects, 1(20KB) LOS objects, 40% free, 20MB/34MB, paused 165us total 17.760ms
08-04 18:37:53.255  1732  1744 I art     : Starting a blocking GC Explicit
08-04 18:37:53.266  1732  1744 I art     : Explicit concurrent mark sweep GC freed 20(704B) AllocSpace objects, 0(0B) LOS objects, 40% free, 20MB/34MB, paused 120us total 10.742ms
08-04 18:37:53.275  1732  1744 I art     : Starting a blocking GC Explicit
08-04 18:37:53.285  1732  1744 I art     : Explicit concurrent mark sweep GC freed 3(96B) AllocSpace objects, 0(0B) LOS objects, 40% free, 20MB/34MB, paused 110us total 10.184ms
08-04 18:37:53.293  1732  1744 I art     : Starting a blocking GC Explicit
08-04 18:37:53.303  1732  1744 I art     : Explicit concurrent mark sweep GC freed 3(96B) AllocSpace objects, 0(0B) LOS objects, 40% free, 20MB/34MB, paused 117us total 10.135ms
08-04 18:37:53.311  1732  1744 I art     : Starting a blocking GC Explicit
08-04 18:37:53.322  1732  1744 I art     : Explicit concurrent mark sweep GC freed 3(96B) AllocSpace objects, 0(0B) LOS objects, 40% free, 20MB/34MB, paused 114us total 10.337ms
08-04 18:37:53.615  1732  1743 I art     : Starting a blocking GC Explicit
08-04 18:37:53.631  1732  1743 I art     : Explicit concurrent mark sweep GC freed 1333(78KB) AllocSpace objects, 1(20KB) LOS objects, 40% free, 20MB/34MB, paused 144us total 15.548ms
08-04 18:37:53.643  1732  1743 I art     : Starting a blocking GC Explicit
08-04 18:37:53.654  1732  1743 I art     : Explicit concurrent mark sweep GC freed 20(704B) AllocSpace objects, 0(0B) LOS objects, 40% free, 20MB/34MB, paused 116us total 10.977ms
08-04 18:37:53.663  1732  1743 I art     : Starting a blocking GC Explicit
08-04 18:37:53.673  1732  1743 I art     : Explicit concurrent mark sweep GC freed 3(96B) AllocSpace objects, 0(0B) LOS objects, 40% free, 20MB/34MB, paused 114us total 10.748ms
08-04 18:37:53.682  1732  1743 I art     : Starting a blocking GC Explicit
08-04 18:37:53.692  1732  1743 I art     : Explicit concurrent mark sweep GC freed 3(96B) AllocSpace objects, 0(0B) LOS objects, 40% free, 20MB/34MB, paused 104us total 9.923ms
08-04 18:37:53.700  1732  1743 I art     : Starting a blocking GC Explicit
08-04 18:37:53.710  1732  1743 I art     : Explicit concurrent mark sweep GC freed 3(96B) AllocSpace objects, 0(0B) LOS objects, 40% free, 20MB/34MB, paused 110us total 10.372ms
08-04 18:37:54.016  1732  1744 I art     : Starting a blocking GC Explicit
08-04 18:37:54.027  1732  1744 I art     : Explicit concurrent mark sweep GC freed 1333(78KB) AllocSpace objects, 1(20KB) LOS objects, 40% free, 20MB/34MB, paused 130us total 11.107ms
08-04 18:37:54.036  1732  1744 I art     : Starting a blocking GC Explicit
08-04 18:37:54.046  1732  1744 I art     : Explicit concurrent mark sweep GC freed 20(704B) AllocSpace objects, 0(0B) LOS objects, 40% free, 20MB/34MB, paused 106us total 9.501ms
08-04 18:37:54.054  1732  1744 I art     : Starting a blocking GC Explicit
08-04 18:37:54.063  1732  1744 I art     : Explicit concurrent mark sweep GC freed 3(96B) AllocSpace objects, 0(0B) LOS objects, 40% free, 20MB/34MB, paused 103us total 8.933ms
08-04 18:37:54.070  1732  1744 I art     : Starting a blocking GC Explicit
08-04 18:37:54.079  1732  1744 I art     : Explicit concurrent mark sweep GC freed 3(96B) AllocSpace objects, 0(0B) LOS objects, 40% free, 20MB/34MB, paused 103us total 8.807ms
08-04 18:37:54.087  1732  1744 I art     : Starting a blocking GC Explicit
08-04 18:37:54.095  1732  1744 I art     : Explicit concurrent mark sweep GC freed 3(96B) AllocSpace objects, 0(0B) LOS objects, 40% free, 20MB/34MB, paused 100us total 8.611ms
08-04 18:37:54.356  1732  1743 I art     : Starting a blocking GC Explicit
08-04 18:37:54.372  1732  1743 I art     : Explicit concurrent mark sweep GC freed 1333(78KB) AllocSpace objects, 1(20KB) LOS objects, 40% free, 20MB/34MB, paused 143us total 15.857ms
08-04 18:37:54.384  1732  1743 I art     : Starting a blocking GC Explicit
08-04 18:37:54.396  1732  1743 I art     : Explicit concurrent mark sweep GC freed 20(704B) AllocSpace objects, 0(0B) LOS objects, 40% free, 20MB/34MB, paused 118us total 10.988ms
08-04 18:37:54.404  1732  1743 I art     : Starting a blocking GC Explicit
08-04 18:37:54.415  1732  1743 I art     : Explicit concurrent mark sweep GC freed 3(96B) AllocSpace objects, 0(0B) LOS objects, 40% free, 20MB/34MB, paused 109us total 10.860ms
08-04 18:37:54.423  1732  1743 I art     : Starting a blocking GC Explicit
08-04 18:37:54.434  1732  1743 I art     : Explicit concurrent mark sweep GC freed 3(96B) AllocSpace objects, 0(0B) LOS objects, 40% free, 20MB/34MB, paused 110us total 10.580ms
08-04 18:37:54.442  1732  1743 I art     : Starting a blocking GC Explicit
08-04 18:37:54.452  1732  1743 I art     : Explicit concurrent mark sweep GC freed 3(96B) AllocSpace objects, 0(0B) LOS objects, 40% free, 20MB/34MB, paused 108us total 10.286ms
08-04 18:37:54.752  1732  1744 I art     : Starting a blocking GC Explicit
08-04 18:37:54.767  1732  1744 I art     : Explicit concurrent mark sweep GC freed 1333(78KB) AllocSpace objects, 1(20KB) LOS objects, 40% free, 20MB/34MB, paused 161us total 14.506ms
08-04 18:37:54.777  1732  1744 I art     : Starting a blocking GC Explicit
08-04 18:37:54.789  1732  1744 I art     : Explicit concurrent mark sweep GC freed 20(704B) AllocSpace objects, 0(0B) LOS objects, 40% free, 20MB/34MB, paused 124us total 12.388ms
08-04 18:37:54.798  1732  1744 I art     : Starting a blocking GC Explicit
08-04 18:37:54.809  1732  1744 I art     : Explicit concurrent mark sweep GC freed 3(96B) AllocSpace objects, 0(0B) LOS objects, 40% free, 20MB/34MB, paused 114us total 10.329ms
08-04 18:37:54.816  1732  1744 I art     : Starting a blocking GC Explicit
08-04 18:37:54.826  1732  1744 I art     : Explicit concurrent mark sweep GC freed 3(96B) AllocSpace objects, 0(0B) LOS objects, 40% free, 20MB/34MB, paused 115us total 9.481ms
08-04 18:37:54.834  1732  1744 I art     : Starting a blocking GC Explicit
08-04 18:37:54.843  1732  1744 I art     : Explicit concurrent mark sweep GC freed 3(96B) AllocSpace objects, 0(0B) LOS objects, 40% free, 20MB/34MB, paused 110us total 9.627ms
08-04 18:37:55.097  1732  1743 I art     : Starting a blocking GC Explicit
08-04 18:37:55.109  1732  1743 I art     : Explicit concurrent mark sweep GC freed 1333(78KB) AllocSpace objects, 1(20KB) LOS objects, 40% free, 20MB/34MB, paused 138us total 12.204ms
08-04 18:37:55.118  1732  1743 I art     : Starting a blocking GC Explicit
08-04 18:37:55.130  1732  1743 I art     : Explicit concurrent mark sweep GC freed 20(704B) AllocSpace objects, 0(0B) LOS objects, 40% free, 20MB/34MB, paused 126us total 11.168ms
08-04 18:37:55.138  1732  1743 I art     : Starting a blocking GC Explicit
08-04 18:37:55.149  1732  1743 I art     : Explicit concurrent mark sweep GC freed 3(96B) AllocSpace objects, 0(0B) LOS objects, 40% free, 20MB/34MB, paused 119us total 10.559ms
08-04 18:37:55.158  1732  1743 I art     : Starting a blocking GC Explicit
08-04 18:37:55.168  1732  1743 I art     : Explicit concurrent mark sweep GC freed 3(96B) AllocSpace objects, 0(0B) LOS objects, 40% free, 20MB/34MB, paused 113us total 10.144ms
08-04 18:37:55.176  1732  1743 I art     : Starting a blocking GC Explicit
08-04 18:37:55.186  1732  1743 I art     : Explicit concurrent mark sweep GC freed 3(96B) AllocSpace objects, 0(0B) LOS objects, 40% free, 20MB/34MB, paused 116us total 10.265ms
08-04 18:37:55.380  1943  1943 D AndroidRuntime: >>>>>> START com.android.internal.os.RuntimeInit uid 2000 <<<<<<
08-04 18:37:55.384  1943  1943 D AndroidRuntime: CheckJNI is OFF
08-04 18:37:55.410  1943  1943 D ICU     : No timezone override file found: /data/misc/zoneinfo/current/icu/icu_tzdata.dat
08-04 18:37:55.434  1943  1943 I Radio-JNI: register_android_hardware_Radio DONE
08-04 18:37:55.449  1943  1943 D AndroidRuntime: Calling main entry com.android.commands.input.Input
08-04 18:37:55.451  1943  1943 I Input   : injectMotionEvent: MotionEvent { action=ACTION_DOWN, actionButton=0, id[0]=0, x[0]=720.0, y[0]=1440.0, toolType[0]=TOOL_TYPE_UNKNOWN, buttonState=0, metaState=0, flags=0x0, edgeFlags=0x0, pointerCount=1, historySize=0, eventTime=729491864, downTime=729491864, deviceId=0, source=0x1002 }
08-04 18:37:55.455  1943  1943 I Input   : injectMotionEvent: MotionEvent { action=ACTION_UP, actionButton=0, id[0]=0, x[0]=720.0, y[0]=1440.0, toolType[0]=TOOL_TYPE_UNKNOWN, buttonState=0, metaState=0, flags=0x0, edgeFlags=0x0, pointerCount=1, historySize=0, eventTime=729491864, downTime=729491864, deviceId=0, source=0x1002 }
08-04 18:37:55.457  1943  1943 D AndroidRuntime: Shutting down VM
08-04 18:37:55.467   512  2967 D audio_hw_primary: out_set_parameters: enter: usecase(1: low-latency-playback) kvpairs: routing=2
08-04 18:37:55.472  1732  1744 I art     : Starting a blocking GC Explicit
08-04 18:37:55.479 13866 13866 I GoogleInputMethodServic: GoogleInputMethodService.onFinishInput():3138 
08-04 18:37:55.480   512  2967 D audio_hw_primary: select_devices: out_snd_device(2: speaker) in_snd_device(0: none)
08-04 18:37:55.480   512  2967 D msm8974_platform: platform_send_audio_calibration: sending audio calibration for snd_device(2) acdb_id(15)
08-04 18:37:55.480   512  2967 I soundtrigger: audio_extn_sound_trigger_update_device_status: device 0x2 of type 0 for Event 1
08-04 18:37:55.481 13866 13866 I GoogleInputMethodServic: GoogleInputMethodService.onStartInput():1808 
08-04 18:37:55.486  1732  1744 I art     : Explicit concurrent mark sweep GC freed 1446(82KB) AllocSpace objects, 1(20KB) LOS objects, 40% free, 20MB/34MB, paused 140us total 13.184ms
08-04 18:37:55.494  1732  1744 I art     : Starting a blocking GC Explicit
08-04 18:37:55.495   512  2967 D audio_hw_primary: enable_snd_device: snd_device(2: speaker)
08-04 18:37:55.497   512  2967 D audio_hw_primary: enable_audio_route: apply and update mixer path: low-latency-playback speaker
08-04 18:37:55.504  1732  1744 I art     : Explicit concurrent mark sweep GC freed 129(6KB) AllocSpace objects, 0(0B) LOS objects, 40% free, 20MB/34MB, paused 123us total 10.023ms
08-04 18:37:55.512  1732  1744 I art     : Starting a blocking GC Explicit
08-04 18:37:55.522  1732  1744 I art     : Explicit concurrent mark sweep GC freed 867(63KB) AllocSpace objects, 1(76KB) LOS objects, 40% free, 20MB/34MB, paused 114us total 9.565ms
08-04 18:37:55.522  1732  1742 I art     : WaitForGcToComplete blocked for 8.681ms for cause HeapTrim
08-04 18:37:55.529  1732  1744 I art     : Starting a blocking GC Explicit
08-04 18:37:55.540  1732  1744 I art     : Explicit concurrent mark sweep GC freed 3(96B) AllocSpace objects, 0(0B) LOS objects, 40% free, 20MB/34MB, paused 106us total 10.580ms
08-04 18:37:55.548  1732  1744 I art     : Starting a blocking GC Explicit
08-04 18:37:55.558  1732  1744 I art     : Explicit concurrent mark sweep GC freed 3(96B) AllocSpace objects, 0(0B) LOS objects, 40% free, 20MB/34MB, paused 118us total 10.475ms
08-04 18:37:55.666   380   380 W SurfaceFlinger: couldn't log to binary event log: overflow.
08-04 18:37:55.772  1732  1743 I art     : Starting a blocking GC Explicit
08-04 18:37:55.783  1732  1743 I art     : Explicit concurrent mark sweep GC freed 1333(78KB) AllocSpace objects, 1(20KB) LOS objects, 40% free, 20MB/34MB, paused 124us total 11.062ms
08-04 18:37:55.791  1732  1743 I art     : Starting a blocking GC Explicit
08-04 18:37:55.802  1732  1743 I art     : Explicit concurrent mark sweep GC freed 20(704B) AllocSpace objects, 0(0B) LOS objects, 40% free, 20MB/34MB, paused 132us total 10.383ms
08-04 18:37:55.810  1732  1743 I art     : Starting a blocking GC Explicit
08-04 18:37:55.820  1732  1743 I art     : Explicit concurrent mark sweep GC freed 3(96B) AllocSpace objects, 0(0B) LOS objects, 40% free, 20MB/34MB, paused 116us total 10.170ms
08-04 18:37:55.828  1732  1743 I art     : Starting a blocking GC Explicit
08-04 18:37:55.839  1732  1743 I art     : Explicit concurrent mark sweep GC freed 3(96B) AllocSpace objects, 0(0B) LOS objects, 40% free, 20MB/34MB, paused 119us total 10.225ms
08-04 18:37:55.847  1732  1743 I art     : Starting a blocking GC Explicit
08-04 18:37:55.857  1732  1743 I art     : Explicit concurrent mark sweep GC freed 3(96B) AllocSpace objects, 0(0B) LOS objects, 40% free, 20MB/34MB, paused 121us total 10.237ms
08-04 18:37:56.019  1968  1968 D AndroidRuntime: >>>>>> START com.android.internal.os.RuntimeInit uid 2000 <<<<<<
08-04 18:37:56.025  1968  1968 D AndroidRuntime: CheckJNI is OFF
08-04 18:37:56.038   512  2967 D audio_hw_primary: disable_audio_route: reset and update mixer path: low-latency-playback speaker
08-04 18:37:56.040   512  2967 D audio_hw_primary: disable_snd_device: snd_device(2: speaker)
08-04 18:37:56.049   512  2967 I soundtrigger: audio_extn_sound_trigger_update_device_status: device 0x2 of type 0 for Event 0
08-04 18:37:56.050  1968  1968 D ICU     : No timezone override file found: /data/misc/zoneinfo/current/icu/icu_tzdata.dat
08-04 18:37:56.075  1968  1968 I Radio-JNI: register_android_hardware_Radio DONE
08-04 18:37:56.091  1968  1968 D AndroidRuntime: Calling main entry com.android.commands.input.Input
08-04 18:37:56.092  1968  1968 I Input   : injectMotionEvent: MotionEvent { action=ACTION_DOWN, actionButton=0, id[0]=0, x[0]=1345.0, y[0]=165.0, toolType[0]=TOOL_TYPE_UNKNOWN, buttonState=0, metaState=0, flags=0x0, edgeFlags=0x0, pointerCount=1, historySize=0, eventTime=729492505, downTime=729492505, deviceId=0, source=0x1002 }
08-04 18:37:56.096  1968  1968 I Input   : injectMotionEvent: MotionEvent { action=ACTION_UP, actionButton=0, id[0]=0, x[0]=1345.0, y[0]=165.0, toolType[0]=TOOL_TYPE_UNKNOWN, buttonState=0, metaState=0, flags=0x0, edgeFlags=0x0, pointerCount=1, historySize=0, eventTime=729492505, downTime=729492505, deviceId=0, source=0x1002 }
08-04 18:37:56.098  1968  1968 D AndroidRuntime: Shutting down VM
08-04 18:37:56.101   512  2967 D audio_hw_primary: out_set_parameters: enter: usecase(1: low-latency-playback) kvpairs: routing=2
08-04 18:37:56.103  1732  1732 W art     : Before Android 4.1, method int androidx.appcompat.widget.DropDownListView.lookForSelectablePosition(int, boolean) would have incorrectly overridden the package-private method in android.widget.ListView
08-04 18:37:56.105  1732  1744 I art     : Starting a blocking GC Explicit
08-04 18:37:56.108  1732  1732 W art     : Before Android 4.1, method int androidx.appcompat.widget.MenuPopupWindow$MenuDropDownListView.lookForSelectablePosition(int, boolean) would have incorrectly overridden the package-private method in android.widget.ListView
08-04 18:37:56.110  1732  1732 I ListPopupWindow: Could not find method setEpicenterBounds(Rect) on PopupWindow. Oh well.
08-04 18:37:56.114   512  2967 D audio_hw_primary: select_devices: out_snd_device(2: speaker) in_snd_device(0: none)
08-04 18:37:56.114   512  2967 D msm8974_platform: platform_send_audio_calibration: sending audio calibration for snd_device(2) acdb_id(15)
08-04 18:37:56.115   512  2967 I soundtrigger: audio_extn_sound_trigger_update_device_status: device 0x2 of type 0 for Event 1
08-04 18:37:56.118  1732  1744 I art     : Explicit concurrent mark sweep GC freed 1603(140KB) AllocSpace objects, 1(20KB) LOS objects, 40% free, 20MB/34MB, paused 370us total 12.660ms
08-04 18:37:56.125   512  2967 D audio_hw_primary: enable_snd_device: snd_device(2: speaker)
08-04 18:37:56.126  1732  1744 I art     : Starting a blocking GC Explicit
08-04 18:37:56.128   512  2967 D audio_hw_primary: enable_audio_route: apply and update mixer path: low-latency-playback speaker
08-04 18:37:56.137  1732  1744 I art     : Explicit concurrent mark sweep GC freed 386(71KB) AllocSpace objects, 0(0B) LOS objects, 40% free, 20MB/34MB, paused 191us total 10.746ms
08-04 18:37:56.145  1732  1744 I art     : Starting a blocking GC Explicit
08-04 18:37:56.155  1732  1744 I art     : Explicit concurrent mark sweep GC freed 88(4KB) AllocSpace objects, 0(0B) LOS objects, 40% free, 20MB/34MB, paused 125us total 9.525ms
08-04 18:37:56.163  1732  1744 I art     : Starting a blocking GC Explicit
08-04 18:37:56.169   512  2967 D AudioFlinger: mixer(0xf4740000) throttle end: throttle time(12)
08-04 18:37:56.173  1732  1744 I art     : Explicit concurrent mark sweep GC freed 231(10KB) AllocSpace objects, 0(0B) LOS objects, 40% free, 20MB/34MB, paused 137us total 10.433ms
08-04 18:37:56.181  1732  1744 I art     : Starting a blocking GC Explicit
08-04 18:37:56.192  1732  1744 I art     : Explicit concurrent mark sweep GC freed 81(7KB) AllocSpace objects, 0(0B) LOS objects, 40% free, 20MB/34MB, paused 139us total 11.247ms
08-04 18:37:56.440  1732  1743 I art     : Starting a blocking GC Explicit
08-04 18:37:56.451  1732  1743 I art     : Explicit concurrent mark sweep GC freed 2159(117KB) AllocSpace objects, 1(20KB) LOS objects, 40% free, 20MB/34MB, paused 112us total 10.802ms
08-04 18:37:56.459  1732  1743 I art     : Starting a blocking GC Explicit
08-04 18:37:56.470  1732  1743 I art     : Explicit concurrent mark sweep GC freed 292(24KB) AllocSpace objects, 0(0B) LOS objects, 40% free, 20MB/34MB, paused 126us total 10.298ms
08-04 18:37:56.478  1732  1743 I art     : Starting a blocking GC Explicit
08-04 18:37:56.488  1732  1743 I art     : Explicit concurrent mark sweep GC freed 3(96B) AllocSpace objects, 0(0B) LOS objects, 40% free, 20MB/34MB, paused 110us total 9.906ms
08-04 18:37:56.495  1732  1743 I art     : Starting a blocking GC Explicit
08-04 18:37:56.506  1732  1743 I art     : Explicit concurrent mark sweep GC freed 9(288B) AllocSpace objects, 0(0B) LOS objects, 40% free, 20MB/34MB, paused 113us total 10.079ms
08-04 18:37:56.513  1732  1743 I art     : Starting a blocking GC Explicit
08-04 18:37:56.523  1732  1743 I art     : Explicit concurrent mark sweep GC freed 3(96B) AllocSpace objects, 0(0B) LOS objects, 40% free, 20MB/34MB, paused 115us total 9.916ms
08-04 18:37:56.660   512  2967 D audio_hw_primary: disable_audio_route: reset and update mixer path: low-latency-playback speaker
08-04 18:37:56.661   512  2967 D audio_hw_primary: disable_snd_device: snd_device(2: speaker)
08-04 18:37:56.661  2003  2003 D AndroidRuntime: >>>>>> START com.android.internal.os.RuntimeInit uid 2000 <<<<<<
08-04 18:37:56.665  2003  2003 D AndroidRuntime: CheckJNI is OFF
08-04 18:37:56.670   512  2967 I soundtrigger: audio_extn_sound_trigger_update_device_status: device 0x2 of type 0 for Event 0
08-04 18:37:56.689  2003  2003 D ICU     : No timezone override file found: /data/misc/zoneinfo/current/icu/icu_tzdata.dat
08-04 18:37:56.712  2003  2003 I Radio-JNI: register_android_hardware_Radio DONE
08-04 18:37:56.728  2003  2003 D AndroidRuntime: Calling main entry com.android.commands.input.Input
08-04 18:37:56.729  2003  2003 I Input   : injectMotionEvent: MotionEvent { action=ACTION_DOWN, actionButton=0, id[0]=0, x[0]=940.0, y[0]=501.0, toolType[0]=TOOL_TYPE_UNKNOWN, buttonState=0, metaState=0, flags=0x0, edgeFlags=0x0, pointerCount=1, historySize=0, eventTime=729493142, downTime=729493142, deviceId=0, source=0x1002 }
08-04 18:37:56.733  2003  2003 I Input   : injectMotionEvent: MotionEvent { action=ACTION_UP, actionButton=0, id[0]=0, x[0]=940.0, y[0]=501.0, toolType[0]=TOOL_TYPE_UNKNOWN, buttonState=0, metaState=0, flags=0x0, edgeFlags=0x0, pointerCount=1, historySize=0, eventTime=729493142, downTime=729493142, deviceId=0, source=0x1002 }
08-04 18:37:56.735  2003  2003 D AndroidRuntime: Shutting down VM
08-04 18:37:56.766  1732  1744 I art     : Starting a blocking GC Explicit
08-04 18:37:56.785  1732  1744 I art     : Explicit concurrent mark sweep GC freed 1390(80KB) AllocSpace objects, 1(20KB) LOS objects, 40% free, 20MB/34MB, paused 136us total 18.012ms
08-04 18:37:56.793  1732  1744 I art     : Starting a blocking GC Explicit
08-04 18:37:56.802   512  2967 D audio_hw_primary: out_set_parameters: enter: usecase(1: low-latency-playback) kvpairs: routing=2
08-04 18:37:56.804   918  3714 I ActivityManager: START u0 {cmp=baseline.org.quantumbadger.redreader/.settings.SettingsActivity} from uid 10666 on display 0
08-04 18:37:56.804  1732  1744 I art     : Explicit concurrent mark sweep GC freed 30(8KB) AllocSpace objects, 0(0B) LOS objects, 40% free, 20MB/34MB, paused 172us total 10.867ms
08-04 18:37:56.813  1732  1744 I art     : Starting a blocking GC Explicit
08-04 18:37:56.815   512  2967 D audio_hw_primary: select_devices: out_snd_device(2: speaker) in_snd_device(0: none)
08-04 18:37:56.815   512  2967 D msm8974_platform: platform_send_audio_calibration: sending audio calibration for snd_device(2) acdb_id(15)
08-04 18:37:56.815   512  2967 I soundtrigger: audio_extn_sound_trigger_update_device_status: device 0x2 of type 0 for Event 1
08-04 18:37:56.824 13866 13866 I GoogleInputMethodServic: GoogleInputMethodService.onFinishInput():3138 
08-04 18:37:56.825 13866 13866 I GoogleInputMethodServic: GoogleInputMethodService.onStartInput():1808 
08-04 18:37:56.826  1732  1744 I art     : Explicit concurrent mark sweep GC freed 365(25KB) AllocSpace objects, 0(0B) LOS objects, 40% free, 20MB/34MB, paused 170us total 12.101ms
08-04 18:37:56.830   512  2967 D audio_hw_primary: enable_snd_device: snd_device(2: speaker)
08-04 18:37:56.832   512  2967 D audio_hw_primary: enable_audio_route: apply and update mixer path: low-latency-playback speaker
08-04 18:37:56.834  1732  1744 I art     : Starting a blocking GC Explicit
08-04 18:37:56.845  1732  1744 I art     : Explicit concurrent mark sweep GC freed 294(49KB) AllocSpace objects, 0(0B) LOS objects, 40% free, 21MB/35MB, paused 344us total 11.330ms
08-04 18:37:56.853  1732  1744 I art     : Starting a blocking GC Explicit
08-04 18:37:56.864  1732  1744 I art     : Explicit concurrent mark sweep GC freed 213(65KB) AllocSpace objects, 0(0B) LOS objects, 40% free, 21MB/35MB, paused 286us total 11.080ms
08-04 18:37:56.874   512  2967 D AudioFlinger: mixer(0xf4740000) throttle end: throttle time(12)
08-04 18:37:56.984   918   936 I ActivityManager: Displayed baseline.org.quantumbadger.redreader/.settings.SettingsActivity: +157ms
08-04 18:37:56.984 13866 13866 I GoogleInputMethodServic: GoogleInputMethodService.onFinishInput():3138 
08-04 18:37:56.985 13866 13866 I GoogleInputMethodServic: GoogleInputMethodService.onStartInput():1808 
08-04 18:37:57.023  1732  1751 D OpenGLRenderer: endAllStagingAnimators on 0x7f94ba0c00 (MenuPopupWindow$MenuDropDownListView) with handle 0x7f7f1ff2e0
08-04 18:37:57.093  1732  1743 I art     : Starting a blocking GC Explicit
08-04 18:37:57.107  1732  1743 I art     : Explicit concurrent mark sweep GC freed 2281(131KB) AllocSpace objects, 1(20KB) LOS objects, 40% free, 21MB/35MB, paused 145us total 13.880ms
08-04 18:37:57.115  1732  1743 I art     : Starting a blocking GC Explicit
08-04 18:37:57.128  1732  1743 I art     : Explicit concurrent mark sweep GC freed 256(10KB) AllocSpace objects, 0(0B) LOS objects, 40% free, 21MB/35MB, paused 123us total 12.559ms
08-04 18:37:57.137  1732  1743 I art     : Starting a blocking GC Explicit
08-04 18:37:57.151  1732  1743 I art     : Explicit concurrent mark sweep GC freed 25(1056B) AllocSpace objects, 0(0B) LOS objects, 40% free, 21MB/35MB, paused 169us total 13.777ms
08-04 18:37:57.161 29955 29955 I ServiceManager: Waiting for service AtCmdFwd...
08-04 18:37:57.161  1732  1743 I art     : Starting a blocking GC Explicit
08-04 18:37:57.176  1732  1743 I art     : Explicit concurrent mark sweep GC freed 3(96B) AllocSpace objects, 0(0B) LOS objects, 40% free, 21MB/35MB, paused 127us total 14.162ms
08-04 18:37:57.185  1732  1743 I art     : Starting a blocking GC Explicit
08-04 18:37:57.197  1732  1743 I art     : Explicit concurrent mark sweep GC freed 3(96B) AllocSpace objects, 0(0B) LOS objects, 40% free, 21MB/35MB, paused 137us total 11.991ms
08-04 18:37:57.235   380   380 W SurfaceFlinger: couldn't log to binary event log: overflow.
08-04 18:37:57.287  2032  2032 D AndroidRuntime: >>>>>> START com.android.internal.os.RuntimeInit uid 2000 <<<<<<
08-04 18:37:57.291  2032  2032 D AndroidRuntime: CheckJNI is OFF
08-04 18:37:57.313  2032  2032 D ICU     : No timezone override file found: /data/misc/zoneinfo/current/icu/icu_tzdata.dat
08-04 18:37:57.338  2032  2032 I Radio-JNI: register_android_hardware_Radio DONE
08-04 18:37:57.353  2032  2032 D AndroidRuntime: Calling main entry com.android.commands.input.Input
08-04 18:37:57.355  2032  2032 I Input   : injectMotionEvent: MotionEvent { action=ACTION_DOWN, actionButton=0, id[0]=0, x[0]=216.0, y[0]=853.0, toolType[0]=TOOL_TYPE_UNKNOWN, buttonState=0, metaState=0, flags=0x0, edgeFlags=0x0, pointerCount=1, historySize=0, eventTime=729493768, downTime=729493768, deviceId=0, source=0x1002 }
08-04 18:37:57.358   512  2967 D audio_hw_primary: disable_audio_route: reset and update mixer path: low-latency-playback speaker
08-04 18:37:57.360   512  2967 D audio_hw_primary: disable_snd_device: snd_device(2: speaker)
08-04 18:37:57.363  2032  2032 I Input   : injectMotionEvent: MotionEvent { action=ACTION_UP, actionButton=0, id[0]=0, x[0]=216.0, y[0]=853.0, toolType[0]=TOOL_TYPE_UNKNOWN, buttonState=0, metaState=0, flags=0x0, edgeFlags=0x0, pointerCount=1, historySize=0, eventTime=729493768, downTime=729493768, deviceId=0, source=0x1002 }
08-04 18:37:57.365  2032  2032 D AndroidRuntime: Shutting down VM
08-04 18:37:57.371   512  2967 I soundtrigger: audio_extn_sound_trigger_update_device_status: device 0x2 of type 0 for Event 0
08-04 18:37:57.430   918   929 I ActivityManager: START u0 {act=android.intent.action.MAIN cmp=baseline.org.quantumbadger.redreader/.settings.SettingsActivity (has extras)} from uid 10666 on display 0
08-04 18:37:57.431   512  2967 D audio_hw_primary: out_set_parameters: enter: usecase(1: low-latency-playback) kvpairs: routing=2
08-04 18:37:57.436  1732  1966 I art     : Starting a blocking GC Explicit
08-04 18:37:57.443   518   646 I ThermalEngine: ACTION: GPU - Setting GPU[0] to 510000000
08-04 18:37:57.445   512  2967 D audio_hw_primary: select_devices: out_snd_device(2: speaker) in_snd_device(0: none)
08-04 18:37:57.445   512  2967 D msm8974_platform: platform_send_audio_calibration: sending audio calibration for snd_device(2) acdb_id(15)
08-04 18:37:57.445   512  2967 I soundtrigger: audio_extn_sound_trigger_update_device_status: device 0x2 of type 0 for Event 1
08-04 18:37:57.451  1732  1966 I art     : Explicit concurrent mark sweep GC freed 1851(108KB) AllocSpace objects, 1(20KB) LOS objects, 40% free, 21MB/35MB, paused 277us total 15.224ms
08-04 18:37:57.455   512  2967 D audio_hw_primary: enable_snd_device: snd_device(2: speaker)
08-04 18:37:57.457   512  2967 D audio_hw_primary: enable_audio_route: apply and update mixer path: low-latency-playback speaker
08-04 18:37:57.462  1732  1966 I art     : Starting a blocking GC Explicit
08-04 18:37:57.482  1732  1966 I art     : Explicit concurrent mark sweep GC freed 467(77KB) AllocSpace objects, 1(20KB) LOS objects, 40% free, 21MB/35MB, paused 333us total 20.090ms
08-04 18:37:57.493  1732  1966 I art     : Starting a blocking GC Explicit
08-04 18:37:57.499   512  2967 D AudioFlinger: mixer(0xf4740000) throttle end: throttle time(12)
08-04 18:37:57.509  1732  1966 I art     : Explicit concurrent mark sweep GC freed 586(42KB) AllocSpace objects, 0(0B) LOS objects, 40% free, 21MB/35MB, paused 178us total 15.695ms
08-04 18:37:57.519  1732  1966 I art     : Starting a blocking GC Explicit
08-04 18:37:57.537  1732  1966 I art     : Explicit concurrent mark sweep GC freed 63(2848B) AllocSpace objects, 0(0B) LOS objects, 40% free, 21MB/35MB, paused 169us total 17.788ms
08-04 18:37:57.547  1732  1966 I art     : Starting a blocking GC Explicit
08-04 18:37:57.566  1732  1966 I art     : Explicit concurrent mark sweep GC freed 87(11KB) AllocSpace objects, 0(0B) LOS objects, 40% free, 21MB/35MB, paused 384us total 18.258ms
08-04 18:37:57.793   918   936 I ActivityManager: Displayed baseline.org.quantumbadger.redreader/.settings.SettingsActivity: +356ms
08-04 18:37:57.794 13866 13866 I GoogleInputMethodServic: GoogleInputMethodService.onFinishInput():3138 
08-04 18:37:57.795 13866 13866 I GoogleInputMethodServic: GoogleInputMethodService.onStartInput():1808 
08-04 18:37:57.820  1732  1751 D OpenGLRenderer: endAllStagingAnimators on 0x7f7eabd000 (ListView) with handle 0x7f8053e640
08-04 18:37:57.823  1732  1743 I art     : Starting a blocking GC Explicit
08-04 18:37:57.847  1732  1743 I art     : Explicit concurrent mark sweep GC freed 78680(3MB) AllocSpace objects, 1(20KB) LOS objects, 40% free, 22MB/37MB, paused 212us total 24.166ms
08-04 18:37:57.860  1732  1743 I art     : Starting a blocking GC Explicit
08-04 18:37:57.877  1732  1743 I art     : Explicit concurrent mark sweep GC freed 2741(233KB) AllocSpace objects, 0(0B) LOS objects, 40% free, 22MB/36MB, paused 153us total 17.028ms
08-04 18:37:57.888  1732  1743 I art     : Starting a blocking GC Explicit
08-04 18:37:57.906  1732  1743 I art     : Explicit concurrent mark sweep GC freed 3(96B) AllocSpace objects, 0(0B) LOS objects, 40% free, 22MB/36MB, paused 167us total 17.184ms
08-04 18:37:57.917  1732  1743 I art     : Starting a blocking GC Explicit
08-04 18:37:57.935  1732  1743 I art     : Explicit concurrent mark sweep GC freed 3(96B) AllocSpace objects, 0(0B) LOS objects, 40% free, 22MB/36MB, paused 159us total 17.130ms
08-04 18:37:57.946  1732  1743 I art     : Starting a blocking GC Explicit
08-04 18:37:57.965  1732  1743 I art     : Explicit concurrent mark sweep GC freed 59(2448B) AllocSpace objects, 0(0B) LOS objects, 40% free, 22MB/36MB, paused 161us total 19.052ms
08-04 18:37:57.990   512  2967 D audio_hw_primary: disable_audio_route: reset and update mixer path: low-latency-playback speaker
08-04 18:37:57.991   512  2967 D audio_hw_primary: disable_snd_device: snd_device(2: speaker)
08-04 18:37:57.994  2065  2065 D AndroidRuntime: >>>>>> START com.android.internal.os.RuntimeInit uid 2000 <<<<<<
08-04 18:37:57.998   512  2967 I soundtrigger: audio_extn_sound_trigger_update_device_status: device 0x2 of type 0 for Event 0
08-04 18:37:57.999  2065  2065 D AndroidRuntime: CheckJNI is OFF
08-04 18:37:58.031  2065  2065 D ICU     : No timezone override file found: /data/misc/zoneinfo/current/icu/icu_tzdata.dat
08-04 18:37:58.038  6490  6520 I WorkerManager: dispose()
08-04 18:37:58.039  6490  6520 W ThreadPoolDumper: Queue length for executor EventBus is now 11. Perhaps some tasks are too long, or the pool is too small.
08-04 18:37:58.051   380   380 W SurfaceFlinger: couldn't log to binary event log: overflow.
08-04 18:37:58.063  2065  2065 I Radio-JNI: register_android_hardware_Radio DONE
08-04 18:37:58.084  2065  2065 D AndroidRuntime: Calling main entry com.android.commands.input.Input
08-04 18:37:58.085  2065  2065 I Input   : injectMotionEvent: MotionEvent { action=ACTION_DOWN, actionButton=0, id[0]=0, x[0]=1318.0, y[0]=1194.0, toolType[0]=TOOL_TYPE_UNKNOWN, buttonState=0, metaState=0, flags=0x0, edgeFlags=0x0, pointerCount=1, historySize=0, eventTime=729494498, downTime=729494498, deviceId=0, source=0x1002 }
08-04 18:37:58.089  2065  2065 I Input   : injectMotionEvent: MotionEvent { action=ACTION_UP, actionButton=0, id[0]=0, x[0]=1318.0, y[0]=1194.0, toolType[0]=TOOL_TYPE_UNKNOWN, buttonState=0, metaState=0, flags=0x0, edgeFlags=0x0, pointerCount=1, historySize=0, eventTime=729494498, downTime=729494498, deviceId=0, source=0x1002 }
08-04 18:37:58.091  2065  2065 D AndroidRuntime: Shutting down VM
08-04 18:37:58.157   512  2967 D audio_hw_primary: out_set_parameters: enter: usecase(1: low-latency-playback) kvpairs: routing=2
08-04 18:37:58.162 29955 29955 I ServiceManager: Waiting for service AtCmdFwd...
08-04 18:37:58.170   512  2967 D audio_hw_primary: select_devices: out_snd_device(2: speaker) in_snd_device(0: none)
08-04 18:37:58.170   512  2967 D msm8974_platform: platform_send_audio_calibration: sending audio calibration for snd_device(2) acdb_id(15)
08-04 18:37:58.171   512  2967 I soundtrigger: audio_extn_sound_trigger_update_device_status: device 0x2 of type 0 for Event 1
08-04 18:37:58.180   512  2967 D audio_hw_primary: enable_snd_device: snd_device(2: speaker)
08-04 18:37:58.182   512  2967 D audio_hw_primary: enable_audio_route: apply and update mixer path: low-latency-playback speaker
08-04 18:37:58.202  1732  1744 I art     : Starting a blocking GC Explicit
08-04 18:37:58.220  1732  1744 I art     : Explicit concurrent mark sweep GC freed 2016(123KB) AllocSpace objects, 2(40KB) LOS objects, 40% free, 22MB/36MB, paused 194us total 17.882ms
08-04 18:37:58.223   512  2967 D AudioFlinger: mixer(0xf4740000) throttle end: throttle time(12)
08-04 18:37:58.231  1732  1744 I art     : Starting a blocking GC Explicit
08-04 18:37:58.248  1732  1744 I art     : Explicit concurrent mark sweep GC freed 52(2048B) AllocSpace objects, 0(0B) LOS objects, 40% free, 22MB/36MB, paused 169us total 16.944ms
08-04 18:37:58.259  1732  1744 I art     : Starting a blocking GC Explicit
08-04 18:37:58.277  1732  1744 I art     : Explicit concurrent mark sweep GC freed 16(608B) AllocSpace objects, 0(0B) LOS objects, 40% free, 22MB/36MB, paused 175us total 17.698ms
08-04 18:37:58.288  1732  1744 I art     : Starting a blocking GC Explicit
08-04 18:37:58.305  1732  1744 I art     : Explicit concurrent mark sweep GC freed 21(768B) AllocSpace objects, 0(0B) LOS objects, 40% free, 22MB/36MB, paused 211us total 17.315ms
08-04 18:37:58.317  1732  1744 I art     : Starting a blocking GC Explicit
08-04 18:37:58.335  1732  1744 I art     : Explicit concurrent mark sweep GC freed 30(1264B) AllocSpace objects, 0(0B) LOS objects, 40% free, 22MB/36MB, paused 276us total 17.854ms
08-04 18:37:58.576  1732  1966 I art     : Starting a blocking GC Explicit
08-04 18:37:58.597  1732  1966 I art     : Explicit concurrent mark sweep GC freed 1483(84KB) AllocSpace objects, 1(20KB) LOS objects, 40% free, 22MB/36MB, paused 166us total 20.030ms
08-04 18:37:58.608  1732  1966 I art     : Starting a blocking GC Explicit
08-04 18:37:58.626  1732  1966 I art     : Explicit concurrent mark sweep GC freed 70(2400B) AllocSpace objects, 0(0B) LOS objects, 40% free, 22MB/36MB, paused 169us total 17.249ms
08-04 18:37:58.637  1732  1966 I art     : Starting a blocking GC Explicit
08-04 18:37:58.654  1732  1966 I art     : Explicit concurrent mark sweep GC freed 19(704B) AllocSpace objects, 0(0B) LOS objects, 40% free, 22MB/36MB, paused 165us total 17.280ms
08-04 18:37:58.666  1732  1966 I art     : Starting a blocking GC Explicit
08-04 18:37:58.684  1732  1966 I art     : Explicit concurrent mark sweep GC freed 14(496B) AllocSpace objects, 0(0B) LOS objects, 40% free, 22MB/36MB, paused 164us total 17.455ms
08-04 18:37:58.695  1732  1966 I art     : Starting a blocking GC Explicit
08-04 18:37:58.709   512  2967 D audio_hw_primary: disable_audio_route: reset and update mixer path: low-latency-playback speaker
08-04 18:37:58.710   512  2967 D audio_hw_primary: disable_snd_device: snd_device(2: speaker)
08-04 18:37:58.712  1732  1966 I art     : Explicit concurrent mark sweep GC freed 48(2144B) AllocSpace objects, 0(0B) LOS objects, 40% free, 22MB/36MB, paused 162us total 17.281ms
08-04 18:37:58.718   512  2967 I soundtrigger: audio_extn_sound_trigger_update_device_status: device 0x2 of type 0 for Event 0
08-04 18:37:58.723  2098  2098 D AndroidRuntime: >>>>>> START com.android.internal.os.RuntimeInit uid 2000 <<<<<<
08-04 18:37:58.728  2098  2098 D AndroidRuntime: CheckJNI is OFF
08-04 18:37:58.758  2098  2098 D ICU     : No timezone override file found: /data/misc/zoneinfo/current/icu/icu_tzdata.dat
08-04 18:37:58.790  2098  2098 I Radio-JNI: register_android_hardware_Radio DONE
08-04 18:37:58.812  2098  2098 D AndroidRuntime: Calling main entry com.android.commands.input.Input
08-04 18:37:58.814  2098  2098 I Input   : injectMotionEvent: MotionEvent { action=ACTION_DOWN, actionButton=0, id[0]=0, x[0]=1309.0, y[0]=1701.0, toolType[0]=TOOL_TYPE_UNKNOWN, buttonState=0, metaState=0, flags=0x0, edgeFlags=0x0, pointerCount=1, historySize=0, eventTime=729495227, downTime=729495227, deviceId=0, source=0x1002 }
08-04 18:37:58.818  2098  2098 I Input   : injectMotionEvent: MotionEvent { action=ACTION_UP, actionButton=0, id[0]=0, x[0]=1309.0, y[0]=1701.0, toolType[0]=TOOL_TYPE_UNKNOWN, buttonState=0, metaState=0, flags=0x0, edgeFlags=0x0, pointerCount=1, historySize=0, eventTime=729495227, downTime=729495227, deviceId=0, source=0x1002 }
08-04 18:37:58.821  2098  2098 D AndroidRuntime: Shutting down VM
08-04 18:37:58.888   512  2967 D audio_hw_primary: out_set_parameters: enter: usecase(1: low-latency-playback) kvpairs: routing=2
08-04 18:37:58.901   512  2967 D audio_hw_primary: select_devices: out_snd_device(2: speaker) in_snd_device(0: none)
08-04 18:37:58.901   512  2967 D msm8974_platform: platform_send_audio_calibration: sending audio calibration for snd_device(2) acdb_id(15)
08-04 18:37:58.901   512  2967 I soundtrigger: audio_extn_sound_trigger_update_device_status: device 0x2 of type 0 for Event 1
08-04 18:37:58.911   512  2967 D audio_hw_primary: enable_snd_device: snd_device(2: speaker)
08-04 18:37:58.913   512  2967 D audio_hw_primary: enable_audio_route: apply and update mixer path: low-latency-playback speaker
08-04 18:37:58.955   512  2967 D AudioFlinger: mixer(0xf4740000) throttle end: throttle time(12)
08-04 18:37:58.956  1732  1966 I art     : Starting a blocking GC Explicit
08-04 18:37:58.974  1732  1966 I art     : Explicit concurrent mark sweep GC freed 2028(124KB) AllocSpace objects, 2(40KB) LOS objects, 40% free, 22MB/37MB, paused 156us total 17.551ms
08-04 18:37:58.984  1732  1966 I art     : Starting a blocking GC Explicit
08-04 18:37:59.004  1732  1966 I art     : Explicit concurrent mark sweep GC freed 81(3024B) AllocSpace objects, 0(0B) LOS objects, 40% free, 22MB/37MB, paused 243us total 19.175ms
08-04 18:37:59.015  1732  1966 I art     : Starting a blocking GC Explicit
08-04 18:37:59.034  1732  1966 I art     : Explicit concurrent mark sweep GC freed 16(560B) AllocSpace objects, 0(0B) LOS objects, 40% free, 22MB/37MB, paused 176us total 18.246ms
08-04 18:37:59.046  1732  1966 I art     : Starting a blocking GC Explicit
08-04 18:37:59.065  1732  1966 I art     : Explicit concurrent mark sweep GC freed 33(1408B) AllocSpace objects, 0(0B) LOS objects, 40% free, 22MB/37MB, paused 172us total 19.125ms
08-04 18:37:59.077  1732  1966 I art     : Starting a blocking GC Explicit
08-04 18:37:59.093  1732  1966 I art     : Explicit concurrent mark sweep GC freed 65(2912B) AllocSpace objects, 0(0B) LOS objects, 40% free, 22MB/37MB, paused 151us total 16.500ms
08-04 18:37:59.162 29955 29955 I ServiceManager: Waiting for service AtCmdFwd...
08-04 18:37:59.331  1732  1744 I art     : Starting a blocking GC Explicit
08-04 18:37:59.349  1732  1744 I art     : Explicit concurrent mark sweep GC freed 1476(83KB) AllocSpace objects, 1(20KB) LOS objects, 40% free, 22MB/37MB, paused 183us total 18.044ms
08-04 18:37:59.361  1732  1744 I art     : Starting a blocking GC Explicit
08-04 18:37:59.379  1732  1744 I art     : Explicit concurrent mark sweep GC freed 77(2624B) AllocSpace objects, 0(0B) LOS objects, 40% free, 22MB/37MB, paused 174us total 17.934ms
08-04 18:37:59.390  1732  1744 I art     : Starting a blocking GC Explicit
08-04 18:37:59.408  1732  1744 I art     : Explicit concurrent mark sweep GC freed 19(704B) AllocSpace objects, 0(0B) LOS objects, 40% free, 22MB/37MB, paused 178us total 16.932ms
08-04 18:37:59.419  1732  1744 I art     : Starting a blocking GC Explicit
08-04 18:37:59.436  1732  1744 I art     : Explicit concurrent mark sweep GC freed 45(2000B) AllocSpace objects, 0(0B) LOS objects, 40% free, 22MB/37MB, paused 167us total 16.991ms
08-04 18:37:59.448   518   646 I ThermalEngine: ACTION: GPU - Setting GPU[0] to 450000000
08-04 18:37:59.448  1732  1744 I art     : Starting a blocking GC Explicit
08-04 18:37:59.451   512  2967 D audio_hw_primary: disable_audio_route: reset and update mixer path: low-latency-playback speaker
08-04 18:37:59.453   512  2967 D audio_hw_primary: disable_snd_device: snd_device(2: speaker)
08-04 18:37:59.455  2130  2130 D AndroidRuntime: >>>>>> START com.android.internal.os.RuntimeInit uid 2000 <<<<<<
08-04 18:37:59.461  2130  2130 D AndroidRuntime: CheckJNI is OFF
08-04 18:37:59.461   512  2967 I soundtrigger: audio_extn_sound_trigger_update_device_status: device 0x2 of type 0 for Event 0
08-04 18:37:59.470  1732  1744 I art     : Explicit concurrent mark sweep GC freed 5(160B) AllocSpace objects, 0(0B) LOS objects, 40% free, 22MB/37MB, paused 211us total 21.364ms
08-04 18:37:59.502  2130  2130 D ICU     : No timezone override file found: /data/misc/zoneinfo/current/icu/icu_tzdata.dat
08-04 18:37:59.542  2130  2130 I Radio-JNI: register_android_hardware_Radio DONE
08-04 18:37:59.571  2130  2130 D AndroidRuntime: Calling main entry com.android.commands.input.Input
08-04 18:37:59.573  2130  2130 I Input   : injectMotionEvent: MotionEvent { action=ACTION_DOWN, actionButton=0, id[0]=0, x[0]=477.0, y[0]=805.0, toolType[0]=TOOL_TYPE_UNKNOWN, buttonState=0, metaState=0, flags=0x0, edgeFlags=0x0, pointerCount=1, historySize=0, eventTime=729495986, downTime=729495986, deviceId=0, source=0x1002 }
08-04 18:37:59.577  2130  2130 I Input   : injectMotionEvent: MotionEvent { action=ACTION_UP, actionButton=0, id[0]=0, x[0]=477.0, y[0]=805.0, toolType[0]=TOOL_TYPE_UNKNOWN, buttonState=0, metaState=0, flags=0x0, edgeFlags=0x0, pointerCount=1, historySize=0, eventTime=729495986, downTime=729495986, deviceId=0, source=0x1002 }
08-04 18:37:59.581  2130  2130 D AndroidRuntime: Shutting down VM
08-04 18:37:59.647   512  2967 D audio_hw_primary: out_set_parameters: enter: usecase(1: low-latency-playback) kvpairs: routing=2
08-04 18:37:59.660   512  2967 D audio_hw_primary: select_devices: out_snd_device(2: speaker) in_snd_device(0: none)
08-04 18:37:59.660   512  2967 D msm8974_platform: platform_send_audio_calibration: sending audio calibration for snd_device(2) acdb_id(15)
08-04 18:37:59.661   512  2967 I soundtrigger: audio_extn_sound_trigger_update_device_status: device 0x2 of type 0 for Event 1
08-04 18:37:59.671   512  2967 D audio_hw_primary: enable_snd_device: snd_device(2: speaker)
08-04 18:37:59.673   512  2967 D audio_hw_primary: enable_audio_route: apply and update mixer path: low-latency-playback speaker
08-04 18:37:59.715   512  2967 D AudioFlinger: mixer(0xf4740000) throttle end: throttle time(12)
08-04 18:37:59.741  1732  1966 I art     : Starting a blocking GC Explicit
08-04 18:37:59.764  1732  1966 I art     : Explicit concurrent mark sweep GC freed 2421(195KB) AllocSpace objects, 1(20KB) LOS objects, 40% free, 22MB/37MB, paused 234us total 22.852ms
08-04 18:37:59.779  1732  1966 I art     : Starting a blocking GC Explicit
08-04 18:37:59.804  1732  1966 I art     : Explicit concurrent mark sweep GC freed 436(21KB) AllocSpace objects, 0(0B) LOS objects, 40% free, 22MB/37MB, paused 454us total 24.348ms
08-04 18:37:59.820  1732  1966 I art     : Starting a blocking GC Explicit
08-04 18:37:59.845  1732  1966 I art     : Explicit concurrent mark sweep GC freed 52(1600B) AllocSpace objects, 0(0B) LOS objects, 40% free, 22MB/37MB, paused 226us total 24.632ms
08-04 18:37:59.861  1732  1966 I art     : Starting a blocking GC Explicit
08-04 18:37:59.884  1732  1966 I art     : Explicit concurrent mark sweep GC freed 17(624B) AllocSpace objects, 0(0B) LOS objects, 40% free, 22MB/37MB, paused 205us total 22.558ms
08-04 18:37:59.899  1732  1966 I art     : Starting a blocking GC Explicit
08-04 18:37:59.922  1732  1966 I art     : Explicit concurrent mark sweep GC freed 3(96B) AllocSpace objects, 0(0B) LOS objects, 40% free, 22MB/37MB, paused 197us total 23.266ms
08-04 18:38:00.163 29955 29955 I ServiceManager: Waiting for service AtCmdFwd...
08-04 18:38:00.209   512  2967 D audio_hw_primary: disable_audio_route: reset and update mixer path: low-latency-playback speaker
08-04 18:38:00.210  1732  1743 I art     : Starting a blocking GC Explicit
08-04 18:38:00.211   512  2967 D audio_hw_primary: disable_snd_device: snd_device(2: speaker)
08-04 18:38:00.220   512  2967 I soundtrigger: audio_extn_sound_trigger_update_device_status: device 0x2 of type 0 for Event 0
08-04 18:38:00.238  1732  1743 I art     : Explicit concurrent mark sweep GC freed 1339(78KB) AllocSpace objects, 1(20KB) LOS objects, 40% free, 22MB/37MB, paused 210us total 27.113ms
08-04 18:38:00.254  1732  1743 I art     : Starting a blocking GC Explicit
08-04 18:38:00.282  1732  1743 I art     : Explicit concurrent mark sweep GC freed 28(960B) AllocSpace objects, 0(0B) LOS objects, 40% free, 22MB/37MB, paused 222us total 27.193ms
08-04 18:38:00.297  1732  1743 I art     : Starting a blocking GC Explicit
08-04 18:38:00.324  1732  1743 I art     : Explicit concurrent mark sweep GC freed 3(96B) AllocSpace objects, 0(0B) LOS objects, 40% free, 22MB/37MB, paused 244us total 26.226ms
08-04 18:38:00.341  1732  1743 I art     : Starting a blocking GC Explicit
08-04 18:38:00.368  2163  2163 D AndroidRuntime: >>>>>> START com.android.internal.os.RuntimeInit uid 2000 <<<<<<
08-04 18:38:00.369  1732  1743 I art     : Explicit concurrent mark sweep GC freed 3(96B) AllocSpace objects, 0(0B) LOS objects, 40% free, 22MB/37MB, paused 229us total 27.449ms
08-04 18:38:00.374  2163  2163 D AndroidRuntime: CheckJNI is OFF
08-04 18:38:00.385  1732  1743 I art     : Starting a blocking GC Explicit
08-04 18:38:00.413  1732  1743 I art     : Explicit concurrent mark sweep GC freed 3(96B) AllocSpace objects, 0(0B) LOS objects, 40% free, 22MB/37MB, paused 232us total 27.216ms
08-04 18:38:00.423  2163  2163 D ICU     : No timezone override file found: /data/misc/zoneinfo/current/icu/icu_tzdata.dat
08-04 18:38:00.468  2163  2163 I Radio-JNI: register_android_hardware_Radio DONE
08-04 18:38:00.499  2163  2163 D AndroidRuntime: Calling main entry com.android.commands.input.Input
08-04 18:38:00.501  2163  2163 I Input   : injectMotionEvent: MotionEvent { action=ACTION_DOWN, actionButton=0, id[0]=0, x[0]=463.0, y[0]=464.0, toolType[0]=TOOL_TYPE_UNKNOWN, buttonState=0, metaState=0, flags=0x0, edgeFlags=0x0, pointerCount=1, historySize=0, eventTime=729496914, downTime=729496914, deviceId=0, source=0x1002 }
08-04 18:38:00.505  2163  2163 I Input   : injectMotionEvent: MotionEvent { action=ACTION_UP, actionButton=0, id[0]=0, x[0]=463.0, y[0]=464.0, toolType[0]=TOOL_TYPE_UNKNOWN, buttonState=0, metaState=0, flags=0x0, edgeFlags=0x0, pointerCount=1, historySize=0, eventTime=729496914, downTime=729496914, deviceId=0, source=0x1002 }
08-04 18:38:00.508  2163  2163 D AndroidRuntime: Shutting down VM
08-04 18:38:00.577   512  2967 D audio_hw_primary: out_set_parameters: enter: usecase(1: low-latency-playback) kvpairs: routing=2
08-04 18:38:00.590   512  2967 D audio_hw_primary: select_devices: out_snd_device(2: speaker) in_snd_device(0: none)
08-04 18:38:00.590   512  2967 D msm8974_platform: platform_send_audio_calibration: sending audio calibration for snd_device(2) acdb_id(15)
08-04 18:38:00.590   512  2967 I soundtrigger: audio_extn_sound_trigger_update_device_status: device 0x2 of type 0 for Event 1
08-04 18:38:00.603   918  3359 W InputMethodManagerService: Window already focused, ignoring focus gain of: com.android.internal.view.IInputMethodClient$Stub$Proxy@50cd2dd attribute=null, token = android.os.BinderProxy@cfd6a69
08-04 18:38:00.608   512  2967 D audio_hw_primary: enable_snd_device: snd_device(2: speaker)
08-04 18:38:00.610   512  2967 D audio_hw_primary: enable_audio_route: apply and update mixer path: low-latency-playback speaker
08-04 18:38:00.651   512  2967 D AudioFlinger: mixer(0xf4740000) throttle end: throttle time(12)
08-04 18:38:00.697  1732  1744 I art     : Starting a blocking GC Explicit
08-04 18:38:00.720  1732  1744 I art     : Explicit concurrent mark sweep GC freed 1674(105KB) AllocSpace objects, 2(40KB) LOS objects, 40% free, 22MB/37MB, paused 221us total 22.925ms
08-04 18:38:00.735  1732  1744 I art     : Starting a blocking GC Explicit
08-04 18:38:00.758  1732  1744 I art     : Explicit concurrent mark sweep GC freed 117(6KB) AllocSpace objects, 0(0B) LOS objects, 40% free, 22MB/37MB, paused 236us total 22.330ms
08-04 18:38:00.772  1732  1744 I art     : Starting a blocking GC Explicit
08-04 18:38:00.787   380   380 W SurfaceFlinger: couldn't log to binary event log: overflow.
08-04 18:38:00.794  1732  1744 I art     : Explicit concurrent mark sweep GC freed 3(96B) AllocSpace objects, 0(0B) LOS objects, 40% free, 22MB/37MB, paused 210us total 21.726ms
08-04 18:38:00.809  1732  1744 I art     : Starting a blocking GC Explicit
08-04 18:38:00.830  1732  1744 I art     : Explicit concurrent mark sweep GC freed 3(96B) AllocSpace objects, 0(0B) LOS objects, 40% free, 22MB/37MB, paused 218us total 21.095ms
08-04 18:38:00.845  1732  1744 I art     : Starting a blocking GC Explicit
08-04 18:38:00.867  1732  1744 I art     : Explicit concurrent mark sweep GC freed 3(96B) AllocSpace objects, 0(0B) LOS objects, 40% free, 22MB/37MB, paused 352us total 21.908ms
08-04 18:38:01.138   512  2967 D audio_hw_primary: disable_audio_route: reset and update mixer path: low-latency-playback speaker
08-04 18:38:01.139   512  2967 D audio_hw_primary: disable_snd_device: snd_device(2: speaker)
08-04 18:38:01.140  1732  1966 I art     : Starting a blocking GC Explicit
08-04 18:38:01.147   512  2967 I soundtrigger: audio_extn_sound_trigger_update_device_status: device 0x2 of type 0 for Event 0
08-04 18:38:01.164 29955 29955 I ServiceManager: Waiting for service AtCmdFwd...
08-04 18:38:01.165  1732  1966 I art     : Explicit concurrent mark sweep GC freed 1337(78KB) AllocSpace objects, 1(20KB) LOS objects, 40% free, 22MB/37MB, paused 223us total 24.553ms
08-04 18:38:01.180  1732  1966 I art     : Starting a blocking GC Explicit
08-04 18:38:01.205  1732  1966 I art     : Explicit concurrent mark sweep GC freed 20(704B) AllocSpace objects, 0(0B) LOS objects, 40% free, 22MB/37MB, paused 223us total 24.612ms
08-04 18:38:01.220  1732  1966 I art     : Starting a blocking GC Explicit
08-04 18:38:01.244  1732  1966 I art     : Explicit concurrent mark sweep GC freed 3(96B) AllocSpace objects, 0(0B) LOS objects, 40% free, 22MB/37MB, paused 229us total 24.225ms
08-04 18:38:01.257  2194  2194 D AndroidRuntime: >>>>>> START com.android.internal.os.RuntimeInit uid 2000 <<<<<<
08-04 18:38:01.260  1732  1966 I art     : Starting a blocking GC Explicit
08-04 18:38:01.262  2194  2194 D AndroidRuntime: CheckJNI is OFF
08-04 18:38:01.285  1732  1966 I art     : Explicit concurrent mark sweep GC freed 3(96B) AllocSpace objects, 0(0B) LOS objects, 40% free, 22MB/37MB, paused 214us total 24.414ms
08-04 18:38:01.299  1732  1966 I art     : Starting a blocking GC Explicit
08-04 18:38:01.309  2194  2194 D ICU     : No timezone override file found: /data/misc/zoneinfo/current/icu/icu_tzdata.dat
08-04 18:38:01.323  1732  1966 I art     : Explicit concurrent mark sweep GC freed 105(5KB) AllocSpace objects, 0(0B) LOS objects, 40% free, 22MB/37MB, paused 230us total 23.802ms
08-04 18:38:01.351  2194  2194 I Radio-JNI: register_android_hardware_Radio DONE
08-04 18:38:01.380  2194  2194 D AndroidRuntime: Calling main entry com.android.commands.input.Input
08-04 18:38:01.382  2194  2194 I Input   : injectKeyEvent: KeyEvent { action=ACTION_DOWN, keyCode=KEYCODE_BACK, scanCode=0, metaState=0, flags=0x0, repeatCount=0, eventTime=729497795, downTime=729497795, deviceId=-1, source=0x101 }
08-04 18:38:01.387  2194  2194 I Input   : injectKeyEvent: KeyEvent { action=ACTION_UP, keyCode=KEYCODE_BACK, scanCode=0, metaState=0, flags=0x0, repeatCount=0, eventTime=729497795, downTime=729497795, deviceId=-1, source=0x101 }
08-04 18:38:01.392  2194  2194 D AndroidRuntime: Shutting down VM
08-04 18:38:01.433 13866 13866 I GoogleInputMethodServic: GoogleInputMethodService.onFinishInput():3138 
08-04 18:38:01.433 13866 13866 I GoogleInputMethodServic: GoogleInputMethodService.onStartInput():1808 
08-04 18:38:01.456   518   646 I ThermalEngine: ACTION: GPU - Setting GPU[0] to 390000000
08-04 18:38:01.616  1732  1966 I art     : Starting a blocking GC Explicit
08-04 18:38:01.652  1732  1966 I art     : Explicit concurrent mark sweep GC freed 3193(203KB) AllocSpace objects, 1(20KB) LOS objects, 40% free, 22MB/37MB, paused 330us total 36.166ms
08-04 18:38:01.677  1732  1966 I art     : Starting a blocking GC Explicit
08-04 18:38:01.715  1732  1966 I art     : Explicit concurrent mark sweep GC freed 34(1200B) AllocSpace objects, 0(0B) LOS objects, 40% free, 22MB/37MB, paused 803us total 36.910ms
08-04 18:38:01.734  1732  1966 I art     : Starting a blocking GC Explicit
08-04 18:38:01.738   380   380 W SurfaceFlinger: couldn't log to binary event log: overflow.
08-04 18:38:01.764  1732  1966 I art     : Explicit concurrent mark sweep GC freed 50(1920B) AllocSpace objects, 0(0B) LOS objects, 40% free, 22MB/37MB, paused 327us total 29.161ms
08-04 18:38:01.782  1732  1966 I art     : Starting a blocking GC Explicit
08-04 18:38:01.807  1732  1966 I art     : Explicit concurrent mark sweep GC freed 11968(574KB) AllocSpace objects, 7(340KB) LOS objects, 40% free, 21MB/35MB, paused 288us total 24.731ms
08-04 18:38:01.823  1732  1966 I art     : Starting a blocking GC Explicit
08-04 18:38:01.845  1732  1966 I art     : Explicit concurrent mark sweep GC freed 3(96B) AllocSpace objects, 0(0B) LOS objects, 40% free, 21MB/35MB, paused 281us total 21.917ms
08-04 18:38:02.139  1732  1744 I art     : Starting a blocking GC Explicit
08-04 18:38:02.164 29955 29955 W Atfwd_Sendcmd: AtCmdFwd service not published, waiting... retryCnt : 3
08-04 18:38:02.166  1732  1744 I art     : Explicit concurrent mark sweep GC freed 1337(78KB) AllocSpace objects, 1(20KB) LOS objects, 40% free, 21MB/35MB, paused 504us total 25.938ms
08-04 18:38:02.186  1732  1744 I art     : Starting a blocking GC Explicit
08-04 18:38:02.209  1732  1744 I art     : Explicit concurrent mark sweep GC freed 20(704B) AllocSpace objects, 0(0B) LOS objects, 40% free, 21MB/35MB, paused 326us total 22.596ms
08-04 18:38:02.225  1732  1744 I art     : Starting a blocking GC Explicit
08-04 18:38:02.249  1732  1744 I art     : Explicit concurrent mark sweep GC freed 3(96B) AllocSpace objects, 0(0B) LOS objects, 40% free, 21MB/35MB, paused 332us total 23.433ms
08-04 18:38:02.266  1732  1744 I art     : Starting a blocking GC Explicit
08-04 18:38:02.290  1732  1744 I art     : Explicit concurrent mark sweep GC freed 3(96B) AllocSpace objects, 0(0B) LOS objects, 40% free, 21MB/35MB, paused 314us total 23.244ms
08-04 18:38:02.307  1732  1744 I art     : Starting a blocking GC Explicit
08-04 18:38:02.309  2225  2225 D AndroidRuntime: >>>>>> START com.android.internal.os.RuntimeInit uid 2000 <<<<<<
08-04 18:38:02.316  2225  2225 D AndroidRuntime: CheckJNI is OFF
08-04 18:38:02.331  1732  1744 I art     : Explicit concurrent mark sweep GC freed 3(96B) AllocSpace objects, 0(0B) LOS objects, 40% free, 21MB/35MB, paused 337us total 23.189ms
08-04 18:38:02.371  2225  2225 D ICU     : No timezone override file found: /data/misc/zoneinfo/current/icu/icu_tzdata.dat
08-04 18:38:02.416  2225  2225 I Radio-JNI: register_android_hardware_Radio DONE
08-04 18:38:02.449  2225  2225 D AndroidRuntime: Calling main entry com.android.commands.input.Input
08-04 18:38:02.451  2225  2225 I Input   : injectKeyEvent: KeyEvent { action=ACTION_DOWN, keyCode=KEYCODE_BACK, scanCode=0, metaState=0, flags=0x0, repeatCount=0, eventTime=729498864, downTime=729498864, deviceId=-1, source=0x101 }
08-04 18:38:02.457   518   646 I ThermalEngine: ACTION: GPU - Setting GPU[0] to 450000000
08-04 18:38:02.462  2225  2225 I Input   : injectKeyEvent: KeyEvent { action=ACTION_UP, keyCode=KEYCODE_BACK, scanCode=0, metaState=0, flags=0x0, repeatCount=0, eventTime=729498864, downTime=729498864, deviceId=-1, source=0x101 }
08-04 18:38:02.468  2225  2225 D AndroidRuntime: Shutting down VM
08-04 18:38:02.486   918   937 W ProcessCpuTracker: Skipping unknown process pid 2258
08-04 18:38:02.512 13866 13866 I GoogleInputMethodServic: GoogleInputMethodService.onFinishInput():3138 
08-04 18:38:02.513 13866 13866 I GoogleInputMethodServic: GoogleInputMethodService.onStartInput():1808 
08-04 18:38:02.601  1732  1744 I art     : Starting a blocking GC Explicit
08-04 18:38:02.620  1732  1744 I art     : Explicit concurrent mark sweep GC freed 1513(85KB) AllocSpace objects, 1(20KB) LOS objects, 40% free, 21MB/35MB, paused 237us total 18.644ms
08-04 18:38:02.634  1732  1744 I art     : Starting a blocking GC Explicit
08-04 18:38:02.655  1732  1744 I art     : Explicit concurrent mark sweep GC freed 24(864B) AllocSpace objects, 0(0B) LOS objects, 40% free, 21MB/35MB, paused 227us total 20.302ms
08-04 18:38:02.670  1732  1744 I art     : Starting a blocking GC Explicit
08-04 18:38:02.692  1732  1744 I art     : Explicit concurrent mark sweep GC freed 3(96B) AllocSpace objects, 0(0B) LOS objects, 40% free, 21MB/35MB, paused 250us total 21.829ms
08-04 18:38:02.711  1732  1744 I art     : Starting a blocking GC Explicit
08-04 18:38:02.734  1732  1744 I art     : Explicit concurrent mark sweep GC freed 3(96B) AllocSpace objects, 0(0B) LOS objects, 40% free, 21MB/35MB, paused 256us total 22.525ms
08-04 18:38:02.749  1732  1744 I art     : Starting a blocking GC Explicit
08-04 18:38:02.767  1732  1744 I art     : Explicit concurrent mark sweep GC freed 3(96B) AllocSpace objects, 0(0B) LOS objects, 40% free, 21MB/35MB, paused 263us total 18.012ms
08-04 18:38:03.043  1732  2227 I art     : Starting a blocking GC Explicit
08-04 18:38:03.067  1732  2227 I art     : Explicit concurrent mark sweep GC freed 1362(79KB) AllocSpace objects, 1(20KB) LOS objects, 40% free, 21MB/35MB, paused 274us total 23.462ms
08-04 18:38:03.082  1732  2227 I art     : Starting a blocking GC Explicit
08-04 18:38:03.100  1732  2227 I art     : Explicit concurrent mark sweep GC freed 3049(203KB) AllocSpace objects, 1(28KB) LOS objects, 40% free, 21MB/35MB, paused 230us total 17.860ms
08-04 18:38:03.114  1732  2227 I art     : Starting a blocking GC Explicit
08-04 18:38:03.132  1732  2227 I art     : Explicit concurrent mark sweep GC freed 3(96B) AllocSpace objects, 0(0B) LOS objects, 40% free, 21MB/35MB, paused 225us total 17.036ms
08-04 18:38:03.145  1732  2227 I art     : Starting a blocking GC Explicit
08-04 18:38:03.163  1732  2227 I art     : Explicit concurrent mark sweep GC freed 3(96B) AllocSpace objects, 0(0B) LOS objects, 40% free, 21MB/35MB, paused 231us total 17.475ms
08-04 18:38:03.177  1732  2227 I art     : Starting a blocking GC Explicit
08-04 18:38:03.194  1732  2227 I art     : Explicit concurrent mark sweep GC freed 3(96B) AllocSpace objects, 0(0B) LOS objects, 40% free, 21MB/35MB, paused 242us total 17.134ms
08-04 18:38:03.249  2268  2268 D AndroidRuntime: >>>>>> START com.android.internal.os.RuntimeInit uid 2000 <<<<<<
08-04 18:38:03.255  2268  2268 D AndroidRuntime: CheckJNI is OFF
08-04 18:38:03.299  2268  2268 D ICU     : No timezone override file found: /data/misc/zoneinfo/current/icu/icu_tzdata.dat
08-04 18:38:03.345  2268  2268 I Radio-JNI: register_android_hardware_Radio DONE
08-04 18:38:03.373  2268  2268 D AndroidRuntime: Calling main entry com.android.commands.input.Input
08-04 18:38:03.375  2268  2268 I Input   : injectMotionEvent: MotionEvent { action=ACTION_DOWN, actionButton=0, id[0]=0, x[0]=600.0, y[0]=1536.0, toolType[0]=TOOL_TYPE_UNKNOWN, buttonState=0, metaState=0, flags=0x0, edgeFlags=0x0, pointerCount=1, historySize=0, eventTime=729499788, downTime=729499788, deviceId=0, source=0x1002 }
08-04 18:38:03.380  2268  2268 I Input   : injectMotionEvent: MotionEvent { action=ACTION_UP, actionButton=0, id[0]=0, x[0]=600.0, y[0]=1536.0, toolType[0]=TOOL_TYPE_UNKNOWN, buttonState=0, metaState=0, flags=0x0, edgeFlags=0x0, pointerCount=1, historySize=0, eventTime=729499788, downTime=729499788, deviceId=0, source=0x1002 }
08-04 18:38:03.383  2268  2268 D AndroidRuntime: Shutting down VM
08-04 18:38:03.393   512  2967 D audio_hw_primary: out_set_parameters: enter: usecase(1: low-latency-playback) kvpairs: routing=2
08-04 18:38:03.397   918  6111 I ActivityManager: START u0 {dat=https://oauth.reddit.com/... cmp=baseline.org.quantumbadger.redreader/.activities.PostListingActivity} from uid 10666 on display 0
08-04 18:38:03.406   512  2967 D audio_hw_primary: select_devices: out_snd_device(2: speaker) in_snd_device(0: none)
08-04 18:38:03.406   512  2967 D msm8974_platform: platform_send_audio_calibration: sending audio calibration for snd_device(2) acdb_id(15)
08-04 18:38:03.407   512  2967 I soundtrigger: audio_extn_sound_trigger_update_device_status: device 0x2 of type 0 for Event 1
08-04 18:38:03.419   512  2967 D audio_hw_primary: enable_snd_device: snd_device(2: speaker)
08-04 18:38:03.419  1732  1732 I AppCompatViewInflater: app:theme is now deprecated. Please move to using android:theme instead.
08-04 18:38:03.422   512  2967 D audio_hw_primary: enable_audio_route: apply and update mixer path: low-latency-playback speaker
08-04 18:38:03.469  1732  2303 I RawObjectDB query string: CREATE TABLE objects(RawObjectDB_id TEXT PRIMARY KEY ON CONFLICT REPLACE,RawObjectDB_timestamp INTEGER,accounts_active INTEGER,created INTEGER,created_utc INTEGER,description TEXT,description_html TEXT,display_name TEXT,header_img TEXT,header_title TEXT,id TEXT,name TEXT,over18 INTEGER,public_description TEXT,subscribers INTEGER,title TEXT,url TEXT)
08-04 18:38:03.469  1732  1966 I art     : Starting a blocking GC Explicit
08-04 18:38:03.490  1732  1966 I art     : Explicit concurrent mark sweep GC freed 5653(386KB) AllocSpace objects, 1(20KB) LOS objects, 40% free, 21MB/35MB, paused 436us total 20.154ms
08-04 18:38:03.504  1732  1966 I art     : Starting a blocking GC Explicit
08-04 18:38:03.521 13866 13866 I GoogleInputMethodServic: GoogleInputMethodService.onFinishInput():3138 
08-04 18:38:03.522 13866 13866 I GoogleInputMethodServic: GoogleInputMethodService.onStartInput():1808 
08-04 18:38:03.524  1732  2305 D OK      : calling: https://www.reddit.com/api/v1/access_token
08-04 18:38:03.527  1732  1966 I art     : Explicit concurrent mark sweep GC freed 1733(107KB) AllocSpace objects, 0(0B) LOS objects, 40% free, 21MB/36MB, paused 1.676ms total 22.796ms
08-04 18:38:03.532   918   936 I ActivityManager: Displayed baseline.org.quantumbadger.redreader/.activities.PostListingActivity: +126ms
08-04 18:38:03.544  1732  1966 I art     : Starting a blocking GC Explicit
08-04 18:38:03.564  1732  1966 I art     : Explicit concurrent mark sweep GC freed 430(33KB) AllocSpace objects, 0(0B) LOS objects, 40% free, 21MB/35MB, paused 455us total 20.464ms
08-04 18:38:03.580  1732  1966 I art     : Starting a blocking GC Explicit
08-04 18:38:03.598  1732  1966 I art     : Explicit concurrent mark sweep GC freed 154(14KB) AllocSpace objects, 0(0B) LOS objects, 40% free, 21MB/35MB, paused 295us total 17.831ms
08-04 18:38:03.612  1732  1966 I art     : Starting a blocking GC Explicit
08-04 18:38:03.629  1732  1966 I art     : Explicit concurrent mark sweep GC freed 3(96B) AllocSpace objects, 0(0B) LOS objects, 40% free, 21MB/35MB, paused 306us total 17.626ms
08-04 18:38:03.758   380   380 W SurfaceFlinger: couldn't log to binary event log: overflow.
08-04 18:38:03.893  1732  2227 I art     : Starting a blocking GC Explicit
08-04 18:38:03.939  1732  2227 I art     : Explicit concurrent mark sweep GC freed 28040(1844KB) AllocSpace objects, 14(1212KB) LOS objects, 40% free, 23MB/39MB, paused 1.318ms total 45.469ms
08-04 18:38:03.956  1732  2227 I art     : Starting a blocking GC Explicit
08-04 18:38:03.959   512  2967 D audio_hw_primary: disable_audio_route: reset and update mixer path: low-latency-playback speaker
08-04 18:38:03.960   512  2967 D audio_hw_primary: disable_snd_device: snd_device(2: speaker)
08-04 18:38:03.969   512  2967 I soundtrigger: audio_extn_sound_trigger_update_device_status: device 0x2 of type 0 for Event 0
08-04 18:38:03.990  1732  2227 I art     : Explicit concurrent mark sweep GC freed 10867(731KB) AllocSpace objects, 2(180KB) LOS objects, 39% free, 24MB/40MB, paused 761us total 34.218ms
08-04 18:38:03.996  1732  2305 D OK      : request got status: 200
08-04 18:38:04.007  1732  2305 D OK      : calling: https://oauth.reddit.com/r/askscience/about.json
08-04 18:38:04.007  1732  2227 I art     : Starting a blocking GC Explicit
08-04 18:38:04.038  1732  2227 I art     : Explicit concurrent mark sweep GC freed 3805(250KB) AllocSpace objects, 2(320KB) LOS objects, 40% free, 23MB/39MB, paused 404us total 30.547ms
08-04 18:38:04.053  1732  2227 I art     : Starting a blocking GC Explicit
08-04 18:38:04.084  1732  2227 I art     : Explicit concurrent mark sweep GC freed 34(1392B) AllocSpace objects, 0(0B) LOS objects, 40% free, 23MB/39MB, paused 410us total 30.433ms
08-04 18:38:04.100  1732  2227 I art     : Starting a blocking GC Explicit
08-04 18:38:04.132  1732  2227 I art     : Explicit concurrent mark sweep GC freed 65(4KB) AllocSpace objects, 0(0B) LOS objects, 40% free, 23MB/39MB, paused 353us total 30.982ms
08-04 18:38:04.334  1732  2305 I NAPPA_EXPERIMENTATION: MetricNetworkRequestExecutionTime: REQUEST_DURATION_SYSTEM='327',REQUEST_DURATION_OKHTTP='143',REQUEST_SYNCHRONOUS='TRUE',RESPONSE_CODE='200',RESPONSE_METHOD='GET',RESPONSE_LENGTH_OKHTTP='-1',RESPONSE_LENGTH_HEADER='4700',REQUEST_PROTOCOL='h2',REQUEST_URL='https://oauth.reddit.com/r/askscience/about.json',
08-04 18:38:04.335  1732  2305 D OK      : request got status: 200
08-04 18:38:04.429  1732  1966 I art     : Starting a blocking GC Explicit
08-04 18:38:04.464  1732  1966 I art     : Explicit concurrent mark sweep GC freed 5271(410KB) AllocSpace objects, 4(176KB) LOS objects, 39% free, 24MB/40MB, paused 303us total 35.299ms
08-04 18:38:04.481  1732  1966 I art     : Starting a blocking GC Explicit
08-04 18:38:04.514  1732  1966 I art     : Explicit concurrent mark sweep GC freed 309(14KB) AllocSpace objects, 0(0B) LOS objects, 39% free, 24MB/40MB, paused 337us total 33.122ms
08-04 18:38:04.531  1732  1966 I art     : Starting a blocking GC Explicit
08-04 18:38:04.564  1732  1966 I art     : Explicit concurrent mark sweep GC freed 3(96B) AllocSpace objects, 0(0B) LOS objects, 39% free, 24MB/40MB, paused 326us total 32.640ms
08-04 18:38:04.580  1732  1966 I art     : Starting a blocking GC Explicit
08-04 18:38:04.613  1732  1966 I art     : Explicit concurrent mark sweep GC freed 3(96B) AllocSpace objects, 0(0B) LOS objects, 39% free, 24MB/40MB, paused 340us total 33.062ms
08-04 18:38:04.630  1732  1966 I art     : Starting a blocking GC Explicit
08-04 18:38:04.663  1732  1966 I art     : Explicit concurrent mark sweep GC freed 3(96B) AllocSpace objects, 0(0B) LOS objects, 39% free, 24MB/40MB, paused 299us total 32.969ms
08-04 18:38:04.717  1732  2335 D OK      : calling: https://oauth.reddit.com/r/askscience/hot/.json
08-04 18:38:04.931  1732  2335 I NAPPA_EXPERIMENTATION: MetricNetworkRequestExecutionTime: REQUEST_DURATION_SYSTEM='214',REQUEST_DURATION_OKHTTP='211',REQUEST_SYNCHRONOUS='TRUE',RESPONSE_CODE='200',RESPONSE_METHOD='GET',RESPONSE_LENGTH_OKHTTP='-1',RESPONSE_LENGTH_HEADER='21282',REQUEST_PROTOCOL='h2',REQUEST_URL='https://oauth.reddit.com/r/askscience/hot/.json',
08-04 18:38:04.931  1732  2335 D OK      : request got status: 200
08-04 18:38:04.947  1732  2333 I PostListingFragment: Precaching images: OFF
08-04 18:38:04.947  1732  2333 I PostListingFragment: Precaching comments: OFF
08-04 18:38:04.953  1732  1966 I art     : Starting a blocking GC Explicit
08-04 18:38:04.991  1732  1966 I art     : Explicit concurrent mark sweep GC freed 2702(251KB) AllocSpace objects, 1(20KB) LOS objects, 39% free, 24MB/40MB, paused 1.458ms total 38.324ms
08-04 18:38:05.008  1732  1966 I art     : Starting a blocking GC Explicit
08-04 18:38:05.046  1732  1966 I art     : Explicit concurrent mark sweep GC freed 2307(133KB) AllocSpace objects, 1(68KB) LOS objects, 39% free, 24MB/40MB, paused 697us total 37.502ms
08-04 18:38:05.062  1732  1966 I art     : Starting a blocking GC Explicit
08-04 18:38:05.099  1732  1966 I art     : Explicit concurrent mark sweep GC freed 3285(164KB) AllocSpace objects, 1(68KB) LOS objects, 39% free, 24MB/40MB, paused 464us total 36.842ms
08-04 18:38:05.116  1732  1966 I art     : Starting a blocking GC Explicit
08-04 18:38:05.154  1732  1966 I art     : Explicit concurrent mark sweep GC freed 2881(110KB) AllocSpace objects, 0(0B) LOS objects, 39% free, 24MB/40MB, paused 551us total 37.656ms
08-04 18:38:05.171  1732  1966 I art     : Starting a blocking GC Explicit
08-04 18:38:05.213  1732  1966 I art     : Explicit concurrent mark sweep GC freed 2903(109KB) AllocSpace objects, 0(0B) LOS objects, 39% free, 24MB/40MB, paused 500us total 42.376ms
08-04 18:38:05.525  1732  2227 I art     : Starting a blocking GC Explicit
08-04 18:38:05.568  1732  2227 I art     : Explicit concurrent mark sweep GC freed 24836(1103KB) AllocSpace objects, 1(20KB) LOS objects, 39% free, 24MB/40MB, paused 440us total 43.269ms
08-04 18:38:05.588  1732  2227 I art     : Starting a blocking GC Explicit
08-04 18:38:05.626  1732  2227 I art     : Explicit concurrent mark sweep GC freed 1573(66KB) AllocSpace objects, 0(0B) LOS objects, 39% free, 24MB/40MB, paused 403us total 38.145ms
08-04 18:38:05.643  1732  2227 I art     : Starting a blocking GC Explicit
08-04 18:38:05.679  1732  2227 I art     : Explicit concurrent mark sweep GC freed 5(192B) AllocSpace objects, 0(0B) LOS objects, 39% free, 24MB/40MB, paused 313us total 35.522ms
08-04 18:38:05.697  1732  2227 I art     : Starting a blocking GC Explicit
08-04 18:38:05.734  1732  2227 I art     : Explicit concurrent mark sweep GC freed 68(2608B) AllocSpace objects, 0(0B) LOS objects, 39% free, 24MB/40MB, paused 380us total 37.223ms
08-04 18:38:05.734  1732  1742 I art     : WaitForGcToComplete blocked for 13.853ms for cause HeapTrim
08-04 18:38:05.752  1732  2227 I art     : Starting a blocking GC Explicit
08-04 18:38:05.785  1732  2227 I art     : Explicit concurrent mark sweep GC freed 3(96B) AllocSpace objects, 0(0B) LOS objects, 39% free, 24MB/40MB, paused 333us total 32.711ms
08-04 18:38:06.034   918  3261 D WifiStateMachine: starting scan for "H369AA63323"WPA_PSK with 2412,5180
08-04 18:38:06.101  1732  1744 I art     : Starting a blocking GC Explicit
08-04 18:38:06.146  1732  1744 I art     : Explicit concurrent mark sweep GC freed 1627(92KB) AllocSpace objects, 1(20KB) LOS objects, 39% free, 24MB/40MB, paused 359us total 44.595ms
08-04 18:38:06.167  1732  1744 I art     : Starting a blocking GC Explicit
08-04 18:38:06.210  1732  1744 I art     : Explicit concurrent mark sweep GC freed 83(4KB) AllocSpace objects, 0(0B) LOS objects, 39% free, 24MB/40MB, paused 324us total 42.605ms
08-04 18:38:06.228  1732  1744 I art     : Starting a blocking GC Explicit
08-04 18:38:06.269  1732  1744 I art     : Explicit concurrent mark sweep GC freed 3(96B) AllocSpace objects, 0(0B) LOS objects, 39% free, 24MB/40MB, paused 359us total 40.648ms
08-04 18:38:06.286  1732  1744 I art     : Starting a blocking GC Explicit
08-04 18:38:06.328  1732  1744 I art     : Explicit concurrent mark sweep GC freed 3(96B) AllocSpace objects, 0(0B) LOS objects, 39% free, 24MB/40MB, paused 394us total 40.944ms
08-04 18:38:06.345  1732  1744 I art     : Starting a blocking GC Explicit
08-04 18:38:06.385  1732  1744 I art     : Explicit concurrent mark sweep GC freed 3(96B) AllocSpace objects, 0(0B) LOS objects, 39% free, 24MB/40MB, paused 348us total 39.165ms
08-04 18:38:06.457   918 13198 D NetlinkSocketObserver: NeighborEvent{elapsedMs=1712890332, 192.168.2.254, [7C3953A63323], RTM_NEWNEIGH, NUD_PROBE}
08-04 18:38:06.719  1732  2227 I art     : Starting a blocking GC Explicit
08-04 18:38:06.758  1732  2227 I art     : Explicit concurrent mark sweep GC freed 1346(78KB) AllocSpace objects, 1(20KB) LOS objects, 39% free, 24MB/40MB, paused 383us total 38.911ms
08-04 18:38:06.776  1732  2227 I art     : Starting a blocking GC Explicit
08-04 18:38:06.817  1732  2227 I art     : Explicit concurrent mark sweep GC freed 20(704B) AllocSpace objects, 0(0B) LOS objects, 39% free, 24MB/40MB, paused 352us total 40.517ms
08-04 18:38:06.834  1732  2227 I art     : Starting a blocking GC Explicit
08-04 18:38:06.873  1732  2227 I art     : Explicit concurrent mark sweep GC freed 3(96B) AllocSpace objects, 0(0B) LOS objects, 39% free, 24MB/40MB, paused 362us total 38.831ms
08-04 18:38:06.891  1732  2227 I art     : Starting a blocking GC Explicit
08-04 18:38:06.932  1732  2227 I art     : Explicit concurrent mark sweep GC freed 3(96B) AllocSpace objects, 0(0B) LOS objects, 39% free, 24MB/40MB, paused 355us total 40.749ms
08-04 18:38:06.950  1732  2227 I art     : Starting a blocking GC Explicit
08-04 18:38:06.989  1732  2227 I art     : Explicit concurrent mark sweep GC freed 3(96B) AllocSpace objects, 0(0B) LOS objects, 39% free, 24MB/40MB, paused 316us total 39.253ms
08-04 18:38:07.319  1732  1966 I art     : Starting a blocking GC Explicit
08-04 18:38:07.365  1732  1966 I art     : Explicit concurrent mark sweep GC freed 1343(78KB) AllocSpace objects, 1(20KB) LOS objects, 39% free, 24MB/40MB, paused 401us total 45.221ms
08-04 18:38:07.386  1732  1966 I art     : Starting a blocking GC Explicit
08-04 18:38:07.429  1732  1966 I art     : Explicit concurrent mark sweep GC freed 20(704B) AllocSpace objects, 0(0B) LOS objects, 39% free, 24MB/40MB, paused 334us total 42.965ms
08-04 18:38:07.446  1732  1966 I art     : Starting a blocking GC Explicit
08-04 18:38:07.486  1732  1966 I art     : Explicit concurrent mark sweep GC freed 3(96B) AllocSpace objects, 0(0B) LOS objects, 39% free, 24MB/40MB, paused 336us total 39.162ms
08-04 18:38:07.504  1732  1966 I art     : Starting a blocking GC Explicit
08-04 18:38:07.545  1732  1966 I art     : Explicit concurrent mark sweep GC freed 3(96B) AllocSpace objects, 0(0B) LOS objects, 39% free, 24MB/40MB, paused 338us total 40.933ms
08-04 18:38:07.566  1732  1966 I art     : Starting a blocking GC Explicit
08-04 18:38:07.607  1732  1966 I art     : Explicit concurrent mark sweep GC freed 3(96B) AllocSpace objects, 0(0B) LOS objects, 39% free, 24MB/40MB, paused 363us total 41.231ms
08-04 18:38:07.943  1732  1743 I art     : Starting a blocking GC Explicit
08-04 18:38:07.991  1732  1743 I art     : Explicit concurrent mark sweep GC freed 1343(78KB) AllocSpace objects, 1(20KB) LOS objects, 39% free, 24MB/40MB, paused 372us total 47.278ms
08-04 18:38:08.009  1732  1743 I art     : Starting a blocking GC Explicit
08-04 18:38:08.051  1732  1743 I art     : Explicit concurrent mark sweep GC freed 20(704B) AllocSpace objects, 0(0B) LOS objects, 39% free, 24MB/40MB, paused 369us total 41.818ms
08-04 18:38:08.069  1732  1743 I art     : Starting a blocking GC Explicit
08-04 18:38:08.108  1732  1743 I art     : Explicit concurrent mark sweep GC freed 3(96B) AllocSpace objects, 0(0B) LOS objects, 39% free, 24MB/40MB, paused 331us total 38.383ms
08-04 18:38:08.125  1732  1743 I art     : Starting a blocking GC Explicit
08-04 18:38:08.159  1732  1743 I art     : Explicit concurrent mark sweep GC freed 3(96B) AllocSpace objects, 0(0B) LOS objects, 39% free, 24MB/40MB, paused 290us total 33.459ms
08-04 18:38:08.175  1732  1743 I art     : Starting a blocking GC Explicit
08-04 18:38:08.206  1732  1743 I art     : Explicit concurrent mark sweep GC freed 3(96B) AllocSpace objects, 0(0B) LOS objects, 39% free, 24MB/40MB, paused 281us total 31.041ms
08-04 18:38:08.372 24365 28171 E WakeLock: GCM_HB_ALARM release without a matched acquire!
08-04 18:38:08.395   918  3696 D ConnectivityService: reportNetworkConnectivity(158, true) by 10012
08-04 18:38:08.395   918 13197 D NetworkMonitor/NetworkAgentInfo [WIFI () - 158]: Forcing reevaluation for UID 10012
08-04 18:38:08.395   918 13197 D NetworkMonitor/NetworkAgentInfo [WIFI () - 158]: Checking http://connectivitycheck.gstatic.com/generate_204 on "H369AA63323", 192.168.2.12=192.168.2.12
08-04 18:38:08.395   918  5132 D ConnectivityService: reportNetworkConnectivity(158, true) by 10012
08-04 18:38:08.437 24365  7398 I NetworkScheduler.Stats: Task com.google.android.gms/com.google.android.gms.icing.service.IcingGcmTaskService started execution. cause:2 exec_start_elapsed_seconds: 1712892 [CONTEXT service_id=218 ]
08-04 18:38:08.442 24365 10274 I NetworkScheduler.Stats: Task com.google.android.gms/com.google.android.gms.icing.service.IcingGcmTaskService finished executing. cause:2 result: 1 elapsed_millis: 37 uptime_millis: 37 exec_start_elapsed_seconds: 1712892 [CONTEXT service_id=218 ]
08-04 18:38:08.504  1732  1744 I art     : Starting a blocking GC Explicit
08-04 18:38:08.506   918 13197 D NetworkMonitor/NetworkAgentInfo [WIFI () - 158]: Probably not a portal: exception java.io.IOException: unexpected end of stream on Connection{connectivitycheck.gstatic.com:80, proxy=HTTP@/192.168.2.12:8080 hostAddress=192.168.2.12 cipherSuite=none protocol=http/1.1} (recycle count=0)
08-04 18:38:08.507   918  3263 D ConnectivityService: NetworkAgentInfo [WIFI () - 158] validation failed
08-04 18:38:08.508   918  3261 E WifiConfigStore:  rewrite network history for "H369AA63323"WPA_PSK
08-04 18:38:08.538  1732  1744 I art     : Explicit concurrent mark sweep GC freed 1347(78KB) AllocSpace objects, 1(20KB) LOS objects, 39% free, 24MB/40MB, paused 309us total 33.700ms
08-04 18:38:08.555  1732  1744 I art     : Starting a blocking GC Explicit
08-04 18:38:08.589  1732  1744 I art     : Explicit concurrent mark sweep GC freed 20(704B) AllocSpace objects, 0(0B) LOS objects, 39% free, 24MB/40MB, paused 318us total 33.761ms
08-04 18:38:08.606  1732  1744 I art     : Starting a blocking GC Explicit
08-04 18:38:08.640  1732  1744 I art     : Explicit concurrent mark sweep GC freed 3(96B) AllocSpace objects, 0(0B) LOS objects, 39% free, 24MB/40MB, paused 337us total 33.907ms
08-04 18:38:08.656  1732  1744 I art     : Starting a blocking GC Explicit
08-04 18:38:08.691  1732  1744 I art     : Explicit concurrent mark sweep GC freed 3(96B) AllocSpace objects, 0(0B) LOS objects, 39% free, 24MB/40MB, paused 342us total 34.756ms
08-04 18:38:08.708  1732  1744 I art     : Starting a blocking GC Explicit
08-04 18:38:08.743  1732  1744 I art     : Explicit concurrent mark sweep GC freed 3(96B) AllocSpace objects, 0(0B) LOS objects, 39% free, 24MB/40MB, paused 323us total 34.750ms
08-04 18:38:09.063  1732  2227 I art     : Starting a blocking GC Explicit
08-04 18:38:09.108  1732  2227 I art     : Explicit concurrent mark sweep GC freed 1344(78KB) AllocSpace objects, 1(20KB) LOS objects, 39% free, 24MB/40MB, paused 396us total 44.618ms
08-04 18:38:09.127  1732  2227 I art     : Starting a blocking GC Explicit
08-04 18:38:09.166  1732  2227 I art     : Explicit concurrent mark sweep GC freed 20(704B) AllocSpace objects, 0(0B) LOS objects, 39% free, 24MB/40MB, paused 369us total 38.327ms
08-04 18:38:09.168  2414  2414 D AndroidRuntime: >>>>>> START com.android.internal.os.RuntimeInit uid 2000 <<<<<<
08-04 18:38:09.174  2414  2414 D AndroidRuntime: CheckJNI is OFF
08-04 18:38:09.183  1732  2227 I art     : Starting a blocking GC Explicit
08-04 18:38:09.220  2414  2414 D ICU     : No timezone override file found: /data/misc/zoneinfo/current/icu/icu_tzdata.dat
08-04 18:38:09.220  1732  2227 I art     : Explicit concurrent mark sweep GC freed 3(96B) AllocSpace objects, 0(0B) LOS objects, 39% free, 24MB/40MB, paused 379us total 36.780ms
08-04 18:38:09.237  1732  2227 I art     : Starting a blocking GC Explicit
08-04 18:38:09.267  2414  2414 I Radio-JNI: register_android_hardware_Radio DONE
08-04 18:38:09.274  1732  2227 I art     : Explicit concurrent mark sweep GC freed 3(96B) AllocSpace objects, 0(0B) LOS objects, 39% free, 24MB/40MB, paused 367us total 36.247ms
08-04 18:38:09.291  1732  2227 I art     : Starting a blocking GC Explicit
08-04 18:38:09.297  2414  2414 D AndroidRuntime: Calling main entry com.android.commands.input.Input
08-04 18:38:09.299  2414  2414 I Input   : injectMotionEvent: MotionEvent { action=ACTION_DOWN, actionButton=0, id[0]=0, x[0]=600.0, y[0]=700.0, toolType[0]=TOOL_TYPE_UNKNOWN, buttonState=0, metaState=0, flags=0x0, edgeFlags=0x0, pointerCount=1, historySize=0, eventTime=729505712, downTime=729505712, deviceId=0, source=0x1002 }
08-04 18:38:09.308  2414  2414 I Input   : injectMotionEvent: MotionEvent { action=ACTION_UP, actionButton=0, id[0]=0, x[0]=600.0, y[0]=700.0, toolType[0]=TOOL_TYPE_UNKNOWN, buttonState=0, metaState=0, flags=0x0, edgeFlags=0x0, pointerCount=1, historySize=0, eventTime=729505712, downTime=729505712, deviceId=0, source=0x1002 }
08-04 18:38:09.310  1732  1732 I RRChoreographer: Using modern Choreographer
08-04 18:38:09.311  2414  2414 D AndroidRuntime: Shutting down VM
08-04 18:38:09.322   512  2967 D audio_hw_primary: out_set_parameters: enter: usecase(1: low-latency-playback) kvpairs: routing=2
08-04 18:38:09.326   918  6112 I ActivityManager: START u0 {dat=https://oauth.reddit.com/... cmp=baseline.org.quantumbadger.redreader/.activities.CommentListingActivity} from uid 10666 on display 0
08-04 18:38:09.328  1732  2227 I art     : Explicit concurrent mark sweep GC freed 212(13KB) AllocSpace objects, 0(0B) LOS objects, 39% free, 24MB/40MB, paused 1.212ms total 36.774ms
08-04 18:38:09.335   512  2967 D audio_hw_primary: select_devices: out_snd_device(2: speaker) in_snd_device(0: none)
08-04 18:38:09.335   512  2967 D msm8974_platform: platform_send_audio_calibration: sending audio calibration for snd_device(2) acdb_id(15)
08-04 18:38:09.335   512  2967 I soundtrigger: audio_extn_sound_trigger_update_device_status: device 0x2 of type 0 for Event 1
08-04 18:38:09.346   512  2967 D audio_hw_primary: enable_snd_device: snd_device(2: speaker)
08-04 18:38:09.348   512  2967 D audio_hw_primary: enable_audio_route: apply and update mixer path: low-latency-playback speaker
08-04 18:38:09.352  1732  1732 I AppCompatViewInflater: app:theme is now deprecated. Please move to using android:theme instead.
08-04 18:38:09.376  1732  2445 D OK      : calling: https://oauth.reddit.com/comments/gvc7k9/.json?sort=confidence
08-04 18:38:09.462   918   936 I ActivityManager: Displayed baseline.org.quantumbadger.redreader/.activities.CommentListingActivity: +127ms
08-04 18:38:09.462 13866 13866 I GoogleInputMethodServic: GoogleInputMethodService.onFinishInput():3138 
08-04 18:38:09.463 13866 13866 I GoogleInputMethodServic: GoogleInputMethodService.onStartInput():1808 
08-04 18:38:09.508   918 13197 D NetworkMonitor/NetworkAgentInfo [WIFI () - 158]: Checking http://connectivitycheck.gstatic.com/generate_204 on "H369AA63323", 192.168.2.12=192.168.2.12
08-04 18:38:09.543  1732  2445 I NAPPA_EXPERIMENTATION: MetricNetworkRequestExecutionTime: REQUEST_DURATION_SYSTEM='167',REQUEST_DURATION_OKHTTP='164',REQUEST_SYNCHRONOUS='TRUE',RESPONSE_CODE='200',RESPONSE_METHOD='GET',RESPONSE_LENGTH_OKHTTP='-1',RESPONSE_LENGTH_HEADER='90132',REQUEST_PROTOCOL='h2',REQUEST_URL='https://oauth.reddit.com/comments/gvc7k9/.json?sort=confidence',
08-04 18:38:09.544  1732  2445 D OK      : request got status: 200
08-04 18:38:09.550  1732  2333 I CommentListingActivity: COMMENTS session changed to 93c16219-ad74-4e1d-b8df-508f5b6b83a8
08-04 18:38:09.568   918 13197 D NetworkMonitor/NetworkAgentInfo [WIFI () - 158]: Probably not a portal: exception java.io.IOException: unexpected end of stream on Connection{connectivitycheck.gstatic.com:80, proxy=HTTP@/192.168.2.12:8080 hostAddress=192.168.2.12 cipherSuite=none protocol=http/1.1} (recycle count=0)
08-04 18:38:09.569   918  3263 D ConnectivityService: NetworkAgentInfo [WIFI () - 158] validation failed
08-04 18:38:09.569   918  3261 E WifiConfigStore:  rewrite network history for "H369AA63323"WPA_PSK
08-04 18:38:09.608  1732  1966 I art     : Starting a blocking GC Explicit
08-04 18:38:09.664  1732  1966 I art     : Explicit concurrent mark sweep GC freed 14203(1031KB) AllocSpace objects, 3(56KB) LOS objects, 37% free, 26MB/42MB, paused 1.358ms total 55.341ms
08-04 18:38:09.684  1732  1966 I art     : Starting a blocking GC Explicit
08-04 18:38:09.713   380   380 W SurfaceFlinger: couldn't log to binary event log: overflow.
08-04 18:38:09.734  1732  1966 I art     : Explicit concurrent mark sweep GC freed 7980(557KB) AllocSpace objects, 0(0B) LOS objects, 37% free, 27MB/43MB, paused 1.382ms total 50.087ms
08-04 18:38:09.752  1732  1966 I art     : Starting a blocking GC Explicit
08-04 18:38:09.800  1732  1966 I art     : Explicit concurrent mark sweep GC freed 8970(643KB) AllocSpace objects, 0(0B) LOS objects, 36% free, 28MB/44MB, paused 620us total 47.919ms
08-04 18:38:09.819  1732  1966 I art     : Starting a blocking GC Explicit
08-04 18:38:09.876  1732  1966 I art     : Explicit concurrent mark sweep GC freed 12890(833KB) AllocSpace objects, 0(0B) LOS objects, 35% free, 28MB/44MB, paused 1.056ms total 57.131ms
08-04 18:38:09.889   512  2967 D audio_hw_primary: disable_audio_route: reset and update mixer path: low-latency-playback speaker
08-04 18:38:09.890   512  2967 D audio_hw_primary: disable_snd_device: snd_device(2: speaker)
08-04 18:38:09.896  1732  1966 I art     : Starting a blocking GC Explicit
08-04 18:38:09.899   512  2967 I soundtrigger: audio_extn_sound_trigger_update_device_status: device 0x2 of type 0 for Event 0
08-04 18:38:09.952  1732  1966 I art     : Explicit concurrent mark sweep GC freed 3016(275KB) AllocSpace objects, 2(84KB) LOS objects, 35% free, 28MB/44MB, paused 382us total 56.075ms
08-04 18:38:10.259  1732  1966 I art     : Starting a blocking GC Explicit
08-04 18:38:10.317  1732  1966 I art     : Explicit concurrent mark sweep GC freed 20642(945KB) AllocSpace objects, 2(88KB) LOS objects, 36% free, 27MB/43MB, paused 499us total 57.751ms
08-04 18:38:10.337  1732  1966 I art     : Starting a blocking GC Explicit
08-04 18:38:10.387  1732  1966 I art     : Explicit concurrent mark sweep GC freed 31(1232B) AllocSpace objects, 0(0B) LOS objects, 36% free, 27MB/43MB, paused 375us total 50.334ms
08-04 18:38:10.408  1732  1966 I art     : Starting a blocking GC Explicit
08-04 18:38:10.457  1732  1966 I art     : Explicit concurrent mark sweep GC freed 3(96B) AllocSpace objects, 0(0B) LOS objects, 36% free, 27MB/43MB, paused 317us total 48.924ms
08-04 18:38:10.477  1732  1966 I art     : Starting a blocking GC Explicit
08-04 18:38:10.528  1732  1966 I art     : Explicit concurrent mark sweep GC freed 3(96B) AllocSpace objects, 0(0B) LOS objects, 36% free, 27MB/43MB, paused 341us total 50.115ms
08-04 18:38:10.547  1732  1966 I art     : Starting a blocking GC Explicit
08-04 18:38:10.600  1732  1966 I art     : Explicit concurrent mark sweep GC freed 49(1920B) AllocSpace objects, 0(0B) LOS objects, 36% free, 27MB/43MB, paused 349us total 53.483ms
08-04 18:38:10.897  1732  1743 I art     : Starting a blocking GC Explicit
08-04 18:38:10.967  1732  1743 I art     : Explicit concurrent mark sweep GC freed 1343(78KB) AllocSpace objects, 1(20KB) LOS objects, 36% free, 27MB/43MB, paused 338us total 69.414ms
08-04 18:38:10.989  1732  1743 I art     : Starting a blocking GC Explicit
08-04 18:38:11.047  1732  1743 I art     : Explicit concurrent mark sweep GC freed 20(704B) AllocSpace objects, 0(0B) LOS objects, 36% free, 27MB/43MB, paused 466us total 58.264ms
08-04 18:38:11.071  1732  1743 I art     : Starting a blocking GC Explicit
08-04 18:38:11.132  1732  1743 I art     : Explicit concurrent mark sweep GC freed 3(96B) AllocSpace objects, 0(0B) LOS objects, 36% free, 27MB/43MB, paused 382us total 60.246ms
08-04 18:38:11.155  1732  1743 I art     : Starting a blocking GC Explicit
08-04 18:38:11.219  1732  1743 I art     : Explicit concurrent mark sweep GC freed 3(96B) AllocSpace objects, 0(0B) LOS objects, 36% free, 27MB/43MB, paused 347us total 64.020ms
08-04 18:38:11.242  1732  1743 I art     : Starting a blocking GC Explicit
08-04 18:38:11.302  1732  1743 I art     : Explicit concurrent mark sweep GC freed 3(96B) AllocSpace objects, 0(0B) LOS objects, 36% free, 27MB/43MB, paused 352us total 59.604ms
08-04 18:38:11.571   918 13197 D NetworkMonitor/NetworkAgentInfo [WIFI () - 158]: Checking http://connectivitycheck.gstatic.com/generate_204 on "H369AA63323", 192.168.2.12=192.168.2.12
08-04 18:38:11.632  1732  2227 I art     : Starting a blocking GC Explicit
08-04 18:38:11.681   918 13197 D NetworkMonitor/NetworkAgentInfo [WIFI () - 158]: Probably not a portal: exception java.io.IOException: unexpected end of stream on Connection{connectivitycheck.gstatic.com:80, proxy=HTTP@/192.168.2.12:8080 hostAddress=192.168.2.12 cipherSuite=none protocol=http/1.1} (recycle count=0)
08-04 18:38:11.682   918  3263 D ConnectivityService: NetworkAgentInfo [WIFI () - 158] validation failed
08-04 18:38:11.685   918  3261 E WifiConfigStore:  rewrite network history for "H369AA63323"WPA_PSK
08-04 18:38:11.704  1732  2227 I art     : Explicit concurrent mark sweep GC freed 1343(78KB) AllocSpace objects, 1(20KB) LOS objects, 36% free, 27MB/43MB, paused 367us total 71.223ms
08-04 18:38:11.725  1732  2227 I art     : Starting a blocking GC Explicit
08-04 18:38:11.785  1732  2227 I art     : Explicit concurrent mark sweep GC freed 20(704B) AllocSpace objects, 0(0B) LOS objects, 36% free, 27MB/43MB, paused 368us total 59.238ms
08-04 18:38:11.805  1732  2227 I art     : Starting a blocking GC Explicit
08-04 18:38:11.863  1732  2227 I art     : Explicit concurrent mark sweep GC freed 3(96B) AllocSpace objects, 0(0B) LOS objects, 36% free, 27MB/43MB, paused 354us total 57.824ms
08-04 18:38:11.883  1732  2227 I art     : Starting a blocking GC Explicit
08-04 18:38:11.948  1732  2227 I art     : Explicit concurrent mark sweep GC freed 3(96B) AllocSpace objects, 0(0B) LOS objects, 36% free, 27MB/43MB, paused 375us total 65.008ms
08-04 18:38:11.970  1732  2227 I art     : Starting a blocking GC Explicit
08-04 18:38:12.030  1732  2227 I art     : Explicit concurrent mark sweep GC freed 3(96B) AllocSpace objects, 0(0B) LOS objects, 36% free, 27MB/43MB, paused 348us total 59.878ms
08-04 18:38:12.362  1732  1744 I art     : Starting a blocking GC Explicit
08-04 18:38:12.428  1732  1744 I art     : Explicit concurrent mark sweep GC freed 1343(78KB) AllocSpace objects, 1(20KB) LOS objects, 36% free, 27MB/43MB, paused 392us total 65.339ms
08-04 18:38:12.451  1732  1744 I art     : Starting a blocking GC Explicit
08-04 18:38:12.509  1732  1744 I art     : Explicit concurrent mark sweep GC freed 20(704B) AllocSpace objects, 0(0B) LOS objects, 36% free, 27MB/43MB, paused 355us total 57.529ms
08-04 18:38:12.529  1732  1744 I art     : Starting a blocking GC Explicit
08-04 18:38:12.588  1732  1744 I art     : Explicit concurrent mark sweep GC freed 3(96B) AllocSpace objects, 0(0B) LOS objects, 36% free, 27MB/43MB, paused 401us total 58.835ms
08-04 18:38:12.612  1732  1744 I art     : Starting a blocking GC Explicit
08-04 18:38:12.674  1732  1744 I art     : Explicit concurrent mark sweep GC freed 3(96B) AllocSpace objects, 0(0B) LOS objects, 36% free, 27MB/43MB, paused 366us total 62.359ms
08-04 18:38:12.697  1732  1744 I art     : Starting a blocking GC Explicit
08-04 18:38:12.755  1732  1744 I art     : Explicit concurrent mark sweep GC freed 3(96B) AllocSpace objects, 0(0B) LOS objects, 36% free, 27MB/43MB, paused 374us total 57.839ms
08-04 18:38:13.092  1732  1966 I art     : Starting a blocking GC Explicit
08-04 18:38:13.158  1732  1966 I art     : Explicit concurrent mark sweep GC freed 1343(78KB) AllocSpace objects, 1(20KB) LOS objects, 36% free, 27MB/43MB, paused 504us total 66.207ms
08-04 18:38:13.181  1732  1966 I art     : Starting a blocking GC Explicit
08-04 18:38:13.239  1732  1966 I art     : Explicit concurrent mark sweep GC freed 20(704B) AllocSpace objects, 0(0B) LOS objects, 36% free, 27MB/43MB, paused 356us total 57.490ms
08-04 18:38:13.259  1732  1966 I art     : Starting a blocking GC Explicit
08-04 18:38:13.321  1732  1966 I art     : Explicit concurrent mark sweep GC freed 3(96B) AllocSpace objects, 0(0B) LOS objects, 36% free, 27MB/43MB, paused 421us total 61.137ms
08-04 18:38:13.344  1732  1966 I art     : Starting a blocking GC Explicit
08-04 18:38:13.403  1732  1966 I art     : Explicit concurrent mark sweep GC freed 3(96B) AllocSpace objects, 0(0B) LOS objects, 36% free, 27MB/43MB, paused 364us total 58.853ms
08-04 18:38:13.423  1732  1966 I art     : Starting a blocking GC Explicit
08-04 18:38:13.485  1732  1966 I art     : Explicit concurrent mark sweep GC freed 3(96B) AllocSpace objects, 0(0B) LOS objects, 36% free, 27MB/43MB, paused 384us total 61.699ms
08-04 18:38:13.777  1732  1743 I art     : Starting a blocking GC Explicit
08-04 18:38:13.841  1732  1743 I art     : Explicit concurrent mark sweep GC freed 1348(79KB) AllocSpace objects, 1(20KB) LOS objects, 36% free, 27MB/43MB, paused 412us total 64.287ms
08-04 18:38:13.862  1732  1743 I art     : Starting a blocking GC Explicit
08-04 18:38:13.919  1732  1743 I art     : Explicit concurrent mark sweep GC freed 20(704B) AllocSpace objects, 0(0B) LOS objects, 36% free, 27MB/43MB, paused 343us total 56.136ms
08-04 18:38:13.938  1732  1743 I art     : Starting a blocking GC Explicit
08-04 18:38:13.996  1732  1743 I art     : Explicit concurrent mark sweep GC freed 3(96B) AllocSpace objects, 0(0B) LOS objects, 36% free, 27MB/43MB, paused 359us total 57.232ms
08-04 18:38:14.016  1732  1743 I art     : Starting a blocking GC Explicit
08-04 18:38:14.072  1732  1743 I art     : Explicit concurrent mark sweep GC freed 3(96B) AllocSpace objects, 0(0B) LOS objects, 36% free, 27MB/43MB, paused 350us total 55.732ms
08-04 18:38:14.091  1732  1743 I art     : Starting a blocking GC Explicit
08-04 18:38:14.142  2514  2514 D AndroidRuntime: >>>>>> START com.android.internal.os.RuntimeInit uid 2000 <<<<<<
08-04 18:38:14.147  1732  1743 I art     : Explicit concurrent mark sweep GC freed 3(96B) AllocSpace objects, 0(0B) LOS objects, 36% free, 27MB/43MB, paused 392us total 55.510ms
08-04 18:38:14.148  2514  2514 D AndroidRuntime: CheckJNI is OFF
08-04 18:38:14.191  2514  2514 D ICU     : No timezone override file found: /data/misc/zoneinfo/current/icu/icu_tzdata.dat
08-04 18:38:14.236  2514  2514 I Radio-JNI: register_android_hardware_Radio DONE
08-04 18:38:14.266  2514  2514 D AndroidRuntime: Calling main entry com.android.commands.input.Input
08-04 18:38:14.269  2514  2514 I Input   : injectKeyEvent: KeyEvent { action=ACTION_DOWN, keyCode=KEYCODE_BACK, scanCode=0, metaState=0, flags=0x0, repeatCount=0, eventTime=729510681, downTime=729510681, deviceId=-1, source=0x101 }
08-04 18:38:14.277  2514  2514 I Input   : injectKeyEvent: KeyEvent { action=ACTION_UP, keyCode=KEYCODE_BACK, scanCode=0, metaState=0, flags=0x0, repeatCount=0, eventTime=729510681, downTime=729510681, deviceId=-1, source=0x101 }
08-04 18:38:14.288  2514  2514 D AndroidRuntime: Shutting down VM
08-04 18:38:14.331 13866 13866 I GoogleInputMethodServic: GoogleInputMethodService.onFinishInput():3138 
08-04 18:38:14.332 13866 13866 I GoogleInputMethodServic: GoogleInputMethodService.onStartInput():1808 
08-04 18:38:14.338  1732  2444 I RedditChangeDataIO: Writing tmp data file at '/data/user/0/baseline.org.quantumbadger.redreader/files/rr_change_data_tmp.dat'
08-04 18:38:14.339  1732  2444 I RedditChangeDataManager: Taking snapshot...
08-04 18:38:14.339  1732  2444 I RedditChangeDataManager: Writing to stream...
08-04 18:38:14.339  1732  2444 I RedditChangeDataManager: Wrote 1 entries for user ''
08-04 18:38:14.339  1732  2444 I RedditChangeDataManager: All entries written to stream.
08-04 18:38:14.339  1732  2444 I RedditChangeDataIO: Write successful. Atomically replacing data file...
08-04 18:38:14.340  1732  2444 I RedditChangeDataIO: Write complete.
08-04 18:38:14.340  1732  2444 I RedditChangeDataIO: 38 bytes written in 2 ms
08-04 18:38:14.433  1732  2227 I art     : Starting a blocking GC Explicit
08-04 18:38:14.477   518   646 I ThermalEngine: ACTION: GPU - Setting GPU[0] to 510000000
08-04 18:38:14.488  1732  2227 I art     : Explicit concurrent mark sweep GC freed 1665(92KB) AllocSpace objects, 2(88KB) LOS objects, 36% free, 27MB/43MB, paused 508us total 54.709ms
08-04 18:38:14.510  1732  2227 I art     : Starting a blocking GC Explicit
08-04 18:38:14.567  1732  2227 I art     : Explicit concurrent mark sweep GC freed 27(960B) AllocSpace objects, 0(0B) LOS objects, 36% free, 27MB/43MB, paused 234us total 57.338ms
08-04 18:38:14.588  1732  2227 I art     : Starting a blocking GC Explicit
08-04 18:38:14.634   380   380 W SurfaceFlinger: couldn't log to binary event log: overflow.
08-04 18:38:14.637  1732  2227 I art     : Explicit concurrent mark sweep GC freed 9(256B) AllocSpace objects, 0(0B) LOS objects, 36% free, 27MB/43MB, paused 363us total 48.469ms
08-04 18:38:14.655  1732  2227 I art     : Starting a blocking GC Explicit
08-04 18:38:14.693  1732  2227 I art     : Explicit concurrent mark sweep GC freed 58(2224B) AllocSpace objects, 0(0B) LOS objects, 36% free, 27MB/43MB, paused 267us total 37.829ms
08-04 18:38:14.708  1732  2227 I art     : Starting a blocking GC Explicit
08-04 18:38:14.739  1732  2227 I art     : Explicit concurrent mark sweep GC freed 46759(2MB) AllocSpace objects, 5(140KB) LOS objects, 39% free, 24MB/40MB, paused 247us total 30.833ms
08-04 18:38:15.024  1732  1966 I art     : Starting a blocking GC Explicit
08-04 18:38:15.069  1732  1966 I art     : Explicit concurrent mark sweep GC freed 1614(122KB) AllocSpace objects, 1(20KB) LOS objects, 39% free, 24MB/40MB, paused 312us total 44.154ms
08-04 18:38:15.086  1732  1966 I art     : Starting a blocking GC Explicit
08-04 18:38:15.117  1732  1966 I art     : Explicit concurrent mark sweep GC freed 85(2880B) AllocSpace objects, 0(0B) LOS objects, 39% free, 24MB/40MB, paused 269us total 30.700ms
08-04 18:38:15.130  1732  1966 I art     : Starting a blocking GC Explicit
08-04 18:38:15.160  1732  1966 I art     : Explicit concurrent mark sweep GC freed 3(96B) AllocSpace objects, 0(0B) LOS objects, 39% free, 24MB/40MB, paused 223us total 29.285ms
08-04 18:38:15.173  1732  1966 I art     : Starting a blocking GC Explicit
08-04 18:38:15.204  1732  1966 I art     : Explicit concurrent mark sweep GC freed 3(96B) AllocSpace objects, 0(0B) LOS objects, 39% free, 24MB/40MB, paused 230us total 30.511ms
08-04 18:38:15.217  1732  1966 I art     : Starting a blocking GC Explicit
08-04 18:38:15.249  1732  1966 I art     : Explicit concurrent mark sweep GC freed 3(96B) AllocSpace objects, 0(0B) LOS objects, 39% free, 24MB/40MB, paused 236us total 31.190ms
08-04 18:38:15.529  1732  1743 I art     : Starting a blocking GC Explicit
08-04 18:38:15.564  1732  1743 I art     : Explicit concurrent mark sweep GC freed 1343(78KB) AllocSpace objects, 1(20KB) LOS objects, 39% free, 24MB/40MB, paused 252us total 34.874ms
08-04 18:38:15.577  1732  1743 I art     : Starting a blocking GC Explicit
08-04 18:38:15.607  1732  1743 I art     : Explicit concurrent mark sweep GC freed 20(704B) AllocSpace objects, 0(0B) LOS objects, 39% free, 24MB/40MB, paused 328us total 29.500ms
08-04 18:38:15.620  1732  1743 I art     : Starting a blocking GC Explicit
08-04 18:38:15.648  1732  1743 I art     : Explicit concurrent mark sweep GC freed 3(96B) AllocSpace objects, 0(0B) LOS objects, 39% free, 24MB/40MB, paused 223us total 28.362ms
08-04 18:38:15.661  1732  1743 I art     : Starting a blocking GC Explicit
08-04 18:38:15.686   918 13197 D NetworkMonitor/NetworkAgentInfo [WIFI () - 158]: Checking http://connectivitycheck.gstatic.com/generate_204 on "H369AA63323", 192.168.2.12=192.168.2.12
08-04 18:38:15.691  1732  1743 I art     : Explicit concurrent mark sweep GC freed 3(96B) AllocSpace objects, 0(0B) LOS objects, 39% free, 24MB/40MB, paused 211us total 29.540ms
08-04 18:38:15.704  1732  1743 I art     : Starting a blocking GC Explicit
08-04 18:38:15.733  1732  1743 I art     : Explicit concurrent mark sweep GC freed 3(96B) AllocSpace objects, 0(0B) LOS objects, 39% free, 24MB/40MB, paused 222us total 28.493ms
08-04 18:38:15.777   918 13197 D NetworkMonitor/NetworkAgentInfo [WIFI () - 158]: Probably not a portal: exception java.io.IOException: unexpected end of stream on Connection{connectivitycheck.gstatic.com:80, proxy=HTTP@/192.168.2.12:8080 hostAddress=192.168.2.12 cipherSuite=none protocol=http/1.1} (recycle count=0)
08-04 18:38:15.778   918  3263 D ConnectivityService: NetworkAgentInfo [WIFI () - 158] validation failed
08-04 18:38:15.779   918  3261 E WifiConfigStore:  rewrite network history for "H369AA63323"WPA_PSK
08-04 18:38:15.940  2571  2571 D AndroidRuntime: >>>>>> START com.android.internal.os.RuntimeInit uid 2000 <<<<<<
08-04 18:38:15.945  2571  2571 D AndroidRuntime: CheckJNI is OFF
08-04 18:38:15.980  2571  2571 D ICU     : No timezone override file found: /data/misc/zoneinfo/current/icu/icu_tzdata.dat
08-04 18:38:15.999  1732  1744 I art     : Starting a blocking GC Explicit
08-04 18:38:16.014  2571  2571 I Radio-JNI: register_android_hardware_Radio DONE
08-04 18:38:16.030  1732  1744 I art     : Explicit concurrent mark sweep GC freed 1343(78KB) AllocSpace objects, 1(20KB) LOS objects, 39% free, 24MB/40MB, paused 239us total 30.803ms
08-04 18:38:16.037  2571  2571 D AndroidRuntime: Calling main entry com.android.commands.input.Input
08-04 18:38:16.039  2571  2571 I Input   : injectMotionEvent: MotionEvent { action=ACTION_DOWN, actionButton=0, id[0]=0, x[0]=600.0, y[0]=950.0, toolType[0]=TOOL_TYPE_UNKNOWN, buttonState=0, metaState=0, flags=0x0, edgeFlags=0x0, pointerCount=1, historySize=0, eventTime=729512451, downTime=729512451, deviceId=0, source=0x1002 }
08-04 18:38:16.044  1732  1744 I art     : Starting a blocking GC Explicit
08-04 18:38:16.044  2571  2571 I Input   : injectMotionEvent: MotionEvent { action=ACTION_UP, actionButton=0, id[0]=0, x[0]=600.0, y[0]=950.0, toolType[0]=TOOL_TYPE_UNKNOWN, buttonState=0, metaState=0, flags=0x0, edgeFlags=0x0, pointerCount=1, historySize=0, eventTime=729512451, downTime=729512451, deviceId=0, source=0x1002 }
08-04 18:38:16.046  2571  2571 D AndroidRuntime: Shutting down VM
08-04 18:38:16.057   512  2967 D audio_hw_primary: out_set_parameters: enter: usecase(1: low-latency-playback) kvpairs: routing=2
08-04 18:38:16.059   918  3714 I ActivityManager: START u0 {dat=https://oauth.reddit.com/... cmp=baseline.org.quantumbadger.redreader/.activities.CommentListingActivity} from uid 10666 on display 0
08-04 18:38:16.070   512  2967 D audio_hw_primary: select_devices: out_snd_device(2: speaker) in_snd_device(0: none)
08-04 18:38:16.070   512  2967 D msm8974_platform: platform_send_audio_calibration: sending audio calibration for snd_device(2) acdb_id(15)
08-04 18:38:16.070   512  2967 I soundtrigger: audio_extn_sound_trigger_update_device_status: device 0x2 of type 0 for Event 1
08-04 18:38:16.074  1732  1744 I art     : Explicit concurrent mark sweep GC freed 266(11KB) AllocSpace objects, 0(0B) LOS objects, 39% free, 24MB/40MB, paused 516us total 30.499ms
08-04 18:38:16.082   512  2967 D audio_hw_primary: enable_snd_device: snd_device(2: speaker)
08-04 18:38:16.084   512  2967 D audio_hw_primary: enable_audio_route: apply and update mixer path: low-latency-playback speaker
08-04 18:38:16.085  1732  1732 I AppCompatViewInflater: app:theme is now deprecated. Please move to using android:theme instead.
08-04 18:38:16.088  1732  1744 I art     : Starting a blocking GC Explicit
08-04 18:38:16.103  1732  2602 D OK      : calling: https://oauth.reddit.com/comments/hwnhe2/.json?sort=confidence
08-04 18:38:16.118  1732  1744 I art     : Explicit concurrent mark sweep GC freed 1857(104KB) AllocSpace objects, 0(0B) LOS objects, 39% free, 24MB/40MB, paused 419us total 29.992ms
08-04 18:38:16.130  1732  1744 I art     : Starting a blocking GC Explicit
08-04 18:38:16.158  1732  1744 I art     : Explicit concurrent mark sweep GC freed 849(32KB) AllocSpace objects, 0(0B) LOS objects, 38% free, 25MB/41MB, paused 385us total 27.155ms
08-04 18:38:16.165   918   936 I ActivityManager: Displayed baseline.org.quantumbadger.redreader/.activities.CommentListingActivity: +96ms
08-04 18:38:16.166 13866 13866 I GoogleInputMethodServic: GoogleInputMethodService.onFinishInput():3138 
08-04 18:38:16.166 13866 13866 I GoogleInputMethodServic: GoogleInputMethodService.onStartInput():1808 
08-04 18:38:16.171  1732  1744 I art     : Starting a blocking GC Explicit
08-04 18:38:16.203  1732  1744 I art     : Explicit concurrent mark sweep GC freed 254(14KB) AllocSpace objects, 0(0B) LOS objects, 38% free, 25MB/41MB, paused 347us total 30.893ms
08-04 18:38:16.420   380   380 W SurfaceFlinger: couldn't log to binary event log: overflow.
08-04 18:38:16.422  1732  2602 I NAPPA_EXPERIMENTATION: MetricNetworkRequestExecutionTime: REQUEST_DURATION_SYSTEM='318',REQUEST_DURATION_OKHTTP='147',REQUEST_SYNCHRONOUS='TRUE',RESPONSE_CODE='200',RESPONSE_METHOD='GET',RESPONSE_LENGTH_OKHTTP='-1',RESPONSE_LENGTH_HEADER='3930',REQUEST_PROTOCOL='h2',REQUEST_URL='https://oauth.reddit.com/comments/hwnhe2/.json?sort=confidence',
08-04 18:38:16.423  1732  2602 D OK      : request got status: 200
08-04 18:38:16.432  1732  2333 I CommentListingActivity: COMMENTS session changed to b1ed48c7-c007-4ade-ac15-89ec05a47118
08-04 18:38:16.471  1732  1743 I art     : Starting a blocking GC Explicit
08-04 18:38:16.501  1732  1743 I art     : Explicit concurrent mark sweep GC freed 7730(543KB) AllocSpace objects, 5(188KB) LOS objects, 38% free, 25MB/41MB, paused 1.004ms total 29.687ms
08-04 18:38:16.514  1732  1743 I art     : Starting a blocking GC Explicit
08-04 18:38:16.543  1732  1743 I art     : Explicit concurrent mark sweep GC freed 344(14KB) AllocSpace objects, 0(0B) LOS objects, 38% free, 25MB/41MB, paused 456us total 29.180ms
08-04 18:38:16.556  1732  1743 I art     : Starting a blocking GC Explicit
08-04 18:38:16.586  1732  1743 I art     : Explicit concurrent mark sweep GC freed 100(3KB) AllocSpace objects, 0(0B) LOS objects, 38% free, 25MB/41MB, paused 541us total 29.216ms
08-04 18:38:16.599  1732  1743 I art     : Starting a blocking GC Explicit
08-04 18:38:16.619   512  2967 D audio_hw_primary: disable_audio_route: reset and update mixer path: low-latency-playback speaker
08-04 18:38:16.620   512  2967 D audio_hw_primary: disable_snd_device: snd_device(2: speaker)
08-04 18:38:16.627  1732  1743 I art     : Explicit concurrent mark sweep GC freed 8(256B) AllocSpace objects, 0(0B) LOS objects, 38% free, 25MB/41MB, paused 216us total 27.739ms
08-04 18:38:16.629   512  2967 I soundtrigger: audio_extn_sound_trigger_update_device_status: device 0x2 of type 0 for Event 0
08-04 18:38:16.640  1732  1743 I art     : Starting a blocking GC Explicit
08-04 18:38:16.669  1732  1743 I art     : Explicit concurrent mark sweep GC freed 3(96B) AllocSpace objects, 0(0B) LOS objects, 38% free, 25MB/41MB, paused 218us total 28.484ms
08-04 18:38:16.955  1732  2227 I art     : Starting a blocking GC Explicit
08-04 18:38:16.990  1732  2227 I art     : Explicit concurrent mark sweep GC freed 1343(79KB) AllocSpace objects, 1(20KB) LOS objects, 38% free, 25MB/41MB, paused 241us total 34.455ms
08-04 18:38:17.004  1732  2227 I art     : Starting a blocking GC Explicit
08-04 18:38:17.036  1732  2227 I art     : Explicit concurrent mark sweep GC freed 20(704B) AllocSpace objects, 0(0B) LOS objects, 38% free, 25MB/41MB, paused 236us total 31.753ms
08-04 18:38:17.050  1732  2227 I art     : Starting a blocking GC Explicit
08-04 18:38:17.081  1732  2227 I art     : Explicit concurrent mark sweep GC freed 3(96B) AllocSpace objects, 0(0B) LOS objects, 38% free, 25MB/41MB, paused 322us total 30.744ms
08-04 18:38:17.095  1732  2227 I art     : Starting a blocking GC Explicit
08-04 18:38:17.125  1732  2227 I art     : Explicit concurrent mark sweep GC freed 49(1920B) AllocSpace objects, 0(0B) LOS objects, 38% free, 25MB/41MB, paused 252us total 29.264ms
08-04 18:38:17.139  1732  2227 I art     : Starting a blocking GC Explicit
08-04 18:38:17.165 29955 29955 I ServiceManager: Waiting for service AtCmdFwd...
08-04 18:38:17.170  1732  2227 I art     : Explicit concurrent mark sweep GC freed 3(96B) AllocSpace objects, 0(0B) LOS objects, 38% free, 25MB/41MB, paused 248us total 30.899ms
08-04 18:38:17.463  1732  1743 I art     : Starting a blocking GC Explicit
08-04 18:38:17.488   518   646 I ThermalEngine: ACTION: GPU - Setting GPU[0] to 450000000
08-04 18:38:17.515  1732  1743 I art     : Explicit concurrent mark sweep GC freed 1343(79KB) AllocSpace objects, 1(20KB) LOS objects, 38% free, 25MB/41MB, paused 352us total 52.003ms
08-04 18:38:17.535  1732  1743 I art     : Starting a blocking GC Explicit
08-04 18:38:17.575  1732  1743 I art     : Explicit concurrent mark sweep GC freed 20(704B) AllocSpace objects, 0(0B) LOS objects, 38% free, 25MB/41MB, paused 367us total 39.341ms
08-04 18:38:17.593  1732  1743 I art     : Starting a blocking GC Explicit
08-04 18:38:17.632  1732  1743 I art     : Explicit concurrent mark sweep GC freed 3(96B) AllocSpace objects, 0(0B) LOS objects, 38% free, 25MB/41MB, paused 333us total 38.053ms
08-04 18:38:17.649  1732  1743 I art     : Starting a blocking GC Explicit
08-04 18:38:17.689  1732  1743 I art     : Explicit concurrent mark sweep GC freed 3(96B) AllocSpace objects, 0(0B) LOS objects, 38% free, 25MB/41MB, paused 358us total 39.870ms
08-04 18:38:17.707  1732  1743 I art     : Starting a blocking GC Explicit
08-04 18:38:17.748  1732  1743 I art     : Explicit concurrent mark sweep GC freed 3(96B) AllocSpace objects, 0(0B) LOS objects, 38% free, 25MB/41MB, paused 361us total 40.293ms
08-04 18:38:18.088  1732  1744 I art     : Starting a blocking GC Explicit
08-04 18:38:18.142  1732  1744 I art     : Explicit concurrent mark sweep GC freed 1343(79KB) AllocSpace objects, 1(20KB) LOS objects, 38% free, 25MB/41MB, paused 381us total 53.776ms
08-04 18:38:18.164  1732  1744 I art     : Starting a blocking GC Explicit
08-04 18:38:18.165 29955 29955 I ServiceManager: Waiting for service AtCmdFwd...
08-04 18:38:18.206  1732  1744 I art     : Explicit concurrent mark sweep GC freed 20(704B) AllocSpace objects, 0(0B) LOS objects, 38% free, 25MB/41MB, paused 342us total 42.055ms
08-04 18:38:18.224  1732  1744 I art     : Starting a blocking GC Explicit
08-04 18:38:18.268  1732  1744 I art     : Explicit concurrent mark sweep GC freed 3(96B) AllocSpace objects, 0(0B) LOS objects, 38% free, 25MB/41MB, paused 356us total 43.596ms
08-04 18:38:18.286  1732  1744 I art     : Starting a blocking GC Explicit
08-04 18:38:18.329  1732  1744 I art     : Explicit concurrent mark sweep GC freed 3(96B) AllocSpace objects, 0(0B) LOS objects, 38% free, 25MB/41MB, paused 349us total 43.330ms
08-04 18:38:18.347  1732  1744 I art     : Starting a blocking GC Explicit
08-04 18:38:18.391  1732  1744 I art     : Explicit concurrent mark sweep GC freed 3(96B) AllocSpace objects, 0(0B) LOS objects, 38% free, 25MB/41MB, paused 342us total 43.230ms
08-04 18:38:18.724  1732  1966 I art     : Starting a blocking GC Explicit
08-04 18:38:18.774  1732  1966 I art     : Explicit concurrent mark sweep GC freed 1343(79KB) AllocSpace objects, 1(20KB) LOS objects, 38% free, 25MB/41MB, paused 362us total 49.581ms
08-04 18:38:18.793  1732  1966 I art     : Starting a blocking GC Explicit
08-04 18:38:18.838  1732  1966 I art     : Explicit concurrent mark sweep GC freed 20(704B) AllocSpace objects, 0(0B) LOS objects, 38% free, 25MB/41MB, paused 364us total 44.807ms
08-04 18:38:18.860  1732  1966 I art     : Starting a blocking GC Explicit
08-04 18:38:18.902  1732  1966 I art     : Explicit concurrent mark sweep GC freed 3(96B) AllocSpace objects, 0(0B) LOS objects, 38% free, 25MB/41MB, paused 348us total 42.496ms
08-04 18:38:18.920  1732  1966 I art     : Starting a blocking GC Explicit
08-04 18:38:18.963  1732  1966 I art     : Explicit concurrent mark sweep GC freed 3(96B) AllocSpace objects, 0(0B) LOS objects, 38% free, 25MB/41MB, paused 331us total 42.598ms
08-04 18:38:18.981  1732  1966 I art     : Starting a blocking GC Explicit
08-04 18:38:19.024  1732  1966 I art     : Explicit concurrent mark sweep GC freed 3(96B) AllocSpace objects, 0(0B) LOS objects, 38% free, 25MB/41MB, paused 346us total 42.197ms
08-04 18:38:19.166 29955 29955 I ServiceManager: Waiting for service AtCmdFwd...
08-04 18:38:19.365  1732  2227 I art     : Starting a blocking GC Explicit
08-04 18:38:19.412  1732  2227 I art     : Explicit concurrent mark sweep GC freed 1344(79KB) AllocSpace objects, 1(20KB) LOS objects, 38% free, 25MB/41MB, paused 470us total 47.128ms
08-04 18:38:19.433  1732  2227 I art     : Starting a blocking GC Explicit
08-04 18:38:19.477  1732  2227 I art     : Explicit concurrent mark sweep GC freed 20(704B) AllocSpace objects, 0(0B) LOS objects, 38% free, 25MB/41MB, paused 336us total 44.100ms
08-04 18:38:19.495  1732  2227 I art     : Starting a blocking GC Explicit
08-04 18:38:19.538  1732  2227 I art     : Explicit concurrent mark sweep GC freed 3(96B) AllocSpace objects, 0(0B) LOS objects, 38% free, 25MB/41MB, paused 354us total 42.580ms
08-04 18:38:19.555  1732  2227 I art     : Starting a blocking GC Explicit
08-04 18:38:19.598  1732  2227 I art     : Explicit concurrent mark sweep GC freed 3(96B) AllocSpace objects, 0(0B) LOS objects, 38% free, 25MB/41MB, paused 322us total 42.358ms
08-04 18:38:19.616  1732  2227 I art     : Starting a blocking GC Explicit
08-04 18:38:19.659  1732  2227 I art     : Explicit concurrent mark sweep GC freed 3(96B) AllocSpace objects, 0(0B) LOS objects, 38% free, 25MB/41MB, paused 344us total 42.798ms
08-04 18:38:19.967  1732  1743 I art     : Starting a blocking GC Explicit
08-04 18:38:20.018  1732  1743 I art     : Explicit concurrent mark sweep GC freed 1347(79KB) AllocSpace objects, 1(20KB) LOS objects, 38% free, 25MB/41MB, paused 459us total 50.996ms
08-04 18:38:20.039  1732  1743 I art     : Starting a blocking GC Explicit
08-04 18:38:20.080  1732  1743 I art     : Explicit concurrent mark sweep GC freed 20(704B) AllocSpace objects, 0(0B) LOS objects, 38% free, 25MB/41MB, paused 339us total 40.894ms
08-04 18:38:20.098  1732  1743 I art     : Starting a blocking GC Explicit
08-04 18:38:20.141  1732  1743 I art     : Explicit concurrent mark sweep GC freed 3(96B) AllocSpace objects, 0(0B) LOS objects, 38% free, 25MB/41MB, paused 337us total 42.835ms
08-04 18:38:20.159  1732  1743 I art     : Starting a blocking GC Explicit
08-04 18:38:20.167 29955 29955 I ServiceManager: Waiting for service AtCmdFwd...
08-04 18:38:20.201  1732  1743 I art     : Explicit concurrent mark sweep GC freed 3(96B) AllocSpace objects, 0(0B) LOS objects, 38% free, 25MB/41MB, paused 316us total 41.551ms
08-04 18:38:20.218  1732  1743 I art     : Starting a blocking GC Explicit
08-04 18:38:20.263  1732  1743 I art     : Explicit concurrent mark sweep GC freed 3(96B) AllocSpace objects, 0(0B) LOS objects, 38% free, 25MB/41MB, paused 377us total 44.011ms
08-04 18:38:20.303   918  3188 I hubconnection: sensorhub said: 'set_bias 3: -5.9616, 0.0000, 0.0000'
08-04 18:38:20.489   518   646 I ThermalEngine: ACTION: GPU - Setting GPU[0] to 510000000
08-04 18:38:20.550  1732  1744 I art     : Starting a blocking GC Explicit
08-04 18:38:20.588  1732  1744 I art     : Explicit concurrent mark sweep GC freed 1344(79KB) AllocSpace objects, 1(20KB) LOS objects, 38% free, 25MB/41MB, paused 286us total 37.144ms
08-04 18:38:20.601  1732  1744 I art     : Starting a blocking GC Explicit
08-04 18:38:20.632  1732  1744 I art     : Explicit concurrent mark sweep GC freed 20(704B) AllocSpace objects, 0(0B) LOS objects, 38% free, 25MB/41MB, paused 244us total 30.917ms
08-04 18:38:20.645  1732  1744 I art     : Starting a blocking GC Explicit
08-04 18:38:20.675  1732  1744 I art     : Explicit concurrent mark sweep GC freed 3(96B) AllocSpace objects, 0(0B) LOS objects, 38% free, 25MB/41MB, paused 262us total 29.832ms
08-04 18:38:20.689  1732  1744 I art     : Starting a blocking GC Explicit
08-04 18:38:20.719  1732  1744 I art     : Explicit concurrent mark sweep GC freed 3(96B) AllocSpace objects, 0(0B) LOS objects, 38% free, 25MB/41MB, paused 254us total 30.403ms
08-04 18:38:20.732  1732  1744 I art     : Starting a blocking GC Explicit
08-04 18:38:20.763  1732  1744 I art     : Explicit concurrent mark sweep GC freed 3(96B) AllocSpace objects, 0(0B) LOS objects, 38% free, 25MB/41MB, paused 243us total 30.551ms
08-04 18:38:20.784  2677  2677 D AndroidRuntime: >>>>>> START com.android.internal.os.RuntimeInit uid 2000 <<<<<<
08-04 18:38:20.789  2677  2677 D AndroidRuntime: CheckJNI is OFF
08-04 18:38:20.821  2677  2677 D ICU     : No timezone override file found: /data/misc/zoneinfo/current/icu/icu_tzdata.dat
08-04 18:38:20.853  2677  2677 I Radio-JNI: register_android_hardware_Radio DONE
08-04 18:38:20.875  2677  2677 D AndroidRuntime: Calling main entry com.android.commands.input.Input
08-04 18:38:20.876  2677  2677 I Input   : injectKeyEvent: KeyEvent { action=ACTION_DOWN, keyCode=KEYCODE_BACK, scanCode=0, metaState=0, flags=0x0, repeatCount=0, eventTime=729517289, downTime=729517289, deviceId=-1, source=0x101 }
08-04 18:38:20.883  2677  2677 I Input   : injectKeyEvent: KeyEvent { action=ACTION_UP, keyCode=KEYCODE_BACK, scanCode=0, metaState=0, flags=0x0, repeatCount=0, eventTime=729517289, downTime=729517289, deviceId=-1, source=0x101 }
08-04 18:38:20.890  2677  2677 D AndroidRuntime: Shutting down VM
08-04 18:38:20.932 13866 13866 I GoogleInputMethodServic: GoogleInputMethodService.onFinishInput():3138 
08-04 18:38:20.932 13866 13866 I GoogleInputMethodServic: GoogleInputMethodService.onStartInput():1808 
08-04 18:38:21.011  1732  2227 I art     : Starting a blocking GC Explicit
08-04 18:38:21.039  1732  2227 I art     : Explicit concurrent mark sweep GC freed 1586(87KB) AllocSpace objects, 1(20KB) LOS objects, 38% free, 25MB/41MB, paused 258us total 27.786ms
08-04 18:38:21.039  1732  1742 I art     : WaitForGcToComplete blocked for 8.843ms for cause HeapTrim
08-04 18:38:21.052  1732  2227 I art     : Starting a blocking GC Explicit
08-04 18:38:21.070  1732  2601 I RedditChangeDataIO: Writing tmp data file at '/data/user/0/baseline.org.quantumbadger.redreader/files/rr_change_data_tmp.dat'
08-04 18:38:21.070  1732  2601 I RedditChangeDataManager: Taking snapshot...
08-04 18:38:21.071  1732  2601 I RedditChangeDataManager: Writing to stream...
08-04 18:38:21.071  1732  2601 I RedditChangeDataManager: Wrote 2 entries for user ''
08-04 18:38:21.071  1732  2601 I RedditChangeDataManager: All entries written to stream.
08-04 18:38:21.071  1732  2601 I RedditChangeDataIO: Write successful. Atomically replacing data file...
08-04 18:38:21.071  1732  2601 I RedditChangeDataIO: Write complete.
08-04 18:38:21.071  1732  2601 I RedditChangeDataIO: 62 bytes written in 1 ms
08-04 18:38:21.086  1732  2227 I art     : Explicit concurrent mark sweep GC freed 94(5KB) AllocSpace objects, 1(68KB) LOS objects, 38% free, 25MB/41MB, paused 247us total 33.570ms
08-04 18:38:21.100  1732  2227 I art     : Starting a blocking GC Explicit
08-04 18:38:21.129  1732  2227 I art     : Explicit concurrent mark sweep GC freed 12(560B) AllocSpace objects, 0(0B) LOS objects, 38% free, 25MB/41MB, paused 227us total 29.578ms
08-04 18:38:21.143  1732  2227 I art     : Starting a blocking GC Explicit
08-04 18:38:21.168 29955 29955 I ServiceManager: Waiting for service AtCmdFwd...
08-04 18:38:21.176  1732  2227 I art     : Explicit concurrent mark sweep GC freed 3(96B) AllocSpace objects, 0(0B) LOS objects, 38% free, 25MB/41MB, paused 226us total 33.028ms
08-04 18:38:21.192  1732  2227 I art     : Starting a blocking GC Explicit
08-04 18:38:21.227  1732  2227 I art     : Explicit concurrent mark sweep GC freed 3(96B) AllocSpace objects, 0(0B) LOS objects, 38% free, 25MB/41MB, paused 243us total 34.217ms
08-04 18:38:21.257   380   380 W SurfaceFlinger: couldn't log to binary event log: overflow.
08-04 18:38:21.497  1732  1743 I art     : Starting a blocking GC Explicit
08-04 18:38:21.539  1732  1743 I art     : Explicit concurrent mark sweep GC freed 1630(117KB) AllocSpace objects, 1(20KB) LOS objects, 38% free, 25MB/41MB, paused 272us total 41.034ms
08-04 18:38:21.555  1732  1743 I art     : Starting a blocking GC Explicit
08-04 18:38:21.585  1732  1743 I art     : Explicit concurrent mark sweep GC freed 3919(312KB) AllocSpace objects, 5(140KB) LOS objects, 39% free, 24MB/40MB, paused 218us total 30.051ms
08-04 18:38:21.598  1732  1743 I art     : Starting a blocking GC Explicit
08-04 18:38:21.628  1732  1743 I art     : Explicit concurrent mark sweep GC freed 3(96B) AllocSpace objects, 0(0B) LOS objects, 39% free, 24MB/40MB, paused 233us total 29.904ms
08-04 18:38:21.642  1732  1743 I art     : Starting a blocking GC Explicit
08-04 18:38:21.672  1732  1743 I art     : Explicit concurrent mark sweep GC freed 3(96B) AllocSpace objects, 0(0B) LOS objects, 39% free, 24MB/40MB, paused 236us total 30.412ms
08-04 18:38:21.686  1732  1743 I art     : Starting a blocking GC Explicit
08-04 18:38:21.716  1732  1743 I art     : Explicit concurrent mark sweep GC freed 3(96B) AllocSpace objects, 0(0B) LOS objects, 39% free, 24MB/40MB, paused 228us total 30.055ms
08-04 18:38:22.008  1732  1966 I art     : Starting a blocking GC Explicit
08-04 18:38:22.047  1732  1966 I art     : Explicit concurrent mark sweep GC freed 1343(79KB) AllocSpace objects, 1(20KB) LOS objects, 39% free, 24MB/40MB, paused 236us total 38.469ms
08-04 18:38:22.064  1732  1966 I art     : Starting a blocking GC Explicit
08-04 18:38:22.094  1732  1966 I art     : Explicit concurrent mark sweep GC freed 20(704B) AllocSpace objects, 0(0B) LOS objects, 39% free, 24MB/40MB, paused 228us total 30.150ms
08-04 18:38:22.108  1732  1966 I art     : Starting a blocking GC Explicit
08-04 18:38:22.137  1732  1966 I art     : Explicit concurrent mark sweep GC freed 3(96B) AllocSpace objects, 0(0B) LOS objects, 39% free, 24MB/40MB, paused 283us total 29.392ms
08-04 18:38:22.151  1732  1966 I art     : Starting a blocking GC Explicit
08-04 18:38:22.168 29955 29955 W Atfwd_Sendcmd: AtCmdFwd service not published, waiting... retryCnt : 4
08-04 18:38:22.180  1732  1966 I art     : Explicit concurrent mark sweep GC freed 3(96B) AllocSpace objects, 0(0B) LOS objects, 39% free, 24MB/40MB, paused 224us total 28.608ms
08-04 18:38:22.194  1732  1966 I art     : Starting a blocking GC Explicit
08-04 18:38:22.221  1732  1966 I art     : Explicit concurrent mark sweep GC freed 3(96B) AllocSpace objects, 0(0B) LOS objects, 39% free, 24MB/40MB, paused 218us total 27.540ms
08-04 18:38:22.490  1732  1744 I art     : Starting a blocking GC Explicit
08-04 18:38:22.521  1732  1744 I art     : Explicit concurrent mark sweep GC freed 1343(79KB) AllocSpace objects, 1(20KB) LOS objects, 39% free, 24MB/40MB, paused 241us total 30.614ms
08-04 18:38:22.535  1732  1744 I art     : Starting a blocking GC Explicit
08-04 18:38:22.553  2731  2731 D AndroidRuntime: >>>>>> START com.android.internal.os.RuntimeInit uid 2000 <<<<<<
08-04 18:38:22.558  2731  2731 D AndroidRuntime: CheckJNI is OFF
08-04 18:38:22.566  1732  1744 I art     : Explicit concurrent mark sweep GC freed 20(704B) AllocSpace objects, 0(0B) LOS objects, 39% free, 24MB/40MB, paused 275us total 30.811ms
08-04 18:38:22.579  1732  1744 I art     : Starting a blocking GC Explicit
08-04 18:38:22.593  2731  2731 D ICU     : No timezone override file found: /data/misc/zoneinfo/current/icu/icu_tzdata.dat
08-04 18:38:22.608  1732  1744 I art     : Explicit concurrent mark sweep GC freed 3(96B) AllocSpace objects, 0(0B) LOS objects, 39% free, 24MB/40MB, paused 239us total 28.726ms
08-04 18:38:22.621  1732  1744 I art     : Starting a blocking GC Explicit
08-04 18:38:22.629  2731  2731 I Radio-JNI: register_android_hardware_Radio DONE
08-04 18:38:22.649  1732  1744 I art     : Explicit concurrent mark sweep GC freed 3(96B) AllocSpace objects, 0(0B) LOS objects, 39% free, 24MB/40MB, paused 227us total 28.032ms
08-04 18:38:22.651  2731  2731 D AndroidRuntime: Calling main entry com.android.commands.input.Input
08-04 18:38:22.653  2731  2731 I Input   : injectMotionEvent: MotionEvent { action=ACTION_DOWN, actionButton=0, id[0]=0, x[0]=600.0, y[0]=1200.0, toolType[0]=TOOL_TYPE_UNKNOWN, buttonState=0, metaState=0, flags=0x0, edgeFlags=0x0, pointerCount=1, historySize=0, eventTime=729519066, downTime=729519066, deviceId=0, source=0x1002 }
08-04 18:38:22.660  2731  2731 I Input   : injectMotionEvent: MotionEvent { action=ACTION_UP, actionButton=0, id[0]=0, x[0]=600.0, y[0]=1200.0, toolType[0]=TOOL_TYPE_UNKNOWN, buttonState=0, metaState=0, flags=0x0, edgeFlags=0x0, pointerCount=1, historySize=0, eventTime=729519066, downTime=729519066, deviceId=0, source=0x1002 }
08-04 18:38:22.662  1732  1744 I art     : Starting a blocking GC Explicit
08-04 18:38:22.668  2731  2731 D AndroidRuntime: Shutting down VM
08-04 18:38:22.679   512  2967 D audio_hw_primary: out_set_parameters: enter: usecase(1: low-latency-playback) kvpairs: routing=2
08-04 18:38:22.684   918  5952 I ActivityManager: START u0 {dat=https://oauth.reddit.com/... cmp=baseline.org.quantumbadger.redreader/.activities.CommentListingActivity} from uid 10666 on display 0
08-04 18:38:22.692   512  2967 D audio_hw_primary: select_devices: out_snd_device(2: speaker) in_snd_device(0: none)
08-04 18:38:22.692   512  2967 D msm8974_platform: platform_send_audio_calibration: sending audio calibration for snd_device(2) acdb_id(15)
08-04 18:38:22.692   512  2967 I soundtrigger: audio_extn_sound_trigger_update_device_status: device 0x2 of type 0 for Event 1
08-04 18:38:22.693  1732  1744 I art     : Explicit concurrent mark sweep GC freed 249(11KB) AllocSpace objects, 0(0B) LOS objects, 39% free, 24MB/40MB, paused 302us total 30.713ms
08-04 18:38:22.702  1732  1732 I AppCompatViewInflater: app:theme is now deprecated. Please move to using android:theme instead.
08-04 18:38:22.702   512  2967 D audio_hw_primary: enable_snd_device: snd_device(2: speaker)
08-04 18:38:22.704   512  2967 D audio_hw_primary: enable_audio_route: apply and update mixer path: low-latency-playback speaker
08-04 18:38:22.718  1732  2756 D OK      : calling: https://oauth.reddit.com/comments/hza888/.json?sort=confidence
08-04 18:38:22.786   918   936 I ActivityManager: Displayed baseline.org.quantumbadger.redreader/.activities.CommentListingActivity: +96ms
08-04 18:38:22.787 13866 13866 I GoogleInputMethodServic: GoogleInputMethodService.onFinishInput():3138 
08-04 18:38:22.788 13866 13866 I GoogleInputMethodServic: GoogleInputMethodService.onStartInput():1808 
08-04 18:38:22.931  1732  1966 I art     : Starting a blocking GC Explicit
08-04 18:38:22.970  1732  1966 I art     : Explicit concurrent mark sweep GC freed 5906(289KB) AllocSpace objects, 1(20KB) LOS objects, 38% free, 25MB/41MB, paused 347us total 38.885ms
08-04 18:38:22.986  1732  1966 I art     : Starting a blocking GC Explicit
08-04 18:38:23.023  1732  1966 I art     : Explicit concurrent mark sweep GC freed 449(21KB) AllocSpace objects, 0(0B) LOS objects, 39% free, 25MB/41MB, paused 306us total 36.524ms
08-04 18:38:23.026   380   380 W SurfaceFlinger: couldn't log to binary event log: overflow.
08-04 18:38:23.040  1732  1966 I art     : Starting a blocking GC Explicit
08-04 18:38:23.067  1732  1966 I art     : Explicit concurrent mark sweep GC freed 3(96B) AllocSpace objects, 0(0B) LOS objects, 39% free, 25MB/41MB, paused 266us total 26.934ms
08-04 18:38:23.080  1732  1966 I art     : Starting a blocking GC Explicit
08-04 18:38:23.082  1732  2756 I NAPPA_EXPERIMENTATION: MetricNetworkRequestExecutionTime: REQUEST_DURATION_SYSTEM='363',REQUEST_DURATION_OKHTTP='143',REQUEST_SYNCHRONOUS='TRUE',RESPONSE_CODE='200',RESPONSE_METHOD='GET',RESPONSE_LENGTH_OKHTTP='-1',RESPONSE_LENGTH_HEADER='21928',REQUEST_PROTOCOL='h2',REQUEST_URL='https://oauth.reddit.com/comments/hza888/.json?sort=confidence',
08-04 18:38:23.082  1732  2756 D OK      : request got status: 200
08-04 18:38:23.097  1732  2333 I CommentListingActivity: COMMENTS session changed to e7a271f2-18b5-4195-b544-0e5cdfdf23f8
08-04 18:38:23.109  1732  1966 I art     : Explicit concurrent mark sweep GC freed 1386(106KB) AllocSpace objects, 0(0B) LOS objects, 38% free, 25MB/41MB, paused 551us total 28.337ms
08-04 18:38:23.121  1732  1966 I art     : Starting a blocking GC Explicit
08-04 18:38:23.152  1732  1966 I art     : Explicit concurrent mark sweep GC freed 1763(109KB) AllocSpace objects, 0(0B) LOS objects, 38% free, 25MB/41MB, paused 470us total 30.683ms
08-04 18:38:23.238   512  2967 D audio_hw_primary: disable_audio_route: reset and update mixer path: low-latency-playback speaker
08-04 18:38:23.239   512  2967 D audio_hw_primary: disable_snd_device: snd_device(2: speaker)
08-04 18:38:23.248   512  2967 I soundtrigger: audio_extn_sound_trigger_update_device_status: device 0x2 of type 0 for Event 0
08-04 18:38:23.424  1732  1966 I art     : Starting a blocking GC Explicit
08-04 18:38:23.464  1732  1966 I art     : Explicit concurrent mark sweep GC freed 16353(942KB) AllocSpace objects, 3(156KB) LOS objects, 37% free, 26MB/42MB, paused 246us total 39.181ms
08-04 18:38:23.478  1732  1966 I art     : Starting a blocking GC Explicit
08-04 18:38:23.497   518   646 I ThermalEngine: ACTION: GPU - Setting GPU[0] to 450000000
08-04 18:38:23.522  1732  1966 I art     : Explicit concurrent mark sweep GC freed 75(3KB) AllocSpace objects, 0(0B) LOS objects, 37% free, 26MB/42MB, paused 328us total 43.280ms
08-04 18:38:23.540  1732  1966 I art     : Starting a blocking GC Explicit
08-04 18:38:23.584  1732  1966 I art     : Explicit concurrent mark sweep GC freed 3(96B) AllocSpace objects, 0(0B) LOS objects, 37% free, 26MB/42MB, paused 308us total 43.765ms
08-04 18:38:23.603  1732  1966 I art     : Starting a blocking GC Explicit
08-04 18:38:23.648  1732  1966 I art     : Explicit concurrent mark sweep GC freed 3(96B) AllocSpace objects, 0(0B) LOS objects, 37% free, 26MB/42MB, paused 305us total 44.419ms
08-04 18:38:23.667  1732  1966 I art     : Starting a blocking GC Explicit
08-04 18:38:23.712  1732  1966 I art     : Explicit concurrent mark sweep GC freed 3(96B) AllocSpace objects, 0(0B) LOS objects, 37% free, 26MB/42MB, paused 387us total 44.903ms
08-04 18:38:23.786   918 13197 D NetworkMonitor/NetworkAgentInfo [WIFI () - 158]: Checking http://connectivitycheck.gstatic.com/generate_204 on "H369AA63323", 192.168.2.12=192.168.2.12
08-04 18:38:23.864   918 13197 D NetworkMonitor/NetworkAgentInfo [WIFI () - 158]: Probably not a portal: exception java.io.IOException: unexpected end of stream on Connection{connectivitycheck.gstatic.com:80, proxy=HTTP@/192.168.2.12:8080 hostAddress=192.168.2.12 cipherSuite=none protocol=http/1.1} (recycle count=0)
08-04 18:38:23.865   918  3263 D ConnectivityService: NetworkAgentInfo [WIFI () - 158] validation failed
08-04 18:38:23.866   918  3261 E WifiConfigStore:  rewrite network history for "H369AA63323"WPA_PSK
08-04 18:38:24.006  1732  2227 I art     : Starting a blocking GC Explicit
08-04 18:38:24.055  1732  2227 I art     : Explicit concurrent mark sweep GC freed 1343(80KB) AllocSpace objects, 1(20KB) LOS objects, 37% free, 26MB/42MB, paused 339us total 47.954ms
08-04 18:38:24.073  1732  2227 I art     : Starting a blocking GC Explicit
08-04 18:38:24.120  1732  2227 I art     : Explicit concurrent mark sweep GC freed 66(2528B) AllocSpace objects, 0(0B) LOS objects, 37% free, 26MB/42MB, paused 361us total 46.220ms
08-04 18:38:24.141  1732  2227 I art     : Starting a blocking GC Explicit
08-04 18:38:24.189  1732  2227 I art     : Explicit concurrent mark sweep GC freed 3(96B) AllocSpace objects, 0(0B) LOS objects, 37% free, 26MB/42MB, paused 338us total 47.757ms
08-04 18:38:24.208  1732  2227 I art     : Starting a blocking GC Explicit
08-04 18:38:24.256  1732  2227 I art     : Explicit concurrent mark sweep GC freed 3(96B) AllocSpace objects, 0(0B) LOS objects, 37% free, 26MB/42MB, paused 361us total 47.981ms
08-04 18:38:24.281  1732  2227 I art     : Starting a blocking GC Explicit
08-04 18:38:24.325  1732  2227 I art     : Explicit concurrent mark sweep GC freed 3(96B) AllocSpace objects, 0(0B) LOS objects, 37% free, 26MB/42MB, paused 336us total 43.959ms
08-04 18:38:24.646  1732  1744 I art     : Starting a blocking GC Explicit
08-04 18:38:24.712  1732  1744 I art     : Explicit concurrent mark sweep GC freed 1343(80KB) AllocSpace objects, 1(20KB) LOS objects, 37% free, 26MB/42MB, paused 373us total 65.465ms
08-04 18:38:24.733  1732  1744 I art     : Starting a blocking GC Explicit
08-04 18:38:24.784  1732  1744 I art     : Explicit concurrent mark sweep GC freed 20(704B) AllocSpace objects, 0(0B) LOS objects, 37% free, 26MB/42MB, paused 335us total 50.479ms
08-04 18:38:24.802  1732  1744 I art     : Starting a blocking GC Explicit
08-04 18:38:24.854  1732  1744 I art     : Explicit concurrent mark sweep GC freed 3(96B) AllocSpace objects, 0(0B) LOS objects, 37% free, 26MB/42MB, paused 403us total 51.448ms
08-04 18:38:24.877  1732  1744 I art     : Starting a blocking GC Explicit
08-04 18:38:24.924  1732  1744 I art     : Explicit concurrent mark sweep GC freed 3(96B) AllocSpace objects, 0(0B) LOS objects, 37% free, 26MB/42MB, paused 320us total 46.640ms
08-04 18:38:24.942  1732  1744 I art     : Starting a blocking GC Explicit
08-04 18:38:24.985  1732  1744 I art     : Explicit concurrent mark sweep GC freed 3(96B) AllocSpace objects, 0(0B) LOS objects, 37% free, 26MB/42MB, paused 337us total 42.077ms
08-04 18:38:25.304  1732  1966 I art     : Starting a blocking GC Explicit
08-04 18:38:25.360  1732  1966 I art     : Explicit concurrent mark sweep GC freed 1343(80KB) AllocSpace objects, 1(20KB) LOS objects, 37% free, 26MB/42MB, paused 366us total 55.478ms
08-04 18:38:25.380  1732  1966 I art     : Starting a blocking GC Explicit
08-04 18:38:25.427  1732  1966 I art     : Explicit concurrent mark sweep GC freed 20(704B) AllocSpace objects, 0(0B) LOS objects, 37% free, 26MB/42MB, paused 351us total 46.603ms
08-04 18:38:25.445  1732  1966 I art     : Starting a blocking GC Explicit
08-04 18:38:25.473  2800  2800 D AndroidRuntime: >>>>>> START com.android.internal.os.RuntimeInit uid 2000 <<<<<<
08-04 18:38:25.479  2800  2800 D AndroidRuntime: CheckJNI is OFF
08-04 18:38:25.493  1732  1966 I art     : Explicit concurrent mark sweep GC freed 3(96B) AllocSpace objects, 0(0B) LOS objects, 37% free, 26MB/42MB, paused 326us total 47.605ms
08-04 18:38:25.511  1732  1966 I art     : Starting a blocking GC Explicit
08-04 18:38:25.526  2800  2800 D ICU     : No timezone override file found: /data/misc/zoneinfo/current/icu/icu_tzdata.dat
08-04 18:38:25.559  1732  1966 I art     : Explicit concurrent mark sweep GC freed 3(96B) AllocSpace objects, 0(0B) LOS objects, 37% free, 26MB/42MB, paused 344us total 47.772ms
08-04 18:38:25.573  2800  2800 I Radio-JNI: register_android_hardware_Radio DONE
08-04 18:38:25.578  1732  1966 I art     : Starting a blocking GC Explicit
08-04 18:38:25.604  2800  2800 D AndroidRuntime: Calling main entry com.android.commands.input.Input
08-04 18:38:25.605  2800  2800 I Input   : injectKeyEvent: KeyEvent { action=ACTION_DOWN, keyCode=KEYCODE_BACK, scanCode=0, metaState=0, flags=0x0, repeatCount=0, eventTime=729522018, downTime=729522018, deviceId=-1, source=0x101 }
08-04 18:38:25.613  2800  2800 I Input   : injectKeyEvent: KeyEvent { action=ACTION_UP, keyCode=KEYCODE_BACK, scanCode=0, metaState=0, flags=0x0, repeatCount=0, eventTime=729522018, downTime=729522018, deviceId=-1, source=0x101 }
08-04 18:38:25.619  2800  2800 D AndroidRuntime: Shutting down VM
08-04 18:38:25.622  1732  1966 I art     : Explicit concurrent mark sweep GC freed 13(416B) AllocSpace objects, 0(0B) LOS objects, 37% free, 26MB/42MB, paused 359us total 43.685ms
08-04 18:38:25.657 13866 13866 I GoogleInputMethodServic: GoogleInputMethodService.onFinishInput():3138 
08-04 18:38:25.658 13866 13866 I GoogleInputMethodServic: GoogleInputMethodService.onStartInput():1808 
08-04 18:38:25.924  1732  2227 I art     : Starting a blocking GC Explicit
08-04 18:38:25.976  1732  2227 I art     : Explicit concurrent mark sweep GC freed 1586(88KB) AllocSpace objects, 1(20KB) LOS objects, 37% free, 26MB/42MB, paused 331us total 51.293ms
08-04 18:38:25.979   380   380 W SurfaceFlinger: couldn't log to binary event log: overflow.
08-04 18:38:25.999  1732  2227 I art     : Starting a blocking GC Explicit
08-04 18:38:26.036   918  3261 D WifiStateMachine: starting scan for "H369AA63323"WPA_PSK with 2412,5180
08-04 18:38:26.042  1732  2227 I art     : Explicit concurrent mark sweep GC freed 76(2832B) AllocSpace objects, 0(0B) LOS objects, 37% free, 26MB/42MB, paused 344us total 42.376ms
08-04 18:38:26.059  1732  2227 I art     : Starting a blocking GC Explicit
08-04 18:38:26.094  1732  2227 I art     : Explicit concurrent mark sweep GC freed 22976(1247KB) AllocSpace objects, 5(164KB) LOS objects, 39% free, 24MB/40MB, paused 333us total 34.915ms
08-04 18:38:26.094  1732  1742 I art     : WaitForGcToComplete blocked for 8.328ms for cause HeapTrim
08-04 18:38:26.110  1732  2227 I art     : Starting a blocking GC Explicit
08-04 18:38:26.142  1732  2227 I art     : Explicit concurrent mark sweep GC freed 3(96B) AllocSpace objects, 0(0B) LOS objects, 39% free, 24MB/40MB, paused 350us total 31.370ms
08-04 18:38:26.158  1732  2227 I art     : Starting a blocking GC Explicit
08-04 18:38:26.189  1732  2227 I art     : Explicit concurrent mark sweep GC freed 3(96B) AllocSpace objects, 0(0B) LOS objects, 39% free, 24MB/40MB, paused 337us total 31.503ms
08-04 18:38:26.232   918  3188 I hubconnection: sensorhub said: 'set_bias 3: -6.2400, 0.0000, 0.0000'
08-04 18:38:26.475  1732  1743 I art     : Starting a blocking GC Explicit
08-04 18:38:26.512  1732  1743 I art     : Explicit concurrent mark sweep GC freed 1344(80KB) AllocSpace objects, 1(20KB) LOS objects, 39% free, 24MB/40MB, paused 329us total 36.974ms
08-04 18:38:26.529  1732  1743 I art     : Starting a blocking GC Explicit
08-04 18:38:26.566  1732  1743 I art     : Explicit concurrent mark sweep GC freed 38(1376B) AllocSpace objects, 0(0B) LOS objects, 39% free, 24MB/40MB, paused 345us total 37.070ms
08-04 18:38:26.584  1732  1743 I art     : Starting a blocking GC Explicit
08-04 18:38:26.621  1732  1743 I art     : Explicit concurrent mark sweep GC freed 3(96B) AllocSpace objects, 0(0B) LOS objects, 39% free, 24MB/40MB, paused 318us total 37.206ms
08-04 18:38:26.639  1732  1743 I art     : Starting a blocking GC Explicit
08-04 18:38:26.677  1732  1743 I art     : Explicit concurrent mark sweep GC freed 3(96B) AllocSpace objects, 0(0B) LOS objects, 39% free, 24MB/40MB, paused 342us total 37.688ms
08-04 18:38:26.694  1732  1743 I art     : Starting a blocking GC Explicit
08-04 18:38:26.731  1732  1743 I art     : Explicit concurrent mark sweep GC freed 3(96B) AllocSpace objects, 0(0B) LOS objects, 39% free, 24MB/40MB, paused 321us total 37.253ms
08-04 18:38:27.013  1732  1966 I art     : Starting a blocking GC Explicit
08-04 18:38:27.058  1732  1966 I art     : Explicit concurrent mark sweep GC freed 1347(80KB) AllocSpace objects, 1(20KB) LOS objects, 39% free, 24MB/40MB, paused 376us total 44.127ms
08-04 18:38:27.076  1732  1966 I art     : Starting a blocking GC Explicit
08-04 18:38:27.112  1732  1966 I art     : Explicit concurrent mark sweep GC freed 20(704B) AllocSpace objects, 0(0B) LOS objects, 39% free, 24MB/40MB, paused 345us total 35.781ms
08-04 18:38:27.129  1732  1966 I art     : Starting a blocking GC Explicit
08-04 18:38:27.165  1732  1966 I art     : Explicit concurrent mark sweep GC freed 3(96B) AllocSpace objects, 0(0B) LOS objects, 39% free, 24MB/40MB, paused 340us total 36.071ms
08-04 18:38:27.182  1732  1966 I art     : Starting a blocking GC Explicit
08-04 18:38:27.218  1732  1966 I art     : Explicit concurrent mark sweep GC freed 3(96B) AllocSpace objects, 0(0B) LOS objects, 39% free, 24MB/40MB, paused 364us total 35.446ms
08-04 18:38:27.235  1732  1966 I art     : Starting a blocking GC Explicit
08-04 18:38:27.271  1732  1966 I art     : Explicit concurrent mark sweep GC freed 3(96B) AllocSpace objects, 0(0B) LOS objects, 39% free, 24MB/40MB, paused 339us total 36.171ms
08-04 18:38:27.441  2845  2845 D AndroidRuntime: >>>>>> START com.android.internal.os.RuntimeInit uid 2000 <<<<<<
08-04 18:38:27.447  2845  2845 D AndroidRuntime: CheckJNI is OFF
08-04 18:38:27.488  2845  2845 D ICU     : No timezone override file found: /data/misc/zoneinfo/current/icu/icu_tzdata.dat
08-04 18:38:27.529  2845  2845 I Radio-JNI: register_android_hardware_Radio DONE
08-04 18:38:27.559  2845  2845 D AndroidRuntime: Calling main entry com.android.commands.input.Input
08-04 18:38:27.561  2845  2845 I Input   : injectMotionEvent: MotionEvent { action=ACTION_DOWN, actionButton=0, id[0]=0, x[0]=600.0, y[0]=950.0, toolType[0]=TOOL_TYPE_UNKNOWN, buttonState=0, metaState=0, flags=0x0, edgeFlags=0x0, pointerCount=1, historySize=0, eventTime=729523974, downTime=729523974, deviceId=0, source=0x1002 }
08-04 18:38:27.565  2845  2845 I Input   : injectMotionEvent: MotionEvent { action=ACTION_UP, actionButton=0, id[0]=0, x[0]=600.0, y[0]=950.0, toolType[0]=TOOL_TYPE_UNKNOWN, buttonState=0, metaState=0, flags=0x0, edgeFlags=0x0, pointerCount=1, historySize=0, eventTime=729523974, downTime=729523974, deviceId=0, source=0x1002 }
08-04 18:38:27.567  2845  2845 D AndroidRuntime: Shutting down VM
08-04 18:38:27.576  1732  1744 I art     : Starting a blocking GC Explicit
08-04 18:38:27.582   512  2967 D audio_hw_primary: out_set_parameters: enter: usecase(1: low-latency-playback) kvpairs: routing=2
08-04 18:38:27.588   918  5952 I ActivityManager: START u0 {dat=https://oauth.reddit.com/... cmp=baseline.org.quantumbadger.redreader/.activities.CommentListingActivity} from uid 10666 on display 0
08-04 18:38:27.595   512  2967 D audio_hw_primary: select_devices: out_snd_device(2: speaker) in_snd_device(0: none)
08-04 18:38:27.595   512  2967 D msm8974_platform: platform_send_audio_calibration: sending audio calibration for snd_device(2) acdb_id(15)
08-04 18:38:27.596   512  2967 I soundtrigger: audio_extn_sound_trigger_update_device_status: device 0x2 of type 0 for Event 1
08-04 18:38:27.607   512  2967 D audio_hw_primary: enable_snd_device: snd_device(2: speaker)
08-04 18:38:27.609   512  2967 D audio_hw_primary: enable_audio_route: apply and update mixer path: low-latency-playback speaker
08-04 18:38:27.619  1732  1732 I AppCompatViewInflater: app:theme is now deprecated. Please move to using android:theme instead.
08-04 18:38:27.623  1732  1744 I art     : Explicit concurrent mark sweep GC freed 2497(128KB) AllocSpace objects, 1(20KB) LOS objects, 39% free, 24MB/40MB, paused 588us total 46.428ms
08-04 18:38:27.641  1732  1744 I art     : Starting a blocking GC Explicit
08-04 18:38:27.642  1732  2333 I CommentListingActivity: COMMENTS session changed to b1ed48c7-c007-4ade-ac15-89ec05a47118
08-04 18:38:27.676  1732  1744 I art     : Explicit concurrent mark sweep GC freed 3572(353KB) AllocSpace objects, 2(32KB) LOS objects, 38% free, 25MB/41MB, paused 368us total 35.542ms
08-04 18:38:27.691  1732  2755 I RedditChangeDataIO: Writing tmp data file at '/data/user/0/baseline.org.quantumbadger.redreader/files/rr_change_data_tmp.dat'
08-04 18:38:27.691  1732  2755 I RedditChangeDataManager: Taking snapshot...
08-04 18:38:27.692  1732  2755 I RedditChangeDataManager: Writing to stream...
08-04 18:38:27.692  1732  2755 I RedditChangeDataManager: Wrote 3 entries for user ''
08-04 18:38:27.692  1732  2755 I RedditChangeDataManager: All entries written to stream.
08-04 18:38:27.692  1732  2755 I RedditChangeDataIO: Write successful. Atomically replacing data file...
08-04 18:38:27.692  1732  2755 I RedditChangeDataIO: Write complete.
08-04 18:38:27.692  1732  2755 I RedditChangeDataIO: 86 bytes written in 2 ms
08-04 18:38:27.694  1732  1744 I art     : Starting a blocking GC Explicit
08-04 18:38:27.730  1732  1744 I art     : Explicit concurrent mark sweep GC freed 1729(80KB) AllocSpace objects, 1(68KB) LOS objects, 38% free, 25MB/41MB, paused 860us total 35.778ms
08-04 18:38:27.746  1732  1744 I art     : Starting a blocking GC Explicit
08-04 18:38:27.783   918   936 I ActivityManager: Displayed baseline.org.quantumbadger.redreader/.activities.CommentListingActivity: +181ms
08-04 18:38:27.784 13866 13866 I GoogleInputMethodServic: GoogleInputMethodService.onFinishInput():3138 
08-04 18:38:27.784  1732  1744 I art     : Explicit concurrent mark sweep GC freed 605(25KB) AllocSpace objects, 0(0B) LOS objects, 38% free, 25MB/41MB, paused 394us total 37.142ms
08-04 18:38:27.784 13866 13866 I GoogleInputMethodServic: GoogleInputMethodService.onStartInput():1808 
08-04 18:38:27.801  1732  1744 I art     : Starting a blocking GC Explicit
08-04 18:38:27.839  1732  1744 I art     : Explicit concurrent mark sweep GC freed 166(7KB) AllocSpace objects, 0(0B) LOS objects, 38% free, 25MB/41MB, paused 340us total 37.158ms
08-04 18:38:28.064   380   380 W SurfaceFlinger: couldn't log to binary event log: overflow.
08-04 18:38:28.130  1732  2227 I art     : Starting a blocking GC Explicit
08-04 18:38:28.148   512  2967 D audio_hw_primary: disable_audio_route: reset and update mixer path: low-latency-playback speaker
08-04 18:38:28.149   512  2967 D audio_hw_primary: disable_snd_device: snd_device(2: speaker)
08-04 18:38:28.158   512  2967 I soundtrigger: audio_extn_sound_trigger_update_device_status: device 0x2 of type 0 for Event 0
08-04 18:38:28.166  1732  2227 I art     : Explicit concurrent mark sweep GC freed 1360(81KB) AllocSpace objects, 1(20KB) LOS objects, 38% free, 25MB/41MB, paused 373us total 35.642ms
08-04 18:38:28.185  1732  2227 I art     : Starting a blocking GC Explicit
08-04 18:38:28.223  1732  2227 I art     : Explicit concurrent mark sweep GC freed 338(39KB) AllocSpace objects, 0(0B) LOS objects, 38% free, 25MB/41MB, paused 276us total 37.264ms
08-04 18:38:28.240  1732  2227 I art     : Starting a blocking GC Explicit
08-04 18:38:28.275  1732  2227 I art     : Explicit concurrent mark sweep GC freed 68(2272B) AllocSpace objects, 0(0B) LOS objects, 38% free, 25MB/41MB, paused 281us total 34.917ms
08-04 18:38:28.293  1732  2227 I art     : Starting a blocking GC Explicit
08-04 18:38:28.331  1732  2227 I art     : Explicit concurrent mark sweep GC freed 3(96B) AllocSpace objects, 0(0B) LOS objects, 38% free, 25MB/41MB, paused 307us total 37.640ms
08-04 18:38:28.348  1732  2227 I art     : Starting a blocking GC Explicit
08-04 18:38:28.384  1732  2227 I art     : Explicit concurrent mark sweep GC freed 49(1920B) AllocSpace objects, 0(0B) LOS objects, 38% free, 25MB/41MB, paused 281us total 36.180ms
08-04 18:38:28.457   918 13198 D NetlinkSocketObserver: NeighborEvent{elapsedMs=1712912331, 192.168.2.254, [7C3953A63323], RTM_NEWNEIGH, NUD_STALE}
08-04 18:38:28.695  1732  1744 I art     : Starting a blocking GC Explicit
08-04 18:38:28.743  1732  1744 I art     : Explicit concurrent mark sweep GC freed 1343(80KB) AllocSpace objects, 1(20KB) LOS objects, 38% free, 25MB/41MB, paused 330us total 47.131ms
08-04 18:38:28.763  1732  1744 I art     : Starting a blocking GC Explicit
08-04 18:38:28.802  1732  1744 I art     : Explicit concurrent mark sweep GC freed 20(704B) AllocSpace objects, 0(0B) LOS objects, 38% free, 25MB/41MB, paused 307us total 39.057ms
08-04 18:38:28.820  1732  1744 I art     : Starting a blocking GC Explicit
08-04 18:38:28.859  1732  1744 I art     : Explicit concurrent mark sweep GC freed 3(96B) AllocSpace objects, 0(0B) LOS objects, 38% free, 25MB/41MB, paused 312us total 39.042ms
08-04 18:38:28.877  1732  1744 I art     : Starting a blocking GC Explicit
08-04 18:38:28.916  1732  1744 I art     : Explicit concurrent mark sweep GC freed 3(96B) AllocSpace objects, 0(0B) LOS objects, 38% free, 25MB/41MB, paused 309us total 38.493ms
08-04 18:38:28.933  1732  1744 I art     : Starting a blocking GC Explicit
08-04 18:38:28.972  1732  1744 I art     : Explicit concurrent mark sweep GC freed 3(96B) AllocSpace objects, 0(0B) LOS objects, 38% free, 25MB/41MB, paused 307us total 38.988ms
08-04 18:38:29.302  1732  1966 I art     : Starting a blocking GC Explicit
08-04 18:38:29.356  1732  1966 I art     : Explicit concurrent mark sweep GC freed 1343(80KB) AllocSpace objects, 1(20KB) LOS objects, 38% free, 25MB/41MB, paused 334us total 53.115ms
08-04 18:38:29.376  1732  1966 I art     : Starting a blocking GC Explicit
08-04 18:38:29.415  1732  1966 I art     : Explicit concurrent mark sweep GC freed 20(704B) AllocSpace objects, 0(0B) LOS objects, 38% free, 25MB/41MB, paused 308us total 38.868ms
08-04 18:38:29.433  1732  1966 I art     : Starting a blocking GC Explicit
08-04 18:38:29.474  1732  1966 I art     : Explicit concurrent mark sweep GC freed 3(96B) AllocSpace objects, 0(0B) LOS objects, 38% free, 25MB/41MB, paused 341us total 41.393ms
08-04 18:38:29.492  1732  1966 I art     : Starting a blocking GC Explicit
08-04 18:38:29.535  1732  1966 I art     : Explicit concurrent mark sweep GC freed 3(96B) AllocSpace objects, 0(0B) LOS objects, 38% free, 25MB/41MB, paused 309us total 42.103ms
08-04 18:38:29.553  1732  1966 I art     : Starting a blocking GC Explicit
08-04 18:38:29.596  1732  1966 I art     : Explicit concurrent mark sweep GC freed 3(96B) AllocSpace objects, 0(0B) LOS objects, 38% free, 25MB/41MB, paused 299us total 42.625ms
08-04 18:38:29.919  1732  1743 I art     : Starting a blocking GC Explicit
08-04 18:38:29.968  1732  1743 I art     : Explicit concurrent mark sweep GC freed 1343(80KB) AllocSpace objects, 1(20KB) LOS objects, 38% free, 25MB/41MB, paused 368us total 49.113ms
08-04 18:38:29.988  1732  1743 I art     : Starting a blocking GC Explicit
08-04 18:38:30.031  1732  1743 I art     : Explicit concurrent mark sweep GC freed 20(704B) AllocSpace objects, 0(0B) LOS objects, 38% free, 25MB/41MB, paused 323us total 42.795ms
08-04 18:38:30.049  1732  1743 I art     : Starting a blocking GC Explicit
08-04 18:38:30.091  1732  1743 I art     : Explicit concurrent mark sweep GC freed 3(96B) AllocSpace objects, 0(0B) LOS objects, 38% free, 25MB/41MB, paused 317us total 42.440ms
08-04 18:38:30.109  1732  1743 I art     : Starting a blocking GC Explicit
08-04 18:38:30.153  1732  1743 I art     : Explicit concurrent mark sweep GC freed 3(96B) AllocSpace objects, 0(0B) LOS objects, 38% free, 25MB/41MB, paused 311us total 43.577ms
08-04 18:38:30.171  1732  1743 I art     : Starting a blocking GC Explicit
08-04 18:38:30.213  1732  1743 I art     : Explicit concurrent mark sweep GC freed 3(96B) AllocSpace objects, 0(0B) LOS objects, 38% free, 25MB/41MB, paused 312us total 41.910ms
08-04 18:38:30.553  1732  2227 I art     : Starting a blocking GC Explicit
08-04 18:38:30.600  1732  2227 I art     : Explicit concurrent mark sweep GC freed 1343(80KB) AllocSpace objects, 1(20KB) LOS objects, 38% free, 25MB/41MB, paused 337us total 47.163ms
08-04 18:38:30.622  1732  2227 I art     : Starting a blocking GC Explicit
08-04 18:38:30.668  1732  2227 I art     : Explicit concurrent mark sweep GC freed 20(704B) AllocSpace objects, 0(0B) LOS objects, 38% free, 25MB/41MB, paused 338us total 45.753ms
08-04 18:38:30.685  1732  2227 I art     : Starting a blocking GC Explicit
08-04 18:38:30.728  1732  2227 I art     : Explicit concurrent mark sweep GC freed 3(96B) AllocSpace objects, 0(0B) LOS objects, 38% free, 25MB/41MB, paused 330us total 42.879ms
08-04 18:38:30.749  1732  2227 I art     : Starting a blocking GC Explicit
08-04 18:38:30.793  1732  2227 I art     : Explicit concurrent mark sweep GC freed 3(96B) AllocSpace objects, 0(0B) LOS objects, 38% free, 25MB/41MB, paused 312us total 43.859ms
08-04 18:38:30.811  1732  2227 I art     : Starting a blocking GC Explicit
08-04 18:38:30.855  1732  2227 I art     : Explicit concurrent mark sweep GC freed 3(96B) AllocSpace objects, 0(0B) LOS objects, 38% free, 25MB/41MB, paused 328us total 43.237ms
08-04 18:38:31.192  1732  1744 I art     : Starting a blocking GC Explicit
08-04 18:38:31.240  1732  1744 I art     : Explicit concurrent mark sweep GC freed 1343(80KB) AllocSpace objects, 1(20KB) LOS objects, 38% free, 25MB/41MB, paused 334us total 47.323ms
08-04 18:38:31.261  1732  1744 I art     : Starting a blocking GC Explicit
08-04 18:38:31.307  1732  1744 I art     : Explicit concurrent mark sweep GC freed 20(704B) AllocSpace objects, 0(0B) LOS objects, 38% free, 25MB/41MB, paused 292us total 45.033ms
08-04 18:38:31.324  1732  1744 I art     : Starting a blocking GC Explicit
08-04 18:38:31.369  1732  1744 I art     : Explicit concurrent mark sweep GC freed 3(96B) AllocSpace objects, 0(0B) LOS objects, 38% free, 25MB/41MB, paused 324us total 44.044ms
08-04 18:38:31.387  1732  1744 I art     : Starting a blocking GC Explicit
08-04 18:38:31.427  1732  1744 I art     : Explicit concurrent mark sweep GC freed 3(96B) AllocSpace objects, 0(0B) LOS objects, 38% free, 25MB/41MB, paused 336us total 40.610ms
08-04 18:38:31.445  1732  1744 I art     : Starting a blocking GC Explicit
08-04 18:38:31.489  1732  1744 I art     : Explicit concurrent mark sweep GC freed 3(96B) AllocSpace objects, 0(0B) LOS objects, 38% free, 25MB/41MB, paused 315us total 43.233ms
08-04 18:38:31.834  1732  1966 I art     : Starting a blocking GC Explicit
08-04 18:38:31.874  1732  1966 I art     : Explicit concurrent mark sweep GC freed 1345(80KB) AllocSpace objects, 1(20KB) LOS objects, 38% free, 25MB/41MB, paused 302us total 39.239ms
08-04 18:38:31.891  1732  1966 I art     : Starting a blocking GC Explicit
08-04 18:38:31.930  1732  1966 I art     : Explicit concurrent mark sweep GC freed 20(704B) AllocSpace objects, 0(0B) LOS objects, 38% free, 25MB/41MB, paused 306us total 38.612ms
08-04 18:38:31.947  1732  1966 I art     : Starting a blocking GC Explicit
08-04 18:38:31.988  1732  1966 I art     : Explicit concurrent mark sweep GC freed 3(96B) AllocSpace objects, 0(0B) LOS objects, 38% free, 25MB/41MB, paused 315us total 40.719ms
08-04 18:38:32.006  1732  1966 I art     : Starting a blocking GC Explicit
08-04 18:38:32.046  1732  1966 I art     : Explicit concurrent mark sweep GC freed 3(96B) AllocSpace objects, 0(0B) LOS objects, 38% free, 25MB/41MB, paused 311us total 39.330ms
08-04 18:38:32.063  1732  1966 I art     : Starting a blocking GC Explicit
08-04 18:38:32.104  1732  1966 I art     : Explicit concurrent mark sweep GC freed 3(96B) AllocSpace objects, 0(0B) LOS objects, 38% free, 25MB/41MB, paused 321us total 40.468ms
08-04 18:38:32.339  2951  2951 D AndroidRuntime: >>>>>> START com.android.internal.os.RuntimeInit uid 2000 <<<<<<
08-04 18:38:32.345  2951  2951 D AndroidRuntime: CheckJNI is OFF
08-04 18:38:32.386  2951  2951 D ICU     : No timezone override file found: /data/misc/zoneinfo/current/icu/icu_tzdata.dat
08-04 18:38:32.427  1732  1743 I art     : Starting a blocking GC Explicit
08-04 18:38:32.428  2951  2951 I Radio-JNI: register_android_hardware_Radio DONE
08-04 18:38:32.457  2951  2951 D AndroidRuntime: Calling main entry com.android.commands.input.Input
08-04 18:38:32.459  2951  2951 I Input   : injectKeyEvent: KeyEvent { action=ACTION_DOWN, keyCode=KEYCODE_BACK, scanCode=0, metaState=0, flags=0x0, repeatCount=0, eventTime=729528872, downTime=729528872, deviceId=-1, source=0x101 }
08-04 18:38:32.464  2951  2951 I Input   : injectKeyEvent: KeyEvent { action=ACTION_UP, keyCode=KEYCODE_BACK, scanCode=0, metaState=0, flags=0x0, repeatCount=0, eventTime=729528872, downTime=729528872, deviceId=-1, source=0x101 }
08-04 18:38:32.466  1732  1743 I art     : Explicit concurrent mark sweep GC freed 1343(80KB) AllocSpace objects, 1(20KB) LOS objects, 38% free, 25MB/41MB, paused 342us total 38.545ms
08-04 18:38:32.471  2951  2951 D AndroidRuntime: Shutting down VM
08-04 18:38:32.484  1732  1743 I art     : Starting a blocking GC Explicit
08-04 18:38:32.512   518   646 I ThermalEngine: ACTION: GPU - Setting GPU[0] to 510000000
08-04 18:38:32.521  1732  1743 I art     : Explicit concurrent mark sweep GC freed 147(5KB) AllocSpace objects, 0(0B) LOS objects, 38% free, 25MB/41MB, paused 475us total 36.834ms
08-04 18:38:32.521 13866 13866 I GoogleInputMethodServic: GoogleInputMethodService.onFinishInput():3138 
08-04 18:38:32.522 13866 13866 I GoogleInputMethodServic: GoogleInputMethodService.onStartInput():1808 
08-04 18:38:32.537  1732  1743 I art     : Starting a blocking GC Explicit
08-04 18:38:32.569  1732  1743 I art     : Explicit concurrent mark sweep GC freed 117(4KB) AllocSpace objects, 0(0B) LOS objects, 38% free, 25MB/41MB, paused 305us total 31.791ms
08-04 18:38:32.583  1732  1743 I art     : Starting a blocking GC Explicit
08-04 18:38:32.610  1732  1743 I art     : Explicit concurrent mark sweep GC freed 9(336B) AllocSpace objects, 0(0B) LOS objects, 38% free, 25MB/41MB, paused 197us total 27.016ms
08-04 18:38:32.622  1732  1743 I art     : Starting a blocking GC Explicit
08-04 18:38:32.651  1732  1743 I art     : Explicit concurrent mark sweep GC freed 3(96B) AllocSpace objects, 0(0B) LOS objects, 38% free, 25MB/41MB, paused 224us total 28.121ms
08-04 18:38:32.852   380   380 W SurfaceFlinger: couldn't log to binary event log: overflow.
08-04 18:38:32.911  1732  1966 I art     : Starting a blocking GC Explicit
08-04 18:38:32.941  1732  1966 I art     : Explicit concurrent mark sweep GC freed 1395(82KB) AllocSpace objects, 1(20KB) LOS objects, 38% free, 25MB/41MB, paused 237us total 30.451ms
08-04 18:38:32.954  1732  1966 I art     : Starting a blocking GC Explicit
08-04 18:38:32.985  1732  1966 I art     : Explicit concurrent mark sweep GC freed 3854(310KB) AllocSpace objects, 5(140KB) LOS objects, 39% free, 24MB/40MB, paused 231us total 30.553ms
08-04 18:38:32.998  1732  1966 I art     : Starting a blocking GC Explicit
08-04 18:38:33.028  1732  1966 I art     : Explicit concurrent mark sweep GC freed 3(96B) AllocSpace objects, 0(0B) LOS objects, 39% free, 24MB/40MB, paused 236us total 29.855ms
08-04 18:38:33.042  1732  1966 I art     : Starting a blocking GC Explicit
08-04 18:38:33.072  1732  1966 I art     : Explicit concurrent mark sweep GC freed 3(96B) AllocSpace objects, 0(0B) LOS objects, 39% free, 24MB/40MB, paused 240us total 30.250ms
08-04 18:38:33.086  1732  1966 I art     : Starting a blocking GC Explicit
08-04 18:38:33.117  1732  1966 I art     : Explicit concurrent mark sweep GC freed 3(96B) AllocSpace objects, 0(0B) LOS objects, 39% free, 24MB/40MB, paused 269us total 30.737ms
08-04 18:38:33.403  1732  2227 I art     : Starting a blocking GC Explicit
08-04 18:38:33.442  1732  2227 I art     : Explicit concurrent mark sweep GC freed 1343(80KB) AllocSpace objects, 1(20KB) LOS objects, 39% free, 24MB/40MB, paused 269us total 38.854ms
08-04 18:38:33.457  1732  2227 I art     : Starting a blocking GC Explicit
08-04 18:38:33.488  1732  2227 I art     : Explicit concurrent mark sweep GC freed 20(704B) AllocSpace objects, 0(0B) LOS objects, 39% free, 24MB/40MB, paused 239us total 30.676ms
08-04 18:38:33.502  1732  2227 I art     : Starting a blocking GC Explicit
08-04 18:38:33.533  1732  2227 I art     : Explicit concurrent mark sweep GC freed 3(96B) AllocSpace objects, 0(0B) LOS objects, 39% free, 24MB/40MB, paused 236us total 30.776ms
08-04 18:38:33.546  1732  2227 I art     : Starting a blocking GC Explicit
08-04 18:38:33.576  1732  2227 I art     : Explicit concurrent mark sweep GC freed 3(96B) AllocSpace objects, 0(0B) LOS objects, 39% free, 24MB/40MB, paused 222us total 29.342ms
08-04 18:38:33.590  1732  2227 I art     : Starting a blocking GC Explicit
08-04 18:38:33.620  1732  2227 I art     : Explicit concurrent mark sweep GC freed 3(96B) AllocSpace objects, 0(0B) LOS objects, 39% free, 24MB/40MB, paused 238us total 30.559ms
08-04 18:38:33.871  1732  1744 I art     : Starting a blocking GC Explicit
08-04 18:38:33.902  1732  1744 I art     : Explicit concurrent mark sweep GC freed 1343(80KB) AllocSpace objects, 1(20KB) LOS objects, 39% free, 24MB/40MB, paused 234us total 30.512ms
08-04 18:38:33.915  1732  1744 I art     : Starting a blocking GC Explicit
08-04 18:38:33.945  1732  1744 I art     : Explicit concurrent mark sweep GC freed 20(704B) AllocSpace objects, 0(0B) LOS objects, 39% free, 24MB/40MB, paused 239us total 29.496ms
08-04 18:38:33.958  1732  1744 I art     : Starting a blocking GC Explicit
08-04 18:38:33.987  1732  1744 I art     : Explicit concurrent mark sweep GC freed 3(96B) AllocSpace objects, 0(0B) LOS objects, 39% free, 24MB/40MB, paused 286us total 28.740ms
08-04 18:38:34.000  1732  1744 I art     : Starting a blocking GC Explicit
08-04 18:38:34.029  1732  1744 I art     : Explicit concurrent mark sweep GC freed 3(96B) AllocSpace objects, 0(0B) LOS objects, 39% free, 24MB/40MB, paused 232us total 28.933ms
08-04 18:38:34.042  1732  1744 I art     : Starting a blocking GC Explicit
08-04 18:38:34.072  1732  1744 I art     : Explicit concurrent mark sweep GC freed 3(96B) AllocSpace objects, 0(0B) LOS objects, 39% free, 24MB/40MB, paused 234us total 29.183ms
08-04 18:38:34.146  3009  3009 D AndroidRuntime: >>>>>> START com.android.internal.os.RuntimeInit uid 2000 <<<<<<
08-04 18:38:34.152  3009  3009 D AndroidRuntime: CheckJNI is OFF
08-04 18:38:34.190  3009  3009 D ICU     : No timezone override file found: /data/misc/zoneinfo/current/icu/icu_tzdata.dat
08-04 18:38:34.228  3009  3009 I Radio-JNI: register_android_hardware_Radio DONE
08-04 18:38:34.250  3009  3009 D AndroidRuntime: Calling main entry com.android.commands.input.Input
08-04 18:38:34.251  3009  3009 I Input   : injectMotionEvent: MotionEvent { action=ACTION_DOWN, actionButton=0, id[0]=0, x[0]=600.0, y[0]=700.0, toolType[0]=TOOL_TYPE_UNKNOWN, buttonState=0, metaState=0, flags=0x0, edgeFlags=0x0, pointerCount=1, historySize=0, eventTime=729530664, downTime=729530664, deviceId=0, source=0x1002 }
08-04 18:38:34.257  3009  3009 I Input   : injectMotionEvent: MotionEvent { action=ACTION_UP, actionButton=0, id[0]=0, x[0]=600.0, y[0]=700.0, toolType[0]=TOOL_TYPE_UNKNOWN, buttonState=0, metaState=0, flags=0x0, edgeFlags=0x0, pointerCount=1, historySize=0, eventTime=729530664, downTime=729530664, deviceId=0, source=0x1002 }
08-04 18:38:34.258  3009  3009 D AndroidRuntime: Shutting down VM
08-04 18:38:34.274   512  2967 D audio_hw_primary: out_set_parameters: enter: usecase(1: low-latency-playback) kvpairs: routing=2
08-04 18:38:34.276   918  6111 I ActivityManager: START u0 {dat=https://oauth.reddit.com/... cmp=baseline.org.quantumbadger.redreader/.activities.CommentListingActivity} from uid 10666 on display 0
08-04 18:38:34.287   512  2967 D audio_hw_primary: select_devices: out_snd_device(2: speaker) in_snd_device(0: none)
08-04 18:38:34.287   512  2967 D msm8974_platform: platform_send_audio_calibration: sending audio calibration for snd_device(2) acdb_id(15)
08-04 18:38:34.287   512  2967 I soundtrigger: audio_extn_sound_trigger_update_device_status: device 0x2 of type 0 for Event 1
08-04 18:38:34.297  1732  1732 I AppCompatViewInflater: app:theme is now deprecated. Please move to using android:theme instead.
08-04 18:38:34.298   512  2967 D audio_hw_primary: enable_snd_device: snd_device(2: speaker)
08-04 18:38:34.300   512  2967 D audio_hw_primary: enable_audio_route: apply and update mixer path: low-latency-playback speaker
08-04 18:38:34.313  1732  2333 I CommentListingActivity: COMMENTS session changed to 93c16219-ad74-4e1d-b8df-508f5b6b83a8
08-04 18:38:34.348  1732  1743 I art     : Starting a blocking GC Explicit
08-04 18:38:34.379   918   936 I ActivityManager: Displayed baseline.org.quantumbadger.redreader/.activities.CommentListingActivity: +96ms
08-04 18:38:34.380 13866 13866 I GoogleInputMethodServic: GoogleInputMethodService.onFinishInput():3138 
08-04 18:38:34.380 13866 13866 I GoogleInputMethodServic: GoogleInputMethodService.onStartInput():1808 
08-04 18:38:34.385  1732  1743 I art     : Explicit concurrent mark sweep GC freed 14185(982KB) AllocSpace objects, 3(56KB) LOS objects, 37% free, 26MB/42MB, paused 634us total 36.979ms
08-04 18:38:34.399  1732  1743 I art     : Starting a blocking GC Explicit
08-04 18:38:34.443  1732  1743 I art     : Explicit concurrent mark sweep GC freed 11925(801KB) AllocSpace objects, 0(0B) LOS objects, 36% free, 27MB/43MB, paused 1.149ms total 43.395ms
08-04 18:38:34.457  1732  1743 I art     : Starting a blocking GC Explicit
08-04 18:38:34.523  1732  1743 I art     : Explicit concurrent mark sweep GC freed 15102(994KB) AllocSpace objects, 1(16KB) LOS objects, 35% free, 28MB/44MB, paused 538us total 66.380ms
08-04 18:38:34.539  1732  1743 I art     : Starting a blocking GC Explicit
08-04 18:38:34.582  1732  1743 I art     : Explicit concurrent mark sweep GC freed 5272(396KB) AllocSpace objects, 0(0B) LOS objects, 35% free, 28MB/44MB, paused 246us total 42.068ms
08-04 18:38:34.598  1732  1743 I art     : Starting a blocking GC Explicit
08-04 18:38:34.638   380   380 W SurfaceFlinger: couldn't log to binary event log: overflow.
08-04 18:38:34.643  1732  1743 I art     : Explicit concurrent mark sweep GC freed 19205(851KB) AllocSpace objects, 0(0B) LOS objects, 36% free, 27MB/43MB, paused 258us total 45.335ms
08-04 18:38:34.850   512  2967 D audio_hw_primary: disable_audio_route: reset and update mixer path: low-latency-playback speaker
08-04 18:38:34.851   512  2967 D audio_hw_primary: disable_snd_device: snd_device(2: speaker)
08-04 18:38:34.860   512  2967 I soundtrigger: audio_extn_sound_trigger_update_device_status: device 0x2 of type 0 for Event 0
08-04 18:38:34.923  1732  1744 I art     : Starting a blocking GC Explicit
08-04 18:38:34.963  1732  1744 I art     : Explicit concurrent mark sweep GC freed 1436(83KB) AllocSpace objects, 1(20KB) LOS objects, 36% free, 27MB/43MB, paused 212us total 40.062ms
08-04 18:38:34.977  1732  1744 I art     : Starting a blocking GC Explicit
08-04 18:38:35.016  1732  1744 I art     : Explicit concurrent mark sweep GC freed 24(832B) AllocSpace objects, 0(0B) LOS objects, 36% free, 27MB/43MB, paused 233us total 38.710ms
08-04 18:38:35.030  1732  1744 I art     : Starting a blocking GC Explicit
08-04 18:38:35.072  1732  1744 I art     : Explicit concurrent mark sweep GC freed 3(96B) AllocSpace objects, 0(0B) LOS objects, 36% free, 27MB/43MB, paused 274us total 41.400ms
08-04 18:38:35.087  1732  1744 I art     : Starting a blocking GC Explicit
08-04 18:38:35.131  1732  1744 I art     : Explicit concurrent mark sweep GC freed 3(96B) AllocSpace objects, 0(0B) LOS objects, 36% free, 27MB/43MB, paused 240us total 43.154ms
08-04 18:38:35.147  1732  1744 I art     : Starting a blocking GC Explicit
08-04 18:38:35.188  1732  1744 I art     : Explicit concurrent mark sweep GC freed 3(96B) AllocSpace objects, 0(0B) LOS objects, 36% free, 27MB/43MB, paused 221us total 41.282ms
08-04 18:38:35.481  1732  1744 I art     : Starting a blocking GC Explicit
08-04 18:38:35.519   518   646 I ThermalEngine: ACTION: GPU - Setting GPU[0] to 450000000
08-04 18:38:35.540  1732  1744 I art     : Explicit concurrent mark sweep GC freed 1343(80KB) AllocSpace objects, 1(20KB) LOS objects, 36% free, 27MB/43MB, paused 321us total 58.921ms
08-04 18:38:35.559  1732  1744 I art     : Starting a blocking GC Explicit
08-04 18:38:35.613  1732  1744 I art     : Explicit concurrent mark sweep GC freed 66(2528B) AllocSpace objects, 0(0B) LOS objects, 36% free, 27MB/43MB, paused 346us total 53.137ms
08-04 18:38:35.637  1732  1744 I art     : Starting a blocking GC Explicit
08-04 18:38:35.688  1732  1744 I art     : Explicit concurrent mark sweep GC freed 3(96B) AllocSpace objects, 0(0B) LOS objects, 36% free, 27MB/43MB, paused 319us total 51.347ms
08-04 18:38:35.708  1732  1744 I art     : Starting a blocking GC Explicit
08-04 18:38:35.762  1732  1744 I art     : Explicit concurrent mark sweep GC freed 3(96B) AllocSpace objects, 0(0B) LOS objects, 36% free, 27MB/43MB, paused 313us total 53.502ms
08-04 18:38:35.781  1732  1744 I art     : Starting a blocking GC Explicit
08-04 18:38:35.836  1732  1744 I art     : Explicit concurrent mark sweep GC freed 3(96B) AllocSpace objects, 0(0B) LOS objects, 36% free, 27MB/43MB, paused 320us total 54.833ms
08-04 18:38:36.185  1732  1743 I art     : Starting a blocking GC Explicit
08-04 18:38:36.256  1732  1743 I art     : Explicit concurrent mark sweep GC freed 1343(80KB) AllocSpace objects, 1(20KB) LOS objects, 36% free, 27MB/43MB, paused 330us total 71.223ms
08-04 18:38:36.257  1732  1742 I art     : WaitForGcToComplete blocked for 16.722ms for cause HeapTrim
08-04 18:38:36.278  1732  1743 I art     : Starting a blocking GC Explicit
08-04 18:38:36.338  1732  1743 I art     : Explicit concurrent mark sweep GC freed 20(704B) AllocSpace objects, 0(0B) LOS objects, 36% free, 27MB/43MB, paused 305us total 60.128ms
08-04 18:38:36.359  1732  1743 I art     : Starting a blocking GC Explicit
08-04 18:38:36.416  1732  1743 I art     : Explicit concurrent mark sweep GC freed 3(96B) AllocSpace objects, 0(0B) LOS objects, 36% free, 27MB/43MB, paused 321us total 57.182ms
08-04 18:38:36.436  1732  1743 I art     : Starting a blocking GC Explicit
08-04 18:38:36.498  1732  1743 I art     : Explicit concurrent mark sweep GC freed 3(96B) AllocSpace objects, 0(0B) LOS objects, 36% free, 27MB/43MB, paused 342us total 61.544ms
08-04 18:38:36.521  1732  1743 I art     : Starting a blocking GC Explicit
08-04 18:38:36.581  1732  1743 I art     : Explicit concurrent mark sweep GC freed 3(96B) AllocSpace objects, 0(0B) LOS objects, 36% free, 27MB/43MB, paused 315us total 59.577ms
08-04 18:38:36.916  1732  1966 I art     : Starting a blocking GC Explicit
08-04 18:38:36.983  1732  1966 I art     : Explicit concurrent mark sweep GC freed 1343(80KB) AllocSpace objects, 1(20KB) LOS objects, 36% free, 27MB/43MB, paused 324us total 67.162ms
08-04 18:38:37.006  1732  1966 I art     : Starting a blocking GC Explicit
08-04 18:38:37.064  1732  1966 I art     : Explicit concurrent mark sweep GC freed 20(704B) AllocSpace objects, 0(0B) LOS objects, 36% free, 27MB/43MB, paused 316us total 58.228ms
08-04 18:38:37.084  1732  1966 I art     : Starting a blocking GC Explicit
08-04 18:38:37.147  1732  1966 I art     : Explicit concurrent mark sweep GC freed 3(96B) AllocSpace objects, 0(0B) LOS objects, 36% free, 27MB/43MB, paused 308us total 62.365ms
08-04 18:38:37.169  1732  1966 I art     : Starting a blocking GC Explicit
08-04 18:38:37.230  1732  1966 I art     : Explicit concurrent mark sweep GC freed 3(96B) AllocSpace objects, 0(0B) LOS objects, 36% free, 27MB/43MB, paused 313us total 60.320ms
08-04 18:38:37.250  1732  1966 I art     : Starting a blocking GC Explicit
08-04 18:38:37.310  1732  1966 I art     : Explicit concurrent mark sweep GC freed 3(96B) AllocSpace objects, 0(0B) LOS objects, 36% free, 27MB/43MB, paused 345us total 60.345ms
08-04 18:38:37.638  1732  2227 I art     : Starting a blocking GC Explicit
08-04 18:38:37.703  1732  2227 I art     : Explicit concurrent mark sweep GC freed 1343(80KB) AllocSpace objects, 1(20KB) LOS objects, 36% free, 27MB/43MB, paused 339us total 64.523ms
08-04 18:38:37.726  1732  2227 I art     : Starting a blocking GC Explicit
08-04 18:38:37.779  1732  2227 I art     : Explicit concurrent mark sweep GC freed 20(704B) AllocSpace objects, 0(0B) LOS objects, 36% free, 27MB/43MB, paused 327us total 52.302ms
08-04 18:38:37.799  1732  2227 I art     : Starting a blocking GC Explicit
08-04 18:38:37.861  1732  2227 I art     : Explicit concurrent mark sweep GC freed 3(96B) AllocSpace objects, 0(0B) LOS objects, 36% free, 27MB/43MB, paused 322us total 61.462ms
08-04 18:38:37.884  1732  2227 I art     : Starting a blocking GC Explicit
08-04 18:38:37.943  1732  2227 I art     : Explicit concurrent mark sweep GC freed 3(96B) AllocSpace objects, 0(0B) LOS objects, 36% free, 27MB/43MB, paused 319us total 59.545ms
08-04 18:38:37.963  1732  2227 I art     : Starting a blocking GC Explicit
08-04 18:38:38.022  1732  2227 I art     : Explicit concurrent mark sweep GC freed 3(96B) AllocSpace objects, 0(0B) LOS objects, 36% free, 27MB/43MB, paused 322us total 58.576ms
08-04 18:38:38.350  1732  1744 I art     : Starting a blocking GC Explicit
08-04 18:38:38.415  1732  1744 I art     : Explicit concurrent mark sweep GC freed 1343(80KB) AllocSpace objects, 1(20KB) LOS objects, 36% free, 27MB/43MB, paused 340us total 64.506ms
08-04 18:38:38.439  1732  1744 I art     : Starting a blocking GC Explicit
08-04 18:38:38.497  1732  1744 I art     : Explicit concurrent mark sweep GC freed 20(704B) AllocSpace objects, 0(0B) LOS objects, 36% free, 27MB/43MB, paused 314us total 57.571ms
08-04 18:38:38.517  1732  1744 I art     : Starting a blocking GC Explicit
08-04 18:38:38.568  1732  1744 I art     : Explicit concurrent mark sweep GC freed 3(96B) AllocSpace objects, 0(0B) LOS objects, 36% free, 27MB/43MB, paused 324us total 50.785ms
08-04 18:38:38.588  1732  1744 I art     : Starting a blocking GC Explicit
08-04 18:38:38.639  1732  1744 I art     : Explicit concurrent mark sweep GC freed 3(96B) AllocSpace objects, 0(0B) LOS objects, 36% free, 27MB/43MB, paused 305us total 50.741ms
08-04 18:38:38.658  1732  1744 I art     : Starting a blocking GC Explicit
08-04 18:38:38.712  1732  1744 I art     : Explicit concurrent mark sweep GC freed 3(96B) AllocSpace objects, 0(0B) LOS objects, 36% free, 27MB/43MB, paused 320us total 53.544ms
08-04 18:38:39.045  1732  1743 I art     : Starting a blocking GC Explicit
08-04 18:38:39.051  3107  3107 D AndroidRuntime: >>>>>> START com.android.internal.os.RuntimeInit uid 2000 <<<<<<
08-04 18:38:39.058  3107  3107 D AndroidRuntime: CheckJNI is OFF
08-04 18:38:39.105  1732  1743 I art     : Explicit concurrent mark sweep GC freed 1345(80KB) AllocSpace objects, 1(20KB) LOS objects, 36% free, 27MB/43MB, paused 325us total 59.393ms
08-04 18:38:39.105  3107  3107 D ICU     : No timezone override file found: /data/misc/zoneinfo/current/icu/icu_tzdata.dat
08-04 18:38:39.125  1732  1743 I art     : Starting a blocking GC Explicit
08-04 18:38:39.150  3107  3107 I Radio-JNI: register_android_hardware_Radio DONE
08-04 18:38:39.180  3107  3107 D AndroidRuntime: Calling main entry com.android.commands.input.Input
08-04 18:38:39.180  1732  1743 I art     : Explicit concurrent mark sweep GC freed 20(704B) AllocSpace objects, 0(0B) LOS objects, 36% free, 27MB/43MB, paused 327us total 54.473ms
08-04 18:38:39.182  3107  3107 I Input   : injectKeyEvent: KeyEvent { action=ACTION_DOWN, keyCode=KEYCODE_BACK, scanCode=0, metaState=0, flags=0x0, repeatCount=0, eventTime=729535595, downTime=729535595, deviceId=-1, source=0x101 }
08-04 18:38:39.189  3107  3107 I Input   : injectKeyEvent: KeyEvent { action=ACTION_UP, keyCode=KEYCODE_BACK, scanCode=0, metaState=0, flags=0x0, repeatCount=0, eventTime=729535595, downTime=729535595, deviceId=-1, source=0x101 }
08-04 18:38:39.198  3107  3107 D AndroidRuntime: Shutting down VM
08-04 18:38:39.199  1732  1743 I art     : Starting a blocking GC Explicit
08-04 18:38:39.237 13866 13866 I GoogleInputMethodServic: GoogleInputMethodService.onFinishInput():3138 
08-04 18:38:39.238 13866 13866 I GoogleInputMethodServic: GoogleInputMethodService.onStartInput():1808 
08-04 18:38:39.247  1732  1743 I art     : Explicit concurrent mark sweep GC freed 148(5KB) AllocSpace objects, 0(0B) LOS objects, 36% free, 27MB/43MB, paused 700us total 47.505ms
08-04 18:38:39.266  1732  1743 I art     : Starting a blocking GC Explicit
08-04 18:38:39.285  1732  3039 I RedditChangeDataIO: Writing tmp data file at '/data/user/0/baseline.org.quantumbadger.redreader/files/rr_change_data_tmp.dat'
08-04 18:38:39.285  1732  3039 I RedditChangeDataManager: Taking snapshot...
08-04 18:38:39.285  1732  3039 I RedditChangeDataManager: Writing to stream...
08-04 18:38:39.286  1732  3039 I RedditChangeDataManager: Wrote 3 entries for user ''
08-04 18:38:39.286  1732  3039 I RedditChangeDataManager: All entries written to stream.
08-04 18:38:39.286  1732  3039 I RedditChangeDataIO: Write successful. Atomically replacing data file...
08-04 18:38:39.286  1732  3039 I RedditChangeDataIO: Write complete.
08-04 18:38:39.287  1732  3039 I RedditChangeDataIO: 86 bytes written in 2 ms
08-04 18:38:39.311  1732  1743 I art     : Explicit concurrent mark sweep GC freed 172(7KB) AllocSpace objects, 1(68KB) LOS objects, 36% free, 27MB/43MB, paused 303us total 44.701ms
08-04 18:38:39.329  1732  1743 I art     : Starting a blocking GC Explicit
08-04 18:38:39.374  1732  1743 I art     : Explicit concurrent mark sweep GC freed 18(800B) AllocSpace objects, 0(0B) LOS objects, 36% free, 27MB/43MB, paused 283us total 44.375ms
08-04 18:38:39.542   380   380 W SurfaceFlinger: couldn't log to binary event log: overflow.
08-04 18:38:39.665  1732  1744 I art     : Starting a blocking GC Explicit
08-04 18:38:39.727  1732  1744 I art     : Explicit concurrent mark sweep GC freed 1395(82KB) AllocSpace objects, 1(20KB) LOS objects, 36% free, 27MB/43MB, paused 358us total 61.508ms
08-04 18:38:39.750  1732  1744 I art     : Starting a blocking GC Explicit
08-04 18:38:39.793  1732  1744 I art     : Explicit concurrent mark sweep GC freed 46779(2MB) AllocSpace objects, 5(140KB) LOS objects, 39% free, 24MB/40MB, paused 329us total 42.004ms
08-04 18:38:39.810  1732  1744 I art     : Starting a blocking GC Explicit
08-04 18:38:39.847  1732  1744 I art     : Explicit concurrent mark sweep GC freed 3(96B) AllocSpace objects, 0(0B) LOS objects, 39% free, 24MB/40MB, paused 315us total 36.594ms
08-04 18:38:39.864  1732  1744 I art     : Starting a blocking GC Explicit
08-04 18:38:39.876   918 13197 D NetworkMonitor/NetworkAgentInfo [WIFI () - 158]: Checking http://connectivitycheck.gstatic.com/generate_204 on "H369AA63323", 192.168.2.12=192.168.2.12
08-04 18:38:39.901  1732  1744 I art     : Explicit concurrent mark sweep GC freed 3(96B) AllocSpace objects, 0(0B) LOS objects, 39% free, 24MB/40MB, paused 315us total 36.517ms
08-04 18:38:39.918  1732  1744 I art     : Starting a blocking GC Explicit
08-04 18:38:39.948   918 13197 D NetworkMonitor/NetworkAgentInfo [WIFI () - 158]: Probably not a portal: exception java.io.IOException: unexpected end of stream on Connection{connectivitycheck.gstatic.com:80, proxy=HTTP@/192.168.2.12:8080 hostAddress=192.168.2.12 cipherSuite=none protocol=http/1.1} (recycle count=0)
08-04 18:38:39.949   918  3263 D ConnectivityService: NetworkAgentInfo [WIFI () - 158] validation failed
08-04 18:38:39.950   918  3261 E WifiConfigStore:  rewrite network history for "H369AA63323"WPA_PSK
08-04 18:38:39.955  1732  1744 I art     : Explicit concurrent mark sweep GC freed 3(96B) AllocSpace objects, 0(0B) LOS objects, 39% free, 24MB/40MB, paused 296us total 36.792ms
08-04 18:38:40.249  1732  1966 I art     : Starting a blocking GC Explicit
08-04 18:38:40.294  1732  1966 I art     : Explicit concurrent mark sweep GC freed 1343(80KB) AllocSpace objects, 1(20KB) LOS objects, 39% free, 24MB/40MB, paused 337us total 44.906ms
08-04 18:38:40.316  1732  1966 I art     : Starting a blocking GC Explicit
08-04 18:38:40.352  1732  1966 I art     : Explicit concurrent mark sweep GC freed 20(704B) AllocSpace objects, 0(0B) LOS objects, 39% free, 24MB/40MB, paused 308us total 36.312ms
08-04 18:38:40.370  1732  1966 I art     : Starting a blocking GC Explicit
08-04 18:38:40.407  1732  1966 I art     : Explicit concurrent mark sweep GC freed 3(96B) AllocSpace objects, 0(0B) LOS objects, 39% free, 24MB/40MB, paused 328us total 37.521ms
08-04 18:38:40.425  1732  1966 I art     : Starting a blocking GC Explicit
08-04 18:38:40.460  1732  1966 I art     : Explicit concurrent mark sweep GC freed 3(96B) AllocSpace objects, 0(0B) LOS objects, 39% free, 24MB/40MB, paused 316us total 35.622ms
08-04 18:38:40.477  1732  1966 I art     : Starting a blocking GC Explicit
08-04 18:38:40.513  1732  1966 I art     : Explicit concurrent mark sweep GC freed 3(96B) AllocSpace objects, 0(0B) LOS objects, 39% free, 24MB/40MB, paused 304us total 34.892ms
08-04 18:38:40.806  1732  1743 I art     : Starting a blocking GC Explicit
08-04 18:38:40.845  1732  1743 I art     : Explicit concurrent mark sweep GC freed 1343(80KB) AllocSpace objects, 1(20KB) LOS objects, 39% free, 24MB/40MB, paused 326us total 39.053ms
08-04 18:38:40.862  1732  1743 I art     : Starting a blocking GC Explicit
08-04 18:38:40.901  1732  1743 I art     : Explicit concurrent mark sweep GC freed 20(704B) AllocSpace objects, 0(0B) LOS objects, 39% free, 24MB/40MB, paused 313us total 38.126ms
08-04 18:38:40.918  1732  1743 I art     : Starting a blocking GC Explicit
08-04 18:38:40.958  1732  1743 I art     : Explicit concurrent mark sweep GC freed 3(96B) AllocSpace objects, 0(0B) LOS objects, 39% free, 24MB/40MB, paused 322us total 39.238ms
08-04 18:38:40.975  1732  1743 I art     : Starting a blocking GC Explicit
08-04 18:38:40.982  3151  3151 D AndroidRuntime: >>>>>> START com.android.internal.os.RuntimeInit uid 2000 <<<<<<
08-04 18:38:40.989  3151  3151 D AndroidRuntime: CheckJNI is OFF
08-04 18:38:41.013  1732  1743 I art     : Explicit concurrent mark sweep GC freed 3(96B) AllocSpace objects, 0(0B) LOS objects, 39% free, 24MB/40MB, paused 301us total 37.301ms
08-04 18:38:41.029  1732  1743 I art     : Starting a blocking GC Explicit
08-04 18:38:41.035  3151  3151 D ICU     : No timezone override file found: /data/misc/zoneinfo/current/icu/icu_tzdata.dat
08-04 18:38:41.068  1732  1743 I art     : Explicit concurrent mark sweep GC freed 3(96B) AllocSpace objects, 0(0B) LOS objects, 39% free, 24MB/40MB, paused 346us total 37.910ms
08-04 18:38:41.081  3151  3151 I Radio-JNI: register_android_hardware_Radio DONE
08-04 18:38:41.112  3151  3151 D AndroidRuntime: Calling main entry com.android.commands.input.Input
08-04 18:38:41.113  3151  3151 I Input   : injectKeyEvent: KeyEvent { action=ACTION_DOWN, keyCode=KEYCODE_BACK, scanCode=0, metaState=0, flags=0x0, repeatCount=0, eventTime=729537526, downTime=729537526, deviceId=-1, source=0x101 }
08-04 18:38:41.119  3151  3151 I Input   : injectKeyEvent: KeyEvent { action=ACTION_UP, keyCode=KEYCODE_BACK, scanCode=0, metaState=0, flags=0x0, repeatCount=0, eventTime=729537526, downTime=729537526, deviceId=-1, source=0x101 }
08-04 18:38:41.126  3151  3151 D AndroidRuntime: Shutting down VM
08-04 18:38:41.168 13866 13866 I GoogleInputMethodServic: GoogleInputMethodService.onFinishInput():3138 
08-04 18:38:41.169 13866 13866 I GoogleInputMethodServic: GoogleInputMethodService.onStartInput():1808 
08-04 18:38:41.342  1732  1743 I art     : Starting a blocking GC Explicit
08-04 18:38:41.389  1732  1743 I art     : Explicit concurrent mark sweep GC freed 1522(86KB) AllocSpace objects, 1(20KB) LOS objects, 39% free, 24MB/40MB, paused 409us total 46.120ms
08-04 18:38:41.407  1732  1743 I art     : Starting a blocking GC Explicit
08-04 18:38:41.451  1732  1743 I art     : Explicit concurrent mark sweep GC freed 24(864B) AllocSpace objects, 0(0B) LOS objects, 39% free, 24MB/40MB, paused 348us total 43.959ms
08-04 18:38:41.470  1732  1743 I art     : Starting a blocking GC Explicit
08-04 18:38:41.505  1732  1743 I art     : Explicit concurrent mark sweep GC freed 63(2320B) AllocSpace objects, 0(0B) LOS objects, 39% free, 24MB/40MB, paused 297us total 35.357ms
08-04 18:38:41.522  1732  1743 I art     : Starting a blocking GC Explicit
08-04 18:38:41.557  1732  1743 I art     : Explicit concurrent mark sweep GC freed 8(336B) AllocSpace objects, 0(0B) LOS objects, 39% free, 24MB/40MB, paused 304us total 34.233ms
08-04 18:38:41.574  1732  1743 I art     : Starting a blocking GC Explicit
08-04 18:38:41.612  1732  1743 I art     : Explicit concurrent mark sweep GC freed 129(6KB) AllocSpace objects, 0(0B) LOS objects, 39% free, 24MB/40MB, paused 325us total 37.948ms
08-04 18:38:41.922  1732  1744 I art     : Starting a blocking GC Explicit
08-04 18:38:41.969  1732  1744 I art     : Explicit concurrent mark sweep GC freed 1343(80KB) AllocSpace objects, 1(20KB) LOS objects, 39% free, 24MB/40MB, paused 401us total 46.195ms
08-04 18:38:41.987  1732  1744 I art     : Starting a blocking GC Explicit
08-04 18:38:42.025  1732  1744 I art     : Explicit concurrent mark sweep GC freed 20(704B) AllocSpace objects, 0(0B) LOS objects, 39% free, 24MB/40MB, paused 337us total 37.721ms
08-04 18:38:42.043  1732  1744 I art     : Starting a blocking GC Explicit
08-04 18:38:42.081  1732  1744 I art     : Explicit concurrent mark sweep GC freed 3(96B) AllocSpace objects, 0(0B) LOS objects, 39% free, 24MB/40MB, paused 336us total 37.684ms
08-04 18:38:42.098  1732  1744 I art     : Starting a blocking GC Explicit
08-04 18:38:42.136  1732  1744 I art     : Explicit concurrent mark sweep GC freed 3(96B) AllocSpace objects, 0(0B) LOS objects, 39% free, 24MB/40MB, paused 302us total 37.411ms
08-04 18:38:42.153  1732  1744 I art     : Starting a blocking GC Explicit
08-04 18:38:42.168 29955 29955 I ServiceManager: Waiting for service AtCmdFwd...
08-04 18:38:42.191  1732  1744 I art     : Explicit concurrent mark sweep GC freed 3(96B) AllocSpace objects, 0(0B) LOS objects, 39% free, 24MB/40MB, paused 338us total 37.891ms
08-04 18:38:42.484  1732  1966 I art     : Starting a blocking GC Explicit
08-04 18:38:42.522  1732  1966 I art     : Explicit concurrent mark sweep GC freed 1343(80KB) AllocSpace objects, 1(20KB) LOS objects, 39% free, 24MB/40MB, paused 333us total 37.166ms
08-04 18:38:42.539  1732  1966 I art     : Starting a blocking GC Explicit
08-04 18:38:42.575  1732  1966 I art     : Explicit concurrent mark sweep GC freed 20(704B) AllocSpace objects, 0(0B) LOS objects, 39% free, 24MB/40MB, paused 320us total 35.823ms
08-04 18:38:42.592  1732  1966 I art     : Starting a blocking GC Explicit
08-04 18:38:42.629  1732  1966 I art     : Explicit concurrent mark sweep GC freed 3(96B) AllocSpace objects, 0(0B) LOS objects, 39% free, 24MB/40MB, paused 324us total 36.006ms
08-04 18:38:42.645  1732  1966 I art     : Starting a blocking GC Explicit
08-04 18:38:42.682  1732  1966 I art     : Explicit concurrent mark sweep GC freed 3(96B) AllocSpace objects, 0(0B) LOS objects, 39% free, 24MB/40MB, paused 322us total 36.613ms
08-04 18:38:42.700  1732  1966 I art     : Starting a blocking GC Explicit
08-04 18:38:42.736  1732  1966 I art     : Explicit concurrent mark sweep GC freed 3(96B) AllocSpace objects, 0(0B) LOS objects, 39% free, 24MB/40MB, paused 330us total 35.752ms
08-04 18:38:42.932  3201  3201 D AndroidRuntime: >>>>>> START com.android.internal.os.RuntimeInit uid 2000 <<<<<<
08-04 18:38:42.938  3201  3201 D AndroidRuntime: CheckJNI is OFF
08-04 18:38:42.979  3201  3201 D ICU     : No timezone override file found: /data/misc/zoneinfo/current/icu/icu_tzdata.dat
08-04 18:38:43.021  3201  3201 I Radio-JNI: register_android_hardware_Radio DONE
08-04 18:38:43.051  3201  3201 D AndroidRuntime: Calling main entry com.android.commands.input.Input
08-04 18:38:43.053  1732  2227 I art     : Starting a blocking GC Explicit
08-04 18:38:43.053  3201  3201 I Input   : injectMotionEvent: MotionEvent { action=ACTION_DOWN, actionButton=0, id[0]=0, x[0]=600.0, y[0]=1536.0, toolType[0]=TOOL_TYPE_UNKNOWN, buttonState=0, metaState=0, flags=0x0, edgeFlags=0x0, pointerCount=1, historySize=0, eventTime=729539466, downTime=729539466, deviceId=0, source=0x1002 }
08-04 18:38:43.058  3201  3201 I Input   : injectMotionEvent: MotionEvent { action=ACTION_UP, actionButton=0, id[0]=0, x[0]=600.0, y[0]=1536.0, toolType[0]=TOOL_TYPE_UNKNOWN, buttonState=0, metaState=0, flags=0x0, edgeFlags=0x0, pointerCount=1, historySize=0, eventTime=729539466, downTime=729539466, deviceId=0, source=0x1002 }
08-04 18:38:43.060  3201  3201 D AndroidRuntime: Shutting down VM
08-04 18:38:43.066   512  2967 D audio_hw_primary: out_set_parameters: enter: usecase(1: low-latency-playback) kvpairs: routing=2
08-04 18:38:43.068   918  3359 I ActivityManager: START u0 {dat=https://oauth.reddit.com/... cmp=baseline.org.quantumbadger.redreader/.activities.PostListingActivity} from uid 10666 on display 0
08-04 18:38:43.079   512  2967 D audio_hw_primary: select_devices: out_snd_device(2: speaker) in_snd_device(0: none)
08-04 18:38:43.079   512  2967 D msm8974_platform: platform_send_audio_calibration: sending audio calibration for snd_device(2) acdb_id(15)
08-04 18:38:43.079   512  2967 I soundtrigger: audio_extn_sound_trigger_update_device_status: device 0x2 of type 0 for Event 1
08-04 18:38:43.089   512  2967 D audio_hw_primary: enable_snd_device: snd_device(2: speaker)
08-04 18:38:43.090  1732  1732 I AppCompatViewInflater: app:theme is now deprecated. Please move to using android:theme instead.
08-04 18:38:43.091   512  2967 D audio_hw_primary: enable_audio_route: apply and update mixer path: low-latency-playback speaker
08-04 18:38:43.094  1732  2227 I art     : Explicit concurrent mark sweep GC freed 1684(96KB) AllocSpace objects, 1(20KB) LOS objects, 39% free, 24MB/40MB, paused 574us total 41.605ms
08-04 18:38:43.112  1732  2227 I art     : Starting a blocking GC Explicit
08-04 18:38:43.119  1732  3235 D OK      : calling: https://oauth.reddit.com/r/askscience/about.json
08-04 18:38:43.148  1732  2227 I art     : Explicit concurrent mark sweep GC freed 624(63KB) AllocSpace objects, 0(0B) LOS objects, 39% free, 24MB/40MB, paused 918us total 35.656ms
08-04 18:38:43.165  1732  2227 I art     : Starting a blocking GC Explicit
08-04 18:38:43.169 29955 29955 I ServiceManager: Waiting for service AtCmdFwd...
08-04 18:38:43.176   918   936 I ActivityManager: Displayed baseline.org.quantumbadger.redreader/.activities.PostListingActivity: +100ms
08-04 18:38:43.179 13866 13866 I GoogleInputMethodServic: GoogleInputMethodService.onFinishInput():3138 
08-04 18:38:43.180 13866 13866 I GoogleInputMethodServic: GoogleInputMethodService.onStartInput():1808 
08-04 18:38:43.204  1732  2227 I art     : Explicit concurrent mark sweep GC freed 914(36KB) AllocSpace objects, 0(0B) LOS objects, 39% free, 25MB/41MB, paused 466us total 38.934ms
08-04 18:38:43.222  1732  2227 I art     : Starting a blocking GC Explicit
08-04 18:38:43.256  1732  2227 I art     : Explicit concurrent mark sweep GC freed 248(15KB) AllocSpace objects, 0(0B) LOS objects, 39% free, 24MB/40MB, paused 354us total 33.683ms
08-04 18:38:43.272  1732  2227 I art     : Starting a blocking GC Explicit
08-04 18:38:43.313  1732  2227 I art     : Explicit concurrent mark sweep GC freed 1926(75KB) AllocSpace objects, 0(0B) LOS objects, 38% free, 25MB/41MB, paused 664us total 40.023ms
08-04 18:38:43.449   380   380 W SurfaceFlinger: couldn't log to binary event log: overflow.
08-04 18:38:43.455  1732  3235 I NAPPA_EXPERIMENTATION: MetricNetworkRequestExecutionTime: REQUEST_DURATION_SYSTEM='336',REQUEST_DURATION_OKHTTP='146',REQUEST_SYNCHRONOUS='TRUE',RESPONSE_CODE='200',RESPONSE_METHOD='GET',RESPONSE_LENGTH_OKHTTP='-1',RESPONSE_LENGTH_HEADER='4700',REQUEST_PROTOCOL='h2',REQUEST_URL='https://oauth.reddit.com/r/askscience/about.json',
08-04 18:38:43.455  1732  3235 D OK      : request got status: 200
08-04 18:38:43.592  1732  1744 I art     : Starting a blocking GC Explicit
08-04 18:38:43.629   512  2967 D audio_hw_primary: disable_audio_route: reset and update mixer path: low-latency-playback speaker
08-04 18:38:43.631   512  2967 D audio_hw_primary: disable_snd_device: snd_device(2: speaker)
08-04 18:38:43.632  1732  1744 I art     : Explicit concurrent mark sweep GC freed 3164(277KB) AllocSpace objects, 4(176KB) LOS objects, 38% free, 25MB/41MB, paused 382us total 39.739ms
08-04 18:38:43.639   512  2967 I soundtrigger: audio_extn_sound_trigger_update_device_status: device 0x2 of type 0 for Event 0
08-04 18:38:43.650  1732  1744 I art     : Starting a blocking GC Explicit
08-04 18:38:43.688  1732  1744 I art     : Explicit concurrent mark sweep GC freed 201(10KB) AllocSpace objects, 0(0B) LOS objects, 38% free, 25MB/41MB, paused 384us total 37.718ms
08-04 18:38:43.704  1732  1744 I art     : Starting a blocking GC Explicit
08-04 18:38:43.742  1732  1744 I art     : Explicit concurrent mark sweep GC freed 3(96B) AllocSpace objects, 0(0B) LOS objects, 38% free, 25MB/41MB, paused 362us total 37.265ms
08-04 18:38:43.759  1732  1744 I art     : Starting a blocking GC Explicit
08-04 18:38:43.799  1732  1744 I art     : Explicit concurrent mark sweep GC freed 16(640B) AllocSpace objects, 0(0B) LOS objects, 38% free, 25MB/41MB, paused 405us total 38.858ms
08-04 18:38:43.816  1732  1744 I art     : Starting a blocking GC Explicit
08-04 18:38:43.856  1732  1744 I art     : Explicit concurrent mark sweep GC freed 25(1024B) AllocSpace objects, 0(0B) LOS objects, 38% free, 25MB/41MB, paused 401us total 40.166ms
08-04 18:38:44.164  1732  1744 I art     : Starting a blocking GC Explicit
08-04 18:38:44.169 29955 29955 I ServiceManager: Waiting for service AtCmdFwd...
08-04 18:38:44.203  1732  1744 I art     : Explicit concurrent mark sweep GC freed 1367(81KB) AllocSpace objects, 1(20KB) LOS objects, 38% free, 25MB/41MB, paused 373us total 38.867ms
08-04 18:38:44.222  1732  1744 I art     : Starting a blocking GC Explicit
08-04 18:38:44.258  1732  1744 I art     : Explicit concurrent mark sweep GC freed 20(704B) AllocSpace objects, 0(0B) LOS objects, 38% free, 25MB/41MB, paused 372us total 36.296ms
08-04 18:38:44.275  1732  1744 I art     : Starting a blocking GC Explicit
08-04 18:38:44.312  1732  1744 I art     : Explicit concurrent mark sweep GC freed 3(96B) AllocSpace objects, 0(0B) LOS objects, 38% free, 25MB/41MB, paused 360us total 36.702ms
08-04 18:38:44.319  1732  3285 D OK      : calling: https://oauth.reddit.com/r/askscience/hot/.json
08-04 18:38:44.329  1732  1744 I art     : Starting a blocking GC Explicit
08-04 18:38:44.366  1732  1744 I art     : Explicit concurrent mark sweep GC freed 105(4KB) AllocSpace objects, 0(0B) LOS objects, 38% free, 25MB/41MB, paused 398us total 36.883ms
08-04 18:38:44.383  1732  1744 I art     : Starting a blocking GC Explicit
08-04 18:38:44.421  1732  1744 I art     : Explicit concurrent mark sweep GC freed 9(352B) AllocSpace objects, 0(0B) LOS objects, 38% free, 25MB/41MB, paused 424us total 37.410ms
08-04 18:38:44.562  1732  3285 I NAPPA_EXPERIMENTATION: MetricNetworkRequestExecutionTime: REQUEST_DURATION_SYSTEM='243',REQUEST_DURATION_OKHTTP='239',REQUEST_SYNCHRONOUS='TRUE',RESPONSE_CODE='200',RESPONSE_METHOD='GET',RESPONSE_LENGTH_OKHTTP='-1',RESPONSE_LENGTH_HEADER='21282',REQUEST_PROTOCOL='h2',REQUEST_URL='https://oauth.reddit.com/r/askscience/hot/.json',
08-04 18:38:44.562  1732  3285 D OK      : request got status: 200
08-04 18:38:44.579  1732  2333 I PostListingFragment: Precaching images: OFF
08-04 18:38:44.579  1732  2333 I PostListingFragment: Precaching comments: OFF
08-04 18:38:44.699  1732  1743 I art     : Starting a blocking GC Explicit
08-04 18:38:44.745  1732  1743 I art     : Explicit concurrent mark sweep GC freed 8969(562KB) AllocSpace objects, 3(156KB) LOS objects, 38% free, 25MB/41MB, paused 486us total 44.965ms
08-04 18:38:44.763  1732  1743 I art     : Starting a blocking GC Explicit
08-04 18:38:44.805  1732  1743 I art     : Explicit concurrent mark sweep GC freed 4065(151KB) AllocSpace objects, 0(0B) LOS objects, 38% free, 25MB/41MB, paused 501us total 42.319ms
08-04 18:38:44.823  1732  1743 I art     : Starting a blocking GC Explicit
08-04 18:38:44.868  1732  1743 I art     : Explicit concurrent mark sweep GC freed 2944(110KB) AllocSpace objects, 0(0B) LOS objects, 38% free, 25MB/41MB, paused 528us total 44.512ms
08-04 18:38:44.885  1732  1743 I art     : Starting a blocking GC Explicit
08-04 18:38:44.930  1732  1743 I art     : Explicit concurrent mark sweep GC freed 3388(124KB) AllocSpace objects, 0(0B) LOS objects, 38% free, 25MB/41MB, paused 585us total 44.138ms
08-04 18:38:44.948  1732  1743 I art     : Starting a blocking GC Explicit
08-04 18:38:44.991  1732  1743 I art     : Explicit concurrent mark sweep GC freed 3112(115KB) AllocSpace objects, 0(0B) LOS objects, 38% free, 25MB/41MB, paused 438us total 43.575ms
08-04 18:38:45.169 29955 29955 I ServiceManager: Waiting for service AtCmdFwd...
08-04 18:38:45.314  1732  1966 I art     : Starting a blocking GC Explicit
08-04 18:38:45.363  1732  1966 I art     : Explicit concurrent mark sweep GC freed 14432(693KB) AllocSpace objects, 1(20KB) LOS objects, 38% free, 25MB/41MB, paused 373us total 49.110ms
08-04 18:38:45.381  1732  1966 I art     : Starting a blocking GC Explicit
08-04 18:38:45.421  1732  1966 I art     : Explicit concurrent mark sweep GC freed 159(8KB) AllocSpace objects, 0(0B) LOS objects, 38% free, 25MB/41MB, paused 326us total 40.217ms
08-04 18:38:45.439  1732  1966 I art     : Starting a blocking GC Explicit
08-04 18:38:45.482  1732  1966 I art     : Explicit concurrent mark sweep GC freed 157(6KB) AllocSpace objects, 0(0B) LOS objects, 38% free, 25MB/41MB, paused 367us total 43.155ms
08-04 18:38:45.500  1732  1966 I art     : Starting a blocking GC Explicit
08-04 18:38:45.543  1732  1966 I art     : Explicit concurrent mark sweep GC freed 3(96B) AllocSpace objects, 0(0B) LOS objects, 38% free, 25MB/41MB, paused 339us total 42.032ms
08-04 18:38:45.560  1732  1966 I art     : Starting a blocking GC Explicit
08-04 18:38:45.606  1732  1966 I art     : Explicit concurrent mark sweep GC freed 3(96B) AllocSpace objects, 0(0B) LOS objects, 38% free, 25MB/41MB, paused 374us total 45.354ms
08-04 18:38:45.944  1732  1743 I art     : Starting a blocking GC Explicit
08-04 18:38:45.998  1732  1743 I art     : Explicit concurrent mark sweep GC freed 1347(80KB) AllocSpace objects, 1(20KB) LOS objects, 38% free, 25MB/41MB, paused 492us total 53.250ms
08-04 18:38:46.019  1732  1743 I art     : Starting a blocking GC Explicit
08-04 18:38:46.041   918  3261 D WifiStateMachine: starting scan for "H369AA63323"WPA_PSK with 2412,5180
08-04 18:38:46.063  1732  1743 I art     : Explicit concurrent mark sweep GC freed 20(704B) AllocSpace objects, 0(0B) LOS objects, 38% free, 25MB/41MB, paused 343us total 43.615ms
08-04 18:38:46.081  1732  1743 I art     : Starting a blocking GC Explicit
08-04 18:38:46.124  1732  1743 I art     : Explicit concurrent mark sweep GC freed 3(96B) AllocSpace objects, 0(0B) LOS objects, 38% free, 25MB/41MB, paused 350us total 42.360ms
08-04 18:38:46.142  1732  1743 I art     : Starting a blocking GC Explicit
08-04 18:38:46.171 29955 29955 I ServiceManager: Waiting for service AtCmdFwd...
08-04 18:38:46.186  1732  1743 I art     : Explicit concurrent mark sweep GC freed 3(96B) AllocSpace objects, 0(0B) LOS objects, 38% free, 25MB/41MB, paused 367us total 43.378ms
08-04 18:38:46.204  1732  1743 I art     : Starting a blocking GC Explicit
08-04 18:38:46.248  1732  1743 I art     : Explicit concurrent mark sweep GC freed 3(96B) AllocSpace objects, 0(0B) LOS objects, 38% free, 25MB/41MB, paused 385us total 44.368ms
08-04 18:38:46.602  1732  1744 I art     : Starting a blocking GC Explicit
08-04 18:38:46.663  1732  1744 I art     : Explicit concurrent mark sweep GC freed 1344(80KB) AllocSpace objects, 1(20KB) LOS objects, 38% free, 25MB/41MB, paused 413us total 59.579ms
08-04 18:38:46.685  1732  1744 I art     : Starting a blocking GC Explicit
08-04 18:38:46.729  1732  1744 I art     : Explicit concurrent mark sweep GC freed 20(704B) AllocSpace objects, 0(0B) LOS objects, 38% free, 25MB/41MB, paused 337us total 43.889ms
08-04 18:38:46.747  1732  1744 I art     : Starting a blocking GC Explicit
08-04 18:38:46.792  1732  1744 I art     : Explicit concurrent mark sweep GC freed 3(96B) AllocSpace objects, 0(0B) LOS objects, 38% free, 25MB/41MB, paused 371us total 44.866ms
08-04 18:38:46.814  1732  1744 I art     : Starting a blocking GC Explicit
08-04 18:38:46.858  1732  1744 I art     : Explicit concurrent mark sweep GC freed 3(96B) AllocSpace objects, 0(0B) LOS objects, 38% free, 25MB/41MB, paused 396us total 43.587ms
08-04 18:38:46.879  1732  1744 I art     : Starting a blocking GC Explicit
08-04 18:38:46.924  1732  1744 I art     : Explicit concurrent mark sweep GC freed 3(96B) AllocSpace objects, 0(0B) LOS objects, 38% free, 25MB/41MB, paused 341us total 44.998ms
08-04 18:38:47.171 29955 29955 W Atfwd_Sendcmd: AtCmdFwd service not published, waiting... retryCnt : 5
08-04 18:38:47.253  1732  2227 I art     : Starting a blocking GC Explicit
08-04 18:38:47.303  1732  2227 I art     : Explicit concurrent mark sweep GC freed 1344(80KB) AllocSpace objects, 1(20KB) LOS objects, 38% free, 25MB/41MB, paused 381us total 50.303ms
08-04 18:38:47.323  1732  2227 I art     : Starting a blocking GC Explicit
08-04 18:38:47.366  1732  2227 I art     : Explicit concurrent mark sweep GC freed 20(704B) AllocSpace objects, 0(0B) LOS objects, 38% free, 25MB/41MB, paused 381us total 42.925ms
08-04 18:38:47.384  1732  2227 I art     : Starting a blocking GC Explicit
08-04 18:38:47.428  1732  2227 I art     : Explicit concurrent mark sweep GC freed 3(96B) AllocSpace objects, 0(0B) LOS objects, 38% free, 25MB/41MB, paused 338us total 43.970ms
08-04 18:38:47.446  1732  2227 I art     : Starting a blocking GC Explicit
08-04 18:38:47.492  1732  2227 I art     : Explicit concurrent mark sweep GC freed 3(96B) AllocSpace objects, 0(0B) LOS objects, 38% free, 25MB/41MB, paused 380us total 45.272ms
08-04 18:38:47.510  1732  2227 I art     : Starting a blocking GC Explicit
08-04 18:38:47.554  1732  2227 I art     : Explicit concurrent mark sweep GC freed 3(96B) AllocSpace objects, 0(0B) LOS objects, 38% free, 25MB/41MB, paused 361us total 43.744ms
08-04 18:38:47.905  1732  1966 I art     : Starting a blocking GC Explicit
08-04 18:38:47.956  1732  1966 I art     : Explicit concurrent mark sweep GC freed 1343(80KB) AllocSpace objects, 1(20KB) LOS objects, 38% free, 25MB/41MB, paused 406us total 50.900ms
08-04 18:38:47.977  1732  1966 I art     : Starting a blocking GC Explicit
08-04 18:38:48.023  1732  1966 I art     : Explicit concurrent mark sweep GC freed 20(704B) AllocSpace objects, 0(0B) LOS objects, 38% free, 25MB/41MB, paused 376us total 44.948ms
08-04 18:38:48.041  1732  1966 I art     : Starting a blocking GC Explicit
08-04 18:38:48.086  1732  1966 I art     : Explicit concurrent mark sweep GC freed 3(96B) AllocSpace objects, 0(0B) LOS objects, 38% free, 25MB/41MB, paused 372us total 45.332ms
08-04 18:38:48.107  1732  1966 I art     : Starting a blocking GC Explicit
08-04 18:38:48.151  1732  1966 I art     : Explicit concurrent mark sweep GC freed 3(96B) AllocSpace objects, 0(0B) LOS objects, 38% free, 25MB/41MB, paused 362us total 42.797ms
08-04 18:38:48.168  1732  1966 I art     : Starting a blocking GC Explicit
08-04 18:38:48.214  1732  1966 I art     : Explicit concurrent mark sweep GC freed 3(96B) AllocSpace objects, 0(0B) LOS objects, 38% free, 25MB/41MB, paused 399us total 45.691ms
08-04 18:38:48.516  1732  1743 I art     : Starting a blocking GC Explicit
08-04 18:38:48.564  1732  1743 I art     : Explicit concurrent mark sweep GC freed 1347(80KB) AllocSpace objects, 1(20KB) LOS objects, 38% free, 25MB/41MB, paused 421us total 48.471ms
08-04 18:38:48.584  1732  1743 I art     : Starting a blocking GC Explicit
08-04 18:38:48.625  1732  1743 I art     : Explicit concurrent mark sweep GC freed 20(704B) AllocSpace objects, 0(0B) LOS objects, 38% free, 25MB/41MB, paused 363us total 40.481ms
08-04 18:38:48.643  1732  1743 I art     : Starting a blocking GC Explicit
08-04 18:38:48.687  1732  1743 I art     : Explicit concurrent mark sweep GC freed 3(96B) AllocSpace objects, 0(0B) LOS objects, 38% free, 25MB/41MB, paused 373us total 43.076ms
08-04 18:38:48.704  1732  1743 I art     : Starting a blocking GC Explicit
08-04 18:38:48.747  1732  1743 I art     : Explicit concurrent mark sweep GC freed 3(96B) AllocSpace objects, 0(0B) LOS objects, 38% free, 25MB/41MB, paused 345us total 41.995ms
08-04 18:38:48.764  1732  1743 I art     : Starting a blocking GC Explicit
08-04 18:38:48.807  1732  1743 I art     : Explicit concurrent mark sweep GC freed 3(96B) AllocSpace objects, 0(0B) LOS objects, 38% free, 25MB/41MB, paused 379us total 42.201ms
08-04 18:38:48.869  3364  3364 D AndroidRuntime: >>>>>> START com.android.internal.os.RuntimeInit uid 2000 <<<<<<
08-04 18:38:48.876  3364  3364 D AndroidRuntime: CheckJNI is OFF
08-04 18:38:48.923  3364  3364 D ICU     : No timezone override file found: /data/misc/zoneinfo/current/icu/icu_tzdata.dat
08-04 18:38:48.973  3364  3364 I Radio-JNI: register_android_hardware_Radio DONE
08-04 18:38:49.004  3364  3364 D AndroidRuntime: Calling main entry com.android.commands.input.Input
08-04 18:38:49.007  3364  3364 I Input   : injectMotionEvent: MotionEvent { action=ACTION_DOWN, actionButton=0, id[0]=0, x[0]=600.0, y[0]=700.0, toolType[0]=TOOL_TYPE_UNKNOWN, buttonState=0, metaState=0, flags=0x0, edgeFlags=0x0, pointerCount=1, historySize=0, eventTime=729545419, downTime=729545419, deviceId=0, source=0x1002 }
08-04 18:38:49.013  3364  3364 I Input   : injectMotionEvent: MotionEvent { action=ACTION_UP, actionButton=0, id[0]=0, x[0]=600.0, y[0]=700.0, toolType[0]=TOOL_TYPE_UNKNOWN, buttonState=0, metaState=0, flags=0x0, edgeFlags=0x0, pointerCount=1, historySize=0, eventTime=729545419, downTime=729545419, deviceId=0, source=0x1002 }
08-04 18:38:49.015  3364  3364 D AndroidRuntime: Shutting down VM
08-04 18:38:49.026   512  2967 D audio_hw_primary: out_set_parameters: enter: usecase(1: low-latency-playback) kvpairs: routing=2
08-04 18:38:49.028   918  4400 I ActivityManager: START u0 {dat=https://oauth.reddit.com/... cmp=baseline.org.quantumbadger.redreader/.activities.CommentListingActivity} from uid 10666 on display 0
08-04 18:38:49.039   512  2967 D audio_hw_primary: select_devices: out_snd_device(2: speaker) in_snd_device(0: none)
08-04 18:38:49.039   512  2967 D msm8974_platform: platform_send_audio_calibration: sending audio calibration for snd_device(2) acdb_id(15)
08-04 18:38:49.040   512  2967 I soundtrigger: audio_extn_sound_trigger_update_device_status: device 0x2 of type 0 for Event 1
08-04 18:38:49.050   512  2967 D audio_hw_primary: enable_snd_device: snd_device(2: speaker)
08-04 18:38:49.053   512  2967 D audio_hw_primary: enable_audio_route: apply and update mixer path: low-latency-playback speaker
08-04 18:38:49.055  1732  1732 I AppCompatViewInflater: app:theme is now deprecated. Please move to using android:theme instead.
08-04 18:38:49.075  1732  2333 I CommentListingActivity: COMMENTS session changed to 93c16219-ad74-4e1d-b8df-508f5b6b83a8
08-04 18:38:49.136  1732  1743 I art     : Starting a blocking GC Explicit
08-04 18:38:49.160   918   936 I ActivityManager: Displayed baseline.org.quantumbadger.redreader/.activities.CommentListingActivity: +122ms
08-04 18:38:49.160 13866 13866 I GoogleInputMethodServic: GoogleInputMethodService.onFinishInput():3138 
08-04 18:38:49.161 13866 13866 I GoogleInputMethodServic: GoogleInputMethodService.onStartInput():1808 
08-04 18:38:49.194  1732  1743 I art     : Explicit concurrent mark sweep GC freed 16545(1134KB) AllocSpace objects, 3(56KB) LOS objects, 36% free, 27MB/43MB, paused 1.175ms total 57.792ms
08-04 18:38:49.213  1732  1743 I art     : Starting a blocking GC Explicit
08-04 18:38:49.275  1732  1743 I art     : Explicit concurrent mark sweep GC freed 11520(750KB) AllocSpace objects, 0(0B) LOS objects, 35% free, 28MB/44MB, paused 2.176ms total 61.536ms
08-04 18:38:49.295  1732  1743 I art     : Starting a blocking GC Explicit
08-04 18:38:49.353  1732  1743 I art     : Explicit concurrent mark sweep GC freed 10662(730KB) AllocSpace objects, 1(16KB) LOS objects, 35% free, 29MB/45MB, paused 550us total 57.534ms
08-04 18:38:49.374  1732  1743 I art     : Starting a blocking GC Explicit
08-04 18:38:49.403   380   380 W SurfaceFlinger: couldn't log to binary event log: overflow.
08-04 18:38:49.432  1732  1743 I art     : Explicit concurrent mark sweep GC freed 7759(554KB) AllocSpace objects, 0(0B) LOS objects, 35% free, 29MB/45MB, paused 388us total 58.109ms
08-04 18:38:49.452  1732  1743 I art     : Starting a blocking GC Explicit
08-04 18:38:49.505  1732  1743 I art     : Explicit concurrent mark sweep GC freed 19175(853KB) AllocSpace objects, 0(0B) LOS objects, 36% free, 28MB/44MB, paused 392us total 52.943ms
08-04 18:38:49.540   518   646 I ThermalEngine: ACTION: GPU - Setting GPU[0] to 510000000
08-04 18:38:49.599   512  2967 D audio_hw_primary: disable_audio_route: reset and update mixer path: low-latency-playback speaker
08-04 18:38:49.601   512  2967 D audio_hw_primary: disable_snd_device: snd_device(2: speaker)
08-04 18:38:49.610   512  2967 I soundtrigger: audio_extn_sound_trigger_update_device_status: device 0x2 of type 0 for Event 0
08-04 18:38:49.620  1732  3294 I RedditChangeDataIO: Writing tmp data file at '/data/user/0/baseline.org.quantumbadger.redreader/files/rr_change_data_tmp.dat'
08-04 18:38:49.621  1732  3294 I RedditChangeDataManager: Taking snapshot...
08-04 18:38:49.621  1732  3294 I RedditChangeDataManager: Writing to stream...
08-04 18:38:49.621  1732  3294 I RedditChangeDataManager: Wrote 3 entries for user ''
08-04 18:38:49.621  1732  3294 I RedditChangeDataManager: All entries written to stream.
08-04 18:38:49.621  1732  3294 I RedditChangeDataIO: Write successful. Atomically replacing data file...
08-04 18:38:49.621  1732  3294 I RedditChangeDataIO: Write complete.
08-04 18:38:49.622  1732  3294 I RedditChangeDataIO: 86 bytes written in 2 ms
08-04 18:38:49.795  1732  1743 I art     : Starting a blocking GC Explicit
08-04 18:38:49.841  1732  1743 I art     : Explicit concurrent mark sweep GC freed 1770(128KB) AllocSpace objects, 2(88KB) LOS objects, 36% free, 28MB/44MB, paused 225us total 45.744ms
08-04 18:38:49.858  1732  1743 I art     : Starting a blocking GC Explicit
08-04 18:38:49.899  1732  1743 I art     : Explicit concurrent mark sweep GC freed 92(3KB) AllocSpace objects, 0(0B) LOS objects, 36% free, 28MB/44MB, paused 243us total 40.490ms
08-04 18:38:49.913  1732  1743 I art     : Starting a blocking GC Explicit
08-04 18:38:49.955  1732  1743 I art     : Explicit concurrent mark sweep GC freed 3(96B) AllocSpace objects, 0(0B) LOS objects, 36% free, 28MB/44MB, paused 291us total 41.719ms
08-04 18:38:49.971  1732  1743 I art     : Starting a blocking GC Explicit
08-04 18:38:50.016  1732  1743 I art     : Explicit concurrent mark sweep GC freed 3(96B) AllocSpace objects, 0(0B) LOS objects, 36% free, 28MB/44MB, paused 334us total 44.855ms
08-04 18:38:50.032  1732  1743 I art     : Starting a blocking GC Explicit
08-04 18:38:50.076  1732  1743 I art     : Explicit concurrent mark sweep GC freed 3(96B) AllocSpace objects, 0(0B) LOS objects, 36% free, 28MB/44MB, paused 217us total 44.115ms
08-04 18:38:50.361  1732  2227 I art     : Starting a blocking GC Explicit
08-04 18:38:50.412  1732  2227 I art     : Explicit concurrent mark sweep GC freed 1343(80KB) AllocSpace objects, 1(20KB) LOS objects, 36% free, 28MB/44MB, paused 260us total 51.242ms
08-04 18:38:50.428  1732  2227 I art     : Starting a blocking GC Explicit
08-04 18:38:50.476  1732  2227 I art     : Explicit concurrent mark sweep GC freed 66(2528B) AllocSpace objects, 0(0B) LOS objects, 36% free, 28MB/44MB, paused 281us total 47.564ms
08-04 18:38:50.492  1732  2227 I art     : Starting a blocking GC Explicit
08-04 18:38:50.537  1732  2227 I art     : Explicit concurrent mark sweep GC freed 3(96B) AllocSpace objects, 0(0B) LOS objects, 36% free, 28MB/44MB, paused 246us total 45.357ms
08-04 18:38:50.544   518   646 I ThermalEngine: ACTION: GPU - Setting GPU[0] to 450000000
08-04 18:38:50.557  1732  2227 I art     : Starting a blocking GC Explicit
08-04 18:38:50.610  1732  2227 I art     : Explicit concurrent mark sweep GC freed 3(96B) AllocSpace objects, 0(0B) LOS objects, 36% free, 28MB/44MB, paused 306us total 52.060ms
08-04 18:38:50.630  1732  2227 I art     : Starting a blocking GC Explicit
08-04 18:38:50.697  1732  2227 I art     : Explicit concurrent mark sweep GC freed 3(96B) AllocSpace objects, 0(0B) LOS objects, 36% free, 28MB/44MB, paused 392us total 66.341ms
08-04 18:38:51.034  1732  1966 I art     : Starting a blocking GC Explicit
08-04 18:38:51.098  1732  1966 I art     : Explicit concurrent mark sweep GC freed 1343(80KB) AllocSpace objects, 1(20KB) LOS objects, 36% free, 28MB/44MB, paused 333us total 63.967ms
08-04 18:38:51.121  1732  1966 I art     : Starting a blocking GC Explicit
08-04 18:38:51.181  1732  1966 I art     : Explicit concurrent mark sweep GC freed 20(704B) AllocSpace objects, 0(0B) LOS objects, 36% free, 28MB/44MB, paused 324us total 59.315ms
08-04 18:38:51.201  1732  1966 I art     : Starting a blocking GC Explicit
08-04 18:38:51.268  1732  1966 I art     : Explicit concurrent mark sweep GC freed 3(96B) AllocSpace objects, 0(0B) LOS objects, 36% free, 28MB/44MB, paused 386us total 66.521ms
08-04 18:38:51.290  1732  1966 I art     : Starting a blocking GC Explicit
08-04 18:38:51.354  1732  1966 I art     : Explicit concurrent mark sweep GC freed 3(96B) AllocSpace objects, 0(0B) LOS objects, 36% free, 28MB/44MB, paused 336us total 63.483ms
08-04 18:38:51.375  1732  1966 I art     : Starting a blocking GC Explicit
08-04 18:38:51.429   918  3188 I hubconnection: sensorhub said: 'set_bias 3: -5.4528, 0.0000, 0.0000'
08-04 18:38:51.441  1732  1966 I art     : Explicit concurrent mark sweep GC freed 3(96B) AllocSpace objects, 0(0B) LOS objects, 36% free, 28MB/44MB, paused 365us total 66.042ms
08-04 18:38:51.784  1732  1743 I art     : Starting a blocking GC Explicit
08-04 18:38:51.849  1732  1743 I art     : Explicit concurrent mark sweep GC freed 1343(80KB) AllocSpace objects, 1(20KB) LOS objects, 36% free, 28MB/44MB, paused 381us total 64.551ms
08-04 18:38:51.873  1732  1743 I art     : Starting a blocking GC Explicit
08-04 18:38:51.940  1732  1743 I art     : Explicit concurrent mark sweep GC freed 20(704B) AllocSpace objects, 0(0B) LOS objects, 36% free, 28MB/44MB, paused 363us total 66.641ms
08-04 18:38:51.963  1732  1743 I art     : Starting a blocking GC Explicit
08-04 18:38:52.033  1732  1743 I art     : Explicit concurrent mark sweep GC freed 3(96B) AllocSpace objects, 0(0B) LOS objects, 36% free, 28MB/44MB, paused 329us total 69.326ms
08-04 18:38:52.056  1732  1743 I art     : Starting a blocking GC Explicit
08-04 18:38:52.121  1732  1743 I art     : Explicit concurrent mark sweep GC freed 3(96B) AllocSpace objects, 0(0B) LOS objects, 36% free, 28MB/44MB, paused 338us total 64.950ms
08-04 18:38:52.142  1732  1743 I art     : Starting a blocking GC Explicit
08-04 18:38:52.203  1732  1743 I art     : Explicit concurrent mark sweep GC freed 3(96B) AllocSpace objects, 0(0B) LOS objects, 36% free, 28MB/44MB, paused 330us total 61.207ms
08-04 18:38:52.533  1732  1744 I art     : Starting a blocking GC Explicit
08-04 18:38:52.609  1732  1744 I art     : Explicit concurrent mark sweep GC freed 1343(80KB) AllocSpace objects, 1(20KB) LOS objects, 36% free, 28MB/44MB, paused 359us total 75.816ms
08-04 18:38:52.631  1732  1744 I art     : Starting a blocking GC Explicit
08-04 18:38:52.693  1732  1744 I art     : Explicit concurrent mark sweep GC freed 20(704B) AllocSpace objects, 0(0B) LOS objects, 36% free, 28MB/44MB, paused 340us total 61.960ms
08-04 18:38:52.714  1732  1744 I art     : Starting a blocking GC Explicit
08-04 18:38:52.781  1732  1744 I art     : Explicit concurrent mark sweep GC freed 3(96B) AllocSpace objects, 0(0B) LOS objects, 36% free, 28MB/44MB, paused 343us total 66.549ms
08-04 18:38:52.802  1732  1744 I art     : Starting a blocking GC Explicit
08-04 18:38:52.867  1732  1744 I art     : Explicit concurrent mark sweep GC freed 3(96B) AllocSpace objects, 0(0B) LOS objects, 36% free, 28MB/44MB, paused 342us total 64.178ms
08-04 18:38:52.887  1732  1744 I art     : Starting a blocking GC Explicit
08-04 18:38:52.954  1732  1744 I art     : Explicit concurrent mark sweep GC freed 3(96B) AllocSpace objects, 0(0B) LOS objects, 36% free, 28MB/44MB, paused 362us total 65.868ms
08-04 18:38:53.287  1732  2227 I art     : Starting a blocking GC Explicit
08-04 18:38:53.349  1732  2227 I art     : Explicit concurrent mark sweep GC freed 1343(80KB) AllocSpace objects, 1(20KB) LOS objects, 36% free, 28MB/44MB, paused 328us total 61.707ms
08-04 18:38:53.369  1732  2227 I art     : Starting a blocking GC Explicit
08-04 18:38:53.428  1732  2227 I art     : Explicit concurrent mark sweep GC freed 20(704B) AllocSpace objects, 0(0B) LOS objects, 36% free, 28MB/44MB, paused 338us total 59.372ms
08-04 18:38:53.449  1732  2227 I art     : Starting a blocking GC Explicit
08-04 18:38:53.508  1732  2227 I art     : Explicit concurrent mark sweep GC freed 3(96B) AllocSpace objects, 0(0B) LOS objects, 36% free, 28MB/44MB, paused 330us total 59.605ms
08-04 18:38:53.529  1732  2227 I art     : Starting a blocking GC Explicit
08-04 18:38:53.588  1732  2227 I art     : Explicit concurrent mark sweep GC freed 3(96B) AllocSpace objects, 0(0B) LOS objects, 36% free, 28MB/44MB, paused 365us total 58.433ms
08-04 18:38:53.608  1732  2227 I art     : Starting a blocking GC Explicit
08-04 18:38:53.668  1732  2227 I art     : Explicit concurrent mark sweep GC freed 3(96B) AllocSpace objects, 0(0B) LOS objects, 36% free, 28MB/44MB, paused 330us total 60.229ms
08-04 18:38:53.811  3459  3459 D AndroidRuntime: >>>>>> START com.android.internal.os.RuntimeInit uid 2000 <<<<<<
08-04 18:38:53.818  3459  3459 D AndroidRuntime: CheckJNI is OFF
08-04 18:38:53.865  3459  3459 D ICU     : No timezone override file found: /data/misc/zoneinfo/current/icu/icu_tzdata.dat
08-04 18:38:53.905  3459  3459 I Radio-JNI: register_android_hardware_Radio DONE
08-04 18:38:53.933  3459  3459 D AndroidRuntime: Calling main entry com.android.commands.input.Input
08-04 18:38:53.935  3459  3459 I Input   : injectKeyEvent: KeyEvent { action=ACTION_DOWN, keyCode=KEYCODE_BACK, scanCode=0, metaState=0, flags=0x0, repeatCount=0, eventTime=729550348, downTime=729550348, deviceId=-1, source=0x101 }
08-04 18:38:53.940  3459  3459 I Input   : injectKeyEvent: KeyEvent { action=ACTION_UP, keyCode=KEYCODE_BACK, scanCode=0, metaState=0, flags=0x0, repeatCount=0, eventTime=729550348, downTime=729550348, deviceId=-1, source=0x101 }
08-04 18:38:53.946  3459  3459 D AndroidRuntime: Shutting down VM
08-04 18:38:53.968  1732  1966 I art     : Starting a blocking GC Explicit
08-04 18:38:53.993 13866 13866 I GoogleInputMethodServic: GoogleInputMethodService.onFinishInput():3138 
08-04 18:38:53.993 13866 13866 I GoogleInputMethodServic: GoogleInputMethodService.onStartInput():1808 
08-04 18:38:54.024  1732  1966 I art     : Explicit concurrent mark sweep GC freed 1508(86KB) AllocSpace objects, 1(20KB) LOS objects, 36% free, 28MB/44MB, paused 402us total 55.273ms
08-04 18:38:54.045  1732  1966 I art     : Starting a blocking GC Explicit
08-04 18:38:54.093  1732  1966 I art     : Explicit concurrent mark sweep GC freed 103(3KB) AllocSpace objects, 0(0B) LOS objects, 36% free, 28MB/44MB, paused 289us total 47.554ms
08-04 18:38:54.113  1732  1966 I art     : Starting a blocking GC Explicit
08-04 18:38:54.171  1732  1966 I art     : Explicit concurrent mark sweep GC freed 3(96B) AllocSpace objects, 0(0B) LOS objects, 36% free, 28MB/44MB, paused 327us total 58.063ms
08-04 18:38:54.195  1732  1966 I art     : Starting a blocking GC Explicit
08-04 18:38:54.261  1732  1966 I art     : Explicit concurrent mark sweep GC freed 3(96B) AllocSpace objects, 0(0B) LOS objects, 36% free, 28MB/44MB, paused 360us total 66.151ms
08-04 18:38:54.284  1732  1966 I art     : Starting a blocking GC Explicit
08-04 18:38:54.290   380   380 W SurfaceFlinger: couldn't log to binary event log: overflow.
08-04 18:38:54.335  1732  1966 I art     : Explicit concurrent mark sweep GC freed 63(2320B) AllocSpace objects, 0(0B) LOS objects, 36% free, 28MB/44MB, paused 316us total 50.760ms
08-04 18:38:54.645  1732  1743 I art     : Starting a blocking GC Explicit
08-04 18:38:54.717  1732  1743 I art     : Explicit concurrent mark sweep GC freed 1453(86KB) AllocSpace objects, 1(20KB) LOS objects, 36% free, 28MB/44MB, paused 382us total 71.639ms
08-04 18:38:54.741  1732  1743 I art     : Starting a blocking GC Explicit
08-04 18:38:54.787  1732  1743 I art     : Explicit concurrent mark sweep GC freed 46670(2MB) AllocSpace objects, 5(140KB) LOS objects, 38% free, 25MB/41MB, paused 321us total 45.380ms
08-04 18:38:54.804  1732  1743 I art     : Starting a blocking GC Explicit
08-04 18:38:54.845  1732  1743 I art     : Explicit concurrent mark sweep GC freed 3(96B) AllocSpace objects, 0(0B) LOS objects, 38% free, 25MB/41MB, paused 323us total 40.060ms
08-04 18:38:54.862  1732  1743 I art     : Starting a blocking GC Explicit
08-04 18:38:54.903  1732  1743 I art     : Explicit concurrent mark sweep GC freed 3(96B) AllocSpace objects, 0(0B) LOS objects, 38% free, 25MB/41MB, paused 321us total 40.391ms
08-04 18:38:54.921  1732  1743 I art     : Starting a blocking GC Explicit
08-04 18:38:54.961  1732  1743 I art     : Explicit concurrent mark sweep GC freed 3(96B) AllocSpace objects, 0(0B) LOS objects, 38% free, 25MB/41MB, paused 313us total 40.414ms
08-04 18:38:55.261  1732  1744 I art     : Starting a blocking GC Explicit
08-04 18:38:55.302  1732  1744 I art     : Explicit concurrent mark sweep GC freed 1343(80KB) AllocSpace objects, 1(20KB) LOS objects, 38% free, 25MB/41MB, paused 336us total 40.163ms
08-04 18:38:55.320  1732  1744 I art     : Starting a blocking GC Explicit
08-04 18:38:55.359  1732  1744 I art     : Explicit concurrent mark sweep GC freed 20(704B) AllocSpace objects, 0(0B) LOS objects, 38% free, 25MB/41MB, paused 328us total 39.336ms
08-04 18:38:55.377  1732  1744 I art     : Starting a blocking GC Explicit
08-04 18:38:55.416  1732  1744 I art     : Explicit concurrent mark sweep GC freed 3(96B) AllocSpace objects, 0(0B) LOS objects, 38% free, 25MB/41MB, paused 320us total 39.456ms
08-04 18:38:55.434  1732  1744 I art     : Starting a blocking GC Explicit
08-04 18:38:55.473  1732  1744 I art     : Explicit concurrent mark sweep GC freed 3(96B) AllocSpace objects, 0(0B) LOS objects, 38% free, 25MB/41MB, paused 308us total 38.885ms
08-04 18:38:55.490  1732  1744 I art     : Starting a blocking GC Explicit
08-04 18:38:55.530  1732  1744 I art     : Explicit concurrent mark sweep GC freed 3(96B) AllocSpace objects, 0(0B) LOS objects, 38% free, 25MB/41MB, paused 330us total 39.068ms
08-04 18:38:55.732  3498  3498 D AndroidRuntime: >>>>>> START com.android.internal.os.RuntimeInit uid 2000 <<<<<<
08-04 18:38:55.738  3498  3498 D AndroidRuntime: CheckJNI is OFF
08-04 18:38:55.780  3498  3498 D ICU     : No timezone override file found: /data/misc/zoneinfo/current/icu/icu_tzdata.dat
08-04 18:38:55.822  3498  3498 I Radio-JNI: register_android_hardware_Radio DONE
08-04 18:38:55.852  3498  3498 D AndroidRuntime: Calling main entry com.android.commands.input.Input
08-04 18:38:55.854  3498  3498 I Input   : injectKeyEvent: KeyEvent { action=ACTION_DOWN, keyCode=KEYCODE_BACK, scanCode=0, metaState=0, flags=0x0, repeatCount=0, eventTime=729552267, downTime=729552267, deviceId=-1, source=0x101 }
08-04 18:38:55.858  3498  3498 I Input   : injectKeyEvent: KeyEvent { action=ACTION_UP, keyCode=KEYCODE_BACK, scanCode=0, metaState=0, flags=0x0, repeatCount=0, eventTime=729552267, downTime=729552267, deviceId=-1, source=0x101 }
08-04 18:38:55.861  1732  2227 I art     : Starting a blocking GC Explicit
08-04 18:38:55.863  3498  3498 D AndroidRuntime: Shutting down VM
08-04 18:38:55.900  1732  2227 I art     : Explicit concurrent mark sweep GC freed 1453(84KB) AllocSpace objects, 1(20KB) LOS objects, 38% free, 25MB/41MB, paused 317us total 39.109ms
08-04 18:38:55.902 13866 13866 I GoogleInputMethodServic: GoogleInputMethodService.onFinishInput():3138 
08-04 18:38:55.903 13866 13866 I GoogleInputMethodServic: GoogleInputMethodService.onStartInput():1808 
08-04 18:38:55.919  1732  2227 I art     : Starting a blocking GC Explicit
08-04 18:38:55.956  1732  2227 I art     : Explicit concurrent mark sweep GC freed 72(2592B) AllocSpace objects, 0(0B) LOS objects, 38% free, 25MB/41MB, paused 344us total 36.285ms
08-04 18:38:55.973  1732  2227 I art     : Starting a blocking GC Explicit
08-04 18:38:56.008  1732  2227 I art     : Explicit concurrent mark sweep GC freed 22(752B) AllocSpace objects, 0(0B) LOS objects, 38% free, 25MB/41MB, paused 308us total 34.161ms
08-04 18:38:56.028  1732  2227 I art     : Starting a blocking GC Explicit
08-04 18:38:56.073  1732  2227 I art     : Explicit concurrent mark sweep GC freed 3(96B) AllocSpace objects, 0(0B) LOS objects, 38% free, 25MB/41MB, paused 320us total 44.227ms
08-04 18:38:56.094  1732  2227 I art     : Starting a blocking GC Explicit
08-04 18:38:56.140  1732  2227 I art     : Explicit concurrent mark sweep GC freed 3(96B) AllocSpace objects, 0(0B) LOS objects, 38% free, 25MB/41MB, paused 325us total 46.439ms
08-04 18:38:56.435  1732  1744 I art     : Starting a blocking GC Explicit
08-04 18:38:56.486  1732  1744 I art     : Explicit concurrent mark sweep GC freed 1398(82KB) AllocSpace objects, 1(20KB) LOS objects, 38% free, 25MB/41MB, paused 391us total 50.427ms
08-04 18:38:56.506  1732  1744 I art     : Starting a blocking GC Explicit
08-04 18:38:56.548  1732  1744 I art     : Explicit concurrent mark sweep GC freed 150(7KB) AllocSpace objects, 0(0B) LOS objects, 38% free, 25MB/41MB, paused 371us total 41.568ms
08-04 18:38:56.566  1732  1744 I art     : Starting a blocking GC Explicit
08-04 18:38:56.607  1732  1744 I art     : Explicit concurrent mark sweep GC freed 3(96B) AllocSpace objects, 0(0B) LOS objects, 38% free, 25MB/41MB, paused 417us total 40.956ms
08-04 18:38:56.625  1732  1744 I art     : Starting a blocking GC Explicit
08-04 18:38:56.667  1732  1744 I art     : Explicit concurrent mark sweep GC freed 3(96B) AllocSpace objects, 0(0B) LOS objects, 38% free, 25MB/41MB, paused 353us total 41.522ms
08-04 18:38:56.684  1732  1744 I art     : Starting a blocking GC Explicit
08-04 18:38:56.726  1732  1744 I art     : Explicit concurrent mark sweep GC freed 3(96B) AllocSpace objects, 0(0B) LOS objects, 38% free, 25MB/41MB, paused 351us total 41.544ms
08-04 18:38:57.033  1732  1743 I art     : Starting a blocking GC Explicit
08-04 18:38:57.084  1732  1743 I art     : Explicit concurrent mark sweep GC freed 1343(80KB) AllocSpace objects, 1(20KB) LOS objects, 38% free, 25MB/41MB, paused 431us total 50.213ms
08-04 18:38:57.104  1732  1743 I art     : Starting a blocking GC Explicit
08-04 18:38:57.143  1732  1743 I art     : Explicit concurrent mark sweep GC freed 20(704B) AllocSpace objects, 0(0B) LOS objects, 38% free, 25MB/41MB, paused 338us total 39.204ms
08-04 18:38:57.160  1732  1743 I art     : Starting a blocking GC Explicit
08-04 18:38:57.200  1732  1743 I art     : Explicit concurrent mark sweep GC freed 3(96B) AllocSpace objects, 0(0B) LOS objects, 38% free, 25MB/41MB, paused 341us total 39.277ms
08-04 18:38:57.217  1732  1743 I art     : Starting a blocking GC Explicit
08-04 18:38:57.257  1732  1743 I art     : Explicit concurrent mark sweep GC freed 3(96B) AllocSpace objects, 0(0B) LOS objects, 38% free, 25MB/41MB, paused 411us total 40.126ms
08-04 18:38:57.274  1732  1743 I art     : Starting a blocking GC Explicit
08-04 18:38:57.314  1732  1743 I art     : Explicit concurrent mark sweep GC freed 3(96B) AllocSpace objects, 0(0B) LOS objects, 38% free, 25MB/41MB, paused 340us total 39.823ms
08-04 18:38:57.355   918  3188 I hubconnection: sensorhub said: 'set_bias 3: -6.2400, 0.0000, 0.0000'
08-04 18:38:57.607  1732  1966 I art     : Starting a blocking GC Explicit
08-04 18:38:57.650  3546  3546 D AndroidRuntime: >>>>>> START com.android.internal.os.RuntimeInit uid 2000 <<<<<<
08-04 18:38:57.657  3546  3546 D AndroidRuntime: CheckJNI is OFF
08-04 18:38:57.659  1732  1966 I art     : Explicit concurrent mark sweep GC freed 1343(80KB) AllocSpace objects, 1(20KB) LOS objects, 38% free, 25MB/41MB, paused 420us total 51.298ms
08-04 18:38:57.680  1732  1966 I art     : Starting a blocking GC Explicit
08-04 18:38:57.707  3546  3546 D ICU     : No timezone override file found: /data/misc/zoneinfo/current/icu/icu_tzdata.dat
08-04 18:38:57.722  1732  1966 I art     : Explicit concurrent mark sweep GC freed 20(704B) AllocSpace objects, 0(0B) LOS objects, 38% free, 25MB/41MB, paused 378us total 41.886ms
08-04 18:38:57.740  1732  1966 I art     : Starting a blocking GC Explicit
08-04 18:38:57.755  3546  3546 I Radio-JNI: register_android_hardware_Radio DONE
08-04 18:38:57.782  1732  1966 I art     : Explicit concurrent mark sweep GC freed 3(96B) AllocSpace objects, 0(0B) LOS objects, 38% free, 25MB/41MB, paused 321us total 42.071ms
08-04 18:38:57.784  3546  3546 D AndroidRuntime: Calling main entry com.android.commands.input.Input
08-04 18:38:57.787  3546  3546 I Input   : injectMotionEvent: MotionEvent { action=ACTION_DOWN, actionButton=0, id[0]=0, x[0]=600.0, y[0]=1000.0, toolType[0]=TOOL_TYPE_UNKNOWN, buttonState=0, metaState=0, flags=0x0, edgeFlags=0x0, pointerCount=1, historySize=0, eventTime=729554199, downTime=729554199, deviceId=0, source=0x1002 }
08-04 18:38:57.792  3546  3546 I Input   : injectMotionEvent: MotionEvent { action=ACTION_UP, actionButton=0, id[0]=0, x[0]=600.0, y[0]=1000.0, toolType[0]=TOOL_TYPE_UNKNOWN, buttonState=0, metaState=0, flags=0x0, edgeFlags=0x0, pointerCount=1, historySize=0, eventTime=729554199, downTime=729554199, deviceId=0, source=0x1002 }
08-04 18:38:57.796  3546  3546 D AndroidRuntime: Shutting down VM
08-04 18:38:57.799  1732  1966 I art     : Starting a blocking GC Explicit
08-04 18:38:57.815   918  5481 I ActivityManager: START u0 {dat=https://oauth.reddit.com/... cmp=baseline.org.quantumbadger.redreader/.activities.PostListingActivity} from uid 10666 on display 0
08-04 18:38:57.817   512  2967 D audio_hw_primary: out_set_parameters: enter: usecase(1: low-latency-playback) kvpairs: routing=2
08-04 18:38:57.830   512  2967 D audio_hw_primary: select_devices: out_snd_device(2: speaker) in_snd_device(0: none)
08-04 18:38:57.830   512  2967 D msm8974_platform: platform_send_audio_calibration: sending audio calibration for snd_device(2) acdb_id(15)
08-04 18:38:57.832   512  2967 I soundtrigger: audio_extn_sound_trigger_update_device_status: device 0x2 of type 0 for Event 1
08-04 18:38:57.837  1732  1732 I AppCompatViewInflater: app:theme is now deprecated. Please move to using android:theme instead.
08-04 18:38:57.840  1732  1966 I art     : Explicit concurrent mark sweep GC freed 225(12KB) AllocSpace objects, 0(0B) LOS objects, 38% free, 25MB/41MB, paused 713us total 40.820ms
08-04 18:38:57.842   512  2967 D audio_hw_primary: enable_snd_device: snd_device(2: speaker)
08-04 18:38:57.844   512  2967 D audio_hw_primary: enable_audio_route: apply and update mixer path: low-latency-playback speaker
08-04 18:38:57.857  1732  1966 I art     : Starting a blocking GC Explicit
08-04 18:38:57.865  1732  3570 D OK      : calling: https://oauth.reddit.com/r/announcements/about.json
08-04 18:38:57.898  1732  1966 I art     : Explicit concurrent mark sweep GC freed 728(67KB) AllocSpace objects, 0(0B) LOS objects, 38% free, 25MB/41MB, paused 421us total 41.227ms
08-04 18:38:57.933 13866 13866 I GoogleInputMethodServic: GoogleInputMethodService.onFinishInput():3138 
08-04 18:38:57.934   918   936 I ActivityManager: Displayed baseline.org.quantumbadger.redreader/.activities.PostListingActivity: +110ms
08-04 18:38:57.934 13866 13866 I GoogleInputMethodServic: GoogleInputMethodService.onStartInput():1808 
08-04 18:38:58.179   380   380 W SurfaceFlinger: couldn't log to binary event log: overflow.
08-04 18:38:58.183  1732  1743 I art     : Starting a blocking GC Explicit
08-04 18:38:58.202  1732  3570 I NAPPA_EXPERIMENTATION: MetricNetworkRequestExecutionTime: REQUEST_DURATION_SYSTEM='337',REQUEST_DURATION_OKHTTP='144',REQUEST_SYNCHRONOUS='TRUE',RESPONSE_CODE='200',RESPONSE_METHOD='GET',RESPONSE_LENGTH_OKHTTP='-1',RESPONSE_LENGTH_HEADER='1564',REQUEST_PROTOCOL='h2',REQUEST_URL='https://oauth.reddit.com/r/announcements/about.json',
08-04 18:38:58.202  1732  3570 D OK      : request got status: 200
08-04 18:38:58.223  1732  1743 I art     : Explicit concurrent mark sweep GC freed 5268(315KB) AllocSpace objects, 2(88KB) LOS objects, 38% free, 25MB/41MB, paused 524us total 40.461ms
08-04 18:38:58.240  1732  1743 I art     : Starting a blocking GC Explicit
08-04 18:38:58.279  1732  1743 I art     : Explicit concurrent mark sweep GC freed 956(58KB) AllocSpace objects, 1(68KB) LOS objects, 38% free, 25MB/41MB, paused 363us total 37.902ms
08-04 18:38:58.296  1732  1743 I art     : Starting a blocking GC Explicit
08-04 18:38:58.338  1732  1743 I art     : Explicit concurrent mark sweep GC freed 205(10KB) AllocSpace objects, 0(0B) LOS objects, 38% free, 25MB/41MB, paused 365us total 42.273ms
08-04 18:38:58.358  1732  1743 I art     : Starting a blocking GC Explicit
08-04 18:38:58.389   512  2967 D audio_hw_primary: disable_audio_route: reset and update mixer path: low-latency-playback speaker
08-04 18:38:58.390   512  2967 D audio_hw_primary: disable_snd_device: snd_device(2: speaker)
08-04 18:38:58.398  1732  1743 I art     : Explicit concurrent mark sweep GC freed 3(96B) AllocSpace objects, 0(0B) LOS objects, 38% free, 25MB/41MB, paused 375us total 39.880ms
08-04 18:38:58.400   512  2967 I soundtrigger: audio_extn_sound_trigger_update_device_status: device 0x2 of type 0 for Event 0
08-04 18:38:58.415  1732  1743 I art     : Starting a blocking GC Explicit
08-04 18:38:58.456  1732  1743 I art     : Explicit concurrent mark sweep GC freed 3(96B) AllocSpace objects, 0(0B) LOS objects, 38% free, 25MB/41MB, paused 384us total 40.066ms
08-04 18:38:58.770  1732  2227 I art     : Starting a blocking GC Explicit
08-04 18:38:58.814  1732  2227 I art     : Explicit concurrent mark sweep GC freed 1402(84KB) AllocSpace objects, 1(20KB) LOS objects, 38% free, 25MB/41MB, paused 346us total 43.054ms
08-04 18:38:58.832  1732  2227 I art     : Starting a blocking GC Explicit
08-04 18:38:58.872  1732  2227 I art     : Explicit concurrent mark sweep GC freed 20(704B) AllocSpace objects, 0(0B) LOS objects, 38% free, 25MB/41MB, paused 382us total 40.139ms
08-04 18:38:58.890  1732  2227 I art     : Starting a blocking GC Explicit
08-04 18:38:58.930  1732  2227 I art     : Explicit concurrent mark sweep GC freed 3(96B) AllocSpace objects, 0(0B) LOS objects, 38% free, 25MB/41MB, paused 501us total 40.263ms
08-04 18:38:58.947  1732  2227 I art     : Starting a blocking GC Explicit
08-04 18:38:58.987  1732  2227 I art     : Explicit concurrent mark sweep GC freed 3(96B) AllocSpace objects, 0(0B) LOS objects, 38% free, 25MB/41MB, paused 407us total 39.921ms
08-04 18:38:59.005  1732  2227 I art     : Starting a blocking GC Explicit
08-04 18:38:59.045  1732  2227 I art     : Explicit concurrent mark sweep GC freed 3(96B) AllocSpace objects, 0(0B) LOS objects, 38% free, 25MB/41MB, paused 373us total 40.190ms
08-04 18:38:59.066  1732  3596 D OK      : calling: https://oauth.reddit.com/r/announcements/hot/.json
08-04 18:38:59.309  1732  3596 I NAPPA_EXPERIMENTATION: MetricNetworkRequestExecutionTime: REQUEST_DURATION_SYSTEM='243',REQUEST_DURATION_OKHTTP='240',REQUEST_SYNCHRONOUS='TRUE',RESPONSE_CODE='200',RESPONSE_METHOD='GET',RESPONSE_LENGTH_OKHTTP='-1',RESPONSE_LENGTH_HEADER='142016',REQUEST_PROTOCOL='h2',REQUEST_URL='https://oauth.reddit.com/r/announcements/hot/.json',
08-04 18:38:59.309  1732  3596 D OK      : request got status: 200
08-04 18:38:59.329  1732  2333 I PostListingFragment: Precaching images: OFF
08-04 18:38:59.329  1732  2333 I PostListingFragment: Precaching comments: OFF
08-04 18:38:59.345  1732  1744 I art     : Starting a blocking GC Explicit
08-04 18:38:59.388  1732  1744 I art     : Explicit concurrent mark sweep GC freed 2961(233KB) AllocSpace objects, 2(36KB) LOS objects, 37% free, 26MB/42MB, paused 754us total 43.611ms
08-04 18:38:59.405  1732  1744 I art     : Starting a blocking GC Explicit
08-04 18:38:59.449  1732  1744 I art     : Explicit concurrent mark sweep GC freed 1007(53KB) AllocSpace objects, 3(56KB) LOS objects, 37% free, 26MB/42MB, paused 729us total 43.578ms
08-04 18:38:59.467  1732  1744 I art     : Starting a blocking GC Explicit
08-04 18:38:59.515  1732  1744 I art     : Explicit concurrent mark sweep GC freed 1650(82KB) AllocSpace objects, 0(0B) LOS objects, 37% free, 27MB/43MB, paused 784us total 47.804ms
08-04 18:38:59.534  1732  1744 I art     : Starting a blocking GC Explicit
08-04 18:38:59.541  1732  3609 D OK      : calling: https://b.thumbs.redditmedia.com/RROcLjDSUc0QV1UeQ1txXdyl1C_7233mmsMgtYXxQzo.jpg
08-04 18:38:59.578  1732  3610 D OK      : calling: https://a.thumbs.redditmedia.com/N-frnMqRYp_XiaGds7kPbHf82a876RNKSQ1iw0LzHR0.jpg
08-04 18:38:59.584  1732  1744 I art     : Explicit concurrent mark sweep GC freed 2690(116KB) AllocSpace objects, 0(0B) LOS objects, 36% free, 27MB/43MB, paused 852us total 50.397ms
08-04 18:38:59.602  1732  1744 I art     : Starting a blocking GC Explicit
08-04 18:38:59.606  1732  3611 D OK      : calling: https://b.thumbs.redditmedia.com/KH2o_q4MXufUdRChsfwLtl6gnEnT8MJtZn3Tyj5ZmBU.jpg
08-04 18:38:59.654  1732  1744 I art     : Explicit concurrent mark sweep GC freed 3044(159KB) AllocSpace objects, 0(0B) LOS objects, 36% free, 28MB/44MB, paused 725us total 51.638ms
08-04 18:38:59.659  1732  3612 D OK      : calling: https://b.thumbs.redditmedia.com/MGaOJeZl7UsmdtroJopYU_36HUNvQ9LUV5WFH_FJ2vI.jpg
08-04 18:38:59.728  1732  3618 D OK      : calling: https://a.thumbs.redditmedia.com/-D0hxchgus9EyzvGqvnabK_3Obl93tMfG9G58V1QwW8.jpg
08-04 18:38:59.753  1732  3619 D OK      : calling: https://b.thumbs.redditmedia.com/zCaV9kuSMZxmMvdmErGyUsYNdPrmX8LP9_Ee4QTT16g.jpg
08-04 18:38:59.767  1732  3620 D OK      : calling: https://b.thumbs.redditmedia.com/4EGkxZNzrzt-RCtd035cWyO0BipdbDVuPwi4W2v4TyM.jpg
08-04 18:38:59.815  1732  3626 D OK      : calling: https://a.thumbs.redditmedia.com/aVhMBmGX07uX0KhK0rKdhMvQ4UsOJIHN4KeTaa36EF4.jpg
08-04 18:38:59.848  1732  3610 I NAPPA_EXPERIMENTATION: MetricNetworkRequestExecutionTime: REQUEST_DURATION_SYSTEM='270',REQUEST_DURATION_OKHTTP='137',REQUEST_SYNCHRONOUS='TRUE',RESPONSE_CODE='200',RESPONSE_METHOD='GET',RESPONSE_LENGTH_OKHTTP='3750',RESPONSE_LENGTH_HEADER='3750',REQUEST_PROTOCOL='h2',REQUEST_URL='https://a.thumbs.redditmedia.com/N-frnMqRYp_XiaGds7kPbHf82a876RNKSQ1iw0LzHR0.jpg',
08-04 18:38:59.850  1732  3610 D OK      : request got status: 200
08-04 18:38:59.903  1732  3609 I NAPPA_EXPERIMENTATION: MetricNetworkRequestExecutionTime: REQUEST_DURATION_SYSTEM='362',REQUEST_DURATION_OKHTTP='183',REQUEST_SYNCHRONOUS='TRUE',RESPONSE_CODE='200',RESPONSE_METHOD='GET',RESPONSE_LENGTH_OKHTTP='2558',RESPONSE_LENGTH_HEADER='2558',REQUEST_PROTOCOL='h2',REQUEST_URL='https://b.thumbs.redditmedia.com/RROcLjDSUc0QV1UeQ1txXdyl1C_7233mmsMgtYXxQzo.jpg',
08-04 18:38:59.903  1732  3609 D OK      : request got status: 200
08-04 18:38:59.911  1732  3618 I NAPPA_EXPERIMENTATION: MetricNetworkRequestExecutionTime: REQUEST_DURATION_SYSTEM='183',REQUEST_DURATION_OKHTTP='182',REQUEST_SYNCHRONOUS='TRUE',RESPONSE_CODE='200',RESPONSE_METHOD='GET',RESPONSE_LENGTH_OKHTTP='4818',RESPONSE_LENGTH_HEADER='4818',REQUEST_PROTOCOL='h2',REQUEST_URL='https://a.thumbs.redditmedia.com/-D0hxchgus9EyzvGqvnabK_3Obl93tMfG9G58V1QwW8.jpg',
08-04 18:38:59.911  1732  3618 D OK      : request got status: 200
08-04 18:38:59.932  1732  1744 I art     : Starting a blocking GC Explicit
08-04 18:38:59.936  1732  3611 I NAPPA_EXPERIMENTATION: MetricNetworkRequestExecutionTime: REQUEST_DURATION_SYSTEM='330',REQUEST_DURATION_OKHTTP='215',REQUEST_SYNCHRONOUS='TRUE',RESPONSE_CODE='200',RESPONSE_METHOD='GET',RESPONSE_LENGTH_OKHTTP='2613',RESPONSE_LENGTH_HEADER='2613',REQUEST_PROTOCOL='h2',REQUEST_URL='https://b.thumbs.redditmedia.com/KH2o_q4MXufUdRChsfwLtl6gnEnT8MJtZn3Tyj5ZmBU.jpg',
08-04 18:38:59.936  1732  3611 D OK      : request got status: 200
08-04 18:38:59.936  1732  3619 I NAPPA_EXPERIMENTATION: MetricNetworkRequestExecutionTime: REQUEST_DURATION_SYSTEM='183',REQUEST_DURATION_OKHTTP='183',REQUEST_SYNCHRONOUS='TRUE',RESPONSE_CODE='200',RESPONSE_METHOD='GET',RESPONSE_LENGTH_OKHTTP='6132',RESPONSE_LENGTH_HEADER='6132',REQUEST_PROTOCOL='h2',REQUEST_URL='https://b.thumbs.redditmedia.com/zCaV9kuSMZxmMvdmErGyUsYNdPrmX8LP9_Ee4QTT16g.jpg',
08-04 18:38:59.936  1732  3619 D OK      : request got status: 200
08-04 18:38:59.961  1732  1732 W RecyclerView: Cannot call this method in a scroll callback. Scroll callbacks mightbe run during a measure & layout pass where you cannot change theRecyclerView data. Any method call that might change the structureof the RecyclerView or the adapter contents should be postponed tothe next frame.
08-04 18:38:59.961  1732  1732 W RecyclerView: java.lang.IllegalStateException:  androidx.recyclerview.widget.RecyclerView{ef96f4d VFED..... .F....ID 0,0-1440,2140 #7f0900ef app:id/scrollbar_recyclerview_recyclerview}, adapter:baseline.org.quantumbadger.redreader.adapters.GroupedRecyclerViewAdapter@2ac0a02, layout:androidx.recyclerview.widget.LinearLayoutManager@dd90f13, context:baseline.org.quantumbadger.redreader.activities.PostListingActivity@85f0a04
08-04 18:38:59.961  1732  1732 W RecyclerView: 	at androidx.recyclerview.widget.RecyclerView.assertNotInLayoutOrScroll(RecyclerView.java:3061)
08-04 18:38:59.961  1732  1732 W RecyclerView: 	at androidx.recyclerview.widget.RecyclerView$RecyclerViewDataObserver.onItemRangeInserted(RecyclerView.java:5555)
08-04 18:38:59.961  1732  1732 W RecyclerView: 	at androidx.recyclerview.widget.RecyclerView$AdapterDataObservable.notifyItemRangeInserted(RecyclerView.java:12278)
08-04 18:38:59.961  1732  1732 W RecyclerView: 	at androidx.recyclerview.widget.RecyclerView$Adapter.notifyItemInserted(RecyclerView.java:7464)
08-04 18:38:59.961  1732  1732 W RecyclerView: 	at baseline.org.quantumbadger.redreader.adapters.GroupedRecyclerViewAdapter.updateHiddenStatus(GroupedRecyclerViewAdapter.java:279)
08-04 18:38:59.961  1732  1732 W RecyclerView: 	at baseline.org.quantumbadger.redreader.adapters.RedditListingManager.setLoadingVisible(RedditListingManager.java:125)
08-04 18:38:59.961  1732  1732 W RecyclerView: 	at baseline.org.quantumbadger.redreader.fragments.PostListingFragment.onLoadMoreItemsCheck(PostListingFragment.java:465)
08-04 18:38:59.961  1732  1732 W RecyclerView: 	at baseline.org.quantumbadger.redreader.fragments.PostListingFragment.access$000(PostListingFragment.java:98)
08-04 18:38:59.961  1732  1732 W RecyclerView: 	at baseline.org.quantumbadger.redreader.fragments.PostListingFragment$2.onScrolled(PostListingFragment.java:215)
08-04 18:38:59.961  1732  1732 W RecyclerView: 	at androidx.recyclerview.widget.RecyclerView.dispatchOnScrolled(RecyclerView.java:5173)
08-04 18:38:59.961  1732  1732 W RecyclerView: 	at androidx.recyclerview.widget.RecyclerView.dispatchLayoutStep3(RecyclerView.java:4231)
08-04 18:38:59.961  1732  1732 W RecyclerView: 	at androidx.recyclerview.widget.RecyclerView.dispatchLayout(RecyclerView.java:3862)
08-04 18:38:59.961  1732  1732 W RecyclerView: 	at androidx.recyclerview.widget.RecyclerView.consumePendingUpdateOperations(RecyclerView.java:1897)
08-04 18:38:59.961  1732  1732 W RecyclerView: 	at androidx.recyclerview.widget.RecyclerView$1.run(RecyclerView.java:414)
08-04 18:38:59.961  1732  1732 W RecyclerView: 	at android.view.Choreographer$CallbackRecord.run(Choreographer.java:858)
08-04 18:38:59.961  1732  1732 W RecyclerView: 	at android.view.Choreographer.doCallbacks(Choreographer.java:670)
08-04 18:38:59.961  1732  1732 W RecyclerView: 	at android.view.Choreographer.doFrame(Choreographer.java:603)
08-04 18:38:59.961  1732  1732 W RecyclerView: 	at android.view.Choreographer$FrameDisplayEventReceiver.run(Choreographer.java:844)
08-04 18:38:59.961  1732  1732 W RecyclerView: 	at android.os.Handler.handleCallback(Handler.java:739)
08-04 18:38:59.961  1732  1732 W RecyclerView: 	at android.os.Handler.dispatchMessage(Handler.java:95)
08-04 18:38:59.961  1732  1732 W RecyclerView: 	at android.os.Looper.loop(Looper.java:148)
08-04 18:38:59.961  1732  1732 W RecyclerView: 	at android.app.ActivityThread.main(ActivityThread.java:5417)
08-04 18:38:59.961  1732  1732 W RecyclerView: 	at java.lang.reflect.Method.invoke(Native Method)
08-04 18:38:59.961  1732  1732 W RecyclerView: 	at com.android.internal.os.ZygoteInit$MethodAndArgsCaller.run(ZygoteInit.java:726)
08-04 18:38:59.961  1732  1732 W RecyclerView: 	at com.android.internal.os.ZygoteInit.main(ZygoteInit.java:616)
08-04 18:38:59.980  1732  3620 I NAPPA_EXPERIMENTATION: MetricNetworkRequestExecutionTime: REQUEST_DURATION_SYSTEM='213',REQUEST_DURATION_OKHTTP='212',REQUEST_SYNCHRONOUS='TRUE',RESPONSE_CODE='200',RESPONSE_METHOD='GET',RESPONSE_LENGTH_OKHTTP='4987',RESPONSE_LENGTH_HEADER='4987',REQUEST_PROTOCOL='h2',REQUEST_URL='https://b.thumbs.redditmedia.com/4EGkxZNzrzt-RCtd035cWyO0BipdbDVuPwi4W2v4TyM.jpg',
08-04 18:38:59.981  1732  3620 D OK      : request got status: 200
08-04 18:38:59.984  1732  3626 I NAPPA_EXPERIMENTATION: MetricNetworkRequestExecutionTime: REQUEST_DURATION_SYSTEM='168',REQUEST_DURATION_OKHTTP='167',REQUEST_SYNCHRONOUS='TRUE',RESPONSE_CODE='200',RESPONSE_METHOD='GET',RESPONSE_LENGTH_OKHTTP='6940',RESPONSE_LENGTH_HEADER='6940',REQUEST_PROTOCOL='h2',REQUEST_URL='https://a.thumbs.redditmedia.com/aVhMBmGX07uX0KhK0rKdhMvQ4UsOJIHN4KeTaa36EF4.jpg',
08-04 18:38:59.984  1732  3626 D OK      : request got status: 200
08-04 18:38:59.987  1732  1744 I art     : Explicit concurrent mark sweep GC freed 82469(4MB) AllocSpace objects, 29(1580KB) LOS objects, 36% free, 27MB/43MB, paused 1.041ms total 54.367ms
08-04 18:38:59.990  1732  3612 I NAPPA_EXPERIMENTATION: MetricNetworkRequestExecutionTime: REQUEST_DURATION_SYSTEM='331',REQUEST_DURATION_OKHTTP='207',REQUEST_SYNCHRONOUS='TRUE',RESPONSE_CODE='200',RESPONSE_METHOD='GET',RESPONSE_LENGTH_OKHTTP='4804',RESPONSE_LENGTH_HEADER='4804',REQUEST_PROTOCOL='h2',REQUEST_URL='https://b.thumbs.redditmedia.com/MGaOJeZl7UsmdtroJopYU_36HUNvQ9LUV5WFH_FJ2vI.jpg',
08-04 18:38:59.990  1732  3612 D OK      : request got status: 200
08-04 18:39:00.009  1732  1744 I art     : Starting a blocking GC Explicit
08-04 18:39:00.048  1732  1744 I art     : Explicit concurrent mark sweep GC freed 3410(239KB) AllocSpace objects, 12(636KB) LOS objects, 36% free, 27MB/43MB, paused 501us total 38.330ms
08-04 18:39:00.065  1732  1744 I art     : Starting a blocking GC Explicit
08-04 18:39:00.104  1732  1744 I art     : Explicit concurrent mark sweep GC freed 792(148KB) AllocSpace objects, 14(800KB) LOS objects, 36% free, 27MB/43MB, paused 382us total 39.149ms
08-04 18:39:00.121  1732  1744 I art     : Starting a blocking GC Explicit
08-04 18:39:00.164  1732  1744 I art     : Explicit concurrent mark sweep GC freed 386(16KB) AllocSpace objects, 2(136KB) LOS objects, 36% free, 27MB/43MB, paused 408us total 42.981ms
08-04 18:39:00.183  1732  1744 I art     : Starting a blocking GC Explicit
08-04 18:39:00.223  1732  1744 I art     : Explicit concurrent mark sweep GC freed 9(288B) AllocSpace objects, 0(0B) LOS objects, 36% free, 27MB/43MB, paused 365us total 39.454ms
08-04 18:39:00.268  1732  3633 D OK      : calling: https://oauth.reddit.com/r/announcements/hot/.json?after=t3_9jf8nh
08-04 18:39:00.550  1732  1744 I art     : Starting a blocking GC Explicit
08-04 18:39:00.559  1732  3633 I NAPPA_EXPERIMENTATION: MetricNetworkRequestExecutionTime: REQUEST_DURATION_SYSTEM='290',REQUEST_DURATION_OKHTTP='143',REQUEST_SYNCHRONOUS='TRUE',RESPONSE_CODE='200',RESPONSE_METHOD='GET',RESPONSE_LENGTH_OKHTTP='-1',RESPONSE_LENGTH_HEADER='65685',REQUEST_PROTOCOL='h2',REQUEST_URL='https://oauth.reddit.com/r/announcements/hot/.json?after=t3_9jf8nh',
08-04 18:39:00.559  1732  3633 D OK      : request got status: 200
08-04 18:39:00.567  1732  2333 I PostListingFragment: Precaching images: OFF
08-04 18:39:00.567  1732  2333 I PostListingFragment: Precaching comments: OFF
08-04 18:39:00.603  1732  3646 D OK      : calling: https://a.thumbs.redditmedia.com/8P7BG-empihRDWkNYE_LZ8tekikmQtEiymWkwv7obo0.jpg
08-04 18:39:00.611  1732  1744 I art     : Explicit concurrent mark sweep GC freed 5929(416KB) AllocSpace objects, 1(20KB) LOS objects, 36% free, 28MB/44MB, paused 957us total 60.383ms
08-04 18:39:00.629  1732  1744 I art     : Starting a blocking GC Explicit
08-04 18:39:00.650  1732  3650 D OK      : calling: https://b.thumbs.redditmedia.com/PCxvz6Ma5pyTglQOwhW4LZZOY0qIwyWW5pD83dYmMgc.jpg
08-04 18:39:00.676  1732  1744 I art     : Explicit concurrent mark sweep GC freed 3675(159KB) AllocSpace objects, 2(32KB) LOS objects, 35% free, 28MB/44MB, paused 792us total 46.792ms
08-04 18:39:00.694  1732  1744 I art     : Starting a blocking GC Explicit
08-04 18:39:00.745  1732  1744 I art     : Explicit concurrent mark sweep GC freed 5931(240KB) AllocSpace objects, 1(68KB) LOS objects, 35% free, 29MB/45MB, paused 681us total 49.883ms
08-04 18:39:00.763  1732  1744 I art     : Starting a blocking GC Explicit
08-04 18:39:00.785  1732  3650 I NAPPA_EXPERIMENTATION: MetricNetworkRequestExecutionTime: REQUEST_DURATION_SYSTEM='135',REQUEST_DURATION_OKHTTP='134',REQUEST_SYNCHRONOUS='TRUE',RESPONSE_CODE='200',RESPONSE_METHOD='GET',RESPONSE_LENGTH_OKHTTP='9233',RESPONSE_LENGTH_HEADER='9233',REQUEST_PROTOCOL='h2',REQUEST_URL='https://b.thumbs.redditmedia.com/PCxvz6Ma5pyTglQOwhW4LZZOY0qIwyWW5pD83dYmMgc.jpg',
08-04 18:39:00.785  1732  3650 D OK      : request got status: 200
08-04 18:39:00.812  1732  1744 I art     : Explicit concurrent mark sweep GC freed 3450(191KB) AllocSpace objects, 3(160KB) LOS objects, 35% free, 29MB/45MB, paused 737us total 49.134ms
08-04 18:39:00.831  1732  1744 I art     : Starting a blocking GC Explicit
08-04 18:39:00.838  1732  3646 I NAPPA_EXPERIMENTATION: MetricNetworkRequestExecutionTime: REQUEST_DURATION_SYSTEM='233',REQUEST_DURATION_OKHTTP='140',REQUEST_SYNCHRONOUS='TRUE',RESPONSE_CODE='200',RESPONSE_METHOD='GET',RESPONSE_LENGTH_OKHTTP='3039',RESPONSE_LENGTH_HEADER='3039',REQUEST_PROTOCOL='h2',REQUEST_URL='https://a.thumbs.redditmedia.com/8P7BG-empihRDWkNYE_LZ8tekikmQtEiymWkwv7obo0.jpg',
08-04 18:39:00.838  1732  3646 D OK      : request got status: 200
08-04 18:39:00.880  1732  1744 I art     : Explicit concurrent mark sweep GC freed 4357(251KB) AllocSpace objects, 10(784KB) LOS objects, 35% free, 29MB/45MB, paused 516us total 48.957ms
08-04 18:39:01.233  1732  1966 I art     : Starting a blocking GC Explicit
08-04 18:39:01.297  1732  1966 I art     : Explicit concurrent mark sweep GC freed 21779(1089KB) AllocSpace objects, 7(128KB) LOS objects, 36% free, 28MB/44MB, paused 431us total 63.708ms
08-04 18:39:01.319  1732  1966 I art     : Starting a blocking GC Explicit
08-04 18:39:01.368  1732  1966 I art     : Explicit concurrent mark sweep GC freed 457(18KB) AllocSpace objects, 0(0B) LOS objects, 36% free, 28MB/44MB, paused 426us total 49.183ms
08-04 18:39:01.387  1732  1966 I art     : Starting a blocking GC Explicit
08-04 18:39:01.435  1732  1966 I art     : Explicit concurrent mark sweep GC freed 3(96B) AllocSpace objects, 0(0B) LOS objects, 36% free, 28MB/44MB, paused 389us total 48.087ms
08-04 18:39:01.454  1732  1966 I art     : Starting a blocking GC Explicit
08-04 18:39:01.504  1732  1966 I art     : Explicit concurrent mark sweep GC freed 3(96B) AllocSpace objects, 0(0B) LOS objects, 36% free, 28MB/44MB, paused 380us total 49.956ms
08-04 18:39:01.523  1732  1966 I art     : Starting a blocking GC Explicit
08-04 18:39:01.572  1732  1966 I art     : Explicit concurrent mark sweep GC freed 3(96B) AllocSpace objects, 0(0B) LOS objects, 36% free, 28MB/44MB, paused 395us total 49.336ms
08-04 18:39:01.915  1732  2227 I art     : Starting a blocking GC Explicit
08-04 18:39:01.976  1732  2227 I art     : Explicit concurrent mark sweep GC freed 1344(82KB) AllocSpace objects, 1(20KB) LOS objects, 36% free, 28MB/44MB, paused 411us total 61.223ms
08-04 18:39:01.998  1732  2227 I art     : Starting a blocking GC Explicit
08-04 18:39:02.050  1732  2227 I art     : Explicit concurrent mark sweep GC freed 20(704B) AllocSpace objects, 0(0B) LOS objects, 36% free, 28MB/44MB, paused 439us total 51.316ms
08-04 18:39:02.072  1732  2227 I art     : Starting a blocking GC Explicit
08-04 18:39:02.123  1732  2227 I art     : Explicit concurrent mark sweep GC freed 3(96B) AllocSpace objects, 0(0B) LOS objects, 36% free, 28MB/44MB, paused 447us total 51.067ms
08-04 18:39:02.124  1732  1742 I art     : WaitForGcToComplete blocked for 39.336ms for cause HeapTrim
08-04 18:39:02.144  1732  2227 I art     : Starting a blocking GC Explicit
08-04 18:39:02.194  1732  2227 I art     : Explicit concurrent mark sweep GC freed 3(96B) AllocSpace objects, 0(0B) LOS objects, 36% free, 28MB/44MB, paused 403us total 49.961ms
08-04 18:39:02.213  1732  2227 I art     : Starting a blocking GC Explicit
08-04 18:39:02.261  1732  2227 I art     : Explicit concurrent mark sweep GC freed 3(96B) AllocSpace objects, 0(0B) LOS objects, 36% free, 28MB/44MB, paused 357us total 47.322ms
08-04 18:39:02.605  1732  1743 I art     : Starting a blocking GC Explicit
08-04 18:39:02.671  1732  1743 I art     : Explicit concurrent mark sweep GC freed 1344(82KB) AllocSpace objects, 1(20KB) LOS objects, 36% free, 28MB/44MB, paused 420us total 65.742ms
08-04 18:39:02.692  1732  1743 I art     : Starting a blocking GC Explicit
08-04 18:39:02.742  1732  1743 I art     : Explicit concurrent mark sweep GC freed 20(704B) AllocSpace objects, 0(0B) LOS objects, 36% free, 28MB/44MB, paused 435us total 49.405ms
08-04 18:39:02.764  1732  1743 I art     : Starting a blocking GC Explicit
08-04 18:39:02.816  1732  1743 I art     : Explicit concurrent mark sweep GC freed 3(96B) AllocSpace objects, 0(0B) LOS objects, 36% free, 28MB/44MB, paused 411us total 51.662ms
08-04 18:39:02.838  1732  1743 I art     : Starting a blocking GC Explicit
08-04 18:39:02.885  1732  1743 I art     : Explicit concurrent mark sweep GC freed 3(96B) AllocSpace objects, 0(0B) LOS objects, 36% free, 28MB/44MB, paused 389us total 47.323ms
08-04 18:39:02.904  1732  1743 I art     : Starting a blocking GC Explicit
08-04 18:39:02.955  1732  1743 I art     : Explicit concurrent mark sweep GC freed 3(96B) AllocSpace objects, 0(0B) LOS objects, 36% free, 28MB/44MB, paused 347us total 50.273ms
08-04 18:39:03.254  1732  1744 I art     : Starting a blocking GC Explicit
08-04 18:39:03.304  1732  1744 I art     : Explicit concurrent mark sweep GC freed 1349(82KB) AllocSpace objects, 1(20KB) LOS objects, 36% free, 28MB/44MB, paused 383us total 49.028ms
08-04 18:39:03.322  1732  1744 I art     : Starting a blocking GC Explicit
08-04 18:39:03.368  1732  1744 I art     : Explicit concurrent mark sweep GC freed 20(704B) AllocSpace objects, 0(0B) LOS objects, 36% free, 28MB/44MB, paused 391us total 45.139ms
08-04 18:39:03.386  1732  1744 I art     : Starting a blocking GC Explicit
08-04 18:39:03.433  1732  1744 I art     : Explicit concurrent mark sweep GC freed 3(96B) AllocSpace objects, 0(0B) LOS objects, 36% free, 28MB/44MB, paused 393us total 46.756ms
08-04 18:39:03.451  1732  1744 I art     : Starting a blocking GC Explicit
08-04 18:39:03.498  1732  1744 I art     : Explicit concurrent mark sweep GC freed 3(96B) AllocSpace objects, 0(0B) LOS objects, 36% free, 28MB/44MB, paused 425us total 46.136ms
08-04 18:39:03.517  1732  1744 I art     : Starting a blocking GC Explicit
08-04 18:39:03.564  1732  1744 I art     : Explicit concurrent mark sweep GC freed 3(96B) AllocSpace objects, 0(0B) LOS objects, 36% free, 28MB/44MB, paused 411us total 46.836ms
08-04 18:39:03.611  3685  3685 D AndroidRuntime: >>>>>> START com.android.internal.os.RuntimeInit uid 2000 <<<<<<
08-04 18:39:03.617  3685  3685 D AndroidRuntime: CheckJNI is OFF
08-04 18:39:03.662  3685  3685 D ICU     : No timezone override file found: /data/misc/zoneinfo/current/icu/icu_tzdata.dat
08-04 18:39:03.711  3685  3685 I Radio-JNI: register_android_hardware_Radio DONE
08-04 18:39:03.740  3685  3685 D AndroidRuntime: Calling main entry com.android.commands.input.Input
08-04 18:39:03.743  3685  3685 I Input   : injectMotionEvent: MotionEvent { action=ACTION_DOWN, actionButton=0, id[0]=0, x[0]=600.0, y[0]=580.0, toolType[0]=TOOL_TYPE_UNKNOWN, buttonState=0, metaState=0, flags=0x0, edgeFlags=0x0, pointerCount=1, historySize=0, eventTime=729560155, downTime=729560155, deviceId=0, source=0x1002 }
08-04 18:39:03.749  3685  3685 I Input   : injectMotionEvent: MotionEvent { action=ACTION_UP, actionButton=0, id[0]=0, x[0]=600.0, y[0]=580.0, toolType[0]=TOOL_TYPE_UNKNOWN, buttonState=0, metaState=0, flags=0x0, edgeFlags=0x0, pointerCount=1, historySize=0, eventTime=729560155, downTime=729560155, deviceId=0, source=0x1002 }
08-04 18:39:03.752  3685  3685 D AndroidRuntime: Shutting down VM
08-04 18:39:03.763   512  2967 D audio_hw_primary: out_set_parameters: enter: usecase(1: low-latency-playback) kvpairs: routing=2
08-04 18:39:03.766   918  6029 I ActivityManager: START u0 {cmp=baseline.org.quantumbadger.redreader/.activities.WebViewActivity (has extras)} from uid 10666 on display 0
08-04 18:39:03.776   512  2967 D audio_hw_primary: select_devices: out_snd_device(2: speaker) in_snd_device(0: none)
08-04 18:39:03.776   512  2967 D msm8974_platform: platform_send_audio_calibration: sending audio calibration for snd_device(2) acdb_id(15)
08-04 18:39:03.777   512  2967 I soundtrigger: audio_extn_sound_trigger_update_device_status: device 0x2 of type 0 for Event 1
08-04 18:39:03.788   512  2967 D audio_hw_primary: enable_snd_device: snd_device(2: speaker)
08-04 18:39:03.790   512  2967 D audio_hw_primary: enable_audio_route: apply and update mixer path: low-latency-playback speaker
08-04 18:39:03.795  1732  1732 I AppCompatViewInflater: app:theme is now deprecated. Please move to using android:theme instead.
08-04 18:39:03.812  1732  1732 I WebViewFactory: Loading com.google.android.webview version 84.0.4147.89 (code 414708953)
08-04 18:39:03.897  1732  1966 I art     : Starting a blocking GC Explicit
08-04 18:39:03.944  1732  1966 I art     : Explicit concurrent mark sweep GC freed 2629(200KB) AllocSpace objects, 1(20KB) LOS objects, 36% free, 28MB/44MB, paused 706us total 46.668ms
08-04 18:39:03.962  1732  1966 I art     : Starting a blocking GC Explicit
08-04 18:39:04.005  1732  1966 I art     : Explicit concurrent mark sweep GC freed 9169(757KB) AllocSpace objects, 4(96KB) LOS objects, 35% free, 28MB/44MB, paused 1.148ms total 42.783ms
08-04 18:39:04.008  1732  1732 I cr_LibraryLoader: Loaded native library version number "84.0.4147.89"
08-04 18:39:04.008  1732  1732 I cr_CachingUmaRecorder: Flushed 5 samples from 5 histograms.
08-04 18:39:04.023  1732  1966 I art     : Starting a blocking GC Explicit
08-04 18:39:04.052  1732  1732 E chromium: [ERROR:filesystem_posix.cc(62)] mkdir /data/user/0/baseline.org.quantumbadger.redreader/cache/WebView/Crashpad: No such file or directory (2)
08-04 18:39:04.065  1732  1966 I art     : Explicit concurrent mark sweep GC freed 1387(168KB) AllocSpace objects, 1(20KB) LOS objects, 35% free, 28MB/44MB, paused 749us total 42.577ms
08-04 18:39:04.088  1732  1966 I art     : Starting a blocking GC Explicit
08-04 18:39:04.132  1732  1966 I art     : Explicit concurrent mark sweep GC freed 1064(89KB) AllocSpace objects, 0(0B) LOS objects, 35% free, 28MB/44MB, paused 1.123ms total 43.935ms
08-04 18:39:04.140   918  6110 D ConnectivityService: listenForNetwork for Listen from uid/pid:10666/1732 for NetworkRequest [ id=2834, legacyType=-1, [ Capabilities: INTERNET&NOT_RESTRICTED&TRUSTED] ]
08-04 18:39:04.154  1732  1966 I art     : Starting a blocking GC Explicit
08-04 18:39:04.190  8429  8429 W Finsky  : [1] moi.a(19): Self-update check failed with error: com.android.volley.NoConnectionError: org.chromium.net.impl.NetworkExceptionImpl: Exception in CronetUrlRequest: net::ERR_CONNECTION_CLOSED, ErrorCode=5, InternalErrorCode=-100, Retryable=true
08-04 18:39:04.204  1732  3739 W cr_media: Requires BLUETOOTH permission
08-04 18:39:04.204  1732  1966 I art     : Explicit concurrent mark sweep GC freed 2538(165KB) AllocSpace objects, 0(0B) LOS objects, 35% free, 29MB/45MB, paused 1.310ms total 49.578ms
08-04 18:39:04.216  1732  3750 E libEGL  : validate_display:255 error 3008 (EGL_BAD_DISPLAY)
08-04 18:39:04.223  8429  8429 I Finsky  : [1] xlr.a(13): SCH: jobFinished: 1-1337. TimeElapsed: 240870ms.
08-04 18:39:04.228  8429  8429 I Finsky  : [1] xkg.a(39): SCH: Job 1-1337 finished. Rescheduling.
08-04 18:39:04.232  8429  8429 I Finsky  : [1] xkf.handleMessage(61): SCH: RunningQueue size: 0, PendingQueue size: 0
08-04 18:39:04.232  8429  8429 I Finsky  : [1] xkf.handleMessage(67): Waiting on changed job store
08-04 18:39:04.319   512  2967 D audio_hw_primary: disable_audio_route: reset and update mixer path: low-latency-playback speaker
08-04 18:39:04.320   512  2967 D audio_hw_primary: disable_snd_device: snd_device(2: speaker)
08-04 18:39:04.328   512  2967 I soundtrigger: audio_extn_sound_trigger_update_device_status: device 0x2 of type 0 for Event 0
08-04 18:39:04.363 13866 13866 I GoogleInputMethodServic: GoogleInputMethodService.onFinishInput():3138 
08-04 18:39:04.363   918   936 I ActivityManager: Displayed baseline.org.quantumbadger.redreader/.activities.WebViewActivity: +583ms
08-04 18:39:04.363 13866 13866 I GoogleInputMethodServic: GoogleInputMethodService.onStartInput():1808 
08-04 18:39:04.538  1732  1966 I art     : Starting a blocking GC Explicit
08-04 18:39:04.601  1732  1966 I art     : Explicit concurrent mark sweep GC freed 5886(345KB) AllocSpace objects, 4(220KB) LOS objects, 35% free, 29MB/45MB, paused 622us total 62.691ms
08-04 18:39:04.619   380   380 W SurfaceFlinger: couldn't log to binary event log: overflow.
08-04 18:39:04.622  1732  1966 I art     : Starting a blocking GC Explicit
08-04 18:39:04.665  1732  1966 I art     : Explicit concurrent mark sweep GC freed 1045(121KB) AllocSpace objects, 0(0B) LOS objects, 35% free, 29MB/45MB, paused 467us total 42.660ms
08-04 18:39:04.683  1732  1966 I art     : Starting a blocking GC Explicit
08-04 18:39:04.723  1732  1966 I art     : Explicit concurrent mark sweep GC freed 25(1632B) AllocSpace objects, 0(0B) LOS objects, 35% free, 29MB/45MB, paused 474us total 39.970ms
08-04 18:39:04.742  1732  1966 I art     : Starting a blocking GC Explicit
08-04 18:39:04.792  1732  1966 I art     : Explicit concurrent mark sweep GC freed 587(37KB) AllocSpace objects, 0(0B) LOS objects, 35% free, 29MB/45MB, paused 7.012ms total 49.525ms
08-04 18:39:04.817  1732  1966 I art     : Starting a blocking GC Explicit
08-04 18:39:04.870  1732  1966 I art     : Explicit concurrent mark sweep GC freed 544(44KB) AllocSpace objects, 0(0B) LOS objects, 35% free, 29MB/45MB, paused 594us total 53.033ms
08-04 18:39:05.183  1732  2227 I art     : Starting a blocking GC Explicit
08-04 18:39:05.201   918  3696 I AccountManagerService: getTypesVisibleToCaller: isPermitted? true
08-04 18:39:05.226  1732  2227 I art     : Explicit concurrent mark sweep GC freed 5387(255KB) AllocSpace objects, 1(20KB) LOS objects, 35% free, 29MB/45MB, paused 550us total 42.210ms
08-04 18:39:05.243  1732  2227 I art     : Starting a blocking GC Explicit
08-04 18:39:05.285  1732  2227 I art     : Explicit concurrent mark sweep GC freed 112(3KB) AllocSpace objects, 0(0B) LOS objects, 35% free, 29MB/45MB, paused 562us total 41.770ms
08-04 18:39:05.302  1732  2227 I art     : Starting a blocking GC Explicit
08-04 18:39:05.347  1732  2227 I art     : Explicit concurrent mark sweep GC freed 3(96B) AllocSpace objects, 0(0B) LOS objects, 35% free, 29MB/45MB, paused 537us total 43.946ms
08-04 18:39:05.365  1732  2227 I art     : Starting a blocking GC Explicit
08-04 18:39:05.406  1732  2227 I art     : Explicit concurrent mark sweep GC freed 3(96B) AllocSpace objects, 0(0B) LOS objects, 35% free, 29MB/45MB, paused 555us total 41.345ms
08-04 18:39:05.424  1732  2227 I art     : Starting a blocking GC Explicit
08-04 18:39:05.466  1732  2227 I art     : Explicit concurrent mark sweep GC freed 3(96B) AllocSpace objects, 0(0B) LOS objects, 35% free, 29MB/45MB, paused 554us total 41.556ms
08-04 18:39:05.876  1732  1966 I art     : Starting a blocking GC Explicit
08-04 18:39:05.922  1732  1966 I art     : Explicit concurrent mark sweep GC freed 1517(113KB) AllocSpace objects, 1(20KB) LOS objects, 35% free, 29MB/45MB, paused 489us total 45.498ms
08-04 18:39:05.931  1732  1732 I Choreographer: Skipped 58 frames!  The application may be doing too much work on its main thread.
08-04 18:39:05.941  1732  1966 I art     : Starting a blocking GC Explicit
08-04 18:39:05.989  1732  1966 I art     : Explicit concurrent mark sweep GC freed 105(3KB) AllocSpace objects, 0(0B) LOS objects, 35% free, 29MB/45MB, paused 590us total 47.622ms
08-04 18:39:06.009  1732  1966 I art     : Starting a blocking GC Explicit
08-04 18:39:06.060  1732  1966 I art     : Explicit concurrent mark sweep GC freed 22(704B) AllocSpace objects, 0(0B) LOS objects, 35% free, 29MB/45MB, paused 560us total 51.141ms
08-04 18:39:06.080  1732  1966 I art     : Starting a blocking GC Explicit
08-04 18:39:06.129  1732  1966 I art     : Explicit concurrent mark sweep GC freed 20(624B) AllocSpace objects, 0(0B) LOS objects, 35% free, 29MB/45MB, paused 575us total 48.025ms
08-04 18:39:06.148  1732  1966 I art     : Starting a blocking GC Explicit
08-04 18:39:06.198  1732  1966 I art     : Explicit concurrent mark sweep GC freed 17(544B) AllocSpace objects, 0(0B) LOS objects, 35% free, 29MB/45MB, paused 464us total 49.714ms
08-04 18:39:06.386   918 13198 D NetlinkSocketObserver: NeighborEvent{elapsedMs=1712950261, 192.168.2.254, [7C3953A63323], RTM_NEWNEIGH, NUD_REACHABLE}
08-04 18:39:06.538  1732  2227 I art     : Starting a blocking GC Explicit
08-04 18:39:06.582  1732  2227 I art     : Explicit concurrent mark sweep GC freed 1356(82KB) AllocSpace objects, 1(20KB) LOS objects, 35% free, 29MB/45MB, paused 486us total 43.405ms
08-04 18:39:06.600  1732  2227 I art     : Starting a blocking GC Explicit
08-04 18:39:06.643  1732  2227 I art     : Explicit concurrent mark sweep GC freed 242(11KB) AllocSpace objects, 0(0B) LOS objects, 35% free, 29MB/45MB, paused 478us total 42.135ms
08-04 18:39:06.660  1732  2227 I art     : Starting a blocking GC Explicit
08-04 18:39:06.703  1732  2227 I art     : Explicit concurrent mark sweep GC freed 3(96B) AllocSpace objects, 0(0B) LOS objects, 35% free, 29MB/45MB, paused 494us total 42.137ms
08-04 18:39:06.720  1732  2227 I art     : Starting a blocking GC Explicit
08-04 18:39:06.762  1732  2227 I art     : Explicit concurrent mark sweep GC freed 3(96B) AllocSpace objects, 0(0B) LOS objects, 35% free, 29MB/45MB, paused 485us total 40.990ms
08-04 18:39:06.762  1732  1732 I chromium: [INFO:CONSOLE(1)] "
08-04 18:39:06.762  1732  1732 I chromium:                   ,d"=,.,qOp,
08-04 18:39:06.762  1732  1732 I chromium:                  ,7'  ''$(  )
08-04 18:39:06.762  1732  1732 I chromium:                 ,7'      '?q$7'
08-04 18:39:06.762  1732  1732 I chromium:              ..,$$,.
08-04 18:39:06.762  1732  1732 I chromium:    ,.  .,,--***""***--,,.  .,
08-04 18:39:06.762  1732  1732 I chromium:     ,p''              ''q,   
08-04 18:39:06.762  1732  1732 I chromium: :  ,7'                      '7,  :
08-04 18:39:06.762  1732  1732 I chromium:  ' $      ,db,      ,db,      $ '
08-04 18:39:06.762  1732  1732 I chromium:   '$      $$      $$      $'    Using Reddit at work? Work for Reddit.
08-04 18:39:06.762  1732  1732 I chromium:   '$                          $'        https://www.reddit.com/jobs
08-04 18:39:06.762  1732  1732 I chromium:    '$.     .,        ,.     .$'
08-04 18:39:06.762  1732  1732 I chromium:     'b,     ''     ,d'
08-04 18:39:06.762  1732  1732 I chromium:      '?bn,,          ,,nd?'
08-04 18:39:06.762  1732  1732 I chromium:        ,7$ '''' $7,
08-04 18:39:06.762  1732  1732 I chromium:      , $              $ ,
08-04 18:39:06.762  1732  1732 I chromium:      $  :$              $:  $
08-04 18:39:06.762  1732  1732 I chromium:      $   $              $   $
08-04 18:39:06.762  1732  1732 I chromium:      'b  q:            :p  d'
08-04 18:39:06.762  1732  1732 I chromium:       '?$.          .$?'
08-04 18:39:06.762  1732  1732 I chromium:          'b            d'
08-04 18:39:06.762  1732  1732 I chromium:        ,'?,.      .,?',
08-04 18:39:06.762  1732  1732 I chromium:       ==--==--==--==
08-04 18:39:06.762  1732  1732 I chromium: ", source: https://www.redditstatic.com/desktop2x/Chat~Governance~Reddit.2ea93b134a9b2e5b1d9a.js (1)
08-04 18:39:06.779  1732  2227 I art     : Starting a blocking GC Explicit
08-04 18:39:06.823  1732  2227 I art     : Explicit concurrent mark sweep GC freed 12(2912B) AllocSpace objects, 0(0B) LOS objects, 35% free, 29MB/45MB, paused 521us total 43.315ms
08-04 18:39:07.205  1732  1744 I art     : Starting a blocking GC Explicit
08-04 18:39:07.251  1732  1744 I art     : Explicit concurrent mark sweep GC freed 1365(83KB) AllocSpace objects, 1(20KB) LOS objects, 35% free, 29MB/45MB, paused 533us total 45.832ms
08-04 18:39:07.270  1732  1744 I art     : Starting a blocking GC Explicit
08-04 18:39:07.317  1732  1744 I art     : Explicit concurrent mark sweep GC freed 24(1072B) AllocSpace objects, 0(0B) LOS objects, 35% free, 29MB/45MB, paused 512us total 46.654ms
08-04 18:39:07.339  1732  1744 I art     : Starting a blocking GC Explicit
08-04 18:39:07.388  1732  1744 I art     : Explicit concurrent mark sweep GC freed 3(96B) AllocSpace objects, 0(0B) LOS objects, 35% free, 29MB/45MB, paused 546us total 48.446ms
08-04 18:39:07.406  1732  1744 I art     : Starting a blocking GC Explicit
08-04 18:39:07.452  1732  1744 I art     : Explicit concurrent mark sweep GC freed 3(96B) AllocSpace objects, 0(0B) LOS objects, 35% free, 29MB/45MB, paused 560us total 46.214ms
08-04 18:39:07.471  1732  1744 I art     : Starting a blocking GC Explicit
08-04 18:39:07.519  1732  1744 I art     : Explicit concurrent mark sweep GC freed 3(96B) AllocSpace objects, 0(0B) LOS objects, 35% free, 29MB/45MB, paused 515us total 47.454ms
08-04 18:39:07.898  1732  1966 I art     : Starting a blocking GC Explicit
08-04 18:39:07.946  1732  1966 I art     : Explicit concurrent mark sweep GC freed 1405(85KB) AllocSpace objects, 1(20KB) LOS objects, 35% free, 29MB/45MB, paused 531us total 47.791ms
08-04 18:39:07.965  1732  1966 I art     : Starting a blocking GC Explicit
08-04 18:39:08.006  1732  1966 I art     : Explicit concurrent mark sweep GC freed 178(9KB) AllocSpace objects, 0(0B) LOS objects, 35% free, 29MB/45MB, paused 501us total 40.670ms
08-04 18:39:08.024  1732  1966 I art     : Starting a blocking GC Explicit
08-04 18:39:08.064  1732  1966 I art     : Explicit concurrent mark sweep GC freed 6(208B) AllocSpace objects, 0(0B) LOS objects, 35% free, 29MB/45MB, paused 547us total 39.677ms
08-04 18:39:08.081  1732  1966 I art     : Starting a blocking GC Explicit
08-04 18:39:08.127  1732  1966 I art     : Explicit concurrent mark sweep GC freed 3(96B) AllocSpace objects, 0(0B) LOS objects, 35% free, 29MB/45MB, paused 513us total 45.649ms
08-04 18:39:08.147  1732  1966 I art     : Starting a blocking GC Explicit
08-04 18:39:08.191  1732  1966 I art     : Explicit concurrent mark sweep GC freed 3(96B) AllocSpace objects, 0(0B) LOS objects, 35% free, 29MB/45MB, paused 593us total 42.956ms
08-04 18:39:08.561  1732  1966 I art     : Starting a blocking GC Explicit
08-04 18:39:08.616  1732  1966 I art     : Explicit concurrent mark sweep GC freed 1371(85KB) AllocSpace objects, 1(20KB) LOS objects, 35% free, 29MB/45MB, paused 590us total 54.039ms
08-04 18:39:08.636  1732  1966 I art     : Starting a blocking GC Explicit
08-04 18:39:08.682  1732  1966 I art     : Explicit concurrent mark sweep GC freed 20(704B) AllocSpace objects, 0(0B) LOS objects, 35% free, 29MB/45MB, paused 513us total 46.074ms
08-04 18:39:08.701  1732  1966 I art     : Starting a blocking GC Explicit
08-04 18:39:08.744  1732  1966 I art     : Explicit concurrent mark sweep GC freed 3(96B) AllocSpace objects, 0(0B) LOS objects, 35% free, 29MB/45MB, paused 525us total 42.364ms
08-04 18:39:08.762  1732  1966 I art     : Starting a blocking GC Explicit
08-04 18:39:08.781  1732  3718 I RedditChangeDataIO: Writing tmp data file at '/data/user/0/baseline.org.quantumbadger.redreader/files/rr_change_data_tmp.dat'
08-04 18:39:08.782  1732  3718 I RedditChangeDataManager: Taking snapshot...
08-04 18:39:08.782  1732  3718 I RedditChangeDataManager: Writing to stream...
08-04 18:39:08.782  1732  3718 I RedditChangeDataManager: Wrote 4 entries for user ''
08-04 18:39:08.782  1732  3718 I RedditChangeDataManager: All entries written to stream.
08-04 18:39:08.782  1732  3718 I RedditChangeDataIO: Write successful. Atomically replacing data file...
08-04 18:39:08.782  1732  3718 I RedditChangeDataIO: Write complete.
08-04 18:39:08.782  1732  3718 I RedditChangeDataIO: 110 bytes written in 1 ms
08-04 18:39:08.806  1732  1966 I art     : Explicit concurrent mark sweep GC freed 123(7KB) AllocSpace objects, 1(68KB) LOS objects, 35% free, 29MB/45MB, paused 462us total 44.350ms
08-04 18:39:08.825  1732  1966 I art     : Starting a blocking GC Explicit
08-04 18:39:08.870  1732  1966 I art     : Explicit concurrent mark sweep GC freed 13(624B) AllocSpace objects, 0(0B) LOS objects, 35% free, 29MB/45MB, paused 489us total 44.856ms
08-04 18:39:09.223  8429  3753 I Finsky  : [6020] xmu.a(8): SCH: Jobs in database: 1-1337 3-197 3-198 10-47 12-1 24-77777777 26-1414141414 
08-04 18:39:09.225  8429  8429 I Finsky  : [1] xkf.handleMessage(61): SCH: RunningQueue size: 0, PendingQueue size: 2
08-04 18:39:09.226  8429  8429 I Finsky  : [1] xkf.handleMessage(25): Executor finished
08-04 18:39:09.236  8429  8429 I Finsky  : [1] xmu.a(8): SCH: Jobs in database: 1-1337 3-197 3-198 10-47 12-1 24-77777777 26-1414141414 
08-04 18:39:09.240  8429  8429 I Finsky  : [1] xio.a(57): SCH: ConstraintMapping: 24-77777777,  -> L: 0ms, D: 9051599ms, C: false, I: true, N: 0
08-04 18:39:09.241  8429  8429 I Finsky  : [1] xio.a(57): SCH: ConstraintMapping: 12-1, 1-1337, 10-47,  -> L: 0ms, D: 55603668ms, C: false, I: false, N: 1
08-04 18:39:09.241  8429  8429 I Finsky  : [1] xio.a(57): SCH: ConstraintMapping: 3-197,  -> L: 0ms, D: 80481595ms, C: false, I: true, N: 2
08-04 18:39:09.242  8429  8429 I Finsky  : [1] xio.a(57): SCH: ConstraintMapping: 3-198,  -> L: 0ms, D: 80481654ms, C: true, I: true, N: 2
08-04 18:39:09.243  8429  8429 I Finsky  : [1] xio.a(57): SCH: ConstraintMapping: 26-1414141414,  -> L: 16516799ms, D: 17416799ms, C: false, I: false, N: 0
08-04 18:39:09.260  8429  8429 I Finsky  : [1] xle.a(34): Cancelling existing jobscheduler jobs: 9011 9006 9000 9008 9004 9012 9003 9005 
08-04 18:39:09.261  8429  8429 I Finsky  : [1] xle.a(27): Scheduling job Id: 9001, L: 0, D: 9051599, C: false, I: true, N: 0
08-04 18:39:09.263  8429  8429 I Finsky  : [1] xle.a(27): Scheduling job Id: 9002, L: 0, D: 55603668, C: false, I: false, N: 1
08-04 18:39:09.265  8429  8429 I Finsky  : [1] xle.a(27): Scheduling job Id: 9009, L: 0, D: 80481595, C: false, I: true, N: 2
08-04 18:39:09.275  1732  2227 I art     : Starting a blocking GC Explicit
08-04 18:39:09.284   918   918 I ActivityManager: Start proc 3884:baseline.com.newsblur/u0a652 for service baseline.com.newsblur/.service.NBSyncService
08-04 18:39:09.284  3884  3884 I art     : Late-enabling -Xcheck:jni
08-04 18:39:09.285  8429  8429 I Finsky  : [1] xle.a(27): Scheduling job Id: 9010, L: 0, D: 80481654, C: true, I: true, N: 2
08-04 18:39:09.288  8429  8429 I Finsky  : [1] xle.a(27): Scheduling job Id: 9013, L: 16516799, D: 17416799, C: false, I: false, N: 0
08-04 18:39:09.290  8429  8429 I Finsky  : [1] xle.a(27): Scheduling job Id: 9014, L: 0, D: 9051599, C: false, I: true, N: 0
08-04 18:39:09.291  8429  8429 I Finsky  : [1] xle.a(27): Scheduling job Id: 9015, L: 0, D: 55603668, C: false, I: false, N: 1
08-04 18:39:09.293  8429  8429 I Finsky  : [1] xle.a(27): Scheduling job Id: 9016, L: 0, D: 80481595, C: false, I: true, N: 2
08-04 18:39:09.295  8429  8429 I Finsky  : [1] xle.a(27): Scheduling job Id: 9017, L: 0, D: 80481654, C: true, I: true, N: 2
08-04 18:39:09.297  8429  8429 I Finsky  : [1] xle.a(27): Scheduling job Id: 9018, L: 16516799, D: 17416799, C: false, I: false, N: 0
08-04 18:39:09.308  8429  8429 I Finsky  : [1] xow.onStartJob(3): SCH: onJobSchedulerWakeup with jobId 9002
08-04 18:39:09.321  1732  2227 I art     : Explicit concurrent mark sweep GC freed 1355(82KB) AllocSpace objects, 1(20KB) LOS objects, 35% free, 29MB/45MB, paused 494us total 46.110ms
08-04 18:39:09.328  8429  8429 I Finsky  : [1] xjw.a(9): Scheduling fallback in 43199998 (absolute: 1756153201)
08-04 18:39:09.330  8429  8429 I Finsky  : [1] xjw.a(9): Scheduling fallback in 64799999 (absolute: 1777753204)
08-04 18:39:09.338  1732  2227 I art     : Starting a blocking GC Explicit
08-04 18:39:09.339  3884  3884 W System  : ClassLoader referenced unknown path: /data/app/baseline.com.newsblur-1/lib/arm64
08-04 18:39:09.378  1732  2227 I art     : Explicit concurrent mark sweep GC freed 20(704B) AllocSpace objects, 0(0B) LOS objects, 35% free, 29MB/45MB, paused 443us total 39.660ms
08-04 18:39:09.396  1732  2227 I art     : Starting a blocking GC Explicit
08-04 18:39:09.435  8429  8429 I Finsky  : [1] xkf.handleMessage(8): SCH: DeviceState: DeviceState{currentTime=1596559149431, isCharging=false, isIdle=false, netAny=true, netNotRoaming=true, netUnmetered=true, batteryPercent=100.0}
08-04 18:39:09.438  1732  2227 I art     : Explicit concurrent mark sweep GC freed 5(176B) AllocSpace objects, 0(0B) LOS objects, 35% free, 29MB/45MB, paused 445us total 42.128ms
08-04 18:39:09.439  8429  3753 I Finsky  : [6020] xmu.a(8): SCH: Jobs in database: 1-1337 3-197 3-198 10-47 12-1 24-77777777 26-1414141414 
08-04 18:39:09.442  8429  8429 I Finsky  : [1] xkg.a(16): SCH: Running job: 10-47
08-04 18:39:09.442  8429  8429 I Finsky  : [1] xkg.a(16): SCH: Running job: 12-1
08-04 18:39:09.443  8429  8429 I Finsky  : [1] ContentSyncJob.a(16): [ContentSync] job started
08-04 18:39:09.443  8429  8429 I Finsky  : [1] xkf.handleMessage(61): SCH: RunningQueue size: 2, PendingQueue size: 0
08-04 18:39:09.444  8429  8429 I Finsky  : [1] xkf.handleMessage(64): SCH: Running queue: 10-47 12-1 
08-04 18:39:09.455  1732  2227 I art     : Starting a blocking GC Explicit
08-04 18:39:09.499  1732  2227 I art     : Explicit concurrent mark sweep GC freed 3(96B) AllocSpace objects, 0(0B) LOS objects, 35% free, 29MB/45MB, paused 501us total 43.417ms
08-04 18:39:09.512  8429  3753 I Finsky  : [6020] gwm.a(-1): [Counters Flush] finished, scheduled=false
08-04 18:39:09.521  1732  2227 I art     : Starting a blocking GC Explicit
08-04 18:39:09.527  8429  3753 I Finsky  : [6020] xlr.a(13): SCH: jobFinished: 10-47. TimeElapsed: 71ms.
08-04 18:39:09.528  8429  8429 I Finsky  : [1] xkg.a(36): SCH: Job 10-47 finished. Not rescheduling.
08-04 18:39:09.528  8429  8429 I Finsky  : [1] xkf.handleMessage(61): SCH: RunningQueue size: 1, PendingQueue size: 0
08-04 18:39:09.529  8429  8429 I Finsky  : [1] xkf.handleMessage(64): SCH: Running queue: 12-1 
08-04 18:39:09.550  8429  3903 I Finsky  : [6022] dzn.a(22): Completed 0 account content syncs with 0 successful.
08-04 18:39:09.551  8429  8429 I Finsky  : [1] ContentSyncJob.a(1): [ContentSync] Installation state replication succeeded.
08-04 18:39:09.552  8429  8429 I Finsky  : [1] xlr.a(13): SCH: jobFinished: 12-1. TimeElapsed: 109ms.
08-04 18:39:09.553  8429  8429 I Finsky  : [1] xkg.a(36): SCH: Job 12-1 finished. Not rescheduling.
08-04 18:39:09.553  8429  8429 I Finsky  : [1] xkf.handleMessage(61): SCH: RunningQueue size: 0, PendingQueue size: 0
08-04 18:39:09.553  8429  8429 I Finsky  : [1] xkf.handleMessage(25): Executor finished
08-04 18:39:09.560   918  5481 I ActivityManager: Killing 23035:com.google.android.videos/u0a72 (adj 15): empty #17
08-04 18:39:09.563  1732  2227 I art     : Explicit concurrent mark sweep GC freed 3(96B) AllocSpace objects, 0(0B) LOS objects, 35% free, 29MB/45MB, paused 444us total 41.641ms
08-04 18:39:09.602  8429  8429 I Finsky  : [1] xmu.a(8): SCH: Jobs in database: 1-1337 3-197 3-198 24-77777777 26-1414141414 
08-04 18:39:09.604  8429  8429 I Finsky  : [1] xio.a(57): SCH: ConstraintMapping: 24-77777777,  -> L: 0ms, D: 9051234ms, C: false, I: true, N: 0
08-04 18:39:09.605  8429  8429 I Finsky  : [1] xio.a(57): SCH: ConstraintMapping: 1-1337,  -> L: 12403303ms, D: 55603303ms, C: false, I: false, N: 1
08-04 18:39:09.605  8429  8429 I Finsky  : [1] xio.a(57): SCH: ConstraintMapping: 3-197,  -> L: 0ms, D: 80481229ms, C: false, I: true, N: 2
08-04 18:39:09.606  8429  8429 I Finsky  : [1] xio.a(57): SCH: ConstraintMapping: 3-198,  -> L: 0ms, D: 80481288ms, C: true, I: true, N: 2
08-04 18:39:09.609  8429  8429 I Finsky  : [1] xio.a(57): SCH: ConstraintMapping: 26-1414141414,  -> L: 16516434ms, D: 17416434ms, C: false, I: false, N: 0
08-04 18:39:09.621  8429  8429 I Finsky  : [1] xle.a(34): Cancelling existing jobscheduler jobs: 9016 9013 9001 9018 9010 9017 9009 9014 9015 
08-04 18:39:09.621  8429  8429 I Finsky  : [1] xle.a(10): Throttling wakeup for job 9000 (expected to run in 0 ms) due to recent wakeup
08-04 18:39:09.622  8429  8429 I Finsky  : [1] xle.a(27): Scheduling job Id: 9000, L: 30000, D: 9051234, C: false, I: true, N: 0
08-04 18:39:09.624  8429  8429 I Finsky  : [1] xle.a(27): Scheduling job Id: 9003, L: 12403303, D: 55603303, C: false, I: false, N: 1
08-04 18:39:09.625  8429  8429 I Finsky  : [1] xle.a(10): Throttling wakeup for job 9004 (expected to run in 0 ms) due to recent wakeup
08-04 18:39:09.625  8429  8429 I Finsky  : [1] xle.a(27): Scheduling job Id: 9004, L: 30000, D: 80481229, C: false, I: true, N: 2
08-04 18:39:09.626  8429  8429 I Finsky  : [1] xle.a(10): Throttling wakeup for job 9005 (expected to run in 0 ms) due to recent wakeup
08-04 18:39:09.627  8429  8429 I Finsky  : [1] xle.a(27): Scheduling job Id: 9005, L: 30000, D: 80481288, C: true, I: true, N: 2
08-04 18:39:09.628  8429  8429 I Finsky  : [1] xle.a(27): Scheduling job Id: 9006, L: 16516434, D: 17416434, C: false, I: false, N: 0
08-04 18:39:09.629  8429  8429 I Finsky  : [1] xle.a(10): Throttling wakeup for job 9007 (expected to run in 0 ms) due to recent wakeup
08-04 18:39:09.629  8429  8429 I Finsky  : [1] xle.a(27): Scheduling job Id: 9007, L: 30000, D: 9051234, C: false, I: true, N: 0
08-04 18:39:09.631  8429  8429 I Finsky  : [1] xle.a(27): Scheduling job Id: 9008, L: 12403303, D: 55603303, C: false, I: false, N: 1
08-04 18:39:09.632  8429  8429 I Finsky  : [1] xle.a(10): Throttling wakeup for job 9011 (expected to run in 0 ms) due to recent wakeup
08-04 18:39:09.632  8429  8429 I Finsky  : [1] xle.a(27): Scheduling job Id: 9011, L: 30000, D: 80481229, C: false, I: true, N: 2
08-04 18:39:09.634  8429  8429 I Finsky  : [1] xle.a(10): Throttling wakeup for job 9012 (expected to run in 0 ms) due to recent wakeup
08-04 18:39:09.634  8429  8429 I Finsky  : [1] xle.a(27): Scheduling job Id: 9012, L: 30000, D: 80481288, C: true, I: true, N: 2
08-04 18:39:09.636  8429  8429 I Finsky  : [1] xle.a(27): Scheduling job Id: 9019, L: 16516434, D: 17416434, C: false, I: false, N: 0
08-04 18:39:09.942  1732  1743 I art     : Starting a blocking GC Explicit
08-04 18:39:09.991  1732  1743 I art     : Explicit concurrent mark sweep GC freed 1355(82KB) AllocSpace objects, 1(20KB) LOS objects, 35% free, 29MB/45MB, paused 497us total 49.206ms
08-04 18:39:10.018  1732  1743 I art     : Starting a blocking GC Explicit
08-04 18:39:10.064  1732  1743 I art     : Explicit concurrent mark sweep GC freed 20(704B) AllocSpace objects, 0(0B) LOS objects, 35% free, 29MB/45MB, paused 505us total 45.969ms
08-04 18:39:10.083  1732  1743 I art     : Starting a blocking GC Explicit
08-04 18:39:10.133  1732  1743 I art     : Explicit concurrent mark sweep GC freed 3(96B) AllocSpace objects, 0(0B) LOS objects, 35% free, 29MB/45MB, paused 472us total 50.188ms
08-04 18:39:10.152  1732  1743 I art     : Starting a blocking GC Explicit
08-04 18:39:10.199  1732  1743 I art     : Explicit concurrent mark sweep GC freed 3(96B) AllocSpace objects, 0(0B) LOS objects, 35% free, 29MB/45MB, paused 492us total 46.841ms
08-04 18:39:10.219  1732  1743 I art     : Starting a blocking GC Explicit
08-04 18:39:10.269  1732  1743 I art     : Explicit concurrent mark sweep GC freed 3(96B) AllocSpace objects, 0(0B) LOS objects, 35% free, 29MB/45MB, paused 513us total 49.754ms
08-04 18:39:10.580   518   646 I ThermalEngine: ACTION: GPU - Setting GPU[0] to 390000000
08-04 18:39:10.664  1732  1966 I art     : Starting a blocking GC Explicit
08-04 18:39:10.732  1732  1966 I art     : Explicit concurrent mark sweep GC freed 1355(82KB) AllocSpace objects, 1(20KB) LOS objects, 35% free, 29MB/45MB, paused 641us total 67.074ms
08-04 18:39:10.757  1732  1966 I art     : Starting a blocking GC Explicit
08-04 18:39:10.828  1732  1966 I art     : Explicit concurrent mark sweep GC freed 20(704B) AllocSpace objects, 0(0B) LOS objects, 35% free, 29MB/45MB, paused 897us total 70.294ms
08-04 18:39:10.853  1732  1966 I art     : Starting a blocking GC Explicit
08-04 18:39:10.924  1732  1966 I art     : Explicit concurrent mark sweep GC freed 3(96B) AllocSpace objects, 0(0B) LOS objects, 35% free, 29MB/45MB, paused 783us total 70.106ms
08-04 18:39:10.949  1732  1966 I art     : Starting a blocking GC Explicit
08-04 18:39:11.014  1732  1966 I art     : Explicit concurrent mark sweep GC freed 3(96B) AllocSpace objects, 0(0B) LOS objects, 35% free, 29MB/45MB, paused 1.399ms total 63.993ms
08-04 18:39:11.040  1732  1966 I art     : Starting a blocking GC Explicit
08-04 18:39:11.100  1732  1966 I art     : Explicit concurrent mark sweep GC freed 3(96B) AllocSpace objects, 0(0B) LOS objects, 35% free, 29MB/45MB, paused 907us total 59.566ms
08-04 18:39:11.518  1732  1743 I art     : Starting a blocking GC Explicit
08-04 18:39:11.577  1732  1743 I art     : Explicit concurrent mark sweep GC freed 1355(82KB) AllocSpace objects, 1(20KB) LOS objects, 35% free, 29MB/45MB, paused 882us total 57.271ms
08-04 18:39:11.602  1732  1743 I art     : Starting a blocking GC Explicit
08-04 18:39:11.664  1732  1743 I art     : Explicit concurrent mark sweep GC freed 20(704B) AllocSpace objects, 0(0B) LOS objects, 35% free, 29MB/45MB, paused 686us total 61.388ms
08-04 18:39:11.689  1732  1743 I art     : Starting a blocking GC Explicit
08-04 18:39:11.759  1732  1743 I art     : Explicit concurrent mark sweep GC freed 3(96B) AllocSpace objects, 0(0B) LOS objects, 35% free, 29MB/45MB, paused 813us total 68.893ms
08-04 18:39:11.784  1732  1743 I art     : Starting a blocking GC Explicit
08-04 18:39:11.852  1732  1743 I art     : Explicit concurrent mark sweep GC freed 3(96B) AllocSpace objects, 0(0B) LOS objects, 35% free, 29MB/45MB, paused 736us total 68.137ms
08-04 18:39:11.877  1732  1743 I art     : Starting a blocking GC Explicit
08-04 18:39:11.947  1732  1743 I art     : Explicit concurrent mark sweep GC freed 3(96B) AllocSpace objects, 0(0B) LOS objects, 35% free, 29MB/45MB, paused 798us total 69.284ms
08-04 18:39:11.976   918 13197 D NetworkMonitor/NetworkAgentInfo [WIFI () - 158]: Checking http://connectivitycheck.gstatic.com/generate_204 on "H369AA63323", 192.168.2.12=192.168.2.12
08-04 18:39:12.097   918 13197 D NetworkMonitor/NetworkAgentInfo [WIFI () - 158]: Probably not a portal: exception java.io.IOException: unexpected end of stream on Connection{connectivitycheck.gstatic.com:80, proxy=HTTP@/192.168.2.12:8080 hostAddress=192.168.2.12 cipherSuite=none protocol=http/1.1} (recycle count=0)
08-04 18:39:12.098   918  3263 D ConnectivityService: NetworkAgentInfo [WIFI () - 158] validation failed
08-04 18:39:12.099   918  3261 E WifiConfigStore:  rewrite network history for "H369AA63323"WPA_PSK
08-04 18:39:12.172 29955 29955 I Atfwd_Sendcmd: AtCmdFwd service not ready - Exhausted retry attempts - :6
08-04 18:39:12.172 29955 29955 I Atfwd_Daemon: result : -1 	 ,Init step :2 	 ,qmiErrorCode: 0
08-04 18:39:12.477  1732  1966 I art     : Starting a blocking GC Explicit
08-04 18:39:12.569  1732  1966 I art     : Explicit concurrent mark sweep GC freed 1355(82KB) AllocSpace objects, 1(20KB) LOS objects, 35% free, 29MB/45MB, paused 2.071ms total 90.906ms
08-04 18:39:12.583   518   646 I ThermalEngine: ACTION: GPU - Setting GPU[0] to 450000000
08-04 18:39:12.598  1732  1966 I art     : Starting a blocking GC Explicit
08-04 18:39:12.642  1732  1966 I art     : Explicit concurrent mark sweep GC freed 20(704B) AllocSpace objects, 0(0B) LOS objects, 35% free, 29MB/45MB, paused 469us total 43.996ms
08-04 18:39:12.660  1732  1966 I art     : Starting a blocking GC Explicit
08-04 18:39:12.707  1732  1966 I art     : Explicit concurrent mark sweep GC freed 3(96B) AllocSpace objects, 0(0B) LOS objects, 35% free, 29MB/45MB, paused 639us total 45.969ms
08-04 18:39:12.729  1732  1966 I art     : Starting a blocking GC Explicit
08-04 18:39:12.773  1732  1966 I art     : Explicit concurrent mark sweep GC freed 3(96B) AllocSpace objects, 0(0B) LOS objects, 35% free, 29MB/45MB, paused 492us total 43.933ms
08-04 18:39:12.791  1732  1966 I art     : Starting a blocking GC Explicit
08-04 18:39:12.844  1732  1966 I art     : Explicit concurrent mark sweep GC freed 3(96B) AllocSpace objects, 0(0B) LOS objects, 35% free, 29MB/45MB, paused 523us total 52.247ms
08-04 18:39:12.856  3942  3942 D AndroidRuntime: >>>>>> START com.android.internal.os.RuntimeInit uid 2000 <<<<<<
08-04 18:39:12.862  3942  3942 D AndroidRuntime: CheckJNI is OFF
08-04 18:39:12.903  3942  3942 D ICU     : No timezone override file found: /data/misc/zoneinfo/current/icu/icu_tzdata.dat
08-04 18:39:12.948  3942  3942 I Radio-JNI: register_android_hardware_Radio DONE
08-04 18:39:12.977  3942  3942 D AndroidRuntime: Calling main entry com.android.commands.input.Input
08-04 18:39:12.981  3942  3942 I Input   : injectKeyEvent: KeyEvent { action=ACTION_DOWN, keyCode=KEYCODE_BACK, scanCode=0, metaState=0, flags=0x0, repeatCount=0, eventTime=729569394, downTime=729569394, deviceId=-1, source=0x101 }
08-04 18:39:12.993  3942  3942 I Input   : injectKeyEvent: KeyEvent { action=ACTION_UP, keyCode=KEYCODE_BACK, scanCode=0, metaState=0, flags=0x0, repeatCount=0, eventTime=729569394, downTime=729569394, deviceId=-1, source=0x101 }
08-04 18:39:13.007  3942  3942 D AndroidRuntime: Shutting down VM
08-04 18:39:13.066 13866 13866 I GoogleInputMethodServic: GoogleInputMethodService.onFinishInput():3138 
08-04 18:39:13.067 13866 13866 I GoogleInputMethodServic: GoogleInputMethodService.onStartInput():1808 
08-04 18:39:13.208  1732  1966 I art     : Starting a blocking GC Explicit
08-04 18:39:13.251  1732  1966 I art     : Explicit concurrent mark sweep GC freed 1633(93KB) AllocSpace objects, 1(20KB) LOS objects, 35% free, 29MB/45MB, paused 429us total 42.626ms
08-04 18:39:13.269  1732  1966 I art     : Starting a blocking GC Explicit
08-04 18:39:13.309  1732  1966 I art     : Explicit concurrent mark sweep GC freed 24(864B) AllocSpace objects, 0(0B) LOS objects, 35% free, 29MB/45MB, paused 468us total 39.585ms
08-04 18:39:13.327  1732  1966 I art     : Starting a blocking GC Explicit
08-04 18:39:13.373  1732  1966 I art     : Explicit concurrent mark sweep GC freed 62(2416B) AllocSpace objects, 0(0B) LOS objects, 35% free, 29MB/45MB, paused 795us total 45.893ms
08-04 18:39:13.377   380   380 W SurfaceFlinger: couldn't log to binary event log: overflow.
08-04 18:39:13.392  1732  1966 I art     : Starting a blocking GC Explicit
08-04 18:39:13.411   918  3263 D ConnectivityService: releasing NetworkRequest NetworkRequest [ id=2834, legacyType=-1, [ Capabilities: INTERNET&NOT_RESTRICTED&TRUSTED] ]
08-04 18:39:13.432  1732  1966 I art     : Explicit concurrent mark sweep GC freed 765(38KB) AllocSpace objects, 0(0B) LOS objects, 35% free, 29MB/45MB, paused 496us total 40.162ms
08-04 18:39:13.449  1732  1966 I art     : Starting a blocking GC Explicit
08-04 18:39:13.489  1732  1966 I art     : Explicit concurrent mark sweep GC freed 234(11KB) AllocSpace objects, 0(0B) LOS objects, 35% free, 29MB/45MB, paused 460us total 39.590ms
08-04 18:39:13.817  1732  1743 I art     : Starting a blocking GC Explicit
08-04 18:39:13.865  1732  1743 I art     : Explicit concurrent mark sweep GC freed 3311(199KB) AllocSpace objects, 2(48KB) LOS objects, 35% free, 29MB/45MB, paused 509us total 47.608ms
08-04 18:39:13.884  1732  1743 I art     : Starting a blocking GC Explicit
08-04 18:39:13.929  1732  1743 I art     : Explicit concurrent mark sweep GC freed 20(704B) AllocSpace objects, 0(0B) LOS objects, 35% free, 29MB/45MB, paused 496us total 44.734ms
08-04 18:39:13.948  1732  1743 I art     : Starting a blocking GC Explicit
08-04 18:39:13.997  1732  1743 I art     : Explicit concurrent mark sweep GC freed 3(96B) AllocSpace objects, 0(0B) LOS objects, 35% free, 29MB/45MB, paused 531us total 48.100ms
08-04 18:39:14.020  1732  1743 I art     : Starting a blocking GC Explicit
08-04 18:39:14.065  1732  1743 I art     : Explicit concurrent mark sweep GC freed 3(96B) AllocSpace objects, 0(0B) LOS objects, 35% free, 29MB/45MB, paused 495us total 44.486ms
08-04 18:39:14.084  1732  1743 I art     : Starting a blocking GC Explicit
08-04 18:39:14.130  1732  1743 I art     : Explicit concurrent mark sweep GC freed 3(96B) AllocSpace objects, 0(0B) LOS objects, 35% free, 29MB/45MB, paused 506us total 46.096ms
08-04 18:39:14.463  1732  3991 I art     : Starting a blocking GC Explicit
08-04 18:39:14.519  1732  3991 I art     : Explicit concurrent mark sweep GC freed 1373(83KB) AllocSpace objects, 1(20KB) LOS objects, 35% free, 29MB/45MB, paused 575us total 55.246ms
08-04 18:39:14.540  1732  3991 I art     : Starting a blocking GC Explicit
08-04 18:39:14.586  1732  3991 I art     : Explicit concurrent mark sweep GC freed 26(928B) AllocSpace objects, 0(0B) LOS objects, 35% free, 29MB/45MB, paused 475us total 45.525ms
08-04 18:39:14.604  1732  3991 I art     : Starting a blocking GC Explicit
08-04 18:39:14.649  1732  3991 I art     : Explicit concurrent mark sweep GC freed 3(96B) AllocSpace objects, 0(0B) LOS objects, 35% free, 29MB/45MB, paused 489us total 44.547ms
08-04 18:39:14.667  1732  3991 I art     : Starting a blocking GC Explicit
08-04 18:39:14.715  1732  3991 I art     : Explicit concurrent mark sweep GC freed 3(96B) AllocSpace objects, 0(0B) LOS objects, 35% free, 29MB/45MB, paused 525us total 47.751ms
08-04 18:39:14.734  1732  3991 I art     : Starting a blocking GC Explicit
08-04 18:39:14.782  1732  3991 I art     : Explicit concurrent mark sweep GC freed 3(96B) AllocSpace objects, 0(0B) LOS objects, 35% free, 29MB/45MB, paused 515us total 47.594ms
08-04 18:39:14.844  4003  4003 D AndroidRuntime: >>>>>> START com.android.internal.os.RuntimeInit uid 2000 <<<<<<
08-04 18:39:14.850  4003  4003 D AndroidRuntime: CheckJNI is OFF
08-04 18:39:14.897  4003  4003 D ICU     : No timezone override file found: /data/misc/zoneinfo/current/icu/icu_tzdata.dat
08-04 18:39:14.945  4003  4003 I Radio-JNI: register_android_hardware_Radio DONE
08-04 18:39:14.974  4003  4003 D AndroidRuntime: Calling main entry com.android.commands.input.Input
08-04 18:39:14.976  4003  4003 I Input   : injectMotionEvent: MotionEvent { action=ACTION_DOWN, actionButton=0, id[0]=0, x[0]=600.0, y[0]=820.0, toolType[0]=TOOL_TYPE_UNKNOWN, buttonState=0, metaState=0, flags=0x0, edgeFlags=0x0, pointerCount=1, historySize=0, eventTime=729571389, downTime=729571389, deviceId=0, source=0x1002 }
08-04 18:39:14.983  4003  4003 I Input   : injectMotionEvent: MotionEvent { action=ACTION_UP, actionButton=0, id[0]=0, x[0]=600.0, y[0]=820.0, toolType[0]=TOOL_TYPE_UNKNOWN, buttonState=0, metaState=0, flags=0x0, edgeFlags=0x0, pointerCount=1, historySize=0, eventTime=729571389, downTime=729571389, deviceId=0, source=0x1002 }
08-04 18:39:14.985  4003  4003 D AndroidRuntime: Shutting down VM
08-04 18:39:15.004   512  2967 D audio_hw_primary: out_set_parameters: enter: usecase(1: low-latency-playback) kvpairs: routing=2
08-04 18:39:15.009   918  5132 I ActivityManager: START u0 {dat=https://oauth.reddit.com/... cmp=baseline.org.quantumbadger.redreader/.activities.CommentListingActivity} from uid 10666 on display 0
08-04 18:39:15.023   512  2967 D audio_hw_primary: select_devices: out_snd_device(2: speaker) in_snd_device(0: none)
08-04 18:39:15.023   512  2967 D msm8974_platform: platform_send_audio_calibration: sending audio calibration for snd_device(2) acdb_id(15)
08-04 18:39:15.023   512  2967 I soundtrigger: audio_extn_sound_trigger_update_device_status: device 0x2 of type 0 for Event 1
08-04 18:39:15.034   512  2967 D audio_hw_primary: enable_snd_device: snd_device(2: speaker)
08-04 18:39:15.035  1732  1732 I AppCompatViewInflater: app:theme is now deprecated. Please move to using android:theme instead.
08-04 18:39:15.037   512  2967 D audio_hw_primary: enable_audio_route: apply and update mixer path: low-latency-playback speaker
08-04 18:39:15.057  1732  4038 D OK      : calling: https://oauth.reddit.com/comments/hi3oht/.json?sort=confidence
08-04 18:39:15.129   918   936 I ActivityManager: Displayed baseline.org.quantumbadger.redreader/.activities.CommentListingActivity: +111ms
08-04 18:39:15.129 13866 13866 I GoogleInputMethodServic: GoogleInputMethodService.onFinishInput():3138 
08-04 18:39:15.130 13866 13866 I GoogleInputMethodServic: GoogleInputMethodService.onStartInput():1808 
08-04 18:39:15.132  1732  1744 I art     : Starting a blocking GC Explicit
08-04 18:39:15.182  1732  1744 I art     : Explicit concurrent mark sweep GC freed 4160(222KB) AllocSpace objects, 1(20KB) LOS objects, 35% free, 29MB/45MB, paused 508us total 50.043ms
08-04 18:39:15.200  1732  1744 I art     : Starting a blocking GC Explicit
08-04 18:39:15.243  1732  1744 I art     : Explicit concurrent mark sweep GC freed 621(30KB) AllocSpace objects, 0(0B) LOS objects, 35% free, 29MB/45MB, paused 722us total 42.986ms
08-04 18:39:15.265  1732  1744 I art     : Starting a blocking GC Explicit
08-04 18:39:15.320  1732  1744 I art     : Explicit concurrent mark sweep GC freed 1809(71KB) AllocSpace objects, 0(0B) LOS objects, 35% free, 29MB/45MB, paused 850us total 54.751ms
08-04 18:39:15.343  1732  1744 I art     : Starting a blocking GC Explicit
08-04 18:39:15.380   380   380 W SurfaceFlinger: couldn't log to binary event log: overflow.
08-04 18:39:15.393  1732  1744 I art     : Explicit concurrent mark sweep GC freed 61(2288B) AllocSpace objects, 0(0B) LOS objects, 35% free, 29MB/45MB, paused 548us total 49.994ms
08-04 18:39:15.406  1732  4038 I NAPPA_EXPERIMENTATION: MetricNetworkRequestExecutionTime: REQUEST_DURATION_SYSTEM='348',REQUEST_DURATION_OKHTTP='139',REQUEST_SYNCHRONOUS='TRUE',RESPONSE_CODE='200',RESPONSE_METHOD='GET',RESPONSE_LENGTH_OKHTTP='-1',RESPONSE_LENGTH_HEADER='167875',REQUEST_PROTOCOL='h2',REQUEST_URL='https://oauth.reddit.com/comments/hi3oht/.json?sort=confidence',
08-04 18:39:15.406  1732  4038 D OK      : request got status: 200
08-04 18:39:15.410  1732  1744 I art     : Starting a blocking GC Explicit
08-04 18:39:15.415  1732  2333 I CommentListingActivity: COMMENTS session changed to 51942c6a-1a14-4201-8079-0df3af9edb46
08-04 18:39:15.455  1732  1744 I art     : Explicit concurrent mark sweep GC freed 814(118KB) AllocSpace objects, 1(16KB) LOS objects, 34% free, 30MB/46MB, paused 791us total 44.681ms
08-04 18:39:15.578   512  2967 D audio_hw_primary: disable_audio_route: reset and update mixer path: low-latency-playback speaker
08-04 18:39:15.579   512  2967 D audio_hw_primary: disable_snd_device: snd_device(2: speaker)
08-04 18:39:15.588   512  2967 I soundtrigger: audio_extn_sound_trigger_update_device_status: device 0x2 of type 0 for Event 0
08-04 18:39:15.774  1732  1966 I art     : Starting a blocking GC Explicit
08-04 18:39:15.857  1732  1966 I art     : Explicit concurrent mark sweep GC freed 52453(3MB) AllocSpace objects, 4(88KB) LOS objects, 31% free, 34MB/50MB, paused 1.264ms total 82.275ms
08-04 18:39:15.879  1732  1966 I art     : Starting a blocking GC Explicit
08-04 18:39:15.958  1732  1966 I art     : Explicit concurrent mark sweep GC freed 6748(580KB) AllocSpace objects, 1(16KB) LOS objects, 31% free, 35MB/51MB, paused 866us total 78.812ms
08-04 18:39:15.982  1732  1966 I art     : Starting a blocking GC Explicit
08-04 18:39:16.047  1732  1966 I art     : Explicit concurrent mark sweep GC freed 36852(1781KB) AllocSpace objects, 4(168KB) LOS objects, 32% free, 33MB/49MB, paused 540us total 64.116ms
08-04 18:39:16.068  1732  1966 I art     : Starting a blocking GC Explicit
08-04 18:39:16.131  1732  1966 I art     : Explicit concurrent mark sweep GC freed 18(752B) AllocSpace objects, 0(0B) LOS objects, 32% free, 33MB/49MB, paused 648us total 63.135ms
08-04 18:39:16.154  1732  1966 I art     : Starting a blocking GC Explicit
08-04 18:39:16.222  1732  1966 I art     : Explicit concurrent mark sweep GC freed 3(96B) AllocSpace objects, 0(0B) LOS objects, 32% free, 33MB/49MB, paused 508us total 67.230ms
08-04 18:39:16.564  1732  1966 I art     : Starting a blocking GC Explicit
08-04 18:39:16.588   518   646 I ThermalEngine: ACTION: GPU - Setting GPU[0] to 390000000
08-04 18:39:16.681  1732  1966 I art     : Explicit concurrent mark sweep GC freed 1354(82KB) AllocSpace objects, 1(20KB) LOS objects, 32% free, 33MB/49MB, paused 1.099ms total 116.482ms
08-04 18:39:16.719  1732  1966 I art     : Starting a blocking GC Explicit
08-04 18:39:16.813  1732  1966 I art     : Explicit concurrent mark sweep GC freed 66(2528B) AllocSpace objects, 0(0B) LOS objects, 32% free, 33MB/49MB, paused 1.219ms total 93.871ms
08-04 18:39:16.851  1732  1966 I art     : Starting a blocking GC Explicit
08-04 18:39:16.935  1732  1966 I art     : Explicit concurrent mark sweep GC freed 3(96B) AllocSpace objects, 0(0B) LOS objects, 32% free, 33MB/49MB, paused 796us total 83.536ms
08-04 18:39:16.966  1732  1966 I art     : Starting a blocking GC Explicit
08-04 18:39:17.058  1732  1966 I art     : Explicit concurrent mark sweep GC freed 3(96B) AllocSpace objects, 0(0B) LOS objects, 32% free, 33MB/49MB, paused 839us total 91.082ms
08-04 18:39:17.091  1732  1966 I art     : Starting a blocking GC Explicit
08-04 18:39:17.182  1732  1966 I art     : Explicit concurrent mark sweep GC freed 3(96B) AllocSpace objects, 0(0B) LOS objects, 32% free, 33MB/49MB, paused 1.306ms total 90.353ms
08-04 18:39:17.588  1732  2227 I art     : Starting a blocking GC Explicit
08-04 18:39:17.689  1732  2227 I art     : Explicit concurrent mark sweep GC freed 1354(82KB) AllocSpace objects, 1(20KB) LOS objects, 32% free, 33MB/49MB, paused 971us total 100.184ms
08-04 18:39:17.721  1732  2227 I art     : Starting a blocking GC Explicit
08-04 18:39:17.809  1732  2227 I art     : Explicit concurrent mark sweep GC freed 20(704B) AllocSpace objects, 0(0B) LOS objects, 32% free, 33MB/49MB, paused 949us total 87.677ms
08-04 18:39:17.847  1732  2227 I art     : Starting a blocking GC Explicit
08-04 18:39:17.934  1732  2227 I art     : Explicit concurrent mark sweep GC freed 3(96B) AllocSpace objects, 0(0B) LOS objects, 32% free, 33MB/49MB, paused 967us total 87.236ms
08-04 18:39:17.971  1732  2227 I art     : Starting a blocking GC Explicit
08-04 18:39:18.061  1732  2227 I art     : Explicit concurrent mark sweep GC freed 3(96B) AllocSpace objects, 0(0B) LOS objects, 32% free, 33MB/49MB, paused 1.040ms total 89.184ms
08-04 18:39:18.099  1732  2227 I art     : Starting a blocking GC Explicit
08-04 18:39:18.187  1732  2227 I art     : Explicit concurrent mark sweep GC freed 3(96B) AllocSpace objects, 0(0B) LOS objects, 32% free, 33MB/49MB, paused 993us total 87.900ms
08-04 18:39:18.595  1732  1744 I art     : Starting a blocking GC Explicit
08-04 18:39:18.596   518   646 I ThermalEngine: ACTION: GPU - Setting GPU[0] to 450000000
08-04 18:39:18.679  1732  1744 I art     : Explicit concurrent mark sweep GC freed 1354(82KB) AllocSpace objects, 1(20KB) LOS objects, 32% free, 33MB/49MB, paused 706us total 83.095ms
08-04 18:39:18.704  1732  1744 I art     : Starting a blocking GC Explicit
08-04 18:39:18.780  1732  1744 I art     : Explicit concurrent mark sweep GC freed 20(704B) AllocSpace objects, 0(0B) LOS objects, 32% free, 33MB/49MB, paused 656us total 75.197ms
08-04 18:39:18.806  1732  1744 I art     : Starting a blocking GC Explicit
08-04 18:39:18.882  1732  1744 I art     : Explicit concurrent mark sweep GC freed 3(96B) AllocSpace objects, 0(0B) LOS objects, 32% free, 33MB/49MB, paused 585us total 75.685ms
08-04 18:39:18.905  1732  1744 I art     : Starting a blocking GC Explicit
08-04 18:39:18.981  1732  1744 I art     : Explicit concurrent mark sweep GC freed 3(96B) AllocSpace objects, 0(0B) LOS objects, 32% free, 33MB/49MB, paused 634us total 76.473ms
08-04 18:39:19.008  1732  1744 I art     : Starting a blocking GC Explicit
08-04 18:39:19.080  1732  1744 I art     : Explicit concurrent mark sweep GC freed 3(96B) AllocSpace objects, 0(0B) LOS objects, 32% free, 33MB/49MB, paused 584us total 71.368ms
08-04 18:39:19.384   918  3670 I ActivityManager: Killing 31146:com.google.android.gms.ui/u0a12 (adj 15): empty #17
08-04 18:39:19.419  1732  2227 I art     : Starting a blocking GC Explicit
08-04 18:39:19.488  1732  2227 I art     : Explicit concurrent mark sweep GC freed 1405(85KB) AllocSpace objects, 1(20KB) LOS objects, 32% free, 33MB/49MB, paused 601us total 68.815ms
08-04 18:39:19.511  1732  2227 I art     : Starting a blocking GC Explicit
08-04 18:39:19.581  1732  2227 I art     : Explicit concurrent mark sweep GC freed 26(928B) AllocSpace objects, 0(0B) LOS objects, 32% free, 33MB/49MB, paused 594us total 70.202ms
08-04 18:39:19.604  1732  2227 I art     : Starting a blocking GC Explicit
08-04 18:39:19.677  1732  2227 I art     : Explicit concurrent mark sweep GC freed 3(96B) AllocSpace objects, 0(0B) LOS objects, 32% free, 33MB/49MB, paused 565us total 72.502ms
08-04 18:39:19.699  1732  2227 I art     : Starting a blocking GC Explicit
08-04 18:39:19.770  1732  2227 I art     : Explicit concurrent mark sweep GC freed 3(96B) AllocSpace objects, 0(0B) LOS objects, 32% free, 33MB/49MB, paused 560us total 71.311ms
08-04 18:39:19.793  1732  2227 I art     : Starting a blocking GC Explicit
08-04 18:39:19.805  4083  4083 D AndroidRuntime: >>>>>> START com.android.internal.os.RuntimeInit uid 2000 <<<<<<
08-04 18:39:19.810  4083  4083 D AndroidRuntime: CheckJNI is OFF
08-04 18:39:19.852  4083  4083 D ICU     : No timezone override file found: /data/misc/zoneinfo/current/icu/icu_tzdata.dat
08-04 18:39:19.854  1732  2227 I art     : Explicit concurrent mark sweep GC freed 3(96B) AllocSpace objects, 0(0B) LOS objects, 32% free, 33MB/49MB, paused 611us total 60.741ms
08-04 18:39:19.896  4083  4083 I Radio-JNI: register_android_hardware_Radio DONE
08-04 18:39:19.924  4083  4083 D AndroidRuntime: Calling main entry com.android.commands.input.Input
08-04 18:39:19.926  4083  4083 I Input   : injectKeyEvent: KeyEvent { action=ACTION_DOWN, keyCode=KEYCODE_BACK, scanCode=0, metaState=0, flags=0x0, repeatCount=0, eventTime=729576339, downTime=729576339, deviceId=-1, source=0x101 }
08-04 18:39:19.933  4083  4083 I Input   : injectKeyEvent: KeyEvent { action=ACTION_UP, keyCode=KEYCODE_BACK, scanCode=0, metaState=0, flags=0x0, repeatCount=0, eventTime=729576339, downTime=729576339, deviceId=-1, source=0x101 }
08-04 18:39:19.940  4083  4083 D AndroidRuntime: Shutting down VM
08-04 18:39:19.980 13866 13866 I GoogleInputMethodServic: GoogleInputMethodService.onFinishInput():3138 
08-04 18:39:19.980 13866 13866 I GoogleInputMethodServic: GoogleInputMethodService.onStartInput():1808 
08-04 18:39:20.021  1732  4037 I RedditChangeDataIO: Writing tmp data file at '/data/user/0/baseline.org.quantumbadger.redreader/files/rr_change_data_tmp.dat'
08-04 18:39:20.022  1732  4037 I RedditChangeDataManager: Taking snapshot...
08-04 18:39:20.022  1732  4037 I RedditChangeDataManager: Writing to stream...
08-04 18:39:20.022  1732  4037 I RedditChangeDataManager: Wrote 5 entries for user ''
08-04 18:39:20.022  1732  4037 I RedditChangeDataManager: All entries written to stream.
08-04 18:39:20.022  1732  4037 I RedditChangeDataIO: Write successful. Atomically replacing data file...
08-04 18:39:20.023  1732  4037 I RedditChangeDataIO: Write complete.
08-04 18:39:20.023  1732  4037 I RedditChangeDataIO: 134 bytes written in 2 ms
08-04 18:39:20.173  1732  2227 I art     : Starting a blocking GC Explicit
08-04 18:39:20.253  1732  2227 I art     : Explicit concurrent mark sweep GC freed 1699(96KB) AllocSpace objects, 2(88KB) LOS objects, 32% free, 33MB/49MB, paused 582us total 79.972ms
08-04 18:39:20.279  1732  2227 I art     : Starting a blocking GC Explicit
08-04 18:39:20.284   380   380 W SurfaceFlinger: couldn't log to binary event log: overflow.
08-04 18:39:20.341  1732  2227 I art     : Explicit concurrent mark sweep GC freed 86(3KB) AllocSpace objects, 0(0B) LOS objects, 32% free, 33MB/49MB, paused 547us total 61.114ms
08-04 18:39:20.362  1732  2227 I art     : Starting a blocking GC Explicit
08-04 18:39:20.427  1732  2227 I art     : Explicit concurrent mark sweep GC freed 10(400B) AllocSpace objects, 0(0B) LOS objects, 32% free, 33MB/49MB, paused 548us total 65.089ms
08-04 18:39:20.449  1732  2227 I art     : Starting a blocking GC Explicit
08-04 18:39:20.502  1732  2227 I art     : Explicit concurrent mark sweep GC freed 76487(4MB) AllocSpace objects, 5(140KB) LOS objects, 35% free, 29MB/45MB, paused 538us total 53.288ms
08-04 18:39:20.521  1732  2227 I art     : Starting a blocking GC Explicit
08-04 18:39:20.564  1732  2227 I art     : Explicit concurrent mark sweep GC freed 3(96B) AllocSpace objects, 0(0B) LOS objects, 35% free, 29MB/45MB, paused 564us total 42.757ms
08-04 18:39:20.897  1732  1744 I art     : Starting a blocking GC Explicit
08-04 18:39:20.956  1732  1744 I art     : Explicit concurrent mark sweep GC freed 1385(84KB) AllocSpace objects, 1(20KB) LOS objects, 35% free, 29MB/45MB, paused 500us total 58.910ms
08-04 18:39:20.975  1732  1744 I art     : Starting a blocking GC Explicit
08-04 18:39:21.021  1732  1744 I art     : Explicit concurrent mark sweep GC freed 230(35KB) AllocSpace objects, 0(0B) LOS objects, 35% free, 29MB/45MB, paused 511us total 46.635ms
08-04 18:39:21.040  1732  1744 I art     : Starting a blocking GC Explicit
08-04 18:39:21.086  1732  1744 I art     : Explicit concurrent mark sweep GC freed 68(2272B) AllocSpace objects, 0(0B) LOS objects, 35% free, 29MB/45MB, paused 522us total 45.734ms
08-04 18:39:21.105  1732  1744 I art     : Starting a blocking GC Explicit
08-04 18:39:21.152  1732  1744 I art     : Explicit concurrent mark sweep GC freed 3(96B) AllocSpace objects, 0(0B) LOS objects, 35% free, 29MB/45MB, paused 540us total 47.390ms
08-04 18:39:21.174  1732  1744 I art     : Starting a blocking GC Explicit
08-04 18:39:21.218  1732  1744 I art     : Explicit concurrent mark sweep GC freed 3(96B) AllocSpace objects, 0(0B) LOS objects, 35% free, 29MB/45MB, paused 875us total 44.006ms
08-04 18:39:21.549  1732  1966 I art     : Starting a blocking GC Explicit
08-04 18:39:21.604  1732  1966 I art     : Explicit concurrent mark sweep GC freed 1355(82KB) AllocSpace objects, 1(20KB) LOS objects, 35% free, 29MB/45MB, paused 528us total 54.962ms
08-04 18:39:21.625  1732  1966 I art     : Starting a blocking GC Explicit
08-04 18:39:21.671  1732  1966 I art     : Explicit concurrent mark sweep GC freed 20(704B) AllocSpace objects, 0(0B) LOS objects, 35% free, 29MB/45MB, paused 500us total 45.577ms
08-04 18:39:21.689  1732  1966 I art     : Starting a blocking GC Explicit
08-04 18:39:21.718  4127  4127 D AndroidRuntime: >>>>>> START com.android.internal.os.RuntimeInit uid 2000 <<<<<<
08-04 18:39:21.723  4127  4127 D AndroidRuntime: CheckJNI is OFF
08-04 18:39:21.734  1732  1966 I art     : Explicit concurrent mark sweep GC freed 5(160B) AllocSpace objects, 0(0B) LOS objects, 35% free, 29MB/45MB, paused 525us total 44.650ms
08-04 18:39:21.753  1732  1966 I art     : Starting a blocking GC Explicit
08-04 18:39:21.770  4127  4127 D ICU     : No timezone override file found: /data/misc/zoneinfo/current/icu/icu_tzdata.dat
08-04 18:39:21.798  1732  1966 I art     : Explicit concurrent mark sweep GC freed 3(96B) AllocSpace objects, 0(0B) LOS objects, 35% free, 29MB/45MB, paused 556us total 45.289ms
08-04 18:39:21.814  4127  4127 I Radio-JNI: register_android_hardware_Radio DONE
08-04 18:39:21.816  1732  1966 I art     : Starting a blocking GC Explicit
08-04 18:39:21.844  4127  4127 D AndroidRuntime: Calling main entry com.android.commands.input.Input
08-04 18:39:21.846  4127  4127 I Input   : injectMotionEvent: MotionEvent { action=ACTION_DOWN, actionButton=0, id[0]=0, x[0]=600.0, y[0]=580.0, toolType[0]=TOOL_TYPE_UNKNOWN, buttonState=0, metaState=0, flags=0x0, edgeFlags=0x0, pointerCount=1, historySize=0, eventTime=729578259, downTime=729578259, deviceId=0, source=0x1002 }
08-04 18:39:21.854  4127  4127 I Input   : injectMotionEvent: MotionEvent { action=ACTION_UP, actionButton=0, id[0]=0, x[0]=600.0, y[0]=580.0, toolType[0]=TOOL_TYPE_UNKNOWN, buttonState=0, metaState=0, flags=0x0, edgeFlags=0x0, pointerCount=1, historySize=0, eventTime=729578259, downTime=729578259, deviceId=0, source=0x1002 }
08-04 18:39:21.860  4127  4127 D AndroidRuntime: Shutting down VM
08-04 18:39:21.863  1732  1966 I art     : Explicit concurrent mark sweep GC freed 8(288B) AllocSpace objects, 0(0B) LOS objects, 35% free, 29MB/45MB, paused 585us total 46.233ms
08-04 18:39:21.874   918  5952 I ActivityManager: START u0 {cmp=baseline.org.quantumbadger.redreader/.activities.WebViewActivity (has extras)} from uid 10666 on display 0
08-04 18:39:21.875   512  2967 D audio_hw_primary: out_set_parameters: enter: usecase(1: low-latency-playback) kvpairs: routing=2
08-04 18:39:21.889   512  2967 D audio_hw_primary: select_devices: out_snd_device(2: speaker) in_snd_device(0: none)
08-04 18:39:21.890   512  2967 D msm8974_platform: platform_send_audio_calibration: sending audio calibration for snd_device(2) acdb_id(15)
08-04 18:39:21.890   512  2967 I soundtrigger: audio_extn_sound_trigger_update_device_status: device 0x2 of type 0 for Event 1
08-04 18:39:21.900   918   937 W ProcessCpuTracker: Skipping unknown process pid 4135
08-04 18:39:21.900   918   937 W ProcessCpuTracker: Skipping unknown process pid 4139
08-04 18:39:21.900   918   937 W ProcessCpuTracker: Skipping unknown process pid 4140
08-04 18:39:21.906   512  2967 D audio_hw_primary: enable_snd_device: snd_device(2: speaker)
08-04 18:39:21.907  1732  1732 I AppCompatViewInflater: app:theme is now deprecated. Please move to using android:theme instead.
08-04 18:39:21.908   512  2967 D audio_hw_primary: enable_audio_route: apply and update mixer path: low-latency-playback speaker
08-04 18:39:21.928   918  3670 D ConnectivityService: listenForNetwork for Listen from uid/pid:10666/1732 for NetworkRequest [ id=2835, legacyType=-1, [ Capabilities: INTERNET&NOT_RESTRICTED&TRUSTED] ]
08-04 18:39:22.044   918   936 I ActivityManager: Displayed baseline.org.quantumbadger.redreader/.activities.WebViewActivity: +158ms
08-04 18:39:22.044 13866 13866 I GoogleInputMethodServic: GoogleInputMethodService.onFinishInput():3138 
08-04 18:39:22.045 13866 13866 I GoogleInputMethodServic: GoogleInputMethodService.onStartInput():1808 
08-04 18:39:22.185  1732  3991 I art     : Starting a blocking GC Explicit
08-04 18:39:22.253  1732  3991 I art     : Explicit concurrent mark sweep GC freed 5934(313KB) AllocSpace objects, 1(20KB) LOS objects, 35% free, 29MB/45MB, paused 644us total 67.393ms
08-04 18:39:22.282  1732  3991 I art     : Starting a blocking GC Explicit
08-04 18:39:22.325   380   380 W SurfaceFlinger: couldn't log to binary event log: overflow.
08-04 18:39:22.326  1732  3991 I art     : Explicit concurrent mark sweep GC freed 549(30KB) AllocSpace objects, 0(0B) LOS objects, 35% free, 29MB/45MB, paused 494us total 44.391ms
08-04 18:39:22.344  1732  3991 I art     : Starting a blocking GC Explicit
08-04 18:39:22.388  1732  3991 I art     : Explicit concurrent mark sweep GC freed 387(23KB) AllocSpace objects, 0(0B) LOS objects, 35% free, 29MB/45MB, paused 483us total 43.707ms
08-04 18:39:22.409  1732  3991 I art     : Starting a blocking GC Explicit
08-04 18:39:22.451   512  2967 D audio_hw_primary: disable_audio_route: reset and update mixer path: low-latency-playback speaker
08-04 18:39:22.452   512  2967 D audio_hw_primary: disable_snd_device: snd_device(2: speaker)
08-04 18:39:22.453  1732  3991 I art     : Explicit concurrent mark sweep GC freed 461(23KB) AllocSpace objects, 0(0B) LOS objects, 35% free, 29MB/45MB, paused 542us total 43.278ms
08-04 18:39:22.461   512  2967 I soundtrigger: audio_extn_sound_trigger_update_device_status: device 0x2 of type 0 for Event 0
08-04 18:39:22.473  1732  3991 I art     : Starting a blocking GC Explicit
08-04 18:39:22.517  1732  3991 I art     : Explicit concurrent mark sweep GC freed 80(4KB) AllocSpace objects, 0(0B) LOS objects, 35% free, 29MB/45MB, paused 549us total 43.381ms
08-04 18:39:22.912  1732  1744 I art     : Starting a blocking GC Explicit
08-04 18:39:22.960  1732  1744 I art     : Explicit concurrent mark sweep GC freed 1602(93KB) AllocSpace objects, 1(20KB) LOS objects, 35% free, 29MB/45MB, paused 528us total 47.641ms
08-04 18:39:22.980  1732  1744 I art     : Starting a blocking GC Explicit
08-04 18:39:23.027  1732  1744 I art     : Explicit concurrent mark sweep GC freed 28(960B) AllocSpace objects, 0(0B) LOS objects, 35% free, 29MB/45MB, paused 556us total 47.160ms
08-04 18:39:23.047  1732  1744 I art     : Starting a blocking GC Explicit
08-04 18:39:23.095  1732  1744 I art     : Explicit concurrent mark sweep GC freed 11(352B) AllocSpace objects, 0(0B) LOS objects, 35% free, 29MB/45MB, paused 482us total 47.639ms
08-04 18:39:23.116  1732  1744 I art     : Starting a blocking GC Explicit
08-04 18:39:23.162  1732  1744 I art     : Explicit concurrent mark sweep GC freed 11(352B) AllocSpace objects, 0(0B) LOS objects, 35% free, 29MB/45MB, paused 480us total 46.020ms
08-04 18:39:23.183  1732  1744 I art     : Starting a blocking GC Explicit
08-04 18:39:23.229  1732  1744 I art     : Explicit concurrent mark sweep GC freed 11(352B) AllocSpace objects, 0(0B) LOS objects, 35% free, 29MB/45MB, paused 477us total 46.362ms
08-04 18:39:23.594  1732  2227 I art     : Starting a blocking GC Explicit
08-04 18:39:23.609   518   646 I ThermalEngine: ACTION: GPU - Setting GPU[0] to 390000000
08-04 18:39:23.670  1732  2227 I art     : Explicit concurrent mark sweep GC freed 1417(84KB) AllocSpace objects, 1(20KB) LOS objects, 35% free, 29MB/45MB, paused 1.236ms total 76.001ms
08-04 18:39:23.695  1732  1732 I chromium: [INFO:CONSOLE(1)] "
08-04 18:39:23.695  1732  1732 I chromium:                   ,d"=,.,qOp,
08-04 18:39:23.695  1732  1732 I chromium:                  ,7'  ''$(  )
08-04 18:39:23.695  1732  1732 I chromium:                 ,7'      '?q$7'
08-04 18:39:23.695  1732  1732 I chromium:              ..,$$,.
08-04 18:39:23.695  1732  1732 I chromium:    ,.  .,,--***""***--,,.  .,
08-04 18:39:23.695  1732  1732 I chromium:     ,p''              ''q,   
08-04 18:39:23.695  1732  1732 I chromium: :  ,7'                      '7,  :
08-04 18:39:23.695  1732  1732 I chromium:  ' $      ,db,      ,db,      $ '
08-04 18:39:23.695  1732  1732 I chromium:   '$      $$      $$      $'    Using Reddit at work? Work for Reddit.
08-04 18:39:23.695  1732  1732 I chromium:   '$                          $'        https://www.reddit.com/jobs
08-04 18:39:23.695  1732  1732 I chromium:    '$.     .,        ,.     .$'
08-04 18:39:23.695  1732  1732 I chromium:     'b,     ''     ,d'
08-04 18:39:23.695  1732  1732 I chromium:      '?bn,,          ,,nd?'
08-04 18:39:23.695  1732  1732 I chromium:        ,7$ '''' $7,
08-04 18:39:23.695  1732  1732 I chromium:      , $              $ ,
08-04 18:39:23.695  1732  1732 I chromium:      $  :$              $:  $
08-04 18:39:23.695  1732  1732 I chromium:      $   $              $   $
08-04 18:39:23.695  1732  1732 I chromium:      'b  q:            :p  d'
08-04 18:39:23.695  1732  1732 I chromium:       '?$.          .$?'
08-04 18:39:23.695  1732  1732 I chromium:          'b            d'
08-04 18:39:23.695  1732  1732 I chromium:        ,'?,.      .,?',
08-04 18:39:23.695  1732  1732 I chromium:       ==--==--==--==
08-04 18:39:23.695  1732  1732 I chromium: ", source: https://www.redditstatic.com/desktop2x/Chat~Governance~Reddit.2ea93b134a9b2e5b1d9a.js (1)
08-04 18:39:23.698  1732  2227 I art     : Starting a blocking GC Explicit
08-04 18:39:23.759  1732  2227 I art     : Explicit concurrent mark sweep GC freed 43(3KB) AllocSpace objects, 0(0B) LOS objects, 35% free, 29MB/45MB, paused 1.156ms total 60.837ms
08-04 18:39:23.785  1732  2227 I art     : Starting a blocking GC Explicit
08-04 18:39:23.851  1732  2227 I art     : Explicit concurrent mark sweep GC freed 21(672B) AllocSpace objects, 0(0B) LOS objects, 35% free, 29MB/45MB, paused 1.137ms total 65.578ms
08-04 18:39:23.874  1732  2227 I art     : Starting a blocking GC Explicit
08-04 18:39:23.924  1732  2227 I art     : Explicit concurrent mark sweep GC freed 4(128B) AllocSpace objects, 0(0B) LOS objects, 35% free, 29MB/45MB, paused 771us total 49.297ms
08-04 18:39:23.947  1732  2227 I art     : Starting a blocking GC Explicit
08-04 18:39:24.002  1732  2227 I art     : Explicit concurrent mark sweep GC freed 3(96B) AllocSpace objects, 0(0B) LOS objects, 35% free, 29MB/45MB, paused 887us total 54.678ms
08-04 18:39:24.391  1732  3991 I art     : Starting a blocking GC Explicit
08-04 18:39:24.448  1732  3991 I art     : Explicit concurrent mark sweep GC freed 1364(83KB) AllocSpace objects, 1(20KB) LOS objects, 35% free, 29MB/45MB, paused 902us total 56.052ms
08-04 18:39:24.472  1732  3991 I art     : Starting a blocking GC Explicit
08-04 18:39:24.530  1732  3991 I art     : Explicit concurrent mark sweep GC freed 22(768B) AllocSpace objects, 0(0B) LOS objects, 35% free, 29MB/45MB, paused 896us total 57.680ms
08-04 18:39:24.555  1732  3991 I art     : Starting a blocking GC Explicit
08-04 18:39:24.613  1732  3991 I art     : Explicit concurrent mark sweep GC freed 3(96B) AllocSpace objects, 0(0B) LOS objects, 35% free, 29MB/45MB, paused 904us total 57.060ms
08-04 18:39:24.638  1732  3991 I art     : Starting a blocking GC Explicit
08-04 18:39:24.694  1732  3991 I art     : Explicit concurrent mark sweep GC freed 3(96B) AllocSpace objects, 0(0B) LOS objects, 35% free, 29MB/45MB, paused 917us total 56.080ms
08-04 18:39:24.720  1732  3991 I art     : Starting a blocking GC Explicit
08-04 18:39:24.774  1732  3991 I art     : Explicit concurrent mark sweep GC freed 3(96B) AllocSpace objects, 0(0B) LOS objects, 35% free, 29MB/45MB, paused 942us total 53.901ms
08-04 18:39:25.167  1732  1744 I art     : Starting a blocking GC Explicit
08-04 18:39:25.226   918 13198 D NetlinkSocketObserver: NeighborEvent{elapsedMs=1712969101, 192.168.2.254, [7C3953A63323], RTM_NEWNEIGH, NUD_STALE}
08-04 18:39:25.234  1732  1744 I art     : Explicit concurrent mark sweep GC freed 1559(94KB) AllocSpace objects, 1(20KB) LOS objects, 35% free, 29MB/45MB, paused 827us total 66.531ms
08-04 18:39:25.257  1732  1744 I art     : Starting a blocking GC Explicit
08-04 18:39:25.309  1732  1744 I art     : Explicit concurrent mark sweep GC freed 27(912B) AllocSpace objects, 0(0B) LOS objects, 35% free, 29MB/45MB, paused 930us total 51.313ms
08-04 18:39:25.333  1732  1744 I art     : Starting a blocking GC Explicit
08-04 18:39:25.389  1732  1744 I art     : Explicit concurrent mark sweep GC freed 7(208B) AllocSpace objects, 0(0B) LOS objects, 35% free, 29MB/45MB, paused 790us total 55.591ms
08-04 18:39:25.438  1732  1744 I art     : Starting a blocking GC Explicit
08-04 18:39:25.491  1732  1744 I art     : Explicit concurrent mark sweep GC freed 12(2528B) AllocSpace objects, 0(0B) LOS objects, 35% free, 29MB/45MB, paused 842us total 52.180ms
08-04 18:39:25.521  1732  1744 I art     : Starting a blocking GC Explicit
08-04 18:39:25.581  1732  1744 I art     : Explicit concurrent mark sweep GC freed 3(96B) AllocSpace objects, 0(0B) LOS objects, 35% free, 29MB/45MB, paused 762us total 60.077ms
08-04 18:39:25.973  1732  3991 I art     : Starting a blocking GC Explicit
08-04 18:39:26.040  1732  3991 I art     : Explicit concurrent mark sweep GC freed 1401(85KB) AllocSpace objects, 1(20KB) LOS objects, 35% free, 29MB/45MB, paused 812us total 66.617ms
08-04 18:39:26.065  1732  3991 I art     : Starting a blocking GC Explicit
08-04 18:39:26.131  1732  3991 I art     : Explicit concurrent mark sweep GC freed 20(704B) AllocSpace objects, 0(0B) LOS objects, 35% free, 29MB/45MB, paused 1.033ms total 65.491ms
08-04 18:39:26.156  1732  3991 I art     : Starting a blocking GC Explicit
08-04 18:39:26.214  1732  3991 I art     : Explicit concurrent mark sweep GC freed 3(96B) AllocSpace objects, 0(0B) LOS objects, 35% free, 29MB/45MB, paused 748us total 57.870ms
08-04 18:39:26.238  1732  3991 I art     : Starting a blocking GC Explicit
08-04 18:39:26.310  1732  3991 I art     : Explicit concurrent mark sweep GC freed 3(96B) AllocSpace objects, 0(0B) LOS objects, 35% free, 29MB/45MB, paused 921us total 71.330ms
08-04 18:39:26.334  1732  3991 I art     : Starting a blocking GC Explicit
08-04 18:39:26.403  1732  3991 I art     : Explicit concurrent mark sweep GC freed 3(96B) AllocSpace objects, 0(0B) LOS objects, 35% free, 29MB/45MB, paused 1.460ms total 67.987ms
08-04 18:39:26.775  4223  4223 D AndroidRuntime: >>>>>> START com.android.internal.os.RuntimeInit uid 2000 <<<<<<
08-04 18:39:26.782  4223  4223 D AndroidRuntime: CheckJNI is OFF
08-04 18:39:26.812  1732  3991 I art     : Starting a blocking GC Explicit
08-04 18:39:26.843  4223  4223 D ICU     : No timezone override file found: /data/misc/zoneinfo/current/icu/icu_tzdata.dat
08-04 18:39:26.869  1732  3991 I art     : Explicit concurrent mark sweep GC freed 1355(82KB) AllocSpace objects, 1(20KB) LOS objects, 35% free, 29MB/45MB, paused 949us total 56.384ms
08-04 18:39:26.887  1732  4160 I RedditChangeDataIO: Writing tmp data file at '/data/user/0/baseline.org.quantumbadger.redreader/files/rr_change_data_tmp.dat'
08-04 18:39:26.889  1732  4160 I RedditChangeDataManager: Taking snapshot...
08-04 18:39:26.889  1732  4160 I RedditChangeDataManager: Writing to stream...
08-04 18:39:26.889  1732  4160 I RedditChangeDataManager: Wrote 5 entries for user ''
08-04 18:39:26.890  1732  4160 I RedditChangeDataManager: All entries written to stream.
08-04 18:39:26.890  1732  4160 I RedditChangeDataIO: Write successful. Atomically replacing data file...
08-04 18:39:26.891  1732  4160 I RedditChangeDataIO: Write complete.
08-04 18:39:26.891  1732  4160 I RedditChangeDataIO: 134 bytes written in 4 ms
08-04 18:39:26.898  1732  3991 I art     : Starting a blocking GC Explicit
08-04 18:39:26.899  4223  4223 I Radio-JNI: register_android_hardware_Radio DONE
08-04 18:39:26.931  4223  4223 D AndroidRuntime: Calling main entry com.android.commands.input.Input
08-04 18:39:26.933  4223  4223 I Input   : injectKeyEvent: KeyEvent { action=ACTION_DOWN, keyCode=KEYCODE_BACK, scanCode=0, metaState=0, flags=0x0, repeatCount=0, eventTime=729583346, downTime=729583346, deviceId=-1, source=0x101 }
08-04 18:39:26.939  4223  4223 I Input   : injectKeyEvent: KeyEvent { action=ACTION_UP, keyCode=KEYCODE_BACK, scanCode=0, metaState=0, flags=0x0, repeatCount=0, eventTime=729583346, downTime=729583346, deviceId=-1, source=0x101 }
08-04 18:39:26.948  4223  4223 D AndroidRuntime: Shutting down VM
08-04 18:39:26.965  1732  3991 I art     : Explicit concurrent mark sweep GC freed 122(6KB) AllocSpace objects, 1(68KB) LOS objects, 35% free, 29MB/45MB, paused 1.545ms total 65.663ms
08-04 18:39:26.989  1732  3991 I art     : Starting a blocking GC Explicit
08-04 18:39:27.001 13866 13866 I GoogleInputMethodServic: GoogleInputMethodService.onFinishInput():3138 
08-04 18:39:27.001 13866 13866 I GoogleInputMethodServic: GoogleInputMethodService.onStartInput():1808 
08-04 18:39:27.042  1732  3991 I art     : Explicit concurrent mark sweep GC freed 226(7KB) AllocSpace objects, 0(0B) LOS objects, 35% free, 29MB/45MB, paused 972us total 52.671ms
08-04 18:39:27.071  1732  3991 I art     : Starting a blocking GC Explicit
08-04 18:39:27.128  1732  3991 I art     : Explicit concurrent mark sweep GC freed 37(1200B) AllocSpace objects, 0(0B) LOS objects, 35% free, 29MB/45MB, paused 1.006ms total 56.734ms
08-04 18:39:27.157  1732  3991 I art     : Starting a blocking GC Explicit
08-04 18:39:27.235  1732  3991 I art     : Explicit concurrent mark sweep GC freed 3(96B) AllocSpace objects, 0(0B) LOS objects, 35% free, 29MB/45MB, paused 1.853ms total 77.014ms
08-04 18:39:27.324   380   380 W SurfaceFlinger: couldn't log to binary event log: overflow.
08-04 18:39:27.356   918  3263 D ConnectivityService: releasing NetworkRequest NetworkRequest [ id=2835, legacyType=-1, [ Capabilities: INTERNET&NOT_RESTRICTED&TRUSTED] ]
08-04 18:39:27.674  1732  1966 I art     : Starting a blocking GC Explicit
08-04 18:39:27.745  1732  1966 I art     : Explicit concurrent mark sweep GC freed 2237(123KB) AllocSpace objects, 1(20KB) LOS objects, 35% free, 29MB/45MB, paused 699us total 70.836ms
08-04 18:39:27.771  1732  1966 I art     : Starting a blocking GC Explicit
08-04 18:39:27.832  1732  1966 I art     : Explicit concurrent mark sweep GC freed 2114(124KB) AllocSpace objects, 1(28KB) LOS objects, 35% free, 29MB/45MB, paused 1.041ms total 60.263ms
08-04 18:39:27.860  1732  1966 I art     : Starting a blocking GC Explicit
08-04 18:39:27.919  1732  1966 I art     : Explicit concurrent mark sweep GC freed 3(96B) AllocSpace objects, 0(0B) LOS objects, 35% free, 29MB/45MB, paused 798us total 57.644ms
08-04 18:39:27.944  1732  1966 I art     : Starting a blocking GC Explicit
08-04 18:39:28.002  1732  1966 I art     : Explicit concurrent mark sweep GC freed 3(96B) AllocSpace objects, 0(0B) LOS objects, 35% free, 29MB/45MB, paused 688us total 57.523ms
08-04 18:39:28.002  1732  1742 I art     : WaitForGcToComplete blocked for 41.659ms for cause HeapTrim
08-04 18:39:28.028  1732  1966 I art     : Starting a blocking GC Explicit
08-04 18:39:28.087  1732  1966 I art     : Explicit concurrent mark sweep GC freed 3(96B) AllocSpace objects, 0(0B) LOS objects, 35% free, 29MB/45MB, paused 684us total 58.451ms
08-04 18:39:28.472  1732  2227 I art     : Starting a blocking GC Explicit
08-04 18:39:28.531  1732  2227 I art     : Explicit concurrent mark sweep GC freed 1354(82KB) AllocSpace objects, 1(20KB) LOS objects, 35% free, 29MB/45MB, paused 794us total 57.883ms
08-04 18:39:28.556  1732  2227 I art     : Starting a blocking GC Explicit
08-04 18:39:28.612  1732  2227 I art     : Explicit concurrent mark sweep GC freed 20(704B) AllocSpace objects, 0(0B) LOS objects, 35% free, 29MB/45MB, paused 902us total 55.340ms
08-04 18:39:28.637  1732  2227 I art     : Starting a blocking GC Explicit
08-04 18:39:28.692  1732  2227 I art     : Explicit concurrent mark sweep GC freed 3(96B) AllocSpace objects, 0(0B) LOS objects, 35% free, 29MB/45MB, paused 777us total 55.417ms
08-04 18:39:28.717  1732  2227 I art     : Starting a blocking GC Explicit
08-04 18:39:28.774  1732  2227 I art     : Explicit concurrent mark sweep GC freed 3(96B) AllocSpace objects, 0(0B) LOS objects, 35% free, 29MB/45MB, paused 788us total 56.556ms
08-04 18:39:28.799  1732  2227 I art     : Starting a blocking GC Explicit
08-04 18:39:28.856  1732  2227 I art     : Explicit concurrent mark sweep GC freed 3(96B) AllocSpace objects, 0(0B) LOS objects, 35% free, 29MB/45MB, paused 843us total 56.540ms
08-04 18:39:28.857  4257  4257 D AndroidRuntime: >>>>>> START com.android.internal.os.RuntimeInit uid 2000 <<<<<<
08-04 18:39:28.863  4257  4257 D AndroidRuntime: CheckJNI is OFF
08-04 18:39:28.921  4257  4257 D ICU     : No timezone override file found: /data/misc/zoneinfo/current/icu/icu_tzdata.dat
08-04 18:39:28.967  4257  4257 I Radio-JNI: register_android_hardware_Radio DONE
08-04 18:39:29.000  4257  4257 D AndroidRuntime: Calling main entry com.android.commands.input.Input
08-04 18:39:29.002  4257  4257 I Input   : injectKeyEvent: KeyEvent { action=ACTION_DOWN, keyCode=KEYCODE_BACK, scanCode=0, metaState=0, flags=0x0, repeatCount=0, eventTime=729585415, downTime=729585415, deviceId=-1, source=0x101 }
08-04 18:39:29.018  4257  4257 I Input   : injectKeyEvent: KeyEvent { action=ACTION_UP, keyCode=KEYCODE_BACK, scanCode=0, metaState=0, flags=0x0, repeatCount=0, eventTime=729585415, downTime=729585415, deviceId=-1, source=0x101 }
08-04 18:39:29.027  4257  4257 D AndroidRuntime: Shutting down VM
08-04 18:39:29.078 13866 13866 I GoogleInputMethodServic: GoogleInputMethodService.onFinishInput():3138 
08-04 18:39:29.079 13866 13866 I GoogleInputMethodServic: GoogleInputMethodService.onStartInput():1808 
08-04 18:39:29.215  1732  2227 I art     : Starting a blocking GC Explicit
08-04 18:39:29.272  1732  2227 I art     : Explicit concurrent mark sweep GC freed 1534(88KB) AllocSpace objects, 1(20KB) LOS objects, 35% free, 29MB/45MB, paused 587us total 56.089ms
08-04 18:39:29.296  1732  2227 I art     : Starting a blocking GC Explicit
08-04 18:39:29.355  1732  2227 I art     : Explicit concurrent mark sweep GC freed 24(864B) AllocSpace objects, 0(0B) LOS objects, 35% free, 29MB/45MB, paused 996us total 58.397ms
08-04 18:39:29.383  1732  2227 I art     : Starting a blocking GC Explicit
08-04 18:39:29.437  1732  2227 I art     : Explicit concurrent mark sweep GC freed 58(2160B) AllocSpace objects, 0(0B) LOS objects, 35% free, 29MB/45MB, paused 669us total 54.270ms
08-04 18:39:29.461  1732  2227 I art     : Starting a blocking GC Explicit
08-04 18:39:29.523  1732  2227 I art     : Explicit concurrent mark sweep GC freed 10(400B) AllocSpace objects, 0(0B) LOS objects, 35% free, 29MB/45MB, paused 975us total 61.443ms
08-04 18:39:29.580  1732  2227 I art     : Starting a blocking GC Explicit
08-04 18:39:29.616   518   646 I ThermalEngine: ACTION: GPU - Setting GPU[0] to 450000000
08-04 18:39:29.645  1732  2227 I art     : Explicit concurrent mark sweep GC freed 129(6KB) AllocSpace objects, 0(0B) LOS objects, 35% free, 29MB/45MB, paused 903us total 64.842ms
08-04 18:39:29.998  1732  1743 I art     : Starting a blocking GC Explicit
08-04 18:39:30.052  1732  1743 I art     : Explicit concurrent mark sweep GC freed 1354(82KB) AllocSpace objects, 1(20KB) LOS objects, 35% free, 29MB/45MB, paused 527us total 53.689ms
08-04 18:39:30.070  1732  1743 I art     : Starting a blocking GC Explicit
08-04 18:39:30.118  1732  1743 I art     : Explicit concurrent mark sweep GC freed 20(704B) AllocSpace objects, 0(0B) LOS objects, 35% free, 29MB/45MB, paused 611us total 47.077ms
08-04 18:39:30.136  1732  1743 I art     : Starting a blocking GC Explicit
08-04 18:39:30.183  1732  1743 I art     : Explicit concurrent mark sweep GC freed 3(96B) AllocSpace objects, 0(0B) LOS objects, 35% free, 29MB/45MB, paused 532us total 46.245ms
08-04 18:39:30.201  1732  1743 I art     : Starting a blocking GC Explicit
08-04 18:39:30.248  1732  1743 I art     : Explicit concurrent mark sweep GC freed 3(96B) AllocSpace objects, 0(0B) LOS objects, 35% free, 29MB/45MB, paused 554us total 46.758ms
08-04 18:39:30.267  1732  1743 I art     : Starting a blocking GC Explicit
08-04 18:39:30.312  1732  1743 I art     : Explicit concurrent mark sweep GC freed 3(96B) AllocSpace objects, 0(0B) LOS objects, 35% free, 29MB/45MB, paused 541us total 44.578ms
08-04 18:39:30.639  1732  1744 I art     : Starting a blocking GC Explicit
08-04 18:39:30.700  1732  1744 I art     : Explicit concurrent mark sweep GC freed 1354(82KB) AllocSpace objects, 1(20KB) LOS objects, 35% free, 29MB/45MB, paused 669us total 60.142ms
08-04 18:39:30.721  1732  1744 I art     : Starting a blocking GC Explicit
08-04 18:39:30.770  1732  1744 I art     : Explicit concurrent mark sweep GC freed 20(704B) AllocSpace objects, 0(0B) LOS objects, 35% free, 29MB/45MB, paused 568us total 48.640ms
08-04 18:39:30.789  1732  1744 I art     : Starting a blocking GC Explicit
08-04 18:39:30.819  4302  4302 D AndroidRuntime: >>>>>> START com.android.internal.os.RuntimeInit uid 2000 <<<<<<
08-04 18:39:30.825  4302  4302 D AndroidRuntime: CheckJNI is OFF
08-04 18:39:30.838  1732  1744 I art     : Explicit concurrent mark sweep GC freed 3(96B) AllocSpace objects, 0(0B) LOS objects, 35% free, 29MB/45MB, paused 598us total 49.212ms
08-04 18:39:30.856  1732  1744 I art     : Starting a blocking GC Explicit
08-04 18:39:30.871  4302  4302 D ICU     : No timezone override file found: /data/misc/zoneinfo/current/icu/icu_tzdata.dat
08-04 18:39:30.904  1732  1744 I art     : Explicit concurrent mark sweep GC freed 3(96B) AllocSpace objects, 0(0B) LOS objects, 35% free, 29MB/45MB, paused 558us total 46.966ms
08-04 18:39:30.915  4302  4302 I Radio-JNI: register_android_hardware_Radio DONE
08-04 18:39:30.922  1732  1744 I art     : Starting a blocking GC Explicit
08-04 18:39:30.945  4302  4302 D AndroidRuntime: Calling main entry com.android.commands.input.Input
08-04 18:39:30.947  4302  4302 I Input   : injectMotionEvent: MotionEvent { action=ACTION_DOWN, actionButton=0, id[0]=0, x[0]=600.0, y[0]=1000.0, toolType[0]=TOOL_TYPE_UNKNOWN, buttonState=0, metaState=0, flags=0x0, edgeFlags=0x0, pointerCount=1, historySize=0, eventTime=729587359, downTime=729587359, deviceId=0, source=0x1002 }
08-04 18:39:30.953  4302  4302 I Input   : injectMotionEvent: MotionEvent { action=ACTION_UP, actionButton=0, id[0]=0, x[0]=600.0, y[0]=1000.0, toolType[0]=TOOL_TYPE_UNKNOWN, buttonState=0, metaState=0, flags=0x0, edgeFlags=0x0, pointerCount=1, historySize=0, eventTime=729587359, downTime=729587359, deviceId=0, source=0x1002 }
08-04 18:39:30.955  4302  4302 D AndroidRuntime: Shutting down VM
08-04 18:39:30.964   918  3714 I ActivityManager: START u0 {dat=https://oauth.reddit.com/... cmp=baseline.org.quantumbadger.redreader/.activities.PostListingActivity} from uid 10666 on display 0
08-04 18:39:30.967   512  2967 D audio_hw_primary: out_set_parameters: enter: usecase(1: low-latency-playback) kvpairs: routing=2
08-04 18:39:30.970  1732  1744 I art     : Explicit concurrent mark sweep GC freed 55(2032B) AllocSpace objects, 0(0B) LOS objects, 35% free, 29MB/45MB, paused 685us total 47.612ms
08-04 18:39:30.980   512  2967 D audio_hw_primary: select_devices: out_snd_device(2: speaker) in_snd_device(0: none)
08-04 18:39:30.980   512  2967 D msm8974_platform: platform_send_audio_calibration: sending audio calibration for snd_device(2) acdb_id(15)
08-04 18:39:30.980   512  2967 I soundtrigger: audio_extn_sound_trigger_update_device_status: device 0x2 of type 0 for Event 1
08-04 18:39:30.991   512  2967 D audio_hw_primary: enable_snd_device: snd_device(2: speaker)
08-04 18:39:30.992  1732  1732 I AppCompatViewInflater: app:theme is now deprecated. Please move to using android:theme instead.
08-04 18:39:30.994   512  2967 D audio_hw_primary: enable_audio_route: apply and update mixer path: low-latency-playback speaker
08-04 18:39:31.014  1732  4327 D OK      : calling: https://oauth.reddit.com/r/announcements/about.json
08-04 18:39:31.076   918   936 I ActivityManager: Displayed baseline.org.quantumbadger.redreader/.activities.PostListingActivity: +98ms
08-04 18:39:31.076 13866 13866 I GoogleInputMethodServic: GoogleInputMethodService.onFinishInput():3138 
08-04 18:39:31.077 13866 13866 I GoogleInputMethodServic: GoogleInputMethodService.onStartInput():1808 
08-04 18:39:31.282  1732  1743 I art     : Starting a blocking GC Explicit
08-04 18:39:31.328   380   380 W SurfaceFlinger: couldn't log to binary event log: overflow.
08-04 18:39:31.340  1732  1743 I art     : Explicit concurrent mark sweep GC freed 4956(266KB) AllocSpace objects, 1(20KB) LOS objects, 35% free, 29MB/45MB, paused 631us total 57.200ms
08-04 18:39:31.359  1732  1743 I art     : Starting a blocking GC Explicit
08-04 18:39:31.362  1732  4327 I NAPPA_EXPERIMENTATION: MetricNetworkRequestExecutionTime: REQUEST_DURATION_SYSTEM='347',REQUEST_DURATION_OKHTTP='138',REQUEST_SYNCHRONOUS='TRUE',RESPONSE_CODE='200',RESPONSE_METHOD='GET',RESPONSE_LENGTH_OKHTTP='-1',RESPONSE_LENGTH_HEADER='1564',REQUEST_PROTOCOL='h2',REQUEST_URL='https://oauth.reddit.com/r/announcements/about.json',
08-04 18:39:31.362  1732  4327 D OK      : request got status: 200
08-04 18:39:31.402  1732  1743 I art     : Explicit concurrent mark sweep GC freed 1639(152KB) AllocSpace objects, 2(136KB) LOS objects, 35% free, 29MB/45MB, paused 969us total 43.331ms
08-04 18:39:31.420  1732  1743 I art     : Starting a blocking GC Explicit
08-04 18:39:31.466  1732  1743 I art     : Explicit concurrent mark sweep GC freed 427(32KB) AllocSpace objects, 0(0B) LOS objects, 35% free, 29MB/45MB, paused 586us total 45.227ms
08-04 18:39:31.485  1732  1743 I art     : Starting a blocking GC Explicit
08-04 18:39:31.528   512  2967 D audio_hw_primary: disable_audio_route: reset and update mixer path: low-latency-playback speaker
08-04 18:39:31.528  1732  1743 I art     : Explicit concurrent mark sweep GC freed 66(4KB) AllocSpace objects, 0(0B) LOS objects, 35% free, 29MB/45MB, paused 594us total 43.507ms
08-04 18:39:31.529   512  2967 D audio_hw_primary: disable_snd_device: snd_device(2: speaker)
08-04 18:39:31.538   512  2967 I soundtrigger: audio_extn_sound_trigger_update_device_status: device 0x2 of type 0 for Event 0
08-04 18:39:31.546  1732  1743 I art     : Starting a blocking GC Explicit
08-04 18:39:31.589  1732  1743 I art     : Explicit concurrent mark sweep GC freed 3(96B) AllocSpace objects, 0(0B) LOS objects, 35% free, 29MB/45MB, paused 581us total 42.335ms
08-04 18:39:31.924  1732  1744 I art     : Starting a blocking GC Explicit
08-04 18:39:31.968  1732  1744 I art     : Explicit concurrent mark sweep GC freed 1413(85KB) AllocSpace objects, 1(20KB) LOS objects, 35% free, 29MB/45MB, paused 617us total 43.553ms
08-04 18:39:31.986  1732  1744 I art     : Starting a blocking GC Explicit
08-04 18:39:32.032  1732  1744 I art     : Explicit concurrent mark sweep GC freed 33(1200B) AllocSpace objects, 0(0B) LOS objects, 35% free, 29MB/45MB, paused 534us total 45.642ms
08-04 18:39:32.050  1732  1744 I art     : Starting a blocking GC Explicit
08-04 18:39:32.097  1732  1744 I art     : Explicit concurrent mark sweep GC freed 43(1760B) AllocSpace objects, 0(0B) LOS objects, 35% free, 29MB/45MB, paused 679us total 46.176ms
08-04 18:39:32.115  1732  1744 I art     : Starting a blocking GC Explicit
08-04 18:39:32.161  1732  1744 I art     : Explicit concurrent mark sweep GC freed 3(96B) AllocSpace objects, 0(0B) LOS objects, 35% free, 29MB/45MB, paused 583us total 45.411ms
08-04 18:39:32.172 29955 29955 I ServiceManager: Waiting for service AtCmdFwd...
08-04 18:39:32.179  1732  1744 I art     : Starting a blocking GC Explicit
08-04 18:39:32.215  1732  4351 D OK      : calling: https://oauth.reddit.com/r/announcements/hot/.json
08-04 18:39:32.226  1732  1744 I art     : Explicit concurrent mark sweep GC freed 94(3KB) AllocSpace objects, 0(0B) LOS objects, 35% free, 29MB/45MB, paused 627us total 46.653ms
08-04 18:39:32.379  1732  4351 I NAPPA_EXPERIMENTATION: MetricNetworkRequestExecutionTime: REQUEST_DURATION_SYSTEM='164',REQUEST_DURATION_OKHTTP='160',REQUEST_SYNCHRONOUS='TRUE',RESPONSE_CODE='200',RESPONSE_METHOD='GET',RESPONSE_LENGTH_OKHTTP='-1',RESPONSE_LENGTH_HEADER='142016',REQUEST_PROTOCOL='h2',REQUEST_URL='https://oauth.reddit.com/r/announcements/hot/.json',
08-04 18:39:32.379  1732  4351 D OK      : request got status: 200
08-04 18:39:32.388  1732  2333 I PostListingFragment: Precaching images: OFF
08-04 18:39:32.388  1732  2333 I PostListingFragment: Precaching comments: OFF
08-04 18:39:32.547  1732  1744 I art     : Starting a blocking GC Explicit
08-04 18:39:32.607  1732  1744 I art     : Explicit concurrent mark sweep GC freed 7163(474KB) AllocSpace objects, 8(152KB) LOS objects, 33% free, 31MB/47MB, paused 1.007ms total 60.013ms
08-04 18:39:32.627  1732  1744 I art     : Starting a blocking GC Explicit
08-04 18:39:32.685  1732  1744 I art     : Explicit concurrent mark sweep GC freed 3878(253KB) AllocSpace objects, 8(516KB) LOS objects, 32% free, 32MB/48MB, paused 958us total 58.056ms
08-04 18:39:32.705  1732  1744 I art     : Starting a blocking GC Explicit
08-04 18:39:32.766  1732  1744 I art     : Explicit concurrent mark sweep GC freed 5344(320KB) AllocSpace objects, 7(388KB) LOS objects, 31% free, 34MB/50MB, paused 1.154ms total 60.519ms
08-04 18:39:32.786  1732  1744 I art     : Starting a blocking GC Explicit
08-04 18:39:32.847  1732  1744 I art     : Explicit concurrent mark sweep GC freed 5194(283KB) AllocSpace objects, 8(624KB) LOS objects, 31% free, 34MB/50MB, paused 1.017ms total 60.831ms
08-04 18:39:32.867  1732  1744 I art     : Starting a blocking GC Explicit
08-04 18:39:32.929  1732  1744 I art     : Explicit concurrent mark sweep GC freed 2667(171KB) AllocSpace objects, 6(304KB) LOS objects, 31% free, 34MB/50MB, paused 882us total 61.344ms
08-04 18:39:33.034  1732  1732 W RecyclerView: Cannot call this method in a scroll callback. Scroll callbacks mightbe run during a measure & layout pass where you cannot change theRecyclerView data. Any method call that might change the structureof the RecyclerView or the adapter contents should be postponed tothe next frame.
08-04 18:39:33.034  1732  1732 W RecyclerView: java.lang.IllegalStateException:  androidx.recyclerview.widget.RecyclerView{fb08963 VFED..... .F....ID 0,0-1440,2140 #7f0900ef app:id/scrollbar_recyclerview_recyclerview}, adapter:baseline.org.quantumbadger.redreader.adapters.GroupedRecyclerViewAdapter@d98d960, layout:androidx.recyclerview.widget.LinearLayoutManager@c8ffe19, context:baseline.org.quantumbadger.redreader.activities.PostListingActivity@a218e80
08-04 18:39:33.034  1732  1732 W RecyclerView: 	at androidx.recyclerview.widget.RecyclerView.assertNotInLayoutOrScroll(RecyclerView.java:3061)
08-04 18:39:33.034  1732  1732 W RecyclerView: 	at androidx.recyclerview.widget.RecyclerView$RecyclerViewDataObserver.onItemRangeInserted(RecyclerView.java:5555)
08-04 18:39:33.034  1732  1732 W RecyclerView: 	at androidx.recyclerview.widget.RecyclerView$AdapterDataObservable.notifyItemRangeInserted(RecyclerView.java:12278)
08-04 18:39:33.034  1732  1732 W RecyclerView: 	at androidx.recyclerview.widget.RecyclerView$Adapter.notifyItemInserted(RecyclerView.java:7464)
08-04 18:39:33.034  1732  1732 W RecyclerView: 	at baseline.org.quantumbadger.redreader.adapters.GroupedRecyclerViewAdapter.updateHiddenStatus(GroupedRecyclerViewAdapter.java:279)
08-04 18:39:33.034  1732  1732 W RecyclerView: 	at baseline.org.quantumbadger.redreader.adapters.RedditListingManager.setLoadingVisible(RedditListingManager.java:125)
08-04 18:39:33.034  1732  1732 W RecyclerView: 	at baseline.org.quantumbadger.redreader.fragments.PostListingFragment.onLoadMoreItemsCheck(PostListingFragment.java:465)
08-04 18:39:33.034  1732  1732 W RecyclerView: 	at baseline.org.quantumbadger.redreader.fragments.PostListingFragment.access$000(PostListingFragment.java:98)
08-04 18:39:33.034  1732  1732 W RecyclerView: 	at baseline.org.quantumbadger.redreader.fragments.PostListingFragment$2.onScrolled(PostListingFragment.java:215)
08-04 18:39:33.034  1732  1732 W RecyclerView: 	at androidx.recyclerview.widget.RecyclerView.dispatchOnScrolled(RecyclerView.java:5173)
08-04 18:39:33.034  1732  1732 W RecyclerView: 	at androidx.recyclerview.widget.RecyclerView.dispatchLayoutStep3(RecyclerView.java:4231)
08-04 18:39:33.034  1732  1732 W RecyclerView: 	at androidx.recyclerview.widget.RecyclerView.dispatchLayout(RecyclerView.java:3862)
08-04 18:39:33.034  1732  1732 W RecyclerView: 	at androidx.recyclerview.widget.RecyclerView.consumePendingUpdateOperations(RecyclerView.java:1897)
08-04 18:39:33.034  1732  1732 W RecyclerView: 	at androidx.recyclerview.widget.RecyclerView$1.run(RecyclerView.java:414)
08-04 18:39:33.034  1732  1732 W RecyclerView: 	at android.view.Choreographer$CallbackRecord.run(Choreographer.java:858)
08-04 18:39:33.034  1732  1732 W RecyclerView: 	at android.view.Choreographer.doCallbacks(Choreographer.java:670)
08-04 18:39:33.034  1732  1732 W RecyclerView: 	at android.view.Choreographer.doFrame(Choreographer.java:603)
08-04 18:39:33.034  1732  1732 W RecyclerView: 	at android.view.Choreographer$FrameDisplayEventReceiver.run(Choreographer.java:844)
08-04 18:39:33.034  1732  1732 W RecyclerView: 	at android.os.Handler.handleCallback(Handler.java:739)
08-04 18:39:33.034  1732  1732 W RecyclerView: 	at android.os.Handler.dispatchMessage(Handler.java:95)
08-04 18:39:33.034  1732  1732 W RecyclerView: 	at android.os.Looper.loop(Looper.java:148)
08-04 18:39:33.034  1732  1732 W RecyclerView: 	at android.app.ActivityThread.main(ActivityThread.java:5417)
08-04 18:39:33.034  1732  1732 W RecyclerView: 	at java.lang.reflect.Method.invoke(Native Method)
08-04 18:39:33.034  1732  1732 W RecyclerView: 	at com.android.internal.os.ZygoteInit$MethodAndArgsCaller.run(ZygoteInit.java:726)
08-04 18:39:33.034  1732  1732 W RecyclerView: 	at com.android.internal.os.ZygoteInit.main(ZygoteInit.java:616)
08-04 18:39:33.172 29955 29955 I ServiceManager: Waiting for service AtCmdFwd...
08-04 18:39:33.277  1732  1966 I art     : Starting a blocking GC Explicit
08-04 18:39:33.333  1732  1966 I art     : Explicit concurrent mark sweep GC freed 61731(3MB) AllocSpace objects, 9(172KB) LOS objects, 33% free, 31MB/47MB, paused 663us total 55.331ms
08-04 18:39:33.352  1732  1966 I art     : Starting a blocking GC Explicit
08-04 18:39:33.404  1732  1966 I art     : Explicit concurrent mark sweep GC freed 327(14KB) AllocSpace objects, 0(0B) LOS objects, 33% free, 31MB/47MB, paused 608us total 51.321ms
08-04 18:39:33.417  1732  4376 D OK      : calling: https://oauth.reddit.com/r/announcements/hot/.json?after=t3_9jf8nh
08-04 18:39:33.424  1732  1966 I art     : Starting a blocking GC Explicit
08-04 18:39:33.480  1732  1966 I art     : Explicit concurrent mark sweep GC freed 102(4KB) AllocSpace objects, 0(0B) LOS objects, 33% free, 31MB/47MB, paused 703us total 55.158ms
08-04 18:39:33.500  1732  1966 I art     : Starting a blocking GC Explicit
08-04 18:39:33.556  1732  1966 I art     : Explicit concurrent mark sweep GC freed 9(352B) AllocSpace objects, 0(0B) LOS objects, 33% free, 31MB/47MB, paused 618us total 55.965ms
08-04 18:39:33.575  1732  1966 I art     : Starting a blocking GC Explicit
08-04 18:39:33.618  1732  4376 I NAPPA_EXPERIMENTATION: MetricNetworkRequestExecutionTime: REQUEST_DURATION_SYSTEM='200',REQUEST_DURATION_OKHTTP='191',REQUEST_SYNCHRONOUS='TRUE',RESPONSE_CODE='200',RESPONSE_METHOD='GET',RESPONSE_LENGTH_OKHTTP='-1',RESPONSE_LENGTH_HEADER='65685',REQUEST_PROTOCOL='h2',REQUEST_URL='https://oauth.reddit.com/r/announcements/hot/.json?after=t3_9jf8nh',
08-04 18:39:33.618  1732  4376 D OK      : request got status: 200
08-04 18:39:33.621   518   646 I ThermalEngine: ACTION: GPU - Setting GPU[0] to 390000000
08-04 18:39:33.641  1732  1966 I art     : Explicit concurrent mark sweep GC freed 378(31KB) AllocSpace objects, 0(0B) LOS objects, 33% free, 31MB/47MB, paused 5.760ms total 65.502ms
08-04 18:39:33.644  1732  2333 I PostListingFragment: Precaching images: OFF
08-04 18:39:33.644  1732  2333 I PostListingFragment: Precaching comments: OFF
08-04 18:39:34.027  1732  1743 I art     : Starting a blocking GC Explicit
08-04 18:39:34.119  1732  1743 I art     : Explicit concurrent mark sweep GC freed 16746(937KB) AllocSpace objects, 13(792KB) LOS objects, 32% free, 33MB/49MB, paused 1.429ms total 91.125ms
08-04 18:39:34.146  1732  1743 I art     : Starting a blocking GC Explicit
08-04 18:39:34.173 29955 29955 I ServiceManager: Waiting for service AtCmdFwd...
08-04 18:39:34.216  1732  1743 I art     : Explicit concurrent mark sweep GC freed 4341(166KB) AllocSpace objects, 0(0B) LOS objects, 32% free, 33MB/49MB, paused 884us total 70.121ms
08-04 18:39:34.243  1732  1743 I art     : Starting a blocking GC Explicit
08-04 18:39:34.309  1732  1743 I art     : Explicit concurrent mark sweep GC freed 16774(849KB) AllocSpace objects, 6(108KB) LOS objects, 33% free, 32MB/48MB, paused 772us total 65.159ms
08-04 18:39:34.335  1732  1743 I art     : Starting a blocking GC Explicit
08-04 18:39:34.399  1732  1743 I art     : Explicit concurrent mark sweep GC freed 6(224B) AllocSpace objects, 0(0B) LOS objects, 33% free, 32MB/48MB, paused 874us total 63.641ms
08-04 18:39:34.425  1732  1743 I art     : Starting a blocking GC Explicit
08-04 18:39:34.490  1732  1743 I art     : Explicit concurrent mark sweep GC freed 3(96B) AllocSpace objects, 0(0B) LOS objects, 33% free, 32MB/48MB, paused 890us total 63.819ms
08-04 18:39:34.887  1732  1744 I art     : Starting a blocking GC Explicit
08-04 18:39:34.927   918 13198 D NetlinkSocketObserver: NeighborEvent{elapsedMs=1712978802, 192.168.2.254, [7C3953A63323], RTM_NEWNEIGH, NUD_PROBE}
08-04 18:39:34.970  1732  1744 I art     : Explicit concurrent mark sweep GC freed 1355(82KB) AllocSpace objects, 1(20KB) LOS objects, 33% free, 32MB/48MB, paused 1.454ms total 82.110ms
08-04 18:39:35.000  1732  1744 I art     : Starting a blocking GC Explicit
08-04 18:39:35.064  1732  1744 I art     : Explicit concurrent mark sweep GC freed 20(704B) AllocSpace objects, 0(0B) LOS objects, 33% free, 32MB/48MB, paused 761us total 63.166ms
08-04 18:39:35.090  1732  1744 I art     : Starting a blocking GC Explicit
08-04 18:39:35.161  1732  1744 I art     : Explicit concurrent mark sweep GC freed 3(96B) AllocSpace objects, 0(0B) LOS objects, 33% free, 32MB/48MB, paused 951us total 70.360ms
08-04 18:39:35.174 29955 29955 I ServiceManager: Waiting for service AtCmdFwd...
08-04 18:39:35.188  1732  1744 I art     : Starting a blocking GC Explicit
08-04 18:39:35.252  1732  1744 I art     : Explicit concurrent mark sweep GC freed 3(96B) AllocSpace objects, 0(0B) LOS objects, 33% free, 32MB/48MB, paused 975us total 63.746ms
08-04 18:39:35.279  1732  1744 I art     : Starting a blocking GC Explicit
08-04 18:39:35.343  1732  1744 I art     : Explicit concurrent mark sweep GC freed 3(96B) AllocSpace objects, 0(0B) LOS objects, 33% free, 32MB/48MB, paused 770us total 63.764ms
08-04 18:39:35.641   518   646 I ThermalEngine: ACTION: GPU - Setting GPU[0] to 450000000
08-04 18:39:35.715  1732  3991 I art     : Starting a blocking GC Explicit
08-04 18:39:35.769  1732  3991 I art     : Explicit concurrent mark sweep GC freed 1355(83KB) AllocSpace objects, 1(20KB) LOS objects, 33% free, 32MB/48MB, paused 711us total 53.444ms
08-04 18:39:35.792  1732  3991 I art     : Starting a blocking GC Explicit
08-04 18:39:35.845  1732  3991 I art     : Explicit concurrent mark sweep GC freed 20(704B) AllocSpace objects, 0(0B) LOS objects, 33% free, 32MB/48MB, paused 575us total 52.784ms
08-04 18:39:35.868  1732  3991 I art     : Starting a blocking GC Explicit
08-04 18:39:35.925  1732  3991 I art     : Explicit concurrent mark sweep GC freed 3(96B) AllocSpace objects, 0(0B) LOS objects, 33% free, 32MB/48MB, paused 616us total 56.356ms
08-04 18:39:35.948  1732  3991 I art     : Starting a blocking GC Explicit
08-04 18:39:36.003  1732  3991 I art     : Explicit concurrent mark sweep GC freed 3(96B) AllocSpace objects, 0(0B) LOS objects, 33% free, 32MB/48MB, paused 579us total 55.085ms
08-04 18:39:36.023  1732  3991 I art     : Starting a blocking GC Explicit
08-04 18:39:36.078  1732  3991 I art     : Explicit concurrent mark sweep GC freed 3(96B) AllocSpace objects, 0(0B) LOS objects, 33% free, 32MB/48MB, paused 582us total 54.855ms
08-04 18:39:36.175 29955 29955 I ServiceManager: Waiting for service AtCmdFwd...
08-04 18:39:36.419  1732  2227 I art     : Starting a blocking GC Explicit
08-04 18:39:36.477  1732  2227 I art     : Explicit concurrent mark sweep GC freed 1356(83KB) AllocSpace objects, 1(20KB) LOS objects, 33% free, 32MB/48MB, paused 565us total 58.381ms
08-04 18:39:36.497  1732  2227 I art     : Starting a blocking GC Explicit
08-04 18:39:36.550  1732  2227 I art     : Explicit concurrent mark sweep GC freed 20(704B) AllocSpace objects, 0(0B) LOS objects, 33% free, 32MB/48MB, paused 568us total 52.449ms
08-04 18:39:36.569  1732  2227 I art     : Starting a blocking GC Explicit
08-04 18:39:36.620  1732  2227 I art     : Explicit concurrent mark sweep GC freed 3(96B) AllocSpace objects, 0(0B) LOS objects, 33% free, 32MB/48MB, paused 567us total 50.892ms
08-04 18:39:36.640  1732  2227 I art     : Starting a blocking GC Explicit
08-04 18:39:36.694  1732  2227 I art     : Explicit concurrent mark sweep GC freed 3(96B) AllocSpace objects, 0(0B) LOS objects, 33% free, 32MB/48MB, paused 569us total 53.918ms
08-04 18:39:36.713  1732  2227 I art     : Starting a blocking GC Explicit
08-04 18:39:36.766  1732  2227 I art     : Explicit concurrent mark sweep GC freed 3(96B) AllocSpace objects, 0(0B) LOS objects, 33% free, 32MB/48MB, paused 571us total 52.529ms
08-04 18:39:36.798  4409  4409 D AndroidRuntime: >>>>>> START com.android.internal.os.RuntimeInit uid 2000 <<<<<<
08-04 18:39:36.805  4409  4409 D AndroidRuntime: CheckJNI is OFF
08-04 18:39:36.848  4409  4409 D ICU     : No timezone override file found: /data/misc/zoneinfo/current/icu/icu_tzdata.dat
08-04 18:39:36.893  4409  4409 I Radio-JNI: register_android_hardware_Radio DONE
08-04 18:39:36.923  4409  4409 D AndroidRuntime: Calling main entry com.android.commands.input.Input
08-04 18:39:36.925  4409  4409 I Input   : injectMotionEvent: MotionEvent { action=ACTION_DOWN, actionButton=0, id[0]=0, x[0]=600.0, y[0]=580.0, toolType[0]=TOOL_TYPE_UNKNOWN, buttonState=0, metaState=0, flags=0x0, edgeFlags=0x0, pointerCount=1, historySize=0, eventTime=729593337, downTime=729593337, deviceId=0, source=0x1002 }
08-04 18:39:36.931  4409  4409 I Input   : injectMotionEvent: MotionEvent { action=ACTION_UP, actionButton=0, id[0]=0, x[0]=600.0, y[0]=580.0, toolType[0]=TOOL_TYPE_UNKNOWN, buttonState=0, metaState=0, flags=0x0, edgeFlags=0x0, pointerCount=1, historySize=0, eventTime=729593337, downTime=729593337, deviceId=0, source=0x1002 }
08-04 18:39:36.932  4409  4409 D AndroidRuntime: Shutting down VM
08-04 18:39:36.940   512  2967 D audio_hw_primary: out_set_parameters: enter: usecase(1: low-latency-playback) kvpairs: routing=2
08-04 18:39:36.941   918  3670 I ActivityManager: START u0 {cmp=baseline.org.quantumbadger.redreader/.activities.WebViewActivity (has extras)} from uid 10666 on display 0
08-04 18:39:36.953   512  2967 D audio_hw_primary: select_devices: out_snd_device(2: speaker) in_snd_device(0: none)
08-04 18:39:36.953   512  2967 D msm8974_platform: platform_send_audio_calibration: sending audio calibration for snd_device(2) acdb_id(15)
08-04 18:39:36.953   512  2967 I soundtrigger: audio_extn_sound_trigger_update_device_status: device 0x2 of type 0 for Event 1
08-04 18:39:36.979  1732  1732 I AppCompatViewInflater: app:theme is now deprecated. Please move to using android:theme instead.
08-04 18:39:36.980   512  2967 D audio_hw_primary: enable_snd_device: snd_device(2: speaker)
08-04 18:39:36.982   512  2967 D audio_hw_primary: enable_audio_route: apply and update mixer path: low-latency-playback speaker
08-04 18:39:37.001   918  3359 D ConnectivityService: listenForNetwork for Listen from uid/pid:10666/1732 for NetworkRequest [ id=2836, legacyType=-1, [ Capabilities: INTERNET&NOT_RESTRICTED&TRUSTED] ]
08-04 18:39:37.119   918   936 I ActivityManager: Displayed baseline.org.quantumbadger.redreader/.activities.WebViewActivity: +167ms
08-04 18:39:37.120 13866 13866 I GoogleInputMethodServic: GoogleInputMethodService.onFinishInput():3138 
08-04 18:39:37.121 13866 13866 I GoogleInputMethodServic: GoogleInputMethodService.onStartInput():1808 
08-04 18:39:37.123  1732  1743 I art     : Starting a blocking GC Explicit
08-04 18:39:37.175 29955 29955 W Atfwd_Sendcmd: AtCmdFwd service not published, waiting... retryCnt : 1
08-04 18:39:37.177  1732  1743 I art     : Explicit concurrent mark sweep GC freed 5914(311KB) AllocSpace objects, 1(20KB) LOS objects, 33% free, 32MB/48MB, paused 499us total 53.616ms
08-04 18:39:37.195  1732  1743 I art     : Starting a blocking GC Explicit
08-04 18:39:37.240  1732  1743 I art     : Explicit concurrent mark sweep GC freed 7300(828KB) AllocSpace objects, 17(2MB) LOS objects, 35% free, 29MB/45MB, paused 516us total 45.274ms
08-04 18:39:37.259  1732  1743 I art     : Starting a blocking GC Explicit
08-04 18:39:37.314  1732  1743 I art     : Explicit concurrent mark sweep GC freed 7(272B) AllocSpace objects, 0(0B) LOS objects, 35% free, 29MB/45MB, paused 521us total 54.334ms
08-04 18:39:37.334  1732  1743 I art     : Starting a blocking GC Explicit
08-04 18:39:37.371   380   380 W SurfaceFlinger: couldn't log to binary event log: overflow.
08-04 18:39:37.376  1732  1743 I art     : Explicit concurrent mark sweep GC freed 115(6KB) AllocSpace objects, 0(0B) LOS objects, 35% free, 29MB/45MB, paused 632us total 42.040ms
08-04 18:39:37.394  1732  1743 I art     : Starting a blocking GC Explicit
08-04 18:39:37.422  1732  4359 I RedditChangeDataIO: Writing tmp data file at '/data/user/0/baseline.org.quantumbadger.redreader/files/rr_change_data_tmp.dat'
08-04 18:39:37.422  1732  4359 I RedditChangeDataManager: Taking snapshot...
08-04 18:39:37.422  1732  4359 I RedditChangeDataManager: Writing to stream...
08-04 18:39:37.423  1732  4359 I RedditChangeDataManager: Wrote 5 entries for user ''
08-04 18:39:37.423  1732  4359 I RedditChangeDataManager: All entries written to stream.
08-04 18:39:37.423  1732  4359 I RedditChangeDataIO: Write successful. Atomically replacing data file...
08-04 18:39:37.423  1732  4359 I RedditChangeDataIO: Write complete.
08-04 18:39:37.423  1732  4359 I RedditChangeDataIO: 134 bytes written in 1 ms
08-04 18:39:37.438  1732  1743 I art     : Explicit concurrent mark sweep GC freed 562(32KB) AllocSpace objects, 1(68KB) LOS objects, 35% free, 29MB/45MB, paused 514us total 43.542ms
08-04 18:39:37.519   512  2967 D audio_hw_primary: disable_audio_route: reset and update mixer path: low-latency-playback speaker
08-04 18:39:37.520   512  2967 D audio_hw_primary: disable_snd_device: snd_device(2: speaker)
08-04 18:39:37.528   512  2967 I soundtrigger: audio_extn_sound_trigger_update_device_status: device 0x2 of type 0 for Event 0
08-04 18:39:37.809  1732  1744 I art     : Starting a blocking GC Explicit
08-04 18:39:37.858  1732  1744 I art     : Explicit concurrent mark sweep GC freed 1721(101KB) AllocSpace objects, 1(20KB) LOS objects, 35% free, 29MB/45MB, paused 494us total 48.396ms
08-04 18:39:37.878  1732  1744 I art     : Starting a blocking GC Explicit
08-04 18:39:37.933  1732  1744 I art     : Explicit concurrent mark sweep GC freed 27(928B) AllocSpace objects, 0(0B) LOS objects, 35% free, 29MB/45MB, paused 637us total 54.325ms
08-04 18:39:37.955  1732  1744 I art     : Starting a blocking GC Explicit
08-04 18:39:38.006  1732  1744 I art     : Explicit concurrent mark sweep GC freed 13(416B) AllocSpace objects, 0(0B) LOS objects, 35% free, 29MB/45MB, paused 478us total 51.149ms
08-04 18:39:38.026  1732  1744 I art     : Starting a blocking GC Explicit
08-04 18:39:38.074  1732  1744 I art     : Explicit concurrent mark sweep GC freed 11(352B) AllocSpace objects, 0(0B) LOS objects, 35% free, 29MB/45MB, paused 543us total 48.160ms
08-04 18:39:38.094  1732  1744 I art     : Starting a blocking GC Explicit
08-04 18:39:38.141  1732  1744 I art     : Explicit concurrent mark sweep GC freed 11(352B) AllocSpace objects, 0(0B) LOS objects, 35% free, 29MB/45MB, paused 484us total 47.178ms
08-04 18:39:38.383  1732  1732 I chromium: [INFO:CONSOLE(1)] "
08-04 18:39:38.383  1732  1732 I chromium:                   ,d"=,.,qOp,
08-04 18:39:38.383  1732  1732 I chromium:                  ,7'  ''$(  )
08-04 18:39:38.383  1732  1732 I chromium:                 ,7'      '?q$7'
08-04 18:39:38.383  1732  1732 I chromium:              ..,$$,.
08-04 18:39:38.383  1732  1732 I chromium:    ,.  .,,--***""***--,,.  .,
08-04 18:39:38.383  1732  1732 I chromium:     ,p''              ''q,   
08-04 18:39:38.383  1732  1732 I chromium: :  ,7'                      '7,  :
08-04 18:39:38.383  1732  1732 I chromium:  ' $      ,db,      ,db,      $ '
08-04 18:39:38.383  1732  1732 I chromium:   '$      $$      $$      $'    Using Reddit at work? Work for Reddit.
08-04 18:39:38.383  1732  1732 I chromium:   '$                          $'        https://www.reddit.com/jobs
08-04 18:39:38.383  1732  1732 I chromium:    '$.     .,        ,.     .$'
08-04 18:39:38.383  1732  1732 I chromium:     'b,     ''     ,d'
08-04 18:39:38.383  1732  1732 I chromium:      '?bn,,          ,,nd?'
08-04 18:39:38.383  1732  1732 I chromium:        ,7$ '''' $7,
08-04 18:39:38.383  1732  1732 I chromium:      , $              $ ,
08-04 18:39:38.383  1732  1732 I chromium:      $  :$              $:  $
08-04 18:39:38.383  1732  1732 I chromium:      $   $              $   $
08-04 18:39:38.383  1732  1732 I chromium:      'b  q:            :p  d'
08-04 18:39:38.383  1732  1732 I chromium:       '?$.          .$?'
08-04 18:39:38.383  1732  1732 I chromium:          'b            d'
08-04 18:39:38.383  1732  1732 I chromium:        ,'?,.      .,?',
08-04 18:39:38.383  1732  1732 I chromium:       ==--==--==--==
08-04 18:39:38.383  1732  1732 I chromium: ", source: https://www.redditstatic.com/desktop2x/Chat~Governance~Reddit.2ea93b134a9b2e5b1d9a.js (1)
08-04 18:39:38.516  1732  1966 I art     : Starting a blocking GC Explicit
08-04 18:39:38.574  1732  1966 I art     : Explicit concurrent mark sweep GC freed 1457(89KB) AllocSpace objects, 1(20KB) LOS objects, 35% free, 29MB/45MB, paused 905us total 56.726ms
08-04 18:39:38.594  1732  1966 I art     : Starting a blocking GC Explicit
08-04 18:39:38.649   518   646 I ThermalEngine: ACTION: GPU - Setting GPU[0] to 390000000
08-04 18:39:38.655  1732  1966 I art     : Explicit concurrent mark sweep GC freed 39(1392B) AllocSpace objects, 0(0B) LOS objects, 35% free, 29MB/45MB, paused 1.277ms total 60.723ms
08-04 18:39:38.685  1732  1966 I art     : Starting a blocking GC Explicit
08-04 18:39:38.764  1732  1966 I art     : Explicit concurrent mark sweep GC freed 27(864B) AllocSpace objects, 0(0B) LOS objects, 35% free, 29MB/45MB, paused 1.943ms total 77.702ms
08-04 18:39:38.795  1732  1966 I art     : Starting a blocking GC Explicit
08-04 18:39:38.871  1732  1966 I art     : Explicit concurrent mark sweep GC freed 60(2464B) AllocSpace objects, 0(0B) LOS objects, 35% free, 29MB/45MB, paused 1.362ms total 74.857ms
08-04 18:39:38.902  1732  1966 I art     : Starting a blocking GC Explicit
08-04 18:39:38.974  1732  1966 I art     : Explicit concurrent mark sweep GC freed 264(42KB) AllocSpace objects, 0(0B) LOS objects, 35% free, 29MB/45MB, paused 763us total 71.178ms
08-04 18:39:39.355  1732  3991 I art     : Starting a blocking GC Explicit
08-04 18:39:39.414  1732  3991 I art     : Explicit concurrent mark sweep GC freed 1421(84KB) AllocSpace objects, 1(20KB) LOS objects, 35% free, 29MB/45MB, paused 853us total 58.288ms
08-04 18:39:39.439  1732  3991 I art     : Starting a blocking GC Explicit
08-04 18:39:39.491  1732  3991 I art     : Explicit concurrent mark sweep GC freed 20(704B) AllocSpace objects, 0(0B) LOS objects, 35% free, 29MB/45MB, paused 866us total 52.017ms
08-04 18:39:39.516  1732  3991 I art     : Starting a blocking GC Explicit
08-04 18:39:39.574  1732  3991 I art     : Explicit concurrent mark sweep GC freed 61(3KB) AllocSpace objects, 0(0B) LOS objects, 35% free, 29MB/45MB, paused 780us total 57.747ms
08-04 18:39:39.597  1732  3991 I art     : Starting a blocking GC Explicit
08-04 18:39:39.649  1732  3991 I art     : Explicit concurrent mark sweep GC freed 157(8KB) AllocSpace objects, 0(0B) LOS objects, 35% free, 29MB/45MB, paused 1.214ms total 51.148ms
08-04 18:39:39.673  1732  3991 I art     : Starting a blocking GC Explicit
08-04 18:39:39.728  1732  3991 I art     : Explicit concurrent mark sweep GC freed 15(2672B) AllocSpace objects, 0(0B) LOS objects, 35% free, 29MB/45MB, paused 820us total 54.193ms
08-04 18:39:40.116  1732  3991 I art     : Starting a blocking GC Explicit
08-04 18:39:40.177  1732  3991 I art     : Explicit concurrent mark sweep GC freed 1355(82KB) AllocSpace objects, 1(20KB) LOS objects, 35% free, 29MB/45MB, paused 628us total 60.280ms
08-04 18:39:40.203  1732  3991 I art     : Starting a blocking GC Explicit
08-04 18:39:40.267  1732  3991 I art     : Explicit concurrent mark sweep GC freed 20(704B) AllocSpace objects, 0(0B) LOS objects, 35% free, 29MB/45MB, paused 802us total 63.875ms
08-04 18:39:40.293  1732  3991 I art     : Starting a blocking GC Explicit
08-04 18:39:40.358  1732  3991 I art     : Explicit concurrent mark sweep GC freed 49(2656B) AllocSpace objects, 0(0B) LOS objects, 35% free, 29MB/45MB, paused 840us total 64.903ms
08-04 18:39:40.381  1732  3991 I art     : Starting a blocking GC Explicit
08-04 18:39:40.441  1732  3991 I art     : Explicit concurrent mark sweep GC freed 3(96B) AllocSpace objects, 0(0B) LOS objects, 35% free, 29MB/45MB, paused 695us total 59.484ms
08-04 18:39:40.466  1732  3991 I art     : Starting a blocking GC Explicit
08-04 18:39:40.533  1732  3991 I art     : Explicit concurrent mark sweep GC freed 3(96B) AllocSpace objects, 0(0B) LOS objects, 35% free, 29MB/45MB, paused 768us total 66.807ms
08-04 18:39:40.935  1732  3991 I art     : Starting a blocking GC Explicit
08-04 18:39:40.998  1732  3991 I art     : Explicit concurrent mark sweep GC freed 1355(82KB) AllocSpace objects, 1(20KB) LOS objects, 35% free, 29MB/45MB, paused 1.566ms total 61.879ms
08-04 18:39:41.027  1732  3991 I art     : Starting a blocking GC Explicit
08-04 18:39:41.079  1732  3991 I art     : Explicit concurrent mark sweep GC freed 20(704B) AllocSpace objects, 0(0B) LOS objects, 35% free, 29MB/45MB, paused 724us total 51.679ms
08-04 18:39:41.102  1732  3991 I art     : Starting a blocking GC Explicit
08-04 18:39:41.163  1732  3991 I art     : Explicit concurrent mark sweep GC freed 3(96B) AllocSpace objects, 0(0B) LOS objects, 35% free, 29MB/45MB, paused 816us total 60.405ms
08-04 18:39:41.187  1732  3991 I art     : Starting a blocking GC Explicit
08-04 18:39:41.246  1732  3991 I art     : Explicit concurrent mark sweep GC freed 3(96B) AllocSpace objects, 0(0B) LOS objects, 35% free, 29MB/45MB, paused 601us total 58.197ms
08-04 18:39:41.270  1732  3991 I art     : Starting a blocking GC Explicit
08-04 18:39:41.335  1732  3991 I art     : Explicit concurrent mark sweep GC freed 3(96B) AllocSpace objects, 0(0B) LOS objects, 35% free, 29MB/45MB, paused 733us total 63.989ms
08-04 18:39:41.749  1732  3991 I art     : Starting a blocking GC Explicit
08-04 18:39:41.808  1732  3991 I art     : Explicit concurrent mark sweep GC freed 1355(82KB) AllocSpace objects, 1(20KB) LOS objects, 35% free, 29MB/45MB, paused 1.177ms total 58.469ms
08-04 18:39:41.842  1732  3991 I art     : Starting a blocking GC Explicit
08-04 18:39:41.887  4504  4504 D AndroidRuntime: >>>>>> START com.android.internal.os.RuntimeInit uid 2000 <<<<<<
08-04 18:39:41.893  4504  4504 D AndroidRuntime: CheckJNI is OFF
08-04 18:39:41.898  1732  3991 I art     : Explicit concurrent mark sweep GC freed 20(704B) AllocSpace objects, 0(0B) LOS objects, 35% free, 29MB/45MB, paused 806us total 56.404ms
08-04 18:39:41.927  1732  3991 I art     : Starting a blocking GC Explicit
08-04 18:39:41.958  4504  4504 D ICU     : No timezone override file found: /data/misc/zoneinfo/current/icu/icu_tzdata.dat
08-04 18:39:41.984  1732  3991 I art     : Explicit concurrent mark sweep GC freed 3(96B) AllocSpace objects, 0(0B) LOS objects, 35% free, 29MB/45MB, paused 868us total 56.747ms
08-04 18:39:42.005  4504  4504 I Radio-JNI: register_android_hardware_Radio DONE
08-04 18:39:42.009  1732  3991 I art     : Starting a blocking GC Explicit
08-04 18:39:42.040  4504  4504 D AndroidRuntime: Calling main entry com.android.commands.input.Input
08-04 18:39:42.043  4504  4504 I Input   : injectKeyEvent: KeyEvent { action=ACTION_DOWN, keyCode=KEYCODE_BACK, scanCode=0, metaState=0, flags=0x0, repeatCount=0, eventTime=729598456, downTime=729598456, deviceId=-1, source=0x101 }
08-04 18:39:42.050  4504  4504 I Input   : injectKeyEvent: KeyEvent { action=ACTION_UP, keyCode=KEYCODE_BACK, scanCode=0, metaState=0, flags=0x0, repeatCount=0, eventTime=729598456, downTime=729598456, deviceId=-1, source=0x101 }
08-04 18:39:42.057  4504  4504 D AndroidRuntime: Shutting down VM
08-04 18:39:42.110  1732  3991 I art     : Explicit concurrent mark sweep GC freed 107(3KB) AllocSpace objects, 0(0B) LOS objects, 35% free, 29MB/45MB, paused 891us total 99.517ms
08-04 18:39:42.154 13866 13866 I GoogleInputMethodServic: GoogleInputMethodService.onFinishInput():3138 
08-04 18:39:42.155 13866 13866 I GoogleInputMethodServic: GoogleInputMethodService.onStartInput():1808 
08-04 18:39:42.176 29955 29955 I ServiceManager: Waiting for service AtCmdFwd...
08-04 18:39:42.187  1732  3991 I art     : Starting a blocking GC Explicit
08-04 18:39:42.238  1732  3991 I art     : Explicit concurrent mark sweep GC freed 165(5KB) AllocSpace objects, 0(0B) LOS objects, 35% free, 29MB/45MB, paused 782us total 50.502ms
08-04 18:39:42.456   380   380 W SurfaceFlinger: couldn't log to binary event log: overflow.
08-04 18:39:42.507   918  3263 D ConnectivityService: releasing NetworkRequest NetworkRequest [ id=2836, legacyType=-1, [ Capabilities: INTERNET&NOT_RESTRICTED&TRUSTED] ]
08-04 18:39:42.691  1732  1966 I art     : Starting a blocking GC Explicit
08-04 18:39:42.743  1732  1966 I art     : Explicit concurrent mark sweep GC freed 2283(126KB) AllocSpace objects, 1(20KB) LOS objects, 35% free, 29MB/45MB, paused 715us total 52.261ms
08-04 18:39:42.766  1732  1966 I art     : Starting a blocking GC Explicit
08-04 18:39:42.818  1732  1966 I art     : Explicit concurrent mark sweep GC freed 2114(124KB) AllocSpace objects, 1(28KB) LOS objects, 35% free, 29MB/45MB, paused 724us total 51.671ms
08-04 18:39:42.841  1732  1966 I art     : Starting a blocking GC Explicit
08-04 18:39:42.895  1732  1966 I art     : Explicit concurrent mark sweep GC freed 3(96B) AllocSpace objects, 0(0B) LOS objects, 35% free, 29MB/45MB, paused 623us total 53.438ms
08-04 18:39:42.919  1732  1966 I art     : Starting a blocking GC Explicit
08-04 18:39:42.976  1732  1966 I art     : Explicit concurrent mark sweep GC freed 3(96B) AllocSpace objects, 0(0B) LOS objects, 35% free, 29MB/45MB, paused 864us total 56.132ms
08-04 18:39:43.001  1732  1966 I art     : Starting a blocking GC Explicit
08-04 18:39:43.060  1732  1966 I art     : Explicit concurrent mark sweep GC freed 3(96B) AllocSpace objects, 0(0B) LOS objects, 35% free, 29MB/45MB, paused 897us total 58.074ms
08-04 18:39:43.177 29955 29955 I ServiceManager: Waiting for service AtCmdFwd...
08-04 18:39:43.437  1732  1743 I art     : Starting a blocking GC Explicit
08-04 18:39:43.505  1732  1743 I art     : Explicit concurrent mark sweep GC freed 1354(82KB) AllocSpace objects, 1(20KB) LOS objects, 35% free, 29MB/45MB, paused 737us total 67.425ms
08-04 18:39:43.529  1732  1743 I art     : Starting a blocking GC Explicit
08-04 18:39:43.586  1732  1743 I art     : Explicit concurrent mark sweep GC freed 20(704B) AllocSpace objects, 0(0B) LOS objects, 35% free, 29MB/45MB, paused 756us total 55.779ms
08-04 18:39:43.586  1732  1742 I art     : WaitForGcToComplete blocked for 11.667ms for cause HeapTrim
08-04 18:39:43.612  1732  1743 I art     : Starting a blocking GC Explicit
08-04 18:39:43.669  1732  1743 I art     : Explicit concurrent mark sweep GC freed 3(96B) AllocSpace objects, 0(0B) LOS objects, 35% free, 29MB/45MB, paused 1.532ms total 56.886ms
08-04 18:39:43.693  1732  1743 I art     : Starting a blocking GC Explicit
08-04 18:39:43.749  1732  1743 I art     : Explicit concurrent mark sweep GC freed 3(96B) AllocSpace objects, 0(0B) LOS objects, 35% free, 29MB/45MB, paused 824us total 55.689ms
08-04 18:39:43.774  1732  1743 I art     : Starting a blocking GC Explicit
08-04 18:39:43.830  1732  1743 I art     : Explicit concurrent mark sweep GC freed 3(96B) AllocSpace objects, 0(0B) LOS objects, 35% free, 29MB/45MB, paused 827us total 55.683ms
08-04 18:39:43.989  4547  4547 D AndroidRuntime: >>>>>> START com.android.internal.os.RuntimeInit uid 2000 <<<<<<
08-04 18:39:43.995  4547  4547 D AndroidRuntime: CheckJNI is OFF
08-04 18:39:44.052  4547  4547 D ICU     : No timezone override file found: /data/misc/zoneinfo/current/icu/icu_tzdata.dat
08-04 18:39:44.097  4547  4547 I Radio-JNI: register_android_hardware_Radio DONE
08-04 18:39:44.130  4547  4547 D AndroidRuntime: Calling main entry com.android.commands.input.Input
08-04 18:39:44.132  4547  4547 I Input   : injectKeyEvent: KeyEvent { action=ACTION_DOWN, keyCode=KEYCODE_BACK, scanCode=0, metaState=0, flags=0x0, repeatCount=0, eventTime=729600545, downTime=729600545, deviceId=-1, source=0x101 }
08-04 18:39:44.138  4547  4547 I Input   : injectKeyEvent: KeyEvent { action=ACTION_UP, keyCode=KEYCODE_BACK, scanCode=0, metaState=0, flags=0x0, repeatCount=0, eventTime=729600545, downTime=729600545, deviceId=-1, source=0x101 }
08-04 18:39:44.145  4547  4547 D AndroidRuntime: Shutting down VM
08-04 18:39:44.185 29955 29955 I ServiceManager: Waiting for service AtCmdFwd...
08-04 18:39:44.195 13866 13866 I GoogleInputMethodServic: GoogleInputMethodService.onFinishInput():3138 
08-04 18:39:44.196 13866 13866 I GoogleInputMethodServic: GoogleInputMethodService.onStartInput():1808 
08-04 18:39:44.199  1732  1743 I art     : Starting a blocking GC Explicit
08-04 18:39:44.261  1732  1743 I art     : Explicit concurrent mark sweep GC freed 1516(88KB) AllocSpace objects, 1(20KB) LOS objects, 35% free, 29MB/45MB, paused 877us total 61.506ms
08-04 18:39:44.284  1732  1743 I art     : Starting a blocking GC Explicit
08-04 18:39:44.339  1732  1743 I art     : Explicit concurrent mark sweep GC freed 41(1424B) AllocSpace objects, 0(0B) LOS objects, 35% free, 29MB/45MB, paused 701us total 54.996ms
08-04 18:39:44.368  1732  1743 I art     : Starting a blocking GC Explicit
08-04 18:39:44.440  1732  1743 I art     : Explicit concurrent mark sweep GC freed 3(96B) AllocSpace objects, 0(0B) LOS objects, 35% free, 29MB/45MB, paused 694us total 71.651ms
08-04 18:39:44.471  1732  1743 I art     : Starting a blocking GC Explicit
08-04 18:39:44.531  1732  1743 I art     : Explicit concurrent mark sweep GC freed 48(1584B) AllocSpace objects, 0(0B) LOS objects, 35% free, 29MB/45MB, paused 565us total 60.401ms
08-04 18:39:44.554  1732  1743 I art     : Starting a blocking GC Explicit
08-04 18:39:44.611  1732  1743 I art     : Explicit concurrent mark sweep GC freed 23(992B) AllocSpace objects, 0(0B) LOS objects, 35% free, 29MB/45MB, paused 816us total 56.251ms
08-04 18:39:44.979  1732  1966 I art     : Starting a blocking GC Explicit
08-04 18:39:45.052  1732  1966 I art     : Explicit concurrent mark sweep GC freed 1484(89KB) AllocSpace objects, 1(20KB) LOS objects, 35% free, 29MB/45MB, paused 900us total 71.826ms
08-04 18:39:45.083  1732  1966 I art     : Starting a blocking GC Explicit
08-04 18:39:45.144  1732  1966 I art     : Explicit concurrent mark sweep GC freed 20(704B) AllocSpace objects, 0(0B) LOS objects, 35% free, 29MB/45MB, paused 853us total 61.218ms
08-04 18:39:45.173  1732  1966 I art     : Starting a blocking GC Explicit
08-04 18:39:45.186 29955 29955 I ServiceManager: Waiting for service AtCmdFwd...
08-04 18:39:45.232  1732  1966 I art     : Explicit concurrent mark sweep GC freed 3(96B) AllocSpace objects, 0(0B) LOS objects, 35% free, 29MB/45MB, paused 729us total 58.755ms
08-04 18:39:45.257  1732  1966 I art     : Starting a blocking GC Explicit
08-04 18:39:45.317  1732  1966 I art     : Explicit concurrent mark sweep GC freed 3(96B) AllocSpace objects, 0(0B) LOS objects, 35% free, 29MB/45MB, paused 698us total 59.062ms
08-04 18:39:45.342  1732  1966 I art     : Starting a blocking GC Explicit
08-04 18:39:45.402  1732  1966 I art     : Explicit concurrent mark sweep GC freed 3(96B) AllocSpace objects, 0(0B) LOS objects, 35% free, 29MB/45MB, paused 879us total 58.826ms
08-04 18:39:45.857  1732  1744 I art     : Starting a blocking GC Explicit
08-04 18:39:45.940  1732  1744 I art     : Explicit concurrent mark sweep GC freed 1354(82KB) AllocSpace objects, 1(20KB) LOS objects, 35% free, 29MB/45MB, paused 940us total 82.013ms
08-04 18:39:45.965  1732  1744 I art     : Starting a blocking GC Explicit
08-04 18:39:46.031  1732  1744 I art     : Explicit concurrent mark sweep GC freed 20(704B) AllocSpace objects, 0(0B) LOS objects, 35% free, 29MB/45MB, paused 815us total 66.265ms
08-04 18:39:46.049   918  3261 D WifiStateMachine: starting scan for "H369AA63323"WPA_PSK with 2412,5180
08-04 18:39:46.055  1732  1744 I art     : Starting a blocking GC Explicit
08-04 18:39:46.108  4580  4580 D AndroidRuntime: >>>>>> START com.android.internal.os.RuntimeInit uid 2000 <<<<<<
08-04 18:39:46.111  1732  1744 I art     : Explicit concurrent mark sweep GC freed 3(96B) AllocSpace objects, 0(0B) LOS objects, 35% free, 29MB/45MB, paused 882us total 55.913ms
08-04 18:39:46.115  4580  4580 D AndroidRuntime: CheckJNI is OFF
08-04 18:39:46.137  1732  1744 I art     : Starting a blocking GC Explicit
08-04 18:39:46.170  4580  4580 D ICU     : No timezone override file found: /data/misc/zoneinfo/current/icu/icu_tzdata.dat
08-04 18:39:46.186 29955 29955 I ServiceManager: Waiting for service AtCmdFwd...
08-04 18:39:46.192  1732  1744 I art     : Explicit concurrent mark sweep GC freed 3(96B) AllocSpace objects, 0(0B) LOS objects, 35% free, 29MB/45MB, paused 864us total 54.448ms
08-04 18:39:46.216  4580  4580 I Radio-JNI: register_android_hardware_Radio DONE
08-04 18:39:46.217  1732  1744 I art     : Starting a blocking GC Explicit
08-04 18:39:46.248  4580  4580 D AndroidRuntime: Calling main entry com.android.commands.input.Input
08-04 18:39:46.250  4580  4580 I Input   : injectMotionEvent: MotionEvent { action=ACTION_DOWN, actionButton=0, id[0]=0, x[0]=600.0, y[0]=1733.0, toolType[0]=TOOL_TYPE_UNKNOWN, buttonState=0, metaState=0, flags=0x0, edgeFlags=0x0, pointerCount=1, historySize=0, eventTime=729602663, downTime=729602663, deviceId=0, source=0x1002 }
08-04 18:39:46.256  4580  4580 I Input   : injectMotionEvent: MotionEvent { action=ACTION_UP, actionButton=0, id[0]=0, x[0]=600.0, y[0]=1733.0, toolType[0]=TOOL_TYPE_UNKNOWN, buttonState=0, metaState=0, flags=0x0, edgeFlags=0x0, pointerCount=1, historySize=0, eventTime=729602663, downTime=729602663, deviceId=0, source=0x1002 }
08-04 18:39:46.258  4580  4580 D AndroidRuntime: Shutting down VM
08-04 18:39:46.264   512  2967 D audio_hw_primary: out_set_parameters: enter: usecase(1: low-latency-playback) kvpairs: routing=2
08-04 18:39:46.269   918  5481 I ActivityManager: START u0 {dat=https://oauth.reddit.com/... cmp=baseline.org.quantumbadger.redreader/.activities.PostListingActivity} from uid 10666 on display 0
08-04 18:39:46.278   512  2967 D audio_hw_primary: select_devices: out_snd_device(2: speaker) in_snd_device(0: none)
08-04 18:39:46.278   512  2967 D msm8974_platform: platform_send_audio_calibration: sending audio calibration for snd_device(2) acdb_id(15)
08-04 18:39:46.278   512  2967 I soundtrigger: audio_extn_sound_trigger_update_device_status: device 0x2 of type 0 for Event 1
08-04 18:39:46.279  1732  1744 I art     : Explicit concurrent mark sweep GC freed 53(1728B) AllocSpace objects, 0(0B) LOS objects, 35% free, 29MB/45MB, paused 967us total 61.509ms
08-04 18:39:46.291   512  2967 D audio_hw_primary: enable_snd_device: snd_device(2: speaker)
08-04 18:39:46.295   512  2967 D audio_hw_primary: enable_audio_route: apply and update mixer path: low-latency-playback speaker
08-04 18:39:46.299  1732  1732 I AppCompatViewInflater: app:theme is now deprecated. Please move to using android:theme instead.
08-04 18:39:46.328  1732  4605 D OK      : calling: https://oauth.reddit.com/r/aww/about.json
08-04 18:39:46.407   918   936 I ActivityManager: Displayed baseline.org.quantumbadger.redreader/.activities.PostListingActivity: +126ms
08-04 18:39:46.408 13866 13866 I GoogleInputMethodServic: GoogleInputMethodService.onFinishInput():3138 
08-04 18:39:46.409 13866 13866 I GoogleInputMethodServic: GoogleInputMethodService.onStartInput():1808 
08-04 18:39:46.625  1732  4605 I NAPPA_EXPERIMENTATION: MetricNetworkRequestExecutionTime: REQUEST_DURATION_SYSTEM='297',REQUEST_DURATION_OKHTTP='136',REQUEST_SYNCHRONOUS='TRUE',RESPONSE_CODE='200',RESPONSE_METHOD='GET',RESPONSE_LENGTH_OKHTTP='-1',RESPONSE_LENGTH_HEADER='3478',REQUEST_PROTOCOL='h2',REQUEST_URL='https://oauth.reddit.com/r/aww/about.json',
08-04 18:39:46.626  1732  4605 D OK      : request got status: 200
08-04 18:39:46.661   380   380 W SurfaceFlinger: couldn't log to binary event log: overflow.
08-04 18:39:46.664   518   646 I ThermalEngine: ACTION: GPU - Setting GPU[0] to 450000000
08-04 18:39:46.683  1732  1744 I art     : Starting a blocking GC Explicit
08-04 18:39:46.728  1732  1744 I art     : Explicit concurrent mark sweep GC freed 6233(435KB) AllocSpace objects, 2(88KB) LOS objects, 35% free, 29MB/45MB, paused 526us total 44.319ms
08-04 18:39:46.745  1732  1744 I art     : Starting a blocking GC Explicit
08-04 18:39:46.791  1732  1744 I art     : Explicit concurrent mark sweep GC freed 1148(71KB) AllocSpace objects, 1(68KB) LOS objects, 35% free, 29MB/45MB, paused 632us total 45.653ms
08-04 18:39:46.812  1732  1744 I art     : Starting a blocking GC Explicit
08-04 18:39:46.843   512  2967 D audio_hw_primary: disable_audio_route: reset and update mixer path: low-latency-playback speaker
08-04 18:39:46.844   512  2967 D audio_hw_primary: disable_snd_device: snd_device(2: speaker)
08-04 18:39:46.852   512  2967 I soundtrigger: audio_extn_sound_trigger_update_device_status: device 0x2 of type 0 for Event 0
08-04 18:39:46.859  1732  1744 I art     : Explicit concurrent mark sweep GC freed 15(544B) AllocSpace objects, 0(0B) LOS objects, 35% free, 29MB/45MB, paused 550us total 46.813ms
08-04 18:39:46.877  1732  1744 I art     : Starting a blocking GC Explicit
08-04 18:39:46.923  1732  1744 I art     : Explicit concurrent mark sweep GC freed 3(96B) AllocSpace objects, 0(0B) LOS objects, 35% free, 29MB/45MB, paused 577us total 45.674ms
08-04 18:39:46.942  1732  1744 I art     : Starting a blocking GC Explicit
08-04 18:39:46.988  1732  1744 I art     : Explicit concurrent mark sweep GC freed 16(640B) AllocSpace objects, 0(0B) LOS objects, 35% free, 29MB/45MB, paused 533us total 46.072ms
08-04 18:39:47.186 29955 29955 W Atfwd_Sendcmd: AtCmdFwd service not published, waiting... retryCnt : 2
08-04 18:39:47.327  1732  2227 I art     : Starting a blocking GC Explicit
08-04 18:39:47.377  1732  2227 I art     : Explicit concurrent mark sweep GC freed 1400(84KB) AllocSpace objects, 1(20KB) LOS objects, 35% free, 29MB/45MB, paused 549us total 49.181ms
08-04 18:39:47.395  1732  2227 I art     : Starting a blocking GC Explicit
08-04 18:39:47.441  1732  2227 I art     : Explicit concurrent mark sweep GC freed 20(704B) AllocSpace objects, 0(0B) LOS objects, 35% free, 29MB/45MB, paused 545us total 45.700ms
08-04 18:39:47.459  1732  2227 I art     : Starting a blocking GC Explicit
08-04 18:39:47.505  1732  2227 I art     : Explicit concurrent mark sweep GC freed 3(96B) AllocSpace objects, 0(0B) LOS objects, 35% free, 29MB/45MB, paused 546us total 45.751ms
08-04 18:39:47.523  1732  2227 I art     : Starting a blocking GC Explicit
08-04 18:39:47.530  1732  4629 D OK      : calling: https://oauth.reddit.com/r/aww/hot/.json
08-04 18:39:47.570  1732  2227 I art     : Explicit concurrent mark sweep GC freed 116(4KB) AllocSpace objects, 0(0B) LOS objects, 35% free, 29MB/45MB, paused 612us total 46.057ms
08-04 18:39:47.589  1732  2227 I art     : Starting a blocking GC Explicit
08-04 18:39:47.635  1732  2227 I art     : Explicit concurrent mark sweep GC freed 22(912B) AllocSpace objects, 0(0B) LOS objects, 35% free, 29MB/45MB, paused 588us total 45.662ms
08-04 18:39:47.740  1732  4629 I NAPPA_EXPERIMENTATION: MetricNetworkRequestExecutionTime: REQUEST_DURATION_SYSTEM='210',REQUEST_DURATION_OKHTTP='206',REQUEST_SYNCHRONOUS='TRUE',RESPONSE_CODE='200',RESPONSE_METHOD='GET',RESPONSE_LENGTH_OKHTTP='-1',RESPONSE_LENGTH_HEADER='33430',REQUEST_PROTOCOL='h2',REQUEST_URL='https://oauth.reddit.com/r/aww/hot/.json',
08-04 18:39:47.740  1732  4629 D OK      : request got status: 200
08-04 18:39:47.747  1732  2333 I PostListingFragment: Precaching images: OFF
08-04 18:39:47.747  1732  2333 I PostListingFragment: Precaching comments: OFF
08-04 18:39:47.758  1732  4630 D OK      : calling: https://b.thumbs.redditmedia.com/CKInrczASoQbNvSBStGz11Tok0uCyQoxmZ02sOE37sQ.jpg
08-04 18:39:47.774  1732  2333 I getImgurImageInfo: Image NSO7Npm: trying API v3 with auth
08-04 18:39:47.777  1732  4633 D OK      : calling: https://a.thumbs.redditmedia.com/sKVnLbatvJCZOE2ooe6CgiEftOB3ukgPMdcydbk9CZ4.jpg
08-04 18:39:47.785  1732  4635 D OK      : calling: https://api.gfycat.com/v1/gfycats/deadlygravecavy
08-04 18:39:47.785  1732  4634 D OK      : calling: https://a.thumbs.redditmedia.com/dFt2-stQJkfZ8O7r7ywG9GQsF08fZXxEJfQtAmiJ-F8.jpg
08-04 18:39:47.787  1732  4636 D OK      : calling: https://b.thumbs.redditmedia.com/1cAaKl6LkrikiRbLsBzzOvufKqRKuPi3wgjUkX8axkI.jpg
08-04 18:39:47.790  1732  4638 D OK      : calling: https://v.redd.it/fkewv2f65kd51/DASHPlaylist.mpd
08-04 18:39:47.793  1732  4637 D OK      : calling: https://api.imgur.com/3/image/NSO7Npm
08-04 18:39:47.793  1732  4639 D OK      : calling: https://b.thumbs.redditmedia.com/NUqJWcobH7ToYhCM0w6nnAFZ46ymm9vPD25BC3s7Wco.jpg
08-04 18:39:47.800  1732  4640 D OK      : calling: https://b.thumbs.redditmedia.com/bUY4al781EZ3q7hUlnLebemHCXE3e63_SSxl2uo4Q4A.jpg
08-04 18:39:47.803  1732  4641 D OK      : calling: https://b.thumbs.redditmedia.com/tTmEfIrujbsvZXbhNSQS6Pc7o7ShCaGqZHbYf7nWdfg.jpg
08-04 18:39:47.807  1732  4644 D OK      : calling: https://b.thumbs.redditmedia.com/_H8tFMmL5-3GrxYkCtMSHiyNfjbX8pxctOw_vrzyw7o.jpg
08-04 18:39:47.822  1732  4648 D OK      : calling: https://b.thumbs.redditmedia.com/N6fiqTp8nJD2l7sUz4nij7j1yHYMTKaflUIrn8E2bAU.jpg
08-04 18:39:47.823  1732  4649 D OK      : calling: https://b.thumbs.redditmedia.com/HkEQtny0bE4H3dMCd_woPsLAXBoPwp_DZ4ioFNIQLKk.jpg
08-04 18:39:47.824  1732  4645 D OK      : calling: https://b.thumbs.redditmedia.com/JTSWFy2_tijPk6cA5noKDydEAMkMJcDmKQTSX178zwc.jpg
08-04 18:39:47.827  1732  4650 D OK      : calling: https://b.thumbs.redditmedia.com/lVNra-iScxkYcYtSstJ-7J7pRAUDRXIwwJhsen1ZK9g.jpg
08-04 18:39:47.828  1732  4651 D OK      : calling: https://api.gfycat.com/v1/gfycats/altruisticthankfulankolewatusi
08-04 18:39:47.835  1732  4652 D OK      : calling: https://b.thumbs.redditmedia.com/lQKqDneXS8E7ZBD9cUQy4OqOt8PuTneSvVFtnU0pwCE.jpg
08-04 18:39:47.837  1732  4654 D OK      : calling: https://b.thumbs.redditmedia.com/X3yyAViE0gxiHR-kf9Z5xmLa8dKsm8iWJyKdWNVtOhU.jpg
08-04 18:39:47.842  1732  4656 D OK      : calling: https://api.gfycat.com/v1/gfycats/foolhardysparklinglarva
08-04 18:39:47.842  1732  4655 D OK      : calling: https://v.redd.it/ak6rer1hskd51/DASHPlaylist.mpd
08-04 18:39:47.843  1732  4659 D OK      : calling: https://b.thumbs.redditmedia.com/Bx9FZp8_w10DfFUf_mqVPMfu4Y0h2lo41Dh4tl2eNeQ.jpg
08-04 18:39:47.850  1732  4660 D OK      : calling: https://v.redd.it/h49fg58ygjd51/DASHPlaylist.mpd
08-04 18:39:47.855  1732  4664 D OK      : calling: https://a.thumbs.redditmedia.com/cEOtajy3CAQrjwSA3hhSqnPx8bfkRzglo7Lz1SBTmE0.jpg
08-04 18:39:47.857  1732  4663 D OK      : calling: https://a.thumbs.redditmedia.com/KpcC72KH04Be3BqxmFbv_Gz7LCy-24GU-70or3KCdJ4.jpg
08-04 18:39:47.858  1732  4665 D OK      : calling: https://v.redd.it/1ewzkieg0jd51/DASHPlaylist.mpd
08-04 18:39:47.871  1732  4666 D OK      : calling: https://b.thumbs.redditmedia.com/RrJbRRjFZWmckrONtkPTloJh52FfqD_XkLMuYuuQvAg.jpg
08-04 18:39:47.872  1732  4668 D OK      : calling: https://b.thumbs.redditmedia.com/chqK3f9u3D7UmfrGP85f4sOQFihMk6q7fFSeMyWs_7E.jpg
08-04 18:39:47.874  1732  4667 D OK      : calling: https://v.redd.it/ppmhu2r9thd51/DASHPlaylist.mpd
08-04 18:39:47.876  1732  4669 D OK      : calling: https://b.thumbs.redditmedia.com/B18Vu5Jw71XCkFOFHimnUC42ya8apHsmcCW-HFmtb6w.jpg
08-04 18:39:47.884  1732  4670 D OK      : calling: https://v.redd.it/s9qqadf3mid51/DASHPlaylist.mpd
08-04 18:39:47.886  1732  4671 D OK      : calling: https://b.thumbs.redditmedia.com/iZuzjufMpYUYtQRLjRwce4RDb6JYsId95_iezR2Uc0w.jpg
08-04 18:39:47.889  1732  4672 D OK      : calling: https://v.redd.it/b8vazlcb7ld51/DASHPlaylist.mpd
08-04 18:39:47.899  1732  4673 D OK      : calling: https://b.thumbs.redditmedia.com/XNb1kfskabGDLMqv661Q22hBtCb8w5oyePDcFaZi9aY.jpg
08-04 18:39:47.906  1732  4674 D OK      : calling: https://v.redd.it/ty24o02m1hd51/DASHPlaylist.mpd
08-04 18:39:47.908  1732  4675 D OK      : calling: https://b.thumbs.redditmedia.com/lMqJbh1Z40ffemA0TnSfVnovznn4hvJNue60AsJ-ETs.jpg
08-04 18:39:47.918  1732  4676 D OK      : calling: https://b.thumbs.redditmedia.com/x5l4cICw0WNNvslt5FqVjwj89XrGjrXnNbaSyQRAyCo.jpg
08-04 18:39:47.921  1732  4677 D OK      : calling: https://v.redd.it/ar5k8892pid51/DASHPlaylist.mpd
08-04 18:39:47.922  1732  4678 D OK      : calling: https://b.thumbs.redditmedia.com/189nmwjW7eGWBD0J-cxzsUac1V1ZWGzMFC66inY4u4Y.jpg
08-04 18:39:47.935  1732  4679 D OK      : calling: https://b.thumbs.redditmedia.com/d_-UsfmKASoIHi4vZyyjvvwFtm1S7-DEi9AQPOnGIgY.jpg
08-04 18:39:47.993  1732  3991 I art     : Starting a blocking GC Explicit
08-04 18:39:48.041  1732  1732 W RecyclerView: Cannot call this method in a scroll callback. Scroll callbacks mightbe run during a measure & layout pass where you cannot change theRecyclerView data. Any method call that might change the structureof the RecyclerView or the adapter contents should be postponed tothe next frame.
08-04 18:39:48.041  1732  1732 W RecyclerView: java.lang.IllegalStateException:  androidx.recyclerview.widget.RecyclerView{ad2767d VFED..... .F....ID 0,0-1440,2140 #7f0900ef app:id/scrollbar_recyclerview_recyclerview}, adapter:baseline.org.quantumbadger.redreader.adapters.GroupedRecyclerViewAdapter@d64b972, layout:androidx.recyclerview.widget.LinearLayoutManager@48fe1c3, context:baseline.org.quantumbadger.redreader.activities.PostListingActivity@cf8d89
08-04 18:39:48.041  1732  1732 W RecyclerView: 	at androidx.recyclerview.widget.RecyclerView.assertNotInLayoutOrScroll(RecyclerView.java:3061)
08-04 18:39:48.041  1732  1732 W RecyclerView: 	at androidx.recyclerview.widget.RecyclerView$RecyclerViewDataObserver.onItemRangeInserted(RecyclerView.java:5555)
08-04 18:39:48.041  1732  1732 W RecyclerView: 	at androidx.recyclerview.widget.RecyclerView$AdapterDataObservable.notifyItemRangeInserted(RecyclerView.java:12278)
08-04 18:39:48.041  1732  1732 W RecyclerView: 	at androidx.recyclerview.widget.RecyclerView$Adapter.notifyItemInserted(RecyclerView.java:7464)
08-04 18:39:48.041  1732  1732 W RecyclerView: 	at baseline.org.quantumbadger.redreader.adapters.GroupedRecyclerViewAdapter.updateHiddenStatus(GroupedRecyclerViewAdapter.java:279)
08-04 18:39:48.041  1732  1732 W RecyclerView: 	at baseline.org.quantumbadger.redreader.adapters.RedditListingManager.setLoadingVisible(RedditListingManager.java:125)
08-04 18:39:48.041  1732  1732 W RecyclerView: 	at baseline.org.quantumbadger.redreader.fragments.PostListingFragment.onLoadMoreItemsCheck(PostListingFragment.java:465)
08-04 18:39:48.041  1732  1732 W RecyclerView: 	at baseline.org.quantumbadger.redreader.fragments.PostListingFragment.access$000(PostListingFragment.java:98)
08-04 18:39:48.041  1732  1732 W RecyclerView: 	at baseline.org.quantumbadger.redreader.fragments.PostListingFragment$2.onScrolled(PostListingFragment.java:215)
08-04 18:39:48.041  1732  1732 W RecyclerView: 	at androidx.recyclerview.widget.RecyclerView.dispatchOnScrolled(RecyclerView.java:5173)
08-04 18:39:48.041  1732  1732 W RecyclerView: 	at androidx.recyclerview.widget.RecyclerView.dispatchLayoutStep3(RecyclerView.java:4231)
08-04 18:39:48.041  1732  1732 W RecyclerView: 	at androidx.recyclerview.widget.RecyclerView.dispatchLayout(RecyclerView.java:3862)
08-04 18:39:48.041  1732  1732 W RecyclerView: 	at androidx.recyclerview.widget.RecyclerView.consumePendingUpdateOperations(RecyclerView.java:1897)
08-04 18:39:48.041  1732  1732 W RecyclerView: 	at androidx.recyclerview.widget.RecyclerView$1.run(RecyclerView.java:414)
08-04 18:39:48.041  1732  1732 W RecyclerView: 	at android.view.Choreographer$CallbackRecord.run(Choreographer.java:858)
08-04 18:39:48.041  1732  1732 W RecyclerView: 	at android.view.Choreographer.doCallbacks(Choreographer.java:670)
08-04 18:39:48.041  1732  1732 W RecyclerView: 	at android.view.Choreographer.doFrame(Choreographer.java:603)
08-04 18:39:48.041  1732  1732 W RecyclerView: 	at android.view.Choreographer$FrameDisplayEventReceiver.run(Choreographer.java:844)
08-04 18:39:48.041  1732  1732 W RecyclerView: 	at android.os.Handler.handleCallback(Handler.java:739)
08-04 18:39:48.041  1732  1732 W RecyclerView: 	at android.os.Handler.dispatchMessage(Handler.java:95)
08-04 18:39:48.041  1732  1732 W RecyclerView: 	at android.os.Looper.loop(Looper.java:148)
08-04 18:39:48.041  1732  1732 W RecyclerView: 	at android.app.ActivityThread.main(ActivityThread.java:5417)
08-04 18:39:48.041  1732  1732 W RecyclerView: 	at java.lang.reflect.Method.invoke(Native Method)
08-04 18:39:48.041  1732  1732 W RecyclerView: 	at com.android.internal.os.ZygoteInit$MethodAndArgsCaller.run(ZygoteInit.java:726)
08-04 18:39:48.041  1732  1732 W RecyclerView: 	at com.android.internal.os.ZygoteInit.main(ZygoteInit.java:616)
08-04 18:39:48.060  1732  3991 I art     : Explicit concurrent mark sweep GC freed 50101(2MB) AllocSpace objects, 3(156KB) LOS objects, 34% free, 30MB/46MB, paused 3.244ms total 67.090ms
08-04 18:39:48.079  1732  3991 I art     : Starting a blocking GC Explicit
08-04 18:39:48.135  1732  3991 I art     : Explicit concurrent mark sweep GC freed 3464(265KB) AllocSpace objects, 0(0B) LOS objects, 34% free, 30MB/46MB, paused 2.818ms total 55.635ms
08-04 18:39:48.155  1732  3991 I art     : Starting a blocking GC Explicit
08-04 18:39:48.212  1732  3991 I art     : Explicit concurrent mark sweep GC freed 11092(518KB) AllocSpace objects, 0(0B) LOS objects, 34% free, 30MB/46MB, paused 3.703ms total 56.855ms
08-04 18:39:48.233  1732  3991 I art     : Starting a blocking GC Explicit
08-04 18:39:48.294  1732  3991 I art     : Explicit concurrent mark sweep GC freed 8543(439KB) AllocSpace objects, 0(0B) LOS objects, 34% free, 30MB/46MB, paused 3.195ms total 59.977ms
08-04 18:39:48.316  1732  3991 I art     : Starting a blocking GC Explicit
08-04 18:39:48.370  1732  3991 I art     : Explicit concurrent mark sweep GC freed 10583(535KB) AllocSpace objects, 0(0B) LOS objects, 34% free, 30MB/46MB, paused 2.527ms total 53.810ms
08-04 18:39:48.434  1732  4630 I NAPPA_EXPERIMENTATION: MetricNetworkRequestExecutionTime: REQUEST_DURATION_SYSTEM='676',REQUEST_DURATION_OKHTTP='284',REQUEST_SYNCHRONOUS='TRUE',RESPONSE_CODE='200',RESPONSE_METHOD='GET',RESPONSE_LENGTH_OKHTTP='3891',RESPONSE_LENGTH_HEADER='3891',REQUEST_PROTOCOL='h2',REQUEST_URL='https://b.thumbs.redditmedia.com/CKInrczASoQbNvSBStGz11Tok0uCyQoxmZ02sOE37sQ.jpg',
08-04 18:39:48.434  1732  4630 D OK      : request got status: 200
08-04 18:39:48.528  1732  4633 I NAPPA_EXPERIMENTATION: MetricNetworkRequestExecutionTime: REQUEST_DURATION_SYSTEM='750',REQUEST_DURATION_OKHTTP='369',REQUEST_SYNCHRONOUS='TRUE',RESPONSE_CODE='200',RESPONSE_METHOD='GET',RESPONSE_LENGTH_OKHTTP='4487',RESPONSE_LENGTH_HEADER='4487',REQUEST_PROTOCOL='h2',REQUEST_URL='https://a.thumbs.redditmedia.com/sKVnLbatvJCZOE2ooe6CgiEftOB3ukgPMdcydbk9CZ4.jpg',
08-04 18:39:48.528  1732  4633 D OK      : request got status: 200
08-04 18:39:48.585  1732  4639 I NAPPA_EXPERIMENTATION: MetricNetworkRequestExecutionTime: REQUEST_DURATION_SYSTEM='792',REQUEST_DURATION_OKHTTP='390',REQUEST_SYNCHRONOUS='TRUE',RESPONSE_CODE='200',RESPONSE_METHOD='GET',RESPONSE_LENGTH_OKHTTP='6242',RESPONSE_LENGTH_HEADER='6242',REQUEST_PROTOCOL='h2',REQUEST_URL='https://b.thumbs.redditmedia.com/NUqJWcobH7ToYhCM0w6nnAFZ46ymm9vPD25BC3s7Wco.jpg',
08-04 18:39:48.585  1732  4639 D OK      : request got status: 200
08-04 18:39:48.659  1732  4638 I NAPPA_EXPERIMENTATION: MetricNetworkRequestExecutionTime: REQUEST_DURATION_SYSTEM='868',REQUEST_DURATION_OKHTTP='456',REQUEST_SYNCHRONOUS='TRUE',RESPONSE_CODE='200',RESPONSE_METHOD='GET',RESPONSE_LENGTH_OKHTTP='2700',RESPONSE_LENGTH_HEADER='2700',REQUEST_PROTOCOL='h2',REQUEST_URL='https://v.redd.it/fkewv2f65kd51/DASHPlaylist.mpd',
08-04 18:39:48.659  1732  4638 D OK      : request got status: 200
08-04 18:39:48.670  1732  4640 I NAPPA_EXPERIMENTATION: MetricNetworkRequestExecutionTime: REQUEST_DURATION_SYSTEM='870',REQUEST_DURATION_OKHTTP='456',REQUEST_SYNCHRONOUS='TRUE',RESPONSE_CODE='200',RESPONSE_METHOD='GET',RESPONSE_LENGTH_OKHTTP='6131',RESPONSE_LENGTH_HEADER='6131',REQUEST_PROTOCOL='h2',REQUEST_URL='https://b.thumbs.redditmedia.com/bUY4al781EZ3q7hUlnLebemHCXE3e63_SSxl2uo4Q4A.jpg',
08-04 18:39:48.670  1732  4640 D OK      : request got status: 200
08-04 18:39:48.720  1732  2227 I art     : Starting a blocking GC Explicit
08-04 18:39:48.731  1732  4729 D OK      : calling: https://oauth.reddit.com/r/aww/hot/.json?after=t3_hz5odc
08-04 18:39:48.735  1732  4638 I RedditVideosAPI: For 'https://v.redd.it/fkewv2f65kd51/DASHPlaylist.mpd', got video stream 'https://v.redd.it/fkewv2f65kd51/DASH_480' and audio stream 'https://v.redd.it/fkewv2f65kd51/audio'
08-04 18:39:48.753  1732  4655 I NAPPA_EXPERIMENTATION: MetricNetworkRequestExecutionTime: REQUEST_DURATION_SYSTEM='911',REQUEST_DURATION_OKHTTP='450',REQUEST_SYNCHRONOUS='TRUE',RESPONSE_CODE='200',RESPONSE_METHOD='GET',RESPONSE_LENGTH_OKHTTP='1713',RESPONSE_LENGTH_HEADER='1713',REQUEST_PROTOCOL='h2',REQUEST_URL='https://v.redd.it/ak6rer1hskd51/DASHPlaylist.mpd',
08-04 18:39:48.753  1732  4655 D OK      : request got status: 200
08-04 18:39:48.762  1732  4644 I NAPPA_EXPERIMENTATION: MetricNetworkRequestExecutionTime: REQUEST_DURATION_SYSTEM='955',REQUEST_DURATION_OKHTTP='513',REQUEST_SYNCHRONOUS='TRUE',RESPONSE_CODE='200',RESPONSE_METHOD='GET',RESPONSE_LENGTH_OKHTTP='6434',RESPONSE_LENGTH_HEADER='6434',REQUEST_PROTOCOL='h2',REQUEST_URL='https://b.thumbs.redditmedia.com/_H8tFMmL5-3GrxYkCtMSHiyNfjbX8pxctOw_vrzyw7o.jpg',
08-04 18:39:48.762  1732  4644 D OK      : request got status: 200
08-04 18:39:48.784  1732  2227 I art     : Explicit concurrent mark sweep GC freed 51244(2MB) AllocSpace objects, 24(1400KB) LOS objects, 33% free, 31MB/47MB, paused 2.253ms total 63.443ms
08-04 18:39:48.788  1732  4655 I RedditVideosAPI: For 'https://v.redd.it/ak6rer1hskd51/DASHPlaylist.mpd', got video stream 'https://v.redd.it/ak6rer1hskd51/DASH_360' and audio stream 'null'
08-04 18:39:48.802  1732  4636 I NAPPA_EXPERIMENTATION: MetricNetworkRequestExecutionTime: REQUEST_DURATION_SYSTEM='1015',REQUEST_DURATION_OKHTTP='576',REQUEST_SYNCHRONOUS='TRUE',RESPONSE_CODE='200',RESPONSE_METHOD='GET',RESPONSE_LENGTH_OKHTTP='5113',RESPONSE_LENGTH_HEADER='5113',REQUEST_PROTOCOL='h2',REQUEST_URL='https://b.thumbs.redditmedia.com/1cAaKl6LkrikiRbLsBzzOvufKqRKuPi3wgjUkX8axkI.jpg',
08-04 18:39:48.802  1732  4636 D OK      : request got status: 200
08-04 18:39:48.803  1732  2227 I art     : Starting a blocking GC Explicit
08-04 18:39:48.809  1732  4634 I NAPPA_EXPERIMENTATION: MetricNetworkRequestExecutionTime: REQUEST_DURATION_SYSTEM='1023',REQUEST_DURATION_OKHTTP='587',REQUEST_SYNCHRONOUS='TRUE',RESPONSE_CODE='200',RESPONSE_METHOD='GET',RESPONSE_LENGTH_OKHTTP='6530',RESPONSE_LENGTH_HEADER='6530',REQUEST_PROTOCOL='h2',REQUEST_URL='https://a.thumbs.redditmedia.com/dFt2-stQJkfZ8O7r7ywG9GQsF08fZXxEJfQtAmiJ-F8.jpg',
08-04 18:39:48.809  1732  4634 D OK      : request got status: 200
08-04 18:39:48.857  1732  2227 I art     : Explicit concurrent mark sweep GC freed 3749(210KB) AllocSpace objects, 9(528KB) LOS objects, 33% free, 31MB/47MB, paused 2.132ms total 53.362ms
08-04 18:39:48.876  1732  2227 I art     : Starting a blocking GC Explicit
08-04 18:39:48.901  1732  4664 I NAPPA_EXPERIMENTATION: MetricNetworkRequestExecutionTime: REQUEST_DURATION_SYSTEM='1045',REQUEST_DURATION_OKHTTP='569',REQUEST_SYNCHRONOUS='TRUE',RESPONSE_CODE='200',RESPONSE_METHOD='GET',RESPONSE_LENGTH_OKHTTP='5648',RESPONSE_LENGTH_HEADER='5648',REQUEST_PROTOCOL='h2',REQUEST_URL='https://a.thumbs.redditmedia.com/cEOtajy3CAQrjwSA3hhSqnPx8bfkRzglo7Lz1SBTmE0.jpg',
08-04 18:39:48.901  1732  4664 D OK      : request got status: 200
08-04 18:39:48.903  1732  4649 I NAPPA_EXPERIMENTATION: MetricNetworkRequestExecutionTime: REQUEST_DURATION_SYSTEM='1080',REQUEST_DURATION_OKHTTP='629',REQUEST_SYNCHRONOUS='TRUE',RESPONSE_CODE='200',RESPONSE_METHOD='GET',RESPONSE_LENGTH_OKHTTP='8699',RESPONSE_LENGTH_HEADER='8699',REQUEST_PROTOCOL='h2',REQUEST_URL='https://b.thumbs.redditmedia.com/HkEQtny0bE4H3dMCd_woPsLAXBoPwp_DZ4ioFNIQLKk.jpg',
08-04 18:39:48.903  1732  4649 D OK      : request got status: 200
08-04 18:39:48.915  1732  4660 I NAPPA_EXPERIMENTATION: MetricNetworkRequestExecutionTime: REQUEST_DURATION_SYSTEM='1065',REQUEST_DURATION_OKHTTP='592',REQUEST_SYNCHRONOUS='TRUE',RESPONSE_CODE='200',RESPONSE_METHOD='GET',RESPONSE_LENGTH_OKHTTP='2429',RESPONSE_LENGTH_HEADER='2429',REQUEST_PROTOCOL='h2',REQUEST_URL='https://v.redd.it/h49fg58ygjd51/DASHPlaylist.mpd',
08-04 18:39:48.915  1732  4660 D OK      : request got status: 200
08-04 18:39:48.925  1732  4645 I NAPPA_EXPERIMENTATION: MetricNetworkRequestExecutionTime: REQUEST_DURATION_SYSTEM='1100',REQUEST_DURATION_OKHTTP='616',REQUEST_SYNCHRONOUS='TRUE',RESPONSE_CODE='200',RESPONSE_METHOD='GET',RESPONSE_LENGTH_OKHTTP='6634',RESPONSE_LENGTH_HEADER='6634',REQUEST_PROTOCOL='h2',REQUEST_URL='https://b.thumbs.redditmedia.com/JTSWFy2_tijPk6cA5noKDydEAMkMJcDmKQTSX178zwc.jpg',
08-04 18:39:48.925  1732  4645 D OK      : request got status: 200
08-04 18:39:48.929  1732  2227 I art     : Explicit concurrent mark sweep GC freed 1068(129KB) AllocSpace objects, 11(580KB) LOS objects, 33% free, 31MB/47MB, paused 2.169ms total 52.193ms
08-04 18:39:48.947  1732  2227 I art     : Starting a blocking GC Explicit
08-04 18:39:48.947  1732  4663 I NAPPA_EXPERIMENTATION: MetricNetworkRequestExecutionTime: REQUEST_DURATION_SYSTEM='1090',REQUEST_DURATION_OKHTTP='544',REQUEST_SYNCHRONOUS='TRUE',RESPONSE_CODE='200',RESPONSE_METHOD='GET',RESPONSE_LENGTH_OKHTTP='4798',RESPONSE_LENGTH_HEADER='4798',REQUEST_PROTOCOL='h2',REQUEST_URL='https://a.thumbs.redditmedia.com/KpcC72KH04Be3BqxmFbv_Gz7LCy-24GU-70or3KCdJ4.jpg',
08-04 18:39:48.950  1732  4663 D OK      : request got status: 200
08-04 18:39:48.954  1732  4660 I RedditVideosAPI: For 'https://v.redd.it/h49fg58ygjd51/DASHPlaylist.mpd', got video stream 'https://v.redd.it/h49fg58ygjd51/DASH_480' and audio stream 'null'
08-04 18:39:48.965  1732  4648 I NAPPA_EXPERIMENTATION: MetricNetworkRequestExecutionTime: REQUEST_DURATION_SYSTEM='1143',REQUEST_DURATION_OKHTTP='655',REQUEST_SYNCHRONOUS='TRUE',RESPONSE_CODE='200',RESPONSE_METHOD='GET',RESPONSE_LENGTH_OKHTTP='7265',RESPONSE_LENGTH_HEADER='7265',REQUEST_PROTOCOL='h2',REQUEST_URL='https://b.thumbs.redditmedia.com/N6fiqTp8nJD2l7sUz4nij7j1yHYMTKaflUIrn8E2bAU.jpg',
08-04 18:39:48.965  1732  4648 D OK      : request got status: 200
08-04 18:39:48.998  1732  2227 I art     : Explicit concurrent mark sweep GC freed 955(127KB) AllocSpace objects, 8(460KB) LOS objects, 33% free, 32MB/48MB, paused 1.987ms total 50.812ms
08-04 18:39:49.016  1732  2227 I art     : Starting a blocking GC Explicit
08-04 18:39:49.021  1732  4667 I NAPPA_EXPERIMENTATION: MetricNetworkRequestExecutionTime: REQUEST_DURATION_SYSTEM='1147',REQUEST_DURATION_OKHTTP='536',REQUEST_SYNCHRONOUS='TRUE',RESPONSE_CODE='200',RESPONSE_METHOD='GET',RESPONSE_LENGTH_OKHTTP='2787',RESPONSE_LENGTH_HEADER='2787',REQUEST_PROTOCOL='h2',REQUEST_URL='https://v.redd.it/ppmhu2r9thd51/DASHPlaylist.mpd',
08-04 18:39:49.021  1732  4667 D OK      : request got status: 200
08-04 18:39:49.028  1732  4650 I NAPPA_EXPERIMENTATION: MetricNetworkRequestExecutionTime: REQUEST_DURATION_SYSTEM='1201',REQUEST_DURATION_OKHTTP='618',REQUEST_SYNCHRONOUS='TRUE',RESPONSE_CODE='200',RESPONSE_METHOD='GET',RESPONSE_LENGTH_OKHTTP='4018',RESPONSE_LENGTH_HEADER='4018',REQUEST_PROTOCOL='h2',REQUEST_URL='https://b.thumbs.redditmedia.com/lVNra-iScxkYcYtSstJ-7J7pRAUDRXIwwJhsen1ZK9g.jpg',
08-04 18:39:49.028  1732  4654 I NAPPA_EXPERIMENTATION: MetricNetworkRequestExecutionTime: REQUEST_DURATION_SYSTEM='1191',REQUEST_DURATION_OKHTTP='619',REQUEST_SYNCHRONOUS='TRUE',RESPONSE_CODE='200',RESPONSE_METHOD='GET',RESPONSE_LENGTH_OKHTTP='7078',RESPONSE_LENGTH_HEADER='7078',REQUEST_PROTOCOL='h2',REQUEST_URL='https://b.thumbs.redditmedia.com/X3yyAViE0gxiHR-kf9Z5xmLa8dKsm8iWJyKdWNVtOhU.jpg',
08-04 18:39:49.028  1732  4650 D OK      : request got status: 200
08-04 18:39:49.028  1732  4654 D OK      : request got status: 200
08-04 18:39:49.031  1732  4670 I NAPPA_EXPERIMENTATION: MetricNetworkRequestExecutionTime: REQUEST_DURATION_SYSTEM='1147',REQUEST_DURATION_OKHTTP='513',REQUEST_SYNCHRONOUS='TRUE',RESPONSE_CODE='200',RESPONSE_METHOD='GET',RESPONSE_LENGTH_OKHTTP='2698',RESPONSE_LENGTH_HEADER='2698',REQUEST_PROTOCOL='h2',REQUEST_URL='https://v.redd.it/s9qqadf3mid51/DASHPlaylist.mpd',
08-04 18:39:49.032  1732  4670 D OK      : request got status: 200
08-04 18:39:49.037  1732  4652 I NAPPA_EXPERIMENTATION: MetricNetworkRequestExecutionTime: REQUEST_DURATION_SYSTEM='1202',REQUEST_DURATION_OKHTTP='702',REQUEST_SYNCHRONOUS='TRUE',RESPONSE_CODE='200',RESPONSE_METHOD='GET',RESPONSE_LENGTH_OKHTTP='6093',RESPONSE_LENGTH_HEADER='6093',REQUEST_PROTOCOL='h2',REQUEST_URL='https://b.thumbs.redditmedia.com/lQKqDneXS8E7ZBD9cUQy4OqOt8PuTneSvVFtnU0pwCE.jpg',
08-04 18:39:49.038  1732  4652 D OK      : request got status: 200
08-04 18:39:49.055  1732  4667 I RedditVideosAPI: For 'https://v.redd.it/ppmhu2r9thd51/DASHPlaylist.mpd', got video stream 'https://v.redd.it/ppmhu2r9thd51/DASH_480' and audio stream 'null'
08-04 18:39:49.067  1732  2227 I art     : Explicit concurrent mark sweep GC freed 1585(231KB) AllocSpace objects, 22(1756KB) LOS objects, 32% free, 32MB/48MB, paused 1.709ms total 50.661ms
08-04 18:39:49.077  1732  4665 I NAPPA_EXPERIMENTATION: MetricNetworkRequestExecutionTime: REQUEST_DURATION_SYSTEM='1219',REQUEST_DURATION_OKHTTP='555',REQUEST_SYNCHRONOUS='TRUE',RESPONSE_CODE='200',RESPONSE_METHOD='GET',RESPONSE_LENGTH_OKHTTP='3058',RESPONSE_LENGTH_HEADER='3058',REQUEST_PROTOCOL='h2',REQUEST_URL='https://v.redd.it/1ewzkieg0jd51/DASHPlaylist.mpd',
08-04 18:39:49.078  1732  4665 D OK      : request got status: 200
08-04 18:39:49.100  1732  4641 I NAPPA_EXPERIMENTATION: MetricNetworkRequestExecutionTime: REQUEST_DURATION_SYSTEM='1296',REQUEST_DURATION_OKHTTP='650',REQUEST_SYNCHRONOUS='TRUE',RESPONSE_CODE='200',RESPONSE_METHOD='GET',RESPONSE_LENGTH_OKHTTP='5439',RESPONSE_LENGTH_HEADER='5439',REQUEST_PROTOCOL='h2',REQUEST_URL='https://b.thumbs.redditmedia.com/tTmEfIrujbsvZXbhNSQS6Pc7o7ShCaGqZHbYf7nWdfg.jpg',
08-04 18:39:49.100  1732  4641 D OK      : request got status: 200
08-04 18:39:49.105  1732  4670 I RedditVideosAPI: For 'https://v.redd.it/s9qqadf3mid51/DASHPlaylist.mpd', got video stream 'https://v.redd.it/s9qqadf3mid51/DASH_480' and audio stream 'https://v.redd.it/s9qqadf3mid51/audio'
08-04 18:39:49.119  1732  4674 I NAPPA_EXPERIMENTATION: MetricNetworkRequestExecutionTime: REQUEST_DURATION_SYSTEM='1212',REQUEST_DURATION_OKHTTP='531',REQUEST_SYNCHRONOUS='TRUE',RESPONSE_CODE='200',RESPONSE_METHOD='GET',RESPONSE_LENGTH_OKHTTP='2071',RESPONSE_LENGTH_HEADER='2071',REQUEST_PROTOCOL='h2',REQUEST_URL='https://v.redd.it/ty24o02m1hd51/DASHPlaylist.mpd',
08-04 18:39:49.119  1732  4666 I NAPPA_EXPERIMENTATION: MetricNetworkRequestExecutionTime: REQUEST_DURATION_SYSTEM='1248',REQUEST_DURATION_OKHTTP='668',REQUEST_SYNCHRONOUS='TRUE',RESPONSE_CODE='200',RESPONSE_METHOD='GET',RESPONSE_LENGTH_OKHTTP='5229',RESPONSE_LENGTH_HEADER='5229',REQUEST_PROTOCOL='h2',REQUEST_URL='https://b.thumbs.redditmedia.com/RrJbRRjFZWmckrONtkPTloJh52FfqD_XkLMuYuuQvAg.jpg',
08-04 18:39:49.120  1732  4674 D OK      : request got status: 200
08-04 18:39:49.120  1732  4666 D OK      : request got status: 200
08-04 18:39:49.133  1732  4659 I NAPPA_EXPERIMENTATION: MetricNetworkRequestExecutionTime: REQUEST_DURATION_SYSTEM='1289',REQUEST_DURATION_OKHTTP='669',REQUEST_SYNCHRONOUS='TRUE',RESPONSE_CODE='200',RESPONSE_METHOD='GET',RESPONSE_LENGTH_OKHTTP='5207',RESPONSE_LENGTH_HEADER='5207',REQUEST_PROTOCOL='h2',REQUEST_URL='https://b.thumbs.redditmedia.com/Bx9FZp8_w10DfFUf_mqVPMfu4Y0h2lo41Dh4tl2eNeQ.jpg',
08-04 18:39:49.133  1732  4659 D OK      : request got status: 200
08-04 18:39:49.136  1732  4671 I NAPPA_EXPERIMENTATION: MetricNetworkRequestExecutionTime: REQUEST_DURATION_SYSTEM='1249',REQUEST_DURATION_OKHTTP='624',REQUEST_SYNCHRONOUS='TRUE',RESPONSE_CODE='200',RESPONSE_METHOD='GET',RESPONSE_LENGTH_OKHTTP='2861',RESPONSE_LENGTH_HEADER='2861',REQUEST_PROTOCOL='h2',REQUEST_URL='https://b.thumbs.redditmedia.com/iZuzjufMpYUYtQRLjRwce4RDb6JYsId95_iezR2Uc0w.jpg',
08-04 18:39:49.136  1732  4671 D OK      : request got status: 200
08-04 18:39:49.154  1732  4677 I NAPPA_EXPERIMENTATION: MetricNetworkRequestExecutionTime: REQUEST_DURATION_SYSTEM='1231',REQUEST_DURATION_OKHTTP='534',REQUEST_SYNCHRONOUS='TRUE',RESPONSE_CODE='200',RESPONSE_METHOD='GET',RESPONSE_LENGTH_OKHTTP='2342',RESPONSE_LENGTH_HEADER='2342',REQUEST_PROTOCOL='h2',REQUEST_URL='https://v.redd.it/ar5k8892pid51/DASHPlaylist.mpd',
08-04 18:39:49.154  1732  4677 D OK      : request got status: 200
08-04 18:39:49.179  1732  4672 I NAPPA_EXPERIMENTATION: MetricNetworkRequestExecutionTime: REQUEST_DURATION_SYSTEM='1290',REQUEST_DURATION_OKHTTP='552',REQUEST_SYNCHRONOUS='TRUE',RESPONSE_CODE='200',RESPONSE_METHOD='GET',RESPONSE_LENGTH_OKHTTP='3060',RESPONSE_LENGTH_HEADER='3060',REQUEST_PROTOCOL='h2',REQUEST_URL='https://v.redd.it/b8vazlcb7ld51/DASHPlaylist.mpd',
08-04 18:39:49.179  1732  4672 D OK      : request got status: 200
08-04 18:39:49.191  1732  4668 I NAPPA_EXPERIMENTATION: MetricNetworkRequestExecutionTime: REQUEST_DURATION_SYSTEM='1319',REQUEST_DURATION_OKHTTP='658',REQUEST_SYNCHRONOUS='TRUE',RESPONSE_CODE='200',RESPONSE_METHOD='GET',RESPONSE_LENGTH_OKHTTP='6163',RESPONSE_LENGTH_HEADER='6163',REQUEST_PROTOCOL='h2',REQUEST_URL='https://b.thumbs.redditmedia.com/chqK3f9u3D7UmfrGP85f4sOQFihMk6q7fFSeMyWs_7E.jpg',
08-04 18:39:49.191  1732  4668 D OK      : request got status: 200
08-04 18:39:49.194  1732  4729 I NAPPA_EXPERIMENTATION: MetricNetworkRequestExecutionTime: REQUEST_DURATION_SYSTEM='462',REQUEST_DURATION_OKHTTP='459',REQUEST_SYNCHRONOUS='TRUE',RESPONSE_CODE='200',RESPONSE_METHOD='GET',RESPONSE_LENGTH_OKHTTP='-1',RESPONSE_LENGTH_HEADER='30610',REQUEST_PROTOCOL='h2',REQUEST_URL='https://oauth.reddit.com/r/aww/hot/.json?after=t3_hz5odc',
08-04 18:39:49.194  1732  4729 D OK      : request got status: 200
08-04 18:39:49.196  1732  4665 I RedditVideosAPI: For 'https://v.redd.it/1ewzkieg0jd51/DASHPlaylist.mpd', got video stream 'https://v.redd.it/1ewzkieg0jd51/DASH_480' and audio stream 'https://v.redd.it/1ewzkieg0jd51/audio'
08-04 18:39:49.204  1732  2333 I PostListingFragment: Precaching images: OFF
08-04 18:39:49.205  1732  2333 I PostListingFragment: Precaching comments: OFF
08-04 18:39:49.206  1732  4635 I NAPPA_EXPERIMENTATION: MetricNetworkRequestExecutionTime: REQUEST_DURATION_SYSTEM='1421',REQUEST_DURATION_OKHTTP='545',REQUEST_SYNCHRONOUS='TRUE',RESPONSE_CODE='200',RESPONSE_METHOD='GET',RESPONSE_LENGTH_OKHTTP='-1',RESPONSE_LENGTH_HEADER='812',REQUEST_PROTOCOL='http/1.1',REQUEST_URL='https://api.gfycat.com/v1/gfycats/deadlygravecavy',
08-04 18:39:49.206  1732  4635 D OK      : request got status: 200
08-04 18:39:49.207  1732  4651 I NAPPA_EXPERIMENTATION: MetricNetworkRequestExecutionTime: REQUEST_DURATION_SYSTEM='1378',REQUEST_DURATION_OKHTTP='604',REQUEST_SYNCHRONOUS='TRUE',RESPONSE_CODE='200',RESPONSE_METHOD='GET',RESPONSE_LENGTH_OKHTTP='-1',RESPONSE_LENGTH_HEADER='955',REQUEST_PROTOCOL='http/1.1',REQUEST_URL='https://api.gfycat.com/v1/gfycats/altruisticthankfulankolewatusi',
08-04 18:39:49.207  1732  4651 D OK      : request got status: 200
08-04 18:39:49.218  1732  4669 I NAPPA_EXPERIMENTATION: MetricNetworkRequestExecutionTime: REQUEST_DURATION_SYSTEM='1342',REQUEST_DURATION_OKHTTP='681',REQUEST_SYNCHRONOUS='TRUE',RESPONSE_CODE='200',RESPONSE_METHOD='GET',RESPONSE_LENGTH_OKHTTP='8835',RESPONSE_LENGTH_HEADER='8835',REQUEST_PROTOCOL='h2',REQUEST_URL='https://b.thumbs.redditmedia.com/B18Vu5Jw71XCkFOFHimnUC42ya8apHsmcCW-HFmtb6w.jpg',
08-04 18:39:49.218  1732  4669 D OK      : request got status: 200
08-04 18:39:49.226  1732  4637 I NAPPA_EXPERIMENTATION: MetricNetworkRequestExecutionTime: REQUEST_DURATION_SYSTEM='1433',REQUEST_DURATION_OKHTTP='647',REQUEST_SYNCHRONOUS='TRUE',RESPONSE_CODE='200',RESPONSE_METHOD='GET',RESPONSE_LENGTH_OKHTTP='-1',RESPONSE_LENGTH_HEADER='379',REQUEST_PROTOCOL='h2',REQUEST_URL='https://api.imgur.com/3/image/NSO7Npm',
08-04 18:39:49.226  1732  4637 D OK      : request got status: 200
08-04 18:39:49.237  1732  4675 I NAPPA_EXPERIMENTATION: MetricNetworkRequestExecutionTime: REQUEST_DURATION_SYSTEM='1328',REQUEST_DURATION_OKHTTP='697',REQUEST_SYNCHRONOUS='TRUE',RESPONSE_CODE='200',RESPONSE_METHOD='GET',RESPONSE_LENGTH_OKHTTP='4249',RESPONSE_LENGTH_HEADER='4249',REQUEST_PROTOCOL='h2',REQUEST_URL='https://b.thumbs.redditmedia.com/lMqJbh1Z40ffemA0TnSfVnovznn4hvJNue60AsJ-ETs.jpg',
08-04 18:39:49.237  1732  4675 D OK      : request got status: 200
08-04 18:39:49.247  1732  4674 I RedditVideosAPI: For 'https://v.redd.it/ty24o02m1hd51/DASHPlaylist.mpd', got video stream 'https://v.redd.it/ty24o02m1hd51/DASH_480' and audio stream 'null'
08-04 18:39:49.262  1732  4656 I NAPPA_EXPERIMENTATION: MetricNetworkRequestExecutionTime: REQUEST_DURATION_SYSTEM='1420',REQUEST_DURATION_OKHTTP='638',REQUEST_SYNCHRONOUS='TRUE',RESPONSE_CODE='200',RESPONSE_METHOD='GET',RESPONSE_LENGTH_OKHTTP='-1',RESPONSE_LENGTH_HEADER='1021',REQUEST_PROTOCOL='http/1.1',REQUEST_URL='https://api.gfycat.com/v1/gfycats/foolhardysparklinglarva',
08-04 18:39:49.262  1732  4656 D OK      : request got status: 200
08-04 18:39:49.272  1732  4676 I NAPPA_EXPERIMENTATION: MetricNetworkRequestExecutionTime: REQUEST_DURATION_SYSTEM='1354',REQUEST_DURATION_OKHTTP='660',REQUEST_SYNCHRONOUS='TRUE',RESPONSE_CODE='200',RESPONSE_METHOD='GET',RESPONSE_LENGTH_OKHTTP='6843',RESPONSE_LENGTH_HEADER='6843',REQUEST_PROTOCOL='h2',REQUEST_URL='https://b.thumbs.redditmedia.com/x5l4cICw0WNNvslt5FqVjwj89XrGjrXnNbaSyQRAyCo.jpg',
08-04 18:39:49.272  1732  4676 D OK      : request got status: 200
08-04 18:39:49.283  1732  2333 I getImgurImageInfo: Image nLQR2hT: trying API v3 with auth
08-04 18:39:49.291  1732  4678 I NAPPA_EXPERIMENTATION: MetricNetworkRequestExecutionTime: REQUEST_DURATION_SYSTEM='1369',REQUEST_DURATION_OKHTTP='593',REQUEST_SYNCHRONOUS='TRUE',RESPONSE_CODE='200',RESPONSE_METHOD='GET',RESPONSE_LENGTH_OKHTTP='6778',RESPONSE_LENGTH_HEADER='6778',REQUEST_PROTOCOL='h2',REQUEST_URL='https://b.thumbs.redditmedia.com/189nmwjW7eGWBD0J-cxzsUac1V1ZWGzMFC66inY4u4Y.jpg',
08-04 18:39:49.291  1732  4678 D OK      : request got status: 200
08-04 18:39:49.294  1732  4673 I NAPPA_EXPERIMENTATION: MetricNetworkRequestExecutionTime: REQUEST_DURATION_SYSTEM='1395',REQUEST_DURATION_OKHTTP='646',REQUEST_SYNCHRONOUS='TRUE',RESPONSE_CODE='200',RESPONSE_METHOD='GET',RESPONSE_LENGTH_OKHTTP='4067',RESPONSE_LENGTH_HEADER='4067',REQUEST_PROTOCOL='h2',REQUEST_URL='https://b.thumbs.redditmedia.com/XNb1kfskabGDLMqv661Q22hBtCb8w5oyePDcFaZi9aY.jpg',
08-04 18:39:49.294  1732  4673 D OK      : request got status: 200
08-04 18:39:49.294  1732  4679 I NAPPA_EXPERIMENTATION: MetricNetworkRequestExecutionTime: REQUEST_DURATION_SYSTEM='1359',REQUEST_DURATION_OKHTTP='619',REQUEST_SYNCHRONOUS='TRUE',RESPONSE_CODE='200',RESPONSE_METHOD='GET',RESPONSE_LENGTH_OKHTTP='6221',RESPONSE_LENGTH_HEADER='6221',REQUEST_PROTOCOL='h2',REQUEST_URL='https://b.thumbs.redditmedia.com/d_-UsfmKASoIHi4vZyyjvvwFtm1S7-DEi9AQPOnGIgY.jpg',
08-04 18:39:49.296  1732  4679 D OK      : request got status: 200
08-04 18:39:49.321  1732  4742 D OK      : calling: https://b.thumbs.redditmedia.com/WehZGjN94ALGdO0M7RjPJ2EwcyyWVZ_NUn1Fuf7IYWY.jpg
08-04 18:39:49.394  1732  4677 I RedditVideosAPI: For 'https://v.redd.it/ar5k8892pid51/DASHPlaylist.mpd', got video stream 'https://v.redd.it/ar5k8892pid51/DASH_360' and audio stream 'https://v.redd.it/ar5k8892pid51/audio'
08-04 18:39:49.402  1732  1744 I art     : Starting a blocking GC Explicit
08-04 18:39:49.452  1732  4672 I RedditVideosAPI: For 'https://v.redd.it/b8vazlcb7ld51/DASHPlaylist.mpd', got video stream 'https://v.redd.it/b8vazlcb7ld51/DASH_480' and audio stream 'https://v.redd.it/b8vazlcb7ld51/audio'
08-04 18:39:49.454  1732  4743 D OK      : calling: https://b.thumbs.redditmedia.com/Xdo4lcQOwuUNK1yxSlXZ0OI8u23ORAr16_AzfAZ1nvU.jpg
08-04 18:39:49.457  1732  4742 I NAPPA_EXPERIMENTATION: MetricNetworkRequestExecutionTime: REQUEST_DURATION_SYSTEM='136',REQUEST_DURATION_OKHTTP='135',REQUEST_SYNCHRONOUS='TRUE',RESPONSE_CODE='200',RESPONSE_METHOD='GET',RESPONSE_LENGTH_OKHTTP='5435',RESPONSE_LENGTH_HEADER='5435',REQUEST_PROTOCOL='h2',REQUEST_URL='https://b.thumbs.redditmedia.com/WehZGjN94ALGdO0M7RjPJ2EwcyyWVZ_NUn1Fuf7IYWY.jpg',
08-04 18:39:49.458  1732  4742 D OK      : request got status: 200
08-04 18:39:49.466  1732  1744 I art     : Explicit concurrent mark sweep GC freed 27661(1952KB) AllocSpace objects, 66(3MB) LOS objects, 30% free, 36MB/52MB, paused 933us total 63.625ms
08-04 18:39:49.486  1732  1744 I art     : Starting a blocking GC Explicit
08-04 18:39:49.540  1732  1744 I art     : Explicit concurrent mark sweep GC freed 3384(339KB) AllocSpace objects, 26(1588KB) LOS objects, 30% free, 36MB/52MB, paused 730us total 53.387ms
08-04 18:39:49.544  1732  4744 D OK      : calling: https://b.thumbs.redditmedia.com/2KMYZ5hTlKXSvNO4hDUPyMba8Yz6skyu1SjUhLq1d9s.jpg
08-04 18:39:49.556  1732  4745 D OK      : calling: https://a.thumbs.redditmedia.com/EFVm-ZqqhARyEaKgtwU74c7tfzEDJvI0uiHXGglFag4.jpg
08-04 18:39:49.560  1732  1744 I art     : Starting a blocking GC Explicit
08-04 18:39:49.565  1732  4746 D OK      : calling: https://b.thumbs.redditmedia.com/qi4bNDKzoPvaSaSx99K2bAjwaRHh1nuOrcbySp1JHdk.jpg
08-04 18:39:49.567  1732  4747 D OK      : calling: https://b.thumbs.redditmedia.com/Ja8yiRMklM2lXd8q60LtBI6CqdmJ5YbWHRiBVFmICJA.jpg
08-04 18:39:49.570  1732  4748 D OK      : calling: https://b.thumbs.redditmedia.com/o5lSsJ_tCgCQxcdjMGaYxuveNluXB1PQT4PokXDhpvc.jpg
08-04 18:39:49.573  1732  4749 D OK      : calling: https://b.thumbs.redditmedia.com/SiCWTmKkQcbiAa7naxAHnw0adTeRkq1dB8QSqzGU7-Q.jpg
08-04 18:39:49.575  1732  4750 D OK      : calling: https://b.thumbs.redditmedia.com/C9qrVibnNxmzfLDKvEHp2v2Bo-Kqme7PoKC52s2o52M.jpg
08-04 18:39:49.578  1732  4754 D OK      : calling: https://a.thumbs.redditmedia.com/Tfsm0ol-ltlxNSBAkZ_4G4302d0hYeOSODkvXidBBR8.jpg
08-04 18:39:49.580  1732  4755 D OK      : calling: https://a.thumbs.redditmedia.com/Kzag-wH9wKRRg2MnPwgoFgXT_2jN_nkJ1lY1aNRQyT4.jpg
08-04 18:39:49.583  1732  4756 D OK      : calling: https://a.thumbs.redditmedia.com/P4gSGpXpi2wDXthNZ-LiwEs5Jvplm6dQ7W7Isqa7un4.jpg
08-04 18:39:49.585  1732  4757 D OK      : calling: https://b.thumbs.redditmedia.com/XkIhgqugP-9Zcb5I9A8o0r-zQJDh_6kastc0oWiiHkI.jpg
08-04 18:39:49.589  1732  4758 D OK      : calling: https://b.thumbs.redditmedia.com/3QPAtixkID9ojpqCAgfspJpruqoq45fM1G-Fx1K2F2A.jpg
08-04 18:39:49.590  1732  4759 D OK      : calling: https://b.thumbs.redditmedia.com/orK4W8Xc99pTzIT6q1waTsppldq24p1qMsHtkNnmu9w.jpg
08-04 18:39:49.593  1732  4760 D OK      : calling: https://b.thumbs.redditmedia.com/B1vXKY_-gTPbs625-RJ1MLIXxzCqfmnCB_0xnGjCECQ.jpg
08-04 18:39:49.595  1732  4761 D OK      : calling: https://a.thumbs.redditmedia.com/ffAKmOqnTuDMNR9MRfCdRtkq_CzN3MVhZxS64ZPYRh4.jpg
08-04 18:39:49.598  1732  4762 D OK      : calling: https://b.thumbs.redditmedia.com/OF1KI_LdSDMMWCy-WgJyRhIcM5fr7kDyu_OnpfRXHfI.jpg
08-04 18:39:49.601  1732  4763 D OK      : calling: https://b.thumbs.redditmedia.com/vuAhA4gGAmYfrTFA4woxZcKgmiDzJ3nAsql2pxcYGFs.jpg
08-04 18:39:49.605  1732  4764 D OK      : calling: https://b.thumbs.redditmedia.com/PtV7mFsO2n0j4YJweZjEqyVJ45hap4hXix9dwj6D0Wg.jpg
08-04 18:39:49.609  1732  4765 D OK      : calling: https://b.thumbs.redditmedia.com/wxTBcOhAgsmbc-TRaGNHpYJYnEOBr2LNsaZ6pCM91Lc.jpg
08-04 18:39:49.611  1732  1744 I art     : Explicit concurrent mark sweep GC freed 23870(1277KB) AllocSpace objects, 15(1032KB) LOS objects, 31% free, 35MB/51MB, paused 1.911ms total 51.178ms
08-04 18:39:49.612  1732  4766 D OK      : calling: https://b.thumbs.redditmedia.com/Wo7bFIVNZYYuNioRYwZFYxrl6QMk0lT-3W01wrXgHmE.jpg
08-04 18:39:49.614  1732  4767 D OK      : calling: https://b.thumbs.redditmedia.com/NoqMycYTzsyhI0Lq351riEI1mO9p8PvY1QwcZ9Irb9g.jpg
08-04 18:39:49.615  1732  4743 I NAPPA_EXPERIMENTATION: MetricNetworkRequestExecutionTime: REQUEST_DURATION_SYSTEM='161',REQUEST_DURATION_OKHTTP='159',REQUEST_SYNCHRONOUS='TRUE',RESPONSE_CODE='200',RESPONSE_METHOD='GET',RESPONSE_LENGTH_OKHTTP='5191',RESPONSE_LENGTH_HEADER='5191',REQUEST_PROTOCOL='h2',REQUEST_URL='https://b.thumbs.redditmedia.com/Xdo4lcQOwuUNK1yxSlXZ0OI8u23ORAr16_AzfAZ1nvU.jpg',
08-04 18:39:49.615  1732  4743 D OK      : request got status: 200
08-04 18:39:49.616  1732  4768 D OK      : calling: https://b.thumbs.redditmedia.com/KrRufqpifph7KM2Le5RdqEYQb24zbB4fizBJpFaH1Pc.jpg
08-04 18:39:49.619  1732  4769 D OK      : calling: https://b.thumbs.redditmedia.com/u2qz17QE3X5G7kkJrgK3HPCdxNQxNkhaWqfIhCuRMvE.jpg
08-04 18:39:49.621  1732  4770 D OK      : calling: https://v.redd.it/syww111dtjd51/DASHPlaylist.mpd
08-04 18:39:49.624  1732  4771 D OK      : calling: https://v.redd.it/pbqrrfb3tkd51/DASHPlaylist.mpd
08-04 18:39:49.627  1732  4772 D OK      : calling: https://v.redd.it/rrygsb8i4ld51/DASHPlaylist.mpd
08-04 18:39:49.629  1732  4773 D OK      : calling: https://v.redd.it/5x6zzipz8ld51/DASHPlaylist.mpd
08-04 18:39:49.631  1732  4774 D OK      : calling: https://v.redd.it/75en73fm5id51/DASHPlaylist.mpd
08-04 18:39:49.632  1732  1744 I art     : Starting a blocking GC Explicit
08-04 18:39:49.634  1732  4775 D OK      : calling: https://api.imgur.com/3/image/nLQR2hT
08-04 18:39:49.637  1732  4776 D OK      : calling: https://v.redd.it/ggz4fyth6hd51/DASHPlaylist.mpd
08-04 18:39:49.639  1732  4777 D OK      : calling: https://v.redd.it/psrknoobrgd51/DASHPlaylist.mpd
08-04 18:39:49.641  1732  4778 D OK      : calling: https://v.redd.it/jk6cwef4wld51/DASHPlaylist.mpd
08-04 18:39:49.644  1732  4779 D OK      : calling: https://v.redd.it/t81s8zfz9ld51/DASHPlaylist.mpd
08-04 18:39:49.646  1732  4780 D OK      : calling: https://v.redd.it/xd6c4yyutgd51/DASHPlaylist.mpd
08-04 18:39:49.649  1732  4781 D OK      : calling: https://v.redd.it/ue0jdgk9zhd51/DASHPlaylist.mpd
08-04 18:39:49.670   518   646 I ThermalEngine: ACTION: GPU - Setting GPU[0] to 390000000
08-04 18:39:49.697  1732  1744 I art     : Explicit concurrent mark sweep GC freed 3797(211KB) AllocSpace objects, 2(136KB) LOS objects, 30% free, 35MB/51MB, paused 3.459ms total 64.554ms
08-04 18:39:49.721  1732  1744 I art     : Starting a blocking GC Explicit
08-04 18:39:49.753  1732  4744 I NAPPA_EXPERIMENTATION: MetricNetworkRequestExecutionTime: REQUEST_DURATION_SYSTEM='208',REQUEST_DURATION_OKHTTP='208',REQUEST_SYNCHRONOUS='TRUE',RESPONSE_CODE='200',RESPONSE_METHOD='GET',RESPONSE_LENGTH_OKHTTP='5098',RESPONSE_LENGTH_HEADER='5098',REQUEST_PROTOCOL='h2',REQUEST_URL='https://b.thumbs.redditmedia.com/2KMYZ5hTlKXSvNO4hDUPyMba8Yz6skyu1SjUhLq1d9s.jpg',
08-04 18:39:49.753  1732  4744 D OK      : request got status: 200
08-04 18:39:49.791  1732  1744 I art     : Explicit concurrent mark sweep GC freed 1190(93KB) AllocSpace objects, 4(188KB) LOS objects, 30% free, 35MB/51MB, paused 3.516ms total 69.076ms
08-04 18:39:49.846  1732  4746 I NAPPA_EXPERIMENTATION: MetricNetworkRequestExecutionTime: REQUEST_DURATION_SYSTEM='281',REQUEST_DURATION_OKHTTP='281',REQUEST_SYNCHRONOUS='TRUE',RESPONSE_CODE='200',RESPONSE_METHOD='GET',RESPONSE_LENGTH_OKHTTP='4475',RESPONSE_LENGTH_HEADER='4475',REQUEST_PROTOCOL='h2',REQUEST_URL='https://b.thumbs.redditmedia.com/qi4bNDKzoPvaSaSx99K2bAjwaRHh1nuOrcbySp1JHdk.jpg',
08-04 18:39:49.846  1732  4746 D OK      : request got status: 200
08-04 18:39:49.860  1732  4749 I NAPPA_EXPERIMENTATION: MetricNetworkRequestExecutionTime: REQUEST_DURATION_SYSTEM='287',REQUEST_DURATION_OKHTTP='287',REQUEST_SYNCHRONOUS='TRUE',RESPONSE_CODE='200',RESPONSE_METHOD='GET',RESPONSE_LENGTH_OKHTTP='5968',RESPONSE_LENGTH_HEADER='5968',REQUEST_PROTOCOL='h2',REQUEST_URL='https://b.thumbs.redditmedia.com/SiCWTmKkQcbiAa7naxAHnw0adTeRkq1dB8QSqzGU7-Q.jpg',
08-04 18:39:49.861  1732  4749 D OK      : request got status: 200
08-04 18:39:49.869  1732  4748 I NAPPA_EXPERIMENTATION: MetricNetworkRequestExecutionTime: REQUEST_DURATION_SYSTEM='298',REQUEST_DURATION_OKHTTP='298',REQUEST_SYNCHRONOUS='TRUE',RESPONSE_CODE='200',RESPONSE_METHOD='GET',RESPONSE_LENGTH_OKHTTP='4921',RESPONSE_LENGTH_HEADER='4921',REQUEST_PROTOCOL='h2',REQUEST_URL='https://b.thumbs.redditmedia.com/o5lSsJ_tCgCQxcdjMGaYxuveNluXB1PQT4PokXDhpvc.jpg',
08-04 18:39:49.870  1732  4748 D OK      : request got status: 200
08-04 18:39:49.909  1732  4747 I NAPPA_EXPERIMENTATION: MetricNetworkRequestExecutionTime: REQUEST_DURATION_SYSTEM='342',REQUEST_DURATION_OKHTTP='341',REQUEST_SYNCHRONOUS='TRUE',RESPONSE_CODE='200',RESPONSE_METHOD='GET',RESPONSE_LENGTH_OKHTTP='5414',RESPONSE_LENGTH_HEADER='5414',REQUEST_PROTOCOL='h2',REQUEST_URL='https://b.thumbs.redditmedia.com/Ja8yiRMklM2lXd8q60LtBI6CqdmJ5YbWHRiBVFmICJA.jpg',
08-04 18:39:49.909  1732  4747 D OK      : request got status: 200
08-04 18:39:49.974  1732  4750 I NAPPA_EXPERIMENTATION: MetricNetworkRequestExecutionTime: REQUEST_DURATION_SYSTEM='399',REQUEST_DURATION_OKHTTP='398',REQUEST_SYNCHRONOUS='TRUE',RESPONSE_CODE='200',RESPONSE_METHOD='GET',RESPONSE_LENGTH_OKHTTP='5378',RESPONSE_LENGTH_HEADER='5378',REQUEST_PROTOCOL='h2',REQUEST_URL='https://b.thumbs.redditmedia.com/C9qrVibnNxmzfLDKvEHp2v2Bo-Kqme7PoKC52s2o52M.jpg',
08-04 18:39:49.974  1732  4750 D OK      : request got status: 200
08-04 18:39:49.977  1732  4757 I NAPPA_EXPERIMENTATION: MetricNetworkRequestExecutionTime: REQUEST_DURATION_SYSTEM='390',REQUEST_DURATION_OKHTTP='390',REQUEST_SYNCHRONOUS='TRUE',RESPONSE_CODE='200',RESPONSE_METHOD='GET',RESPONSE_LENGTH_OKHTTP='4080',RESPONSE_LENGTH_HEADER='4080',REQUEST_PROTOCOL='h2',REQUEST_URL='https://b.thumbs.redditmedia.com/XkIhgqugP-9Zcb5I9A8o0r-zQJDh_6kastc0oWiiHkI.jpg',
08-04 18:39:49.977  1732  4757 D OK      : request got status: 200
08-04 18:39:49.981  1732  4758 I NAPPA_EXPERIMENTATION: MetricNetworkRequestExecutionTime: REQUEST_DURATION_SYSTEM='392',REQUEST_DURATION_OKHTTP='391',REQUEST_SYNCHRONOUS='TRUE',RESPONSE_CODE='200',RESPONSE_METHOD='GET',RESPONSE_LENGTH_OKHTTP='3183',RESPONSE_LENGTH_HEADER='3183',REQUEST_PROTOCOL='h2',REQUEST_URL='https://b.thumbs.redditmedia.com/3QPAtixkID9ojpqCAgfspJpruqoq45fM1G-Fx1K2F2A.jpg',
08-04 18:39:49.982  1732  4758 D OK      : request got status: 200
08-04 18:39:50.016  1732  4759 I NAPPA_EXPERIMENTATION: MetricNetworkRequestExecutionTime: REQUEST_DURATION_SYSTEM='426',REQUEST_DURATION_OKHTTP='425',REQUEST_SYNCHRONOUS='TRUE',RESPONSE_CODE='200',RESPONSE_METHOD='GET',RESPONSE_LENGTH_OKHTTP='6654',RESPONSE_LENGTH_HEADER='6654',REQUEST_PROTOCOL='h2',REQUEST_URL='https://b.thumbs.redditmedia.com/orK4W8Xc99pTzIT6q1waTsppldq24p1qMsHtkNnmu9w.jpg',
08-04 18:39:50.017  1732  4759 D OK      : request got status: 200
08-04 18:39:50.051  1732  4760 I NAPPA_EXPERIMENTATION: MetricNetworkRequestExecutionTime: REQUEST_DURATION_SYSTEM='458',REQUEST_DURATION_OKHTTP='458',REQUEST_SYNCHRONOUS='TRUE',RESPONSE_CODE='200',RESPONSE_METHOD='GET',RESPONSE_LENGTH_OKHTTP='3864',RESPONSE_LENGTH_HEADER='3864',REQUEST_PROTOCOL='h2',REQUEST_URL='https://b.thumbs.redditmedia.com/B1vXKY_-gTPbs625-RJ1MLIXxzCqfmnCB_0xnGjCECQ.jpg',
08-04 18:39:50.051  1732  4760 D OK      : request got status: 200
08-04 18:39:50.102  1732  4762 I NAPPA_EXPERIMENTATION: MetricNetworkRequestExecutionTime: REQUEST_DURATION_SYSTEM='504',REQUEST_DURATION_OKHTTP='504',REQUEST_SYNCHRONOUS='TRUE',RESPONSE_CODE='200',RESPONSE_METHOD='GET',RESPONSE_LENGTH_OKHTTP='5125',RESPONSE_LENGTH_HEADER='5125',REQUEST_PROTOCOL='h2',REQUEST_URL='https://b.thumbs.redditmedia.com/OF1KI_LdSDMMWCy-WgJyRhIcM5fr7kDyu_OnpfRXHfI.jpg',
08-04 18:39:50.102  1732  4762 D OK      : request got status: 200
08-04 18:39:50.177  1732  4764 I NAPPA_EXPERIMENTATION: MetricNetworkRequestExecutionTime: REQUEST_DURATION_SYSTEM='572',REQUEST_DURATION_OKHTTP='570',REQUEST_SYNCHRONOUS='TRUE',RESPONSE_CODE='200',RESPONSE_METHOD='GET',RESPONSE_LENGTH_OKHTTP='5329',RESPONSE_LENGTH_HEADER='5329',REQUEST_PROTOCOL='h2',REQUEST_URL='https://b.thumbs.redditmedia.com/PtV7mFsO2n0j4YJweZjEqyVJ45hap4hXix9dwj6D0Wg.jpg',
08-04 18:39:50.177  1732  4764 D OK      : request got status: 200
08-04 18:39:50.183  1732  1743 I art     : Starting a blocking GC Explicit
08-04 18:39:50.187  1732  4766 I NAPPA_EXPERIMENTATION: MetricNetworkRequestExecutionTime: REQUEST_DURATION_SYSTEM='574',REQUEST_DURATION_OKHTTP='573',REQUEST_SYNCHRONOUS='TRUE',RESPONSE_CODE='200',RESPONSE_METHOD='GET',RESPONSE_LENGTH_OKHTTP='7815',RESPONSE_LENGTH_HEADER='7815',REQUEST_PROTOCOL='h2',REQUEST_URL='https://b.thumbs.redditmedia.com/Wo7bFIVNZYYuNioRYwZFYxrl6QMk0lT-3W01wrXgHmE.jpg',
08-04 18:39:50.187  1732  4766 D OK      : request got status: 200
08-04 18:39:50.195  1732  4763 I NAPPA_EXPERIMENTATION: MetricNetworkRequestExecutionTime: REQUEST_DURATION_SYSTEM='594',REQUEST_DURATION_OKHTTP='592',REQUEST_SYNCHRONOUS='TRUE',RESPONSE_CODE='200',RESPONSE_METHOD='GET',RESPONSE_LENGTH_OKHTTP='6723',RESPONSE_LENGTH_HEADER='6723',REQUEST_PROTOCOL='h2',REQUEST_URL='https://b.thumbs.redditmedia.com/vuAhA4gGAmYfrTFA4woxZcKgmiDzJ3nAsql2pxcYGFs.jpg',
08-04 18:39:50.195  1732  4763 D OK      : request got status: 200
08-04 18:39:50.251  1732  4765 I NAPPA_EXPERIMENTATION: MetricNetworkRequestExecutionTime: REQUEST_DURATION_SYSTEM='642',REQUEST_DURATION_OKHTTP='641',REQUEST_SYNCHRONOUS='TRUE',RESPONSE_CODE='200',RESPONSE_METHOD='GET',RESPONSE_LENGTH_OKHTTP='6316',RESPONSE_LENGTH_HEADER='6316',REQUEST_PROTOCOL='h2',REQUEST_URL='https://b.thumbs.redditmedia.com/wxTBcOhAgsmbc-TRaGNHpYJYnEOBr2LNsaZ6pCM91Lc.jpg',
08-04 18:39:50.251  1732  4765 D OK      : request got status: 200
08-04 18:39:50.255  1732  1743 I art     : Explicit concurrent mark sweep GC freed 24397(1574KB) AllocSpace objects, 60(4MB) LOS objects, 29% free, 38MB/54MB, paused 3.007ms total 71.460ms
08-04 18:39:50.267  1732  4767 I NAPPA_EXPERIMENTATION: MetricNetworkRequestExecutionTime: REQUEST_DURATION_SYSTEM='652',REQUEST_DURATION_OKHTTP='651',REQUEST_SYNCHRONOUS='TRUE',RESPONSE_CODE='200',RESPONSE_METHOD='GET',RESPONSE_LENGTH_OKHTTP='5648',RESPONSE_LENGTH_HEADER='5648',REQUEST_PROTOCOL='h2',REQUEST_URL='https://b.thumbs.redditmedia.com/NoqMycYTzsyhI0Lq351riEI1mO9p8PvY1QwcZ9Irb9g.jpg',
08-04 18:39:50.267  1732  4767 D OK      : request got status: 200
08-04 18:39:50.283  1732  1743 I art     : Starting a blocking GC Explicit
08-04 18:39:50.288  1732  4768 I NAPPA_EXPERIMENTATION: MetricNetworkRequestExecutionTime: REQUEST_DURATION_SYSTEM='672',REQUEST_DURATION_OKHTTP='671',REQUEST_SYNCHRONOUS='TRUE',RESPONSE_CODE='200',RESPONSE_METHOD='GET',RESPONSE_LENGTH_OKHTTP='5198',RESPONSE_LENGTH_HEADER='5198',REQUEST_PROTOCOL='h2',REQUEST_URL='https://b.thumbs.redditmedia.com/KrRufqpifph7KM2Le5RdqEYQb24zbB4fizBJpFaH1Pc.jpg',
08-04 18:39:50.288  1732  4768 D OK      : request got status: 200
08-04 18:39:50.346  1732  1743 I art     : Explicit concurrent mark sweep GC freed 7795(565KB) AllocSpace objects, 18(924KB) LOS objects, 29% free, 38MB/54MB, paused 2.399ms total 62.980ms
08-04 18:39:50.372  1732  1743 I art     : Starting a blocking GC Explicit
08-04 18:39:50.414  1732  4769 I NAPPA_EXPERIMENTATION: MetricNetworkRequestExecutionTime: REQUEST_DURATION_SYSTEM='795',REQUEST_DURATION_OKHTTP='795',REQUEST_SYNCHRONOUS='TRUE',RESPONSE_CODE='200',RESPONSE_METHOD='GET',RESPONSE_LENGTH_OKHTTP='5579',RESPONSE_LENGTH_HEADER='5579',REQUEST_PROTOCOL='h2',REQUEST_URL='https://b.thumbs.redditmedia.com/u2qz17QE3X5G7kkJrgK3HPCdxNQxNkhaWqfIhCuRMvE.jpg',
08-04 18:39:50.414  1732  4769 D OK      : request got status: 200
08-04 18:39:50.430  1732  4745 I NAPPA_EXPERIMENTATION: MetricNetworkRequestExecutionTime: REQUEST_DURATION_SYSTEM='873',REQUEST_DURATION_OKHTTP='387',REQUEST_SYNCHRONOUS='TRUE',RESPONSE_CODE='200',RESPONSE_METHOD='GET',RESPONSE_LENGTH_OKHTTP='5307',RESPONSE_LENGTH_HEADER='5307',REQUEST_PROTOCOL='h2',REQUEST_URL='https://a.thumbs.redditmedia.com/EFVm-ZqqhARyEaKgtwU74c7tfzEDJvI0uiHXGglFag4.jpg',
08-04 18:39:50.430  1732  4745 D OK      : request got status: 200
08-04 18:39:50.452  1732  1743 I art     : Explicit concurrent mark sweep GC freed 11172(546KB) AllocSpace objects, 14(652KB) LOS objects, 28% free, 39MB/55MB, paused 2.373ms total 79.937ms
08-04 18:39:50.477  1732  1743 I art     : Starting a blocking GC Explicit
08-04 18:39:50.482  1732  4756 I NAPPA_EXPERIMENTATION: MetricNetworkRequestExecutionTime: REQUEST_DURATION_SYSTEM='899',REQUEST_DURATION_OKHTTP='350',REQUEST_SYNCHRONOUS='TRUE',RESPONSE_CODE='200',RESPONSE_METHOD='GET',RESPONSE_LENGTH_OKHTTP='5641',RESPONSE_LENGTH_HEADER='5641',REQUEST_PROTOCOL='h2',REQUEST_URL='https://a.thumbs.redditmedia.com/P4gSGpXpi2wDXthNZ-LiwEs5Jvplm6dQ7W7Isqa7un4.jpg',
08-04 18:39:50.483  1732  4756 D OK      : request got status: 200
08-04 18:39:50.497  1732  4754 I NAPPA_EXPERIMENTATION: MetricNetworkRequestExecutionTime: REQUEST_DURATION_SYSTEM='919',REQUEST_DURATION_OKHTTP='351',REQUEST_SYNCHRONOUS='TRUE',RESPONSE_CODE='200',RESPONSE_METHOD='GET',RESPONSE_LENGTH_OKHTTP='7540',RESPONSE_LENGTH_HEADER='7540',REQUEST_PROTOCOL='h2',REQUEST_URL='https://a.thumbs.redditmedia.com/Tfsm0ol-ltlxNSBAkZ_4G4302d0hYeOSODkvXidBBR8.jpg',
08-04 18:39:50.498  1732  4754 D OK      : request got status: 200
08-04 18:39:50.521  1732  4755 I NAPPA_EXPERIMENTATION: MetricNetworkRequestExecutionTime: REQUEST_DURATION_SYSTEM='941',REQUEST_DURATION_OKHTTP='373',REQUEST_SYNCHRONOUS='TRUE',RESPONSE_CODE='200',RESPONSE_METHOD='GET',RESPONSE_LENGTH_OKHTTP='3635',RESPONSE_LENGTH_HEADER='3635',REQUEST_PROTOCOL='h2',REQUEST_URL='https://a.thumbs.redditmedia.com/Kzag-wH9wKRRg2MnPwgoFgXT_2jN_nkJ1lY1aNRQyT4.jpg',
08-04 18:39:50.521  1732  4755 D OK      : request got status: 200
08-04 18:39:50.522  1732  4774 I NAPPA_EXPERIMENTATION: MetricNetworkRequestExecutionTime: REQUEST_DURATION_SYSTEM='890',REQUEST_DURATION_OKHTTP='361',REQUEST_SYNCHRONOUS='TRUE',RESPONSE_CODE='200',RESPONSE_METHOD='GET',RESPONSE_LENGTH_OKHTTP='2700',RESPONSE_LENGTH_HEADER='2700',REQUEST_PROTOCOL='h2',REQUEST_URL='https://v.redd.it/75en73fm5id51/DASHPlaylist.mpd',
08-04 18:39:50.522  1732  4774 D OK      : request got status: 200
08-04 18:39:50.545  1732  1743 I art     : Explicit concurrent mark sweep GC freed 1890(267KB) AllocSpace objects, 13(776KB) LOS objects, 28% free, 39MB/55MB, paused 2.246ms total 67.404ms
08-04 18:39:50.563  1732  4761 I NAPPA_EXPERIMENTATION: MetricNetworkRequestExecutionTime: REQUEST_DURATION_SYSTEM='967',REQUEST_DURATION_OKHTTP='354',REQUEST_SYNCHRONOUS='TRUE',RESPONSE_CODE='200',RESPONSE_METHOD='GET',RESPONSE_LENGTH_OKHTTP='4470',RESPONSE_LENGTH_HEADER='4470',REQUEST_PROTOCOL='h2',REQUEST_URL='https://a.thumbs.redditmedia.com/ffAKmOqnTuDMNR9MRfCdRtkq_CzN3MVhZxS64ZPYRh4.jpg',
08-04 18:39:50.563  1732  4761 D OK      : request got status: 200
08-04 18:39:50.571  1732  1743 I art     : Starting a blocking GC Explicit
08-04 18:39:50.589  1732  4774 I RedditVideosAPI: For 'https://v.redd.it/75en73fm5id51/DASHPlaylist.mpd', got video stream 'https://v.redd.it/75en73fm5id51/DASH_480' and audio stream 'https://v.redd.it/75en73fm5id51/audio'
08-04 18:39:50.591  1732  4773 I NAPPA_EXPERIMENTATION: MetricNetworkRequestExecutionTime: REQUEST_DURATION_SYSTEM='962',REQUEST_DURATION_OKHTTP='360',REQUEST_SYNCHRONOUS='TRUE',RESPONSE_CODE='200',RESPONSE_METHOD='GET',RESPONSE_LENGTH_OKHTTP='2789',RESPONSE_LENGTH_HEADER='2789',REQUEST_PROTOCOL='h2',REQUEST_URL='https://v.redd.it/5x6zzipz8ld51/DASHPlaylist.mpd',
08-04 18:39:50.591  1732  4773 D OK      : request got status: 200
08-04 18:39:50.620  1732  4776 I NAPPA_EXPERIMENTATION: MetricNetworkRequestExecutionTime: REQUEST_DURATION_SYSTEM='983',REQUEST_DURATION_OKHTTP='346',REQUEST_SYNCHRONOUS='TRUE',RESPONSE_CODE='200',RESPONSE_METHOD='GET',RESPONSE_LENGTH_OKHTTP='1713',RESPONSE_LENGTH_HEADER='1713',REQUEST_PROTOCOL='h2',REQUEST_URL='https://v.redd.it/ggz4fyth6hd51/DASHPlaylist.mpd',
08-04 18:39:50.620  1732  4776 D OK      : request got status: 200
08-04 18:39:50.632  1732  4775 I NAPPA_EXPERIMENTATION: MetricNetworkRequestExecutionTime: REQUEST_DURATION_SYSTEM='998',REQUEST_DURATION_OKHTTP='352',REQUEST_SYNCHRONOUS='TRUE',RESPONSE_CODE='200',RESPONSE_METHOD='GET',RESPONSE_LENGTH_OKHTTP='-1',RESPONSE_LENGTH_HEADER='377',REQUEST_PROTOCOL='h2',REQUEST_URL='https://api.imgur.com/3/image/nLQR2hT',
08-04 18:39:50.632  1732  4775 D OK      : request got status: 200
08-04 18:39:50.632  1732  1743 I art     : Explicit concurrent mark sweep GC freed 1684(220KB) AllocSpace objects, 16(1020KB) LOS objects, 28% free, 40MB/56MB, paused 1.761ms total 60.665ms
08-04 18:39:50.637  1732  4773 I RedditVideosAPI: For 'https://v.redd.it/5x6zzipz8ld51/DASHPlaylist.mpd', got video stream 'https://v.redd.it/5x6zzipz8ld51/DASH_480' and audio stream 'null'
08-04 18:39:50.651  1732  4772 I NAPPA_EXPERIMENTATION: MetricNetworkRequestExecutionTime: REQUEST_DURATION_SYSTEM='1023',REQUEST_DURATION_OKHTTP='412',REQUEST_SYNCHRONOUS='TRUE',RESPONSE_CODE='200',RESPONSE_METHOD='GET',RESPONSE_LENGTH_OKHTTP='3060',RESPONSE_LENGTH_HEADER='3060',REQUEST_PROTOCOL='h2',REQUEST_URL='https://v.redd.it/rrygsb8i4ld51/DASHPlaylist.mpd',
08-04 18:39:50.651  1732  4772 D OK      : request got status: 200
08-04 18:39:50.654  1732  4770 I NAPPA_EXPERIMENTATION: MetricNetworkRequestExecutionTime: REQUEST_DURATION_SYSTEM='1033',REQUEST_DURATION_OKHTTP='422',REQUEST_SYNCHRONOUS='TRUE',RESPONSE_CODE='200',RESPONSE_METHOD='GET',RESPONSE_LENGTH_OKHTTP='2696',RESPONSE_LENGTH_HEADER='2696',REQUEST_PROTOCOL='h2',REQUEST_URL='https://v.redd.it/syww111dtjd51/DASHPlaylist.mpd',
08-04 18:39:50.654  1732  4770 D OK      : request got status: 200
08-04 18:39:50.654  1732  4776 I RedditVideosAPI: For 'https://v.redd.it/ggz4fyth6hd51/DASHPlaylist.mpd', got video stream 'https://v.redd.it/ggz4fyth6hd51/DASH_360' and audio stream 'null'
08-04 18:39:50.664  1732  4771 I NAPPA_EXPERIMENTATION: MetricNetworkRequestExecutionTime: REQUEST_DURATION_SYSTEM='1039',REQUEST_DURATION_OKHTTP='386',REQUEST_SYNCHRONOUS='TRUE',RESPONSE_CODE='200',RESPONSE_METHOD='GET',RESPONSE_LENGTH_OKHTTP='2071',RESPONSE_LENGTH_HEADER='2071',REQUEST_PROTOCOL='h2',REQUEST_URL='https://v.redd.it/pbqrrfb3tkd51/DASHPlaylist.mpd',
08-04 18:39:50.664  1732  4771 D OK      : request got status: 200
08-04 18:39:50.680  1732  4779 I NAPPA_EXPERIMENTATION: MetricNetworkRequestExecutionTime: REQUEST_DURATION_SYSTEM='1036',REQUEST_DURATION_OKHTTP='293',REQUEST_SYNCHRONOUS='TRUE',RESPONSE_CODE='200',RESPONSE_METHOD='GET',RESPONSE_LENGTH_OKHTTP='3058',RESPONSE_LENGTH_HEADER='3058',REQUEST_PROTOCOL='h2',REQUEST_URL='https://v.redd.it/t81s8zfz9ld51/DASHPlaylist.mpd',
08-04 18:39:50.680  1732  4779 D OK      : request got status: 200
08-04 18:39:50.681  1732  4772 I RedditVideosAPI: For 'https://v.redd.it/rrygsb8i4ld51/DASHPlaylist.mpd', got video stream 'https://v.redd.it/rrygsb8i4ld51/DASH_480' and audio stream 'https://v.redd.it/rrygsb8i4ld51/audio'
08-04 18:39:50.683  1732  4781 I NAPPA_EXPERIMENTATION: MetricNetworkRequestExecutionTime: REQUEST_DURATION_SYSTEM='1034',REQUEST_DURATION_OKHTTP='284',REQUEST_SYNCHRONOUS='TRUE',RESPONSE_CODE='200',RESPONSE_METHOD='GET',RESPONSE_LENGTH_OKHTTP='2344',RESPONSE_LENGTH_HEADER='2344',REQUEST_PROTOCOL='h2',REQUEST_URL='https://v.redd.it/ue0jdgk9zhd51/DASHPlaylist.mpd',
08-04 18:39:50.683  1732  4781 D OK      : request got status: 200
08-04 18:39:50.685  1732  4777 I NAPPA_EXPERIMENTATION: MetricNetworkRequestExecutionTime: REQUEST_DURATION_SYSTEM='1045',REQUEST_DURATION_OKHTTP='292',REQUEST_SYNCHRONOUS='TRUE',RESPONSE_CODE='200',RESPONSE_METHOD='GET',RESPONSE_LENGTH_OKHTTP='2427',RESPONSE_LENGTH_HEADER='2427',REQUEST_PROTOCOL='h2',REQUEST_URL='https://v.redd.it/psrknoobrgd51/DASHPlaylist.mpd',
08-04 18:39:50.685  1732  4777 D OK      : request got status: 200
08-04 18:39:50.686  1732  4778 I NAPPA_EXPERIMENTATION: MetricNetworkRequestExecutionTime: REQUEST_DURATION_SYSTEM='1044',REQUEST_DURATION_OKHTTP='267',REQUEST_SYNCHRONOUS='TRUE',RESPONSE_CODE='200',RESPONSE_METHOD='GET',RESPONSE_LENGTH_OKHTTP='2071',RESPONSE_LENGTH_HEADER='2071',REQUEST_PROTOCOL='h2',REQUEST_URL='https://v.redd.it/jk6cwef4wld51/DASHPlaylist.mpd',
08-04 18:39:50.686  1732  4778 D OK      : request got status: 200
08-04 18:39:50.688  1732  4780 I NAPPA_EXPERIMENTATION: MetricNetworkRequestExecutionTime: REQUEST_DURATION_SYSTEM='1042',REQUEST_DURATION_OKHTTP='286',REQUEST_SYNCHRONOUS='TRUE',RESPONSE_CODE='200',RESPONSE_METHOD='GET',RESPONSE_LENGTH_OKHTTP='2071',RESPONSE_LENGTH_HEADER='2071',REQUEST_PROTOCOL='h2',REQUEST_URL='https://v.redd.it/xd6c4yyutgd51/DASHPlaylist.mpd',
08-04 18:39:50.688  1732  4780 D OK      : request got status: 200
08-04 18:39:50.756  1732  4770 I RedditVideosAPI: For 'https://v.redd.it/syww111dtjd51/DASHPlaylist.mpd', got video stream 'https://v.redd.it/syww111dtjd51/DASH_480' and audio stream 'https://v.redd.it/syww111dtjd51/audio'
08-04 18:39:50.779  1732  4771 I RedditVideosAPI: For 'https://v.redd.it/pbqrrfb3tkd51/DASHPlaylist.mpd', got video stream 'https://v.redd.it/pbqrrfb3tkd51/DASH_480' and audio stream 'null'
08-04 18:39:50.798  1732  4779 I RedditVideosAPI: For 'https://v.redd.it/t81s8zfz9ld51/DASHPlaylist.mpd', got video stream 'https://v.redd.it/t81s8zfz9ld51/DASH_480' and audio stream 'https://v.redd.it/t81s8zfz9ld51/audio'
08-04 18:39:50.806  1732  4777 I RedditVideosAPI: For 'https://v.redd.it/psrknoobrgd51/DASHPlaylist.mpd', got video stream 'https://v.redd.it/psrknoobrgd51/DASH_480' and audio stream 'null'
08-04 18:39:50.817  1732  4778 I RedditVideosAPI: For 'https://v.redd.it/jk6cwef4wld51/DASHPlaylist.mpd', got video stream 'https://v.redd.it/jk6cwef4wld51/DASH_480' and audio stream 'null'
08-04 18:39:50.826  1732  4780 I RedditVideosAPI: For 'https://v.redd.it/xd6c4yyutgd51/DASHPlaylist.mpd', got video stream 'https://v.redd.it/xd6c4yyutgd51/DASH_480' and audio stream 'null'
08-04 18:39:50.832  1732  4781 I RedditVideosAPI: For 'https://v.redd.it/ue0jdgk9zhd51/DASHPlaylist.mpd', got video stream 'https://v.redd.it/ue0jdgk9zhd51/DASH_360' and audio stream 'https://v.redd.it/ue0jdgk9zhd51/audio'
08-04 18:39:51.005  1732  1966 I art     : Starting a blocking GC Explicit
08-04 18:39:51.092  1732  1966 I art     : Explicit concurrent mark sweep GC freed 7120(954KB) AllocSpace objects, 39(2MB) LOS objects, 28% free, 39MB/55MB, paused 1.271ms total 86.394ms
08-04 18:39:51.123  1732  1966 I art     : Starting a blocking GC Explicit
08-04 18:39:51.186  1732  1966 I art     : Explicit concurrent mark sweep GC freed 328(11KB) AllocSpace objects, 0(0B) LOS objects, 28% free, 39MB/55MB, paused 774us total 62.730ms
08-04 18:39:51.213  1732  1966 I art     : Starting a blocking GC Explicit
08-04 18:39:51.285  1732  1966 I art     : Explicit concurrent mark sweep GC freed 3(96B) AllocSpace objects, 0(0B) LOS objects, 28% free, 39MB/55MB, paused 892us total 71.787ms
08-04 18:39:51.313  1732  1966 I art     : Starting a blocking GC Explicit
08-04 18:39:51.378  1732  1966 I art     : Explicit concurrent mark sweep GC freed 3(96B) AllocSpace objects, 0(0B) LOS objects, 28% free, 39MB/55MB, paused 1.028ms total 64.780ms
08-04 18:39:51.408  1732  1966 I art     : Starting a blocking GC Explicit
08-04 18:39:51.473  1732  1966 I art     : Explicit concurrent mark sweep GC freed 3(96B) AllocSpace objects, 0(0B) LOS objects, 28% free, 39MB/55MB, paused 1.037ms total 65.101ms
08-04 18:39:51.850  1732  2227 I art     : Starting a blocking GC Explicit
08-04 18:39:51.919  1732  2227 I art     : Explicit concurrent mark sweep GC freed 1359(83KB) AllocSpace objects, 1(20KB) LOS objects, 28% free, 39MB/55MB, paused 1.106ms total 68.724ms
08-04 18:39:51.945  1732  2227 I art     : Starting a blocking GC Explicit
08-04 18:39:52.008  1732  2227 I art     : Explicit concurrent mark sweep GC freed 20(704B) AllocSpace objects, 0(0B) LOS objects, 28% free, 39MB/55MB, paused 965us total 62.858ms
08-04 18:39:52.037  1732  2227 I art     : Starting a blocking GC Explicit
08-04 18:39:52.099  1732  2227 I art     : Explicit concurrent mark sweep GC freed 3(96B) AllocSpace objects, 0(0B) LOS objects, 28% free, 39MB/55MB, paused 933us total 62.387ms
08-04 18:39:52.125  1732  2227 I art     : Starting a blocking GC Explicit
08-04 18:39:52.165  4824  4824 D AndroidRuntime: >>>>>> START com.android.internal.os.RuntimeInit uid 2000 <<<<<<
08-04 18:39:52.171  4824  4824 D AndroidRuntime: CheckJNI is OFF
08-04 18:39:52.188  1732  2227 I art     : Explicit concurrent mark sweep GC freed 3(96B) AllocSpace objects, 0(0B) LOS objects, 28% free, 39MB/55MB, paused 1.092ms total 62.338ms
08-04 18:39:52.213  1732  2227 I art     : Starting a blocking GC Explicit
08-04 18:39:52.227  4824  4824 D ICU     : No timezone override file found: /data/misc/zoneinfo/current/icu/icu_tzdata.dat
08-04 18:39:52.271  4824  4824 I Radio-JNI: register_android_hardware_Radio DONE
08-04 18:39:52.276  1732  2227 I art     : Explicit concurrent mark sweep GC freed 3(96B) AllocSpace objects, 0(0B) LOS objects, 28% free, 39MB/55MB, paused 911us total 61.736ms
08-04 18:39:52.305  4824  4824 D AndroidRuntime: Calling main entry com.android.commands.input.Input
08-04 18:39:52.309  4824  4824 I Input   : injectMotionEvent: MotionEvent { action=ACTION_DOWN, actionButton=0, id[0]=0, x[0]=1340.0, y[0]=1100.0, toolType[0]=TOOL_TYPE_UNKNOWN, buttonState=0, metaState=0, flags=0x0, edgeFlags=0x0, pointerCount=1, historySize=0, eventTime=729608721, downTime=729608721, deviceId=0, source=0x1002 }
08-04 18:39:52.315  4824  4824 I Input   : injectMotionEvent: MotionEvent { action=ACTION_UP, actionButton=0, id[0]=0, x[0]=1340.0, y[0]=1100.0, toolType[0]=TOOL_TYPE_UNKNOWN, buttonState=0, metaState=0, flags=0x0, edgeFlags=0x0, pointerCount=1, historySize=0, eventTime=729608721, downTime=729608721, deviceId=0, source=0x1002 }
08-04 18:39:52.323  4824  4824 D AndroidRuntime: Shutting down VM
08-04 18:39:52.339   512  2967 D audio_hw_primary: out_set_parameters: enter: usecase(1: low-latency-playback) kvpairs: routing=2
08-04 18:39:52.341   918  6029 I ActivityManager: START u0 {dat=https://oauth.reddit.com/... cmp=baseline.org.quantumbadger.redreader/.activities.CommentListingActivity} from uid 10666 on display 0
08-04 18:39:52.352   512  2967 D audio_hw_primary: select_devices: out_snd_device(2: speaker) in_snd_device(0: none)
08-04 18:39:52.352   512  2967 D msm8974_platform: platform_send_audio_calibration: sending audio calibration for snd_device(2) acdb_id(15)
08-04 18:39:52.352   512  2967 I soundtrigger: audio_extn_sound_trigger_update_device_status: device 0x2 of type 0 for Event 1
08-04 18:39:52.367   512  2967 D audio_hw_primary: enable_snd_device: snd_device(2: speaker)
08-04 18:39:52.369   512  2967 D audio_hw_primary: enable_audio_route: apply and update mixer path: low-latency-playback speaker
08-04 18:39:52.370  1732  1732 I AppCompatViewInflater: app:theme is now deprecated. Please move to using android:theme instead.
08-04 18:39:52.395  1732  4851 D OK      : calling: https://oauth.reddit.com/comments/hzejrd/.json?sort=confidence
08-04 18:39:52.494   918   936 I ActivityManager: Displayed baseline.org.quantumbadger.redreader/.activities.CommentListingActivity: +142ms
08-04 18:39:52.494 13866 13866 I GoogleInputMethodServic: GoogleInputMethodService.onFinishInput():3138 
08-04 18:39:52.495 13866 13866 I GoogleInputMethodServic: GoogleInputMethodService.onStartInput():1808 
08-04 18:39:52.638  1732  1743 I art     : Starting a blocking GC Explicit
08-04 18:39:52.676   518   646 I ThermalEngine: ACTION: GPU - Setting GPU[0] to 450000000
08-04 18:39:52.696  1732  1743 I art     : Explicit concurrent mark sweep GC freed 6091(298KB) AllocSpace objects, 1(20KB) LOS objects, 28% free, 39MB/55MB, paused 575us total 57.830ms
08-04 18:39:52.716  1732  1743 I art     : Starting a blocking GC Explicit
08-04 18:39:52.721  1732  4851 I NAPPA_EXPERIMENTATION: MetricNetworkRequestExecutionTime: REQUEST_DURATION_SYSTEM='326',REQUEST_DURATION_OKHTTP='139',REQUEST_SYNCHRONOUS='TRUE',RESPONSE_CODE='200',RESPONSE_METHOD='GET',RESPONSE_LENGTH_OKHTTP='-1',RESPONSE_LENGTH_HEADER='45890',REQUEST_PROTOCOL='h2',REQUEST_URL='https://oauth.reddit.com/comments/hzejrd/.json?sort=confidence',
08-04 18:39:52.721  1732  4851 D OK      : request got status: 200
08-04 18:39:52.729  1732  4737 I CommentListingActivity: COMMENTS session changed to caf9eb32-52ad-4bac-a9fc-6103bd9d27cf
08-04 18:39:52.733   380   380 W SurfaceFlinger: couldn't log to binary event log: overflow.
08-04 18:39:52.764  1732  1743 I art     : Explicit concurrent mark sweep GC freed 9673(981KB) AllocSpace objects, 17(2MB) LOS objects, 29% free, 37MB/53MB, paused 1.154ms total 47.992ms
08-04 18:39:52.783  1732  1743 I art     : Starting a blocking GC Explicit
08-04 18:39:52.833  1732  1743 I art     : Explicit concurrent mark sweep GC freed 5462(281KB) AllocSpace objects, 0(0B) LOS objects, 29% free, 38MB/54MB, paused 1.250ms total 49.796ms
08-04 18:39:52.851  1732  1743 I art     : Starting a blocking GC Explicit
08-04 18:39:52.906  1732  1743 I art     : Explicit concurrent mark sweep GC freed 8324(470KB) AllocSpace objects, 0(0B) LOS objects, 29% free, 38MB/54MB, paused 1.116ms total 55.173ms
08-04 18:39:52.909   512  2967 D audio_hw_primary: disable_audio_route: reset and update mixer path: low-latency-playback speaker
08-04 18:39:52.911   512  2967 D audio_hw_primary: disable_snd_device: snd_device(2: speaker)
08-04 18:39:52.922   512  2967 I soundtrigger: audio_extn_sound_trigger_update_device_status: device 0x2 of type 0 for Event 0
08-04 18:39:52.927  1732  1743 I art     : Starting a blocking GC Explicit
08-04 18:39:52.987  1732  1743 I art     : Explicit concurrent mark sweep GC freed 12190(678KB) AllocSpace objects, 1(68KB) LOS objects, 28% free, 39MB/55MB, paused 762us total 60.031ms
08-04 18:39:53.329  1732  2227 I art     : Starting a blocking GC Explicit
08-04 18:39:53.394  1732  2227 I art     : Explicit concurrent mark sweep GC freed 14556(686KB) AllocSpace objects, 2(88KB) LOS objects, 29% free, 39MB/55MB, paused 473us total 64.920ms
08-04 18:39:53.415  1732  2227 I art     : Starting a blocking GC Explicit
08-04 18:39:53.471  1732  2227 I art     : Explicit concurrent mark sweep GC freed 149(6KB) AllocSpace objects, 0(0B) LOS objects, 29% free, 39MB/55MB, paused 476us total 55.537ms
08-04 18:39:53.492  1732  2227 I art     : Starting a blocking GC Explicit
08-04 18:39:53.550  1732  2227 I art     : Explicit concurrent mark sweep GC freed 3(96B) AllocSpace objects, 0(0B) LOS objects, 29% free, 39MB/55MB, paused 470us total 58.076ms
08-04 18:39:53.571  1732  2227 I art     : Starting a blocking GC Explicit
08-04 18:39:53.630  1732  2227 I art     : Explicit concurrent mark sweep GC freed 3(96B) AllocSpace objects, 0(0B) LOS objects, 29% free, 39MB/55MB, paused 506us total 59.592ms
08-04 18:39:53.651  1732  2227 I art     : Starting a blocking GC Explicit
08-04 18:39:53.678   518   646 I ThermalEngine: ACTION: GPU - Setting GPU[0] to 390000000
08-04 18:39:53.732  1732  2227 I art     : Explicit concurrent mark sweep GC freed 49(1920B) AllocSpace objects, 0(0B) LOS objects, 29% free, 39MB/55MB, paused 751us total 80.612ms
08-04 18:39:54.138  1732  1966 I art     : Starting a blocking GC Explicit
08-04 18:39:54.242  1732  1966 I art     : Explicit concurrent mark sweep GC freed 1356(82KB) AllocSpace objects, 1(20KB) LOS objects, 29% free, 39MB/55MB, paused 977us total 103.194ms
08-04 18:39:54.281  1732  1966 I art     : Starting a blocking GC Explicit
08-04 18:39:54.369  1732  1966 I art     : Explicit concurrent mark sweep GC freed 20(704B) AllocSpace objects, 0(0B) LOS objects, 29% free, 39MB/55MB, paused 1.033ms total 87.955ms
08-04 18:39:54.403  1732  1966 I art     : Starting a blocking GC Explicit
08-04 18:39:54.491  1732  1966 I art     : Explicit concurrent mark sweep GC freed 3(96B) AllocSpace objects, 0(0B) LOS objects, 29% free, 39MB/55MB, paused 1.003ms total 87.803ms
08-04 18:39:54.525  1732  1966 I art     : Starting a blocking GC Explicit
08-04 18:39:54.547   918 13198 D NetlinkSocketObserver: NeighborEvent{elapsedMs=1712998421, 192.168.2.254, [7C3953A63323], RTM_NEWNEIGH, NUD_STALE}
08-04 18:39:54.611  1732  1966 I art     : Explicit concurrent mark sweep GC freed 3(96B) AllocSpace objects, 0(0B) LOS objects, 29% free, 39MB/55MB, paused 973us total 85.547ms
08-04 18:39:54.641  1732  1966 I art     : Starting a blocking GC Explicit
08-04 18:39:54.722  1732  1966 I art     : Explicit concurrent mark sweep GC freed 3(96B) AllocSpace objects, 0(0B) LOS objects, 29% free, 39MB/55MB, paused 1.083ms total 80.120ms
08-04 18:39:55.115  1732  1744 I art     : Starting a blocking GC Explicit
08-04 18:39:55.214  1732  1744 I art     : Explicit concurrent mark sweep GC freed 1358(82KB) AllocSpace objects, 1(20KB) LOS objects, 29% free, 39MB/55MB, paused 850us total 98.730ms
08-04 18:39:55.246  1732  1744 I art     : Starting a blocking GC Explicit
08-04 18:39:55.323  1732  1744 I art     : Explicit concurrent mark sweep GC freed 20(704B) AllocSpace objects, 0(0B) LOS objects, 29% free, 39MB/55MB, paused 705us total 75.999ms
08-04 18:39:55.352  1732  1744 I art     : Starting a blocking GC Explicit
08-04 18:39:55.432  1732  1744 I art     : Explicit concurrent mark sweep GC freed 3(96B) AllocSpace objects, 0(0B) LOS objects, 29% free, 39MB/55MB, paused 928us total 79.162ms
08-04 18:39:55.466  1732  1744 I art     : Starting a blocking GC Explicit
08-04 18:39:55.542  1732  1744 I art     : Explicit concurrent mark sweep GC freed 3(96B) AllocSpace objects, 0(0B) LOS objects, 29% free, 39MB/55MB, paused 723us total 75.308ms
08-04 18:39:55.571  1732  1744 I art     : Starting a blocking GC Explicit
08-04 18:39:55.651  1732  1744 I art     : Explicit concurrent mark sweep GC freed 3(96B) AllocSpace objects, 0(0B) LOS objects, 29% free, 39MB/55MB, paused 887us total 79.118ms
08-04 18:39:55.681   518   646 I ThermalEngine: ACTION: GPU - Setting GPU[0] to 450000000
08-04 18:39:56.023  1732  1743 I art     : Starting a blocking GC Explicit
08-04 18:39:56.109  1732  1743 I art     : Explicit concurrent mark sweep GC freed 1356(82KB) AllocSpace objects, 1(20KB) LOS objects, 29% free, 39MB/55MB, paused 663us total 85.557ms
08-04 18:39:56.133  1732  1743 I art     : Starting a blocking GC Explicit
08-04 18:39:56.204  1732  1743 I art     : Explicit concurrent mark sweep GC freed 20(704B) AllocSpace objects, 0(0B) LOS objects, 29% free, 39MB/55MB, paused 583us total 70.699ms
08-04 18:39:56.227  1732  1743 I art     : Starting a blocking GC Explicit
08-04 18:39:56.298  1732  1743 I art     : Explicit concurrent mark sweep GC freed 3(96B) AllocSpace objects, 0(0B) LOS objects, 29% free, 39MB/55MB, paused 730us total 70.495ms
08-04 18:39:56.319  1732  1743 I art     : Starting a blocking GC Explicit
08-04 18:39:56.387  1732  1743 I art     : Explicit concurrent mark sweep GC freed 3(96B) AllocSpace objects, 0(0B) LOS objects, 29% free, 39MB/55MB, paused 560us total 68.046ms
08-04 18:39:56.408  1732  1743 I art     : Starting a blocking GC Explicit
08-04 18:39:56.480  1732  1743 I art     : Explicit concurrent mark sweep GC freed 3(96B) AllocSpace objects, 0(0B) LOS objects, 29% free, 39MB/55MB, paused 624us total 71.640ms
08-04 18:39:56.859  1732  3991 I art     : Starting a blocking GC Explicit
08-04 18:39:56.940  1732  3991 I art     : Explicit concurrent mark sweep GC freed 1354(82KB) AllocSpace objects, 1(20KB) LOS objects, 29% free, 39MB/55MB, paused 633us total 80.713ms
08-04 18:39:56.964  1732  3991 I art     : Starting a blocking GC Explicit
08-04 18:39:57.032  1732  3991 I art     : Explicit concurrent mark sweep GC freed 20(704B) AllocSpace objects, 0(0B) LOS objects, 29% free, 39MB/55MB, paused 549us total 68.360ms
08-04 18:39:57.054  1732  3991 I art     : Starting a blocking GC Explicit
08-04 18:39:57.122  1732  3991 I art     : Explicit concurrent mark sweep GC freed 3(96B) AllocSpace objects, 0(0B) LOS objects, 29% free, 39MB/55MB, paused 558us total 68.677ms
08-04 18:39:57.143  1732  3991 I art     : Starting a blocking GC Explicit
08-04 18:39:57.187 29955 29955 I ServiceManager: Waiting for service AtCmdFwd...
08-04 18:39:57.218  1732  3991 I art     : Explicit concurrent mark sweep GC freed 3(96B) AllocSpace objects, 0(0B) LOS objects, 29% free, 39MB/55MB, paused 602us total 74.573ms
08-04 18:39:57.241  1732  3991 I art     : Starting a blocking GC Explicit
08-04 18:39:57.312  1732  3991 I art     : Explicit concurrent mark sweep GC freed 3(96B) AllocSpace objects, 0(0B) LOS objects, 29% free, 39MB/55MB, paused 568us total 70.623ms
08-04 18:39:57.354  1732  4850 I RedditChangeDataIO: Writing tmp data file at '/data/user/0/baseline.org.quantumbadger.redreader/files/rr_change_data_tmp.dat'
08-04 18:39:57.355  1732  4850 I RedditChangeDataManager: Taking snapshot...
08-04 18:39:57.355  1732  4850 I RedditChangeDataManager: Writing to stream...
08-04 18:39:57.355  1732  4850 I RedditChangeDataManager: Wrote 6 entries for user ''
08-04 18:39:57.356  1732  4850 I RedditChangeDataManager: All entries written to stream.
08-04 18:39:57.356  1732  4850 I RedditChangeDataIO: Write successful. Atomically replacing data file...
08-04 18:39:57.357  1732  4850 I RedditChangeDataIO: Write complete.
08-04 18:39:57.357  1732  4850 I RedditChangeDataIO: 158 bytes written in 3 ms
08-04 18:39:57.682  1732  2227 I art     : Starting a blocking GC Explicit
08-04 18:39:57.770  1732  2227 I art     : Explicit concurrent mark sweep GC freed 1440(87KB) AllocSpace objects, 2(88KB) LOS objects, 29% free, 39MB/55MB, paused 618us total 87.975ms
08-04 18:39:57.794  1732  2227 I art     : Starting a blocking GC Explicit
08-04 18:39:57.864  1732  2227 I art     : Explicit concurrent mark sweep GC freed 23(800B) AllocSpace objects, 0(0B) LOS objects, 29% free, 39MB/55MB, paused 556us total 69.316ms
08-04 18:39:57.885  1732  2227 I art     : Starting a blocking GC Explicit
08-04 18:39:57.952  1732  2227 I art     : Explicit concurrent mark sweep GC freed 32(1568B) AllocSpace objects, 0(0B) LOS objects, 29% free, 39MB/55MB, paused 494us total 66.851ms
08-04 18:39:57.973  1732  2227 I art     : Starting a blocking GC Explicit
08-04 18:39:58.042  1732  2227 I art     : Explicit concurrent mark sweep GC freed 208(34KB) AllocSpace objects, 0(0B) LOS objects, 29% free, 39MB/55MB, paused 507us total 68.291ms
08-04 18:39:58.063  1732  2227 I art     : Starting a blocking GC Explicit
08-04 18:39:58.131  1732  2227 I art     : Explicit concurrent mark sweep GC freed 68(2272B) AllocSpace objects, 0(0B) LOS objects, 29% free, 39MB/55MB, paused 440us total 67.533ms
08-04 18:39:58.188 29955 29955 I ServiceManager: Waiting for service AtCmdFwd...
08-04 18:39:58.503  1732  1966 I art     : Starting a blocking GC Explicit
08-04 18:39:58.583  1732  1966 I art     : Explicit concurrent mark sweep GC freed 1360(83KB) AllocSpace objects, 1(20KB) LOS objects, 29% free, 39MB/55MB, paused 499us total 78.907ms
08-04 18:39:58.610  1732  1966 I art     : Starting a blocking GC Explicit
08-04 18:39:58.668  1732  1966 I art     : Explicit concurrent mark sweep GC freed 20(704B) AllocSpace objects, 0(0B) LOS objects, 29% free, 39MB/55MB, paused 525us total 57.588ms
08-04 18:39:58.688  1732  1966 I art     : Starting a blocking GC Explicit
08-04 18:39:58.749  1732  1966 I art     : Explicit concurrent mark sweep GC freed 3(96B) AllocSpace objects, 0(0B) LOS objects, 29% free, 39MB/55MB, paused 507us total 60.999ms
08-04 18:39:58.770  1732  1966 I art     : Starting a blocking GC Explicit
08-04 18:39:58.835  1732  1966 I art     : Explicit concurrent mark sweep GC freed 3(96B) AllocSpace objects, 0(0B) LOS objects, 29% free, 39MB/55MB, paused 506us total 64.296ms
08-04 18:39:58.855  1732  1966 I art     : Starting a blocking GC Explicit
08-04 18:39:58.922  1732  1966 I art     : Explicit concurrent mark sweep GC freed 3(96B) AllocSpace objects, 0(0B) LOS objects, 29% free, 39MB/55MB, paused 533us total 66.301ms
08-04 18:39:59.152  4939  4939 D AndroidRuntime: >>>>>> START com.android.internal.os.RuntimeInit uid 2000 <<<<<<
08-04 18:39:59.160  4939  4939 D AndroidRuntime: CheckJNI is OFF
08-04 18:39:59.189 29955 29955 I ServiceManager: Waiting for service AtCmdFwd...
08-04 18:39:59.202  4939  4939 D ICU     : No timezone override file found: /data/misc/zoneinfo/current/icu/icu_tzdata.dat
08-04 18:39:59.244  4939  4939 I Radio-JNI: register_android_hardware_Radio DONE
08-04 18:39:59.273  4939  4939 D AndroidRuntime: Calling main entry com.android.commands.input.Input
08-04 18:39:59.275  4939  4939 I Input   : injectKeyEvent: KeyEvent { action=ACTION_DOWN, keyCode=KEYCODE_BACK, scanCode=0, metaState=0, flags=0x0, repeatCount=0, eventTime=729615688, downTime=729615688, deviceId=-1, source=0x101 }
08-04 18:39:59.281  1732  1744 I art     : Starting a blocking GC Explicit
08-04 18:39:59.284  4939  4939 I Input   : injectKeyEvent: KeyEvent { action=ACTION_UP, keyCode=KEYCODE_BACK, scanCode=0, metaState=0, flags=0x0, repeatCount=0, eventTime=729615688, downTime=729615688, deviceId=-1, source=0x101 }
08-04 18:39:59.291  4939  4939 D AndroidRuntime: Shutting down VM
08-04 18:39:59.339  1732  1744 I art     : Explicit concurrent mark sweep GC freed 1497(87KB) AllocSpace objects, 1(20KB) LOS objects, 29% free, 39MB/55MB, paused 592us total 57.689ms
08-04 18:39:59.341 13866 13866 I GoogleInputMethodServic: GoogleInputMethodService.onFinishInput():3138 
08-04 18:39:59.341 13866 13866 I GoogleInputMethodServic: GoogleInputMethodService.onStartInput():1808 
08-04 18:39:59.358  1732  1744 I art     : Starting a blocking GC Explicit
08-04 18:39:59.412  1732  1744 I art     : Explicit concurrent mark sweep GC freed 134(4KB) AllocSpace objects, 0(0B) LOS objects, 29% free, 39MB/55MB, paused 433us total 53.703ms
08-04 18:39:59.432  1732  1744 I art     : Starting a blocking GC Explicit
08-04 18:39:59.491  1732  1744 I art     : Explicit concurrent mark sweep GC freed 18(624B) AllocSpace objects, 0(0B) LOS objects, 29% free, 39MB/55MB, paused 425us total 58.778ms
08-04 18:39:59.516  1732  1744 I art     : Starting a blocking GC Explicit
08-04 18:39:59.553  1732  1732 I RedReader: Checking for new messages.
08-04 18:39:59.554  1732  1732 I RegularCachePruner: Pruning cache...
08-04 18:39:59.555  1732  4962 I RedditChangeDataManager: Pruning for all users...
08-04 18:39:59.556  1732  4962 I RedditChangeDataManager: Pruning complete.
08-04 18:39:59.577  1732  4962 I CacheManager: Pruning 0 files
08-04 18:39:59.577 24365  7398 I NetworkScheduler.Stats: Task com.google.android.apps.gcs/ started execution. cause:4 exec_start_elapsed_seconds: 1713003 [CONTEXT service_id=218 ]
08-04 18:39:59.582 30360  4964 W Gcs.WfaEliRefreshTask: [24712] afk.b: NULL eligibility response.
08-04 18:39:59.586 24365  7398 I NetworkScheduler.Stats: Task com.google.android.apps.gcs/ finished executing. cause:4 result: 3 elapsed_millis: 13 uptime_millis: 12 exec_start_elapsed_seconds: 1713003 [CONTEXT service_id=218 ]
08-04 18:39:59.589  1732  1744 I art     : Explicit concurrent mark sweep GC freed 952(40KB) AllocSpace objects, 0(0B) LOS objects, 29% free, 39MB/55MB, paused 485us total 73.288ms
08-04 18:39:59.612  1732  1744 I art     : Starting a blocking GC Explicit
08-04 18:39:59.639   380   380 W SurfaceFlinger: couldn't log to binary event log: overflow.
08-04 18:39:59.665  1732  1744 I art     : Explicit concurrent mark sweep GC freed 89(5KB) AllocSpace objects, 0(0B) LOS objects, 29% free, 39MB/55MB, paused 466us total 53.027ms
08-04 18:40:00.010  1732  1743 I art     : Starting a blocking GC Explicit
08-04 18:40:00.076  1732  1743 I art     : Explicit concurrent mark sweep GC freed 1377(83KB) AllocSpace objects, 1(20KB) LOS objects, 29% free, 39MB/55MB, paused 461us total 64.893ms
08-04 18:40:00.096  1732  1743 I art     : Starting a blocking GC Explicit
08-04 18:40:00.145  1732  1743 I art     : Explicit concurrent mark sweep GC freed 41343(2MB) AllocSpace objects, 5(140KB) LOS objects, 30% free, 36MB/52MB, paused 517us total 49.063ms
08-04 18:40:00.163  1732  1743 I art     : Starting a blocking GC Explicit
08-04 18:40:00.189 29955 29955 I ServiceManager: Waiting for service AtCmdFwd...
08-04 18:40:00.210  1732  1743 I art     : Explicit concurrent mark sweep GC freed 3(96B) AllocSpace objects, 0(0B) LOS objects, 30% free, 36MB/52MB, paused 475us total 46.239ms
08-04 18:40:00.228  1732  1743 I art     : Starting a blocking GC Explicit
08-04 18:40:00.276  1732  1743 I art     : Explicit concurrent mark sweep GC freed 3(96B) AllocSpace objects, 0(0B) LOS objects, 30% free, 36MB/52MB, paused 484us total 47.101ms
08-04 18:40:00.294  1732  1743 I art     : Starting a blocking GC Explicit
08-04 18:40:00.339  1732  1743 I art     : Explicit concurrent mark sweep GC freed 4(160B) AllocSpace objects, 0(0B) LOS objects, 30% free, 36MB/52MB, paused 473us total 44.751ms
08-04 18:40:00.678  1732  3991 I art     : Starting a blocking GC Explicit
08-04 18:40:00.734  1732  3991 I art     : Explicit concurrent mark sweep GC freed 1354(82KB) AllocSpace objects, 1(20KB) LOS objects, 30% free, 36MB/52MB, paused 543us total 55.958ms
08-04 18:40:00.754  1732  3991 I art     : Starting a blocking GC Explicit
08-04 18:40:00.800  1732  3991 I art     : Explicit concurrent mark sweep GC freed 20(704B) AllocSpace objects, 0(0B) LOS objects, 30% free, 36MB/52MB, paused 488us total 44.852ms
08-04 18:40:00.818  1732  3991 I art     : Starting a blocking GC Explicit
08-04 18:40:00.863  1732  3991 I art     : Explicit concurrent mark sweep GC freed 3(96B) AllocSpace objects, 0(0B) LOS objects, 30% free, 36MB/52MB, paused 458us total 44.685ms
08-04 18:40:00.881  1732  3991 I art     : Starting a blocking GC Explicit
08-04 18:40:00.928  1732  3991 I art     : Explicit concurrent mark sweep GC freed 3(96B) AllocSpace objects, 0(0B) LOS objects, 30% free, 36MB/52MB, paused 519us total 46.266ms
08-04 18:40:00.947  1732  3991 I art     : Starting a blocking GC Explicit
08-04 18:40:00.997  1732  3991 I art     : Explicit concurrent mark sweep GC freed 3(96B) AllocSpace objects, 0(0B) LOS objects, 30% free, 36MB/52MB, paused 497us total 49.767ms
08-04 18:40:01.091  4980  4980 D AndroidRuntime: >>>>>> START com.android.internal.os.RuntimeInit uid 2000 <<<<<<
08-04 18:40:01.099  4980  4980 D AndroidRuntime: CheckJNI is OFF
08-04 18:40:01.147  4980  4980 D ICU     : No timezone override file found: /data/misc/zoneinfo/current/icu/icu_tzdata.dat
08-04 18:40:01.190 29955 29955 I ServiceManager: Waiting for service AtCmdFwd...
08-04 18:40:01.190  4980  4980 I Radio-JNI: register_android_hardware_Radio DONE
08-04 18:40:01.219  4980  4980 D AndroidRuntime: Calling main entry com.android.commands.input.Input
08-04 18:40:01.221  4980  4980 I Input   : injectMotionEvent: MotionEvent { action=ACTION_DOWN, actionButton=0, id[0]=0, x[0]=600.0, y[0]=938.0, toolType[0]=TOOL_TYPE_UNKNOWN, buttonState=0, metaState=0, flags=0x0, edgeFlags=0x0, pointerCount=1, historySize=0, eventTime=729617633, downTime=729617633, deviceId=0, source=0x1002 }
08-04 18:40:01.227  4980  4980 I Input   : injectMotionEvent: MotionEvent { action=ACTION_UP, actionButton=0, id[0]=0, x[0]=600.0, y[0]=938.0, toolType[0]=TOOL_TYPE_UNKNOWN, buttonState=0, metaState=0, flags=0x0, edgeFlags=0x0, pointerCount=1, historySize=0, eventTime=729617633, downTime=729617633, deviceId=0, source=0x1002 }
08-04 18:40:01.229  4980  4980 D AndroidRuntime: Shutting down VM
08-04 18:40:01.249   918  5132 I ActivityManager: START u0 {dat=https://gfycat.com/... cmp=baseline.org.quantumbadger.redreader/.activities.ImageViewActivity (has extras)} from uid 10666 on display 0
08-04 18:40:01.249   512  2967 D audio_hw_primary: out_set_parameters: enter: usecase(1: low-latency-playback) kvpairs: routing=2
08-04 18:40:01.263   512  2967 D audio_hw_primary: select_devices: out_snd_device(2: speaker) in_snd_device(0: none)
08-04 18:40:01.263   512  2967 D msm8974_platform: platform_send_audio_calibration: sending audio calibration for snd_device(2) acdb_id(15)
08-04 18:40:01.263   512  2967 I soundtrigger: audio_extn_sound_trigger_update_device_status: device 0x2 of type 0 for Event 1
08-04 18:40:01.269  1732  1732 I ImageViewActivity: Loading URL https://gfycat.com/deadlygravecavy
08-04 18:40:01.274   512  2967 D audio_hw_primary: enable_snd_device: snd_device(2: speaker)
08-04 18:40:01.277   512  2967 D audio_hw_primary: enable_audio_route: apply and update mixer path: low-latency-playback speaker
08-04 18:40:01.278  1732  4737 I ImageViewActivity: Got image URL: https://giant.gfycat.com/DeadlyGraveCavy.mp4
08-04 18:40:01.278  1732  4737 I ImageViewActivity: Got image Type: video/mp4
08-04 18:40:01.278  1732  4737 I ImageViewActivity: Got media Type: VIDEO
08-04 18:40:01.278  1732  4737 I ImageViewActivity: Media type VIDEO detected
08-04 18:40:01.279  1732  4737 I ImageViewActivity: Proceeding with download
08-04 18:40:01.283  1732  5011 D OK      : calling: https://giant.gfycat.com/DeadlyGraveCavy.mp4
08-04 18:40:01.337 13866 13866 I GoogleInputMethodServic: GoogleInputMethodService.onFinishInput():3138 
08-04 18:40:01.338 13866 13866 I GoogleInputMethodServic: GoogleInputMethodService.onStartInput():1808 
08-04 18:40:01.357  1732  3991 I art     : Starting a blocking GC Explicit
08-04 18:40:01.358   918   936 I ActivityManager: Displayed baseline.org.quantumbadger.redreader/.activities.ImageViewActivity: +100ms
08-04 18:40:01.406  1732  3991 I art     : Explicit concurrent mark sweep GC freed 3996(277KB) AllocSpace objects, 1(20KB) LOS objects, 30% free, 36MB/52MB, paused 545us total 48.841ms
08-04 18:40:01.425  1732  3991 I art     : Starting a blocking GC Explicit
08-04 18:40:01.467  1732  3991 I art     : Explicit concurrent mark sweep GC freed 1936(76KB) AllocSpace objects, 0(0B) LOS objects, 30% free, 36MB/52MB, paused 519us total 41.935ms
08-04 18:40:01.485  1732  3991 I art     : Starting a blocking GC Explicit
08-04 18:40:01.534  1732  3991 I art     : Explicit concurrent mark sweep GC freed 99(3KB) AllocSpace objects, 0(0B) LOS objects, 30% free, 36MB/52MB, paused 570us total 49.161ms
08-04 18:40:01.556  1732  3991 I art     : Starting a blocking GC Explicit
08-04 18:40:01.581  1732  5011 I NAPPA_EXPERIMENTATION: MetricNetworkRequestExecutionTime: REQUEST_DURATION_SYSTEM='298',REQUEST_DURATION_OKHTTP='147',REQUEST_SYNCHRONOUS='TRUE',RESPONSE_CODE='200',RESPONSE_METHOD='GET',RESPONSE_LENGTH_OKHTTP='1942309',RESPONSE_LENGTH_HEADER='1942309',REQUEST_PROTOCOL='h2',REQUEST_URL='https://giant.gfycat.com/DeadlyGraveCavy.mp4',
08-04 18:40:01.581  1732  5011 D OK      : request got status: 200
08-04 18:40:01.609   380   380 W SurfaceFlinger: couldn't log to binary event log: overflow.
08-04 18:40:01.612  1732  3991 I art     : Explicit concurrent mark sweep GC freed 340(24KB) AllocSpace objects, 0(0B) LOS objects, 30% free, 37MB/53MB, paused 872us total 55.283ms
08-04 18:40:01.633  1732  3991 I art     : Starting a blocking GC Explicit
08-04 18:40:01.673  1732  3991 I art     : Explicit concurrent mark sweep GC freed 357(22KB) AllocSpace objects, 0(0B) LOS objects, 30% free, 37MB/53MB, paused 586us total 39.210ms
08-04 18:40:01.811   512  2967 D audio_hw_primary: disable_audio_route: reset and update mixer path: low-latency-playback speaker
08-04 18:40:01.812   512  2967 D audio_hw_primary: disable_snd_device: snd_device(2: speaker)
08-04 18:40:01.820   512  2967 I soundtrigger: audio_extn_sound_trigger_update_device_status: device 0x2 of type 0 for Event 0
08-04 18:40:01.964  1732  1732 I ImageViewActivity: Playing video using ExoPlayer
08-04 18:40:01.983  1732  2227 I art     : Starting a blocking GC Explicit
08-04 18:40:02.029  1732  1732 I ExoPlayerImpl: Init f2acb53 [ExoPlayerLib/2.10.8] [angler, Nexus 6P, Huawei, 23]
08-04 18:40:02.038  1732  2227 I art     : Explicit concurrent mark sweep GC freed 3844(1245KB) AllocSpace objects, 3(156KB) LOS objects, 29% free, 37MB/53MB, paused 1.717ms total 54.985ms
08-04 18:40:02.058  1732  2227 I art     : Starting a blocking GC Explicit
08-04 18:40:02.107  1732  2227 I art     : Explicit concurrent mark sweep GC freed 2573(289KB) AllocSpace objects, 0(0B) LOS objects, 29% free, 37MB/53MB, paused 1.799ms total 49.016ms
08-04 18:40:02.126  1732  2227 I art     : Starting a blocking GC Explicit
08-04 18:40:02.171  1732  2227 I art     : Explicit concurrent mark sweep GC freed 916(107KB) AllocSpace objects, 2(84KB) LOS objects, 29% free, 38MB/54MB, paused 612us total 44.476ms
08-04 18:40:02.189  1732  2227 I art     : Starting a blocking GC Explicit
08-04 18:40:02.190 29955 29955 W Atfwd_Sendcmd: AtCmdFwd service not published, waiting... retryCnt : 3
08-04 18:40:02.236  1732  2227 I art     : Explicit concurrent mark sweep GC freed 135(22KB) AllocSpace objects, 2(84KB) LOS objects, 29% free, 38MB/54MB, paused 569us total 47.409ms
08-04 18:40:02.255  1732  2227 I art     : Starting a blocking GC Explicit
08-04 18:40:02.299  1732  5025 W VideoCapabilities: Unrecognized profile 2130706433 for video/avc
08-04 18:40:02.305  1732  2227 I art     : Explicit concurrent mark sweep GC freed 1504(55KB) AllocSpace objects, 0(0B) LOS objects, 29% free, 38MB/54MB, paused 811us total 49.790ms
08-04 18:40:02.340  1732  5025 I VideoCapabilities: Unsupported profile 4 for video/mp4v-es
08-04 18:40:02.356  1732  5028 I OMXClient: Using client-side OMX mux.
08-04 18:40:02.502   512 15071 I OMX-VDEC-1080P: component_init: OMX.qcom.video.decoder.avc : fd=49
08-04 18:40:02.503   512 15071 I OMX-VDEC-1080P: Capabilities: driver_name = msm_vidc_driver, card = msm_vdec_8974, bus_info = , version = 1, capabilities = 4003000
08-04 18:40:02.508   512 15071 I OMX-VDEC-1080P: Enabling default extradata for OMX.qcom.video.decoder.avc
08-04 18:40:02.511   512 15071 I OMX-VDEC-1080P: omx_vdec::component_init() success : fd=49
08-04 18:40:02.515  1732  5027 I MediaCodec: [OMX.qcom.video.decoder.avc] setting surface generation to 1773569
08-04 18:40:02.516   512  2978 E OMX-VDEC-1080P: Extension: OMX.google.android.index.storeANWBufferInMetadata not implemented
08-04 18:40:02.544  1732  5028 D SurfaceUtils: set up nativeWindow 0x7f7dc39810 for 360x306, color 0x7fa30c04, rotation 0, usage 0x42002900
08-04 18:40:02.575  1732  5028 D SurfaceUtils: set up nativeWindow 0x7f7dc39810 for 368x320, color 0x7fa30c04, rotation 0, usage 0x42002900
08-04 18:40:02.636  1732  3991 I art     : Starting a blocking GC Explicit
08-04 18:40:02.690  1732  3991 I art     : Explicit concurrent mark sweep GC freed 5391(301KB) AllocSpace objects, 2(88KB) LOS objects, 28% free, 40MB/56MB, paused 514us total 53.838ms
08-04 18:40:02.709  1732  3991 I art     : Starting a blocking GC Explicit
08-04 18:40:02.756  1732  3991 I art     : Explicit concurrent mark sweep GC freed 47(1744B) AllocSpace objects, 0(0B) LOS objects, 28% free, 40MB/56MB, paused 551us total 47.442ms
08-04 18:40:02.775  1732  3991 I art     : Starting a blocking GC Explicit
08-04 18:40:02.827  1732  3991 I art     : Explicit concurrent mark sweep GC freed 26(992B) AllocSpace objects, 0(0B) LOS objects, 28% free, 40MB/56MB, paused 721us total 51.921ms
08-04 18:40:02.846  1732  3991 I art     : Starting a blocking GC Explicit
08-04 18:40:02.896  1732  3991 I art     : Explicit concurrent mark sweep GC freed 25(928B) AllocSpace objects, 0(0B) LOS objects, 28% free, 40MB/56MB, paused 532us total 49.676ms
08-04 18:40:02.916  1732  3991 I art     : Starting a blocking GC Explicit
08-04 18:40:02.967  1732  3991 I art     : Explicit concurrent mark sweep GC freed 29(1072B) AllocSpace objects, 0(0B) LOS objects, 28% free, 40MB/56MB, paused 593us total 50.467ms
08-04 18:40:03.328  1732  1744 I art     : Starting a blocking GC Explicit
08-04 18:40:03.377  1732  1744 I art     : Explicit concurrent mark sweep GC freed 1486(87KB) AllocSpace objects, 1(20KB) LOS objects, 28% free, 40MB/56MB, paused 547us total 48.813ms
08-04 18:40:03.396  1732  1744 I art     : Starting a blocking GC Explicit
08-04 18:40:03.447  1732  1744 I art     : Explicit concurrent mark sweep GC freed 42(1536B) AllocSpace objects, 0(0B) LOS objects, 28% free, 40MB/56MB, paused 640us total 51.058ms
08-04 18:40:03.467  1732  1744 I art     : Starting a blocking GC Explicit
08-04 18:40:03.518  1732  1744 I art     : Explicit concurrent mark sweep GC freed 25(928B) AllocSpace objects, 0(0B) LOS objects, 28% free, 40MB/56MB, paused 554us total 50.386ms
08-04 18:40:03.537  1732  1744 I art     : Starting a blocking GC Explicit
08-04 18:40:03.590  1732  1744 I art     : Explicit concurrent mark sweep GC freed 32(1200B) AllocSpace objects, 0(0B) LOS objects, 28% free, 40MB/56MB, paused 521us total 52.037ms
08-04 18:40:03.609  1732  1744 I art     : Starting a blocking GC Explicit
08-04 18:40:03.660  1732  1744 I art     : Explicit concurrent mark sweep GC freed 25(928B) AllocSpace objects, 0(0B) LOS objects, 28% free, 40MB/56MB, paused 522us total 50.511ms
08-04 18:40:04.033  1732  1744 I art     : Starting a blocking GC Explicit
08-04 18:40:04.089  1732  1744 I art     : Explicit concurrent mark sweep GC freed 1490(87KB) AllocSpace objects, 1(20KB) LOS objects, 28% free, 40MB/56MB, paused 582us total 55.545ms
08-04 18:40:04.108  1732  1744 I art     : Starting a blocking GC Explicit
08-04 18:40:04.159  1732  1744 I art     : Explicit concurrent mark sweep GC freed 55(2016B) AllocSpace objects, 0(0B) LOS objects, 28% free, 40MB/56MB, paused 519us total 51.092ms
08-04 18:40:04.179  1732  1744 I art     : Starting a blocking GC Explicit
08-04 18:40:04.231  1732  1744 I art     : Explicit concurrent mark sweep GC freed 19(720B) AllocSpace objects, 0(0B) LOS objects, 28% free, 40MB/56MB, paused 501us total 51.785ms
08-04 18:40:04.250  1732  1744 I art     : Starting a blocking GC Explicit
08-04 18:40:04.301  1732  1744 I art     : Explicit concurrent mark sweep GC freed 29(1072B) AllocSpace objects, 0(0B) LOS objects, 28% free, 40MB/56MB, paused 568us total 50.158ms
08-04 18:40:04.321  1732  1744 I art     : Starting a blocking GC Explicit
08-04 18:40:04.372  1732  1744 I art     : Explicit concurrent mark sweep GC freed 21(784B) AllocSpace objects, 0(0B) LOS objects, 28% free, 40MB/56MB, paused 543us total 51.003ms
08-04 18:40:04.372  1732  1742 I art     : WaitForGcToComplete blocked for 32.902ms for cause HeapTrim
08-04 18:40:04.714  1732  1966 I art     : Starting a blocking GC Explicit
08-04 18:40:04.767  1732  1966 I art     : Explicit concurrent mark sweep GC freed 1486(87KB) AllocSpace objects, 1(20KB) LOS objects, 28% free, 40MB/56MB, paused 505us total 51.998ms
08-04 18:40:04.785  1732  1966 I art     : Starting a blocking GC Explicit
08-04 18:40:04.831  1732  1966 I art     : Explicit concurrent mark sweep GC freed 48(1776B) AllocSpace objects, 0(0B) LOS objects, 28% free, 40MB/56MB, paused 525us total 46.400ms
08-04 18:40:04.851  1732  1966 I art     : Starting a blocking GC Explicit
08-04 18:40:04.901  1732  1966 I art     : Explicit concurrent mark sweep GC freed 19(688B) AllocSpace objects, 0(0B) LOS objects, 28% free, 40MB/56MB, paused 571us total 50.449ms
08-04 18:40:04.921  1732  1966 I art     : Starting a blocking GC Explicit
08-04 18:40:04.972  1732  1966 I art     : Explicit concurrent mark sweep GC freed 37(1376B) AllocSpace objects, 0(0B) LOS objects, 28% free, 40MB/56MB, paused 566us total 50.950ms
08-04 18:40:04.992  1732  1966 I art     : Starting a blocking GC Explicit
08-04 18:40:05.042  1732  1966 I art     : Explicit concurrent mark sweep GC freed 23(832B) AllocSpace objects, 0(0B) LOS objects, 28% free, 40MB/56MB, paused 542us total 50.057ms
08-04 18:40:05.402  1732  3991 I art     : Starting a blocking GC Explicit
08-04 18:40:05.454  1732  3991 I art     : Explicit concurrent mark sweep GC freed 1491(88KB) AllocSpace objects, 1(20KB) LOS objects, 28% free, 40MB/56MB, paused 547us total 51.451ms
08-04 18:40:05.473  1732  3991 I art     : Starting a blocking GC Explicit
08-04 18:40:05.524  1732  3991 I art     : Explicit concurrent mark sweep GC freed 42(1536B) AllocSpace objects, 0(0B) LOS objects, 28% free, 40MB/56MB, paused 558us total 50.674ms
08-04 18:40:05.543  1732  3991 I art     : Starting a blocking GC Explicit
08-04 18:40:05.594  1732  3991 I art     : Explicit concurrent mark sweep GC freed 24(864B) AllocSpace objects, 0(0B) LOS objects, 28% free, 40MB/56MB, paused 554us total 50.704ms
08-04 18:40:05.613  1732  3991 I art     : Starting a blocking GC Explicit
08-04 18:40:05.662  1732  3991 I art     : Explicit concurrent mark sweep GC freed 26(992B) AllocSpace objects, 0(0B) LOS objects, 28% free, 40MB/56MB, paused 548us total 48.211ms
08-04 18:40:05.681  1732  3991 I art     : Starting a blocking GC Explicit
08-04 18:40:05.729  1732  3991 I art     : Explicit concurrent mark sweep GC freed 25(928B) AllocSpace objects, 0(0B) LOS objects, 28% free, 40MB/56MB, paused 569us total 48.536ms
08-04 18:40:06.085  1732  2227 I art     : Starting a blocking GC Explicit
08-04 18:40:06.137  1732  2227 I art     : Explicit concurrent mark sweep GC freed 1490(87KB) AllocSpace objects, 1(20KB) LOS objects, 28% free, 40MB/56MB, paused 562us total 52.426ms
08-04 18:40:06.157  1732  2227 I art     : Starting a blocking GC Explicit
08-04 18:40:06.209  1732  2227 I art     : Explicit concurrent mark sweep GC freed 46(1728B) AllocSpace objects, 0(0B) LOS objects, 28% free, 40MB/56MB, paused 579us total 51.131ms
08-04 18:40:06.228  1732  2227 I art     : Starting a blocking GC Explicit
08-04 18:40:06.264  1732  5010 I RedditChangeDataIO: Writing tmp data file at '/data/user/0/baseline.org.quantumbadger.redreader/files/rr_change_data_tmp.dat'
08-04 18:40:06.265  1732  5010 I RedditChangeDataManager: Taking snapshot...
08-04 18:40:06.265  1732  5010 I RedditChangeDataManager: Writing to stream...
08-04 18:40:06.265  1732  5010 I RedditChangeDataManager: Wrote 6 entries for user ''
08-04 18:40:06.265  1732  5010 I RedditChangeDataManager: All entries written to stream.
08-04 18:40:06.265  1732  5010 I RedditChangeDataIO: Write successful. Atomically replacing data file...
08-04 18:40:06.266  1732  5010 I RedditChangeDataIO: Write complete.
08-04 18:40:06.266  1732  5010 I RedditChangeDataIO: 158 bytes written in 2 ms
08-04 18:40:06.279  1732  2227 I art     : Explicit concurrent mark sweep GC freed 103(5KB) AllocSpace objects, 1(68KB) LOS objects, 28% free, 40MB/56MB, paused 585us total 50.898ms
08-04 18:40:06.298  1732  2227 I art     : Starting a blocking GC Explicit
08-04 18:40:06.349  1732  2227 I art     : Explicit concurrent mark sweep GC freed 36(1488B) AllocSpace objects, 0(0B) LOS objects, 28% free, 40MB/56MB, paused 532us total 50.612ms
08-04 18:40:06.369  1732  2227 I art     : Starting a blocking GC Explicit
08-04 18:40:06.422  1732  2227 I art     : Explicit concurrent mark sweep GC freed 25(928B) AllocSpace objects, 0(0B) LOS objects, 28% free, 40MB/56MB, paused 567us total 52.720ms
08-04 18:40:06.783  1732  3991 I art     : Starting a blocking GC Explicit
08-04 18:40:06.836  1732  3991 I art     : Explicit concurrent mark sweep GC freed 1494(87KB) AllocSpace objects, 1(20KB) LOS objects, 28% free, 40MB/56MB, paused 562us total 52.841ms
08-04 18:40:06.855  1732  3991 I art     : Starting a blocking GC Explicit
08-04 18:40:06.906  1732  3991 I art     : Explicit concurrent mark sweep GC freed 52(1888B) AllocSpace objects, 0(0B) LOS objects, 28% free, 40MB/56MB, paused 555us total 51.021ms
08-04 18:40:06.926  1732  3991 I art     : Starting a blocking GC Explicit
08-04 18:40:06.977  1732  3991 I art     : Explicit concurrent mark sweep GC freed 56(2496B) AllocSpace objects, 0(0B) LOS objects, 28% free, 40MB/56MB, paused 535us total 50.411ms
08-04 18:40:06.997  1732  3991 I art     : Starting a blocking GC Explicit
08-04 18:40:07.049  1732  3991 I art     : Explicit concurrent mark sweep GC freed 177(31KB) AllocSpace objects, 0(0B) LOS objects, 28% free, 40MB/56MB, paused 496us total 51.994ms
08-04 18:40:07.068  1732  3991 I art     : Starting a blocking GC Explicit
08-04 18:40:07.120  1732  3991 I art     : Explicit concurrent mark sweep GC freed 90(3KB) AllocSpace objects, 0(0B) LOS objects, 28% free, 40MB/56MB, paused 533us total 51.798ms
08-04 18:40:07.484  1732  2227 I art     : Starting a blocking GC Explicit
08-04 18:40:07.533  1732  2227 I art     : Explicit concurrent mark sweep GC freed 1497(88KB) AllocSpace objects, 1(20KB) LOS objects, 28% free, 40MB/56MB, paused 510us total 48.933ms
08-04 18:40:07.552  1732  2227 I art     : Starting a blocking GC Explicit
08-04 18:40:07.602  1732  2227 I art     : Explicit concurrent mark sweep GC freed 42(1536B) AllocSpace objects, 0(0B) LOS objects, 28% free, 40MB/56MB, paused 527us total 49.869ms
08-04 18:40:07.621  1732  2227 I art     : Starting a blocking GC Explicit
08-04 18:40:07.671  1732  2227 I art     : Explicit concurrent mark sweep GC freed 21(784B) AllocSpace objects, 0(0B) LOS objects, 28% free, 40MB/56MB, paused 558us total 49.525ms
08-04 18:40:07.690  1732  2227 I art     : Starting a blocking GC Explicit
08-04 18:40:07.740  1732  2227 I art     : Explicit concurrent mark sweep GC freed 33(1184B) AllocSpace objects, 0(0B) LOS objects, 28% free, 40MB/56MB, paused 503us total 49.480ms
08-04 18:40:07.759  1732  2227 I art     : Starting a blocking GC Explicit
08-04 18:40:07.808  1732  2227 I art     : Explicit concurrent mark sweep GC freed 21(816B) AllocSpace objects, 0(0B) LOS objects, 28% free, 40MB/56MB, paused 524us total 48.886ms
08-04 18:40:08.010  5136  5136 D AndroidRuntime: >>>>>> START com.android.internal.os.RuntimeInit uid 2000 <<<<<<
08-04 18:40:08.017  5136  5136 D AndroidRuntime: CheckJNI is OFF
08-04 18:40:08.056  5136  5136 D ICU     : No timezone override file found: /data/misc/zoneinfo/current/icu/icu_tzdata.dat
08-04 18:40:08.096  5136  5136 I Radio-JNI: register_android_hardware_Radio DONE
08-04 18:40:08.124  5136  5136 D AndroidRuntime: Calling main entry com.android.commands.input.Input
08-04 18:40:08.126  5136  5136 I Input   : injectKeyEvent: KeyEvent { action=ACTION_DOWN, keyCode=KEYCODE_BACK, scanCode=0, metaState=0, flags=0x0, repeatCount=0, eventTime=729624538, downTime=729624538, deviceId=-1, source=0x101 }
08-04 18:40:08.131  5136  5136 I Input   : injectKeyEvent: KeyEvent { action=ACTION_UP, keyCode=KEYCODE_BACK, scanCode=0, metaState=0, flags=0x0, repeatCount=0, eventTime=729624538, downTime=729624538, deviceId=-1, source=0x101 }
08-04 18:40:08.137  5136  5136 D AndroidRuntime: Shutting down VM
08-04 18:40:08.175  1732  1744 I art     : Starting a blocking GC Explicit
08-04 18:40:08.200 13866 13866 I GoogleInputMethodServic: GoogleInputMethodService.onFinishInput():3138 
08-04 18:40:08.200 13866 13866 I GoogleInputMethodServic: GoogleInputMethodService.onStartInput():1808 
08-04 18:40:08.222  1732  1744 I art     : Explicit concurrent mark sweep GC freed 1649(93KB) AllocSpace objects, 1(20KB) LOS objects, 28% free, 40MB/56MB, paused 765us total 46.939ms
08-04 18:40:08.242  1732  1744 I art     : Starting a blocking GC Explicit
08-04 18:40:08.278  1732  5027 I MediaCodec: [OMX.qcom.video.decoder.avc] setting surface generation to 1773570
08-04 18:40:08.279  1732  5028 D SurfaceUtils: set up nativeWindow 0x7f7dc3a610 for 368x320, color 0x7fa30c04, rotation 0, usage 0x42002900
08-04 18:40:08.291  1732  1744 I art     : Explicit concurrent mark sweep GC freed 166(6KB) AllocSpace objects, 0(0B) LOS objects, 28% free, 40MB/56MB, paused 635us total 48.657ms
08-04 18:40:08.312  1732  1744 I art     : Starting a blocking GC Explicit
08-04 18:40:08.356  1732  1744 I art     : Explicit concurrent mark sweep GC freed 16(2272B) AllocSpace objects, 0(0B) LOS objects, 28% free, 40MB/56MB, paused 451us total 43.745ms
08-04 18:40:08.374  1732  1744 I art     : Starting a blocking GC Explicit
08-04 18:40:08.430  1732  1744 I art     : Explicit concurrent mark sweep GC freed 19(720B) AllocSpace objects, 0(0B) LOS objects, 28% free, 40MB/56MB, paused 722us total 55.884ms
08-04 18:40:08.454  1732  1744 I art     : Starting a blocking GC Explicit
08-04 18:40:08.510  1732  1732 I ExoPlayerImpl: Release f2acb53 [ExoPlayerLib/2.10.8] [angler, Nexus 6P, Huawei, 23] [goog.exo.core, goog.exo.ui]
08-04 18:40:08.514  1732  1744 I art     : Explicit concurrent mark sweep GC freed 69(2880B) AllocSpace objects, 0(0B) LOS objects, 28% free, 40MB/56MB, paused 1.100ms total 59.864ms
08-04 18:40:08.516   380   380 W SurfaceFlinger: couldn't log to binary event log: overflow.
08-04 18:40:08.528   512  3269 I OMX-VDEC-1080P: omx_vdec::component_deinit() complete
08-04 18:40:08.530   512  3269 I OMX-VDEC-1080P: Exit OMX vdec Destructor: fd=49
08-04 18:40:08.854  1732  2227 I art     : Starting a blocking GC Explicit
08-04 18:40:08.920  1732  2227 I art     : Explicit concurrent mark sweep GC freed 1754(183KB) AllocSpace objects, 36(2MB) LOS objects, 29% free, 37MB/53MB, paused 571us total 65.976ms
08-04 18:40:08.944  1732  2227 I art     : Starting a blocking GC Explicit
08-04 18:40:08.993  1732  2227 I art     : Explicit concurrent mark sweep GC freed 2908(161KB) AllocSpace objects, 4(200KB) LOS objects, 29% free, 37MB/53MB, paused 489us total 48.945ms
08-04 18:40:09.013  1732  2227 I art     : Starting a blocking GC Explicit
08-04 18:40:09.062  1732  2227 I art     : Explicit concurrent mark sweep GC freed 3(96B) AllocSpace objects, 0(0B) LOS objects, 29% free, 37MB/53MB, paused 496us total 49.115ms
08-04 18:40:09.082  1732  2227 I art     : Starting a blocking GC Explicit
08-04 18:40:09.134  1732  2227 I art     : Explicit concurrent mark sweep GC freed 3(96B) AllocSpace objects, 0(0B) LOS objects, 29% free, 37MB/53MB, paused 606us total 52.369ms
08-04 18:40:09.156  1732  2227 I art     : Starting a blocking GC Explicit
08-04 18:40:09.206  1732  2227 I art     : Explicit concurrent mark sweep GC freed 3(96B) AllocSpace objects, 0(0B) LOS objects, 29% free, 37MB/53MB, paused 487us total 50.173ms
08-04 18:40:09.540  1732  3991 I art     : Starting a blocking GC Explicit
08-04 18:40:09.598  1732  3991 I art     : Explicit concurrent mark sweep GC freed 1354(82KB) AllocSpace objects, 1(20KB) LOS objects, 29% free, 37MB/53MB, paused 664us total 58.343ms
08-04 18:40:09.621  1732  3991 I art     : Starting a blocking GC Explicit
08-04 18:40:09.668  1732  3991 I art     : Explicit concurrent mark sweep GC freed 20(704B) AllocSpace objects, 0(0B) LOS objects, 29% free, 37MB/53MB, paused 503us total 46.686ms
08-04 18:40:09.687  1732  3991 I art     : Starting a blocking GC Explicit
08-04 18:40:09.735  1732  3991 I art     : Explicit concurrent mark sweep GC freed 3(96B) AllocSpace objects, 0(0B) LOS objects, 29% free, 37MB/53MB, paused 461us total 47.917ms
08-04 18:40:09.754  1732  3991 I art     : Starting a blocking GC Explicit
08-04 18:40:09.801  1732  3991 I art     : Explicit concurrent mark sweep GC freed 3(96B) AllocSpace objects, 0(0B) LOS objects, 29% free, 37MB/53MB, paused 506us total 47.397ms
08-04 18:40:09.802  1732  1742 I art     : WaitForGcToComplete blocked for 34.610ms for cause HeapTrim
08-04 18:40:09.820  1732  3991 I art     : Starting a blocking GC Explicit
08-04 18:40:09.867  1732  3991 I art     : Explicit concurrent mark sweep GC freed 3(96B) AllocSpace objects, 0(0B) LOS objects, 29% free, 37MB/53MB, paused 528us total 46.633ms
08-04 18:40:09.948  5202  5202 D AndroidRuntime: >>>>>> START com.android.internal.os.RuntimeInit uid 2000 <<<<<<
08-04 18:40:09.955  5202  5202 D AndroidRuntime: CheckJNI is OFF
08-04 18:40:10.004  5202  5202 D ICU     : No timezone override file found: /data/misc/zoneinfo/current/icu/icu_tzdata.dat
08-04 18:40:10.053  5202  5202 I Radio-JNI: register_android_hardware_Radio DONE
08-04 18:40:10.082  5202  5202 D AndroidRuntime: Calling main entry com.android.commands.input.Input
08-04 18:40:10.084  5202  5202 I Input   : injectMotionEvent: MotionEvent { action=ACTION_DOWN, actionButton=0, id[0]=0, x[0]=1340.0, y[0]=1100.0, toolType[0]=TOOL_TYPE_UNKNOWN, buttonState=0, metaState=0, flags=0x0, edgeFlags=0x0, pointerCount=1, historySize=0, eventTime=729626497, downTime=729626497, deviceId=0, source=0x1002 }
08-04 18:40:10.090  5202  5202 I Input   : injectMotionEvent: MotionEvent { action=ACTION_UP, actionButton=0, id[0]=0, x[0]=1340.0, y[0]=1100.0, toolType[0]=TOOL_TYPE_UNKNOWN, buttonState=0, metaState=0, flags=0x0, edgeFlags=0x0, pointerCount=1, historySize=0, eventTime=729626497, downTime=729626497, deviceId=0, source=0x1002 }
08-04 18:40:10.092  5202  5202 D AndroidRuntime: Shutting down VM
08-04 18:40:10.106   512  2967 D audio_hw_primary: out_set_parameters: enter: usecase(1: low-latency-playback) kvpairs: routing=2
08-04 18:40:10.107   918  3696 I ActivityManager: START u0 {dat=https://oauth.reddit.com/... cmp=baseline.org.quantumbadger.redreader/.activities.CommentListingActivity} from uid 10666 on display 0
08-04 18:40:10.119   512  2967 D audio_hw_primary: select_devices: out_snd_device(2: speaker) in_snd_device(0: none)
08-04 18:40:10.120   512  2967 D msm8974_platform: platform_send_audio_calibration: sending audio calibration for snd_device(2) acdb_id(15)
08-04 18:40:10.120   512  2967 I soundtrigger: audio_extn_sound_trigger_update_device_status: device 0x2 of type 0 for Event 1
08-04 18:40:10.129   512  2967 D audio_hw_primary: enable_snd_device: snd_device(2: speaker)
08-04 18:40:10.132   512  2967 D audio_hw_primary: enable_audio_route: apply and update mixer path: low-latency-playback speaker
08-04 18:40:10.139  1732  1732 I AppCompatViewInflater: app:theme is now deprecated. Please move to using android:theme instead.
08-04 18:40:10.159  1732  4737 I CommentListingActivity: COMMENTS session changed to caf9eb32-52ad-4bac-a9fc-6103bd9d27cf
08-04 18:40:10.225  1732  2227 I art     : Starting a blocking GC Explicit
08-04 18:40:10.282   918   936 I ActivityManager: Displayed baseline.org.quantumbadger.redreader/.activities.CommentListingActivity: +166ms
08-04 18:40:10.283 13866 13866 I GoogleInputMethodServic: GoogleInputMethodService.onFinishInput():3138 
08-04 18:40:10.284 13866 13866 I GoogleInputMethodServic: GoogleInputMethodService.onStartInput():1808 
08-04 18:40:10.284  1732  2227 I art     : Explicit concurrent mark sweep GC freed 13275(722KB) AllocSpace objects, 1(20KB) LOS objects, 29% free, 39MB/55MB, paused 1.191ms total 59.121ms
08-04 18:40:10.306  1732  2227 I art     : Starting a blocking GC Explicit
08-04 18:40:10.382  1732  2227 I art     : Explicit concurrent mark sweep GC freed 17157(985KB) AllocSpace objects, 0(0B) LOS objects, 28% free, 39MB/55MB, paused 751us total 75.934ms
08-04 18:40:10.403  1732  2227 I art     : Starting a blocking GC Explicit
08-04 18:40:10.469  1732  2227 I art     : Explicit concurrent mark sweep GC freed 14117(612KB) AllocSpace objects, 0(0B) LOS objects, 28% free, 39MB/55MB, paused 652us total 65.679ms
08-04 18:40:10.491  1732  2227 I art     : Starting a blocking GC Explicit
08-04 18:40:10.518   380   380 W SurfaceFlinger: couldn't log to binary event log: overflow.
08-04 18:40:10.556  1732  2227 I art     : Explicit concurrent mark sweep GC freed 76(3KB) AllocSpace objects, 0(0B) LOS objects, 28% free, 39MB/55MB, paused 447us total 65.243ms
08-04 18:40:10.577  1732  2227 I art     : Starting a blocking GC Explicit
08-04 18:40:10.635  1732  2227 I art     : Explicit concurrent mark sweep GC freed 5(192B) AllocSpace objects, 0(0B) LOS objects, 28% free, 39MB/55MB, paused 438us total 58.114ms
08-04 18:40:10.669   512  2967 D audio_hw_primary: disable_audio_route: reset and update mixer path: low-latency-playback speaker
08-04 18:40:10.670   512  2967 D audio_hw_primary: disable_snd_device: snd_device(2: speaker)
08-04 18:40:10.679   512  2967 I soundtrigger: audio_extn_sound_trigger_update_device_status: device 0x2 of type 0 for Event 0
08-04 18:40:10.977  1732  3991 I art     : Starting a blocking GC Explicit
08-04 18:40:11.043  1732  3991 I art     : Explicit concurrent mark sweep GC freed 1505(87KB) AllocSpace objects, 1(20KB) LOS objects, 28% free, 39MB/55MB, paused 502us total 65.775ms
08-04 18:40:11.065  1732  3991 I art     : Starting a blocking GC Explicit
08-04 18:40:11.125  1732  3991 I art     : Explicit concurrent mark sweep GC freed 24(832B) AllocSpace objects, 0(0B) LOS objects, 28% free, 39MB/55MB, paused 443us total 59.790ms
08-04 18:40:11.147  1732  3991 I art     : Starting a blocking GC Explicit
08-04 18:40:11.203  1732  3991 I art     : Explicit concurrent mark sweep GC freed 3(96B) AllocSpace objects, 0(0B) LOS objects, 28% free, 39MB/55MB, paused 447us total 55.758ms
08-04 18:40:11.223  1732  3991 I art     : Starting a blocking GC Explicit
08-04 18:40:11.284  1732  3991 I art     : Explicit concurrent mark sweep GC freed 3(96B) AllocSpace objects, 0(0B) LOS objects, 28% free, 39MB/55MB, paused 496us total 60.759ms
08-04 18:40:11.305  1732  3991 I art     : Starting a blocking GC Explicit
08-04 18:40:11.369  1732  3991 I art     : Explicit concurrent mark sweep GC freed 49(1920B) AllocSpace objects, 0(0B) LOS objects, 28% free, 39MB/55MB, paused 514us total 63.775ms
08-04 18:40:11.717   518   646 I ThermalEngine: ACTION: GPU - Setting GPU[0] to 390000000
08-04 18:40:11.739  1732  1744 I art     : Starting a blocking GC Explicit
08-04 18:40:11.843  1732  1744 I art     : Explicit concurrent mark sweep GC freed 1354(82KB) AllocSpace objects, 1(20KB) LOS objects, 28% free, 39MB/55MB, paused 1.249ms total 103.633ms
08-04 18:40:11.872  1732  1744 I art     : Starting a blocking GC Explicit
08-04 18:40:11.957  1732  1744 I art     : Explicit concurrent mark sweep GC freed 20(704B) AllocSpace objects, 0(0B) LOS objects, 28% free, 39MB/55MB, paused 1.370ms total 84.288ms
08-04 18:40:11.987  1732  1744 I art     : Starting a blocking GC Explicit
08-04 18:40:12.069  1732  1744 I art     : Explicit concurrent mark sweep GC freed 3(96B) AllocSpace objects, 0(0B) LOS objects, 28% free, 39MB/55MB, paused 985us total 81.316ms
08-04 18:40:12.103  1732  1744 I art     : Starting a blocking GC Explicit
08-04 18:40:12.193  1732  1744 I art     : Explicit concurrent mark sweep GC freed 3(96B) AllocSpace objects, 0(0B) LOS objects, 28% free, 39MB/55MB, paused 1.531ms total 90.127ms
08-04 18:40:12.227  1732  1744 I art     : Starting a blocking GC Explicit
08-04 18:40:12.308  1732  1744 I art     : Explicit concurrent mark sweep GC freed 3(96B) AllocSpace objects, 0(0B) LOS objects, 28% free, 39MB/55MB, paused 1.104ms total 79.901ms
08-04 18:40:12.717  1732  2227 I art     : Starting a blocking GC Explicit
08-04 18:40:12.812  1732  2227 I art     : Explicit concurrent mark sweep GC freed 1354(82KB) AllocSpace objects, 1(20KB) LOS objects, 28% free, 39MB/55MB, paused 878us total 94.557ms
08-04 18:40:12.845  1732  2227 I art     : Starting a blocking GC Explicit
08-04 18:40:12.923  1732  2227 I art     : Explicit concurrent mark sweep GC freed 20(704B) AllocSpace objects, 0(0B) LOS objects, 28% free, 39MB/55MB, paused 670us total 77.725ms
08-04 18:40:12.953  1732  2227 I art     : Starting a blocking GC Explicit
08-04 18:40:13.033  1732  2227 I art     : Explicit concurrent mark sweep GC freed 3(96B) AllocSpace objects, 0(0B) LOS objects, 28% free, 39MB/55MB, paused 854us total 79.617ms
08-04 18:40:13.067  1732  2227 I art     : Starting a blocking GC Explicit
08-04 18:40:13.155  1732  2227 I art     : Explicit concurrent mark sweep GC freed 3(96B) AllocSpace objects, 0(0B) LOS objects, 28% free, 39MB/55MB, paused 1.161ms total 87.253ms
08-04 18:40:13.191  1732  2227 I art     : Starting a blocking GC Explicit
08-04 18:40:13.276  1732  2227 I art     : Explicit concurrent mark sweep GC freed 3(96B) AllocSpace objects, 0(0B) LOS objects, 28% free, 39MB/55MB, paused 769us total 84.945ms
08-04 18:40:13.680  1732  1743 I art     : Starting a blocking GC Explicit
08-04 18:40:13.714   518   646 I ThermalEngine: ACTION: GPU - Setting GPU[0] to 450000000
08-04 18:40:13.767  1732  1743 I art     : Explicit concurrent mark sweep GC freed 1354(82KB) AllocSpace objects, 1(20KB) LOS objects, 28% free, 39MB/55MB, paused 557us total 86.729ms
08-04 18:40:13.792  1732  1743 I art     : Starting a blocking GC Explicit
08-04 18:40:13.855  1732  1743 I art     : Explicit concurrent mark sweep GC freed 20(704B) AllocSpace objects, 0(0B) LOS objects, 28% free, 39MB/55MB, paused 473us total 62.982ms
08-04 18:40:13.876  1732  1743 I art     : Starting a blocking GC Explicit
08-04 18:40:13.953  1732  1743 I art     : Explicit concurrent mark sweep GC freed 3(96B) AllocSpace objects, 0(0B) LOS objects, 28% free, 39MB/55MB, paused 520us total 76.576ms
08-04 18:40:13.979  1732  1743 I art     : Starting a blocking GC Explicit
08-04 18:40:14.052  1732  1743 I art     : Explicit concurrent mark sweep GC freed 3(96B) AllocSpace objects, 0(0B) LOS objects, 28% free, 39MB/55MB, paused 530us total 72.625ms
08-04 18:40:14.077  1732  1743 I art     : Starting a blocking GC Explicit
08-04 18:40:14.153  1732  1743 I art     : Explicit concurrent mark sweep GC freed 3(96B) AllocSpace objects, 0(0B) LOS objects, 28% free, 39MB/55MB, paused 571us total 75.536ms
08-04 18:40:14.500  1732  1966 I art     : Starting a blocking GC Explicit
08-04 18:40:14.573  1732  1966 I art     : Explicit concurrent mark sweep GC freed 1354(82KB) AllocSpace objects, 1(20KB) LOS objects, 28% free, 39MB/55MB, paused 549us total 72.380ms
08-04 18:40:14.594  1732  1966 I art     : Starting a blocking GC Explicit
08-04 18:40:14.661  1732  1966 I art     : Explicit concurrent mark sweep GC freed 20(704B) AllocSpace objects, 0(0B) LOS objects, 28% free, 39MB/55MB, paused 508us total 66.843ms
08-04 18:40:14.682  1732  1966 I art     : Starting a blocking GC Explicit
08-04 18:40:14.750  1732  1966 I art     : Explicit concurrent mark sweep GC freed 3(96B) AllocSpace objects, 0(0B) LOS objects, 28% free, 39MB/55MB, paused 547us total 67.959ms
08-04 18:40:14.772  1732  1966 I art     : Starting a blocking GC Explicit
08-04 18:40:14.839  1732  1966 I art     : Explicit concurrent mark sweep GC freed 3(96B) AllocSpace objects, 0(0B) LOS objects, 28% free, 39MB/55MB, paused 551us total 67.110ms
08-04 18:40:14.860  1732  1966 I art     : Starting a blocking GC Explicit
08-04 18:40:14.902  5278  5278 D AndroidRuntime: >>>>>> START com.android.internal.os.RuntimeInit uid 2000 <<<<<<
08-04 18:40:14.909  5278  5278 D AndroidRuntime: CheckJNI is OFF
08-04 18:40:14.927  1732  1966 I art     : Explicit concurrent mark sweep GC freed 3(96B) AllocSpace objects, 0(0B) LOS objects, 28% free, 39MB/55MB, paused 551us total 66.566ms
08-04 18:40:14.928  1732  1742 I art     : WaitForGcToComplete blocked for 59.815ms for cause HeapTrim
08-04 18:40:14.958  5278  5278 D ICU     : No timezone override file found: /data/misc/zoneinfo/current/icu/icu_tzdata.dat
08-04 18:40:15.003  5278  5278 I Radio-JNI: register_android_hardware_Radio DONE
08-04 18:40:15.032  5278  5278 D AndroidRuntime: Calling main entry com.android.commands.input.Input
08-04 18:40:15.035  5278  5278 I Input   : injectKeyEvent: KeyEvent { action=ACTION_DOWN, keyCode=KEYCODE_BACK, scanCode=0, metaState=0, flags=0x0, repeatCount=0, eventTime=729631448, downTime=729631448, deviceId=-1, source=0x101 }
08-04 18:40:15.043  5278  5278 I Input   : injectKeyEvent: KeyEvent { action=ACTION_UP, keyCode=KEYCODE_BACK, scanCode=0, metaState=0, flags=0x0, repeatCount=0, eventTime=729631448, downTime=729631448, deviceId=-1, source=0x101 }
08-04 18:40:15.053  5278  5278 D AndroidRuntime: Shutting down VM
08-04 18:40:15.097 13866 13866 I GoogleInputMethodServic: GoogleInputMethodService.onFinishInput():3138 
08-04 18:40:15.098 13866 13866 I GoogleInputMethodServic: GoogleInputMethodService.onStartInput():1808 
08-04 18:40:15.120  1732  5234 I RedditChangeDataIO: Writing tmp data file at '/data/user/0/baseline.org.quantumbadger.redreader/files/rr_change_data_tmp.dat'
08-04 18:40:15.122  1732  5234 I RedditChangeDataManager: Taking snapshot...
08-04 18:40:15.122  1732  5234 I RedditChangeDataManager: Writing to stream...
08-04 18:40:15.122  1732  5234 I RedditChangeDataManager: Wrote 6 entries for user ''
08-04 18:40:15.122  1732  5234 I RedditChangeDataManager: All entries written to stream.
08-04 18:40:15.122  1732  5234 I RedditChangeDataIO: Write successful. Atomically replacing data file...
08-04 18:40:15.123  1732  5234 I RedditChangeDataIO: Write complete.
08-04 18:40:15.123  1732  5234 I RedditChangeDataIO: 158 bytes written in 3 ms
08-04 18:40:15.237  1732  1966 I art     : Starting a blocking GC Explicit
08-04 18:40:15.314  1732  1966 I art     : Explicit concurrent mark sweep GC freed 1709(97KB) AllocSpace objects, 2(88KB) LOS objects, 28% free, 39MB/55MB, paused 583us total 76.065ms
08-04 18:40:15.337  1732  1966 I art     : Starting a blocking GC Explicit
08-04 18:40:15.406   380   380 W SurfaceFlinger: couldn't log to binary event log: overflow.
08-04 18:40:15.408  1732  1966 I art     : Explicit concurrent mark sweep GC freed 27(960B) AllocSpace objects, 0(0B) LOS objects, 28% free, 39MB/55MB, paused 838us total 70.290ms
08-04 18:40:15.430  1732  1966 I art     : Starting a blocking GC Explicit
08-04 18:40:15.489  1732  1966 I art     : Explicit concurrent mark sweep GC freed 55(2064B) AllocSpace objects, 0(0B) LOS objects, 28% free, 39MB/55MB, paused 537us total 58.753ms
08-04 18:40:15.510  1732  1966 I art     : Starting a blocking GC Explicit
08-04 18:40:15.564  1732  1966 I art     : Explicit concurrent mark sweep GC freed 41379(2MB) AllocSpace objects, 5(140KB) LOS objects, 29% free, 37MB/53MB, paused 486us total 53.722ms
08-04 18:40:15.583  1732  1966 I art     : Starting a blocking GC Explicit
08-04 18:40:15.629  1732  1966 I art     : Explicit concurrent mark sweep GC freed 3(96B) AllocSpace objects, 0(0B) LOS objects, 29% free, 37MB/53MB, paused 494us total 45.482ms
08-04 18:40:15.968  1732  3991 I art     : Starting a blocking GC Explicit
08-04 18:40:16.022  1732  3991 I art     : Explicit concurrent mark sweep GC freed 1356(83KB) AllocSpace objects, 1(20KB) LOS objects, 29% free, 37MB/53MB, paused 496us total 53.048ms
08-04 18:40:16.041  1732  3991 I art     : Starting a blocking GC Explicit
08-04 18:40:16.090  1732  3991 I art     : Explicit concurrent mark sweep GC freed 20(704B) AllocSpace objects, 0(0B) LOS objects, 29% free, 37MB/53MB, paused 500us total 49.336ms
08-04 18:40:16.109  1732  3991 I art     : Starting a blocking GC Explicit
08-04 18:40:16.147   918 13197 D NetworkMonitor/NetworkAgentInfo [WIFI () - 158]: Checking http://connectivitycheck.gstatic.com/generate_204 on "H369AA63323", 192.168.2.12=192.168.2.12
08-04 18:40:16.158  1732  3991 I art     : Explicit concurrent mark sweep GC freed 3(96B) AllocSpace objects, 0(0B) LOS objects, 29% free, 37MB/53MB, paused 507us total 47.986ms
08-04 18:40:16.177  1732  3991 I art     : Starting a blocking GC Explicit
08-04 18:40:16.200   918 13197 D NetworkMonitor/NetworkAgentInfo [WIFI () - 158]: Probably not a portal: exception java.io.IOException: unexpected end of stream on Connection{connectivitycheck.gstatic.com:80, proxy=HTTP@/192.168.2.12:8080 hostAddress=192.168.2.12 cipherSuite=none protocol=http/1.1} (recycle count=0)
08-04 18:40:16.201   918  3263 D ConnectivityService: NetworkAgentInfo [WIFI () - 158] validation failed
08-04 18:40:16.202   918  3261 E WifiConfigStore:  rewrite network history for "H369AA63323"WPA_PSK
08-04 18:40:16.225  1732  3991 I art     : Explicit concurrent mark sweep GC freed 3(96B) AllocSpace objects, 0(0B) LOS objects, 29% free, 37MB/53MB, paused 498us total 48.532ms
08-04 18:40:16.245  1732  3991 I art     : Starting a blocking GC Explicit
08-04 18:40:16.293  1732  3991 I art     : Explicit concurrent mark sweep GC freed 3(96B) AllocSpace objects, 0(0B) LOS objects, 29% free, 37MB/53MB, paused 476us total 48.487ms
08-04 18:40:16.621  1732  1743 I art     : Starting a blocking GC Explicit
08-04 18:40:16.679  1732  1743 I art     : Explicit concurrent mark sweep GC freed 1354(82KB) AllocSpace objects, 1(20KB) LOS objects, 29% free, 37MB/53MB, paused 502us total 57.961ms
08-04 18:40:16.698  1732  1743 I art     : Starting a blocking GC Explicit
08-04 18:40:16.747  1732  1743 I art     : Explicit concurrent mark sweep GC freed 20(704B) AllocSpace objects, 0(0B) LOS objects, 29% free, 37MB/53MB, paused 468us total 48.286ms
08-04 18:40:16.766  1732  1743 I art     : Starting a blocking GC Explicit
08-04 18:40:16.815  1732  1743 I art     : Explicit concurrent mark sweep GC freed 3(96B) AllocSpace objects, 0(0B) LOS objects, 29% free, 37MB/53MB, paused 520us total 48.671ms
08-04 18:40:16.834  1732  1743 I art     : Starting a blocking GC Explicit
08-04 18:40:16.853  5321  5321 D AndroidRuntime: >>>>>> START com.android.internal.os.RuntimeInit uid 2000 <<<<<<
08-04 18:40:16.859  5321  5321 D AndroidRuntime: CheckJNI is OFF
08-04 18:40:16.885  1732  1743 I art     : Explicit concurrent mark sweep GC freed 3(96B) AllocSpace objects, 0(0B) LOS objects, 29% free, 37MB/53MB, paused 512us total 50.604ms
08-04 18:40:16.904  1732  1743 I art     : Starting a blocking GC Explicit
08-04 18:40:16.909  5321  5321 D ICU     : No timezone override file found: /data/misc/zoneinfo/current/icu/icu_tzdata.dat
08-04 18:40:16.953  1732  1743 I art     : Explicit concurrent mark sweep GC freed 3(96B) AllocSpace objects, 0(0B) LOS objects, 29% free, 37MB/53MB, paused 543us total 49.005ms
08-04 18:40:16.956  5321  5321 I Radio-JNI: register_android_hardware_Radio DONE
08-04 18:40:16.986  5321  5321 D AndroidRuntime: Calling main entry com.android.commands.input.Input
08-04 18:40:16.988  5321  5321 I Input   : injectKeyEvent: KeyEvent { action=ACTION_DOWN, keyCode=KEYCODE_BACK, scanCode=0, metaState=0, flags=0x0, repeatCount=0, eventTime=729633401, downTime=729633401, deviceId=-1, source=0x101 }
08-04 18:40:16.994  5321  5321 I Input   : injectKeyEvent: KeyEvent { action=ACTION_UP, keyCode=KEYCODE_BACK, scanCode=0, metaState=0, flags=0x0, repeatCount=0, eventTime=729633401, downTime=729633401, deviceId=-1, source=0x101 }
08-04 18:40:17.002  5321  5321 D AndroidRuntime: Shutting down VM
08-04 18:40:17.038 13866 13866 I GoogleInputMethodServic: GoogleInputMethodService.onFinishInput():3138 
08-04 18:40:17.038 13866 13866 I GoogleInputMethodServic: GoogleInputMethodService.onStartInput():1808 
08-04 18:40:17.190 29955 29955 I ServiceManager: Waiting for service AtCmdFwd...
08-04 18:40:17.272  1732  3991 I art     : Starting a blocking GC Explicit
08-04 18:40:17.330  1732  3991 I art     : Explicit concurrent mark sweep GC freed 1534(88KB) AllocSpace objects, 1(20KB) LOS objects, 29% free, 37MB/53MB, paused 613us total 57.761ms
08-04 18:40:17.351  1732  3991 I art     : Starting a blocking GC Explicit
08-04 18:40:17.401  1732  3991 I art     : Explicit concurrent mark sweep GC freed 81(2992B) AllocSpace objects, 0(0B) LOS objects, 29% free, 37MB/53MB, paused 532us total 49.578ms
08-04 18:40:17.420  1732  3991 I art     : Starting a blocking GC Explicit
08-04 18:40:17.466  1732  3991 I art     : Explicit concurrent mark sweep GC freed 134(6KB) AllocSpace objects, 0(0B) LOS objects, 29% free, 37MB/53MB, paused 536us total 45.841ms
08-04 18:40:17.485  1732  3991 I art     : Starting a blocking GC Explicit
08-04 18:40:17.534  1732  3991 I art     : Explicit concurrent mark sweep GC freed 3(96B) AllocSpace objects, 0(0B) LOS objects, 29% free, 37MB/53MB, paused 519us total 48.681ms
08-04 18:40:17.553  1732  3991 I art     : Starting a blocking GC Explicit
08-04 18:40:17.604  1732  3991 I art     : Explicit concurrent mark sweep GC freed 3(96B) AllocSpace objects, 0(0B) LOS objects, 29% free, 37MB/53MB, paused 510us total 50.305ms
08-04 18:40:17.952  1732  1743 I art     : Starting a blocking GC Explicit
08-04 18:40:18.007  1732  1743 I art     : Explicit concurrent mark sweep GC freed 1354(82KB) AllocSpace objects, 1(20KB) LOS objects, 29% free, 37MB/53MB, paused 540us total 54.298ms
08-04 18:40:18.025  1732  1743 I art     : Starting a blocking GC Explicit
08-04 18:40:18.075  1732  1743 I art     : Explicit concurrent mark sweep GC freed 20(704B) AllocSpace objects, 0(0B) LOS objects, 29% free, 37MB/53MB, paused 541us total 49.635ms
08-04 18:40:18.095  1732  1743 I art     : Starting a blocking GC Explicit
08-04 18:40:18.144  1732  1743 I art     : Explicit concurrent mark sweep GC freed 3(96B) AllocSpace objects, 0(0B) LOS objects, 29% free, 37MB/53MB, paused 527us total 48.727ms
08-04 18:40:18.163  1732  1743 I art     : Starting a blocking GC Explicit
08-04 18:40:18.191 29955 29955 I ServiceManager: Waiting for service AtCmdFwd...
08-04 18:40:18.213  1732  1743 I art     : Explicit concurrent mark sweep GC freed 3(96B) AllocSpace objects, 0(0B) LOS objects, 29% free, 37MB/53MB, paused 534us total 49.246ms
08-04 18:40:18.232  1732  1743 I art     : Starting a blocking GC Explicit
08-04 18:40:18.280  1732  1743 I art     : Explicit concurrent mark sweep GC freed 3(96B) AllocSpace objects, 0(0B) LOS objects, 29% free, 37MB/53MB, paused 510us total 48.205ms
08-04 18:40:18.613  1732  1744 I art     : Starting a blocking GC Explicit
08-04 18:40:18.676  1732  1744 I art     : Explicit concurrent mark sweep GC freed 1354(82KB) AllocSpace objects, 1(20KB) LOS objects, 29% free, 37MB/53MB, paused 628us total 62.601ms
08-04 18:40:18.697  1732  1744 I art     : Starting a blocking GC Explicit
08-04 18:40:18.748  1732  1744 I art     : Explicit concurrent mark sweep GC freed 20(704B) AllocSpace objects, 0(0B) LOS objects, 29% free, 37MB/53MB, paused 543us total 51.047ms
08-04 18:40:18.767  1732  1744 I art     : Starting a blocking GC Explicit
08-04 18:40:18.788  5365  5365 D AndroidRuntime: >>>>>> START com.android.internal.os.RuntimeInit uid 2000 <<<<<<
08-04 18:40:18.794  5365  5365 D AndroidRuntime: CheckJNI is OFF
08-04 18:40:18.818  1732  1744 I art     : Explicit concurrent mark sweep GC freed 3(96B) AllocSpace objects, 0(0B) LOS objects, 29% free, 37MB/53MB, paused 573us total 51.456ms
08-04 18:40:18.837  1732  1744 I art     : Starting a blocking GC Explicit
08-04 18:40:18.844  5365  5365 D ICU     : No timezone override file found: /data/misc/zoneinfo/current/icu/icu_tzdata.dat
08-04 18:40:18.888  1732  1744 I art     : Explicit concurrent mark sweep GC freed 3(96B) AllocSpace objects, 0(0B) LOS objects, 29% free, 37MB/53MB, paused 620us total 50.044ms
08-04 18:40:18.891  5365  5365 I Radio-JNI: register_android_hardware_Radio DONE
08-04 18:40:18.907  1732  1744 I art     : Starting a blocking GC Explicit
08-04 18:40:18.922  5365  5365 D AndroidRuntime: Calling main entry com.android.commands.input.Input
08-04 18:40:18.924  5365  5365 I Input   : injectMotionEvent: MotionEvent { action=ACTION_DOWN, actionButton=0, id[0]=0, x[0]=600.0, y[0]=1733.0, toolType[0]=TOOL_TYPE_UNKNOWN, buttonState=0, metaState=0, flags=0x0, edgeFlags=0x0, pointerCount=1, historySize=0, eventTime=729635336, downTime=729635336, deviceId=0, source=0x1002 }
08-04 18:40:18.930  5365  5365 I Input   : injectMotionEvent: MotionEvent { action=ACTION_UP, actionButton=0, id[0]=0, x[0]=600.0, y[0]=1733.0, toolType[0]=TOOL_TYPE_UNKNOWN, buttonState=0, metaState=0, flags=0x0, edgeFlags=0x0, pointerCount=1, historySize=0, eventTime=729635336, downTime=729635336, deviceId=0, source=0x1002 }
08-04 18:40:18.932  5365  5365 D AndroidRuntime: Shutting down VM
08-04 18:40:18.944   918  5481 I ActivityManager: START u0 {dat=https://oauth.reddit.com/... cmp=baseline.org.quantumbadger.redreader/.activities.PostListingActivity} from uid 10666 on display 0
08-04 18:40:18.945   512  2967 D audio_hw_primary: out_set_parameters: enter: usecase(1: low-latency-playback) kvpairs: routing=2
08-04 18:40:18.958   512  2967 D audio_hw_primary: select_devices: out_snd_device(2: speaker) in_snd_device(0: none)
08-04 18:40:18.958   512  2967 D msm8974_platform: platform_send_audio_calibration: sending audio calibration for snd_device(2) acdb_id(15)
08-04 18:40:18.958   512  2967 I soundtrigger: audio_extn_sound_trigger_update_device_status: device 0x2 of type 0 for Event 1
08-04 18:40:18.960  1732  1744 I art     : Explicit concurrent mark sweep GC freed 83(2672B) AllocSpace objects, 0(0B) LOS objects, 29% free, 37MB/53MB, paused 999us total 53.412ms
08-04 18:40:18.969  1732  1732 I AppCompatViewInflater: app:theme is now deprecated. Please move to using android:theme instead.
08-04 18:40:18.971   512  2967 D audio_hw_primary: enable_snd_device: snd_device(2: speaker)
08-04 18:40:18.975   512  2967 D audio_hw_primary: enable_audio_route: apply and update mixer path: low-latency-playback speaker
08-04 18:40:18.997  1732  5389 D OK      : calling: https://oauth.reddit.com/r/aww/about.json
08-04 18:40:19.055   918   936 I ActivityManager: Displayed baseline.org.quantumbadger.redreader/.activities.PostListingActivity: +102ms
08-04 18:40:19.056 13866 13866 I GoogleInputMethodServic: GoogleInputMethodService.onFinishInput():3138 
08-04 18:40:19.057 13866 13866 I GoogleInputMethodServic: GoogleInputMethodService.onStartInput():1808 
08-04 18:40:19.191 29955 29955 I ServiceManager: Waiting for service AtCmdFwd...
08-04 18:40:19.272  1732  1743 I art     : Starting a blocking GC Explicit
08-04 18:40:19.300  1732  5389 I NAPPA_EXPERIMENTATION: MetricNetworkRequestExecutionTime: REQUEST_DURATION_SYSTEM='303',REQUEST_DURATION_OKHTTP='145',REQUEST_SYNCHRONOUS='TRUE',RESPONSE_CODE='200',RESPONSE_METHOD='GET',RESPONSE_LENGTH_OKHTTP='-1',RESPONSE_LENGTH_HEADER='3478',REQUEST_PROTOCOL='h2',REQUEST_URL='https://oauth.reddit.com/r/aww/about.json',
08-04 18:40:19.301  1732  5389 D OK      : request got status: 200
08-04 18:40:19.311   380   380 W SurfaceFlinger: couldn't log to binary event log: overflow.
08-04 18:40:19.336  1732  1743 I art     : Explicit concurrent mark sweep GC freed 5634(410KB) AllocSpace objects, 2(88KB) LOS objects, 29% free, 37MB/53MB, paused 606us total 63.511ms
08-04 18:40:19.355  1732  1743 I art     : Starting a blocking GC Explicit
08-04 18:40:19.399  1732  1743 I art     : Explicit concurrent mark sweep GC freed 1227(74KB) AllocSpace objects, 1(68KB) LOS objects, 29% free, 37MB/53MB, paused 503us total 43.771ms
08-04 18:40:19.417  1732  1743 I art     : Starting a blocking GC Explicit
08-04 18:40:19.465  1732  1743 I art     : Explicit concurrent mark sweep GC freed 206(10KB) AllocSpace objects, 0(0B) LOS objects, 29% free, 37MB/53MB, paused 501us total 47.167ms
08-04 18:40:19.483  1732  1743 I art     : Starting a blocking GC Explicit
08-04 18:40:19.518   512  2967 D audio_hw_primary: disable_audio_route: reset and update mixer path: low-latency-playback speaker
08-04 18:40:19.519   512  2967 D audio_hw_primary: disable_snd_device: snd_device(2: speaker)
08-04 18:40:19.526   512  2967 I soundtrigger: audio_extn_sound_trigger_update_device_status: device 0x2 of type 0 for Event 0
08-04 18:40:19.529  1732  1743 I art     : Explicit concurrent mark sweep GC freed 4(128B) AllocSpace objects, 0(0B) LOS objects, 29% free, 37MB/53MB, paused 503us total 45.322ms
08-04 18:40:19.547  1732  1743 I art     : Starting a blocking GC Explicit
08-04 18:40:19.596  1732  1743 I art     : Explicit concurrent mark sweep GC freed 3(96B) AllocSpace objects, 0(0B) LOS objects, 29% free, 37MB/53MB, paused 526us total 48.524ms
08-04 18:40:19.931  1732  1743 I art     : Starting a blocking GC Explicit
08-04 18:40:19.982  1732  1743 I art     : Explicit concurrent mark sweep GC freed 1413(85KB) AllocSpace objects, 1(20KB) LOS objects, 29% free, 37MB/53MB, paused 543us total 50.777ms
08-04 18:40:20.001  1732  1743 I art     : Starting a blocking GC Explicit
08-04 18:40:20.049  1732  1743 I art     : Explicit concurrent mark sweep GC freed 20(704B) AllocSpace objects, 0(0B) LOS objects, 29% free, 37MB/53MB, paused 497us total 47.423ms
08-04 18:40:20.068  1732  1743 I art     : Starting a blocking GC Explicit
08-04 18:40:20.117  1732  1743 I art     : Explicit concurrent mark sweep GC freed 3(96B) AllocSpace objects, 0(0B) LOS objects, 29% free, 37MB/53MB, paused 570us total 48.484ms
08-04 18:40:20.136  1732  1743 I art     : Starting a blocking GC Explicit
08-04 18:40:20.185  1732  1743 I art     : Explicit concurrent mark sweep GC freed 3(96B) AllocSpace objects, 0(0B) LOS objects, 29% free, 37MB/53MB, paused 561us total 48.568ms
08-04 18:40:20.192 29955 29955 I ServiceManager: Waiting for service AtCmdFwd...
08-04 18:40:20.195  1732  5413 D OK      : calling: https://oauth.reddit.com/r/aww/hot/.json
08-04 18:40:20.204  1732  1743 I art     : Starting a blocking GC Explicit
08-04 18:40:20.252  1732  1743 I art     : Explicit concurrent mark sweep GC freed 105(4KB) AllocSpace objects, 0(0B) LOS objects, 29% free, 37MB/53MB, paused 618us total 48.566ms
08-04 18:40:20.405  1732  5413 I NAPPA_EXPERIMENTATION: MetricNetworkRequestExecutionTime: REQUEST_DURATION_SYSTEM='210',REQUEST_DURATION_OKHTTP='207',REQUEST_SYNCHRONOUS='TRUE',RESPONSE_CODE='200',RESPONSE_METHOD='GET',RESPONSE_LENGTH_OKHTTP='-1',RESPONSE_LENGTH_HEADER='33430',REQUEST_PROTOCOL='h2',REQUEST_URL='https://oauth.reddit.com/r/aww/hot/.json',
08-04 18:40:20.405  1732  5413 D OK      : request got status: 200
08-04 18:40:20.425  1732  4737 I PostListingFragment: Precaching images: OFF
08-04 18:40:20.425  1732  4737 I PostListingFragment: Precaching comments: OFF
08-04 18:40:20.450  1732  4737 I getImgurImageInfo: Image NSO7Npm: trying API v3 with auth
08-04 18:40:20.525  1732  5422 I RedditVideosAPI: For 'https://v.redd.it/h49fg58ygjd51/DASHPlaylist.mpd', got video stream 'https://v.redd.it/h49fg58ygjd51/DASH_480' and audio stream 'null'
08-04 18:40:20.591  1732  3991 I art     : Starting a blocking GC Explicit
08-04 18:40:20.612  1732  5422 I RedditVideosAPI: For 'https://v.redd.it/ak6rer1hskd51/DASHPlaylist.mpd', got video stream 'https://v.redd.it/ak6rer1hskd51/DASH_360' and audio stream 'null'
08-04 18:40:20.639  1732  5422 I RedditVideosAPI: For 'https://v.redd.it/fkewv2f65kd51/DASHPlaylist.mpd', got video stream 'https://v.redd.it/fkewv2f65kd51/DASH_480' and audio stream 'https://v.redd.it/fkewv2f65kd51/audio'
08-04 18:40:20.644  1732  5422 I RedditVideosAPI: For 'https://v.redd.it/1ewzkieg0jd51/DASHPlaylist.mpd', got video stream 'https://v.redd.it/1ewzkieg0jd51/DASH_480' and audio stream 'https://v.redd.it/1ewzkieg0jd51/audio'
08-04 18:40:20.645  1732  5422 I RedditVideosAPI: For 'https://v.redd.it/s9qqadf3mid51/DASHPlaylist.mpd', got video stream 'https://v.redd.it/s9qqadf3mid51/DASH_480' and audio stream 'https://v.redd.it/s9qqadf3mid51/audio'
08-04 18:40:20.645  1732  4364 I RedditVideosAPI: For 'https://v.redd.it/ppmhu2r9thd51/DASHPlaylist.mpd', got video stream 'https://v.redd.it/ppmhu2r9thd51/DASH_480' and audio stream 'null'
08-04 18:40:20.646  1732  3991 I art     : Explicit concurrent mark sweep GC freed 47279(2MB) AllocSpace objects, 83(4MB) LOS objects, 26% free, 44MB/60MB, paused 985us total 54.725ms
08-04 18:40:20.646  1732  4364 I RedditVideosAPI: For 'https://v.redd.it/b8vazlcb7ld51/DASHPlaylist.mpd', got video stream 'https://v.redd.it/b8vazlcb7ld51/DASH_480' and audio stream 'https://v.redd.it/b8vazlcb7ld51/audio'
08-04 18:40:20.647  1732  5422 I RedditVideosAPI: For 'https://v.redd.it/ty24o02m1hd51/DASHPlaylist.mpd', got video stream 'https://v.redd.it/ty24o02m1hd51/DASH_480' and audio stream 'null'
08-04 18:40:20.648  1732  4364 I RedditVideosAPI: For 'https://v.redd.it/ar5k8892pid51/DASHPlaylist.mpd', got video stream 'https://v.redd.it/ar5k8892pid51/DASH_360' and audio stream 'https://v.redd.it/ar5k8892pid51/audio'
08-04 18:40:20.664  1732  3991 I art     : Starting a blocking GC Explicit
08-04 18:40:20.687  1732  1732 W RecyclerView: Cannot call this method in a scroll callback. Scroll callbacks mightbe run during a measure & layout pass where you cannot change theRecyclerView data. Any method call that might change the structureof the RecyclerView or the adapter contents should be postponed tothe next frame.
08-04 18:40:20.687  1732  1732 W RecyclerView: java.lang.IllegalStateException:  androidx.recyclerview.widget.RecyclerView{c1b3617 VFED..... .F....ID 0,0-1440,2140 #7f0900ef app:id/scrollbar_recyclerview_recyclerview}, adapter:baseline.org.quantumbadger.redreader.adapters.GroupedRecyclerViewAdapter@edb3a04, layout:androidx.recyclerview.widget.LinearLayoutManager@21d1bed, context:baseline.org.quantumbadger.redreader.activities.PostListingActivity@acbecc0
08-04 18:40:20.687  1732  1732 W RecyclerView: 	at androidx.recyclerview.widget.RecyclerView.assertNotInLayoutOrScroll(RecyclerView.java:3061)
08-04 18:40:20.687  1732  1732 W RecyclerView: 	at androidx.recyclerview.widget.RecyclerView$RecyclerViewDataObserver.onItemRangeInserted(RecyclerView.java:5555)
08-04 18:40:20.687  1732  1732 W RecyclerView: 	at androidx.recyclerview.widget.RecyclerView$AdapterDataObservable.notifyItemRangeInserted(RecyclerView.java:12278)
08-04 18:40:20.687  1732  1732 W RecyclerView: 	at androidx.recyclerview.widget.RecyclerView$Adapter.notifyItemInserted(RecyclerView.java:7464)
08-04 18:40:20.687  1732  1732 W RecyclerView: 	at baseline.org.quantumbadger.redreader.adapters.GroupedRecyclerViewAdapter.updateHiddenStatus(GroupedRecyclerViewAdapter.java:279)
08-04 18:40:20.687  1732  1732 W RecyclerView: 	at baseline.org.quantumbadger.redreader.adapters.RedditListingManager.setLoadingVisible(RedditListingManager.java:125)
08-04 18:40:20.687  1732  1732 W RecyclerView: 	at baseline.org.quantumbadger.redreader.fragments.PostListingFragment.onLoadMoreItemsCheck(PostListingFragment.java:465)
08-04 18:40:20.687  1732  1732 W RecyclerView: 	at baseline.org.quantumbadger.redreader.fragments.PostListingFragment.access$000(PostListingFragment.java:98)
08-04 18:40:20.687  1732  1732 W RecyclerView: 	at baseline.org.quantumbadger.redreader.fragments.PostListingFragment$2.onScrolled(PostListingFragment.java:215)
08-04 18:40:20.687  1732  1732 W RecyclerView: 	at androidx.recyclerview.widget.RecyclerView.dispatchOnScrolled(RecyclerView.java:5173)
08-04 18:40:20.687  1732  1732 W RecyclerView: 	at androidx.recyclerview.widget.RecyclerView.dispatchLayoutStep3(RecyclerView.java:4231)
08-04 18:40:20.687  1732  1732 W RecyclerView: 	at androidx.recyclerview.widget.RecyclerView.dispatchLayout(RecyclerView.java:3862)
08-04 18:40:20.687  1732  1732 W RecyclerView: 	at androidx.recyclerview.widget.RecyclerView.consumePendingUpdateOperations(RecyclerView.java:1897)
08-04 18:40:20.687  1732  1732 W RecyclerView: 	at androidx.recyclerview.widget.RecyclerView$1.run(RecyclerView.java:414)
08-04 18:40:20.687  1732  1732 W RecyclerView: 	at android.view.Choreographer$CallbackRecord.run(Choreographer.java:858)
08-04 18:40:20.687  1732  1732 W RecyclerView: 	at android.view.Choreographer.doCallbacks(Choreographer.java:670)
08-04 18:40:20.687  1732  1732 W RecyclerView: 	at android.view.Choreographer.doFrame(Choreographer.java:603)
08-04 18:40:20.687  1732  1732 W RecyclerView: 	at android.view.Choreographer$FrameDisplayEventReceiver.run(Choreographer.java:844)
08-04 18:40:20.687  1732  1732 W RecyclerView: 	at android.os.Handler.handleCallback(Handler.java:739)
08-04 18:40:20.687  1732  1732 W RecyclerView: 	at android.os.Handler.dispatchMessage(Handler.java:95)
08-04 18:40:20.687  1732  1732 W RecyclerView: 	at android.os.Looper.loop(Looper.java:148)
08-04 18:40:20.687  1732  1732 W RecyclerView: 	at android.app.ActivityThread.main(ActivityThread.java:5417)
08-04 18:40:20.687  1732  1732 W RecyclerView: 	at java.lang.reflect.Method.invoke(Native Method)
08-04 18:40:20.687  1732  1732 W RecyclerView: 	at com.android.internal.os.ZygoteInit$MethodAndArgsCaller.run(ZygoteInit.java:726)
08-04 18:40:20.687  1732  1732 W RecyclerView: 	at com.android.internal.os.ZygoteInit.main(ZygoteInit.java:616)
08-04 18:40:20.714  1732  3991 I art     : Explicit concurrent mark sweep GC freed 4967(672KB) AllocSpace objects, 14(796KB) LOS objects, 27% free, 43MB/59MB, paused 624us total 49.359ms
08-04 18:40:20.733  1732  3991 I art     : Starting a blocking GC Explicit
08-04 18:40:20.781  1732  3991 I art     : Explicit concurrent mark sweep GC freed 137(5KB) AllocSpace objects, 0(0B) LOS objects, 27% free, 43MB/59MB, paused 539us total 47.772ms
08-04 18:40:20.800  1732  3991 I art     : Starting a blocking GC Explicit
08-04 18:40:20.854  1732  3991 I art     : Explicit concurrent mark sweep GC freed 157(8KB) AllocSpace objects, 0(0B) LOS objects, 27% free, 43MB/59MB, paused 664us total 53.397ms
08-04 18:40:20.880  1732  3991 I art     : Starting a blocking GC Explicit
08-04 18:40:20.934  1732  3991 I art     : Explicit concurrent mark sweep GC freed 90(5KB) AllocSpace objects, 0(0B) LOS objects, 27% free, 43MB/59MB, paused 540us total 52.989ms
08-04 18:40:21.192 29955 29955 I ServiceManager: Waiting for service AtCmdFwd...
08-04 18:40:21.326  1732  3991 I art     : Starting a blocking GC Explicit
08-04 18:40:21.397  1732  5438 D OK      : calling: https://oauth.reddit.com/r/aww/hot/.json?after=t3_hz5odc
08-04 18:40:21.403  1732  3991 I art     : Explicit concurrent mark sweep GC freed 1603(93KB) AllocSpace objects, 1(20KB) LOS objects, 27% free, 43MB/59MB, paused 838us total 75.892ms
08-04 18:40:21.424  1732  3991 I art     : Starting a blocking GC Explicit
08-04 18:40:21.483  1732  3991 I art     : Explicit concurrent mark sweep GC freed 78(2976B) AllocSpace objects, 0(0B) LOS objects, 27% free, 43MB/59MB, paused 688us total 58.795ms
08-04 18:40:21.503  1732  3991 I art     : Starting a blocking GC Explicit
08-04 18:40:21.567  1732  3991 I art     : Explicit concurrent mark sweep GC freed 3(96B) AllocSpace objects, 0(0B) LOS objects, 27% free, 43MB/59MB, paused 717us total 63.520ms
08-04 18:40:21.590  1732  3991 I art     : Starting a blocking GC Explicit
08-04 18:40:21.645  1732  5438 I NAPPA_EXPERIMENTATION: MetricNetworkRequestExecutionTime: REQUEST_DURATION_SYSTEM='247',REQUEST_DURATION_OKHTTP='237',REQUEST_SYNCHRONOUS='TRUE',RESPONSE_CODE='200',RESPONSE_METHOD='GET',RESPONSE_LENGTH_OKHTTP='-1',RESPONSE_LENGTH_HEADER='30610',REQUEST_PROTOCOL='h2',REQUEST_URL='https://oauth.reddit.com/r/aww/hot/.json?after=t3_hz5odc',
08-04 18:40:21.645  1732  5438 D OK      : request got status: 200
08-04 18:40:21.648  1732  3991 I art     : Explicit concurrent mark sweep GC freed 356(30KB) AllocSpace objects, 0(0B) LOS objects, 27% free, 43MB/59MB, paused 736us total 57.744ms
08-04 18:40:21.662  1732  5423 I PostListingFragment: Precaching images: OFF
08-04 18:40:21.662  1732  5423 I PostListingFragment: Precaching comments: OFF
08-04 18:40:21.668  1732  3991 I art     : Starting a blocking GC Explicit
08-04 18:40:21.724  1732  3991 I art     : Explicit concurrent mark sweep GC freed 3797(242KB) AllocSpace objects, 5(340KB) LOS objects, 26% free, 44MB/60MB, paused 1.152ms total 55.398ms
08-04 18:40:21.770  1732  5423 I getImgurImageInfo: Image nLQR2hT: trying API v3 with auth
08-04 18:40:21.861  1732  5439 I RedditVideosAPI: For 'https://v.redd.it/ue0jdgk9zhd51/DASHPlaylist.mpd', got video stream 'https://v.redd.it/ue0jdgk9zhd51/DASH_360' and audio stream 'https://v.redd.it/ue0jdgk9zhd51/audio'
08-04 18:40:21.873  1732  5439 I RedditVideosAPI: For 'https://v.redd.it/syww111dtjd51/DASHPlaylist.mpd', got video stream 'https://v.redd.it/syww111dtjd51/DASH_480' and audio stream 'https://v.redd.it/syww111dtjd51/audio'
08-04 18:40:21.874  1732  5439 I RedditVideosAPI: For 'https://v.redd.it/pbqrrfb3tkd51/DASHPlaylist.mpd', got video stream 'https://v.redd.it/pbqrrfb3tkd51/DASH_480' and audio stream 'null'
08-04 18:40:21.875  1732  5439 I RedditVideosAPI: For 'https://v.redd.it/rrygsb8i4ld51/DASHPlaylist.mpd', got video stream 'https://v.redd.it/rrygsb8i4ld51/DASH_480' and audio stream 'https://v.redd.it/rrygsb8i4ld51/audio'
08-04 18:40:21.878  1732  5439 I RedditVideosAPI: For 'https://v.redd.it/5x6zzipz8ld51/DASHPlaylist.mpd', got video stream 'https://v.redd.it/5x6zzipz8ld51/DASH_480' and audio stream 'null'
08-04 18:40:21.879  1732  5439 I RedditVideosAPI: For 'https://v.redd.it/75en73fm5id51/DASHPlaylist.mpd', got video stream 'https://v.redd.it/75en73fm5id51/DASH_480' and audio stream 'https://v.redd.it/75en73fm5id51/audio'
08-04 18:40:21.880  1732  5439 I RedditVideosAPI: For 'https://v.redd.it/ggz4fyth6hd51/DASHPlaylist.mpd', got video stream 'https://v.redd.it/ggz4fyth6hd51/DASH_360' and audio stream 'null'
08-04 18:40:21.881  1732  5439 I RedditVideosAPI: For 'https://v.redd.it/psrknoobrgd51/DASHPlaylist.mpd', got video stream 'https://v.redd.it/psrknoobrgd51/DASH_480' and audio stream 'null'
08-04 18:40:21.882  1732  4364 I RedditVideosAPI: For 'https://v.redd.it/jk6cwef4wld51/DASHPlaylist.mpd', got video stream 'https://v.redd.it/jk6cwef4wld51/DASH_480' and audio stream 'null'
08-04 18:40:21.882  1732  5439 I RedditVideosAPI: For 'https://v.redd.it/t81s8zfz9ld51/DASHPlaylist.mpd', got video stream 'https://v.redd.it/t81s8zfz9ld51/DASH_480' and audio stream 'https://v.redd.it/t81s8zfz9ld51/audio'
08-04 18:40:21.883  1732  4364 I RedditVideosAPI: For 'https://v.redd.it/xd6c4yyutgd51/DASHPlaylist.mpd', got video stream 'https://v.redd.it/xd6c4yyutgd51/DASH_480' and audio stream 'null'
08-04 18:40:22.068  1732  1743 I art     : Starting a blocking GC Explicit
08-04 18:40:22.156  1732  1743 I art     : Explicit concurrent mark sweep GC freed 39882(2MB) AllocSpace objects, 93(5MB) LOS objects, 24% free, 48MB/64MB, paused 734us total 88.329ms
08-04 18:40:22.176  1732  1743 I art     : Starting a blocking GC Explicit
08-04 18:40:22.192 29955 29955 W Atfwd_Sendcmd: AtCmdFwd service not published, waiting... retryCnt : 4
08-04 18:40:22.233  1732  1743 I art     : Explicit concurrent mark sweep GC freed 2105(87KB) AllocSpace objects, 0(0B) LOS objects, 24% free, 48MB/64MB, paused 650us total 55.996ms
08-04 18:40:22.253  1732  1743 I art     : Starting a blocking GC Explicit
08-04 18:40:22.311  1732  1743 I art     : Explicit concurrent mark sweep GC freed 11(432B) AllocSpace objects, 0(0B) LOS objects, 24% free, 48MB/64MB, paused 627us total 58.385ms
08-04 18:40:22.332  1732  1743 I art     : Starting a blocking GC Explicit
08-04 18:40:22.393  1732  1743 I art     : Explicit concurrent mark sweep GC freed 3(96B) AllocSpace objects, 0(0B) LOS objects, 24% free, 48MB/64MB, paused 853us total 60.737ms
08-04 18:40:22.417  1732  1743 I art     : Starting a blocking GC Explicit
08-04 18:40:22.476  1732  1743 I art     : Explicit concurrent mark sweep GC freed 3(96B) AllocSpace objects, 0(0B) LOS objects, 24% free, 48MB/64MB, paused 646us total 58.580ms
08-04 18:40:22.848  1732  2227 I art     : Starting a blocking GC Explicit
08-04 18:40:22.922  1732  2227 I art     : Explicit concurrent mark sweep GC freed 1356(83KB) AllocSpace objects, 1(20KB) LOS objects, 24% free, 48MB/64MB, paused 613us total 73.530ms
08-04 18:40:22.944  1732  2227 I art     : Starting a blocking GC Explicit
08-04 18:40:23.003  1732  2227 I art     : Explicit concurrent mark sweep GC freed 20(704B) AllocSpace objects, 0(0B) LOS objects, 24% free, 48MB/64MB, paused 560us total 58.728ms
08-04 18:40:23.023  1732  2227 I art     : Starting a blocking GC Explicit
08-04 18:40:23.085  1732  2227 I art     : Explicit concurrent mark sweep GC freed 3(96B) AllocSpace objects, 0(0B) LOS objects, 24% free, 48MB/64MB, paused 686us total 62.164ms
08-04 18:40:23.108  1732  2227 I art     : Starting a blocking GC Explicit
08-04 18:40:23.168  1732  2227 I art     : Explicit concurrent mark sweep GC freed 3(96B) AllocSpace objects, 0(0B) LOS objects, 24% free, 48MB/64MB, paused 657us total 59.986ms
08-04 18:40:23.189  1732  2227 I art     : Starting a blocking GC Explicit
08-04 18:40:23.248  1732  2227 I art     : Explicit concurrent mark sweep GC freed 3(96B) AllocSpace objects, 0(0B) LOS objects, 24% free, 48MB/64MB, paused 666us total 59.198ms
08-04 18:40:23.643  1732  1744 I art     : Starting a blocking GC Explicit
08-04 18:40:23.713  1732  1744 I art     : Explicit concurrent mark sweep GC freed 1357(83KB) AllocSpace objects, 1(20KB) LOS objects, 24% free, 48MB/64MB, paused 603us total 69.612ms
08-04 18:40:23.735  1732  1744 I art     : Starting a blocking GC Explicit
08-04 18:40:23.795  1732  1744 I art     : Explicit concurrent mark sweep GC freed 20(704B) AllocSpace objects, 0(0B) LOS objects, 24% free, 48MB/64MB, paused 625us total 59.248ms
08-04 18:40:23.815  1732  1744 I art     : Starting a blocking GC Explicit
08-04 18:40:23.877  1732  1744 I art     : Explicit concurrent mark sweep GC freed 3(96B) AllocSpace objects, 0(0B) LOS objects, 24% free, 48MB/64MB, paused 685us total 62.127ms
08-04 18:40:23.901  1732  1744 I art     : Starting a blocking GC Explicit
08-04 18:40:23.961  1732  1744 I art     : Explicit concurrent mark sweep GC freed 3(96B) AllocSpace objects, 0(0B) LOS objects, 24% free, 48MB/64MB, paused 622us total 59.329ms
08-04 18:40:23.981  1732  1744 I art     : Starting a blocking GC Explicit
08-04 18:40:24.039  1732  1744 I art     : Explicit concurrent mark sweep GC freed 3(96B) AllocSpace objects, 0(0B) LOS objects, 24% free, 48MB/64MB, paused 643us total 57.347ms
08-04 18:40:24.393  1732  1966 I art     : Starting a blocking GC Explicit
08-04 18:40:24.459  1732  1966 I art     : Explicit concurrent mark sweep GC freed 1355(83KB) AllocSpace objects, 1(20KB) LOS objects, 24% free, 48MB/64MB, paused 669us total 65.567ms
08-04 18:40:24.479  1732  1966 I art     : Starting a blocking GC Explicit
08-04 18:40:24.533  1732  1966 I art     : Explicit concurrent mark sweep GC freed 20(704B) AllocSpace objects, 0(0B) LOS objects, 24% free, 48MB/64MB, paused 620us total 54.510ms
08-04 18:40:24.553  1732  1966 I art     : Starting a blocking GC Explicit
08-04 18:40:24.610  1732  1966 I art     : Explicit concurrent mark sweep GC freed 3(96B) AllocSpace objects, 0(0B) LOS objects, 24% free, 48MB/64MB, paused 615us total 56.276ms
08-04 18:40:24.629  1732  1966 I art     : Starting a blocking GC Explicit
08-04 18:40:24.684  1732  1966 I art     : Explicit concurrent mark sweep GC freed 3(96B) AllocSpace objects, 0(0B) LOS objects, 24% free, 48MB/64MB, paused 639us total 54.777ms
08-04 18:40:24.704  1732  1966 I art     : Starting a blocking GC Explicit
08-04 18:40:24.759  1732  1966 I art     : Explicit concurrent mark sweep GC freed 3(96B) AllocSpace objects, 0(0B) LOS objects, 24% free, 48MB/64MB, paused 663us total 54.690ms
08-04 18:40:24.763  5470  5470 D AndroidRuntime: >>>>>> START com.android.internal.os.RuntimeInit uid 2000 <<<<<<
08-04 18:40:24.770  5470  5470 D AndroidRuntime: CheckJNI is OFF
08-04 18:40:24.814  5470  5470 D ICU     : No timezone override file found: /data/misc/zoneinfo/current/icu/icu_tzdata.dat
08-04 18:40:24.860  5470  5470 I Radio-JNI: register_android_hardware_Radio DONE
08-04 18:40:24.890  5470  5470 D AndroidRuntime: Calling main entry com.android.commands.input.Input
08-04 18:40:24.893  5470  5470 I Input   : injectMotionEvent: MotionEvent { action=ACTION_DOWN, actionButton=0, id[0]=0, x[0]=1340.0, y[0]=1100.0, toolType[0]=TOOL_TYPE_UNKNOWN, buttonState=0, metaState=0, flags=0x0, edgeFlags=0x0, pointerCount=1, historySize=0, eventTime=729641305, downTime=729641305, deviceId=0, source=0x1002 }
08-04 18:40:24.902  5470  5470 I Input   : injectMotionEvent: MotionEvent { action=ACTION_UP, actionButton=0, id[0]=0, x[0]=1340.0, y[0]=1100.0, toolType[0]=TOOL_TYPE_UNKNOWN, buttonState=0, metaState=0, flags=0x0, edgeFlags=0x0, pointerCount=1, historySize=0, eventTime=729641305, downTime=729641305, deviceId=0, source=0x1002 }
08-04 18:40:24.911  5470  5470 D AndroidRuntime: Shutting down VM
08-04 18:40:24.925   512  2967 D audio_hw_primary: out_set_parameters: enter: usecase(1: low-latency-playback) kvpairs: routing=2
08-04 18:40:24.926   918   929 I ActivityManager: START u0 {dat=https://oauth.reddit.com/... cmp=baseline.org.quantumbadger.redreader/.activities.CommentListingActivity} from uid 10666 on display 0
08-04 18:40:24.938   512  2967 D audio_hw_primary: select_devices: out_snd_device(2: speaker) in_snd_device(0: none)
08-04 18:40:24.938   512  2967 D msm8974_platform: platform_send_audio_calibration: sending audio calibration for snd_device(2) acdb_id(15)
08-04 18:40:24.938   512  2967 I soundtrigger: audio_extn_sound_trigger_update_device_status: device 0x2 of type 0 for Event 1
08-04 18:40:24.953   512  2967 D audio_hw_primary: enable_snd_device: snd_device(2: speaker)
08-04 18:40:24.956   512  2967 D audio_hw_primary: enable_audio_route: apply and update mixer path: low-latency-playback speaker
08-04 18:40:24.959  1732  1732 I AppCompatViewInflater: app:theme is now deprecated. Please move to using android:theme instead.
08-04 18:40:24.978  1732  5423 I CommentListingActivity: COMMENTS session changed to caf9eb32-52ad-4bac-a9fc-6103bd9d27cf
08-04 18:40:25.074   918   936 I ActivityManager: Displayed baseline.org.quantumbadger.redreader/.activities.CommentListingActivity: +136ms
08-04 18:40:25.080 13866 13866 I GoogleInputMethodServic: GoogleInputMethodService.onFinishInput():3138 
08-04 18:40:25.081 13866 13866 I GoogleInputMethodServic: GoogleInputMethodService.onStartInput():1808 
08-04 18:40:25.098  1732  2227 I art     : Starting a blocking GC Explicit
08-04 18:40:25.190  1732  2227 I art     : Explicit concurrent mark sweep GC freed 30664(1702KB) AllocSpace objects, 1(20KB) LOS objects, 24% free, 50MB/66MB, paused 865us total 92.042ms
08-04 18:40:25.212  1732  2227 I art     : Starting a blocking GC Explicit
08-04 18:40:25.282  1732  2227 I art     : Explicit concurrent mark sweep GC freed 21279(1154KB) AllocSpace objects, 53(10MB) LOS objects, 28% free, 39MB/55MB, paused 662us total 70.067ms
08-04 18:40:25.304  1732  2227 I art     : Starting a blocking GC Explicit
08-04 18:40:25.334   380   380 W SurfaceFlinger: couldn't log to binary event log: overflow.
08-04 18:40:25.367  1732  2227 I art     : Explicit concurrent mark sweep GC freed 78(3KB) AllocSpace objects, 0(0B) LOS objects, 28% free, 39MB/55MB, paused 492us total 62.982ms
08-04 18:40:25.386  1732  2227 I art     : Starting a blocking GC Explicit
08-04 18:40:25.446  1732  5421 I RedditChangeDataIO: Writing tmp data file at '/data/user/0/baseline.org.quantumbadger.redreader/files/rr_change_data_tmp.dat'
08-04 18:40:25.446  1732  5421 I RedditChangeDataManager: Taking snapshot...
08-04 18:40:25.446  1732  2227 I art     : Explicit concurrent mark sweep GC freed 3(96B) AllocSpace objects, 0(0B) LOS objects, 28% free, 39MB/55MB, paused 559us total 59.732ms
08-04 18:40:25.446  1732  5421 I RedditChangeDataManager: Writing to stream...
08-04 18:40:25.447  1732  5421 I RedditChangeDataManager: Wrote 6 entries for user ''
08-04 18:40:25.447  1732  5421 I RedditChangeDataManager: All entries written to stream.
08-04 18:40:25.447  1732  5421 I RedditChangeDataIO: Write successful. Atomically replacing data file...
08-04 18:40:25.447  1732  5421 I RedditChangeDataIO: Write complete.
08-04 18:40:25.448  1732  5421 I RedditChangeDataIO: 158 bytes written in 2 ms
08-04 18:40:25.469  1732  2227 I art     : Starting a blocking GC Explicit
08-04 18:40:25.488   512  2967 D audio_hw_primary: disable_audio_route: reset and update mixer path: low-latency-playback speaker
08-04 18:40:25.489   512  2967 D audio_hw_primary: disable_snd_device: snd_device(2: speaker)
08-04 18:40:25.497   512  2967 I soundtrigger: audio_extn_sound_trigger_update_device_status: device 0x2 of type 0 for Event 0
08-04 18:40:25.530  1732  2227 I art     : Explicit concurrent mark sweep GC freed 237(10KB) AllocSpace objects, 1(68KB) LOS objects, 28% free, 39MB/55MB, paused 519us total 60.721ms
08-04 18:40:25.880  1732  1743 I art     : Starting a blocking GC Explicit
08-04 18:40:25.945  1732  1743 I art     : Explicit concurrent mark sweep GC freed 1362(83KB) AllocSpace objects, 1(20KB) LOS objects, 28% free, 39MB/55MB, paused 503us total 64.463ms
08-04 18:40:25.966  1732  1743 I art     : Starting a blocking GC Explicit
08-04 18:40:26.027  1732  1743 I art     : Explicit concurrent mark sweep GC freed 20(704B) AllocSpace objects, 0(0B) LOS objects, 28% free, 39MB/55MB, paused 496us total 60.234ms
08-04 18:40:26.047  1732  1743 I art     : Starting a blocking GC Explicit
08-04 18:40:26.054   918  3261 D WifiStateMachine: starting scan for "H369AA63323"WPA_PSK with 2412,5180
08-04 18:40:26.108  1732  1743 I art     : Explicit concurrent mark sweep GC freed 3(96B) AllocSpace objects, 0(0B) LOS objects, 28% free, 39MB/55MB, paused 553us total 60.828ms
08-04 18:40:26.130  1732  1743 I art     : Starting a blocking GC Explicit
08-04 18:40:26.190  1732  1743 I art     : Explicit concurrent mark sweep GC freed 49(1920B) AllocSpace objects, 0(0B) LOS objects, 28% free, 39MB/55MB, paused 529us total 60.033ms
08-04 18:40:26.211  1732  1743 I art     : Starting a blocking GC Explicit
08-04 18:40:26.276  1732  1743 I art     : Explicit concurrent mark sweep GC freed 3(96B) AllocSpace objects, 0(0B) LOS objects, 28% free, 39MB/55MB, paused 521us total 63.964ms
08-04 18:40:26.635  1732  3991 I art     : Starting a blocking GC Explicit
08-04 18:40:26.720  1732  3991 I art     : Explicit concurrent mark sweep GC freed 1357(83KB) AllocSpace objects, 1(20KB) LOS objects, 28% free, 39MB/55MB, paused 630us total 85.362ms
08-04 18:40:26.745  1732  3991 I art     : Starting a blocking GC Explicit
08-04 18:40:26.816  1732  3991 I art     : Explicit concurrent mark sweep GC freed 49(2176B) AllocSpace objects, 0(0B) LOS objects, 28% free, 39MB/55MB, paused 514us total 70.840ms
08-04 18:40:26.838  1732  3991 I art     : Starting a blocking GC Explicit
08-04 18:40:26.907  1732  3991 I art     : Explicit concurrent mark sweep GC freed 249(42KB) AllocSpace objects, 0(0B) LOS objects, 28% free, 39MB/55MB, paused 589us total 69.697ms
08-04 18:40:26.929  1732  3991 I art     : Starting a blocking GC Explicit
08-04 18:40:27.005  1732  3991 I art     : Explicit concurrent mark sweep GC freed 68(2272B) AllocSpace objects, 0(0B) LOS objects, 28% free, 39MB/55MB, paused 557us total 75.796ms
08-04 18:40:27.029  1732  3991 I art     : Starting a blocking GC Explicit
08-04 18:40:27.100  1732  3991 I art     : Explicit concurrent mark sweep GC freed 3(96B) AllocSpace objects, 0(0B) LOS objects, 28% free, 39MB/55MB, paused 483us total 70.759ms
08-04 18:40:27.484  1732  2227 I art     : Starting a blocking GC Explicit
08-04 18:40:27.567  1732  2227 I art     : Explicit concurrent mark sweep GC freed 1354(82KB) AllocSpace objects, 1(20KB) LOS objects, 28% free, 39MB/55MB, paused 561us total 82.521ms
08-04 18:40:27.590  1732  2227 I art     : Starting a blocking GC Explicit
08-04 18:40:27.662  1732  2227 I art     : Explicit concurrent mark sweep GC freed 20(704B) AllocSpace objects, 0(0B) LOS objects, 28% free, 39MB/55MB, paused 511us total 71.502ms
08-04 18:40:27.684  1732  2227 I art     : Starting a blocking GC Explicit
08-04 18:40:27.754  1732  2227 I art     : Explicit concurrent mark sweep GC freed 3(96B) AllocSpace objects, 0(0B) LOS objects, 28% free, 39MB/55MB, paused 517us total 70.193ms
08-04 18:40:27.776  1732  2227 I art     : Starting a blocking GC Explicit
08-04 18:40:27.853  1732  2227 I art     : Explicit concurrent mark sweep GC freed 3(96B) AllocSpace objects, 0(0B) LOS objects, 28% free, 39MB/55MB, paused 534us total 77.365ms
08-04 18:40:27.877  1732  2227 I art     : Starting a blocking GC Explicit
08-04 18:40:27.951  1732  2227 I art     : Explicit concurrent mark sweep GC freed 3(96B) AllocSpace objects, 0(0B) LOS objects, 28% free, 39MB/55MB, paused 552us total 73.538ms
08-04 18:40:28.330  1732  1744 I art     : Starting a blocking GC Explicit
08-04 18:40:28.416  1732  1744 I art     : Explicit concurrent mark sweep GC freed 1354(82KB) AllocSpace objects, 1(20KB) LOS objects, 28% free, 39MB/55MB, paused 583us total 85.126ms
08-04 18:40:28.440  1732  1744 I art     : Starting a blocking GC Explicit
08-04 18:40:28.509  1732  1744 I art     : Explicit concurrent mark sweep GC freed 20(704B) AllocSpace objects, 0(0B) LOS objects, 28% free, 39MB/55MB, paused 533us total 68.581ms
08-04 18:40:28.531  1732  1744 I art     : Starting a blocking GC Explicit
08-04 18:40:28.603  1732  1744 I art     : Explicit concurrent mark sweep GC freed 3(96B) AllocSpace objects, 0(0B) LOS objects, 28% free, 39MB/55MB, paused 495us total 72.008ms
08-04 18:40:28.624  1732  1744 I art     : Starting a blocking GC Explicit
08-04 18:40:28.697  1732  1744 I art     : Explicit concurrent mark sweep GC freed 3(96B) AllocSpace objects, 0(0B) LOS objects, 28% free, 39MB/55MB, paused 511us total 72.324ms
08-04 18:40:28.719  1732  1744 I art     : Starting a blocking GC Explicit
08-04 18:40:28.788  1732  1744 I art     : Explicit concurrent mark sweep GC freed 3(96B) AllocSpace objects, 0(0B) LOS objects, 28% free, 39MB/55MB, paused 559us total 69.214ms
08-04 18:40:29.155  1732  1966 I art     : Starting a blocking GC Explicit
08-04 18:40:29.220  1732  1966 I art     : Explicit concurrent mark sweep GC freed 1354(82KB) AllocSpace objects, 1(20KB) LOS objects, 28% free, 39MB/55MB, paused 533us total 65.030ms
08-04 18:40:29.241  1732  1966 I art     : Starting a blocking GC Explicit
08-04 18:40:29.304  1732  1966 I art     : Explicit concurrent mark sweep GC freed 20(704B) AllocSpace objects, 0(0B) LOS objects, 28% free, 39MB/55MB, paused 530us total 62.801ms
08-04 18:40:29.325  1732  1966 I art     : Starting a blocking GC Explicit
08-04 18:40:29.390  1732  1966 I art     : Explicit concurrent mark sweep GC freed 3(96B) AllocSpace objects, 0(0B) LOS objects, 28% free, 39MB/55MB, paused 536us total 64.903ms
08-04 18:40:29.412  1732  1966 I art     : Starting a blocking GC Explicit
08-04 18:40:29.479  1732  1966 I art     : Explicit concurrent mark sweep GC freed 3(96B) AllocSpace objects, 0(0B) LOS objects, 28% free, 39MB/55MB, paused 527us total 66.416ms
08-04 18:40:29.500  1732  1966 I art     : Starting a blocking GC Explicit
08-04 18:40:29.569  1732  1966 I art     : Explicit concurrent mark sweep GC freed 3(96B) AllocSpace objects, 0(0B) LOS objects, 28% free, 39MB/55MB, paused 527us total 68.778ms
08-04 18:40:29.722  5556  5556 D AndroidRuntime: >>>>>> START com.android.internal.os.RuntimeInit uid 2000 <<<<<<
08-04 18:40:29.729  5556  5556 D AndroidRuntime: CheckJNI is OFF
08-04 18:40:29.771  5556  5556 D ICU     : No timezone override file found: /data/misc/zoneinfo/current/icu/icu_tzdata.dat
08-04 18:40:29.813  5556  5556 I Radio-JNI: register_android_hardware_Radio DONE
08-04 18:40:29.843  5556  5556 D AndroidRuntime: Calling main entry com.android.commands.input.Input
08-04 18:40:29.844  5556  5556 I Input   : injectKeyEvent: KeyEvent { action=ACTION_DOWN, keyCode=KEYCODE_BACK, scanCode=0, metaState=0, flags=0x0, repeatCount=0, eventTime=729646257, downTime=729646257, deviceId=-1, source=0x101 }
08-04 18:40:29.849  5556  5556 I Input   : injectKeyEvent: KeyEvent { action=ACTION_UP, keyCode=KEYCODE_BACK, scanCode=0, metaState=0, flags=0x0, repeatCount=0, eventTime=729646257, downTime=729646257, deviceId=-1, source=0x101 }
08-04 18:40:29.856  5556  5556 D AndroidRuntime: Shutting down VM
08-04 18:40:29.899 13866 13866 I GoogleInputMethodServic: GoogleInputMethodService.onFinishInput():3138 
08-04 18:40:29.899 13866 13866 I GoogleInputMethodServic: GoogleInputMethodService.onStartInput():1808 
08-04 18:40:29.913  1732  1966 I art     : Starting a blocking GC Explicit
08-04 18:40:29.979  1732  1966 I art     : Explicit concurrent mark sweep GC freed 1610(91KB) AllocSpace objects, 1(20KB) LOS objects, 28% free, 39MB/55MB, paused 491us total 65.513ms
08-04 18:40:29.998  1732  1966 I art     : Starting a blocking GC Explicit
08-04 18:40:30.054  1732  1966 I art     : Explicit concurrent mark sweep GC freed 35(1232B) AllocSpace objects, 0(0B) LOS objects, 28% free, 39MB/55MB, paused 451us total 55.289ms
08-04 18:40:30.075  1732  1966 I art     : Starting a blocking GC Explicit
08-04 18:40:30.152  1732  1966 I art     : Explicit concurrent mark sweep GC freed 3(96B) AllocSpace objects, 0(0B) LOS objects, 28% free, 39MB/55MB, paused 492us total 76.742ms
08-04 18:40:30.177  1732  1966 I art     : Starting a blocking GC Explicit
08-04 18:40:30.206   380   380 W SurfaceFlinger: couldn't log to binary event log: overflow.
08-04 18:40:30.239  1732  1966 I art     : Explicit concurrent mark sweep GC freed 60(2208B) AllocSpace objects, 0(0B) LOS objects, 28% free, 39MB/55MB, paused 509us total 61.817ms
08-04 18:40:30.260  1732  1966 I art     : Starting a blocking GC Explicit
08-04 18:40:30.321  1732  1966 I art     : Explicit concurrent mark sweep GC freed 12(480B) AllocSpace objects, 0(0B) LOS objects, 28% free, 39MB/55MB, paused 528us total 61.272ms
08-04 18:40:30.673  1732  2227 I art     : Starting a blocking GC Explicit
08-04 18:40:30.745  1732  2227 I art     : Explicit concurrent mark sweep GC freed 42741(2MB) AllocSpace objects, 6(160KB) LOS objects, 29% free, 37MB/53MB, paused 525us total 71.245ms
08-04 18:40:30.765  1732  2227 I art     : Starting a blocking GC Explicit
08-04 18:40:30.815  1732  2227 I art     : Explicit concurrent mark sweep GC freed 20(704B) AllocSpace objects, 0(0B) LOS objects, 29% free, 37MB/53MB, paused 490us total 49.492ms
08-04 18:40:30.834  1732  2227 I art     : Starting a blocking GC Explicit
08-04 18:40:30.883  1732  2227 I art     : Explicit concurrent mark sweep GC freed 3(96B) AllocSpace objects, 0(0B) LOS objects, 29% free, 37MB/53MB, paused 492us total 48.531ms
08-04 18:40:30.902  1732  2227 I art     : Starting a blocking GC Explicit
08-04 18:40:30.952  1732  2227 I art     : Explicit concurrent mark sweep GC freed 3(96B) AllocSpace objects, 0(0B) LOS objects, 29% free, 37MB/53MB, paused 476us total 49.336ms
08-04 18:40:30.952  1732  1742 I art     : WaitForGcToComplete blocked for 6.997ms for cause HeapTrim
08-04 18:40:30.971  1732  2227 I art     : Starting a blocking GC Explicit
08-04 18:40:31.020  1732  2227 I art     : Explicit concurrent mark sweep GC freed 3(96B) AllocSpace objects, 0(0B) LOS objects, 29% free, 37MB/53MB, paused 509us total 48.766ms
08-04 18:40:31.354  1732  3991 I art     : Starting a blocking GC Explicit
08-04 18:40:31.414  1732  3991 I art     : Explicit concurrent mark sweep GC freed 1354(82KB) AllocSpace objects, 1(20KB) LOS objects, 29% free, 37MB/53MB, paused 579us total 59.615ms
08-04 18:40:31.435  1732  3991 I art     : Starting a blocking GC Explicit
08-04 18:40:31.488  1732  3991 I art     : Explicit concurrent mark sweep GC freed 20(704B) AllocSpace objects, 0(0B) LOS objects, 29% free, 37MB/53MB, paused 541us total 52.184ms
08-04 18:40:31.507  1732  3991 I art     : Starting a blocking GC Explicit
08-04 18:40:31.559  1732  3991 I art     : Explicit concurrent mark sweep GC freed 3(96B) AllocSpace objects, 0(0B) LOS objects, 29% free, 37MB/53MB, paused 504us total 51.511ms
08-04 18:40:31.578  1732  3991 I art     : Starting a blocking GC Explicit
08-04 18:40:31.629  1732  3991 I art     : Explicit concurrent mark sweep GC freed 3(96B) AllocSpace objects, 0(0B) LOS objects, 29% free, 37MB/53MB, paused 530us total 51.258ms
08-04 18:40:31.648  1732  3991 I art     : Starting a blocking GC Explicit
08-04 18:40:31.657  5589  5589 D AndroidRuntime: >>>>>> START com.android.internal.os.RuntimeInit uid 2000 <<<<<<
08-04 18:40:31.663  5589  5589 D AndroidRuntime: CheckJNI is OFF
08-04 18:40:31.697  1732  3991 I art     : Explicit concurrent mark sweep GC freed 3(96B) AllocSpace objects, 0(0B) LOS objects, 29% free, 37MB/53MB, paused 488us total 48.211ms
08-04 18:40:31.708  5589  5589 D ICU     : No timezone override file found: /data/misc/zoneinfo/current/icu/icu_tzdata.dat
08-04 18:40:31.754  5589  5589 I Radio-JNI: register_android_hardware_Radio DONE
08-04 18:40:31.783  5589  5589 D AndroidRuntime: Calling main entry com.android.commands.input.Input
08-04 18:40:31.785  5589  5589 I Input   : injectKeyEvent: KeyEvent { action=ACTION_DOWN, keyCode=KEYCODE_BACK, scanCode=0, metaState=0, flags=0x0, repeatCount=0, eventTime=729648198, downTime=729648198, deviceId=-1, source=0x101 }
08-04 18:40:31.791  5589  5589 I Input   : injectKeyEvent: KeyEvent { action=ACTION_UP, keyCode=KEYCODE_BACK, scanCode=0, metaState=0, flags=0x0, repeatCount=0, eventTime=729648198, downTime=729648198, deviceId=-1, source=0x101 }
08-04 18:40:31.800  5589  5589 D AndroidRuntime: Shutting down VM
08-04 18:40:31.834 13866 13866 I GoogleInputMethodServic: GoogleInputMethodService.onFinishInput():3138 
08-04 18:40:31.834 13866 13866 I GoogleInputMethodServic: GoogleInputMethodService.onStartInput():1808 
08-04 18:40:32.009  1732  2227 I art     : Starting a blocking GC Explicit
08-04 18:40:32.068  1732  2227 I art     : Explicit concurrent mark sweep GC freed 1533(88KB) AllocSpace objects, 1(20KB) LOS objects, 29% free, 37MB/53MB, paused 571us total 58.617ms
08-04 18:40:32.088  1732  2227 I art     : Starting a blocking GC Explicit
08-04 18:40:32.137  1732  2227 I art     : Explicit concurrent mark sweep GC freed 59(2032B) AllocSpace objects, 0(0B) LOS objects, 29% free, 37MB/53MB, paused 518us total 49.490ms
08-04 18:40:32.156  1732  2227 I art     : Starting a blocking GC Explicit
08-04 18:40:32.202  1732  2227 I art     : Explicit concurrent mark sweep GC freed 23(992B) AllocSpace objects, 0(0B) LOS objects, 29% free, 37MB/53MB, paused 521us total 45.357ms
08-04 18:40:32.221  1732  2227 I art     : Starting a blocking GC Explicit
08-04 18:40:32.270  1732  2227 I art     : Explicit concurrent mark sweep GC freed 133(6KB) AllocSpace objects, 0(0B) LOS objects, 29% free, 37MB/53MB, paused 556us total 49.452ms
08-04 18:40:32.289  1732  2227 I art     : Starting a blocking GC Explicit
08-04 18:40:32.340  1732  2227 I art     : Explicit concurrent mark sweep GC freed 3(96B) AllocSpace objects, 0(0B) LOS objects, 29% free, 37MB/53MB, paused 531us total 50.142ms
08-04 18:40:32.679  1732  3991 I art     : Starting a blocking GC Explicit
08-04 18:40:32.745  1732  3991 I art     : Explicit concurrent mark sweep GC freed 1354(82KB) AllocSpace objects, 1(20KB) LOS objects, 29% free, 37MB/53MB, paused 613us total 65.667ms
08-04 18:40:32.766  1732  3991 I art     : Starting a blocking GC Explicit
08-04 18:40:32.816  1732  3991 I art     : Explicit concurrent mark sweep GC freed 20(704B) AllocSpace objects, 0(0B) LOS objects, 29% free, 37MB/53MB, paused 536us total 49.392ms
08-04 18:40:32.835  1732  3991 I art     : Starting a blocking GC Explicit
08-04 18:40:32.883  1732  3991 I art     : Explicit concurrent mark sweep GC freed 3(96B) AllocSpace objects, 0(0B) LOS objects, 29% free, 37MB/53MB, paused 634us total 48.382ms
08-04 18:40:32.903  1732  3991 I art     : Starting a blocking GC Explicit
08-04 18:40:32.951  1732  3991 I art     : Explicit concurrent mark sweep GC freed 3(96B) AllocSpace objects, 0(0B) LOS objects, 29% free, 37MB/53MB, paused 523us total 47.895ms
08-04 18:40:32.970  1732  3991 I art     : Starting a blocking GC Explicit
08-04 18:40:33.020  1732  3991 I art     : Explicit concurrent mark sweep GC freed 3(96B) AllocSpace objects, 0(0B) LOS objects, 29% free, 37MB/53MB, paused 530us total 49.341ms
08-04 18:40:33.343  1732  1743 I art     : Starting a blocking GC Explicit
08-04 18:40:33.399  1732  1743 I art     : Explicit concurrent mark sweep GC freed 1354(82KB) AllocSpace objects, 1(20KB) LOS objects, 29% free, 37MB/53MB, paused 572us total 55.485ms
08-04 18:40:33.418  1732  1743 I art     : Starting a blocking GC Explicit
08-04 18:40:33.470  1732  1743 I art     : Explicit concurrent mark sweep GC freed 20(704B) AllocSpace objects, 0(0B) LOS objects, 29% free, 37MB/53MB, paused 585us total 51.778ms
08-04 18:40:33.489  1732  1743 I art     : Starting a blocking GC Explicit
08-04 18:40:33.540  1732  1743 I art     : Explicit concurrent mark sweep GC freed 3(96B) AllocSpace objects, 0(0B) LOS objects, 29% free, 37MB/53MB, paused 572us total 49.873ms
08-04 18:40:33.559  1732  1743 I art     : Starting a blocking GC Explicit
08-04 18:40:33.611  1732  1743 I art     : Explicit concurrent mark sweep GC freed 3(96B) AllocSpace objects, 0(0B) LOS objects, 29% free, 37MB/53MB, paused 575us total 52.087ms
08-04 18:40:33.630  1732  1743 I art     : Starting a blocking GC Explicit
08-04 18:40:33.656  5637  5637 D AndroidRuntime: >>>>>> START com.android.internal.os.RuntimeInit uid 2000 <<<<<<
08-04 18:40:33.661  5637  5637 D AndroidRuntime: CheckJNI is OFF
08-04 18:40:33.681  1732  1743 I art     : Explicit concurrent mark sweep GC freed 3(96B) AllocSpace objects, 0(0B) LOS objects, 29% free, 37MB/53MB, paused 551us total 50.733ms
08-04 18:40:33.710  5637  5637 D ICU     : No timezone override file found: /data/misc/zoneinfo/current/icu/icu_tzdata.dat
08-04 18:40:33.757  5637  5637 I Radio-JNI: register_android_hardware_Radio DONE
08-04 18:40:33.785  5637  5637 D AndroidRuntime: Calling main entry com.android.commands.am.Am
08-04 18:40:33.794  8245  8245 I Trepn   : Trepn 6.2s: Received intent: com.quicinc.trepn.stop_profiling
08-04 18:40:33.850  8245  8245 I Trepn   : Trepn 6.2s: Trepn has Stopped Profiling.
08-04 18:40:33.975  5637  5637 D AndroidRuntime: Shutting down VM
08-04 18:40:33.981   918  6111 W AppOps  : Finishing op nesting under-run: uid 10078 pkg com.quicinc.trepn code 24 time=0 duration=0 nesting=0
08-04 18:40:34.025  1732  1744 I art     : Starting a blocking GC Explicit
08-04 18:40:34.071  1732  1744 I art     : Explicit concurrent mark sweep GC freed 1354(82KB) AllocSpace objects, 1(20KB) LOS objects, 29% free, 37MB/53MB, paused 530us total 45.693ms
08-04 18:40:34.090  1732  1744 I art     : Starting a blocking GC Explicit
08-04 18:40:34.149  1732  1744 I art     : Explicit concurrent mark sweep GC freed 20(704B) AllocSpace objects, 0(0B) LOS objects, 29% free, 37MB/53MB, paused 645us total 57.942ms
08-04 18:40:34.170  1732  1744 I art     : Starting a blocking GC Explicit
08-04 18:40:34.223  1732  1744 I art     : Explicit concurrent mark sweep GC freed 3(96B) AllocSpace objects, 0(0B) LOS objects, 29% free, 37MB/53MB, paused 525us total 52.616ms
08-04 18:40:34.243  1732  1744 I art     : Starting a blocking GC Explicit
08-04 18:40:34.291  1732  1744 I art     : Explicit concurrent mark sweep GC freed 3(96B) AllocSpace objects, 0(0B) LOS objects, 29% free, 37MB/53MB, paused 485us total 48.354ms
08-04 18:40:34.310  1732  1744 I art     : Starting a blocking GC Explicit
08-04 18:40:34.358  1732  1744 I art     : Explicit concurrent mark sweep GC freed 3(96B) AllocSpace objects, 0(0B) LOS objects, 29% free, 37MB/53MB, paused 477us total 47.188ms
08-04 18:40:34.817   918 13198 D NetlinkSocketObserver: NeighborEvent{elapsedMs=1713038691, 192.168.2.254, [7C3953A63323], RTM_NEWNEIGH, NUD_PROBE}
