--------- beginning of main
08-04 11:36:34.148  3784  3784 D CarrierServiceBindHelper: Receive action: android.intent.action.PACKAGE_REMOVED
08-04 11:36:34.169   918   930 W ResourceType: ResTable_typeSpec entry count inconsistent: given 37, previously 42
08-04 11:36:34.169   918   930 W ResourceType: ResTable_typeSpec entry count inconsistent: given 2527, previously 2530
08-04 11:36:34.169   918   930 W ResourceType: ResTable_typeSpec entry count inconsistent: given 2542, previously 2545
08-04 11:36:34.170   918   930 W ResourceType: ResTable_typeSpec entry count inconsistent: given 303, previously 1691
08-04 11:36:34.180 24365 25417 I Fitness : FitCleanupIntentOperation received Intent android.intent.action.PACKAGE_REMOVED [CONTEXT service_id=17 ]
08-04 11:36:34.181 32231 32231 I Finsky  : [1] uah.a(18): PackageMonitorReceiverImpl - Received: android.intent.action.PACKAGE_REMOVED, [ocpw8ddNLhG67i_cxGNvtEQwqY1k5QNC_my-vN553D4]
08-04 11:36:34.182 32231 32231 I Finsky  : [1] ubi.d(9): Invalidating cached PackageState for baseline.org.quantumbadger.redreader
08-04 11:36:34.185   918  3670 I AccountManagerService: getTypesVisibleToCaller: isPermitted? true
08-04 11:36:34.185 32231 32231 I Finsky  : [1] lzi.c(2): Frosting ID looked up on UI thread. Caller should move to a background thread.
08-04 11:36:34.189 32231 32231 I Finsky  : [1] nqb.c(3): Installer: package baseline.org.quantumbadger.redreader was removed. replacing: true
08-04 11:36:34.190 32231 32231 I Finsky  : [1] nra.a(188): Installer: Notifying status update. package=baseline.org.quantumbadger.redreader, status=UNINSTALLED
08-04 11:36:34.202 32231 32231 I Finsky  : [1] lzi.c(2): Frosting ID looked up on UI thread. Caller should move to a background thread.
08-04 11:36:34.207 32231 25426 I Finsky  : [5844] ejf.a(-1): Cancelled 0 ongoing asset module downloads for package baseline.org.quantumbadger.redreader due to a concurrent app update.
08-04 11:36:34.216  3784  3784 D CarrierServiceBindHelper: Receive action: android.intent.action.PACKAGE_ADDED
08-04 11:36:34.217  3784  3784 D CarrierServiceBindHelper: Receive action: android.intent.action.PACKAGE_REPLACED
08-04 11:36:34.218  3784  3784 D CarrierServiceBindHelper: mHandler: 3
08-04 11:36:34.218  3784  3784 D CarrierServiceBindHelper: mHandler: 3
08-04 11:36:34.218  3784  3784 D CarrierServiceBindHelper: mHandler: 3
08-04 11:36:34.218  3784  3784 D CarrierConfigLoader: mHandler: 9 phoneId: 0
08-04 11:36:34.221 32231 32231 I Finsky  : [1] nra.a(220): Installer: found apps to install. isMultiUserMode=false, apps=[]
08-04 11:36:34.236 32231 32350 I Finsky  : [5755] odj.b(52): IQ: Notifying installation update. package=baseline.org.quantumbadger.redreader, status=UNINSTALLED
08-04 11:36:34.251 24577 25425 I Auth    : [SupervisedAccountIntentOperation] onHandleIntent(): android.intent.action.PACKAGE_ADDED
08-04 11:36:34.254 32231 25418 I Finsky  : [5842] lyv.run(-1): Wrote row to frosting DB: 2232
08-04 11:36:34.254 24577 25413 I ChromeSync: [Sync,SyncIntentOperation] Handling the intent: Intent { act=android.intent.action.PACKAGE_ADDED dat=package:baseline.org.quantumbadger.redreader flg=0x4000010 cmp=com.google.android.gms/.chimera.GmsIntentOperationService (has extras) }.
--------- beginning of system
08-04 11:36:34.269   918  3961 W ActivityManager: Unable to start service Intent { act=com.google.android.gms.auth.key.retrieval.service.START pkg=com.google.android.gms } U=0: not found
08-04 11:36:34.272   918  6111 W ActivityManager: Unbind failed: could not find connection for android.os.BinderProxy@2e5f608
08-04 11:36:34.272 24577 24621 E GmsClient: unable to connect to service: com.google.android.gms.auth.key.retrieval.service.START on com.google.android.gms
08-04 11:36:34.283 32231 32350 I Finsky  : [5755] odj.b(40): IQ: No matching installs to run for jobs: []
08-04 11:36:34.287 32231 25418 I Finsky  : [5842] lyv.run(-1): Wrote row to frosting DB: 2233
08-04 11:36:34.289   918  3714 I AccountManagerService: getTypesVisibleToCaller: isPermitted? true
08-04 11:36:34.289 24577 25413 I ChromeSync: [Persistence,AffiliationManager] One of affiliation or grouping data for android://bz0hZa4nAJEtd0n5sRlXG7KAqctUMWVefv7Ki4mh1p6slZ9YO-n9gS9j8m9YCrsIyI2wIxrDHraumF9Y6pBLTA==@baseline.org.quantumbadger.redreader/ was not found. Marking affiliation data as stale...
08-04 11:36:34.308 32231 32231 I Finsky  : [1] uah.a(18): PackageMonitorReceiverImpl - Received: android.intent.action.PACKAGE_ADDED, [ocpw8ddNLhG67i_cxGNvtEQwqY1k5QNC_my-vN553D4]
08-04 11:36:34.308 32231 32231 I Finsky  : [1] ubi.d(9): Invalidating cached PackageState for baseline.org.quantumbadger.redreader
08-04 11:36:34.329 32231 32231 I Finsky  : [1] lzi.c(2): Frosting ID looked up on UI thread. Caller should move to a background thread.
08-04 11:36:34.333 24577 13294 I Icing   : IndexChimeraService.getServiceInterface callingPackage=com.google.android.gms componentName=AppsCorpus serviceId=36
08-04 11:36:34.337 32231 32231 I Finsky  : [1] agsx.a(4): Do not start WearSupportService due to Wear service optimization
08-04 11:36:34.341 32231 32231 I Finsky  : [1] lzi.c(2): Frosting ID looked up on UI thread. Caller should move to a background thread.
08-04 11:36:34.342   918  4400 I AccountManagerService: getTypesVisibleToCaller: isPermitted? true
08-04 11:36:34.342 32231 25426 I Finsky  : [5844] ejc.a(-1): Asset module broadcast after update successful for package baseline.org.quantumbadger.redreader. 0 sessions broadcast.
08-04 11:36:34.361 32231 25423 I Finsky  : [5843] gzn.a(-1): [ContentSync] finished, scheduled=false
08-04 11:36:34.363 24577 22341 W Icing   : No valid account for uploading user actions
08-04 11:36:34.377 32231 25418 I Finsky  : [5842] lyv.run(-1): Wrote row to frosting DB: 2234
08-04 11:36:34.383 32231 32231 I Finsky  : [1] xmu.a(8): SCH: Jobs in database: 1-1337 3-191 3-192 12-1 24-77777777 26-1414141414 
08-04 11:36:34.388 32231 32231 I Finsky  : [1] xio.a(57): SCH: ConstraintMapping: 24-77777777,  -> L: 0ms, D: 34406452ms, C: false, I: true, N: 0
08-04 11:36:34.388 32231 32231 I Finsky  : [1] xio.a(57): SCH: ConstraintMapping: 1-1337, 12-1,  -> L: 14823ms, D: 37758528ms, C: false, I: false, N: 1
08-04 11:36:34.389 32231 32231 I Finsky  : [1] xio.a(57): SCH: ConstraintMapping: 3-191,  -> L: 0ms, D: 78468399ms, C: false, I: true, N: 2
08-04 11:36:34.389 32231 32231 I Finsky  : [1] xio.a(57): SCH: ConstraintMapping: 3-192,  -> L: 0ms, D: 78468472ms, C: true, I: true, N: 2
08-04 11:36:34.390 32231 32231 I Finsky  : [1] xio.a(57): SCH: ConstraintMapping: 26-1414141414,  -> L: 41871652ms, D: 42771652ms, C: false, I: false, N: 0
08-04 11:36:34.392 32231 25423 I Finsky  : [5843] gzn.a(-1): [ContentSync] finished, scheduled=true
08-04 11:36:34.403 24577 22341 I Icing   : Usage reports ok 0, Failed Usage reports 0, indexed 0, rejected 0
08-04 11:36:34.407 24577 13294 I Icing   : IndexChimeraService.getServiceInterface callingPackage=com.google.android.gms componentName=null serviceId=30
08-04 11:36:34.408 32231 25418 I Finsky  : [5842] lyv.run(-1): Wrote row to frosting DB: 2235
08-04 11:36:34.423   918  5132 I AccountManagerService: getTypesVisibleToCaller: isPermitted? true
08-04 11:36:34.425 24577 22341 I Icing   : Indexing com.google.android.gms-internal.3p:MobileApplication from com.google.android.gms using seqno 763
08-04 11:36:34.428 32231 32231 I Finsky  : [1] xle.a(34): Cancelling existing jobscheduler jobs: 9013 9000 9009 9015 9016 9017 9010 9011 9008 9018 
08-04 11:36:34.428 24577 22341 I Icing   : Indexing com.google.android.gms-internal.3p:MobileApplication from com.google.android.gms using seqno 763
08-04 11:36:34.429 32231 32231 I Finsky  : [1] xle.a(27): Scheduling job Id: 9001, L: 0, D: 34406452, C: false, I: true, N: 0
08-04 11:36:34.430 32231 32231 I Finsky  : [1] xle.a(27): Scheduling job Id: 9002, L: 14823, D: 37758528, C: false, I: false, N: 1
08-04 11:36:34.432 32231 32231 I Finsky  : [1] xle.a(27): Scheduling job Id: 9003, L: 0, D: 78468399, C: false, I: true, N: 2
08-04 11:36:34.433 32231 32231 I Finsky  : [1] xle.a(27): Scheduling job Id: 9004, L: 0, D: 78468472, C: true, I: true, N: 2
08-04 11:36:34.435 32231 32231 I Finsky  : [1] xle.a(27): Scheduling job Id: 9005, L: 41871652, D: 42771652, C: false, I: false, N: 0
08-04 11:36:34.437 32231 32231 I Finsky  : [1] xle.a(27): Scheduling job Id: 9006, L: 0, D: 34406452, C: false, I: true, N: 0
08-04 11:36:34.440 32231 32231 I Finsky  : [1] xle.a(27): Scheduling job Id: 9007, L: 14823, D: 37758528, C: false, I: false, N: 1
08-04 11:36:34.442 32231 32231 I Finsky  : [1] xle.a(27): Scheduling job Id: 9012, L: 0, D: 78468399, C: false, I: true, N: 2
08-04 11:36:34.443 32231 32231 I Finsky  : [1] xle.a(27): Scheduling job Id: 9014, L: 0, D: 78468472, C: true, I: true, N: 2
08-04 11:36:34.445 32231 32231 I Finsky  : [1] xle.a(27): Scheduling job Id: 9019, L: 41871652, D: 42771652, C: false, I: false, N: 0
08-04 11:36:34.459 24577 22341 W Icing   : No valid account for uploading user actions
08-04 11:36:34.471 24577 22341 I Icing   : Usage reports ok 0, Failed Usage reports 0, indexed 0, rejected 0
08-04 11:36:34.726 25444 25444 D AndroidRuntime: >>>>>> START com.android.internal.os.RuntimeInit uid 2000 <<<<<<
08-04 11:36:34.733 25444 25444 D AndroidRuntime: CheckJNI is OFF
08-04 11:36:34.769 25444 25444 D ICU     : No timezone override file found: /data/misc/zoneinfo/current/icu/icu_tzdata.dat
08-04 11:36:34.801 25444 25444 I Radio-JNI: register_android_hardware_Radio DONE
08-04 11:36:34.818 25444 25444 D AndroidRuntime: Calling main entry com.android.commands.monkey.Monkey
08-04 11:36:34.834   918   931 W BroadcastQueue: Skipping deliver [background] BroadcastRecord{f957e5f u-1 android.net.conn.CONNECTIVITY_CHANGE} to ReceiverList{ba1f0ac 25444 (unknown name)/2000/u-1 remote:88b02b9}: process crashing
08-04 11:36:34.844   918  3359 I ActivityManager: START u0 {act=android.intent.action.MAIN cat=[android.intent.category.LAUNCHER] flg=0x10200000 cmp=baseline.org.quantumbadger.redreader/.activities.MainActivity} from uid 2000 on display 0
08-04 11:36:34.868 25453 25453 I art     : Late-enabling -Xcheck:jni
08-04 11:36:34.871   918  5481 I ActivityManager: Start proc 25453:baseline.org.quantumbadger.redreader/u0a666 for activity baseline.org.quantumbadger.redreader/.activities.MainActivity
08-04 11:36:34.874 25444 25444 I art     : System.exit called, status: 0
08-04 11:36:34.874 25444 25444 I AndroidRuntime: VM exiting with result code 0.
08-04 11:36:34.924 25453 25453 W System  : ClassLoader referenced unknown path: /data/app/baseline.org.quantumbadger.redreader-2/lib/arm64
08-04 11:36:34.939 25453 25453 I RedReader: Application created.
08-04 11:36:34.947 25453 25470 I RedditChangeDataIO: Running initial read...
08-04 11:36:34.948 25453 25453 I RedReader: Checking for new messages.
08-04 11:36:34.953  2075 16987 I PBSessionCacheImpl: Deleted sessionId[9127543042550561] from persistence.
08-04 11:36:34.956  2075  2107 W SearchServiceCore: Abort, client detached.
08-04 11:36:34.956  2075  2107 I MicroDetectionState: Should stop hotword detection immediately - true
08-04 11:36:34.958 25453 25470 I RedditChangeDataIO: Data file at '/data/user/0/baseline.org.quantumbadger.redreader/files/rr_change_data.dat'
08-04 11:36:34.958 25453 25470 I RedditChangeDataIO: Data file does not exist. Aborting read.
08-04 11:36:34.958 25453 25470 I RedditChangeDataManager: Pruning for all users...
08-04 11:36:34.959 25453 25470 I RedditChangeDataManager: Pruning complete.
08-04 11:36:35.031 25453 25453 W art     : Before Android 4.1, method android.graphics.PorterDuffColorFilter androidx.vectordrawable.graphics.drawable.VectorDrawableCompat.updateTintFilter(android.graphics.PorterDuffColorFilter, android.content.res.ColorStateList, android.graphics.PorterDuff$Mode) would have incorrectly overridden the package-private method in android.graphics.drawable.Drawable
08-04 11:36:35.049 25453 25453 I art     : Rejecting re-init on previously-failed class java.lang.Class<androidx.core.view.ViewCompat$2>
08-04 11:36:35.049 25453 25453 I art     : Rejecting re-init on previously-failed class java.lang.Class<androidx.core.view.ViewCompat$2>
08-04 11:36:35.057 25453 25453 I AppCompatViewInflater: app:theme is now deprecated. Please move to using android:theme instead.
08-04 11:36:35.082 25453 25469 I CacheManager: Pruning 108 files
08-04 11:36:35.362 25453 25453 I RawObjectDB query string: CREATE TABLE objects(RawObjectDB_id TEXT PRIMARY KEY ON CONFLICT REPLACE,RawObjectDB_timestamp INTEGER,serialised TEXT)
08-04 11:36:35.406 24577 22344 I Icing   : Indexing com.google.android.gms-apps from com.google.android.gms
08-04 11:36:35.420 25453 25453 I RawObjectDB query string: CREATE TABLE objects(RawObjectDB_id TEXT PRIMARY KEY ON CONFLICT REPLACE,RawObjectDB_timestamp INTEGER,serialised TEXT)
08-04 11:36:35.495 25453 25472 D OpenGLRenderer: Use EGL_SWAP_BEHAVIOR_PRESERVED: true
08-04 11:36:35.495 24577 22344 I Icing   : Indexing done com.google.android.gms-apps
08-04 11:36:35.544 25453 25472 I Adreno  : QUALCOMM build                   : fcf4852, I1af360237c
08-04 11:36:35.544 25453 25472 I Adreno  : Build Date                       : 09/23/15
08-04 11:36:35.544 25453 25472 I Adreno  : OpenGL ES Shader Compiler Version: XE031.05.13.02
08-04 11:36:35.544 25453 25472 I Adreno  : Local Branch                     : mybranch14465806
08-04 11:36:35.544 25453 25472 I Adreno  : Remote Branch                    : quic/LA.BF64.1.2.9_v2
08-04 11:36:35.544 25453 25472 I Adreno  : Remote Branch                    : NONE
08-04 11:36:35.544 25453 25472 I Adreno  : Reconstruct Branch               : NOTHING
08-04 11:36:35.550 25453 25472 I OpenGLRenderer: Initialized EGL, version 1.4
08-04 11:36:35.924   918   936 I ActivityManager: Displayed baseline.org.quantumbadger.redreader/.activities.MainActivity: +1s71ms
08-04 11:36:36.466 25488 25488 D AndroidRuntime: >>>>>> START com.android.internal.os.RuntimeInit uid 2000 <<<<<<
08-04 11:36:36.472 25488 25488 D AndroidRuntime: CheckJNI is OFF
08-04 11:36:36.504 25488 25488 D ICU     : No timezone override file found: /data/misc/zoneinfo/current/icu/icu_tzdata.dat
08-04 11:36:36.538 25488 25488 I Radio-JNI: register_android_hardware_Radio DONE
08-04 11:36:36.556 25488 25488 D AndroidRuntime: Calling main entry com.android.commands.am.Am
08-04 11:36:36.572  2375  2375 I Trepn   : Trepn 6.2s: Received intent: com.quicinc.trepn.start_profiling
08-04 11:36:36.721  2375  2375 W FileUtils: Failed to chmod(/storage/emulated/0/trepn/Trepn_2020.08.04_113636.db): android.system.ErrnoException: chmod failed: EPERM (Operation not permitted)
08-04 11:36:36.873  2375  2375 I Trepn   : Trepn 6.2s: Trepn has Started Profiling.
08-04 11:36:36.875 25488 25488 D AndroidRuntime: Shutting down VM
08-04 11:36:37.370 25453 25466 I art     : Starting a blocking GC Explicit
08-04 11:36:37.386 25453 25466 I art     : Explicit concurrent mark sweep GC freed 1720(104KB) AllocSpace objects, 0(0B) LOS objects, 40% free, 20MB/34MB, paused 178us total 15.470ms
08-04 11:36:37.398 25453 25466 I art     : Starting a blocking GC Explicit
08-04 11:36:37.413 25453 25466 I art     : Explicit concurrent mark sweep GC freed 66(3KB) AllocSpace objects, 0(0B) LOS objects, 40% free, 20MB/34MB, paused 122us total 14.576ms
08-04 11:36:37.422 25453 25466 I art     : Starting a blocking GC Explicit
08-04 11:36:37.433 25453 25466 I art     : Explicit concurrent mark sweep GC freed 3(96B) AllocSpace objects, 0(0B) LOS objects, 40% free, 20MB/34MB, paused 124us total 10.767ms
08-04 11:36:37.441 25453 25466 I art     : Starting a blocking GC Explicit
08-04 11:36:37.451 25453 25466 I art     : Explicit concurrent mark sweep GC freed 3(96B) AllocSpace objects, 0(0B) LOS objects, 40% free, 20MB/34MB, paused 121us total 9.912ms
08-04 11:36:37.458 25453 25466 I art     : Starting a blocking GC Explicit
08-04 11:36:37.469 25453 25466 I art     : Explicit concurrent mark sweep GC freed 3(96B) AllocSpace objects, 0(0B) LOS objects, 40% free, 20MB/34MB, paused 124us total 10.233ms
08-04 11:36:37.736 25453 25476 I art     : Starting a blocking GC Explicit
08-04 11:36:37.752 25453 25476 I art     : Explicit concurrent mark sweep GC freed 1336(78KB) AllocSpace objects, 1(20KB) LOS objects, 40% free, 20MB/34MB, paused 144us total 15.912ms
08-04 11:36:37.763 25453 25476 I art     : Starting a blocking GC Explicit
08-04 11:36:37.775 25453 25476 I art     : Explicit concurrent mark sweep GC freed 20(704B) AllocSpace objects, 0(0B) LOS objects, 40% free, 20MB/34MB, paused 120us total 11.288ms
08-04 11:36:37.783 25453 25476 I art     : Starting a blocking GC Explicit
08-04 11:36:37.794 25453 25476 I art     : Explicit concurrent mark sweep GC freed 3(96B) AllocSpace objects, 0(0B) LOS objects, 40% free, 20MB/34MB, paused 119us total 10.744ms
08-04 11:36:37.802 25453 25476 I art     : Starting a blocking GC Explicit
08-04 11:36:37.813 25453 25476 I art     : Explicit concurrent mark sweep GC freed 3(96B) AllocSpace objects, 0(0B) LOS objects, 40% free, 20MB/34MB, paused 130us total 10.650ms
08-04 11:36:37.821 25453 25476 I art     : Starting a blocking GC Explicit
08-04 11:36:37.832 25453 25476 I art     : Explicit concurrent mark sweep GC freed 3(96B) AllocSpace objects, 0(0B) LOS objects, 40% free, 20MB/34MB, paused 105us total 10.795ms
08-04 11:36:38.086 25453 25465 I art     : Starting a blocking GC Explicit
08-04 11:36:38.100 25453 25465 I art     : Explicit concurrent mark sweep GC freed 1333(78KB) AllocSpace objects, 1(20KB) LOS objects, 40% free, 20MB/34MB, paused 162us total 13.868ms
08-04 11:36:38.112 25453 25465 I art     : Starting a blocking GC Explicit
08-04 11:36:38.123 25453 25465 I art     : Explicit concurrent mark sweep GC freed 20(704B) AllocSpace objects, 0(0B) LOS objects, 40% free, 20MB/34MB, paused 123us total 10.897ms
08-04 11:36:38.131 25453 25465 I art     : Starting a blocking GC Explicit
08-04 11:36:38.142 25453 25465 I art     : Explicit concurrent mark sweep GC freed 3(96B) AllocSpace objects, 0(0B) LOS objects, 40% free, 20MB/34MB, paused 123us total 10.433ms
08-04 11:36:38.150 25453 25465 I art     : Starting a blocking GC Explicit
08-04 11:36:38.160 25453 25465 I art     : Explicit concurrent mark sweep GC freed 3(96B) AllocSpace objects, 0(0B) LOS objects, 40% free, 20MB/34MB, paused 115us total 10.236ms
08-04 11:36:38.168 25453 25465 I art     : Starting a blocking GC Explicit
08-04 11:36:38.179 25453 25465 I art     : Explicit concurrent mark sweep GC freed 3(96B) AllocSpace objects, 0(0B) LOS objects, 40% free, 20MB/34MB, paused 111us total 10.388ms
08-04 11:36:38.483 25453 25466 I art     : Starting a blocking GC Explicit
08-04 11:36:38.499 25453 25466 I art     : Explicit concurrent mark sweep GC freed 1333(78KB) AllocSpace objects, 1(20KB) LOS objects, 40% free, 20MB/34MB, paused 165us total 16.369ms
08-04 11:36:38.513 25453 25466 I art     : Starting a blocking GC Explicit
08-04 11:36:38.528 25453 25466 I art     : Explicit concurrent mark sweep GC freed 20(704B) AllocSpace objects, 0(0B) LOS objects, 40% free, 20MB/34MB, paused 157us total 14.645ms
08-04 11:36:38.540 25453 25466 I art     : Starting a blocking GC Explicit
08-04 11:36:38.551 25453 25466 I art     : Explicit concurrent mark sweep GC freed 3(96B) AllocSpace objects, 0(0B) LOS objects, 40% free, 20MB/34MB, paused 129us total 10.632ms
08-04 11:36:38.559 25453 25466 I art     : Starting a blocking GC Explicit
08-04 11:36:38.570 25453 25466 I art     : Explicit concurrent mark sweep GC freed 3(96B) AllocSpace objects, 0(0B) LOS objects, 40% free, 20MB/34MB, paused 126us total 10.558ms
08-04 11:36:38.578 25453 25466 I art     : Starting a blocking GC Explicit
08-04 11:36:38.589 25453 25466 I art     : Explicit concurrent mark sweep GC freed 3(96B) AllocSpace objects, 0(0B) LOS objects, 40% free, 20MB/34MB, paused 124us total 10.313ms
08-04 11:36:38.875 25453 25476 I art     : Starting a blocking GC Explicit
08-04 11:36:38.894 25453 25476 I art     : Explicit concurrent mark sweep GC freed 1333(78KB) AllocSpace objects, 1(20KB) LOS objects, 40% free, 20MB/34MB, paused 168us total 18.910ms
08-04 11:36:38.906 25453 25476 I art     : Starting a blocking GC Explicit
08-04 11:36:38.918 25453 25476 I art     : Explicit concurrent mark sweep GC freed 20(704B) AllocSpace objects, 0(0B) LOS objects, 40% free, 20MB/34MB, paused 126us total 11.537ms
08-04 11:36:38.926 25453 25476 I art     : Starting a blocking GC Explicit
08-04 11:36:38.937 25453 25476 I art     : Explicit concurrent mark sweep GC freed 3(96B) AllocSpace objects, 0(0B) LOS objects, 40% free, 20MB/34MB, paused 109us total 10.966ms
08-04 11:36:38.945 25453 25476 I art     : Starting a blocking GC Explicit
08-04 11:36:38.956 25453 25476 I art     : Explicit concurrent mark sweep GC freed 3(96B) AllocSpace objects, 0(0B) LOS objects, 40% free, 20MB/34MB, paused 113us total 10.446ms
08-04 11:36:38.964 25453 25476 I art     : Starting a blocking GC Explicit
08-04 11:36:38.975 25453 25476 I art     : Explicit concurrent mark sweep GC freed 3(96B) AllocSpace objects, 0(0B) LOS objects, 40% free, 20MB/34MB, paused 114us total 10.521ms
08-04 11:36:39.290 25453 25465 I art     : Starting a blocking GC Explicit
08-04 11:36:39.309 25453 25465 I art     : Explicit concurrent mark sweep GC freed 1334(78KB) AllocSpace objects, 1(20KB) LOS objects, 40% free, 20MB/34MB, paused 159us total 19.148ms
08-04 11:36:39.322 25453 25465 I art     : Starting a blocking GC Explicit
08-04 11:36:39.336 25453 25465 I art     : Explicit concurrent mark sweep GC freed 20(704B) AllocSpace objects, 0(0B) LOS objects, 40% free, 20MB/34MB, paused 134us total 13.641ms
08-04 11:36:39.346 25453 25465 I art     : Starting a blocking GC Explicit
08-04 11:36:39.357 25453 25465 I art     : Explicit concurrent mark sweep GC freed 3(96B) AllocSpace objects, 0(0B) LOS objects, 40% free, 20MB/34MB, paused 123us total 10.979ms
08-04 11:36:39.365 25453 25465 I art     : Starting a blocking GC Explicit
08-04 11:36:39.377 25453 25465 I art     : Explicit concurrent mark sweep GC freed 3(96B) AllocSpace objects, 0(0B) LOS objects, 40% free, 20MB/34MB, paused 121us total 11.174ms
08-04 11:36:39.385 25453 25465 I art     : Starting a blocking GC Explicit
08-04 11:36:39.395 25453 25465 I art     : Explicit concurrent mark sweep GC freed 3(96B) AllocSpace objects, 0(0B) LOS objects, 40% free, 20MB/34MB, paused 112us total 10.396ms
08-04 11:36:39.700 25453 25466 I art     : Starting a blocking GC Explicit
08-04 11:36:39.715 25453 25466 I art     : Explicit concurrent mark sweep GC freed 1334(78KB) AllocSpace objects, 1(20KB) LOS objects, 40% free, 20MB/34MB, paused 156us total 14.029ms
08-04 11:36:39.726 25453 25466 I art     : Starting a blocking GC Explicit
08-04 11:36:39.740 25453 25466 I art     : Explicit concurrent mark sweep GC freed 20(704B) AllocSpace objects, 0(0B) LOS objects, 40% free, 20MB/34MB, paused 150us total 13.876ms
08-04 11:36:39.751 25453 25466 I art     : Starting a blocking GC Explicit
08-04 11:36:39.762 25453 25466 I art     : Explicit concurrent mark sweep GC freed 3(96B) AllocSpace objects, 0(0B) LOS objects, 40% free, 20MB/34MB, paused 123us total 10.807ms
08-04 11:36:39.771 25453 25466 I art     : Starting a blocking GC Explicit
08-04 11:36:39.782 25453 25466 I art     : Explicit concurrent mark sweep GC freed 3(96B) AllocSpace objects, 0(0B) LOS objects, 40% free, 20MB/34MB, paused 128us total 10.945ms
08-04 11:36:39.790 25453 25466 I art     : Starting a blocking GC Explicit
08-04 11:36:39.801 25453 25466 I art     : Explicit concurrent mark sweep GC freed 3(96B) AllocSpace objects, 0(0B) LOS objects, 40% free, 20MB/34MB, paused 126us total 10.440ms
08-04 11:36:40.100 25453 25476 I art     : Starting a blocking GC Explicit
08-04 11:36:40.116 25453 25476 I art     : Explicit concurrent mark sweep GC freed 1333(78KB) AllocSpace objects, 1(20KB) LOS objects, 40% free, 20MB/34MB, paused 155us total 15.879ms
08-04 11:36:40.128 25453 25476 I art     : Starting a blocking GC Explicit
08-04 11:36:40.142 25453 25476 I art     : Explicit concurrent mark sweep GC freed 20(704B) AllocSpace objects, 0(0B) LOS objects, 40% free, 20MB/34MB, paused 150us total 13.959ms
08-04 11:36:40.155 25453 25476 I art     : Starting a blocking GC Explicit
08-04 11:36:40.166 25453 25476 I art     : Explicit concurrent mark sweep GC freed 3(96B) AllocSpace objects, 0(0B) LOS objects, 40% free, 20MB/34MB, paused 121us total 10.988ms
08-04 11:36:40.174 25453 25476 I art     : Starting a blocking GC Explicit
08-04 11:36:40.185 25453 25476 I art     : Explicit concurrent mark sweep GC freed 3(96B) AllocSpace objects, 0(0B) LOS objects, 40% free, 20MB/34MB, paused 112us total 10.597ms
08-04 11:36:40.193 25453 25476 I art     : Starting a blocking GC Explicit
08-04 11:36:40.204 25453 25476 I art     : Explicit concurrent mark sweep GC freed 3(96B) AllocSpace objects, 0(0B) LOS objects, 40% free, 20MB/34MB, paused 112us total 10.766ms
08-04 11:36:40.512 25453 25465 I art     : Starting a blocking GC Explicit
08-04 11:36:40.529 25453 25465 I art     : Explicit concurrent mark sweep GC freed 1333(78KB) AllocSpace objects, 1(20KB) LOS objects, 40% free, 20MB/34MB, paused 157us total 16.509ms
08-04 11:36:40.541 25453 25465 I art     : Starting a blocking GC Explicit
08-04 11:36:40.555 25453 25465 I art     : Explicit concurrent mark sweep GC freed 20(704B) AllocSpace objects, 0(0B) LOS objects, 40% free, 20MB/34MB, paused 136us total 13.740ms
08-04 11:36:40.566 25453 25465 I art     : Starting a blocking GC Explicit
08-04 11:36:40.577 25453 25465 I art     : Explicit concurrent mark sweep GC freed 3(96B) AllocSpace objects, 0(0B) LOS objects, 40% free, 20MB/34MB, paused 140us total 10.988ms
08-04 11:36:40.585 25453 25465 I art     : Starting a blocking GC Explicit
08-04 11:36:40.596 25453 25465 I art     : Explicit concurrent mark sweep GC freed 3(96B) AllocSpace objects, 0(0B) LOS objects, 40% free, 20MB/34MB, paused 117us total 10.818ms
08-04 11:36:40.604 25453 25465 I art     : Starting a blocking GC Explicit
08-04 11:36:40.615 25453 25465 I art     : Explicit concurrent mark sweep GC freed 3(96B) AllocSpace objects, 0(0B) LOS objects, 40% free, 20MB/34MB, paused 110us total 10.506ms
08-04 11:36:40.915 25453 25466 I art     : Starting a blocking GC Explicit
08-04 11:36:40.931 25453 25466 I art     : Explicit concurrent mark sweep GC freed 1333(78KB) AllocSpace objects, 1(20KB) LOS objects, 40% free, 20MB/34MB, paused 152us total 15.605ms
08-04 11:36:40.943 25453 25466 I art     : Starting a blocking GC Explicit
08-04 11:36:40.954 25453 25466 I art     : Explicit concurrent mark sweep GC freed 20(704B) AllocSpace objects, 0(0B) LOS objects, 40% free, 20MB/34MB, paused 123us total 11.160ms
08-04 11:36:40.963 25453 25466 I art     : Starting a blocking GC Explicit
08-04 11:36:40.973 25453 25466 I art     : Explicit concurrent mark sweep GC freed 3(96B) AllocSpace objects, 0(0B) LOS objects, 40% free, 20MB/34MB, paused 149us total 10.571ms
08-04 11:36:40.982 25453 25466 I art     : Starting a blocking GC Explicit
08-04 11:36:40.992 25453 25466 I art     : Explicit concurrent mark sweep GC freed 3(96B) AllocSpace objects, 0(0B) LOS objects, 40% free, 20MB/34MB, paused 112us total 9.652ms
08-04 11:36:40.999 25453 25466 I art     : Starting a blocking GC Explicit
08-04 11:36:41.008 25453 25466 I art     : Explicit concurrent mark sweep GC freed 3(96B) AllocSpace objects, 0(0B) LOS objects, 40% free, 20MB/34MB, paused 105us total 8.849ms
08-04 11:36:41.262 25453 25476 I art     : Starting a blocking GC Explicit
08-04 11:36:41.276 25453 25476 I art     : Explicit concurrent mark sweep GC freed 1333(78KB) AllocSpace objects, 1(20KB) LOS objects, 40% free, 20MB/34MB, paused 163us total 13.825ms
08-04 11:36:41.286 25453 25476 I art     : Starting a blocking GC Explicit
08-04 11:36:41.297 25453 25476 I art     : Explicit concurrent mark sweep GC freed 20(704B) AllocSpace objects, 0(0B) LOS objects, 40% free, 20MB/34MB, paused 124us total 11.419ms
08-04 11:36:41.306 25453 25476 I art     : Starting a blocking GC Explicit
08-04 11:36:41.317 25453 25476 I art     : Explicit concurrent mark sweep GC freed 3(96B) AllocSpace objects, 0(0B) LOS objects, 40% free, 20MB/34MB, paused 129us total 10.963ms
08-04 11:36:41.325 25453 25476 I art     : Starting a blocking GC Explicit
08-04 11:36:41.335 25453 25476 I art     : Explicit concurrent mark sweep GC freed 3(96B) AllocSpace objects, 0(0B) LOS objects, 40% free, 20MB/34MB, paused 107us total 10.293ms
08-04 11:36:41.343 25453 25476 I art     : Starting a blocking GC Explicit
08-04 11:36:41.354 25453 25476 I art     : Explicit concurrent mark sweep GC freed 3(96B) AllocSpace objects, 0(0B) LOS objects, 40% free, 20MB/34MB, paused 114us total 10.699ms
08-04 11:36:41.635 25453 25465 I art     : Starting a blocking GC Explicit
08-04 11:36:41.648 25453 25465 I art     : Explicit concurrent mark sweep GC freed 1333(78KB) AllocSpace objects, 1(20KB) LOS objects, 40% free, 20MB/34MB, paused 137us total 12.613ms
08-04 11:36:41.656 25453 25465 I art     : Starting a blocking GC Explicit
08-04 11:36:41.668 25453 25465 I art     : Explicit concurrent mark sweep GC freed 20(704B) AllocSpace objects, 0(0B) LOS objects, 40% free, 20MB/34MB, paused 107us total 11.326ms
08-04 11:36:41.676 25453 25465 I art     : Starting a blocking GC Explicit
08-04 11:36:41.686 25453 25465 I art     : Explicit concurrent mark sweep GC freed 3(96B) AllocSpace objects, 0(0B) LOS objects, 40% free, 20MB/34MB, paused 105us total 9.958ms
08-04 11:36:41.693 25453 25465 I art     : Starting a blocking GC Explicit
08-04 11:36:41.703 25453 25465 I art     : Explicit concurrent mark sweep GC freed 3(96B) AllocSpace objects, 0(0B) LOS objects, 40% free, 20MB/34MB, paused 112us total 9.402ms
08-04 11:36:41.710 25453 25465 I art     : Starting a blocking GC Explicit
08-04 11:36:41.720 25453 25465 I art     : Explicit concurrent mark sweep GC freed 3(96B) AllocSpace objects, 0(0B) LOS objects, 40% free, 20MB/34MB, paused 102us total 9.106ms
08-04 11:36:41.793   918  3261 D WifiStateMachine: starting scan for "H369AA63323"WPA_PSK with 2412,5180
08-04 11:36:41.961 25453 25466 I art     : Starting a blocking GC Explicit
08-04 11:36:41.973 25453 25466 I art     : Explicit concurrent mark sweep GC freed 1333(78KB) AllocSpace objects, 1(20KB) LOS objects, 40% free, 20MB/34MB, paused 138us total 11.313ms
08-04 11:36:41.981 25453 25466 I art     : Starting a blocking GC Explicit
08-04 11:36:41.992 25453 25466 I art     : Explicit concurrent mark sweep GC freed 20(704B) AllocSpace objects, 0(0B) LOS objects, 40% free, 20MB/34MB, paused 132us total 10.479ms
08-04 11:36:42.000 25453 25466 I art     : Starting a blocking GC Explicit
08-04 11:36:42.010 25453 25466 I art     : Explicit concurrent mark sweep GC freed 3(96B) AllocSpace objects, 0(0B) LOS objects, 40% free, 20MB/34MB, paused 123us total 10.080ms
08-04 11:36:42.018 25453 25466 I art     : Starting a blocking GC Explicit
08-04 11:36:42.028 25453 25466 I art     : Explicit concurrent mark sweep GC freed 3(96B) AllocSpace objects, 0(0B) LOS objects, 40% free, 20MB/34MB, paused 128us total 10.184ms
08-04 11:36:42.036 25453 25466 I art     : Starting a blocking GC Explicit
08-04 11:36:42.046 25453 25466 I art     : Explicit concurrent mark sweep GC freed 3(96B) AllocSpace objects, 0(0B) LOS objects, 40% free, 20MB/34MB, paused 126us total 10.080ms
08-04 11:36:42.225 25652 25652 D AndroidRuntime: >>>>>> START com.android.internal.os.RuntimeInit uid 2000 <<<<<<
08-04 11:36:42.229 25652 25652 D AndroidRuntime: CheckJNI is OFF
08-04 11:36:42.254 25652 25652 D ICU     : No timezone override file found: /data/misc/zoneinfo/current/icu/icu_tzdata.dat
08-04 11:36:42.279 25652 25652 I Radio-JNI: register_android_hardware_Radio DONE
08-04 11:36:42.296 25652 25652 D AndroidRuntime: Calling main entry com.android.commands.input.Input
08-04 11:36:42.297 25652 25652 I Input   : injectMotionEvent: MotionEvent { action=ACTION_DOWN, actionButton=0, id[0]=0, x[0]=720.0, y[0]=1440.0, toolType[0]=TOOL_TYPE_UNKNOWN, buttonState=0, metaState=0, flags=0x0, edgeFlags=0x0, pointerCount=1, historySize=0, eventTime=704218710, downTime=704218710, deviceId=0, source=0x1002 }
08-04 11:36:42.302 25652 25652 I Input   : injectMotionEvent: MotionEvent { action=ACTION_UP, actionButton=0, id[0]=0, x[0]=720.0, y[0]=1440.0, toolType[0]=TOOL_TYPE_UNKNOWN, buttonState=0, metaState=0, flags=0x0, edgeFlags=0x0, pointerCount=1, historySize=0, eventTime=704218710, downTime=704218710, deviceId=0, source=0x1002 }
08-04 11:36:42.303 25652 25652 D AndroidRuntime: Shutting down VM
08-04 11:36:42.305 25453 25476 I art     : Starting a blocking GC Explicit
08-04 11:36:42.316   512  2967 D audio_hw_primary: out_set_parameters: enter: usecase(1: low-latency-playback) kvpairs: routing=2
08-04 11:36:42.316 25453 25476 I art     : Explicit concurrent mark sweep GC freed 1423(81KB) AllocSpace objects, 1(20KB) LOS objects, 40% free, 20MB/34MB, paused 169us total 11.181ms
08-04 11:36:42.327 25453 25476 I art     : Starting a blocking GC Explicit
08-04 11:36:42.329   512  2967 D audio_hw_primary: select_devices: out_snd_device(2: speaker) in_snd_device(0: none)
08-04 11:36:42.329   512  2967 D msm8974_platform: platform_send_audio_calibration: sending audio calibration for snd_device(2) acdb_id(15)
08-04 11:36:42.329   512  2967 I soundtrigger: audio_extn_sound_trigger_update_device_status: device 0x2 of type 0 for Event 1
08-04 11:36:42.329 13866 13866 I GoogleInputMethodServic: GoogleInputMethodService.onFinishInput():3138 
08-04 11:36:42.331 13866 13866 I GoogleInputMethodServic: GoogleInputMethodService.onStartInput():1808 
08-04 11:36:42.339   512  2967 D audio_hw_primary: enable_snd_device: snd_device(2: speaker)
08-04 11:36:42.339 25453 25476 I art     : Explicit concurrent mark sweep GC freed 45(1904B) AllocSpace objects, 0(0B) LOS objects, 40% free, 20MB/34MB, paused 140us total 11.339ms
08-04 11:36:42.341   512  2967 D audio_hw_primary: enable_audio_route: apply and update mixer path: low-latency-playback speaker
08-04 11:36:42.347 25453 25476 I art     : Starting a blocking GC Explicit
08-04 11:36:42.357 25453 25476 I art     : Explicit concurrent mark sweep GC freed 974(68KB) AllocSpace objects, 1(76KB) LOS objects, 40% free, 20MB/34MB, paused 110us total 10.122ms
08-04 11:36:42.365 25453 25476 I art     : Starting a blocking GC Explicit
08-04 11:36:42.375 25453 25476 I art     : Explicit concurrent mark sweep GC freed 3(96B) AllocSpace objects, 0(0B) LOS objects, 40% free, 20MB/34MB, paused 108us total 9.637ms
08-04 11:36:42.383 25453 25476 I art     : Starting a blocking GC Explicit
08-04 11:36:42.393 25453 25476 I art     : Explicit concurrent mark sweep GC freed 3(96B) AllocSpace objects, 0(0B) LOS objects, 40% free, 20MB/34MB, paused 106us total 9.697ms
08-04 11:36:42.527   380   380 W SurfaceFlinger: couldn't log to binary event log: overflow.
08-04 11:36:42.620 25453 25466 I art     : Starting a blocking GC Explicit
08-04 11:36:42.630 25453 25466 I art     : Explicit concurrent mark sweep GC freed 1333(78KB) AllocSpace objects, 1(20KB) LOS objects, 40% free, 20MB/34MB, paused 121us total 9.973ms
08-04 11:36:42.638 25453 25466 I art     : Starting a blocking GC Explicit
08-04 11:36:42.648 25453 25466 I art     : Explicit concurrent mark sweep GC freed 20(704B) AllocSpace objects, 0(0B) LOS objects, 40% free, 20MB/34MB, paused 132us total 10.204ms
08-04 11:36:42.657 25453 25466 I art     : Starting a blocking GC Explicit
08-04 11:36:42.667 25453 25466 I art     : Explicit concurrent mark sweep GC freed 3(96B) AllocSpace objects, 0(0B) LOS objects, 40% free, 20MB/34MB, paused 132us total 10.313ms
08-04 11:36:42.675 25453 25466 I art     : Starting a blocking GC Explicit
08-04 11:36:42.686 25453 25466 I art     : Explicit concurrent mark sweep GC freed 3(96B) AllocSpace objects, 0(0B) LOS objects, 40% free, 20MB/34MB, paused 122us total 10.431ms
08-04 11:36:42.694 25453 25466 I art     : Starting a blocking GC Explicit
08-04 11:36:42.704 25453 25466 I art     : Explicit concurrent mark sweep GC freed 3(96B) AllocSpace objects, 0(0B) LOS objects, 40% free, 20MB/34MB, paused 143us total 10.176ms
08-04 11:36:42.865 25684 25684 D AndroidRuntime: >>>>>> START com.android.internal.os.RuntimeInit uid 2000 <<<<<<
08-04 11:36:42.868 25684 25684 D AndroidRuntime: CheckJNI is OFF
08-04 11:36:42.878   512  2967 D audio_hw_primary: disable_audio_route: reset and update mixer path: low-latency-playback speaker
08-04 11:36:42.879   512  2967 D audio_hw_primary: disable_snd_device: snd_device(2: speaker)
08-04 11:36:42.889   512  2967 I soundtrigger: audio_extn_sound_trigger_update_device_status: device 0x2 of type 0 for Event 0
08-04 11:36:42.894 25684 25684 D ICU     : No timezone override file found: /data/misc/zoneinfo/current/icu/icu_tzdata.dat
08-04 11:36:42.918 25684 25684 I Radio-JNI: register_android_hardware_Radio DONE
08-04 11:36:42.936 25684 25684 D AndroidRuntime: Calling main entry com.android.commands.input.Input
08-04 11:36:42.937 25684 25684 I Input   : injectMotionEvent: MotionEvent { action=ACTION_DOWN, actionButton=0, id[0]=0, x[0]=1345.0, y[0]=165.0, toolType[0]=TOOL_TYPE_UNKNOWN, buttonState=0, metaState=0, flags=0x0, edgeFlags=0x0, pointerCount=1, historySize=0, eventTime=704219350, downTime=704219350, deviceId=0, source=0x1002 }
08-04 11:36:42.941 25684 25684 I Input   : injectMotionEvent: MotionEvent { action=ACTION_UP, actionButton=0, id[0]=0, x[0]=1345.0, y[0]=165.0, toolType[0]=TOOL_TYPE_UNKNOWN, buttonState=0, metaState=0, flags=0x0, edgeFlags=0x0, pointerCount=1, historySize=0, eventTime=704219350, downTime=704219350, deviceId=0, source=0x1002 }
08-04 11:36:42.942 25684 25684 D AndroidRuntime: Shutting down VM
08-04 11:36:42.945   512  2967 D audio_hw_primary: out_set_parameters: enter: usecase(1: low-latency-playback) kvpairs: routing=2
08-04 11:36:42.945 25453 25679 I art     : Starting a blocking GC Explicit
08-04 11:36:42.947 25453 25453 W art     : Before Android 4.1, method int androidx.appcompat.widget.DropDownListView.lookForSelectablePosition(int, boolean) would have incorrectly overridden the package-private method in android.widget.ListView
08-04 11:36:42.950 25453 25453 W art     : Before Android 4.1, method int androidx.appcompat.widget.MenuPopupWindow$MenuDropDownListView.lookForSelectablePosition(int, boolean) would have incorrectly overridden the package-private method in android.widget.ListView
08-04 11:36:42.952 25453 25453 I ListPopupWindow: Could not find method setEpicenterBounds(Rect) on PopupWindow. Oh well.
08-04 11:36:42.958   512  2967 D audio_hw_primary: select_devices: out_snd_device(2: speaker) in_snd_device(0: none)
08-04 11:36:42.958   512  2967 D msm8974_platform: platform_send_audio_calibration: sending audio calibration for snd_device(2) acdb_id(15)
08-04 11:36:42.958 25453 25679 I art     : Explicit concurrent mark sweep GC freed 1587(139KB) AllocSpace objects, 1(20KB) LOS objects, 40% free, 20MB/34MB, paused 494us total 12.647ms
08-04 11:36:42.958   512  2967 I soundtrigger: audio_extn_sound_trigger_update_device_status: device 0x2 of type 0 for Event 1
08-04 11:36:42.966 25453 25679 I art     : Starting a blocking GC Explicit
08-04 11:36:42.969   512  2967 D audio_hw_primary: enable_snd_device: snd_device(2: speaker)
08-04 11:36:42.971   512  2967 D audio_hw_primary: enable_audio_route: apply and update mixer path: low-latency-playback speaker
08-04 11:36:42.977 25453 25679 I art     : Explicit concurrent mark sweep GC freed 384(72KB) AllocSpace objects, 0(0B) LOS objects, 40% free, 20MB/34MB, paused 156us total 10.542ms
08-04 11:36:42.985 25453 25679 I art     : Starting a blocking GC Explicit
08-04 11:36:42.995 25453 25679 I art     : Explicit concurrent mark sweep GC freed 104(5KB) AllocSpace objects, 0(0B) LOS objects, 40% free, 20MB/34MB, paused 130us total 10.230ms
08-04 11:36:43.003 25453 25679 I art     : Starting a blocking GC Explicit
08-04 11:36:43.015 25453 25679 I art     : Explicit concurrent mark sweep GC freed 224(10KB) AllocSpace objects, 0(0B) LOS objects, 40% free, 20MB/34MB, paused 193us total 11.163ms
08-04 11:36:43.017   512  2967 D AudioFlinger: mixer(0xf4740000) throttle end: throttle time(12)
08-04 11:36:43.023 25453 25679 I art     : Starting a blocking GC Explicit
08-04 11:36:43.034 25453 25679 I art     : Explicit concurrent mark sweep GC freed 90(7KB) AllocSpace objects, 0(0B) LOS objects, 40% free, 20MB/34MB, paused 132us total 10.598ms
08-04 11:36:43.272 25453 25476 I art     : Starting a blocking GC Explicit
08-04 11:36:43.283 25453 25476 I art     : Explicit concurrent mark sweep GC freed 2159(117KB) AllocSpace objects, 1(20KB) LOS objects, 40% free, 20MB/34MB, paused 130us total 10.568ms
08-04 11:36:43.292 25453 25476 I art     : Starting a blocking GC Explicit
08-04 11:36:43.304 25453 25476 I art     : Explicit concurrent mark sweep GC freed 292(24KB) AllocSpace objects, 0(0B) LOS objects, 40% free, 20MB/34MB, paused 117us total 11.030ms
08-04 11:36:43.311 25453 25476 I art     : Starting a blocking GC Explicit
08-04 11:36:43.323 25453 25476 I art     : Explicit concurrent mark sweep GC freed 3(96B) AllocSpace objects, 0(0B) LOS objects, 40% free, 20MB/34MB, paused 122us total 11.351ms
08-04 11:36:43.331 25453 25476 I art     : Starting a blocking GC Explicit
08-04 11:36:43.341 25453 25476 I art     : Explicit concurrent mark sweep GC freed 9(288B) AllocSpace objects, 0(0B) LOS objects, 40% free, 20MB/34MB, paused 121us total 10.189ms
08-04 11:36:43.349 25453 25476 I art     : Starting a blocking GC Explicit
08-04 11:36:43.359 25453 25476 I art     : Explicit concurrent mark sweep GC freed 3(96B) AllocSpace objects, 0(0B) LOS objects, 40% free, 20MB/34MB, paused 118us total 10.113ms
08-04 11:36:43.476 25718 25718 D AndroidRuntime: >>>>>> START com.android.internal.os.RuntimeInit uid 2000 <<<<<<
08-04 11:36:43.480 25718 25718 D AndroidRuntime: CheckJNI is OFF
08-04 11:36:43.504 25718 25718 D ICU     : No timezone override file found: /data/misc/zoneinfo/current/icu/icu_tzdata.dat
08-04 11:36:43.509   512  2967 D audio_hw_primary: disable_audio_route: reset and update mixer path: low-latency-playback speaker
08-04 11:36:43.510   512  2967 D audio_hw_primary: disable_snd_device: snd_device(2: speaker)
08-04 11:36:43.519   512  2967 I soundtrigger: audio_extn_sound_trigger_update_device_status: device 0x2 of type 0 for Event 0
08-04 11:36:43.528 25718 25718 I Radio-JNI: register_android_hardware_Radio DONE
08-04 11:36:43.543 25718 25718 D AndroidRuntime: Calling main entry com.android.commands.input.Input
08-04 11:36:43.545 25718 25718 I Input   : injectMotionEvent: MotionEvent { action=ACTION_DOWN, actionButton=0, id[0]=0, x[0]=940.0, y[0]=501.0, toolType[0]=TOOL_TYPE_UNKNOWN, buttonState=0, metaState=0, flags=0x0, edgeFlags=0x0, pointerCount=1, historySize=0, eventTime=704219958, downTime=704219958, deviceId=0, source=0x1002 }
08-04 11:36:43.550 25718 25718 I Input   : injectMotionEvent: MotionEvent { action=ACTION_UP, actionButton=0, id[0]=0, x[0]=940.0, y[0]=501.0, toolType[0]=TOOL_TYPE_UNKNOWN, buttonState=0, metaState=0, flags=0x0, edgeFlags=0x0, pointerCount=1, historySize=0, eventTime=704219958, downTime=704219958, deviceId=0, source=0x1002 }
08-04 11:36:43.552 25718 25718 D AndroidRuntime: Shutting down VM
08-04 11:36:43.607 25453 25466 I art     : Starting a blocking GC Explicit
08-04 11:36:43.619   512  2967 D audio_hw_primary: out_set_parameters: enter: usecase(1: low-latency-playback) kvpairs: routing=2
08-04 11:36:43.620 25453 25466 I art     : Explicit concurrent mark sweep GC freed 1358(82KB) AllocSpace objects, 1(20KB) LOS objects, 40% free, 20MB/34MB, paused 438us total 12.318ms
08-04 11:36:43.621   918  5132 I ActivityManager: START u0 {cmp=baseline.org.quantumbadger.redreader/.settings.SettingsActivity} from uid 10666 on display 0
08-04 11:36:43.628 25453 25466 I art     : Starting a blocking GC Explicit
08-04 11:36:43.632 13866 13866 I GoogleInputMethodServic: GoogleInputMethodService.onFinishInput():3138 
08-04 11:36:43.633   512  2967 D audio_hw_primary: select_devices: out_snd_device(2: speaker) in_snd_device(0: none)
08-04 11:36:43.633   512  2967 D msm8974_platform: platform_send_audio_calibration: sending audio calibration for snd_device(2) acdb_id(15)
08-04 11:36:43.633   512  2967 I soundtrigger: audio_extn_sound_trigger_update_device_status: device 0x2 of type 0 for Event 1
08-04 11:36:43.634 13866 13866 I GoogleInputMethodServic: GoogleInputMethodService.onStartInput():1808 
08-04 11:36:43.642 25453 25466 I art     : Explicit concurrent mark sweep GC freed 400(30KB) AllocSpace objects, 0(0B) LOS objects, 40% free, 20MB/34MB, paused 223us total 13.778ms
08-04 11:36:43.645   512  2967 D audio_hw_primary: enable_snd_device: snd_device(2: speaker)
08-04 11:36:43.647   512  2967 D audio_hw_primary: enable_audio_route: apply and update mixer path: low-latency-playback speaker
08-04 11:36:43.651 25453 25466 I art     : Starting a blocking GC Explicit
08-04 11:36:43.662 25453 25466 I art     : Explicit concurrent mark sweep GC freed 350(65KB) AllocSpace objects, 0(0B) LOS objects, 40% free, 21MB/35MB, paused 253us total 11.311ms
08-04 11:36:43.670 25453 25466 I art     : Starting a blocking GC Explicit
08-04 11:36:43.683 25453 25466 I art     : Explicit concurrent mark sweep GC freed 508(73KB) AllocSpace objects, 0(0B) LOS objects, 40% free, 21MB/35MB, paused 219us total 12.046ms
08-04 11:36:43.689   512  2967 D AudioFlinger: mixer(0xf4740000) throttle end: throttle time(12)
08-04 11:36:43.690 25453 25466 I art     : Starting a blocking GC Explicit
08-04 11:36:43.702 25453 25466 I art     : Explicit concurrent mark sweep GC freed 114(5KB) AllocSpace objects, 0(0B) LOS objects, 40% free, 21MB/35MB, paused 145us total 10.963ms
08-04 11:36:43.755 13866 13866 I GoogleInputMethodServic: GoogleInputMethodService.onFinishInput():3138 
08-04 11:36:43.756   918   936 I ActivityManager: Displayed baseline.org.quantumbadger.redreader/.settings.SettingsActivity: +117ms
08-04 11:36:43.757 13866 13866 I GoogleInputMethodServic: GoogleInputMethodService.onStartInput():1808 
08-04 11:36:43.806 25453 25472 D OpenGLRenderer: endAllStagingAnimators on 0x7f80164000 (MenuPopupWindow$MenuDropDownListView) with handle 0x7f80245200
08-04 11:36:43.927 25453 25466 I art     : Starting a blocking GC Explicit
08-04 11:36:43.942 25453 25466 I art     : Explicit concurrent mark sweep GC freed 1892(104KB) AllocSpace objects, 1(20KB) LOS objects, 40% free, 21MB/35MB, paused 148us total 14.520ms
08-04 11:36:43.952 25453 25466 I art     : Starting a blocking GC Explicit
08-04 11:36:43.966 25453 25466 I art     : Explicit concurrent mark sweep GC freed 199(8KB) AllocSpace objects, 0(0B) LOS objects, 40% free, 21MB/35MB, paused 162us total 14.347ms
08-04 11:36:43.976 25453 25466 I art     : Starting a blocking GC Explicit
08-04 11:36:43.990 25453 25466 I art     : Explicit concurrent mark sweep GC freed 24(1024B) AllocSpace objects, 0(0B) LOS objects, 40% free, 21MB/35MB, paused 168us total 13.907ms
08-04 11:36:43.995   380   380 W SurfaceFlinger: couldn't log to binary event log: overflow.
08-04 11:36:43.999 25453 25466 I art     : Starting a blocking GC Explicit
08-04 11:36:44.012 25453 25466 I art     : Explicit concurrent mark sweep GC freed 3(96B) AllocSpace objects, 0(0B) LOS objects, 40% free, 21MB/35MB, paused 137us total 12.305ms
08-04 11:36:44.020 25453 25466 I art     : Starting a blocking GC Explicit
08-04 11:36:44.031 25453 25466 I art     : Explicit concurrent mark sweep GC freed 3(96B) AllocSpace objects, 0(0B) LOS objects, 40% free, 21MB/35MB, paused 121us total 11.002ms
08-04 11:36:44.110 25750 25750 D AndroidRuntime: >>>>>> START com.android.internal.os.RuntimeInit uid 2000 <<<<<<
08-04 11:36:44.114 25750 25750 D AndroidRuntime: CheckJNI is OFF
08-04 11:36:44.139 25750 25750 D ICU     : No timezone override file found: /data/misc/zoneinfo/current/icu/icu_tzdata.dat
08-04 11:36:44.165 25750 25750 I Radio-JNI: register_android_hardware_Radio DONE
08-04 11:36:44.178   512  2967 D audio_hw_primary: disable_audio_route: reset and update mixer path: low-latency-playback speaker
08-04 11:36:44.179   512  2967 D audio_hw_primary: disable_snd_device: snd_device(2: speaker)
08-04 11:36:44.181 25750 25750 D AndroidRuntime: Calling main entry com.android.commands.input.Input
08-04 11:36:44.183 25750 25750 I Input   : injectMotionEvent: MotionEvent { action=ACTION_DOWN, actionButton=0, id[0]=0, x[0]=216.0, y[0]=853.0, toolType[0]=TOOL_TYPE_UNKNOWN, buttonState=0, metaState=0, flags=0x0, edgeFlags=0x0, pointerCount=1, historySize=0, eventTime=704220596, downTime=704220596, deviceId=0, source=0x1002 }
08-04 11:36:44.188 25750 25750 I Input   : injectMotionEvent: MotionEvent { action=ACTION_UP, actionButton=0, id[0]=0, x[0]=216.0, y[0]=853.0, toolType[0]=TOOL_TYPE_UNKNOWN, buttonState=0, metaState=0, flags=0x0, edgeFlags=0x0, pointerCount=1, historySize=0, eventTime=704220596, downTime=704220596, deviceId=0, source=0x1002 }
08-04 11:36:44.190   512  2967 I soundtrigger: audio_extn_sound_trigger_update_device_status: device 0x2 of type 0 for Event 0
08-04 11:36:44.191 25750 25750 D AndroidRuntime: Shutting down VM
08-04 11:36:44.256   918  3961 I ActivityManager: START u0 {act=android.intent.action.MAIN cmp=baseline.org.quantumbadger.redreader/.settings.SettingsActivity (has extras)} from uid 10666 on display 0
08-04 11:36:44.257   512  2967 D audio_hw_primary: out_set_parameters: enter: usecase(1: low-latency-playback) kvpairs: routing=2
08-04 11:36:44.265 25453 25465 I art     : Starting a blocking GC Explicit
08-04 11:36:44.271   512  2967 D audio_hw_primary: select_devices: out_snd_device(2: speaker) in_snd_device(0: none)
08-04 11:36:44.271   512  2967 D msm8974_platform: platform_send_audio_calibration: sending audio calibration for snd_device(2) acdb_id(15)
08-04 11:36:44.271   512  2967 I soundtrigger: audio_extn_sound_trigger_update_device_status: device 0x2 of type 0 for Event 1
08-04 11:36:44.278 25453 25465 I art     : Explicit concurrent mark sweep GC freed 1864(113KB) AllocSpace objects, 1(20KB) LOS objects, 39% free, 21MB/35MB, paused 233us total 12.785ms
08-04 11:36:44.281   512  2967 D audio_hw_primary: enable_snd_device: snd_device(2: speaker)
08-04 11:36:44.283   512  2967 D audio_hw_primary: enable_audio_route: apply and update mixer path: low-latency-playback speaker
08-04 11:36:44.287 25453 25465 I art     : Starting a blocking GC Explicit
08-04 11:36:44.300 25453 25465 I art     : Explicit concurrent mark sweep GC freed 449(70KB) AllocSpace objects, 1(20KB) LOS objects, 40% free, 21MB/35MB, paused 318us total 12.747ms
08-04 11:36:44.308 25453 25465 I art     : Starting a blocking GC Explicit
08-04 11:36:44.321 25453 25465 I art     : Explicit concurrent mark sweep GC freed 589(44KB) AllocSpace objects, 0(0B) LOS objects, 40% free, 21MB/35MB, paused 130us total 12.517ms
08-04 11:36:44.325   512  2967 D AudioFlinger: mixer(0xf4740000) throttle end: throttle time(12)
08-04 11:36:44.329 25453 25465 I art     : Starting a blocking GC Explicit
08-04 11:36:44.340 25453 25465 I art     : Explicit concurrent mark sweep GC freed 65(2944B) AllocSpace objects, 0(0B) LOS objects, 40% free, 21MB/35MB, paused 128us total 11.026ms
08-04 11:36:44.348 25453 25465 I art     : Starting a blocking GC Explicit
08-04 11:36:44.360 25453 25465 I art     : Explicit concurrent mark sweep GC freed 77(10KB) AllocSpace objects, 0(0B) LOS objects, 40% free, 21MB/35MB, paused 342us total 11.889ms
08-04 11:36:44.371   918  3188 I hubconnection: sensorhub said: 'set_bias 3: -6.2400, 0.0000, 0.0000'
08-04 11:36:44.540   918   936 I ActivityManager: Displayed baseline.org.quantumbadger.redreader/.settings.SettingsActivity: +276ms
08-04 11:36:44.541 13866 13866 I GoogleInputMethodServic: GoogleInputMethodService.onFinishInput():3138 
08-04 11:36:44.541 13866 13866 I GoogleInputMethodServic: GoogleInputMethodService.onStartInput():1808 
08-04 11:36:44.564 25453 25472 D OpenGLRenderer: endAllStagingAnimators on 0x7f80182000 (ListView) with handle 0x7f80245020
08-04 11:36:44.592 25453 25679 I art     : Starting a blocking GC Explicit
08-04 11:36:44.612 25453 25679 I art     : Explicit concurrent mark sweep GC freed 78565(3MB) AllocSpace objects, 1(20KB) LOS objects, 40% free, 22MB/37MB, paused 145us total 20.398ms
08-04 11:36:44.623 25453 25679 I art     : Starting a blocking GC Explicit
08-04 11:36:44.638 25453 25679 I art     : Explicit concurrent mark sweep GC freed 2037(182KB) AllocSpace objects, 0(0B) LOS objects, 40% free, 22MB/36MB, paused 128us total 14.804ms
08-04 11:36:44.647 25453 25679 I art     : Starting a blocking GC Explicit
08-04 11:36:44.661 25453 25679 I art     : Explicit concurrent mark sweep GC freed 832(57KB) AllocSpace objects, 0(0B) LOS objects, 40% free, 22MB/36MB, paused 126us total 13.829ms
08-04 11:36:44.670 25453 25679 I art     : Starting a blocking GC Explicit
08-04 11:36:44.685 25453 25679 I art     : Explicit concurrent mark sweep GC freed 3(96B) AllocSpace objects, 0(0B) LOS objects, 40% free, 22MB/36MB, paused 132us total 14.444ms
08-04 11:36:44.693 25453 25679 I art     : Starting a blocking GC Explicit
08-04 11:36:44.707 25453 25679 I art     : Explicit concurrent mark sweep GC freed 59(2448B) AllocSpace objects, 0(0B) LOS objects, 40% free, 22MB/36MB, paused 131us total 14.026ms
08-04 11:36:44.725 25782 25782 D AndroidRuntime: >>>>>> START com.android.internal.os.RuntimeInit uid 2000 <<<<<<
08-04 11:36:44.729 25782 25782 D AndroidRuntime: CheckJNI is OFF
08-04 11:36:44.753 25782 25782 D ICU     : No timezone override file found: /data/misc/zoneinfo/current/icu/icu_tzdata.dat
08-04 11:36:44.785 25782 25782 I Radio-JNI: register_android_hardware_Radio DONE
08-04 11:36:44.796   380   380 W SurfaceFlinger: couldn't log to binary event log: overflow.
08-04 11:36:44.803 25782 25782 D AndroidRuntime: Calling main entry com.android.commands.input.Input
08-04 11:36:44.804 25782 25782 I Input   : injectMotionEvent: MotionEvent { action=ACTION_DOWN, actionButton=0, id[0]=0, x[0]=1318.0, y[0]=1194.0, toolType[0]=TOOL_TYPE_UNKNOWN, buttonState=0, metaState=0, flags=0x0, edgeFlags=0x0, pointerCount=1, historySize=0, eventTime=704221217, downTime=704221217, deviceId=0, source=0x1002 }
08-04 11:36:44.809   512  2967 D audio_hw_primary: disable_audio_route: reset and update mixer path: low-latency-playback speaker
08-04 11:36:44.811   512  2967 D audio_hw_primary: disable_snd_device: snd_device(2: speaker)
08-04 11:36:44.813 25782 25782 I Input   : injectMotionEvent: MotionEvent { action=ACTION_UP, actionButton=0, id[0]=0, x[0]=1318.0, y[0]=1194.0, toolType[0]=TOOL_TYPE_UNKNOWN, buttonState=0, metaState=0, flags=0x0, edgeFlags=0x0, pointerCount=1, historySize=0, eventTime=704221217, downTime=704221217, deviceId=0, source=0x1002 }
08-04 11:36:44.820 25782 25782 D AndroidRuntime: Shutting down VM
08-04 11:36:44.820   512  2967 I soundtrigger: audio_extn_sound_trigger_update_device_status: device 0x2 of type 0 for Event 0
08-04 11:36:44.887   512  2967 D audio_hw_primary: out_set_parameters: enter: usecase(1: low-latency-playback) kvpairs: routing=2
08-04 11:36:44.900   512  2967 D audio_hw_primary: select_devices: out_snd_device(2: speaker) in_snd_device(0: none)
08-04 11:36:44.900   512  2967 D msm8974_platform: platform_send_audio_calibration: sending audio calibration for snd_device(2) acdb_id(15)
08-04 11:36:44.900   512  2967 I soundtrigger: audio_extn_sound_trigger_update_device_status: device 0x2 of type 0 for Event 1
08-04 11:36:44.910   512  2967 D audio_hw_primary: enable_snd_device: snd_device(2: speaker)
08-04 11:36:44.912   512  2967 D audio_hw_primary: enable_audio_route: apply and update mixer path: low-latency-playback speaker
08-04 11:36:44.955   512  2967 D AudioFlinger: mixer(0xf4740000) throttle end: throttle time(12)
08-04 11:36:44.962 25453 25679 I art     : Starting a blocking GC Explicit
08-04 11:36:44.962  2075  2107 I WorkerManager: dispose()
08-04 11:36:44.964  2075  2107 W ThreadPoolDumper: Queue length for executor EventBus is now 11. Perhaps some tasks are too long, or the pool is too small.
08-04 11:36:44.977 25453 25679 I art     : Explicit concurrent mark sweep GC freed 2021(123KB) AllocSpace objects, 2(40KB) LOS objects, 40% free, 22MB/36MB, paused 160us total 15.374ms
08-04 11:36:44.987 25453 25679 I art     : Starting a blocking GC Explicit
08-04 11:36:45.001 25453 25679 I art     : Explicit concurrent mark sweep GC freed 58(2288B) AllocSpace objects, 0(0B) LOS objects, 40% free, 22MB/36MB, paused 115us total 14.219ms
08-04 11:36:45.009 25453 25679 I art     : Starting a blocking GC Explicit
08-04 11:36:45.022 25453 25679 I art     : Explicit concurrent mark sweep GC freed 16(560B) AllocSpace objects, 0(0B) LOS objects, 40% free, 22MB/36MB, paused 115us total 12.554ms
08-04 11:36:45.031 25453 25679 I art     : Starting a blocking GC Explicit
08-04 11:36:45.044 25453 25679 I art     : Explicit concurrent mark sweep GC freed 11(400B) AllocSpace objects, 0(0B) LOS objects, 40% free, 22MB/36MB, paused 137us total 12.980ms
08-04 11:36:45.052 25453 25679 I art     : Starting a blocking GC Explicit
08-04 11:36:45.066 25453 25679 I art     : Explicit concurrent mark sweep GC freed 32(1376B) AllocSpace objects, 0(0B) LOS objects, 40% free, 22MB/36MB, paused 120us total 13.104ms
08-04 11:36:45.301 25453 25466 I art     : Starting a blocking GC Explicit
08-04 11:36:45.315 25453 25466 I art     : Explicit concurrent mark sweep GC freed 1480(84KB) AllocSpace objects, 1(20KB) LOS objects, 40% free, 22MB/36MB, paused 148us total 14.362ms
08-04 11:36:45.324 25453 25466 I art     : Starting a blocking GC Explicit
08-04 11:36:45.333 25815 25815 D AndroidRuntime: >>>>>> START com.android.internal.os.RuntimeInit uid 2000 <<<<<<
08-04 11:36:45.337 25815 25815 D AndroidRuntime: CheckJNI is OFF
08-04 11:36:45.338 25453 25466 I art     : Explicit concurrent mark sweep GC freed 63(2128B) AllocSpace objects, 0(0B) LOS objects, 40% free, 22MB/36MB, paused 141us total 13.963ms
08-04 11:36:45.347 25453 25466 I art     : Starting a blocking GC Explicit
08-04 11:36:45.361 25453 25466 I art     : Explicit concurrent mark sweep GC freed 11(400B) AllocSpace objects, 0(0B) LOS objects, 40% free, 22MB/36MB, paused 153us total 13.887ms
08-04 11:36:45.363 25815 25815 D ICU     : No timezone override file found: /data/misc/zoneinfo/current/icu/icu_tzdata.dat
08-04 11:36:45.369 25453 25466 I art     : Starting a blocking GC Explicit
08-04 11:36:45.383 25453 25466 I art     : Explicit concurrent mark sweep GC freed 16(608B) AllocSpace objects, 0(0B) LOS objects, 40% free, 22MB/36MB, paused 133us total 13.753ms
08-04 11:36:45.388 25815 25815 I Radio-JNI: register_android_hardware_Radio DONE
08-04 11:36:45.392 25453 25466 I art     : Starting a blocking GC Explicit
08-04 11:36:45.404 25815 25815 D AndroidRuntime: Calling main entry com.android.commands.input.Input
08-04 11:36:45.405 25815 25815 I Input   : injectMotionEvent: MotionEvent { action=ACTION_DOWN, actionButton=0, id[0]=0, x[0]=1309.0, y[0]=1701.0, toolType[0]=TOOL_TYPE_UNKNOWN, buttonState=0, metaState=0, flags=0x0, edgeFlags=0x0, pointerCount=1, historySize=0, eventTime=704221818, downTime=704221818, deviceId=0, source=0x1002 }
08-04 11:36:45.405 25453 25466 I art     : Explicit concurrent mark sweep GC freed 14(496B) AllocSpace objects, 0(0B) LOS objects, 40% free, 22MB/36MB, paused 139us total 12.871ms
08-04 11:36:45.409 25815 25815 I Input   : injectMotionEvent: MotionEvent { action=ACTION_UP, actionButton=0, id[0]=0, x[0]=1309.0, y[0]=1701.0, toolType[0]=TOOL_TYPE_UNKNOWN, buttonState=0, metaState=0, flags=0x0, edgeFlags=0x0, pointerCount=1, historySize=0, eventTime=704221818, downTime=704221818, deviceId=0, source=0x1002 }
08-04 11:36:45.411 25815 25815 D AndroidRuntime: Shutting down VM
08-04 11:36:45.449   512  2967 D audio_hw_primary: disable_audio_route: reset and update mixer path: low-latency-playback speaker
08-04 11:36:45.450   512  2967 D audio_hw_primary: disable_snd_device: snd_device(2: speaker)
08-04 11:36:45.458   512  2967 I soundtrigger: audio_extn_sound_trigger_update_device_status: device 0x2 of type 0 for Event 0
08-04 11:36:45.477   512  2967 D audio_hw_primary: out_set_parameters: enter: usecase(1: low-latency-playback) kvpairs: routing=2
08-04 11:36:45.490   512  2967 D audio_hw_primary: select_devices: out_snd_device(2: speaker) in_snd_device(0: none)
08-04 11:36:45.490   512  2967 D msm8974_platform: platform_send_audio_calibration: sending audio calibration for snd_device(2) acdb_id(15)
08-04 11:36:45.491   512  2967 I soundtrigger: audio_extn_sound_trigger_update_device_status: device 0x2 of type 0 for Event 1
08-04 11:36:45.505   512  2967 D audio_hw_primary: enable_snd_device: snd_device(2: speaker)
08-04 11:36:45.507   512  2967 D audio_hw_primary: enable_audio_route: apply and update mixer path: low-latency-playback speaker
08-04 11:36:45.548   512  2967 D AudioFlinger: mixer(0xf4740000) throttle end: throttle time(12)
08-04 11:36:45.640 25453 25466 I art     : Starting a blocking GC Explicit
08-04 11:36:45.656 25453 25466 I art     : Explicit concurrent mark sweep GC freed 2117(128KB) AllocSpace objects, 2(40KB) LOS objects, 40% free, 22MB/37MB, paused 136us total 16.522ms
08-04 11:36:45.666 25453 25466 I art     : Starting a blocking GC Explicit
08-04 11:36:45.682 25453 25466 I art     : Explicit concurrent mark sweep GC freed 128(4KB) AllocSpace objects, 0(0B) LOS objects, 40% free, 22MB/37MB, paused 231us total 15.789ms
08-04 11:36:45.691 25453 25466 I art     : Starting a blocking GC Explicit
08-04 11:36:45.705 25453 25466 I art     : Explicit concurrent mark sweep GC freed 27(1120B) AllocSpace objects, 0(0B) LOS objects, 40% free, 22MB/37MB, paused 119us total 13.585ms
08-04 11:36:45.713 25453 25466 I art     : Starting a blocking GC Explicit
08-04 11:36:45.728 25453 25466 I art     : Explicit concurrent mark sweep GC freed 11(384B) AllocSpace objects, 0(0B) LOS objects, 40% free, 22MB/37MB, paused 137us total 14.785ms
08-04 11:36:45.737 25453 25466 I art     : Starting a blocking GC Explicit
08-04 11:36:45.751 25453 25466 I art     : Explicit concurrent mark sweep GC freed 16(624B) AllocSpace objects, 0(0B) LOS objects, 40% free, 22MB/37MB, paused 133us total 13.902ms
08-04 11:36:45.950 25847 25847 D AndroidRuntime: >>>>>> START com.android.internal.os.RuntimeInit uid 2000 <<<<<<
08-04 11:36:45.954 25847 25847 D AndroidRuntime: CheckJNI is OFF
08-04 11:36:45.977 25847 25847 D ICU     : No timezone override file found: /data/misc/zoneinfo/current/icu/icu_tzdata.dat
08-04 11:36:46.001 25847 25847 I Radio-JNI: register_android_hardware_Radio DONE
08-04 11:36:46.001 25453 25465 I art     : Starting a blocking GC Explicit
08-04 11:36:46.016 25453 25465 I art     : Explicit concurrent mark sweep GC freed 1482(84KB) AllocSpace objects, 1(20KB) LOS objects, 40% free, 22MB/37MB, paused 178us total 14.360ms
08-04 11:36:46.016 25847 25847 D AndroidRuntime: Calling main entry com.android.commands.input.Input
08-04 11:36:46.018 25847 25847 I Input   : injectMotionEvent: MotionEvent { action=ACTION_DOWN, actionButton=0, id[0]=0, x[0]=477.0, y[0]=805.0, toolType[0]=TOOL_TYPE_UNKNOWN, buttonState=0, metaState=0, flags=0x0, edgeFlags=0x0, pointerCount=1, historySize=0, eventTime=704222431, downTime=704222431, deviceId=0, source=0x1002 }
08-04 11:36:46.022 25847 25847 I Input   : injectMotionEvent: MotionEvent { action=ACTION_UP, actionButton=0, id[0]=0, x[0]=477.0, y[0]=805.0, toolType[0]=TOOL_TYPE_UNKNOWN, buttonState=0, metaState=0, flags=0x0, edgeFlags=0x0, pointerCount=1, historySize=0, eventTime=704222431, downTime=704222431, deviceId=0, source=0x1002 }
08-04 11:36:46.023 25847 25847 D AndroidRuntime: Shutting down VM
08-04 11:36:46.025 25453 25465 I art     : Starting a blocking GC Explicit
08-04 11:36:46.039   512  2967 D audio_hw_primary: disable_audio_route: reset and update mixer path: low-latency-playback speaker
08-04 11:36:46.039   512  2967 D audio_hw_primary: disable_snd_device: snd_device(2: speaker)
08-04 11:36:46.040 25453 25465 I art     : Explicit concurrent mark sweep GC freed 112(3KB) AllocSpace objects, 0(0B) LOS objects, 40% free, 22MB/37MB, paused 116us total 14.592ms
08-04 11:36:46.048   512  2967 I soundtrigger: audio_extn_sound_trigger_update_device_status: device 0x2 of type 0 for Event 0
08-04 11:36:46.048 25453 25465 I art     : Starting a blocking GC Explicit
08-04 11:36:46.063 25453 25465 I art     : Explicit concurrent mark sweep GC freed 17(608B) AllocSpace objects, 0(0B) LOS objects, 40% free, 22MB/37MB, paused 115us total 14.428ms
08-04 11:36:46.072 25453 25465 I art     : Starting a blocking GC Explicit
08-04 11:36:46.085 25453 25465 I art     : Explicit concurrent mark sweep GC freed 8(256B) AllocSpace objects, 0(0B) LOS objects, 40% free, 22MB/37MB, paused 112us total 13.120ms
08-04 11:36:46.093 25453 25465 I art     : Starting a blocking GC Explicit
08-04 11:36:46.102   512  2967 D audio_hw_primary: out_set_parameters: enter: usecase(1: low-latency-playback) kvpairs: routing=2
08-04 11:36:46.108 25453 25465 I art     : Explicit concurrent mark sweep GC freed 63(11KB) AllocSpace objects, 0(0B) LOS objects, 40% free, 22MB/37MB, paused 292us total 15.004ms
08-04 11:36:46.115   512  2967 D audio_hw_primary: select_devices: out_snd_device(2: speaker) in_snd_device(0: none)
08-04 11:36:46.115   512  2967 D msm8974_platform: platform_send_audio_calibration: sending audio calibration for snd_device(2) acdb_id(15)
08-04 11:36:46.115   512  2967 I soundtrigger: audio_extn_sound_trigger_update_device_status: device 0x2 of type 0 for Event 1
08-04 11:36:46.124   512  2967 D audio_hw_primary: enable_snd_device: snd_device(2: speaker)
08-04 11:36:46.126   512  2967 D audio_hw_primary: enable_audio_route: apply and update mixer path: low-latency-playback speaker
08-04 11:36:46.169   512  2967 D AudioFlinger: mixer(0xf4740000) throttle end: throttle time(12)
08-04 11:36:46.353 25453 25679 I art     : Starting a blocking GC Explicit
08-04 11:36:46.370 25453 25679 I art     : Explicit concurrent mark sweep GC freed 2598(194KB) AllocSpace objects, 1(20KB) LOS objects, 40% free, 22MB/37MB, paused 143us total 16.845ms
08-04 11:36:46.380 25453 25679 I art     : Starting a blocking GC Explicit
08-04 11:36:46.400 25453 25679 I art     : Explicit concurrent mark sweep GC freed 227(13KB) AllocSpace objects, 0(0B) LOS objects, 40% free, 22MB/37MB, paused 135us total 19.183ms
08-04 11:36:46.411 25453 25679 I art     : Starting a blocking GC Explicit
08-04 11:36:46.431 25453 25679 I art     : Explicit concurrent mark sweep GC freed 3(96B) AllocSpace objects, 0(0B) LOS objects, 40% free, 22MB/37MB, paused 118us total 19.514ms
08-04 11:36:46.441 25453 25679 I art     : Starting a blocking GC Explicit
08-04 11:36:46.457 25453 25679 I art     : Explicit concurrent mark sweep GC freed 7(224B) AllocSpace objects, 0(0B) LOS objects, 40% free, 22MB/37MB, paused 119us total 16.348ms
08-04 11:36:46.467 25453 25679 I art     : Starting a blocking GC Explicit
08-04 11:36:46.483 25453 25679 I art     : Explicit concurrent mark sweep GC freed 3(96B) AllocSpace objects, 0(0B) LOS objects, 40% free, 22MB/37MB, paused 134us total 15.961ms
08-04 11:36:46.593 25871 25871 D AndroidRuntime: >>>>>> START com.android.internal.os.RuntimeInit uid 2000 <<<<<<
08-04 11:36:46.598 25871 25871 D AndroidRuntime: CheckJNI is OFF
08-04 11:36:46.627 25871 25871 D ICU     : No timezone override file found: /data/misc/zoneinfo/current/icu/icu_tzdata.dat
08-04 11:36:46.657 25871 25871 I Radio-JNI: register_android_hardware_Radio DONE
08-04 11:36:46.659   512  2967 D audio_hw_primary: disable_audio_route: reset and update mixer path: low-latency-playback speaker
08-04 11:36:46.660   512  2967 D audio_hw_primary: disable_snd_device: snd_device(2: speaker)
08-04 11:36:46.668   512  2967 I soundtrigger: audio_extn_sound_trigger_update_device_status: device 0x2 of type 0 for Event 0
08-04 11:36:46.674 25871 25871 D AndroidRuntime: Calling main entry com.android.commands.input.Input
08-04 11:36:46.676 25871 25871 I Input   : injectMotionEvent: MotionEvent { action=ACTION_DOWN, actionButton=0, id[0]=0, x[0]=463.0, y[0]=464.0, toolType[0]=TOOL_TYPE_UNKNOWN, buttonState=0, metaState=0, flags=0x0, edgeFlags=0x0, pointerCount=1, historySize=0, eventTime=704223088, downTime=704223088, deviceId=0, source=0x1002 }
08-04 11:36:46.680 25871 25871 I Input   : injectMotionEvent: MotionEvent { action=ACTION_UP, actionButton=0, id[0]=0, x[0]=463.0, y[0]=464.0, toolType[0]=TOOL_TYPE_UNKNOWN, buttonState=0, metaState=0, flags=0x0, edgeFlags=0x0, pointerCount=1, historySize=0, eventTime=704223088, downTime=704223088, deviceId=0, source=0x1002 }
08-04 11:36:46.684 25871 25871 D AndroidRuntime: Shutting down VM
08-04 11:36:46.733 25453 25679 I art     : Starting a blocking GC Explicit
08-04 11:36:46.752   512  2967 D audio_hw_primary: out_set_parameters: enter: usecase(1: low-latency-playback) kvpairs: routing=2
08-04 11:36:46.753 25453 25679 I art     : Explicit concurrent mark sweep GC freed 1415(81KB) AllocSpace objects, 1(20KB) LOS objects, 40% free, 22MB/37MB, paused 144us total 19.474ms
08-04 11:36:46.765 25453 25679 I art     : Starting a blocking GC Explicit
08-04 11:36:46.767   512  2967 D audio_hw_primary: select_devices: out_snd_device(2: speaker) in_snd_device(0: none)
08-04 11:36:46.769   512  2967 D msm8974_platform: platform_send_audio_calibration: sending audio calibration for snd_device(2) acdb_id(15)
08-04 11:36:46.769   512  2967 I soundtrigger: audio_extn_sound_trigger_update_device_status: device 0x2 of type 0 for Event 1
08-04 11:36:46.770   918  3714 W InputMethodManagerService: Window already focused, ignoring focus gain of: com.android.internal.view.IInputMethodClient$Stub$Proxy@3aec13b attribute=null, token = android.os.BinderProxy@d93b527
08-04 11:36:46.779   512  2967 D audio_hw_primary: enable_snd_device: snd_device(2: speaker)
08-04 11:36:46.781   512  2967 D audio_hw_primary: enable_audio_route: apply and update mixer path: low-latency-playback speaker
08-04 11:36:46.783 25453 25679 I art     : Explicit concurrent mark sweep GC freed 147(18KB) AllocSpace objects, 1(20KB) LOS objects, 40% free, 22MB/37MB, paused 320us total 17.857ms
08-04 11:36:46.793 25453 25679 I art     : Starting a blocking GC Explicit
08-04 11:36:46.808 25453 25679 I art     : Explicit concurrent mark sweep GC freed 212(11KB) AllocSpace objects, 0(0B) LOS objects, 40% free, 22MB/37MB, paused 114us total 15.263ms
08-04 11:36:46.817 25453 25679 I art     : Starting a blocking GC Explicit
08-04 11:36:46.822   512  2967 D AudioFlinger: mixer(0xf4740000) throttle end: throttle time(12)
08-04 11:36:46.832 25453 25679 I art     : Explicit concurrent mark sweep GC freed 25(880B) AllocSpace objects, 0(0B) LOS objects, 40% free, 22MB/37MB, paused 115us total 15.066ms
08-04 11:36:46.841 25453 25679 I art     : Starting a blocking GC Explicit
08-04 11:36:46.855 25453 25679 I art     : Explicit concurrent mark sweep GC freed 3(96B) AllocSpace objects, 0(0B) LOS objects, 40% free, 22MB/37MB, paused 129us total 14.295ms
08-04 11:36:46.964   380   380 W SurfaceFlinger: couldn't log to binary event log: overflow.
08-04 11:36:47.077 25453 25679 I art     : Starting a blocking GC Explicit
08-04 11:36:47.093 25453 25679 I art     : Explicit concurrent mark sweep GC freed 1382(80KB) AllocSpace objects, 1(20KB) LOS objects, 40% free, 22MB/37MB, paused 135us total 15.224ms
08-04 11:36:47.101 25453 25679 I art     : Starting a blocking GC Explicit
08-04 11:36:47.116 25453 25679 I art     : Explicit concurrent mark sweep GC freed 22(768B) AllocSpace objects, 0(0B) LOS objects, 40% free, 22MB/37MB, paused 132us total 14.947ms
08-04 11:36:47.125 25453 25679 I art     : Starting a blocking GC Explicit
08-04 11:36:47.140 25453 25679 I art     : Explicit concurrent mark sweep GC freed 3(96B) AllocSpace objects, 0(0B) LOS objects, 40% free, 22MB/37MB, paused 130us total 14.514ms
08-04 11:36:47.148 25453 25679 I art     : Starting a blocking GC Explicit
08-04 11:36:47.163 25453 25679 I art     : Explicit concurrent mark sweep GC freed 3(96B) AllocSpace objects, 0(0B) LOS objects, 40% free, 22MB/37MB, paused 127us total 14.545ms
08-04 11:36:47.172 25453 25679 I art     : Starting a blocking GC Explicit
08-04 11:36:47.188 25453 25679 I art     : Explicit concurrent mark sweep GC freed 3(96B) AllocSpace objects, 0(0B) LOS objects, 40% free, 22MB/37MB, paused 133us total 15.481ms
08-04 11:36:47.216 25901 25901 D AndroidRuntime: >>>>>> START com.android.internal.os.RuntimeInit uid 2000 <<<<<<
08-04 11:36:47.220 25901 25901 D AndroidRuntime: CheckJNI is OFF
08-04 11:36:47.244 25901 25901 D ICU     : No timezone override file found: /data/misc/zoneinfo/current/icu/icu_tzdata.dat
08-04 11:36:47.269 25901 25901 I Radio-JNI: register_android_hardware_Radio DONE
08-04 11:36:47.286 25901 25901 D AndroidRuntime: Calling main entry com.android.commands.input.Input
08-04 11:36:47.287 25901 25901 I Input   : injectKeyEvent: KeyEvent { action=ACTION_DOWN, keyCode=KEYCODE_BACK, scanCode=0, metaState=0, flags=0x0, repeatCount=0, eventTime=704223700, downTime=704223700, deviceId=-1, source=0x101 }
08-04 11:36:47.292 25901 25901 I Input   : injectKeyEvent: KeyEvent { action=ACTION_UP, keyCode=KEYCODE_BACK, scanCode=0, metaState=0, flags=0x0, repeatCount=0, eventTime=704223700, downTime=704223700, deviceId=-1, source=0x101 }
08-04 11:36:47.297 25901 25901 D AndroidRuntime: Shutting down VM
08-04 11:36:47.308   512  2967 D audio_hw_primary: disable_audio_route: reset and update mixer path: low-latency-playback speaker
08-04 11:36:47.310   512  2967 D audio_hw_primary: disable_snd_device: snd_device(2: speaker)
08-04 11:36:47.318   512  2967 I soundtrigger: audio_extn_sound_trigger_update_device_status: device 0x2 of type 0 for Event 0
08-04 11:36:47.333 13866 13882 I PeriodicStatsRunner: PeriodicStatsRunner.call():175 call()
08-04 11:36:47.334 13866 13882 I PeriodicStatsRunner: PeriodicStatsRunner.call():179 No submit PeriodicStats since input started.
08-04 11:36:47.350 13866 13866 I GoogleInputMethodServic: GoogleInputMethodService.onFinishInput():3138 
08-04 11:36:47.350 13866 13866 I GoogleInputMethodServic: GoogleInputMethodService.onStartInput():1808 
08-04 11:36:47.415 25453 25465 I art     : Starting a blocking GC Explicit
08-04 11:36:47.429 25453 25465 I art     : Explicit concurrent mark sweep GC freed 1442(84KB) AllocSpace objects, 1(20KB) LOS objects, 40% free, 22MB/37MB, paused 119us total 13.953ms
08-04 11:36:47.440 25453 25465 I art     : Starting a blocking GC Explicit
08-04 11:36:47.455 25453 25465 I art     : Explicit concurrent mark sweep GC freed 34(1200B) AllocSpace objects, 0(0B) LOS objects, 40% free, 22MB/37MB, paused 119us total 15.191ms
08-04 11:36:47.464 25453 25465 I art     : Starting a blocking GC Explicit
08-04 11:36:47.479 25453 25465 I art     : Explicit concurrent mark sweep GC freed 3(96B) AllocSpace objects, 0(0B) LOS objects, 40% free, 22MB/37MB, paused 127us total 15.256ms
08-04 11:36:47.488 25453 25465 I art     : Starting a blocking GC Explicit
08-04 11:36:47.505 25453 25465 I art     : Explicit concurrent mark sweep GC freed 3(96B) AllocSpace objects, 0(0B) LOS objects, 40% free, 22MB/37MB, paused 158us total 15.981ms
08-04 11:36:47.514 25453 25465 I art     : Starting a blocking GC Explicit
08-04 11:36:47.530 25453 25465 I art     : Explicit concurrent mark sweep GC freed 3(96B) AllocSpace objects, 0(0B) LOS objects, 40% free, 22MB/37MB, paused 124us total 15.840ms
08-04 11:36:47.632   380   380 W SurfaceFlinger: couldn't log to binary event log: overflow.
08-04 11:36:47.759 25453 25679 I art     : Starting a blocking GC Explicit
08-04 11:36:47.777 25453 25679 I art     : Explicit concurrent mark sweep GC freed 1487(85KB) AllocSpace objects, 1(20KB) LOS objects, 40% free, 22MB/37MB, paused 173us total 16.894ms
08-04 11:36:47.786 25453 25679 I art     : Starting a blocking GC Explicit
08-04 11:36:47.800 25453 25679 I art     : Explicit concurrent mark sweep GC freed 13735(694KB) AllocSpace objects, 7(340KB) LOS objects, 40% free, 21MB/35MB, paused 137us total 14.187ms
08-04 11:36:47.808 25453 25679 I art     : Starting a blocking GC Explicit
08-04 11:36:47.821 25453 25679 I art     : Explicit concurrent mark sweep GC freed 3(96B) AllocSpace objects, 0(0B) LOS objects, 40% free, 21MB/35MB, paused 140us total 11.951ms
08-04 11:36:47.829 25453 25679 I art     : Starting a blocking GC Explicit
08-04 11:36:47.841 25453 25679 I art     : Explicit concurrent mark sweep GC freed 3(96B) AllocSpace objects, 0(0B) LOS objects, 40% free, 21MB/35MB, paused 128us total 11.546ms
08-04 11:36:47.845 25933 25933 D AndroidRuntime: >>>>>> START com.android.internal.os.RuntimeInit uid 2000 <<<<<<
08-04 11:36:47.849 25453 25679 I art     : Starting a blocking GC Explicit
08-04 11:36:47.849 25933 25933 D AndroidRuntime: CheckJNI is OFF
08-04 11:36:47.860 25453 25679 I art     : Explicit concurrent mark sweep GC freed 3(96B) AllocSpace objects, 0(0B) LOS objects, 40% free, 21MB/35MB, paused 125us total 11.442ms
08-04 11:36:47.878 25933 25933 D ICU     : No timezone override file found: /data/misc/zoneinfo/current/icu/icu_tzdata.dat
08-04 11:36:47.901 25933 25933 I Radio-JNI: register_android_hardware_Radio DONE
08-04 11:36:47.917 25933 25933 D AndroidRuntime: Calling main entry com.android.commands.input.Input
08-04 11:36:47.918 25933 25933 I Input   : injectKeyEvent: KeyEvent { action=ACTION_DOWN, keyCode=KEYCODE_BACK, scanCode=0, metaState=0, flags=0x0, repeatCount=0, eventTime=704224331, downTime=704224331, deviceId=-1, source=0x101 }
08-04 11:36:47.922 25933 25933 I Input   : injectKeyEvent: KeyEvent { action=ACTION_UP, keyCode=KEYCODE_BACK, scanCode=0, metaState=0, flags=0x0, repeatCount=0, eventTime=704224331, downTime=704224331, deviceId=-1, source=0x101 }
08-04 11:36:47.927 25933 25933 D AndroidRuntime: Shutting down VM
08-04 11:36:47.961 13866 13866 I GoogleInputMethodServic: GoogleInputMethodService.onFinishInput():3138 
08-04 11:36:47.962 13866 13866 I GoogleInputMethodServic: GoogleInputMethodService.onStartInput():1808 
08-04 11:36:48.114 25453 25465 I art     : Starting a blocking GC Explicit
08-04 11:36:48.132 25453 25465 I art     : Explicit concurrent mark sweep GC freed 1513(85KB) AllocSpace objects, 1(20KB) LOS objects, 40% free, 21MB/35MB, paused 133us total 17.302ms
08-04 11:36:48.144 25453 25465 I art     : Starting a blocking GC Explicit
08-04 11:36:48.161 25453 25465 I art     : Explicit concurrent mark sweep GC freed 24(864B) AllocSpace objects, 0(0B) LOS objects, 40% free, 21MB/35MB, paused 168us total 16.399ms
08-04 11:36:48.170 25453 25465 I art     : Starting a blocking GC Explicit
08-04 11:36:48.186 25453 25465 I art     : Explicit concurrent mark sweep GC freed 3(96B) AllocSpace objects, 0(0B) LOS objects, 40% free, 21MB/35MB, paused 147us total 15.243ms
08-04 11:36:48.198 25453 25465 I art     : Starting a blocking GC Explicit
08-04 11:36:48.213 25453 25465 I art     : Explicit concurrent mark sweep GC freed 3(96B) AllocSpace objects, 0(0B) LOS objects, 40% free, 21MB/35MB, paused 125us total 14.849ms
08-04 11:36:48.222 25453 25465 I art     : Starting a blocking GC Explicit
08-04 11:36:48.235 25453 25465 I art     : Explicit concurrent mark sweep GC freed 3(96B) AllocSpace objects, 0(0B) LOS objects, 40% free, 21MB/35MB, paused 136us total 12.756ms
08-04 11:36:48.474 25453 25476 I art     : Starting a blocking GC Explicit
08-04 11:36:48.487 25453 25476 I art     : Explicit concurrent mark sweep GC freed 1362(79KB) AllocSpace objects, 1(20KB) LOS objects, 40% free, 21MB/35MB, paused 207us total 12.735ms
08-04 11:36:48.487 25965 25965 D AndroidRuntime: >>>>>> START com.android.internal.os.RuntimeInit uid 2000 <<<<<<
08-04 11:36:48.491 25965 25965 D AndroidRuntime: CheckJNI is OFF
08-04 11:36:48.495 25453 25476 I art     : Starting a blocking GC Explicit
08-04 11:36:48.508 25453 25476 I art     : Explicit concurrent mark sweep GC freed 143(10KB) AllocSpace objects, 0(0B) LOS objects, 40% free, 21MB/35MB, paused 127us total 12.425ms
08-04 11:36:48.516 25453 25476 I art     : Starting a blocking GC Explicit
08-04 11:36:48.522 25965 25965 D ICU     : No timezone override file found: /data/misc/zoneinfo/current/icu/icu_tzdata.dat
08-04 11:36:48.528 25453 25476 I art     : Explicit concurrent mark sweep GC freed 3(96B) AllocSpace objects, 0(0B) LOS objects, 40% free, 21MB/35MB, paused 145us total 11.895ms
08-04 11:36:48.536 25453 25476 I art     : Starting a blocking GC Explicit
08-04 11:36:48.547 25453 25476 I art     : Explicit concurrent mark sweep GC freed 3(96B) AllocSpace objects, 0(0B) LOS objects, 40% free, 21MB/35MB, paused 134us total 10.866ms
08-04 11:36:48.547 25965 25965 I Radio-JNI: register_android_hardware_Radio DONE
08-04 11:36:48.555 25453 25476 I art     : Starting a blocking GC Explicit
08-04 11:36:48.563 25965 25965 D AndroidRuntime: Calling main entry com.android.commands.input.Input
08-04 11:36:48.565 25965 25965 I Input   : injectMotionEvent: MotionEvent { action=ACTION_DOWN, actionButton=0, id[0]=0, x[0]=600.0, y[0]=1536.0, toolType[0]=TOOL_TYPE_UNKNOWN, buttonState=0, metaState=0, flags=0x0, edgeFlags=0x0, pointerCount=1, historySize=0, eventTime=704224978, downTime=704224978, deviceId=0, source=0x1002 }
08-04 11:36:48.566 25453 25476 I art     : Explicit concurrent mark sweep GC freed 3(96B) AllocSpace objects, 0(0B) LOS objects, 40% free, 21MB/35MB, paused 131us total 11.048ms
08-04 11:36:48.569 25965 25965 I Input   : injectMotionEvent: MotionEvent { action=ACTION_UP, actionButton=0, id[0]=0, x[0]=600.0, y[0]=1536.0, toolType[0]=TOOL_TYPE_UNKNOWN, buttonState=0, metaState=0, flags=0x0, edgeFlags=0x0, pointerCount=1, historySize=0, eventTime=704224978, downTime=704224978, deviceId=0, source=0x1002 }
08-04 11:36:48.571 25965 25965 D AndroidRuntime: Shutting down VM
08-04 11:36:48.586   512  2967 D audio_hw_primary: out_set_parameters: enter: usecase(1: low-latency-playback) kvpairs: routing=2
08-04 11:36:48.591   918  3359 I ActivityManager: START u0 {dat=https://oauth.reddit.com/... cmp=baseline.org.quantumbadger.redreader/.activities.PostListingActivity} from uid 10666 on display 0
08-04 11:36:48.598   512  2967 D audio_hw_primary: select_devices: out_snd_device(2: speaker) in_snd_device(0: none)
08-04 11:36:48.599   512  2967 D msm8974_platform: platform_send_audio_calibration: sending audio calibration for snd_device(2) acdb_id(15)
08-04 11:36:48.599   512  2967 I soundtrigger: audio_extn_sound_trigger_update_device_status: device 0x2 of type 0 for Event 1
08-04 11:36:48.610   512  2967 D audio_hw_primary: enable_snd_device: snd_device(2: speaker)
08-04 11:36:48.612   512  2967 D audio_hw_primary: enable_audio_route: apply and update mixer path: low-latency-playback speaker
08-04 11:36:48.612 25453 25453 I AppCompatViewInflater: app:theme is now deprecated. Please move to using android:theme instead.
08-04 11:36:48.636 13866 13882 I PeriodicStatsRunner: PeriodicStatsRunner.call():175 call()
08-04 11:36:48.637 13866 13882 I PeriodicStatsRunner: PeriodicStatsRunner.call():179 No submit PeriodicStats since input started.
08-04 11:36:48.649 25453 25991 I RawObjectDB query string: CREATE TABLE objects(RawObjectDB_id TEXT PRIMARY KEY ON CONFLICT REPLACE,RawObjectDB_timestamp INTEGER,accounts_active INTEGER,created INTEGER,created_utc INTEGER,description TEXT,description_html TEXT,display_name TEXT,header_img TEXT,header_title TEXT,id TEXT,name TEXT,over18 INTEGER,public_description TEXT,subscribers INTEGER,title TEXT,url TEXT)
08-04 11:36:48.692 25453 25994 D OK      : calling: https://www.reddit.com/api/v1/access_token
08-04 11:36:48.705   918   936 I ActivityManager: Displayed baseline.org.quantumbadger.redreader/.activities.PostListingActivity: +106ms
08-04 11:36:48.706 13866 13866 I GoogleInputMethodServic: GoogleInputMethodService.onFinishInput():3138 
08-04 11:36:48.707 13866 13866 I GoogleInputMethodServic: GoogleInputMethodService.onStartInput():1808 
08-04 11:36:48.755 13866 13882 I PeriodicStatsRunner: PeriodicStatsRunner.call():175 call()
08-04 11:36:48.756 13866 13882 I PeriodicStatsRunner: PeriodicStatsRunner.call():179 No submit PeriodicStats since input started.
08-04 11:36:48.806 25453 25465 I art     : Starting a blocking GC Explicit
08-04 11:36:48.823 25453 25465 I art     : Explicit concurrent mark sweep GC freed 7396(511KB) AllocSpace objects, 1(20KB) LOS objects, 40% free, 21MB/36MB, paused 254us total 16.730ms
08-04 11:36:48.832 25453 25465 I art     : Starting a blocking GC Explicit
08-04 11:36:48.847 25453 25465 I art     : Explicit concurrent mark sweep GC freed 532(28KB) AllocSpace objects, 0(0B) LOS objects, 40% free, 21MB/36MB, paused 225us total 14.951ms
08-04 11:36:48.857 25453 25465 I art     : Starting a blocking GC Explicit
08-04 11:36:48.874 25453 25465 I art     : Explicit concurrent mark sweep GC freed 597(52KB) AllocSpace objects, 2(120KB) LOS objects, 40% free, 21MB/36MB, paused 325us total 16.859ms
08-04 11:36:48.884 25453 25465 I art     : Starting a blocking GC Explicit
08-04 11:36:48.903 25453 25465 I art     : Explicit concurrent mark sweep GC freed 2067(113KB) AllocSpace objects, 0(0B) LOS objects, 40% free, 22MB/36MB, paused 235us total 18.213ms
08-04 11:36:48.913 25453 25465 I art     : Starting a blocking GC Explicit
08-04 11:36:48.930 25453 25465 I art     : Explicit concurrent mark sweep GC freed 3886(238KB) AllocSpace objects, 1(80KB) LOS objects, 40% free, 22MB/36MB, paused 659us total 16.010ms
08-04 11:36:48.950   380   380 W SurfaceFlinger: couldn't log to binary event log: overflow.
08-04 11:36:49.121 25453 25994 D OK      : request got status: 200
08-04 11:36:49.132 25453 25994 D OK      : calling: https://oauth.reddit.com/r/askscience/about.json
08-04 11:36:49.148   512  2967 D audio_hw_primary: disable_audio_route: reset and update mixer path: low-latency-playback speaker
08-04 11:36:49.149   512  2967 D audio_hw_primary: disable_snd_device: snd_device(2: speaker)
08-04 11:36:49.156   512  2967 I soundtrigger: audio_extn_sound_trigger_update_device_status: device 0x2 of type 0 for Event 0
08-04 11:36:49.204 25453 25476 I art     : Starting a blocking GC Explicit
08-04 11:36:49.234 25453 25476 I art     : Explicit concurrent mark sweep GC freed 39092(2MB) AllocSpace objects, 16(1540KB) LOS objects, 40% free, 23MB/39MB, paused 224us total 29.647ms
08-04 11:36:49.245 25453 25476 I art     : Starting a blocking GC Explicit
08-04 11:36:49.263 25453 25476 I art     : Explicit concurrent mark sweep GC freed 1894(74KB) AllocSpace objects, 0(0B) LOS objects, 40% free, 23MB/39MB, paused 222us total 18.286ms
08-04 11:36:49.269 25453 25453 I RegularCachePruner: Pruning cache...
08-04 11:36:49.275 24365 25567 I NetworkScheduler.Stats: Task com.google.android.apps.gcs/ started execution. cause:4 exec_start_elapsed_seconds: 1687613 [CONTEXT service_id=218 ]
08-04 11:36:49.276 25453 26018 I RedditChangeDataManager: Pruning for all users...
08-04 11:36:49.276 25453 26018 I RedditChangeDataManager: Pruning complete.
08-04 11:36:49.277 21665 26020 W Gcs.WfaEliRefreshTask: [23716] afk.b: NULL eligibility response.
08-04 11:36:49.278 25453 26018 I CacheManager: Pruning 0 files
08-04 11:36:49.279 25453 25476 I art     : Starting a blocking GC Explicit
08-04 11:36:49.280 24365 25567 I NetworkScheduler.Stats: Task com.google.android.apps.gcs/ finished executing. cause:4 result: 3 elapsed_millis: 9 uptime_millis: 10 exec_start_elapsed_seconds: 1687613 [CONTEXT service_id=218 ]
08-04 11:36:49.285 25453 25453 I RedReader: Checking for new messages.
08-04 11:36:49.296 25453 25476 I art     : Explicit concurrent mark sweep GC freed 331(17KB) AllocSpace objects, 0(0B) LOS objects, 40% free, 23MB/39MB, paused 192us total 17.364ms
08-04 11:36:49.297 32231 32231 I Finsky  : [1] xow.onStartJob(3): SCH: onJobSchedulerWakeup with jobId 9002
08-04 11:36:49.303 32231 32231 I Finsky  : [1] xjw.a(9): Scheduling fallback in 43199996 (absolute: 1730813173)
08-04 11:36:49.305 25453 25476 I art     : Starting a blocking GC Explicit
08-04 11:36:49.305 32231 32231 I Finsky  : [1] xjw.a(9): Scheduling fallback in 64799998 (absolute: 1752413178)
08-04 11:36:49.308 32231 32231 I Finsky  : [1] xow.onStartJob(3): SCH: onJobSchedulerWakeup with jobId 9007
08-04 11:36:49.314 32231 32231 I Finsky  : [1] xjw.a(9): Scheduling fallback in 43199996 (absolute: 1730813184)
08-04 11:36:49.322 24365 23406 I NetworkScheduler.Stats: Task com.google.android.gms/com.google.android.gms.icing.service.IcingGcmTaskService started execution. cause:5 exec_start_elapsed_seconds: 1687613 [CONTEXT service_id=218 ]
08-04 11:36:49.322 32231 32231 I Finsky  : [1] xjw.a(9): Scheduling fallback in 64799992 (absolute: 1752413189)
08-04 11:36:49.322 25453 25476 I art     : Explicit concurrent mark sweep GC freed 57(2496B) AllocSpace objects, 0(0B) LOS objects, 40% free, 23MB/39MB, paused 187us total 17.156ms
08-04 11:36:49.325 32231 32231 W Finsky  : [1] xow.onStartJob(9): SCH: onJobSchedulerWakeup while already running
08-04 11:36:49.329 24365 25567 I NetworkScheduler.Stats: Task com.google.android.gms/com.google.android.gms.icing.service.IcingGcmTaskService finished executing. cause:5 result: 1 elapsed_millis: 25 uptime_millis: 25 exec_start_elapsed_seconds: 1687613 [CONTEXT service_id=218 ]
08-04 11:36:49.331 25453 25476 I art     : Starting a blocking GC Explicit
08-04 11:36:49.348 25453 25476 I art     : Explicit concurrent mark sweep GC freed 7(256B) AllocSpace objects, 0(0B) LOS objects, 40% free, 23MB/39MB, paused 214us total 17.551ms
08-04 11:36:49.356 32231 32231 I Finsky  : [1] xkf.handleMessage(8): SCH: DeviceState: DeviceState{currentTime=1596533809353, isCharging=false, isIdle=false, netAny=true, netNotRoaming=true, netUnmetered=true, batteryPercent=100.0}
08-04 11:36:49.361 32231 25423 I Finsky  : [5843] xmu.a(8): SCH: Jobs in database: 1-1337 3-191 3-192 12-1 24-77777777 26-1414141414 
08-04 11:36:49.363 32231 32231 I Finsky  : [1] xkg.a(16): SCH: Running job: 12-1
08-04 11:36:49.364 32231 32231 I Finsky  : [1] ContentSyncJob.a(16): [ContentSync] job started
08-04 11:36:49.364 32231 32231 I Finsky  : [1] xkf.handleMessage(61): SCH: RunningQueue size: 1, PendingQueue size: 0
08-04 11:36:49.364 32231 32231 I Finsky  : [1] xkf.handleMessage(64): SCH: Running queue: 12-1 
08-04 11:36:49.417 25453 25994 I NAPPA_EXPERIMENTATION: MetricNetworkRequestExecutionTime: REQUEST_DURATION_SYSTEM='284',REQUEST_DURATION_OKHTTP='143',REQUEST_SYNCHRONOUS='TRUE',RESPONSE_CODE='200',RESPONSE_METHOD='GET',RESPONSE_LENGTH_OKHTTP='-1',RESPONSE_LENGTH_HEADER='4700',REQUEST_PROTOCOL='h2',REQUEST_URL='https://oauth.reddit.com/r/askscience/about.json',
08-04 11:36:49.417 25453 25994 D OK      : request got status: 200
08-04 11:36:49.445 32231 25435 I Finsky  : [5848] dzn.a(22): Completed 0 account content syncs with 0 successful.
08-04 11:36:49.445 32231 32231 I Finsky  : [1] ContentSyncJob.a(1): [ContentSync] Installation state replication succeeded.
08-04 11:36:49.447 32231 32231 I Finsky  : [1] xlr.a(13): SCH: jobFinished: 12-1. TimeElapsed: 82ms.
08-04 11:36:49.447 32231 32231 I Finsky  : [1] xkg.a(36): SCH: Job 12-1 finished. Not rescheduling.
08-04 11:36:49.448 32231 32231 I Finsky  : [1] xkf.handleMessage(61): SCH: RunningQueue size: 0, PendingQueue size: 0
08-04 11:36:49.448 32231 32231 I Finsky  : [1] xkf.handleMessage(25): Executor finished
08-04 11:36:49.470 32231 32231 I Finsky  : [1] xmu.a(8): SCH: Jobs in database: 1-1337 3-191 3-192 24-77777777 26-1414141414 
08-04 11:36:49.472 32231 32231 I Finsky  : [1] xio.a(57): SCH: ConstraintMapping: 24-77777777,  -> L: 0ms, D: 34391366ms, C: false, I: true, N: 0
08-04 11:36:49.472 32231 32231 I Finsky  : [1] xio.a(57): SCH: ConstraintMapping: 1-1337,  -> L: 3102222ms, D: 37743442ms, C: false, I: false, N: 1
08-04 11:36:49.473 32231 32231 I Finsky  : [1] xio.a(57): SCH: ConstraintMapping: 3-191,  -> L: 0ms, D: 78453314ms, C: false, I: true, N: 2
08-04 11:36:49.473 32231 32231 I Finsky  : [1] xio.a(57): SCH: ConstraintMapping: 3-192,  -> L: 0ms, D: 78453386ms, C: true, I: true, N: 2
08-04 11:36:49.474 32231 32231 I Finsky  : [1] xio.a(57): SCH: ConstraintMapping: 26-1414141414,  -> L: 41856566ms, D: 42756566ms, C: false, I: false, N: 0
08-04 11:36:49.491 32231 32231 I Finsky  : [1] xle.a(34): Cancelling existing jobscheduler jobs: 9014 9005 9003 9006 9001 9019 9012 9004 
08-04 11:36:49.491 32231 32231 I Finsky  : [1] xle.a(10): Throttling wakeup for job 9000 (expected to run in 0 ms) due to recent wakeup
08-04 11:36:49.492 32231 32231 I Finsky  : [1] xle.a(27): Scheduling job Id: 9000, L: 30000, D: 34391366, C: false, I: true, N: 0
08-04 11:36:49.493 32231 32231 I Finsky  : [1] xle.a(27): Scheduling job Id: 9007, L: 3102222, D: 37743442, C: false, I: false, N: 1
08-04 11:36:49.494 32231 32231 I Finsky  : [1] xle.a(10): Throttling wakeup for job 9008 (expected to run in 0 ms) due to recent wakeup
08-04 11:36:49.495 32231 32231 I Finsky  : [1] xle.a(27): Scheduling job Id: 9008, L: 30000, D: 78453314, C: false, I: true, N: 2
08-04 11:36:49.496 32231 32231 I Finsky  : [1] xle.a(10): Throttling wakeup for job 9009 (expected to run in 0 ms) due to recent wakeup
08-04 11:36:49.497 32231 32231 I Finsky  : [1] xle.a(27): Scheduling job Id: 9009, L: 30000, D: 78453386, C: true, I: true, N: 2
08-04 11:36:49.498 32231 32231 I Finsky  : [1] xle.a(27): Scheduling job Id: 9010, L: 41856566, D: 42756566, C: false, I: false, N: 0
08-04 11:36:49.499 32231 32231 I Finsky  : [1] xle.a(10): Throttling wakeup for job 9011 (expected to run in 0 ms) due to recent wakeup
08-04 11:36:49.500 32231 32231 I Finsky  : [1] xle.a(27): Scheduling job Id: 9011, L: 30000, D: 34391366, C: false, I: true, N: 0
08-04 11:36:49.501 32231 32231 I Finsky  : [1] xle.a(27): Scheduling job Id: 9013, L: 3102222, D: 37743442, C: false, I: false, N: 1
08-04 11:36:49.505 32231 32231 I Finsky  : [1] xle.a(10): Throttling wakeup for job 9015 (expected to run in 0 ms) due to recent wakeup
08-04 11:36:49.505 32231 32231 I Finsky  : [1] xle.a(27): Scheduling job Id: 9015, L: 30000, D: 78453314, C: false, I: true, N: 2
08-04 11:36:49.508 32231 32231 I Finsky  : [1] xle.a(10): Throttling wakeup for job 9016 (expected to run in 0 ms) due to recent wakeup
08-04 11:36:49.508 32231 32231 I Finsky  : [1] xle.a(27): Scheduling job Id: 9016, L: 30000, D: 78453386, C: true, I: true, N: 2
08-04 11:36:49.510 32231 32231 I Finsky  : [1] xle.a(27): Scheduling job Id: 9017, L: 41856566, D: 42756566, C: false, I: false, N: 0
08-04 11:36:49.546 13866 13882 I PeriodicStatsRunner: PeriodicStatsRunner.call():175 call()
08-04 11:36:49.547 13866 13882 I PeriodicStatsRunner: PeriodicStatsRunner.call():179 No submit PeriodicStats since input started.
08-04 11:36:49.609 25453 25679 I art     : Starting a blocking GC Explicit
08-04 11:36:49.636 25453 25679 I art     : Explicit concurrent mark sweep GC freed 3278(348KB) AllocSpace objects, 4(176KB) LOS objects, 39% free, 24MB/40MB, paused 403us total 25.959ms
08-04 11:36:49.647 25453 25679 I art     : Starting a blocking GC Explicit
08-04 11:36:49.669 25453 25679 I art     : Explicit concurrent mark sweep GC freed 266(12KB) AllocSpace objects, 0(0B) LOS objects, 39% free, 24MB/40MB, paused 234us total 21.923ms
08-04 11:36:49.680 25453 25679 I art     : Starting a blocking GC Explicit
08-04 11:36:49.701 25453 25679 I art     : Explicit concurrent mark sweep GC freed 3(96B) AllocSpace objects, 0(0B) LOS objects, 39% free, 24MB/40MB, paused 165us total 21.085ms
08-04 11:36:49.711 25453 25679 I art     : Starting a blocking GC Explicit
08-04 11:36:49.732 25453 25679 I art     : Explicit concurrent mark sweep GC freed 3(96B) AllocSpace objects, 0(0B) LOS objects, 39% free, 24MB/40MB, paused 184us total 21.176ms
08-04 11:36:49.742 25453 25679 I art     : Starting a blocking GC Explicit
08-04 11:36:49.763 25453 25679 I art     : Explicit concurrent mark sweep GC freed 19(1136B) AllocSpace objects, 0(0B) LOS objects, 39% free, 24MB/40MB, paused 187us total 21.095ms
08-04 11:36:49.890 25453 26037 D OK      : calling: https://oauth.reddit.com/r/askscience/hot/.json
08-04 11:36:50.058 25453 25679 I art     : Starting a blocking GC Explicit
08-04 11:36:50.084 25453 25679 I art     : Explicit concurrent mark sweep GC freed 1478(83KB) AllocSpace objects, 1(20KB) LOS objects, 39% free, 24MB/40MB, paused 232us total 25.503ms
08-04 11:36:50.095 25453 25679 I art     : Starting a blocking GC Explicit
08-04 11:36:50.117 25453 25679 I art     : Explicit concurrent mark sweep GC freed 26(960B) AllocSpace objects, 0(0B) LOS objects, 39% free, 24MB/40MB, paused 229us total 22.684ms
08-04 11:36:50.128 25453 25679 I art     : Starting a blocking GC Explicit
08-04 11:36:50.132 25453 26037 I NAPPA_EXPERIMENTATION: MetricNetworkRequestExecutionTime: REQUEST_DURATION_SYSTEM='242',REQUEST_DURATION_OKHTTP='239',REQUEST_SYNCHRONOUS='TRUE',RESPONSE_CODE='200',RESPONSE_METHOD='GET',RESPONSE_LENGTH_OKHTTP='-1',RESPONSE_LENGTH_HEADER='21282',REQUEST_PROTOCOL='h2',REQUEST_URL='https://oauth.reddit.com/r/askscience/hot/.json',
08-04 11:36:50.132 25453 26037 D OK      : request got status: 200
08-04 11:36:50.149 25453 25679 I art     : Explicit concurrent mark sweep GC freed 427(64KB) AllocSpace objects, 0(0B) LOS objects, 39% free, 24MB/40MB, paused 374us total 20.643ms
08-04 11:36:50.149 25453 26023 I PostListingFragment: Precaching images: OFF
08-04 11:36:50.149 25453 26023 I PostListingFragment: Precaching comments: OFF
08-04 11:36:50.158 25453 25679 I art     : Starting a blocking GC Explicit
08-04 11:36:50.180 25453 25679 I art     : Explicit concurrent mark sweep GC freed 402(65KB) AllocSpace objects, 0(0B) LOS objects, 39% free, 24MB/40MB, paused 302us total 21.769ms
08-04 11:36:50.190 25453 25679 I art     : Starting a blocking GC Explicit
08-04 11:36:50.213 25453 25679 I art     : Explicit concurrent mark sweep GC freed 1452(100KB) AllocSpace objects, 0(0B) LOS objects, 39% free, 24MB/40MB, paused 473us total 22.747ms
08-04 11:36:50.366   518   646 I ThermalEngine: ACTION: GPU - Setting GPU[0] to 510000000
08-04 11:36:50.469 25453 25476 I art     : Starting a blocking GC Explicit
08-04 11:36:50.502 25453 25476 I art     : Explicit concurrent mark sweep GC freed 33246(1470KB) AllocSpace objects, 3(156KB) LOS objects, 39% free, 24MB/40MB, paused 558us total 32.558ms
08-04 11:36:50.515 25453 25476 I art     : Starting a blocking GC Explicit
08-04 11:36:50.544 25453 25476 I art     : Explicit concurrent mark sweep GC freed 2923(130KB) AllocSpace objects, 0(0B) LOS objects, 39% free, 24MB/40MB, paused 527us total 28.612ms
08-04 11:36:50.557 25453 25476 I art     : Starting a blocking GC Explicit
08-04 11:36:50.585 25453 25476 I art     : Explicit concurrent mark sweep GC freed 544(22KB) AllocSpace objects, 0(0B) LOS objects, 39% free, 24MB/40MB, paused 277us total 27.683ms
08-04 11:36:50.597 25453 25476 I art     : Starting a blocking GC Explicit
08-04 11:36:50.626 25453 25476 I art     : Explicit concurrent mark sweep GC freed 19(1200B) AllocSpace objects, 0(0B) LOS objects, 39% free, 24MB/40MB, paused 246us total 27.944ms
08-04 11:36:50.638 25453 25476 I art     : Starting a blocking GC Explicit
08-04 11:36:50.666 25453 25476 I art     : Explicit concurrent mark sweep GC freed 3(96B) AllocSpace objects, 0(0B) LOS objects, 39% free, 24MB/40MB, paused 237us total 26.907ms
08-04 11:36:50.956 25453 25465 I art     : Starting a blocking GC Explicit
08-04 11:36:50.987 25453 25465 I art     : Explicit concurrent mark sweep GC freed 1690(95KB) AllocSpace objects, 1(20KB) LOS objects, 39% free, 24MB/40MB, paused 255us total 31.016ms
08-04 11:36:51.001 25453 25465 I art     : Starting a blocking GC Explicit
08-04 11:36:51.031 25453 25465 I art     : Explicit concurrent mark sweep GC freed 83(4KB) AllocSpace objects, 0(0B) LOS objects, 39% free, 24MB/40MB, paused 248us total 30.392ms
08-04 11:36:51.031 25453 25464 I art     : WaitForGcToComplete blocked for 15.274ms for cause HeapTrim
08-04 11:36:51.045 25453 25465 I art     : Starting a blocking GC Explicit
08-04 11:36:51.075 25453 25465 I art     : Explicit concurrent mark sweep GC freed 3(96B) AllocSpace objects, 0(0B) LOS objects, 39% free, 24MB/40MB, paused 252us total 30.215ms
08-04 11:36:51.089 25453 25465 I art     : Starting a blocking GC Explicit
08-04 11:36:51.120 25453 25465 I art     : Explicit concurrent mark sweep GC freed 3(96B) AllocSpace objects, 0(0B) LOS objects, 39% free, 24MB/40MB, paused 300us total 30.616ms
08-04 11:36:51.133 25453 25465 I art     : Starting a blocking GC Explicit
08-04 11:36:51.163 25453 25465 I art     : Explicit concurrent mark sweep GC freed 3(96B) AllocSpace objects, 0(0B) LOS objects, 39% free, 24MB/40MB, paused 243us total 29.907ms
08-04 11:36:51.474 25453 25466 I art     : Starting a blocking GC Explicit
08-04 11:36:51.518 25453 25466 I art     : Explicit concurrent mark sweep GC freed 1346(78KB) AllocSpace objects, 1(20KB) LOS objects, 39% free, 24MB/40MB, paused 417us total 43.407ms
08-04 11:36:51.536 25453 25466 I art     : Starting a blocking GC Explicit
08-04 11:36:51.565 25453 25466 I art     : Explicit concurrent mark sweep GC freed 20(704B) AllocSpace objects, 0(0B) LOS objects, 39% free, 24MB/40MB, paused 242us total 28.433ms
08-04 11:36:51.578 25453 25466 I art     : Starting a blocking GC Explicit
08-04 11:36:51.608 25453 25466 I art     : Explicit concurrent mark sweep GC freed 3(96B) AllocSpace objects, 0(0B) LOS objects, 39% free, 24MB/40MB, paused 245us total 29.696ms
08-04 11:36:51.621 25453 25466 I art     : Starting a blocking GC Explicit
08-04 11:36:51.652 25453 25466 I art     : Explicit concurrent mark sweep GC freed 3(96B) AllocSpace objects, 0(0B) LOS objects, 39% free, 24MB/40MB, paused 251us total 30.412ms
08-04 11:36:51.665 25453 25466 I art     : Starting a blocking GC Explicit
08-04 11:36:51.681 20359 20359 I ServiceManager: Waiting for service AtCmdFwd...
08-04 11:36:51.695 25453 25466 I art     : Explicit concurrent mark sweep GC freed 3(96B) AllocSpace objects, 0(0B) LOS objects, 39% free, 24MB/40MB, paused 255us total 29.474ms
08-04 11:36:52.019 25453 25679 I art     : Starting a blocking GC Explicit
08-04 11:36:52.057 25453 25679 I art     : Explicit concurrent mark sweep GC freed 1343(78KB) AllocSpace objects, 1(20KB) LOS objects, 39% free, 24MB/40MB, paused 289us total 38.018ms
08-04 11:36:52.074 25453 25679 I art     : Starting a blocking GC Explicit
08-04 11:36:52.103 25453 25679 I art     : Explicit concurrent mark sweep GC freed 20(704B) AllocSpace objects, 0(0B) LOS objects, 39% free, 24MB/40MB, paused 249us total 28.929ms
08-04 11:36:52.116 25453 25679 I art     : Starting a blocking GC Explicit
08-04 11:36:52.147 25453 25679 I art     : Explicit concurrent mark sweep GC freed 3(96B) AllocSpace objects, 0(0B) LOS objects, 39% free, 24MB/40MB, paused 366us total 30.401ms
08-04 11:36:52.160 25453 25679 I art     : Starting a blocking GC Explicit
08-04 11:36:52.190 25453 25679 I art     : Explicit concurrent mark sweep GC freed 3(96B) AllocSpace objects, 0(0B) LOS objects, 39% free, 24MB/40MB, paused 264us total 29.744ms
08-04 11:36:52.204 25453 25679 I art     : Starting a blocking GC Explicit
08-04 11:36:52.235 25453 25679 I art     : Explicit concurrent mark sweep GC freed 3(96B) AllocSpace objects, 0(0B) LOS objects, 39% free, 24MB/40MB, paused 258us total 30.399ms
08-04 11:36:52.351 13866 13882 I PeriodicStatsRunner: PeriodicStatsRunner.call():175 call()
08-04 11:36:52.352 13866 13882 I PeriodicStatsRunner: PeriodicStatsRunner.call():179 No submit PeriodicStats since input started.
08-04 11:36:52.371   518   646 I ThermalEngine: ACTION: GPU - Setting GPU[0] to 600000000
08-04 11:36:52.554 25453 25476 I art     : Starting a blocking GC Explicit
08-04 11:36:52.584 25453 25476 I art     : Explicit concurrent mark sweep GC freed 1343(78KB) AllocSpace objects, 1(20KB) LOS objects, 39% free, 24MB/40MB, paused 222us total 29.687ms
08-04 11:36:52.600 25453 25476 I art     : Starting a blocking GC Explicit
08-04 11:36:52.625 25453 25476 I art     : Explicit concurrent mark sweep GC freed 20(704B) AllocSpace objects, 0(0B) LOS objects, 39% free, 24MB/40MB, paused 177us total 24.517ms
08-04 11:36:52.635 25453 25476 I art     : Starting a blocking GC Explicit
08-04 11:36:52.659 25453 25476 I art     : Explicit concurrent mark sweep GC freed 3(96B) AllocSpace objects, 0(0B) LOS objects, 39% free, 24MB/40MB, paused 186us total 23.690ms
08-04 11:36:52.670 25453 25476 I art     : Starting a blocking GC Explicit
08-04 11:36:52.681 20359 20359 I ServiceManager: Waiting for service AtCmdFwd...
08-04 11:36:52.694 25453 25476 I art     : Explicit concurrent mark sweep GC freed 3(96B) AllocSpace objects, 0(0B) LOS objects, 39% free, 24MB/40MB, paused 190us total 24.318ms
08-04 11:36:52.705 25453 25476 I art     : Starting a blocking GC Explicit
08-04 11:36:52.729 25453 25476 I art     : Explicit concurrent mark sweep GC freed 3(96B) AllocSpace objects, 0(0B) LOS objects, 39% free, 24MB/40MB, paused 198us total 23.771ms
08-04 11:36:52.966 13866 13882 I PeriodicStatsRunner: PeriodicStatsRunner.call():175 call()
08-04 11:36:52.967 13866 13882 I PeriodicStatsRunner: PeriodicStatsRunner.call():179 No submit PeriodicStats since input started.
08-04 11:36:53.035 25453 25465 I art     : Starting a blocking GC Explicit
08-04 11:36:53.069 25453 25465 I art     : Explicit concurrent mark sweep GC freed 1343(78KB) AllocSpace objects, 1(20KB) LOS objects, 39% free, 24MB/40MB, paused 220us total 33.553ms
08-04 11:36:53.084 25453 25465 I art     : Starting a blocking GC Explicit
08-04 11:36:53.108 25453 25465 I art     : Explicit concurrent mark sweep GC freed 20(704B) AllocSpace objects, 0(0B) LOS objects, 39% free, 24MB/40MB, paused 189us total 24.361ms
08-04 11:36:53.119 25453 25465 I art     : Starting a blocking GC Explicit
08-04 11:36:53.143 25453 25465 I art     : Explicit concurrent mark sweep GC freed 3(96B) AllocSpace objects, 0(0B) LOS objects, 39% free, 24MB/40MB, paused 175us total 23.643ms
08-04 11:36:53.153 25453 25465 I art     : Starting a blocking GC Explicit
08-04 11:36:53.177 25453 25465 I art     : Explicit concurrent mark sweep GC freed 3(96B) AllocSpace objects, 0(0B) LOS objects, 39% free, 24MB/40MB, paused 188us total 24.253ms
08-04 11:36:53.188 25453 25465 I art     : Starting a blocking GC Explicit
08-04 11:36:53.211 25453 25465 I art     : Explicit concurrent mark sweep GC freed 3(96B) AllocSpace objects, 0(0B) LOS objects, 39% free, 24MB/40MB, paused 183us total 23.329ms
08-04 11:36:53.533 25453 25466 I art     : Starting a blocking GC Explicit
08-04 11:36:53.569 25453 25466 I art     : Explicit concurrent mark sweep GC freed 1347(78KB) AllocSpace objects, 1(20KB) LOS objects, 39% free, 24MB/40MB, paused 207us total 35.683ms
08-04 11:36:53.583 25453 25466 I art     : Starting a blocking GC Explicit
08-04 11:36:53.608 25453 25466 I art     : Explicit concurrent mark sweep GC freed 20(704B) AllocSpace objects, 0(0B) LOS objects, 39% free, 24MB/40MB, paused 193us total 24.909ms
08-04 11:36:53.619 25453 25466 I art     : Starting a blocking GC Explicit
08-04 11:36:53.643 25453 25466 I art     : Explicit concurrent mark sweep GC freed 3(96B) AllocSpace objects, 0(0B) LOS objects, 39% free, 24MB/40MB, paused 187us total 23.969ms
08-04 11:36:53.653 25453 25466 I art     : Starting a blocking GC Explicit
08-04 11:36:53.677 25453 25466 I art     : Explicit concurrent mark sweep GC freed 3(96B) AllocSpace objects, 0(0B) LOS objects, 39% free, 24MB/40MB, paused 186us total 23.976ms
08-04 11:36:53.682 20359 20359 I ServiceManager: Waiting for service AtCmdFwd...
08-04 11:36:53.688 25453 25466 I art     : Starting a blocking GC Explicit
08-04 11:36:53.707 13866 13882 I PeriodicStatsRunner: PeriodicStatsRunner.call():175 call()
08-04 11:36:53.708 13866 13882 I PeriodicStatsRunner: PeriodicStatsRunner.call():179 No submit PeriodicStats since input started.
08-04 11:36:53.711 25453 25466 I art     : Explicit concurrent mark sweep GC freed 3(96B) AllocSpace objects, 0(0B) LOS objects, 39% free, 24MB/40MB, paused 184us total 23.708ms
08-04 11:36:53.973 25453 25679 I art     : Starting a blocking GC Explicit
08-04 11:36:53.998 25453 25679 I art     : Explicit concurrent mark sweep GC freed 1344(78KB) AllocSpace objects, 1(20KB) LOS objects, 39% free, 24MB/40MB, paused 190us total 25.109ms
08-04 11:36:54.009 25453 25679 I art     : Starting a blocking GC Explicit
08-04 11:36:54.033 25453 25679 I art     : Explicit concurrent mark sweep GC freed 20(704B) AllocSpace objects, 0(0B) LOS objects, 39% free, 24MB/40MB, paused 192us total 23.744ms
08-04 11:36:54.044 25453 25679 I art     : Starting a blocking GC Explicit
08-04 11:36:54.067 25453 25679 I art     : Explicit concurrent mark sweep GC freed 3(96B) AllocSpace objects, 0(0B) LOS objects, 39% free, 24MB/40MB, paused 238us total 22.596ms
08-04 11:36:54.076 25453 25679 I art     : Starting a blocking GC Explicit
08-04 11:36:54.100 25453 25679 I art     : Explicit concurrent mark sweep GC freed 3(96B) AllocSpace objects, 0(0B) LOS objects, 39% free, 24MB/40MB, paused 178us total 23.767ms
08-04 11:36:54.110 25453 25679 I art     : Starting a blocking GC Explicit
08-04 11:36:54.133 25453 25679 I art     : Explicit concurrent mark sweep GC freed 3(96B) AllocSpace objects, 0(0B) LOS objects, 39% free, 24MB/40MB, paused 185us total 22.831ms
08-04 11:36:54.182 26118 26118 D AndroidRuntime: >>>>>> START com.android.internal.os.RuntimeInit uid 2000 <<<<<<
08-04 11:36:54.186 26118 26118 D AndroidRuntime: CheckJNI is OFF
08-04 11:36:54.213 26118 26118 D ICU     : No timezone override file found: /data/misc/zoneinfo/current/icu/icu_tzdata.dat
08-04 11:36:54.238 26118 26118 I Radio-JNI: register_android_hardware_Radio DONE
08-04 11:36:54.254 26118 26118 D AndroidRuntime: Calling main entry com.android.commands.input.Input
08-04 11:36:54.256 26118 26118 I Input   : injectMotionEvent: MotionEvent { action=ACTION_DOWN, actionButton=0, id[0]=0, x[0]=600.0, y[0]=700.0, toolType[0]=TOOL_TYPE_UNKNOWN, buttonState=0, metaState=0, flags=0x0, edgeFlags=0x0, pointerCount=1, historySize=0, eventTime=704230669, downTime=704230669, deviceId=0, source=0x1002 }
08-04 11:36:54.263 26118 26118 I Input   : injectMotionEvent: MotionEvent { action=ACTION_UP, actionButton=0, id[0]=0, x[0]=600.0, y[0]=700.0, toolType[0]=TOOL_TYPE_UNKNOWN, buttonState=0, metaState=0, flags=0x0, edgeFlags=0x0, pointerCount=1, historySize=0, eventTime=704230669, downTime=704230669, deviceId=0, source=0x1002 }
08-04 11:36:54.265 25453 25453 I RRChoreographer: Using modern Choreographer
08-04 11:36:54.266 26118 26118 D AndroidRuntime: Shutting down VM
08-04 11:36:54.279   512  2967 D audio_hw_primary: out_set_parameters: enter: usecase(1: low-latency-playback) kvpairs: routing=2
08-04 11:36:54.280   918  5952 I ActivityManager: START u0 {dat=https://oauth.reddit.com/... cmp=baseline.org.quantumbadger.redreader/.activities.CommentListingActivity} from uid 10666 on display 0
08-04 11:36:54.292   512  2967 D audio_hw_primary: select_devices: out_snd_device(2: speaker) in_snd_device(0: none)
08-04 11:36:54.292   512  2967 D msm8974_platform: platform_send_audio_calibration: sending audio calibration for snd_device(2) acdb_id(15)
08-04 11:36:54.292   512  2967 I soundtrigger: audio_extn_sound_trigger_update_device_status: device 0x2 of type 0 for Event 1
08-04 11:36:54.304 25453 25453 I AppCompatViewInflater: app:theme is now deprecated. Please move to using android:theme instead.
08-04 11:36:54.306   512  2967 D audio_hw_primary: enable_snd_device: snd_device(2: speaker)
08-04 11:36:54.308   512  2967 D audio_hw_primary: enable_audio_route: apply and update mixer path: low-latency-playback speaker
08-04 11:36:54.320 25453 26153 D OK      : calling: https://oauth.reddit.com/comments/gvc7k9/.json?sort=confidence
08-04 11:36:54.364 25453 25476 I art     : Starting a blocking GC Explicit
08-04 11:36:54.390 25453 25476 I art     : Explicit concurrent mark sweep GC freed 4163(267KB) AllocSpace objects, 1(20KB) LOS objects, 39% free, 24MB/40MB, paused 315us total 25.612ms
08-04 11:36:54.397   918   936 I ActivityManager: Displayed baseline.org.quantumbadger.redreader/.activities.CommentListingActivity: +106ms
08-04 11:36:54.398 13866 13866 I GoogleInputMethodServic: GoogleInputMethodService.onFinishInput():3138 
08-04 11:36:54.398 13866 13866 I GoogleInputMethodServic: GoogleInputMethodService.onStartInput():1808 
08-04 11:36:54.401 25453 25476 I art     : Starting a blocking GC Explicit
08-04 11:36:54.428 25453 25476 I art     : Explicit concurrent mark sweep GC freed 471(23KB) AllocSpace objects, 0(0B) LOS objects, 39% free, 24MB/40MB, paused 270us total 26.839ms
08-04 11:36:54.441 25453 25476 I art     : Starting a blocking GC Explicit
08-04 11:36:54.464 25453 25476 I art     : Explicit concurrent mark sweep GC freed 27(1296B) AllocSpace objects, 0(0B) LOS objects, 39% free, 24MB/40MB, paused 226us total 23.007ms
08-04 11:36:54.475 25453 25476 I art     : Starting a blocking GC Explicit
08-04 11:36:54.498 25453 25476 I art     : Explicit concurrent mark sweep GC freed 3(96B) AllocSpace objects, 0(0B) LOS objects, 39% free, 24MB/40MB, paused 205us total 22.993ms
08-04 11:36:54.508 25453 25476 I art     : Starting a blocking GC Explicit
08-04 11:36:54.530 25453 25476 I art     : Explicit concurrent mark sweep GC freed 5(192B) AllocSpace objects, 0(0B) LOS objects, 39% free, 24MB/40MB, paused 205us total 22.111ms
08-04 11:36:54.537 25453 26153 I NAPPA_EXPERIMENTATION: MetricNetworkRequestExecutionTime: REQUEST_DURATION_SYSTEM='217',REQUEST_DURATION_OKHTTP='214',REQUEST_SYNCHRONOUS='TRUE',RESPONSE_CODE='200',RESPONSE_METHOD='GET',RESPONSE_LENGTH_OKHTTP='-1',RESPONSE_LENGTH_HEADER='90132',REQUEST_PROTOCOL='h2',REQUEST_URL='https://oauth.reddit.com/comments/gvc7k9/.json?sort=confidence',
08-04 11:36:54.537 25453 26153 D OK      : request got status: 200
08-04 11:36:54.546 25453 26023 I CommentListingActivity: COMMENTS session changed to 01a74ab7-412c-47c0-88b1-2ae87dd3cb5b
08-04 11:36:54.657   380   380 W SurfaceFlinger: couldn't log to binary event log: overflow.
08-04 11:36:54.683 20359 20359 I ServiceManager: Waiting for service AtCmdFwd...
08-04 11:36:54.741 25453 25465 I art     : Starting a blocking GC Explicit
08-04 11:36:54.781 25453 25465 I art     : Explicit concurrent mark sweep GC freed 37637(2MB) AllocSpace objects, 4(72KB) LOS objects, 35% free, 28MB/44MB, paused 451us total 39.514ms
08-04 11:36:54.794 25453 25465 I art     : Starting a blocking GC Explicit
08-04 11:36:54.832 25453 25465 I art     : Explicit concurrent mark sweep GC freed 6235(440KB) AllocSpace objects, 1(68KB) LOS objects, 35% free, 28MB/44MB, paused 281us total 38.641ms
08-04 11:36:54.844 25453 25465 I art     : Starting a blocking GC Explicit
08-04 11:36:54.849   512  2967 D audio_hw_primary: disable_audio_route: reset and update mixer path: low-latency-playback speaker
08-04 11:36:54.849   512  2967 D audio_hw_primary: disable_snd_device: snd_device(2: speaker)
08-04 11:36:54.856   512  2967 I soundtrigger: audio_extn_sound_trigger_update_device_status: device 0x2 of type 0 for Event 0
08-04 11:36:54.876 25453 25465 I art     : Explicit concurrent mark sweep GC freed 19409(916KB) AllocSpace objects, 1(68KB) LOS objects, 36% free, 27MB/43MB, paused 175us total 31.879ms
08-04 11:36:54.887 25453 25465 I art     : Starting a blocking GC Explicit
08-04 11:36:54.921 25453 25465 I art     : Explicit concurrent mark sweep GC freed 28(2160B) AllocSpace objects, 0(0B) LOS objects, 36% free, 27MB/43MB, paused 185us total 33.698ms
08-04 11:36:54.933 25453 25465 I art     : Starting a blocking GC Explicit
08-04 11:36:54.965 25453 25465 I art     : Explicit concurrent mark sweep GC freed 3(96B) AllocSpace objects, 0(0B) LOS objects, 36% free, 27MB/43MB, paused 185us total 31.795ms
08-04 11:36:55.261 25453 25466 I art     : Starting a blocking GC Explicit
08-04 11:36:55.304 25453 25466 I art     : Explicit concurrent mark sweep GC freed 1343(78KB) AllocSpace objects, 1(20KB) LOS objects, 36% free, 27MB/43MB, paused 202us total 42.916ms
08-04 11:36:55.318 25453 25466 I art     : Starting a blocking GC Explicit
08-04 11:36:55.353 25453 25466 I art     : Explicit concurrent mark sweep GC freed 20(704B) AllocSpace objects, 0(0B) LOS objects, 36% free, 27MB/43MB, paused 197us total 35.127ms
08-04 11:36:55.365 25453 25466 I art     : Starting a blocking GC Explicit
08-04 11:36:55.401 25453 25466 I art     : Explicit concurrent mark sweep GC freed 3(96B) AllocSpace objects, 0(0B) LOS objects, 36% free, 27MB/43MB, paused 192us total 35.477ms
08-04 11:36:55.412 25453 25466 I art     : Starting a blocking GC Explicit
08-04 11:36:55.446 25453 25466 I art     : Explicit concurrent mark sweep GC freed 49(1920B) AllocSpace objects, 0(0B) LOS objects, 36% free, 27MB/43MB, paused 195us total 33.303ms
08-04 11:36:55.458 25453 25466 I art     : Starting a blocking GC Explicit
08-04 11:36:55.494 25453 25466 I art     : Explicit concurrent mark sweep GC freed 3(96B) AllocSpace objects, 0(0B) LOS objects, 36% free, 27MB/43MB, paused 202us total 35.731ms
08-04 11:36:55.683 20359 20359 I ServiceManager: Waiting for service AtCmdFwd...
08-04 11:36:55.782 25453 25476 I art     : Starting a blocking GC Explicit
08-04 11:36:55.830 25453 25476 I art     : Explicit concurrent mark sweep GC freed 1343(78KB) AllocSpace objects, 1(20KB) LOS objects, 36% free, 27MB/43MB, paused 230us total 47.377ms
08-04 11:36:55.845 25453 25476 I art     : Starting a blocking GC Explicit
08-04 11:36:55.883 25453 25476 I art     : Explicit concurrent mark sweep GC freed 20(704B) AllocSpace objects, 0(0B) LOS objects, 36% free, 27MB/43MB, paused 204us total 37.472ms
08-04 11:36:55.895 25453 25476 I art     : Starting a blocking GC Explicit
08-04 11:36:55.932 25453 25476 I art     : Explicit concurrent mark sweep GC freed 3(96B) AllocSpace objects, 0(0B) LOS objects, 36% free, 27MB/43MB, paused 197us total 36.667ms
08-04 11:36:55.944 25453 25476 I art     : Starting a blocking GC Explicit
08-04 11:36:55.980 25453 25476 I art     : Explicit concurrent mark sweep GC freed 3(96B) AllocSpace objects, 0(0B) LOS objects, 36% free, 27MB/43MB, paused 198us total 36.139ms
08-04 11:36:55.992 25453 25476 I art     : Starting a blocking GC Explicit
08-04 11:36:56.029 25453 25476 I art     : Explicit concurrent mark sweep GC freed 3(96B) AllocSpace objects, 0(0B) LOS objects, 36% free, 27MB/43MB, paused 195us total 36.136ms
08-04 11:36:56.352 25453 25465 I art     : Starting a blocking GC Explicit
08-04 11:36:56.402 25453 25465 I art     : Explicit concurrent mark sweep GC freed 1343(78KB) AllocSpace objects, 1(20KB) LOS objects, 36% free, 27MB/43MB, paused 227us total 50.328ms
08-04 11:36:56.416 25453 25465 I art     : Starting a blocking GC Explicit
08-04 11:36:56.453 25453 25465 I art     : Explicit concurrent mark sweep GC freed 20(704B) AllocSpace objects, 0(0B) LOS objects, 36% free, 27MB/43MB, paused 192us total 36.851ms
08-04 11:36:56.465 25453 25465 I art     : Starting a blocking GC Explicit
08-04 11:36:56.502 25453 25465 I art     : Explicit concurrent mark sweep GC freed 3(96B) AllocSpace objects, 0(0B) LOS objects, 36% free, 27MB/43MB, paused 221us total 35.960ms
08-04 11:36:56.514 25453 25465 I art     : Starting a blocking GC Explicit
08-04 11:36:56.550 25453 25465 I art     : Explicit concurrent mark sweep GC freed 3(96B) AllocSpace objects, 0(0B) LOS objects, 36% free, 27MB/43MB, paused 199us total 35.957ms
08-04 11:36:56.561 25453 25465 I art     : Starting a blocking GC Explicit
08-04 11:36:56.596 25453 25465 I art     : Explicit concurrent mark sweep GC freed 3(96B) AllocSpace objects, 0(0B) LOS objects, 36% free, 27MB/43MB, paused 194us total 34.879ms
08-04 11:36:56.683 20359 20359 W Atfwd_Sendcmd: AtCmdFwd service not published, waiting... retryCnt : 5
08-04 11:36:56.903 25453 25679 I art     : Starting a blocking GC Explicit
08-04 11:36:56.954 25453 25679 I art     : Explicit concurrent mark sweep GC freed 1343(78KB) AllocSpace objects, 1(20KB) LOS objects, 36% free, 27MB/43MB, paused 232us total 50.306ms
08-04 11:36:56.970 25453 25679 I art     : Starting a blocking GC Explicit
08-04 11:36:57.006 25453 25679 I art     : Explicit concurrent mark sweep GC freed 20(704B) AllocSpace objects, 0(0B) LOS objects, 36% free, 27MB/43MB, paused 208us total 35.899ms
08-04 11:36:57.018 25453 25679 I art     : Starting a blocking GC Explicit
08-04 11:36:57.055 25453 25679 I art     : Explicit concurrent mark sweep GC freed 3(96B) AllocSpace objects, 0(0B) LOS objects, 36% free, 27MB/43MB, paused 194us total 36.960ms
08-04 11:36:57.067 25453 25679 I art     : Starting a blocking GC Explicit
08-04 11:36:57.104 25453 25679 I art     : Explicit concurrent mark sweep GC freed 3(96B) AllocSpace objects, 0(0B) LOS objects, 36% free, 27MB/43MB, paused 194us total 35.865ms
08-04 11:36:57.116 25453 25679 I art     : Starting a blocking GC Explicit
08-04 11:36:57.151 25453 25679 I art     : Explicit concurrent mark sweep GC freed 3(96B) AllocSpace objects, 0(0B) LOS objects, 36% free, 27MB/43MB, paused 198us total 35.024ms
08-04 11:36:57.465 25453 25466 I art     : Starting a blocking GC Explicit
08-04 11:36:57.521 25453 25466 I art     : Explicit concurrent mark sweep GC freed 1344(79KB) AllocSpace objects, 1(20KB) LOS objects, 36% free, 27MB/43MB, paused 219us total 55.055ms
08-04 11:36:57.536 25453 25466 I art     : Starting a blocking GC Explicit
08-04 11:36:57.569 25453 25466 I art     : Explicit concurrent mark sweep GC freed 20(704B) AllocSpace objects, 0(0B) LOS objects, 36% free, 27MB/43MB, paused 184us total 32.123ms
08-04 11:36:57.579 25453 25466 I art     : Starting a blocking GC Explicit
08-04 11:36:57.614 25453 25466 I art     : Explicit concurrent mark sweep GC freed 3(96B) AllocSpace objects, 0(0B) LOS objects, 36% free, 27MB/43MB, paused 195us total 34.611ms
08-04 11:36:57.626 25453 25466 I art     : Starting a blocking GC Explicit
08-04 11:36:57.662 25453 25466 I art     : Explicit concurrent mark sweep GC freed 3(96B) AllocSpace objects, 0(0B) LOS objects, 36% free, 27MB/43MB, paused 190us total 35.603ms
08-04 11:36:57.674 25453 25466 I art     : Starting a blocking GC Explicit
08-04 11:36:57.709 25453 25466 I art     : Explicit concurrent mark sweep GC freed 3(96B) AllocSpace objects, 0(0B) LOS objects, 36% free, 27MB/43MB, paused 189us total 35.131ms
08-04 11:36:58.012 25453 25476 I art     : Starting a blocking GC Explicit
08-04 11:36:58.061 25453 25476 I art     : Explicit concurrent mark sweep GC freed 1347(79KB) AllocSpace objects, 1(20KB) LOS objects, 36% free, 27MB/43MB, paused 226us total 48.920ms
08-04 11:36:58.079 25453 25476 I art     : Starting a blocking GC Explicit
08-04 11:36:58.115 25453 25476 I art     : Explicit concurrent mark sweep GC freed 20(704B) AllocSpace objects, 0(0B) LOS objects, 36% free, 27MB/43MB, paused 194us total 35.599ms
08-04 11:36:58.126 25453 25476 I art     : Starting a blocking GC Explicit
08-04 11:36:58.163 25453 25476 I art     : Explicit concurrent mark sweep GC freed 3(96B) AllocSpace objects, 0(0B) LOS objects, 36% free, 27MB/43MB, paused 195us total 36.213ms
08-04 11:36:58.175 25453 25476 I art     : Starting a blocking GC Explicit
08-04 11:36:58.211 25453 25476 I art     : Explicit concurrent mark sweep GC freed 3(96B) AllocSpace objects, 0(0B) LOS objects, 36% free, 27MB/43MB, paused 198us total 36.268ms
08-04 11:36:58.223 25453 25476 I art     : Starting a blocking GC Explicit
08-04 11:36:58.260 25453 25476 I art     : Explicit concurrent mark sweep GC freed 3(96B) AllocSpace objects, 0(0B) LOS objects, 36% free, 27MB/43MB, paused 203us total 36.944ms
08-04 11:36:58.577 25453 25465 I art     : Starting a blocking GC Explicit
08-04 11:36:58.615 25453 25465 I art     : Explicit concurrent mark sweep GC freed 1344(78KB) AllocSpace objects, 1(20KB) LOS objects, 36% free, 27MB/43MB, paused 192us total 38.216ms
08-04 11:36:58.627 25453 25465 I art     : Starting a blocking GC Explicit
08-04 11:36:58.662 25453 25465 I art     : Explicit concurrent mark sweep GC freed 20(704B) AllocSpace objects, 0(0B) LOS objects, 36% free, 27MB/43MB, paused 189us total 35.217ms
08-04 11:36:58.674 25453 25465 I art     : Starting a blocking GC Explicit
08-04 11:36:58.708 25453 25465 I art     : Explicit concurrent mark sweep GC freed 3(96B) AllocSpace objects, 0(0B) LOS objects, 36% free, 27MB/43MB, paused 194us total 34.047ms
08-04 11:36:58.720 25453 25465 I art     : Starting a blocking GC Explicit
08-04 11:36:58.754 25453 25465 I art     : Explicit concurrent mark sweep GC freed 3(96B) AllocSpace objects, 0(0B) LOS objects, 36% free, 27MB/43MB, paused 186us total 34.140ms
08-04 11:36:58.765 25453 25465 I art     : Starting a blocking GC Explicit
08-04 11:36:58.799 25453 25465 I art     : Explicit concurrent mark sweep GC freed 3(96B) AllocSpace objects, 0(0B) LOS objects, 36% free, 27MB/43MB, paused 192us total 33.868ms
08-04 11:36:58.847 26232 26232 D AndroidRuntime: >>>>>> START com.android.internal.os.RuntimeInit uid 2000 <<<<<<
08-04 11:36:58.851 26232 26232 D AndroidRuntime: CheckJNI is OFF
08-04 11:36:58.877 26232 26232 D ICU     : No timezone override file found: /data/misc/zoneinfo/current/icu/icu_tzdata.dat
08-04 11:36:58.902 26232 26232 I Radio-JNI: register_android_hardware_Radio DONE
08-04 11:36:58.918 26232 26232 D AndroidRuntime: Calling main entry com.android.commands.input.Input
08-04 11:36:58.920 26232 26232 I Input   : injectKeyEvent: KeyEvent { action=ACTION_DOWN, keyCode=KEYCODE_BACK, scanCode=0, metaState=0, flags=0x0, repeatCount=0, eventTime=704235333, downTime=704235333, deviceId=-1, source=0x101 }
08-04 11:36:58.927 26232 26232 I Input   : injectKeyEvent: KeyEvent { action=ACTION_UP, keyCode=KEYCODE_BACK, scanCode=0, metaState=0, flags=0x0, repeatCount=0, eventTime=704235333, downTime=704235333, deviceId=-1, source=0x101 }
08-04 11:36:58.935 26232 26232 D AndroidRuntime: Shutting down VM
08-04 11:36:58.976 13866 13866 I GoogleInputMethodServic: GoogleInputMethodService.onFinishInput():3138 
08-04 11:36:58.977 13866 13866 I GoogleInputMethodServic: GoogleInputMethodService.onStartInput():1808 
08-04 11:36:59.020 25453 25679 I art     : Starting a blocking GC Explicit
08-04 11:36:59.052 25453 25679 I art     : Explicit concurrent mark sweep GC freed 1588(87KB) AllocSpace objects, 1(20KB) LOS objects, 36% free, 27MB/43MB, paused 185us total 31.599ms
08-04 11:36:59.063 25453 25679 I art     : Starting a blocking GC Explicit
08-04 11:36:59.096 25453 25679 I art     : Explicit concurrent mark sweep GC freed 24(864B) AllocSpace objects, 0(0B) LOS objects, 36% free, 27MB/43MB, paused 170us total 32.467ms
08-04 11:36:59.109 25453 25679 I art     : Starting a blocking GC Explicit
08-04 11:36:59.142 25453 25679 I art     : Explicit concurrent mark sweep GC freed 3(96B) AllocSpace objects, 0(0B) LOS objects, 36% free, 27MB/43MB, paused 194us total 33.339ms
08-04 11:36:59.156 25453 25679 I art     : Starting a blocking GC Explicit
08-04 11:36:59.191 25453 25679 I art     : Explicit concurrent mark sweep GC freed 3(96B) AllocSpace objects, 0(0B) LOS objects, 36% free, 27MB/43MB, paused 194us total 34.958ms
08-04 11:36:59.203 25453 25679 I art     : Starting a blocking GC Explicit
08-04 11:36:59.237 25453 25679 I art     : Explicit concurrent mark sweep GC freed 3(96B) AllocSpace objects, 0(0B) LOS objects, 36% free, 27MB/43MB, paused 173us total 34.178ms
08-04 11:36:59.292 25453 26146 I RedditChangeDataIO: Writing tmp data file at '/data/user/0/baseline.org.quantumbadger.redreader/files/rr_change_data_tmp.dat'
08-04 11:36:59.293 25453 26146 I RedditChangeDataManager: Taking snapshot...
08-04 11:36:59.293 25453 26146 I RedditChangeDataManager: Writing to stream...
08-04 11:36:59.293 25453 26146 I RedditChangeDataManager: Wrote 1 entries for user ''
08-04 11:36:59.293 25453 26146 I RedditChangeDataManager: All entries written to stream.
08-04 11:36:59.293 25453 26146 I RedditChangeDataIO: Write successful. Atomically replacing data file...
08-04 11:36:59.293 25453 26146 I RedditChangeDataIO: Write complete.
08-04 11:36:59.293 25453 26146 I RedditChangeDataIO: 38 bytes written in 1 ms
08-04 11:36:59.295   380   380 W SurfaceFlinger: couldn't log to binary event log: overflow.
08-04 11:36:59.398 13866 13882 I PeriodicStatsRunner: PeriodicStatsRunner.call():175 call()
08-04 11:36:59.398 13866 13882 I PeriodicStatsRunner: PeriodicStatsRunner.call():179 No submit PeriodicStats since input started.
08-04 11:36:59.511 25453 25466 I art     : Starting a blocking GC Explicit
08-04 11:36:59.551 25453 25466 I art     : Explicit concurrent mark sweep GC freed 1481(86KB) AllocSpace objects, 2(88KB) LOS objects, 36% free, 27MB/43MB, paused 213us total 40.315ms
08-04 11:36:59.564 25453 25466 I art     : Starting a blocking GC Explicit
08-04 11:36:59.589 25453 25466 I art     : Explicit concurrent mark sweep GC freed 46781(2MB) AllocSpace objects, 5(140KB) LOS objects, 39% free, 24MB/40MB, paused 181us total 24.706ms
08-04 11:36:59.598 25453 25466 I art     : Starting a blocking GC Explicit
08-04 11:36:59.622 25453 25466 I art     : Explicit concurrent mark sweep GC freed 3(96B) AllocSpace objects, 0(0B) LOS objects, 39% free, 24MB/40MB, paused 190us total 23.512ms
08-04 11:36:59.632 25453 25466 I art     : Starting a blocking GC Explicit
08-04 11:36:59.656 25453 25466 I art     : Explicit concurrent mark sweep GC freed 3(96B) AllocSpace objects, 0(0B) LOS objects, 39% free, 24MB/40MB, paused 193us total 24.052ms
08-04 11:36:59.667 25453 25466 I art     : Starting a blocking GC Explicit
08-04 11:36:59.692 25453 25466 I art     : Explicit concurrent mark sweep GC freed 3(96B) AllocSpace objects, 0(0B) LOS objects, 39% free, 24MB/40MB, paused 190us total 24.573ms
08-04 11:36:59.980 25453 25476 I art     : Starting a blocking GC Explicit
08-04 11:37:00.014 25453 25476 I art     : Explicit concurrent mark sweep GC freed 1614(122KB) AllocSpace objects, 1(20KB) LOS objects, 39% free, 24MB/40MB, paused 187us total 33.614ms
08-04 11:37:00.025 25453 25476 I art     : Starting a blocking GC Explicit
08-04 11:37:00.045 25453 25476 I art     : Explicit concurrent mark sweep GC freed 85(2880B) AllocSpace objects, 0(0B) LOS objects, 39% free, 24MB/40MB, paused 155us total 19.705ms
08-04 11:37:00.054 25453 25476 I art     : Starting a blocking GC Explicit
08-04 11:37:00.075 25453 25476 I art     : Explicit concurrent mark sweep GC freed 3(96B) AllocSpace objects, 0(0B) LOS objects, 39% free, 24MB/40MB, paused 163us total 20.956ms
08-04 11:37:00.084 25453 25476 I art     : Starting a blocking GC Explicit
08-04 11:37:00.106 25453 25476 I art     : Explicit concurrent mark sweep GC freed 3(96B) AllocSpace objects, 0(0B) LOS objects, 39% free, 24MB/40MB, paused 159us total 21.547ms
08-04 11:37:00.115 25453 25476 I art     : Starting a blocking GC Explicit
08-04 11:37:00.137 25453 25476 I art     : Explicit concurrent mark sweep GC freed 3(96B) AllocSpace objects, 0(0B) LOS objects, 39% free, 24MB/40MB, paused 173us total 21.327ms
08-04 11:37:00.396 25453 25465 I art     : Starting a blocking GC Explicit
08-04 11:37:00.421 25453 25465 I art     : Explicit concurrent mark sweep GC freed 1343(78KB) AllocSpace objects, 1(20KB) LOS objects, 39% free, 24MB/40MB, paused 177us total 25.098ms
08-04 11:37:00.431 25453 25465 I art     : Starting a blocking GC Explicit
08-04 11:37:00.455 25453 25465 I art     : Explicit concurrent mark sweep GC freed 20(704B) AllocSpace objects, 0(0B) LOS objects, 39% free, 24MB/40MB, paused 173us total 23.796ms
08-04 11:37:00.465 25453 25465 I art     : Starting a blocking GC Explicit
08-04 11:37:00.478 26279 26279 D AndroidRuntime: >>>>>> START com.android.internal.os.RuntimeInit uid 2000 <<<<<<
08-04 11:37:00.482 26279 26279 D AndroidRuntime: CheckJNI is OFF
08-04 11:37:00.490 25453 25465 I art     : Explicit concurrent mark sweep GC freed 3(96B) AllocSpace objects, 0(0B) LOS objects, 39% free, 24MB/40MB, paused 159us total 24.048ms
08-04 11:37:00.499 25453 25465 I art     : Starting a blocking GC Explicit
08-04 11:37:00.511 26279 26279 D ICU     : No timezone override file found: /data/misc/zoneinfo/current/icu/icu_tzdata.dat
08-04 11:37:00.522 25453 25465 I art     : Explicit concurrent mark sweep GC freed 3(96B) AllocSpace objects, 0(0B) LOS objects, 39% free, 24MB/40MB, paused 169us total 22.586ms
08-04 11:37:00.532 25453 25465 I art     : Starting a blocking GC Explicit
08-04 11:37:00.537 26279 26279 I Radio-JNI: register_android_hardware_Radio DONE
08-04 11:37:00.553 26279 26279 D AndroidRuntime: Calling main entry com.android.commands.input.Input
08-04 11:37:00.554 25453 25465 I art     : Explicit concurrent mark sweep GC freed 3(96B) AllocSpace objects, 0(0B) LOS objects, 39% free, 24MB/40MB, paused 195us total 21.367ms
08-04 11:37:00.555 26279 26279 I Input   : injectMotionEvent: MotionEvent { action=ACTION_DOWN, actionButton=0, id[0]=0, x[0]=600.0, y[0]=950.0, toolType[0]=TOOL_TYPE_UNKNOWN, buttonState=0, metaState=0, flags=0x0, edgeFlags=0x0, pointerCount=1, historySize=0, eventTime=704236967, downTime=704236967, deviceId=0, source=0x1002 }
08-04 11:37:00.560 26279 26279 I Input   : injectMotionEvent: MotionEvent { action=ACTION_UP, actionButton=0, id[0]=0, x[0]=600.0, y[0]=950.0, toolType[0]=TOOL_TYPE_UNKNOWN, buttonState=0, metaState=0, flags=0x0, edgeFlags=0x0, pointerCount=1, historySize=0, eventTime=704236967, downTime=704236967, deviceId=0, source=0x1002 }
08-04 11:37:00.562 26279 26279 D AndroidRuntime: Shutting down VM
08-04 11:37:00.567   512  2967 D audio_hw_primary: out_set_parameters: enter: usecase(1: low-latency-playback) kvpairs: routing=2
08-04 11:37:00.569   918  3670 I ActivityManager: START u0 {dat=https://oauth.reddit.com/... cmp=baseline.org.quantumbadger.redreader/.activities.CommentListingActivity} from uid 10666 on display 0
08-04 11:37:00.580   512  2967 D audio_hw_primary: select_devices: out_snd_device(2: speaker) in_snd_device(0: none)
08-04 11:37:00.580   512  2967 D msm8974_platform: platform_send_audio_calibration: sending audio calibration for snd_device(2) acdb_id(15)
08-04 11:37:00.580   512  2967 I soundtrigger: audio_extn_sound_trigger_update_device_status: device 0x2 of type 0 for Event 1
08-04 11:37:00.587 25453 25453 I AppCompatViewInflater: app:theme is now deprecated. Please move to using android:theme instead.
08-04 11:37:00.592   512  2967 D audio_hw_primary: enable_snd_device: snd_device(2: speaker)
08-04 11:37:00.594   512  2967 D audio_hw_primary: enable_audio_route: apply and update mixer path: low-latency-playback speaker
08-04 11:37:00.600 25453 26304 D OK      : calling: https://oauth.reddit.com/comments/hwnhe2/.json?sort=confidence
08-04 11:37:00.655   918   936 I ActivityManager: Displayed baseline.org.quantumbadger.redreader/.activities.CommentListingActivity: +78ms
08-04 11:37:00.655 13866 13866 I GoogleInputMethodServic: GoogleInputMethodService.onFinishInput():3138 
08-04 11:37:00.656 13866 13866 I GoogleInputMethodServic: GoogleInputMethodService.onStartInput():1808 
08-04 11:37:00.788 25453 25679 I art     : Starting a blocking GC Explicit
08-04 11:37:00.812 25453 25679 I art     : Explicit concurrent mark sweep GC freed 6153(300KB) AllocSpace objects, 1(20KB) LOS objects, 38% free, 25MB/41MB, paused 230us total 24.212ms
08-04 11:37:00.822 25453 25679 I art     : Starting a blocking GC Explicit
08-04 11:37:00.845 25453 25679 I art     : Explicit concurrent mark sweep GC freed 488(23KB) AllocSpace objects, 0(0B) LOS objects, 38% free, 25MB/41MB, paused 197us total 22.047ms
08-04 11:37:00.855 25453 25679 I art     : Starting a blocking GC Explicit
08-04 11:37:00.877 25453 25679 I art     : Explicit concurrent mark sweep GC freed 3(96B) AllocSpace objects, 0(0B) LOS objects, 38% free, 25MB/41MB, paused 271us total 21.657ms
08-04 11:37:00.885 25453 26304 I NAPPA_EXPERIMENTATION: MetricNetworkRequestExecutionTime: REQUEST_DURATION_SYSTEM='284',REQUEST_DURATION_OKHTTP='144',REQUEST_SYNCHRONOUS='TRUE',RESPONSE_CODE='200',RESPONSE_METHOD='GET',RESPONSE_LENGTH_OKHTTP='-1',RESPONSE_LENGTH_HEADER='3930',REQUEST_PROTOCOL='h2',REQUEST_URL='https://oauth.reddit.com/comments/hwnhe2/.json?sort=confidence',
08-04 11:37:00.885 25453 26304 D OK      : request got status: 200
08-04 11:37:00.887 25453 25679 I art     : Starting a blocking GC Explicit
08-04 11:37:00.890 25453 26023 I CommentListingActivity: COMMENTS session changed to 1320ef35-abff-4619-90ed-14293f8794a4
08-04 11:37:00.912 25453 25679 I art     : Explicit concurrent mark sweep GC freed 2680(283KB) AllocSpace objects, 3(100KB) LOS objects, 38% free, 25MB/41MB, paused 311us total 24.240ms
08-04 11:37:00.914   380   380 W SurfaceFlinger: couldn't log to binary event log: overflow.
08-04 11:37:00.924 25453 25679 I art     : Starting a blocking GC Explicit
08-04 11:37:00.948 25453 25679 I art     : Explicit concurrent mark sweep GC freed 1669(102KB) AllocSpace objects, 1(68KB) LOS objects, 38% free, 25MB/41MB, paused 332us total 23.786ms
08-04 11:37:01.129   512  2967 D audio_hw_primary: disable_audio_route: reset and update mixer path: low-latency-playback speaker
08-04 11:37:01.130   512  2967 D audio_hw_primary: disable_snd_device: snd_device(2: speaker)
08-04 11:37:01.138   512  2967 I soundtrigger: audio_extn_sound_trigger_update_device_status: device 0x2 of type 0 for Event 0
08-04 11:37:01.236 25453 25466 I art     : Starting a blocking GC Explicit
08-04 11:37:01.266 25453 25466 I art     : Explicit concurrent mark sweep GC freed 1716(94KB) AllocSpace objects, 1(20KB) LOS objects, 38% free, 25MB/41MB, paused 225us total 30.012ms
08-04 11:37:01.277 25453 25466 I art     : Starting a blocking GC Explicit
08-04 11:37:01.301 25453 25466 I art     : Explicit concurrent mark sweep GC freed 24(832B) AllocSpace objects, 0(0B) LOS objects, 38% free, 25MB/41MB, paused 160us total 23.414ms
08-04 11:37:01.310 25453 25466 I art     : Starting a blocking GC Explicit
08-04 11:37:01.333 25453 25466 I art     : Explicit concurrent mark sweep GC freed 3(96B) AllocSpace objects, 0(0B) LOS objects, 38% free, 25MB/41MB, paused 159us total 22.419ms
08-04 11:37:01.343 25453 25466 I art     : Starting a blocking GC Explicit
08-04 11:37:01.366 25453 25466 I art     : Explicit concurrent mark sweep GC freed 3(96B) AllocSpace objects, 0(0B) LOS objects, 38% free, 25MB/41MB, paused 303us total 22.777ms
08-04 11:37:01.376 25453 25466 I art     : Starting a blocking GC Explicit
08-04 11:37:01.399 25453 25466 I art     : Explicit concurrent mark sweep GC freed 3(96B) AllocSpace objects, 0(0B) LOS objects, 38% free, 25MB/41MB, paused 251us total 22.509ms
08-04 11:37:01.671 25453 25679 I art     : Starting a blocking GC Explicit
08-04 11:37:01.702 25453 25679 I art     : Explicit concurrent mark sweep GC freed 1343(79KB) AllocSpace objects, 1(20KB) LOS objects, 38% free, 25MB/41MB, paused 195us total 30.937ms
08-04 11:37:01.713 25453 25679 I art     : Starting a blocking GC Explicit
08-04 11:37:01.739 25453 25679 I art     : Explicit concurrent mark sweep GC freed 66(2528B) AllocSpace objects, 0(0B) LOS objects, 38% free, 25MB/41MB, paused 186us total 26.139ms
08-04 11:37:01.749 25453 25679 I art     : Starting a blocking GC Explicit
08-04 11:37:01.775 25453 25679 I art     : Explicit concurrent mark sweep GC freed 3(96B) AllocSpace objects, 0(0B) LOS objects, 38% free, 25MB/41MB, paused 188us total 25.385ms
08-04 11:37:01.786 25453 25679 I art     : Starting a blocking GC Explicit
08-04 11:37:01.793   918  3261 D WifiStateMachine: starting scan for "H369AA63323"WPA_PSK with 2412,5180
08-04 11:37:01.812 25453 25679 I art     : Explicit concurrent mark sweep GC freed 3(96B) AllocSpace objects, 0(0B) LOS objects, 38% free, 25MB/41MB, paused 195us total 26.129ms
08-04 11:37:01.823 25453 25679 I art     : Starting a blocking GC Explicit
08-04 11:37:01.848 25453 25679 I art     : Explicit concurrent mark sweep GC freed 3(96B) AllocSpace objects, 0(0B) LOS objects, 38% free, 25MB/41MB, paused 183us total 25.354ms
08-04 11:37:02.139 25453 25465 I art     : Starting a blocking GC Explicit
08-04 11:37:02.173 25453 25465 I art     : Explicit concurrent mark sweep GC freed 1343(79KB) AllocSpace objects, 1(20KB) LOS objects, 38% free, 25MB/41MB, paused 231us total 33.117ms
08-04 11:37:02.189 25453 25465 I art     : Starting a blocking GC Explicit
08-04 11:37:02.216 25453 25465 I art     : Explicit concurrent mark sweep GC freed 20(704B) AllocSpace objects, 0(0B) LOS objects, 38% free, 25MB/41MB, paused 181us total 26.939ms
08-04 11:37:02.227 25453 25465 I art     : Starting a blocking GC Explicit
08-04 11:37:02.254 25453 25465 I art     : Explicit concurrent mark sweep GC freed 3(96B) AllocSpace objects, 0(0B) LOS objects, 38% free, 25MB/41MB, paused 203us total 26.910ms
08-04 11:37:02.264 25453 25465 I art     : Starting a blocking GC Explicit
08-04 11:37:02.291 25453 25465 I art     : Explicit concurrent mark sweep GC freed 3(96B) AllocSpace objects, 0(0B) LOS objects, 38% free, 25MB/41MB, paused 192us total 26.087ms
08-04 11:37:02.301 25453 25465 I art     : Starting a blocking GC Explicit
08-04 11:37:02.328 25453 25465 I art     : Explicit concurrent mark sweep GC freed 3(96B) AllocSpace objects, 0(0B) LOS objects, 38% free, 25MB/41MB, paused 186us total 26.330ms
08-04 11:37:02.388   518   646 I ThermalEngine: ACTION: GPU - Setting GPU[0] to 510000000
08-04 11:37:02.627 25453 25466 I art     : Starting a blocking GC Explicit
08-04 11:37:02.666 25453 25466 I art     : Explicit concurrent mark sweep GC freed 1343(79KB) AllocSpace objects, 1(20KB) LOS objects, 38% free, 25MB/41MB, paused 260us total 38.518ms
08-04 11:37:02.682 25453 25466 I art     : Starting a blocking GC Explicit
08-04 11:37:02.715 25453 25466 I art     : Explicit concurrent mark sweep GC freed 20(704B) AllocSpace objects, 0(0B) LOS objects, 38% free, 25MB/41MB, paused 259us total 33.045ms
08-04 11:37:02.729 25453 25466 I art     : Starting a blocking GC Explicit
08-04 11:37:02.762 25453 25466 I art     : Explicit concurrent mark sweep GC freed 3(96B) AllocSpace objects, 0(0B) LOS objects, 38% free, 25MB/41MB, paused 307us total 32.811ms
08-04 11:37:02.776 25453 25466 I art     : Starting a blocking GC Explicit
08-04 11:37:02.809 25453 25466 I art     : Explicit concurrent mark sweep GC freed 3(96B) AllocSpace objects, 0(0B) LOS objects, 38% free, 25MB/41MB, paused 261us total 32.745ms
08-04 11:37:02.823 25453 25466 I art     : Starting a blocking GC Explicit
08-04 11:37:02.856 25453 25466 I art     : Explicit concurrent mark sweep GC freed 3(96B) AllocSpace objects, 0(0B) LOS objects, 38% free, 25MB/41MB, paused 253us total 32.620ms
08-04 11:37:03.192 25453 25476 I art     : Starting a blocking GC Explicit
08-04 11:37:03.237 25453 25476 I art     : Explicit concurrent mark sweep GC freed 1343(79KB) AllocSpace objects, 1(20KB) LOS objects, 38% free, 25MB/41MB, paused 283us total 43.896ms
08-04 11:37:03.253 25453 25476 I art     : Starting a blocking GC Explicit
08-04 11:37:03.286 25453 25476 I art     : Explicit concurrent mark sweep GC freed 20(704B) AllocSpace objects, 0(0B) LOS objects, 38% free, 25MB/41MB, paused 265us total 32.664ms
08-04 11:37:03.300 25453 25476 I art     : Starting a blocking GC Explicit
08-04 11:37:03.332 25453 25476 I art     : Explicit concurrent mark sweep GC freed 3(96B) AllocSpace objects, 0(0B) LOS objects, 38% free, 25MB/41MB, paused 250us total 32.498ms
08-04 11:37:03.346 25453 25476 I art     : Starting a blocking GC Explicit
08-04 11:37:03.379 25453 25476 I art     : Explicit concurrent mark sweep GC freed 3(96B) AllocSpace objects, 0(0B) LOS objects, 38% free, 25MB/41MB, paused 256us total 32.500ms
08-04 11:37:03.393 25453 25476 I art     : Starting a blocking GC Explicit
08-04 11:37:03.395   518   646 I ThermalEngine: ACTION: GPU - Setting GPU[0] to 600000000
08-04 11:37:03.425 25453 25476 I art     : Explicit concurrent mark sweep GC freed 3(96B) AllocSpace objects, 0(0B) LOS objects, 38% free, 25MB/41MB, paused 279us total 31.713ms
08-04 11:37:03.738 25453 25679 I art     : Starting a blocking GC Explicit
08-04 11:37:03.775 25453 25679 I art     : Explicit concurrent mark sweep GC freed 1348(80KB) AllocSpace objects, 1(20KB) LOS objects, 38% free, 25MB/41MB, paused 222us total 36.780ms
08-04 11:37:03.789 25453 25679 I art     : Starting a blocking GC Explicit
08-04 11:37:03.816 25453 25679 I art     : Explicit concurrent mark sweep GC freed 20(704B) AllocSpace objects, 0(0B) LOS objects, 38% free, 25MB/41MB, paused 227us total 27.541ms
08-04 11:37:03.828 25453 25679 I art     : Starting a blocking GC Explicit
08-04 11:37:03.853 25453 25679 I art     : Explicit concurrent mark sweep GC freed 3(96B) AllocSpace objects, 0(0B) LOS objects, 38% free, 25MB/41MB, paused 193us total 25.437ms
08-04 11:37:03.864 25453 25679 I art     : Starting a blocking GC Explicit
08-04 11:37:03.890 25453 25679 I art     : Explicit concurrent mark sweep GC freed 3(96B) AllocSpace objects, 0(0B) LOS objects, 38% free, 25MB/41MB, paused 223us total 26.092ms
08-04 11:37:03.901 25453 25679 I art     : Starting a blocking GC Explicit
08-04 11:37:03.928 25453 25679 I art     : Explicit concurrent mark sweep GC freed 3(96B) AllocSpace objects, 0(0B) LOS objects, 38% free, 25MB/41MB, paused 227us total 26.688ms
08-04 11:37:03.977 13866 13882 I PeriodicStatsRunner: PeriodicStatsRunner.call():175 call()
08-04 11:37:03.977 13866 13882 I PeriodicStatsRunner: PeriodicStatsRunner.call():179 No submit PeriodicStats since input started.
08-04 11:37:04.222 25453 25465 I art     : Starting a blocking GC Explicit
08-04 11:37:04.259 25453 25465 I art     : Explicit concurrent mark sweep GC freed 1344(79KB) AllocSpace objects, 1(20KB) LOS objects, 38% free, 25MB/41MB, paused 220us total 36.491ms
08-04 11:37:04.275 25453 25465 I art     : Starting a blocking GC Explicit
08-04 11:37:04.302 25453 25465 I art     : Explicit concurrent mark sweep GC freed 20(704B) AllocSpace objects, 0(0B) LOS objects, 38% free, 25MB/41MB, paused 249us total 26.098ms
08-04 11:37:04.312 25453 25465 I art     : Starting a blocking GC Explicit
08-04 11:37:04.338 25453 25465 I art     : Explicit concurrent mark sweep GC freed 3(96B) AllocSpace objects, 0(0B) LOS objects, 38% free, 25MB/41MB, paused 197us total 25.980ms
08-04 11:37:04.349 25453 25465 I art     : Starting a blocking GC Explicit
08-04 11:37:04.375 25453 25465 I art     : Explicit concurrent mark sweep GC freed 3(96B) AllocSpace objects, 0(0B) LOS objects, 38% free, 25MB/41MB, paused 242us total 25.950ms
08-04 11:37:04.386 25453 25465 I art     : Starting a blocking GC Explicit
08-04 11:37:04.412 25453 25465 I art     : Explicit concurrent mark sweep GC freed 3(96B) AllocSpace objects, 0(0B) LOS objects, 38% free, 25MB/41MB, paused 195us total 25.822ms
08-04 11:37:04.723 25453 25466 I art     : Starting a blocking GC Explicit
08-04 11:37:04.760 25453 25466 I art     : Explicit concurrent mark sweep GC freed 1343(79KB) AllocSpace objects, 1(20KB) LOS objects, 38% free, 25MB/41MB, paused 217us total 36.108ms
08-04 11:37:04.776 25453 25466 I art     : Starting a blocking GC Explicit
08-04 11:37:04.803 25453 25466 I art     : Explicit concurrent mark sweep GC freed 20(704B) AllocSpace objects, 0(0B) LOS objects, 38% free, 25MB/41MB, paused 186us total 26.861ms
08-04 11:37:04.813 25453 25466 I art     : Starting a blocking GC Explicit
08-04 11:37:04.839 25453 25466 I art     : Explicit concurrent mark sweep GC freed 3(96B) AllocSpace objects, 0(0B) LOS objects, 38% free, 25MB/41MB, paused 180us total 25.580ms
08-04 11:37:04.850 25453 25466 I art     : Starting a blocking GC Explicit
08-04 11:37:04.874 25453 25466 I art     : Explicit concurrent mark sweep GC freed 3(96B) AllocSpace objects, 0(0B) LOS objects, 38% free, 25MB/41MB, paused 193us total 24.240ms
08-04 11:37:04.885 25453 25466 I art     : Starting a blocking GC Explicit
08-04 11:37:04.909 25453 25466 I art     : Explicit concurrent mark sweep GC freed 3(96B) AllocSpace objects, 0(0B) LOS objects, 38% free, 25MB/41MB, paused 194us total 23.833ms
08-04 11:37:05.145 26398 26398 D AndroidRuntime: >>>>>> START com.android.internal.os.RuntimeInit uid 2000 <<<<<<
08-04 11:37:05.150 26398 26398 D AndroidRuntime: CheckJNI is OFF
08-04 11:37:05.177 26398 26398 D ICU     : No timezone override file found: /data/misc/zoneinfo/current/icu/icu_tzdata.dat
08-04 11:37:05.194 25453 25476 I art     : Starting a blocking GC Explicit
08-04 11:37:05.202 26398 26398 I Radio-JNI: register_android_hardware_Radio DONE
08-04 11:37:05.219 26398 26398 D AndroidRuntime: Calling main entry com.android.commands.input.Input
08-04 11:37:05.220 25453 25476 I art     : Explicit concurrent mark sweep GC freed 1343(79KB) AllocSpace objects, 1(20KB) LOS objects, 38% free, 25MB/41MB, paused 243us total 26.283ms
08-04 11:37:05.221 26398 26398 I Input   : injectKeyEvent: KeyEvent { action=ACTION_DOWN, keyCode=KEYCODE_BACK, scanCode=0, metaState=0, flags=0x0, repeatCount=0, eventTime=704241634, downTime=704241634, deviceId=-1, source=0x101 }
08-04 11:37:05.227 26398 26398 I Input   : injectKeyEvent: KeyEvent { action=ACTION_UP, keyCode=KEYCODE_BACK, scanCode=0, metaState=0, flags=0x0, repeatCount=0, eventTime=704241634, downTime=704241634, deviceId=-1, source=0x101 }
08-04 11:37:05.232 25453 25476 I art     : Starting a blocking GC Explicit
08-04 11:37:05.232 26398 26398 D AndroidRuntime: Shutting down VM
08-04 11:37:05.257 25453 25476 I art     : Explicit concurrent mark sweep GC freed 148(5KB) AllocSpace objects, 0(0B) LOS objects, 38% free, 25MB/41MB, paused 212us total 24.590ms
08-04 11:37:05.266 25453 25476 I art     : Starting a blocking GC Explicit
08-04 11:37:05.272 13866 13866 I GoogleInputMethodServic: GoogleInputMethodService.onFinishInput():3138 
08-04 11:37:05.272 13866 13866 I GoogleInputMethodServic: GoogleInputMethodService.onStartInput():1808 
08-04 11:37:05.290 25453 25476 I art     : Explicit concurrent mark sweep GC freed 74(2768B) AllocSpace objects, 0(0B) LOS objects, 38% free, 25MB/41MB, paused 371us total 22.904ms
08-04 11:37:05.301 25453 25476 I art     : Starting a blocking GC Explicit
08-04 11:37:05.324 25453 25476 I art     : Explicit concurrent mark sweep GC freed 49(1728B) AllocSpace objects, 0(0B) LOS objects, 38% free, 25MB/41MB, paused 227us total 23.397ms
08-04 11:37:05.335 25453 25476 I art     : Starting a blocking GC Explicit
08-04 11:37:05.357 25453 25476 I art     : Explicit concurrent mark sweep GC freed 5(176B) AllocSpace objects, 0(0B) LOS objects, 38% free, 25MB/41MB, paused 173us total 21.449ms
08-04 11:37:05.577 25453 26303 I RedditChangeDataIO: Writing tmp data file at '/data/user/0/baseline.org.quantumbadger.redreader/files/rr_change_data_tmp.dat'
08-04 11:37:05.578 25453 26303 I RedditChangeDataManager: Taking snapshot...
08-04 11:37:05.578 25453 26303 I RedditChangeDataManager: Writing to stream...
08-04 11:37:05.578 25453 26303 I RedditChangeDataManager: Wrote 2 entries for user ''
08-04 11:37:05.578 25453 26303 I RedditChangeDataManager: All entries written to stream.
08-04 11:37:05.578 25453 26303 I RedditChangeDataIO: Write successful. Atomically replacing data file...
08-04 11:37:05.579 25453 26303 I RedditChangeDataIO: Write complete.
08-04 11:37:05.579 25453 26303 I RedditChangeDataIO: 62 bytes written in 2 ms
08-04 11:37:05.586   380   380 W SurfaceFlinger: couldn't log to binary event log: overflow.
08-04 11:37:05.603 25453 25476 I art     : Starting a blocking GC Explicit
08-04 11:37:05.631 25453 25476 I art     : Explicit concurrent mark sweep GC freed 1471(85KB) AllocSpace objects, 2(88KB) LOS objects, 38% free, 25MB/41MB, paused 214us total 28.384ms
08-04 11:37:05.642 25453 25476 I art     : Starting a blocking GC Explicit
08-04 11:37:05.656 13866 13882 I PeriodicStatsRunner: PeriodicStatsRunner.call():175 call()
08-04 11:37:05.656 13866 13882 I PeriodicStatsRunner: PeriodicStatsRunner.call():179 No submit PeriodicStats since input started.
08-04 11:37:05.665 25453 25476 I art     : Explicit concurrent mark sweep GC freed 3857(310KB) AllocSpace objects, 5(140KB) LOS objects, 39% free, 24MB/40MB, paused 190us total 23.303ms
08-04 11:37:05.675 25453 25476 I art     : Starting a blocking GC Explicit
08-04 11:37:05.700 25453 25476 I art     : Explicit concurrent mark sweep GC freed 3(96B) AllocSpace objects, 0(0B) LOS objects, 39% free, 24MB/40MB, paused 212us total 24.258ms
08-04 11:37:05.710 25453 25476 I art     : Starting a blocking GC Explicit
08-04 11:37:05.735 25453 25476 I art     : Explicit concurrent mark sweep GC freed 3(96B) AllocSpace objects, 0(0B) LOS objects, 39% free, 24MB/40MB, paused 204us total 24.459ms
08-04 11:37:05.746 25453 25476 I art     : Starting a blocking GC Explicit
08-04 11:37:05.771 25453 25476 I art     : Explicit concurrent mark sweep GC freed 3(96B) AllocSpace objects, 0(0B) LOS objects, 39% free, 24MB/40MB, paused 197us total 25.257ms
08-04 11:37:06.052 25453 25466 I art     : Starting a blocking GC Explicit
08-04 11:37:06.086 25453 25466 I art     : Explicit concurrent mark sweep GC freed 1578(115KB) AllocSpace objects, 1(20KB) LOS objects, 39% free, 24MB/40MB, paused 203us total 34.304ms
08-04 11:37:06.099 25453 25466 I art     : Starting a blocking GC Explicit
08-04 11:37:06.124 25453 25466 I art     : Explicit concurrent mark sweep GC freed 85(2880B) AllocSpace objects, 0(0B) LOS objects, 39% free, 24MB/40MB, paused 181us total 25.190ms
08-04 11:37:06.136 25453 25466 I art     : Starting a blocking GC Explicit
08-04 11:37:06.162 25453 25466 I art     : Explicit concurrent mark sweep GC freed 3(96B) AllocSpace objects, 0(0B) LOS objects, 39% free, 24MB/40MB, paused 177us total 26.171ms
08-04 11:37:06.173 25453 25466 I art     : Starting a blocking GC Explicit
08-04 11:37:06.197 25453 25466 I art     : Explicit concurrent mark sweep GC freed 3(96B) AllocSpace objects, 0(0B) LOS objects, 39% free, 24MB/40MB, paused 175us total 23.850ms
08-04 11:37:06.207 25453 25466 I art     : Starting a blocking GC Explicit
08-04 11:37:06.231 25453 25466 I art     : Explicit concurrent mark sweep GC freed 3(96B) AllocSpace objects, 0(0B) LOS objects, 39% free, 24MB/40MB, paused 167us total 23.820ms
08-04 11:37:06.522 25453 25679 I art     : Starting a blocking GC Explicit
08-04 11:37:06.551 25453 25679 I art     : Explicit concurrent mark sweep GC freed 1343(79KB) AllocSpace objects, 1(20KB) LOS objects, 39% free, 24MB/40MB, paused 192us total 28.938ms
08-04 11:37:06.562 25453 25679 I art     : Starting a blocking GC Explicit
08-04 11:37:06.587 25453 25679 I art     : Explicit concurrent mark sweep GC freed 20(704B) AllocSpace objects, 0(0B) LOS objects, 39% free, 24MB/40MB, paused 247us total 24.731ms
08-04 11:37:06.597 25453 25679 I art     : Starting a blocking GC Explicit
08-04 11:37:06.620 25453 25679 I art     : Explicit concurrent mark sweep GC freed 3(96B) AllocSpace objects, 0(0B) LOS objects, 39% free, 24MB/40MB, paused 167us total 22.643ms
08-04 11:37:06.630 25453 25679 I art     : Starting a blocking GC Explicit
08-04 11:37:06.653 25453 25679 I art     : Explicit concurrent mark sweep GC freed 3(96B) AllocSpace objects, 0(0B) LOS objects, 39% free, 24MB/40MB, paused 170us total 22.423ms
08-04 11:37:06.662 25453 25679 I art     : Starting a blocking GC Explicit
08-04 11:37:06.685 25453 25679 I art     : Explicit concurrent mark sweep GC freed 3(96B) AllocSpace objects, 0(0B) LOS objects, 39% free, 24MB/40MB, paused 165us total 22.408ms
08-04 11:37:06.817 26451 26451 D AndroidRuntime: >>>>>> START com.android.internal.os.RuntimeInit uid 2000 <<<<<<
08-04 11:37:06.822 26451 26451 D AndroidRuntime: CheckJNI is OFF
08-04 11:37:06.853 26451 26451 D ICU     : No timezone override file found: /data/misc/zoneinfo/current/icu/icu_tzdata.dat
08-04 11:37:06.877 26451 26451 I Radio-JNI: register_android_hardware_Radio DONE
08-04 11:37:06.894 26451 26451 D AndroidRuntime: Calling main entry com.android.commands.input.Input
08-04 11:37:06.896 26451 26451 I Input   : injectMotionEvent: MotionEvent { action=ACTION_DOWN, actionButton=0, id[0]=0, x[0]=600.0, y[0]=1200.0, toolType[0]=TOOL_TYPE_UNKNOWN, buttonState=0, metaState=0, flags=0x0, edgeFlags=0x0, pointerCount=1, historySize=0, eventTime=704243309, downTime=704243309, deviceId=0, source=0x1002 }
08-04 11:37:06.900 26451 26451 I Input   : injectMotionEvent: MotionEvent { action=ACTION_UP, actionButton=0, id[0]=0, x[0]=600.0, y[0]=1200.0, toolType[0]=TOOL_TYPE_UNKNOWN, buttonState=0, metaState=0, flags=0x0, edgeFlags=0x0, pointerCount=1, historySize=0, eventTime=704243309, downTime=704243309, deviceId=0, source=0x1002 }
08-04 11:37:06.902 26451 26451 D AndroidRuntime: Shutting down VM
08-04 11:37:06.910   512  2967 D audio_hw_primary: out_set_parameters: enter: usecase(1: low-latency-playback) kvpairs: routing=2
08-04 11:37:06.912   918  3696 I ActivityManager: START u0 {dat=https://oauth.reddit.com/... cmp=baseline.org.quantumbadger.redreader/.activities.CommentListingActivity} from uid 10666 on display 0
08-04 11:37:06.923   512  2967 D audio_hw_primary: select_devices: out_snd_device(2: speaker) in_snd_device(0: none)
08-04 11:37:06.924   512  2967 D msm8974_platform: platform_send_audio_calibration: sending audio calibration for snd_device(2) acdb_id(15)
08-04 11:37:06.924   512  2967 I soundtrigger: audio_extn_sound_trigger_update_device_status: device 0x2 of type 0 for Event 1
08-04 11:37:06.933 25453 25453 I AppCompatViewInflater: app:theme is now deprecated. Please move to using android:theme instead.
08-04 11:37:06.934   512  2967 D audio_hw_primary: enable_snd_device: snd_device(2: speaker)
08-04 11:37:06.936   512  2967 D audio_hw_primary: enable_audio_route: apply and update mixer path: low-latency-playback speaker
08-04 11:37:06.939 25453 25476 I art     : Starting a blocking GC Explicit
08-04 11:37:06.949 25453 26476 D OK      : calling: https://oauth.reddit.com/comments/hza888/.json?sort=confidence
08-04 11:37:06.964 25453 25476 I art     : Explicit concurrent mark sweep GC freed 3408(192KB) AllocSpace objects, 1(20KB) LOS objects, 39% free, 24MB/40MB, paused 259us total 24.066ms
08-04 11:37:06.973 25453 25476 I art     : Starting a blocking GC Explicit
08-04 11:37:06.995 25453 25476 I art     : Explicit concurrent mark sweep GC freed 852(33KB) AllocSpace objects, 0(0B) LOS objects, 39% free, 24MB/40MB, paused 383us total 21.765ms
08-04 11:37:07.007 25453 25476 I art     : Starting a blocking GC Explicit
08-04 11:37:07.011   918   936 I ActivityManager: Displayed baseline.org.quantumbadger.redreader/.activities.CommentListingActivity: +91ms
08-04 11:37:07.011 13866 13866 I GoogleInputMethodServic: GoogleInputMethodService.onFinishInput():3138 
08-04 11:37:07.012 13866 13866 I GoogleInputMethodServic: GoogleInputMethodService.onStartInput():1808 
08-04 11:37:07.031 25453 25476 I art     : Explicit concurrent mark sweep GC freed 250(13KB) AllocSpace objects, 0(0B) LOS objects, 39% free, 25MB/41MB, paused 219us total 23.791ms
08-04 11:37:07.043 25453 25476 I art     : Starting a blocking GC Explicit
08-04 11:37:07.066 25453 25476 I art     : Explicit concurrent mark sweep GC freed 73(4KB) AllocSpace objects, 0(0B) LOS objects, 39% free, 25MB/41MB, paused 195us total 22.311ms
08-04 11:37:07.076 25453 25476 I art     : Starting a blocking GC Explicit
08-04 11:37:07.100 25453 25476 I art     : Explicit concurrent mark sweep GC freed 1921(75KB) AllocSpace objects, 0(0B) LOS objects, 39% free, 25MB/41MB, paused 255us total 24.534ms
08-04 11:37:07.254 25453 26476 I NAPPA_EXPERIMENTATION: MetricNetworkRequestExecutionTime: REQUEST_DURATION_SYSTEM='305',REQUEST_DURATION_OKHTTP='152',REQUEST_SYNCHRONOUS='TRUE',RESPONSE_CODE='200',RESPONSE_METHOD='GET',RESPONSE_LENGTH_OKHTTP='-1',RESPONSE_LENGTH_HEADER='21928',REQUEST_PROTOCOL='h2',REQUEST_URL='https://oauth.reddit.com/comments/hza888/.json?sort=confidence',
08-04 11:37:07.255 25453 26476 D OK      : request got status: 200
08-04 11:37:07.260   380   380 W SurfaceFlinger: couldn't log to binary event log: overflow.
08-04 11:37:07.263 25453 26023 I CommentListingActivity: COMMENTS session changed to c424baf4-27c6-42d3-b7fe-8a36187636d9
08-04 11:37:07.349 25453 25465 I art     : Starting a blocking GC Explicit
08-04 11:37:07.378 25453 25465 I art     : Explicit concurrent mark sweep GC freed 14046(881KB) AllocSpace objects, 2(88KB) LOS objects, 37% free, 26MB/42MB, paused 484us total 28.732ms
08-04 11:37:07.388 25453 25465 I art     : Starting a blocking GC Explicit
08-04 11:37:07.415 25453 25465 I art     : Explicit concurrent mark sweep GC freed 5455(269KB) AllocSpace objects, 1(68KB) LOS objects, 37% free, 26MB/42MB, paused 222us total 27.027ms
08-04 11:37:07.425 25453 25465 I art     : Starting a blocking GC Explicit
08-04 11:37:07.451 25453 25465 I art     : Explicit concurrent mark sweep GC freed 168(14KB) AllocSpace objects, 0(0B) LOS objects, 37% free, 26MB/42MB, paused 181us total 24.956ms
08-04 11:37:07.460 25453 25465 I art     : Starting a blocking GC Explicit
08-04 11:37:07.469   512  2967 D audio_hw_primary: disable_audio_route: reset and update mixer path: low-latency-playback speaker
08-04 11:37:07.470   512  2967 D audio_hw_primary: disable_snd_device: snd_device(2: speaker)
08-04 11:37:07.477   512  2967 I soundtrigger: audio_extn_sound_trigger_update_device_status: device 0x2 of type 0 for Event 0
08-04 11:37:07.488 25453 25465 I art     : Explicit concurrent mark sweep GC freed 10(352B) AllocSpace objects, 0(0B) LOS objects, 37% free, 26MB/42MB, paused 232us total 28.013ms
08-04 11:37:07.498 25453 25465 I art     : Starting a blocking GC Explicit
08-04 11:37:07.525 25453 25465 I art     : Explicit concurrent mark sweep GC freed 3(96B) AllocSpace objects, 0(0B) LOS objects, 37% free, 26MB/42MB, paused 156us total 26.428ms
08-04 11:37:07.803 25453 25466 I art     : Starting a blocking GC Explicit
08-04 11:37:07.837 25453 25466 I art     : Explicit concurrent mark sweep GC freed 1343(80KB) AllocSpace objects, 1(20KB) LOS objects, 37% free, 26MB/42MB, paused 217us total 34.135ms
08-04 11:37:07.849 25453 25466 I art     : Starting a blocking GC Explicit
08-04 11:37:07.876 25453 25466 I art     : Explicit concurrent mark sweep GC freed 20(704B) AllocSpace objects, 0(0B) LOS objects, 37% free, 26MB/42MB, paused 167us total 26.463ms
08-04 11:37:07.886 25453 25466 I art     : Starting a blocking GC Explicit
08-04 11:37:07.915 25453 25466 I art     : Explicit concurrent mark sweep GC freed 3(96B) AllocSpace objects, 0(0B) LOS objects, 37% free, 26MB/42MB, paused 269us total 29.032ms
08-04 11:37:07.927 25453 25466 I art     : Starting a blocking GC Explicit
08-04 11:37:07.956 25453 25466 I art     : Explicit concurrent mark sweep GC freed 3(96B) AllocSpace objects, 0(0B) LOS objects, 37% free, 26MB/42MB, paused 228us total 28.870ms
08-04 11:37:07.966 25453 25466 I art     : Starting a blocking GC Explicit
08-04 11:37:07.992 25453 25466 I art     : Explicit concurrent mark sweep GC freed 3(96B) AllocSpace objects, 0(0B) LOS objects, 37% free, 26MB/42MB, paused 170us total 25.758ms
08-04 11:37:08.262 25453 25679 I art     : Starting a blocking GC Explicit
08-04 11:37:08.304 25453 25679 I art     : Explicit concurrent mark sweep GC freed 1389(82KB) AllocSpace objects, 1(20KB) LOS objects, 37% free, 26MB/42MB, paused 225us total 41.889ms
08-04 11:37:08.318 25453 25679 I art     : Starting a blocking GC Explicit
08-04 11:37:08.350 25453 25679 I art     : Explicit concurrent mark sweep GC freed 20(704B) AllocSpace objects, 0(0B) LOS objects, 37% free, 26MB/42MB, paused 196us total 31.835ms
08-04 11:37:08.362 25453 25679 I art     : Starting a blocking GC Explicit
08-04 11:37:08.394 25453 25679 I art     : Explicit concurrent mark sweep GC freed 3(96B) AllocSpace objects, 0(0B) LOS objects, 37% free, 26MB/42MB, paused 195us total 31.934ms
08-04 11:37:08.404   518   646 I ThermalEngine: ACTION: GPU - Setting GPU[0] to 510000000
08-04 11:37:08.407 25453 25679 I art     : Starting a blocking GC Explicit
08-04 11:37:08.444 25453 25679 I art     : Explicit concurrent mark sweep GC freed 3(96B) AllocSpace objects, 0(0B) LOS objects, 37% free, 26MB/42MB, paused 265us total 37.254ms
08-04 11:37:08.458 25453 25679 I art     : Starting a blocking GC Explicit
08-04 11:37:08.497 25453 25679 I art     : Explicit concurrent mark sweep GC freed 3(96B) AllocSpace objects, 0(0B) LOS objects, 37% free, 26MB/42MB, paused 259us total 37.989ms
08-04 11:37:08.818 25453 25476 I art     : Starting a blocking GC Explicit
08-04 11:37:08.868 25453 25476 I art     : Explicit concurrent mark sweep GC freed 1343(80KB) AllocSpace objects, 1(20KB) LOS objects, 37% free, 26MB/42MB, paused 409us total 50.070ms
08-04 11:37:08.884 25453 25476 I art     : Starting a blocking GC Explicit
08-04 11:37:08.923 25453 25476 I art     : Explicit concurrent mark sweep GC freed 20(704B) AllocSpace objects, 0(0B) LOS objects, 37% free, 26MB/42MB, paused 263us total 39.041ms
08-04 11:37:08.938 25453 25476 I art     : Starting a blocking GC Explicit
08-04 11:37:08.976 25453 25476 I art     : Explicit concurrent mark sweep GC freed 3(96B) AllocSpace objects, 0(0B) LOS objects, 37% free, 26MB/42MB, paused 263us total 38.209ms
08-04 11:37:08.991 25453 25476 I art     : Starting a blocking GC Explicit
08-04 11:37:09.030 25453 25476 I art     : Explicit concurrent mark sweep GC freed 3(96B) AllocSpace objects, 0(0B) LOS objects, 37% free, 26MB/42MB, paused 253us total 38.969ms
08-04 11:37:09.044 25453 25476 I art     : Starting a blocking GC Explicit
08-04 11:37:09.083 25453 25476 I art     : Explicit concurrent mark sweep GC freed 3(96B) AllocSpace objects, 0(0B) LOS objects, 37% free, 26MB/42MB, paused 251us total 38.764ms
08-04 11:37:09.340 25453 25465 I art     : Starting a blocking GC Explicit
08-04 11:37:09.378 25453 25465 I art     : Explicit concurrent mark sweep GC freed 1343(80KB) AllocSpace objects, 1(20KB) LOS objects, 37% free, 26MB/42MB, paused 288us total 37.956ms
08-04 11:37:09.393 25453 25465 I art     : Starting a blocking GC Explicit
08-04 11:37:09.430 25453 25465 I art     : Explicit concurrent mark sweep GC freed 20(704B) AllocSpace objects, 0(0B) LOS objects, 37% free, 26MB/42MB, paused 255us total 36.705ms
08-04 11:37:09.443 25453 25465 I art     : Starting a blocking GC Explicit
08-04 11:37:09.480 25453 25465 I art     : Explicit concurrent mark sweep GC freed 3(96B) AllocSpace objects, 0(0B) LOS objects, 37% free, 26MB/42MB, paused 239us total 36.393ms
08-04 11:37:09.494 25453 25465 I art     : Starting a blocking GC Explicit
08-04 11:37:09.531 25453 25465 I art     : Explicit concurrent mark sweep GC freed 3(96B) AllocSpace objects, 0(0B) LOS objects, 37% free, 26MB/42MB, paused 247us total 36.452ms
08-04 11:37:09.545 25453 25465 I art     : Starting a blocking GC Explicit
08-04 11:37:09.581 25453 25465 I art     : Explicit concurrent mark sweep GC freed 3(96B) AllocSpace objects, 0(0B) LOS objects, 37% free, 26MB/42MB, paused 250us total 36.094ms
08-04 11:37:09.599 26519 26519 D AndroidRuntime: >>>>>> START com.android.internal.os.RuntimeInit uid 2000 <<<<<<
08-04 11:37:09.604 26519 26519 D AndroidRuntime: CheckJNI is OFF
08-04 11:37:09.637 26519 26519 D ICU     : No timezone override file found: /data/misc/zoneinfo/current/icu/icu_tzdata.dat
08-04 11:37:09.670 26519 26519 I Radio-JNI: register_android_hardware_Radio DONE
08-04 11:37:09.692 26519 26519 D AndroidRuntime: Calling main entry com.android.commands.input.Input
08-04 11:37:09.694 26519 26519 I Input   : injectKeyEvent: KeyEvent { action=ACTION_DOWN, keyCode=KEYCODE_BACK, scanCode=0, metaState=0, flags=0x0, repeatCount=0, eventTime=704246107, downTime=704246107, deviceId=-1, source=0x101 }
08-04 11:37:09.701 26519 26519 I Input   : injectKeyEvent: KeyEvent { action=ACTION_UP, keyCode=KEYCODE_BACK, scanCode=0, metaState=0, flags=0x0, repeatCount=0, eventTime=704246107, downTime=704246107, deviceId=-1, source=0x101 }
08-04 11:37:09.707 26519 26519 D AndroidRuntime: Shutting down VM
08-04 11:37:09.747 13866 13866 I GoogleInputMethodServic: GoogleInputMethodService.onFinishInput():3138 
08-04 11:37:09.748 13866 13866 I GoogleInputMethodServic: GoogleInputMethodService.onStartInput():1808 
08-04 11:37:09.823 25453 25466 I art     : Starting a blocking GC Explicit
08-04 11:37:09.856 25453 25466 I art     : Explicit concurrent mark sweep GC freed 1597(89KB) AllocSpace objects, 1(20KB) LOS objects, 37% free, 26MB/42MB, paused 256us total 32.554ms
08-04 11:37:09.870 25453 25466 I art     : Starting a blocking GC Explicit
08-04 11:37:09.912 25453 25466 I art     : Explicit concurrent mark sweep GC freed 24(864B) AllocSpace objects, 0(0B) LOS objects, 37% free, 26MB/42MB, paused 311us total 41.518ms
08-04 11:37:09.930 25453 25466 I art     : Starting a blocking GC Explicit
08-04 11:37:09.974 25453 25466 I art     : Explicit concurrent mark sweep GC freed 3(96B) AllocSpace objects, 0(0B) LOS objects, 37% free, 26MB/42MB, paused 225us total 44.393ms
08-04 11:37:09.992 25453 25466 I art     : Starting a blocking GC Explicit
08-04 11:37:10.029 25453 25466 I art     : Explicit concurrent mark sweep GC freed 3(96B) AllocSpace objects, 0(0B) LOS objects, 37% free, 26MB/42MB, paused 232us total 37.288ms
08-04 11:37:10.044 25453 25466 I art     : Starting a blocking GC Explicit
08-04 11:37:10.058   380   380 W SurfaceFlinger: couldn't log to binary event log: overflow.
08-04 11:37:10.081 25453 25466 I art     : Explicit concurrent mark sweep GC freed 52(1952B) AllocSpace objects, 0(0B) LOS objects, 37% free, 26MB/42MB, paused 227us total 36.947ms
08-04 11:37:10.272 13866 13882 I PeriodicStatsRunner: PeriodicStatsRunner.call():175 call()
08-04 11:37:10.273 13866 13882 I PeriodicStatsRunner: PeriodicStatsRunner.call():179 No submit PeriodicStats since input started.
08-04 11:37:10.349 25453 25679 I art     : Starting a blocking GC Explicit
08-04 11:37:10.391 25453 25679 I art     : Explicit concurrent mark sweep GC freed 1354(81KB) AllocSpace objects, 1(20KB) LOS objects, 37% free, 26MB/42MB, paused 316us total 42.342ms
08-04 11:37:10.412 25453 25679 I art     : Starting a blocking GC Explicit
08-04 11:37:10.445 25453 25679 I art     : Explicit concurrent mark sweep GC freed 22989(1247KB) AllocSpace objects, 5(164KB) LOS objects, 39% free, 24MB/40MB, paused 263us total 32.440ms
08-04 11:37:10.458 25453 25679 I art     : Starting a blocking GC Explicit
08-04 11:37:10.489 25453 25679 I art     : Explicit concurrent mark sweep GC freed 3(96B) AllocSpace objects, 0(0B) LOS objects, 39% free, 24MB/40MB, paused 262us total 30.600ms
08-04 11:37:10.503 25453 25679 I art     : Starting a blocking GC Explicit
08-04 11:37:10.534 25453 25679 I art     : Explicit concurrent mark sweep GC freed 3(96B) AllocSpace objects, 0(0B) LOS objects, 39% free, 24MB/40MB, paused 262us total 30.605ms
08-04 11:37:10.547 25453 25679 I art     : Starting a blocking GC Explicit
08-04 11:37:10.578 25453 25679 I art     : Explicit concurrent mark sweep GC freed 3(96B) AllocSpace objects, 0(0B) LOS objects, 39% free, 24MB/40MB, paused 262us total 30.745ms
08-04 11:37:10.841 25453 25466 I art     : Starting a blocking GC Explicit
08-04 11:37:10.868 25453 25466 I art     : Explicit concurrent mark sweep GC freed 1344(80KB) AllocSpace objects, 1(20KB) LOS objects, 39% free, 24MB/40MB, paused 254us total 27.249ms
08-04 11:37:10.881 25453 25466 I art     : Starting a blocking GC Explicit
08-04 11:37:10.911 25453 25466 I art     : Explicit concurrent mark sweep GC freed 26(928B) AllocSpace objects, 0(0B) LOS objects, 39% free, 24MB/40MB, paused 261us total 29.745ms
08-04 11:37:10.924 25453 25466 I art     : Starting a blocking GC Explicit
08-04 11:37:10.953 25453 25466 I art     : Explicit concurrent mark sweep GC freed 15(544B) AllocSpace objects, 0(0B) LOS objects, 39% free, 24MB/40MB, paused 253us total 29.166ms
08-04 11:37:10.968 25453 25466 I art     : Starting a blocking GC Explicit
08-04 11:37:10.995 25453 25466 I art     : Explicit concurrent mark sweep GC freed 3(96B) AllocSpace objects, 0(0B) LOS objects, 39% free, 24MB/40MB, paused 252us total 26.590ms
08-04 11:37:11.007 25453 25466 I art     : Starting a blocking GC Explicit
08-04 11:37:11.036 25453 25466 I art     : Explicit concurrent mark sweep GC freed 3(96B) AllocSpace objects, 0(0B) LOS objects, 39% free, 24MB/40MB, paused 257us total 28.947ms
08-04 11:37:11.302 25453 25476 I art     : Starting a blocking GC Explicit
08-04 11:37:11.333 25453 25476 I art     : Explicit concurrent mark sweep GC freed 1343(80KB) AllocSpace objects, 1(20KB) LOS objects, 39% free, 24MB/40MB, paused 267us total 30.615ms
08-04 11:37:11.347 25453 25476 I art     : Starting a blocking GC Explicit
08-04 11:37:11.358 26572 26572 D AndroidRuntime: >>>>>> START com.android.internal.os.RuntimeInit uid 2000 <<<<<<
08-04 11:37:11.362 26572 26572 D AndroidRuntime: CheckJNI is OFF
08-04 11:37:11.376 25453 25476 I art     : Explicit concurrent mark sweep GC freed 20(704B) AllocSpace objects, 0(0B) LOS objects, 39% free, 24MB/40MB, paused 254us total 29.304ms
08-04 11:37:11.389 25453 25476 I art     : Starting a blocking GC Explicit
08-04 11:37:11.399 26572 26572 D ICU     : No timezone override file found: /data/misc/zoneinfo/current/icu/icu_tzdata.dat
08-04 11:37:11.418 25453 25476 I art     : Explicit concurrent mark sweep GC freed 3(96B) AllocSpace objects, 0(0B) LOS objects, 39% free, 24MB/40MB, paused 262us total 28.791ms
08-04 11:37:11.431 25453 25476 I art     : Starting a blocking GC Explicit
08-04 11:37:11.435 26572 26572 I Radio-JNI: register_android_hardware_Radio DONE
08-04 11:37:11.457 26572 26572 D AndroidRuntime: Calling main entry com.android.commands.input.Input
08-04 11:37:11.459 26572 26572 I Input   : injectMotionEvent: MotionEvent { action=ACTION_DOWN, actionButton=0, id[0]=0, x[0]=600.0, y[0]=950.0, toolType[0]=TOOL_TYPE_UNKNOWN, buttonState=0, metaState=0, flags=0x0, edgeFlags=0x0, pointerCount=1, historySize=0, eventTime=704247872, downTime=704247872, deviceId=0, source=0x1002 }
08-04 11:37:11.460 25453 25476 I art     : Explicit concurrent mark sweep GC freed 3(96B) AllocSpace objects, 0(0B) LOS objects, 39% free, 24MB/40MB, paused 299us total 28.618ms
08-04 11:37:11.465 26572 26572 I Input   : injectMotionEvent: MotionEvent { action=ACTION_UP, actionButton=0, id[0]=0, x[0]=600.0, y[0]=950.0, toolType[0]=TOOL_TYPE_UNKNOWN, buttonState=0, metaState=0, flags=0x0, edgeFlags=0x0, pointerCount=1, historySize=0, eventTime=704247872, downTime=704247872, deviceId=0, source=0x1002 }
08-04 11:37:11.466 26572 26572 D AndroidRuntime: Shutting down VM
08-04 11:37:11.474 25453 25476 I art     : Starting a blocking GC Explicit
08-04 11:37:11.480   512  2967 D audio_hw_primary: out_set_parameters: enter: usecase(1: low-latency-playback) kvpairs: routing=2
08-04 11:37:11.488   918  5132 I ActivityManager: START u0 {dat=https://oauth.reddit.com/... cmp=baseline.org.quantumbadger.redreader/.activities.CommentListingActivity} from uid 10666 on display 0
08-04 11:37:11.493   512  2967 D audio_hw_primary: select_devices: out_snd_device(2: speaker) in_snd_device(0: none)
08-04 11:37:11.493   512  2967 D msm8974_platform: platform_send_audio_calibration: sending audio calibration for snd_device(2) acdb_id(15)
08-04 11:37:11.493   512  2967 I soundtrigger: audio_extn_sound_trigger_update_device_status: device 0x2 of type 0 for Event 1
08-04 11:37:11.504 25453 25476 I art     : Explicit concurrent mark sweep GC freed 254(10KB) AllocSpace objects, 0(0B) LOS objects, 39% free, 24MB/40MB, paused 1.152ms total 29.685ms
08-04 11:37:11.508   512  2967 D audio_hw_primary: enable_snd_device: snd_device(2: speaker)
08-04 11:37:11.510   512  2967 D audio_hw_primary: enable_audio_route: apply and update mixer path: low-latency-playback speaker
08-04 11:37:11.512 25453 25453 I AppCompatViewInflater: app:theme is now deprecated. Please move to using android:theme instead.
08-04 11:37:11.529 25453 26023 I CommentListingActivity: COMMENTS session changed to 1320ef35-abff-4619-90ed-14293f8794a4
08-04 11:37:11.590   918   936 I ActivityManager: Displayed baseline.org.quantumbadger.redreader/.activities.CommentListingActivity: +93ms
08-04 11:37:11.603 13866 13866 I GoogleInputMethodServic: GoogleInputMethodService.onFinishInput():3138 
08-04 11:37:11.605 13866 13866 I GoogleInputMethodServic: GoogleInputMethodService.onStartInput():1808 
08-04 11:37:11.750 25453 25466 I art     : Starting a blocking GC Explicit
08-04 11:37:11.786 25453 25466 I art     : Explicit concurrent mark sweep GC freed 7703(555KB) AllocSpace objects, 3(52KB) LOS objects, 38% free, 25MB/41MB, paused 240us total 36.041ms
08-04 11:37:11.802 25453 25466 I art     : Starting a blocking GC Explicit
08-04 11:37:11.827   380   380 W SurfaceFlinger: couldn't log to binary event log: overflow.
08-04 11:37:11.840 25453 25466 I art     : Explicit concurrent mark sweep GC freed 462(22KB) AllocSpace objects, 0(0B) LOS objects, 38% free, 25MB/41MB, paused 254us total 37.661ms
08-04 11:37:11.853 25453 25466 I art     : Starting a blocking GC Explicit
08-04 11:37:11.881 25453 25466 I art     : Explicit concurrent mark sweep GC freed 3(96B) AllocSpace objects, 0(0B) LOS objects, 38% free, 25MB/41MB, paused 232us total 27.377ms
08-04 11:37:11.894 25453 25466 I art     : Starting a blocking GC Explicit
08-04 11:37:11.922 25453 26475 I RedditChangeDataIO: Writing tmp data file at '/data/user/0/baseline.org.quantumbadger.redreader/files/rr_change_data_tmp.dat'
08-04 11:37:11.922 25453 26475 I RedditChangeDataManager: Taking snapshot...
08-04 11:37:11.922 25453 25466 I art     : Explicit concurrent mark sweep GC freed 3(96B) AllocSpace objects, 0(0B) LOS objects, 38% free, 25MB/41MB, paused 324us total 28.345ms
08-04 11:37:11.922 25453 26475 I RedditChangeDataManager: Writing to stream...
08-04 11:37:11.922 25453 26475 I RedditChangeDataManager: Wrote 3 entries for user ''
08-04 11:37:11.922 25453 26475 I RedditChangeDataManager: All entries written to stream.
08-04 11:37:11.922 25453 26475 I RedditChangeDataIO: Write successful. Atomically replacing data file...
08-04 11:37:11.923 25453 26475 I RedditChangeDataIO: Write complete.
08-04 11:37:11.923 25453 26475 I RedditChangeDataIO: 86 bytes written in 2 ms
08-04 11:37:11.935 25453 25466 I art     : Starting a blocking GC Explicit
08-04 11:37:11.967 25453 25466 I art     : Explicit concurrent mark sweep GC freed 124(6KB) AllocSpace objects, 1(68KB) LOS objects, 38% free, 25MB/41MB, paused 349us total 31.736ms
08-04 11:37:12.012 13866 13882 I PeriodicStatsRunner: PeriodicStatsRunner.call():175 call()
08-04 11:37:12.012 13866 13882 I PeriodicStatsRunner: PeriodicStatsRunner.call():179 No submit PeriodicStats since input started.
08-04 11:37:12.049   512  2967 D audio_hw_primary: disable_audio_route: reset and update mixer path: low-latency-playback speaker
08-04 11:37:12.050   512  2967 D audio_hw_primary: disable_snd_device: snd_device(2: speaker)
08-04 11:37:12.058   512  2967 I soundtrigger: audio_extn_sound_trigger_update_device_status: device 0x2 of type 0 for Event 0
08-04 11:37:12.251 25453 25476 I art     : Starting a blocking GC Explicit
08-04 11:37:12.285 25453 25476 I art     : Explicit concurrent mark sweep GC freed 1386(81KB) AllocSpace objects, 1(20KB) LOS objects, 38% free, 25MB/41MB, paused 266us total 33.773ms
08-04 11:37:12.298 25453 25476 I art     : Starting a blocking GC Explicit
08-04 11:37:12.331 25453 25476 I art     : Explicit concurrent mark sweep GC freed 66(2528B) AllocSpace objects, 0(0B) LOS objects, 38% free, 25MB/41MB, paused 254us total 32.183ms
08-04 11:37:12.344 25453 25476 I art     : Starting a blocking GC Explicit
08-04 11:37:12.377 25453 25476 I art     : Explicit concurrent mark sweep GC freed 238(36KB) AllocSpace objects, 0(0B) LOS objects, 38% free, 25MB/41MB, paused 218us total 32.077ms
08-04 11:37:12.391 25453 25476 I art     : Starting a blocking GC Explicit
08-04 11:37:12.423 25453 25476 I art     : Explicit concurrent mark sweep GC freed 68(2272B) AllocSpace objects, 0(0B) LOS objects, 38% free, 25MB/41MB, paused 237us total 31.837ms
08-04 11:37:12.437 25453 25476 I art     : Starting a blocking GC Explicit
08-04 11:37:12.469 25453 25476 I art     : Explicit concurrent mark sweep GC freed 3(96B) AllocSpace objects, 0(0B) LOS objects, 38% free, 25MB/41MB, paused 221us total 32.228ms
08-04 11:37:12.752 25453 25679 I art     : Starting a blocking GC Explicit
08-04 11:37:12.790 25453 25679 I art     : Explicit concurrent mark sweep GC freed 1343(80KB) AllocSpace objects, 1(20KB) LOS objects, 38% free, 25MB/41MB, paused 271us total 37.283ms
08-04 11:37:12.807 25453 25679 I art     : Starting a blocking GC Explicit
08-04 11:37:12.840 25453 25679 I art     : Explicit concurrent mark sweep GC freed 20(704B) AllocSpace objects, 0(0B) LOS objects, 38% free, 25MB/41MB, paused 242us total 32.581ms
08-04 11:37:12.853 25453 25679 I art     : Starting a blocking GC Explicit
08-04 11:37:12.886 25453 25679 I art     : Explicit concurrent mark sweep GC freed 3(96B) AllocSpace objects, 0(0B) LOS objects, 38% free, 25MB/41MB, paused 243us total 32.288ms
08-04 11:37:12.900 25453 25679 I art     : Starting a blocking GC Explicit
08-04 11:37:12.932 25453 25679 I art     : Explicit concurrent mark sweep GC freed 3(96B) AllocSpace objects, 0(0B) LOS objects, 38% free, 25MB/41MB, paused 239us total 31.499ms
08-04 11:37:12.945 25453 25679 I art     : Starting a blocking GC Explicit
08-04 11:37:12.978 25453 25679 I art     : Explicit concurrent mark sweep GC freed 3(96B) AllocSpace objects, 0(0B) LOS objects, 38% free, 25MB/41MB, paused 273us total 32.318ms
08-04 11:37:13.277 25453 25466 I art     : Starting a blocking GC Explicit
08-04 11:37:13.321 25453 25466 I art     : Explicit concurrent mark sweep GC freed 1343(80KB) AllocSpace objects, 1(20KB) LOS objects, 38% free, 25MB/41MB, paused 277us total 43.931ms
08-04 11:37:13.338 25453 25466 I art     : Starting a blocking GC Explicit
08-04 11:37:13.371 25453 25466 I art     : Explicit concurrent mark sweep GC freed 20(704B) AllocSpace objects, 0(0B) LOS objects, 38% free, 25MB/41MB, paused 239us total 32.438ms
08-04 11:37:13.384 25453 25466 I art     : Starting a blocking GC Explicit
08-04 11:37:13.417 25453 25466 I art     : Explicit concurrent mark sweep GC freed 3(96B) AllocSpace objects, 0(0B) LOS objects, 38% free, 25MB/41MB, paused 364us total 32.256ms
08-04 11:37:13.431 25453 25466 I art     : Starting a blocking GC Explicit
08-04 11:37:13.463 25453 25466 I art     : Explicit concurrent mark sweep GC freed 3(96B) AllocSpace objects, 0(0B) LOS objects, 38% free, 25MB/41MB, paused 236us total 31.730ms
08-04 11:37:13.476 25453 25466 I art     : Starting a blocking GC Explicit
08-04 11:37:13.509 25453 25466 I art     : Explicit concurrent mark sweep GC freed 3(96B) AllocSpace objects, 0(0B) LOS objects, 38% free, 25MB/41MB, paused 238us total 32.221ms
08-04 11:37:13.828 25453 25465 I art     : Starting a blocking GC Explicit
08-04 11:37:13.873 25453 25465 I art     : Explicit concurrent mark sweep GC freed 1343(80KB) AllocSpace objects, 1(20KB) LOS objects, 38% free, 25MB/41MB, paused 295us total 45.085ms
08-04 11:37:13.889 25453 25465 I art     : Starting a blocking GC Explicit
08-04 11:37:13.921 25453 25465 I art     : Explicit concurrent mark sweep GC freed 20(704B) AllocSpace objects, 0(0B) LOS objects, 38% free, 25MB/41MB, paused 228us total 31.899ms
08-04 11:37:13.935 25453 25465 I art     : Starting a blocking GC Explicit
08-04 11:37:13.967 25453 25465 I art     : Explicit concurrent mark sweep GC freed 3(96B) AllocSpace objects, 0(0B) LOS objects, 38% free, 25MB/41MB, paused 346us total 31.727ms
08-04 11:37:13.981 25453 25465 I art     : Starting a blocking GC Explicit
08-04 11:37:14.013 25453 25465 I art     : Explicit concurrent mark sweep GC freed 3(96B) AllocSpace objects, 0(0B) LOS objects, 38% free, 25MB/41MB, paused 227us total 32.399ms
08-04 11:37:14.027 25453 25465 I art     : Starting a blocking GC Explicit
08-04 11:37:14.060 25453 25465 I art     : Explicit concurrent mark sweep GC freed 3(96B) AllocSpace objects, 0(0B) LOS objects, 38% free, 25MB/41MB, paused 233us total 32.267ms
08-04 11:37:14.377 25453 25476 I art     : Starting a blocking GC Explicit
08-04 11:37:14.413   518   646 I ThermalEngine: ACTION: GPU - Setting GPU[0] to 600000000
08-04 11:37:14.418 25453 25476 I art     : Explicit concurrent mark sweep GC freed 1343(80KB) AllocSpace objects, 1(20KB) LOS objects, 38% free, 25MB/41MB, paused 240us total 40.261ms
08-04 11:37:14.434 25453 25476 I art     : Starting a blocking GC Explicit
08-04 11:37:14.465 25453 25476 I art     : Explicit concurrent mark sweep GC freed 20(704B) AllocSpace objects, 0(0B) LOS objects, 38% free, 25MB/41MB, paused 203us total 30.779ms
08-04 11:37:14.476 25453 25476 I art     : Starting a blocking GC Explicit
08-04 11:37:14.503 25453 25476 I art     : Explicit concurrent mark sweep GC freed 3(96B) AllocSpace objects, 0(0B) LOS objects, 38% free, 25MB/41MB, paused 175us total 26.798ms
08-04 11:37:14.514 25453 25476 I art     : Starting a blocking GC Explicit
08-04 11:37:14.540 25453 25476 I art     : Explicit concurrent mark sweep GC freed 3(96B) AllocSpace objects, 0(0B) LOS objects, 38% free, 25MB/41MB, paused 169us total 25.214ms
08-04 11:37:14.550 25453 25476 I art     : Starting a blocking GC Explicit
08-04 11:37:14.576 25453 25476 I art     : Explicit concurrent mark sweep GC freed 3(96B) AllocSpace objects, 0(0B) LOS objects, 38% free, 25MB/41MB, paused 199us total 25.490ms
08-04 11:37:14.748 13866 13882 I PeriodicStatsRunner: PeriodicStatsRunner.call():175 call()
08-04 11:37:14.748 13866 13882 I PeriodicStatsRunner: PeriodicStatsRunner.call():179 No submit PeriodicStats since input started.
08-04 11:37:14.859 25453 25679 I art     : Starting a blocking GC Explicit
08-04 11:37:14.894 25453 25679 I art     : Explicit concurrent mark sweep GC freed 1343(80KB) AllocSpace objects, 1(20KB) LOS objects, 38% free, 25MB/41MB, paused 215us total 35.197ms
08-04 11:37:14.907 25453 25679 I art     : Starting a blocking GC Explicit
08-04 11:37:14.934 25453 25679 I art     : Explicit concurrent mark sweep GC freed 20(704B) AllocSpace objects, 0(0B) LOS objects, 38% free, 25MB/41MB, paused 185us total 26.633ms
08-04 11:37:14.944 25453 25679 I art     : Starting a blocking GC Explicit
08-04 11:37:14.970 25453 25679 I art     : Explicit concurrent mark sweep GC freed 3(96B) AllocSpace objects, 0(0B) LOS objects, 38% free, 25MB/41MB, paused 184us total 25.925ms
08-04 11:37:14.981 25453 25679 I art     : Starting a blocking GC Explicit
08-04 11:37:15.007 25453 25679 I art     : Explicit concurrent mark sweep GC freed 3(96B) AllocSpace objects, 0(0B) LOS objects, 38% free, 25MB/41MB, paused 181us total 25.486ms
08-04 11:37:15.017 25453 25679 I art     : Starting a blocking GC Explicit
08-04 11:37:15.043 25453 25679 I art     : Explicit concurrent mark sweep GC freed 3(96B) AllocSpace objects, 0(0B) LOS objects, 38% free, 25MB/41MB, paused 186us total 25.161ms
08-04 11:37:15.341 25453 25466 I art     : Starting a blocking GC Explicit
08-04 11:37:15.378 25453 25466 I art     : Explicit concurrent mark sweep GC freed 1345(80KB) AllocSpace objects, 1(20KB) LOS objects, 38% free, 25MB/41MB, paused 210us total 36.392ms
08-04 11:37:15.393 25453 25466 I art     : Starting a blocking GC Explicit
08-04 11:37:15.419 25453 25466 I art     : Explicit concurrent mark sweep GC freed 20(704B) AllocSpace objects, 0(0B) LOS objects, 38% free, 25MB/41MB, paused 168us total 25.867ms
08-04 11:37:15.430 25453 25466 I art     : Starting a blocking GC Explicit
08-04 11:37:15.455 25453 25466 I art     : Explicit concurrent mark sweep GC freed 3(96B) AllocSpace objects, 0(0B) LOS objects, 38% free, 25MB/41MB, paused 169us total 25.250ms
08-04 11:37:15.465 25453 25466 I art     : Starting a blocking GC Explicit
08-04 11:37:15.491 25453 25466 I art     : Explicit concurrent mark sweep GC freed 3(96B) AllocSpace objects, 0(0B) LOS objects, 38% free, 25MB/41MB, paused 185us total 25.627ms
08-04 11:37:15.502 25453 25466 I art     : Starting a blocking GC Explicit
08-04 11:37:15.528 25453 25466 I art     : Explicit concurrent mark sweep GC freed 3(96B) AllocSpace objects, 0(0B) LOS objects, 38% free, 25MB/41MB, paused 165us total 25.934ms
08-04 11:37:15.818 25453 25465 I art     : Starting a blocking GC Explicit
08-04 11:37:15.845 25453 25465 I art     : Explicit concurrent mark sweep GC freed 1343(80KB) AllocSpace objects, 1(20KB) LOS objects, 38% free, 25MB/41MB, paused 202us total 26.875ms
08-04 11:37:15.856 25453 25465 I art     : Starting a blocking GC Explicit
08-04 11:37:15.881 25453 25465 I art     : Explicit concurrent mark sweep GC freed 20(704B) AllocSpace objects, 0(0B) LOS objects, 38% free, 25MB/41MB, paused 169us total 24.790ms
08-04 11:37:15.891 25453 25465 I art     : Starting a blocking GC Explicit
08-04 11:37:15.915 25453 25465 I art     : Explicit concurrent mark sweep GC freed 3(96B) AllocSpace objects, 0(0B) LOS objects, 38% free, 25MB/41MB, paused 165us total 23.741ms
08-04 11:37:15.925 25453 25465 I art     : Starting a blocking GC Explicit
08-04 11:37:15.950 25453 25465 I art     : Explicit concurrent mark sweep GC freed 3(96B) AllocSpace objects, 0(0B) LOS objects, 38% free, 25MB/41MB, paused 181us total 24.804ms
08-04 11:37:15.961 25453 25465 I art     : Starting a blocking GC Explicit
08-04 11:37:15.986 25453 25465 I art     : Explicit concurrent mark sweep GC freed 3(96B) AllocSpace objects, 0(0B) LOS objects, 38% free, 25MB/41MB, paused 184us total 24.800ms
08-04 11:37:16.056 26680 26680 D AndroidRuntime: >>>>>> START com.android.internal.os.RuntimeInit uid 2000 <<<<<<
08-04 11:37:16.060 26680 26680 D AndroidRuntime: CheckJNI is OFF
08-04 11:37:16.087 26680 26680 D ICU     : No timezone override file found: /data/misc/zoneinfo/current/icu/icu_tzdata.dat
08-04 11:37:16.113 26680 26680 I Radio-JNI: register_android_hardware_Radio DONE
08-04 11:37:16.129 26680 26680 D AndroidRuntime: Calling main entry com.android.commands.input.Input
08-04 11:37:16.130 26680 26680 I Input   : injectKeyEvent: KeyEvent { action=ACTION_DOWN, keyCode=KEYCODE_BACK, scanCode=0, metaState=0, flags=0x0, repeatCount=0, eventTime=704252543, downTime=704252543, deviceId=-1, source=0x101 }
08-04 11:37:16.137 26680 26680 I Input   : injectKeyEvent: KeyEvent { action=ACTION_UP, keyCode=KEYCODE_BACK, scanCode=0, metaState=0, flags=0x0, repeatCount=0, eventTime=704252543, downTime=704252543, deviceId=-1, source=0x101 }
08-04 11:37:16.143 26680 26680 D AndroidRuntime: Shutting down VM
08-04 11:37:16.188 13866 13866 I GoogleInputMethodServic: GoogleInputMethodService.onFinishInput():3138 
08-04 11:37:16.189 13866 13866 I GoogleInputMethodServic: GoogleInputMethodService.onStartInput():1808 
08-04 11:37:16.227 25453 25466 I art     : Starting a blocking GC Explicit
08-04 11:37:16.252 25453 25466 I art     : Explicit concurrent mark sweep GC freed 1585(88KB) AllocSpace objects, 1(20KB) LOS objects, 38% free, 25MB/41MB, paused 176us total 25.070ms
08-04 11:37:16.262 25453 25466 I art     : Starting a blocking GC Explicit
08-04 11:37:16.285 25453 25466 I art     : Explicit concurrent mark sweep GC freed 26(944B) AllocSpace objects, 0(0B) LOS objects, 38% free, 25MB/41MB, paused 160us total 22.827ms
08-04 11:37:16.295 25453 25466 I art     : Starting a blocking GC Explicit
08-04 11:37:16.320 25453 25466 I art     : Explicit concurrent mark sweep GC freed 3(96B) AllocSpace objects, 0(0B) LOS objects, 38% free, 25MB/41MB, paused 179us total 24.093ms
08-04 11:37:16.331 25453 25466 I art     : Starting a blocking GC Explicit
08-04 11:37:16.360 25453 25466 I art     : Explicit concurrent mark sweep GC freed 3(96B) AllocSpace objects, 0(0B) LOS objects, 38% free, 25MB/41MB, paused 195us total 29.205ms
08-04 11:37:16.372 25453 25466 I art     : Starting a blocking GC Explicit
08-04 11:37:16.401 25453 25466 I art     : Explicit concurrent mark sweep GC freed 3(96B) AllocSpace objects, 0(0B) LOS objects, 38% free, 25MB/41MB, paused 169us total 28.663ms
08-04 11:37:16.499   380   380 W SurfaceFlinger: couldn't log to binary event log: overflow.
08-04 11:37:16.604 13866 13882 I PeriodicStatsRunner: PeriodicStatsRunner.call():175 call()
08-04 11:37:16.604 13866 13882 I PeriodicStatsRunner: PeriodicStatsRunner.call():179 No submit PeriodicStats since input started.
08-04 11:37:16.642 25453 25476 I art     : Starting a blocking GC Explicit
08-04 11:37:16.674 25453 25476 I art     : Explicit concurrent mark sweep GC freed 1395(82KB) AllocSpace objects, 1(20KB) LOS objects, 38% free, 25MB/41MB, paused 199us total 30.895ms
08-04 11:37:16.685 25453 25476 I art     : Starting a blocking GC Explicit
08-04 11:37:16.710 25453 25476 I art     : Explicit concurrent mark sweep GC freed 3855(310KB) AllocSpace objects, 5(140KB) LOS objects, 39% free, 24MB/40MB, paused 179us total 25.334ms
08-04 11:37:16.721 25453 25476 I art     : Starting a blocking GC Explicit
08-04 11:37:16.745 25453 25476 I art     : Explicit concurrent mark sweep GC freed 3(96B) AllocSpace objects, 0(0B) LOS objects, 39% free, 24MB/40MB, paused 171us total 23.799ms
08-04 11:37:16.755 25453 25476 I art     : Starting a blocking GC Explicit
08-04 11:37:16.780 25453 25476 I art     : Explicit concurrent mark sweep GC freed 3(96B) AllocSpace objects, 0(0B) LOS objects, 39% free, 24MB/40MB, paused 173us total 24.815ms
08-04 11:37:16.790 25453 25476 I art     : Starting a blocking GC Explicit
08-04 11:37:16.815 25453 25476 I art     : Explicit concurrent mark sweep GC freed 3(96B) AllocSpace objects, 0(0B) LOS objects, 39% free, 24MB/40MB, paused 198us total 24.619ms
08-04 11:37:17.109 25453 25679 I art     : Starting a blocking GC Explicit
08-04 11:37:17.145 25453 25679 I art     : Explicit concurrent mark sweep GC freed 1343(80KB) AllocSpace objects, 1(20KB) LOS objects, 39% free, 24MB/40MB, paused 225us total 35.804ms
08-04 11:37:17.160 25453 25679 I art     : Starting a blocking GC Explicit
08-04 11:37:17.185 25453 25679 I art     : Explicit concurrent mark sweep GC freed 20(704B) AllocSpace objects, 0(0B) LOS objects, 39% free, 24MB/40MB, paused 184us total 25.287ms
08-04 11:37:17.196 25453 25679 I art     : Starting a blocking GC Explicit
08-04 11:37:17.221 25453 25679 I art     : Explicit concurrent mark sweep GC freed 3(96B) AllocSpace objects, 0(0B) LOS objects, 39% free, 24MB/40MB, paused 195us total 24.348ms
08-04 11:37:17.231 25453 25679 I art     : Starting a blocking GC Explicit
08-04 11:37:17.256 25453 25679 I art     : Explicit concurrent mark sweep GC freed 3(96B) AllocSpace objects, 0(0B) LOS objects, 39% free, 24MB/40MB, paused 176us total 24.108ms
08-04 11:37:17.266 25453 25679 I art     : Starting a blocking GC Explicit
08-04 11:37:17.291 25453 25679 I art     : Explicit concurrent mark sweep GC freed 3(96B) AllocSpace objects, 0(0B) LOS objects, 39% free, 24MB/40MB, paused 180us total 24.456ms
08-04 11:37:17.291 25453 25464 I art     : WaitForGcToComplete blocked for 6.150ms for cause HeapTrim
08-04 11:37:17.540 25453 25465 I art     : Starting a blocking GC Explicit
08-04 11:37:17.565 25453 25465 I art     : Explicit concurrent mark sweep GC freed 1343(80KB) AllocSpace objects, 1(20KB) LOS objects, 39% free, 24MB/40MB, paused 175us total 25.310ms
08-04 11:37:17.576 25453 25465 I art     : Starting a blocking GC Explicit
08-04 11:37:17.600 25453 25465 I art     : Explicit concurrent mark sweep GC freed 20(704B) AllocSpace objects, 0(0B) LOS objects, 39% free, 24MB/40MB, paused 177us total 23.507ms
08-04 11:37:17.610 25453 25465 I art     : Starting a blocking GC Explicit
08-04 11:37:17.633 25453 25465 I art     : Explicit concurrent mark sweep GC freed 3(96B) AllocSpace objects, 0(0B) LOS objects, 39% free, 24MB/40MB, paused 169us total 23.174ms
08-04 11:37:17.643 25453 25465 I art     : Starting a blocking GC Explicit
08-04 11:37:17.667 25453 25465 I art     : Explicit concurrent mark sweep GC freed 3(96B) AllocSpace objects, 0(0B) LOS objects, 39% free, 24MB/40MB, paused 171us total 23.969ms
08-04 11:37:17.677 25453 25465 I art     : Starting a blocking GC Explicit
08-04 11:37:17.701 25453 25465 I art     : Explicit concurrent mark sweep GC freed 3(96B) AllocSpace objects, 0(0B) LOS objects, 39% free, 24MB/40MB, paused 166us total 23.208ms
08-04 11:37:17.721 26732 26732 D AndroidRuntime: >>>>>> START com.android.internal.os.RuntimeInit uid 2000 <<<<<<
08-04 11:37:17.724 26732 26732 D AndroidRuntime: CheckJNI is OFF
08-04 11:37:17.749 26732 26732 D ICU     : No timezone override file found: /data/misc/zoneinfo/current/icu/icu_tzdata.dat
08-04 11:37:17.775 26732 26732 I Radio-JNI: register_android_hardware_Radio DONE
08-04 11:37:17.792 26732 26732 D AndroidRuntime: Calling main entry com.android.commands.input.Input
08-04 11:37:17.794 26732 26732 I Input   : injectMotionEvent: MotionEvent { action=ACTION_DOWN, actionButton=0, id[0]=0, x[0]=600.0, y[0]=700.0, toolType[0]=TOOL_TYPE_UNKNOWN, buttonState=0, metaState=0, flags=0x0, edgeFlags=0x0, pointerCount=1, historySize=0, eventTime=704254207, downTime=704254207, deviceId=0, source=0x1002 }
08-04 11:37:17.800 26732 26732 I Input   : injectMotionEvent: MotionEvent { action=ACTION_UP, actionButton=0, id[0]=0, x[0]=600.0, y[0]=700.0, toolType[0]=TOOL_TYPE_UNKNOWN, buttonState=0, metaState=0, flags=0x0, edgeFlags=0x0, pointerCount=1, historySize=0, eventTime=704254207, downTime=704254207, deviceId=0, source=0x1002 }
08-04 11:37:17.801 26732 26732 D AndroidRuntime: Shutting down VM
08-04 11:37:17.809   512  2967 D audio_hw_primary: out_set_parameters: enter: usecase(1: low-latency-playback) kvpairs: routing=2
08-04 11:37:17.810   918  6029 I ActivityManager: START u0 {dat=https://oauth.reddit.com/... cmp=baseline.org.quantumbadger.redreader/.activities.CommentListingActivity} from uid 10666 on display 0
08-04 11:37:17.822   512  2967 D audio_hw_primary: select_devices: out_snd_device(2: speaker) in_snd_device(0: none)
08-04 11:37:17.822   512  2967 D msm8974_platform: platform_send_audio_calibration: sending audio calibration for snd_device(2) acdb_id(15)
08-04 11:37:17.823   512  2967 I soundtrigger: audio_extn_sound_trigger_update_device_status: device 0x2 of type 0 for Event 1
08-04 11:37:17.833   512  2967 D audio_hw_primary: enable_snd_device: snd_device(2: speaker)
08-04 11:37:17.835   512  2967 D audio_hw_primary: enable_audio_route: apply and update mixer path: low-latency-playback speaker
08-04 11:37:17.838 25453 25453 I AppCompatViewInflater: app:theme is now deprecated. Please move to using android:theme instead.
08-04 11:37:17.851 25453 26023 I CommentListingActivity: COMMENTS session changed to 01a74ab7-412c-47c0-88b1-2ae87dd3cb5b
08-04 11:37:17.913   918   936 I ActivityManager: Displayed baseline.org.quantumbadger.redreader/.activities.CommentListingActivity: +92ms
08-04 11:37:17.929 25453 25679 I art     : Starting a blocking GC Explicit
08-04 11:37:17.930 13866 13866 I GoogleInputMethodServic: GoogleInputMethodService.onFinishInput():3138 
08-04 11:37:17.930 13866 13866 I GoogleInputMethodServic: GoogleInputMethodService.onStartInput():1808 
08-04 11:37:17.975 25453 25679 I art     : Explicit concurrent mark sweep GC freed 31549(2MB) AllocSpace objects, 3(56KB) LOS objects, 35% free, 28MB/44MB, paused 666us total 45.327ms
08-04 11:37:17.991 25453 25679 I art     : Starting a blocking GC Explicit
08-04 11:37:18.027 25453 25679 I art     : Explicit concurrent mark sweep GC freed 14919(998KB) AllocSpace objects, 1(16KB) LOS objects, 35% free, 28MB/44MB, paused 232us total 35.972ms
08-04 11:37:18.039 25453 25679 I art     : Starting a blocking GC Explicit
08-04 11:37:18.072 25453 25679 I art     : Explicit concurrent mark sweep GC freed 19202(853KB) AllocSpace objects, 0(0B) LOS objects, 36% free, 27MB/43MB, paused 165us total 33.196ms
08-04 11:37:18.084 25453 25679 I art     : Starting a blocking GC Explicit
08-04 11:37:18.125 25453 25679 I art     : Explicit concurrent mark sweep GC freed 10(480B) AllocSpace objects, 0(0B) LOS objects, 36% free, 27MB/43MB, paused 172us total 40.918ms
08-04 11:37:18.139 25453 25679 I art     : Starting a blocking GC Explicit
08-04 11:37:18.151   380   380 W SurfaceFlinger: couldn't log to binary event log: overflow.
08-04 11:37:18.178 25453 25679 I art     : Explicit concurrent mark sweep GC freed 3(96B) AllocSpace objects, 0(0B) LOS objects, 36% free, 27MB/43MB, paused 176us total 39.151ms
08-04 11:37:18.379   512  2967 D audio_hw_primary: disable_audio_route: reset and update mixer path: low-latency-playback speaker
08-04 11:37:18.380   512  2967 D audio_hw_primary: disable_snd_device: snd_device(2: speaker)
08-04 11:37:18.388   512  2967 I soundtrigger: audio_extn_sound_trigger_update_device_status: device 0x2 of type 0 for Event 0
08-04 11:37:18.450 25453 25679 I art     : Starting a blocking GC Explicit
08-04 11:37:18.487 25453 25679 I art     : Explicit concurrent mark sweep GC freed 1436(83KB) AllocSpace objects, 1(20KB) LOS objects, 36% free, 27MB/43MB, paused 174us total 36.414ms
08-04 11:37:18.499 25453 25679 I art     : Starting a blocking GC Explicit
08-04 11:37:18.530 25453 25679 I art     : Explicit concurrent mark sweep GC freed 24(832B) AllocSpace objects, 0(0B) LOS objects, 36% free, 27MB/43MB, paused 174us total 30.876ms
08-04 11:37:18.541 25453 25679 I art     : Starting a blocking GC Explicit
08-04 11:37:18.572 25453 25679 I art     : Explicit concurrent mark sweep GC freed 3(96B) AllocSpace objects, 0(0B) LOS objects, 36% free, 27MB/43MB, paused 154us total 30.546ms
08-04 11:37:18.583 25453 25679 I art     : Starting a blocking GC Explicit
08-04 11:37:18.618 25453 25679 I art     : Explicit concurrent mark sweep GC freed 3(96B) AllocSpace objects, 0(0B) LOS objects, 36% free, 27MB/43MB, paused 220us total 34.690ms
08-04 11:37:18.630 25453 25679 I art     : Starting a blocking GC Explicit
08-04 11:37:18.665 25453 25679 I art     : Explicit concurrent mark sweep GC freed 3(96B) AllocSpace objects, 0(0B) LOS objects, 36% free, 27MB/43MB, paused 182us total 34.687ms
08-04 11:37:18.960 25453 25679 I art     : Starting a blocking GC Explicit
08-04 11:37:19.003 25453 25679 I art     : Explicit concurrent mark sweep GC freed 1343(80KB) AllocSpace objects, 1(20KB) LOS objects, 36% free, 27MB/43MB, paused 200us total 43.072ms
08-04 11:37:19.016 25453 25679 I art     : Starting a blocking GC Explicit
08-04 11:37:19.051 25453 25679 I art     : Explicit concurrent mark sweep GC freed 66(2528B) AllocSpace objects, 0(0B) LOS objects, 36% free, 27MB/43MB, paused 176us total 34.701ms
08-04 11:37:19.063 25453 25679 I art     : Starting a blocking GC Explicit
08-04 11:37:19.098 25453 25679 I art     : Explicit concurrent mark sweep GC freed 3(96B) AllocSpace objects, 0(0B) LOS objects, 36% free, 27MB/43MB, paused 181us total 35.408ms
08-04 11:37:19.110 25453 25679 I art     : Starting a blocking GC Explicit
08-04 11:37:19.146 25453 25679 I art     : Explicit concurrent mark sweep GC freed 3(96B) AllocSpace objects, 0(0B) LOS objects, 36% free, 27MB/43MB, paused 178us total 35.483ms
08-04 11:37:19.158 25453 25679 I art     : Starting a blocking GC Explicit
08-04 11:37:19.194 25453 25679 I art     : Explicit concurrent mark sweep GC freed 3(96B) AllocSpace objects, 0(0B) LOS objects, 36% free, 27MB/43MB, paused 223us total 35.523ms
08-04 11:37:19.424   518   646 I ThermalEngine: ACTION: GPU - Setting GPU[0] to 510000000
08-04 11:37:19.476 25453 25466 I art     : Starting a blocking GC Explicit
08-04 11:37:19.525 25453 25466 I art     : Explicit concurrent mark sweep GC freed 1343(80KB) AllocSpace objects, 1(20KB) LOS objects, 36% free, 27MB/43MB, paused 246us total 48.445ms
08-04 11:37:19.540 25453 25466 I art     : Starting a blocking GC Explicit
08-04 11:37:19.576 25453 25466 I art     : Explicit concurrent mark sweep GC freed 20(704B) AllocSpace objects, 0(0B) LOS objects, 36% free, 27MB/43MB, paused 212us total 35.872ms
08-04 11:37:19.591 25453 25466 I art     : Starting a blocking GC Explicit
08-04 11:37:19.631 25453 25466 I art     : Explicit concurrent mark sweep GC freed 3(96B) AllocSpace objects, 0(0B) LOS objects, 36% free, 27MB/43MB, paused 216us total 39.652ms
08-04 11:37:19.646 25453 25466 I art     : Starting a blocking GC Explicit
08-04 11:37:19.685 25453 25466 I art     : Explicit concurrent mark sweep GC freed 3(96B) AllocSpace objects, 0(0B) LOS objects, 36% free, 27MB/43MB, paused 238us total 39.131ms
08-04 11:37:19.700 25453 25466 I art     : Starting a blocking GC Explicit
08-04 11:37:19.741 25453 25466 I art     : Explicit concurrent mark sweep GC freed 3(96B) AllocSpace objects, 0(0B) LOS objects, 36% free, 27MB/43MB, paused 241us total 41.203ms
08-04 11:37:20.053 25453 25465 I art     : Starting a blocking GC Explicit
08-04 11:37:20.108 25453 25465 I art     : Explicit concurrent mark sweep GC freed 1343(80KB) AllocSpace objects, 1(20KB) LOS objects, 36% free, 27MB/43MB, paused 238us total 54.412ms
08-04 11:37:20.124 25453 25465 I art     : Starting a blocking GC Explicit
08-04 11:37:20.168 25453 25465 I art     : Explicit concurrent mark sweep GC freed 20(704B) AllocSpace objects, 0(0B) LOS objects, 36% free, 27MB/43MB, paused 243us total 43.762ms
08-04 11:37:20.183 25453 25465 I art     : Starting a blocking GC Explicit
08-04 11:37:20.228 25453 25465 I art     : Explicit concurrent mark sweep GC freed 3(96B) AllocSpace objects, 0(0B) LOS objects, 36% free, 27MB/43MB, paused 236us total 44.268ms
08-04 11:37:20.243 25453 25465 I art     : Starting a blocking GC Explicit
08-04 11:37:20.286 25453 25465 I art     : Explicit concurrent mark sweep GC freed 3(96B) AllocSpace objects, 0(0B) LOS objects, 36% free, 27MB/43MB, paused 229us total 43.066ms
08-04 11:37:20.302 25453 25465 I art     : Starting a blocking GC Explicit
08-04 11:37:20.345 25453 25465 I art     : Explicit concurrent mark sweep GC freed 3(96B) AllocSpace objects, 0(0B) LOS objects, 36% free, 27MB/43MB, paused 247us total 42.972ms
08-04 11:37:20.662 25453 25476 I art     : Starting a blocking GC Explicit
08-04 11:37:20.718 25453 25476 I art     : Explicit concurrent mark sweep GC freed 1343(80KB) AllocSpace objects, 1(20KB) LOS objects, 36% free, 27MB/43MB, paused 276us total 55.503ms
08-04 11:37:20.736 25453 25476 I art     : Starting a blocking GC Explicit
08-04 11:37:20.780 25453 25476 I art     : Explicit concurrent mark sweep GC freed 20(704B) AllocSpace objects, 0(0B) LOS objects, 36% free, 27MB/43MB, paused 228us total 44.246ms
08-04 11:37:20.796 25453 25476 I art     : Starting a blocking GC Explicit
08-04 11:37:20.839 25453 25476 I art     : Explicit concurrent mark sweep GC freed 3(96B) AllocSpace objects, 0(0B) LOS objects, 36% free, 27MB/43MB, paused 229us total 42.526ms
08-04 11:37:20.854 25453 25476 I art     : Starting a blocking GC Explicit
08-04 11:37:20.899 25453 25476 I art     : Explicit concurrent mark sweep GC freed 3(96B) AllocSpace objects, 0(0B) LOS objects, 36% free, 27MB/43MB, paused 263us total 44.242ms
08-04 11:37:20.914 25453 25476 I art     : Starting a blocking GC Explicit
08-04 11:37:20.954 25453 25476 I art     : Explicit concurrent mark sweep GC freed 3(96B) AllocSpace objects, 0(0B) LOS objects, 36% free, 27MB/43MB, paused 222us total 39.480ms
08-04 11:37:21.189 13866 13882 I PeriodicStatsRunner: PeriodicStatsRunner.call():175 call()
08-04 11:37:21.189 13866 13882 I PeriodicStatsRunner: PeriodicStatsRunner.call():179 No submit PeriodicStats since input started.
08-04 11:37:21.278 25453 25679 I art     : Starting a blocking GC Explicit
08-04 11:37:21.334 25453 25679 I art     : Explicit concurrent mark sweep GC freed 1343(80KB) AllocSpace objects, 1(20KB) LOS objects, 36% free, 27MB/43MB, paused 274us total 54.916ms
08-04 11:37:21.354 25453 25679 I art     : Starting a blocking GC Explicit
08-04 11:37:21.399 25453 25679 I art     : Explicit concurrent mark sweep GC freed 20(704B) AllocSpace objects, 0(0B) LOS objects, 36% free, 27MB/43MB, paused 244us total 45.062ms
08-04 11:37:21.415 25453 25679 I art     : Starting a blocking GC Explicit
08-04 11:37:21.458 25453 25679 I art     : Explicit concurrent mark sweep GC freed 3(96B) AllocSpace objects, 0(0B) LOS objects, 36% free, 27MB/43MB, paused 238us total 43.317ms
08-04 11:37:21.474 25453 25679 I art     : Starting a blocking GC Explicit
08-04 11:37:21.518 25453 25679 I art     : Explicit concurrent mark sweep GC freed 3(96B) AllocSpace objects, 0(0B) LOS objects, 36% free, 27MB/43MB, paused 242us total 44.263ms
08-04 11:37:21.534 25453 25679 I art     : Starting a blocking GC Explicit
08-04 11:37:21.578 25453 25679 I art     : Explicit concurrent mark sweep GC freed 3(96B) AllocSpace objects, 0(0B) LOS objects, 36% free, 27MB/43MB, paused 234us total 43.926ms
08-04 11:37:21.684 20359 20359 I Atfwd_Sendcmd: AtCmdFwd service not ready - Exhausted retry attempts - :6
08-04 11:37:21.684 20359 20359 I Atfwd_Daemon: result : -1 	 ,Init step :2 	 ,qmiErrorCode: 0
08-04 11:37:21.797   918  3261 D WifiStateMachine: starting scan for "H369AA63323"WPA_PSK with 2412,5180
08-04 11:37:21.901 25453 25466 I art     : Starting a blocking GC Explicit
08-04 11:37:21.956 25453 25466 I art     : Explicit concurrent mark sweep GC freed 1345(80KB) AllocSpace objects, 1(20KB) LOS objects, 36% free, 27MB/43MB, paused 270us total 54.430ms
08-04 11:37:21.976 25453 25466 I art     : Starting a blocking GC Explicit
08-04 11:37:22.019 25453 25466 I art     : Explicit concurrent mark sweep GC freed 20(704B) AllocSpace objects, 0(0B) LOS objects, 36% free, 27MB/43MB, paused 235us total 42.104ms
08-04 11:37:22.034 25453 25466 I art     : Starting a blocking GC Explicit
08-04 11:37:22.076 25453 25466 I art     : Explicit concurrent mark sweep GC freed 3(96B) AllocSpace objects, 0(0B) LOS objects, 36% free, 27MB/43MB, paused 242us total 41.918ms
08-04 11:37:22.091 25453 25466 I art     : Starting a blocking GC Explicit
08-04 11:37:22.133 25453 25466 I art     : Explicit concurrent mark sweep GC freed 3(96B) AllocSpace objects, 0(0B) LOS objects, 36% free, 27MB/43MB, paused 239us total 41.636ms
08-04 11:37:22.148 25453 25466 I art     : Starting a blocking GC Explicit
08-04 11:37:22.189 25453 25466 I art     : Explicit concurrent mark sweep GC freed 3(96B) AllocSpace objects, 0(0B) LOS objects, 36% free, 27MB/43MB, paused 244us total 40.788ms
08-04 11:37:22.430   518   646 I ThermalEngine: ACTION: GPU - Setting GPU[0] to 600000000
08-04 11:37:22.481 26837 26837 D AndroidRuntime: >>>>>> START com.android.internal.os.RuntimeInit uid 2000 <<<<<<
08-04 11:37:22.486 26837 26837 D AndroidRuntime: CheckJNI is OFF
08-04 11:37:22.490 25453 25465 I art     : Starting a blocking GC Explicit
08-04 11:37:22.516 26837 26837 D ICU     : No timezone override file found: /data/misc/zoneinfo/current/icu/icu_tzdata.dat
08-04 11:37:22.526 25453 25465 I art     : Explicit concurrent mark sweep GC freed 1343(80KB) AllocSpace objects, 1(20KB) LOS objects, 36% free, 27MB/43MB, paused 186us total 35.824ms
08-04 11:37:22.538 25453 25465 I art     : Starting a blocking GC Explicit
08-04 11:37:22.543 26837 26837 I Radio-JNI: register_android_hardware_Radio DONE
08-04 11:37:22.559 26837 26837 D AndroidRuntime: Calling main entry com.android.commands.input.Input
08-04 11:37:22.560 26837 26837 I Input   : injectKeyEvent: KeyEvent { action=ACTION_DOWN, keyCode=KEYCODE_BACK, scanCode=0, metaState=0, flags=0x0, repeatCount=0, eventTime=704258973, downTime=704258973, deviceId=-1, source=0x101 }
08-04 11:37:22.564 26837 26837 I Input   : injectKeyEvent: KeyEvent { action=ACTION_UP, keyCode=KEYCODE_BACK, scanCode=0, metaState=0, flags=0x0, repeatCount=0, eventTime=704258973, downTime=704258973, deviceId=-1, source=0x101 }
08-04 11:37:22.569 26837 26837 D AndroidRuntime: Shutting down VM
08-04 11:37:22.570 25453 25465 I art     : Explicit concurrent mark sweep GC freed 29(992B) AllocSpace objects, 0(0B) LOS objects, 36% free, 27MB/43MB, paused 241us total 31.159ms
08-04 11:37:22.581 25453 25465 I art     : Starting a blocking GC Explicit
08-04 11:37:22.611 13866 13866 I GoogleInputMethodServic: GoogleInputMethodService.onFinishInput():3138 
08-04 11:37:22.611 13866 13866 I GoogleInputMethodServic: GoogleInputMethodService.onStartInput():1808 
08-04 11:37:22.611 25453 25465 I art     : Explicit concurrent mark sweep GC freed 123(4KB) AllocSpace objects, 0(0B) LOS objects, 36% free, 27MB/43MB, paused 233us total 30.057ms
08-04 11:37:22.623 25453 25465 I art     : Starting a blocking GC Explicit
08-04 11:37:22.658 25453 25465 I art     : Explicit concurrent mark sweep GC freed 116(4KB) AllocSpace objects, 0(0B) LOS objects, 36% free, 27MB/43MB, paused 212us total 35.164ms
08-04 11:37:22.672 25453 25465 I art     : Starting a blocking GC Explicit
08-04 11:37:22.701 25453 25465 I art     : Explicit concurrent mark sweep GC freed 11(400B) AllocSpace objects, 0(0B) LOS objects, 36% free, 27MB/43MB, paused 170us total 29.085ms
08-04 11:37:22.821 25453 26756 I RedditChangeDataIO: Writing tmp data file at '/data/user/0/baseline.org.quantumbadger.redreader/files/rr_change_data_tmp.dat'
08-04 11:37:22.821 25453 26756 I RedditChangeDataManager: Taking snapshot...
08-04 11:37:22.822 25453 26756 I RedditChangeDataManager: Writing to stream...
08-04 11:37:22.822 25453 26756 I RedditChangeDataManager: Wrote 3 entries for user ''
08-04 11:37:22.822 25453 26756 I RedditChangeDataManager: All entries written to stream.
08-04 11:37:22.822 25453 26756 I RedditChangeDataIO: Write successful. Atomically replacing data file...
08-04 11:37:22.822 25453 26756 I RedditChangeDataIO: Write complete.
08-04 11:37:22.822 25453 26756 I RedditChangeDataIO: 86 bytes written in 1 ms
08-04 11:37:22.923   380   380 W SurfaceFlinger: couldn't log to binary event log: overflow.
08-04 11:37:22.930 13866 13882 I PeriodicStatsRunner: PeriodicStatsRunner.call():175 call()
08-04 11:37:22.931 13866 13882 I PeriodicStatsRunner: PeriodicStatsRunner.call():179 No submit PeriodicStats since input started.
08-04 11:37:22.949 25453 25466 I art     : Starting a blocking GC Explicit
08-04 11:37:22.985 25453 25466 I art     : Explicit concurrent mark sweep GC freed 1473(87KB) AllocSpace objects, 2(88KB) LOS objects, 36% free, 27MB/43MB, paused 199us total 35.540ms
08-04 11:37:22.998 25453 25466 I art     : Starting a blocking GC Explicit
08-04 11:37:23.027 25453 25466 I art     : Explicit concurrent mark sweep GC freed 46782(2MB) AllocSpace objects, 5(140KB) LOS objects, 39% free, 24MB/40MB, paused 191us total 28.520ms
08-04 11:37:23.038 25453 25466 I art     : Starting a blocking GC Explicit
08-04 11:37:23.062 25453 25466 I art     : Explicit concurrent mark sweep GC freed 3(96B) AllocSpace objects, 0(0B) LOS objects, 39% free, 24MB/40MB, paused 177us total 23.812ms
08-04 11:37:23.072 25453 25466 I art     : Starting a blocking GC Explicit
08-04 11:37:23.097 25453 25466 I art     : Explicit concurrent mark sweep GC freed 3(96B) AllocSpace objects, 0(0B) LOS objects, 39% free, 24MB/40MB, paused 197us total 25.031ms
08-04 11:37:23.108 25453 25466 I art     : Starting a blocking GC Explicit
08-04 11:37:23.132 25453 25466 I art     : Explicit concurrent mark sweep GC freed 3(96B) AllocSpace objects, 0(0B) LOS objects, 39% free, 24MB/40MB, paused 185us total 24.165ms
08-04 11:37:23.402 25453 25476 I art     : Starting a blocking GC Explicit
08-04 11:37:23.437 25453 25476 I art     : Explicit concurrent mark sweep GC freed 1343(80KB) AllocSpace objects, 1(20KB) LOS objects, 39% free, 24MB/40MB, paused 198us total 34.594ms
08-04 11:37:23.453 25453 25476 I art     : Starting a blocking GC Explicit
08-04 11:37:23.478 25453 25476 I art     : Explicit concurrent mark sweep GC freed 20(704B) AllocSpace objects, 0(0B) LOS objects, 39% free, 24MB/40MB, paused 169us total 25.217ms
08-04 11:37:23.489 25453 25476 I art     : Starting a blocking GC Explicit
08-04 11:37:23.514 25453 25476 I art     : Explicit concurrent mark sweep GC freed 3(96B) AllocSpace objects, 0(0B) LOS objects, 39% free, 24MB/40MB, paused 186us total 24.534ms
08-04 11:37:23.524 25453 25476 I art     : Starting a blocking GC Explicit
08-04 11:37:23.549 25453 25476 I art     : Explicit concurrent mark sweep GC freed 3(96B) AllocSpace objects, 0(0B) LOS objects, 39% free, 24MB/40MB, paused 167us total 24.603ms
08-04 11:37:23.560 25453 25476 I art     : Starting a blocking GC Explicit
08-04 11:37:23.583 25453 25476 I art     : Explicit concurrent mark sweep GC freed 3(96B) AllocSpace objects, 0(0B) LOS objects, 39% free, 24MB/40MB, paused 169us total 23.406ms
08-04 11:37:23.855 25453 25679 I art     : Starting a blocking GC Explicit
08-04 11:37:23.883 25453 25679 I art     : Explicit concurrent mark sweep GC freed 1343(80KB) AllocSpace objects, 1(20KB) LOS objects, 39% free, 24MB/40MB, paused 192us total 27.354ms
08-04 11:37:23.894 25453 25679 I art     : Starting a blocking GC Explicit
08-04 11:37:23.918 25453 25679 I art     : Explicit concurrent mark sweep GC freed 20(704B) AllocSpace objects, 0(0B) LOS objects, 39% free, 24MB/40MB, paused 177us total 23.436ms
08-04 11:37:23.928 25453 25679 I art     : Starting a blocking GC Explicit
08-04 11:37:23.951 25453 25679 I art     : Explicit concurrent mark sweep GC freed 3(96B) AllocSpace objects, 0(0B) LOS objects, 39% free, 24MB/40MB, paused 188us total 23.430ms
08-04 11:37:23.961 25453 25679 I art     : Starting a blocking GC Explicit
08-04 11:37:23.985 25453 25679 I art     : Explicit concurrent mark sweep GC freed 3(96B) AllocSpace objects, 0(0B) LOS objects, 39% free, 24MB/40MB, paused 176us total 23.430ms
08-04 11:37:23.995 25453 25679 I art     : Starting a blocking GC Explicit
08-04 11:37:24.018 25453 25679 I art     : Explicit concurrent mark sweep GC freed 3(96B) AllocSpace objects, 0(0B) LOS objects, 39% free, 24MB/40MB, paused 182us total 23.354ms
08-04 11:37:24.144 26890 26890 D AndroidRuntime: >>>>>> START com.android.internal.os.RuntimeInit uid 2000 <<<<<<
08-04 11:37:24.153 26890 26890 D AndroidRuntime: CheckJNI is OFF
08-04 11:37:24.183 26890 26890 D ICU     : No timezone override file found: /data/misc/zoneinfo/current/icu/icu_tzdata.dat
08-04 11:37:24.208 26890 26890 I Radio-JNI: register_android_hardware_Radio DONE
08-04 11:37:24.224 26890 26890 D AndroidRuntime: Calling main entry com.android.commands.input.Input
08-04 11:37:24.225 26890 26890 I Input   : injectKeyEvent: KeyEvent { action=ACTION_DOWN, keyCode=KEYCODE_BACK, scanCode=0, metaState=0, flags=0x0, repeatCount=0, eventTime=704260638, downTime=704260638, deviceId=-1, source=0x101 }
08-04 11:37:24.234 26890 26890 I Input   : injectKeyEvent: KeyEvent { action=ACTION_UP, keyCode=KEYCODE_BACK, scanCode=0, metaState=0, flags=0x0, repeatCount=0, eventTime=704260638, downTime=704260638, deviceId=-1, source=0x101 }
08-04 11:37:24.240 26890 26890 D AndroidRuntime: Shutting down VM
08-04 11:37:24.274 25453 25466 I art     : Starting a blocking GC Explicit
08-04 11:37:24.281 13866 13866 I GoogleInputMethodServic: GoogleInputMethodService.onFinishInput():3138 
08-04 11:37:24.282 13866 13866 I GoogleInputMethodServic: GoogleInputMethodService.onStartInput():1808 
08-04 11:37:24.300 25453 25466 I art     : Explicit concurrent mark sweep GC freed 1474(84KB) AllocSpace objects, 1(20KB) LOS objects, 39% free, 24MB/40MB, paused 196us total 25.409ms
08-04 11:37:24.311 25453 25466 I art     : Starting a blocking GC Explicit
08-04 11:37:24.335 25453 25466 I art     : Explicit concurrent mark sweep GC freed 57(1920B) AllocSpace objects, 0(0B) LOS objects, 39% free, 24MB/40MB, paused 234us total 23.771ms
08-04 11:37:24.346 25453 25466 I art     : Starting a blocking GC Explicit
08-04 11:37:24.366 25453 25466 I art     : Explicit concurrent mark sweep GC freed 18(592B) AllocSpace objects, 0(0B) LOS objects, 39% free, 24MB/40MB, paused 152us total 20.467ms
08-04 11:37:24.376 25453 25466 I art     : Starting a blocking GC Explicit
08-04 11:37:24.398 25453 25466 I art     : Explicit concurrent mark sweep GC freed 3(96B) AllocSpace objects, 0(0B) LOS objects, 39% free, 24MB/40MB, paused 181us total 21.536ms
08-04 11:37:24.409 25453 25466 I art     : Starting a blocking GC Explicit
08-04 11:37:24.432 25453 25466 I art     : Explicit concurrent mark sweep GC freed 3(96B) AllocSpace objects, 0(0B) LOS objects, 39% free, 24MB/40MB, paused 193us total 23.341ms
08-04 11:37:24.685 25453 25466 I art     : Starting a blocking GC Explicit
08-04 11:37:24.713 25453 25466 I art     : Explicit concurrent mark sweep GC freed 1404(82KB) AllocSpace objects, 1(20KB) LOS objects, 39% free, 24MB/40MB, paused 245us total 27.504ms
08-04 11:37:24.728 25453 25466 I art     : Starting a blocking GC Explicit
08-04 11:37:24.751 25453 25466 I art     : Explicit concurrent mark sweep GC freed 150(7KB) AllocSpace objects, 0(0B) LOS objects, 39% free, 24MB/40MB, paused 196us total 22.885ms
08-04 11:37:24.761 25453 25466 I art     : Starting a blocking GC Explicit
08-04 11:37:24.784 25453 25466 I art     : Explicit concurrent mark sweep GC freed 3(96B) AllocSpace objects, 0(0B) LOS objects, 39% free, 24MB/40MB, paused 180us total 22.525ms
08-04 11:37:24.793 25453 25466 I art     : Starting a blocking GC Explicit
08-04 11:37:24.814 25453 25466 I art     : Explicit concurrent mark sweep GC freed 3(96B) AllocSpace objects, 0(0B) LOS objects, 39% free, 24MB/40MB, paused 177us total 20.573ms
08-04 11:37:24.823 25453 25466 I art     : Starting a blocking GC Explicit
08-04 11:37:24.843 25453 25466 I art     : Explicit concurrent mark sweep GC freed 3(96B) AllocSpace objects, 0(0B) LOS objects, 39% free, 24MB/40MB, paused 180us total 20.570ms
08-04 11:37:25.123 25453 25476 I art     : Starting a blocking GC Explicit
08-04 11:37:25.149 25453 25476 I art     : Explicit concurrent mark sweep GC freed 1343(80KB) AllocSpace objects, 1(20KB) LOS objects, 39% free, 24MB/40MB, paused 192us total 26.215ms
08-04 11:37:25.159 25453 25476 I art     : Starting a blocking GC Explicit
08-04 11:37:25.184 25453 25476 I art     : Explicit concurrent mark sweep GC freed 20(704B) AllocSpace objects, 0(0B) LOS objects, 39% free, 24MB/40MB, paused 184us total 24.435ms
08-04 11:37:25.193 25453 25476 I art     : Starting a blocking GC Explicit
08-04 11:37:25.217 25453 25476 I art     : Explicit concurrent mark sweep GC freed 3(96B) AllocSpace objects, 0(0B) LOS objects, 39% free, 24MB/40MB, paused 194us total 23.368ms
08-04 11:37:25.227 25453 25476 I art     : Starting a blocking GC Explicit
08-04 11:37:25.250 25453 25476 I art     : Explicit concurrent mark sweep GC freed 3(96B) AllocSpace objects, 0(0B) LOS objects, 39% free, 24MB/40MB, paused 181us total 23.105ms
08-04 11:37:25.260 25453 25476 I art     : Starting a blocking GC Explicit
08-04 11:37:25.285 25453 25476 I art     : Explicit concurrent mark sweep GC freed 3(96B) AllocSpace objects, 0(0B) LOS objects, 39% free, 24MB/40MB, paused 185us total 24.374ms
08-04 11:37:25.543 25453 25465 I art     : Starting a blocking GC Explicit
08-04 11:37:25.568 25453 25465 I art     : Explicit concurrent mark sweep GC freed 1343(80KB) AllocSpace objects, 1(20KB) LOS objects, 39% free, 24MB/40MB, paused 205us total 25.618ms
08-04 11:37:25.579 25453 25465 I art     : Starting a blocking GC Explicit
08-04 11:37:25.605 25453 25465 I art     : Explicit concurrent mark sweep GC freed 20(704B) AllocSpace objects, 0(0B) LOS objects, 39% free, 24MB/40MB, paused 237us total 25.238ms
08-04 11:37:25.615 25453 25465 I art     : Starting a blocking GC Explicit
08-04 11:37:25.638 25453 25465 I art     : Explicit concurrent mark sweep GC freed 3(96B) AllocSpace objects, 0(0B) LOS objects, 39% free, 24MB/40MB, paused 195us total 23.053ms
08-04 11:37:25.648 25453 25465 I art     : Starting a blocking GC Explicit
08-04 11:37:25.671 25453 25465 I art     : Explicit concurrent mark sweep GC freed 3(96B) AllocSpace objects, 0(0B) LOS objects, 39% free, 24MB/40MB, paused 176us total 22.694ms
08-04 11:37:25.681 25453 25465 I art     : Starting a blocking GC Explicit
08-04 11:37:25.704 25453 25465 I art     : Explicit concurrent mark sweep GC freed 3(96B) AllocSpace objects, 0(0B) LOS objects, 39% free, 24MB/40MB, paused 184us total 23.003ms
08-04 11:37:25.804 26939 26939 D AndroidRuntime: >>>>>> START com.android.internal.os.RuntimeInit uid 2000 <<<<<<
08-04 11:37:25.809 26939 26939 D AndroidRuntime: CheckJNI is OFF
08-04 11:37:25.843 26939 26939 D ICU     : No timezone override file found: /data/misc/zoneinfo/current/icu/icu_tzdata.dat
08-04 11:37:25.869 26939 26939 I Radio-JNI: register_android_hardware_Radio DONE
08-04 11:37:25.885 26939 26939 D AndroidRuntime: Calling main entry com.android.commands.input.Input
08-04 11:37:25.886 26939 26939 I Input   : injectMotionEvent: MotionEvent { action=ACTION_DOWN, actionButton=0, id[0]=0, x[0]=600.0, y[0]=1536.0, toolType[0]=TOOL_TYPE_UNKNOWN, buttonState=0, metaState=0, flags=0x0, edgeFlags=0x0, pointerCount=1, historySize=0, eventTime=704262299, downTime=704262299, deviceId=0, source=0x1002 }
08-04 11:37:25.891 26939 26939 I Input   : injectMotionEvent: MotionEvent { action=ACTION_UP, actionButton=0, id[0]=0, x[0]=600.0, y[0]=1536.0, toolType[0]=TOOL_TYPE_UNKNOWN, buttonState=0, metaState=0, flags=0x0, edgeFlags=0x0, pointerCount=1, historySize=0, eventTime=704262299, downTime=704262299, deviceId=0, source=0x1002 }
08-04 11:37:25.893 26939 26939 D AndroidRuntime: Shutting down VM
08-04 11:37:25.911   918  5952 I ActivityManager: START u0 {dat=https://oauth.reddit.com/... cmp=baseline.org.quantumbadger.redreader/.activities.PostListingActivity} from uid 10666 on display 0
08-04 11:37:25.912   512  2967 D audio_hw_primary: out_set_parameters: enter: usecase(1: low-latency-playback) kvpairs: routing=2
08-04 11:37:25.924   512  2967 D audio_hw_primary: select_devices: out_snd_device(2: speaker) in_snd_device(0: none)
08-04 11:37:25.924   512  2967 D msm8974_platform: platform_send_audio_calibration: sending audio calibration for snd_device(2) acdb_id(15)
08-04 11:37:25.925   512  2967 I soundtrigger: audio_extn_sound_trigger_update_device_status: device 0x2 of type 0 for Event 1
08-04 11:37:25.933 25453 25453 I AppCompatViewInflater: app:theme is now deprecated. Please move to using android:theme instead.
08-04 11:37:25.937   512  2967 D audio_hw_primary: enable_snd_device: snd_device(2: speaker)
08-04 11:37:25.939   512  2967 D audio_hw_primary: enable_audio_route: apply and update mixer path: low-latency-playback speaker
08-04 11:37:25.952 25453 26968 D OK      : calling: https://oauth.reddit.com/r/askscience/about.json
08-04 11:37:25.959 25453 25679 I art     : Starting a blocking GC Explicit
08-04 11:37:25.985 25453 25679 I art     : Explicit concurrent mark sweep GC freed 2792(176KB) AllocSpace objects, 1(20KB) LOS objects, 39% free, 24MB/40MB, paused 365us total 26.224ms
08-04 11:37:25.996 25453 25679 I art     : Starting a blocking GC Explicit
08-04 11:37:25.999   918   936 I ActivityManager: Displayed baseline.org.quantumbadger.redreader/.activities.PostListingActivity: +78ms
08-04 11:37:25.999 13866 13866 I GoogleInputMethodServic: GoogleInputMethodService.onFinishInput():3138 
08-04 11:37:26.000 13866 13866 I GoogleInputMethodServic: GoogleInputMethodService.onStartInput():1808 
08-04 11:37:26.022 25453 25679 I art     : Explicit concurrent mark sweep GC freed 523(25KB) AllocSpace objects, 0(0B) LOS objects, 39% free, 25MB/41MB, paused 333us total 25.467ms
08-04 11:37:26.033 25453 25679 I art     : Starting a blocking GC Explicit
08-04 11:37:26.057 25453 25679 I art     : Explicit concurrent mark sweep GC freed 140(8KB) AllocSpace objects, 0(0B) LOS objects, 39% free, 25MB/41MB, paused 239us total 23.823ms
08-04 11:37:26.067 25453 25679 I art     : Starting a blocking GC Explicit
08-04 11:37:26.090 25453 25679 I art     : Explicit concurrent mark sweep GC freed 12(1408B) AllocSpace objects, 0(0B) LOS objects, 39% free, 24MB/40MB, paused 203us total 22.067ms
08-04 11:37:26.100 25453 25679 I art     : Starting a blocking GC Explicit
08-04 11:37:26.125 25453 25679 I art     : Explicit concurrent mark sweep GC freed 3(96B) AllocSpace objects, 0(0B) LOS objects, 39% free, 24MB/40MB, paused 224us total 25.112ms
08-04 11:37:26.261   380   380 W SurfaceFlinger: couldn't log to binary event log: overflow.
08-04 11:37:26.301 25453 26968 I NAPPA_EXPERIMENTATION: MetricNetworkRequestExecutionTime: REQUEST_DURATION_SYSTEM='349',REQUEST_DURATION_OKHTTP='148',REQUEST_SYNCHRONOUS='TRUE',RESPONSE_CODE='200',RESPONSE_METHOD='GET',RESPONSE_LENGTH_OKHTTP='-1',RESPONSE_LENGTH_HEADER='4700',REQUEST_PROTOCOL='h2',REQUEST_URL='https://oauth.reddit.com/r/askscience/about.json',
08-04 11:37:26.301 25453 26968 D OK      : request got status: 200
08-04 11:37:26.377 25453 25465 I art     : Starting a blocking GC Explicit
08-04 11:37:26.402 25453 25465 I art     : Explicit concurrent mark sweep GC freed 5054(351KB) AllocSpace objects, 4(176KB) LOS objects, 38% free, 25MB/41MB, paused 189us total 24.282ms
08-04 11:37:26.412 25453 25465 I art     : Starting a blocking GC Explicit
08-04 11:37:26.433 25453 25465 I art     : Explicit concurrent mark sweep GC freed 244(12KB) AllocSpace objects, 0(0B) LOS objects, 38% free, 25MB/41MB, paused 171us total 21.372ms
08-04 11:37:26.437   518   646 I ThermalEngine: ACTION: GPU - Setting GPU[0] to 510000000
08-04 11:37:26.446 25453 25465 I art     : Starting a blocking GC Explicit
08-04 11:37:26.473 25453 25465 I art     : Explicit concurrent mark sweep GC freed 3(96B) AllocSpace objects, 0(0B) LOS objects, 38% free, 25MB/41MB, paused 246us total 26.288ms
08-04 11:37:26.478   512  2967 D audio_hw_primary: disable_audio_route: reset and update mixer path: low-latency-playback speaker
08-04 11:37:26.480   512  2967 D audio_hw_primary: disable_snd_device: snd_device(2: speaker)
08-04 11:37:26.485 25453 25465 I art     : Starting a blocking GC Explicit
08-04 11:37:26.488   512  2967 I soundtrigger: audio_extn_sound_trigger_update_device_status: device 0x2 of type 0 for Event 0
08-04 11:37:26.512 25453 25465 I art     : Explicit concurrent mark sweep GC freed 3(96B) AllocSpace objects, 0(0B) LOS objects, 38% free, 25MB/41MB, paused 302us total 26.991ms
08-04 11:37:26.525 25453 25465 I art     : Starting a blocking GC Explicit
08-04 11:37:26.552 25453 25465 I art     : Explicit concurrent mark sweep GC freed 3(96B) AllocSpace objects, 0(0B) LOS objects, 38% free, 25MB/41MB, paused 268us total 26.874ms
08-04 11:37:26.817 25453 25466 I art     : Starting a blocking GC Explicit
08-04 11:37:26.848 25453 25466 I art     : Explicit concurrent mark sweep GC freed 1402(82KB) AllocSpace objects, 1(20KB) LOS objects, 38% free, 25MB/41MB, paused 265us total 31.403ms
08-04 11:37:26.862 25453 25466 I art     : Starting a blocking GC Explicit
08-04 11:37:26.891 25453 25466 I art     : Explicit concurrent mark sweep GC freed 20(704B) AllocSpace objects, 0(0B) LOS objects, 38% free, 25MB/41MB, paused 275us total 28.129ms
08-04 11:37:26.903 25453 25466 I art     : Starting a blocking GC Explicit
08-04 11:37:26.933 25453 25466 I art     : Explicit concurrent mark sweep GC freed 3(96B) AllocSpace objects, 0(0B) LOS objects, 38% free, 25MB/41MB, paused 283us total 30.133ms
08-04 11:37:26.947 25453 25466 I art     : Starting a blocking GC Explicit
08-04 11:37:26.978 25453 25466 I art     : Explicit concurrent mark sweep GC freed 3(96B) AllocSpace objects, 0(0B) LOS objects, 38% free, 25MB/41MB, paused 432us total 31.104ms
08-04 11:37:26.992 25453 25466 I art     : Starting a blocking GC Explicit
08-04 11:37:27.022 25453 25466 I art     : Explicit concurrent mark sweep GC freed 3(96B) AllocSpace objects, 0(0B) LOS objects, 38% free, 25MB/41MB, paused 275us total 30.063ms
08-04 11:37:27.153 25453 26994 D OK      : calling: https://oauth.reddit.com/r/askscience/hot/.json
08-04 11:37:27.310 25453 25465 I art     : Starting a blocking GC Explicit
08-04 11:37:27.343 25453 25465 I art     : Explicit concurrent mark sweep GC freed 1435(83KB) AllocSpace objects, 1(20KB) LOS objects, 38% free, 25MB/41MB, paused 315us total 32.494ms
08-04 11:37:27.356 25453 25465 I art     : Starting a blocking GC Explicit
08-04 11:37:27.388 25453 25465 I art     : Explicit concurrent mark sweep GC freed 26(960B) AllocSpace objects, 0(0B) LOS objects, 38% free, 25MB/41MB, paused 351us total 31.102ms
08-04 11:37:27.402 25453 25465 I art     : Starting a blocking GC Explicit
08-04 11:37:27.407 25453 26994 I NAPPA_EXPERIMENTATION: MetricNetworkRequestExecutionTime: REQUEST_DURATION_SYSTEM='253',REQUEST_DURATION_OKHTTP='250',REQUEST_SYNCHRONOUS='TRUE',RESPONSE_CODE='200',RESPONSE_METHOD='GET',RESPONSE_LENGTH_OKHTTP='-1',RESPONSE_LENGTH_HEADER='21282',REQUEST_PROTOCOL='h2',REQUEST_URL='https://oauth.reddit.com/r/askscience/hot/.json',
08-04 11:37:27.407 25453 26994 D OK      : request got status: 200
08-04 11:37:27.421 25453 26023 I PostListingFragment: Precaching images: OFF
08-04 11:37:27.421 25453 26023 I PostListingFragment: Precaching comments: OFF
08-04 11:37:27.433 25453 25465 I art     : Explicit concurrent mark sweep GC freed 481(113KB) AllocSpace objects, 0(0B) LOS objects, 38% free, 25MB/41MB, paused 395us total 30.981ms
08-04 11:37:27.446 25453 25465 I art     : Starting a blocking GC Explicit
08-04 11:37:27.478 25453 25465 I art     : Explicit concurrent mark sweep GC freed 2787(135KB) AllocSpace objects, 0(0B) LOS objects, 38% free, 25MB/41MB, paused 721us total 32.323ms
08-04 11:37:27.491 25453 25465 I art     : Starting a blocking GC Explicit
08-04 11:37:27.525 25453 25465 I art     : Explicit concurrent mark sweep GC freed 3368(144KB) AllocSpace objects, 1(68KB) LOS objects, 38% free, 25MB/41MB, paused 463us total 33.660ms
08-04 11:37:27.615 13866 13882 I PeriodicStatsRunner: PeriodicStatsRunner.call():175 call()
08-04 11:37:27.615 13866 13882 I PeriodicStatsRunner: PeriodicStatsRunner.call():179 No submit PeriodicStats since input started.
08-04 11:37:27.819 25453 25466 I art     : Starting a blocking GC Explicit
08-04 11:37:27.859 25453 25466 I art     : Explicit concurrent mark sweep GC freed 27355(1218KB) AllocSpace objects, 2(88KB) LOS objects, 38% free, 25MB/41MB, paused 405us total 39.868ms
08-04 11:37:27.873 25453 25466 I art     : Starting a blocking GC Explicit
08-04 11:37:27.904 25453 25466 I art     : Explicit concurrent mark sweep GC freed 1627(70KB) AllocSpace objects, 0(0B) LOS objects, 38% free, 25MB/41MB, paused 263us total 30.207ms
08-04 11:37:27.916 25453 25466 I art     : Starting a blocking GC Explicit
08-04 11:37:27.949 25453 25466 I art     : Explicit concurrent mark sweep GC freed 22(832B) AllocSpace objects, 0(0B) LOS objects, 38% free, 25MB/41MB, paused 2.106ms total 32.580ms
08-04 11:37:27.963 25453 25466 I art     : Starting a blocking GC Explicit
08-04 11:37:27.994 25453 25466 I art     : Explicit concurrent mark sweep GC freed 59(2272B) AllocSpace objects, 0(0B) LOS objects, 38% free, 25MB/41MB, paused 248us total 31.347ms
08-04 11:37:28.008 25453 25466 I art     : Starting a blocking GC Explicit
08-04 11:37:28.037 25453 25466 I art     : Explicit concurrent mark sweep GC freed 3(96B) AllocSpace objects, 0(0B) LOS objects, 38% free, 25MB/41MB, paused 264us total 29.086ms
08-04 11:37:28.329 25453 25466 I art     : Starting a blocking GC Explicit
08-04 11:37:28.368 25453 25466 I art     : Explicit concurrent mark sweep GC freed 1515(87KB) AllocSpace objects, 1(20KB) LOS objects, 38% free, 25MB/41MB, paused 307us total 38.589ms
08-04 11:37:28.384 25453 25466 I art     : Starting a blocking GC Explicit
08-04 11:37:28.417 25453 25466 I art     : Explicit concurrent mark sweep GC freed 20(704B) AllocSpace objects, 0(0B) LOS objects, 38% free, 25MB/41MB, paused 294us total 33.663ms
08-04 11:37:28.431 25453 25466 I art     : Starting a blocking GC Explicit
08-04 11:37:28.465 25453 25466 I art     : Explicit concurrent mark sweep GC freed 3(96B) AllocSpace objects, 0(0B) LOS objects, 38% free, 25MB/41MB, paused 272us total 33.765ms
08-04 11:37:28.480 25453 25466 I art     : Starting a blocking GC Explicit
08-04 11:37:28.514 25453 25466 I art     : Explicit concurrent mark sweep GC freed 3(96B) AllocSpace objects, 0(0B) LOS objects, 38% free, 25MB/41MB, paused 275us total 33.666ms
08-04 11:37:28.527 25453 25466 I art     : Starting a blocking GC Explicit
08-04 11:37:28.560 25453 25466 I art     : Explicit concurrent mark sweep GC freed 3(96B) AllocSpace objects, 0(0B) LOS objects, 38% free, 25MB/41MB, paused 270us total 32.818ms
08-04 11:37:28.887 25453 25679 I art     : Starting a blocking GC Explicit
08-04 11:37:28.937 25453 25679 I art     : Explicit concurrent mark sweep GC freed 1344(80KB) AllocSpace objects, 1(20KB) LOS objects, 38% free, 25MB/41MB, paused 347us total 49.335ms
08-04 11:37:28.956 25453 25679 I art     : Starting a blocking GC Explicit
08-04 11:37:28.987 25453 25679 I art     : Explicit concurrent mark sweep GC freed 20(704B) AllocSpace objects, 0(0B) LOS objects, 38% free, 25MB/41MB, paused 388us total 31.024ms
08-04 11:37:29.000 25453 25679 I art     : Starting a blocking GC Explicit
08-04 11:37:29.033 25453 25679 I art     : Explicit concurrent mark sweep GC freed 3(96B) AllocSpace objects, 0(0B) LOS objects, 38% free, 25MB/41MB, paused 260us total 32.541ms
08-04 11:37:29.047 25453 25679 I art     : Starting a blocking GC Explicit
08-04 11:37:29.080 25453 25679 I art     : Explicit concurrent mark sweep GC freed 3(96B) AllocSpace objects, 0(0B) LOS objects, 38% free, 25MB/41MB, paused 262us total 32.739ms
08-04 11:37:29.094 25453 25679 I art     : Starting a blocking GC Explicit
08-04 11:37:29.127 25453 25679 I art     : Explicit concurrent mark sweep GC freed 3(96B) AllocSpace objects, 0(0B) LOS objects, 38% free, 25MB/41MB, paused 350us total 32.978ms
08-04 11:37:29.282 13866 13882 I PeriodicStatsRunner: PeriodicStatsRunner.call():175 call()
08-04 11:37:29.282 13866 13882 I PeriodicStatsRunner: PeriodicStatsRunner.call():179 No submit PeriodicStats since input started.
08-04 11:37:29.445 25453 25476 I art     : Starting a blocking GC Explicit
08-04 11:37:29.491 25453 25476 I art     : Explicit concurrent mark sweep GC freed 1344(80KB) AllocSpace objects, 1(20KB) LOS objects, 38% free, 25MB/41MB, paused 412us total 45.232ms
08-04 11:37:29.506 25453 25476 I art     : Starting a blocking GC Explicit
08-04 11:37:29.541 25453 25476 I art     : Explicit concurrent mark sweep GC freed 20(704B) AllocSpace objects, 0(0B) LOS objects, 38% free, 25MB/41MB, paused 277us total 34.104ms
08-04 11:37:29.555 25453 25476 I art     : Starting a blocking GC Explicit
08-04 11:37:29.588 25453 25476 I art     : Explicit concurrent mark sweep GC freed 3(96B) AllocSpace objects, 0(0B) LOS objects, 38% free, 25MB/41MB, paused 313us total 33.255ms
08-04 11:37:29.602 25453 25476 I art     : Starting a blocking GC Explicit
08-04 11:37:29.636 25453 25476 I art     : Explicit concurrent mark sweep GC freed 3(96B) AllocSpace objects, 0(0B) LOS objects, 38% free, 25MB/41MB, paused 276us total 34.056ms
08-04 11:37:29.650 25453 25476 I art     : Starting a blocking GC Explicit
08-04 11:37:29.684 25453 25476 I art     : Explicit concurrent mark sweep GC freed 3(96B) AllocSpace objects, 0(0B) LOS objects, 38% free, 25MB/41MB, paused 264us total 33.281ms
08-04 11:37:30.025 25453 25465 I art     : Starting a blocking GC Explicit
08-04 11:37:30.074 25453 25465 I art     : Explicit concurrent mark sweep GC freed 1343(80KB) AllocSpace objects, 1(20KB) LOS objects, 38% free, 25MB/41MB, paused 341us total 48.415ms
08-04 11:37:30.094 25453 25465 I art     : Starting a blocking GC Explicit
08-04 11:37:30.129 25453 25465 I art     : Explicit concurrent mark sweep GC freed 20(704B) AllocSpace objects, 0(0B) LOS objects, 38% free, 25MB/41MB, paused 276us total 34.678ms
08-04 11:37:30.143 25453 25465 I art     : Starting a blocking GC Explicit
08-04 11:37:30.177 25453 25465 I art     : Explicit concurrent mark sweep GC freed 3(96B) AllocSpace objects, 0(0B) LOS objects, 38% free, 25MB/41MB, paused 282us total 33.646ms
08-04 11:37:30.191 25453 25465 I art     : Starting a blocking GC Explicit
08-04 11:37:30.224 25453 25465 I art     : Explicit concurrent mark sweep GC freed 3(96B) AllocSpace objects, 0(0B) LOS objects, 38% free, 25MB/41MB, paused 280us total 33.043ms
08-04 11:37:30.238 25453 25465 I art     : Starting a blocking GC Explicit
08-04 11:37:30.272 25453 25465 I art     : Explicit concurrent mark sweep GC freed 3(96B) AllocSpace objects, 0(0B) LOS objects, 38% free, 25MB/41MB, paused 278us total 33.828ms
08-04 11:37:30.596 25453 25466 I art     : Starting a blocking GC Explicit
08-04 11:37:30.640 25453 25466 I art     : Explicit concurrent mark sweep GC freed 1347(80KB) AllocSpace objects, 1(20KB) LOS objects, 38% free, 25MB/41MB, paused 304us total 43.676ms
08-04 11:37:30.656 25453 25466 I art     : Starting a blocking GC Explicit
08-04 11:37:30.689 25453 25466 I art     : Explicit concurrent mark sweep GC freed 20(704B) AllocSpace objects, 0(0B) LOS objects, 38% free, 25MB/41MB, paused 258us total 32.964ms
08-04 11:37:30.703 25453 25466 I art     : Starting a blocking GC Explicit
08-04 11:37:30.737 25453 25466 I art     : Explicit concurrent mark sweep GC freed 3(96B) AllocSpace objects, 0(0B) LOS objects, 38% free, 25MB/41MB, paused 351us total 33.923ms
08-04 11:37:30.751 25453 25466 I art     : Starting a blocking GC Explicit
08-04 11:37:30.785 25453 25466 I art     : Explicit concurrent mark sweep GC freed 3(96B) AllocSpace objects, 0(0B) LOS objects, 38% free, 25MB/41MB, paused 280us total 33.821ms
08-04 11:37:30.799 25453 25466 I art     : Starting a blocking GC Explicit
08-04 11:37:30.832 25453 25466 I art     : Explicit concurrent mark sweep GC freed 3(96B) AllocSpace objects, 0(0B) LOS objects, 38% free, 25MB/41MB, paused 285us total 33.005ms
08-04 11:37:31.000 13866 13882 I PeriodicStatsRunner: PeriodicStatsRunner.call():175 call()
08-04 11:37:31.000 13866 13882 I PeriodicStatsRunner: PeriodicStatsRunner.call():179 No submit PeriodicStats since input started.
08-04 11:37:31.148 25453 25679 I art     : Starting a blocking GC Explicit
08-04 11:37:31.181 25453 25679 I art     : Explicit concurrent mark sweep GC freed 1344(80KB) AllocSpace objects, 1(20KB) LOS objects, 38% free, 25MB/41MB, paused 280us total 32.860ms
08-04 11:37:31.195 25453 25679 I art     : Starting a blocking GC Explicit
08-04 11:37:31.227 25453 25679 I art     : Explicit concurrent mark sweep GC freed 20(704B) AllocSpace objects, 0(0B) LOS objects, 38% free, 25MB/41MB, paused 330us total 31.472ms
08-04 11:37:31.240 25453 25679 I art     : Starting a blocking GC Explicit
08-04 11:37:31.271 25453 25679 I art     : Explicit concurrent mark sweep GC freed 3(96B) AllocSpace objects, 0(0B) LOS objects, 38% free, 25MB/41MB, paused 280us total 31.281ms
08-04 11:37:31.285 25453 25679 I art     : Starting a blocking GC Explicit
08-04 11:37:31.316 25453 25679 I art     : Explicit concurrent mark sweep GC freed 3(96B) AllocSpace objects, 0(0B) LOS objects, 38% free, 25MB/41MB, paused 273us total 30.855ms
08-04 11:37:31.329 25453 25679 I art     : Starting a blocking GC Explicit
08-04 11:37:31.361 25453 25679 I art     : Explicit concurrent mark sweep GC freed 3(96B) AllocSpace objects, 0(0B) LOS objects, 38% free, 25MB/41MB, paused 273us total 31.528ms
08-04 11:37:31.446   518   646 I ThermalEngine: ACTION: GPU - Setting GPU[0] to 600000000
08-04 11:37:31.537 27075 27075 D AndroidRuntime: >>>>>> START com.android.internal.os.RuntimeInit uid 2000 <<<<<<
08-04 11:37:31.541 27075 27075 D AndroidRuntime: CheckJNI is OFF
08-04 11:37:31.566 27075 27075 D ICU     : No timezone override file found: /data/misc/zoneinfo/current/icu/icu_tzdata.dat
08-04 11:37:31.590 27075 27075 I Radio-JNI: register_android_hardware_Radio DONE
08-04 11:37:31.606 27075 27075 D AndroidRuntime: Calling main entry com.android.commands.input.Input
08-04 11:37:31.607 27075 27075 I Input   : injectMotionEvent: MotionEvent { action=ACTION_DOWN, actionButton=0, id[0]=0, x[0]=600.0, y[0]=700.0, toolType[0]=TOOL_TYPE_UNKNOWN, buttonState=0, metaState=0, flags=0x0, edgeFlags=0x0, pointerCount=1, historySize=0, eventTime=704268020, downTime=704268020, deviceId=0, source=0x1002 }
08-04 11:37:31.613 27075 27075 I Input   : injectMotionEvent: MotionEvent { action=ACTION_UP, actionButton=0, id[0]=0, x[0]=600.0, y[0]=700.0, toolType[0]=TOOL_TYPE_UNKNOWN, buttonState=0, metaState=0, flags=0x0, edgeFlags=0x0, pointerCount=1, historySize=0, eventTime=704268020, downTime=704268020, deviceId=0, source=0x1002 }
08-04 11:37:31.615 27075 27075 D AndroidRuntime: Shutting down VM
08-04 11:37:31.622   512  2967 D audio_hw_primary: out_set_parameters: enter: usecase(1: low-latency-playback) kvpairs: routing=2
08-04 11:37:31.622   918  3359 I ActivityManager: START u0 {dat=https://oauth.reddit.com/... cmp=baseline.org.quantumbadger.redreader/.activities.CommentListingActivity} from uid 10666 on display 0
08-04 11:37:31.635   512  2967 D audio_hw_primary: select_devices: out_snd_device(2: speaker) in_snd_device(0: none)
08-04 11:37:31.635   512  2967 D msm8974_platform: platform_send_audio_calibration: sending audio calibration for snd_device(2) acdb_id(15)
08-04 11:37:31.636   512  2967 I soundtrigger: audio_extn_sound_trigger_update_device_status: device 0x2 of type 0 for Event 1
08-04 11:37:31.643 25453 25453 I AppCompatViewInflater: app:theme is now deprecated. Please move to using android:theme instead.
08-04 11:37:31.647   512  2967 D audio_hw_primary: enable_snd_device: snd_device(2: speaker)
08-04 11:37:31.647 25453 25476 I art     : Starting a blocking GC Explicit
08-04 11:37:31.649   512  2967 D audio_hw_primary: enable_audio_route: apply and update mixer path: low-latency-playback speaker
08-04 11:37:31.659 25453 26023 I CommentListingActivity: COMMENTS session changed to 01a74ab7-412c-47c0-88b1-2ae87dd3cb5b
08-04 11:37:31.678 25453 25476 I art     : Explicit concurrent mark sweep GC freed 4132(336KB) AllocSpace objects, 1(20KB) LOS objects, 38% free, 25MB/41MB, paused 674us total 30.424ms
08-04 11:37:31.691 25453 25476 I art     : Starting a blocking GC Explicit
08-04 11:37:31.723 25453 25476 I art     : Explicit concurrent mark sweep GC freed 12923(861KB) AllocSpace objects, 1(20KB) LOS objects, 36% free, 27MB/43MB, paused 771us total 32.012ms
08-04 11:37:31.725   918   936 I ActivityManager: Displayed baseline.org.quantumbadger.redreader/.activities.CommentListingActivity: +95ms
08-04 11:37:31.734 25453 25476 I art     : Starting a blocking GC Explicit
08-04 11:37:31.742 13866 13866 I GoogleInputMethodServic: GoogleInputMethodService.onFinishInput():3138 
08-04 11:37:31.742 13866 13866 I GoogleInputMethodServic: GoogleInputMethodService.onStartInput():1808 
08-04 11:37:31.780 25453 25476 I art     : Explicit concurrent mark sweep GC freed 15117(1005KB) AllocSpace objects, 1(16KB) LOS objects, 35% free, 29MB/45MB, paused 846us total 45.210ms
08-04 11:37:31.794 25453 25476 I art     : Starting a blocking GC Explicit
08-04 11:37:31.833 25453 25476 I art     : Explicit concurrent mark sweep GC freed 14274(960KB) AllocSpace objects, 1(16KB) LOS objects, 35% free, 29MB/45MB, paused 230us total 38.071ms
08-04 11:37:31.845 25453 25476 I art     : Starting a blocking GC Explicit
08-04 11:37:31.881 25453 25476 I art     : Explicit concurrent mark sweep GC freed 19202(859KB) AllocSpace objects, 0(0B) LOS objects, 36% free, 28MB/44MB, paused 205us total 35.850ms
08-04 11:37:31.984   380   380 W SurfaceFlinger: couldn't log to binary event log: overflow.
08-04 11:37:32.115 25453 25466 I art     : Starting a blocking GC Explicit
08-04 11:37:32.153 25453 25466 I art     : Explicit concurrent mark sweep GC freed 1438(83KB) AllocSpace objects, 1(20KB) LOS objects, 36% free, 28MB/44MB, paused 184us total 37.112ms
08-04 11:37:32.164 25453 25466 I art     : Starting a blocking GC Explicit
08-04 11:37:32.180   512  2967 D audio_hw_primary: disable_audio_route: reset and update mixer path: low-latency-playback speaker
08-04 11:37:32.181   512  2967 D audio_hw_primary: disable_snd_device: snd_device(2: speaker)
08-04 11:37:32.189   512  2967 I soundtrigger: audio_extn_sound_trigger_update_device_status: device 0x2 of type 0 for Event 0
08-04 11:37:32.194 25453 25466 I art     : Explicit concurrent mark sweep GC freed 24(832B) AllocSpace objects, 0(0B) LOS objects, 36% free, 28MB/44MB, paused 186us total 30.017ms
08-04 11:37:32.205 25453 25466 I art     : Starting a blocking GC Explicit
08-04 11:37:32.236 25453 25466 I art     : Explicit concurrent mark sweep GC freed 3(96B) AllocSpace objects, 0(0B) LOS objects, 36% free, 28MB/44MB, paused 184us total 31.448ms
08-04 11:37:32.247 25453 25466 I art     : Starting a blocking GC Explicit
08-04 11:37:32.278 25453 25466 I art     : Explicit concurrent mark sweep GC freed 3(96B) AllocSpace objects, 0(0B) LOS objects, 36% free, 28MB/44MB, paused 188us total 31.136ms
08-04 11:37:32.289 25453 25466 I art     : Starting a blocking GC Explicit
08-04 11:37:32.322 25453 25466 I art     : Explicit concurrent mark sweep GC freed 3(96B) AllocSpace objects, 0(0B) LOS objects, 36% free, 28MB/44MB, paused 175us total 31.999ms
08-04 11:37:32.458 25453 27003 I RedditChangeDataIO: Writing tmp data file at '/data/user/0/baseline.org.quantumbadger.redreader/files/rr_change_data_tmp.dat'
08-04 11:37:32.459 25453 27003 I RedditChangeDataManager: Taking snapshot...
08-04 11:37:32.459 25453 27003 I RedditChangeDataManager: Writing to stream...
08-04 11:37:32.459 25453 27003 I RedditChangeDataManager: Wrote 3 entries for user ''
08-04 11:37:32.459 25453 27003 I RedditChangeDataManager: All entries written to stream.
08-04 11:37:32.460 25453 27003 I RedditChangeDataIO: Write successful. Atomically replacing data file...
08-04 11:37:32.460 25453 27003 I RedditChangeDataIO: Write complete.
08-04 11:37:32.460 25453 27003 I RedditChangeDataIO: 86 bytes written in 2 ms
08-04 11:37:32.592 25453 25466 I art     : Starting a blocking GC Explicit
08-04 11:37:32.632 25453 25466 I art     : Explicit concurrent mark sweep GC freed 1676(125KB) AllocSpace objects, 2(88KB) LOS objects, 36% free, 28MB/44MB, paused 186us total 39.848ms
08-04 11:37:32.644 25453 25466 I art     : Starting a blocking GC Explicit
08-04 11:37:32.679 25453 25466 I art     : Explicit concurrent mark sweep GC freed 88(2976B) AllocSpace objects, 0(0B) LOS objects, 36% free, 28MB/44MB, paused 179us total 33.971ms
08-04 11:37:32.689 25453 25466 I art     : Starting a blocking GC Explicit
08-04 11:37:32.726 25453 25466 I art     : Explicit concurrent mark sweep GC freed 49(1920B) AllocSpace objects, 0(0B) LOS objects, 36% free, 28MB/44MB, paused 193us total 36.490ms
08-04 11:37:32.738 25453 25466 I art     : Starting a blocking GC Explicit
08-04 11:37:32.776 25453 25466 I art     : Explicit concurrent mark sweep GC freed 3(96B) AllocSpace objects, 0(0B) LOS objects, 36% free, 28MB/44MB, paused 266us total 38.118ms
08-04 11:37:32.789 25453 25466 I art     : Starting a blocking GC Explicit
08-04 11:37:32.827 25453 25466 I art     : Explicit concurrent mark sweep GC freed 3(96B) AllocSpace objects, 0(0B) LOS objects, 36% free, 28MB/44MB, paused 201us total 38.188ms
08-04 11:37:33.115 25453 25465 I art     : Starting a blocking GC Explicit
08-04 11:37:33.168 25453 25465 I art     : Explicit concurrent mark sweep GC freed 1343(80KB) AllocSpace objects, 1(20KB) LOS objects, 36% free, 28MB/44MB, paused 217us total 52.461ms
08-04 11:37:33.184 25453 25465 I art     : Starting a blocking GC Explicit
08-04 11:37:33.224 25453 25465 I art     : Explicit concurrent mark sweep GC freed 20(704B) AllocSpace objects, 0(0B) LOS objects, 36% free, 28MB/44MB, paused 217us total 39.787ms
08-04 11:37:33.237 25453 25465 I art     : Starting a blocking GC Explicit
08-04 11:37:33.276 25453 25465 I art     : Explicit concurrent mark sweep GC freed 3(96B) AllocSpace objects, 0(0B) LOS objects, 36% free, 28MB/44MB, paused 182us total 39.297ms
08-04 11:37:33.289 25453 25465 I art     : Starting a blocking GC Explicit
08-04 11:37:33.327 25453 25465 I art     : Explicit concurrent mark sweep GC freed 3(96B) AllocSpace objects, 0(0B) LOS objects, 36% free, 28MB/44MB, paused 220us total 38.469ms
08-04 11:37:33.340 25453 25465 I art     : Starting a blocking GC Explicit
08-04 11:37:33.379 25453 25465 I art     : Explicit concurrent mark sweep GC freed 3(96B) AllocSpace objects, 0(0B) LOS objects, 36% free, 28MB/44MB, paused 177us total 38.534ms
08-04 11:37:33.456   518   646 I ThermalEngine: ACTION: GPU - Setting GPU[0] to 510000000
08-04 11:37:33.695 25453 25679 I art     : Starting a blocking GC Explicit
08-04 11:37:33.754 25453 25679 I art     : Explicit concurrent mark sweep GC freed 1343(80KB) AllocSpace objects, 1(20KB) LOS objects, 36% free, 28MB/44MB, paused 283us total 58.804ms
08-04 11:37:33.773 25453 25679 I art     : Starting a blocking GC Explicit
08-04 11:37:33.821 25453 25679 I art     : Explicit concurrent mark sweep GC freed 20(704B) AllocSpace objects, 0(0B) LOS objects, 36% free, 28MB/44MB, paused 254us total 47.822ms
08-04 11:37:33.837 25453 25679 I art     : Starting a blocking GC Explicit
08-04 11:37:33.884 25453 25679 I art     : Explicit concurrent mark sweep GC freed 3(96B) AllocSpace objects, 0(0B) LOS objects, 36% free, 28MB/44MB, paused 284us total 47ms
08-04 11:37:33.900 25453 25679 I art     : Starting a blocking GC Explicit
08-04 11:37:33.947 25453 25679 I art     : Explicit concurrent mark sweep GC freed 3(96B) AllocSpace objects, 0(0B) LOS objects, 36% free, 28MB/44MB, paused 252us total 46.318ms
08-04 11:37:33.963 25453 25679 I art     : Starting a blocking GC Explicit
08-04 11:37:34.011 25453 25679 I art     : Explicit concurrent mark sweep GC freed 3(96B) AllocSpace objects, 0(0B) LOS objects, 36% free, 28MB/44MB, paused 284us total 47.919ms
08-04 11:37:34.335 25453 25476 I art     : Starting a blocking GC Explicit
08-04 11:37:34.394 25453 25476 I art     : Explicit concurrent mark sweep GC freed 1343(80KB) AllocSpace objects, 1(20KB) LOS objects, 36% free, 28MB/44MB, paused 281us total 59.097ms
08-04 11:37:34.415 25453 25476 I art     : Starting a blocking GC Explicit
08-04 11:37:34.468 25453 25476 I art     : Explicit concurrent mark sweep GC freed 20(704B) AllocSpace objects, 0(0B) LOS objects, 36% free, 28MB/44MB, paused 264us total 52.360ms
08-04 11:37:34.483 25453 25476 I art     : Starting a blocking GC Explicit
08-04 11:37:34.532 25453 25476 I art     : Explicit concurrent mark sweep GC freed 3(96B) AllocSpace objects, 0(0B) LOS objects, 36% free, 28MB/44MB, paused 250us total 47.997ms
08-04 11:37:34.548 25453 25476 I art     : Starting a blocking GC Explicit
08-04 11:37:34.594 25453 25476 I art     : Explicit concurrent mark sweep GC freed 3(96B) AllocSpace objects, 0(0B) LOS objects, 36% free, 28MB/44MB, paused 245us total 45.916ms
08-04 11:37:34.610 25453 25476 I art     : Starting a blocking GC Explicit
08-04 11:37:34.657 25453 25476 I art     : Explicit concurrent mark sweep GC freed 3(96B) AllocSpace objects, 0(0B) LOS objects, 36% free, 28MB/44MB, paused 305us total 47.348ms
08-04 11:37:34.960 25453 25466 I art     : Starting a blocking GC Explicit
08-04 11:37:35.027 25453 25466 I art     : Explicit concurrent mark sweep GC freed 1343(80KB) AllocSpace objects, 1(20KB) LOS objects, 36% free, 28MB/44MB, paused 284us total 65.821ms
08-04 11:37:35.044 25453 25466 I art     : Starting a blocking GC Explicit
08-04 11:37:35.092 25453 25466 I art     : Explicit concurrent mark sweep GC freed 20(704B) AllocSpace objects, 0(0B) LOS objects, 36% free, 28MB/44MB, paused 264us total 47.396ms
08-04 11:37:35.108 25453 25466 I art     : Starting a blocking GC Explicit
08-04 11:37:35.155 25453 25466 I art     : Explicit concurrent mark sweep GC freed 3(96B) AllocSpace objects, 0(0B) LOS objects, 36% free, 28MB/44MB, paused 241us total 47.093ms
08-04 11:37:35.171 25453 25466 I art     : Starting a blocking GC Explicit
08-04 11:37:35.219 25453 25466 I art     : Explicit concurrent mark sweep GC freed 3(96B) AllocSpace objects, 0(0B) LOS objects, 36% free, 28MB/44MB, paused 306us total 47.929ms
08-04 11:37:35.236 25453 25466 I art     : Starting a blocking GC Explicit
08-04 11:37:35.277 25453 25466 I art     : Explicit concurrent mark sweep GC freed 3(96B) AllocSpace objects, 0(0B) LOS objects, 36% free, 28MB/44MB, paused 314us total 40.824ms
08-04 11:37:35.587 25453 25465 I art     : Starting a blocking GC Explicit
08-04 11:37:35.651 25453 25465 I art     : Explicit concurrent mark sweep GC freed 1345(80KB) AllocSpace objects, 1(20KB) LOS objects, 36% free, 28MB/44MB, paused 286us total 63.875ms
08-04 11:37:35.668 25453 25465 I art     : Starting a blocking GC Explicit
08-04 11:37:35.716 25453 25465 I art     : Explicit concurrent mark sweep GC freed 20(704B) AllocSpace objects, 0(0B) LOS objects, 36% free, 28MB/44MB, paused 253us total 47.111ms
08-04 11:37:35.731 25453 25465 I art     : Starting a blocking GC Explicit
08-04 11:37:35.778 25453 25465 I art     : Explicit concurrent mark sweep GC freed 3(96B) AllocSpace objects, 0(0B) LOS objects, 36% free, 28MB/44MB, paused 260us total 46.616ms
08-04 11:37:35.800 25453 25465 I art     : Starting a blocking GC Explicit
08-04 11:37:35.846 25453 25465 I art     : Explicit concurrent mark sweep GC freed 3(96B) AllocSpace objects, 0(0B) LOS objects, 36% free, 28MB/44MB, paused 239us total 45.368ms
08-04 11:37:35.862 25453 25465 I art     : Starting a blocking GC Explicit
08-04 11:37:35.906 25453 25465 I art     : Explicit concurrent mark sweep GC freed 3(96B) AllocSpace objects, 0(0B) LOS objects, 36% free, 28MB/44MB, paused 222us total 43.477ms
08-04 11:37:36.197 25453 25679 I art     : Starting a blocking GC Explicit
08-04 11:37:36.249 25453 25679 I art     : Explicit concurrent mark sweep GC freed 1343(80KB) AllocSpace objects, 1(20KB) LOS objects, 36% free, 28MB/44MB, paused 270us total 51.962ms
08-04 11:37:36.265 25453 25679 I art     : Starting a blocking GC Explicit
08-04 11:37:36.286 27169 27169 D AndroidRuntime: >>>>>> START com.android.internal.os.RuntimeInit uid 2000 <<<<<<
08-04 11:37:36.291 27169 27169 D AndroidRuntime: CheckJNI is OFF
08-04 11:37:36.310 25453 25679 I art     : Explicit concurrent mark sweep GC freed 20(704B) AllocSpace objects, 0(0B) LOS objects, 36% free, 28MB/44MB, paused 253us total 44.715ms
08-04 11:37:36.325 25453 25679 I art     : Starting a blocking GC Explicit
08-04 11:37:36.329 27169 27169 D ICU     : No timezone override file found: /data/misc/zoneinfo/current/icu/icu_tzdata.dat
08-04 11:37:36.362 27169 27169 I Radio-JNI: register_android_hardware_Radio DONE
08-04 11:37:36.370 25453 25679 I art     : Explicit concurrent mark sweep GC freed 3(96B) AllocSpace objects, 0(0B) LOS objects, 36% free, 28MB/44MB, paused 261us total 44.232ms
08-04 11:37:36.384 27169 27169 D AndroidRuntime: Calling main entry com.android.commands.input.Input
08-04 11:37:36.385 25453 25679 I art     : Starting a blocking GC Explicit
08-04 11:37:36.386 27169 27169 I Input   : injectKeyEvent: KeyEvent { action=ACTION_DOWN, keyCode=KEYCODE_BACK, scanCode=0, metaState=0, flags=0x0, repeatCount=0, eventTime=704272799, downTime=704272799, deviceId=-1, source=0x101 }
08-04 11:37:36.392 27169 27169 I Input   : injectKeyEvent: KeyEvent { action=ACTION_UP, keyCode=KEYCODE_BACK, scanCode=0, metaState=0, flags=0x0, repeatCount=0, eventTime=704272799, downTime=704272799, deviceId=-1, source=0x101 }
08-04 11:37:36.401 27169 27169 D AndroidRuntime: Shutting down VM
08-04 11:37:36.427 25453 25679 I art     : Explicit concurrent mark sweep GC freed 127(4KB) AllocSpace objects, 0(0B) LOS objects, 36% free, 28MB/44MB, paused 271us total 42.632ms
08-04 11:37:36.436 13866 13866 I GoogleInputMethodServic: GoogleInputMethodService.onFinishInput():3138 
08-04 11:37:36.437 13866 13866 I GoogleInputMethodServic: GoogleInputMethodService.onStartInput():1808 
08-04 11:37:36.442 25453 25679 I art     : Starting a blocking GC Explicit
08-04 11:37:36.457   518   646 I ThermalEngine: ACTION: GPU - Setting GPU[0] to 600000000
08-04 11:37:36.484 25453 25679 I art     : Explicit concurrent mark sweep GC freed 119(4KB) AllocSpace objects, 0(0B) LOS objects, 36% free, 28MB/44MB, paused 290us total 41.143ms
08-04 11:37:36.738   380   380 W SurfaceFlinger: couldn't log to binary event log: overflow.
08-04 11:37:36.742 13866 13882 I PeriodicStatsRunner: PeriodicStatsRunner.call():175 call()
08-04 11:37:36.743 13866 13882 I PeriodicStatsRunner: PeriodicStatsRunner.call():179 No submit PeriodicStats since input started.
08-04 11:37:36.753 25453 25476 I art     : Starting a blocking GC Explicit
08-04 11:37:36.797 25453 25476 I art     : Explicit concurrent mark sweep GC freed 1410(82KB) AllocSpace objects, 1(20KB) LOS objects, 36% free, 28MB/44MB, paused 248us total 44.032ms
08-04 11:37:36.812 25453 25476 I art     : Starting a blocking GC Explicit
08-04 11:37:36.849 25453 25476 I art     : Explicit concurrent mark sweep GC freed 46779(2MB) AllocSpace objects, 5(140KB) LOS objects, 38% free, 25MB/41MB, paused 256us total 36.787ms
08-04 11:37:36.863 25453 25476 I art     : Starting a blocking GC Explicit
08-04 11:37:36.895 25453 25476 I art     : Explicit concurrent mark sweep GC freed 3(96B) AllocSpace objects, 0(0B) LOS objects, 38% free, 25MB/41MB, paused 237us total 31.391ms
08-04 11:37:36.908 25453 25476 I art     : Starting a blocking GC Explicit
08-04 11:37:36.942 25453 25476 I art     : Explicit concurrent mark sweep GC freed 3(96B) AllocSpace objects, 0(0B) LOS objects, 38% free, 25MB/41MB, paused 249us total 33.732ms
08-04 11:37:36.956 25453 25476 I art     : Starting a blocking GC Explicit
08-04 11:37:36.989 25453 25476 I art     : Explicit concurrent mark sweep GC freed 3(96B) AllocSpace objects, 0(0B) LOS objects, 38% free, 25MB/41MB, paused 244us total 32.961ms
08-04 11:37:37.281 25453 25466 I art     : Starting a blocking GC Explicit
08-04 11:37:37.321 25453 25466 I art     : Explicit concurrent mark sweep GC freed 1343(80KB) AllocSpace objects, 1(20KB) LOS objects, 38% free, 25MB/41MB, paused 276us total 39.473ms
08-04 11:37:37.338 25453 25466 I art     : Starting a blocking GC Explicit
08-04 11:37:37.372 25453 25466 I art     : Explicit concurrent mark sweep GC freed 20(704B) AllocSpace objects, 0(0B) LOS objects, 38% free, 25MB/41MB, paused 243us total 33.225ms
08-04 11:37:37.386 25453 25466 I art     : Starting a blocking GC Explicit
08-04 11:37:37.420 25453 25466 I art     : Explicit concurrent mark sweep GC freed 3(96B) AllocSpace objects, 0(0B) LOS objects, 38% free, 25MB/41MB, paused 243us total 34.027ms
08-04 11:37:37.434 25453 25466 I art     : Starting a blocking GC Explicit
08-04 11:37:37.468 25453 25466 I art     : Explicit concurrent mark sweep GC freed 3(96B) AllocSpace objects, 0(0B) LOS objects, 38% free, 25MB/41MB, paused 254us total 33.783ms
08-04 11:37:37.482 25453 25466 I art     : Starting a blocking GC Explicit
08-04 11:37:37.515 25453 25466 I art     : Explicit concurrent mark sweep GC freed 3(96B) AllocSpace objects, 0(0B) LOS objects, 38% free, 25MB/41MB, paused 218us total 32.329ms
08-04 11:37:37.758 25453 25465 I art     : Starting a blocking GC Explicit
08-04 11:37:37.784 25453 25465 I art     : Explicit concurrent mark sweep GC freed 1343(80KB) AllocSpace objects, 1(20KB) LOS objects, 38% free, 25MB/41MB, paused 188us total 25.812ms
08-04 11:37:37.794 25453 25465 I art     : Starting a blocking GC Explicit
08-04 11:37:37.821 25453 25465 I art     : Explicit concurrent mark sweep GC freed 20(704B) AllocSpace objects, 0(0B) LOS objects, 38% free, 25MB/41MB, paused 206us total 25.981ms
08-04 11:37:37.832 25453 25465 I art     : Starting a blocking GC Explicit
08-04 11:37:37.859 25453 25465 I art     : Explicit concurrent mark sweep GC freed 3(96B) AllocSpace objects, 0(0B) LOS objects, 38% free, 25MB/41MB, paused 179us total 26.559ms
08-04 11:37:37.869 25453 25465 I art     : Starting a blocking GC Explicit
08-04 11:37:37.895 25453 25465 I art     : Explicit concurrent mark sweep GC freed 3(96B) AllocSpace objects, 0(0B) LOS objects, 38% free, 25MB/41MB, paused 182us total 25.383ms
08-04 11:37:37.905 25453 25465 I art     : Starting a blocking GC Explicit
08-04 11:37:37.931 25453 25465 I art     : Explicit concurrent mark sweep GC freed 3(96B) AllocSpace objects, 0(0B) LOS objects, 38% free, 25MB/41MB, paused 217us total 25.723ms
08-04 11:37:37.993 27213 27213 D AndroidRuntime: >>>>>> START com.android.internal.os.RuntimeInit uid 2000 <<<<<<
08-04 11:37:37.997 27213 27213 D AndroidRuntime: CheckJNI is OFF
08-04 11:37:38.024 27213 27213 D ICU     : No timezone override file found: /data/misc/zoneinfo/current/icu/icu_tzdata.dat
08-04 11:37:38.057 27213 27213 I Radio-JNI: register_android_hardware_Radio DONE
08-04 11:37:38.074 27213 27213 D AndroidRuntime: Calling main entry com.android.commands.input.Input
08-04 11:37:38.076 27213 27213 I Input   : injectKeyEvent: KeyEvent { action=ACTION_DOWN, keyCode=KEYCODE_BACK, scanCode=0, metaState=0, flags=0x0, repeatCount=0, eventTime=704274489, downTime=704274489, deviceId=-1, source=0x101 }
08-04 11:37:38.082 27213 27213 I Input   : injectKeyEvent: KeyEvent { action=ACTION_UP, keyCode=KEYCODE_BACK, scanCode=0, metaState=0, flags=0x0, repeatCount=0, eventTime=704274489, downTime=704274489, deviceId=-1, source=0x101 }
08-04 11:37:38.090 27213 27213 D AndroidRuntime: Shutting down VM
08-04 11:37:38.130 13866 13866 I GoogleInputMethodServic: GoogleInputMethodService.onFinishInput():3138 
08-04 11:37:38.131 13866 13866 I GoogleInputMethodServic: GoogleInputMethodService.onStartInput():1808 
08-04 11:37:38.173 25453 25679 I art     : Starting a blocking GC Explicit
08-04 11:37:38.196 25453 25679 I art     : Explicit concurrent mark sweep GC freed 1520(86KB) AllocSpace objects, 1(20KB) LOS objects, 38% free, 25MB/41MB, paused 165us total 23.567ms
08-04 11:37:38.206 25453 25679 I art     : Starting a blocking GC Explicit
08-04 11:37:38.229 25453 25679 I art     : Explicit concurrent mark sweep GC freed 24(864B) AllocSpace objects, 0(0B) LOS objects, 38% free, 25MB/41MB, paused 178us total 23.028ms
08-04 11:37:38.240 25453 25679 I art     : Starting a blocking GC Explicit
08-04 11:37:38.266 25453 25679 I art     : Explicit concurrent mark sweep GC freed 3(96B) AllocSpace objects, 0(0B) LOS objects, 38% free, 25MB/41MB, paused 162us total 25.345ms
08-04 11:37:38.276 25453 25679 I art     : Starting a blocking GC Explicit
08-04 11:37:38.302 25453 25679 I art     : Explicit concurrent mark sweep GC freed 3(96B) AllocSpace objects, 0(0B) LOS objects, 38% free, 25MB/41MB, paused 193us total 25.625ms
08-04 11:37:38.312 25453 25679 I art     : Starting a blocking GC Explicit
08-04 11:37:38.342 25453 25679 I art     : Explicit concurrent mark sweep GC freed 3(96B) AllocSpace objects, 0(0B) LOS objects, 38% free, 25MB/41MB, paused 175us total 29.404ms
08-04 11:37:38.599 25453 25466 I art     : Starting a blocking GC Explicit
08-04 11:37:38.639 25453 25466 I art     : Explicit concurrent mark sweep GC freed 1398(82KB) AllocSpace objects, 1(20KB) LOS objects, 38% free, 25MB/41MB, paused 223us total 39.136ms
08-04 11:37:38.650 25453 25466 I art     : Starting a blocking GC Explicit
08-04 11:37:38.677 25453 25466 I art     : Explicit concurrent mark sweep GC freed 150(7KB) AllocSpace objects, 0(0B) LOS objects, 38% free, 25MB/41MB, paused 204us total 27.400ms
08-04 11:37:38.688 25453 25466 I art     : Starting a blocking GC Explicit
08-04 11:37:38.715 25453 25466 I art     : Explicit concurrent mark sweep GC freed 3(96B) AllocSpace objects, 0(0B) LOS objects, 38% free, 25MB/41MB, paused 210us total 26.538ms
08-04 11:37:38.726 25453 25466 I art     : Starting a blocking GC Explicit
08-04 11:37:38.753 25453 25466 I art     : Explicit concurrent mark sweep GC freed 3(96B) AllocSpace objects, 0(0B) LOS objects, 38% free, 25MB/41MB, paused 198us total 27.406ms
08-04 11:37:38.764 25453 25466 I art     : Starting a blocking GC Explicit
08-04 11:37:38.791 25453 25466 I art     : Explicit concurrent mark sweep GC freed 3(96B) AllocSpace objects, 0(0B) LOS objects, 38% free, 25MB/41MB, paused 177us total 26.564ms
08-04 11:37:39.081 25453 25476 I art     : Starting a blocking GC Explicit
08-04 11:37:39.121 25453 25476 I art     : Explicit concurrent mark sweep GC freed 1343(80KB) AllocSpace objects, 1(20KB) LOS objects, 38% free, 25MB/41MB, paused 213us total 39.354ms
08-04 11:37:39.132 25453 25476 I art     : Starting a blocking GC Explicit
08-04 11:37:39.160 25453 25476 I art     : Explicit concurrent mark sweep GC freed 20(704B) AllocSpace objects, 0(0B) LOS objects, 38% free, 25MB/41MB, paused 236us total 27.627ms
08-04 11:37:39.171 25453 25476 I art     : Starting a blocking GC Explicit
08-04 11:37:39.198 25453 25476 I art     : Explicit concurrent mark sweep GC freed 3(96B) AllocSpace objects, 0(0B) LOS objects, 38% free, 25MB/41MB, paused 188us total 26.942ms
08-04 11:37:39.209 25453 25476 I art     : Starting a blocking GC Explicit
08-04 11:37:39.236 25453 25476 I art     : Explicit concurrent mark sweep GC freed 3(96B) AllocSpace objects, 0(0B) LOS objects, 38% free, 25MB/41MB, paused 192us total 26.915ms
08-04 11:37:39.247 25453 25476 I art     : Starting a blocking GC Explicit
08-04 11:37:39.275 25453 25476 I art     : Explicit concurrent mark sweep GC freed 3(96B) AllocSpace objects, 0(0B) LOS objects, 38% free, 25MB/41MB, paused 187us total 27.802ms
08-04 11:37:39.466   518   646 I ThermalEngine: ACTION: GPU - Setting GPU[0] to 510000000
08-04 11:37:39.523 25453 25465 I art     : Starting a blocking GC Explicit
08-04 11:37:39.556 25453 25465 I art     : Explicit concurrent mark sweep GC freed 1343(80KB) AllocSpace objects, 1(20KB) LOS objects, 38% free, 25MB/41MB, paused 272us total 32.842ms
08-04 11:37:39.570 25453 25465 I art     : Starting a blocking GC Explicit
08-04 11:37:39.603 25453 25465 I art     : Explicit concurrent mark sweep GC freed 20(704B) AllocSpace objects, 0(0B) LOS objects, 38% free, 25MB/41MB, paused 265us total 32.403ms
08-04 11:37:39.616 25453 25465 I art     : Starting a blocking GC Explicit
08-04 11:37:39.649 25453 25465 I art     : Explicit concurrent mark sweep GC freed 3(96B) AllocSpace objects, 0(0B) LOS objects, 38% free, 25MB/41MB, paused 253us total 32.058ms
08-04 11:37:39.662 25453 25465 I art     : Starting a blocking GC Explicit
08-04 11:37:39.693 27267 27267 D AndroidRuntime: >>>>>> START com.android.internal.os.RuntimeInit uid 2000 <<<<<<
08-04 11:37:39.694 25453 25465 I art     : Explicit concurrent mark sweep GC freed 3(96B) AllocSpace objects, 0(0B) LOS objects, 38% free, 25MB/41MB, paused 271us total 31.801ms
08-04 11:37:39.698 27267 27267 D AndroidRuntime: CheckJNI is OFF
08-04 11:37:39.708 25453 25465 I art     : Starting a blocking GC Explicit
08-04 11:37:39.733 27267 27267 D ICU     : No timezone override file found: /data/misc/zoneinfo/current/icu/icu_tzdata.dat
08-04 11:37:39.739 25453 25465 I art     : Explicit concurrent mark sweep GC freed 3(96B) AllocSpace objects, 0(0B) LOS objects, 38% free, 25MB/41MB, paused 275us total 31.356ms
08-04 11:37:39.768 27267 27267 I Radio-JNI: register_android_hardware_Radio DONE
08-04 11:37:39.789 27267 27267 D AndroidRuntime: Calling main entry com.android.commands.input.Input
08-04 11:37:39.791 27267 27267 I Input   : injectMotionEvent: MotionEvent { action=ACTION_DOWN, actionButton=0, id[0]=0, x[0]=600.0, y[0]=1000.0, toolType[0]=TOOL_TYPE_UNKNOWN, buttonState=0, metaState=0, flags=0x0, edgeFlags=0x0, pointerCount=1, historySize=0, eventTime=704276204, downTime=704276204, deviceId=0, source=0x1002 }
08-04 11:37:39.797 27267 27267 I Input   : injectMotionEvent: MotionEvent { action=ACTION_UP, actionButton=0, id[0]=0, x[0]=600.0, y[0]=1000.0, toolType[0]=TOOL_TYPE_UNKNOWN, buttonState=0, metaState=0, flags=0x0, edgeFlags=0x0, pointerCount=1, historySize=0, eventTime=704276204, downTime=704276204, deviceId=0, source=0x1002 }
08-04 11:37:39.799 27267 27267 D AndroidRuntime: Shutting down VM
08-04 11:37:39.810   918  6029 I ActivityManager: START u0 {dat=https://oauth.reddit.com/... cmp=baseline.org.quantumbadger.redreader/.activities.PostListingActivity} from uid 10666 on display 0
08-04 11:37:39.810   512  2967 D audio_hw_primary: out_set_parameters: enter: usecase(1: low-latency-playback) kvpairs: routing=2
08-04 11:37:39.823   512  2967 D audio_hw_primary: select_devices: out_snd_device(2: speaker) in_snd_device(0: none)
08-04 11:37:39.823   512  2967 D msm8974_platform: platform_send_audio_calibration: sending audio calibration for snd_device(2) acdb_id(15)
08-04 11:37:39.823   512  2967 I soundtrigger: audio_extn_sound_trigger_update_device_status: device 0x2 of type 0 for Event 1
08-04 11:37:39.831 25453 25453 I AppCompatViewInflater: app:theme is now deprecated. Please move to using android:theme instead.
08-04 11:37:39.837   512  2967 D audio_hw_primary: enable_snd_device: snd_device(2: speaker)
08-04 11:37:39.839   512  2967 D audio_hw_primary: enable_audio_route: apply and update mixer path: low-latency-playback speaker
08-04 11:37:39.853 25453 27291 D OK      : calling: https://oauth.reddit.com/r/announcements/about.json
08-04 11:37:39.924   918   936 I ActivityManager: Displayed baseline.org.quantumbadger.redreader/.activities.PostListingActivity: +105ms
08-04 11:37:39.924 13866 13866 I GoogleInputMethodServic: GoogleInputMethodService.onFinishInput():3138 
08-04 11:37:39.925 13866 13866 I GoogleInputMethodServic: GoogleInputMethodService.onStartInput():1808 
08-04 11:37:39.986 25453 25465 I art     : Starting a blocking GC Explicit
08-04 11:37:40.017 25453 25465 I art     : Explicit concurrent mark sweep GC freed 2979(186KB) AllocSpace objects, 1(20KB) LOS objects, 38% free, 25MB/41MB, paused 278us total 30.328ms
08-04 11:37:40.030 25453 25465 I art     : Starting a blocking GC Explicit
08-04 11:37:40.067 25453 25465 I art     : Explicit concurrent mark sweep GC freed 490(26KB) AllocSpace objects, 0(0B) LOS objects, 38% free, 25MB/41MB, paused 291us total 37.137ms
08-04 11:37:40.082 25453 25465 I art     : Starting a blocking GC Explicit
08-04 11:37:40.122 25453 25465 I art     : Explicit concurrent mark sweep GC freed 4(128B) AllocSpace objects, 0(0B) LOS objects, 38% free, 25MB/41MB, paused 374us total 38.987ms
08-04 11:37:40.139 25453 25465 I art     : Starting a blocking GC Explicit
08-04 11:37:40.177   380   380 W SurfaceFlinger: couldn't log to binary event log: overflow.
08-04 11:37:40.181 25453 25465 I art     : Explicit concurrent mark sweep GC freed 3(96B) AllocSpace objects, 0(0B) LOS objects, 38% free, 25MB/41MB, paused 319us total 41.821ms
08-04 11:37:40.196 25453 25465 I art     : Starting a blocking GC Explicit
08-04 11:37:40.224 25453 25465 I art     : Explicit concurrent mark sweep GC freed 3(96B) AllocSpace objects, 0(0B) LOS objects, 38% free, 25MB/41MB, paused 286us total 27.878ms
08-04 11:37:40.379   512  2967 D audio_hw_primary: disable_audio_route: reset and update mixer path: low-latency-playback speaker
08-04 11:37:40.380   512  2967 D audio_hw_primary: disable_snd_device: snd_device(2: speaker)
08-04 11:37:40.388   512  2967 I soundtrigger: audio_extn_sound_trigger_update_device_status: device 0x2 of type 0 for Event 0
08-04 11:37:40.499 25453 25466 I art     : Starting a blocking GC Explicit
08-04 11:37:40.533 25453 25466 I art     : Explicit concurrent mark sweep GC freed 3355(158KB) AllocSpace objects, 1(20KB) LOS objects, 38% free, 25MB/41MB, paused 325us total 34.233ms
08-04 11:37:40.547 25453 25466 I art     : Starting a blocking GC Explicit
08-04 11:37:40.580 25453 25466 I art     : Explicit concurrent mark sweep GC freed 89(3KB) AllocSpace objects, 0(0B) LOS objects, 38% free, 25MB/41MB, paused 294us total 32.661ms
08-04 11:37:40.594 25453 25466 I art     : Starting a blocking GC Explicit
08-04 11:37:40.627 25453 25466 I art     : Explicit concurrent mark sweep GC freed 3(96B) AllocSpace objects, 0(0B) LOS objects, 38% free, 25MB/41MB, paused 458us total 33.617ms
08-04 11:37:40.639 25453 27291 I NAPPA_EXPERIMENTATION: MetricNetworkRequestExecutionTime: REQUEST_DURATION_SYSTEM='786',REQUEST_DURATION_OKHTTP='145',REQUEST_SYNCHRONOUS='TRUE',RESPONSE_CODE='200',RESPONSE_METHOD='GET',RESPONSE_LENGTH_OKHTTP='-1',RESPONSE_LENGTH_HEADER='1564',REQUEST_PROTOCOL='h2',REQUEST_URL='https://oauth.reddit.com/r/announcements/about.json',
08-04 11:37:40.640 25453 27291 D OK      : request got status: 200
08-04 11:37:40.641 25453 25466 I art     : Starting a blocking GC Explicit
08-04 11:37:40.674 25453 25466 I art     : Explicit concurrent mark sweep GC freed 1304(131KB) AllocSpace objects, 2(136KB) LOS objects, 38% free, 25MB/41MB, paused 365us total 32.747ms
08-04 11:37:40.687 25453 25466 I art     : Starting a blocking GC Explicit
08-04 11:37:40.719 25453 25466 I art     : Explicit concurrent mark sweep GC freed 409(30KB) AllocSpace objects, 0(0B) LOS objects, 38% free, 25MB/41MB, paused 299us total 32.140ms
08-04 11:37:41.016 25453 25679 I art     : Starting a blocking GC Explicit
08-04 11:37:41.054 25453 25679 I art     : Explicit concurrent mark sweep GC freed 1490(90KB) AllocSpace objects, 1(20KB) LOS objects, 38% free, 25MB/41MB, paused 297us total 37.129ms
08-04 11:37:41.054 25453 27326 D OK      : calling: https://oauth.reddit.com/r/announcements/hot/.json
08-04 11:37:41.068 25453 25679 I art     : Starting a blocking GC Explicit
08-04 11:37:41.102 25453 25679 I art     : Explicit concurrent mark sweep GC freed 114(4KB) AllocSpace objects, 0(0B) LOS objects, 38% free, 25MB/41MB, paused 323us total 33.607ms
08-04 11:37:41.115 25453 25679 I art     : Starting a blocking GC Explicit
08-04 11:37:41.149 25453 25679 I art     : Explicit concurrent mark sweep GC freed 31(1280B) AllocSpace objects, 0(0B) LOS objects, 38% free, 25MB/41MB, paused 292us total 33.001ms
08-04 11:37:41.162 25453 25679 I art     : Starting a blocking GC Explicit
08-04 11:37:41.195 25453 25679 I art     : Explicit concurrent mark sweep GC freed 3(96B) AllocSpace objects, 0(0B) LOS objects, 38% free, 25MB/41MB, paused 452us total 32.998ms
08-04 11:37:41.209 25453 25679 I art     : Starting a blocking GC Explicit
08-04 11:37:41.234 25453 27326 I NAPPA_EXPERIMENTATION: MetricNetworkRequestExecutionTime: REQUEST_DURATION_SYSTEM='180',REQUEST_DURATION_OKHTTP='175',REQUEST_SYNCHRONOUS='TRUE',RESPONSE_CODE='200',RESPONSE_METHOD='GET',RESPONSE_LENGTH_OKHTTP='-1',RESPONSE_LENGTH_HEADER='142016',REQUEST_PROTOCOL='h2',REQUEST_URL='https://oauth.reddit.com/r/announcements/hot/.json',
08-04 11:37:41.234 25453 27326 D OK      : request got status: 200
08-04 11:37:41.242 25453 25679 I art     : Explicit concurrent mark sweep GC freed 359(30KB) AllocSpace objects, 0(0B) LOS objects, 38% free, 25MB/41MB, paused 345us total 32.650ms
08-04 11:37:41.249 25453 26023 I PostListingFragment: Precaching images: OFF
08-04 11:37:41.249 25453 26023 I PostListingFragment: Precaching comments: OFF
08-04 11:37:41.417 25453 27334 D OK      : calling: https://b.thumbs.redditmedia.com/RROcLjDSUc0QV1UeQ1txXdyl1C_7233mmsMgtYXxQzo.jpg
08-04 11:37:41.436 13866 13882 I PeriodicStatsRunner: PeriodicStatsRunner.call():175 call()
08-04 11:37:41.437 13866 13882 I PeriodicStatsRunner: PeriodicStatsRunner.call():179 No submit PeriodicStats since input started.
08-04 11:37:41.450 25453 27339 D OK      : calling: https://a.thumbs.redditmedia.com/N-frnMqRYp_XiaGds7kPbHf82a876RNKSQ1iw0LzHR0.jpg
08-04 11:37:41.469 25453 27340 D OK      : calling: https://b.thumbs.redditmedia.com/KH2o_q4MXufUdRChsfwLtl6gnEnT8MJtZn3Tyj5ZmBU.jpg
08-04 11:37:41.502 25453 25476 I art     : Starting a blocking GC Explicit
08-04 11:37:41.514 25453 27341 D OK      : calling: https://b.thumbs.redditmedia.com/MGaOJeZl7UsmdtroJopYU_36HUNvQ9LUV5WFH_FJ2vI.jpg
08-04 11:37:41.548 25453 25476 I art     : Explicit concurrent mark sweep GC freed 13329(708KB) AllocSpace objects, 7(140KB) LOS objects, 35% free, 28MB/44MB, paused 722us total 45.463ms
08-04 11:37:41.562 25453 25476 I art     : Starting a blocking GC Explicit
08-04 11:37:41.566 25453 27342 D OK      : calling: https://a.thumbs.redditmedia.com/-D0hxchgus9EyzvGqvnabK_3Obl93tMfG9G58V1QwW8.jpg
08-04 11:37:41.584 25453 27343 D OK      : calling: https://b.thumbs.redditmedia.com/zCaV9kuSMZxmMvdmErGyUsYNdPrmX8LP9_Ee4QTT16g.jpg
08-04 11:37:41.594 25453 27344 D OK      : calling: https://b.thumbs.redditmedia.com/4EGkxZNzrzt-RCtd035cWyO0BipdbDVuPwi4W2v4TyM.jpg
08-04 11:37:41.609 25453 25476 I art     : Explicit concurrent mark sweep GC freed 6358(333KB) AllocSpace objects, 0(0B) LOS objects, 35% free, 29MB/45MB, paused 908us total 46.070ms
08-04 11:37:41.623 25453 25476 I art     : Starting a blocking GC Explicit
08-04 11:37:41.632 25453 27345 D OK      : calling: https://a.thumbs.redditmedia.com/aVhMBmGX07uX0KhK0rKdhMvQ4UsOJIHN4KeTaa36EF4.jpg
08-04 11:37:41.670 25453 25476 I art     : Explicit concurrent mark sweep GC freed 13831(603KB) AllocSpace objects, 3(172KB) LOS objects, 35% free, 29MB/45MB, paused 962us total 46.483ms
08-04 11:37:41.684 20359 20359 I ServiceManager: Waiting for service AtCmdFwd...
08-04 11:37:41.685 25453 25476 I art     : Starting a blocking GC Explicit
08-04 11:37:41.722 25453 25476 I art     : Explicit concurrent mark sweep GC freed 59825(3MB) AllocSpace objects, 8(152KB) LOS objects, 38% free, 26MB/42MB, paused 905us total 36.946ms
08-04 11:37:41.735 25453 25476 I art     : Starting a blocking GC Explicit
08-04 11:37:41.750 25453 25453 W RecyclerView: Cannot call this method in a scroll callback. Scroll callbacks mightbe run during a measure & layout pass where you cannot change theRecyclerView data. Any method call that might change the structureof the RecyclerView or the adapter contents should be postponed tothe next frame.
08-04 11:37:41.750 25453 25453 W RecyclerView: java.lang.IllegalStateException:  androidx.recyclerview.widget.RecyclerView{4d4c44e VFED..... .F....ID 0,0-1440,2140 #7f0900ef app:id/scrollbar_recyclerview_recyclerview}, adapter:baseline.org.quantumbadger.redreader.adapters.GroupedRecyclerViewAdapter@4bb896f, layout:androidx.recyclerview.widget.LinearLayoutManager@293867c, context:baseline.org.quantumbadger.redreader.activities.PostListingActivity@79be10f
08-04 11:37:41.750 25453 25453 W RecyclerView: 	at androidx.recyclerview.widget.RecyclerView.assertNotInLayoutOrScroll(RecyclerView.java:3061)
08-04 11:37:41.750 25453 25453 W RecyclerView: 	at androidx.recyclerview.widget.RecyclerView$RecyclerViewDataObserver.onItemRangeInserted(RecyclerView.java:5555)
08-04 11:37:41.750 25453 25453 W RecyclerView: 	at androidx.recyclerview.widget.RecyclerView$AdapterDataObservable.notifyItemRangeInserted(RecyclerView.java:12278)
08-04 11:37:41.750 25453 25453 W RecyclerView: 	at androidx.recyclerview.widget.RecyclerView$Adapter.notifyItemInserted(RecyclerView.java:7464)
08-04 11:37:41.750 25453 25453 W RecyclerView: 	at baseline.org.quantumbadger.redreader.adapters.GroupedRecyclerViewAdapter.updateHiddenStatus(GroupedRecyclerViewAdapter.java:279)
08-04 11:37:41.750 25453 25453 W RecyclerView: 	at baseline.org.quantumbadger.redreader.adapters.RedditListingManager.setLoadingVisible(RedditListingManager.java:125)
08-04 11:37:41.750 25453 25453 W RecyclerView: 	at baseline.org.quantumbadger.redreader.fragments.PostListingFragment.onLoadMoreItemsCheck(PostListingFragment.java:465)
08-04 11:37:41.750 25453 25453 W RecyclerView: 	at baseline.org.quantumbadger.redreader.fragments.PostListingFragment.access$000(PostListingFragment.java:98)
08-04 11:37:41.750 25453 25453 W RecyclerView: 	at baseline.org.quantumbadger.redreader.fragments.PostListingFragment$2.onScrolled(PostListingFragment.java:215)
08-04 11:37:41.750 25453 25453 W RecyclerView: 	at androidx.recyclerview.widget.RecyclerView.dispatchOnScrolled(RecyclerView.java:5173)
08-04 11:37:41.750 25453 25453 W RecyclerView: 	at androidx.recyclerview.widget.RecyclerView.dispatchLayoutStep3(RecyclerView.java:4231)
08-04 11:37:41.750 25453 25453 W RecyclerView: 	at androidx.recyclerview.widget.RecyclerView.dispatchLayout(RecyclerView.java:3862)
08-04 11:37:41.750 25453 25453 W RecyclerView: 	at androidx.recyclerview.widget.RecyclerView.consumePendingUpdateOperations(RecyclerView.java:1897)
08-04 11:37:41.750 25453 25453 W RecyclerView: 	at androidx.recyclerview.widget.RecyclerView$1.run(RecyclerView.java:414)
08-04 11:37:41.750 25453 25453 W RecyclerView: 	at android.view.Choreographer$CallbackRecord.run(Choreographer.java:858)
08-04 11:37:41.750 25453 25453 W RecyclerView: 	at android.view.Choreographer.doCallbacks(Choreographer.java:670)
08-04 11:37:41.750 25453 25453 W RecyclerView: 	at android.view.Choreographer.doFrame(Choreographer.java:603)
08-04 11:37:41.750 25453 25453 W RecyclerView: 	at android.view.Choreographer$FrameDisplayEventReceiver.run(Choreographer.java:844)
08-04 11:37:41.750 25453 25453 W RecyclerView: 	at android.os.Handler.handleCallback(Handler.java:739)
08-04 11:37:41.750 25453 25453 W RecyclerView: 	at android.os.Handler.dispatchMessage(Handler.java:95)
08-04 11:37:41.750 25453 25453 W RecyclerView: 	at android.os.Looper.loop(Looper.java:148)
08-04 11:37:41.750 25453 25453 W RecyclerView: 	at android.app.ActivityThread.main(ActivityThread.java:5417)
08-04 11:37:41.750 25453 25453 W RecyclerView: 	at java.lang.reflect.Method.invoke(Native Method)
08-04 11:37:41.750 25453 25453 W RecyclerView: 	at com.android.internal.os.ZygoteInit$MethodAndArgsCaller.run(ZygoteInit.java:726)
08-04 11:37:41.750 25453 25453 W RecyclerView: 	at com.android.internal.os.ZygoteInit.main(ZygoteInit.java:616)
08-04 11:37:41.769 25453 25476 I art     : Explicit concurrent mark sweep GC freed 5315(286KB) AllocSpace objects, 0(0B) LOS objects, 37% free, 26MB/42MB, paused 653us total 34.079ms
08-04 11:37:41.792 25453 27341 I NAPPA_EXPERIMENTATION: MetricNetworkRequestExecutionTime: REQUEST_DURATION_SYSTEM='276',REQUEST_DURATION_OKHTTP='141',REQUEST_SYNCHRONOUS='TRUE',RESPONSE_CODE='200',RESPONSE_METHOD='GET',RESPONSE_LENGTH_OKHTTP='4804',RESPONSE_LENGTH_HEADER='4804',REQUEST_PROTOCOL='h2',REQUEST_URL='https://b.thumbs.redditmedia.com/MGaOJeZl7UsmdtroJopYU_36HUNvQ9LUV5WFH_FJ2vI.jpg',
08-04 11:37:41.792 25453 27341 D OK      : request got status: 200
08-04 11:37:41.800   918  3261 D WifiStateMachine: starting scan for "H369AA63323"WPA_PSK with 2412,5180
08-04 11:37:41.853 25453 27342 I NAPPA_EXPERIMENTATION: MetricNetworkRequestExecutionTime: REQUEST_DURATION_SYSTEM='287',REQUEST_DURATION_OKHTTP='186',REQUEST_SYNCHRONOUS='TRUE',RESPONSE_CODE='200',RESPONSE_METHOD='GET',RESPONSE_LENGTH_OKHTTP='4818',RESPONSE_LENGTH_HEADER='4818',REQUEST_PROTOCOL='h2',REQUEST_URL='https://a.thumbs.redditmedia.com/-D0hxchgus9EyzvGqvnabK_3Obl93tMfG9G58V1QwW8.jpg',
08-04 11:37:41.854 25453 27342 D OK      : request got status: 200
08-04 11:37:41.868 25453 27334 I NAPPA_EXPERIMENTATION: MetricNetworkRequestExecutionTime: REQUEST_DURATION_SYSTEM='451',REQUEST_DURATION_OKHTTP='209',REQUEST_SYNCHRONOUS='TRUE',RESPONSE_CODE='200',RESPONSE_METHOD='GET',RESPONSE_LENGTH_OKHTTP='2558',RESPONSE_LENGTH_HEADER='2558',REQUEST_PROTOCOL='h2',REQUEST_URL='https://b.thumbs.redditmedia.com/RROcLjDSUc0QV1UeQ1txXdyl1C_7233mmsMgtYXxQzo.jpg',
08-04 11:37:41.868 25453 27334 D OK      : request got status: 200
08-04 11:37:41.887 25453 27339 I NAPPA_EXPERIMENTATION: MetricNetworkRequestExecutionTime: REQUEST_DURATION_SYSTEM='437',REQUEST_DURATION_OKHTTP='232',REQUEST_SYNCHRONOUS='TRUE',RESPONSE_CODE='200',RESPONSE_METHOD='GET',RESPONSE_LENGTH_OKHTTP='3750',RESPONSE_LENGTH_HEADER='3750',REQUEST_PROTOCOL='h2',REQUEST_URL='https://a.thumbs.redditmedia.com/N-frnMqRYp_XiaGds7kPbHf82a876RNKSQ1iw0LzHR0.jpg',
08-04 11:37:41.887 25453 27339 D OK      : request got status: 200
08-04 11:37:41.891 25453 27340 I NAPPA_EXPERIMENTATION: MetricNetworkRequestExecutionTime: REQUEST_DURATION_SYSTEM='422',REQUEST_DURATION_OKHTTP='222',REQUEST_SYNCHRONOUS='TRUE',RESPONSE_CODE='200',RESPONSE_METHOD='GET',RESPONSE_LENGTH_OKHTTP='2613',RESPONSE_LENGTH_HEADER='2613',REQUEST_PROTOCOL='h2',REQUEST_URL='https://b.thumbs.redditmedia.com/KH2o_q4MXufUdRChsfwLtl6gnEnT8MJtZn3Tyj5ZmBU.jpg',
08-04 11:37:41.891 25453 27340 D OK      : request got status: 200
08-04 11:37:41.921 25453 27344 I NAPPA_EXPERIMENTATION: MetricNetworkRequestExecutionTime: REQUEST_DURATION_SYSTEM='327',REQUEST_DURATION_OKHTTP='179',REQUEST_SYNCHRONOUS='TRUE',RESPONSE_CODE='200',RESPONSE_METHOD='GET',RESPONSE_LENGTH_OKHTTP='4987',RESPONSE_LENGTH_HEADER='4987',REQUEST_PROTOCOL='h2',REQUEST_URL='https://b.thumbs.redditmedia.com/4EGkxZNzrzt-RCtd035cWyO0BipdbDVuPwi4W2v4TyM.jpg',
08-04 11:37:41.921 25453 27344 D OK      : request got status: 200
08-04 11:37:41.930 25453 27343 I NAPPA_EXPERIMENTATION: MetricNetworkRequestExecutionTime: REQUEST_DURATION_SYSTEM='346',REQUEST_DURATION_OKHTTP='192',REQUEST_SYNCHRONOUS='TRUE',RESPONSE_CODE='200',RESPONSE_METHOD='GET',RESPONSE_LENGTH_OKHTTP='6132',RESPONSE_LENGTH_HEADER='6132',REQUEST_PROTOCOL='h2',REQUEST_URL='https://b.thumbs.redditmedia.com/zCaV9kuSMZxmMvdmErGyUsYNdPrmX8LP9_Ee4QTT16g.jpg',
08-04 11:37:41.930 25453 27343 D OK      : request got status: 200
08-04 11:37:42.010 25453 27345 I NAPPA_EXPERIMENTATION: MetricNetworkRequestExecutionTime: REQUEST_DURATION_SYSTEM='378',REQUEST_DURATION_OKHTTP='151',REQUEST_SYNCHRONOUS='TRUE',RESPONSE_CODE='200',RESPONSE_METHOD='GET',RESPONSE_LENGTH_OKHTTP='6940',RESPONSE_LENGTH_HEADER='6940',REQUEST_PROTOCOL='h2',REQUEST_URL='https://a.thumbs.redditmedia.com/aVhMBmGX07uX0KhK0rKdhMvQ4UsOJIHN4KeTaa36EF4.jpg',
08-04 11:37:42.010 25453 27345 D OK      : request got status: 200
08-04 11:37:42.042 25453 25476 I art     : Starting a blocking GC Explicit
08-04 11:37:42.076 25453 25476 I art     : Explicit concurrent mark sweep GC freed 7424(740KB) AllocSpace objects, 43(2MB) LOS objects, 36% free, 27MB/43MB, paused 268us total 33.907ms
08-04 11:37:42.090 25453 25476 I art     : Starting a blocking GC Explicit
08-04 11:37:42.124 25453 25476 I art     : Explicit concurrent mark sweep GC freed 656(23KB) AllocSpace objects, 1(68KB) LOS objects, 36% free, 27MB/43MB, paused 288us total 33.823ms
08-04 11:37:42.138 25453 25476 I art     : Starting a blocking GC Explicit
08-04 11:37:42.173 25453 25476 I art     : Explicit concurrent mark sweep GC freed 120(7KB) AllocSpace objects, 0(0B) LOS objects, 36% free, 27MB/43MB, paused 298us total 34.993ms
08-04 11:37:42.187 25453 25476 I art     : Starting a blocking GC Explicit
08-04 11:37:42.222 25453 25476 I art     : Explicit concurrent mark sweep GC freed 64(4KB) AllocSpace objects, 0(0B) LOS objects, 36% free, 27MB/43MB, paused 286us total 34.995ms
08-04 11:37:42.237 25453 25476 I art     : Starting a blocking GC Explicit
08-04 11:37:42.256 25453 27366 D OK      : calling: https://oauth.reddit.com/r/announcements/hot/.json?after=t3_9jf8nh
08-04 11:37:42.273 25453 25476 I art     : Explicit concurrent mark sweep GC freed 95(3KB) AllocSpace objects, 0(0B) LOS objects, 36% free, 27MB/43MB, paused 357us total 36.129ms
08-04 11:37:42.585 25453 27366 I NAPPA_EXPERIMENTATION: MetricNetworkRequestExecutionTime: REQUEST_DURATION_SYSTEM='329',REQUEST_DURATION_OKHTTP='146',REQUEST_SYNCHRONOUS='TRUE',RESPONSE_CODE='200',RESPONSE_METHOD='GET',RESPONSE_LENGTH_OKHTTP='-1',RESPONSE_LENGTH_HEADER='65685',REQUEST_PROTOCOL='h2',REQUEST_URL='https://oauth.reddit.com/r/announcements/hot/.json?after=t3_9jf8nh',
08-04 11:37:42.586 25453 27366 D OK      : request got status: 200
08-04 11:37:42.588 25453 25465 I art     : Starting a blocking GC Explicit
08-04 11:37:42.600 25453 26023 I PostListingFragment: Precaching images: OFF
08-04 11:37:42.600 25453 26023 I PostListingFragment: Precaching comments: OFF
08-04 11:37:42.627 25453 27379 D OK      : calling: https://a.thumbs.redditmedia.com/8P7BG-empihRDWkNYE_LZ8tekikmQtEiymWkwv7obo0.jpg
08-04 11:37:42.629 25453 25465 I art     : Explicit concurrent mark sweep GC freed 5535(398KB) AllocSpace objects, 1(20KB) LOS objects, 36% free, 28MB/44MB, paused 671us total 40.697ms
08-04 11:37:42.642 25453 25465 I art     : Starting a blocking GC Explicit
08-04 11:37:42.660 25453 27388 D OK      : calling: https://b.thumbs.redditmedia.com/PCxvz6Ma5pyTglQOwhW4LZZOY0qIwyWW5pD83dYmMgc.jpg
08-04 11:37:42.679 25453 25465 I art     : Explicit concurrent mark sweep GC freed 3674(159KB) AllocSpace objects, 1(16KB) LOS objects, 35% free, 28MB/44MB, paused 690us total 36.727ms
08-04 11:37:42.685 20359 20359 I ServiceManager: Waiting for service AtCmdFwd...
08-04 11:37:42.692 25453 25465 I art     : Starting a blocking GC Explicit
08-04 11:37:42.733 25453 25465 I art     : Explicit concurrent mark sweep GC freed 4140(183KB) AllocSpace objects, 1(16KB) LOS objects, 35% free, 29MB/45MB, paused 560us total 40.899ms
08-04 11:37:42.747 25453 25465 I art     : Starting a blocking GC Explicit
08-04 11:37:42.769 25453 27379 I NAPPA_EXPERIMENTATION: MetricNetworkRequestExecutionTime: REQUEST_DURATION_SYSTEM='142',REQUEST_DURATION_OKHTTP='140',REQUEST_SYNCHRONOUS='TRUE',RESPONSE_CODE='200',RESPONSE_METHOD='GET',RESPONSE_LENGTH_OKHTTP='3039',RESPONSE_LENGTH_HEADER='3039',REQUEST_PROTOCOL='h2',REQUEST_URL='https://a.thumbs.redditmedia.com/8P7BG-empihRDWkNYE_LZ8tekikmQtEiymWkwv7obo0.jpg',
08-04 11:37:42.769 25453 27379 D OK      : request got status: 200
08-04 11:37:42.785 25453 25465 I art     : Explicit concurrent mark sweep GC freed 5956(277KB) AllocSpace objects, 4(228KB) LOS objects, 35% free, 29MB/45MB, paused 446us total 37.802ms
08-04 11:37:42.799 25453 25465 I art     : Starting a blocking GC Explicit
08-04 11:37:42.838 25453 25465 I art     : Explicit concurrent mark sweep GC freed 4134(207KB) AllocSpace objects, 5(528KB) LOS objects, 35% free, 29MB/45MB, paused 568us total 38.544ms
08-04 11:37:42.898 25453 27388 I NAPPA_EXPERIMENTATION: MetricNetworkRequestExecutionTime: REQUEST_DURATION_SYSTEM='238',REQUEST_DURATION_OKHTTP='148',REQUEST_SYNCHRONOUS='TRUE',RESPONSE_CODE='200',RESPONSE_METHOD='GET',RESPONSE_LENGTH_OKHTTP='9233',RESPONSE_LENGTH_HEADER='9233',REQUEST_PROTOCOL='h2',REQUEST_URL='https://b.thumbs.redditmedia.com/PCxvz6Ma5pyTglQOwhW4LZZOY0qIwyWW5pD83dYmMgc.jpg',
08-04 11:37:42.898 25453 27388 D OK      : request got status: 200
08-04 11:37:43.131 13866 13882 I PeriodicStatsRunner: PeriodicStatsRunner.call():175 call()
08-04 11:37:43.132 13866 13882 I PeriodicStatsRunner: PeriodicStatsRunner.call():179 No submit PeriodicStats since input started.
08-04 11:37:43.162 25453 25679 I art     : Starting a blocking GC Explicit
08-04 11:37:43.216 25453 25679 I art     : Explicit concurrent mark sweep GC freed 21479(1116KB) AllocSpace objects, 12(384KB) LOS objects, 36% free, 28MB/44MB, paused 324us total 53.675ms
08-04 11:37:43.217 25453 25464 I art     : WaitForGcToComplete blocked for 20.604ms for cause HeapTrim
08-04 11:37:43.234 25453 25679 I art     : Starting a blocking GC Explicit
08-04 11:37:43.271 25453 25679 I art     : Explicit concurrent mark sweep GC freed 366(14KB) AllocSpace objects, 0(0B) LOS objects, 36% free, 28MB/44MB, paused 303us total 37.057ms
08-04 11:37:43.285 25453 25679 I art     : Starting a blocking GC Explicit
08-04 11:37:43.322 25453 25679 I art     : Explicit concurrent mark sweep GC freed 3(96B) AllocSpace objects, 0(0B) LOS objects, 36% free, 28MB/44MB, paused 290us total 37.030ms
08-04 11:37:43.337 25453 25679 I art     : Starting a blocking GC Explicit
08-04 11:37:43.373 25453 25679 I art     : Explicit concurrent mark sweep GC freed 3(96B) AllocSpace objects, 0(0B) LOS objects, 36% free, 28MB/44MB, paused 299us total 36.078ms
08-04 11:37:43.388 25453 25679 I art     : Starting a blocking GC Explicit
08-04 11:37:43.424 25453 25679 I art     : Explicit concurrent mark sweep GC freed 3(96B) AllocSpace objects, 0(0B) LOS objects, 36% free, 28MB/44MB, paused 288us total 36.272ms
08-04 11:37:43.685 20359 20359 I ServiceManager: Waiting for service AtCmdFwd...
08-04 11:37:43.740 25453 25466 I art     : Starting a blocking GC Explicit
08-04 11:37:43.787 25453 25466 I art     : Explicit concurrent mark sweep GC freed 1344(82KB) AllocSpace objects, 1(20KB) LOS objects, 36% free, 28MB/44MB, paused 340us total 46.631ms
08-04 11:37:43.804 25453 25466 I art     : Starting a blocking GC Explicit
08-04 11:37:43.841 25453 25466 I art     : Explicit concurrent mark sweep GC freed 20(704B) AllocSpace objects, 0(0B) LOS objects, 36% free, 28MB/44MB, paused 264us total 36.651ms
08-04 11:37:43.855 25453 25466 I art     : Starting a blocking GC Explicit
08-04 11:37:43.891 25453 25466 I art     : Explicit concurrent mark sweep GC freed 3(96B) AllocSpace objects, 0(0B) LOS objects, 36% free, 28MB/44MB, paused 286us total 36.243ms
08-04 11:37:43.906 25453 25466 I art     : Starting a blocking GC Explicit
08-04 11:37:43.942 25453 25466 I art     : Explicit concurrent mark sweep GC freed 3(96B) AllocSpace objects, 0(0B) LOS objects, 36% free, 28MB/44MB, paused 270us total 36.681ms
08-04 11:37:43.957 25453 25466 I art     : Starting a blocking GC Explicit
08-04 11:37:43.993 25453 25466 I art     : Explicit concurrent mark sweep GC freed 3(96B) AllocSpace objects, 0(0B) LOS objects, 36% free, 28MB/44MB, paused 293us total 35.410ms
08-04 11:37:44.323 25453 25476 I art     : Starting a blocking GC Explicit
08-04 11:37:44.376 25453 25476 I art     : Explicit concurrent mark sweep GC freed 1344(82KB) AllocSpace objects, 1(20KB) LOS objects, 36% free, 28MB/44MB, paused 310us total 52.097ms
08-04 11:37:44.393 25453 25476 I art     : Starting a blocking GC Explicit
08-04 11:37:44.429 25453 25476 I art     : Explicit concurrent mark sweep GC freed 20(704B) AllocSpace objects, 0(0B) LOS objects, 36% free, 28MB/44MB, paused 284us total 36.127ms
08-04 11:37:44.444 25453 25476 I art     : Starting a blocking GC Explicit
08-04 11:37:44.481 25453 25476 I art     : Explicit concurrent mark sweep GC freed 3(96B) AllocSpace objects, 0(0B) LOS objects, 36% free, 28MB/44MB, paused 284us total 37.224ms
08-04 11:37:44.495 25453 25476 I art     : Starting a blocking GC Explicit
08-04 11:37:44.533 25453 25476 I art     : Explicit concurrent mark sweep GC freed 3(96B) AllocSpace objects, 0(0B) LOS objects, 36% free, 28MB/44MB, paused 279us total 37.326ms
08-04 11:37:44.547 25453 25476 I art     : Starting a blocking GC Explicit
08-04 11:37:44.585 25453 25476 I art     : Explicit concurrent mark sweep GC freed 3(96B) AllocSpace objects, 0(0B) LOS objects, 36% free, 28MB/44MB, paused 290us total 37.525ms
08-04 11:37:44.686 20359 20359 I ServiceManager: Waiting for service AtCmdFwd...
08-04 11:37:44.912 25453 25465 I art     : Starting a blocking GC Explicit
08-04 11:37:44.925 13866 13882 I PeriodicStatsRunner: PeriodicStatsRunner.call():175 call()
08-04 11:37:44.925 13866 13882 I PeriodicStatsRunner: PeriodicStatsRunner.call():179 No submit PeriodicStats since input started.
08-04 11:37:44.965 25453 25465 I art     : Explicit concurrent mark sweep GC freed 1349(82KB) AllocSpace objects, 1(20KB) LOS objects, 36% free, 28MB/44MB, paused 490us total 52.109ms
08-04 11:37:44.981 25453 25465 I art     : Starting a blocking GC Explicit
08-04 11:37:45.017 25453 25465 I art     : Explicit concurrent mark sweep GC freed 20(704B) AllocSpace objects, 0(0B) LOS objects, 36% free, 28MB/44MB, paused 343us total 35.888ms
08-04 11:37:45.031 25453 25465 I art     : Starting a blocking GC Explicit
08-04 11:37:45.067 25453 25465 I art     : Explicit concurrent mark sweep GC freed 3(96B) AllocSpace objects, 0(0B) LOS objects, 36% free, 28MB/44MB, paused 277us total 35.668ms
08-04 11:37:45.081 25453 25465 I art     : Starting a blocking GC Explicit
08-04 11:37:45.115 25453 25465 I art     : Explicit concurrent mark sweep GC freed 3(96B) AllocSpace objects, 0(0B) LOS objects, 36% free, 28MB/44MB, paused 296us total 33.785ms
08-04 11:37:45.129 25453 25465 I art     : Starting a blocking GC Explicit
08-04 11:37:45.163 25453 25465 I art     : Explicit concurrent mark sweep GC freed 3(96B) AllocSpace objects, 0(0B) LOS objects, 36% free, 28MB/44MB, paused 322us total 34.149ms
08-04 11:37:45.458 27432 27432 D AndroidRuntime: >>>>>> START com.android.internal.os.RuntimeInit uid 2000 <<<<<<
08-04 11:37:45.463 27432 27432 D AndroidRuntime: CheckJNI is OFF
08-04 11:37:45.470 25453 25679 I art     : Starting a blocking GC Explicit
08-04 11:37:45.499 27432 27432 D ICU     : No timezone override file found: /data/misc/zoneinfo/current/icu/icu_tzdata.dat
08-04 11:37:45.507 25453 25679 I art     : Explicit concurrent mark sweep GC freed 1348(82KB) AllocSpace objects, 1(20KB) LOS objects, 36% free, 28MB/44MB, paused 290us total 36.550ms
08-04 11:37:45.521 25453 25679 I art     : Starting a blocking GC Explicit
08-04 11:37:45.534 27432 27432 I Radio-JNI: register_android_hardware_Radio DONE
08-04 11:37:45.556 27432 27432 D AndroidRuntime: Calling main entry com.android.commands.input.Input
08-04 11:37:45.557 25453 25679 I art     : Explicit concurrent mark sweep GC freed 20(704B) AllocSpace objects, 0(0B) LOS objects, 36% free, 28MB/44MB, paused 292us total 35.077ms
08-04 11:37:45.559 27432 27432 I Input   : injectMotionEvent: MotionEvent { action=ACTION_DOWN, actionButton=0, id[0]=0, x[0]=600.0, y[0]=580.0, toolType[0]=TOOL_TYPE_UNKNOWN, buttonState=0, metaState=0, flags=0x0, edgeFlags=0x0, pointerCount=1, historySize=0, eventTime=704281971, downTime=704281971, deviceId=0, source=0x1002 }
08-04 11:37:45.566 27432 27432 I Input   : injectMotionEvent: MotionEvent { action=ACTION_UP, actionButton=0, id[0]=0, x[0]=600.0, y[0]=580.0, toolType[0]=TOOL_TYPE_UNKNOWN, buttonState=0, metaState=0, flags=0x0, edgeFlags=0x0, pointerCount=1, historySize=0, eventTime=704281971, downTime=704281971, deviceId=0, source=0x1002 }
08-04 11:37:45.570 25453 25679 I art     : Starting a blocking GC Explicit
08-04 11:37:45.574 27432 27432 D AndroidRuntime: Shutting down VM
08-04 11:37:45.586   512  2967 D audio_hw_primary: out_set_parameters: enter: usecase(1: low-latency-playback) kvpairs: routing=2
08-04 11:37:45.587   918  4413 I ActivityManager: START u0 {cmp=baseline.org.quantumbadger.redreader/.activities.WebViewActivity (has extras)} from uid 10666 on display 0
08-04 11:37:45.599   512  2967 D audio_hw_primary: select_devices: out_snd_device(2: speaker) in_snd_device(0: none)
08-04 11:37:45.599   512  2967 D msm8974_platform: platform_send_audio_calibration: sending audio calibration for snd_device(2) acdb_id(15)
08-04 11:37:45.599   512  2967 I soundtrigger: audio_extn_sound_trigger_update_device_status: device 0x2 of type 0 for Event 1
08-04 11:37:45.607 25453 25679 I art     : Explicit concurrent mark sweep GC freed 317(15KB) AllocSpace objects, 0(0B) LOS objects, 36% free, 28MB/44MB, paused 856us total 36.456ms
08-04 11:37:45.610   512  2967 D audio_hw_primary: enable_snd_device: snd_device(2: speaker)
08-04 11:37:45.613   512  2967 D audio_hw_primary: enable_audio_route: apply and update mixer path: low-latency-playback speaker
08-04 11:37:45.618 25453 25453 I AppCompatViewInflater: app:theme is now deprecated. Please move to using android:theme instead.
08-04 11:37:45.623 25453 25679 I art     : Starting a blocking GC Explicit
08-04 11:37:45.633 25453 25453 I WebViewFactory: Loading com.google.android.webview version 84.0.4147.89 (code 414708953)
08-04 11:37:45.655 25453 25679 I art     : Explicit concurrent mark sweep GC freed 6509(536KB) AllocSpace objects, 3(76KB) LOS objects, 36% free, 27MB/43MB, paused 477us total 31.537ms
08-04 11:37:45.673 25453 25679 I art     : Starting a blocking GC Explicit
08-04 11:37:45.687 20359 20359 I ServiceManager: Waiting for service AtCmdFwd...
08-04 11:37:45.707 25453 25453 I cr_LibraryLoader: Loaded native library version number "84.0.4147.89"
08-04 11:37:45.707 25453 25679 I art     : Explicit concurrent mark sweep GC freed 3689(320KB) AllocSpace objects, 1(20KB) LOS objects, 35% free, 28MB/44MB, paused 937us total 34.104ms
08-04 11:37:45.708 25453 25453 I cr_CachingUmaRecorder: Flushed 5 samples from 5 histograms.
08-04 11:37:45.741 25453 25453 E chromium: [ERROR:filesystem_posix.cc(62)] mkdir /data/user/0/baseline.org.quantumbadger.redreader/cache/WebView/Crashpad: No such file or directory (2)
08-04 11:37:45.809   918  5952 D ConnectivityService: listenForNetwork for Listen from uid/pid:10666/25453 for NetworkRequest [ id=2631, legacyType=-1, [ Capabilities: INTERNET&NOT_RESTRICTED&TRUSTED] ]
08-04 11:37:45.846 25453 27471 W cr_media: Requires BLUETOOTH permission
08-04 11:37:45.862 25453 27485 E libEGL  : validate_display:255 error 3008 (EGL_BAD_DISPLAY)
08-04 11:37:45.984 25453 25476 I art     : Starting a blocking GC Explicit
08-04 11:37:45.988   918   936 I ActivityManager: Displayed baseline.org.quantumbadger.redreader/.activities.WebViewActivity: +391ms
08-04 11:37:45.992 13866 13866 I GoogleInputMethodServic: GoogleInputMethodService.onFinishInput():3138 
08-04 11:37:45.992 13866 13866 I GoogleInputMethodServic: GoogleInputMethodService.onStartInput():1808 
08-04 11:37:46.032 25453 25476 I art     : Explicit concurrent mark sweep GC freed 7708(602KB) AllocSpace objects, 2(40KB) LOS objects, 35% free, 29MB/45MB, paused 493us total 47.557ms
08-04 11:37:46.047 25453 25476 I art     : Starting a blocking GC Explicit
08-04 11:37:46.080 25453 25476 I art     : Explicit concurrent mark sweep GC freed 333(23KB) AllocSpace objects, 0(0B) LOS objects, 35% free, 29MB/45MB, paused 336us total 33.354ms
08-04 11:37:46.096 25453 25476 I art     : Starting a blocking GC Explicit
08-04 11:37:46.133 25453 25476 I art     : Explicit concurrent mark sweep GC freed 2801(144KB) AllocSpace objects, 2(120KB) LOS objects, 35% free, 29MB/45MB, paused 462us total 37.007ms
08-04 11:37:46.148 25453 25476 I art     : Starting a blocking GC Explicit
08-04 11:37:46.158   512  2967 D audio_hw_primary: disable_audio_route: reset and update mixer path: low-latency-playback speaker
08-04 11:37:46.159   512  2967 D audio_hw_primary: disable_snd_device: snd_device(2: speaker)
08-04 11:37:46.168   512  2967 I soundtrigger: audio_extn_sound_trigger_update_device_status: device 0x2 of type 0 for Event 0
08-04 11:37:46.185 25453 25476 I art     : Explicit concurrent mark sweep GC freed 952(118KB) AllocSpace objects, 1(80KB) LOS objects, 35% free, 29MB/45MB, paused 363us total 36.417ms
08-04 11:37:46.199 25453 25476 I art     : Starting a blocking GC Explicit
08-04 11:37:46.233   380   380 W SurfaceFlinger: couldn't log to binary event log: overflow.
08-04 11:37:46.238 25453 25476 I art     : Explicit concurrent mark sweep GC freed 9(320B) AllocSpace objects, 0(0B) LOS objects, 35% free, 29MB/45MB, paused 433us total 38.138ms
08-04 11:37:46.516 25453 25679 I art     : Starting a blocking GC Explicit
08-04 11:37:46.551 25453 25679 I art     : Explicit concurrent mark sweep GC freed 4550(249KB) AllocSpace objects, 1(20KB) LOS objects, 35% free, 29MB/45MB, paused 474us total 34.566ms
08-04 11:37:46.564 25453 25679 I art     : Starting a blocking GC Explicit
08-04 11:37:46.598 25453 25679 I art     : Explicit concurrent mark sweep GC freed 76(6KB) AllocSpace objects, 0(0B) LOS objects, 35% free, 29MB/45MB, paused 486us total 33.661ms
08-04 11:37:46.607   918  3188 I hubconnection: sensorhub said: 'set_bias 3: -6.7200, 0.0000, 0.0000'
08-04 11:37:46.614 25453 25679 I art     : Starting a blocking GC Explicit
08-04 11:37:46.647 25453 25679 I art     : Explicit concurrent mark sweep GC freed 3(96B) AllocSpace objects, 0(0B) LOS objects, 35% free, 29MB/45MB, paused 480us total 33.514ms
08-04 11:37:46.661 25453 25679 I art     : Starting a blocking GC Explicit
08-04 11:37:46.687 20359 20359 W Atfwd_Sendcmd: AtCmdFwd service not published, waiting... retryCnt : 1
08-04 11:37:46.694 25453 25679 I art     : Explicit concurrent mark sweep GC freed 3(96B) AllocSpace objects, 0(0B) LOS objects, 35% free, 29MB/45MB, paused 445us total 33.030ms
08-04 11:37:46.708 25453 25679 I art     : Starting a blocking GC Explicit
08-04 11:37:46.742 25453 25679 I art     : Explicit concurrent mark sweep GC freed 3(96B) AllocSpace objects, 0(0B) LOS objects, 35% free, 29MB/45MB, paused 435us total 33.684ms
08-04 11:37:47.028 25453 25465 I art     : Starting a blocking GC Explicit
08-04 11:37:47.064 25453 25465 I art     : Explicit concurrent mark sweep GC freed 3323(164KB) AllocSpace objects, 1(20KB) LOS objects, 35% free, 29MB/45MB, paused 452us total 35.249ms
08-04 11:37:47.077 25453 25465 I art     : Starting a blocking GC Explicit
08-04 11:37:47.110 25453 25465 I art     : Explicit concurrent mark sweep GC freed 66(2208B) AllocSpace objects, 0(0B) LOS objects, 35% free, 29MB/45MB, paused 428us total 32.731ms
08-04 11:37:47.124 25453 25465 I art     : Starting a blocking GC Explicit
08-04 11:37:47.151 25453 25453 I Choreographer: Skipped 42 frames!  The application may be doing too much work on its main thread.
08-04 11:37:47.159 25453 25465 I art     : Explicit concurrent mark sweep GC freed 8(608B) AllocSpace objects, 0(0B) LOS objects, 35% free, 29MB/45MB, paused 619us total 35.327ms
08-04 11:37:47.180 25453 25465 I art     : Starting a blocking GC Explicit
08-04 11:37:47.236 25453 25465 I art     : Explicit concurrent mark sweep GC freed 14(448B) AllocSpace objects, 0(0B) LOS objects, 35% free, 29MB/45MB, paused 507us total 55.620ms
08-04 11:37:47.255 25453 25465 I art     : Starting a blocking GC Explicit
08-04 11:37:47.297 25453 25465 I art     : Explicit concurrent mark sweep GC freed 8(240B) AllocSpace objects, 0(0B) LOS objects, 35% free, 29MB/45MB, paused 486us total 42.116ms
08-04 11:37:47.622 25453 25476 I art     : Starting a blocking GC Explicit
08-04 11:37:47.663 25453 25476 I art     : Explicit concurrent mark sweep GC freed 1418(84KB) AllocSpace objects, 1(20KB) LOS objects, 35% free, 29MB/45MB, paused 557us total 41.019ms
08-04 11:37:47.679 25453 25476 I art     : Starting a blocking GC Explicit
08-04 11:37:47.720 25453 25476 I art     : Explicit concurrent mark sweep GC freed 32(1088B) AllocSpace objects, 0(0B) LOS objects, 35% free, 29MB/45MB, paused 554us total 40.505ms
08-04 11:37:47.734 25453 25476 I art     : Starting a blocking GC Explicit
08-04 11:37:47.773 25453 25476 I art     : Explicit concurrent mark sweep GC freed 17(544B) AllocSpace objects, 0(0B) LOS objects, 35% free, 29MB/45MB, paused 368us total 38.909ms
08-04 11:37:47.789 25453 25476 I art     : Starting a blocking GC Explicit
08-04 11:37:47.824 25453 25476 I art     : Explicit concurrent mark sweep GC freed 4(128B) AllocSpace objects, 0(0B) LOS objects, 35% free, 29MB/45MB, paused 393us total 35.465ms
08-04 11:37:47.837 25453 25476 I art     : Starting a blocking GC Explicit
08-04 11:37:47.870 25453 25476 I art     : Explicit concurrent mark sweep GC freed 3(96B) AllocSpace objects, 0(0B) LOS objects, 35% free, 29MB/45MB, paused 432us total 32.806ms
08-04 11:37:47.947 25453 25453 I chromium: [INFO:CONSOLE(1)] "
08-04 11:37:47.947 25453 25453 I chromium:                   ,d"=,.,qOp,
08-04 11:37:47.947 25453 25453 I chromium:                  ,7'  ''$(  )
08-04 11:37:47.947 25453 25453 I chromium:                 ,7'      '?q$7'
08-04 11:37:47.947 25453 25453 I chromium:              ..,$$,.
08-04 11:37:47.947 25453 25453 I chromium:    ,.  .,,--***""***--,,.  .,
08-04 11:37:47.947 25453 25453 I chromium:     ,p''              ''q,   
08-04 11:37:47.947 25453 25453 I chromium: :  ,7'                      '7,  :
08-04 11:37:47.947 25453 25453 I chromium:  ' $      ,db,      ,db,      $ '
08-04 11:37:47.947 25453 25453 I chromium:   '$      $$      $$      $'    Using Reddit at work? Work for Reddit.
08-04 11:37:47.947 25453 25453 I chromium:   '$                          $'        https://www.reddit.com/jobs
08-04 11:37:47.947 25453 25453 I chromium:    '$.     .,        ,.     .$'
08-04 11:37:47.947 25453 25453 I chromium:     'b,     ''     ,d'
08-04 11:37:47.947 25453 25453 I chromium:      '?bn,,          ,,nd?'
08-04 11:37:47.947 25453 25453 I chromium:        ,7$ '''' $7,
08-04 11:37:47.947 25453 25453 I chromium:      , $              $ ,
08-04 11:37:47.947 25453 25453 I chromium:      $  :$              $:  $
08-04 11:37:47.947 25453 25453 I chromium:      $   $              $   $
08-04 11:37:47.947 25453 25453 I chromium:      'b  q:            :p  d'
08-04 11:37:47.947 25453 25453 I chromium:       '?$.          .$?'
08-04 11:37:47.947 25453 25453 I chromium:          'b            d'
08-04 11:37:47.947 25453 25453 I chromium:        ,'?,.      .,?',
08-04 11:37:47.947 25453 25453 I chromium:       ==--==--==--==
08-04 11:37:47.947 25453 25453 I chromium: ", source: https://www.redditstatic.com/desktop2x/Chat~Governance~Reddit.2ea93b134a9b2e5b1d9a.js (1)
08-04 11:37:48.200 25453 25465 I art     : Starting a blocking GC Explicit
08-04 11:37:48.238 25453 25465 I art     : Explicit concurrent mark sweep GC freed 1526(116KB) AllocSpace objects, 1(20KB) LOS objects, 35% free, 29MB/45MB, paused 416us total 37.457ms
08-04 11:37:48.253 25453 25465 I art     : Starting a blocking GC Explicit
08-04 11:37:48.289 25453 25465 I art     : Explicit concurrent mark sweep GC freed 85(2912B) AllocSpace objects, 0(0B) LOS objects, 35% free, 29MB/45MB, paused 384us total 35.643ms
08-04 11:37:48.289 25453 25464 I art     : WaitForGcToComplete blocked for 17.196ms for cause HeapTrim
08-04 11:37:48.302 25453 25465 I art     : Starting a blocking GC Explicit
08-04 11:37:48.336 25453 25465 I art     : Explicit concurrent mark sweep GC freed 15(944B) AllocSpace objects, 0(0B) LOS objects, 35% free, 29MB/45MB, paused 386us total 33.489ms
08-04 11:37:48.349 25453 25465 I art     : Starting a blocking GC Explicit
08-04 11:37:48.386 25453 25465 I art     : Explicit concurrent mark sweep GC freed 5(160B) AllocSpace objects, 0(0B) LOS objects, 35% free, 29MB/45MB, paused 446us total 36.744ms
08-04 11:37:48.400 25453 25465 I art     : Starting a blocking GC Explicit
08-04 11:37:48.436 25453 25465 I art     : Explicit concurrent mark sweep GC freed 3(96B) AllocSpace objects, 0(0B) LOS objects, 35% free, 29MB/45MB, paused 399us total 35.366ms
08-04 11:37:48.799 25453 25476 I art     : Starting a blocking GC Explicit
08-04 11:37:48.836 25453 25476 I art     : Explicit concurrent mark sweep GC freed 1546(93KB) AllocSpace objects, 1(20KB) LOS objects, 35% free, 29MB/45MB, paused 396us total 36.067ms
08-04 11:37:48.850 25453 25476 I art     : Starting a blocking GC Explicit
08-04 11:37:48.882 25453 25476 I art     : Explicit concurrent mark sweep GC freed 40(1840B) AllocSpace objects, 0(0B) LOS objects, 35% free, 29MB/45MB, paused 360us total 31.273ms
08-04 11:37:48.895 25453 25476 I art     : Starting a blocking GC Explicit
08-04 11:37:48.929 25453 25476 I art     : Explicit concurrent mark sweep GC freed 3(96B) AllocSpace objects, 0(0B) LOS objects, 35% free, 29MB/45MB, paused 344us total 33.479ms
08-04 11:37:48.942 25453 25476 I art     : Starting a blocking GC Explicit
08-04 11:37:48.983 25453 25476 I art     : Explicit concurrent mark sweep GC freed 3(96B) AllocSpace objects, 0(0B) LOS objects, 35% free, 29MB/45MB, paused 338us total 40.063ms
08-04 11:37:48.997 25453 25476 I art     : Starting a blocking GC Explicit
08-04 11:37:49.036 25453 25476 I art     : Explicit concurrent mark sweep GC freed 3(96B) AllocSpace objects, 0(0B) LOS objects, 35% free, 29MB/45MB, paused 404us total 39.344ms
08-04 11:37:49.377 25453 25465 I art     : Starting a blocking GC Explicit
08-04 11:37:49.417 25453 25465 I art     : Explicit concurrent mark sweep GC freed 1370(85KB) AllocSpace objects, 1(20KB) LOS objects, 35% free, 29MB/45MB, paused 350us total 39.417ms
08-04 11:37:49.431 25453 25465 I art     : Starting a blocking GC Explicit
08-04 11:37:49.469 25453 25465 I art     : Explicit concurrent mark sweep GC freed 20(704B) AllocSpace objects, 0(0B) LOS objects, 35% free, 29MB/45MB, paused 380us total 38.232ms
08-04 11:37:49.480   518   646 I ThermalEngine: ACTION: GPU - Setting GPU[0] to 450000000
08-04 11:37:49.484 25453 25465 I art     : Starting a blocking GC Explicit
08-04 11:37:49.530 25453 25465 I art     : Explicit concurrent mark sweep GC freed 3(96B) AllocSpace objects, 0(0B) LOS objects, 35% free, 29MB/45MB, paused 448us total 45.304ms
08-04 11:37:49.549 25453 25465 I art     : Starting a blocking GC Explicit
08-04 11:37:49.594 25453 25465 I art     : Explicit concurrent mark sweep GC freed 3(96B) AllocSpace objects, 0(0B) LOS objects, 35% free, 29MB/45MB, paused 476us total 45.105ms
08-04 11:37:49.613 25453 25465 I art     : Starting a blocking GC Explicit
08-04 11:37:49.661 25453 25465 I art     : Explicit concurrent mark sweep GC freed 3(96B) AllocSpace objects, 0(0B) LOS objects, 35% free, 29MB/45MB, paused 458us total 48.032ms
08-04 11:37:50.047 25453 25476 I art     : Starting a blocking GC Explicit
08-04 11:37:50.093 25453 25476 I art     : Explicit concurrent mark sweep GC freed 1401(85KB) AllocSpace objects, 1(20KB) LOS objects, 35% free, 29MB/45MB, paused 519us total 46.144ms
08-04 11:37:50.112 25453 25476 I art     : Starting a blocking GC Explicit
08-04 11:37:50.162 25453 25476 I art     : Explicit concurrent mark sweep GC freed 20(704B) AllocSpace objects, 0(0B) LOS objects, 35% free, 29MB/45MB, paused 483us total 49.516ms
08-04 11:37:50.181 25453 25476 I art     : Starting a blocking GC Explicit
08-04 11:37:50.231 25453 25476 I art     : Explicit concurrent mark sweep GC freed 3(96B) AllocSpace objects, 0(0B) LOS objects, 35% free, 29MB/45MB, paused 466us total 49.049ms
08-04 11:37:50.256 25453 25476 I art     : Starting a blocking GC Explicit
08-04 11:37:50.304 25453 25476 I art     : Explicit concurrent mark sweep GC freed 3(96B) AllocSpace objects, 0(0B) LOS objects, 35% free, 29MB/45MB, paused 522us total 48.270ms
08-04 11:37:50.323 25453 25476 I art     : Starting a blocking GC Explicit
08-04 11:37:50.377 25453 25476 I art     : Explicit concurrent mark sweep GC freed 3(96B) AllocSpace objects, 0(0B) LOS objects, 35% free, 29MB/45MB, paused 624us total 54.153ms
08-04 11:37:50.598 25453 27456 I RedditChangeDataIO: Writing tmp data file at '/data/user/0/baseline.org.quantumbadger.redreader/files/rr_change_data_tmp.dat'
08-04 11:37:50.598 25453 27456 I RedditChangeDataManager: Taking snapshot...
08-04 11:37:50.599 25453 27456 I RedditChangeDataManager: Writing to stream...
08-04 11:37:50.599 25453 27456 I RedditChangeDataManager: Wrote 4 entries for user ''
08-04 11:37:50.599 25453 27456 I RedditChangeDataManager: All entries written to stream.
08-04 11:37:50.599 25453 27456 I RedditChangeDataIO: Write successful. Atomically replacing data file...
08-04 11:37:50.599 25453 27456 I RedditChangeDataIO: Write complete.
08-04 11:37:50.599 25453 27456 I RedditChangeDataIO: 110 bytes written in 2 ms
08-04 11:37:50.780 25453 25679 I art     : Starting a blocking GC Explicit
08-04 11:37:50.829 25453 25679 I art     : Explicit concurrent mark sweep GC freed 1436(87KB) AllocSpace objects, 2(88KB) LOS objects, 35% free, 29MB/45MB, paused 512us total 48.922ms
08-04 11:37:50.850 25453 25679 I art     : Starting a blocking GC Explicit
08-04 11:37:50.892 25453 25679 I art     : Explicit concurrent mark sweep GC freed 23(800B) AllocSpace objects, 0(0B) LOS objects, 35% free, 29MB/45MB, paused 470us total 41.703ms
08-04 11:37:50.911 25453 25679 I art     : Starting a blocking GC Explicit
08-04 11:37:50.960 25453 25679 I art     : Explicit concurrent mark sweep GC freed 3(96B) AllocSpace objects, 0(0B) LOS objects, 35% free, 29MB/45MB, paused 441us total 48.665ms
08-04 11:37:50.979 25453 25679 I art     : Starting a blocking GC Explicit
08-04 11:37:50.993 13866 13882 I PeriodicStatsRunner: PeriodicStatsRunner.call():175 call()
08-04 11:37:50.993 13866 13882 I PeriodicStatsRunner: PeriodicStatsRunner.call():179 No submit PeriodicStats since input started.
08-04 11:37:51.026 25453 25679 I art     : Explicit concurrent mark sweep GC freed 3(96B) AllocSpace objects, 0(0B) LOS objects, 35% free, 29MB/45MB, paused 642us total 47.595ms
08-04 11:37:51.046 25453 25679 I art     : Starting a blocking GC Explicit
08-04 11:37:51.097 25453 25679 I art     : Explicit concurrent mark sweep GC freed 5(176B) AllocSpace objects, 0(0B) LOS objects, 35% free, 29MB/45MB, paused 568us total 51.138ms
08-04 11:37:51.492 25453 25466 I art     : Starting a blocking GC Explicit
08-04 11:37:51.537 25453 25466 I art     : Explicit concurrent mark sweep GC freed 1355(82KB) AllocSpace objects, 1(20KB) LOS objects, 35% free, 29MB/45MB, paused 522us total 44.274ms
08-04 11:37:51.559 25453 25466 I art     : Starting a blocking GC Explicit
08-04 11:37:51.608 25453 25466 I art     : Explicit concurrent mark sweep GC freed 20(704B) AllocSpace objects, 0(0B) LOS objects, 35% free, 29MB/45MB, paused 490us total 48.563ms
08-04 11:37:51.627 25453 25466 I art     : Starting a blocking GC Explicit
08-04 11:37:51.680 25453 25466 I art     : Explicit concurrent mark sweep GC freed 3(96B) AllocSpace objects, 0(0B) LOS objects, 35% free, 29MB/45MB, paused 492us total 53.420ms
08-04 11:37:51.687 20359 20359 I ServiceManager: Waiting for service AtCmdFwd...
08-04 11:37:51.699 25453 25466 I art     : Starting a blocking GC Explicit
08-04 11:37:51.751 25453 25466 I art     : Explicit concurrent mark sweep GC freed 3(96B) AllocSpace objects, 0(0B) LOS objects, 35% free, 29MB/45MB, paused 666us total 51.542ms
08-04 11:37:51.774 25453 25466 I art     : Starting a blocking GC Explicit
08-04 11:37:51.823 25453 25466 I art     : Explicit concurrent mark sweep GC freed 3(96B) AllocSpace objects, 0(0B) LOS objects, 35% free, 29MB/45MB, paused 493us total 48.393ms
08-04 11:37:52.229 25453 25476 I art     : Starting a blocking GC Explicit
08-04 11:37:52.278 25453 25476 I art     : Explicit concurrent mark sweep GC freed 1355(82KB) AllocSpace objects, 1(20KB) LOS objects, 35% free, 29MB/45MB, paused 475us total 47.877ms
08-04 11:37:52.296 25453 25476 I art     : Starting a blocking GC Explicit
08-04 11:37:52.343 25453 25476 I art     : Explicit concurrent mark sweep GC freed 20(704B) AllocSpace objects, 0(0B) LOS objects, 35% free, 29MB/45MB, paused 591us total 46.865ms
08-04 11:37:52.364 25453 25476 I art     : Starting a blocking GC Explicit
08-04 11:37:52.412 25453 25476 I art     : Explicit concurrent mark sweep GC freed 3(96B) AllocSpace objects, 0(0B) LOS objects, 35% free, 29MB/45MB, paused 472us total 47.351ms
08-04 11:37:52.431 25453 25476 I art     : Starting a blocking GC Explicit
08-04 11:37:52.483 25453 25476 I art     : Explicit concurrent mark sweep GC freed 3(96B) AllocSpace objects, 0(0B) LOS objects, 35% free, 29MB/45MB, paused 475us total 51.965ms
08-04 11:37:52.502 25453 25476 I art     : Starting a blocking GC Explicit
08-04 11:37:52.555 25453 25476 I art     : Explicit concurrent mark sweep GC freed 3(96B) AllocSpace objects, 0(0B) LOS objects, 35% free, 29MB/45MB, paused 475us total 52.961ms
08-04 11:37:52.688 20359 20359 I ServiceManager: Waiting for service AtCmdFwd...
08-04 11:37:52.961 25453 25679 I art     : Starting a blocking GC Explicit
08-04 11:37:53.005 25453 25679 I art     : Explicit concurrent mark sweep GC freed 1355(82KB) AllocSpace objects, 1(20KB) LOS objects, 35% free, 29MB/45MB, paused 506us total 44.038ms
08-04 11:37:53.024 25453 25679 I art     : Starting a blocking GC Explicit
08-04 11:37:53.073 25453 25679 I art     : Explicit concurrent mark sweep GC freed 20(704B) AllocSpace objects, 0(0B) LOS objects, 35% free, 29MB/45MB, paused 486us total 48.407ms
08-04 11:37:53.091 25453 25679 I art     : Starting a blocking GC Explicit
08-04 11:37:53.150 25453 25679 I art     : Explicit concurrent mark sweep GC freed 3(96B) AllocSpace objects, 0(0B) LOS objects, 35% free, 29MB/45MB, paused 1.632ms total 58.359ms
08-04 11:37:53.171 25453 25679 I art     : Starting a blocking GC Explicit
08-04 11:37:53.217 25453 25679 I art     : Explicit concurrent mark sweep GC freed 3(96B) AllocSpace objects, 0(0B) LOS objects, 35% free, 29MB/45MB, paused 493us total 45.002ms
08-04 11:37:53.236 25453 25679 I art     : Starting a blocking GC Explicit
08-04 11:37:53.286 25453 25679 I art     : Explicit concurrent mark sweep GC freed 3(96B) AllocSpace objects, 0(0B) LOS objects, 35% free, 29MB/45MB, paused 491us total 49.913ms
08-04 11:37:53.489   518   646 I ThermalEngine: ACTION: GPU - Setting GPU[0] to 510000000
08-04 11:37:53.665 25453 25466 I art     : Starting a blocking GC Explicit
08-04 11:37:53.688 20359 20359 I ServiceManager: Waiting for service AtCmdFwd...
08-04 11:37:53.704 25453 25466 I art     : Explicit concurrent mark sweep GC freed 1355(82KB) AllocSpace objects, 1(20KB) LOS objects, 35% free, 29MB/45MB, paused 364us total 38.674ms
08-04 11:37:53.719 25453 25466 I art     : Starting a blocking GC Explicit
08-04 11:37:53.762 25453 25466 I art     : Explicit concurrent mark sweep GC freed 20(704B) AllocSpace objects, 0(0B) LOS objects, 35% free, 29MB/45MB, paused 354us total 43.160ms
08-04 11:37:53.777 25453 25466 I art     : Starting a blocking GC Explicit
08-04 11:37:53.813 25453 25466 I art     : Explicit concurrent mark sweep GC freed 3(96B) AllocSpace objects, 0(0B) LOS objects, 35% free, 29MB/45MB, paused 356us total 36.396ms
08-04 11:37:53.828 25453 25466 I art     : Starting a blocking GC Explicit
08-04 11:37:53.865 25453 25466 I art     : Explicit concurrent mark sweep GC freed 3(96B) AllocSpace objects, 0(0B) LOS objects, 35% free, 29MB/45MB, paused 363us total 36.697ms
08-04 11:37:53.879 25453 25466 I art     : Starting a blocking GC Explicit
08-04 11:37:53.912 25453 25466 I art     : Explicit concurrent mark sweep GC freed 3(96B) AllocSpace objects, 0(0B) LOS objects, 35% free, 29MB/45MB, paused 338us total 33.328ms
08-04 11:37:54.238 27630 27630 D AndroidRuntime: >>>>>> START com.android.internal.os.RuntimeInit uid 2000 <<<<<<
08-04 11:37:54.247 27630 27630 D AndroidRuntime: CheckJNI is OFF
08-04 11:37:54.275 25453 25679 I art     : Starting a blocking GC Explicit
08-04 11:37:54.282 27630 27630 D ICU     : No timezone override file found: /data/misc/zoneinfo/current/icu/icu_tzdata.dat
08-04 11:37:54.314 25453 25679 I art     : Explicit concurrent mark sweep GC freed 1355(82KB) AllocSpace objects, 1(20KB) LOS objects, 35% free, 29MB/45MB, paused 391us total 38.939ms
08-04 11:37:54.318 27630 27630 I Radio-JNI: register_android_hardware_Radio DONE
08-04 11:37:54.328 25453 25679 I art     : Starting a blocking GC Explicit
08-04 11:37:54.340 27630 27630 D AndroidRuntime: Calling main entry com.android.commands.input.Input
08-04 11:37:54.343 27630 27630 I Input   : injectKeyEvent: KeyEvent { action=ACTION_DOWN, keyCode=KEYCODE_BACK, scanCode=0, metaState=0, flags=0x0, repeatCount=0, eventTime=704290756, downTime=704290756, deviceId=-1, source=0x101 }
08-04 11:37:54.352 27630 27630 I Input   : injectKeyEvent: KeyEvent { action=ACTION_UP, keyCode=KEYCODE_BACK, scanCode=0, metaState=0, flags=0x0, repeatCount=0, eventTime=704290756, downTime=704290756, deviceId=-1, source=0x101 }
08-04 11:37:54.359 27630 27630 D AndroidRuntime: Shutting down VM
08-04 11:37:54.371 25453 25679 I art     : Explicit concurrent mark sweep GC freed 43(1840B) AllocSpace objects, 0(0B) LOS objects, 35% free, 29MB/45MB, paused 480us total 40.301ms
08-04 11:37:54.411 25453 25679 I art     : Starting a blocking GC Explicit
08-04 11:37:54.418 13866 13866 I GoogleInputMethodServic: GoogleInputMethodService.onFinishInput():3138 
08-04 11:37:54.419 13866 13866 I GoogleInputMethodServic: GoogleInputMethodService.onStartInput():1808 
08-04 11:37:54.443 25453 25679 I art     : Explicit concurrent mark sweep GC freed 228(9KB) AllocSpace objects, 0(0B) LOS objects, 35% free, 29MB/45MB, paused 365us total 32.171ms
08-04 11:37:54.457 25453 25679 I art     : Starting a blocking GC Explicit
08-04 11:37:54.488 25453 25679 I art     : Explicit concurrent mark sweep GC freed 37(1216B) AllocSpace objects, 0(0B) LOS objects, 35% free, 29MB/45MB, paused 372us total 31.384ms
08-04 11:37:54.501 25453 25679 I art     : Starting a blocking GC Explicit
08-04 11:37:54.533 25453 25679 I art     : Explicit concurrent mark sweep GC freed 3(96B) AllocSpace objects, 0(0B) LOS objects, 35% free, 29MB/45MB, paused 331us total 31.606ms
08-04 11:37:54.689 20359 20359 I ServiceManager: Waiting for service AtCmdFwd...
08-04 11:37:54.743   380   380 W SurfaceFlinger: couldn't log to binary event log: overflow.
08-04 11:37:54.777   918  3263 D ConnectivityService: releasing NetworkRequest NetworkRequest [ id=2631, legacyType=-1, [ Capabilities: INTERNET&NOT_RESTRICTED&TRUSTED] ]
08-04 11:37:54.844 25453 25476 I art     : Starting a blocking GC Explicit
08-04 11:37:54.883 25453 25476 I art     : Explicit concurrent mark sweep GC freed 2274(128KB) AllocSpace objects, 1(20KB) LOS objects, 35% free, 29MB/45MB, paused 387us total 38.344ms
08-04 11:37:54.896 25453 25476 I art     : Starting a blocking GC Explicit
08-04 11:37:54.929 25453 25476 I art     : Explicit concurrent mark sweep GC freed 2114(124KB) AllocSpace objects, 1(28KB) LOS objects, 35% free, 29MB/45MB, paused 366us total 33.254ms
08-04 11:37:54.942 25453 25476 I art     : Starting a blocking GC Explicit
08-04 11:37:54.978 25453 25476 I art     : Explicit concurrent mark sweep GC freed 3(96B) AllocSpace objects, 0(0B) LOS objects, 35% free, 29MB/45MB, paused 392us total 35.196ms
08-04 11:37:54.992 25453 25476 I art     : Starting a blocking GC Explicit
08-04 11:37:55.030 25453 25476 I art     : Explicit concurrent mark sweep GC freed 3(96B) AllocSpace objects, 0(0B) LOS objects, 35% free, 29MB/45MB, paused 385us total 37.761ms
08-04 11:37:55.045 25453 25476 I art     : Starting a blocking GC Explicit
08-04 11:37:55.082 25453 25476 I art     : Explicit concurrent mark sweep GC freed 3(96B) AllocSpace objects, 0(0B) LOS objects, 35% free, 29MB/45MB, paused 366us total 37.517ms
08-04 11:37:55.408 25453 25466 I art     : Starting a blocking GC Explicit
08-04 11:37:55.456 25453 25466 I art     : Explicit concurrent mark sweep GC freed 1354(82KB) AllocSpace objects, 1(20KB) LOS objects, 35% free, 29MB/45MB, paused 429us total 47.701ms
08-04 11:37:55.474 25453 25466 I art     : Starting a blocking GC Explicit
08-04 11:37:55.513 25453 25466 I art     : Explicit concurrent mark sweep GC freed 20(704B) AllocSpace objects, 0(0B) LOS objects, 35% free, 29MB/45MB, paused 381us total 38.863ms
08-04 11:37:55.527 25453 25466 I art     : Starting a blocking GC Explicit
08-04 11:37:55.566 25453 25466 I art     : Explicit concurrent mark sweep GC freed 3(96B) AllocSpace objects, 0(0B) LOS objects, 35% free, 29MB/45MB, paused 379us total 38.585ms
08-04 11:37:55.581 25453 25466 I art     : Starting a blocking GC Explicit
08-04 11:37:55.617 25453 25466 I art     : Explicit concurrent mark sweep GC freed 3(96B) AllocSpace objects, 0(0B) LOS objects, 35% free, 29MB/45MB, paused 428us total 36.342ms
08-04 11:37:55.632 25453 25466 I art     : Starting a blocking GC Explicit
08-04 11:37:55.667 25453 25466 I art     : Explicit concurrent mark sweep GC freed 3(96B) AllocSpace objects, 0(0B) LOS objects, 35% free, 29MB/45MB, paused 397us total 35.458ms
08-04 11:37:55.689 20359 20359 I ServiceManager: Waiting for service AtCmdFwd...
08-04 11:37:55.975 25453 25679 I art     : Starting a blocking GC Explicit
08-04 11:37:56.012 27673 27673 D AndroidRuntime: >>>>>> START com.android.internal.os.RuntimeInit uid 2000 <<<<<<
08-04 11:37:56.014 25453 25679 I art     : Explicit concurrent mark sweep GC freed 1373(83KB) AllocSpace objects, 1(20KB) LOS objects, 35% free, 29MB/45MB, paused 429us total 38.152ms
08-04 11:37:56.017 27673 27673 D AndroidRuntime: CheckJNI is OFF
08-04 11:37:56.028 25453 25679 I art     : Starting a blocking GC Explicit
08-04 11:37:56.053 27673 27673 D ICU     : No timezone override file found: /data/misc/zoneinfo/current/icu/icu_tzdata.dat
08-04 11:37:56.065 25453 25679 I art     : Explicit concurrent mark sweep GC freed 26(928B) AllocSpace objects, 0(0B) LOS objects, 35% free, 29MB/45MB, paused 383us total 36.186ms
08-04 11:37:56.079 25453 25679 I art     : Starting a blocking GC Explicit
08-04 11:37:56.088 27673 27673 I Radio-JNI: register_android_hardware_Radio DONE
08-04 11:37:56.110 27673 27673 D AndroidRuntime: Calling main entry com.android.commands.input.Input
08-04 11:37:56.112 27673 27673 I Input   : injectMotionEvent: MotionEvent { action=ACTION_DOWN, actionButton=0, id[0]=0, x[0]=600.0, y[0]=820.0, toolType[0]=TOOL_TYPE_UNKNOWN, buttonState=0, metaState=0, flags=0x0, edgeFlags=0x0, pointerCount=1, historySize=0, eventTime=704292524, downTime=704292524, deviceId=0, source=0x1002 }
08-04 11:37:56.113 25453 25679 I art     : Explicit concurrent mark sweep GC freed 3(96B) AllocSpace objects, 0(0B) LOS objects, 35% free, 29MB/45MB, paused 374us total 33.972ms
08-04 11:37:56.120 27673 27673 I Input   : injectMotionEvent: MotionEvent { action=ACTION_UP, actionButton=0, id[0]=0, x[0]=600.0, y[0]=820.0, toolType[0]=TOOL_TYPE_UNKNOWN, buttonState=0, metaState=0, flags=0x0, edgeFlags=0x0, pointerCount=1, historySize=0, eventTime=704292524, downTime=704292524, deviceId=0, source=0x1002 }
08-04 11:37:56.122 27673 27673 D AndroidRuntime: Shutting down VM
08-04 11:37:56.126 25453 25679 I art     : Starting a blocking GC Explicit
08-04 11:37:56.133   512  2967 D audio_hw_primary: out_set_parameters: enter: usecase(1: low-latency-playback) kvpairs: routing=2
08-04 11:37:56.139   918  3359 I ActivityManager: START u0 {dat=https://oauth.reddit.com/... cmp=baseline.org.quantumbadger.redreader/.activities.CommentListingActivity} from uid 10666 on display 0
08-04 11:37:56.146   512  2967 D audio_hw_primary: select_devices: out_snd_device(2: speaker) in_snd_device(0: none)
08-04 11:37:56.146   512  2967 D msm8974_platform: platform_send_audio_calibration: sending audio calibration for snd_device(2) acdb_id(15)
08-04 11:37:56.146   512  2967 I soundtrigger: audio_extn_sound_trigger_update_device_status: device 0x2 of type 0 for Event 1
08-04 11:37:56.157   512  2967 D audio_hw_primary: enable_snd_device: snd_device(2: speaker)
08-04 11:37:56.160   512  2967 D audio_hw_primary: enable_audio_route: apply and update mixer path: low-latency-playback speaker
08-04 11:37:56.161 25453 25453 I AppCompatViewInflater: app:theme is now deprecated. Please move to using android:theme instead.
08-04 11:37:56.162 25453 25679 I art     : Explicit concurrent mark sweep GC freed 964(39KB) AllocSpace objects, 0(0B) LOS objects, 35% free, 29MB/45MB, paused 753us total 35.583ms
08-04 11:37:56.176 25453 25679 I art     : Starting a blocking GC Explicit
08-04 11:37:56.180 25453 27698 D OK      : calling: https://oauth.reddit.com/comments/hi3oht/.json?sort=confidence
08-04 11:37:56.210 25453 25679 I art     : Explicit concurrent mark sweep GC freed 1170(76KB) AllocSpace objects, 0(0B) LOS objects, 35% free, 29MB/45MB, paused 473us total 34.011ms
08-04 11:37:56.246   918   936 I ActivityManager: Displayed baseline.org.quantumbadger.redreader/.activities.CommentListingActivity: +99ms
08-04 11:37:56.247 13866 13866 I GoogleInputMethodServic: GoogleInputMethodService.onFinishInput():3138 
08-04 11:37:56.248 13866 13866 I GoogleInputMethodServic: GoogleInputMethodService.onStartInput():1808 
08-04 11:37:56.463 25453 25466 I art     : Starting a blocking GC Explicit
08-04 11:37:56.492 25453 27698 I NAPPA_EXPERIMENTATION: MetricNetworkRequestExecutionTime: REQUEST_DURATION_SYSTEM='312',REQUEST_DURATION_OKHTTP='142',REQUEST_SYNCHRONOUS='TRUE',RESPONSE_CODE='200',RESPONSE_METHOD='GET',RESPONSE_LENGTH_OKHTTP='-1',RESPONSE_LENGTH_HEADER='167875',REQUEST_PROTOCOL='h2',REQUEST_URL='https://oauth.reddit.com/comments/hi3oht/.json?sort=confidence',
08-04 11:37:56.492 25453 27698 D OK      : request got status: 200
08-04 11:37:56.495   380   380 W SurfaceFlinger: couldn't log to binary event log: overflow.
08-04 11:37:56.500 25453 25466 I art     : Explicit concurrent mark sweep GC freed 4789(236KB) AllocSpace objects, 1(20KB) LOS objects, 35% free, 29MB/45MB, paused 456us total 36.888ms
08-04 11:37:56.504 25453 26023 I CommentListingActivity: COMMENTS session changed to e363ba2a-b3f4-41b5-8343-cad3a4ab2d8c
08-04 11:37:56.514 25453 25466 I art     : Starting a blocking GC Explicit
08-04 11:37:56.550 25453 25466 I art     : Explicit concurrent mark sweep GC freed 592(97KB) AllocSpace objects, 1(16KB) LOS objects, 34% free, 30MB/46MB, paused 642us total 35.859ms
08-04 11:37:56.563 25453 25466 I art     : Starting a blocking GC Explicit
08-04 11:37:56.604 25453 25466 I art     : Explicit concurrent mark sweep GC freed 6445(442KB) AllocSpace objects, 0(0B) LOS objects, 34% free, 30MB/46MB, paused 886us total 40.142ms
08-04 11:37:56.618 25453 25466 I art     : Starting a blocking GC Explicit
08-04 11:37:56.664 25453 25466 I art     : Explicit concurrent mark sweep GC freed 14644(913KB) AllocSpace objects, 1(24KB) LOS objects, 33% free, 31MB/47MB, paused 1.024ms total 46.108ms
08-04 11:37:56.679 25453 25466 I art     : Starting a blocking GC Explicit
08-04 11:37:56.689 20359 20359 W Atfwd_Sendcmd: AtCmdFwd service not published, waiting... retryCnt : 2
08-04 11:37:56.706   512  2967 D audio_hw_primary: disable_audio_route: reset and update mixer path: low-latency-playback speaker
08-04 11:37:56.706   512  2967 D audio_hw_primary: disable_snd_device: snd_device(2: speaker)
08-04 11:37:56.714   512  2967 I soundtrigger: audio_extn_sound_trigger_update_device_status: device 0x2 of type 0 for Event 0
08-04 11:37:56.731 25453 25466 I art     : Explicit concurrent mark sweep GC freed 10631(679KB) AllocSpace objects, 2(44KB) LOS objects, 32% free, 32MB/48MB, paused 930us total 52.175ms
08-04 11:37:57.019 25453 25466 I art     : Starting a blocking GC Explicit
08-04 11:37:57.085 25453 25466 I art     : Explicit concurrent mark sweep GC freed 64265(3MB) AllocSpace objects, 6(204KB) LOS objects, 32% free, 33MB/49MB, paused 381us total 65.524ms
08-04 11:37:57.104 25453 25466 I art     : Starting a blocking GC Explicit
08-04 11:37:57.158 25453 25466 I art     : Explicit concurrent mark sweep GC freed 37(1456B) AllocSpace objects, 0(0B) LOS objects, 32% free, 33MB/49MB, paused 447us total 53.908ms
08-04 11:37:57.175 25453 25466 I art     : Starting a blocking GC Explicit
08-04 11:37:57.228 25453 25466 I art     : Explicit concurrent mark sweep GC freed 3(96B) AllocSpace objects, 0(0B) LOS objects, 32% free, 33MB/49MB, paused 423us total 52.872ms
08-04 11:37:57.245 25453 25466 I art     : Starting a blocking GC Explicit
08-04 11:37:57.300 25453 25466 I art     : Explicit concurrent mark sweep GC freed 3(96B) AllocSpace objects, 0(0B) LOS objects, 32% free, 33MB/49MB, paused 400us total 55.182ms
08-04 11:37:57.318 25453 25466 I art     : Starting a blocking GC Explicit
08-04 11:37:57.373 25453 25466 I art     : Explicit concurrent mark sweep GC freed 3(96B) AllocSpace objects, 0(0B) LOS objects, 32% free, 33MB/49MB, paused 422us total 54.349ms
08-04 11:37:57.676 25453 25679 I art     : Starting a blocking GC Explicit
08-04 11:37:57.737 25453 25679 I art     : Explicit concurrent mark sweep GC freed 1354(82KB) AllocSpace objects, 1(20KB) LOS objects, 32% free, 33MB/49MB, paused 431us total 60.267ms
08-04 11:37:57.754 25453 25679 I art     : Starting a blocking GC Explicit
08-04 11:37:57.809 25453 25679 I art     : Explicit concurrent mark sweep GC freed 66(2528B) AllocSpace objects, 0(0B) LOS objects, 32% free, 33MB/49MB, paused 399us total 54.768ms
08-04 11:37:57.827 25453 25679 I art     : Starting a blocking GC Explicit
08-04 11:37:57.883 25453 25679 I art     : Explicit concurrent mark sweep GC freed 3(96B) AllocSpace objects, 0(0B) LOS objects, 32% free, 33MB/49MB, paused 443us total 56.651ms
08-04 11:37:57.902 25453 25679 I art     : Starting a blocking GC Explicit
08-04 11:37:57.958 25453 25679 I art     : Explicit concurrent mark sweep GC freed 3(96B) AllocSpace objects, 0(0B) LOS objects, 32% free, 33MB/49MB, paused 449us total 55.317ms
08-04 11:37:57.975 25453 25679 I art     : Starting a blocking GC Explicit
08-04 11:37:58.031 25453 25679 I art     : Explicit concurrent mark sweep GC freed 3(96B) AllocSpace objects, 0(0B) LOS objects, 32% free, 33MB/49MB, paused 406us total 55.793ms
08-04 11:37:58.378 25453 25476 I art     : Starting a blocking GC Explicit
08-04 11:37:58.449 25453 25476 I art     : Explicit concurrent mark sweep GC freed 1354(82KB) AllocSpace objects, 1(20KB) LOS objects, 32% free, 33MB/49MB, paused 515us total 70.440ms
08-04 11:37:58.469   918  3188 I hubconnection: sensorhub said: 'set_bias 3: -5.3760, 0.0000, 0.0000'
08-04 11:37:58.471 25453 25476 I art     : Starting a blocking GC Explicit
08-04 11:37:58.497   518   646 I ThermalEngine: ACTION: GPU - Setting GPU[0] to 450000000
08-04 11:37:58.538 25453 25476 I art     : Explicit concurrent mark sweep GC freed 20(704B) AllocSpace objects, 0(0B) LOS objects, 32% free, 33MB/49MB, paused 585us total 66.873ms
08-04 11:37:58.561 25453 25476 I art     : Starting a blocking GC Explicit
08-04 11:37:58.646 25453 25476 I art     : Explicit concurrent mark sweep GC freed 3(96B) AllocSpace objects, 0(0B) LOS objects, 32% free, 33MB/49MB, paused 563us total 84.290ms
08-04 11:37:58.673 25453 25476 I art     : Starting a blocking GC Explicit
08-04 11:37:58.749 25453 25476 I art     : Explicit concurrent mark sweep GC freed 3(96B) AllocSpace objects, 0(0B) LOS objects, 32% free, 33MB/49MB, paused 580us total 75.968ms
08-04 11:37:58.750 25453 25464 I art     : WaitForGcToComplete blocked for 45.852ms for cause HeapTrim
08-04 11:37:58.773 25453 25476 I art     : Starting a blocking GC Explicit
08-04 11:37:58.848 25453 25476 I art     : Explicit concurrent mark sweep GC freed 3(96B) AllocSpace objects, 0(0B) LOS objects, 32% free, 33MB/49MB, paused 639us total 75.018ms
08-04 11:37:59.208 25453 25465 I art     : Starting a blocking GC Explicit
08-04 11:37:59.307 25453 25465 I art     : Explicit concurrent mark sweep GC freed 1354(82KB) AllocSpace objects, 1(20KB) LOS objects, 32% free, 33MB/49MB, paused 624us total 98.784ms
08-04 11:37:59.331 25453 25465 I art     : Starting a blocking GC Explicit
08-04 11:37:59.411 25453 25465 I art     : Explicit concurrent mark sweep GC freed 20(704B) AllocSpace objects, 0(0B) LOS objects, 32% free, 33MB/49MB, paused 571us total 79.910ms
08-04 11:37:59.419 13866 13882 I PeriodicStatsRunner: PeriodicStatsRunner.call():175 call()
08-04 11:37:59.419 13866 13882 I PeriodicStatsRunner: PeriodicStatsRunner.call():179 No submit PeriodicStats since input started.
08-04 11:37:59.436 25453 25465 I art     : Starting a blocking GC Explicit
08-04 11:37:59.501   518   646 I ThermalEngine: ACTION: GPU - Setting GPU[0] to 510000000
08-04 11:37:59.513 25453 25465 I art     : Explicit concurrent mark sweep GC freed 3(96B) AllocSpace objects, 0(0B) LOS objects, 32% free, 33MB/49MB, paused 580us total 77.126ms
08-04 11:37:59.536 25453 25465 I art     : Starting a blocking GC Explicit
08-04 11:37:59.596 25453 25465 I art     : Explicit concurrent mark sweep GC freed 3(96B) AllocSpace objects, 0(0B) LOS objects, 32% free, 33MB/49MB, paused 443us total 59.159ms
08-04 11:37:59.613 25453 25465 I art     : Starting a blocking GC Explicit
08-04 11:37:59.669 25453 25465 I art     : Explicit concurrent mark sweep GC freed 3(96B) AllocSpace objects, 0(0B) LOS objects, 32% free, 33MB/49MB, paused 426us total 55.911ms
08-04 11:38:00.033 25453 25466 I art     : Starting a blocking GC Explicit
08-04 11:38:00.088 25453 25466 I art     : Explicit concurrent mark sweep GC freed 1355(83KB) AllocSpace objects, 1(20KB) LOS objects, 32% free, 33MB/49MB, paused 408us total 55.140ms
08-04 11:38:00.105 25453 25466 I art     : Starting a blocking GC Explicit
08-04 11:38:00.161 25453 25466 I art     : Explicit concurrent mark sweep GC freed 20(704B) AllocSpace objects, 0(0B) LOS objects, 32% free, 33MB/49MB, paused 396us total 55.298ms
08-04 11:38:00.178 25453 25466 I art     : Starting a blocking GC Explicit
08-04 11:38:00.234 25453 25466 I art     : Explicit concurrent mark sweep GC freed 3(96B) AllocSpace objects, 0(0B) LOS objects, 32% free, 33MB/49MB, paused 387us total 56.233ms
08-04 11:38:00.252 25453 25466 I art     : Starting a blocking GC Explicit
08-04 11:38:00.310 25453 25466 I art     : Explicit concurrent mark sweep GC freed 3(96B) AllocSpace objects, 0(0B) LOS objects, 32% free, 33MB/49MB, paused 429us total 57.400ms
08-04 11:38:00.327 25453 25466 I art     : Starting a blocking GC Explicit
08-04 11:38:00.383 25453 25466 I art     : Explicit concurrent mark sweep GC freed 3(96B) AllocSpace objects, 0(0B) LOS objects, 32% free, 33MB/49MB, paused 407us total 55.057ms
08-04 11:38:00.699 25453 25679 I art     : Starting a blocking GC Explicit
08-04 11:38:00.762 25453 25679 I art     : Explicit concurrent mark sweep GC freed 1354(82KB) AllocSpace objects, 1(20KB) LOS objects, 32% free, 33MB/49MB, paused 424us total 63.066ms
08-04 11:38:00.780 25453 25679 I art     : Starting a blocking GC Explicit
08-04 11:38:00.805 27762 27762 D AndroidRuntime: >>>>>> START com.android.internal.os.RuntimeInit uid 2000 <<<<<<
08-04 11:38:00.810 27762 27762 D AndroidRuntime: CheckJNI is OFF
08-04 11:38:00.833 25453 25679 I art     : Explicit concurrent mark sweep GC freed 20(704B) AllocSpace objects, 0(0B) LOS objects, 32% free, 33MB/49MB, paused 433us total 53.270ms
08-04 11:38:00.847 27762 27762 D ICU     : No timezone override file found: /data/misc/zoneinfo/current/icu/icu_tzdata.dat
08-04 11:38:00.850 25453 25679 I art     : Starting a blocking GC Explicit
08-04 11:38:00.882 27762 27762 I Radio-JNI: register_android_hardware_Radio DONE
08-04 11:38:00.903 25453 25679 I art     : Explicit concurrent mark sweep GC freed 3(96B) AllocSpace objects, 0(0B) LOS objects, 32% free, 33MB/49MB, paused 416us total 52.551ms
08-04 11:38:00.904 27762 27762 D AndroidRuntime: Calling main entry com.android.commands.input.Input
08-04 11:38:00.906 27762 27762 I Input   : injectKeyEvent: KeyEvent { action=ACTION_DOWN, keyCode=KEYCODE_BACK, scanCode=0, metaState=0, flags=0x0, repeatCount=0, eventTime=704297319, downTime=704297319, deviceId=-1, source=0x101 }
08-04 11:38:00.913 27762 27762 I Input   : injectKeyEvent: KeyEvent { action=ACTION_UP, keyCode=KEYCODE_BACK, scanCode=0, metaState=0, flags=0x0, repeatCount=0, eventTime=704297319, downTime=704297319, deviceId=-1, source=0x101 }
08-04 11:38:00.919 25453 25679 I art     : Starting a blocking GC Explicit
08-04 11:38:00.920 27762 27762 D AndroidRuntime: Shutting down VM
08-04 11:38:00.960 13866 13866 I GoogleInputMethodServic: GoogleInputMethodService.onFinishInput():3138 
08-04 11:38:00.962 13866 13866 I GoogleInputMethodServic: GoogleInputMethodService.onStartInput():1808 
08-04 11:38:00.970 25453 25679 I art     : Explicit concurrent mark sweep GC freed 149(5KB) AllocSpace objects, 0(0B) LOS objects, 32% free, 33MB/49MB, paused 660us total 50.616ms
08-04 11:38:00.987 25453 25679 I art     : Starting a blocking GC Explicit
08-04 11:38:01.036 25453 25679 I art     : Explicit concurrent mark sweep GC freed 157(5KB) AllocSpace objects, 0(0B) LOS objects, 32% free, 33MB/49MB, paused 386us total 48.250ms
08-04 11:38:01.148 25453 27697 I RedditChangeDataIO: Writing tmp data file at '/data/user/0/baseline.org.quantumbadger.redreader/files/rr_change_data_tmp.dat'
08-04 11:38:01.148 25453 27697 I RedditChangeDataManager: Taking snapshot...
08-04 11:38:01.148 25453 27697 I RedditChangeDataManager: Writing to stream...
08-04 11:38:01.149 25453 27697 I RedditChangeDataManager: Wrote 5 entries for user ''
08-04 11:38:01.149 25453 27697 I RedditChangeDataManager: All entries written to stream.
08-04 11:38:01.149 25453 27697 I RedditChangeDataIO: Write successful. Atomically replacing data file...
08-04 11:38:01.149 25453 27697 I RedditChangeDataIO: Write complete.
08-04 11:38:01.149 25453 27697 I RedditChangeDataIO: 134 bytes written in 1 ms
08-04 11:38:01.248 13866 13882 I PeriodicStatsRunner: PeriodicStatsRunner.call():175 call()
08-04 11:38:01.248 13866 13882 I PeriodicStatsRunner: PeriodicStatsRunner.call():179 No submit PeriodicStats since input started.
08-04 11:38:01.284   380   380 W SurfaceFlinger: couldn't log to binary event log: overflow.
08-04 11:38:01.326 25453 25466 I art     : Starting a blocking GC Explicit
08-04 11:38:01.381 25453 25466 I art     : Explicit concurrent mark sweep GC freed 1514(90KB) AllocSpace objects, 2(88KB) LOS objects, 32% free, 33MB/49MB, paused 434us total 54.423ms
08-04 11:38:01.398 25453 25466 I art     : Starting a blocking GC Explicit
08-04 11:38:01.442 25453 25466 I art     : Explicit concurrent mark sweep GC freed 76511(4MB) AllocSpace objects, 5(140KB) LOS objects, 35% free, 29MB/45MB, paused 417us total 44.296ms
08-04 11:38:01.457 25453 25466 I art     : Starting a blocking GC Explicit
08-04 11:38:01.490 25453 25466 I art     : Explicit concurrent mark sweep GC freed 3(96B) AllocSpace objects, 0(0B) LOS objects, 35% free, 29MB/45MB, paused 393us total 32.472ms
08-04 11:38:01.503 25453 25466 I art     : Starting a blocking GC Explicit
08-04 11:38:01.540 25453 25466 I art     : Explicit concurrent mark sweep GC freed 3(96B) AllocSpace objects, 0(0B) LOS objects, 35% free, 29MB/45MB, paused 416us total 36.831ms
08-04 11:38:01.555 25453 25466 I art     : Starting a blocking GC Explicit
08-04 11:38:01.594 25453 25466 I art     : Explicit concurrent mark sweep GC freed 3(96B) AllocSpace objects, 0(0B) LOS objects, 35% free, 29MB/45MB, paused 439us total 39.135ms
08-04 11:38:01.907 25453 25476 I art     : Starting a blocking GC Explicit
08-04 11:38:01.957 25453 25476 I art     : Explicit concurrent mark sweep GC freed 1365(83KB) AllocSpace objects, 1(20KB) LOS objects, 35% free, 29MB/45MB, paused 413us total 49.080ms
08-04 11:38:01.977 25453 25476 I art     : Starting a blocking GC Explicit
08-04 11:38:02.014 25453 25476 I art     : Explicit concurrent mark sweep GC freed 255(37KB) AllocSpace objects, 0(0B) LOS objects, 35% free, 29MB/45MB, paused 376us total 36.943ms
08-04 11:38:02.029 25453 25476 I art     : Starting a blocking GC Explicit
08-04 11:38:02.067 25453 25476 I art     : Explicit concurrent mark sweep GC freed 68(2272B) AllocSpace objects, 0(0B) LOS objects, 35% free, 29MB/45MB, paused 359us total 37.733ms
08-04 11:38:02.081 25453 25476 I art     : Starting a blocking GC Explicit
08-04 11:38:02.119 25453 25476 I art     : Explicit concurrent mark sweep GC freed 3(96B) AllocSpace objects, 0(0B) LOS objects, 35% free, 29MB/45MB, paused 395us total 38.035ms
08-04 11:38:02.134 25453 25476 I art     : Starting a blocking GC Explicit
08-04 11:38:02.171 25453 25476 I art     : Explicit concurrent mark sweep GC freed 3(96B) AllocSpace objects, 0(0B) LOS objects, 35% free, 29MB/45MB, paused 364us total 36.605ms
08-04 11:38:02.461 25453 25679 I art     : Starting a blocking GC Explicit
08-04 11:38:02.499 25453 25679 I art     : Explicit concurrent mark sweep GC freed 1354(82KB) AllocSpace objects, 1(20KB) LOS objects, 35% free, 29MB/45MB, paused 410us total 38.133ms
08-04 11:38:02.514 25453 25679 I art     : Starting a blocking GC Explicit
08-04 11:38:02.547 25453 25679 I art     : Explicit concurrent mark sweep GC freed 20(704B) AllocSpace objects, 0(0B) LOS objects, 35% free, 29MB/45MB, paused 400us total 32.935ms
08-04 11:38:02.560 25453 25679 I art     : Starting a blocking GC Explicit
08-04 11:38:02.566 27805 27805 D AndroidRuntime: >>>>>> START com.android.internal.os.RuntimeInit uid 2000 <<<<<<
08-04 11:38:02.571 27805 27805 D AndroidRuntime: CheckJNI is OFF
08-04 11:38:02.596 25453 25679 I art     : Explicit concurrent mark sweep GC freed 3(96B) AllocSpace objects, 0(0B) LOS objects, 35% free, 29MB/45MB, paused 396us total 35.621ms
08-04 11:38:02.608 27805 27805 D ICU     : No timezone override file found: /data/misc/zoneinfo/current/icu/icu_tzdata.dat
08-04 11:38:02.611 25453 25679 I art     : Starting a blocking GC Explicit
08-04 11:38:02.641 27805 27805 I Radio-JNI: register_android_hardware_Radio DONE
08-04 11:38:02.646 25453 25679 I art     : Explicit concurrent mark sweep GC freed 3(96B) AllocSpace objects, 0(0B) LOS objects, 35% free, 29MB/45MB, paused 390us total 35.336ms
08-04 11:38:02.661 25453 25679 I art     : Starting a blocking GC Explicit
08-04 11:38:02.664 27805 27805 D AndroidRuntime: Calling main entry com.android.commands.input.Input
08-04 11:38:02.666 27805 27805 I Input   : injectMotionEvent: MotionEvent { action=ACTION_DOWN, actionButton=0, id[0]=0, x[0]=600.0, y[0]=580.0, toolType[0]=TOOL_TYPE_UNKNOWN, buttonState=0, metaState=0, flags=0x0, edgeFlags=0x0, pointerCount=1, historySize=0, eventTime=704299079, downTime=704299079, deviceId=0, source=0x1002 }
08-04 11:38:02.673 27805 27805 I Input   : injectMotionEvent: MotionEvent { action=ACTION_UP, actionButton=0, id[0]=0, x[0]=600.0, y[0]=580.0, toolType[0]=TOOL_TYPE_UNKNOWN, buttonState=0, metaState=0, flags=0x0, edgeFlags=0x0, pointerCount=1, historySize=0, eventTime=704299079, downTime=704299079, deviceId=0, source=0x1002 }
08-04 11:38:02.675 27805 27805 D AndroidRuntime: Shutting down VM
08-04 11:38:02.691   512  2967 D audio_hw_primary: out_set_parameters: enter: usecase(1: low-latency-playback) kvpairs: routing=2
08-04 11:38:02.691   918  4400 I ActivityManager: START u0 {cmp=baseline.org.quantumbadger.redreader/.activities.WebViewActivity (has extras)} from uid 10666 on display 0
08-04 11:38:02.697 25453 25679 I art     : Explicit concurrent mark sweep GC freed 131(4KB) AllocSpace objects, 0(0B) LOS objects, 35% free, 29MB/45MB, paused 485us total 36.225ms
08-04 11:38:02.704   512  2967 D audio_hw_primary: select_devices: out_snd_device(2: speaker) in_snd_device(0: none)
08-04 11:38:02.704   512  2967 D msm8974_platform: platform_send_audio_calibration: sending audio calibration for snd_device(2) acdb_id(15)
08-04 11:38:02.705   512  2967 I soundtrigger: audio_extn_sound_trigger_update_device_status: device 0x2 of type 0 for Event 1
08-04 11:38:02.714 25453 25453 I AppCompatViewInflater: app:theme is now deprecated. Please move to using android:theme instead.
08-04 11:38:02.715   512  2967 D audio_hw_primary: enable_snd_device: snd_device(2: speaker)
08-04 11:38:02.718   512  2967 D audio_hw_primary: enable_audio_route: apply and update mixer path: low-latency-playback speaker
08-04 11:38:02.731   918  4413 D ConnectivityService: listenForNetwork for Listen from uid/pid:10666/25453 for NetworkRequest [ id=2632, legacyType=-1, [ Capabilities: INTERNET&NOT_RESTRICTED&TRUSTED] ]
08-04 11:38:02.820 13866 13866 I GoogleInputMethodServic: GoogleInputMethodService.onFinishInput():3138 
08-04 11:38:02.820 13866 13866 I GoogleInputMethodServic: GoogleInputMethodService.onStartInput():1808 
08-04 11:38:02.822   918   936 I ActivityManager: Displayed baseline.org.quantumbadger.redreader/.activities.WebViewActivity: +120ms
08-04 11:38:02.961 25453 25679 I art     : Starting a blocking GC Explicit
08-04 11:38:03.008 25453 25679 I art     : Explicit concurrent mark sweep GC freed 5861(310KB) AllocSpace objects, 1(20KB) LOS objects, 35% free, 29MB/45MB, paused 535us total 47.111ms
08-04 11:38:03.024 25453 25679 I art     : Starting a blocking GC Explicit
08-04 11:38:03.053   380   380 W SurfaceFlinger: couldn't log to binary event log: overflow.
08-04 11:38:03.068 25453 25679 I art     : Explicit concurrent mark sweep GC freed 487(27KB) AllocSpace objects, 0(0B) LOS objects, 35% free, 29MB/45MB, paused 415us total 44.514ms
08-04 11:38:03.082 25453 25679 I art     : Starting a blocking GC Explicit
08-04 11:38:03.115 25453 25679 I art     : Explicit concurrent mark sweep GC freed 172(9KB) AllocSpace objects, 0(0B) LOS objects, 35% free, 29MB/45MB, paused 515us total 33.243ms
08-04 11:38:03.131 25453 25679 I art     : Starting a blocking GC Explicit
08-04 11:38:03.165 25453 25679 I art     : Explicit concurrent mark sweep GC freed 577(32KB) AllocSpace objects, 0(0B) LOS objects, 35% free, 29MB/45MB, paused 431us total 33.369ms
08-04 11:38:03.179 25453 25679 I art     : Starting a blocking GC Explicit
08-04 11:38:03.214 25453 25679 I art     : Explicit concurrent mark sweep GC freed 178(9KB) AllocSpace objects, 0(0B) LOS objects, 35% free, 29MB/45MB, paused 454us total 34.882ms
08-04 11:38:03.248   512  2967 D audio_hw_primary: disable_audio_route: reset and update mixer path: low-latency-playback speaker
08-04 11:38:03.249   512  2967 D audio_hw_primary: disable_snd_device: snd_device(2: speaker)
08-04 11:38:03.258   512  2967 I soundtrigger: audio_extn_sound_trigger_update_device_status: device 0x2 of type 0 for Event 0
08-04 11:38:03.564 25453 25476 I art     : Starting a blocking GC Explicit
08-04 11:38:03.607 25453 25476 I art     : Explicit concurrent mark sweep GC freed 1389(83KB) AllocSpace objects, 1(20KB) LOS objects, 35% free, 29MB/45MB, paused 677us total 43.022ms
08-04 11:38:03.625 25453 25476 I art     : Starting a blocking GC Explicit
08-04 11:38:03.676 25453 25476 I art     : Explicit concurrent mark sweep GC freed 30(1024B) AllocSpace objects, 0(0B) LOS objects, 35% free, 29MB/45MB, paused 1.046ms total 50.436ms
08-04 11:38:03.692 25453 25476 I art     : Starting a blocking GC Explicit
08-04 11:38:03.731 25453 25476 I art     : Explicit concurrent mark sweep GC freed 9(288B) AllocSpace objects, 0(0B) LOS objects, 35% free, 29MB/45MB, paused 482us total 38.572ms
08-04 11:38:03.745 25453 25476 I art     : Starting a blocking GC Explicit
08-04 11:38:03.781 25453 25476 I art     : Explicit concurrent mark sweep GC freed 9(288B) AllocSpace objects, 0(0B) LOS objects, 35% free, 29MB/45MB, paused 474us total 35.821ms
08-04 11:38:03.797 25453 25476 I art     : Starting a blocking GC Explicit
08-04 11:38:03.835 25453 25476 I art     : Explicit concurrent mark sweep GC freed 9(288B) AllocSpace objects, 0(0B) LOS objects, 35% free, 29MB/45MB, paused 415us total 37.681ms
08-04 11:38:04.058 25453 25453 I chromium: [INFO:CONSOLE(1)] "
08-04 11:38:04.058 25453 25453 I chromium:                   ,d"=,.,qOp,
08-04 11:38:04.058 25453 25453 I chromium:                  ,7'  ''$(  )
08-04 11:38:04.058 25453 25453 I chromium:                 ,7'      '?q$7'
08-04 11:38:04.058 25453 25453 I chromium:              ..,$$,.
08-04 11:38:04.058 25453 25453 I chromium:    ,.  .,,--***""***--,,.  .,
08-04 11:38:04.058 25453 25453 I chromium:     ,p''              ''q,   
08-04 11:38:04.058 25453 25453 I chromium: :  ,7'                      '7,  :
08-04 11:38:04.058 25453 25453 I chromium:  ' $      ,db,      ,db,      $ '
08-04 11:38:04.058 25453 25453 I chromium:   '$      $$      $$      $'    Using Reddit at work? Work for Reddit.
08-04 11:38:04.058 25453 25453 I chromium:   '$                          $'        https://www.reddit.com/jobs
08-04 11:38:04.058 25453 25453 I chromium:    '$.     .,        ,.     .$'
08-04 11:38:04.058 25453 25453 I chromium:     'b,     ''     ,d'
08-04 11:38:04.058 25453 25453 I chromium:      '?bn,,          ,,nd?'
08-04 11:38:04.058 25453 25453 I chromium:        ,7$ '''' $7,
08-04 11:38:04.058 25453 25453 I chromium:      , $              $ ,
08-04 11:38:04.058 25453 25453 I chromium:      $  :$              $:  $
08-04 11:38:04.058 25453 25453 I chromium:      $   $              $   $
08-04 11:38:04.058 25453 25453 I chromium:      'b  q:            :p  d'
08-04 11:38:04.058 25453 25453 I chromium:       '?$.          .$?'
08-04 11:38:04.058 25453 25453 I chromium:          'b            d'
08-04 11:38:04.058 25453 25453 I chromium:        ,'?,.      .,?',
08-04 11:38:04.058 25453 25453 I chromium:       ==--==--==--==
08-04 11:38:04.058 25453 25453 I chromium: ", source: https://www.redditstatic.com/desktop2x/Chat~Governance~Reddit.2ea93b134a9b2e5b1d9a.js (1)
08-04 11:38:04.175 25453 25465 I art     : Starting a blocking GC Explicit
08-04 11:38:04.214 25453 25465 I art     : Explicit concurrent mark sweep GC freed 1404(86KB) AllocSpace objects, 1(20KB) LOS objects, 35% free, 29MB/45MB, paused 354us total 38.916ms
08-04 11:38:04.229 25453 25465 I art     : Starting a blocking GC Explicit
08-04 11:38:04.268 25453 25465 I art     : Explicit concurrent mark sweep GC freed 26(896B) AllocSpace objects, 0(0B) LOS objects, 35% free, 29MB/45MB, paused 482us total 38.053ms
08-04 11:38:04.282 25453 25465 I art     : Starting a blocking GC Explicit
08-04 11:38:04.322 25453 25465 I art     : Explicit concurrent mark sweep GC freed 9(288B) AllocSpace objects, 0(0B) LOS objects, 35% free, 29MB/45MB, paused 538us total 39.939ms
08-04 11:38:04.336 25453 25465 I art     : Starting a blocking GC Explicit
08-04 11:38:04.375 25453 25465 I art     : Explicit concurrent mark sweep GC freed 11(352B) AllocSpace objects, 0(0B) LOS objects, 35% free, 29MB/45MB, paused 345us total 38.517ms
08-04 11:38:04.392 25453 25465 I art     : Starting a blocking GC Explicit
08-04 11:38:04.431 25453 25465 I art     : Explicit concurrent mark sweep GC freed 17(608B) AllocSpace objects, 0(0B) LOS objects, 35% free, 29MB/45MB, paused 375us total 39.195ms
08-04 11:38:04.513   518   646 I ThermalEngine: ACTION: GPU - Setting GPU[0] to 450000000
08-04 11:38:04.808 25453 25679 I art     : Starting a blocking GC Explicit
08-04 11:38:04.858 25453 25679 I art     : Explicit concurrent mark sweep GC freed 1409(84KB) AllocSpace objects, 1(20KB) LOS objects, 35% free, 29MB/45MB, paused 601us total 48.700ms
08-04 11:38:04.876 25453 25679 I art     : Starting a blocking GC Explicit
08-04 11:38:04.924 25453 25679 I art     : Explicit concurrent mark sweep GC freed 22(768B) AllocSpace objects, 0(0B) LOS objects, 35% free, 29MB/45MB, paused 584us total 47.428ms
08-04 11:38:04.942 25453 25679 I art     : Starting a blocking GC Explicit
08-04 11:38:04.988 25453 25679 I art     : Explicit concurrent mark sweep GC freed 32(2064B) AllocSpace objects, 0(0B) LOS objects, 35% free, 29MB/45MB, paused 531us total 45.524ms
08-04 11:38:05.008 25453 25679 I art     : Starting a blocking GC Explicit
08-04 11:38:05.050 25453 25679 I art     : Explicit concurrent mark sweep GC freed 180(10KB) AllocSpace objects, 0(0B) LOS objects, 35% free, 29MB/45MB, paused 526us total 41.728ms
08-04 11:38:05.067 25453 25679 I art     : Starting a blocking GC Explicit
08-04 11:38:05.110 25453 25679 I art     : Explicit concurrent mark sweep GC freed 8(304B) AllocSpace objects, 0(0B) LOS objects, 35% free, 29MB/45MB, paused 513us total 42.185ms
08-04 11:38:05.449 25453 25465 I art     : Starting a blocking GC Explicit
08-04 11:38:05.492 25453 25465 I art     : Explicit concurrent mark sweep GC freed 1368(85KB) AllocSpace objects, 1(20KB) LOS objects, 35% free, 29MB/45MB, paused 536us total 43.316ms
08-04 11:38:05.511 25453 25465 I art     : Starting a blocking GC Explicit
08-04 11:38:05.557 25453 25465 I art     : Explicit concurrent mark sweep GC freed 20(704B) AllocSpace objects, 0(0B) LOS objects, 35% free, 29MB/45MB, paused 554us total 46.134ms
08-04 11:38:05.575 25453 25465 I art     : Starting a blocking GC Explicit
08-04 11:38:05.622 25453 25465 I art     : Explicit concurrent mark sweep GC freed 3(96B) AllocSpace objects, 0(0B) LOS objects, 35% free, 29MB/45MB, paused 480us total 46.406ms
08-04 11:38:05.641 25453 25465 I art     : Starting a blocking GC Explicit
08-04 11:38:05.691 25453 25465 I art     : Explicit concurrent mark sweep GC freed 3(96B) AllocSpace objects, 0(0B) LOS objects, 35% free, 29MB/45MB, paused 492us total 49.331ms
08-04 11:38:05.710 25453 25465 I art     : Starting a blocking GC Explicit
08-04 11:38:05.763 25453 25465 I art     : Explicit concurrent mark sweep GC freed 3(96B) AllocSpace objects, 0(0B) LOS objects, 35% free, 29MB/45MB, paused 541us total 52.709ms
08-04 11:38:05.961 13866 13882 I PeriodicStatsRunner: PeriodicStatsRunner.call():175 call()
08-04 11:38:05.962 13866 13882 I PeriodicStatsRunner: PeriodicStatsRunner.call():179 No submit PeriodicStats since input started.
08-04 11:38:06.122 25453 25466 I art     : Starting a blocking GC Explicit
08-04 11:38:06.169 25453 25466 I art     : Explicit concurrent mark sweep GC freed 1401(85KB) AllocSpace objects, 1(20KB) LOS objects, 35% free, 29MB/45MB, paused 540us total 46.392ms
08-04 11:38:06.187 25453 25466 I art     : Starting a blocking GC Explicit
08-04 11:38:06.234 25453 25466 I art     : Explicit concurrent mark sweep GC freed 20(704B) AllocSpace objects, 0(0B) LOS objects, 35% free, 29MB/45MB, paused 519us total 46.389ms
08-04 11:38:06.257 25453 25466 I art     : Starting a blocking GC Explicit
08-04 11:38:06.305 25453 25466 I art     : Explicit concurrent mark sweep GC freed 3(96B) AllocSpace objects, 0(0B) LOS objects, 35% free, 29MB/45MB, paused 546us total 47.770ms
08-04 11:38:06.323 25453 25466 I art     : Starting a blocking GC Explicit
08-04 11:38:06.377 25453 25466 I art     : Explicit concurrent mark sweep GC freed 3(96B) AllocSpace objects, 0(0B) LOS objects, 35% free, 29MB/45MB, paused 567us total 53.870ms
08-04 11:38:06.397 25453 25466 I art     : Starting a blocking GC Explicit
08-04 11:38:06.449 25453 25466 I art     : Explicit concurrent mark sweep GC freed 3(96B) AllocSpace objects, 0(0B) LOS objects, 35% free, 29MB/45MB, paused 670us total 52.117ms
08-04 11:38:06.690 20359 20359 I ServiceManager: Waiting for service AtCmdFwd...
08-04 11:38:06.835 25453 25466 I art     : Starting a blocking GC Explicit
08-04 11:38:06.884 25453 25466 I art     : Explicit concurrent mark sweep GC freed 1355(82KB) AllocSpace objects, 1(20KB) LOS objects, 35% free, 29MB/45MB, paused 514us total 49.316ms
08-04 11:38:06.903 25453 25466 I art     : Starting a blocking GC Explicit
08-04 11:38:06.955 25453 25466 I art     : Explicit concurrent mark sweep GC freed 20(704B) AllocSpace objects, 0(0B) LOS objects, 35% free, 29MB/45MB, paused 514us total 51.877ms
08-04 11:38:06.974 25453 25466 I art     : Starting a blocking GC Explicit
08-04 11:38:07.019 25453 25466 I art     : Explicit concurrent mark sweep GC freed 3(96B) AllocSpace objects, 0(0B) LOS objects, 35% free, 29MB/45MB, paused 508us total 45.025ms
08-04 11:38:07.037 25453 25466 I art     : Starting a blocking GC Explicit
08-04 11:38:07.085 25453 25466 I art     : Explicit concurrent mark sweep GC freed 3(96B) AllocSpace objects, 0(0B) LOS objects, 35% free, 29MB/45MB, paused 534us total 46.974ms
08-04 11:38:07.103 25453 25466 I art     : Starting a blocking GC Explicit
08-04 11:38:07.156 25453 25466 I art     : Explicit concurrent mark sweep GC freed 3(96B) AllocSpace objects, 0(0B) LOS objects, 35% free, 29MB/45MB, paused 497us total 53.165ms
08-04 11:38:07.459 27903 27903 D AndroidRuntime: >>>>>> START com.android.internal.os.RuntimeInit uid 2000 <<<<<<
08-04 11:38:07.464 27903 27903 D AndroidRuntime: CheckJNI is OFF
08-04 11:38:07.507 27903 27903 D ICU     : No timezone override file found: /data/misc/zoneinfo/current/icu/icu_tzdata.dat
08-04 11:38:07.508 25453 25466 I art     : Starting a blocking GC Explicit
08-04 11:38:07.551 27903 27903 I Radio-JNI: register_android_hardware_Radio DONE
08-04 11:38:07.560 25453 25466 I art     : Explicit concurrent mark sweep GC freed 1355(82KB) AllocSpace objects, 1(20KB) LOS objects, 35% free, 29MB/45MB, paused 579us total 52.434ms
08-04 11:38:07.579 25453 25466 I art     : Starting a blocking GC Explicit
08-04 11:38:07.582 27903 27903 D AndroidRuntime: Calling main entry com.android.commands.input.Input
08-04 11:38:07.583 27903 27903 I Input   : injectKeyEvent: KeyEvent { action=ACTION_DOWN, keyCode=KEYCODE_BACK, scanCode=0, metaState=0, flags=0x0, repeatCount=0, eventTime=704303996, downTime=704303996, deviceId=-1, source=0x101 }
08-04 11:38:07.588 27903 27903 I Input   : injectKeyEvent: KeyEvent { action=ACTION_UP, keyCode=KEYCODE_BACK, scanCode=0, metaState=0, flags=0x0, repeatCount=0, eventTime=704303996, downTime=704303996, deviceId=-1, source=0x101 }
08-04 11:38:07.594 27903 27903 D AndroidRuntime: Shutting down VM
08-04 11:38:07.622 25453 25466 I art     : Explicit concurrent mark sweep GC freed 153(5KB) AllocSpace objects, 0(0B) LOS objects, 35% free, 29MB/45MB, paused 503us total 42.002ms
08-04 11:38:07.630 13866 13866 I GoogleInputMethodServic: GoogleInputMethodService.onFinishInput():3138 
08-04 11:38:07.631 13866 13866 I GoogleInputMethodServic: GoogleInputMethodService.onStartInput():1808 
08-04 11:38:07.640 25453 25466 I art     : Starting a blocking GC Explicit
08-04 11:38:07.681 25453 25466 I art     : Explicit concurrent mark sweep GC freed 130(4KB) AllocSpace objects, 0(0B) LOS objects, 35% free, 29MB/45MB, paused 522us total 40.946ms
08-04 11:38:07.690 20359 20359 I ServiceManager: Waiting for service AtCmdFwd...
08-04 11:38:07.698 25453 25466 I art     : Starting a blocking GC Explicit
08-04 11:38:07.702 25453 27829 I RedditChangeDataIO: Writing tmp data file at '/data/user/0/baseline.org.quantumbadger.redreader/files/rr_change_data_tmp.dat'
08-04 11:38:07.703 25453 27829 I RedditChangeDataManager: Taking snapshot...
08-04 11:38:07.703 25453 27829 I RedditChangeDataManager: Writing to stream...
08-04 11:38:07.703 25453 27829 I RedditChangeDataManager: Wrote 5 entries for user ''
08-04 11:38:07.703 25453 27829 I RedditChangeDataManager: All entries written to stream.
08-04 11:38:07.703 25453 27829 I RedditChangeDataIO: Write successful. Atomically replacing data file...
08-04 11:38:07.704 25453 27829 I RedditChangeDataIO: Write complete.
08-04 11:38:07.704 25453 27829 I RedditChangeDataIO: 134 bytes written in 2 ms
08-04 11:38:07.738 25453 25466 I art     : Explicit concurrent mark sweep GC freed 92(5KB) AllocSpace objects, 1(68KB) LOS objects, 35% free, 29MB/45MB, paused 505us total 39.798ms
08-04 11:38:07.757 25453 25466 I art     : Starting a blocking GC Explicit
08-04 11:38:07.800 25453 25466 I art     : Explicit concurrent mark sweep GC freed 13(624B) AllocSpace objects, 0(0B) LOS objects, 35% free, 29MB/45MB, paused 442us total 42.668ms
08-04 11:38:07.820 13866 13882 I PeriodicStatsRunner: PeriodicStatsRunner.call():175 call()
08-04 11:38:07.820 13866 13882 I PeriodicStatsRunner: PeriodicStatsRunner.call():179 No submit PeriodicStats since input started.
08-04 11:38:07.942   380   380 W SurfaceFlinger: couldn't log to binary event log: overflow.
08-04 11:38:07.975   918  3263 D ConnectivityService: releasing NetworkRequest NetworkRequest [ id=2632, legacyType=-1, [ Capabilities: INTERNET&NOT_RESTRICTED&TRUSTED] ]
08-04 11:38:08.151 25453 25466 I art     : Starting a blocking GC Explicit
08-04 11:38:08.210 25453 25466 I art     : Explicit concurrent mark sweep GC freed 2234(123KB) AllocSpace objects, 1(20KB) LOS objects, 35% free, 29MB/45MB, paused 660us total 58.802ms
08-04 11:38:08.232 25453 25466 I art     : Starting a blocking GC Explicit
08-04 11:38:08.279 25453 25466 I art     : Explicit concurrent mark sweep GC freed 2114(124KB) AllocSpace objects, 1(28KB) LOS objects, 35% free, 29MB/45MB, paused 526us total 47.109ms
08-04 11:38:08.298 25453 25466 I art     : Starting a blocking GC Explicit
08-04 11:38:08.344 25453 25466 I art     : Explicit concurrent mark sweep GC freed 3(96B) AllocSpace objects, 0(0B) LOS objects, 35% free, 29MB/45MB, paused 515us total 45.738ms
08-04 11:38:08.363 25453 25466 I art     : Starting a blocking GC Explicit
08-04 11:38:08.409 25453 25466 I art     : Explicit concurrent mark sweep GC freed 3(96B) AllocSpace objects, 0(0B) LOS objects, 35% free, 29MB/45MB, paused 526us total 46.446ms
08-04 11:38:08.428 25453 25466 I art     : Starting a blocking GC Explicit
08-04 11:38:08.475 25453 25466 I art     : Explicit concurrent mark sweep GC freed 3(96B) AllocSpace objects, 0(0B) LOS objects, 35% free, 29MB/45MB, paused 515us total 46.003ms
08-04 11:38:08.691 20359 20359 I ServiceManager: Waiting for service AtCmdFwd...
08-04 11:38:08.825 25453 25476 I art     : Starting a blocking GC Explicit
08-04 11:38:08.874 25453 25476 I art     : Explicit concurrent mark sweep GC freed 1354(82KB) AllocSpace objects, 1(20KB) LOS objects, 35% free, 29MB/45MB, paused 531us total 48.344ms
08-04 11:38:08.892 25453 25476 I art     : Starting a blocking GC Explicit
08-04 11:38:08.938 25453 25476 I art     : Explicit concurrent mark sweep GC freed 20(704B) AllocSpace objects, 0(0B) LOS objects, 35% free, 29MB/45MB, paused 606us total 44.880ms
08-04 11:38:08.956 25453 25476 I art     : Starting a blocking GC Explicit
08-04 11:38:09.001 25453 25476 I art     : Explicit concurrent mark sweep GC freed 3(96B) AllocSpace objects, 0(0B) LOS objects, 35% free, 29MB/45MB, paused 518us total 45.213ms
08-04 11:38:09.020 25453 25476 I art     : Starting a blocking GC Explicit
08-04 11:38:09.064 25453 25476 I art     : Explicit concurrent mark sweep GC freed 3(96B) AllocSpace objects, 0(0B) LOS objects, 35% free, 29MB/45MB, paused 504us total 44.169ms
08-04 11:38:09.083 25453 25476 I art     : Starting a blocking GC Explicit
08-04 11:38:09.128 25453 25476 I art     : Explicit concurrent mark sweep GC freed 3(96B) AllocSpace objects, 0(0B) LOS objects, 35% free, 29MB/45MB, paused 534us total 44.845ms
08-04 11:38:09.382 27946 27946 D AndroidRuntime: >>>>>> START com.android.internal.os.RuntimeInit uid 2000 <<<<<<
08-04 11:38:09.388 27946 27946 D AndroidRuntime: CheckJNI is OFF
08-04 11:38:09.430 27946 27946 D ICU     : No timezone override file found: /data/misc/zoneinfo/current/icu/icu_tzdata.dat
08-04 11:38:09.467 25453 25679 I art     : Starting a blocking GC Explicit
08-04 11:38:09.469 27946 27946 I Radio-JNI: register_android_hardware_Radio DONE
08-04 11:38:09.496 27946 27946 D AndroidRuntime: Calling main entry com.android.commands.input.Input
08-04 11:38:09.498 27946 27946 I Input   : injectKeyEvent: KeyEvent { action=ACTION_DOWN, keyCode=KEYCODE_BACK, scanCode=0, metaState=0, flags=0x0, repeatCount=0, eventTime=704305911, downTime=704305911, deviceId=-1, source=0x101 }
08-04 11:38:09.504 27946 27946 I Input   : injectKeyEvent: KeyEvent { action=ACTION_UP, keyCode=KEYCODE_BACK, scanCode=0, metaState=0, flags=0x0, repeatCount=0, eventTime=704305911, downTime=704305911, deviceId=-1, source=0x101 }
08-04 11:38:09.510 27946 27946 D AndroidRuntime: Shutting down VM
08-04 11:38:09.512 25453 25679 I art     : Explicit concurrent mark sweep GC freed 1356(82KB) AllocSpace objects, 1(20KB) LOS objects, 35% free, 29MB/45MB, paused 596us total 45.400ms
08-04 11:38:09.531 25453 25679 I art     : Starting a blocking GC Explicit
08-04 11:38:09.555 13866 13866 I GoogleInputMethodServic: GoogleInputMethodService.onFinishInput():3138 
08-04 11:38:09.555 13866 13866 I GoogleInputMethodServic: GoogleInputMethodService.onStartInput():1808 
08-04 11:38:09.576 25453 25679 I art     : Explicit concurrent mark sweep GC freed 134(4KB) AllocSpace objects, 0(0B) LOS objects, 35% free, 29MB/45MB, paused 611us total 44.794ms
08-04 11:38:09.593 25453 25679 I art     : Starting a blocking GC Explicit
08-04 11:38:09.634 25453 25679 I art     : Explicit concurrent mark sweep GC freed 71(2336B) AllocSpace objects, 0(0B) LOS objects, 35% free, 29MB/45MB, paused 530us total 40.661ms
08-04 11:38:09.651 25453 25679 I art     : Starting a blocking GC Explicit
08-04 11:38:09.691 20359 20359 I ServiceManager: Waiting for service AtCmdFwd...
08-04 11:38:09.693 25453 25679 I art     : Explicit concurrent mark sweep GC freed 3(96B) AllocSpace objects, 0(0B) LOS objects, 35% free, 29MB/45MB, paused 494us total 41.680ms
08-04 11:38:09.712 25453 25679 I art     : Starting a blocking GC Explicit
08-04 11:38:09.767 25453 25679 I art     : Explicit concurrent mark sweep GC freed 3(96B) AllocSpace objects, 0(0B) LOS objects, 35% free, 29MB/45MB, paused 736us total 55.341ms
08-04 11:38:10.088 25453 25465 I art     : Starting a blocking GC Explicit
08-04 11:38:10.150 25453 25465 I art     : Explicit concurrent mark sweep GC freed 1412(84KB) AllocSpace objects, 1(20KB) LOS objects, 35% free, 29MB/45MB, paused 649us total 61.330ms
08-04 11:38:10.171 25453 25465 I art     : Starting a blocking GC Explicit
08-04 11:38:10.219 25453 25465 I art     : Explicit concurrent mark sweep GC freed 150(7KB) AllocSpace objects, 0(0B) LOS objects, 35% free, 29MB/45MB, paused 601us total 47.613ms
08-04 11:38:10.238 25453 25465 I art     : Starting a blocking GC Explicit
08-04 11:38:10.284 25453 25465 I art     : Explicit concurrent mark sweep GC freed 3(96B) AllocSpace objects, 0(0B) LOS objects, 35% free, 29MB/45MB, paused 507us total 45.967ms
08-04 11:38:10.303 25453 25465 I art     : Starting a blocking GC Explicit
08-04 11:38:10.350 25453 25465 I art     : Explicit concurrent mark sweep GC freed 3(96B) AllocSpace objects, 0(0B) LOS objects, 35% free, 29MB/45MB, paused 547us total 47.366ms
08-04 11:38:10.369 25453 25465 I art     : Starting a blocking GC Explicit
08-04 11:38:10.417 25453 25465 I art     : Explicit concurrent mark sweep GC freed 3(96B) AllocSpace objects, 0(0B) LOS objects, 35% free, 29MB/45MB, paused 543us total 47.345ms
08-04 11:38:10.692 20359 20359 I ServiceManager: Waiting for service AtCmdFwd...
08-04 11:38:10.746 25453 25476 I art     : Starting a blocking GC Explicit
08-04 11:38:10.798 25453 25476 I art     : Explicit concurrent mark sweep GC freed 1354(82KB) AllocSpace objects, 1(20KB) LOS objects, 35% free, 29MB/45MB, paused 580us total 52.121ms
08-04 11:38:10.816 25453 25476 I art     : Starting a blocking GC Explicit
08-04 11:38:10.862 25453 25476 I art     : Explicit concurrent mark sweep GC freed 20(704B) AllocSpace objects, 0(0B) LOS objects, 35% free, 29MB/45MB, paused 532us total 45.188ms
08-04 11:38:10.880 25453 25476 I art     : Starting a blocking GC Explicit
08-04 11:38:10.925 25453 25476 I art     : Explicit concurrent mark sweep GC freed 3(96B) AllocSpace objects, 0(0B) LOS objects, 35% free, 29MB/45MB, paused 546us total 45.198ms
08-04 11:38:10.944 25453 25476 I art     : Starting a blocking GC Explicit
08-04 11:38:10.989 25453 25476 I art     : Explicit concurrent mark sweep GC freed 3(96B) AllocSpace objects, 0(0B) LOS objects, 35% free, 29MB/45MB, paused 528us total 45.516ms
08-04 11:38:11.008 25453 25476 I art     : Starting a blocking GC Explicit
08-04 11:38:11.053 25453 25476 I art     : Explicit concurrent mark sweep GC freed 3(96B) AllocSpace objects, 0(0B) LOS objects, 35% free, 29MB/45MB, paused 547us total 45.033ms
08-04 11:38:11.305 27989 27989 D AndroidRuntime: >>>>>> START com.android.internal.os.RuntimeInit uid 2000 <<<<<<
08-04 11:38:11.310 27989 27989 D AndroidRuntime: CheckJNI is OFF
08-04 11:38:11.350 27989 27989 D ICU     : No timezone override file found: /data/misc/zoneinfo/current/icu/icu_tzdata.dat
08-04 11:38:11.387 27989 27989 I Radio-JNI: register_android_hardware_Radio DONE
08-04 11:38:11.389 25453 25476 I art     : Starting a blocking GC Explicit
08-04 11:38:11.417 27989 27989 D AndroidRuntime: Calling main entry com.android.commands.input.Input
08-04 11:38:11.419 27989 27989 I Input   : injectMotionEvent: MotionEvent { action=ACTION_DOWN, actionButton=0, id[0]=0, x[0]=600.0, y[0]=1000.0, toolType[0]=TOOL_TYPE_UNKNOWN, buttonState=0, metaState=0, flags=0x0, edgeFlags=0x0, pointerCount=1, historySize=0, eventTime=704307832, downTime=704307832, deviceId=0, source=0x1002 }
08-04 11:38:11.424 27989 27989 I Input   : injectMotionEvent: MotionEvent { action=ACTION_UP, actionButton=0, id[0]=0, x[0]=600.0, y[0]=1000.0, toolType[0]=TOOL_TYPE_UNKNOWN, buttonState=0, metaState=0, flags=0x0, edgeFlags=0x0, pointerCount=1, historySize=0, eventTime=704307832, downTime=704307832, deviceId=0, source=0x1002 }
08-04 11:38:11.426 27989 27989 D AndroidRuntime: Shutting down VM
08-04 11:38:11.432   918  5132 I ActivityManager: START u0 {dat=https://oauth.reddit.com/... cmp=baseline.org.quantumbadger.redreader/.activities.PostListingActivity} from uid 10666 on display 0
08-04 11:38:11.432   512  2967 D audio_hw_primary: out_set_parameters: enter: usecase(1: low-latency-playback) kvpairs: routing=2
08-04 11:38:11.438 25453 25476 I art     : Explicit concurrent mark sweep GC freed 1406(84KB) AllocSpace objects, 1(20KB) LOS objects, 35% free, 29MB/45MB, paused 638us total 49.444ms
08-04 11:38:11.446   512  2967 D audio_hw_primary: select_devices: out_snd_device(2: speaker) in_snd_device(0: none)
08-04 11:38:11.446   512  2967 D msm8974_platform: platform_send_audio_calibration: sending audio calibration for snd_device(2) acdb_id(15)
08-04 11:38:11.446   512  2967 I soundtrigger: audio_extn_sound_trigger_update_device_status: device 0x2 of type 0 for Event 1
08-04 11:38:11.458   512  2967 D audio_hw_primary: enable_snd_device: snd_device(2: speaker)
08-04 11:38:11.459 25453 25476 I art     : Starting a blocking GC Explicit
08-04 11:38:11.460   512  2967 D audio_hw_primary: enable_audio_route: apply and update mixer path: low-latency-playback speaker
08-04 11:38:11.462 25453 25453 I AppCompatViewInflater: app:theme is now deprecated. Please move to using android:theme instead.
08-04 11:38:11.489 25453 28013 D OK      : calling: https://oauth.reddit.com/r/announcements/about.json
08-04 11:38:11.504 25453 25476 I art     : Explicit concurrent mark sweep GC freed 949(69KB) AllocSpace objects, 0(0B) LOS objects, 35% free, 29MB/45MB, paused 710us total 43.963ms
08-04 11:38:11.522   518   646 I ThermalEngine: ACTION: GPU - Setting GPU[0] to 510000000
08-04 11:38:11.523 25453 25476 I art     : Starting a blocking GC Explicit
08-04 11:38:11.559   918   936 I ActivityManager: Displayed baseline.org.quantumbadger.redreader/.activities.PostListingActivity: +117ms
08-04 11:38:11.559 13866 13866 I GoogleInputMethodServic: GoogleInputMethodService.onFinishInput():3138 
08-04 11:38:11.560 13866 13866 I GoogleInputMethodServic: GoogleInputMethodService.onStartInput():1808 
08-04 11:38:11.565 25453 25476 I art     : Explicit concurrent mark sweep GC freed 955(49KB) AllocSpace objects, 0(0B) LOS objects, 35% free, 29MB/45MB, paused 691us total 42.350ms
08-04 11:38:11.582 25453 25476 I art     : Starting a blocking GC Explicit
08-04 11:38:11.618 25453 25476 I art     : Explicit concurrent mark sweep GC freed 154(8KB) AllocSpace objects, 0(0B) LOS objects, 35% free, 29MB/45MB, paused 438us total 35.788ms
08-04 11:38:11.631 25453 25476 I art     : Starting a blocking GC Explicit
08-04 11:38:11.667 25453 25476 I art     : Explicit concurrent mark sweep GC freed 88(5KB) AllocSpace objects, 0(0B) LOS objects, 35% free, 29MB/45MB, paused 443us total 35.099ms
08-04 11:38:11.692 20359 20359 W Atfwd_Sendcmd: AtCmdFwd service not published, waiting... retryCnt : 3
08-04 11:38:11.813   380   380 W SurfaceFlinger: couldn't log to binary event log: overflow.
08-04 11:38:11.860 25453 28013 I NAPPA_EXPERIMENTATION: MetricNetworkRequestExecutionTime: REQUEST_DURATION_SYSTEM='371',REQUEST_DURATION_OKHTTP='144',REQUEST_SYNCHRONOUS='TRUE',RESPONSE_CODE='200',RESPONSE_METHOD='GET',RESPONSE_LENGTH_OKHTTP='-1',RESPONSE_LENGTH_HEADER='1564',REQUEST_PROTOCOL='h2',REQUEST_URL='https://oauth.reddit.com/r/announcements/about.json',
08-04 11:38:11.860 25453 28013 D OK      : request got status: 200
08-04 11:38:11.937 25453 25679 I art     : Starting a blocking GC Explicit
08-04 11:38:11.976 25453 25679 I art     : Explicit concurrent mark sweep GC freed 4759(310KB) AllocSpace objects, 3(156KB) LOS objects, 35% free, 29MB/45MB, paused 440us total 39.342ms
08-04 11:38:11.991 25453 25679 I art     : Starting a blocking GC Explicit
08-04 11:38:11.999   512  2967 D audio_hw_primary: disable_audio_route: reset and update mixer path: low-latency-playback speaker
08-04 11:38:12.001   512  2967 D audio_hw_primary: disable_snd_device: snd_device(2: speaker)
08-04 11:38:12.008   512  2967 I soundtrigger: audio_extn_sound_trigger_update_device_status: device 0x2 of type 0 for Event 0
08-04 11:38:12.027 25453 25679 I art     : Explicit concurrent mark sweep GC freed 259(12KB) AllocSpace objects, 0(0B) LOS objects, 35% free, 29MB/45MB, paused 511us total 35.819ms
08-04 11:38:12.041 25453 25679 I art     : Starting a blocking GC Explicit
08-04 11:38:12.076 25453 25679 I art     : Explicit concurrent mark sweep GC freed 3(96B) AllocSpace objects, 0(0B) LOS objects, 35% free, 29MB/45MB, paused 433us total 35.307ms
08-04 11:38:12.091 25453 25679 I art     : Starting a blocking GC Explicit
08-04 11:38:12.129 25453 25679 I art     : Explicit concurrent mark sweep GC freed 3(96B) AllocSpace objects, 0(0B) LOS objects, 35% free, 29MB/45MB, paused 442us total 37.963ms
08-04 11:38:12.144 25453 25679 I art     : Starting a blocking GC Explicit
08-04 11:38:12.182 25453 25679 I art     : Explicit concurrent mark sweep GC freed 16(640B) AllocSpace objects, 0(0B) LOS objects, 35% free, 29MB/45MB, paused 523us total 37.777ms
08-04 11:38:12.501 25453 25476 I art     : Starting a blocking GC Explicit
08-04 11:38:12.542 25453 25476 I art     : Explicit concurrent mark sweep GC freed 1400(84KB) AllocSpace objects, 1(20KB) LOS objects, 35% free, 29MB/45MB, paused 473us total 40.634ms
08-04 11:38:12.557 25453 25476 I art     : Starting a blocking GC Explicit
08-04 11:38:12.595 25453 25476 I art     : Explicit concurrent mark sweep GC freed 20(704B) AllocSpace objects, 0(0B) LOS objects, 35% free, 29MB/45MB, paused 460us total 37.984ms
08-04 11:38:12.609 25453 25476 I art     : Starting a blocking GC Explicit
08-04 11:38:12.631 13866 13882 I PeriodicStatsRunner: PeriodicStatsRunner.call():175 call()
08-04 11:38:12.632 13866 13882 I PeriodicStatsRunner: PeriodicStatsRunner.call():179 No submit PeriodicStats since input started.
08-04 11:38:12.647 25453 25476 I art     : Explicit concurrent mark sweep GC freed 3(96B) AllocSpace objects, 0(0B) LOS objects, 35% free, 29MB/45MB, paused 432us total 37.725ms
08-04 11:38:12.662 25453 25476 I art     : Starting a blocking GC Explicit
08-04 11:38:12.689 25453 28037 D OK      : calling: https://oauth.reddit.com/r/announcements/hot/.json
08-04 11:38:12.700 25453 25476 I art     : Explicit concurrent mark sweep GC freed 94(3KB) AllocSpace objects, 0(0B) LOS objects, 35% free, 29MB/45MB, paused 447us total 38.544ms
08-04 11:38:12.714 25453 25476 I art     : Starting a blocking GC Explicit
08-04 11:38:12.752 25453 25476 I art     : Explicit concurrent mark sweep GC freed 10(384B) AllocSpace objects, 0(0B) LOS objects, 35% free, 29MB/45MB, paused 446us total 37.044ms
08-04 11:38:12.868 25453 28037 I NAPPA_EXPERIMENTATION: MetricNetworkRequestExecutionTime: REQUEST_DURATION_SYSTEM='179',REQUEST_DURATION_OKHTTP='172',REQUEST_SYNCHRONOUS='TRUE',RESPONSE_CODE='200',RESPONSE_METHOD='GET',RESPONSE_LENGTH_OKHTTP='-1',RESPONSE_LENGTH_HEADER='142016',REQUEST_PROTOCOL='h2',REQUEST_URL='https://oauth.reddit.com/r/announcements/hot/.json',
08-04 11:38:12.868 25453 28037 D OK      : request got status: 200
08-04 11:38:12.876 25453 26023 I PostListingFragment: Precaching images: OFF
08-04 11:38:12.876 25453 26023 I PostListingFragment: Precaching comments: OFF
08-04 11:38:13.051 25453 25465 I art     : Starting a blocking GC Explicit
08-04 11:38:13.105 25453 25465 I art     : Explicit concurrent mark sweep GC freed 7967(549KB) AllocSpace objects, 12(524KB) LOS objects, 33% free, 32MB/48MB, paused 665us total 53.604ms
08-04 11:38:13.120 25453 25465 I art     : Starting a blocking GC Explicit
08-04 11:38:13.166 25453 25465 I art     : Explicit concurrent mark sweep GC freed 4638(278KB) AllocSpace objects, 9(492KB) LOS objects, 32% free, 33MB/49MB, paused 812us total 46.353ms
08-04 11:38:13.182 25453 25465 I art     : Starting a blocking GC Explicit
08-04 11:38:13.231 25453 25465 I art     : Explicit concurrent mark sweep GC freed 5431(300KB) AllocSpace objects, 5(456KB) LOS objects, 31% free, 34MB/50MB, paused 799us total 48.948ms
08-04 11:38:13.246 25453 25465 I art     : Starting a blocking GC Explicit
08-04 11:38:13.295 25453 25465 I art     : Explicit concurrent mark sweep GC freed 5501(333KB) AllocSpace objects, 10(444KB) LOS objects, 31% free, 34MB/50MB, paused 628us total 48.901ms
08-04 11:38:13.310 25453 25465 I art     : Starting a blocking GC Explicit
08-04 11:38:13.350 25453 25465 I art     : Explicit concurrent mark sweep GC freed 59455(2MB) AllocSpace objects, 9(220KB) LOS objects, 33% free, 31MB/47MB, paused 789us total 39.894ms
08-04 11:38:13.384 25453 25453 W RecyclerView: Cannot call this method in a scroll callback. Scroll callbacks mightbe run during a measure & layout pass where you cannot change theRecyclerView data. Any method call that might change the structureof the RecyclerView or the adapter contents should be postponed tothe next frame.
08-04 11:38:13.384 25453 25453 W RecyclerView: java.lang.IllegalStateException:  androidx.recyclerview.widget.RecyclerView{c2a2aea VFED..... .F....ID 0,0-1440,2140 #7f0900ef app:id/scrollbar_recyclerview_recyclerview}, adapter:baseline.org.quantumbadger.redreader.adapters.GroupedRecyclerViewAdapter@203c1db, layout:androidx.recyclerview.widget.LinearLayoutManager@b0c7478, context:baseline.org.quantumbadger.redreader.activities.PostListingActivity@308ab7b
08-04 11:38:13.384 25453 25453 W RecyclerView: 	at androidx.recyclerview.widget.RecyclerView.assertNotInLayoutOrScroll(RecyclerView.java:3061)
08-04 11:38:13.384 25453 25453 W RecyclerView: 	at androidx.recyclerview.widget.RecyclerView$RecyclerViewDataObserver.onItemRangeInserted(RecyclerView.java:5555)
08-04 11:38:13.384 25453 25453 W RecyclerView: 	at androidx.recyclerview.widget.RecyclerView$AdapterDataObservable.notifyItemRangeInserted(RecyclerView.java:12278)
08-04 11:38:13.384 25453 25453 W RecyclerView: 	at androidx.recyclerview.widget.RecyclerView$Adapter.notifyItemInserted(RecyclerView.java:7464)
08-04 11:38:13.384 25453 25453 W RecyclerView: 	at baseline.org.quantumbadger.redreader.adapters.GroupedRecyclerViewAdapter.updateHiddenStatus(GroupedRecyclerViewAdapter.java:279)
08-04 11:38:13.384 25453 25453 W RecyclerView: 	at baseline.org.quantumbadger.redreader.adapters.RedditListingManager.setLoadingVisible(RedditListingManager.java:125)
08-04 11:38:13.384 25453 25453 W RecyclerView: 	at baseline.org.quantumbadger.redreader.fragments.PostListingFragment.onLoadMoreItemsCheck(PostListingFragment.java:465)
08-04 11:38:13.384 25453 25453 W RecyclerView: 	at baseline.org.quantumbadger.redreader.fragments.PostListingFragment.access$000(PostListingFragment.java:98)
08-04 11:38:13.384 25453 25453 W RecyclerView: 	at baseline.org.quantumbadger.redreader.fragments.PostListingFragment$2.onScrolled(PostListingFragment.java:215)
08-04 11:38:13.384 25453 25453 W RecyclerView: 	at androidx.recyclerview.widget.RecyclerView.dispatchOnScrolled(RecyclerView.java:5173)
08-04 11:38:13.384 25453 25453 W RecyclerView: 	at androidx.recyclerview.widget.RecyclerView.dispatchLayoutStep3(RecyclerView.java:4231)
08-04 11:38:13.384 25453 25453 W RecyclerView: 	at androidx.recyclerview.widget.RecyclerView.dispatchLayout(RecyclerView.java:3862)
08-04 11:38:13.384 25453 25453 W RecyclerView: 	at androidx.recyclerview.widget.RecyclerView.consumePendingUpdateOperations(RecyclerView.java:1897)
08-04 11:38:13.384 25453 25453 W RecyclerView: 	at androidx.recyclerview.widget.RecyclerView$1.run(RecyclerView.java:414)
08-04 11:38:13.384 25453 25453 W RecyclerView: 	at android.view.Choreographer$CallbackRecord.run(Choreographer.java:858)
08-04 11:38:13.384 25453 25453 W RecyclerView: 	at android.view.Choreographer.doCallbacks(Choreographer.java:670)
08-04 11:38:13.384 25453 25453 W RecyclerView: 	at android.view.Choreographer.doFrame(Choreographer.java:603)
08-04 11:38:13.384 25453 25453 W RecyclerView: 	at android.view.Choreographer$FrameDisplayEventReceiver.run(Choreographer.java:844)
08-04 11:38:13.384 25453 25453 W RecyclerView: 	at android.os.Handler.handleCallback(Handler.java:739)
08-04 11:38:13.384 25453 25453 W RecyclerView: 	at android.os.Handler.dispatchMessage(Handler.java:95)
08-04 11:38:13.384 25453 25453 W RecyclerView: 	at android.os.Looper.loop(Looper.java:148)
08-04 11:38:13.384 25453 25453 W RecyclerView: 	at android.app.ActivityThread.main(ActivityThread.java:5417)
08-04 11:38:13.384 25453 25453 W RecyclerView: 	at java.lang.reflect.Method.invoke(Native Method)
08-04 11:38:13.384 25453 25453 W RecyclerView: 	at com.android.internal.os.ZygoteInit$MethodAndArgsCaller.run(ZygoteInit.java:726)
08-04 11:38:13.384 25453 25453 W RecyclerView: 	at com.android.internal.os.ZygoteInit.main(ZygoteInit.java:616)
08-04 11:38:13.687 25453 25679 I art     : Starting a blocking GC Explicit
08-04 11:38:13.731 25453 25679 I art     : Explicit concurrent mark sweep GC freed 3138(231KB) AllocSpace objects, 1(20KB) LOS objects, 33% free, 31MB/47MB, paused 458us total 43.667ms
08-04 11:38:13.745 25453 25679 I art     : Starting a blocking GC Explicit
08-04 11:38:13.786 25453 25679 I art     : Explicit concurrent mark sweep GC freed 157(8KB) AllocSpace objects, 0(0B) LOS objects, 33% free, 31MB/47MB, paused 460us total 40.812ms
08-04 11:38:13.801 25453 25679 I art     : Starting a blocking GC Explicit
08-04 11:38:13.843 25453 25679 I art     : Explicit concurrent mark sweep GC freed 3(96B) AllocSpace objects, 0(0B) LOS objects, 33% free, 31MB/47MB, paused 475us total 41.750ms
08-04 11:38:13.858 25453 25679 I art     : Starting a blocking GC Explicit
08-04 11:38:13.891 25453 28060 D OK      : calling: https://oauth.reddit.com/r/announcements/hot/.json?after=t3_9jf8nh
08-04 11:38:13.901 25453 25679 I art     : Explicit concurrent mark sweep GC freed 101(4KB) AllocSpace objects, 0(0B) LOS objects, 33% free, 31MB/47MB, paused 552us total 41.908ms
08-04 11:38:13.916 25453 25679 I art     : Starting a blocking GC Explicit
08-04 11:38:13.959 25453 25679 I art     : Explicit concurrent mark sweep GC freed 10(384B) AllocSpace objects, 0(0B) LOS objects, 33% free, 31MB/47MB, paused 515us total 42.987ms
08-04 11:38:14.113 25453 28060 I NAPPA_EXPERIMENTATION: MetricNetworkRequestExecutionTime: REQUEST_DURATION_SYSTEM='222',REQUEST_DURATION_OKHTTP='214',REQUEST_SYNCHRONOUS='TRUE',RESPONSE_CODE='200',RESPONSE_METHOD='GET',RESPONSE_LENGTH_OKHTTP='-1',RESPONSE_LENGTH_HEADER='65685',REQUEST_PROTOCOL='h2',REQUEST_URL='https://oauth.reddit.com/r/announcements/hot/.json?after=t3_9jf8nh',
08-04 11:38:14.113 25453 28060 D OK      : request got status: 200
08-04 11:38:14.124 25453 26023 I PostListingFragment: Precaching images: OFF
08-04 11:38:14.124 25453 26023 I PostListingFragment: Precaching comments: OFF
08-04 11:38:14.273 25453 25476 I art     : Starting a blocking GC Explicit
08-04 11:38:14.328 25453 25476 I art     : Explicit concurrent mark sweep GC freed 14316(854KB) AllocSpace objects, 12(724KB) LOS objects, 32% free, 33MB/49MB, paused 651us total 54.480ms
08-04 11:38:14.344 25453 25476 I art     : Starting a blocking GC Explicit
08-04 11:38:14.391 25453 25476 I art     : Explicit concurrent mark sweep GC freed 5492(218KB) AllocSpace objects, 1(68KB) LOS objects, 32% free, 33MB/49MB, paused 574us total 46.767ms
08-04 11:38:14.406 25453 25476 I art     : Starting a blocking GC Explicit
08-04 11:38:14.451 25453 25476 I art     : Explicit concurrent mark sweep GC freed 1798(68KB) AllocSpace objects, 0(0B) LOS objects, 32% free, 33MB/49MB, paused 471us total 44.833ms
08-04 11:38:14.467 25453 25476 I art     : Starting a blocking GC Explicit
08-04 11:38:14.510 25453 25476 I art     : Explicit concurrent mark sweep GC freed 16621(843KB) AllocSpace objects, 6(108KB) LOS objects, 33% free, 32MB/48MB, paused 449us total 43.484ms
08-04 11:38:14.525 25453 25476 I art     : Starting a blocking GC Explicit
08-04 11:38:14.555 13866 13882 I PeriodicStatsRunner: PeriodicStatsRunner.call():175 call()
08-04 11:38:14.556 13866 13882 I PeriodicStatsRunner: PeriodicStatsRunner.call():179 No submit PeriodicStats since input started.
08-04 11:38:14.567 25453 25476 I art     : Explicit concurrent mark sweep GC freed 9(352B) AllocSpace objects, 0(0B) LOS objects, 33% free, 32MB/48MB, paused 534us total 41.596ms
08-04 11:38:14.568 25453 25464 I art     : WaitForGcToComplete blocked for 41.887ms for cause HeapTrim
08-04 11:38:14.918 25453 25466 I art     : Starting a blocking GC Explicit
08-04 11:38:14.972 25453 25466 I art     : Explicit concurrent mark sweep GC freed 1355(82KB) AllocSpace objects, 1(20KB) LOS objects, 33% free, 32MB/48MB, paused 538us total 53.425ms
08-04 11:38:14.989 25453 25466 I art     : Starting a blocking GC Explicit
08-04 11:38:15.033 25453 25466 I art     : Explicit concurrent mark sweep GC freed 20(704B) AllocSpace objects, 0(0B) LOS objects, 33% free, 32MB/48MB, paused 463us total 42.992ms
08-04 11:38:15.048 25453 25466 I art     : Starting a blocking GC Explicit
08-04 11:38:15.091 25453 25466 I art     : Explicit concurrent mark sweep GC freed 3(96B) AllocSpace objects, 0(0B) LOS objects, 33% free, 32MB/48MB, paused 453us total 42.611ms
08-04 11:38:15.106 25453 25466 I art     : Starting a blocking GC Explicit
08-04 11:38:15.149 25453 25466 I art     : Explicit concurrent mark sweep GC freed 3(96B) AllocSpace objects, 0(0B) LOS objects, 33% free, 32MB/48MB, paused 511us total 42.594ms
08-04 11:38:15.164 25453 25466 I art     : Starting a blocking GC Explicit
08-04 11:38:15.207 25453 25466 I art     : Explicit concurrent mark sweep GC freed 3(96B) AllocSpace objects, 0(0B) LOS objects, 33% free, 32MB/48MB, paused 548us total 42.495ms
08-04 11:38:15.553 25453 25465 I art     : Starting a blocking GC Explicit
08-04 11:38:15.616 25453 25465 I art     : Explicit concurrent mark sweep GC freed 1355(83KB) AllocSpace objects, 1(20KB) LOS objects, 33% free, 32MB/48MB, paused 553us total 62.607ms
08-04 11:38:15.634 25453 25465 I art     : Starting a blocking GC Explicit
08-04 11:38:15.676 25453 25465 I art     : Explicit concurrent mark sweep GC freed 20(704B) AllocSpace objects, 0(0B) LOS objects, 33% free, 32MB/48MB, paused 481us total 41.197ms
08-04 11:38:15.691 25453 25465 I art     : Starting a blocking GC Explicit
08-04 11:38:15.732 25453 25465 I art     : Explicit concurrent mark sweep GC freed 16(688B) AllocSpace objects, 0(0B) LOS objects, 33% free, 32MB/48MB, paused 442us total 41.527ms
08-04 11:38:15.748 25453 25465 I art     : Starting a blocking GC Explicit
08-04 11:38:15.789 25453 25465 I art     : Explicit concurrent mark sweep GC freed 14(512B) AllocSpace objects, 0(0B) LOS objects, 33% free, 32MB/48MB, paused 435us total 41.300ms
08-04 11:38:15.804 25453 25465 I art     : Starting a blocking GC Explicit
08-04 11:38:15.847 25453 25465 I art     : Explicit concurrent mark sweep GC freed 3(96B) AllocSpace objects, 0(0B) LOS objects, 33% free, 32MB/48MB, paused 529us total 42.687ms
08-04 11:38:16.222 25453 25679 I art     : Starting a blocking GC Explicit
08-04 11:38:16.263 25453 25679 I art     : Explicit concurrent mark sweep GC freed 1356(83KB) AllocSpace objects, 1(20KB) LOS objects, 33% free, 32MB/48MB, paused 425us total 40.499ms
08-04 11:38:16.278 25453 25679 I art     : Starting a blocking GC Explicit
08-04 11:38:16.318 25453 25679 I art     : Explicit concurrent mark sweep GC freed 20(704B) AllocSpace objects, 0(0B) LOS objects, 33% free, 32MB/48MB, paused 441us total 40.382ms
08-04 11:38:16.333 25453 25679 I art     : Starting a blocking GC Explicit
08-04 11:38:16.375 25453 25679 I art     : Explicit concurrent mark sweep GC freed 3(96B) AllocSpace objects, 0(0B) LOS objects, 33% free, 32MB/48MB, paused 429us total 41.665ms
08-04 11:38:16.390 25453 25679 I art     : Starting a blocking GC Explicit
08-04 11:38:16.432 25453 25679 I art     : Explicit concurrent mark sweep GC freed 3(96B) AllocSpace objects, 0(0B) LOS objects, 33% free, 32MB/48MB, paused 442us total 42.142ms
08-04 11:38:16.448 25453 25679 I art     : Starting a blocking GC Explicit
08-04 11:38:16.490 25453 25679 I art     : Explicit concurrent mark sweep GC freed 3(96B) AllocSpace objects, 0(0B) LOS objects, 33% free, 32MB/48MB, paused 441us total 41.537ms
08-04 11:38:16.561 13866 13882 I PeriodicStatsRunner: PeriodicStatsRunner.call():175 call()
08-04 11:38:16.561 13866 13882 I PeriodicStatsRunner: PeriodicStatsRunner.call():179 No submit PeriodicStats since input started.
08-04 11:38:16.820 25453 25476 I art     : Starting a blocking GC Explicit
08-04 11:38:16.860 25453 25476 I art     : Explicit concurrent mark sweep GC freed 1354(82KB) AllocSpace objects, 1(20KB) LOS objects, 33% free, 32MB/48MB, paused 409us total 38.755ms
08-04 11:38:16.874 25453 25476 I art     : Starting a blocking GC Explicit
08-04 11:38:16.913 25453 25476 I art     : Explicit concurrent mark sweep GC freed 20(704B) AllocSpace objects, 0(0B) LOS objects, 33% free, 32MB/48MB, paused 389us total 38.882ms
08-04 11:38:16.927 25453 25476 I art     : Starting a blocking GC Explicit
08-04 11:38:16.967 25453 25476 I art     : Explicit concurrent mark sweep GC freed 3(96B) AllocSpace objects, 0(0B) LOS objects, 33% free, 32MB/48MB, paused 413us total 39.416ms
08-04 11:38:16.981 25453 25476 I art     : Starting a blocking GC Explicit
08-04 11:38:17.021 25453 25476 I art     : Explicit concurrent mark sweep GC freed 3(96B) AllocSpace objects, 0(0B) LOS objects, 33% free, 32MB/48MB, paused 403us total 39.756ms
08-04 11:38:17.036 25453 25476 I art     : Starting a blocking GC Explicit
08-04 11:38:17.077 25453 25476 I art     : Explicit concurrent mark sweep GC freed 3(96B) AllocSpace objects, 0(0B) LOS objects, 33% free, 32MB/48MB, paused 406us total 40.426ms
08-04 11:38:17.119 28103 28103 D AndroidRuntime: >>>>>> START com.android.internal.os.RuntimeInit uid 2000 <<<<<<
08-04 11:38:17.124 28103 28103 D AndroidRuntime: CheckJNI is OFF
08-04 11:38:17.158 28103 28103 D ICU     : No timezone override file found: /data/misc/zoneinfo/current/icu/icu_tzdata.dat
08-04 11:38:17.192 28103 28103 I Radio-JNI: register_android_hardware_Radio DONE
08-04 11:38:17.214 28103 28103 D AndroidRuntime: Calling main entry com.android.commands.input.Input
08-04 11:38:17.216 28103 28103 I Input   : injectMotionEvent: MotionEvent { action=ACTION_DOWN, actionButton=0, id[0]=0, x[0]=600.0, y[0]=580.0, toolType[0]=TOOL_TYPE_UNKNOWN, buttonState=0, metaState=0, flags=0x0, edgeFlags=0x0, pointerCount=1, historySize=0, eventTime=704313629, downTime=704313629, deviceId=0, source=0x1002 }
08-04 11:38:17.222 28103 28103 I Input   : injectMotionEvent: MotionEvent { action=ACTION_UP, actionButton=0, id[0]=0, x[0]=600.0, y[0]=580.0, toolType[0]=TOOL_TYPE_UNKNOWN, buttonState=0, metaState=0, flags=0x0, edgeFlags=0x0, pointerCount=1, historySize=0, eventTime=704313629, downTime=704313629, deviceId=0, source=0x1002 }
08-04 11:38:17.225 28103 28103 D AndroidRuntime: Shutting down VM
08-04 11:38:17.240   918  5952 I ActivityManager: START u0 {cmp=baseline.org.quantumbadger.redreader/.activities.WebViewActivity (has extras)} from uid 10666 on display 0
08-04 11:38:17.240   512  2967 D audio_hw_primary: out_set_parameters: enter: usecase(1: low-latency-playback) kvpairs: routing=2
08-04 11:38:17.254   512  2967 D audio_hw_primary: select_devices: out_snd_device(2: speaker) in_snd_device(0: none)
08-04 11:38:17.254   512  2967 D msm8974_platform: platform_send_audio_calibration: sending audio calibration for snd_device(2) acdb_id(15)
08-04 11:38:17.254   512  2967 I soundtrigger: audio_extn_sound_trigger_update_device_status: device 0x2 of type 0 for Event 1
08-04 11:38:17.267   512  2967 D audio_hw_primary: enable_snd_device: snd_device(2: speaker)
08-04 11:38:17.267 25453 25453 I AppCompatViewInflater: app:theme is now deprecated. Please move to using android:theme instead.
08-04 11:38:17.269   512  2967 D audio_hw_primary: enable_audio_route: apply and update mixer path: low-latency-playback speaker
08-04 11:38:17.284   918  6110 D ConnectivityService: listenForNetwork for Listen from uid/pid:10666/25453 for NetworkRequest [ id=2633, legacyType=-1, [ Capabilities: INTERNET&NOT_RESTRICTED&TRUSTED] ]
08-04 11:38:17.369 25453 25476 I art     : Starting a blocking GC Explicit
08-04 11:38:17.401   918   936 I ActivityManager: Displayed baseline.org.quantumbadger.redreader/.activities.WebViewActivity: +153ms
08-04 11:38:17.402 13866 13866 I GoogleInputMethodServic: GoogleInputMethodService.onFinishInput():3138 
08-04 11:38:17.403 13866 13866 I GoogleInputMethodServic: GoogleInputMethodService.onStartInput():1808 
08-04 11:38:17.411 25453 25476 I art     : Explicit concurrent mark sweep GC freed 5896(310KB) AllocSpace objects, 1(20KB) LOS objects, 33% free, 32MB/48MB, paused 588us total 41.422ms
08-04 11:38:17.429 25453 25476 I art     : Starting a blocking GC Explicit
08-04 11:38:17.465 25453 25476 I art     : Explicit concurrent mark sweep GC freed 7281(828KB) AllocSpace objects, 17(2MB) LOS objects, 35% free, 29MB/45MB, paused 361us total 36.051ms
08-04 11:38:17.479 25453 25476 I art     : Starting a blocking GC Explicit
08-04 11:38:17.512 25453 25476 I art     : Explicit concurrent mark sweep GC freed 34(1328B) AllocSpace objects, 0(0B) LOS objects, 35% free, 29MB/45MB, paused 352us total 32.775ms
08-04 11:38:17.526 25453 25476 I art     : Starting a blocking GC Explicit
08-04 11:38:17.563 25453 25476 I art     : Explicit concurrent mark sweep GC freed 7(240B) AllocSpace objects, 0(0B) LOS objects, 35% free, 29MB/45MB, paused 375us total 37.168ms
08-04 11:38:17.580 25453 25476 I art     : Starting a blocking GC Explicit
08-04 11:38:17.622 25453 25476 I art     : Explicit concurrent mark sweep GC freed 95(5KB) AllocSpace objects, 0(0B) LOS objects, 35% free, 29MB/45MB, paused 1.636ms total 42.113ms
08-04 11:38:17.653   380   380 W SurfaceFlinger: couldn't log to binary event log: overflow.
08-04 11:38:17.738   918  3188 I hubconnection: sensorhub said: 'set_bias 3: -6.2400, 0.0000, 0.0000'
08-04 11:38:17.809   512  2967 D audio_hw_primary: disable_audio_route: reset and update mixer path: low-latency-playback speaker
08-04 11:38:17.811   512  2967 D audio_hw_primary: disable_snd_device: snd_device(2: speaker)
08-04 11:38:17.819   512  2967 I soundtrigger: audio_extn_sound_trigger_update_device_status: device 0x2 of type 0 for Event 0
08-04 11:38:17.915 25453 28042 I RedditChangeDataIO: Writing tmp data file at '/data/user/0/baseline.org.quantumbadger.redreader/files/rr_change_data_tmp.dat'
08-04 11:38:17.916 25453 28042 I RedditChangeDataManager: Taking snapshot...
08-04 11:38:17.916 25453 28042 I RedditChangeDataManager: Writing to stream...
08-04 11:38:17.916 25453 28042 I RedditChangeDataManager: Wrote 5 entries for user ''
08-04 11:38:17.916 25453 28042 I RedditChangeDataManager: All entries written to stream.
08-04 11:38:17.916 25453 28042 I RedditChangeDataIO: Write successful. Atomically replacing data file...
08-04 11:38:17.917 25453 28042 I RedditChangeDataIO: Write complete.
08-04 11:38:17.917 25453 28042 I RedditChangeDataIO: 134 bytes written in 2 ms
08-04 11:38:17.934 25453 25465 I art     : Starting a blocking GC Explicit
08-04 11:38:17.984 25453 25465 I art     : Explicit concurrent mark sweep GC freed 2289(134KB) AllocSpace objects, 2(88KB) LOS objects, 35% free, 29MB/45MB, paused 457us total 49.997ms
08-04 11:38:17.999 25453 25465 I art     : Starting a blocking GC Explicit
08-04 11:38:18.038 25453 25465 I art     : Explicit concurrent mark sweep GC freed 29(992B) AllocSpace objects, 0(0B) LOS objects, 35% free, 29MB/45MB, paused 496us total 39.109ms
08-04 11:38:18.054 25453 25465 I art     : Starting a blocking GC Explicit
08-04 11:38:18.094 25453 25465 I art     : Explicit concurrent mark sweep GC freed 11(352B) AllocSpace objects, 0(0B) LOS objects, 35% free, 29MB/45MB, paused 360us total 40.109ms
08-04 11:38:18.111 25453 25465 I art     : Starting a blocking GC Explicit
08-04 11:38:18.157 25453 25465 I art     : Explicit concurrent mark sweep GC freed 11(352B) AllocSpace objects, 0(0B) LOS objects, 35% free, 29MB/45MB, paused 649us total 46.445ms
08-04 11:38:18.174 25453 25465 I art     : Starting a blocking GC Explicit
08-04 11:38:18.223 25453 25465 I art     : Explicit concurrent mark sweep GC freed 10(320B) AllocSpace objects, 0(0B) LOS objects, 35% free, 29MB/45MB, paused 593us total 48.839ms
08-04 11:38:18.399 25453 25453 I chromium: [INFO:CONSOLE(1)] "
08-04 11:38:18.399 25453 25453 I chromium:                   ,d"=,.,qOp,
08-04 11:38:18.399 25453 25453 I chromium:                  ,7'  ''$(  )
08-04 11:38:18.399 25453 25453 I chromium:                 ,7'      '?q$7'
08-04 11:38:18.399 25453 25453 I chromium:              ..,$$,.
08-04 11:38:18.399 25453 25453 I chromium:    ,.  .,,--***""***--,,.  .,
08-04 11:38:18.399 25453 25453 I chromium:     ,p''              ''q,   
08-04 11:38:18.399 25453 25453 I chromium: :  ,7'                      '7,  :
08-04 11:38:18.399 25453 25453 I chromium:  ' $      ,db,      ,db,      $ '
08-04 11:38:18.399 25453 25453 I chromium:   '$      $$      $$      $'    Using Reddit at work? Work for Reddit.
08-04 11:38:18.399 25453 25453 I chromium:   '$                          $'        https://www.reddit.com/jobs
08-04 11:38:18.399 25453 25453 I chromium:    '$.     .,        ,.     .$'
08-04 11:38:18.399 25453 25453 I chromium:     'b,     ''     ,d'
08-04 11:38:18.399 25453 25453 I chromium:      '?bn,,          ,,nd?'
08-04 11:38:18.399 25453 25453 I chromium:        ,7$ '''' $7,
08-04 11:38:18.399 25453 25453 I chromium:      , $              $ ,
08-04 11:38:18.399 25453 25453 I chromium:      $  :$              $:  $
08-04 11:38:18.399 25453 25453 I chromium:      $   $              $   $
08-04 11:38:18.399 25453 25453 I chromium:      'b  q:            :p  d'
08-04 11:38:18.399 25453 25453 I chromium:       '?$.          .$?'
08-04 11:38:18.399 25453 25453 I chromium:          'b            d'
08-04 11:38:18.399 25453 25453 I chromium:        ,'?,.      .,?',
08-04 11:38:18.399 25453 25453 I chromium:       ==--==--==--==
08-04 11:38:18.399 25453 25453 I chromium: ", source: https://www.redditstatic.com/desktop2x/Chat~Governance~Reddit.2ea93b134a9b2e5b1d9a.js (1)
08-04 11:38:18.568 25453 25465 I art     : Starting a blocking GC Explicit
08-04 11:38:18.615 25453 25465 I art     : Explicit concurrent mark sweep GC freed 1415(86KB) AllocSpace objects, 1(20KB) LOS objects, 35% free, 29MB/45MB, paused 590us total 46.011ms
08-04 11:38:18.633 25453 25465 I art     : Starting a blocking GC Explicit
08-04 11:38:18.673 25453 25465 I art     : Explicit concurrent mark sweep GC freed 30(1024B) AllocSpace objects, 0(0B) LOS objects, 35% free, 29MB/45MB, paused 364us total 39.994ms
08-04 11:38:18.691 25453 25465 I art     : Starting a blocking GC Explicit
08-04 11:38:18.737 25453 25465 I art     : Explicit concurrent mark sweep GC freed 9(288B) AllocSpace objects, 0(0B) LOS objects, 35% free, 29MB/45MB, paused 502us total 45.740ms
08-04 11:38:18.754 25453 25465 I art     : Starting a blocking GC Explicit
08-04 11:38:18.799 25453 25465 I art     : Explicit concurrent mark sweep GC freed 11(352B) AllocSpace objects, 0(0B) LOS objects, 35% free, 29MB/45MB, paused 519us total 44.493ms
08-04 11:38:18.817 25453 25465 I art     : Starting a blocking GC Explicit
08-04 11:38:18.865 25453 25465 I art     : Explicit concurrent mark sweep GC freed 11(352B) AllocSpace objects, 0(0B) LOS objects, 35% free, 29MB/45MB, paused 439us total 47.572ms
08-04 11:38:19.112 25453 25453 E chromium: [ERROR:page_load_metrics_update_dispatcher.cc(165)] Invalid first_paint 0.535 s for first_image_paint 0.507 s
08-04 11:38:19.212 25453 25679 I art     : Starting a blocking GC Explicit
08-04 11:38:19.251 25453 25679 I art     : Explicit concurrent mark sweep GC freed 1637(97KB) AllocSpace objects, 1(20KB) LOS objects, 35% free, 29MB/45MB, paused 398us total 39.451ms
08-04 11:38:19.265 25453 25679 I art     : Starting a blocking GC Explicit
08-04 11:38:19.302 25453 25679 I art     : Explicit concurrent mark sweep GC freed 295(44KB) AllocSpace objects, 0(0B) LOS objects, 35% free, 29MB/45MB, paused 405us total 36.701ms
08-04 11:38:19.323 25453 25679 I art     : Starting a blocking GC Explicit
08-04 11:38:19.360 25453 25679 I art     : Explicit concurrent mark sweep GC freed 68(2272B) AllocSpace objects, 0(0B) LOS objects, 35% free, 29MB/45MB, paused 368us total 36.734ms
08-04 11:38:19.374 25453 25679 I art     : Starting a blocking GC Explicit
08-04 11:38:19.419 25453 25679 I art     : Explicit concurrent mark sweep GC freed 3(96B) AllocSpace objects, 0(0B) LOS objects, 35% free, 29MB/45MB, paused 438us total 44.702ms
08-04 11:38:19.433 25453 25679 I art     : Starting a blocking GC Explicit
08-04 11:38:19.470 25453 25679 I art     : Explicit concurrent mark sweep GC freed 3(96B) AllocSpace objects, 0(0B) LOS objects, 35% free, 29MB/45MB, paused 368us total 36.955ms
08-04 11:38:19.536   518   646 I ThermalEngine: ACTION: GPU - Setting GPU[0] to 450000000
08-04 11:38:19.856 25453 25465 I art     : Starting a blocking GC Explicit
08-04 11:38:19.903 25453 25465 I art     : Explicit concurrent mark sweep GC freed 1370(85KB) AllocSpace objects, 1(20KB) LOS objects, 35% free, 29MB/45MB, paused 524us total 46.525ms
08-04 11:38:19.928 25453 25465 I art     : Starting a blocking GC Explicit
08-04 11:38:19.972 25453 25465 I art     : Explicit concurrent mark sweep GC freed 20(704B) AllocSpace objects, 0(0B) LOS objects, 35% free, 29MB/45MB, paused 428us total 43.444ms
08-04 11:38:19.991 25453 25465 I art     : Starting a blocking GC Explicit
08-04 11:38:20.036 25453 25465 I art     : Explicit concurrent mark sweep GC freed 49(2656B) AllocSpace objects, 0(0B) LOS objects, 35% free, 29MB/45MB, paused 460us total 45.111ms
08-04 11:38:20.054 25453 25465 I art     : Starting a blocking GC Explicit
08-04 11:38:20.094 25453 25465 I art     : Explicit concurrent mark sweep GC freed 3(96B) AllocSpace objects, 0(0B) LOS objects, 35% free, 29MB/45MB, paused 425us total 40.044ms
08-04 11:38:20.117 25453 25465 I art     : Starting a blocking GC Explicit
08-04 11:38:20.129 25453 25453 E chromium: [ERROR:page_load_metrics_update_dispatcher.cc(165)] Invalid first_paint 0.535 s for first_image_paint 0.507 s
08-04 11:38:20.162 25453 25465 I art     : Explicit concurrent mark sweep GC freed 3(96B) AllocSpace objects, 0(0B) LOS objects, 35% free, 29MB/45MB, paused 481us total 45.027ms
08-04 11:38:20.561 25453 25466 I art     : Starting a blocking GC Explicit
08-04 11:38:20.612 25453 25466 I art     : Explicit concurrent mark sweep GC freed 1357(82KB) AllocSpace objects, 1(20KB) LOS objects, 35% free, 29MB/45MB, paused 613us total 50.674ms
08-04 11:38:20.637 25453 25466 I art     : Starting a blocking GC Explicit
08-04 11:38:20.687 25453 25466 I art     : Explicit concurrent mark sweep GC freed 20(704B) AllocSpace objects, 0(0B) LOS objects, 35% free, 29MB/45MB, paused 479us total 49.111ms
08-04 11:38:20.706 25453 25466 I art     : Starting a blocking GC Explicit
08-04 11:38:20.758 25453 25466 I art     : Explicit concurrent mark sweep GC freed 3(96B) AllocSpace objects, 0(0B) LOS objects, 35% free, 29MB/45MB, paused 520us total 52.256ms
08-04 11:38:20.777 25453 25466 I art     : Starting a blocking GC Explicit
08-04 11:38:20.830 25453 25466 I art     : Explicit concurrent mark sweep GC freed 3(96B) AllocSpace objects, 0(0B) LOS objects, 35% free, 29MB/45MB, paused 454us total 52.282ms
08-04 11:38:20.849 25453 25466 I art     : Starting a blocking GC Explicit
08-04 11:38:20.898 25453 25466 I art     : Explicit concurrent mark sweep GC freed 3(96B) AllocSpace objects, 0(0B) LOS objects, 35% free, 29MB/45MB, paused 601us total 48.743ms
08-04 11:38:21.288 25453 25465 I art     : Starting a blocking GC Explicit
08-04 11:38:21.343 25453 25465 I art     : Explicit concurrent mark sweep GC freed 1357(82KB) AllocSpace objects, 1(20KB) LOS objects, 35% free, 29MB/45MB, paused 449us total 54.658ms
08-04 11:38:21.362 25453 25465 I art     : Starting a blocking GC Explicit
08-04 11:38:21.412 25453 25465 I art     : Explicit concurrent mark sweep GC freed 20(704B) AllocSpace objects, 0(0B) LOS objects, 35% free, 29MB/45MB, paused 701us total 49.785ms
08-04 11:38:21.438 25453 25465 I art     : Starting a blocking GC Explicit
08-04 11:38:21.490 25453 25465 I art     : Explicit concurrent mark sweep GC freed 3(96B) AllocSpace objects, 0(0B) LOS objects, 35% free, 29MB/45MB, paused 504us total 51.184ms
08-04 11:38:21.511 25453 25465 I art     : Starting a blocking GC Explicit
08-04 11:38:21.555 25453 25465 I art     : Explicit concurrent mark sweep GC freed 3(96B) AllocSpace objects, 0(0B) LOS objects, 35% free, 29MB/45MB, paused 448us total 43.744ms
08-04 11:38:21.574 25453 25465 I art     : Starting a blocking GC Explicit
08-04 11:38:21.647 25453 25465 I art     : Explicit concurrent mark sweep GC freed 3(96B) AllocSpace objects, 0(0B) LOS objects, 35% free, 29MB/45MB, paused 442us total 73.489ms
08-04 11:38:21.996 28199 28199 D AndroidRuntime: >>>>>> START com.android.internal.os.RuntimeInit uid 2000 <<<<<<
08-04 11:38:22.002 25453 25465 I art     : Starting a blocking GC Explicit
08-04 11:38:22.003 28199 28199 D AndroidRuntime: CheckJNI is OFF
08-04 11:38:22.054 28199 28199 D ICU     : No timezone override file found: /data/misc/zoneinfo/current/icu/icu_tzdata.dat
08-04 11:38:22.060 25453 25465 I art     : Explicit concurrent mark sweep GC freed 1357(82KB) AllocSpace objects, 1(20KB) LOS objects, 35% free, 29MB/45MB, paused 428us total 58.245ms
08-04 11:38:22.080 25453 25465 I art     : Starting a blocking GC Explicit
08-04 11:38:22.096 28199 28199 I Radio-JNI: register_android_hardware_Radio DONE
08-04 11:38:22.128 28199 28199 D AndroidRuntime: Calling main entry com.android.commands.input.Input
08-04 11:38:22.129 25453 25465 I art     : Explicit concurrent mark sweep GC freed 20(704B) AllocSpace objects, 0(0B) LOS objects, 35% free, 29MB/45MB, paused 470us total 48.869ms
08-04 11:38:22.130 28199 28199 I Input   : injectKeyEvent: KeyEvent { action=ACTION_DOWN, keyCode=KEYCODE_BACK, scanCode=0, metaState=0, flags=0x0, repeatCount=0, eventTime=704318543, downTime=704318543, deviceId=-1, source=0x101 }
08-04 11:38:22.136 28199 28199 I Input   : injectKeyEvent: KeyEvent { action=ACTION_UP, keyCode=KEYCODE_BACK, scanCode=0, metaState=0, flags=0x0, repeatCount=0, eventTime=704318543, downTime=704318543, deviceId=-1, source=0x101 }
08-04 11:38:22.142 28199 28199 D AndroidRuntime: Shutting down VM
08-04 11:38:22.178 25453 25465 I art     : Starting a blocking GC Explicit
08-04 11:38:22.195 13866 13866 I GoogleInputMethodServic: GoogleInputMethodService.onFinishInput():3138 
08-04 11:38:22.197 13866 13866 I GoogleInputMethodServic: GoogleInputMethodService.onStartInput():1808 
08-04 11:38:22.225 25453 25465 I art     : Explicit concurrent mark sweep GC freed 239(8KB) AllocSpace objects, 0(0B) LOS objects, 35% free, 29MB/45MB, paused 458us total 47.013ms
08-04 11:38:22.244 25453 25465 I art     : Starting a blocking GC Explicit
08-04 11:38:22.284 25453 25465 I art     : Explicit concurrent mark sweep GC freed 37(1216B) AllocSpace objects, 0(0B) LOS objects, 35% free, 29MB/45MB, paused 432us total 39.701ms
08-04 11:38:22.302 25453 25465 I art     : Starting a blocking GC Explicit
08-04 11:38:22.349 25453 25465 I art     : Explicit concurrent mark sweep GC freed 3(96B) AllocSpace objects, 0(0B) LOS objects, 35% free, 29MB/45MB, paused 540us total 45.901ms
08-04 11:38:22.403 13866 13882 I PeriodicStatsRunner: PeriodicStatsRunner.call():175 call()
08-04 11:38:22.403 13866 13882 I PeriodicStatsRunner: PeriodicStatsRunner.call():179 No submit PeriodicStats since input started.
08-04 11:38:22.525   380   380 W SurfaceFlinger: couldn't log to binary event log: overflow.
08-04 11:38:22.565   918  3263 D ConnectivityService: releasing NetworkRequest NetworkRequest [ id=2633, legacyType=-1, [ Capabilities: INTERNET&NOT_RESTRICTED&TRUSTED] ]
08-04 11:38:22.709 25453 25679 I art     : Starting a blocking GC Explicit
08-04 11:38:22.752 25453 25679 I art     : Explicit concurrent mark sweep GC freed 2281(126KB) AllocSpace objects, 1(20KB) LOS objects, 35% free, 29MB/45MB, paused 471us total 42.340ms
08-04 11:38:22.770 25453 25679 I art     : Starting a blocking GC Explicit
08-04 11:38:22.811 25453 25679 I art     : Explicit concurrent mark sweep GC freed 2114(124KB) AllocSpace objects, 1(28KB) LOS objects, 35% free, 29MB/45MB, paused 452us total 41.006ms
08-04 11:38:22.828 25453 25679 I art     : Starting a blocking GC Explicit
08-04 11:38:22.870 25453 25679 I art     : Explicit concurrent mark sweep GC freed 3(96B) AllocSpace objects, 0(0B) LOS objects, 35% free, 29MB/45MB, paused 456us total 41.669ms
08-04 11:38:22.888 25453 25679 I art     : Starting a blocking GC Explicit
08-04 11:38:22.930 25453 25679 I art     : Explicit concurrent mark sweep GC freed 3(96B) AllocSpace objects, 0(0B) LOS objects, 35% free, 29MB/45MB, paused 466us total 42.135ms
08-04 11:38:22.949 25453 25679 I art     : Starting a blocking GC Explicit
08-04 11:38:22.994 25453 25679 I art     : Explicit concurrent mark sweep GC freed 3(96B) AllocSpace objects, 0(0B) LOS objects, 35% free, 29MB/45MB, paused 454us total 44.765ms
08-04 11:38:23.347 25453 25476 I art     : Starting a blocking GC Explicit
08-04 11:38:23.407 25453 25476 I art     : Explicit concurrent mark sweep GC freed 1356(82KB) AllocSpace objects, 1(20KB) LOS objects, 35% free, 29MB/45MB, paused 457us total 59.406ms
08-04 11:38:23.426 25453 25476 I art     : Starting a blocking GC Explicit
08-04 11:38:23.471 25453 25476 I art     : Explicit concurrent mark sweep GC freed 20(704B) AllocSpace objects, 0(0B) LOS objects, 35% free, 29MB/45MB, paused 472us total 44.435ms
08-04 11:38:23.489 25453 25476 I art     : Starting a blocking GC Explicit
08-04 11:38:23.534 25453 25476 I art     : Explicit concurrent mark sweep GC freed 3(96B) AllocSpace objects, 0(0B) LOS objects, 35% free, 29MB/45MB, paused 474us total 45.158ms
08-04 11:38:23.553 25453 25476 I art     : Starting a blocking GC Explicit
08-04 11:38:23.599 25453 25476 I art     : Explicit concurrent mark sweep GC freed 3(96B) AllocSpace objects, 0(0B) LOS objects, 35% free, 29MB/45MB, paused 463us total 45.387ms
08-04 11:38:23.617 25453 25476 I art     : Starting a blocking GC Explicit
08-04 11:38:23.662 25453 25476 I art     : Explicit concurrent mark sweep GC freed 3(96B) AllocSpace objects, 0(0B) LOS objects, 35% free, 29MB/45MB, paused 477us total 44.828ms
08-04 11:38:23.924 28242 28242 D AndroidRuntime: >>>>>> START com.android.internal.os.RuntimeInit uid 2000 <<<<<<
08-04 11:38:23.930 28242 28242 D AndroidRuntime: CheckJNI is OFF
08-04 11:38:23.974 28242 28242 D ICU     : No timezone override file found: /data/misc/zoneinfo/current/icu/icu_tzdata.dat
08-04 11:38:24.017 28242 28242 I Radio-JNI: register_android_hardware_Radio DONE
08-04 11:38:24.031 25453 25465 I art     : Starting a blocking GC Explicit
08-04 11:38:24.046 28242 28242 D AndroidRuntime: Calling main entry com.android.commands.input.Input
08-04 11:38:24.048 28242 28242 I Input   : injectKeyEvent: KeyEvent { action=ACTION_DOWN, keyCode=KEYCODE_BACK, scanCode=0, metaState=0, flags=0x0, repeatCount=0, eventTime=704320460, downTime=704320460, deviceId=-1, source=0x101 }
08-04 11:38:24.054 28242 28242 I Input   : injectKeyEvent: KeyEvent { action=ACTION_UP, keyCode=KEYCODE_BACK, scanCode=0, metaState=0, flags=0x0, repeatCount=0, eventTime=704320460, downTime=704320460, deviceId=-1, source=0x101 }
08-04 11:38:24.061 28242 28242 D AndroidRuntime: Shutting down VM
08-04 11:38:24.078 25453 25465 I art     : Explicit concurrent mark sweep GC freed 1459(86KB) AllocSpace objects, 1(20KB) LOS objects, 35% free, 29MB/45MB, paused 575us total 46.541ms
08-04 11:38:24.096 25453 25465 I art     : Starting a blocking GC Explicit
08-04 11:38:24.104 13866 13866 I GoogleInputMethodServic: GoogleInputMethodService.onFinishInput():3138 
08-04 11:38:24.105 13866 13866 I GoogleInputMethodServic: GoogleInputMethodService.onStartInput():1808 
08-04 11:38:24.136 25453 25465 I art     : Explicit concurrent mark sweep GC freed 63(2320B) AllocSpace objects, 0(0B) LOS objects, 35% free, 29MB/45MB, paused 427us total 39.290ms
08-04 11:38:24.155 25453 25465 I art     : Starting a blocking GC Explicit
08-04 11:38:24.194 25453 25465 I art     : Explicit concurrent mark sweep GC freed 40(1328B) AllocSpace objects, 0(0B) LOS objects, 35% free, 29MB/45MB, paused 446us total 39.098ms
08-04 11:38:24.212 25453 25465 I art     : Starting a blocking GC Explicit
08-04 11:38:24.259 25453 25465 I art     : Explicit concurrent mark sweep GC freed 3(96B) AllocSpace objects, 0(0B) LOS objects, 35% free, 29MB/45MB, paused 491us total 47.329ms
08-04 11:38:24.283 25453 25465 I art     : Starting a blocking GC Explicit
08-04 11:38:24.336 25453 25465 I art     : Explicit concurrent mark sweep GC freed 3(96B) AllocSpace objects, 0(0B) LOS objects, 35% free, 29MB/45MB, paused 525us total 52.465ms
08-04 11:38:24.658 25453 25476 I art     : Starting a blocking GC Explicit
08-04 11:38:24.719 25453 25476 I art     : Explicit concurrent mark sweep GC freed 1421(85KB) AllocSpace objects, 1(20KB) LOS objects, 35% free, 29MB/45MB, paused 609us total 61.219ms
08-04 11:38:24.738 25453 25476 I art     : Starting a blocking GC Explicit
08-04 11:38:24.787 25453 25476 I art     : Explicit concurrent mark sweep GC freed 150(7KB) AllocSpace objects, 0(0B) LOS objects, 35% free, 29MB/45MB, paused 506us total 48.317ms
08-04 11:38:24.805 25453 25476 I art     : Starting a blocking GC Explicit
08-04 11:38:24.854 25453 25476 I art     : Explicit concurrent mark sweep GC freed 3(96B) AllocSpace objects, 0(0B) LOS objects, 35% free, 29MB/45MB, paused 558us total 47.913ms
08-04 11:38:24.872 25453 25476 I art     : Starting a blocking GC Explicit
08-04 11:38:24.920 25453 25476 I art     : Explicit concurrent mark sweep GC freed 3(96B) AllocSpace objects, 0(0B) LOS objects, 35% free, 29MB/45MB, paused 566us total 47.244ms
08-04 11:38:24.944 25453 25476 I art     : Starting a blocking GC Explicit
08-04 11:38:24.992 25453 25476 I art     : Explicit concurrent mark sweep GC freed 3(96B) AllocSpace objects, 0(0B) LOS objects, 35% free, 29MB/45MB, paused 518us total 47.093ms
08-04 11:38:25.330 25453 25679 I art     : Starting a blocking GC Explicit
08-04 11:38:25.380 25453 25679 I art     : Explicit concurrent mark sweep GC freed 1356(82KB) AllocSpace objects, 1(20KB) LOS objects, 35% free, 29MB/45MB, paused 512us total 49.577ms
08-04 11:38:25.398 25453 25679 I art     : Starting a blocking GC Explicit
08-04 11:38:25.445 25453 25679 I art     : Explicit concurrent mark sweep GC freed 20(704B) AllocSpace objects, 0(0B) LOS objects, 35% free, 29MB/45MB, paused 523us total 46.249ms
08-04 11:38:25.463 25453 25679 I art     : Starting a blocking GC Explicit
08-04 11:38:25.509 25453 25679 I art     : Explicit concurrent mark sweep GC freed 3(96B) AllocSpace objects, 0(0B) LOS objects, 35% free, 29MB/45MB, paused 524us total 45.951ms
08-04 11:38:25.528 25453 25679 I art     : Starting a blocking GC Explicit
08-04 11:38:25.574 25453 25679 I art     : Explicit concurrent mark sweep GC freed 3(96B) AllocSpace objects, 0(0B) LOS objects, 35% free, 29MB/45MB, paused 523us total 45.433ms
08-04 11:38:25.592 25453 25679 I art     : Starting a blocking GC Explicit
08-04 11:38:25.637 25453 25679 I art     : Explicit concurrent mark sweep GC freed 3(96B) AllocSpace objects, 0(0B) LOS objects, 35% free, 29MB/45MB, paused 498us total 44.349ms
08-04 11:38:25.840 28285 28285 D AndroidRuntime: >>>>>> START com.android.internal.os.RuntimeInit uid 2000 <<<<<<
08-04 11:38:25.846 28285 28285 D AndroidRuntime: CheckJNI is OFF
08-04 11:38:25.888 28285 28285 D ICU     : No timezone override file found: /data/misc/zoneinfo/current/icu/icu_tzdata.dat
08-04 11:38:25.927 28285 28285 I Radio-JNI: register_android_hardware_Radio DONE
08-04 11:38:25.956 25453 25465 I art     : Starting a blocking GC Explicit
08-04 11:38:25.956 28285 28285 D AndroidRuntime: Calling main entry com.android.commands.input.Input
08-04 11:38:25.959 28285 28285 I Input   : injectMotionEvent: MotionEvent { action=ACTION_DOWN, actionButton=0, id[0]=0, x[0]=600.0, y[0]=1733.0, toolType[0]=TOOL_TYPE_UNKNOWN, buttonState=0, metaState=0, flags=0x0, edgeFlags=0x0, pointerCount=1, historySize=0, eventTime=704322371, downTime=704322371, deviceId=0, source=0x1002 }
08-04 11:38:25.963 28285 28285 I Input   : injectMotionEvent: MotionEvent { action=ACTION_UP, actionButton=0, id[0]=0, x[0]=600.0, y[0]=1733.0, toolType[0]=TOOL_TYPE_UNKNOWN, buttonState=0, metaState=0, flags=0x0, edgeFlags=0x0, pointerCount=1, historySize=0, eventTime=704322371, downTime=704322371, deviceId=0, source=0x1002 }
08-04 11:38:25.965 28285 28285 D AndroidRuntime: Shutting down VM
08-04 11:38:25.983   512  2967 D audio_hw_primary: out_set_parameters: enter: usecase(1: low-latency-playback) kvpairs: routing=2
08-04 11:38:25.983   918  6029 I ActivityManager: START u0 {dat=https://oauth.reddit.com/... cmp=baseline.org.quantumbadger.redreader/.activities.PostListingActivity} from uid 10666 on display 0
08-04 11:38:25.996   512  2967 D audio_hw_primary: select_devices: out_snd_device(2: speaker) in_snd_device(0: none)
08-04 11:38:25.996   512  2967 D msm8974_platform: platform_send_audio_calibration: sending audio calibration for snd_device(2) acdb_id(15)
08-04 11:38:25.997   512  2967 I soundtrigger: audio_extn_sound_trigger_update_device_status: device 0x2 of type 0 for Event 1
08-04 11:38:26.005 25453 25465 I art     : Explicit concurrent mark sweep GC freed 1497(89KB) AllocSpace objects, 1(20KB) LOS objects, 35% free, 29MB/45MB, paused 696us total 48.791ms
08-04 11:38:26.008 25453 25453 I AppCompatViewInflater: app:theme is now deprecated. Please move to using android:theme instead.
08-04 11:38:26.008   512  2967 D audio_hw_primary: enable_snd_device: snd_device(2: speaker)
08-04 11:38:26.010   512  2967 D audio_hw_primary: enable_audio_route: apply and update mixer path: low-latency-playback speaker
08-04 11:38:26.024 25453 25465 I art     : Starting a blocking GC Explicit
08-04 11:38:26.032 25453 28309 D OK      : calling: https://oauth.reddit.com/r/aww/about.json
08-04 11:38:26.068 25453 25465 I art     : Explicit concurrent mark sweep GC freed 834(71KB) AllocSpace objects, 0(0B) LOS objects, 35% free, 29MB/45MB, paused 896us total 43.832ms
08-04 11:38:26.088 25453 25465 I art     : Starting a blocking GC Explicit
08-04 11:38:26.092 13866 13866 I GoogleInputMethodServic: GoogleInputMethodService.onFinishInput():3138 
08-04 11:38:26.093 13866 13866 I GoogleInputMethodServic: GoogleInputMethodService.onStartInput():1808 
08-04 11:38:26.094   918   936 I ActivityManager: Displayed baseline.org.quantumbadger.redreader/.activities.PostListingActivity: +101ms
08-04 11:38:26.134 25453 25465 I art     : Explicit concurrent mark sweep GC freed 952(40KB) AllocSpace objects, 0(0B) LOS objects, 35% free, 29MB/45MB, paused 519us total 45.716ms
08-04 11:38:26.152 25453 25465 I art     : Starting a blocking GC Explicit
08-04 11:38:26.193 25453 25465 I art     : Explicit concurrent mark sweep GC freed 216(13KB) AllocSpace objects, 0(0B) LOS objects, 35% free, 29MB/45MB, paused 518us total 41.190ms
08-04 11:38:26.212 25453 25465 I art     : Starting a blocking GC Explicit
08-04 11:38:26.262 25453 25465 I art     : Explicit concurrent mark sweep GC freed 1941(76KB) AllocSpace objects, 0(0B) LOS objects, 35% free, 29MB/45MB, paused 962us total 49.152ms
08-04 11:38:26.347   380   380 W SurfaceFlinger: couldn't log to binary event log: overflow.
08-04 11:38:26.394 25453 28309 I NAPPA_EXPERIMENTATION: MetricNetworkRequestExecutionTime: REQUEST_DURATION_SYSTEM='361',REQUEST_DURATION_OKHTTP='138',REQUEST_SYNCHRONOUS='TRUE',RESPONSE_CODE='200',RESPONSE_METHOD='GET',RESPONSE_LENGTH_OKHTTP='-1',RESPONSE_LENGTH_HEADER='3478',REQUEST_PROTOCOL='h2',REQUEST_URL='https://oauth.reddit.com/r/aww/about.json',
08-04 11:38:26.394 25453 28309 D OK      : request got status: 200
08-04 11:38:26.549   512  2967 D audio_hw_primary: disable_audio_route: reset and update mixer path: low-latency-playback speaker
08-04 11:38:26.550   512  2967 D audio_hw_primary: disable_snd_device: snd_device(2: speaker)
08-04 11:38:26.558   512  2967 I soundtrigger: audio_extn_sound_trigger_update_device_status: device 0x2 of type 0 for Event 0
08-04 11:38:26.569 25453 25679 I art     : Starting a blocking GC Explicit
08-04 11:38:26.617 25453 25679 I art     : Explicit concurrent mark sweep GC freed 3198(291KB) AllocSpace objects, 3(156KB) LOS objects, 35% free, 29MB/45MB, paused 510us total 48.545ms
08-04 11:38:26.636 25453 25679 I art     : Starting a blocking GC Explicit
08-04 11:38:26.684 25453 25679 I art     : Explicit concurrent mark sweep GC freed 201(10KB) AllocSpace objects, 0(0B) LOS objects, 35% free, 29MB/45MB, paused 519us total 47.131ms
08-04 11:38:26.693 20359 20359 I ServiceManager: Waiting for service AtCmdFwd...
08-04 11:38:26.702 25453 25679 I art     : Starting a blocking GC Explicit
08-04 11:38:26.749 25453 25679 I art     : Explicit concurrent mark sweep GC freed 38(1568B) AllocSpace objects, 0(0B) LOS objects, 35% free, 29MB/45MB, paused 554us total 46.294ms
08-04 11:38:26.771 25453 25679 I art     : Starting a blocking GC Explicit
08-04 11:38:26.820 25453 25679 I art     : Explicit concurrent mark sweep GC freed 3(96B) AllocSpace objects, 0(0B) LOS objects, 35% free, 29MB/45MB, paused 563us total 48.627ms
08-04 11:38:26.838 25453 25679 I art     : Starting a blocking GC Explicit
08-04 11:38:26.885 25453 25679 I art     : Explicit concurrent mark sweep GC freed 27(1120B) AllocSpace objects, 0(0B) LOS objects, 35% free, 29MB/45MB, paused 592us total 46.487ms
08-04 11:38:27.196 13866 13882 I PeriodicStatsRunner: PeriodicStatsRunner.call():175 call()
08-04 11:38:27.197 13866 13882 I PeriodicStatsRunner: PeriodicStatsRunner.call():179 No submit PeriodicStats since input started.
08-04 11:38:27.214 25453 25466 I art     : Starting a blocking GC Explicit
08-04 11:38:27.233 25453 28333 D OK      : calling: https://oauth.reddit.com/r/aww/hot/.json
08-04 11:38:27.272 25453 25466 I art     : Explicit concurrent mark sweep GC freed 1448(86KB) AllocSpace objects, 1(20KB) LOS objects, 35% free, 29MB/45MB, paused 611us total 57.566ms
08-04 11:38:27.290 25453 25466 I art     : Starting a blocking GC Explicit
08-04 11:38:27.337 25453 25466 I art     : Explicit concurrent mark sweep GC freed 26(960B) AllocSpace objects, 0(0B) LOS objects, 35% free, 29MB/45MB, paused 586us total 46.090ms
08-04 11:38:27.355 25453 25466 I art     : Starting a blocking GC Explicit
08-04 11:38:27.402 25453 25466 I art     : Explicit concurrent mark sweep GC freed 3(96B) AllocSpace objects, 0(0B) LOS objects, 35% free, 29MB/45MB, paused 562us total 46.100ms
08-04 11:38:27.418 25453 28333 I NAPPA_EXPERIMENTATION: MetricNetworkRequestExecutionTime: REQUEST_DURATION_SYSTEM='184',REQUEST_DURATION_OKHTTP='178',REQUEST_SYNCHRONOUS='TRUE',RESPONSE_CODE='200',RESPONSE_METHOD='GET',RESPONSE_LENGTH_OKHTTP='-1',RESPONSE_LENGTH_HEADER='33430',REQUEST_PROTOCOL='h2',REQUEST_URL='https://oauth.reddit.com/r/aww/hot/.json',
08-04 11:38:27.418 25453 28333 D OK      : request got status: 200
08-04 11:38:27.420 25453 25466 I art     : Starting a blocking GC Explicit
08-04 11:38:27.426 25453 26023 I PostListingFragment: Precaching images: OFF
08-04 11:38:27.426 25453 26023 I PostListingFragment: Precaching comments: OFF
08-04 11:38:27.435 25453 28334 D OK      : calling: https://b.thumbs.redditmedia.com/CKInrczASoQbNvSBStGz11Tok0uCyQoxmZ02sOE37sQ.jpg
08-04 11:38:27.446 25453 28335 D OK      : calling: https://a.thumbs.redditmedia.com/sKVnLbatvJCZOE2ooe6CgiEftOB3ukgPMdcydbk9CZ4.jpg
08-04 11:38:27.447 25453 26023 I getImgurImageInfo: Image NSO7Npm: trying API v3 with auth
08-04 11:38:27.450 25453 28336 D OK      : calling: https://api.gfycat.com/v1/gfycats/deadlygravecavy
08-04 11:38:27.454 25453 28337 D OK      : calling: https://a.thumbs.redditmedia.com/dFt2-stQJkfZ8O7r7ywG9GQsF08fZXxEJfQtAmiJ-F8.jpg
08-04 11:38:27.458 25453 28338 D OK      : calling: https://b.thumbs.redditmedia.com/1cAaKl6LkrikiRbLsBzzOvufKqRKuPi3wgjUkX8axkI.jpg
08-04 11:38:27.459 25453 28339 D OK      : calling: https://api.imgur.com/3/image/NSO7Npm
08-04 11:38:27.463 25453 28340 D OK      : calling: https://b.thumbs.redditmedia.com/NUqJWcobH7ToYhCM0w6nnAFZ46ymm9vPD25BC3s7Wco.jpg
08-04 11:38:27.472 25453 28341 D OK      : calling: https://v.redd.it/fkewv2f65kd51/DASHPlaylist.mpd
08-04 11:38:27.474 25453 25466 I art     : Explicit concurrent mark sweep GC freed 6116(322KB) AllocSpace objects, 0(0B) LOS objects, 34% free, 30MB/46MB, paused 2.241ms total 53.020ms
08-04 11:38:27.474 25453 28342 D OK      : calling: https://b.thumbs.redditmedia.com/bUY4al781EZ3q7hUlnLebemHCXE3e63_SSxl2uo4Q4A.jpg
08-04 11:38:27.479 25453 28343 D OK      : calling: https://b.thumbs.redditmedia.com/tTmEfIrujbsvZXbhNSQS6Pc7o7ShCaGqZHbYf7nWdfg.jpg
08-04 11:38:27.479 25453 28344 D OK      : calling: https://b.thumbs.redditmedia.com/_H8tFMmL5-3GrxYkCtMSHiyNfjbX8pxctOw_vrzyw7o.jpg
08-04 11:38:27.487 25453 28346 D OK      : calling: https://b.thumbs.redditmedia.com/JTSWFy2_tijPk6cA5noKDydEAMkMJcDmKQTSX178zwc.jpg
08-04 11:38:27.490 25453 28347 D OK      : calling: https://b.thumbs.redditmedia.com/N6fiqTp8nJD2l7sUz4nij7j1yHYMTKaflUIrn8E2bAU.jpg
08-04 11:38:27.491 25453 28345 D OK      : calling: https://api.gfycat.com/v1/gfycats/altruisticthankfulankolewatusi
08-04 11:38:27.495 25453 28348 D OK      : calling: https://v.redd.it/ak6rer1hskd51/DASHPlaylist.mpd
08-04 11:38:27.496 25453 28349 D OK      : calling: https://b.thumbs.redditmedia.com/HkEQtny0bE4H3dMCd_woPsLAXBoPwp_DZ4ioFNIQLKk.jpg
08-04 11:38:27.497 25453 25466 I art     : Starting a blocking GC Explicit
08-04 11:38:27.499 25453 28350 D OK      : calling: https://b.thumbs.redditmedia.com/lVNra-iScxkYcYtSstJ-7J7pRAUDRXIwwJhsen1ZK9g.jpg
08-04 11:38:27.505 25453 28351 D OK      : calling: https://b.thumbs.redditmedia.com/lQKqDneXS8E7ZBD9cUQy4OqOt8PuTneSvVFtnU0pwCE.jpg
08-04 11:38:27.508 25453 28353 D OK      : calling: https://api.gfycat.com/v1/gfycats/foolhardysparklinglarva
08-04 11:38:27.510 25453 28352 D OK      : calling: https://b.thumbs.redditmedia.com/X3yyAViE0gxiHR-kf9Z5xmLa8dKsm8iWJyKdWNVtOhU.jpg
08-04 11:38:27.511 25453 28354 D OK      : calling: https://b.thumbs.redditmedia.com/Bx9FZp8_w10DfFUf_mqVPMfu4Y0h2lo41Dh4tl2eNeQ.jpg
08-04 11:38:27.513 25453 28355 D OK      : calling: https://v.redd.it/h49fg58ygjd51/DASHPlaylist.mpd
08-04 11:38:27.519 25453 28356 D OK      : calling: https://a.thumbs.redditmedia.com/KpcC72KH04Be3BqxmFbv_Gz7LCy-24GU-70or3KCdJ4.jpg
08-04 11:38:27.523 25453 28357 D OK      : calling: https://a.thumbs.redditmedia.com/cEOtajy3CAQrjwSA3hhSqnPx8bfkRzglo7Lz1SBTmE0.jpg
08-04 11:38:27.525 25453 28358 D OK      : calling: https://v.redd.it/1ewzkieg0jd51/DASHPlaylist.mpd
08-04 11:38:27.529 25453 28359 D OK      : calling: https://b.thumbs.redditmedia.com/RrJbRRjFZWmckrONtkPTloJh52FfqD_XkLMuYuuQvAg.jpg
08-04 11:38:27.537 25453 28362 D OK      : calling: https://b.thumbs.redditmedia.com/B18Vu5Jw71XCkFOFHimnUC42ya8apHsmcCW-HFmtb6w.jpg
08-04 11:38:27.537 25453 28361 D OK      : calling: https://b.thumbs.redditmedia.com/chqK3f9u3D7UmfrGP85f4sOQFihMk6q7fFSeMyWs_7E.jpg
08-04 11:38:27.537 25453 28360 D OK      : calling: https://v.redd.it/ppmhu2r9thd51/DASHPlaylist.mpd
08-04 11:38:27.541 25453 28363 D OK      : calling: https://v.redd.it/s9qqadf3mid51/DASHPlaylist.mpd
08-04 11:38:27.544 25453 28364 D OK      : calling: https://b.thumbs.redditmedia.com/iZuzjufMpYUYtQRLjRwce4RDb6JYsId95_iezR2Uc0w.jpg
08-04 11:38:27.544 25453 28365 D OK      : calling: https://v.redd.it/b8vazlcb7ld51/DASHPlaylist.mpd
08-04 11:38:27.556 25453 28366 D OK      : calling: https://b.thumbs.redditmedia.com/XNb1kfskabGDLMqv661Q22hBtCb8w5oyePDcFaZi9aY.jpg
08-04 11:38:27.558 25453 28367 D OK      : calling: https://v.redd.it/ty24o02m1hd51/DASHPlaylist.mpd
08-04 11:38:27.559 25453 25466 I art     : Explicit concurrent mark sweep GC freed 15918(706KB) AllocSpace objects, 0(0B) LOS objects, 33% free, 31MB/47MB, paused 3.993ms total 61.401ms
08-04 11:38:27.572 25453 28368 D OK      : calling: https://b.thumbs.redditmedia.com/lMqJbh1Z40ffemA0TnSfVnovznn4hvJNue60AsJ-ETs.jpg
08-04 11:38:27.578 25453 28369 D OK      : calling: https://b.thumbs.redditmedia.com/x5l4cICw0WNNvslt5FqVjwj89XrGjrXnNbaSyQRAyCo.jpg
08-04 11:38:27.589 25453 28370 D OK      : calling: https://b.thumbs.redditmedia.com/189nmwjW7eGWBD0J-cxzsUac1V1ZWGzMFC66inY4u4Y.jpg
08-04 11:38:27.591 25453 28371 D OK      : calling: https://b.thumbs.redditmedia.com/d_-UsfmKASoIHi4vZyyjvvwFtm1S7-DEi9AQPOnGIgY.jpg
08-04 11:38:27.593 25453 28372 D OK      : calling: https://v.redd.it/ar5k8892pid51/DASHPlaylist.mpd
08-04 11:38:27.680 25453 25453 W RecyclerView: Cannot call this method in a scroll callback. Scroll callbacks mightbe run during a measure & layout pass where you cannot change theRecyclerView data. Any method call that might change the structureof the RecyclerView or the adapter contents should be postponed tothe next frame.
08-04 11:38:27.680 25453 25453 W RecyclerView: java.lang.IllegalStateException:  androidx.recyclerview.widget.RecyclerView{8153a6c VFED..... .F....ID 0,0-1440,2140 #7f0900ef app:id/scrollbar_recyclerview_recyclerview}, adapter:baseline.org.quantumbadger.redreader.adapters.GroupedRecyclerViewAdapter@45ef835, layout:androidx.recyclerview.widget.LinearLayoutManager@a0e04ca, context:baseline.org.quantumbadger.redreader.activities.PostListingActivity@a6e64c1
08-04 11:38:27.680 25453 25453 W RecyclerView: 	at androidx.recyclerview.widget.RecyclerView.assertNotInLayoutOrScroll(RecyclerView.java:3061)
08-04 11:38:27.680 25453 25453 W RecyclerView: 	at androidx.recyclerview.widget.RecyclerView$RecyclerViewDataObserver.onItemRangeInserted(RecyclerView.java:5555)
08-04 11:38:27.680 25453 25453 W RecyclerView: 	at androidx.recyclerview.widget.RecyclerView$AdapterDataObservable.notifyItemRangeInserted(RecyclerView.java:12278)
08-04 11:38:27.680 25453 25453 W RecyclerView: 	at androidx.recyclerview.widget.RecyclerView$Adapter.notifyItemInserted(RecyclerView.java:7464)
08-04 11:38:27.680 25453 25453 W RecyclerView: 	at baseline.org.quantumbadger.redreader.adapters.GroupedRecyclerViewAdapter.updateHiddenStatus(GroupedRecyclerViewAdapter.java:279)
08-04 11:38:27.680 25453 25453 W RecyclerView: 	at baseline.org.quantumbadger.redreader.adapters.RedditListingManager.setLoadingVisible(RedditListingManager.java:125)
08-04 11:38:27.680 25453 25453 W RecyclerView: 	at baseline.org.quantumbadger.redreader.fragments.PostListingFragment.onLoadMoreItemsCheck(PostListingFragment.java:465)
08-04 11:38:27.680 25453 25453 W RecyclerView: 	at baseline.org.quantumbadger.redreader.fragments.PostListingFragment.access$000(PostListingFragment.java:98)
08-04 11:38:27.680 25453 25453 W RecyclerView: 	at baseline.org.quantumbadger.redreader.fragments.PostListingFragment$2.onScrolled(PostListingFragment.java:215)
08-04 11:38:27.680 25453 25453 W RecyclerView: 	at androidx.recyclerview.widget.RecyclerView.dispatchOnScrolled(RecyclerView.java:5173)
08-04 11:38:27.680 25453 25453 W RecyclerView: 	at androidx.recyclerview.widget.RecyclerView.dispatchLayoutStep3(RecyclerView.java:4231)
08-04 11:38:27.680 25453 25453 W RecyclerView: 	at androidx.recyclerview.widget.RecyclerView.dispatchLayout(RecyclerView.java:3862)
08-04 11:38:27.680 25453 25453 W RecyclerView: 	at androidx.recyclerview.widget.RecyclerView.consumePendingUpdateOperations(RecyclerView.java:1897)
08-04 11:38:27.680 25453 25453 W RecyclerView: 	at androidx.recyclerview.widget.RecyclerView$1.run(RecyclerView.java:414)
08-04 11:38:27.680 25453 25453 W RecyclerView: 	at android.view.Choreographer$CallbackRecord.run(Choreographer.java:858)
08-04 11:38:27.680 25453 25453 W RecyclerView: 	at android.view.Choreographer.doCallbacks(Choreographer.java:670)
08-04 11:38:27.680 25453 25453 W RecyclerView: 	at android.view.Choreographer.doFrame(Choreographer.java:603)
08-04 11:38:27.680 25453 25453 W RecyclerView: 	at android.view.Choreographer$FrameDisplayEventReceiver.run(Choreographer.java:844)
08-04 11:38:27.680 25453 25453 W RecyclerView: 	at android.os.Handler.handleCallback(Handler.java:739)
08-04 11:38:27.680 25453 25453 W RecyclerView: 	at android.os.Handler.dispatchMessage(Handler.java:95)
08-04 11:38:27.680 25453 25453 W RecyclerView: 	at android.os.Looper.loop(Looper.java:148)
08-04 11:38:27.680 25453 25453 W RecyclerView: 	at android.app.ActivityThread.main(ActivityThread.java:5417)
08-04 11:38:27.680 25453 25453 W RecyclerView: 	at java.lang.reflect.Method.invoke(Native Method)
08-04 11:38:27.680 25453 25453 W RecyclerView: 	at com.android.internal.os.ZygoteInit$MethodAndArgsCaller.run(ZygoteInit.java:726)
08-04 11:38:27.680 25453 25453 W RecyclerView: 	at com.android.internal.os.ZygoteInit.main(ZygoteInit.java:616)
08-04 11:38:27.693 20359 20359 I ServiceManager: Waiting for service AtCmdFwd...
08-04 11:38:27.890 25453 25466 I art     : Starting a blocking GC Explicit
08-04 11:38:27.954 25453 25466 I art     : Explicit concurrent mark sweep GC freed 44532(2MB) AllocSpace objects, 3(156KB) LOS objects, 34% free, 30MB/46MB, paused 2.748ms total 63.834ms
08-04 11:38:27.977 25453 25466 I art     : Starting a blocking GC Explicit
08-04 11:38:28.032 25453 25466 I art     : Explicit concurrent mark sweep GC freed 17085(829KB) AllocSpace objects, 0(0B) LOS objects, 34% free, 30MB/46MB, paused 2.923ms total 54.992ms
08-04 11:38:28.044 25453 28334 I NAPPA_EXPERIMENTATION: MetricNetworkRequestExecutionTime: REQUEST_DURATION_SYSTEM='609',REQUEST_DURATION_OKHTTP='309',REQUEST_SYNCHRONOUS='TRUE',RESPONSE_CODE='200',RESPONSE_METHOD='GET',RESPONSE_LENGTH_OKHTTP='3891',RESPONSE_LENGTH_HEADER='3891',REQUEST_PROTOCOL='h2',REQUEST_URL='https://b.thumbs.redditmedia.com/CKInrczASoQbNvSBStGz11Tok0uCyQoxmZ02sOE37sQ.jpg',
08-04 11:38:28.044 25453 28334 D OK      : request got status: 200
08-04 11:38:28.052 25453 25466 I art     : Starting a blocking GC Explicit
08-04 11:38:28.109 25453 25466 I art     : Explicit concurrent mark sweep GC freed 14573(700KB) AllocSpace objects, 0(0B) LOS objects, 34% free, 30MB/46MB, paused 2.687ms total 56.004ms
08-04 11:38:28.128 25453 25466 I art     : Starting a blocking GC Explicit
08-04 11:38:28.183 25453 25466 I art     : Explicit concurrent mark sweep GC freed 7564(496KB) AllocSpace objects, 5(256KB) LOS objects, 34% free, 30MB/46MB, paused 2.692ms total 55.104ms
08-04 11:38:28.202 25453 25466 I art     : Starting a blocking GC Explicit
08-04 11:38:28.261 25453 25466 I art     : Explicit concurrent mark sweep GC freed 6180(309KB) AllocSpace objects, 0(0B) LOS objects, 34% free, 30MB/46MB, paused 2.979ms total 58.593ms
08-04 11:38:28.262 25453 28335 I NAPPA_EXPERIMENTATION: MetricNetworkRequestExecutionTime: REQUEST_DURATION_SYSTEM='816',REQUEST_DURATION_OKHTTP='433',REQUEST_SYNCHRONOUS='TRUE',RESPONSE_CODE='200',RESPONSE_METHOD='GET',RESPONSE_LENGTH_OKHTTP='4487',RESPONSE_LENGTH_HEADER='4487',REQUEST_PROTOCOL='h2',REQUEST_URL='https://a.thumbs.redditmedia.com/sKVnLbatvJCZOE2ooe6CgiEftOB3ukgPMdcydbk9CZ4.jpg',
08-04 11:38:28.262 25453 28335 D OK      : request got status: 200
08-04 11:38:28.298 25453 28337 I NAPPA_EXPERIMENTATION: MetricNetworkRequestExecutionTime: REQUEST_DURATION_SYSTEM='844',REQUEST_DURATION_OKHTTP='444',REQUEST_SYNCHRONOUS='TRUE',RESPONSE_CODE='200',RESPONSE_METHOD='GET',RESPONSE_LENGTH_OKHTTP='6530',RESPONSE_LENGTH_HEADER='6530',REQUEST_PROTOCOL='h2',REQUEST_URL='https://a.thumbs.redditmedia.com/dFt2-stQJkfZ8O7r7ywG9GQsF08fZXxEJfQtAmiJ-F8.jpg',
08-04 11:38:28.299 25453 28337 D OK      : request got status: 200
08-04 11:38:28.404 25453 28344 I NAPPA_EXPERIMENTATION: MetricNetworkRequestExecutionTime: REQUEST_DURATION_SYSTEM='925',REQUEST_DURATION_OKHTTP='505',REQUEST_SYNCHRONOUS='TRUE',RESPONSE_CODE='200',RESPONSE_METHOD='GET',RESPONSE_LENGTH_OKHTTP='6434',RESPONSE_LENGTH_HEADER='6434',REQUEST_PROTOCOL='h2',REQUEST_URL='https://b.thumbs.redditmedia.com/_H8tFMmL5-3GrxYkCtMSHiyNfjbX8pxctOw_vrzyw7o.jpg',
08-04 11:38:28.404 25453 28344 D OK      : request got status: 200
08-04 11:38:28.434 25453 28429 D OK      : calling: https://oauth.reddit.com/r/aww/hot/.json?after=t3_hz5odc
08-04 11:38:28.435 25453 28338 I NAPPA_EXPERIMENTATION: MetricNetworkRequestExecutionTime: REQUEST_DURATION_SYSTEM='977',REQUEST_DURATION_OKHTTP='543',REQUEST_SYNCHRONOUS='TRUE',RESPONSE_CODE='200',RESPONSE_METHOD='GET',RESPONSE_LENGTH_OKHTTP='5113',RESPONSE_LENGTH_HEADER='5113',REQUEST_PROTOCOL='h2',REQUEST_URL='https://b.thumbs.redditmedia.com/1cAaKl6LkrikiRbLsBzzOvufKqRKuPi3wgjUkX8axkI.jpg',
08-04 11:38:28.435 25453 28338 D OK      : request got status: 200
08-04 11:38:28.478 25453 28342 I NAPPA_EXPERIMENTATION: MetricNetworkRequestExecutionTime: REQUEST_DURATION_SYSTEM='1004',REQUEST_DURATION_OKHTTP='542',REQUEST_SYNCHRONOUS='TRUE',RESPONSE_CODE='200',RESPONSE_METHOD='GET',RESPONSE_LENGTH_OKHTTP='6131',RESPONSE_LENGTH_HEADER='6131',REQUEST_PROTOCOL='h2',REQUEST_URL='https://b.thumbs.redditmedia.com/bUY4al781EZ3q7hUlnLebemHCXE3e63_SSxl2uo4Q4A.jpg',
08-04 11:38:28.478 25453 28342 D OK      : request got status: 200
08-04 11:38:28.530 25453 28339 I NAPPA_EXPERIMENTATION: MetricNetworkRequestExecutionTime: REQUEST_DURATION_SYSTEM='1071',REQUEST_DURATION_OKHTTP='632',REQUEST_SYNCHRONOUS='TRUE',RESPONSE_CODE='200',RESPONSE_METHOD='GET',RESPONSE_LENGTH_OKHTTP='-1',RESPONSE_LENGTH_HEADER='379',REQUEST_PROTOCOL='h2',REQUEST_URL='https://api.imgur.com/3/image/NSO7Npm',
08-04 11:38:28.530 25453 28339 D OK      : request got status: 200
08-04 11:38:28.587 25453 28352 I NAPPA_EXPERIMENTATION: MetricNetworkRequestExecutionTime: REQUEST_DURATION_SYSTEM='1077',REQUEST_DURATION_OKHTTP='624',REQUEST_SYNCHRONOUS='TRUE',RESPONSE_CODE='200',RESPONSE_METHOD='GET',RESPONSE_LENGTH_OKHTTP='7078',RESPONSE_LENGTH_HEADER='7078',REQUEST_PROTOCOL='h2',REQUEST_URL='https://b.thumbs.redditmedia.com/X3yyAViE0gxiHR-kf9Z5xmLa8dKsm8iWJyKdWNVtOhU.jpg',
08-04 11:38:28.588 25453 28352 D OK      : request got status: 200
08-04 11:38:28.598 25453 28347 I NAPPA_EXPERIMENTATION: MetricNetworkRequestExecutionTime: REQUEST_DURATION_SYSTEM='1108',REQUEST_DURATION_OKHTTP='633',REQUEST_SYNCHRONOUS='TRUE',RESPONSE_CODE='200',RESPONSE_METHOD='GET',RESPONSE_LENGTH_OKHTTP='7265',RESPONSE_LENGTH_HEADER='7265',REQUEST_PROTOCOL='h2',REQUEST_URL='https://b.thumbs.redditmedia.com/N6fiqTp8nJD2l7sUz4nij7j1yHYMTKaflUIrn8E2bAU.jpg',
08-04 11:38:28.599 25453 28347 D OK      : request got status: 200
08-04 11:38:28.602 25453 25476 I art     : Starting a blocking GC Explicit
08-04 11:38:28.660 25453 28346 I NAPPA_EXPERIMENTATION: MetricNetworkRequestExecutionTime: REQUEST_DURATION_SYSTEM='1173',REQUEST_DURATION_OKHTTP='692',REQUEST_SYNCHRONOUS='TRUE',RESPONSE_CODE='200',RESPONSE_METHOD='GET',RESPONSE_LENGTH_OKHTTP='6634',RESPONSE_LENGTH_HEADER='6634',REQUEST_PROTOCOL='h2',REQUEST_URL='https://b.thumbs.redditmedia.com/JTSWFy2_tijPk6cA5noKDydEAMkMJcDmKQTSX178zwc.jpg',
08-04 11:38:28.660 25453 28346 D OK      : request got status: 200
08-04 11:38:28.665 25453 25476 I art     : Explicit concurrent mark sweep GC freed 26416(1601KB) AllocSpace objects, 35(1932KB) LOS objects, 33% free, 32MB/48MB, paused 2.287ms total 62.959ms
08-04 11:38:28.674 25453 28356 I NAPPA_EXPERIMENTATION: MetricNetworkRequestExecutionTime: REQUEST_DURATION_SYSTEM='1155',REQUEST_DURATION_OKHTTP='627',REQUEST_SYNCHRONOUS='TRUE',RESPONSE_CODE='200',RESPONSE_METHOD='GET',RESPONSE_LENGTH_OKHTTP='4798',RESPONSE_LENGTH_HEADER='4798',REQUEST_PROTOCOL='h2',REQUEST_URL='https://a.thumbs.redditmedia.com/KpcC72KH04Be3BqxmFbv_Gz7LCy-24GU-70or3KCdJ4.jpg',
08-04 11:38:28.674 25453 28356 D OK      : request got status: 200
08-04 11:38:28.684 25453 25476 I art     : Starting a blocking GC Explicit
08-04 11:38:28.693 20359 20359 I ServiceManager: Waiting for service AtCmdFwd...
08-04 11:38:28.702 25453 28340 I NAPPA_EXPERIMENTATION: MetricNetworkRequestExecutionTime: REQUEST_DURATION_SYSTEM='1238',REQUEST_DURATION_OKHTTP='702',REQUEST_SYNCHRONOUS='TRUE',RESPONSE_CODE='200',RESPONSE_METHOD='GET',RESPONSE_LENGTH_OKHTTP='6242',RESPONSE_LENGTH_HEADER='6242',REQUEST_PROTOCOL='h2',REQUEST_URL='https://b.thumbs.redditmedia.com/NUqJWcobH7ToYhCM0w6nnAFZ46ymm9vPD25BC3s7Wco.jpg',
08-04 11:38:28.702 25453 28340 D OK      : request got status: 200
08-04 11:38:28.724 25453 28349 I NAPPA_EXPERIMENTATION: MetricNetworkRequestExecutionTime: REQUEST_DURATION_SYSTEM='1228',REQUEST_DURATION_OKHTTP='725',REQUEST_SYNCHRONOUS='TRUE',RESPONSE_CODE='200',RESPONSE_METHOD='GET',RESPONSE_LENGTH_OKHTTP='8699',RESPONSE_LENGTH_HEADER='8699',REQUEST_PROTOCOL='h2',REQUEST_URL='https://b.thumbs.redditmedia.com/HkEQtny0bE4H3dMCd_woPsLAXBoPwp_DZ4ioFNIQLKk.jpg',
08-04 11:38:28.724 25453 28349 D OK      : request got status: 200
08-04 11:38:28.733 25453 28357 I NAPPA_EXPERIMENTATION: MetricNetworkRequestExecutionTime: REQUEST_DURATION_SYSTEM='1209',REQUEST_DURATION_OKHTTP='685',REQUEST_SYNCHRONOUS='TRUE',RESPONSE_CODE='200',RESPONSE_METHOD='GET',RESPONSE_LENGTH_OKHTTP='5648',RESPONSE_LENGTH_HEADER='5648',REQUEST_PROTOCOL='h2',REQUEST_URL='https://a.thumbs.redditmedia.com/cEOtajy3CAQrjwSA3hhSqnPx8bfkRzglo7Lz1SBTmE0.jpg',
08-04 11:38:28.733 25453 28357 D OK      : request got status: 200
08-04 11:38:28.737 25453 25476 I art     : Explicit concurrent mark sweep GC freed 2596(218KB) AllocSpace objects, 16(1216KB) LOS objects, 32% free, 32MB/48MB, paused 2.121ms total 52.598ms
08-04 11:38:28.755 25453 25476 I art     : Starting a blocking GC Explicit
08-04 11:38:28.770 25453 28350 I NAPPA_EXPERIMENTATION: MetricNetworkRequestExecutionTime: REQUEST_DURATION_SYSTEM='1271',REQUEST_DURATION_OKHTTP='766',REQUEST_SYNCHRONOUS='TRUE',RESPONSE_CODE='200',RESPONSE_METHOD='GET',RESPONSE_LENGTH_OKHTTP='4018',RESPONSE_LENGTH_HEADER='4018',REQUEST_PROTOCOL='h2',REQUEST_URL='https://b.thumbs.redditmedia.com/lVNra-iScxkYcYtSstJ-7J7pRAUDRXIwwJhsen1ZK9g.jpg',
08-04 11:38:28.770 25453 28350 D OK      : request got status: 200
08-04 11:38:28.794 25453 28343 I NAPPA_EXPERIMENTATION: MetricNetworkRequestExecutionTime: REQUEST_DURATION_SYSTEM='1315',REQUEST_DURATION_OKHTTP='789',REQUEST_SYNCHRONOUS='TRUE',RESPONSE_CODE='200',RESPONSE_METHOD='GET',RESPONSE_LENGTH_OKHTTP='5439',RESPONSE_LENGTH_HEADER='5439',REQUEST_PROTOCOL='h2',REQUEST_URL='https://b.thumbs.redditmedia.com/tTmEfIrujbsvZXbhNSQS6Pc7o7ShCaGqZHbYf7nWdfg.jpg',
08-04 11:38:28.794 25453 28343 D OK      : request got status: 200
08-04 11:38:28.806 25453 25476 I art     : Explicit concurrent mark sweep GC freed 1311(164KB) AllocSpace objects, 15(948KB) LOS objects, 32% free, 32MB/48MB, paused 1.820ms total 50.027ms
08-04 11:38:28.821 25453 28359 I NAPPA_EXPERIMENTATION: MetricNetworkRequestExecutionTime: REQUEST_DURATION_SYSTEM='1291',REQUEST_DURATION_OKHTTP='743',REQUEST_SYNCHRONOUS='TRUE',RESPONSE_CODE='200',RESPONSE_METHOD='GET',RESPONSE_LENGTH_OKHTTP='5229',RESPONSE_LENGTH_HEADER='5229',REQUEST_PROTOCOL='h2',REQUEST_URL='https://b.thumbs.redditmedia.com/RrJbRRjFZWmckrONtkPTloJh52FfqD_XkLMuYuuQvAg.jpg',
08-04 11:38:28.821 25453 28359 D OK      : request got status: 200
08-04 11:38:28.825 25453 25476 I art     : Starting a blocking GC Explicit
08-04 11:38:28.832 25453 28351 I NAPPA_EXPERIMENTATION: MetricNetworkRequestExecutionTime: REQUEST_DURATION_SYSTEM='1326',REQUEST_DURATION_OKHTTP='743',REQUEST_SYNCHRONOUS='TRUE',RESPONSE_CODE='200',RESPONSE_METHOD='GET',RESPONSE_LENGTH_OKHTTP='6093',RESPONSE_LENGTH_HEADER='6093',REQUEST_PROTOCOL='h2',REQUEST_URL='https://b.thumbs.redditmedia.com/lQKqDneXS8E7ZBD9cUQy4OqOt8PuTneSvVFtnU0pwCE.jpg',
08-04 11:38:28.832 25453 28351 D OK      : request got status: 200
08-04 11:38:28.845 25453 28341 I NAPPA_EXPERIMENTATION: MetricNetworkRequestExecutionTime: REQUEST_DURATION_SYSTEM='1373',REQUEST_DURATION_OKHTTP='843',REQUEST_SYNCHRONOUS='TRUE',RESPONSE_CODE='200',RESPONSE_METHOD='GET',RESPONSE_LENGTH_OKHTTP='2700',RESPONSE_LENGTH_HEADER='2700',REQUEST_PROTOCOL='h2',REQUEST_URL='https://v.redd.it/fkewv2f65kd51/DASHPlaylist.mpd',
08-04 11:38:28.845 25453 28341 D OK      : request got status: 200
08-04 11:38:28.851 25453 28355 I NAPPA_EXPERIMENTATION: MetricNetworkRequestExecutionTime: REQUEST_DURATION_SYSTEM='1337',REQUEST_DURATION_OKHTTP='778',REQUEST_SYNCHRONOUS='TRUE',RESPONSE_CODE='200',RESPONSE_METHOD='GET',RESPONSE_LENGTH_OKHTTP='2429',RESPONSE_LENGTH_HEADER='2429',REQUEST_PROTOCOL='h2',REQUEST_URL='https://v.redd.it/h49fg58ygjd51/DASHPlaylist.mpd',
08-04 11:38:28.851 25453 28355 D OK      : request got status: 200
08-04 11:38:28.852 25453 28354 I NAPPA_EXPERIMENTATION: MetricNetworkRequestExecutionTime: REQUEST_DURATION_SYSTEM='1341',REQUEST_DURATION_OKHTTP='729',REQUEST_SYNCHRONOUS='TRUE',RESPONSE_CODE='200',RESPONSE_METHOD='GET',RESPONSE_LENGTH_OKHTTP='5207',RESPONSE_LENGTH_HEADER='5207',REQUEST_PROTOCOL='h2',REQUEST_URL='https://b.thumbs.redditmedia.com/Bx9FZp8_w10DfFUf_mqVPMfu4Y0h2lo41Dh4tl2eNeQ.jpg',
08-04 11:38:28.852 25453 28354 D OK      : request got status: 200
08-04 11:38:28.856 25453 28366 I NAPPA_EXPERIMENTATION: MetricNetworkRequestExecutionTime: REQUEST_DURATION_SYSTEM='1299',REQUEST_DURATION_OKHTTP='706',REQUEST_SYNCHRONOUS='TRUE',RESPONSE_CODE='200',RESPONSE_METHOD='GET',RESPONSE_LENGTH_OKHTTP='4067',RESPONSE_LENGTH_HEADER='4067',REQUEST_PROTOCOL='h2',REQUEST_URL='https://b.thumbs.redditmedia.com/XNb1kfskabGDLMqv661Q22hBtCb8w5oyePDcFaZi9aY.jpg',
08-04 11:38:28.856 25453 28366 D OK      : request got status: 200
08-04 11:38:28.859 25453 28348 I NAPPA_EXPERIMENTATION: MetricNetworkRequestExecutionTime: REQUEST_DURATION_SYSTEM='1364',REQUEST_DURATION_OKHTTP='794',REQUEST_SYNCHRONOUS='TRUE',RESPONSE_CODE='200',RESPONSE_METHOD='GET',RESPONSE_LENGTH_OKHTTP='1713',RESPONSE_LENGTH_HEADER='1713',REQUEST_PROTOCOL='h2',REQUEST_URL='https://v.redd.it/ak6rer1hskd51/DASHPlaylist.mpd',
08-04 11:38:28.859 25453 28348 D OK      : request got status: 200
08-04 11:38:28.860 25453 28361 I NAPPA_EXPERIMENTATION: MetricNetworkRequestExecutionTime: REQUEST_DURATION_SYSTEM='1323',REQUEST_DURATION_OKHTTP='712',REQUEST_SYNCHRONOUS='TRUE',RESPONSE_CODE='200',RESPONSE_METHOD='GET',RESPONSE_LENGTH_OKHTTP='6163',RESPONSE_LENGTH_HEADER='6163',REQUEST_PROTOCOL='h2',REQUEST_URL='https://b.thumbs.redditmedia.com/chqK3f9u3D7UmfrGP85f4sOQFihMk6q7fFSeMyWs_7E.jpg',
08-04 11:38:28.860 25453 28361 D OK      : request got status: 200
08-04 11:38:28.864 25453 28345 I NAPPA_EXPERIMENTATION: MetricNetworkRequestExecutionTime: REQUEST_DURATION_SYSTEM='1373',REQUEST_DURATION_OKHTTP='621',REQUEST_SYNCHRONOUS='TRUE',RESPONSE_CODE='200',RESPONSE_METHOD='GET',RESPONSE_LENGTH_OKHTTP='-1',RESPONSE_LENGTH_HEADER='955',REQUEST_PROTOCOL='http/1.1',REQUEST_URL='https://api.gfycat.com/v1/gfycats/altruisticthankfulankolewatusi',
08-04 11:38:28.864 25453 28345 D OK      : request got status: 200
08-04 11:38:28.868 25453 28358 I NAPPA_EXPERIMENTATION: MetricNetworkRequestExecutionTime: REQUEST_DURATION_SYSTEM='1343',REQUEST_DURATION_OKHTTP='778',REQUEST_SYNCHRONOUS='TRUE',RESPONSE_CODE='200',RESPONSE_METHOD='GET',RESPONSE_LENGTH_OKHTTP='3058',RESPONSE_LENGTH_HEADER='3058',REQUEST_PROTOCOL='h2',REQUEST_URL='https://v.redd.it/1ewzkieg0jd51/DASHPlaylist.mpd',
08-04 11:38:28.868 25453 28358 D OK      : request got status: 200
08-04 11:38:28.879 25453 25476 I art     : Explicit concurrent mark sweep GC freed 2324(231KB) AllocSpace objects, 16(920KB) LOS objects, 32% free, 33MB/49MB, paused 2.009ms total 53.617ms
08-04 11:38:28.887 25453 28365 I NAPPA_EXPERIMENTATION: MetricNetworkRequestExecutionTime: REQUEST_DURATION_SYSTEM='1343',REQUEST_DURATION_OKHTTP='694',REQUEST_SYNCHRONOUS='TRUE',RESPONSE_CODE='200',RESPONSE_METHOD='GET',RESPONSE_LENGTH_OKHTTP='3060',RESPONSE_LENGTH_HEADER='3060',REQUEST_PROTOCOL='h2',REQUEST_URL='https://v.redd.it/b8vazlcb7ld51/DASHPlaylist.mpd',
08-04 11:38:28.887 25453 28365 D OK      : request got status: 200
08-04 11:38:28.888 25453 28368 I NAPPA_EXPERIMENTATION: MetricNetworkRequestExecutionTime: REQUEST_DURATION_SYSTEM='1315',REQUEST_DURATION_OKHTTP='612',REQUEST_SYNCHRONOUS='TRUE',RESPONSE_CODE='200',RESPONSE_METHOD='GET',RESPONSE_LENGTH_OKHTTP='4249',RESPONSE_LENGTH_HEADER='4249',REQUEST_PROTOCOL='h2',REQUEST_URL='https://b.thumbs.redditmedia.com/lMqJbh1Z40ffemA0TnSfVnovznn4hvJNue60AsJ-ETs.jpg',
08-04 11:38:28.888 25453 28368 D OK      : request got status: 200
08-04 11:38:28.895 25453 28360 I NAPPA_EXPERIMENTATION: MetricNetworkRequestExecutionTime: REQUEST_DURATION_SYSTEM='1357',REQUEST_DURATION_OKHTTP='614',REQUEST_SYNCHRONOUS='TRUE',RESPONSE_CODE='200',RESPONSE_METHOD='GET',RESPONSE_LENGTH_OKHTTP='2787',RESPONSE_LENGTH_HEADER='2787',REQUEST_PROTOCOL='h2',REQUEST_URL='https://v.redd.it/ppmhu2r9thd51/DASHPlaylist.mpd',
08-04 11:38:28.895 25453 28360 D OK      : request got status: 200
08-04 11:38:28.896 25453 28370 I NAPPA_EXPERIMENTATION: MetricNetworkRequestExecutionTime: REQUEST_DURATION_SYSTEM='1307',REQUEST_DURATION_OKHTTP='580',REQUEST_SYNCHRONOUS='TRUE',RESPONSE_CODE='200',RESPONSE_METHOD='GET',RESPONSE_LENGTH_OKHTTP='6778',RESPONSE_LENGTH_HEADER='6778',REQUEST_PROTOCOL='h2',REQUEST_URL='https://b.thumbs.redditmedia.com/189nmwjW7eGWBD0J-cxzsUac1V1ZWGzMFC66inY4u4Y.jpg',
08-04 11:38:28.896 25453 28370 D OK      : request got status: 200
08-04 11:38:28.899 25453 25476 I art     : Starting a blocking GC Explicit
08-04 11:38:28.909 25453 28362 I NAPPA_EXPERIMENTATION: MetricNetworkRequestExecutionTime: REQUEST_DURATION_SYSTEM='1372',REQUEST_DURATION_OKHTTP='593',REQUEST_SYNCHRONOUS='TRUE',RESPONSE_CODE='200',RESPONSE_METHOD='GET',RESPONSE_LENGTH_OKHTTP='8835',RESPONSE_LENGTH_HEADER='8835',REQUEST_PROTOCOL='h2',REQUEST_URL='https://b.thumbs.redditmedia.com/B18Vu5Jw71XCkFOFHimnUC42ya8apHsmcCW-HFmtb6w.jpg',
08-04 11:38:28.909 25453 28362 D OK      : request got status: 200
08-04 11:38:28.910 25453 28363 I NAPPA_EXPERIMENTATION: MetricNetworkRequestExecutionTime: REQUEST_DURATION_SYSTEM='1369',REQUEST_DURATION_OKHTTP='622',REQUEST_SYNCHRONOUS='TRUE',RESPONSE_CODE='200',RESPONSE_METHOD='GET',RESPONSE_LENGTH_OKHTTP='2698',RESPONSE_LENGTH_HEADER='2698',REQUEST_PROTOCOL='h2',REQUEST_URL='https://v.redd.it/s9qqadf3mid51/DASHPlaylist.mpd',
08-04 11:38:28.910 25453 28363 D OK      : request got status: 200
08-04 11:38:28.912 25453 28371 I NAPPA_EXPERIMENTATION: MetricNetworkRequestExecutionTime: REQUEST_DURATION_SYSTEM='1321',REQUEST_DURATION_OKHTTP='580',REQUEST_SYNCHRONOUS='TRUE',RESPONSE_CODE='200',RESPONSE_METHOD='GET',RESPONSE_LENGTH_OKHTTP='6221',RESPONSE_LENGTH_HEADER='6221',REQUEST_PROTOCOL='h2',REQUEST_URL='https://b.thumbs.redditmedia.com/d_-UsfmKASoIHi4vZyyjvvwFtm1S7-DEi9AQPOnGIgY.jpg',
08-04 11:38:28.912 25453 28371 D OK      : request got status: 200
08-04 11:38:28.924 25453 28364 I NAPPA_EXPERIMENTATION: MetricNetworkRequestExecutionTime: REQUEST_DURATION_SYSTEM='1380',REQUEST_DURATION_OKHTTP='579',REQUEST_SYNCHRONOUS='TRUE',RESPONSE_CODE='200',RESPONSE_METHOD='GET',RESPONSE_LENGTH_OKHTTP='2861',RESPONSE_LENGTH_HEADER='2861',REQUEST_PROTOCOL='h2',REQUEST_URL='https://b.thumbs.redditmedia.com/iZuzjufMpYUYtQRLjRwce4RDb6JYsId95_iezR2Uc0w.jpg',
08-04 11:38:28.924 25453 28364 D OK      : request got status: 200
08-04 11:38:28.930 25453 28367 I NAPPA_EXPERIMENTATION: MetricNetworkRequestExecutionTime: REQUEST_DURATION_SYSTEM='1372',REQUEST_DURATION_OKHTTP='639',REQUEST_SYNCHRONOUS='TRUE',RESPONSE_CODE='200',RESPONSE_METHOD='GET',RESPONSE_LENGTH_OKHTTP='2071',RESPONSE_LENGTH_HEADER='2071',REQUEST_PROTOCOL='h2',REQUEST_URL='https://v.redd.it/ty24o02m1hd51/DASHPlaylist.mpd',
08-04 11:38:28.930 25453 28367 D OK      : request got status: 200
08-04 11:38:28.935 25453 28429 I NAPPA_EXPERIMENTATION: MetricNetworkRequestExecutionTime: REQUEST_DURATION_SYSTEM='501',REQUEST_DURATION_OKHTTP='498',REQUEST_SYNCHRONOUS='TRUE',RESPONSE_CODE='200',RESPONSE_METHOD='GET',RESPONSE_LENGTH_OKHTTP='-1',RESPONSE_LENGTH_HEADER='30610',REQUEST_PROTOCOL='h2',REQUEST_URL='https://oauth.reddit.com/r/aww/hot/.json?after=t3_hz5odc',
08-04 11:38:28.935 25453 28429 D OK      : request got status: 200
08-04 11:38:28.936 25453 28372 I NAPPA_EXPERIMENTATION: MetricNetworkRequestExecutionTime: REQUEST_DURATION_SYSTEM='1342',REQUEST_DURATION_OKHTTP='551',REQUEST_SYNCHRONOUS='TRUE',RESPONSE_CODE='200',RESPONSE_METHOD='GET',RESPONSE_LENGTH_OKHTTP='2342',RESPONSE_LENGTH_HEADER='2342',REQUEST_PROTOCOL='h2',REQUEST_URL='https://v.redd.it/ar5k8892pid51/DASHPlaylist.mpd',
08-04 11:38:28.936 25453 28372 D OK      : request got status: 200
08-04 11:38:28.943 25453 28353 I NAPPA_EXPERIMENTATION: MetricNetworkRequestExecutionTime: REQUEST_DURATION_SYSTEM='1432',REQUEST_DURATION_OKHTTP='651',REQUEST_SYNCHRONOUS='TRUE',RESPONSE_CODE='200',RESPONSE_METHOD='GET',RESPONSE_LENGTH_OKHTTP='-1',RESPONSE_LENGTH_HEADER='1021',REQUEST_PROTOCOL='http/1.1',REQUEST_URL='https://api.gfycat.com/v1/gfycats/foolhardysparklinglarva',
08-04 11:38:28.943 25453 28353 D OK      : request got status: 200
08-04 11:38:28.944 25453 28336 I NAPPA_EXPERIMENTATION: MetricNetworkRequestExecutionTime: REQUEST_DURATION_SYSTEM='1493',REQUEST_DURATION_OKHTTP='714',REQUEST_SYNCHRONOUS='TRUE',RESPONSE_CODE='200',RESPONSE_METHOD='GET',RESPONSE_LENGTH_OKHTTP='-1',RESPONSE_LENGTH_HEADER='812',REQUEST_PROTOCOL='http/1.1',REQUEST_URL='https://api.gfycat.com/v1/gfycats/deadlygravecavy',
08-04 11:38:28.945 25453 28336 D OK      : request got status: 200
08-04 11:38:28.945 25453 26023 I PostListingFragment: Precaching images: OFF
08-04 11:38:28.945 25453 26023 I PostListingFragment: Precaching comments: OFF
08-04 11:38:28.950 25453 25476 I art     : Explicit concurrent mark sweep GC freed 3057(318KB) AllocSpace objects, 19(1160KB) LOS objects, 31% free, 35MB/51MB, paused 1.607ms total 50.808ms
08-04 11:38:28.954 25453 28369 I NAPPA_EXPERIMENTATION: MetricNetworkRequestExecutionTime: REQUEST_DURATION_SYSTEM='1376',REQUEST_DURATION_OKHTTP='532',REQUEST_SYNCHRONOUS='TRUE',RESPONSE_CODE='200',RESPONSE_METHOD='GET',RESPONSE_LENGTH_OKHTTP='6843',RESPONSE_LENGTH_HEADER='6843',REQUEST_PROTOCOL='h2',REQUEST_URL='https://b.thumbs.redditmedia.com/x5l4cICw0WNNvslt5FqVjwj89XrGjrXnNbaSyQRAyCo.jpg',
08-04 11:38:28.954 25453 28369 D OK      : request got status: 200
08-04 11:38:28.960 25453 28341 I RedditVideosAPI: For 'https://v.redd.it/fkewv2f65kd51/DASHPlaylist.mpd', got video stream 'https://v.redd.it/fkewv2f65kd51/DASH_480' and audio stream 'https://v.redd.it/fkewv2f65kd51/audio'
08-04 11:38:29.007 25453 28355 I RedditVideosAPI: For 'https://v.redd.it/h49fg58ygjd51/DASHPlaylist.mpd', got video stream 'https://v.redd.it/h49fg58ygjd51/DASH_480' and audio stream 'null'
08-04 11:38:29.014 25453 26023 I getImgurImageInfo: Image nLQR2hT: trying API v3 with auth
08-04 11:38:29.083 25453 28348 I RedditVideosAPI: For 'https://v.redd.it/ak6rer1hskd51/DASHPlaylist.mpd', got video stream 'https://v.redd.it/ak6rer1hskd51/DASH_360' and audio stream 'null'
08-04 11:38:29.105 13866 13882 I PeriodicStatsRunner: PeriodicStatsRunner.call():175 call()
08-04 11:38:29.105 13866 13882 I PeriodicStatsRunner: PeriodicStatsRunner.call():179 No submit PeriodicStats since input started.
08-04 11:38:29.113 25453 28358 I RedditVideosAPI: For 'https://v.redd.it/1ewzkieg0jd51/DASHPlaylist.mpd', got video stream 'https://v.redd.it/1ewzkieg0jd51/DASH_480' and audio stream 'https://v.redd.it/1ewzkieg0jd51/audio'
08-04 11:38:29.116 25453 28439 D OK      : calling: https://b.thumbs.redditmedia.com/WehZGjN94ALGdO0M7RjPJ2EwcyyWVZ_NUn1Fuf7IYWY.jpg
08-04 11:38:29.168 25453 28365 I RedditVideosAPI: For 'https://v.redd.it/b8vazlcb7ld51/DASHPlaylist.mpd', got video stream 'https://v.redd.it/b8vazlcb7ld51/DASH_480' and audio stream 'https://v.redd.it/b8vazlcb7ld51/audio'
08-04 11:38:29.273 25453 25465 I art     : Starting a blocking GC Explicit
08-04 11:38:29.280 25453 28360 I RedditVideosAPI: For 'https://v.redd.it/ppmhu2r9thd51/DASHPlaylist.mpd', got video stream 'https://v.redd.it/ppmhu2r9thd51/DASH_480' and audio stream 'null'
08-04 11:38:29.304 25453 28363 I RedditVideosAPI: For 'https://v.redd.it/s9qqadf3mid51/DASHPlaylist.mpd', got video stream 'https://v.redd.it/s9qqadf3mid51/DASH_480' and audio stream 'https://v.redd.it/s9qqadf3mid51/audio'
08-04 11:38:29.316 25453 28367 I RedditVideosAPI: For 'https://v.redd.it/ty24o02m1hd51/DASHPlaylist.mpd', got video stream 'https://v.redd.it/ty24o02m1hd51/DASH_480' and audio stream 'null'
08-04 11:38:29.321 25453 28372 I RedditVideosAPI: For 'https://v.redd.it/ar5k8892pid51/DASHPlaylist.mpd', got video stream 'https://v.redd.it/ar5k8892pid51/DASH_360' and audio stream 'https://v.redd.it/ar5k8892pid51/audio'
08-04 11:38:29.323 25453 28448 D OK      : calling: https://b.thumbs.redditmedia.com/Xdo4lcQOwuUNK1yxSlXZ0OI8u23ORAr16_AzfAZ1nvU.jpg
08-04 11:38:29.337 25453 25465 I art     : Explicit concurrent mark sweep GC freed 26199(1849KB) AllocSpace objects, 57(3MB) LOS objects, 30% free, 36MB/52MB, paused 886us total 63.664ms
08-04 11:38:29.349 25453 28449 D OK      : calling: https://b.thumbs.redditmedia.com/2KMYZ5hTlKXSvNO4hDUPyMba8Yz6skyu1SjUhLq1d9s.jpg
08-04 11:38:29.352 25453 28450 D OK      : calling: https://a.thumbs.redditmedia.com/EFVm-ZqqhARyEaKgtwU74c7tfzEDJvI0uiHXGglFag4.jpg
08-04 11:38:29.354 25453 28439 I NAPPA_EXPERIMENTATION: MetricNetworkRequestExecutionTime: REQUEST_DURATION_SYSTEM='237',REQUEST_DURATION_OKHTTP='144',REQUEST_SYNCHRONOUS='TRUE',RESPONSE_CODE='200',RESPONSE_METHOD='GET',RESPONSE_LENGTH_OKHTTP='5435',RESPONSE_LENGTH_HEADER='5435',REQUEST_PROTOCOL='h2',REQUEST_URL='https://b.thumbs.redditmedia.com/WehZGjN94ALGdO0M7RjPJ2EwcyyWVZ_NUn1Fuf7IYWY.jpg',
08-04 11:38:29.355 25453 28439 D OK      : request got status: 200
08-04 11:38:29.355 25453 28451 D OK      : calling: https://b.thumbs.redditmedia.com/qi4bNDKzoPvaSaSx99K2bAjwaRHh1nuOrcbySp1JHdk.jpg
08-04 11:38:29.358 25453 28452 D OK      : calling: https://b.thumbs.redditmedia.com/Ja8yiRMklM2lXd8q60LtBI6CqdmJ5YbWHRiBVFmICJA.jpg
08-04 11:38:29.360 25453 25465 I art     : Starting a blocking GC Explicit
08-04 11:38:29.362 25453 28453 D OK      : calling: https://b.thumbs.redditmedia.com/o5lSsJ_tCgCQxcdjMGaYxuveNluXB1PQT4PokXDhpvc.jpg
08-04 11:38:29.365 25453 28454 D OK      : calling: https://b.thumbs.redditmedia.com/SiCWTmKkQcbiAa7naxAHnw0adTeRkq1dB8QSqzGU7-Q.jpg
08-04 11:38:29.373 25453 28455 D OK      : calling: https://b.thumbs.redditmedia.com/C9qrVibnNxmzfLDKvEHp2v2Bo-Kqme7PoKC52s2o52M.jpg
08-04 11:38:29.380 25453 28456 D OK      : calling: https://a.thumbs.redditmedia.com/Tfsm0ol-ltlxNSBAkZ_4G4302d0hYeOSODkvXidBBR8.jpg
08-04 11:38:29.382 25453 28457 D OK      : calling: https://a.thumbs.redditmedia.com/Kzag-wH9wKRRg2MnPwgoFgXT_2jN_nkJ1lY1aNRQyT4.jpg
08-04 11:38:29.385 25453 28458 D OK      : calling: https://a.thumbs.redditmedia.com/P4gSGpXpi2wDXthNZ-LiwEs5Jvplm6dQ7W7Isqa7un4.jpg
08-04 11:38:29.387 25453 28459 D OK      : calling: https://b.thumbs.redditmedia.com/XkIhgqugP-9Zcb5I9A8o0r-zQJDh_6kastc0oWiiHkI.jpg
08-04 11:38:29.389 25453 28460 D OK      : calling: https://b.thumbs.redditmedia.com/3QPAtixkID9ojpqCAgfspJpruqoq45fM1G-Fx1K2F2A.jpg
08-04 11:38:29.391 25453 28461 D OK      : calling: https://b.thumbs.redditmedia.com/orK4W8Xc99pTzIT6q1waTsppldq24p1qMsHtkNnmu9w.jpg
08-04 11:38:29.394 25453 28462 D OK      : calling: https://b.thumbs.redditmedia.com/B1vXKY_-gTPbs625-RJ1MLIXxzCqfmnCB_0xnGjCECQ.jpg
08-04 11:38:29.396 25453 28463 D OK      : calling: https://a.thumbs.redditmedia.com/ffAKmOqnTuDMNR9MRfCdRtkq_CzN3MVhZxS64ZPYRh4.jpg
08-04 11:38:29.398 25453 28464 D OK      : calling: https://b.thumbs.redditmedia.com/OF1KI_LdSDMMWCy-WgJyRhIcM5fr7kDyu_OnpfRXHfI.jpg
08-04 11:38:29.401 25453 28465 D OK      : calling: https://b.thumbs.redditmedia.com/vuAhA4gGAmYfrTFA4woxZcKgmiDzJ3nAsql2pxcYGFs.jpg
08-04 11:38:29.403 25453 28466 D OK      : calling: https://b.thumbs.redditmedia.com/PtV7mFsO2n0j4YJweZjEqyVJ45hap4hXix9dwj6D0Wg.jpg
08-04 11:38:29.407 25453 28467 D OK      : calling: https://b.thumbs.redditmedia.com/wxTBcOhAgsmbc-TRaGNHpYJYnEOBr2LNsaZ6pCM91Lc.jpg
08-04 11:38:29.410 25453 28468 D OK      : calling: https://b.thumbs.redditmedia.com/Wo7bFIVNZYYuNioRYwZFYxrl6QMk0lT-3W01wrXgHmE.jpg
08-04 11:38:29.412 25453 25465 I art     : Explicit concurrent mark sweep GC freed 25868(1338KB) AllocSpace objects, 18(1236KB) LOS objects, 31% free, 35MB/51MB, paused 1.929ms total 51.850ms
08-04 11:38:29.412 25453 28469 D OK      : calling: https://b.thumbs.redditmedia.com/NoqMycYTzsyhI0Lq351riEI1mO9p8PvY1QwcZ9Irb9g.jpg
08-04 11:38:29.414 25453 28470 D OK      : calling: https://b.thumbs.redditmedia.com/KrRufqpifph7KM2Le5RdqEYQb24zbB4fizBJpFaH1Pc.jpg
08-04 11:38:29.416 25453 28471 D OK      : calling: https://b.thumbs.redditmedia.com/u2qz17QE3X5G7kkJrgK3HPCdxNQxNkhaWqfIhCuRMvE.jpg
08-04 11:38:29.418 25453 28472 D OK      : calling: https://v.redd.it/syww111dtjd51/DASHPlaylist.mpd
08-04 11:38:29.421 25453 28473 D OK      : calling: https://v.redd.it/pbqrrfb3tkd51/DASHPlaylist.mpd
08-04 11:38:29.423 25453 28474 D OK      : calling: https://v.redd.it/rrygsb8i4ld51/DASHPlaylist.mpd
08-04 11:38:29.426 25453 28475 D OK      : calling: https://v.redd.it/5x6zzipz8ld51/DASHPlaylist.mpd
08-04 11:38:29.429 25453 28476 D OK      : calling: https://v.redd.it/75en73fm5id51/DASHPlaylist.mpd
08-04 11:38:29.431 25453 28477 D OK      : calling: https://api.imgur.com/3/image/nLQR2hT
08-04 11:38:29.433 25453 28478 D OK      : calling: https://v.redd.it/ggz4fyth6hd51/DASHPlaylist.mpd
08-04 11:38:29.434 25453 25465 I art     : Starting a blocking GC Explicit
08-04 11:38:29.435 25453 28479 D OK      : calling: https://v.redd.it/psrknoobrgd51/DASHPlaylist.mpd
08-04 11:38:29.439 25453 28480 D OK      : calling: https://v.redd.it/jk6cwef4wld51/DASHPlaylist.mpd
08-04 11:38:29.441 25453 28481 D OK      : calling: https://v.redd.it/t81s8zfz9ld51/DASHPlaylist.mpd
08-04 11:38:29.443 25453 28482 D OK      : calling: https://v.redd.it/xd6c4yyutgd51/DASHPlaylist.mpd
08-04 11:38:29.445 25453 28483 D OK      : calling: https://v.redd.it/ue0jdgk9zhd51/DASHPlaylist.mpd
08-04 11:38:29.489 25453 25465 I art     : Explicit concurrent mark sweep GC freed 3506(190KB) AllocSpace objects, 1(68KB) LOS objects, 31% free, 35MB/51MB, paused 2.633ms total 55.418ms
08-04 11:38:29.508 25453 25465 I art     : Starting a blocking GC Explicit
08-04 11:38:29.567 25453 25465 I art     : Explicit concurrent mark sweep GC freed 491(21KB) AllocSpace objects, 0(0B) LOS objects, 31% free, 35MB/51MB, paused 2.646ms total 58.731ms
08-04 11:38:29.587 25453 25465 I art     : Starting a blocking GC Explicit
08-04 11:38:29.594 25453 28448 I NAPPA_EXPERIMENTATION: MetricNetworkRequestExecutionTime: REQUEST_DURATION_SYSTEM='271',REQUEST_DURATION_OKHTTP='270',REQUEST_SYNCHRONOUS='TRUE',RESPONSE_CODE='200',RESPONSE_METHOD='GET',RESPONSE_LENGTH_OKHTTP='5191',RESPONSE_LENGTH_HEADER='5191',REQUEST_PROTOCOL='h2',REQUEST_URL='https://b.thumbs.redditmedia.com/Xdo4lcQOwuUNK1yxSlXZ0OI8u23ORAr16_AzfAZ1nvU.jpg',
08-04 11:38:29.594 25453 28448 D OK      : request got status: 200
08-04 11:38:29.630 25453 28449 I NAPPA_EXPERIMENTATION: MetricNetworkRequestExecutionTime: REQUEST_DURATION_SYSTEM='281',REQUEST_DURATION_OKHTTP='279',REQUEST_SYNCHRONOUS='TRUE',RESPONSE_CODE='200',RESPONSE_METHOD='GET',RESPONSE_LENGTH_OKHTTP='5098',RESPONSE_LENGTH_HEADER='5098',REQUEST_PROTOCOL='h2',REQUEST_URL='https://b.thumbs.redditmedia.com/2KMYZ5hTlKXSvNO4hDUPyMba8Yz6skyu1SjUhLq1d9s.jpg',
08-04 11:38:29.630 25453 28449 D OK      : request got status: 200
08-04 11:38:29.651 25453 25465 I art     : Explicit concurrent mark sweep GC freed 314(28KB) AllocSpace objects, 2(136KB) LOS objects, 31% free, 35MB/51MB, paused 2.582ms total 62.944ms
08-04 11:38:29.672 25453 28452 I NAPPA_EXPERIMENTATION: MetricNetworkRequestExecutionTime: REQUEST_DURATION_SYSTEM='314',REQUEST_DURATION_OKHTTP='313',REQUEST_SYNCHRONOUS='TRUE',RESPONSE_CODE='200',RESPONSE_METHOD='GET',RESPONSE_LENGTH_OKHTTP='5414',RESPONSE_LENGTH_HEADER='5414',REQUEST_PROTOCOL='h2',REQUEST_URL='https://b.thumbs.redditmedia.com/Ja8yiRMklM2lXd8q60LtBI6CqdmJ5YbWHRiBVFmICJA.jpg',
08-04 11:38:29.673 25453 28452 D OK      : request got status: 200
08-04 11:38:29.694 20359 20359 I ServiceManager: Waiting for service AtCmdFwd...
08-04 11:38:29.695 25453 28451 I NAPPA_EXPERIMENTATION: MetricNetworkRequestExecutionTime: REQUEST_DURATION_SYSTEM='340',REQUEST_DURATION_OKHTTP='340',REQUEST_SYNCHRONOUS='TRUE',RESPONSE_CODE='200',RESPONSE_METHOD='GET',RESPONSE_LENGTH_OKHTTP='4475',RESPONSE_LENGTH_HEADER='4475',REQUEST_PROTOCOL='h2',REQUEST_URL='https://b.thumbs.redditmedia.com/qi4bNDKzoPvaSaSx99K2bAjwaRHh1nuOrcbySp1JHdk.jpg',
08-04 11:38:29.695 25453 28451 D OK      : request got status: 200
08-04 11:38:29.710 25453 28455 I NAPPA_EXPERIMENTATION: MetricNetworkRequestExecutionTime: REQUEST_DURATION_SYSTEM='337',REQUEST_DURATION_OKHTTP='336',REQUEST_SYNCHRONOUS='TRUE',RESPONSE_CODE='200',RESPONSE_METHOD='GET',RESPONSE_LENGTH_OKHTTP='5378',RESPONSE_LENGTH_HEADER='5378',REQUEST_PROTOCOL='h2',REQUEST_URL='https://b.thumbs.redditmedia.com/C9qrVibnNxmzfLDKvEHp2v2Bo-Kqme7PoKC52s2o52M.jpg',
08-04 11:38:29.711 25453 28455 D OK      : request got status: 200
08-04 11:38:29.728 25453 28453 I NAPPA_EXPERIMENTATION: MetricNetworkRequestExecutionTime: REQUEST_DURATION_SYSTEM='365',REQUEST_DURATION_OKHTTP='365',REQUEST_SYNCHRONOUS='TRUE',RESPONSE_CODE='200',RESPONSE_METHOD='GET',RESPONSE_LENGTH_OKHTTP='4921',RESPONSE_LENGTH_HEADER='4921',REQUEST_PROTOCOL='h2',REQUEST_URL='https://b.thumbs.redditmedia.com/o5lSsJ_tCgCQxcdjMGaYxuveNluXB1PQT4PokXDhpvc.jpg',
08-04 11:38:29.728 25453 28453 D OK      : request got status: 200
08-04 11:38:29.739 25453 28454 I NAPPA_EXPERIMENTATION: MetricNetworkRequestExecutionTime: REQUEST_DURATION_SYSTEM='373',REQUEST_DURATION_OKHTTP='373',REQUEST_SYNCHRONOUS='TRUE',RESPONSE_CODE='200',RESPONSE_METHOD='GET',RESPONSE_LENGTH_OKHTTP='5968',RESPONSE_LENGTH_HEADER='5968',REQUEST_PROTOCOL='h2',REQUEST_URL='https://b.thumbs.redditmedia.com/SiCWTmKkQcbiAa7naxAHnw0adTeRkq1dB8QSqzGU7-Q.jpg',
08-04 11:38:29.739 25453 28454 D OK      : request got status: 200
08-04 11:38:29.765 25453 28462 I NAPPA_EXPERIMENTATION: MetricNetworkRequestExecutionTime: REQUEST_DURATION_SYSTEM='371',REQUEST_DURATION_OKHTTP='371',REQUEST_SYNCHRONOUS='TRUE',RESPONSE_CODE='200',RESPONSE_METHOD='GET',RESPONSE_LENGTH_OKHTTP='3864',RESPONSE_LENGTH_HEADER='3864',REQUEST_PROTOCOL='h2',REQUEST_URL='https://b.thumbs.redditmedia.com/B1vXKY_-gTPbs625-RJ1MLIXxzCqfmnCB_0xnGjCECQ.jpg',
08-04 11:38:29.765 25453 28462 D OK      : request got status: 200
08-04 11:38:29.793 25453 28461 I NAPPA_EXPERIMENTATION: MetricNetworkRequestExecutionTime: REQUEST_DURATION_SYSTEM='402',REQUEST_DURATION_OKHTTP='400',REQUEST_SYNCHRONOUS='TRUE',RESPONSE_CODE='200',RESPONSE_METHOD='GET',RESPONSE_LENGTH_OKHTTP='6654',RESPONSE_LENGTH_HEADER='6654',REQUEST_PROTOCOL='h2',REQUEST_URL='https://b.thumbs.redditmedia.com/orK4W8Xc99pTzIT6q1waTsppldq24p1qMsHtkNnmu9w.jpg',
08-04 11:38:29.793 25453 28461 D OK      : request got status: 200
08-04 11:38:29.806 25453 28459 I NAPPA_EXPERIMENTATION: MetricNetworkRequestExecutionTime: REQUEST_DURATION_SYSTEM='419',REQUEST_DURATION_OKHTTP='418',REQUEST_SYNCHRONOUS='TRUE',RESPONSE_CODE='200',RESPONSE_METHOD='GET',RESPONSE_LENGTH_OKHTTP='4080',RESPONSE_LENGTH_HEADER='4080',REQUEST_PROTOCOL='h2',REQUEST_URL='https://b.thumbs.redditmedia.com/XkIhgqugP-9Zcb5I9A8o0r-zQJDh_6kastc0oWiiHkI.jpg',
08-04 11:38:29.806 25453 28459 D OK      : request got status: 200
08-04 11:38:29.811 25453 28464 I NAPPA_EXPERIMENTATION: MetricNetworkRequestExecutionTime: REQUEST_DURATION_SYSTEM='412',REQUEST_DURATION_OKHTTP='412',REQUEST_SYNCHRONOUS='TRUE',RESPONSE_CODE='200',RESPONSE_METHOD='GET',RESPONSE_LENGTH_OKHTTP='5125',RESPONSE_LENGTH_HEADER='5125',REQUEST_PROTOCOL='h2',REQUEST_URL='https://b.thumbs.redditmedia.com/OF1KI_LdSDMMWCy-WgJyRhIcM5fr7kDyu_OnpfRXHfI.jpg',
08-04 11:38:29.812 25453 28464 D OK      : request got status: 200
08-04 11:38:29.854 25453 28460 I NAPPA_EXPERIMENTATION: MetricNetworkRequestExecutionTime: REQUEST_DURATION_SYSTEM='465',REQUEST_DURATION_OKHTTP='464',REQUEST_SYNCHRONOUS='TRUE',RESPONSE_CODE='200',RESPONSE_METHOD='GET',RESPONSE_LENGTH_OKHTTP='3183',RESPONSE_LENGTH_HEADER='3183',REQUEST_PROTOCOL='h2',REQUEST_URL='https://b.thumbs.redditmedia.com/3QPAtixkID9ojpqCAgfspJpruqoq45fM1G-Fx1K2F2A.jpg',
08-04 11:38:29.855 25453 28460 D OK      : request got status: 200
08-04 11:38:29.860 25453 28465 I NAPPA_EXPERIMENTATION: MetricNetworkRequestExecutionTime: REQUEST_DURATION_SYSTEM='459',REQUEST_DURATION_OKHTTP='458',REQUEST_SYNCHRONOUS='TRUE',RESPONSE_CODE='200',RESPONSE_METHOD='GET',RESPONSE_LENGTH_OKHTTP='6723',RESPONSE_LENGTH_HEADER='6723',REQUEST_PROTOCOL='h2',REQUEST_URL='https://b.thumbs.redditmedia.com/vuAhA4gGAmYfrTFA4woxZcKgmiDzJ3nAsql2pxcYGFs.jpg',
08-04 11:38:29.861 25453 28465 D OK      : request got status: 200
08-04 11:38:29.892 25453 28466 I NAPPA_EXPERIMENTATION: MetricNetworkRequestExecutionTime: REQUEST_DURATION_SYSTEM='489',REQUEST_DURATION_OKHTTP='488',REQUEST_SYNCHRONOUS='TRUE',RESPONSE_CODE='200',RESPONSE_METHOD='GET',RESPONSE_LENGTH_OKHTTP='5329',RESPONSE_LENGTH_HEADER='5329',REQUEST_PROTOCOL='h2',REQUEST_URL='https://b.thumbs.redditmedia.com/PtV7mFsO2n0j4YJweZjEqyVJ45hap4hXix9dwj6D0Wg.jpg',
08-04 11:38:29.892 25453 28466 D OK      : request got status: 200
08-04 11:38:29.896 25453 28467 I NAPPA_EXPERIMENTATION: MetricNetworkRequestExecutionTime: REQUEST_DURATION_SYSTEM='489',REQUEST_DURATION_OKHTTP='488',REQUEST_SYNCHRONOUS='TRUE',RESPONSE_CODE='200',RESPONSE_METHOD='GET',RESPONSE_LENGTH_OKHTTP='6316',RESPONSE_LENGTH_HEADER='6316',REQUEST_PROTOCOL='h2',REQUEST_URL='https://b.thumbs.redditmedia.com/wxTBcOhAgsmbc-TRaGNHpYJYnEOBr2LNsaZ6pCM91Lc.jpg',
08-04 11:38:29.897 25453 28467 D OK      : request got status: 200
08-04 11:38:29.911 25453 28468 I NAPPA_EXPERIMENTATION: MetricNetworkRequestExecutionTime: REQUEST_DURATION_SYSTEM='501',REQUEST_DURATION_OKHTTP='501',REQUEST_SYNCHRONOUS='TRUE',RESPONSE_CODE='200',RESPONSE_METHOD='GET',RESPONSE_LENGTH_OKHTTP='7815',RESPONSE_LENGTH_HEADER='7815',REQUEST_PROTOCOL='h2',REQUEST_URL='https://b.thumbs.redditmedia.com/Wo7bFIVNZYYuNioRYwZFYxrl6QMk0lT-3W01wrXgHmE.jpg',
08-04 11:38:29.911 25453 28468 D OK      : request got status: 200
08-04 11:38:29.946 25453 28469 I NAPPA_EXPERIMENTATION: MetricNetworkRequestExecutionTime: REQUEST_DURATION_SYSTEM='534',REQUEST_DURATION_OKHTTP='533',REQUEST_SYNCHRONOUS='TRUE',RESPONSE_CODE='200',RESPONSE_METHOD='GET',RESPONSE_LENGTH_OKHTTP='5648',RESPONSE_LENGTH_HEADER='5648',REQUEST_PROTOCOL='h2',REQUEST_URL='https://b.thumbs.redditmedia.com/NoqMycYTzsyhI0Lq351riEI1mO9p8PvY1QwcZ9Irb9g.jpg',
08-04 11:38:29.946 25453 28469 D OK      : request got status: 200
08-04 11:38:29.954 25453 28470 I NAPPA_EXPERIMENTATION: MetricNetworkRequestExecutionTime: REQUEST_DURATION_SYSTEM='540',REQUEST_DURATION_OKHTTP='538',REQUEST_SYNCHRONOUS='TRUE',RESPONSE_CODE='200',RESPONSE_METHOD='GET',RESPONSE_LENGTH_OKHTTP='5198',RESPONSE_LENGTH_HEADER='5198',REQUEST_PROTOCOL='h2',REQUEST_URL='https://b.thumbs.redditmedia.com/KrRufqpifph7KM2Le5RdqEYQb24zbB4fizBJpFaH1Pc.jpg',
08-04 11:38:29.954 25453 28470 D OK      : request got status: 200
08-04 11:38:29.977 25453 28471 I NAPPA_EXPERIMENTATION: MetricNetworkRequestExecutionTime: REQUEST_DURATION_SYSTEM='561',REQUEST_DURATION_OKHTTP='560',REQUEST_SYNCHRONOUS='TRUE',RESPONSE_CODE='200',RESPONSE_METHOD='GET',RESPONSE_LENGTH_OKHTTP='5579',RESPONSE_LENGTH_HEADER='5579',REQUEST_PROTOCOL='h2',REQUEST_URL='https://b.thumbs.redditmedia.com/u2qz17QE3X5G7kkJrgK3HPCdxNQxNkhaWqfIhCuRMvE.jpg',
08-04 11:38:29.977 25453 28471 D OK      : request got status: 200
08-04 11:38:29.985 25453 25679 I art     : Starting a blocking GC Explicit
08-04 11:38:30.043 25453 25679 I art     : Explicit concurrent mark sweep GC freed 17118(1322KB) AllocSpace objects, 63(4MB) LOS objects, 29% free, 38MB/54MB, paused 1.688ms total 58.019ms
08-04 11:38:30.062 25453 25679 I art     : Starting a blocking GC Explicit
08-04 11:38:30.067 25453 28456 I NAPPA_EXPERIMENTATION: MetricNetworkRequestExecutionTime: REQUEST_DURATION_SYSTEM='687',REQUEST_DURATION_OKHTTP='252',REQUEST_SYNCHRONOUS='TRUE',RESPONSE_CODE='200',RESPONSE_METHOD='GET',RESPONSE_LENGTH_OKHTTP='7540',RESPONSE_LENGTH_HEADER='7540',REQUEST_PROTOCOL='h2',REQUEST_URL='https://a.thumbs.redditmedia.com/Tfsm0ol-ltlxNSBAkZ_4G4302d0hYeOSODkvXidBBR8.jpg',
08-04 11:38:30.067 25453 28456 D OK      : request got status: 200
08-04 11:38:30.099 25453 28450 I NAPPA_EXPERIMENTATION: MetricNetworkRequestExecutionTime: REQUEST_DURATION_SYSTEM='747',REQUEST_DURATION_OKHTTP='290',REQUEST_SYNCHRONOUS='TRUE',RESPONSE_CODE='200',RESPONSE_METHOD='GET',RESPONSE_LENGTH_OKHTTP='5307',RESPONSE_LENGTH_HEADER='5307',REQUEST_PROTOCOL='h2',REQUEST_URL='https://a.thumbs.redditmedia.com/EFVm-ZqqhARyEaKgtwU74c7tfzEDJvI0uiHXGglFag4.jpg',
08-04 11:38:30.099 25453 28450 D OK      : request got status: 200
08-04 11:38:30.115 25453 25679 I art     : Explicit concurrent mark sweep GC freed 9640(504KB) AllocSpace objects, 16(1020KB) LOS objects, 28% free, 39MB/55MB, paused 1.654ms total 52.064ms
08-04 11:38:30.134 25453 25679 I art     : Starting a blocking GC Explicit
08-04 11:38:30.142 25453 28457 I NAPPA_EXPERIMENTATION: MetricNetworkRequestExecutionTime: REQUEST_DURATION_SYSTEM='760',REQUEST_DURATION_OKHTTP='200',REQUEST_SYNCHRONOUS='TRUE',RESPONSE_CODE='200',RESPONSE_METHOD='GET',RESPONSE_LENGTH_OKHTTP='3635',RESPONSE_LENGTH_HEADER='3635',REQUEST_PROTOCOL='h2',REQUEST_URL='https://a.thumbs.redditmedia.com/Kzag-wH9wKRRg2MnPwgoFgXT_2jN_nkJ1lY1aNRQyT4.jpg',
08-04 11:38:30.143 25453 28457 D OK      : request got status: 200
08-04 11:38:30.183 25453 25679 I art     : Explicit concurrent mark sweep GC freed 1570(277KB) AllocSpace objects, 20(932KB) LOS objects, 28% free, 39MB/55MB, paused 1.386ms total 48.389ms
08-04 11:38:30.201 25453 25679 I art     : Starting a blocking GC Explicit
08-04 11:38:30.254 25453 25679 I art     : Explicit concurrent mark sweep GC freed 1092(99KB) AllocSpace objects, 12(648KB) LOS objects, 28% free, 39MB/55MB, paused 1.367ms total 52.125ms
08-04 11:38:30.273 25453 25679 I art     : Starting a blocking GC Explicit
08-04 11:38:30.336 25453 25679 I art     : Explicit concurrent mark sweep GC freed 49(1696B) AllocSpace objects, 0(0B) LOS objects, 28% free, 39MB/55MB, paused 1.453ms total 62.735ms
08-04 11:38:30.695 20359 20359 I ServiceManager: Waiting for service AtCmdFwd...
08-04 11:38:30.716 25453 25466 I art     : Starting a blocking GC Explicit
08-04 11:38:30.790 25453 25466 I art     : Explicit concurrent mark sweep GC freed 1360(83KB) AllocSpace objects, 1(20KB) LOS objects, 28% free, 39MB/55MB, paused 1.809ms total 72.128ms
08-04 11:38:30.812 25453 25466 I art     : Starting a blocking GC Explicit
08-04 11:38:30.863 25453 25466 I art     : Explicit concurrent mark sweep GC freed 20(704B) AllocSpace objects, 0(0B) LOS objects, 28% free, 39MB/55MB, paused 1.333ms total 50.599ms
08-04 11:38:30.883 25453 25466 I art     : Starting a blocking GC Explicit
08-04 11:38:30.940 25453 25466 I art     : Explicit concurrent mark sweep GC freed 3(96B) AllocSpace objects, 0(0B) LOS objects, 28% free, 39MB/55MB, paused 1.384ms total 57.428ms
08-04 11:38:30.960 25453 25466 I art     : Starting a blocking GC Explicit
08-04 11:38:31.022 25453 25466 I art     : Explicit concurrent mark sweep GC freed 3(96B) AllocSpace objects, 0(0B) LOS objects, 28% free, 39MB/55MB, paused 1.431ms total 61.222ms
08-04 11:38:31.042 25453 25466 I art     : Starting a blocking GC Explicit
08-04 11:38:31.093 13866 13882 I PeriodicStatsRunner: PeriodicStatsRunner.call():175 call()
08-04 11:38:31.094 13866 13882 I PeriodicStatsRunner: PeriodicStatsRunner.call():179 No submit PeriodicStats since input started.
08-04 11:38:31.100 25453 25466 I art     : Explicit concurrent mark sweep GC freed 3(96B) AllocSpace objects, 0(0B) LOS objects, 28% free, 39MB/55MB, paused 1.417ms total 57.755ms
08-04 11:38:31.420 25453 25476 I art     : Starting a blocking GC Explicit
08-04 11:38:31.483 25453 25476 I art     : Explicit concurrent mark sweep GC freed 1364(83KB) AllocSpace objects, 1(20KB) LOS objects, 28% free, 39MB/55MB, paused 1.393ms total 61.076ms
08-04 11:38:31.502 25453 25476 I art     : Starting a blocking GC Explicit
08-04 11:38:31.558   518   646 I ThermalEngine: ACTION: GPU - Setting GPU[0] to 510000000
08-04 11:38:31.561 25453 25476 I art     : Explicit concurrent mark sweep GC freed 20(704B) AllocSpace objects, 0(0B) LOS objects, 28% free, 39MB/55MB, paused 1.349ms total 57.940ms
08-04 11:38:31.581 25453 25476 I art     : Starting a blocking GC Explicit
08-04 11:38:31.631 25453 25476 I art     : Explicit concurrent mark sweep GC freed 3(96B) AllocSpace objects, 0(0B) LOS objects, 28% free, 39MB/55MB, paused 1.083ms total 49.450ms
08-04 11:38:31.646 25453 25476 I art     : Starting a blocking GC Explicit
08-04 11:38:31.690 25453 25476 I art     : Explicit concurrent mark sweep GC freed 3(96B) AllocSpace objects, 0(0B) LOS objects, 28% free, 39MB/55MB, paused 1.052ms total 43.638ms
08-04 11:38:31.696 20359 20359 W Atfwd_Sendcmd: AtCmdFwd service not published, waiting... retryCnt : 4
08-04 11:38:31.705 25453 25476 I art     : Starting a blocking GC Explicit
08-04 11:38:31.738 28516 28516 D AndroidRuntime: >>>>>> START com.android.internal.os.RuntimeInit uid 2000 <<<<<<
08-04 11:38:31.742 28516 28516 D AndroidRuntime: CheckJNI is OFF
08-04 11:38:31.748 25453 25476 I art     : Explicit concurrent mark sweep GC freed 3(96B) AllocSpace objects, 0(0B) LOS objects, 28% free, 39MB/55MB, paused 1.104ms total 42.766ms
08-04 11:38:31.778 28516 28516 D ICU     : No timezone override file found: /data/misc/zoneinfo/current/icu/icu_tzdata.dat
08-04 11:38:31.810 28516 28516 I Radio-JNI: register_android_hardware_Radio DONE
08-04 11:38:31.831 28516 28516 D AndroidRuntime: Calling main entry com.android.commands.input.Input
08-04 11:38:31.834 28516 28516 I Input   : injectMotionEvent: MotionEvent { action=ACTION_DOWN, actionButton=0, id[0]=0, x[0]=1340.0, y[0]=1100.0, toolType[0]=TOOL_TYPE_UNKNOWN, buttonState=0, metaState=0, flags=0x0, edgeFlags=0x0, pointerCount=1, historySize=0, eventTime=704328246, downTime=704328246, deviceId=0, source=0x1002 }
08-04 11:38:31.839 28516 28516 I Input   : injectMotionEvent: MotionEvent { action=ACTION_UP, actionButton=0, id[0]=0, x[0]=1340.0, y[0]=1100.0, toolType[0]=TOOL_TYPE_UNKNOWN, buttonState=0, metaState=0, flags=0x0, edgeFlags=0x0, pointerCount=1, historySize=0, eventTime=704328246, downTime=704328246, deviceId=0, source=0x1002 }
08-04 11:38:31.841 28516 28516 D AndroidRuntime: Shutting down VM
08-04 11:38:31.860   512  2967 D audio_hw_primary: out_set_parameters: enter: usecase(1: low-latency-playback) kvpairs: routing=2
08-04 11:38:31.861   918   929 I ActivityManager: START u0 {dat=https://oauth.reddit.com/... cmp=baseline.org.quantumbadger.redreader/.activities.CommentListingActivity} from uid 10666 on display 0
08-04 11:38:31.874   512  2967 D audio_hw_primary: select_devices: out_snd_device(2: speaker) in_snd_device(0: none)
08-04 11:38:31.874   512  2967 D msm8974_platform: platform_send_audio_calibration: sending audio calibration for snd_device(2) acdb_id(15)
08-04 11:38:31.874   512  2967 I soundtrigger: audio_extn_sound_trigger_update_device_status: device 0x2 of type 0 for Event 1
08-04 11:38:31.888 25453 25453 I AppCompatViewInflater: app:theme is now deprecated. Please move to using android:theme instead.
08-04 11:38:31.889   512  2967 D audio_hw_primary: enable_snd_device: snd_device(2: speaker)
08-04 11:38:31.891   512  2967 D audio_hw_primary: enable_audio_route: apply and update mixer path: low-latency-playback speaker
08-04 11:38:31.907 25453 28547 D OK      : calling: https://oauth.reddit.com/comments/hzejrd/.json?sort=confidence
08-04 11:38:31.964 13866 13866 I GoogleInputMethodServic: GoogleInputMethodService.onFinishInput():3138 
08-04 11:38:31.965 13866 13866 I GoogleInputMethodServic: GoogleInputMethodService.onStartInput():1808 
08-04 11:38:31.965   918   936 I ActivityManager: Displayed baseline.org.quantumbadger.redreader/.activities.CommentListingActivity: +93ms
08-04 11:38:32.014 25453 25465 I art     : Starting a blocking GC Explicit
08-04 11:38:32.058 25453 25465 I art     : Explicit concurrent mark sweep GC freed 19705(864KB) AllocSpace objects, 4(384KB) LOS objects, 28% free, 40MB/56MB, paused 1.136ms total 44.467ms
08-04 11:38:32.072 25453 25465 I art     : Starting a blocking GC Explicit
08-04 11:38:32.112 25453 25465 I art     : Explicit concurrent mark sweep GC freed 8037(1007KB) AllocSpace objects, 20(2MB) LOS objects, 30% free, 36MB/52MB, paused 923us total 39.894ms
08-04 11:38:32.117 25453 28463 I NAPPA_EXPERIMENTATION: MetricNetworkRequestExecutionTime: REQUEST_DURATION_SYSTEM='2721',REQUEST_DURATION_OKHTTP='2156',REQUEST_SYNCHRONOUS='TRUE',RESPONSE_CODE='200',RESPONSE_METHOD='GET',RESPONSE_LENGTH_OKHTTP='4470',RESPONSE_LENGTH_HEADER='4470',REQUEST_PROTOCOL='h2',REQUEST_URL='https://a.thumbs.redditmedia.com/ffAKmOqnTuDMNR9MRfCdRtkq_CzN3MVhZxS64ZPYRh4.jpg',
08-04 11:38:32.117 25453 28463 D OK      : request got status: 200
08-04 11:38:32.127 25453 25465 I art     : Starting a blocking GC Explicit
08-04 11:38:32.169 25453 25465 I art     : Explicit concurrent mark sweep GC freed 669(59KB) AllocSpace objects, 4(188KB) LOS objects, 30% free, 37MB/53MB, paused 979us total 41.451ms
08-04 11:38:32.185 25453 25465 I art     : Starting a blocking GC Explicit
08-04 11:38:32.189 25453 28458 I NAPPA_EXPERIMENTATION: MetricNetworkRequestExecutionTime: REQUEST_DURATION_SYSTEM='2804',REQUEST_DURATION_OKHTTP='2227',REQUEST_SYNCHRONOUS='TRUE',RESPONSE_CODE='200',RESPONSE_METHOD='GET',RESPONSE_LENGTH_OKHTTP='5641',RESPONSE_LENGTH_HEADER='5641',REQUEST_PROTOCOL='h2',REQUEST_URL='https://a.thumbs.redditmedia.com/P4gSGpXpi2wDXthNZ-LiwEs5Jvplm6dQ7W7Isqa7un4.jpg',
08-04 11:38:32.189 25453 28458 D OK      : request got status: 200
08-04 11:38:32.220   380   380 W SurfaceFlinger: couldn't log to binary event log: overflow.
08-04 11:38:32.233 25453 25465 I art     : Explicit concurrent mark sweep GC freed 503(45KB) AllocSpace objects, 3(156KB) LOS objects, 30% free, 37MB/53MB, paused 996us total 48.447ms
08-04 11:38:32.248 25453 25465 I art     : Starting a blocking GC Explicit
08-04 11:38:32.284 25453 25465 I art     : Explicit concurrent mark sweep GC freed 512(57KB) AllocSpace objects, 3(168KB) LOS objects, 30% free, 37MB/53MB, paused 851us total 36.324ms
08-04 11:38:32.363 25453 28473 I NAPPA_EXPERIMENTATION: MetricNetworkRequestExecutionTime: REQUEST_DURATION_SYSTEM='2942',REQUEST_DURATION_OKHTTP='2262',REQUEST_SYNCHRONOUS='TRUE',RESPONSE_CODE='200',RESPONSE_METHOD='GET',RESPONSE_LENGTH_OKHTTP='2071',RESPONSE_LENGTH_HEADER='2071',REQUEST_PROTOCOL='h2',REQUEST_URL='https://v.redd.it/pbqrrfb3tkd51/DASHPlaylist.mpd',
08-04 11:38:32.363 25453 28473 D OK      : request got status: 200
08-04 11:38:32.375 25453 28483 I NAPPA_EXPERIMENTATION: MetricNetworkRequestExecutionTime: REQUEST_DURATION_SYSTEM='2930',REQUEST_DURATION_OKHTTP='350',REQUEST_SYNCHRONOUS='TRUE',RESPONSE_CODE='200',RESPONSE_METHOD='GET',RESPONSE_LENGTH_OKHTTP='2344',RESPONSE_LENGTH_HEADER='2344',REQUEST_PROTOCOL='h2',REQUEST_URL='https://v.redd.it/ue0jdgk9zhd51/DASHPlaylist.mpd',
08-04 11:38:32.375 25453 28483 D OK      : request got status: 200
08-04 11:38:32.378 25453 28472 I NAPPA_EXPERIMENTATION: MetricNetworkRequestExecutionTime: REQUEST_DURATION_SYSTEM='2959',REQUEST_DURATION_OKHTTP='2294',REQUEST_SYNCHRONOUS='TRUE',RESPONSE_CODE='200',RESPONSE_METHOD='GET',RESPONSE_LENGTH_OKHTTP='2696',RESPONSE_LENGTH_HEADER='2696',REQUEST_PROTOCOL='h2',REQUEST_URL='https://v.redd.it/syww111dtjd51/DASHPlaylist.mpd',
08-04 11:38:32.378 25453 28472 D OK      : request got status: 200
08-04 11:38:32.383 25453 28474 I NAPPA_EXPERIMENTATION: MetricNetworkRequestExecutionTime: REQUEST_DURATION_SYSTEM='2960',REQUEST_DURATION_OKHTTP='2295',REQUEST_SYNCHRONOUS='TRUE',RESPONSE_CODE='200',RESPONSE_METHOD='GET',RESPONSE_LENGTH_OKHTTP='3060',RESPONSE_LENGTH_HEADER='3060',REQUEST_PROTOCOL='h2',REQUEST_URL='https://v.redd.it/rrygsb8i4ld51/DASHPlaylist.mpd',
08-04 11:38:32.384 25453 28474 D OK      : request got status: 200
08-04 11:38:32.398 25453 28479 I NAPPA_EXPERIMENTATION: MetricNetworkRequestExecutionTime: REQUEST_DURATION_SYSTEM='2963',REQUEST_DURATION_OKHTTP='373',REQUEST_SYNCHRONOUS='TRUE',RESPONSE_CODE='200',RESPONSE_METHOD='GET',RESPONSE_LENGTH_OKHTTP='2427',RESPONSE_LENGTH_HEADER='2427',REQUEST_PROTOCOL='h2',REQUEST_URL='https://v.redd.it/psrknoobrgd51/DASHPlaylist.mpd',
08-04 11:38:32.398 25453 28479 D OK      : request got status: 200
08-04 11:38:32.410 25453 28477 I NAPPA_EXPERIMENTATION: MetricNetworkRequestExecutionTime: REQUEST_DURATION_SYSTEM='2979',REQUEST_DURATION_OKHTTP='401',REQUEST_SYNCHRONOUS='TRUE',RESPONSE_CODE='200',RESPONSE_METHOD='GET',RESPONSE_LENGTH_OKHTTP='-1',RESPONSE_LENGTH_HEADER='377',REQUEST_PROTOCOL='h2',REQUEST_URL='https://api.imgur.com/3/image/nLQR2hT',
08-04 11:38:32.410 25453 28477 D OK      : request got status: 200
08-04 11:38:32.419 25453 28480 I NAPPA_EXPERIMENTATION: MetricNetworkRequestExecutionTime: REQUEST_DURATION_SYSTEM='2980',REQUEST_DURATION_OKHTTP='396',REQUEST_SYNCHRONOUS='TRUE',RESPONSE_CODE='200',RESPONSE_METHOD='GET',RESPONSE_LENGTH_OKHTTP='2071',RESPONSE_LENGTH_HEADER='2071',REQUEST_PROTOCOL='h2',REQUEST_URL='https://v.redd.it/jk6cwef4wld51/DASHPlaylist.mpd',
08-04 11:38:32.419 25453 28480 D OK      : request got status: 200
08-04 11:38:32.420 25453 28476 I NAPPA_EXPERIMENTATION: MetricNetworkRequestExecutionTime: REQUEST_DURATION_SYSTEM='2991',REQUEST_DURATION_OKHTTP='2324',REQUEST_SYNCHRONOUS='TRUE',RESPONSE_CODE='200',RESPONSE_METHOD='GET',RESPONSE_LENGTH_OKHTTP='2700',RESPONSE_LENGTH_HEADER='2700',REQUEST_PROTOCOL='h2',REQUEST_URL='https://v.redd.it/75en73fm5id51/DASHPlaylist.mpd',
08-04 11:38:32.421 25453 28476 D OK      : request got status: 200
08-04 11:38:32.422 25453 28482 I NAPPA_EXPERIMENTATION: MetricNetworkRequestExecutionTime: REQUEST_DURATION_SYSTEM='2978',REQUEST_DURATION_OKHTTP='395',REQUEST_SYNCHRONOUS='TRUE',RESPONSE_CODE='200',RESPONSE_METHOD='GET',RESPONSE_LENGTH_OKHTTP='2071',RESPONSE_LENGTH_HEADER='2071',REQUEST_PROTOCOL='h2',REQUEST_URL='https://v.redd.it/xd6c4yyutgd51/DASHPlaylist.mpd',
08-04 11:38:32.422 25453 28482 D OK      : request got status: 200
08-04 11:38:32.423 25453 28473 I RedditVideosAPI: For 'https://v.redd.it/pbqrrfb3tkd51/DASHPlaylist.mpd', got video stream 'https://v.redd.it/pbqrrfb3tkd51/DASH_480' and audio stream 'null'
08-04 11:38:32.425 25453 28475 I NAPPA_EXPERIMENTATION: MetricNetworkRequestExecutionTime: REQUEST_DURATION_SYSTEM='2999',REQUEST_DURATION_OKHTTP='427',REQUEST_SYNCHRONOUS='TRUE',RESPONSE_CODE='200',RESPONSE_METHOD='GET',RESPONSE_LENGTH_OKHTTP='2789',RESPONSE_LENGTH_HEADER='2789',REQUEST_PROTOCOL='h2',REQUEST_URL='https://v.redd.it/5x6zzipz8ld51/DASHPlaylist.mpd',
08-04 11:38:32.425 25453 28475 D OK      : request got status: 200
08-04 11:38:32.425 25453 28478 I NAPPA_EXPERIMENTATION: MetricNetworkRequestExecutionTime: REQUEST_DURATION_SYSTEM='2992',REQUEST_DURATION_OKHTTP='400',REQUEST_SYNCHRONOUS='TRUE',RESPONSE_CODE='200',RESPONSE_METHOD='GET',RESPONSE_LENGTH_OKHTTP='1713',RESPONSE_LENGTH_HEADER='1713',REQUEST_PROTOCOL='h2',REQUEST_URL='https://v.redd.it/ggz4fyth6hd51/DASHPlaylist.mpd',
08-04 11:38:32.425 25453 28478 D OK      : request got status: 200
08-04 11:38:32.439   512  2967 D audio_hw_primary: disable_audio_route: reset and update mixer path: low-latency-playback speaker
08-04 11:38:32.440   512  2967 D audio_hw_primary: disable_snd_device: snd_device(2: speaker)
08-04 11:38:32.442 25453 28481 I NAPPA_EXPERIMENTATION: MetricNetworkRequestExecutionTime: REQUEST_DURATION_SYSTEM='3000',REQUEST_DURATION_OKHTTP='419',REQUEST_SYNCHRONOUS='TRUE',RESPONSE_CODE='200',RESPONSE_METHOD='GET',RESPONSE_LENGTH_OKHTTP='3058',RESPONSE_LENGTH_HEADER='3058',REQUEST_PROTOCOL='h2',REQUEST_URL='https://v.redd.it/t81s8zfz9ld51/DASHPlaylist.mpd',
08-04 11:38:32.442 25453 28481 D OK      : request got status: 200
08-04 11:38:32.451   512  2967 I soundtrigger: audio_extn_sound_trigger_update_device_status: device 0x2 of type 0 for Event 0
08-04 11:38:32.463 25453 28483 I RedditVideosAPI: For 'https://v.redd.it/ue0jdgk9zhd51/DASHPlaylist.mpd', got video stream 'https://v.redd.it/ue0jdgk9zhd51/DASH_360' and audio stream 'https://v.redd.it/ue0jdgk9zhd51/audio'
08-04 11:38:32.488 25453 28472 I RedditVideosAPI: For 'https://v.redd.it/syww111dtjd51/DASHPlaylist.mpd', got video stream 'https://v.redd.it/syww111dtjd51/DASH_480' and audio stream 'https://v.redd.it/syww111dtjd51/audio'
08-04 11:38:32.543 25453 28474 I RedditVideosAPI: For 'https://v.redd.it/rrygsb8i4ld51/DASHPlaylist.mpd', got video stream 'https://v.redd.it/rrygsb8i4ld51/DASH_480' and audio stream 'https://v.redd.it/rrygsb8i4ld51/audio'
08-04 11:38:32.551 25453 28479 I RedditVideosAPI: For 'https://v.redd.it/psrknoobrgd51/DASHPlaylist.mpd', got video stream 'https://v.redd.it/psrknoobrgd51/DASH_480' and audio stream 'null'
08-04 11:38:32.559 25453 28480 I RedditVideosAPI: For 'https://v.redd.it/jk6cwef4wld51/DASHPlaylist.mpd', got video stream 'https://v.redd.it/jk6cwef4wld51/DASH_480' and audio stream 'null'
08-04 11:38:32.565 25453 28482 I RedditVideosAPI: For 'https://v.redd.it/xd6c4yyutgd51/DASHPlaylist.mpd', got video stream 'https://v.redd.it/xd6c4yyutgd51/DASH_480' and audio stream 'null'
08-04 11:38:32.574 25453 28475 I RedditVideosAPI: For 'https://v.redd.it/5x6zzipz8ld51/DASHPlaylist.mpd', got video stream 'https://v.redd.it/5x6zzipz8ld51/DASH_480' and audio stream 'null'
08-04 11:38:32.578 25453 28476 I RedditVideosAPI: For 'https://v.redd.it/75en73fm5id51/DASHPlaylist.mpd', got video stream 'https://v.redd.it/75en73fm5id51/DASH_480' and audio stream 'https://v.redd.it/75en73fm5id51/audio'
08-04 11:38:32.584 25453 25466 I art     : Starting a blocking GC Explicit
08-04 11:38:32.586 25453 28478 I RedditVideosAPI: For 'https://v.redd.it/ggz4fyth6hd51/DASHPlaylist.mpd', got video stream 'https://v.redd.it/ggz4fyth6hd51/DASH_360' and audio stream 'null'
08-04 11:38:32.592 25453 28481 I RedditVideosAPI: For 'https://v.redd.it/t81s8zfz9ld51/DASHPlaylist.mpd', got video stream 'https://v.redd.it/t81s8zfz9ld51/DASH_480' and audio stream 'https://v.redd.it/t81s8zfz9ld51/audio'
08-04 11:38:32.600 25453 28547 I NAPPA_EXPERIMENTATION: MetricNetworkRequestExecutionTime: REQUEST_DURATION_SYSTEM='693',REQUEST_DURATION_OKHTTP='139',REQUEST_SYNCHRONOUS='TRUE',RESPONSE_CODE='200',RESPONSE_METHOD='GET',RESPONSE_LENGTH_OKHTTP='-1',RESPONSE_LENGTH_HEADER='45890',REQUEST_PROTOCOL='h2',REQUEST_URL='https://oauth.reddit.com/comments/hzejrd/.json?sort=confidence',
08-04 11:38:32.601 25453 28547 D OK      : request got status: 200
08-04 11:38:32.609 25453 28434 I CommentListingActivity: COMMENTS session changed to 3ba3cde5-41e7-4cd8-90f5-38f2e915fbd8
08-04 11:38:32.627 25453 25466 I art     : Explicit concurrent mark sweep GC freed 9345(1069KB) AllocSpace objects, 32(2MB) LOS objects, 29% free, 37MB/53MB, paused 602us total 42.448ms
08-04 11:38:32.641 25453 25466 I art     : Starting a blocking GC Explicit
08-04 11:38:32.678 25453 25466 I art     : Explicit concurrent mark sweep GC freed 3843(232KB) AllocSpace objects, 4(272KB) LOS objects, 29% free, 37MB/53MB, paused 673us total 36.806ms
08-04 11:38:32.694 25453 25466 I art     : Starting a blocking GC Explicit
08-04 11:38:32.734 25453 25466 I art     : Explicit concurrent mark sweep GC freed 5857(299KB) AllocSpace objects, 0(0B) LOS objects, 29% free, 38MB/54MB, paused 732us total 39.738ms
08-04 11:38:32.748 25453 25466 I art     : Starting a blocking GC Explicit
08-04 11:38:32.791 25453 25466 I art     : Explicit concurrent mark sweep GC freed 11586(633KB) AllocSpace objects, 0(0B) LOS objects, 28% free, 39MB/55MB, paused 737us total 43.199ms
08-04 11:38:32.806 25453 25466 I art     : Starting a blocking GC Explicit
08-04 11:38:32.854 25453 25466 I art     : Explicit concurrent mark sweep GC freed 7817(459KB) AllocSpace objects, 1(68KB) LOS objects, 28% free, 39MB/55MB, paused 610us total 48.140ms
08-04 11:38:33.168 25453 28574 I art     : Starting a blocking GC Explicit
08-04 11:38:33.222 25453 28574 I art     : Explicit concurrent mark sweep GC freed 14483(669KB) AllocSpace objects, 2(88KB) LOS objects, 29% free, 39MB/55MB, paused 392us total 54.357ms
08-04 11:38:33.239 25453 28574 I art     : Starting a blocking GC Explicit
08-04 11:38:33.288 25453 28574 I art     : Explicit concurrent mark sweep GC freed 69(3KB) AllocSpace objects, 0(0B) LOS objects, 29% free, 39MB/55MB, paused 531us total 48.786ms
08-04 11:38:33.305 25453 28574 I art     : Starting a blocking GC Explicit
08-04 11:38:33.349 25453 28574 I art     : Explicit concurrent mark sweep GC freed 3(96B) AllocSpace objects, 0(0B) LOS objects, 29% free, 39MB/55MB, paused 388us total 43.316ms
08-04 11:38:33.364 25453 28574 I art     : Starting a blocking GC Explicit
08-04 11:38:33.409 25453 28574 I art     : Explicit concurrent mark sweep GC freed 3(96B) AllocSpace objects, 0(0B) LOS objects, 29% free, 39MB/55MB, paused 382us total 44.399ms
08-04 11:38:33.424 25453 28574 I art     : Starting a blocking GC Explicit
08-04 11:38:33.471 25453 28574 I art     : Explicit concurrent mark sweep GC freed 49(1920B) AllocSpace objects, 0(0B) LOS objects, 29% free, 39MB/55MB, paused 399us total 46.562ms
08-04 11:38:33.560   518   646 I ThermalEngine: ACTION: GPU - Setting GPU[0] to 450000000
08-04 11:38:33.836 25453 25679 I art     : Starting a blocking GC Explicit
08-04 11:38:33.924 25453 25679 I art     : Explicit concurrent mark sweep GC freed 1356(82KB) AllocSpace objects, 1(20KB) LOS objects, 29% free, 39MB/55MB, paused 615us total 86.899ms
08-04 11:38:33.948 25453 25679 I art     : Starting a blocking GC Explicit
08-04 11:38:34.017 25453 25679 I art     : Explicit concurrent mark sweep GC freed 20(704B) AllocSpace objects, 0(0B) LOS objects, 29% free, 39MB/55MB, paused 633us total 69.362ms
08-04 11:38:34.039 25453 25679 I art     : Starting a blocking GC Explicit
08-04 11:38:34.108 25453 25679 I art     : Explicit concurrent mark sweep GC freed 3(96B) AllocSpace objects, 0(0B) LOS objects, 29% free, 39MB/55MB, paused 597us total 69.057ms
08-04 11:38:34.129 25453 25679 I art     : Starting a blocking GC Explicit
08-04 11:38:34.199 25453 25679 I art     : Explicit concurrent mark sweep GC freed 3(96B) AllocSpace objects, 0(0B) LOS objects, 29% free, 39MB/55MB, paused 636us total 69.213ms
08-04 11:38:34.223 25453 25679 I art     : Starting a blocking GC Explicit
08-04 11:38:34.295 25453 25679 I art     : Explicit concurrent mark sweep GC freed 3(96B) AllocSpace objects, 0(0B) LOS objects, 29% free, 39MB/55MB, paused 676us total 71.015ms
08-04 11:38:34.667 25453 25476 I art     : Starting a blocking GC Explicit
08-04 11:38:34.754 25453 25476 I art     : Explicit concurrent mark sweep GC freed 1355(82KB) AllocSpace objects, 1(20KB) LOS objects, 29% free, 39MB/55MB, paused 556us total 85.989ms
08-04 11:38:34.775 25453 25476 I art     : Starting a blocking GC Explicit
08-04 11:38:34.846 25453 25476 I art     : Explicit concurrent mark sweep GC freed 20(704B) AllocSpace objects, 0(0B) LOS objects, 29% free, 39MB/55MB, paused 605us total 70.177ms
08-04 11:38:34.870 25453 25476 I art     : Starting a blocking GC Explicit
08-04 11:38:34.938 25453 25476 I art     : Explicit concurrent mark sweep GC freed 3(96B) AllocSpace objects, 0(0B) LOS objects, 29% free, 39MB/55MB, paused 594us total 68.094ms
08-04 11:38:34.960 25453 25476 I art     : Starting a blocking GC Explicit
08-04 11:38:35.033 25453 25476 I art     : Explicit concurrent mark sweep GC freed 3(96B) AllocSpace objects, 0(0B) LOS objects, 29% free, 39MB/55MB, paused 599us total 72.588ms
08-04 11:38:35.055 25453 25476 I art     : Starting a blocking GC Explicit
08-04 11:38:35.124 25453 25476 I art     : Explicit concurrent mark sweep GC freed 3(96B) AllocSpace objects, 0(0B) LOS objects, 29% free, 39MB/55MB, paused 557us total 68.870ms
08-04 11:38:35.485 25453 25466 I art     : Starting a blocking GC Explicit
08-04 11:38:35.569 25453 25466 I art     : Explicit concurrent mark sweep GC freed 1358(82KB) AllocSpace objects, 1(20KB) LOS objects, 29% free, 39MB/55MB, paused 640us total 83.298ms
08-04 11:38:35.593 25453 25466 I art     : Starting a blocking GC Explicit
08-04 11:38:35.668 25453 25466 I art     : Explicit concurrent mark sweep GC freed 20(704B) AllocSpace objects, 0(0B) LOS objects, 29% free, 39MB/55MB, paused 682us total 74.152ms
08-04 11:38:35.690 25453 25466 I art     : Starting a blocking GC Explicit
08-04 11:38:35.759 25453 25466 I art     : Explicit concurrent mark sweep GC freed 3(96B) AllocSpace objects, 0(0B) LOS objects, 29% free, 39MB/55MB, paused 541us total 68.837ms
08-04 11:38:35.780 25453 25466 I art     : Starting a blocking GC Explicit
08-04 11:38:35.851 25453 25466 I art     : Explicit concurrent mark sweep GC freed 3(96B) AllocSpace objects, 0(0B) LOS objects, 29% free, 39MB/55MB, paused 557us total 70.275ms
08-04 11:38:35.851 25453 25464 I art     : WaitForGcToComplete blocked for 61.385ms for cause HeapTrim
08-04 11:38:35.872 25453 25466 I art     : Starting a blocking GC Explicit
08-04 11:38:35.941 25453 25466 I art     : Explicit concurrent mark sweep GC freed 3(96B) AllocSpace objects, 0(0B) LOS objects, 29% free, 39MB/55MB, paused 563us total 68.660ms
08-04 11:38:36.312 25453 25465 I art     : Starting a blocking GC Explicit
08-04 11:38:36.395 25453 25465 I art     : Explicit concurrent mark sweep GC freed 1356(82KB) AllocSpace objects, 1(20KB) LOS objects, 29% free, 39MB/55MB, paused 615us total 82.185ms
08-04 11:38:36.419 25453 25465 I art     : Starting a blocking GC Explicit
08-04 11:38:36.494 25453 25465 I art     : Explicit concurrent mark sweep GC freed 20(704B) AllocSpace objects, 0(0B) LOS objects, 29% free, 39MB/55MB, paused 539us total 74.033ms
08-04 11:38:36.518 25453 25465 I art     : Starting a blocking GC Explicit
08-04 11:38:36.567   518   646 I ThermalEngine: ACTION: GPU - Setting GPU[0] to 510000000
08-04 11:38:36.587 25453 25465 I art     : Explicit concurrent mark sweep GC freed 3(96B) AllocSpace objects, 0(0B) LOS objects, 29% free, 39MB/55MB, paused 654us total 69.331ms
08-04 11:38:36.609 25453 25465 I art     : Starting a blocking GC Explicit
08-04 11:38:36.661 25453 25465 I art     : Explicit concurrent mark sweep GC freed 3(96B) AllocSpace objects, 0(0B) LOS objects, 29% free, 39MB/55MB, paused 408us total 51.908ms
08-04 11:38:36.678 25453 25465 I art     : Starting a blocking GC Explicit
08-04 11:38:36.729 25453 25465 I art     : Explicit concurrent mark sweep GC freed 3(96B) AllocSpace objects, 0(0B) LOS objects, 29% free, 39MB/55MB, paused 424us total 50.968ms
08-04 11:38:36.872 25453 28540 I RedditChangeDataIO: Writing tmp data file at '/data/user/0/baseline.org.quantumbadger.redreader/files/rr_change_data_tmp.dat'
08-04 11:38:36.873 25453 28540 I RedditChangeDataManager: Taking snapshot...
08-04 11:38:36.873 25453 28540 I RedditChangeDataManager: Writing to stream...
08-04 11:38:36.873 25453 28540 I RedditChangeDataManager: Wrote 6 entries for user ''
08-04 11:38:36.873 25453 28540 I RedditChangeDataManager: All entries written to stream.
08-04 11:38:36.873 25453 28540 I RedditChangeDataIO: Write successful. Atomically replacing data file...
08-04 11:38:36.874 25453 28540 I RedditChangeDataIO: Write complete.
08-04 11:38:36.874 25453 28540 I RedditChangeDataIO: 158 bytes written in 3 ms
08-04 11:38:36.966 13866 13882 I PeriodicStatsRunner: PeriodicStatsRunner.call():175 call()
08-04 11:38:36.967 13866 13882 I PeriodicStatsRunner: PeriodicStatsRunner.call():179 No submit PeriodicStats since input started.
08-04 11:38:37.051 25453 28574 I art     : Starting a blocking GC Explicit
08-04 11:38:37.117 25453 28574 I art     : Explicit concurrent mark sweep GC freed 1446(88KB) AllocSpace objects, 2(88KB) LOS objects, 29% free, 39MB/55MB, paused 427us total 64.621ms
08-04 11:38:37.137 25453 28574 I art     : Starting a blocking GC Explicit
08-04 11:38:37.188 25453 28574 I art     : Explicit concurrent mark sweep GC freed 23(800B) AllocSpace objects, 0(0B) LOS objects, 29% free, 39MB/55MB, paused 434us total 50.218ms
08-04 11:38:37.204 25453 28574 I art     : Starting a blocking GC Explicit
08-04 11:38:37.254 25453 28574 I art     : Explicit concurrent mark sweep GC freed 3(96B) AllocSpace objects, 0(0B) LOS objects, 29% free, 39MB/55MB, paused 393us total 49.820ms
08-04 11:38:37.270 25453 28574 I art     : Starting a blocking GC Explicit
08-04 11:38:37.323 25453 28574 I art     : Explicit concurrent mark sweep GC freed 3(96B) AllocSpace objects, 0(0B) LOS objects, 29% free, 39MB/55MB, paused 458us total 52.461ms
08-04 11:38:37.343 25453 28574 I art     : Starting a blocking GC Explicit
08-04 11:38:37.394 25453 28574 I art     : Explicit concurrent mark sweep GC freed 3(96B) AllocSpace objects, 0(0B) LOS objects, 29% free, 39MB/55MB, paused 395us total 49.954ms
08-04 11:38:37.754 25453 25679 I art     : Starting a blocking GC Explicit
08-04 11:38:37.821 25453 25679 I art     : Explicit concurrent mark sweep GC freed 1385(84KB) AllocSpace objects, 1(20KB) LOS objects, 29% free, 39MB/55MB, paused 421us total 66.462ms
08-04 11:38:37.841 25453 25679 I art     : Starting a blocking GC Explicit
08-04 11:38:37.891 25453 25679 I art     : Explicit concurrent mark sweep GC freed 226(35KB) AllocSpace objects, 0(0B) LOS objects, 29% free, 39MB/55MB, paused 391us total 49.825ms
08-04 11:38:37.907 25453 25679 I art     : Starting a blocking GC Explicit
08-04 11:38:37.959 25453 25679 I art     : Explicit concurrent mark sweep GC freed 68(2272B) AllocSpace objects, 0(0B) LOS objects, 29% free, 39MB/55MB, paused 381us total 51.816ms
08-04 11:38:37.975 25453 25679 I art     : Starting a blocking GC Explicit
08-04 11:38:38.027 25453 25679 I art     : Explicit concurrent mark sweep GC freed 3(96B) AllocSpace objects, 0(0B) LOS objects, 29% free, 39MB/55MB, paused 378us total 51.080ms
08-04 11:38:38.043 25453 25679 I art     : Starting a blocking GC Explicit
08-04 11:38:38.093 25453 25679 I art     : Explicit concurrent mark sweep GC freed 3(96B) AllocSpace objects, 0(0B) LOS objects, 29% free, 39MB/55MB, paused 352us total 49.547ms
08-04 11:38:38.422 25453 25476 I art     : Starting a blocking GC Explicit
08-04 11:38:38.477 25453 25476 I art     : Explicit concurrent mark sweep GC freed 1354(82KB) AllocSpace objects, 1(20KB) LOS objects, 29% free, 39MB/55MB, paused 378us total 54.887ms
08-04 11:38:38.493 25453 25476 I art     : Starting a blocking GC Explicit
08-04 11:38:38.521 28646 28646 D AndroidRuntime: >>>>>> START com.android.internal.os.RuntimeInit uid 2000 <<<<<<
08-04 11:38:38.525 28646 28646 D AndroidRuntime: CheckJNI is OFF
08-04 11:38:38.542 25453 25476 I art     : Explicit concurrent mark sweep GC freed 20(704B) AllocSpace objects, 0(0B) LOS objects, 29% free, 39MB/55MB, paused 374us total 49.407ms
08-04 11:38:38.557 25453 25476 I art     : Starting a blocking GC Explicit
08-04 11:38:38.563 28646 28646 D ICU     : No timezone override file found: /data/misc/zoneinfo/current/icu/icu_tzdata.dat
08-04 11:38:38.597 28646 28646 I Radio-JNI: register_android_hardware_Radio DONE
08-04 11:38:38.605 25453 25476 I art     : Explicit concurrent mark sweep GC freed 3(96B) AllocSpace objects, 0(0B) LOS objects, 29% free, 39MB/55MB, paused 385us total 47.523ms
08-04 11:38:38.619 28646 28646 D AndroidRuntime: Calling main entry com.android.commands.input.Input
08-04 11:38:38.621 25453 25476 I art     : Starting a blocking GC Explicit
08-04 11:38:38.621 28646 28646 I Input   : injectKeyEvent: KeyEvent { action=ACTION_DOWN, keyCode=KEYCODE_BACK, scanCode=0, metaState=0, flags=0x0, repeatCount=0, eventTime=704335034, downTime=704335034, deviceId=-1, source=0x101 }
08-04 11:38:38.627 28646 28646 I Input   : injectKeyEvent: KeyEvent { action=ACTION_UP, keyCode=KEYCODE_BACK, scanCode=0, metaState=0, flags=0x0, repeatCount=0, eventTime=704335034, downTime=704335034, deviceId=-1, source=0x101 }
08-04 11:38:38.634 28646 28646 D AndroidRuntime: Shutting down VM
08-04 11:38:38.666 25453 25476 I art     : Explicit concurrent mark sweep GC freed 145(4KB) AllocSpace objects, 0(0B) LOS objects, 29% free, 39MB/55MB, paused 379us total 45.681ms
08-04 11:38:38.673 13866 13866 I GoogleInputMethodServic: GoogleInputMethodService.onFinishInput():3138 
08-04 11:38:38.673 13866 13866 I GoogleInputMethodServic: GoogleInputMethodService.onStartInput():1808 
08-04 11:38:38.681 25453 25476 I art     : Starting a blocking GC Explicit
08-04 11:38:38.728 25453 25476 I art     : Explicit concurrent mark sweep GC freed 116(3KB) AllocSpace objects, 0(0B) LOS objects, 29% free, 39MB/55MB, paused 444us total 47.014ms
08-04 11:38:38.977   380   380 W SurfaceFlinger: couldn't log to binary event log: overflow.
08-04 11:38:39.012 25453 28574 I art     : Starting a blocking GC Explicit
08-04 11:38:39.064 25453 28574 I art     : Explicit concurrent mark sweep GC freed 1431(85KB) AllocSpace objects, 1(20KB) LOS objects, 29% free, 39MB/55MB, paused 383us total 51.213ms
08-04 11:38:39.080 25453 28574 I art     : Starting a blocking GC Explicit
08-04 11:38:39.121 25453 28574 I art     : Explicit concurrent mark sweep GC freed 41343(2MB) AllocSpace objects, 5(140KB) LOS objects, 30% free, 36MB/52MB, paused 385us total 40.188ms
08-04 11:38:39.136 25453 28574 I art     : Starting a blocking GC Explicit
08-04 11:38:39.174 25453 28574 I art     : Explicit concurrent mark sweep GC freed 3(96B) AllocSpace objects, 0(0B) LOS objects, 30% free, 36MB/52MB, paused 392us total 37.731ms
08-04 11:38:39.188 25453 28574 I art     : Starting a blocking GC Explicit
08-04 11:38:39.226 25453 28574 I art     : Explicit concurrent mark sweep GC freed 3(96B) AllocSpace objects, 0(0B) LOS objects, 30% free, 36MB/52MB, paused 356us total 37.183ms
08-04 11:38:39.240 25453 28574 I art     : Starting a blocking GC Explicit
08-04 11:38:39.279 25453 28574 I art     : Explicit concurrent mark sweep GC freed 3(96B) AllocSpace objects, 0(0B) LOS objects, 30% free, 36MB/52MB, paused 374us total 38.554ms
08-04 11:38:39.602 25453 25466 I art     : Starting a blocking GC Explicit
08-04 11:38:39.645 25453 25466 I art     : Explicit concurrent mark sweep GC freed 1354(82KB) AllocSpace objects, 1(20KB) LOS objects, 30% free, 36MB/52MB, paused 370us total 42.961ms
08-04 11:38:39.660 25453 25466 I art     : Starting a blocking GC Explicit
08-04 11:38:39.698 25453 25466 I art     : Explicit concurrent mark sweep GC freed 20(704B) AllocSpace objects, 0(0B) LOS objects, 30% free, 36MB/52MB, paused 353us total 37.227ms
08-04 11:38:39.713 25453 25466 I art     : Starting a blocking GC Explicit
08-04 11:38:39.751 25453 25466 I art     : Explicit concurrent mark sweep GC freed 3(96B) AllocSpace objects, 0(0B) LOS objects, 30% free, 36MB/52MB, paused 365us total 37.960ms
08-04 11:38:39.765 25453 25466 I art     : Starting a blocking GC Explicit
08-04 11:38:39.803 25453 25466 I art     : Explicit concurrent mark sweep GC freed 3(96B) AllocSpace objects, 0(0B) LOS objects, 30% free, 36MB/52MB, paused 366us total 37.368ms
08-04 11:38:39.818 25453 25466 I art     : Starting a blocking GC Explicit
08-04 11:38:39.857 25453 25466 I art     : Explicit concurrent mark sweep GC freed 3(96B) AllocSpace objects, 0(0B) LOS objects, 30% free, 36MB/52MB, paused 342us total 38.806ms
08-04 11:38:40.147 25453 25465 I art     : Starting a blocking GC Explicit
08-04 11:38:40.190 25453 25465 I art     : Explicit concurrent mark sweep GC freed 1354(82KB) AllocSpace objects, 1(20KB) LOS objects, 30% free, 36MB/52MB, paused 373us total 42.686ms
08-04 11:38:40.206 25453 25465 I art     : Starting a blocking GC Explicit
08-04 11:38:40.242 25453 25465 I art     : Explicit concurrent mark sweep GC freed 20(704B) AllocSpace objects, 0(0B) LOS objects, 30% free, 36MB/52MB, paused 360us total 36.309ms
08-04 11:38:40.256 25453 25465 I art     : Starting a blocking GC Explicit
08-04 11:38:40.279 28690 28690 D AndroidRuntime: >>>>>> START com.android.internal.os.RuntimeInit uid 2000 <<<<<<
08-04 11:38:40.284 28690 28690 D AndroidRuntime: CheckJNI is OFF
08-04 11:38:40.294 25453 25465 I art     : Explicit concurrent mark sweep GC freed 3(96B) AllocSpace objects, 0(0B) LOS objects, 30% free, 36MB/52MB, paused 340us total 37.479ms
08-04 11:38:40.308 25453 25465 I art     : Starting a blocking GC Explicit
08-04 11:38:40.321 28690 28690 D ICU     : No timezone override file found: /data/misc/zoneinfo/current/icu/icu_tzdata.dat
08-04 11:38:40.345 25453 25465 I art     : Explicit concurrent mark sweep GC freed 3(96B) AllocSpace objects, 0(0B) LOS objects, 30% free, 36MB/52MB, paused 371us total 36.441ms
08-04 11:38:40.357 28690 28690 I Radio-JNI: register_android_hardware_Radio DONE
08-04 11:38:40.359 25453 25465 I art     : Starting a blocking GC Explicit
08-04 11:38:40.379 28690 28690 D AndroidRuntime: Calling main entry com.android.commands.input.Input
08-04 11:38:40.381 28690 28690 I Input   : injectMotionEvent: MotionEvent { action=ACTION_DOWN, actionButton=0, id[0]=0, x[0]=600.0, y[0]=938.0, toolType[0]=TOOL_TYPE_UNKNOWN, buttonState=0, metaState=0, flags=0x0, edgeFlags=0x0, pointerCount=1, historySize=0, eventTime=704336794, downTime=704336794, deviceId=0, source=0x1002 }
08-04 11:38:40.387 28690 28690 I Input   : injectMotionEvent: MotionEvent { action=ACTION_UP, actionButton=0, id[0]=0, x[0]=600.0, y[0]=938.0, toolType[0]=TOOL_TYPE_UNKNOWN, buttonState=0, metaState=0, flags=0x0, edgeFlags=0x0, pointerCount=1, historySize=0, eventTime=704336794, downTime=704336794, deviceId=0, source=0x1002 }
08-04 11:38:40.388 28690 28690 D AndroidRuntime: Shutting down VM
08-04 11:38:40.395 25453 25465 I art     : Explicit concurrent mark sweep GC freed 5(160B) AllocSpace objects, 0(0B) LOS objects, 30% free, 36MB/52MB, paused 424us total 35.584ms
08-04 11:38:40.400   918  6112 I ActivityManager: START u0 {dat=https://gfycat.com/... cmp=baseline.org.quantumbadger.redreader/.activities.ImageViewActivity (has extras)} from uid 10666 on display 0
08-04 11:38:40.404   512  2967 D audio_hw_primary: out_set_parameters: enter: usecase(1: low-latency-playback) kvpairs: routing=2
08-04 11:38:40.417   512  2967 D audio_hw_primary: select_devices: out_snd_device(2: speaker) in_snd_device(0: none)
08-04 11:38:40.417   512  2967 D msm8974_platform: platform_send_audio_calibration: sending audio calibration for snd_device(2) acdb_id(15)
08-04 11:38:40.417   512  2967 I soundtrigger: audio_extn_sound_trigger_update_device_status: device 0x2 of type 0 for Event 1
08-04 11:38:40.423 25453 25453 I ImageViewActivity: Loading URL https://gfycat.com/deadlygravecavy
08-04 11:38:40.427   512  2967 D audio_hw_primary: enable_snd_device: snd_device(2: speaker)
08-04 11:38:40.430   512  2967 D audio_hw_primary: enable_audio_route: apply and update mixer path: low-latency-playback speaker
08-04 11:38:40.430 25453 28434 I ImageViewActivity: Got image URL: https://giant.gfycat.com/DeadlyGraveCavy.mp4
08-04 11:38:40.430 25453 28434 I ImageViewActivity: Got image Type: video/mp4
08-04 11:38:40.430 25453 28434 I ImageViewActivity: Got media Type: VIDEO
08-04 11:38:40.430 25453 28434 I ImageViewActivity: Media type VIDEO detected
08-04 11:38:40.430 25453 28434 I ImageViewActivity: Proceeding with download
08-04 11:38:40.433 25453 28716 D OK      : calling: https://giant.gfycat.com/DeadlyGraveCavy.mp4
08-04 11:38:40.465 13866 13866 I GoogleInputMethodServic: GoogleInputMethodService.onFinishInput():3138 
08-04 11:38:40.466 13866 13866 I GoogleInputMethodServic: GoogleInputMethodService.onStartInput():1808 
08-04 11:38:40.493   918   936 I ActivityManager: Displayed baseline.org.quantumbadger.redreader/.activities.ImageViewActivity: +82ms
08-04 11:38:40.669 25453 25465 I art     : Starting a blocking GC Explicit
08-04 11:38:40.724 25453 25465 I art     : Explicit concurrent mark sweep GC freed 5773(347KB) AllocSpace objects, 1(20KB) LOS objects, 30% free, 36MB/52MB, paused 464us total 55.064ms
08-04 11:38:40.742 25453 25465 I art     : Starting a blocking GC Explicit
08-04 11:38:40.747   380   380 W SurfaceFlinger: couldn't log to binary event log: overflow.
08-04 11:38:40.767 25453 28716 I NAPPA_EXPERIMENTATION: MetricNetworkRequestExecutionTime: REQUEST_DURATION_SYSTEM='332',REQUEST_DURATION_OKHTTP='146',REQUEST_SYNCHRONOUS='TRUE',RESPONSE_CODE='200',RESPONSE_METHOD='GET',RESPONSE_LENGTH_OKHTTP='1942309',RESPONSE_LENGTH_HEADER='1942309',REQUEST_PROTOCOL='h2',REQUEST_URL='https://giant.gfycat.com/DeadlyGraveCavy.mp4',
08-04 11:38:40.767 25453 28716 D OK      : request got status: 200
08-04 11:38:40.781 25453 25465 I art     : Explicit concurrent mark sweep GC freed 480(28KB) AllocSpace objects, 0(0B) LOS objects, 30% free, 37MB/53MB, paused 629us total 38.302ms
08-04 11:38:40.794 25453 25465 I art     : Starting a blocking GC Explicit
08-04 11:38:40.827 25453 25465 I art     : Explicit concurrent mark sweep GC freed 199(12KB) AllocSpace objects, 0(0B) LOS objects, 30% free, 37MB/53MB, paused 400us total 32.732ms
08-04 11:38:40.840 25453 25465 I art     : Starting a blocking GC Explicit
08-04 11:38:40.874 25453 25465 I art     : Explicit concurrent mark sweep GC freed 186(11KB) AllocSpace objects, 0(0B) LOS objects, 30% free, 37MB/53MB, paused 446us total 33.825ms
08-04 11:38:40.889 25453 25465 I art     : Starting a blocking GC Explicit
08-04 11:38:40.925 25453 25465 I art     : Explicit concurrent mark sweep GC freed 374(20KB) AllocSpace objects, 0(0B) LOS objects, 29% free, 37MB/53MB, paused 405us total 35.415ms
08-04 11:38:40.968   512  2967 D audio_hw_primary: disable_audio_route: reset and update mixer path: low-latency-playback speaker
08-04 11:38:40.969   512  2967 D audio_hw_primary: disable_snd_device: snd_device(2: speaker)
08-04 11:38:40.976   512  2967 I soundtrigger: audio_extn_sound_trigger_update_device_status: device 0x2 of type 0 for Event 0
08-04 11:38:41.134 25453 25453 I ImageViewActivity: Playing video using ExoPlayer
08-04 11:38:41.208 25453 25679 I art     : Starting a blocking GC Explicit
08-04 11:38:41.212 25453 25453 I ExoPlayerImpl: Init 27edda8 [ExoPlayerLib/2.10.8] [angler, Nexus 6P, Huawei, 23]
08-04 11:38:41.258 25453 25679 I art     : Explicit concurrent mark sweep GC freed 5686(1370KB) AllocSpace objects, 3(156KB) LOS objects, 29% free, 37MB/53MB, paused 1.419ms total 49.053ms
08-04 11:38:41.274 25453 25679 I art     : Starting a blocking GC Explicit
08-04 11:38:41.310 25453 25679 I art     : Explicit concurrent mark sweep GC freed 1303(186KB) AllocSpace objects, 3(100KB) LOS objects, 29% free, 38MB/54MB, paused 449us total 35.914ms
08-04 11:38:41.324 25453 25679 I art     : Starting a blocking GC Explicit
08-04 11:38:41.358 25453 28743 W VideoCapabilities: Unrecognized profile 2130706433 for video/avc
08-04 11:38:41.361 25453 25679 I art     : Explicit concurrent mark sweep GC freed 1541(73KB) AllocSpace objects, 1(68KB) LOS objects, 29% free, 38MB/54MB, paused 568us total 36.525ms
08-04 11:38:41.375 25453 25679 I art     : Starting a blocking GC Explicit
08-04 11:38:41.394 25453 28743 I VideoCapabilities: Unsupported profile 4 for video/mp4v-es
08-04 11:38:41.412 25453 28746 I OMXClient: Using client-side OMX mux.
08-04 11:38:41.415 25453 25679 I art     : Explicit concurrent mark sweep GC freed 3739(157KB) AllocSpace objects, 0(0B) LOS objects, 29% free, 38MB/54MB, paused 570us total 39.687ms
08-04 11:38:41.430 25453 25679 I art     : Starting a blocking GC Explicit
08-04 11:38:41.467 25453 25679 I art     : Explicit concurrent mark sweep GC freed 66(5KB) AllocSpace objects, 0(0B) LOS objects, 28% free, 39MB/55MB, paused 409us total 36.063ms
08-04 11:38:41.551   512  3270 I OMX-VDEC-1080P: component_init: OMX.qcom.video.decoder.avc : fd=49
08-04 11:38:41.551   512  3270 I OMX-VDEC-1080P: Capabilities: driver_name = msm_vidc_driver, card = msm_vdec_8974, bus_info = , version = 1, capabilities = 4003000
08-04 11:38:41.556   512  3270 I OMX-VDEC-1080P: Enabling default extradata for OMX.qcom.video.decoder.avc
08-04 11:38:41.559   512  3270 I OMX-VDEC-1080P: omx_vdec::component_init() success : fd=49
08-04 11:38:41.563 25453 28745 I MediaCodec: [OMX.qcom.video.decoder.avc] setting surface generation to 26063873
08-04 11:38:41.565   512 12837 E OMX-VDEC-1080P: Extension: OMX.google.android.index.storeANWBufferInMetadata not implemented
08-04 11:38:41.598 25453 28746 D SurfaceUtils: set up nativeWindow 0x7f80376810 for 360x306, color 0x7fa30c04, rotation 0, usage 0x42002900
08-04 11:38:41.630 25453 28746 D SurfaceUtils: set up nativeWindow 0x7f80376810 for 368x320, color 0x7fa30c04, rotation 0, usage 0x42002900
08-04 11:38:41.769 25453 25465 I art     : Starting a blocking GC Explicit
08-04 11:38:41.808 25453 25465 I art     : Explicit concurrent mark sweep GC freed 1721(142KB) AllocSpace objects, 2(88KB) LOS objects, 28% free, 40MB/56MB, paused 428us total 39.056ms
08-04 11:38:41.822 25453 25465 I art     : Starting a blocking GC Explicit
08-04 11:38:41.862 25453 25465 I art     : Explicit concurrent mark sweep GC freed 45(1600B) AllocSpace objects, 0(0B) LOS objects, 28% free, 40MB/56MB, paused 423us total 39.541ms
08-04 11:38:41.877 25453 25465 I art     : Starting a blocking GC Explicit
08-04 11:38:41.916 25453 25465 I art     : Explicit concurrent mark sweep GC freed 21(784B) AllocSpace objects, 0(0B) LOS objects, 28% free, 40MB/56MB, paused 372us total 38.590ms
08-04 11:38:41.930 25453 25465 I art     : Starting a blocking GC Explicit
08-04 11:38:41.970 25453 25465 I art     : Explicit concurrent mark sweep GC freed 18(656B) AllocSpace objects, 0(0B) LOS objects, 28% free, 40MB/56MB, paused 414us total 39.339ms
08-04 11:38:41.985 25453 25465 I art     : Starting a blocking GC Explicit
08-04 11:38:42.024 25453 25465 I art     : Explicit concurrent mark sweep GC freed 19(720B) AllocSpace objects, 0(0B) LOS objects, 28% free, 40MB/56MB, paused 417us total 38.324ms
08-04 11:38:42.361 25453 25465 I art     : Starting a blocking GC Explicit
08-04 11:38:42.405 25453 25465 I art     : Explicit concurrent mark sweep GC freed 1481(87KB) AllocSpace objects, 1(20KB) LOS objects, 28% free, 40MB/56MB, paused 418us total 44.055ms
08-04 11:38:42.420 25453 25465 I art     : Starting a blocking GC Explicit
08-04 11:38:42.459 25453 25465 I art     : Explicit concurrent mark sweep GC freed 36(1328B) AllocSpace objects, 0(0B) LOS objects, 28% free, 40MB/56MB, paused 437us total 39.104ms
08-04 11:38:42.474 25453 25465 I art     : Starting a blocking GC Explicit
08-04 11:38:42.513 25453 25465 I art     : Explicit concurrent mark sweep GC freed 21(784B) AllocSpace objects, 0(0B) LOS objects, 28% free, 40MB/56MB, paused 397us total 38.106ms
08-04 11:38:42.527 25453 25465 I art     : Starting a blocking GC Explicit
08-04 11:38:42.566 25453 25465 I art     : Explicit concurrent mark sweep GC freed 24(864B) AllocSpace objects, 0(0B) LOS objects, 28% free, 40MB/56MB, paused 385us total 39.006ms
08-04 11:38:42.581 25453 25465 I art     : Starting a blocking GC Explicit
08-04 11:38:42.620 25453 25465 I art     : Explicit concurrent mark sweep GC freed 15(576B) AllocSpace objects, 0(0B) LOS objects, 28% free, 40MB/56MB, paused 424us total 38.901ms
08-04 11:38:42.968 25453 25679 I art     : Starting a blocking GC Explicit
08-04 11:38:43.012 25453 25679 I art     : Explicit concurrent mark sweep GC freed 1486(87KB) AllocSpace objects, 1(20KB) LOS objects, 28% free, 40MB/56MB, paused 410us total 43.547ms
08-04 11:38:43.026 25453 25679 I art     : Starting a blocking GC Explicit
08-04 11:38:43.064 25453 25679 I art     : Explicit concurrent mark sweep GC freed 35(1264B) AllocSpace objects, 0(0B) LOS objects, 28% free, 40MB/56MB, paused 396us total 36.930ms
08-04 11:38:43.077 25453 25679 I art     : Starting a blocking GC Explicit
08-04 11:38:43.116 25453 25679 I art     : Explicit concurrent mark sweep GC freed 23(832B) AllocSpace objects, 0(0B) LOS objects, 28% free, 40MB/56MB, paused 412us total 38.602ms
08-04 11:38:43.131 25453 25679 I art     : Starting a blocking GC Explicit
08-04 11:38:43.170 25453 25679 I art     : Explicit concurrent mark sweep GC freed 20(720B) AllocSpace objects, 0(0B) LOS objects, 28% free, 40MB/56MB, paused 368us total 39.269ms
08-04 11:38:43.185 25453 25679 I art     : Starting a blocking GC Explicit
08-04 11:38:43.225 25453 25679 I art     : Explicit concurrent mark sweep GC freed 21(816B) AllocSpace objects, 0(0B) LOS objects, 28% free, 40MB/56MB, paused 433us total 39.425ms
08-04 11:38:43.600 25453 25476 I art     : Starting a blocking GC Explicit
08-04 11:38:43.644 25453 25476 I art     : Explicit concurrent mark sweep GC freed 1492(88KB) AllocSpace objects, 1(20KB) LOS objects, 28% free, 40MB/56MB, paused 438us total 43.812ms
08-04 11:38:43.659 25453 25476 I art     : Starting a blocking GC Explicit
08-04 11:38:43.673 13866 13882 I PeriodicStatsRunner: PeriodicStatsRunner.call():175 call()
08-04 11:38:43.674 13866 13882 I PeriodicStatsRunner: PeriodicStatsRunner.call():179 No submit PeriodicStats since input started.
08-04 11:38:43.699 25453 25476 I art     : Explicit concurrent mark sweep GC freed 38(1424B) AllocSpace objects, 0(0B) LOS objects, 28% free, 40MB/56MB, paused 434us total 39.575ms
08-04 11:38:43.714 25453 25476 I art     : Starting a blocking GC Explicit
08-04 11:38:43.753 25453 25476 I art     : Explicit concurrent mark sweep GC freed 25(928B) AllocSpace objects, 0(0B) LOS objects, 28% free, 40MB/56MB, paused 394us total 38.781ms
08-04 11:38:43.767 25453 25476 I art     : Starting a blocking GC Explicit
08-04 11:38:43.807 25453 25476 I art     : Explicit concurrent mark sweep GC freed 20(720B) AllocSpace objects, 0(0B) LOS objects, 28% free, 40MB/56MB, paused 434us total 39.281ms
08-04 11:38:43.821 25453 25476 I art     : Starting a blocking GC Explicit
08-04 11:38:43.860 25453 25476 I art     : Explicit concurrent mark sweep GC freed 25(928B) AllocSpace objects, 0(0B) LOS objects, 28% free, 40MB/56MB, paused 403us total 38.512ms
08-04 11:38:44.180 25453 25466 I art     : Starting a blocking GC Explicit
08-04 11:38:44.223 25453 25466 I art     : Explicit concurrent mark sweep GC freed 1476(87KB) AllocSpace objects, 1(20KB) LOS objects, 28% free, 40MB/56MB, paused 411us total 42.693ms
08-04 11:38:44.238 25453 25466 I art     : Starting a blocking GC Explicit
08-04 11:38:44.278 25453 25466 I art     : Explicit concurrent mark sweep GC freed 36(1328B) AllocSpace objects, 0(0B) LOS objects, 28% free, 40MB/56MB, paused 405us total 39.947ms
08-04 11:38:44.293 25453 25466 I art     : Starting a blocking GC Explicit
08-04 11:38:44.332 25453 25466 I art     : Explicit concurrent mark sweep GC freed 25(896B) AllocSpace objects, 0(0B) LOS objects, 28% free, 40MB/56MB, paused 420us total 38.730ms
08-04 11:38:44.347 25453 25466 I art     : Starting a blocking GC Explicit
08-04 11:38:44.386 25453 25466 I art     : Explicit concurrent mark sweep GC freed 15(592B) AllocSpace objects, 0(0B) LOS objects, 28% free, 40MB/56MB, paused 392us total 39.663ms
08-04 11:38:44.401 25453 25466 I art     : Starting a blocking GC Explicit
08-04 11:38:44.440 25453 25466 I art     : Explicit concurrent mark sweep GC freed 23(832B) AllocSpace objects, 0(0B) LOS objects, 28% free, 40MB/56MB, paused 414us total 38.346ms
08-04 11:38:44.779 25453 25465 I art     : Starting a blocking GC Explicit
08-04 11:38:44.822 25453 25465 I art     : Explicit concurrent mark sweep GC freed 1487(87KB) AllocSpace objects, 1(20KB) LOS objects, 28% free, 40MB/56MB, paused 396us total 42.243ms
08-04 11:38:44.837 25453 25465 I art     : Starting a blocking GC Explicit
08-04 11:38:44.877 25453 25465 I art     : Explicit concurrent mark sweep GC freed 42(1536B) AllocSpace objects, 0(0B) LOS objects, 28% free, 40MB/56MB, paused 472us total 40.320ms
08-04 11:38:44.893 25453 25465 I art     : Starting a blocking GC Explicit
08-04 11:38:44.932 25453 25465 I art     : Explicit concurrent mark sweep GC freed 15(576B) AllocSpace objects, 0(0B) LOS objects, 28% free, 40MB/56MB, paused 432us total 39.289ms
08-04 11:38:44.947 25453 25465 I art     : Starting a blocking GC Explicit
08-04 11:38:44.986 25453 25465 I art     : Explicit concurrent mark sweep GC freed 24(864B) AllocSpace objects, 0(0B) LOS objects, 28% free, 40MB/56MB, paused 385us total 39.171ms
08-04 11:38:45.001 25453 25465 I art     : Starting a blocking GC Explicit
08-04 11:38:45.040 25453 25465 I art     : Explicit concurrent mark sweep GC freed 15(576B) AllocSpace objects, 0(0B) LOS objects, 28% free, 40MB/56MB, paused 401us total 38.883ms
08-04 11:38:45.376 25453 28574 I art     : Starting a blocking GC Explicit
08-04 11:38:45.412 25453 28715 I RedditChangeDataIO: Writing tmp data file at '/data/user/0/baseline.org.quantumbadger.redreader/files/rr_change_data_tmp.dat'
08-04 11:38:45.413 25453 28715 I RedditChangeDataManager: Taking snapshot...
08-04 11:38:45.413 25453 28715 I RedditChangeDataManager: Writing to stream...
08-04 11:38:45.413 25453 28715 I RedditChangeDataManager: Wrote 6 entries for user ''
08-04 11:38:45.414 25453 28715 I RedditChangeDataManager: All entries written to stream.
08-04 11:38:45.414 25453 28715 I RedditChangeDataIO: Write successful. Atomically replacing data file...
08-04 11:38:45.415 25453 28715 I RedditChangeDataIO: Write complete.
08-04 11:38:45.415 25453 28715 I RedditChangeDataIO: 158 bytes written in 3 ms
08-04 11:38:45.419 25453 28574 I art     : Explicit concurrent mark sweep GC freed 1559(92KB) AllocSpace objects, 2(88KB) LOS objects, 28% free, 40MB/56MB, paused 371us total 42.527ms
08-04 11:38:45.434 25453 28574 I art     : Starting a blocking GC Explicit
08-04 11:38:45.466 13866 13882 I PeriodicStatsRunner: PeriodicStatsRunner.call():175 call()
08-04 11:38:45.467 13866 13882 I PeriodicStatsRunner: PeriodicStatsRunner.call():179 No submit PeriodicStats since input started.
08-04 11:38:45.470 25453 28574 I art     : Explicit concurrent mark sweep GC freed 53(2096B) AllocSpace objects, 0(0B) LOS objects, 28% free, 40MB/56MB, paused 362us total 35.760ms
08-04 11:38:45.484 25453 28574 I art     : Starting a blocking GC Explicit
08-04 11:38:45.523 25453 28574 I art     : Explicit concurrent mark sweep GC freed 14(512B) AllocSpace objects, 0(0B) LOS objects, 28% free, 40MB/56MB, paused 371us total 38.534ms
08-04 11:38:45.537 25453 28574 I art     : Starting a blocking GC Explicit
08-04 11:38:45.576 25453 28574 I art     : Explicit concurrent mark sweep GC freed 31(1136B) AllocSpace objects, 0(0B) LOS objects, 28% free, 40MB/56MB, paused 415us total 38.379ms
08-04 11:38:45.591 25453 28574 I art     : Starting a blocking GC Explicit
08-04 11:38:45.630 25453 28574 I art     : Explicit concurrent mark sweep GC freed 14(512B) AllocSpace objects, 0(0B) LOS objects, 28% free, 40MB/56MB, paused 404us total 39.165ms
08-04 11:38:45.964 25453 25466 I art     : Starting a blocking GC Explicit
08-04 11:38:46.005 25453 25466 I art     : Explicit concurrent mark sweep GC freed 1479(87KB) AllocSpace objects, 1(20KB) LOS objects, 28% free, 40MB/56MB, paused 392us total 40.286ms
08-04 11:38:46.020 25453 25466 I art     : Starting a blocking GC Explicit
08-04 11:38:46.058 25453 25466 I art     : Explicit concurrent mark sweep GC freed 39(1424B) AllocSpace objects, 0(0B) LOS objects, 28% free, 40MB/56MB, paused 384us total 37.854ms
08-04 11:38:46.073 25453 25466 I art     : Starting a blocking GC Explicit
08-04 11:38:46.112 25453 25466 I art     : Explicit concurrent mark sweep GC freed 47(2160B) AllocSpace objects, 0(0B) LOS objects, 28% free, 40MB/56MB, paused 425us total 38.661ms
08-04 11:38:46.127 25453 25466 I art     : Starting a blocking GC Explicit
08-04 11:38:46.166 25453 25466 I art     : Explicit concurrent mark sweep GC freed 184(31KB) AllocSpace objects, 0(0B) LOS objects, 28% free, 40MB/56MB, paused 372us total 38.412ms
08-04 11:38:46.180 25453 25466 I art     : Starting a blocking GC Explicit
08-04 11:38:46.220 25453 25466 I art     : Explicit concurrent mark sweep GC freed 79(2720B) AllocSpace objects, 0(0B) LOS objects, 28% free, 40MB/56MB, paused 364us total 39.442ms
08-04 11:38:46.562 25453 25465 I art     : Starting a blocking GC Explicit
08-04 11:38:46.604 25453 25465 I art     : Explicit concurrent mark sweep GC freed 1482(87KB) AllocSpace objects, 1(20KB) LOS objects, 28% free, 40MB/56MB, paused 421us total 41.837ms
08-04 11:38:46.619 25453 25465 I art     : Starting a blocking GC Explicit
08-04 11:38:46.653 25453 25465 I art     : Explicit concurrent mark sweep GC freed 41(1472B) AllocSpace objects, 0(0B) LOS objects, 28% free, 40MB/56MB, paused 361us total 34.212ms
08-04 11:38:46.667 25453 25465 I art     : Starting a blocking GC Explicit
08-04 11:38:46.702 25453 25465 I art     : Explicit concurrent mark sweep GC freed 15(576B) AllocSpace objects, 0(0B) LOS objects, 28% free, 40MB/56MB, paused 405us total 34.925ms
08-04 11:38:46.716 25453 25465 I art     : Starting a blocking GC Explicit
08-04 11:38:46.755 25453 25465 I art     : Explicit concurrent mark sweep GC freed 24(864B) AllocSpace objects, 0(0B) LOS objects, 28% free, 40MB/56MB, paused 366us total 38.080ms
08-04 11:38:46.769 25453 25465 I art     : Starting a blocking GC Explicit
08-04 11:38:46.807 25453 25465 I art     : Explicit concurrent mark sweep GC freed 15(576B) AllocSpace objects, 0(0B) LOS objects, 28% free, 40MB/56MB, paused 445us total 37.978ms
08-04 11:38:47.038 28845 28845 D AndroidRuntime: >>>>>> START com.android.internal.os.RuntimeInit uid 2000 <<<<<<
08-04 11:38:47.043 28845 28845 D AndroidRuntime: CheckJNI is OFF
08-04 11:38:47.075 28845 28845 D ICU     : No timezone override file found: /data/misc/zoneinfo/current/icu/icu_tzdata.dat
08-04 11:38:47.108 28845 28845 I Radio-JNI: register_android_hardware_Radio DONE
08-04 11:38:47.123 25453 25466 I art     : Starting a blocking GC Explicit
08-04 11:38:47.130 28845 28845 D AndroidRuntime: Calling main entry com.android.commands.input.Input
08-04 11:38:47.132 28845 28845 I Input   : injectKeyEvent: KeyEvent { action=ACTION_DOWN, keyCode=KEYCODE_BACK, scanCode=0, metaState=0, flags=0x0, repeatCount=0, eventTime=704343545, downTime=704343545, deviceId=-1, source=0x101 }
08-04 11:38:47.138 28845 28845 I Input   : injectKeyEvent: KeyEvent { action=ACTION_UP, keyCode=KEYCODE_BACK, scanCode=0, metaState=0, flags=0x0, repeatCount=0, eventTime=704343545, downTime=704343545, deviceId=-1, source=0x101 }
08-04 11:38:47.144 28845 28845 D AndroidRuntime: Shutting down VM
08-04 11:38:47.163 25453 25466 I art     : Explicit concurrent mark sweep GC freed 1602(91KB) AllocSpace objects, 1(20KB) LOS objects, 28% free, 40MB/56MB, paused 562us total 39.983ms
08-04 11:38:47.180 25453 25466 I art     : Starting a blocking GC Explicit
08-04 11:38:47.190 13866 13866 I GoogleInputMethodServic: GoogleInputMethodService.onFinishInput():3138 
08-04 11:38:47.191 13866 13866 I GoogleInputMethodServic: GoogleInputMethodService.onStartInput():1808 
08-04 11:38:47.217 25453 25466 I art     : Explicit concurrent mark sweep GC freed 137(4KB) AllocSpace objects, 0(0B) LOS objects, 28% free, 40MB/56MB, paused 423us total 35.010ms
08-04 11:38:47.232 25453 25466 I art     : Starting a blocking GC Explicit
08-04 11:38:47.264 25453 28745 I MediaCodec: [OMX.qcom.video.decoder.avc] setting surface generation to 26063874
08-04 11:38:47.264 25453 28746 D SurfaceUtils: set up nativeWindow 0x7f803a5010 for 368x320, color 0x7fa30c04, rotation 0, usage 0x42002900
08-04 11:38:47.269 25453 25466 I art     : Explicit concurrent mark sweep GC freed 65(2832B) AllocSpace objects, 0(0B) LOS objects, 28% free, 40MB/56MB, paused 572us total 36.691ms
08-04 11:38:47.284 25453 25466 I art     : Starting a blocking GC Explicit
08-04 11:38:47.321 25453 25466 I art     : Explicit concurrent mark sweep GC freed 23(2576B) AllocSpace objects, 0(0B) LOS objects, 28% free, 40MB/56MB, paused 340us total 35.833ms
08-04 11:38:47.334 25453 25466 I art     : Starting a blocking GC Explicit
08-04 11:38:47.371 25453 25466 I art     : Explicit concurrent mark sweep GC freed 8(304B) AllocSpace objects, 0(0B) LOS objects, 28% free, 40MB/56MB, paused 430us total 36.547ms
08-04 11:38:47.502 25453 25453 I ExoPlayerImpl: Release 27edda8 [ExoPlayerLib/2.10.8] [angler, Nexus 6P, Huawei, 23] [goog.exo.core, goog.exo.ui]
08-04 11:38:47.506   380   380 W SurfaceFlinger: couldn't log to binary event log: overflow.
08-04 11:38:47.523   512 12838 I OMX-VDEC-1080P: omx_vdec::component_deinit() complete
08-04 11:38:47.525   512 12838 I OMX-VDEC-1080P: Exit OMX vdec Destructor: fd=49
08-04 11:38:47.651 25453 25466 I art     : Starting a blocking GC Explicit
08-04 11:38:47.694 25453 25466 I art     : Explicit concurrent mark sweep GC freed 1833(186KB) AllocSpace objects, 36(2MB) LOS objects, 29% free, 37MB/53MB, paused 404us total 42.230ms
08-04 11:38:47.709 25453 25466 I art     : Starting a blocking GC Explicit
08-04 11:38:47.749 25453 25466 I art     : Explicit concurrent mark sweep GC freed 2908(161KB) AllocSpace objects, 4(200KB) LOS objects, 29% free, 37MB/53MB, paused 364us total 40.118ms
08-04 11:38:47.764 25453 25466 I art     : Starting a blocking GC Explicit
08-04 11:38:47.805 25453 25466 I art     : Explicit concurrent mark sweep GC freed 3(96B) AllocSpace objects, 0(0B) LOS objects, 29% free, 37MB/53MB, paused 390us total 40.543ms
08-04 11:38:47.820 25453 25466 I art     : Starting a blocking GC Explicit
08-04 11:38:47.860 25453 25466 I art     : Explicit concurrent mark sweep GC freed 3(96B) AllocSpace objects, 0(0B) LOS objects, 29% free, 37MB/53MB, paused 378us total 39.586ms
08-04 11:38:47.875 25453 25466 I art     : Starting a blocking GC Explicit
08-04 11:38:47.916 25453 25466 I art     : Explicit concurrent mark sweep GC freed 3(96B) AllocSpace objects, 0(0B) LOS objects, 29% free, 37MB/53MB, paused 391us total 40.890ms
08-04 11:38:48.242 25453 25476 I art     : Starting a blocking GC Explicit
08-04 11:38:48.293 25453 25476 I art     : Explicit concurrent mark sweep GC freed 1354(82KB) AllocSpace objects, 1(20KB) LOS objects, 29% free, 37MB/53MB, paused 432us total 50.848ms
08-04 11:38:48.311 25453 25476 I art     : Starting a blocking GC Explicit
08-04 11:38:48.351 25453 25476 I art     : Explicit concurrent mark sweep GC freed 20(704B) AllocSpace objects, 0(0B) LOS objects, 29% free, 37MB/53MB, paused 383us total 40.468ms
08-04 11:38:48.366 25453 25476 I art     : Starting a blocking GC Explicit
08-04 11:38:48.404 25453 25476 I art     : Explicit concurrent mark sweep GC freed 3(96B) AllocSpace objects, 0(0B) LOS objects, 29% free, 37MB/53MB, paused 349us total 37.566ms
08-04 11:38:48.419 25453 25476 I art     : Starting a blocking GC Explicit
08-04 11:38:48.456 25453 25476 I art     : Explicit concurrent mark sweep GC freed 3(96B) AllocSpace objects, 0(0B) LOS objects, 29% free, 37MB/53MB, paused 369us total 36.643ms
08-04 11:38:48.471 25453 25476 I art     : Starting a blocking GC Explicit
08-04 11:38:48.509 25453 25476 I art     : Explicit concurrent mark sweep GC freed 3(96B) AllocSpace objects, 0(0B) LOS objects, 29% free, 37MB/53MB, paused 397us total 38.094ms
08-04 11:38:48.801 28889 28889 D AndroidRuntime: >>>>>> START com.android.internal.os.RuntimeInit uid 2000 <<<<<<
08-04 11:38:48.806 28889 28889 D AndroidRuntime: CheckJNI is OFF
08-04 11:38:48.808 25453 25465 I art     : Starting a blocking GC Explicit
08-04 11:38:48.842 28889 28889 D ICU     : No timezone override file found: /data/misc/zoneinfo/current/icu/icu_tzdata.dat
08-04 11:38:48.848 25453 25465 I art     : Explicit concurrent mark sweep GC freed 1354(82KB) AllocSpace objects, 1(20KB) LOS objects, 29% free, 37MB/53MB, paused 412us total 39.939ms
08-04 11:38:48.863 25453 25465 I art     : Starting a blocking GC Explicit
08-04 11:38:48.878 28889 28889 I Radio-JNI: register_android_hardware_Radio DONE
08-04 11:38:48.900 28889 28889 D AndroidRuntime: Calling main entry com.android.commands.input.Input
08-04 11:38:48.900 25453 25465 I art     : Explicit concurrent mark sweep GC freed 20(704B) AllocSpace objects, 0(0B) LOS objects, 29% free, 37MB/53MB, paused 386us total 36.396ms
08-04 11:38:48.901 28889 28889 I Input   : injectMotionEvent: MotionEvent { action=ACTION_DOWN, actionButton=0, id[0]=0, x[0]=1340.0, y[0]=1100.0, toolType[0]=TOOL_TYPE_UNKNOWN, buttonState=0, metaState=0, flags=0x0, edgeFlags=0x0, pointerCount=1, historySize=0, eventTime=704345314, downTime=704345314, deviceId=0, source=0x1002 }
08-04 11:38:48.907 28889 28889 I Input   : injectMotionEvent: MotionEvent { action=ACTION_UP, actionButton=0, id[0]=0, x[0]=1340.0, y[0]=1100.0, toolType[0]=TOOL_TYPE_UNKNOWN, buttonState=0, metaState=0, flags=0x0, edgeFlags=0x0, pointerCount=1, historySize=0, eventTime=704345314, downTime=704345314, deviceId=0, source=0x1002 }
08-04 11:38:48.911 28889 28889 D AndroidRuntime: Shutting down VM
08-04 11:38:48.914 25453 25465 I art     : Starting a blocking GC Explicit
08-04 11:38:48.926   918  3359 I ActivityManager: START u0 {dat=https://oauth.reddit.com/... cmp=baseline.org.quantumbadger.redreader/.activities.CommentListingActivity} from uid 10666 on display 0
08-04 11:38:48.926   512  2967 D audio_hw_primary: out_set_parameters: enter: usecase(1: low-latency-playback) kvpairs: routing=2
08-04 11:38:48.939   512  2967 D audio_hw_primary: select_devices: out_snd_device(2: speaker) in_snd_device(0: none)
08-04 11:38:48.939   512  2967 D msm8974_platform: platform_send_audio_calibration: sending audio calibration for snd_device(2) acdb_id(15)
08-04 11:38:48.940   512  2967 I soundtrigger: audio_extn_sound_trigger_update_device_status: device 0x2 of type 0 for Event 1
08-04 11:38:48.950   512  2967 D audio_hw_primary: enable_snd_device: snd_device(2: speaker)
08-04 11:38:48.950 25453 25453 I AppCompatViewInflater: app:theme is now deprecated. Please move to using android:theme instead.
08-04 11:38:48.952   512  2967 D audio_hw_primary: enable_audio_route: apply and update mixer path: low-latency-playback speaker
08-04 11:38:48.954 25453 25465 I art     : Explicit concurrent mark sweep GC freed 1075(40KB) AllocSpace objects, 0(0B) LOS objects, 29% free, 37MB/53MB, paused 686us total 39.963ms
08-04 11:38:48.969 25453 28434 I CommentListingActivity: COMMENTS session changed to 3ba3cde5-41e7-4cd8-90f5-38f2e915fbd8
08-04 11:38:48.969 25453 25465 I art     : Starting a blocking GC Explicit
08-04 11:38:49.009 25453 25465 I art     : Explicit concurrent mark sweep GC freed 3018(214KB) AllocSpace objects, 0(0B) LOS objects, 29% free, 38MB/54MB, paused 745us total 39.158ms
08-04 11:38:49.023 25453 25465 I art     : Starting a blocking GC Explicit
08-04 11:38:49.055 13866 13866 I GoogleInputMethodServic: GoogleInputMethodService.onFinishInput():3138 
08-04 11:38:49.055   918   936 I ActivityManager: Displayed baseline.org.quantumbadger.redreader/.activities.CommentListingActivity: +118ms
08-04 11:38:49.056 13866 13866 I GoogleInputMethodServic: GoogleInputMethodService.onStartInput():1808 
08-04 11:38:49.072 25453 25465 I art     : Explicit concurrent mark sweep GC freed 11126(549KB) AllocSpace objects, 0(0B) LOS objects, 28% free, 39MB/55MB, paused 989us total 49.305ms
08-04 11:38:49.307   380   380 W SurfaceFlinger: couldn't log to binary event log: overflow.
08-04 11:38:49.332 25453 25466 I art     : Starting a blocking GC Explicit
08-04 11:38:49.379 25453 25466 I art     : Explicit concurrent mark sweep GC freed 29336(1516KB) AllocSpace objects, 1(20KB) LOS objects, 28% free, 39MB/55MB, paused 326us total 47.110ms
08-04 11:38:49.394 25453 25466 I art     : Starting a blocking GC Explicit
08-04 11:38:49.439 25453 25466 I art     : Explicit concurrent mark sweep GC freed 214(8KB) AllocSpace objects, 0(0B) LOS objects, 28% free, 39MB/55MB, paused 370us total 44.463ms
08-04 11:38:49.454 25453 25466 I art     : Starting a blocking GC Explicit
08-04 11:38:49.488   512  2967 D audio_hw_primary: disable_audio_route: reset and update mixer path: low-latency-playback speaker
08-04 11:38:49.490   512  2967 D audio_hw_primary: disable_snd_device: snd_device(2: speaker)
08-04 11:38:49.498   512  2967 I soundtrigger: audio_extn_sound_trigger_update_device_status: device 0x2 of type 0 for Event 0
08-04 11:38:49.502 25453 25466 I art     : Explicit concurrent mark sweep GC freed 15(496B) AllocSpace objects, 0(0B) LOS objects, 28% free, 39MB/55MB, paused 356us total 47.255ms
08-04 11:38:49.517 25453 25466 I art     : Starting a blocking GC Explicit
08-04 11:38:49.563 25453 25466 I art     : Explicit concurrent mark sweep GC freed 3(96B) AllocSpace objects, 0(0B) LOS objects, 28% free, 39MB/55MB, paused 331us total 45.173ms
08-04 11:38:49.578 25453 25466 I art     : Starting a blocking GC Explicit
08-04 11:38:49.624 25453 25466 I art     : Explicit concurrent mark sweep GC freed 3(96B) AllocSpace objects, 0(0B) LOS objects, 28% free, 39MB/55MB, paused 322us total 45.209ms
08-04 11:38:49.939 25453 25466 I art     : Starting a blocking GC Explicit
08-04 11:38:49.994 25453 25466 I art     : Explicit concurrent mark sweep GC freed 1354(82KB) AllocSpace objects, 1(20KB) LOS objects, 28% free, 39MB/55MB, paused 347us total 54.621ms
08-04 11:38:50.011 25453 25466 I art     : Starting a blocking GC Explicit
08-04 11:38:50.063 25453 25466 I art     : Explicit concurrent mark sweep GC freed 66(2528B) AllocSpace objects, 0(0B) LOS objects, 28% free, 39MB/55MB, paused 382us total 51.500ms
08-04 11:38:50.080 25453 25466 I art     : Starting a blocking GC Explicit
08-04 11:38:50.132 25453 25466 I art     : Explicit concurrent mark sweep GC freed 3(96B) AllocSpace objects, 0(0B) LOS objects, 28% free, 39MB/55MB, paused 385us total 52.173ms
08-04 11:38:50.149 25453 25466 I art     : Starting a blocking GC Explicit
08-04 11:38:50.202 25453 25466 I art     : Explicit concurrent mark sweep GC freed 3(96B) AllocSpace objects, 0(0B) LOS objects, 28% free, 39MB/55MB, paused 382us total 53.234ms
08-04 11:38:50.219 25453 25466 I art     : Starting a blocking GC Explicit
08-04 11:38:50.271 25453 25466 I art     : Explicit concurrent mark sweep GC freed 3(96B) AllocSpace objects, 0(0B) LOS objects, 28% free, 39MB/55MB, paused 370us total 52.128ms
08-04 11:38:50.593   518   646 I ThermalEngine: ACTION: GPU - Setting GPU[0] to 450000000
08-04 11:38:50.611 25453 28574 I art     : Starting a blocking GC Explicit
08-04 11:38:50.695 25453 28574 I art     : Explicit concurrent mark sweep GC freed 1354(82KB) AllocSpace objects, 1(20KB) LOS objects, 28% free, 39MB/55MB, paused 585us total 83.579ms
08-04 11:38:50.719 25453 28574 I art     : Starting a blocking GC Explicit
08-04 11:38:50.790 25453 28574 I art     : Explicit concurrent mark sweep GC freed 20(704B) AllocSpace objects, 0(0B) LOS objects, 28% free, 39MB/55MB, paused 510us total 70.691ms
08-04 11:38:50.812 25453 28574 I art     : Starting a blocking GC Explicit
08-04 11:38:50.885 25453 28574 I art     : Explicit concurrent mark sweep GC freed 3(96B) AllocSpace objects, 0(0B) LOS objects, 28% free, 39MB/55MB, paused 523us total 72.609ms
08-04 11:38:50.909 25453 28574 I art     : Starting a blocking GC Explicit
08-04 11:38:50.983 25453 28574 I art     : Explicit concurrent mark sweep GC freed 3(96B) AllocSpace objects, 0(0B) LOS objects, 28% free, 39MB/55MB, paused 591us total 73.641ms
08-04 11:38:51.008 25453 28574 I art     : Starting a blocking GC Explicit
08-04 11:38:51.075 25453 28574 I art     : Explicit concurrent mark sweep GC freed 3(96B) AllocSpace objects, 0(0B) LOS objects, 28% free, 39MB/55MB, paused 525us total 66.490ms
08-04 11:38:51.423 25453 25476 I art     : Starting a blocking GC Explicit
08-04 11:38:51.508 25453 25476 I art     : Explicit concurrent mark sweep GC freed 1354(82KB) AllocSpace objects, 1(20KB) LOS objects, 28% free, 39MB/55MB, paused 579us total 84.512ms
08-04 11:38:51.531 25453 25476 I art     : Starting a blocking GC Explicit
08-04 11:38:51.603 25453 25476 I art     : Explicit concurrent mark sweep GC freed 20(704B) AllocSpace objects, 0(0B) LOS objects, 28% free, 39MB/55MB, paused 523us total 71.387ms
08-04 11:38:51.625 25453 25476 I art     : Starting a blocking GC Explicit
08-04 11:38:51.697 25453 25476 I art     : Explicit concurrent mark sweep GC freed 3(96B) AllocSpace objects, 0(0B) LOS objects, 28% free, 39MB/55MB, paused 529us total 71.612ms
08-04 11:38:51.697 20359 20359 I ServiceManager: Waiting for service AtCmdFwd...
08-04 11:38:51.697 25453 25464 I art     : WaitForGcToComplete blocked for 71.970ms for cause HeapTrim
08-04 11:38:51.718 25453 25476 I art     : Starting a blocking GC Explicit
08-04 11:38:51.790 25453 25476 I art     : Explicit concurrent mark sweep GC freed 3(96B) AllocSpace objects, 0(0B) LOS objects, 28% free, 39MB/55MB, paused 531us total 71.530ms
08-04 11:38:51.812 25453 25476 I art     : Starting a blocking GC Explicit
08-04 11:38:51.884 25453 25476 I art     : Explicit concurrent mark sweep GC freed 3(96B) AllocSpace objects, 0(0B) LOS objects, 28% free, 39MB/55MB, paused 508us total 71.671ms
08-04 11:38:52.191 13866 13882 I PeriodicStatsRunner: PeriodicStatsRunner.call():175 call()
08-04 11:38:52.191 13866 13882 I PeriodicStatsRunner: PeriodicStatsRunner.call():179 No submit PeriodicStats since input started.
08-04 11:38:52.262 25453 25679 I art     : Starting a blocking GC Explicit
08-04 11:38:52.349 25453 25679 I art     : Explicit concurrent mark sweep GC freed 1354(82KB) AllocSpace objects, 1(20KB) LOS objects, 28% free, 39MB/55MB, paused 607us total 86.025ms
08-04 11:38:52.372 25453 25679 I art     : Starting a blocking GC Explicit
08-04 11:38:52.443 25453 25679 I art     : Explicit concurrent mark sweep GC freed 20(704B) AllocSpace objects, 0(0B) LOS objects, 28% free, 39MB/55MB, paused 532us total 70.342ms
08-04 11:38:52.465 25453 25679 I art     : Starting a blocking GC Explicit
08-04 11:38:52.536 25453 25679 I art     : Explicit concurrent mark sweep GC freed 3(96B) AllocSpace objects, 0(0B) LOS objects, 28% free, 39MB/55MB, paused 533us total 70.676ms
08-04 11:38:52.558 25453 25679 I art     : Starting a blocking GC Explicit
08-04 11:38:52.598   518   646 I ThermalEngine: ACTION: GPU - Setting GPU[0] to 510000000
08-04 11:38:52.629 25453 25679 I art     : Explicit concurrent mark sweep GC freed 3(96B) AllocSpace objects, 0(0B) LOS objects, 28% free, 39MB/55MB, paused 552us total 71.084ms
08-04 11:38:52.648 25453 25679 I art     : Starting a blocking GC Explicit
08-04 11:38:52.698 20359 20359 I ServiceManager: Waiting for service AtCmdFwd...
08-04 11:38:52.703 25453 25679 I art     : Explicit concurrent mark sweep GC freed 3(96B) AllocSpace objects, 0(0B) LOS objects, 28% free, 39MB/55MB, paused 381us total 54.610ms
08-04 11:38:53.039 25453 25465 I art     : Starting a blocking GC Explicit
08-04 11:38:53.114 25453 25465 I art     : Explicit concurrent mark sweep GC freed 1354(82KB) AllocSpace objects, 1(20KB) LOS objects, 28% free, 39MB/55MB, paused 444us total 74.498ms
08-04 11:38:53.132 25453 25465 I art     : Starting a blocking GC Explicit
08-04 11:38:53.183 25453 25465 I art     : Explicit concurrent mark sweep GC freed 20(704B) AllocSpace objects, 0(0B) LOS objects, 28% free, 39MB/55MB, paused 366us total 50.134ms
08-04 11:38:53.199 25453 25465 I art     : Starting a blocking GC Explicit
08-04 11:38:53.251 25453 25465 I art     : Explicit concurrent mark sweep GC freed 3(96B) AllocSpace objects, 0(0B) LOS objects, 28% free, 39MB/55MB, paused 375us total 51.896ms
08-04 11:38:53.266 25453 25465 I art     : Starting a blocking GC Explicit
08-04 11:38:53.316 25453 25465 I art     : Explicit concurrent mark sweep GC freed 3(96B) AllocSpace objects, 0(0B) LOS objects, 28% free, 39MB/55MB, paused 371us total 49.694ms
08-04 11:38:53.332 25453 25465 I art     : Starting a blocking GC Explicit
08-04 11:38:53.382 25453 25465 I art     : Explicit concurrent mark sweep GC freed 3(96B) AllocSpace objects, 0(0B) LOS objects, 28% free, 39MB/55MB, paused 384us total 49.817ms
08-04 11:38:53.580 28974 28974 D AndroidRuntime: >>>>>> START com.android.internal.os.RuntimeInit uid 2000 <<<<<<
08-04 11:38:53.584 28974 28974 D AndroidRuntime: CheckJNI is OFF
08-04 11:38:53.616 28974 28974 D ICU     : No timezone override file found: /data/misc/zoneinfo/current/icu/icu_tzdata.dat
08-04 11:38:53.648 28974 28974 I Radio-JNI: register_android_hardware_Radio DONE
08-04 11:38:53.670 28974 28974 D AndroidRuntime: Calling main entry com.android.commands.input.Input
08-04 11:38:53.672 28974 28974 I Input   : injectKeyEvent: KeyEvent { action=ACTION_DOWN, keyCode=KEYCODE_BACK, scanCode=0, metaState=0, flags=0x0, repeatCount=0, eventTime=704350085, downTime=704350085, deviceId=-1, source=0x101 }
08-04 11:38:53.677 28974 28974 I Input   : injectKeyEvent: KeyEvent { action=ACTION_UP, keyCode=KEYCODE_BACK, scanCode=0, metaState=0, flags=0x0, repeatCount=0, eventTime=704350085, downTime=704350085, deviceId=-1, source=0x101 }
08-04 11:38:53.682 28974 28974 D AndroidRuntime: Shutting down VM
08-04 11:38:53.697 25453 25679 I art     : Starting a blocking GC Explicit
08-04 11:38:53.698 20359 20359 I ServiceManager: Waiting for service AtCmdFwd...
08-04 11:38:53.724 13866 13866 I GoogleInputMethodServic: GoogleInputMethodService.onFinishInput():3138 
08-04 11:38:53.724 13866 13866 I GoogleInputMethodServic: GoogleInputMethodService.onStartInput():1808 
08-04 11:38:53.746 25453 25679 I art     : Explicit concurrent mark sweep GC freed 1525(89KB) AllocSpace objects, 1(20KB) LOS objects, 28% free, 39MB/55MB, paused 370us total 49.008ms
08-04 11:38:53.761 25453 25679 I art     : Starting a blocking GC Explicit
08-04 11:38:53.805 25453 25679 I art     : Explicit concurrent mark sweep GC freed 123(3KB) AllocSpace objects, 0(0B) LOS objects, 28% free, 39MB/55MB, paused 344us total 43.781ms
08-04 11:38:53.820 25453 25679 I art     : Starting a blocking GC Explicit
08-04 11:38:53.864 25453 25679 I art     : Explicit concurrent mark sweep GC freed 3(96B) AllocSpace objects, 0(0B) LOS objects, 28% free, 39MB/55MB, paused 314us total 44.414ms
08-04 11:38:53.883 25453 25679 I art     : Starting a blocking GC Explicit
08-04 11:38:53.938 25453 28913 I RedditChangeDataIO: Writing tmp data file at '/data/user/0/baseline.org.quantumbadger.redreader/files/rr_change_data_tmp.dat'
08-04 11:38:53.939 25453 28913 I RedditChangeDataManager: Taking snapshot...
08-04 11:38:53.939 25453 28913 I RedditChangeDataManager: Writing to stream...
08-04 11:38:53.940 25453 28913 I RedditChangeDataManager: Wrote 6 entries for user ''
08-04 11:38:53.940 25453 28913 I RedditChangeDataManager: All entries written to stream.
08-04 11:38:53.940 25453 28913 I RedditChangeDataIO: Write successful. Atomically replacing data file...
08-04 11:38:53.940 25453 28913 I RedditChangeDataIO: Write complete.
08-04 11:38:53.940 25453 28913 I RedditChangeDataIO: 158 bytes written in 2 ms
08-04 11:38:53.947 25453 25679 I art     : Explicit concurrent mark sweep GC freed 81(4KB) AllocSpace objects, 1(68KB) LOS objects, 28% free, 39MB/55MB, paused 416us total 63.732ms
08-04 11:38:53.969 25453 25679 I art     : Starting a blocking GC Explicit
08-04 11:38:54.032 25453 25679 I art     : Explicit concurrent mark sweep GC freed 14(656B) AllocSpace objects, 0(0B) LOS objects, 28% free, 39MB/55MB, paused 427us total 62.593ms
08-04 11:38:54.046   380   380 W SurfaceFlinger: couldn't log to binary event log: overflow.
08-04 11:38:54.056 13866 13882 I PeriodicStatsRunner: PeriodicStatsRunner.call():175 call()
08-04 11:38:54.056 13866 13882 I PeriodicStatsRunner: PeriodicStatsRunner.call():179 No submit PeriodicStats since input started.
08-04 11:38:54.337 25453 25466 I art     : Starting a blocking GC Explicit
08-04 11:38:54.402 25453 25466 I art     : Explicit concurrent mark sweep GC freed 1406(84KB) AllocSpace objects, 1(20KB) LOS objects, 28% free, 39MB/55MB, paused 470us total 64.559ms
08-04 11:38:54.419 25453 25466 I art     : Starting a blocking GC Explicit
08-04 11:38:54.462 25453 25466 I art     : Explicit concurrent mark sweep GC freed 41396(2MB) AllocSpace objects, 5(140KB) LOS objects, 29% free, 37MB/53MB, paused 369us total 42.425ms
08-04 11:38:54.477 25453 25466 I art     : Starting a blocking GC Explicit
08-04 11:38:54.513 25453 25466 I art     : Explicit concurrent mark sweep GC freed 3(96B) AllocSpace objects, 0(0B) LOS objects, 29% free, 37MB/53MB, paused 354us total 35.418ms
08-04 11:38:54.527 25453 25466 I art     : Starting a blocking GC Explicit
08-04 11:38:54.567 25453 25466 I art     : Explicit concurrent mark sweep GC freed 3(96B) AllocSpace objects, 0(0B) LOS objects, 29% free, 37MB/53MB, paused 375us total 39.735ms
08-04 11:38:54.582 25453 25466 I art     : Starting a blocking GC Explicit
08-04 11:38:54.623 25453 25466 I art     : Explicit concurrent mark sweep GC freed 3(96B) AllocSpace objects, 0(0B) LOS objects, 29% free, 37MB/53MB, paused 397us total 40.857ms
08-04 11:38:54.699 20359 20359 I ServiceManager: Waiting for service AtCmdFwd...
08-04 11:38:54.940 25453 25465 I art     : Starting a blocking GC Explicit
08-04 11:38:54.980 25453 25465 I art     : Explicit concurrent mark sweep GC freed 1354(82KB) AllocSpace objects, 1(20KB) LOS objects, 29% free, 37MB/53MB, paused 372us total 40.023ms
08-04 11:38:54.995 25453 25465 I art     : Starting a blocking GC Explicit
08-04 11:38:55.033 25453 25465 I art     : Explicit concurrent mark sweep GC freed 20(704B) AllocSpace objects, 0(0B) LOS objects, 29% free, 37MB/53MB, paused 420us total 38.527ms
08-04 11:38:55.048 25453 25465 I art     : Starting a blocking GC Explicit
08-04 11:38:55.086 25453 25465 I art     : Explicit concurrent mark sweep GC freed 3(96B) AllocSpace objects, 0(0B) LOS objects, 29% free, 37MB/53MB, paused 375us total 38.012ms
08-04 11:38:55.100 25453 25465 I art     : Starting a blocking GC Explicit
08-04 11:38:55.138 25453 25465 I art     : Explicit concurrent mark sweep GC freed 3(96B) AllocSpace objects, 0(0B) LOS objects, 29% free, 37MB/53MB, paused 371us total 37.816ms
08-04 11:38:55.153 25453 25465 I art     : Starting a blocking GC Explicit
08-04 11:38:55.191 25453 25465 I art     : Explicit concurrent mark sweep GC freed 3(96B) AllocSpace objects, 0(0B) LOS objects, 29% free, 37MB/53MB, paused 374us total 37.557ms
08-04 11:38:55.345 29018 29018 D AndroidRuntime: >>>>>> START com.android.internal.os.RuntimeInit uid 2000 <<<<<<
08-04 11:38:55.352 29018 29018 D AndroidRuntime: CheckJNI is OFF
08-04 11:38:55.384 29018 29018 D ICU     : No timezone override file found: /data/misc/zoneinfo/current/icu/icu_tzdata.dat
08-04 11:38:55.416 29018 29018 I Radio-JNI: register_android_hardware_Radio DONE
08-04 11:38:55.438 29018 29018 D AndroidRuntime: Calling main entry com.android.commands.input.Input
08-04 11:38:55.440 29018 29018 I Input   : injectKeyEvent: KeyEvent { action=ACTION_DOWN, keyCode=KEYCODE_BACK, scanCode=0, metaState=0, flags=0x0, repeatCount=0, eventTime=704351853, downTime=704351853, deviceId=-1, source=0x101 }
08-04 11:38:55.444 29018 29018 I Input   : injectKeyEvent: KeyEvent { action=ACTION_UP, keyCode=KEYCODE_BACK, scanCode=0, metaState=0, flags=0x0, repeatCount=0, eventTime=704351853, downTime=704351853, deviceId=-1, source=0x101 }
08-04 11:38:55.449 29018 29018 D AndroidRuntime: Shutting down VM
08-04 11:38:55.485 25453 25465 I art     : Starting a blocking GC Explicit
08-04 11:38:55.489 13866 13866 I GoogleInputMethodServic: GoogleInputMethodService.onFinishInput():3138 
08-04 11:38:55.490 13866 13866 I GoogleInputMethodServic: GoogleInputMethodService.onStartInput():1808 
08-04 11:38:55.524 25453 25465 I art     : Explicit concurrent mark sweep GC freed 1500(87KB) AllocSpace objects, 1(20KB) LOS objects, 29% free, 37MB/53MB, paused 355us total 38.623ms
08-04 11:38:55.539 25453 25465 I art     : Starting a blocking GC Explicit
08-04 11:38:55.574 25453 25465 I art     : Explicit concurrent mark sweep GC freed 58(1968B) AllocSpace objects, 0(0B) LOS objects, 29% free, 37MB/53MB, paused 311us total 33.753ms
08-04 11:38:55.587 25453 25465 I art     : Starting a blocking GC Explicit
08-04 11:38:55.621 25453 25465 I art     : Explicit concurrent mark sweep GC freed 3(96B) AllocSpace objects, 0(0B) LOS objects, 29% free, 37MB/53MB, paused 338us total 34.217ms
08-04 11:38:55.636 25453 25465 I art     : Starting a blocking GC Explicit
08-04 11:38:55.678 25453 25465 I art     : Explicit concurrent mark sweep GC freed 3(96B) AllocSpace objects, 0(0B) LOS objects, 29% free, 37MB/53MB, paused 374us total 42.289ms
08-04 11:38:55.696 25453 25465 I art     : Starting a blocking GC Explicit
08-04 11:38:55.699 20359 20359 I ServiceManager: Waiting for service AtCmdFwd...
08-04 11:38:55.746 25453 25465 I art     : Explicit concurrent mark sweep GC freed 3(96B) AllocSpace objects, 0(0B) LOS objects, 29% free, 37MB/53MB, paused 379us total 49.700ms
08-04 11:38:56.032 25453 25465 I art     : Starting a blocking GC Explicit
08-04 11:38:56.079 25453 25465 I art     : Explicit concurrent mark sweep GC freed 1412(84KB) AllocSpace objects, 1(20KB) LOS objects, 29% free, 37MB/53MB, paused 438us total 46.228ms
08-04 11:38:56.094 25453 25465 I art     : Starting a blocking GC Explicit
08-04 11:38:56.134 25453 25465 I art     : Explicit concurrent mark sweep GC freed 150(7KB) AllocSpace objects, 0(0B) LOS objects, 29% free, 37MB/53MB, paused 415us total 40.216ms
08-04 11:38:56.149 25453 25465 I art     : Starting a blocking GC Explicit
08-04 11:38:56.189 25453 25465 I art     : Explicit concurrent mark sweep GC freed 3(96B) AllocSpace objects, 0(0B) LOS objects, 29% free, 37MB/53MB, paused 403us total 39.523ms
08-04 11:38:56.204 25453 25465 I art     : Starting a blocking GC Explicit
08-04 11:38:56.244 25453 25465 I art     : Explicit concurrent mark sweep GC freed 3(96B) AllocSpace objects, 0(0B) LOS objects, 29% free, 37MB/53MB, paused 389us total 39.917ms
08-04 11:38:56.259 25453 25465 I art     : Starting a blocking GC Explicit
08-04 11:38:56.298 25453 25465 I art     : Explicit concurrent mark sweep GC freed 3(96B) AllocSpace objects, 0(0B) LOS objects, 29% free, 37MB/53MB, paused 427us total 38.660ms
08-04 11:38:56.610 25453 28574 I art     : Starting a blocking GC Explicit
08-04 11:38:56.669 25453 28574 I art     : Explicit concurrent mark sweep GC freed 1354(82KB) AllocSpace objects, 1(20KB) LOS objects, 29% free, 37MB/53MB, paused 531us total 58.930ms
08-04 11:38:56.687 25453 28574 I art     : Starting a blocking GC Explicit
08-04 11:38:56.699 20359 20359 W Atfwd_Sendcmd: AtCmdFwd service not published, waiting... retryCnt : 5
08-04 11:38:56.727 25453 28574 I art     : Explicit concurrent mark sweep GC freed 20(704B) AllocSpace objects, 0(0B) LOS objects, 29% free, 37MB/53MB, paused 409us total 38.953ms
08-04 11:38:56.741 25453 28574 I art     : Starting a blocking GC Explicit
08-04 11:38:56.779 25453 28574 I art     : Explicit concurrent mark sweep GC freed 3(96B) AllocSpace objects, 0(0B) LOS objects, 29% free, 37MB/53MB, paused 415us total 38.276ms
08-04 11:38:56.794 25453 28574 I art     : Starting a blocking GC Explicit
08-04 11:38:56.832 25453 28574 I art     : Explicit concurrent mark sweep GC freed 3(96B) AllocSpace objects, 0(0B) LOS objects, 29% free, 37MB/53MB, paused 410us total 38.048ms
08-04 11:38:56.832 25453 25464 I art     : WaitForGcToComplete blocked for 38.278ms for cause HeapTrim
08-04 11:38:56.847 25453 28574 I art     : Starting a blocking GC Explicit
08-04 11:38:56.885 25453 28574 I art     : Explicit concurrent mark sweep GC freed 3(96B) AllocSpace objects, 0(0B) LOS objects, 29% free, 37MB/53MB, paused 422us total 38.448ms
08-04 11:38:57.099 29061 29061 D AndroidRuntime: >>>>>> START com.android.internal.os.RuntimeInit uid 2000 <<<<<<
08-04 11:38:57.104 29061 29061 D AndroidRuntime: CheckJNI is OFF
08-04 11:38:57.138 29061 29061 D ICU     : No timezone override file found: /data/misc/zoneinfo/current/icu/icu_tzdata.dat
08-04 11:38:57.171 29061 29061 I Radio-JNI: register_android_hardware_Radio DONE
08-04 11:38:57.183 25453 25476 I art     : Starting a blocking GC Explicit
08-04 11:38:57.193 29061 29061 D AndroidRuntime: Calling main entry com.android.commands.input.Input
08-04 11:38:57.195 29061 29061 I Input   : injectMotionEvent: MotionEvent { action=ACTION_DOWN, actionButton=0, id[0]=0, x[0]=600.0, y[0]=1733.0, toolType[0]=TOOL_TYPE_UNKNOWN, buttonState=0, metaState=0, flags=0x0, edgeFlags=0x0, pointerCount=1, historySize=0, eventTime=704353608, downTime=704353608, deviceId=0, source=0x1002 }
08-04 11:38:57.200 29061 29061 I Input   : injectMotionEvent: MotionEvent { action=ACTION_UP, actionButton=0, id[0]=0, x[0]=600.0, y[0]=1733.0, toolType[0]=TOOL_TYPE_UNKNOWN, buttonState=0, metaState=0, flags=0x0, edgeFlags=0x0, pointerCount=1, historySize=0, eventTime=704353608, downTime=704353608, deviceId=0, source=0x1002 }
08-04 11:38:57.201 29061 29061 D AndroidRuntime: Shutting down VM
08-04 11:38:57.218   918  5132 I ActivityManager: START u0 {dat=https://oauth.reddit.com/... cmp=baseline.org.quantumbadger.redreader/.activities.PostListingActivity} from uid 10666 on display 0
08-04 11:38:57.220   512  2967 D audio_hw_primary: out_set_parameters: enter: usecase(1: low-latency-playback) kvpairs: routing=2
08-04 11:38:57.227 25453 25476 I art     : Explicit concurrent mark sweep GC freed 1405(84KB) AllocSpace objects, 1(20KB) LOS objects, 29% free, 37MB/53MB, paused 422us total 43.766ms
08-04 11:38:57.233   512  2967 D audio_hw_primary: select_devices: out_snd_device(2: speaker) in_snd_device(0: none)
08-04 11:38:57.233   512  2967 D msm8974_platform: platform_send_audio_calibration: sending audio calibration for snd_device(2) acdb_id(15)
08-04 11:38:57.233   512  2967 I soundtrigger: audio_extn_sound_trigger_update_device_status: device 0x2 of type 0 for Event 1
08-04 11:38:57.241 25453 25453 I AppCompatViewInflater: app:theme is now deprecated. Please move to using android:theme instead.
08-04 11:38:57.243   512  2967 D audio_hw_primary: enable_snd_device: snd_device(2: speaker)
08-04 11:38:57.244 25453 25476 I art     : Starting a blocking GC Explicit
08-04 11:38:57.246   512  2967 D audio_hw_primary: enable_audio_route: apply and update mixer path: low-latency-playback speaker
08-04 11:38:57.262 25453 29085 D OK      : calling: https://oauth.reddit.com/r/aww/about.json
08-04 11:38:57.283 25453 25476 I art     : Explicit concurrent mark sweep GC freed 885(75KB) AllocSpace objects, 0(0B) LOS objects, 29% free, 37MB/53MB, paused 502us total 38.248ms
08-04 11:38:57.296 25453 25476 I art     : Starting a blocking GC Explicit
08-04 11:38:57.324   918   936 I ActivityManager: Displayed baseline.org.quantumbadger.redreader/.activities.PostListingActivity: +96ms
08-04 11:38:57.325 13866 13866 I GoogleInputMethodServic: GoogleInputMethodService.onFinishInput():3138 
08-04 11:38:57.325 13866 13866 I GoogleInputMethodServic: GoogleInputMethodService.onStartInput():1808 
08-04 11:38:57.332 25453 25476 I art     : Explicit concurrent mark sweep GC freed 946(38KB) AllocSpace objects, 0(0B) LOS objects, 29% free, 37MB/53MB, paused 545us total 35.661ms
08-04 11:38:57.346 25453 25476 I art     : Starting a blocking GC Explicit
08-04 11:38:57.383 25453 25476 I art     : Explicit concurrent mark sweep GC freed 168(9KB) AllocSpace objects, 0(0B) LOS objects, 29% free, 37MB/53MB, paused 394us total 37.061ms
08-04 11:38:57.397 25453 25476 I art     : Starting a blocking GC Explicit
08-04 11:38:57.435 25453 25476 I art     : Explicit concurrent mark sweep GC freed 81(5KB) AllocSpace objects, 0(0B) LOS objects, 29% free, 37MB/53MB, paused 480us total 37.147ms
08-04 11:38:57.568   380   380 W SurfaceFlinger: couldn't log to binary event log: overflow.
08-04 11:38:57.633 25453 29085 I NAPPA_EXPERIMENTATION: MetricNetworkRequestExecutionTime: REQUEST_DURATION_SYSTEM='370',REQUEST_DURATION_OKHTTP='142',REQUEST_SYNCHRONOUS='TRUE',RESPONSE_CODE='200',RESPONSE_METHOD='GET',RESPONSE_LENGTH_OKHTTP='-1',RESPONSE_LENGTH_HEADER='3478',REQUEST_PROTOCOL='h2',REQUEST_URL='https://oauth.reddit.com/r/aww/about.json',
08-04 11:38:57.633 25453 29085 D OK      : request got status: 200
08-04 11:38:57.710 25453 25476 I art     : Starting a blocking GC Explicit
08-04 11:38:57.748 25453 25476 I art     : Explicit concurrent mark sweep GC freed 4798(355KB) AllocSpace objects, 3(156KB) LOS objects, 29% free, 37MB/53MB, paused 369us total 37.409ms
08-04 11:38:57.762 25453 25476 I art     : Starting a blocking GC Explicit
08-04 11:38:57.789   512  2967 D audio_hw_primary: disable_audio_route: reset and update mixer path: low-latency-playback speaker
08-04 11:38:57.791   512  2967 D audio_hw_primary: disable_snd_device: snd_device(2: speaker)
08-04 11:38:57.796 25453 25476 I art     : Explicit concurrent mark sweep GC freed 255(12KB) AllocSpace objects, 0(0B) LOS objects, 29% free, 37MB/53MB, paused 364us total 34.339ms
08-04 11:38:57.798   512  2967 I soundtrigger: audio_extn_sound_trigger_update_device_status: device 0x2 of type 0 for Event 0
08-04 11:38:57.810 25453 25476 I art     : Starting a blocking GC Explicit
08-04 11:38:57.847 25453 25476 I art     : Explicit concurrent mark sweep GC freed 3(96B) AllocSpace objects, 0(0B) LOS objects, 29% free, 37MB/53MB, paused 413us total 36.622ms
08-04 11:38:57.861 25453 25476 I art     : Starting a blocking GC Explicit
08-04 11:38:57.899 25453 25476 I art     : Explicit concurrent mark sweep GC freed 3(96B) AllocSpace objects, 0(0B) LOS objects, 29% free, 37MB/53MB, paused 425us total 38.573ms
08-04 11:38:57.914 25453 25476 I art     : Starting a blocking GC Explicit
08-04 11:38:57.955 25453 25476 I art     : Explicit concurrent mark sweep GC freed 13(528B) AllocSpace objects, 0(0B) LOS objects, 29% free, 37MB/53MB, paused 578us total 41.009ms
08-04 11:38:58.270 25453 25476 I art     : Starting a blocking GC Explicit
08-04 11:38:58.313 25453 25476 I art     : Explicit concurrent mark sweep GC freed 1403(84KB) AllocSpace objects, 1(20KB) LOS objects, 29% free, 37MB/53MB, paused 456us total 42.537ms
08-04 11:38:58.328 25453 25476 I art     : Starting a blocking GC Explicit
08-04 11:38:58.368 25453 25476 I art     : Explicit concurrent mark sweep GC freed 20(704B) AllocSpace objects, 0(0B) LOS objects, 29% free, 37MB/53MB, paused 397us total 39.866ms
08-04 11:38:58.382 25453 25476 I art     : Starting a blocking GC Explicit
08-04 11:38:58.424 25453 25476 I art     : Explicit concurrent mark sweep GC freed 3(96B) AllocSpace objects, 0(0B) LOS objects, 29% free, 37MB/53MB, paused 437us total 41.156ms
08-04 11:38:58.439 25453 25476 I art     : Starting a blocking GC Explicit
08-04 11:38:58.463 25453 29109 D OK      : calling: https://oauth.reddit.com/r/aww/hot/.json
08-04 11:38:58.478 25453 25476 I art     : Explicit concurrent mark sweep GC freed 94(3KB) AllocSpace objects, 0(0B) LOS objects, 29% free, 37MB/53MB, paused 507us total 38.882ms
08-04 11:38:58.493 25453 25476 I art     : Starting a blocking GC Explicit
08-04 11:38:58.532 25453 25476 I art     : Explicit concurrent mark sweep GC freed 10(384B) AllocSpace objects, 0(0B) LOS objects, 29% free, 37MB/53MB, paused 473us total 39.398ms
08-04 11:38:58.655 25453 29109 I NAPPA_EXPERIMENTATION: MetricNetworkRequestExecutionTime: REQUEST_DURATION_SYSTEM='192',REQUEST_DURATION_OKHTTP='187',REQUEST_SYNCHRONOUS='TRUE',RESPONSE_CODE='200',RESPONSE_METHOD='GET',RESPONSE_LENGTH_OKHTTP='-1',RESPONSE_LENGTH_HEADER='33430',REQUEST_PROTOCOL='h2',REQUEST_URL='https://oauth.reddit.com/r/aww/hot/.json',
08-04 11:38:58.655 25453 29109 D OK      : request got status: 200
08-04 11:38:58.674 25453 28434 I PostListingFragment: Precaching images: OFF
08-04 11:38:58.675 25453 28434 I PostListingFragment: Precaching comments: OFF
08-04 11:38:58.701 25453 28434 I getImgurImageInfo: Image NSO7Npm: trying API v3 with auth
08-04 11:38:58.725 13866 13882 I PeriodicStatsRunner: PeriodicStatsRunner.call():175 call()
08-04 11:38:58.726 13866 13882 I PeriodicStatsRunner: PeriodicStatsRunner.call():179 No submit PeriodicStats since input started.
08-04 11:38:58.826 25453 29115 I RedditVideosAPI: For 'https://v.redd.it/fkewv2f65kd51/DASHPlaylist.mpd', got video stream 'https://v.redd.it/fkewv2f65kd51/DASH_480' and audio stream 'https://v.redd.it/fkewv2f65kd51/audio'
08-04 11:38:58.830 25453 25466 I art     : Starting a blocking GC Explicit
08-04 11:38:58.830 25453 29115 I RedditVideosAPI: For 'https://v.redd.it/ak6rer1hskd51/DASHPlaylist.mpd', got video stream 'https://v.redd.it/ak6rer1hskd51/DASH_360' and audio stream 'null'
08-04 11:38:58.832 25453 28049 I RedditVideosAPI: For 'https://v.redd.it/h49fg58ygjd51/DASHPlaylist.mpd', got video stream 'https://v.redd.it/h49fg58ygjd51/DASH_480' and audio stream 'null'
08-04 11:38:58.833 25453 28049 I RedditVideosAPI: For 'https://v.redd.it/1ewzkieg0jd51/DASHPlaylist.mpd', got video stream 'https://v.redd.it/1ewzkieg0jd51/DASH_480' and audio stream 'https://v.redd.it/1ewzkieg0jd51/audio'
08-04 11:38:58.834 25453 28049 I RedditVideosAPI: For 'https://v.redd.it/ppmhu2r9thd51/DASHPlaylist.mpd', got video stream 'https://v.redd.it/ppmhu2r9thd51/DASH_480' and audio stream 'null'
08-04 11:38:58.835 25453 29115 I RedditVideosAPI: For 'https://v.redd.it/s9qqadf3mid51/DASHPlaylist.mpd', got video stream 'https://v.redd.it/s9qqadf3mid51/DASH_480' and audio stream 'https://v.redd.it/s9qqadf3mid51/audio'
08-04 11:38:58.836 25453 29115 I RedditVideosAPI: For 'https://v.redd.it/ty24o02m1hd51/DASHPlaylist.mpd', got video stream 'https://v.redd.it/ty24o02m1hd51/DASH_480' and audio stream 'null'
08-04 11:38:58.836 25453 28049 I RedditVideosAPI: For 'https://v.redd.it/b8vazlcb7ld51/DASHPlaylist.mpd', got video stream 'https://v.redd.it/b8vazlcb7ld51/DASH_480' and audio stream 'https://v.redd.it/b8vazlcb7ld51/audio'
08-04 11:38:58.837 25453 29115 I RedditVideosAPI: For 'https://v.redd.it/ar5k8892pid51/DASHPlaylist.mpd', got video stream 'https://v.redd.it/ar5k8892pid51/DASH_360' and audio stream 'https://v.redd.it/ar5k8892pid51/audio'
08-04 11:38:58.874 25453 25466 I art     : Explicit concurrent mark sweep GC freed 48565(3MB) AllocSpace objects, 95(5MB) LOS objects, 26% free, 43MB/59MB, paused 765us total 44.097ms
08-04 11:38:58.888 25453 25466 I art     : Starting a blocking GC Explicit
08-04 11:38:58.892 25453 25453 W RecyclerView: Cannot call this method in a scroll callback. Scroll callbacks mightbe run during a measure & layout pass where you cannot change theRecyclerView data. Any method call that might change the structureof the RecyclerView or the adapter contents should be postponed tothe next frame.
08-04 11:38:58.892 25453 25453 W RecyclerView: java.lang.IllegalStateException:  androidx.recyclerview.widget.RecyclerView{b98d10f VFED..... .F....ID 0,0-1440,2140 #7f0900ef app:id/scrollbar_recyclerview_recyclerview}, adapter:baseline.org.quantumbadger.redreader.adapters.GroupedRecyclerViewAdapter@5dc59c, layout:androidx.recyclerview.widget.LinearLayoutManager@ccadba5, context:baseline.org.quantumbadger.redreader.activities.PostListingActivity@66293d8
08-04 11:38:58.892 25453 25453 W RecyclerView: 	at androidx.recyclerview.widget.RecyclerView.assertNotInLayoutOrScroll(RecyclerView.java:3061)
08-04 11:38:58.892 25453 25453 W RecyclerView: 	at androidx.recyclerview.widget.RecyclerView$RecyclerViewDataObserver.onItemRangeInserted(RecyclerView.java:5555)
08-04 11:38:58.892 25453 25453 W RecyclerView: 	at androidx.recyclerview.widget.RecyclerView$AdapterDataObservable.notifyItemRangeInserted(RecyclerView.java:12278)
08-04 11:38:58.892 25453 25453 W RecyclerView: 	at androidx.recyclerview.widget.RecyclerView$Adapter.notifyItemInserted(RecyclerView.java:7464)
08-04 11:38:58.892 25453 25453 W RecyclerView: 	at baseline.org.quantumbadger.redreader.adapters.GroupedRecyclerViewAdapter.updateHiddenStatus(GroupedRecyclerViewAdapter.java:279)
08-04 11:38:58.892 25453 25453 W RecyclerView: 	at baseline.org.quantumbadger.redreader.adapters.RedditListingManager.setLoadingVisible(RedditListingManager.java:125)
08-04 11:38:58.892 25453 25453 W RecyclerView: 	at baseline.org.quantumbadger.redreader.fragments.PostListingFragment.onLoadMoreItemsCheck(PostListingFragment.java:465)
08-04 11:38:58.892 25453 25453 W RecyclerView: 	at baseline.org.quantumbadger.redreader.fragments.PostListingFragment.access$000(PostListingFragment.java:98)
08-04 11:38:58.892 25453 25453 W RecyclerView: 	at baseline.org.quantumbadger.redreader.fragments.PostListingFragment$2.onScrolled(PostListingFragment.java:215)
08-04 11:38:58.892 25453 25453 W RecyclerView: 	at androidx.recyclerview.widget.RecyclerView.dispatchOnScrolled(RecyclerView.java:5173)
08-04 11:38:58.892 25453 25453 W RecyclerView: 	at androidx.recyclerview.widget.RecyclerView.dispatchLayoutStep3(RecyclerView.java:4231)
08-04 11:38:58.892 25453 25453 W RecyclerView: 	at androidx.recyclerview.widget.RecyclerView.dispatchLayout(RecyclerView.java:3862)
08-04 11:38:58.892 25453 25453 W RecyclerView: 	at androidx.recyclerview.widget.RecyclerView.consumePendingUpdateOperations(RecyclerView.java:1897)
08-04 11:38:58.892 25453 25453 W RecyclerView: 	at androidx.recyclerview.widget.RecyclerView$1.run(RecyclerView.java:414)
08-04 11:38:58.892 25453 25453 W RecyclerView: 	at android.view.Choreographer$CallbackRecord.run(Choreographer.java:858)
08-04 11:38:58.892 25453 25453 W RecyclerView: 	at android.view.Choreographer.doCallbacks(Choreographer.java:670)
08-04 11:38:58.892 25453 25453 W RecyclerView: 	at android.view.Choreographer.doFrame(Choreographer.java:603)
08-04 11:38:58.892 25453 25453 W RecyclerView: 	at android.view.Choreographer$FrameDisplayEventReceiver.run(Choreographer.java:844)
08-04 11:38:58.892 25453 25453 W RecyclerView: 	at android.os.Handler.handleCallback(Handler.java:739)
08-04 11:38:58.892 25453 25453 W RecyclerView: 	at android.os.Handler.dispatchMessage(Handler.java:95)
08-04 11:38:58.892 25453 25453 W RecyclerView: 	at android.os.Looper.loop(Looper.java:148)
08-04 11:38:58.892 25453 25453 W RecyclerView: 	at android.app.ActivityThread.main(ActivityThread.java:5417)
08-04 11:38:58.892 25453 25453 W RecyclerView: 	at java.lang.reflect.Method.invoke(Native Method)
08-04 11:38:58.892 25453 25453 W RecyclerView: 	at com.android.internal.os.ZygoteInit$MethodAndArgsCaller.run(ZygoteInit.java:726)
08-04 11:38:58.892 25453 25453 W RecyclerView: 	at com.android.internal.os.ZygoteInit.main(ZygoteInit.java:616)
08-04 11:38:58.926 25453 25466 I art     : Explicit concurrent mark sweep GC freed 3681(239KB) AllocSpace objects, 2(148KB) LOS objects, 27% free, 43MB/59MB, paused 466us total 37.628ms
08-04 11:38:58.942 25453 25466 I art     : Starting a blocking GC Explicit
08-04 11:38:58.983 25453 25466 I art     : Explicit concurrent mark sweep GC freed 67(3KB) AllocSpace objects, 0(0B) LOS objects, 27% free, 43MB/59MB, paused 431us total 40.319ms
08-04 11:38:58.997 25453 25466 I art     : Starting a blocking GC Explicit
08-04 11:38:59.035 25453 25466 I art     : Explicit concurrent mark sweep GC freed 3(96B) AllocSpace objects, 0(0B) LOS objects, 27% free, 43MB/59MB, paused 443us total 38.080ms
08-04 11:38:59.050 25453 25466 I art     : Starting a blocking GC Explicit
08-04 11:38:59.090 25453 25466 I art     : Explicit concurrent mark sweep GC freed 73(2800B) AllocSpace objects, 0(0B) LOS objects, 27% free, 43MB/59MB, paused 398us total 40.252ms
08-04 11:38:59.419 25453 25679 I art     : Starting a blocking GC Explicit
08-04 11:38:59.476 25453 25679 I art     : Explicit concurrent mark sweep GC freed 1663(98KB) AllocSpace objects, 1(20KB) LOS objects, 27% free, 43MB/59MB, paused 527us total 56.368ms
08-04 11:38:59.496 25453 25679 I art     : Starting a blocking GC Explicit
08-04 11:38:59.540 25453 25679 I art     : Explicit concurrent mark sweep GC freed 83(4KB) AllocSpace objects, 0(0B) LOS objects, 27% free, 43MB/59MB, paused 469us total 43.616ms
08-04 11:38:59.556 25453 25679 I art     : Starting a blocking GC Explicit
08-04 11:38:59.601 25453 25679 I art     : Explicit concurrent mark sweep GC freed 3(96B) AllocSpace objects, 0(0B) LOS objects, 27% free, 43MB/59MB, paused 452us total 44.735ms
08-04 11:38:59.616 25453 25679 I art     : Starting a blocking GC Explicit
08-04 11:38:59.661 25453 25679 I art     : Explicit concurrent mark sweep GC freed 3(96B) AllocSpace objects, 0(0B) LOS objects, 27% free, 43MB/59MB, paused 510us total 44.497ms
08-04 11:38:59.665 25453 29133 D OK      : calling: https://oauth.reddit.com/r/aww/hot/.json?after=t3_hz5odc
08-04 11:38:59.677 25453 25679 I art     : Starting a blocking GC Explicit
08-04 11:38:59.719 25453 25679 I art     : Explicit concurrent mark sweep GC freed 101(4KB) AllocSpace objects, 0(0B) LOS objects, 27% free, 43MB/59MB, paused 485us total 42.483ms
08-04 11:38:59.879 25453 29133 I NAPPA_EXPERIMENTATION: MetricNetworkRequestExecutionTime: REQUEST_DURATION_SYSTEM='214',REQUEST_DURATION_OKHTTP='207',REQUEST_SYNCHRONOUS='TRUE',RESPONSE_CODE='200',RESPONSE_METHOD='GET',RESPONSE_LENGTH_OKHTTP='-1',RESPONSE_LENGTH_HEADER='30610',REQUEST_PROTOCOL='h2',REQUEST_URL='https://oauth.reddit.com/r/aww/hot/.json?after=t3_hz5odc',
08-04 11:38:59.880 25453 29133 D OK      : request got status: 200
08-04 11:38:59.893 25453 29116 I PostListingFragment: Precaching images: OFF
08-04 11:38:59.893 25453 29116 I PostListingFragment: Precaching comments: OFF
08-04 11:38:59.971 25453 29116 I getImgurImageInfo: Image nLQR2hT: trying API v3 with auth
08-04 11:39:00.049 25453 29140 I RedditVideosAPI: For 'https://v.redd.it/ue0jdgk9zhd51/DASHPlaylist.mpd', got video stream 'https://v.redd.it/ue0jdgk9zhd51/DASH_360' and audio stream 'https://v.redd.it/ue0jdgk9zhd51/audio'
08-04 11:39:00.053 25453 25476 I art     : Starting a blocking GC Explicit
08-04 11:39:00.065 25453 29115 I RedditVideosAPI: For 'https://v.redd.it/syww111dtjd51/DASHPlaylist.mpd', got video stream 'https://v.redd.it/syww111dtjd51/DASH_480' and audio stream 'https://v.redd.it/syww111dtjd51/audio'
08-04 11:39:00.066 25453 29115 I RedditVideosAPI: For 'https://v.redd.it/pbqrrfb3tkd51/DASHPlaylist.mpd', got video stream 'https://v.redd.it/pbqrrfb3tkd51/DASH_480' and audio stream 'null'
08-04 11:39:00.067 25453 29115 I RedditVideosAPI: For 'https://v.redd.it/rrygsb8i4ld51/DASHPlaylist.mpd', got video stream 'https://v.redd.it/rrygsb8i4ld51/DASH_480' and audio stream 'https://v.redd.it/rrygsb8i4ld51/audio'
08-04 11:39:00.068 25453 29115 I RedditVideosAPI: For 'https://v.redd.it/5x6zzipz8ld51/DASHPlaylist.mpd', got video stream 'https://v.redd.it/5x6zzipz8ld51/DASH_480' and audio stream 'null'
08-04 11:39:00.071 25453 29115 I RedditVideosAPI: For 'https://v.redd.it/75en73fm5id51/DASHPlaylist.mpd', got video stream 'https://v.redd.it/75en73fm5id51/DASH_480' and audio stream 'https://v.redd.it/75en73fm5id51/audio'
08-04 11:39:00.071 25453 29140 I RedditVideosAPI: For 'https://v.redd.it/ggz4fyth6hd51/DASHPlaylist.mpd', got video stream 'https://v.redd.it/ggz4fyth6hd51/DASH_360' and audio stream 'null'
08-04 11:39:00.072 25453 29115 I RedditVideosAPI: For 'https://v.redd.it/psrknoobrgd51/DASHPlaylist.mpd', got video stream 'https://v.redd.it/psrknoobrgd51/DASH_480' and audio stream 'null'
08-04 11:39:00.073 25453 29140 I RedditVideosAPI: For 'https://v.redd.it/jk6cwef4wld51/DASHPlaylist.mpd', got video stream 'https://v.redd.it/jk6cwef4wld51/DASH_480' and audio stream 'null'
08-04 11:39:00.073 25453 29115 I RedditVideosAPI: For 'https://v.redd.it/t81s8zfz9ld51/DASHPlaylist.mpd', got video stream 'https://v.redd.it/t81s8zfz9ld51/DASH_480' and audio stream 'https://v.redd.it/t81s8zfz9ld51/audio'
08-04 11:39:00.074 25453 29115 I RedditVideosAPI: For 'https://v.redd.it/xd6c4yyutgd51/DASHPlaylist.mpd', got video stream 'https://v.redd.it/xd6c4yyutgd51/DASH_480' and audio stream 'null'
08-04 11:39:00.097 25453 25476 I art     : Explicit concurrent mark sweep GC freed 43662(3MB) AllocSpace objects, 98(5MB) LOS objects, 24% free, 48MB/64MB, paused 450us total 43.581ms
08-04 11:39:00.111 25453 25476 I art     : Starting a blocking GC Explicit
08-04 11:39:00.150 25453 25476 I art     : Explicit concurrent mark sweep GC freed 2475(116KB) AllocSpace objects, 0(0B) LOS objects, 24% free, 48MB/64MB, paused 424us total 39.076ms
08-04 11:39:00.164 25453 25476 I art     : Starting a blocking GC Explicit
08-04 11:39:00.207 25453 25476 I art     : Explicit concurrent mark sweep GC freed 7(208B) AllocSpace objects, 0(0B) LOS objects, 24% free, 48MB/64MB, paused 510us total 42.721ms
08-04 11:39:00.222 25453 25476 I art     : Starting a blocking GC Explicit
08-04 11:39:00.267 25453 25476 I art     : Explicit concurrent mark sweep GC freed 3(96B) AllocSpace objects, 0(0B) LOS objects, 24% free, 48MB/64MB, paused 550us total 44.933ms
08-04 11:39:00.283 25453 25476 I art     : Starting a blocking GC Explicit
08-04 11:39:00.328 25453 25476 I art     : Explicit concurrent mark sweep GC freed 3(96B) AllocSpace objects, 0(0B) LOS objects, 24% free, 48MB/64MB, paused 466us total 44.830ms
08-04 11:39:00.491 13866 13882 I PeriodicStatsRunner: PeriodicStatsRunner.call():175 call()
08-04 11:39:00.491 13866 13882 I PeriodicStatsRunner: PeriodicStatsRunner.call():179 No submit PeriodicStats since input started.
08-04 11:39:00.691 25453 25466 I art     : Starting a blocking GC Explicit
08-04 11:39:00.751 25453 25466 I art     : Explicit concurrent mark sweep GC freed 1356(83KB) AllocSpace objects, 1(20KB) LOS objects, 24% free, 48MB/64MB, paused 534us total 59.920ms
08-04 11:39:00.771 25453 25466 I art     : Starting a blocking GC Explicit
08-04 11:39:00.815 25453 25466 I art     : Explicit concurrent mark sweep GC freed 20(704B) AllocSpace objects, 0(0B) LOS objects, 24% free, 48MB/64MB, paused 438us total 43.489ms
08-04 11:39:00.830 25453 25466 I art     : Starting a blocking GC Explicit
08-04 11:39:00.876 25453 25466 I art     : Explicit concurrent mark sweep GC freed 3(96B) AllocSpace objects, 0(0B) LOS objects, 24% free, 48MB/64MB, paused 470us total 45.115ms
08-04 11:39:00.891 25453 25466 I art     : Starting a blocking GC Explicit
08-04 11:39:00.936 25453 25466 I art     : Explicit concurrent mark sweep GC freed 3(96B) AllocSpace objects, 0(0B) LOS objects, 24% free, 48MB/64MB, paused 445us total 44.650ms
08-04 11:39:00.952 25453 25466 I art     : Starting a blocking GC Explicit
08-04 11:39:00.996 25453 25466 I art     : Explicit concurrent mark sweep GC freed 3(96B) AllocSpace objects, 0(0B) LOS objects, 24% free, 48MB/64MB, paused 449us total 43.797ms
08-04 11:39:01.367 25453 28574 I art     : Starting a blocking GC Explicit
08-04 11:39:01.428 25453 28574 I art     : Explicit concurrent mark sweep GC freed 1357(83KB) AllocSpace objects, 1(20KB) LOS objects, 24% free, 48MB/64MB, paused 524us total 60.421ms
08-04 11:39:01.447 25453 28574 I art     : Starting a blocking GC Explicit
08-04 11:39:01.492 25453 28574 I art     : Explicit concurrent mark sweep GC freed 20(704B) AllocSpace objects, 0(0B) LOS objects, 24% free, 48MB/64MB, paused 461us total 45.096ms
08-04 11:39:01.508 25453 28574 I art     : Starting a blocking GC Explicit
08-04 11:39:01.554 25453 28574 I art     : Explicit concurrent mark sweep GC freed 3(96B) AllocSpace objects, 0(0B) LOS objects, 24% free, 48MB/64MB, paused 481us total 45.660ms
08-04 11:39:01.570 25453 28574 I art     : Starting a blocking GC Explicit
08-04 11:39:01.613 25453 28574 I art     : Explicit concurrent mark sweep GC freed 3(96B) AllocSpace objects, 0(0B) LOS objects, 24% free, 48MB/64MB, paused 453us total 43.159ms
08-04 11:39:01.629 25453 28574 I art     : Starting a blocking GC Explicit
08-04 11:39:01.674 25453 28574 I art     : Explicit concurrent mark sweep GC freed 3(96B) AllocSpace objects, 0(0B) LOS objects, 24% free, 48MB/64MB, paused 450us total 44.608ms
08-04 11:39:01.813   918  3261 D WifiStateMachine: starting scan for "H369AA63323"WPA_PSK with 2412,5180
08-04 11:39:02.047 25453 25465 I art     : Starting a blocking GC Explicit
08-04 11:39:02.104 25453 25465 I art     : Explicit concurrent mark sweep GC freed 1355(83KB) AllocSpace objects, 1(20KB) LOS objects, 24% free, 48MB/64MB, paused 512us total 56.227ms
08-04 11:39:02.124 25453 25465 I art     : Starting a blocking GC Explicit
08-04 11:39:02.166 25453 25465 I art     : Explicit concurrent mark sweep GC freed 20(704B) AllocSpace objects, 0(0B) LOS objects, 24% free, 48MB/64MB, paused 426us total 41.201ms
08-04 11:39:02.181 25453 25465 I art     : Starting a blocking GC Explicit
08-04 11:39:02.225 25453 25465 I art     : Explicit concurrent mark sweep GC freed 3(96B) AllocSpace objects, 0(0B) LOS objects, 24% free, 48MB/64MB, paused 507us total 44.323ms
08-04 11:39:02.241 25453 25465 I art     : Starting a blocking GC Explicit
08-04 11:39:02.285 25453 25465 I art     : Explicit concurrent mark sweep GC freed 3(96B) AllocSpace objects, 0(0B) LOS objects, 24% free, 48MB/64MB, paused 439us total 43.669ms
08-04 11:39:02.300 25453 25465 I art     : Starting a blocking GC Explicit
08-04 11:39:02.326 13866 13882 I PeriodicStatsRunner: PeriodicStatsRunner.call():175 call()
08-04 11:39:02.326 13866 13882 I PeriodicStatsRunner: PeriodicStatsRunner.call():179 No submit PeriodicStats since input started.
08-04 11:39:02.345 25453 25465 I art     : Explicit concurrent mark sweep GC freed 3(96B) AllocSpace objects, 0(0B) LOS objects, 24% free, 48MB/64MB, paused 443us total 43.878ms
08-04 11:39:02.654 25453 25679 I art     : Starting a blocking GC Explicit
08-04 11:39:02.698 25453 25679 I art     : Explicit concurrent mark sweep GC freed 1359(83KB) AllocSpace objects, 1(20KB) LOS objects, 24% free, 48MB/64MB, paused 504us total 44.185ms
08-04 11:39:02.714 25453 25679 I art     : Starting a blocking GC Explicit
08-04 11:39:02.755 25453 25679 I art     : Explicit concurrent mark sweep GC freed 20(704B) AllocSpace objects, 0(0B) LOS objects, 24% free, 48MB/64MB, paused 451us total 40.673ms
08-04 11:39:02.770 25453 25679 I art     : Starting a blocking GC Explicit
08-04 11:39:02.813 25453 25679 I art     : Explicit concurrent mark sweep GC freed 3(96B) AllocSpace objects, 0(0B) LOS objects, 24% free, 48MB/64MB, paused 450us total 42.518ms
08-04 11:39:02.828 25453 25679 I art     : Starting a blocking GC Explicit
08-04 11:39:02.871 25453 25679 I art     : Explicit concurrent mark sweep GC freed 3(96B) AllocSpace objects, 0(0B) LOS objects, 24% free, 48MB/64MB, paused 453us total 42.428ms
08-04 11:39:02.886 25453 25679 I art     : Starting a blocking GC Explicit
08-04 11:39:02.917 29175 29175 D AndroidRuntime: >>>>>> START com.android.internal.os.RuntimeInit uid 2000 <<<<<<
08-04 11:39:02.922 29175 29175 D AndroidRuntime: CheckJNI is OFF
08-04 11:39:02.928 25453 25679 I art     : Explicit concurrent mark sweep GC freed 3(96B) AllocSpace objects, 0(0B) LOS objects, 24% free, 48MB/64MB, paused 530us total 42.272ms
08-04 11:39:02.957 29175 29175 D ICU     : No timezone override file found: /data/misc/zoneinfo/current/icu/icu_tzdata.dat
08-04 11:39:02.990 29175 29175 I Radio-JNI: register_android_hardware_Radio DONE
08-04 11:39:03.012 29175 29175 D AndroidRuntime: Calling main entry com.android.commands.input.Input
08-04 11:39:03.014 29175 29175 I Input   : injectMotionEvent: MotionEvent { action=ACTION_DOWN, actionButton=0, id[0]=0, x[0]=1340.0, y[0]=1100.0, toolType[0]=TOOL_TYPE_UNKNOWN, buttonState=0, metaState=0, flags=0x0, edgeFlags=0x0, pointerCount=1, historySize=0, eventTime=704359427, downTime=704359427, deviceId=0, source=0x1002 }
08-04 11:39:03.020 29175 29175 I Input   : injectMotionEvent: MotionEvent { action=ACTION_UP, actionButton=0, id[0]=0, x[0]=1340.0, y[0]=1100.0, toolType[0]=TOOL_TYPE_UNKNOWN, buttonState=0, metaState=0, flags=0x0, edgeFlags=0x0, pointerCount=1, historySize=0, eventTime=704359427, downTime=704359427, deviceId=0, source=0x1002 }
08-04 11:39:03.022 29175 29175 D AndroidRuntime: Shutting down VM
08-04 11:39:03.030   512  2967 D audio_hw_primary: out_set_parameters: enter: usecase(1: low-latency-playback) kvpairs: routing=2
08-04 11:39:03.031   918  4413 I ActivityManager: START u0 {dat=https://oauth.reddit.com/... cmp=baseline.org.quantumbadger.redreader/.activities.CommentListingActivity} from uid 10666 on display 0
08-04 11:39:03.043   512  2967 D audio_hw_primary: select_devices: out_snd_device(2: speaker) in_snd_device(0: none)
08-04 11:39:03.044   512  2967 D msm8974_platform: platform_send_audio_calibration: sending audio calibration for snd_device(2) acdb_id(15)
08-04 11:39:03.044   512  2967 I soundtrigger: audio_extn_sound_trigger_update_device_status: device 0x2 of type 0 for Event 1
08-04 11:39:03.058   512  2967 D audio_hw_primary: enable_snd_device: snd_device(2: speaker)
08-04 11:39:03.061 25453 25453 I AppCompatViewInflater: app:theme is now deprecated. Please move to using android:theme instead.
08-04 11:39:03.061   512  2967 D audio_hw_primary: enable_audio_route: apply and update mixer path: low-latency-playback speaker
08-04 11:39:03.079 25453 29116 I CommentListingActivity: COMMENTS session changed to 3ba3cde5-41e7-4cd8-90f5-38f2e915fbd8
08-04 11:39:03.173 13866 13866 I GoogleInputMethodServic: GoogleInputMethodService.onFinishInput():3138 
08-04 11:39:03.173 13866 13866 I GoogleInputMethodServic: GoogleInputMethodService.onStartInput():1808 
08-04 11:39:03.174   918   936 I ActivityManager: Displayed baseline.org.quantumbadger.redreader/.activities.CommentListingActivity: +132ms
08-04 11:39:03.222 25453 25679 I art     : Starting a blocking GC Explicit
08-04 11:39:03.280 25453 25679 I art     : Explicit concurrent mark sweep GC freed 33979(1879KB) AllocSpace objects, 1(20KB) LOS objects, 24% free, 50MB/66MB, paused 826us total 57.424ms
08-04 11:39:03.296 25453 25679 I art     : Starting a blocking GC Explicit
08-04 11:39:03.351 25453 25679 I art     : Explicit concurrent mark sweep GC freed 18002(978KB) AllocSpace objects, 53(10MB) LOS objects, 28% free, 39MB/55MB, paused 432us total 54.954ms
08-04 11:39:03.372 25453 25679 I art     : Starting a blocking GC Explicit
08-04 11:39:03.425   380   380 W SurfaceFlinger: couldn't log to binary event log: overflow.
08-04 11:39:03.434 25453 25679 I art     : Explicit concurrent mark sweep GC freed 23(1488B) AllocSpace objects, 0(0B) LOS objects, 28% free, 39MB/55MB, paused 445us total 62.325ms
08-04 11:39:03.451 25453 25679 I art     : Starting a blocking GC Explicit
08-04 11:39:03.495 25453 25679 I art     : Explicit concurrent mark sweep GC freed 3(96B) AllocSpace objects, 0(0B) LOS objects, 28% free, 39MB/55MB, paused 355us total 43.801ms
08-04 11:39:03.511 25453 25679 I art     : Starting a blocking GC Explicit
08-04 11:39:03.559 25453 25679 I art     : Explicit concurrent mark sweep GC freed 143(4KB) AllocSpace objects, 0(0B) LOS objects, 28% free, 39MB/55MB, paused 527us total 47.690ms
08-04 11:39:03.599   512  2967 D audio_hw_primary: disable_audio_route: reset and update mixer path: low-latency-playback speaker
08-04 11:39:03.600   512  2967 D audio_hw_primary: disable_snd_device: snd_device(2: speaker)
08-04 11:39:03.609   512  2967 I soundtrigger: audio_extn_sound_trigger_update_device_status: device 0x2 of type 0 for Event 0
08-04 11:39:03.695 25453 29114 I RedditChangeDataIO: Writing tmp data file at '/data/user/0/baseline.org.quantumbadger.redreader/files/rr_change_data_tmp.dat'
08-04 11:39:03.696 25453 29114 I RedditChangeDataManager: Taking snapshot...
08-04 11:39:03.696 25453 29114 I RedditChangeDataManager: Writing to stream...
08-04 11:39:03.696 25453 29114 I RedditChangeDataManager: Wrote 6 entries for user ''
08-04 11:39:03.696 25453 29114 I RedditChangeDataManager: All entries written to stream.
08-04 11:39:03.696 25453 29114 I RedditChangeDataIO: Write successful. Atomically replacing data file...
08-04 11:39:03.697 25453 29114 I RedditChangeDataIO: Write complete.
08-04 11:39:03.697 25453 29114 I RedditChangeDataIO: 158 bytes written in 2 ms
08-04 11:39:03.878 25453 25476 I art     : Starting a blocking GC Explicit
08-04 11:39:03.933 25453 25476 I art     : Explicit concurrent mark sweep GC freed 1454(88KB) AllocSpace objects, 2(88KB) LOS objects, 28% free, 39MB/55MB, paused 401us total 55.296ms
08-04 11:39:03.952 25453 25476 I art     : Starting a blocking GC Explicit
08-04 11:39:04.001 25453 25476 I art     : Explicit concurrent mark sweep GC freed 23(800B) AllocSpace objects, 0(0B) LOS objects, 28% free, 39MB/55MB, paused 361us total 49.036ms
08-04 11:39:04.018 25453 25476 I art     : Starting a blocking GC Explicit
08-04 11:39:04.067 25453 25476 I art     : Explicit concurrent mark sweep GC freed 3(96B) AllocSpace objects, 0(0B) LOS objects, 28% free, 39MB/55MB, paused 348us total 48.606ms
08-04 11:39:04.084 25453 25476 I art     : Starting a blocking GC Explicit
08-04 11:39:04.129 25453 25476 I art     : Explicit concurrent mark sweep GC freed 3(96B) AllocSpace objects, 0(0B) LOS objects, 28% free, 39MB/55MB, paused 330us total 45.189ms
08-04 11:39:04.145 25453 25476 I art     : Starting a blocking GC Explicit
08-04 11:39:04.198 25453 25476 I art     : Explicit concurrent mark sweep GC freed 49(1920B) AllocSpace objects, 0(0B) LOS objects, 28% free, 39MB/55MB, paused 447us total 52.008ms
08-04 11:39:04.500 25453 25466 I art     : Starting a blocking GC Explicit
08-04 11:39:04.571 25453 25466 I art     : Explicit concurrent mark sweep GC freed 1354(82KB) AllocSpace objects, 1(20KB) LOS objects, 28% free, 39MB/55MB, paused 467us total 70.092ms
08-04 11:39:04.592 25453 25466 I art     : Starting a blocking GC Explicit
08-04 11:39:04.647 25453 25466 I art     : Explicit concurrent mark sweep GC freed 20(704B) AllocSpace objects, 0(0B) LOS objects, 28% free, 39MB/55MB, paused 413us total 54.099ms
08-04 11:39:04.664 25453 25466 I art     : Starting a blocking GC Explicit
08-04 11:39:04.716 25453 25466 I art     : Explicit concurrent mark sweep GC freed 3(96B) AllocSpace objects, 0(0B) LOS objects, 28% free, 39MB/55MB, paused 430us total 51.676ms
08-04 11:39:04.733 25453 25466 I art     : Starting a blocking GC Explicit
08-04 11:39:04.786 25453 25466 I art     : Explicit concurrent mark sweep GC freed 3(96B) AllocSpace objects, 0(0B) LOS objects, 28% free, 39MB/55MB, paused 414us total 51.992ms
08-04 11:39:04.803 25453 25466 I art     : Starting a blocking GC Explicit
08-04 11:39:04.858 25453 25466 I art     : Explicit concurrent mark sweep GC freed 3(96B) AllocSpace objects, 0(0B) LOS objects, 28% free, 39MB/55MB, paused 532us total 54.372ms
08-04 11:39:05.214 25453 25679 I art     : Starting a blocking GC Explicit
08-04 11:39:05.283 25453 25679 I art     : Explicit concurrent mark sweep GC freed 1629(126KB) AllocSpace objects, 1(20KB) LOS objects, 28% free, 39MB/55MB, paused 394us total 68.070ms
08-04 11:39:05.303 25453 25679 I art     : Starting a blocking GC Explicit
08-04 11:39:05.356 25453 25679 I art     : Explicit concurrent mark sweep GC freed 85(2880B) AllocSpace objects, 0(0B) LOS objects, 28% free, 39MB/55MB, paused 385us total 52.706ms
08-04 11:39:05.373 25453 25679 I art     : Starting a blocking GC Explicit
08-04 11:39:05.426 25453 25679 I art     : Explicit concurrent mark sweep GC freed 3(96B) AllocSpace objects, 0(0B) LOS objects, 28% free, 39MB/55MB, paused 379us total 52.774ms
08-04 11:39:05.443 25453 25679 I art     : Starting a blocking GC Explicit
08-04 11:39:05.496 25453 25679 I art     : Explicit concurrent mark sweep GC freed 3(96B) AllocSpace objects, 0(0B) LOS objects, 28% free, 39MB/55MB, paused 380us total 52.385ms
08-04 11:39:05.512 25453 25679 I art     : Starting a blocking GC Explicit
08-04 11:39:05.566 25453 25679 I art     : Explicit concurrent mark sweep GC freed 3(96B) AllocSpace objects, 0(0B) LOS objects, 28% free, 39MB/55MB, paused 383us total 52.977ms
08-04 11:39:05.908 25453 28574 I art     : Starting a blocking GC Explicit
08-04 11:39:05.977 25453 28574 I art     : Explicit concurrent mark sweep GC freed 1354(82KB) AllocSpace objects, 1(20KB) LOS objects, 28% free, 39MB/55MB, paused 512us total 68.427ms
08-04 11:39:05.997 25453 28574 I art     : Starting a blocking GC Explicit
08-04 11:39:06.051 25453 28574 I art     : Explicit concurrent mark sweep GC freed 20(704B) AllocSpace objects, 0(0B) LOS objects, 28% free, 39MB/55MB, paused 472us total 53.746ms
08-04 11:39:06.068 25453 28574 I art     : Starting a blocking GC Explicit
08-04 11:39:06.120 25453 28574 I art     : Explicit concurrent mark sweep GC freed 3(96B) AllocSpace objects, 0(0B) LOS objects, 28% free, 39MB/55MB, paused 387us total 51.572ms
08-04 11:39:06.137 25453 28574 I art     : Starting a blocking GC Explicit
08-04 11:39:06.188 25453 28574 I art     : Explicit concurrent mark sweep GC freed 3(96B) AllocSpace objects, 0(0B) LOS objects, 28% free, 39MB/55MB, paused 398us total 51.349ms
08-04 11:39:06.205 25453 28574 I art     : Starting a blocking GC Explicit
08-04 11:39:06.252 25453 28574 I art     : Explicit concurrent mark sweep GC freed 3(96B) AllocSpace objects, 0(0B) LOS objects, 28% free, 39MB/55MB, paused 395us total 46.358ms
08-04 11:39:06.604 25453 25465 I art     : Starting a blocking GC Explicit
08-04 11:39:06.681 25453 25465 I art     : Explicit concurrent mark sweep GC freed 1354(82KB) AllocSpace objects, 1(20KB) LOS objects, 28% free, 39MB/55MB, paused 427us total 77.086ms
08-04 11:39:06.702 25453 25465 I art     : Starting a blocking GC Explicit
08-04 11:39:06.755 25453 25465 I art     : Explicit concurrent mark sweep GC freed 20(704B) AllocSpace objects, 0(0B) LOS objects, 28% free, 39MB/55MB, paused 442us total 53.118ms
08-04 11:39:06.772 25453 25465 I art     : Starting a blocking GC Explicit
08-04 11:39:06.824 25453 25465 I art     : Explicit concurrent mark sweep GC freed 3(96B) AllocSpace objects, 0(0B) LOS objects, 28% free, 39MB/55MB, paused 380us total 51.364ms
08-04 11:39:06.841 25453 25465 I art     : Starting a blocking GC Explicit
08-04 11:39:06.893 25453 25465 I art     : Explicit concurrent mark sweep GC freed 3(96B) AllocSpace objects, 0(0B) LOS objects, 28% free, 39MB/55MB, paused 370us total 52.262ms
08-04 11:39:06.910 25453 25465 I art     : Starting a blocking GC Explicit
08-04 11:39:06.963 25453 25465 I art     : Explicit concurrent mark sweep GC freed 3(96B) AllocSpace objects, 0(0B) LOS objects, 28% free, 39MB/55MB, paused 388us total 53.181ms
08-04 11:39:07.300 25453 25476 I art     : Starting a blocking GC Explicit
08-04 11:39:07.352 25453 25476 I art     : Explicit concurrent mark sweep GC freed 1354(82KB) AllocSpace objects, 1(20KB) LOS objects, 28% free, 39MB/55MB, paused 377us total 51.920ms
08-04 11:39:07.369 25453 25476 I art     : Starting a blocking GC Explicit
08-04 11:39:07.420 25453 25476 I art     : Explicit concurrent mark sweep GC freed 20(704B) AllocSpace objects, 0(0B) LOS objects, 28% free, 39MB/55MB, paused 393us total 50.849ms
08-04 11:39:07.436 25453 25476 I art     : Starting a blocking GC Explicit
08-04 11:39:07.486 25453 25476 I art     : Explicit concurrent mark sweep GC freed 3(96B) AllocSpace objects, 0(0B) LOS objects, 28% free, 39MB/55MB, paused 365us total 49.122ms
08-04 11:39:07.502 25453 25476 I art     : Starting a blocking GC Explicit
08-04 11:39:07.552 25453 25476 I art     : Explicit concurrent mark sweep GC freed 3(96B) AllocSpace objects, 0(0B) LOS objects, 28% free, 39MB/55MB, paused 366us total 49.846ms
08-04 11:39:07.569 25453 25476 I art     : Starting a blocking GC Explicit
08-04 11:39:07.618 25453 25476 I art     : Explicit concurrent mark sweep GC freed 3(96B) AllocSpace objects, 0(0B) LOS objects, 28% free, 39MB/55MB, paused 394us total 48.670ms
08-04 11:39:07.682 29269 29269 D AndroidRuntime: >>>>>> START com.android.internal.os.RuntimeInit uid 2000 <<<<<<
08-04 11:39:07.687 29269 29269 D AndroidRuntime: CheckJNI is OFF
08-04 11:39:07.722 29269 29269 D ICU     : No timezone override file found: /data/misc/zoneinfo/current/icu/icu_tzdata.dat
08-04 11:39:07.755 29269 29269 I Radio-JNI: register_android_hardware_Radio DONE
08-04 11:39:07.778 29269 29269 D AndroidRuntime: Calling main entry com.android.commands.input.Input
08-04 11:39:07.779 29269 29269 I Input   : injectKeyEvent: KeyEvent { action=ACTION_DOWN, keyCode=KEYCODE_BACK, scanCode=0, metaState=0, flags=0x0, repeatCount=0, eventTime=704364192, downTime=704364192, deviceId=-1, source=0x101 }
08-04 11:39:07.786 29269 29269 I Input   : injectKeyEvent: KeyEvent { action=ACTION_UP, keyCode=KEYCODE_BACK, scanCode=0, metaState=0, flags=0x0, repeatCount=0, eventTime=704364192, downTime=704364192, deviceId=-1, source=0x101 }
08-04 11:39:07.793 29269 29269 D AndroidRuntime: Shutting down VM
08-04 11:39:07.840 13866 13866 I GoogleInputMethodServic: GoogleInputMethodService.onFinishInput():3138 
08-04 11:39:07.841 13866 13866 I GoogleInputMethodServic: GoogleInputMethodService.onStartInput():1808 
08-04 11:39:07.912 25453 25465 I art     : Starting a blocking GC Explicit
08-04 11:39:07.961 25453 25465 I art     : Explicit concurrent mark sweep GC freed 1623(92KB) AllocSpace objects, 1(20KB) LOS objects, 28% free, 39MB/55MB, paused 401us total 48.677ms
08-04 11:39:07.979 25453 25465 I art     : Starting a blocking GC Explicit
08-04 11:39:08.041 25453 25465 I art     : Explicit concurrent mark sweep GC freed 24(864B) AllocSpace objects, 0(0B) LOS objects, 28% free, 39MB/55MB, paused 343us total 62.406ms
08-04 11:39:08.061 25453 25465 I art     : Starting a blocking GC Explicit
08-04 11:39:08.126 25453 25465 I art     : Explicit concurrent mark sweep GC freed 3(96B) AllocSpace objects, 0(0B) LOS objects, 28% free, 39MB/55MB, paused 363us total 65.252ms
08-04 11:39:08.147 25453 25465 I art     : Starting a blocking GC Explicit
08-04 11:39:08.163   380   380 W SurfaceFlinger: couldn't log to binary event log: overflow.
08-04 11:39:08.173 13866 13882 I PeriodicStatsRunner: PeriodicStatsRunner.call():175 call()
08-04 11:39:08.174 13866 13882 I PeriodicStatsRunner: PeriodicStatsRunner.call():179 No submit PeriodicStats since input started.
08-04 11:39:08.192 25453 25465 I art     : Explicit concurrent mark sweep GC freed 61(2240B) AllocSpace objects, 0(0B) LOS objects, 28% free, 39MB/55MB, paused 356us total 44.640ms
08-04 11:39:08.208 25453 25465 I art     : Starting a blocking GC Explicit
08-04 11:39:08.255 25453 25465 I art     : Explicit concurrent mark sweep GC freed 11(448B) AllocSpace objects, 0(0B) LOS objects, 28% free, 39MB/55MB, paused 361us total 46.702ms
08-04 11:39:08.569 25453 25476 I art     : Starting a blocking GC Explicit
08-04 11:39:08.630 25453 25476 I art     : Explicit concurrent mark sweep GC freed 42739(2MB) AllocSpace objects, 6(160KB) LOS objects, 29% free, 37MB/53MB, paused 425us total 60.174ms
08-04 11:39:08.645 25453 25476 I art     : Starting a blocking GC Explicit
08-04 11:39:08.685 25453 25476 I art     : Explicit concurrent mark sweep GC freed 20(704B) AllocSpace objects, 0(0B) LOS objects, 29% free, 37MB/53MB, paused 371us total 39.751ms
08-04 11:39:08.700 25453 25476 I art     : Starting a blocking GC Explicit
08-04 11:39:08.739 25453 25476 I art     : Explicit concurrent mark sweep GC freed 3(96B) AllocSpace objects, 0(0B) LOS objects, 29% free, 37MB/53MB, paused 371us total 39.595ms
08-04 11:39:08.754 25453 25476 I art     : Starting a blocking GC Explicit
08-04 11:39:08.795 25453 25476 I art     : Explicit concurrent mark sweep GC freed 3(96B) AllocSpace objects, 0(0B) LOS objects, 29% free, 37MB/53MB, paused 380us total 40.619ms
08-04 11:39:08.810 25453 25476 I art     : Starting a blocking GC Explicit
08-04 11:39:08.850 25453 25476 I art     : Explicit concurrent mark sweep GC freed 3(96B) AllocSpace objects, 0(0B) LOS objects, 29% free, 37MB/53MB, paused 377us total 39.784ms
08-04 11:39:09.153 25453 25466 I art     : Starting a blocking GC Explicit
08-04 11:39:09.194 25453 25466 I art     : Explicit concurrent mark sweep GC freed 1354(82KB) AllocSpace objects, 1(20KB) LOS objects, 29% free, 37MB/53MB, paused 395us total 40.354ms
08-04 11:39:09.209 25453 25466 I art     : Starting a blocking GC Explicit
08-04 11:39:09.247 25453 25466 I art     : Explicit concurrent mark sweep GC freed 20(704B) AllocSpace objects, 0(0B) LOS objects, 29% free, 37MB/53MB, paused 447us total 38.433ms
08-04 11:39:09.262 25453 25466 I art     : Starting a blocking GC Explicit
08-04 11:39:09.301 25453 25466 I art     : Explicit concurrent mark sweep GC freed 3(96B) AllocSpace objects, 0(0B) LOS objects, 29% free, 37MB/53MB, paused 385us total 38.107ms
08-04 11:39:09.315 25453 25466 I art     : Starting a blocking GC Explicit
08-04 11:39:09.355 25453 25466 I art     : Explicit concurrent mark sweep GC freed 3(96B) AllocSpace objects, 0(0B) LOS objects, 29% free, 37MB/53MB, paused 418us total 39.269ms
08-04 11:39:09.369 25453 25466 I art     : Starting a blocking GC Explicit
08-04 11:39:09.407 25453 25466 I art     : Explicit concurrent mark sweep GC freed 3(96B) AllocSpace objects, 0(0B) LOS objects, 29% free, 37MB/53MB, paused 395us total 37.600ms
08-04 11:39:09.469 29304 29304 D AndroidRuntime: >>>>>> START com.android.internal.os.RuntimeInit uid 2000 <<<<<<
08-04 11:39:09.474 29304 29304 D AndroidRuntime: CheckJNI is OFF
08-04 11:39:09.508 29304 29304 D ICU     : No timezone override file found: /data/misc/zoneinfo/current/icu/icu_tzdata.dat
08-04 11:39:09.542 29304 29304 I Radio-JNI: register_android_hardware_Radio DONE
08-04 11:39:09.567 29304 29304 D AndroidRuntime: Calling main entry com.android.commands.input.Input
08-04 11:39:09.570 29304 29304 I Input   : injectKeyEvent: KeyEvent { action=ACTION_DOWN, keyCode=KEYCODE_BACK, scanCode=0, metaState=0, flags=0x0, repeatCount=0, eventTime=704365983, downTime=704365983, deviceId=-1, source=0x101 }
08-04 11:39:09.577 29304 29304 I Input   : injectKeyEvent: KeyEvent { action=ACTION_UP, keyCode=KEYCODE_BACK, scanCode=0, metaState=0, flags=0x0, repeatCount=0, eventTime=704365983, downTime=704365983, deviceId=-1, source=0x101 }
08-04 11:39:09.585 29304 29304 D AndroidRuntime: Shutting down VM
08-04 11:39:09.626 13866 13866 I GoogleInputMethodServic: GoogleInputMethodService.onFinishInput():3138 
08-04 11:39:09.627 13866 13866 I GoogleInputMethodServic: GoogleInputMethodService.onStartInput():1808 
08-04 11:39:09.716 25453 25679 I art     : Starting a blocking GC Explicit
08-04 11:39:09.759 25453 25679 I art     : Explicit concurrent mark sweep GC freed 1533(88KB) AllocSpace objects, 1(20KB) LOS objects, 29% free, 37MB/53MB, paused 335us total 43.454ms
08-04 11:39:09.775 25453 25679 I art     : Starting a blocking GC Explicit
08-04 11:39:09.827 25453 25679 I art     : Explicit concurrent mark sweep GC freed 24(864B) AllocSpace objects, 0(0B) LOS objects, 29% free, 37MB/53MB, paused 417us total 51.418ms
08-04 11:39:09.844 25453 25679 I art     : Starting a blocking GC Explicit
08-04 11:39:09.894 25453 25679 I art     : Explicit concurrent mark sweep GC freed 3(96B) AllocSpace objects, 0(0B) LOS objects, 29% free, 37MB/53MB, paused 370us total 50.316ms
08-04 11:39:09.910 25453 25679 I art     : Starting a blocking GC Explicit
08-04 11:39:09.947 25453 25679 I art     : Explicit concurrent mark sweep GC freed 57(2128B) AllocSpace objects, 0(0B) LOS objects, 29% free, 37MB/53MB, paused 400us total 37.109ms
08-04 11:39:09.961 25453 25679 I art     : Starting a blocking GC Explicit
08-04 11:39:09.998 25453 25679 I art     : Explicit concurrent mark sweep GC freed 112(5KB) AllocSpace objects, 0(0B) LOS objects, 29% free, 37MB/53MB, paused 425us total 36.954ms
08-04 11:39:10.312 25453 25476 I art     : Starting a blocking GC Explicit
08-04 11:39:10.363 25453 25476 I art     : Explicit concurrent mark sweep GC freed 1376(83KB) AllocSpace objects, 1(20KB) LOS objects, 29% free, 37MB/53MB, paused 443us total 50.473ms
08-04 11:39:10.381 25453 25476 I art     : Starting a blocking GC Explicit
08-04 11:39:10.423 25453 25476 I art     : Explicit concurrent mark sweep GC freed 20(704B) AllocSpace objects, 0(0B) LOS objects, 29% free, 37MB/53MB, paused 412us total 41.406ms
08-04 11:39:10.438 25453 25476 I art     : Starting a blocking GC Explicit
08-04 11:39:10.480 25453 25476 I art     : Explicit concurrent mark sweep GC freed 3(96B) AllocSpace objects, 0(0B) LOS objects, 29% free, 37MB/53MB, paused 411us total 41.501ms
08-04 11:39:10.495 25453 25476 I art     : Starting a blocking GC Explicit
08-04 11:39:10.536 25453 25476 I art     : Explicit concurrent mark sweep GC freed 3(96B) AllocSpace objects, 0(0B) LOS objects, 29% free, 37MB/53MB, paused 423us total 41.029ms
08-04 11:39:10.551 25453 25476 I art     : Starting a blocking GC Explicit
08-04 11:39:10.593 25453 25476 I art     : Explicit concurrent mark sweep GC freed 3(96B) AllocSpace objects, 0(0B) LOS objects, 29% free, 37MB/53MB, paused 364us total 41.338ms
08-04 11:39:10.902 25453 25465 I art     : Starting a blocking GC Explicit
08-04 11:39:10.943 25453 25465 I art     : Explicit concurrent mark sweep GC freed 1354(82KB) AllocSpace objects, 1(20KB) LOS objects, 29% free, 37MB/53MB, paused 407us total 40.826ms
08-04 11:39:10.958 25453 25465 I art     : Starting a blocking GC Explicit
08-04 11:39:10.997 25453 25465 I art     : Explicit concurrent mark sweep GC freed 20(704B) AllocSpace objects, 0(0B) LOS objects, 29% free, 37MB/53MB, paused 451us total 38.399ms
08-04 11:39:11.012 25453 25465 I art     : Starting a blocking GC Explicit
08-04 11:39:11.051 25453 25465 I art     : Explicit concurrent mark sweep GC freed 3(96B) AllocSpace objects, 0(0B) LOS objects, 29% free, 37MB/53MB, paused 420us total 39.082ms
08-04 11:39:11.065 25453 25465 I art     : Starting a blocking GC Explicit
08-04 11:39:11.105 25453 25465 I art     : Explicit concurrent mark sweep GC freed 3(96B) AllocSpace objects, 0(0B) LOS objects, 29% free, 37MB/53MB, paused 392us total 39.411ms
08-04 11:39:11.119 25453 25465 I art     : Starting a blocking GC Explicit
08-04 11:39:11.158 25453 25465 I art     : Explicit concurrent mark sweep GC freed 3(96B) AllocSpace objects, 0(0B) LOS objects, 29% free, 37MB/53MB, paused 411us total 38.634ms
08-04 11:39:11.284 29359 29359 D AndroidRuntime: >>>>>> START com.android.internal.os.RuntimeInit uid 2000 <<<<<<
08-04 11:39:11.289 29359 29359 D AndroidRuntime: CheckJNI is OFF
08-04 11:39:11.322 29359 29359 D ICU     : No timezone override file found: /data/misc/zoneinfo/current/icu/icu_tzdata.dat
08-04 11:39:11.356 29359 29359 I Radio-JNI: register_android_hardware_Radio DONE
08-04 11:39:11.377 29359 29359 D AndroidRuntime: Calling main entry com.android.commands.am.Am
08-04 11:39:11.384  2375  2375 I Trepn   : Trepn 6.2s: Received intent: com.quicinc.trepn.stop_profiling
08-04 11:39:11.440  2375  2375 I Trepn   : Trepn 6.2s: Trepn has Stopped Profiling.
08-04 11:39:11.487 25453 28574 I art     : Starting a blocking GC Explicit
08-04 11:39:11.529 25453 28574 I art     : Explicit concurrent mark sweep GC freed 1354(82KB) AllocSpace objects, 1(20KB) LOS objects, 29% free, 37MB/53MB, paused 411us total 42.299ms
08-04 11:39:11.548 25453 28574 I art     : Starting a blocking GC Explicit
08-04 11:39:11.585 25453 28574 I art     : Explicit concurrent mark sweep GC freed 20(704B) AllocSpace objects, 0(0B) LOS objects, 29% free, 37MB/53MB, paused 367us total 36.607ms
08-04 11:39:11.599 25453 28574 I art     : Starting a blocking GC Explicit
08-04 11:39:11.612 29359 29359 D AndroidRuntime: Shutting down VM
08-04 11:39:11.615   918   929 W AppOps  : Finishing op nesting under-run: uid 10078 pkg com.quicinc.trepn code 24 time=0 duration=0 nesting=0
08-04 11:39:11.635 25453 28574 I art     : Explicit concurrent mark sweep GC freed 3(96B) AllocSpace objects, 0(0B) LOS objects, 29% free, 37MB/53MB, paused 333us total 36.470ms
08-04 11:39:11.649 25453 28574 I art     : Starting a blocking GC Explicit
08-04 11:39:11.682 25453 28574 I art     : Explicit concurrent mark sweep GC freed 3(96B) AllocSpace objects, 0(0B) LOS objects, 29% free, 37MB/53MB, paused 361us total 33.426ms
08-04 11:39:11.696 25453 28574 I art     : Starting a blocking GC Explicit
08-04 11:39:11.730 25453 28574 I art     : Explicit concurrent mark sweep GC freed 3(96B) AllocSpace objects, 0(0B) LOS objects, 29% free, 37MB/53MB, paused 367us total 34.181ms
08-04 11:39:12.037 25453 25466 I art     : Starting a blocking GC Explicit
08-04 11:39:12.075 25453 25466 I art     : Explicit concurrent mark sweep GC freed 1354(82KB) AllocSpace objects, 1(20KB) LOS objects, 29% free, 37MB/53MB, paused 366us total 38.193ms
08-04 11:39:12.089 25453 25466 I art     : Starting a blocking GC Explicit
08-04 11:39:12.127 25453 25466 I art     : Explicit concurrent mark sweep GC freed 20(704B) AllocSpace objects, 0(0B) LOS objects, 29% free, 37MB/53MB, paused 369us total 37.705ms
08-04 11:39:12.142 25453 25466 I art     : Starting a blocking GC Explicit
08-04 11:39:12.180 25453 25466 I art     : Explicit concurrent mark sweep GC freed 3(96B) AllocSpace objects, 0(0B) LOS objects, 29% free, 37MB/53MB, paused 405us total 37.356ms
08-04 11:39:12.194 25453 25466 I art     : Starting a blocking GC Explicit
08-04 11:39:12.232 25453 25466 I art     : Explicit concurrent mark sweep GC freed 3(96B) AllocSpace objects, 0(0B) LOS objects, 29% free, 37MB/53MB, paused 381us total 37.923ms
08-04 11:39:12.247 25453 25466 I art     : Starting a blocking GC Explicit
08-04 11:39:12.285 25453 25466 I art     : Explicit concurrent mark sweep GC freed 3(96B) AllocSpace objects, 0(0B) LOS objects, 29% free, 37MB/53MB, paused 371us total 37.902ms
08-04 11:39:12.841 13866 13882 I PeriodicStatsRunner: PeriodicStatsRunner.call():175 call()
08-04 11:39:12.841 13866 13882 I PeriodicStatsRunner: PeriodicStatsRunner.call():179 No submit PeriodicStats since input started.
08-04 11:39:14.628 13866 13882 I PeriodicStatsRunner: PeriodicStatsRunner.call():175 call()
08-04 11:39:14.628 13866 13882 I PeriodicStatsRunner: PeriodicStatsRunner.call():179 No submit PeriodicStats since input started.
