--------- beginning of main
08-04 00:42:36.245   918   930 W ResourceType: ResTable_typeSpec entry count inconsistent: given 37, previously 42
08-04 00:42:36.245   918   930 W ResourceType: ResTable_typeSpec entry count inconsistent: given 2527, previously 2530
08-04 00:42:36.246   918   930 W ResourceType: ResTable_typeSpec entry count inconsistent: given 2542, previously 2545
08-04 00:42:36.246   918   930 W ResourceType: ResTable_typeSpec entry count inconsistent: given 303, previously 1691
08-04 00:42:36.264 24365 31193 W GCM     : Unexpected forwarded intent: Intent { act=android.intent.action.PACKAGE_ADDED dat=package:baseline.org.quantumbadger.redreader flg=0x4000010 cmp=com.google.android.gms/.chimera.PersistentIntentOperationService (has extras) }
08-04 00:42:36.267 24365 31193 W GCM     : Unexpected forwarded intent: Intent { act=android.intent.action.PACKAGE_ADDED dat=package:baseline.org.quantumbadger.redreader flg=0x4000010 cmp=com.google.android.gms/.chimera.PersistentIntentOperationService (has extras) }
08-04 00:42:36.276 18789 18789 I Finsky  : [1] uah.a(18): PackageMonitorReceiverImpl - Received: android.intent.action.PACKAGE_ADDED, [ocpw8ddNLhG67i_cxGNvtEQwqY1k5QNC_my-vN553D4]
08-04 00:42:36.276 18789 18789 I Finsky  : [1] ubi.d(9): Invalidating cached PackageState for baseline.org.quantumbadger.redreader
08-04 00:42:36.282 18789 18789 I Finsky  : [1] lzi.c(2): Frosting ID looked up on UI thread. Caller should move to a background thread.
08-04 00:42:36.295 18789 18789 I Finsky  : [1] agsx.a(4): Do not start WearSupportService due to Wear service optimization
08-04 00:42:36.309 18789 18789 I Finsky  : [1] agsx.a(4): Do not start WearSupportService due to Wear service optimization
08-04 00:42:36.311 18789 18789 I Finsky  : [1] zko.a(1): Clearing split related stale data.
08-04 00:42:36.317 24577 31199 I Auth    : [SupervisedAccountIntentOperation] onHandleIntent(): android.intent.action.PACKAGE_ADDED
08-04 00:42:36.319 24577 31199 I ChromeSync: [Sync,SyncIntentOperation] Handling the intent: Intent { act=android.intent.action.PACKAGE_ADDED dat=package:baseline.org.quantumbadger.redreader flg=0x4000010 cmp=com.google.android.gms/.chimera.GmsIntentOperationService (has extras) }.
--------- beginning of system
08-04 00:42:36.333   918  3714 W ActivityManager: Unable to start service Intent { act=com.google.android.gms.auth.key.retrieval.service.START pkg=com.google.android.gms } U=0: not found
08-04 00:42:36.352   918  3961 I AccountManagerService: getTypesVisibleToCaller: isPermitted? true
08-04 00:42:36.391   918  6112 W ActivityManager: Unbind failed: could not find connection for android.os.BinderProxy@23a6faf
08-04 00:42:36.392 18789 31203 I Finsky  : [6261] eji.a(-1): Asset module storage cleared for package baseline.org.quantumbadger.redreader.
08-04 00:42:36.424 24577 24621 E GmsClient: unable to connect to service: com.google.android.gms.auth.key.retrieval.service.START on com.google.android.gms
08-04 00:42:36.448 18789 18789 I Finsky  : [1] lzi.c(2): Frosting ID looked up on UI thread. Caller should move to a background thread.
08-04 00:42:36.452   918  3359 I AccountManagerService: getTypesVisibleToCaller: isPermitted? true
08-04 00:42:36.454 24577 31199 I ChromeSync: [Persistence,AffiliationManager] One of affiliation or grouping data for android://bz0hZa4nAJEtd0n5sRlXG7KAqctUMWVefv7Ki4mh1p6slZ9YO-n9gS9j8m9YCrsIyI2wIxrDHraumF9Y6pBLTA==@baseline.org.quantumbadger.redreader/ was not found. Marking affiliation data as stale...
08-04 00:42:36.492 18789 31200 I Finsky  : [6259] lyv.run(-1): Wrote row to frosting DB: 2114
08-04 00:42:36.527   918  6112 I AccountManagerService: getTypesVisibleToCaller: isPermitted? true
08-04 00:42:36.544 18789 31200 I Finsky  : [6259] lyv.run(-1): Wrote row to frosting DB: 2115
08-04 00:42:36.593 24577 13294 I Icing   : IndexChimeraService.getServiceInterface callingPackage=com.google.android.gms componentName=AppsCorpus serviceId=36
08-04 00:42:36.623 24577 28580 W Icing   : No valid account for uploading user actions
08-04 00:42:36.645 18789 18789 I Finsky  : [1] xmu.a(8): SCH: Jobs in database: 1-1337 3-181 3-182 12-1 24-77777777 26-1414141414 
08-04 00:42:36.650 18789 18789 I Finsky  : [1] xio.a(57): SCH: ConstraintMapping: 24-77777777,  -> L: 0ms, D: 73644190ms, C: false, I: true, N: 0
08-04 00:42:36.651 18789 18789 I Finsky  : [1] xio.a(57): SCH: ConstraintMapping: 1-1337, 12-1,  -> L: 14800ms, D: 33796261ms, C: false, I: false, N: 1
08-04 00:42:36.652 18789 18789 I Finsky  : [1] xio.a(57): SCH: ConstraintMapping: 3-181,  -> L: 0ms, D: 65052566ms, C: false, I: true, N: 2
08-04 00:42:36.652 18789 18789 I Finsky  : [1] xio.a(57): SCH: ConstraintMapping: 3-182,  -> L: 0ms, D: 65052639ms, C: true, I: true, N: 2
08-04 00:42:36.653 18789 18789 I Finsky  : [1] xio.a(57): SCH: ConstraintMapping: 26-1414141414,  -> L: 37873815ms, D: 38773815ms, C: false, I: false, N: 0
08-04 00:42:36.655 18789 31202 I Finsky  : [6260] gzn.a(-1): [ContentSync] finished, scheduled=true
08-04 00:42:36.663 24577 13294 I Icing   : IndexChimeraService.getServiceInterface callingPackage=com.google.android.gms componentName=null serviceId=30
08-04 00:42:36.691 24577 28580 I Icing   : Usage reports ok 1, Failed Usage reports 0, indexed 0, rejected 0
08-04 00:42:36.693 24577 28580 W Icing   : No valid account for uploading user actions
08-04 00:42:36.694 24577 13294 I Icing   : IndexChimeraService.getServiceInterface callingPackage=com.google.android.gms componentName=null serviceId=36
08-04 00:42:36.700 18789 18789 I Finsky  : [1] xle.a(34): Cancelling existing jobscheduler jobs: 9014 9017 9015 9016 9001 9008 9007 9002 9003 9013 
08-04 00:42:36.700 18789 18789 I Finsky  : [1] xle.a(27): Scheduling job Id: 9000, L: 0, D: 73644190, C: false, I: true, N: 0
08-04 00:42:36.701 18789 18789 I Finsky  : [1] xle.a(27): Scheduling job Id: 9004, L: 14800, D: 33796261, C: false, I: false, N: 1
08-04 00:42:36.703 18789 18789 I Finsky  : [1] xle.a(27): Scheduling job Id: 9005, L: 0, D: 65052566, C: false, I: true, N: 2
08-04 00:42:36.707 18789 18789 I Finsky  : [1] xle.a(27): Scheduling job Id: 9006, L: 0, D: 65052639, C: true, I: true, N: 2
08-04 00:42:36.709 24577 28580 I Icing   : Usage reports ok 0, Failed Usage reports 0, indexed 0, rejected 0
08-04 00:42:36.709 18789 18789 I Finsky  : [1] xle.a(27): Scheduling job Id: 9009, L: 37873815, D: 38773815, C: false, I: false, N: 0
08-04 00:42:36.709 24577 28580 I Icing   : Indexing com.google.android.gms-internal.3p:MobileApplication from com.google.android.gms using seqno 763
08-04 00:42:36.710 18789 18789 I Finsky  : [1] xle.a(27): Scheduling job Id: 9010, L: 0, D: 73644190, C: false, I: true, N: 0
08-04 00:42:36.711 18789 18789 I Finsky  : [1] xle.a(27): Scheduling job Id: 9011, L: 14800, D: 33796261, C: false, I: false, N: 1
08-04 00:42:36.712 18789 18789 I Finsky  : [1] xle.a(27): Scheduling job Id: 9012, L: 0, D: 65052566, C: false, I: true, N: 2
08-04 00:42:36.714 18789 18789 I Finsky  : [1] xle.a(27): Scheduling job Id: 9018, L: 0, D: 65052639, C: true, I: true, N: 2
08-04 00:42:36.715 18789 18789 I Finsky  : [1] xle.a(27): Scheduling job Id: 9019, L: 37873815, D: 38773815, C: false, I: false, N: 0
08-04 00:42:36.742 24577 28580 W Icing   : No valid account for uploading user actions
08-04 00:42:36.758 24577 28580 I Icing   : Usage reports ok 0, Failed Usage reports 0, indexed 0, rejected 0
08-04 00:42:36.794 31223 31223 D AndroidRuntime: >>>>>> START com.android.internal.os.RuntimeInit uid 2000 <<<<<<
08-04 00:42:36.797 31223 31223 D AndroidRuntime: CheckJNI is OFF
08-04 00:42:36.824 31223 31223 D ICU     : No timezone override file found: /data/misc/zoneinfo/current/icu/icu_tzdata.dat
08-04 00:42:36.856 31223 31223 I Radio-JNI: register_android_hardware_Radio DONE
08-04 00:42:36.874 31223 31223 D AndroidRuntime: Calling main entry com.android.commands.monkey.Monkey
08-04 00:42:36.889   918   931 W BroadcastQueue: Skipping deliver [background] BroadcastRecord{ab86c02 u-1 android.net.conn.CONNECTIVITY_CHANGE} to ReceiverList{cfac913 31223 (unknown name)/2000/u-1 remote:23a50e4}: process crashing
08-04 00:42:36.900   918  6110 I ActivityManager: START u0 {act=android.intent.action.MAIN cat=[android.intent.category.LAUNCHER] flg=0x10200000 cmp=baseline.org.quantumbadger.redreader/.activities.MainActivity} from uid 2000 on display 0
08-04 00:42:36.921 31233 31233 I art     : Late-enabling -Xcheck:jni
08-04 00:42:36.923   918  6029 I ActivityManager: Start proc 31233:baseline.org.quantumbadger.redreader/u0a666 for activity baseline.org.quantumbadger.redreader/.activities.MainActivity
08-04 00:42:36.937 31223 31223 I art     : System.exit called, status: 0
08-04 00:42:36.937 31223 31223 I AndroidRuntime: VM exiting with result code 0.
08-04 00:42:36.963 31233 31233 W System  : ClassLoader referenced unknown path: /data/app/baseline.org.quantumbadger.redreader-1/lib/arm64
08-04 00:42:36.972 31233 31233 I RedReader: Application created.
08-04 00:42:36.983 31233 31250 I RedditChangeDataIO: Running initial read...
08-04 00:42:36.985 31233 31233 I RedReader: Checking for new messages.
08-04 00:42:36.994 31233 31250 I RedditChangeDataIO: Data file at '/data/user/0/baseline.org.quantumbadger.redreader/files/rr_change_data.dat'
08-04 00:42:36.994 31233 31250 I RedditChangeDataIO: Data file does not exist. Aborting read.
08-04 00:42:36.994 31233 31250 I RedditChangeDataManager: Pruning for all users...
08-04 00:42:36.994 31233 31250 I RedditChangeDataManager: Pruning complete.
08-04 00:42:37.007  6202 27085 I PBSessionCacheImpl: Deleted sessionId[27278280657311515] from persistence.
08-04 00:42:37.011  6202  6241 W SearchServiceCore: Abort, client detached.
08-04 00:42:37.011  6202  6241 I MicroDetectionState: Should stop hotword detection immediately - true
08-04 00:42:37.078 31233 31249 I CacheManager: Pruning 0 files
08-04 00:42:37.082 31233 31233 W art     : Before Android 4.1, method android.graphics.PorterDuffColorFilter androidx.vectordrawable.graphics.drawable.VectorDrawableCompat.updateTintFilter(android.graphics.PorterDuffColorFilter, android.content.res.ColorStateList, android.graphics.PorterDuff$Mode) would have incorrectly overridden the package-private method in android.graphics.drawable.Drawable
08-04 00:42:37.101 31233 31233 I art     : Rejecting re-init on previously-failed class java.lang.Class<androidx.core.view.ViewCompat$2>
08-04 00:42:37.102 31233 31233 I art     : Rejecting re-init on previously-failed class java.lang.Class<androidx.core.view.ViewCompat$2>
08-04 00:42:37.110 31233 31233 I AppCompatViewInflater: app:theme is now deprecated. Please move to using android:theme instead.
08-04 00:42:37.222 31233 31233 I RawObjectDB query string: CREATE TABLE objects(RawObjectDB_id TEXT PRIMARY KEY ON CONFLICT REPLACE,RawObjectDB_timestamp INTEGER,serialised TEXT)
08-04 00:42:37.282 31233 31233 I RawObjectDB query string: CREATE TABLE objects(RawObjectDB_id TEXT PRIMARY KEY ON CONFLICT REPLACE,RawObjectDB_timestamp INTEGER,serialised TEXT)
08-04 00:42:37.382 31233 31252 D OpenGLRenderer: Use EGL_SWAP_BEHAVIOR_PRESERVED: true
08-04 00:42:37.458 31233 31252 I Adreno  : QUALCOMM build                   : fcf4852, I1af360237c
08-04 00:42:37.458 31233 31252 I Adreno  : Build Date                       : 09/23/15
08-04 00:42:37.458 31233 31252 I Adreno  : OpenGL ES Shader Compiler Version: XE031.05.13.02
08-04 00:42:37.458 31233 31252 I Adreno  : Local Branch                     : mybranch14465806
08-04 00:42:37.458 31233 31252 I Adreno  : Remote Branch                    : quic/LA.BF64.1.2.9_v2
08-04 00:42:37.458 31233 31252 I Adreno  : Remote Branch                    : NONE
08-04 00:42:37.458 31233 31252 I Adreno  : Reconstruct Branch               : NOTHING
08-04 00:42:37.469 31233 31252 I OpenGLRenderer: Initialized EGL, version 1.4
08-04 00:42:37.694 24577 28580 I Icing   : Indexing com.google.android.gms-apps from com.google.android.gms
08-04 00:42:37.755 24577 28580 I Icing   : Indexing done com.google.android.gms-apps
08-04 00:42:37.792   918   936 I ActivityManager: Displayed baseline.org.quantumbadger.redreader/.activities.MainActivity: +886ms
08-04 00:42:38.532 31268 31268 D AndroidRuntime: >>>>>> START com.android.internal.os.RuntimeInit uid 2000 <<<<<<
08-04 00:42:38.540 31268 31268 D AndroidRuntime: CheckJNI is OFF
08-04 00:42:38.574 31268 31268 D ICU     : No timezone override file found: /data/misc/zoneinfo/current/icu/icu_tzdata.dat
08-04 00:42:38.608 31268 31268 I Radio-JNI: register_android_hardware_Radio DONE
08-04 00:42:38.626 31268 31268 D AndroidRuntime: Calling main entry com.android.commands.am.Am
08-04 00:42:38.642  8825  8825 I Trepn   : Trepn 6.2s: Received intent: com.quicinc.trepn.start_profiling
08-04 00:42:38.786  8825  8825 W FileUtils: Failed to chmod(/storage/emulated/0/trepn/Trepn_2020.08.04_004238.db): android.system.ErrnoException: chmod failed: EPERM (Operation not permitted)
08-04 00:42:38.976  8825  8825 I Trepn   : Trepn 6.2s: Trepn has Started Profiling.
08-04 00:42:38.979 31268 31268 D AndroidRuntime: Shutting down VM
08-04 00:42:39.436 31233 31245 I art     : Starting a blocking GC Explicit
08-04 00:42:39.467 31233 31245 I art     : Explicit concurrent mark sweep GC freed 17889(1617KB) AllocSpace objects, 8(216KB) LOS objects, 40% free, 20MB/34MB, paused 194us total 29.464ms
08-04 00:42:39.476 31233 31245 I art     : Starting a blocking GC Explicit
08-04 00:42:39.488 31233 31245 I art     : Explicit concurrent mark sweep GC freed 1402(68KB) AllocSpace objects, 0(0B) LOS objects, 40% free, 20MB/34MB, paused 128us total 10.939ms
08-04 00:42:39.496 31233 31245 I art     : Starting a blocking GC Explicit
08-04 00:42:39.507 31233 31245 I art     : Explicit concurrent mark sweep GC freed 131(5KB) AllocSpace objects, 0(0B) LOS objects, 40% free, 20MB/34MB, paused 142us total 11.187ms
08-04 00:42:39.515 31233 31245 I art     : Starting a blocking GC Explicit
08-04 00:42:39.526 31233 31245 I art     : Explicit concurrent mark sweep GC freed 3(96B) AllocSpace objects, 0(0B) LOS objects, 40% free, 20MB/34MB, paused 120us total 10.274ms
08-04 00:42:39.534 31233 31245 I art     : Starting a blocking GC Explicit
08-04 00:42:39.544 31233 31245 I art     : Explicit concurrent mark sweep GC freed 3(96B) AllocSpace objects, 0(0B) LOS objects, 40% free, 20MB/34MB, paused 124us total 10.382ms
08-04 00:42:39.807 31233 31244 I art     : Starting a blocking GC Explicit
08-04 00:42:39.823 31233 31244 I art     : Explicit concurrent mark sweep GC freed 1342(78KB) AllocSpace objects, 1(20KB) LOS objects, 40% free, 20MB/34MB, paused 142us total 15.744ms
08-04 00:42:39.834 31233 31244 I art     : Starting a blocking GC Explicit
08-04 00:42:39.846 31233 31244 I art     : Explicit concurrent mark sweep GC freed 20(704B) AllocSpace objects, 0(0B) LOS objects, 40% free, 20MB/34MB, paused 107us total 10.986ms
08-04 00:42:39.854 31233 31244 I art     : Starting a blocking GC Explicit
08-04 00:42:39.865 31233 31244 I art     : Explicit concurrent mark sweep GC freed 3(96B) AllocSpace objects, 0(0B) LOS objects, 40% free, 20MB/34MB, paused 117us total 10.867ms
08-04 00:42:39.873 31233 31244 I art     : Starting a blocking GC Explicit
08-04 00:42:39.884 31233 31244 I art     : Explicit concurrent mark sweep GC freed 3(96B) AllocSpace objects, 0(0B) LOS objects, 40% free, 20MB/34MB, paused 113us total 10.679ms
08-04 00:42:39.892 31233 31244 I art     : Starting a blocking GC Explicit
08-04 00:42:39.902 31233 31244 I art     : Explicit concurrent mark sweep GC freed 3(96B) AllocSpace objects, 0(0B) LOS objects, 40% free, 20MB/34MB, paused 114us total 10.431ms
08-04 00:42:40.154 31233 31257 I art     : Starting a blocking GC Explicit
08-04 00:42:40.168 31233 31257 I art     : Explicit concurrent mark sweep GC freed 1334(78KB) AllocSpace objects, 1(20KB) LOS objects, 40% free, 20MB/34MB, paused 125us total 13.102ms
08-04 00:42:40.176 31233 31257 I art     : Starting a blocking GC Explicit
08-04 00:42:40.188 31233 31257 I art     : Explicit concurrent mark sweep GC freed 20(704B) AllocSpace objects, 0(0B) LOS objects, 40% free, 20MB/34MB, paused 116us total 11.384ms
08-04 00:42:40.196 31233 31257 I art     : Starting a blocking GC Explicit
08-04 00:42:40.207 31233 31257 I art     : Explicit concurrent mark sweep GC freed 3(96B) AllocSpace objects, 0(0B) LOS objects, 40% free, 20MB/34MB, paused 166us total 10.811ms
08-04 00:42:40.216 31233 31257 I art     : Starting a blocking GC Explicit
08-04 00:42:40.226 31233 31257 I art     : Explicit concurrent mark sweep GC freed 3(96B) AllocSpace objects, 0(0B) LOS objects, 40% free, 20MB/34MB, paused 109us total 10.136ms
08-04 00:42:40.234 31233 31257 I art     : Starting a blocking GC Explicit
08-04 00:42:40.244 31233 31257 I art     : Explicit concurrent mark sweep GC freed 3(96B) AllocSpace objects, 0(0B) LOS objects, 40% free, 20MB/34MB, paused 111us total 10.065ms
08-04 00:42:40.560 31233 31245 I art     : Starting a blocking GC Explicit
08-04 00:42:40.577 31233 31245 I art     : Explicit concurrent mark sweep GC freed 1333(78KB) AllocSpace objects, 1(20KB) LOS objects, 40% free, 20MB/34MB, paused 274us total 16.652ms
08-04 00:42:40.589 31233 31245 I art     : Starting a blocking GC Explicit
08-04 00:42:40.601 31233 31245 I art     : Explicit concurrent mark sweep GC freed 20(704B) AllocSpace objects, 0(0B) LOS objects, 40% free, 20MB/34MB, paused 133us total 11.432ms
08-04 00:42:40.609 31233 31245 I art     : Starting a blocking GC Explicit
08-04 00:42:40.620 31233 31245 I art     : Explicit concurrent mark sweep GC freed 3(96B) AllocSpace objects, 0(0B) LOS objects, 40% free, 20MB/34MB, paused 141us total 10.830ms
08-04 00:42:40.629 31233 31245 I art     : Starting a blocking GC Explicit
08-04 00:42:40.640 31233 31245 I art     : Explicit concurrent mark sweep GC freed 3(96B) AllocSpace objects, 0(0B) LOS objects, 40% free, 20MB/34MB, paused 119us total 10.985ms
08-04 00:42:40.648 31233 31245 I art     : Starting a blocking GC Explicit
08-04 00:42:40.660 31233 31245 I art     : Explicit concurrent mark sweep GC freed 3(96B) AllocSpace objects, 0(0B) LOS objects, 40% free, 20MB/34MB, paused 205us total 11.243ms
08-04 00:42:40.940 31233 31244 I art     : Starting a blocking GC Explicit
08-04 00:42:40.955 31233 31244 I art     : Explicit concurrent mark sweep GC freed 1333(78KB) AllocSpace objects, 1(20KB) LOS objects, 40% free, 20MB/34MB, paused 155us total 14.363ms
08-04 00:42:40.966 31233 31244 I art     : Starting a blocking GC Explicit
08-04 00:42:40.979 31233 31244 I art     : Explicit concurrent mark sweep GC freed 20(704B) AllocSpace objects, 0(0B) LOS objects, 40% free, 20MB/34MB, paused 119us total 12.378ms
08-04 00:42:40.987 31233 31244 I art     : Starting a blocking GC Explicit
08-04 00:42:40.998 31233 31244 I art     : Explicit concurrent mark sweep GC freed 3(96B) AllocSpace objects, 0(0B) LOS objects, 40% free, 20MB/34MB, paused 113us total 10.902ms
08-04 00:42:41.007 31233 31244 I art     : Starting a blocking GC Explicit
08-04 00:42:41.018 31233 31244 I art     : Explicit concurrent mark sweep GC freed 3(96B) AllocSpace objects, 0(0B) LOS objects, 40% free, 20MB/34MB, paused 116us total 10.738ms
08-04 00:42:41.026 31233 31244 I art     : Starting a blocking GC Explicit
08-04 00:42:41.036 31233 31244 I art     : Explicit concurrent mark sweep GC freed 3(96B) AllocSpace objects, 0(0B) LOS objects, 40% free, 20MB/34MB, paused 102us total 10.689ms
08-04 00:42:41.352 31233 31257 I art     : Starting a blocking GC Explicit
08-04 00:42:41.369 31233 31257 I art     : Explicit concurrent mark sweep GC freed 1334(78KB) AllocSpace objects, 1(20KB) LOS objects, 40% free, 20MB/34MB, paused 157us total 16.445ms
08-04 00:42:41.381 31233 31257 I art     : Starting a blocking GC Explicit
08-04 00:42:41.395 31233 31257 I art     : Explicit concurrent mark sweep GC freed 20(704B) AllocSpace objects, 0(0B) LOS objects, 40% free, 20MB/34MB, paused 138us total 13.362ms
08-04 00:42:41.406 31233 31257 I art     : Starting a blocking GC Explicit
08-04 00:42:41.417 31233 31257 I art     : Explicit concurrent mark sweep GC freed 3(96B) AllocSpace objects, 0(0B) LOS objects, 40% free, 20MB/34MB, paused 102us total 10.663ms
08-04 00:42:41.425 31233 31257 I art     : Starting a blocking GC Explicit
08-04 00:42:41.436 31233 31257 I art     : Explicit concurrent mark sweep GC freed 3(96B) AllocSpace objects, 0(0B) LOS objects, 40% free, 20MB/34MB, paused 111us total 10.656ms
08-04 00:42:41.444 31233 31257 I art     : Starting a blocking GC Explicit
08-04 00:42:41.455 31233 31257 I art     : Explicit concurrent mark sweep GC freed 3(96B) AllocSpace objects, 0(0B) LOS objects, 40% free, 20MB/34MB, paused 112us total 10.483ms
08-04 00:42:41.732 31233 31233 I RedReader: Checking for new messages.
08-04 00:42:41.735 31233 31233 I RegularCachePruner: Pruning cache...
08-04 00:42:41.737 31233 31362 I RedditChangeDataManager: Pruning for all users...
08-04 00:42:41.737 31233 31362 I RedditChangeDataManager: Pruning complete.
08-04 00:42:41.739 31233 31362 I CacheManager: Pruning 0 files
08-04 00:42:41.767 31233 31257 I art     : Starting a blocking GC Explicit
08-04 00:42:41.781 31233 31257 I art     : Explicit concurrent mark sweep GC freed 1484(88KB) AllocSpace objects, 1(20KB) LOS objects, 40% free, 20MB/34MB, paused 141us total 13.275ms
08-04 00:42:41.790 31233 31257 I art     : Starting a blocking GC Explicit
08-04 00:42:41.801 31233 31257 I art     : Explicit concurrent mark sweep GC freed 61(2608B) AllocSpace objects, 0(0B) LOS objects, 40% free, 20MB/34MB, paused 125us total 10.748ms
08-04 00:42:41.809 31233 31257 I art     : Starting a blocking GC Explicit
08-04 00:42:41.820 31233 31257 I art     : Explicit concurrent mark sweep GC freed 3(96B) AllocSpace objects, 0(0B) LOS objects, 40% free, 20MB/34MB, paused 115us total 10.963ms
08-04 00:42:41.828 31233 31257 I art     : Starting a blocking GC Explicit
08-04 00:42:41.839 31233 31257 I art     : Explicit concurrent mark sweep GC freed 3(96B) AllocSpace objects, 0(0B) LOS objects, 40% free, 20MB/34MB, paused 114us total 10.343ms
08-04 00:42:41.847 31233 31257 I art     : Starting a blocking GC Explicit
08-04 00:42:41.857 31233 31257 I art     : Explicit concurrent mark sweep GC freed 3(96B) AllocSpace objects, 0(0B) LOS objects, 40% free, 20MB/34MB, paused 119us total 9.894ms
08-04 00:42:42.166 31233 31245 I art     : Starting a blocking GC Explicit
08-04 00:42:42.182 31233 31245 I art     : Explicit concurrent mark sweep GC freed 1332(78KB) AllocSpace objects, 1(20KB) LOS objects, 40% free, 20MB/34MB, paused 170us total 15.933ms
08-04 00:42:42.194 31233 31245 I art     : Starting a blocking GC Explicit
08-04 00:42:42.208 31233 31245 I art     : Explicit concurrent mark sweep GC freed 20(704B) AllocSpace objects, 0(0B) LOS objects, 40% free, 20MB/34MB, paused 256us total 13.802ms
08-04 00:42:42.218 31233 31245 I art     : Starting a blocking GC Explicit
08-04 00:42:42.229 31233 31245 I art     : Explicit concurrent mark sweep GC freed 3(96B) AllocSpace objects, 0(0B) LOS objects, 40% free, 20MB/34MB, paused 126us total 10.753ms
08-04 00:42:42.237 31233 31245 I art     : Starting a blocking GC Explicit
08-04 00:42:42.249 31233 31245 I art     : Explicit concurrent mark sweep GC freed 3(96B) AllocSpace objects, 0(0B) LOS objects, 40% free, 20MB/34MB, paused 127us total 10.921ms
08-04 00:42:42.257 31233 31245 I art     : Starting a blocking GC Explicit
08-04 00:42:42.268 31233 31245 I art     : Explicit concurrent mark sweep GC freed 3(96B) AllocSpace objects, 0(0B) LOS objects, 40% free, 20MB/34MB, paused 115us total 10.250ms
08-04 00:42:42.594 31233 31244 I art     : Starting a blocking GC Explicit
08-04 00:42:42.613 31233 31244 I art     : Explicit concurrent mark sweep GC freed 1333(78KB) AllocSpace objects, 1(20KB) LOS objects, 40% free, 20MB/34MB, paused 178us total 18.850ms
08-04 00:42:42.625 31233 31244 I art     : Starting a blocking GC Explicit
08-04 00:42:42.636 31233 31244 I art     : Explicit concurrent mark sweep GC freed 20(704B) AllocSpace objects, 0(0B) LOS objects, 40% free, 20MB/34MB, paused 120us total 11.164ms
08-04 00:42:42.644 31233 31244 I art     : Starting a blocking GC Explicit
08-04 00:42:42.655 31233 31244 I art     : Explicit concurrent mark sweep GC freed 3(96B) AllocSpace objects, 0(0B) LOS objects, 40% free, 20MB/34MB, paused 104us total 10.233ms
08-04 00:42:42.663 31233 31244 I art     : Starting a blocking GC Explicit
08-04 00:42:42.673 31233 31244 I art     : Explicit concurrent mark sweep GC freed 3(96B) AllocSpace objects, 0(0B) LOS objects, 40% free, 20MB/34MB, paused 115us total 10.377ms
08-04 00:42:42.681 31233 31244 I art     : Starting a blocking GC Explicit
08-04 00:42:42.692 31233 31244 I art     : Explicit concurrent mark sweep GC freed 3(96B) AllocSpace objects, 0(0B) LOS objects, 40% free, 20MB/34MB, paused 105us total 10.487ms
08-04 00:42:42.971 31233 31257 I art     : Starting a blocking GC Explicit
08-04 00:42:42.982 31233 31257 I art     : Explicit concurrent mark sweep GC freed 1333(78KB) AllocSpace objects, 1(20KB) LOS objects, 40% free, 20MB/34MB, paused 120us total 11.002ms
08-04 00:42:42.990 31233 31257 I art     : Starting a blocking GC Explicit
08-04 00:42:43.000 31233 31257 I art     : Explicit concurrent mark sweep GC freed 20(704B) AllocSpace objects, 0(0B) LOS objects, 40% free, 20MB/34MB, paused 109us total 9.826ms
08-04 00:42:43.008 31233 31257 I art     : Starting a blocking GC Explicit
08-04 00:42:43.018 31233 31257 I art     : Explicit concurrent mark sweep GC freed 3(96B) AllocSpace objects, 0(0B) LOS objects, 40% free, 20MB/34MB, paused 105us total 9.436ms
08-04 00:42:43.025 31233 31257 I art     : Starting a blocking GC Explicit
08-04 00:42:43.035 31233 31257 I art     : Explicit concurrent mark sweep GC freed 3(96B) AllocSpace objects, 0(0B) LOS objects, 40% free, 20MB/34MB, paused 103us total 9.348ms
08-04 00:42:43.042 31233 31257 I art     : Starting a blocking GC Explicit
08-04 00:42:43.051 31233 31257 I art     : Explicit concurrent mark sweep GC freed 3(96B) AllocSpace objects, 0(0B) LOS objects, 40% free, 20MB/34MB, paused 101us total 8.910ms
08-04 00:42:43.327 31233 31245 I art     : Starting a blocking GC Explicit
08-04 00:42:43.341 31233 31245 I art     : Explicit concurrent mark sweep GC freed 1333(78KB) AllocSpace objects, 1(20KB) LOS objects, 40% free, 20MB/34MB, paused 144us total 14.077ms
08-04 00:42:43.353 31233 31245 I art     : Starting a blocking GC Explicit
08-04 00:42:43.364 31233 31245 I art     : Explicit concurrent mark sweep GC freed 20(704B) AllocSpace objects, 0(0B) LOS objects, 40% free, 20MB/34MB, paused 112us total 10.129ms
08-04 00:42:43.371 31233 31245 I art     : Starting a blocking GC Explicit
08-04 00:42:43.382 31233 31245 I art     : Explicit concurrent mark sweep GC freed 3(96B) AllocSpace objects, 0(0B) LOS objects, 40% free, 20MB/34MB, paused 125us total 10.204ms
08-04 00:42:43.389 31233 31245 I art     : Starting a blocking GC Explicit
08-04 00:42:43.400 31233 31245 I art     : Explicit concurrent mark sweep GC freed 3(96B) AllocSpace objects, 0(0B) LOS objects, 40% free, 20MB/34MB, paused 126us total 10.364ms
08-04 00:42:43.408 31233 31245 I art     : Starting a blocking GC Explicit
08-04 00:42:43.418 31233 31245 I art     : Explicit concurrent mark sweep GC freed 3(96B) AllocSpace objects, 0(0B) LOS objects, 40% free, 20MB/34MB, paused 121us total 10.431ms
08-04 00:42:43.728 31233 31244 I art     : Starting a blocking GC Explicit
08-04 00:42:43.744 31233 31244 I art     : Explicit concurrent mark sweep GC freed 1333(78KB) AllocSpace objects, 1(20KB) LOS objects, 40% free, 20MB/34MB, paused 166us total 15.925ms
08-04 00:42:43.753 31233 31244 I art     : Starting a blocking GC Explicit
08-04 00:42:43.764 31233 31244 I art     : Explicit concurrent mark sweep GC freed 20(704B) AllocSpace objects, 0(0B) LOS objects, 40% free, 20MB/34MB, paused 110us total 10.244ms
08-04 00:42:43.772 31233 31244 I art     : Starting a blocking GC Explicit
08-04 00:42:43.783 31233 31244 I art     : Explicit concurrent mark sweep GC freed 3(96B) AllocSpace objects, 0(0B) LOS objects, 40% free, 20MB/34MB, paused 118us total 10.558ms
08-04 00:42:43.791 31233 31244 I art     : Starting a blocking GC Explicit
08-04 00:42:43.801 31233 31244 I art     : Explicit concurrent mark sweep GC freed 3(96B) AllocSpace objects, 0(0B) LOS objects, 40% free, 20MB/34MB, paused 109us total 9.646ms
08-04 00:42:43.808 31233 31244 I art     : Starting a blocking GC Explicit
08-04 00:42:43.818 31233 31244 I art     : Explicit concurrent mark sweep GC freed 3(96B) AllocSpace objects, 0(0B) LOS objects, 40% free, 20MB/34MB, paused 111us total 10.042ms
08-04 00:42:44.060 31233 31257 I art     : Starting a blocking GC Explicit
08-04 00:42:44.072 31233 31257 I art     : Explicit concurrent mark sweep GC freed 1333(78KB) AllocSpace objects, 1(20KB) LOS objects, 40% free, 20MB/34MB, paused 131us total 11.336ms
08-04 00:42:44.080 31233 31257 I art     : Starting a blocking GC Explicit
08-04 00:42:44.091 31233 31257 I art     : Explicit concurrent mark sweep GC freed 20(704B) AllocSpace objects, 0(0B) LOS objects, 40% free, 20MB/34MB, paused 113us total 10.664ms
08-04 00:42:44.099 31233 31257 I art     : Starting a blocking GC Explicit
08-04 00:42:44.109 31233 31257 I art     : Explicit concurrent mark sweep GC freed 3(96B) AllocSpace objects, 0(0B) LOS objects, 40% free, 20MB/34MB, paused 110us total 10.174ms
08-04 00:42:44.117 31233 31257 I art     : Starting a blocking GC Explicit
08-04 00:42:44.127 31233 31257 I art     : Explicit concurrent mark sweep GC freed 3(96B) AllocSpace objects, 0(0B) LOS objects, 40% free, 20MB/34MB, paused 111us total 10.248ms
08-04 00:42:44.135 31233 31257 I art     : Starting a blocking GC Explicit
08-04 00:42:44.145 31233 31257 I art     : Explicit concurrent mark sweep GC freed 3(96B) AllocSpace objects, 0(0B) LOS objects, 40% free, 20MB/34MB, paused 108us total 9.987ms
08-04 00:42:44.322 31432 31432 D AndroidRuntime: >>>>>> START com.android.internal.os.RuntimeInit uid 2000 <<<<<<
08-04 00:42:44.326 31432 31432 D AndroidRuntime: CheckJNI is OFF
08-04 00:42:44.351 31432 31432 D ICU     : No timezone override file found: /data/misc/zoneinfo/current/icu/icu_tzdata.dat
08-04 00:42:44.375 31432 31432 I Radio-JNI: register_android_hardware_Radio DONE
08-04 00:42:44.392 31432 31432 D AndroidRuntime: Calling main entry com.android.commands.input.Input
08-04 00:42:44.393 31432 31432 I Input   : injectMotionEvent: MotionEvent { action=ACTION_DOWN, actionButton=0, id[0]=0, x[0]=720.0, y[0]=1440.0, toolType[0]=TOOL_TYPE_UNKNOWN, buttonState=0, metaState=0, flags=0x0, edgeFlags=0x0, pointerCount=1, historySize=0, eventTime=664980806, downTime=664980806, deviceId=0, source=0x1002 }
08-04 00:42:44.398 31432 31432 I Input   : injectMotionEvent: MotionEvent { action=ACTION_UP, actionButton=0, id[0]=0, x[0]=720.0, y[0]=1440.0, toolType[0]=TOOL_TYPE_UNKNOWN, buttonState=0, metaState=0, flags=0x0, edgeFlags=0x0, pointerCount=1, historySize=0, eventTime=664980806, downTime=664980806, deviceId=0, source=0x1002 }
08-04 00:42:44.399 31432 31432 D AndroidRuntime: Shutting down VM
08-04 00:42:44.415   512  2967 D audio_hw_primary: out_set_parameters: enter: usecase(1: low-latency-playback) kvpairs: routing=2
08-04 00:42:44.423 31233 31257 I art     : Starting a blocking GC Explicit
08-04 00:42:44.426 13866 13866 I GoogleInputMethodServic: GoogleInputMethodService.onFinishInput():3138 
08-04 00:42:44.429 13866 13866 I GoogleInputMethodServic: GoogleInputMethodService.onStartInput():1808 
08-04 00:42:44.429   512  2967 D audio_hw_primary: select_devices: out_snd_device(2: speaker) in_snd_device(0: none)
08-04 00:42:44.429   512  2967 D msm8974_platform: platform_send_audio_calibration: sending audio calibration for snd_device(2) acdb_id(15)
08-04 00:42:44.429   512  2967 I soundtrigger: audio_extn_sound_trigger_update_device_status: device 0x2 of type 0 for Event 1
08-04 00:42:44.435 31233 31257 I art     : Explicit concurrent mark sweep GC freed 1449(82KB) AllocSpace objects, 1(20KB) LOS objects, 40% free, 20MB/34MB, paused 136us total 11.577ms
08-04 00:42:44.440   512  2967 D audio_hw_primary: enable_snd_device: snd_device(2: speaker)
08-04 00:42:44.442   512  2967 D audio_hw_primary: enable_audio_route: apply and update mixer path: low-latency-playback speaker
08-04 00:42:44.444 31233 31257 I art     : Starting a blocking GC Explicit
08-04 00:42:44.455 31233 31257 I art     : Explicit concurrent mark sweep GC freed 991(69KB) AllocSpace objects, 1(76KB) LOS objects, 40% free, 20MB/34MB, paused 118us total 10.462ms
08-04 00:42:44.462 31233 31257 I art     : Starting a blocking GC Explicit
08-04 00:42:44.472 31233 31257 I art     : Explicit concurrent mark sweep GC freed 3(96B) AllocSpace objects, 0(0B) LOS objects, 40% free, 20MB/34MB, paused 117us total 9.502ms
08-04 00:42:44.472 31233 31243 I art     : WaitForGcToComplete blocked for 5.953ms for cause HeapTrim
08-04 00:42:44.480 31233 31257 I art     : Starting a blocking GC Explicit
08-04 00:42:44.490 31233 31257 I art     : Explicit concurrent mark sweep GC freed 3(96B) AllocSpace objects, 0(0B) LOS objects, 40% free, 20MB/34MB, paused 104us total 9.576ms
08-04 00:42:44.498 31233 31257 I art     : Starting a blocking GC Explicit
08-04 00:42:44.510 31233 31257 I art     : Explicit concurrent mark sweep GC freed 3(96B) AllocSpace objects, 0(0B) LOS objects, 40% free, 20MB/34MB, paused 123us total 10.896ms
08-04 00:42:44.608   380   380 W SurfaceFlinger: couldn't log to binary event log: overflow.
08-04 00:42:44.734 31233 31244 I art     : Starting a blocking GC Explicit
08-04 00:42:44.745 31233 31244 I art     : Explicit concurrent mark sweep GC freed 1333(78KB) AllocSpace objects, 1(20KB) LOS objects, 40% free, 20MB/34MB, paused 119us total 10.668ms
08-04 00:42:44.753 31233 31244 I art     : Starting a blocking GC Explicit
08-04 00:42:44.764 31233 31244 I art     : Explicit concurrent mark sweep GC freed 20(704B) AllocSpace objects, 0(0B) LOS objects, 40% free, 20MB/34MB, paused 136us total 10.685ms
08-04 00:42:44.772 31233 31244 I art     : Starting a blocking GC Explicit
08-04 00:42:44.783 31233 31244 I art     : Explicit concurrent mark sweep GC freed 3(96B) AllocSpace objects, 0(0B) LOS objects, 40% free, 20MB/34MB, paused 116us total 10.522ms
08-04 00:42:44.791 31233 31244 I art     : Starting a blocking GC Explicit
08-04 00:42:44.802 31233 31244 I art     : Explicit concurrent mark sweep GC freed 3(96B) AllocSpace objects, 0(0B) LOS objects, 40% free, 20MB/34MB, paused 114us total 10.107ms
08-04 00:42:44.810 31233 31244 I art     : Starting a blocking GC Explicit
08-04 00:42:44.820 31233 31244 I art     : Explicit concurrent mark sweep GC freed 3(96B) AllocSpace objects, 0(0B) LOS objects, 40% free, 20MB/34MB, paused 117us total 9.886ms
08-04 00:42:44.969 31463 31463 D AndroidRuntime: >>>>>> START com.android.internal.os.RuntimeInit uid 2000 <<<<<<
08-04 00:42:44.975 31463 31463 D AndroidRuntime: CheckJNI is OFF
08-04 00:42:44.989   512  2967 D audio_hw_primary: disable_audio_route: reset and update mixer path: low-latency-playback speaker
08-04 00:42:44.990   512  2967 D audio_hw_primary: disable_snd_device: snd_device(2: speaker)
08-04 00:42:44.997   512  2967 I soundtrigger: audio_extn_sound_trigger_update_device_status: device 0x2 of type 0 for Event 0
08-04 00:42:44.999 31463 31463 D ICU     : No timezone override file found: /data/misc/zoneinfo/current/icu/icu_tzdata.dat
08-04 00:42:45.023 31463 31463 I Radio-JNI: register_android_hardware_Radio DONE
08-04 00:42:45.039 31463 31463 D AndroidRuntime: Calling main entry com.android.commands.input.Input
08-04 00:42:45.040 31463 31463 I Input   : injectMotionEvent: MotionEvent { action=ACTION_DOWN, actionButton=0, id[0]=0, x[0]=1345.0, y[0]=165.0, toolType[0]=TOOL_TYPE_UNKNOWN, buttonState=0, metaState=0, flags=0x0, edgeFlags=0x0, pointerCount=1, historySize=0, eventTime=664981453, downTime=664981453, deviceId=0, source=0x1002 }
08-04 00:42:45.044 31463 31463 I Input   : injectMotionEvent: MotionEvent { action=ACTION_UP, actionButton=0, id[0]=0, x[0]=1345.0, y[0]=165.0, toolType[0]=TOOL_TYPE_UNKNOWN, buttonState=0, metaState=0, flags=0x0, edgeFlags=0x0, pointerCount=1, historySize=0, eventTime=664981453, downTime=664981453, deviceId=0, source=0x1002 }
08-04 00:42:45.045 31463 31463 D AndroidRuntime: Shutting down VM
08-04 00:42:45.060   512  2967 D audio_hw_primary: out_set_parameters: enter: usecase(1: low-latency-playback) kvpairs: routing=2
08-04 00:42:45.061 31233 31233 W art     : Before Android 4.1, method int androidx.appcompat.widget.DropDownListView.lookForSelectablePosition(int, boolean) would have incorrectly overridden the package-private method in android.widget.ListView
08-04 00:42:45.066 31233 31233 W art     : Before Android 4.1, method int androidx.appcompat.widget.MenuPopupWindow$MenuDropDownListView.lookForSelectablePosition(int, boolean) would have incorrectly overridden the package-private method in android.widget.ListView
08-04 00:42:45.068 31233 31233 I ListPopupWindow: Could not find method setEpicenterBounds(Rect) on PopupWindow. Oh well.
08-04 00:42:45.068 31233 31257 I art     : Starting a blocking GC Explicit
08-04 00:42:45.073   512  2967 D audio_hw_primary: select_devices: out_snd_device(2: speaker) in_snd_device(0: none)
08-04 00:42:45.073   512  2967 D msm8974_platform: platform_send_audio_calibration: sending audio calibration for snd_device(2) acdb_id(15)
08-04 00:42:45.073   512  2967 I soundtrigger: audio_extn_sound_trigger_update_device_status: device 0x2 of type 0 for Event 1
08-04 00:42:45.080 31233 31257 I art     : Explicit concurrent mark sweep GC freed 1686(153KB) AllocSpace objects, 1(20KB) LOS objects, 40% free, 20MB/34MB, paused 288us total 11.895ms
08-04 00:42:45.085   512  2967 D audio_hw_primary: enable_snd_device: snd_device(2: speaker)
08-04 00:42:45.087   512  2967 D audio_hw_primary: enable_audio_route: apply and update mixer path: low-latency-playback speaker
08-04 00:42:45.089 31233 31257 I art     : Starting a blocking GC Explicit
08-04 00:42:45.100 31233 31257 I art     : Explicit concurrent mark sweep GC freed 334(60KB) AllocSpace objects, 0(0B) LOS objects, 40% free, 20MB/34MB, paused 129us total 11.026ms
08-04 00:42:45.107 31233 31257 I art     : Starting a blocking GC Explicit
08-04 00:42:45.117 31233 31257 I art     : Explicit concurrent mark sweep GC freed 60(3KB) AllocSpace objects, 0(0B) LOS objects, 40% free, 20MB/34MB, paused 247us total 9.628ms
08-04 00:42:45.125 31233 31257 I art     : Starting a blocking GC Explicit
08-04 00:42:45.134   512  2967 D AudioFlinger: mixer(0xf4740000) throttle end: throttle time(12)
08-04 00:42:45.135 31233 31257 I art     : Explicit concurrent mark sweep GC freed 258(15KB) AllocSpace objects, 0(0B) LOS objects, 40% free, 20MB/34MB, paused 125us total 10.179ms
08-04 00:42:45.143 31233 31257 I art     : Starting a blocking GC Explicit
08-04 00:42:45.154 31233 31257 I art     : Explicit concurrent mark sweep GC freed 34(1440B) AllocSpace objects, 0(0B) LOS objects, 40% free, 20MB/34MB, paused 245us total 11.151ms
08-04 00:42:45.388 31233 31257 I art     : Starting a blocking GC Explicit
08-04 00:42:45.402 31233 31257 I art     : Explicit concurrent mark sweep GC freed 2149(116KB) AllocSpace objects, 1(20KB) LOS objects, 40% free, 20MB/34MB, paused 138us total 13.980ms
08-04 00:42:45.410 31233 31257 I art     : Starting a blocking GC Explicit
08-04 00:42:45.421 31233 31257 I art     : Explicit concurrent mark sweep GC freed 292(24KB) AllocSpace objects, 0(0B) LOS objects, 40% free, 20MB/34MB, paused 123us total 11.220ms
08-04 00:42:45.429 31233 31257 I art     : Starting a blocking GC Explicit
08-04 00:42:45.440 31233 31257 I art     : Explicit concurrent mark sweep GC freed 9(288B) AllocSpace objects, 0(0B) LOS objects, 40% free, 20MB/34MB, paused 114us total 10.602ms
08-04 00:42:45.447 31233 31257 I art     : Starting a blocking GC Explicit
08-04 00:42:45.458 31233 31257 I art     : Explicit concurrent mark sweep GC freed 3(96B) AllocSpace objects, 0(0B) LOS objects, 40% free, 20MB/34MB, paused 113us total 9.960ms
08-04 00:42:45.465 31233 31257 I art     : Starting a blocking GC Explicit
08-04 00:42:45.475 31233 31257 I art     : Explicit concurrent mark sweep GC freed 3(96B) AllocSpace objects, 0(0B) LOS objects, 40% free, 20MB/34MB, paused 112us total 10.065ms
08-04 00:42:45.582 31496 31496 D AndroidRuntime: >>>>>> START com.android.internal.os.RuntimeInit uid 2000 <<<<<<
08-04 00:42:45.586 31496 31496 D AndroidRuntime: CheckJNI is OFF
08-04 00:42:45.610 31496 31496 D ICU     : No timezone override file found: /data/misc/zoneinfo/current/icu/icu_tzdata.dat
08-04 00:42:45.629   512  2967 D audio_hw_primary: disable_audio_route: reset and update mixer path: low-latency-playback speaker
08-04 00:42:45.631   512  2967 D audio_hw_primary: disable_snd_device: snd_device(2: speaker)
08-04 00:42:45.635 31496 31496 I Radio-JNI: register_android_hardware_Radio DONE
08-04 00:42:45.639   512  2967 I soundtrigger: audio_extn_sound_trigger_update_device_status: device 0x2 of type 0 for Event 0
08-04 00:42:45.650 31496 31496 D AndroidRuntime: Calling main entry com.android.commands.input.Input
08-04 00:42:45.651 31496 31496 I Input   : injectMotionEvent: MotionEvent { action=ACTION_DOWN, actionButton=0, id[0]=0, x[0]=940.0, y[0]=501.0, toolType[0]=TOOL_TYPE_UNKNOWN, buttonState=0, metaState=0, flags=0x0, edgeFlags=0x0, pointerCount=1, historySize=0, eventTime=664982064, downTime=664982064, deviceId=0, source=0x1002 }
08-04 00:42:45.655 31496 31496 I Input   : injectMotionEvent: MotionEvent { action=ACTION_UP, actionButton=0, id[0]=0, x[0]=940.0, y[0]=501.0, toolType[0]=TOOL_TYPE_UNKNOWN, buttonState=0, metaState=0, flags=0x0, edgeFlags=0x0, pointerCount=1, historySize=0, eventTime=664982064, downTime=664982064, deviceId=0, source=0x1002 }
08-04 00:42:45.658 31496 31496 D AndroidRuntime: Shutting down VM
08-04 00:42:45.721 31233 31257 I art     : Starting a blocking GC Explicit
08-04 00:42:45.723   512  2967 D audio_hw_primary: out_set_parameters: enter: usecase(1: low-latency-playback) kvpairs: routing=2
08-04 00:42:45.724   918   929 I ActivityManager: START u0 {cmp=baseline.org.quantumbadger.redreader/.settings.SettingsActivity} from uid 10666 on display 0
08-04 00:42:45.732 31233 31257 I art     : Explicit concurrent mark sweep GC freed 1373(86KB) AllocSpace objects, 1(20KB) LOS objects, 40% free, 20MB/34MB, paused 193us total 10.911ms
08-04 00:42:45.736   512  2967 D audio_hw_primary: select_devices: out_snd_device(2: speaker) in_snd_device(0: none)
08-04 00:42:45.736   512  2967 D msm8974_platform: platform_send_audio_calibration: sending audio calibration for snd_device(2) acdb_id(15)
08-04 00:42:45.737   512  2967 I soundtrigger: audio_extn_sound_trigger_update_device_status: device 0x2 of type 0 for Event 1
08-04 00:42:45.738 13866 13866 I GoogleInputMethodServic: GoogleInputMethodService.onFinishInput():3138 
08-04 00:42:45.738 13866 13866 I GoogleInputMethodServic: GoogleInputMethodService.onStartInput():1808 
08-04 00:42:45.741 31233 31257 I art     : Starting a blocking GC Explicit
08-04 00:42:45.748   512  2967 D audio_hw_primary: enable_snd_device: snd_device(2: speaker)
08-04 00:42:45.751   512  2967 D audio_hw_primary: enable_audio_route: apply and update mixer path: low-latency-playback speaker
08-04 00:42:45.754 31233 31257 I art     : Explicit concurrent mark sweep GC freed 401(27KB) AllocSpace objects, 0(0B) LOS objects, 40% free, 20MB/34MB, paused 275us total 13.027ms
08-04 00:42:45.762 31233 31257 I art     : Starting a blocking GC Explicit
08-04 00:42:45.774 31233 31257 I art     : Explicit concurrent mark sweep GC freed 367(76KB) AllocSpace objects, 0(0B) LOS objects, 40% free, 21MB/35MB, paused 255us total 11.165ms
08-04 00:42:45.782 31233 31257 I art     : Starting a blocking GC Explicit
08-04 00:42:45.793 31233 31257 I art     : Explicit concurrent mark sweep GC freed 466(60KB) AllocSpace objects, 0(0B) LOS objects, 40% free, 21MB/35MB, paused 160us total 11.376ms
08-04 00:42:45.793   512  2967 D AudioFlinger: mixer(0xf4740000) throttle end: throttle time(12)
08-04 00:42:45.801 31233 31257 I art     : Starting a blocking GC Explicit
08-04 00:42:45.812 31233 31257 I art     : Explicit concurrent mark sweep GC freed 123(5KB) AllocSpace objects, 0(0B) LOS objects, 40% free, 21MB/35MB, paused 122us total 10.900ms
08-04 00:42:45.874   918   936 I ActivityManager: Displayed baseline.org.quantumbadger.redreader/.settings.SettingsActivity: +131ms
08-04 00:42:45.876 13866 13866 I GoogleInputMethodServic: GoogleInputMethodService.onFinishInput():3138 
08-04 00:42:45.877 13866 13866 I GoogleInputMethodServic: GoogleInputMethodService.onStartInput():1808 
08-04 00:42:45.914 31233 31252 D OpenGLRenderer: endAllStagingAnimators on 0x7f996f7c00 (MenuPopupWindow$MenuDropDownListView) with handle 0x7f80313580
08-04 00:42:46.036 31233 31257 I art     : Starting a blocking GC Explicit
08-04 00:42:46.049 31233 31257 I art     : Explicit concurrent mark sweep GC freed 1979(107KB) AllocSpace objects, 1(20KB) LOS objects, 40% free, 21MB/35MB, paused 133us total 13.095ms
08-04 00:42:46.057 31233 31257 I art     : Starting a blocking GC Explicit
08-04 00:42:46.073 31233 31257 I art     : Explicit concurrent mark sweep GC freed 114(4KB) AllocSpace objects, 0(0B) LOS objects, 40% free, 21MB/35MB, paused 209us total 14.943ms
08-04 00:42:46.084 31233 31257 I art     : Starting a blocking GC Explicit
08-04 00:42:46.100 31233 31257 I art     : Explicit concurrent mark sweep GC freed 24(1024B) AllocSpace objects, 0(0B) LOS objects, 40% free, 21MB/35MB, paused 159us total 16.031ms
08-04 00:42:46.109 31233 31257 I art     : Starting a blocking GC Explicit
08-04 00:42:46.124 31233 31257 I art     : Explicit concurrent mark sweep GC freed 3(96B) AllocSpace objects, 0(0B) LOS objects, 40% free, 21MB/35MB, paused 130us total 14.371ms
08-04 00:42:46.126   380   380 W SurfaceFlinger: couldn't log to binary event log: overflow.
08-04 00:42:46.134 31233 31257 I art     : Starting a blocking GC Explicit
08-04 00:42:46.146 31233 31257 I art     : Explicit concurrent mark sweep GC freed 3(96B) AllocSpace objects, 0(0B) LOS objects, 40% free, 21MB/35MB, paused 116us total 11.466ms
08-04 00:42:46.207 31528 31528 D AndroidRuntime: >>>>>> START com.android.internal.os.RuntimeInit uid 2000 <<<<<<
08-04 00:42:46.212 31528 31528 D AndroidRuntime: CheckJNI is OFF
08-04 00:42:46.235 31528 31528 D ICU     : No timezone override file found: /data/misc/zoneinfo/current/icu/icu_tzdata.dat
08-04 00:42:46.260 31528 31528 I Radio-JNI: register_android_hardware_Radio DONE
08-04 00:42:46.277 31528 31528 D AndroidRuntime: Calling main entry com.android.commands.input.Input
08-04 00:42:46.279 31528 31528 I Input   : injectMotionEvent: MotionEvent { action=ACTION_DOWN, actionButton=0, id[0]=0, x[0]=216.0, y[0]=853.0, toolType[0]=TOOL_TYPE_UNKNOWN, buttonState=0, metaState=0, flags=0x0, edgeFlags=0x0, pointerCount=1, historySize=0, eventTime=664982692, downTime=664982692, deviceId=0, source=0x1002 }
08-04 00:42:46.284 31528 31528 I Input   : injectMotionEvent: MotionEvent { action=ACTION_UP, actionButton=0, id[0]=0, x[0]=216.0, y[0]=853.0, toolType[0]=TOOL_TYPE_UNKNOWN, buttonState=0, metaState=0, flags=0x0, edgeFlags=0x0, pointerCount=1, historySize=0, eventTime=664982692, downTime=664982692, deviceId=0, source=0x1002 }
08-04 00:42:46.286 31528 31528 D AndroidRuntime: Shutting down VM
08-04 00:42:46.289   512  2967 D audio_hw_primary: disable_audio_route: reset and update mixer path: low-latency-playback speaker
08-04 00:42:46.290   512  2967 D audio_hw_primary: disable_snd_device: snd_device(2: speaker)
08-04 00:42:46.298   512  2967 I soundtrigger: audio_extn_sound_trigger_update_device_status: device 0x2 of type 0 for Event 0
08-04 00:42:46.351   918  3714 I ActivityManager: START u0 {act=android.intent.action.MAIN cmp=baseline.org.quantumbadger.redreader/.settings.SettingsActivity (has extras)} from uid 10666 on display 0
08-04 00:42:46.352   512  2967 D audio_hw_primary: out_set_parameters: enter: usecase(1: low-latency-playback) kvpairs: routing=2
08-04 00:42:46.365   512  2967 D audio_hw_primary: select_devices: out_snd_device(2: speaker) in_snd_device(0: none)
08-04 00:42:46.366   512  2967 D msm8974_platform: platform_send_audio_calibration: sending audio calibration for snd_device(2) acdb_id(15)
08-04 00:42:46.366   512  2967 I soundtrigger: audio_extn_sound_trigger_update_device_status: device 0x2 of type 0 for Event 1
08-04 00:42:46.378   512  2967 D audio_hw_primary: enable_snd_device: snd_device(2: speaker)
08-04 00:42:46.380   512  2967 D audio_hw_primary: enable_audio_route: apply and update mixer path: low-latency-playback speaker
08-04 00:42:46.393 31233 31244 I art     : Starting a blocking GC Explicit
08-04 00:42:46.410 31233 31244 I art     : Explicit concurrent mark sweep GC freed 2488(207KB) AllocSpace objects, 2(40KB) LOS objects, 40% free, 21MB/35MB, paused 480us total 16.341ms
08-04 00:42:46.419 31233 31244 I art     : Starting a blocking GC Explicit
08-04 00:42:46.424   512  2967 D AudioFlinger: mixer(0xf4740000) throttle end: throttle time(12)
08-04 00:42:46.433 31233 31244 I art     : Explicit concurrent mark sweep GC freed 429(20KB) AllocSpace objects, 0(0B) LOS objects, 40% free, 21MB/35MB, paused 141us total 12.884ms
08-04 00:42:46.441 31233 31244 I art     : Starting a blocking GC Explicit
08-04 00:42:46.455 31233 31244 I art     : Explicit concurrent mark sweep GC freed 68(10KB) AllocSpace objects, 0(0B) LOS objects, 40% free, 21MB/35MB, paused 383us total 12.876ms
08-04 00:42:46.463 31233 31244 I art     : Starting a blocking GC Explicit
08-04 00:42:46.477 31233 31244 I art     : Explicit concurrent mark sweep GC freed 8817(383KB) AllocSpace objects, 0(0B) LOS objects, 40% free, 21MB/36MB, paused 461us total 14.394ms
08-04 00:42:46.486 31233 31244 I art     : Starting a blocking GC Explicit
08-04 00:42:46.501 31233 31244 I art     : Explicit concurrent mark sweep GC freed 13041(548KB) AllocSpace objects, 0(0B) LOS objects, 40% free, 21MB/36MB, paused 310us total 14.558ms
08-04 00:42:46.649 13866 13866 I GoogleInputMethodServic: GoogleInputMethodService.onFinishInput():3138 
08-04 00:42:46.650   918   936 I ActivityManager: Displayed baseline.org.quantumbadger.redreader/.settings.SettingsActivity: +283ms
08-04 00:42:46.650 13866 13866 I GoogleInputMethodServic: GoogleInputMethodService.onStartInput():1808 
08-04 00:42:46.667 31233 31252 D OpenGLRenderer: endAllStagingAnimators on 0x7f806a0000 (ListView) with handle 0x7f80313040
08-04 00:42:46.736 31233 31257 I art     : Starting a blocking GC Explicit
08-04 00:42:46.755 31233 31257 I art     : Explicit concurrent mark sweep GC freed 60935(2MB) AllocSpace objects, 1(20KB) LOS objects, 40% free, 22MB/37MB, paused 165us total 18.192ms
08-04 00:42:46.764 31233 31257 I art     : Starting a blocking GC Explicit
08-04 00:42:46.780 31233 31257 I art     : Explicit concurrent mark sweep GC freed 2307(199KB) AllocSpace objects, 0(0B) LOS objects, 40% free, 22MB/36MB, paused 143us total 15.691ms
08-04 00:42:46.790 31233 31257 I art     : Starting a blocking GC Explicit
08-04 00:42:46.806 31233 31257 I art     : Explicit concurrent mark sweep GC freed 3(96B) AllocSpace objects, 0(0B) LOS objects, 40% free, 22MB/36MB, paused 129us total 15.821ms
08-04 00:42:46.815 31233 31257 I art     : Starting a blocking GC Explicit
08-04 00:42:46.829 31562 31562 D AndroidRuntime: >>>>>> START com.android.internal.os.RuntimeInit uid 2000 <<<<<<
08-04 00:42:46.830 31233 31257 I art     : Explicit concurrent mark sweep GC freed 59(2448B) AllocSpace objects, 0(0B) LOS objects, 40% free, 22MB/36MB, paused 169us total 14.912ms
08-04 00:42:46.835 31562 31562 D AndroidRuntime: CheckJNI is OFF
08-04 00:42:46.840 31233 31257 I art     : Starting a blocking GC Explicit
08-04 00:42:46.855 31233 31257 I art     : Explicit concurrent mark sweep GC freed 5(240B) AllocSpace objects, 0(0B) LOS objects, 40% free, 22MB/36MB, paused 119us total 15.359ms
08-04 00:42:46.863 31562 31562 D ICU     : No timezone override file found: /data/misc/zoneinfo/current/icu/icu_tzdata.dat
08-04 00:42:46.877   380   380 W SurfaceFlinger: couldn't log to binary event log: overflow.
08-04 00:42:46.888 31562 31562 I Radio-JNI: register_android_hardware_Radio DONE
08-04 00:42:46.903 31562 31562 D AndroidRuntime: Calling main entry com.android.commands.input.Input
08-04 00:42:46.904 31562 31562 I Input   : injectMotionEvent: MotionEvent { action=ACTION_DOWN, actionButton=0, id[0]=0, x[0]=1318.0, y[0]=1194.0, toolType[0]=TOOL_TYPE_UNKNOWN, buttonState=0, metaState=0, flags=0x0, edgeFlags=0x0, pointerCount=1, historySize=0, eventTime=664983317, downTime=664983317, deviceId=0, source=0x1002 }
08-04 00:42:46.909 31562 31562 I Input   : injectMotionEvent: MotionEvent { action=ACTION_UP, actionButton=0, id[0]=0, x[0]=1318.0, y[0]=1194.0, toolType[0]=TOOL_TYPE_UNKNOWN, buttonState=0, metaState=0, flags=0x0, edgeFlags=0x0, pointerCount=1, historySize=0, eventTime=664983317, downTime=664983317, deviceId=0, source=0x1002 }
08-04 00:42:46.909   512  2967 D audio_hw_primary: disable_audio_route: reset and update mixer path: low-latency-playback speaker
08-04 00:42:46.911   512  2967 D audio_hw_primary: disable_snd_device: snd_device(2: speaker)
08-04 00:42:46.912 31562 31562 D AndroidRuntime: Shutting down VM
08-04 00:42:46.919   512  2967 I soundtrigger: audio_extn_sound_trigger_update_device_status: device 0x2 of type 0 for Event 0
08-04 00:42:46.979   512  2967 D audio_hw_primary: out_set_parameters: enter: usecase(1: low-latency-playback) kvpairs: routing=2
08-04 00:42:46.992   512  2967 D audio_hw_primary: select_devices: out_snd_device(2: speaker) in_snd_device(0: none)
08-04 00:42:46.993   512  2967 D msm8974_platform: platform_send_audio_calibration: sending audio calibration for snd_device(2) acdb_id(15)
08-04 00:42:46.993   512  2967 I soundtrigger: audio_extn_sound_trigger_update_device_status: device 0x2 of type 0 for Event 1
08-04 00:42:47.011   512  2967 D audio_hw_primary: enable_snd_device: snd_device(2: speaker)
08-04 00:42:47.015   512  2967 D audio_hw_primary: enable_audio_route: apply and update mixer path: low-latency-playback speaker
08-04 00:42:47.057   512  2967 D AudioFlinger: mixer(0xf4740000) throttle end: throttle time(12)
08-04 00:42:47.107 31233 31540 I art     : Starting a blocking GC Explicit
08-04 00:42:47.125 31233 31540 I art     : Explicit concurrent mark sweep GC freed 2045(124KB) AllocSpace objects, 2(40KB) LOS objects, 40% free, 22MB/36MB, paused 164us total 17.598ms
08-04 00:42:47.135 31233 31540 I art     : Starting a blocking GC Explicit
08-04 00:42:47.149 31233 31540 I art     : Explicit concurrent mark sweep GC freed 84(3KB) AllocSpace objects, 0(0B) LOS objects, 40% free, 22MB/36MB, paused 134us total 13.554ms
08-04 00:42:47.157 31233 31540 I art     : Starting a blocking GC Explicit
08-04 00:42:47.171 31233 31540 I art     : Explicit concurrent mark sweep GC freed 39(1648B) AllocSpace objects, 0(0B) LOS objects, 40% free, 22MB/36MB, paused 134us total 13.803ms
08-04 00:42:47.180 31233 31540 I art     : Starting a blocking GC Explicit
08-04 00:42:47.194 31233 31540 I art     : Explicit concurrent mark sweep GC freed 36(1600B) AllocSpace objects, 0(0B) LOS objects, 40% free, 22MB/36MB, paused 281us total 14.209ms
08-04 00:42:47.203 31233 31540 I art     : Starting a blocking GC Explicit
08-04 00:42:47.216 31233 31540 I art     : Explicit concurrent mark sweep GC freed 13(496B) AllocSpace objects, 0(0B) LOS objects, 40% free, 22MB/36MB, paused 131us total 13.438ms
08-04 00:42:47.446 31594 31594 D AndroidRuntime: >>>>>> START com.android.internal.os.RuntimeInit uid 2000 <<<<<<
08-04 00:42:47.450 31594 31594 D AndroidRuntime: CheckJNI is OFF
08-04 00:42:47.468 31233 31257 I art     : Starting a blocking GC Explicit
08-04 00:42:47.476 31594 31594 D ICU     : No timezone override file found: /data/misc/zoneinfo/current/icu/icu_tzdata.dat
08-04 00:42:47.483 31233 31257 I art     : Explicit concurrent mark sweep GC freed 1440(82KB) AllocSpace objects, 1(20KB) LOS objects, 40% free, 22MB/36MB, paused 150us total 15.288ms
08-04 00:42:47.492 31233 31257 I art     : Starting a blocking GC Explicit
08-04 00:42:47.502 31594 31594 I Radio-JNI: register_android_hardware_Radio DONE
08-04 00:42:47.506 31233 31257 I art     : Explicit concurrent mark sweep GC freed 65(2192B) AllocSpace objects, 0(0B) LOS objects, 40% free, 22MB/36MB, paused 134us total 13.865ms
08-04 00:42:47.514 31233 31257 I art     : Starting a blocking GC Explicit
08-04 00:42:47.518 31594 31594 D AndroidRuntime: Calling main entry com.android.commands.input.Input
08-04 00:42:47.520 31594 31594 I Input   : injectMotionEvent: MotionEvent { action=ACTION_DOWN, actionButton=0, id[0]=0, x[0]=1309.0, y[0]=1701.0, toolType[0]=TOOL_TYPE_UNKNOWN, buttonState=0, metaState=0, flags=0x0, edgeFlags=0x0, pointerCount=1, historySize=0, eventTime=664983933, downTime=664983933, deviceId=0, source=0x1002 }
08-04 00:42:47.523 31594 31594 I Input   : injectMotionEvent: MotionEvent { action=ACTION_UP, actionButton=0, id[0]=0, x[0]=1309.0, y[0]=1701.0, toolType[0]=TOOL_TYPE_UNKNOWN, buttonState=0, metaState=0, flags=0x0, edgeFlags=0x0, pointerCount=1, historySize=0, eventTime=664983933, downTime=664983933, deviceId=0, source=0x1002 }
08-04 00:42:47.525 31594 31594 D AndroidRuntime: Shutting down VM
08-04 00:42:47.528 31233 31257 I art     : Explicit concurrent mark sweep GC freed 60(2512B) AllocSpace objects, 0(0B) LOS objects, 40% free, 22MB/36MB, paused 133us total 13.567ms
08-04 00:42:47.537 31233 31257 I art     : Starting a blocking GC Explicit
08-04 00:42:47.548   512  2967 D audio_hw_primary: disable_audio_route: reset and update mixer path: low-latency-playback speaker
08-04 00:42:47.549   512  2967 D audio_hw_primary: disable_snd_device: snd_device(2: speaker)
08-04 00:42:47.551 31233 31257 I art     : Explicit concurrent mark sweep GC freed 34(1504B) AllocSpace objects, 0(0B) LOS objects, 40% free, 22MB/36MB, paused 110us total 13.391ms
08-04 00:42:47.557   512  2967 I soundtrigger: audio_extn_sound_trigger_update_device_status: device 0x2 of type 0 for Event 0
08-04 00:42:47.559 31233 31257 I art     : Starting a blocking GC Explicit
08-04 00:42:47.573 31233 31257 I art     : Explicit concurrent mark sweep GC freed 26(848B) AllocSpace objects, 0(0B) LOS objects, 40% free, 22MB/36MB, paused 146us total 13.186ms
08-04 00:42:47.592   512  2967 D audio_hw_primary: out_set_parameters: enter: usecase(1: low-latency-playback) kvpairs: routing=2
08-04 00:42:47.605   512  2967 D audio_hw_primary: select_devices: out_snd_device(2: speaker) in_snd_device(0: none)
08-04 00:42:47.605   512  2967 D msm8974_platform: platform_send_audio_calibration: sending audio calibration for snd_device(2) acdb_id(15)
08-04 00:42:47.606   512  2967 I soundtrigger: audio_extn_sound_trigger_update_device_status: device 0x2 of type 0 for Event 1
08-04 00:42:47.615   512  2967 D audio_hw_primary: enable_snd_device: snd_device(2: speaker)
08-04 00:42:47.618   512  2967 D audio_hw_primary: enable_audio_route: apply and update mixer path: low-latency-playback speaker
08-04 00:42:47.660   512  2967 D AudioFlinger: mixer(0xf4740000) throttle end: throttle time(12)
08-04 00:42:47.821 31233 31540 I art     : Starting a blocking GC Explicit
08-04 00:42:47.835 31233 31540 I art     : Explicit concurrent mark sweep GC freed 2095(127KB) AllocSpace objects, 2(40KB) LOS objects, 40% free, 22MB/37MB, paused 130us total 14.155ms
08-04 00:42:47.844 31233 31540 I art     : Starting a blocking GC Explicit
08-04 00:42:47.859 31233 31540 I art     : Explicit concurrent mark sweep GC freed 72(2656B) AllocSpace objects, 0(0B) LOS objects, 40% free, 22MB/37MB, paused 149us total 14.697ms
08-04 00:42:47.868 31233 31540 I art     : Starting a blocking GC Explicit
08-04 00:42:47.882 31233 31540 I art     : Explicit concurrent mark sweep GC freed 16(624B) AllocSpace objects, 0(0B) LOS objects, 40% free, 22MB/37MB, paused 132us total 14.059ms
08-04 00:42:47.891 31233 31540 I art     : Starting a blocking GC Explicit
08-04 00:42:47.905 31233 31540 I art     : Explicit concurrent mark sweep GC freed 16(560B) AllocSpace objects, 0(0B) LOS objects, 40% free, 22MB/37MB, paused 140us total 13.756ms
08-04 00:42:47.913 31233 31540 I art     : Starting a blocking GC Explicit
08-04 00:42:47.928 31233 31540 I art     : Explicit concurrent mark sweep GC freed 15(528B) AllocSpace objects, 0(0B) LOS objects, 40% free, 22MB/37MB, paused 199us total 14.201ms
08-04 00:42:48.066 31622 31622 D AndroidRuntime: >>>>>> START com.android.internal.os.RuntimeInit uid 2000 <<<<<<
08-04 00:42:48.070 31622 31622 D AndroidRuntime: CheckJNI is OFF
08-04 00:42:48.095 31622 31622 D ICU     : No timezone override file found: /data/misc/zoneinfo/current/icu/icu_tzdata.dat
08-04 00:42:48.117 31622 31622 I Radio-JNI: register_android_hardware_Radio DONE
08-04 00:42:48.132 31622 31622 D AndroidRuntime: Calling main entry com.android.commands.input.Input
08-04 00:42:48.133 31622 31622 I Input   : injectMotionEvent: MotionEvent { action=ACTION_DOWN, actionButton=0, id[0]=0, x[0]=477.0, y[0]=805.0, toolType[0]=TOOL_TYPE_UNKNOWN, buttonState=0, metaState=0, flags=0x0, edgeFlags=0x0, pointerCount=1, historySize=0, eventTime=664984546, downTime=664984546, deviceId=0, source=0x1002 }
08-04 00:42:48.137 31622 31622 I Input   : injectMotionEvent: MotionEvent { action=ACTION_UP, actionButton=0, id[0]=0, x[0]=477.0, y[0]=805.0, toolType[0]=TOOL_TYPE_UNKNOWN, buttonState=0, metaState=0, flags=0x0, edgeFlags=0x0, pointerCount=1, historySize=0, eventTime=664984546, downTime=664984546, deviceId=0, source=0x1002 }
08-04 00:42:48.139 31622 31622 D AndroidRuntime: Shutting down VM
08-04 00:42:48.150   512  2967 D audio_hw_primary: disable_audio_route: reset and update mixer path: low-latency-playback speaker
08-04 00:42:48.151   512  2967 D audio_hw_primary: disable_snd_device: snd_device(2: speaker)
08-04 00:42:48.158   512  2967 I soundtrigger: audio_extn_sound_trigger_update_device_status: device 0x2 of type 0 for Event 0
08-04 00:42:48.177 31233 31540 I art     : Starting a blocking GC Explicit
08-04 00:42:48.192 31233 31540 I art     : Explicit concurrent mark sweep GC freed 1515(85KB) AllocSpace objects, 1(20KB) LOS objects, 40% free, 22MB/37MB, paused 156us total 15.288ms
08-04 00:42:48.201 31233 31540 I art     : Starting a blocking GC Explicit
08-04 00:42:48.215   512  2967 D audio_hw_primary: out_set_parameters: enter: usecase(1: low-latency-playback) kvpairs: routing=2
08-04 00:42:48.217 31233 31540 I art     : Explicit concurrent mark sweep GC freed 78(10KB) AllocSpace objects, 0(0B) LOS objects, 40% free, 22MB/37MB, paused 311us total 16.018ms
08-04 00:42:48.227 31233 31540 I art     : Starting a blocking GC Explicit
08-04 00:42:48.229   512  2967 D audio_hw_primary: select_devices: out_snd_device(2: speaker) in_snd_device(0: none)
08-04 00:42:48.229   512  2967 D msm8974_platform: platform_send_audio_calibration: sending audio calibration for snd_device(2) acdb_id(15)
08-04 00:42:48.229   512  2967 I soundtrigger: audio_extn_sound_trigger_update_device_status: device 0x2 of type 0 for Event 1
08-04 00:42:48.239   512  2967 D audio_hw_primary: enable_snd_device: snd_device(2: speaker)
08-04 00:42:48.241   512  2967 D audio_hw_primary: enable_audio_route: apply and update mixer path: low-latency-playback speaker
08-04 00:42:48.244 31233 31540 I art     : Explicit concurrent mark sweep GC freed 681(76KB) AllocSpace objects, 0(0B) LOS objects, 40% free, 22MB/37MB, paused 250us total 16.595ms
08-04 00:42:48.253 31233 31540 I art     : Starting a blocking GC Explicit
08-04 00:42:48.267 31233 31540 I art     : Explicit concurrent mark sweep GC freed 199(28KB) AllocSpace objects, 0(0B) LOS objects, 40% free, 22MB/37MB, paused 126us total 14.315ms
08-04 00:42:48.276 31233 31540 I art     : Starting a blocking GC Explicit
08-04 00:42:48.283   512  2967 D AudioFlinger: mixer(0xf4740000) throttle end: throttle time(12)
08-04 00:42:48.291 31233 31540 I art     : Explicit concurrent mark sweep GC freed 103(3KB) AllocSpace objects, 0(0B) LOS objects, 40% free, 22MB/37MB, paused 293us total 14.648ms
08-04 00:42:48.541 31233 31244 I art     : Starting a blocking GC Explicit
08-04 00:42:48.559 31233 31244 I art     : Explicit concurrent mark sweep GC freed 1838(99KB) AllocSpace objects, 1(20KB) LOS objects, 40% free, 22MB/37MB, paused 397us total 17.165ms
08-04 00:42:48.570 31233 31244 I art     : Starting a blocking GC Explicit
08-04 00:42:48.589 31233 31244 I art     : Explicit concurrent mark sweep GC freed 100(4KB) AllocSpace objects, 0(0B) LOS objects, 40% free, 22MB/37MB, paused 139us total 19.016ms
08-04 00:42:48.601 31233 31244 I art     : Starting a blocking GC Explicit
08-04 00:42:48.618 31233 31244 I art     : Explicit concurrent mark sweep GC freed 3(96B) AllocSpace objects, 0(0B) LOS objects, 40% free, 22MB/37MB, paused 118us total 16.727ms
08-04 00:42:48.627 31233 31244 I art     : Starting a blocking GC Explicit
08-04 00:42:48.643 31233 31244 I art     : Explicit concurrent mark sweep GC freed 5(192B) AllocSpace objects, 0(0B) LOS objects, 40% free, 22MB/37MB, paused 145us total 15.815ms
08-04 00:42:48.653 31233 31244 I art     : Starting a blocking GC Explicit
08-04 00:42:48.670 31233 31244 I art     : Explicit concurrent mark sweep GC freed 5(160B) AllocSpace objects, 0(0B) LOS objects, 40% free, 22MB/37MB, paused 137us total 16.386ms
08-04 00:42:48.722 31647 31647 D AndroidRuntime: >>>>>> START com.android.internal.os.RuntimeInit uid 2000 <<<<<<
08-04 00:42:48.727 31647 31647 D AndroidRuntime: CheckJNI is OFF
08-04 00:42:48.754 31647 31647 D ICU     : No timezone override file found: /data/misc/zoneinfo/current/icu/icu_tzdata.dat
08-04 00:42:48.769   512  2967 D audio_hw_primary: disable_audio_route: reset and update mixer path: low-latency-playback speaker
08-04 00:42:48.772   512  2967 D audio_hw_primary: disable_snd_device: snd_device(2: speaker)
08-04 00:42:48.781   512  2967 I soundtrigger: audio_extn_sound_trigger_update_device_status: device 0x2 of type 0 for Event 0
08-04 00:42:48.784 31647 31647 I Radio-JNI: register_android_hardware_Radio DONE
08-04 00:42:48.801 31647 31647 D AndroidRuntime: Calling main entry com.android.commands.input.Input
08-04 00:42:48.803 31647 31647 I Input   : injectMotionEvent: MotionEvent { action=ACTION_DOWN, actionButton=0, id[0]=0, x[0]=463.0, y[0]=464.0, toolType[0]=TOOL_TYPE_UNKNOWN, buttonState=0, metaState=0, flags=0x0, edgeFlags=0x0, pointerCount=1, historySize=0, eventTime=664985215, downTime=664985215, deviceId=0, source=0x1002 }
08-04 00:42:48.809 31647 31647 I Input   : injectMotionEvent: MotionEvent { action=ACTION_UP, actionButton=0, id[0]=0, x[0]=463.0, y[0]=464.0, toolType[0]=TOOL_TYPE_UNKNOWN, buttonState=0, metaState=0, flags=0x0, edgeFlags=0x0, pointerCount=1, historySize=0, eventTime=664985215, downTime=664985215, deviceId=0, source=0x1002 }
08-04 00:42:48.812 31647 31647 D AndroidRuntime: Shutting down VM
08-04 00:42:48.881   512  2967 D audio_hw_primary: out_set_parameters: enter: usecase(1: low-latency-playback) kvpairs: routing=2
08-04 00:42:48.895   512  2967 D audio_hw_primary: select_devices: out_snd_device(2: speaker) in_snd_device(0: none)
08-04 00:42:48.895   512  2967 D msm8974_platform: platform_send_audio_calibration: sending audio calibration for snd_device(2) acdb_id(15)
08-04 00:42:48.896   512  2967 I soundtrigger: audio_extn_sound_trigger_update_device_status: device 0x2 of type 0 for Event 1
08-04 00:42:48.905   918  4400 W InputMethodManagerService: Window already focused, ignoring focus gain of: com.android.internal.view.IInputMethodClient$Stub$Proxy@1cd5528 attribute=null, token = android.os.BinderProxy@bc27df8
08-04 00:42:48.913   512  2967 D audio_hw_primary: enable_snd_device: snd_device(2: speaker)
08-04 00:42:48.915   512  2967 D audio_hw_primary: enable_audio_route: apply and update mixer path: low-latency-playback speaker
08-04 00:42:48.945 31233 31540 I art     : Starting a blocking GC Explicit
08-04 00:42:48.957   512  2967 D AudioFlinger: mixer(0xf4740000) throttle end: throttle time(12)
08-04 00:42:48.964 31233 31540 I art     : Explicit concurrent mark sweep GC freed 1673(105KB) AllocSpace objects, 2(40KB) LOS objects, 40% free, 22MB/37MB, paused 155us total 18.478ms
08-04 00:42:48.973 31233 31540 I art     : Starting a blocking GC Explicit
08-04 00:42:48.989 31233 31540 I art     : Explicit concurrent mark sweep GC freed 117(6KB) AllocSpace objects, 0(0B) LOS objects, 40% free, 22MB/37MB, paused 132us total 15.716ms
08-04 00:42:48.999 31233 31540 I art     : Starting a blocking GC Explicit
08-04 00:42:49.016 31233 31540 I art     : Explicit concurrent mark sweep GC freed 3(96B) AllocSpace objects, 0(0B) LOS objects, 40% free, 22MB/37MB, paused 119us total 16.294ms
08-04 00:42:49.025 31233 31540 I art     : Starting a blocking GC Explicit
08-04 00:42:49.042 31233 31540 I art     : Explicit concurrent mark sweep GC freed 3(96B) AllocSpace objects, 0(0B) LOS objects, 40% free, 22MB/37MB, paused 139us total 16.209ms
08-04 00:42:49.052 31233 31540 I art     : Starting a blocking GC Explicit
08-04 00:42:49.069 31233 31540 I art     : Explicit concurrent mark sweep GC freed 6(256B) AllocSpace objects, 0(0B) LOS objects, 40% free, 22MB/37MB, paused 131us total 16.564ms
08-04 00:42:49.095   380   380 W SurfaceFlinger: couldn't log to binary event log: overflow.
08-04 00:42:49.297 31233 31244 I art     : Starting a blocking GC Explicit
08-04 00:42:49.314 31233 31244 I art     : Explicit concurrent mark sweep GC freed 1337(78KB) AllocSpace objects, 1(20KB) LOS objects, 40% free, 22MB/37MB, paused 141us total 16.672ms
08-04 00:42:49.323 31233 31244 I art     : Starting a blocking GC Explicit
08-04 00:42:49.340 31233 31244 I art     : Explicit concurrent mark sweep GC freed 20(704B) AllocSpace objects, 0(0B) LOS objects, 40% free, 22MB/37MB, paused 135us total 16.418ms
08-04 00:42:49.349 31233 31244 I art     : Starting a blocking GC Explicit
08-04 00:42:49.364 31233 31244 I art     : Explicit concurrent mark sweep GC freed 3(96B) AllocSpace objects, 0(0B) LOS objects, 40% free, 22MB/37MB, paused 129us total 15.449ms
08-04 00:42:49.369 31679 31679 D AndroidRuntime: >>>>>> START com.android.internal.os.RuntimeInit uid 2000 <<<<<<
08-04 00:42:49.373 31679 31679 D AndroidRuntime: CheckJNI is OFF
08-04 00:42:49.373 31233 31244 I art     : Starting a blocking GC Explicit
08-04 00:42:49.389 31233 31244 I art     : Explicit concurrent mark sweep GC freed 3(96B) AllocSpace objects, 0(0B) LOS objects, 40% free, 22MB/37MB, paused 145us total 15.457ms
08-04 00:42:49.397 31233 31244 I art     : Starting a blocking GC Explicit
08-04 00:42:49.402 31679 31679 D ICU     : No timezone override file found: /data/misc/zoneinfo/current/icu/icu_tzdata.dat
08-04 00:42:49.412 31233 31244 I art     : Explicit concurrent mark sweep GC freed 3(96B) AllocSpace objects, 0(0B) LOS objects, 40% free, 22MB/37MB, paused 151us total 15.069ms
08-04 00:42:49.428 31679 31679 I Radio-JNI: register_android_hardware_Radio DONE
08-04 00:42:49.444 31679 31679 D AndroidRuntime: Calling main entry com.android.commands.input.Input
08-04 00:42:49.445 31679 31679 I Input   : injectKeyEvent: KeyEvent { action=ACTION_DOWN, keyCode=KEYCODE_BACK, scanCode=0, metaState=0, flags=0x0, repeatCount=0, eventTime=664985858, downTime=664985858, deviceId=-1, source=0x101 }
08-04 00:42:49.449 31679 31679 I Input   : injectKeyEvent: KeyEvent { action=ACTION_UP, keyCode=KEYCODE_BACK, scanCode=0, metaState=0, flags=0x0, repeatCount=0, eventTime=664985858, downTime=664985858, deviceId=-1, source=0x101 }
08-04 00:42:49.455 31679 31679 D AndroidRuntime: Shutting down VM
08-04 00:42:49.458   512  2967 D audio_hw_primary: disable_audio_route: reset and update mixer path: low-latency-playback speaker
08-04 00:42:49.459   512  2967 D audio_hw_primary: disable_snd_device: snd_device(2: speaker)
08-04 00:42:49.469   512  2967 I soundtrigger: audio_extn_sound_trigger_update_device_status: device 0x2 of type 0 for Event 0
08-04 00:42:49.489 13866 13866 I GoogleInputMethodServic: GoogleInputMethodService.onFinishInput():3138 
08-04 00:42:49.490 13866 13866 I GoogleInputMethodServic: GoogleInputMethodService.onStartInput():1808 
08-04 00:42:49.675 31233 31257 I art     : Starting a blocking GC Explicit
08-04 00:42:49.679   518   646 I ThermalEngine: ACTION: GPU - Setting GPU[0] to 510000000
08-04 00:42:49.695 31233 31257 I art     : Explicit concurrent mark sweep GC freed 1442(84KB) AllocSpace objects, 1(20KB) LOS objects, 40% free, 22MB/37MB, paused 156us total 20.494ms
08-04 00:42:49.707 31233 31257 I art     : Starting a blocking GC Explicit
08-04 00:42:49.727 31233 31257 I art     : Explicit concurrent mark sweep GC freed 34(1200B) AllocSpace objects, 0(0B) LOS objects, 40% free, 22MB/37MB, paused 215us total 19.044ms
08-04 00:42:49.738 31233 31257 I art     : Starting a blocking GC Explicit
08-04 00:42:49.757 31233 31257 I art     : Explicit concurrent mark sweep GC freed 3(96B) AllocSpace objects, 0(0B) LOS objects, 40% free, 22MB/37MB, paused 157us total 18.864ms
08-04 00:42:49.769 31233 31257 I art     : Starting a blocking GC Explicit
08-04 00:42:49.787 31233 31257 I art     : Explicit concurrent mark sweep GC freed 3(96B) AllocSpace objects, 0(0B) LOS objects, 40% free, 22MB/37MB, paused 178us total 17.682ms
08-04 00:42:49.795   380   380 W SurfaceFlinger: couldn't log to binary event log: overflow.
08-04 00:42:49.798 31233 31257 I art     : Starting a blocking GC Explicit
08-04 00:42:49.816 31233 31257 I art     : Explicit concurrent mark sweep GC freed 48(1696B) AllocSpace objects, 0(0B) LOS objects, 40% free, 22MB/37MB, paused 166us total 18.023ms
08-04 00:42:50.085 31712 31712 D AndroidRuntime: >>>>>> START com.android.internal.os.RuntimeInit uid 2000 <<<<<<
08-04 00:42:50.090 31712 31712 D AndroidRuntime: CheckJNI is OFF
08-04 00:42:50.093 31233 31244 I art     : Starting a blocking GC Explicit
08-04 00:42:50.112 31233 31244 I art     : Explicit concurrent mark sweep GC freed 11680(546KB) AllocSpace objects, 7(332KB) LOS objects, 40% free, 21MB/36MB, paused 180us total 18.871ms
08-04 00:42:50.123 31233 31244 I art     : Starting a blocking GC Explicit
08-04 00:42:50.129 31712 31712 D ICU     : No timezone override file found: /data/misc/zoneinfo/current/icu/icu_tzdata.dat
08-04 00:42:50.139 31233 31244 I art     : Explicit concurrent mark sweep GC freed 3523(232KB) AllocSpace objects, 1(28KB) LOS objects, 40% free, 21MB/35MB, paused 189us total 15.659ms
08-04 00:42:50.150 31233 31244 I art     : Starting a blocking GC Explicit
08-04 00:42:50.163 31712 31712 I Radio-JNI: register_android_hardware_Radio DONE
08-04 00:42:50.164 31233 31244 I art     : Explicit concurrent mark sweep GC freed 3(96B) AllocSpace objects, 0(0B) LOS objects, 40% free, 21MB/35MB, paused 164us total 14.280ms
08-04 00:42:50.175 31233 31244 I art     : Starting a blocking GC Explicit
08-04 00:42:50.185 31712 31712 D AndroidRuntime: Calling main entry com.android.commands.input.Input
08-04 00:42:50.187 31712 31712 I Input   : injectKeyEvent: KeyEvent { action=ACTION_DOWN, keyCode=KEYCODE_BACK, scanCode=0, metaState=0, flags=0x0, repeatCount=0, eventTime=664986600, downTime=664986600, deviceId=-1, source=0x101 }
08-04 00:42:50.189 31233 31244 I art     : Explicit concurrent mark sweep GC freed 3(96B) AllocSpace objects, 0(0B) LOS objects, 40% free, 21MB/35MB, paused 157us total 14.191ms
08-04 00:42:50.191 31712 31712 I Input   : injectKeyEvent: KeyEvent { action=ACTION_UP, keyCode=KEYCODE_BACK, scanCode=0, metaState=0, flags=0x0, repeatCount=0, eventTime=664986600, downTime=664986600, deviceId=-1, source=0x101 }
08-04 00:42:50.197 31712 31712 D AndroidRuntime: Shutting down VM
08-04 00:42:50.199 31233 31244 I art     : Starting a blocking GC Explicit
08-04 00:42:50.214 31233 31244 I art     : Explicit concurrent mark sweep GC freed 110(4KB) AllocSpace objects, 0(0B) LOS objects, 40% free, 21MB/35MB, paused 222us total 14.577ms
08-04 00:42:50.241 13866 13866 I GoogleInputMethodServic: GoogleInputMethodService.onFinishInput():3138 
08-04 00:42:50.242 13866 13866 I GoogleInputMethodServic: GoogleInputMethodService.onStartInput():1808 
08-04 00:42:50.472 31233 31540 I art     : Starting a blocking GC Explicit
08-04 00:42:50.491 31233 31540 I art     : Explicit concurrent mark sweep GC freed 1406(81KB) AllocSpace objects, 1(20KB) LOS objects, 40% free, 21MB/35MB, paused 187us total 19.403ms
08-04 00:42:50.503 31233 31540 I art     : Starting a blocking GC Explicit
08-04 00:42:50.520 31233 31540 I art     : Explicit concurrent mark sweep GC freed 24(864B) AllocSpace objects, 0(0B) LOS objects, 40% free, 21MB/35MB, paused 178us total 16.196ms
08-04 00:42:50.531 31233 31540 I art     : Starting a blocking GC Explicit
08-04 00:42:50.547 31233 31540 I art     : Explicit concurrent mark sweep GC freed 25(944B) AllocSpace objects, 0(0B) LOS objects, 40% free, 21MB/35MB, paused 234us total 15.584ms
08-04 00:42:50.557 31233 31540 I art     : Starting a blocking GC Explicit
08-04 00:42:50.570 31233 31540 I art     : Explicit concurrent mark sweep GC freed 129(10KB) AllocSpace objects, 0(0B) LOS objects, 40% free, 21MB/35MB, paused 170us total 13.506ms
08-04 00:42:50.580 31233 31540 I art     : Starting a blocking GC Explicit
08-04 00:42:50.595 31233 31540 I art     : Explicit concurrent mark sweep GC freed 3(96B) AllocSpace objects, 0(0B) LOS objects, 40% free, 21MB/35MB, paused 189us total 14.146ms
08-04 00:42:50.847 31752 31752 D AndroidRuntime: >>>>>> START com.android.internal.os.RuntimeInit uid 2000 <<<<<<
08-04 00:42:50.851 31752 31752 D AndroidRuntime: CheckJNI is OFF
08-04 00:42:50.856 31233 31245 I art     : Starting a blocking GC Explicit
08-04 00:42:50.872 31233 31245 I art     : Explicit concurrent mark sweep GC freed 1337(78KB) AllocSpace objects, 1(20KB) LOS objects, 40% free, 21MB/35MB, paused 190us total 15.832ms
08-04 00:42:50.883 31233 31245 I art     : Starting a blocking GC Explicit
08-04 00:42:50.890 31752 31752 D ICU     : No timezone override file found: /data/misc/zoneinfo/current/icu/icu_tzdata.dat
08-04 00:42:50.898 31233 31245 I art     : Explicit concurrent mark sweep GC freed 20(704B) AllocSpace objects, 0(0B) LOS objects, 40% free, 21MB/35MB, paused 193us total 14.936ms
08-04 00:42:50.909 31233 31245 I art     : Starting a blocking GC Explicit
08-04 00:42:50.923 31752 31752 I Radio-JNI: register_android_hardware_Radio DONE
08-04 00:42:50.924 31233 31245 I art     : Explicit concurrent mark sweep GC freed 3(96B) AllocSpace objects, 0(0B) LOS objects, 40% free, 21MB/35MB, paused 184us total 15.099ms
08-04 00:42:50.934 31233 31245 I art     : Starting a blocking GC Explicit
08-04 00:42:50.946 31752 31752 D AndroidRuntime: Calling main entry com.android.commands.input.Input
08-04 00:42:50.948 31752 31752 I Input   : injectMotionEvent: MotionEvent { action=ACTION_DOWN, actionButton=0, id[0]=0, x[0]=600.0, y[0]=1536.0, toolType[0]=TOOL_TYPE_UNKNOWN, buttonState=0, metaState=0, flags=0x0, edgeFlags=0x0, pointerCount=1, historySize=0, eventTime=664987360, downTime=664987360, deviceId=0, source=0x1002 }
08-04 00:42:50.949 31233 31245 I art     : Explicit concurrent mark sweep GC freed 3(96B) AllocSpace objects, 0(0B) LOS objects, 40% free, 21MB/35MB, paused 193us total 14.579ms
08-04 00:42:50.952 31752 31752 I Input   : injectMotionEvent: MotionEvent { action=ACTION_UP, actionButton=0, id[0]=0, x[0]=600.0, y[0]=1536.0, toolType[0]=TOOL_TYPE_UNKNOWN, buttonState=0, metaState=0, flags=0x0, edgeFlags=0x0, pointerCount=1, historySize=0, eventTime=664987360, downTime=664987360, deviceId=0, source=0x1002 }
08-04 00:42:50.954 31752 31752 D AndroidRuntime: Shutting down VM
08-04 00:42:50.960 31233 31245 I art     : Starting a blocking GC Explicit
08-04 00:42:50.967   512  2967 D audio_hw_primary: out_set_parameters: enter: usecase(1: low-latency-playback) kvpairs: routing=2
08-04 00:42:50.969   918  6110 I ActivityManager: START u0 {dat=https://oauth.reddit.com/... cmp=baseline.org.quantumbadger.redreader/.activities.PostListingActivity} from uid 10666 on display 0
08-04 00:42:50.978 31233 31245 I art     : Explicit concurrent mark sweep GC freed 93(7KB) AllocSpace objects, 0(0B) LOS objects, 40% free, 21MB/35MB, paused 225us total 17.475ms
08-04 00:42:50.980   512  2967 D audio_hw_primary: select_devices: out_snd_device(2: speaker) in_snd_device(0: none)
08-04 00:42:50.980   512  2967 D msm8974_platform: platform_send_audio_calibration: sending audio calibration for snd_device(2) acdb_id(15)
08-04 00:42:50.980   512  2967 I soundtrigger: audio_extn_sound_trigger_update_device_status: device 0x2 of type 0 for Event 1
08-04 00:42:50.990 31233 31233 I AppCompatViewInflater: app:theme is now deprecated. Please move to using android:theme instead.
08-04 00:42:50.992   512  2967 D audio_hw_primary: enable_snd_device: snd_device(2: speaker)
08-04 00:42:50.994   512  2967 D audio_hw_primary: enable_audio_route: apply and update mixer path: low-latency-playback speaker
08-04 00:42:51.032 31233 31774 I RawObjectDB query string: CREATE TABLE objects(RawObjectDB_id TEXT PRIMARY KEY ON CONFLICT REPLACE,RawObjectDB_timestamp INTEGER,accounts_active INTEGER,created INTEGER,created_utc INTEGER,description TEXT,description_html TEXT,display_name TEXT,header_img TEXT,header_title TEXT,id TEXT,name TEXT,over18 INTEGER,public_description TEXT,subscribers INTEGER,title TEXT,url TEXT)
08-04 00:42:51.075 31233 31775 D OK      : calling: https://www.reddit.com/api/v1/access_token
08-04 00:42:51.079   918   936 I ActivityManager: Displayed baseline.org.quantumbadger.redreader/.activities.PostListingActivity: +102ms
08-04 00:42:51.079 13866 13866 I GoogleInputMethodServic: GoogleInputMethodService.onFinishInput():3138 
08-04 00:42:51.080 13866 13866 I GoogleInputMethodServic: GoogleInputMethodService.onStartInput():1808 
08-04 00:42:51.223 31233 31540 I art     : Starting a blocking GC Explicit
08-04 00:42:51.249 31233 31540 I art     : Explicit concurrent mark sweep GC freed 7438(510KB) AllocSpace objects, 1(20KB) LOS objects, 40% free, 21MB/36MB, paused 285us total 25.902ms
08-04 00:42:51.262 31233 31540 I art     : Starting a blocking GC Explicit
08-04 00:42:51.283 31233 31540 I art     : Explicit concurrent mark sweep GC freed 4066(274KB) AllocSpace objects, 3(148KB) LOS objects, 40% free, 21MB/36MB, paused 460us total 21.189ms
08-04 00:42:51.296 31233 31540 I art     : Starting a blocking GC Explicit
08-04 00:42:51.315 31233 31540 I art     : Explicit concurrent mark sweep GC freed 2160(132KB) AllocSpace objects, 1(80KB) LOS objects, 40% free, 21MB/36MB, paused 285us total 18.128ms
08-04 00:42:51.329 31233 31540 I art     : Starting a blocking GC Explicit
08-04 00:42:51.331   380   380 W SurfaceFlinger: couldn't log to binary event log: overflow.
08-04 00:42:51.347 31233 31540 I art     : Explicit concurrent mark sweep GC freed 3559(212KB) AllocSpace objects, 0(0B) LOS objects, 40% free, 21MB/36MB, paused 280us total 17.674ms
08-04 00:42:51.357 31233 31540 I art     : Starting a blocking GC Explicit
08-04 00:42:51.371 31233 31540 I art     : Explicit concurrent mark sweep GC freed 64(3KB) AllocSpace objects, 0(0B) LOS objects, 40% free, 21MB/36MB, paused 232us total 14.329ms
08-04 00:42:51.539   512  2967 D audio_hw_primary: disable_audio_route: reset and update mixer path: low-latency-playback speaker
08-04 00:42:51.539   512  2967 D audio_hw_primary: disable_snd_device: snd_device(2: speaker)
08-04 00:42:51.545 31233 31775 D OK      : request got status: 200
08-04 00:42:51.548   512  2967 I soundtrigger: audio_extn_sound_trigger_update_device_status: device 0x2 of type 0 for Event 0
08-04 00:42:51.555 31233 31775 D OK      : calling: https://oauth.reddit.com/r/askscience/about.json
08-04 00:42:51.629 31233 31540 I art     : Starting a blocking GC Explicit
08-04 00:42:51.662 31233 31540 I art     : Explicit concurrent mark sweep GC freed 36120(2MB) AllocSpace objects, 15(1512KB) LOS objects, 40% free, 23MB/39MB, paused 359us total 32.590ms
08-04 00:42:51.675 31233 31540 I art     : Starting a blocking GC Explicit
08-04 00:42:51.701 31233 31540 I art     : Explicit concurrent mark sweep GC freed 148(7KB) AllocSpace objects, 0(0B) LOS objects, 40% free, 23MB/39MB, paused 283us total 25.613ms
08-04 00:42:51.713 31233 31540 I art     : Starting a blocking GC Explicit
08-04 00:42:51.737 31233 31540 I art     : Explicit concurrent mark sweep GC freed 3(96B) AllocSpace objects, 0(0B) LOS objects, 40% free, 23MB/39MB, paused 281us total 23.797ms
08-04 00:42:51.749 31233 31540 I art     : Starting a blocking GC Explicit
08-04 00:42:51.756 18789 18789 I Finsky  : [1] xow.onStartJob(3): SCH: onJobSchedulerWakeup with jobId 9004
08-04 00:42:51.766 18789 18789 I Finsky  : [1] xjw.a(9): Scheduling fallback in 43199992 (absolute: 1691575631)
08-04 00:42:51.770 18789 18789 I Finsky  : [1] xjw.a(9): Scheduling fallback in 64799999 (absolute: 1713175643)
08-04 00:42:51.772 31233 31540 I art     : Explicit concurrent mark sweep GC freed 1946(76KB) AllocSpace objects, 0(0B) LOS objects, 40% free, 23MB/39MB, paused 289us total 23.339ms
08-04 00:42:51.773 18789 18789 I Finsky  : [1] xow.onStartJob(3): SCH: onJobSchedulerWakeup with jobId 9011
08-04 00:42:51.785 31233 31540 I art     : Starting a blocking GC Explicit
08-04 00:42:51.795 18789 18789 I Finsky  : [1] xjw.a(9): Scheduling fallback in 43199999 (absolute: 1691575668)
08-04 00:42:51.797 18789 18789 I Finsky  : [1] xjw.a(9): Scheduling fallback in 64799998 (absolute: 1713175670)
08-04 00:42:51.804 18789 18789 W Finsky  : [1] xow.onStartJob(9): SCH: onJobSchedulerWakeup while already running
08-04 00:42:51.807 31233 31540 I art     : Explicit concurrent mark sweep GC freed 76(3008B) AllocSpace objects, 0(0B) LOS objects, 40% free, 23MB/39MB, paused 286us total 21.712ms
08-04 00:42:51.839 18789 18789 I Finsky  : [1] xkf.handleMessage(8): SCH: DeviceState: DeviceState{currentTime=1596494571835, isCharging=false, isIdle=false, netAny=true, netNotRoaming=true, netUnmetered=true, batteryPercent=100.0}
08-04 00:42:51.843 18789 31202 I Finsky  : [6260] xmu.a(8): SCH: Jobs in database: 1-1337 3-181 3-182 12-1 24-77777777 26-1414141414 
08-04 00:42:51.845 18789 18789 I Finsky  : [1] xkg.a(16): SCH: Running job: 12-1
08-04 00:42:51.845 18789 18789 I Finsky  : [1] ContentSyncJob.a(16): [ContentSync] job started
08-04 00:42:51.846 18789 18789 I Finsky  : [1] xkf.handleMessage(61): SCH: RunningQueue size: 1, PendingQueue size: 0
08-04 00:42:51.846 18789 18789 I Finsky  : [1] xkf.handleMessage(64): SCH: Running queue: 12-1 
08-04 00:42:51.908 18789 31804 I Finsky  : [6269] dzn.a(22): Completed 0 account content syncs with 0 successful.
08-04 00:42:51.909 18789 18789 I Finsky  : [1] ContentSyncJob.a(1): [ContentSync] Installation state replication succeeded.
08-04 00:42:51.909 18789 18789 I Finsky  : [1] xlr.a(13): SCH: jobFinished: 12-1. TimeElapsed: 64ms.
08-04 00:42:51.910 18789 18789 I Finsky  : [1] xkg.a(36): SCH: Job 12-1 finished. Not rescheduling.
08-04 00:42:51.910 18789 18789 I Finsky  : [1] xkf.handleMessage(61): SCH: RunningQueue size: 0, PendingQueue size: 0
08-04 00:42:51.911 18789 18789 I Finsky  : [1] xkf.handleMessage(25): Executor finished
08-04 00:42:51.912 31233 31775 I NAPPA_EXPERIMENTATION: MetricNetworkRequestExecutionTime: REQUEST_DURATION_SYSTEM='357',REQUEST_DURATION_OKHTTP='141',REQUEST_SYNCHRONOUS='TRUE',RESPONSE_CODE='200',RESPONSE_METHOD='GET',RESPONSE_LENGTH_OKHTTP='-1',RESPONSE_LENGTH_HEADER='4700',REQUEST_PROTOCOL='h2',REQUEST_URL='https://oauth.reddit.com/r/askscience/about.json',
08-04 00:42:51.912 31233 31775 D OK      : request got status: 200
08-04 00:42:51.963 18789 18789 I Finsky  : [1] xmu.a(8): SCH: Jobs in database: 1-1337 3-181 3-182 24-77777777 26-1414141414 
08-04 00:42:51.966 18789 18789 I Finsky  : [1] xio.a(57): SCH: ConstraintMapping: 24-77777777,  -> L: 0ms, D: 73628873ms, C: false, I: true, N: 0
08-04 00:42:51.967 18789 18789 I Finsky  : [1] xio.a(57): SCH: ConstraintMapping: 1-1337,  -> L: 15438104ms, D: 33780944ms, C: false, I: false, N: 1
08-04 00:42:51.967 18789 18789 I Finsky  : [1] xio.a(57): SCH: ConstraintMapping: 3-181,  -> L: 0ms, D: 65037249ms, C: false, I: true, N: 2
08-04 00:42:51.968 18789 18789 I Finsky  : [1] xio.a(57): SCH: ConstraintMapping: 3-182,  -> L: 0ms, D: 65037322ms, C: true, I: true, N: 2
08-04 00:42:51.968 18789 18789 I Finsky  : [1] xio.a(57): SCH: ConstraintMapping: 26-1414141414,  -> L: 37858498ms, D: 38758498ms, C: false, I: false, N: 0
08-04 00:42:52.008 18789 18789 I Finsky  : [1] xle.a(34): Cancelling existing jobscheduler jobs: 9010 9018 9000 9009 9019 9005 9012 9006 
08-04 00:42:52.008 18789 18789 I Finsky  : [1] xle.a(10): Throttling wakeup for job 9001 (expected to run in 0 ms) due to recent wakeup
08-04 00:42:52.013 18789 18789 I Finsky  : [1] xle.a(27): Scheduling job Id: 9001, L: 30000, D: 73628873, C: false, I: true, N: 0
08-04 00:42:52.017 18789 18789 I Finsky  : [1] xle.a(27): Scheduling job Id: 9002, L: 15438104, D: 33780944, C: false, I: false, N: 1
08-04 00:42:52.018 18789 18789 I Finsky  : [1] xle.a(10): Throttling wakeup for job 9003 (expected to run in 0 ms) due to recent wakeup
08-04 00:42:52.019 18789 18789 I Finsky  : [1] xle.a(27): Scheduling job Id: 9003, L: 30000, D: 65037249, C: false, I: true, N: 2
08-04 00:42:52.022 18789 18789 I Finsky  : [1] xle.a(10): Throttling wakeup for job 9007 (expected to run in 0 ms) due to recent wakeup
08-04 00:42:52.022 18789 18789 I Finsky  : [1] xle.a(27): Scheduling job Id: 9007, L: 30000, D: 65037322, C: true, I: true, N: 2
08-04 00:42:52.026 18789 18789 I Finsky  : [1] xle.a(27): Scheduling job Id: 9008, L: 37858498, D: 38758498, C: false, I: false, N: 0
08-04 00:42:52.028 18789 18789 I Finsky  : [1] xle.a(10): Throttling wakeup for job 9011 (expected to run in 0 ms) due to recent wakeup
08-04 00:42:52.028 18789 18789 I Finsky  : [1] xle.a(27): Scheduling job Id: 9011, L: 30000, D: 73628873, C: false, I: true, N: 0
08-04 00:42:52.029 18789 18789 I Finsky  : [1] xle.a(27): Scheduling job Id: 9013, L: 15438104, D: 33780944, C: false, I: false, N: 1
08-04 00:42:52.031 18789 18789 I Finsky  : [1] xle.a(10): Throttling wakeup for job 9014 (expected to run in 0 ms) due to recent wakeup
08-04 00:42:52.031 18789 18789 I Finsky  : [1] xle.a(27): Scheduling job Id: 9014, L: 30000, D: 65037249, C: false, I: true, N: 2
08-04 00:42:52.034 18789 18789 I Finsky  : [1] xle.a(10): Throttling wakeup for job 9015 (expected to run in 0 ms) due to recent wakeup
08-04 00:42:52.035 18789 18789 I Finsky  : [1] xle.a(27): Scheduling job Id: 9015, L: 30000, D: 65037322, C: true, I: true, N: 2
08-04 00:42:52.036 18789 18789 I Finsky  : [1] xle.a(27): Scheduling job Id: 9016, L: 37858498, D: 38758498, C: false, I: false, N: 0
08-04 00:42:52.068 31233 31257 I art     : Starting a blocking GC Explicit
08-04 00:42:52.094 31233 31257 I art     : Explicit concurrent mark sweep GC freed 3301(333KB) AllocSpace objects, 4(176KB) LOS objects, 39% free, 24MB/40MB, paused 266us total 25.472ms
08-04 00:42:52.107 31233 31257 I art     : Starting a blocking GC Explicit
08-04 00:42:52.133 31233 31257 I art     : Explicit concurrent mark sweep GC freed 275(13KB) AllocSpace objects, 0(0B) LOS objects, 39% free, 24MB/40MB, paused 298us total 25.908ms
08-04 00:42:52.146 31233 31257 I art     : Starting a blocking GC Explicit
08-04 00:42:52.172 31233 31257 I art     : Explicit concurrent mark sweep GC freed 3(96B) AllocSpace objects, 0(0B) LOS objects, 39% free, 24MB/40MB, paused 245us total 25.831ms
08-04 00:42:52.185 31233 31257 I art     : Starting a blocking GC Explicit
08-04 00:42:52.212 31233 31257 I art     : Explicit concurrent mark sweep GC freed 3(96B) AllocSpace objects, 0(0B) LOS objects, 39% free, 24MB/40MB, paused 266us total 26.771ms
08-04 00:42:52.225 31233 31257 I art     : Starting a blocking GC Explicit
08-04 00:42:52.249 31233 31257 I art     : Explicit concurrent mark sweep GC freed 3(96B) AllocSpace objects, 0(0B) LOS objects, 39% free, 24MB/40MB, paused 300us total 23.961ms
08-04 00:42:52.271 31233 31817 D OK      : calling: https://oauth.reddit.com/r/askscience/hot/.json
08-04 00:42:52.513 31233 31817 I NAPPA_EXPERIMENTATION: MetricNetworkRequestExecutionTime: REQUEST_DURATION_SYSTEM='241',REQUEST_DURATION_OKHTTP='239',REQUEST_SYNCHRONOUS='TRUE',RESPONSE_CODE='200',RESPONSE_METHOD='GET',RESPONSE_LENGTH_OKHTTP='-1',RESPONSE_LENGTH_HEADER='21282',REQUEST_PROTOCOL='h2',REQUEST_URL='https://oauth.reddit.com/r/askscience/hot/.json',
08-04 00:42:52.513 31233 31817 D OK      : request got status: 200
08-04 00:42:52.521 31233 31257 I art     : Starting a blocking GC Explicit
08-04 00:42:52.527 31233 31805 I PostListingFragment: Precaching images: OFF
08-04 00:42:52.528 31233 31805 I PostListingFragment: Precaching comments: OFF
08-04 00:42:52.551 31233 31257 I art     : Explicit concurrent mark sweep GC freed 2281(211KB) AllocSpace objects, 1(20KB) LOS objects, 39% free, 24MB/40MB, paused 1.498ms total 30.445ms
08-04 00:42:52.565 31233 31257 I art     : Starting a blocking GC Explicit
08-04 00:42:52.594 31233 31257 I art     : Explicit concurrent mark sweep GC freed 2176(138KB) AllocSpace objects, 0(0B) LOS objects, 39% free, 24MB/40MB, paused 575us total 28.757ms
08-04 00:42:52.606 31233 31257 I art     : Starting a blocking GC Explicit
08-04 00:42:52.635 31233 31257 I art     : Explicit concurrent mark sweep GC freed 2481(129KB) AllocSpace objects, 1(68KB) LOS objects, 39% free, 24MB/40MB, paused 321us total 29.154ms
08-04 00:42:52.648 31233 31257 I art     : Starting a blocking GC Explicit
08-04 00:42:52.676 31233 31257 I art     : Explicit concurrent mark sweep GC freed 2952(133KB) AllocSpace objects, 1(68KB) LOS objects, 39% free, 24MB/40MB, paused 397us total 28.440ms
08-04 00:42:52.689 31233 31257 I art     : Starting a blocking GC Explicit
08-04 00:42:52.719 31233 31257 I art     : Explicit concurrent mark sweep GC freed 3361(123KB) AllocSpace objects, 0(0B) LOS objects, 39% free, 24MB/40MB, paused 299us total 30.117ms
08-04 00:42:53.014 31233 31257 I art     : Starting a blocking GC Explicit
08-04 00:42:53.049 31233 31257 I art     : Explicit concurrent mark sweep GC freed 25795(1139KB) AllocSpace objects, 1(20KB) LOS objects, 39% free, 24MB/40MB, paused 295us total 34.674ms
08-04 00:42:53.065 31233 31257 I art     : Starting a blocking GC Explicit
08-04 00:42:53.096 31233 31257 I art     : Explicit concurrent mark sweep GC freed 1503(65KB) AllocSpace objects, 0(0B) LOS objects, 39% free, 24MB/40MB, paused 260us total 31.256ms
08-04 00:42:53.109 31233 31257 I art     : Starting a blocking GC Explicit
08-04 00:42:53.136 31233 31257 I art     : Explicit concurrent mark sweep GC freed 9(352B) AllocSpace objects, 0(0B) LOS objects, 39% free, 24MB/40MB, paused 220us total 26.024ms
08-04 00:42:53.148 31233 31257 I art     : Starting a blocking GC Explicit
08-04 00:42:53.176 31233 31257 I art     : Explicit concurrent mark sweep GC freed 39(1360B) AllocSpace objects, 0(0B) LOS objects, 39% free, 24MB/40MB, paused 249us total 27.501ms
08-04 00:42:53.189 31233 31257 I art     : Starting a blocking GC Explicit
08-04 00:42:53.214   918  3261 D WifiStateMachine: starting scan for "H369AA63323"WPA_PSK with 2412,5180
08-04 00:42:53.218 31233 31257 I art     : Explicit concurrent mark sweep GC freed 32(1344B) AllocSpace objects, 0(0B) LOS objects, 39% free, 24MB/40MB, paused 246us total 28.523ms
08-04 00:42:53.321   918  3188 I hubconnection: sensorhub said: 'set_bias 3: -14.4000, 0.0000, 0.0000'
08-04 00:42:53.486 31233 31244 I art     : Starting a blocking GC Explicit
08-04 00:42:53.520 31233 31244 I art     : Explicit concurrent mark sweep GC freed 1629(93KB) AllocSpace objects, 1(20KB) LOS objects, 39% free, 24MB/40MB, paused 278us total 33.780ms
08-04 00:42:53.536 31233 31244 I art     : Starting a blocking GC Explicit
08-04 00:42:53.566 31233 31244 I art     : Explicit concurrent mark sweep GC freed 83(4KB) AllocSpace objects, 0(0B) LOS objects, 39% free, 24MB/40MB, paused 240us total 29.607ms
08-04 00:42:53.580 31233 31244 I art     : Starting a blocking GC Explicit
08-04 00:42:53.609 31233 31244 I art     : Explicit concurrent mark sweep GC freed 3(96B) AllocSpace objects, 0(0B) LOS objects, 39% free, 24MB/40MB, paused 289us total 29.530ms
08-04 00:42:53.623 31233 31244 I art     : Starting a blocking GC Explicit
08-04 00:42:53.653 31233 31244 I art     : Explicit concurrent mark sweep GC freed 3(96B) AllocSpace objects, 0(0B) LOS objects, 39% free, 24MB/40MB, paused 246us total 30.262ms
08-04 00:42:53.667 31233 31244 I art     : Starting a blocking GC Explicit
08-04 00:42:53.697 31233 31244 I art     : Explicit concurrent mark sweep GC freed 3(96B) AllocSpace objects, 0(0B) LOS objects, 39% free, 24MB/40MB, paused 263us total 30.463ms
08-04 00:42:54.009 31233 31257 I art     : Starting a blocking GC Explicit
08-04 00:42:54.046 31233 31257 I art     : Explicit concurrent mark sweep GC freed 1346(78KB) AllocSpace objects, 1(20KB) LOS objects, 39% free, 24MB/40MB, paused 263us total 36.166ms
08-04 00:42:54.060 31233 31257 I art     : Starting a blocking GC Explicit
08-04 00:42:54.090 31233 31257 I art     : Explicit concurrent mark sweep GC freed 20(704B) AllocSpace objects, 0(0B) LOS objects, 39% free, 24MB/40MB, paused 252us total 30.486ms
08-04 00:42:54.104 31233 31257 I art     : Starting a blocking GC Explicit
08-04 00:42:54.135 31233 31257 I art     : Explicit concurrent mark sweep GC freed 3(96B) AllocSpace objects, 0(0B) LOS objects, 39% free, 24MB/40MB, paused 252us total 30.477ms
08-04 00:42:54.148 31233 31257 I art     : Starting a blocking GC Explicit
08-04 00:42:54.163 26997 26997 I ServiceManager: Waiting for service AtCmdFwd...
08-04 00:42:54.179 31233 31257 I art     : Explicit concurrent mark sweep GC freed 3(96B) AllocSpace objects, 0(0B) LOS objects, 39% free, 24MB/40MB, paused 246us total 30.375ms
08-04 00:42:54.193 31233 31257 I art     : Starting a blocking GC Explicit
08-04 00:42:54.223 31233 31257 I art     : Explicit concurrent mark sweep GC freed 3(96B) AllocSpace objects, 0(0B) LOS objects, 39% free, 24MB/40MB, paused 300us total 30.319ms
08-04 00:42:54.551 31233 31245 I art     : Starting a blocking GC Explicit
08-04 00:42:54.593 31233 31245 I art     : Explicit concurrent mark sweep GC freed 1343(78KB) AllocSpace objects, 1(20KB) LOS objects, 39% free, 24MB/40MB, paused 298us total 41.025ms
08-04 00:42:54.610 31233 31245 I art     : Starting a blocking GC Explicit
08-04 00:42:54.641 31233 31245 I art     : Explicit concurrent mark sweep GC freed 20(704B) AllocSpace objects, 0(0B) LOS objects, 39% free, 24MB/40MB, paused 271us total 30.378ms
08-04 00:42:54.654 31233 31245 I art     : Starting a blocking GC Explicit
08-04 00:42:54.684 31233 31245 I art     : Explicit concurrent mark sweep GC freed 3(96B) AllocSpace objects, 0(0B) LOS objects, 39% free, 24MB/40MB, paused 250us total 29.643ms
08-04 00:42:54.698 31233 31245 I art     : Starting a blocking GC Explicit
08-04 00:42:54.728 31233 31245 I art     : Explicit concurrent mark sweep GC freed 3(96B) AllocSpace objects, 0(0B) LOS objects, 39% free, 24MB/40MB, paused 266us total 30.281ms
08-04 00:42:54.729 31233 31243 I art     : WaitForGcToComplete blocked for 30.571ms for cause HeapTrim
08-04 00:42:54.742 31233 31245 I art     : Starting a blocking GC Explicit
08-04 00:42:54.771 31233 31245 I art     : Explicit concurrent mark sweep GC freed 3(96B) AllocSpace objects, 0(0B) LOS objects, 39% free, 24MB/40MB, paused 262us total 29.295ms
08-04 00:42:55.079 31233 31540 I art     : Starting a blocking GC Explicit
08-04 00:42:55.118 31233 31540 I art     : Explicit concurrent mark sweep GC freed 1343(78KB) AllocSpace objects, 1(20KB) LOS objects, 39% free, 24MB/40MB, paused 393us total 38.360ms
08-04 00:42:55.134 31233 31540 I art     : Starting a blocking GC Explicit
08-04 00:42:55.164 26997 26997 I ServiceManager: Waiting for service AtCmdFwd...
08-04 00:42:55.164 31233 31540 I art     : Explicit concurrent mark sweep GC freed 20(704B) AllocSpace objects, 0(0B) LOS objects, 39% free, 24MB/40MB, paused 259us total 30.276ms
08-04 00:42:55.178 31233 31540 I art     : Starting a blocking GC Explicit
08-04 00:42:55.208 31233 31540 I art     : Explicit concurrent mark sweep GC freed 3(96B) AllocSpace objects, 0(0B) LOS objects, 39% free, 24MB/40MB, paused 269us total 30.218ms
08-04 00:42:55.222 31233 31540 I art     : Starting a blocking GC Explicit
08-04 00:42:55.252 31233 31540 I art     : Explicit concurrent mark sweep GC freed 3(96B) AllocSpace objects, 0(0B) LOS objects, 39% free, 24MB/40MB, paused 263us total 29.697ms
08-04 00:42:55.265 31233 31540 I art     : Starting a blocking GC Explicit
08-04 00:42:55.296 31233 31540 I art     : Explicit concurrent mark sweep GC freed 3(96B) AllocSpace objects, 0(0B) LOS objects, 39% free, 24MB/40MB, paused 262us total 30.370ms
08-04 00:42:55.604 31233 31244 I art     : Starting a blocking GC Explicit
08-04 00:42:55.643 31233 31244 I art     : Explicit concurrent mark sweep GC freed 1347(78KB) AllocSpace objects, 1(20KB) LOS objects, 39% free, 24MB/40MB, paused 274us total 38.246ms
08-04 00:42:55.660 31233 31244 I art     : Starting a blocking GC Explicit
08-04 00:42:55.690 31233 31244 I art     : Explicit concurrent mark sweep GC freed 20(704B) AllocSpace objects, 0(0B) LOS objects, 39% free, 24MB/40MB, paused 245us total 30.088ms
08-04 00:42:55.704 31233 31244 I art     : Starting a blocking GC Explicit
08-04 00:42:55.734 31233 31244 I art     : Explicit concurrent mark sweep GC freed 3(96B) AllocSpace objects, 0(0B) LOS objects, 39% free, 24MB/40MB, paused 248us total 29.637ms
08-04 00:42:55.747 31233 31244 I art     : Starting a blocking GC Explicit
08-04 00:42:55.778 31233 31244 I art     : Explicit concurrent mark sweep GC freed 3(96B) AllocSpace objects, 0(0B) LOS objects, 39% free, 24MB/40MB, paused 231us total 30.256ms
08-04 00:42:55.791 31233 31244 I art     : Starting a blocking GC Explicit
08-04 00:42:55.822 31233 31244 I art     : Explicit concurrent mark sweep GC freed 3(96B) AllocSpace objects, 0(0B) LOS objects, 39% free, 24MB/40MB, paused 271us total 30.381ms
08-04 00:42:56.130 31233 31257 I art     : Starting a blocking GC Explicit
08-04 00:42:56.165 26997 26997 I ServiceManager: Waiting for service AtCmdFwd...
08-04 00:42:56.165 31233 31257 I art     : Explicit concurrent mark sweep GC freed 1344(78KB) AllocSpace objects, 1(20KB) LOS objects, 39% free, 24MB/40MB, paused 249us total 34.886ms
08-04 00:42:56.179 31233 31257 I art     : Starting a blocking GC Explicit
08-04 00:42:56.207 31233 31257 I art     : Explicit concurrent mark sweep GC freed 20(704B) AllocSpace objects, 0(0B) LOS objects, 39% free, 24MB/40MB, paused 248us total 28.429ms
08-04 00:42:56.220 31233 31257 I art     : Starting a blocking GC Explicit
08-04 00:42:56.249 31233 31257 I art     : Explicit concurrent mark sweep GC freed 3(96B) AllocSpace objects, 0(0B) LOS objects, 39% free, 24MB/40MB, paused 247us total 27.876ms
08-04 00:42:56.262 31233 31257 I art     : Starting a blocking GC Explicit
08-04 00:42:56.290 31233 31257 I art     : Explicit concurrent mark sweep GC freed 3(96B) AllocSpace objects, 0(0B) LOS objects, 39% free, 24MB/40MB, paused 239us total 28.094ms
08-04 00:42:56.303 31233 31257 I art     : Starting a blocking GC Explicit
08-04 00:42:56.331 31233 31257 I art     : Explicit concurrent mark sweep GC freed 3(96B) AllocSpace objects, 0(0B) LOS objects, 39% free, 24MB/40MB, paused 239us total 28.247ms
08-04 00:42:56.607 31899 31899 D AndroidRuntime: >>>>>> START com.android.internal.os.RuntimeInit uid 2000 <<<<<<
08-04 00:42:56.612 31899 31899 D AndroidRuntime: CheckJNI is OFF
08-04 00:42:56.627 31233 31245 I art     : Starting a blocking GC Explicit
08-04 00:42:56.648 31899 31899 D ICU     : No timezone override file found: /data/misc/zoneinfo/current/icu/icu_tzdata.dat
08-04 00:42:56.657 31233 31245 I art     : Explicit concurrent mark sweep GC freed 1343(78KB) AllocSpace objects, 1(20KB) LOS objects, 39% free, 24MB/40MB, paused 285us total 29.736ms
08-04 00:42:56.671 31233 31245 I art     : Starting a blocking GC Explicit
08-04 00:42:56.683 31899 31899 I Radio-JNI: register_android_hardware_Radio DONE
08-04 00:42:56.697 31233 31245 I art     : Explicit concurrent mark sweep GC freed 20(704B) AllocSpace objects, 0(0B) LOS objects, 39% free, 24MB/40MB, paused 247us total 26.378ms
08-04 00:42:56.705 31899 31899 D AndroidRuntime: Calling main entry com.android.commands.input.Input
08-04 00:42:56.707 31899 31899 I Input   : injectMotionEvent: MotionEvent { action=ACTION_DOWN, actionButton=0, id[0]=0, x[0]=600.0, y[0]=700.0, toolType[0]=TOOL_TYPE_UNKNOWN, buttonState=0, metaState=0, flags=0x0, edgeFlags=0x0, pointerCount=1, historySize=0, eventTime=664993120, downTime=664993120, deviceId=0, source=0x1002 }
08-04 00:42:56.710 31233 31245 I art     : Starting a blocking GC Explicit
08-04 00:42:56.715 31899 31899 I Input   : injectMotionEvent: MotionEvent { action=ACTION_UP, actionButton=0, id[0]=0, x[0]=600.0, y[0]=700.0, toolType[0]=TOOL_TYPE_UNKNOWN, buttonState=0, metaState=0, flags=0x0, edgeFlags=0x0, pointerCount=1, historySize=0, eventTime=664993120, downTime=664993120, deviceId=0, source=0x1002 }
08-04 00:42:56.716 31233 31233 I RRChoreographer: Using modern Choreographer
08-04 00:42:56.717 31899 31899 D AndroidRuntime: Shutting down VM
08-04 00:42:56.726   512  2967 D audio_hw_primary: out_set_parameters: enter: usecase(1: low-latency-playback) kvpairs: routing=2
08-04 00:42:56.728   918  3670 I ActivityManager: START u0 {dat=https://oauth.reddit.com/... cmp=baseline.org.quantumbadger.redreader/.activities.CommentListingActivity} from uid 10666 on display 0
08-04 00:42:56.737 31233 31245 I art     : Explicit concurrent mark sweep GC freed 251(16KB) AllocSpace objects, 0(0B) LOS objects, 39% free, 24MB/40MB, paused 683us total 27.549ms
08-04 00:42:56.740   512  2967 D audio_hw_primary: select_devices: out_snd_device(2: speaker) in_snd_device(0: none)
08-04 00:42:56.741   512  2967 D msm8974_platform: platform_send_audio_calibration: sending audio calibration for snd_device(2) acdb_id(15)
08-04 00:42:56.741   512  2967 I soundtrigger: audio_extn_sound_trigger_update_device_status: device 0x2 of type 0 for Event 1
08-04 00:42:56.751   512  2967 D audio_hw_primary: enable_snd_device: snd_device(2: speaker)
08-04 00:42:56.751 31233 31245 I art     : Starting a blocking GC Explicit
08-04 00:42:56.754   512  2967 D audio_hw_primary: enable_audio_route: apply and update mixer path: low-latency-playback speaker
08-04 00:42:56.758 31233 31233 I AppCompatViewInflater: app:theme is now deprecated. Please move to using android:theme instead.
08-04 00:42:56.777 31233 31925 D OK      : calling: https://oauth.reddit.com/comments/gvc7k9/.json?sort=confidence
08-04 00:42:56.779 31233 31245 I art     : Explicit concurrent mark sweep GC freed 1840(125KB) AllocSpace objects, 0(0B) LOS objects, 39% free, 24MB/40MB, paused 538us total 27.290ms
08-04 00:42:56.792 31233 31245 I art     : Starting a blocking GC Explicit
08-04 00:42:56.817 31233 31245 I art     : Explicit concurrent mark sweep GC freed 397(38KB) AllocSpace objects, 0(0B) LOS objects, 39% free, 24MB/40MB, paused 316us total 24.693ms
08-04 00:42:56.854   918   936 I ActivityManager: Displayed baseline.org.quantumbadger.redreader/.activities.CommentListingActivity: +115ms
08-04 00:42:56.854 13866 13866 I GoogleInputMethodServic: GoogleInputMethodService.onFinishInput():3138 
08-04 00:42:56.855 13866 13866 I GoogleInputMethodServic: GoogleInputMethodService.onStartInput():1808 
08-04 00:42:57.031 31233 31925 I NAPPA_EXPERIMENTATION: MetricNetworkRequestExecutionTime: REQUEST_DURATION_SYSTEM='253',REQUEST_DURATION_OKHTTP='243',REQUEST_SYNCHRONOUS='TRUE',RESPONSE_CODE='200',RESPONSE_METHOD='GET',RESPONSE_LENGTH_OKHTTP='-1',RESPONSE_LENGTH_HEADER='90132',REQUEST_PROTOCOL='h2',REQUEST_URL='https://oauth.reddit.com/comments/gvc7k9/.json?sort=confidence',
08-04 00:42:57.031 31233 31925 D OK      : request got status: 200
08-04 00:42:57.038 31233 31805 I CommentListingActivity: COMMENTS session changed to c7f70e4c-f013-444f-b83a-497b5aa5ca1e
08-04 00:42:57.081 31233 31540 I art     : Starting a blocking GC Explicit
08-04 00:42:57.092   380   380 W SurfaceFlinger: couldn't log to binary event log: overflow.
08-04 00:42:57.119 31233 31540 I art     : Explicit concurrent mark sweep GC freed 11895(864KB) AllocSpace objects, 3(56KB) LOS objects, 37% free, 26MB/42MB, paused 1.154ms total 37.685ms
08-04 00:42:57.133 31233 31540 I art     : Starting a blocking GC Explicit
08-04 00:42:57.165 26997 26997 I ServiceManager: Waiting for service AtCmdFwd...
08-04 00:42:57.169 31233 31540 I art     : Explicit concurrent mark sweep GC freed 7054(494KB) AllocSpace objects, 0(0B) LOS objects, 37% free, 27MB/43MB, paused 578us total 35.207ms
08-04 00:42:57.182 31233 31540 I art     : Starting a blocking GC Explicit
08-04 00:42:57.220 31233 31540 I art     : Explicit concurrent mark sweep GC freed 8320(585KB) AllocSpace objects, 0(0B) LOS objects, 36% free, 27MB/43MB, paused 567us total 38.519ms
08-04 00:42:57.234 31233 31540 I art     : Starting a blocking GC Explicit
08-04 00:42:57.282 31233 31540 I art     : Explicit concurrent mark sweep GC freed 10507(678KB) AllocSpace objects, 1(16KB) LOS objects, 36% free, 28MB/44MB, paused 845us total 47.401ms
08-04 00:42:57.290   512  2967 D audio_hw_primary: disable_audio_route: reset and update mixer path: low-latency-playback speaker
08-04 00:42:57.292   512  2967 D audio_hw_primary: disable_snd_device: snd_device(2: speaker)
08-04 00:42:57.296 31233 31540 I art     : Starting a blocking GC Explicit
08-04 00:42:57.300   512  2967 I soundtrigger: audio_extn_sound_trigger_update_device_status: device 0x2 of type 0 for Event 0
08-04 00:42:57.339 31233 31540 I art     : Explicit concurrent mark sweep GC freed 6865(489KB) AllocSpace objects, 0(0B) LOS objects, 35% free, 28MB/44MB, paused 409us total 42.716ms
08-04 00:42:57.627 31233 31244 I art     : Starting a blocking GC Explicit
08-04 00:42:57.677 31233 31244 I art     : Explicit concurrent mark sweep GC freed 20751(1005KB) AllocSpace objects, 3(156KB) LOS objects, 36% free, 27MB/43MB, paused 234us total 50.255ms
08-04 00:42:57.695 31233 31244 I art     : Starting a blocking GC Explicit
08-04 00:42:57.735 31233 31244 I art     : Explicit concurrent mark sweep GC freed 35(1360B) AllocSpace objects, 0(0B) LOS objects, 36% free, 27MB/43MB, paused 246us total 40.288ms
08-04 00:42:57.749 31233 31244 I art     : Starting a blocking GC Explicit
08-04 00:42:57.791 31233 31244 I art     : Explicit concurrent mark sweep GC freed 3(96B) AllocSpace objects, 0(0B) LOS objects, 36% free, 27MB/43MB, paused 227us total 41.545ms
08-04 00:42:57.807 31233 31244 I art     : Starting a blocking GC Explicit
08-04 00:42:57.851 31233 31244 I art     : Explicit concurrent mark sweep GC freed 3(96B) AllocSpace objects, 0(0B) LOS objects, 36% free, 27MB/43MB, paused 259us total 43.914ms
08-04 00:42:57.867 31233 31244 I art     : Starting a blocking GC Explicit
08-04 00:42:57.908 31233 31244 I art     : Explicit concurrent mark sweep GC freed 3(96B) AllocSpace objects, 0(0B) LOS objects, 36% free, 27MB/43MB, paused 230us total 40.716ms
08-04 00:42:58.166 26997 26997 I ServiceManager: Waiting for service AtCmdFwd...
08-04 00:42:58.186 31233 31245 I art     : Starting a blocking GC Explicit
08-04 00:42:58.230 31233 31245 I art     : Explicit concurrent mark sweep GC freed 1389(80KB) AllocSpace objects, 1(20KB) LOS objects, 36% free, 27MB/43MB, paused 262us total 43.944ms
08-04 00:42:58.245 31233 31245 I art     : Starting a blocking GC Explicit
08-04 00:42:58.290 31233 31245 I art     : Explicit concurrent mark sweep GC freed 20(704B) AllocSpace objects, 0(0B) LOS objects, 36% free, 27MB/43MB, paused 237us total 44.488ms
08-04 00:42:58.306 31233 31245 I art     : Starting a blocking GC Explicit
08-04 00:42:58.349 31233 31245 I art     : Explicit concurrent mark sweep GC freed 3(96B) AllocSpace objects, 0(0B) LOS objects, 36% free, 27MB/43MB, paused 259us total 43.588ms
08-04 00:42:58.364 31233 31245 I art     : Starting a blocking GC Explicit
08-04 00:42:58.408 31233 31245 I art     : Explicit concurrent mark sweep GC freed 3(96B) AllocSpace objects, 0(0B) LOS objects, 36% free, 27MB/43MB, paused 244us total 43.331ms
08-04 00:42:58.423 31233 31245 I art     : Starting a blocking GC Explicit
08-04 00:42:58.468 31233 31245 I art     : Explicit concurrent mark sweep GC freed 3(96B) AllocSpace objects, 0(0B) LOS objects, 36% free, 27MB/43MB, paused 256us total 45.102ms
08-04 00:42:58.784 31233 31540 I art     : Starting a blocking GC Explicit
08-04 00:42:58.833 31233 31540 I art     : Explicit concurrent mark sweep GC freed 1343(78KB) AllocSpace objects, 1(20KB) LOS objects, 36% free, 27MB/43MB, paused 272us total 48.428ms
08-04 00:42:58.848 31233 31540 I art     : Starting a blocking GC Explicit
08-04 00:42:58.893 31233 31540 I art     : Explicit concurrent mark sweep GC freed 20(704B) AllocSpace objects, 0(0B) LOS objects, 36% free, 27MB/43MB, paused 266us total 44.894ms
08-04 00:42:58.908 31233 31540 I art     : Starting a blocking GC Explicit
08-04 00:42:58.951 31233 31540 I art     : Explicit concurrent mark sweep GC freed 3(96B) AllocSpace objects, 0(0B) LOS objects, 36% free, 27MB/43MB, paused 258us total 42.637ms
08-04 00:42:58.966 31233 31540 I art     : Starting a blocking GC Explicit
08-04 00:42:59.011 31233 31540 I art     : Explicit concurrent mark sweep GC freed 3(96B) AllocSpace objects, 0(0B) LOS objects, 36% free, 27MB/43MB, paused 259us total 44.681ms
08-04 00:42:59.027 31233 31540 I art     : Starting a blocking GC Explicit
08-04 00:42:59.069 31233 31540 I art     : Explicit concurrent mark sweep GC freed 3(96B) AllocSpace objects, 0(0B) LOS objects, 36% free, 27MB/43MB, paused 255us total 42.176ms
08-04 00:42:59.166 26997 26997 W Atfwd_Sendcmd: AtCmdFwd service not published, waiting... retryCnt : 5
08-04 00:42:59.373 31233 31257 I art     : Starting a blocking GC Explicit
08-04 00:42:59.424 31233 31257 I art     : Explicit concurrent mark sweep GC freed 1343(78KB) AllocSpace objects, 1(20KB) LOS objects, 36% free, 27MB/43MB, paused 257us total 50.938ms
08-04 00:42:59.440 31233 31257 I art     : Starting a blocking GC Explicit
08-04 00:42:59.482 31233 31257 I art     : Explicit concurrent mark sweep GC freed 20(704B) AllocSpace objects, 0(0B) LOS objects, 36% free, 27MB/43MB, paused 245us total 41.865ms
08-04 00:42:59.497 31233 31257 I art     : Starting a blocking GC Explicit
08-04 00:42:59.541 31233 31257 I art     : Explicit concurrent mark sweep GC freed 3(96B) AllocSpace objects, 0(0B) LOS objects, 36% free, 27MB/43MB, paused 287us total 43.961ms
08-04 00:42:59.557 31233 31257 I art     : Starting a blocking GC Explicit
08-04 00:42:59.601 31233 31257 I art     : Explicit concurrent mark sweep GC freed 3(96B) AllocSpace objects, 0(0B) LOS objects, 36% free, 27MB/43MB, paused 252us total 44.637ms
08-04 00:42:59.617 31233 31257 I art     : Starting a blocking GC Explicit
08-04 00:42:59.661 31233 31257 I art     : Explicit concurrent mark sweep GC freed 3(96B) AllocSpace objects, 0(0B) LOS objects, 36% free, 27MB/43MB, paused 249us total 43.910ms
08-04 00:42:59.962 31233 31244 I art     : Starting a blocking GC Explicit
08-04 00:43:00.019 31233 31244 I art     : Explicit concurrent mark sweep GC freed 1344(79KB) AllocSpace objects, 1(20KB) LOS objects, 36% free, 27MB/43MB, paused 254us total 56.432ms
08-04 00:43:00.035 31233 31244 I art     : Starting a blocking GC Explicit
08-04 00:43:00.073 31233 31244 I art     : Explicit concurrent mark sweep GC freed 20(704B) AllocSpace objects, 0(0B) LOS objects, 36% free, 27MB/43MB, paused 231us total 37.929ms
08-04 00:43:00.087 31233 31244 I art     : Starting a blocking GC Explicit
08-04 00:43:00.124 31233 31244 I art     : Explicit concurrent mark sweep GC freed 3(96B) AllocSpace objects, 0(0B) LOS objects, 36% free, 27MB/43MB, paused 243us total 36.751ms
08-04 00:43:00.139 31233 31244 I art     : Starting a blocking GC Explicit
08-04 00:43:00.179 31233 31244 I art     : Explicit concurrent mark sweep GC freed 3(96B) AllocSpace objects, 0(0B) LOS objects, 36% free, 27MB/43MB, paused 245us total 40.546ms
08-04 00:43:00.194 31233 31244 I art     : Starting a blocking GC Explicit
08-04 00:43:00.238 31233 31244 I art     : Explicit concurrent mark sweep GC freed 3(96B) AllocSpace objects, 0(0B) LOS objects, 36% free, 27MB/43MB, paused 251us total 43.490ms
08-04 00:43:00.561 31233 31245 I art     : Starting a blocking GC Explicit
08-04 00:43:00.617 31233 31245 I art     : Explicit concurrent mark sweep GC freed 1347(79KB) AllocSpace objects, 1(20KB) LOS objects, 36% free, 27MB/43MB, paused 301us total 55.642ms
08-04 00:43:00.634 31233 31245 I art     : Starting a blocking GC Explicit
08-04 00:43:00.679 31233 31245 I art     : Explicit concurrent mark sweep GC freed 20(704B) AllocSpace objects, 0(0B) LOS objects, 36% free, 27MB/43MB, paused 262us total 44.676ms
08-04 00:43:00.695 31233 31245 I art     : Starting a blocking GC Explicit
08-04 00:43:00.740 31233 31245 I art     : Explicit concurrent mark sweep GC freed 3(96B) AllocSpace objects, 0(0B) LOS objects, 36% free, 27MB/43MB, paused 273us total 44.674ms
08-04 00:43:00.755 31233 31245 I art     : Starting a blocking GC Explicit
08-04 00:43:00.799 31233 31245 I art     : Explicit concurrent mark sweep GC freed 3(96B) AllocSpace objects, 0(0B) LOS objects, 36% free, 27MB/43MB, paused 261us total 44.057ms
08-04 00:43:00.814 31233 31245 I art     : Starting a blocking GC Explicit
08-04 00:43:00.859 31233 31245 I art     : Explicit concurrent mark sweep GC freed 3(96B) AllocSpace objects, 0(0B) LOS objects, 36% free, 27MB/43MB, paused 247us total 44.549ms
08-04 00:43:01.122 31233 31540 I art     : Starting a blocking GC Explicit
08-04 00:43:01.166 31233 31540 I art     : Explicit concurrent mark sweep GC freed 1344(78KB) AllocSpace objects, 1(20KB) LOS objects, 36% free, 27MB/43MB, paused 260us total 43.472ms
08-04 00:43:01.182 31233 31540 I art     : Starting a blocking GC Explicit
08-04 00:43:01.223 31233 31540 I art     : Explicit concurrent mark sweep GC freed 20(704B) AllocSpace objects, 0(0B) LOS objects, 36% free, 27MB/43MB, paused 266us total 41.173ms
08-04 00:43:01.238 31233 31540 I art     : Starting a blocking GC Explicit
08-04 00:43:01.281 31233 31540 I art     : Explicit concurrent mark sweep GC freed 3(96B) AllocSpace objects, 0(0B) LOS objects, 36% free, 27MB/43MB, paused 245us total 42.309ms
08-04 00:43:01.295 31233 31540 I art     : Starting a blocking GC Explicit
08-04 00:43:01.338 31233 31540 I art     : Explicit concurrent mark sweep GC freed 3(96B) AllocSpace objects, 0(0B) LOS objects, 36% free, 27MB/43MB, paused 259us total 42.146ms
08-04 00:43:01.353 31233 31540 I art     : Starting a blocking GC Explicit
08-04 00:43:01.394 31233 31540 I art     : Explicit concurrent mark sweep GC freed 3(96B) AllocSpace objects, 0(0B) LOS objects, 36% free, 27MB/43MB, paused 256us total 41.561ms
08-04 00:43:01.399 31997 31997 D AndroidRuntime: >>>>>> START com.android.internal.os.RuntimeInit uid 2000 <<<<<<
08-04 00:43:01.405 31997 31997 D AndroidRuntime: CheckJNI is OFF
08-04 00:43:01.438 31997 31997 D ICU     : No timezone override file found: /data/misc/zoneinfo/current/icu/icu_tzdata.dat
08-04 00:43:01.471 31997 31997 I Radio-JNI: register_android_hardware_Radio DONE
08-04 00:43:01.493 31997 31997 D AndroidRuntime: Calling main entry com.android.commands.input.Input
08-04 00:43:01.495 31997 31997 I Input   : injectKeyEvent: KeyEvent { action=ACTION_DOWN, keyCode=KEYCODE_BACK, scanCode=0, metaState=0, flags=0x0, repeatCount=0, eventTime=664997908, downTime=664997908, deviceId=-1, source=0x101 }
08-04 00:43:01.501 31997 31997 I Input   : injectKeyEvent: KeyEvent { action=ACTION_UP, keyCode=KEYCODE_BACK, scanCode=0, metaState=0, flags=0x0, repeatCount=0, eventTime=664997908, downTime=664997908, deviceId=-1, source=0x101 }
08-04 00:43:01.507 31997 31997 D AndroidRuntime: Shutting down VM
08-04 00:43:01.554 13866 13866 I GoogleInputMethodServic: GoogleInputMethodService.onFinishInput():3138 
08-04 00:43:01.554 13866 13866 I GoogleInputMethodServic: GoogleInputMethodService.onStartInput():1808 
08-04 00:43:01.639 31233 31245 I art     : Starting a blocking GC Explicit
08-04 00:43:01.681 31233 31245 I art     : Explicit concurrent mark sweep GC freed 1588(87KB) AllocSpace objects, 1(20KB) LOS objects, 36% free, 27MB/43MB, paused 264us total 42.037ms
08-04 00:43:01.698 31233 31245 I art     : Starting a blocking GC Explicit
08-04 00:43:01.699   518   646 I ThermalEngine: ACTION: GPU - Setting GPU[0] to 600000000
08-04 00:43:01.737 31233 31924 I RedditChangeDataIO: Writing tmp data file at '/data/user/0/baseline.org.quantumbadger.redreader/files/rr_change_data_tmp.dat'
08-04 00:43:01.738 31233 31924 I RedditChangeDataManager: Taking snapshot...
08-04 00:43:01.738 31233 31924 I RedditChangeDataManager: Writing to stream...
08-04 00:43:01.738 31233 31924 I RedditChangeDataManager: Wrote 1 entries for user ''
08-04 00:43:01.738 31233 31924 I RedditChangeDataManager: All entries written to stream.
08-04 00:43:01.738 31233 31924 I RedditChangeDataIO: Write successful. Atomically replacing data file...
08-04 00:43:01.738 31233 31924 I RedditChangeDataIO: Write complete.
08-04 00:43:01.738 31233 31924 I RedditChangeDataIO: 38 bytes written in 1 ms
08-04 00:43:01.742 31233 31245 I art     : Explicit concurrent mark sweep GC freed 91(5KB) AllocSpace objects, 1(68KB) LOS objects, 36% free, 27MB/43MB, paused 186us total 44.084ms
08-04 00:43:01.756 31233 31245 I art     : Starting a blocking GC Explicit
08-04 00:43:01.791 31233 31245 I art     : Explicit concurrent mark sweep GC freed 15(992B) AllocSpace objects, 0(0B) LOS objects, 36% free, 27MB/43MB, paused 185us total 34.401ms
08-04 00:43:01.804 31233 31245 I art     : Starting a blocking GC Explicit
08-04 00:43:01.839 31233 31245 I art     : Explicit concurrent mark sweep GC freed 3(96B) AllocSpace objects, 0(0B) LOS objects, 36% free, 27MB/43MB, paused 191us total 34.711ms
08-04 00:43:01.851 31233 31245 I art     : Starting a blocking GC Explicit
08-04 00:43:01.876   380   380 W SurfaceFlinger: couldn't log to binary event log: overflow.
08-04 00:43:01.886 31233 31245 I art     : Explicit concurrent mark sweep GC freed 45(1504B) AllocSpace objects, 0(0B) LOS objects, 36% free, 27MB/43MB, paused 222us total 34.574ms
08-04 00:43:02.158 31233 31540 I art     : Starting a blocking GC Explicit
08-04 00:43:02.208 31233 31540 I art     : Explicit concurrent mark sweep GC freed 1363(79KB) AllocSpace objects, 1(20KB) LOS objects, 36% free, 27MB/43MB, paused 239us total 49.280ms
08-04 00:43:02.226 31233 31540 I art     : Starting a blocking GC Explicit
08-04 00:43:02.254 31233 31540 I art     : Explicit concurrent mark sweep GC freed 46778(2MB) AllocSpace objects, 5(140KB) LOS objects, 39% free, 24MB/40MB, paused 184us total 27.628ms
08-04 00:43:02.265 31233 31540 I art     : Starting a blocking GC Explicit
08-04 00:43:02.289 31233 31540 I art     : Explicit concurrent mark sweep GC freed 3(96B) AllocSpace objects, 0(0B) LOS objects, 39% free, 24MB/40MB, paused 181us total 23.950ms
08-04 00:43:02.299 31233 31540 I art     : Starting a blocking GC Explicit
08-04 00:43:02.323 31233 31540 I art     : Explicit concurrent mark sweep GC freed 3(96B) AllocSpace objects, 0(0B) LOS objects, 39% free, 24MB/40MB, paused 190us total 24.056ms
08-04 00:43:02.333 31233 31540 I art     : Starting a blocking GC Explicit
08-04 00:43:02.357 31233 31540 I art     : Explicit concurrent mark sweep GC freed 278(43KB) AllocSpace objects, 0(0B) LOS objects, 39% free, 24MB/40MB, paused 173us total 23.910ms
08-04 00:43:02.632 31233 31244 I art     : Starting a blocking GC Explicit
08-04 00:43:02.667 31233 31244 I art     : Explicit concurrent mark sweep GC freed 1408(80KB) AllocSpace objects, 1(20KB) LOS objects, 39% free, 24MB/40MB, paused 196us total 34.043ms
08-04 00:43:02.685 31233 31244 I art     : Starting a blocking GC Explicit
08-04 00:43:02.709 31233 31244 I art     : Explicit concurrent mark sweep GC freed 20(704B) AllocSpace objects, 0(0B) LOS objects, 39% free, 24MB/40MB, paused 173us total 24.023ms
08-04 00:43:02.719 31233 31244 I art     : Starting a blocking GC Explicit
08-04 00:43:02.743 31233 31244 I art     : Explicit concurrent mark sweep GC freed 3(96B) AllocSpace objects, 0(0B) LOS objects, 39% free, 24MB/40MB, paused 160us total 23.781ms
08-04 00:43:02.754 31233 31244 I art     : Starting a blocking GC Explicit
08-04 00:43:02.778 31233 31244 I art     : Explicit concurrent mark sweep GC freed 3(96B) AllocSpace objects, 0(0B) LOS objects, 39% free, 24MB/40MB, paused 161us total 23.616ms
08-04 00:43:02.788 31233 31244 I art     : Starting a blocking GC Explicit
08-04 00:43:02.811 31233 31244 I art     : Explicit concurrent mark sweep GC freed 3(96B) AllocSpace objects, 0(0B) LOS objects, 39% free, 24MB/40MB, paused 161us total 23.124ms
08-04 00:43:03.055 32050 32050 D AndroidRuntime: >>>>>> START com.android.internal.os.RuntimeInit uid 2000 <<<<<<
08-04 00:43:03.059 32050 32050 D AndroidRuntime: CheckJNI is OFF
08-04 00:43:03.068 31233 31257 I art     : Starting a blocking GC Explicit
08-04 00:43:03.087 32050 32050 D ICU     : No timezone override file found: /data/misc/zoneinfo/current/icu/icu_tzdata.dat
08-04 00:43:03.094 31233 31257 I art     : Explicit concurrent mark sweep GC freed 1343(78KB) AllocSpace objects, 1(20KB) LOS objects, 39% free, 24MB/40MB, paused 201us total 24.760ms
08-04 00:43:03.105 31233 31257 I art     : Starting a blocking GC Explicit
08-04 00:43:03.113 32050 32050 I Radio-JNI: register_android_hardware_Radio DONE
08-04 00:43:03.126 31233 31257 I art     : Explicit concurrent mark sweep GC freed 20(704B) AllocSpace objects, 0(0B) LOS objects, 39% free, 24MB/40MB, paused 159us total 21.599ms
08-04 00:43:03.130 32050 32050 D AndroidRuntime: Calling main entry com.android.commands.input.Input
08-04 00:43:03.131 32050 32050 I Input   : injectMotionEvent: MotionEvent { action=ACTION_DOWN, actionButton=0, id[0]=0, x[0]=600.0, y[0]=950.0, toolType[0]=TOOL_TYPE_UNKNOWN, buttonState=0, metaState=0, flags=0x0, edgeFlags=0x0, pointerCount=1, historySize=0, eventTime=664999544, downTime=664999544, deviceId=0, source=0x1002 }
08-04 00:43:03.135 32050 32050 I Input   : injectMotionEvent: MotionEvent { action=ACTION_UP, actionButton=0, id[0]=0, x[0]=600.0, y[0]=950.0, toolType[0]=TOOL_TYPE_UNKNOWN, buttonState=0, metaState=0, flags=0x0, edgeFlags=0x0, pointerCount=1, historySize=0, eventTime=664999544, downTime=664999544, deviceId=0, source=0x1002 }
08-04 00:43:03.136 31233 31257 I art     : Starting a blocking GC Explicit
08-04 00:43:03.136 32050 32050 D AndroidRuntime: Shutting down VM
08-04 00:43:03.147   512  2967 D audio_hw_primary: out_set_parameters: enter: usecase(1: low-latency-playback) kvpairs: routing=2
08-04 00:43:03.148   918  3670 I ActivityManager: START u0 {dat=https://oauth.reddit.com/... cmp=baseline.org.quantumbadger.redreader/.activities.CommentListingActivity} from uid 10666 on display 0
08-04 00:43:03.159 31233 31257 I art     : Explicit concurrent mark sweep GC freed 247(10KB) AllocSpace objects, 0(0B) LOS objects, 39% free, 24MB/40MB, paused 206us total 22.889ms
08-04 00:43:03.160   512  2967 D audio_hw_primary: select_devices: out_snd_device(2: speaker) in_snd_device(0: none)
08-04 00:43:03.160   512  2967 D msm8974_platform: platform_send_audio_calibration: sending audio calibration for snd_device(2) acdb_id(15)
08-04 00:43:03.160   512  2967 I soundtrigger: audio_extn_sound_trigger_update_device_status: device 0x2 of type 0 for Event 1
08-04 00:43:03.168 31233 31233 I AppCompatViewInflater: app:theme is now deprecated. Please move to using android:theme instead.
08-04 00:43:03.170 31233 31257 I art     : Starting a blocking GC Explicit
08-04 00:43:03.171   512  2967 D audio_hw_primary: enable_snd_device: snd_device(2: speaker)
08-04 00:43:03.173   512  2967 D audio_hw_primary: enable_audio_route: apply and update mixer path: low-latency-playback speaker
08-04 00:43:03.183 31233 32075 D OK      : calling: https://oauth.reddit.com/comments/hwnhe2/.json?sort=confidence
08-04 00:43:03.195 31233 31257 I art     : Explicit concurrent mark sweep GC freed 1859(104KB) AllocSpace objects, 0(0B) LOS objects, 39% free, 24MB/40MB, paused 239us total 24.584ms
08-04 00:43:03.204 31233 31257 I art     : Starting a blocking GC Explicit
08-04 00:43:03.225 31233 31257 I art     : Explicit concurrent mark sweep GC freed 251(11KB) AllocSpace objects, 0(0B) LOS objects, 39% free, 24MB/40MB, paused 226us total 20.792ms
08-04 00:43:03.251 13866 13866 I GoogleInputMethodServic: GoogleInputMethodService.onFinishInput():3138 
08-04 00:43:03.251   918   936 I ActivityManager: Displayed baseline.org.quantumbadger.redreader/.activities.CommentListingActivity: +95ms
08-04 00:43:03.252 13866 13866 I GoogleInputMethodServic: GoogleInputMethodService.onStartInput():1808 
08-04 00:43:03.471 31233 32075 I NAPPA_EXPERIMENTATION: MetricNetworkRequestExecutionTime: REQUEST_DURATION_SYSTEM='288',REQUEST_DURATION_OKHTTP='141',REQUEST_SYNCHRONOUS='TRUE',RESPONSE_CODE='200',RESPONSE_METHOD='GET',RESPONSE_LENGTH_OKHTTP='-1',RESPONSE_LENGTH_HEADER='3930',REQUEST_PROTOCOL='h2',REQUEST_URL='https://oauth.reddit.com/comments/hwnhe2/.json?sort=confidence',
08-04 00:43:03.471 31233 32075 D OK      : request got status: 200
08-04 00:43:03.474 31233 31244 I art     : Starting a blocking GC Explicit
08-04 00:43:03.480 31233 31805 I CommentListingActivity: COMMENTS session changed to 646619d2-6994-428b-8bee-13e49faa7713
08-04 00:43:03.511   380   380 W SurfaceFlinger: couldn't log to binary event log: overflow.
08-04 00:43:03.514 31233 31244 I art     : Explicit concurrent mark sweep GC freed 7387(505KB) AllocSpace objects, 4(120KB) LOS objects, 38% free, 25MB/41MB, paused 410us total 39.910ms
08-04 00:43:03.526 31233 31244 I art     : Starting a blocking GC Explicit
08-04 00:43:03.550 31233 31244 I art     : Explicit concurrent mark sweep GC freed 1391(82KB) AllocSpace objects, 1(68KB) LOS objects, 38% free, 25MB/41MB, paused 330us total 23.738ms
08-04 00:43:03.559 31233 31244 I art     : Starting a blocking GC Explicit
08-04 00:43:03.583 31233 31244 I art     : Explicit concurrent mark sweep GC freed 123(5KB) AllocSpace objects, 0(0B) LOS objects, 38% free, 25MB/41MB, paused 173us total 22.919ms
08-04 00:43:03.592 31233 31244 I art     : Starting a blocking GC Explicit
08-04 00:43:03.615 31233 31244 I art     : Explicit concurrent mark sweep GC freed 3(96B) AllocSpace objects, 0(0B) LOS objects, 38% free, 25MB/41MB, paused 173us total 22.888ms
08-04 00:43:03.625 31233 31244 I art     : Starting a blocking GC Explicit
08-04 00:43:03.651 31233 31244 I art     : Explicit concurrent mark sweep GC freed 30(768B) AllocSpace objects, 0(0B) LOS objects, 38% free, 25MB/41MB, paused 351us total 25.148ms
08-04 00:43:03.718   512  2967 D audio_hw_primary: disable_audio_route: reset and update mixer path: low-latency-playback speaker
08-04 00:43:03.719   512  2967 D audio_hw_primary: disable_snd_device: snd_device(2: speaker)
08-04 00:43:03.727   512  2967 I soundtrigger: audio_extn_sound_trigger_update_device_status: device 0x2 of type 0 for Event 0
08-04 00:43:03.934 31233 31244 I art     : Starting a blocking GC Explicit
08-04 00:43:03.963 31233 31244 I art     : Explicit concurrent mark sweep GC freed 1437(82KB) AllocSpace objects, 1(20KB) LOS objects, 38% free, 25MB/41MB, paused 211us total 29.009ms
08-04 00:43:03.974 31233 31244 I art     : Starting a blocking GC Explicit
08-04 00:43:03.998 31233 31244 I art     : Explicit concurrent mark sweep GC freed 24(848B) AllocSpace objects, 0(0B) LOS objects, 38% free, 25MB/41MB, paused 161us total 23.558ms
08-04 00:43:04.008 31233 31244 I art     : Starting a blocking GC Explicit
08-04 00:43:04.031 31233 31244 I art     : Explicit concurrent mark sweep GC freed 3(96B) AllocSpace objects, 0(0B) LOS objects, 38% free, 25MB/41MB, paused 157us total 22.524ms
08-04 00:43:04.041 31233 31244 I art     : Starting a blocking GC Explicit
08-04 00:43:04.064 31233 31244 I art     : Explicit concurrent mark sweep GC freed 3(96B) AllocSpace objects, 0(0B) LOS objects, 38% free, 25MB/41MB, paused 251us total 23.224ms
08-04 00:43:04.074 31233 31244 I art     : Starting a blocking GC Explicit
08-04 00:43:04.099 31233 31244 I art     : Explicit concurrent mark sweep GC freed 3(96B) AllocSpace objects, 0(0B) LOS objects, 38% free, 25MB/41MB, paused 164us total 24.731ms
08-04 00:43:04.391 31233 31244 I art     : Starting a blocking GC Explicit
08-04 00:43:04.433 31233 31244 I art     : Explicit concurrent mark sweep GC freed 1343(79KB) AllocSpace objects, 1(20KB) LOS objects, 38% free, 25MB/41MB, paused 221us total 41.526ms
08-04 00:43:04.447 31233 31244 I art     : Starting a blocking GC Explicit
08-04 00:43:04.474 31233 31244 I art     : Explicit concurrent mark sweep GC freed 66(2528B) AllocSpace objects, 0(0B) LOS objects, 38% free, 25MB/41MB, paused 195us total 27.013ms
08-04 00:43:04.485 31233 31244 I art     : Starting a blocking GC Explicit
08-04 00:43:04.511 31233 31244 I art     : Explicit concurrent mark sweep GC freed 3(96B) AllocSpace objects, 0(0B) LOS objects, 38% free, 25MB/41MB, paused 187us total 25.388ms
08-04 00:43:04.521 31233 31244 I art     : Starting a blocking GC Explicit
08-04 00:43:04.547 31233 31244 I art     : Explicit concurrent mark sweep GC freed 3(96B) AllocSpace objects, 0(0B) LOS objects, 38% free, 25MB/41MB, paused 194us total 25.797ms
08-04 00:43:04.558 31233 31244 I art     : Starting a blocking GC Explicit
08-04 00:43:04.584 31233 31244 I art     : Explicit concurrent mark sweep GC freed 3(96B) AllocSpace objects, 0(0B) LOS objects, 38% free, 25MB/41MB, paused 187us total 26.087ms
08-04 00:43:04.706   518   646 I ThermalEngine: ACTION: GPU - Setting GPU[0] to 510000000
08-04 00:43:04.877 31233 31540 I art     : Starting a blocking GC Explicit
08-04 00:43:04.916 31233 31540 I art     : Explicit concurrent mark sweep GC freed 1343(79KB) AllocSpace objects, 1(20KB) LOS objects, 38% free, 25MB/41MB, paused 274us total 38.792ms
08-04 00:43:04.932 31233 31540 I art     : Starting a blocking GC Explicit
08-04 00:43:04.964 31233 31540 I art     : Explicit concurrent mark sweep GC freed 20(720B) AllocSpace objects, 0(0B) LOS objects, 38% free, 25MB/41MB, paused 259us total 32.360ms
08-04 00:43:04.978 31233 31540 I art     : Starting a blocking GC Explicit
08-04 00:43:05.011 31233 31540 I art     : Explicit concurrent mark sweep GC freed 3(96B) AllocSpace objects, 0(0B) LOS objects, 38% free, 25MB/41MB, paused 292us total 32.668ms
08-04 00:43:05.025 31233 31540 I art     : Starting a blocking GC Explicit
08-04 00:43:05.057 31233 31540 I art     : Explicit concurrent mark sweep GC freed 3(96B) AllocSpace objects, 0(0B) LOS objects, 38% free, 25MB/41MB, paused 356us total 31.822ms
08-04 00:43:05.057 31233 31243 I art     : WaitForGcToComplete blocked for 32.098ms for cause HeapTrim
08-04 00:43:05.071 31233 31540 I art     : Starting a blocking GC Explicit
08-04 00:43:05.104 31233 31540 I art     : Explicit concurrent mark sweep GC freed 3(96B) AllocSpace objects, 0(0B) LOS objects, 38% free, 25MB/41MB, paused 310us total 32.742ms
08-04 00:43:05.402 31233 31257 I art     : Starting a blocking GC Explicit
08-04 00:43:05.443 31233 31257 I art     : Explicit concurrent mark sweep GC freed 1343(79KB) AllocSpace objects, 1(20KB) LOS objects, 38% free, 25MB/41MB, paused 299us total 39.850ms
08-04 00:43:05.457 31233 31257 I art     : Starting a blocking GC Explicit
08-04 00:43:05.490 31233 31257 I art     : Explicit concurrent mark sweep GC freed 20(704B) AllocSpace objects, 0(0B) LOS objects, 38% free, 25MB/41MB, paused 260us total 32.304ms
08-04 00:43:05.504 31233 31257 I art     : Starting a blocking GC Explicit
08-04 00:43:05.536 31233 31257 I art     : Explicit concurrent mark sweep GC freed 3(96B) AllocSpace objects, 0(0B) LOS objects, 38% free, 25MB/41MB, paused 264us total 32.151ms
08-04 00:43:05.550 31233 31257 I art     : Starting a blocking GC Explicit
08-04 00:43:05.582 31233 31257 I art     : Explicit concurrent mark sweep GC freed 3(96B) AllocSpace objects, 0(0B) LOS objects, 38% free, 25MB/41MB, paused 261us total 32.380ms
08-04 00:43:05.596 31233 31257 I art     : Starting a blocking GC Explicit
08-04 00:43:05.629 31233 31257 I art     : Explicit concurrent mark sweep GC freed 3(96B) AllocSpace objects, 0(0B) LOS objects, 38% free, 25MB/41MB, paused 259us total 32.254ms
08-04 00:43:05.945 31233 31245 I art     : Starting a blocking GC Explicit
08-04 00:43:05.990 31233 31245 I art     : Explicit concurrent mark sweep GC freed 1344(79KB) AllocSpace objects, 1(20KB) LOS objects, 38% free, 25MB/41MB, paused 295us total 44.845ms
08-04 00:43:06.006 31233 31245 I art     : Starting a blocking GC Explicit
08-04 00:43:06.039 31233 31245 I art     : Explicit concurrent mark sweep GC freed 20(720B) AllocSpace objects, 0(0B) LOS objects, 38% free, 25MB/41MB, paused 265us total 32.505ms
08-04 00:43:06.052 31233 31245 I art     : Starting a blocking GC Explicit
08-04 00:43:06.084 31233 31245 I art     : Explicit concurrent mark sweep GC freed 3(96B) AllocSpace objects, 0(0B) LOS objects, 38% free, 25MB/41MB, paused 259us total 31.854ms
08-04 00:43:06.098 31233 31245 I art     : Starting a blocking GC Explicit
08-04 00:43:06.131 31233 31245 I art     : Explicit concurrent mark sweep GC freed 3(96B) AllocSpace objects, 0(0B) LOS objects, 38% free, 25MB/41MB, paused 264us total 32.612ms
08-04 00:43:06.145 31233 31245 I art     : Starting a blocking GC Explicit
08-04 00:43:06.178 31233 31245 I art     : Explicit concurrent mark sweep GC freed 3(96B) AllocSpace objects, 0(0B) LOS objects, 38% free, 25MB/41MB, paused 338us total 32.718ms
08-04 00:43:06.490 31233 31244 I art     : Starting a blocking GC Explicit
08-04 00:43:06.531 31233 31244 I art     : Explicit concurrent mark sweep GC freed 1347(79KB) AllocSpace objects, 1(20KB) LOS objects, 38% free, 25MB/41MB, paused 318us total 40.626ms
08-04 00:43:06.546 31233 31244 I art     : Starting a blocking GC Explicit
08-04 00:43:06.579 31233 31244 I art     : Explicit concurrent mark sweep GC freed 20(704B) AllocSpace objects, 0(0B) LOS objects, 38% free, 25MB/41MB, paused 251us total 32.489ms
08-04 00:43:06.593 31233 31244 I art     : Starting a blocking GC Explicit
08-04 00:43:06.625 31233 31244 I art     : Explicit concurrent mark sweep GC freed 3(96B) AllocSpace objects, 0(0B) LOS objects, 38% free, 25MB/41MB, paused 255us total 32.170ms
08-04 00:43:06.639 31233 31244 I art     : Starting a blocking GC Explicit
08-04 00:43:06.671 31233 31244 I art     : Explicit concurrent mark sweep GC freed 3(96B) AllocSpace objects, 0(0B) LOS objects, 38% free, 25MB/41MB, paused 259us total 31.854ms
08-04 00:43:06.685 31233 31244 I art     : Starting a blocking GC Explicit
08-04 00:43:06.717 31233 31244 I art     : Explicit concurrent mark sweep GC freed 3(96B) AllocSpace objects, 0(0B) LOS objects, 38% free, 25MB/41MB, paused 265us total 32.071ms
08-04 00:43:07.015 31233 31540 I art     : Starting a blocking GC Explicit
08-04 00:43:07.060 31233 31540 I art     : Explicit concurrent mark sweep GC freed 1344(79KB) AllocSpace objects, 1(20KB) LOS objects, 38% free, 25MB/41MB, paused 309us total 44.546ms
08-04 00:43:07.079 31233 31540 I art     : Starting a blocking GC Explicit
08-04 00:43:07.107 31233 31540 I art     : Explicit concurrent mark sweep GC freed 20(720B) AllocSpace objects, 0(0B) LOS objects, 38% free, 25MB/41MB, paused 251us total 28.458ms
08-04 00:43:07.120 31233 31540 I art     : Starting a blocking GC Explicit
08-04 00:43:07.147 31233 31540 I art     : Explicit concurrent mark sweep GC freed 3(96B) AllocSpace objects, 0(0B) LOS objects, 38% free, 25MB/41MB, paused 220us total 27.246ms
08-04 00:43:07.150 24365 25567 I NetworkScheduler.Stats: Task com.google.android.gms/com.google.android.gms.icing.service.IcingGcmTaskService started execution. cause:4 exec_start_elapsed_seconds: 1648390 [CONTEXT service_id=218 ]
08-04 00:43:07.160 31233 31540 I art     : Starting a blocking GC Explicit
08-04 00:43:07.168 24365 28437 I NetworkScheduler.Stats: Task com.google.android.gms/com.google.android.gms.icing.service.IcingGcmTaskService finished executing. cause:4 result: 1 elapsed_millis: 42 uptime_millis: 43 exec_start_elapsed_seconds: 1648390 [CONTEXT service_id=218 ]
08-04 00:43:07.187 31233 31540 I art     : Explicit concurrent mark sweep GC freed 3(96B) AllocSpace objects, 0(0B) LOS objects, 38% free, 25MB/41MB, paused 227us total 26.445ms
08-04 00:43:07.199 31233 31540 I art     : Starting a blocking GC Explicit
08-04 00:43:07.223 24365 25567 I NetworkScheduler.Stats: Task com.google.android.gms/com.google.android.gms.droidguard.DroidGuardGcmTaskService started execution. cause:5 exec_start_elapsed_seconds: 1648391 [CONTEXT service_id=218 ]
08-04 00:43:07.226 31233 31540 I art     : Explicit concurrent mark sweep GC freed 3(96B) AllocSpace objects, 0(0B) LOS objects, 38% free, 25MB/41MB, paused 226us total 26.668ms
08-04 00:43:07.242   918  3670 I ActivityManager: Start proc 32160:com.google.android.gms.unstable/u0a12 for service com.google.android.gms/.droidguard.DroidGuardService
08-04 00:43:07.248 24365 28437 I NetworkScheduler.Stats: Task com.google.android.gms/com.google.android.gms.droidguard.DroidGuardGcmTaskService finished executing. cause:5 result: 1 elapsed_millis: 44 uptime_millis: 44 exec_start_elapsed_seconds: 1648391 [CONTEXT service_id=218 ]
08-04 00:43:07.486 31233 31257 I art     : Starting a blocking GC Explicit
08-04 00:43:07.516 31233 31257 I art     : Explicit concurrent mark sweep GC freed 1343(79KB) AllocSpace objects, 1(20KB) LOS objects, 38% free, 25MB/41MB, paused 231us total 28.982ms
08-04 00:43:07.529 31233 31257 I art     : Starting a blocking GC Explicit
08-04 00:43:07.555 31233 31257 I art     : Explicit concurrent mark sweep GC freed 20(704B) AllocSpace objects, 0(0B) LOS objects, 38% free, 25MB/41MB, paused 239us total 26.219ms
08-04 00:43:07.567 31233 31257 I art     : Starting a blocking GC Explicit
08-04 00:43:07.576 32160 32160 W DynamiteModule: Local module descriptor class for providerinstaller not found.
08-04 00:43:07.593 31233 31257 I art     : Explicit concurrent mark sweep GC freed 3(96B) AllocSpace objects, 0(0B) LOS objects, 38% free, 25MB/41MB, paused 237us total 26.008ms
08-04 00:43:07.601 32160 32160 W ProviderHelper: Unknown dynamite feature providerinstaller
08-04 00:43:07.606 31233 31257 I art     : Starting a blocking GC Explicit
08-04 00:43:07.607 32160 32160 I DynamiteModule: Considering local module providerinstaller:0 and remote module providerinstaller:0
08-04 00:43:07.607 32160 32160 W ProviderInstaller: Failed to load providerinstaller module: No acceptable module found. Local version is 0 and remote version is 0.
08-04 00:43:07.627 32160 32160 V NativeCrypto: Registering com/google/android/gms/org/conscrypt/NativeCrypto's 286 native methods...
08-04 00:43:07.633 31233 31257 I art     : Explicit concurrent mark sweep GC freed 3(96B) AllocSpace objects, 0(0B) LOS objects, 38% free, 25MB/41MB, paused 223us total 26.923ms
08-04 00:43:07.645 31233 31257 I art     : Starting a blocking GC Explicit
08-04 00:43:07.672 31233 31257 I art     : Explicit concurrent mark sweep GC freed 3(96B) AllocSpace objects, 0(0B) LOS objects, 38% free, 25MB/41MB, paused 237us total 27.036ms
08-04 00:43:07.725 32160 32160 I art     : Rejecting re-init on previously-failed class java.lang.Class<com.google.android.gms.org.conscrypt.Java7ExtendedSSLSession>
08-04 00:43:07.725 32160 32160 I art     : Rejecting re-init on previously-failed class java.lang.Class<com.google.android.gms.org.conscrypt.Java7ExtendedSSLSession>
08-04 00:43:07.726 32160 32160 I art     : Rejecting re-init on previously-failed class java.lang.Class<com.google.android.gms.org.conscrypt.Java8ExtendedSSLSession>
08-04 00:43:07.726 32160 32160 I art     : Rejecting re-init on previously-failed class java.lang.Class<com.google.android.gms.org.conscrypt.Java8ExtendedSSLSession>
08-04 00:43:07.757 32174 32174 D AndroidRuntime: >>>>>> START com.android.internal.os.RuntimeInit uid 2000 <<<<<<
08-04 00:43:07.762 32174 32174 D AndroidRuntime: CheckJNI is OFF
08-04 00:43:07.764 32160 32160 I ProviderInstaller: Installed default security provider GmsCore_OpenSSL
08-04 00:43:07.764 32160 32160 I Safeboot: Checking safeboot...
08-04 00:43:07.765 32160 32160 I Safeboot: Not entering safeboot; wrong process.
08-04 00:43:07.792 32174 32174 D ICU     : No timezone override file found: /data/misc/zoneinfo/current/icu/icu_tzdata.dat
08-04 00:43:07.822 32174 32174 I Radio-JNI: register_android_hardware_Radio DONE
08-04 00:43:07.843 32174 32174 D AndroidRuntime: Calling main entry com.android.commands.input.Input
08-04 00:43:07.845 32174 32174 I Input   : injectKeyEvent: KeyEvent { action=ACTION_DOWN, keyCode=KEYCODE_BACK, scanCode=0, metaState=0, flags=0x0, repeatCount=0, eventTime=665004258, downTime=665004258, deviceId=-1, source=0x101 }
08-04 00:43:07.851 32174 32174 I Input   : injectKeyEvent: KeyEvent { action=ACTION_UP, keyCode=KEYCODE_BACK, scanCode=0, metaState=0, flags=0x0, repeatCount=0, eventTime=665004258, downTime=665004258, deviceId=-1, source=0x101 }
08-04 00:43:07.857 32174 32174 D AndroidRuntime: Shutting down VM
08-04 00:43:07.884 32160 32160 I beme    : Primes not initialized, returning default (no-op) Primes instance which will ignore all calls. Please call Primes.initialize(...) before using any Primes API.
08-04 00:43:07.890 13866 13866 I GoogleInputMethodServic: GoogleInputMethodService.onFinishInput():3138 
08-04 00:43:07.891 13866 13866 I GoogleInputMethodServic: GoogleInputMethodService.onStartInput():1808 
08-04 00:43:07.917 31233 31245 I art     : Starting a blocking GC Explicit
08-04 00:43:07.944 31233 31245 I art     : Explicit concurrent mark sweep GC freed 1584(87KB) AllocSpace objects, 1(20KB) LOS objects, 38% free, 25MB/41MB, paused 236us total 26.982ms
08-04 00:43:07.957 31233 31245 I art     : Starting a blocking GC Explicit
08-04 00:43:07.983 31233 31245 I art     : Explicit concurrent mark sweep GC freed 26(960B) AllocSpace objects, 0(0B) LOS objects, 38% free, 25MB/41MB, paused 219us total 25.825ms
08-04 00:43:07.995 31233 31245 I art     : Starting a blocking GC Explicit
08-04 00:43:08.023 31233 31245 I art     : Explicit concurrent mark sweep GC freed 3(96B) AllocSpace objects, 0(0B) LOS objects, 38% free, 25MB/41MB, paused 246us total 27.328ms
08-04 00:43:08.036 31233 31245 I art     : Starting a blocking GC Explicit
08-04 00:43:08.064 31233 31245 I art     : Explicit concurrent mark sweep GC freed 3(96B) AllocSpace objects, 0(0B) LOS objects, 38% free, 25MB/41MB, paused 247us total 28.537ms
08-04 00:43:08.079 31233 31245 I art     : Starting a blocking GC Explicit
08-04 00:43:08.110 31233 31245 I art     : Explicit concurrent mark sweep GC freed 3(96B) AllocSpace objects, 0(0B) LOS objects, 38% free, 25MB/41MB, paused 217us total 30.109ms
08-04 00:43:08.156 31233 32074 I RedditChangeDataIO: Writing tmp data file at '/data/user/0/baseline.org.quantumbadger.redreader/files/rr_change_data_tmp.dat'
08-04 00:43:08.156 31233 32074 I RedditChangeDataManager: Taking snapshot...
08-04 00:43:08.156 31233 32074 I RedditChangeDataManager: Writing to stream...
08-04 00:43:08.156 31233 32074 I RedditChangeDataManager: Wrote 2 entries for user ''
08-04 00:43:08.156 31233 32074 I RedditChangeDataManager: All entries written to stream.
08-04 00:43:08.157 31233 32074 I RedditChangeDataIO: Write successful. Atomically replacing data file...
08-04 00:43:08.157 31233 32074 I RedditChangeDataIO: Write complete.
08-04 00:43:08.157 31233 32074 I RedditChangeDataIO: 62 bytes written in 1 ms
08-04 00:43:08.199   380   380 W SurfaceFlinger: couldn't log to binary event log: overflow.
08-04 00:43:08.231 24577 13294 E WakeLock: DG:service ** IS FORCE-RELEASED ON TIMEOUT **
08-04 00:43:08.283   918  6112 I AccountManagerService: getTypesVisibleToCaller: isPermitted? true
08-04 00:43:08.357 31233 31540 I art     : Starting a blocking GC Explicit
08-04 00:43:08.390 31233 31540 I art     : Explicit concurrent mark sweep GC freed 1471(85KB) AllocSpace objects, 2(88KB) LOS objects, 38% free, 25MB/41MB, paused 260us total 32.794ms
08-04 00:43:08.404 31233 31540 I art     : Starting a blocking GC Explicit
08-04 00:43:08.435 31233 31540 I art     : Explicit concurrent mark sweep GC freed 3857(310KB) AllocSpace objects, 5(140KB) LOS objects, 39% free, 24MB/40MB, paused 256us total 30.456ms
08-04 00:43:08.448 31233 31540 I art     : Starting a blocking GC Explicit
08-04 00:43:08.476 31233 31540 I art     : Explicit concurrent mark sweep GC freed 3(96B) AllocSpace objects, 0(0B) LOS objects, 39% free, 24MB/40MB, paused 227us total 28.294ms
08-04 00:43:08.490 31233 31540 I art     : Starting a blocking GC Explicit
08-04 00:43:08.497   918  6029 I AccountManagerService: getTypesVisibleToCaller: isPermitted? true
08-04 00:43:08.517 31233 31540 I art     : Explicit concurrent mark sweep GC freed 238(36KB) AllocSpace objects, 0(0B) LOS objects, 39% free, 24MB/40MB, paused 236us total 27.349ms
08-04 00:43:08.527 32160 32214 E art     : invalid stream - problem with parameter iterator in /data/app/com.google.android.gms-2/base.apk for method void crj.handleMessage(android.os.Message)
08-04 00:43:08.527 32160 32214 E art     : invalid stream - problem with parameter iterator in /data/app/com.google.android.gms-2/base.apk for method void crj.handleMessage(android.os.Message)
08-04 00:43:08.527 32160 32214 E DG      : FSC error [CONTEXT service_id=25 ]
08-04 00:43:08.527 32160 32214 E DG      : java.io.IOException: unexpected end of stream on Connection{www.googleapis.com:443, proxy=HTTP@192.168.2.12:8080 hostAddress=192.168.2.12 cipherSuite=TLS_ECDHE_RSA_WITH_AES_128_GCM_SHA256 protocol=http/1.1} (recycle count=0)
08-04 00:43:08.527 32160 32214 E DG      : 	at com.android.okhttp.internal.http.HttpConnection.readResponse(HttpConnection.java:210)
08-04 00:43:08.527 32160 32214 E DG      : 	at com.android.okhttp.internal.http.HttpTransport.readResponseHeaders(HttpTransport.java:80)
08-04 00:43:08.527 32160 32214 E DG      : 	at com.android.okhttp.internal.http.HttpEngine.readNetworkResponse(HttpEngine.java:904)
08-04 00:43:08.527 32160 32214 E DG      : 	at com.android.okhttp.internal.http.HttpEngine.readResponse(HttpEngine.java:788)
08-04 00:43:08.527 32160 32214 E DG      : 	at com.android.okhttp.internal.huc.HttpURLConnectionImpl.execute(HttpURLConnectionImpl.java:439)
08-04 00:43:08.527 32160 32214 E DG      : 	at com.android.okhttp.internal.huc.HttpURLConnectionImpl.getResponse(HttpURLConnectionImpl.java:384)
08-04 00:43:08.527 32160 32214 E DG      : 	at com.android.okhttp.internal.huc.HttpURLConnectionImpl.getResponseCode(HttpURLConnectionImpl.java:497)
08-04 00:43:08.527 32160 32214 E DG      : 	at com.android.okhttp.internal.huc.DelegatingHttpsURLConnection.getResponseCode(DelegatingHttpsURLConnection.java:105)
08-04 00:43:08.527 32160 32214 E DG      : 	at com.android.okhttp.internal.huc.HttpsURLConnectionImpl.getResponseCode(HttpsURLConnectionImpl.java)
08-04 00:43:08.527 32160 32214 E DG      : 	at vrp.a(:com.google.android.gms@202614019@20.26.14 (040400-320008519):18)
08-04 00:43:08.527 32160 32214 E DG      : 	at vrp.a(:com.google.android.gms@202614019@20.26.14 (040400-320008519):9)
08-04 00:43:08.527 32160 32214 E DG      : 	at vtg.a(:com.google.android.gms@202614019@20.26.14 (040400-320008519):16)
08-04 00:43:08.527 32160 32214 E DG      : 	at vtg.a(:com.google.android.gms@202614019@20.26.14 (040400-320008519):15)
08-04 00:43:08.527 32160 32214 E DG      : 	at com.google.android.gms.droidguard.DroidGuardChimeraService.a(:com.google.android.gms@202614019@20.26.14 (040400-320008519):31)
08-04 00:43:08.527 32160 32214 E DG      : 	at com.google.android.gms.droidguard.DroidGuardChimeraService.a(:com.google.android.gms@202614019@20.26.14 (040400-320008519):71)
08-04 00:43:08.527 32160 32214 E DG      : 	at com.google.android.gms.framework.tracing.wrapper.TracingIntentService.onHandleIntent(:com.google.android.gms@202614019@20.26.14 (040400-320008519):1)
08-04 00:43:08.527 32160 32214 E DG      : 	at crj.handleMessage(:com.google.android.gms@202614019@20.26.14 (040400-320008519))
08-04 00:43:08.527 32160 32214 E DG      : 	at android.os.Handler.dispatchMessage(Handler.java:102)
08-04 00:43:08.527 32160 32214 E DG      : 	at android.os.Looper.loop(Looper.java:148)
08-04 00:43:08.527 32160 32214 E DG      : 	at android.os.HandlerThread.run(HandlerThread.java:61)
08-04 00:43:08.527 32160 32214 E DG      : Caused by: java.io.EOFException: \n not found: size=0 content=...
08-04 00:43:08.527 32160 32214 E DG      : 	at com.android.okhttp.okio.RealBufferedSource.readUtf8LineStrict(RealBufferedSource.java:200)
08-04 00:43:08.527 32160 32214 E DG      : 	at com.android.okhttp.internal.http.HttpConnection.readResponse(HttpConnection.java:191)
08-04 00:43:08.527 32160 32214 E DG      : 	... 19 more
08-04 00:43:08.532 31233 31540 I art     : Starting a blocking GC Explicit
08-04 00:43:08.559 31233 31540 I art     : Explicit concurrent mark sweep GC freed 68(2272B) AllocSpace objects, 0(0B) LOS objects, 39% free, 24MB/40MB, paused 216us total 26.836ms
08-04 00:43:08.848 31233 31257 I art     : Starting a blocking GC Explicit
08-04 00:43:08.890 31233 31257 I art     : Explicit concurrent mark sweep GC freed 1344(79KB) AllocSpace objects, 1(20KB) LOS objects, 39% free, 24MB/40MB, paused 270us total 41.617ms
08-04 00:43:08.904 31233 31257 I art     : Starting a blocking GC Explicit
08-04 00:43:08.935 31233 31257 I art     : Explicit concurrent mark sweep GC freed 20(720B) AllocSpace objects, 0(0B) LOS objects, 39% free, 24MB/40MB, paused 231us total 30.558ms
08-04 00:43:08.949 31233 31257 I art     : Starting a blocking GC Explicit
08-04 00:43:08.980 31233 31257 I art     : Explicit concurrent mark sweep GC freed 3(96B) AllocSpace objects, 0(0B) LOS objects, 39% free, 24MB/40MB, paused 245us total 30.504ms
08-04 00:43:08.993 31233 31257 I art     : Starting a blocking GC Explicit
08-04 00:43:09.023 31233 31257 I art     : Explicit concurrent mark sweep GC freed 3(96B) AllocSpace objects, 0(0B) LOS objects, 39% free, 24MB/40MB, paused 231us total 29.687ms
08-04 00:43:09.037 31233 31257 I art     : Starting a blocking GC Explicit
08-04 00:43:09.068 31233 31257 I art     : Explicit concurrent mark sweep GC freed 3(96B) AllocSpace objects, 0(0B) LOS objects, 39% free, 24MB/40MB, paused 234us total 30.694ms
08-04 00:43:09.330 31233 31244 I art     : Starting a blocking GC Explicit
08-04 00:43:09.360 31233 31244 I art     : Explicit concurrent mark sweep GC freed 1343(79KB) AllocSpace objects, 1(20KB) LOS objects, 39% free, 24MB/40MB, paused 230us total 29.839ms
08-04 00:43:09.373 31233 31244 I art     : Starting a blocking GC Explicit
08-04 00:43:09.402 31233 31244 I art     : Explicit concurrent mark sweep GC freed 20(704B) AllocSpace objects, 0(0B) LOS objects, 39% free, 24MB/40MB, paused 214us total 28.344ms
08-04 00:43:09.415 31233 31244 I art     : Starting a blocking GC Explicit
08-04 00:43:09.444 31233 31244 I art     : Explicit concurrent mark sweep GC freed 3(96B) AllocSpace objects, 0(0B) LOS objects, 39% free, 24MB/40MB, paused 223us total 29.012ms
08-04 00:43:09.457 31233 31244 I art     : Starting a blocking GC Explicit
08-04 00:43:09.486 31233 31244 I art     : Explicit concurrent mark sweep GC freed 3(96B) AllocSpace objects, 0(0B) LOS objects, 39% free, 24MB/40MB, paused 228us total 28.932ms
08-04 00:43:09.499 31233 31244 I art     : Starting a blocking GC Explicit
08-04 00:43:09.524 32240 32240 D AndroidRuntime: >>>>>> START com.android.internal.os.RuntimeInit uid 2000 <<<<<<
08-04 00:43:09.529 31233 31244 I art     : Explicit concurrent mark sweep GC freed 3(96B) AllocSpace objects, 0(0B) LOS objects, 39% free, 24MB/40MB, paused 232us total 29.185ms
08-04 00:43:09.529 32240 32240 D AndroidRuntime: CheckJNI is OFF
08-04 00:43:09.563 32240 32240 D ICU     : No timezone override file found: /data/misc/zoneinfo/current/icu/icu_tzdata.dat
08-04 00:43:09.595 32240 32240 I Radio-JNI: register_android_hardware_Radio DONE
08-04 00:43:09.618 32240 32240 D AndroidRuntime: Calling main entry com.android.commands.input.Input
08-04 00:43:09.620 32240 32240 I Input   : injectMotionEvent: MotionEvent { action=ACTION_DOWN, actionButton=0, id[0]=0, x[0]=600.0, y[0]=1200.0, toolType[0]=TOOL_TYPE_UNKNOWN, buttonState=0, metaState=0, flags=0x0, edgeFlags=0x0, pointerCount=1, historySize=0, eventTime=665006033, downTime=665006033, deviceId=0, source=0x1002 }
08-04 00:43:09.626 32240 32240 I Input   : injectMotionEvent: MotionEvent { action=ACTION_UP, actionButton=0, id[0]=0, x[0]=600.0, y[0]=1200.0, toolType[0]=TOOL_TYPE_UNKNOWN, buttonState=0, metaState=0, flags=0x0, edgeFlags=0x0, pointerCount=1, historySize=0, eventTime=665006033, downTime=665006033, deviceId=0, source=0x1002 }
08-04 00:43:09.628 32240 32240 D AndroidRuntime: Shutting down VM
08-04 00:43:09.641   512  2967 D audio_hw_primary: out_set_parameters: enter: usecase(1: low-latency-playback) kvpairs: routing=2
08-04 00:43:09.643   918  3696 I ActivityManager: START u0 {dat=https://oauth.reddit.com/... cmp=baseline.org.quantumbadger.redreader/.activities.CommentListingActivity} from uid 10666 on display 0
08-04 00:43:09.655   512  2967 D audio_hw_primary: select_devices: out_snd_device(2: speaker) in_snd_device(0: none)
08-04 00:43:09.655   512  2967 D msm8974_platform: platform_send_audio_calibration: sending audio calibration for snd_device(2) acdb_id(15)
08-04 00:43:09.655   512  2967 I soundtrigger: audio_extn_sound_trigger_update_device_status: device 0x2 of type 0 for Event 1
08-04 00:43:09.670   512  2967 D audio_hw_primary: enable_snd_device: snd_device(2: speaker)
08-04 00:43:09.671 31233 31233 I AppCompatViewInflater: app:theme is now deprecated. Please move to using android:theme instead.
08-04 00:43:09.672   512  2967 D audio_hw_primary: enable_audio_route: apply and update mixer path: low-latency-playback speaker
08-04 00:43:09.688 31233 32270 D OK      : calling: https://oauth.reddit.com/comments/hza888/.json?sort=confidence
08-04 00:43:09.744   918   936 I ActivityManager: Displayed baseline.org.quantumbadger.redreader/.activities.CommentListingActivity: +93ms
08-04 00:43:09.744 13866 13866 I GoogleInputMethodServic: GoogleInputMethodService.onFinishInput():3138 
08-04 00:43:09.745 13866 13866 I GoogleInputMethodServic: GoogleInputMethodService.onStartInput():1808 
08-04 00:43:09.774 31233 31244 I art     : Starting a blocking GC Explicit
08-04 00:43:09.802 31233 31244 I art     : Explicit concurrent mark sweep GC freed 4128(219KB) AllocSpace objects, 1(20KB) LOS objects, 38% free, 25MB/41MB, paused 308us total 27.748ms
08-04 00:43:09.815 31233 31244 I art     : Starting a blocking GC Explicit
08-04 00:43:09.844 31233 31244 I art     : Explicit concurrent mark sweep GC freed 450(23KB) AllocSpace objects, 0(0B) LOS objects, 39% free, 25MB/41MB, paused 311us total 28.626ms
08-04 00:43:09.858 31233 31244 I art     : Starting a blocking GC Explicit
08-04 00:43:09.889 31233 31244 I art     : Explicit concurrent mark sweep GC freed 1795(70KB) AllocSpace objects, 0(0B) LOS objects, 39% free, 25MB/41MB, paused 308us total 31.356ms
08-04 00:43:09.905 31233 31244 I art     : Starting a blocking GC Explicit
08-04 00:43:09.938 31233 31244 I art     : Explicit concurrent mark sweep GC freed 204(7KB) AllocSpace objects, 0(0B) LOS objects, 39% free, 25MB/41MB, paused 641us total 31.974ms
08-04 00:43:09.952 31233 31244 I art     : Starting a blocking GC Explicit
08-04 00:43:09.987 31233 31244 I art     : Explicit concurrent mark sweep GC freed 32(1488B) AllocSpace objects, 0(0B) LOS objects, 39% free, 25MB/41MB, paused 370us total 34.487ms
08-04 00:43:10.002   380   380 W SurfaceFlinger: couldn't log to binary event log: overflow.
08-04 00:43:10.039 31233 32270 I NAPPA_EXPERIMENTATION: MetricNetworkRequestExecutionTime: REQUEST_DURATION_SYSTEM='351',REQUEST_DURATION_OKHTTP='143',REQUEST_SYNCHRONOUS='TRUE',RESPONSE_CODE='200',RESPONSE_METHOD='GET',RESPONSE_LENGTH_OKHTTP='-1',RESPONSE_LENGTH_HEADER='21928',REQUEST_PROTOCOL='h2',REQUEST_URL='https://oauth.reddit.com/comments/hza888/.json?sort=confidence',
08-04 00:43:10.039 31233 32270 D OK      : request got status: 200
08-04 00:43:10.049 31233 31805 I CommentListingActivity: COMMENTS session changed to d3da9089-6a5d-46a3-978b-07929999ffa3
08-04 00:43:10.220   512  2967 D audio_hw_primary: disable_audio_route: reset and update mixer path: low-latency-playback speaker
08-04 00:43:10.221   512  2967 D audio_hw_primary: disable_snd_device: snd_device(2: speaker)
08-04 00:43:10.229   512  2967 I soundtrigger: audio_extn_sound_trigger_update_device_status: device 0x2 of type 0 for Event 0
08-04 00:43:10.250 31233 31244 I art     : Starting a blocking GC Explicit
08-04 00:43:10.288 31233 31244 I art     : Explicit concurrent mark sweep GC freed 19399(1144KB) AllocSpace objects, 3(156KB) LOS objects, 37% free, 26MB/42MB, paused 375us total 37.372ms
08-04 00:43:10.302 31233 31244 I art     : Starting a blocking GC Explicit
08-04 00:43:10.339 31233 31244 I art     : Explicit concurrent mark sweep GC freed 151(15KB) AllocSpace objects, 0(0B) LOS objects, 37% free, 26MB/42MB, paused 246us total 37.257ms
08-04 00:43:10.353 31233 31244 I art     : Starting a blocking GC Explicit
08-04 00:43:10.387 31233 31244 I art     : Explicit concurrent mark sweep GC freed 5(192B) AllocSpace objects, 0(0B) LOS objects, 37% free, 26MB/42MB, paused 226us total 33.735ms
08-04 00:43:10.400 31233 31244 I art     : Starting a blocking GC Explicit
08-04 00:43:10.435 31233 31244 I art     : Explicit concurrent mark sweep GC freed 3(96B) AllocSpace objects, 0(0B) LOS objects, 37% free, 26MB/42MB, paused 220us total 34.358ms
08-04 00:43:10.449 31233 31244 I art     : Starting a blocking GC Explicit
08-04 00:43:10.485 31233 31244 I art     : Explicit concurrent mark sweep GC freed 3(96B) AllocSpace objects, 0(0B) LOS objects, 37% free, 26MB/42MB, paused 226us total 35.694ms
08-04 00:43:10.771 31233 31257 I art     : Starting a blocking GC Explicit
08-04 00:43:10.810 31233 31257 I art     : Explicit concurrent mark sweep GC freed 1343(80KB) AllocSpace objects, 1(20KB) LOS objects, 37% free, 26MB/42MB, paused 261us total 38.041ms
08-04 00:43:10.824 31233 31257 I art     : Starting a blocking GC Explicit
08-04 00:43:10.861 31233 31257 I art     : Explicit concurrent mark sweep GC freed 66(2528B) AllocSpace objects, 0(0B) LOS objects, 37% free, 26MB/42MB, paused 257us total 36.424ms
08-04 00:43:10.875 31233 31257 I art     : Starting a blocking GC Explicit
08-04 00:43:10.914 31233 31257 I art     : Explicit concurrent mark sweep GC freed 3(96B) AllocSpace objects, 0(0B) LOS objects, 37% free, 26MB/42MB, paused 336us total 38.056ms
08-04 00:43:10.928 31233 31257 I art     : Starting a blocking GC Explicit
08-04 00:43:10.967 31233 31257 I art     : Explicit concurrent mark sweep GC freed 3(96B) AllocSpace objects, 0(0B) LOS objects, 37% free, 26MB/42MB, paused 257us total 38.214ms
08-04 00:43:10.981 31233 31257 I art     : Starting a blocking GC Explicit
08-04 00:43:11.020 31233 31257 I art     : Explicit concurrent mark sweep GC freed 3(96B) AllocSpace objects, 0(0B) LOS objects, 37% free, 26MB/42MB, paused 278us total 38.447ms
08-04 00:43:11.310 31233 31245 I art     : Starting a blocking GC Explicit
08-04 00:43:11.363 31233 31245 I art     : Explicit concurrent mark sweep GC freed 1343(80KB) AllocSpace objects, 1(20KB) LOS objects, 37% free, 26MB/42MB, paused 269us total 52.866ms
08-04 00:43:11.382 31233 31245 I art     : Starting a blocking GC Explicit
08-04 00:43:11.419 31233 31245 I art     : Explicit concurrent mark sweep GC freed 20(704B) AllocSpace objects, 0(0B) LOS objects, 37% free, 26MB/42MB, paused 255us total 37.517ms
08-04 00:43:11.434 31233 31245 I art     : Starting a blocking GC Explicit
08-04 00:43:11.472 31233 31245 I art     : Explicit concurrent mark sweep GC freed 3(96B) AllocSpace objects, 0(0B) LOS objects, 37% free, 26MB/42MB, paused 253us total 38.018ms
08-04 00:43:11.487 31233 31245 I art     : Starting a blocking GC Explicit
08-04 00:43:11.525 31233 31245 I art     : Explicit concurrent mark sweep GC freed 3(96B) AllocSpace objects, 0(0B) LOS objects, 37% free, 26MB/42MB, paused 254us total 37.993ms
08-04 00:43:11.540 31233 31245 I art     : Starting a blocking GC Explicit
08-04 00:43:11.578 31233 31245 I art     : Explicit concurrent mark sweep GC freed 3(96B) AllocSpace objects, 0(0B) LOS objects, 37% free, 26MB/42MB, paused 259us total 38.030ms
08-04 00:43:11.911 31233 31540 I art     : Starting a blocking GC Explicit
08-04 00:43:11.949 31233 31540 I art     : Explicit concurrent mark sweep GC freed 1343(80KB) AllocSpace objects, 1(20KB) LOS objects, 37% free, 26MB/42MB, paused 248us total 37.909ms
08-04 00:43:11.963 31233 31540 I art     : Starting a blocking GC Explicit
08-04 00:43:11.995 31233 31540 I art     : Explicit concurrent mark sweep GC freed 20(704B) AllocSpace objects, 0(0B) LOS objects, 37% free, 26MB/42MB, paused 232us total 31.677ms
08-04 00:43:12.009 31233 31540 I art     : Starting a blocking GC Explicit
08-04 00:43:12.045 31233 31540 I art     : Explicit concurrent mark sweep GC freed 3(96B) AllocSpace objects, 0(0B) LOS objects, 37% free, 26MB/42MB, paused 266us total 35.703ms
08-04 00:43:12.059 31233 31540 I art     : Starting a blocking GC Explicit
08-04 00:43:12.094 31233 31540 I art     : Explicit concurrent mark sweep GC freed 3(96B) AllocSpace objects, 0(0B) LOS objects, 37% free, 26MB/42MB, paused 251us total 35.220ms
08-04 00:43:12.108 31233 31540 I art     : Starting a blocking GC Explicit
08-04 00:43:12.144 31233 31540 I art     : Explicit concurrent mark sweep GC freed 3(96B) AllocSpace objects, 0(0B) LOS objects, 37% free, 26MB/42MB, paused 247us total 35.627ms
08-04 00:43:12.294 32321 32321 D AndroidRuntime: >>>>>> START com.android.internal.os.RuntimeInit uid 2000 <<<<<<
08-04 00:43:12.299 32321 32321 D AndroidRuntime: CheckJNI is OFF
08-04 00:43:12.330 32321 32321 D ICU     : No timezone override file found: /data/misc/zoneinfo/current/icu/icu_tzdata.dat
08-04 00:43:12.359 32321 32321 I Radio-JNI: register_android_hardware_Radio DONE
08-04 00:43:12.380 32321 32321 D AndroidRuntime: Calling main entry com.android.commands.input.Input
08-04 00:43:12.382 32321 32321 I Input   : injectKeyEvent: KeyEvent { action=ACTION_DOWN, keyCode=KEYCODE_BACK, scanCode=0, metaState=0, flags=0x0, repeatCount=0, eventTime=665008795, downTime=665008795, deviceId=-1, source=0x101 }
08-04 00:43:12.386 32321 32321 I Input   : injectKeyEvent: KeyEvent { action=ACTION_UP, keyCode=KEYCODE_BACK, scanCode=0, metaState=0, flags=0x0, repeatCount=0, eventTime=665008795, downTime=665008795, deviceId=-1, source=0x101 }
08-04 00:43:12.390 32321 32321 D AndroidRuntime: Shutting down VM
08-04 00:43:12.411 31233 31244 I art     : Starting a blocking GC Explicit
08-04 00:43:12.427 13866 13866 I GoogleInputMethodServic: GoogleInputMethodService.onFinishInput():3138 
08-04 00:43:12.428 13866 13866 I GoogleInputMethodServic: GoogleInputMethodService.onStartInput():1808 
08-04 00:43:12.446 31233 31244 I art     : Explicit concurrent mark sweep GC freed 1496(85KB) AllocSpace objects, 1(20KB) LOS objects, 37% free, 26MB/42MB, paused 484us total 35.117ms
08-04 00:43:12.461 31233 31244 I art     : Starting a blocking GC Explicit
08-04 00:43:12.494 31233 31244 I art     : Explicit concurrent mark sweep GC freed 112(3KB) AllocSpace objects, 0(0B) LOS objects, 37% free, 26MB/42MB, paused 242us total 33.311ms
08-04 00:43:12.508 31233 31244 I art     : Starting a blocking GC Explicit
08-04 00:43:12.539 31233 31244 I art     : Explicit concurrent mark sweep GC freed 15(496B) AllocSpace objects, 0(0B) LOS objects, 37% free, 26MB/42MB, paused 216us total 31.172ms
08-04 00:43:12.554 31233 31244 I art     : Starting a blocking GC Explicit
08-04 00:43:12.592 31233 31244 I art     : Explicit concurrent mark sweep GC freed 3(96B) AllocSpace objects, 0(0B) LOS objects, 37% free, 26MB/42MB, paused 266us total 38.298ms
08-04 00:43:12.609 31233 31244 I art     : Starting a blocking GC Explicit
08-04 00:43:12.656 31233 31244 I art     : Explicit concurrent mark sweep GC freed 3(96B) AllocSpace objects, 0(0B) LOS objects, 37% free, 26MB/42MB, paused 336us total 45.785ms
08-04 00:43:12.738   380   380 W SurfaceFlinger: couldn't log to binary event log: overflow.
08-04 00:43:12.908 31233 31540 I art     : Starting a blocking GC Explicit
08-04 00:43:12.947 31233 31540 I art     : Explicit concurrent mark sweep GC freed 1396(82KB) AllocSpace objects, 1(20KB) LOS objects, 37% free, 26MB/42MB, paused 270us total 38.842ms
08-04 00:43:12.964 31233 31540 I art     : Starting a blocking GC Explicit
08-04 00:43:12.996 31233 31540 I art     : Explicit concurrent mark sweep GC freed 22993(1248KB) AllocSpace objects, 5(164KB) LOS objects, 39% free, 24MB/40MB, paused 257us total 31.472ms
08-04 00:43:13.009 31233 31540 I art     : Starting a blocking GC Explicit
08-04 00:43:13.039 31233 31540 I art     : Explicit concurrent mark sweep GC freed 3(96B) AllocSpace objects, 0(0B) LOS objects, 39% free, 24MB/40MB, paused 250us total 30.038ms
08-04 00:43:13.052 31233 31540 I art     : Starting a blocking GC Explicit
08-04 00:43:13.082 31233 31540 I art     : Explicit concurrent mark sweep GC freed 3(96B) AllocSpace objects, 0(0B) LOS objects, 39% free, 24MB/40MB, paused 251us total 29.752ms
08-04 00:43:13.095 31233 31540 I art     : Starting a blocking GC Explicit
08-04 00:43:13.125 31233 31540 I art     : Explicit concurrent mark sweep GC freed 3(96B) AllocSpace objects, 0(0B) LOS objects, 39% free, 24MB/40MB, paused 255us total 29.530ms
08-04 00:43:13.216   918  3261 D WifiStateMachine: starting scan for "H369AA63323"WPA_PSK with 2412,5180
08-04 00:43:13.410 31233 31245 I art     : Starting a blocking GC Explicit
08-04 00:43:13.448 31233 31245 I art     : Explicit concurrent mark sweep GC freed 1347(80KB) AllocSpace objects, 1(20KB) LOS objects, 39% free, 24MB/40MB, paused 261us total 37.302ms
08-04 00:43:13.462 31233 31245 I art     : Starting a blocking GC Explicit
08-04 00:43:13.492 31233 31245 I art     : Explicit concurrent mark sweep GC freed 20(704B) AllocSpace objects, 0(0B) LOS objects, 39% free, 24MB/40MB, paused 258us total 30.166ms
08-04 00:43:13.506 31233 31245 I art     : Starting a blocking GC Explicit
08-04 00:43:13.537 31233 31245 I art     : Explicit concurrent mark sweep GC freed 3(96B) AllocSpace objects, 0(0B) LOS objects, 39% free, 24MB/40MB, paused 345us total 31.299ms
08-04 00:43:13.551 31233 31245 I art     : Starting a blocking GC Explicit
08-04 00:43:13.582 31233 31245 I art     : Explicit concurrent mark sweep GC freed 3(96B) AllocSpace objects, 0(0B) LOS objects, 39% free, 24MB/40MB, paused 257us total 30.529ms
08-04 00:43:13.595 31233 31245 I art     : Starting a blocking GC Explicit
08-04 00:43:13.625 31233 31245 I art     : Explicit concurrent mark sweep GC freed 3(96B) AllocSpace objects, 0(0B) LOS objects, 39% free, 24MB/40MB, paused 246us total 29.924ms
08-04 00:43:13.904 31233 31257 I art     : Starting a blocking GC Explicit
08-04 00:43:13.935 31233 31257 I art     : Explicit concurrent mark sweep GC freed 1344(80KB) AllocSpace objects, 1(20KB) LOS objects, 39% free, 24MB/40MB, paused 265us total 30.831ms
08-04 00:43:13.948 31233 31257 I art     : Starting a blocking GC Explicit
08-04 00:43:13.979 31233 31257 I art     : Explicit concurrent mark sweep GC freed 20(704B) AllocSpace objects, 0(0B) LOS objects, 39% free, 24MB/40MB, paused 265us total 30.272ms
08-04 00:43:13.993 31233 31257 I art     : Starting a blocking GC Explicit
08-04 00:43:14.021 31233 31257 I art     : Explicit concurrent mark sweep GC freed 3(96B) AllocSpace objects, 0(0B) LOS objects, 39% free, 24MB/40MB, paused 258us total 28.541ms
08-04 00:43:14.035 31233 31257 I art     : Starting a blocking GC Explicit
08-04 00:43:14.035 32365 32365 D AndroidRuntime: >>>>>> START com.android.internal.os.RuntimeInit uid 2000 <<<<<<
08-04 00:43:14.040 32365 32365 D AndroidRuntime: CheckJNI is OFF
08-04 00:43:14.064 31233 31257 I art     : Explicit concurrent mark sweep GC freed 3(96B) AllocSpace objects, 0(0B) LOS objects, 39% free, 24MB/40MB, paused 256us total 28.849ms
08-04 00:43:14.077 31233 31257 I art     : Starting a blocking GC Explicit
08-04 00:43:14.078 32365 32365 D ICU     : No timezone override file found: /data/misc/zoneinfo/current/icu/icu_tzdata.dat
08-04 00:43:14.105 31233 31257 I art     : Explicit concurrent mark sweep GC freed 3(96B) AllocSpace objects, 0(0B) LOS objects, 39% free, 24MB/40MB, paused 262us total 27.937ms
08-04 00:43:14.114 32365 32365 I Radio-JNI: register_android_hardware_Radio DONE
08-04 00:43:14.136 32365 32365 D AndroidRuntime: Calling main entry com.android.commands.input.Input
08-04 00:43:14.138 32365 32365 I Input   : injectMotionEvent: MotionEvent { action=ACTION_DOWN, actionButton=0, id[0]=0, x[0]=600.0, y[0]=950.0, toolType[0]=TOOL_TYPE_UNKNOWN, buttonState=0, metaState=0, flags=0x0, edgeFlags=0x0, pointerCount=1, historySize=0, eventTime=665010550, downTime=665010550, deviceId=0, source=0x1002 }
08-04 00:43:14.144 32365 32365 I Input   : injectMotionEvent: MotionEvent { action=ACTION_UP, actionButton=0, id[0]=0, x[0]=600.0, y[0]=950.0, toolType[0]=TOOL_TYPE_UNKNOWN, buttonState=0, metaState=0, flags=0x0, edgeFlags=0x0, pointerCount=1, historySize=0, eventTime=665010550, downTime=665010550, deviceId=0, source=0x1002 }
08-04 00:43:14.145 32365 32365 D AndroidRuntime: Shutting down VM
08-04 00:43:14.159   512  2967 D audio_hw_primary: out_set_parameters: enter: usecase(1: low-latency-playback) kvpairs: routing=2
08-04 00:43:14.162   918  6110 I ActivityManager: START u0 {dat=https://oauth.reddit.com/... cmp=baseline.org.quantumbadger.redreader/.activities.CommentListingActivity} from uid 10666 on display 0
08-04 00:43:14.172   512  2967 D audio_hw_primary: select_devices: out_snd_device(2: speaker) in_snd_device(0: none)
08-04 00:43:14.172   512  2967 D msm8974_platform: platform_send_audio_calibration: sending audio calibration for snd_device(2) acdb_id(15)
08-04 00:43:14.173   512  2967 I soundtrigger: audio_extn_sound_trigger_update_device_status: device 0x2 of type 0 for Event 1
08-04 00:43:14.184 31233 31233 I AppCompatViewInflater: app:theme is now deprecated. Please move to using android:theme instead.
08-04 00:43:14.184   512  2967 D audio_hw_primary: enable_snd_device: snd_device(2: speaker)
08-04 00:43:14.186   512  2967 D audio_hw_primary: enable_audio_route: apply and update mixer path: low-latency-playback speaker
08-04 00:43:14.202 31233 31805 I CommentListingActivity: COMMENTS session changed to 646619d2-6994-428b-8bee-13e49faa7713
08-04 00:43:14.265   918   936 I ActivityManager: Displayed baseline.org.quantumbadger.redreader/.activities.CommentListingActivity: +95ms
08-04 00:43:14.280 13866 13866 I GoogleInputMethodServic: GoogleInputMethodService.onFinishInput():3138 
08-04 00:43:14.281 13866 13866 I GoogleInputMethodServic: GoogleInputMethodService.onStartInput():1808 
08-04 00:43:14.366 31233 31257 I art     : Starting a blocking GC Explicit
08-04 00:43:14.398 31233 31257 I art     : Explicit concurrent mark sweep GC freed 7903(563KB) AllocSpace objects, 3(52KB) LOS objects, 38% free, 25MB/41MB, paused 290us total 31.236ms
08-04 00:43:14.411 31233 31257 I art     : Starting a blocking GC Explicit
08-04 00:43:14.443 31233 31257 I art     : Explicit concurrent mark sweep GC freed 510(24KB) AllocSpace objects, 0(0B) LOS objects, 38% free, 25MB/41MB, paused 265us total 31.386ms
08-04 00:43:14.459 31233 31257 I art     : Starting a blocking GC Explicit
08-04 00:43:14.494 31233 31257 I art     : Explicit concurrent mark sweep GC freed 3(96B) AllocSpace objects, 0(0B) LOS objects, 38% free, 25MB/41MB, paused 248us total 34.800ms
08-04 00:43:14.508 31233 31257 I art     : Starting a blocking GC Explicit
08-04 00:43:14.523   380   380 W SurfaceFlinger: couldn't log to binary event log: overflow.
08-04 00:43:14.541 31233 31257 I art     : Explicit concurrent mark sweep GC freed 3(96B) AllocSpace objects, 0(0B) LOS objects, 38% free, 25MB/41MB, paused 238us total 32.275ms
08-04 00:43:14.553 31233 31257 I art     : Starting a blocking GC Explicit
08-04 00:43:14.581 31233 31257 I art     : Explicit concurrent mark sweep GC freed 3(96B) AllocSpace objects, 0(0B) LOS objects, 38% free, 25MB/41MB, paused 222us total 26.956ms
08-04 00:43:14.651 31233 32265 I RedditChangeDataIO: Writing tmp data file at '/data/user/0/baseline.org.quantumbadger.redreader/files/rr_change_data_tmp.dat'
08-04 00:43:14.652 31233 32265 I RedditChangeDataManager: Taking snapshot...
08-04 00:43:14.652 31233 32265 I RedditChangeDataManager: Writing to stream...
08-04 00:43:14.652 31233 32265 I RedditChangeDataManager: Wrote 3 entries for user ''
08-04 00:43:14.652 31233 32265 I RedditChangeDataManager: All entries written to stream.
08-04 00:43:14.652 31233 32265 I RedditChangeDataIO: Write successful. Atomically replacing data file...
08-04 00:43:14.652 31233 32265 I RedditChangeDataIO: Write complete.
08-04 00:43:14.652 31233 32265 I RedditChangeDataIO: 86 bytes written in 1 ms
08-04 00:43:14.729   512  2967 D audio_hw_primary: disable_audio_route: reset and update mixer path: low-latency-playback speaker
08-04 00:43:14.730   512  2967 D audio_hw_primary: disable_snd_device: snd_device(2: speaker)
08-04 00:43:14.738   512  2967 I soundtrigger: audio_extn_sound_trigger_update_device_status: device 0x2 of type 0 for Event 0
08-04 00:43:14.853 31233 31245 I art     : Starting a blocking GC Explicit
08-04 00:43:14.885 31233 31245 I art     : Explicit concurrent mark sweep GC freed 1506(87KB) AllocSpace objects, 2(88KB) LOS objects, 38% free, 25MB/41MB, paused 245us total 32.012ms
08-04 00:43:14.899 31233 31245 I art     : Starting a blocking GC Explicit
08-04 00:43:14.931 31233 31245 I art     : Explicit concurrent mark sweep GC freed 69(2624B) AllocSpace objects, 0(0B) LOS objects, 38% free, 25MB/41MB, paused 256us total 31.656ms
08-04 00:43:14.944 31233 31245 I art     : Starting a blocking GC Explicit
08-04 00:43:14.976 31233 31245 I art     : Explicit concurrent mark sweep GC freed 3(96B) AllocSpace objects, 0(0B) LOS objects, 38% free, 25MB/41MB, paused 255us total 31.733ms
08-04 00:43:14.990 31233 31245 I art     : Starting a blocking GC Explicit
08-04 00:43:15.023 31233 31245 I art     : Explicit concurrent mark sweep GC freed 3(96B) AllocSpace objects, 0(0B) LOS objects, 38% free, 25MB/41MB, paused 263us total 32.545ms
08-04 00:43:15.037 31233 31245 I art     : Starting a blocking GC Explicit
08-04 00:43:15.069 31233 31245 I art     : Explicit concurrent mark sweep GC freed 3(96B) AllocSpace objects, 0(0B) LOS objects, 38% free, 25MB/41MB, paused 265us total 32.535ms
08-04 00:43:15.353 31233 31244 I art     : Starting a blocking GC Explicit
08-04 00:43:15.388 31233 31244 I art     : Explicit concurrent mark sweep GC freed 1578(116KB) AllocSpace objects, 1(20KB) LOS objects, 38% free, 25MB/41MB, paused 233us total 35.052ms
08-04 00:43:15.402 31233 31244 I art     : Starting a blocking GC Explicit
08-04 00:43:15.433 31233 31244 I art     : Explicit concurrent mark sweep GC freed 85(2880B) AllocSpace objects, 0(0B) LOS objects, 38% free, 25MB/41MB, paused 231us total 31.346ms
08-04 00:43:15.447 31233 31244 I art     : Starting a blocking GC Explicit
08-04 00:43:15.479 31233 31244 I art     : Explicit concurrent mark sweep GC freed 3(96B) AllocSpace objects, 0(0B) LOS objects, 38% free, 25MB/41MB, paused 224us total 31.451ms
08-04 00:43:15.492 31233 31244 I art     : Starting a blocking GC Explicit
08-04 00:43:15.512   918  6112 I ActivityManager: Killing 24360:com.google.android.apps.maps/u0a58 (adj 15): empty #17
08-04 00:43:15.524 31233 31244 I art     : Explicit concurrent mark sweep GC freed 3(96B) AllocSpace objects, 0(0B) LOS objects, 38% free, 25MB/41MB, paused 217us total 31.409ms
08-04 00:43:15.538 31233 31244 I art     : Starting a blocking GC Explicit
08-04 00:43:15.568 31233 31244 I art     : Explicit concurrent mark sweep GC freed 3(96B) AllocSpace objects, 0(0B) LOS objects, 38% free, 25MB/41MB, paused 229us total 29.695ms
08-04 00:43:15.585   918  3696 D ConnectivityService: ConnectivityService NetworkRequestInfo binderDied(NetworkRequest [ id=2454, legacyType=-1, [ Capabilities: INTERNET&NOT_RESTRICTED&TRUSTED] ], android.os.BinderProxy@bf93e4)
08-04 00:43:15.586   918  3263 D ConnectivityService: releasing NetworkRequest NetworkRequest [ id=2454, legacyType=-1, [ Capabilities: INTERNET&NOT_RESTRICTED&TRUSTED] ]
08-04 00:43:15.587   918  3263 E ConnectivityService: RemoteException caught trying to send a callback msg for NetworkRequest [ id=2454, legacyType=-1, [ Capabilities: INTERNET&NOT_RESTRICTED&TRUSTED] ]
08-04 00:43:15.874 31233 31257 I art     : Starting a blocking GC Explicit
08-04 00:43:15.915 31233 31257 I art     : Explicit concurrent mark sweep GC freed 1343(80KB) AllocSpace objects, 1(20KB) LOS objects, 38% free, 25MB/41MB, paused 239us total 40.527ms
08-04 00:43:15.928 31233 31257 I art     : Starting a blocking GC Explicit
08-04 00:43:15.960 31233 31257 I art     : Explicit concurrent mark sweep GC freed 20(704B) AllocSpace objects, 0(0B) LOS objects, 38% free, 25MB/41MB, paused 224us total 31.342ms
08-04 00:43:15.974 31233 31257 I art     : Starting a blocking GC Explicit
08-04 00:43:16.005 31233 31257 I art     : Explicit concurrent mark sweep GC freed 3(96B) AllocSpace objects, 0(0B) LOS objects, 38% free, 25MB/41MB, paused 214us total 31.377ms
08-04 00:43:16.019 31233 31257 I art     : Starting a blocking GC Explicit
08-04 00:43:16.052 31233 31257 I art     : Explicit concurrent mark sweep GC freed 3(96B) AllocSpace objects, 0(0B) LOS objects, 38% free, 25MB/41MB, paused 233us total 32.500ms
08-04 00:43:16.066 31233 31257 I art     : Starting a blocking GC Explicit
08-04 00:43:16.098 31233 31257 I art     : Explicit concurrent mark sweep GC freed 3(96B) AllocSpace objects, 0(0B) LOS objects, 38% free, 25MB/41MB, paused 219us total 32.492ms
08-04 00:43:16.425 31233 31540 I art     : Starting a blocking GC Explicit
08-04 00:43:16.465 31233 31540 I art     : Explicit concurrent mark sweep GC freed 1343(80KB) AllocSpace objects, 1(20KB) LOS objects, 38% free, 25MB/41MB, paused 266us total 40.242ms
08-04 00:43:16.483 31233 31540 I art     : Starting a blocking GC Explicit
08-04 00:43:16.515 31233 31540 I art     : Explicit concurrent mark sweep GC freed 20(704B) AllocSpace objects, 0(0B) LOS objects, 38% free, 25MB/41MB, paused 239us total 31.775ms
08-04 00:43:16.529 31233 31540 I art     : Starting a blocking GC Explicit
08-04 00:43:16.561 31233 31540 I art     : Explicit concurrent mark sweep GC freed 3(96B) AllocSpace objects, 0(0B) LOS objects, 38% free, 25MB/41MB, paused 232us total 32.523ms
08-04 00:43:16.575 31233 31540 I art     : Starting a blocking GC Explicit
08-04 00:43:16.608 31233 31540 I art     : Explicit concurrent mark sweep GC freed 3(96B) AllocSpace objects, 0(0B) LOS objects, 38% free, 25MB/41MB, paused 244us total 32.329ms
08-04 00:43:16.622 31233 31540 I art     : Starting a blocking GC Explicit
08-04 00:43:16.653 31233 31540 I art     : Explicit concurrent mark sweep GC freed 3(96B) AllocSpace objects, 0(0B) LOS objects, 38% free, 25MB/41MB, paused 240us total 31.476ms
08-04 00:43:16.954 31233 31245 I art     : Starting a blocking GC Explicit
08-04 00:43:16.995 31233 31245 I art     : Explicit concurrent mark sweep GC freed 1343(80KB) AllocSpace objects, 1(20KB) LOS objects, 38% free, 25MB/41MB, paused 251us total 40.275ms
08-04 00:43:17.014 31233 31245 I art     : Starting a blocking GC Explicit
08-04 00:43:17.045 31233 31245 I art     : Explicit concurrent mark sweep GC freed 20(704B) AllocSpace objects, 0(0B) LOS objects, 38% free, 25MB/41MB, paused 236us total 30.564ms
08-04 00:43:17.058 31233 31245 I art     : Starting a blocking GC Explicit
08-04 00:43:17.091 31233 31245 I art     : Explicit concurrent mark sweep GC freed 3(96B) AllocSpace objects, 0(0B) LOS objects, 38% free, 25MB/41MB, paused 232us total 32.284ms
08-04 00:43:17.104 31233 31245 I art     : Starting a blocking GC Explicit
08-04 00:43:17.136 31233 31245 I art     : Explicit concurrent mark sweep GC freed 3(96B) AllocSpace objects, 0(0B) LOS objects, 38% free, 25MB/41MB, paused 245us total 31.307ms
08-04 00:43:17.150 31233 31245 I art     : Starting a blocking GC Explicit
08-04 00:43:17.182 31233 31245 I art     : Explicit concurrent mark sweep GC freed 3(96B) AllocSpace objects, 0(0B) LOS objects, 38% free, 25MB/41MB, paused 237us total 32.193ms
08-04 00:43:17.500 31233 31244 I art     : Starting a blocking GC Explicit
08-04 00:43:17.541 31233 31244 I art     : Explicit concurrent mark sweep GC freed 1343(80KB) AllocSpace objects, 1(20KB) LOS objects, 38% free, 25MB/41MB, paused 258us total 39.885ms
08-04 00:43:17.558 31233 31244 I art     : Starting a blocking GC Explicit
08-04 00:43:17.590 31233 31244 I art     : Explicit concurrent mark sweep GC freed 20(704B) AllocSpace objects, 0(0B) LOS objects, 38% free, 25MB/41MB, paused 236us total 32.314ms
08-04 00:43:17.604 31233 31244 I art     : Starting a blocking GC Explicit
08-04 00:43:17.636 31233 31244 I art     : Explicit concurrent mark sweep GC freed 3(96B) AllocSpace objects, 0(0B) LOS objects, 38% free, 25MB/41MB, paused 234us total 31.653ms
08-04 00:43:17.650 31233 31244 I art     : Starting a blocking GC Explicit
08-04 00:43:17.682 31233 31244 I art     : Explicit concurrent mark sweep GC freed 3(96B) AllocSpace objects, 0(0B) LOS objects, 38% free, 25MB/41MB, paused 238us total 32.366ms
08-04 00:43:17.696 31233 31244 I art     : Starting a blocking GC Explicit
08-04 00:43:17.728 31233 31244 I art     : Explicit concurrent mark sweep GC freed 3(96B) AllocSpace objects, 0(0B) LOS objects, 38% free, 25MB/41MB, paused 243us total 31.664ms
08-04 00:43:18.043 31233 31257 I art     : Starting a blocking GC Explicit
08-04 00:43:18.087 31233 31257 I art     : Explicit concurrent mark sweep GC freed 1345(80KB) AllocSpace objects, 1(20KB) LOS objects, 38% free, 25MB/41MB, paused 250us total 43.021ms
08-04 00:43:18.101 31233 31257 I art     : Starting a blocking GC Explicit
08-04 00:43:18.134 31233 31257 I art     : Explicit concurrent mark sweep GC freed 20(704B) AllocSpace objects, 0(0B) LOS objects, 38% free, 25MB/41MB, paused 241us total 32.231ms
08-04 00:43:18.148 31233 31257 I art     : Starting a blocking GC Explicit
08-04 00:43:18.180 31233 31257 I art     : Explicit concurrent mark sweep GC freed 3(96B) AllocSpace objects, 0(0B) LOS objects, 38% free, 25MB/41MB, paused 235us total 32.205ms
08-04 00:43:18.194 31233 31257 I art     : Starting a blocking GC Explicit
08-04 00:43:18.226 31233 31257 I art     : Explicit concurrent mark sweep GC freed 3(96B) AllocSpace objects, 0(0B) LOS objects, 38% free, 25MB/41MB, paused 222us total 31.522ms
08-04 00:43:18.240 31233 31257 I art     : Starting a blocking GC Explicit
08-04 00:43:18.272 31233 31257 I art     : Explicit concurrent mark sweep GC freed 3(96B) AllocSpace objects, 0(0B) LOS objects, 38% free, 25MB/41MB, paused 235us total 32.308ms
08-04 00:43:18.538 31233 31540 I art     : Starting a blocking GC Explicit
08-04 00:43:18.570 31233 31540 I art     : Explicit concurrent mark sweep GC freed 1343(80KB) AllocSpace objects, 1(20KB) LOS objects, 38% free, 25MB/41MB, paused 232us total 31.456ms
08-04 00:43:18.583 31233 31540 I art     : Starting a blocking GC Explicit
08-04 00:43:18.615 31233 31540 I art     : Explicit concurrent mark sweep GC freed 20(704B) AllocSpace objects, 0(0B) LOS objects, 38% free, 25MB/41MB, paused 235us total 31.496ms
08-04 00:43:18.629 31233 31540 I art     : Starting a blocking GC Explicit
08-04 00:43:18.659 31233 31540 I art     : Explicit concurrent mark sweep GC freed 3(96B) AllocSpace objects, 0(0B) LOS objects, 38% free, 25MB/41MB, paused 241us total 29.884ms
08-04 00:43:18.672 31233 31540 I art     : Starting a blocking GC Explicit
08-04 00:43:18.702 31233 31540 I art     : Explicit concurrent mark sweep GC freed 3(96B) AllocSpace objects, 0(0B) LOS objects, 38% free, 25MB/41MB, paused 223us total 29.668ms
08-04 00:43:18.715 31233 31540 I art     : Starting a blocking GC Explicit
08-04 00:43:18.746 31233 31540 I art     : Explicit concurrent mark sweep GC freed 3(96B) AllocSpace objects, 0(0B) LOS objects, 38% free, 25MB/41MB, paused 233us total 30.323ms
08-04 00:43:18.830 32471 32471 D AndroidRuntime: >>>>>> START com.android.internal.os.RuntimeInit uid 2000 <<<<<<
08-04 00:43:18.836 32471 32471 D AndroidRuntime: CheckJNI is OFF
08-04 00:43:18.875 32471 32471 D ICU     : No timezone override file found: /data/misc/zoneinfo/current/icu/icu_tzdata.dat
08-04 00:43:18.911 32471 32471 I Radio-JNI: register_android_hardware_Radio DONE
08-04 00:43:18.932 32471 32471 D AndroidRuntime: Calling main entry com.android.commands.input.Input
08-04 00:43:18.934 32471 32471 I Input   : injectKeyEvent: KeyEvent { action=ACTION_DOWN, keyCode=KEYCODE_BACK, scanCode=0, metaState=0, flags=0x0, repeatCount=0, eventTime=665015348, downTime=665015348, deviceId=-1, source=0x101 }
08-04 00:43:18.947 32471 32471 I Input   : injectKeyEvent: KeyEvent { action=ACTION_UP, keyCode=KEYCODE_BACK, scanCode=0, metaState=0, flags=0x0, repeatCount=0, eventTime=665015348, downTime=665015348, deviceId=-1, source=0x101 }
08-04 00:43:18.953 32471 32471 D AndroidRuntime: Shutting down VM
08-04 00:43:18.988 13866 13866 I GoogleInputMethodServic: GoogleInputMethodService.onFinishInput():3138 
08-04 00:43:18.989 13866 13866 I GoogleInputMethodServic: GoogleInputMethodService.onStartInput():1808 
08-04 00:43:19.021 31233 31540 I art     : Starting a blocking GC Explicit
08-04 00:43:19.051 31233 31540 I art     : Explicit concurrent mark sweep GC freed 1585(88KB) AllocSpace objects, 1(20KB) LOS objects, 38% free, 25MB/41MB, paused 256us total 29.112ms
08-04 00:43:19.063 31233 31540 I art     : Starting a blocking GC Explicit
08-04 00:43:19.091 31233 31540 I art     : Explicit concurrent mark sweep GC freed 26(944B) AllocSpace objects, 0(0B) LOS objects, 38% free, 25MB/41MB, paused 225us total 27.385ms
08-04 00:43:19.104 31233 31540 I art     : Starting a blocking GC Explicit
08-04 00:43:19.137 31233 31540 I art     : Explicit concurrent mark sweep GC freed 3(96B) AllocSpace objects, 0(0B) LOS objects, 38% free, 25MB/41MB, paused 230us total 32.444ms
08-04 00:43:19.151 31233 31540 I art     : Starting a blocking GC Explicit
08-04 00:43:19.190 31233 31540 I art     : Explicit concurrent mark sweep GC freed 3(96B) AllocSpace objects, 0(0B) LOS objects, 38% free, 25MB/41MB, paused 224us total 39.259ms
08-04 00:43:19.206 31233 31540 I art     : Starting a blocking GC Explicit
08-04 00:43:19.245 31233 31540 I art     : Explicit concurrent mark sweep GC freed 3(96B) AllocSpace objects, 0(0B) LOS objects, 38% free, 25MB/41MB, paused 205us total 38.345ms
08-04 00:43:19.311   380   380 W SurfaceFlinger: couldn't log to binary event log: overflow.
08-04 00:43:19.492 31233 31245 I art     : Starting a blocking GC Explicit
08-04 00:43:19.526 31233 31245 I art     : Explicit concurrent mark sweep GC freed 1395(82KB) AllocSpace objects, 1(20KB) LOS objects, 38% free, 25MB/41MB, paused 274us total 34.100ms
08-04 00:43:19.543 31233 31245 I art     : Starting a blocking GC Explicit
08-04 00:43:19.573 31233 31245 I art     : Explicit concurrent mark sweep GC freed 3855(310KB) AllocSpace objects, 5(140KB) LOS objects, 39% free, 24MB/40MB, paused 232us total 29.904ms
08-04 00:43:19.586 31233 31245 I art     : Starting a blocking GC Explicit
08-04 00:43:19.616 31233 31245 I art     : Explicit concurrent mark sweep GC freed 3(96B) AllocSpace objects, 0(0B) LOS objects, 39% free, 24MB/40MB, paused 238us total 29.897ms
08-04 00:43:19.629 31233 31245 I art     : Starting a blocking GC Explicit
08-04 00:43:19.660 31233 31245 I art     : Explicit concurrent mark sweep GC freed 3(96B) AllocSpace objects, 0(0B) LOS objects, 39% free, 24MB/40MB, paused 235us total 30.400ms
08-04 00:43:19.674 31233 31245 I art     : Starting a blocking GC Explicit
08-04 00:43:19.705 31233 31245 I art     : Explicit concurrent mark sweep GC freed 3(96B) AllocSpace objects, 0(0B) LOS objects, 39% free, 24MB/40MB, paused 239us total 30.876ms
08-04 00:43:19.998 31233 31257 I art     : Starting a blocking GC Explicit
08-04 00:43:20.037 31233 31257 I art     : Explicit concurrent mark sweep GC freed 1343(80KB) AllocSpace objects, 1(20KB) LOS objects, 39% free, 24MB/40MB, paused 250us total 38.784ms
08-04 00:43:20.055 31233 31257 I art     : Starting a blocking GC Explicit
08-04 00:43:20.086 31233 31257 I art     : Explicit concurrent mark sweep GC freed 20(704B) AllocSpace objects, 0(0B) LOS objects, 39% free, 24MB/40MB, paused 259us total 30.177ms
08-04 00:43:20.099 31233 31257 I art     : Starting a blocking GC Explicit
08-04 00:43:20.129 31233 31257 I art     : Explicit concurrent mark sweep GC freed 3(96B) AllocSpace objects, 0(0B) LOS objects, 39% free, 24MB/40MB, paused 235us total 29.878ms
08-04 00:43:20.143 31233 31257 I art     : Starting a blocking GC Explicit
08-04 00:43:20.173 31233 31257 I art     : Explicit concurrent mark sweep GC freed 3(96B) AllocSpace objects, 0(0B) LOS objects, 39% free, 24MB/40MB, paused 235us total 30.514ms
08-04 00:43:20.188 31233 31257 I art     : Starting a blocking GC Explicit
08-04 00:43:20.216 31233 31257 I art     : Explicit concurrent mark sweep GC freed 3(96B) AllocSpace objects, 0(0B) LOS objects, 39% free, 24MB/40MB, paused 228us total 28.084ms
08-04 00:43:20.480 31233 31244 I art     : Starting a blocking GC Explicit
08-04 00:43:20.511 31233 31244 I art     : Explicit concurrent mark sweep GC freed 1343(80KB) AllocSpace objects, 1(20KB) LOS objects, 39% free, 24MB/40MB, paused 233us total 30.602ms
08-04 00:43:20.525 31233 31244 I art     : Starting a blocking GC Explicit
08-04 00:43:20.554 31233 31244 I art     : Explicit concurrent mark sweep GC freed 20(704B) AllocSpace objects, 0(0B) LOS objects, 39% free, 24MB/40MB, paused 230us total 29.091ms
08-04 00:43:20.568 31233 31244 I art     : Starting a blocking GC Explicit
08-04 00:43:20.596 31233 31244 I art     : Explicit concurrent mark sweep GC freed 3(96B) AllocSpace objects, 0(0B) LOS objects, 39% free, 24MB/40MB, paused 221us total 28.496ms
08-04 00:43:20.610 31233 31244 I art     : Starting a blocking GC Explicit
08-04 00:43:20.612 32526 32526 D AndroidRuntime: >>>>>> START com.android.internal.os.RuntimeInit uid 2000 <<<<<<
08-04 00:43:20.617 32526 32526 D AndroidRuntime: CheckJNI is OFF
08-04 00:43:20.638 31233 31244 I art     : Explicit concurrent mark sweep GC freed 3(96B) AllocSpace objects, 0(0B) LOS objects, 39% free, 24MB/40MB, paused 227us total 28.662ms
08-04 00:43:20.651 31233 31244 I art     : Starting a blocking GC Explicit
08-04 00:43:20.655 32526 32526 D ICU     : No timezone override file found: /data/misc/zoneinfo/current/icu/icu_tzdata.dat
08-04 00:43:20.679 31233 31244 I art     : Explicit concurrent mark sweep GC freed 3(96B) AllocSpace objects, 0(0B) LOS objects, 39% free, 24MB/40MB, paused 240us total 28.058ms
08-04 00:43:20.690 32526 32526 I Radio-JNI: register_android_hardware_Radio DONE
08-04 00:43:20.712 32526 32526 D AndroidRuntime: Calling main entry com.android.commands.input.Input
08-04 00:43:20.713 32526 32526 I Input   : injectMotionEvent: MotionEvent { action=ACTION_DOWN, actionButton=0, id[0]=0, x[0]=600.0, y[0]=700.0, toolType[0]=TOOL_TYPE_UNKNOWN, buttonState=0, metaState=0, flags=0x0, edgeFlags=0x0, pointerCount=1, historySize=0, eventTime=665017126, downTime=665017126, deviceId=0, source=0x1002 }
08-04 00:43:20.719 32526 32526 I Input   : injectMotionEvent: MotionEvent { action=ACTION_UP, actionButton=0, id[0]=0, x[0]=600.0, y[0]=700.0, toolType[0]=TOOL_TYPE_UNKNOWN, buttonState=0, metaState=0, flags=0x0, edgeFlags=0x0, pointerCount=1, historySize=0, eventTime=665017126, downTime=665017126, deviceId=0, source=0x1002 }
08-04 00:43:20.720 32526 32526 D AndroidRuntime: Shutting down VM
08-04 00:43:20.733   512  2967 D audio_hw_primary: out_set_parameters: enter: usecase(1: low-latency-playback) kvpairs: routing=2
08-04 00:43:20.734   918  5952 I ActivityManager: START u0 {dat=https://oauth.reddit.com/... cmp=baseline.org.quantumbadger.redreader/.activities.CommentListingActivity} from uid 10666 on display 0
08-04 00:43:20.746   512  2967 D audio_hw_primary: select_devices: out_snd_device(2: speaker) in_snd_device(0: none)
08-04 00:43:20.746   512  2967 D msm8974_platform: platform_send_audio_calibration: sending audio calibration for snd_device(2) acdb_id(15)
08-04 00:43:20.746   512  2967 I soundtrigger: audio_extn_sound_trigger_update_device_status: device 0x2 of type 0 for Event 1
08-04 00:43:20.757   512  2967 D audio_hw_primary: enable_snd_device: snd_device(2: speaker)
08-04 00:43:20.760   512  2967 D audio_hw_primary: enable_audio_route: apply and update mixer path: low-latency-playback speaker
08-04 00:43:20.763 31233 31233 I AppCompatViewInflater: app:theme is now deprecated. Please move to using android:theme instead.
08-04 00:43:20.779 31233 31805 I CommentListingActivity: COMMENTS session changed to c7f70e4c-f013-444f-b83a-497b5aa5ca1e
08-04 00:43:20.932   918   936 I ActivityManager: Displayed baseline.org.quantumbadger.redreader/.activities.CommentListingActivity: +188ms
08-04 00:43:20.932 13866 13866 I GoogleInputMethodServic: GoogleInputMethodService.onFinishInput():3138 
08-04 00:43:20.933 13866 13866 I GoogleInputMethodServic: GoogleInputMethodService.onStartInput():1808 
08-04 00:43:20.943 31233 31245 I art     : Starting a blocking GC Explicit
08-04 00:43:20.992 31233 31245 I art     : Explicit concurrent mark sweep GC freed 43324(2MB) AllocSpace objects, 4(72KB) LOS objects, 35% free, 28MB/44MB, paused 401us total 48.809ms
08-04 00:43:21.008 31233 31245 I art     : Starting a blocking GC Explicit
08-04 00:43:21.046 31233 31245 I art     : Explicit concurrent mark sweep GC freed 22451(1063KB) AllocSpace objects, 0(0B) LOS objects, 36% free, 27MB/43MB, paused 234us total 38.331ms
08-04 00:43:21.061 31233 31245 I art     : Starting a blocking GC Explicit
08-04 00:43:21.107 31233 31245 I art     : Explicit concurrent mark sweep GC freed 14(672B) AllocSpace objects, 0(0B) LOS objects, 36% free, 27MB/43MB, paused 388us total 46.337ms
08-04 00:43:21.124 31233 31245 I art     : Starting a blocking GC Explicit
08-04 00:43:21.177 31233 31245 I art     : Explicit concurrent mark sweep GC freed 3(96B) AllocSpace objects, 0(0B) LOS objects, 36% free, 27MB/43MB, paused 318us total 52.693ms
08-04 00:43:21.181   380   380 W SurfaceFlinger: couldn't log to binary event log: overflow.
08-04 00:43:21.197 31233 31245 I art     : Starting a blocking GC Explicit
08-04 00:43:21.234 31233 31245 I art     : Explicit concurrent mark sweep GC freed 3(96B) AllocSpace objects, 0(0B) LOS objects, 36% free, 27MB/43MB, paused 212us total 36.985ms
08-04 00:43:21.299   512  2967 D audio_hw_primary: disable_audio_route: reset and update mixer path: low-latency-playback speaker
08-04 00:43:21.301   512  2967 D audio_hw_primary: disable_snd_device: snd_device(2: speaker)
08-04 00:43:21.309   512  2967 I soundtrigger: audio_extn_sound_trigger_update_device_status: device 0x2 of type 0 for Event 0
08-04 00:43:21.535 31233 31540 I art     : Starting a blocking GC Explicit
08-04 00:43:21.581 31233 31540 I art     : Explicit concurrent mark sweep GC freed 1436(83KB) AllocSpace objects, 1(20KB) LOS objects, 36% free, 27MB/43MB, paused 261us total 46.289ms
08-04 00:43:21.597 31233 31540 I art     : Starting a blocking GC Explicit
08-04 00:43:21.640 31233 31540 I art     : Explicit concurrent mark sweep GC freed 24(832B) AllocSpace objects, 0(0B) LOS objects, 36% free, 27MB/43MB, paused 219us total 42.419ms
08-04 00:43:21.655 31233 31540 I art     : Starting a blocking GC Explicit
08-04 00:43:21.697 31233 31540 I art     : Explicit concurrent mark sweep GC freed 3(96B) AllocSpace objects, 0(0B) LOS objects, 36% free, 27MB/43MB, paused 241us total 41.152ms
08-04 00:43:21.712 31233 31540 I art     : Starting a blocking GC Explicit
08-04 00:43:21.754 31233 31540 I art     : Explicit concurrent mark sweep GC freed 3(96B) AllocSpace objects, 0(0B) LOS objects, 36% free, 27MB/43MB, paused 222us total 41.969ms
08-04 00:43:21.770 31233 31540 I art     : Starting a blocking GC Explicit
08-04 00:43:21.812 31233 31540 I art     : Explicit concurrent mark sweep GC freed 3(96B) AllocSpace objects, 0(0B) LOS objects, 36% free, 27MB/43MB, paused 244us total 41.947ms
08-04 00:43:22.073 31233 31245 I art     : Starting a blocking GC Explicit
08-04 00:43:22.122 31233 31245 I art     : Explicit concurrent mark sweep GC freed 1343(80KB) AllocSpace objects, 1(20KB) LOS objects, 36% free, 27MB/43MB, paused 279us total 47.984ms
08-04 00:43:22.141 31233 31245 I art     : Starting a blocking GC Explicit
08-04 00:43:22.185 31233 31245 I art     : Explicit concurrent mark sweep GC freed 66(2528B) AllocSpace objects, 0(0B) LOS objects, 36% free, 27MB/43MB, paused 247us total 43.630ms
08-04 00:43:22.201 31233 31245 I art     : Starting a blocking GC Explicit
08-04 00:43:22.244 31233 31245 I art     : Explicit concurrent mark sweep GC freed 3(96B) AllocSpace objects, 0(0B) LOS objects, 36% free, 27MB/43MB, paused 234us total 42.659ms
08-04 00:43:22.260 31233 31245 I art     : Starting a blocking GC Explicit
08-04 00:43:22.300 31233 31245 I art     : Explicit concurrent mark sweep GC freed 3(96B) AllocSpace objects, 0(0B) LOS objects, 36% free, 27MB/43MB, paused 238us total 40.142ms
08-04 00:43:22.315 31233 31245 I art     : Starting a blocking GC Explicit
08-04 00:43:22.358 31233 31245 I art     : Explicit concurrent mark sweep GC freed 3(96B) AllocSpace objects, 0(0B) LOS objects, 36% free, 27MB/43MB, paused 245us total 42.187ms
08-04 00:43:22.663 31233 31540 I art     : Starting a blocking GC Explicit
08-04 00:43:22.718 31233 31540 I art     : Explicit concurrent mark sweep GC freed 1343(80KB) AllocSpace objects, 1(20KB) LOS objects, 36% free, 27MB/43MB, paused 295us total 55.304ms
08-04 00:43:22.738 31233 31540 I art     : Starting a blocking GC Explicit
08-04 00:43:22.782 31233 31540 I art     : Explicit concurrent mark sweep GC freed 20(704B) AllocSpace objects, 0(0B) LOS objects, 36% free, 27MB/43MB, paused 252us total 44.483ms
08-04 00:43:22.798 31233 31540 I art     : Starting a blocking GC Explicit
08-04 00:43:22.842 31233 31540 I art     : Explicit concurrent mark sweep GC freed 3(96B) AllocSpace objects, 0(0B) LOS objects, 36% free, 27MB/43MB, paused 259us total 43.974ms
08-04 00:43:22.858 31233 31540 I art     : Starting a blocking GC Explicit
08-04 00:43:22.901 31233 31540 I art     : Explicit concurrent mark sweep GC freed 3(96B) AllocSpace objects, 0(0B) LOS objects, 36% free, 27MB/43MB, paused 246us total 42.536ms
08-04 00:43:22.917 31233 31540 I art     : Starting a blocking GC Explicit
08-04 00:43:22.959 31233 31540 I art     : Explicit concurrent mark sweep GC freed 3(96B) AllocSpace objects, 0(0B) LOS objects, 36% free, 27MB/43MB, paused 239us total 42.077ms
08-04 00:43:23.278 31233 31257 I art     : Starting a blocking GC Explicit
08-04 00:43:23.340 31233 31257 I art     : Explicit concurrent mark sweep GC freed 1343(80KB) AllocSpace objects, 1(20KB) LOS objects, 36% free, 27MB/43MB, paused 274us total 61.292ms
08-04 00:43:23.359 31233 31257 I art     : Starting a blocking GC Explicit
08-04 00:43:23.401 31233 31257 I art     : Explicit concurrent mark sweep GC freed 20(704B) AllocSpace objects, 0(0B) LOS objects, 36% free, 27MB/43MB, paused 245us total 41.432ms
08-04 00:43:23.416 31233 31257 I art     : Starting a blocking GC Explicit
08-04 00:43:23.460 31233 31257 I art     : Explicit concurrent mark sweep GC freed 3(96B) AllocSpace objects, 0(0B) LOS objects, 36% free, 27MB/43MB, paused 246us total 43.681ms
08-04 00:43:23.476 31233 31257 I art     : Starting a blocking GC Explicit
08-04 00:43:23.519 31233 31257 I art     : Explicit concurrent mark sweep GC freed 3(96B) AllocSpace objects, 0(0B) LOS objects, 36% free, 27MB/43MB, paused 243us total 43.007ms
08-04 00:43:23.535 31233 31257 I art     : Starting a blocking GC Explicit
08-04 00:43:23.579 31233 31257 I art     : Explicit concurrent mark sweep GC freed 3(96B) AllocSpace objects, 0(0B) LOS objects, 36% free, 27MB/43MB, paused 248us total 44.021ms
08-04 00:43:23.890 31233 31244 I art     : Starting a blocking GC Explicit
08-04 00:43:23.944 31233 31244 I art     : Explicit concurrent mark sweep GC freed 1343(80KB) AllocSpace objects, 1(20KB) LOS objects, 36% free, 27MB/43MB, paused 273us total 53.716ms
08-04 00:43:23.967 31233 31244 I art     : Starting a blocking GC Explicit
08-04 00:43:24.008 31233 31244 I art     : Explicit concurrent mark sweep GC freed 20(704B) AllocSpace objects, 0(0B) LOS objects, 36% free, 27MB/43MB, paused 240us total 40.985ms
08-04 00:43:24.023 31233 31244 I art     : Starting a blocking GC Explicit
08-04 00:43:24.066 31233 31244 I art     : Explicit concurrent mark sweep GC freed 3(96B) AllocSpace objects, 0(0B) LOS objects, 36% free, 27MB/43MB, paused 242us total 42.693ms
08-04 00:43:24.081 31233 31244 I art     : Starting a blocking GC Explicit
08-04 00:43:24.124 31233 31244 I art     : Explicit concurrent mark sweep GC freed 3(96B) AllocSpace objects, 0(0B) LOS objects, 36% free, 27MB/43MB, paused 240us total 42.529ms
08-04 00:43:24.140 31233 31244 I art     : Starting a blocking GC Explicit
08-04 00:43:24.167 26997 26997 I Atfwd_Sendcmd: AtCmdFwd service not ready - Exhausted retry attempts - :6
08-04 00:43:24.167 26997 26997 I Atfwd_Daemon: result : -1 	 ,Init step :2 	 ,qmiErrorCode: 0
08-04 00:43:24.184 31233 31244 I art     : Explicit concurrent mark sweep GC freed 3(96B) AllocSpace objects, 0(0B) LOS objects, 36% free, 27MB/43MB, paused 243us total 44.092ms
08-04 00:43:24.441   918  3188 I hubconnection: sensorhub said: 'set_bias 3: -6.2400, 0.0000, 0.0000'
08-04 00:43:24.494 31233 31245 I art     : Starting a blocking GC Explicit
08-04 00:43:24.550 31233 31245 I art     : Explicit concurrent mark sweep GC freed 1343(80KB) AllocSpace objects, 1(20KB) LOS objects, 36% free, 27MB/43MB, paused 270us total 55.239ms
08-04 00:43:24.570 31233 31245 I art     : Starting a blocking GC Explicit
08-04 00:43:24.613 31233 31245 I art     : Explicit concurrent mark sweep GC freed 20(704B) AllocSpace objects, 0(0B) LOS objects, 36% free, 27MB/43MB, paused 248us total 42.557ms
08-04 00:43:24.629 31233 31245 I art     : Starting a blocking GC Explicit
08-04 00:43:24.674 31233 31245 I art     : Explicit concurrent mark sweep GC freed 3(96B) AllocSpace objects, 0(0B) LOS objects, 36% free, 27MB/43MB, paused 242us total 44.506ms
08-04 00:43:24.690 31233 31245 I art     : Starting a blocking GC Explicit
08-04 00:43:24.733 31233 31245 I art     : Explicit concurrent mark sweep GC freed 3(96B) AllocSpace objects, 0(0B) LOS objects, 36% free, 27MB/43MB, paused 244us total 42.977ms
08-04 00:43:24.748 31233 31245 I art     : Starting a blocking GC Explicit
08-04 00:43:24.793 31233 31245 I art     : Explicit concurrent mark sweep GC freed 3(96B) AllocSpace objects, 0(0B) LOS objects, 36% free, 27MB/43MB, paused 250us total 44.393ms
08-04 00:43:25.081 31233 31540 I art     : Starting a blocking GC Explicit
08-04 00:43:25.125 31233 31540 I art     : Explicit concurrent mark sweep GC freed 1345(80KB) AllocSpace objects, 1(20KB) LOS objects, 36% free, 27MB/43MB, paused 259us total 43.551ms
08-04 00:43:25.141 31233 31540 I art     : Starting a blocking GC Explicit
08-04 00:43:25.184 31233 31540 I art     : Explicit concurrent mark sweep GC freed 20(704B) AllocSpace objects, 0(0B) LOS objects, 36% free, 27MB/43MB, paused 242us total 42.725ms
08-04 00:43:25.199 31233 31540 I art     : Starting a blocking GC Explicit
08-04 00:43:25.240 31233 31540 I art     : Explicit concurrent mark sweep GC freed 3(96B) AllocSpace objects, 0(0B) LOS objects, 36% free, 27MB/43MB, paused 240us total 41.280ms
08-04 00:43:25.255 31233 31540 I art     : Starting a blocking GC Explicit
08-04 00:43:25.298 31233 31540 I art     : Explicit concurrent mark sweep GC freed 3(96B) AllocSpace objects, 0(0B) LOS objects, 36% free, 27MB/43MB, paused 235us total 42.259ms
08-04 00:43:25.313 31233 31540 I art     : Starting a blocking GC Explicit
08-04 00:43:25.355 31233 31540 I art     : Explicit concurrent mark sweep GC freed 3(96B) AllocSpace objects, 0(0B) LOS objects, 36% free, 27MB/43MB, paused 246us total 42.064ms
08-04 00:43:25.405 32623 32623 D AndroidRuntime: >>>>>> START com.android.internal.os.RuntimeInit uid 2000 <<<<<<
08-04 00:43:25.410 32623 32623 D AndroidRuntime: CheckJNI is OFF
08-04 00:43:25.444 32623 32623 D ICU     : No timezone override file found: /data/misc/zoneinfo/current/icu/icu_tzdata.dat
08-04 00:43:25.478 32623 32623 I Radio-JNI: register_android_hardware_Radio DONE
08-04 00:43:25.500 32623 32623 D AndroidRuntime: Calling main entry com.android.commands.input.Input
08-04 00:43:25.502 32623 32623 I Input   : injectKeyEvent: KeyEvent { action=ACTION_DOWN, keyCode=KEYCODE_BACK, scanCode=0, metaState=0, flags=0x0, repeatCount=0, eventTime=665021914, downTime=665021914, deviceId=-1, source=0x101 }
08-04 00:43:25.508 32623 32623 I Input   : injectKeyEvent: KeyEvent { action=ACTION_UP, keyCode=KEYCODE_BACK, scanCode=0, metaState=0, flags=0x0, repeatCount=0, eventTime=665021914, downTime=665021914, deviceId=-1, source=0x101 }
08-04 00:43:25.517 32623 32623 D AndroidRuntime: Shutting down VM
08-04 00:43:25.560 13866 13866 I GoogleInputMethodServic: GoogleInputMethodService.onFinishInput():3138 
08-04 00:43:25.561 13866 13866 I GoogleInputMethodServic: GoogleInputMethodService.onStartInput():1808 
08-04 00:43:25.618 31233 31257 I art     : Starting a blocking GC Explicit
08-04 00:43:25.656 31233 31257 I art     : Explicit concurrent mark sweep GC freed 1587(88KB) AllocSpace objects, 1(20KB) LOS objects, 36% free, 27MB/43MB, paused 211us total 37.418ms
08-04 00:43:25.670 31233 31257 I art     : Starting a blocking GC Explicit
08-04 00:43:25.711 31233 31257 I art     : Explicit concurrent mark sweep GC freed 24(864B) AllocSpace objects, 0(0B) LOS objects, 36% free, 27MB/43MB, paused 245us total 40.554ms
08-04 00:43:25.726 31233 31257 I art     : Starting a blocking GC Explicit
08-04 00:43:25.745 31233 32550 I RedditChangeDataIO: Writing tmp data file at '/data/user/0/baseline.org.quantumbadger.redreader/files/rr_change_data_tmp.dat'
08-04 00:43:25.745 31233 32550 I RedditChangeDataManager: Taking snapshot...
08-04 00:43:25.745 31233 32550 I RedditChangeDataManager: Writing to stream...
08-04 00:43:25.746 31233 32550 I RedditChangeDataManager: Wrote 3 entries for user ''
08-04 00:43:25.746 31233 32550 I RedditChangeDataManager: All entries written to stream.
08-04 00:43:25.746 31233 32550 I RedditChangeDataIO: Write successful. Atomically replacing data file...
08-04 00:43:25.746 31233 32550 I RedditChangeDataIO: Write complete.
08-04 00:43:25.746 31233 32550 I RedditChangeDataIO: 86 bytes written in 1 ms
08-04 00:43:25.777 31233 31257 I art     : Explicit concurrent mark sweep GC freed 75(4KB) AllocSpace objects, 1(68KB) LOS objects, 36% free, 27MB/43MB, paused 285us total 49.871ms
08-04 00:43:25.795 31233 31257 I art     : Starting a blocking GC Explicit
08-04 00:43:25.849 31233 31257 I art     : Explicit concurrent mark sweep GC freed 12(560B) AllocSpace objects, 0(0B) LOS objects, 36% free, 27MB/43MB, paused 230us total 53.815ms
08-04 00:43:25.864 31233 31257 I art     : Starting a blocking GC Explicit
08-04 00:43:25.868   380   380 W SurfaceFlinger: couldn't log to binary event log: overflow.
08-04 00:43:25.904 31233 31257 I art     : Explicit concurrent mark sweep GC freed 54(2032B) AllocSpace objects, 0(0B) LOS objects, 36% free, 27MB/43MB, paused 229us total 39.176ms
08-04 00:43:26.198 31233 31245 I art     : Starting a blocking GC Explicit
08-04 00:43:26.253 31233 31245 I art     : Explicit concurrent mark sweep GC freed 1348(80KB) AllocSpace objects, 1(20KB) LOS objects, 36% free, 27MB/43MB, paused 278us total 54.660ms
08-04 00:43:26.271 31233 31245 I art     : Starting a blocking GC Explicit
08-04 00:43:26.306 31233 31245 I art     : Explicit concurrent mark sweep GC freed 46775(2MB) AllocSpace objects, 5(140KB) LOS objects, 39% free, 24MB/40MB, paused 238us total 34.908ms
08-04 00:43:26.319 31233 31245 I art     : Starting a blocking GC Explicit
08-04 00:43:26.350 31233 31245 I art     : Explicit concurrent mark sweep GC freed 3(96B) AllocSpace objects, 0(0B) LOS objects, 39% free, 24MB/40MB, paused 238us total 29.881ms
08-04 00:43:26.363 31233 31245 I art     : Starting a blocking GC Explicit
08-04 00:43:26.393 31233 31245 I art     : Explicit concurrent mark sweep GC freed 3(96B) AllocSpace objects, 0(0B) LOS objects, 39% free, 24MB/40MB, paused 238us total 29.698ms
08-04 00:43:26.407 31233 31245 I art     : Starting a blocking GC Explicit
08-04 00:43:26.437 31233 31245 I art     : Explicit concurrent mark sweep GC freed 3(96B) AllocSpace objects, 0(0B) LOS objects, 39% free, 24MB/40MB, paused 259us total 29.866ms
08-04 00:43:26.722 31233 31540 I art     : Starting a blocking GC Explicit
08-04 00:43:26.755 31233 31540 I art     : Explicit concurrent mark sweep GC freed 1343(80KB) AllocSpace objects, 1(20KB) LOS objects, 39% free, 24MB/40MB, paused 264us total 32.982ms
08-04 00:43:26.775 31233 31540 I art     : Starting a blocking GC Explicit
08-04 00:43:26.804 31233 31540 I art     : Explicit concurrent mark sweep GC freed 20(704B) AllocSpace objects, 0(0B) LOS objects, 39% free, 24MB/40MB, paused 261us total 28.392ms
08-04 00:43:26.817 31233 31540 I art     : Starting a blocking GC Explicit
08-04 00:43:26.845 31233 31540 I art     : Explicit concurrent mark sweep GC freed 3(96B) AllocSpace objects, 0(0B) LOS objects, 39% free, 24MB/40MB, paused 230us total 27.759ms
08-04 00:43:26.858 31233 31540 I art     : Starting a blocking GC Explicit
08-04 00:43:26.886 31233 31540 I art     : Explicit concurrent mark sweep GC freed 3(96B) AllocSpace objects, 0(0B) LOS objects, 39% free, 24MB/40MB, paused 233us total 28.554ms
08-04 00:43:26.899 31233 31540 I art     : Starting a blocking GC Explicit
08-04 00:43:26.929 31233 31540 I art     : Explicit concurrent mark sweep GC freed 3(96B) AllocSpace objects, 0(0B) LOS objects, 39% free, 24MB/40MB, paused 230us total 29.161ms
08-04 00:43:27.173 32674 32674 D AndroidRuntime: >>>>>> START com.android.internal.os.RuntimeInit uid 2000 <<<<<<
08-04 00:43:27.178 32674 32674 D AndroidRuntime: CheckJNI is OFF
08-04 00:43:27.206 31233 31244 I art     : Starting a blocking GC Explicit
08-04 00:43:27.213 32674 32674 D ICU     : No timezone override file found: /data/misc/zoneinfo/current/icu/icu_tzdata.dat
08-04 00:43:27.237 31233 31244 I art     : Explicit concurrent mark sweep GC freed 1343(80KB) AllocSpace objects, 1(20KB) LOS objects, 39% free, 24MB/40MB, paused 333us total 30.735ms
08-04 00:43:27.249 32674 32674 I Radio-JNI: register_android_hardware_Radio DONE
08-04 00:43:27.252 31233 31244 I art     : Starting a blocking GC Explicit
08-04 00:43:27.270 32674 32674 D AndroidRuntime: Calling main entry com.android.commands.input.Input
08-04 00:43:27.272 32674 32674 I Input   : injectKeyEvent: KeyEvent { action=ACTION_DOWN, keyCode=KEYCODE_BACK, scanCode=0, metaState=0, flags=0x0, repeatCount=0, eventTime=665023685, downTime=665023685, deviceId=-1, source=0x101 }
08-04 00:43:27.276 32674 32674 I Input   : injectKeyEvent: KeyEvent { action=ACTION_UP, keyCode=KEYCODE_BACK, scanCode=0, metaState=0, flags=0x0, repeatCount=0, eventTime=665023685, downTime=665023685, deviceId=-1, source=0x101 }
08-04 00:43:27.277 31233 31244 I art     : Explicit concurrent mark sweep GC freed 20(704B) AllocSpace objects, 0(0B) LOS objects, 39% free, 24MB/40MB, paused 283us total 25.295ms
08-04 00:43:27.281 32674 32674 D AndroidRuntime: Shutting down VM
08-04 00:43:27.290 31233 31244 I art     : Starting a blocking GC Explicit
08-04 00:43:27.309 13866 13866 I GoogleInputMethodServic: GoogleInputMethodService.onFinishInput():3138 
08-04 00:43:27.309 13866 13866 I GoogleInputMethodServic: GoogleInputMethodService.onStartInput():1808 
08-04 00:43:27.315 31233 31244 I art     : Explicit concurrent mark sweep GC freed 117(3KB) AllocSpace objects, 0(0B) LOS objects, 39% free, 24MB/40MB, paused 248us total 24.456ms
08-04 00:43:27.329 31233 31244 I art     : Starting a blocking GC Explicit
08-04 00:43:27.359 31233 31244 I art     : Explicit concurrent mark sweep GC freed 53(1840B) AllocSpace objects, 0(0B) LOS objects, 39% free, 24MB/40MB, paused 227us total 29.909ms
08-04 00:43:27.372 31233 31244 I art     : Starting a blocking GC Explicit
08-04 00:43:27.397 31233 31244 I art     : Explicit concurrent mark sweep GC freed 22(752B) AllocSpace objects, 0(0B) LOS objects, 39% free, 24MB/40MB, paused 312us total 24.730ms
08-04 00:43:27.653 31233 31257 I art     : Starting a blocking GC Explicit
08-04 00:43:27.684 31233 31257 I art     : Explicit concurrent mark sweep GC freed 1404(82KB) AllocSpace objects, 1(20KB) LOS objects, 39% free, 24MB/40MB, paused 252us total 30.104ms
08-04 00:43:27.697 31233 31257 I art     : Starting a blocking GC Explicit
08-04 00:43:27.727 31233 31257 I art     : Explicit concurrent mark sweep GC freed 150(7KB) AllocSpace objects, 0(0B) LOS objects, 39% free, 24MB/40MB, paused 251us total 29.751ms
08-04 00:43:27.740 31233 31257 I art     : Starting a blocking GC Explicit
08-04 00:43:27.771 31233 31257 I art     : Explicit concurrent mark sweep GC freed 3(96B) AllocSpace objects, 0(0B) LOS objects, 39% free, 24MB/40MB, paused 238us total 30.312ms
08-04 00:43:27.784 31233 31257 I art     : Starting a blocking GC Explicit
08-04 00:43:27.814 31233 31257 I art     : Explicit concurrent mark sweep GC freed 3(96B) AllocSpace objects, 0(0B) LOS objects, 39% free, 24MB/40MB, paused 255us total 30.138ms
08-04 00:43:27.828 31233 31257 I art     : Starting a blocking GC Explicit
08-04 00:43:27.859 31233 31257 I art     : Explicit concurrent mark sweep GC freed 3(96B) AllocSpace objects, 0(0B) LOS objects, 39% free, 24MB/40MB, paused 252us total 31.014ms
08-04 00:43:28.132 31233 31244 I art     : Starting a blocking GC Explicit
08-04 00:43:28.163 31233 31244 I art     : Explicit concurrent mark sweep GC freed 1343(80KB) AllocSpace objects, 1(20KB) LOS objects, 39% free, 24MB/40MB, paused 238us total 30.653ms
08-04 00:43:28.176 31233 31244 I art     : Starting a blocking GC Explicit
08-04 00:43:28.207 31233 31244 I art     : Explicit concurrent mark sweep GC freed 20(704B) AllocSpace objects, 0(0B) LOS objects, 39% free, 24MB/40MB, paused 382us total 31.066ms
08-04 00:43:28.221 31233 31244 I art     : Starting a blocking GC Explicit
08-04 00:43:28.252 31233 31244 I art     : Explicit concurrent mark sweep GC freed 3(96B) AllocSpace objects, 0(0B) LOS objects, 39% free, 24MB/40MB, paused 255us total 31.311ms
08-04 00:43:28.266 31233 31244 I art     : Starting a blocking GC Explicit
08-04 00:43:28.297 31233 31244 I art     : Explicit concurrent mark sweep GC freed 3(96B) AllocSpace objects, 0(0B) LOS objects, 39% free, 24MB/40MB, paused 270us total 30.897ms
08-04 00:43:28.311 31233 31244 I art     : Starting a blocking GC Explicit
08-04 00:43:28.342 31233 31244 I art     : Explicit concurrent mark sweep GC freed 3(96B) AllocSpace objects, 0(0B) LOS objects, 39% free, 24MB/40MB, paused 274us total 31.181ms
08-04 00:43:28.620 31233 31245 I art     : Starting a blocking GC Explicit
08-04 00:43:28.650 31233 31245 I art     : Explicit concurrent mark sweep GC freed 1343(80KB) AllocSpace objects, 1(20KB) LOS objects, 39% free, 24MB/40MB, paused 263us total 29.862ms
08-04 00:43:28.664 31233 31245 I art     : Starting a blocking GC Explicit
08-04 00:43:28.693 31233 31245 I art     : Explicit concurrent mark sweep GC freed 20(704B) AllocSpace objects, 0(0B) LOS objects, 39% free, 24MB/40MB, paused 252us total 29.079ms
08-04 00:43:28.706 31233 31245 I art     : Starting a blocking GC Explicit
08-04 00:43:28.735 31233 31245 I art     : Explicit concurrent mark sweep GC freed 3(96B) AllocSpace objects, 0(0B) LOS objects, 39% free, 24MB/40MB, paused 249us total 28.765ms
08-04 00:43:28.748 31233 31245 I art     : Starting a blocking GC Explicit
08-04 00:43:28.777 31233 31245 I art     : Explicit concurrent mark sweep GC freed 3(96B) AllocSpace objects, 0(0B) LOS objects, 39% free, 24MB/40MB, paused 261us total 29.177ms
08-04 00:43:28.791 31233 31245 I art     : Starting a blocking GC Explicit
08-04 00:43:28.819 31233 31245 I art     : Explicit concurrent mark sweep GC freed 3(96B) AllocSpace objects, 0(0B) LOS objects, 39% free, 24MB/40MB, paused 252us total 28.656ms
08-04 00:43:28.953 32719 32719 D AndroidRuntime: >>>>>> START com.android.internal.os.RuntimeInit uid 2000 <<<<<<
08-04 00:43:28.960 32719 32719 D AndroidRuntime: CheckJNI is OFF
08-04 00:43:28.993 32719 32719 D ICU     : No timezone override file found: /data/misc/zoneinfo/current/icu/icu_tzdata.dat
08-04 00:43:29.025 32719 32719 I Radio-JNI: register_android_hardware_Radio DONE
08-04 00:43:29.047 32719 32719 D AndroidRuntime: Calling main entry com.android.commands.input.Input
08-04 00:43:29.049 32719 32719 I Input   : injectMotionEvent: MotionEvent { action=ACTION_DOWN, actionButton=0, id[0]=0, x[0]=600.0, y[0]=1536.0, toolType[0]=TOOL_TYPE_UNKNOWN, buttonState=0, metaState=0, flags=0x0, edgeFlags=0x0, pointerCount=1, historySize=0, eventTime=665025461, downTime=665025461, deviceId=0, source=0x1002 }
08-04 00:43:29.053 32719 32719 I Input   : injectMotionEvent: MotionEvent { action=ACTION_UP, actionButton=0, id[0]=0, x[0]=600.0, y[0]=1536.0, toolType[0]=TOOL_TYPE_UNKNOWN, buttonState=0, metaState=0, flags=0x0, edgeFlags=0x0, pointerCount=1, historySize=0, eventTime=665025461, downTime=665025461, deviceId=0, source=0x1002 }
08-04 00:43:29.055 32719 32719 D AndroidRuntime: Shutting down VM
08-04 00:43:29.056   918  6111 I ActivityManager: START u0 {dat=https://oauth.reddit.com/... cmp=baseline.org.quantumbadger.redreader/.activities.PostListingActivity} from uid 10666 on display 0
08-04 00:43:29.057   512  2967 D audio_hw_primary: out_set_parameters: enter: usecase(1: low-latency-playback) kvpairs: routing=2
08-04 00:43:29.070   512  2967 D audio_hw_primary: select_devices: out_snd_device(2: speaker) in_snd_device(0: none)
08-04 00:43:29.070   512  2967 D msm8974_platform: platform_send_audio_calibration: sending audio calibration for snd_device(2) acdb_id(15)
08-04 00:43:29.070   512  2967 I soundtrigger: audio_extn_sound_trigger_update_device_status: device 0x2 of type 0 for Event 1
08-04 00:43:29.079 31233 31233 I AppCompatViewInflater: app:theme is now deprecated. Please move to using android:theme instead.
08-04 00:43:29.083   512  2967 D audio_hw_primary: enable_snd_device: snd_device(2: speaker)
08-04 00:43:29.085   512  2967 D audio_hw_primary: enable_audio_route: apply and update mixer path: low-latency-playback speaker
08-04 00:43:29.100 31233 31540 I art     : Starting a blocking GC Explicit
08-04 00:43:29.100 31233 32751 D OK      : calling: https://oauth.reddit.com/r/askscience/about.json
08-04 00:43:29.127 31233 31540 I art     : Explicit concurrent mark sweep GC freed 2247(157KB) AllocSpace objects, 1(20KB) LOS objects, 39% free, 24MB/40MB, paused 385us total 27.618ms
08-04 00:43:29.140 31233 31540 I art     : Starting a blocking GC Explicit
08-04 00:43:29.165   918   936 I ActivityManager: Displayed baseline.org.quantumbadger.redreader/.activities.PostListingActivity: +98ms
08-04 00:43:29.167 13866 13866 I GoogleInputMethodServic: GoogleInputMethodService.onFinishInput():3138 
08-04 00:43:29.167 13866 13866 I GoogleInputMethodServic: GoogleInputMethodService.onStartInput():1808 
08-04 00:43:29.169 31233 31540 I art     : Explicit concurrent mark sweep GC freed 1040(45KB) AllocSpace objects, 0(0B) LOS objects, 39% free, 25MB/41MB, paused 540us total 28.861ms
08-04 00:43:29.184 31233 31540 I art     : Starting a blocking GC Explicit
08-04 00:43:29.214 31233 31540 I art     : Explicit concurrent mark sweep GC freed 169(9KB) AllocSpace objects, 0(0B) LOS objects, 39% free, 24MB/40MB, paused 283us total 29.872ms
08-04 00:43:29.227 31233 31540 I art     : Starting a blocking GC Explicit
08-04 00:43:29.255 31233 31540 I art     : Explicit concurrent mark sweep GC freed 1801(70KB) AllocSpace objects, 0(0B) LOS objects, 39% free, 25MB/41MB, paused 404us total 28.402ms
08-04 00:43:29.269 31233 31540 I art     : Starting a blocking GC Explicit
08-04 00:43:29.299 31233 31540 I art     : Explicit concurrent mark sweep GC freed 200(7KB) AllocSpace objects, 0(0B) LOS objects, 39% free, 25MB/41MB, paused 284us total 29.868ms
08-04 00:43:29.407   380   380 W SurfaceFlinger: couldn't log to binary event log: overflow.
08-04 00:43:29.414 31233 32751 I NAPPA_EXPERIMENTATION: MetricNetworkRequestExecutionTime: REQUEST_DURATION_SYSTEM='314',REQUEST_DURATION_OKHTTP='147',REQUEST_SYNCHRONOUS='TRUE',RESPONSE_CODE='200',RESPONSE_METHOD='GET',RESPONSE_LENGTH_OKHTTP='-1',RESPONSE_LENGTH_HEADER='4700',REQUEST_PROTOCOL='h2',REQUEST_URL='https://oauth.reddit.com/r/askscience/about.json',
08-04 00:43:29.414 31233 32751 D OK      : request got status: 200
08-04 00:43:29.553 31233 31244 I art     : Starting a blocking GC Explicit
08-04 00:43:29.581 31233 31244 I art     : Explicit concurrent mark sweep GC freed 3110(275KB) AllocSpace objects, 4(176KB) LOS objects, 38% free, 25MB/41MB, paused 281us total 27.717ms
08-04 00:43:29.594 31233 31244 I art     : Starting a blocking GC Explicit
08-04 00:43:29.618   512  2967 D audio_hw_primary: disable_audio_route: reset and update mixer path: low-latency-playback speaker
08-04 00:43:29.619   512  2967 D audio_hw_primary: disable_snd_device: snd_device(2: speaker)
08-04 00:43:29.621 31233 31244 I art     : Explicit concurrent mark sweep GC freed 201(10KB) AllocSpace objects, 0(0B) LOS objects, 38% free, 25MB/41MB, paused 247us total 26.417ms
08-04 00:43:29.628   512  2967 I soundtrigger: audio_extn_sound_trigger_update_device_status: device 0x2 of type 0 for Event 0
08-04 00:43:29.633 31233 31244 I art     : Starting a blocking GC Explicit
08-04 00:43:29.659 31233 31244 I art     : Explicit concurrent mark sweep GC freed 3(96B) AllocSpace objects, 0(0B) LOS objects, 38% free, 25MB/41MB, paused 240us total 25.938ms
08-04 00:43:29.671 31233 31244 I art     : Starting a blocking GC Explicit
08-04 00:43:29.699 31233 31244 I art     : Explicit concurrent mark sweep GC freed 3(96B) AllocSpace objects, 0(0B) LOS objects, 38% free, 25MB/41MB, paused 261us total 27.169ms
08-04 00:43:29.711 31233 31244 I art     : Starting a blocking GC Explicit
08-04 00:43:29.738 31233 31244 I art     : Explicit concurrent mark sweep GC freed 9(304B) AllocSpace objects, 0(0B) LOS objects, 38% free, 25MB/41MB, paused 254us total 27.254ms
08-04 00:43:30.016 31233 31245 I art     : Starting a blocking GC Explicit
08-04 00:43:30.048 31233 31245 I art     : Explicit concurrent mark sweep GC freed 1396(82KB) AllocSpace objects, 1(20KB) LOS objects, 38% free, 25MB/41MB, paused 312us total 31.807ms
08-04 00:43:30.061 31233 31245 I art     : Starting a blocking GC Explicit
08-04 00:43:30.091 31233 31245 I art     : Explicit concurrent mark sweep GC freed 20(704B) AllocSpace objects, 0(0B) LOS objects, 38% free, 25MB/41MB, paused 347us total 29.976ms
08-04 00:43:30.105 31233 31245 I art     : Starting a blocking GC Explicit
08-04 00:43:30.135 31233 31245 I art     : Explicit concurrent mark sweep GC freed 3(96B) AllocSpace objects, 0(0B) LOS objects, 38% free, 25MB/41MB, paused 273us total 30.258ms
08-04 00:43:30.148 31233 31245 I art     : Starting a blocking GC Explicit
08-04 00:43:30.178 31233 31245 I art     : Explicit concurrent mark sweep GC freed 3(96B) AllocSpace objects, 0(0B) LOS objects, 38% free, 25MB/41MB, paused 279us total 28.930ms
08-04 00:43:30.190 31233 31245 I art     : Starting a blocking GC Explicit
08-04 00:43:30.219 31233 31245 I art     : Explicit concurrent mark sweep GC freed 3(96B) AllocSpace objects, 0(0B) LOS objects, 38% free, 25MB/41MB, paused 274us total 28.206ms
08-04 00:43:30.299 31233   347 D OK      : calling: https://oauth.reddit.com/r/askscience/hot/.json
08-04 00:43:30.505 31233 31257 I art     : Starting a blocking GC Explicit
08-04 00:43:30.507 31233   347 I NAPPA_EXPERIMENTATION: MetricNetworkRequestExecutionTime: REQUEST_DURATION_SYSTEM='208',REQUEST_DURATION_OKHTTP='205',REQUEST_SYNCHRONOUS='TRUE',RESPONSE_CODE='200',RESPONSE_METHOD='GET',RESPONSE_LENGTH_OKHTTP='-1',RESPONSE_LENGTH_HEADER='21282',REQUEST_PROTOCOL='h2',REQUEST_URL='https://oauth.reddit.com/r/askscience/hot/.json',
08-04 00:43:30.507 31233   347 D OK      : request got status: 200
08-04 00:43:30.523 31233 31805 I PostListingFragment: Precaching images: OFF
08-04 00:43:30.524 31233 31805 I PostListingFragment: Precaching comments: OFF
08-04 00:43:30.539 31233 31257 I art     : Explicit concurrent mark sweep GC freed 2149(205KB) AllocSpace objects, 1(20KB) LOS objects, 38% free, 25MB/41MB, paused 524us total 33.456ms
08-04 00:43:30.552 31233 31257 I art     : Starting a blocking GC Explicit
08-04 00:43:30.585 31233 31257 I art     : Explicit concurrent mark sweep GC freed 2707(137KB) AllocSpace objects, 0(0B) LOS objects, 38% free, 25MB/41MB, paused 667us total 32.265ms
08-04 00:43:30.598 31233 31257 I art     : Starting a blocking GC Explicit
08-04 00:43:30.629 31233 31257 I art     : Explicit concurrent mark sweep GC freed 3681(190KB) AllocSpace objects, 0(0B) LOS objects, 38% free, 25MB/41MB, paused 436us total 30.858ms
08-04 00:43:30.642 31233 31257 I art     : Starting a blocking GC Explicit
08-04 00:43:30.674 31233 31257 I art     : Explicit concurrent mark sweep GC freed 3156(129KB) AllocSpace objects, 2(136KB) LOS objects, 38% free, 25MB/41MB, paused 342us total 31.978ms
08-04 00:43:30.674 31233 31243 I art     : WaitForGcToComplete blocked for 18.279ms for cause HeapTrim
08-04 00:43:30.687 31233 31257 I art     : Starting a blocking GC Explicit
08-04 00:43:30.719 31233 31257 I art     : Explicit concurrent mark sweep GC freed 3356(125KB) AllocSpace objects, 0(0B) LOS objects, 38% free, 25MB/41MB, paused 522us total 31.689ms
08-04 00:43:31.000 31233 31244 I art     : Starting a blocking GC Explicit
08-04 00:43:31.037 31233 31244 I art     : Explicit concurrent mark sweep GC freed 21082(935KB) AllocSpace objects, 1(20KB) LOS objects, 38% free, 25MB/41MB, paused 297us total 37.350ms
08-04 00:43:31.051 31233 31244 I art     : Starting a blocking GC Explicit
08-04 00:43:31.081 31233 31244 I art     : Explicit concurrent mark sweep GC freed 949(42KB) AllocSpace objects, 0(0B) LOS objects, 38% free, 25MB/41MB, paused 262us total 30.167ms
08-04 00:43:31.094 31233 31244 I art     : Starting a blocking GC Explicit
08-04 00:43:31.124 31233 31244 I art     : Explicit concurrent mark sweep GC freed 39(1360B) AllocSpace objects, 0(0B) LOS objects, 38% free, 25MB/41MB, paused 248us total 30.186ms
08-04 00:43:31.138 31233 31244 I art     : Starting a blocking GC Explicit
08-04 00:43:31.169 31233 31244 I art     : Explicit concurrent mark sweep GC freed 32(1344B) AllocSpace objects, 0(0B) LOS objects, 38% free, 25MB/41MB, paused 259us total 30.524ms
08-04 00:43:31.183 31233 31244 I art     : Starting a blocking GC Explicit
08-04 00:43:31.219 31233 31244 I art     : Explicit concurrent mark sweep GC freed 3(96B) AllocSpace objects, 0(0B) LOS objects, 38% free, 25MB/41MB, paused 260us total 35.467ms
08-04 00:43:31.531 31233 31245 I art     : Starting a blocking GC Explicit
08-04 00:43:31.577 31233 31245 I art     : Explicit concurrent mark sweep GC freed 1515(87KB) AllocSpace objects, 1(20KB) LOS objects, 38% free, 25MB/41MB, paused 310us total 45.809ms
08-04 00:43:31.594 31233 31245 I art     : Starting a blocking GC Explicit
08-04 00:43:31.628 31233 31245 I art     : Explicit concurrent mark sweep GC freed 20(704B) AllocSpace objects, 0(0B) LOS objects, 38% free, 25MB/41MB, paused 278us total 33.733ms
08-04 00:43:31.642 31233 31245 I art     : Starting a blocking GC Explicit
08-04 00:43:31.676 31233 31245 I art     : Explicit concurrent mark sweep GC freed 3(96B) AllocSpace objects, 0(0B) LOS objects, 38% free, 25MB/41MB, paused 262us total 33.327ms
08-04 00:43:31.690 31233 31245 I art     : Starting a blocking GC Explicit
08-04 00:43:31.724 31233 31245 I art     : Explicit concurrent mark sweep GC freed 3(96B) AllocSpace objects, 0(0B) LOS objects, 38% free, 25MB/41MB, paused 275us total 34.111ms
08-04 00:43:31.738 31233 31245 I art     : Starting a blocking GC Explicit
08-04 00:43:31.772 31233 31245 I art     : Explicit concurrent mark sweep GC freed 3(96B) AllocSpace objects, 0(0B) LOS objects, 38% free, 25MB/41MB, paused 268us total 33.143ms
08-04 00:43:32.088 31233 31540 I art     : Starting a blocking GC Explicit
08-04 00:43:32.131 31233 31540 I art     : Explicit concurrent mark sweep GC freed 1344(80KB) AllocSpace objects, 1(20KB) LOS objects, 38% free, 25MB/41MB, paused 314us total 41.950ms
08-04 00:43:32.149 31233 31540 I art     : Starting a blocking GC Explicit
08-04 00:43:32.182 31233 31540 I art     : Explicit concurrent mark sweep GC freed 20(704B) AllocSpace objects, 0(0B) LOS objects, 38% free, 25MB/41MB, paused 263us total 33.178ms
08-04 00:43:32.196 31233 31540 I art     : Starting a blocking GC Explicit
08-04 00:43:32.230 31233 31540 I art     : Explicit concurrent mark sweep GC freed 3(96B) AllocSpace objects, 0(0B) LOS objects, 38% free, 25MB/41MB, paused 282us total 33.756ms
08-04 00:43:32.244 31233 31540 I art     : Starting a blocking GC Explicit
08-04 00:43:32.277 31233 31540 I art     : Explicit concurrent mark sweep GC freed 3(96B) AllocSpace objects, 0(0B) LOS objects, 38% free, 25MB/41MB, paused 296us total 32.980ms
08-04 00:43:32.291 31233 31540 I art     : Starting a blocking GC Explicit
08-04 00:43:32.323 31233 31540 I art     : Explicit concurrent mark sweep GC freed 3(96B) AllocSpace objects, 0(0B) LOS objects, 38% free, 25MB/41MB, paused 256us total 31.103ms
08-04 00:43:32.633 31233 31244 I art     : Starting a blocking GC Explicit
08-04 00:43:32.674 31233 31244 I art     : Explicit concurrent mark sweep GC freed 1344(80KB) AllocSpace objects, 1(20KB) LOS objects, 38% free, 25MB/41MB, paused 310us total 40.927ms
08-04 00:43:32.689 31233 31244 I art     : Starting a blocking GC Explicit
08-04 00:43:32.723 31233 31244 I art     : Explicit concurrent mark sweep GC freed 20(704B) AllocSpace objects, 0(0B) LOS objects, 38% free, 25MB/41MB, paused 277us total 33.513ms
08-04 00:43:32.737 31233 31244 I art     : Starting a blocking GC Explicit
08-04 00:43:32.770 31233 31244 I art     : Explicit concurrent mark sweep GC freed 3(96B) AllocSpace objects, 0(0B) LOS objects, 38% free, 25MB/41MB, paused 263us total 32.898ms
08-04 00:43:32.784 31233 31244 I art     : Starting a blocking GC Explicit
08-04 00:43:32.817 31233 31244 I art     : Explicit concurrent mark sweep GC freed 3(96B) AllocSpace objects, 0(0B) LOS objects, 38% free, 25MB/41MB, paused 289us total 33.319ms
08-04 00:43:32.832 31233 31244 I art     : Starting a blocking GC Explicit
08-04 00:43:32.865 31233 31244 I art     : Explicit concurrent mark sweep GC freed 3(96B) AllocSpace objects, 0(0B) LOS objects, 38% free, 25MB/41MB, paused 271us total 33.330ms
08-04 00:43:33.180 31233 31257 I art     : Starting a blocking GC Explicit
08-04 00:43:33.218   918  3261 D WifiStateMachine: starting scan for "H369AA63323"WPA_PSK with 2412,5180
08-04 00:43:33.220 31233 31257 I art     : Explicit concurrent mark sweep GC freed 1343(80KB) AllocSpace objects, 1(20KB) LOS objects, 38% free, 25MB/41MB, paused 273us total 38.977ms
08-04 00:43:33.236 31233 31257 I art     : Starting a blocking GC Explicit
08-04 00:43:33.269 31233 31257 I art     : Explicit concurrent mark sweep GC freed 20(704B) AllocSpace objects, 0(0B) LOS objects, 38% free, 25MB/41MB, paused 271us total 33.040ms
08-04 00:43:33.283 31233 31257 I art     : Starting a blocking GC Explicit
08-04 00:43:33.316 31233 31257 I art     : Explicit concurrent mark sweep GC freed 3(96B) AllocSpace objects, 0(0B) LOS objects, 38% free, 25MB/41MB, paused 265us total 33.084ms
08-04 00:43:33.330 31233 31257 I art     : Starting a blocking GC Explicit
08-04 00:43:33.363 31233 31257 I art     : Explicit concurrent mark sweep GC freed 3(96B) AllocSpace objects, 0(0B) LOS objects, 38% free, 25MB/41MB, paused 268us total 32.970ms
08-04 00:43:33.377 31233 31257 I art     : Starting a blocking GC Explicit
08-04 00:43:33.410 31233 31257 I art     : Explicit concurrent mark sweep GC freed 3(96B) AllocSpace objects, 0(0B) LOS objects, 38% free, 25MB/41MB, paused 249us total 32.682ms
08-04 00:43:33.729 31233 31245 I art     : Starting a blocking GC Explicit
08-04 00:43:33.772 31233 31245 I art     : Explicit concurrent mark sweep GC freed 1347(80KB) AllocSpace objects, 1(20KB) LOS objects, 38% free, 25MB/41MB, paused 283us total 42.257ms
08-04 00:43:33.789 31233 31245 I art     : Starting a blocking GC Explicit
08-04 00:43:33.822 31233 31245 I art     : Explicit concurrent mark sweep GC freed 20(704B) AllocSpace objects, 0(0B) LOS objects, 38% free, 25MB/41MB, paused 275us total 33.682ms
08-04 00:43:33.837 31233 31245 I art     : Starting a blocking GC Explicit
08-04 00:43:33.871 31233 31245 I art     : Explicit concurrent mark sweep GC freed 3(96B) AllocSpace objects, 0(0B) LOS objects, 38% free, 25MB/41MB, paused 279us total 33.797ms
08-04 00:43:33.885 31233 31245 I art     : Starting a blocking GC Explicit
08-04 00:43:33.918 31233 31245 I art     : Explicit concurrent mark sweep GC freed 3(96B) AllocSpace objects, 0(0B) LOS objects, 38% free, 25MB/41MB, paused 279us total 32.790ms
08-04 00:43:33.931 31233 31245 I art     : Starting a blocking GC Explicit
08-04 00:43:33.964 31233 31245 I art     : Explicit concurrent mark sweep GC freed 3(96B) AllocSpace objects, 0(0B) LOS objects, 38% free, 25MB/41MB, paused 271us total 32.835ms
08-04 00:43:34.294 31233 31540 I art     : Starting a blocking GC Explicit
08-04 00:43:34.334 31233 31540 I art     : Explicit concurrent mark sweep GC freed 1344(80KB) AllocSpace objects, 1(20KB) LOS objects, 38% free, 25MB/41MB, paused 283us total 39.663ms
08-04 00:43:34.347 31233 31540 I art     : Starting a blocking GC Explicit
08-04 00:43:34.380 31233 31540 I art     : Explicit concurrent mark sweep GC freed 20(704B) AllocSpace objects, 0(0B) LOS objects, 38% free, 25MB/41MB, paused 260us total 32.116ms
08-04 00:43:34.393 31233 31540 I art     : Starting a blocking GC Explicit
08-04 00:43:34.425 31233 31540 I art     : Explicit concurrent mark sweep GC freed 3(96B) AllocSpace objects, 0(0B) LOS objects, 38% free, 25MB/41MB, paused 263us total 31.445ms
08-04 00:43:34.438 31233 31540 I art     : Starting a blocking GC Explicit
08-04 00:43:34.470 31233 31540 I art     : Explicit concurrent mark sweep GC freed 3(96B) AllocSpace objects, 0(0B) LOS objects, 38% free, 25MB/41MB, paused 272us total 31.747ms
08-04 00:43:34.483 31233 31540 I art     : Starting a blocking GC Explicit
08-04 00:43:34.515 31233 31540 I art     : Explicit concurrent mark sweep GC freed 3(96B) AllocSpace objects, 0(0B) LOS objects, 38% free, 25MB/41MB, paused 264us total 31.277ms
08-04 00:43:34.712   504   504 D AndroidRuntime: >>>>>> START com.android.internal.os.RuntimeInit uid 2000 <<<<<<
08-04 00:43:34.717   504   504 D AndroidRuntime: CheckJNI is OFF
08-04 00:43:34.749   504   504 D ICU     : No timezone override file found: /data/misc/zoneinfo/current/icu/icu_tzdata.dat
08-04 00:43:34.782   504   504 I Radio-JNI: register_android_hardware_Radio DONE
08-04 00:43:34.805   504   504 D AndroidRuntime: Calling main entry com.android.commands.input.Input
08-04 00:43:34.807   504   504 I Input   : injectMotionEvent: MotionEvent { action=ACTION_DOWN, actionButton=0, id[0]=0, x[0]=600.0, y[0]=700.0, toolType[0]=TOOL_TYPE_UNKNOWN, buttonState=0, metaState=0, flags=0x0, edgeFlags=0x0, pointerCount=1, historySize=0, eventTime=665031219, downTime=665031219, deviceId=0, source=0x1002 }
08-04 00:43:34.812   504   504 I Input   : injectMotionEvent: MotionEvent { action=ACTION_UP, actionButton=0, id[0]=0, x[0]=600.0, y[0]=700.0, toolType[0]=TOOL_TYPE_UNKNOWN, buttonState=0, metaState=0, flags=0x0, edgeFlags=0x0, pointerCount=1, historySize=0, eventTime=665031219, downTime=665031219, deviceId=0, source=0x1002 }
08-04 00:43:34.816 31233 31244 I art     : Starting a blocking GC Explicit
08-04 00:43:34.819   504   504 D AndroidRuntime: Shutting down VM
08-04 00:43:34.831   512  2967 D audio_hw_primary: out_set_parameters: enter: usecase(1: low-latency-playback) kvpairs: routing=2
08-04 00:43:34.833   918  4413 I ActivityManager: START u0 {dat=https://oauth.reddit.com/... cmp=baseline.org.quantumbadger.redreader/.activities.CommentListingActivity} from uid 10666 on display 0
08-04 00:43:34.844   512  2967 D audio_hw_primary: select_devices: out_snd_device(2: speaker) in_snd_device(0: none)
08-04 00:43:34.844   512  2967 D msm8974_platform: platform_send_audio_calibration: sending audio calibration for snd_device(2) acdb_id(15)
08-04 00:43:34.845   512  2967 I soundtrigger: audio_extn_sound_trigger_update_device_status: device 0x2 of type 0 for Event 1
08-04 00:43:34.853 31233 31244 I art     : Explicit concurrent mark sweep GC freed 2239(114KB) AllocSpace objects, 1(20KB) LOS objects, 38% free, 25MB/41MB, paused 424us total 37.104ms
08-04 00:43:34.855   512  2967 D audio_hw_primary: enable_snd_device: snd_device(2: speaker)
08-04 00:43:34.856 31233 31233 I AppCompatViewInflater: app:theme is now deprecated. Please move to using android:theme instead.
08-04 00:43:34.858   512  2967 D audio_hw_primary: enable_audio_route: apply and update mixer path: low-latency-playback speaker
08-04 00:43:34.867 31233 31244 I art     : Starting a blocking GC Explicit
08-04 00:43:34.873 31233 31805 I CommentListingActivity: COMMENTS session changed to c7f70e4c-f013-444f-b83a-497b5aa5ca1e
08-04 00:43:34.901 31233 31244 I art     : Explicit concurrent mark sweep GC freed 3128(303KB) AllocSpace objects, 1(20KB) LOS objects, 37% free, 26MB/42MB, paused 947us total 33.984ms
08-04 00:43:34.914 31233 31244 I art     : Starting a blocking GC Explicit
08-04 00:43:34.949   918   936 I ActivityManager: Displayed baseline.org.quantumbadger.redreader/.activities.CommentListingActivity: +107ms
08-04 00:43:34.949 13866 13866 I GoogleInputMethodServic: GoogleInputMethodService.onFinishInput():3138 
08-04 00:43:34.950 13866 13866 I GoogleInputMethodServic: GoogleInputMethodService.onStartInput():1808 
08-04 00:43:34.951 31233 31244 I art     : Explicit concurrent mark sweep GC freed 10431(692KB) AllocSpace objects, 0(0B) LOS objects, 37% free, 27MB/43MB, paused 762us total 37.557ms
08-04 00:43:34.965 31233 31244 I art     : Starting a blocking GC Explicit
08-04 00:43:35.014 31233 31244 I art     : Explicit concurrent mark sweep GC freed 13277(872KB) AllocSpace objects, 1(16KB) LOS objects, 35% free, 28MB/44MB, paused 1.196ms total 48.595ms
08-04 00:43:35.030 31233 31244 I art     : Starting a blocking GC Explicit
08-04 00:43:35.084 31233 31244 I art     : Explicit concurrent mark sweep GC freed 12817(834KB) AllocSpace objects, 1(16KB) LOS objects, 35% free, 29MB/45MB, paused 406us total 53.422ms
08-04 00:43:35.179   380   380 W SurfaceFlinger: couldn't log to binary event log: overflow.
08-04 00:43:35.336 31233 31257 I art     : Starting a blocking GC Explicit
08-04 00:43:35.389 31233 31257 I art     : Explicit concurrent mark sweep GC freed 25182(1289KB) AllocSpace objects, 1(20KB) LOS objects, 36% free, 28MB/44MB, paused 256us total 52.400ms
08-04 00:43:35.399   512  2967 D audio_hw_primary: disable_audio_route: reset and update mixer path: low-latency-playback speaker
08-04 00:43:35.400   512  2967 D audio_hw_primary: disable_snd_device: snd_device(2: speaker)
08-04 00:43:35.406 31233 31257 I art     : Starting a blocking GC Explicit
08-04 00:43:35.409   512  2967 I soundtrigger: audio_extn_sound_trigger_update_device_status: device 0x2 of type 0 for Event 0
08-04 00:43:35.450 31233 31257 I art     : Explicit concurrent mark sweep GC freed 36(1392B) AllocSpace objects, 0(0B) LOS objects, 36% free, 28MB/44MB, paused 247us total 43.658ms
08-04 00:43:35.466 31233 31257 I art     : Starting a blocking GC Explicit
08-04 00:43:35.510 31233 31257 I art     : Explicit concurrent mark sweep GC freed 3(96B) AllocSpace objects, 0(0B) LOS objects, 36% free, 28MB/44MB, paused 299us total 44.282ms
08-04 00:43:35.525 31233 31257 I art     : Starting a blocking GC Explicit
08-04 00:43:35.561 31233   366 I RedditChangeDataIO: Writing tmp data file at '/data/user/0/baseline.org.quantumbadger.redreader/files/rr_change_data_tmp.dat'
08-04 00:43:35.561 31233   366 I RedditChangeDataManager: Taking snapshot...
08-04 00:43:35.562 31233   366 I RedditChangeDataManager: Writing to stream...
08-04 00:43:35.562 31233   366 I RedditChangeDataManager: Wrote 3 entries for user ''
08-04 00:43:35.562 31233   366 I RedditChangeDataManager: All entries written to stream.
08-04 00:43:35.562 31233   366 I RedditChangeDataIO: Write successful. Atomically replacing data file...
08-04 00:43:35.562 31233   366 I RedditChangeDataIO: Write complete.
08-04 00:43:35.562 31233   366 I RedditChangeDataIO: 86 bytes written in 1 ms
08-04 00:43:35.569 31233 31257 I art     : Explicit concurrent mark sweep GC freed 74(4KB) AllocSpace objects, 1(68KB) LOS objects, 36% free, 28MB/44MB, paused 285us total 43.553ms
08-04 00:43:35.585 31233 31257 I art     : Starting a blocking GC Explicit
08-04 00:43:35.626 31233 31257 I art     : Explicit concurrent mark sweep GC freed 268(40KB) AllocSpace objects, 0(0B) LOS objects, 36% free, 28MB/44MB, paused 215us total 40.919ms
08-04 00:43:35.914 31233 31540 I art     : Starting a blocking GC Explicit
08-04 00:43:35.962 31233 31540 I art     : Explicit concurrent mark sweep GC freed 1408(82KB) AllocSpace objects, 1(20KB) LOS objects, 36% free, 28MB/44MB, paused 252us total 47.709ms
08-04 00:43:35.978 31233 31540 I art     : Starting a blocking GC Explicit
08-04 00:43:36.023 31233 31540 I art     : Explicit concurrent mark sweep GC freed 66(2528B) AllocSpace objects, 0(0B) LOS objects, 36% free, 28MB/44MB, paused 278us total 44.997ms
08-04 00:43:36.038 31233 31540 I art     : Starting a blocking GC Explicit
08-04 00:43:36.085 31233 31540 I art     : Explicit concurrent mark sweep GC freed 3(96B) AllocSpace objects, 0(0B) LOS objects, 36% free, 28MB/44MB, paused 260us total 46.529ms
08-04 00:43:36.101 31233 31540 I art     : Starting a blocking GC Explicit
08-04 00:43:36.147 31233 31540 I art     : Explicit concurrent mark sweep GC freed 3(96B) AllocSpace objects, 0(0B) LOS objects, 36% free, 28MB/44MB, paused 273us total 46.278ms
08-04 00:43:36.163 31233 31540 I art     : Starting a blocking GC Explicit
08-04 00:43:36.211 31233 31540 I art     : Explicit concurrent mark sweep GC freed 3(96B) AllocSpace objects, 0(0B) LOS objects, 36% free, 28MB/44MB, paused 278us total 47.594ms
08-04 00:43:36.525 31233 31257 I art     : Starting a blocking GC Explicit
08-04 00:43:36.592 31233 31257 I art     : Explicit concurrent mark sweep GC freed 1343(80KB) AllocSpace objects, 1(20KB) LOS objects, 36% free, 28MB/44MB, paused 289us total 66.873ms
08-04 00:43:36.611 31233 31257 I art     : Starting a blocking GC Explicit
08-04 00:43:36.659 31233 31257 I art     : Explicit concurrent mark sweep GC freed 20(704B) AllocSpace objects, 0(0B) LOS objects, 36% free, 28MB/44MB, paused 259us total 47.822ms
08-04 00:43:36.675 31233 31257 I art     : Starting a blocking GC Explicit
08-04 00:43:36.721 31233 31257 I art     : Explicit concurrent mark sweep GC freed 3(96B) AllocSpace objects, 0(0B) LOS objects, 36% free, 28MB/44MB, paused 246us total 46.275ms
08-04 00:43:36.737 31233 31257 I art     : Starting a blocking GC Explicit
08-04 00:43:36.785 31233 31257 I art     : Explicit concurrent mark sweep GC freed 3(96B) AllocSpace objects, 0(0B) LOS objects, 36% free, 28MB/44MB, paused 248us total 47.563ms
08-04 00:43:36.801 31233 31257 I art     : Starting a blocking GC Explicit
08-04 00:43:36.845 31233 31257 I art     : Explicit concurrent mark sweep GC freed 3(96B) AllocSpace objects, 0(0B) LOS objects, 36% free, 28MB/44MB, paused 239us total 44.467ms
08-04 00:43:37.154 31233 31244 I art     : Starting a blocking GC Explicit
08-04 00:43:37.213 31233 31244 I art     : Explicit concurrent mark sweep GC freed 1343(80KB) AllocSpace objects, 1(20KB) LOS objects, 36% free, 28MB/44MB, paused 286us total 58.930ms
08-04 00:43:37.235 31233 31244 I art     : Starting a blocking GC Explicit
08-04 00:43:37.280 31233 31244 I art     : Explicit concurrent mark sweep GC freed 20(704B) AllocSpace objects, 0(0B) LOS objects, 36% free, 28MB/44MB, paused 258us total 45.272ms
08-04 00:43:37.296 31233 31244 I art     : Starting a blocking GC Explicit
08-04 00:43:37.337 31233 31244 I art     : Explicit concurrent mark sweep GC freed 3(96B) AllocSpace objects, 0(0B) LOS objects, 36% free, 28MB/44MB, paused 234us total 40.279ms
08-04 00:43:37.351 31233 31244 I art     : Starting a blocking GC Explicit
08-04 00:43:37.394 31233 31244 I art     : Explicit concurrent mark sweep GC freed 3(96B) AllocSpace objects, 0(0B) LOS objects, 36% free, 28MB/44MB, paused 243us total 43.158ms
08-04 00:43:37.410 31233 31244 I art     : Starting a blocking GC Explicit
08-04 00:43:37.457 31233 31244 I art     : Explicit concurrent mark sweep GC freed 3(96B) AllocSpace objects, 0(0B) LOS objects, 36% free, 28MB/44MB, paused 250us total 46.491ms
08-04 00:43:37.798 31233 31245 I art     : Starting a blocking GC Explicit
08-04 00:43:37.858 31233 31245 I art     : Explicit concurrent mark sweep GC freed 1343(80KB) AllocSpace objects, 1(20KB) LOS objects, 36% free, 28MB/44MB, paused 297us total 58.812ms
08-04 00:43:37.874 31233 31245 I art     : Starting a blocking GC Explicit
08-04 00:43:37.922 31233 31245 I art     : Explicit concurrent mark sweep GC freed 20(704B) AllocSpace objects, 0(0B) LOS objects, 36% free, 28MB/44MB, paused 281us total 47.774ms
08-04 00:43:37.938 31233 31245 I art     : Starting a blocking GC Explicit
08-04 00:43:37.985 31233 31245 I art     : Explicit concurrent mark sweep GC freed 3(96B) AllocSpace objects, 0(0B) LOS objects, 36% free, 28MB/44MB, paused 265us total 46.821ms
08-04 00:43:38.001 31233 31245 I art     : Starting a blocking GC Explicit
08-04 00:43:38.049 31233 31245 I art     : Explicit concurrent mark sweep GC freed 3(96B) AllocSpace objects, 0(0B) LOS objects, 36% free, 28MB/44MB, paused 249us total 47.481ms
08-04 00:43:38.064 31233 31245 I art     : Starting a blocking GC Explicit
08-04 00:43:38.110 31233 31245 I art     : Explicit concurrent mark sweep GC freed 3(96B) AllocSpace objects, 0(0B) LOS objects, 36% free, 28MB/44MB, paused 250us total 45.057ms
08-04 00:43:38.423 31233 31540 I art     : Starting a blocking GC Explicit
08-04 00:43:38.477 31233 31540 I art     : Explicit concurrent mark sweep GC freed 1343(80KB) AllocSpace objects, 1(20KB) LOS objects, 36% free, 28MB/44MB, paused 295us total 53.735ms
08-04 00:43:38.494 31233 31540 I art     : Starting a blocking GC Explicit
08-04 00:43:38.542 31233 31540 I art     : Explicit concurrent mark sweep GC freed 20(704B) AllocSpace objects, 0(0B) LOS objects, 36% free, 28MB/44MB, paused 243us total 47.359ms
08-04 00:43:38.558 31233 31540 I art     : Starting a blocking GC Explicit
08-04 00:43:38.604 31233 31540 I art     : Explicit concurrent mark sweep GC freed 3(96B) AllocSpace objects, 0(0B) LOS objects, 36% free, 28MB/44MB, paused 250us total 46.060ms
08-04 00:43:38.620 31233 31540 I art     : Starting a blocking GC Explicit
08-04 00:43:38.667 31233 31540 I art     : Explicit concurrent mark sweep GC freed 3(96B) AllocSpace objects, 0(0B) LOS objects, 36% free, 28MB/44MB, paused 282us total 47.413ms
08-04 00:43:38.683 31233 31540 I art     : Starting a blocking GC Explicit
08-04 00:43:38.729 31233 31540 I art     : Explicit concurrent mark sweep GC freed 3(96B) AllocSpace objects, 0(0B) LOS objects, 36% free, 28MB/44MB, paused 242us total 45.409ms
08-04 00:43:39.042 31233 31257 I art     : Starting a blocking GC Explicit
08-04 00:43:39.091 31233 31257 I art     : Explicit concurrent mark sweep GC freed 1345(80KB) AllocSpace objects, 1(20KB) LOS objects, 36% free, 28MB/44MB, paused 257us total 49.190ms
08-04 00:43:39.106 31233 31257 I art     : Starting a blocking GC Explicit
08-04 00:43:39.151 31233 31257 I art     : Explicit concurrent mark sweep GC freed 20(704B) AllocSpace objects, 0(0B) LOS objects, 36% free, 28MB/44MB, paused 241us total 44.056ms
08-04 00:43:39.166 31233 31257 I art     : Starting a blocking GC Explicit
08-04 00:43:39.168 26997 26997 I ServiceManager: Waiting for service AtCmdFwd...
08-04 00:43:39.210 31233 31257 I art     : Explicit concurrent mark sweep GC freed 3(96B) AllocSpace objects, 0(0B) LOS objects, 36% free, 28MB/44MB, paused 245us total 43.906ms
08-04 00:43:39.225 31233 31257 I art     : Starting a blocking GC Explicit
08-04 00:43:39.269 31233 31257 I art     : Explicit concurrent mark sweep GC freed 3(96B) AllocSpace objects, 0(0B) LOS objects, 36% free, 28MB/44MB, paused 246us total 44.252ms
08-04 00:43:39.284 31233 31257 I art     : Starting a blocking GC Explicit
08-04 00:43:39.328 31233 31257 I art     : Explicit concurrent mark sweep GC freed 3(96B) AllocSpace objects, 0(0B) LOS objects, 36% free, 28MB/44MB, paused 273us total 43.839ms
08-04 00:43:39.484   707   707 D AndroidRuntime: >>>>>> START com.android.internal.os.RuntimeInit uid 2000 <<<<<<
08-04 00:43:39.489   707   707 D AndroidRuntime: CheckJNI is OFF
08-04 00:43:39.522   707   707 D ICU     : No timezone override file found: /data/misc/zoneinfo/current/icu/icu_tzdata.dat
08-04 00:43:39.555   707   707 I Radio-JNI: register_android_hardware_Radio DONE
08-04 00:43:39.576   707   707 D AndroidRuntime: Calling main entry com.android.commands.input.Input
08-04 00:43:39.577   707   707 I Input   : injectKeyEvent: KeyEvent { action=ACTION_DOWN, keyCode=KEYCODE_BACK, scanCode=0, metaState=0, flags=0x0, repeatCount=0, eventTime=665035990, downTime=665035990, deviceId=-1, source=0x101 }
08-04 00:43:39.587   707   707 I Input   : injectKeyEvent: KeyEvent { action=ACTION_UP, keyCode=KEYCODE_BACK, scanCode=0, metaState=0, flags=0x0, repeatCount=0, eventTime=665035990, downTime=665035990, deviceId=-1, source=0x101 }
08-04 00:43:39.592   707   707 D AndroidRuntime: Shutting down VM
08-04 00:43:39.616 31233 31244 I art     : Starting a blocking GC Explicit
08-04 00:43:39.626 13866 13866 I GoogleInputMethodServic: GoogleInputMethodService.onFinishInput():3138 
08-04 00:43:39.626 13866 13866 I GoogleInputMethodServic: GoogleInputMethodService.onStartInput():1808 
08-04 00:43:39.661 31233 31244 I art     : Explicit concurrent mark sweep GC freed 1559(88KB) AllocSpace objects, 1(20KB) LOS objects, 36% free, 28MB/44MB, paused 250us total 44.708ms
08-04 00:43:39.678 31233 31244 I art     : Starting a blocking GC Explicit
08-04 00:43:39.716 31233 31244 I art     : Explicit concurrent mark sweep GC freed 50(1712B) AllocSpace objects, 0(0B) LOS objects, 36% free, 28MB/44MB, paused 225us total 38.280ms
08-04 00:43:39.730 31233 31244 I art     : Starting a blocking GC Explicit
08-04 00:43:39.772 31233 31244 I art     : Explicit concurrent mark sweep GC freed 3(96B) AllocSpace objects, 0(0B) LOS objects, 36% free, 28MB/44MB, paused 224us total 41.790ms
08-04 00:43:39.789 31233 31244 I art     : Starting a blocking GC Explicit
08-04 00:43:39.846 31233 31244 I art     : Explicit concurrent mark sweep GC freed 3(96B) AllocSpace objects, 0(0B) LOS objects, 36% free, 28MB/44MB, paused 246us total 56.748ms
08-04 00:43:39.864 31233 31244 I art     : Starting a blocking GC Explicit
08-04 00:43:39.921 31233 31244 I art     : Explicit concurrent mark sweep GC freed 3(96B) AllocSpace objects, 0(0B) LOS objects, 36% free, 28MB/44MB, paused 237us total 56.526ms
08-04 00:43:39.934   380   380 W SurfaceFlinger: couldn't log to binary event log: overflow.
08-04 00:43:40.168 26997 26997 I ServiceManager: Waiting for service AtCmdFwd...
08-04 00:43:40.189 31233 31540 I art     : Starting a blocking GC Explicit
08-04 00:43:40.249 31233 31540 I art     : Explicit concurrent mark sweep GC freed 1404(82KB) AllocSpace objects, 1(20KB) LOS objects, 36% free, 28MB/44MB, paused 379us total 59.768ms
08-04 00:43:40.267 31233 31540 I art     : Starting a blocking GC Explicit
08-04 00:43:40.305 31233 31540 I art     : Explicit concurrent mark sweep GC freed 46779(2MB) AllocSpace objects, 5(140KB) LOS objects, 38% free, 25MB/41MB, paused 248us total 37.723ms
08-04 00:43:40.319 31233 31540 I art     : Starting a blocking GC Explicit
08-04 00:43:40.351 31233 31540 I art     : Explicit concurrent mark sweep GC freed 3(96B) AllocSpace objects, 0(0B) LOS objects, 38% free, 25MB/41MB, paused 253us total 31.641ms
08-04 00:43:40.364 31233 31540 I art     : Starting a blocking GC Explicit
08-04 00:43:40.396 31233 31540 I art     : Explicit concurrent mark sweep GC freed 3(96B) AllocSpace objects, 0(0B) LOS objects, 38% free, 25MB/41MB, paused 260us total 31.934ms
08-04 00:43:40.410 31233 31540 I art     : Starting a blocking GC Explicit
08-04 00:43:40.444 31233 31540 I art     : Explicit concurrent mark sweep GC freed 3(96B) AllocSpace objects, 0(0B) LOS objects, 38% free, 25MB/41MB, paused 282us total 33.164ms
08-04 00:43:40.725 31233 31245 I art     : Starting a blocking GC Explicit
08-04 00:43:40.763 31233 31245 I art     : Explicit concurrent mark sweep GC freed 1343(80KB) AllocSpace objects, 1(20KB) LOS objects, 38% free, 25MB/41MB, paused 283us total 36.966ms
08-04 00:43:40.780 31233 31245 I art     : Starting a blocking GC Explicit
08-04 00:43:40.814 31233 31245 I art     : Explicit concurrent mark sweep GC freed 20(704B) AllocSpace objects, 0(0B) LOS objects, 38% free, 25MB/41MB, paused 261us total 33.908ms
08-04 00:43:40.828 31233 31245 I art     : Starting a blocking GC Explicit
08-04 00:43:40.861 31233 31245 I art     : Explicit concurrent mark sweep GC freed 3(96B) AllocSpace objects, 0(0B) LOS objects, 38% free, 25MB/41MB, paused 246us total 32.665ms
08-04 00:43:40.875 31233 31245 I art     : Starting a blocking GC Explicit
08-04 00:43:40.906 31233 31245 I art     : Explicit concurrent mark sweep GC freed 3(96B) AllocSpace objects, 0(0B) LOS objects, 38% free, 25MB/41MB, paused 238us total 30.936ms
08-04 00:43:40.919 31233 31245 I art     : Starting a blocking GC Explicit
08-04 00:43:40.950 31233 31245 I art     : Explicit concurrent mark sweep GC freed 3(96B) AllocSpace objects, 0(0B) LOS objects, 38% free, 25MB/41MB, paused 242us total 30.867ms
08-04 00:43:41.169 26997 26997 I ServiceManager: Waiting for service AtCmdFwd...
08-04 00:43:41.226 31233 31257 I art     : Starting a blocking GC Explicit
08-04 00:43:41.232   766   766 D AndroidRuntime: >>>>>> START com.android.internal.os.RuntimeInit uid 2000 <<<<<<
08-04 00:43:41.237   766   766 D AndroidRuntime: CheckJNI is OFF
08-04 00:43:41.259 31233 31257 I art     : Explicit concurrent mark sweep GC freed 1343(80KB) AllocSpace objects, 1(20KB) LOS objects, 38% free, 25MB/41MB, paused 245us total 32.518ms
08-04 00:43:41.272 31233 31257 I art     : Starting a blocking GC Explicit
08-04 00:43:41.275   766   766 D ICU     : No timezone override file found: /data/misc/zoneinfo/current/icu/icu_tzdata.dat
08-04 00:43:41.303 31233 31257 I art     : Explicit concurrent mark sweep GC freed 20(704B) AllocSpace objects, 0(0B) LOS objects, 38% free, 25MB/41MB, paused 246us total 31.265ms
08-04 00:43:41.309   766   766 I Radio-JNI: register_android_hardware_Radio DONE
08-04 00:43:41.317 31233 31257 I art     : Starting a blocking GC Explicit
08-04 00:43:41.331   766   766 D AndroidRuntime: Calling main entry com.android.commands.input.Input
08-04 00:43:41.333   766   766 I Input   : injectKeyEvent: KeyEvent { action=ACTION_DOWN, keyCode=KEYCODE_BACK, scanCode=0, metaState=0, flags=0x0, repeatCount=0, eventTime=665037746, downTime=665037746, deviceId=-1, source=0x101 }
08-04 00:43:41.339   766   766 I Input   : injectKeyEvent: KeyEvent { action=ACTION_UP, keyCode=KEYCODE_BACK, scanCode=0, metaState=0, flags=0x0, repeatCount=0, eventTime=665037746, downTime=665037746, deviceId=-1, source=0x101 }
08-04 00:43:41.345   766   766 D AndroidRuntime: Shutting down VM
08-04 00:43:41.347 31233 31257 I art     : Explicit concurrent mark sweep GC freed 13(416B) AllocSpace objects, 0(0B) LOS objects, 38% free, 25MB/41MB, paused 270us total 30.363ms
08-04 00:43:41.361 31233 31257 I art     : Starting a blocking GC Explicit
08-04 00:43:41.378 13866 13866 I GoogleInputMethodServic: GoogleInputMethodService.onFinishInput():3138 
08-04 00:43:41.378 13866 13866 I GoogleInputMethodServic: GoogleInputMethodService.onStartInput():1808 
08-04 00:43:41.390 31233 31257 I art     : Explicit concurrent mark sweep GC freed 109(3KB) AllocSpace objects, 0(0B) LOS objects, 38% free, 25MB/41MB, paused 260us total 28.138ms
08-04 00:43:41.402 31233 31257 I art     : Starting a blocking GC Explicit
08-04 00:43:41.433 31233 31257 I art     : Explicit concurrent mark sweep GC freed 53(1744B) AllocSpace objects, 0(0B) LOS objects, 38% free, 25MB/41MB, paused 252us total 30.325ms
08-04 00:43:41.702 31233 31257 I art     : Starting a blocking GC Explicit
08-04 00:43:41.734 31233 31257 I art     : Explicit concurrent mark sweep GC freed 1413(82KB) AllocSpace objects, 1(20KB) LOS objects, 38% free, 25MB/41MB, paused 259us total 31.233ms
08-04 00:43:41.747 31233 31257 I art     : Starting a blocking GC Explicit
08-04 00:43:41.780 31233 31257 I art     : Explicit concurrent mark sweep GC freed 150(7KB) AllocSpace objects, 0(0B) LOS objects, 38% free, 25MB/41MB, paused 262us total 32.490ms
08-04 00:43:41.793 31233 31257 I art     : Starting a blocking GC Explicit
08-04 00:43:41.827 31233 31257 I art     : Explicit concurrent mark sweep GC freed 3(96B) AllocSpace objects, 0(0B) LOS objects, 38% free, 25MB/41MB, paused 314us total 33.256ms
08-04 00:43:41.841 31233 31257 I art     : Starting a blocking GC Explicit
08-04 00:43:41.874 31233 31257 I art     : Explicit concurrent mark sweep GC freed 3(96B) AllocSpace objects, 0(0B) LOS objects, 38% free, 25MB/41MB, paused 265us total 33.254ms
08-04 00:43:41.888 31233 31257 I art     : Starting a blocking GC Explicit
08-04 00:43:41.922 31233 31257 I art     : Explicit concurrent mark sweep GC freed 3(96B) AllocSpace objects, 0(0B) LOS objects, 38% free, 25MB/41MB, paused 265us total 33.325ms
08-04 00:43:42.169 26997 26997 I ServiceManager: Waiting for service AtCmdFwd...
08-04 00:43:42.201 31233 31245 I art     : Starting a blocking GC Explicit
08-04 00:43:42.241 31233 31245 I art     : Explicit concurrent mark sweep GC freed 1343(80KB) AllocSpace objects, 1(20KB) LOS objects, 38% free, 25MB/41MB, paused 264us total 39.949ms
08-04 00:43:42.255 31233 31245 I art     : Starting a blocking GC Explicit
08-04 00:43:42.289 31233 31245 I art     : Explicit concurrent mark sweep GC freed 20(704B) AllocSpace objects, 0(0B) LOS objects, 38% free, 25MB/41MB, paused 257us total 33.905ms
08-04 00:43:42.303 31233 31245 I art     : Starting a blocking GC Explicit
08-04 00:43:42.336 31233 31245 I art     : Explicit concurrent mark sweep GC freed 3(96B) AllocSpace objects, 0(0B) LOS objects, 38% free, 25MB/41MB, paused 280us total 32.703ms
08-04 00:43:42.350 31233 31245 I art     : Starting a blocking GC Explicit
08-04 00:43:42.379 31233 31245 I art     : Explicit concurrent mark sweep GC freed 3(96B) AllocSpace objects, 0(0B) LOS objects, 38% free, 25MB/41MB, paused 241us total 29.056ms
08-04 00:43:42.392 31233 31245 I art     : Starting a blocking GC Explicit
08-04 00:43:42.425 31233 31245 I art     : Explicit concurrent mark sweep GC freed 3(96B) AllocSpace objects, 0(0B) LOS objects, 38% free, 25MB/41MB, paused 260us total 32.426ms
08-04 00:43:42.689 31233 31540 I art     : Starting a blocking GC Explicit
08-04 00:43:42.723 31233 31540 I art     : Explicit concurrent mark sweep GC freed 1343(80KB) AllocSpace objects, 1(20KB) LOS objects, 38% free, 25MB/41MB, paused 275us total 33.516ms
08-04 00:43:42.737 31233 31540 I art     : Starting a blocking GC Explicit
08-04 00:43:42.770 31233 31540 I art     : Explicit concurrent mark sweep GC freed 20(704B) AllocSpace objects, 0(0B) LOS objects, 38% free, 25MB/41MB, paused 263us total 33.419ms
08-04 00:43:42.784 31233 31540 I art     : Starting a blocking GC Explicit
08-04 00:43:42.817 31233 31540 I art     : Explicit concurrent mark sweep GC freed 3(96B) AllocSpace objects, 0(0B) LOS objects, 38% free, 25MB/41MB, paused 270us total 32.849ms
08-04 00:43:42.831 31233 31540 I art     : Starting a blocking GC Explicit
08-04 00:43:42.862 31233 31540 I art     : Explicit concurrent mark sweep GC freed 3(96B) AllocSpace objects, 0(0B) LOS objects, 38% free, 25MB/41MB, paused 254us total 31.343ms
08-04 00:43:42.875 31233 31540 I art     : Starting a blocking GC Explicit
08-04 00:43:42.907 31233 31540 I art     : Explicit concurrent mark sweep GC freed 3(96B) AllocSpace objects, 0(0B) LOS objects, 38% free, 25MB/41MB, paused 255us total 31.476ms
08-04 00:43:43.020   812   812 D AndroidRuntime: >>>>>> START com.android.internal.os.RuntimeInit uid 2000 <<<<<<
08-04 00:43:43.026   812   812 D AndroidRuntime: CheckJNI is OFF
08-04 00:43:43.061   812   812 D ICU     : No timezone override file found: /data/misc/zoneinfo/current/icu/icu_tzdata.dat
08-04 00:43:43.094   812   812 I Radio-JNI: register_android_hardware_Radio DONE
08-04 00:43:43.115   812   812 D AndroidRuntime: Calling main entry com.android.commands.input.Input
08-04 00:43:43.117   812   812 I Input   : injectMotionEvent: MotionEvent { action=ACTION_DOWN, actionButton=0, id[0]=0, x[0]=600.0, y[0]=1000.0, toolType[0]=TOOL_TYPE_UNKNOWN, buttonState=0, metaState=0, flags=0x0, edgeFlags=0x0, pointerCount=1, historySize=0, eventTime=665039530, downTime=665039530, deviceId=0, source=0x1002 }
08-04 00:43:43.123   812   812 I Input   : injectMotionEvent: MotionEvent { action=ACTION_UP, actionButton=0, id[0]=0, x[0]=600.0, y[0]=1000.0, toolType[0]=TOOL_TYPE_UNKNOWN, buttonState=0, metaState=0, flags=0x0, edgeFlags=0x0, pointerCount=1, historySize=0, eventTime=665039530, downTime=665039530, deviceId=0, source=0x1002 }
08-04 00:43:43.125   812   812 D AndroidRuntime: Shutting down VM
08-04 00:43:43.139   918  5132 I ActivityManager: START u0 {dat=https://oauth.reddit.com/... cmp=baseline.org.quantumbadger.redreader/.activities.PostListingActivity} from uid 10666 on display 0
08-04 00:43:43.140   512  2967 D audio_hw_primary: out_set_parameters: enter: usecase(1: low-latency-playback) kvpairs: routing=2
08-04 00:43:43.153   512  2967 D audio_hw_primary: select_devices: out_snd_device(2: speaker) in_snd_device(0: none)
08-04 00:43:43.153   512  2967 D msm8974_platform: platform_send_audio_calibration: sending audio calibration for snd_device(2) acdb_id(15)
08-04 00:43:43.153   512  2967 I soundtrigger: audio_extn_sound_trigger_update_device_status: device 0x2 of type 0 for Event 1
08-04 00:43:43.163 31233 31233 I AppCompatViewInflater: app:theme is now deprecated. Please move to using android:theme instead.
08-04 00:43:43.165   512  2967 D audio_hw_primary: enable_snd_device: snd_device(2: speaker)
08-04 00:43:43.167   512  2967 D audio_hw_primary: enable_audio_route: apply and update mixer path: low-latency-playback speaker
08-04 00:43:43.170 26997 26997 I ServiceManager: Waiting for service AtCmdFwd...
08-04 00:43:43.186 31233   845 D OK      : calling: https://oauth.reddit.com/r/announcements/about.json
08-04 00:43:43.199 31233 31244 I art     : Starting a blocking GC Explicit
08-04 00:43:43.229 31233 31244 I art     : Explicit concurrent mark sweep GC freed 2270(158KB) AllocSpace objects, 1(20KB) LOS objects, 38% free, 25MB/41MB, paused 454us total 30.519ms
08-04 00:43:43.244 31233 31244 I art     : Starting a blocking GC Explicit
08-04 00:43:43.253   918   936 I ActivityManager: Displayed baseline.org.quantumbadger.redreader/.activities.PostListingActivity: +105ms
08-04 00:43:43.253 13866 13866 I GoogleInputMethodServic: GoogleInputMethodService.onFinishInput():3138 
08-04 00:43:43.254 13866 13866 I GoogleInputMethodServic: GoogleInputMethodService.onStartInput():1808 
08-04 00:43:43.275 31233 31244 I art     : Explicit concurrent mark sweep GC freed 996(41KB) AllocSpace objects, 0(0B) LOS objects, 38% free, 25MB/41MB, paused 293us total 30.806ms
08-04 00:43:43.290 31233 31244 I art     : Starting a blocking GC Explicit
08-04 00:43:43.319 31233 31244 I art     : Explicit concurrent mark sweep GC freed 204(12KB) AllocSpace objects, 0(0B) LOS objects, 38% free, 25MB/41MB, paused 316us total 29.221ms
08-04 00:43:43.332 31233 31244 I art     : Starting a blocking GC Explicit
08-04 00:43:43.365 31233 31244 I art     : Explicit concurrent mark sweep GC freed 3(96B) AllocSpace objects, 0(0B) LOS objects, 38% free, 25MB/41MB, paused 296us total 32.525ms
08-04 00:43:43.378 31233 31244 I art     : Starting a blocking GC Explicit
08-04 00:43:43.416 31233 31244 I art     : Explicit concurrent mark sweep GC freed 1938(75KB) AllocSpace objects, 0(0B) LOS objects, 38% free, 25MB/41MB, paused 326us total 37.455ms
08-04 00:43:43.505   380   380 W SurfaceFlinger: couldn't log to binary event log: overflow.
08-04 00:43:43.530 31233   845 I NAPPA_EXPERIMENTATION: MetricNetworkRequestExecutionTime: REQUEST_DURATION_SYSTEM='344',REQUEST_DURATION_OKHTTP='141',REQUEST_SYNCHRONOUS='TRUE',RESPONSE_CODE='200',RESPONSE_METHOD='GET',RESPONSE_LENGTH_OKHTTP='-1',RESPONSE_LENGTH_HEADER='1564',REQUEST_PROTOCOL='h2',REQUEST_URL='https://oauth.reddit.com/r/announcements/about.json',
08-04 00:43:43.530 31233   845 D OK      : request got status: 200
08-04 00:43:43.662 31233 31540 I art     : Starting a blocking GC Explicit
08-04 00:43:43.696 31233 31540 I art     : Explicit concurrent mark sweep GC freed 3130(244KB) AllocSpace objects, 3(156KB) LOS objects, 38% free, 25MB/41MB, paused 275us total 33.683ms
08-04 00:43:43.699   512  2967 D audio_hw_primary: disable_audio_route: reset and update mixer path: low-latency-playback speaker
08-04 00:43:43.700   512  2967 D audio_hw_primary: disable_snd_device: snd_device(2: speaker)
08-04 00:43:43.709 31233 31540 I art     : Starting a blocking GC Explicit
08-04 00:43:43.711   512  2967 I soundtrigger: audio_extn_sound_trigger_update_device_status: device 0x2 of type 0 for Event 0
08-04 00:43:43.742 31233 31540 I art     : Explicit concurrent mark sweep GC freed 201(10KB) AllocSpace objects, 0(0B) LOS objects, 38% free, 25MB/41MB, paused 290us total 32.517ms
08-04 00:43:43.755 31233 31540 I art     : Starting a blocking GC Explicit
08-04 00:43:43.789 31233 31540 I art     : Explicit concurrent mark sweep GC freed 3(96B) AllocSpace objects, 0(0B) LOS objects, 38% free, 25MB/41MB, paused 335us total 33.613ms
08-04 00:43:43.803 31233 31540 I art     : Starting a blocking GC Explicit
08-04 00:43:43.837 31233 31540 I art     : Explicit concurrent mark sweep GC freed 9(304B) AllocSpace objects, 0(0B) LOS objects, 38% free, 25MB/41MB, paused 304us total 33.703ms
08-04 00:43:43.851 31233 31540 I art     : Starting a blocking GC Explicit
08-04 00:43:43.884 31233 31540 I art     : Explicit concurrent mark sweep GC freed 32(1360B) AllocSpace objects, 0(0B) LOS objects, 38% free, 25MB/41MB, paused 337us total 33.151ms
08-04 00:43:44.166 31233 31245 I art     : Starting a blocking GC Explicit
08-04 00:43:44.170 26997 26997 W Atfwd_Sendcmd: AtCmdFwd service not published, waiting... retryCnt : 1
08-04 00:43:44.201 31233 31245 I art     : Explicit concurrent mark sweep GC freed 1368(83KB) AllocSpace objects, 1(20KB) LOS objects, 38% free, 25MB/41MB, paused 318us total 34.662ms
08-04 00:43:44.215 31233 31245 I art     : Starting a blocking GC Explicit
08-04 00:43:44.248 31233 31245 I art     : Explicit concurrent mark sweep GC freed 20(704B) AllocSpace objects, 0(0B) LOS objects, 38% free, 25MB/41MB, paused 304us total 33.229ms
08-04 00:43:44.262 31233 31245 I art     : Starting a blocking GC Explicit
08-04 00:43:44.294 31233 31245 I art     : Explicit concurrent mark sweep GC freed 3(96B) AllocSpace objects, 0(0B) LOS objects, 38% free, 25MB/41MB, paused 285us total 31.840ms
08-04 00:43:44.308 31233 31245 I art     : Starting a blocking GC Explicit
08-04 00:43:44.341 31233 31245 I art     : Explicit concurrent mark sweep GC freed 3(96B) AllocSpace objects, 0(0B) LOS objects, 38% free, 25MB/41MB, paused 368us total 33.062ms
08-04 00:43:44.354 31233 31245 I art     : Starting a blocking GC Explicit
08-04 00:43:44.386 31233   869 D OK      : calling: https://oauth.reddit.com/r/announcements/hot/.json
08-04 00:43:44.388 31233 31245 I art     : Explicit concurrent mark sweep GC freed 15(736B) AllocSpace objects, 0(0B) LOS objects, 38% free, 25MB/41MB, paused 384us total 33.025ms
08-04 00:43:44.638 31233   869 I NAPPA_EXPERIMENTATION: MetricNetworkRequestExecutionTime: REQUEST_DURATION_SYSTEM='252',REQUEST_DURATION_OKHTTP='247',REQUEST_SYNCHRONOUS='TRUE',RESPONSE_CODE='200',RESPONSE_METHOD='GET',RESPONSE_LENGTH_OKHTTP='-1',RESPONSE_LENGTH_HEADER='142016',REQUEST_PROTOCOL='h2',REQUEST_URL='https://oauth.reddit.com/r/announcements/hot/.json',
08-04 00:43:44.638 31233   869 D OK      : request got status: 200
08-04 00:43:44.648 31233 31805 I PostListingFragment: Precaching images: OFF
08-04 00:43:44.648 31233 31805 I PostListingFragment: Precaching comments: OFF
08-04 00:43:44.677 31233 31244 I art     : Starting a blocking GC Explicit
08-04 00:43:44.716 31233 31244 I art     : Explicit concurrent mark sweep GC freed 3106(251KB) AllocSpace objects, 2(36KB) LOS objects, 37% free, 26MB/42MB, paused 476us total 38.008ms
08-04 00:43:44.729 31233 31244 I art     : Starting a blocking GC Explicit
08-04 00:43:44.765 31233 31244 I art     : Explicit concurrent mark sweep GC freed 1068(60KB) AllocSpace objects, 3(56KB) LOS objects, 37% free, 27MB/43MB, paused 480us total 36.357ms
08-04 00:43:44.779 31233 31244 I art     : Starting a blocking GC Explicit
08-04 00:43:44.811 31233   884 D OK      : calling: https://b.thumbs.redditmedia.com/RROcLjDSUc0QV1UeQ1txXdyl1C_7233mmsMgtYXxQzo.jpg
08-04 00:43:44.817 31233 31244 I art     : Explicit concurrent mark sweep GC freed 2377(98KB) AllocSpace objects, 0(0B) LOS objects, 36% free, 27MB/43MB, paused 624us total 38.099ms
08-04 00:43:44.831 31233 31244 I art     : Starting a blocking GC Explicit
08-04 00:43:44.844 31233   885 D OK      : calling: https://a.thumbs.redditmedia.com/N-frnMqRYp_XiaGds7kPbHf82a876RNKSQ1iw0LzHR0.jpg
08-04 00:43:44.859 31233   886 D OK      : calling: https://b.thumbs.redditmedia.com/KH2o_q4MXufUdRChsfwLtl6gnEnT8MJtZn3Tyj5ZmBU.jpg
08-04 00:43:44.871 31233 31244 I art     : Explicit concurrent mark sweep GC freed 2802(143KB) AllocSpace objects, 0(0B) LOS objects, 36% free, 28MB/44MB, paused 635us total 40.352ms
08-04 00:43:44.886 31233 31244 I art     : Starting a blocking GC Explicit
08-04 00:43:44.911 31233   887 D OK      : calling: https://b.thumbs.redditmedia.com/MGaOJeZl7UsmdtroJopYU_36HUNvQ9LUV5WFH_FJ2vI.jpg
08-04 00:43:44.928 31233 31244 I art     : Explicit concurrent mark sweep GC freed 3608(177KB) AllocSpace objects, 2(48KB) LOS objects, 35% free, 28MB/44MB, paused 825us total 42.401ms
08-04 00:43:44.958 31233   888 D OK      : calling: https://a.thumbs.redditmedia.com/-D0hxchgus9EyzvGqvnabK_3Obl93tMfG9G58V1QwW8.jpg
08-04 00:43:44.977 31233   896 D OK      : calling: https://b.thumbs.redditmedia.com/zCaV9kuSMZxmMvdmErGyUsYNdPrmX8LP9_Ee4QTT16g.jpg
08-04 00:43:44.986 31233   897 D OK      : calling: https://b.thumbs.redditmedia.com/4EGkxZNzrzt-RCtd035cWyO0BipdbDVuPwi4W2v4TyM.jpg
08-04 00:43:45.021 31233   898 D OK      : calling: https://a.thumbs.redditmedia.com/aVhMBmGX07uX0KhK0rKdhMvQ4UsOJIHN4KeTaa36EF4.jpg
08-04 00:43:45.149 31233 31233 W RecyclerView: Cannot call this method in a scroll callback. Scroll callbacks mightbe run during a measure & layout pass where you cannot change theRecyclerView data. Any method call that might change the structureof the RecyclerView or the adapter contents should be postponed tothe next frame.
08-04 00:43:45.149 31233 31233 W RecyclerView: java.lang.IllegalStateException:  androidx.recyclerview.widget.RecyclerView{4fab349 VFED..... .F....ID 0,0-1440,2140 #7f0900ef app:id/scrollbar_recyclerview_recyclerview}, adapter:baseline.org.quantumbadger.redreader.adapters.GroupedRecyclerViewAdapter@4d4c44e, layout:androidx.recyclerview.widget.LinearLayoutManager@4bb896f, context:baseline.org.quantumbadger.redreader.activities.PostListingActivity@ec4c270
08-04 00:43:45.149 31233 31233 W RecyclerView: 	at androidx.recyclerview.widget.RecyclerView.assertNotInLayoutOrScroll(RecyclerView.java:3061)
08-04 00:43:45.149 31233 31233 W RecyclerView: 	at androidx.recyclerview.widget.RecyclerView$RecyclerViewDataObserver.onItemRangeInserted(RecyclerView.java:5555)
08-04 00:43:45.149 31233 31233 W RecyclerView: 	at androidx.recyclerview.widget.RecyclerView$AdapterDataObservable.notifyItemRangeInserted(RecyclerView.java:12278)
08-04 00:43:45.149 31233 31233 W RecyclerView: 	at androidx.recyclerview.widget.RecyclerView$Adapter.notifyItemInserted(RecyclerView.java:7464)
08-04 00:43:45.149 31233 31233 W RecyclerView: 	at baseline.org.quantumbadger.redreader.adapters.GroupedRecyclerViewAdapter.updateHiddenStatus(GroupedRecyclerViewAdapter.java:279)
08-04 00:43:45.149 31233 31233 W RecyclerView: 	at baseline.org.quantumbadger.redreader.adapters.RedditListingManager.setLoadingVisible(RedditListingManager.java:125)
08-04 00:43:45.149 31233 31233 W RecyclerView: 	at baseline.org.quantumbadger.redreader.fragments.PostListingFragment.onLoadMoreItemsCheck(PostListingFragment.java:465)
08-04 00:43:45.149 31233 31233 W RecyclerView: 	at baseline.org.quantumbadger.redreader.fragments.PostListingFragment.access$000(PostListingFragment.java:98)
08-04 00:43:45.149 31233 31233 W RecyclerView: 	at baseline.org.quantumbadger.redreader.fragments.PostListingFragment$2.onScrolled(PostListingFragment.java:215)
08-04 00:43:45.149 31233 31233 W RecyclerView: 	at androidx.recyclerview.widget.RecyclerView.dispatchOnScrolled(RecyclerView.java:5173)
08-04 00:43:45.149 31233 31233 W RecyclerView: 	at androidx.recyclerview.widget.RecyclerView.dispatchLayoutStep3(RecyclerView.java:4231)
08-04 00:43:45.149 31233 31233 W RecyclerView: 	at androidx.recyclerview.widget.RecyclerView.dispatchLayout(RecyclerView.java:3862)
08-04 00:43:45.149 31233 31233 W RecyclerView: 	at androidx.recyclerview.widget.RecyclerView.consumePendingUpdateOperations(RecyclerView.java:1897)
08-04 00:43:45.149 31233 31233 W RecyclerView: 	at androidx.recyclerview.widget.RecyclerView$1.run(RecyclerView.java:414)
08-04 00:43:45.149 31233 31233 W RecyclerView: 	at android.view.Choreographer$CallbackRecord.run(Choreographer.java:858)
08-04 00:43:45.149 31233 31233 W RecyclerView: 	at android.view.Choreographer.doCallbacks(Choreographer.java:670)
08-04 00:43:45.149 31233 31233 W RecyclerView: 	at android.view.Choreographer.doFrame(Choreographer.java:603)
08-04 00:43:45.149 31233 31233 W RecyclerView: 	at android.view.Choreographer$FrameDisplayEventReceiver.run(Choreographer.java:844)
08-04 00:43:45.149 31233 31233 W RecyclerView: 	at android.os.Handler.handleCallback(Handler.java:739)
08-04 00:43:45.149 31233 31233 W RecyclerView: 	at android.os.Handler.dispatchMessage(Handler.java:95)
08-04 00:43:45.149 31233 31233 W RecyclerView: 	at android.os.Looper.loop(Looper.java:148)
08-04 00:43:45.149 31233 31233 W RecyclerView: 	at android.app.ActivityThread.main(ActivityThread.java:5417)
08-04 00:43:45.149 31233 31233 W RecyclerView: 	at java.lang.reflect.Method.invoke(Native Method)
08-04 00:43:45.149 31233 31233 W RecyclerView: 	at com.android.internal.os.ZygoteInit$MethodAndArgsCaller.run(ZygoteInit.java:726)
08-04 00:43:45.149 31233 31233 W RecyclerView: 	at com.android.internal.os.ZygoteInit.main(ZygoteInit.java:616)
08-04 00:43:45.177 31233 31244 I art     : Starting a blocking GC Explicit
08-04 00:43:45.222 31233 31244 I art     : Explicit concurrent mark sweep GC freed 87756(4MB) AllocSpace objects, 12(344KB) LOS objects, 37% free, 26MB/42MB, paused 582us total 44.697ms
08-04 00:43:45.226 31233   884 I NAPPA_EXPERIMENTATION: MetricNetworkRequestExecutionTime: REQUEST_DURATION_SYSTEM='415',REQUEST_DURATION_OKHTTP='173',REQUEST_SYNCHRONOUS='TRUE',RESPONSE_CODE='200',RESPONSE_METHOD='GET',RESPONSE_LENGTH_OKHTTP='2558',RESPONSE_LENGTH_HEADER='2558',REQUEST_PROTOCOL='h2',REQUEST_URL='https://b.thumbs.redditmedia.com/RROcLjDSUc0QV1UeQ1txXdyl1C_7233mmsMgtYXxQzo.jpg',
08-04 00:43:45.226 31233   884 D OK      : request got status: 200
08-04 00:43:45.237 31233 31244 I art     : Starting a blocking GC Explicit
08-04 00:43:45.258 31233   886 I NAPPA_EXPERIMENTATION: MetricNetworkRequestExecutionTime: REQUEST_DURATION_SYSTEM='399',REQUEST_DURATION_OKHTTP='197',REQUEST_SYNCHRONOUS='TRUE',RESPONSE_CODE='200',RESPONSE_METHOD='GET',RESPONSE_LENGTH_OKHTTP='2613',RESPONSE_LENGTH_HEADER='2613',REQUEST_PROTOCOL='h2',REQUEST_URL='https://b.thumbs.redditmedia.com/KH2o_q4MXufUdRChsfwLtl6gnEnT8MJtZn3Tyj5ZmBU.jpg',
08-04 00:43:45.258 31233   886 D OK      : request got status: 200
08-04 00:43:45.259 31233   885 I NAPPA_EXPERIMENTATION: MetricNetworkRequestExecutionTime: REQUEST_DURATION_SYSTEM='415',REQUEST_DURATION_OKHTTP='190',REQUEST_SYNCHRONOUS='TRUE',RESPONSE_CODE='200',RESPONSE_METHOD='GET',RESPONSE_LENGTH_OKHTTP='3750',RESPONSE_LENGTH_HEADER='3750',REQUEST_PROTOCOL='h2',REQUEST_URL='https://a.thumbs.redditmedia.com/N-frnMqRYp_XiaGds7kPbHf82a876RNKSQ1iw0LzHR0.jpg',
08-04 00:43:45.259 31233   885 D OK      : request got status: 200
08-04 00:43:45.261 31233   887 I NAPPA_EXPERIMENTATION: MetricNetworkRequestExecutionTime: REQUEST_DURATION_SYSTEM='350',REQUEST_DURATION_OKHTTP='192',REQUEST_SYNCHRONOUS='TRUE',RESPONSE_CODE='200',RESPONSE_METHOD='GET',RESPONSE_LENGTH_OKHTTP='4804',RESPONSE_LENGTH_HEADER='4804',REQUEST_PROTOCOL='h2',REQUEST_URL='https://b.thumbs.redditmedia.com/MGaOJeZl7UsmdtroJopYU_36HUNvQ9LUV5WFH_FJ2vI.jpg',
08-04 00:43:45.261 31233   887 D OK      : request got status: 200
08-04 00:43:45.269 31233 31244 I art     : Explicit concurrent mark sweep GC freed 2858(196KB) AllocSpace objects, 6(264KB) LOS objects, 37% free, 26MB/42MB, paused 544us total 32.100ms
08-04 00:43:45.282 31233 31244 I art     : Starting a blocking GC Explicit
08-04 00:43:45.295 31233   896 I NAPPA_EXPERIMENTATION: MetricNetworkRequestExecutionTime: REQUEST_DURATION_SYSTEM='318',REQUEST_DURATION_OKHTTP='164',REQUEST_SYNCHRONOUS='TRUE',RESPONSE_CODE='200',RESPONSE_METHOD='GET',RESPONSE_LENGTH_OKHTTP='6132',RESPONSE_LENGTH_HEADER='6132',REQUEST_PROTOCOL='h2',REQUEST_URL='https://b.thumbs.redditmedia.com/zCaV9kuSMZxmMvdmErGyUsYNdPrmX8LP9_Ee4QTT16g.jpg',
08-04 00:43:45.295 31233   896 D OK      : request got status: 200
08-04 00:43:45.302 31233   897 I NAPPA_EXPERIMENTATION: MetricNetworkRequestExecutionTime: REQUEST_DURATION_SYSTEM='316',REQUEST_DURATION_OKHTTP='157',REQUEST_SYNCHRONOUS='TRUE',RESPONSE_CODE='200',RESPONSE_METHOD='GET',RESPONSE_LENGTH_OKHTTP='4987',RESPONSE_LENGTH_HEADER='4987',REQUEST_PROTOCOL='h2',REQUEST_URL='https://b.thumbs.redditmedia.com/4EGkxZNzrzt-RCtd035cWyO0BipdbDVuPwi4W2v4TyM.jpg',
08-04 00:43:45.303 31233   897 D OK      : request got status: 200
08-04 00:43:45.314 31233 31244 I art     : Explicit concurrent mark sweep GC freed 871(107KB) AllocSpace objects, 11(764KB) LOS objects, 37% free, 27MB/43MB, paused 438us total 31.982ms
08-04 00:43:45.330 31233 31244 I art     : Starting a blocking GC Explicit
08-04 00:43:45.365 31233   888 I NAPPA_EXPERIMENTATION: MetricNetworkRequestExecutionTime: REQUEST_DURATION_SYSTEM='406',REQUEST_DURATION_OKHTTP='231',REQUEST_SYNCHRONOUS='TRUE',RESPONSE_CODE='200',RESPONSE_METHOD='GET',RESPONSE_LENGTH_OKHTTP='4818',RESPONSE_LENGTH_HEADER='4818',REQUEST_PROTOCOL='h2',REQUEST_URL='https://a.thumbs.redditmedia.com/-D0hxchgus9EyzvGqvnabK_3Obl93tMfG9G58V1QwW8.jpg',
08-04 00:43:45.365 31233   888 D OK      : request got status: 200
08-04 00:43:45.367 31233 31244 I art     : Explicit concurrent mark sweep GC freed 982(158KB) AllocSpace objects, 12(700KB) LOS objects, 36% free, 27MB/43MB, paused 499us total 36.721ms
08-04 00:43:45.378 31233   898 I NAPPA_EXPERIMENTATION: MetricNetworkRequestExecutionTime: REQUEST_DURATION_SYSTEM='357',REQUEST_DURATION_OKHTTP='190',REQUEST_SYNCHRONOUS='TRUE',RESPONSE_CODE='200',RESPONSE_METHOD='GET',RESPONSE_LENGTH_OKHTTP='6940',RESPONSE_LENGTH_HEADER='6940',REQUEST_PROTOCOL='h2',REQUEST_URL='https://a.thumbs.redditmedia.com/aVhMBmGX07uX0KhK0rKdhMvQ4UsOJIHN4KeTaa36EF4.jpg',
08-04 00:43:45.378 31233   898 D OK      : request got status: 200
08-04 00:43:45.382 31233 31244 I art     : Starting a blocking GC Explicit
08-04 00:43:45.412 31233 31244 I art     : Explicit concurrent mark sweep GC freed 1055(105KB) AllocSpace objects, 9(776KB) LOS objects, 36% free, 27MB/43MB, paused 299us total 30.030ms
08-04 00:43:45.588 31233   956 D OK      : calling: https://oauth.reddit.com/r/announcements/hot/.json?after=t3_9jf8nh
08-04 00:43:45.720 31233 31244 I art     : Starting a blocking GC Explicit
08-04 00:43:45.759 31233 31244 I art     : Explicit concurrent mark sweep GC freed 4059(219KB) AllocSpace objects, 6(276KB) LOS objects, 36% free, 27MB/43MB, paused 401us total 38.195ms
08-04 00:43:45.773 31233 31244 I art     : Starting a blocking GC Explicit
08-04 00:43:45.811 31233 31244 I art     : Explicit concurrent mark sweep GC freed 130(4KB) AllocSpace objects, 0(0B) LOS objects, 36% free, 27MB/43MB, paused 358us total 37.267ms
08-04 00:43:45.825 31233 31244 I art     : Starting a blocking GC Explicit
08-04 00:43:45.863 31233 31244 I art     : Explicit concurrent mark sweep GC freed 209(16KB) AllocSpace objects, 0(0B) LOS objects, 36% free, 27MB/43MB, paused 373us total 37.227ms
08-04 00:43:45.867 31233   956 I NAPPA_EXPERIMENTATION: MetricNetworkRequestExecutionTime: REQUEST_DURATION_SYSTEM='278',REQUEST_DURATION_OKHTTP='146',REQUEST_SYNCHRONOUS='TRUE',RESPONSE_CODE='200',RESPONSE_METHOD='GET',RESPONSE_LENGTH_OKHTTP='-1',RESPONSE_LENGTH_HEADER='65685',REQUEST_PROTOCOL='h2',REQUEST_URL='https://oauth.reddit.com/r/announcements/hot/.json?after=t3_9jf8nh',
08-04 00:43:45.867 31233   956 D OK      : request got status: 200
08-04 00:43:45.877 31233 31244 I art     : Starting a blocking GC Explicit
08-04 00:43:45.913 31233 31244 I art     : Explicit concurrent mark sweep GC freed 289(20KB) AllocSpace objects, 0(0B) LOS objects, 36% free, 27MB/43MB, paused 365us total 36.425ms
08-04 00:43:45.928 31233 31244 I art     : Starting a blocking GC Explicit
08-04 00:43:45.965 31233 31244 I art     : Explicit concurrent mark sweep GC freed 23(1120B) AllocSpace objects, 0(0B) LOS objects, 36% free, 27MB/43MB, paused 363us total 36.753ms
08-04 00:43:46.262 31233 31257 I art     : Starting a blocking GC Explicit
08-04 00:43:46.330 31233 31257 I art     : Explicit concurrent mark sweep GC freed 1352(83KB) AllocSpace objects, 1(20KB) LOS objects, 36% free, 27MB/43MB, paused 406us total 67.388ms
08-04 00:43:46.349 31233 31257 I art     : Starting a blocking GC Explicit
08-04 00:43:46.385 31233 31257 I art     : Explicit concurrent mark sweep GC freed 20(704B) AllocSpace objects, 0(0B) LOS objects, 36% free, 27MB/43MB, paused 380us total 35.324ms
08-04 00:43:46.399 31233 31257 I art     : Starting a blocking GC Explicit
08-04 00:43:46.437 31233 31257 I art     : Explicit concurrent mark sweep GC freed 3(96B) AllocSpace objects, 0(0B) LOS objects, 36% free, 27MB/43MB, paused 365us total 37.578ms
08-04 00:43:46.451 31233 31257 I art     : Starting a blocking GC Explicit
08-04 00:43:46.489 31233 31257 I art     : Explicit concurrent mark sweep GC freed 3(96B) AllocSpace objects, 0(0B) LOS objects, 36% free, 27MB/43MB, paused 355us total 37.361ms
08-04 00:43:46.503 31233 31257 I art     : Starting a blocking GC Explicit
08-04 00:43:46.541 31233 31257 I art     : Explicit concurrent mark sweep GC freed 3(96B) AllocSpace objects, 0(0B) LOS objects, 36% free, 27MB/43MB, paused 337us total 37.522ms
08-04 00:43:46.656 31233 31805 I PostListingFragment: Precaching images: OFF
08-04 00:43:46.656 31233 31805 I PostListingFragment: Precaching comments: OFF
08-04 00:43:46.695 31233   980 D OK      : calling: https://a.thumbs.redditmedia.com/8P7BG-empihRDWkNYE_LZ8tekikmQtEiymWkwv7obo0.jpg
08-04 00:43:46.726 31233   985 D OK      : calling: https://b.thumbs.redditmedia.com/PCxvz6Ma5pyTglQOwhW4LZZOY0qIwyWW5pD83dYmMgc.jpg
08-04 00:43:46.821 31233 31540 I art     : Starting a blocking GC Explicit
08-04 00:43:46.830 31233   980 I NAPPA_EXPERIMENTATION: MetricNetworkRequestExecutionTime: REQUEST_DURATION_SYSTEM='134',REQUEST_DURATION_OKHTTP='134',REQUEST_SYNCHRONOUS='TRUE',RESPONSE_CODE='200',RESPONSE_METHOD='GET',RESPONSE_LENGTH_OKHTTP='3039',RESPONSE_LENGTH_HEADER='3039',REQUEST_PROTOCOL='h2',REQUEST_URL='https://a.thumbs.redditmedia.com/8P7BG-empihRDWkNYE_LZ8tekikmQtEiymWkwv7obo0.jpg',
08-04 00:43:46.830 31233   980 D OK      : request got status: 200
08-04 00:43:46.870 31233 31540 I art     : Explicit concurrent mark sweep GC freed 17838(945KB) AllocSpace objects, 11(740KB) LOS objects, 35% free, 29MB/45MB, paused 578us total 48.313ms
08-04 00:43:46.884 31233 31540 I art     : Starting a blocking GC Explicit
08-04 00:43:46.926 31233 31540 I art     : Explicit concurrent mark sweep GC freed 5295(240KB) AllocSpace objects, 1(68KB) LOS objects, 35% free, 29MB/45MB, paused 475us total 41.309ms
08-04 00:43:46.940 31233 31540 I art     : Starting a blocking GC Explicit
08-04 00:43:46.967 31233   985 I NAPPA_EXPERIMENTATION: MetricNetworkRequestExecutionTime: REQUEST_DURATION_SYSTEM='241',REQUEST_DURATION_OKHTTP='145',REQUEST_SYNCHRONOUS='TRUE',RESPONSE_CODE='200',RESPONSE_METHOD='GET',RESPONSE_LENGTH_OKHTTP='9233',RESPONSE_LENGTH_HEADER='9233',REQUEST_PROTOCOL='h2',REQUEST_URL='https://b.thumbs.redditmedia.com/PCxvz6Ma5pyTglQOwhW4LZZOY0qIwyWW5pD83dYmMgc.jpg',
08-04 00:43:46.967 31233   985 D OK      : request got status: 200
08-04 00:43:46.977 31233 31540 I art     : Explicit concurrent mark sweep GC freed 17874(899KB) AllocSpace objects, 6(108KB) LOS objects, 36% free, 28MB/44MB, paused 336us total 36.792ms
08-04 00:43:46.991 31233 31540 I art     : Starting a blocking GC Explicit
08-04 00:43:47.027 31233 31540 I art     : Explicit concurrent mark sweep GC freed 446(69KB) AllocSpace objects, 4(188KB) LOS objects, 36% free, 28MB/44MB, paused 287us total 35.685ms
08-04 00:43:47.041 31233 31540 I art     : Starting a blocking GC Explicit
08-04 00:43:47.077 31233 31540 I art     : Explicit concurrent mark sweep GC freed 186(7KB) AllocSpace objects, 1(68KB) LOS objects, 36% free, 28MB/44MB, paused 302us total 35.666ms
08-04 00:43:47.390 31233 31245 I art     : Starting a blocking GC Explicit
08-04 00:43:47.424 31233 31245 I art     : Explicit concurrent mark sweep GC freed 1346(82KB) AllocSpace objects, 1(20KB) LOS objects, 36% free, 28MB/44MB, paused 270us total 33.953ms
08-04 00:43:47.439 31233 31245 I art     : Starting a blocking GC Explicit
08-04 00:43:47.473 31233 31245 I art     : Explicit concurrent mark sweep GC freed 20(704B) AllocSpace objects, 0(0B) LOS objects, 36% free, 28MB/44MB, paused 287us total 33.748ms
08-04 00:43:47.487 31233 31245 I art     : Starting a blocking GC Explicit
08-04 00:43:47.522 31233 31245 I art     : Explicit concurrent mark sweep GC freed 3(96B) AllocSpace objects, 0(0B) LOS objects, 36% free, 28MB/44MB, paused 290us total 35.136ms
08-04 00:43:47.537 31233 31245 I art     : Starting a blocking GC Explicit
08-04 00:43:47.573 31233 31245 I art     : Explicit concurrent mark sweep GC freed 3(96B) AllocSpace objects, 0(0B) LOS objects, 36% free, 28MB/44MB, paused 281us total 36.674ms
08-04 00:43:47.588 31233 31245 I art     : Starting a blocking GC Explicit
08-04 00:43:47.625 31233 31245 I art     : Explicit concurrent mark sweep GC freed 3(96B) AllocSpace objects, 0(0B) LOS objects, 36% free, 28MB/44MB, paused 300us total 36.844ms
08-04 00:43:47.939 31233 31244 I art     : Starting a blocking GC Explicit
08-04 00:43:47.984 31233 31244 I art     : Explicit concurrent mark sweep GC freed 1344(82KB) AllocSpace objects, 1(20KB) LOS objects, 36% free, 28MB/44MB, paused 329us total 44.880ms
08-04 00:43:48.005 31233 31244 I art     : Starting a blocking GC Explicit
08-04 00:43:48.042 31233 31244 I art     : Explicit concurrent mark sweep GC freed 20(704B) AllocSpace objects, 0(0B) LOS objects, 36% free, 28MB/44MB, paused 288us total 37.314ms
08-04 00:43:48.056 31233 31244 I art     : Starting a blocking GC Explicit
08-04 00:43:48.094 31233 31244 I art     : Explicit concurrent mark sweep GC freed 3(96B) AllocSpace objects, 0(0B) LOS objects, 36% free, 28MB/44MB, paused 297us total 37.296ms
08-04 00:43:48.109 31233 31244 I art     : Starting a blocking GC Explicit
08-04 00:43:48.146 31233 31244 I art     : Explicit concurrent mark sweep GC freed 3(96B) AllocSpace objects, 0(0B) LOS objects, 36% free, 28MB/44MB, paused 294us total 36.855ms
08-04 00:43:48.160 31233 31244 I art     : Starting a blocking GC Explicit
08-04 00:43:48.197 31233 31244 I art     : Explicit concurrent mark sweep GC freed 3(96B) AllocSpace objects, 0(0B) LOS objects, 36% free, 28MB/44MB, paused 377us total 36.499ms
08-04 00:43:48.490 31233 31257 I art     : Starting a blocking GC Explicit
08-04 00:43:48.527 31233 31257 I art     : Explicit concurrent mark sweep GC freed 1344(82KB) AllocSpace objects, 1(20KB) LOS objects, 36% free, 28MB/44MB, paused 307us total 36.475ms
08-04 00:43:48.541 31233 31257 I art     : Starting a blocking GC Explicit
08-04 00:43:48.576 31233 31257 I art     : Explicit concurrent mark sweep GC freed 20(704B) AllocSpace objects, 0(0B) LOS objects, 36% free, 28MB/44MB, paused 289us total 34.959ms
08-04 00:43:48.590 31233 31257 I art     : Starting a blocking GC Explicit
08-04 00:43:48.626 31233 31257 I art     : Explicit concurrent mark sweep GC freed 3(96B) AllocSpace objects, 0(0B) LOS objects, 36% free, 28MB/44MB, paused 291us total 35.159ms
08-04 00:43:48.640 31233 31257 I art     : Starting a blocking GC Explicit
08-04 00:43:48.674 31233 31257 I art     : Explicit concurrent mark sweep GC freed 3(96B) AllocSpace objects, 0(0B) LOS objects, 36% free, 28MB/44MB, paused 285us total 34.560ms
08-04 00:43:48.688 31233 31257 I art     : Starting a blocking GC Explicit
08-04 00:43:48.724 31233 31257 I art     : Explicit concurrent mark sweep GC freed 3(96B) AllocSpace objects, 0(0B) LOS objects, 36% free, 28MB/44MB, paused 286us total 34.989ms
08-04 00:43:48.807  1014  1014 D AndroidRuntime: >>>>>> START com.android.internal.os.RuntimeInit uid 2000 <<<<<<
08-04 00:43:48.813  1014  1014 D AndroidRuntime: CheckJNI is OFF
08-04 00:43:48.849  1014  1014 D ICU     : No timezone override file found: /data/misc/zoneinfo/current/icu/icu_tzdata.dat
08-04 00:43:48.881  1014  1014 I Radio-JNI: register_android_hardware_Radio DONE
08-04 00:43:48.903  1014  1014 D AndroidRuntime: Calling main entry com.android.commands.input.Input
08-04 00:43:48.905  1014  1014 I Input   : injectMotionEvent: MotionEvent { action=ACTION_DOWN, actionButton=0, id[0]=0, x[0]=600.0, y[0]=580.0, toolType[0]=TOOL_TYPE_UNKNOWN, buttonState=0, metaState=0, flags=0x0, edgeFlags=0x0, pointerCount=1, historySize=0, eventTime=665045317, downTime=665045317, deviceId=0, source=0x1002 }
08-04 00:43:48.911  1014  1014 I Input   : injectMotionEvent: MotionEvent { action=ACTION_UP, actionButton=0, id[0]=0, x[0]=600.0, y[0]=580.0, toolType[0]=TOOL_TYPE_UNKNOWN, buttonState=0, metaState=0, flags=0x0, edgeFlags=0x0, pointerCount=1, historySize=0, eventTime=665045317, downTime=665045317, deviceId=0, source=0x1002 }
08-04 00:43:48.921  1014  1014 D AndroidRuntime: Shutting down VM
08-04 00:43:48.931   918  4413 I ActivityManager: START u0 {cmp=baseline.org.quantumbadger.redreader/.activities.WebViewActivity (has extras)} from uid 10666 on display 0
08-04 00:43:48.937   512  2967 D audio_hw_primary: out_set_parameters: enter: usecase(1: low-latency-playback) kvpairs: routing=2
08-04 00:43:48.949   512  2967 D audio_hw_primary: select_devices: out_snd_device(2: speaker) in_snd_device(0: none)
08-04 00:43:48.949   512  2967 D msm8974_platform: platform_send_audio_calibration: sending audio calibration for snd_device(2) acdb_id(15)
08-04 00:43:48.950   512  2967 I soundtrigger: audio_extn_sound_trigger_update_device_status: device 0x2 of type 0 for Event 1
08-04 00:43:48.956 31233 31233 I AppCompatViewInflater: app:theme is now deprecated. Please move to using android:theme instead.
08-04 00:43:48.963   512  2967 D audio_hw_primary: enable_snd_device: snd_device(2: speaker)
08-04 00:43:48.965   512  2967 D audio_hw_primary: enable_audio_route: apply and update mixer path: low-latency-playback speaker
08-04 00:43:48.971 31233 31233 I WebViewFactory: Loading com.google.android.webview version 84.0.4147.89 (code 414708953)
08-04 00:43:49.004 31233 31245 I art     : Starting a blocking GC Explicit
08-04 00:43:49.041 31233 31245 I art     : Explicit concurrent mark sweep GC freed 5932(484KB) AllocSpace objects, 2(40KB) LOS objects, 35% free, 29MB/45MB, paused 963us total 36.384ms
08-04 00:43:49.042 31233 31233 I cr_LibraryLoader: Loaded native library version number "84.0.4147.89"
08-04 00:43:49.043 31233 31233 I cr_CachingUmaRecorder: Flushed 5 samples from 5 histograms.
08-04 00:43:49.055 31233 31245 I art     : Starting a blocking GC Explicit
08-04 00:43:49.078 31233 31233 E chromium: [ERROR:filesystem_posix.cc(62)] mkdir /data/user/0/baseline.org.quantumbadger.redreader/cache/WebView/Crashpad: No such file or directory (2)
08-04 00:43:49.089 31233 31245 I art     : Explicit concurrent mark sweep GC freed 7205(639KB) AllocSpace objects, 4(96KB) LOS objects, 35% free, 28MB/44MB, paused 700us total 34.274ms
08-04 00:43:49.106 31233 31245 I art     : Starting a blocking GC Explicit
08-04 00:43:49.144 31233 31245 I art     : Explicit concurrent mark sweep GC freed 1080(90KB) AllocSpace objects, 0(0B) LOS objects, 35% free, 28MB/44MB, paused 754us total 38.405ms
08-04 00:43:49.152   918  3714 D ConnectivityService: listenForNetwork for Listen from uid/pid:10666/31233 for NetworkRequest [ id=2476, legacyType=-1, [ Capabilities: INTERNET&NOT_RESTRICTED&TRUSTED] ]
08-04 00:43:49.158 31233 31245 I art     : Starting a blocking GC Explicit
08-04 00:43:49.170 26997 26997 I ServiceManager: Waiting for service AtCmdFwd...
08-04 00:43:49.193 31233 31245 I art     : Explicit concurrent mark sweep GC freed 2523(163KB) AllocSpace objects, 0(0B) LOS objects, 35% free, 29MB/45MB, paused 765us total 34.390ms
08-04 00:43:49.204 31233  1064 W cr_media: Requires BLUETOOTH permission
08-04 00:43:49.223 31233  1075 E libEGL  : validate_display:255 error 3008 (EGL_BAD_DISPLAY)
08-04 00:43:49.233 31233 31245 I art     : Starting a blocking GC Explicit
08-04 00:43:49.275 31233 31245 I art     : Explicit concurrent mark sweep GC freed 938(74KB) AllocSpace objects, 0(0B) LOS objects, 35% free, 29MB/45MB, paused 499us total 42.427ms
08-04 00:43:49.352 13866 13866 I GoogleInputMethodServic: GoogleInputMethodService.onFinishInput():3138 
08-04 00:43:49.352   918   936 I ActivityManager: Displayed baseline.org.quantumbadger.redreader/.activities.WebViewActivity: +411ms
08-04 00:43:49.352 13866 13866 I GoogleInputMethodServic: GoogleInputMethodService.onStartInput():1808 
08-04 00:43:49.499   512  2967 D audio_hw_primary: disable_audio_route: reset and update mixer path: low-latency-playback speaker
08-04 00:43:49.499   512  2967 D audio_hw_primary: disable_snd_device: snd_device(2: speaker)
08-04 00:43:49.508   512  2967 I soundtrigger: audio_extn_sound_trigger_update_device_status: device 0x2 of type 0 for Event 0
08-04 00:43:49.564 31233 31257 I art     : Starting a blocking GC Explicit
08-04 00:43:49.595   380   380 W SurfaceFlinger: couldn't log to binary event log: overflow.
08-04 00:43:49.613 31233 31257 I art     : Explicit concurrent mark sweep GC freed 5022(277KB) AllocSpace objects, 4(220KB) LOS objects, 35% free, 29MB/45MB, paused 458us total 48.895ms
08-04 00:43:49.626 31233 31257 I art     : Starting a blocking GC Explicit
08-04 00:43:49.659 31233 31257 I art     : Explicit concurrent mark sweep GC freed 1252(141KB) AllocSpace objects, 0(0B) LOS objects, 35% free, 29MB/45MB, paused 551us total 33.137ms
08-04 00:43:49.672 31233 31257 I art     : Starting a blocking GC Explicit
08-04 00:43:49.706 31233 31257 I art     : Explicit concurrent mark sweep GC freed 762(55KB) AllocSpace objects, 0(0B) LOS objects, 35% free, 29MB/45MB, paused 498us total 32.894ms
08-04 00:43:49.726 31233 31257 I art     : Starting a blocking GC Explicit
08-04 00:43:49.758 31233 31257 I art     : Explicit concurrent mark sweep GC freed 181(6KB) AllocSpace objects, 0(0B) LOS objects, 35% free, 29MB/45MB, paused 484us total 32.430ms
08-04 00:43:49.774 31233 31257 I art     : Starting a blocking GC Explicit
08-04 00:43:49.807 31233 31257 I art     : Explicit concurrent mark sweep GC freed 14(608B) AllocSpace objects, 0(0B) LOS objects, 35% free, 29MB/45MB, paused 541us total 32.742ms
08-04 00:43:50.080 31233 31245 I art     : Starting a blocking GC Explicit
08-04 00:43:50.118 31233 31245 I art     : Explicit concurrent mark sweep GC freed 3307(165KB) AllocSpace objects, 1(20KB) LOS objects, 35% free, 29MB/45MB, paused 680us total 37.420ms
08-04 00:43:50.132 31233 31245 I art     : Starting a blocking GC Explicit
08-04 00:43:50.167 31233 31245 I art     : Explicit concurrent mark sweep GC freed 2433(101KB) AllocSpace objects, 0(0B) LOS objects, 35% free, 29MB/45MB, paused 582us total 35.057ms
08-04 00:43:50.171 26997 26997 I ServiceManager: Waiting for service AtCmdFwd...
08-04 00:43:50.182 31233 31245 I art     : Starting a blocking GC Explicit
08-04 00:43:50.215 31233 31245 I art     : Explicit concurrent mark sweep GC freed 1628(65KB) AllocSpace objects, 0(0B) LOS objects, 35% free, 29MB/45MB, paused 465us total 32.273ms
08-04 00:43:50.229 31233 31245 I art     : Starting a blocking GC Explicit
08-04 00:43:50.261 31233 31245 I art     : Explicit concurrent mark sweep GC freed 37(1216B) AllocSpace objects, 0(0B) LOS objects, 35% free, 29MB/45MB, paused 477us total 31.587ms
08-04 00:43:50.274 31233 31245 I art     : Starting a blocking GC Explicit
08-04 00:43:50.307 31233 31245 I art     : Explicit concurrent mark sweep GC freed 3(96B) AllocSpace objects, 0(0B) LOS objects, 35% free, 29MB/45MB, paused 433us total 32.043ms
08-04 00:43:50.511 31233 31233 I Choreographer: Skipped 43 frames!  The application may be doing too much work on its main thread.
08-04 00:43:50.634 31233 31257 I art     : Starting a blocking GC Explicit
08-04 00:43:50.696 31233 31257 I art     : Explicit concurrent mark sweep GC freed 1382(83KB) AllocSpace objects, 1(20KB) LOS objects, 35% free, 29MB/45MB, paused 593us total 61.223ms
08-04 00:43:50.716 31233 31257 I art     : Starting a blocking GC Explicit
08-04 00:43:50.755 31233 31257 I art     : Explicit concurrent mark sweep GC freed 29(992B) AllocSpace objects, 0(0B) LOS objects, 35% free, 29MB/45MB, paused 439us total 38.454ms
08-04 00:43:50.771 31233 31257 I art     : Starting a blocking GC Explicit
08-04 00:43:50.808 31233 31257 I art     : Explicit concurrent mark sweep GC freed 10(304B) AllocSpace objects, 0(0B) LOS objects, 35% free, 29MB/45MB, paused 439us total 37.455ms
08-04 00:43:50.823 31233 31257 I art     : Starting a blocking GC Explicit
08-04 00:43:50.860 31233 31257 I art     : Explicit concurrent mark sweep GC freed 10(304B) AllocSpace objects, 0(0B) LOS objects, 35% free, 29MB/45MB, paused 464us total 36.859ms
08-04 00:43:50.876 31233 31257 I art     : Starting a blocking GC Explicit
08-04 00:43:50.915 31233 31257 I art     : Explicit concurrent mark sweep GC freed 13(416B) AllocSpace objects, 0(0B) LOS objects, 35% free, 29MB/45MB, paused 742us total 39.639ms
08-04 00:43:51.172 26997 26997 I ServiceManager: Waiting for service AtCmdFwd...
08-04 00:43:51.240 31233 31257 I art     : Starting a blocking GC Explicit
08-04 00:43:51.279 31233 31257 I art     : Explicit concurrent mark sweep GC freed 1410(84KB) AllocSpace objects, 1(20KB) LOS objects, 35% free, 29MB/45MB, paused 473us total 38.694ms
08-04 00:43:51.294 31233 31257 I art     : Starting a blocking GC Explicit
08-04 00:43:51.330 31233 31257 I art     : Explicit concurrent mark sweep GC freed 20(704B) AllocSpace objects, 0(0B) LOS objects, 35% free, 29MB/45MB, paused 408us total 35.230ms
08-04 00:43:51.344 31233 31257 I art     : Starting a blocking GC Explicit
08-04 00:43:51.357 31233 31233 I chromium: [INFO:CONSOLE(1)] "
08-04 00:43:51.357 31233 31233 I chromium:                   ,d"=,.,qOp,
08-04 00:43:51.357 31233 31233 I chromium:                  ,7'  ''$(  )
08-04 00:43:51.357 31233 31233 I chromium:                 ,7'      '?q$7'
08-04 00:43:51.357 31233 31233 I chromium:              ..,$$,.
08-04 00:43:51.357 31233 31233 I chromium:    ,.  .,,--***""***--,,.  .,
08-04 00:43:51.357 31233 31233 I chromium:     ,p''              ''q,   
08-04 00:43:51.357 31233 31233 I chromium: :  ,7'                      '7,  :
08-04 00:43:51.357 31233 31233 I chromium:  ' $      ,db,      ,db,      $ '
08-04 00:43:51.357 31233 31233 I chromium:   '$      $$      $$      $'    Using Reddit at work? Work for Reddit.
08-04 00:43:51.357 31233 31233 I chromium:   '$                          $'        https://www.reddit.com/jobs
08-04 00:43:51.357 31233 31233 I chromium:    '$.     .,        ,.     .$'
08-04 00:43:51.357 31233 31233 I chromium:     'b,     ''     ,d'
08-04 00:43:51.357 31233 31233 I chromium:      '?bn,,          ,,nd?'
08-04 00:43:51.357 31233 31233 I chromium:        ,7$ '''' $7,
08-04 00:43:51.357 31233 31233 I chromium:      , $              $ ,
08-04 00:43:51.357 31233 31233 I chromium:      $  :$              $:  $
08-04 00:43:51.357 31233 31233 I chromium:      $   $              $   $
08-04 00:43:51.357 31233 31233 I chromium:      'b  q:            :p  d'
08-04 00:43:51.357 31233 31233 I chromium:       '?$.          .$?'
08-04 00:43:51.357 31233 31233 I chromium:          'b            d'
08-04 00:43:51.357 31233 31233 I chromium:        ,'?,.      .,?',
08-04 00:43:51.357 31233 31233 I chromium:       ==--==--==--==
08-04 00:43:51.357 31233 31233 I chromium: ", source: https://www.redditstatic.com/desktop2x/Chat~Governance~Reddit.2ea93b134a9b2e5b1d9a.js (1)
08-04 00:43:51.381 31233 31257 I art     : Explicit concurrent mark sweep GC freed 9(2464B) AllocSpace objects, 0(0B) LOS objects, 35% free, 29MB/45MB, paused 476us total 36.366ms
08-04 00:43:51.382 31233 31243 I art     : WaitForGcToComplete blocked for 37.739ms for cause HeapTrim
08-04 00:43:51.395 31233 31257 I art     : Starting a blocking GC Explicit
08-04 00:43:51.429 31233 31257 I art     : Explicit concurrent mark sweep GC freed 6(544B) AllocSpace objects, 0(0B) LOS objects, 35% free, 29MB/45MB, paused 406us total 33.755ms
08-04 00:43:51.442 31233 31257 I art     : Starting a blocking GC Explicit
08-04 00:43:51.476 31233 31257 I art     : Explicit concurrent mark sweep GC freed 3(96B) AllocSpace objects, 0(0B) LOS objects, 35% free, 29MB/45MB, paused 409us total 33.083ms
08-04 00:43:51.780   518   646 I ThermalEngine: ACTION: GPU - Setting GPU[0] to 450000000
08-04 00:43:51.827 31233 31245 I art     : Starting a blocking GC Explicit
08-04 00:43:51.876 31233 31245 I art     : Explicit concurrent mark sweep GC freed 1368(83KB) AllocSpace objects, 1(20KB) LOS objects, 35% free, 29MB/45MB, paused 609us total 48.672ms
08-04 00:43:51.894 31233 31245 I art     : Starting a blocking GC Explicit
08-04 00:43:51.941 31233 31245 I art     : Explicit concurrent mark sweep GC freed 22(768B) AllocSpace objects, 0(0B) LOS objects, 35% free, 29MB/45MB, paused 579us total 46.639ms
08-04 00:43:51.960 31233 31245 I art     : Starting a blocking GC Explicit
08-04 00:43:52.007 31233 31245 I art     : Explicit concurrent mark sweep GC freed 32(1568B) AllocSpace objects, 0(0B) LOS objects, 35% free, 29MB/45MB, paused 578us total 47.019ms
08-04 00:43:52.026 31233 31245 I art     : Starting a blocking GC Explicit
08-04 00:43:52.070 31233 31245 I art     : Explicit concurrent mark sweep GC freed 136(29KB) AllocSpace objects, 0(0B) LOS objects, 35% free, 29MB/45MB, paused 511us total 44.018ms
08-04 00:43:52.089 31233 31245 I art     : Starting a blocking GC Explicit
08-04 00:43:52.136 31233 31245 I art     : Explicit concurrent mark sweep GC freed 68(2304B) AllocSpace objects, 0(0B) LOS objects, 35% free, 29MB/45MB, paused 549us total 46.549ms
08-04 00:43:52.172 26997 26997 I ServiceManager: Waiting for service AtCmdFwd...
08-04 00:43:52.526 31233 31257 I art     : Starting a blocking GC Explicit
08-04 00:43:52.571 31233 31257 I art     : Explicit concurrent mark sweep GC freed 1566(94KB) AllocSpace objects, 1(20KB) LOS objects, 35% free, 29MB/45MB, paused 451us total 44.673ms
08-04 00:43:52.595 31233 31257 I art     : Starting a blocking GC Explicit
08-04 00:43:52.640 31233 31257 I art     : Explicit concurrent mark sweep GC freed 20(704B) AllocSpace objects, 0(0B) LOS objects, 35% free, 29MB/45MB, paused 505us total 45.252ms
08-04 00:43:52.659 31233 31257 I art     : Starting a blocking GC Explicit
08-04 00:43:52.709 31233 31257 I art     : Explicit concurrent mark sweep GC freed 3(96B) AllocSpace objects, 0(0B) LOS objects, 35% free, 29MB/45MB, paused 482us total 50.011ms
08-04 00:43:52.728 31233 31257 I art     : Starting a blocking GC Explicit
08-04 00:43:52.774 31233 31257 I art     : Explicit concurrent mark sweep GC freed 18(2896B) AllocSpace objects, 0(0B) LOS objects, 35% free, 29MB/45MB, paused 485us total 45.583ms
08-04 00:43:52.794 31233 31257 I art     : Starting a blocking GC Explicit
08-04 00:43:52.841 31233 31257 I art     : Explicit concurrent mark sweep GC freed 3(96B) AllocSpace objects, 0(0B) LOS objects, 35% free, 29MB/45MB, paused 542us total 46.244ms
08-04 00:43:53.173 26997 26997 I ServiceManager: Waiting for service AtCmdFwd...
08-04 00:43:53.207 31233 31540 I art     : Starting a blocking GC Explicit
08-04 00:43:53.253 31233 31540 I art     : Explicit concurrent mark sweep GC freed 1401(85KB) AllocSpace objects, 1(20KB) LOS objects, 35% free, 29MB/45MB, paused 448us total 45.823ms
08-04 00:43:53.276 31233 31540 I art     : Starting a blocking GC Explicit
08-04 00:43:53.322 31233 31540 I art     : Explicit concurrent mark sweep GC freed 20(704B) AllocSpace objects, 0(0B) LOS objects, 35% free, 29MB/45MB, paused 541us total 45.827ms
08-04 00:43:53.341 31233 31540 I art     : Starting a blocking GC Explicit
08-04 00:43:53.394 31233 31540 I art     : Explicit concurrent mark sweep GC freed 3(96B) AllocSpace objects, 0(0B) LOS objects, 35% free, 29MB/45MB, paused 531us total 52.643ms
08-04 00:43:53.413 31233 31540 I art     : Starting a blocking GC Explicit
08-04 00:43:53.459 31233 31540 I art     : Explicit concurrent mark sweep GC freed 3(96B) AllocSpace objects, 0(0B) LOS objects, 35% free, 29MB/45MB, paused 469us total 45.804ms
08-04 00:43:53.481 31233 31540 I art     : Starting a blocking GC Explicit
08-04 00:43:53.527 31233 31540 I art     : Explicit concurrent mark sweep GC freed 3(96B) AllocSpace objects, 0(0B) LOS objects, 35% free, 29MB/45MB, paused 476us total 45.009ms
08-04 00:43:53.888 31233 31245 I art     : Starting a blocking GC Explicit
08-04 00:43:53.938 31233 31245 I art     : Explicit concurrent mark sweep GC freed 1355(82KB) AllocSpace objects, 1(20KB) LOS objects, 35% free, 29MB/45MB, paused 693us total 49.667ms
08-04 00:43:53.942 31233  1049 I RedditChangeDataIO: Writing tmp data file at '/data/user/0/baseline.org.quantumbadger.redreader/files/rr_change_data_tmp.dat'
08-04 00:43:53.943 31233  1049 I RedditChangeDataManager: Taking snapshot...
08-04 00:43:53.943 31233  1049 I RedditChangeDataManager: Writing to stream...
08-04 00:43:53.943 31233  1049 I RedditChangeDataManager: Wrote 4 entries for user ''
08-04 00:43:53.943 31233  1049 I RedditChangeDataManager: All entries written to stream.
08-04 00:43:53.944 31233  1049 I RedditChangeDataIO: Write successful. Atomically replacing data file...
08-04 00:43:53.944 31233  1049 I RedditChangeDataIO: Write complete.
08-04 00:43:53.944 31233  1049 I RedditChangeDataIO: 110 bytes written in 2 ms
08-04 00:43:53.957 31233 31245 I art     : Starting a blocking GC Explicit
08-04 00:43:54.006 31233 31245 I art     : Explicit concurrent mark sweep GC freed 101(5KB) AllocSpace objects, 1(68KB) LOS objects, 35% free, 29MB/45MB, paused 461us total 48.400ms
08-04 00:43:54.026 31233 31245 I art     : Starting a blocking GC Explicit
08-04 00:43:54.077 31233 31245 I art     : Explicit concurrent mark sweep GC freed 6(192B) AllocSpace objects, 0(0B) LOS objects, 35% free, 29MB/45MB, paused 692us total 51.451ms
08-04 00:43:54.097 31233 31245 I art     : Starting a blocking GC Explicit
08-04 00:43:54.145 31233 31245 I art     : Explicit concurrent mark sweep GC freed 3(96B) AllocSpace objects, 0(0B) LOS objects, 35% free, 29MB/45MB, paused 468us total 47.853ms
08-04 00:43:54.164 31233 31245 I art     : Starting a blocking GC Explicit
08-04 00:43:54.174 26997 26997 W Atfwd_Sendcmd: AtCmdFwd service not published, waiting... retryCnt : 2
08-04 00:43:54.211 31233 31245 I art     : Explicit concurrent mark sweep GC freed 3(96B) AllocSpace objects, 0(0B) LOS objects, 35% free, 29MB/45MB, paused 513us total 47.502ms
08-04 00:43:54.600 31233 31540 I art     : Starting a blocking GC Explicit
08-04 00:43:54.650 31233 31540 I art     : Explicit concurrent mark sweep GC freed 1355(82KB) AllocSpace objects, 1(20KB) LOS objects, 35% free, 29MB/45MB, paused 452us total 49.392ms
08-04 00:43:54.669 31233 31540 I art     : Starting a blocking GC Explicit
08-04 00:43:54.712 31233 31540 I art     : Explicit concurrent mark sweep GC freed 22(784B) AllocSpace objects, 0(0B) LOS objects, 35% free, 29MB/45MB, paused 514us total 42.177ms
08-04 00:43:54.730 31233 31540 I art     : Starting a blocking GC Explicit
08-04 00:43:54.778 31233 31540 I art     : Explicit concurrent mark sweep GC freed 3(96B) AllocSpace objects, 0(0B) LOS objects, 35% free, 29MB/45MB, paused 579us total 47.902ms
08-04 00:43:54.798 31233 31540 I art     : Starting a blocking GC Explicit
08-04 00:43:54.846 31233 31540 I art     : Explicit concurrent mark sweep GC freed 3(96B) AllocSpace objects, 0(0B) LOS objects, 35% free, 29MB/45MB, paused 505us total 47.922ms
08-04 00:43:54.864 31233 31540 I art     : Starting a blocking GC Explicit
08-04 00:43:54.915 31233 31540 I art     : Explicit concurrent mark sweep GC freed 3(96B) AllocSpace objects, 0(0B) LOS objects, 35% free, 29MB/45MB, paused 534us total 50.667ms
08-04 00:43:55.323 31233 31245 I art     : Starting a blocking GC Explicit
08-04 00:43:55.375 31233 31245 I art     : Explicit concurrent mark sweep GC freed 1355(82KB) AllocSpace objects, 1(20KB) LOS objects, 35% free, 29MB/45MB, paused 609us total 51.138ms
08-04 00:43:55.397 31233 31245 I art     : Starting a blocking GC Explicit
08-04 00:43:55.446 31233 31245 I art     : Explicit concurrent mark sweep GC freed 20(704B) AllocSpace objects, 0(0B) LOS objects, 35% free, 29MB/45MB, paused 528us total 47.849ms
08-04 00:43:55.465 31233 31245 I art     : Starting a blocking GC Explicit
08-04 00:43:55.517 31233 31245 I art     : Explicit concurrent mark sweep GC freed 3(96B) AllocSpace objects, 0(0B) LOS objects, 35% free, 29MB/45MB, paused 581us total 52.422ms
08-04 00:43:55.536 31233 31245 I art     : Starting a blocking GC Explicit
08-04 00:43:55.568   918  3188 I hubconnection: sensorhub said: 'set_bias 3: -6.7200, 0.0000, 0.0000'
08-04 00:43:55.589 31233 31245 I art     : Explicit concurrent mark sweep GC freed 3(96B) AllocSpace objects, 0(0B) LOS objects, 35% free, 29MB/45MB, paused 502us total 52.426ms
08-04 00:43:55.608 31233 31245 I art     : Starting a blocking GC Explicit
08-04 00:43:55.655 31233 31245 I art     : Explicit concurrent mark sweep GC freed 3(96B) AllocSpace objects, 0(0B) LOS objects, 35% free, 29MB/45MB, paused 515us total 46.696ms
08-04 00:43:56.037 31233 31244 I art     : Starting a blocking GC Explicit
08-04 00:43:56.090 31233 31244 I art     : Explicit concurrent mark sweep GC freed 1355(82KB) AllocSpace objects, 1(20KB) LOS objects, 35% free, 29MB/45MB, paused 478us total 52.682ms
08-04 00:43:56.109 31233 31244 I art     : Starting a blocking GC Explicit
08-04 00:43:56.158 31233 31244 I art     : Explicit concurrent mark sweep GC freed 20(704B) AllocSpace objects, 0(0B) LOS objects, 35% free, 29MB/45MB, paused 456us total 48.056ms
08-04 00:43:56.180 31233 31244 I art     : Starting a blocking GC Explicit
08-04 00:43:56.228 31233 31244 I art     : Explicit concurrent mark sweep GC freed 3(96B) AllocSpace objects, 0(0B) LOS objects, 35% free, 29MB/45MB, paused 525us total 48.224ms
08-04 00:43:56.247 31233 31244 I art     : Starting a blocking GC Explicit
08-04 00:43:56.300 31233 31244 I art     : Explicit concurrent mark sweep GC freed 3(96B) AllocSpace objects, 0(0B) LOS objects, 35% free, 29MB/45MB, paused 515us total 52.329ms
08-04 00:43:56.319 31233 31244 I art     : Starting a blocking GC Explicit
08-04 00:43:56.368 31233 31244 I art     : Explicit concurrent mark sweep GC freed 3(96B) AllocSpace objects, 0(0B) LOS objects, 35% free, 29MB/45MB, paused 677us total 48.693ms
08-04 00:43:56.747 31233 31244 I art     : Starting a blocking GC Explicit
08-04 00:43:56.807 31233 31244 I art     : Explicit concurrent mark sweep GC freed 1356(82KB) AllocSpace objects, 1(20KB) LOS objects, 35% free, 29MB/45MB, paused 480us total 60.369ms
08-04 00:43:56.826 31233 31244 I art     : Starting a blocking GC Explicit
08-04 00:43:56.875 31233 31244 I art     : Explicit concurrent mark sweep GC freed 20(704B) AllocSpace objects, 0(0B) LOS objects, 35% free, 29MB/45MB, paused 569us total 49.685ms
08-04 00:43:56.895 31233 31244 I art     : Starting a blocking GC Explicit
08-04 00:43:56.940 31233 31244 I art     : Explicit concurrent mark sweep GC freed 3(96B) AllocSpace objects, 0(0B) LOS objects, 35% free, 29MB/45MB, paused 470us total 44.867ms
08-04 00:43:56.959 31233 31244 I art     : Starting a blocking GC Explicit
08-04 00:43:57.013 31233 31244 I art     : Explicit concurrent mark sweep GC freed 3(96B) AllocSpace objects, 0(0B) LOS objects, 35% free, 29MB/45MB, paused 528us total 53.333ms
08-04 00:43:57.032 31233 31244 I art     : Starting a blocking GC Explicit
08-04 00:43:57.086 31233 31244 I art     : Explicit concurrent mark sweep GC freed 3(96B) AllocSpace objects, 0(0B) LOS objects, 35% free, 29MB/45MB, paused 516us total 53.172ms
08-04 00:43:57.439 31233 31244 I art     : Starting a blocking GC Explicit
08-04 00:43:57.493 31233 31244 I art     : Explicit concurrent mark sweep GC freed 1355(82KB) AllocSpace objects, 1(20KB) LOS objects, 35% free, 29MB/45MB, paused 471us total 53.848ms
08-04 00:43:57.511 31233 31244 I art     : Starting a blocking GC Explicit
08-04 00:43:57.557 31233 31244 I art     : Explicit concurrent mark sweep GC freed 20(704B) AllocSpace objects, 0(0B) LOS objects, 35% free, 29MB/45MB, paused 480us total 45.065ms
08-04 00:43:57.578 31233 31244 I art     : Starting a blocking GC Explicit
08-04 00:43:57.624 31233 31244 I art     : Explicit concurrent mark sweep GC freed 3(96B) AllocSpace objects, 0(0B) LOS objects, 35% free, 29MB/45MB, paused 491us total 45.080ms
08-04 00:43:57.643 31233 31244 I art     : Starting a blocking GC Explicit
08-04 00:43:57.695 31233 31244 I art     : Explicit concurrent mark sweep GC freed 3(96B) AllocSpace objects, 0(0B) LOS objects, 35% free, 29MB/45MB, paused 519us total 52.302ms
08-04 00:43:57.714 31233 31244 I art     : Starting a blocking GC Explicit
08-04 00:43:57.753  1215  1215 D AndroidRuntime: >>>>>> START com.android.internal.os.RuntimeInit uid 2000 <<<<<<
08-04 00:43:57.759  1215  1215 D AndroidRuntime: CheckJNI is OFF
08-04 00:43:57.761 31233 31244 I art     : Explicit concurrent mark sweep GC freed 3(96B) AllocSpace objects, 0(0B) LOS objects, 35% free, 29MB/45MB, paused 555us total 46.713ms
08-04 00:43:57.803  1215  1215 D ICU     : No timezone override file found: /data/misc/zoneinfo/current/icu/icu_tzdata.dat
08-04 00:43:57.845  1215  1215 I Radio-JNI: register_android_hardware_Radio DONE
08-04 00:43:57.874  1215  1215 D AndroidRuntime: Calling main entry com.android.commands.input.Input
08-04 00:43:57.877  1215  1215 I Input   : injectKeyEvent: KeyEvent { action=ACTION_DOWN, keyCode=KEYCODE_BACK, scanCode=0, metaState=0, flags=0x0, repeatCount=0, eventTime=665054290, downTime=665054290, deviceId=-1, source=0x101 }
08-04 00:43:57.886  1215  1215 I Input   : injectKeyEvent: KeyEvent { action=ACTION_UP, keyCode=KEYCODE_BACK, scanCode=0, metaState=0, flags=0x0, repeatCount=0, eventTime=665054290, downTime=665054290, deviceId=-1, source=0x101 }
08-04 00:43:57.896  1215  1215 D AndroidRuntime: Shutting down VM
08-04 00:43:57.987 13866 13866 I GoogleInputMethodServic: GoogleInputMethodService.onFinishInput():3138 
08-04 00:43:57.990 13866 13866 I GoogleInputMethodServic: GoogleInputMethodService.onStartInput():1808 
08-04 00:43:58.103 31233 31244 I art     : Starting a blocking GC Explicit
08-04 00:43:58.150 31233 31244 I art     : Explicit concurrent mark sweep GC freed 1633(93KB) AllocSpace objects, 1(20KB) LOS objects, 35% free, 29MB/45MB, paused 493us total 46.568ms
08-04 00:43:58.170 31233 31244 I art     : Starting a blocking GC Explicit
08-04 00:43:58.220 31233 31244 I art     : Explicit concurrent mark sweep GC freed 24(864B) AllocSpace objects, 0(0B) LOS objects, 35% free, 29MB/45MB, paused 489us total 48.995ms
08-04 00:43:58.240 31233 31244 I art     : Starting a blocking GC Explicit
08-04 00:43:58.285 31233 31244 I art     : Explicit concurrent mark sweep GC freed 3(96B) AllocSpace objects, 0(0B) LOS objects, 35% free, 29MB/45MB, paused 473us total 44.521ms
08-04 00:43:58.303 31233 31244 I art     : Starting a blocking GC Explicit
08-04 00:43:58.304   380   380 W SurfaceFlinger: couldn't log to binary event log: overflow.
08-04 00:43:58.343   918  3263 D ConnectivityService: releasing NetworkRequest NetworkRequest [ id=2476, legacyType=-1, [ Capabilities: INTERNET&NOT_RESTRICTED&TRUSTED] ]
08-04 00:43:58.369 31233 31244 I art     : Explicit concurrent mark sweep GC freed 686(33KB) AllocSpace objects, 0(0B) LOS objects, 35% free, 29MB/45MB, paused 731us total 65.485ms
08-04 00:43:58.392 31233 31244 I art     : Starting a blocking GC Explicit
08-04 00:43:58.432 31233 31244 I art     : Explicit concurrent mark sweep GC freed 348(17KB) AllocSpace objects, 0(0B) LOS objects, 35% free, 29MB/45MB, paused 462us total 39.788ms
08-04 00:43:58.752 31233 31540 I art     : Starting a blocking GC Explicit
08-04 00:43:58.794 31233 31540 I art     : Explicit concurrent mark sweep GC freed 3338(200KB) AllocSpace objects, 2(48KB) LOS objects, 35% free, 29MB/45MB, paused 492us total 42.326ms
08-04 00:43:58.812 31233 31540 I art     : Starting a blocking GC Explicit
08-04 00:43:58.856 31233 31540 I art     : Explicit concurrent mark sweep GC freed 20(704B) AllocSpace objects, 0(0B) LOS objects, 35% free, 29MB/45MB, paused 496us total 43.657ms
08-04 00:43:58.874 31233 31540 I art     : Starting a blocking GC Explicit
08-04 00:43:58.919 31233 31540 I art     : Explicit concurrent mark sweep GC freed 3(96B) AllocSpace objects, 0(0B) LOS objects, 35% free, 29MB/45MB, paused 504us total 44.324ms
08-04 00:43:58.937 31233 31540 I art     : Starting a blocking GC Explicit
08-04 00:43:58.983 31233 31540 I art     : Explicit concurrent mark sweep GC freed 3(96B) AllocSpace objects, 0(0B) LOS objects, 35% free, 29MB/45MB, paused 494us total 45.562ms
08-04 00:43:59.002 31233 31540 I art     : Starting a blocking GC Explicit
08-04 00:43:59.048 31233 31540 I art     : Explicit concurrent mark sweep GC freed 3(96B) AllocSpace objects, 0(0B) LOS objects, 35% free, 29MB/45MB, paused 485us total 46.259ms
08-04 00:43:59.379 31233 31245 I art     : Starting a blocking GC Explicit
08-04 00:43:59.434 31233 31245 I art     : Explicit concurrent mark sweep GC freed 1373(83KB) AllocSpace objects, 1(20KB) LOS objects, 35% free, 29MB/45MB, paused 541us total 54.868ms
08-04 00:43:59.453 31233 31245 I art     : Starting a blocking GC Explicit
08-04 00:43:59.501 31233 31245 I art     : Explicit concurrent mark sweep GC freed 26(928B) AllocSpace objects, 0(0B) LOS objects, 35% free, 29MB/45MB, paused 528us total 47.499ms
08-04 00:43:59.519 31233 31245 I art     : Starting a blocking GC Explicit
08-04 00:43:59.569 31233 31245 I art     : Explicit concurrent mark sweep GC freed 3(96B) AllocSpace objects, 0(0B) LOS objects, 35% free, 29MB/45MB, paused 553us total 49.209ms
08-04 00:43:59.588 31233 31245 I art     : Starting a blocking GC Explicit
08-04 00:43:59.635 31233 31245 I art     : Explicit concurrent mark sweep GC freed 3(96B) AllocSpace objects, 0(0B) LOS objects, 35% free, 29MB/45MB, paused 522us total 47.161ms
08-04 00:43:59.654 31233 31245 I art     : Starting a blocking GC Explicit
08-04 00:43:59.696  1263  1263 D AndroidRuntime: >>>>>> START com.android.internal.os.RuntimeInit uid 2000 <<<<<<
08-04 00:43:59.702 31233 31245 I art     : Explicit concurrent mark sweep GC freed 3(96B) AllocSpace objects, 0(0B) LOS objects, 35% free, 29MB/45MB, paused 538us total 47.837ms
08-04 00:43:59.702  1263  1263 D AndroidRuntime: CheckJNI is OFF
08-04 00:43:59.748  1263  1263 D ICU     : No timezone override file found: /data/misc/zoneinfo/current/icu/icu_tzdata.dat
08-04 00:43:59.793  1263  1263 I Radio-JNI: register_android_hardware_Radio DONE
08-04 00:43:59.824  1263  1263 D AndroidRuntime: Calling main entry com.android.commands.input.Input
08-04 00:43:59.827  1263  1263 I Input   : injectMotionEvent: MotionEvent { action=ACTION_DOWN, actionButton=0, id[0]=0, x[0]=600.0, y[0]=820.0, toolType[0]=TOOL_TYPE_UNKNOWN, buttonState=0, metaState=0, flags=0x0, edgeFlags=0x0, pointerCount=1, historySize=0, eventTime=665056239, downTime=665056239, deviceId=0, source=0x1002 }
08-04 00:43:59.835  1263  1263 I Input   : injectMotionEvent: MotionEvent { action=ACTION_UP, actionButton=0, id[0]=0, x[0]=600.0, y[0]=820.0, toolType[0]=TOOL_TYPE_UNKNOWN, buttonState=0, metaState=0, flags=0x0, edgeFlags=0x0, pointerCount=1, historySize=0, eventTime=665056239, downTime=665056239, deviceId=0, source=0x1002 }
08-04 00:43:59.838  1263  1263 D AndroidRuntime: Shutting down VM
08-04 00:43:59.850   512  2967 D audio_hw_primary: out_set_parameters: enter: usecase(1: low-latency-playback) kvpairs: routing=2
08-04 00:43:59.854   918  3961 I ActivityManager: START u0 {dat=https://oauth.reddit.com/... cmp=baseline.org.quantumbadger.redreader/.activities.CommentListingActivity} from uid 10666 on display 0
08-04 00:43:59.864   512  2967 D audio_hw_primary: select_devices: out_snd_device(2: speaker) in_snd_device(0: none)
08-04 00:43:59.864   512  2967 D msm8974_platform: platform_send_audio_calibration: sending audio calibration for snd_device(2) acdb_id(15)
08-04 00:43:59.865   512  2967 I soundtrigger: audio_extn_sound_trigger_update_device_status: device 0x2 of type 0 for Event 1
08-04 00:43:59.875   512  2967 D audio_hw_primary: enable_snd_device: snd_device(2: speaker)
08-04 00:43:59.877   512  2967 D audio_hw_primary: enable_audio_route: apply and update mixer path: low-latency-playback speaker
08-04 00:43:59.878 31233 31233 I AppCompatViewInflater: app:theme is now deprecated. Please move to using android:theme instead.
08-04 00:43:59.897 31233  1294 D OK      : calling: https://oauth.reddit.com/comments/hi3oht/.json?sort=confidence
08-04 00:43:59.988   918   936 I ActivityManager: Displayed baseline.org.quantumbadger.redreader/.activities.CommentListingActivity: +126ms
08-04 00:43:59.989 13866 13866 I GoogleInputMethodServic: GoogleInputMethodService.onFinishInput():3138 
08-04 00:43:59.989 13866 13866 I GoogleInputMethodServic: GoogleInputMethodService.onStartInput():1808 
08-04 00:44:00.026 31233 31540 I art     : Starting a blocking GC Explicit
08-04 00:44:00.069 31233 31540 I art     : Explicit concurrent mark sweep GC freed 6113(300KB) AllocSpace objects, 1(20KB) LOS objects, 35% free, 29MB/45MB, paused 589us total 43.057ms
08-04 00:44:00.088 31233 31540 I art     : Starting a blocking GC Explicit
08-04 00:44:00.131 31233 31540 I art     : Explicit concurrent mark sweep GC freed 531(26KB) AllocSpace objects, 0(0B) LOS objects, 35% free, 29MB/45MB, paused 576us total 42.431ms
08-04 00:44:00.150 31233 31540 I art     : Starting a blocking GC Explicit
08-04 00:44:00.200 31233  1294 I NAPPA_EXPERIMENTATION: MetricNetworkRequestExecutionTime: REQUEST_DURATION_SYSTEM='302',REQUEST_DURATION_OKHTTP='136',REQUEST_SYNCHRONOUS='TRUE',RESPONSE_CODE='200',RESPONSE_METHOD='GET',RESPONSE_LENGTH_OKHTTP='-1',RESPONSE_LENGTH_HEADER='167875',REQUEST_PROTOCOL='h2',REQUEST_URL='https://oauth.reddit.com/comments/hi3oht/.json?sort=confidence',
08-04 00:44:00.200 31233  1294 D OK      : request got status: 200
08-04 00:44:00.202 31233 31540 I art     : Explicit concurrent mark sweep GC freed 432(31KB) AllocSpace objects, 0(0B) LOS objects, 35% free, 29MB/45MB, paused 662us total 51.977ms
08-04 00:44:00.212 31233 31805 I CommentListingActivity: COMMENTS session changed to 7811af4c-586b-4580-ae95-16a9935fe266
08-04 00:44:00.225 31233 31540 I art     : Starting a blocking GC Explicit
08-04 00:44:00.241   380   380 W SurfaceFlinger: couldn't log to binary event log: overflow.
08-04 00:44:00.275 31233 31540 I art     : Explicit concurrent mark sweep GC freed 482(93KB) AllocSpace objects, 1(16KB) LOS objects, 34% free, 30MB/46MB, paused 1.003ms total 50.611ms
08-04 00:44:00.293 31233 31540 I art     : Starting a blocking GC Explicit
08-04 00:44:00.346 31233 31540 I art     : Explicit concurrent mark sweep GC freed 9469(621KB) AllocSpace objects, 1(24KB) LOS objects, 33% free, 31MB/47MB, paused 1.429ms total 52.095ms
08-04 00:44:00.409   512  2967 D audio_hw_primary: disable_audio_route: reset and update mixer path: low-latency-playback speaker
08-04 00:44:00.410   512  2967 D audio_hw_primary: disable_snd_device: snd_device(2: speaker)
08-04 00:44:00.418   512  2967 I soundtrigger: audio_extn_sound_trigger_update_device_status: device 0x2 of type 0 for Event 0
08-04 00:44:00.659 31233 31244 I art     : Starting a blocking GC Explicit
08-04 00:44:00.746 31233 31244 I art     : Explicit concurrent mark sweep GC freed 49394(3MB) AllocSpace objects, 5(148KB) LOS objects, 31% free, 35MB/51MB, paused 681us total 87.692ms
08-04 00:44:00.772 31233 31244 I art     : Starting a blocking GC Explicit
08-04 00:44:00.838 31233 31244 I art     : Explicit concurrent mark sweep GC freed 36764(1723KB) AllocSpace objects, 3(100KB) LOS objects, 32% free, 33MB/49MB, paused 542us total 66.131ms
08-04 00:44:00.861 31233 31244 I art     : Starting a blocking GC Explicit
08-04 00:44:00.926 31233 31244 I art     : Explicit concurrent mark sweep GC freed 14(624B) AllocSpace objects, 0(0B) LOS objects, 32% free, 33MB/49MB, paused 617us total 64.292ms
08-04 00:44:00.949 31233 31244 I art     : Starting a blocking GC Explicit
08-04 00:44:01.016 31233 31244 I art     : Explicit concurrent mark sweep GC freed 3(96B) AllocSpace objects, 0(0B) LOS objects, 32% free, 33MB/49MB, paused 497us total 66.030ms
08-04 00:44:01.039 31233 31244 I art     : Starting a blocking GC Explicit
08-04 00:44:01.107 31233 31244 I art     : Explicit concurrent mark sweep GC freed 3(96B) AllocSpace objects, 0(0B) LOS objects, 32% free, 33MB/49MB, paused 550us total 67.317ms
08-04 00:44:01.432 31233 31244 I art     : Starting a blocking GC Explicit
08-04 00:44:01.514 31233 31244 I art     : Explicit concurrent mark sweep GC freed 1354(82KB) AllocSpace objects, 1(20KB) LOS objects, 32% free, 33MB/49MB, paused 572us total 81.036ms
08-04 00:44:01.537 31233 31244 I art     : Starting a blocking GC Explicit
08-04 00:44:01.620 31233 31244 I art     : Explicit concurrent mark sweep GC freed 82(3KB) AllocSpace objects, 0(0B) LOS objects, 32% free, 33MB/49MB, paused 595us total 82.393ms
08-04 00:44:01.648 31233 31244 I art     : Starting a blocking GC Explicit
08-04 00:44:01.730 31233 31244 I art     : Explicit concurrent mark sweep GC freed 3(96B) AllocSpace objects, 0(0B) LOS objects, 32% free, 33MB/49MB, paused 583us total 81.798ms
08-04 00:44:01.755 31233 31244 I art     : Starting a blocking GC Explicit
08-04 00:44:01.834 31233 31244 I art     : Explicit concurrent mark sweep GC freed 3(96B) AllocSpace objects, 0(0B) LOS objects, 32% free, 33MB/49MB, paused 611us total 78.183ms
08-04 00:44:01.834 31233 31243 I art     : WaitForGcToComplete blocked for 26.132ms for cause HeapTrim
08-04 00:44:01.860 31233 31244 I art     : Starting a blocking GC Explicit
08-04 00:44:01.938 31233 31244 I art     : Explicit concurrent mark sweep GC freed 3(96B) AllocSpace objects, 0(0B) LOS objects, 32% free, 33MB/49MB, paused 645us total 77.056ms
08-04 00:44:02.317 31233 31257 I art     : Starting a blocking GC Explicit
08-04 00:44:02.408 31233 31257 I art     : Explicit concurrent mark sweep GC freed 1355(82KB) AllocSpace objects, 1(20KB) LOS objects, 32% free, 33MB/49MB, paused 556us total 90.255ms
08-04 00:44:02.432 31233 31257 I art     : Starting a blocking GC Explicit
08-04 00:44:02.505 31233 31257 I art     : Explicit concurrent mark sweep GC freed 20(704B) AllocSpace objects, 0(0B) LOS objects, 32% free, 33MB/49MB, paused 515us total 72.778ms
08-04 00:44:02.528 31233 31257 I art     : Starting a blocking GC Explicit
08-04 00:44:02.608 31233 31257 I art     : Explicit concurrent mark sweep GC freed 3(96B) AllocSpace objects, 0(0B) LOS objects, 32% free, 33MB/49MB, paused 717us total 79.359ms
08-04 00:44:02.634 31233 31257 I art     : Starting a blocking GC Explicit
08-04 00:44:02.710 31233 31257 I art     : Explicit concurrent mark sweep GC freed 3(96B) AllocSpace objects, 0(0B) LOS objects, 32% free, 33MB/49MB, paused 560us total 75.981ms
08-04 00:44:02.734 31233 31257 I art     : Starting a blocking GC Explicit
08-04 00:44:02.809 31233 31257 I art     : Explicit concurrent mark sweep GC freed 3(96B) AllocSpace objects, 0(0B) LOS objects, 32% free, 33MB/49MB, paused 650us total 74.936ms
08-04 00:44:03.178 31233 31540 I art     : Starting a blocking GC Explicit
08-04 00:44:03.273 31233 31540 I art     : Explicit concurrent mark sweep GC freed 1354(82KB) AllocSpace objects, 1(20KB) LOS objects, 32% free, 33MB/49MB, paused 655us total 94.686ms
08-04 00:44:03.300 31233 31540 I art     : Starting a blocking GC Explicit
08-04 00:44:03.380 31233 31540 I art     : Explicit concurrent mark sweep GC freed 20(704B) AllocSpace objects, 0(0B) LOS objects, 32% free, 33MB/49MB, paused 574us total 79.246ms
08-04 00:44:03.403 31233 31540 I art     : Starting a blocking GC Explicit
08-04 00:44:03.483 31233 31540 I art     : Explicit concurrent mark sweep GC freed 3(96B) AllocSpace objects, 0(0B) LOS objects, 32% free, 33MB/49MB, paused 648us total 79.391ms
08-04 00:44:03.509 31233 31540 I art     : Starting a blocking GC Explicit
08-04 00:44:03.585 31233 31540 I art     : Explicit concurrent mark sweep GC freed 3(96B) AllocSpace objects, 0(0B) LOS objects, 32% free, 33MB/49MB, paused 614us total 74.927ms
08-04 00:44:03.608 31233 31540 I art     : Starting a blocking GC Explicit
08-04 00:44:03.688 31233 31540 I art     : Explicit concurrent mark sweep GC freed 3(96B) AllocSpace objects, 0(0B) LOS objects, 32% free, 33MB/49MB, paused 745us total 79.292ms
08-04 00:44:04.062 31233 31245 I art     : Starting a blocking GC Explicit
08-04 00:44:04.134 31233 31245 I art     : Explicit concurrent mark sweep GC freed 1354(82KB) AllocSpace objects, 1(20KB) LOS objects, 32% free, 33MB/49MB, paused 589us total 71.935ms
08-04 00:44:04.158 31233 31245 I art     : Starting a blocking GC Explicit
08-04 00:44:04.174 26997 26997 I ServiceManager: Waiting for service AtCmdFwd...
08-04 00:44:04.226 31233 31245 I art     : Explicit concurrent mark sweep GC freed 20(704B) AllocSpace objects, 0(0B) LOS objects, 32% free, 33MB/49MB, paused 598us total 67.638ms
08-04 00:44:04.249 31233 31245 I art     : Starting a blocking GC Explicit
08-04 00:44:04.321 31233 31245 I art     : Explicit concurrent mark sweep GC freed 3(96B) AllocSpace objects, 0(0B) LOS objects, 32% free, 33MB/49MB, paused 612us total 71.765ms
08-04 00:44:04.345 31233 31245 I art     : Starting a blocking GC Explicit
08-04 00:44:04.415 31233 31245 I art     : Explicit concurrent mark sweep GC freed 13(352B) AllocSpace objects, 0(0B) LOS objects, 32% free, 33MB/49MB, paused 625us total 70.426ms
08-04 00:44:04.439 31233 31245 I art     : Starting a blocking GC Explicit
08-04 00:44:04.512 31233 31245 I art     : Explicit concurrent mark sweep GC freed 34(1888B) AllocSpace objects, 0(0B) LOS objects, 32% free, 33MB/49MB, paused 583us total 72.956ms
08-04 00:44:04.637  1354  1354 D AndroidRuntime: >>>>>> START com.android.internal.os.RuntimeInit uid 2000 <<<<<<
08-04 00:44:04.645  1354  1354 D AndroidRuntime: CheckJNI is OFF
08-04 00:44:04.687  1354  1354 D ICU     : No timezone override file found: /data/misc/zoneinfo/current/icu/icu_tzdata.dat
08-04 00:44:04.730  1354  1354 I Radio-JNI: register_android_hardware_Radio DONE
08-04 00:44:04.758  1354  1354 D AndroidRuntime: Calling main entry com.android.commands.input.Input
08-04 00:44:04.760  1354  1354 I Input   : injectKeyEvent: KeyEvent { action=ACTION_DOWN, keyCode=KEYCODE_BACK, scanCode=0, metaState=0, flags=0x0, repeatCount=0, eventTime=665061173, downTime=665061173, deviceId=-1, source=0x101 }
08-04 00:44:04.767  1354  1354 I Input   : injectKeyEvent: KeyEvent { action=ACTION_UP, keyCode=KEYCODE_BACK, scanCode=0, metaState=0, flags=0x0, repeatCount=0, eventTime=665061173, downTime=665061173, deviceId=-1, source=0x101 }
08-04 00:44:04.774  1354  1354 D AndroidRuntime: Shutting down VM
08-04 00:44:04.799   518   646 I ThermalEngine: ACTION: GPU - Setting GPU[0] to 510000000
08-04 00:44:04.823 13866 13866 I GoogleInputMethodServic: GoogleInputMethodService.onFinishInput():3138 
08-04 00:44:04.823 13866 13866 I GoogleInputMethodServic: GoogleInputMethodService.onStartInput():1808 
08-04 00:44:04.862 31233 31257 I art     : Starting a blocking GC Explicit
08-04 00:44:04.864 31233  1289 I RedditChangeDataIO: Writing tmp data file at '/data/user/0/baseline.org.quantumbadger.redreader/files/rr_change_data_tmp.dat'
08-04 00:44:04.864 31233  1289 I RedditChangeDataManager: Taking snapshot...
08-04 00:44:04.864 31233  1289 I RedditChangeDataManager: Writing to stream...
08-04 00:44:04.865 31233  1289 I RedditChangeDataManager: Wrote 5 entries for user ''
08-04 00:44:04.865 31233  1289 I RedditChangeDataManager: All entries written to stream.
08-04 00:44:04.865 31233  1289 I RedditChangeDataIO: Write successful. Atomically replacing data file...
08-04 00:44:04.865 31233  1289 I RedditChangeDataIO: Write complete.
08-04 00:44:04.865 31233  1289 I RedditChangeDataIO: 134 bytes written in 1 ms
08-04 00:44:04.914 31233 31257 I art     : Explicit concurrent mark sweep GC freed 1698(96KB) AllocSpace objects, 2(88KB) LOS objects, 32% free, 33MB/49MB, paused 463us total 51.708ms
08-04 00:44:04.931 31233 31257 I art     : Starting a blocking GC Explicit
08-04 00:44:04.987 31233 31257 I art     : Explicit concurrent mark sweep GC freed 34(1392B) AllocSpace objects, 0(0B) LOS objects, 32% free, 33MB/49MB, paused 648us total 56.209ms
08-04 00:44:05.004 31233 31257 I art     : Starting a blocking GC Explicit
08-04 00:44:05.056 31233 31257 I art     : Explicit concurrent mark sweep GC freed 6(192B) AllocSpace objects, 0(0B) LOS objects, 32% free, 33MB/49MB, paused 419us total 51.887ms
08-04 00:44:05.073 31233 31257 I art     : Starting a blocking GC Explicit
08-04 00:44:05.125 31233 31257 I art     : Explicit concurrent mark sweep GC freed 10(496B) AllocSpace objects, 0(0B) LOS objects, 32% free, 33MB/49MB, paused 410us total 50.832ms
08-04 00:44:05.129   380   380 W SurfaceFlinger: couldn't log to binary event log: overflow.
08-04 00:44:05.144 31233 31257 I art     : Starting a blocking GC Explicit
08-04 00:44:05.174 26997 26997 I ServiceManager: Waiting for service AtCmdFwd...
08-04 00:44:05.193 31233 31257 I art     : Explicit concurrent mark sweep GC freed 65(2384B) AllocSpace objects, 0(0B) LOS objects, 32% free, 33MB/49MB, paused 374us total 49.155ms
08-04 00:44:05.484 31233 31245 I art     : Starting a blocking GC Explicit
08-04 00:44:05.534 31233 31245 I art     : Explicit concurrent mark sweep GC freed 77785(4MB) AllocSpace objects, 6(160KB) LOS objects, 35% free, 29MB/45MB, paused 429us total 49.896ms
08-04 00:44:05.551 31233 31245 I art     : Starting a blocking GC Explicit
08-04 00:44:05.588 31233 31245 I art     : Explicit concurrent mark sweep GC freed 20(704B) AllocSpace objects, 0(0B) LOS objects, 35% free, 29MB/45MB, paused 434us total 37.051ms
08-04 00:44:05.603 31233 31245 I art     : Starting a blocking GC Explicit
08-04 00:44:05.641 31233 31245 I art     : Explicit concurrent mark sweep GC freed 3(96B) AllocSpace objects, 0(0B) LOS objects, 35% free, 29MB/45MB, paused 421us total 38.064ms
08-04 00:44:05.656 31233 31245 I art     : Starting a blocking GC Explicit
08-04 00:44:05.693 31233 31245 I art     : Explicit concurrent mark sweep GC freed 30(1504B) AllocSpace objects, 0(0B) LOS objects, 35% free, 29MB/45MB, paused 353us total 37.107ms
08-04 00:44:05.707 31233 31245 I art     : Starting a blocking GC Explicit
08-04 00:44:05.744 31233 31245 I art     : Explicit concurrent mark sweep GC freed 211(35KB) AllocSpace objects, 0(0B) LOS objects, 35% free, 29MB/45MB, paused 388us total 36.729ms
08-04 00:44:06.054 31233 31244 I art     : Starting a blocking GC Explicit
08-04 00:44:06.093 31233 31244 I art     : Explicit concurrent mark sweep GC freed 1421(84KB) AllocSpace objects, 1(20KB) LOS objects, 35% free, 29MB/45MB, paused 388us total 38.353ms
08-04 00:44:06.108 31233 31244 I art     : Starting a blocking GC Explicit
08-04 00:44:06.144 31233 31244 I art     : Explicit concurrent mark sweep GC freed 20(704B) AllocSpace objects, 0(0B) LOS objects, 35% free, 29MB/45MB, paused 386us total 35.660ms
08-04 00:44:06.158 31233 31244 I art     : Starting a blocking GC Explicit
08-04 00:44:06.175 26997 26997 I ServiceManager: Waiting for service AtCmdFwd...
08-04 00:44:06.194 31233 31244 I art     : Explicit concurrent mark sweep GC freed 3(96B) AllocSpace objects, 0(0B) LOS objects, 35% free, 29MB/45MB, paused 387us total 36.037ms
08-04 00:44:06.208 31233 31244 I art     : Starting a blocking GC Explicit
08-04 00:44:06.244 31233 31244 I art     : Explicit concurrent mark sweep GC freed 3(96B) AllocSpace objects, 0(0B) LOS objects, 35% free, 29MB/45MB, paused 375us total 35.512ms
08-04 00:44:06.258 31233 31244 I art     : Starting a blocking GC Explicit
08-04 00:44:06.294 31233 31244 I art     : Explicit concurrent mark sweep GC freed 3(96B) AllocSpace objects, 0(0B) LOS objects, 35% free, 29MB/45MB, paused 374us total 35.541ms
08-04 00:44:06.443  1397  1397 D AndroidRuntime: >>>>>> START com.android.internal.os.RuntimeInit uid 2000 <<<<<<
08-04 00:44:06.449  1397  1397 D AndroidRuntime: CheckJNI is OFF
08-04 00:44:06.485  1397  1397 D ICU     : No timezone override file found: /data/misc/zoneinfo/current/icu/icu_tzdata.dat
08-04 00:44:06.517  1397  1397 I Radio-JNI: register_android_hardware_Radio DONE
08-04 00:44:06.538  1397  1397 D AndroidRuntime: Calling main entry com.android.commands.input.Input
08-04 00:44:06.539  1397  1397 I Input   : injectMotionEvent: MotionEvent { action=ACTION_DOWN, actionButton=0, id[0]=0, x[0]=600.0, y[0]=580.0, toolType[0]=TOOL_TYPE_UNKNOWN, buttonState=0, metaState=0, flags=0x0, edgeFlags=0x0, pointerCount=1, historySize=0, eventTime=665062952, downTime=665062952, deviceId=0, source=0x1002 }
08-04 00:44:06.546  1397  1397 I Input   : injectMotionEvent: MotionEvent { action=ACTION_UP, actionButton=0, id[0]=0, x[0]=600.0, y[0]=580.0, toolType[0]=TOOL_TYPE_UNKNOWN, buttonState=0, metaState=0, flags=0x0, edgeFlags=0x0, pointerCount=1, historySize=0, eventTime=665062952, downTime=665062952, deviceId=0, source=0x1002 }
08-04 00:44:06.547  1397  1397 D AndroidRuntime: Shutting down VM
08-04 00:44:06.553   512  2967 D audio_hw_primary: out_set_parameters: enter: usecase(1: low-latency-playback) kvpairs: routing=2
08-04 00:44:06.553   918  5132 I ActivityManager: START u0 {cmp=baseline.org.quantumbadger.redreader/.activities.WebViewActivity (has extras)} from uid 10666 on display 0
08-04 00:44:06.566   512  2967 D audio_hw_primary: select_devices: out_snd_device(2: speaker) in_snd_device(0: none)
08-04 00:44:06.566   512  2967 D msm8974_platform: platform_send_audio_calibration: sending audio calibration for snd_device(2) acdb_id(15)
08-04 00:44:06.566   512  2967 I soundtrigger: audio_extn_sound_trigger_update_device_status: device 0x2 of type 0 for Event 1
08-04 00:44:06.573 31233 31233 I AppCompatViewInflater: app:theme is now deprecated. Please move to using android:theme instead.
08-04 00:44:06.577   512  2967 D audio_hw_primary: enable_snd_device: snd_device(2: speaker)
08-04 00:44:06.580   512  2967 D audio_hw_primary: enable_audio_route: apply and update mixer path: low-latency-playback speaker
08-04 00:44:06.594   918  5481 D ConnectivityService: listenForNetwork for Listen from uid/pid:10666/31233 for NetworkRequest [ id=2477, legacyType=-1, [ Capabilities: INTERNET&NOT_RESTRICTED&TRUSTED] ]
08-04 00:44:06.614 31233 31244 I art     : Starting a blocking GC Explicit
08-04 00:44:06.650 31233 31244 I art     : Explicit concurrent mark sweep GC freed 5390(292KB) AllocSpace objects, 1(20KB) LOS objects, 35% free, 29MB/45MB, paused 428us total 35.505ms
08-04 00:44:06.663 31233 31244 I art     : Starting a blocking GC Explicit
08-04 00:44:06.696 31233 31244 I art     : Explicit concurrent mark sweep GC freed 952(42KB) AllocSpace objects, 0(0B) LOS objects, 35% free, 29MB/45MB, paused 565us total 33.492ms
08-04 00:44:06.701   918   936 I ActivityManager: Displayed baseline.org.quantumbadger.redreader/.activities.WebViewActivity: +141ms
08-04 00:44:06.702 13866 13866 I GoogleInputMethodServic: GoogleInputMethodService.onFinishInput():3138 
08-04 00:44:06.702 13866 13866 I GoogleInputMethodServic: GoogleInputMethodService.onStartInput():1808 
08-04 00:44:06.711 31233 31244 I art     : Starting a blocking GC Explicit
08-04 00:44:06.747 31233 31244 I art     : Explicit concurrent mark sweep GC freed 121(5KB) AllocSpace objects, 0(0B) LOS objects, 35% free, 29MB/45MB, paused 470us total 35.759ms
08-04 00:44:06.760 31233 31244 I art     : Starting a blocking GC Explicit
08-04 00:44:06.793 31233 31244 I art     : Explicit concurrent mark sweep GC freed 24(2160B) AllocSpace objects, 0(0B) LOS objects, 35% free, 29MB/45MB, paused 350us total 32.797ms
08-04 00:44:06.807 31233 31244 I art     : Starting a blocking GC Explicit
08-04 00:44:06.843 31233 31244 I art     : Explicit concurrent mark sweep GC freed 6(224B) AllocSpace objects, 0(0B) LOS objects, 35% free, 29MB/45MB, paused 364us total 35.266ms
08-04 00:44:06.949   380   380 W SurfaceFlinger: couldn't log to binary event log: overflow.
08-04 00:44:07.118   512  2967 D audio_hw_primary: disable_audio_route: reset and update mixer path: low-latency-playback speaker
08-04 00:44:07.119   512  2967 D audio_hw_primary: disable_snd_device: snd_device(2: speaker)
08-04 00:44:07.132   512  2967 I soundtrigger: audio_extn_sound_trigger_update_device_status: device 0x2 of type 0 for Event 0
08-04 00:44:07.173 31233 31540 I art     : Starting a blocking GC Explicit
08-04 00:44:07.175 26997 26997 I ServiceManager: Waiting for service AtCmdFwd...
08-04 00:44:07.226 31233 31540 I art     : Explicit concurrent mark sweep GC freed 2281(134KB) AllocSpace objects, 1(20KB) LOS objects, 35% free, 29MB/45MB, paused 511us total 52.974ms
08-04 00:44:07.241 31233 31540 I art     : Starting a blocking GC Explicit
08-04 00:44:07.277 31233 31540 I art     : Explicit concurrent mark sweep GC freed 23(784B) AllocSpace objects, 0(0B) LOS objects, 35% free, 29MB/45MB, paused 523us total 36.135ms
08-04 00:44:07.292 31233 31540 I art     : Starting a blocking GC Explicit
08-04 00:44:07.334 31233 31540 I art     : Explicit concurrent mark sweep GC freed 9(272B) AllocSpace objects, 0(0B) LOS objects, 35% free, 29MB/45MB, paused 683us total 41.250ms
08-04 00:44:07.349 31233 31540 I art     : Starting a blocking GC Explicit
08-04 00:44:07.390 31233 31540 I art     : Explicit concurrent mark sweep GC freed 13(400B) AllocSpace objects, 0(0B) LOS objects, 35% free, 29MB/45MB, paused 670us total 40.146ms
08-04 00:44:07.407 31233 31540 I art     : Starting a blocking GC Explicit
08-04 00:44:07.454 31233 31540 I art     : Explicit concurrent mark sweep GC freed 10(320B) AllocSpace objects, 0(0B) LOS objects, 35% free, 29MB/45MB, paused 682us total 46.101ms
08-04 00:44:07.771 31233 31244 I art     : Starting a blocking GC Explicit
08-04 00:44:07.810 31233 31244 I art     : Explicit concurrent mark sweep GC freed 1437(85KB) AllocSpace objects, 1(20KB) LOS objects, 35% free, 29MB/45MB, paused 479us total 39.466ms
08-04 00:44:07.827 31233 31244 I art     : Starting a blocking GC Explicit
08-04 00:44:07.866 31233 31244 I art     : Explicit concurrent mark sweep GC freed 26(896B) AllocSpace objects, 0(0B) LOS objects, 35% free, 29MB/45MB, paused 475us total 38.739ms
08-04 00:44:07.881 31233 31244 I art     : Starting a blocking GC Explicit
08-04 00:44:07.921 31233 31244 I art     : Explicit concurrent mark sweep GC freed 9(288B) AllocSpace objects, 0(0B) LOS objects, 35% free, 29MB/45MB, paused 494us total 39.544ms
08-04 00:44:07.935 31233 31244 I art     : Starting a blocking GC Explicit
08-04 00:44:07.978 31233 31244 I art     : Explicit concurrent mark sweep GC freed 12(384B) AllocSpace objects, 0(0B) LOS objects, 35% free, 29MB/45MB, paused 623us total 41.896ms
08-04 00:44:07.996 31233 31244 I art     : Starting a blocking GC Explicit
08-04 00:44:07.999 31233 31233 I chromium: [INFO:CONSOLE(1)] "
08-04 00:44:07.999 31233 31233 I chromium:                   ,d"=,.,qOp,
08-04 00:44:07.999 31233 31233 I chromium:                  ,7'  ''$(  )
08-04 00:44:07.999 31233 31233 I chromium:                 ,7'      '?q$7'
08-04 00:44:07.999 31233 31233 I chromium:              ..,$$,.
08-04 00:44:07.999 31233 31233 I chromium:    ,.  .,,--***""***--,,.  .,
08-04 00:44:07.999 31233 31233 I chromium:     ,p''              ''q,   
08-04 00:44:07.999 31233 31233 I chromium: :  ,7'                      '7,  :
08-04 00:44:07.999 31233 31233 I chromium:  ' $      ,db,      ,db,      $ '
08-04 00:44:07.999 31233 31233 I chromium:   '$      $$      $$      $'    Using Reddit at work? Work for Reddit.
08-04 00:44:07.999 31233 31233 I chromium:   '$                          $'        https://www.reddit.com/jobs
08-04 00:44:07.999 31233 31233 I chromium:    '$.     .,        ,.     .$'
08-04 00:44:07.999 31233 31233 I chromium:     'b,     ''     ,d'
08-04 00:44:07.999 31233 31233 I chromium:      '?bn,,          ,,nd?'
08-04 00:44:07.999 31233 31233 I chromium:        ,7$ '''' $7,
08-04 00:44:07.999 31233 31233 I chromium:      , $              $ ,
08-04 00:44:07.999 31233 31233 I chromium:      $  :$              $:  $
08-04 00:44:07.999 31233 31233 I chromium:      $   $              $   $
08-04 00:44:07.999 31233 31233 I chromium:      'b  q:            :p  d'
08-04 00:44:07.999 31233 31233 I chromium:       '?$.          .$?'
08-04 00:44:07.999 31233 31233 I chromium:          'b            d'
08-04 00:44:07.999 31233 31233 I chromium:        ,'?,.      .,?',
08-04 00:44:07.999 31233 31233 I chromium:       ==--==--==--==
08-04 00:44:07.999 31233 31233 I chromium: ", source: https://www.redditstatic.com/desktop2x/Chat~Governance~Reddit.2ea93b134a9b2e5b1d9a.js (1)
08-04 00:44:08.043 31233 31244 I art     : Explicit concurrent mark sweep GC freed 13(2592B) AllocSpace objects, 0(0B) LOS objects, 35% free, 29MB/45MB, paused 382us total 46.361ms
08-04 00:44:08.176 26997 26997 I ServiceManager: Waiting for service AtCmdFwd...
08-04 00:44:08.381 31233 31244 I art     : Starting a blocking GC Explicit
08-04 00:44:08.427 31233 31244 I art     : Explicit concurrent mark sweep GC freed 1432(85KB) AllocSpace objects, 1(20KB) LOS objects, 35% free, 29MB/45MB, paused 370us total 45.763ms
08-04 00:44:08.445 31233 31244 I art     : Starting a blocking GC Explicit
08-04 00:44:08.492 31233 31244 I art     : Explicit concurrent mark sweep GC freed 38(1280B) AllocSpace objects, 0(0B) LOS objects, 35% free, 29MB/45MB, paused 483us total 47.534ms
08-04 00:44:08.508 31233 31244 I art     : Starting a blocking GC Explicit
08-04 00:44:08.546 31233 31244 I art     : Explicit concurrent mark sweep GC freed 6(192B) AllocSpace objects, 0(0B) LOS objects, 35% free, 29MB/45MB, paused 411us total 37.709ms
08-04 00:44:08.560 31233 31244 I art     : Starting a blocking GC Explicit
08-04 00:44:08.592 31233 31244 I art     : Explicit concurrent mark sweep GC freed 3(96B) AllocSpace objects, 0(0B) LOS objects, 35% free, 29MB/45MB, paused 384us total 32.530ms
08-04 00:44:08.606 31233 31244 I art     : Starting a blocking GC Explicit
08-04 00:44:08.640 31233 31244 I art     : Explicit concurrent mark sweep GC freed 3(96B) AllocSpace objects, 0(0B) LOS objects, 35% free, 29MB/45MB, paused 398us total 34.232ms
08-04 00:44:08.808   518   646 I ThermalEngine: ACTION: GPU - Setting GPU[0] to 450000000
08-04 00:44:09.004 31233 31540 I art     : Starting a blocking GC Explicit
08-04 00:44:09.049 31233 31540 I art     : Explicit concurrent mark sweep GC freed 1566(94KB) AllocSpace objects, 1(20KB) LOS objects, 35% free, 29MB/45MB, paused 599us total 45.015ms
08-04 00:44:09.068 31233 31540 I art     : Starting a blocking GC Explicit
08-04 00:44:09.111 31233 31540 I art     : Explicit concurrent mark sweep GC freed 20(704B) AllocSpace objects, 0(0B) LOS objects, 35% free, 29MB/45MB, paused 481us total 41.592ms
08-04 00:44:09.129 31233 31540 I art     : Starting a blocking GC Explicit
08-04 00:44:09.173 31233 31540 I art     : Explicit concurrent mark sweep GC freed 3(96B) AllocSpace objects, 0(0B) LOS objects, 35% free, 29MB/45MB, paused 493us total 43.856ms
08-04 00:44:09.176 26997 26997 W Atfwd_Sendcmd: AtCmdFwd service not published, waiting... retryCnt : 3
08-04 00:44:09.191 31233 31540 I art     : Starting a blocking GC Explicit
08-04 00:44:09.239 31233 31540 I art     : Explicit concurrent mark sweep GC freed 3(96B) AllocSpace objects, 0(0B) LOS objects, 35% free, 29MB/45MB, paused 487us total 48.321ms
08-04 00:44:09.258 31233 31540 I art     : Starting a blocking GC Explicit
08-04 00:44:09.310 31233 31540 I art     : Explicit concurrent mark sweep GC freed 3(96B) AllocSpace objects, 0(0B) LOS objects, 35% free, 29MB/45MB, paused 516us total 51.405ms
08-04 00:44:09.703 31233 31244 I art     : Starting a blocking GC Explicit
08-04 00:44:09.751 31233 31244 I art     : Explicit concurrent mark sweep GC freed 1368(85KB) AllocSpace objects, 1(20KB) LOS objects, 35% free, 29MB/45MB, paused 523us total 46.794ms
08-04 00:44:09.770 31233 31244 I art     : Starting a blocking GC Explicit
08-04 00:44:09.812 31233 31244 I art     : Explicit concurrent mark sweep GC freed 66(3KB) AllocSpace objects, 0(0B) LOS objects, 35% free, 29MB/45MB, paused 502us total 41.164ms
08-04 00:44:09.829 31233 31244 I art     : Starting a blocking GC Explicit
08-04 00:44:09.879 31233 31244 I art     : Explicit concurrent mark sweep GC freed 3(96B) AllocSpace objects, 0(0B) LOS objects, 35% free, 29MB/45MB, paused 543us total 49.503ms
08-04 00:44:09.898 31233 31244 I art     : Starting a blocking GC Explicit
08-04 00:44:09.947 31233 31244 I art     : Explicit concurrent mark sweep GC freed 3(96B) AllocSpace objects, 0(0B) LOS objects, 35% free, 29MB/45MB, paused 672us total 49.351ms
08-04 00:44:09.967 31233 31244 I art     : Starting a blocking GC Explicit
08-04 00:44:10.016 31233 31244 I art     : Explicit concurrent mark sweep GC freed 3(96B) AllocSpace objects, 0(0B) LOS objects, 35% free, 29MB/45MB, paused 503us total 48.981ms
08-04 00:44:10.400 31233 31245 I art     : Starting a blocking GC Explicit
08-04 00:44:10.443 31233 31245 I art     : Explicit concurrent mark sweep GC freed 1356(82KB) AllocSpace objects, 1(20KB) LOS objects, 35% free, 29MB/45MB, paused 498us total 42.263ms
08-04 00:44:10.461 31233 31245 I art     : Starting a blocking GC Explicit
08-04 00:44:10.511 31233 31245 I art     : Explicit concurrent mark sweep GC freed 20(704B) AllocSpace objects, 0(0B) LOS objects, 35% free, 29MB/45MB, paused 490us total 49.428ms
08-04 00:44:10.529 31233 31245 I art     : Starting a blocking GC Explicit
08-04 00:44:10.583 31233 31245 I art     : Explicit concurrent mark sweep GC freed 3(96B) AllocSpace objects, 0(0B) LOS objects, 35% free, 29MB/45MB, paused 541us total 53.212ms
08-04 00:44:10.602 31233 31245 I art     : Starting a blocking GC Explicit
08-04 00:44:10.650 31233 31245 I art     : Explicit concurrent mark sweep GC freed 3(96B) AllocSpace objects, 0(0B) LOS objects, 35% free, 29MB/45MB, paused 556us total 47.755ms
08-04 00:44:10.669 31233 31245 I art     : Starting a blocking GC Explicit
08-04 00:44:10.720 31233 31245 I art     : Explicit concurrent mark sweep GC freed 3(96B) AllocSpace objects, 0(0B) LOS objects, 35% free, 29MB/45MB, paused 490us total 49.803ms
08-04 00:44:11.058 31233 31245 I art     : Starting a blocking GC Explicit
08-04 00:44:11.109 31233 31245 I art     : Explicit concurrent mark sweep GC freed 1355(82KB) AllocSpace objects, 1(20KB) LOS objects, 35% free, 29MB/45MB, paused 524us total 49.927ms
08-04 00:44:11.127 31233 31245 I art     : Starting a blocking GC Explicit
08-04 00:44:11.176 31233 31245 I art     : Explicit concurrent mark sweep GC freed 20(704B) AllocSpace objects, 0(0B) LOS objects, 35% free, 29MB/45MB, paused 586us total 49.072ms
08-04 00:44:11.194 31233 31245 I art     : Starting a blocking GC Explicit
08-04 00:44:11.239 31233 31245 I art     : Explicit concurrent mark sweep GC freed 3(96B) AllocSpace objects, 0(0B) LOS objects, 35% free, 29MB/45MB, paused 516us total 44.088ms
08-04 00:44:11.258 31233 31245 I art     : Starting a blocking GC Explicit
08-04 00:44:11.301 31233 31245 I art     : Explicit concurrent mark sweep GC freed 3(96B) AllocSpace objects, 0(0B) LOS objects, 35% free, 29MB/45MB, paused 499us total 42.947ms
08-04 00:44:11.320 31233 31245 I art     : Starting a blocking GC Explicit
08-04 00:44:11.354  1492  1492 D AndroidRuntime: >>>>>> START com.android.internal.os.RuntimeInit uid 2000 <<<<<<
08-04 00:44:11.360  1492  1492 D AndroidRuntime: CheckJNI is OFF
08-04 00:44:11.369 31233 31245 I art     : Explicit concurrent mark sweep GC freed 3(96B) AllocSpace objects, 0(0B) LOS objects, 35% free, 29MB/45MB, paused 807us total 48.482ms
08-04 00:44:11.407  1492  1492 D ICU     : No timezone override file found: /data/misc/zoneinfo/current/icu/icu_tzdata.dat
08-04 00:44:11.449  1492  1492 I Radio-JNI: register_android_hardware_Radio DONE
08-04 00:44:11.478  1492  1492 D AndroidRuntime: Calling main entry com.android.commands.input.Input
08-04 00:44:11.480  1492  1492 I Input   : injectKeyEvent: KeyEvent { action=ACTION_DOWN, keyCode=KEYCODE_BACK, scanCode=0, metaState=0, flags=0x0, repeatCount=0, eventTime=665067893, downTime=665067893, deviceId=-1, source=0x101 }
08-04 00:44:11.485  1492  1492 I Input   : injectKeyEvent: KeyEvent { action=ACTION_UP, keyCode=KEYCODE_BACK, scanCode=0, metaState=0, flags=0x0, repeatCount=0, eventTime=665067893, downTime=665067893, deviceId=-1, source=0x101 }
08-04 00:44:11.492  1492  1492 D AndroidRuntime: Shutting down VM
08-04 00:44:11.532 13866 13866 I GoogleInputMethodServic: GoogleInputMethodService.onFinishInput():3138 
08-04 00:44:11.532 13866 13866 I GoogleInputMethodServic: GoogleInputMethodService.onStartInput():1808 
08-04 00:44:11.562 31233  1424 I RedditChangeDataIO: Writing tmp data file at '/data/user/0/baseline.org.quantumbadger.redreader/files/rr_change_data_tmp.dat'
08-04 00:44:11.562 31233  1424 I RedditChangeDataManager: Taking snapshot...
08-04 00:44:11.562 31233  1424 I RedditChangeDataManager: Writing to stream...
08-04 00:44:11.563 31233  1424 I RedditChangeDataManager: Wrote 5 entries for user ''
08-04 00:44:11.563 31233  1424 I RedditChangeDataManager: All entries written to stream.
08-04 00:44:11.563 31233  1424 I RedditChangeDataIO: Write successful. Atomically replacing data file...
08-04 00:44:11.563 31233  1424 I RedditChangeDataIO: Write complete.
08-04 00:44:11.563 31233  1424 I RedditChangeDataIO: 134 bytes written in 1 ms
08-04 00:44:11.704 31233 31244 I art     : Starting a blocking GC Explicit
08-04 00:44:11.755 31233 31244 I art     : Explicit concurrent mark sweep GC freed 1707(96KB) AllocSpace objects, 2(88KB) LOS objects, 35% free, 29MB/45MB, paused 543us total 50.729ms
08-04 00:44:11.777 31233 31244 I art     : Starting a blocking GC Explicit
08-04 00:44:11.831 31233 31244 I art     : Explicit concurrent mark sweep GC freed 27(960B) AllocSpace objects, 0(0B) LOS objects, 35% free, 29MB/45MB, paused 487us total 52.982ms
08-04 00:44:11.837   380   380 W SurfaceFlinger: couldn't log to binary event log: overflow.
08-04 00:44:11.852 31233 31244 I art     : Starting a blocking GC Explicit
08-04 00:44:11.881   918  3263 D ConnectivityService: releasing NetworkRequest NetworkRequest [ id=2477, legacyType=-1, [ Capabilities: INTERNET&NOT_RESTRICTED&TRUSTED] ]
08-04 00:44:11.893 31233 31244 I art     : Explicit concurrent mark sweep GC freed 897(42KB) AllocSpace objects, 0(0B) LOS objects, 35% free, 29MB/45MB, paused 519us total 40.472ms
08-04 00:44:11.911 31233 31244 I art     : Starting a blocking GC Explicit
08-04 00:44:11.954 31233 31244 I art     : Explicit concurrent mark sweep GC freed 153(7KB) AllocSpace objects, 0(0B) LOS objects, 35% free, 29MB/45MB, paused 461us total 42.964ms
08-04 00:44:11.972 31233 31244 I art     : Starting a blocking GC Explicit
08-04 00:44:12.011 31233 31244 I art     : Explicit concurrent mark sweep GC freed 1977(117KB) AllocSpace objects, 1(28KB) LOS objects, 35% free, 29MB/45MB, paused 478us total 39.324ms
08-04 00:44:12.342 31233 31257 I art     : Starting a blocking GC Explicit
08-04 00:44:12.406 31233 31257 I art     : Explicit concurrent mark sweep GC freed 1355(82KB) AllocSpace objects, 1(20KB) LOS objects, 35% free, 29MB/45MB, paused 553us total 62.998ms
08-04 00:44:12.427 31233 31257 I art     : Starting a blocking GC Explicit
08-04 00:44:12.471 31233 31257 I art     : Explicit concurrent mark sweep GC freed 20(704B) AllocSpace objects, 0(0B) LOS objects, 35% free, 29MB/45MB, paused 456us total 43.886ms
08-04 00:44:12.489 31233 31257 I art     : Starting a blocking GC Explicit
08-04 00:44:12.535 31233 31257 I art     : Explicit concurrent mark sweep GC freed 3(96B) AllocSpace objects, 0(0B) LOS objects, 35% free, 29MB/45MB, paused 501us total 45.315ms
08-04 00:44:12.553 31233 31257 I art     : Starting a blocking GC Explicit
08-04 00:44:12.600 31233 31257 I art     : Explicit concurrent mark sweep GC freed 3(96B) AllocSpace objects, 0(0B) LOS objects, 35% free, 29MB/45MB, paused 550us total 46.111ms
08-04 00:44:12.619 31233 31257 I art     : Starting a blocking GC Explicit
08-04 00:44:12.668 31233 31257 I art     : Explicit concurrent mark sweep GC freed 3(96B) AllocSpace objects, 0(0B) LOS objects, 35% free, 29MB/45MB, paused 719us total 49.005ms
08-04 00:44:13.001 31233 31540 I art     : Starting a blocking GC Explicit
08-04 00:44:13.052 31233 31540 I art     : Explicit concurrent mark sweep GC freed 1354(82KB) AllocSpace objects, 1(20KB) LOS objects, 35% free, 29MB/45MB, paused 509us total 50.111ms
08-04 00:44:13.070 31233 31540 I art     : Starting a blocking GC Explicit
08-04 00:44:13.115 31233 31540 I art     : Explicit concurrent mark sweep GC freed 20(704B) AllocSpace objects, 0(0B) LOS objects, 35% free, 29MB/45MB, paused 514us total 44.854ms
08-04 00:44:13.133 31233 31540 I art     : Starting a blocking GC Explicit
08-04 00:44:13.178 31233 31540 I art     : Explicit concurrent mark sweep GC freed 3(96B) AllocSpace objects, 0(0B) LOS objects, 35% free, 29MB/45MB, paused 540us total 44.214ms
08-04 00:44:13.196 31233 31540 I art     : Starting a blocking GC Explicit
08-04 00:44:13.222   918  3261 D WifiStateMachine: starting scan for "H369AA63323"WPA_PSK with 2412,5180
08-04 00:44:13.241 31233 31540 I art     : Explicit concurrent mark sweep GC freed 3(96B) AllocSpace objects, 0(0B) LOS objects, 35% free, 29MB/45MB, paused 516us total 44.388ms
08-04 00:44:13.259 31233 31540 I art     : Starting a blocking GC Explicit
08-04 00:44:13.283  1536  1536 D AndroidRuntime: >>>>>> START com.android.internal.os.RuntimeInit uid 2000 <<<<<<
08-04 00:44:13.288  1536  1536 D AndroidRuntime: CheckJNI is OFF
08-04 00:44:13.306 31233 31540 I art     : Explicit concurrent mark sweep GC freed 3(96B) AllocSpace objects, 0(0B) LOS objects, 35% free, 29MB/45MB, paused 553us total 46.757ms
08-04 00:44:13.336  1536  1536 D ICU     : No timezone override file found: /data/misc/zoneinfo/current/icu/icu_tzdata.dat
08-04 00:44:13.380  1536  1536 I Radio-JNI: register_android_hardware_Radio DONE
08-04 00:44:13.410  1536  1536 D AndroidRuntime: Calling main entry com.android.commands.input.Input
08-04 00:44:13.413  1536  1536 I Input   : injectKeyEvent: KeyEvent { action=ACTION_DOWN, keyCode=KEYCODE_BACK, scanCode=0, metaState=0, flags=0x0, repeatCount=0, eventTime=665069826, downTime=665069826, deviceId=-1, source=0x101 }
08-04 00:44:13.422  1536  1536 I Input   : injectKeyEvent: KeyEvent { action=ACTION_UP, keyCode=KEYCODE_BACK, scanCode=0, metaState=0, flags=0x0, repeatCount=0, eventTime=665069826, downTime=665069826, deviceId=-1, source=0x101 }
08-04 00:44:13.428  1536  1536 D AndroidRuntime: Shutting down VM
08-04 00:44:13.472 13866 13866 I GoogleInputMethodServic: GoogleInputMethodService.onFinishInput():3138 
08-04 00:44:13.472 13866 13866 I GoogleInputMethodServic: GoogleInputMethodService.onStartInput():1808 
08-04 00:44:13.616 31233 31244 I art     : Starting a blocking GC Explicit
08-04 00:44:13.674 31233 31244 I art     : Explicit concurrent mark sweep GC freed 1534(88KB) AllocSpace objects, 1(20KB) LOS objects, 35% free, 29MB/45MB, paused 462us total 57.363ms
08-04 00:44:13.698 31233 31244 I art     : Starting a blocking GC Explicit
08-04 00:44:13.754 31233 31244 I art     : Explicit concurrent mark sweep GC freed 24(864B) AllocSpace objects, 0(0B) LOS objects, 35% free, 29MB/45MB, paused 501us total 55.665ms
08-04 00:44:13.773 31233 31244 I art     : Starting a blocking GC Explicit
08-04 00:44:13.818 31233 31244 I art     : Explicit concurrent mark sweep GC freed 57(1968B) AllocSpace objects, 0(0B) LOS objects, 35% free, 29MB/45MB, paused 569us total 45.039ms
08-04 00:44:13.836 31233 31244 I art     : Starting a blocking GC Explicit
08-04 00:44:13.880 31233 31244 I art     : Explicit concurrent mark sweep GC freed 137(6KB) AllocSpace objects, 0(0B) LOS objects, 35% free, 29MB/45MB, paused 529us total 44.237ms
08-04 00:44:13.899 31233 31244 I art     : Starting a blocking GC Explicit
08-04 00:44:13.946 31233 31244 I art     : Explicit concurrent mark sweep GC freed 3(96B) AllocSpace objects, 0(0B) LOS objects, 35% free, 29MB/45MB, paused 530us total 47.249ms
08-04 00:44:14.290 31233 31540 I art     : Starting a blocking GC Explicit
08-04 00:44:14.353 31233 31540 I art     : Explicit concurrent mark sweep GC freed 1354(82KB) AllocSpace objects, 1(20KB) LOS objects, 35% free, 29MB/45MB, paused 594us total 62.611ms
08-04 00:44:14.374 31233 31540 I art     : Starting a blocking GC Explicit
08-04 00:44:14.422 31233 31540 I art     : Explicit concurrent mark sweep GC freed 20(704B) AllocSpace objects, 0(0B) LOS objects, 35% free, 29MB/45MB, paused 562us total 47.342ms
08-04 00:44:14.441 31233 31540 I art     : Starting a blocking GC Explicit
08-04 00:44:14.488 31233 31540 I art     : Explicit concurrent mark sweep GC freed 3(96B) AllocSpace objects, 0(0B) LOS objects, 35% free, 29MB/45MB, paused 583us total 46.967ms
08-04 00:44:14.507 31233 31540 I art     : Starting a blocking GC Explicit
08-04 00:44:14.555 31233 31540 I art     : Explicit concurrent mark sweep GC freed 3(96B) AllocSpace objects, 0(0B) LOS objects, 35% free, 29MB/45MB, paused 550us total 47.752ms
08-04 00:44:14.574 31233 31540 I art     : Starting a blocking GC Explicit
08-04 00:44:14.621 31233 31540 I art     : Explicit concurrent mark sweep GC freed 3(96B) AllocSpace objects, 0(0B) LOS objects, 35% free, 29MB/45MB, paused 542us total 46.998ms
08-04 00:44:14.941 31233 31245 I art     : Starting a blocking GC Explicit
08-04 00:44:14.998 31233 31245 I art     : Explicit concurrent mark sweep GC freed 1354(82KB) AllocSpace objects, 1(20KB) LOS objects, 35% free, 29MB/45MB, paused 617us total 55.924ms
08-04 00:44:15.022 31233 31245 I art     : Starting a blocking GC Explicit
08-04 00:44:15.073 31233 31245 I art     : Explicit concurrent mark sweep GC freed 20(704B) AllocSpace objects, 0(0B) LOS objects, 35% free, 29MB/45MB, paused 517us total 51.084ms
08-04 00:44:15.091 31233 31245 I art     : Starting a blocking GC Explicit
08-04 00:44:15.133 31233 31245 I art     : Explicit concurrent mark sweep GC freed 3(96B) AllocSpace objects, 0(0B) LOS objects, 35% free, 29MB/45MB, paused 508us total 41.506ms
08-04 00:44:15.151 31233 31245 I art     : Starting a blocking GC Explicit
08-04 00:44:15.194 31233 31245 I art     : Explicit concurrent mark sweep GC freed 3(96B) AllocSpace objects, 0(0B) LOS objects, 35% free, 29MB/45MB, paused 530us total 42.454ms
08-04 00:44:15.211 31233 31245 I art     : Starting a blocking GC Explicit
08-04 00:44:15.217  1580  1580 D AndroidRuntime: >>>>>> START com.android.internal.os.RuntimeInit uid 2000 <<<<<<
08-04 00:44:15.223  1580  1580 D AndroidRuntime: CheckJNI is OFF
08-04 00:44:15.256 31233 31245 I art     : Explicit concurrent mark sweep GC freed 3(96B) AllocSpace objects, 0(0B) LOS objects, 35% free, 29MB/45MB, paused 535us total 44.205ms
08-04 00:44:15.268  1580  1580 D ICU     : No timezone override file found: /data/misc/zoneinfo/current/icu/icu_tzdata.dat
08-04 00:44:15.307  1580  1580 I Radio-JNI: register_android_hardware_Radio DONE
08-04 00:44:15.336  1580  1580 D AndroidRuntime: Calling main entry com.android.commands.input.Input
08-04 00:44:15.338  1580  1580 I Input   : injectMotionEvent: MotionEvent { action=ACTION_DOWN, actionButton=0, id[0]=0, x[0]=600.0, y[0]=1000.0, toolType[0]=TOOL_TYPE_UNKNOWN, buttonState=0, metaState=0, flags=0x0, edgeFlags=0x0, pointerCount=1, historySize=0, eventTime=665071750, downTime=665071750, deviceId=0, source=0x1002 }
08-04 00:44:15.342  1580  1580 I Input   : injectMotionEvent: MotionEvent { action=ACTION_UP, actionButton=0, id[0]=0, x[0]=600.0, y[0]=1000.0, toolType[0]=TOOL_TYPE_UNKNOWN, buttonState=0, metaState=0, flags=0x0, edgeFlags=0x0, pointerCount=1, historySize=0, eventTime=665071750, downTime=665071750, deviceId=0, source=0x1002 }
08-04 00:44:15.344  1580  1580 D AndroidRuntime: Shutting down VM
08-04 00:44:15.360   918  3359 I ActivityManager: START u0 {dat=https://oauth.reddit.com/... cmp=baseline.org.quantumbadger.redreader/.activities.PostListingActivity} from uid 10666 on display 0
08-04 00:44:15.360   512  2967 D audio_hw_primary: out_set_parameters: enter: usecase(1: low-latency-playback) kvpairs: routing=2
08-04 00:44:15.372   918   930 I UsageStatsService: User[0] Flushing usage stats to disk
08-04 00:44:15.373   512  2967 D audio_hw_primary: select_devices: out_snd_device(2: speaker) in_snd_device(0: none)
08-04 00:44:15.373   512  2967 D msm8974_platform: platform_send_audio_calibration: sending audio calibration for snd_device(2) acdb_id(15)
08-04 00:44:15.374   512  2967 I soundtrigger: audio_extn_sound_trigger_update_device_status: device 0x2 of type 0 for Event 1
08-04 00:44:15.385 31233 31233 I AppCompatViewInflater: app:theme is now deprecated. Please move to using android:theme instead.
08-04 00:44:15.389   512  2967 D audio_hw_primary: enable_snd_device: snd_device(2: speaker)
08-04 00:44:15.391   512  2967 D audio_hw_primary: enable_audio_route: apply and update mixer path: low-latency-playback speaker
08-04 00:44:15.410 31233  1608 D OK      : calling: https://oauth.reddit.com/r/announcements/about.json
08-04 00:44:15.469   918   936 I ActivityManager: Displayed baseline.org.quantumbadger.redreader/.activities.PostListingActivity: +100ms
08-04 00:44:15.470 13866 13866 I GoogleInputMethodServic: GoogleInputMethodService.onFinishInput():3138 
08-04 00:44:15.470 13866 13866 I GoogleInputMethodServic: GoogleInputMethodService.onStartInput():1808 
08-04 00:44:15.569 31233 31257 I art     : Starting a blocking GC Explicit
08-04 00:44:15.623 31233 31257 I art     : Explicit concurrent mark sweep GC freed 3007(189KB) AllocSpace objects, 1(20KB) LOS objects, 35% free, 29MB/45MB, paused 625us total 52.930ms
08-04 00:44:15.644 31233 31257 I art     : Starting a blocking GC Explicit
08-04 00:44:15.701 31233 31257 I art     : Explicit concurrent mark sweep GC freed 2448(103KB) AllocSpace objects, 0(0B) LOS objects, 35% free, 29MB/45MB, paused 567us total 56.212ms
08-04 00:44:15.722 31233 31257 I art     : Starting a blocking GC Explicit
08-04 00:44:15.725   380   380 W SurfaceFlinger: couldn't log to binary event log: overflow.
08-04 00:44:15.768 31233 31257 I art     : Explicit concurrent mark sweep GC freed 68(2544B) AllocSpace objects, 0(0B) LOS objects, 35% free, 29MB/45MB, paused 661us total 45.334ms
08-04 00:44:15.786 31233 31257 I art     : Starting a blocking GC Explicit
08-04 00:44:15.790 31233  1608 I NAPPA_EXPERIMENTATION: MetricNetworkRequestExecutionTime: REQUEST_DURATION_SYSTEM='379',REQUEST_DURATION_OKHTTP='139',REQUEST_SYNCHRONOUS='TRUE',RESPONSE_CODE='200',RESPONSE_METHOD='GET',RESPONSE_LENGTH_OKHTTP='-1',RESPONSE_LENGTH_HEADER='1564',REQUEST_PROTOCOL='h2',REQUEST_URL='https://oauth.reddit.com/r/announcements/about.json',
08-04 00:44:15.790 31233  1608 D OK      : request got status: 200
08-04 00:44:15.833 31233 31257 I art     : Explicit concurrent mark sweep GC freed 1462(169KB) AllocSpace objects, 2(136KB) LOS objects, 35% free, 29MB/45MB, paused 956us total 46.045ms
08-04 00:44:15.851 31233 31257 I art     : Starting a blocking GC Explicit
08-04 00:44:15.901 31233 31257 I art     : Explicit concurrent mark sweep GC freed 403(19KB) AllocSpace objects, 0(0B) LOS objects, 35% free, 29MB/45MB, paused 659us total 49.910ms
08-04 00:44:15.929   512  2967 D audio_hw_primary: disable_audio_route: reset and update mixer path: low-latency-playback speaker
08-04 00:44:15.931   512  2967 D audio_hw_primary: disable_snd_device: snd_device(2: speaker)
08-04 00:44:15.938   512  2967 I soundtrigger: audio_extn_sound_trigger_update_device_status: device 0x2 of type 0 for Event 0
08-04 00:44:16.228 31233 31245 I art     : Starting a blocking GC Explicit
08-04 00:44:16.277 31233 31245 I art     : Explicit concurrent mark sweep GC freed 1466(88KB) AllocSpace objects, 1(20KB) LOS objects, 35% free, 29MB/45MB, paused 621us total 48.559ms
08-04 00:44:16.297 31233 31245 I art     : Starting a blocking GC Explicit
08-04 00:44:16.343 31233 31245 I art     : Explicit concurrent mark sweep GC freed 20(704B) AllocSpace objects, 0(0B) LOS objects, 35% free, 29MB/45MB, paused 534us total 45.617ms
08-04 00:44:16.362 31233 31245 I art     : Starting a blocking GC Explicit
08-04 00:44:16.409 31233 31245 I art     : Explicit concurrent mark sweep GC freed 3(96B) AllocSpace objects, 0(0B) LOS objects, 35% free, 29MB/45MB, paused 595us total 46.790ms
08-04 00:44:16.427 31233 31245 I art     : Starting a blocking GC Explicit
08-04 00:44:16.472 31233 31245 I art     : Explicit concurrent mark sweep GC freed 3(96B) AllocSpace objects, 0(0B) LOS objects, 35% free, 29MB/45MB, paused 577us total 45.221ms
08-04 00:44:16.491 31233 31245 I art     : Starting a blocking GC Explicit
08-04 00:44:16.538 31233 31245 I art     : Explicit concurrent mark sweep GC freed 3(96B) AllocSpace objects, 0(0B) LOS objects, 35% free, 29MB/45MB, paused 625us total 46.354ms
08-04 00:44:16.611 31233  1631 D OK      : calling: https://oauth.reddit.com/r/announcements/hot/.json
08-04 00:44:16.794 31233  1631 I NAPPA_EXPERIMENTATION: MetricNetworkRequestExecutionTime: REQUEST_DURATION_SYSTEM='183',REQUEST_DURATION_OKHTTP='179',REQUEST_SYNCHRONOUS='TRUE',RESPONSE_CODE='200',RESPONSE_METHOD='GET',RESPONSE_LENGTH_OKHTTP='-1',RESPONSE_LENGTH_HEADER='142016',REQUEST_PROTOCOL='h2',REQUEST_URL='https://oauth.reddit.com/r/announcements/hot/.json',
08-04 00:44:16.794 31233  1631 D OK      : request got status: 200
08-04 00:44:16.802 31233 31805 I PostListingFragment: Precaching images: OFF
08-04 00:44:16.802 31233 31805 I PostListingFragment: Precaching comments: OFF
08-04 00:44:16.868 31233 31244 I art     : Starting a blocking GC Explicit
08-04 00:44:16.922 31233 31244 I art     : Explicit concurrent mark sweep GC freed 3988(298KB) AllocSpace objects, 5(92KB) LOS objects, 34% free, 30MB/46MB, paused 1.043ms total 53.892ms
08-04 00:44:16.941 31233 31244 I art     : Starting a blocking GC Explicit
08-04 00:44:16.996 31233 31244 I art     : Explicit concurrent mark sweep GC freed 3450(170KB) AllocSpace objects, 3(60KB) LOS objects, 33% free, 31MB/47MB, paused 1.180ms total 55.275ms
08-04 00:44:17.016 31233 31244 I art     : Starting a blocking GC Explicit
08-04 00:44:17.073 31233 31244 I art     : Explicit concurrent mark sweep GC freed 3649(240KB) AllocSpace objects, 8(516KB) LOS objects, 32% free, 32MB/48MB, paused 850us total 56.762ms
08-04 00:44:17.094 31233 31244 I art     : Starting a blocking GC Explicit
08-04 00:44:17.152 31233 31244 I art     : Explicit concurrent mark sweep GC freed 5357(315KB) AllocSpace objects, 6(368KB) LOS objects, 31% free, 34MB/50MB, paused 1.049ms total 57.666ms
08-04 00:44:17.172 31233 31244 I art     : Starting a blocking GC Explicit
08-04 00:44:17.230 31233 31244 I art     : Explicit concurrent mark sweep GC freed 4920(311KB) AllocSpace objects, 11(760KB) LOS objects, 31% free, 34MB/50MB, paused 685us total 57.821ms
08-04 00:44:17.390 31233 31233 W RecyclerView: Cannot call this method in a scroll callback. Scroll callbacks mightbe run during a measure & layout pass where you cannot change theRecyclerView data. Any method call that might change the structureof the RecyclerView or the adapter contents should be postponed tothe next frame.
08-04 00:44:17.390 31233 31233 W RecyclerView: java.lang.IllegalStateException:  androidx.recyclerview.widget.RecyclerView{79858bf VFED..... .F....ID 0,0-1440,2140 #7f0900ef app:id/scrollbar_recyclerview_recyclerview}, adapter:baseline.org.quantumbadger.redreader.adapters.GroupedRecyclerViewAdapter@9a22b8c, layout:androidx.recyclerview.widget.LinearLayoutManager@d9962d5, context:baseline.org.quantumbadger.redreader.activities.PostListingActivity@f5112ac
08-04 00:44:17.390 31233 31233 W RecyclerView: 	at androidx.recyclerview.widget.RecyclerView.assertNotInLayoutOrScroll(RecyclerView.java:3061)
08-04 00:44:17.390 31233 31233 W RecyclerView: 	at androidx.recyclerview.widget.RecyclerView$RecyclerViewDataObserver.onItemRangeInserted(RecyclerView.java:5555)
08-04 00:44:17.390 31233 31233 W RecyclerView: 	at androidx.recyclerview.widget.RecyclerView$AdapterDataObservable.notifyItemRangeInserted(RecyclerView.java:12278)
08-04 00:44:17.390 31233 31233 W RecyclerView: 	at androidx.recyclerview.widget.RecyclerView$Adapter.notifyItemInserted(RecyclerView.java:7464)
08-04 00:44:17.390 31233 31233 W RecyclerView: 	at baseline.org.quantumbadger.redreader.adapters.GroupedRecyclerViewAdapter.updateHiddenStatus(GroupedRecyclerViewAdapter.java:279)
08-04 00:44:17.390 31233 31233 W RecyclerView: 	at baseline.org.quantumbadger.redreader.adapters.RedditListingManager.setLoadingVisible(RedditListingManager.java:125)
08-04 00:44:17.390 31233 31233 W RecyclerView: 	at baseline.org.quantumbadger.redreader.fragments.PostListingFragment.onLoadMoreItemsCheck(PostListingFragment.java:465)
08-04 00:44:17.390 31233 31233 W RecyclerView: 	at baseline.org.quantumbadger.redreader.fragments.PostListingFragment.access$000(PostListingFragment.java:98)
08-04 00:44:17.390 31233 31233 W RecyclerView: 	at baseline.org.quantumbadger.redreader.fragments.PostListingFragment$2.onScrolled(PostListingFragment.java:215)
08-04 00:44:17.390 31233 31233 W RecyclerView: 	at androidx.recyclerview.widget.RecyclerView.dispatchOnScrolled(RecyclerView.java:5173)
08-04 00:44:17.390 31233 31233 W RecyclerView: 	at androidx.recyclerview.widget.RecyclerView.dispatchLayoutStep3(RecyclerView.java:4231)
08-04 00:44:17.390 31233 31233 W RecyclerView: 	at androidx.recyclerview.widget.RecyclerView.dispatchLayout(RecyclerView.java:3862)
08-04 00:44:17.390 31233 31233 W RecyclerView: 	at androidx.recyclerview.widget.RecyclerView.consumePendingUpdateOperations(RecyclerView.java:1897)
08-04 00:44:17.390 31233 31233 W RecyclerView: 	at androidx.recyclerview.widget.RecyclerView$1.run(RecyclerView.java:414)
08-04 00:44:17.390 31233 31233 W RecyclerView: 	at android.view.Choreographer$CallbackRecord.run(Choreographer.java:858)
08-04 00:44:17.390 31233 31233 W RecyclerView: 	at android.view.Choreographer.doCallbacks(Choreographer.java:670)
08-04 00:44:17.390 31233 31233 W RecyclerView: 	at android.view.Choreographer.doFrame(Choreographer.java:603)
08-04 00:44:17.390 31233 31233 W RecyclerView: 	at android.view.Choreographer$FrameDisplayEventReceiver.run(Choreographer.java:844)
08-04 00:44:17.390 31233 31233 W RecyclerView: 	at android.os.Handler.handleCallback(Handler.java:739)
08-04 00:44:17.390 31233 31233 W RecyclerView: 	at android.os.Handler.dispatchMessage(Handler.java:95)
08-04 00:44:17.390 31233 31233 W RecyclerView: 	at android.os.Looper.loop(Looper.java:148)
08-04 00:44:17.390 31233 31233 W RecyclerView: 	at android.app.ActivityThread.main(ActivityThread.java:5417)
08-04 00:44:17.390 31233 31233 W RecyclerView: 	at java.lang.reflect.Method.invoke(Native Method)
08-04 00:44:17.390 31233 31233 W RecyclerView: 	at com.android.internal.os.ZygoteInit$MethodAndArgsCaller.run(ZygoteInit.java:726)
08-04 00:44:17.390 31233 31233 W RecyclerView: 	at com.android.internal.os.ZygoteInit.main(ZygoteInit.java:616)
08-04 00:44:17.543 31233 31244 I art     : Starting a blocking GC Explicit
08-04 00:44:17.598 31233 31244 I art     : Explicit concurrent mark sweep GC freed 64345(3MB) AllocSpace objects, 13(360KB) LOS objects, 33% free, 31MB/47MB, paused 720us total 54.037ms
08-04 00:44:17.616 31233 31244 I art     : Starting a blocking GC Explicit
08-04 00:44:17.662 31233 31244 I art     : Explicit concurrent mark sweep GC freed 461(21KB) AllocSpace objects, 0(0B) LOS objects, 33% free, 31MB/47MB, paused 633us total 45.459ms
08-04 00:44:17.681 31233 31244 I art     : Starting a blocking GC Explicit
08-04 00:44:17.729 31233 31244 I art     : Explicit concurrent mark sweep GC freed 195(8KB) AllocSpace objects, 0(0B) LOS objects, 33% free, 31MB/47MB, paused 547us total 47.832ms
08-04 00:44:17.748 31233 31244 I art     : Starting a blocking GC Explicit
08-04 00:44:17.801 31233 31244 I art     : Explicit concurrent mark sweep GC freed 3(96B) AllocSpace objects, 0(0B) LOS objects, 33% free, 31MB/47MB, paused 613us total 52.847ms
08-04 00:44:17.813 31233  1655 D OK      : calling: https://oauth.reddit.com/r/announcements/hot/.json?after=t3_9jf8nh
08-04 00:44:17.821 31233 31244 I art     : Starting a blocking GC Explicit
08-04 00:44:17.874 31233 31244 I art     : Explicit concurrent mark sweep GC freed 102(4KB) AllocSpace objects, 0(0B) LOS objects, 33% free, 31MB/47MB, paused 680us total 52.325ms
08-04 00:44:18.029 31233  1655 I NAPPA_EXPERIMENTATION: MetricNetworkRequestExecutionTime: REQUEST_DURATION_SYSTEM='215',REQUEST_DURATION_OKHTTP='205',REQUEST_SYNCHRONOUS='TRUE',RESPONSE_CODE='200',RESPONSE_METHOD='GET',RESPONSE_LENGTH_OKHTTP='-1',RESPONSE_LENGTH_HEADER='65685',REQUEST_PROTOCOL='h2',REQUEST_URL='https://oauth.reddit.com/r/announcements/hot/.json?after=t3_9jf8nh',
08-04 00:44:18.029 31233  1655 D OK      : request got status: 200
08-04 00:44:18.040 31233 31805 I PostListingFragment: Precaching images: OFF
08-04 00:44:18.041 31233 31805 I PostListingFragment: Precaching comments: OFF
08-04 00:44:18.229 31233 31257 I art     : Starting a blocking GC Explicit
08-04 00:44:18.291 31233 31257 I art     : Explicit concurrent mark sweep GC freed 13505(838KB) AllocSpace objects, 13(792KB) LOS objects, 32% free, 33MB/49MB, paused 1.072ms total 61.434ms
08-04 00:44:18.311 31233 31257 I art     : Starting a blocking GC Explicit
08-04 00:44:18.373 31233 31257 I art     : Explicit concurrent mark sweep GC freed 4974(187KB) AllocSpace objects, 0(0B) LOS objects, 32% free, 33MB/49MB, paused 821us total 61.050ms
08-04 00:44:18.393 31233 31257 I art     : Starting a blocking GC Explicit
08-04 00:44:18.455 31233 31257 I art     : Explicit concurrent mark sweep GC freed 3017(111KB) AllocSpace objects, 0(0B) LOS objects, 32% free, 33MB/49MB, paused 654us total 62.047ms
08-04 00:44:18.475 31233 31257 I art     : Starting a blocking GC Explicit
08-04 00:44:18.536 31233 31257 I art     : Explicit concurrent mark sweep GC freed 16733(848KB) AllocSpace objects, 6(108KB) LOS objects, 33% free, 32MB/48MB, paused 633us total 60.151ms
08-04 00:44:18.559 31233 31257 I art     : Starting a blocking GC Explicit
08-04 00:44:18.614 31233 31257 I art     : Explicit concurrent mark sweep GC freed 6(224B) AllocSpace objects, 0(0B) LOS objects, 33% free, 32MB/48MB, paused 524us total 54.363ms
08-04 00:44:18.993 31233 31245 I art     : Starting a blocking GC Explicit
08-04 00:44:19.060 31233 31245 I art     : Explicit concurrent mark sweep GC freed 1360(83KB) AllocSpace objects, 1(20KB) LOS objects, 33% free, 32MB/48MB, paused 636us total 66.425ms
08-04 00:44:19.084 31233 31245 I art     : Starting a blocking GC Explicit
08-04 00:44:19.143 31233 31245 I art     : Explicit concurrent mark sweep GC freed 39(1552B) AllocSpace objects, 0(0B) LOS objects, 33% free, 32MB/48MB, paused 631us total 58.820ms
08-04 00:44:19.166 31233 31245 I art     : Starting a blocking GC Explicit
08-04 00:44:19.221 31233 31245 I art     : Explicit concurrent mark sweep GC freed 3(96B) AllocSpace objects, 0(0B) LOS objects, 33% free, 32MB/48MB, paused 589us total 55.356ms
08-04 00:44:19.241 31233 31245 I art     : Starting a blocking GC Explicit
08-04 00:44:19.299 31233 31245 I art     : Explicit concurrent mark sweep GC freed 3(96B) AllocSpace objects, 0(0B) LOS objects, 33% free, 32MB/48MB, paused 605us total 58.237ms
08-04 00:44:19.322 31233 31245 I art     : Starting a blocking GC Explicit
08-04 00:44:19.377 31233 31245 I art     : Explicit concurrent mark sweep GC freed 3(96B) AllocSpace objects, 0(0B) LOS objects, 33% free, 32MB/48MB, paused 680us total 55.165ms
08-04 00:44:19.769 31233 31540 I art     : Starting a blocking GC Explicit
08-04 00:44:19.838 31233 31540 I art     : Explicit concurrent mark sweep GC freed 1355(83KB) AllocSpace objects, 1(20KB) LOS objects, 33% free, 32MB/48MB, paused 579us total 68.159ms
08-04 00:44:19.861 31233 31540 I art     : Starting a blocking GC Explicit
08-04 00:44:19.919 31233 31540 I art     : Explicit concurrent mark sweep GC freed 20(704B) AllocSpace objects, 0(0B) LOS objects, 33% free, 32MB/48MB, paused 636us total 57.682ms
08-04 00:44:19.941 31233 31540 I art     : Starting a blocking GC Explicit
08-04 00:44:19.996 31233 31540 I art     : Explicit concurrent mark sweep GC freed 3(96B) AllocSpace objects, 0(0B) LOS objects, 33% free, 32MB/48MB, paused 541us total 54.750ms
08-04 00:44:20.018 31233 31540 I art     : Starting a blocking GC Explicit
08-04 00:44:20.069 31233 31540 I art     : Explicit concurrent mark sweep GC freed 3(96B) AllocSpace objects, 0(0B) LOS objects, 33% free, 32MB/48MB, paused 601us total 51.386ms
08-04 00:44:20.089 31233 31540 I art     : Starting a blocking GC Explicit
08-04 00:44:20.145 31233 31540 I art     : Explicit concurrent mark sweep GC freed 3(96B) AllocSpace objects, 0(0B) LOS objects, 33% free, 32MB/48MB, paused 589us total 55.309ms
08-04 00:44:20.545 31233 31244 I art     : Starting a blocking GC Explicit
08-04 00:44:20.606 31233 31244 I art     : Explicit concurrent mark sweep GC freed 1356(83KB) AllocSpace objects, 1(20KB) LOS objects, 33% free, 32MB/48MB, paused 537us total 60.332ms
08-04 00:44:20.626 31233 31244 I art     : Starting a blocking GC Explicit
08-04 00:44:20.669 31233 31244 I art     : Explicit concurrent mark sweep GC freed 20(704B) AllocSpace objects, 0(0B) LOS objects, 33% free, 32MB/48MB, paused 499us total 43.150ms
08-04 00:44:20.688 31233 31244 I art     : Starting a blocking GC Explicit
08-04 00:44:20.736 31233 31244 I art     : Explicit concurrent mark sweep GC freed 3(96B) AllocSpace objects, 0(0B) LOS objects, 33% free, 32MB/48MB, paused 529us total 47.829ms
08-04 00:44:20.756 31233 31244 I art     : Starting a blocking GC Explicit
08-04 00:44:20.808 31233 31244 I art     : Explicit concurrent mark sweep GC freed 3(96B) AllocSpace objects, 0(0B) LOS objects, 33% free, 32MB/48MB, paused 560us total 52.127ms
08-04 00:44:20.827 31233 31244 I art     : Starting a blocking GC Explicit
08-04 00:44:20.880 31233 31244 I art     : Explicit concurrent mark sweep GC freed 3(96B) AllocSpace objects, 0(0B) LOS objects, 33% free, 32MB/48MB, paused 572us total 52.296ms
08-04 00:44:21.132  1696  1696 D AndroidRuntime: >>>>>> START com.android.internal.os.RuntimeInit uid 2000 <<<<<<
08-04 00:44:21.138  1696  1696 D AndroidRuntime: CheckJNI is OFF
08-04 00:44:21.181  1696  1696 D ICU     : No timezone override file found: /data/misc/zoneinfo/current/icu/icu_tzdata.dat
08-04 00:44:21.224  1696  1696 I Radio-JNI: register_android_hardware_Radio DONE
08-04 00:44:21.246 31233 31257 I art     : Starting a blocking GC Explicit
08-04 00:44:21.256  1696  1696 D AndroidRuntime: Calling main entry com.android.commands.input.Input
08-04 00:44:21.258  1696  1696 I Input   : injectMotionEvent: MotionEvent { action=ACTION_DOWN, actionButton=0, id[0]=0, x[0]=600.0, y[0]=580.0, toolType[0]=TOOL_TYPE_UNKNOWN, buttonState=0, metaState=0, flags=0x0, edgeFlags=0x0, pointerCount=1, historySize=0, eventTime=665077670, downTime=665077670, deviceId=0, source=0x1002 }
08-04 00:44:21.264  1696  1696 I Input   : injectMotionEvent: MotionEvent { action=ACTION_UP, actionButton=0, id[0]=0, x[0]=600.0, y[0]=580.0, toolType[0]=TOOL_TYPE_UNKNOWN, buttonState=0, metaState=0, flags=0x0, edgeFlags=0x0, pointerCount=1, historySize=0, eventTime=665077670, downTime=665077670, deviceId=0, source=0x1002 }
08-04 00:44:21.271  1696  1696 D AndroidRuntime: Shutting down VM
08-04 00:44:21.284   512  2967 D audio_hw_primary: out_set_parameters: enter: usecase(1: low-latency-playback) kvpairs: routing=2
08-04 00:44:21.285   918  3696 I ActivityManager: START u0 {cmp=baseline.org.quantumbadger.redreader/.activities.WebViewActivity (has extras)} from uid 10666 on display 0
08-04 00:44:21.297   512  2967 D audio_hw_primary: select_devices: out_snd_device(2: speaker) in_snd_device(0: none)
08-04 00:44:21.297   512  2967 D msm8974_platform: platform_send_audio_calibration: sending audio calibration for snd_device(2) acdb_id(15)
08-04 00:44:21.297   512  2967 I soundtrigger: audio_extn_sound_trigger_update_device_status: device 0x2 of type 0 for Event 1
08-04 00:44:21.298 31233 31257 I art     : Explicit concurrent mark sweep GC freed 1491(87KB) AllocSpace objects, 1(20KB) LOS objects, 33% free, 32MB/48MB, paused 939us total 51.917ms
08-04 00:44:21.311 31233 31233 I AppCompatViewInflater: app:theme is now deprecated. Please move to using android:theme instead.
08-04 00:44:21.311   512  2967 D audio_hw_primary: enable_snd_device: snd_device(2: speaker)
08-04 00:44:21.313   512  2967 D audio_hw_primary: enable_audio_route: apply and update mixer path: low-latency-playback speaker
08-04 00:44:21.319 31233 31257 I art     : Starting a blocking GC Explicit
08-04 00:44:21.334   918  4400 D ConnectivityService: listenForNetwork for Listen from uid/pid:10666/31233 for NetworkRequest [ id=2478, legacyType=-1, [ Capabilities: INTERNET&NOT_RESTRICTED&TRUSTED] ]
08-04 00:44:21.364 31233 31257 I art     : Explicit concurrent mark sweep GC freed 10336(985KB) AllocSpace objects, 17(2MB) LOS objects, 35% free, 29MB/45MB, paused 995us total 44.850ms
08-04 00:44:21.381 31233 31257 I art     : Starting a blocking GC Explicit
08-04 00:44:21.423 31233 31257 I art     : Explicit concurrent mark sweep GC freed 1205(58KB) AllocSpace objects, 0(0B) LOS objects, 35% free, 29MB/45MB, paused 594us total 41.287ms
08-04 00:44:21.441 13866 13866 I GoogleInputMethodServic: GoogleInputMethodService.onFinishInput():3138 
08-04 00:44:21.441 31233 31257 I art     : Starting a blocking GC Explicit
08-04 00:44:21.442 13866 13866 I GoogleInputMethodServic: GoogleInputMethodService.onStartInput():1808 
08-04 00:44:21.442   918   936 I ActivityManager: Displayed baseline.org.quantumbadger.redreader/.activities.WebViewActivity: +148ms
08-04 00:44:21.488 31233 31257 I art     : Explicit concurrent mark sweep GC freed 155(6KB) AllocSpace objects, 0(0B) LOS objects, 35% free, 29MB/45MB, paused 605us total 46.024ms
08-04 00:44:21.506 31233 31257 I art     : Starting a blocking GC Explicit
08-04 00:44:21.549 31233 31257 I art     : Explicit concurrent mark sweep GC freed 21(2048B) AllocSpace objects, 0(0B) LOS objects, 35% free, 29MB/45MB, paused 491us total 42.003ms
08-04 00:44:21.683   380   380 W SurfaceFlinger: couldn't log to binary event log: overflow.
08-04 00:44:21.830   518   646 I ThermalEngine: ACTION: GPU - Setting GPU[0] to 510000000
08-04 00:44:21.833 31233  1642 I RedditChangeDataIO: Writing tmp data file at '/data/user/0/baseline.org.quantumbadger.redreader/files/rr_change_data_tmp.dat'
08-04 00:44:21.834 31233  1642 I RedditChangeDataManager: Taking snapshot...
08-04 00:44:21.834 31233  1642 I RedditChangeDataManager: Writing to stream...
08-04 00:44:21.834 31233  1642 I RedditChangeDataManager: Wrote 5 entries for user ''
08-04 00:44:21.834 31233  1642 I RedditChangeDataManager: All entries written to stream.
08-04 00:44:21.834 31233  1642 I RedditChangeDataIO: Write successful. Atomically replacing data file...
08-04 00:44:21.835 31233  1642 I RedditChangeDataIO: Write complete.
08-04 00:44:21.835 31233  1642 I RedditChangeDataIO: 134 bytes written in 2 ms
08-04 00:44:21.850   512  2967 D audio_hw_primary: disable_audio_route: reset and update mixer path: low-latency-playback speaker
08-04 00:44:21.851   512  2967 D audio_hw_primary: disable_snd_device: snd_device(2: speaker)
08-04 00:44:21.859   512  2967 I soundtrigger: audio_extn_sound_trigger_update_device_status: device 0x2 of type 0 for Event 0
08-04 00:44:21.882 31233 31540 I art     : Starting a blocking GC Explicit
08-04 00:44:21.925 31233 31540 I art     : Explicit concurrent mark sweep GC freed 2372(139KB) AllocSpace objects, 2(88KB) LOS objects, 35% free, 29MB/45MB, paused 446us total 42.915ms
08-04 00:44:21.947 31233 31540 I art     : Starting a blocking GC Explicit
08-04 00:44:21.980 31233 31540 I art     : Explicit concurrent mark sweep GC freed 24(816B) AllocSpace objects, 0(0B) LOS objects, 35% free, 29MB/45MB, paused 470us total 33.466ms
08-04 00:44:21.995 31233 31540 I art     : Starting a blocking GC Explicit
08-04 00:44:22.034 31233 31540 I art     : Explicit concurrent mark sweep GC freed 7(208B) AllocSpace objects, 0(0B) LOS objects, 35% free, 29MB/45MB, paused 535us total 38.529ms
08-04 00:44:22.054 31233 31540 I art     : Starting a blocking GC Explicit
08-04 00:44:22.099 31233 31540 I art     : Explicit concurrent mark sweep GC freed 13(400B) AllocSpace objects, 0(0B) LOS objects, 35% free, 29MB/45MB, paused 475us total 44.785ms
08-04 00:44:22.116 31233 31540 I art     : Starting a blocking GC Explicit
08-04 00:44:22.158 31233 31540 I art     : Explicit concurrent mark sweep GC freed 12(384B) AllocSpace objects, 0(0B) LOS objects, 35% free, 29MB/45MB, paused 437us total 41.916ms
08-04 00:44:22.499 31233 31540 I art     : Starting a blocking GC Explicit
08-04 00:44:22.522 31233 31233 I chromium: [INFO:CONSOLE(1)] "
08-04 00:44:22.522 31233 31233 I chromium:                   ,d"=,.,qOp,
08-04 00:44:22.522 31233 31233 I chromium:                  ,7'  ''$(  )
08-04 00:44:22.522 31233 31233 I chromium:                 ,7'      '?q$7'
08-04 00:44:22.522 31233 31233 I chromium:              ..,$$,.
08-04 00:44:22.522 31233 31233 I chromium:    ,.  .,,--***""***--,,.  .,
08-04 00:44:22.522 31233 31233 I chromium:     ,p''              ''q,   
08-04 00:44:22.522 31233 31233 I chromium: :  ,7'                      '7,  :
08-04 00:44:22.522 31233 31233 I chromium:  ' $      ,db,      ,db,      $ '
08-04 00:44:22.522 31233 31233 I chromium:   '$      $$      $$      $'    Using Reddit at work? Work for Reddit.
08-04 00:44:22.522 31233 31233 I chromium:   '$                          $'        https://www.reddit.com/jobs
08-04 00:44:22.522 31233 31233 I chromium:    '$.     .,        ,.     .$'
08-04 00:44:22.522 31233 31233 I chromium:     'b,     ''     ,d'
08-04 00:44:22.522 31233 31233 I chromium:      '?bn,,          ,,nd?'
08-04 00:44:22.522 31233 31233 I chromium:        ,7$ '''' $7,
08-04 00:44:22.522 31233 31233 I chromium:      , $              $ ,
08-04 00:44:22.522 31233 31233 I chromium:      $  :$              $:  $
08-04 00:44:22.522 31233 31233 I chromium:      $   $              $   $
08-04 00:44:22.522 31233 31233 I chromium:      'b  q:            :p  d'
08-04 00:44:22.522 31233 31233 I chromium:       '?$.          .$?'
08-04 00:44:22.522 31233 31233 I chromium:          'b            d'
08-04 00:44:22.522 31233 31233 I chromium:        ,'?,.      .,?',
08-04 00:44:22.522 31233 31233 I chromium:       ==--==--==--==
08-04 00:44:22.522 31233 31233 I chromium: ", source: https://www.redditstatic.com/desktop2x/Chat~Governance~Reddit.2ea93b134a9b2e5b1d9a.js (1)
08-04 00:44:22.548 31233 31540 I art     : Explicit concurrent mark sweep GC freed 1410(87KB) AllocSpace objects, 1(20KB) LOS objects, 35% free, 29MB/45MB, paused 1.052ms total 48.614ms
08-04 00:44:22.563 31233 31540 I art     : Starting a blocking GC Explicit
08-04 00:44:22.603 31233 31540 I art     : Explicit concurrent mark sweep GC freed 27(928B) AllocSpace objects, 0(0B) LOS objects, 35% free, 29MB/45MB, paused 398us total 39.587ms
08-04 00:44:22.603 31233 31243 I art     : WaitForGcToComplete blocked for 5.408ms for cause HeapTrim
08-04 00:44:22.618 31233 31540 I art     : Starting a blocking GC Explicit
08-04 00:44:22.657 31233 31540 I art     : Explicit concurrent mark sweep GC freed 11(352B) AllocSpace objects, 0(0B) LOS objects, 35% free, 29MB/45MB, paused 386us total 38.652ms
08-04 00:44:22.674 31233 31540 I art     : Starting a blocking GC Explicit
08-04 00:44:22.718 31233 31540 I art     : Explicit concurrent mark sweep GC freed 8(256B) AllocSpace objects, 0(0B) LOS objects, 35% free, 29MB/45MB, paused 627us total 43.919ms
08-04 00:44:22.735 31233 31540 I art     : Starting a blocking GC Explicit
08-04 00:44:22.780 31233 31540 I art     : Explicit concurrent mark sweep GC freed 12(384B) AllocSpace objects, 0(0B) LOS objects, 35% free, 29MB/45MB, paused 524us total 44.994ms
08-04 00:44:22.833   518   646 I ThermalEngine: ACTION: GPU - Setting GPU[0] to 450000000
08-04 00:44:23.160 31233 31257 I art     : Starting a blocking GC Explicit
08-04 00:44:23.215 31233 31257 I art     : Explicit concurrent mark sweep GC freed 1473(87KB) AllocSpace objects, 1(20KB) LOS objects, 35% free, 29MB/45MB, paused 579us total 53.837ms
08-04 00:44:23.234 31233 31257 I art     : Starting a blocking GC Explicit
08-04 00:44:23.284 31233 31257 I art     : Explicit concurrent mark sweep GC freed 278(43KB) AllocSpace objects, 0(0B) LOS objects, 35% free, 29MB/45MB, paused 549us total 49.089ms
08-04 00:44:23.302 31233 31257 I art     : Starting a blocking GC Explicit
08-04 00:44:23.347 31233 31257 I art     : Explicit concurrent mark sweep GC freed 69(2304B) AllocSpace objects, 0(0B) LOS objects, 35% free, 29MB/45MB, paused 499us total 44.073ms
08-04 00:44:23.365 31233 31257 I art     : Starting a blocking GC Explicit
08-04 00:44:23.411 31233 31257 I art     : Explicit concurrent mark sweep GC freed 3(96B) AllocSpace objects, 0(0B) LOS objects, 35% free, 29MB/45MB, paused 481us total 46.374ms
08-04 00:44:23.430 31233 31257 I art     : Starting a blocking GC Explicit
08-04 00:44:23.477 31233 31257 I art     : Explicit concurrent mark sweep GC freed 3(96B) AllocSpace objects, 0(0B) LOS objects, 35% free, 29MB/45MB, paused 483us total 46.481ms
08-04 00:44:23.846 31233 31245 I art     : Starting a blocking GC Explicit
08-04 00:44:23.900 31233 31245 I art     : Explicit concurrent mark sweep GC freed 1568(95KB) AllocSpace objects, 1(20KB) LOS objects, 35% free, 29MB/45MB, paused 511us total 54.038ms
08-04 00:44:23.919 31233 31245 I art     : Starting a blocking GC Explicit
08-04 00:44:23.968 31233 31245 I art     : Explicit concurrent mark sweep GC freed 23(784B) AllocSpace objects, 0(0B) LOS objects, 35% free, 29MB/45MB, paused 469us total 48.341ms
08-04 00:44:23.991 31233 31245 I art     : Starting a blocking GC Explicit
08-04 00:44:24.037 31233 31245 I art     : Explicit concurrent mark sweep GC freed 13(2560B) AllocSpace objects, 0(0B) LOS objects, 35% free, 29MB/45MB, paused 463us total 45.807ms
08-04 00:44:24.056 31233 31245 I art     : Starting a blocking GC Explicit
08-04 00:44:24.108 31233 31245 I art     : Explicit concurrent mark sweep GC freed 3(96B) AllocSpace objects, 0(0B) LOS objects, 35% free, 29MB/45MB, paused 476us total 52.256ms
08-04 00:44:24.127 31233 31245 I art     : Starting a blocking GC Explicit
08-04 00:44:24.176 26997 26997 I ServiceManager: Waiting for service AtCmdFwd...
08-04 00:44:24.180 31233 31245 I art     : Explicit concurrent mark sweep GC freed 3(96B) AllocSpace objects, 0(0B) LOS objects, 35% free, 29MB/45MB, paused 492us total 52.891ms
08-04 00:44:24.561 31233 31540 I art     : Starting a blocking GC Explicit
08-04 00:44:24.611 31233 31540 I art     : Explicit concurrent mark sweep GC freed 1403(85KB) AllocSpace objects, 1(20KB) LOS objects, 35% free, 29MB/45MB, paused 480us total 50.144ms
08-04 00:44:24.630 31233 31540 I art     : Starting a blocking GC Explicit
08-04 00:44:24.682 31233 31540 I art     : Explicit concurrent mark sweep GC freed 20(704B) AllocSpace objects, 0(0B) LOS objects, 35% free, 29MB/45MB, paused 540us total 51.618ms
08-04 00:44:24.707 31233 31540 I art     : Starting a blocking GC Explicit
08-04 00:44:24.754 31233 31540 I art     : Explicit concurrent mark sweep GC freed 3(96B) AllocSpace objects, 0(0B) LOS objects, 35% free, 29MB/45MB, paused 468us total 47.033ms
08-04 00:44:24.773 31233 31540 I art     : Starting a blocking GC Explicit
08-04 00:44:24.820 31233 31540 I art     : Explicit concurrent mark sweep GC freed 3(96B) AllocSpace objects, 0(0B) LOS objects, 35% free, 29MB/45MB, paused 494us total 46.336ms
08-04 00:44:24.841 31233 31540 I art     : Starting a blocking GC Explicit
08-04 00:44:24.844   518   646 I ThermalEngine: ACTION: GPU - Setting GPU[0] to 390000000
08-04 00:44:24.934 31233 31540 I art     : Explicit concurrent mark sweep GC freed 3(96B) AllocSpace objects, 0(0B) LOS objects, 35% free, 29MB/45MB, paused 649us total 92.219ms
08-04 00:44:25.177 26997 26997 I ServiceManager: Waiting for service AtCmdFwd...
08-04 00:44:25.335 31233 31245 I art     : Starting a blocking GC Explicit
08-04 00:44:25.402 31233 31245 I art     : Explicit concurrent mark sweep GC freed 1357(82KB) AllocSpace objects, 1(20KB) LOS objects, 35% free, 29MB/45MB, paused 715us total 67.225ms
08-04 00:44:25.427 31233 31245 I art     : Starting a blocking GC Explicit
08-04 00:44:25.492 31233 31245 I art     : Explicit concurrent mark sweep GC freed 20(704B) AllocSpace objects, 0(0B) LOS objects, 35% free, 29MB/45MB, paused 599us total 64.018ms
08-04 00:44:25.517 31233 31245 I art     : Starting a blocking GC Explicit
08-04 00:44:25.581 31233 31245 I art     : Explicit concurrent mark sweep GC freed 3(96B) AllocSpace objects, 0(0B) LOS objects, 35% free, 29MB/45MB, paused 1.520ms total 64.573ms
08-04 00:44:25.606 31233 31245 I art     : Starting a blocking GC Explicit
08-04 00:44:25.662 31233 31245 I art     : Explicit concurrent mark sweep GC freed 3(96B) AllocSpace objects, 0(0B) LOS objects, 35% free, 29MB/45MB, paused 762us total 55.944ms
08-04 00:44:25.694 31233 31245 I art     : Starting a blocking GC Explicit
08-04 00:44:25.765 31233 31245 I art     : Explicit concurrent mark sweep GC freed 3(96B) AllocSpace objects, 0(0B) LOS objects, 35% free, 29MB/45MB, paused 901us total 71.023ms
08-04 00:44:25.842   518   646 I ThermalEngine: ACTION: GPU - Setting GPU[0] to 450000000
08-04 00:44:26.130  1787  1787 D AndroidRuntime: >>>>>> START com.android.internal.os.RuntimeInit uid 2000 <<<<<<
08-04 00:44:26.135  1787  1787 D AndroidRuntime: CheckJNI is OFF
08-04 00:44:26.178 26997 26997 I ServiceManager: Waiting for service AtCmdFwd...
08-04 00:44:26.178 31233 31257 I art     : Starting a blocking GC Explicit
08-04 00:44:26.181  1787  1787 D ICU     : No timezone override file found: /data/misc/zoneinfo/current/icu/icu_tzdata.dat
08-04 00:44:26.221 31233 31257 I art     : Explicit concurrent mark sweep GC freed 1357(82KB) AllocSpace objects, 1(20KB) LOS objects, 35% free, 29MB/45MB, paused 502us total 42.388ms
08-04 00:44:26.221  1787  1787 I Radio-JNI: register_android_hardware_Radio DONE
08-04 00:44:26.240 31233 31257 I art     : Starting a blocking GC Explicit
08-04 00:44:26.252  1787  1787 D AndroidRuntime: Calling main entry com.android.commands.input.Input
08-04 00:44:26.254  1787  1787 I Input   : injectKeyEvent: KeyEvent { action=ACTION_DOWN, keyCode=KEYCODE_BACK, scanCode=0, metaState=0, flags=0x0, repeatCount=0, eventTime=665082667, downTime=665082667, deviceId=-1, source=0x101 }
08-04 00:44:26.268  1787  1787 I Input   : injectKeyEvent: KeyEvent { action=ACTION_UP, keyCode=KEYCODE_BACK, scanCode=0, metaState=0, flags=0x0, repeatCount=0, eventTime=665082667, downTime=665082667, deviceId=-1, source=0x101 }
08-04 00:44:26.279  1787  1787 D AndroidRuntime: Shutting down VM
08-04 00:44:26.300 31233 31257 I art     : Explicit concurrent mark sweep GC freed 116(4KB) AllocSpace objects, 0(0B) LOS objects, 35% free, 29MB/45MB, paused 550us total 59.970ms
08-04 00:44:26.332 13866 13866 I GoogleInputMethodServic: GoogleInputMethodService.onFinishInput():3138 
08-04 00:44:26.332 13866 13866 I GoogleInputMethodServic: GoogleInputMethodService.onStartInput():1808 
08-04 00:44:26.343 31233 31257 I art     : Starting a blocking GC Explicit
08-04 00:44:26.384 31233 31257 I art     : Explicit concurrent mark sweep GC freed 172(5KB) AllocSpace objects, 0(0B) LOS objects, 35% free, 29MB/45MB, paused 496us total 40.779ms
08-04 00:44:26.401 31233 31257 I art     : Starting a blocking GC Explicit
08-04 00:44:26.442 31233 31257 I art     : Explicit concurrent mark sweep GC freed 8(304B) AllocSpace objects, 0(0B) LOS objects, 35% free, 29MB/45MB, paused 424us total 40.045ms
08-04 00:44:26.461 31233 31257 I art     : Starting a blocking GC Explicit
08-04 00:44:26.511 31233 31257 I art     : Explicit concurrent mark sweep GC freed 3(96B) AllocSpace objects, 0(0B) LOS objects, 35% free, 29MB/45MB, paused 643us total 50.216ms
08-04 00:44:26.654   380   380 W SurfaceFlinger: couldn't log to binary event log: overflow.
08-04 00:44:26.691   918  3263 D ConnectivityService: releasing NetworkRequest NetworkRequest [ id=2478, legacyType=-1, [ Capabilities: INTERNET&NOT_RESTRICTED&TRUSTED] ]
08-04 00:44:26.706   918  3188 I hubconnection: sensorhub said: 'set_bias 3: -6.2400, 0.0000, 0.0000'
08-04 00:44:26.886 31233 31540 I art     : Starting a blocking GC Explicit
08-04 00:44:26.929 31233 31540 I art     : Explicit concurrent mark sweep GC freed 2260(124KB) AllocSpace objects, 1(20KB) LOS objects, 35% free, 29MB/45MB, paused 498us total 43.243ms
08-04 00:44:26.948 31233 31540 I art     : Starting a blocking GC Explicit
08-04 00:44:26.990 31233 31540 I art     : Explicit concurrent mark sweep GC freed 2114(124KB) AllocSpace objects, 1(28KB) LOS objects, 35% free, 29MB/45MB, paused 472us total 42.481ms
08-04 00:44:27.008 31233 31540 I art     : Starting a blocking GC Explicit
08-04 00:44:27.049 31233 31540 I art     : Explicit concurrent mark sweep GC freed 3(96B) AllocSpace objects, 0(0B) LOS objects, 35% free, 29MB/45MB, paused 447us total 41.178ms
08-04 00:44:27.068 31233 31540 I art     : Starting a blocking GC Explicit
08-04 00:44:27.113 31233 31540 I art     : Explicit concurrent mark sweep GC freed 3(96B) AllocSpace objects, 0(0B) LOS objects, 35% free, 29MB/45MB, paused 478us total 44.763ms
08-04 00:44:27.131 31233 31540 I art     : Starting a blocking GC Explicit
08-04 00:44:27.178 31233 31540 I art     : Explicit concurrent mark sweep GC freed 3(96B) AllocSpace objects, 0(0B) LOS objects, 35% free, 29MB/45MB, paused 514us total 46.104ms
08-04 00:44:27.179 26997 26997 I ServiceManager: Waiting for service AtCmdFwd...
08-04 00:44:27.539 31233 31244 I art     : Starting a blocking GC Explicit
08-04 00:44:27.586 31233 31244 I art     : Explicit concurrent mark sweep GC freed 1356(82KB) AllocSpace objects, 1(20KB) LOS objects, 35% free, 29MB/45MB, paused 495us total 46.504ms
08-04 00:44:27.605 31233 31244 I art     : Starting a blocking GC Explicit
08-04 00:44:27.650 31233 31244 I art     : Explicit concurrent mark sweep GC freed 20(704B) AllocSpace objects, 0(0B) LOS objects, 35% free, 29MB/45MB, paused 453us total 44.658ms
08-04 00:44:27.669 31233 31244 I art     : Starting a blocking GC Explicit
08-04 00:44:27.713 31233 31244 I art     : Explicit concurrent mark sweep GC freed 3(96B) AllocSpace objects, 0(0B) LOS objects, 35% free, 29MB/45MB, paused 455us total 43.713ms
08-04 00:44:27.713 31233 31243 I art     : WaitForGcToComplete blocked for 43.991ms for cause HeapTrim
08-04 00:44:27.731 31233 31244 I art     : Starting a blocking GC Explicit
08-04 00:44:27.777 31233 31244 I art     : Explicit concurrent mark sweep GC freed 3(96B) AllocSpace objects, 0(0B) LOS objects, 35% free, 29MB/45MB, paused 619us total 45.428ms
08-04 00:44:27.796 31233 31244 I art     : Starting a blocking GC Explicit
08-04 00:44:27.842 31233 31244 I art     : Explicit concurrent mark sweep GC freed 3(96B) AllocSpace objects, 0(0B) LOS objects, 35% free, 29MB/45MB, paused 485us total 45.656ms
08-04 00:44:28.064  1830  1830 D AndroidRuntime: >>>>>> START com.android.internal.os.RuntimeInit uid 2000 <<<<<<
08-04 00:44:28.070  1830  1830 D AndroidRuntime: CheckJNI is OFF
08-04 00:44:28.112  1830  1830 D ICU     : No timezone override file found: /data/misc/zoneinfo/current/icu/icu_tzdata.dat
08-04 00:44:28.154  1830  1830 I Radio-JNI: register_android_hardware_Radio DONE
08-04 00:44:28.179 26997 26997 I ServiceManager: Waiting for service AtCmdFwd...
08-04 00:44:28.184  1830  1830 D AndroidRuntime: Calling main entry com.android.commands.input.Input
08-04 00:44:28.184 31233 31257 I art     : Starting a blocking GC Explicit
08-04 00:44:28.186  1830  1830 I Input   : injectKeyEvent: KeyEvent { action=ACTION_DOWN, keyCode=KEYCODE_BACK, scanCode=0, metaState=0, flags=0x0, repeatCount=0, eventTime=665084599, downTime=665084599, deviceId=-1, source=0x101 }
08-04 00:44:28.192  1830  1830 I Input   : injectKeyEvent: KeyEvent { action=ACTION_UP, keyCode=KEYCODE_BACK, scanCode=0, metaState=0, flags=0x0, repeatCount=0, eventTime=665084599, downTime=665084599, deviceId=-1, source=0x101 }
08-04 00:44:28.198  1830  1830 D AndroidRuntime: Shutting down VM
08-04 00:44:28.231 31233 31257 I art     : Explicit concurrent mark sweep GC freed 1463(86KB) AllocSpace objects, 1(20KB) LOS objects, 35% free, 29MB/45MB, paused 491us total 45.990ms
08-04 00:44:28.242 13866 13866 I GoogleInputMethodServic: GoogleInputMethodService.onFinishInput():3138 
08-04 00:44:28.242 13866 13866 I GoogleInputMethodServic: GoogleInputMethodService.onStartInput():1808 
08-04 00:44:28.249 31233 31257 I art     : Starting a blocking GC Explicit
08-04 00:44:28.291 31233 31257 I art     : Explicit concurrent mark sweep GC freed 74(2608B) AllocSpace objects, 0(0B) LOS objects, 35% free, 29MB/45MB, paused 512us total 41.504ms
08-04 00:44:28.309 31233 31257 I art     : Starting a blocking GC Explicit
08-04 00:44:28.348 31233 31257 I art     : Explicit concurrent mark sweep GC freed 25(848B) AllocSpace objects, 0(0B) LOS objects, 35% free, 29MB/45MB, paused 700us total 38.836ms
08-04 00:44:28.365 31233 31257 I art     : Starting a blocking GC Explicit
08-04 00:44:28.409 31233 31257 I art     : Explicit concurrent mark sweep GC freed 3(96B) AllocSpace objects, 0(0B) LOS objects, 35% free, 29MB/45MB, paused 487us total 43.392ms
08-04 00:44:28.433 31233 31257 I art     : Starting a blocking GC Explicit
08-04 00:44:28.489 31233 31257 I art     : Explicit concurrent mark sweep GC freed 3(96B) AllocSpace objects, 0(0B) LOS objects, 35% free, 29MB/45MB, paused 465us total 56.061ms
08-04 00:44:28.825 31233 31540 I art     : Starting a blocking GC Explicit
08-04 00:44:28.889 31233 31540 I art     : Explicit concurrent mark sweep GC freed 1421(85KB) AllocSpace objects, 1(20KB) LOS objects, 35% free, 29MB/45MB, paused 591us total 63.976ms
08-04 00:44:28.912 31233 31540 I art     : Starting a blocking GC Explicit
08-04 00:44:28.960 31233 31540 I art     : Explicit concurrent mark sweep GC freed 150(7KB) AllocSpace objects, 0(0B) LOS objects, 35% free, 29MB/45MB, paused 511us total 47.643ms
08-04 00:44:28.979 31233 31540 I art     : Starting a blocking GC Explicit
08-04 00:44:29.028 31233 31540 I art     : Explicit concurrent mark sweep GC freed 3(96B) AllocSpace objects, 0(0B) LOS objects, 35% free, 29MB/45MB, paused 709us total 48.187ms
08-04 00:44:29.047 31233 31540 I art     : Starting a blocking GC Explicit
08-04 00:44:29.095 31233 31540 I art     : Explicit concurrent mark sweep GC freed 3(96B) AllocSpace objects, 0(0B) LOS objects, 35% free, 29MB/45MB, paused 559us total 48.469ms
08-04 00:44:29.118 31233 31540 I art     : Starting a blocking GC Explicit
08-04 00:44:29.165 31233 31540 I art     : Explicit concurrent mark sweep GC freed 3(96B) AllocSpace objects, 0(0B) LOS objects, 35% free, 29MB/45MB, paused 512us total 47.118ms
08-04 00:44:29.179 26997 26997 W Atfwd_Sendcmd: AtCmdFwd service not published, waiting... retryCnt : 4
08-04 00:44:29.508 31233 31257 I art     : Starting a blocking GC Explicit
08-04 00:44:29.556 31233 31257 I art     : Explicit concurrent mark sweep GC freed 1356(82KB) AllocSpace objects, 1(20KB) LOS objects, 35% free, 29MB/45MB, paused 509us total 46.965ms
08-04 00:44:29.575 31233 31257 I art     : Starting a blocking GC Explicit
08-04 00:44:29.620 31233 31257 I art     : Explicit concurrent mark sweep GC freed 20(704B) AllocSpace objects, 0(0B) LOS objects, 35% free, 29MB/45MB, paused 509us total 44.353ms
08-04 00:44:29.638 31233 31257 I art     : Starting a blocking GC Explicit
08-04 00:44:29.683 31233 31257 I art     : Explicit concurrent mark sweep GC freed 3(96B) AllocSpace objects, 0(0B) LOS objects, 35% free, 29MB/45MB, paused 472us total 44.943ms
08-04 00:44:29.702 31233 31257 I art     : Starting a blocking GC Explicit
08-04 00:44:29.746 31233 31257 I art     : Explicit concurrent mark sweep GC freed 3(96B) AllocSpace objects, 0(0B) LOS objects, 35% free, 29MB/45MB, paused 508us total 44.093ms
08-04 00:44:29.765 31233 31257 I art     : Starting a blocking GC Explicit
08-04 00:44:29.808 31233 31257 I art     : Explicit concurrent mark sweep GC freed 3(96B) AllocSpace objects, 0(0B) LOS objects, 35% free, 29MB/45MB, paused 521us total 42.792ms
08-04 00:44:29.983  1873  1873 D AndroidRuntime: >>>>>> START com.android.internal.os.RuntimeInit uid 2000 <<<<<<
08-04 00:44:29.990  1873  1873 D AndroidRuntime: CheckJNI is OFF
08-04 00:44:30.032  1873  1873 D ICU     : No timezone override file found: /data/misc/zoneinfo/current/icu/icu_tzdata.dat
08-04 00:44:30.073  1873  1873 I Radio-JNI: register_android_hardware_Radio DONE
08-04 00:44:30.101  1873  1873 D AndroidRuntime: Calling main entry com.android.commands.input.Input
08-04 00:44:30.104  1873  1873 I Input   : injectMotionEvent: MotionEvent { action=ACTION_DOWN, actionButton=0, id[0]=0, x[0]=600.0, y[0]=1733.0, toolType[0]=TOOL_TYPE_UNKNOWN, buttonState=0, metaState=0, flags=0x0, edgeFlags=0x0, pointerCount=1, historySize=0, eventTime=665086516, downTime=665086516, deviceId=0, source=0x1002 }
08-04 00:44:30.109  1873  1873 I Input   : injectMotionEvent: MotionEvent { action=ACTION_UP, actionButton=0, id[0]=0, x[0]=600.0, y[0]=1733.0, toolType[0]=TOOL_TYPE_UNKNOWN, buttonState=0, metaState=0, flags=0x0, edgeFlags=0x0, pointerCount=1, historySize=0, eventTime=665086516, downTime=665086516, deviceId=0, source=0x1002 }
08-04 00:44:30.110  1873  1873 D AndroidRuntime: Shutting down VM
08-04 00:44:30.127   512  2967 D audio_hw_primary: out_set_parameters: enter: usecase(1: low-latency-playback) kvpairs: routing=2
08-04 00:44:30.128   918   928 I ActivityManager: START u0 {dat=https://oauth.reddit.com/... cmp=baseline.org.quantumbadger.redreader/.activities.PostListingActivity} from uid 10666 on display 0
08-04 00:44:30.141   512  2967 D audio_hw_primary: select_devices: out_snd_device(2: speaker) in_snd_device(0: none)
08-04 00:44:30.141   512  2967 D msm8974_platform: platform_send_audio_calibration: sending audio calibration for snd_device(2) acdb_id(15)
08-04 00:44:30.141   512  2967 I soundtrigger: audio_extn_sound_trigger_update_device_status: device 0x2 of type 0 for Event 1
08-04 00:44:30.157   512  2967 D audio_hw_primary: enable_snd_device: snd_device(2: speaker)
08-04 00:44:30.159   512  2967 D audio_hw_primary: enable_audio_route: apply and update mixer path: low-latency-playback speaker
08-04 00:44:30.161 31233 31245 I art     : Starting a blocking GC Explicit
08-04 00:44:30.162 31233 31233 I AppCompatViewInflater: app:theme is now deprecated. Please move to using android:theme instead.
08-04 00:44:30.185 31233  1899 D OK      : calling: https://oauth.reddit.com/r/aww/about.json
08-04 00:44:30.206 31233 31245 I art     : Explicit concurrent mark sweep GC freed 2261(154KB) AllocSpace objects, 1(20KB) LOS objects, 35% free, 29MB/45MB, paused 683us total 44.735ms
08-04 00:44:30.223 31233 31245 I art     : Starting a blocking GC Explicit
08-04 00:44:30.258   918   936 I ActivityManager: Displayed baseline.org.quantumbadger.redreader/.activities.PostListingActivity: +120ms
08-04 00:44:30.258 13866 13866 I GoogleInputMethodServic: GoogleInputMethodService.onFinishInput():3138 
08-04 00:44:30.259 13866 13866 I GoogleInputMethodServic: GoogleInputMethodService.onStartInput():1808 
08-04 00:44:30.268 31233 31245 I art     : Explicit concurrent mark sweep GC freed 992(45KB) AllocSpace objects, 0(0B) LOS objects, 35% free, 29MB/45MB, paused 694us total 43.889ms
08-04 00:44:30.288 31233 31245 I art     : Starting a blocking GC Explicit
08-04 00:44:30.331 31233 31245 I art     : Explicit concurrent mark sweep GC freed 219(13KB) AllocSpace objects, 0(0B) LOS objects, 35% free, 29MB/45MB, paused 579us total 42.712ms
08-04 00:44:30.350 31233 31245 I art     : Starting a blocking GC Explicit
08-04 00:44:30.395 31233 31245 I art     : Explicit concurrent mark sweep GC freed 1931(74KB) AllocSpace objects, 0(0B) LOS objects, 35% free, 29MB/45MB, paused 603us total 45.466ms
08-04 00:44:30.415 31233 31245 I art     : Starting a blocking GC Explicit
08-04 00:44:30.469 31233 31245 I art     : Explicit concurrent mark sweep GC freed 124(5KB) AllocSpace objects, 0(0B) LOS objects, 35% free, 29MB/45MB, paused 742us total 53.776ms
08-04 00:44:30.509   380   380 W SurfaceFlinger: couldn't log to binary event log: overflow.
08-04 00:44:30.513 31233  1899 I NAPPA_EXPERIMENTATION: MetricNetworkRequestExecutionTime: REQUEST_DURATION_SYSTEM='328',REQUEST_DURATION_OKHTTP='140',REQUEST_SYNCHRONOUS='TRUE',RESPONSE_CODE='200',RESPONSE_METHOD='GET',RESPONSE_LENGTH_OKHTTP='-1',RESPONSE_LENGTH_HEADER='3478',REQUEST_PROTOCOL='h2',REQUEST_URL='https://oauth.reddit.com/r/aww/about.json',
08-04 00:44:30.513 31233  1899 D OK      : request got status: 200
08-04 00:44:30.698   512  2967 D audio_hw_primary: disable_audio_route: reset and update mixer path: low-latency-playback speaker
08-04 00:44:30.699   512  2967 D audio_hw_primary: disable_snd_device: snd_device(2: speaker)
08-04 00:44:30.708   512  2967 I soundtrigger: audio_extn_sound_trigger_update_device_status: device 0x2 of type 0 for Event 0
08-04 00:44:30.811 31233 31540 I art     : Starting a blocking GC Explicit
08-04 00:44:30.860 31233 31540 I art     : Explicit concurrent mark sweep GC freed 3139(289KB) AllocSpace objects, 3(156KB) LOS objects, 35% free, 29MB/45MB, paused 499us total 48.798ms
08-04 00:44:30.880 31233 31540 I art     : Starting a blocking GC Explicit
08-04 00:44:30.930 31233 31540 I art     : Explicit concurrent mark sweep GC freed 201(10KB) AllocSpace objects, 0(0B) LOS objects, 35% free, 29MB/45MB, paused 577us total 50.366ms
08-04 00:44:30.949 31233 31540 I art     : Starting a blocking GC Explicit
08-04 00:44:30.995 31233 31540 I art     : Explicit concurrent mark sweep GC freed 27(1120B) AllocSpace objects, 0(0B) LOS objects, 35% free, 29MB/45MB, paused 496us total 45.680ms
08-04 00:44:31.014 31233 31540 I art     : Starting a blocking GC Explicit
08-04 00:44:31.062 31233 31540 I art     : Explicit concurrent mark sweep GC freed 3(96B) AllocSpace objects, 0(0B) LOS objects, 35% free, 29MB/45MB, paused 1.621ms total 47.349ms
08-04 00:44:31.080 31233 31540 I art     : Starting a blocking GC Explicit
08-04 00:44:31.126 31233 31540 I art     : Explicit concurrent mark sweep GC freed 3(96B) AllocSpace objects, 0(0B) LOS objects, 35% free, 29MB/45MB, paused 508us total 45.127ms
08-04 00:44:31.386 31233  1924 D OK      : calling: https://oauth.reddit.com/r/aww/hot/.json
08-04 00:44:31.462 31233 31257 I art     : Starting a blocking GC Explicit
08-04 00:44:31.519 31233 31257 I art     : Explicit concurrent mark sweep GC freed 1448(86KB) AllocSpace objects, 1(20KB) LOS objects, 35% free, 29MB/45MB, paused 635us total 55.876ms
08-04 00:44:31.538 31233 31257 I art     : Starting a blocking GC Explicit
08-04 00:44:31.583 31233 31257 I art     : Explicit concurrent mark sweep GC freed 26(960B) AllocSpace objects, 0(0B) LOS objects, 35% free, 29MB/45MB, paused 590us total 44.976ms
08-04 00:44:31.602 31233 31257 I art     : Starting a blocking GC Explicit
08-04 00:44:31.639 31233  1924 I NAPPA_EXPERIMENTATION: MetricNetworkRequestExecutionTime: REQUEST_DURATION_SYSTEM='252',REQUEST_DURATION_OKHTTP='248',REQUEST_SYNCHRONOUS='TRUE',RESPONSE_CODE='200',RESPONSE_METHOD='GET',RESPONSE_LENGTH_OKHTTP='-1',RESPONSE_LENGTH_HEADER='33430',REQUEST_PROTOCOL='h2',REQUEST_URL='https://oauth.reddit.com/r/aww/hot/.json',
08-04 00:44:31.639 31233  1924 D OK      : request got status: 200
08-04 00:44:31.649 31233 31257 I art     : Explicit concurrent mark sweep GC freed 362(30KB) AllocSpace objects, 0(0B) LOS objects, 35% free, 29MB/45MB, paused 651us total 46.273ms
08-04 00:44:31.650 31233 31805 I PostListingFragment: Precaching images: OFF
08-04 00:44:31.650 31233 31805 I PostListingFragment: Precaching comments: OFF
08-04 00:44:31.661 31233  1925 D OK      : calling: https://b.thumbs.redditmedia.com/CKInrczASoQbNvSBStGz11Tok0uCyQoxmZ02sOE37sQ.jpg
08-04 00:44:31.668 31233 31257 I art     : Starting a blocking GC Explicit
08-04 00:44:31.672 31233  1926 D OK      : calling: https://a.thumbs.redditmedia.com/sKVnLbatvJCZOE2ooe6CgiEftOB3ukgPMdcydbk9CZ4.jpg
08-04 00:44:31.676 31233 31805 I getImgurImageInfo: Image NSO7Npm: trying API v3 with auth
08-04 00:44:31.682 31233  1927 D OK      : calling: https://api.gfycat.com/v1/gfycats/deadlygravecavy
08-04 00:44:31.684 31233  1928 D OK      : calling: https://a.thumbs.redditmedia.com/dFt2-stQJkfZ8O7r7ywG9GQsF08fZXxEJfQtAmiJ-F8.jpg
08-04 00:44:31.686 31233  1929 D OK      : calling: https://b.thumbs.redditmedia.com/1cAaKl6LkrikiRbLsBzzOvufKqRKuPi3wgjUkX8axkI.jpg
08-04 00:44:31.688 31233  1930 D OK      : calling: https://api.imgur.com/3/image/NSO7Npm
08-04 00:44:31.690 31233  1931 D OK      : calling: https://b.thumbs.redditmedia.com/NUqJWcobH7ToYhCM0w6nnAFZ46ymm9vPD25BC3s7Wco.jpg
08-04 00:44:31.693 31233  1932 D OK      : calling: https://v.redd.it/fkewv2f65kd51/DASHPlaylist.mpd
08-04 00:44:31.705 31233  1933 D OK      : calling: https://b.thumbs.redditmedia.com/bUY4al781EZ3q7hUlnLebemHCXE3e63_SSxl2uo4Q4A.jpg
08-04 00:44:31.709 31233  1934 D OK      : calling: https://b.thumbs.redditmedia.com/tTmEfIrujbsvZXbhNSQS6Pc7o7ShCaGqZHbYf7nWdfg.jpg
08-04 00:44:31.714 31233  1935 D OK      : calling: https://b.thumbs.redditmedia.com/_H8tFMmL5-3GrxYkCtMSHiyNfjbX8pxctOw_vrzyw7o.jpg
08-04 00:44:31.715 31233  1936 D OK      : calling: https://b.thumbs.redditmedia.com/JTSWFy2_tijPk6cA5noKDydEAMkMJcDmKQTSX178zwc.jpg
08-04 00:44:31.718 31233  1937 D OK      : calling: https://b.thumbs.redditmedia.com/N6fiqTp8nJD2l7sUz4nij7j1yHYMTKaflUIrn8E2bAU.jpg
08-04 00:44:31.727 31233  1938 D OK      : calling: https://b.thumbs.redditmedia.com/HkEQtny0bE4H3dMCd_woPsLAXBoPwp_DZ4ioFNIQLKk.jpg
08-04 00:44:31.727 31233 31257 I art     : Explicit concurrent mark sweep GC freed 10221(485KB) AllocSpace objects, 0(0B) LOS objects, 34% free, 30MB/46MB, paused 2.684ms total 59.050ms
08-04 00:44:31.729 31233  1939 D OK      : calling: https://api.gfycat.com/v1/gfycats/altruisticthankfulankolewatusi
08-04 00:44:31.734 31233  1940 D OK      : calling: https://b.thumbs.redditmedia.com/lVNra-iScxkYcYtSstJ-7J7pRAUDRXIwwJhsen1ZK9g.jpg
08-04 00:44:31.737 31233  1941 D OK      : calling: https://b.thumbs.redditmedia.com/lQKqDneXS8E7ZBD9cUQy4OqOt8PuTneSvVFtnU0pwCE.jpg
08-04 00:44:31.740 31233  1942 D OK      : calling: https://v.redd.it/ak6rer1hskd51/DASHPlaylist.mpd
08-04 00:44:31.746 31233  1943 D OK      : calling: https://b.thumbs.redditmedia.com/X3yyAViE0gxiHR-kf9Z5xmLa8dKsm8iWJyKdWNVtOhU.jpg
08-04 00:44:31.748 31233  1944 D OK      : calling: https://api.gfycat.com/v1/gfycats/foolhardysparklinglarva
08-04 00:44:31.750 31233  1945 D OK      : calling: https://b.thumbs.redditmedia.com/Bx9FZp8_w10DfFUf_mqVPMfu4Y0h2lo41Dh4tl2eNeQ.jpg
08-04 00:44:31.751 31233 31257 I art     : Starting a blocking GC Explicit
08-04 00:44:31.752 31233  1946 D OK      : calling: https://v.redd.it/h49fg58ygjd51/DASHPlaylist.mpd
08-04 00:44:31.758 31233  1947 D OK      : calling: https://a.thumbs.redditmedia.com/KpcC72KH04Be3BqxmFbv_Gz7LCy-24GU-70or3KCdJ4.jpg
08-04 00:44:31.766 31233  1948 D OK      : calling: https://a.thumbs.redditmedia.com/cEOtajy3CAQrjwSA3hhSqnPx8bfkRzglo7Lz1SBTmE0.jpg
08-04 00:44:31.768 31233  1949 D OK      : calling: https://v.redd.it/1ewzkieg0jd51/DASHPlaylist.mpd
08-04 00:44:31.776 31233  1950 D OK      : calling: https://b.thumbs.redditmedia.com/RrJbRRjFZWmckrONtkPTloJh52FfqD_XkLMuYuuQvAg.jpg
08-04 00:44:31.781 31233  1951 D OK      : calling: https://v.redd.it/ppmhu2r9thd51/DASHPlaylist.mpd
08-04 00:44:31.785 31233  1952 D OK      : calling: https://b.thumbs.redditmedia.com/chqK3f9u3D7UmfrGP85f4sOQFihMk6q7fFSeMyWs_7E.jpg
08-04 00:44:31.789 31233  1953 D OK      : calling: https://b.thumbs.redditmedia.com/B18Vu5Jw71XCkFOFHimnUC42ya8apHsmcCW-HFmtb6w.jpg
08-04 00:44:31.789 31233  1954 D OK      : calling: https://b.thumbs.redditmedia.com/iZuzjufMpYUYtQRLjRwce4RDb6JYsId95_iezR2Uc0w.jpg
08-04 00:44:31.792 31233  1955 D OK      : calling: https://v.redd.it/s9qqadf3mid51/DASHPlaylist.mpd
08-04 00:44:31.796 31233  1956 D OK      : calling: https://v.redd.it/b8vazlcb7ld51/DASHPlaylist.mpd
08-04 00:44:31.799 31233  1957 D OK      : calling: https://b.thumbs.redditmedia.com/XNb1kfskabGDLMqv661Q22hBtCb8w5oyePDcFaZi9aY.jpg
08-04 00:44:31.803 31233  1958 D OK      : calling: https://v.redd.it/ty24o02m1hd51/DASHPlaylist.mpd
08-04 00:44:31.804 31233  1959 D OK      : calling: https://b.thumbs.redditmedia.com/lMqJbh1Z40ffemA0TnSfVnovznn4hvJNue60AsJ-ETs.jpg
08-04 00:44:31.812 31233 31257 I art     : Explicit concurrent mark sweep GC freed 12992(580KB) AllocSpace objects, 0(0B) LOS objects, 33% free, 31MB/47MB, paused 3.920ms total 60.505ms
08-04 00:44:31.819 31233  1960 D OK      : calling: https://b.thumbs.redditmedia.com/x5l4cICw0WNNvslt5FqVjwj89XrGjrXnNbaSyQRAyCo.jpg
08-04 00:44:31.822 31233  1961 D OK      : calling: https://b.thumbs.redditmedia.com/189nmwjW7eGWBD0J-cxzsUac1V1ZWGzMFC66inY4u4Y.jpg
08-04 00:44:31.824 31233  1962 D OK      : calling: https://v.redd.it/ar5k8892pid51/DASHPlaylist.mpd
08-04 00:44:31.837 31233  1963 D OK      : calling: https://b.thumbs.redditmedia.com/d_-UsfmKASoIHi4vZyyjvvwFtm1S7-DEi9AQPOnGIgY.jpg
08-04 00:44:31.946 31233 31233 W RecyclerView: Cannot call this method in a scroll callback. Scroll callbacks mightbe run during a measure & layout pass where you cannot change theRecyclerView data. Any method call that might change the structureof the RecyclerView or the adapter contents should be postponed tothe next frame.
08-04 00:44:31.946 31233 31233 W RecyclerView: java.lang.IllegalStateException:  androidx.recyclerview.widget.RecyclerView{7deba40 VFED..... .F....ID 0,0-1440,2140 #7f0900ef app:id/scrollbar_recyclerview_recyclerview}, adapter:baseline.org.quantumbadger.redreader.adapters.GroupedRecyclerViewAdapter@414fd79, layout:androidx.recyclerview.widget.LinearLayoutManager@6c0fabe, context:baseline.org.quantumbadger.redreader.activities.PostListingActivity@a9a7945
08-04 00:44:31.946 31233 31233 W RecyclerView: 	at androidx.recyclerview.widget.RecyclerView.assertNotInLayoutOrScroll(RecyclerView.java:3061)
08-04 00:44:31.946 31233 31233 W RecyclerView: 	at androidx.recyclerview.widget.RecyclerView$RecyclerViewDataObserver.onItemRangeInserted(RecyclerView.java:5555)
08-04 00:44:31.946 31233 31233 W RecyclerView: 	at androidx.recyclerview.widget.RecyclerView$AdapterDataObservable.notifyItemRangeInserted(RecyclerView.java:12278)
08-04 00:44:31.946 31233 31233 W RecyclerView: 	at androidx.recyclerview.widget.RecyclerView$Adapter.notifyItemInserted(RecyclerView.java:7464)
08-04 00:44:31.946 31233 31233 W RecyclerView: 	at baseline.org.quantumbadger.redreader.adapters.GroupedRecyclerViewAdapter.updateHiddenStatus(GroupedRecyclerViewAdapter.java:279)
08-04 00:44:31.946 31233 31233 W RecyclerView: 	at baseline.org.quantumbadger.redreader.adapters.RedditListingManager.setLoadingVisible(RedditListingManager.java:125)
08-04 00:44:31.946 31233 31233 W RecyclerView: 	at baseline.org.quantumbadger.redreader.fragments.PostListingFragment.onLoadMoreItemsCheck(PostListingFragment.java:465)
08-04 00:44:31.946 31233 31233 W RecyclerView: 	at baseline.org.quantumbadger.redreader.fragments.PostListingFragment.access$000(PostListingFragment.java:98)
08-04 00:44:31.946 31233 31233 W RecyclerView: 	at baseline.org.quantumbadger.redreader.fragments.PostListingFragment$2.onScrolled(PostListingFragment.java:215)
08-04 00:44:31.946 31233 31233 W RecyclerView: 	at androidx.recyclerview.widget.RecyclerView.dispatchOnScrolled(RecyclerView.java:5173)
08-04 00:44:31.946 31233 31233 W RecyclerView: 	at androidx.recyclerview.widget.RecyclerView.dispatchLayoutStep3(RecyclerView.java:4231)
08-04 00:44:31.946 31233 31233 W RecyclerView: 	at androidx.recyclerview.widget.RecyclerView.dispatchLayout(RecyclerView.java:3862)
08-04 00:44:31.946 31233 31233 W RecyclerView: 	at androidx.recyclerview.widget.RecyclerView.consumePendingUpdateOperations(RecyclerView.java:1897)
08-04 00:44:31.946 31233 31233 W RecyclerView: 	at androidx.recyclerview.widget.RecyclerView$1.run(RecyclerView.java:414)
08-04 00:44:31.946 31233 31233 W RecyclerView: 	at android.view.Choreographer$CallbackRecord.run(Choreographer.java:858)
08-04 00:44:31.946 31233 31233 W RecyclerView: 	at android.view.Choreographer.doCallbacks(Choreographer.java:670)
08-04 00:44:31.946 31233 31233 W RecyclerView: 	at android.view.Choreographer.doFrame(Choreographer.java:603)
08-04 00:44:31.946 31233 31233 W RecyclerView: 	at android.view.Choreographer$FrameDisplayEventReceiver.run(Choreographer.java:844)
08-04 00:44:31.946 31233 31233 W RecyclerView: 	at android.os.Handler.handleCallback(Handler.java:739)
08-04 00:44:31.946 31233 31233 W RecyclerView: 	at android.os.Handler.dispatchMessage(Handler.java:95)
08-04 00:44:31.946 31233 31233 W RecyclerView: 	at android.os.Looper.loop(Looper.java:148)
08-04 00:44:31.946 31233 31233 W RecyclerView: 	at android.app.ActivityThread.main(ActivityThread.java:5417)
08-04 00:44:31.946 31233 31233 W RecyclerView: 	at java.lang.reflect.Method.invoke(Native Method)
08-04 00:44:31.946 31233 31233 W RecyclerView: 	at com.android.internal.os.ZygoteInit$MethodAndArgsCaller.run(ZygoteInit.java:726)
08-04 00:44:31.946 31233 31233 W RecyclerView: 	at com.android.internal.os.ZygoteInit.main(ZygoteInit.java:616)
08-04 00:44:32.136 31233 31540 I art     : Starting a blocking GC Explicit
08-04 00:44:32.223 31233 31540 I art     : Explicit concurrent mark sweep GC freed 62671(3MB) AllocSpace objects, 3(156KB) LOS objects, 34% free, 30MB/46MB, paused 3.290ms total 86.955ms
08-04 00:44:32.242 31233 31540 I art     : Starting a blocking GC Explicit
08-04 00:44:32.263 31233  1926 I NAPPA_EXPERIMENTATION: MetricNetworkRequestExecutionTime: REQUEST_DURATION_SYSTEM='591',REQUEST_DURATION_OKHTTP='259',REQUEST_SYNCHRONOUS='TRUE',RESPONSE_CODE='200',RESPONSE_METHOD='GET',RESPONSE_LENGTH_OKHTTP='4487',RESPONSE_LENGTH_HEADER='4487',REQUEST_PROTOCOL='h2',REQUEST_URL='https://a.thumbs.redditmedia.com/sKVnLbatvJCZOE2ooe6CgiEftOB3ukgPMdcydbk9CZ4.jpg',
08-04 00:44:32.263 31233  1926 D OK      : request got status: 200
08-04 00:44:32.295 31233 31540 I art     : Explicit concurrent mark sweep GC freed 8247(568KB) AllocSpace objects, 0(0B) LOS objects, 34% free, 30MB/46MB, paused 2.631ms total 53.655ms
08-04 00:44:32.314 31233 31540 I art     : Starting a blocking GC Explicit
08-04 00:44:32.371 31233 31540 I art     : Explicit concurrent mark sweep GC freed 8604(412KB) AllocSpace objects, 5(408KB) LOS objects, 34% free, 30MB/46MB, paused 2.813ms total 56.312ms
08-04 00:44:32.374 31233  1928 I NAPPA_EXPERIMENTATION: MetricNetworkRequestExecutionTime: REQUEST_DURATION_SYSTEM='689',REQUEST_DURATION_OKHTTP='302',REQUEST_SYNCHRONOUS='TRUE',RESPONSE_CODE='200',RESPONSE_METHOD='GET',RESPONSE_LENGTH_OKHTTP='6530',RESPONSE_LENGTH_HEADER='6530',REQUEST_PROTOCOL='h2',REQUEST_URL='https://a.thumbs.redditmedia.com/dFt2-stQJkfZ8O7r7ywG9GQsF08fZXxEJfQtAmiJ-F8.jpg',
08-04 00:44:32.374 31233  1928 D OK      : request got status: 200
08-04 00:44:32.389 31233 31540 I art     : Starting a blocking GC Explicit
08-04 00:44:32.443 31233 31540 I art     : Explicit concurrent mark sweep GC freed 6537(359KB) AllocSpace objects, 1(68KB) LOS objects, 34% free, 30MB/46MB, paused 2.355ms total 53.387ms
08-04 00:44:32.463 31233 31540 I art     : Starting a blocking GC Explicit
08-04 00:44:32.470 31233  1929 I NAPPA_EXPERIMENTATION: MetricNetworkRequestExecutionTime: REQUEST_DURATION_SYSTEM='784',REQUEST_DURATION_OKHTTP='382',REQUEST_SYNCHRONOUS='TRUE',RESPONSE_CODE='200',RESPONSE_METHOD='GET',RESPONSE_LENGTH_OKHTTP='5113',RESPONSE_LENGTH_HEADER='5113',REQUEST_PROTOCOL='h2',REQUEST_URL='https://b.thumbs.redditmedia.com/1cAaKl6LkrikiRbLsBzzOvufKqRKuPi3wgjUkX8axkI.jpg',
08-04 00:44:32.470 31233  1929 D OK      : request got status: 200
08-04 00:44:32.519 31233 31540 I art     : Explicit concurrent mark sweep GC freed 10361(505KB) AllocSpace objects, 4(188KB) LOS objects, 34% free, 30MB/46MB, paused 2.469ms total 55.491ms
08-04 00:44:32.586 31233  2012 D OK      : calling: https://oauth.reddit.com/r/aww/hot/.json?after=t3_hz5odc
08-04 00:44:32.638 31233  1947 I NAPPA_EXPERIMENTATION: MetricNetworkRequestExecutionTime: REQUEST_DURATION_SYSTEM='879',REQUEST_DURATION_OKHTTP='408',REQUEST_SYNCHRONOUS='TRUE',RESPONSE_CODE='200',RESPONSE_METHOD='GET',RESPONSE_LENGTH_OKHTTP='4798',RESPONSE_LENGTH_HEADER='4798',REQUEST_PROTOCOL='h2',REQUEST_URL='https://a.thumbs.redditmedia.com/KpcC72KH04Be3BqxmFbv_Gz7LCy-24GU-70or3KCdJ4.jpg',
08-04 00:44:32.638 31233  1947 D OK      : request got status: 200
08-04 00:44:32.687 31233  1925 I NAPPA_EXPERIMENTATION: MetricNetworkRequestExecutionTime: REQUEST_DURATION_SYSTEM='1026',REQUEST_DURATION_OKHTTP='587',REQUEST_SYNCHRONOUS='TRUE',RESPONSE_CODE='200',RESPONSE_METHOD='GET',RESPONSE_LENGTH_OKHTTP='3891',RESPONSE_LENGTH_HEADER='3891',REQUEST_PROTOCOL='h2',REQUEST_URL='https://b.thumbs.redditmedia.com/CKInrczASoQbNvSBStGz11Tok0uCyQoxmZ02sOE37sQ.jpg',
08-04 00:44:32.687 31233  1925 D OK      : request got status: 200
08-04 00:44:32.776 31233  1931 I NAPPA_EXPERIMENTATION: MetricNetworkRequestExecutionTime: REQUEST_DURATION_SYSTEM='1086',REQUEST_DURATION_OKHTTP='665',REQUEST_SYNCHRONOUS='TRUE',RESPONSE_CODE='200',RESPONSE_METHOD='GET',RESPONSE_LENGTH_OKHTTP='6242',RESPONSE_LENGTH_HEADER='6242',REQUEST_PROTOCOL='h2',REQUEST_URL='https://b.thumbs.redditmedia.com/NUqJWcobH7ToYhCM0w6nnAFZ46ymm9vPD25BC3s7Wco.jpg',
08-04 00:44:32.777 31233  1931 D OK      : request got status: 200
08-04 00:44:32.802 31233  1935 I NAPPA_EXPERIMENTATION: MetricNetworkRequestExecutionTime: REQUEST_DURATION_SYSTEM='1088',REQUEST_DURATION_OKHTTP='653',REQUEST_SYNCHRONOUS='TRUE',RESPONSE_CODE='200',RESPONSE_METHOD='GET',RESPONSE_LENGTH_OKHTTP='6434',RESPONSE_LENGTH_HEADER='6434',REQUEST_PROTOCOL='h2',REQUEST_URL='https://b.thumbs.redditmedia.com/_H8tFMmL5-3GrxYkCtMSHiyNfjbX8pxctOw_vrzyw7o.jpg',
08-04 00:44:32.802 31233  1935 D OK      : request got status: 200
08-04 00:44:32.809 31233  1930 I NAPPA_EXPERIMENTATION: MetricNetworkRequestExecutionTime: REQUEST_DURATION_SYSTEM='1120',REQUEST_DURATION_OKHTTP='630',REQUEST_SYNCHRONOUS='TRUE',RESPONSE_CODE='200',RESPONSE_METHOD='GET',RESPONSE_LENGTH_OKHTTP='-1',RESPONSE_LENGTH_HEADER='379',REQUEST_PROTOCOL='h2',REQUEST_URL='https://api.imgur.com/3/image/NSO7Npm',
08-04 00:44:32.809 31233  1930 D OK      : request got status: 200
08-04 00:44:32.814 31233  1937 I NAPPA_EXPERIMENTATION: MetricNetworkRequestExecutionTime: REQUEST_DURATION_SYSTEM='1095',REQUEST_DURATION_OKHTTP='699',REQUEST_SYNCHRONOUS='TRUE',RESPONSE_CODE='200',RESPONSE_METHOD='GET',RESPONSE_LENGTH_OKHTTP='7265',RESPONSE_LENGTH_HEADER='7265',REQUEST_PROTOCOL='h2',REQUEST_URL='https://b.thumbs.redditmedia.com/N6fiqTp8nJD2l7sUz4nij7j1yHYMTKaflUIrn8E2bAU.jpg',
08-04 00:44:32.814 31233  1937 D OK      : request got status: 200
08-04 00:44:32.827 31233  1932 I NAPPA_EXPERIMENTATION: MetricNetworkRequestExecutionTime: REQUEST_DURATION_SYSTEM='1134',REQUEST_DURATION_OKHTTP='612',REQUEST_SYNCHRONOUS='TRUE',RESPONSE_CODE='200',RESPONSE_METHOD='GET',RESPONSE_LENGTH_OKHTTP='2700',RESPONSE_LENGTH_HEADER='2700',REQUEST_PROTOCOL='h2',REQUEST_URL='https://v.redd.it/fkewv2f65kd51/DASHPlaylist.mpd',
08-04 00:44:32.827 31233  1932 D OK      : request got status: 200
08-04 00:44:32.862 31233  1942 I NAPPA_EXPERIMENTATION: MetricNetworkRequestExecutionTime: REQUEST_DURATION_SYSTEM='1122',REQUEST_DURATION_OKHTTP='613',REQUEST_SYNCHRONOUS='TRUE',RESPONSE_CODE='200',RESPONSE_METHOD='GET',RESPONSE_LENGTH_OKHTTP='1713',RESPONSE_LENGTH_HEADER='1713',REQUEST_PROTOCOL='h2',REQUEST_URL='https://v.redd.it/ak6rer1hskd51/DASHPlaylist.mpd',
08-04 00:44:32.863 31233  1942 D OK      : request got status: 200
08-04 00:44:32.865 31233 31540 I art     : Starting a blocking GC Explicit
08-04 00:44:32.873 31233  1932 I RedditVideosAPI: For 'https://v.redd.it/fkewv2f65kd51/DASHPlaylist.mpd', got video stream 'https://v.redd.it/fkewv2f65kd51/DASH_480' and audio stream 'https://v.redd.it/fkewv2f65kd51/audio'
08-04 00:44:32.880 31233  1936 I NAPPA_EXPERIMENTATION: MetricNetworkRequestExecutionTime: REQUEST_DURATION_SYSTEM='1165',REQUEST_DURATION_OKHTTP='720',REQUEST_SYNCHRONOUS='TRUE',RESPONSE_CODE='200',RESPONSE_METHOD='GET',RESPONSE_LENGTH_OKHTTP='6634',RESPONSE_LENGTH_HEADER='6634',REQUEST_PROTOCOL='h2',REQUEST_URL='https://b.thumbs.redditmedia.com/JTSWFy2_tijPk6cA5noKDydEAMkMJcDmKQTSX178zwc.jpg',
08-04 00:44:32.880 31233  1936 D OK      : request got status: 200
08-04 00:44:32.916 31233  1934 I NAPPA_EXPERIMENTATION: MetricNetworkRequestExecutionTime: REQUEST_DURATION_SYSTEM='1207',REQUEST_DURATION_OKHTTP='750',REQUEST_SYNCHRONOUS='TRUE',RESPONSE_CODE='200',RESPONSE_METHOD='GET',RESPONSE_LENGTH_OKHTTP='5439',RESPONSE_LENGTH_HEADER='5439',REQUEST_PROTOCOL='h2',REQUEST_URL='https://b.thumbs.redditmedia.com/tTmEfIrujbsvZXbhNSQS6Pc7o7ShCaGqZHbYf7nWdfg.jpg',
08-04 00:44:32.916 31233  1934 D OK      : request got status: 200
08-04 00:44:32.924 31233 31540 I art     : Explicit concurrent mark sweep GC freed 19213(1308KB) AllocSpace objects, 33(2024KB) LOS objects, 33% free, 32MB/48MB, paused 2.075ms total 59.116ms
08-04 00:44:32.926 31233  1938 I NAPPA_EXPERIMENTATION: MetricNetworkRequestExecutionTime: REQUEST_DURATION_SYSTEM='1199',REQUEST_DURATION_OKHTTP='749',REQUEST_SYNCHRONOUS='TRUE',RESPONSE_CODE='200',RESPONSE_METHOD='GET',RESPONSE_LENGTH_OKHTTP='8699',RESPONSE_LENGTH_HEADER='8699',REQUEST_PROTOCOL='h2',REQUEST_URL='https://b.thumbs.redditmedia.com/HkEQtny0bE4H3dMCd_woPsLAXBoPwp_DZ4ioFNIQLKk.jpg',
08-04 00:44:32.926 31233  1938 D OK      : request got status: 200
08-04 00:44:32.932 31233  1948 I NAPPA_EXPERIMENTATION: MetricNetworkRequestExecutionTime: REQUEST_DURATION_SYSTEM='1166',REQUEST_DURATION_OKHTTP='556',REQUEST_SYNCHRONOUS='TRUE',RESPONSE_CODE='200',RESPONSE_METHOD='GET',RESPONSE_LENGTH_OKHTTP='5648',RESPONSE_LENGTH_HEADER='5648',REQUEST_PROTOCOL='h2',REQUEST_URL='https://a.thumbs.redditmedia.com/cEOtajy3CAQrjwSA3hhSqnPx8bfkRzglo7Lz1SBTmE0.jpg',
08-04 00:44:32.932 31233  1948 D OK      : request got status: 200
08-04 00:44:32.939 31233  1941 I NAPPA_EXPERIMENTATION: MetricNetworkRequestExecutionTime: REQUEST_DURATION_SYSTEM='1202',REQUEST_DURATION_OKHTTP='744',REQUEST_SYNCHRONOUS='TRUE',RESPONSE_CODE='200',RESPONSE_METHOD='GET',RESPONSE_LENGTH_OKHTTP='6093',RESPONSE_LENGTH_HEADER='6093',REQUEST_PROTOCOL='h2',REQUEST_URL='https://b.thumbs.redditmedia.com/lQKqDneXS8E7ZBD9cUQy4OqOt8PuTneSvVFtnU0pwCE.jpg',
08-04 00:44:32.939 31233  1941 D OK      : request got status: 200
08-04 00:44:32.944 31233 31540 I art     : Starting a blocking GC Explicit
08-04 00:44:32.970 31233  1949 I NAPPA_EXPERIMENTATION: MetricNetworkRequestExecutionTime: REQUEST_DURATION_SYSTEM='1200',REQUEST_DURATION_OKHTTP='635',REQUEST_SYNCHRONOUS='TRUE',RESPONSE_CODE='200',RESPONSE_METHOD='GET',RESPONSE_LENGTH_OKHTTP='3058',RESPONSE_LENGTH_HEADER='3058',REQUEST_PROTOCOL='h2',REQUEST_URL='https://v.redd.it/1ewzkieg0jd51/DASHPlaylist.mpd',
08-04 00:44:32.970 31233  1949 D OK      : request got status: 200
08-04 00:44:32.974 31233  1942 I RedditVideosAPI: For 'https://v.redd.it/ak6rer1hskd51/DASHPlaylist.mpd', got video stream 'https://v.redd.it/ak6rer1hskd51/DASH_360' and audio stream 'null'
08-04 00:44:32.995 31233 31540 I art     : Explicit concurrent mark sweep GC freed 2843(277KB) AllocSpace objects, 16(1004KB) LOS objects, 33% free, 32MB/48MB, paused 1.942ms total 50.597ms
08-04 00:44:33.001 31233  1933 I NAPPA_EXPERIMENTATION: MetricNetworkRequestExecutionTime: REQUEST_DURATION_SYSTEM='1296',REQUEST_DURATION_OKHTTP='805',REQUEST_SYNCHRONOUS='TRUE',RESPONSE_CODE='200',RESPONSE_METHOD='GET',RESPONSE_LENGTH_OKHTTP='6131',RESPONSE_LENGTH_HEADER='6131',REQUEST_PROTOCOL='h2',REQUEST_URL='https://b.thumbs.redditmedia.com/bUY4al781EZ3q7hUlnLebemHCXE3e63_SSxl2uo4Q4A.jpg',
08-04 00:44:33.001 31233  1933 D OK      : request got status: 200
08-04 00:44:33.011 31233  1940 I NAPPA_EXPERIMENTATION: MetricNetworkRequestExecutionTime: REQUEST_DURATION_SYSTEM='1276',REQUEST_DURATION_OKHTTP='806',REQUEST_SYNCHRONOUS='TRUE',RESPONSE_CODE='200',RESPONSE_METHOD='GET',RESPONSE_LENGTH_OKHTTP='4018',RESPONSE_LENGTH_HEADER='4018',REQUEST_PROTOCOL='h2',REQUEST_URL='https://b.thumbs.redditmedia.com/lVNra-iScxkYcYtSstJ-7J7pRAUDRXIwwJhsen1ZK9g.jpg',
08-04 00:44:33.011 31233  1940 D OK      : request got status: 200
08-04 00:44:33.014 31233 31540 I art     : Starting a blocking GC Explicit
08-04 00:44:33.018 31233  1946 I NAPPA_EXPERIMENTATION: MetricNetworkRequestExecutionTime: REQUEST_DURATION_SYSTEM='1266',REQUEST_DURATION_OKHTTP='677',REQUEST_SYNCHRONOUS='TRUE',RESPONSE_CODE='200',RESPONSE_METHOD='GET',RESPONSE_LENGTH_OKHTTP='2429',RESPONSE_LENGTH_HEADER='2429',REQUEST_PROTOCOL='h2',REQUEST_URL='https://v.redd.it/h49fg58ygjd51/DASHPlaylist.mpd',
08-04 00:44:33.018 31233  1946 D OK      : request got status: 200
08-04 00:44:33.036 31233  1949 I RedditVideosAPI: For 'https://v.redd.it/1ewzkieg0jd51/DASHPlaylist.mpd', got video stream 'https://v.redd.it/1ewzkieg0jd51/DASH_480' and audio stream 'https://v.redd.it/1ewzkieg0jd51/audio'
08-04 00:44:33.039 31233  1945 I NAPPA_EXPERIMENTATION: MetricNetworkRequestExecutionTime: REQUEST_DURATION_SYSTEM='1289',REQUEST_DURATION_OKHTTP='828',REQUEST_SYNCHRONOUS='TRUE',RESPONSE_CODE='200',RESPONSE_METHOD='GET',RESPONSE_LENGTH_OKHTTP='5207',RESPONSE_LENGTH_HEADER='5207',REQUEST_PROTOCOL='h2',REQUEST_URL='https://b.thumbs.redditmedia.com/Bx9FZp8_w10DfFUf_mqVPMfu4Y0h2lo41Dh4tl2eNeQ.jpg',
08-04 00:44:33.039 31233  1945 D OK      : request got status: 200
08-04 00:44:33.051 31233  1939 I NAPPA_EXPERIMENTATION: MetricNetworkRequestExecutionTime: REQUEST_DURATION_SYSTEM='1322',REQUEST_DURATION_OKHTTP='592',REQUEST_SYNCHRONOUS='TRUE',RESPONSE_CODE='200',RESPONSE_METHOD='GET',RESPONSE_LENGTH_OKHTTP='-1',RESPONSE_LENGTH_HEADER='955',REQUEST_PROTOCOL='http/1.1',REQUEST_URL='https://api.gfycat.com/v1/gfycats/altruisticthankfulankolewatusi',
08-04 00:44:33.051 31233  1939 D OK      : request got status: 200
08-04 00:44:33.063 31233  1927 I NAPPA_EXPERIMENTATION: MetricNetworkRequestExecutionTime: REQUEST_DURATION_SYSTEM='1379',REQUEST_DURATION_OKHTTP='648',REQUEST_SYNCHRONOUS='TRUE',RESPONSE_CODE='200',RESPONSE_METHOD='GET',RESPONSE_LENGTH_OKHTTP='-1',RESPONSE_LENGTH_HEADER='812',REQUEST_PROTOCOL='http/1.1',REQUEST_URL='https://api.gfycat.com/v1/gfycats/deadlygravecavy',
08-04 00:44:33.063 31233  1927 D OK      : request got status: 200
08-04 00:44:33.064 31233  1955 I NAPPA_EXPERIMENTATION: MetricNetworkRequestExecutionTime: REQUEST_DURATION_SYSTEM='1272',REQUEST_DURATION_OKHTTP='665',REQUEST_SYNCHRONOUS='TRUE',RESPONSE_CODE='200',RESPONSE_METHOD='GET',RESPONSE_LENGTH_OKHTTP='2698',RESPONSE_LENGTH_HEADER='2698',REQUEST_PROTOCOL='h2',REQUEST_URL='https://v.redd.it/s9qqadf3mid51/DASHPlaylist.mpd',
08-04 00:44:33.064 31233  1955 D OK      : request got status: 200
08-04 00:44:33.065 31233 31540 I art     : Explicit concurrent mark sweep GC freed 1861(231KB) AllocSpace objects, 16(872KB) LOS objects, 32% free, 33MB/49MB, paused 2.105ms total 50.785ms
08-04 00:44:33.077 31233  1943 I NAPPA_EXPERIMENTATION: MetricNetworkRequestExecutionTime: REQUEST_DURATION_SYSTEM='1331',REQUEST_DURATION_OKHTTP='860',REQUEST_SYNCHRONOUS='TRUE',RESPONSE_CODE='200',RESPONSE_METHOD='GET',RESPONSE_LENGTH_OKHTTP='7078',RESPONSE_LENGTH_HEADER='7078',REQUEST_PROTOCOL='h2',REQUEST_URL='https://b.thumbs.redditmedia.com/X3yyAViE0gxiHR-kf9Z5xmLa8dKsm8iWJyKdWNVtOhU.jpg',
08-04 00:44:33.078 31233  1943 D OK      : request got status: 200
08-04 00:44:33.083 31233 31540 I art     : Starting a blocking GC Explicit
08-04 00:44:33.087 31233  1951 I NAPPA_EXPERIMENTATION: MetricNetworkRequestExecutionTime: REQUEST_DURATION_SYSTEM='1306',REQUEST_DURATION_OKHTTP='629',REQUEST_SYNCHRONOUS='TRUE',RESPONSE_CODE='200',RESPONSE_METHOD='GET',RESPONSE_LENGTH_OKHTTP='2787',RESPONSE_LENGTH_HEADER='2787',REQUEST_PROTOCOL='h2',REQUEST_URL='https://v.redd.it/ppmhu2r9thd51/DASHPlaylist.mpd',
08-04 00:44:33.087 31233  1951 D OK      : request got status: 200
08-04 00:44:33.096 31233  1956 I NAPPA_EXPERIMENTATION: MetricNetworkRequestExecutionTime: REQUEST_DURATION_SYSTEM='1300',REQUEST_DURATION_OKHTTP='617',REQUEST_SYNCHRONOUS='TRUE',RESPONSE_CODE='200',RESPONSE_METHOD='GET',RESPONSE_LENGTH_OKHTTP='3060',RESPONSE_LENGTH_HEADER='3060',REQUEST_PROTOCOL='h2',REQUEST_URL='https://v.redd.it/b8vazlcb7ld51/DASHPlaylist.mpd',
08-04 00:44:33.096 31233  1956 D OK      : request got status: 200
08-04 00:44:33.124 31233  1958 I NAPPA_EXPERIMENTATION: MetricNetworkRequestExecutionTime: REQUEST_DURATION_SYSTEM='1321',REQUEST_DURATION_OKHTTP='543',REQUEST_SYNCHRONOUS='TRUE',RESPONSE_CODE='200',RESPONSE_METHOD='GET',RESPONSE_LENGTH_OKHTTP='2071',RESPONSE_LENGTH_HEADER='2071',REQUEST_PROTOCOL='h2',REQUEST_URL='https://v.redd.it/ty24o02m1hd51/DASHPlaylist.mpd',
08-04 00:44:33.124 31233  1958 D OK      : request got status: 200
08-04 00:44:33.128 31233  1950 I NAPPA_EXPERIMENTATION: MetricNetworkRequestExecutionTime: REQUEST_DURATION_SYSTEM='1352',REQUEST_DURATION_OKHTTP='846',REQUEST_SYNCHRONOUS='TRUE',RESPONSE_CODE='200',RESPONSE_METHOD='GET',RESPONSE_LENGTH_OKHTTP='5229',RESPONSE_LENGTH_HEADER='5229',REQUEST_PROTOCOL='h2',REQUEST_URL='https://b.thumbs.redditmedia.com/RrJbRRjFZWmckrONtkPTloJh52FfqD_XkLMuYuuQvAg.jpg',
08-04 00:44:33.128 31233  1950 D OK      : request got status: 200
08-04 00:44:33.133 31233 31540 I art     : Explicit concurrent mark sweep GC freed 1930(230KB) AllocSpace objects, 18(1188KB) LOS objects, 32% free, 33MB/49MB, paused 1.515ms total 49.642ms
08-04 00:44:33.141 31233  1952 I NAPPA_EXPERIMENTATION: MetricNetworkRequestExecutionTime: REQUEST_DURATION_SYSTEM='1355',REQUEST_DURATION_OKHTTP='789',REQUEST_SYNCHRONOUS='TRUE',RESPONSE_CODE='200',RESPONSE_METHOD='GET',RESPONSE_LENGTH_OKHTTP='6163',RESPONSE_LENGTH_HEADER='6163',REQUEST_PROTOCOL='h2',REQUEST_URL='https://b.thumbs.redditmedia.com/chqK3f9u3D7UmfrGP85f4sOQFihMk6q7fFSeMyWs_7E.jpg',
08-04 00:44:33.141 31233  1952 D OK      : request got status: 200
08-04 00:44:33.143 31233  2012 I NAPPA_EXPERIMENTATION: MetricNetworkRequestExecutionTime: REQUEST_DURATION_SYSTEM='557',REQUEST_DURATION_OKHTTP='547',REQUEST_SYNCHRONOUS='TRUE',RESPONSE_CODE='200',RESPONSE_METHOD='GET',RESPONSE_LENGTH_OKHTTP='-1',RESPONSE_LENGTH_HEADER='30610',REQUEST_PROTOCOL='h2',REQUEST_URL='https://oauth.reddit.com/r/aww/hot/.json?after=t3_hz5odc',
08-04 00:44:33.145 31233  1946 I RedditVideosAPI: For 'https://v.redd.it/h49fg58ygjd51/DASHPlaylist.mpd', got video stream 'https://v.redd.it/h49fg58ygjd51/DASH_480' and audio stream 'null'
08-04 00:44:33.145 31233  2012 D OK      : request got status: 200
08-04 00:44:33.145 31233  1959 I NAPPA_EXPERIMENTATION: MetricNetworkRequestExecutionTime: REQUEST_DURATION_SYSTEM='1341',REQUEST_DURATION_OKHTTP='746',REQUEST_SYNCHRONOUS='TRUE',RESPONSE_CODE='200',RESPONSE_METHOD='GET',RESPONSE_LENGTH_OKHTTP='4249',RESPONSE_LENGTH_HEADER='4249',REQUEST_PROTOCOL='h2',REQUEST_URL='https://b.thumbs.redditmedia.com/lMqJbh1Z40ffemA0TnSfVnovznn4hvJNue60AsJ-ETs.jpg',
08-04 00:44:33.145 31233  1959 D OK      : request got status: 200
08-04 00:44:33.148 31233  1953 I NAPPA_EXPERIMENTATION: MetricNetworkRequestExecutionTime: REQUEST_DURATION_SYSTEM='1359',REQUEST_DURATION_OKHTTP='665',REQUEST_SYNCHRONOUS='TRUE',RESPONSE_CODE='200',RESPONSE_METHOD='GET',RESPONSE_LENGTH_OKHTTP='8835',RESPONSE_LENGTH_HEADER='8835',REQUEST_PROTOCOL='h2',REQUEST_URL='https://b.thumbs.redditmedia.com/B18Vu5Jw71XCkFOFHimnUC42ya8apHsmcCW-HFmtb6w.jpg',
08-04 00:44:33.148 31233  1953 D OK      : request got status: 200
08-04 00:44:33.152 31233 31540 I art     : Starting a blocking GC Explicit
08-04 00:44:33.155 31233 31805 I PostListingFragment: Precaching images: OFF
08-04 00:44:33.155 31233 31805 I PostListingFragment: Precaching comments: OFF
08-04 00:44:33.164 31233  1954 I NAPPA_EXPERIMENTATION: MetricNetworkRequestExecutionTime: REQUEST_DURATION_SYSTEM='1374',REQUEST_DURATION_OKHTTP='644',REQUEST_SYNCHRONOUS='TRUE',RESPONSE_CODE='200',RESPONSE_METHOD='GET',RESPONSE_LENGTH_OKHTTP='2861',RESPONSE_LENGTH_HEADER='2861',REQUEST_PROTOCOL='h2',REQUEST_URL='https://b.thumbs.redditmedia.com/iZuzjufMpYUYtQRLjRwce4RDb6JYsId95_iezR2Uc0w.jpg',
08-04 00:44:33.164 31233  1954 D OK      : request got status: 200
08-04 00:44:33.170 31233  1962 I NAPPA_EXPERIMENTATION: MetricNetworkRequestExecutionTime: REQUEST_DURATION_SYSTEM='1346',REQUEST_DURATION_OKHTTP='473',REQUEST_SYNCHRONOUS='TRUE',RESPONSE_CODE='200',RESPONSE_METHOD='GET',RESPONSE_LENGTH_OKHTTP='2342',RESPONSE_LENGTH_HEADER='2342',REQUEST_PROTOCOL='h2',REQUEST_URL='https://v.redd.it/ar5k8892pid51/DASHPlaylist.mpd',
08-04 00:44:33.170 31233  1962 D OK      : request got status: 200
08-04 00:44:33.177 31233  1960 I NAPPA_EXPERIMENTATION: MetricNetworkRequestExecutionTime: REQUEST_DURATION_SYSTEM='1358',REQUEST_DURATION_OKHTTP='648',REQUEST_SYNCHRONOUS='TRUE',RESPONSE_CODE='200',RESPONSE_METHOD='GET',RESPONSE_LENGTH_OKHTTP='6843',RESPONSE_LENGTH_HEADER='6843',REQUEST_PROTOCOL='h2',REQUEST_URL='https://b.thumbs.redditmedia.com/x5l4cICw0WNNvslt5FqVjwj89XrGjrXnNbaSyQRAyCo.jpg',
08-04 00:44:33.177 31233  1960 D OK      : request got status: 200
08-04 00:44:33.192 31233  1944 I NAPPA_EXPERIMENTATION: MetricNetworkRequestExecutionTime: REQUEST_DURATION_SYSTEM='1444',REQUEST_DURATION_OKHTTP='426',REQUEST_SYNCHRONOUS='TRUE',RESPONSE_CODE='200',RESPONSE_METHOD='GET',RESPONSE_LENGTH_OKHTTP='-1',RESPONSE_LENGTH_HEADER='1021',REQUEST_PROTOCOL='http/1.1',REQUEST_URL='https://api.gfycat.com/v1/gfycats/foolhardysparklinglarva',
08-04 00:44:33.192 31233  1944 D OK      : request got status: 200
08-04 00:44:33.203 31233  1957 I NAPPA_EXPERIMENTATION: MetricNetworkRequestExecutionTime: REQUEST_DURATION_SYSTEM='1403',REQUEST_DURATION_OKHTTP='629',REQUEST_SYNCHRONOUS='TRUE',RESPONSE_CODE='200',RESPONSE_METHOD='GET',RESPONSE_LENGTH_OKHTTP='4067',RESPONSE_LENGTH_HEADER='4067',REQUEST_PROTOCOL='h2',REQUEST_URL='https://b.thumbs.redditmedia.com/XNb1kfskabGDLMqv661Q22hBtCb8w5oyePDcFaZi9aY.jpg',
08-04 00:44:33.203 31233  1961 I NAPPA_EXPERIMENTATION: MetricNetworkRequestExecutionTime: REQUEST_DURATION_SYSTEM='1380',REQUEST_DURATION_OKHTTP='569',REQUEST_SYNCHRONOUS='TRUE',RESPONSE_CODE='200',RESPONSE_METHOD='GET',RESPONSE_LENGTH_OKHTTP='6778',RESPONSE_LENGTH_HEADER='6778',REQUEST_PROTOCOL='h2',REQUEST_URL='https://b.thumbs.redditmedia.com/189nmwjW7eGWBD0J-cxzsUac1V1ZWGzMFC66inY4u4Y.jpg',
08-04 00:44:33.203 31233  1957 D OK      : request got status: 200
08-04 00:44:33.203 31233  1961 D OK      : request got status: 200
08-04 00:44:33.204 31233  1963 I NAPPA_EXPERIMENTATION: MetricNetworkRequestExecutionTime: REQUEST_DURATION_SYSTEM='1367',REQUEST_DURATION_OKHTTP='642',REQUEST_SYNCHRONOUS='TRUE',RESPONSE_CODE='200',RESPONSE_METHOD='GET',RESPONSE_LENGTH_OKHTTP='6221',RESPONSE_LENGTH_HEADER='6221',REQUEST_PROTOCOL='h2',REQUEST_URL='https://b.thumbs.redditmedia.com/d_-UsfmKASoIHi4vZyyjvvwFtm1S7-DEi9AQPOnGIgY.jpg',
08-04 00:44:33.204 31233  1963 D OK      : request got status: 200
08-04 00:44:33.205 31233 31540 I art     : Explicit concurrent mark sweep GC freed 8247(540KB) AllocSpace objects, 12(780KB) LOS objects, 31% free, 34MB/50MB, paused 1.932ms total 53.097ms
08-04 00:44:33.239 31233 31805 I getImgurImageInfo: Image nLQR2hT: trying API v3 with auth
08-04 00:44:33.251 31233  1955 I RedditVideosAPI: For 'https://v.redd.it/s9qqadf3mid51/DASHPlaylist.mpd', got video stream 'https://v.redd.it/s9qqadf3mid51/DASH_480' and audio stream 'https://v.redd.it/s9qqadf3mid51/audio'
08-04 00:44:33.278 31233  2026 D OK      : calling: https://b.thumbs.redditmedia.com/WehZGjN94ALGdO0M7RjPJ2EwcyyWVZ_NUn1Fuf7IYWY.jpg
08-04 00:44:33.298 31233  1951 I RedditVideosAPI: For 'https://v.redd.it/ppmhu2r9thd51/DASHPlaylist.mpd', got video stream 'https://v.redd.it/ppmhu2r9thd51/DASH_480' and audio stream 'null'
08-04 00:44:33.388 31233  1956 I RedditVideosAPI: For 'https://v.redd.it/b8vazlcb7ld51/DASHPlaylist.mpd', got video stream 'https://v.redd.it/b8vazlcb7ld51/DASH_480' and audio stream 'https://v.redd.it/b8vazlcb7ld51/audio'
08-04 00:44:33.404 31233  1958 I RedditVideosAPI: For 'https://v.redd.it/ty24o02m1hd51/DASHPlaylist.mpd', got video stream 'https://v.redd.it/ty24o02m1hd51/DASH_480' and audio stream 'null'
08-04 00:44:33.439 31233  2039 D OK      : calling: https://b.thumbs.redditmedia.com/Xdo4lcQOwuUNK1yxSlXZ0OI8u23ORAr16_AzfAZ1nvU.jpg
08-04 00:44:33.452 31233  1962 I RedditVideosAPI: For 'https://v.redd.it/ar5k8892pid51/DASHPlaylist.mpd', got video stream 'https://v.redd.it/ar5k8892pid51/DASH_360' and audio stream 'https://v.redd.it/ar5k8892pid51/audio'
08-04 00:44:33.509 31233  2040 D OK      : calling: https://b.thumbs.redditmedia.com/2KMYZ5hTlKXSvNO4hDUPyMba8Yz6skyu1SjUhLq1d9s.jpg
08-04 00:44:33.511 31233  2041 D OK      : calling: https://a.thumbs.redditmedia.com/EFVm-ZqqhARyEaKgtwU74c7tfzEDJvI0uiHXGglFag4.jpg
08-04 00:44:33.514 31233  2042 D OK      : calling: https://b.thumbs.redditmedia.com/qi4bNDKzoPvaSaSx99K2bAjwaRHh1nuOrcbySp1JHdk.jpg
08-04 00:44:33.519 31233  2043 D OK      : calling: https://b.thumbs.redditmedia.com/Ja8yiRMklM2lXd8q60LtBI6CqdmJ5YbWHRiBVFmICJA.jpg
08-04 00:44:33.521 31233  2044 D OK      : calling: https://b.thumbs.redditmedia.com/o5lSsJ_tCgCQxcdjMGaYxuveNluXB1PQT4PokXDhpvc.jpg
08-04 00:44:33.525 31233  2045 D OK      : calling: https://b.thumbs.redditmedia.com/SiCWTmKkQcbiAa7naxAHnw0adTeRkq1dB8QSqzGU7-Q.jpg
08-04 00:44:33.526 31233  2026 I NAPPA_EXPERIMENTATION: MetricNetworkRequestExecutionTime: REQUEST_DURATION_SYSTEM='247',REQUEST_DURATION_OKHTTP='143',REQUEST_SYNCHRONOUS='TRUE',RESPONSE_CODE='200',RESPONSE_METHOD='GET',RESPONSE_LENGTH_OKHTTP='5435',RESPONSE_LENGTH_HEADER='5435',REQUEST_PROTOCOL='h2',REQUEST_URL='https://b.thumbs.redditmedia.com/WehZGjN94ALGdO0M7RjPJ2EwcyyWVZ_NUn1Fuf7IYWY.jpg',
08-04 00:44:33.526 31233  2026 D OK      : request got status: 200
08-04 00:44:33.529 31233  2046 D OK      : calling: https://b.thumbs.redditmedia.com/C9qrVibnNxmzfLDKvEHp2v2Bo-Kqme7PoKC52s2o52M.jpg
08-04 00:44:33.531 31233  2047 D OK      : calling: https://a.thumbs.redditmedia.com/Tfsm0ol-ltlxNSBAkZ_4G4302d0hYeOSODkvXidBBR8.jpg
08-04 00:44:33.533 31233  2048 D OK      : calling: https://a.thumbs.redditmedia.com/Kzag-wH9wKRRg2MnPwgoFgXT_2jN_nkJ1lY1aNRQyT4.jpg
08-04 00:44:33.536 31233  2049 D OK      : calling: https://a.thumbs.redditmedia.com/P4gSGpXpi2wDXthNZ-LiwEs5Jvplm6dQ7W7Isqa7un4.jpg
08-04 00:44:33.538 31233  2050 D OK      : calling: https://b.thumbs.redditmedia.com/XkIhgqugP-9Zcb5I9A8o0r-zQJDh_6kastc0oWiiHkI.jpg
08-04 00:44:33.541 31233  2051 D OK      : calling: https://b.thumbs.redditmedia.com/3QPAtixkID9ojpqCAgfspJpruqoq45fM1G-Fx1K2F2A.jpg
08-04 00:44:33.544 31233  2052 D OK      : calling: https://b.thumbs.redditmedia.com/orK4W8Xc99pTzIT6q1waTsppldq24p1qMsHtkNnmu9w.jpg
08-04 00:44:33.548 31233  2053 D OK      : calling: https://b.thumbs.redditmedia.com/B1vXKY_-gTPbs625-RJ1MLIXxzCqfmnCB_0xnGjCECQ.jpg
08-04 00:44:33.555 31233 31245 I art     : Starting a blocking GC Explicit
08-04 00:44:33.560 31233  2054 D OK      : calling: https://a.thumbs.redditmedia.com/ffAKmOqnTuDMNR9MRfCdRtkq_CzN3MVhZxS64ZPYRh4.jpg
08-04 00:44:33.570 31233  2055 D OK      : calling: https://b.thumbs.redditmedia.com/OF1KI_LdSDMMWCy-WgJyRhIcM5fr7kDyu_OnpfRXHfI.jpg
08-04 00:44:33.573 31233  2056 D OK      : calling: https://b.thumbs.redditmedia.com/vuAhA4gGAmYfrTFA4woxZcKgmiDzJ3nAsql2pxcYGFs.jpg
08-04 00:44:33.576 31233  2057 D OK      : calling: https://b.thumbs.redditmedia.com/PtV7mFsO2n0j4YJweZjEqyVJ45hap4hXix9dwj6D0Wg.jpg
08-04 00:44:33.578 31233  2058 D OK      : calling: https://b.thumbs.redditmedia.com/wxTBcOhAgsmbc-TRaGNHpYJYnEOBr2LNsaZ6pCM91Lc.jpg
08-04 00:44:33.580 31233  2059 D OK      : calling: https://b.thumbs.redditmedia.com/Wo7bFIVNZYYuNioRYwZFYxrl6QMk0lT-3W01wrXgHmE.jpg
08-04 00:44:33.583 31233  2060 D OK      : calling: https://b.thumbs.redditmedia.com/NoqMycYTzsyhI0Lq351riEI1mO9p8PvY1QwcZ9Irb9g.jpg
08-04 00:44:33.585 31233  2061 D OK      : calling: https://b.thumbs.redditmedia.com/KrRufqpifph7KM2Le5RdqEYQb24zbB4fizBJpFaH1Pc.jpg
08-04 00:44:33.588 31233  2062 D OK      : calling: https://b.thumbs.redditmedia.com/u2qz17QE3X5G7kkJrgK3HPCdxNQxNkhaWqfIhCuRMvE.jpg
08-04 00:44:33.590 31233  2063 D OK      : calling: https://v.redd.it/syww111dtjd51/DASHPlaylist.mpd
08-04 00:44:33.592 31233  2064 D OK      : calling: https://v.redd.it/pbqrrfb3tkd51/DASHPlaylist.mpd
08-04 00:44:33.595 31233  2065 D OK      : calling: https://v.redd.it/rrygsb8i4ld51/DASHPlaylist.mpd
08-04 00:44:33.598 31233  2066 D OK      : calling: https://v.redd.it/5x6zzipz8ld51/DASHPlaylist.mpd
08-04 00:44:33.602 31233  2067 D OK      : calling: https://v.redd.it/75en73fm5id51/DASHPlaylist.mpd
08-04 00:44:33.607 31233  2068 D OK      : calling: https://api.imgur.com/3/image/nLQR2hT
08-04 00:44:33.611 31233  2069 D OK      : calling: https://v.redd.it/ggz4fyth6hd51/DASHPlaylist.mpd
08-04 00:44:33.615 31233 31245 I art     : Explicit concurrent mark sweep GC freed 46100(2MB) AllocSpace objects, 76(4MB) LOS objects, 30% free, 35MB/51MB, paused 2.281ms total 59.413ms
08-04 00:44:33.615 31233  2070 D OK      : calling: https://v.redd.it/psrknoobrgd51/DASHPlaylist.mpd
08-04 00:44:33.619 31233  2071 D OK      : calling: https://v.redd.it/jk6cwef4wld51/DASHPlaylist.mpd
08-04 00:44:33.621 31233  2072 D OK      : calling: https://v.redd.it/t81s8zfz9ld51/DASHPlaylist.mpd
08-04 00:44:33.624 31233  2073 D OK      : calling: https://v.redd.it/xd6c4yyutgd51/DASHPlaylist.mpd
08-04 00:44:33.628 31233  2074 D OK      : calling: https://v.redd.it/ue0jdgk9zhd51/DASHPlaylist.mpd
08-04 00:44:33.634 31233 31245 I art     : Starting a blocking GC Explicit
08-04 00:44:33.689 31233 31245 I art     : Explicit concurrent mark sweep GC freed 3509(167KB) AllocSpace objects, 1(68KB) LOS objects, 31% free, 35MB/51MB, paused 2.659ms total 55.279ms
08-04 00:44:33.690 31233  2039 I NAPPA_EXPERIMENTATION: MetricNetworkRequestExecutionTime: REQUEST_DURATION_SYSTEM='251',REQUEST_DURATION_OKHTTP='250',REQUEST_SYNCHRONOUS='TRUE',RESPONSE_CODE='200',RESPONSE_METHOD='GET',RESPONSE_LENGTH_OKHTTP='5191',RESPONSE_LENGTH_HEADER='5191',REQUEST_PROTOCOL='h2',REQUEST_URL='https://b.thumbs.redditmedia.com/Xdo4lcQOwuUNK1yxSlXZ0OI8u23ORAr16_AzfAZ1nvU.jpg',
08-04 00:44:33.690 31233  2039 D OK      : request got status: 200
08-04 00:44:33.708 31233 31245 I art     : Starting a blocking GC Explicit
08-04 00:44:33.766 31233 31245 I art     : Explicit concurrent mark sweep GC freed 479(54KB) AllocSpace objects, 4(188KB) LOS objects, 30% free, 35MB/51MB, paused 2.542ms total 57.081ms
08-04 00:44:33.774 31233  2040 I NAPPA_EXPERIMENTATION: MetricNetworkRequestExecutionTime: REQUEST_DURATION_SYSTEM='264',REQUEST_DURATION_OKHTTP='264',REQUEST_SYNCHRONOUS='TRUE',RESPONSE_CODE='200',RESPONSE_METHOD='GET',RESPONSE_LENGTH_OKHTTP='5098',RESPONSE_LENGTH_HEADER='5098',REQUEST_PROTOCOL='h2',REQUEST_URL='https://b.thumbs.redditmedia.com/2KMYZ5hTlKXSvNO4hDUPyMba8Yz6skyu1SjUhLq1d9s.jpg',
08-04 00:44:33.774 31233  2040 D OK      : request got status: 200
08-04 00:44:33.786 31233 31245 I art     : Starting a blocking GC Explicit
08-04 00:44:33.839 31233  2042 I NAPPA_EXPERIMENTATION: MetricNetworkRequestExecutionTime: REQUEST_DURATION_SYSTEM='325',REQUEST_DURATION_OKHTTP='323',REQUEST_SYNCHRONOUS='TRUE',RESPONSE_CODE='200',RESPONSE_METHOD='GET',RESPONSE_LENGTH_OKHTTP='4475',RESPONSE_LENGTH_HEADER='4475',REQUEST_PROTOCOL='h2',REQUEST_URL='https://b.thumbs.redditmedia.com/qi4bNDKzoPvaSaSx99K2bAjwaRHh1nuOrcbySp1JHdk.jpg',
08-04 00:44:33.839 31233  2042 D OK      : request got status: 200
08-04 00:44:33.840 31233  2043 I NAPPA_EXPERIMENTATION: MetricNetworkRequestExecutionTime: REQUEST_DURATION_SYSTEM='320',REQUEST_DURATION_OKHTTP='319',REQUEST_SYNCHRONOUS='TRUE',RESPONSE_CODE='200',RESPONSE_METHOD='GET',RESPONSE_LENGTH_OKHTTP='5414',RESPONSE_LENGTH_HEADER='5414',REQUEST_PROTOCOL='h2',REQUEST_URL='https://b.thumbs.redditmedia.com/Ja8yiRMklM2lXd8q60LtBI6CqdmJ5YbWHRiBVFmICJA.jpg',
08-04 00:44:33.840 31233  2043 D OK      : request got status: 200
08-04 00:44:33.844 31233 31245 I art     : Explicit concurrent mark sweep GC freed 780(60KB) AllocSpace objects, 2(136KB) LOS objects, 30% free, 35MB/51MB, paused 2.439ms total 58.311ms
08-04 00:44:33.862 31233  2045 I NAPPA_EXPERIMENTATION: MetricNetworkRequestExecutionTime: REQUEST_DURATION_SYSTEM='337',REQUEST_DURATION_OKHTTP='335',REQUEST_SYNCHRONOUS='TRUE',RESPONSE_CODE='200',RESPONSE_METHOD='GET',RESPONSE_LENGTH_OKHTTP='5968',RESPONSE_LENGTH_HEADER='5968',REQUEST_PROTOCOL='h2',REQUEST_URL='https://b.thumbs.redditmedia.com/SiCWTmKkQcbiAa7naxAHnw0adTeRkq1dB8QSqzGU7-Q.jpg',
08-04 00:44:33.862 31233  2045 D OK      : request got status: 200
08-04 00:44:33.864 31233 31245 I art     : Starting a blocking GC Explicit
08-04 00:44:33.870 31233  2046 I NAPPA_EXPERIMENTATION: MetricNetworkRequestExecutionTime: REQUEST_DURATION_SYSTEM='339',REQUEST_DURATION_OKHTTP='339',REQUEST_SYNCHRONOUS='TRUE',RESPONSE_CODE='200',RESPONSE_METHOD='GET',RESPONSE_LENGTH_OKHTTP='5378',RESPONSE_LENGTH_HEADER='5378',REQUEST_PROTOCOL='h2',REQUEST_URL='https://b.thumbs.redditmedia.com/C9qrVibnNxmzfLDKvEHp2v2Bo-Kqme7PoKC52s2o52M.jpg',
08-04 00:44:33.870 31233  2046 D OK      : request got status: 200
08-04 00:44:33.896 31233  2044 I NAPPA_EXPERIMENTATION: MetricNetworkRequestExecutionTime: REQUEST_DURATION_SYSTEM='374',REQUEST_DURATION_OKHTTP='373',REQUEST_SYNCHRONOUS='TRUE',RESPONSE_CODE='200',RESPONSE_METHOD='GET',RESPONSE_LENGTH_OKHTTP='4921',RESPONSE_LENGTH_HEADER='4921',REQUEST_PROTOCOL='h2',REQUEST_URL='https://b.thumbs.redditmedia.com/o5lSsJ_tCgCQxcdjMGaYxuveNluXB1PQT4PokXDhpvc.jpg',
08-04 00:44:33.896 31233  2044 D OK      : request got status: 200
08-04 00:44:33.921 31233 31245 I art     : Explicit concurrent mark sweep GC freed 1677(164KB) AllocSpace objects, 10(688KB) LOS objects, 30% free, 36MB/52MB, paused 2.383ms total 56.610ms
08-04 00:44:33.989 31233  2053 I NAPPA_EXPERIMENTATION: MetricNetworkRequestExecutionTime: REQUEST_DURATION_SYSTEM='441',REQUEST_DURATION_OKHTTP='439',REQUEST_SYNCHRONOUS='TRUE',RESPONSE_CODE='200',RESPONSE_METHOD='GET',RESPONSE_LENGTH_OKHTTP='3864',RESPONSE_LENGTH_HEADER='3864',REQUEST_PROTOCOL='h2',REQUEST_URL='https://b.thumbs.redditmedia.com/B1vXKY_-gTPbs625-RJ1MLIXxzCqfmnCB_0xnGjCECQ.jpg',
08-04 00:44:33.989 31233  2053 D OK      : request got status: 200
08-04 00:44:33.995 31233  2050 I NAPPA_EXPERIMENTATION: MetricNetworkRequestExecutionTime: REQUEST_DURATION_SYSTEM='457',REQUEST_DURATION_OKHTTP='456',REQUEST_SYNCHRONOUS='TRUE',RESPONSE_CODE='200',RESPONSE_METHOD='GET',RESPONSE_LENGTH_OKHTTP='4080',RESPONSE_LENGTH_HEADER='4080',REQUEST_PROTOCOL='h2',REQUEST_URL='https://b.thumbs.redditmedia.com/XkIhgqugP-9Zcb5I9A8o0r-zQJDh_6kastc0oWiiHkI.jpg',
08-04 00:44:33.995 31233  2050 D OK      : request got status: 200
08-04 00:44:33.999 31233  2051 I NAPPA_EXPERIMENTATION: MetricNetworkRequestExecutionTime: REQUEST_DURATION_SYSTEM='458',REQUEST_DURATION_OKHTTP='457',REQUEST_SYNCHRONOUS='TRUE',RESPONSE_CODE='200',RESPONSE_METHOD='GET',RESPONSE_LENGTH_OKHTTP='3183',RESPONSE_LENGTH_HEADER='3183',REQUEST_PROTOCOL='h2',REQUEST_URL='https://b.thumbs.redditmedia.com/3QPAtixkID9ojpqCAgfspJpruqoq45fM1G-Fx1K2F2A.jpg',
08-04 00:44:33.999 31233  2051 D OK      : request got status: 200
08-04 00:44:34.002 31233  2055 I NAPPA_EXPERIMENTATION: MetricNetworkRequestExecutionTime: REQUEST_DURATION_SYSTEM='432',REQUEST_DURATION_OKHTTP='430',REQUEST_SYNCHRONOUS='TRUE',RESPONSE_CODE='200',RESPONSE_METHOD='GET',RESPONSE_LENGTH_OKHTTP='5125',RESPONSE_LENGTH_HEADER='5125',REQUEST_PROTOCOL='h2',REQUEST_URL='https://b.thumbs.redditmedia.com/OF1KI_LdSDMMWCy-WgJyRhIcM5fr7kDyu_OnpfRXHfI.jpg',
08-04 00:44:34.002 31233  2055 D OK      : request got status: 200
08-04 00:44:34.010 31233  2052 I NAPPA_EXPERIMENTATION: MetricNetworkRequestExecutionTime: REQUEST_DURATION_SYSTEM='465',REQUEST_DURATION_OKHTTP='465',REQUEST_SYNCHRONOUS='TRUE',RESPONSE_CODE='200',RESPONSE_METHOD='GET',RESPONSE_LENGTH_OKHTTP='6654',RESPONSE_LENGTH_HEADER='6654',REQUEST_PROTOCOL='h2',REQUEST_URL='https://b.thumbs.redditmedia.com/orK4W8Xc99pTzIT6q1waTsppldq24p1qMsHtkNnmu9w.jpg',
08-04 00:44:34.010 31233  2052 D OK      : request got status: 200
08-04 00:44:34.071 31233  2057 I NAPPA_EXPERIMENTATION: MetricNetworkRequestExecutionTime: REQUEST_DURATION_SYSTEM='495',REQUEST_DURATION_OKHTTP='494',REQUEST_SYNCHRONOUS='TRUE',RESPONSE_CODE='200',RESPONSE_METHOD='GET',RESPONSE_LENGTH_OKHTTP='5329',RESPONSE_LENGTH_HEADER='5329',REQUEST_PROTOCOL='h2',REQUEST_URL='https://b.thumbs.redditmedia.com/PtV7mFsO2n0j4YJweZjEqyVJ45hap4hXix9dwj6D0Wg.jpg',
08-04 00:44:34.071 31233  2057 D OK      : request got status: 200
08-04 00:44:34.084 31233  2056 I NAPPA_EXPERIMENTATION: MetricNetworkRequestExecutionTime: REQUEST_DURATION_SYSTEM='511',REQUEST_DURATION_OKHTTP='510',REQUEST_SYNCHRONOUS='TRUE',RESPONSE_CODE='200',RESPONSE_METHOD='GET',RESPONSE_LENGTH_OKHTTP='6723',RESPONSE_LENGTH_HEADER='6723',REQUEST_PROTOCOL='h2',REQUEST_URL='https://b.thumbs.redditmedia.com/vuAhA4gGAmYfrTFA4woxZcKgmiDzJ3nAsql2pxcYGFs.jpg',
08-04 00:44:34.084 31233  2056 D OK      : request got status: 200
08-04 00:44:34.106 31233  2058 I NAPPA_EXPERIMENTATION: MetricNetworkRequestExecutionTime: REQUEST_DURATION_SYSTEM='526',REQUEST_DURATION_OKHTTP='526',REQUEST_SYNCHRONOUS='TRUE',RESPONSE_CODE='200',RESPONSE_METHOD='GET',RESPONSE_LENGTH_OKHTTP='6316',RESPONSE_LENGTH_HEADER='6316',REQUEST_PROTOCOL='h2',REQUEST_URL='https://b.thumbs.redditmedia.com/wxTBcOhAgsmbc-TRaGNHpYJYnEOBr2LNsaZ6pCM91Lc.jpg',
08-04 00:44:34.106 31233  2058 D OK      : request got status: 200
08-04 00:44:34.118 31233  2060 I NAPPA_EXPERIMENTATION: MetricNetworkRequestExecutionTime: REQUEST_DURATION_SYSTEM='535',REQUEST_DURATION_OKHTTP='533',REQUEST_SYNCHRONOUS='TRUE',RESPONSE_CODE='200',RESPONSE_METHOD='GET',RESPONSE_LENGTH_OKHTTP='5648',RESPONSE_LENGTH_HEADER='5648',REQUEST_PROTOCOL='h2',REQUEST_URL='https://b.thumbs.redditmedia.com/NoqMycYTzsyhI0Lq351riEI1mO9p8PvY1QwcZ9Irb9g.jpg',
08-04 00:44:34.118 31233  2060 D OK      : request got status: 200
08-04 00:44:34.140 31233  2059 I NAPPA_EXPERIMENTATION: MetricNetworkRequestExecutionTime: REQUEST_DURATION_SYSTEM='559',REQUEST_DURATION_OKHTTP='558',REQUEST_SYNCHRONOUS='TRUE',RESPONSE_CODE='200',RESPONSE_METHOD='GET',RESPONSE_LENGTH_OKHTTP='7815',RESPONSE_LENGTH_HEADER='7815',REQUEST_PROTOCOL='h2',REQUEST_URL='https://b.thumbs.redditmedia.com/Wo7bFIVNZYYuNioRYwZFYxrl6QMk0lT-3W01wrXgHmE.jpg',
08-04 00:44:34.140 31233  2059 D OK      : request got status: 200
08-04 00:44:34.157 31233  2061 I NAPPA_EXPERIMENTATION: MetricNetworkRequestExecutionTime: REQUEST_DURATION_SYSTEM='572',REQUEST_DURATION_OKHTTP='570',REQUEST_SYNCHRONOUS='TRUE',RESPONSE_CODE='200',RESPONSE_METHOD='GET',RESPONSE_LENGTH_OKHTTP='5198',RESPONSE_LENGTH_HEADER='5198',REQUEST_PROTOCOL='h2',REQUEST_URL='https://b.thumbs.redditmedia.com/KrRufqpifph7KM2Le5RdqEYQb24zbB4fizBJpFaH1Pc.jpg',
08-04 00:44:34.157 31233  2061 D OK      : request got status: 200
08-04 00:44:34.160 31233  2062 I NAPPA_EXPERIMENTATION: MetricNetworkRequestExecutionTime: REQUEST_DURATION_SYSTEM='572',REQUEST_DURATION_OKHTTP='571',REQUEST_SYNCHRONOUS='TRUE',RESPONSE_CODE='200',RESPONSE_METHOD='GET',RESPONSE_LENGTH_OKHTTP='5579',RESPONSE_LENGTH_HEADER='5579',REQUEST_PROTOCOL='h2',REQUEST_URL='https://b.thumbs.redditmedia.com/u2qz17QE3X5G7kkJrgK3HPCdxNQxNkhaWqfIhCuRMvE.jpg',
08-04 00:44:34.161 31233  2062 D OK      : request got status: 200
08-04 00:44:34.248 31233  2041 I NAPPA_EXPERIMENTATION: MetricNetworkRequestExecutionTime: REQUEST_DURATION_SYSTEM='735',REQUEST_DURATION_OKHTTP='312',REQUEST_SYNCHRONOUS='TRUE',RESPONSE_CODE='200',RESPONSE_METHOD='GET',RESPONSE_LENGTH_OKHTTP='5307',RESPONSE_LENGTH_HEADER='5307',REQUEST_PROTOCOL='h2',REQUEST_URL='https://a.thumbs.redditmedia.com/EFVm-ZqqhARyEaKgtwU74c7tfzEDJvI0uiHXGglFag4.jpg',
08-04 00:44:34.248 31233  2041 D OK      : request got status: 200
08-04 00:44:34.258 31233 31257 I art     : Starting a blocking GC Explicit
08-04 00:44:34.300 31233  2047 I NAPPA_EXPERIMENTATION: MetricNetworkRequestExecutionTime: REQUEST_DURATION_SYSTEM='769',REQUEST_DURATION_OKHTTP='282',REQUEST_SYNCHRONOUS='TRUE',RESPONSE_CODE='200',RESPONSE_METHOD='GET',RESPONSE_LENGTH_OKHTTP='7540',RESPONSE_LENGTH_HEADER='7540',REQUEST_PROTOCOL='h2',REQUEST_URL='https://a.thumbs.redditmedia.com/Tfsm0ol-ltlxNSBAkZ_4G4302d0hYeOSODkvXidBBR8.jpg',
08-04 00:44:34.300 31233  2047 D OK      : request got status: 200
08-04 00:44:34.318 31233  2049 I NAPPA_EXPERIMENTATION: MetricNetworkRequestExecutionTime: REQUEST_DURATION_SYSTEM='782',REQUEST_DURATION_OKHTTP='217',REQUEST_SYNCHRONOUS='TRUE',RESPONSE_CODE='200',RESPONSE_METHOD='GET',RESPONSE_LENGTH_OKHTTP='5641',RESPONSE_LENGTH_HEADER='5641',REQUEST_PROTOCOL='h2',REQUEST_URL='https://a.thumbs.redditmedia.com/P4gSGpXpi2wDXthNZ-LiwEs5Jvplm6dQ7W7Isqa7un4.jpg',
08-04 00:44:34.318 31233  2049 D OK      : request got status: 200
08-04 00:44:34.320 31233 31257 I art     : Explicit concurrent mark sweep GC freed 25980(1677KB) AllocSpace objects, 69(4MB) LOS objects, 29% free, 39MB/55MB, paused 1.699ms total 61.841ms
08-04 00:44:34.339 31233 31257 I art     : Starting a blocking GC Explicit
08-04 00:44:34.354 31233  2048 I NAPPA_EXPERIMENTATION: MetricNetworkRequestExecutionTime: REQUEST_DURATION_SYSTEM='821',REQUEST_DURATION_OKHTTP='282',REQUEST_SYNCHRONOUS='TRUE',RESPONSE_CODE='200',RESPONSE_METHOD='GET',RESPONSE_LENGTH_OKHTTP='3635',RESPONSE_LENGTH_HEADER='3635',REQUEST_PROTOCOL='h2',REQUEST_URL='https://a.thumbs.redditmedia.com/Kzag-wH9wKRRg2MnPwgoFgXT_2jN_nkJ1lY1aNRQyT4.jpg',
08-04 00:44:34.355 31233  2048 D OK      : request got status: 200
08-04 00:44:34.389 31233 31257 I art     : Explicit concurrent mark sweep GC freed 6421(472KB) AllocSpace objects, 20(928KB) LOS objects, 28% free, 39MB/55MB, paused 1.422ms total 49.790ms
08-04 00:44:34.404 31233  2054 I NAPPA_EXPERIMENTATION: MetricNetworkRequestExecutionTime: REQUEST_DURATION_SYSTEM='843',REQUEST_DURATION_OKHTTP='220',REQUEST_SYNCHRONOUS='TRUE',RESPONSE_CODE='200',RESPONSE_METHOD='GET',RESPONSE_LENGTH_OKHTTP='4470',RESPONSE_LENGTH_HEADER='4470',REQUEST_PROTOCOL='h2',REQUEST_URL='https://a.thumbs.redditmedia.com/ffAKmOqnTuDMNR9MRfCdRtkq_CzN3MVhZxS64ZPYRh4.jpg',
08-04 00:44:34.404 31233  2054 D OK      : request got status: 200
08-04 00:44:34.408 31233 31257 I art     : Starting a blocking GC Explicit
08-04 00:44:34.445 31233  2064 I NAPPA_EXPERIMENTATION: MetricNetworkRequestExecutionTime: REQUEST_DURATION_SYSTEM='852',REQUEST_DURATION_OKHTTP='246',REQUEST_SYNCHRONOUS='TRUE',RESPONSE_CODE='200',RESPONSE_METHOD='GET',RESPONSE_LENGTH_OKHTTP='2071',RESPONSE_LENGTH_HEADER='2071',REQUEST_PROTOCOL='h2',REQUEST_URL='https://v.redd.it/pbqrrfb3tkd51/DASHPlaylist.mpd',
08-04 00:44:34.445 31233  2064 D OK      : request got status: 200
08-04 00:44:34.458 31233 31257 I art     : Explicit concurrent mark sweep GC freed 5460(386KB) AllocSpace objects, 18(1084KB) LOS objects, 28% free, 40MB/56MB, paused 1.252ms total 49.966ms
08-04 00:44:34.477 31233 31257 I art     : Starting a blocking GC Explicit
08-04 00:44:34.513 31233  2064 I RedditVideosAPI: For 'https://v.redd.it/pbqrrfb3tkd51/DASHPlaylist.mpd', got video stream 'https://v.redd.it/pbqrrfb3tkd51/DASH_480' and audio stream 'null'
08-04 00:44:34.529 31233 31257 I art     : Explicit concurrent mark sweep GC freed 6732(343KB) AllocSpace objects, 8(508KB) LOS objects, 28% free, 40MB/56MB, paused 1.351ms total 52ms
08-04 00:44:34.535 31233  2063 I NAPPA_EXPERIMENTATION: MetricNetworkRequestExecutionTime: REQUEST_DURATION_SYSTEM='945',REQUEST_DURATION_OKHTTP='291',REQUEST_SYNCHRONOUS='TRUE',RESPONSE_CODE='200',RESPONSE_METHOD='GET',RESPONSE_LENGTH_OKHTTP='2696',RESPONSE_LENGTH_HEADER='2696',REQUEST_PROTOCOL='h2',REQUEST_URL='https://v.redd.it/syww111dtjd51/DASHPlaylist.mpd',
08-04 00:44:34.535 31233  2063 D OK      : request got status: 200
08-04 00:44:34.548 31233 31257 I art     : Starting a blocking GC Explicit
08-04 00:44:34.584 31233  2066 I NAPPA_EXPERIMENTATION: MetricNetworkRequestExecutionTime: REQUEST_DURATION_SYSTEM='986',REQUEST_DURATION_OKHTTP='279',REQUEST_SYNCHRONOUS='TRUE',RESPONSE_CODE='200',RESPONSE_METHOD='GET',RESPONSE_LENGTH_OKHTTP='2789',RESPONSE_LENGTH_HEADER='2789',REQUEST_PROTOCOL='h2',REQUEST_URL='https://v.redd.it/5x6zzipz8ld51/DASHPlaylist.mpd',
08-04 00:44:34.584 31233  2066 D OK      : request got status: 200
08-04 00:44:34.593 31233  2067 I NAPPA_EXPERIMENTATION: MetricNetworkRequestExecutionTime: REQUEST_DURATION_SYSTEM='991',REQUEST_DURATION_OKHTTP='290',REQUEST_SYNCHRONOUS='TRUE',RESPONSE_CODE='200',RESPONSE_METHOD='GET',RESPONSE_LENGTH_OKHTTP='2700',RESPONSE_LENGTH_HEADER='2700',REQUEST_PROTOCOL='h2',REQUEST_URL='https://v.redd.it/75en73fm5id51/DASHPlaylist.mpd',
08-04 00:44:34.593 31233  2067 D OK      : request got status: 200
08-04 00:44:34.600 31233 31257 I art     : Explicit concurrent mark sweep GC freed 1027(137KB) AllocSpace objects, 2(136KB) LOS objects, 28% free, 40MB/56MB, paused 1.200ms total 51.895ms
08-04 00:44:34.607 31233  2063 I RedditVideosAPI: For 'https://v.redd.it/syww111dtjd51/DASHPlaylist.mpd', got video stream 'https://v.redd.it/syww111dtjd51/DASH_480' and audio stream 'https://v.redd.it/syww111dtjd51/audio'
08-04 00:44:34.622 31233  2066 I RedditVideosAPI: For 'https://v.redd.it/5x6zzipz8ld51/DASHPlaylist.mpd', got video stream 'https://v.redd.it/5x6zzipz8ld51/DASH_480' and audio stream 'null'
08-04 00:44:34.625 31233  2069 I NAPPA_EXPERIMENTATION: MetricNetworkRequestExecutionTime: REQUEST_DURATION_SYSTEM='1014',REQUEST_DURATION_OKHTTP='274',REQUEST_SYNCHRONOUS='TRUE',RESPONSE_CODE='200',RESPONSE_METHOD='GET',RESPONSE_LENGTH_OKHTTP='1713',RESPONSE_LENGTH_HEADER='1713',REQUEST_PROTOCOL='h2',REQUEST_URL='https://v.redd.it/ggz4fyth6hd51/DASHPlaylist.mpd',
08-04 00:44:34.625 31233  2069 D OK      : request got status: 200
08-04 00:44:34.629 31233  2068 I NAPPA_EXPERIMENTATION: MetricNetworkRequestExecutionTime: REQUEST_DURATION_SYSTEM='1022',REQUEST_DURATION_OKHTTP='211',REQUEST_SYNCHRONOUS='TRUE',RESPONSE_CODE='200',RESPONSE_METHOD='GET',RESPONSE_LENGTH_OKHTTP='-1',RESPONSE_LENGTH_HEADER='377',REQUEST_PROTOCOL='h2',REQUEST_URL='https://api.imgur.com/3/image/nLQR2hT',
08-04 00:44:34.629 31233  2068 D OK      : request got status: 200
08-04 00:44:34.655 31233  2065 I NAPPA_EXPERIMENTATION: MetricNetworkRequestExecutionTime: REQUEST_DURATION_SYSTEM='1060',REQUEST_DURATION_OKHTTP='348',REQUEST_SYNCHRONOUS='TRUE',RESPONSE_CODE='200',RESPONSE_METHOD='GET',RESPONSE_LENGTH_OKHTTP='3060',RESPONSE_LENGTH_HEADER='3060',REQUEST_PROTOCOL='h2',REQUEST_URL='https://v.redd.it/rrygsb8i4ld51/DASHPlaylist.mpd',
08-04 00:44:34.655 31233  2065 D OK      : request got status: 200
08-04 00:44:34.704 31233  2070 I NAPPA_EXPERIMENTATION: MetricNetworkRequestExecutionTime: REQUEST_DURATION_SYSTEM='1089',REQUEST_DURATION_OKHTTP='338',REQUEST_SYNCHRONOUS='TRUE',RESPONSE_CODE='200',RESPONSE_METHOD='GET',RESPONSE_LENGTH_OKHTTP='2427',RESPONSE_LENGTH_HEADER='2427',REQUEST_PROTOCOL='h2',REQUEST_URL='https://v.redd.it/psrknoobrgd51/DASHPlaylist.mpd',
08-04 00:44:34.704 31233  2070 D OK      : request got status: 200
08-04 00:44:34.706 31233  2071 I NAPPA_EXPERIMENTATION: MetricNetworkRequestExecutionTime: REQUEST_DURATION_SYSTEM='1087',REQUEST_DURATION_OKHTTP='268',REQUEST_SYNCHRONOUS='TRUE',RESPONSE_CODE='200',RESPONSE_METHOD='GET',RESPONSE_LENGTH_OKHTTP='2071',RESPONSE_LENGTH_HEADER='2071',REQUEST_PROTOCOL='h2',REQUEST_URL='https://v.redd.it/jk6cwef4wld51/DASHPlaylist.mpd',
08-04 00:44:34.706 31233  2071 D OK      : request got status: 200
08-04 00:44:34.725 31233  2072 I NAPPA_EXPERIMENTATION: MetricNetworkRequestExecutionTime: REQUEST_DURATION_SYSTEM='1104',REQUEST_DURATION_OKHTTP='226',REQUEST_SYNCHRONOUS='TRUE',RESPONSE_CODE='200',RESPONSE_METHOD='GET',RESPONSE_LENGTH_OKHTTP='3058',RESPONSE_LENGTH_HEADER='3058',REQUEST_PROTOCOL='h2',REQUEST_URL='https://v.redd.it/t81s8zfz9ld51/DASHPlaylist.mpd',
08-04 00:44:34.725 31233  2072 D OK      : request got status: 200
08-04 00:44:34.725 31233  2073 I NAPPA_EXPERIMENTATION: MetricNetworkRequestExecutionTime: REQUEST_DURATION_SYSTEM='1101',REQUEST_DURATION_OKHTTP='198',REQUEST_SYNCHRONOUS='TRUE',RESPONSE_CODE='200',RESPONSE_METHOD='GET',RESPONSE_LENGTH_OKHTTP='2071',RESPONSE_LENGTH_HEADER='2071',REQUEST_PROTOCOL='h2',REQUEST_URL='https://v.redd.it/xd6c4yyutgd51/DASHPlaylist.mpd',
08-04 00:44:34.726 31233  2073 D OK      : request got status: 200
08-04 00:44:34.726 31233  2074 I NAPPA_EXPERIMENTATION: MetricNetworkRequestExecutionTime: REQUEST_DURATION_SYSTEM='1098',REQUEST_DURATION_OKHTTP='221',REQUEST_SYNCHRONOUS='TRUE',RESPONSE_CODE='200',RESPONSE_METHOD='GET',RESPONSE_LENGTH_OKHTTP='2344',RESPONSE_LENGTH_HEADER='2344',REQUEST_PROTOCOL='h2',REQUEST_URL='https://v.redd.it/ue0jdgk9zhd51/DASHPlaylist.mpd',
08-04 00:44:34.726 31233  2074 D OK      : request got status: 200
08-04 00:44:34.752 31233  2067 I RedditVideosAPI: For 'https://v.redd.it/75en73fm5id51/DASHPlaylist.mpd', got video stream 'https://v.redd.it/75en73fm5id51/DASH_480' and audio stream 'https://v.redd.it/75en73fm5id51/audio'
08-04 00:44:34.790 31233  2069 I RedditVideosAPI: For 'https://v.redd.it/ggz4fyth6hd51/DASHPlaylist.mpd', got video stream 'https://v.redd.it/ggz4fyth6hd51/DASH_360' and audio stream 'null'
08-04 00:44:34.815 31233  2065 I RedditVideosAPI: For 'https://v.redd.it/rrygsb8i4ld51/DASHPlaylist.mpd', got video stream 'https://v.redd.it/rrygsb8i4ld51/DASH_480' and audio stream 'https://v.redd.it/rrygsb8i4ld51/audio'
08-04 00:44:34.823 31233  2070 I RedditVideosAPI: For 'https://v.redd.it/psrknoobrgd51/DASHPlaylist.mpd', got video stream 'https://v.redd.it/psrknoobrgd51/DASH_480' and audio stream 'null'
08-04 00:44:34.831 31233  2071 I RedditVideosAPI: For 'https://v.redd.it/jk6cwef4wld51/DASHPlaylist.mpd', got video stream 'https://v.redd.it/jk6cwef4wld51/DASH_480' and audio stream 'null'
08-04 00:44:34.837 31233  2072 I RedditVideosAPI: For 'https://v.redd.it/t81s8zfz9ld51/DASHPlaylist.mpd', got video stream 'https://v.redd.it/t81s8zfz9ld51/DASH_480' and audio stream 'https://v.redd.it/t81s8zfz9ld51/audio'
08-04 00:44:34.846 31233  2074 I RedditVideosAPI: For 'https://v.redd.it/ue0jdgk9zhd51/DASHPlaylist.mpd', got video stream 'https://v.redd.it/ue0jdgk9zhd51/DASH_360' and audio stream 'https://v.redd.it/ue0jdgk9zhd51/audio'
08-04 00:44:34.860 31233  2073 I RedditVideosAPI: For 'https://v.redd.it/xd6c4yyutgd51/DASHPlaylist.mpd', got video stream 'https://v.redd.it/xd6c4yyutgd51/DASH_480' and audio stream 'null'
08-04 00:44:34.948 31233 31244 I art     : Starting a blocking GC Explicit
08-04 00:44:35.014 31233 31244 I art     : Explicit concurrent mark sweep GC freed 6608(898KB) AllocSpace objects, 32(2MB) LOS objects, 28% free, 39MB/55MB, paused 625us total 65.464ms
08-04 00:44:35.034 31233 31244 I art     : Starting a blocking GC Explicit
08-04 00:44:35.090 31233 31244 I art     : Explicit concurrent mark sweep GC freed 300(10KB) AllocSpace objects, 0(0B) LOS objects, 28% free, 39MB/55MB, paused 589us total 55.853ms
08-04 00:44:35.110 31233 31244 I art     : Starting a blocking GC Explicit
08-04 00:44:35.165 31233 31244 I art     : Explicit concurrent mark sweep GC freed 3(96B) AllocSpace objects, 0(0B) LOS objects, 28% free, 39MB/55MB, paused 575us total 54.644ms
08-04 00:44:35.185 31233 31244 I art     : Starting a blocking GC Explicit
08-04 00:44:35.244 31233 31244 I art     : Explicit concurrent mark sweep GC freed 3(96B) AllocSpace objects, 0(0B) LOS objects, 28% free, 39MB/55MB, paused 630us total 58.351ms
08-04 00:44:35.268 31233 31244 I art     : Starting a blocking GC Explicit
08-04 00:44:35.323 31233 31244 I art     : Explicit concurrent mark sweep GC freed 3(96B) AllocSpace objects, 0(0B) LOS objects, 28% free, 39MB/55MB, paused 577us total 54.473ms
08-04 00:44:35.643 31233 31540 I art     : Starting a blocking GC Explicit
08-04 00:44:35.703 31233 31540 I art     : Explicit concurrent mark sweep GC freed 1361(83KB) AllocSpace objects, 1(20KB) LOS objects, 28% free, 39MB/55MB, paused 599us total 58.913ms
08-04 00:44:35.722 31233 31540 I art     : Starting a blocking GC Explicit
08-04 00:44:35.773 31233 31540 I art     : Explicit concurrent mark sweep GC freed 20(704B) AllocSpace objects, 0(0B) LOS objects, 28% free, 39MB/55MB, paused 559us total 50.739ms
08-04 00:44:35.793 31233 31540 I art     : Starting a blocking GC Explicit
08-04 00:44:35.848 31233 31540 I art     : Explicit concurrent mark sweep GC freed 3(96B) AllocSpace objects, 0(0B) LOS objects, 28% free, 39MB/55MB, paused 614us total 54.696ms
08-04 00:44:35.867 31233 31540 I art     : Starting a blocking GC Explicit
08-04 00:44:35.921 31233 31540 I art     : Explicit concurrent mark sweep GC freed 3(96B) AllocSpace objects, 0(0B) LOS objects, 28% free, 39MB/55MB, paused 604us total 53.386ms
08-04 00:44:35.941 31233 31540 I art     : Starting a blocking GC Explicit
08-04 00:44:35.945  2116  2116 D AndroidRuntime: >>>>>> START com.android.internal.os.RuntimeInit uid 2000 <<<<<<
08-04 00:44:35.951  2116  2116 D AndroidRuntime: CheckJNI is OFF
08-04 00:44:35.992 31233 31540 I art     : Explicit concurrent mark sweep GC freed 3(96B) AllocSpace objects, 0(0B) LOS objects, 28% free, 39MB/55MB, paused 597us total 51.267ms
08-04 00:44:35.996  2116  2116 D ICU     : No timezone override file found: /data/misc/zoneinfo/current/icu/icu_tzdata.dat
08-04 00:44:36.044  2116  2116 I Radio-JNI: register_android_hardware_Radio DONE
08-04 00:44:36.074  2116  2116 D AndroidRuntime: Calling main entry com.android.commands.input.Input
08-04 00:44:36.077  2116  2116 I Input   : injectMotionEvent: MotionEvent { action=ACTION_DOWN, actionButton=0, id[0]=0, x[0]=1340.0, y[0]=1100.0, toolType[0]=TOOL_TYPE_UNKNOWN, buttonState=0, metaState=0, flags=0x0, edgeFlags=0x0, pointerCount=1, historySize=0, eventTime=665092489, downTime=665092489, deviceId=0, source=0x1002 }
08-04 00:44:36.083  2116  2116 I Input   : injectMotionEvent: MotionEvent { action=ACTION_UP, actionButton=0, id[0]=0, x[0]=1340.0, y[0]=1100.0, toolType[0]=TOOL_TYPE_UNKNOWN, buttonState=0, metaState=0, flags=0x0, edgeFlags=0x0, pointerCount=1, historySize=0, eventTime=665092489, downTime=665092489, deviceId=0, source=0x1002 }
08-04 00:44:36.085  2116  2116 D AndroidRuntime: Shutting down VM
08-04 00:44:36.105   918  5481 I ActivityManager: START u0 {dat=https://oauth.reddit.com/... cmp=baseline.org.quantumbadger.redreader/.activities.CommentListingActivity} from uid 10666 on display 0
08-04 00:44:36.106   512  2967 D audio_hw_primary: out_set_parameters: enter: usecase(1: low-latency-playback) kvpairs: routing=2
08-04 00:44:36.119   512  2967 D audio_hw_primary: select_devices: out_snd_device(2: speaker) in_snd_device(0: none)
08-04 00:44:36.119   512  2967 D msm8974_platform: platform_send_audio_calibration: sending audio calibration for snd_device(2) acdb_id(15)
08-04 00:44:36.119   512  2967 I soundtrigger: audio_extn_sound_trigger_update_device_status: device 0x2 of type 0 for Event 1
08-04 00:44:36.132   512  2967 D audio_hw_primary: enable_snd_device: snd_device(2: speaker)
08-04 00:44:36.135   512  2967 D audio_hw_primary: enable_audio_route: apply and update mixer path: low-latency-playback speaker
08-04 00:44:36.137 31233 31233 I AppCompatViewInflater: app:theme is now deprecated. Please move to using android:theme instead.
08-04 00:44:36.157 31233  2143 D OK      : calling: https://oauth.reddit.com/comments/hzejrd/.json?sort=confidence
08-04 00:44:36.236 13866 13866 I GoogleInputMethodServic: GoogleInputMethodService.onFinishInput():3138 
08-04 00:44:36.237   918   936 I ActivityManager: Displayed baseline.org.quantumbadger.redreader/.activities.CommentListingActivity: +121ms
08-04 00:44:36.237 13866 13866 I GoogleInputMethodServic: GoogleInputMethodService.onStartInput():1808 
08-04 00:44:36.313 31233 31540 I art     : Starting a blocking GC Explicit
08-04 00:44:36.361 31233 31540 I art     : Explicit concurrent mark sweep GC freed 6088(298KB) AllocSpace objects, 1(20KB) LOS objects, 28% free, 40MB/56MB, paused 660us total 47.099ms
08-04 00:44:36.379 31233 31540 I art     : Starting a blocking GC Explicit
08-04 00:44:36.423 31233 31540 I art     : Explicit concurrent mark sweep GC freed 7221(821KB) AllocSpace objects, 17(2MB) LOS objects, 30% free, 37MB/53MB, paused 576us total 44.089ms
08-04 00:44:36.440 31233  2143 I NAPPA_EXPERIMENTATION: MetricNetworkRequestExecutionTime: REQUEST_DURATION_SYSTEM='283',REQUEST_DURATION_OKHTTP='140',REQUEST_SYNCHRONOUS='TRUE',RESPONSE_CODE='200',RESPONSE_METHOD='GET',RESPONSE_LENGTH_OKHTTP='-1',RESPONSE_LENGTH_HEADER='45890',REQUEST_PROTOCOL='h2',REQUEST_URL='https://oauth.reddit.com/comments/hzejrd/.json?sort=confidence',
08-04 00:44:36.440 31233  2143 D OK      : request got status: 200
08-04 00:44:36.442 31233 31540 I art     : Starting a blocking GC Explicit
08-04 00:44:36.449 31233  2025 I CommentListingActivity: COMMENTS session changed to 5a4cb438-0e09-4eb4-beb7-63b8c6726c3d
08-04 00:44:36.482   380   380 W SurfaceFlinger: couldn't log to binary event log: overflow.
08-04 00:44:36.490 31233 31540 I art     : Explicit concurrent mark sweep GC freed 2731(175KB) AllocSpace objects, 0(0B) LOS objects, 29% free, 37MB/53MB, paused 1.372ms total 48.230ms
08-04 00:44:36.508 31233 31540 I art     : Starting a blocking GC Explicit
08-04 00:44:36.560 31233 31540 I art     : Explicit concurrent mark sweep GC freed 6133(314KB) AllocSpace objects, 0(0B) LOS objects, 29% free, 38MB/54MB, paused 1.165ms total 51.441ms
08-04 00:44:36.579 31233 31540 I art     : Starting a blocking GC Explicit
08-04 00:44:36.633 31233 31540 I art     : Explicit concurrent mark sweep GC freed 8414(477KB) AllocSpace objects, 0(0B) LOS objects, 29% free, 39MB/55MB, paused 1.081ms total 53.706ms
08-04 00:44:36.669   512  2967 D audio_hw_primary: disable_audio_route: reset and update mixer path: low-latency-playback speaker
08-04 00:44:36.670   512  2967 D audio_hw_primary: disable_snd_device: snd_device(2: speaker)
08-04 00:44:36.678   512  2967 I soundtrigger: audio_extn_sound_trigger_update_device_status: device 0x2 of type 0 for Event 0
08-04 00:44:36.950 31233 31257 I art     : Starting a blocking GC Explicit
08-04 00:44:37.007 31233 31257 I art     : Explicit concurrent mark sweep GC freed 25332(1289KB) AllocSpace objects, 3(156KB) LOS objects, 29% free, 39MB/55MB, paused 464us total 57.373ms
08-04 00:44:37.027 31233 31257 I art     : Starting a blocking GC Explicit
08-04 00:44:37.084 31233 31257 I art     : Explicit concurrent mark sweep GC freed 1016(48KB) AllocSpace objects, 0(0B) LOS objects, 29% free, 39MB/55MB, paused 828us total 56.654ms
08-04 00:44:37.104 31233 31257 I art     : Starting a blocking GC Explicit
08-04 00:44:37.162 31233 31257 I art     : Explicit concurrent mark sweep GC freed 3(96B) AllocSpace objects, 0(0B) LOS objects, 29% free, 39MB/55MB, paused 506us total 57.098ms
08-04 00:44:37.182 31233 31257 I art     : Starting a blocking GC Explicit
08-04 00:44:37.240 31233 31257 I art     : Explicit concurrent mark sweep GC freed 3(96B) AllocSpace objects, 0(0B) LOS objects, 29% free, 39MB/55MB, paused 462us total 56.844ms
08-04 00:44:37.260 31233 31257 I art     : Starting a blocking GC Explicit
08-04 00:44:37.318 31233 31257 I art     : Explicit concurrent mark sweep GC freed 3(96B) AllocSpace objects, 0(0B) LOS objects, 29% free, 39MB/55MB, paused 527us total 57.192ms
08-04 00:44:37.662 31233 31244 I art     : Starting a blocking GC Explicit
08-04 00:44:37.728 31233 31244 I art     : Explicit concurrent mark sweep GC freed 1404(84KB) AllocSpace objects, 1(20KB) LOS objects, 29% free, 39MB/55MB, paused 582us total 65.274ms
08-04 00:44:37.752 31233 31244 I art     : Starting a blocking GC Explicit
08-04 00:44:37.822 31233 31244 I art     : Explicit concurrent mark sweep GC freed 58(2304B) AllocSpace objects, 0(0B) LOS objects, 29% free, 39MB/55MB, paused 545us total 69.408ms
08-04 00:44:37.843 31233 31244 I art     : Starting a blocking GC Explicit
08-04 00:44:37.909 31233 31244 I art     : Explicit concurrent mark sweep GC freed 3(96B) AllocSpace objects, 0(0B) LOS objects, 29% free, 39MB/55MB, paused 575us total 65.812ms
08-04 00:44:37.931 31233 31244 I art     : Starting a blocking GC Explicit
08-04 00:44:38.005 31233 31244 I art     : Explicit concurrent mark sweep GC freed 3(96B) AllocSpace objects, 0(0B) LOS objects, 29% free, 39MB/55MB, paused 548us total 74.057ms
08-04 00:44:38.006 31233 31243 I art     : WaitForGcToComplete blocked for 74.428ms for cause HeapTrim
08-04 00:44:38.029 31233 31244 I art     : Starting a blocking GC Explicit
08-04 00:44:38.094 31233 31244 I art     : Explicit concurrent mark sweep GC freed 3(96B) AllocSpace objects, 0(0B) LOS objects, 29% free, 39MB/55MB, paused 552us total 64.703ms
08-04 00:44:38.472 31233 31540 I art     : Starting a blocking GC Explicit
08-04 00:44:38.554 31233 31540 I art     : Explicit concurrent mark sweep GC freed 1356(82KB) AllocSpace objects, 1(20KB) LOS objects, 29% free, 39MB/55MB, paused 626us total 81.471ms
08-04 00:44:38.578 31233 31540 I art     : Starting a blocking GC Explicit
08-04 00:44:38.646 31233 31540 I art     : Explicit concurrent mark sweep GC freed 20(704B) AllocSpace objects, 0(0B) LOS objects, 29% free, 39MB/55MB, paused 548us total 67.097ms
08-04 00:44:38.667 31233 31540 I art     : Starting a blocking GC Explicit
08-04 00:44:38.742 31233 31540 I art     : Explicit concurrent mark sweep GC freed 3(96B) AllocSpace objects, 0(0B) LOS objects, 29% free, 39MB/55MB, paused 609us total 74.553ms
08-04 00:44:38.765 31233 31540 I art     : Starting a blocking GC Explicit
08-04 00:44:38.831 31233 31540 I art     : Explicit concurrent mark sweep GC freed 3(96B) AllocSpace objects, 0(0B) LOS objects, 29% free, 39MB/55MB, paused 559us total 65.974ms
08-04 00:44:38.853 31233 31540 I art     : Starting a blocking GC Explicit
08-04 00:44:38.920 31233 31540 I art     : Explicit concurrent mark sweep GC freed 3(96B) AllocSpace objects, 0(0B) LOS objects, 29% free, 39MB/55MB, paused 556us total 66.719ms
08-04 00:44:39.274 31233 31257 I art     : Starting a blocking GC Explicit
08-04 00:44:39.351 31233 31257 I art     : Explicit concurrent mark sweep GC freed 1354(82KB) AllocSpace objects, 1(20KB) LOS objects, 29% free, 39MB/55MB, paused 563us total 76.051ms
08-04 00:44:39.374 31233 31257 I art     : Starting a blocking GC Explicit
08-04 00:44:39.441 31233 31257 I art     : Explicit concurrent mark sweep GC freed 20(704B) AllocSpace objects, 0(0B) LOS objects, 29% free, 39MB/55MB, paused 597us total 67.447ms
08-04 00:44:39.466 31233 31257 I art     : Starting a blocking GC Explicit
08-04 00:44:39.538 31233 31257 I art     : Explicit concurrent mark sweep GC freed 3(96B) AllocSpace objects, 0(0B) LOS objects, 29% free, 39MB/55MB, paused 586us total 72.037ms
08-04 00:44:39.561 31233 31257 I art     : Starting a blocking GC Explicit
08-04 00:44:39.632 31233 31257 I art     : Explicit concurrent mark sweep GC freed 3(96B) AllocSpace objects, 0(0B) LOS objects, 29% free, 39MB/55MB, paused 553us total 69.894ms
08-04 00:44:39.655 31233 31257 I art     : Starting a blocking GC Explicit
08-04 00:44:39.727 31233 31257 I art     : Explicit concurrent mark sweep GC freed 3(96B) AllocSpace objects, 0(0B) LOS objects, 29% free, 39MB/55MB, paused 610us total 72.194ms
08-04 00:44:40.102 31233 31245 I art     : Starting a blocking GC Explicit
08-04 00:44:40.185 31233 31245 I art     : Explicit concurrent mark sweep GC freed 1354(82KB) AllocSpace objects, 1(20KB) LOS objects, 29% free, 39MB/55MB, paused 565us total 83.239ms
08-04 00:44:40.210 31233 31245 I art     : Starting a blocking GC Explicit
08-04 00:44:40.282 31233 31245 I art     : Explicit concurrent mark sweep GC freed 20(704B) AllocSpace objects, 0(0B) LOS objects, 29% free, 39MB/55MB, paused 591us total 71.687ms
08-04 00:44:40.305 31233 31245 I art     : Starting a blocking GC Explicit
08-04 00:44:40.376 31233 31245 I art     : Explicit concurrent mark sweep GC freed 3(96B) AllocSpace objects, 0(0B) LOS objects, 29% free, 39MB/55MB, paused 515us total 70.038ms
08-04 00:44:40.397 31233 31245 I art     : Starting a blocking GC Explicit
08-04 00:44:40.466 31233 31245 I art     : Explicit concurrent mark sweep GC freed 3(96B) AllocSpace objects, 0(0B) LOS objects, 29% free, 39MB/55MB, paused 573us total 69.027ms
08-04 00:44:40.488 31233 31245 I art     : Starting a blocking GC Explicit
08-04 00:44:40.562 31233 31245 I art     : Explicit concurrent mark sweep GC freed 3(96B) AllocSpace objects, 0(0B) LOS objects, 29% free, 39MB/55MB, paused 598us total 73.061ms
08-04 00:44:40.930 31233 31244 I art     : Starting a blocking GC Explicit
08-04 00:44:41.003 31233 31244 I art     : Explicit concurrent mark sweep GC freed 1355(83KB) AllocSpace objects, 1(20KB) LOS objects, 29% free, 39MB/55MB, paused 567us total 72.746ms
08-04 00:44:41.028 31233 31244 I art     : Starting a blocking GC Explicit
08-04 00:44:41.102 31233 31244 I art     : Explicit concurrent mark sweep GC freed 20(704B) AllocSpace objects, 0(0B) LOS objects, 29% free, 39MB/55MB, paused 622us total 74.435ms
08-04 00:44:41.115 31233  2140 I RedditChangeDataIO: Writing tmp data file at '/data/user/0/baseline.org.quantumbadger.redreader/files/rr_change_data_tmp.dat'
08-04 00:44:41.116 31233  2140 I RedditChangeDataManager: Taking snapshot...
08-04 00:44:41.116 31233  2140 I RedditChangeDataManager: Writing to stream...
08-04 00:44:41.117 31233  2140 I RedditChangeDataManager: Wrote 6 entries for user ''
08-04 00:44:41.117 31233  2140 I RedditChangeDataManager: All entries written to stream.
08-04 00:44:41.117 31233  2140 I RedditChangeDataIO: Write successful. Atomically replacing data file...
08-04 00:44:41.117 31233  2140 I RedditChangeDataIO: Write complete.
08-04 00:44:41.117 31233  2140 I RedditChangeDataIO: 158 bytes written in 2 ms
08-04 00:44:41.126 31233 31244 I art     : Starting a blocking GC Explicit
08-04 00:44:41.194 31233 31244 I art     : Explicit concurrent mark sweep GC freed 89(5KB) AllocSpace objects, 1(68KB) LOS objects, 29% free, 39MB/55MB, paused 551us total 67.757ms
08-04 00:44:41.216 31233 31244 I art     : Starting a blocking GC Explicit
08-04 00:44:41.284 31233 31244 I art     : Explicit concurrent mark sweep GC freed 6(192B) AllocSpace objects, 0(0B) LOS objects, 29% free, 39MB/55MB, paused 543us total 68.305ms
08-04 00:44:41.305 31233 31244 I art     : Starting a blocking GC Explicit
08-04 00:44:41.381 31233 31244 I art     : Explicit concurrent mark sweep GC freed 3(96B) AllocSpace objects, 0(0B) LOS objects, 29% free, 39MB/55MB, paused 565us total 75.541ms
08-04 00:44:41.752 31233 31540 I art     : Starting a blocking GC Explicit
08-04 00:44:41.825 31233 31540 I art     : Explicit concurrent mark sweep GC freed 1593(119KB) AllocSpace objects, 1(20KB) LOS objects, 29% free, 39MB/55MB, paused 561us total 72.270ms
08-04 00:44:41.849 31233 31540 I art     : Starting a blocking GC Explicit
08-04 00:44:41.919 31233 31540 I art     : Explicit concurrent mark sweep GC freed 85(2880B) AllocSpace objects, 0(0B) LOS objects, 29% free, 39MB/55MB, paused 541us total 70.162ms
08-04 00:44:41.942 31233 31540 I art     : Starting a blocking GC Explicit
08-04 00:44:42.011 31233 31540 I art     : Explicit concurrent mark sweep GC freed 3(96B) AllocSpace objects, 0(0B) LOS objects, 29% free, 39MB/55MB, paused 512us total 68.777ms
08-04 00:44:42.033 31233 31540 I art     : Starting a blocking GC Explicit
08-04 00:44:42.101 31233 31540 I art     : Explicit concurrent mark sweep GC freed 3(96B) AllocSpace objects, 0(0B) LOS objects, 29% free, 39MB/55MB, paused 500us total 68.101ms
08-04 00:44:42.122 31233 31540 I art     : Starting a blocking GC Explicit
08-04 00:44:42.196 31233 31540 I art     : Explicit concurrent mark sweep GC freed 3(96B) AllocSpace objects, 0(0B) LOS objects, 29% free, 39MB/55MB, paused 506us total 72.955ms
08-04 00:44:42.527 31233 31257 I art     : Starting a blocking GC Explicit
08-04 00:44:42.586 31233 31257 I art     : Explicit concurrent mark sweep GC freed 1356(82KB) AllocSpace objects, 1(20KB) LOS objects, 29% free, 39MB/55MB, paused 460us total 58.869ms
08-04 00:44:42.606 31233 31257 I art     : Starting a blocking GC Explicit
08-04 00:44:42.668 31233 31257 I art     : Explicit concurrent mark sweep GC freed 20(704B) AllocSpace objects, 0(0B) LOS objects, 29% free, 39MB/55MB, paused 512us total 61.732ms
08-04 00:44:42.689 31233 31257 I art     : Starting a blocking GC Explicit
08-04 00:44:42.754 31233 31257 I art     : Explicit concurrent mark sweep GC freed 3(96B) AllocSpace objects, 0(0B) LOS objects, 29% free, 39MB/55MB, paused 453us total 64.580ms
08-04 00:44:42.775 31233 31257 I art     : Starting a blocking GC Explicit
08-04 00:44:42.831 31233 31257 I art     : Explicit concurrent mark sweep GC freed 3(96B) AllocSpace objects, 0(0B) LOS objects, 29% free, 39MB/55MB, paused 499us total 55.413ms
08-04 00:44:42.851 31233 31257 I art     : Starting a blocking GC Explicit
08-04 00:44:42.867   518   646 I ThermalEngine: ACTION: GPU - Setting GPU[0] to 510000000
08-04 00:44:42.897  2225  2225 D AndroidRuntime: >>>>>> START com.android.internal.os.RuntimeInit uid 2000 <<<<<<
08-04 00:44:42.903  2225  2225 D AndroidRuntime: CheckJNI is OFF
08-04 00:44:42.912 31233 31257 I art     : Explicit concurrent mark sweep GC freed 3(96B) AllocSpace objects, 0(0B) LOS objects, 29% free, 39MB/55MB, paused 411us total 60.907ms
08-04 00:44:42.943  2225  2225 D ICU     : No timezone override file found: /data/misc/zoneinfo/current/icu/icu_tzdata.dat
08-04 00:44:42.976  2225  2225 I Radio-JNI: register_android_hardware_Radio DONE
08-04 00:44:42.998  2225  2225 D AndroidRuntime: Calling main entry com.android.commands.input.Input
08-04 00:44:43.000  2225  2225 I Input   : injectKeyEvent: KeyEvent { action=ACTION_DOWN, keyCode=KEYCODE_BACK, scanCode=0, metaState=0, flags=0x0, repeatCount=0, eventTime=665099413, downTime=665099413, deviceId=-1, source=0x101 }
08-04 00:44:43.006  2225  2225 I Input   : injectKeyEvent: KeyEvent { action=ACTION_UP, keyCode=KEYCODE_BACK, scanCode=0, metaState=0, flags=0x0, repeatCount=0, eventTime=665099413, downTime=665099413, deviceId=-1, source=0x101 }
08-04 00:44:43.012  2225  2225 D AndroidRuntime: Shutting down VM
08-04 00:44:43.052 13866 13866 I GoogleInputMethodServic: GoogleInputMethodService.onFinishInput():3138 
08-04 00:44:43.053 13866 13866 I GoogleInputMethodServic: GoogleInputMethodService.onStartInput():1808 
08-04 00:44:43.187 31233 31244 I art     : Starting a blocking GC Explicit
08-04 00:44:43.251 31233 31244 I art     : Explicit concurrent mark sweep GC freed 1620(91KB) AllocSpace objects, 1(20KB) LOS objects, 29% free, 39MB/55MB, paused 489us total 63.702ms
08-04 00:44:43.269 31233 31244 I art     : Starting a blocking GC Explicit
08-04 00:44:43.325 31233 31244 I art     : Explicit concurrent mark sweep GC freed 24(864B) AllocSpace objects, 0(0B) LOS objects, 29% free, 39MB/55MB, paused 329us total 55.514ms
08-04 00:44:43.345 31233 31244 I art     : Starting a blocking GC Explicit
08-04 00:44:43.356   380   380 W SurfaceFlinger: couldn't log to binary event log: overflow.
08-04 00:44:43.389 31233 31244 I art     : Explicit concurrent mark sweep GC freed 61(2240B) AllocSpace objects, 0(0B) LOS objects, 29% free, 39MB/55MB, paused 329us total 44.014ms
08-04 00:44:43.404 31233 31244 I art     : Starting a blocking GC Explicit
08-04 00:44:43.451 31233 31244 I art     : Explicit concurrent mark sweep GC freed 11(448B) AllocSpace objects, 0(0B) LOS objects, 29% free, 39MB/55MB, paused 375us total 47.049ms
08-04 00:44:43.467 31233 31244 I art     : Starting a blocking GC Explicit
08-04 00:44:43.507 31233 31244 I art     : Explicit concurrent mark sweep GC freed 41322(2MB) AllocSpace objects, 5(140KB) LOS objects, 30% free, 36MB/52MB, paused 346us total 40.696ms
08-04 00:44:43.820 31233 31257 I art     : Starting a blocking GC Explicit
08-04 00:44:43.870 31233 31257 I art     : Explicit concurrent mark sweep GC freed 1354(82KB) AllocSpace objects, 1(20KB) LOS objects, 30% free, 36MB/52MB, paused 413us total 48.744ms
08-04 00:44:43.889 31233 31257 I art     : Starting a blocking GC Explicit
08-04 00:44:43.929 31233 31257 I art     : Explicit concurrent mark sweep GC freed 20(704B) AllocSpace objects, 0(0B) LOS objects, 30% free, 36MB/52MB, paused 369us total 40.444ms
08-04 00:44:43.944 31233 31257 I art     : Starting a blocking GC Explicit
08-04 00:44:43.983 31233 31257 I art     : Explicit concurrent mark sweep GC freed 3(96B) AllocSpace objects, 0(0B) LOS objects, 30% free, 36MB/52MB, paused 371us total 38.896ms
08-04 00:44:43.998 31233 31257 I art     : Starting a blocking GC Explicit
08-04 00:44:44.037 31233 31257 I art     : Explicit concurrent mark sweep GC freed 3(96B) AllocSpace objects, 0(0B) LOS objects, 30% free, 36MB/52MB, paused 438us total 38.632ms
08-04 00:44:44.052 31233 31257 I art     : Starting a blocking GC Explicit
08-04 00:44:44.090 31233 31257 I art     : Explicit concurrent mark sweep GC freed 3(96B) AllocSpace objects, 0(0B) LOS objects, 30% free, 36MB/52MB, paused 373us total 38.091ms
08-04 00:44:44.383 31233 31245 I art     : Starting a blocking GC Explicit
08-04 00:44:44.422 31233 31245 I art     : Explicit concurrent mark sweep GC freed 1354(82KB) AllocSpace objects, 1(20KB) LOS objects, 30% free, 36MB/52MB, paused 384us total 38.743ms
08-04 00:44:44.437 31233 31245 I art     : Starting a blocking GC Explicit
08-04 00:44:44.474 31233 31245 I art     : Explicit concurrent mark sweep GC freed 20(704B) AllocSpace objects, 0(0B) LOS objects, 30% free, 36MB/52MB, paused 386us total 37.003ms
08-04 00:44:44.489 31233 31245 I art     : Starting a blocking GC Explicit
08-04 00:44:44.525 31233 31245 I art     : Explicit concurrent mark sweep GC freed 3(96B) AllocSpace objects, 0(0B) LOS objects, 30% free, 36MB/52MB, paused 371us total 36.045ms
08-04 00:44:44.539 31233 31245 I art     : Starting a blocking GC Explicit
08-04 00:44:44.575 31233 31245 I art     : Explicit concurrent mark sweep GC freed 3(96B) AllocSpace objects, 0(0B) LOS objects, 30% free, 36MB/52MB, paused 367us total 35.990ms
08-04 00:44:44.589 31233 31245 I art     : Starting a blocking GC Explicit
08-04 00:44:44.626 31233 31245 I art     : Explicit concurrent mark sweep GC freed 3(96B) AllocSpace objects, 0(0B) LOS objects, 30% free, 36MB/52MB, paused 371us total 36.103ms
08-04 00:44:44.682  2272  2272 D AndroidRuntime: >>>>>> START com.android.internal.os.RuntimeInit uid 2000 <<<<<<
08-04 00:44:44.687  2272  2272 D AndroidRuntime: CheckJNI is OFF
08-04 00:44:44.721  2272  2272 D ICU     : No timezone override file found: /data/misc/zoneinfo/current/icu/icu_tzdata.dat
08-04 00:44:44.755  2272  2272 I Radio-JNI: register_android_hardware_Radio DONE
08-04 00:44:44.776  2272  2272 D AndroidRuntime: Calling main entry com.android.commands.input.Input
08-04 00:44:44.778  2272  2272 I Input   : injectMotionEvent: MotionEvent { action=ACTION_DOWN, actionButton=0, id[0]=0, x[0]=600.0, y[0]=938.0, toolType[0]=TOOL_TYPE_UNKNOWN, buttonState=0, metaState=0, flags=0x0, edgeFlags=0x0, pointerCount=1, historySize=0, eventTime=665101191, downTime=665101191, deviceId=0, source=0x1002 }
08-04 00:44:44.784  2272  2272 I Input   : injectMotionEvent: MotionEvent { action=ACTION_UP, actionButton=0, id[0]=0, x[0]=600.0, y[0]=938.0, toolType[0]=TOOL_TYPE_UNKNOWN, buttonState=0, metaState=0, flags=0x0, edgeFlags=0x0, pointerCount=1, historySize=0, eventTime=665101191, downTime=665101191, deviceId=0, source=0x1002 }
08-04 00:44:44.785  2272  2272 D AndroidRuntime: Shutting down VM
08-04 00:44:44.796   918  6111 I ActivityManager: START u0 {dat=https://gfycat.com/... cmp=baseline.org.quantumbadger.redreader/.activities.ImageViewActivity (has extras)} from uid 10666 on display 0
08-04 00:44:44.798   512  2967 D audio_hw_primary: out_set_parameters: enter: usecase(1: low-latency-playback) kvpairs: routing=2
08-04 00:44:44.812   512  2967 D audio_hw_primary: select_devices: out_snd_device(2: speaker) in_snd_device(0: none)
08-04 00:44:44.812   512  2967 D msm8974_platform: platform_send_audio_calibration: sending audio calibration for snd_device(2) acdb_id(15)
08-04 00:44:44.812   512  2967 I soundtrigger: audio_extn_sound_trigger_update_device_status: device 0x2 of type 0 for Event 1
08-04 00:44:44.818 31233 31233 I ImageViewActivity: Loading URL https://gfycat.com/deadlygravecavy
08-04 00:44:44.823   512  2967 D audio_hw_primary: enable_snd_device: snd_device(2: speaker)
08-04 00:44:44.826   512  2967 D audio_hw_primary: enable_audio_route: apply and update mixer path: low-latency-playback speaker
08-04 00:44:44.827 31233  2025 I ImageViewActivity: Got image URL: https://giant.gfycat.com/DeadlyGraveCavy.mp4
08-04 00:44:44.828 31233  2025 I ImageViewActivity: Got image Type: video/mp4
08-04 00:44:44.828 31233  2025 I ImageViewActivity: Got media Type: VIDEO
08-04 00:44:44.828 31233  2025 I ImageViewActivity: Media type VIDEO detected
08-04 00:44:44.828 31233  2025 I ImageViewActivity: Proceeding with download
08-04 00:44:44.831 31233  2303 D OK      : calling: https://giant.gfycat.com/DeadlyGraveCavy.mp4
08-04 00:44:44.881 13866 13866 I GoogleInputMethodServic: GoogleInputMethodService.onFinishInput():3138 
08-04 00:44:44.882 13866 13866 I GoogleInputMethodServic: GoogleInputMethodService.onStartInput():1808 
08-04 00:44:44.905   918   936 I ActivityManager: Displayed baseline.org.quantumbadger.redreader/.activities.ImageViewActivity: +99ms
08-04 00:44:44.920 31233 31245 I art     : Starting a blocking GC Explicit
08-04 00:44:44.965 31233 31245 I art     : Explicit concurrent mark sweep GC freed 3990(277KB) AllocSpace objects, 1(20KB) LOS objects, 30% free, 36MB/52MB, paused 371us total 44.806ms
08-04 00:44:44.979 31233 31245 I art     : Starting a blocking GC Explicit
08-04 00:44:45.015 31233 31245 I art     : Explicit concurrent mark sweep GC freed 205(8KB) AllocSpace objects, 0(0B) LOS objects, 30% free, 36MB/52MB, paused 395us total 35.943ms
08-04 00:44:45.029 31233 31245 I art     : Starting a blocking GC Explicit
08-04 00:44:45.070 31233 31245 I art     : Explicit concurrent mark sweep GC freed 1742(67KB) AllocSpace objects, 0(0B) LOS objects, 30% free, 36MB/52MB, paused 448us total 40.293ms
08-04 00:44:45.087 31233 31245 I art     : Starting a blocking GC Explicit
08-04 00:44:45.133 31233 31245 I art     : Explicit concurrent mark sweep GC freed 93(3KB) AllocSpace objects, 0(0B) LOS objects, 30% free, 36MB/52MB, paused 390us total 45.815ms
08-04 00:44:45.150 31233 31245 I art     : Starting a blocking GC Explicit
08-04 00:44:45.159   380   380 W SurfaceFlinger: couldn't log to binary event log: overflow.
08-04 00:44:45.189 31233 31245 I art     : Explicit concurrent mark sweep GC freed 7(256B) AllocSpace objects, 0(0B) LOS objects, 30% free, 36MB/52MB, paused 413us total 38.901ms
08-04 00:44:45.203 31233  2303 I NAPPA_EXPERIMENTATION: MetricNetworkRequestExecutionTime: REQUEST_DURATION_SYSTEM='372',REQUEST_DURATION_OKHTTP='152',REQUEST_SYNCHRONOUS='TRUE',RESPONSE_CODE='200',RESPONSE_METHOD='GET',RESPONSE_LENGTH_OKHTTP='1942309',RESPONSE_LENGTH_HEADER='1942309',REQUEST_PROTOCOL='h2',REQUEST_URL='https://giant.gfycat.com/DeadlyGraveCavy.mp4',
08-04 00:44:45.204 31233  2303 D OK      : request got status: 200
08-04 00:44:45.369   512  2967 D audio_hw_primary: disable_audio_route: reset and update mixer path: low-latency-playback speaker
08-04 00:44:45.370   512  2967 D audio_hw_primary: disable_snd_device: snd_device(2: speaker)
08-04 00:44:45.380   512  2967 I soundtrigger: audio_extn_sound_trigger_update_device_status: device 0x2 of type 0 for Event 0
08-04 00:44:45.480 31233 31257 I art     : Starting a blocking GC Explicit
08-04 00:44:45.519 31233 31257 I art     : Explicit concurrent mark sweep GC freed 3214(759KB) AllocSpace objects, 1(20KB) LOS objects, 29% free, 37MB/53MB, paused 460us total 38.721ms
08-04 00:44:45.534 31233 31257 I art     : Starting a blocking GC Explicit
08-04 00:44:45.570 31233 31257 I art     : Explicit concurrent mark sweep GC freed 330(510KB) AllocSpace objects, 0(0B) LOS objects, 29% free, 37MB/53MB, paused 435us total 35.984ms
08-04 00:44:45.584 31233 31257 I art     : Starting a blocking GC Explicit
08-04 00:44:45.617 31233 31233 I ImageViewActivity: Playing video using ExoPlayer
08-04 00:44:45.624 31233 31257 I art     : Explicit concurrent mark sweep GC freed 388(235KB) AllocSpace objects, 1(68KB) LOS objects, 30% free, 37MB/53MB, paused 1.357ms total 39.064ms
08-04 00:44:45.638 31233 31257 I art     : Starting a blocking GC Explicit
08-04 00:44:45.677 31233 31233 I ExoPlayerImpl: Init 10cc9af [ExoPlayerLib/2.10.8] [angler, Nexus 6P, Huawei, 23]
08-04 00:44:45.701 31233 31257 I art     : Explicit concurrent mark sweep GC freed 1507(188KB) AllocSpace objects, 1(68KB) LOS objects, 29% free, 37MB/53MB, paused 1.086ms total 63.518ms
08-04 00:44:45.716 31233 31257 I art     : Starting a blocking GC Explicit
08-04 00:44:45.762 31233 31257 I art     : Explicit concurrent mark sweep GC freed 2305(252KB) AllocSpace objects, 4(168KB) LOS objects, 29% free, 38MB/54MB, paused 5.589ms total 45.165ms
08-04 00:44:45.852 31233  2323 W VideoCapabilities: Unrecognized profile 2130706433 for video/avc
08-04 00:44:45.874   518   646 I ThermalEngine: ACTION: GPU - Setting GPU[0] to 450000000
08-04 00:44:45.877 31233  2323 I VideoCapabilities: Unsupported profile 4 for video/mp4v-es
08-04 00:44:45.895 31233  2328 I OMXClient: Using client-side OMX mux.
08-04 00:44:46.074 31233 31245 I art     : Starting a blocking GC Explicit
08-04 00:44:46.075   512 12931 I OMX-VDEC-1080P: component_init: OMX.qcom.video.decoder.avc : fd=49
08-04 00:44:46.076   512 12931 I OMX-VDEC-1080P: Capabilities: driver_name = msm_vidc_driver, card = msm_vdec_8974, bus_info = , version = 1, capabilities = 4003000
08-04 00:44:46.081   512 12931 I OMX-VDEC-1080P: Enabling default extradata for OMX.qcom.video.decoder.avc
08-04 00:44:46.084   512 12931 I OMX-VDEC-1080P: omx_vdec::component_init() success : fd=49
08-04 00:44:46.088 31233  2327 I MediaCodec: [OMX.qcom.video.decoder.avc] setting surface generation to 31982593
08-04 00:44:46.089   512 12932 E OMX-VDEC-1080P: Extension: OMX.google.android.index.storeANWBufferInMetadata not implemented
08-04 00:44:46.117 31233  2328 D SurfaceUtils: set up nativeWindow 0x7f7f059810 for 360x306, color 0x7fa30c04, rotation 0, usage 0x42002900
08-04 00:44:46.126 31233 31245 I art     : Explicit concurrent mark sweep GC freed 7049(343KB) AllocSpace objects, 1(20KB) LOS objects, 28% free, 39MB/55MB, paused 594us total 51.333ms
08-04 00:44:46.147 31233 31245 I art     : Starting a blocking GC Explicit
08-04 00:44:46.151 31233  2328 D SurfaceUtils: set up nativeWindow 0x7f7f059810 for 368x320, color 0x7fa30c04, rotation 0, usage 0x42002900
08-04 00:44:46.195 31233 31245 I art     : Explicit concurrent mark sweep GC freed 238(46KB) AllocSpace objects, 0(0B) LOS objects, 28% free, 40MB/56MB, paused 1.044ms total 47.997ms
08-04 00:44:46.216 31233 31245 I art     : Starting a blocking GC Explicit
08-04 00:44:46.260 31233 31245 I art     : Explicit concurrent mark sweep GC freed 88(11KB) AllocSpace objects, 1(68KB) LOS objects, 28% free, 40MB/56MB, paused 480us total 44.078ms
08-04 00:44:46.278 31233 31245 I art     : Starting a blocking GC Explicit
08-04 00:44:46.326 31233 31245 I art     : Explicit concurrent mark sweep GC freed 33(1200B) AllocSpace objects, 0(0B) LOS objects, 28% free, 40MB/56MB, paused 566us total 47.009ms
08-04 00:44:46.345 31233 31245 I art     : Starting a blocking GC Explicit
08-04 00:44:46.396 31233 31245 I art     : Explicit concurrent mark sweep GC freed 23(832B) AllocSpace objects, 0(0B) LOS objects, 28% free, 40MB/56MB, paused 541us total 50.744ms
08-04 00:44:46.773 31233 31257 I art     : Starting a blocking GC Explicit
08-04 00:44:46.820 31233 31257 I art     : Explicit concurrent mark sweep GC freed 1494(87KB) AllocSpace objects, 1(20KB) LOS objects, 28% free, 40MB/56MB, paused 541us total 46.927ms
08-04 00:44:46.838 31233 31257 I art     : Starting a blocking GC Explicit
08-04 00:44:46.884 31233 31257 I art     : Explicit concurrent mark sweep GC freed 43(1600B) AllocSpace objects, 0(0B) LOS objects, 28% free, 40MB/56MB, paused 465us total 45.160ms
08-04 00:44:46.903 31233 31257 I art     : Starting a blocking GC Explicit
08-04 00:44:46.953 31233 31257 I art     : Explicit concurrent mark sweep GC freed 25(928B) AllocSpace objects, 0(0B) LOS objects, 28% free, 40MB/56MB, paused 517us total 50.323ms
08-04 00:44:46.973 31233 31257 I art     : Starting a blocking GC Explicit
08-04 00:44:47.023 31233 31257 I art     : Explicit concurrent mark sweep GC freed 24(864B) AllocSpace objects, 0(0B) LOS objects, 28% free, 40MB/56MB, paused 563us total 49.877ms
08-04 00:44:47.042 31233 31257 I art     : Starting a blocking GC Explicit
08-04 00:44:47.092 31233 31257 I art     : Explicit concurrent mark sweep GC freed 26(992B) AllocSpace objects, 0(0B) LOS objects, 28% free, 40MB/56MB, paused 561us total 49.679ms
08-04 00:44:47.446 31233 31244 I art     : Starting a blocking GC Explicit
08-04 00:44:47.496 31233 31244 I art     : Explicit concurrent mark sweep GC freed 1486(87KB) AllocSpace objects, 1(20KB) LOS objects, 28% free, 40MB/56MB, paused 514us total 50.420ms
08-04 00:44:47.515 31233 31244 I art     : Starting a blocking GC Explicit
08-04 00:44:47.564 31233 31244 I art     : Explicit concurrent mark sweep GC freed 46(1680B) AllocSpace objects, 0(0B) LOS objects, 28% free, 40MB/56MB, paused 495us total 48.730ms
08-04 00:44:47.584 31233 31244 I art     : Starting a blocking GC Explicit
08-04 00:44:47.627 31233 31244 I art     : Explicit concurrent mark sweep GC freed 21(784B) AllocSpace objects, 0(0B) LOS objects, 28% free, 40MB/56MB, paused 657us total 43.365ms
08-04 00:44:47.646 31233 31244 I art     : Starting a blocking GC Explicit
08-04 00:44:47.693 31233 31244 I art     : Explicit concurrent mark sweep GC freed 25(928B) AllocSpace objects, 0(0B) LOS objects, 28% free, 40MB/56MB, paused 489us total 46.536ms
08-04 00:44:47.712 31233 31244 I art     : Starting a blocking GC Explicit
08-04 00:44:47.763 31233 31244 I art     : Explicit concurrent mark sweep GC freed 27(976B) AllocSpace objects, 0(0B) LOS objects, 28% free, 40MB/56MB, paused 519us total 50.454ms
08-04 00:44:48.122 31233 31540 I art     : Starting a blocking GC Explicit
08-04 00:44:48.174 31233 31540 I art     : Explicit concurrent mark sweep GC freed 1490(88KB) AllocSpace objects, 1(20KB) LOS objects, 28% free, 40MB/56MB, paused 524us total 51.697ms
08-04 00:44:48.194 31233 31540 I art     : Starting a blocking GC Explicit
08-04 00:44:48.246 31233 31540 I art     : Explicit concurrent mark sweep GC freed 42(1536B) AllocSpace objects, 0(0B) LOS objects, 28% free, 40MB/56MB, paused 551us total 52.339ms
08-04 00:44:48.266 31233 31540 I art     : Starting a blocking GC Explicit
08-04 00:44:48.316 31233 31540 I art     : Explicit concurrent mark sweep GC freed 25(928B) AllocSpace objects, 0(0B) LOS objects, 28% free, 40MB/56MB, paused 533us total 48.895ms
08-04 00:44:48.316 31233 31243 I art     : WaitForGcToComplete blocked for 47.455ms for cause HeapTrim
08-04 00:44:48.335 31233 31540 I art     : Starting a blocking GC Explicit
08-04 00:44:48.387 31233 31540 I art     : Explicit concurrent mark sweep GC freed 32(1200B) AllocSpace objects, 0(0B) LOS objects, 28% free, 40MB/56MB, paused 569us total 51.326ms
08-04 00:44:48.406 31233 31540 I art     : Starting a blocking GC Explicit
08-04 00:44:48.457 31233 31540 I art     : Explicit concurrent mark sweep GC freed 25(928B) AllocSpace objects, 0(0B) LOS objects, 28% free, 40MB/56MB, paused 645us total 50.887ms
08-04 00:44:48.822 31233 31245 I art     : Starting a blocking GC Explicit
08-04 00:44:48.876 31233 31245 I art     : Explicit concurrent mark sweep GC freed 1491(88KB) AllocSpace objects, 1(20KB) LOS objects, 28% free, 40MB/56MB, paused 544us total 54.076ms
08-04 00:44:48.897 31233 31245 I art     : Starting a blocking GC Explicit
08-04 00:44:48.947 31233 31245 I art     : Explicit concurrent mark sweep GC freed 43(1584B) AllocSpace objects, 0(0B) LOS objects, 28% free, 40MB/56MB, paused 622us total 50.438ms
08-04 00:44:48.967 31233 31245 I art     : Starting a blocking GC Explicit
08-04 00:44:49.019 31233 31245 I art     : Explicit concurrent mark sweep GC freed 31(1136B) AllocSpace objects, 0(0B) LOS objects, 28% free, 40MB/56MB, paused 592us total 51.927ms
08-04 00:44:49.038 31233 31245 I art     : Starting a blocking GC Explicit
08-04 00:44:49.091 31233 31245 I art     : Explicit concurrent mark sweep GC freed 26(992B) AllocSpace objects, 0(0B) LOS objects, 28% free, 40MB/56MB, paused 596us total 51.972ms
08-04 00:44:49.110 31233 31245 I art     : Starting a blocking GC Explicit
08-04 00:44:49.162 31233 31245 I art     : Explicit concurrent mark sweep GC freed 25(928B) AllocSpace objects, 0(0B) LOS objects, 28% free, 40MB/56MB, paused 528us total 51.156ms
08-04 00:44:49.180 26997 26997 I ServiceManager: Waiting for service AtCmdFwd...
08-04 00:44:49.418 21114 21319 E GoogleConversionReporter: Error sending ping
08-04 00:44:49.418 21114 21319 E GoogleConversionReporter: bljc: Exception in CronetUrlRequest: net::ERR_CONNECTION_CLOSED, ErrorCode=5, InternalErrorCode=-100, Retryable=true
08-04 00:44:49.418 21114 21319 E GoogleConversionReporter: 	at org.chromium.net.impl.CronetUrlRequest.onError(PG:55)
08-04 00:44:49.527 31233 31244 I art     : Starting a blocking GC Explicit
08-04 00:44:49.579 31233 31244 I art     : Explicit concurrent mark sweep GC freed 1494(88KB) AllocSpace objects, 1(20KB) LOS objects, 28% free, 40MB/56MB, paused 542us total 51.060ms
08-04 00:44:49.599 31233 31244 I art     : Starting a blocking GC Explicit
08-04 00:44:49.652 31233 31244 I art     : Explicit concurrent mark sweep GC freed 42(1536B) AllocSpace objects, 0(0B) LOS objects, 28% free, 40MB/56MB, paused 526us total 52.517ms
08-04 00:44:49.671 31233 31244 I art     : Starting a blocking GC Explicit
08-04 00:44:49.720 31233 31244 I art     : Explicit concurrent mark sweep GC freed 35(1248B) AllocSpace objects, 0(0B) LOS objects, 28% free, 40MB/56MB, paused 736us total 49.110ms
08-04 00:44:49.740 31233 31244 I art     : Starting a blocking GC Explicit
08-04 00:44:49.792 31233 31244 I art     : Explicit concurrent mark sweep GC freed 21(816B) AllocSpace objects, 0(0B) LOS objects, 28% free, 40MB/56MB, paused 543us total 52.328ms
08-04 00:44:49.807 31233  2300 I RedditChangeDataIO: Writing tmp data file at '/data/user/0/baseline.org.quantumbadger.redreader/files/rr_change_data_tmp.dat'
08-04 00:44:49.807 31233  2300 I RedditChangeDataManager: Taking snapshot...
08-04 00:44:49.808 31233  2300 I RedditChangeDataManager: Writing to stream...
08-04 00:44:49.808 31233  2300 I RedditChangeDataManager: Wrote 6 entries for user ''
08-04 00:44:49.808 31233  2300 I RedditChangeDataManager: All entries written to stream.
08-04 00:44:49.808 31233  2300 I RedditChangeDataIO: Write successful. Atomically replacing data file...
08-04 00:44:49.808 31233  2300 I RedditChangeDataIO: Write complete.
08-04 00:44:49.809 31233  2300 I RedditChangeDataIO: 158 bytes written in 1 ms
08-04 00:44:49.812 31233 31244 I art     : Starting a blocking GC Explicit
08-04 00:44:49.862 31233 31244 I art     : Explicit concurrent mark sweep GC freed 118(6KB) AllocSpace objects, 1(68KB) LOS objects, 28% free, 40MB/56MB, paused 559us total 50.459ms
08-04 00:44:50.181 26997 26997 I ServiceManager: Waiting for service AtCmdFwd...
08-04 00:44:50.218 31233 31540 I art     : Starting a blocking GC Explicit
08-04 00:44:50.274 31233 31540 I art     : Explicit concurrent mark sweep GC freed 1493(87KB) AllocSpace objects, 1(20KB) LOS objects, 28% free, 40MB/56MB, paused 574us total 55.345ms
08-04 00:44:50.294 31233 31540 I art     : Starting a blocking GC Explicit
08-04 00:44:50.344 31233 31540 I art     : Explicit concurrent mark sweep GC freed 39(1472B) AllocSpace objects, 0(0B) LOS objects, 28% free, 40MB/56MB, paused 589us total 48.948ms
08-04 00:44:50.363 31233 31540 I art     : Starting a blocking GC Explicit
08-04 00:44:50.416 31233 31540 I art     : Explicit concurrent mark sweep GC freed 25(928B) AllocSpace objects, 0(0B) LOS objects, 28% free, 40MB/56MB, paused 555us total 52.104ms
08-04 00:44:50.435 31233 31540 I art     : Starting a blocking GC Explicit
08-04 00:44:50.487 31233 31540 I art     : Explicit concurrent mark sweep GC freed 31(1136B) AllocSpace objects, 0(0B) LOS objects, 28% free, 40MB/56MB, paused 501us total 51.342ms
08-04 00:44:50.506 31233 31540 I art     : Starting a blocking GC Explicit
08-04 00:44:50.559 31233 31540 I art     : Explicit concurrent mark sweep GC freed 19(720B) AllocSpace objects, 0(0B) LOS objects, 28% free, 40MB/56MB, paused 558us total 52.143ms
08-04 00:44:50.882   518   646 I ThermalEngine: ACTION: GPU - Setting GPU[0] to 510000000
08-04 00:44:50.915 31233 31540 I art     : Starting a blocking GC Explicit
08-04 00:44:50.958 31233 31540 I art     : Explicit concurrent mark sweep GC freed 1679(119KB) AllocSpace objects, 1(20KB) LOS objects, 28% free, 40MB/56MB, paused 406us total 42.744ms
08-04 00:44:50.973 31233 31540 I art     : Starting a blocking GC Explicit
08-04 00:44:51.011 31233 31540 I art     : Explicit concurrent mark sweep GC freed 101(3KB) AllocSpace objects, 0(0B) LOS objects, 28% free, 40MB/56MB, paused 348us total 38.227ms
08-04 00:44:51.026 31233 31540 I art     : Starting a blocking GC Explicit
08-04 00:44:51.064 31233 31540 I art     : Explicit concurrent mark sweep GC freed 25(928B) AllocSpace objects, 0(0B) LOS objects, 28% free, 40MB/56MB, paused 344us total 37.559ms
08-04 00:44:51.078 31233 31540 I art     : Starting a blocking GC Explicit
08-04 00:44:51.115 31233 31540 I art     : Explicit concurrent mark sweep GC freed 18(624B) AllocSpace objects, 0(0B) LOS objects, 28% free, 40MB/56MB, paused 352us total 36.054ms
08-04 00:44:51.129 31233 31540 I art     : Starting a blocking GC Explicit
08-04 00:44:51.166 31233 31540 I art     : Explicit concurrent mark sweep GC freed 21(816B) AllocSpace objects, 0(0B) LOS objects, 28% free, 40MB/56MB, paused 380us total 36.767ms
08-04 00:44:51.181 26997 26997 I ServiceManager: Waiting for service AtCmdFwd...
08-04 00:44:51.435  2421  2421 D AndroidRuntime: >>>>>> START com.android.internal.os.RuntimeInit uid 2000 <<<<<<
08-04 00:44:51.440  2421  2421 D AndroidRuntime: CheckJNI is OFF
08-04 00:44:51.473  2421  2421 D ICU     : No timezone override file found: /data/misc/zoneinfo/current/icu/icu_tzdata.dat
08-04 00:44:51.490 31233 31257 I art     : Starting a blocking GC Explicit
08-04 00:44:51.506  2421  2421 I Radio-JNI: register_android_hardware_Radio DONE
08-04 00:44:51.528  2421  2421 D AndroidRuntime: Calling main entry com.android.commands.input.Input
08-04 00:44:51.530 31233 31257 I art     : Explicit concurrent mark sweep GC freed 1471(87KB) AllocSpace objects, 1(20KB) LOS objects, 28% free, 40MB/56MB, paused 453us total 39.825ms
08-04 00:44:51.531  2421  2421 I Input   : injectKeyEvent: KeyEvent { action=ACTION_DOWN, keyCode=KEYCODE_BACK, scanCode=0, metaState=0, flags=0x0, repeatCount=0, eventTime=665107944, downTime=665107944, deviceId=-1, source=0x101 }
08-04 00:44:51.542  2421  2421 I Input   : injectKeyEvent: KeyEvent { action=ACTION_UP, keyCode=KEYCODE_BACK, scanCode=0, metaState=0, flags=0x0, repeatCount=0, eventTime=665107944, downTime=665107944, deviceId=-1, source=0x101 }
08-04 00:44:51.545 31233 31257 I art     : Starting a blocking GC Explicit
08-04 00:44:51.549  2421  2421 D AndroidRuntime: Shutting down VM
08-04 00:44:51.582 31233 31257 I art     : Explicit concurrent mark sweep GC freed 177(6KB) AllocSpace objects, 0(0B) LOS objects, 28% free, 40MB/56MB, paused 362us total 36.737ms
08-04 00:44:51.597 31233 31257 I art     : Starting a blocking GC Explicit
08-04 00:44:51.599 13866 13866 I GoogleInputMethodServic: GoogleInputMethodService.onFinishInput():3138 
08-04 00:44:51.600 13866 13866 I GoogleInputMethodServic: GoogleInputMethodService.onStartInput():1808 
08-04 00:44:51.633 31233 31257 I art     : Explicit concurrent mark sweep GC freed 103(3KB) AllocSpace objects, 0(0B) LOS objects, 28% free, 40MB/56MB, paused 529us total 36.302ms
08-04 00:44:51.648 31233 31257 I art     : Starting a blocking GC Explicit
08-04 00:44:51.676 31233  2327 I MediaCodec: [OMX.qcom.video.decoder.avc] setting surface generation to 31982594
08-04 00:44:51.677 31233  2328 D SurfaceUtils: set up nativeWindow 0x7f7f05a610 for 368x320, color 0x7fa30c04, rotation 0, usage 0x42002900
08-04 00:44:51.687 31233 31257 I art     : Explicit concurrent mark sweep GC freed 70(3024B) AllocSpace objects, 0(0B) LOS objects, 28% free, 40MB/56MB, paused 676us total 39.007ms
08-04 00:44:51.702 31233 31257 I art     : Starting a blocking GC Explicit
08-04 00:44:51.737 31233 31257 I art     : Explicit concurrent mark sweep GC freed 16(2272B) AllocSpace objects, 0(0B) LOS objects, 28% free, 40MB/56MB, paused 367us total 35.496ms
08-04 00:44:51.933   380   380 W SurfaceFlinger: couldn't log to binary event log: overflow.
08-04 00:44:51.939 31233 31233 I ExoPlayerImpl: Release 10cc9af [ExoPlayerLib/2.10.8] [angler, Nexus 6P, Huawei, 23] [goog.exo.core, goog.exo.ui]
08-04 00:44:51.956   512   512 I OMX-VDEC-1080P: omx_vdec::component_deinit() complete
08-04 00:44:51.959   512   512 I OMX-VDEC-1080P: Exit OMX vdec Destructor: fd=49
08-04 00:44:52.031 31233 31245 I art     : Starting a blocking GC Explicit
08-04 00:44:52.070 31233 31245 I art     : Explicit concurrent mark sweep GC freed 1849(187KB) AllocSpace objects, 36(2MB) LOS objects, 29% free, 37MB/53MB, paused 405us total 39.608ms
08-04 00:44:52.085 31233 31245 I art     : Starting a blocking GC Explicit
08-04 00:44:52.124 31233 31245 I art     : Explicit concurrent mark sweep GC freed 2912(161KB) AllocSpace objects, 4(200KB) LOS objects, 29% free, 37MB/53MB, paused 376us total 39.017ms
08-04 00:44:52.139 31233 31245 I art     : Starting a blocking GC Explicit
08-04 00:44:52.180 31233 31245 I art     : Explicit concurrent mark sweep GC freed 3(96B) AllocSpace objects, 0(0B) LOS objects, 29% free, 37MB/53MB, paused 390us total 40.333ms
08-04 00:44:52.182 26997 26997 I ServiceManager: Waiting for service AtCmdFwd...
08-04 00:44:52.195 31233 31245 I art     : Starting a blocking GC Explicit
08-04 00:44:52.236 31233 31245 I art     : Explicit concurrent mark sweep GC freed 3(96B) AllocSpace objects, 0(0B) LOS objects, 29% free, 37MB/53MB, paused 379us total 40.765ms
08-04 00:44:52.251 31233 31245 I art     : Starting a blocking GC Explicit
08-04 00:44:52.292 31233 31245 I art     : Explicit concurrent mark sweep GC freed 3(96B) AllocSpace objects, 0(0B) LOS objects, 29% free, 37MB/53MB, paused 444us total 40.612ms
08-04 00:44:52.607 31233 31257 I art     : Starting a blocking GC Explicit
08-04 00:44:52.647 31233 31257 I art     : Explicit concurrent mark sweep GC freed 1354(82KB) AllocSpace objects, 1(20KB) LOS objects, 29% free, 37MB/53MB, paused 387us total 39.894ms
08-04 00:44:52.662 31233 31257 I art     : Starting a blocking GC Explicit
08-04 00:44:52.703 31233 31257 I art     : Explicit concurrent mark sweep GC freed 20(704B) AllocSpace objects, 0(0B) LOS objects, 29% free, 37MB/53MB, paused 390us total 41.176ms
08-04 00:44:52.718 31233 31257 I art     : Starting a blocking GC Explicit
08-04 00:44:52.759 31233 31257 I art     : Explicit concurrent mark sweep GC freed 3(96B) AllocSpace objects, 0(0B) LOS objects, 29% free, 37MB/53MB, paused 387us total 40.452ms
08-04 00:44:52.774 31233 31257 I art     : Starting a blocking GC Explicit
08-04 00:44:52.812 31233 31257 I art     : Explicit concurrent mark sweep GC freed 3(96B) AllocSpace objects, 0(0B) LOS objects, 29% free, 37MB/53MB, paused 355us total 37.468ms
08-04 00:44:52.826 31233 31257 I art     : Starting a blocking GC Explicit
08-04 00:44:52.863 31233 31257 I art     : Explicit concurrent mark sweep GC freed 3(96B) AllocSpace objects, 0(0B) LOS objects, 29% free, 37MB/53MB, paused 370us total 36.600ms
08-04 00:44:52.888   518   646 I ThermalEngine: ACTION: GPU - Setting GPU[0] to 450000000
08-04 00:44:53.182 26997 26997 I ServiceManager: Waiting for service AtCmdFwd...
08-04 00:44:53.184 31233  2450 I art     : Starting a blocking GC Explicit
08-04 00:44:53.239 31233  2450 I art     : Explicit concurrent mark sweep GC freed 1354(82KB) AllocSpace objects, 1(20KB) LOS objects, 29% free, 37MB/53MB, paused 512us total 54.470ms
08-04 00:44:53.258 31233  2450 I art     : Starting a blocking GC Explicit
08-04 00:44:53.304  2473  2473 D AndroidRuntime: >>>>>> START com.android.internal.os.RuntimeInit uid 2000 <<<<<<
08-04 00:44:53.309 31233  2450 I art     : Explicit concurrent mark sweep GC freed 20(704B) AllocSpace objects, 0(0B) LOS objects, 29% free, 37MB/53MB, paused 512us total 50.907ms
08-04 00:44:53.310  2473  2473 D AndroidRuntime: CheckJNI is OFF
08-04 00:44:53.329 31233  2450 I art     : Starting a blocking GC Explicit
08-04 00:44:53.357  2473  2473 D ICU     : No timezone override file found: /data/misc/zoneinfo/current/icu/icu_tzdata.dat
08-04 00:44:53.377 31233  2450 I art     : Explicit concurrent mark sweep GC freed 3(96B) AllocSpace objects, 0(0B) LOS objects, 29% free, 37MB/53MB, paused 530us total 48.075ms
08-04 00:44:53.397 31233  2450 I art     : Starting a blocking GC Explicit
08-04 00:44:53.405  2473  2473 I Radio-JNI: register_android_hardware_Radio DONE
08-04 00:44:53.435  2473  2473 D AndroidRuntime: Calling main entry com.android.commands.input.Input
08-04 00:44:53.437  2473  2473 I Input   : injectMotionEvent: MotionEvent { action=ACTION_DOWN, actionButton=0, id[0]=0, x[0]=1340.0, y[0]=1100.0, toolType[0]=TOOL_TYPE_UNKNOWN, buttonState=0, metaState=0, flags=0x0, edgeFlags=0x0, pointerCount=1, historySize=0, eventTime=665109849, downTime=665109849, deviceId=0, source=0x1002 }
08-04 00:44:53.442  2473  2473 I Input   : injectMotionEvent: MotionEvent { action=ACTION_UP, actionButton=0, id[0]=0, x[0]=1340.0, y[0]=1100.0, toolType[0]=TOOL_TYPE_UNKNOWN, buttonState=0, metaState=0, flags=0x0, edgeFlags=0x0, pointerCount=1, historySize=0, eventTime=665109849, downTime=665109849, deviceId=0, source=0x1002 }
08-04 00:44:53.445  2473  2473 D AndroidRuntime: Shutting down VM
08-04 00:44:53.445 31233  2450 I art     : Explicit concurrent mark sweep GC freed 3(96B) AllocSpace objects, 0(0B) LOS objects, 29% free, 37MB/53MB, paused 701us total 48.013ms
08-04 00:44:53.445 31233 31243 I art     : WaitForGcToComplete blocked for 48.251ms for cause HeapTrim
08-04 00:44:53.459   512  2967 D audio_hw_primary: out_set_parameters: enter: usecase(1: low-latency-playback) kvpairs: routing=2
08-04 00:44:53.459   918  5952 I ActivityManager: START u0 {dat=https://oauth.reddit.com/... cmp=baseline.org.quantumbadger.redreader/.activities.CommentListingActivity} from uid 10666 on display 0
08-04 00:44:53.472   512  2967 D audio_hw_primary: select_devices: out_snd_device(2: speaker) in_snd_device(0: none)
08-04 00:44:53.472   512  2967 D msm8974_platform: platform_send_audio_calibration: sending audio calibration for snd_device(2) acdb_id(15)
08-04 00:44:53.472   512  2967 I soundtrigger: audio_extn_sound_trigger_update_device_status: device 0x2 of type 0 for Event 1
08-04 00:44:53.476 31233  2450 I art     : Starting a blocking GC Explicit
08-04 00:44:53.485   512  2967 D audio_hw_primary: enable_snd_device: snd_device(2: speaker)
08-04 00:44:53.487   512  2967 D audio_hw_primary: enable_audio_route: apply and update mixer path: low-latency-playback speaker
08-04 00:44:53.489 31233 31233 I AppCompatViewInflater: app:theme is now deprecated. Please move to using android:theme instead.
08-04 00:44:53.507 31233  2025 I CommentListingActivity: COMMENTS session changed to 5a4cb438-0e09-4eb4-beb7-63b8c6726c3d
08-04 00:44:53.525 31233  2450 I art     : Explicit concurrent mark sweep GC freed 2872(183KB) AllocSpace objects, 0(0B) LOS objects, 29% free, 37MB/53MB, paused 1.576ms total 48.865ms
08-04 00:44:53.618   918   936 I ActivityManager: Displayed baseline.org.quantumbadger.redreader/.activities.CommentListingActivity: +150ms
08-04 00:44:53.618 13866 13866 I GoogleInputMethodServic: GoogleInputMethodService.onFinishInput():3138 
08-04 00:44:53.621 13866 13866 I GoogleInputMethodServic: GoogleInputMethodService.onStartInput():1808 
08-04 00:44:53.841 31233 31245 I art     : Starting a blocking GC Explicit
08-04 00:44:53.868   380   380 W SurfaceFlinger: couldn't log to binary event log: overflow.
08-04 00:44:53.912 31233 31245 I art     : Explicit concurrent mark sweep GC freed 41499(2MB) AllocSpace objects, 1(20KB) LOS objects, 28% free, 39MB/55MB, paused 433us total 70.337ms
08-04 00:44:53.932 31233 31245 I art     : Starting a blocking GC Explicit
08-04 00:44:53.989 31233 31245 I art     : Explicit concurrent mark sweep GC freed 238(13KB) AllocSpace objects, 0(0B) LOS objects, 28% free, 39MB/55MB, paused 451us total 56.814ms
08-04 00:44:54.010 31233 31245 I art     : Starting a blocking GC Explicit
08-04 00:44:54.029   512  2967 D audio_hw_primary: disable_audio_route: reset and update mixer path: low-latency-playback speaker
08-04 00:44:54.030   512  2967 D audio_hw_primary: disable_snd_device: snd_device(2: speaker)
08-04 00:44:54.039   512  2967 I soundtrigger: audio_extn_sound_trigger_update_device_status: device 0x2 of type 0 for Event 0
08-04 00:44:54.070 31233 31245 I art     : Explicit concurrent mark sweep GC freed 153(5KB) AllocSpace objects, 0(0B) LOS objects, 28% free, 39MB/55MB, paused 548us total 59.734ms
08-04 00:44:54.091 31233 31245 I art     : Starting a blocking GC Explicit
08-04 00:44:54.146 31233 31245 I art     : Explicit concurrent mark sweep GC freed 7(224B) AllocSpace objects, 0(0B) LOS objects, 28% free, 39MB/55MB, paused 486us total 54.874ms
08-04 00:44:54.168 31233 31245 I art     : Starting a blocking GC Explicit
08-04 00:44:54.183 26997 26997 W Atfwd_Sendcmd: AtCmdFwd service not published, waiting... retryCnt : 5
08-04 00:44:54.228 31233 31245 I art     : Explicit concurrent mark sweep GC freed 3(96B) AllocSpace objects, 0(0B) LOS objects, 28% free, 39MB/55MB, paused 460us total 60.551ms
08-04 00:44:54.572 31233  2450 I art     : Starting a blocking GC Explicit
08-04 00:44:54.635 31233  2450 I art     : Explicit concurrent mark sweep GC freed 1354(82KB) AllocSpace objects, 1(20KB) LOS objects, 28% free, 39MB/55MB, paused 506us total 62.634ms
08-04 00:44:54.656 31233  2450 I art     : Starting a blocking GC Explicit
08-04 00:44:54.720 31233  2450 I art     : Explicit concurrent mark sweep GC freed 66(2528B) AllocSpace objects, 0(0B) LOS objects, 28% free, 39MB/55MB, paused 519us total 64.355ms
08-04 00:44:54.742 31233  2450 I art     : Starting a blocking GC Explicit
08-04 00:44:54.806 31233  2450 I art     : Explicit concurrent mark sweep GC freed 3(96B) AllocSpace objects, 0(0B) LOS objects, 28% free, 39MB/55MB, paused 555us total 63.647ms
08-04 00:44:54.827 31233  2450 I art     : Starting a blocking GC Explicit
08-04 00:44:54.891 31233  2450 I art     : Explicit concurrent mark sweep GC freed 3(96B) AllocSpace objects, 0(0B) LOS objects, 28% free, 39MB/55MB, paused 507us total 63.466ms
08-04 00:44:54.912 31233  2450 I art     : Starting a blocking GC Explicit
08-04 00:44:54.976 31233  2450 I art     : Explicit concurrent mark sweep GC freed 3(96B) AllocSpace objects, 0(0B) LOS objects, 28% free, 39MB/55MB, paused 474us total 63.743ms
08-04 00:44:55.352 31233 31244 I art     : Starting a blocking GC Explicit
08-04 00:44:55.438 31233 31244 I art     : Explicit concurrent mark sweep GC freed 1354(82KB) AllocSpace objects, 1(20KB) LOS objects, 28% free, 39MB/55MB, paused 581us total 85.409ms
08-04 00:44:55.463 31233 31244 I art     : Starting a blocking GC Explicit
08-04 00:44:55.537 31233 31244 I art     : Explicit concurrent mark sweep GC freed 20(704B) AllocSpace objects, 0(0B) LOS objects, 28% free, 39MB/55MB, paused 538us total 73.725ms
08-04 00:44:55.562 31233 31244 I art     : Starting a blocking GC Explicit
08-04 00:44:55.632 31233 31244 I art     : Explicit concurrent mark sweep GC freed 3(96B) AllocSpace objects, 0(0B) LOS objects, 28% free, 39MB/55MB, paused 536us total 69.359ms
08-04 00:44:55.654 31233 31244 I art     : Starting a blocking GC Explicit
08-04 00:44:55.730 31233 31244 I art     : Explicit concurrent mark sweep GC freed 3(96B) AllocSpace objects, 0(0B) LOS objects, 28% free, 39MB/55MB, paused 506us total 75.813ms
08-04 00:44:55.753 31233 31244 I art     : Starting a blocking GC Explicit
08-04 00:44:55.823 31233 31244 I art     : Explicit concurrent mark sweep GC freed 3(96B) AllocSpace objects, 0(0B) LOS objects, 28% free, 39MB/55MB, paused 532us total 70.666ms
08-04 00:44:56.183 31233 31257 I art     : Starting a blocking GC Explicit
08-04 00:44:56.268 31233 31257 I art     : Explicit concurrent mark sweep GC freed 1354(82KB) AllocSpace objects, 1(20KB) LOS objects, 28% free, 39MB/55MB, paused 588us total 83.750ms
08-04 00:44:56.293 31233 31257 I art     : Starting a blocking GC Explicit
08-04 00:44:56.369 31233 31257 I art     : Explicit concurrent mark sweep GC freed 20(704B) AllocSpace objects, 0(0B) LOS objects, 28% free, 39MB/55MB, paused 626us total 75.817ms
08-04 00:44:56.392 31233 31257 I art     : Starting a blocking GC Explicit
08-04 00:44:56.465 31233 31257 I art     : Explicit concurrent mark sweep GC freed 3(96B) AllocSpace objects, 0(0B) LOS objects, 28% free, 39MB/55MB, paused 527us total 72.588ms
08-04 00:44:56.490 31233 31257 I art     : Starting a blocking GC Explicit
08-04 00:44:56.561 31233 31257 I art     : Explicit concurrent mark sweep GC freed 3(96B) AllocSpace objects, 0(0B) LOS objects, 28% free, 39MB/55MB, paused 525us total 70.381ms
08-04 00:44:56.582 31233 31257 I art     : Starting a blocking GC Explicit
08-04 00:44:56.653 31233 31257 I art     : Explicit concurrent mark sweep GC freed 3(96B) AllocSpace objects, 0(0B) LOS objects, 28% free, 39MB/55MB, paused 537us total 70.114ms
08-04 00:44:57.019 31233 31245 I art     : Starting a blocking GC Explicit
08-04 00:44:57.117 31233 31245 I art     : Explicit concurrent mark sweep GC freed 1354(82KB) AllocSpace objects, 1(20KB) LOS objects, 28% free, 39MB/55MB, paused 884us total 98.008ms
08-04 00:44:57.143 31233 31245 I art     : Starting a blocking GC Explicit
08-04 00:44:57.219 31233 31245 I art     : Explicit concurrent mark sweep GC freed 20(704B) AllocSpace objects, 0(0B) LOS objects, 28% free, 39MB/55MB, paused 803us total 75.238ms
08-04 00:44:57.240 31233 31245 I art     : Starting a blocking GC Explicit
08-04 00:44:57.314 31233 31245 I art     : Explicit concurrent mark sweep GC freed 3(96B) AllocSpace objects, 0(0B) LOS objects, 28% free, 39MB/55MB, paused 575us total 73.723ms
08-04 00:44:57.339 31233 31245 I art     : Starting a blocking GC Explicit
08-04 00:44:57.411 31233 31245 I art     : Explicit concurrent mark sweep GC freed 3(96B) AllocSpace objects, 0(0B) LOS objects, 28% free, 39MB/55MB, paused 534us total 71.023ms
08-04 00:44:57.433 31233 31245 I art     : Starting a blocking GC Explicit
08-04 00:44:57.502 31233 31245 I art     : Explicit concurrent mark sweep GC freed 3(96B) AllocSpace objects, 0(0B) LOS objects, 28% free, 39MB/55MB, paused 527us total 69.618ms
08-04 00:44:57.839 31233 31540 I art     : Starting a blocking GC Explicit
08-04 00:44:57.847   918  3188 I hubconnection: sensorhub said: 'set_bias 3: -5.8368, 0.0000, 0.0000'
08-04 00:44:57.896   518   646 I ThermalEngine: ACTION: GPU - Setting GPU[0] to 510000000
08-04 00:44:57.901 31233 31540 I art     : Explicit concurrent mark sweep GC freed 1354(82KB) AllocSpace objects, 1(20KB) LOS objects, 28% free, 39MB/55MB, paused 494us total 61.180ms
08-04 00:44:57.921 31233 31540 I art     : Starting a blocking GC Explicit
08-04 00:44:57.976 31233 31540 I art     : Explicit concurrent mark sweep GC freed 20(704B) AllocSpace objects, 0(0B) LOS objects, 28% free, 39MB/55MB, paused 395us total 54.413ms
08-04 00:44:57.992 31233 31540 I art     : Starting a blocking GC Explicit
08-04 00:44:58.042 31233 31540 I art     : Explicit concurrent mark sweep GC freed 3(96B) AllocSpace objects, 0(0B) LOS objects, 28% free, 39MB/55MB, paused 397us total 49.840ms
08-04 00:44:58.058 31233 31540 I art     : Starting a blocking GC Explicit
08-04 00:44:58.109 31233 31540 I art     : Explicit concurrent mark sweep GC freed 3(96B) AllocSpace objects, 0(0B) LOS objects, 28% free, 39MB/55MB, paused 399us total 50.508ms
08-04 00:44:58.125 31233 31540 I art     : Starting a blocking GC Explicit
08-04 00:44:58.176 31233 31540 I art     : Explicit concurrent mark sweep GC freed 3(96B) AllocSpace objects, 0(0B) LOS objects, 28% free, 39MB/55MB, paused 412us total 50.163ms
08-04 00:44:58.177  2559  2559 D AndroidRuntime: >>>>>> START com.android.internal.os.RuntimeInit uid 2000 <<<<<<
08-04 00:44:58.182  2559  2559 D AndroidRuntime: CheckJNI is OFF
08-04 00:44:58.215  2559  2559 D ICU     : No timezone override file found: /data/misc/zoneinfo/current/icu/icu_tzdata.dat
08-04 00:44:58.247  2559  2559 I Radio-JNI: register_android_hardware_Radio DONE
08-04 00:44:58.269  2559  2559 D AndroidRuntime: Calling main entry com.android.commands.input.Input
08-04 00:44:58.271  2559  2559 I Input   : injectKeyEvent: KeyEvent { action=ACTION_DOWN, keyCode=KEYCODE_BACK, scanCode=0, metaState=0, flags=0x0, repeatCount=0, eventTime=665114684, downTime=665114684, deviceId=-1, source=0x101 }
08-04 00:44:58.277  2559  2559 I Input   : injectKeyEvent: KeyEvent { action=ACTION_UP, keyCode=KEYCODE_BACK, scanCode=0, metaState=0, flags=0x0, repeatCount=0, eventTime=665114684, downTime=665114684, deviceId=-1, source=0x101 }
08-04 00:44:58.283  2559  2559 D AndroidRuntime: Shutting down VM
08-04 00:44:58.338 13866 13866 I GoogleInputMethodServic: GoogleInputMethodService.onFinishInput():3138 
08-04 00:44:58.338 13866 13866 I GoogleInputMethodServic: GoogleInputMethodService.onStartInput():1808 
08-04 00:44:58.446 31233 31257 I art     : Starting a blocking GC Explicit
08-04 00:44:58.476 31233  2502 I RedditChangeDataIO: Writing tmp data file at '/data/user/0/baseline.org.quantumbadger.redreader/files/rr_change_data_tmp.dat'
08-04 00:44:58.477 31233  2502 I RedditChangeDataManager: Taking snapshot...
08-04 00:44:58.478 31233  2502 I RedditChangeDataManager: Writing to stream...
08-04 00:44:58.478 31233  2502 I RedditChangeDataManager: Wrote 6 entries for user ''
08-04 00:44:58.478 31233  2502 I RedditChangeDataManager: All entries written to stream.
08-04 00:44:58.478 31233  2502 I RedditChangeDataIO: Write successful. Atomically replacing data file...
08-04 00:44:58.479 31233  2502 I RedditChangeDataIO: Write complete.
08-04 00:44:58.479 31233  2502 I RedditChangeDataIO: 158 bytes written in 3 ms
08-04 00:44:58.505 31233 31257 I art     : Explicit concurrent mark sweep GC freed 1704(97KB) AllocSpace objects, 2(88KB) LOS objects, 28% free, 39MB/55MB, paused 416us total 58.566ms
08-04 00:44:58.527 31233 31257 I art     : Starting a blocking GC Explicit
08-04 00:44:58.590 31233 31257 I art     : Explicit concurrent mark sweep GC freed 34(1392B) AllocSpace objects, 0(0B) LOS objects, 28% free, 39MB/55MB, paused 340us total 62.946ms
08-04 00:44:58.590 31233 31243 I art     : WaitForGcToComplete blocked for 63.381ms for cause HeapTrim
08-04 00:44:58.612 31233 31257 I art     : Starting a blocking GC Explicit
08-04 00:44:58.656   380   380 W SurfaceFlinger: couldn't log to binary event log: overflow.
08-04 00:44:58.668 31233 31257 I art     : Explicit concurrent mark sweep GC freed 35(1168B) AllocSpace objects, 0(0B) LOS objects, 28% free, 39MB/55MB, paused 498us total 56.165ms
08-04 00:44:58.686 31233 31257 I art     : Starting a blocking GC Explicit
08-04 00:44:58.734 31233 31257 I art     : Explicit concurrent mark sweep GC freed 23(992B) AllocSpace objects, 0(0B) LOS objects, 28% free, 39MB/55MB, paused 392us total 47.021ms
08-04 00:44:58.750 31233 31257 I art     : Starting a blocking GC Explicit
08-04 00:44:58.793 31233 31257 I art     : Explicit concurrent mark sweep GC freed 41379(2MB) AllocSpace objects, 5(140KB) LOS objects, 29% free, 37MB/53MB, paused 382us total 42.709ms
08-04 00:44:59.121 31233 31540 I art     : Starting a blocking GC Explicit
08-04 00:44:59.173 31233 31540 I art     : Explicit concurrent mark sweep GC freed 1354(82KB) AllocSpace objects, 1(20KB) LOS objects, 29% free, 37MB/53MB, paused 446us total 51.481ms
08-04 00:44:59.193 31233 31540 I art     : Starting a blocking GC Explicit
08-04 00:44:59.233 31233 31540 I art     : Explicit concurrent mark sweep GC freed 20(704B) AllocSpace objects, 0(0B) LOS objects, 29% free, 37MB/53MB, paused 385us total 40.241ms
08-04 00:44:59.248 31233 31540 I art     : Starting a blocking GC Explicit
08-04 00:44:59.288 31233 31540 I art     : Explicit concurrent mark sweep GC freed 3(96B) AllocSpace objects, 0(0B) LOS objects, 29% free, 37MB/53MB, paused 402us total 39.620ms
08-04 00:44:59.303 31233 31540 I art     : Starting a blocking GC Explicit
08-04 00:44:59.344 31233 31540 I art     : Explicit concurrent mark sweep GC freed 3(96B) AllocSpace objects, 0(0B) LOS objects, 29% free, 37MB/53MB, paused 416us total 40.692ms
08-04 00:44:59.359 31233 31540 I art     : Starting a blocking GC Explicit
08-04 00:44:59.400 31233 31540 I art     : Explicit concurrent mark sweep GC freed 3(96B) AllocSpace objects, 0(0B) LOS objects, 29% free, 37MB/53MB, paused 376us total 40.794ms
08-04 00:44:59.687 31233  2450 I art     : Starting a blocking GC Explicit
08-04 00:44:59.728 31233  2450 I art     : Explicit concurrent mark sweep GC freed 1354(82KB) AllocSpace objects, 1(20KB) LOS objects, 29% free, 37MB/53MB, paused 462us total 40.088ms
08-04 00:44:59.743 31233  2450 I art     : Starting a blocking GC Explicit
08-04 00:44:59.781 31233  2450 I art     : Explicit concurrent mark sweep GC freed 20(704B) AllocSpace objects, 0(0B) LOS objects, 29% free, 37MB/53MB, paused 411us total 37.855ms
08-04 00:44:59.796 31233  2450 I art     : Starting a blocking GC Explicit
08-04 00:44:59.835 31233  2450 I art     : Explicit concurrent mark sweep GC freed 3(96B) AllocSpace objects, 0(0B) LOS objects, 29% free, 37MB/53MB, paused 376us total 39.202ms
08-04 00:44:59.850 31233  2450 I art     : Starting a blocking GC Explicit
08-04 00:44:59.888 31233  2450 I art     : Explicit concurrent mark sweep GC freed 3(96B) AllocSpace objects, 0(0B) LOS objects, 29% free, 37MB/53MB, paused 401us total 38.234ms
08-04 00:44:59.903 31233  2450 I art     : Starting a blocking GC Explicit
08-04 00:44:59.941 31233  2450 I art     : Explicit concurrent mark sweep GC freed 3(96B) AllocSpace objects, 0(0B) LOS objects, 29% free, 37MB/53MB, paused 430us total 38.186ms
08-04 00:44:59.962  2605  2605 D AndroidRuntime: >>>>>> START com.android.internal.os.RuntimeInit uid 2000 <<<<<<
08-04 00:44:59.967  2605  2605 D AndroidRuntime: CheckJNI is OFF
08-04 00:45:00.001  2605  2605 D ICU     : No timezone override file found: /data/misc/zoneinfo/current/icu/icu_tzdata.dat
08-04 00:45:00.034  2605  2605 I Radio-JNI: register_android_hardware_Radio DONE
08-04 00:45:00.056  2605  2605 D AndroidRuntime: Calling main entry com.android.commands.input.Input
08-04 00:45:00.058  2605  2605 I Input   : injectKeyEvent: KeyEvent { action=ACTION_DOWN, keyCode=KEYCODE_BACK, scanCode=0, metaState=0, flags=0x0, repeatCount=0, eventTime=665116471, downTime=665116471, deviceId=-1, source=0x101 }
08-04 00:45:00.065  2605  2605 I Input   : injectKeyEvent: KeyEvent { action=ACTION_UP, keyCode=KEYCODE_BACK, scanCode=0, metaState=0, flags=0x0, repeatCount=0, eventTime=665116471, downTime=665116471, deviceId=-1, source=0x101 }
08-04 00:45:00.074  2605  2605 D AndroidRuntime: Shutting down VM
08-04 00:45:00.101 13866 13866 I GoogleInputMethodServic: GoogleInputMethodService.onFinishInput():3138 
08-04 00:45:00.101 13866 13866 I GoogleInputMethodServic: GoogleInputMethodService.onStartInput():1808 
08-04 00:45:00.209 31233 31540 I art     : Starting a blocking GC Explicit
08-04 00:45:00.256 31233 31540 I art     : Explicit concurrent mark sweep GC freed 1534(88KB) AllocSpace objects, 1(20KB) LOS objects, 29% free, 37MB/53MB, paused 376us total 46.730ms
08-04 00:45:00.275 31233 31540 I art     : Starting a blocking GC Explicit
08-04 00:45:00.324 31233 31540 I art     : Explicit concurrent mark sweep GC freed 24(864B) AllocSpace objects, 0(0B) LOS objects, 29% free, 37MB/53MB, paused 361us total 48.772ms
08-04 00:45:00.346 31233 31540 I art     : Starting a blocking GC Explicit
08-04 00:45:00.389 31233 31540 I art     : Explicit concurrent mark sweep GC freed 3(96B) AllocSpace objects, 0(0B) LOS objects, 29% free, 37MB/53MB, paused 378us total 43.505ms
08-04 00:45:00.405 31233 31540 I art     : Starting a blocking GC Explicit
08-04 00:45:00.441 31233 31540 I art     : Explicit concurrent mark sweep GC freed 60(2224B) AllocSpace objects, 0(0B) LOS objects, 29% free, 37MB/53MB, paused 389us total 36.166ms
08-04 00:45:00.456 31233 31540 I art     : Starting a blocking GC Explicit
08-04 00:45:00.492 31233 31540 I art     : Explicit concurrent mark sweep GC freed 134(6KB) AllocSpace objects, 0(0B) LOS objects, 29% free, 37MB/53MB, paused 392us total 35.764ms
08-04 00:45:00.810 31233  2450 I art     : Starting a blocking GC Explicit
08-04 00:45:00.863 31233  2450 I art     : Explicit concurrent mark sweep GC freed 1354(82KB) AllocSpace objects, 1(20KB) LOS objects, 29% free, 37MB/53MB, paused 493us total 51.745ms
08-04 00:45:00.882 31233  2450 I art     : Starting a blocking GC Explicit
08-04 00:45:00.923 31233  2450 I art     : Explicit concurrent mark sweep GC freed 24(864B) AllocSpace objects, 0(0B) LOS objects, 29% free, 37MB/53MB, paused 425us total 41.033ms
08-04 00:45:00.938 31233  2450 I art     : Starting a blocking GC Explicit
08-04 00:45:00.980 31233  2450 I art     : Explicit concurrent mark sweep GC freed 3(96B) AllocSpace objects, 0(0B) LOS objects, 29% free, 37MB/53MB, paused 431us total 41.154ms
08-04 00:45:00.995 31233  2450 I art     : Starting a blocking GC Explicit
08-04 00:45:01.036 31233  2450 I art     : Explicit concurrent mark sweep GC freed 3(96B) AllocSpace objects, 0(0B) LOS objects, 29% free, 37MB/53MB, paused 430us total 41.195ms
08-04 00:45:01.051 31233  2450 I art     : Starting a blocking GC Explicit
08-04 00:45:01.091 31233  2450 I art     : Explicit concurrent mark sweep GC freed 3(96B) AllocSpace objects, 0(0B) LOS objects, 29% free, 37MB/53MB, paused 434us total 40.193ms
08-04 00:45:01.400 31233 31245 I art     : Starting a blocking GC Explicit
08-04 00:45:01.441 31233 31245 I art     : Explicit concurrent mark sweep GC freed 1354(82KB) AllocSpace objects, 1(20KB) LOS objects, 29% free, 37MB/53MB, paused 428us total 40.816ms
08-04 00:45:01.456 31233 31245 I art     : Starting a blocking GC Explicit
08-04 00:45:01.494 31233 31245 I art     : Explicit concurrent mark sweep GC freed 20(704B) AllocSpace objects, 0(0B) LOS objects, 29% free, 37MB/53MB, paused 402us total 38.108ms
08-04 00:45:01.509 31233 31245 I art     : Starting a blocking GC Explicit
08-04 00:45:01.547 31233 31245 I art     : Explicit concurrent mark sweep GC freed 3(96B) AllocSpace objects, 0(0B) LOS objects, 29% free, 37MB/53MB, paused 407us total 37.908ms
08-04 00:45:01.561 31233 31245 I art     : Starting a blocking GC Explicit
08-04 00:45:01.600 31233 31245 I art     : Explicit concurrent mark sweep GC freed 3(96B) AllocSpace objects, 0(0B) LOS objects, 29% free, 37MB/53MB, paused 454us total 38.324ms
08-04 00:45:01.614 31233 31245 I art     : Starting a blocking GC Explicit
08-04 00:45:01.653 31233 31245 I art     : Explicit concurrent mark sweep GC freed 3(96B) AllocSpace objects, 0(0B) LOS objects, 29% free, 37MB/53MB, paused 403us total 38.411ms
08-04 00:45:01.739  2655  2655 D AndroidRuntime: >>>>>> START com.android.internal.os.RuntimeInit uid 2000 <<<<<<
08-04 00:45:01.744  2655  2655 D AndroidRuntime: CheckJNI is OFF
08-04 00:45:01.781  2655  2655 D ICU     : No timezone override file found: /data/misc/zoneinfo/current/icu/icu_tzdata.dat
08-04 00:45:01.816  2655  2655 I Radio-JNI: register_android_hardware_Radio DONE
08-04 00:45:01.838  2655  2655 D AndroidRuntime: Calling main entry com.android.commands.input.Input
08-04 00:45:01.840  2655  2655 I Input   : injectMotionEvent: MotionEvent { action=ACTION_DOWN, actionButton=0, id[0]=0, x[0]=600.0, y[0]=1733.0, toolType[0]=TOOL_TYPE_UNKNOWN, buttonState=0, metaState=0, flags=0x0, edgeFlags=0x0, pointerCount=1, historySize=0, eventTime=665118252, downTime=665118252, deviceId=0, source=0x1002 }
08-04 00:45:01.845  2655  2655 I Input   : injectMotionEvent: MotionEvent { action=ACTION_UP, actionButton=0, id[0]=0, x[0]=600.0, y[0]=1733.0, toolType[0]=TOOL_TYPE_UNKNOWN, buttonState=0, metaState=0, flags=0x0, edgeFlags=0x0, pointerCount=1, historySize=0, eventTime=665118252, downTime=665118252, deviceId=0, source=0x1002 }
08-04 00:45:01.846  2655  2655 D AndroidRuntime: Shutting down VM
08-04 00:45:01.862   918  4400 I ActivityManager: START u0 {dat=https://oauth.reddit.com/... cmp=baseline.org.quantumbadger.redreader/.activities.PostListingActivity} from uid 10666 on display 0
08-04 00:45:01.866   512  2967 D audio_hw_primary: out_set_parameters: enter: usecase(1: low-latency-playback) kvpairs: routing=2
08-04 00:45:01.878   512  2967 D audio_hw_primary: select_devices: out_snd_device(2: speaker) in_snd_device(0: none)
08-04 00:45:01.879   512  2967 D msm8974_platform: platform_send_audio_calibration: sending audio calibration for snd_device(2) acdb_id(15)
08-04 00:45:01.879   512  2967 I soundtrigger: audio_extn_sound_trigger_update_device_status: device 0x2 of type 0 for Event 1
08-04 00:45:01.886 31233 31233 I AppCompatViewInflater: app:theme is now deprecated. Please move to using android:theme instead.
08-04 00:45:01.892   512  2967 D audio_hw_primary: enable_snd_device: snd_device(2: speaker)
08-04 00:45:01.894   512  2967 D audio_hw_primary: enable_audio_route: apply and update mixer path: low-latency-playback speaker
08-04 00:45:01.908 31233  2683 D OK      : calling: https://oauth.reddit.com/r/aww/about.json
08-04 00:45:01.965 31233 31244 I art     : Starting a blocking GC Explicit
08-04 00:45:01.970   918   936 I ActivityManager: Displayed baseline.org.quantumbadger.redreader/.activities.PostListingActivity: +97ms
08-04 00:45:01.970 13866 13866 I GoogleInputMethodServic: GoogleInputMethodService.onFinishInput():3138 
08-04 00:45:01.971 13866 13866 I GoogleInputMethodServic: GoogleInputMethodService.onStartInput():1808 
08-04 00:45:02.005 31233 31244 I art     : Explicit concurrent mark sweep GC freed 2912(182KB) AllocSpace objects, 1(20KB) LOS objects, 29% free, 37MB/53MB, paused 497us total 40.341ms
08-04 00:45:02.020 31233 31244 I art     : Starting a blocking GC Explicit
08-04 00:45:02.054 31233 31244 I art     : Explicit concurrent mark sweep GC freed 558(30KB) AllocSpace objects, 0(0B) LOS objects, 29% free, 37MB/53MB, paused 435us total 34.130ms
08-04 00:45:02.069 31233 31244 I art     : Starting a blocking GC Explicit
08-04 00:45:02.107 31233 31244 I art     : Explicit concurrent mark sweep GC freed 11(496B) AllocSpace objects, 0(0B) LOS objects, 29% free, 37MB/53MB, paused 497us total 38.575ms
08-04 00:45:02.124 31233 31244 I art     : Starting a blocking GC Explicit
08-04 00:45:02.175 31233 31244 I art     : Explicit concurrent mark sweep GC freed 1908(74KB) AllocSpace objects, 0(0B) LOS objects, 29% free, 37MB/53MB, paused 620us total 50.469ms
08-04 00:45:02.193 31233 31244 I art     : Starting a blocking GC Explicit
08-04 00:45:02.228   380   380 W SurfaceFlinger: couldn't log to binary event log: overflow.
08-04 00:45:02.240 31233 31244 I art     : Explicit concurrent mark sweep GC freed 120(4KB) AllocSpace objects, 0(0B) LOS objects, 29% free, 37MB/53MB, paused 434us total 46.950ms
08-04 00:45:02.292 31233  2683 I NAPPA_EXPERIMENTATION: MetricNetworkRequestExecutionTime: REQUEST_DURATION_SYSTEM='384',REQUEST_DURATION_OKHTTP='143',REQUEST_SYNCHRONOUS='TRUE',RESPONSE_CODE='200',RESPONSE_METHOD='GET',RESPONSE_LENGTH_OKHTTP='-1',RESPONSE_LENGTH_HEADER='3478',REQUEST_PROTOCOL='h2',REQUEST_URL='https://oauth.reddit.com/r/aww/about.json',
08-04 00:45:02.292 31233  2683 D OK      : request got status: 200
08-04 00:45:02.429   512  2967 D audio_hw_primary: disable_audio_route: reset and update mixer path: low-latency-playback speaker
08-04 00:45:02.432   512  2967 D audio_hw_primary: disable_snd_device: snd_device(2: speaker)
08-04 00:45:02.439   512  2967 I soundtrigger: audio_extn_sound_trigger_update_device_status: device 0x2 of type 0 for Event 0
08-04 00:45:02.552 31233 31540 I art     : Starting a blocking GC Explicit
08-04 00:45:02.596 31233 31540 I art     : Explicit concurrent mark sweep GC freed 2828(277KB) AllocSpace objects, 3(156KB) LOS objects, 29% free, 37MB/53MB, paused 500us total 43.606ms
08-04 00:45:02.612 31233 31540 I art     : Starting a blocking GC Explicit
08-04 00:45:02.648 31233 31540 I art     : Explicit concurrent mark sweep GC freed 236(12KB) AllocSpace objects, 0(0B) LOS objects, 29% free, 37MB/53MB, paused 437us total 35.765ms
08-04 00:45:02.662 31233 31540 I art     : Starting a blocking GC Explicit
08-04 00:45:02.701 31233 31540 I art     : Explicit concurrent mark sweep GC freed 3(96B) AllocSpace objects, 0(0B) LOS objects, 29% free, 37MB/53MB, paused 433us total 38.285ms
08-04 00:45:02.715 31233 31540 I art     : Starting a blocking GC Explicit
08-04 00:45:02.752 31233 31540 I art     : Explicit concurrent mark sweep GC freed 5(192B) AllocSpace objects, 0(0B) LOS objects, 29% free, 37MB/53MB, paused 451us total 37.446ms
08-04 00:45:02.767 31233 31540 I art     : Starting a blocking GC Explicit
08-04 00:45:02.806 31233 31540 I art     : Explicit concurrent mark sweep GC freed 25(1024B) AllocSpace objects, 0(0B) LOS objects, 29% free, 37MB/53MB, paused 443us total 38.885ms
08-04 00:45:02.906   518   646 I ThermalEngine: ACTION: GPU - Setting GPU[0] to 450000000
08-04 00:45:03.109 31233  2708 D OK      : calling: https://oauth.reddit.com/r/aww/hot/.json
08-04 00:45:03.144 31233 31540 I art     : Starting a blocking GC Explicit
08-04 00:45:03.195 31233 31540 I art     : Explicit concurrent mark sweep GC freed 1446(86KB) AllocSpace objects, 1(20KB) LOS objects, 29% free, 37MB/53MB, paused 683us total 50.744ms
08-04 00:45:03.215 31233 31540 I art     : Starting a blocking GC Explicit
08-04 00:45:03.262 31233 31540 I art     : Explicit concurrent mark sweep GC freed 26(960B) AllocSpace objects, 0(0B) LOS objects, 29% free, 37MB/53MB, paused 617us total 47.343ms
08-04 00:45:03.281 31233 31540 I art     : Starting a blocking GC Explicit
08-04 00:45:03.282 31233  2708 I NAPPA_EXPERIMENTATION: MetricNetworkRequestExecutionTime: REQUEST_DURATION_SYSTEM='172',REQUEST_DURATION_OKHTTP='166',REQUEST_SYNCHRONOUS='TRUE',RESPONSE_CODE='200',RESPONSE_METHOD='GET',RESPONSE_LENGTH_OKHTTP='-1',RESPONSE_LENGTH_HEADER='33430',REQUEST_PROTOCOL='h2',REQUEST_URL='https://oauth.reddit.com/r/aww/hot/.json',
08-04 00:45:03.283 31233  2708 D OK      : request got status: 200
08-04 00:45:03.297 31233  2025 I PostListingFragment: Precaching images: OFF
08-04 00:45:03.297 31233  2025 I PostListingFragment: Precaching comments: OFF
08-04 00:45:03.318 31233  2025 I getImgurImageInfo: Image NSO7Npm: trying API v3 with auth
08-04 00:45:03.332 31233 31540 I art     : Explicit concurrent mark sweep GC freed 5147(383KB) AllocSpace objects, 8(480KB) LOS objects, 29% free, 38MB/54MB, paused 1.642ms total 50.660ms
08-04 00:45:03.351 31233 31540 I art     : Starting a blocking GC Explicit
08-04 00:45:03.404 31233 31540 I art     : Explicit concurrent mark sweep GC freed 12645(792KB) AllocSpace objects, 28(1400KB) LOS objects, 27% free, 41MB/57MB, paused 1.094ms total 52.837ms
08-04 00:45:03.423 31233 31540 I art     : Starting a blocking GC Explicit
08-04 00:45:03.474 31233 31540 I art     : Explicit concurrent mark sweep GC freed 7677(577KB) AllocSpace objects, 33(2MB) LOS objects, 26% free, 43MB/59MB, paused 900us total 51.631ms
08-04 00:45:03.479 31233  2710 I RedditVideosAPI: For 'https://v.redd.it/s9qqadf3mid51/DASHPlaylist.mpd', got video stream 'https://v.redd.it/s9qqadf3mid51/DASH_480' and audio stream 'https://v.redd.it/s9qqadf3mid51/audio'
08-04 00:45:03.485 31233  1643 I RedditVideosAPI: For 'https://v.redd.it/fkewv2f65kd51/DASHPlaylist.mpd', got video stream 'https://v.redd.it/fkewv2f65kd51/DASH_480' and audio stream 'https://v.redd.it/fkewv2f65kd51/audio'
08-04 00:45:03.495 31233  2710 I RedditVideosAPI: For 'https://v.redd.it/ak6rer1hskd51/DASHPlaylist.mpd', got video stream 'https://v.redd.it/ak6rer1hskd51/DASH_360' and audio stream 'null'
08-04 00:45:03.498 31233  1643 I RedditVideosAPI: For 'https://v.redd.it/h49fg58ygjd51/DASHPlaylist.mpd', got video stream 'https://v.redd.it/h49fg58ygjd51/DASH_480' and audio stream 'null'
08-04 00:45:03.500 31233  1643 I RedditVideosAPI: For 'https://v.redd.it/1ewzkieg0jd51/DASHPlaylist.mpd', got video stream 'https://v.redd.it/1ewzkieg0jd51/DASH_480' and audio stream 'https://v.redd.it/1ewzkieg0jd51/audio'
08-04 00:45:03.500 31233  2710 I RedditVideosAPI: For 'https://v.redd.it/ppmhu2r9thd51/DASHPlaylist.mpd', got video stream 'https://v.redd.it/ppmhu2r9thd51/DASH_480' and audio stream 'null'
08-04 00:45:03.501 31233  1643 I RedditVideosAPI: For 'https://v.redd.it/b8vazlcb7ld51/DASHPlaylist.mpd', got video stream 'https://v.redd.it/b8vazlcb7ld51/DASH_480' and audio stream 'https://v.redd.it/b8vazlcb7ld51/audio'
08-04 00:45:03.501 31233  2710 I RedditVideosAPI: For 'https://v.redd.it/ty24o02m1hd51/DASHPlaylist.mpd', got video stream 'https://v.redd.it/ty24o02m1hd51/DASH_480' and audio stream 'null'
08-04 00:45:03.501 31233  1643 I RedditVideosAPI: For 'https://v.redd.it/ar5k8892pid51/DASHPlaylist.mpd', got video stream 'https://v.redd.it/ar5k8892pid51/DASH_360' and audio stream 'https://v.redd.it/ar5k8892pid51/audio'
08-04 00:45:03.542 31233 31233 W RecyclerView: Cannot call this method in a scroll callback. Scroll callbacks mightbe run during a measure & layout pass where you cannot change theRecyclerView data. Any method call that might change the structureof the RecyclerView or the adapter contents should be postponed tothe next frame.
08-04 00:45:03.542 31233 31233 W RecyclerView: java.lang.IllegalStateException:  androidx.recyclerview.widget.RecyclerView{a931cb3 VFED..... .F....ID 0,0-1440,2140 #7f0900ef app:id/scrollbar_recyclerview_recyclerview}, adapter:baseline.org.quantumbadger.redreader.adapters.GroupedRecyclerViewAdapter@8d3f270, layout:androidx.recyclerview.widget.LinearLayoutManager@8bc89e9, context:baseline.org.quantumbadger.redreader.activities.PostListingActivity@4e314ec
08-04 00:45:03.542 31233 31233 W RecyclerView: 	at androidx.recyclerview.widget.RecyclerView.assertNotInLayoutOrScroll(RecyclerView.java:3061)
08-04 00:45:03.542 31233 31233 W RecyclerView: 	at androidx.recyclerview.widget.RecyclerView$RecyclerViewDataObserver.onItemRangeInserted(RecyclerView.java:5555)
08-04 00:45:03.542 31233 31233 W RecyclerView: 	at androidx.recyclerview.widget.RecyclerView$AdapterDataObservable.notifyItemRangeInserted(RecyclerView.java:12278)
08-04 00:45:03.542 31233 31233 W RecyclerView: 	at androidx.recyclerview.widget.RecyclerView$Adapter.notifyItemInserted(RecyclerView.java:7464)
08-04 00:45:03.542 31233 31233 W RecyclerView: 	at baseline.org.quantumbadger.redreader.adapters.GroupedRecyclerViewAdapter.updateHiddenStatus(GroupedRecyclerViewAdapter.java:279)
08-04 00:45:03.542 31233 31233 W RecyclerView: 	at baseline.org.quantumbadger.redreader.adapters.RedditListingManager.setLoadingVisible(RedditListingManager.java:125)
08-04 00:45:03.542 31233 31233 W RecyclerView: 	at baseline.org.quantumbadger.redreader.fragments.PostListingFragment.onLoadMoreItemsCheck(PostListingFragment.java:465)
08-04 00:45:03.542 31233 31233 W RecyclerView: 	at baseline.org.quantumbadger.redreader.fragments.PostListingFragment.access$000(PostListingFragment.java:98)
08-04 00:45:03.542 31233 31233 W RecyclerView: 	at baseline.org.quantumbadger.redreader.fragments.PostListingFragment$2.onScrolled(PostListingFragment.java:215)
08-04 00:45:03.542 31233 31233 W RecyclerView: 	at androidx.recyclerview.widget.RecyclerView.dispatchOnScrolled(RecyclerView.java:5173)
08-04 00:45:03.542 31233 31233 W RecyclerView: 	at androidx.recyclerview.widget.RecyclerView.dispatchLayoutStep3(RecyclerView.java:4231)
08-04 00:45:03.542 31233 31233 W RecyclerView: 	at androidx.recyclerview.widget.RecyclerView.dispatchLayout(RecyclerView.java:3862)
08-04 00:45:03.542 31233 31233 W RecyclerView: 	at androidx.recyclerview.widget.RecyclerView.consumePendingUpdateOperations(RecyclerView.java:1897)
08-04 00:45:03.542 31233 31233 W RecyclerView: 	at androidx.recyclerview.widget.RecyclerView$1.run(RecyclerView.java:414)
08-04 00:45:03.542 31233 31233 W RecyclerView: 	at android.view.Choreographer$CallbackRecord.run(Choreographer.java:858)
08-04 00:45:03.542 31233 31233 W RecyclerView: 	at android.view.Choreographer.doCallbacks(Choreographer.java:670)
08-04 00:45:03.542 31233 31233 W RecyclerView: 	at android.view.Choreographer.doFrame(Choreographer.java:603)
08-04 00:45:03.542 31233 31233 W RecyclerView: 	at android.view.Choreographer$FrameDisplayEventReceiver.run(Choreographer.java:844)
08-04 00:45:03.542 31233 31233 W RecyclerView: 	at android.os.Handler.handleCallback(Handler.java:739)
08-04 00:45:03.542 31233 31233 W RecyclerView: 	at android.os.Handler.dispatchMessage(Handler.java:95)
08-04 00:45:03.542 31233 31233 W RecyclerView: 	at android.os.Looper.loop(Looper.java:148)
08-04 00:45:03.542 31233 31233 W RecyclerView: 	at android.app.ActivityThread.main(ActivityThread.java:5417)
08-04 00:45:03.542 31233 31233 W RecyclerView: 	at java.lang.reflect.Method.invoke(Native Method)
08-04 00:45:03.542 31233 31233 W RecyclerView: 	at com.android.internal.os.ZygoteInit$MethodAndArgsCaller.run(ZygoteInit.java:726)
08-04 00:45:03.542 31233 31233 W RecyclerView: 	at com.android.internal.os.ZygoteInit.main(ZygoteInit.java:616)
08-04 00:45:03.828 31233 31540 I art     : Starting a blocking GC Explicit
08-04 00:45:03.881 31233 31540 I art     : Explicit concurrent mark sweep GC freed 26882(1962KB) AllocSpace objects, 28(1696KB) LOS objects, 27% free, 43MB/59MB, paused 652us total 53.200ms
08-04 00:45:03.900 31233 31540 I art     : Starting a blocking GC Explicit
08-04 00:45:03.956 31233 31540 I art     : Explicit concurrent mark sweep GC freed 478(21KB) AllocSpace objects, 0(0B) LOS objects, 27% free, 43MB/59MB, paused 634us total 55.688ms
08-04 00:45:03.975 31233 31540 I art     : Starting a blocking GC Explicit
08-04 00:45:04.031 31233 31540 I art     : Explicit concurrent mark sweep GC freed 3(96B) AllocSpace objects, 0(0B) LOS objects, 27% free, 43MB/59MB, paused 636us total 55.353ms
08-04 00:45:04.051 31233 31540 I art     : Starting a blocking GC Explicit
08-04 00:45:04.108 31233 31540 I art     : Explicit concurrent mark sweep GC freed 3(96B) AllocSpace objects, 0(0B) LOS objects, 27% free, 43MB/59MB, paused 622us total 57.103ms
08-04 00:45:04.128 31233 31540 I art     : Starting a blocking GC Explicit
08-04 00:45:04.186 31233 31540 I art     : Explicit concurrent mark sweep GC freed 3(96B) AllocSpace objects, 0(0B) LOS objects, 27% free, 43MB/59MB, paused 650us total 57.273ms
08-04 00:45:04.311 31233  2723 D OK      : calling: https://oauth.reddit.com/r/aww/hot/.json?after=t3_hz5odc
08-04 00:45:04.514 31233  2723 I NAPPA_EXPERIMENTATION: MetricNetworkRequestExecutionTime: REQUEST_DURATION_SYSTEM='203',REQUEST_DURATION_OKHTTP='197',REQUEST_SYNCHRONOUS='TRUE',RESPONSE_CODE='200',RESPONSE_METHOD='GET',RESPONSE_LENGTH_OKHTTP='-1',RESPONSE_LENGTH_HEADER='30610',REQUEST_PROTOCOL='h2',REQUEST_URL='https://oauth.reddit.com/r/aww/hot/.json?after=t3_hz5odc',
08-04 00:45:04.514 31233  2723 D OK      : request got status: 200
08-04 00:45:04.526 31233  2711 I PostListingFragment: Precaching images: OFF
08-04 00:45:04.527 31233  2711 I PostListingFragment: Precaching comments: OFF
08-04 00:45:04.547 31233  2734 I RedditVideosAPI: For 'https://v.redd.it/syww111dtjd51/DASHPlaylist.mpd', got video stream 'https://v.redd.it/syww111dtjd51/DASH_480' and audio stream 'https://v.redd.it/syww111dtjd51/audio'
08-04 00:45:04.576 31233  2449 I art     : Starting a blocking GC Explicit
08-04 00:45:04.609 31233  2711 I getImgurImageInfo: Image nLQR2hT: trying API v3 with auth
08-04 00:45:04.640 31233  2449 I art     : Explicit concurrent mark sweep GC freed 17564(1212KB) AllocSpace objects, 47(2MB) LOS objects, 25% free, 47MB/63MB, paused 1.108ms total 64.054ms
08-04 00:45:04.659 31233  2449 I art     : Starting a blocking GC Explicit
08-04 00:45:04.688 31233  2710 I RedditVideosAPI: For 'https://v.redd.it/ue0jdgk9zhd51/DASHPlaylist.mpd', got video stream 'https://v.redd.it/ue0jdgk9zhd51/DASH_360' and audio stream 'https://v.redd.it/ue0jdgk9zhd51/audio'
08-04 00:45:04.699 31233  2710 I RedditVideosAPI: For 'https://v.redd.it/pbqrrfb3tkd51/DASHPlaylist.mpd', got video stream 'https://v.redd.it/pbqrrfb3tkd51/DASH_480' and audio stream 'null'
08-04 00:45:04.699 31233  2710 I RedditVideosAPI: For 'https://v.redd.it/rrygsb8i4ld51/DASHPlaylist.mpd', got video stream 'https://v.redd.it/rrygsb8i4ld51/DASH_480' and audio stream 'https://v.redd.it/rrygsb8i4ld51/audio'
08-04 00:45:04.700 31233  2710 I RedditVideosAPI: For 'https://v.redd.it/5x6zzipz8ld51/DASHPlaylist.mpd', got video stream 'https://v.redd.it/5x6zzipz8ld51/DASH_480' and audio stream 'null'
08-04 00:45:04.701 31233  2710 I RedditVideosAPI: For 'https://v.redd.it/75en73fm5id51/DASHPlaylist.mpd', got video stream 'https://v.redd.it/75en73fm5id51/DASH_480' and audio stream 'https://v.redd.it/75en73fm5id51/audio'
08-04 00:45:04.704 31233  2734 I RedditVideosAPI: For 'https://v.redd.it/ggz4fyth6hd51/DASHPlaylist.mpd', got video stream 'https://v.redd.it/ggz4fyth6hd51/DASH_360' and audio stream 'null'
08-04 00:45:04.705 31233  2734 I RedditVideosAPI: For 'https://v.redd.it/jk6cwef4wld51/DASHPlaylist.mpd', got video stream 'https://v.redd.it/jk6cwef4wld51/DASH_480' and audio stream 'null'
08-04 00:45:04.705 31233  2710 I RedditVideosAPI: For 'https://v.redd.it/psrknoobrgd51/DASHPlaylist.mpd', got video stream 'https://v.redd.it/psrknoobrgd51/DASH_480' and audio stream 'null'
08-04 00:45:04.706 31233  2734 I RedditVideosAPI: For 'https://v.redd.it/t81s8zfz9ld51/DASHPlaylist.mpd', got video stream 'https://v.redd.it/t81s8zfz9ld51/DASH_480' and audio stream 'https://v.redd.it/t81s8zfz9ld51/audio'
08-04 00:45:04.706 31233  2710 I RedditVideosAPI: For 'https://v.redd.it/xd6c4yyutgd51/DASHPlaylist.mpd', got video stream 'https://v.redd.it/xd6c4yyutgd51/DASH_480' and audio stream 'null'
08-04 00:45:04.713 31233  2449 I art     : Explicit concurrent mark sweep GC freed 8902(1136KB) AllocSpace objects, 49(2MB) LOS objects, 24% free, 49MB/65MB, paused 633us total 54.029ms
08-04 00:45:04.732 31233  2449 I art     : Starting a blocking GC Explicit
08-04 00:45:04.783 31233  2449 I art     : Explicit concurrent mark sweep GC freed 19776(924KB) AllocSpace objects, 2(88KB) LOS objects, 24% free, 48MB/64MB, paused 593us total 50.500ms
08-04 00:45:04.803 31233  2449 I art     : Starting a blocking GC Explicit
08-04 00:45:04.854 31233  2449 I art     : Explicit concurrent mark sweep GC freed 15(512B) AllocSpace objects, 0(0B) LOS objects, 24% free, 48MB/64MB, paused 600us total 51.447ms
08-04 00:45:04.874 31233  2449 I art     : Starting a blocking GC Explicit
08-04 00:45:04.933 31233  2449 I art     : Explicit concurrent mark sweep GC freed 3(96B) AllocSpace objects, 0(0B) LOS objects, 24% free, 48MB/64MB, paused 679us total 59.026ms
08-04 00:45:05.324 31233 31244 I art     : Starting a blocking GC Explicit
08-04 00:45:05.391 31233 31244 I art     : Explicit concurrent mark sweep GC freed 1356(83KB) AllocSpace objects, 1(20KB) LOS objects, 24% free, 48MB/64MB, paused 679us total 65.946ms
08-04 00:45:05.413 31233 31244 I art     : Starting a blocking GC Explicit
08-04 00:45:05.472 31233 31244 I art     : Explicit concurrent mark sweep GC freed 20(704B) AllocSpace objects, 0(0B) LOS objects, 24% free, 48MB/64MB, paused 614us total 58.281ms
08-04 00:45:05.492 31233 31244 I art     : Starting a blocking GC Explicit
08-04 00:45:05.554 31233 31244 I art     : Explicit concurrent mark sweep GC freed 3(96B) AllocSpace objects, 0(0B) LOS objects, 24% free, 48MB/64MB, paused 622us total 61.597ms
08-04 00:45:05.578 31233 31244 I art     : Starting a blocking GC Explicit
08-04 00:45:05.638 31233 31244 I art     : Explicit concurrent mark sweep GC freed 3(96B) AllocSpace objects, 0(0B) LOS objects, 24% free, 48MB/64MB, paused 721us total 59.315ms
08-04 00:45:05.658 31233 31244 I art     : Starting a blocking GC Explicit
08-04 00:45:05.718 31233 31244 I art     : Explicit concurrent mark sweep GC freed 3(96B) AllocSpace objects, 0(0B) LOS objects, 24% free, 48MB/64MB, paused 871us total 60.049ms
08-04 00:45:06.108 31233 31257 I art     : Starting a blocking GC Explicit
08-04 00:45:06.189 31233 31257 I art     : Explicit concurrent mark sweep GC freed 1359(83KB) AllocSpace objects, 1(20KB) LOS objects, 24% free, 48MB/64MB, paused 744us total 80.391ms
08-04 00:45:06.214 31233 31257 I art     : Starting a blocking GC Explicit
08-04 00:45:06.275 31233 31257 I art     : Explicit concurrent mark sweep GC freed 20(704B) AllocSpace objects, 0(0B) LOS objects, 24% free, 48MB/64MB, paused 644us total 60.166ms
08-04 00:45:06.295 31233 31257 I art     : Starting a blocking GC Explicit
08-04 00:45:06.350 31233 31257 I art     : Explicit concurrent mark sweep GC freed 3(96B) AllocSpace objects, 0(0B) LOS objects, 24% free, 48MB/64MB, paused 621us total 55.376ms
08-04 00:45:06.371 31233 31257 I art     : Starting a blocking GC Explicit
08-04 00:45:06.430 31233 31257 I art     : Explicit concurrent mark sweep GC freed 3(96B) AllocSpace objects, 0(0B) LOS objects, 24% free, 48MB/64MB, paused 679us total 59.385ms
08-04 00:45:06.454 31233 31257 I art     : Starting a blocking GC Explicit
08-04 00:45:06.511 31233 31257 I art     : Explicit concurrent mark sweep GC freed 3(96B) AllocSpace objects, 0(0B) LOS objects, 24% free, 48MB/64MB, paused 584us total 56.977ms
08-04 00:45:06.887 31233 31245 I art     : Starting a blocking GC Explicit
08-04 00:45:06.959 31233 31245 I art     : Explicit concurrent mark sweep GC freed 1356(83KB) AllocSpace objects, 1(20KB) LOS objects, 24% free, 48MB/64MB, paused 702us total 71.341ms
08-04 00:45:06.983 31233 31245 I art     : Starting a blocking GC Explicit
08-04 00:45:07.051 31233 31245 I art     : Explicit concurrent mark sweep GC freed 20(704B) AllocSpace objects, 0(0B) LOS objects, 24% free, 48MB/64MB, paused 636us total 68.097ms
08-04 00:45:07.072 31233 31245 I art     : Starting a blocking GC Explicit
08-04 00:45:07.125 31233 31245 I art     : Explicit concurrent mark sweep GC freed 3(96B) AllocSpace objects, 0(0B) LOS objects, 24% free, 48MB/64MB, paused 581us total 52.430ms
08-04 00:45:07.144 31233 31245 I art     : Starting a blocking GC Explicit
08-04 00:45:07.197 31233 31245 I art     : Explicit concurrent mark sweep GC freed 3(96B) AllocSpace objects, 0(0B) LOS objects, 24% free, 48MB/64MB, paused 605us total 52.023ms
08-04 00:45:07.216 31233 31245 I art     : Starting a blocking GC Explicit
08-04 00:45:07.272 31233 31245 I art     : Explicit concurrent mark sweep GC freed 3(96B) AllocSpace objects, 0(0B) LOS objects, 24% free, 48MB/64MB, paused 624us total 55.844ms
08-04 00:45:07.629  2765  2765 D AndroidRuntime: >>>>>> START com.android.internal.os.RuntimeInit uid 2000 <<<<<<
08-04 00:45:07.637  2765  2765 D AndroidRuntime: CheckJNI is OFF
08-04 00:45:07.641 31233  2450 I art     : Starting a blocking GC Explicit
08-04 00:45:07.682  2765  2765 D ICU     : No timezone override file found: /data/misc/zoneinfo/current/icu/icu_tzdata.dat
08-04 00:45:07.694 31233  2450 I art     : Explicit concurrent mark sweep GC freed 1357(83KB) AllocSpace objects, 1(20KB) LOS objects, 24% free, 48MB/64MB, paused 642us total 53.260ms
08-04 00:45:07.713 31233  2450 I art     : Starting a blocking GC Explicit
08-04 00:45:07.724  2765  2765 I Radio-JNI: register_android_hardware_Radio DONE
08-04 00:45:07.754  2765  2765 D AndroidRuntime: Calling main entry com.android.commands.input.Input
08-04 00:45:07.755  2765  2765 I Input   : injectMotionEvent: MotionEvent { action=ACTION_DOWN, actionButton=0, id[0]=0, x[0]=1340.0, y[0]=1100.0, toolType[0]=TOOL_TYPE_UNKNOWN, buttonState=0, metaState=0, flags=0x0, edgeFlags=0x0, pointerCount=1, historySize=0, eventTime=665124168, downTime=665124168, deviceId=0, source=0x1002 }
08-04 00:45:07.760  2765  2765 I Input   : injectMotionEvent: MotionEvent { action=ACTION_UP, actionButton=0, id[0]=0, x[0]=1340.0, y[0]=1100.0, toolType[0]=TOOL_TYPE_UNKNOWN, buttonState=0, metaState=0, flags=0x0, edgeFlags=0x0, pointerCount=1, historySize=0, eventTime=665124168, downTime=665124168, deviceId=0, source=0x1002 }
08-04 00:45:07.763  2765  2765 D AndroidRuntime: Shutting down VM
08-04 00:45:07.765 31233  2450 I art     : Explicit concurrent mark sweep GC freed 22(768B) AllocSpace objects, 0(0B) LOS objects, 24% free, 48MB/64MB, paused 717us total 51.096ms
08-04 00:45:07.774   512  2967 D audio_hw_primary: out_set_parameters: enter: usecase(1: low-latency-playback) kvpairs: routing=2
08-04 00:45:07.774   918  4413 I ActivityManager: START u0 {dat=https://oauth.reddit.com/... cmp=baseline.org.quantumbadger.redreader/.activities.CommentListingActivity} from uid 10666 on display 0
08-04 00:45:07.786 31233  2450 I art     : Starting a blocking GC Explicit
08-04 00:45:07.787   512  2967 D audio_hw_primary: select_devices: out_snd_device(2: speaker) in_snd_device(0: none)
08-04 00:45:07.787   512  2967 D msm8974_platform: platform_send_audio_calibration: sending audio calibration for snd_device(2) acdb_id(15)
08-04 00:45:07.787   512  2967 I soundtrigger: audio_extn_sound_trigger_update_device_status: device 0x2 of type 0 for Event 1
08-04 00:45:07.797   512  2967 D audio_hw_primary: enable_snd_device: snd_device(2: speaker)
08-04 00:45:07.799   512  2967 D audio_hw_primary: enable_audio_route: apply and update mixer path: low-latency-playback speaker
08-04 00:45:07.801 31233 31233 I AppCompatViewInflater: app:theme is now deprecated. Please move to using android:theme instead.
08-04 00:45:07.820 31233  2711 I CommentListingActivity: COMMENTS session changed to 5a4cb438-0e09-4eb4-beb7-63b8c6726c3d
08-04 00:45:07.841 31233  2450 I art     : Explicit concurrent mark sweep GC freed 2585(168KB) AllocSpace objects, 0(0B) LOS objects, 24% free, 48MB/64MB, paused 1.545ms total 53.683ms
08-04 00:45:07.859 31233  2450 I art     : Starting a blocking GC Explicit
08-04 00:45:07.901   918   936 I ActivityManager: Displayed baseline.org.quantumbadger.redreader/.activities.CommentListingActivity: +118ms
08-04 00:45:07.908 13866 13866 I GoogleInputMethodServic: GoogleInputMethodService.onFinishInput():3138 
08-04 00:45:07.908 13866 13866 I GoogleInputMethodServic: GoogleInputMethodService.onStartInput():1808 
08-04 00:45:07.914   518   646 I ThermalEngine: ACTION: GPU - Setting GPU[0] to 510000000
08-04 00:45:07.919 31233  2450 I art     : Explicit concurrent mark sweep GC freed 16393(987KB) AllocSpace objects, 53(10MB) LOS objects, 29% free, 38MB/54MB, paused 1.844ms total 59.361ms
08-04 00:45:07.939 31233  2450 I art     : Starting a blocking GC Explicit
08-04 00:45:07.998 31233  2450 I art     : Explicit concurrent mark sweep GC freed 14987(870KB) AllocSpace objects, 0(0B) LOS objects, 28% free, 39MB/55MB, paused 613us total 58.292ms
08-04 00:45:08.151   380   380 W SurfaceFlinger: couldn't log to binary event log: overflow.
08-04 00:45:08.281 31233  2450 I art     : Starting a blocking GC Explicit
08-04 00:45:08.315 31233  2709 I RedditChangeDataIO: Writing tmp data file at '/data/user/0/baseline.org.quantumbadger.redreader/files/rr_change_data_tmp.dat'
08-04 00:45:08.316 31233  2709 I RedditChangeDataManager: Taking snapshot...
08-04 00:45:08.316 31233  2709 I RedditChangeDataManager: Writing to stream...
08-04 00:45:08.316 31233  2709 I RedditChangeDataManager: Wrote 6 entries for user ''
08-04 00:45:08.316 31233  2709 I RedditChangeDataManager: All entries written to stream.
08-04 00:45:08.317 31233  2709 I RedditChangeDataIO: Write successful. Atomically replacing data file...
08-04 00:45:08.317 31233  2709 I RedditChangeDataIO: Write complete.
08-04 00:45:08.318 31233  2709 I RedditChangeDataIO: 158 bytes written in 2 ms
08-04 00:45:08.334 31233  2450 I art     : Explicit concurrent mark sweep GC freed 18206(840KB) AllocSpace objects, 2(88KB) LOS objects, 28% free, 39MB/55MB, paused 421us total 52.305ms
08-04 00:45:08.340   512  2967 D audio_hw_primary: disable_audio_route: reset and update mixer path: low-latency-playback speaker
08-04 00:45:08.341   512  2967 D audio_hw_primary: disable_snd_device: snd_device(2: speaker)
08-04 00:45:08.350   512  2967 I soundtrigger: audio_extn_sound_trigger_update_device_status: device 0x2 of type 0 for Event 0
08-04 00:45:08.352 31233  2450 I art     : Starting a blocking GC Explicit
08-04 00:45:08.398 31233  2450 I art     : Explicit concurrent mark sweep GC freed 84(4KB) AllocSpace objects, 0(0B) LOS objects, 28% free, 39MB/55MB, paused 385us total 46.288ms
08-04 00:45:08.413 31233  2450 I art     : Starting a blocking GC Explicit
08-04 00:45:08.461 31233  2450 I art     : Explicit concurrent mark sweep GC freed 3(96B) AllocSpace objects, 0(0B) LOS objects, 28% free, 39MB/55MB, paused 414us total 47.192ms
08-04 00:45:08.477 31233  2450 I art     : Starting a blocking GC Explicit
08-04 00:45:08.526 31233  2450 I art     : Explicit concurrent mark sweep GC freed 3(96B) AllocSpace objects, 0(0B) LOS objects, 28% free, 39MB/55MB, paused 352us total 48.511ms
08-04 00:45:08.542 31233  2450 I art     : Starting a blocking GC Explicit
08-04 00:45:08.592 31233  2450 I art     : Explicit concurrent mark sweep GC freed 3(96B) AllocSpace objects, 0(0B) LOS objects, 28% free, 39MB/55MB, paused 361us total 49.648ms
08-04 00:45:08.907 31233 31540 I art     : Starting a blocking GC Explicit
08-04 00:45:08.963 31233 31540 I art     : Explicit concurrent mark sweep GC freed 1357(83KB) AllocSpace objects, 1(20KB) LOS objects, 28% free, 39MB/55MB, paused 420us total 55.225ms
08-04 00:45:08.980 31233 31540 I art     : Starting a blocking GC Explicit
08-04 00:45:09.033 31233 31540 I art     : Explicit concurrent mark sweep GC freed 66(2528B) AllocSpace objects, 0(0B) LOS objects, 28% free, 39MB/55MB, paused 431us total 53.404ms
08-04 00:45:09.050 31233 31540 I art     : Starting a blocking GC Explicit
08-04 00:45:09.102 31233 31540 I art     : Explicit concurrent mark sweep GC freed 3(96B) AllocSpace objects, 0(0B) LOS objects, 28% free, 39MB/55MB, paused 416us total 51.409ms
08-04 00:45:09.119 31233 31540 I art     : Starting a blocking GC Explicit
08-04 00:45:09.171 31233 31540 I art     : Explicit concurrent mark sweep GC freed 3(96B) AllocSpace objects, 0(0B) LOS objects, 28% free, 39MB/55MB, paused 424us total 51.772ms
08-04 00:45:09.188 31233 31540 I art     : Starting a blocking GC Explicit
08-04 00:45:09.241 31233 31540 I art     : Explicit concurrent mark sweep GC freed 3(96B) AllocSpace objects, 0(0B) LOS objects, 28% free, 39MB/55MB, paused 415us total 53.362ms
08-04 00:45:09.552 31233  2449 I art     : Starting a blocking GC Explicit
08-04 00:45:09.619 31233  2449 I art     : Explicit concurrent mark sweep GC freed 1354(82KB) AllocSpace objects, 1(20KB) LOS objects, 28% free, 39MB/55MB, paused 481us total 67.133ms
08-04 00:45:09.642 31233  2449 I art     : Starting a blocking GC Explicit
08-04 00:45:09.693 31233  2449 I art     : Explicit concurrent mark sweep GC freed 295(44KB) AllocSpace objects, 0(0B) LOS objects, 28% free, 39MB/55MB, paused 395us total 51.065ms
08-04 00:45:09.710 31233  2449 I art     : Starting a blocking GC Explicit
08-04 00:45:09.762 31233  2449 I art     : Explicit concurrent mark sweep GC freed 68(2272B) AllocSpace objects, 0(0B) LOS objects, 28% free, 39MB/55MB, paused 384us total 51.607ms
08-04 00:45:09.778 31233  2449 I art     : Starting a blocking GC Explicit
08-04 00:45:09.832 31233  2449 I art     : Explicit concurrent mark sweep GC freed 3(96B) AllocSpace objects, 0(0B) LOS objects, 28% free, 39MB/55MB, paused 375us total 53.255ms
08-04 00:45:09.849 31233  2449 I art     : Starting a blocking GC Explicit
08-04 00:45:09.901 31233  2449 I art     : Explicit concurrent mark sweep GC freed 3(96B) AllocSpace objects, 0(0B) LOS objects, 28% free, 39MB/55MB, paused 391us total 52.223ms
08-04 00:45:09.919   518   646 I ThermalEngine: ACTION: GPU - Setting GPU[0] to 450000000
08-04 00:45:10.253 31233  2450 I art     : Starting a blocking GC Explicit
08-04 00:45:10.321 31233  2450 I art     : Explicit concurrent mark sweep GC freed 1354(82KB) AllocSpace objects, 1(20KB) LOS objects, 28% free, 39MB/55MB, paused 445us total 66.782ms
08-04 00:45:10.340 31233  2450 I art     : Starting a blocking GC Explicit
08-04 00:45:10.393 31233  2450 I art     : Explicit concurrent mark sweep GC freed 20(704B) AllocSpace objects, 0(0B) LOS objects, 28% free, 39MB/55MB, paused 396us total 52.694ms
08-04 00:45:10.409 31233  2450 I art     : Starting a blocking GC Explicit
08-04 00:45:10.462 31233  2450 I art     : Explicit concurrent mark sweep GC freed 3(96B) AllocSpace objects, 0(0B) LOS objects, 28% free, 39MB/55MB, paused 393us total 53.057ms
08-04 00:45:10.479 31233  2450 I art     : Starting a blocking GC Explicit
08-04 00:45:10.533 31233  2450 I art     : Explicit concurrent mark sweep GC freed 3(96B) AllocSpace objects, 0(0B) LOS objects, 28% free, 39MB/55MB, paused 355us total 53.606ms
08-04 00:45:10.549 31233  2450 I art     : Starting a blocking GC Explicit
08-04 00:45:10.600 31233  2450 I art     : Explicit concurrent mark sweep GC freed 3(96B) AllocSpace objects, 0(0B) LOS objects, 28% free, 39MB/55MB, paused 380us total 50.295ms
08-04 00:45:10.950 31233 31244 I art     : Starting a blocking GC Explicit
08-04 00:45:11.035 31233 31244 I art     : Explicit concurrent mark sweep GC freed 1354(82KB) AllocSpace objects, 1(20KB) LOS objects, 28% free, 39MB/55MB, paused 749us total 84.801ms
08-04 00:45:11.060 31233 31244 I art     : Starting a blocking GC Explicit
08-04 00:45:11.133 31233 31244 I art     : Explicit concurrent mark sweep GC freed 20(704B) AllocSpace objects, 0(0B) LOS objects, 28% free, 39MB/55MB, paused 472us total 72.210ms
08-04 00:45:11.154 31233 31244 I art     : Starting a blocking GC Explicit
08-04 00:45:11.228 31233 31244 I art     : Explicit concurrent mark sweep GC freed 3(96B) AllocSpace objects, 0(0B) LOS objects, 28% free, 39MB/55MB, paused 564us total 73.250ms
08-04 00:45:11.252 31233 31244 I art     : Starting a blocking GC Explicit
08-04 00:45:11.323 31233 31244 I art     : Explicit concurrent mark sweep GC freed 3(96B) AllocSpace objects, 0(0B) LOS objects, 28% free, 39MB/55MB, paused 529us total 70.656ms
08-04 00:45:11.344 31233 31244 I art     : Starting a blocking GC Explicit
08-04 00:45:11.423 31233 31244 I art     : Explicit concurrent mark sweep GC freed 3(96B) AllocSpace objects, 0(0B) LOS objects, 28% free, 39MB/55MB, paused 586us total 78.020ms
08-04 00:45:11.798 31233 31257 I art     : Starting a blocking GC Explicit
08-04 00:45:11.885 31233 31257 I art     : Explicit concurrent mark sweep GC freed 1354(82KB) AllocSpace objects, 1(20KB) LOS objects, 28% free, 39MB/55MB, paused 532us total 86.529ms
08-04 00:45:11.907 31233 31257 I art     : Starting a blocking GC Explicit
08-04 00:45:11.924   518   646 I ThermalEngine: ACTION: GPU - Setting GPU[0] to 510000000
08-04 00:45:11.978 31233 31257 I art     : Explicit concurrent mark sweep GC freed 20(704B) AllocSpace objects, 0(0B) LOS objects, 28% free, 39MB/55MB, paused 807us total 70.536ms
08-04 00:45:12.002 31233 31257 I art     : Starting a blocking GC Explicit
08-04 00:45:12.050 31233 31257 I art     : Explicit concurrent mark sweep GC freed 3(96B) AllocSpace objects, 0(0B) LOS objects, 28% free, 39MB/55MB, paused 344us total 47.351ms
08-04 00:45:12.065 31233 31257 I art     : Starting a blocking GC Explicit
08-04 00:45:12.114 31233 31257 I art     : Explicit concurrent mark sweep GC freed 3(96B) AllocSpace objects, 0(0B) LOS objects, 28% free, 39MB/55MB, paused 370us total 48.511ms
08-04 00:45:12.130 31233 31257 I art     : Starting a blocking GC Explicit
08-04 00:45:12.180 31233 31257 I art     : Explicit concurrent mark sweep GC freed 3(96B) AllocSpace objects, 0(0B) LOS objects, 28% free, 39MB/55MB, paused 387us total 49.564ms
08-04 00:45:12.428  2852  2852 D AndroidRuntime: >>>>>> START com.android.internal.os.RuntimeInit uid 2000 <<<<<<
08-04 00:45:12.433  2852  2852 D AndroidRuntime: CheckJNI is OFF
08-04 00:45:12.466  2852  2852 D ICU     : No timezone override file found: /data/misc/zoneinfo/current/icu/icu_tzdata.dat
08-04 00:45:12.500  2852  2852 I Radio-JNI: register_android_hardware_Radio DONE
08-04 00:45:12.513 31233 31245 I art     : Starting a blocking GC Explicit
08-04 00:45:12.523  2852  2852 D AndroidRuntime: Calling main entry com.android.commands.input.Input
08-04 00:45:12.525  2852  2852 I Input   : injectKeyEvent: KeyEvent { action=ACTION_DOWN, keyCode=KEYCODE_BACK, scanCode=0, metaState=0, flags=0x0, repeatCount=0, eventTime=665128938, downTime=665128938, deviceId=-1, source=0x101 }
08-04 00:45:12.530  2852  2852 I Input   : injectKeyEvent: KeyEvent { action=ACTION_UP, keyCode=KEYCODE_BACK, scanCode=0, metaState=0, flags=0x0, repeatCount=0, eventTime=665128938, downTime=665128938, deviceId=-1, source=0x101 }
08-04 00:45:12.535  2852  2852 D AndroidRuntime: Shutting down VM
08-04 00:45:12.567 31233 31245 I art     : Explicit concurrent mark sweep GC freed 1497(88KB) AllocSpace objects, 1(20KB) LOS objects, 28% free, 39MB/55MB, paused 488us total 53.789ms
08-04 00:45:12.579 13866 13866 I GoogleInputMethodServic: GoogleInputMethodService.onFinishInput():3138 
08-04 00:45:12.580 13866 13866 I GoogleInputMethodServic: GoogleInputMethodService.onStartInput():1808 
08-04 00:45:12.582 31233 31245 I art     : Starting a blocking GC Explicit
08-04 00:45:12.628 31233 31245 I art     : Explicit concurrent mark sweep GC freed 129(4KB) AllocSpace objects, 0(0B) LOS objects, 28% free, 39MB/55MB, paused 463us total 45.722ms
08-04 00:45:12.645 31233 31245 I art     : Starting a blocking GC Explicit
08-04 00:45:12.689 31233 31245 I art     : Explicit concurrent mark sweep GC freed 24(816B) AllocSpace objects, 0(0B) LOS objects, 28% free, 39MB/55MB, paused 329us total 43.865ms
08-04 00:45:12.704 31233 31245 I art     : Starting a blocking GC Explicit
08-04 00:45:12.753 31233 31245 I art     : Explicit concurrent mark sweep GC freed 3(96B) AllocSpace objects, 0(0B) LOS objects, 28% free, 39MB/55MB, paused 378us total 48.332ms
08-04 00:45:12.772 31233 31245 I art     : Starting a blocking GC Explicit
08-04 00:45:12.818 31233 31245 I art     : Explicit concurrent mark sweep GC freed 3(96B) AllocSpace objects, 0(0B) LOS objects, 28% free, 39MB/55MB, paused 368us total 45.916ms
08-04 00:45:12.888   380   380 W SurfaceFlinger: couldn't log to binary event log: overflow.
08-04 00:45:13.116 31233  2450 I art     : Starting a blocking GC Explicit
08-04 00:45:13.184 31233  2450 I art     : Explicit concurrent mark sweep GC freed 1416(84KB) AllocSpace objects, 1(20KB) LOS objects, 28% free, 39MB/55MB, paused 546us total 67.877ms
08-04 00:45:13.203 31233  2450 I art     : Starting a blocking GC Explicit
08-04 00:45:13.230   918  3261 D WifiStateMachine: starting scan for "H369AA63323"WPA_PSK with 2412,5180
08-04 00:45:13.246 31233  2450 I art     : Explicit concurrent mark sweep GC freed 41409(2MB) AllocSpace objects, 5(140KB) LOS objects, 29% free, 37MB/53MB, paused 359us total 42.853ms
08-04 00:45:13.261 31233  2450 I art     : Starting a blocking GC Explicit
08-04 00:45:13.296 31233  2450 I art     : Explicit concurrent mark sweep GC freed 3(96B) AllocSpace objects, 0(0B) LOS objects, 29% free, 37MB/53MB, paused 360us total 35.092ms
08-04 00:45:13.310 31233  2450 I art     : Starting a blocking GC Explicit
08-04 00:45:13.349 31233  2450 I art     : Explicit concurrent mark sweep GC freed 3(96B) AllocSpace objects, 0(0B) LOS objects, 29% free, 37MB/53MB, paused 410us total 38.638ms
08-04 00:45:13.363 31233  2450 I art     : Starting a blocking GC Explicit
08-04 00:45:13.403 31233  2450 I art     : Explicit concurrent mark sweep GC freed 3(96B) AllocSpace objects, 0(0B) LOS objects, 29% free, 37MB/53MB, paused 383us total 39.541ms
08-04 00:45:13.724 31233 31245 I art     : Starting a blocking GC Explicit
08-04 00:45:13.773 31233 31245 I art     : Explicit concurrent mark sweep GC freed 1354(82KB) AllocSpace objects, 1(20KB) LOS objects, 29% free, 37MB/53MB, paused 380us total 48.769ms
08-04 00:45:13.789 31233 31245 I art     : Starting a blocking GC Explicit
08-04 00:45:13.823 31233 31245 I art     : Explicit concurrent mark sweep GC freed 20(704B) AllocSpace objects, 0(0B) LOS objects, 29% free, 37MB/53MB, paused 369us total 34.265ms
08-04 00:45:13.837 31233 31245 I art     : Starting a blocking GC Explicit
08-04 00:45:13.875 31233 31245 I art     : Explicit concurrent mark sweep GC freed 3(96B) AllocSpace objects, 0(0B) LOS objects, 29% free, 37MB/53MB, paused 375us total 37.485ms
08-04 00:45:13.890 31233 31245 I art     : Starting a blocking GC Explicit
08-04 00:45:13.928 31233 31245 I art     : Explicit concurrent mark sweep GC freed 3(96B) AllocSpace objects, 0(0B) LOS objects, 29% free, 37MB/53MB, paused 376us total 38.150ms
08-04 00:45:13.942 31233 31245 I art     : Starting a blocking GC Explicit
08-04 00:45:13.980 31233 31245 I art     : Explicit concurrent mark sweep GC freed 3(96B) AllocSpace objects, 0(0B) LOS objects, 29% free, 37MB/53MB, paused 371us total 37.773ms
08-04 00:45:13.981 31233 31243 I art     : WaitForGcToComplete blocked for 17.461ms for cause HeapTrim
08-04 00:45:14.187  2896  2896 D AndroidRuntime: >>>>>> START com.android.internal.os.RuntimeInit uid 2000 <<<<<<
08-04 00:45:14.192  2896  2896 D AndroidRuntime: CheckJNI is OFF
08-04 00:45:14.228  2896  2896 D ICU     : No timezone override file found: /data/misc/zoneinfo/current/icu/icu_tzdata.dat
08-04 00:45:14.261  2896  2896 I Radio-JNI: register_android_hardware_Radio DONE
08-04 00:45:14.278 31233 31244 I art     : Starting a blocking GC Explicit
08-04 00:45:14.283  2896  2896 D AndroidRuntime: Calling main entry com.android.commands.input.Input
08-04 00:45:14.284  2896  2896 I Input   : injectKeyEvent: KeyEvent { action=ACTION_DOWN, keyCode=KEYCODE_BACK, scanCode=0, metaState=0, flags=0x0, repeatCount=0, eventTime=665130697, downTime=665130697, deviceId=-1, source=0x101 }
08-04 00:45:14.291  2896  2896 I Input   : injectKeyEvent: KeyEvent { action=ACTION_UP, keyCode=KEYCODE_BACK, scanCode=0, metaState=0, flags=0x0, repeatCount=0, eventTime=665130697, downTime=665130697, deviceId=-1, source=0x101 }
08-04 00:45:14.296  2896  2896 D AndroidRuntime: Shutting down VM
08-04 00:45:14.318 31233 31244 I art     : Explicit concurrent mark sweep GC freed 1456(86KB) AllocSpace objects, 1(20KB) LOS objects, 29% free, 37MB/53MB, paused 387us total 38.525ms
08-04 00:45:14.331 31233 31244 I art     : Starting a blocking GC Explicit
08-04 00:45:14.334 13866 13866 I GoogleInputMethodServic: GoogleInputMethodService.onFinishInput():3138 
08-04 00:45:14.335 13866 13866 I GoogleInputMethodServic: GoogleInputMethodService.onStartInput():1808 
08-04 00:45:14.369 31233 31244 I art     : Explicit concurrent mark sweep GC freed 79(2880B) AllocSpace objects, 0(0B) LOS objects, 29% free, 37MB/53MB, paused 392us total 37.195ms
08-04 00:45:14.382 31233 31244 I art     : Starting a blocking GC Explicit
08-04 00:45:14.415 31233 31244 I art     : Explicit concurrent mark sweep GC freed 25(848B) AllocSpace objects, 0(0B) LOS objects, 29% free, 37MB/53MB, paused 313us total 32.386ms
08-04 00:45:14.429 31233 31244 I art     : Starting a blocking GC Explicit
08-04 00:45:14.467 31233 31244 I art     : Explicit concurrent mark sweep GC freed 3(96B) AllocSpace objects, 0(0B) LOS objects, 29% free, 37MB/53MB, paused 513us total 37.916ms
08-04 00:45:14.481 31233 31244 I art     : Starting a blocking GC Explicit
08-04 00:45:14.528 31233 31244 I art     : Explicit concurrent mark sweep GC freed 3(96B) AllocSpace objects, 0(0B) LOS objects, 29% free, 37MB/53MB, paused 638us total 46.021ms
08-04 00:45:14.809 31233  2450 I art     : Starting a blocking GC Explicit
08-04 00:45:14.861 31233  2450 I art     : Explicit concurrent mark sweep GC freed 1409(84KB) AllocSpace objects, 1(20KB) LOS objects, 29% free, 37MB/53MB, paused 489us total 51.594ms
08-04 00:45:14.880 31233  2450 I art     : Starting a blocking GC Explicit
08-04 00:45:14.920 31233  2450 I art     : Explicit concurrent mark sweep GC freed 150(7KB) AllocSpace objects, 0(0B) LOS objects, 29% free, 37MB/53MB, paused 423us total 40.262ms
08-04 00:45:14.936 31233  2450 I art     : Starting a blocking GC Explicit
08-04 00:45:14.977 31233  2450 I art     : Explicit concurrent mark sweep GC freed 3(96B) AllocSpace objects, 0(0B) LOS objects, 29% free, 37MB/53MB, paused 416us total 41.094ms
08-04 00:45:14.992 31233  2450 I art     : Starting a blocking GC Explicit
08-04 00:45:15.032 31233  2450 I art     : Explicit concurrent mark sweep GC freed 3(96B) AllocSpace objects, 0(0B) LOS objects, 29% free, 37MB/53MB, paused 420us total 40.139ms
08-04 00:45:15.047 31233  2450 I art     : Starting a blocking GC Explicit
08-04 00:45:15.088 31233  2450 I art     : Explicit concurrent mark sweep GC freed 3(96B) AllocSpace objects, 0(0B) LOS objects, 29% free, 37MB/53MB, paused 442us total 41.241ms
08-04 00:45:15.405 31233 31245 I art     : Starting a blocking GC Explicit
08-04 00:45:15.464 31233 31245 I art     : Explicit concurrent mark sweep GC freed 1354(82KB) AllocSpace objects, 1(20KB) LOS objects, 29% free, 37MB/53MB, paused 513us total 58.230ms
08-04 00:45:15.480 31233 31245 I art     : Starting a blocking GC Explicit
08-04 00:45:15.522 31233 31245 I art     : Explicit concurrent mark sweep GC freed 20(704B) AllocSpace objects, 0(0B) LOS objects, 29% free, 37MB/53MB, paused 421us total 41.159ms
08-04 00:45:15.537 31233 31245 I art     : Starting a blocking GC Explicit
08-04 00:45:15.575 31233 31245 I art     : Explicit concurrent mark sweep GC freed 3(96B) AllocSpace objects, 0(0B) LOS objects, 29% free, 37MB/53MB, paused 424us total 37.824ms
08-04 00:45:15.589 31233 31245 I art     : Starting a blocking GC Explicit
08-04 00:45:15.625 31233 31245 I art     : Explicit concurrent mark sweep GC freed 3(96B) AllocSpace objects, 0(0B) LOS objects, 29% free, 37MB/53MB, paused 378us total 35.418ms
08-04 00:45:15.639 31233 31245 I art     : Starting a blocking GC Explicit
08-04 00:45:15.676 31233 31245 I art     : Explicit concurrent mark sweep GC freed 3(96B) AllocSpace objects, 0(0B) LOS objects, 29% free, 37MB/53MB, paused 428us total 37.096ms
08-04 00:45:15.974 31233 31257 I art     : Starting a blocking GC Explicit
08-04 00:45:16.016  2944  2944 D AndroidRuntime: >>>>>> START com.android.internal.os.RuntimeInit uid 2000 <<<<<<
08-04 00:45:16.016 31233 31257 I art     : Explicit concurrent mark sweep GC freed 1354(82KB) AllocSpace objects, 1(20KB) LOS objects, 29% free, 37MB/53MB, paused 505us total 41.617ms
08-04 00:45:16.021  2944  2944 D AndroidRuntime: CheckJNI is OFF
08-04 00:45:16.030 31233 31257 I art     : Starting a blocking GC Explicit
08-04 00:45:16.055  2944  2944 D ICU     : No timezone override file found: /data/misc/zoneinfo/current/icu/icu_tzdata.dat
08-04 00:45:16.069 31233 31257 I art     : Explicit concurrent mark sweep GC freed 20(704B) AllocSpace objects, 0(0B) LOS objects, 29% free, 37MB/53MB, paused 400us total 38.337ms
08-04 00:45:16.083 31233 31257 I art     : Starting a blocking GC Explicit
08-04 00:45:16.092  2944  2944 I Radio-JNI: register_android_hardware_Radio DONE
08-04 00:45:16.113  2944  2944 D AndroidRuntime: Calling main entry com.android.commands.am.Am
08-04 00:45:16.121 31233 31257 I art     : Explicit concurrent mark sweep GC freed 3(96B) AllocSpace objects, 0(0B) LOS objects, 29% free, 37MB/53MB, paused 371us total 37.279ms
08-04 00:45:16.123  8825  8825 I Trepn   : Trepn 6.2s: Received intent: com.quicinc.trepn.stop_profiling
08-04 00:45:16.135 31233 31257 I art     : Starting a blocking GC Explicit
08-04 00:45:16.166  8825  8825 I Trepn   : Trepn 6.2s: Trepn has Stopped Profiling.
08-04 00:45:16.170 31233 31257 I art     : Explicit concurrent mark sweep GC freed 3(96B) AllocSpace objects, 0(0B) LOS objects, 29% free, 37MB/53MB, paused 395us total 35.055ms
08-04 00:45:16.184 31233 31257 I art     : Starting a blocking GC Explicit
08-04 00:45:16.221 31233 31257 I art     : Explicit concurrent mark sweep GC freed 3(96B) AllocSpace objects, 0(0B) LOS objects, 29% free, 37MB/53MB, paused 409us total 37.360ms
08-04 00:45:16.362  2944  2944 D AndroidRuntime: Shutting down VM
08-04 00:45:16.385   918  5952 W AppOps  : Finishing op nesting under-run: uid 10078 pkg com.quicinc.trepn code 24 time=0 duration=0 nesting=0
08-04 00:45:16.561 31233 31540 I art     : Starting a blocking GC Explicit
08-04 00:45:16.609 31233 31540 I art     : Explicit concurrent mark sweep GC freed 1354(82KB) AllocSpace objects, 1(20KB) LOS objects, 29% free, 37MB/53MB, paused 409us total 47.871ms
08-04 00:45:16.624 31233 31540 I art     : Starting a blocking GC Explicit
08-04 00:45:16.662 31233 31540 I art     : Explicit concurrent mark sweep GC freed 20(704B) AllocSpace objects, 0(0B) LOS objects, 29% free, 37MB/53MB, paused 374us total 38.183ms
08-04 00:45:16.677 31233 31540 I art     : Starting a blocking GC Explicit
08-04 00:45:16.715 31233 31540 I art     : Explicit concurrent mark sweep GC freed 3(96B) AllocSpace objects, 0(0B) LOS objects, 29% free, 37MB/53MB, paused 408us total 37.595ms
08-04 00:45:16.729 31233 31540 I art     : Starting a blocking GC Explicit
08-04 00:45:16.768 31233 31540 I art     : Explicit concurrent mark sweep GC freed 3(96B) AllocSpace objects, 0(0B) LOS objects, 29% free, 37MB/53MB, paused 432us total 38.382ms
08-04 00:45:16.782 31233 31540 I art     : Starting a blocking GC Explicit
08-04 00:45:16.820 31233 31540 I art     : Explicit concurrent mark sweep GC freed 3(96B) AllocSpace objects, 0(0B) LOS objects, 29% free, 37MB/53MB, paused 386us total 37.896ms
08-04 00:45:16.934   518   646 I ThermalEngine: ACTION: GPU - Setting GPU[0] to 450000000
08-04 00:45:18.938   518   646 I ThermalEngine: ACTION: GPU - Setting GPU[0] to 510000000
08-04 00:45:19.183 26997 26997 I Atfwd_Sendcmd: AtCmdFwd service not ready - Exhausted retry attempts - :6
08-04 00:45:19.183 26997 26997 I Atfwd_Daemon: result : -1 	 ,Init step :2 	 ,qmiErrorCode: 0
