--------- beginning of main
08-04 00:51:14.946  3784  3784 D CarrierServiceBindHelper: Receive action: android.intent.action.PACKAGE_REMOVED
08-04 00:51:14.949   918  5132 I AccountManagerService: getTypesVisibleToCaller: isPermitted? true
08-04 00:51:14.965 24365  7719 I Fitness : FitCleanupIntentOperation received Intent android.intent.action.PACKAGE_REMOVED [CONTEXT service_id=17 ]
08-04 00:51:14.981 18789 18789 I Finsky  : [1] uah.a(18): PackageMonitorReceiverImpl - Received: android.intent.action.PACKAGE_REMOVED, [ocpw8ddNLhG67i_cxGNvtEQwqY1k5QNC_my-vN553D4]
08-04 00:51:14.981 18789 18789 I Finsky  : [1] ubi.d(9): Invalidating cached PackageState for baseline.org.quantumbadger.redreader
08-04 00:51:14.983   918   930 W ResourceType: ResTable_typeSpec entry count inconsistent: given 37, previously 42
08-04 00:51:14.983   918   930 W ResourceType: ResTable_typeSpec entry count inconsistent: given 2527, previously 2530
08-04 00:51:14.984   918  5132 I AccountManagerService: getTypesVisibleToCaller: isPermitted? true
08-04 00:51:14.985   918   930 W ResourceType: ResTable_typeSpec entry count inconsistent: given 2542, previously 2545
08-04 00:51:14.985   918   930 W ResourceType: ResTable_typeSpec entry count inconsistent: given 303, previously 1691
08-04 00:51:14.988 18789 18789 I Finsky  : [1] lzi.c(2): Frosting ID looked up on UI thread. Caller should move to a background thread.
08-04 00:51:14.998 18789 18789 I Finsky  : [1] nqb.c(3): Installer: package baseline.org.quantumbadger.redreader was removed. replacing: true
08-04 00:51:15.000 18789 18789 I Finsky  : [1] nra.a(188): Installer: Notifying status update. package=baseline.org.quantumbadger.redreader, status=UNINSTALLED
08-04 00:51:15.003  3784  3784 D CarrierServiceBindHelper: Receive action: android.intent.action.PACKAGE_ADDED
08-04 00:51:15.003  3784  3784 D CarrierServiceBindHelper: Receive action: android.intent.action.PACKAGE_REPLACED
08-04 00:51:15.005  3784  3784 D CarrierServiceBindHelper: mHandler: 3
08-04 00:51:15.005  3784  3784 D CarrierServiceBindHelper: mHandler: 3
08-04 00:51:15.005  3784  3784 D CarrierServiceBindHelper: mHandler: 3
08-04 00:51:15.005  3784  3784 D CarrierConfigLoader: mHandler: 9 phoneId: 0
08-04 00:51:15.010 18789 18789 I Finsky  : [1] lzi.c(2): Frosting ID looked up on UI thread. Caller should move to a background thread.
08-04 00:51:15.012 18789  7732 I Finsky  : [6282] ejf.a(-1): Cancelled 0 ongoing asset module downloads for package baseline.org.quantumbadger.redreader due to a concurrent app update.
08-04 00:51:15.013 18789  7730 I Finsky  : [6280] lyv.run(-1): Wrote row to frosting DB: 2120
08-04 00:51:15.020 18789 18789 I Finsky  : [1] nra.a(220): Installer: found apps to install. isMultiUserMode=false, apps=[]
08-04 00:51:15.075 24577  7727 I Auth    : [SupervisedAccountIntentOperation] onHandleIntent(): android.intent.action.PACKAGE_ADDED
08-04 00:51:15.077 24577  7728 I ChromeSync: [Sync,SyncIntentOperation] Handling the intent: Intent { act=android.intent.action.PACKAGE_ADDED dat=package:baseline.org.quantumbadger.redreader flg=0x4000010 cmp=com.google.android.gms/.chimera.GmsIntentOperationService (has extras) }.
--------- beginning of system
08-04 00:51:15.102   918  5952 W ActivityManager: Unable to start service Intent { act=com.google.android.gms.auth.key.retrieval.service.START pkg=com.google.android.gms } U=0: not found
08-04 00:51:15.109 18789 18789 I Finsky  : [1] uah.a(18): PackageMonitorReceiverImpl - Received: android.intent.action.PACKAGE_ADDED, [ocpw8ddNLhG67i_cxGNvtEQwqY1k5QNC_my-vN553D4]
08-04 00:51:15.109 18789 18789 I Finsky  : [1] ubi.d(9): Invalidating cached PackageState for baseline.org.quantumbadger.redreader
08-04 00:51:15.122 18789 18789 I Finsky  : [1] lzi.c(2): Frosting ID looked up on UI thread. Caller should move to a background thread.
08-04 00:51:15.168 18789 18789 I Finsky  : [1] agsx.a(4): Do not start WearSupportService due to Wear service optimization
08-04 00:51:15.170   918   928 I AccountManagerService: getTypesVisibleToCaller: isPermitted? true
08-04 00:51:15.188 24577  7728 I ChromeSync: [Persistence,AffiliationManager] One of affiliation or grouping data for android://bz0hZa4nAJEtd0n5sRlXG7KAqctUMWVefv7Ki4mh1p6slZ9YO-n9gS9j8m9YCrsIyI2wIxrDHraumF9Y6pBLTA==@baseline.org.quantumbadger.redreader/ was not found. Marking affiliation data as stale...
08-04 00:51:15.190 18789 18981 I Finsky  : [5590] odj.b(52): IQ: Notifying installation update. package=baseline.org.quantumbadger.redreader, status=UNINSTALLED
08-04 00:51:15.198 18789  7732 I Finsky  : [6282] ejc.a(-1): Asset module broadcast after update successful for package baseline.org.quantumbadger.redreader. 0 sessions broadcast.
08-04 00:51:15.200   918  3714 W ActivityManager: Unbind failed: could not find connection for android.os.BinderProxy@a1c2308
08-04 00:51:15.211 24577 24621 E GmsClient: unable to connect to service: com.google.android.gms.auth.key.retrieval.service.START on com.google.android.gms
08-04 00:51:15.218 18789 18789 I Finsky  : [1] lzi.c(2): Frosting ID looked up on UI thread. Caller should move to a background thread.
08-04 00:51:15.289 18789  7730 I Finsky  : [6280] lyv.run(-1): Wrote row to frosting DB: 2121
08-04 00:51:15.292   918  3359 I AccountManagerService: getTypesVisibleToCaller: isPermitted? true
08-04 00:51:15.364 18789  7730 I Finsky  : [6280] lyv.run(-1): Wrote row to frosting DB: 2122
08-04 00:51:15.370 18789 18981 I Finsky  : [5590] odj.b(40): IQ: No matching installs to run for jobs: []
08-04 00:51:15.391 18789  7731 I Finsky  : [6281] gzn.a(-1): [ContentSync] finished, scheduled=false
08-04 00:51:15.394 24577 13294 I Icing   : IndexChimeraService.getServiceInterface callingPackage=com.google.android.gms componentName=AppsCorpus serviceId=36
08-04 00:51:15.435 18789  7730 I Finsky  : [6280] lyv.run(-1): Wrote row to frosting DB: 2123
08-04 00:51:15.489   918  3961 I AccountManagerService: getTypesVisibleToCaller: isPermitted? true
08-04 00:51:15.502 18789 18789 I Finsky  : [1] xmu.a(8): SCH: Jobs in database: 1-1337 3-181 3-182 12-1 24-77777777 26-1414141414 
08-04 00:51:15.505 18789 18789 I Finsky  : [1] xio.a(57): SCH: ConstraintMapping: 24-77777777,  -> L: 0ms, D: 73125333ms, C: false, I: true, N: 0
08-04 00:51:15.505 18789 18789 I Finsky  : [1] xio.a(57): SCH: ConstraintMapping: 1-1337, 12-1,  -> L: 14518ms, D: 33277405ms, C: false, I: false, N: 1
08-04 00:51:15.506 18789 18789 I Finsky  : [1] xio.a(57): SCH: ConstraintMapping: 3-181,  -> L: 0ms, D: 64533710ms, C: false, I: true, N: 2
08-04 00:51:15.506 18789 18789 I Finsky  : [1] xio.a(57): SCH: ConstraintMapping: 3-182,  -> L: 0ms, D: 64533783ms, C: true, I: true, N: 2
08-04 00:51:15.506 18789 18789 I Finsky  : [1] xio.a(57): SCH: ConstraintMapping: 26-1414141414,  -> L: 37354959ms, D: 38254959ms, C: false, I: false, N: 0
08-04 00:51:15.508  7751  7751 D AndroidRuntime: >>>>>> START com.android.internal.os.RuntimeInit uid 2000 <<<<<<
08-04 00:51:15.508 18789  7731 I Finsky  : [6281] gzn.a(-1): [ContentSync] finished, scheduled=true
08-04 00:51:15.512  7751  7751 D AndroidRuntime: CheckJNI is OFF
08-04 00:51:15.539  7751  7751 D ICU     : No timezone override file found: /data/misc/zoneinfo/current/icu/icu_tzdata.dat
08-04 00:51:15.542 18789 18789 I Finsky  : [1] xle.a(34): Cancelling existing jobscheduler jobs: 9015 9012 9013 9014 9008 9007 9011 9002 9001 9003 
08-04 00:51:15.542 18789 18789 I Finsky  : [1] xle.a(27): Scheduling job Id: 9000, L: 0, D: 73125333, C: false, I: true, N: 0
08-04 00:51:15.545 18789 18789 I Finsky  : [1] xle.a(27): Scheduling job Id: 9004, L: 14518, D: 33277405, C: false, I: false, N: 1
08-04 00:51:15.549 18789 18789 I Finsky  : [1] xle.a(27): Scheduling job Id: 9005, L: 0, D: 64533710, C: false, I: true, N: 2
08-04 00:51:15.550 18789 18789 I Finsky  : [1] xle.a(27): Scheduling job Id: 9006, L: 0, D: 64533783, C: true, I: true, N: 2
08-04 00:51:15.551 18789 18789 I Finsky  : [1] xle.a(27): Scheduling job Id: 9009, L: 37354959, D: 38254959, C: false, I: false, N: 0
08-04 00:51:15.552 18789 18789 I Finsky  : [1] xle.a(27): Scheduling job Id: 9010, L: 0, D: 73125333, C: false, I: true, N: 0
08-04 00:51:15.553 18789 18789 I Finsky  : [1] xle.a(27): Scheduling job Id: 9016, L: 14518, D: 33277405, C: false, I: false, N: 1
08-04 00:51:15.554 18789 18789 I Finsky  : [1] xle.a(27): Scheduling job Id: 9017, L: 0, D: 64533710, C: false, I: true, N: 2
08-04 00:51:15.556 18789 18789 I Finsky  : [1] xle.a(27): Scheduling job Id: 9018, L: 0, D: 64533783, C: true, I: true, N: 2
08-04 00:51:15.558 18789 18789 I Finsky  : [1] xle.a(27): Scheduling job Id: 9019, L: 37354959, D: 38254959, C: false, I: false, N: 0
08-04 00:51:15.562 24577 28580 W Icing   : No valid account for uploading user actions
08-04 00:51:15.580  7751  7751 I Radio-JNI: register_android_hardware_Radio DONE
08-04 00:51:15.589 24577 13294 I Icing   : IndexChimeraService.getServiceInterface callingPackage=com.google.android.gms componentName=null serviceId=30
08-04 00:51:15.596  7751  7751 D AndroidRuntime: Calling main entry com.android.commands.monkey.Monkey
08-04 00:51:15.609   918   931 W BroadcastQueue: Skipping deliver [background] BroadcastRecord{1ed65f3 u-1 android.net.conn.CONNECTIVITY_CHANGE} to ReceiverList{416a2b0 7751 (unknown name)/2000/u-1 remote:5e76644}: process crashing
08-04 00:51:15.629   918  6029 I ActivityManager: START u0 {act=android.intent.action.MAIN cat=[android.intent.category.LAUNCHER] flg=0x10200000 cmp=baseline.org.quantumbadger.redreader/.activities.MainActivity} from uid 2000 on display 0
08-04 00:51:15.632 24577 28580 I Icing   : Usage reports ok 1, Failed Usage reports 0, indexed 0, rejected 0
08-04 00:51:15.636 24577 28580 W Icing   : No valid account for uploading user actions
08-04 00:51:15.652   918   932 I sensors : batch
08-04 00:51:15.654 24577 28580 I Icing   : Usage reports ok 0, Failed Usage reports 0, indexed 0, rejected 0
08-04 00:51:15.655 24577 28580 I Icing   : Indexing com.google.android.gms-internal.3p:MobileApplication from com.google.android.gms using seqno 763
08-04 00:51:15.660 24577 28580 I Icing   : Indexing com.google.android.gms-internal.3p:MobileApplication from com.google.android.gms using seqno 763
08-04 00:51:15.662   918  3188 I hubconnection: sensorhub said: 'batch 31 flags:0, sampling_rate_Hz:15.00, max_report_latency_us:0'
08-04 00:51:15.676  7769  7769 I art     : Late-enabling -Xcheck:jni
08-04 00:51:15.687   918  3696 I ActivityManager: Start proc 7769:baseline.org.quantumbadger.redreader/u0a666 for activity baseline.org.quantumbadger.redreader/.activities.MainActivity
08-04 00:51:15.692  7751  7751 I art     : System.exit called, status: 0
08-04 00:51:15.693  7751  7751 I AndroidRuntime: VM exiting with result code 0.
08-04 00:51:15.693   918   932 I sensors : flush
08-04 00:51:15.701 24577 13294 I Icing   : IndexChimeraService.getServiceInterface callingPackage=com.google.android.gms componentName=null serviceId=36
08-04 00:51:15.703   918  3188 I hubconnection: sensorhub said: 'flush 31'
08-04 00:51:15.703   918  3188 I hubconnection: saw sensor 31 flushed
08-04 00:51:15.708 24577 28580 W Icing   : No valid account for uploading user actions
08-04 00:51:15.722 24577 28580 I Icing   : Usage reports ok 0, Failed Usage reports 0, indexed 0, rejected 0
08-04 00:51:15.730  7769  7769 W System  : ClassLoader referenced unknown path: /data/app/baseline.org.quantumbadger.redreader-2/lib/arm64
08-04 00:51:15.735  6202 27085 I PBSessionCacheImpl: Deleted sessionId[27278280657311515] from persistence.
08-04 00:51:15.739  7769  7769 I RedReader: Application created.
08-04 00:51:15.740  6202  6241 W SearchServiceCore: Abort, client detached.
08-04 00:51:15.741  6202  6241 I MicroDetectionState: Should stop hotword detection immediately - true
08-04 00:51:15.746  7769  7790 I RedditChangeDataIO: Running initial read...
08-04 00:51:15.748  7769  7769 I RedReader: Checking for new messages.
08-04 00:51:15.750  7769  7790 I RedditChangeDataIO: Data file at '/data/user/0/baseline.org.quantumbadger.redreader/files/rr_change_data.dat'
08-04 00:51:15.751  7769  7790 I RedditChangeDataIO: Data file does not exist. Aborting read.
08-04 00:51:15.752  7769  7790 I RedditChangeDataManager: Pruning for all users...
08-04 00:51:15.753  7769  7790 I RedditChangeDataManager: Pruning complete.
08-04 00:51:15.830  7769  7769 W art     : Before Android 4.1, method android.graphics.PorterDuffColorFilter androidx.vectordrawable.graphics.drawable.VectorDrawableCompat.updateTintFilter(android.graphics.PorterDuffColorFilter, android.content.res.ColorStateList, android.graphics.PorterDuff$Mode) would have incorrectly overridden the package-private method in android.graphics.drawable.Drawable
08-04 00:51:15.853  7769  7769 I art     : Rejecting re-init on previously-failed class java.lang.Class<androidx.core.view.ViewCompat$2>
08-04 00:51:15.853  7769  7769 I art     : Rejecting re-init on previously-failed class java.lang.Class<androidx.core.view.ViewCompat$2>
08-04 00:51:15.862  7769  7769 I AppCompatViewInflater: app:theme is now deprecated. Please move to using android:theme instead.
08-04 00:51:15.862  7769  7789 I CacheManager: Pruning 108 files
08-04 00:51:16.071  7769  7769 I RawObjectDB query string: CREATE TABLE objects(RawObjectDB_id TEXT PRIMARY KEY ON CONFLICT REPLACE,RawObjectDB_timestamp INTEGER,serialised TEXT)
08-04 00:51:16.130  7769  7769 I RawObjectDB query string: CREATE TABLE objects(RawObjectDB_id TEXT PRIMARY KEY ON CONFLICT REPLACE,RawObjectDB_timestamp INTEGER,serialised TEXT)
08-04 00:51:16.214  7769  7792 D OpenGLRenderer: Use EGL_SWAP_BEHAVIOR_PRESERVED: true
08-04 00:51:16.269  7769  7792 I Adreno  : QUALCOMM build                   : fcf4852, I1af360237c
08-04 00:51:16.269  7769  7792 I Adreno  : Build Date                       : 09/23/15
08-04 00:51:16.269  7769  7792 I Adreno  : OpenGL ES Shader Compiler Version: XE031.05.13.02
08-04 00:51:16.269  7769  7792 I Adreno  : Local Branch                     : mybranch14465806
08-04 00:51:16.269  7769  7792 I Adreno  : Remote Branch                    : quic/LA.BF64.1.2.9_v2
08-04 00:51:16.269  7769  7792 I Adreno  : Remote Branch                    : NONE
08-04 00:51:16.269  7769  7792 I Adreno  : Reconstruct Branch               : NOTHING
08-04 00:51:16.275  7769  7792 I OpenGLRenderer: Initialized EGL, version 1.4
08-04 00:51:16.547 24365 28171 E WakeLock: GCM_HB_ALARM release without a matched acquire!
08-04 00:51:16.583   918   936 I ActivityManager: Displayed baseline.org.quantumbadger.redreader/.activities.MainActivity: +924ms
08-04 00:51:16.600  7769  7769 I RegularCachePruner: Pruning cache...
08-04 00:51:16.600  7769  7798 I RedditChangeDataManager: Pruning for all users...
08-04 00:51:16.600  7769  7798 I RedditChangeDataManager: Pruning complete.
08-04 00:51:16.601 24365 25567 I NetworkScheduler.Stats: Task com.google.android.gms/com.google.android.gms.gcm.HeartbeatAlarm$ConnectionInfoPersistService started execution. cause:2 exec_start_elapsed_seconds: 1648880 [CONTEXT service_id=218 ]
08-04 00:51:16.602  7769  7769 I RedReader: Checking for new messages.
08-04 00:51:16.603  7769  7798 I CacheManager: Pruning 0 files
08-04 00:51:16.621   918  6112 I ActivityManager: Start proc 7799:com.google.android.apps.gcs/u0a11 for service com.google.android.apps.gcs/.service.GcsTaskService
08-04 00:51:16.622 24365 25567 I NetworkScheduler.Stats: Task com.google.android.apps.gcs/ started execution. cause:2 exec_start_elapsed_seconds: 1648880 [CONTEXT service_id=218 ]
08-04 00:51:16.636 24577 28580 I Icing   : Indexing com.google.android.gms-apps from com.google.android.gms
08-04 00:51:16.657 24365 25567 I NetworkScheduler.Stats: Task com.google.android.gms/com.google.android.gms.gcm.HeartbeatAlarm$ConnectionInfoPersistService finished executing. cause:2 result: 1 elapsed_millis: 72 uptime_millis: 72 exec_start_elapsed_seconds: 1648880 [CONTEXT service_id=218 ]
08-04 00:51:16.686 24577 28580 I Icing   : Indexing done com.google.android.gms-apps
08-04 00:51:16.700 24577 28580 I Icing   : Indexing com.google.android.gms-apps from com.google.android.gms
08-04 00:51:16.702 24577 28580 I Icing   : Indexing done com.google.android.gms-apps
08-04 00:51:16.787   918  5952 I AccountManagerService: getTypesVisibleToCaller: isPermitted? true
08-04 00:51:16.789  7799  7799 W Gcs.AccountsChgRcvr: [1] afk.b: No accounts available. WFA has been deactivated
08-04 00:51:16.805  7799  7799 W PrimesInit: Primes instant initialization
08-04 00:51:16.806  7799  7830 W Primes  : background initialization
08-04 00:51:16.835  7799  7830 I PrimesTesting: GserviceFlagsSupplier.get()
08-04 00:51:16.948   918   929 I AccountManagerService: getTypesVisibleToCaller: isPermitted? true
08-04 00:51:17.005   918  3262 D WifiService: New client listening to asynchronous messages
08-04 00:51:17.016  3784 31551 D PhoneInterfaceManager: [PhoneIntfMgr] getDataEnabled: subId=-1 phoneId=-1
08-04 00:51:17.016  3784 31551 E PhoneInterfaceManager: [PhoneIntfMgr] getDataEnabled: no phone subId=-1 retVal=false
08-04 00:51:17.017  7799  7833 D TelephonyManager: getDataEnabled: retVal=false
08-04 00:51:17.028 24365 25567 I NetworkScheduler.Stats: Task com.google.android.apps.gcs/ finished executing. cause:2 result: 1 elapsed_millis: 425 uptime_millis: 425 exec_start_elapsed_seconds: 1648880 [CONTEXT service_id=218 ]
08-04 00:51:17.061 24365 25567 I NetworkScheduler.Stats: Task com.google.android.apps.gcs/ started execution. cause:5 exec_start_elapsed_seconds: 1648880 [CONTEXT service_id=218 ]
08-04 00:51:17.069  7799  7841 W Gcs.WfaEliRefreshTask: [22980] afk.b: NULL eligibility response.
08-04 00:51:17.074 24365 25567 I NetworkScheduler.Stats: Task com.google.android.apps.gcs/ finished executing. cause:5 result: 3 elapsed_millis: 17 uptime_millis: 16 exec_start_elapsed_seconds: 1648880 [CONTEXT service_id=218 ]
08-04 00:51:17.080 24365 25567 I NetworkScheduler.Stats: Task com.google.android.apps.gcs/ started execution. cause:5 exec_start_elapsed_seconds: 1648880 [CONTEXT service_id=218 ]
08-04 00:51:17.127 24365 23406 I NetworkScheduler.Stats: Task com.google.android.apps.gcs/ finished executing. cause:5 result: 1 elapsed_millis: 58 uptime_millis: 58 exec_start_elapsed_seconds: 1648880 [CONTEXT service_id=218 ]
08-04 00:51:17.173  7838  7838 D AndroidRuntime: >>>>>> START com.android.internal.os.RuntimeInit uid 2000 <<<<<<
08-04 00:51:17.176  7838  7838 D AndroidRuntime: CheckJNI is OFF
08-04 00:51:17.202  7838  7838 D ICU     : No timezone override file found: /data/misc/zoneinfo/current/icu/icu_tzdata.dat
08-04 00:51:17.231  7838  7838 I Radio-JNI: register_android_hardware_Radio DONE
08-04 00:51:17.247  7838  7838 D AndroidRuntime: Calling main entry com.android.commands.am.Am
08-04 00:51:17.256  8825  8825 I Trepn   : Trepn 6.2s: Received intent: com.quicinc.trepn.start_profiling
08-04 00:51:17.375  8825  8825 W FileUtils: Failed to chmod(/storage/emulated/0/trepn/Trepn_2020.08.04_005117.db): android.system.ErrnoException: chmod failed: EPERM (Operation not permitted)
08-04 00:51:17.527  8825  8825 I Trepn   : Trepn 6.2s: Trepn has Started Profiling.
08-04 00:51:17.529  7838  7838 D AndroidRuntime: Shutting down VM
08-04 00:51:18.008  7769  7781 I art     : Starting a blocking GC Explicit
08-04 00:51:18.047  7769  7781 I art     : Explicit concurrent mark sweep GC freed 22258(1927KB) AllocSpace objects, 8(216KB) LOS objects, 40% free, 20MB/34MB, paused 732us total 38.855ms
08-04 00:51:18.059  7769  7781 I art     : Starting a blocking GC Explicit
08-04 00:51:18.070  7769  7781 I art     : Explicit concurrent mark sweep GC freed 1555(74KB) AllocSpace objects, 0(0B) LOS objects, 40% free, 20MB/34MB, paused 115us total 10.006ms
08-04 00:51:18.077  7769  7781 I art     : Starting a blocking GC Explicit
08-04 00:51:18.087  7769  7781 I art     : Explicit concurrent mark sweep GC freed 5(160B) AllocSpace objects, 0(0B) LOS objects, 40% free, 20MB/34MB, paused 114us total 9.672ms
08-04 00:51:18.095  7769  7781 I art     : Starting a blocking GC Explicit
08-04 00:51:18.105  7769  7781 I art     : Explicit concurrent mark sweep GC freed 3(96B) AllocSpace objects, 0(0B) LOS objects, 40% free, 20MB/34MB, paused 114us total 9.893ms
08-04 00:51:18.113  7769  7781 I art     : Starting a blocking GC Explicit
08-04 00:51:18.122  7769  7781 I art     : Explicit concurrent mark sweep GC freed 3(96B) AllocSpace objects, 0(0B) LOS objects, 40% free, 20MB/34MB, paused 125us total 9.158ms
08-04 00:51:18.416  7769  7780 I art     : Starting a blocking GC Explicit
08-04 00:51:18.432  7769  7780 I art     : Explicit concurrent mark sweep GC freed 1335(78KB) AllocSpace objects, 1(20KB) LOS objects, 40% free, 20MB/34MB, paused 146us total 15.874ms
08-04 00:51:18.443  7769  7780 I art     : Starting a blocking GC Explicit
08-04 00:51:18.454  7769  7780 I art     : Explicit concurrent mark sweep GC freed 20(704B) AllocSpace objects, 0(0B) LOS objects, 40% free, 20MB/34MB, paused 121us total 11.380ms
08-04 00:51:18.462  7769  7780 I art     : Starting a blocking GC Explicit
08-04 00:51:18.473  7769  7780 I art     : Explicit concurrent mark sweep GC freed 3(96B) AllocSpace objects, 0(0B) LOS objects, 40% free, 20MB/34MB, paused 116us total 10.749ms
08-04 00:51:18.481  7769  7780 I art     : Starting a blocking GC Explicit
08-04 00:51:18.492  7769  7780 I art     : Explicit concurrent mark sweep GC freed 3(96B) AllocSpace objects, 0(0B) LOS objects, 40% free, 20MB/34MB, paused 119us total 10.593ms
08-04 00:51:18.500  7769  7780 I art     : Starting a blocking GC Explicit
08-04 00:51:18.511  7769  7780 I art     : Explicit concurrent mark sweep GC freed 3(96B) AllocSpace objects, 0(0B) LOS objects, 40% free, 20MB/34MB, paused 130us total 10.598ms
08-04 00:51:18.773  7769  7797 I art     : Starting a blocking GC Explicit
08-04 00:51:18.789  7769  7797 I art     : Explicit concurrent mark sweep GC freed 1333(78KB) AllocSpace objects, 1(20KB) LOS objects, 40% free, 20MB/34MB, paused 145us total 16.038ms
08-04 00:51:18.801  7769  7797 I art     : Starting a blocking GC Explicit
08-04 00:51:18.812  7769  7797 I art     : Explicit concurrent mark sweep GC freed 20(704B) AllocSpace objects, 0(0B) LOS objects, 40% free, 20MB/34MB, paused 124us total 11.189ms
08-04 00:51:18.820  7769  7797 I art     : Starting a blocking GC Explicit
08-04 00:51:18.832  7769  7797 I art     : Explicit concurrent mark sweep GC freed 3(96B) AllocSpace objects, 0(0B) LOS objects, 40% free, 20MB/34MB, paused 115us total 10.912ms
08-04 00:51:18.840  7769  7797 I art     : Starting a blocking GC Explicit
08-04 00:51:18.850  7769  7797 I art     : Explicit concurrent mark sweep GC freed 3(96B) AllocSpace objects, 0(0B) LOS objects, 40% free, 20MB/34MB, paused 114us total 10.454ms
08-04 00:51:18.858  7769  7797 I art     : Starting a blocking GC Explicit
08-04 00:51:18.869  7769  7797 I art     : Explicit concurrent mark sweep GC freed 3(96B) AllocSpace objects, 0(0B) LOS objects, 40% free, 20MB/34MB, paused 180us total 10.620ms
08-04 00:51:19.158  7769  7781 I art     : Starting a blocking GC Explicit
08-04 00:51:19.175  7769  7781 I art     : Explicit concurrent mark sweep GC freed 1333(78KB) AllocSpace objects, 1(20KB) LOS objects, 40% free, 20MB/34MB, paused 158us total 16.173ms
08-04 00:51:19.184  7769  7781 I art     : Starting a blocking GC Explicit
08-04 00:51:19.195  7769  7781 I art     : Explicit concurrent mark sweep GC freed 20(704B) AllocSpace objects, 0(0B) LOS objects, 40% free, 20MB/34MB, paused 124us total 11.101ms
08-04 00:51:19.204  7769  7781 I art     : Starting a blocking GC Explicit
08-04 00:51:19.214  7769  7781 I art     : Explicit concurrent mark sweep GC freed 3(96B) AllocSpace objects, 0(0B) LOS objects, 40% free, 20MB/34MB, paused 132us total 10.647ms
08-04 00:51:19.222  7769  7781 I art     : Starting a blocking GC Explicit
08-04 00:51:19.234  7769  7781 I art     : Explicit concurrent mark sweep GC freed 3(96B) AllocSpace objects, 0(0B) LOS objects, 40% free, 20MB/34MB, paused 130us total 10.835ms
08-04 00:51:19.242  7769  7781 I art     : Starting a blocking GC Explicit
08-04 00:51:19.252  7769  7781 I art     : Explicit concurrent mark sweep GC freed 3(96B) AllocSpace objects, 0(0B) LOS objects, 40% free, 20MB/34MB, paused 118us total 10.554ms
08-04 00:51:19.324  4731  4731 I ServiceManager: Waiting for service AtCmdFwd...
08-04 00:51:19.547  7769  7780 I art     : Starting a blocking GC Explicit
08-04 00:51:19.561  7769  7780 I art     : Explicit concurrent mark sweep GC freed 1333(78KB) AllocSpace objects, 1(20KB) LOS objects, 40% free, 20MB/34MB, paused 141us total 13.800ms
08-04 00:51:19.575  7769  7780 I art     : Starting a blocking GC Explicit
08-04 00:51:19.586  7769  7780 I art     : Explicit concurrent mark sweep GC freed 20(704B) AllocSpace objects, 0(0B) LOS objects, 40% free, 20MB/34MB, paused 122us total 11.032ms
08-04 00:51:19.594  7769  7780 I art     : Starting a blocking GC Explicit
08-04 00:51:19.605  7769  7780 I art     : Explicit concurrent mark sweep GC freed 3(96B) AllocSpace objects, 0(0B) LOS objects, 40% free, 20MB/34MB, paused 111us total 10.358ms
08-04 00:51:19.612  7769  7780 I art     : Starting a blocking GC Explicit
08-04 00:51:19.623  7769  7780 I art     : Explicit concurrent mark sweep GC freed 3(96B) AllocSpace objects, 0(0B) LOS objects, 40% free, 20MB/34MB, paused 112us total 10.657ms
08-04 00:51:19.631  7769  7780 I art     : Starting a blocking GC Explicit
08-04 00:51:19.642  7769  7780 I art     : Explicit concurrent mark sweep GC freed 3(96B) AllocSpace objects, 0(0B) LOS objects, 40% free, 20MB/34MB, paused 114us total 10.405ms
08-04 00:51:19.955  7769  7797 I art     : Starting a blocking GC Explicit
08-04 00:51:19.975  7769  7797 I art     : Explicit concurrent mark sweep GC freed 1335(78KB) AllocSpace objects, 1(20KB) LOS objects, 40% free, 20MB/34MB, paused 169us total 20.111ms
08-04 00:51:19.988  7769  7797 I art     : Starting a blocking GC Explicit
08-04 00:51:20.000  7769  7797 I art     : Explicit concurrent mark sweep GC freed 20(704B) AllocSpace objects, 0(0B) LOS objects, 40% free, 20MB/34MB, paused 125us total 11.406ms
08-04 00:51:20.008  7769  7797 I art     : Starting a blocking GC Explicit
08-04 00:51:20.019  7769  7797 I art     : Explicit concurrent mark sweep GC freed 3(96B) AllocSpace objects, 0(0B) LOS objects, 40% free, 20MB/34MB, paused 119us total 10.660ms
08-04 00:51:20.027  7769  7797 I art     : Starting a blocking GC Explicit
08-04 00:51:20.038  7769  7797 I art     : Explicit concurrent mark sweep GC freed 3(96B) AllocSpace objects, 0(0B) LOS objects, 40% free, 20MB/34MB, paused 115us total 10.759ms
08-04 00:51:20.046  7769  7797 I art     : Starting a blocking GC Explicit
08-04 00:51:20.057  7769  7797 I art     : Explicit concurrent mark sweep GC freed 3(96B) AllocSpace objects, 0(0B) LOS objects, 40% free, 20MB/34MB, paused 120us total 10.773ms
08-04 00:51:20.325  4731  4731 I ServiceManager: Waiting for service AtCmdFwd...
08-04 00:51:20.363  7769  7781 I art     : Starting a blocking GC Explicit
08-04 00:51:20.379  7769  7781 I art     : Explicit concurrent mark sweep GC freed 1333(78KB) AllocSpace objects, 1(20KB) LOS objects, 40% free, 20MB/34MB, paused 162us total 16.021ms
08-04 00:51:20.391  7769  7781 I art     : Starting a blocking GC Explicit
08-04 00:51:20.406  7769  7781 I art     : Explicit concurrent mark sweep GC freed 20(704B) AllocSpace objects, 0(0B) LOS objects, 40% free, 20MB/34MB, paused 169us total 14.046ms
08-04 00:51:20.418  7769  7781 I art     : Starting a blocking GC Explicit
08-04 00:51:20.430  7769  7781 I art     : Explicit concurrent mark sweep GC freed 3(96B) AllocSpace objects, 0(0B) LOS objects, 40% free, 20MB/34MB, paused 134us total 11.228ms
08-04 00:51:20.438  7769  7781 I art     : Starting a blocking GC Explicit
08-04 00:51:20.448  7769  7781 I art     : Explicit concurrent mark sweep GC freed 3(96B) AllocSpace objects, 0(0B) LOS objects, 40% free, 20MB/34MB, paused 127us total 10.693ms
08-04 00:51:20.457  7769  7781 I art     : Starting a blocking GC Explicit
08-04 00:51:20.467  7769  7781 I art     : Explicit concurrent mark sweep GC freed 3(96B) AllocSpace objects, 0(0B) LOS objects, 40% free, 20MB/34MB, paused 117us total 10.645ms
08-04 00:51:20.794  7769  7780 I art     : Starting a blocking GC Explicit
08-04 00:51:20.812  7769  7780 I art     : Explicit concurrent mark sweep GC freed 1334(78KB) AllocSpace objects, 1(20KB) LOS objects, 40% free, 20MB/34MB, paused 165us total 17.159ms
08-04 00:51:20.825  7769  7780 I art     : Starting a blocking GC Explicit
08-04 00:51:20.840  7769  7780 I art     : Explicit concurrent mark sweep GC freed 20(704B) AllocSpace objects, 0(0B) LOS objects, 40% free, 20MB/34MB, paused 140us total 14.163ms
08-04 00:51:20.850  7769  7780 I art     : Starting a blocking GC Explicit
08-04 00:51:20.860  7769  7780 I art     : Explicit concurrent mark sweep GC freed 3(96B) AllocSpace objects, 0(0B) LOS objects, 40% free, 20MB/34MB, paused 113us total 9.992ms
08-04 00:51:20.868  7769  7780 I art     : Starting a blocking GC Explicit
08-04 00:51:20.878  7769  7780 I art     : Explicit concurrent mark sweep GC freed 3(96B) AllocSpace objects, 0(0B) LOS objects, 40% free, 20MB/34MB, paused 112us total 9.448ms
08-04 00:51:20.885  7769  7780 I art     : Starting a blocking GC Explicit
08-04 00:51:20.895  7769  7780 I art     : Explicit concurrent mark sweep GC freed 3(96B) AllocSpace objects, 0(0B) LOS objects, 40% free, 20MB/34MB, paused 109us total 9.675ms
08-04 00:51:21.172  7769  7797 I art     : Starting a blocking GC Explicit
08-04 00:51:21.188  7769  7797 I art     : Explicit concurrent mark sweep GC freed 1333(78KB) AllocSpace objects, 1(20KB) LOS objects, 40% free, 20MB/34MB, paused 275us total 15.567ms
08-04 00:51:21.199  7769  7797 I art     : Starting a blocking GC Explicit
08-04 00:51:21.211  7769  7797 I art     : Explicit concurrent mark sweep GC freed 20(704B) AllocSpace objects, 0(0B) LOS objects, 40% free, 20MB/34MB, paused 144us total 11.202ms
08-04 00:51:21.219  7769  7797 I art     : Starting a blocking GC Explicit
08-04 00:51:21.230  7769  7797 I art     : Explicit concurrent mark sweep GC freed 3(96B) AllocSpace objects, 0(0B) LOS objects, 40% free, 20MB/34MB, paused 114us total 10.812ms
08-04 00:51:21.238  7769  7797 I art     : Starting a blocking GC Explicit
08-04 00:51:21.249  7769  7797 I art     : Explicit concurrent mark sweep GC freed 3(96B) AllocSpace objects, 0(0B) LOS objects, 40% free, 20MB/34MB, paused 116us total 10.666ms
08-04 00:51:21.257  7769  7797 I art     : Starting a blocking GC Explicit
08-04 00:51:21.268  7769  7797 I art     : Explicit concurrent mark sweep GC freed 3(96B) AllocSpace objects, 0(0B) LOS objects, 40% free, 20MB/34MB, paused 115us total 10.393ms
08-04 00:51:21.326  4731  4731 I ServiceManager: Waiting for service AtCmdFwd...
08-04 00:51:21.556   918 13198 D NetlinkSocketObserver: NeighborEvent{elapsedMs=1648885431, 192.168.2.254, [7C3953A63323], RTM_NEWNEIGH, NUD_REACHABLE}
08-04 00:51:21.586  7769  7781 I art     : Starting a blocking GC Explicit
08-04 00:51:21.606  7769  7781 I art     : Explicit concurrent mark sweep GC freed 1333(78KB) AllocSpace objects, 1(20KB) LOS objects, 40% free, 20MB/34MB, paused 203us total 19.328ms
08-04 00:51:21.620  7769  7781 I art     : Starting a blocking GC Explicit
08-04 00:51:21.631  7769  7781 I art     : Explicit concurrent mark sweep GC freed 20(704B) AllocSpace objects, 0(0B) LOS objects, 40% free, 20MB/34MB, paused 114us total 10.835ms
08-04 00:51:21.638  7769  7781 I art     : Starting a blocking GC Explicit
08-04 00:51:21.647  7769  7781 I art     : Explicit concurrent mark sweep GC freed 3(96B) AllocSpace objects, 0(0B) LOS objects, 40% free, 20MB/34MB, paused 106us total 9.210ms
08-04 00:51:21.655  7769  7781 I art     : Starting a blocking GC Explicit
08-04 00:51:21.664  7769  7781 I art     : Explicit concurrent mark sweep GC freed 3(96B) AllocSpace objects, 0(0B) LOS objects, 40% free, 20MB/34MB, paused 108us total 9.137ms
08-04 00:51:21.672  7769  7781 I art     : Starting a blocking GC Explicit
08-04 00:51:21.681  7769  7781 I art     : Explicit concurrent mark sweep GC freed 3(96B) AllocSpace objects, 0(0B) LOS objects, 40% free, 20MB/34MB, paused 116us total 8.755ms
08-04 00:51:21.944  7769  7780 I art     : Starting a blocking GC Explicit
08-04 00:51:21.958  7769  7780 I art     : Explicit concurrent mark sweep GC freed 1333(78KB) AllocSpace objects, 1(20KB) LOS objects, 40% free, 20MB/34MB, paused 154us total 13.069ms
08-04 00:51:21.970  7769  7780 I art     : Starting a blocking GC Explicit
08-04 00:51:21.983  7769  7780 I art     : Explicit concurrent mark sweep GC freed 20(704B) AllocSpace objects, 0(0B) LOS objects, 40% free, 20MB/34MB, paused 126us total 12.265ms
08-04 00:51:21.991  7769  7780 I art     : Starting a blocking GC Explicit
08-04 00:51:22.002  7769  7780 I art     : Explicit concurrent mark sweep GC freed 3(96B) AllocSpace objects, 0(0B) LOS objects, 40% free, 20MB/34MB, paused 116us total 10.721ms
08-04 00:51:22.010  7769  7780 I art     : Starting a blocking GC Explicit
08-04 00:51:22.021  7769  7780 I art     : Explicit concurrent mark sweep GC freed 3(96B) AllocSpace objects, 0(0B) LOS objects, 40% free, 20MB/34MB, paused 119us total 10.643ms
08-04 00:51:22.029  7769  7780 I art     : Starting a blocking GC Explicit
08-04 00:51:22.039  7769  7780 I art     : Explicit concurrent mark sweep GC freed 3(96B) AllocSpace objects, 0(0B) LOS objects, 40% free, 20MB/34MB, paused 111us total 9.960ms
08-04 00:51:22.327  4731  4731 I ServiceManager: Waiting for service AtCmdFwd...
08-04 00:51:22.332  7769  7797 I art     : Starting a blocking GC Explicit
08-04 00:51:22.344  7769  7797 I art     : Explicit concurrent mark sweep GC freed 1333(78KB) AllocSpace objects, 1(20KB) LOS objects, 40% free, 20MB/34MB, paused 157us total 12.589ms
08-04 00:51:22.354  7769  7797 I art     : Starting a blocking GC Explicit
08-04 00:51:22.365  7769  7797 I art     : Explicit concurrent mark sweep GC freed 20(704B) AllocSpace objects, 0(0B) LOS objects, 40% free, 20MB/34MB, paused 118us total 11.002ms
08-04 00:51:22.373  7769  7797 I art     : Starting a blocking GC Explicit
08-04 00:51:22.384  7769  7797 I art     : Explicit concurrent mark sweep GC freed 3(96B) AllocSpace objects, 0(0B) LOS objects, 40% free, 20MB/34MB, paused 118us total 10.422ms
08-04 00:51:22.393  7769  7797 I art     : Starting a blocking GC Explicit
08-04 00:51:22.402  7769  7797 I art     : Explicit concurrent mark sweep GC freed 3(96B) AllocSpace objects, 0(0B) LOS objects, 40% free, 20MB/34MB, paused 109us total 9.721ms
08-04 00:51:22.410  7769  7797 I art     : Starting a blocking GC Explicit
08-04 00:51:22.420  7769  7797 I art     : Explicit concurrent mark sweep GC freed 3(96B) AllocSpace objects, 0(0B) LOS objects, 40% free, 20MB/34MB, paused 104us total 9.846ms
08-04 00:51:22.657  7769  7781 I art     : Starting a blocking GC Explicit
08-04 00:51:22.668  7769  7781 I art     : Explicit concurrent mark sweep GC freed 1333(78KB) AllocSpace objects, 1(20KB) LOS objects, 40% free, 20MB/34MB, paused 126us total 10.526ms
08-04 00:51:22.676  7769  7781 I art     : Starting a blocking GC Explicit
08-04 00:51:22.686  7769  7781 I art     : Explicit concurrent mark sweep GC freed 20(704B) AllocSpace objects, 0(0B) LOS objects, 40% free, 20MB/34MB, paused 129us total 10.577ms
08-04 00:51:22.694  7769  7781 I art     : Starting a blocking GC Explicit
08-04 00:51:22.705  7769  7781 I art     : Explicit concurrent mark sweep GC freed 3(96B) AllocSpace objects, 0(0B) LOS objects, 40% free, 20MB/34MB, paused 130us total 10.389ms
08-04 00:51:22.713  7769  7781 I art     : Starting a blocking GC Explicit
08-04 00:51:22.724  7769  7781 I art     : Explicit concurrent mark sweep GC freed 3(96B) AllocSpace objects, 0(0B) LOS objects, 40% free, 20MB/34MB, paused 136us total 10.847ms
08-04 00:51:22.732  7769  7781 I art     : Starting a blocking GC Explicit
08-04 00:51:22.742  7769  7781 I art     : Explicit concurrent mark sweep GC freed 3(96B) AllocSpace objects, 0(0B) LOS objects, 40% free, 20MB/34MB, paused 132us total 10.239ms
08-04 00:51:22.883  7999  7999 D AndroidRuntime: >>>>>> START com.android.internal.os.RuntimeInit uid 2000 <<<<<<
08-04 00:51:22.888  7999  7999 D AndroidRuntime: CheckJNI is OFF
08-04 00:51:22.914  7999  7999 D ICU     : No timezone override file found: /data/misc/zoneinfo/current/icu/icu_tzdata.dat
08-04 00:51:22.939  7999  7999 I Radio-JNI: register_android_hardware_Radio DONE
08-04 00:51:22.955  7999  7999 D AndroidRuntime: Calling main entry com.android.commands.input.Input
08-04 00:51:22.957  7999  7999 I Input   : injectMotionEvent: MotionEvent { action=ACTION_DOWN, actionButton=0, id[0]=0, x[0]=720.0, y[0]=1440.0, toolType[0]=TOOL_TYPE_UNKNOWN, buttonState=0, metaState=0, flags=0x0, edgeFlags=0x0, pointerCount=1, historySize=0, eventTime=665499370, downTime=665499370, deviceId=0, source=0x1002 }
08-04 00:51:22.962  7999  7999 I Input   : injectMotionEvent: MotionEvent { action=ACTION_UP, actionButton=0, id[0]=0, x[0]=720.0, y[0]=1440.0, toolType[0]=TOOL_TYPE_UNKNOWN, buttonState=0, metaState=0, flags=0x0, edgeFlags=0x0, pointerCount=1, historySize=0, eventTime=665499370, downTime=665499370, deviceId=0, source=0x1002 }
08-04 00:51:22.963  7999  7999 D AndroidRuntime: Shutting down VM
08-04 00:51:22.974   512  2967 D audio_hw_primary: out_set_parameters: enter: usecase(1: low-latency-playback) kvpairs: routing=2
08-04 00:51:22.986 13866 13866 I GoogleInputMethodServic: GoogleInputMethodService.onFinishInput():3138 
08-04 00:51:22.988   512  2967 D audio_hw_primary: select_devices: out_snd_device(2: speaker) in_snd_device(0: none)
08-04 00:51:22.988 13866 13866 I GoogleInputMethodServic: GoogleInputMethodService.onStartInput():1808 
08-04 00:51:22.988   512  2967 D msm8974_platform: platform_send_audio_calibration: sending audio calibration for snd_device(2) acdb_id(15)
08-04 00:51:22.988   512  2967 I soundtrigger: audio_extn_sound_trigger_update_device_status: device 0x2 of type 0 for Event 1
08-04 00:51:23.000   512  2967 D audio_hw_primary: enable_snd_device: snd_device(2: speaker)
08-04 00:51:23.001  7769  7797 I art     : Starting a blocking GC Explicit
08-04 00:51:23.002   512  2967 D audio_hw_primary: enable_audio_route: apply and update mixer path: low-latency-playback speaker
08-04 00:51:23.012  7769  7797 I art     : Explicit concurrent mark sweep GC freed 1448(82KB) AllocSpace objects, 1(20KB) LOS objects, 40% free, 20MB/34MB, paused 116us total 10.275ms
08-04 00:51:23.019  7769  7797 I art     : Starting a blocking GC Explicit
08-04 00:51:23.029  7769  7797 I art     : Explicit concurrent mark sweep GC freed 991(69KB) AllocSpace objects, 1(76KB) LOS objects, 40% free, 20MB/34MB, paused 107us total 9.160ms
08-04 00:51:23.037  7769  7797 I art     : Starting a blocking GC Explicit
08-04 00:51:23.048  7769  7797 I art     : Explicit concurrent mark sweep GC freed 3(96B) AllocSpace objects, 0(0B) LOS objects, 40% free, 20MB/34MB, paused 136us total 10.522ms
08-04 00:51:23.056  7769  7797 I art     : Starting a blocking GC Explicit
08-04 00:51:23.065  7769  7797 I art     : Explicit concurrent mark sweep GC freed 3(96B) AllocSpace objects, 0(0B) LOS objects, 40% free, 20MB/34MB, paused 101us total 9.300ms
08-04 00:51:23.073  7769  7797 I art     : Starting a blocking GC Explicit
08-04 00:51:23.083  7769  7797 I art     : Explicit concurrent mark sweep GC freed 3(96B) AllocSpace objects, 0(0B) LOS objects, 40% free, 20MB/34MB, paused 109us total 9.432ms
08-04 00:51:23.183   380   380 W SurfaceFlinger: couldn't log to binary event log: overflow.
08-04 00:51:23.292  7769  7781 I art     : Starting a blocking GC Explicit
08-04 00:51:23.302  7769  7781 I art     : Explicit concurrent mark sweep GC freed 1333(78KB) AllocSpace objects, 1(20KB) LOS objects, 40% free, 20MB/34MB, paused 121us total 9.635ms
08-04 00:51:23.309  7769  7781 I art     : Starting a blocking GC Explicit
08-04 00:51:23.319  7769  7781 I art     : Explicit concurrent mark sweep GC freed 20(704B) AllocSpace objects, 0(0B) LOS objects, 40% free, 20MB/34MB, paused 120us total 9.474ms
08-04 00:51:23.326  7769  7781 I art     : Starting a blocking GC Explicit
08-04 00:51:23.328  4731  4731 I ServiceManager: Waiting for service AtCmdFwd...
08-04 00:51:23.336  7769  7781 I art     : Explicit concurrent mark sweep GC freed 3(96B) AllocSpace objects, 0(0B) LOS objects, 40% free, 20MB/34MB, paused 120us total 9.342ms
08-04 00:51:23.343  7769  7781 I art     : Starting a blocking GC Explicit
08-04 00:51:23.354  7769  7781 I art     : Explicit concurrent mark sweep GC freed 3(96B) AllocSpace objects, 0(0B) LOS objects, 40% free, 20MB/34MB, paused 123us total 10.038ms
08-04 00:51:23.361  7769  7781 I art     : Starting a blocking GC Explicit
08-04 00:51:23.371  7769  7781 I art     : Explicit concurrent mark sweep GC freed 3(96B) AllocSpace objects, 0(0B) LOS objects, 40% free, 20MB/34MB, paused 126us total 9.453ms
08-04 00:51:23.512  8035  8035 D AndroidRuntime: >>>>>> START com.android.internal.os.RuntimeInit uid 2000 <<<<<<
08-04 00:51:23.516  8035  8035 D AndroidRuntime: CheckJNI is OFF
08-04 00:51:23.538   512  2967 D audio_hw_primary: disable_audio_route: reset and update mixer path: low-latency-playback speaker
08-04 00:51:23.539   512  2967 D audio_hw_primary: disable_snd_device: snd_device(2: speaker)
08-04 00:51:23.542  8035  8035 D ICU     : No timezone override file found: /data/misc/zoneinfo/current/icu/icu_tzdata.dat
08-04 00:51:23.548   512  2967 I soundtrigger: audio_extn_sound_trigger_update_device_status: device 0x2 of type 0 for Event 0
08-04 00:51:23.566  8035  8035 I Radio-JNI: register_android_hardware_Radio DONE
08-04 00:51:23.580  8035  8035 D AndroidRuntime: Calling main entry com.android.commands.input.Input
08-04 00:51:23.582  8035  8035 I Input   : injectMotionEvent: MotionEvent { action=ACTION_DOWN, actionButton=0, id[0]=0, x[0]=1345.0, y[0]=165.0, toolType[0]=TOOL_TYPE_UNKNOWN, buttonState=0, metaState=0, flags=0x0, edgeFlags=0x0, pointerCount=1, historySize=0, eventTime=665499995, downTime=665499995, deviceId=0, source=0x1002 }
08-04 00:51:23.585  8035  8035 I Input   : injectMotionEvent: MotionEvent { action=ACTION_UP, actionButton=0, id[0]=0, x[0]=1345.0, y[0]=165.0, toolType[0]=TOOL_TYPE_UNKNOWN, buttonState=0, metaState=0, flags=0x0, edgeFlags=0x0, pointerCount=1, historySize=0, eventTime=665499995, downTime=665499995, deviceId=0, source=0x1002 }
08-04 00:51:23.587  8035  8035 D AndroidRuntime: Shutting down VM
08-04 00:51:23.605   512  2967 D audio_hw_primary: out_set_parameters: enter: usecase(1: low-latency-playback) kvpairs: routing=2
08-04 00:51:23.608  7769  7769 W art     : Before Android 4.1, method int androidx.appcompat.widget.DropDownListView.lookForSelectablePosition(int, boolean) would have incorrectly overridden the package-private method in android.widget.ListView
08-04 00:51:23.613  7769  7769 W art     : Before Android 4.1, method int androidx.appcompat.widget.MenuPopupWindow$MenuDropDownListView.lookForSelectablePosition(int, boolean) would have incorrectly overridden the package-private method in android.widget.ListView
08-04 00:51:23.614  7769  7769 I ListPopupWindow: Could not find method setEpicenterBounds(Rect) on PopupWindow. Oh well.
08-04 00:51:23.618   512  2967 D audio_hw_primary: select_devices: out_snd_device(2: speaker) in_snd_device(0: none)
08-04 00:51:23.618   512  2967 D msm8974_platform: platform_send_audio_calibration: sending audio calibration for snd_device(2) acdb_id(15)
08-04 00:51:23.618   512  2967 I soundtrigger: audio_extn_sound_trigger_update_device_status: device 0x2 of type 0 for Event 1
08-04 00:51:23.620  7769  7780 I art     : Starting a blocking GC Explicit
08-04 00:51:23.630   512  2967 D audio_hw_primary: enable_snd_device: snd_device(2: speaker)
08-04 00:51:23.631   512  2967 D audio_hw_primary: enable_audio_route: apply and update mixer path: low-latency-playback speaker
08-04 00:51:23.632  7769  7780 I art     : Explicit concurrent mark sweep GC freed 1748(182KB) AllocSpace objects, 1(20KB) LOS objects, 40% free, 20MB/34MB, paused 260us total 12.404ms
08-04 00:51:23.641  7769  7780 I art     : Starting a blocking GC Explicit
08-04 00:51:23.651  7769  7780 I art     : Explicit concurrent mark sweep GC freed 291(32KB) AllocSpace objects, 0(0B) LOS objects, 40% free, 20MB/34MB, paused 157us total 9.926ms
08-04 00:51:23.659  7769  7780 I art     : Starting a blocking GC Explicit
08-04 00:51:23.675  7769  7780 I art     : Explicit concurrent mark sweep GC freed 244(12KB) AllocSpace objects, 0(0B) LOS objects, 40% free, 20MB/34MB, paused 1.101ms total 15.845ms
08-04 00:51:23.677   512  2967 D AudioFlinger: mixer(0xf4740000) throttle end: throttle time(12)
08-04 00:51:23.683  7769  7780 I art     : Starting a blocking GC Explicit
08-04 00:51:23.693  7769  7780 I art     : Explicit concurrent mark sweep GC freed 103(8KB) AllocSpace objects, 0(0B) LOS objects, 40% free, 20MB/34MB, paused 138us total 10.132ms
08-04 00:51:23.701  7769  7780 I art     : Starting a blocking GC Explicit
08-04 00:51:23.711  7769  7780 I art     : Explicit concurrent mark sweep GC freed 87(3KB) AllocSpace objects, 0(0B) LOS objects, 40% free, 20MB/34MB, paused 121us total 10.067ms
08-04 00:51:23.762   918   927 I art     : Background partial concurrent mark sweep GC freed 109228(9MB) AllocSpace objects, 98(2MB) LOS objects, 18% free, 68MB/84MB, paused 1.127ms total 156.738ms
08-04 00:51:23.937  7769  7780 I art     : Starting a blocking GC Explicit
08-04 00:51:23.953  7769  7780 I art     : Explicit concurrent mark sweep GC freed 2062(125KB) AllocSpace objects, 1(20KB) LOS objects, 40% free, 20MB/34MB, paused 127us total 15.849ms
08-04 00:51:23.962  7769  7780 I art     : Starting a blocking GC Explicit
08-04 00:51:23.972  7769  7780 I art     : Explicit concurrent mark sweep GC freed 305(13KB) AllocSpace objects, 0(0B) LOS objects, 40% free, 20MB/34MB, paused 113us total 10.144ms
08-04 00:51:23.981  7769  7780 I art     : Starting a blocking GC Explicit
08-04 00:51:23.993  7769  7780 I art     : Explicit concurrent mark sweep GC freed 9(288B) AllocSpace objects, 0(0B) LOS objects, 40% free, 20MB/34MB, paused 131us total 10.951ms
08-04 00:51:24.000  7769  7780 I art     : Starting a blocking GC Explicit
08-04 00:51:24.011  7769  7780 I art     : Explicit concurrent mark sweep GC freed 3(96B) AllocSpace objects, 0(0B) LOS objects, 40% free, 20MB/34MB, paused 115us total 9.995ms
08-04 00:51:24.018  7769  7780 I art     : Starting a blocking GC Explicit
08-04 00:51:24.029  7769  7780 I art     : Explicit concurrent mark sweep GC freed 3(96B) AllocSpace objects, 0(0B) LOS objects, 40% free, 20MB/34MB, paused 119us total 10.131ms
08-04 00:51:24.126  8069  8069 D AndroidRuntime: >>>>>> START com.android.internal.os.RuntimeInit uid 2000 <<<<<<
08-04 00:51:24.130  8069  8069 D AndroidRuntime: CheckJNI is OFF
08-04 00:51:24.155  8069  8069 D ICU     : No timezone override file found: /data/misc/zoneinfo/current/icu/icu_tzdata.dat
08-04 00:51:24.169   512  2967 D audio_hw_primary: disable_audio_route: reset and update mixer path: low-latency-playback speaker
08-04 00:51:24.171   512  2967 D audio_hw_primary: disable_snd_device: snd_device(2: speaker)
08-04 00:51:24.179   512  2967 I soundtrigger: audio_extn_sound_trigger_update_device_status: device 0x2 of type 0 for Event 0
08-04 00:51:24.179  8069  8069 I Radio-JNI: register_android_hardware_Radio DONE
08-04 00:51:24.195  8069  8069 D AndroidRuntime: Calling main entry com.android.commands.input.Input
08-04 00:51:24.196  8069  8069 I Input   : injectMotionEvent: MotionEvent { action=ACTION_DOWN, actionButton=0, id[0]=0, x[0]=940.0, y[0]=501.0, toolType[0]=TOOL_TYPE_UNKNOWN, buttonState=0, metaState=0, flags=0x0, edgeFlags=0x0, pointerCount=1, historySize=0, eventTime=665500609, downTime=665500609, deviceId=0, source=0x1002 }
08-04 00:51:24.202  8069  8069 I Input   : injectMotionEvent: MotionEvent { action=ACTION_UP, actionButton=0, id[0]=0, x[0]=940.0, y[0]=501.0, toolType[0]=TOOL_TYPE_UNKNOWN, buttonState=0, metaState=0, flags=0x0, edgeFlags=0x0, pointerCount=1, historySize=0, eventTime=665500609, downTime=665500609, deviceId=0, source=0x1002 }
08-04 00:51:24.205  8069  8069 D AndroidRuntime: Shutting down VM
08-04 00:51:24.269  7769  7781 I art     : Starting a blocking GC Explicit
08-04 00:51:24.270   512  2967 D audio_hw_primary: out_set_parameters: enter: usecase(1: low-latency-playback) kvpairs: routing=2
08-04 00:51:24.271   918   928 I ActivityManager: START u0 {cmp=baseline.org.quantumbadger.redreader/.settings.SettingsActivity} from uid 10666 on display 0
08-04 00:51:24.283  7769  7781 I art     : Explicit concurrent mark sweep GC freed 1406(89KB) AllocSpace objects, 1(20KB) LOS objects, 40% free, 20MB/34MB, paused 116us total 14.438ms
08-04 00:51:24.284   512  2967 D audio_hw_primary: select_devices: out_snd_device(2: speaker) in_snd_device(0: none)
08-04 00:51:24.284   512  2967 D msm8974_platform: platform_send_audio_calibration: sending audio calibration for snd_device(2) acdb_id(15)
08-04 00:51:24.284   512  2967 I soundtrigger: audio_extn_sound_trigger_update_device_status: device 0x2 of type 0 for Event 1
08-04 00:51:24.291 13866 13866 I GoogleInputMethodServic: GoogleInputMethodService.onFinishInput():3138 
08-04 00:51:24.292  7769  7781 I art     : Starting a blocking GC Explicit
08-04 00:51:24.293 13866 13866 I GoogleInputMethodServic: GoogleInputMethodService.onStartInput():1808 
08-04 00:51:24.297   512  2967 D audio_hw_primary: enable_snd_device: snd_device(2: speaker)
08-04 00:51:24.300   512  2967 D audio_hw_primary: enable_audio_route: apply and update mixer path: low-latency-playback speaker
08-04 00:51:24.307  7769  7781 I art     : Explicit concurrent mark sweep GC freed 367(24KB) AllocSpace objects, 0(0B) LOS objects, 39% free, 20MB/34MB, paused 3.712ms total 14.622ms
08-04 00:51:24.319  7769  7781 I art     : Starting a blocking GC Explicit
08-04 00:51:24.328  4731  4731 W Atfwd_Sendcmd: AtCmdFwd service not published, waiting... retryCnt : 1
08-04 00:51:24.332  7769  7781 I art     : Explicit concurrent mark sweep GC freed 484(105KB) AllocSpace objects, 0(0B) LOS objects, 40% free, 21MB/35MB, paused 369us total 13.086ms
08-04 00:51:24.340  7769  7781 I art     : Starting a blocking GC Explicit
08-04 00:51:24.344   512  2967 D AudioFlinger: mixer(0xf4740000) throttle end: throttle time(12)
08-04 00:51:24.352  7769  7781 I art     : Explicit concurrent mark sweep GC freed 416(35KB) AllocSpace objects, 0(0B) LOS objects, 40% free, 21MB/35MB, paused 157us total 11.693ms
08-04 00:51:24.360  7769  7781 I art     : Starting a blocking GC Explicit
08-04 00:51:24.371  7769  7781 I art     : Explicit concurrent mark sweep GC freed 86(3KB) AllocSpace objects, 0(0B) LOS objects, 40% free, 21MB/35MB, paused 144us total 10.475ms
08-04 00:51:24.415   918   936 I ActivityManager: Displayed baseline.org.quantumbadger.redreader/.settings.SettingsActivity: +117ms
08-04 00:51:24.416 13866 13866 I GoogleInputMethodServic: GoogleInputMethodService.onFinishInput():3138 
08-04 00:51:24.416 13866 13866 I GoogleInputMethodServic: GoogleInputMethodService.onStartInput():1808 
08-04 00:51:24.441  7769  7792 D OpenGLRenderer: endAllStagingAnimators on 0x7f94967000 (MenuPopupWindow$MenuDropDownListView) with handle 0x7f803780e0
08-04 00:51:24.609  7769  7797 I art     : Starting a blocking GC Explicit
08-04 00:51:24.624  7769  7797 I art     : Explicit concurrent mark sweep GC freed 2002(109KB) AllocSpace objects, 1(20KB) LOS objects, 40% free, 21MB/35MB, paused 148us total 14.864ms
08-04 00:51:24.634  7769  7797 I art     : Starting a blocking GC Explicit
08-04 00:51:24.650  7769  7797 I art     : Explicit concurrent mark sweep GC freed 106(4KB) AllocSpace objects, 0(0B) LOS objects, 40% free, 21MB/35MB, paused 132us total 15.675ms
08-04 00:51:24.653   380   380 W SurfaceFlinger: couldn't log to binary event log: overflow.
08-04 00:51:24.661  7769  7797 I art     : Starting a blocking GC Explicit
08-04 00:51:24.673  7769  7797 I art     : Explicit concurrent mark sweep GC freed 3(96B) AllocSpace objects, 0(0B) LOS objects, 40% free, 21MB/35MB, paused 116us total 12.437ms
08-04 00:51:24.681  7769  7797 I art     : Starting a blocking GC Explicit
08-04 00:51:24.692  7769  7797 I art     : Explicit concurrent mark sweep GC freed 3(96B) AllocSpace objects, 0(0B) LOS objects, 40% free, 21MB/35MB, paused 113us total 10.814ms
08-04 00:51:24.700  7769  7797 I art     : Starting a blocking GC Explicit
08-04 00:51:24.711  7769  7797 I art     : Explicit concurrent mark sweep GC freed 3(96B) AllocSpace objects, 0(0B) LOS objects, 40% free, 21MB/35MB, paused 112us total 11.149ms
08-04 00:51:24.767  8104  8104 D AndroidRuntime: >>>>>> START com.android.internal.os.RuntimeInit uid 2000 <<<<<<
08-04 00:51:24.771  8104  8104 D AndroidRuntime: CheckJNI is OFF
08-04 00:51:24.795  8104  8104 D ICU     : No timezone override file found: /data/misc/zoneinfo/current/icu/icu_tzdata.dat
08-04 00:51:24.819  8104  8104 I Radio-JNI: register_android_hardware_Radio DONE
08-04 00:51:24.828   512  2967 D audio_hw_primary: disable_audio_route: reset and update mixer path: low-latency-playback speaker
08-04 00:51:24.829   512  2967 D audio_hw_primary: disable_snd_device: snd_device(2: speaker)
08-04 00:51:24.835  8104  8104 D AndroidRuntime: Calling main entry com.android.commands.input.Input
08-04 00:51:24.837  8104  8104 I Input   : injectMotionEvent: MotionEvent { action=ACTION_DOWN, actionButton=0, id[0]=0, x[0]=216.0, y[0]=853.0, toolType[0]=TOOL_TYPE_UNKNOWN, buttonState=0, metaState=0, flags=0x0, edgeFlags=0x0, pointerCount=1, historySize=0, eventTime=665501250, downTime=665501250, deviceId=0, source=0x1002 }
08-04 00:51:24.838   512  2967 I soundtrigger: audio_extn_sound_trigger_update_device_status: device 0x2 of type 0 for Event 0
08-04 00:51:24.842  8104  8104 I Input   : injectMotionEvent: MotionEvent { action=ACTION_UP, actionButton=0, id[0]=0, x[0]=216.0, y[0]=853.0, toolType[0]=TOOL_TYPE_UNKNOWN, buttonState=0, metaState=0, flags=0x0, edgeFlags=0x0, pointerCount=1, historySize=0, eventTime=665501250, downTime=665501250, deviceId=0, source=0x1002 }
08-04 00:51:24.844  8104  8104 D AndroidRuntime: Shutting down VM
08-04 00:51:24.910   918  5132 I ActivityManager: START u0 {act=android.intent.action.MAIN cmp=baseline.org.quantumbadger.redreader/.settings.SettingsActivity (has extras)} from uid 10666 on display 0
08-04 00:51:24.911   512  2967 D audio_hw_primary: out_set_parameters: enter: usecase(1: low-latency-playback) kvpairs: routing=2
08-04 00:51:24.925   512  2967 D audio_hw_primary: select_devices: out_snd_device(2: speaker) in_snd_device(0: none)
08-04 00:51:24.925   512  2967 D msm8974_platform: platform_send_audio_calibration: sending audio calibration for snd_device(2) acdb_id(15)
08-04 00:51:24.925   512  2967 I soundtrigger: audio_extn_sound_trigger_update_device_status: device 0x2 of type 0 for Event 1
08-04 00:51:24.940   512  2967 D audio_hw_primary: enable_snd_device: snd_device(2: speaker)
08-04 00:51:24.943   512  2967 D audio_hw_primary: enable_audio_route: apply and update mixer path: low-latency-playback speaker
08-04 00:51:24.983  7769  7780 I art     : Starting a blocking GC Explicit
08-04 00:51:24.984   512  2967 D AudioFlinger: mixer(0xf4740000) throttle end: throttle time(12)
08-04 00:51:25.000  7769  7780 I art     : Explicit concurrent mark sweep GC freed 2698(218KB) AllocSpace objects, 2(40KB) LOS objects, 40% free, 21MB/35MB, paused 177us total 16.310ms
08-04 00:51:25.009  7769  7780 I art     : Starting a blocking GC Explicit
08-04 00:51:25.022  7769  7780 I art     : Explicit concurrent mark sweep GC freed 241(10KB) AllocSpace objects, 0(0B) LOS objects, 40% free, 21MB/35MB, paused 125us total 11.952ms
08-04 00:51:25.030  7769  7780 I art     : Starting a blocking GC Explicit
08-04 00:51:25.048  7769  7780 I art     : Explicit concurrent mark sweep GC freed 825(62KB) AllocSpace objects, 0(0B) LOS objects, 40% free, 21MB/36MB, paused 461us total 17.926ms
08-04 00:51:25.056  7769  7780 I art     : Starting a blocking GC Explicit
08-04 00:51:25.071  7769  7780 I art     : Explicit concurrent mark sweep GC freed 15332(631KB) AllocSpace objects, 0(0B) LOS objects, 40% free, 21MB/36MB, paused 323us total 14.808ms
08-04 00:51:25.080  7769  7780 I art     : Starting a blocking GC Explicit
08-04 00:51:25.095  7769  7780 I art     : Explicit concurrent mark sweep GC freed 14120(584KB) AllocSpace objects, 0(0B) LOS objects, 40% free, 21MB/36MB, paused 692us total 14.998ms
08-04 00:51:25.223 13866 13866 I GoogleInputMethodServic: GoogleInputMethodService.onFinishInput():3138 
08-04 00:51:25.227 13866 13866 I GoogleInputMethodServic: GoogleInputMethodService.onStartInput():1808 
08-04 00:51:25.230   918   936 I ActivityManager: Displayed baseline.org.quantumbadger.redreader/.settings.SettingsActivity: +307ms
08-04 00:51:25.241  7769  7792 D OpenGLRenderer: endAllStagingAnimators on 0x7f806bd800 (ListView) with handle 0x7f80378020
08-04 00:51:25.315  7769  8103 I art     : Starting a blocking GC Explicit
08-04 00:51:25.333  7769  8103 I art     : Explicit concurrent mark sweep GC freed 52712(2MB) AllocSpace objects, 1(20KB) LOS objects, 40% free, 22MB/37MB, paused 152us total 17.648ms
08-04 00:51:25.343  7769  8103 I art     : Starting a blocking GC Explicit
08-04 00:51:25.358  7769  8103 I art     : Explicit concurrent mark sweep GC freed 2141(177KB) AllocSpace objects, 0(0B) LOS objects, 40% free, 22MB/36MB, paused 170us total 15.192ms
08-04 00:51:25.368  7769  8103 I art     : Starting a blocking GC Explicit
08-04 00:51:25.384  7769  8103 I art     : Explicit concurrent mark sweep GC freed 3(96B) AllocSpace objects, 0(0B) LOS objects, 40% free, 22MB/36MB, paused 137us total 15.645ms
08-04 00:51:25.384  8138  8138 D AndroidRuntime: >>>>>> START com.android.internal.os.RuntimeInit uid 2000 <<<<<<
08-04 00:51:25.388  8138  8138 D AndroidRuntime: CheckJNI is OFF
08-04 00:51:25.392  7769  8103 I art     : Starting a blocking GC Explicit
08-04 00:51:25.407  7769  8103 I art     : Explicit concurrent mark sweep GC freed 59(2448B) AllocSpace objects, 0(0B) LOS objects, 40% free, 22MB/36MB, paused 161us total 14.612ms
08-04 00:51:25.416  7769  8103 I art     : Starting a blocking GC Explicit
08-04 00:51:25.417  8138  8138 D ICU     : No timezone override file found: /data/misc/zoneinfo/current/icu/icu_tzdata.dat
08-04 00:51:25.432  7769  8103 I art     : Explicit concurrent mark sweep GC freed 5(240B) AllocSpace objects, 0(0B) LOS objects, 40% free, 22MB/36MB, paused 144us total 15.445ms
08-04 00:51:25.444  8138  8138 I Radio-JNI: register_android_hardware_Radio DONE
08-04 00:51:25.460  8138  8138 D AndroidRuntime: Calling main entry com.android.commands.input.Input
08-04 00:51:25.462  8138  8138 I Input   : injectMotionEvent: MotionEvent { action=ACTION_DOWN, actionButton=0, id[0]=0, x[0]=1318.0, y[0]=1194.0, toolType[0]=TOOL_TYPE_UNKNOWN, buttonState=0, metaState=0, flags=0x0, edgeFlags=0x0, pointerCount=1, historySize=0, eventTime=665501875, downTime=665501875, deviceId=0, source=0x1002 }
08-04 00:51:25.467  8138  8138 I Input   : injectMotionEvent: MotionEvent { action=ACTION_UP, actionButton=0, id[0]=0, x[0]=1318.0, y[0]=1194.0, toolType[0]=TOOL_TYPE_UNKNOWN, buttonState=0, metaState=0, flags=0x0, edgeFlags=0x0, pointerCount=1, historySize=0, eventTime=665501875, downTime=665501875, deviceId=0, source=0x1002 }
08-04 00:51:25.470   512  2967 D audio_hw_primary: disable_audio_route: reset and update mixer path: low-latency-playback speaker
08-04 00:51:25.471   512  2967 D audio_hw_primary: disable_snd_device: snd_device(2: speaker)
08-04 00:51:25.475  8138  8138 D AndroidRuntime: Shutting down VM
08-04 00:51:25.482   512  2967 I soundtrigger: audio_extn_sound_trigger_update_device_status: device 0x2 of type 0 for Event 0
08-04 00:51:25.487   380   380 W SurfaceFlinger: couldn't log to binary event log: overflow.
08-04 00:51:25.541   512  2967 D audio_hw_primary: out_set_parameters: enter: usecase(1: low-latency-playback) kvpairs: routing=2
08-04 00:51:25.554   512  2967 D audio_hw_primary: select_devices: out_snd_device(2: speaker) in_snd_device(0: none)
08-04 00:51:25.554   512  2967 D msm8974_platform: platform_send_audio_calibration: sending audio calibration for snd_device(2) acdb_id(15)
08-04 00:51:25.554   512  2967 I soundtrigger: audio_extn_sound_trigger_update_device_status: device 0x2 of type 0 for Event 1
08-04 00:51:25.567   512  2967 D audio_hw_primary: enable_snd_device: snd_device(2: speaker)
08-04 00:51:25.569   512  2967 D audio_hw_primary: enable_audio_route: apply and update mixer path: low-latency-playback speaker
08-04 00:51:25.612   512  2967 D AudioFlinger: mixer(0xf4740000) throttle end: throttle time(12)
08-04 00:51:25.688  7769  7781 I art     : Starting a blocking GC Explicit
08-04 00:51:25.707  7769  7781 I art     : Explicit concurrent mark sweep GC freed 2056(125KB) AllocSpace objects, 2(40KB) LOS objects, 40% free, 22MB/36MB, paused 572us total 18.451ms
08-04 00:51:25.716  7769  7781 I art     : Starting a blocking GC Explicit
08-04 00:51:25.730  7769  7781 I art     : Explicit concurrent mark sweep GC freed 73(2864B) AllocSpace objects, 0(0B) LOS objects, 40% free, 22MB/36MB, paused 132us total 13.954ms
08-04 00:51:25.739  7769  7781 I art     : Starting a blocking GC Explicit
08-04 00:51:25.754  7769  7781 I art     : Explicit concurrent mark sweep GC freed 50(2224B) AllocSpace objects, 0(0B) LOS objects, 40% free, 22MB/36MB, paused 1.027ms total 15.554ms
08-04 00:51:25.763  7769  7781 I art     : Starting a blocking GC Explicit
08-04 00:51:25.776  7769  7781 I art     : Explicit concurrent mark sweep GC freed 26(1088B) AllocSpace objects, 0(0B) LOS objects, 40% free, 22MB/36MB, paused 125us total 13.188ms
08-04 00:51:25.785  7769  7781 I art     : Starting a blocking GC Explicit
08-04 00:51:25.799  7769  7781 I art     : Explicit concurrent mark sweep GC freed 14(496B) AllocSpace objects, 0(0B) LOS objects, 40% free, 22MB/36MB, paused 129us total 14.248ms
08-04 00:51:26.002  8170  8170 D AndroidRuntime: >>>>>> START com.android.internal.os.RuntimeInit uid 2000 <<<<<<
08-04 00:51:26.006  8170  8170 D AndroidRuntime: CheckJNI is OFF
08-04 00:51:26.028  8170  8170 D ICU     : No timezone override file found: /data/misc/zoneinfo/current/icu/icu_tzdata.dat
08-04 00:51:26.049  7769  7797 I art     : Starting a blocking GC Explicit
08-04 00:51:26.051  8170  8170 I Radio-JNI: register_android_hardware_Radio DONE
08-04 00:51:26.063  7769  7797 I art     : Explicit concurrent mark sweep GC freed 1437(82KB) AllocSpace objects, 1(20KB) LOS objects, 40% free, 22MB/36MB, paused 120us total 13.625ms
08-04 00:51:26.067  8170  8170 D AndroidRuntime: Calling main entry com.android.commands.input.Input
08-04 00:51:26.069  8170  8170 I Input   : injectMotionEvent: MotionEvent { action=ACTION_DOWN, actionButton=0, id[0]=0, x[0]=1309.0, y[0]=1701.0, toolType[0]=TOOL_TYPE_UNKNOWN, buttonState=0, metaState=0, flags=0x0, edgeFlags=0x0, pointerCount=1, historySize=0, eventTime=665502481, downTime=665502481, deviceId=0, source=0x1002 }
08-04 00:51:26.072  7769  7797 I art     : Starting a blocking GC Explicit
08-04 00:51:26.073  8170  8170 I Input   : injectMotionEvent: MotionEvent { action=ACTION_UP, actionButton=0, id[0]=0, x[0]=1309.0, y[0]=1701.0, toolType[0]=TOOL_TYPE_UNKNOWN, buttonState=0, metaState=0, flags=0x0, edgeFlags=0x0, pointerCount=1, historySize=0, eventTime=665502481, downTime=665502481, deviceId=0, source=0x1002 }
08-04 00:51:26.075  8170  8170 D AndroidRuntime: Shutting down VM
08-04 00:51:26.086  7769  7797 I art     : Explicit concurrent mark sweep GC freed 104(3KB) AllocSpace objects, 0(0B) LOS objects, 40% free, 22MB/36MB, paused 119us total 14.523ms
08-04 00:51:26.096  7769  7797 I art     : Starting a blocking GC Explicit
08-04 00:51:26.098   512  2967 D audio_hw_primary: disable_audio_route: reset and update mixer path: low-latency-playback speaker
08-04 00:51:26.099   512  2967 D audio_hw_primary: disable_snd_device: snd_device(2: speaker)
08-04 00:51:26.108   512  2967 I soundtrigger: audio_extn_sound_trigger_update_device_status: device 0x2 of type 0 for Event 0
08-04 00:51:26.110  7769  7797 I art     : Explicit concurrent mark sweep GC freed 64(2800B) AllocSpace objects, 0(0B) LOS objects, 40% free, 22MB/36MB, paused 110us total 14.094ms
08-04 00:51:26.118  7769  7797 I art     : Starting a blocking GC Explicit
08-04 00:51:26.131  7769  7797 I art     : Explicit concurrent mark sweep GC freed 13(432B) AllocSpace objects, 0(0B) LOS objects, 40% free, 22MB/36MB, paused 113us total 12.748ms
08-04 00:51:26.140  7769  7797 I art     : Starting a blocking GC Explicit
08-04 00:51:26.141   512  2967 D audio_hw_primary: out_set_parameters: enter: usecase(1: low-latency-playback) kvpairs: routing=2
08-04 00:51:26.154  7769  7797 I art     : Explicit concurrent mark sweep GC freed 47(14KB) AllocSpace objects, 1(20KB) LOS objects, 40% free, 22MB/36MB, paused 359us total 14.411ms
08-04 00:51:26.155   512  2967 D audio_hw_primary: select_devices: out_snd_device(2: speaker) in_snd_device(0: none)
08-04 00:51:26.155   512  2967 D msm8974_platform: platform_send_audio_calibration: sending audio calibration for snd_device(2) acdb_id(15)
08-04 00:51:26.155   512  2967 I soundtrigger: audio_extn_sound_trigger_update_device_status: device 0x2 of type 0 for Event 1
08-04 00:51:26.165   512  2967 D audio_hw_primary: enable_snd_device: snd_device(2: speaker)
08-04 00:51:26.167   512  2967 D audio_hw_primary: enable_audio_route: apply and update mixer path: low-latency-playback speaker
08-04 00:51:26.210   512  2967 D AudioFlinger: mixer(0xf4740000) throttle end: throttle time(12)
08-04 00:51:26.397  7769  7781 I art     : Starting a blocking GC Explicit
08-04 00:51:26.411  7769  7781 I art     : Explicit concurrent mark sweep GC freed 2060(113KB) AllocSpace objects, 1(20KB) LOS objects, 40% free, 22MB/37MB, paused 129us total 14.069ms
08-04 00:51:26.420  7769  7781 I art     : Starting a blocking GC Explicit
08-04 00:51:26.436  7769  7781 I art     : Explicit concurrent mark sweep GC freed 72(2608B) AllocSpace objects, 0(0B) LOS objects, 40% free, 22MB/37MB, paused 149us total 15.300ms
08-04 00:51:26.444  7769  7781 I art     : Starting a blocking GC Explicit
08-04 00:51:26.458  7769  7781 I art     : Explicit concurrent mark sweep GC freed 16(608B) AllocSpace objects, 0(0B) LOS objects, 40% free, 22MB/37MB, paused 134us total 13.999ms
08-04 00:51:26.467  7769  7781 I art     : Starting a blocking GC Explicit
08-04 00:51:26.481  7769  7781 I art     : Explicit concurrent mark sweep GC freed 18(624B) AllocSpace objects, 0(0B) LOS objects, 40% free, 22MB/37MB, paused 150us total 13.553ms
08-04 00:51:26.489  7769  7781 I art     : Starting a blocking GC Explicit
08-04 00:51:26.503  7769  7781 I art     : Explicit concurrent mark sweep GC freed 11(400B) AllocSpace objects, 0(0B) LOS objects, 40% free, 22MB/37MB, paused 127us total 13.866ms
08-04 00:51:26.616  8194  8194 D AndroidRuntime: >>>>>> START com.android.internal.os.RuntimeInit uid 2000 <<<<<<
08-04 00:51:26.620  8194  8194 D AndroidRuntime: CheckJNI is OFF
08-04 00:51:26.646  8194  8194 D ICU     : No timezone override file found: /data/misc/zoneinfo/current/icu/icu_tzdata.dat
08-04 00:51:26.670  8194  8194 I Radio-JNI: register_android_hardware_Radio DONE
08-04 00:51:26.685  8194  8194 D AndroidRuntime: Calling main entry com.android.commands.input.Input
08-04 00:51:26.686  8194  8194 I Input   : injectMotionEvent: MotionEvent { action=ACTION_DOWN, actionButton=0, id[0]=0, x[0]=477.0, y[0]=805.0, toolType[0]=TOOL_TYPE_UNKNOWN, buttonState=0, metaState=0, flags=0x0, edgeFlags=0x0, pointerCount=1, historySize=0, eventTime=665503099, downTime=665503099, deviceId=0, source=0x1002 }
08-04 00:51:26.691  8194  8194 I Input   : injectMotionEvent: MotionEvent { action=ACTION_UP, actionButton=0, id[0]=0, x[0]=477.0, y[0]=805.0, toolType[0]=TOOL_TYPE_UNKNOWN, buttonState=0, metaState=0, flags=0x0, edgeFlags=0x0, pointerCount=1, historySize=0, eventTime=665503099, downTime=665503099, deviceId=0, source=0x1002 }
08-04 00:51:26.692  8194  8194 D AndroidRuntime: Shutting down VM
08-04 00:51:26.698   512  2967 D audio_hw_primary: disable_audio_route: reset and update mixer path: low-latency-playback speaker
08-04 00:51:26.700   512  2967 D audio_hw_primary: disable_snd_device: snd_device(2: speaker)
08-04 00:51:26.709   512  2967 I soundtrigger: audio_extn_sound_trigger_update_device_status: device 0x2 of type 0 for Event 0
08-04 00:51:26.747  7769  8103 I art     : Starting a blocking GC Explicit
08-04 00:51:26.762  7769  8103 I art     : Explicit concurrent mark sweep GC freed 1509(85KB) AllocSpace objects, 1(20KB) LOS objects, 40% free, 22MB/37MB, paused 123us total 14.295ms
08-04 00:51:26.771  7769  8103 I art     : Starting a blocking GC Explicit
08-04 00:51:26.773   512  2967 D audio_hw_primary: out_set_parameters: enter: usecase(1: low-latency-playback) kvpairs: routing=2
08-04 00:51:26.786  7769  8103 I art     : Explicit concurrent mark sweep GC freed 254(41KB) AllocSpace objects, 0(0B) LOS objects, 40% free, 22MB/37MB, paused 161us total 15.003ms
08-04 00:51:26.786   512  2967 D audio_hw_primary: select_devices: out_snd_device(2: speaker) in_snd_device(0: none)
08-04 00:51:26.786   512  2967 D msm8974_platform: platform_send_audio_calibration: sending audio calibration for snd_device(2) acdb_id(15)
08-04 00:51:26.787   512  2967 I soundtrigger: audio_extn_sound_trigger_update_device_status: device 0x2 of type 0 for Event 1
08-04 00:51:26.795  7769  8103 I art     : Starting a blocking GC Explicit
08-04 00:51:26.796   512  2967 D audio_hw_primary: enable_snd_device: snd_device(2: speaker)
08-04 00:51:26.798   512  2967 D audio_hw_primary: enable_audio_route: apply and update mixer path: low-latency-playback speaker
08-04 00:51:26.810  7769  8103 I art     : Explicit concurrent mark sweep GC freed 645(72KB) AllocSpace objects, 0(0B) LOS objects, 40% free, 22MB/37MB, paused 132us total 14.748ms
08-04 00:51:26.819  7769  8103 I art     : Starting a blocking GC Explicit
08-04 00:51:26.833  7769  8103 I art     : Explicit concurrent mark sweep GC freed 132(5KB) AllocSpace objects, 0(0B) LOS objects, 40% free, 22MB/37MB, paused 276us total 14.688ms
08-04 00:51:26.839   512  2967 D AudioFlinger: mixer(0xf4740000) throttle end: throttle time(12)
08-04 00:51:26.842  7769  8103 I art     : Starting a blocking GC Explicit
08-04 00:51:26.856  7769  8103 I art     : Explicit concurrent mark sweep GC freed 318(13KB) AllocSpace objects, 0(0B) LOS objects, 40% free, 22MB/37MB, paused 151us total 13.995ms
08-04 00:51:27.111  7769  7797 I art     : Starting a blocking GC Explicit
08-04 00:51:27.127  7769  7797 I art     : Explicit concurrent mark sweep GC freed 1616(89KB) AllocSpace objects, 1(20KB) LOS objects, 40% free, 22MB/37MB, paused 118us total 15.871ms
08-04 00:51:27.136  7769  7797 I art     : Starting a blocking GC Explicit
08-04 00:51:27.152  7769  7797 I art     : Explicit concurrent mark sweep GC freed 42(1488B) AllocSpace objects, 0(0B) LOS objects, 40% free, 22MB/37MB, paused 140us total 15.839ms
08-04 00:51:27.163  7769  7797 I art     : Starting a blocking GC Explicit
08-04 00:51:27.179  7769  7797 I art     : Explicit concurrent mark sweep GC freed 3(96B) AllocSpace objects, 0(0B) LOS objects, 40% free, 22MB/37MB, paused 125us total 16.180ms
08-04 00:51:27.189  7769  7797 I art     : Starting a blocking GC Explicit
08-04 00:51:27.205  7769  7797 I art     : Explicit concurrent mark sweep GC freed 5(192B) AllocSpace objects, 0(0B) LOS objects, 40% free, 22MB/37MB, paused 144us total 16.228ms
08-04 00:51:27.214  7769  7797 I art     : Starting a blocking GC Explicit
08-04 00:51:27.231  7769  7797 I art     : Explicit concurrent mark sweep GC freed 5(160B) AllocSpace objects, 0(0B) LOS objects, 40% free, 22MB/37MB, paused 111us total 16.368ms
08-04 00:51:27.252  8224  8224 D AndroidRuntime: >>>>>> START com.android.internal.os.RuntimeInit uid 2000 <<<<<<
08-04 00:51:27.257  8224  8224 D AndroidRuntime: CheckJNI is OFF
08-04 00:51:27.280  8224  8224 D ICU     : No timezone override file found: /data/misc/zoneinfo/current/icu/icu_tzdata.dat
08-04 00:51:27.311  8224  8224 I Radio-JNI: register_android_hardware_Radio DONE
08-04 00:51:27.329  8224  8224 D AndroidRuntime: Calling main entry com.android.commands.input.Input
08-04 00:51:27.329   512  2967 D audio_hw_primary: disable_audio_route: reset and update mixer path: low-latency-playback speaker
08-04 00:51:27.331  8224  8224 I Input   : injectMotionEvent: MotionEvent { action=ACTION_DOWN, actionButton=0, id[0]=0, x[0]=463.0, y[0]=464.0, toolType[0]=TOOL_TYPE_UNKNOWN, buttonState=0, metaState=0, flags=0x0, edgeFlags=0x0, pointerCount=1, historySize=0, eventTime=665503744, downTime=665503744, deviceId=0, source=0x1002 }
08-04 00:51:27.331   512  2967 D audio_hw_primary: disable_snd_device: snd_device(2: speaker)
08-04 00:51:27.336  8224  8224 I Input   : injectMotionEvent: MotionEvent { action=ACTION_UP, actionButton=0, id[0]=0, x[0]=463.0, y[0]=464.0, toolType[0]=TOOL_TYPE_UNKNOWN, buttonState=0, metaState=0, flags=0x0, edgeFlags=0x0, pointerCount=1, historySize=0, eventTime=665503744, downTime=665503744, deviceId=0, source=0x1002 }
08-04 00:51:27.340  8224  8224 D AndroidRuntime: Shutting down VM
08-04 00:51:27.342   512  2967 I soundtrigger: audio_extn_sound_trigger_update_device_status: device 0x2 of type 0 for Event 0
08-04 00:51:27.408   512  2967 D audio_hw_primary: out_set_parameters: enter: usecase(1: low-latency-playback) kvpairs: routing=2
08-04 00:51:27.421   512  2967 D audio_hw_primary: select_devices: out_snd_device(2: speaker) in_snd_device(0: none)
08-04 00:51:27.422   512  2967 D msm8974_platform: platform_send_audio_calibration: sending audio calibration for snd_device(2) acdb_id(15)
08-04 00:51:27.422   512  2967 I soundtrigger: audio_extn_sound_trigger_update_device_status: device 0x2 of type 0 for Event 1
08-04 00:51:27.439   512  2967 D audio_hw_primary: enable_snd_device: snd_device(2: speaker)
08-04 00:51:27.442   512  2967 D audio_hw_primary: enable_audio_route: apply and update mixer path: low-latency-playback speaker
08-04 00:51:27.454   918  5132 W InputMethodManagerService: Window already focused, ignoring focus gain of: com.android.internal.view.IInputMethodClient$Stub$Proxy@1eb1e7 attribute=null, token = android.os.BinderProxy@dc29cf7
08-04 00:51:27.488   512  2967 D AudioFlinger: mixer(0xf4740000) throttle end: throttle time(12)
08-04 00:51:27.493  7769  7781 I art     : Starting a blocking GC Explicit
08-04 00:51:27.509  7769  7781 I art     : Explicit concurrent mark sweep GC freed 1664(105KB) AllocSpace objects, 2(40KB) LOS objects, 40% free, 22MB/37MB, paused 120us total 15.734ms
08-04 00:51:27.517  7769  7781 I art     : Starting a blocking GC Explicit
08-04 00:51:27.531  7769  7781 I art     : Explicit concurrent mark sweep GC freed 117(6KB) AllocSpace objects, 0(0B) LOS objects, 40% free, 22MB/37MB, paused 125us total 14.029ms
08-04 00:51:27.540  7769  7781 I art     : Starting a blocking GC Explicit
08-04 00:51:27.555  7769  7781 I art     : Explicit concurrent mark sweep GC freed 3(96B) AllocSpace objects, 0(0B) LOS objects, 40% free, 22MB/37MB, paused 137us total 14.898ms
08-04 00:51:27.564  7769  7781 I art     : Starting a blocking GC Explicit
08-04 00:51:27.579  7769  7781 I art     : Explicit concurrent mark sweep GC freed 3(96B) AllocSpace objects, 0(0B) LOS objects, 40% free, 22MB/37MB, paused 149us total 14.991ms
08-04 00:51:27.587  7769  7781 I art     : Starting a blocking GC Explicit
08-04 00:51:27.602  7769  7781 I art     : Explicit concurrent mark sweep GC freed 3(96B) AllocSpace objects, 0(0B) LOS objects, 40% free, 22MB/37MB, paused 139us total 14.318ms
08-04 00:51:27.621   380   380 W SurfaceFlinger: couldn't log to binary event log: overflow.
08-04 00:51:27.676   518   646 I ThermalEngine: ACTION: GPU - Setting GPU[0] to 510000000
08-04 00:51:27.836  7769  7797 I art     : Starting a blocking GC Explicit
08-04 00:51:27.856  7769  7797 I art     : Explicit concurrent mark sweep GC freed 1340(78KB) AllocSpace objects, 1(20KB) LOS objects, 40% free, 22MB/37MB, paused 175us total 19.726ms
08-04 00:51:27.868  7769  7797 I art     : Starting a blocking GC Explicit
08-04 00:51:27.887  7769  7797 I art     : Explicit concurrent mark sweep GC freed 20(704B) AllocSpace objects, 0(0B) LOS objects, 40% free, 22MB/37MB, paused 181us total 19.144ms
08-04 00:51:27.898  7769  7797 I art     : Starting a blocking GC Explicit
08-04 00:51:27.917  7769  7797 I art     : Explicit concurrent mark sweep GC freed 3(96B) AllocSpace objects, 0(0B) LOS objects, 40% free, 22MB/37MB, paused 175us total 18.695ms
08-04 00:51:27.929  7769  7797 I art     : Starting a blocking GC Explicit
08-04 00:51:27.931  8256  8256 D AndroidRuntime: >>>>>> START com.android.internal.os.RuntimeInit uid 2000 <<<<<<
08-04 00:51:27.936  8256  8256 D AndroidRuntime: CheckJNI is OFF
08-04 00:51:27.948  7769  7797 I art     : Explicit concurrent mark sweep GC freed 3(96B) AllocSpace objects, 0(0B) LOS objects, 40% free, 22MB/37MB, paused 406us total 19.357ms
08-04 00:51:27.959  7769  7797 I art     : Starting a blocking GC Explicit
08-04 00:51:27.972  8256  8256 D ICU     : No timezone override file found: /data/misc/zoneinfo/current/icu/icu_tzdata.dat
08-04 00:51:27.979   512  2967 D audio_hw_primary: disable_audio_route: reset and update mixer path: low-latency-playback speaker
08-04 00:51:27.979  7769  7797 I art     : Explicit concurrent mark sweep GC freed 3(96B) AllocSpace objects, 0(0B) LOS objects, 40% free, 22MB/37MB, paused 164us total 19.478ms
08-04 00:51:27.980   512  2967 D audio_hw_primary: disable_snd_device: snd_device(2: speaker)
08-04 00:51:27.987   512  2967 I soundtrigger: audio_extn_sound_trigger_update_device_status: device 0x2 of type 0 for Event 0
08-04 00:51:28.005  8256  8256 I Radio-JNI: register_android_hardware_Radio DONE
08-04 00:51:28.027  8256  8256 D AndroidRuntime: Calling main entry com.android.commands.input.Input
08-04 00:51:28.028  8256  8256 I Input   : injectKeyEvent: KeyEvent { action=ACTION_DOWN, keyCode=KEYCODE_BACK, scanCode=0, metaState=0, flags=0x0, repeatCount=0, eventTime=665504442, downTime=665504442, deviceId=-1, source=0x101 }
08-04 00:51:28.033  8256  8256 I Input   : injectKeyEvent: KeyEvent { action=ACTION_UP, keyCode=KEYCODE_BACK, scanCode=0, metaState=0, flags=0x0, repeatCount=0, eventTime=665504442, downTime=665504442, deviceId=-1, source=0x101 }
08-04 00:51:28.038  8256  8256 D AndroidRuntime: Shutting down VM
08-04 00:51:28.082 13866 13866 I GoogleInputMethodServic: GoogleInputMethodService.onFinishInput():3138 
08-04 00:51:28.083 13866 13866 I GoogleInputMethodServic: GoogleInputMethodService.onStartInput():1808 
08-04 00:51:28.221  7769  7781 I art     : Starting a blocking GC Explicit
08-04 00:51:28.242  7769  7781 I art     : Explicit concurrent mark sweep GC freed 1450(84KB) AllocSpace objects, 1(20KB) LOS objects, 40% free, 22MB/37MB, paused 174us total 20.351ms
08-04 00:51:28.254  7769  7781 I art     : Starting a blocking GC Explicit
08-04 00:51:28.274  7769  7781 I art     : Explicit concurrent mark sweep GC freed 34(1200B) AllocSpace objects, 0(0B) LOS objects, 40% free, 22MB/37MB, paused 184us total 19.054ms
08-04 00:51:28.287  7769  7781 I art     : Starting a blocking GC Explicit
08-04 00:51:28.306  7769  7781 I art     : Explicit concurrent mark sweep GC freed 3(96B) AllocSpace objects, 0(0B) LOS objects, 40% free, 22MB/37MB, paused 169us total 18.879ms
08-04 00:51:28.318  7769  7781 I art     : Starting a blocking GC Explicit
08-04 00:51:28.337  7769  7781 I art     : Explicit concurrent mark sweep GC freed 3(96B) AllocSpace objects, 0(0B) LOS objects, 40% free, 22MB/37MB, paused 196us total 18.839ms
08-04 00:51:28.348  7769  7781 I art     : Starting a blocking GC Explicit
08-04 00:51:28.366  7769  7781 I art     : Explicit concurrent mark sweep GC freed 3(96B) AllocSpace objects, 0(0B) LOS objects, 40% free, 22MB/37MB, paused 169us total 17.333ms
08-04 00:51:28.372   380   380 W SurfaceFlinger: couldn't log to binary event log: overflow.
08-04 00:51:28.618  7769  7780 I art     : Starting a blocking GC Explicit
08-04 00:51:28.639  7769  7780 I art     : Explicit concurrent mark sweep GC freed 1487(85KB) AllocSpace objects, 1(20KB) LOS objects, 40% free, 22MB/37MB, paused 190us total 20.791ms
08-04 00:51:28.651  7769  7780 I art     : Starting a blocking GC Explicit
08-04 00:51:28.668  7769  7780 I art     : Explicit concurrent mark sweep GC freed 13761(694KB) AllocSpace objects, 7(340KB) LOS objects, 40% free, 21MB/35MB, paused 183us total 16.853ms
08-04 00:51:28.675  8289  8289 D AndroidRuntime: >>>>>> START com.android.internal.os.RuntimeInit uid 2000 <<<<<<
08-04 00:51:28.679  7769  7780 I art     : Starting a blocking GC Explicit
08-04 00:51:28.679  8289  8289 D AndroidRuntime: CheckJNI is OFF
08-04 00:51:28.693  7769  7780 I art     : Explicit concurrent mark sweep GC freed 3(96B) AllocSpace objects, 0(0B) LOS objects, 40% free, 21MB/35MB, paused 164us total 14.485ms
08-04 00:51:28.703  7769  7780 I art     : Starting a blocking GC Explicit
08-04 00:51:28.715  8289  8289 D ICU     : No timezone override file found: /data/misc/zoneinfo/current/icu/icu_tzdata.dat
08-04 00:51:28.718  7769  7780 I art     : Explicit concurrent mark sweep GC freed 3(96B) AllocSpace objects, 0(0B) LOS objects, 40% free, 21MB/35MB, paused 160us total 14.115ms
08-04 00:51:28.728  7769  7780 I art     : Starting a blocking GC Explicit
08-04 00:51:28.743  7769  7780 I art     : Explicit concurrent mark sweep GC freed 3(96B) AllocSpace objects, 0(0B) LOS objects, 40% free, 21MB/35MB, paused 159us total 14.178ms
08-04 00:51:28.748  8289  8289 I Radio-JNI: register_android_hardware_Radio DONE
08-04 00:51:28.771  8289  8289 D AndroidRuntime: Calling main entry com.android.commands.input.Input
08-04 00:51:28.772  8289  8289 I Input   : injectKeyEvent: KeyEvent { action=ACTION_DOWN, keyCode=KEYCODE_BACK, scanCode=0, metaState=0, flags=0x0, repeatCount=0, eventTime=665505185, downTime=665505185, deviceId=-1, source=0x101 }
08-04 00:51:28.776  8289  8289 I Input   : injectKeyEvent: KeyEvent { action=ACTION_UP, keyCode=KEYCODE_BACK, scanCode=0, metaState=0, flags=0x0, repeatCount=0, eventTime=665505185, downTime=665505185, deviceId=-1, source=0x101 }
08-04 00:51:28.781  8289  8289 D AndroidRuntime: Shutting down VM
08-04 00:51:28.817 13866 13866 I GoogleInputMethodServic: GoogleInputMethodService.onFinishInput():3138 
08-04 00:51:28.818 13866 13866 I GoogleInputMethodServic: GoogleInputMethodService.onStartInput():1808 
08-04 00:51:28.986  7769  7797 I art     : Starting a blocking GC Explicit
08-04 00:51:29.002  7769  7797 I art     : Explicit concurrent mark sweep GC freed 1513(85KB) AllocSpace objects, 1(20KB) LOS objects, 40% free, 21MB/35MB, paused 156us total 15.454ms
08-04 00:51:29.013  7769  7797 I art     : Starting a blocking GC Explicit
08-04 00:51:29.028  7769  7797 I art     : Explicit concurrent mark sweep GC freed 24(864B) AllocSpace objects, 0(0B) LOS objects, 40% free, 21MB/35MB, paused 178us total 14.736ms
08-04 00:51:29.039  7769  7797 I art     : Starting a blocking GC Explicit
08-04 00:51:29.054  7769  7797 I art     : Explicit concurrent mark sweep GC freed 3(96B) AllocSpace objects, 0(0B) LOS objects, 40% free, 21MB/35MB, paused 173us total 14.660ms
08-04 00:51:29.064  7769  7797 I art     : Starting a blocking GC Explicit
08-04 00:51:29.079  7769  7797 I art     : Explicit concurrent mark sweep GC freed 3(96B) AllocSpace objects, 0(0B) LOS objects, 40% free, 21MB/35MB, paused 216us total 14.955ms
08-04 00:51:29.090  7769  7797 I art     : Starting a blocking GC Explicit
08-04 00:51:29.104  7769  7797 I art     : Explicit concurrent mark sweep GC freed 3(96B) AllocSpace objects, 0(0B) LOS objects, 40% free, 21MB/35MB, paused 161us total 14.312ms
08-04 00:51:29.329  4731  4731 I ServiceManager: Waiting for service AtCmdFwd...
08-04 00:51:29.355  7769  8103 I art     : Starting a blocking GC Explicit
08-04 00:51:29.371  7769  8103 I art     : Explicit concurrent mark sweep GC freed 1362(79KB) AllocSpace objects, 1(20KB) LOS objects, 40% free, 21MB/35MB, paused 193us total 15.473ms
08-04 00:51:29.381  7769  8103 I art     : Starting a blocking GC Explicit
08-04 00:51:29.397  7769  8103 I art     : Explicit concurrent mark sweep GC freed 143(10KB) AllocSpace objects, 0(0B) LOS objects, 40% free, 21MB/35MB, paused 222us total 15.260ms
08-04 00:51:29.407  7769  8103 I art     : Starting a blocking GC Explicit
08-04 00:51:29.416  8321  8321 D AndroidRuntime: >>>>>> START com.android.internal.os.RuntimeInit uid 2000 <<<<<<
08-04 00:51:29.421  8321  8321 D AndroidRuntime: CheckJNI is OFF
08-04 00:51:29.423  7769  8103 I art     : Explicit concurrent mark sweep GC freed 3(96B) AllocSpace objects, 0(0B) LOS objects, 40% free, 21MB/35MB, paused 196us total 15.405ms
08-04 00:51:29.434  7769  8103 I art     : Starting a blocking GC Explicit
08-04 00:51:29.449  7769  8103 I art     : Explicit concurrent mark sweep GC freed 3(96B) AllocSpace objects, 0(0B) LOS objects, 40% free, 21MB/35MB, paused 175us total 14.477ms
08-04 00:51:29.457  8321  8321 D ICU     : No timezone override file found: /data/misc/zoneinfo/current/icu/icu_tzdata.dat
08-04 00:51:29.459  7769  8103 I art     : Starting a blocking GC Explicit
08-04 00:51:29.474  7769  8103 I art     : Explicit concurrent mark sweep GC freed 3(96B) AllocSpace objects, 0(0B) LOS objects, 40% free, 21MB/35MB, paused 192us total 14.466ms
08-04 00:51:29.490  8321  8321 I Radio-JNI: register_android_hardware_Radio DONE
08-04 00:51:29.512  8321  8321 D AndroidRuntime: Calling main entry com.android.commands.input.Input
08-04 00:51:29.514  8321  8321 I Input   : injectMotionEvent: MotionEvent { action=ACTION_DOWN, actionButton=0, id[0]=0, x[0]=600.0, y[0]=1536.0, toolType[0]=TOOL_TYPE_UNKNOWN, buttonState=0, metaState=0, flags=0x0, edgeFlags=0x0, pointerCount=1, historySize=0, eventTime=665505927, downTime=665505927, deviceId=0, source=0x1002 }
08-04 00:51:29.518  8321  8321 I Input   : injectMotionEvent: MotionEvent { action=ACTION_UP, actionButton=0, id[0]=0, x[0]=600.0, y[0]=1536.0, toolType[0]=TOOL_TYPE_UNKNOWN, buttonState=0, metaState=0, flags=0x0, edgeFlags=0x0, pointerCount=1, historySize=0, eventTime=665505927, downTime=665505927, deviceId=0, source=0x1002 }
08-04 00:51:29.520  8321  8321 D AndroidRuntime: Shutting down VM
08-04 00:51:29.526   512  2967 D audio_hw_primary: out_set_parameters: enter: usecase(1: low-latency-playback) kvpairs: routing=2
08-04 00:51:29.530   918  5952 I ActivityManager: START u0 {dat=https://oauth.reddit.com/... cmp=baseline.org.quantumbadger.redreader/.activities.PostListingActivity} from uid 10666 on display 0
08-04 00:51:29.539   512  2967 D audio_hw_primary: select_devices: out_snd_device(2: speaker) in_snd_device(0: none)
08-04 00:51:29.539   512  2967 D msm8974_platform: platform_send_audio_calibration: sending audio calibration for snd_device(2) acdb_id(15)
08-04 00:51:29.539   512  2967 I soundtrigger: audio_extn_sound_trigger_update_device_status: device 0x2 of type 0 for Event 1
08-04 00:51:29.549  7769  7769 I AppCompatViewInflater: app:theme is now deprecated. Please move to using android:theme instead.
08-04 00:51:29.549   512  2967 D audio_hw_primary: enable_snd_device: snd_device(2: speaker)
08-04 00:51:29.552   512  2967 D audio_hw_primary: enable_audio_route: apply and update mixer path: low-latency-playback speaker
08-04 00:51:29.592  7769  8342 I RawObjectDB query string: CREATE TABLE objects(RawObjectDB_id TEXT PRIMARY KEY ON CONFLICT REPLACE,RawObjectDB_timestamp INTEGER,accounts_active INTEGER,created INTEGER,created_utc INTEGER,description TEXT,description_html TEXT,display_name TEXT,header_img TEXT,header_title TEXT,id TEXT,name TEXT,over18 INTEGER,public_description TEXT,subscribers INTEGER,title TEXT,url TEXT)
08-04 00:51:29.637  7769  8349 D OK      : calling: https://www.reddit.com/api/v1/access_token
08-04 00:51:29.638   918   936 I ActivityManager: Displayed baseline.org.quantumbadger.redreader/.activities.PostListingActivity: +101ms
08-04 00:51:29.639 13866 13866 I GoogleInputMethodServic: GoogleInputMethodService.onFinishInput():3138 
08-04 00:51:29.640 13866 13866 I GoogleInputMethodServic: GoogleInputMethodService.onStartInput():1808 
08-04 00:51:29.711  7769  7781 I art     : Starting a blocking GC Explicit
08-04 00:51:29.729  7769  7781 I art     : Explicit concurrent mark sweep GC freed 7482(516KB) AllocSpace objects, 1(20KB) LOS objects, 40% free, 21MB/36MB, paused 278us total 17.799ms
08-04 00:51:29.740  7769  7781 I art     : Starting a blocking GC Explicit
08-04 00:51:29.758  7769  7781 I art     : Explicit concurrent mark sweep GC freed 3340(216KB) AllocSpace objects, 1(28KB) LOS objects, 40% free, 21MB/36MB, paused 328us total 17.823ms
08-04 00:51:29.770  7769  7781 I art     : Starting a blocking GC Explicit
08-04 00:51:29.787  7769  7781 I art     : Explicit concurrent mark sweep GC freed 6(224B) AllocSpace objects, 0(0B) LOS objects, 40% free, 21MB/35MB, paused 305us total 16.640ms
08-04 00:51:29.799  7769  7781 I art     : Starting a blocking GC Explicit
08-04 00:51:29.817  7769  7781 I art     : Explicit concurrent mark sweep GC freed 3(96B) AllocSpace objects, 0(0B) LOS objects, 40% free, 21MB/36MB, paused 380us total 17.637ms
08-04 00:51:29.829  7769  7781 I art     : Starting a blocking GC Explicit
08-04 00:51:29.848  7769  7781 I art     : Explicit concurrent mark sweep GC freed 1208(95KB) AllocSpace objects, 2(120KB) LOS objects, 40% free, 21MB/36MB, paused 429us total 19.315ms
08-04 00:51:29.891   380   380 W SurfaceFlinger: couldn't log to binary event log: overflow.
08-04 00:51:30.087  7769  7781 I art     : Starting a blocking GC Explicit
08-04 00:51:30.089   512  2967 D audio_hw_primary: disable_audio_route: reset and update mixer path: low-latency-playback speaker
08-04 00:51:30.090   512  2967 D audio_hw_primary: disable_snd_device: snd_device(2: speaker)
08-04 00:51:30.092  7769  8349 D OK      : request got status: 200
08-04 00:51:30.098   512  2967 I soundtrigger: audio_extn_sound_trigger_update_device_status: device 0x2 of type 0 for Event 0
08-04 00:51:30.101  7769  8349 D OK      : calling: https://oauth.reddit.com/r/askscience/about.json
08-04 00:51:30.119  7769  7781 I art     : Explicit concurrent mark sweep GC freed 41201(2MB) AllocSpace objects, 16(1592KB) LOS objects, 40% free, 23MB/39MB, paused 357us total 31.003ms
08-04 00:51:30.131  7769  7781 I art     : Starting a blocking GC Explicit
08-04 00:51:30.157  7769  7781 I art     : Explicit concurrent mark sweep GC freed 315(23KB) AllocSpace objects, 0(0B) LOS objects, 40% free, 23MB/39MB, paused 293us total 25.997ms
08-04 00:51:30.170  7769  7781 I art     : Starting a blocking GC Explicit
08-04 00:51:30.195  7769  7781 I art     : Explicit concurrent mark sweep GC freed 7(240B) AllocSpace objects, 0(0B) LOS objects, 40% free, 23MB/39MB, paused 315us total 25.359ms
08-04 00:51:30.208  7769  7781 I art     : Starting a blocking GC Explicit
08-04 00:51:30.233  7769  7781 I art     : Explicit concurrent mark sweep GC freed 3(96B) AllocSpace objects, 0(0B) LOS objects, 40% free, 23MB/39MB, paused 293us total 24.408ms
08-04 00:51:30.245  7769  7781 I art     : Starting a blocking GC Explicit
08-04 00:51:30.271  7769  7781 I art     : Explicit concurrent mark sweep GC freed 3(96B) AllocSpace objects, 0(0B) LOS objects, 40% free, 23MB/39MB, paused 296us total 26.286ms
08-04 00:51:30.329  4731  4731 I ServiceManager: Waiting for service AtCmdFwd...
08-04 00:51:30.546  7769  7797 I art     : Starting a blocking GC Explicit
08-04 00:51:30.573  7769  7797 I art     : Explicit concurrent mark sweep GC freed 3407(162KB) AllocSpace objects, 1(20KB) LOS objects, 40% free, 23MB/39MB, paused 305us total 27.065ms
08-04 00:51:30.585  7769  7797 I art     : Starting a blocking GC Explicit
08-04 00:51:30.612  7769  7797 I art     : Explicit concurrent mark sweep GC freed 67(2400B) AllocSpace objects, 0(0B) LOS objects, 40% free, 23MB/39MB, paused 312us total 26.318ms
08-04 00:51:30.625  7769  7797 I art     : Starting a blocking GC Explicit
08-04 00:51:30.639   918  3670 I ActivityManager: Killing 32160:com.google.android.gms.unstable/u0a12 (adj 15): empty #17
08-04 00:51:30.651  7769  7797 I art     : Explicit concurrent mark sweep GC freed 3(96B) AllocSpace objects, 0(0B) LOS objects, 40% free, 23MB/39MB, paused 280us total 25.734ms
08-04 00:51:30.662  7769  8349 I NAPPA_EXPERIMENTATION: MetricNetworkRequestExecutionTime: REQUEST_DURATION_SYSTEM='560',REQUEST_DURATION_OKHTTP='137',REQUEST_SYNCHRONOUS='TRUE',RESPONSE_CODE='200',RESPONSE_METHOD='GET',RESPONSE_LENGTH_OKHTTP='-1',RESPONSE_LENGTH_HEADER='4700',REQUEST_PROTOCOL='h2',REQUEST_URL='https://oauth.reddit.com/r/askscience/about.json',
08-04 00:51:30.662  7769  8349 D OK      : request got status: 200
08-04 00:51:30.663  7769  7797 I art     : Starting a blocking GC Explicit
08-04 00:51:30.682   518   646 I ThermalEngine: ACTION: GPU - Setting GPU[0] to 450000000
08-04 00:51:30.695  7769  7797 I art     : Explicit concurrent mark sweep GC freed 785(136KB) AllocSpace objects, 2(88KB) LOS objects, 39% free, 24MB/40MB, paused 570us total 32.108ms
08-04 00:51:30.712  7769  7797 I art     : Starting a blocking GC Explicit
08-04 00:51:30.746  7769  7797 I art     : Explicit concurrent mark sweep GC freed 1192(119KB) AllocSpace objects, 1(68KB) LOS objects, 39% free, 24MB/40MB, paused 330us total 33.919ms
08-04 00:51:30.832  7769  8383 D OK      : calling: https://oauth.reddit.com/r/askscience/hot/.json
08-04 00:51:31.047  7769  8103 I art     : Starting a blocking GC Explicit
08-04 00:51:31.083  7769  8103 I art     : Explicit concurrent mark sweep GC freed 1684(95KB) AllocSpace objects, 1(20KB) LOS objects, 39% free, 24MB/40MB, paused 410us total 35.396ms
08-04 00:51:31.100  7769  8103 I art     : Starting a blocking GC Explicit
08-04 00:51:31.136  7769  8103 I art     : Explicit concurrent mark sweep GC freed 64(8KB) AllocSpace objects, 0(0B) LOS objects, 39% free, 24MB/40MB, paused 439us total 34.977ms
08-04 00:51:31.140  7769  8383 I NAPPA_EXPERIMENTATION: MetricNetworkRequestExecutionTime: REQUEST_DURATION_SYSTEM='308',REQUEST_DURATION_OKHTTP='302',REQUEST_SYNCHRONOUS='TRUE',RESPONSE_CODE='200',RESPONSE_METHOD='GET',RESPONSE_LENGTH_OKHTTP='-1',RESPONSE_LENGTH_HEADER='21282',REQUEST_PROTOCOL='h2',REQUEST_URL='https://oauth.reddit.com/r/askscience/hot/.json',
08-04 00:51:31.141  7769  8383 D OK      : request got status: 200
08-04 00:51:31.153  7769  8103 I art     : Starting a blocking GC Explicit
08-04 00:51:31.153  7769  8381 I PostListingFragment: Precaching images: OFF
08-04 00:51:31.157  7769  8381 I PostListingFragment: Precaching comments: OFF
08-04 00:51:31.191  7769  8103 I art     : Explicit concurrent mark sweep GC freed 789(113KB) AllocSpace objects, 0(0B) LOS objects, 39% free, 24MB/40MB, paused 666us total 38.029ms
08-04 00:51:31.207  7769  8103 I art     : Starting a blocking GC Explicit
08-04 00:51:31.245  7769  8103 I art     : Explicit concurrent mark sweep GC freed 2418(157KB) AllocSpace objects, 0(0B) LOS objects, 39% free, 24MB/40MB, paused 605us total 37.234ms
08-04 00:51:31.262  7769  8103 I art     : Starting a blocking GC Explicit
08-04 00:51:31.299  7769  8103 I art     : Explicit concurrent mark sweep GC freed 2876(156KB) AllocSpace objects, 2(136KB) LOS objects, 39% free, 24MB/40MB, paused 527us total 37.166ms
08-04 00:51:31.330  4731  4731 I ServiceManager: Waiting for service AtCmdFwd...
08-04 00:51:31.618  7769  7780 I art     : Starting a blocking GC Explicit
08-04 00:51:31.662  7769  7780 I art     : Explicit concurrent mark sweep GC freed 18068(720KB) AllocSpace objects, 1(20KB) LOS objects, 38% free, 25MB/41MB, paused 592us total 43.727ms
08-04 00:51:31.681  7769  7780 I art     : Starting a blocking GC Explicit
08-04 00:51:31.686   518   646 I ThermalEngine: ACTION: GPU - Setting GPU[0] to 510000000
08-04 00:51:31.715  7769  7780 I art     : Explicit concurrent mark sweep GC freed 13615(641KB) AllocSpace objects, 0(0B) LOS objects, 39% free, 24MB/40MB, paused 558us total 34.055ms
08-04 00:51:31.730  7769  7780 I art     : Starting a blocking GC Explicit
08-04 00:51:31.759  7769  7780 I art     : Explicit concurrent mark sweep GC freed 901(44KB) AllocSpace objects, 0(0B) LOS objects, 39% free, 24MB/40MB, paused 430us total 28.526ms
08-04 00:51:31.771  7769  7780 I art     : Starting a blocking GC Explicit
08-04 00:51:31.800  7769  7780 I art     : Explicit concurrent mark sweep GC freed 329(12KB) AllocSpace objects, 0(0B) LOS objects, 39% free, 24MB/40MB, paused 226us total 28.714ms
08-04 00:51:31.813  7769  7780 I art     : Starting a blocking GC Explicit
08-04 00:51:31.842  7769  7780 I art     : Explicit concurrent mark sweep GC freed 5(400B) AllocSpace objects, 0(0B) LOS objects, 39% free, 24MB/40MB, paused 250us total 28.625ms
08-04 00:51:32.096 18789 18789 I Finsky  : [1] xow.onStartJob(3): SCH: onJobSchedulerWakeup with jobId 9004
08-04 00:51:32.105 18789 18789 I Finsky  : [1] xjw.a(9): Scheduling fallback in 43199993 (absolute: 1692095972)
08-04 00:51:32.108 18789 18789 I Finsky  : [1] xjw.a(9): Scheduling fallback in 64799997 (absolute: 1713695980)
08-04 00:51:32.117 18789 18789 I Finsky  : [1] xow.onStartJob(3): SCH: onJobSchedulerWakeup with jobId 9016
08-04 00:51:32.124  7769  7780 I art     : Starting a blocking GC Explicit
08-04 00:51:32.124 18789 18789 I Finsky  : [1] xjw.a(9): Scheduling fallback in 43199996 (absolute: 1692095995)
08-04 00:51:32.131 18789 18789 I Finsky  : [1] xjw.a(9): Scheduling fallback in 64799995 (absolute: 1713695999)
08-04 00:51:32.134 18789 18789 W Finsky  : [1] xow.onStartJob(9): SCH: onJobSchedulerWakeup while already running
08-04 00:51:32.150  7769  7780 I art     : Explicit concurrent mark sweep GC freed 1573(87KB) AllocSpace objects, 1(20KB) LOS objects, 39% free, 24MB/40MB, paused 239us total 25.805ms
08-04 00:51:32.162  7769  7780 I art     : Starting a blocking GC Explicit
08-04 00:51:32.188 18789 18789 I Finsky  : [1] xkf.handleMessage(8): SCH: DeviceState: DeviceState{currentTime=1596495092184, isCharging=false, isIdle=false, netAny=true, netNotRoaming=true, netUnmetered=true, batteryPercent=100.0}
08-04 00:51:32.189  7769  7780 I art     : Explicit concurrent mark sweep GC freed 92(5KB) AllocSpace objects, 0(0B) LOS objects, 39% free, 24MB/40MB, paused 233us total 26.272ms
08-04 00:51:32.192 18789  7731 I Finsky  : [6281] xmu.a(8): SCH: Jobs in database: 1-1337 3-181 3-182 12-1 24-77777777 26-1414141414 
08-04 00:51:32.195 18789 18789 I Finsky  : [1] xkg.a(16): SCH: Running job: 12-1
08-04 00:51:32.195 18789 18789 I Finsky  : [1] ContentSyncJob.a(16): [ContentSync] job started
08-04 00:51:32.196 18789 18789 I Finsky  : [1] xkf.handleMessage(61): SCH: RunningQueue size: 1, PendingQueue size: 0
08-04 00:51:32.196 18789 18789 I Finsky  : [1] xkf.handleMessage(64): SCH: Running queue: 12-1 
08-04 00:51:32.201  7769  7780 I art     : Starting a blocking GC Explicit
08-04 00:51:32.227  7769  7780 I art     : Explicit concurrent mark sweep GC freed 24(1136B) AllocSpace objects, 0(0B) LOS objects, 39% free, 24MB/40MB, paused 241us total 25.979ms
08-04 00:51:32.239  7769  7780 I art     : Starting a blocking GC Explicit
08-04 00:51:32.260 18789  7758 I Finsky  : [6286] dzn.a(22): Completed 0 account content syncs with 0 successful.
08-04 00:51:32.261 18789 18789 I Finsky  : [1] ContentSyncJob.a(1): [ContentSync] Installation state replication succeeded.
08-04 00:51:32.262 18789 18789 I Finsky  : [1] xlr.a(13): SCH: jobFinished: 12-1. TimeElapsed: 67ms.
08-04 00:51:32.262 18789 18789 I Finsky  : [1] xkg.a(36): SCH: Job 12-1 finished. Not rescheduling.
08-04 00:51:32.263 18789 18789 I Finsky  : [1] xkf.handleMessage(61): SCH: RunningQueue size: 0, PendingQueue size: 0
08-04 00:51:32.263 18789 18789 I Finsky  : [1] xkf.handleMessage(25): Executor finished
08-04 00:51:32.264  7769  7780 I art     : Explicit concurrent mark sweep GC freed 41(2720B) AllocSpace objects, 0(0B) LOS objects, 39% free, 24MB/40MB, paused 216us total 25.281ms
08-04 00:51:32.277  7769  7780 I art     : Starting a blocking GC Explicit
08-04 00:51:32.284 18789 18789 I Finsky  : [1] xmu.a(8): SCH: Jobs in database: 1-1337 3-181 3-182 24-77777777 26-1414141414 
08-04 00:51:32.287 18789 18789 I Finsky  : [1] xio.a(57): SCH: ConstraintMapping: 24-77777777,  -> L: 0ms, D: 73108551ms, C: false, I: true, N: 0
08-04 00:51:32.287 18789 18789 I Finsky  : [1] xio.a(57): SCH: ConstraintMapping: 1-1337,  -> L: 14917783ms, D: 33260623ms, C: false, I: false, N: 1
08-04 00:51:32.288 18789 18789 I Finsky  : [1] xio.a(57): SCH: ConstraintMapping: 3-181,  -> L: 0ms, D: 64516928ms, C: false, I: true, N: 2
08-04 00:51:32.288 18789 18789 I Finsky  : [1] xio.a(57): SCH: ConstraintMapping: 3-182,  -> L: 0ms, D: 64517001ms, C: true, I: true, N: 2
08-04 00:51:32.289 18789 18789 I Finsky  : [1] xio.a(57): SCH: ConstraintMapping: 26-1414141414,  -> L: 37338177ms, D: 38238177ms, C: false, I: false, N: 0
08-04 00:51:32.302  7769  7780 I art     : Explicit concurrent mark sweep GC freed 51(3KB) AllocSpace objects, 0(0B) LOS objects, 39% free, 24MB/40MB, paused 239us total 25.345ms
08-04 00:51:32.316 18789 18789 I Finsky  : [1] xle.a(34): Cancelling existing jobscheduler jobs: 9010 9006 9018 9000 9019 9009 9017 9005 
08-04 00:51:32.317 18789 18789 I Finsky  : [1] xle.a(10): Throttling wakeup for job 9001 (expected to run in 0 ms) due to recent wakeup
08-04 00:51:32.318 18789 18789 I Finsky  : [1] xle.a(27): Scheduling job Id: 9001, L: 30000, D: 73108551, C: false, I: true, N: 0
08-04 00:51:32.322 18789 18789 I Finsky  : [1] xle.a(27): Scheduling job Id: 9002, L: 14917783, D: 33260623, C: false, I: false, N: 1
08-04 00:51:32.324 18789 18789 I Finsky  : [1] xle.a(10): Throttling wakeup for job 9003 (expected to run in 0 ms) due to recent wakeup
08-04 00:51:32.325 18789 18789 I Finsky  : [1] xle.a(27): Scheduling job Id: 9003, L: 30000, D: 64516928, C: false, I: true, N: 2
08-04 00:51:32.327 18789 18789 I Finsky  : [1] xle.a(10): Throttling wakeup for job 9007 (expected to run in 0 ms) due to recent wakeup
08-04 00:51:32.327 18789 18789 I Finsky  : [1] xle.a(27): Scheduling job Id: 9007, L: 30000, D: 64517001, C: true, I: true, N: 2
08-04 00:51:32.328 18789 18789 I Finsky  : [1] xle.a(27): Scheduling job Id: 9008, L: 37338177, D: 38238177, C: false, I: false, N: 0
08-04 00:51:32.330  4731  4731 I ServiceManager: Waiting for service AtCmdFwd...
08-04 00:51:32.330 18789 18789 I Finsky  : [1] xle.a(10): Throttling wakeup for job 9011 (expected to run in 0 ms) due to recent wakeup
08-04 00:51:32.330 18789 18789 I Finsky  : [1] xle.a(27): Scheduling job Id: 9011, L: 30000, D: 73108551, C: false, I: true, N: 0
08-04 00:51:32.332 18789 18789 I Finsky  : [1] xle.a(27): Scheduling job Id: 9012, L: 14917783, D: 33260623, C: false, I: false, N: 1
08-04 00:51:32.333 18789 18789 I Finsky  : [1] xle.a(10): Throttling wakeup for job 9013 (expected to run in 0 ms) due to recent wakeup
08-04 00:51:32.333 18789 18789 I Finsky  : [1] xle.a(27): Scheduling job Id: 9013, L: 30000, D: 64516928, C: false, I: true, N: 2
08-04 00:51:32.334 18789 18789 I Finsky  : [1] xle.a(10): Throttling wakeup for job 9014 (expected to run in 0 ms) due to recent wakeup
08-04 00:51:32.335 18789 18789 I Finsky  : [1] xle.a(27): Scheduling job Id: 9014, L: 30000, D: 64517001, C: true, I: true, N: 2
08-04 00:51:32.336 18789 18789 I Finsky  : [1] xle.a(27): Scheduling job Id: 9015, L: 37338177, D: 38238177, C: false, I: false, N: 0
08-04 00:51:32.588  7769  8103 I art     : Starting a blocking GC Explicit
08-04 00:51:32.627  7769  8103 I art     : Explicit concurrent mark sweep GC freed 1346(78KB) AllocSpace objects, 1(20KB) LOS objects, 39% free, 24MB/40MB, paused 297us total 38.587ms
08-04 00:51:32.644  7769  8103 I art     : Starting a blocking GC Explicit
08-04 00:51:32.675  7769  8103 I art     : Explicit concurrent mark sweep GC freed 20(704B) AllocSpace objects, 0(0B) LOS objects, 39% free, 24MB/40MB, paused 255us total 30.762ms
08-04 00:51:32.688  7769  8103 I art     : Starting a blocking GC Explicit
08-04 00:51:32.719  7769  8103 I art     : Explicit concurrent mark sweep GC freed 3(96B) AllocSpace objects, 0(0B) LOS objects, 39% free, 24MB/40MB, paused 250us total 30.688ms
08-04 00:51:32.733  7769  8103 I art     : Starting a blocking GC Explicit
08-04 00:51:32.763  7769  8103 I art     : Explicit concurrent mark sweep GC freed 3(96B) AllocSpace objects, 0(0B) LOS objects, 39% free, 24MB/40MB, paused 272us total 30.395ms
08-04 00:51:32.777  7769  8103 I art     : Starting a blocking GC Explicit
08-04 00:51:32.808  7769  8103 I art     : Explicit concurrent mark sweep GC freed 3(96B) AllocSpace objects, 0(0B) LOS objects, 39% free, 24MB/40MB, paused 267us total 31.345ms
08-04 00:51:33.144  7769  7797 I art     : Starting a blocking GC Explicit
08-04 00:51:33.183  7769  7797 I art     : Explicit concurrent mark sweep GC freed 1343(78KB) AllocSpace objects, 1(20KB) LOS objects, 39% free, 24MB/40MB, paused 280us total 38.590ms
08-04 00:51:33.198  7769  7797 I art     : Starting a blocking GC Explicit
08-04 00:51:33.229  7769  7797 I art     : Explicit concurrent mark sweep GC freed 20(704B) AllocSpace objects, 0(0B) LOS objects, 39% free, 24MB/40MB, paused 258us total 30.859ms
08-04 00:51:33.243  7769  7797 I art     : Starting a blocking GC Explicit
08-04 00:51:33.274  7769  7797 I art     : Explicit concurrent mark sweep GC freed 3(96B) AllocSpace objects, 0(0B) LOS objects, 39% free, 24MB/40MB, paused 226us total 30.497ms
08-04 00:51:33.274  7769  7779 I art     : WaitForGcToComplete blocked for 30.756ms for cause HeapTrim
08-04 00:51:33.287  7769  7797 I art     : Starting a blocking GC Explicit
08-04 00:51:33.295   918  3261 D WifiStateMachine: starting scan for "H369AA63323"WPA_PSK with 2412,5180
08-04 00:51:33.321  7769  7797 I art     : Explicit concurrent mark sweep GC freed 3(96B) AllocSpace objects, 0(0B) LOS objects, 39% free, 24MB/40MB, paused 277us total 33.829ms
08-04 00:51:33.331  4731  4731 I ServiceManager: Waiting for service AtCmdFwd...
08-04 00:51:33.334  7769  7797 I art     : Starting a blocking GC Explicit
08-04 00:51:33.364  7769  7797 I art     : Explicit concurrent mark sweep GC freed 3(96B) AllocSpace objects, 0(0B) LOS objects, 39% free, 24MB/40MB, paused 245us total 29.601ms
08-04 00:51:33.659  7769  7781 I art     : Starting a blocking GC Explicit
08-04 00:51:33.698  7769  7781 I art     : Explicit concurrent mark sweep GC freed 1343(78KB) AllocSpace objects, 1(20KB) LOS objects, 39% free, 24MB/40MB, paused 426us total 37.984ms
08-04 00:51:33.715  7769  7781 I art     : Starting a blocking GC Explicit
08-04 00:51:33.745  7769  7781 I art     : Explicit concurrent mark sweep GC freed 20(704B) AllocSpace objects, 0(0B) LOS objects, 39% free, 24MB/40MB, paused 238us total 30.399ms
08-04 00:51:33.759  7769  7781 I art     : Starting a blocking GC Explicit
08-04 00:51:33.790  7769  7781 I art     : Explicit concurrent mark sweep GC freed 3(96B) AllocSpace objects, 0(0B) LOS objects, 39% free, 24MB/40MB, paused 260us total 31.141ms
08-04 00:51:33.804  7769  7781 I art     : Starting a blocking GC Explicit
08-04 00:51:33.834  7769  7781 I art     : Explicit concurrent mark sweep GC freed 3(96B) AllocSpace objects, 0(0B) LOS objects, 39% free, 24MB/40MB, paused 260us total 30.415ms
08-04 00:51:33.848  7769  7781 I art     : Starting a blocking GC Explicit
08-04 00:51:33.879  7769  7781 I art     : Explicit concurrent mark sweep GC freed 3(96B) AllocSpace objects, 0(0B) LOS objects, 39% free, 24MB/40MB, paused 247us total 31.115ms
08-04 00:51:34.191  7769  7780 I art     : Starting a blocking GC Explicit
08-04 00:51:34.231  7769  7780 I art     : Explicit concurrent mark sweep GC freed 1347(78KB) AllocSpace objects, 1(20KB) LOS objects, 39% free, 24MB/40MB, paused 284us total 39.381ms
08-04 00:51:34.247  7769  7780 I art     : Starting a blocking GC Explicit
08-04 00:51:34.278  7769  7780 I art     : Explicit concurrent mark sweep GC freed 20(704B) AllocSpace objects, 0(0B) LOS objects, 39% free, 24MB/40MB, paused 256us total 31.131ms
08-04 00:51:34.291  7769  7780 I art     : Starting a blocking GC Explicit
08-04 00:51:34.322  7769  7780 I art     : Explicit concurrent mark sweep GC freed 3(96B) AllocSpace objects, 0(0B) LOS objects, 39% free, 24MB/40MB, paused 254us total 30.599ms
08-04 00:51:34.331  4731  4731 W Atfwd_Sendcmd: AtCmdFwd service not published, waiting... retryCnt : 2
08-04 00:51:34.336  7769  7780 I art     : Starting a blocking GC Explicit
08-04 00:51:34.366  7769  7780 I art     : Explicit concurrent mark sweep GC freed 3(96B) AllocSpace objects, 0(0B) LOS objects, 39% free, 24MB/40MB, paused 249us total 30.550ms
08-04 00:51:34.380  7769  7780 I art     : Starting a blocking GC Explicit
08-04 00:51:34.411  7769  7780 I art     : Explicit concurrent mark sweep GC freed 3(96B) AllocSpace objects, 0(0B) LOS objects, 39% free, 24MB/40MB, paused 244us total 30.892ms
08-04 00:51:34.723  7769  8103 I art     : Starting a blocking GC Explicit
08-04 00:51:34.765  7769  8103 I art     : Explicit concurrent mark sweep GC freed 1344(78KB) AllocSpace objects, 1(20KB) LOS objects, 39% free, 24MB/40MB, paused 303us total 41.430ms
08-04 00:51:34.778  7769  8103 I art     : Starting a blocking GC Explicit
08-04 00:51:34.804  7769  8103 I art     : Explicit concurrent mark sweep GC freed 20(704B) AllocSpace objects, 0(0B) LOS objects, 39% free, 24MB/40MB, paused 242us total 25.813ms
08-04 00:51:34.817  7769  8103 I art     : Starting a blocking GC Explicit
08-04 00:51:34.845  7769  8103 I art     : Explicit concurrent mark sweep GC freed 3(96B) AllocSpace objects, 0(0B) LOS objects, 39% free, 24MB/40MB, paused 236us total 28.344ms
08-04 00:51:34.858  7769  8103 I art     : Starting a blocking GC Explicit
08-04 00:51:34.886  7769  8103 I art     : Explicit concurrent mark sweep GC freed 3(96B) AllocSpace objects, 0(0B) LOS objects, 39% free, 24MB/40MB, paused 251us total 28.367ms
08-04 00:51:34.899  7769  8103 I art     : Starting a blocking GC Explicit
08-04 00:51:34.928  7769  8103 I art     : Explicit concurrent mark sweep GC freed 3(96B) AllocSpace objects, 0(0B) LOS objects, 39% free, 24MB/40MB, paused 250us total 28.619ms
08-04 00:51:35.107   918 13198 D NetlinkSocketObserver: NeighborEvent{elapsedMs=1648898982, 192.168.2.254, [7C3953A63323], RTM_NEWNEIGH, NUD_STALE}
08-04 00:51:35.186  8467  8467 D AndroidRuntime: >>>>>> START com.android.internal.os.RuntimeInit uid 2000 <<<<<<
08-04 00:51:35.191  8467  8467 D AndroidRuntime: CheckJNI is OFF
08-04 00:51:35.225  8467  8467 D ICU     : No timezone override file found: /data/misc/zoneinfo/current/icu/icu_tzdata.dat
08-04 00:51:35.234  7769  7797 I art     : Starting a blocking GC Explicit
08-04 00:51:35.259  8467  8467 I Radio-JNI: register_android_hardware_Radio DONE
08-04 00:51:35.264  7769  7797 I art     : Explicit concurrent mark sweep GC freed 1343(78KB) AllocSpace objects, 1(20KB) LOS objects, 39% free, 24MB/40MB, paused 256us total 30.426ms
08-04 00:51:35.278  7769  7797 I art     : Starting a blocking GC Explicit
08-04 00:51:35.282  8467  8467 D AndroidRuntime: Calling main entry com.android.commands.input.Input
08-04 00:51:35.284  8467  8467 I Input   : injectMotionEvent: MotionEvent { action=ACTION_DOWN, actionButton=0, id[0]=0, x[0]=600.0, y[0]=700.0, toolType[0]=TOOL_TYPE_UNKNOWN, buttonState=0, metaState=0, flags=0x0, edgeFlags=0x0, pointerCount=1, historySize=0, eventTime=665511697, downTime=665511697, deviceId=0, source=0x1002 }
08-04 00:51:35.289  8467  8467 I Input   : injectMotionEvent: MotionEvent { action=ACTION_UP, actionButton=0, id[0]=0, x[0]=600.0, y[0]=700.0, toolType[0]=TOOL_TYPE_UNKNOWN, buttonState=0, metaState=0, flags=0x0, edgeFlags=0x0, pointerCount=1, historySize=0, eventTime=665511697, downTime=665511697, deviceId=0, source=0x1002 }
08-04 00:51:35.290  7769  7769 I RRChoreographer: Using modern Choreographer
08-04 00:51:35.292  8467  8467 D AndroidRuntime: Shutting down VM
08-04 00:51:35.302   512  2967 D audio_hw_primary: out_set_parameters: enter: usecase(1: low-latency-playback) kvpairs: routing=2
08-04 00:51:35.306   918  6029 I ActivityManager: START u0 {dat=https://oauth.reddit.com/... cmp=baseline.org.quantumbadger.redreader/.activities.CommentListingActivity} from uid 10666 on display 0
08-04 00:51:35.306  7769  7797 I art     : Explicit concurrent mark sweep GC freed 209(13KB) AllocSpace objects, 0(0B) LOS objects, 39% free, 24MB/40MB, paused 903us total 27.703ms
08-04 00:51:35.316   512  2967 D audio_hw_primary: select_devices: out_snd_device(2: speaker) in_snd_device(0: none)
08-04 00:51:35.316   512  2967 D msm8974_platform: platform_send_audio_calibration: sending audio calibration for snd_device(2) acdb_id(15)
08-04 00:51:35.316   512  2967 I soundtrigger: audio_extn_sound_trigger_update_device_status: device 0x2 of type 0 for Event 1
08-04 00:51:35.320  7769  7797 I art     : Starting a blocking GC Explicit
08-04 00:51:35.328   512  2967 D audio_hw_primary: enable_snd_device: snd_device(2: speaker)
08-04 00:51:35.330   512  2967 D audio_hw_primary: enable_audio_route: apply and update mixer path: low-latency-playback speaker
08-04 00:51:35.330  7769  7769 I AppCompatViewInflater: app:theme is now deprecated. Please move to using android:theme instead.
08-04 00:51:35.350  7769  7797 I art     : Explicit concurrent mark sweep GC freed 1790(113KB) AllocSpace objects, 0(0B) LOS objects, 39% free, 24MB/40MB, paused 682us total 29.919ms
08-04 00:51:35.350  7769  8492 D OK      : calling: https://oauth.reddit.com/comments/gvc7k9/.json?sort=confidence
08-04 00:51:35.364  7769  7797 I art     : Starting a blocking GC Explicit
08-04 00:51:35.390  7769  7797 I art     : Explicit concurrent mark sweep GC freed 484(52KB) AllocSpace objects, 0(0B) LOS objects, 39% free, 24MB/40MB, paused 257us total 26.253ms
08-04 00:51:35.403  7769  7797 I art     : Starting a blocking GC Explicit
08-04 00:51:35.426 13866 13866 I GoogleInputMethodServic: GoogleInputMethodService.onFinishInput():3138 
08-04 00:51:35.427 13866 13866 I GoogleInputMethodServic: GoogleInputMethodService.onStartInput():1808 
08-04 00:51:35.427   918   936 I ActivityManager: Displayed baseline.org.quantumbadger.redreader/.activities.CommentListingActivity: +111ms
08-04 00:51:35.433  7769  7797 I art     : Explicit concurrent mark sweep GC freed 699(25KB) AllocSpace objects, 0(0B) LOS objects, 39% free, 24MB/40MB, paused 345us total 30.102ms
08-04 00:51:35.494  7769  8492 I NAPPA_EXPERIMENTATION: MetricNetworkRequestExecutionTime: REQUEST_DURATION_SYSTEM='143',REQUEST_DURATION_OKHTTP='140',REQUEST_SYNCHRONOUS='TRUE',RESPONSE_CODE='200',RESPONSE_METHOD='GET',RESPONSE_LENGTH_OKHTTP='-1',RESPONSE_LENGTH_HEADER='90132',REQUEST_PROTOCOL='h2',REQUEST_URL='https://oauth.reddit.com/comments/gvc7k9/.json?sort=confidence',
08-04 00:51:35.494  7769  8492 D OK      : request got status: 200
08-04 00:51:35.503  7769  8381 I CommentListingActivity: COMMENTS session changed to 06e957b6-f409-4c0f-aec9-28851f291049
08-04 00:51:35.664   380   380 W SurfaceFlinger: couldn't log to binary event log: overflow.
08-04 00:51:35.681  7769  8103 I art     : Starting a blocking GC Explicit
08-04 00:51:35.725  7769  8103 I art     : Explicit concurrent mark sweep GC freed 30346(2MB) AllocSpace objects, 3(56KB) LOS objects, 36% free, 28MB/44MB, paused 561us total 44.240ms
08-04 00:51:35.739  7769  8103 I art     : Starting a blocking GC Explicit
08-04 00:51:35.781  7769  8103 I art     : Explicit concurrent mark sweep GC freed 10349(645KB) AllocSpace objects, 1(16KB) LOS objects, 35% free, 28MB/44MB, paused 489us total 41.279ms
08-04 00:51:35.795  7769  8103 I art     : Starting a blocking GC Explicit
08-04 00:51:35.835  7769  8103 I art     : Explicit concurrent mark sweep GC freed 3369(249KB) AllocSpace objects, 1(68KB) LOS objects, 35% free, 28MB/44MB, paused 297us total 40.551ms
08-04 00:51:35.851  7769  8103 I art     : Starting a blocking GC Explicit
08-04 00:51:35.868   512  2967 D audio_hw_primary: disable_audio_route: reset and update mixer path: low-latency-playback speaker
08-04 00:51:35.869   512  2967 D audio_hw_primary: disable_snd_device: snd_device(2: speaker)
08-04 00:51:35.876   512  2967 I soundtrigger: audio_extn_sound_trigger_update_device_status: device 0x2 of type 0 for Event 0
08-04 00:51:35.890  7769  8103 I art     : Explicit concurrent mark sweep GC freed 19366(917KB) AllocSpace objects, 1(68KB) LOS objects, 36% free, 27MB/43MB, paused 278us total 39.016ms
08-04 00:51:35.907  7769  8103 I art     : Starting a blocking GC Explicit
08-04 00:51:35.945  7769  8103 I art     : Explicit concurrent mark sweep GC freed 28(2160B) AllocSpace objects, 0(0B) LOS objects, 36% free, 27MB/43MB, paused 264us total 38.706ms
08-04 00:51:36.235  7769  8103 I art     : Starting a blocking GC Explicit
08-04 00:51:36.280  7769  8103 I art     : Explicit concurrent mark sweep GC freed 1343(78KB) AllocSpace objects, 1(20KB) LOS objects, 36% free, 27MB/43MB, paused 265us total 44.343ms
08-04 00:51:36.295  7769  8103 I art     : Starting a blocking GC Explicit
08-04 00:51:36.338  7769  8103 I art     : Explicit concurrent mark sweep GC freed 20(704B) AllocSpace objects, 0(0B) LOS objects, 36% free, 27MB/43MB, paused 226us total 42.060ms
08-04 00:51:36.353  7769  8103 I art     : Starting a blocking GC Explicit
08-04 00:51:36.395  7769  8103 I art     : Explicit concurrent mark sweep GC freed 3(96B) AllocSpace objects, 0(0B) LOS objects, 36% free, 27MB/43MB, paused 251us total 41.939ms
08-04 00:51:36.410  7769  8103 I art     : Starting a blocking GC Explicit
08-04 00:51:36.451  7769  8103 I art     : Explicit concurrent mark sweep GC freed 3(96B) AllocSpace objects, 0(0B) LOS objects, 36% free, 27MB/43MB, paused 235us total 40.557ms
08-04 00:51:36.465  7769  8103 I art     : Starting a blocking GC Explicit
08-04 00:51:36.509  7769  8103 I art     : Explicit concurrent mark sweep GC freed 49(1920B) AllocSpace objects, 0(0B) LOS objects, 36% free, 27MB/43MB, paused 258us total 43.428ms
08-04 00:51:36.801  7769  7797 I art     : Starting a blocking GC Explicit
08-04 00:51:36.858  7769  7797 I art     : Explicit concurrent mark sweep GC freed 1343(78KB) AllocSpace objects, 1(20KB) LOS objects, 36% free, 27MB/43MB, paused 285us total 55.907ms
08-04 00:51:36.877  7769  7797 I art     : Starting a blocking GC Explicit
08-04 00:51:36.923  7769  7797 I art     : Explicit concurrent mark sweep GC freed 20(704B) AllocSpace objects, 0(0B) LOS objects, 36% free, 27MB/43MB, paused 259us total 45.636ms
08-04 00:51:36.939  7769  7797 I art     : Starting a blocking GC Explicit
08-04 00:51:36.981  7769  7797 I art     : Explicit concurrent mark sweep GC freed 3(96B) AllocSpace objects, 0(0B) LOS objects, 36% free, 27MB/43MB, paused 241us total 42.428ms
08-04 00:51:36.997  7769  7797 I art     : Starting a blocking GC Explicit
08-04 00:51:37.042  7769  7797 I art     : Explicit concurrent mark sweep GC freed 3(96B) AllocSpace objects, 0(0B) LOS objects, 36% free, 27MB/43MB, paused 255us total 45.666ms
08-04 00:51:37.058  7769  7797 I art     : Starting a blocking GC Explicit
08-04 00:51:37.102  7769  7797 I art     : Explicit concurrent mark sweep GC freed 3(96B) AllocSpace objects, 0(0B) LOS objects, 36% free, 27MB/43MB, paused 263us total 43.560ms
08-04 00:51:37.400  7769  7781 I art     : Starting a blocking GC Explicit
08-04 00:51:37.449  7769  7781 I art     : Explicit concurrent mark sweep GC freed 1343(78KB) AllocSpace objects, 1(20KB) LOS objects, 36% free, 27MB/43MB, paused 284us total 48.665ms
08-04 00:51:37.469  7769  7781 I art     : Starting a blocking GC Explicit
08-04 00:51:37.515  7769  7781 I art     : Explicit concurrent mark sweep GC freed 20(704B) AllocSpace objects, 0(0B) LOS objects, 36% free, 27MB/43MB, paused 264us total 45.150ms
08-04 00:51:37.530  7769  7781 I art     : Starting a blocking GC Explicit
08-04 00:51:37.576  7769  7781 I art     : Explicit concurrent mark sweep GC freed 3(96B) AllocSpace objects, 0(0B) LOS objects, 36% free, 27MB/43MB, paused 259us total 45.783ms
08-04 00:51:37.592  7769  7781 I art     : Starting a blocking GC Explicit
08-04 00:51:37.637  7769  7781 I art     : Explicit concurrent mark sweep GC freed 3(96B) AllocSpace objects, 0(0B) LOS objects, 36% free, 27MB/43MB, paused 265us total 44.816ms
08-04 00:51:37.652  7769  7781 I art     : Starting a blocking GC Explicit
08-04 00:51:37.697  7769  7781 I art     : Explicit concurrent mark sweep GC freed 3(96B) AllocSpace objects, 0(0B) LOS objects, 36% free, 27MB/43MB, paused 295us total 45.337ms
08-04 00:51:38.019  7769  7780 I art     : Starting a blocking GC Explicit
08-04 00:51:38.080  7769  7780 I art     : Explicit concurrent mark sweep GC freed 1343(78KB) AllocSpace objects, 1(20KB) LOS objects, 36% free, 27MB/43MB, paused 298us total 61.170ms
08-04 00:51:38.103  7769  7780 I art     : Starting a blocking GC Explicit
08-04 00:51:38.147  7769  7780 I art     : Explicit concurrent mark sweep GC freed 20(704B) AllocSpace objects, 0(0B) LOS objects, 36% free, 27MB/43MB, paused 262us total 43.726ms
08-04 00:51:38.162  7769  7780 I art     : Starting a blocking GC Explicit
08-04 00:51:38.206  7769  7780 I art     : Explicit concurrent mark sweep GC freed 3(96B) AllocSpace objects, 0(0B) LOS objects, 36% free, 27MB/43MB, paused 260us total 43.440ms
08-04 00:51:38.221  7769  7780 I art     : Starting a blocking GC Explicit
08-04 00:51:38.265  7769  7780 I art     : Explicit concurrent mark sweep GC freed 3(96B) AllocSpace objects, 0(0B) LOS objects, 36% free, 27MB/43MB, paused 258us total 44.291ms
08-04 00:51:38.281  7769  7780 I art     : Starting a blocking GC Explicit
08-04 00:51:38.326  7769  7780 I art     : Explicit concurrent mark sweep GC freed 3(96B) AllocSpace objects, 0(0B) LOS objects, 36% free, 27MB/43MB, paused 262us total 45.195ms
08-04 00:51:38.327  7769  7779 I art     : WaitForGcToComplete blocked for 5.168ms for cause HeapTrim
08-04 00:51:38.642  7769  8103 I art     : Starting a blocking GC Explicit
08-04 00:51:38.706  7769  8103 I art     : Explicit concurrent mark sweep GC freed 1344(79KB) AllocSpace objects, 1(20KB) LOS objects, 36% free, 27MB/43MB, paused 336us total 63.693ms
08-04 00:51:38.723  7769  8103 I art     : Starting a blocking GC Explicit
08-04 00:51:38.770  7769  8103 I art     : Explicit concurrent mark sweep GC freed 20(704B) AllocSpace objects, 0(0B) LOS objects, 36% free, 27MB/43MB, paused 274us total 45.818ms
08-04 00:51:38.785  7769  8103 I art     : Starting a blocking GC Explicit
08-04 00:51:38.830  7769  8103 I art     : Explicit concurrent mark sweep GC freed 3(96B) AllocSpace objects, 0(0B) LOS objects, 36% free, 27MB/43MB, paused 271us total 44.909ms
08-04 00:51:38.846  7769  8103 I art     : Starting a blocking GC Explicit
08-04 00:51:38.890  7769  8103 I art     : Explicit concurrent mark sweep GC freed 3(96B) AllocSpace objects, 0(0B) LOS objects, 36% free, 27MB/43MB, paused 260us total 44.474ms
08-04 00:51:38.906  7769  8103 I art     : Starting a blocking GC Explicit
08-04 00:51:38.951  7769  8103 I art     : Explicit concurrent mark sweep GC freed 3(96B) AllocSpace objects, 0(0B) LOS objects, 36% free, 27MB/43MB, paused 271us total 45.491ms
08-04 00:51:39.272  7769  7797 I art     : Starting a blocking GC Explicit
08-04 00:51:39.332  7769  7797 I art     : Explicit concurrent mark sweep GC freed 1347(79KB) AllocSpace objects, 1(20KB) LOS objects, 36% free, 27MB/43MB, paused 288us total 59.663ms
08-04 00:51:39.352  7769  7797 I art     : Starting a blocking GC Explicit
08-04 00:51:39.398  7769  7797 I art     : Explicit concurrent mark sweep GC freed 20(704B) AllocSpace objects, 0(0B) LOS objects, 36% free, 27MB/43MB, paused 257us total 45.687ms
08-04 00:51:39.413  7769  7797 I art     : Starting a blocking GC Explicit
08-04 00:51:39.458  7769  7797 I art     : Explicit concurrent mark sweep GC freed 3(96B) AllocSpace objects, 0(0B) LOS objects, 36% free, 27MB/43MB, paused 243us total 44.274ms
08-04 00:51:39.473  7769  7797 I art     : Starting a blocking GC Explicit
08-04 00:51:39.518  7769  7797 I art     : Explicit concurrent mark sweep GC freed 3(96B) AllocSpace objects, 0(0B) LOS objects, 36% free, 27MB/43MB, paused 248us total 44.751ms
08-04 00:51:39.534  7769  7797 I art     : Starting a blocking GC Explicit
08-04 00:51:39.576  7769  7797 I art     : Explicit concurrent mark sweep GC freed 3(96B) AllocSpace objects, 0(0B) LOS objects, 36% free, 27MB/43MB, paused 241us total 42.327ms
08-04 00:51:39.913  7769  7781 I art     : Starting a blocking GC Explicit
08-04 00:51:39.966  7769  7781 I art     : Explicit concurrent mark sweep GC freed 1344(78KB) AllocSpace objects, 1(20KB) LOS objects, 36% free, 27MB/43MB, paused 323us total 52.996ms
08-04 00:51:39.979  8566  8566 D AndroidRuntime: >>>>>> START com.android.internal.os.RuntimeInit uid 2000 <<<<<<
08-04 00:51:39.984  7769  7781 I art     : Starting a blocking GC Explicit
08-04 00:51:39.984  8566  8566 D AndroidRuntime: CheckJNI is OFF
08-04 00:51:40.019  8566  8566 D ICU     : No timezone override file found: /data/misc/zoneinfo/current/icu/icu_tzdata.dat
08-04 00:51:40.026  7769  7781 I art     : Explicit concurrent mark sweep GC freed 20(704B) AllocSpace objects, 0(0B) LOS objects, 36% free, 27MB/43MB, paused 268us total 42ms
08-04 00:51:40.041  7769  7781 I art     : Starting a blocking GC Explicit
08-04 00:51:40.054  8566  8566 I Radio-JNI: register_android_hardware_Radio DONE
08-04 00:51:40.075  8566  8566 D AndroidRuntime: Calling main entry com.android.commands.input.Input
08-04 00:51:40.077  8566  8566 I Input   : injectKeyEvent: KeyEvent { action=ACTION_DOWN, keyCode=KEYCODE_BACK, scanCode=0, metaState=0, flags=0x0, repeatCount=0, eventTime=665516490, downTime=665516490, deviceId=-1, source=0x101 }
08-04 00:51:40.082  7769  7781 I art     : Explicit concurrent mark sweep GC freed 3(96B) AllocSpace objects, 0(0B) LOS objects, 36% free, 27MB/43MB, paused 350us total 41.005ms
08-04 00:51:40.083  8566  8566 I Input   : injectKeyEvent: KeyEvent { action=ACTION_UP, keyCode=KEYCODE_BACK, scanCode=0, metaState=0, flags=0x0, repeatCount=0, eventTime=665516490, downTime=665516490, deviceId=-1, source=0x101 }
08-04 00:51:40.091  8566  8566 D AndroidRuntime: Shutting down VM
08-04 00:51:40.097  7769  7781 I art     : Starting a blocking GC Explicit
08-04 00:51:40.130 13866 13866 I GoogleInputMethodServic: GoogleInputMethodService.onFinishInput():3138 
08-04 00:51:40.131 13866 13866 I GoogleInputMethodServic: GoogleInputMethodService.onStartInput():1808 
08-04 00:51:40.138  7769  7781 I art     : Explicit concurrent mark sweep GC freed 140(5KB) AllocSpace objects, 0(0B) LOS objects, 36% free, 27MB/43MB, paused 486us total 40.474ms
08-04 00:51:40.153  7769  7781 I art     : Starting a blocking GC Explicit
08-04 00:51:40.193  7769  7781 I art     : Explicit concurrent mark sweep GC freed 109(3KB) AllocSpace objects, 0(0B) LOS objects, 36% free, 27MB/43MB, paused 244us total 39.276ms
08-04 00:51:40.315  7769  8491 I RedditChangeDataIO: Writing tmp data file at '/data/user/0/baseline.org.quantumbadger.redreader/files/rr_change_data_tmp.dat'
08-04 00:51:40.316  7769  8491 I RedditChangeDataManager: Taking snapshot...
08-04 00:51:40.317  7769  8491 I RedditChangeDataManager: Writing to stream...
08-04 00:51:40.317  7769  8491 I RedditChangeDataManager: Wrote 1 entries for user ''
08-04 00:51:40.317  7769  8491 I RedditChangeDataManager: All entries written to stream.
08-04 00:51:40.317  7769  8491 I RedditChangeDataIO: Write successful. Atomically replacing data file...
08-04 00:51:40.317  7769  8491 I RedditChangeDataIO: Write complete.
08-04 00:51:40.318  7769  8491 I RedditChangeDataIO: 38 bytes written in 3 ms
08-04 00:51:40.452   380   380 W SurfaceFlinger: couldn't log to binary event log: overflow.
08-04 00:51:40.474  7769  7797 I art     : Starting a blocking GC Explicit
08-04 00:51:40.516  7769  7797 I art     : Explicit concurrent mark sweep GC freed 1487(86KB) AllocSpace objects, 2(88KB) LOS objects, 36% free, 27MB/43MB, paused 256us total 41.908ms
08-04 00:51:40.531  7769  7797 I art     : Starting a blocking GC Explicit
08-04 00:51:40.565  7769  7797 I art     : Explicit concurrent mark sweep GC freed 46781(2MB) AllocSpace objects, 5(140KB) LOS objects, 39% free, 24MB/40MB, paused 242us total 33.714ms
08-04 00:51:40.578  7769  7797 I art     : Starting a blocking GC Explicit
08-04 00:51:40.608  7769  7797 I art     : Explicit concurrent mark sweep GC freed 3(96B) AllocSpace objects, 0(0B) LOS objects, 39% free, 24MB/40MB, paused 382us total 29.809ms
08-04 00:51:40.621  7769  7797 I art     : Starting a blocking GC Explicit
08-04 00:51:40.651  7769  7797 I art     : Explicit concurrent mark sweep GC freed 3(96B) AllocSpace objects, 0(0B) LOS objects, 39% free, 24MB/40MB, paused 256us total 29.863ms
08-04 00:51:40.664  7769  7797 I art     : Starting a blocking GC Explicit
08-04 00:51:40.694  7769  7797 I art     : Explicit concurrent mark sweep GC freed 3(96B) AllocSpace objects, 0(0B) LOS objects, 39% free, 24MB/40MB, paused 253us total 30.168ms
08-04 00:51:40.700   518   646 I ThermalEngine: ACTION: GPU - Setting GPU[0] to 600000000
08-04 00:51:40.964  7769  8103 I art     : Starting a blocking GC Explicit
08-04 00:51:40.992  7769  8103 I art     : Explicit concurrent mark sweep GC freed 1614(122KB) AllocSpace objects, 1(20KB) LOS objects, 39% free, 24MB/40MB, paused 190us total 27.530ms
08-04 00:51:41.003  7769  8103 I art     : Starting a blocking GC Explicit
08-04 00:51:41.025  7769  8103 I art     : Explicit concurrent mark sweep GC freed 85(2880B) AllocSpace objects, 0(0B) LOS objects, 39% free, 24MB/40MB, paused 167us total 22.433ms
08-04 00:51:41.035  7769  8103 I art     : Starting a blocking GC Explicit
08-04 00:51:41.059  7769  8103 I art     : Explicit concurrent mark sweep GC freed 3(96B) AllocSpace objects, 0(0B) LOS objects, 39% free, 24MB/40MB, paused 180us total 23.845ms
08-04 00:51:41.069  7769  8103 I art     : Starting a blocking GC Explicit
08-04 00:51:41.095  7769  8103 I art     : Explicit concurrent mark sweep GC freed 3(96B) AllocSpace objects, 0(0B) LOS objects, 39% free, 24MB/40MB, paused 159us total 25.691ms
08-04 00:51:41.106  7769  8103 I art     : Starting a blocking GC Explicit
08-04 00:51:41.130  7769  8103 I art     : Explicit concurrent mark sweep GC freed 3(96B) AllocSpace objects, 0(0B) LOS objects, 39% free, 24MB/40MB, paused 173us total 24.467ms
08-04 00:51:41.396  7769  7780 I art     : Starting a blocking GC Explicit
08-04 00:51:41.424  7769  7780 I art     : Explicit concurrent mark sweep GC freed 1343(78KB) AllocSpace objects, 1(20KB) LOS objects, 39% free, 24MB/40MB, paused 183us total 27.664ms
08-04 00:51:41.434  7769  7780 I art     : Starting a blocking GC Explicit
08-04 00:51:41.460  7769  7780 I art     : Explicit concurrent mark sweep GC freed 20(704B) AllocSpace objects, 0(0B) LOS objects, 39% free, 24MB/40MB, paused 166us total 25.062ms
08-04 00:51:41.470  7769  7780 I art     : Starting a blocking GC Explicit
08-04 00:51:41.494  7769  7780 I art     : Explicit concurrent mark sweep GC freed 3(96B) AllocSpace objects, 0(0B) LOS objects, 39% free, 24MB/40MB, paused 162us total 23.939ms
08-04 00:51:41.504  7769  7780 I art     : Starting a blocking GC Explicit
08-04 00:51:41.528  7769  7780 I art     : Explicit concurrent mark sweep GC freed 3(96B) AllocSpace objects, 0(0B) LOS objects, 39% free, 24MB/40MB, paused 169us total 23.672ms
08-04 00:51:41.537  7769  7780 I art     : Starting a blocking GC Explicit
08-04 00:51:41.561  7769  7780 I art     : Explicit concurrent mark sweep GC freed 3(96B) AllocSpace objects, 0(0B) LOS objects, 39% free, 24MB/40MB, paused 174us total 23.132ms
08-04 00:51:41.675  8619  8619 D AndroidRuntime: >>>>>> START com.android.internal.os.RuntimeInit uid 2000 <<<<<<
08-04 00:51:41.680  8619  8619 D AndroidRuntime: CheckJNI is OFF
08-04 00:51:41.711  8619  8619 D ICU     : No timezone override file found: /data/misc/zoneinfo/current/icu/icu_tzdata.dat
08-04 00:51:41.737  8619  8619 I Radio-JNI: register_android_hardware_Radio DONE
08-04 00:51:41.753  8619  8619 D AndroidRuntime: Calling main entry com.android.commands.input.Input
08-04 00:51:41.755  8619  8619 I Input   : injectMotionEvent: MotionEvent { action=ACTION_DOWN, actionButton=0, id[0]=0, x[0]=600.0, y[0]=950.0, toolType[0]=TOOL_TYPE_UNKNOWN, buttonState=0, metaState=0, flags=0x0, edgeFlags=0x0, pointerCount=1, historySize=0, eventTime=665518168, downTime=665518168, deviceId=0, source=0x1002 }
08-04 00:51:41.760  8619  8619 I Input   : injectMotionEvent: MotionEvent { action=ACTION_UP, actionButton=0, id[0]=0, x[0]=600.0, y[0]=950.0, toolType[0]=TOOL_TYPE_UNKNOWN, buttonState=0, metaState=0, flags=0x0, edgeFlags=0x0, pointerCount=1, historySize=0, eventTime=665518168, downTime=665518168, deviceId=0, source=0x1002 }
08-04 00:51:41.762  8619  8619 D AndroidRuntime: Shutting down VM
08-04 00:51:41.774   512  2967 D audio_hw_primary: out_set_parameters: enter: usecase(1: low-latency-playback) kvpairs: routing=2
08-04 00:51:41.775   918  5481 I ActivityManager: START u0 {dat=https://oauth.reddit.com/... cmp=baseline.org.quantumbadger.redreader/.activities.CommentListingActivity} from uid 10666 on display 0
08-04 00:51:41.787   512  2967 D audio_hw_primary: select_devices: out_snd_device(2: speaker) in_snd_device(0: none)
08-04 00:51:41.787   512  2967 D msm8974_platform: platform_send_audio_calibration: sending audio calibration for snd_device(2) acdb_id(15)
08-04 00:51:41.787   512  2967 I soundtrigger: audio_extn_sound_trigger_update_device_status: device 0x2 of type 0 for Event 1
08-04 00:51:41.793  7769  7769 I AppCompatViewInflater: app:theme is now deprecated. Please move to using android:theme instead.
08-04 00:51:41.797   512  2967 D audio_hw_primary: enable_snd_device: snd_device(2: speaker)
08-04 00:51:41.799   512  2967 D audio_hw_primary: enable_audio_route: apply and update mixer path: low-latency-playback speaker
08-04 00:51:41.804  7769  7781 I art     : Starting a blocking GC Explicit
08-04 00:51:41.807  7769  8648 D OK      : calling: https://oauth.reddit.com/comments/hwnhe2/.json?sort=confidence
08-04 00:51:41.831  7769  7781 I art     : Explicit concurrent mark sweep GC freed 3412(192KB) AllocSpace objects, 1(20KB) LOS objects, 39% free, 25MB/41MB, paused 233us total 26.814ms
08-04 00:51:41.841  7769  7781 I art     : Starting a blocking GC Explicit
08-04 00:51:41.865   918   936 I ActivityManager: Displayed baseline.org.quantumbadger.redreader/.activities.CommentListingActivity: +83ms
08-04 00:51:41.865  7769  7781 I art     : Explicit concurrent mark sweep GC freed 915(35KB) AllocSpace objects, 0(0B) LOS objects, 38% free, 25MB/41MB, paused 250us total 23.666ms
08-04 00:51:41.865 13866 13866 I GoogleInputMethodServic: GoogleInputMethodService.onFinishInput():3138 
08-04 00:51:41.865 13866 13866 I GoogleInputMethodServic: GoogleInputMethodService.onStartInput():1808 
08-04 00:51:41.877  7769  7781 I art     : Starting a blocking GC Explicit
08-04 00:51:41.901  7769  7781 I art     : Explicit concurrent mark sweep GC freed 251(13KB) AllocSpace objects, 0(0B) LOS objects, 38% free, 25MB/41MB, paused 226us total 24.201ms
08-04 00:51:41.911  7769  7781 I art     : Starting a blocking GC Explicit
08-04 00:51:41.934  7769  7781 I art     : Explicit concurrent mark sweep GC freed 14(1472B) AllocSpace objects, 0(0B) LOS objects, 38% free, 25MB/41MB, paused 209us total 22.836ms
08-04 00:51:41.944  7769  7781 I art     : Starting a blocking GC Explicit
08-04 00:51:41.967  7769  7781 I art     : Explicit concurrent mark sweep GC freed 3(96B) AllocSpace objects, 0(0B) LOS objects, 38% free, 25MB/41MB, paused 231us total 23.035ms
08-04 00:51:42.121   380   380 W SurfaceFlinger: couldn't log to binary event log: overflow.
08-04 00:51:42.146  7769  8648 I NAPPA_EXPERIMENTATION: MetricNetworkRequestExecutionTime: REQUEST_DURATION_SYSTEM='339',REQUEST_DURATION_OKHTTP='145',REQUEST_SYNCHRONOUS='TRUE',RESPONSE_CODE='200',RESPONSE_METHOD='GET',RESPONSE_LENGTH_OKHTTP='-1',RESPONSE_LENGTH_HEADER='3930',REQUEST_PROTOCOL='h2',REQUEST_URL='https://oauth.reddit.com/comments/hwnhe2/.json?sort=confidence',
08-04 00:51:42.147  7769  8648 D OK      : request got status: 200
08-04 00:51:42.152  7769  8381 I CommentListingActivity: COMMENTS session changed to 4b093bfb-35f1-45ec-b472-c2b23bfea104
08-04 00:51:42.196  7769  7797 I art     : Starting a blocking GC Explicit
08-04 00:51:42.221  7769  7797 I art     : Explicit concurrent mark sweep GC freed 7846(549KB) AllocSpace objects, 5(188KB) LOS objects, 38% free, 25MB/41MB, paused 206us total 25.135ms
08-04 00:51:42.232  7769  7797 I art     : Starting a blocking GC Explicit
08-04 00:51:42.256  7769  7797 I art     : Explicit concurrent mark sweep GC freed 276(10KB) AllocSpace objects, 0(0B) LOS objects, 38% free, 25MB/41MB, paused 213us total 23.844ms
08-04 00:51:42.269  7769  7797 I art     : Starting a blocking GC Explicit
08-04 00:51:42.296  7769  7797 I art     : Explicit concurrent mark sweep GC freed 16(528B) AllocSpace objects, 0(0B) LOS objects, 38% free, 25MB/41MB, paused 203us total 26.503ms
08-04 00:51:42.306  7769  7797 I art     : Starting a blocking GC Explicit
08-04 00:51:42.329  7769  7797 I art     : Explicit concurrent mark sweep GC freed 3(96B) AllocSpace objects, 0(0B) LOS objects, 38% free, 25MB/41MB, paused 161us total 23.002ms
08-04 00:51:42.340  7769  7797 I art     : Starting a blocking GC Explicit
08-04 00:51:42.349   512  2967 D audio_hw_primary: disable_audio_route: reset and update mixer path: low-latency-playback speaker
08-04 00:51:42.350   512  2967 D audio_hw_primary: disable_snd_device: snd_device(2: speaker)
08-04 00:51:42.359   512  2967 I soundtrigger: audio_extn_sound_trigger_update_device_status: device 0x2 of type 0 for Event 0
08-04 00:51:42.363  7769  7797 I art     : Explicit concurrent mark sweep GC freed 3(96B) AllocSpace objects, 0(0B) LOS objects, 38% free, 25MB/41MB, paused 159us total 23.146ms
08-04 00:51:42.638  7769  7781 I art     : Starting a blocking GC Explicit
08-04 00:51:42.678  7769  7781 I art     : Explicit concurrent mark sweep GC freed 1343(79KB) AllocSpace objects, 1(20KB) LOS objects, 38% free, 25MB/41MB, paused 865us total 39.791ms
08-04 00:51:42.690  7769  7781 I art     : Starting a blocking GC Explicit
08-04 00:51:42.706   518   646 I ThermalEngine: ACTION: GPU - Setting GPU[0] to 510000000
08-04 00:51:42.721  7769  7781 I art     : Explicit concurrent mark sweep GC freed 20(704B) AllocSpace objects, 0(0B) LOS objects, 38% free, 25MB/41MB, paused 282us total 30.495ms
08-04 00:51:42.735  7769  7781 I art     : Starting a blocking GC Explicit
08-04 00:51:42.765  7769  7781 I art     : Explicit concurrent mark sweep GC freed 3(96B) AllocSpace objects, 0(0B) LOS objects, 38% free, 25MB/41MB, paused 230us total 29.639ms
08-04 00:51:42.778  7769  7781 I art     : Starting a blocking GC Explicit
08-04 00:51:42.809  7769  7781 I art     : Explicit concurrent mark sweep GC freed 3(96B) AllocSpace objects, 0(0B) LOS objects, 38% free, 25MB/41MB, paused 226us total 29.974ms
08-04 00:51:42.822  7769  7781 I art     : Starting a blocking GC Explicit
08-04 00:51:42.852  7769  7781 I art     : Explicit concurrent mark sweep GC freed 49(1920B) AllocSpace objects, 0(0B) LOS objects, 38% free, 25MB/41MB, paused 229us total 30.473ms
08-04 00:51:43.144  7769  7797 I art     : Starting a blocking GC Explicit
08-04 00:51:43.188  7769  7797 I art     : Explicit concurrent mark sweep GC freed 1343(79KB) AllocSpace objects, 1(20KB) LOS objects, 38% free, 25MB/41MB, paused 515us total 43.438ms
08-04 00:51:43.202  7769  7797 I art     : Starting a blocking GC Explicit
08-04 00:51:43.235  7769  7797 I art     : Explicit concurrent mark sweep GC freed 20(704B) AllocSpace objects, 0(0B) LOS objects, 38% free, 25MB/41MB, paused 258us total 33.226ms
08-04 00:51:43.249  7769  7797 I art     : Starting a blocking GC Explicit
08-04 00:51:43.282  7769  7797 I art     : Explicit concurrent mark sweep GC freed 3(96B) AllocSpace objects, 0(0B) LOS objects, 38% free, 25MB/41MB, paused 266us total 32.647ms
08-04 00:51:43.296  7769  7797 I art     : Starting a blocking GC Explicit
08-04 00:51:43.329  7769  7797 I art     : Explicit concurrent mark sweep GC freed 3(96B) AllocSpace objects, 0(0B) LOS objects, 38% free, 25MB/41MB, paused 303us total 32.717ms
08-04 00:51:43.343  7769  7797 I art     : Starting a blocking GC Explicit
08-04 00:51:43.376  7769  7797 I art     : Explicit concurrent mark sweep GC freed 3(96B) AllocSpace objects, 0(0B) LOS objects, 38% free, 25MB/41MB, paused 260us total 33.210ms
08-04 00:51:43.684  7769  7780 I art     : Starting a blocking GC Explicit
08-04 00:51:43.723  7769  7780 I art     : Explicit concurrent mark sweep GC freed 1343(79KB) AllocSpace objects, 1(20KB) LOS objects, 38% free, 25MB/41MB, paused 270us total 39.393ms
08-04 00:51:43.724  7769  7779 I art     : WaitForGcToComplete blocked for 18.289ms for cause HeapTrim
08-04 00:51:43.741  7769  7780 I art     : Starting a blocking GC Explicit
08-04 00:51:43.774  7769  7780 I art     : Explicit concurrent mark sweep GC freed 20(704B) AllocSpace objects, 0(0B) LOS objects, 38% free, 25MB/41MB, paused 258us total 33.487ms
08-04 00:51:43.788  7769  7780 I art     : Starting a blocking GC Explicit
08-04 00:51:43.822  7769  7780 I art     : Explicit concurrent mark sweep GC freed 3(96B) AllocSpace objects, 0(0B) LOS objects, 38% free, 25MB/41MB, paused 252us total 33.353ms
08-04 00:51:43.836  7769  7780 I art     : Starting a blocking GC Explicit
08-04 00:51:43.869  7769  7780 I art     : Explicit concurrent mark sweep GC freed 3(96B) AllocSpace objects, 0(0B) LOS objects, 38% free, 25MB/41MB, paused 258us total 32.911ms
08-04 00:51:43.883  7769  7780 I art     : Starting a blocking GC Explicit
08-04 00:51:43.917  7769  7780 I art     : Explicit concurrent mark sweep GC freed 3(96B) AllocSpace objects, 0(0B) LOS objects, 38% free, 25MB/41MB, paused 326us total 33.671ms
08-04 00:51:44.222  7769  8103 I art     : Starting a blocking GC Explicit
08-04 00:51:44.261  7769  8103 I art     : Explicit concurrent mark sweep GC freed 1343(79KB) AllocSpace objects, 1(20KB) LOS objects, 38% free, 25MB/41MB, paused 283us total 39.127ms
08-04 00:51:44.277  7769  8103 I art     : Starting a blocking GC Explicit
08-04 00:51:44.311  7769  8103 I art     : Explicit concurrent mark sweep GC freed 20(704B) AllocSpace objects, 0(0B) LOS objects, 38% free, 25MB/41MB, paused 263us total 33.316ms
08-04 00:51:44.324  7769  8103 I art     : Starting a blocking GC Explicit
08-04 00:51:44.332  4731  4731 I ServiceManager: Waiting for service AtCmdFwd...
08-04 00:51:44.358  7769  8103 I art     : Explicit concurrent mark sweep GC freed 3(96B) AllocSpace objects, 0(0B) LOS objects, 38% free, 25MB/41MB, paused 262us total 33.479ms
08-04 00:51:44.372  7769  8103 I art     : Starting a blocking GC Explicit
08-04 00:51:44.406  7769  8103 I art     : Explicit concurrent mark sweep GC freed 3(96B) AllocSpace objects, 0(0B) LOS objects, 38% free, 25MB/41MB, paused 260us total 33.547ms
08-04 00:51:44.420  7769  8103 I art     : Starting a blocking GC Explicit
08-04 00:51:44.453  7769  8103 I art     : Explicit concurrent mark sweep GC freed 3(96B) AllocSpace objects, 0(0B) LOS objects, 38% free, 25MB/41MB, paused 267us total 32.876ms
08-04 00:51:44.772  7769  7781 I art     : Starting a blocking GC Explicit
08-04 00:51:44.815  7769  7781 I art     : Explicit concurrent mark sweep GC freed 1344(79KB) AllocSpace objects, 1(20KB) LOS objects, 38% free, 25MB/41MB, paused 280us total 42.918ms
08-04 00:51:44.832  7769  7781 I art     : Starting a blocking GC Explicit
08-04 00:51:44.865  7769  7781 I art     : Explicit concurrent mark sweep GC freed 20(704B) AllocSpace objects, 0(0B) LOS objects, 38% free, 25MB/41MB, paused 267us total 33.501ms
08-04 00:51:44.879  7769  7781 I art     : Starting a blocking GC Explicit
08-04 00:51:44.912  7769  7781 I art     : Explicit concurrent mark sweep GC freed 3(96B) AllocSpace objects, 0(0B) LOS objects, 38% free, 25MB/41MB, paused 255us total 32.410ms
08-04 00:51:44.925  7769  7781 I art     : Starting a blocking GC Explicit
08-04 00:51:44.958  7769  7781 I art     : Explicit concurrent mark sweep GC freed 3(96B) AllocSpace objects, 0(0B) LOS objects, 38% free, 25MB/41MB, paused 253us total 32.501ms
08-04 00:51:44.972  7769  7781 I art     : Starting a blocking GC Explicit
08-04 00:51:45.006  7769  7781 I art     : Explicit concurrent mark sweep GC freed 3(96B) AllocSpace objects, 0(0B) LOS objects, 38% free, 25MB/41MB, paused 260us total 33.206ms
08-04 00:51:45.333  4731  4731 I ServiceManager: Waiting for service AtCmdFwd...
08-04 00:51:45.347  7769  7797 I art     : Starting a blocking GC Explicit
08-04 00:51:45.390  7769  7797 I art     : Explicit concurrent mark sweep GC freed 1347(79KB) AllocSpace objects, 1(20KB) LOS objects, 38% free, 25MB/41MB, paused 278us total 42.274ms
08-04 00:51:45.407  7769  7797 I art     : Starting a blocking GC Explicit
08-04 00:51:45.440  7769  7797 I art     : Explicit concurrent mark sweep GC freed 20(704B) AllocSpace objects, 0(0B) LOS objects, 38% free, 25MB/41MB, paused 245us total 33.096ms
08-04 00:51:45.454  7769  7797 I art     : Starting a blocking GC Explicit
08-04 00:51:45.487  7769  7797 I art     : Explicit concurrent mark sweep GC freed 3(96B) AllocSpace objects, 0(0B) LOS objects, 38% free, 25MB/41MB, paused 260us total 33.326ms
08-04 00:51:45.501  7769  7797 I art     : Starting a blocking GC Explicit
08-04 00:51:45.535  7769  7797 I art     : Explicit concurrent mark sweep GC freed 3(96B) AllocSpace objects, 0(0B) LOS objects, 38% free, 25MB/41MB, paused 256us total 33.416ms
08-04 00:51:45.549  7769  7797 I art     : Starting a blocking GC Explicit
08-04 00:51:45.582  7769  7797 I art     : Explicit concurrent mark sweep GC freed 3(96B) AllocSpace objects, 0(0B) LOS objects, 38% free, 25MB/41MB, paused 255us total 33.589ms
08-04 00:51:45.905  7769  7780 I art     : Starting a blocking GC Explicit
08-04 00:51:45.949  7769  7780 I art     : Explicit concurrent mark sweep GC freed 1344(79KB) AllocSpace objects, 1(20KB) LOS objects, 38% free, 25MB/41MB, paused 280us total 44.166ms
08-04 00:51:45.966  7769  7780 I art     : Starting a blocking GC Explicit
08-04 00:51:45.999  7769  7780 I art     : Explicit concurrent mark sweep GC freed 20(704B) AllocSpace objects, 0(0B) LOS objects, 38% free, 25MB/41MB, paused 240us total 33.006ms
08-04 00:51:46.013  7769  7780 I art     : Starting a blocking GC Explicit
08-04 00:51:46.045  7769  7780 I art     : Explicit concurrent mark sweep GC freed 3(96B) AllocSpace objects, 0(0B) LOS objects, 38% free, 25MB/41MB, paused 245us total 31.741ms
08-04 00:51:46.058  7769  7780 I art     : Starting a blocking GC Explicit
08-04 00:51:46.089  7769  7780 I art     : Explicit concurrent mark sweep GC freed 3(96B) AllocSpace objects, 0(0B) LOS objects, 38% free, 25MB/41MB, paused 250us total 30.817ms
08-04 00:51:46.102  7769  7780 I art     : Starting a blocking GC Explicit
08-04 00:51:46.133  7769  7780 I art     : Explicit concurrent mark sweep GC freed 3(96B) AllocSpace objects, 0(0B) LOS objects, 38% free, 25MB/41MB, paused 250us total 30.756ms
08-04 00:51:46.334  4731  4731 I ServiceManager: Waiting for service AtCmdFwd...
08-04 00:51:46.418  7769  8103 I art     : Starting a blocking GC Explicit
08-04 00:51:46.425  8731  8731 D AndroidRuntime: >>>>>> START com.android.internal.os.RuntimeInit uid 2000 <<<<<<
08-04 00:51:46.430  8731  8731 D AndroidRuntime: CheckJNI is OFF
08-04 00:51:46.451  7769  8103 I art     : Explicit concurrent mark sweep GC freed 1343(79KB) AllocSpace objects, 1(20KB) LOS objects, 38% free, 25MB/41MB, paused 267us total 32.811ms
08-04 00:51:46.465  7769  8103 I art     : Starting a blocking GC Explicit
08-04 00:51:46.469  8731  8731 D ICU     : No timezone override file found: /data/misc/zoneinfo/current/icu/icu_tzdata.dat
08-04 00:51:46.497  7769  8103 I art     : Explicit concurrent mark sweep GC freed 20(704B) AllocSpace objects, 0(0B) LOS objects, 38% free, 25MB/41MB, paused 404us total 32.080ms
08-04 00:51:46.505  8731  8731 I Radio-JNI: register_android_hardware_Radio DONE
08-04 00:51:46.510  7769  8103 I art     : Starting a blocking GC Explicit
08-04 00:51:46.528  8731  8731 D AndroidRuntime: Calling main entry com.android.commands.input.Input
08-04 00:51:46.529  8731  8731 I Input   : injectKeyEvent: KeyEvent { action=ACTION_DOWN, keyCode=KEYCODE_BACK, scanCode=0, metaState=0, flags=0x0, repeatCount=0, eventTime=665522943, downTime=665522943, deviceId=-1, source=0x101 }
08-04 00:51:46.536  8731  8731 I Input   : injectKeyEvent: KeyEvent { action=ACTION_UP, keyCode=KEYCODE_BACK, scanCode=0, metaState=0, flags=0x0, repeatCount=0, eventTime=665522943, downTime=665522943, deviceId=-1, source=0x101 }
08-04 00:51:46.541  7769  8103 I art     : Explicit concurrent mark sweep GC freed 5(208B) AllocSpace objects, 0(0B) LOS objects, 38% free, 25MB/41MB, paused 301us total 30.775ms
08-04 00:51:46.542  8731  8731 D AndroidRuntime: Shutting down VM
08-04 00:51:46.554  7769  8103 I art     : Starting a blocking GC Explicit
08-04 00:51:46.582  7769  8103 I art     : Explicit concurrent mark sweep GC freed 129(4KB) AllocSpace objects, 0(0B) LOS objects, 38% free, 25MB/41MB, paused 278us total 27.678ms
08-04 00:51:46.583 13866 13866 I GoogleInputMethodServic: GoogleInputMethodService.onFinishInput():3138 
08-04 00:51:46.584 13866 13866 I GoogleInputMethodServic: GoogleInputMethodService.onStartInput():1808 
08-04 00:51:46.595  7769  8103 I art     : Starting a blocking GC Explicit
08-04 00:51:46.626  7769  8103 I art     : Explicit concurrent mark sweep GC freed 116(4KB) AllocSpace objects, 0(0B) LOS objects, 38% free, 25MB/41MB, paused 330us total 30.785ms
08-04 00:51:46.713   518   646 I ThermalEngine: ACTION: GPU - Setting GPU[0] to 600000000
08-04 00:51:46.783  7769  8647 I RedditChangeDataIO: Writing tmp data file at '/data/user/0/baseline.org.quantumbadger.redreader/files/rr_change_data_tmp.dat'
08-04 00:51:46.783  7769  8647 I RedditChangeDataManager: Taking snapshot...
08-04 00:51:46.783  7769  8647 I RedditChangeDataManager: Writing to stream...
08-04 00:51:46.783  7769  8647 I RedditChangeDataManager: Wrote 2 entries for user ''
08-04 00:51:46.783  7769  8647 I RedditChangeDataManager: All entries written to stream.
08-04 00:51:46.784  7769  8647 I RedditChangeDataIO: Write successful. Atomically replacing data file...
08-04 00:51:46.784  7769  8647 I RedditChangeDataIO: Write complete.
08-04 00:51:46.784  7769  8647 I RedditChangeDataIO: 62 bytes written in 1 ms
08-04 00:51:46.867  7769  7781 I art     : Starting a blocking GC Explicit
08-04 00:51:46.892   380   380 W SurfaceFlinger: couldn't log to binary event log: overflow.
08-04 00:51:46.898  7769  7781 I art     : Explicit concurrent mark sweep GC freed 1453(85KB) AllocSpace objects, 2(88KB) LOS objects, 38% free, 25MB/41MB, paused 301us total 30.129ms
08-04 00:51:46.911  7769  7781 I art     : Starting a blocking GC Explicit
08-04 00:51:46.934  7769  7781 I art     : Explicit concurrent mark sweep GC freed 47(1984B) AllocSpace objects, 0(0B) LOS objects, 38% free, 25MB/41MB, paused 198us total 22.586ms
08-04 00:51:46.944  7769  7781 I art     : Starting a blocking GC Explicit
08-04 00:51:46.968  7769  7781 I art     : Explicit concurrent mark sweep GC freed 3837(310KB) AllocSpace objects, 5(140KB) LOS objects, 39% free, 24MB/40MB, paused 196us total 23.753ms
08-04 00:51:46.977  7769  7781 I art     : Starting a blocking GC Explicit
08-04 00:51:47.001  7769  7781 I art     : Explicit concurrent mark sweep GC freed 3(96B) AllocSpace objects, 0(0B) LOS objects, 39% free, 24MB/40MB, paused 210us total 23.146ms
08-04 00:51:47.011  7769  7781 I art     : Starting a blocking GC Explicit
08-04 00:51:47.036  7769  7781 I art     : Explicit concurrent mark sweep GC freed 3(96B) AllocSpace objects, 0(0B) LOS objects, 39% free, 24MB/40MB, paused 187us total 24.638ms
08-04 00:51:47.317  7769  7797 I art     : Starting a blocking GC Explicit
08-04 00:51:47.334  4731  4731 I ServiceManager: Waiting for service AtCmdFwd...
08-04 00:51:47.355  7769  7797 I art     : Explicit concurrent mark sweep GC freed 1578(115KB) AllocSpace objects, 1(20KB) LOS objects, 39% free, 24MB/40MB, paused 212us total 37.329ms
08-04 00:51:47.372  7769  7797 I art     : Starting a blocking GC Explicit
08-04 00:51:47.395  7769  7797 I art     : Explicit concurrent mark sweep GC freed 85(2880B) AllocSpace objects, 0(0B) LOS objects, 39% free, 24MB/40MB, paused 152us total 22.450ms
08-04 00:51:47.404  7769  7797 I art     : Starting a blocking GC Explicit
08-04 00:51:47.408 24365 23406 I NetworkScheduler.Stats: Task com.google.android.apps.gcs/ started execution. cause:4 exec_start_elapsed_seconds: 1648911 [CONTEXT service_id=218 ]
08-04 00:51:47.409  7799  8784 W Gcs.WfaEliRefreshTask: [22982] afk.b: NULL eligibility response.
08-04 00:51:47.411 24365 25567 I NetworkScheduler.Stats: Task com.google.android.apps.gcs/ finished executing. cause:4 result: 3 elapsed_millis: 8 uptime_millis: 7 exec_start_elapsed_seconds: 1648911 [CONTEXT service_id=218 ]
08-04 00:51:47.417 24365 25567 I NetworkScheduler.Stats: Task com.google.android.gms/com.google.android.gms.icing.service.IcingGcmTaskService started execution. cause:4 exec_start_elapsed_seconds: 1648911 [CONTEXT service_id=218 ]
08-04 00:51:47.424  7769  7797 I art     : Explicit concurrent mark sweep GC freed 3(96B) AllocSpace objects, 0(0B) LOS objects, 39% free, 24MB/40MB, paused 156us total 19.684ms
08-04 00:51:47.432 24365 23406 I NetworkScheduler.Stats: Task com.google.android.gms/com.google.android.gms.icing.service.IcingGcmTaskService finished executing. cause:4 result: 1 elapsed_millis: 45 uptime_millis: 45 exec_start_elapsed_seconds: 1648911 [CONTEXT service_id=218 ]
08-04 00:51:47.434  7769  7797 I art     : Starting a blocking GC Explicit
08-04 00:51:47.454  7769  7797 I art     : Explicit concurrent mark sweep GC freed 3(96B) AllocSpace objects, 0(0B) LOS objects, 39% free, 24MB/40MB, paused 193us total 20.371ms
08-04 00:51:47.464  7769  7797 I art     : Starting a blocking GC Explicit
08-04 00:51:47.485  7769  7797 I art     : Explicit concurrent mark sweep GC freed 3(96B) AllocSpace objects, 0(0B) LOS objects, 39% free, 24MB/40MB, paused 159us total 20.825ms
08-04 00:51:47.717   518   646 I ThermalEngine: ACTION: GPU - Setting GPU[0] to 510000000
08-04 00:51:47.751  7769  8103 I art     : Starting a blocking GC Explicit
08-04 00:51:47.779  7769  8103 I art     : Explicit concurrent mark sweep GC freed 1349(79KB) AllocSpace objects, 1(20KB) LOS objects, 39% free, 24MB/40MB, paused 229us total 27.570ms
08-04 00:51:47.791  7769  8103 I art     : Starting a blocking GC Explicit
08-04 00:51:47.818  7769  8103 I art     : Explicit concurrent mark sweep GC freed 23(816B) AllocSpace objects, 0(0B) LOS objects, 39% free, 24MB/40MB, paused 230us total 26.226ms
08-04 00:51:47.830  7769  8103 I art     : Starting a blocking GC Explicit
08-04 00:51:47.857  7769  8103 I art     : Explicit concurrent mark sweep GC freed 3(96B) AllocSpace objects, 0(0B) LOS objects, 39% free, 24MB/40MB, paused 223us total 27.332ms
08-04 00:51:47.870  7769  8103 I art     : Starting a blocking GC Explicit
08-04 00:51:47.897  7769  8103 I art     : Explicit concurrent mark sweep GC freed 3(96B) AllocSpace objects, 0(0B) LOS objects, 39% free, 24MB/40MB, paused 274us total 26.999ms
08-04 00:51:47.909  7769  8103 I art     : Starting a blocking GC Explicit
08-04 00:51:47.936  7769  8103 I art     : Explicit concurrent mark sweep GC freed 3(96B) AllocSpace objects, 0(0B) LOS objects, 39% free, 24MB/40MB, paused 221us total 27.061ms
08-04 00:51:48.177  8795  8795 D AndroidRuntime: >>>>>> START com.android.internal.os.RuntimeInit uid 2000 <<<<<<
08-04 00:51:48.182  8795  8795 D AndroidRuntime: CheckJNI is OFF
08-04 00:51:48.191  7769  7780 I art     : Starting a blocking GC Explicit
08-04 00:51:48.219  8795  8795 D ICU     : No timezone override file found: /data/misc/zoneinfo/current/icu/icu_tzdata.dat
08-04 00:51:48.222  7769  7780 I art     : Explicit concurrent mark sweep GC freed 1343(79KB) AllocSpace objects, 1(20KB) LOS objects, 39% free, 24MB/40MB, paused 228us total 30.814ms
08-04 00:51:48.235  7769  7780 I art     : Starting a blocking GC Explicit
08-04 00:51:48.255  8795  8795 I Radio-JNI: register_android_hardware_Radio DONE
08-04 00:51:48.266  7769  7780 I art     : Explicit concurrent mark sweep GC freed 20(704B) AllocSpace objects, 0(0B) LOS objects, 39% free, 24MB/40MB, paused 228us total 30.044ms
08-04 00:51:48.278  8795  8795 D AndroidRuntime: Calling main entry com.android.commands.input.Input
08-04 00:51:48.278  7769  7780 I art     : Starting a blocking GC Explicit
08-04 00:51:48.280  8795  8795 I Input   : injectMotionEvent: MotionEvent { action=ACTION_DOWN, actionButton=0, id[0]=0, x[0]=600.0, y[0]=1200.0, toolType[0]=TOOL_TYPE_UNKNOWN, buttonState=0, metaState=0, flags=0x0, edgeFlags=0x0, pointerCount=1, historySize=0, eventTime=665524692, downTime=665524692, deviceId=0, source=0x1002 }
08-04 00:51:48.286  8795  8795 I Input   : injectMotionEvent: MotionEvent { action=ACTION_UP, actionButton=0, id[0]=0, x[0]=600.0, y[0]=1200.0, toolType[0]=TOOL_TYPE_UNKNOWN, buttonState=0, metaState=0, flags=0x0, edgeFlags=0x0, pointerCount=1, historySize=0, eventTime=665524692, downTime=665524692, deviceId=0, source=0x1002 }
08-04 00:51:48.287  8795  8795 D AndroidRuntime: Shutting down VM
08-04 00:51:48.300   512  2967 D audio_hw_primary: out_set_parameters: enter: usecase(1: low-latency-playback) kvpairs: routing=2
08-04 00:51:48.303   918  3670 I ActivityManager: START u0 {dat=https://oauth.reddit.com/... cmp=baseline.org.quantumbadger.redreader/.activities.CommentListingActivity} from uid 10666 on display 0
08-04 00:51:48.309  7769  7780 I art     : Explicit concurrent mark sweep GC freed 208(9KB) AllocSpace objects, 0(0B) LOS objects, 39% free, 24MB/40MB, paused 312us total 30.419ms
08-04 00:51:48.314   512  2967 D audio_hw_primary: select_devices: out_snd_device(2: speaker) in_snd_device(0: none)
08-04 00:51:48.314   512  2967 D msm8974_platform: platform_send_audio_calibration: sending audio calibration for snd_device(2) acdb_id(15)
08-04 00:51:48.314   512  2967 I soundtrigger: audio_extn_sound_trigger_update_device_status: device 0x2 of type 0 for Event 1
08-04 00:51:48.322  7769  7780 I art     : Starting a blocking GC Explicit
08-04 00:51:48.324   512  2967 D audio_hw_primary: enable_snd_device: snd_device(2: speaker)
08-04 00:51:48.326   512  2967 D audio_hw_primary: enable_audio_route: apply and update mixer path: low-latency-playback speaker
08-04 00:51:48.326  7769  7769 I AppCompatViewInflater: app:theme is now deprecated. Please move to using android:theme instead.
08-04 00:51:48.335  4731  4731 I ServiceManager: Waiting for service AtCmdFwd...
08-04 00:51:48.343  7769  8820 D OK      : calling: https://oauth.reddit.com/comments/hza888/.json?sort=confidence
08-04 00:51:48.353  7769  7780 I art     : Explicit concurrent mark sweep GC freed 1876(89KB) AllocSpace objects, 0(0B) LOS objects, 39% free, 24MB/40MB, paused 501us total 30.253ms
08-04 00:51:48.365  7769  7780 I art     : Starting a blocking GC Explicit
08-04 00:51:48.393  7769  7780 I art     : Explicit concurrent mark sweep GC freed 819(46KB) AllocSpace objects, 0(0B) LOS objects, 39% free, 24MB/40MB, paused 660us total 27.805ms
08-04 00:51:48.408   918   936 I ActivityManager: Displayed baseline.org.quantumbadger.redreader/.activities.CommentListingActivity: +97ms
08-04 00:51:48.409 13866 13866 I GoogleInputMethodServic: GoogleInputMethodService.onFinishInput():3138 
08-04 00:51:48.409 13866 13866 I GoogleInputMethodServic: GoogleInputMethodService.onStartInput():1808 
08-04 00:51:48.652   380   380 W SurfaceFlinger: couldn't log to binary event log: overflow.
08-04 00:51:48.654  7769  8103 I art     : Starting a blocking GC Explicit
08-04 00:51:48.682  7769  8820 I NAPPA_EXPERIMENTATION: MetricNetworkRequestExecutionTime: REQUEST_DURATION_SYSTEM='339',REQUEST_DURATION_OKHTTP='141',REQUEST_SYNCHRONOUS='TRUE',RESPONSE_CODE='200',RESPONSE_METHOD='GET',RESPONSE_LENGTH_OKHTTP='-1',RESPONSE_LENGTH_HEADER='21928',REQUEST_PROTOCOL='h2',REQUEST_URL='https://oauth.reddit.com/comments/hza888/.json?sort=confidence',
08-04 00:51:48.682  7769  8820 D OK      : request got status: 200
08-04 00:51:48.688  7769  8381 I CommentListingActivity: COMMENTS session changed to ad6e0f01-8817-471f-bff0-e1387a24f79a
08-04 00:51:48.689  7769  8103 I art     : Explicit concurrent mark sweep GC freed 4101(209KB) AllocSpace objects, 1(20KB) LOS objects, 38% free, 25MB/41MB, paused 293us total 34.292ms
08-04 00:51:48.701  7769  8103 I art     : Starting a blocking GC Explicit
08-04 00:51:48.732  7769  8103 I art     : Explicit concurrent mark sweep GC freed 2556(172KB) AllocSpace objects, 0(0B) LOS objects, 38% free, 25MB/41MB, paused 574us total 30.617ms
08-04 00:51:48.744  7769  8103 I art     : Starting a blocking GC Explicit
08-04 00:51:48.778  7769  8103 I art     : Explicit concurrent mark sweep GC freed 5654(329KB) AllocSpace objects, 0(0B) LOS objects, 37% free, 26MB/42MB, paused 512us total 32.871ms
08-04 00:51:48.791  7769  8103 I art     : Starting a blocking GC Explicit
08-04 00:51:48.826  7769  8103 I art     : Explicit concurrent mark sweep GC freed 4196(289KB) AllocSpace objects, 1(68KB) LOS objects, 37% free, 26MB/42MB, paused 267us total 35.136ms
08-04 00:51:48.840  7769  8103 I art     : Starting a blocking GC Explicit
08-04 00:51:48.868   512  2967 D audio_hw_primary: disable_audio_route: reset and update mixer path: low-latency-playback speaker
08-04 00:51:48.869   512  2967 D audio_hw_primary: disable_snd_device: snd_device(2: speaker)
08-04 00:51:48.877   512  2967 I soundtrigger: audio_extn_sound_trigger_update_device_status: device 0x2 of type 0 for Event 0
08-04 00:51:48.879  7769  8103 I art     : Explicit concurrent mark sweep GC freed 4590(218KB) AllocSpace objects, 1(68KB) LOS objects, 37% free, 26MB/42MB, paused 501us total 39.166ms
08-04 00:51:49.163  7769  7780 I art     : Starting a blocking GC Explicit
08-04 00:51:49.205  7769  7780 I art     : Explicit concurrent mark sweep GC freed 2166(118KB) AllocSpace objects, 1(20KB) LOS objects, 37% free, 26MB/42MB, paused 239us total 41.001ms
08-04 00:51:49.220  7769  7780 I art     : Starting a blocking GC Explicit
08-04 00:51:49.258  7769  7780 I art     : Explicit concurrent mark sweep GC freed 32(1216B) AllocSpace objects, 0(0B) LOS objects, 37% free, 26MB/42MB, paused 258us total 37.159ms
08-04 00:51:49.272  7769  7780 I art     : Starting a blocking GC Explicit
08-04 00:51:49.308  7769  7780 I art     : Explicit concurrent mark sweep GC freed 3(96B) AllocSpace objects, 0(0B) LOS objects, 37% free, 26MB/42MB, paused 274us total 35.627ms
08-04 00:51:49.322  7769  7780 I art     : Starting a blocking GC Explicit
08-04 00:51:49.335  4731  4731 W Atfwd_Sendcmd: AtCmdFwd service not published, waiting... retryCnt : 3
08-04 00:51:49.358  7769  7780 I art     : Explicit concurrent mark sweep GC freed 3(96B) AllocSpace objects, 0(0B) LOS objects, 37% free, 26MB/42MB, paused 270us total 35.863ms
08-04 00:51:49.372  7769  7780 I art     : Starting a blocking GC Explicit
08-04 00:51:49.408  7769  7780 I art     : Explicit concurrent mark sweep GC freed 3(96B) AllocSpace objects, 0(0B) LOS objects, 37% free, 26MB/42MB, paused 249us total 35.790ms
08-04 00:51:49.693  7769  7797 I art     : Starting a blocking GC Explicit
08-04 00:51:49.737  7769  7797 I art     : Explicit concurrent mark sweep GC freed 1389(82KB) AllocSpace objects, 1(20KB) LOS objects, 37% free, 26MB/42MB, paused 271us total 44.037ms
08-04 00:51:49.751  7769  7797 I art     : Starting a blocking GC Explicit
08-04 00:51:49.790  7769  7797 I art     : Explicit concurrent mark sweep GC freed 20(704B) AllocSpace objects, 0(0B) LOS objects, 37% free, 26MB/42MB, paused 260us total 38.536ms
08-04 00:51:49.804  7769  7797 I art     : Starting a blocking GC Explicit
08-04 00:51:49.841  7769  7797 I art     : Explicit concurrent mark sweep GC freed 3(96B) AllocSpace objects, 0(0B) LOS objects, 37% free, 26MB/42MB, paused 253us total 36.783ms
08-04 00:51:49.855  7769  7797 I art     : Starting a blocking GC Explicit
08-04 00:51:49.894  7769  7797 I art     : Explicit concurrent mark sweep GC freed 3(96B) AllocSpace objects, 0(0B) LOS objects, 37% free, 26MB/42MB, paused 255us total 38.543ms
08-04 00:51:49.908  7769  7797 I art     : Starting a blocking GC Explicit
08-04 00:51:49.947  7769  7797 I art     : Explicit concurrent mark sweep GC freed 3(96B) AllocSpace objects, 0(0B) LOS objects, 37% free, 26MB/42MB, paused 282us total 38.879ms
08-04 00:51:50.257  7769  7781 I art     : Starting a blocking GC Explicit
08-04 00:51:50.308  7769  7781 I art     : Explicit concurrent mark sweep GC freed 1343(80KB) AllocSpace objects, 1(20KB) LOS objects, 37% free, 26MB/42MB, paused 443us total 50.216ms
08-04 00:51:50.328  7769  7781 I art     : Starting a blocking GC Explicit
08-04 00:51:50.366  7769  7781 I art     : Explicit concurrent mark sweep GC freed 20(704B) AllocSpace objects, 0(0B) LOS objects, 37% free, 26MB/42MB, paused 262us total 37.860ms
08-04 00:51:50.380  7769  7781 I art     : Starting a blocking GC Explicit
08-04 00:51:50.419  7769  7781 I art     : Explicit concurrent mark sweep GC freed 3(96B) AllocSpace objects, 0(0B) LOS objects, 37% free, 26MB/42MB, paused 265us total 38.992ms
08-04 00:51:50.434  7769  7781 I art     : Starting a blocking GC Explicit
08-04 00:51:50.472  7769  7781 I art     : Explicit concurrent mark sweep GC freed 3(96B) AllocSpace objects, 0(0B) LOS objects, 37% free, 26MB/42MB, paused 270us total 38.491ms
08-04 00:51:50.487  7769  7781 I art     : Starting a blocking GC Explicit
08-04 00:51:50.525  7769  7781 I art     : Explicit concurrent mark sweep GC freed 3(96B) AllocSpace objects, 0(0B) LOS objects, 37% free, 26MB/42MB, paused 251us total 38.489ms
08-04 00:51:50.779  7769  8103 I art     : Starting a blocking GC Explicit
08-04 00:51:50.818  7769  8103 I art     : Explicit concurrent mark sweep GC freed 1343(80KB) AllocSpace objects, 1(20KB) LOS objects, 37% free, 26MB/42MB, paused 309us total 39.118ms
08-04 00:51:50.833  7769  8103 I art     : Starting a blocking GC Explicit
08-04 00:51:50.871  7769  8103 I art     : Explicit concurrent mark sweep GC freed 20(704B) AllocSpace objects, 0(0B) LOS objects, 37% free, 26MB/42MB, paused 273us total 37.260ms
08-04 00:51:50.884  7769  8103 I art     : Starting a blocking GC Explicit
08-04 00:51:50.921  7769  8103 I art     : Explicit concurrent mark sweep GC freed 3(96B) AllocSpace objects, 0(0B) LOS objects, 37% free, 26MB/42MB, paused 269us total 36.675ms
08-04 00:51:50.935  7769  8103 I art     : Starting a blocking GC Explicit
08-04 00:51:50.967  8873  8873 D AndroidRuntime: >>>>>> START com.android.internal.os.RuntimeInit uid 2000 <<<<<<
08-04 00:51:50.971  7769  8103 I art     : Explicit concurrent mark sweep GC freed 3(96B) AllocSpace objects, 0(0B) LOS objects, 37% free, 26MB/42MB, paused 264us total 36.377ms
08-04 00:51:50.972  8873  8873 D AndroidRuntime: CheckJNI is OFF
08-04 00:51:50.985  7769  8103 I art     : Starting a blocking GC Explicit
08-04 00:51:51.007  8873  8873 D ICU     : No timezone override file found: /data/misc/zoneinfo/current/icu/icu_tzdata.dat
08-04 00:51:51.021  7769  8103 I art     : Explicit concurrent mark sweep GC freed 3(96B) AllocSpace objects, 0(0B) LOS objects, 37% free, 26MB/42MB, paused 259us total 35.485ms
08-04 00:51:51.045  8873  8873 I Radio-JNI: register_android_hardware_Radio DONE
08-04 00:51:51.066  8873  8873 D AndroidRuntime: Calling main entry com.android.commands.input.Input
08-04 00:51:51.067  8873  8873 I Input   : injectKeyEvent: KeyEvent { action=ACTION_DOWN, keyCode=KEYCODE_BACK, scanCode=0, metaState=0, flags=0x0, repeatCount=0, eventTime=665527480, downTime=665527480, deviceId=-1, source=0x101 }
08-04 00:51:51.073  8873  8873 I Input   : injectKeyEvent: KeyEvent { action=ACTION_UP, keyCode=KEYCODE_BACK, scanCode=0, metaState=0, flags=0x0, repeatCount=0, eventTime=665527480, downTime=665527480, deviceId=-1, source=0x101 }
08-04 00:51:51.084  8873  8873 D AndroidRuntime: Shutting down VM
08-04 00:51:51.125 13866 13866 I GoogleInputMethodServic: GoogleInputMethodService.onFinishInput():3138 
08-04 00:51:51.125 13866 13866 I GoogleInputMethodServic: GoogleInputMethodService.onStartInput():1808 
08-04 00:51:51.265  7769  7797 I art     : Starting a blocking GC Explicit
08-04 00:51:51.313  7769  7797 I art     : Explicit concurrent mark sweep GC freed 1597(89KB) AllocSpace objects, 1(20KB) LOS objects, 37% free, 26MB/42MB, paused 272us total 48.525ms
08-04 00:51:51.333  7769  7797 I art     : Starting a blocking GC Explicit
08-04 00:51:51.378  7769  7797 I art     : Explicit concurrent mark sweep GC freed 24(864B) AllocSpace objects, 0(0B) LOS objects, 37% free, 26MB/42MB, paused 245us total 44.586ms
08-04 00:51:51.394  7769  7797 I art     : Starting a blocking GC Explicit
08-04 00:51:51.439  7769  7797 I art     : Explicit concurrent mark sweep GC freed 3(96B) AllocSpace objects, 0(0B) LOS objects, 37% free, 26MB/42MB, paused 281us total 45.033ms
08-04 00:51:51.447   380   380 W SurfaceFlinger: couldn't log to binary event log: overflow.
08-04 00:51:51.454  7769  7797 I art     : Starting a blocking GC Explicit
08-04 00:51:51.489  7769  7797 I art     : Explicit concurrent mark sweep GC freed 55(2064B) AllocSpace objects, 0(0B) LOS objects, 37% free, 26MB/42MB, paused 252us total 33.889ms
08-04 00:51:51.502  7769  7797 I art     : Starting a blocking GC Explicit
08-04 00:51:51.531  7769  7797 I art     : Explicit concurrent mark sweep GC freed 22976(1247KB) AllocSpace objects, 5(164KB) LOS objects, 39% free, 24MB/40MB, paused 221us total 29.454ms
08-04 00:51:51.813  7769  8103 I art     : Starting a blocking GC Explicit
08-04 00:51:51.850  7769  8103 I art     : Explicit concurrent mark sweep GC freed 1347(80KB) AllocSpace objects, 1(20KB) LOS objects, 39% free, 24MB/40MB, paused 285us total 37.134ms
08-04 00:51:51.866  7769  8103 I art     : Starting a blocking GC Explicit
08-04 00:51:51.898  7769  8103 I art     : Explicit concurrent mark sweep GC freed 20(704B) AllocSpace objects, 0(0B) LOS objects, 39% free, 24MB/40MB, paused 265us total 31.929ms
08-04 00:51:51.911  7769  8103 I art     : Starting a blocking GC Explicit
08-04 00:51:51.944  7769  8103 I art     : Explicit concurrent mark sweep GC freed 3(96B) AllocSpace objects, 0(0B) LOS objects, 39% free, 24MB/40MB, paused 267us total 31.964ms
08-04 00:51:51.957  7769  8103 I art     : Starting a blocking GC Explicit
08-04 00:51:51.988  7769  8103 I art     : Explicit concurrent mark sweep GC freed 3(96B) AllocSpace objects, 0(0B) LOS objects, 39% free, 24MB/40MB, paused 273us total 30.755ms
08-04 00:51:52.001  7769  8103 I art     : Starting a blocking GC Explicit
08-04 00:51:52.033  7769  8103 I art     : Explicit concurrent mark sweep GC freed 3(96B) AllocSpace objects, 0(0B) LOS objects, 39% free, 24MB/40MB, paused 266us total 30.954ms
08-04 00:51:52.333  7769  7780 I art     : Starting a blocking GC Explicit
08-04 00:51:52.365  7769  7780 I art     : Explicit concurrent mark sweep GC freed 1344(80KB) AllocSpace objects, 1(20KB) LOS objects, 39% free, 24MB/40MB, paused 263us total 31.541ms
08-04 00:51:52.379  7769  7780 I art     : Starting a blocking GC Explicit
08-04 00:51:52.409  7769  7780 I art     : Explicit concurrent mark sweep GC freed 20(704B) AllocSpace objects, 0(0B) LOS objects, 39% free, 24MB/40MB, paused 248us total 29.502ms
08-04 00:51:52.421  7769  7780 I art     : Starting a blocking GC Explicit
08-04 00:51:52.450  7769  7780 I art     : Explicit concurrent mark sweep GC freed 3(96B) AllocSpace objects, 0(0B) LOS objects, 39% free, 24MB/40MB, paused 266us total 28.747ms
08-04 00:51:52.463  7769  7780 I art     : Starting a blocking GC Explicit
08-04 00:51:52.491  7769  7780 I art     : Explicit concurrent mark sweep GC freed 3(96B) AllocSpace objects, 0(0B) LOS objects, 39% free, 24MB/40MB, paused 245us total 27.162ms
08-04 00:51:52.504  7769  7780 I art     : Starting a blocking GC Explicit
08-04 00:51:52.532  7769  7780 I art     : Explicit concurrent mark sweep GC freed 3(96B) AllocSpace objects, 0(0B) LOS objects, 39% free, 24MB/40MB, paused 251us total 28.585ms
08-04 00:51:52.729  8926  8926 D AndroidRuntime: >>>>>> START com.android.internal.os.RuntimeInit uid 2000 <<<<<<
08-04 00:51:52.734  8926  8926 D AndroidRuntime: CheckJNI is OFF
08-04 00:51:52.766  8926  8926 D ICU     : No timezone override file found: /data/misc/zoneinfo/current/icu/icu_tzdata.dat
08-04 00:51:52.799  8926  8926 I Radio-JNI: register_android_hardware_Radio DONE
08-04 00:51:52.800  7769  7781 I art     : Starting a blocking GC Explicit
08-04 00:51:52.821  8926  8926 D AndroidRuntime: Calling main entry com.android.commands.input.Input
08-04 00:51:52.823  8926  8926 I Input   : injectMotionEvent: MotionEvent { action=ACTION_DOWN, actionButton=0, id[0]=0, x[0]=600.0, y[0]=950.0, toolType[0]=TOOL_TYPE_UNKNOWN, buttonState=0, metaState=0, flags=0x0, edgeFlags=0x0, pointerCount=1, historySize=0, eventTime=665529236, downTime=665529236, deviceId=0, source=0x1002 }
08-04 00:51:52.828  8926  8926 I Input   : injectMotionEvent: MotionEvent { action=ACTION_UP, actionButton=0, id[0]=0, x[0]=600.0, y[0]=950.0, toolType[0]=TOOL_TYPE_UNKNOWN, buttonState=0, metaState=0, flags=0x0, edgeFlags=0x0, pointerCount=1, historySize=0, eventTime=665529236, downTime=665529236, deviceId=0, source=0x1002 }
08-04 00:51:52.830  8926  8926 D AndroidRuntime: Shutting down VM
08-04 00:51:52.831  7769  7781 I art     : Explicit concurrent mark sweep GC freed 1346(80KB) AllocSpace objects, 1(20KB) LOS objects, 39% free, 24MB/40MB, paused 819us total 31.552ms
08-04 00:51:52.838   512  2967 D audio_hw_primary: out_set_parameters: enter: usecase(1: low-latency-playback) kvpairs: routing=2
08-04 00:51:52.841   918  5952 I ActivityManager: START u0 {dat=https://oauth.reddit.com/... cmp=baseline.org.quantumbadger.redreader/.activities.CommentListingActivity} from uid 10666 on display 0
08-04 00:51:52.845  7769  7781 I art     : Starting a blocking GC Explicit
08-04 00:51:52.851   512  2967 D audio_hw_primary: select_devices: out_snd_device(2: speaker) in_snd_device(0: none)
08-04 00:51:52.851   512  2967 D msm8974_platform: platform_send_audio_calibration: sending audio calibration for snd_device(2) acdb_id(15)
08-04 00:51:52.851   512  2967 I soundtrigger: audio_extn_sound_trigger_update_device_status: device 0x2 of type 0 for Event 1
08-04 00:51:52.864   512  2967 D audio_hw_primary: enable_snd_device: snd_device(2: speaker)
08-04 00:51:52.865  7769  7769 I AppCompatViewInflater: app:theme is now deprecated. Please move to using android:theme instead.
08-04 00:51:52.866   512  2967 D audio_hw_primary: enable_audio_route: apply and update mixer path: low-latency-playback speaker
08-04 00:51:52.877  7769  7781 I art     : Explicit concurrent mark sweep GC freed 1379(69KB) AllocSpace objects, 0(0B) LOS objects, 39% free, 24MB/40MB, paused 459us total 31.693ms
08-04 00:51:52.883  7769  8381 I CommentListingActivity: COMMENTS session changed to 4b093bfb-35f1-45ec-b472-c2b23bfea104
08-04 00:51:52.889  7769  7781 I art     : Starting a blocking GC Explicit
08-04 00:51:52.916  7769  7781 I art     : Explicit concurrent mark sweep GC freed 2949(309KB) AllocSpace objects, 2(32KB) LOS objects, 38% free, 25MB/41MB, paused 257us total 26.621ms
08-04 00:51:52.928  7769  7781 I art     : Starting a blocking GC Explicit
08-04 00:51:52.957  7769  7781 I art     : Explicit concurrent mark sweep GC freed 2474(115KB) AllocSpace objects, 0(0B) LOS objects, 38% free, 25MB/41MB, paused 596us total 28.537ms
08-04 00:51:52.970  7769  7781 I art     : Starting a blocking GC Explicit
08-04 00:51:52.991 13866 13866 I GoogleInputMethodServic: GoogleInputMethodService.onFinishInput():3138 
08-04 00:51:52.991   918   936 I ActivityManager: Displayed baseline.org.quantumbadger.redreader/.activities.CommentListingActivity: +141ms
08-04 00:51:52.992 13866 13866 I GoogleInputMethodServic: GoogleInputMethodService.onStartInput():1808 
08-04 00:51:53.001  7769  7781 I art     : Explicit concurrent mark sweep GC freed 255(12KB) AllocSpace objects, 0(0B) LOS objects, 38% free, 25MB/41MB, paused 552us total 31.322ms
08-04 00:51:53.264   380   380 W SurfaceFlinger: couldn't log to binary event log: overflow.
08-04 00:51:53.282  7769  7780 I art     : Starting a blocking GC Explicit
08-04 00:51:53.297   918  3261 D WifiStateMachine: starting scan for "H369AA63323"WPA_PSK with 2412,5180
08-04 00:51:53.311  7769  7780 I art     : Explicit concurrent mark sweep GC freed 1416(82KB) AllocSpace objects, 1(20KB) LOS objects, 38% free, 25MB/41MB, paused 220us total 28.417ms
08-04 00:51:53.313  7769  8819 I RedditChangeDataIO: Writing tmp data file at '/data/user/0/baseline.org.quantumbadger.redreader/files/rr_change_data_tmp.dat'
08-04 00:51:53.313  7769  8819 I RedditChangeDataManager: Taking snapshot...
08-04 00:51:53.313  7769  8819 I RedditChangeDataManager: Writing to stream...
08-04 00:51:53.313  7769  8819 I RedditChangeDataManager: Wrote 3 entries for user ''
08-04 00:51:53.314  7769  8819 I RedditChangeDataManager: All entries written to stream.
08-04 00:51:53.314  7769  8819 I RedditChangeDataIO: Write successful. Atomically replacing data file...
08-04 00:51:53.314  7769  8819 I RedditChangeDataIO: Write complete.
08-04 00:51:53.314  7769  8819 I RedditChangeDataIO: 86 bytes written in 1 ms
08-04 00:51:53.323  7769  7780 I art     : Starting a blocking GC Explicit
08-04 00:51:53.352  7769  7780 I art     : Explicit concurrent mark sweep GC freed 108(5KB) AllocSpace objects, 1(68KB) LOS objects, 38% free, 25MB/41MB, paused 225us total 29.015ms
08-04 00:51:53.366  7769  7780 I art     : Starting a blocking GC Explicit
08-04 00:51:53.399   512  2967 D audio_hw_primary: disable_audio_route: reset and update mixer path: low-latency-playback speaker
08-04 00:51:53.399  7769  7780 I art     : Explicit concurrent mark sweep GC freed 88(2992B) AllocSpace objects, 0(0B) LOS objects, 38% free, 25MB/41MB, paused 231us total 33.013ms
08-04 00:51:53.400   512  2967 D audio_hw_primary: disable_snd_device: snd_device(2: speaker)
08-04 00:51:53.408   512  2967 I soundtrigger: audio_extn_sound_trigger_update_device_status: device 0x2 of type 0 for Event 0
08-04 00:51:53.412  7769  7780 I art     : Starting a blocking GC Explicit
08-04 00:51:53.440  7769  7780 I art     : Explicit concurrent mark sweep GC freed 3(96B) AllocSpace objects, 0(0B) LOS objects, 38% free, 25MB/41MB, paused 218us total 27.997ms
08-04 00:51:53.453  7769  7780 I art     : Starting a blocking GC Explicit
08-04 00:51:53.481  7769  7780 I art     : Explicit concurrent mark sweep GC freed 3(96B) AllocSpace objects, 0(0B) LOS objects, 38% free, 25MB/41MB, paused 243us total 28.324ms
08-04 00:51:53.763  7769  8103 I art     : Starting a blocking GC Explicit
08-04 00:51:53.801  7769  8103 I art     : Explicit concurrent mark sweep GC freed 1578(116KB) AllocSpace objects, 1(20KB) LOS objects, 38% free, 25MB/41MB, paused 261us total 37.253ms
08-04 00:51:53.815  7769  8103 I art     : Starting a blocking GC Explicit
08-04 00:51:53.847  7769  8103 I art     : Explicit concurrent mark sweep GC freed 131(4KB) AllocSpace objects, 0(0B) LOS objects, 38% free, 25MB/41MB, paused 236us total 32.449ms
08-04 00:51:53.848  7769  7779 I art     : WaitForGcToComplete blocked for 21.025ms for cause HeapTrim
08-04 00:51:53.861  7769  8103 I art     : Starting a blocking GC Explicit
08-04 00:51:53.894  7769  8103 I art     : Explicit concurrent mark sweep GC freed 3(96B) AllocSpace objects, 0(0B) LOS objects, 38% free, 25MB/41MB, paused 243us total 32.364ms
08-04 00:51:53.908  7769  8103 I art     : Starting a blocking GC Explicit
08-04 00:51:53.942  7769  8103 I art     : Explicit concurrent mark sweep GC freed 3(96B) AllocSpace objects, 0(0B) LOS objects, 38% free, 25MB/41MB, paused 235us total 33.568ms
08-04 00:51:53.955  7769  8103 I art     : Starting a blocking GC Explicit
08-04 00:51:53.989  7769  8103 I art     : Explicit concurrent mark sweep GC freed 3(96B) AllocSpace objects, 0(0B) LOS objects, 38% free, 25MB/41MB, paused 238us total 33.011ms
08-04 00:51:54.285  7769  7797 I art     : Starting a blocking GC Explicit
08-04 00:51:54.334  7769  7797 I art     : Explicit concurrent mark sweep GC freed 1343(80KB) AllocSpace objects, 1(20KB) LOS objects, 38% free, 25MB/41MB, paused 370us total 48.307ms
08-04 00:51:54.353  7769  7797 I art     : Starting a blocking GC Explicit
08-04 00:51:54.386  7769  7797 I art     : Explicit concurrent mark sweep GC freed 20(704B) AllocSpace objects, 0(0B) LOS objects, 38% free, 25MB/41MB, paused 231us total 32.297ms
08-04 00:51:54.399  7769  7797 I art     : Starting a blocking GC Explicit
08-04 00:51:54.431  7769  7797 I art     : Explicit concurrent mark sweep GC freed 3(96B) AllocSpace objects, 0(0B) LOS objects, 38% free, 25MB/41MB, paused 252us total 32.263ms
08-04 00:51:54.445  7769  7797 I art     : Starting a blocking GC Explicit
08-04 00:51:54.479  7769  7797 I art     : Explicit concurrent mark sweep GC freed 3(96B) AllocSpace objects, 0(0B) LOS objects, 38% free, 25MB/41MB, paused 219us total 33.912ms
08-04 00:51:54.493  7769  7797 I art     : Starting a blocking GC Explicit
08-04 00:51:54.526  7769  7797 I art     : Explicit concurrent mark sweep GC freed 3(96B) AllocSpace objects, 0(0B) LOS objects, 38% free, 25MB/41MB, paused 222us total 32.396ms
08-04 00:51:54.834  7769  7781 I art     : Starting a blocking GC Explicit
08-04 00:51:54.876  7769  7781 I art     : Explicit concurrent mark sweep GC freed 1343(80KB) AllocSpace objects, 1(20KB) LOS objects, 38% free, 25MB/41MB, paused 262us total 41.372ms
08-04 00:51:54.892  7769  7781 I art     : Starting a blocking GC Explicit
08-04 00:51:54.926  7769  7781 I art     : Explicit concurrent mark sweep GC freed 20(704B) AllocSpace objects, 0(0B) LOS objects, 38% free, 25MB/41MB, paused 241us total 33.381ms
08-04 00:51:54.939  7769  7781 I art     : Starting a blocking GC Explicit
08-04 00:51:54.973  7769  7781 I art     : Explicit concurrent mark sweep GC freed 3(96B) AllocSpace objects, 0(0B) LOS objects, 38% free, 25MB/41MB, paused 235us total 33.197ms
08-04 00:51:54.987  7769  7781 I art     : Starting a blocking GC Explicit
08-04 00:51:55.020  7769  7781 I art     : Explicit concurrent mark sweep GC freed 3(96B) AllocSpace objects, 0(0B) LOS objects, 38% free, 25MB/41MB, paused 270us total 33.397ms
08-04 00:51:55.034  7769  7781 I art     : Starting a blocking GC Explicit
08-04 00:51:55.067  7769  7781 I art     : Explicit concurrent mark sweep GC freed 3(96B) AllocSpace objects, 0(0B) LOS objects, 38% free, 25MB/41MB, paused 261us total 32.875ms
08-04 00:51:55.389  7769  7780 I art     : Starting a blocking GC Explicit
08-04 00:51:55.439  7769  7780 I art     : Explicit concurrent mark sweep GC freed 1343(80KB) AllocSpace objects, 1(20KB) LOS objects, 38% free, 25MB/41MB, paused 425us total 49.050ms
08-04 00:51:55.456  7769  7780 I art     : Starting a blocking GC Explicit
08-04 00:51:55.487  7769  7780 I art     : Explicit concurrent mark sweep GC freed 20(704B) AllocSpace objects, 0(0B) LOS objects, 38% free, 25MB/41MB, paused 234us total 30.770ms
08-04 00:51:55.501  7769  7780 I art     : Starting a blocking GC Explicit
08-04 00:51:55.533  7769  7780 I art     : Explicit concurrent mark sweep GC freed 3(96B) AllocSpace objects, 0(0B) LOS objects, 38% free, 25MB/41MB, paused 217us total 32.435ms
08-04 00:51:55.547  7769  7780 I art     : Starting a blocking GC Explicit
08-04 00:51:55.579  7769  7780 I art     : Explicit concurrent mark sweep GC freed 3(96B) AllocSpace objects, 0(0B) LOS objects, 38% free, 25MB/41MB, paused 223us total 32.515ms
08-04 00:51:55.593  7769  7780 I art     : Starting a blocking GC Explicit
08-04 00:51:55.627  7769  7780 I art     : Explicit concurrent mark sweep GC freed 3(96B) AllocSpace objects, 0(0B) LOS objects, 38% free, 25MB/41MB, paused 233us total 33.333ms
08-04 00:51:55.936  7769  8103 I art     : Starting a blocking GC Explicit
08-04 00:51:55.979  7769  8103 I art     : Explicit concurrent mark sweep GC freed 1343(80KB) AllocSpace objects, 1(20KB) LOS objects, 38% free, 25MB/41MB, paused 284us total 41.847ms
08-04 00:51:55.996  7769  8103 I art     : Starting a blocking GC Explicit
08-04 00:51:56.029  7769  8103 I art     : Explicit concurrent mark sweep GC freed 20(704B) AllocSpace objects, 0(0B) LOS objects, 38% free, 25MB/41MB, paused 239us total 33.149ms
08-04 00:51:56.043  7769  8103 I art     : Starting a blocking GC Explicit
08-04 00:51:56.077  7769  8103 I art     : Explicit concurrent mark sweep GC freed 3(96B) AllocSpace objects, 0(0B) LOS objects, 38% free, 25MB/41MB, paused 238us total 33.487ms
08-04 00:51:56.090  7769  8103 I art     : Starting a blocking GC Explicit
08-04 00:51:56.124  7769  8103 I art     : Explicit concurrent mark sweep GC freed 3(96B) AllocSpace objects, 0(0B) LOS objects, 38% free, 25MB/41MB, paused 251us total 33.452ms
08-04 00:51:56.138  7769  8103 I art     : Starting a blocking GC Explicit
08-04 00:51:56.172  7769  8103 I art     : Explicit concurrent mark sweep GC freed 3(96B) AllocSpace objects, 0(0B) LOS objects, 38% free, 25MB/41MB, paused 246us total 33.466ms
08-04 00:51:56.492  7769  7797 I art     : Starting a blocking GC Explicit
08-04 00:51:56.529  7769  7797 I art     : Explicit concurrent mark sweep GC freed 1345(80KB) AllocSpace objects, 1(20KB) LOS objects, 38% free, 25MB/41MB, paused 240us total 36.132ms
08-04 00:51:56.542  7769  7797 I art     : Starting a blocking GC Explicit
08-04 00:51:56.576  7769  7797 I art     : Explicit concurrent mark sweep GC freed 20(704B) AllocSpace objects, 0(0B) LOS objects, 38% free, 25MB/41MB, paused 225us total 32.915ms
08-04 00:51:56.589  7769  7797 I art     : Starting a blocking GC Explicit
08-04 00:51:56.623  7769  7797 I art     : Explicit concurrent mark sweep GC freed 3(96B) AllocSpace objects, 0(0B) LOS objects, 38% free, 25MB/41MB, paused 223us total 33.061ms
08-04 00:51:56.636  7769  7797 I art     : Starting a blocking GC Explicit
08-04 00:51:56.670  7769  7797 I art     : Explicit concurrent mark sweep GC freed 3(96B) AllocSpace objects, 0(0B) LOS objects, 38% free, 25MB/41MB, paused 224us total 33.225ms
08-04 00:51:56.684  7769  7797 I art     : Starting a blocking GC Explicit
08-04 00:51:56.717  7769  7797 I art     : Explicit concurrent mark sweep GC freed 3(96B) AllocSpace objects, 0(0B) LOS objects, 38% free, 25MB/41MB, paused 235us total 33.361ms
08-04 00:51:57.024  7769  7781 I art     : Starting a blocking GC Explicit
08-04 00:51:57.062  7769  7781 I art     : Explicit concurrent mark sweep GC freed 1343(80KB) AllocSpace objects, 1(20KB) LOS objects, 38% free, 25MB/41MB, paused 259us total 37.506ms
08-04 00:51:57.080  7769  7781 I art     : Starting a blocking GC Explicit
08-04 00:51:57.111  7769  7781 I art     : Explicit concurrent mark sweep GC freed 20(704B) AllocSpace objects, 0(0B) LOS objects, 38% free, 25MB/41MB, paused 233us total 31.517ms
08-04 00:51:57.125  7769  7781 I art     : Starting a blocking GC Explicit
08-04 00:51:57.156  7769  7781 I art     : Explicit concurrent mark sweep GC freed 3(96B) AllocSpace objects, 0(0B) LOS objects, 38% free, 25MB/41MB, paused 230us total 30.986ms
08-04 00:51:57.169  7769  7781 I art     : Starting a blocking GC Explicit
08-04 00:51:57.200  7769  7781 I art     : Explicit concurrent mark sweep GC freed 3(96B) AllocSpace objects, 0(0B) LOS objects, 38% free, 25MB/41MB, paused 229us total 30.473ms
08-04 00:51:57.213  7769  7781 I art     : Starting a blocking GC Explicit
08-04 00:51:57.244  7769  7781 I art     : Explicit concurrent mark sweep GC freed 3(96B) AllocSpace objects, 0(0B) LOS objects, 38% free, 25MB/41MB, paused 237us total 30.915ms
08-04 00:51:57.517  9033  9033 D AndroidRuntime: >>>>>> START com.android.internal.os.RuntimeInit uid 2000 <<<<<<
08-04 00:51:57.522  9033  9033 D AndroidRuntime: CheckJNI is OFF
08-04 00:51:57.550  7769  7780 I art     : Starting a blocking GC Explicit
08-04 00:51:57.555  9033  9033 D ICU     : No timezone override file found: /data/misc/zoneinfo/current/icu/icu_tzdata.dat
08-04 00:51:57.582  7769  7780 I art     : Explicit concurrent mark sweep GC freed 1343(80KB) AllocSpace objects, 1(20KB) LOS objects, 38% free, 25MB/41MB, paused 238us total 31.978ms
08-04 00:51:57.590  9033  9033 I Radio-JNI: register_android_hardware_Radio DONE
08-04 00:51:57.596  7769  7780 I art     : Starting a blocking GC Explicit
08-04 00:51:57.612  9033  9033 D AndroidRuntime: Calling main entry com.android.commands.input.Input
08-04 00:51:57.614  9033  9033 I Input   : injectKeyEvent: KeyEvent { action=ACTION_DOWN, keyCode=KEYCODE_BACK, scanCode=0, metaState=0, flags=0x0, repeatCount=0, eventTime=665534027, downTime=665534027, deviceId=-1, source=0x101 }
08-04 00:51:57.618  9033  9033 I Input   : injectKeyEvent: KeyEvent { action=ACTION_UP, keyCode=KEYCODE_BACK, scanCode=0, metaState=0, flags=0x0, repeatCount=0, eventTime=665534027, downTime=665534027, deviceId=-1, source=0x101 }
08-04 00:51:57.625  9033  9033 D AndroidRuntime: Shutting down VM
08-04 00:51:57.626  7769  7780 I art     : Explicit concurrent mark sweep GC freed 31(1104B) AllocSpace objects, 0(0B) LOS objects, 38% free, 25MB/41MB, paused 313us total 30.452ms
08-04 00:51:57.640  7769  7780 I art     : Starting a blocking GC Explicit
08-04 00:51:57.670  7769  7780 I art     : Explicit concurrent mark sweep GC freed 119(4KB) AllocSpace objects, 0(0B) LOS objects, 38% free, 25MB/41MB, paused 434us total 29.778ms
08-04 00:51:57.670 13866 13866 I GoogleInputMethodServic: GoogleInputMethodService.onFinishInput():3138 
08-04 00:51:57.672 13866 13866 I GoogleInputMethodServic: GoogleInputMethodService.onStartInput():1808 
08-04 00:51:57.685  7769  7780 I art     : Starting a blocking GC Explicit
08-04 00:51:57.715  7769  7780 I art     : Explicit concurrent mark sweep GC freed 117(4KB) AllocSpace objects, 0(0B) LOS objects, 38% free, 25MB/41MB, paused 206us total 30.104ms
08-04 00:51:57.728  7769  7780 I art     : Starting a blocking GC Explicit
08-04 00:51:57.755  7769  7780 I art     : Explicit concurrent mark sweep GC freed 9(336B) AllocSpace objects, 0(0B) LOS objects, 38% free, 25MB/41MB, paused 227us total 27.102ms
08-04 00:51:57.989   380   380 W SurfaceFlinger: couldn't log to binary event log: overflow.
08-04 00:51:58.023  7769  7781 I art     : Starting a blocking GC Explicit
08-04 00:51:58.052  7769  7781 I art     : Explicit concurrent mark sweep GC freed 1395(82KB) AllocSpace objects, 1(20KB) LOS objects, 38% free, 25MB/41MB, paused 260us total 28.864ms
08-04 00:51:58.065  7769  7781 I art     : Starting a blocking GC Explicit
08-04 00:51:58.093  7769  7781 I art     : Explicit concurrent mark sweep GC freed 3854(310KB) AllocSpace objects, 5(140KB) LOS objects, 39% free, 24MB/40MB, paused 224us total 27.926ms
08-04 00:51:58.106  7769  7781 I art     : Starting a blocking GC Explicit
08-04 00:51:58.135  7769  7781 I art     : Explicit concurrent mark sweep GC freed 3(96B) AllocSpace objects, 0(0B) LOS objects, 39% free, 24MB/40MB, paused 233us total 29.194ms
08-04 00:51:58.148  7769  7781 I art     : Starting a blocking GC Explicit
08-04 00:51:58.178  7769  7781 I art     : Explicit concurrent mark sweep GC freed 3(96B) AllocSpace objects, 0(0B) LOS objects, 39% free, 24MB/40MB, paused 230us total 29.440ms
08-04 00:51:58.191  7769  7781 I art     : Starting a blocking GC Explicit
08-04 00:51:58.221  7769  7781 I art     : Explicit concurrent mark sweep GC freed 3(96B) AllocSpace objects, 0(0B) LOS objects, 39% free, 24MB/40MB, paused 234us total 30.123ms
08-04 00:51:58.506  7769  8103 I art     : Starting a blocking GC Explicit
08-04 00:51:58.544  7769  8103 I art     : Explicit concurrent mark sweep GC freed 1343(80KB) AllocSpace objects, 1(20KB) LOS objects, 39% free, 24MB/40MB, paused 271us total 37.852ms
08-04 00:51:58.559  7769  8103 I art     : Starting a blocking GC Explicit
08-04 00:51:58.590  7769  8103 I art     : Explicit concurrent mark sweep GC freed 20(704B) AllocSpace objects, 0(0B) LOS objects, 39% free, 24MB/40MB, paused 239us total 30.605ms
08-04 00:51:58.603  7769  8103 I art     : Starting a blocking GC Explicit
08-04 00:51:58.634  7769  8103 I art     : Explicit concurrent mark sweep GC freed 3(96B) AllocSpace objects, 0(0B) LOS objects, 39% free, 24MB/40MB, paused 221us total 30.493ms
08-04 00:51:58.648  7769  8103 I art     : Starting a blocking GC Explicit
08-04 00:51:58.679  7769  8103 I art     : Explicit concurrent mark sweep GC freed 3(96B) AllocSpace objects, 0(0B) LOS objects, 39% free, 24MB/40MB, paused 240us total 30.754ms
08-04 00:51:58.692  7769  8103 I art     : Starting a blocking GC Explicit
08-04 00:51:58.724  7769  8103 I art     : Explicit concurrent mark sweep GC freed 3(96B) AllocSpace objects, 0(0B) LOS objects, 39% free, 24MB/40MB, paused 240us total 31.674ms
08-04 00:51:58.991  7769  7797 I art     : Starting a blocking GC Explicit
08-04 00:51:59.022  7769  7797 I art     : Explicit concurrent mark sweep GC freed 1343(80KB) AllocSpace objects, 1(20KB) LOS objects, 39% free, 24MB/40MB, paused 233us total 30.973ms
08-04 00:51:59.036  7769  7797 I art     : Starting a blocking GC Explicit
08-04 00:51:59.066  7769  7797 I art     : Explicit concurrent mark sweep GC freed 20(704B) AllocSpace objects, 0(0B) LOS objects, 39% free, 24MB/40MB, paused 232us total 29.639ms
08-04 00:51:59.079  7769  7797 I art     : Starting a blocking GC Explicit
08-04 00:51:59.108  7769  7797 I art     : Explicit concurrent mark sweep GC freed 3(96B) AllocSpace objects, 0(0B) LOS objects, 39% free, 24MB/40MB, paused 221us total 29.044ms
08-04 00:51:59.121  7769  7797 I art     : Starting a blocking GC Explicit
08-04 00:51:59.150  7769  7797 I art     : Explicit concurrent mark sweep GC freed 3(96B) AllocSpace objects, 0(0B) LOS objects, 39% free, 24MB/40MB, paused 222us total 29.390ms
08-04 00:51:59.163  7769  7797 I art     : Starting a blocking GC Explicit
08-04 00:51:59.193  7769  7797 I art     : Explicit concurrent mark sweep GC freed 3(96B) AllocSpace objects, 0(0B) LOS objects, 39% free, 24MB/40MB, paused 235us total 29.632ms
08-04 00:51:59.295  9079  9079 D AndroidRuntime: >>>>>> START com.android.internal.os.RuntimeInit uid 2000 <<<<<<
08-04 00:51:59.302  9079  9079 D AndroidRuntime: CheckJNI is OFF
08-04 00:51:59.341  9079  9079 D ICU     : No timezone override file found: /data/misc/zoneinfo/current/icu/icu_tzdata.dat
08-04 00:51:59.374  9079  9079 I Radio-JNI: register_android_hardware_Radio DONE
08-04 00:51:59.395  9079  9079 D AndroidRuntime: Calling main entry com.android.commands.input.Input
08-04 00:51:59.396  9079  9079 I Input   : injectMotionEvent: MotionEvent { action=ACTION_DOWN, actionButton=0, id[0]=0, x[0]=600.0, y[0]=700.0, toolType[0]=TOOL_TYPE_UNKNOWN, buttonState=0, metaState=0, flags=0x0, edgeFlags=0x0, pointerCount=1, historySize=0, eventTime=665535809, downTime=665535809, deviceId=0, source=0x1002 }
08-04 00:51:59.401  9079  9079 I Input   : injectMotionEvent: MotionEvent { action=ACTION_UP, actionButton=0, id[0]=0, x[0]=600.0, y[0]=700.0, toolType[0]=TOOL_TYPE_UNKNOWN, buttonState=0, metaState=0, flags=0x0, edgeFlags=0x0, pointerCount=1, historySize=0, eventTime=665535809, downTime=665535809, deviceId=0, source=0x1002 }
08-04 00:51:59.402  9079  9079 D AndroidRuntime: Shutting down VM
08-04 00:51:59.411   512  2967 D audio_hw_primary: out_set_parameters: enter: usecase(1: low-latency-playback) kvpairs: routing=2
08-04 00:51:59.413   918  3359 I ActivityManager: START u0 {dat=https://oauth.reddit.com/... cmp=baseline.org.quantumbadger.redreader/.activities.CommentListingActivity} from uid 10666 on display 0
08-04 00:51:59.424   512  2967 D audio_hw_primary: select_devices: out_snd_device(2: speaker) in_snd_device(0: none)
08-04 00:51:59.424   512  2967 D msm8974_platform: platform_send_audio_calibration: sending audio calibration for snd_device(2) acdb_id(15)
08-04 00:51:59.424   512  2967 I soundtrigger: audio_extn_sound_trigger_update_device_status: device 0x2 of type 0 for Event 1
08-04 00:51:59.435  7769  7769 I AppCompatViewInflater: app:theme is now deprecated. Please move to using android:theme instead.
08-04 00:51:59.437   512  2967 D audio_hw_primary: enable_snd_device: snd_device(2: speaker)
08-04 00:51:59.439   512  2967 D audio_hw_primary: enable_audio_route: apply and update mixer path: low-latency-playback speaker
08-04 00:51:59.454  7769  8381 I CommentListingActivity: COMMENTS session changed to 06e957b6-f409-4c0f-aec9-28851f291049
08-04 00:51:59.474  7769  7780 I art     : Starting a blocking GC Explicit
08-04 00:51:59.508  7769  7780 I art     : Explicit concurrent mark sweep GC freed 11979(844KB) AllocSpace objects, 2(36KB) LOS objects, 37% free, 26MB/42MB, paused 786us total 34.028ms
08-04 00:51:59.521  7769  7780 I art     : Starting a blocking GC Explicit
08-04 00:51:59.524   918   936 I ActivityManager: Displayed baseline.org.quantumbadger.redreader/.activities.CommentListingActivity: +102ms
08-04 00:51:59.527 13866 13866 I GoogleInputMethodServic: GoogleInputMethodService.onFinishInput():3138 
08-04 00:51:59.527 13866 13866 I GoogleInputMethodServic: GoogleInputMethodService.onStartInput():1808 
08-04 00:51:59.563  7769  7780 I art     : Explicit concurrent mark sweep GC freed 11314(733KB) AllocSpace objects, 1(20KB) LOS objects, 36% free, 27MB/43MB, paused 839us total 41.435ms
08-04 00:51:59.578  7769  7780 I art     : Starting a blocking GC Explicit
08-04 00:51:59.627  7769  7780 I art     : Explicit concurrent mark sweep GC freed 13466(931KB) AllocSpace objects, 1(16KB) LOS objects, 35% free, 28MB/44MB, paused 504us total 48.755ms
08-04 00:51:59.644  7769  7780 I art     : Starting a blocking GC Explicit
08-04 00:51:59.686  7769  7780 I art     : Explicit concurrent mark sweep GC freed 9754(667KB) AllocSpace objects, 0(0B) LOS objects, 35% free, 28MB/44MB, paused 257us total 41.990ms
08-04 00:51:59.703  7769  7780 I art     : Starting a blocking GC Explicit
08-04 00:51:59.743  7769  7780 I art     : Explicit concurrent mark sweep GC freed 19180(850KB) AllocSpace objects, 0(0B) LOS objects, 36% free, 27MB/43MB, paused 210us total 39.994ms
08-04 00:51:59.774   380   380 W SurfaceFlinger: couldn't log to binary event log: overflow.
08-04 00:51:59.978   512  2967 D audio_hw_primary: disable_audio_route: reset and update mixer path: low-latency-playback speaker
08-04 00:51:59.980   512  2967 D audio_hw_primary: disable_snd_device: snd_device(2: speaker)
08-04 00:51:59.988   512  2967 I soundtrigger: audio_extn_sound_trigger_update_device_status: device 0x2 of type 0 for Event 0
08-04 00:52:00.022  7769  7797 I art     : Starting a blocking GC Explicit
08-04 00:52:00.064  7769  7797 I art     : Explicit concurrent mark sweep GC freed 1442(83KB) AllocSpace objects, 1(20KB) LOS objects, 36% free, 27MB/43MB, paused 207us total 42.162ms
08-04 00:52:00.080  7769  7797 I art     : Starting a blocking GC Explicit
08-04 00:52:00.120  7769  7797 I art     : Explicit concurrent mark sweep GC freed 24(832B) AllocSpace objects, 0(0B) LOS objects, 36% free, 27MB/43MB, paused 260us total 39.973ms
08-04 00:52:00.135  7769  7797 I art     : Starting a blocking GC Explicit
08-04 00:52:00.179  7769  7797 I art     : Explicit concurrent mark sweep GC freed 3(96B) AllocSpace objects, 0(0B) LOS objects, 36% free, 27MB/43MB, paused 206us total 42.930ms
08-04 00:52:00.194  7769  7797 I art     : Starting a blocking GC Explicit
08-04 00:52:00.237  7769  7797 I art     : Explicit concurrent mark sweep GC freed 3(96B) AllocSpace objects, 0(0B) LOS objects, 36% free, 27MB/43MB, paused 284us total 42.569ms
08-04 00:52:00.252  7769  7797 I art     : Starting a blocking GC Explicit
08-04 00:52:00.294  7769  7797 I art     : Explicit concurrent mark sweep GC freed 3(96B) AllocSpace objects, 0(0B) LOS objects, 36% free, 27MB/43MB, paused 219us total 42.004ms
08-04 00:52:00.582  7769  7781 I art     : Starting a blocking GC Explicit
08-04 00:52:00.636  7769  7781 I art     : Explicit concurrent mark sweep GC freed 1343(80KB) AllocSpace objects, 1(20KB) LOS objects, 36% free, 27MB/43MB, paused 274us total 54.204ms
08-04 00:52:00.656  7769  7781 I art     : Starting a blocking GC Explicit
08-04 00:52:00.703  7769  7781 I art     : Explicit concurrent mark sweep GC freed 66(2528B) AllocSpace objects, 0(0B) LOS objects, 36% free, 27MB/43MB, paused 245us total 46.215ms
08-04 00:52:00.718  7769  7781 I art     : Starting a blocking GC Explicit
08-04 00:52:00.763  7769  7781 I art     : Explicit concurrent mark sweep GC freed 3(96B) AllocSpace objects, 0(0B) LOS objects, 36% free, 27MB/43MB, paused 243us total 44.376ms
08-04 00:52:00.778  7769  7781 I art     : Starting a blocking GC Explicit
08-04 00:52:00.824  7769  7781 I art     : Explicit concurrent mark sweep GC freed 3(96B) AllocSpace objects, 0(0B) LOS objects, 36% free, 27MB/43MB, paused 243us total 45.448ms
08-04 00:52:00.839  7769  7781 I art     : Starting a blocking GC Explicit
08-04 00:52:00.885  7769  7781 I art     : Explicit concurrent mark sweep GC freed 3(96B) AllocSpace objects, 0(0B) LOS objects, 36% free, 27MB/43MB, paused 236us total 45.531ms
08-04 00:52:01.186  7769  8103 I art     : Starting a blocking GC Explicit
08-04 00:52:01.246  7769  8103 I art     : Explicit concurrent mark sweep GC freed 1343(80KB) AllocSpace objects, 1(20KB) LOS objects, 36% free, 27MB/43MB, paused 244us total 59.242ms
08-04 00:52:01.261  7769  8103 I art     : Starting a blocking GC Explicit
08-04 00:52:01.305  7769  8103 I art     : Explicit concurrent mark sweep GC freed 20(704B) AllocSpace objects, 0(0B) LOS objects, 36% free, 27MB/43MB, paused 239us total 43.879ms
08-04 00:52:01.320  7769  8103 I art     : Starting a blocking GC Explicit
08-04 00:52:01.366  7769  8103 I art     : Explicit concurrent mark sweep GC freed 3(96B) AllocSpace objects, 0(0B) LOS objects, 36% free, 27MB/43MB, paused 248us total 45.564ms
08-04 00:52:01.382  7769  8103 I art     : Starting a blocking GC Explicit
08-04 00:52:01.428  7769  8103 I art     : Explicit concurrent mark sweep GC freed 3(96B) AllocSpace objects, 0(0B) LOS objects, 36% free, 27MB/43MB, paused 238us total 46.001ms
08-04 00:52:01.443  7769  8103 I art     : Starting a blocking GC Explicit
08-04 00:52:01.489  7769  8103 I art     : Explicit concurrent mark sweep GC freed 3(96B) AllocSpace objects, 0(0B) LOS objects, 36% free, 27MB/43MB, paused 296us total 45.707ms
08-04 00:52:01.814  7769  7797 I art     : Starting a blocking GC Explicit
08-04 00:52:01.871  7769  7797 I art     : Explicit concurrent mark sweep GC freed 1343(80KB) AllocSpace objects, 1(20KB) LOS objects, 36% free, 27MB/43MB, paused 249us total 56.688ms
08-04 00:52:01.889  7769  7797 I art     : Starting a blocking GC Explicit
08-04 00:52:01.935  7769  7797 I art     : Explicit concurrent mark sweep GC freed 20(704B) AllocSpace objects, 0(0B) LOS objects, 36% free, 27MB/43MB, paused 242us total 45.543ms
08-04 00:52:01.950  7769  7797 I art     : Starting a blocking GC Explicit
08-04 00:52:01.995  7769  7797 I art     : Explicit concurrent mark sweep GC freed 3(96B) AllocSpace objects, 0(0B) LOS objects, 36% free, 27MB/43MB, paused 234us total 44.053ms
08-04 00:52:02.010  7769  7797 I art     : Starting a blocking GC Explicit
08-04 00:52:02.056  7769  7797 I art     : Explicit concurrent mark sweep GC freed 3(96B) AllocSpace objects, 0(0B) LOS objects, 36% free, 27MB/43MB, paused 241us total 46.062ms
08-04 00:52:02.072  7769  7797 I art     : Starting a blocking GC Explicit
08-04 00:52:02.117  7769  7797 I art     : Explicit concurrent mark sweep GC freed 3(96B) AllocSpace objects, 0(0B) LOS objects, 36% free, 27MB/43MB, paused 281us total 45.414ms
08-04 00:52:02.432  7769  7780 I art     : Starting a blocking GC Explicit
08-04 00:52:02.485  7769  7780 I art     : Explicit concurrent mark sweep GC freed 1343(80KB) AllocSpace objects, 1(20KB) LOS objects, 36% free, 27MB/43MB, paused 248us total 51.865ms
08-04 00:52:02.501  7769  7780 I art     : Starting a blocking GC Explicit
08-04 00:52:02.538  7769  7780 I art     : Explicit concurrent mark sweep GC freed 20(704B) AllocSpace objects, 0(0B) LOS objects, 36% free, 27MB/43MB, paused 213us total 36.787ms
08-04 00:52:02.552  7769  7780 I art     : Starting a blocking GC Explicit
08-04 00:52:02.593  7769  7780 I art     : Explicit concurrent mark sweep GC freed 3(96B) AllocSpace objects, 0(0B) LOS objects, 36% free, 27MB/43MB, paused 221us total 41.151ms
08-04 00:52:02.608  7769  7780 I art     : Starting a blocking GC Explicit
08-04 00:52:02.652  7769  7780 I art     : Explicit concurrent mark sweep GC freed 3(96B) AllocSpace objects, 0(0B) LOS objects, 36% free, 27MB/43MB, paused 227us total 44.026ms
08-04 00:52:02.668  7769  7780 I art     : Starting a blocking GC Explicit
08-04 00:52:02.712  7769  7780 I art     : Explicit concurrent mark sweep GC freed 3(96B) AllocSpace objects, 0(0B) LOS objects, 36% free, 27MB/43MB, paused 223us total 44.480ms
08-04 00:52:03.052  7769  7781 I art     : Starting a blocking GC Explicit
08-04 00:52:03.112  7769  7781 I art     : Explicit concurrent mark sweep GC freed 1343(80KB) AllocSpace objects, 1(20KB) LOS objects, 36% free, 27MB/43MB, paused 229us total 60.100ms
08-04 00:52:03.128  7769  7781 I art     : Starting a blocking GC Explicit
08-04 00:52:03.172  7769  7781 I art     : Explicit concurrent mark sweep GC freed 20(704B) AllocSpace objects, 0(0B) LOS objects, 36% free, 27MB/43MB, paused 232us total 44.089ms
08-04 00:52:03.188  7769  7781 I art     : Starting a blocking GC Explicit
08-04 00:52:03.232  7769  7781 I art     : Explicit concurrent mark sweep GC freed 3(96B) AllocSpace objects, 0(0B) LOS objects, 36% free, 27MB/43MB, paused 242us total 44.533ms
08-04 00:52:03.248  7769  7781 I art     : Starting a blocking GC Explicit
08-04 00:52:03.293  7769  7781 I art     : Explicit concurrent mark sweep GC freed 3(96B) AllocSpace objects, 0(0B) LOS objects, 36% free, 27MB/43MB, paused 244us total 45.103ms
08-04 00:52:03.308  7769  7781 I art     : Starting a blocking GC Explicit
08-04 00:52:03.354  7769  7781 I art     : Explicit concurrent mark sweep GC freed 3(96B) AllocSpace objects, 0(0B) LOS objects, 36% free, 27MB/43MB, paused 250us total 45.162ms
08-04 00:52:03.675  7769  8103 I art     : Starting a blocking GC Explicit
08-04 00:52:03.720  7769  8103 I art     : Explicit concurrent mark sweep GC freed 1345(80KB) AllocSpace objects, 1(20KB) LOS objects, 36% free, 27MB/43MB, paused 245us total 44.982ms
08-04 00:52:03.736  7769  8103 I art     : Starting a blocking GC Explicit
08-04 00:52:03.775  7769  8103 I art     : Explicit concurrent mark sweep GC freed 20(704B) AllocSpace objects, 0(0B) LOS objects, 36% free, 27MB/43MB, paused 225us total 38.805ms
08-04 00:52:03.789  7769  8103 I art     : Starting a blocking GC Explicit
08-04 00:52:03.832  7769  8103 I art     : Explicit concurrent mark sweep GC freed 3(96B) AllocSpace objects, 0(0B) LOS objects, 36% free, 27MB/43MB, paused 232us total 41.885ms
08-04 00:52:03.846  7769  8103 I art     : Starting a blocking GC Explicit
08-04 00:52:03.889  7769  8103 I art     : Explicit concurrent mark sweep GC freed 3(96B) AllocSpace objects, 0(0B) LOS objects, 36% free, 27MB/43MB, paused 242us total 42.180ms
08-04 00:52:03.904  7769  8103 I art     : Starting a blocking GC Explicit
08-04 00:52:03.948  7769  8103 I art     : Explicit concurrent mark sweep GC freed 3(96B) AllocSpace objects, 0(0B) LOS objects, 36% free, 27MB/43MB, paused 239us total 43.776ms
08-04 00:52:04.063  9185  9185 D AndroidRuntime: >>>>>> START com.android.internal.os.RuntimeInit uid 2000 <<<<<<
08-04 00:52:04.069  9185  9185 D AndroidRuntime: CheckJNI is OFF
08-04 00:52:04.106  9185  9185 D ICU     : No timezone override file found: /data/misc/zoneinfo/current/icu/icu_tzdata.dat
08-04 00:52:04.139  9185  9185 I Radio-JNI: register_android_hardware_Radio DONE
08-04 00:52:04.160  9185  9185 D AndroidRuntime: Calling main entry com.android.commands.input.Input
08-04 00:52:04.162  9185  9185 I Input   : injectKeyEvent: KeyEvent { action=ACTION_DOWN, keyCode=KEYCODE_BACK, scanCode=0, metaState=0, flags=0x0, repeatCount=0, eventTime=665540575, downTime=665540575, deviceId=-1, source=0x101 }
08-04 00:52:04.166  9185  9185 I Input   : injectKeyEvent: KeyEvent { action=ACTION_UP, keyCode=KEYCODE_BACK, scanCode=0, metaState=0, flags=0x0, repeatCount=0, eventTime=665540575, downTime=665540575, deviceId=-1, source=0x101 }
08-04 00:52:04.172  9185  9185 D AndroidRuntime: Shutting down VM
08-04 00:52:04.210 13866 13866 I GoogleInputMethodServic: GoogleInputMethodService.onFinishInput():3138 
08-04 00:52:04.211 13866 13866 I GoogleInputMethodServic: GoogleInputMethodService.onStartInput():1808 
08-04 00:52:04.223  7769  7797 I art     : Starting a blocking GC Explicit
08-04 00:52:04.265  7769  7797 I art     : Explicit concurrent mark sweep GC freed 1585(88KB) AllocSpace objects, 1(20KB) LOS objects, 36% free, 27MB/43MB, paused 232us total 41.895ms
08-04 00:52:04.278  7769  7797 I art     : Starting a blocking GC Explicit
08-04 00:52:04.316  7769  7797 I art     : Explicit concurrent mark sweep GC freed 26(944B) AllocSpace objects, 0(0B) LOS objects, 36% free, 27MB/43MB, paused 246us total 37.265ms
08-04 00:52:04.333  7769  7797 I art     : Starting a blocking GC Explicit
08-04 00:52:04.335  4731  4731 I ServiceManager: Waiting for service AtCmdFwd...
08-04 00:52:04.379  7769  7797 I art     : Explicit concurrent mark sweep GC freed 3(96B) AllocSpace objects, 0(0B) LOS objects, 36% free, 27MB/43MB, paused 203us total 45.678ms
08-04 00:52:04.398  7769  7797 I art     : Starting a blocking GC Explicit
08-04 00:52:04.423  7769  9113 I RedditChangeDataIO: Writing tmp data file at '/data/user/0/baseline.org.quantumbadger.redreader/files/rr_change_data_tmp.dat'
08-04 00:52:04.423  7769  9113 I RedditChangeDataManager: Taking snapshot...
08-04 00:52:04.423  7769  9113 I RedditChangeDataManager: Writing to stream...
08-04 00:52:04.424  7769  9113 I RedditChangeDataManager: Wrote 3 entries for user ''
08-04 00:52:04.424  7769  9113 I RedditChangeDataManager: All entries written to stream.
08-04 00:52:04.424  7769  9113 I RedditChangeDataIO: Write successful. Atomically replacing data file...
08-04 00:52:04.424  7769  9113 I RedditChangeDataIO: Write complete.
08-04 00:52:04.424  7769  9113 I RedditChangeDataIO: 86 bytes written in 2 ms
08-04 00:52:04.453  7769  7797 I art     : Explicit concurrent mark sweep GC freed 75(4KB) AllocSpace objects, 1(68KB) LOS objects, 36% free, 27MB/43MB, paused 252us total 54.764ms
08-04 00:52:04.472  7769  7797 I art     : Starting a blocking GC Explicit
08-04 00:52:04.513   380   380 W SurfaceFlinger: couldn't log to binary event log: overflow.
08-04 00:52:04.519  7769  7797 I art     : Explicit concurrent mark sweep GC freed 44(1632B) AllocSpace objects, 0(0B) LOS objects, 36% free, 27MB/43MB, paused 209us total 46.744ms
08-04 00:52:04.817  7769  7781 I art     : Starting a blocking GC Explicit
08-04 00:52:04.874  7769  7781 I art     : Explicit concurrent mark sweep GC freed 1363(81KB) AllocSpace objects, 1(20KB) LOS objects, 36% free, 27MB/43MB, paused 280us total 55.853ms
08-04 00:52:04.894  7769  7781 I art     : Starting a blocking GC Explicit
08-04 00:52:04.930  7769  7781 I art     : Explicit concurrent mark sweep GC freed 46779(2MB) AllocSpace objects, 5(140KB) LOS objects, 39% free, 24MB/40MB, paused 244us total 35.310ms
08-04 00:52:04.944  7769  7781 I art     : Starting a blocking GC Explicit
08-04 00:52:04.974  7769  7781 I art     : Explicit concurrent mark sweep GC freed 3(96B) AllocSpace objects, 0(0B) LOS objects, 39% free, 24MB/40MB, paused 238us total 30.065ms
08-04 00:52:04.987  7769  7781 I art     : Starting a blocking GC Explicit
08-04 00:52:05.019  7769  7781 I art     : Explicit concurrent mark sweep GC freed 3(96B) AllocSpace objects, 0(0B) LOS objects, 39% free, 24MB/40MB, paused 242us total 31.824ms
08-04 00:52:05.033  7769  7781 I art     : Starting a blocking GC Explicit
08-04 00:52:05.064  7769  7781 I art     : Explicit concurrent mark sweep GC freed 3(96B) AllocSpace objects, 0(0B) LOS objects, 39% free, 24MB/40MB, paused 241us total 30.784ms
08-04 00:52:05.331  7769  7780 I art     : Starting a blocking GC Explicit
08-04 00:52:05.336  4731  4731 I ServiceManager: Waiting for service AtCmdFwd...
08-04 00:52:05.368  7769  7780 I art     : Explicit concurrent mark sweep GC freed 1343(80KB) AllocSpace objects, 1(20KB) LOS objects, 39% free, 24MB/40MB, paused 229us total 36.599ms
08-04 00:52:05.382  7769  7780 I art     : Starting a blocking GC Explicit
08-04 00:52:05.412  7769  7780 I art     : Explicit concurrent mark sweep GC freed 20(704B) AllocSpace objects, 0(0B) LOS objects, 39% free, 24MB/40MB, paused 224us total 30.143ms
08-04 00:52:05.425  7769  7780 I art     : Starting a blocking GC Explicit
08-04 00:52:05.456  7769  7780 I art     : Explicit concurrent mark sweep GC freed 3(96B) AllocSpace objects, 0(0B) LOS objects, 39% free, 24MB/40MB, paused 232us total 29.848ms
08-04 00:52:05.469  7769  7780 I art     : Starting a blocking GC Explicit
08-04 00:52:05.499  7769  7780 I art     : Explicit concurrent mark sweep GC freed 3(96B) AllocSpace objects, 0(0B) LOS objects, 39% free, 24MB/40MB, paused 224us total 29.305ms
08-04 00:52:05.512  7769  7780 I art     : Starting a blocking GC Explicit
08-04 00:52:05.541  7769  7780 I art     : Explicit concurrent mark sweep GC freed 3(96B) AllocSpace objects, 0(0B) LOS objects, 39% free, 24MB/40MB, paused 225us total 29.139ms
08-04 00:52:05.800  7769  8103 I art     : Starting a blocking GC Explicit
08-04 00:52:05.828  9229  9229 D AndroidRuntime: >>>>>> START com.android.internal.os.RuntimeInit uid 2000 <<<<<<
08-04 00:52:05.832  7769  8103 I art     : Explicit concurrent mark sweep GC freed 1343(80KB) AllocSpace objects, 1(20KB) LOS objects, 39% free, 24MB/40MB, paused 265us total 31.710ms
08-04 00:52:05.833  9229  9229 D AndroidRuntime: CheckJNI is OFF
08-04 00:52:05.846  7769  8103 I art     : Starting a blocking GC Explicit
08-04 00:52:05.870  9229  9229 D ICU     : No timezone override file found: /data/misc/zoneinfo/current/icu/icu_tzdata.dat
08-04 00:52:05.876  7769  8103 I art     : Explicit concurrent mark sweep GC freed 20(704B) AllocSpace objects, 0(0B) LOS objects, 39% free, 24MB/40MB, paused 234us total 29.731ms
08-04 00:52:05.889  7769  8103 I art     : Starting a blocking GC Explicit
08-04 00:52:05.905  9229  9229 I Radio-JNI: register_android_hardware_Radio DONE
08-04 00:52:05.918  7769  8103 I art     : Explicit concurrent mark sweep GC freed 3(96B) AllocSpace objects, 0(0B) LOS objects, 39% free, 24MB/40MB, paused 225us total 29.254ms
08-04 00:52:05.928  9229  9229 D AndroidRuntime: Calling main entry com.android.commands.input.Input
08-04 00:52:05.929  9229  9229 I Input   : injectKeyEvent: KeyEvent { action=ACTION_DOWN, keyCode=KEYCODE_BACK, scanCode=0, metaState=0, flags=0x0, repeatCount=0, eventTime=665542342, downTime=665542342, deviceId=-1, source=0x101 }
08-04 00:52:05.931  7769  8103 I art     : Starting a blocking GC Explicit
08-04 00:52:05.935  9229  9229 I Input   : injectKeyEvent: KeyEvent { action=ACTION_UP, keyCode=KEYCODE_BACK, scanCode=0, metaState=0, flags=0x0, repeatCount=0, eventTime=665542342, downTime=665542342, deviceId=-1, source=0x101 }
08-04 00:52:05.941  9229  9229 D AndroidRuntime: Shutting down VM
08-04 00:52:05.960  7769  8103 I art     : Explicit concurrent mark sweep GC freed 110(3KB) AllocSpace objects, 0(0B) LOS objects, 39% free, 24MB/40MB, paused 247us total 28.446ms
08-04 00:52:05.973  7769  8103 I art     : Starting a blocking GC Explicit
08-04 00:52:05.985 13866 13866 I GoogleInputMethodServic: GoogleInputMethodService.onFinishInput():3138 
08-04 00:52:05.986 13866 13866 I GoogleInputMethodServic: GoogleInputMethodService.onStartInput():1808 
08-04 00:52:06.000  7769  8103 I art     : Explicit concurrent mark sweep GC freed 12(544B) AllocSpace objects, 0(0B) LOS objects, 39% free, 24MB/40MB, paused 229us total 26.939ms
08-04 00:52:06.258  7769  7797 I art     : Starting a blocking GC Explicit
08-04 00:52:06.291  7769  7797 I art     : Explicit concurrent mark sweep GC freed 1410(82KB) AllocSpace objects, 1(20KB) LOS objects, 39% free, 24MB/40MB, paused 206us total 32.019ms
08-04 00:52:06.304  7769  7797 I art     : Starting a blocking GC Explicit
08-04 00:52:06.332  7769  7797 I art     : Explicit concurrent mark sweep GC freed 81(2960B) AllocSpace objects, 0(0B) LOS objects, 39% free, 24MB/40MB, paused 241us total 27.309ms
08-04 00:52:06.337  4731  4731 I ServiceManager: Waiting for service AtCmdFwd...
08-04 00:52:06.345  7769  7797 I art     : Starting a blocking GC Explicit
08-04 00:52:06.373  7769  7797 I art     : Explicit concurrent mark sweep GC freed 133(6KB) AllocSpace objects, 0(0B) LOS objects, 39% free, 24MB/40MB, paused 233us total 27.833ms
08-04 00:52:06.385  7769  7797 I art     : Starting a blocking GC Explicit
08-04 00:52:06.415  7769  7797 I art     : Explicit concurrent mark sweep GC freed 3(96B) AllocSpace objects, 0(0B) LOS objects, 39% free, 24MB/40MB, paused 242us total 29.943ms
08-04 00:52:06.428  7769  7797 I art     : Starting a blocking GC Explicit
08-04 00:52:06.460  7769  7797 I art     : Explicit concurrent mark sweep GC freed 3(96B) AllocSpace objects, 0(0B) LOS objects, 39% free, 24MB/40MB, paused 248us total 31.037ms
08-04 00:52:06.751  7769  8103 I art     : Starting a blocking GC Explicit
08-04 00:52:06.788  7769  8103 I art     : Explicit concurrent mark sweep GC freed 1343(80KB) AllocSpace objects, 1(20KB) LOS objects, 39% free, 24MB/40MB, paused 334us total 37.422ms
08-04 00:52:06.804  7769  8103 I art     : Starting a blocking GC Explicit
08-04 00:52:06.837  7769  8103 I art     : Explicit concurrent mark sweep GC freed 20(704B) AllocSpace objects, 0(0B) LOS objects, 39% free, 24MB/40MB, paused 256us total 32.061ms
08-04 00:52:06.850  7769  8103 I art     : Starting a blocking GC Explicit
08-04 00:52:06.882  7769  8103 I art     : Explicit concurrent mark sweep GC freed 3(96B) AllocSpace objects, 0(0B) LOS objects, 39% free, 24MB/40MB, paused 252us total 31.837ms
08-04 00:52:06.896  7769  8103 I art     : Starting a blocking GC Explicit
08-04 00:52:06.927  7769  8103 I art     : Explicit concurrent mark sweep GC freed 3(96B) AllocSpace objects, 0(0B) LOS objects, 39% free, 24MB/40MB, paused 265us total 31.129ms
08-04 00:52:06.941  7769  8103 I art     : Starting a blocking GC Explicit
08-04 00:52:06.973  7769  8103 I art     : Explicit concurrent mark sweep GC freed 3(96B) AllocSpace objects, 0(0B) LOS objects, 39% free, 24MB/40MB, paused 261us total 31.799ms
08-04 00:52:07.248  7769  7780 I art     : Starting a blocking GC Explicit
08-04 00:52:07.280  7769  7780 I art     : Explicit concurrent mark sweep GC freed 1343(80KB) AllocSpace objects, 1(20KB) LOS objects, 39% free, 24MB/40MB, paused 250us total 31.161ms
08-04 00:52:07.293  7769  7780 I art     : Starting a blocking GC Explicit
08-04 00:52:07.323  7769  7780 I art     : Explicit concurrent mark sweep GC freed 20(704B) AllocSpace objects, 0(0B) LOS objects, 39% free, 24MB/40MB, paused 239us total 30.201ms
08-04 00:52:07.337  7769  7780 I art     : Starting a blocking GC Explicit
08-04 00:52:07.337  4731  4731 I ServiceManager: Waiting for service AtCmdFwd...
08-04 00:52:07.367  7769  7780 I art     : Explicit concurrent mark sweep GC freed 3(96B) AllocSpace objects, 0(0B) LOS objects, 39% free, 24MB/40MB, paused 296us total 29.573ms
08-04 00:52:07.380  7769  7780 I art     : Starting a blocking GC Explicit
08-04 00:52:07.410  7769  7780 I art     : Explicit concurrent mark sweep GC freed 3(96B) AllocSpace objects, 0(0B) LOS objects, 39% free, 24MB/40MB, paused 239us total 29.577ms
08-04 00:52:07.423  7769  7780 I art     : Starting a blocking GC Explicit
08-04 00:52:07.453  7769  7780 I art     : Explicit concurrent mark sweep GC freed 3(96B) AllocSpace objects, 0(0B) LOS objects, 39% free, 24MB/40MB, paused 250us total 29.754ms
08-04 00:52:07.613  9278  9278 D AndroidRuntime: >>>>>> START com.android.internal.os.RuntimeInit uid 2000 <<<<<<
08-04 00:52:07.619  9278  9278 D AndroidRuntime: CheckJNI is OFF
08-04 00:52:07.656  9278  9278 D ICU     : No timezone override file found: /data/misc/zoneinfo/current/icu/icu_tzdata.dat
08-04 00:52:07.690  9278  9278 I Radio-JNI: register_android_hardware_Radio DONE
08-04 00:52:07.712  9278  9278 D AndroidRuntime: Calling main entry com.android.commands.input.Input
08-04 00:52:07.714  9278  9278 I Input   : injectMotionEvent: MotionEvent { action=ACTION_DOWN, actionButton=0, id[0]=0, x[0]=600.0, y[0]=1536.0, toolType[0]=TOOL_TYPE_UNKNOWN, buttonState=0, metaState=0, flags=0x0, edgeFlags=0x0, pointerCount=1, historySize=0, eventTime=665544127, downTime=665544127, deviceId=0, source=0x1002 }
08-04 00:52:07.718  9278  9278 I Input   : injectMotionEvent: MotionEvent { action=ACTION_UP, actionButton=0, id[0]=0, x[0]=600.0, y[0]=1536.0, toolType[0]=TOOL_TYPE_UNKNOWN, buttonState=0, metaState=0, flags=0x0, edgeFlags=0x0, pointerCount=1, historySize=0, eventTime=665544127, downTime=665544127, deviceId=0, source=0x1002 }
08-04 00:52:07.719  9278  9278 D AndroidRuntime: Shutting down VM
08-04 00:52:07.735   918  3670 I ActivityManager: START u0 {dat=https://oauth.reddit.com/... cmp=baseline.org.quantumbadger.redreader/.activities.PostListingActivity} from uid 10666 on display 0
08-04 00:52:07.736   512  2967 D audio_hw_primary: out_set_parameters: enter: usecase(1: low-latency-playback) kvpairs: routing=2
08-04 00:52:07.738  7769  7781 I art     : Starting a blocking GC Explicit
08-04 00:52:07.749   512  2967 D audio_hw_primary: select_devices: out_snd_device(2: speaker) in_snd_device(0: none)
08-04 00:52:07.749   512  2967 D msm8974_platform: platform_send_audio_calibration: sending audio calibration for snd_device(2) acdb_id(15)
08-04 00:52:07.749   512  2967 I soundtrigger: audio_extn_sound_trigger_update_device_status: device 0x2 of type 0 for Event 1
08-04 00:52:07.755  7769  7769 I AppCompatViewInflater: app:theme is now deprecated. Please move to using android:theme instead.
08-04 00:52:07.761   512  2967 D audio_hw_primary: enable_snd_device: snd_device(2: speaker)
08-04 00:52:07.764   512  2967 D audio_hw_primary: enable_audio_route: apply and update mixer path: low-latency-playback speaker
08-04 00:52:07.774  7769  7781 I art     : Explicit concurrent mark sweep GC freed 2015(130KB) AllocSpace objects, 1(20KB) LOS objects, 39% free, 24MB/40MB, paused 510us total 35.228ms
08-04 00:52:07.776  7769  9306 D OK      : calling: https://oauth.reddit.com/r/askscience/about.json
08-04 00:52:07.787  7769  7781 I art     : Starting a blocking GC Explicit
08-04 00:52:07.816  7769  7781 I art     : Explicit concurrent mark sweep GC freed 1114(62KB) AllocSpace objects, 0(0B) LOS objects, 38% free, 25MB/41MB, paused 622us total 28.203ms
08-04 00:52:07.828  7769  7781 I art     : Starting a blocking GC Explicit
08-04 00:52:07.828   918   936 I ActivityManager: Displayed baseline.org.quantumbadger.redreader/.activities.PostListingActivity: +86ms
08-04 00:52:07.829 13866 13866 I GoogleInputMethodServic: GoogleInputMethodService.onFinishInput():3138 
08-04 00:52:07.829 13866 13866 I GoogleInputMethodServic: GoogleInputMethodService.onStartInput():1808 
08-04 00:52:07.858  7769  7781 I art     : Explicit concurrent mark sweep GC freed 308(17KB) AllocSpace objects, 0(0B) LOS objects, 39% free, 25MB/41MB, paused 310us total 29.518ms
08-04 00:52:07.871  7769  7781 I art     : Starting a blocking GC Explicit
08-04 00:52:07.899  7769  7781 I art     : Explicit concurrent mark sweep GC freed 1889(74KB) AllocSpace objects, 0(0B) LOS objects, 39% free, 25MB/41MB, paused 393us total 27.488ms
08-04 00:52:07.913  7769  7781 I art     : Starting a blocking GC Explicit
08-04 00:52:07.942  7769  7781 I art     : Explicit concurrent mark sweep GC freed 132(4KB) AllocSpace objects, 0(0B) LOS objects, 39% free, 25MB/41MB, paused 275us total 29.115ms
08-04 00:52:08.050  7769  9306 I NAPPA_EXPERIMENTATION: MetricNetworkRequestExecutionTime: REQUEST_DURATION_SYSTEM='274',REQUEST_DURATION_OKHTTP='146',REQUEST_SYNCHRONOUS='TRUE',RESPONSE_CODE='200',RESPONSE_METHOD='GET',RESPONSE_LENGTH_OKHTTP='-1',RESPONSE_LENGTH_HEADER='4700',REQUEST_PROTOCOL='h2',REQUEST_URL='https://oauth.reddit.com/r/askscience/about.json',
08-04 00:52:08.050  7769  9306 D OK      : request got status: 200
08-04 00:52:08.085   380   380 W SurfaceFlinger: couldn't log to binary event log: overflow.
08-04 00:52:08.188  7769  7797 I art     : Starting a blocking GC Explicit
08-04 00:52:08.220  7769  7797 I art     : Explicit concurrent mark sweep GC freed 3042(273KB) AllocSpace objects, 4(176KB) LOS objects, 38% free, 25MB/41MB, paused 499us total 31.673ms
08-04 00:52:08.235  7769  7797 I art     : Starting a blocking GC Explicit
08-04 00:52:08.266  7769  7797 I art     : Explicit concurrent mark sweep GC freed 268(12KB) AllocSpace objects, 0(0B) LOS objects, 38% free, 25MB/41MB, paused 264us total 30.821ms
08-04 00:52:08.279  7769  7797 I art     : Starting a blocking GC Explicit
08-04 00:52:08.298   512  2967 D audio_hw_primary: disable_audio_route: reset and update mixer path: low-latency-playback speaker
08-04 00:52:08.299   512  2967 D audio_hw_primary: disable_snd_device: snd_device(2: speaker)
08-04 00:52:08.307   512  2967 I soundtrigger: audio_extn_sound_trigger_update_device_status: device 0x2 of type 0 for Event 0
08-04 00:52:08.308  7769  7797 I art     : Explicit concurrent mark sweep GC freed 3(96B) AllocSpace objects, 0(0B) LOS objects, 38% free, 25MB/41MB, paused 254us total 28.334ms
08-04 00:52:08.320  7769  7797 I art     : Starting a blocking GC Explicit
08-04 00:52:08.338  4731  4731 I ServiceManager: Waiting for service AtCmdFwd...
08-04 00:52:08.351  7769  7797 I art     : Explicit concurrent mark sweep GC freed 3(96B) AllocSpace objects, 0(0B) LOS objects, 38% free, 25MB/41MB, paused 306us total 30.576ms
08-04 00:52:08.364  7769  7797 I art     : Starting a blocking GC Explicit
08-04 00:52:08.395  7769  7797 I art     : Explicit concurrent mark sweep GC freed 16(640B) AllocSpace objects, 0(0B) LOS objects, 38% free, 25MB/41MB, paused 277us total 30.627ms
08-04 00:52:08.673  7769  7781 I art     : Starting a blocking GC Explicit
08-04 00:52:08.705  7769  7781 I art     : Explicit concurrent mark sweep GC freed 1389(82KB) AllocSpace objects, 1(20KB) LOS objects, 38% free, 25MB/41MB, paused 313us total 32.024ms
08-04 00:52:08.719  7769  7781 I art     : Starting a blocking GC Explicit
08-04 00:52:08.750  7769  7781 I art     : Explicit concurrent mark sweep GC freed 20(704B) AllocSpace objects, 0(0B) LOS objects, 38% free, 25MB/41MB, paused 249us total 30.760ms
08-04 00:52:08.763  7769  7781 I art     : Starting a blocking GC Explicit
08-04 00:52:08.794  7769  7781 I art     : Explicit concurrent mark sweep GC freed 3(96B) AllocSpace objects, 0(0B) LOS objects, 38% free, 25MB/41MB, paused 270us total 30.890ms
08-04 00:52:08.808  7769  7781 I art     : Starting a blocking GC Explicit
08-04 00:52:08.838  7769  7781 I art     : Explicit concurrent mark sweep GC freed 3(96B) AllocSpace objects, 0(0B) LOS objects, 38% free, 25MB/41MB, paused 254us total 30.411ms
08-04 00:52:08.852  7769  7781 I art     : Starting a blocking GC Explicit
08-04 00:52:08.883  7769  7781 I art     : Explicit concurrent mark sweep GC freed 3(96B) AllocSpace objects, 0(0B) LOS objects, 38% free, 25MB/41MB, paused 273us total 31.361ms
08-04 00:52:08.976  7769  9330 D OK      : calling: https://oauth.reddit.com/r/askscience/hot/.json
08-04 00:52:09.154  7769  9330 I NAPPA_EXPERIMENTATION: MetricNetworkRequestExecutionTime: REQUEST_DURATION_SYSTEM='178',REQUEST_DURATION_OKHTTP='174',REQUEST_SYNCHRONOUS='TRUE',RESPONSE_CODE='200',RESPONSE_METHOD='GET',RESPONSE_LENGTH_OKHTTP='-1',RESPONSE_LENGTH_HEADER='21282',REQUEST_PROTOCOL='h2',REQUEST_URL='https://oauth.reddit.com/r/askscience/hot/.json',
08-04 00:52:09.155  7769  9330 D OK      : request got status: 200
08-04 00:52:09.164  7769  7780 I art     : Starting a blocking GC Explicit
08-04 00:52:09.169  7769  8381 I PostListingFragment: Precaching images: OFF
08-04 00:52:09.169  7769  8381 I PostListingFragment: Precaching comments: OFF
08-04 00:52:09.200  7769  7780 I art     : Explicit concurrent mark sweep GC freed 2254(212KB) AllocSpace objects, 1(20KB) LOS objects, 38% free, 25MB/41MB, paused 475us total 35.869ms
08-04 00:52:09.213  7769  7780 I art     : Starting a blocking GC Explicit
08-04 00:52:09.248  7769  7780 I art     : Explicit concurrent mark sweep GC freed 4217(203KB) AllocSpace objects, 1(68KB) LOS objects, 38% free, 25MB/41MB, paused 447us total 34.423ms
08-04 00:52:09.261  7769  7780 I art     : Starting a blocking GC Explicit
08-04 00:52:09.293  7769  7780 I art     : Explicit concurrent mark sweep GC freed 3666(189KB) AllocSpace objects, 1(68KB) LOS objects, 38% free, 25MB/41MB, paused 379us total 32.271ms
08-04 00:52:09.294  7769  7779 I art     : WaitForGcToComplete blocked for 28.617ms for cause HeapTrim
08-04 00:52:09.307  7769  7780 I art     : Starting a blocking GC Explicit
08-04 00:52:09.338  4731  4731 W Atfwd_Sendcmd: AtCmdFwd service not published, waiting... retryCnt : 4
08-04 00:52:09.341  7769  7780 I art     : Explicit concurrent mark sweep GC freed 3083(118KB) AllocSpace objects, 0(0B) LOS objects, 38% free, 25MB/41MB, paused 492us total 33.860ms
08-04 00:52:09.354  7769  7780 I art     : Starting a blocking GC Explicit
08-04 00:52:09.389  7769  7780 I art     : Explicit concurrent mark sweep GC freed 3558(131KB) AllocSpace objects, 0(0B) LOS objects, 38% free, 25MB/41MB, paused 425us total 34.196ms
08-04 00:52:09.667  7769  7781 I art     : Starting a blocking GC Explicit
08-04 00:52:09.703  7769  7781 I art     : Explicit concurrent mark sweep GC freed 19555(878KB) AllocSpace objects, 1(20KB) LOS objects, 38% free, 25MB/41MB, paused 294us total 36.106ms
08-04 00:52:09.717  7769  7781 I art     : Starting a blocking GC Explicit
08-04 00:52:09.750  7769  7781 I art     : Explicit concurrent mark sweep GC freed 784(35KB) AllocSpace objects, 0(0B) LOS objects, 38% free, 25MB/41MB, paused 250us total 32.597ms
08-04 00:52:09.763  7769  7781 I art     : Starting a blocking GC Explicit
08-04 00:52:09.793  7769  7781 I art     : Explicit concurrent mark sweep GC freed 32(1344B) AllocSpace objects, 0(0B) LOS objects, 38% free, 25MB/41MB, paused 276us total 29.908ms
08-04 00:52:09.807  7769  7781 I art     : Starting a blocking GC Explicit
08-04 00:52:09.839  7769  7781 I art     : Explicit concurrent mark sweep GC freed 3(96B) AllocSpace objects, 0(0B) LOS objects, 38% free, 25MB/41MB, paused 270us total 31.426ms
08-04 00:52:09.852  7769  7781 I art     : Starting a blocking GC Explicit
08-04 00:52:09.883  7769  7781 I art     : Explicit concurrent mark sweep GC freed 3(96B) AllocSpace objects, 0(0B) LOS objects, 38% free, 25MB/41MB, paused 261us total 30.850ms
08-04 00:52:10.193  7769  8103 I art     : Starting a blocking GC Explicit
08-04 00:52:10.240  7769  8103 I art     : Explicit concurrent mark sweep GC freed 1515(87KB) AllocSpace objects, 1(20KB) LOS objects, 38% free, 25MB/41MB, paused 282us total 47.220ms
08-04 00:52:10.257  7769  8103 I art     : Starting a blocking GC Explicit
08-04 00:52:10.292  7769  8103 I art     : Explicit concurrent mark sweep GC freed 20(704B) AllocSpace objects, 0(0B) LOS objects, 38% free, 25MB/41MB, paused 288us total 34.892ms
08-04 00:52:10.306  7769  8103 I art     : Starting a blocking GC Explicit
08-04 00:52:10.341  7769  8103 I art     : Explicit concurrent mark sweep GC freed 3(96B) AllocSpace objects, 0(0B) LOS objects, 38% free, 25MB/41MB, paused 278us total 34.780ms
08-04 00:52:10.355  7769  8103 I art     : Starting a blocking GC Explicit
08-04 00:52:10.389  7769  8103 I art     : Explicit concurrent mark sweep GC freed 3(96B) AllocSpace objects, 0(0B) LOS objects, 38% free, 25MB/41MB, paused 281us total 33.451ms
08-04 00:52:10.402  7769  8103 I art     : Starting a blocking GC Explicit
08-04 00:52:10.436  7769  8103 I art     : Explicit concurrent mark sweep GC freed 3(96B) AllocSpace objects, 0(0B) LOS objects, 38% free, 25MB/41MB, paused 279us total 33.744ms
08-04 00:52:10.755  7769  7781 I art     : Starting a blocking GC Explicit
08-04 00:52:10.799  7769  7781 I art     : Explicit concurrent mark sweep GC freed 1344(80KB) AllocSpace objects, 1(20KB) LOS objects, 38% free, 25MB/41MB, paused 326us total 43.275ms
08-04 00:52:10.816  7769  7781 I art     : Starting a blocking GC Explicit
08-04 00:52:10.850  7769  7781 I art     : Explicit concurrent mark sweep GC freed 20(704B) AllocSpace objects, 0(0B) LOS objects, 38% free, 25MB/41MB, paused 262us total 33.927ms
08-04 00:52:10.864  7769  7781 I art     : Starting a blocking GC Explicit
08-04 00:52:10.898  7769  7781 I art     : Explicit concurrent mark sweep GC freed 3(96B) AllocSpace objects, 0(0B) LOS objects, 38% free, 25MB/41MB, paused 275us total 34.588ms
08-04 00:52:10.912  7769  7781 I art     : Starting a blocking GC Explicit
08-04 00:52:10.947  7769  7781 I art     : Explicit concurrent mark sweep GC freed 3(96B) AllocSpace objects, 0(0B) LOS objects, 38% free, 25MB/41MB, paused 302us total 34.786ms
08-04 00:52:10.961  7769  7781 I art     : Starting a blocking GC Explicit
08-04 00:52:10.995  7769  7781 I art     : Explicit concurrent mark sweep GC freed 3(96B) AllocSpace objects, 0(0B) LOS objects, 38% free, 25MB/41MB, paused 268us total 33.217ms
08-04 00:52:11.309  7769  7797 I art     : Starting a blocking GC Explicit
08-04 00:52:11.353  7769  7797 I art     : Explicit concurrent mark sweep GC freed 1344(80KB) AllocSpace objects, 1(20KB) LOS objects, 38% free, 25MB/41MB, paused 291us total 43.326ms
08-04 00:52:11.370  7769  7797 I art     : Starting a blocking GC Explicit
08-04 00:52:11.405  7769  7797 I art     : Explicit concurrent mark sweep GC freed 20(704B) AllocSpace objects, 0(0B) LOS objects, 38% free, 25MB/41MB, paused 278us total 34.037ms
08-04 00:52:11.418  7769  7797 I art     : Starting a blocking GC Explicit
08-04 00:52:11.452  7769  7797 I art     : Explicit concurrent mark sweep GC freed 3(96B) AllocSpace objects, 0(0B) LOS objects, 38% free, 25MB/41MB, paused 264us total 33.716ms
08-04 00:52:11.466  7769  7797 I art     : Starting a blocking GC Explicit
08-04 00:52:11.501  7769  7797 I art     : Explicit concurrent mark sweep GC freed 3(96B) AllocSpace objects, 0(0B) LOS objects, 38% free, 25MB/41MB, paused 263us total 33.959ms
08-04 00:52:11.514  7769  7797 I art     : Starting a blocking GC Explicit
08-04 00:52:11.548  7769  7797 I art     : Explicit concurrent mark sweep GC freed 3(96B) AllocSpace objects, 0(0B) LOS objects, 38% free, 25MB/41MB, paused 273us total 33.904ms
08-04 00:52:11.863  7769  7780 I art     : Starting a blocking GC Explicit
08-04 00:52:11.907  7769  7780 I art     : Explicit concurrent mark sweep GC freed 1343(80KB) AllocSpace objects, 1(20KB) LOS objects, 38% free, 25MB/41MB, paused 304us total 44.267ms
08-04 00:52:11.923  7769  7780 I art     : Starting a blocking GC Explicit
08-04 00:52:11.958  7769  7780 I art     : Explicit concurrent mark sweep GC freed 20(704B) AllocSpace objects, 0(0B) LOS objects, 38% free, 25MB/41MB, paused 283us total 34.747ms
08-04 00:52:11.972  7769  7780 I art     : Starting a blocking GC Explicit
08-04 00:52:12.005  7769  7780 I art     : Explicit concurrent mark sweep GC freed 3(96B) AllocSpace objects, 0(0B) LOS objects, 38% free, 25MB/41MB, paused 265us total 32.884ms
08-04 00:52:12.018  7769  7780 I art     : Starting a blocking GC Explicit
08-04 00:52:12.052  7769  7780 I art     : Explicit concurrent mark sweep GC freed 3(96B) AllocSpace objects, 0(0B) LOS objects, 38% free, 25MB/41MB, paused 272us total 33.688ms
08-04 00:52:12.066  7769  7780 I art     : Starting a blocking GC Explicit
08-04 00:52:12.101  7769  7780 I art     : Explicit concurrent mark sweep GC freed 3(96B) AllocSpace objects, 0(0B) LOS objects, 38% free, 25MB/41MB, paused 277us total 34.533ms
08-04 00:52:12.408  7769  8103 I art     : Starting a blocking GC Explicit
08-04 00:52:12.451  7769  8103 I art     : Explicit concurrent mark sweep GC freed 1347(80KB) AllocSpace objects, 1(20KB) LOS objects, 38% free, 25MB/41MB, paused 306us total 43.227ms
08-04 00:52:12.469  7769  8103 I art     : Starting a blocking GC Explicit
08-04 00:52:12.501  7769  8103 I art     : Explicit concurrent mark sweep GC freed 20(704B) AllocSpace objects, 0(0B) LOS objects, 38% free, 25MB/41MB, paused 251us total 32.244ms
08-04 00:52:12.515  7769  8103 I art     : Starting a blocking GC Explicit
08-04 00:52:12.547  7769  8103 I art     : Explicit concurrent mark sweep GC freed 3(96B) AllocSpace objects, 0(0B) LOS objects, 38% free, 25MB/41MB, paused 294us total 32.382ms
08-04 00:52:12.561  7769  8103 I art     : Starting a blocking GC Explicit
08-04 00:52:12.593  7769  8103 I art     : Explicit concurrent mark sweep GC freed 3(96B) AllocSpace objects, 0(0B) LOS objects, 38% free, 25MB/41MB, paused 267us total 31.857ms
08-04 00:52:12.607  7769  8103 I art     : Starting a blocking GC Explicit
08-04 00:52:12.640  7769  8103 I art     : Explicit concurrent mark sweep GC freed 3(96B) AllocSpace objects, 0(0B) LOS objects, 38% free, 25MB/41MB, paused 283us total 33.186ms
08-04 00:52:12.950  7769  7781 I art     : Starting a blocking GC Explicit
08-04 00:52:12.984  7769  7781 I art     : Explicit concurrent mark sweep GC freed 1344(80KB) AllocSpace objects, 1(20KB) LOS objects, 38% free, 25MB/41MB, paused 286us total 34.070ms
08-04 00:52:12.998  7769  7781 I art     : Starting a blocking GC Explicit
08-04 00:52:13.030  7769  7781 I art     : Explicit concurrent mark sweep GC freed 20(704B) AllocSpace objects, 0(0B) LOS objects, 38% free, 25MB/41MB, paused 261us total 31.467ms
08-04 00:52:13.043  7769  7781 I art     : Starting a blocking GC Explicit
08-04 00:52:13.075  7769  7781 I art     : Explicit concurrent mark sweep GC freed 3(96B) AllocSpace objects, 0(0B) LOS objects, 38% free, 25MB/41MB, paused 265us total 32.057ms
08-04 00:52:13.088  7769  7781 I art     : Starting a blocking GC Explicit
08-04 00:52:13.120  7769  7781 I art     : Explicit concurrent mark sweep GC freed 3(96B) AllocSpace objects, 0(0B) LOS objects, 38% free, 25MB/41MB, paused 290us total 32.051ms
08-04 00:52:13.134  7769  7781 I art     : Starting a blocking GC Explicit
08-04 00:52:13.166  7769  7781 I art     : Explicit concurrent mark sweep GC freed 3(96B) AllocSpace objects, 0(0B) LOS objects, 38% free, 25MB/41MB, paused 267us total 32.018ms
08-04 00:52:13.301   918  3261 D WifiStateMachine: starting scan for "H369AA63323"WPA_PSK with 2412,5180
08-04 00:52:13.362  9415  9415 D AndroidRuntime: >>>>>> START com.android.internal.os.RuntimeInit uid 2000 <<<<<<
08-04 00:52:13.367  9415  9415 D AndroidRuntime: CheckJNI is OFF
08-04 00:52:13.398  9415  9415 D ICU     : No timezone override file found: /data/misc/zoneinfo/current/icu/icu_tzdata.dat
08-04 00:52:13.429  9415  9415 I Radio-JNI: register_android_hardware_Radio DONE
08-04 00:52:13.451  9415  9415 D AndroidRuntime: Calling main entry com.android.commands.input.Input
08-04 00:52:13.453  9415  9415 I Input   : injectMotionEvent: MotionEvent { action=ACTION_DOWN, actionButton=0, id[0]=0, x[0]=600.0, y[0]=700.0, toolType[0]=TOOL_TYPE_UNKNOWN, buttonState=0, metaState=0, flags=0x0, edgeFlags=0x0, pointerCount=1, historySize=0, eventTime=665549866, downTime=665549866, deviceId=0, source=0x1002 }
08-04 00:52:13.459  9415  9415 I Input   : injectMotionEvent: MotionEvent { action=ACTION_UP, actionButton=0, id[0]=0, x[0]=600.0, y[0]=700.0, toolType[0]=TOOL_TYPE_UNKNOWN, buttonState=0, metaState=0, flags=0x0, edgeFlags=0x0, pointerCount=1, historySize=0, eventTime=665549866, downTime=665549866, deviceId=0, source=0x1002 }
08-04 00:52:13.461  9415  9415 D AndroidRuntime: Shutting down VM
08-04 00:52:13.473  7769  7797 I art     : Starting a blocking GC Explicit
08-04 00:52:13.478   512  2967 D audio_hw_primary: out_set_parameters: enter: usecase(1: low-latency-playback) kvpairs: routing=2
08-04 00:52:13.480   918  6029 I ActivityManager: START u0 {dat=https://oauth.reddit.com/... cmp=baseline.org.quantumbadger.redreader/.activities.CommentListingActivity} from uid 10666 on display 0
08-04 00:52:13.493   512  2967 D audio_hw_primary: select_devices: out_snd_device(2: speaker) in_snd_device(0: none)
08-04 00:52:13.493   512  2967 D msm8974_platform: platform_send_audio_calibration: sending audio calibration for snd_device(2) acdb_id(15)
08-04 00:52:13.493   512  2967 I soundtrigger: audio_extn_sound_trigger_update_device_status: device 0x2 of type 0 for Event 1
08-04 00:52:13.503   512  2967 D audio_hw_primary: enable_snd_device: snd_device(2: speaker)
08-04 00:52:13.505  7769  7769 I AppCompatViewInflater: app:theme is now deprecated. Please move to using android:theme instead.
08-04 00:52:13.505   512  2967 D audio_hw_primary: enable_audio_route: apply and update mixer path: low-latency-playback speaker
08-04 00:52:13.510  7769  7797 I art     : Explicit concurrent mark sweep GC freed 2511(132KB) AllocSpace objects, 1(20KB) LOS objects, 38% free, 25MB/41MB, paused 565us total 37.363ms
08-04 00:52:13.523  7769  8381 I CommentListingActivity: COMMENTS session changed to 06e957b6-f409-4c0f-aec9-28851f291049
08-04 00:52:13.524  7769  7797 I art     : Starting a blocking GC Explicit
08-04 00:52:13.560  7769  7797 I art     : Explicit concurrent mark sweep GC freed 4048(344KB) AllocSpace objects, 1(20KB) LOS objects, 37% free, 26MB/42MB, paused 838us total 36.215ms
08-04 00:52:13.573  7769  7797 I art     : Starting a blocking GC Explicit
08-04 00:52:13.607   918   936 I ActivityManager: Displayed baseline.org.quantumbadger.redreader/.activities.CommentListingActivity: +117ms
08-04 00:52:13.607 13866 13866 I GoogleInputMethodServic: GoogleInputMethodService.onFinishInput():3138 
08-04 00:52:13.608 13866 13866 I GoogleInputMethodServic: GoogleInputMethodService.onStartInput():1808 
08-04 00:52:13.613  7769  7797 I art     : Explicit concurrent mark sweep GC freed 11023(731KB) AllocSpace objects, 1(16KB) LOS objects, 36% free, 27MB/43MB, paused 708us total 39.660ms
08-04 00:52:13.627  7769  7797 I art     : Starting a blocking GC Explicit
08-04 00:52:13.700  7769  7797 I art     : Explicit concurrent mark sweep GC freed 13431(899KB) AllocSpace objects, 0(0B) LOS objects, 35% free, 28MB/44MB, paused 1.016ms total 72.134ms
08-04 00:52:13.715  7769  7797 I art     : Starting a blocking GC Explicit
08-04 00:52:13.761  7769  7797 I art     : Explicit concurrent mark sweep GC freed 12991(901KB) AllocSpace objects, 1(16KB) LOS objects, 35% free, 29MB/45MB, paused 413us total 45.998ms
08-04 00:52:13.857   380   380 W SurfaceFlinger: couldn't log to binary event log: overflow.
08-04 00:52:14.000  7769  8103 I art     : Starting a blocking GC Explicit
08-04 00:52:14.039   512  2967 D audio_hw_primary: disable_audio_route: reset and update mixer path: low-latency-playback speaker
08-04 00:52:14.040   512  2967 D audio_hw_primary: disable_snd_device: snd_device(2: speaker)
08-04 00:52:14.047  7769  8103 I art     : Explicit concurrent mark sweep GC freed 23077(1096KB) AllocSpace objects, 1(20KB) LOS objects, 36% free, 28MB/44MB, paused 245us total 46.235ms
08-04 00:52:14.049   512  2967 I soundtrigger: audio_extn_sound_trigger_update_device_status: device 0x2 of type 0 for Event 0
08-04 00:52:14.062  7769  8103 I art     : Starting a blocking GC Explicit
08-04 00:52:14.105  7769  8103 I art     : Explicit concurrent mark sweep GC freed 32(1280B) AllocSpace objects, 0(0B) LOS objects, 36% free, 28MB/44MB, paused 270us total 42.190ms
08-04 00:52:14.120  7769  8103 I art     : Starting a blocking GC Explicit
08-04 00:52:14.166  7769  8103 I art     : Explicit concurrent mark sweep GC freed 3(96B) AllocSpace objects, 0(0B) LOS objects, 36% free, 28MB/44MB, paused 291us total 45.634ms
08-04 00:52:14.181  7769  8103 I art     : Starting a blocking GC Explicit
08-04 00:52:14.203  7769  9341 I RedditChangeDataIO: Writing tmp data file at '/data/user/0/baseline.org.quantumbadger.redreader/files/rr_change_data_tmp.dat'
08-04 00:52:14.203  7769  9341 I RedditChangeDataManager: Taking snapshot...
08-04 00:52:14.203  7769  9341 I RedditChangeDataManager: Writing to stream...
08-04 00:52:14.203  7769  9341 I RedditChangeDataManager: Wrote 3 entries for user ''
08-04 00:52:14.203  7769  9341 I RedditChangeDataManager: All entries written to stream.
08-04 00:52:14.204  7769  9341 I RedditChangeDataIO: Write successful. Atomically replacing data file...
08-04 00:52:14.204  7769  9341 I RedditChangeDataIO: Write complete.
08-04 00:52:14.204  7769  9341 I RedditChangeDataIO: 86 bytes written in 1 ms
08-04 00:52:14.228  7769  8103 I art     : Explicit concurrent mark sweep GC freed 104(5KB) AllocSpace objects, 1(68KB) LOS objects, 36% free, 28MB/44MB, paused 238us total 46.435ms
08-04 00:52:14.245  7769  8103 I art     : Starting a blocking GC Explicit
08-04 00:52:14.293  7769  8103 I art     : Explicit concurrent mark sweep GC freed 238(39KB) AllocSpace objects, 0(0B) LOS objects, 36% free, 28MB/44MB, paused 246us total 47.732ms
08-04 00:52:14.583  7769  7780 I art     : Starting a blocking GC Explicit
08-04 00:52:14.632  7769  7780 I art     : Explicit concurrent mark sweep GC freed 1408(82KB) AllocSpace objects, 1(20KB) LOS objects, 36% free, 28MB/44MB, paused 245us total 48.330ms
08-04 00:52:14.649  7769  7780 I art     : Starting a blocking GC Explicit
08-04 00:52:14.697  7769  7780 I art     : Explicit concurrent mark sweep GC freed 66(2528B) AllocSpace objects, 0(0B) LOS objects, 36% free, 28MB/44MB, paused 263us total 48.404ms
08-04 00:52:14.713  7769  7780 I art     : Starting a blocking GC Explicit
08-04 00:52:14.760  7769  7780 I art     : Explicit concurrent mark sweep GC freed 3(96B) AllocSpace objects, 0(0B) LOS objects, 36% free, 28MB/44MB, paused 243us total 47.267ms
08-04 00:52:14.776  7769  7780 I art     : Starting a blocking GC Explicit
08-04 00:52:14.824  7769  7780 I art     : Explicit concurrent mark sweep GC freed 3(96B) AllocSpace objects, 0(0B) LOS objects, 36% free, 28MB/44MB, paused 218us total 48.351ms
08-04 00:52:14.840  7769  7780 I art     : Starting a blocking GC Explicit
08-04 00:52:14.889  7769  7780 I art     : Explicit concurrent mark sweep GC freed 3(96B) AllocSpace objects, 0(0B) LOS objects, 36% free, 28MB/44MB, paused 245us total 48.220ms
08-04 00:52:15.174  7769  8103 I art     : Starting a blocking GC Explicit
08-04 00:52:15.234  7769  8103 I art     : Explicit concurrent mark sweep GC freed 1343(80KB) AllocSpace objects, 1(20KB) LOS objects, 36% free, 28MB/44MB, paused 268us total 60.356ms
08-04 00:52:15.255  7769  8103 I art     : Starting a blocking GC Explicit
08-04 00:52:15.302  7769  8103 I art     : Explicit concurrent mark sweep GC freed 20(704B) AllocSpace objects, 0(0B) LOS objects, 36% free, 28MB/44MB, paused 252us total 46.814ms
08-04 00:52:15.318  7769  8103 I art     : Starting a blocking GC Explicit
08-04 00:52:15.367  7769  8103 I art     : Explicit concurrent mark sweep GC freed 3(96B) AllocSpace objects, 0(0B) LOS objects, 36% free, 28MB/44MB, paused 261us total 48.580ms
08-04 00:52:15.383  7769  8103 I art     : Starting a blocking GC Explicit
08-04 00:52:15.428  7769  8103 I art     : Explicit concurrent mark sweep GC freed 3(96B) AllocSpace objects, 0(0B) LOS objects, 36% free, 28MB/44MB, paused 224us total 45.005ms
08-04 00:52:15.444  7769  8103 I art     : Starting a blocking GC Explicit
08-04 00:52:15.492  7769  8103 I art     : Explicit concurrent mark sweep GC freed 3(96B) AllocSpace objects, 0(0B) LOS objects, 36% free, 28MB/44MB, paused 251us total 48.273ms
08-04 00:52:15.834  7769  7781 I art     : Starting a blocking GC Explicit
08-04 00:52:15.896  7769  7781 I art     : Explicit concurrent mark sweep GC freed 1343(80KB) AllocSpace objects, 1(20KB) LOS objects, 36% free, 28MB/44MB, paused 267us total 61.931ms
08-04 00:52:15.912  7769  7781 I art     : Starting a blocking GC Explicit
08-04 00:52:15.960  7769  7781 I art     : Explicit concurrent mark sweep GC freed 20(704B) AllocSpace objects, 0(0B) LOS objects, 36% free, 28MB/44MB, paused 251us total 47.302ms
08-04 00:52:15.975  7769  7781 I art     : Starting a blocking GC Explicit
08-04 00:52:16.024  7769  7781 I art     : Explicit concurrent mark sweep GC freed 3(96B) AllocSpace objects, 0(0B) LOS objects, 36% free, 28MB/44MB, paused 259us total 48.204ms
08-04 00:52:16.040  7769  7781 I art     : Starting a blocking GC Explicit
08-04 00:52:16.088  7769  7781 I art     : Explicit concurrent mark sweep GC freed 3(96B) AllocSpace objects, 0(0B) LOS objects, 36% free, 28MB/44MB, paused 253us total 48.628ms
08-04 00:52:16.104  7769  7781 I art     : Starting a blocking GC Explicit
08-04 00:52:16.152  7769  7781 I art     : Explicit concurrent mark sweep GC freed 3(96B) AllocSpace objects, 0(0B) LOS objects, 36% free, 28MB/44MB, paused 243us total 47.661ms
08-04 00:52:16.473  7769  7797 I art     : Starting a blocking GC Explicit
08-04 00:52:16.534  7769  7797 I art     : Explicit concurrent mark sweep GC freed 1343(80KB) AllocSpace objects, 1(20KB) LOS objects, 36% free, 28MB/44MB, paused 276us total 60.561ms
08-04 00:52:16.554  7769  7797 I art     : Starting a blocking GC Explicit
08-04 00:52:16.605  7769  7797 I art     : Explicit concurrent mark sweep GC freed 20(704B) AllocSpace objects, 0(0B) LOS objects, 36% free, 28MB/44MB, paused 250us total 51.025ms
08-04 00:52:16.621  7769  7797 I art     : Starting a blocking GC Explicit
08-04 00:52:16.670  7769  7797 I art     : Explicit concurrent mark sweep GC freed 3(96B) AllocSpace objects, 0(0B) LOS objects, 36% free, 28MB/44MB, paused 272us total 48.191ms
08-04 00:52:16.691  7769  7797 I art     : Starting a blocking GC Explicit
08-04 00:52:16.737  7769  7797 I art     : Explicit concurrent mark sweep GC freed 3(96B) AllocSpace objects, 0(0B) LOS objects, 36% free, 28MB/44MB, paused 235us total 46.121ms
08-04 00:52:16.753  7769  7797 I art     : Starting a blocking GC Explicit
08-04 00:52:16.802  7769  7797 I art     : Explicit concurrent mark sweep GC freed 3(96B) AllocSpace objects, 0(0B) LOS objects, 36% free, 28MB/44MB, paused 250us total 48.515ms
08-04 00:52:17.114  7769  7780 I art     : Starting a blocking GC Explicit
08-04 00:52:17.175  7769  7780 I art     : Explicit concurrent mark sweep GC freed 1343(80KB) AllocSpace objects, 1(20KB) LOS objects, 36% free, 28MB/44MB, paused 274us total 60.480ms
08-04 00:52:17.194  7769  7780 I art     : Starting a blocking GC Explicit
08-04 00:52:17.243  7769  7780 I art     : Explicit concurrent mark sweep GC freed 20(704B) AllocSpace objects, 0(0B) LOS objects, 36% free, 28MB/44MB, paused 249us total 48.529ms
08-04 00:52:17.259  7769  7780 I art     : Starting a blocking GC Explicit
08-04 00:52:17.308  7769  7780 I art     : Explicit concurrent mark sweep GC freed 3(96B) AllocSpace objects, 0(0B) LOS objects, 36% free, 28MB/44MB, paused 247us total 48.780ms
08-04 00:52:17.324  7769  7780 I art     : Starting a blocking GC Explicit
08-04 00:52:17.373  7769  7780 I art     : Explicit concurrent mark sweep GC freed 3(96B) AllocSpace objects, 0(0B) LOS objects, 36% free, 28MB/44MB, paused 260us total 48.562ms
08-04 00:52:17.394  7769  7780 I art     : Starting a blocking GC Explicit
08-04 00:52:17.441  7769  7780 I art     : Explicit concurrent mark sweep GC freed 3(96B) AllocSpace objects, 0(0B) LOS objects, 36% free, 28MB/44MB, paused 226us total 47.235ms
08-04 00:52:17.733  7769  8103 I art     : Starting a blocking GC Explicit
08-04 00:52:17.779  7769  8103 I art     : Explicit concurrent mark sweep GC freed 1345(80KB) AllocSpace objects, 1(20KB) LOS objects, 36% free, 28MB/44MB, paused 248us total 46.286ms
08-04 00:52:17.795  7769  8103 I art     : Starting a blocking GC Explicit
08-04 00:52:17.840  7769  8103 I art     : Explicit concurrent mark sweep GC freed 20(704B) AllocSpace objects, 0(0B) LOS objects, 36% free, 28MB/44MB, paused 254us total 45.093ms
08-04 00:52:17.856  7769  8103 I art     : Starting a blocking GC Explicit
08-04 00:52:17.902  7769  8103 I art     : Explicit concurrent mark sweep GC freed 3(96B) AllocSpace objects, 0(0B) LOS objects, 36% free, 28MB/44MB, paused 261us total 45.535ms
08-04 00:52:17.917  7769  8103 I art     : Starting a blocking GC Explicit
08-04 00:52:17.961  7769  8103 I art     : Explicit concurrent mark sweep GC freed 3(96B) AllocSpace objects, 0(0B) LOS objects, 36% free, 28MB/44MB, paused 248us total 43.433ms
08-04 00:52:17.976  7769  8103 I art     : Starting a blocking GC Explicit
08-04 00:52:18.023  7769  8103 I art     : Explicit concurrent mark sweep GC freed 3(96B) AllocSpace objects, 0(0B) LOS objects, 36% free, 28MB/44MB, paused 240us total 46.727ms
08-04 00:52:18.127  9510  9510 D AndroidRuntime: >>>>>> START com.android.internal.os.RuntimeInit uid 2000 <<<<<<
08-04 00:52:18.132  9510  9510 D AndroidRuntime: CheckJNI is OFF
08-04 00:52:18.170  9510  9510 D ICU     : No timezone override file found: /data/misc/zoneinfo/current/icu/icu_tzdata.dat
08-04 00:52:18.203  9510  9510 I Radio-JNI: register_android_hardware_Radio DONE
08-04 00:52:18.224  9510  9510 D AndroidRuntime: Calling main entry com.android.commands.input.Input
08-04 00:52:18.226  9510  9510 I Input   : injectKeyEvent: KeyEvent { action=ACTION_DOWN, keyCode=KEYCODE_BACK, scanCode=0, metaState=0, flags=0x0, repeatCount=0, eventTime=665554639, downTime=665554639, deviceId=-1, source=0x101 }
08-04 00:52:18.231  9510  9510 I Input   : injectKeyEvent: KeyEvent { action=ACTION_UP, keyCode=KEYCODE_BACK, scanCode=0, metaState=0, flags=0x0, repeatCount=0, eventTime=665554639, downTime=665554639, deviceId=-1, source=0x101 }
08-04 00:52:18.237  9510  9510 D AndroidRuntime: Shutting down VM
08-04 00:52:18.268 13866 13866 I GoogleInputMethodServic: GoogleInputMethodService.onFinishInput():3138 
08-04 00:52:18.269 13866 13866 I GoogleInputMethodServic: GoogleInputMethodService.onStartInput():1808 
08-04 00:52:18.296  7769  7781 I art     : Starting a blocking GC Explicit
08-04 00:52:18.341  7769  7781 I art     : Explicit concurrent mark sweep GC freed 1582(88KB) AllocSpace objects, 1(20KB) LOS objects, 36% free, 28MB/44MB, paused 266us total 45.296ms
08-04 00:52:18.355  7769  7781 I art     : Starting a blocking GC Explicit
08-04 00:52:18.395  7769  7781 I art     : Explicit concurrent mark sweep GC freed 26(944B) AllocSpace objects, 0(0B) LOS objects, 36% free, 28MB/44MB, paused 205us total 40.047ms
08-04 00:52:18.411  7769  7781 I art     : Starting a blocking GC Explicit
08-04 00:52:18.456  7769  7781 I art     : Explicit concurrent mark sweep GC freed 3(96B) AllocSpace objects, 0(0B) LOS objects, 36% free, 28MB/44MB, paused 216us total 44.646ms
08-04 00:52:18.471  7769  7781 I art     : Starting a blocking GC Explicit
08-04 00:52:18.514  7769  7781 I art     : Explicit concurrent mark sweep GC freed 3(96B) AllocSpace objects, 0(0B) LOS objects, 36% free, 28MB/44MB, paused 244us total 43.394ms
08-04 00:52:18.530  7769  7781 I art     : Starting a blocking GC Explicit
08-04 00:52:18.582  7769  7781 I art     : Explicit concurrent mark sweep GC freed 3(96B) AllocSpace objects, 0(0B) LOS objects, 36% free, 28MB/44MB, paused 228us total 50.860ms
08-04 00:52:18.595   380   380 W SurfaceFlinger: couldn't log to binary event log: overflow.
08-04 00:52:18.861  7769  7780 I art     : Starting a blocking GC Explicit
08-04 00:52:18.919  7769  7780 I art     : Explicit concurrent mark sweep GC freed 1404(82KB) AllocSpace objects, 1(20KB) LOS objects, 36% free, 28MB/44MB, paused 377us total 57.959ms
08-04 00:52:18.941  7769  7780 I art     : Starting a blocking GC Explicit
08-04 00:52:18.979  7769  7780 I art     : Explicit concurrent mark sweep GC freed 46779(2MB) AllocSpace objects, 5(140KB) LOS objects, 38% free, 25MB/41MB, paused 246us total 38.101ms
08-04 00:52:18.994  7769  7780 I art     : Starting a blocking GC Explicit
08-04 00:52:19.027  7769  7780 I art     : Explicit concurrent mark sweep GC freed 3(96B) AllocSpace objects, 0(0B) LOS objects, 38% free, 25MB/41MB, paused 341us total 33.053ms
08-04 00:52:19.040  7769  7780 I art     : Starting a blocking GC Explicit
08-04 00:52:19.075  7769  7780 I art     : Explicit concurrent mark sweep GC freed 3(96B) AllocSpace objects, 0(0B) LOS objects, 38% free, 25MB/41MB, paused 249us total 34.172ms
08-04 00:52:19.089  7769  7780 I art     : Starting a blocking GC Explicit
08-04 00:52:19.124  7769  7780 I art     : Explicit concurrent mark sweep GC freed 3(96B) AllocSpace objects, 0(0B) LOS objects, 38% free, 25MB/41MB, paused 249us total 34.520ms
08-04 00:52:19.413  7769  8103 I art     : Starting a blocking GC Explicit
08-04 00:52:19.456  7769  8103 I art     : Explicit concurrent mark sweep GC freed 1343(80KB) AllocSpace objects, 1(20KB) LOS objects, 38% free, 25MB/41MB, paused 286us total 43.476ms
08-04 00:52:19.474  7769  8103 I art     : Starting a blocking GC Explicit
08-04 00:52:19.507  7769  8103 I art     : Explicit concurrent mark sweep GC freed 20(704B) AllocSpace objects, 0(0B) LOS objects, 38% free, 25MB/41MB, paused 370us total 32.798ms
08-04 00:52:19.520  7769  8103 I art     : Starting a blocking GC Explicit
08-04 00:52:19.552  7769  8103 I art     : Explicit concurrent mark sweep GC freed 3(96B) AllocSpace objects, 0(0B) LOS objects, 38% free, 25MB/41MB, paused 248us total 31.839ms
08-04 00:52:19.565  7769  8103 I art     : Starting a blocking GC Explicit
08-04 00:52:19.598  7769  8103 I art     : Explicit concurrent mark sweep GC freed 3(96B) AllocSpace objects, 0(0B) LOS objects, 38% free, 25MB/41MB, paused 250us total 31.929ms
08-04 00:52:19.611  7769  8103 I art     : Starting a blocking GC Explicit
08-04 00:52:19.643  7769  8103 I art     : Explicit concurrent mark sweep GC freed 3(96B) AllocSpace objects, 0(0B) LOS objects, 38% free, 25MB/41MB, paused 240us total 32.041ms
08-04 00:52:19.643  7769  7779 I art     : WaitForGcToComplete blocked for 11.602ms for cause HeapTrim
08-04 00:52:19.881  9553  9553 D AndroidRuntime: >>>>>> START com.android.internal.os.RuntimeInit uid 2000 <<<<<<
08-04 00:52:19.886  9553  9553 D AndroidRuntime: CheckJNI is OFF
08-04 00:52:19.909  7769  7797 I art     : Starting a blocking GC Explicit
08-04 00:52:19.922  9553  9553 D ICU     : No timezone override file found: /data/misc/zoneinfo/current/icu/icu_tzdata.dat
08-04 00:52:19.943  7769  7797 I art     : Explicit concurrent mark sweep GC freed 1343(80KB) AllocSpace objects, 1(20KB) LOS objects, 38% free, 25MB/41MB, paused 248us total 33.932ms
08-04 00:52:19.956  7769  7797 I art     : Starting a blocking GC Explicit
08-04 00:52:19.957  9553  9553 I Radio-JNI: register_android_hardware_Radio DONE
08-04 00:52:19.980  9553  9553 D AndroidRuntime: Calling main entry com.android.commands.input.Input
08-04 00:52:19.981  9553  9553 I Input   : injectKeyEvent: KeyEvent { action=ACTION_DOWN, keyCode=KEYCODE_BACK, scanCode=0, metaState=0, flags=0x0, repeatCount=0, eventTime=665556394, downTime=665556394, deviceId=-1, source=0x101 }
08-04 00:52:19.986  9553  9553 I Input   : injectKeyEvent: KeyEvent { action=ACTION_UP, keyCode=KEYCODE_BACK, scanCode=0, metaState=0, flags=0x0, repeatCount=0, eventTime=665556394, downTime=665556394, deviceId=-1, source=0x101 }
08-04 00:52:19.989  7769  7797 I art     : Explicit concurrent mark sweep GC freed 22(816B) AllocSpace objects, 0(0B) LOS objects, 38% free, 25MB/41MB, paused 359us total 32.342ms
08-04 00:52:19.993  9553  9553 D AndroidRuntime: Shutting down VM
08-04 00:52:20.002  7769  7797 I art     : Starting a blocking GC Explicit
08-04 00:52:20.033  7769  7797 I art     : Explicit concurrent mark sweep GC freed 113(3KB) AllocSpace objects, 0(0B) LOS objects, 38% free, 25MB/41MB, paused 218us total 30.904ms
08-04 00:52:20.037 13866 13866 I GoogleInputMethodServic: GoogleInputMethodService.onFinishInput():3138 
08-04 00:52:20.038 13866 13866 I GoogleInputMethodServic: GoogleInputMethodService.onStartInput():1808 
08-04 00:52:20.045  7769  7797 I art     : Starting a blocking GC Explicit
08-04 00:52:20.075  7769  7797 I art     : Explicit concurrent mark sweep GC freed 52(1840B) AllocSpace objects, 0(0B) LOS objects, 38% free, 25MB/41MB, paused 233us total 29.629ms
08-04 00:52:20.089  7769  7797 I art     : Starting a blocking GC Explicit
08-04 00:52:20.118  7769  7797 I art     : Explicit concurrent mark sweep GC freed 23(784B) AllocSpace objects, 0(0B) LOS objects, 38% free, 25MB/41MB, paused 203us total 28.976ms
08-04 00:52:20.360  7769  7781 I art     : Starting a blocking GC Explicit
08-04 00:52:20.390  7769  7781 I art     : Explicit concurrent mark sweep GC freed 1398(82KB) AllocSpace objects, 1(20KB) LOS objects, 38% free, 25MB/41MB, paused 250us total 29.782ms
08-04 00:52:20.402  7769  7781 I art     : Starting a blocking GC Explicit
08-04 00:52:20.431  7769  7781 I art     : Explicit concurrent mark sweep GC freed 150(7KB) AllocSpace objects, 0(0B) LOS objects, 38% free, 25MB/41MB, paused 249us total 29.275ms
08-04 00:52:20.444  7769  7781 I art     : Starting a blocking GC Explicit
08-04 00:52:20.473  7769  7781 I art     : Explicit concurrent mark sweep GC freed 3(96B) AllocSpace objects, 0(0B) LOS objects, 38% free, 25MB/41MB, paused 244us total 29.273ms
08-04 00:52:20.486  7769  7781 I art     : Starting a blocking GC Explicit
08-04 00:52:20.515  7769  7781 I art     : Explicit concurrent mark sweep GC freed 3(96B) AllocSpace objects, 0(0B) LOS objects, 38% free, 25MB/41MB, paused 253us total 29.185ms
08-04 00:52:20.528  7769  7781 I art     : Starting a blocking GC Explicit
08-04 00:52:20.558  7769  7781 I art     : Explicit concurrent mark sweep GC freed 3(96B) AllocSpace objects, 0(0B) LOS objects, 38% free, 25MB/41MB, paused 244us total 29.689ms
08-04 00:52:20.829  7769  7780 I art     : Starting a blocking GC Explicit
08-04 00:52:20.863  7769  7780 I art     : Explicit concurrent mark sweep GC freed 1343(80KB) AllocSpace objects, 1(20KB) LOS objects, 38% free, 25MB/41MB, paused 258us total 34.309ms
08-04 00:52:20.877  7769  7780 I art     : Starting a blocking GC Explicit
08-04 00:52:20.912  7769  7780 I art     : Explicit concurrent mark sweep GC freed 20(704B) AllocSpace objects, 0(0B) LOS objects, 38% free, 25MB/41MB, paused 259us total 34.703ms
08-04 00:52:20.926  7769  7780 I art     : Starting a blocking GC Explicit
08-04 00:52:20.961  7769  7780 I art     : Explicit concurrent mark sweep GC freed 3(96B) AllocSpace objects, 0(0B) LOS objects, 38% free, 25MB/41MB, paused 260us total 34.655ms
08-04 00:52:20.975  7769  7780 I art     : Starting a blocking GC Explicit
08-04 00:52:21.008  7769  7780 I art     : Explicit concurrent mark sweep GC freed 3(96B) AllocSpace objects, 0(0B) LOS objects, 38% free, 25MB/41MB, paused 250us total 33.403ms
08-04 00:52:21.022  7769  7780 I art     : Starting a blocking GC Explicit
08-04 00:52:21.057  7769  7780 I art     : Explicit concurrent mark sweep GC freed 3(96B) AllocSpace objects, 0(0B) LOS objects, 38% free, 25MB/41MB, paused 287us total 34.696ms
08-04 00:52:21.331  7769  8103 I art     : Starting a blocking GC Explicit
08-04 00:52:21.365  7769  8103 I art     : Explicit concurrent mark sweep GC freed 1343(80KB) AllocSpace objects, 1(20KB) LOS objects, 38% free, 25MB/41MB, paused 289us total 33.712ms
08-04 00:52:21.379  7769  8103 I art     : Starting a blocking GC Explicit
08-04 00:52:21.411  7769  8103 I art     : Explicit concurrent mark sweep GC freed 20(704B) AllocSpace objects, 0(0B) LOS objects, 38% free, 25MB/41MB, paused 261us total 32.069ms
08-04 00:52:21.424  7769  8103 I art     : Starting a blocking GC Explicit
08-04 00:52:21.457  7769  8103 I art     : Explicit concurrent mark sweep GC freed 3(96B) AllocSpace objects, 0(0B) LOS objects, 38% free, 25MB/41MB, paused 281us total 32.192ms
08-04 00:52:21.470  7769  8103 I art     : Starting a blocking GC Explicit
08-04 00:52:21.502  7769  8103 I art     : Explicit concurrent mark sweep GC freed 3(96B) AllocSpace objects, 0(0B) LOS objects, 38% free, 25MB/41MB, paused 264us total 32.168ms
08-04 00:52:21.515  7769  8103 I art     : Starting a blocking GC Explicit
08-04 00:52:21.548  7769  8103 I art     : Explicit concurrent mark sweep GC freed 3(96B) AllocSpace objects, 0(0B) LOS objects, 38% free, 25MB/41MB, paused 262us total 32.807ms
08-04 00:52:21.661  9598  9598 D AndroidRuntime: >>>>>> START com.android.internal.os.RuntimeInit uid 2000 <<<<<<
08-04 00:52:21.667  9598  9598 D AndroidRuntime: CheckJNI is OFF
08-04 00:52:21.705  9598  9598 D ICU     : No timezone override file found: /data/misc/zoneinfo/current/icu/icu_tzdata.dat
08-04 00:52:21.737  9598  9598 I Radio-JNI: register_android_hardware_Radio DONE
08-04 00:52:21.759  9598  9598 D AndroidRuntime: Calling main entry com.android.commands.input.Input
08-04 00:52:21.760  9598  9598 I Input   : injectMotionEvent: MotionEvent { action=ACTION_DOWN, actionButton=0, id[0]=0, x[0]=600.0, y[0]=1000.0, toolType[0]=TOOL_TYPE_UNKNOWN, buttonState=0, metaState=0, flags=0x0, edgeFlags=0x0, pointerCount=1, historySize=0, eventTime=665558173, downTime=665558173, deviceId=0, source=0x1002 }
08-04 00:52:21.767  9598  9598 I Input   : injectMotionEvent: MotionEvent { action=ACTION_UP, actionButton=0, id[0]=0, x[0]=600.0, y[0]=1000.0, toolType[0]=TOOL_TYPE_UNKNOWN, buttonState=0, metaState=0, flags=0x0, edgeFlags=0x0, pointerCount=1, historySize=0, eventTime=665558173, downTime=665558173, deviceId=0, source=0x1002 }
08-04 00:52:21.768  9598  9598 D AndroidRuntime: Shutting down VM
08-04 00:52:21.783   918  5481 I ActivityManager: START u0 {dat=https://oauth.reddit.com/... cmp=baseline.org.quantumbadger.redreader/.activities.PostListingActivity} from uid 10666 on display 0
08-04 00:52:21.784   512  2967 D audio_hw_primary: out_set_parameters: enter: usecase(1: low-latency-playback) kvpairs: routing=2
08-04 00:52:21.797   512  2967 D audio_hw_primary: select_devices: out_snd_device(2: speaker) in_snd_device(0: none)
08-04 00:52:21.797   512  2967 D msm8974_platform: platform_send_audio_calibration: sending audio calibration for snd_device(2) acdb_id(15)
08-04 00:52:21.797   512  2967 I soundtrigger: audio_extn_sound_trigger_update_device_status: device 0x2 of type 0 for Event 1
08-04 00:52:21.802  7769  7769 I AppCompatViewInflater: app:theme is now deprecated. Please move to using android:theme instead.
08-04 00:52:21.808   512  2967 D audio_hw_primary: enable_snd_device: snd_device(2: speaker)
08-04 00:52:21.810   512  2967 D audio_hw_primary: enable_audio_route: apply and update mixer path: low-latency-playback speaker
08-04 00:52:21.813  7769  7797 I art     : Starting a blocking GC Explicit
08-04 00:52:21.824  7769  9630 D OK      : calling: https://oauth.reddit.com/r/announcements/about.json
08-04 00:52:21.846  7769  7797 I art     : Explicit concurrent mark sweep GC freed 2242(157KB) AllocSpace objects, 1(20KB) LOS objects, 38% free, 25MB/41MB, paused 324us total 32.699ms
08-04 00:52:21.859  7769  7797 I art     : Starting a blocking GC Explicit
08-04 00:52:21.876   918   936 I ActivityManager: Displayed baseline.org.quantumbadger.redreader/.activities.PostListingActivity: +83ms
08-04 00:52:21.877 13866 13866 I GoogleInputMethodServic: GoogleInputMethodService.onFinishInput():3138 
08-04 00:52:21.877 13866 13866 I GoogleInputMethodServic: GoogleInputMethodService.onStartInput():1808 
08-04 00:52:21.890  7769  7797 I art     : Explicit concurrent mark sweep GC freed 1005(41KB) AllocSpace objects, 0(0B) LOS objects, 38% free, 25MB/41MB, paused 363us total 30.396ms
08-04 00:52:21.903  7769  7797 I art     : Starting a blocking GC Explicit
08-04 00:52:21.933  7769  7797 I art     : Explicit concurrent mark sweep GC freed 123(6KB) AllocSpace objects, 0(0B) LOS objects, 38% free, 25MB/41MB, paused 303us total 30.038ms
08-04 00:52:21.946  7769  7797 I art     : Starting a blocking GC Explicit
08-04 00:52:21.978  7769  7797 I art     : Explicit concurrent mark sweep GC freed 103(7KB) AllocSpace objects, 0(0B) LOS objects, 38% free, 25MB/41MB, paused 326us total 31.254ms
08-04 00:52:21.991  7769  7797 I art     : Starting a blocking GC Explicit
08-04 00:52:22.023  7769  7797 I art     : Explicit concurrent mark sweep GC freed 5(192B) AllocSpace objects, 0(0B) LOS objects, 38% free, 25MB/41MB, paused 271us total 32.182ms
08-04 00:52:22.117   380   380 W SurfaceFlinger: couldn't log to binary event log: overflow.
08-04 00:52:22.196  7769  9630 I NAPPA_EXPERIMENTATION: MetricNetworkRequestExecutionTime: REQUEST_DURATION_SYSTEM='372',REQUEST_DURATION_OKHTTP='141',REQUEST_SYNCHRONOUS='TRUE',RESPONSE_CODE='200',RESPONSE_METHOD='GET',RESPONSE_LENGTH_OKHTTP='-1',RESPONSE_LENGTH_HEADER='1564',REQUEST_PROTOCOL='h2',REQUEST_URL='https://oauth.reddit.com/r/announcements/about.json',
08-04 00:52:22.197  7769  9630 D OK      : request got status: 200
08-04 00:52:22.270  7769  7781 I art     : Starting a blocking GC Explicit
08-04 00:52:22.306  7769  7781 I art     : Explicit concurrent mark sweep GC freed 5020(318KB) AllocSpace objects, 3(156KB) LOS objects, 38% free, 25MB/41MB, paused 263us total 35.945ms
08-04 00:52:22.323  7769  7781 I art     : Starting a blocking GC Explicit
08-04 00:52:22.350   512  2967 D audio_hw_primary: disable_audio_route: reset and update mixer path: low-latency-playback speaker
08-04 00:52:22.351   512  2967 D audio_hw_primary: disable_snd_device: snd_device(2: speaker)
08-04 00:52:22.357  7769  7781 I art     : Explicit concurrent mark sweep GC freed 244(12KB) AllocSpace objects, 0(0B) LOS objects, 38% free, 25MB/41MB, paused 346us total 34.035ms
08-04 00:52:22.361   512  2967 I soundtrigger: audio_extn_sound_trigger_update_device_status: device 0x2 of type 0 for Event 0
08-04 00:52:22.371  7769  7781 I art     : Starting a blocking GC Explicit
08-04 00:52:22.406  7769  7781 I art     : Explicit concurrent mark sweep GC freed 3(96B) AllocSpace objects, 0(0B) LOS objects, 38% free, 25MB/41MB, paused 307us total 34.827ms
08-04 00:52:22.420  7769  7781 I art     : Starting a blocking GC Explicit
08-04 00:52:22.454  7769  7781 I art     : Explicit concurrent mark sweep GC freed 3(96B) AllocSpace objects, 0(0B) LOS objects, 38% free, 25MB/41MB, paused 268us total 33.492ms
08-04 00:52:22.467  7769  7781 I art     : Starting a blocking GC Explicit
08-04 00:52:22.501  7769  7781 I art     : Explicit concurrent mark sweep GC freed 8(272B) AllocSpace objects, 0(0B) LOS objects, 38% free, 25MB/41MB, paused 321us total 33.404ms
08-04 00:52:22.790  7769  7781 I art     : Starting a blocking GC Explicit
08-04 00:52:22.826  7769  7781 I art     : Explicit concurrent mark sweep GC freed 1397(84KB) AllocSpace objects, 1(20KB) LOS objects, 38% free, 25MB/41MB, paused 297us total 35.468ms
08-04 00:52:22.839  7769  7781 I art     : Starting a blocking GC Explicit
08-04 00:52:22.874  7769  7781 I art     : Explicit concurrent mark sweep GC freed 20(704B) AllocSpace objects, 0(0B) LOS objects, 38% free, 25MB/41MB, paused 295us total 34.398ms
08-04 00:52:22.888  7769  7781 I art     : Starting a blocking GC Explicit
08-04 00:52:22.921  7769  7781 I art     : Explicit concurrent mark sweep GC freed 3(96B) AllocSpace objects, 0(0B) LOS objects, 38% free, 25MB/41MB, paused 269us total 33.373ms
08-04 00:52:22.935  7769  7781 I art     : Starting a blocking GC Explicit
08-04 00:52:22.969  7769  7781 I art     : Explicit concurrent mark sweep GC freed 3(96B) AllocSpace objects, 0(0B) LOS objects, 38% free, 25MB/41MB, paused 267us total 33.885ms
08-04 00:52:22.983  7769  7781 I art     : Starting a blocking GC Explicit
08-04 00:52:23.017  7769  7781 I art     : Explicit concurrent mark sweep GC freed 3(96B) AllocSpace objects, 0(0B) LOS objects, 38% free, 25MB/41MB, paused 265us total 33.856ms
08-04 00:52:23.025  7769  9655 D OK      : calling: https://oauth.reddit.com/r/announcements/hot/.json
08-04 00:52:23.193  7769  9655 I NAPPA_EXPERIMENTATION: MetricNetworkRequestExecutionTime: REQUEST_DURATION_SYSTEM='168',REQUEST_DURATION_OKHTTP='165',REQUEST_SYNCHRONOUS='TRUE',RESPONSE_CODE='200',RESPONSE_METHOD='GET',RESPONSE_LENGTH_OKHTTP='-1',RESPONSE_LENGTH_HEADER='142016',REQUEST_PROTOCOL='h2',REQUEST_URL='https://oauth.reddit.com/r/announcements/hot/.json',
08-04 00:52:23.194  7769  9655 D OK      : request got status: 200
08-04 00:52:23.207  7769  8381 I PostListingFragment: Precaching images: OFF
08-04 00:52:23.207  7769  8381 I PostListingFragment: Precaching comments: OFF
08-04 00:52:23.311  7769  8103 I art     : Starting a blocking GC Explicit
08-04 00:52:23.359  7769  8103 I art     : Explicit concurrent mark sweep GC freed 5400(357KB) AllocSpace objects, 5(92KB) LOS objects, 37% free, 27MB/43MB, paused 688us total 47.173ms
08-04 00:52:23.373  7769  8103 I art     : Starting a blocking GC Explicit
08-04 00:52:23.382  7769  9666 D OK      : calling: https://b.thumbs.redditmedia.com/RROcLjDSUc0QV1UeQ1txXdyl1C_7233mmsMgtYXxQzo.jpg
08-04 00:52:23.413  7769  9667 D OK      : calling: https://a.thumbs.redditmedia.com/N-frnMqRYp_XiaGds7kPbHf82a876RNKSQ1iw0LzHR0.jpg
08-04 00:52:23.414  7769  8103 I art     : Explicit concurrent mark sweep GC freed 2744(117KB) AllocSpace objects, 0(0B) LOS objects, 36% free, 27MB/43MB, paused 653us total 41.059ms
08-04 00:52:23.428  7769  8103 I art     : Starting a blocking GC Explicit
08-04 00:52:23.430  7769  9668 D OK      : calling: https://b.thumbs.redditmedia.com/KH2o_q4MXufUdRChsfwLtl6gnEnT8MJtZn3Tyj5ZmBU.jpg
08-04 00:52:23.472  7769  8103 I art     : Explicit concurrent mark sweep GC freed 2957(152KB) AllocSpace objects, 0(0B) LOS objects, 36% free, 28MB/44MB, paused 720us total 43.399ms
08-04 00:52:23.479  7769  9669 D OK      : calling: https://b.thumbs.redditmedia.com/MGaOJeZl7UsmdtroJopYU_36HUNvQ9LUV5WFH_FJ2vI.jpg
08-04 00:52:23.486  7769  8103 I art     : Starting a blocking GC Explicit
08-04 00:52:23.531  7769  9670 D OK      : calling: https://a.thumbs.redditmedia.com/-D0hxchgus9EyzvGqvnabK_3Obl93tMfG9G58V1QwW8.jpg
08-04 00:52:23.531  7769  8103 I art     : Explicit concurrent mark sweep GC freed 5156(249KB) AllocSpace objects, 2(48KB) LOS objects, 35% free, 28MB/44MB, paused 826us total 44.956ms
08-04 00:52:23.545  7769  8103 I art     : Starting a blocking GC Explicit
08-04 00:52:23.552  7769  9671 D OK      : calling: https://b.thumbs.redditmedia.com/zCaV9kuSMZxmMvdmErGyUsYNdPrmX8LP9_Ee4QTT16g.jpg
08-04 00:52:23.562  7769  9672 D OK      : calling: https://b.thumbs.redditmedia.com/4EGkxZNzrzt-RCtd035cWyO0BipdbDVuPwi4W2v4TyM.jpg
08-04 00:52:23.594  7769  8103 I art     : Explicit concurrent mark sweep GC freed 9363(413KB) AllocSpace objects, 0(0B) LOS objects, 35% free, 29MB/45MB, paused 1.048ms total 48.819ms
08-04 00:52:23.599  7769  9677 D OK      : calling: https://a.thumbs.redditmedia.com/aVhMBmGX07uX0KhK0rKdhMvQ4UsOJIHN4KeTaa36EF4.jpg
08-04 00:52:23.711  7769  7769 W RecyclerView: Cannot call this method in a scroll callback. Scroll callbacks mightbe run during a measure & layout pass where you cannot change theRecyclerView data. Any method call that might change the structureof the RecyclerView or the adapter contents should be postponed tothe next frame.
08-04 00:52:23.711  7769  7769 W RecyclerView: java.lang.IllegalStateException:  androidx.recyclerview.widget.RecyclerView{4d4c44e VFED..... .F....ID 0,0-1440,2140 #7f0900ef app:id/scrollbar_recyclerview_recyclerview}, adapter:baseline.org.quantumbadger.redreader.adapters.GroupedRecyclerViewAdapter@4bb896f, layout:androidx.recyclerview.widget.LinearLayoutManager@293867c, context:baseline.org.quantumbadger.redreader.activities.PostListingActivity@79be10f
08-04 00:52:23.711  7769  7769 W RecyclerView: 	at androidx.recyclerview.widget.RecyclerView.assertNotInLayoutOrScroll(RecyclerView.java:3061)
08-04 00:52:23.711  7769  7769 W RecyclerView: 	at androidx.recyclerview.widget.RecyclerView$RecyclerViewDataObserver.onItemRangeInserted(RecyclerView.java:5555)
08-04 00:52:23.711  7769  7769 W RecyclerView: 	at androidx.recyclerview.widget.RecyclerView$AdapterDataObservable.notifyItemRangeInserted(RecyclerView.java:12278)
08-04 00:52:23.711  7769  7769 W RecyclerView: 	at androidx.recyclerview.widget.RecyclerView$Adapter.notifyItemInserted(RecyclerView.java:7464)
08-04 00:52:23.711  7769  7769 W RecyclerView: 	at baseline.org.quantumbadger.redreader.adapters.GroupedRecyclerViewAdapter.updateHiddenStatus(GroupedRecyclerViewAdapter.java:279)
08-04 00:52:23.711  7769  7769 W RecyclerView: 	at baseline.org.quantumbadger.redreader.adapters.RedditListingManager.setLoadingVisible(RedditListingManager.java:125)
08-04 00:52:23.711  7769  7769 W RecyclerView: 	at baseline.org.quantumbadger.redreader.fragments.PostListingFragment.onLoadMoreItemsCheck(PostListingFragment.java:465)
08-04 00:52:23.711  7769  7769 W RecyclerView: 	at baseline.org.quantumbadger.redreader.fragments.PostListingFragment.access$000(PostListingFragment.java:98)
08-04 00:52:23.711  7769  7769 W RecyclerView: 	at baseline.org.quantumbadger.redreader.fragments.PostListingFragment$2.onScrolled(PostListingFragment.java:215)
08-04 00:52:23.711  7769  7769 W RecyclerView: 	at androidx.recyclerview.widget.RecyclerView.dispatchOnScrolled(RecyclerView.java:5173)
08-04 00:52:23.711  7769  7769 W RecyclerView: 	at androidx.recyclerview.widget.RecyclerView.dispatchLayoutStep3(RecyclerView.java:4231)
08-04 00:52:23.711  7769  7769 W RecyclerView: 	at androidx.recyclerview.widget.RecyclerView.dispatchLayout(RecyclerView.java:3862)
08-04 00:52:23.711  7769  7769 W RecyclerView: 	at androidx.recyclerview.widget.RecyclerView.consumePendingUpdateOperations(RecyclerView.java:1897)
08-04 00:52:23.711  7769  7769 W RecyclerView: 	at androidx.recyclerview.widget.RecyclerView$1.run(RecyclerView.java:414)
08-04 00:52:23.711  7769  7769 W RecyclerView: 	at android.view.Choreographer$CallbackRecord.run(Choreographer.java:858)
08-04 00:52:23.711  7769  7769 W RecyclerView: 	at android.view.Choreographer.doCallbacks(Choreographer.java:670)
08-04 00:52:23.711  7769  7769 W RecyclerView: 	at android.view.Choreographer.doFrame(Choreographer.java:603)
08-04 00:52:23.711  7769  7769 W RecyclerView: 	at android.view.Choreographer$FrameDisplayEventReceiver.run(Choreographer.java:844)
08-04 00:52:23.711  7769  7769 W RecyclerView: 	at android.os.Handler.handleCallback(Handler.java:739)
08-04 00:52:23.711  7769  7769 W RecyclerView: 	at android.os.Handler.dispatchMessage(Handler.java:95)
08-04 00:52:23.711  7769  7769 W RecyclerView: 	at android.os.Looper.loop(Looper.java:148)
08-04 00:52:23.711  7769  7769 W RecyclerView: 	at android.app.ActivityThread.main(ActivityThread.java:5417)
08-04 00:52:23.711  7769  7769 W RecyclerView: 	at java.lang.reflect.Method.invoke(Native Method)
08-04 00:52:23.711  7769  7769 W RecyclerView: 	at com.android.internal.os.ZygoteInit$MethodAndArgsCaller.run(ZygoteInit.java:726)
08-04 00:52:23.711  7769  7769 W RecyclerView: 	at com.android.internal.os.ZygoteInit.main(ZygoteInit.java:616)
08-04 00:52:23.759  7769  9667 I NAPPA_EXPERIMENTATION: MetricNetworkRequestExecutionTime: REQUEST_DURATION_SYSTEM='346',REQUEST_DURATION_OKHTTP='188',REQUEST_SYNCHRONOUS='TRUE',RESPONSE_CODE='200',RESPONSE_METHOD='GET',RESPONSE_LENGTH_OKHTTP='3750',RESPONSE_LENGTH_HEADER='3750',REQUEST_PROTOCOL='h2',REQUEST_URL='https://a.thumbs.redditmedia.com/N-frnMqRYp_XiaGds7kPbHf82a876RNKSQ1iw0LzHR0.jpg',
08-04 00:52:23.759  7769  9667 D OK      : request got status: 200
08-04 00:52:23.764  7769  9666 I NAPPA_EXPERIMENTATION: MetricNetworkRequestExecutionTime: REQUEST_DURATION_SYSTEM='382',REQUEST_DURATION_OKHTTP='190',REQUEST_SYNCHRONOUS='TRUE',RESPONSE_CODE='200',RESPONSE_METHOD='GET',RESPONSE_LENGTH_OKHTTP='2558',RESPONSE_LENGTH_HEADER='2558',REQUEST_PROTOCOL='h2',REQUEST_URL='https://b.thumbs.redditmedia.com/RROcLjDSUc0QV1UeQ1txXdyl1C_7233mmsMgtYXxQzo.jpg',
08-04 00:52:23.764  7769  9666 D OK      : request got status: 200
08-04 00:52:23.780  7769  9677 I NAPPA_EXPERIMENTATION: MetricNetworkRequestExecutionTime: REQUEST_DURATION_SYSTEM='181',REQUEST_DURATION_OKHTTP='180',REQUEST_SYNCHRONOUS='TRUE',RESPONSE_CODE='200',RESPONSE_METHOD='GET',RESPONSE_LENGTH_OKHTTP='6940',RESPONSE_LENGTH_HEADER='6940',REQUEST_PROTOCOL='h2',REQUEST_URL='https://a.thumbs.redditmedia.com/aVhMBmGX07uX0KhK0rKdhMvQ4UsOJIHN4KeTaa36EF4.jpg',
08-04 00:52:23.780  7769  9677 D OK      : request got status: 200
08-04 00:52:23.827  7769  9670 I NAPPA_EXPERIMENTATION: MetricNetworkRequestExecutionTime: REQUEST_DURATION_SYSTEM='296',REQUEST_DURATION_OKHTTP='174',REQUEST_SYNCHRONOUS='TRUE',RESPONSE_CODE='200',RESPONSE_METHOD='GET',RESPONSE_LENGTH_OKHTTP='4818',RESPONSE_LENGTH_HEADER='4818',REQUEST_PROTOCOL='h2',REQUEST_URL='https://a.thumbs.redditmedia.com/-D0hxchgus9EyzvGqvnabK_3Obl93tMfG9G58V1QwW8.jpg',
08-04 00:52:23.827  7769  9670 D OK      : request got status: 200
08-04 00:52:23.829  7769  9668 I NAPPA_EXPERIMENTATION: MetricNetworkRequestExecutionTime: REQUEST_DURATION_SYSTEM='399',REQUEST_DURATION_OKHTTP='180',REQUEST_SYNCHRONOUS='TRUE',RESPONSE_CODE='200',RESPONSE_METHOD='GET',RESPONSE_LENGTH_OKHTTP='2613',RESPONSE_LENGTH_HEADER='2613',REQUEST_PROTOCOL='h2',REQUEST_URL='https://b.thumbs.redditmedia.com/KH2o_q4MXufUdRChsfwLtl6gnEnT8MJtZn3Tyj5ZmBU.jpg',
08-04 00:52:23.829  7769  9668 D OK      : request got status: 200
08-04 00:52:23.839  7769  9669 I NAPPA_EXPERIMENTATION: MetricNetworkRequestExecutionTime: REQUEST_DURATION_SYSTEM='360',REQUEST_DURATION_OKHTTP='195',REQUEST_SYNCHRONOUS='TRUE',RESPONSE_CODE='200',RESPONSE_METHOD='GET',RESPONSE_LENGTH_OKHTTP='4804',RESPONSE_LENGTH_HEADER='4804',REQUEST_PROTOCOL='h2',REQUEST_URL='https://b.thumbs.redditmedia.com/MGaOJeZl7UsmdtroJopYU_36HUNvQ9LUV5WFH_FJ2vI.jpg',
08-04 00:52:23.839  7769  9669 D OK      : request got status: 200
08-04 00:52:23.859  7769  7797 I art     : Starting a blocking GC Explicit
08-04 00:52:23.879  7769  9672 I NAPPA_EXPERIMENTATION: MetricNetworkRequestExecutionTime: REQUEST_DURATION_SYSTEM='317',REQUEST_DURATION_OKHTTP='187',REQUEST_SYNCHRONOUS='TRUE',RESPONSE_CODE='200',RESPONSE_METHOD='GET',RESPONSE_LENGTH_OKHTTP='4987',RESPONSE_LENGTH_HEADER='4987',REQUEST_PROTOCOL='h2',REQUEST_URL='https://b.thumbs.redditmedia.com/4EGkxZNzrzt-RCtd035cWyO0BipdbDVuPwi4W2v4TyM.jpg',
08-04 00:52:23.879  7769  9672 D OK      : request got status: 200
08-04 00:52:23.889  7769  9671 I NAPPA_EXPERIMENTATION: MetricNetworkRequestExecutionTime: REQUEST_DURATION_SYSTEM='337',REQUEST_DURATION_OKHTTP='178',REQUEST_SYNCHRONOUS='TRUE',RESPONSE_CODE='200',RESPONSE_METHOD='GET',RESPONSE_LENGTH_OKHTTP='6132',RESPONSE_LENGTH_HEADER='6132',REQUEST_PROTOCOL='h2',REQUEST_URL='https://b.thumbs.redditmedia.com/zCaV9kuSMZxmMvdmErGyUsYNdPrmX8LP9_Ee4QTT16g.jpg',
08-04 00:52:23.889  7769  9671 D OK      : request got status: 200
08-04 00:52:23.900  7769  7797 I art     : Explicit concurrent mark sweep GC freed 76955(4MB) AllocSpace objects, 38(2MB) LOS objects, 36% free, 27MB/43MB, paused 684us total 40.563ms
08-04 00:52:23.914  7769  7797 I art     : Starting a blocking GC Explicit
08-04 00:52:23.947  7769  7797 I art     : Explicit concurrent mark sweep GC freed 2040(188KB) AllocSpace objects, 15(916KB) LOS objects, 36% free, 27MB/43MB, paused 299us total 32.325ms
08-04 00:52:23.961  7769  7797 I art     : Starting a blocking GC Explicit
08-04 00:52:23.992  7769  7797 I art     : Explicit concurrent mark sweep GC freed 370(15KB) AllocSpace objects, 2(136KB) LOS objects, 36% free, 27MB/43MB, paused 236us total 31.034ms
08-04 00:52:24.005  7769  7797 I art     : Starting a blocking GC Explicit
08-04 00:52:24.038  7769  7797 I art     : Explicit concurrent mark sweep GC freed 201(8KB) AllocSpace objects, 0(0B) LOS objects, 36% free, 27MB/43MB, paused 263us total 32.045ms
08-04 00:52:24.051  7769  7797 I art     : Starting a blocking GC Explicit
08-04 00:52:24.087  7769  7797 I art     : Explicit concurrent mark sweep GC freed 3(96B) AllocSpace objects, 0(0B) LOS objects, 36% free, 27MB/43MB, paused 346us total 35.299ms
08-04 00:52:24.227  7769  9695 D OK      : calling: https://oauth.reddit.com/r/announcements/hot/.json?after=t3_9jf8nh
08-04 00:52:24.390  7769  7781 I art     : Starting a blocking GC Explicit
08-04 00:52:24.439  7769  7781 I art     : Explicit concurrent mark sweep GC freed 3477(168KB) AllocSpace objects, 1(20KB) LOS objects, 36% free, 27MB/43MB, paused 431us total 48.501ms
08-04 00:52:24.456  7769  7781 I art     : Starting a blocking GC Explicit
08-04 00:52:24.494  7769  7781 I art     : Explicit concurrent mark sweep GC freed 84(3KB) AllocSpace objects, 0(0B) LOS objects, 36% free, 27MB/43MB, paused 355us total 37.903ms
08-04 00:52:24.509  7769  7781 I art     : Starting a blocking GC Explicit
08-04 00:52:24.524  7769  9695 I NAPPA_EXPERIMENTATION: MetricNetworkRequestExecutionTime: REQUEST_DURATION_SYSTEM='296',REQUEST_DURATION_OKHTTP='147',REQUEST_SYNCHRONOUS='TRUE',RESPONSE_CODE='200',RESPONSE_METHOD='GET',RESPONSE_LENGTH_OKHTTP='-1',RESPONSE_LENGTH_HEADER='65685',REQUEST_PROTOCOL='h2',REQUEST_URL='https://oauth.reddit.com/r/announcements/hot/.json?after=t3_9jf8nh',
08-04 00:52:24.524  7769  9695 D OK      : request got status: 200
08-04 00:52:24.537  7769  8381 I PostListingFragment: Precaching images: OFF
08-04 00:52:24.537  7769  8381 I PostListingFragment: Precaching comments: OFF
08-04 00:52:24.546  7769  7781 I art     : Explicit concurrent mark sweep GC freed 603(84KB) AllocSpace objects, 0(0B) LOS objects, 36% free, 27MB/43MB, paused 419us total 36.580ms
08-04 00:52:24.560  7769  7781 I art     : Starting a blocking GC Explicit
08-04 00:52:24.573  7769  9706 D OK      : calling: https://a.thumbs.redditmedia.com/8P7BG-empihRDWkNYE_LZ8tekikmQtEiymWkwv7obo0.jpg
08-04 00:52:24.598  7769  7781 I art     : Explicit concurrent mark sweep GC freed 3186(204KB) AllocSpace objects, 0(0B) LOS objects, 36% free, 28MB/44MB, paused 628us total 38.384ms
08-04 00:52:24.606  7769  9707 D OK      : calling: https://b.thumbs.redditmedia.com/PCxvz6Ma5pyTglQOwhW4LZZOY0qIwyWW5pD83dYmMgc.jpg
08-04 00:52:24.612  7769  7781 I art     : Starting a blocking GC Explicit
08-04 00:52:24.653  7769  7781 I art     : Explicit concurrent mark sweep GC freed 4149(182KB) AllocSpace objects, 1(16KB) LOS objects, 35% free, 28MB/44MB, paused 803us total 40.894ms
08-04 00:52:24.739  7769  9707 I NAPPA_EXPERIMENTATION: MetricNetworkRequestExecutionTime: REQUEST_DURATION_SYSTEM='133',REQUEST_DURATION_OKHTTP='131',REQUEST_SYNCHRONOUS='TRUE',RESPONSE_CODE='200',RESPONSE_METHOD='GET',RESPONSE_LENGTH_OKHTTP='9233',RESPONSE_LENGTH_HEADER='9233',REQUEST_PROTOCOL='h2',REQUEST_URL='https://b.thumbs.redditmedia.com/PCxvz6Ma5pyTglQOwhW4LZZOY0qIwyWW5pD83dYmMgc.jpg',
08-04 00:52:24.739  7769  9707 D OK      : request got status: 200
08-04 00:52:24.812  7769  9706 I NAPPA_EXPERIMENTATION: MetricNetworkRequestExecutionTime: REQUEST_DURATION_SYSTEM='239',REQUEST_DURATION_OKHTTP='141',REQUEST_SYNCHRONOUS='TRUE',RESPONSE_CODE='200',RESPONSE_METHOD='GET',RESPONSE_LENGTH_OKHTTP='3039',RESPONSE_LENGTH_HEADER='3039',REQUEST_PROTOCOL='h2',REQUEST_URL='https://a.thumbs.redditmedia.com/8P7BG-empihRDWkNYE_LZ8tekikmQtEiymWkwv7obo0.jpg',
08-04 00:52:24.812  7769  9706 D OK      : request got status: 200
08-04 00:52:24.908  7769  8103 I art     : Starting a blocking GC Explicit
08-04 00:52:24.957  7769  8103 I art     : Explicit concurrent mark sweep GC freed 32429(1657KB) AllocSpace objects, 22(1156KB) LOS objects, 36% free, 28MB/44MB, paused 354us total 48.621ms
08-04 00:52:24.957  7769  7779 I art     : WaitForGcToComplete blocked for 14.130ms for cause HeapTrim
08-04 00:52:24.972  7769  8103 I art     : Starting a blocking GC Explicit
08-04 00:52:25.006  7769  8103 I art     : Explicit concurrent mark sweep GC freed 1456(59KB) AllocSpace objects, 0(0B) LOS objects, 36% free, 28MB/44MB, paused 288us total 33.744ms
08-04 00:52:25.019  7769  8103 I art     : Starting a blocking GC Explicit
08-04 00:52:25.056  7769  8103 I art     : Explicit concurrent mark sweep GC freed 9(352B) AllocSpace objects, 0(0B) LOS objects, 36% free, 28MB/44MB, paused 283us total 36.326ms
08-04 00:52:25.070  7769  8103 I art     : Starting a blocking GC Explicit
08-04 00:52:25.108  7769  8103 I art     : Explicit concurrent mark sweep GC freed 3(96B) AllocSpace objects, 0(0B) LOS objects, 36% free, 28MB/44MB, paused 279us total 37.990ms
08-04 00:52:25.122  7769  8103 I art     : Starting a blocking GC Explicit
08-04 00:52:25.160  7769  8103 I art     : Explicit concurrent mark sweep GC freed 3(96B) AllocSpace objects, 0(0B) LOS objects, 36% free, 28MB/44MB, paused 289us total 36.998ms
08-04 00:52:25.484  7769  7780 I art     : Starting a blocking GC Explicit
08-04 00:52:25.537  7769  7780 I art     : Explicit concurrent mark sweep GC freed 1344(82KB) AllocSpace objects, 1(20KB) LOS objects, 36% free, 28MB/44MB, paused 322us total 52.856ms
08-04 00:52:25.555  7769  7780 I art     : Starting a blocking GC Explicit
08-04 00:52:25.593  7769  7780 I art     : Explicit concurrent mark sweep GC freed 20(704B) AllocSpace objects, 0(0B) LOS objects, 36% free, 28MB/44MB, paused 276us total 38.165ms
08-04 00:52:25.608  7769  7780 I art     : Starting a blocking GC Explicit
08-04 00:52:25.646  7769  7780 I art     : Explicit concurrent mark sweep GC freed 3(96B) AllocSpace objects, 0(0B) LOS objects, 36% free, 28MB/44MB, paused 289us total 38.151ms
08-04 00:52:25.660  7769  7780 I art     : Starting a blocking GC Explicit
08-04 00:52:25.698  7769  7780 I art     : Explicit concurrent mark sweep GC freed 3(96B) AllocSpace objects, 0(0B) LOS objects, 36% free, 28MB/44MB, paused 291us total 36.973ms
08-04 00:52:25.712  7769  7780 I art     : Starting a blocking GC Explicit
08-04 00:52:25.749  7769  7780 I art     : Explicit concurrent mark sweep GC freed 3(96B) AllocSpace objects, 0(0B) LOS objects, 36% free, 28MB/44MB, paused 280us total 36.934ms
08-04 00:52:26.075  7769  7797 I art     : Starting a blocking GC Explicit
08-04 00:52:26.132  7769  7797 I art     : Explicit concurrent mark sweep GC freed 1344(82KB) AllocSpace objects, 1(20KB) LOS objects, 36% free, 28MB/44MB, paused 364us total 56.388ms
08-04 00:52:26.153  7769  7797 I art     : Starting a blocking GC Explicit
08-04 00:52:26.188  7769  7797 I art     : Explicit concurrent mark sweep GC freed 20(704B) AllocSpace objects, 0(0B) LOS objects, 36% free, 28MB/44MB, paused 280us total 34.803ms
08-04 00:52:26.202  7769  7797 I art     : Starting a blocking GC Explicit
08-04 00:52:26.238  7769  7797 I art     : Explicit concurrent mark sweep GC freed 3(96B) AllocSpace objects, 0(0B) LOS objects, 36% free, 28MB/44MB, paused 275us total 36.179ms
08-04 00:52:26.252  7769  7797 I art     : Starting a blocking GC Explicit
08-04 00:52:26.290  7769  7797 I art     : Explicit concurrent mark sweep GC freed 3(96B) AllocSpace objects, 0(0B) LOS objects, 36% free, 28MB/44MB, paused 290us total 38.058ms
08-04 00:52:26.305  7769  7797 I art     : Starting a blocking GC Explicit
08-04 00:52:26.343  7769  7797 I art     : Explicit concurrent mark sweep GC freed 3(96B) AllocSpace objects, 0(0B) LOS objects, 36% free, 28MB/44MB, paused 286us total 38.273ms
08-04 00:52:26.671  7769  7781 I art     : Starting a blocking GC Explicit
08-04 00:52:26.725  7769  7781 I art     : Explicit concurrent mark sweep GC freed 1343(82KB) AllocSpace objects, 1(20KB) LOS objects, 36% free, 28MB/44MB, paused 350us total 53.938ms
08-04 00:52:26.743  7769  7781 I art     : Starting a blocking GC Explicit
08-04 00:52:26.781  7769  7781 I art     : Explicit concurrent mark sweep GC freed 20(704B) AllocSpace objects, 0(0B) LOS objects, 36% free, 28MB/44MB, paused 292us total 37.432ms
08-04 00:52:26.796  7769  7781 I art     : Starting a blocking GC Explicit
08-04 00:52:26.834  7769  7781 I art     : Explicit concurrent mark sweep GC freed 3(96B) AllocSpace objects, 0(0B) LOS objects, 36% free, 28MB/44MB, paused 278us total 37.792ms
08-04 00:52:26.848  7769  7781 I art     : Starting a blocking GC Explicit
08-04 00:52:26.885  7769  7781 I art     : Explicit concurrent mark sweep GC freed 3(96B) AllocSpace objects, 0(0B) LOS objects, 36% free, 28MB/44MB, paused 319us total 36.851ms
08-04 00:52:26.899  7769  7781 I art     : Starting a blocking GC Explicit
08-04 00:52:26.938  7769  7781 I art     : Explicit concurrent mark sweep GC freed 3(96B) AllocSpace objects, 0(0B) LOS objects, 36% free, 28MB/44MB, paused 310us total 38.031ms
08-04 00:52:27.210  7769  8103 I art     : Starting a blocking GC Explicit
08-04 00:52:27.247  7769  8103 I art     : Explicit concurrent mark sweep GC freed 1349(82KB) AllocSpace objects, 1(20KB) LOS objects, 36% free, 28MB/44MB, paused 292us total 37.438ms
08-04 00:52:27.261  7769  8103 I art     : Starting a blocking GC Explicit
08-04 00:52:27.298  7769  8103 I art     : Explicit concurrent mark sweep GC freed 20(704B) AllocSpace objects, 0(0B) LOS objects, 36% free, 28MB/44MB, paused 312us total 36.220ms
08-04 00:52:27.312  7769  8103 I art     : Starting a blocking GC Explicit
08-04 00:52:27.349  7769  8103 I art     : Explicit concurrent mark sweep GC freed 3(96B) AllocSpace objects, 0(0B) LOS objects, 36% free, 28MB/44MB, paused 275us total 37.299ms
08-04 00:52:27.363  7769  8103 I art     : Starting a blocking GC Explicit
08-04 00:52:27.399  7769  8103 I art     : Explicit concurrent mark sweep GC freed 3(96B) AllocSpace objects, 0(0B) LOS objects, 36% free, 28MB/44MB, paused 282us total 35.212ms
08-04 00:52:27.413  7769  8103 I art     : Starting a blocking GC Explicit
08-04 00:52:27.449  7769  8103 I art     : Explicit concurrent mark sweep GC freed 3(96B) AllocSpace objects, 0(0B) LOS objects, 36% free, 28MB/44MB, paused 285us total 36.185ms
08-04 00:52:27.463  9751  9751 D AndroidRuntime: >>>>>> START com.android.internal.os.RuntimeInit uid 2000 <<<<<<
08-04 00:52:27.468  9751  9751 D AndroidRuntime: CheckJNI is OFF
08-04 00:52:27.502  9751  9751 D ICU     : No timezone override file found: /data/misc/zoneinfo/current/icu/icu_tzdata.dat
08-04 00:52:27.534  9751  9751 I Radio-JNI: register_android_hardware_Radio DONE
08-04 00:52:27.557  9751  9751 D AndroidRuntime: Calling main entry com.android.commands.input.Input
08-04 00:52:27.560  9751  9751 I Input   : injectMotionEvent: MotionEvent { action=ACTION_DOWN, actionButton=0, id[0]=0, x[0]=600.0, y[0]=580.0, toolType[0]=TOOL_TYPE_UNKNOWN, buttonState=0, metaState=0, flags=0x0, edgeFlags=0x0, pointerCount=1, historySize=0, eventTime=665563972, downTime=665563972, deviceId=0, source=0x1002 }
08-04 00:52:27.565  9751  9751 I Input   : injectMotionEvent: MotionEvent { action=ACTION_UP, actionButton=0, id[0]=0, x[0]=600.0, y[0]=580.0, toolType[0]=TOOL_TYPE_UNKNOWN, buttonState=0, metaState=0, flags=0x0, edgeFlags=0x0, pointerCount=1, historySize=0, eventTime=665563972, downTime=665563972, deviceId=0, source=0x1002 }
08-04 00:52:27.567  9751  9751 D AndroidRuntime: Shutting down VM
08-04 00:52:27.578   512  2967 D audio_hw_primary: out_set_parameters: enter: usecase(1: low-latency-playback) kvpairs: routing=2
08-04 00:52:27.579   918  4400 I ActivityManager: START u0 {cmp=baseline.org.quantumbadger.redreader/.activities.WebViewActivity (has extras)} from uid 10666 on display 0
08-04 00:52:27.591   512  2967 D audio_hw_primary: select_devices: out_snd_device(2: speaker) in_snd_device(0: none)
08-04 00:52:27.592   512  2967 D msm8974_platform: platform_send_audio_calibration: sending audio calibration for snd_device(2) acdb_id(15)
08-04 00:52:27.592   512  2967 I soundtrigger: audio_extn_sound_trigger_update_device_status: device 0x2 of type 0 for Event 1
08-04 00:52:27.605  7769  7769 I AppCompatViewInflater: app:theme is now deprecated. Please move to using android:theme instead.
08-04 00:52:27.607   512  2967 D audio_hw_primary: enable_snd_device: snd_device(2: speaker)
08-04 00:52:27.609   512  2967 D audio_hw_primary: enable_audio_route: apply and update mixer path: low-latency-playback speaker
08-04 00:52:27.620  7769  7769 I WebViewFactory: Loading com.google.android.webview version 84.0.4147.89 (code 414708953)
08-04 00:52:27.706  7769  8103 I art     : Starting a blocking GC Explicit
08-04 00:52:27.741  7769  8103 I art     : Explicit concurrent mark sweep GC freed 2656(201KB) AllocSpace objects, 1(20KB) LOS objects, 36% free, 28MB/44MB, paused 448us total 35.170ms
08-04 00:52:27.754  7769  8103 I art     : Starting a blocking GC Explicit
08-04 00:52:27.791  7769  8103 I art     : Explicit concurrent mark sweep GC freed 8889(713KB) AllocSpace objects, 3(76KB) LOS objects, 35% free, 28MB/44MB, paused 553us total 36.662ms
08-04 00:52:27.802  7769  7769 I cr_LibraryLoader: Loaded native library version number "84.0.4147.89"
08-04 00:52:27.803  7769  7769 I cr_CachingUmaRecorder: Flushed 5 samples from 5 histograms.
08-04 00:52:27.805  7769  8103 I art     : Starting a blocking GC Explicit
08-04 00:52:27.837  7769  7769 E chromium: [ERROR:filesystem_posix.cc(62)] mkdir /data/user/0/baseline.org.quantumbadger.redreader/cache/WebView/Crashpad: No such file or directory (2)
08-04 00:52:27.839  7769  8103 I art     : Explicit concurrent mark sweep GC freed 1493(194KB) AllocSpace objects, 2(40KB) LOS objects, 35% free, 28MB/44MB, paused 852us total 34.076ms
08-04 00:52:27.853  7769  8103 I art     : Starting a blocking GC Explicit
08-04 00:52:27.893  7769  8103 I art     : Explicit concurrent mark sweep GC freed 987(78KB) AllocSpace objects, 0(0B) LOS objects, 35% free, 28MB/44MB, paused 952us total 39.828ms
08-04 00:52:27.912  7769  8103 I art     : Starting a blocking GC Explicit
08-04 00:52:27.918   918  3696 D ConnectivityService: listenForNetwork for Listen from uid/pid:10666/7769 for NetworkRequest [ id=2481, legacyType=-1, [ Capabilities: INTERNET&NOT_RESTRICTED&TRUSTED] ]
08-04 00:52:27.948  7769  8103 I art     : Explicit concurrent mark sweep GC freed 2544(162KB) AllocSpace objects, 0(0B) LOS objects, 35% free, 29MB/45MB, paused 1.180ms total 35.353ms
08-04 00:52:27.964  7769  9799 W cr_media: Requires BLUETOOTH permission
08-04 00:52:27.981  7769  9810 E libEGL  : validate_display:255 error 3008 (EGL_BAD_DISPLAY)
08-04 00:52:28.096   918   936 I ActivityManager: Displayed baseline.org.quantumbadger.redreader/.activities.WebViewActivity: +507ms
08-04 00:52:28.097 13866 13866 I GoogleInputMethodServic: GoogleInputMethodService.onFinishInput():3138 
08-04 00:52:28.097 13866 13866 I GoogleInputMethodServic: GoogleInputMethodService.onStartInput():1808 
08-04 00:52:28.148   512  2967 D audio_hw_primary: disable_audio_route: reset and update mixer path: low-latency-playback speaker
08-04 00:52:28.149   512  2967 D audio_hw_primary: disable_snd_device: snd_device(2: speaker)
08-04 00:52:28.159   512  2967 I soundtrigger: audio_extn_sound_trigger_update_device_status: device 0x2 of type 0 for Event 0
08-04 00:52:28.247  7769  7780 I art     : Starting a blocking GC Explicit
08-04 00:52:28.310  7769  7780 I art     : Explicit concurrent mark sweep GC freed 6063(373KB) AllocSpace objects, 4(220KB) LOS objects, 35% free, 29MB/45MB, paused 767us total 62.585ms
08-04 00:52:28.332  7769  7780 I art     : Starting a blocking GC Explicit
08-04 00:52:28.362   380   380 W SurfaceFlinger: couldn't log to binary event log: overflow.
08-04 00:52:28.371  7769  7780 I art     : Explicit concurrent mark sweep GC freed 1087(124KB) AllocSpace objects, 0(0B) LOS objects, 35% free, 29MB/45MB, paused 494us total 38.688ms
08-04 00:52:28.386  7769  7780 I art     : Starting a blocking GC Explicit
08-04 00:52:28.420  7769  7780 I art     : Explicit concurrent mark sweep GC freed 272(23KB) AllocSpace objects, 0(0B) LOS objects, 35% free, 29MB/45MB, paused 495us total 33.692ms
08-04 00:52:28.434  7769  7780 I art     : Starting a blocking GC Explicit
08-04 00:52:28.468  7769  7780 I art     : Explicit concurrent mark sweep GC freed 672(51KB) AllocSpace objects, 0(0B) LOS objects, 35% free, 29MB/45MB, paused 527us total 33.602ms
08-04 00:52:28.487  7769  7780 I art     : Starting a blocking GC Explicit
08-04 00:52:28.521  7769  7780 I art     : Explicit concurrent mark sweep GC freed 213(8KB) AllocSpace objects, 0(0B) LOS objects, 35% free, 29MB/45MB, paused 486us total 34.082ms
08-04 00:52:28.628   918   928 I AccountManagerService: getTypesVisibleToCaller: isPermitted? true
08-04 00:52:28.787  7769  7797 I art     : Starting a blocking GC Explicit
08-04 00:52:28.824  7769  7797 I art     : Explicit concurrent mark sweep GC freed 3342(166KB) AllocSpace objects, 1(20KB) LOS objects, 35% free, 29MB/45MB, paused 459us total 36.880ms
08-04 00:52:28.838  7769  7797 I art     : Starting a blocking GC Explicit
08-04 00:52:28.872  7769  7797 I art     : Explicit concurrent mark sweep GC freed 2033(83KB) AllocSpace objects, 0(0B) LOS objects, 35% free, 29MB/45MB, paused 489us total 34.573ms
08-04 00:52:28.886  7769  7797 I art     : Starting a blocking GC Explicit
08-04 00:52:28.919  7769  7797 I art     : Explicit concurrent mark sweep GC freed 49(1600B) AllocSpace objects, 0(0B) LOS objects, 35% free, 29MB/45MB, paused 447us total 32.554ms
08-04 00:52:28.932  7769  7797 I art     : Starting a blocking GC Explicit
08-04 00:52:28.965  7769  7797 I art     : Explicit concurrent mark sweep GC freed 3(96B) AllocSpace objects, 0(0B) LOS objects, 35% free, 29MB/45MB, paused 498us total 32.107ms
08-04 00:52:28.978  7769  7797 I art     : Starting a blocking GC Explicit
08-04 00:52:29.011  7769  7797 I art     : Explicit concurrent mark sweep GC freed 3(96B) AllocSpace objects, 0(0B) LOS objects, 35% free, 29MB/45MB, paused 438us total 32.362ms
08-04 00:52:29.232  7769  7769 I Choreographer: Skipped 40 frames!  The application may be doing too much work on its main thread.
08-04 00:52:29.308  7769  7781 I art     : Starting a blocking GC Explicit
08-04 00:52:29.338  4731  4731 I ServiceManager: Waiting for service AtCmdFwd...
08-04 00:52:29.366  7769  7781 I art     : Explicit concurrent mark sweep GC freed 1376(83KB) AllocSpace objects, 1(20KB) LOS objects, 35% free, 29MB/45MB, paused 490us total 57.579ms
08-04 00:52:29.410  7769  7781 I art     : Starting a blocking GC Explicit
08-04 00:52:29.481  7769  7781 I art     : Explicit concurrent mark sweep GC freed 236(11KB) AllocSpace objects, 0(0B) LOS objects, 35% free, 29MB/45MB, paused 876us total 70.020ms
08-04 00:52:29.499  7769  7781 I art     : Starting a blocking GC Explicit
08-04 00:52:29.540  7769  7781 I art     : Explicit concurrent mark sweep GC freed 13(384B) AllocSpace objects, 0(0B) LOS objects, 35% free, 29MB/45MB, paused 543us total 41.257ms
08-04 00:52:29.556  7769  7781 I art     : Starting a blocking GC Explicit
08-04 00:52:29.595  7769  7781 I art     : Explicit concurrent mark sweep GC freed 11(336B) AllocSpace objects, 0(0B) LOS objects, 35% free, 29MB/45MB, paused 466us total 38.355ms
08-04 00:52:29.609  7769  7781 I art     : Starting a blocking GC Explicit
08-04 00:52:29.649  7769  7781 I art     : Explicit concurrent mark sweep GC freed 12(384B) AllocSpace objects, 0(0B) LOS objects, 35% free, 29MB/45MB, paused 417us total 39.692ms
08-04 00:52:29.995  7769  7797 I art     : Starting a blocking GC Explicit
08-04 00:52:30.032  7769  7797 I art     : Explicit concurrent mark sweep GC freed 1575(115KB) AllocSpace objects, 1(20KB) LOS objects, 35% free, 29MB/45MB, paused 412us total 36.732ms
08-04 00:52:30.032  7769  7779 I art     : WaitForGcToComplete blocked for 26.669ms for cause HeapTrim
08-04 00:52:30.046  7769  7797 I art     : Starting a blocking GC Explicit
08-04 00:52:30.081  7769  7797 I art     : Explicit concurrent mark sweep GC freed 85(2912B) AllocSpace objects, 0(0B) LOS objects, 35% free, 29MB/45MB, paused 395us total 34.074ms
08-04 00:52:30.094  7769  7797 I art     : Starting a blocking GC Explicit
08-04 00:52:30.113  7769  7769 I chromium: [INFO:CONSOLE(1)] "
08-04 00:52:30.113  7769  7769 I chromium:                   ,d"=,.,qOp,
08-04 00:52:30.113  7769  7769 I chromium:                  ,7'  ''$(  )
08-04 00:52:30.113  7769  7769 I chromium:                 ,7'      '?q$7'
08-04 00:52:30.113  7769  7769 I chromium:              ..,$$,.
08-04 00:52:30.113  7769  7769 I chromium:    ,.  .,,--***""***--,,.  .,
08-04 00:52:30.113  7769  7769 I chromium:     ,p''              ''q,   
08-04 00:52:30.113  7769  7769 I chromium: :  ,7'                      '7,  :
08-04 00:52:30.113  7769  7769 I chromium:  ' $      ,db,      ,db,      $ '
08-04 00:52:30.113  7769  7769 I chromium:   '$      $$      $$      $'    Using Reddit at work? Work for Reddit.
08-04 00:52:30.113  7769  7769 I chromium:   '$                          $'        https://www.reddit.com/jobs
08-04 00:52:30.113  7769  7769 I chromium:    '$.     .,        ,.     .$'
08-04 00:52:30.113  7769  7769 I chromium:     'b,     ''     ,d'
08-04 00:52:30.113  7769  7769 I chromium:      '?bn,,          ,,nd?'
08-04 00:52:30.113  7769  7769 I chromium:        ,7$ '''' $7,
08-04 00:52:30.113  7769  7769 I chromium:      , $              $ ,
08-04 00:52:30.113  7769  7769 I chromium:      $  :$              $:  $
08-04 00:52:30.113  7769  7769 I chromium:      $   $              $   $
08-04 00:52:30.113  7769  7769 I chromium:      'b  q:            :p  d'
08-04 00:52:30.113  7769  7769 I chromium:       '?$.          .$?'
08-04 00:52:30.113  7769  7769 I chromium:          'b            d'
08-04 00:52:30.113  7769  7769 I chromium:        ,'?,.      .,?',
08-04 00:52:30.113  7769  7769 I chromium:       ==--==--==--==
08-04 00:52:30.113  7769  7769 I chromium: ", source: https://www.redditstatic.com/desktop2x/Chat~Governance~Reddit.2ea93b134a9b2e5b1d9a.js (1)
08-04 00:52:30.129  7769  7797 I art     : Explicit concurrent mark sweep GC freed 9(2464B) AllocSpace objects, 0(0B) LOS objects, 35% free, 29MB/45MB, paused 442us total 34.175ms
08-04 00:52:30.142  7769  7797 I art     : Starting a blocking GC Explicit
08-04 00:52:30.176  7769  7797 I art     : Explicit concurrent mark sweep GC freed 6(544B) AllocSpace objects, 0(0B) LOS objects, 35% free, 29MB/45MB, paused 407us total 33.638ms
08-04 00:52:30.189  7769  7797 I art     : Starting a blocking GC Explicit
08-04 00:52:30.222  7769  7797 I art     : Explicit concurrent mark sweep GC freed 3(96B) AllocSpace objects, 0(0B) LOS objects, 35% free, 29MB/45MB, paused 356us total 32.639ms
08-04 00:52:30.339  4731  4731 I ServiceManager: Waiting for service AtCmdFwd...
08-04 00:52:30.575  7769  7780 I art     : Starting a blocking GC Explicit
08-04 00:52:30.614  7769  7780 I art     : Explicit concurrent mark sweep GC freed 1367(83KB) AllocSpace objects, 1(20KB) LOS objects, 35% free, 29MB/45MB, paused 414us total 38.541ms
08-04 00:52:30.629  7769  7780 I art     : Starting a blocking GC Explicit
08-04 00:52:30.665  7769  7780 I art     : Explicit concurrent mark sweep GC freed 22(768B) AllocSpace objects, 0(0B) LOS objects, 35% free, 29MB/45MB, paused 406us total 36.109ms
08-04 00:52:30.679  7769  7780 I art     : Starting a blocking GC Explicit
08-04 00:52:30.715  7769  7780 I art     : Explicit concurrent mark sweep GC freed 3(96B) AllocSpace objects, 0(0B) LOS objects, 35% free, 29MB/45MB, paused 392us total 35.853ms
08-04 00:52:30.728  7769  7780 I art     : Starting a blocking GC Explicit
08-04 00:52:30.762  7769  7780 I art     : Explicit concurrent mark sweep GC freed 3(96B) AllocSpace objects, 0(0B) LOS objects, 35% free, 29MB/45MB, paused 389us total 33.826ms
08-04 00:52:30.776  7769  7780 I art     : Starting a blocking GC Explicit
08-04 00:52:30.784   518   646 I ThermalEngine: ACTION: GPU - Setting GPU[0] to 450000000
08-04 00:52:30.818  7769  7780 I art     : Explicit concurrent mark sweep GC freed 3(96B) AllocSpace objects, 0(0B) LOS objects, 35% free, 29MB/45MB, paused 531us total 41.524ms
08-04 00:52:31.208  7769  7781 I art     : Starting a blocking GC Explicit
08-04 00:52:31.256  7769  7781 I art     : Explicit concurrent mark sweep GC freed 1566(94KB) AllocSpace objects, 1(20KB) LOS objects, 35% free, 29MB/45MB, paused 548us total 47.358ms
08-04 00:52:31.275  7769  7781 I art     : Starting a blocking GC Explicit
08-04 00:52:31.321  7769  7781 I art     : Explicit concurrent mark sweep GC freed 33(1296B) AllocSpace objects, 0(0B) LOS objects, 35% free, 29MB/45MB, paused 451us total 45.538ms
08-04 00:52:31.339  7769  7781 I art     : Starting a blocking GC Explicit
08-04 00:52:31.340  4731  4731 I ServiceManager: Waiting for service AtCmdFwd...
08-04 00:52:31.384  7769  7781 I art     : Explicit concurrent mark sweep GC freed 3(96B) AllocSpace objects, 0(0B) LOS objects, 35% free, 29MB/45MB, paused 497us total 44.678ms
08-04 00:52:31.403  7769  7781 I art     : Starting a blocking GC Explicit
08-04 00:52:31.445  7769  7781 I art     : Explicit concurrent mark sweep GC freed 3(96B) AllocSpace objects, 0(0B) LOS objects, 35% free, 29MB/45MB, paused 466us total 41.801ms
08-04 00:52:31.465  7769  7781 I art     : Starting a blocking GC Explicit
08-04 00:52:31.520  7769  7781 I art     : Explicit concurrent mark sweep GC freed 18(2896B) AllocSpace objects, 0(0B) LOS objects, 35% free, 29MB/45MB, paused 457us total 55.473ms
08-04 00:52:31.882  7769  8103 I art     : Starting a blocking GC Explicit
08-04 00:52:31.936  7769  8103 I art     : Explicit concurrent mark sweep GC freed 1401(85KB) AllocSpace objects, 1(20KB) LOS objects, 35% free, 29MB/45MB, paused 458us total 53.988ms
08-04 00:52:31.955  7769  8103 I art     : Starting a blocking GC Explicit
08-04 00:52:32.007  7769  8103 I art     : Explicit concurrent mark sweep GC freed 20(704B) AllocSpace objects, 0(0B) LOS objects, 35% free, 29MB/45MB, paused 550us total 52.377ms
08-04 00:52:32.027  7769  8103 I art     : Starting a blocking GC Explicit
08-04 00:52:32.078  7769  8103 I art     : Explicit concurrent mark sweep GC freed 3(96B) AllocSpace objects, 0(0B) LOS objects, 35% free, 29MB/45MB, paused 883us total 51.367ms
08-04 00:52:32.104  7769  8103 I art     : Starting a blocking GC Explicit
08-04 00:52:32.156  7769  8103 I art     : Explicit concurrent mark sweep GC freed 3(96B) AllocSpace objects, 0(0B) LOS objects, 35% free, 29MB/45MB, paused 523us total 51.539ms
08-04 00:52:32.179  7769  8103 I art     : Starting a blocking GC Explicit
08-04 00:52:32.227  7769  8103 I art     : Explicit concurrent mark sweep GC freed 3(96B) AllocSpace objects, 0(0B) LOS objects, 35% free, 29MB/45MB, paused 438us total 47.346ms
08-04 00:52:32.340  4731  4731 I ServiceManager: Waiting for service AtCmdFwd...
08-04 00:52:32.590  7769  9777 I RedditChangeDataIO: Writing tmp data file at '/data/user/0/baseline.org.quantumbadger.redreader/files/rr_change_data_tmp.dat'
08-04 00:52:32.590  7769  9777 I RedditChangeDataManager: Taking snapshot...
08-04 00:52:32.590  7769  9777 I RedditChangeDataManager: Writing to stream...
08-04 00:52:32.590  7769  9777 I RedditChangeDataManager: Wrote 4 entries for user ''
08-04 00:52:32.591  7769  9777 I RedditChangeDataManager: All entries written to stream.
08-04 00:52:32.591  7769  9777 I RedditChangeDataIO: Write successful. Atomically replacing data file...
08-04 00:52:32.591  7769  9777 I RedditChangeDataIO: Write complete.
08-04 00:52:32.591  7769  9777 I RedditChangeDataIO: 110 bytes written in 2 ms
08-04 00:52:32.635  7769  7797 I art     : Starting a blocking GC Explicit
08-04 00:52:32.686  7769  7797 I art     : Explicit concurrent mark sweep GC freed 1436(87KB) AllocSpace objects, 2(88KB) LOS objects, 35% free, 29MB/45MB, paused 553us total 50.854ms
08-04 00:52:32.706  7769  7797 I art     : Starting a blocking GC Explicit
08-04 00:52:32.756  7769  7797 I art     : Explicit concurrent mark sweep GC freed 23(800B) AllocSpace objects, 0(0B) LOS objects, 35% free, 29MB/45MB, paused 488us total 49.147ms
08-04 00:52:32.774  7769  7797 I art     : Starting a blocking GC Explicit
08-04 00:52:32.825  7769  7797 I art     : Explicit concurrent mark sweep GC freed 3(96B) AllocSpace objects, 0(0B) LOS objects, 35% free, 29MB/45MB, paused 524us total 50.842ms
08-04 00:52:32.844  7769  7797 I art     : Starting a blocking GC Explicit
08-04 00:52:32.897  7769  7797 I art     : Explicit concurrent mark sweep GC freed 3(96B) AllocSpace objects, 0(0B) LOS objects, 35% free, 29MB/45MB, paused 621us total 52.933ms
08-04 00:52:32.916  7769  7797 I art     : Starting a blocking GC Explicit
08-04 00:52:32.965  7769  7797 I art     : Explicit concurrent mark sweep GC freed 3(96B) AllocSpace objects, 0(0B) LOS objects, 35% free, 29MB/45MB, paused 459us total 48.716ms
08-04 00:52:33.341  4731  4731 I ServiceManager: Waiting for service AtCmdFwd...
08-04 00:52:33.349  7769  7781 I art     : Starting a blocking GC Explicit
08-04 00:52:33.403  7769  7781 I art     : Explicit concurrent mark sweep GC freed 1355(82KB) AllocSpace objects, 1(20KB) LOS objects, 35% free, 29MB/45MB, paused 458us total 54.124ms
08-04 00:52:33.429  7769  7781 I art     : Starting a blocking GC Explicit
08-04 00:52:33.474  7769  7781 I art     : Explicit concurrent mark sweep GC freed 22(784B) AllocSpace objects, 0(0B) LOS objects, 35% free, 29MB/45MB, paused 482us total 44.924ms
08-04 00:52:33.494  7769  7781 I art     : Starting a blocking GC Explicit
08-04 00:52:33.542  7769  7781 I art     : Explicit concurrent mark sweep GC freed 3(96B) AllocSpace objects, 0(0B) LOS objects, 35% free, 29MB/45MB, paused 511us total 47.398ms
08-04 00:52:33.560  7769  7781 I art     : Starting a blocking GC Explicit
08-04 00:52:33.611  7769  7781 I art     : Explicit concurrent mark sweep GC freed 3(96B) AllocSpace objects, 0(0B) LOS objects, 35% free, 29MB/45MB, paused 478us total 50.663ms
08-04 00:52:33.630  7769  7781 I art     : Starting a blocking GC Explicit
08-04 00:52:33.679  7769  7781 I art     : Explicit concurrent mark sweep GC freed 3(96B) AllocSpace objects, 0(0B) LOS objects, 35% free, 29MB/45MB, paused 549us total 48.649ms
08-04 00:52:33.698   918 13198 D NetlinkSocketObserver: NeighborEvent{elapsedMs=1648957573, 192.168.2.254, [7C3953A63323], RTM_NEWNEIGH, NUD_REACHABLE}
08-04 00:52:34.073  7769  7781 I art     : Starting a blocking GC Explicit
08-04 00:52:34.122  7769  7781 I art     : Explicit concurrent mark sweep GC freed 1355(82KB) AllocSpace objects, 1(20KB) LOS objects, 35% free, 29MB/45MB, paused 443us total 48.691ms
08-04 00:52:34.140  7769  7781 I art     : Starting a blocking GC Explicit
08-04 00:52:34.186  7769  7781 I art     : Explicit concurrent mark sweep GC freed 20(704B) AllocSpace objects, 0(0B) LOS objects, 35% free, 29MB/45MB, paused 473us total 45.466ms
08-04 00:52:34.206  7769  7781 I art     : Starting a blocking GC Explicit
08-04 00:52:34.252  7769  7781 I art     : Explicit concurrent mark sweep GC freed 3(96B) AllocSpace objects, 0(0B) LOS objects, 35% free, 29MB/45MB, paused 455us total 45.612ms
08-04 00:52:34.271  7769  7781 I art     : Starting a blocking GC Explicit
08-04 00:52:34.319  7769  7781 I art     : Explicit concurrent mark sweep GC freed 3(96B) AllocSpace objects, 0(0B) LOS objects, 35% free, 29MB/45MB, paused 668us total 47.846ms
08-04 00:52:34.338  7769  7781 I art     : Starting a blocking GC Explicit
08-04 00:52:34.341  4731  4731 W Atfwd_Sendcmd: AtCmdFwd service not published, waiting... retryCnt : 5
08-04 00:52:34.387  7769  7781 I art     : Explicit concurrent mark sweep GC freed 3(96B) AllocSpace objects, 0(0B) LOS objects, 35% free, 29MB/45MB, paused 538us total 48.925ms
08-04 00:52:34.772  7769  7781 I art     : Starting a blocking GC Explicit
08-04 00:52:34.827  7769  7781 I art     : Explicit concurrent mark sweep GC freed 1355(82KB) AllocSpace objects, 1(20KB) LOS objects, 35% free, 29MB/45MB, paused 500us total 54.858ms
08-04 00:52:34.846  7769  7781 I art     : Starting a blocking GC Explicit
08-04 00:52:34.899  7769  7781 I art     : Explicit concurrent mark sweep GC freed 20(704B) AllocSpace objects, 0(0B) LOS objects, 35% free, 29MB/45MB, paused 470us total 52.606ms
08-04 00:52:34.918  7769  7781 I art     : Starting a blocking GC Explicit
08-04 00:52:34.966  7769  7781 I art     : Explicit concurrent mark sweep GC freed 3(96B) AllocSpace objects, 0(0B) LOS objects, 35% free, 29MB/45MB, paused 484us total 48.407ms
08-04 00:52:34.985  7769  7781 I art     : Starting a blocking GC Explicit
08-04 00:52:35.037  7769  7781 I art     : Explicit concurrent mark sweep GC freed 3(96B) AllocSpace objects, 0(0B) LOS objects, 35% free, 29MB/45MB, paused 524us total 51.386ms
08-04 00:52:35.056  7769  7781 I art     : Starting a blocking GC Explicit
08-04 00:52:35.109  7769  7781 I art     : Explicit concurrent mark sweep GC freed 3(96B) AllocSpace objects, 0(0B) LOS objects, 35% free, 29MB/45MB, paused 455us total 52.744ms
08-04 00:52:35.109  7769  7779 I art     : WaitForGcToComplete blocked for 27.098ms for cause HeapTrim
08-04 00:52:35.472  7769  7780 I art     : Starting a blocking GC Explicit
08-04 00:52:35.524  7769  7780 I art     : Explicit concurrent mark sweep GC freed 1355(82KB) AllocSpace objects, 1(20KB) LOS objects, 35% free, 29MB/45MB, paused 526us total 51.857ms
08-04 00:52:35.542  7769  7780 I art     : Starting a blocking GC Explicit
08-04 00:52:35.593  7769  7780 I art     : Explicit concurrent mark sweep GC freed 20(704B) AllocSpace objects, 0(0B) LOS objects, 35% free, 29MB/45MB, paused 549us total 50.219ms
08-04 00:52:35.613  7769  7780 I art     : Starting a blocking GC Explicit
08-04 00:52:35.662  7769  7780 I art     : Explicit concurrent mark sweep GC freed 3(96B) AllocSpace objects, 0(0B) LOS objects, 35% free, 29MB/45MB, paused 517us total 48.087ms
08-04 00:52:35.681  7769  7780 I art     : Starting a blocking GC Explicit
08-04 00:52:35.731  7769  7780 I art     : Explicit concurrent mark sweep GC freed 3(96B) AllocSpace objects, 0(0B) LOS objects, 35% free, 29MB/45MB, paused 450us total 49.087ms
08-04 00:52:35.749  7769  7780 I art     : Starting a blocking GC Explicit
08-04 00:52:35.803  7769  7780 I art     : Explicit concurrent mark sweep GC freed 3(96B) AllocSpace objects, 0(0B) LOS objects, 35% free, 29MB/45MB, paused 528us total 52.871ms
08-04 00:52:36.157  7769  7780 I art     : Starting a blocking GC Explicit
08-04 00:52:36.209  7769  7780 I art     : Explicit concurrent mark sweep GC freed 1355(82KB) AllocSpace objects, 1(20KB) LOS objects, 35% free, 29MB/45MB, paused 490us total 51.592ms
08-04 00:52:36.227  7769  7780 I art     : Starting a blocking GC Explicit
08-04 00:52:36.275  7769  7780 I art     : Explicit concurrent mark sweep GC freed 20(704B) AllocSpace objects, 0(0B) LOS objects, 35% free, 29MB/45MB, paused 479us total 47.029ms
08-04 00:52:36.298  7769  7780 I art     : Starting a blocking GC Explicit
08-04 00:52:36.345  7769  7780 I art     : Explicit concurrent mark sweep GC freed 3(96B) AllocSpace objects, 0(0B) LOS objects, 35% free, 29MB/45MB, paused 546us total 47.096ms
08-04 00:52:36.351  9956  9956 D AndroidRuntime: >>>>>> START com.android.internal.os.RuntimeInit uid 2000 <<<<<<
08-04 00:52:36.357  9956  9956 D AndroidRuntime: CheckJNI is OFF
08-04 00:52:36.364  7769  7780 I art     : Starting a blocking GC Explicit
08-04 00:52:36.404  9956  9956 D ICU     : No timezone override file found: /data/misc/zoneinfo/current/icu/icu_tzdata.dat
08-04 00:52:36.414  7769  7780 I art     : Explicit concurrent mark sweep GC freed 3(96B) AllocSpace objects, 0(0B) LOS objects, 35% free, 29MB/45MB, paused 492us total 50.249ms
08-04 00:52:36.433  7769  7780 I art     : Starting a blocking GC Explicit
08-04 00:52:36.450  9956  9956 I Radio-JNI: register_android_hardware_Radio DONE
08-04 00:52:36.480  7769  7780 I art     : Explicit concurrent mark sweep GC freed 3(96B) AllocSpace objects, 0(0B) LOS objects, 35% free, 29MB/45MB, paused 671us total 46.386ms
08-04 00:52:36.481  9956  9956 D AndroidRuntime: Calling main entry com.android.commands.input.Input
08-04 00:52:36.484  9956  9956 I Input   : injectKeyEvent: KeyEvent { action=ACTION_DOWN, keyCode=KEYCODE_BACK, scanCode=0, metaState=0, flags=0x0, repeatCount=0, eventTime=665572896, downTime=665572896, deviceId=-1, source=0x101 }
08-04 00:52:36.496  9956  9956 I Input   : injectKeyEvent: KeyEvent { action=ACTION_UP, keyCode=KEYCODE_BACK, scanCode=0, metaState=0, flags=0x0, repeatCount=0, eventTime=665572896, downTime=665572896, deviceId=-1, source=0x101 }
08-04 00:52:36.503  9956  9956 D AndroidRuntime: Shutting down VM
08-04 00:52:36.552 13866 13866 I GoogleInputMethodServic: GoogleInputMethodService.onFinishInput():3138 
08-04 00:52:36.553 13866 13866 I GoogleInputMethodServic: GoogleInputMethodService.onStartInput():1808 
08-04 00:52:36.811  7769  7797 I art     : Starting a blocking GC Explicit
08-04 00:52:36.856  7769  7797 I art     : Explicit concurrent mark sweep GC freed 1633(93KB) AllocSpace objects, 1(20KB) LOS objects, 35% free, 29MB/45MB, paused 478us total 44.695ms
08-04 00:52:36.875  7769  7797 I art     : Starting a blocking GC Explicit
08-04 00:52:36.882   380   380 W SurfaceFlinger: couldn't log to binary event log: overflow.
08-04 00:52:36.918  7769  7797 I art     : Explicit concurrent mark sweep GC freed 507(24KB) AllocSpace objects, 0(0B) LOS objects, 35% free, 29MB/45MB, paused 1.374ms total 43.661ms
08-04 00:52:36.921   918  3263 D ConnectivityService: releasing NetworkRequest NetworkRequest [ id=2481, legacyType=-1, [ Capabilities: INTERNET&NOT_RESTRICTED&TRUSTED] ]
08-04 00:52:36.963  7769  7797 I art     : Starting a blocking GC Explicit
08-04 00:52:37.005  7769  7797 I art     : Explicit concurrent mark sweep GC freed 440(22KB) AllocSpace objects, 0(0B) LOS objects, 35% free, 29MB/45MB, paused 470us total 42.050ms
08-04 00:52:37.021  7769  7797 I art     : Starting a blocking GC Explicit
08-04 00:52:37.062  7769  7797 I art     : Explicit concurrent mark sweep GC freed 2093(123KB) AllocSpace objects, 1(28KB) LOS objects, 35% free, 29MB/45MB, paused 440us total 39.879ms
08-04 00:52:37.079  7769  7797 I art     : Starting a blocking GC Explicit
08-04 00:52:37.121  7769  7797 I art     : Explicit concurrent mark sweep GC freed 3(96B) AllocSpace objects, 0(0B) LOS objects, 35% free, 29MB/45MB, paused 451us total 41.702ms
08-04 00:52:37.471  7769  8103 I art     : Starting a blocking GC Explicit
08-04 00:52:37.530  7769  8103 I art     : Explicit concurrent mark sweep GC freed 1355(82KB) AllocSpace objects, 1(20KB) LOS objects, 35% free, 29MB/45MB, paused 549us total 58.325ms
08-04 00:52:37.552  7769  8103 I art     : Starting a blocking GC Explicit
08-04 00:52:37.599  7769  8103 I art     : Explicit concurrent mark sweep GC freed 20(704B) AllocSpace objects, 0(0B) LOS objects, 35% free, 29MB/45MB, paused 494us total 46.113ms
08-04 00:52:37.618  7769  8103 I art     : Starting a blocking GC Explicit
08-04 00:52:37.663  7769  8103 I art     : Explicit concurrent mark sweep GC freed 3(96B) AllocSpace objects, 0(0B) LOS objects, 35% free, 29MB/45MB, paused 483us total 44.806ms
08-04 00:52:37.681  7769  8103 I art     : Starting a blocking GC Explicit
08-04 00:52:37.726  7769  8103 I art     : Explicit concurrent mark sweep GC freed 3(96B) AllocSpace objects, 0(0B) LOS objects, 35% free, 29MB/45MB, paused 467us total 45.436ms
08-04 00:52:37.746  7769  8103 I art     : Starting a blocking GC Explicit
08-04 00:52:37.791  7769  8103 I art     : Explicit concurrent mark sweep GC freed 3(96B) AllocSpace objects, 0(0B) LOS objects, 35% free, 29MB/45MB, paused 473us total 44.829ms
08-04 00:52:38.133  7769  9989 I art     : Starting a blocking GC Explicit
08-04 00:52:38.191  7769  9989 I art     : Explicit concurrent mark sweep GC freed 1373(83KB) AllocSpace objects, 1(20KB) LOS objects, 35% free, 29MB/45MB, paused 563us total 57.041ms
08-04 00:52:38.210  7769  9989 I art     : Starting a blocking GC Explicit
08-04 00:52:38.259  7769  9989 I art     : Explicit concurrent mark sweep GC freed 26(928B) AllocSpace objects, 0(0B) LOS objects, 35% free, 29MB/45MB, paused 532us total 47.984ms
08-04 00:52:38.276 10000 10000 D AndroidRuntime: >>>>>> START com.android.internal.os.RuntimeInit uid 2000 <<<<<<
08-04 00:52:38.278  7769  9989 I art     : Starting a blocking GC Explicit
08-04 00:52:38.282 10000 10000 D AndroidRuntime: CheckJNI is OFF
08-04 00:52:38.325  7769  9989 I art     : Explicit concurrent mark sweep GC freed 3(96B) AllocSpace objects, 0(0B) LOS objects, 35% free, 29MB/45MB, paused 540us total 47.520ms
08-04 00:52:38.327 10000 10000 D ICU     : No timezone override file found: /data/misc/zoneinfo/current/icu/icu_tzdata.dat
08-04 00:52:38.344  7769  9989 I art     : Starting a blocking GC Explicit
08-04 00:52:38.373 10000 10000 I Radio-JNI: register_android_hardware_Radio DONE
08-04 00:52:38.393  7769  9989 I art     : Explicit concurrent mark sweep GC freed 3(96B) AllocSpace objects, 0(0B) LOS objects, 35% free, 29MB/45MB, paused 509us total 48.477ms
08-04 00:52:38.403 10000 10000 D AndroidRuntime: Calling main entry com.android.commands.input.Input
08-04 00:52:38.406 10000 10000 I Input   : injectMotionEvent: MotionEvent { action=ACTION_DOWN, actionButton=0, id[0]=0, x[0]=600.0, y[0]=820.0, toolType[0]=TOOL_TYPE_UNKNOWN, buttonState=0, metaState=0, flags=0x0, edgeFlags=0x0, pointerCount=1, historySize=0, eventTime=665574818, downTime=665574818, deviceId=0, source=0x1002 }
08-04 00:52:38.411  7769  9989 I art     : Starting a blocking GC Explicit
08-04 00:52:38.412 10000 10000 I Input   : injectMotionEvent: MotionEvent { action=ACTION_UP, actionButton=0, id[0]=0, x[0]=600.0, y[0]=820.0, toolType[0]=TOOL_TYPE_UNKNOWN, buttonState=0, metaState=0, flags=0x0, edgeFlags=0x0, pointerCount=1, historySize=0, eventTime=665574818, downTime=665574818, deviceId=0, source=0x1002 }
08-04 00:52:38.414 10000 10000 D AndroidRuntime: Shutting down VM
08-04 00:52:38.425   512  2967 D audio_hw_primary: out_set_parameters: enter: usecase(1: low-latency-playback) kvpairs: routing=2
08-04 00:52:38.433   918  6112 I ActivityManager: START u0 {dat=https://oauth.reddit.com/... cmp=baseline.org.quantumbadger.redreader/.activities.CommentListingActivity} from uid 10666 on display 0
08-04 00:52:38.440   512  2967 D audio_hw_primary: select_devices: out_snd_device(2: speaker) in_snd_device(0: none)
08-04 00:52:38.441   512  2967 D msm8974_platform: platform_send_audio_calibration: sending audio calibration for snd_device(2) acdb_id(15)
08-04 00:52:38.441   512  2967 I soundtrigger: audio_extn_sound_trigger_update_device_status: device 0x2 of type 0 for Event 1
08-04 00:52:38.453   512  2967 D audio_hw_primary: enable_snd_device: snd_device(2: speaker)
08-04 00:52:38.456   512  2967 D audio_hw_primary: enable_audio_route: apply and update mixer path: low-latency-playback speaker
08-04 00:52:38.459  7769  9989 I art     : Explicit concurrent mark sweep GC freed 941(38KB) AllocSpace objects, 0(0B) LOS objects, 35% free, 29MB/45MB, paused 773us total 47.101ms
08-04 00:52:38.460  7769  7769 I AppCompatViewInflater: app:theme is now deprecated. Please move to using android:theme instead.
08-04 00:52:38.481  7769 10025 D OK      : calling: https://oauth.reddit.com/comments/hi3oht/.json?sort=confidence
08-04 00:52:38.560   918   936 I ActivityManager: Displayed baseline.org.quantumbadger.redreader/.activities.CommentListingActivity: +118ms
08-04 00:52:38.561 13866 13866 I GoogleInputMethodServic: GoogleInputMethodService.onFinishInput():3138 
08-04 00:52:38.566 13866 13866 I GoogleInputMethodServic: GoogleInputMethodService.onStartInput():1808 
08-04 00:52:38.765  7769  7781 I art     : Starting a blocking GC Explicit
08-04 00:52:38.785  7769 10025 I NAPPA_EXPERIMENTATION: MetricNetworkRequestExecutionTime: REQUEST_DURATION_SYSTEM='299',REQUEST_DURATION_OKHTTP='145',REQUEST_SYNCHRONOUS='TRUE',RESPONSE_CODE='200',RESPONSE_METHOD='GET',RESPONSE_LENGTH_OKHTTP='-1',RESPONSE_LENGTH_HEADER='167875',REQUEST_PROTOCOL='h2',REQUEST_URL='https://oauth.reddit.com/comments/hi3oht/.json?sort=confidence',
08-04 00:52:38.785  7769 10025 D OK      : request got status: 200
08-04 00:52:38.795  7769  8381 I CommentListingActivity: COMMENTS session changed to 072a9f21-67cc-45b6-a1fb-8a532e7e041c
08-04 00:52:38.818   380   380 W SurfaceFlinger: couldn't log to binary event log: overflow.
08-04 00:52:38.827  7769  7781 I art     : Explicit concurrent mark sweep GC freed 6042(383KB) AllocSpace objects, 2(36KB) LOS objects, 34% free, 30MB/46MB, paused 943us total 62.715ms
08-04 00:52:38.845  7769  7781 I art     : Starting a blocking GC Explicit
08-04 00:52:38.895  7769  7781 I art     : Explicit concurrent mark sweep GC freed 6855(461KB) AllocSpace objects, 1(24KB) LOS objects, 34% free, 30MB/46MB, paused 1.202ms total 49.867ms
08-04 00:52:38.913  7769  7781 I art     : Starting a blocking GC Explicit
08-04 00:52:38.987  7769  7781 I art     : Explicit concurrent mark sweep GC freed 12569(792KB) AllocSpace objects, 1(24KB) LOS objects, 33% free, 32MB/48MB, paused 1.464ms total 73.361ms
08-04 00:52:38.988   512  2967 D audio_hw_primary: disable_audio_route: reset and update mixer path: low-latency-playback speaker
08-04 00:52:38.989   512  2967 D audio_hw_primary: disable_snd_device: snd_device(2: speaker)
08-04 00:52:38.997   512  2967 I soundtrigger: audio_extn_sound_trigger_update_device_status: device 0x2 of type 0 for Event 0
08-04 00:52:39.007  7769  7781 I art     : Starting a blocking GC Explicit
08-04 00:52:39.074  7769  7781 I art     : Explicit concurrent mark sweep GC freed 16739(1070KB) AllocSpace objects, 0(0B) LOS objects, 32% free, 33MB/49MB, paused 1.180ms total 66.938ms
08-04 00:52:39.104  7769  7781 I art     : Starting a blocking GC Explicit
08-04 00:52:39.177  7769  7781 I art     : Explicit concurrent mark sweep GC freed 14361(941KB) AllocSpace objects, 1(20KB) LOS objects, 31% free, 34MB/50MB, paused 1.108ms total 73.517ms
08-04 00:52:39.501  7769  7797 I art     : Starting a blocking GC Explicit
08-04 00:52:39.576  7769  7797 I art     : Explicit concurrent mark sweep GC freed 45997(2MB) AllocSpace objects, 6(204KB) LOS objects, 32% free, 33MB/49MB, paused 712us total 74.285ms
08-04 00:52:39.598  7769  7797 I art     : Starting a blocking GC Explicit
08-04 00:52:39.660  7769  7797 I art     : Explicit concurrent mark sweep GC freed 37(1456B) AllocSpace objects, 0(0B) LOS objects, 32% free, 33MB/49MB, paused 482us total 62.271ms
08-04 00:52:39.682  7769  7797 I art     : Starting a blocking GC Explicit
08-04 00:52:39.748  7769  7797 I art     : Explicit concurrent mark sweep GC freed 3(96B) AllocSpace objects, 0(0B) LOS objects, 32% free, 33MB/49MB, paused 661us total 65.204ms
08-04 00:52:39.770  7769  7797 I art     : Starting a blocking GC Explicit
08-04 00:52:39.835  7769  7797 I art     : Explicit concurrent mark sweep GC freed 3(96B) AllocSpace objects, 0(0B) LOS objects, 32% free, 33MB/49MB, paused 474us total 65.701ms
08-04 00:52:39.857  7769  7797 I art     : Starting a blocking GC Explicit
08-04 00:52:39.923  7769  7797 I art     : Explicit concurrent mark sweep GC freed 3(96B) AllocSpace objects, 0(0B) LOS objects, 32% free, 33MB/49MB, paused 517us total 65.374ms
08-04 00:52:40.269  7769  7781 I art     : Starting a blocking GC Explicit
08-04 00:52:40.358  7769  7781 I art     : Explicit concurrent mark sweep GC freed 1400(84KB) AllocSpace objects, 1(20KB) LOS objects, 32% free, 33MB/49MB, paused 572us total 88.744ms
08-04 00:52:40.384  7769  7781 I art     : Starting a blocking GC Explicit
08-04 00:52:40.460  7769  7781 I art     : Explicit concurrent mark sweep GC freed 20(704B) AllocSpace objects, 0(0B) LOS objects, 32% free, 33MB/49MB, paused 522us total 75.724ms
08-04 00:52:40.482  7769  7781 I art     : Starting a blocking GC Explicit
08-04 00:52:40.559  7769  7781 I art     : Explicit concurrent mark sweep GC freed 3(96B) AllocSpace objects, 0(0B) LOS objects, 32% free, 33MB/49MB, paused 525us total 76.192ms
08-04 00:52:40.559  7769  7779 I art     : WaitForGcToComplete blocked for 34.637ms for cause HeapTrim
08-04 00:52:40.581  7769  7781 I art     : Starting a blocking GC Explicit
08-04 00:52:40.657  7769  7781 I art     : Explicit concurrent mark sweep GC freed 3(96B) AllocSpace objects, 0(0B) LOS objects, 32% free, 33MB/49MB, paused 597us total 75.491ms
08-04 00:52:40.680  7769  7781 I art     : Starting a blocking GC Explicit
08-04 00:52:40.757  7769  7781 I art     : Explicit concurrent mark sweep GC freed 3(96B) AllocSpace objects, 0(0B) LOS objects, 32% free, 33MB/49MB, paused 531us total 76.658ms
08-04 00:52:41.158  7769  9989 I art     : Starting a blocking GC Explicit
08-04 00:52:41.247  7769  9989 I art     : Explicit concurrent mark sweep GC freed 1354(82KB) AllocSpace objects, 1(20KB) LOS objects, 32% free, 33MB/49MB, paused 606us total 88.894ms
08-04 00:52:41.275  7769  9989 I art     : Starting a blocking GC Explicit
08-04 00:52:41.349  7769  9989 I art     : Explicit concurrent mark sweep GC freed 20(704B) AllocSpace objects, 0(0B) LOS objects, 32% free, 33MB/49MB, paused 569us total 73.297ms
08-04 00:52:41.371  7769  9989 I art     : Starting a blocking GC Explicit
08-04 00:52:41.455  7769  9989 I art     : Explicit concurrent mark sweep GC freed 3(96B) AllocSpace objects, 0(0B) LOS objects, 32% free, 33MB/49MB, paused 629us total 83.675ms
08-04 00:52:41.482  7769  9989 I art     : Starting a blocking GC Explicit
08-04 00:52:41.563  7769  9989 I art     : Explicit concurrent mark sweep GC freed 3(96B) AllocSpace objects, 0(0B) LOS objects, 32% free, 33MB/49MB, paused 591us total 81.366ms
08-04 00:52:41.588  7769  9989 I art     : Starting a blocking GC Explicit
08-04 00:52:41.664  7769  9989 I art     : Explicit concurrent mark sweep GC freed 3(96B) AllocSpace objects, 0(0B) LOS objects, 32% free, 33MB/49MB, paused 532us total 75.708ms
08-04 00:52:42.048  7769  7780 I art     : Starting a blocking GC Explicit
08-04 00:52:42.139  7769  7780 I art     : Explicit concurrent mark sweep GC freed 1354(82KB) AllocSpace objects, 1(20KB) LOS objects, 32% free, 33MB/49MB, paused 657us total 90.885ms
08-04 00:52:42.166  7769  7780 I art     : Starting a blocking GC Explicit
08-04 00:52:42.247  7769  7780 I art     : Explicit concurrent mark sweep GC freed 20(704B) AllocSpace objects, 0(0B) LOS objects, 32% free, 33MB/49MB, paused 608us total 81.089ms
08-04 00:52:42.272  7769  7780 I art     : Starting a blocking GC Explicit
08-04 00:52:42.348  7769  7780 I art     : Explicit concurrent mark sweep GC freed 3(96B) AllocSpace objects, 0(0B) LOS objects, 32% free, 33MB/49MB, paused 606us total 75.787ms
08-04 00:52:42.371  7769  7780 I art     : Starting a blocking GC Explicit
08-04 00:52:42.445  7769  7780 I art     : Explicit concurrent mark sweep GC freed 3(96B) AllocSpace objects, 0(0B) LOS objects, 32% free, 33MB/49MB, paused 573us total 73.503ms
08-04 00:52:42.468  7769  7780 I art     : Starting a blocking GC Explicit
08-04 00:52:42.545  7769  7780 I art     : Explicit concurrent mark sweep GC freed 3(96B) AllocSpace objects, 0(0B) LOS objects, 32% free, 33MB/49MB, paused 545us total 76.850ms
08-04 00:52:42.867  7769  8103 I art     : Starting a blocking GC Explicit
08-04 00:52:42.943  7769  8103 I art     : Explicit concurrent mark sweep GC freed 1354(82KB) AllocSpace objects, 1(20KB) LOS objects, 32% free, 33MB/49MB, paused 538us total 75.379ms
08-04 00:52:42.966  7769  8103 I art     : Starting a blocking GC Explicit
08-04 00:52:43.037  7769  8103 I art     : Explicit concurrent mark sweep GC freed 20(704B) AllocSpace objects, 0(0B) LOS objects, 32% free, 33MB/49MB, paused 632us total 71.139ms
08-04 00:52:43.060  7769  8103 I art     : Starting a blocking GC Explicit
08-04 00:52:43.133  7769  8103 I art     : Explicit concurrent mark sweep GC freed 5(144B) AllocSpace objects, 0(0B) LOS objects, 32% free, 33MB/49MB, paused 592us total 72.837ms
08-04 00:52:43.155  7769  8103 I art     : Starting a blocking GC Explicit
08-04 00:52:43.226  7769  8103 I art     : Explicit concurrent mark sweep GC freed 42(2096B) AllocSpace objects, 0(0B) LOS objects, 32% free, 33MB/49MB, paused 600us total 70.738ms
08-04 00:52:43.228 10080 10080 D AndroidRuntime: >>>>>> START com.android.internal.os.RuntimeInit uid 2000 <<<<<<
08-04 00:52:43.235 10080 10080 D AndroidRuntime: CheckJNI is OFF
08-04 00:52:43.248  7769  8103 I art     : Starting a blocking GC Explicit
08-04 00:52:43.278 10080 10080 D ICU     : No timezone override file found: /data/misc/zoneinfo/current/icu/icu_tzdata.dat
08-04 00:52:43.316  7769  8103 I art     : Explicit concurrent mark sweep GC freed 9(320B) AllocSpace objects, 0(0B) LOS objects, 32% free, 33MB/49MB, paused 582us total 67.024ms
08-04 00:52:43.328 10080 10080 I Radio-JNI: register_android_hardware_Radio DONE
08-04 00:52:43.358 10080 10080 D AndroidRuntime: Calling main entry com.android.commands.input.Input
08-04 00:52:43.360 10080 10080 I Input   : injectKeyEvent: KeyEvent { action=ACTION_DOWN, keyCode=KEYCODE_BACK, scanCode=0, metaState=0, flags=0x0, repeatCount=0, eventTime=665579773, downTime=665579773, deviceId=-1, source=0x101 }
08-04 00:52:43.366 10080 10080 I Input   : injectKeyEvent: KeyEvent { action=ACTION_UP, keyCode=KEYCODE_BACK, scanCode=0, metaState=0, flags=0x0, repeatCount=0, eventTime=665579773, downTime=665579773, deviceId=-1, source=0x101 }
08-04 00:52:43.372 10080 10080 D AndroidRuntime: Shutting down VM
08-04 00:52:43.418 13866 13866 I GoogleInputMethodServic: GoogleInputMethodService.onFinishInput():3138 
08-04 00:52:43.418 13866 13866 I GoogleInputMethodServic: GoogleInputMethodService.onStartInput():1808 
08-04 00:52:43.442  7769 10024 I RedditChangeDataIO: Writing tmp data file at '/data/user/0/baseline.org.quantumbadger.redreader/files/rr_change_data_tmp.dat'
08-04 00:52:43.443  7769 10024 I RedditChangeDataManager: Taking snapshot...
08-04 00:52:43.443  7769 10024 I RedditChangeDataManager: Writing to stream...
08-04 00:52:43.443  7769 10024 I RedditChangeDataManager: Wrote 5 entries for user ''
08-04 00:52:43.443  7769 10024 I RedditChangeDataManager: All entries written to stream.
08-04 00:52:43.443  7769 10024 I RedditChangeDataIO: Write successful. Atomically replacing data file...
08-04 00:52:43.443  7769 10024 I RedditChangeDataIO: Write complete.
08-04 00:52:43.444  7769 10024 I RedditChangeDataIO: 134 bytes written in 2 ms
08-04 00:52:43.637  7769  8103 I art     : Starting a blocking GC Explicit
08-04 00:52:43.708  7769  8103 I art     : Explicit concurrent mark sweep GC freed 1699(96KB) AllocSpace objects, 2(88KB) LOS objects, 32% free, 33MB/49MB, paused 648us total 70.479ms
08-04 00:52:43.731  7769  8103 I art     : Starting a blocking GC Explicit
08-04 00:52:43.739   380   380 W SurfaceFlinger: couldn't log to binary event log: overflow.
08-04 00:52:43.791  7769  8103 I art     : Explicit concurrent mark sweep GC freed 96(3KB) AllocSpace objects, 0(0B) LOS objects, 32% free, 33MB/49MB, paused 522us total 59.645ms
08-04 00:52:43.803   518   646 I ThermalEngine: ACTION: GPU - Setting GPU[0] to 510000000
08-04 00:52:43.811  7769  8103 I art     : Starting a blocking GC Explicit
08-04 00:52:43.869  7769  8103 I art     : Explicit concurrent mark sweep GC freed 10(400B) AllocSpace objects, 0(0B) LOS objects, 32% free, 33MB/49MB, paused 435us total 57.059ms
08-04 00:52:43.886  7769  8103 I art     : Starting a blocking GC Explicit
08-04 00:52:43.931  7769  8103 I art     : Explicit concurrent mark sweep GC freed 76487(4MB) AllocSpace objects, 5(140KB) LOS objects, 35% free, 29MB/45MB, paused 422us total 44.885ms
08-04 00:52:43.946  7769  8103 I art     : Starting a blocking GC Explicit
08-04 00:52:43.984  7769  8103 I art     : Explicit concurrent mark sweep GC freed 3(96B) AllocSpace objects, 0(0B) LOS objects, 35% free, 29MB/45MB, paused 414us total 37.730ms
08-04 00:52:44.305  7769  7797 I art     : Starting a blocking GC Explicit
08-04 00:52:44.349  7769  7797 I art     : Explicit concurrent mark sweep GC freed 1593(119KB) AllocSpace objects, 1(20KB) LOS objects, 35% free, 29MB/45MB, paused 400us total 43.560ms
08-04 00:52:44.363  7769  7797 I art     : Starting a blocking GC Explicit
08-04 00:52:44.400  7769  7797 I art     : Explicit concurrent mark sweep GC freed 85(2880B) AllocSpace objects, 0(0B) LOS objects, 35% free, 29MB/45MB, paused 372us total 36.866ms
08-04 00:52:44.415  7769  7797 I art     : Starting a blocking GC Explicit
08-04 00:52:44.454  7769  7797 I art     : Explicit concurrent mark sweep GC freed 3(96B) AllocSpace objects, 0(0B) LOS objects, 35% free, 29MB/45MB, paused 388us total 39.266ms
08-04 00:52:44.469  7769  7797 I art     : Starting a blocking GC Explicit
08-04 00:52:44.509  7769  7797 I art     : Explicit concurrent mark sweep GC freed 3(96B) AllocSpace objects, 0(0B) LOS objects, 35% free, 29MB/45MB, paused 398us total 39.427ms
08-04 00:52:44.523  7769  7797 I art     : Starting a blocking GC Explicit
08-04 00:52:44.563  7769  7797 I art     : Explicit concurrent mark sweep GC freed 3(96B) AllocSpace objects, 0(0B) LOS objects, 35% free, 29MB/45MB, paused 385us total 38.883ms
08-04 00:52:44.854  7769  9989 I art     : Starting a blocking GC Explicit
08-04 00:52:44.900  7769  9989 I art     : Explicit concurrent mark sweep GC freed 1355(82KB) AllocSpace objects, 1(20KB) LOS objects, 35% free, 29MB/45MB, paused 392us total 45.230ms
08-04 00:52:44.914  7769  9989 I art     : Starting a blocking GC Explicit
08-04 00:52:44.951  7769  9989 I art     : Explicit concurrent mark sweep GC freed 20(704B) AllocSpace objects, 0(0B) LOS objects, 35% free, 29MB/45MB, paused 378us total 37.171ms
08-04 00:52:44.965  7769  9989 I art     : Starting a blocking GC Explicit
08-04 00:52:45.003  7769  9989 I art     : Explicit concurrent mark sweep GC freed 3(96B) AllocSpace objects, 0(0B) LOS objects, 35% free, 29MB/45MB, paused 372us total 36.877ms
08-04 00:52:45.017  7769  9989 I art     : Starting a blocking GC Explicit
08-04 00:52:45.030 10123 10123 D AndroidRuntime: >>>>>> START com.android.internal.os.RuntimeInit uid 2000 <<<<<<
08-04 00:52:45.034 10123 10123 D AndroidRuntime: CheckJNI is OFF
08-04 00:52:45.053  7769  9989 I art     : Explicit concurrent mark sweep GC freed 3(96B) AllocSpace objects, 0(0B) LOS objects, 35% free, 29MB/45MB, paused 375us total 36.229ms
08-04 00:52:45.067  7769  9989 I art     : Starting a blocking GC Explicit
08-04 00:52:45.071 10123 10123 D ICU     : No timezone override file found: /data/misc/zoneinfo/current/icu/icu_tzdata.dat
08-04 00:52:45.104  7769  9989 I art     : Explicit concurrent mark sweep GC freed 3(96B) AllocSpace objects, 0(0B) LOS objects, 35% free, 29MB/45MB, paused 423us total 36.555ms
08-04 00:52:45.107 10123 10123 I Radio-JNI: register_android_hardware_Radio DONE
08-04 00:52:45.130 10123 10123 D AndroidRuntime: Calling main entry com.android.commands.input.Input
08-04 00:52:45.132 10123 10123 I Input   : injectMotionEvent: MotionEvent { action=ACTION_DOWN, actionButton=0, id[0]=0, x[0]=600.0, y[0]=580.0, toolType[0]=TOOL_TYPE_UNKNOWN, buttonState=0, metaState=0, flags=0x0, edgeFlags=0x0, pointerCount=1, historySize=0, eventTime=665581544, downTime=665581544, deviceId=0, source=0x1002 }
08-04 00:52:45.138 10123 10123 I Input   : injectMotionEvent: MotionEvent { action=ACTION_UP, actionButton=0, id[0]=0, x[0]=600.0, y[0]=580.0, toolType[0]=TOOL_TYPE_UNKNOWN, buttonState=0, metaState=0, flags=0x0, edgeFlags=0x0, pointerCount=1, historySize=0, eventTime=665581544, downTime=665581544, deviceId=0, source=0x1002 }
08-04 00:52:45.139 10123 10123 D AndroidRuntime: Shutting down VM
08-04 00:52:45.147   512  2967 D audio_hw_primary: out_set_parameters: enter: usecase(1: low-latency-playback) kvpairs: routing=2
08-04 00:52:45.148   918  6029 I ActivityManager: START u0 {cmp=baseline.org.quantumbadger.redreader/.activities.WebViewActivity (has extras)} from uid 10666 on display 0
08-04 00:52:45.160   512  2967 D audio_hw_primary: select_devices: out_snd_device(2: speaker) in_snd_device(0: none)
08-04 00:52:45.160   512  2967 D msm8974_platform: platform_send_audio_calibration: sending audio calibration for snd_device(2) acdb_id(15)
08-04 00:52:45.161   512  2967 I soundtrigger: audio_extn_sound_trigger_update_device_status: device 0x2 of type 0 for Event 1
08-04 00:52:45.172   512  2967 D audio_hw_primary: enable_snd_device: snd_device(2: speaker)
08-04 00:52:45.174   512  2967 D audio_hw_primary: enable_audio_route: apply and update mixer path: low-latency-playback speaker
08-04 00:52:45.174  7769  7769 I AppCompatViewInflater: app:theme is now deprecated. Please move to using android:theme instead.
08-04 00:52:45.191   918  6111 D ConnectivityService: listenForNetwork for Listen from uid/pid:10666/7769 for NetworkRequest [ id=2482, legacyType=-1, [ Capabilities: INTERNET&NOT_RESTRICTED&TRUSTED] ]
08-04 00:52:45.298   918   936 I ActivityManager: Displayed baseline.org.quantumbadger.redreader/.activities.WebViewActivity: +142ms
08-04 00:52:45.298 13866 13866 I GoogleInputMethodServic: GoogleInputMethodService.onFinishInput():3138 
08-04 00:52:45.299 13866 13866 I GoogleInputMethodServic: GoogleInputMethodService.onStartInput():1808 
08-04 00:52:45.374  7769  7797 I art     : Starting a blocking GC Explicit
08-04 00:52:45.414  7769  7797 I art     : Explicit concurrent mark sweep GC freed 5922(312KB) AllocSpace objects, 1(20KB) LOS objects, 35% free, 29MB/45MB, paused 418us total 39.526ms
08-04 00:52:45.431  7769  7797 I art     : Starting a blocking GC Explicit
08-04 00:52:45.476  7769  7797 I art     : Explicit concurrent mark sweep GC freed 545(29KB) AllocSpace objects, 0(0B) LOS objects, 35% free, 29MB/45MB, paused 526us total 44.411ms
08-04 00:52:45.492  7769  7797 I art     : Starting a blocking GC Explicit
08-04 00:52:45.539  7769  7797 I art     : Explicit concurrent mark sweep GC freed 12(464B) AllocSpace objects, 0(0B) LOS objects, 35% free, 29MB/45MB, paused 551us total 47.205ms
08-04 00:52:45.556  7769  7797 I art     : Starting a blocking GC Explicit
08-04 00:52:45.561   380   380 W SurfaceFlinger: couldn't log to binary event log: overflow.
08-04 00:52:45.591  7769  7797 I art     : Explicit concurrent mark sweep GC freed 435(26KB) AllocSpace objects, 0(0B) LOS objects, 35% free, 29MB/45MB, paused 457us total 34.407ms
08-04 00:52:45.604  7769  7797 I art     : Starting a blocking GC Explicit
08-04 00:52:45.640  7769  7797 I art     : Explicit concurrent mark sweep GC freed 337(18KB) AllocSpace objects, 0(0B) LOS objects, 35% free, 29MB/45MB, paused 463us total 35.782ms
08-04 00:52:45.719   512  2967 D audio_hw_primary: disable_audio_route: reset and update mixer path: low-latency-playback speaker
08-04 00:52:45.721   512  2967 D audio_hw_primary: disable_snd_device: snd_device(2: speaker)
08-04 00:52:45.729   512  2967 I soundtrigger: audio_extn_sound_trigger_update_device_status: device 0x2 of type 0 for Event 0
08-04 00:52:45.960  7769  9989 I art     : Starting a blocking GC Explicit
08-04 00:52:45.999  7769  9989 I art     : Explicit concurrent mark sweep GC freed 1529(89KB) AllocSpace objects, 1(20KB) LOS objects, 35% free, 29MB/45MB, paused 366us total 39.020ms
08-04 00:52:46.014  7769  9989 I art     : Starting a blocking GC Explicit
08-04 00:52:46.050  7769  9989 I art     : Explicit concurrent mark sweep GC freed 25(864B) AllocSpace objects, 0(0B) LOS objects, 35% free, 29MB/45MB, paused 376us total 35.524ms
08-04 00:52:46.065  7769  9989 I art     : Starting a blocking GC Explicit
08-04 00:52:46.105  7769  9989 I art     : Explicit concurrent mark sweep GC freed 9(288B) AllocSpace objects, 0(0B) LOS objects, 35% free, 29MB/45MB, paused 429us total 39.880ms
08-04 00:52:46.121  7769  9989 I art     : Starting a blocking GC Explicit
08-04 00:52:46.168  7769  9989 I art     : Explicit concurrent mark sweep GC freed 11(352B) AllocSpace objects, 0(0B) LOS objects, 35% free, 29MB/45MB, paused 402us total 46.022ms
08-04 00:52:46.185  7769  9989 I art     : Starting a blocking GC Explicit
08-04 00:52:46.230  7769  9989 I art     : Explicit concurrent mark sweep GC freed 11(352B) AllocSpace objects, 0(0B) LOS objects, 35% free, 29MB/45MB, paused 440us total 45.634ms
08-04 00:52:46.533  7769  7769 I chromium: [INFO:CONSOLE(1)] "
08-04 00:52:46.533  7769  7769 I chromium:                   ,d"=,.,qOp,
08-04 00:52:46.533  7769  7769 I chromium:                  ,7'  ''$(  )
08-04 00:52:46.533  7769  7769 I chromium:                 ,7'      '?q$7'
08-04 00:52:46.533  7769  7769 I chromium:              ..,$$,.
08-04 00:52:46.533  7769  7769 I chromium:    ,.  .,,--***""***--,,.  .,
08-04 00:52:46.533  7769  7769 I chromium:     ,p''              ''q,   
08-04 00:52:46.533  7769  7769 I chromium: :  ,7'                      '7,  :
08-04 00:52:46.533  7769  7769 I chromium:  ' $      ,db,      ,db,      $ '
08-04 00:52:46.533  7769  7769 I chromium:   '$      $$      $$      $'    Using Reddit at work? Work for Reddit.
08-04 00:52:46.533  7769  7769 I chromium:   '$                          $'        https://www.reddit.com/jobs
08-04 00:52:46.533  7769  7769 I chromium:    '$.     .,        ,.     .$'
08-04 00:52:46.533  7769  7769 I chromium:     'b,     ''     ,d'
08-04 00:52:46.533  7769  7769 I chromium:      '?bn,,          ,,nd?'
08-04 00:52:46.533  7769  7769 I chromium:        ,7$ '''' $7,
08-04 00:52:46.533  7769  7769 I chromium:      , $              $ ,
08-04 00:52:46.533  7769  7769 I chromium:      $  :$              $:  $
08-04 00:52:46.533  7769  7769 I chromium:      $   $              $   $
08-04 00:52:46.533  7769  7769 I chromium:      'b  q:            :p  d'
08-04 00:52:46.533  7769  7769 I chromium:       '?$.          .$?'
08-04 00:52:46.533  7769  7769 I chromium:          'b            d'
08-04 00:52:46.533  7769  7769 I chromium:        ,'?,.      .,?',
08-04 00:52:46.533  7769  7769 I chromium:       ==--==--==--==
08-04 00:52:46.533  7769  7769 I chromium: ", source: https://www.redditstatic.com/desktop2x/Chat~Governance~Reddit.2ea93b134a9b2e5b1d9a.js (1)
08-04 00:52:46.560  7769  8103 I art     : Starting a blocking GC Explicit
08-04 00:52:46.613  7769  8103 I art     : Explicit concurrent mark sweep GC freed 1402(86KB) AllocSpace objects, 1(20KB) LOS objects, 35% free, 29MB/45MB, paused 626us total 53.384ms
08-04 00:52:46.631  7769  8103 I art     : Starting a blocking GC Explicit
08-04 00:52:46.667  7769  8103 I art     : Explicit concurrent mark sweep GC freed 28(960B) AllocSpace objects, 0(0B) LOS objects, 35% free, 29MB/45MB, paused 394us total 36.069ms
08-04 00:52:46.683  7769  8103 I art     : Starting a blocking GC Explicit
08-04 00:52:46.719  7769  8103 I art     : Explicit concurrent mark sweep GC freed 9(288B) AllocSpace objects, 0(0B) LOS objects, 35% free, 29MB/45MB, paused 443us total 35.821ms
08-04 00:52:46.735  7769  8103 I art     : Starting a blocking GC Explicit
08-04 00:52:46.776  7769  8103 I art     : Explicit concurrent mark sweep GC freed 9(288B) AllocSpace objects, 0(0B) LOS objects, 35% free, 29MB/45MB, paused 468us total 40.307ms
08-04 00:52:46.791  7769  8103 I art     : Starting a blocking GC Explicit
08-04 00:52:46.811   518   646 I ThermalEngine: ACTION: GPU - Setting GPU[0] to 450000000
08-04 00:52:46.837  7769  8103 I art     : Explicit concurrent mark sweep GC freed 11(352B) AllocSpace objects, 0(0B) LOS objects, 35% free, 29MB/45MB, paused 495us total 44.988ms
08-04 00:52:47.213  7769  7780 I art     : Starting a blocking GC Explicit
08-04 00:52:47.262  7769  7780 I art     : Explicit concurrent mark sweep GC freed 1427(85KB) AllocSpace objects, 1(20KB) LOS objects, 35% free, 29MB/45MB, paused 775us total 48.098ms
08-04 00:52:47.281  7769  7780 I art     : Starting a blocking GC Explicit
08-04 00:52:47.307   918 13198 D NetlinkSocketObserver: NeighborEvent{elapsedMs=1648971182, 192.168.2.254, [7C3953A63323], RTM_NEWNEIGH, NUD_STALE}
08-04 00:52:47.329  7769  7780 I art     : Explicit concurrent mark sweep GC freed 22(768B) AllocSpace objects, 0(0B) LOS objects, 35% free, 29MB/45MB, paused 560us total 47.967ms
08-04 00:52:47.347  7769  7780 I art     : Starting a blocking GC Explicit
08-04 00:52:47.395  7769  7780 I art     : Explicit concurrent mark sweep GC freed 3(96B) AllocSpace objects, 0(0B) LOS objects, 35% free, 29MB/45MB, paused 544us total 46.923ms
08-04 00:52:47.413  7769  7780 I art     : Starting a blocking GC Explicit
08-04 00:52:47.460  7769  7780 I art     : Explicit concurrent mark sweep GC freed 3(96B) AllocSpace objects, 0(0B) LOS objects, 35% free, 29MB/45MB, paused 532us total 47.286ms
08-04 00:52:47.479  7769  7780 I art     : Starting a blocking GC Explicit
08-04 00:52:47.527  7769  7780 I art     : Explicit concurrent mark sweep GC freed 3(96B) AllocSpace objects, 0(0B) LOS objects, 35% free, 29MB/45MB, paused 606us total 47.649ms
08-04 00:52:47.718 24365 25567 I NetworkScheduler.Stats: Task com.google.android.apps.gcs/ started execution. cause:4 exec_start_elapsed_seconds: 1648971 [CONTEXT service_id=218 ]
08-04 00:52:47.720  7799 10199 W Gcs.WfaEliRefreshTask: [22983] afk.b: NULL eligibility response.
08-04 00:52:47.746 24365 25567 I NetworkScheduler.Stats: Task com.google.android.apps.gcs/ finished executing. cause:4 result: 3 elapsed_millis: 18 uptime_millis: 18 exec_start_elapsed_seconds: 1648971 [CONTEXT service_id=218 ]
08-04 00:52:47.910  7769  9989 I art     : Starting a blocking GC Explicit
08-04 00:52:47.960  7769  9989 I art     : Explicit concurrent mark sweep GC freed 1566(94KB) AllocSpace objects, 1(20KB) LOS objects, 35% free, 29MB/45MB, paused 533us total 49.097ms
08-04 00:52:47.979  7769  9989 I art     : Starting a blocking GC Explicit
08-04 00:52:48.024  7769  9989 I art     : Explicit concurrent mark sweep GC freed 37(1280B) AllocSpace objects, 0(0B) LOS objects, 35% free, 29MB/45MB, paused 534us total 44.894ms
08-04 00:52:48.043  7769  9989 I art     : Starting a blocking GC Explicit
08-04 00:52:48.090  7769  9989 I art     : Explicit concurrent mark sweep GC freed 12(2528B) AllocSpace objects, 0(0B) LOS objects, 35% free, 29MB/45MB, paused 563us total 47.183ms
08-04 00:52:48.111  7769  9989 I art     : Starting a blocking GC Explicit
08-04 00:52:48.159  7769  9989 I art     : Explicit concurrent mark sweep GC freed 3(96B) AllocSpace objects, 0(0B) LOS objects, 35% free, 29MB/45MB, paused 648us total 48.023ms
08-04 00:52:48.178  7769  9989 I art     : Starting a blocking GC Explicit
08-04 00:52:48.225  7769  9989 I art     : Explicit concurrent mark sweep GC freed 3(96B) AllocSpace objects, 0(0B) LOS objects, 35% free, 29MB/45MB, paused 499us total 46.148ms
08-04 00:52:48.595  7769  9989 I art     : Starting a blocking GC Explicit
08-04 00:52:48.642  7769  9989 I art     : Explicit concurrent mark sweep GC freed 1401(85KB) AllocSpace objects, 1(20KB) LOS objects, 35% free, 29MB/45MB, paused 550us total 46.836ms
08-04 00:52:48.660  7769  9989 I art     : Starting a blocking GC Explicit
08-04 00:52:48.718  7769  9989 I art     : Explicit concurrent mark sweep GC freed 20(704B) AllocSpace objects, 0(0B) LOS objects, 35% free, 29MB/45MB, paused 672us total 57.037ms
08-04 00:52:48.737  7769  9989 I art     : Starting a blocking GC Explicit
08-04 00:52:48.787  7769  9989 I art     : Explicit concurrent mark sweep GC freed 3(96B) AllocSpace objects, 0(0B) LOS objects, 35% free, 29MB/45MB, paused 467us total 49.577ms
08-04 00:52:48.808  7769  9989 I art     : Starting a blocking GC Explicit
08-04 00:52:48.857  7769  9989 I art     : Explicit concurrent mark sweep GC freed 3(96B) AllocSpace objects, 0(0B) LOS objects, 35% free, 29MB/45MB, paused 589us total 48.743ms
08-04 00:52:48.876  7769  9989 I art     : Starting a blocking GC Explicit
08-04 00:52:48.931  7769  9989 I art     : Explicit concurrent mark sweep GC freed 3(96B) AllocSpace objects, 0(0B) LOS objects, 35% free, 29MB/45MB, paused 552us total 54.216ms
08-04 00:52:49.331  7769  9989 I art     : Starting a blocking GC Explicit
08-04 00:52:49.379  7769  9989 I art     : Explicit concurrent mark sweep GC freed 1355(82KB) AllocSpace objects, 1(20KB) LOS objects, 35% free, 29MB/45MB, paused 526us total 47.179ms
08-04 00:52:49.398  7769  9989 I art     : Starting a blocking GC Explicit
08-04 00:52:49.442  7769  9989 I art     : Explicit concurrent mark sweep GC freed 20(704B) AllocSpace objects, 0(0B) LOS objects, 35% free, 29MB/45MB, paused 482us total 42.936ms
08-04 00:52:49.460  7769  9989 I art     : Starting a blocking GC Explicit
08-04 00:52:49.512  7769  9989 I art     : Explicit concurrent mark sweep GC freed 3(96B) AllocSpace objects, 0(0B) LOS objects, 35% free, 29MB/45MB, paused 500us total 51.940ms
08-04 00:52:49.530  7769  9989 I art     : Starting a blocking GC Explicit
08-04 00:52:49.577  7769  9989 I art     : Explicit concurrent mark sweep GC freed 3(96B) AllocSpace objects, 0(0B) LOS objects, 35% free, 29MB/45MB, paused 526us total 46.164ms
08-04 00:52:49.596  7769  9989 I art     : Starting a blocking GC Explicit
08-04 00:52:49.647  7769  9989 I art     : Explicit concurrent mark sweep GC freed 3(96B) AllocSpace objects, 0(0B) LOS objects, 35% free, 29MB/45MB, paused 499us total 50.507ms
08-04 00:52:49.927 10224 10224 D AndroidRuntime: >>>>>> START com.android.internal.os.RuntimeInit uid 2000 <<<<<<
08-04 00:52:49.933 10224 10224 D AndroidRuntime: CheckJNI is OFF
08-04 00:52:49.974 10224 10224 D ICU     : No timezone override file found: /data/misc/zoneinfo/current/icu/icu_tzdata.dat
08-04 00:52:50.020 10224 10224 I Radio-JNI: register_android_hardware_Radio DONE
08-04 00:52:50.036  7769  9989 I art     : Starting a blocking GC Explicit
08-04 00:52:50.050 10224 10224 D AndroidRuntime: Calling main entry com.android.commands.input.Input
08-04 00:52:50.053 10224 10224 I Input   : injectKeyEvent: KeyEvent { action=ACTION_DOWN, keyCode=KEYCODE_BACK, scanCode=0, metaState=0, flags=0x0, repeatCount=0, eventTime=665586466, downTime=665586466, deviceId=-1, source=0x101 }
08-04 00:52:50.060 10224 10224 I Input   : injectKeyEvent: KeyEvent { action=ACTION_UP, keyCode=KEYCODE_BACK, scanCode=0, metaState=0, flags=0x0, repeatCount=0, eventTime=665586466, downTime=665586466, deviceId=-1, source=0x101 }
08-04 00:52:50.070 10224 10224 D AndroidRuntime: Shutting down VM
08-04 00:52:50.087  7769  9989 I art     : Explicit concurrent mark sweep GC freed 1485(87KB) AllocSpace objects, 1(20KB) LOS objects, 35% free, 29MB/45MB, paused 586us total 50.264ms
08-04 00:52:50.104  7769  9989 I art     : Starting a blocking GC Explicit
08-04 00:52:50.106 13866 13866 I GoogleInputMethodServic: GoogleInputMethodService.onFinishInput():3138 
08-04 00:52:50.107 13866 13866 I GoogleInputMethodServic: GoogleInputMethodService.onStartInput():1808 
08-04 00:52:50.148  7769  9989 I art     : Explicit concurrent mark sweep GC freed 142(4KB) AllocSpace objects, 0(0B) LOS objects, 35% free, 29MB/45MB, paused 675us total 43.039ms
08-04 00:52:50.157  7769 10149 I RedditChangeDataIO: Writing tmp data file at '/data/user/0/baseline.org.quantumbadger.redreader/files/rr_change_data_tmp.dat'
08-04 00:52:50.158  7769 10149 I RedditChangeDataManager: Taking snapshot...
08-04 00:52:50.158  7769 10149 I RedditChangeDataManager: Writing to stream...
08-04 00:52:50.158  7769 10149 I RedditChangeDataManager: Wrote 5 entries for user ''
08-04 00:52:50.158  7769 10149 I RedditChangeDataManager: All entries written to stream.
08-04 00:52:50.158  7769 10149 I RedditChangeDataIO: Write successful. Atomically replacing data file...
08-04 00:52:50.159  7769 10149 I RedditChangeDataIO: Write complete.
08-04 00:52:50.159  7769 10149 I RedditChangeDataIO: 134 bytes written in 3 ms
08-04 00:52:50.167  7769  9989 I art     : Starting a blocking GC Explicit
08-04 00:52:50.206  7769  9989 I art     : Explicit concurrent mark sweep GC freed 107(5KB) AllocSpace objects, 1(68KB) LOS objects, 35% free, 29MB/45MB, paused 446us total 39.003ms
08-04 00:52:50.224  7769  9989 I art     : Starting a blocking GC Explicit
08-04 00:52:50.272  7769  9989 I art     : Explicit concurrent mark sweep GC freed 6(192B) AllocSpace objects, 0(0B) LOS objects, 35% free, 29MB/45MB, paused 521us total 47.456ms
08-04 00:52:50.292  7769  9989 I art     : Starting a blocking GC Explicit
08-04 00:52:50.345  7769  9989 I art     : Explicit concurrent mark sweep GC freed 3(96B) AllocSpace objects, 0(0B) LOS objects, 35% free, 29MB/45MB, paused 517us total 52.095ms
08-04 00:52:50.413   380   380 W SurfaceFlinger: couldn't log to binary event log: overflow.
08-04 00:52:50.447   918  3263 D ConnectivityService: releasing NetworkRequest NetworkRequest [ id=2482, legacyType=-1, [ Capabilities: INTERNET&NOT_RESTRICTED&TRUSTED] ]
08-04 00:52:50.681  7769  7797 I art     : Starting a blocking GC Explicit
08-04 00:52:50.725  7769  7797 I art     : Explicit concurrent mark sweep GC freed 2258(124KB) AllocSpace objects, 1(20KB) LOS objects, 35% free, 29MB/45MB, paused 469us total 43.492ms
08-04 00:52:50.743  7769  7797 I art     : Starting a blocking GC Explicit
08-04 00:52:50.786  7769  7797 I art     : Explicit concurrent mark sweep GC freed 2114(124KB) AllocSpace objects, 1(28KB) LOS objects, 35% free, 29MB/45MB, paused 476us total 42.777ms
08-04 00:52:50.803  7769  7797 I art     : Starting a blocking GC Explicit
08-04 00:52:50.846  7769  7797 I art     : Explicit concurrent mark sweep GC freed 3(96B) AllocSpace objects, 0(0B) LOS objects, 35% free, 29MB/45MB, paused 501us total 42.217ms
08-04 00:52:50.864  7769  7797 I art     : Starting a blocking GC Explicit
08-04 00:52:50.910  7769  7797 I art     : Explicit concurrent mark sweep GC freed 3(96B) AllocSpace objects, 0(0B) LOS objects, 35% free, 29MB/45MB, paused 491us total 45.166ms
08-04 00:52:50.928  7769  7797 I art     : Starting a blocking GC Explicit
08-04 00:52:50.974  7769  7797 I art     : Explicit concurrent mark sweep GC freed 3(96B) AllocSpace objects, 0(0B) LOS objects, 35% free, 29MB/45MB, paused 502us total 45.199ms
08-04 00:52:51.334  7769  7780 I art     : Starting a blocking GC Explicit
08-04 00:52:51.384  7769  7780 I art     : Explicit concurrent mark sweep GC freed 1354(82KB) AllocSpace objects, 1(20KB) LOS objects, 35% free, 29MB/45MB, paused 505us total 48.800ms
08-04 00:52:51.402  7769  7780 I art     : Starting a blocking GC Explicit
08-04 00:52:51.447  7769  7780 I art     : Explicit concurrent mark sweep GC freed 20(704B) AllocSpace objects, 0(0B) LOS objects, 35% free, 29MB/45MB, paused 603us total 44.805ms
08-04 00:52:51.466  7769  7780 I art     : Starting a blocking GC Explicit
08-04 00:52:51.511  7769  7780 I art     : Explicit concurrent mark sweep GC freed 3(96B) AllocSpace objects, 0(0B) LOS objects, 35% free, 29MB/45MB, paused 525us total 45.550ms
08-04 00:52:51.530  7769  7780 I art     : Starting a blocking GC Explicit
08-04 00:52:51.576  7769  7780 I art     : Explicit concurrent mark sweep GC freed 3(96B) AllocSpace objects, 0(0B) LOS objects, 35% free, 29MB/45MB, paused 526us total 45.675ms
08-04 00:52:51.594  7769  7780 I art     : Starting a blocking GC Explicit
08-04 00:52:51.641  7769  7780 I art     : Explicit concurrent mark sweep GC freed 3(96B) AllocSpace objects, 0(0B) LOS objects, 35% free, 29MB/45MB, paused 489us total 46.135ms
08-04 00:52:51.909 10268 10268 D AndroidRuntime: >>>>>> START com.android.internal.os.RuntimeInit uid 2000 <<<<<<
08-04 00:52:51.915 10268 10268 D AndroidRuntime: CheckJNI is OFF
08-04 00:52:51.957 10268 10268 D ICU     : No timezone override file found: /data/misc/zoneinfo/current/icu/icu_tzdata.dat
08-04 00:52:51.996 10268 10268 I Radio-JNI: register_android_hardware_Radio DONE
08-04 00:52:52.011  7769  7781 I art     : Starting a blocking GC Explicit
08-04 00:52:52.023 10268 10268 D AndroidRuntime: Calling main entry com.android.commands.input.Input
08-04 00:52:52.025 10268 10268 I Input   : injectKeyEvent: KeyEvent { action=ACTION_DOWN, keyCode=KEYCODE_BACK, scanCode=0, metaState=0, flags=0x0, repeatCount=0, eventTime=665588438, downTime=665588438, deviceId=-1, source=0x101 }
08-04 00:52:52.031 10268 10268 I Input   : injectKeyEvent: KeyEvent { action=ACTION_UP, keyCode=KEYCODE_BACK, scanCode=0, metaState=0, flags=0x0, repeatCount=0, eventTime=665588438, downTime=665588438, deviceId=-1, source=0x101 }
08-04 00:52:52.038 10268 10268 D AndroidRuntime: Shutting down VM
08-04 00:52:52.056  7769  7781 I art     : Explicit concurrent mark sweep GC freed 1457(86KB) AllocSpace objects, 1(20KB) LOS objects, 35% free, 29MB/45MB, paused 523us total 44.625ms
08-04 00:52:52.074  7769  7781 I art     : Starting a blocking GC Explicit
08-04 00:52:52.077 13866 13866 I GoogleInputMethodServic: GoogleInputMethodService.onFinishInput():3138 
08-04 00:52:52.078 13866 13866 I GoogleInputMethodServic: GoogleInputMethodService.onStartInput():1808 
08-04 00:52:52.114  7769  7781 I art     : Explicit concurrent mark sweep GC freed 77(2768B) AllocSpace objects, 0(0B) LOS objects, 35% free, 29MB/45MB, paused 513us total 39.722ms
08-04 00:52:52.133  7769  7781 I art     : Starting a blocking GC Explicit
08-04 00:52:52.172  7769  7781 I art     : Explicit concurrent mark sweep GC freed 27(912B) AllocSpace objects, 0(0B) LOS objects, 35% free, 29MB/45MB, paused 438us total 38.685ms
08-04 00:52:52.190  7769  7781 I art     : Starting a blocking GC Explicit
08-04 00:52:52.232  7769  7781 I art     : Explicit concurrent mark sweep GC freed 3(96B) AllocSpace objects, 0(0B) LOS objects, 35% free, 29MB/45MB, paused 429us total 41.465ms
08-04 00:52:52.251  7769  7781 I art     : Starting a blocking GC Explicit
08-04 00:52:52.294  7769  7781 I art     : Explicit concurrent mark sweep GC freed 3(96B) AllocSpace objects, 0(0B) LOS objects, 35% free, 29MB/45MB, paused 482us total 42.862ms
08-04 00:52:52.608  7769  9989 I art     : Starting a blocking GC Explicit
08-04 00:52:52.668  7769  9989 I art     : Explicit concurrent mark sweep GC freed 1412(84KB) AllocSpace objects, 1(20KB) LOS objects, 35% free, 29MB/45MB, paused 822us total 59.316ms
08-04 00:52:52.690  7769  9989 I art     : Starting a blocking GC Explicit
08-04 00:52:52.738  7769  9989 I art     : Explicit concurrent mark sweep GC freed 150(7KB) AllocSpace objects, 0(0B) LOS objects, 35% free, 29MB/45MB, paused 573us total 48.303ms
08-04 00:52:52.757  7769  9989 I art     : Starting a blocking GC Explicit
08-04 00:52:52.803  7769  9989 I art     : Explicit concurrent mark sweep GC freed 3(96B) AllocSpace objects, 0(0B) LOS objects, 35% free, 29MB/45MB, paused 531us total 45.552ms
08-04 00:52:52.821  7769  9989 I art     : Starting a blocking GC Explicit
08-04 00:52:52.868  7769  9989 I art     : Explicit concurrent mark sweep GC freed 3(96B) AllocSpace objects, 0(0B) LOS objects, 35% free, 29MB/45MB, paused 580us total 46.912ms
08-04 00:52:52.887  7769  9989 I art     : Starting a blocking GC Explicit
08-04 00:52:52.937  7769  9989 I art     : Explicit concurrent mark sweep GC freed 3(96B) AllocSpace objects, 0(0B) LOS objects, 35% free, 29MB/45MB, paused 605us total 50.086ms
08-04 00:52:53.268  7769  7780 I art     : Starting a blocking GC Explicit
08-04 00:52:53.305   918  3261 D WifiStateMachine: starting scan for "H369AA63323"WPA_PSK with 2412,5180
08-04 00:52:53.316  7769  7780 I art     : Explicit concurrent mark sweep GC freed 1354(82KB) AllocSpace objects, 1(20KB) LOS objects, 35% free, 29MB/45MB, paused 526us total 47.743ms
08-04 00:52:53.334  7769  7780 I art     : Starting a blocking GC Explicit
08-04 00:52:53.379  7769  7780 I art     : Explicit concurrent mark sweep GC freed 20(704B) AllocSpace objects, 0(0B) LOS objects, 35% free, 29MB/45MB, paused 536us total 44.366ms
08-04 00:52:53.397  7769  7780 I art     : Starting a blocking GC Explicit
08-04 00:52:53.442  7769  7780 I art     : Explicit concurrent mark sweep GC freed 3(96B) AllocSpace objects, 0(0B) LOS objects, 35% free, 29MB/45MB, paused 498us total 44.786ms
08-04 00:52:53.460  7769  7780 I art     : Starting a blocking GC Explicit
08-04 00:52:53.507  7769  7780 I art     : Explicit concurrent mark sweep GC freed 3(96B) AllocSpace objects, 0(0B) LOS objects, 35% free, 29MB/45MB, paused 541us total 46.636ms
08-04 00:52:53.525  7769  7780 I art     : Starting a blocking GC Explicit
08-04 00:52:53.571  7769  7780 I art     : Explicit concurrent mark sweep GC freed 3(96B) AllocSpace objects, 0(0B) LOS objects, 35% free, 29MB/45MB, paused 517us total 45.403ms
08-04 00:52:53.815 10312 10312 D AndroidRuntime: >>>>>> START com.android.internal.os.RuntimeInit uid 2000 <<<<<<
08-04 00:52:53.821 10312 10312 D AndroidRuntime: CheckJNI is OFF
08-04 00:52:53.860 10312 10312 D ICU     : No timezone override file found: /data/misc/zoneinfo/current/icu/icu_tzdata.dat
08-04 00:52:53.900 10312 10312 I Radio-JNI: register_android_hardware_Radio DONE
08-04 00:52:53.925  7769  7797 I art     : Starting a blocking GC Explicit
08-04 00:52:53.928 10312 10312 D AndroidRuntime: Calling main entry com.android.commands.input.Input
08-04 00:52:53.938 10312 10312 I Input   : injectMotionEvent: MotionEvent { action=ACTION_DOWN, actionButton=0, id[0]=0, x[0]=600.0, y[0]=1000.0, toolType[0]=TOOL_TYPE_UNKNOWN, buttonState=0, metaState=0, flags=0x0, edgeFlags=0x0, pointerCount=1, historySize=0, eventTime=665590350, downTime=665590350, deviceId=0, source=0x1002 }
08-04 00:52:53.944 10312 10312 I Input   : injectMotionEvent: MotionEvent { action=ACTION_UP, actionButton=0, id[0]=0, x[0]=600.0, y[0]=1000.0, toolType[0]=TOOL_TYPE_UNKNOWN, buttonState=0, metaState=0, flags=0x0, edgeFlags=0x0, pointerCount=1, historySize=0, eventTime=665590350, downTime=665590350, deviceId=0, source=0x1002 }
08-04 00:52:53.946 10312 10312 D AndroidRuntime: Shutting down VM
08-04 00:52:53.955   512  2967 D audio_hw_primary: out_set_parameters: enter: usecase(1: low-latency-playback) kvpairs: routing=2
08-04 00:52:53.957   918  4400 I ActivityManager: START u0 {dat=https://oauth.reddit.com/... cmp=baseline.org.quantumbadger.redreader/.activities.PostListingActivity} from uid 10666 on display 0
08-04 00:52:53.970   512  2967 D audio_hw_primary: select_devices: out_snd_device(2: speaker) in_snd_device(0: none)
08-04 00:52:53.970   512  2967 D msm8974_platform: platform_send_audio_calibration: sending audio calibration for snd_device(2) acdb_id(15)
08-04 00:52:53.970   512  2967 I soundtrigger: audio_extn_sound_trigger_update_device_status: device 0x2 of type 0 for Event 1
08-04 00:52:53.971  7769  7797 I art     : Explicit concurrent mark sweep GC freed 1426(85KB) AllocSpace objects, 1(20KB) LOS objects, 35% free, 29MB/45MB, paused 609us total 45.883ms
08-04 00:52:53.986   512  2967 D audio_hw_primary: enable_snd_device: snd_device(2: speaker)
08-04 00:52:53.990   512  2967 D audio_hw_primary: enable_audio_route: apply and update mixer path: low-latency-playback speaker
08-04 00:52:53.991  7769  7797 I art     : Starting a blocking GC Explicit
08-04 00:52:53.991  7769  7769 I AppCompatViewInflater: app:theme is now deprecated. Please move to using android:theme instead.
08-04 00:52:54.018  7769 10336 D OK      : calling: https://oauth.reddit.com/r/announcements/about.json
08-04 00:52:54.041  7769  7797 I art     : Explicit concurrent mark sweep GC freed 880(76KB) AllocSpace objects, 0(0B) LOS objects, 35% free, 29MB/45MB, paused 963us total 50.080ms
08-04 00:52:54.063  7769  7797 I art     : Starting a blocking GC Explicit
08-04 00:52:54.083   918   936 I ActivityManager: Displayed baseline.org.quantumbadger.redreader/.activities.PostListingActivity: +117ms
08-04 00:52:54.083 13866 13866 I GoogleInputMethodServic: GoogleInputMethodService.onFinishInput():3138 
08-04 00:52:54.085 13866 13866 I GoogleInputMethodServic: GoogleInputMethodService.onStartInput():1808 
08-04 00:52:54.108  7769  7797 I art     : Explicit concurrent mark sweep GC freed 1018(43KB) AllocSpace objects, 0(0B) LOS objects, 35% free, 29MB/45MB, paused 670us total 45.560ms
08-04 00:52:54.128  7769  7797 I art     : Starting a blocking GC Explicit
08-04 00:52:54.170  7769  7797 I art     : Explicit concurrent mark sweep GC freed 134(7KB) AllocSpace objects, 0(0B) LOS objects, 35% free, 29MB/45MB, paused 638us total 42.004ms
08-04 00:52:54.192  7769  7797 I art     : Starting a blocking GC Explicit
08-04 00:52:54.238  7769  7797 I art     : Explicit concurrent mark sweep GC freed 1988(79KB) AllocSpace objects, 0(0B) LOS objects, 35% free, 29MB/45MB, paused 612us total 46.505ms
08-04 00:52:54.336   380   380 W SurfaceFlinger: couldn't log to binary event log: overflow.
08-04 00:52:54.340  7769 10336 I NAPPA_EXPERIMENTATION: MetricNetworkRequestExecutionTime: REQUEST_DURATION_SYSTEM='322',REQUEST_DURATION_OKHTTP='144',REQUEST_SYNCHRONOUS='TRUE',RESPONSE_CODE='200',RESPONSE_METHOD='GET',RESPONSE_LENGTH_OKHTTP='-1',RESPONSE_LENGTH_HEADER='1564',REQUEST_PROTOCOL='h2',REQUEST_URL='https://oauth.reddit.com/r/announcements/about.json',
08-04 00:52:54.341  7769 10336 D OK      : request got status: 200
08-04 00:52:54.528   512  2967 D audio_hw_primary: disable_audio_route: reset and update mixer path: low-latency-playback speaker
08-04 00:52:54.529   512  2967 D audio_hw_primary: disable_snd_device: snd_device(2: speaker)
08-04 00:52:54.540   512  2967 I soundtrigger: audio_extn_sound_trigger_update_device_status: device 0x2 of type 0 for Event 0
08-04 00:52:54.543  7769  7797 I art     : Starting a blocking GC Explicit
08-04 00:52:54.592  7769  7797 I art     : Explicit concurrent mark sweep GC freed 2870(236KB) AllocSpace objects, 3(156KB) LOS objects, 35% free, 29MB/45MB, paused 577us total 48.478ms
08-04 00:52:54.610  7769  7797 I art     : Starting a blocking GC Explicit
08-04 00:52:54.658  7769  7797 I art     : Explicit concurrent mark sweep GC freed 207(11KB) AllocSpace objects, 0(0B) LOS objects, 35% free, 29MB/45MB, paused 573us total 47.444ms
08-04 00:52:54.677  7769  7797 I art     : Starting a blocking GC Explicit
08-04 00:52:54.721  7769  7797 I art     : Explicit concurrent mark sweep GC freed 32(1360B) AllocSpace objects, 0(0B) LOS objects, 35% free, 29MB/45MB, paused 516us total 43.631ms
08-04 00:52:54.740  7769  7797 I art     : Starting a blocking GC Explicit
08-04 00:52:54.787  7769  7797 I art     : Explicit concurrent mark sweep GC freed 3(96B) AllocSpace objects, 0(0B) LOS objects, 35% free, 29MB/45MB, paused 579us total 45.992ms
08-04 00:52:54.805  7769  7797 I art     : Starting a blocking GC Explicit
08-04 00:52:54.852  7769  7797 I art     : Explicit concurrent mark sweep GC freed 27(1120B) AllocSpace objects, 0(0B) LOS objects, 35% free, 29MB/45MB, paused 674us total 46.985ms
08-04 00:52:55.185  7769  9989 I art     : Starting a blocking GC Explicit
08-04 00:52:55.220  7769 10360 D OK      : calling: https://oauth.reddit.com/r/announcements/hot/.json
08-04 00:52:55.236  7769  9989 I art     : Explicit concurrent mark sweep GC freed 1446(86KB) AllocSpace objects, 1(20KB) LOS objects, 35% free, 29MB/45MB, paused 600us total 50.851ms
08-04 00:52:55.255  7769  9989 I art     : Starting a blocking GC Explicit
08-04 00:52:55.302  7769  9989 I art     : Explicit concurrent mark sweep GC freed 26(960B) AllocSpace objects, 0(0B) LOS objects, 35% free, 29MB/45MB, paused 588us total 47.132ms
08-04 00:52:55.321  7769  9989 I art     : Starting a blocking GC Explicit
08-04 00:52:55.367  7769  9989 I art     : Explicit concurrent mark sweep GC freed 3(96B) AllocSpace objects, 0(0B) LOS objects, 35% free, 29MB/45MB, paused 712us total 46.568ms
08-04 00:52:55.386  7769  9989 I art     : Starting a blocking GC Explicit
08-04 00:52:55.433  7769  9989 I art     : Explicit concurrent mark sweep GC freed 3(96B) AllocSpace objects, 0(0B) LOS objects, 35% free, 29MB/45MB, paused 633us total 47.269ms
08-04 00:52:55.449  7769 10360 I NAPPA_EXPERIMENTATION: MetricNetworkRequestExecutionTime: REQUEST_DURATION_SYSTEM='229',REQUEST_DURATION_OKHTTP='225',REQUEST_SYNCHRONOUS='TRUE',RESPONSE_CODE='200',RESPONSE_METHOD='GET',RESPONSE_LENGTH_OKHTTP='-1',RESPONSE_LENGTH_HEADER='142016',REQUEST_PROTOCOL='h2',REQUEST_URL='https://oauth.reddit.com/r/announcements/hot/.json',
08-04 00:52:55.449  7769 10360 D OK      : request got status: 200
08-04 00:52:55.452  7769  9989 I art     : Starting a blocking GC Explicit
08-04 00:52:55.458  7769  8381 I PostListingFragment: Precaching images: OFF
08-04 00:52:55.458  7769  8381 I PostListingFragment: Precaching comments: OFF
08-04 00:52:55.500  7769  9989 I art     : Explicit concurrent mark sweep GC freed 1582(149KB) AllocSpace objects, 1(16KB) LOS objects, 34% free, 30MB/46MB, paused 1.047ms total 48.193ms
08-04 00:52:55.808  7769  8103 I art     : Starting a blocking GC Explicit
08-04 00:52:55.875  7769  8103 I art     : Explicit concurrent mark sweep GC freed 18120(1097KB) AllocSpace objects, 31(1744KB) LOS objects, 31% free, 34MB/50MB, paused 995us total 66.575ms
08-04 00:52:55.895  7769  8103 I art     : Starting a blocking GC Explicit
08-04 00:52:55.958  7769  8103 I art     : Explicit concurrent mark sweep GC freed 4629(248KB) AllocSpace objects, 5(224KB) LOS objects, 31% free, 34MB/50MB, paused 1ms total 62.844ms
08-04 00:52:55.979  7769  8103 I art     : Starting a blocking GC Explicit
08-04 00:52:56.027  7769  7769 W RecyclerView: Cannot call this method in a scroll callback. Scroll callbacks mightbe run during a measure & layout pass where you cannot change theRecyclerView data. Any method call that might change the structureof the RecyclerView or the adapter contents should be postponed tothe next frame.
08-04 00:52:56.027  7769  7769 W RecyclerView: java.lang.IllegalStateException:  androidx.recyclerview.widget.RecyclerView{b0c7478 VFED..... .F....ID 0,0-1440,2140 #7f0900ef app:id/scrollbar_recyclerview_recyclerview}, adapter:baseline.org.quantumbadger.redreader.adapters.GroupedRecyclerViewAdapter@c9a5751, layout:androidx.recyclerview.widget.LinearLayoutManager@df80bb6, context:baseline.org.quantumbadger.redreader.activities.PostListingActivity@36869f1
08-04 00:52:56.027  7769  7769 W RecyclerView: 	at androidx.recyclerview.widget.RecyclerView.assertNotInLayoutOrScroll(RecyclerView.java:3061)
08-04 00:52:56.027  7769  7769 W RecyclerView: 	at androidx.recyclerview.widget.RecyclerView$RecyclerViewDataObserver.onItemRangeInserted(RecyclerView.java:5555)
08-04 00:52:56.027  7769  7769 W RecyclerView: 	at androidx.recyclerview.widget.RecyclerView$AdapterDataObservable.notifyItemRangeInserted(RecyclerView.java:12278)
08-04 00:52:56.027  7769  7769 W RecyclerView: 	at androidx.recyclerview.widget.RecyclerView$Adapter.notifyItemInserted(RecyclerView.java:7464)
08-04 00:52:56.027  7769  7769 W RecyclerView: 	at baseline.org.quantumbadger.redreader.adapters.GroupedRecyclerViewAdapter.updateHiddenStatus(GroupedRecyclerViewAdapter.java:279)
08-04 00:52:56.027  7769  7769 W RecyclerView: 	at baseline.org.quantumbadger.redreader.adapters.RedditListingManager.setLoadingVisible(RedditListingManager.java:125)
08-04 00:52:56.027  7769  7769 W RecyclerView: 	at baseline.org.quantumbadger.redreader.fragments.PostListingFragment.onLoadMoreItemsCheck(PostListingFragment.java:465)
08-04 00:52:56.027  7769  7769 W RecyclerView: 	at baseline.org.quantumbadger.redreader.fragments.PostListingFragment.access$000(PostListingFragment.java:98)
08-04 00:52:56.027  7769  7769 W RecyclerView: 	at baseline.org.quantumbadger.redreader.fragments.PostListingFragment$2.onScrolled(PostListingFragment.java:215)
08-04 00:52:56.027  7769  7769 W RecyclerView: 	at androidx.recyclerview.widget.RecyclerView.dispatchOnScrolled(RecyclerView.java:5173)
08-04 00:52:56.027  7769  7769 W RecyclerView: 	at androidx.recyclerview.widget.RecyclerView.dispatchLayoutStep3(RecyclerView.java:4231)
08-04 00:52:56.027  7769  7769 W RecyclerView: 	at androidx.recyclerview.widget.RecyclerView.dispatchLayout(RecyclerView.java:3862)
08-04 00:52:56.027  7769  7769 W RecyclerView: 	at androidx.recyclerview.widget.RecyclerView.consumePendingUpdateOperations(RecyclerView.java:1897)
08-04 00:52:56.027  7769  7769 W RecyclerView: 	at androidx.recyclerview.widget.RecyclerView$1.run(RecyclerView.java:414)
08-04 00:52:56.027  7769  7769 W RecyclerView: 	at android.view.Choreographer$CallbackRecord.run(Choreographer.java:858)
08-04 00:52:56.027  7769  7769 W RecyclerView: 	at android.view.Choreographer.doCallbacks(Choreographer.java:670)
08-04 00:52:56.027  7769  7769 W RecyclerView: 	at android.view.Choreographer.doFrame(Choreographer.java:603)
08-04 00:52:56.027  7769  7769 W RecyclerView: 	at android.view.Choreographer$FrameDisplayEventReceiver.run(Choreographer.java:844)
08-04 00:52:56.027  7769  7769 W RecyclerView: 	at android.os.Handler.handleCallback(Handler.java:739)
08-04 00:52:56.027  7769  7769 W RecyclerView: 	at android.os.Handler.dispatchMessage(Handler.java:95)
08-04 00:52:56.027  7769  7769 W RecyclerView: 	at android.os.Looper.loop(Looper.java:148)
08-04 00:52:56.027  7769  7769 W RecyclerView: 	at android.app.ActivityThread.main(ActivityThread.java:5417)
08-04 00:52:56.027  7769  7769 W RecyclerView: 	at java.lang.reflect.Method.invoke(Native Method)
08-04 00:52:56.027  7769  7769 W RecyclerView: 	at com.android.internal.os.ZygoteInit$MethodAndArgsCaller.run(ZygoteInit.java:726)
08-04 00:52:56.027  7769  7769 W RecyclerView: 	at com.android.internal.os.ZygoteInit.main(ZygoteInit.java:616)
08-04 00:52:56.037  7769  8103 I art     : Explicit concurrent mark sweep GC freed 59822(3MB) AllocSpace objects, 8(152KB) LOS objects, 33% free, 31MB/47MB, paused 1.215ms total 57.564ms
08-04 00:52:56.055  7769  8103 I art     : Starting a blocking GC Explicit
08-04 00:52:56.105  7769  8103 I art     : Explicit concurrent mark sweep GC freed 487(25KB) AllocSpace objects, 0(0B) LOS objects, 33% free, 31MB/47MB, paused 750us total 48.800ms
08-04 00:52:56.125  7769  8103 I art     : Starting a blocking GC Explicit
08-04 00:52:56.176  7769  8103 I art     : Explicit concurrent mark sweep GC freed 24(864B) AllocSpace objects, 0(0B) LOS objects, 33% free, 31MB/47MB, paused 526us total 50.740ms
08-04 00:52:56.423  7769 10383 D OK      : calling: https://oauth.reddit.com/r/announcements/hot/.json?after=t3_9jf8nh
08-04 00:52:56.530  7769  7797 I art     : Starting a blocking GC Explicit
08-04 00:52:56.590  7769  7797 I art     : Explicit concurrent mark sweep GC freed 1716(97KB) AllocSpace objects, 1(20KB) LOS objects, 33% free, 31MB/47MB, paused 679us total 59.840ms
08-04 00:52:56.610  7769  7797 I art     : Starting a blocking GC Explicit
08-04 00:52:56.666  7769  7797 I art     : Explicit concurrent mark sweep GC freed 26(960B) AllocSpace objects, 0(0B) LOS objects, 33% free, 31MB/47MB, paused 628us total 56.555ms
08-04 00:52:56.682  7769 10383 I NAPPA_EXPERIMENTATION: MetricNetworkRequestExecutionTime: REQUEST_DURATION_SYSTEM='258',REQUEST_DURATION_OKHTTP='249',REQUEST_SYNCHRONOUS='TRUE',RESPONSE_CODE='200',RESPONSE_METHOD='GET',RESPONSE_LENGTH_OKHTTP='-1',RESPONSE_LENGTH_HEADER='65685',REQUEST_PROTOCOL='h2',REQUEST_URL='https://oauth.reddit.com/r/announcements/hot/.json?after=t3_9jf8nh',
08-04 00:52:56.682  7769 10383 D OK      : request got status: 200
08-04 00:52:56.685  7769  7797 I art     : Starting a blocking GC Explicit
08-04 00:52:56.693  7769  8381 I PostListingFragment: Precaching images: OFF
08-04 00:52:56.693  7769  8381 I PostListingFragment: Precaching comments: OFF
08-04 00:52:56.743  7769  7797 I art     : Explicit concurrent mark sweep GC freed 2196(263KB) AllocSpace objects, 1(20KB) LOS objects, 32% free, 32MB/48MB, paused 1.121ms total 57.585ms
08-04 00:52:56.762  7769  7797 I art     : Starting a blocking GC Explicit
08-04 00:52:56.817  7769  7797 I art     : Explicit concurrent mark sweep GC freed 4115(211KB) AllocSpace objects, 7(576KB) LOS objects, 32% free, 33MB/49MB, paused 980us total 54.131ms
08-04 00:52:56.836  7769  7797 I art     : Starting a blocking GC Explicit
08-04 00:52:56.892  7769  7797 I art     : Explicit concurrent mark sweep GC freed 4139(180KB) AllocSpace objects, 2(84KB) LOS objects, 32% free, 33MB/49MB, paused 711us total 56.332ms
08-04 00:52:57.275  7769  7780 I art     : Starting a blocking GC Explicit
08-04 00:52:57.351  7769  7780 I art     : Explicit concurrent mark sweep GC freed 26758(1286KB) AllocSpace objects, 9(220KB) LOS objects, 33% free, 32MB/48MB, paused 679us total 74.577ms
08-04 00:52:57.372  7769  7780 I art     : Starting a blocking GC Explicit
08-04 00:52:57.429  7769  7780 I art     : Explicit concurrent mark sweep GC freed 1018(42KB) AllocSpace objects, 0(0B) LOS objects, 33% free, 32MB/48MB, paused 655us total 56.370ms
08-04 00:52:57.449  7769  7780 I art     : Starting a blocking GC Explicit
08-04 00:52:57.505  7769  7780 I art     : Explicit concurrent mark sweep GC freed 3(96B) AllocSpace objects, 0(0B) LOS objects, 33% free, 32MB/48MB, paused 567us total 55.511ms
08-04 00:52:57.524  7769  7780 I art     : Starting a blocking GC Explicit
08-04 00:52:57.582  7769  7780 I art     : Explicit concurrent mark sweep GC freed 3(96B) AllocSpace objects, 0(0B) LOS objects, 33% free, 32MB/48MB, paused 622us total 57.752ms
08-04 00:52:57.602  7769  7780 I art     : Starting a blocking GC Explicit
08-04 00:52:57.659  7769  7780 I art     : Explicit concurrent mark sweep GC freed 3(96B) AllocSpace objects, 0(0B) LOS objects, 33% free, 32MB/48MB, paused 685us total 56.905ms
08-04 00:52:58.010  7769  7781 I art     : Starting a blocking GC Explicit
08-04 00:52:58.077  7769  7781 I art     : Explicit concurrent mark sweep GC freed 1379(83KB) AllocSpace objects, 1(20KB) LOS objects, 33% free, 32MB/48MB, paused 617us total 66.926ms
08-04 00:52:58.101  7769  7781 I art     : Starting a blocking GC Explicit
08-04 00:52:58.155  7769  7781 I art     : Explicit concurrent mark sweep GC freed 20(704B) AllocSpace objects, 0(0B) LOS objects, 33% free, 32MB/48MB, paused 592us total 53.599ms
08-04 00:52:58.174  7769  7781 I art     : Starting a blocking GC Explicit
08-04 00:52:58.231  7769  7781 I art     : Explicit concurrent mark sweep GC freed 3(96B) AllocSpace objects, 0(0B) LOS objects, 33% free, 32MB/48MB, paused 573us total 56.366ms
08-04 00:52:58.251  7769  7781 I art     : Starting a blocking GC Explicit
08-04 00:52:58.308  7769  7781 I art     : Explicit concurrent mark sweep GC freed 3(96B) AllocSpace objects, 0(0B) LOS objects, 33% free, 32MB/48MB, paused 567us total 57.053ms
08-04 00:52:58.328  7769  7781 I art     : Starting a blocking GC Explicit
08-04 00:52:58.387  7769  7781 I art     : Explicit concurrent mark sweep GC freed 3(96B) AllocSpace objects, 0(0B) LOS objects, 33% free, 32MB/48MB, paused 642us total 58.593ms
08-04 00:52:58.752  7769  9989 I art     : Starting a blocking GC Explicit
08-04 00:52:58.822  7769  9989 I art     : Explicit concurrent mark sweep GC freed 1357(83KB) AllocSpace objects, 1(20KB) LOS objects, 33% free, 32MB/48MB, paused 646us total 68.747ms
08-04 00:52:58.844  7769  9989 I art     : Starting a blocking GC Explicit
08-04 00:52:58.898  7769  9989 I art     : Explicit concurrent mark sweep GC freed 20(704B) AllocSpace objects, 0(0B) LOS objects, 33% free, 32MB/48MB, paused 571us total 53.782ms
08-04 00:52:58.919  7769  9989 I art     : Starting a blocking GC Explicit
08-04 00:52:58.978  7769  9989 I art     : Explicit concurrent mark sweep GC freed 3(96B) AllocSpace objects, 0(0B) LOS objects, 33% free, 32MB/48MB, paused 683us total 59.381ms
08-04 00:52:59.001  7769  9989 I art     : Starting a blocking GC Explicit
08-04 00:52:59.057  7769  9989 I art     : Explicit concurrent mark sweep GC freed 3(96B) AllocSpace objects, 0(0B) LOS objects, 33% free, 32MB/48MB, paused 574us total 55.783ms
08-04 00:52:59.077  7769  9989 I art     : Starting a blocking GC Explicit
08-04 00:52:59.133  7769  9989 I art     : Explicit concurrent mark sweep GC freed 3(96B) AllocSpace objects, 0(0B) LOS objects, 33% free, 32MB/48MB, paused 559us total 55.913ms
08-04 00:52:59.341  4731  4731 I Atfwd_Sendcmd: AtCmdFwd service not ready - Exhausted retry attempts - :6
08-04 00:52:59.342  4731  4731 I Atfwd_Daemon: result : -1 	 ,Init step :2 	 ,qmiErrorCode: 0
08-04 00:52:59.465  7769  8103 I art     : Starting a blocking GC Explicit
08-04 00:52:59.521  7769  8103 I art     : Explicit concurrent mark sweep GC freed 1354(82KB) AllocSpace objects, 1(20KB) LOS objects, 33% free, 32MB/48MB, paused 579us total 55.960ms
08-04 00:52:59.541  7769  8103 I art     : Starting a blocking GC Explicit
08-04 00:52:59.596  7769  8103 I art     : Explicit concurrent mark sweep GC freed 20(704B) AllocSpace objects, 0(0B) LOS objects, 33% free, 32MB/48MB, paused 536us total 55.401ms
08-04 00:52:59.616  7769  8103 I art     : Starting a blocking GC Explicit
08-04 00:52:59.668  7769  8103 I art     : Explicit concurrent mark sweep GC freed 3(96B) AllocSpace objects, 0(0B) LOS objects, 33% free, 32MB/48MB, paused 603us total 52.280ms
08-04 00:52:59.688  7769  8103 I art     : Starting a blocking GC Explicit
08-04 00:52:59.740  7769  8103 I art     : Explicit concurrent mark sweep GC freed 3(96B) AllocSpace objects, 0(0B) LOS objects, 33% free, 32MB/48MB, paused 537us total 52.359ms
08-04 00:52:59.760  7769  8103 I art     : Starting a blocking GC Explicit
08-04 00:52:59.767 10415 10415 D AndroidRuntime: >>>>>> START com.android.internal.os.RuntimeInit uid 2000 <<<<<<
08-04 00:52:59.773 10415 10415 D AndroidRuntime: CheckJNI is OFF
08-04 00:52:59.813  7769  8103 I art     : Explicit concurrent mark sweep GC freed 3(96B) AllocSpace objects, 0(0B) LOS objects, 33% free, 32MB/48MB, paused 535us total 53.491ms
08-04 00:52:59.819 10415 10415 D ICU     : No timezone override file found: /data/misc/zoneinfo/current/icu/icu_tzdata.dat
08-04 00:52:59.863 10415 10415 I Radio-JNI: register_android_hardware_Radio DONE
08-04 00:52:59.893 10415 10415 D AndroidRuntime: Calling main entry com.android.commands.input.Input
08-04 00:52:59.895 10415 10415 I Input   : injectMotionEvent: MotionEvent { action=ACTION_DOWN, actionButton=0, id[0]=0, x[0]=600.0, y[0]=580.0, toolType[0]=TOOL_TYPE_UNKNOWN, buttonState=0, metaState=0, flags=0x0, edgeFlags=0x0, pointerCount=1, historySize=0, eventTime=665596307, downTime=665596307, deviceId=0, source=0x1002 }
08-04 00:52:59.902 10415 10415 I Input   : injectMotionEvent: MotionEvent { action=ACTION_UP, actionButton=0, id[0]=0, x[0]=600.0, y[0]=580.0, toolType[0]=TOOL_TYPE_UNKNOWN, buttonState=0, metaState=0, flags=0x0, edgeFlags=0x0, pointerCount=1, historySize=0, eventTime=665596307, downTime=665596307, deviceId=0, source=0x1002 }
08-04 00:52:59.904 10415 10415 D AndroidRuntime: Shutting down VM
08-04 00:52:59.913   512  2967 D audio_hw_primary: out_set_parameters: enter: usecase(1: low-latency-playback) kvpairs: routing=2
08-04 00:52:59.914   918  6029 I ActivityManager: START u0 {cmp=baseline.org.quantumbadger.redreader/.activities.WebViewActivity (has extras)} from uid 10666 on display 0
08-04 00:52:59.926   512  2967 D audio_hw_primary: select_devices: out_snd_device(2: speaker) in_snd_device(0: none)
08-04 00:52:59.926   512  2967 D msm8974_platform: platform_send_audio_calibration: sending audio calibration for snd_device(2) acdb_id(15)
08-04 00:52:59.927   512  2967 I soundtrigger: audio_extn_sound_trigger_update_device_status: device 0x2 of type 0 for Event 1
08-04 00:52:59.946  7769  7769 I AppCompatViewInflater: app:theme is now deprecated. Please move to using android:theme instead.
08-04 00:52:59.946   512  2967 D audio_hw_primary: enable_snd_device: snd_device(2: speaker)
08-04 00:52:59.949   512  2967 D audio_hw_primary: enable_audio_route: apply and update mixer path: low-latency-playback speaker
08-04 00:52:59.969   918  6110 D ConnectivityService: listenForNetwork for Listen from uid/pid:10666/7769 for NetworkRequest [ id=2483, legacyType=-1, [ Capabilities: INTERNET&NOT_RESTRICTED&TRUSTED] ]
08-04 00:53:00.086 13866 13866 I GoogleInputMethodServic: GoogleInputMethodService.onFinishInput():3138 
08-04 00:53:00.087   918   936 I ActivityManager: Displayed baseline.org.quantumbadger.redreader/.activities.WebViewActivity: +161ms
08-04 00:53:00.087 13866 13866 I GoogleInputMethodServic: GoogleInputMethodService.onStartInput():1808 
08-04 00:53:00.132  7769  9989 I art     : Starting a blocking GC Explicit
08-04 00:53:00.181  7769  9989 I art     : Explicit concurrent mark sweep GC freed 5914(311KB) AllocSpace objects, 1(20KB) LOS objects, 33% free, 32MB/48MB, paused 568us total 48.775ms
08-04 00:53:00.200  7769  9989 I art     : Starting a blocking GC Explicit
08-04 00:53:00.259  7769  9989 I art     : Explicit concurrent mark sweep GC freed 7287(828KB) AllocSpace objects, 17(2MB) LOS objects, 35% free, 29MB/45MB, paused 525us total 58.136ms
08-04 00:53:00.279  7769  9989 I art     : Starting a blocking GC Explicit
08-04 00:53:00.333  7769  9989 I art     : Explicit concurrent mark sweep GC freed 93(5KB) AllocSpace objects, 0(0B) LOS objects, 35% free, 29MB/45MB, paused 5.425ms total 53.699ms
08-04 00:53:00.341   380   380 W SurfaceFlinger: couldn't log to binary event log: overflow.
08-04 00:53:00.357  7769  9989 I art     : Starting a blocking GC Explicit
08-04 00:53:00.400  7769  9989 I art     : Explicit concurrent mark sweep GC freed 663(39KB) AllocSpace objects, 0(0B) LOS objects, 35% free, 29MB/45MB, paused 529us total 42.967ms
08-04 00:53:00.423  7769  9989 I art     : Starting a blocking GC Explicit
08-04 00:53:00.465  7769  9989 I art     : Explicit concurrent mark sweep GC freed 97(4KB) AllocSpace objects, 0(0B) LOS objects, 35% free, 29MB/45MB, paused 632us total 41.718ms
08-04 00:53:00.478   512  2967 D audio_hw_primary: disable_audio_route: reset and update mixer path: low-latency-playback speaker
08-04 00:53:00.479   512  2967 D audio_hw_primary: disable_snd_device: snd_device(2: speaker)
08-04 00:53:00.487   512  2967 I soundtrigger: audio_extn_sound_trigger_update_device_status: device 0x2 of type 0 for Event 0
08-04 00:53:00.491  7769 10361 I RedditChangeDataIO: Writing tmp data file at '/data/user/0/baseline.org.quantumbadger.redreader/files/rr_change_data_tmp.dat'
08-04 00:53:00.491  7769 10361 I RedditChangeDataManager: Taking snapshot...
08-04 00:53:00.491  7769 10361 I RedditChangeDataManager: Writing to stream...
08-04 00:53:00.491  7769 10361 I RedditChangeDataManager: Wrote 5 entries for user ''
08-04 00:53:00.491  7769 10361 I RedditChangeDataManager: All entries written to stream.
08-04 00:53:00.492  7769 10361 I RedditChangeDataIO: Write successful. Atomically replacing data file...
08-04 00:53:00.492  7769 10361 I RedditChangeDataIO: Write complete.
08-04 00:53:00.492  7769 10361 I RedditChangeDataIO: 134 bytes written in 2 ms
08-04 00:53:00.846  7769  7781 I art     : Starting a blocking GC Explicit
08-04 00:53:00.897  7769  7781 I art     : Explicit concurrent mark sweep GC freed 1558(92KB) AllocSpace objects, 2(88KB) LOS objects, 35% free, 29MB/45MB, paused 648us total 51.080ms
08-04 00:53:00.917  7769  7781 I art     : Starting a blocking GC Explicit
08-04 00:53:00.965  7769  7781 I art     : Explicit concurrent mark sweep GC freed 31(1056B) AllocSpace objects, 0(0B) LOS objects, 35% free, 29MB/45MB, paused 478us total 47.462ms
08-04 00:53:00.986  7769  7781 I art     : Starting a blocking GC Explicit
08-04 00:53:01.045  7769  7781 I art     : Explicit concurrent mark sweep GC freed 13(416B) AllocSpace objects, 0(0B) LOS objects, 35% free, 29MB/45MB, paused 735us total 59.014ms
08-04 00:53:01.066  7769  7781 I art     : Starting a blocking GC Explicit
08-04 00:53:01.122  7769  7781 I art     : Explicit concurrent mark sweep GC freed 11(352B) AllocSpace objects, 0(0B) LOS objects, 35% free, 29MB/45MB, paused 549us total 55.623ms
08-04 00:53:01.144  7769  7781 I art     : Starting a blocking GC Explicit
08-04 00:53:01.199  7769  7781 I art     : Explicit concurrent mark sweep GC freed 14(448B) AllocSpace objects, 0(0B) LOS objects, 35% free, 29MB/45MB, paused 483us total 54.463ms
08-04 00:53:01.365  7769  7769 I chromium: [INFO:CONSOLE(1)] "
08-04 00:53:01.365  7769  7769 I chromium:                   ,d"=,.,qOp,
08-04 00:53:01.365  7769  7769 I chromium:                  ,7'  ''$(  )
08-04 00:53:01.365  7769  7769 I chromium:                 ,7'      '?q$7'
08-04 00:53:01.365  7769  7769 I chromium:              ..,$$,.
08-04 00:53:01.365  7769  7769 I chromium:    ,.  .,,--***""***--,,.  .,
08-04 00:53:01.365  7769  7769 I chromium:     ,p''              ''q,   
08-04 00:53:01.365  7769  7769 I chromium: :  ,7'                      '7,  :
08-04 00:53:01.365  7769  7769 I chromium:  ' $      ,db,      ,db,      $ '
08-04 00:53:01.365  7769  7769 I chromium:   '$      $$      $$      $'    Using Reddit at work? Work for Reddit.
08-04 00:53:01.365  7769  7769 I chromium:   '$                          $'        https://www.reddit.com/jobs
08-04 00:53:01.365  7769  7769 I chromium:    '$.     .,        ,.     .$'
08-04 00:53:01.365  7769  7769 I chromium:     'b,     ''     ,d'
08-04 00:53:01.365  7769  7769 I chromium:      '?bn,,          ,,nd?'
08-04 00:53:01.365  7769  7769 I chromium:        ,7$ '''' $7,
08-04 00:53:01.365  7769  7769 I chromium:      , $              $ ,
08-04 00:53:01.365  7769  7769 I chromium:      $  :$              $:  $
08-04 00:53:01.365  7769  7769 I chromium:      $   $              $   $
08-04 00:53:01.365  7769  7769 I chromium:      'b  q:            :p  d'
08-04 00:53:01.365  7769  7769 I chromium:       '?$.          .$?'
08-04 00:53:01.365  7769  7769 I chromium:          'b            d'
08-04 00:53:01.365  7769  7769 I chromium:        ,'?,.      .,?',
08-04 00:53:01.365  7769  7769 I chromium:       ==--==--==--==
08-04 00:53:01.365  7769  7769 I chromium: ", source: https://www.redditstatic.com/desktop2x/Chat~Governance~Reddit.2ea93b134a9b2e5b1d9a.js (1)
08-04 00:53:01.592  7769  9989 I art     : Starting a blocking GC Explicit
08-04 00:53:01.661  7769  9989 I art     : Explicit concurrent mark sweep GC freed 1424(87KB) AllocSpace objects, 1(20KB) LOS objects, 35% free, 29MB/45MB, paused 775us total 67.847ms
08-04 00:53:01.682  7769  9989 I art     : Starting a blocking GC Explicit
08-04 00:53:01.732  7769  9989 I art     : Explicit concurrent mark sweep GC freed 41(1376B) AllocSpace objects, 0(0B) LOS objects, 35% free, 29MB/45MB, paused 525us total 50.201ms
08-04 00:53:01.753  7769  9989 I art     : Starting a blocking GC Explicit
08-04 00:53:01.809  7769  9989 I art     : Explicit concurrent mark sweep GC freed 19(608B) AllocSpace objects, 0(0B) LOS objects, 35% free, 29MB/45MB, paused 679us total 55.633ms
08-04 00:53:01.832  7769  9989 I art     : Starting a blocking GC Explicit
08-04 00:53:01.889  7769  9989 I art     : Explicit concurrent mark sweep GC freed 52(2208B) AllocSpace objects, 0(0B) LOS objects, 35% free, 29MB/45MB, paused 461us total 57.370ms
08-04 00:53:01.913  7769  9989 I art     : Starting a blocking GC Explicit
08-04 00:53:01.961  7769  9989 I art     : Explicit concurrent mark sweep GC freed 252(42KB) AllocSpace objects, 0(0B) LOS objects, 35% free, 29MB/45MB, paused 527us total 47.882ms
08-04 00:53:02.333  7769  8103 I art     : Starting a blocking GC Explicit
08-04 00:53:02.381  7769  8103 I art     : Explicit concurrent mark sweep GC freed 1631(97KB) AllocSpace objects, 1(20KB) LOS objects, 35% free, 29MB/45MB, paused 464us total 47.375ms
08-04 00:53:02.398  7769  8103 I art     : Starting a blocking GC Explicit
08-04 00:53:02.444  7769  8103 I art     : Explicit concurrent mark sweep GC freed 20(704B) AllocSpace objects, 0(0B) LOS objects, 35% free, 29MB/45MB, paused 509us total 45.249ms
08-04 00:53:02.462  7769  8103 I art     : Starting a blocking GC Explicit
08-04 00:53:02.508  7769  8103 I art     : Explicit concurrent mark sweep GC freed 3(96B) AllocSpace objects, 0(0B) LOS objects, 35% free, 29MB/45MB, paused 749us total 44.938ms
08-04 00:53:02.526  7769  8103 I art     : Starting a blocking GC Explicit
08-04 00:53:02.573  7769  8103 I art     : Explicit concurrent mark sweep GC freed 3(96B) AllocSpace objects, 0(0B) LOS objects, 35% free, 29MB/45MB, paused 505us total 46.457ms
08-04 00:53:02.591  7769  8103 I art     : Starting a blocking GC Explicit
08-04 00:53:02.638  7769  8103 I art     : Explicit concurrent mark sweep GC freed 16(2640B) AllocSpace objects, 0(0B) LOS objects, 35% free, 29MB/45MB, paused 493us total 46.830ms
08-04 00:53:03.031  7769  8103 I art     : Starting a blocking GC Explicit
08-04 00:53:03.079  7769  8103 I art     : Explicit concurrent mark sweep GC freed 1399(85KB) AllocSpace objects, 1(20KB) LOS objects, 35% free, 29MB/45MB, paused 465us total 46.836ms
08-04 00:53:03.097  7769  8103 I art     : Starting a blocking GC Explicit
08-04 00:53:03.147  7769  8103 I art     : Explicit concurrent mark sweep GC freed 22(784B) AllocSpace objects, 0(0B) LOS objects, 35% free, 29MB/45MB, paused 462us total 49.617ms
08-04 00:53:03.166  7769  8103 I art     : Starting a blocking GC Explicit
08-04 00:53:03.218  7769  8103 I art     : Explicit concurrent mark sweep GC freed 3(96B) AllocSpace objects, 0(0B) LOS objects, 35% free, 29MB/45MB, paused 595us total 52.390ms
08-04 00:53:03.240  7769  8103 I art     : Starting a blocking GC Explicit
08-04 00:53:03.289  7769  8103 I art     : Explicit concurrent mark sweep GC freed 3(96B) AllocSpace objects, 0(0B) LOS objects, 35% free, 29MB/45MB, paused 552us total 48.629ms
08-04 00:53:03.309  7769  8103 I art     : Starting a blocking GC Explicit
08-04 00:53:03.361  7769  8103 I art     : Explicit concurrent mark sweep GC freed 3(96B) AllocSpace objects, 0(0B) LOS objects, 35% free, 29MB/45MB, paused 438us total 51.611ms
08-04 00:53:03.775  7769  8103 I art     : Starting a blocking GC Explicit
08-04 00:53:03.831  7769  8103 I art     : Explicit concurrent mark sweep GC freed 1355(82KB) AllocSpace objects, 1(20KB) LOS objects, 35% free, 29MB/45MB, paused 432us total 55.651ms
08-04 00:53:03.850  7769  8103 I art     : Starting a blocking GC Explicit
08-04 00:53:03.903  7769  8103 I art     : Explicit concurrent mark sweep GC freed 20(704B) AllocSpace objects, 0(0B) LOS objects, 35% free, 29MB/45MB, paused 604us total 52.156ms
08-04 00:53:03.922  7769  8103 I art     : Starting a blocking GC Explicit
08-04 00:53:03.974  7769  8103 I art     : Explicit concurrent mark sweep GC freed 3(96B) AllocSpace objects, 0(0B) LOS objects, 35% free, 29MB/45MB, paused 418us total 50.799ms
08-04 00:53:03.992  7769  8103 I art     : Starting a blocking GC Explicit
08-04 00:53:04.045  7769  8103 I art     : Explicit concurrent mark sweep GC freed 3(96B) AllocSpace objects, 0(0B) LOS objects, 35% free, 29MB/45MB, paused 421us total 52.703ms
08-04 00:53:04.064  7769  8103 I art     : Starting a blocking GC Explicit
08-04 00:53:04.112  7769  8103 I art     : Explicit concurrent mark sweep GC freed 3(96B) AllocSpace objects, 0(0B) LOS objects, 35% free, 29MB/45MB, paused 517us total 48.332ms
08-04 00:53:04.510  7769  7781 I art     : Starting a blocking GC Explicit
08-04 00:53:04.566  7769  7781 I art     : Explicit concurrent mark sweep GC freed 1355(82KB) AllocSpace objects, 1(20KB) LOS objects, 35% free, 29MB/45MB, paused 658us total 55.467ms
08-04 00:53:04.588  7769  7781 I art     : Starting a blocking GC Explicit
08-04 00:53:04.645  7769  7781 I art     : Explicit concurrent mark sweep GC freed 20(704B) AllocSpace objects, 0(0B) LOS objects, 35% free, 29MB/45MB, paused 477us total 56.585ms
08-04 00:53:04.663  7769  7781 I art     : Starting a blocking GC Explicit
08-04 00:53:04.694 10502 10502 D AndroidRuntime: >>>>>> START com.android.internal.os.RuntimeInit uid 2000 <<<<<<
08-04 00:53:04.700 10502 10502 D AndroidRuntime: CheckJNI is OFF
08-04 00:53:04.712  7769  7781 I art     : Explicit concurrent mark sweep GC freed 3(96B) AllocSpace objects, 0(0B) LOS objects, 35% free, 29MB/45MB, paused 540us total 48.720ms
08-04 00:53:04.733  7769  7781 I art     : Starting a blocking GC Explicit
08-04 00:53:04.747 10502 10502 D ICU     : No timezone override file found: /data/misc/zoneinfo/current/icu/icu_tzdata.dat
08-04 00:53:04.780  7769  7781 I art     : Explicit concurrent mark sweep GC freed 3(96B) AllocSpace objects, 0(0B) LOS objects, 35% free, 29MB/45MB, paused 470us total 46.511ms
08-04 00:53:04.794 10502 10502 I Radio-JNI: register_android_hardware_Radio DONE
08-04 00:53:04.798  7769  7781 I art     : Starting a blocking GC Explicit
08-04 00:53:04.824 10502 10502 D AndroidRuntime: Calling main entry com.android.commands.input.Input
08-04 00:53:04.826 10502 10502 I Input   : injectKeyEvent: KeyEvent { action=ACTION_DOWN, keyCode=KEYCODE_BACK, scanCode=0, metaState=0, flags=0x0, repeatCount=0, eventTime=665601239, downTime=665601239, deviceId=-1, source=0x101 }
08-04 00:53:04.834 10502 10502 I Input   : injectKeyEvent: KeyEvent { action=ACTION_UP, keyCode=KEYCODE_BACK, scanCode=0, metaState=0, flags=0x0, repeatCount=0, eventTime=665601239, downTime=665601239, deviceId=-1, source=0x101 }
08-04 00:53:04.845 10502 10502 D AndroidRuntime: Shutting down VM
08-04 00:53:04.849  7769  7781 I art     : Explicit concurrent mark sweep GC freed 22(736B) AllocSpace objects, 0(0B) LOS objects, 35% free, 29MB/45MB, paused 582us total 49.693ms
08-04 00:53:04.895 13866 13866 I GoogleInputMethodServic: GoogleInputMethodService.onFinishInput():3138 
08-04 00:53:04.895 13866 13866 I GoogleInputMethodServic: GoogleInputMethodService.onStartInput():1808 
08-04 00:53:05.196   380   380 W SurfaceFlinger: couldn't log to binary event log: overflow.
08-04 00:53:05.198  7769  7780 I art     : Starting a blocking GC Explicit
08-04 00:53:05.240   918  3263 D ConnectivityService: releasing NetworkRequest NetworkRequest [ id=2483, legacyType=-1, [ Capabilities: INTERNET&NOT_RESTRICTED&TRUSTED] ]
08-04 00:53:05.245  7769  7780 I art     : Explicit concurrent mark sweep GC freed 2388(128KB) AllocSpace objects, 1(20KB) LOS objects, 35% free, 29MB/45MB, paused 1.004ms total 45.862ms
08-04 00:53:05.270  7769  7780 I art     : Starting a blocking GC Explicit
08-04 00:53:05.310  7769  7780 I art     : Explicit concurrent mark sweep GC freed 166(6KB) AllocSpace objects, 0(0B) LOS objects, 35% free, 29MB/45MB, paused 432us total 40.114ms
08-04 00:53:05.330  7769  7780 I art     : Starting a blocking GC Explicit
08-04 00:53:05.370  7769  7780 I art     : Explicit concurrent mark sweep GC freed 2093(123KB) AllocSpace objects, 1(28KB) LOS objects, 35% free, 29MB/45MB, paused 447us total 39.609ms
08-04 00:53:05.387  7769  7780 I art     : Starting a blocking GC Explicit
08-04 00:53:05.431  7769  7780 I art     : Explicit concurrent mark sweep GC freed 3(96B) AllocSpace objects, 0(0B) LOS objects, 35% free, 29MB/45MB, paused 480us total 43.534ms
08-04 00:53:05.449  7769  7780 I art     : Starting a blocking GC Explicit
08-04 00:53:05.497  7769  7780 I art     : Explicit concurrent mark sweep GC freed 3(96B) AllocSpace objects, 0(0B) LOS objects, 35% free, 29MB/45MB, paused 538us total 47.371ms
08-04 00:53:05.843  7769  8103 I art     : Starting a blocking GC Explicit
08-04 00:53:05.893  7769  8103 I art     : Explicit concurrent mark sweep GC freed 1355(82KB) AllocSpace objects, 1(20KB) LOS objects, 35% free, 29MB/45MB, paused 443us total 49.673ms
08-04 00:53:05.912  7769  8103 I art     : Starting a blocking GC Explicit
08-04 00:53:05.960  7769  8103 I art     : Explicit concurrent mark sweep GC freed 20(704B) AllocSpace objects, 0(0B) LOS objects, 35% free, 29MB/45MB, paused 471us total 47.689ms
08-04 00:53:05.978  7769  8103 I art     : Starting a blocking GC Explicit
08-04 00:53:06.027  7769  8103 I art     : Explicit concurrent mark sweep GC freed 3(96B) AllocSpace objects, 0(0B) LOS objects, 35% free, 29MB/45MB, paused 475us total 48.078ms
08-04 00:53:06.049  7769  8103 I art     : Starting a blocking GC Explicit
08-04 00:53:06.098  7769  8103 I art     : Explicit concurrent mark sweep GC freed 3(96B) AllocSpace objects, 0(0B) LOS objects, 35% free, 29MB/45MB, paused 460us total 49.042ms
08-04 00:53:06.118  7769  8103 I art     : Starting a blocking GC Explicit
08-04 00:53:06.162  7769  8103 I art     : Explicit concurrent mark sweep GC freed 3(96B) AllocSpace objects, 0(0B) LOS objects, 35% free, 29MB/45MB, paused 483us total 44.661ms
08-04 00:53:06.500  7769  7781 I art     : Starting a blocking GC Explicit
08-04 00:53:06.559  7769  7781 I art     : Explicit concurrent mark sweep GC freed 1354(82KB) AllocSpace objects, 1(20KB) LOS objects, 35% free, 29MB/45MB, paused 524us total 58.483ms
08-04 00:53:06.578  7769  7781 I art     : Starting a blocking GC Explicit
08-04 00:53:06.626  7769  7781 I art     : Explicit concurrent mark sweep GC freed 20(704B) AllocSpace objects, 0(0B) LOS objects, 35% free, 29MB/45MB, paused 495us total 48.091ms
08-04 00:53:06.645  7769  7781 I art     : Starting a blocking GC Explicit
08-04 00:53:06.664 10545 10545 D AndroidRuntime: >>>>>> START com.android.internal.os.RuntimeInit uid 2000 <<<<<<
08-04 00:53:06.669 10545 10545 D AndroidRuntime: CheckJNI is OFF
08-04 00:53:06.693  7769  7781 I art     : Explicit concurrent mark sweep GC freed 3(96B) AllocSpace objects, 0(0B) LOS objects, 35% free, 29MB/45MB, paused 494us total 47.549ms
08-04 00:53:06.693  7769  7779 I art     : WaitForGcToComplete blocked for 31.425ms for cause HeapTrim
08-04 00:53:06.711  7769  7781 I art     : Starting a blocking GC Explicit
08-04 00:53:06.717 10545 10545 D ICU     : No timezone override file found: /data/misc/zoneinfo/current/icu/icu_tzdata.dat
08-04 00:53:06.759  7769  7781 I art     : Explicit concurrent mark sweep GC freed 3(96B) AllocSpace objects, 0(0B) LOS objects, 35% free, 29MB/45MB, paused 534us total 47.842ms
08-04 00:53:06.764 10545 10545 I Radio-JNI: register_android_hardware_Radio DONE
08-04 00:53:06.778  7769  7781 I art     : Starting a blocking GC Explicit
08-04 00:53:06.795 10545 10545 D AndroidRuntime: Calling main entry com.android.commands.input.Input
08-04 00:53:06.797 10545 10545 I Input   : injectKeyEvent: KeyEvent { action=ACTION_DOWN, keyCode=KEYCODE_BACK, scanCode=0, metaState=0, flags=0x0, repeatCount=0, eventTime=665603210, downTime=665603210, deviceId=-1, source=0x101 }
08-04 00:53:06.803 10545 10545 I Input   : injectKeyEvent: KeyEvent { action=ACTION_UP, keyCode=KEYCODE_BACK, scanCode=0, metaState=0, flags=0x0, repeatCount=0, eventTime=665603210, downTime=665603210, deviceId=-1, source=0x101 }
08-04 00:53:06.811 10545 10545 D AndroidRuntime: Shutting down VM
08-04 00:53:06.823  7769  7781 I art     : Explicit concurrent mark sweep GC freed 99(3KB) AllocSpace objects, 0(0B) LOS objects, 35% free, 29MB/45MB, paused 962us total 44.614ms
08-04 00:53:06.871 13866 13866 I GoogleInputMethodServic: GoogleInputMethodService.onFinishInput():3138 
08-04 00:53:06.872 13866 13866 I GoogleInputMethodServic: GoogleInputMethodService.onStartInput():1808 
08-04 00:53:07.165  7769  7797 I art     : Starting a blocking GC Explicit
08-04 00:53:07.211  7769  7797 I art     : Explicit concurrent mark sweep GC freed 1483(87KB) AllocSpace objects, 1(20KB) LOS objects, 35% free, 29MB/45MB, paused 521us total 45.396ms
08-04 00:53:07.230  7769  7797 I art     : Starting a blocking GC Explicit
08-04 00:53:07.272  7769  7797 I art     : Explicit concurrent mark sweep GC freed 43(1712B) AllocSpace objects, 0(0B) LOS objects, 35% free, 29MB/45MB, paused 480us total 42.232ms
08-04 00:53:07.290  7769  7797 I art     : Starting a blocking GC Explicit
08-04 00:53:07.336  7769  7797 I art     : Explicit concurrent mark sweep GC freed 133(6KB) AllocSpace objects, 0(0B) LOS objects, 35% free, 29MB/45MB, paused 509us total 46.165ms
08-04 00:53:07.355  7769  7797 I art     : Starting a blocking GC Explicit
08-04 00:53:07.403  7769  7797 I art     : Explicit concurrent mark sweep GC freed 66(2800B) AllocSpace objects, 0(0B) LOS objects, 35% free, 29MB/45MB, paused 509us total 48.332ms
08-04 00:53:07.422  7769  7797 I art     : Starting a blocking GC Explicit
08-04 00:53:07.471  7769  7797 I art     : Explicit concurrent mark sweep GC freed 3(96B) AllocSpace objects, 0(0B) LOS objects, 35% free, 29MB/45MB, paused 507us total 48.614ms
08-04 00:53:07.798  7769  7781 I art     : Starting a blocking GC Explicit
08-04 00:53:07.858  7769  7781 I art     : Explicit concurrent mark sweep GC freed 1354(82KB) AllocSpace objects, 1(20KB) LOS objects, 35% free, 29MB/45MB, paused 481us total 59.998ms
08-04 00:53:07.876  7769  7781 I art     : Starting a blocking GC Explicit
08-04 00:53:07.922  7769  7781 I art     : Explicit concurrent mark sweep GC freed 20(704B) AllocSpace objects, 0(0B) LOS objects, 35% free, 29MB/45MB, paused 515us total 45.234ms
08-04 00:53:07.941  7769  7781 I art     : Starting a blocking GC Explicit
08-04 00:53:07.989  7769  7781 I art     : Explicit concurrent mark sweep GC freed 3(96B) AllocSpace objects, 0(0B) LOS objects, 35% free, 29MB/45MB, paused 513us total 48.117ms
08-04 00:53:08.008  7769  7781 I art     : Starting a blocking GC Explicit
08-04 00:53:08.055  7769  7781 I art     : Explicit concurrent mark sweep GC freed 3(96B) AllocSpace objects, 0(0B) LOS objects, 35% free, 29MB/45MB, paused 456us total 47.037ms
08-04 00:53:08.074  7769  7781 I art     : Starting a blocking GC Explicit
08-04 00:53:08.117  7769  7781 I art     : Explicit concurrent mark sweep GC freed 3(96B) AllocSpace objects, 0(0B) LOS objects, 35% free, 29MB/45MB, paused 466us total 42.618ms
08-04 00:53:08.455  7769  9989 I art     : Starting a blocking GC Explicit
08-04 00:53:08.508  7769  9989 I art     : Explicit concurrent mark sweep GC freed 1354(82KB) AllocSpace objects, 1(20KB) LOS objects, 35% free, 29MB/45MB, paused 805us total 53.057ms
08-04 00:53:08.531  7769  9989 I art     : Starting a blocking GC Explicit
08-04 00:53:08.566 10588 10588 D AndroidRuntime: >>>>>> START com.android.internal.os.RuntimeInit uid 2000 <<<<<<
08-04 00:53:08.571 10588 10588 D AndroidRuntime: CheckJNI is OFF
08-04 00:53:08.579  7769  9989 I art     : Explicit concurrent mark sweep GC freed 20(704B) AllocSpace objects, 0(0B) LOS objects, 35% free, 29MB/45MB, paused 562us total 47.501ms
08-04 00:53:08.597  7769  9989 I art     : Starting a blocking GC Explicit
08-04 00:53:08.615 10588 10588 D ICU     : No timezone override file found: /data/misc/zoneinfo/current/icu/icu_tzdata.dat
08-04 00:53:08.642  7769  9989 I art     : Explicit concurrent mark sweep GC freed 3(96B) AllocSpace objects, 0(0B) LOS objects, 35% free, 29MB/45MB, paused 492us total 44.489ms
08-04 00:53:08.657 10588 10588 I Radio-JNI: register_android_hardware_Radio DONE
08-04 00:53:08.660  7769  9989 I art     : Starting a blocking GC Explicit
08-04 00:53:08.686 10588 10588 D AndroidRuntime: Calling main entry com.android.commands.input.Input
08-04 00:53:08.689 10588 10588 I Input   : injectMotionEvent: MotionEvent { action=ACTION_DOWN, actionButton=0, id[0]=0, x[0]=600.0, y[0]=1733.0, toolType[0]=TOOL_TYPE_UNKNOWN, buttonState=0, metaState=0, flags=0x0, edgeFlags=0x0, pointerCount=1, historySize=0, eventTime=665605101, downTime=665605101, deviceId=0, source=0x1002 }
08-04 00:53:08.693 10588 10588 I Input   : injectMotionEvent: MotionEvent { action=ACTION_UP, actionButton=0, id[0]=0, x[0]=600.0, y[0]=1733.0, toolType[0]=TOOL_TYPE_UNKNOWN, buttonState=0, metaState=0, flags=0x0, edgeFlags=0x0, pointerCount=1, historySize=0, eventTime=665605101, downTime=665605101, deviceId=0, source=0x1002 }
08-04 00:53:08.695 10588 10588 D AndroidRuntime: Shutting down VM
08-04 00:53:08.702   512  2967 D audio_hw_primary: out_set_parameters: enter: usecase(1: low-latency-playback) kvpairs: routing=2
08-04 00:53:08.702   918  3359 I ActivityManager: START u0 {dat=https://oauth.reddit.com/... cmp=baseline.org.quantumbadger.redreader/.activities.PostListingActivity} from uid 10666 on display 0
08-04 00:53:08.709  7769  9989 I art     : Explicit concurrent mark sweep GC freed 53(1728B) AllocSpace objects, 0(0B) LOS objects, 35% free, 29MB/45MB, paused 770us total 48.576ms
08-04 00:53:08.715   512  2967 D audio_hw_primary: select_devices: out_snd_device(2: speaker) in_snd_device(0: none)
08-04 00:53:08.715   512  2967 D msm8974_platform: platform_send_audio_calibration: sending audio calibration for snd_device(2) acdb_id(15)
08-04 00:53:08.715   512  2967 I soundtrigger: audio_extn_sound_trigger_update_device_status: device 0x2 of type 0 for Event 1
08-04 00:53:08.727  7769  7769 I AppCompatViewInflater: app:theme is now deprecated. Please move to using android:theme instead.
08-04 00:53:08.728   512  2967 D audio_hw_primary: enable_snd_device: snd_device(2: speaker)
08-04 00:53:08.729  7769  9989 I art     : Starting a blocking GC Explicit
08-04 00:53:08.730   512  2967 D audio_hw_primary: enable_audio_route: apply and update mixer path: low-latency-playback speaker
08-04 00:53:08.755  7769 10613 D OK      : calling: https://oauth.reddit.com/r/aww/about.json
08-04 00:53:08.773  7769  9989 I art     : Explicit concurrent mark sweep GC freed 893(76KB) AllocSpace objects, 0(0B) LOS objects, 35% free, 29MB/45MB, paused 677us total 43.485ms
08-04 00:53:08.815   918   936 I ActivityManager: Displayed baseline.org.quantumbadger.redreader/.activities.PostListingActivity: +103ms
08-04 00:53:08.815 13866 13866 I GoogleInputMethodServic: GoogleInputMethodService.onFinishInput():3138 
08-04 00:53:08.816 13866 13866 I GoogleInputMethodServic: GoogleInputMethodService.onStartInput():1808 
08-04 00:53:09.065  7769 10613 I NAPPA_EXPERIMENTATION: MetricNetworkRequestExecutionTime: REQUEST_DURATION_SYSTEM='310',REQUEST_DURATION_OKHTTP='140',REQUEST_SYNCHRONOUS='TRUE',RESPONSE_CODE='200',RESPONSE_METHOD='GET',RESPONSE_LENGTH_OKHTTP='-1',RESPONSE_LENGTH_HEADER='3478',REQUEST_PROTOCOL='h2',REQUEST_URL='https://oauth.reddit.com/r/aww/about.json',
08-04 00:53:09.066  7769 10613 D OK      : request got status: 200
08-04 00:53:09.069   380   380 W SurfaceFlinger: couldn't log to binary event log: overflow.
08-04 00:53:09.095  7769  7781 I art     : Starting a blocking GC Explicit
08-04 00:53:09.138  7769  7781 I art     : Explicit concurrent mark sweep GC freed 5617(375KB) AllocSpace objects, 2(88KB) LOS objects, 35% free, 29MB/45MB, paused 532us total 42.930ms
08-04 00:53:09.155  7769  7781 I art     : Starting a blocking GC Explicit
08-04 00:53:09.203  7769  7781 I art     : Explicit concurrent mark sweep GC freed 874(55KB) AllocSpace objects, 1(68KB) LOS objects, 35% free, 29MB/45MB, paused 811us total 47.520ms
08-04 00:53:09.226  7769  7781 I art     : Starting a blocking GC Explicit
08-04 00:53:09.269   512  2967 D audio_hw_primary: disable_audio_route: reset and update mixer path: low-latency-playback speaker
08-04 00:53:09.270   512  2967 D audio_hw_primary: disable_snd_device: snd_device(2: speaker)
08-04 00:53:09.271  7769  7781 I art     : Explicit concurrent mark sweep GC freed 15(544B) AllocSpace objects, 0(0B) LOS objects, 35% free, 29MB/45MB, paused 498us total 45.065ms
08-04 00:53:09.279   512  2967 I soundtrigger: audio_extn_sound_trigger_update_device_status: device 0x2 of type 0 for Event 0
08-04 00:53:09.290  7769  7781 I art     : Starting a blocking GC Explicit
08-04 00:53:09.335  7769  7781 I art     : Explicit concurrent mark sweep GC freed 3(96B) AllocSpace objects, 0(0B) LOS objects, 35% free, 29MB/45MB, paused 528us total 45.091ms
08-04 00:53:09.353  7769  7781 I art     : Starting a blocking GC Explicit
08-04 00:53:09.401  7769  7781 I art     : Explicit concurrent mark sweep GC freed 14(544B) AllocSpace objects, 0(0B) LOS objects, 35% free, 29MB/45MB, paused 491us total 47.803ms
08-04 00:53:09.739  7769  7797 I art     : Starting a blocking GC Explicit
08-04 00:53:09.790  7769  7797 I art     : Explicit concurrent mark sweep GC freed 1402(84KB) AllocSpace objects, 1(20KB) LOS objects, 35% free, 29MB/45MB, paused 595us total 50.501ms
08-04 00:53:09.809  7769  7797 I art     : Starting a blocking GC Explicit
08-04 00:53:09.854  7769  7797 I art     : Explicit concurrent mark sweep GC freed 20(704B) AllocSpace objects, 0(0B) LOS objects, 35% free, 29MB/45MB, paused 519us total 44.323ms
08-04 00:53:09.873  7769  7797 I art     : Starting a blocking GC Explicit
08-04 00:53:09.919  7769  7797 I art     : Explicit concurrent mark sweep GC freed 3(96B) AllocSpace objects, 0(0B) LOS objects, 35% free, 29MB/45MB, paused 726us total 46.401ms
08-04 00:53:09.938  7769  7797 I art     : Starting a blocking GC Explicit
08-04 00:53:09.953  7769 10637 D OK      : calling: https://oauth.reddit.com/r/aww/hot/.json
08-04 00:53:09.985  7769  7797 I art     : Explicit concurrent mark sweep GC freed 94(3KB) AllocSpace objects, 0(0B) LOS objects, 35% free, 29MB/45MB, paused 609us total 46.453ms
08-04 00:53:10.003  7769  7797 I art     : Starting a blocking GC Explicit
08-04 00:53:10.050  7769  7797 I art     : Explicit concurrent mark sweep GC freed 20(832B) AllocSpace objects, 0(0B) LOS objects, 35% free, 29MB/45MB, paused 607us total 46.616ms
08-04 00:53:10.192  7769 10637 I NAPPA_EXPERIMENTATION: MetricNetworkRequestExecutionTime: REQUEST_DURATION_SYSTEM='239',REQUEST_DURATION_OKHTTP='235',REQUEST_SYNCHRONOUS='TRUE',RESPONSE_CODE='200',RESPONSE_METHOD='GET',RESPONSE_LENGTH_OKHTTP='-1',RESPONSE_LENGTH_HEADER='33430',REQUEST_PROTOCOL='h2',REQUEST_URL='https://oauth.reddit.com/r/aww/hot/.json',
08-04 00:53:10.192  7769 10637 D OK      : request got status: 200
08-04 00:53:10.200  7769  8381 I PostListingFragment: Precaching images: OFF
08-04 00:53:10.200  7769  8381 I PostListingFragment: Precaching comments: OFF
08-04 00:53:10.211  7769 10640 D OK      : calling: https://b.thumbs.redditmedia.com/CKInrczASoQbNvSBStGz11Tok0uCyQoxmZ02sOE37sQ.jpg
08-04 00:53:10.224  7769  8381 I getImgurImageInfo: Image NSO7Npm: trying API v3 with auth
08-04 00:53:10.229  7769 10645 D OK      : calling: https://a.thumbs.redditmedia.com/sKVnLbatvJCZOE2ooe6CgiEftOB3ukgPMdcydbk9CZ4.jpg
08-04 00:53:10.232  7769 10646 D OK      : calling: https://a.thumbs.redditmedia.com/dFt2-stQJkfZ8O7r7ywG9GQsF08fZXxEJfQtAmiJ-F8.jpg
08-04 00:53:10.249  7769 10647 D OK      : calling: https://b.thumbs.redditmedia.com/1cAaKl6LkrikiRbLsBzzOvufKqRKuPi3wgjUkX8axkI.jpg
08-04 00:53:10.263  7769 10648 D OK      : calling: https://b.thumbs.redditmedia.com/NUqJWcobH7ToYhCM0w6nnAFZ46ymm9vPD25BC3s7Wco.jpg
08-04 00:53:10.272  7769 10651 D OK      : calling: https://b.thumbs.redditmedia.com/bUY4al781EZ3q7hUlnLebemHCXE3e63_SSxl2uo4Q4A.jpg
08-04 00:53:10.274  7769 10654 D OK      : calling: https://b.thumbs.redditmedia.com/tTmEfIrujbsvZXbhNSQS6Pc7o7ShCaGqZHbYf7nWdfg.jpg
08-04 00:53:10.275  7769 10655 D OK      : calling: https://b.thumbs.redditmedia.com/_H8tFMmL5-3GrxYkCtMSHiyNfjbX8pxctOw_vrzyw7o.jpg
08-04 00:53:10.278  7769 10656 D OK      : calling: https://b.thumbs.redditmedia.com/JTSWFy2_tijPk6cA5noKDydEAMkMJcDmKQTSX178zwc.jpg
08-04 00:53:10.279  7769 10657 D OK      : calling: https://b.thumbs.redditmedia.com/N6fiqTp8nJD2l7sUz4nij7j1yHYMTKaflUIrn8E2bAU.jpg
08-04 00:53:10.283  7769 10658 D OK      : calling: https://b.thumbs.redditmedia.com/HkEQtny0bE4H3dMCd_woPsLAXBoPwp_DZ4ioFNIQLKk.jpg
08-04 00:53:10.289  7769 10659 D OK      : calling: https://b.thumbs.redditmedia.com/lVNra-iScxkYcYtSstJ-7J7pRAUDRXIwwJhsen1ZK9g.jpg
08-04 00:53:10.292  7769 10660 D OK      : calling: https://b.thumbs.redditmedia.com/lQKqDneXS8E7ZBD9cUQy4OqOt8PuTneSvVFtnU0pwCE.jpg
08-04 00:53:10.293  7769 10661 D OK      : calling: https://b.thumbs.redditmedia.com/X3yyAViE0gxiHR-kf9Z5xmLa8dKsm8iWJyKdWNVtOhU.jpg
08-04 00:53:10.299  7769 10662 D OK      : calling: https://b.thumbs.redditmedia.com/Bx9FZp8_w10DfFUf_mqVPMfu4Y0h2lo41Dh4tl2eNeQ.jpg
08-04 00:53:10.303  7769 10663 D OK      : calling: https://a.thumbs.redditmedia.com/KpcC72KH04Be3BqxmFbv_Gz7LCy-24GU-70or3KCdJ4.jpg
08-04 00:53:10.306  7769 10664 D OK      : calling: https://a.thumbs.redditmedia.com/cEOtajy3CAQrjwSA3hhSqnPx8bfkRzglo7Lz1SBTmE0.jpg
08-04 00:53:10.307  7769 10665 D OK      : calling: https://api.gfycat.com/v1/gfycats/deadlygravecavy
08-04 00:53:10.309  7769 10666 D OK      : calling: https://api.imgur.com/3/image/NSO7Npm
08-04 00:53:10.311  7769 10667 D OK      : calling: https://v.redd.it/fkewv2f65kd51/DASHPlaylist.mpd
08-04 00:53:10.315  7769 10668 D OK      : calling: https://b.thumbs.redditmedia.com/RrJbRRjFZWmckrONtkPTloJh52FfqD_XkLMuYuuQvAg.jpg
08-04 00:53:10.316  7769 10669 D OK      : calling: https://api.gfycat.com/v1/gfycats/altruisticthankfulankolewatusi
08-04 00:53:10.323  7769 10670 D OK      : calling: https://b.thumbs.redditmedia.com/chqK3f9u3D7UmfrGP85f4sOQFihMk6q7fFSeMyWs_7E.jpg
08-04 00:53:10.325  7769 10671 D OK      : calling: https://b.thumbs.redditmedia.com/B18Vu5Jw71XCkFOFHimnUC42ya8apHsmcCW-HFmtb6w.jpg
08-04 00:53:10.328  7769 10672 D OK      : calling: https://b.thumbs.redditmedia.com/iZuzjufMpYUYtQRLjRwce4RDb6JYsId95_iezR2Uc0w.jpg
08-04 00:53:10.329  7769 10673 D OK      : calling: https://v.redd.it/ak6rer1hskd51/DASHPlaylist.mpd
08-04 00:53:10.332  7769 10674 D OK      : calling: https://api.gfycat.com/v1/gfycats/foolhardysparklinglarva
08-04 00:53:10.335  7769 10675 D OK      : calling: https://v.redd.it/h49fg58ygjd51/DASHPlaylist.mpd
08-04 00:53:10.340  7769 10676 D OK      : calling: https://v.redd.it/1ewzkieg0jd51/DASHPlaylist.mpd
08-04 00:53:10.342  7769 10677 D OK      : calling: https://v.redd.it/ppmhu2r9thd51/DASHPlaylist.mpd
08-04 00:53:10.349  7769 10678 D OK      : calling: https://b.thumbs.redditmedia.com/XNb1kfskabGDLMqv661Q22hBtCb8w5oyePDcFaZi9aY.jpg
08-04 00:53:10.359  7769 10679 D OK      : calling: https://v.redd.it/s9qqadf3mid51/DASHPlaylist.mpd
08-04 00:53:10.364  7769 10680 D OK      : calling: https://b.thumbs.redditmedia.com/lMqJbh1Z40ffemA0TnSfVnovznn4hvJNue60AsJ-ETs.jpg
08-04 00:53:10.378  7769 10681 D OK      : calling: https://b.thumbs.redditmedia.com/x5l4cICw0WNNvslt5FqVjwj89XrGjrXnNbaSyQRAyCo.jpg
08-04 00:53:10.387  7769 10682 D OK      : calling: https://b.thumbs.redditmedia.com/189nmwjW7eGWBD0J-cxzsUac1V1ZWGzMFC66inY4u4Y.jpg
08-04 00:53:10.388  7769 10683 D OK      : calling: https://b.thumbs.redditmedia.com/d_-UsfmKASoIHi4vZyyjvvwFtm1S7-DEi9AQPOnGIgY.jpg
08-04 00:53:10.391  7769 10684 D OK      : calling: https://v.redd.it/b8vazlcb7ld51/DASHPlaylist.mpd
08-04 00:53:10.393  7769 10685 D OK      : calling: https://v.redd.it/ty24o02m1hd51/DASHPlaylist.mpd
08-04 00:53:10.395  7769 10686 D OK      : calling: https://v.redd.it/ar5k8892pid51/DASHPlaylist.mpd
08-04 00:53:10.409  7769  7780 I art     : Starting a blocking GC Explicit
08-04 00:53:10.473  7769  7780 I art     : Explicit concurrent mark sweep GC freed 49016(2MB) AllocSpace objects, 3(156KB) LOS objects, 34% free, 30MB/46MB, paused 3.372ms total 63.895ms
08-04 00:53:10.490  7769  7769 W RecyclerView: Cannot call this method in a scroll callback. Scroll callbacks mightbe run during a measure & layout pass where you cannot change theRecyclerView data. Any method call that might change the structureof the RecyclerView or the adapter contents should be postponed tothe next frame.
08-04 00:53:10.490  7769  7769 W RecyclerView: java.lang.IllegalStateException:  androidx.recyclerview.widget.RecyclerView{45ef835 VFED..... .F....ID 0,0-1440,2140 #7f0900ef app:id/scrollbar_recyclerview_recyclerview}, adapter:baseline.org.quantumbadger.redreader.adapters.GroupedRecyclerViewAdapter@a0e04ca, layout:androidx.recyclerview.widget.LinearLayoutManager@ba9c63b, context:baseline.org.quantumbadger.redreader.activities.PostListingActivity@1f9e466
08-04 00:53:10.490  7769  7769 W RecyclerView: 	at androidx.recyclerview.widget.RecyclerView.assertNotInLayoutOrScroll(RecyclerView.java:3061)
08-04 00:53:10.490  7769  7769 W RecyclerView: 	at androidx.recyclerview.widget.RecyclerView$RecyclerViewDataObserver.onItemRangeInserted(RecyclerView.java:5555)
08-04 00:53:10.490  7769  7769 W RecyclerView: 	at androidx.recyclerview.widget.RecyclerView$AdapterDataObservable.notifyItemRangeInserted(RecyclerView.java:12278)
08-04 00:53:10.490  7769  7769 W RecyclerView: 	at androidx.recyclerview.widget.RecyclerView$Adapter.notifyItemInserted(RecyclerView.java:7464)
08-04 00:53:10.490  7769  7769 W RecyclerView: 	at baseline.org.quantumbadger.redreader.adapters.GroupedRecyclerViewAdapter.updateHiddenStatus(GroupedRecyclerViewAdapter.java:279)
08-04 00:53:10.490  7769  7769 W RecyclerView: 	at baseline.org.quantumbadger.redreader.adapters.RedditListingManager.setLoadingVisible(RedditListingManager.java:125)
08-04 00:53:10.490  7769  7769 W RecyclerView: 	at baseline.org.quantumbadger.redreader.fragments.PostListingFragment.onLoadMoreItemsCheck(PostListingFragment.java:465)
08-04 00:53:10.490  7769  7769 W RecyclerView: 	at baseline.org.quantumbadger.redreader.fragments.PostListingFragment.access$000(PostListingFragment.java:98)
08-04 00:53:10.490  7769  7769 W RecyclerView: 	at baseline.org.quantumbadger.redreader.fragments.PostListingFragment$2.onScrolled(PostListingFragment.java:215)
08-04 00:53:10.490  7769  7769 W RecyclerView: 	at androidx.recyclerview.widget.RecyclerView.dispatchOnScrolled(RecyclerView.java:5173)
08-04 00:53:10.490  7769  7769 W RecyclerView: 	at androidx.recyclerview.widget.RecyclerView.dispatchLayoutStep3(RecyclerView.java:4231)
08-04 00:53:10.490  7769  7769 W RecyclerView: 	at androidx.recyclerview.widget.RecyclerView.dispatchLayout(RecyclerView.java:3862)
08-04 00:53:10.490  7769  7769 W RecyclerView: 	at androidx.recyclerview.widget.RecyclerView.consumePendingUpdateOperations(RecyclerView.java:1897)
08-04 00:53:10.490  7769  7769 W RecyclerView: 	at androidx.recyclerview.widget.RecyclerView$1.run(RecyclerView.java:414)
08-04 00:53:10.490  7769  7769 W RecyclerView: 	at android.view.Choreographer$CallbackRecord.run(Choreographer.java:858)
08-04 00:53:10.490  7769  7769 W RecyclerView: 	at android.view.Choreographer.doCallbacks(Choreographer.java:670)
08-04 00:53:10.490  7769  7769 W RecyclerView: 	at android.view.Choreographer.doFrame(Choreographer.java:603)
08-04 00:53:10.490  7769  7769 W RecyclerView: 	at android.view.Choreographer$FrameDisplayEventReceiver.run(Choreographer.java:844)
08-04 00:53:10.490  7769  7769 W RecyclerView: 	at android.os.Handler.handleCallback(Handler.java:739)
08-04 00:53:10.490  7769  7769 W RecyclerView: 	at android.os.Handler.dispatchMessage(Handler.java:95)
08-04 00:53:10.490  7769  7769 W RecyclerView: 	at android.os.Looper.loop(Looper.java:148)
08-04 00:53:10.490  7769  7769 W RecyclerView: 	at android.app.ActivityThread.main(ActivityThread.java:5417)
08-04 00:53:10.490  7769  7769 W RecyclerView: 	at java.lang.reflect.Method.invoke(Native Method)
08-04 00:53:10.490  7769  7769 W RecyclerView: 	at com.android.internal.os.ZygoteInit$MethodAndArgsCaller.run(ZygoteInit.java:726)
08-04 00:53:10.490  7769  7769 W RecyclerView: 	at com.android.internal.os.ZygoteInit.main(ZygoteInit.java:616)
08-04 00:53:10.493  7769  7780 I art     : Starting a blocking GC Explicit
08-04 00:53:10.551  7769  7780 I art     : Explicit concurrent mark sweep GC freed 3773(300KB) AllocSpace objects, 0(0B) LOS objects, 34% free, 30MB/46MB, paused 3.009ms total 58.013ms
08-04 00:53:10.572  7769  7780 I art     : Starting a blocking GC Explicit
08-04 00:53:10.626  7769  7780 I art     : Explicit concurrent mark sweep GC freed 8663(445KB) AllocSpace objects, 0(0B) LOS objects, 34% free, 30MB/46MB, paused 2.700ms total 54.583ms
08-04 00:53:10.646  7769  7780 I art     : Starting a blocking GC Explicit
08-04 00:53:10.711  7769  7780 I art     : Explicit concurrent mark sweep GC freed 8096(421KB) AllocSpace objects, 0(0B) LOS objects, 34% free, 30MB/46MB, paused 2.723ms total 63.386ms
08-04 00:53:10.733  7769  7780 I art     : Starting a blocking GC Explicit
08-04 00:53:10.788  7769  7780 I art     : Explicit concurrent mark sweep GC freed 10210(526KB) AllocSpace objects, 0(0B) LOS objects, 34% free, 30MB/46MB, paused 2.782ms total 55.153ms
08-04 00:53:10.866  7769 10645 I NAPPA_EXPERIMENTATION: MetricNetworkRequestExecutionTime: REQUEST_DURATION_SYSTEM='636',REQUEST_DURATION_OKHTTP='286',REQUEST_SYNCHRONOUS='TRUE',RESPONSE_CODE='200',RESPONSE_METHOD='GET',RESPONSE_LENGTH_OKHTTP='4487',RESPONSE_LENGTH_HEADER='4487',REQUEST_PROTOCOL='h2',REQUEST_URL='https://a.thumbs.redditmedia.com/sKVnLbatvJCZOE2ooe6CgiEftOB3ukgPMdcydbk9CZ4.jpg',
08-04 00:53:10.866  7769 10645 D OK      : request got status: 200
08-04 00:53:10.908  7769 10646 I NAPPA_EXPERIMENTATION: MetricNetworkRequestExecutionTime: REQUEST_DURATION_SYSTEM='675',REQUEST_DURATION_OKHTTP='311',REQUEST_SYNCHRONOUS='TRUE',RESPONSE_CODE='200',RESPONSE_METHOD='GET',RESPONSE_LENGTH_OKHTTP='6530',RESPONSE_LENGTH_HEADER='6530',REQUEST_PROTOCOL='h2',REQUEST_URL='https://a.thumbs.redditmedia.com/dFt2-stQJkfZ8O7r7ywG9GQsF08fZXxEJfQtAmiJ-F8.jpg',
08-04 00:53:10.908  7769 10646 D OK      : request got status: 200
08-04 00:53:10.965  7769 10640 I NAPPA_EXPERIMENTATION: MetricNetworkRequestExecutionTime: REQUEST_DURATION_SYSTEM='754',REQUEST_DURATION_OKHTTP='366',REQUEST_SYNCHRONOUS='TRUE',RESPONSE_CODE='200',RESPONSE_METHOD='GET',RESPONSE_LENGTH_OKHTTP='3891',RESPONSE_LENGTH_HEADER='3891',REQUEST_PROTOCOL='h2',REQUEST_URL='https://b.thumbs.redditmedia.com/CKInrczASoQbNvSBStGz11Tok0uCyQoxmZ02sOE37sQ.jpg',
08-04 00:53:10.965  7769 10640 D OK      : request got status: 200
08-04 00:53:11.130  7769  7781 I art     : Starting a blocking GC Explicit
08-04 00:53:11.154  7769 10726 D OK      : calling: https://oauth.reddit.com/r/aww/hot/.json?after=t3_hz5odc
08-04 00:53:11.207  7769  7781 I art     : Explicit concurrent mark sweep GC freed 27147(1494KB) AllocSpace objects, 12(752KB) LOS objects, 34% free, 30MB/46MB, paused 2.437ms total 76.911ms
08-04 00:53:11.227  7769  7781 I art     : Starting a blocking GC Explicit
08-04 00:53:11.294  7769  7781 I art     : Explicit concurrent mark sweep GC freed 1483(51KB) AllocSpace objects, 0(0B) LOS objects, 34% free, 30MB/46MB, paused 2.492ms total 66.760ms
08-04 00:53:11.314  7769  7781 I art     : Starting a blocking GC Explicit
08-04 00:53:11.381  7769  7781 I art     : Explicit concurrent mark sweep GC freed 3(96B) AllocSpace objects, 0(0B) LOS objects, 34% free, 30MB/46MB, paused 2.667ms total 66.914ms
08-04 00:53:11.402  7769  7781 I art     : Starting a blocking GC Explicit
08-04 00:53:11.471  7769  7781 I art     : Explicit concurrent mark sweep GC freed 3(96B) AllocSpace objects, 0(0B) LOS objects, 34% free, 30MB/46MB, paused 2.793ms total 68.511ms
08-04 00:53:11.494  7769  7781 I art     : Starting a blocking GC Explicit
08-04 00:53:11.565  7769  7781 I art     : Explicit concurrent mark sweep GC freed 3(96B) AllocSpace objects, 0(0B) LOS objects, 34% free, 30MB/46MB, paused 2.500ms total 71.231ms
08-04 00:53:11.894  7769 10647 I NAPPA_EXPERIMENTATION: MetricNetworkRequestExecutionTime: REQUEST_DURATION_SYSTEM='1645',REQUEST_DURATION_OKHTTP='1275',REQUEST_SYNCHRONOUS='TRUE',RESPONSE_CODE='200',RESPONSE_METHOD='GET',RESPONSE_LENGTH_OKHTTP='5113',RESPONSE_LENGTH_HEADER='5113',REQUEST_PROTOCOL='h2',REQUEST_URL='https://b.thumbs.redditmedia.com/1cAaKl6LkrikiRbLsBzzOvufKqRKuPi3wgjUkX8axkI.jpg',
08-04 00:53:11.895  7769 10647 D OK      : request got status: 200
08-04 00:53:11.924  7769 10659 I NAPPA_EXPERIMENTATION: MetricNetworkRequestExecutionTime: REQUEST_DURATION_SYSTEM='1635',REQUEST_DURATION_OKHTTP='1272',REQUEST_SYNCHRONOUS='TRUE',RESPONSE_CODE='200',RESPONSE_METHOD='GET',RESPONSE_LENGTH_OKHTTP='4018',RESPONSE_LENGTH_HEADER='4018',REQUEST_PROTOCOL='h2',REQUEST_URL='https://b.thumbs.redditmedia.com/lVNra-iScxkYcYtSstJ-7J7pRAUDRXIwwJhsen1ZK9g.jpg',
08-04 00:53:11.925  7769 10659 D OK      : request got status: 200
08-04 00:53:11.951  7769  7780 I art     : Starting a blocking GC Explicit
08-04 00:53:11.959  7769 10658 I NAPPA_EXPERIMENTATION: MetricNetworkRequestExecutionTime: REQUEST_DURATION_SYSTEM='1676',REQUEST_DURATION_OKHTTP='1254',REQUEST_SYNCHRONOUS='TRUE',RESPONSE_CODE='200',RESPONSE_METHOD='GET',RESPONSE_LENGTH_OKHTTP='8699',RESPONSE_LENGTH_HEADER='8699',REQUEST_PROTOCOL='h2',REQUEST_URL='https://b.thumbs.redditmedia.com/HkEQtny0bE4H3dMCd_woPsLAXBoPwp_DZ4ioFNIQLKk.jpg',
08-04 00:53:11.959  7769 10658 D OK      : request got status: 200
08-04 00:53:11.984  7769 10648 I NAPPA_EXPERIMENTATION: MetricNetworkRequestExecutionTime: REQUEST_DURATION_SYSTEM='1721',REQUEST_DURATION_OKHTTP='1346',REQUEST_SYNCHRONOUS='TRUE',RESPONSE_CODE='200',RESPONSE_METHOD='GET',RESPONSE_LENGTH_OKHTTP='6242',RESPONSE_LENGTH_HEADER='6242',REQUEST_PROTOCOL='h2',REQUEST_URL='https://b.thumbs.redditmedia.com/NUqJWcobH7ToYhCM0w6nnAFZ46ymm9vPD25BC3s7Wco.jpg',
08-04 00:53:11.984  7769 10648 D OK      : request got status: 200
08-04 00:53:12.014  7769  7780 I art     : Explicit concurrent mark sweep GC freed 29510(1562KB) AllocSpace objects, 15(756KB) LOS objects, 33% free, 31MB/47MB, paused 2.458ms total 62.824ms
08-04 00:53:12.033  7769  7780 I art     : Starting a blocking GC Explicit
08-04 00:53:12.063  7769 10651 I NAPPA_EXPERIMENTATION: MetricNetworkRequestExecutionTime: REQUEST_DURATION_SYSTEM='1791',REQUEST_DURATION_OKHTTP='1352',REQUEST_SYNCHRONOUS='TRUE',RESPONSE_CODE='200',RESPONSE_METHOD='GET',RESPONSE_LENGTH_OKHTTP='6131',RESPONSE_LENGTH_HEADER='6131',REQUEST_PROTOCOL='h2',REQUEST_URL='https://b.thumbs.redditmedia.com/bUY4al781EZ3q7hUlnLebemHCXE3e63_SSxl2uo4Q4A.jpg',
08-04 00:53:12.063  7769 10651 D OK      : request got status: 200
08-04 00:53:12.086  7769  7780 I art     : Explicit concurrent mark sweep GC freed 2259(160KB) AllocSpace objects, 13(812KB) LOS objects, 33% free, 31MB/47MB, paused 2.222ms total 52.550ms
08-04 00:53:12.104  7769  7780 I art     : Starting a blocking GC Explicit
08-04 00:53:12.128  7769 10655 I NAPPA_EXPERIMENTATION: MetricNetworkRequestExecutionTime: REQUEST_DURATION_SYSTEM='1853',REQUEST_DURATION_OKHTTP='1409',REQUEST_SYNCHRONOUS='TRUE',RESPONSE_CODE='200',RESPONSE_METHOD='GET',RESPONSE_LENGTH_OKHTTP='6434',RESPONSE_LENGTH_HEADER='6434',REQUEST_PROTOCOL='h2',REQUEST_URL='https://b.thumbs.redditmedia.com/_H8tFMmL5-3GrxYkCtMSHiyNfjbX8pxctOw_vrzyw7o.jpg',
08-04 00:53:12.128  7769 10655 D OK      : request got status: 200
08-04 00:53:12.140  7769 10654 I NAPPA_EXPERIMENTATION: MetricNetworkRequestExecutionTime: REQUEST_DURATION_SYSTEM='1866',REQUEST_DURATION_OKHTTP='1399',REQUEST_SYNCHRONOUS='TRUE',RESPONSE_CODE='200',RESPONSE_METHOD='GET',RESPONSE_LENGTH_OKHTTP='5439',RESPONSE_LENGTH_HEADER='5439',REQUEST_PROTOCOL='h2',REQUEST_URL='https://b.thumbs.redditmedia.com/tTmEfIrujbsvZXbhNSQS6Pc7o7ShCaGqZHbYf7nWdfg.jpg',
08-04 00:53:12.140  7769 10654 D OK      : request got status: 200
08-04 00:53:12.162  7769  7780 I art     : Explicit concurrent mark sweep GC freed 519(62KB) AllocSpace objects, 4(188KB) LOS objects, 33% free, 31MB/47MB, paused 2.210ms total 57.468ms
08-04 00:53:12.181  7769  7780 I art     : Starting a blocking GC Explicit
08-04 00:53:12.195  7769 10663 I NAPPA_EXPERIMENTATION: MetricNetworkRequestExecutionTime: REQUEST_DURATION_SYSTEM='1892',REQUEST_DURATION_OKHTTP='1379',REQUEST_SYNCHRONOUS='TRUE',RESPONSE_CODE='200',RESPONSE_METHOD='GET',RESPONSE_LENGTH_OKHTTP='4798',RESPONSE_LENGTH_HEADER='4798',REQUEST_PROTOCOL='h2',REQUEST_URL='https://a.thumbs.redditmedia.com/KpcC72KH04Be3BqxmFbv_Gz7LCy-24GU-70or3KCdJ4.jpg',
08-04 00:53:12.195  7769 10663 D OK      : request got status: 200
08-04 00:53:12.204  7769 10660 I NAPPA_EXPERIMENTATION: MetricNetworkRequestExecutionTime: REQUEST_DURATION_SYSTEM='1912',REQUEST_DURATION_OKHTTP='1473',REQUEST_SYNCHRONOUS='TRUE',RESPONSE_CODE='200',RESPONSE_METHOD='GET',RESPONSE_LENGTH_OKHTTP='6093',RESPONSE_LENGTH_HEADER='6093',REQUEST_PROTOCOL='h2',REQUEST_URL='https://b.thumbs.redditmedia.com/lQKqDneXS8E7ZBD9cUQy4OqOt8PuTneSvVFtnU0pwCE.jpg',
08-04 00:53:12.204  7769 10660 D OK      : request got status: 200
08-04 00:53:12.220  7769 10670 I NAPPA_EXPERIMENTATION: MetricNetworkRequestExecutionTime: REQUEST_DURATION_SYSTEM='1896',REQUEST_DURATION_OKHTTP='1359',REQUEST_SYNCHRONOUS='TRUE',RESPONSE_CODE='200',RESPONSE_METHOD='GET',RESPONSE_LENGTH_OKHTTP='6163',RESPONSE_LENGTH_HEADER='6163',REQUEST_PROTOCOL='h2',REQUEST_URL='https://b.thumbs.redditmedia.com/chqK3f9u3D7UmfrGP85f4sOQFihMk6q7fFSeMyWs_7E.jpg',
08-04 00:53:12.220  7769 10670 D OK      : request got status: 200
08-04 00:53:12.230  7769 10661 I NAPPA_EXPERIMENTATION: MetricNetworkRequestExecutionTime: REQUEST_DURATION_SYSTEM='1937',REQUEST_DURATION_OKHTTP='1488',REQUEST_SYNCHRONOUS='TRUE',RESPONSE_CODE='200',RESPONSE_METHOD='GET',RESPONSE_LENGTH_OKHTTP='7078',RESPONSE_LENGTH_HEADER='7078',REQUEST_PROTOCOL='h2',REQUEST_URL='https://b.thumbs.redditmedia.com/X3yyAViE0gxiHR-kf9Z5xmLa8dKsm8iWJyKdWNVtOhU.jpg',
08-04 00:53:12.231  7769 10661 D OK      : request got status: 200
08-04 00:53:12.239  7769  7780 I art     : Explicit concurrent mark sweep GC freed 800(92KB) AllocSpace objects, 6(324KB) LOS objects, 33% free, 32MB/48MB, paused 2.168ms total 57.582ms
08-04 00:53:12.258  7769  7780 I art     : Starting a blocking GC Explicit
08-04 00:53:12.277  7769 10657 I NAPPA_EXPERIMENTATION: MetricNetworkRequestExecutionTime: REQUEST_DURATION_SYSTEM='1997',REQUEST_DURATION_OKHTTP='1494',REQUEST_SYNCHRONOUS='TRUE',RESPONSE_CODE='200',RESPONSE_METHOD='GET',RESPONSE_LENGTH_OKHTTP='7265',RESPONSE_LENGTH_HEADER='7265',REQUEST_PROTOCOL='h2',REQUEST_URL='https://b.thumbs.redditmedia.com/N6fiqTp8nJD2l7sUz4nij7j1yHYMTKaflUIrn8E2bAU.jpg',
08-04 00:53:12.277  7769 10657 D OK      : request got status: 200
08-04 00:53:12.310  7769  7780 I art     : Explicit concurrent mark sweep GC freed 534(83KB) AllocSpace objects, 8(612KB) LOS objects, 32% free, 32MB/48MB, paused 1.821ms total 51.577ms
08-04 00:53:12.358  7769 10672 I NAPPA_EXPERIMENTATION: MetricNetworkRequestExecutionTime: REQUEST_DURATION_SYSTEM='2030',REQUEST_DURATION_OKHTTP='1458',REQUEST_SYNCHRONOUS='TRUE',RESPONSE_CODE='200',RESPONSE_METHOD='GET',RESPONSE_LENGTH_OKHTTP='2861',RESPONSE_LENGTH_HEADER='2861',REQUEST_PROTOCOL='h2',REQUEST_URL='https://b.thumbs.redditmedia.com/iZuzjufMpYUYtQRLjRwce4RDb6JYsId95_iezR2Uc0w.jpg',
08-04 00:53:12.359  7769 10672 D OK      : request got status: 200
08-04 00:53:12.378  7769 10664 I NAPPA_EXPERIMENTATION: MetricNetworkRequestExecutionTime: REQUEST_DURATION_SYSTEM='2072',REQUEST_DURATION_OKHTTP='1474',REQUEST_SYNCHRONOUS='TRUE',RESPONSE_CODE='200',RESPONSE_METHOD='GET',RESPONSE_LENGTH_OKHTTP='5648',RESPONSE_LENGTH_HEADER='5648',REQUEST_PROTOCOL='h2',REQUEST_URL='https://a.thumbs.redditmedia.com/cEOtajy3CAQrjwSA3hhSqnPx8bfkRzglo7Lz1SBTmE0.jpg',
08-04 00:53:12.378  7769 10664 D OK      : request got status: 200
08-04 00:53:12.385  7769 10678 I NAPPA_EXPERIMENTATION: MetricNetworkRequestExecutionTime: REQUEST_DURATION_SYSTEM='2036',REQUEST_DURATION_OKHTTP='1479',REQUEST_SYNCHRONOUS='TRUE',RESPONSE_CODE='200',RESPONSE_METHOD='GET',RESPONSE_LENGTH_OKHTTP='4067',RESPONSE_LENGTH_HEADER='4067',REQUEST_PROTOCOL='h2',REQUEST_URL='https://b.thumbs.redditmedia.com/XNb1kfskabGDLMqv661Q22hBtCb8w5oyePDcFaZi9aY.jpg',
08-04 00:53:12.385  7769 10678 D OK      : request got status: 200
08-04 00:53:12.394  7769 10666 I NAPPA_EXPERIMENTATION: MetricNetworkRequestExecutionTime: REQUEST_DURATION_SYSTEM='2085',REQUEST_DURATION_OKHTTP='1562',REQUEST_SYNCHRONOUS='TRUE',RESPONSE_CODE='200',RESPONSE_METHOD='GET',RESPONSE_LENGTH_OKHTTP='-1',RESPONSE_LENGTH_HEADER='379',REQUEST_PROTOCOL='h2',REQUEST_URL='https://api.imgur.com/3/image/NSO7Npm',
08-04 00:53:12.394  7769 10666 D OK      : request got status: 200
08-04 00:53:12.410  7769 10726 I NAPPA_EXPERIMENTATION: MetricNetworkRequestExecutionTime: REQUEST_DURATION_SYSTEM='1255',REQUEST_DURATION_OKHTTP='1252',REQUEST_SYNCHRONOUS='TRUE',RESPONSE_CODE='200',RESPONSE_METHOD='GET',RESPONSE_LENGTH_OKHTTP='-1',RESPONSE_LENGTH_HEADER='30610',REQUEST_PROTOCOL='h2',REQUEST_URL='https://oauth.reddit.com/r/aww/hot/.json?after=t3_hz5odc',
08-04 00:53:12.410  7769 10726 D OK      : request got status: 200
08-04 00:53:12.413  7769 10675 I NAPPA_EXPERIMENTATION: MetricNetworkRequestExecutionTime: REQUEST_DURATION_SYSTEM='2077',REQUEST_DURATION_OKHTTP='1420',REQUEST_SYNCHRONOUS='TRUE',RESPONSE_CODE='200',RESPONSE_METHOD='GET',RESPONSE_LENGTH_OKHTTP='2429',RESPONSE_LENGTH_HEADER='2429',REQUEST_PROTOCOL='h2',REQUEST_URL='https://v.redd.it/h49fg58ygjd51/DASHPlaylist.mpd',
08-04 00:53:12.413  7769 10675 D OK      : request got status: 200
08-04 00:53:12.418  7769 10667 I NAPPA_EXPERIMENTATION: MetricNetworkRequestExecutionTime: REQUEST_DURATION_SYSTEM='2107',REQUEST_DURATION_OKHTTP='1509',REQUEST_SYNCHRONOUS='TRUE',RESPONSE_CODE='200',RESPONSE_METHOD='GET',RESPONSE_LENGTH_OKHTTP='2700',RESPONSE_LENGTH_HEADER='2700',REQUEST_PROTOCOL='h2',REQUEST_URL='https://v.redd.it/fkewv2f65kd51/DASHPlaylist.mpd',
08-04 00:53:12.419  7769 10667 D OK      : request got status: 200
08-04 00:53:12.422  7769  8381 I PostListingFragment: Precaching images: OFF
08-04 00:53:12.422  7769  8381 I PostListingFragment: Precaching comments: OFF
08-04 00:53:12.427  7769 10685 I NAPPA_EXPERIMENTATION: MetricNetworkRequestExecutionTime: REQUEST_DURATION_SYSTEM='2034',REQUEST_DURATION_OKHTTP='598',REQUEST_SYNCHRONOUS='TRUE',RESPONSE_CODE='200',RESPONSE_METHOD='GET',RESPONSE_LENGTH_OKHTTP='2071',RESPONSE_LENGTH_HEADER='2071',REQUEST_PROTOCOL='h2',REQUEST_URL='https://v.redd.it/ty24o02m1hd51/DASHPlaylist.mpd',
08-04 00:53:12.428  7769 10685 D OK      : request got status: 200
08-04 00:53:12.434  7769 10668 I NAPPA_EXPERIMENTATION: MetricNetworkRequestExecutionTime: REQUEST_DURATION_SYSTEM='2118',REQUEST_DURATION_OKHTTP='1447',REQUEST_SYNCHRONOUS='TRUE',RESPONSE_CODE='200',RESPONSE_METHOD='GET',RESPONSE_LENGTH_OKHTTP='5229',RESPONSE_LENGTH_HEADER='5229',REQUEST_PROTOCOL='h2',REQUEST_URL='https://b.thumbs.redditmedia.com/RrJbRRjFZWmckrONtkPTloJh52FfqD_XkLMuYuuQvAg.jpg',
08-04 00:53:12.434  7769 10668 D OK      : request got status: 200
08-04 00:53:12.443  7769 10679 I NAPPA_EXPERIMENTATION: MetricNetworkRequestExecutionTime: REQUEST_DURATION_SYSTEM='2084',REQUEST_DURATION_OKHTTP='619',REQUEST_SYNCHRONOUS='TRUE',RESPONSE_CODE='200',RESPONSE_METHOD='GET',RESPONSE_LENGTH_OKHTTP='2698',RESPONSE_LENGTH_HEADER='2698',REQUEST_PROTOCOL='h2',REQUEST_URL='https://v.redd.it/s9qqadf3mid51/DASHPlaylist.mpd',
08-04 00:53:12.444  7769 10679 D OK      : request got status: 200
08-04 00:53:12.447  7769 10682 I NAPPA_EXPERIMENTATION: MetricNetworkRequestExecutionTime: REQUEST_DURATION_SYSTEM='2060',REQUEST_DURATION_OKHTTP='616',REQUEST_SYNCHRONOUS='TRUE',RESPONSE_CODE='200',RESPONSE_METHOD='GET',RESPONSE_LENGTH_OKHTTP='6778',RESPONSE_LENGTH_HEADER='6778',REQUEST_PROTOCOL='h2',REQUEST_URL='https://b.thumbs.redditmedia.com/189nmwjW7eGWBD0J-cxzsUac1V1ZWGzMFC66inY4u4Y.jpg',
08-04 00:53:12.447  7769 10682 D OK      : request got status: 200
08-04 00:53:12.452  7769 10680 I NAPPA_EXPERIMENTATION: MetricNetworkRequestExecutionTime: REQUEST_DURATION_SYSTEM='2088',REQUEST_DURATION_OKHTTP='616',REQUEST_SYNCHRONOUS='TRUE',RESPONSE_CODE='200',RESPONSE_METHOD='GET',RESPONSE_LENGTH_OKHTTP='4249',RESPONSE_LENGTH_HEADER='4249',REQUEST_PROTOCOL='h2',REQUEST_URL='https://b.thumbs.redditmedia.com/lMqJbh1Z40ffemA0TnSfVnovznn4hvJNue60AsJ-ETs.jpg',
08-04 00:53:12.452  7769 10680 D OK      : request got status: 200
08-04 00:53:12.453  7769 10686 I NAPPA_EXPERIMENTATION: MetricNetworkRequestExecutionTime: REQUEST_DURATION_SYSTEM='2057',REQUEST_DURATION_OKHTTP='626',REQUEST_SYNCHRONOUS='TRUE',RESPONSE_CODE='200',RESPONSE_METHOD='GET',RESPONSE_LENGTH_OKHTTP='2342',RESPONSE_LENGTH_HEADER='2342',REQUEST_PROTOCOL='h2',REQUEST_URL='https://v.redd.it/ar5k8892pid51/DASHPlaylist.mpd',
08-04 00:53:12.453  7769 10686 D OK      : request got status: 200
08-04 00:53:12.456  7769 10673 I NAPPA_EXPERIMENTATION: MetricNetworkRequestExecutionTime: REQUEST_DURATION_SYSTEM='2127',REQUEST_DURATION_OKHTTP='1466',REQUEST_SYNCHRONOUS='TRUE',RESPONSE_CODE='200',RESPONSE_METHOD='GET',RESPONSE_LENGTH_OKHTTP='1713',RESPONSE_LENGTH_HEADER='1713',REQUEST_PROTOCOL='h2',REQUEST_URL='https://v.redd.it/ak6rer1hskd51/DASHPlaylist.mpd',
08-04 00:53:12.456  7769 10673 D OK      : request got status: 200
08-04 00:53:12.456  7769 10676 I NAPPA_EXPERIMENTATION: MetricNetworkRequestExecutionTime: REQUEST_DURATION_SYSTEM='2116',REQUEST_DURATION_OKHTTP='1457',REQUEST_SYNCHRONOUS='TRUE',RESPONSE_CODE='200',RESPONSE_METHOD='GET',RESPONSE_LENGTH_OKHTTP='3058',RESPONSE_LENGTH_HEADER='3058',REQUEST_PROTOCOL='h2',REQUEST_URL='https://v.redd.it/1ewzkieg0jd51/DASHPlaylist.mpd',
08-04 00:53:12.457  7769 10676 D OK      : request got status: 200
08-04 00:53:12.463  7769 10671 I NAPPA_EXPERIMENTATION: MetricNetworkRequestExecutionTime: REQUEST_DURATION_SYSTEM='2138',REQUEST_DURATION_OKHTTP='1457',REQUEST_SYNCHRONOUS='TRUE',RESPONSE_CODE='200',RESPONSE_METHOD='GET',RESPONSE_LENGTH_OKHTTP='8835',RESPONSE_LENGTH_HEADER='8835',REQUEST_PROTOCOL='h2',REQUEST_URL='https://b.thumbs.redditmedia.com/B18Vu5Jw71XCkFOFHimnUC42ya8apHsmcCW-HFmtb6w.jpg',
08-04 00:53:12.463  7769 10671 D OK      : request got status: 200
08-04 00:53:12.467  7769 10662 I NAPPA_EXPERIMENTATION: MetricNetworkRequestExecutionTime: REQUEST_DURATION_SYSTEM='2168',REQUEST_DURATION_OKHTTP='613',REQUEST_SYNCHRONOUS='TRUE',RESPONSE_CODE='200',RESPONSE_METHOD='GET',RESPONSE_LENGTH_OKHTTP='5207',RESPONSE_LENGTH_HEADER='5207',REQUEST_PROTOCOL='h2',REQUEST_URL='https://b.thumbs.redditmedia.com/Bx9FZp8_w10DfFUf_mqVPMfu4Y0h2lo41Dh4tl2eNeQ.jpg',
08-04 00:53:12.467  7769 10662 D OK      : request got status: 200
08-04 00:53:12.468  7769 10677 I NAPPA_EXPERIMENTATION: MetricNetworkRequestExecutionTime: REQUEST_DURATION_SYSTEM='2126',REQUEST_DURATION_OKHTTP='626',REQUEST_SYNCHRONOUS='TRUE',RESPONSE_CODE='200',RESPONSE_METHOD='GET',RESPONSE_LENGTH_OKHTTP='2787',RESPONSE_LENGTH_HEADER='2787',REQUEST_PROTOCOL='h2',REQUEST_URL='https://v.redd.it/ppmhu2r9thd51/DASHPlaylist.mpd',
08-04 00:53:12.468  7769 10677 D OK      : request got status: 200
08-04 00:53:12.472  7769 10656 I NAPPA_EXPERIMENTATION: MetricNetworkRequestExecutionTime: REQUEST_DURATION_SYSTEM='2194',REQUEST_DURATION_OKHTTP='622',REQUEST_SYNCHRONOUS='TRUE',RESPONSE_CODE='200',RESPONSE_METHOD='GET',RESPONSE_LENGTH_OKHTTP='6634',RESPONSE_LENGTH_HEADER='6634',REQUEST_PROTOCOL='h2',REQUEST_URL='https://b.thumbs.redditmedia.com/JTSWFy2_tijPk6cA5noKDydEAMkMJcDmKQTSX178zwc.jpg',
08-04 00:53:12.472  7769 10656 D OK      : request got status: 200
08-04 00:53:12.480  7769 10674 I NAPPA_EXPERIMENTATION: MetricNetworkRequestExecutionTime: REQUEST_DURATION_SYSTEM='2148',REQUEST_DURATION_OKHTTP='631',REQUEST_SYNCHRONOUS='TRUE',RESPONSE_CODE='200',RESPONSE_METHOD='GET',RESPONSE_LENGTH_OKHTTP='-1',RESPONSE_LENGTH_HEADER='1021',REQUEST_PROTOCOL='http/1.1',REQUEST_URL='https://api.gfycat.com/v1/gfycats/foolhardysparklinglarva',
08-04 00:53:12.480  7769 10674 D OK      : request got status: 200
08-04 00:53:12.481  7769 10681 I NAPPA_EXPERIMENTATION: MetricNetworkRequestExecutionTime: REQUEST_DURATION_SYSTEM='2103',REQUEST_DURATION_OKHTTP='621',REQUEST_SYNCHRONOUS='TRUE',RESPONSE_CODE='200',RESPONSE_METHOD='GET',RESPONSE_LENGTH_OKHTTP='6843',RESPONSE_LENGTH_HEADER='6843',REQUEST_PROTOCOL='h2',REQUEST_URL='https://b.thumbs.redditmedia.com/x5l4cICw0WNNvslt5FqVjwj89XrGjrXnNbaSyQRAyCo.jpg',
08-04 00:53:12.482  7769 10681 D OK      : request got status: 200
08-04 00:53:12.483  7769 10684 I NAPPA_EXPERIMENTATION: MetricNetworkRequestExecutionTime: REQUEST_DURATION_SYSTEM='2092',REQUEST_DURATION_OKHTTP='623',REQUEST_SYNCHRONOUS='TRUE',RESPONSE_CODE='200',RESPONSE_METHOD='GET',RESPONSE_LENGTH_OKHTTP='3060',RESPONSE_LENGTH_HEADER='3060',REQUEST_PROTOCOL='h2',REQUEST_URL='https://v.redd.it/b8vazlcb7ld51/DASHPlaylist.mpd',
08-04 00:53:12.483  7769 10684 D OK      : request got status: 200
08-04 00:53:12.492  7769 10756 D OK      : calling: https://b.thumbs.redditmedia.com/WehZGjN94ALGdO0M7RjPJ2EwcyyWVZ_NUn1Fuf7IYWY.jpg
08-04 00:53:12.495  7769  8381 I getImgurImageInfo: Image nLQR2hT: trying API v3 with auth
08-04 00:53:12.501  7769 10683 I NAPPA_EXPERIMENTATION: MetricNetworkRequestExecutionTime: REQUEST_DURATION_SYSTEM='2113',REQUEST_DURATION_OKHTTP='652',REQUEST_SYNCHRONOUS='TRUE',RESPONSE_CODE='200',RESPONSE_METHOD='GET',RESPONSE_LENGTH_OKHTTP='6221',RESPONSE_LENGTH_HEADER='6221',REQUEST_PROTOCOL='h2',REQUEST_URL='https://b.thumbs.redditmedia.com/d_-UsfmKASoIHi4vZyyjvvwFtm1S7-DEi9AQPOnGIgY.jpg',
08-04 00:53:12.502  7769 10683 D OK      : request got status: 200
08-04 00:53:12.508  7769 10669 I NAPPA_EXPERIMENTATION: MetricNetworkRequestExecutionTime: REQUEST_DURATION_SYSTEM='2192',REQUEST_DURATION_OKHTTP='669',REQUEST_SYNCHRONOUS='TRUE',RESPONSE_CODE='200',RESPONSE_METHOD='GET',RESPONSE_LENGTH_OKHTTP='-1',RESPONSE_LENGTH_HEADER='955',REQUEST_PROTOCOL='http/1.1',REQUEST_URL='https://api.gfycat.com/v1/gfycats/altruisticthankfulankolewatusi',
08-04 00:53:12.508  7769 10669 D OK      : request got status: 200
08-04 00:53:12.545  7769 10665 I NAPPA_EXPERIMENTATION: MetricNetworkRequestExecutionTime: REQUEST_DURATION_SYSTEM='2238',REQUEST_DURATION_OKHTTP='688',REQUEST_SYNCHRONOUS='TRUE',RESPONSE_CODE='200',RESPONSE_METHOD='GET',RESPONSE_LENGTH_OKHTTP='-1',RESPONSE_LENGTH_HEADER='812',REQUEST_PROTOCOL='http/1.1',REQUEST_URL='https://api.gfycat.com/v1/gfycats/deadlygravecavy',
08-04 00:53:12.545  7769 10665 D OK      : request got status: 200
08-04 00:53:12.633  7769  9989 I art     : Starting a blocking GC Explicit
08-04 00:53:12.639  7769 10761 D OK      : calling: https://b.thumbs.redditmedia.com/Xdo4lcQOwuUNK1yxSlXZ0OI8u23ORAr16_AzfAZ1nvU.jpg
08-04 00:53:12.639  7769 10675 I RedditVideosAPI: For 'https://v.redd.it/h49fg58ygjd51/DASHPlaylist.mpd', got video stream 'https://v.redd.it/h49fg58ygjd51/DASH_480' and audio stream 'null'
08-04 00:53:12.645  7769 10667 I RedditVideosAPI: For 'https://v.redd.it/fkewv2f65kd51/DASHPlaylist.mpd', got video stream 'https://v.redd.it/fkewv2f65kd51/DASH_480' and audio stream 'https://v.redd.it/fkewv2f65kd51/audio'
08-04 00:53:12.670  7769 10756 I NAPPA_EXPERIMENTATION: MetricNetworkRequestExecutionTime: REQUEST_DURATION_SYSTEM='178',REQUEST_DURATION_OKHTTP='177',REQUEST_SYNCHRONOUS='TRUE',RESPONSE_CODE='200',RESPONSE_METHOD='GET',RESPONSE_LENGTH_OKHTTP='5435',RESPONSE_LENGTH_HEADER='5435',REQUEST_PROTOCOL='h2',REQUEST_URL='https://b.thumbs.redditmedia.com/WehZGjN94ALGdO0M7RjPJ2EwcyyWVZ_NUn1Fuf7IYWY.jpg',
08-04 00:53:12.670  7769 10756 D OK      : request got status: 200
08-04 00:53:12.684  7769 10685 I RedditVideosAPI: For 'https://v.redd.it/ty24o02m1hd51/DASHPlaylist.mpd', got video stream 'https://v.redd.it/ty24o02m1hd51/DASH_480' and audio stream 'null'
08-04 00:53:12.700  7769  9989 I art     : Explicit concurrent mark sweep GC freed 28037(1924KB) AllocSpace objects, 71(4MB) LOS objects, 30% free, 36MB/52MB, paused 1.047ms total 67.150ms
08-04 00:53:12.721  7769  9989 I art     : Starting a blocking GC Explicit
08-04 00:53:12.729  7769 10676 I RedditVideosAPI: For 'https://v.redd.it/1ewzkieg0jd51/DASHPlaylist.mpd', got video stream 'https://v.redd.it/1ewzkieg0jd51/DASH_480' and audio stream 'https://v.redd.it/1ewzkieg0jd51/audio'
08-04 00:53:12.741  7769 10686 I RedditVideosAPI: For 'https://v.redd.it/ar5k8892pid51/DASHPlaylist.mpd', got video stream 'https://v.redd.it/ar5k8892pid51/DASH_360' and audio stream 'https://v.redd.it/ar5k8892pid51/audio'
08-04 00:53:12.746  7769 10673 I RedditVideosAPI: For 'https://v.redd.it/ak6rer1hskd51/DASHPlaylist.mpd', got video stream 'https://v.redd.it/ak6rer1hskd51/DASH_360' and audio stream 'null'
08-04 00:53:12.764  7769 10679 I RedditVideosAPI: For 'https://v.redd.it/s9qqadf3mid51/DASHPlaylist.mpd', got video stream 'https://v.redd.it/s9qqadf3mid51/DASH_480' and audio stream 'https://v.redd.it/s9qqadf3mid51/audio'
08-04 00:53:12.772  7769 10677 I RedditVideosAPI: For 'https://v.redd.it/ppmhu2r9thd51/DASHPlaylist.mpd', got video stream 'https://v.redd.it/ppmhu2r9thd51/DASH_480' and audio stream 'null'
08-04 00:53:12.773  7769  9989 I art     : Explicit concurrent mark sweep GC freed 3228(435KB) AllocSpace objects, 21(1064KB) LOS objects, 30% free, 36MB/52MB, paused 815us total 52.414ms
08-04 00:53:12.787  7769 10762 D OK      : calling: https://b.thumbs.redditmedia.com/2KMYZ5hTlKXSvNO4hDUPyMba8Yz6skyu1SjUhLq1d9s.jpg
08-04 00:53:12.793  7769 10684 I RedditVideosAPI: For 'https://v.redd.it/b8vazlcb7ld51/DASHPlaylist.mpd', got video stream 'https://v.redd.it/b8vazlcb7ld51/DASH_480' and audio stream 'https://v.redd.it/b8vazlcb7ld51/audio'
08-04 00:53:12.794  7769  9989 I art     : Starting a blocking GC Explicit
08-04 00:53:12.799  7769 10761 I NAPPA_EXPERIMENTATION: MetricNetworkRequestExecutionTime: REQUEST_DURATION_SYSTEM='160',REQUEST_DURATION_OKHTTP='158',REQUEST_SYNCHRONOUS='TRUE',RESPONSE_CODE='200',RESPONSE_METHOD='GET',RESPONSE_LENGTH_OKHTTP='5191',RESPONSE_LENGTH_HEADER='5191',REQUEST_PROTOCOL='h2',REQUEST_URL='https://b.thumbs.redditmedia.com/Xdo4lcQOwuUNK1yxSlXZ0OI8u23ORAr16_AzfAZ1nvU.jpg',
08-04 00:53:12.799  7769 10761 D OK      : request got status: 200
08-04 00:53:12.838  7769 10763 D OK      : calling: https://a.thumbs.redditmedia.com/EFVm-ZqqhARyEaKgtwU74c7tfzEDJvI0uiHXGglFag4.jpg
08-04 00:53:12.847  7769  9989 I art     : Explicit concurrent mark sweep GC freed 2708(317KB) AllocSpace objects, 24(1608KB) LOS objects, 30% free, 36MB/52MB, paused 775us total 52.662ms
08-04 00:53:12.854  7769 10764 D OK      : calling: https://b.thumbs.redditmedia.com/qi4bNDKzoPvaSaSx99K2bAjwaRHh1nuOrcbySp1JHdk.jpg
08-04 00:53:12.866  7769  9989 I art     : Starting a blocking GC Explicit
08-04 00:53:12.871  7769 10765 D OK      : calling: https://b.thumbs.redditmedia.com/Ja8yiRMklM2lXd8q60LtBI6CqdmJ5YbWHRiBVFmICJA.jpg
08-04 00:53:12.873  7769 10766 D OK      : calling: https://b.thumbs.redditmedia.com/o5lSsJ_tCgCQxcdjMGaYxuveNluXB1PQT4PokXDhpvc.jpg
08-04 00:53:12.876  7769 10767 D OK      : calling: https://b.thumbs.redditmedia.com/SiCWTmKkQcbiAa7naxAHnw0adTeRkq1dB8QSqzGU7-Q.jpg
08-04 00:53:12.879  7769 10768 D OK      : calling: https://b.thumbs.redditmedia.com/C9qrVibnNxmzfLDKvEHp2v2Bo-Kqme7PoKC52s2o52M.jpg
08-04 00:53:12.881  7769 10769 D OK      : calling: https://a.thumbs.redditmedia.com/Tfsm0ol-ltlxNSBAkZ_4G4302d0hYeOSODkvXidBBR8.jpg
08-04 00:53:12.883  7769 10770 D OK      : calling: https://a.thumbs.redditmedia.com/Kzag-wH9wKRRg2MnPwgoFgXT_2jN_nkJ1lY1aNRQyT4.jpg
08-04 00:53:12.885  7769 10771 D OK      : calling: https://a.thumbs.redditmedia.com/P4gSGpXpi2wDXthNZ-LiwEs5Jvplm6dQ7W7Isqa7un4.jpg
08-04 00:53:12.888  7769 10772 D OK      : calling: https://b.thumbs.redditmedia.com/XkIhgqugP-9Zcb5I9A8o0r-zQJDh_6kastc0oWiiHkI.jpg
08-04 00:53:12.891  7769 10773 D OK      : calling: https://b.thumbs.redditmedia.com/3QPAtixkID9ojpqCAgfspJpruqoq45fM1G-Fx1K2F2A.jpg
08-04 00:53:12.893  7769 10774 D OK      : calling: https://b.thumbs.redditmedia.com/orK4W8Xc99pTzIT6q1waTsppldq24p1qMsHtkNnmu9w.jpg
08-04 00:53:12.895  7769 10775 D OK      : calling: https://b.thumbs.redditmedia.com/B1vXKY_-gTPbs625-RJ1MLIXxzCqfmnCB_0xnGjCECQ.jpg
08-04 00:53:12.898  7769 10776 D OK      : calling: https://a.thumbs.redditmedia.com/ffAKmOqnTuDMNR9MRfCdRtkq_CzN3MVhZxS64ZPYRh4.jpg
08-04 00:53:12.900  7769 10777 D OK      : calling: https://b.thumbs.redditmedia.com/OF1KI_LdSDMMWCy-WgJyRhIcM5fr7kDyu_OnpfRXHfI.jpg
08-04 00:53:12.902  7769 10778 D OK      : calling: https://b.thumbs.redditmedia.com/vuAhA4gGAmYfrTFA4woxZcKgmiDzJ3nAsql2pxcYGFs.jpg
08-04 00:53:12.904  7769 10779 D OK      : calling: https://b.thumbs.redditmedia.com/PtV7mFsO2n0j4YJweZjEqyVJ45hap4hXix9dwj6D0Wg.jpg
08-04 00:53:12.906  7769 10780 D OK      : calling: https://b.thumbs.redditmedia.com/wxTBcOhAgsmbc-TRaGNHpYJYnEOBr2LNsaZ6pCM91Lc.jpg
08-04 00:53:12.909  7769 10781 D OK      : calling: https://b.thumbs.redditmedia.com/Wo7bFIVNZYYuNioRYwZFYxrl6QMk0lT-3W01wrXgHmE.jpg
08-04 00:53:12.912  7769 10782 D OK      : calling: https://b.thumbs.redditmedia.com/NoqMycYTzsyhI0Lq351riEI1mO9p8PvY1QwcZ9Irb9g.jpg
08-04 00:53:12.916  7769 10783 D OK      : calling: https://b.thumbs.redditmedia.com/KrRufqpifph7KM2Le5RdqEYQb24zbB4fizBJpFaH1Pc.jpg
08-04 00:53:12.919  7769 10784 D OK      : calling: https://b.thumbs.redditmedia.com/u2qz17QE3X5G7kkJrgK3HPCdxNQxNkhaWqfIhCuRMvE.jpg
08-04 00:53:12.919  7769  9989 I art     : Explicit concurrent mark sweep GC freed 23763(1253KB) AllocSpace objects, 12(768KB) LOS objects, 30% free, 35MB/51MB, paused 1.790ms total 52.210ms
08-04 00:53:12.921  7769 10785 D OK      : calling: https://v.redd.it/syww111dtjd51/DASHPlaylist.mpd
08-04 00:53:12.923  7769 10786 D OK      : calling: https://v.redd.it/pbqrrfb3tkd51/DASHPlaylist.mpd
08-04 00:53:12.925  7769 10787 D OK      : calling: https://v.redd.it/rrygsb8i4ld51/DASHPlaylist.mpd
08-04 00:53:12.927  7769 10788 D OK      : calling: https://v.redd.it/5x6zzipz8ld51/DASHPlaylist.mpd
08-04 00:53:12.930  7769 10789 D OK      : calling: https://v.redd.it/75en73fm5id51/DASHPlaylist.mpd
08-04 00:53:12.932  7769 10790 D OK      : calling: https://api.imgur.com/3/image/nLQR2hT
08-04 00:53:12.934  7769 10791 D OK      : calling: https://v.redd.it/ggz4fyth6hd51/DASHPlaylist.mpd
08-04 00:53:12.937  7769 10792 D OK      : calling: https://v.redd.it/psrknoobrgd51/DASHPlaylist.mpd
08-04 00:53:12.939  7769 10793 D OK      : calling: https://v.redd.it/jk6cwef4wld51/DASHPlaylist.mpd
08-04 00:53:12.940  7769  9989 I art     : Starting a blocking GC Explicit
08-04 00:53:12.941  7769 10794 D OK      : calling: https://v.redd.it/t81s8zfz9ld51/DASHPlaylist.mpd
08-04 00:53:12.943  7769 10795 D OK      : calling: https://v.redd.it/xd6c4yyutgd51/DASHPlaylist.mpd
08-04 00:53:12.945  7769 10796 D OK      : calling: https://v.redd.it/ue0jdgk9zhd51/DASHPlaylist.mpd
08-04 00:53:12.986  7769 10762 I NAPPA_EXPERIMENTATION: MetricNetworkRequestExecutionTime: REQUEST_DURATION_SYSTEM='199',REQUEST_DURATION_OKHTTP='198',REQUEST_SYNCHRONOUS='TRUE',RESPONSE_CODE='200',RESPONSE_METHOD='GET',RESPONSE_LENGTH_OKHTTP='5098',RESPONSE_LENGTH_HEADER='5098',REQUEST_PROTOCOL='h2',REQUEST_URL='https://b.thumbs.redditmedia.com/2KMYZ5hTlKXSvNO4hDUPyMba8Yz6skyu1SjUhLq1d9s.jpg',
08-04 00:53:12.986  7769 10762 D OK      : request got status: 200
08-04 00:53:12.996  7769  9989 I art     : Explicit concurrent mark sweep GC freed 3125(173KB) AllocSpace objects, 2(148KB) LOS objects, 30% free, 35MB/51MB, paused 2.541ms total 55.593ms
08-04 00:53:13.044  7769 10764 I NAPPA_EXPERIMENTATION: MetricNetworkRequestExecutionTime: REQUEST_DURATION_SYSTEM='190',REQUEST_DURATION_OKHTTP='189',REQUEST_SYNCHRONOUS='TRUE',RESPONSE_CODE='200',RESPONSE_METHOD='GET',RESPONSE_LENGTH_OKHTTP='4475',RESPONSE_LENGTH_HEADER='4475',REQUEST_PROTOCOL='h2',REQUEST_URL='https://b.thumbs.redditmedia.com/qi4bNDKzoPvaSaSx99K2bAjwaRHh1nuOrcbySp1JHdk.jpg',
08-04 00:53:13.044  7769 10764 D OK      : request got status: 200
08-04 00:53:13.124  7769 10765 I NAPPA_EXPERIMENTATION: MetricNetworkRequestExecutionTime: REQUEST_DURATION_SYSTEM='253',REQUEST_DURATION_OKHTTP='252',REQUEST_SYNCHRONOUS='TRUE',RESPONSE_CODE='200',RESPONSE_METHOD='GET',RESPONSE_LENGTH_OKHTTP='5414',RESPONSE_LENGTH_HEADER='5414',REQUEST_PROTOCOL='h2',REQUEST_URL='https://b.thumbs.redditmedia.com/Ja8yiRMklM2lXd8q60LtBI6CqdmJ5YbWHRiBVFmICJA.jpg',
08-04 00:53:13.124  7769 10765 D OK      : request got status: 200
08-04 00:53:13.204  7769 10767 I NAPPA_EXPERIMENTATION: MetricNetworkRequestExecutionTime: REQUEST_DURATION_SYSTEM='328',REQUEST_DURATION_OKHTTP='327',REQUEST_SYNCHRONOUS='TRUE',RESPONSE_CODE='200',RESPONSE_METHOD='GET',RESPONSE_LENGTH_OKHTTP='5968',RESPONSE_LENGTH_HEADER='5968',REQUEST_PROTOCOL='h2',REQUEST_URL='https://b.thumbs.redditmedia.com/SiCWTmKkQcbiAa7naxAHnw0adTeRkq1dB8QSqzGU7-Q.jpg',
08-04 00:53:13.205  7769 10767 D OK      : request got status: 200
08-04 00:53:13.226  7769 10766 I NAPPA_EXPERIMENTATION: MetricNetworkRequestExecutionTime: REQUEST_DURATION_SYSTEM='352',REQUEST_DURATION_OKHTTP='351',REQUEST_SYNCHRONOUS='TRUE',RESPONSE_CODE='200',RESPONSE_METHOD='GET',RESPONSE_LENGTH_OKHTTP='4921',RESPONSE_LENGTH_HEADER='4921',REQUEST_PROTOCOL='h2',REQUEST_URL='https://b.thumbs.redditmedia.com/o5lSsJ_tCgCQxcdjMGaYxuveNluXB1PQT4PokXDhpvc.jpg',
08-04 00:53:13.226  7769 10766 D OK      : request got status: 200
08-04 00:53:13.255  7769 10772 I NAPPA_EXPERIMENTATION: MetricNetworkRequestExecutionTime: REQUEST_DURATION_SYSTEM='365',REQUEST_DURATION_OKHTTP='365',REQUEST_SYNCHRONOUS='TRUE',RESPONSE_CODE='200',RESPONSE_METHOD='GET',RESPONSE_LENGTH_OKHTTP='4080',RESPONSE_LENGTH_HEADER='4080',REQUEST_PROTOCOL='h2',REQUEST_URL='https://b.thumbs.redditmedia.com/XkIhgqugP-9Zcb5I9A8o0r-zQJDh_6kastc0oWiiHkI.jpg',
08-04 00:53:13.255  7769 10772 D OK      : request got status: 200
08-04 00:53:13.286  7769 10768 I NAPPA_EXPERIMENTATION: MetricNetworkRequestExecutionTime: REQUEST_DURATION_SYSTEM='406',REQUEST_DURATION_OKHTTP='406',REQUEST_SYNCHRONOUS='TRUE',RESPONSE_CODE='200',RESPONSE_METHOD='GET',RESPONSE_LENGTH_OKHTTP='5378',RESPONSE_LENGTH_HEADER='5378',REQUEST_PROTOCOL='h2',REQUEST_URL='https://b.thumbs.redditmedia.com/C9qrVibnNxmzfLDKvEHp2v2Bo-Kqme7PoKC52s2o52M.jpg',
08-04 00:53:13.286  7769 10768 D OK      : request got status: 200
08-04 00:53:13.335  7769  7781 I art     : Starting a blocking GC Explicit
08-04 00:53:13.349  7769 10774 I NAPPA_EXPERIMENTATION: MetricNetworkRequestExecutionTime: REQUEST_DURATION_SYSTEM='455',REQUEST_DURATION_OKHTTP='455',REQUEST_SYNCHRONOUS='TRUE',RESPONSE_CODE='200',RESPONSE_METHOD='GET',RESPONSE_LENGTH_OKHTTP='6654',RESPONSE_LENGTH_HEADER='6654',REQUEST_PROTOCOL='h2',REQUEST_URL='https://b.thumbs.redditmedia.com/orK4W8Xc99pTzIT6q1waTsppldq24p1qMsHtkNnmu9w.jpg',
08-04 00:53:13.349  7769 10774 D OK      : request got status: 200
08-04 00:53:13.398  7769  7781 I art     : Explicit concurrent mark sweep GC freed 10693(745KB) AllocSpace objects, 30(2MB) LOS objects, 30% free, 36MB/52MB, paused 1.984ms total 62.155ms
08-04 00:53:13.417  7769  7781 I art     : Starting a blocking GC Explicit
08-04 00:53:13.433  7769 10773 I NAPPA_EXPERIMENTATION: MetricNetworkRequestExecutionTime: REQUEST_DURATION_SYSTEM='542',REQUEST_DURATION_OKHTTP='540',REQUEST_SYNCHRONOUS='TRUE',RESPONSE_CODE='200',RESPONSE_METHOD='GET',RESPONSE_LENGTH_OKHTTP='3183',RESPONSE_LENGTH_HEADER='3183',REQUEST_PROTOCOL='h2',REQUEST_URL='https://b.thumbs.redditmedia.com/3QPAtixkID9ojpqCAgfspJpruqoq45fM1G-Fx1K2F2A.jpg',
08-04 00:53:13.434  7769 10773 D OK      : request got status: 200
08-04 00:53:13.451  7769 10777 I NAPPA_EXPERIMENTATION: MetricNetworkRequestExecutionTime: REQUEST_DURATION_SYSTEM='551',REQUEST_DURATION_OKHTTP='551',REQUEST_SYNCHRONOUS='TRUE',RESPONSE_CODE='200',RESPONSE_METHOD='GET',RESPONSE_LENGTH_OKHTTP='5125',RESPONSE_LENGTH_HEADER='5125',REQUEST_PROTOCOL='h2',REQUEST_URL='https://b.thumbs.redditmedia.com/OF1KI_LdSDMMWCy-WgJyRhIcM5fr7kDyu_OnpfRXHfI.jpg',
08-04 00:53:13.451  7769 10777 D OK      : request got status: 200
08-04 00:53:13.473  7769  7781 I art     : Explicit concurrent mark sweep GC freed 694(89KB) AllocSpace objects, 0(0B) LOS objects, 30% free, 37MB/53MB, paused 1.958ms total 56.376ms
08-04 00:53:13.493  7769 10775 I NAPPA_EXPERIMENTATION: MetricNetworkRequestExecutionTime: REQUEST_DURATION_SYSTEM='597',REQUEST_DURATION_OKHTTP='596',REQUEST_SYNCHRONOUS='TRUE',RESPONSE_CODE='200',RESPONSE_METHOD='GET',RESPONSE_LENGTH_OKHTTP='3864',RESPONSE_LENGTH_HEADER='3864',REQUEST_PROTOCOL='h2',REQUEST_URL='https://b.thumbs.redditmedia.com/B1vXKY_-gTPbs625-RJ1MLIXxzCqfmnCB_0xnGjCECQ.jpg',
08-04 00:53:13.493  7769  7781 I art     : Starting a blocking GC Explicit
08-04 00:53:13.494  7769 10775 D OK      : request got status: 200
08-04 00:53:13.500  7769 10778 I NAPPA_EXPERIMENTATION: MetricNetworkRequestExecutionTime: REQUEST_DURATION_SYSTEM='598',REQUEST_DURATION_OKHTTP='598',REQUEST_SYNCHRONOUS='TRUE',RESPONSE_CODE='200',RESPONSE_METHOD='GET',RESPONSE_LENGTH_OKHTTP='6723',RESPONSE_LENGTH_HEADER='6723',REQUEST_PROTOCOL='h2',REQUEST_URL='https://b.thumbs.redditmedia.com/vuAhA4gGAmYfrTFA4woxZcKgmiDzJ3nAsql2pxcYGFs.jpg',
08-04 00:53:13.500  7769 10778 D OK      : request got status: 200
08-04 00:53:13.538  7769 10780 I NAPPA_EXPERIMENTATION: MetricNetworkRequestExecutionTime: REQUEST_DURATION_SYSTEM='632',REQUEST_DURATION_OKHTTP='631',REQUEST_SYNCHRONOUS='TRUE',RESPONSE_CODE='200',RESPONSE_METHOD='GET',RESPONSE_LENGTH_OKHTTP='6316',RESPONSE_LENGTH_HEADER='6316',REQUEST_PROTOCOL='h2',REQUEST_URL='https://b.thumbs.redditmedia.com/wxTBcOhAgsmbc-TRaGNHpYJYnEOBr2LNsaZ6pCM91Lc.jpg',
08-04 00:53:13.538  7769 10780 D OK      : request got status: 200
08-04 00:53:13.550  7769  7781 I art     : Explicit concurrent mark sweep GC freed 6328(300KB) AllocSpace objects, 7(568KB) LOS objects, 29% free, 37MB/53MB, paused 2.089ms total 56.594ms
08-04 00:53:13.561  7769 10763 I NAPPA_EXPERIMENTATION: MetricNetworkRequestExecutionTime: REQUEST_DURATION_SYSTEM='722',REQUEST_DURATION_OKHTTP='378',REQUEST_SYNCHRONOUS='TRUE',RESPONSE_CODE='200',RESPONSE_METHOD='GET',RESPONSE_LENGTH_OKHTTP='5307',RESPONSE_LENGTH_HEADER='5307',REQUEST_PROTOCOL='h2',REQUEST_URL='https://a.thumbs.redditmedia.com/EFVm-ZqqhARyEaKgtwU74c7tfzEDJvI0uiHXGglFag4.jpg',
08-04 00:53:13.561  7769 10763 D OK      : request got status: 200
08-04 00:53:13.569  7769 10782 I NAPPA_EXPERIMENTATION: MetricNetworkRequestExecutionTime: REQUEST_DURATION_SYSTEM='654',REQUEST_DURATION_OKHTTP='653',REQUEST_SYNCHRONOUS='TRUE',RESPONSE_CODE='200',RESPONSE_METHOD='GET',RESPONSE_LENGTH_OKHTTP='5648',RESPONSE_LENGTH_HEADER='5648',REQUEST_PROTOCOL='h2',REQUEST_URL='https://b.thumbs.redditmedia.com/NoqMycYTzsyhI0Lq351riEI1mO9p8PvY1QwcZ9Irb9g.jpg',
08-04 00:53:13.569  7769 10782 D OK      : request got status: 200
08-04 00:53:13.569  7769  7781 I art     : Starting a blocking GC Explicit
08-04 00:53:13.575  7769 10779 I NAPPA_EXPERIMENTATION: MetricNetworkRequestExecutionTime: REQUEST_DURATION_SYSTEM='671',REQUEST_DURATION_OKHTTP='670',REQUEST_SYNCHRONOUS='TRUE',RESPONSE_CODE='200',RESPONSE_METHOD='GET',RESPONSE_LENGTH_OKHTTP='5329',RESPONSE_LENGTH_HEADER='5329',REQUEST_PROTOCOL='h2',REQUEST_URL='https://b.thumbs.redditmedia.com/PtV7mFsO2n0j4YJweZjEqyVJ45hap4hXix9dwj6D0Wg.jpg',
08-04 00:53:13.575  7769 10779 D OK      : request got status: 200
08-04 00:53:13.621  7769  7781 I art     : Explicit concurrent mark sweep GC freed 7341(433KB) AllocSpace objects, 15(980KB) LOS objects, 29% free, 38MB/54MB, paused 2.090ms total 51.732ms
08-04 00:53:13.634  7769 10769 I NAPPA_EXPERIMENTATION: MetricNetworkRequestExecutionTime: REQUEST_DURATION_SYSTEM='753',REQUEST_DURATION_OKHTTP='254',REQUEST_SYNCHRONOUS='TRUE',RESPONSE_CODE='200',RESPONSE_METHOD='GET',RESPONSE_LENGTH_OKHTTP='7540',RESPONSE_LENGTH_HEADER='7540',REQUEST_PROTOCOL='h2',REQUEST_URL='https://a.thumbs.redditmedia.com/Tfsm0ol-ltlxNSBAkZ_4G4302d0hYeOSODkvXidBBR8.jpg',
08-04 00:53:13.634  7769 10769 D OK      : request got status: 200
08-04 00:53:13.639  7769  7781 I art     : Starting a blocking GC Explicit
08-04 00:53:13.651  7769 10781 I NAPPA_EXPERIMENTATION: MetricNetworkRequestExecutionTime: REQUEST_DURATION_SYSTEM='742',REQUEST_DURATION_OKHTTP='742',REQUEST_SYNCHRONOUS='TRUE',RESPONSE_CODE='200',RESPONSE_METHOD='GET',RESPONSE_LENGTH_OKHTTP='7815',RESPONSE_LENGTH_HEADER='7815',REQUEST_PROTOCOL='h2',REQUEST_URL='https://b.thumbs.redditmedia.com/Wo7bFIVNZYYuNioRYwZFYxrl6QMk0lT-3W01wrXgHmE.jpg',
08-04 00:53:13.651  7769 10781 D OK      : request got status: 200
08-04 00:53:13.676  7769 10770 I NAPPA_EXPERIMENTATION: MetricNetworkRequestExecutionTime: REQUEST_DURATION_SYSTEM='793',REQUEST_DURATION_OKHTTP='291',REQUEST_SYNCHRONOUS='TRUE',RESPONSE_CODE='200',RESPONSE_METHOD='GET',RESPONSE_LENGTH_OKHTTP='3635',RESPONSE_LENGTH_HEADER='3635',REQUEST_PROTOCOL='h2',REQUEST_URL='https://a.thumbs.redditmedia.com/Kzag-wH9wKRRg2MnPwgoFgXT_2jN_nkJ1lY1aNRQyT4.jpg',
08-04 00:53:13.676  7769 10770 D OK      : request got status: 200
08-04 00:53:13.686  7769 10783 I NAPPA_EXPERIMENTATION: MetricNetworkRequestExecutionTime: REQUEST_DURATION_SYSTEM='769',REQUEST_DURATION_OKHTTP='768',REQUEST_SYNCHRONOUS='TRUE',RESPONSE_CODE='200',RESPONSE_METHOD='GET',RESPONSE_LENGTH_OKHTTP='5198',RESPONSE_LENGTH_HEADER='5198',REQUEST_PROTOCOL='h2',REQUEST_URL='https://b.thumbs.redditmedia.com/KrRufqpifph7KM2Le5RdqEYQb24zbB4fizBJpFaH1Pc.jpg',
08-04 00:53:13.686  7769 10783 D OK      : request got status: 200
08-04 00:53:13.691  7769  7781 I art     : Explicit concurrent mark sweep GC freed 9676(602KB) AllocSpace objects, 21(1220KB) LOS objects, 29% free, 39MB/55MB, paused 1.638ms total 51.163ms
08-04 00:53:13.765  7769 10784 I NAPPA_EXPERIMENTATION: MetricNetworkRequestExecutionTime: REQUEST_DURATION_SYSTEM='846',REQUEST_DURATION_OKHTTP='846',REQUEST_SYNCHRONOUS='TRUE',RESPONSE_CODE='200',RESPONSE_METHOD='GET',RESPONSE_LENGTH_OKHTTP='5579',RESPONSE_LENGTH_HEADER='5579',REQUEST_PROTOCOL='h2',REQUEST_URL='https://b.thumbs.redditmedia.com/u2qz17QE3X5G7kkJrgK3HPCdxNQxNkhaWqfIhCuRMvE.jpg',
08-04 00:53:13.765  7769 10784 D OK      : request got status: 200
08-04 00:53:13.811  7769 10776 I NAPPA_EXPERIMENTATION: MetricNetworkRequestExecutionTime: REQUEST_DURATION_SYSTEM='913',REQUEST_DURATION_OKHTTP='287',REQUEST_SYNCHRONOUS='TRUE',RESPONSE_CODE='200',RESPONSE_METHOD='GET',RESPONSE_LENGTH_OKHTTP='4470',RESPONSE_LENGTH_HEADER='4470',REQUEST_PROTOCOL='h2',REQUEST_URL='https://a.thumbs.redditmedia.com/ffAKmOqnTuDMNR9MRfCdRtkq_CzN3MVhZxS64ZPYRh4.jpg',
08-04 00:53:13.811  7769 10776 D OK      : request got status: 200
08-04 00:53:13.835  7769 10771 I NAPPA_EXPERIMENTATION: MetricNetworkRequestExecutionTime: REQUEST_DURATION_SYSTEM='950',REQUEST_DURATION_OKHTTP='253',REQUEST_SYNCHRONOUS='TRUE',RESPONSE_CODE='200',RESPONSE_METHOD='GET',RESPONSE_LENGTH_OKHTTP='5641',RESPONSE_LENGTH_HEADER='5641',REQUEST_PROTOCOL='h2',REQUEST_URL='https://a.thumbs.redditmedia.com/P4gSGpXpi2wDXthNZ-LiwEs5Jvplm6dQ7W7Isqa7un4.jpg',
08-04 00:53:13.835  7769 10771 D OK      : request got status: 200
08-04 00:53:13.927  7769 10787 I NAPPA_EXPERIMENTATION: MetricNetworkRequestExecutionTime: REQUEST_DURATION_SYSTEM='1002',REQUEST_DURATION_OKHTTP='395',REQUEST_SYNCHRONOUS='TRUE',RESPONSE_CODE='200',RESPONSE_METHOD='GET',RESPONSE_LENGTH_OKHTTP='3060',RESPONSE_LENGTH_HEADER='3060',REQUEST_PROTOCOL='h2',REQUEST_URL='https://v.redd.it/rrygsb8i4ld51/DASHPlaylist.mpd',
08-04 00:53:13.928  7769 10787 D OK      : request got status: 200
08-04 00:53:13.952  7769 10785 I NAPPA_EXPERIMENTATION: MetricNetworkRequestExecutionTime: REQUEST_DURATION_SYSTEM='1031',REQUEST_DURATION_OKHTTP='396',REQUEST_SYNCHRONOUS='TRUE',RESPONSE_CODE='200',RESPONSE_METHOD='GET',RESPONSE_LENGTH_OKHTTP='2696',RESPONSE_LENGTH_HEADER='2696',REQUEST_PROTOCOL='h2',REQUEST_URL='https://v.redd.it/syww111dtjd51/DASHPlaylist.mpd',
08-04 00:53:13.953  7769 10785 D OK      : request got status: 200
08-04 00:53:13.988  7769 10790 I NAPPA_EXPERIMENTATION: MetricNetworkRequestExecutionTime: REQUEST_DURATION_SYSTEM='1056',REQUEST_DURATION_OKHTTP='310',REQUEST_SYNCHRONOUS='TRUE',RESPONSE_CODE='200',RESPONSE_METHOD='GET',RESPONSE_LENGTH_OKHTTP='-1',RESPONSE_LENGTH_HEADER='377',REQUEST_PROTOCOL='h2',REQUEST_URL='https://api.imgur.com/3/image/nLQR2hT',
08-04 00:53:13.988  7769 10786 I NAPPA_EXPERIMENTATION: MetricNetworkRequestExecutionTime: REQUEST_DURATION_SYSTEM='1065',REQUEST_DURATION_OKHTTP='340',REQUEST_SYNCHRONOUS='TRUE',RESPONSE_CODE='200',RESPONSE_METHOD='GET',RESPONSE_LENGTH_OKHTTP='2071',RESPONSE_LENGTH_HEADER='2071',REQUEST_PROTOCOL='h2',REQUEST_URL='https://v.redd.it/pbqrrfb3tkd51/DASHPlaylist.mpd',
08-04 00:53:13.988  7769 10786 D OK      : request got status: 200
08-04 00:53:13.988  7769 10790 D OK      : request got status: 200
08-04 00:53:13.998  7769 10788 I NAPPA_EXPERIMENTATION: MetricNetworkRequestExecutionTime: REQUEST_DURATION_SYSTEM='1071',REQUEST_DURATION_OKHTTP='409',REQUEST_SYNCHRONOUS='TRUE',RESPONSE_CODE='200',RESPONSE_METHOD='GET',RESPONSE_LENGTH_OKHTTP='2789',RESPONSE_LENGTH_HEADER='2789',REQUEST_PROTOCOL='h2',REQUEST_URL='https://v.redd.it/5x6zzipz8ld51/DASHPlaylist.mpd',
08-04 00:53:13.999  7769 10788 D OK      : request got status: 200
08-04 00:53:14.015  7769 10792 I NAPPA_EXPERIMENTATION: MetricNetworkRequestExecutionTime: REQUEST_DURATION_SYSTEM='1078',REQUEST_DURATION_OKHTTP='356',REQUEST_SYNCHRONOUS='TRUE',RESPONSE_CODE='200',RESPONSE_METHOD='GET',RESPONSE_LENGTH_OKHTTP='2427',RESPONSE_LENGTH_HEADER='2427',REQUEST_PROTOCOL='h2',REQUEST_URL='https://v.redd.it/psrknoobrgd51/DASHPlaylist.mpd',
08-04 00:53:14.015  7769  7797 I art     : Starting a blocking GC Explicit
08-04 00:53:14.015  7769 10792 D OK      : request got status: 200
08-04 00:53:14.016  7769 10787 I RedditVideosAPI: For 'https://v.redd.it/rrygsb8i4ld51/DASHPlaylist.mpd', got video stream 'https://v.redd.it/rrygsb8i4ld51/DASH_480' and audio stream 'https://v.redd.it/rrygsb8i4ld51/audio'
08-04 00:53:14.028  7769 10791 I NAPPA_EXPERIMENTATION: MetricNetworkRequestExecutionTime: REQUEST_DURATION_SYSTEM='1093',REQUEST_DURATION_OKHTTP='348',REQUEST_SYNCHRONOUS='TRUE',RESPONSE_CODE='200',RESPONSE_METHOD='GET',RESPONSE_LENGTH_OKHTTP='1713',RESPONSE_LENGTH_HEADER='1713',REQUEST_PROTOCOL='h2',REQUEST_URL='https://v.redd.it/ggz4fyth6hd51/DASHPlaylist.mpd',
08-04 00:53:14.028  7769 10791 D OK      : request got status: 200
08-04 00:53:14.034  7769 10785 I RedditVideosAPI: For 'https://v.redd.it/syww111dtjd51/DASHPlaylist.mpd', got video stream 'https://v.redd.it/syww111dtjd51/DASH_480' and audio stream 'https://v.redd.it/syww111dtjd51/audio'
08-04 00:53:14.048  7769 10789 I NAPPA_EXPERIMENTATION: MetricNetworkRequestExecutionTime: REQUEST_DURATION_SYSTEM='1118',REQUEST_DURATION_OKHTTP='472',REQUEST_SYNCHRONOUS='TRUE',RESPONSE_CODE='200',RESPONSE_METHOD='GET',RESPONSE_LENGTH_OKHTTP='2700',RESPONSE_LENGTH_HEADER='2700',REQUEST_PROTOCOL='h2',REQUEST_URL='https://v.redd.it/75en73fm5id51/DASHPlaylist.mpd',
08-04 00:53:14.048  7769 10789 D OK      : request got status: 200
08-04 00:53:14.053  7769 10786 I RedditVideosAPI: For 'https://v.redd.it/pbqrrfb3tkd51/DASHPlaylist.mpd', got video stream 'https://v.redd.it/pbqrrfb3tkd51/DASH_480' and audio stream 'null'
08-04 00:53:14.055  7769 10795 I NAPPA_EXPERIMENTATION: MetricNetworkRequestExecutionTime: REQUEST_DURATION_SYSTEM='1112',REQUEST_DURATION_OKHTTP='338',REQUEST_SYNCHRONOUS='TRUE',RESPONSE_CODE='200',RESPONSE_METHOD='GET',RESPONSE_LENGTH_OKHTTP='2071',RESPONSE_LENGTH_HEADER='2071',REQUEST_PROTOCOL='h2',REQUEST_URL='https://v.redd.it/xd6c4yyutgd51/DASHPlaylist.mpd',
08-04 00:53:14.055  7769 10795 D OK      : request got status: 200
08-04 00:53:14.059  7769 10796 I NAPPA_EXPERIMENTATION: MetricNetworkRequestExecutionTime: REQUEST_DURATION_SYSTEM='1113',REQUEST_DURATION_OKHTTP='299',REQUEST_SYNCHRONOUS='TRUE',RESPONSE_CODE='200',RESPONSE_METHOD='GET',RESPONSE_LENGTH_OKHTTP='2344',RESPONSE_LENGTH_HEADER='2344',REQUEST_PROTOCOL='h2',REQUEST_URL='https://v.redd.it/ue0jdgk9zhd51/DASHPlaylist.mpd',
08-04 00:53:14.059  7769 10796 D OK      : request got status: 200
08-04 00:53:14.060  7769 10794 I NAPPA_EXPERIMENTATION: MetricNetworkRequestExecutionTime: REQUEST_DURATION_SYSTEM='1119',REQUEST_DURATION_OKHTTP='308',REQUEST_SYNCHRONOUS='TRUE',RESPONSE_CODE='200',RESPONSE_METHOD='GET',RESPONSE_LENGTH_OKHTTP='3058',RESPONSE_LENGTH_HEADER='3058',REQUEST_PROTOCOL='h2',REQUEST_URL='https://v.redd.it/t81s8zfz9ld51/DASHPlaylist.mpd',
08-04 00:53:14.060  7769 10794 D OK      : request got status: 200
08-04 00:53:14.063  7769 10793 I NAPPA_EXPERIMENTATION: MetricNetworkRequestExecutionTime: REQUEST_DURATION_SYSTEM='1124',REQUEST_DURATION_OKHTTP='300',REQUEST_SYNCHRONOUS='TRUE',RESPONSE_CODE='200',RESPONSE_METHOD='GET',RESPONSE_LENGTH_OKHTTP='2071',RESPONSE_LENGTH_HEADER='2071',REQUEST_PROTOCOL='h2',REQUEST_URL='https://v.redd.it/jk6cwef4wld51/DASHPlaylist.mpd',
08-04 00:53:14.063  7769 10793 D OK      : request got status: 200
08-04 00:53:14.069  7769  7797 I art     : Explicit concurrent mark sweep GC freed 15873(1353KB) AllocSpace objects, 62(3MB) LOS objects, 27% free, 41MB/57MB, paused 882us total 54.085ms
08-04 00:53:14.073  7769 10788 I RedditVideosAPI: For 'https://v.redd.it/5x6zzipz8ld51/DASHPlaylist.mpd', got video stream 'https://v.redd.it/5x6zzipz8ld51/DASH_480' and audio stream 'null'
08-04 00:53:14.087  7769  7797 I art     : Starting a blocking GC Explicit
08-04 00:53:14.134  7769  7797 I art     : Explicit concurrent mark sweep GC freed 2405(223KB) AllocSpace objects, 10(680KB) LOS objects, 28% free, 40MB/56MB, paused 638us total 46.374ms
08-04 00:53:14.142  7769 10792 I RedditVideosAPI: For 'https://v.redd.it/psrknoobrgd51/DASHPlaylist.mpd', got video stream 'https://v.redd.it/psrknoobrgd51/DASH_480' and audio stream 'null'
08-04 00:53:14.149  7769 10791 I RedditVideosAPI: For 'https://v.redd.it/ggz4fyth6hd51/DASHPlaylist.mpd', got video stream 'https://v.redd.it/ggz4fyth6hd51/DASH_360' and audio stream 'null'
08-04 00:53:14.152  7769  7797 I art     : Starting a blocking GC Explicit
08-04 00:53:14.155  7769 10789 I RedditVideosAPI: For 'https://v.redd.it/75en73fm5id51/DASHPlaylist.mpd', got video stream 'https://v.redd.it/75en73fm5id51/DASH_480' and audio stream 'https://v.redd.it/75en73fm5id51/audio'
08-04 00:53:14.161  7769 10795 I RedditVideosAPI: For 'https://v.redd.it/xd6c4yyutgd51/DASHPlaylist.mpd', got video stream 'https://v.redd.it/xd6c4yyutgd51/DASH_480' and audio stream 'null'
08-04 00:53:14.168  7769 10794 I RedditVideosAPI: For 'https://v.redd.it/t81s8zfz9ld51/DASHPlaylist.mpd', got video stream 'https://v.redd.it/t81s8zfz9ld51/DASH_480' and audio stream 'https://v.redd.it/t81s8zfz9ld51/audio'
08-04 00:53:14.174  7769 10793 I RedditVideosAPI: For 'https://v.redd.it/jk6cwef4wld51/DASHPlaylist.mpd', got video stream 'https://v.redd.it/jk6cwef4wld51/DASH_480' and audio stream 'null'
08-04 00:53:14.180  7769 10796 I RedditVideosAPI: For 'https://v.redd.it/ue0jdgk9zhd51/DASHPlaylist.mpd', got video stream 'https://v.redd.it/ue0jdgk9zhd51/DASH_360' and audio stream 'https://v.redd.it/ue0jdgk9zhd51/audio'
08-04 00:53:14.201  7769  7797 I art     : Explicit concurrent mark sweep GC freed 1458(379KB) AllocSpace objects, 10(680KB) LOS objects, 28% free, 40MB/56MB, paused 553us total 48.590ms
08-04 00:53:14.220  7769  7797 I art     : Starting a blocking GC Explicit
08-04 00:53:14.269  7769  7797 I art     : Explicit concurrent mark sweep GC freed 749(31KB) AllocSpace objects, 5(340KB) LOS objects, 28% free, 39MB/55MB, paused 585us total 49.357ms
08-04 00:53:14.288  7769  7797 I art     : Starting a blocking GC Explicit
08-04 00:53:14.342  7769  7797 I art     : Explicit concurrent mark sweep GC freed 18(576B) AllocSpace objects, 0(0B) LOS objects, 28% free, 39MB/55MB, paused 551us total 52.978ms
08-04 00:53:14.343  4731  4731 I ServiceManager: Waiting for service AtCmdFwd...
08-04 00:53:14.464 10838 10838 D AndroidRuntime: >>>>>> START com.android.internal.os.RuntimeInit uid 2000 <<<<<<
08-04 00:53:14.471 10838 10838 D AndroidRuntime: CheckJNI is OFF
08-04 00:53:14.516 10838 10838 D ICU     : No timezone override file found: /data/misc/zoneinfo/current/icu/icu_tzdata.dat
08-04 00:53:14.558 10838 10838 I Radio-JNI: register_android_hardware_Radio DONE
08-04 00:53:14.586 10838 10838 D AndroidRuntime: Calling main entry com.android.commands.input.Input
08-04 00:53:14.589 10838 10838 I Input   : injectMotionEvent: MotionEvent { action=ACTION_DOWN, actionButton=0, id[0]=0, x[0]=1340.0, y[0]=1100.0, toolType[0]=TOOL_TYPE_UNKNOWN, buttonState=0, metaState=0, flags=0x0, edgeFlags=0x0, pointerCount=1, historySize=0, eventTime=665611002, downTime=665611002, deviceId=0, source=0x1002 }
08-04 00:53:14.594 10838 10838 I Input   : injectMotionEvent: MotionEvent { action=ACTION_UP, actionButton=0, id[0]=0, x[0]=1340.0, y[0]=1100.0, toolType[0]=TOOL_TYPE_UNKNOWN, buttonState=0, metaState=0, flags=0x0, edgeFlags=0x0, pointerCount=1, historySize=0, eventTime=665611002, downTime=665611002, deviceId=0, source=0x1002 }
08-04 00:53:14.595 10838 10838 D AndroidRuntime: Shutting down VM
08-04 00:53:14.615   512  2967 D audio_hw_primary: out_set_parameters: enter: usecase(1: low-latency-playback) kvpairs: routing=2
08-04 00:53:14.615   918  5481 I ActivityManager: START u0 {dat=https://oauth.reddit.com/... cmp=baseline.org.quantumbadger.redreader/.activities.CommentListingActivity} from uid 10666 on display 0
08-04 00:53:14.627   512  2967 D audio_hw_primary: select_devices: out_snd_device(2: speaker) in_snd_device(0: none)
08-04 00:53:14.628   512  2967 D msm8974_platform: platform_send_audio_calibration: sending audio calibration for snd_device(2) acdb_id(15)
08-04 00:53:14.628   512  2967 I soundtrigger: audio_extn_sound_trigger_update_device_status: device 0x2 of type 0 for Event 1
08-04 00:53:14.641   512  2967 D audio_hw_primary: enable_snd_device: snd_device(2: speaker)
08-04 00:53:14.643  7769  7769 I AppCompatViewInflater: app:theme is now deprecated. Please move to using android:theme instead.
08-04 00:53:14.643   512  2967 D audio_hw_primary: enable_audio_route: apply and update mixer path: low-latency-playback speaker
08-04 00:53:14.663  7769 10867 D OK      : calling: https://oauth.reddit.com/comments/hzejrd/.json?sort=confidence
08-04 00:53:14.694  7769  8103 I art     : Starting a blocking GC Explicit
08-04 00:53:14.747  7769  8103 I art     : Explicit concurrent mark sweep GC freed 3977(213KB) AllocSpace objects, 1(20KB) LOS objects, 28% free, 39MB/55MB, paused 839us total 52.208ms
08-04 00:53:14.754   918   936 I ActivityManager: Displayed baseline.org.quantumbadger.redreader/.activities.CommentListingActivity: +129ms
08-04 00:53:14.755 13866 13866 I GoogleInputMethodServic: GoogleInputMethodService.onFinishInput():3138 
08-04 00:53:14.756 13866 13866 I GoogleInputMethodServic: GoogleInputMethodService.onStartInput():1808 
08-04 00:53:14.768  7769  8103 I art     : Starting a blocking GC Explicit
08-04 00:53:14.817  7769  8103 I art     : Explicit concurrent mark sweep GC freed 7273(825KB) AllocSpace objects, 17(2MB) LOS objects, 30% free, 37MB/53MB, paused 524us total 48.509ms
08-04 00:53:14.835  7769  8103 I art     : Starting a blocking GC Explicit
08-04 00:53:14.878  7769  8103 I art     : Explicit concurrent mark sweep GC freed 1968(77KB) AllocSpace objects, 0(0B) LOS objects, 30% free, 37MB/53MB, paused 720us total 42.139ms
08-04 00:53:14.896  7769  8103 I art     : Starting a blocking GC Explicit
08-04 00:53:14.937  7769  8103 I art     : Explicit concurrent mark sweep GC freed 94(3KB) AllocSpace objects, 0(0B) LOS objects, 30% free, 37MB/53MB, paused 632us total 41.658ms
08-04 00:53:14.955  7769  8103 I art     : Starting a blocking GC Explicit
08-04 00:53:14.981  7769 10867 I NAPPA_EXPERIMENTATION: MetricNetworkRequestExecutionTime: REQUEST_DURATION_SYSTEM='318',REQUEST_DURATION_OKHTTP='137',REQUEST_SYNCHRONOUS='TRUE',RESPONSE_CODE='200',RESPONSE_METHOD='GET',RESPONSE_LENGTH_OKHTTP='-1',RESPONSE_LENGTH_HEADER='45890',REQUEST_PROTOCOL='h2',REQUEST_URL='https://oauth.reddit.com/comments/hzejrd/.json?sort=confidence',
08-04 00:53:14.982  7769 10867 D OK      : request got status: 200
08-04 00:53:14.990  7769 10749 I CommentListingActivity: COMMENTS session changed to abd40e7d-ce6d-4368-95f1-0833d04faa43
08-04 00:53:14.999  7769  8103 I art     : Explicit concurrent mark sweep GC freed 658(66KB) AllocSpace objects, 0(0B) LOS objects, 29% free, 37MB/53MB, paused 1.106ms total 43.297ms
08-04 00:53:15.007   380   380 W SurfaceFlinger: couldn't log to binary event log: overflow.
08-04 00:53:15.180   512  2967 D audio_hw_primary: disable_audio_route: reset and update mixer path: low-latency-playback speaker
08-04 00:53:15.183   512  2967 D audio_hw_primary: disable_snd_device: snd_device(2: speaker)
08-04 00:53:15.190   512  2967 I soundtrigger: audio_extn_sound_trigger_update_device_status: device 0x2 of type 0 for Event 0
08-04 00:53:15.314  7769  9989 I art     : Starting a blocking GC Explicit
08-04 00:53:15.343  4731  4731 I ServiceManager: Waiting for service AtCmdFwd...
08-04 00:53:15.374  7769  9989 I art     : Explicit concurrent mark sweep GC freed 41885(2MB) AllocSpace objects, 3(156KB) LOS objects, 29% free, 39MB/55MB, paused 471us total 59.583ms
08-04 00:53:15.394  7769  9989 I art     : Starting a blocking GC Explicit
08-04 00:53:15.446  7769  9989 I art     : Explicit concurrent mark sweep GC freed 166(6KB) AllocSpace objects, 0(0B) LOS objects, 29% free, 39MB/55MB, paused 452us total 51.407ms
08-04 00:53:15.465  7769  9989 I art     : Starting a blocking GC Explicit
08-04 00:53:15.520  7769  9989 I art     : Explicit concurrent mark sweep GC freed 3(96B) AllocSpace objects, 0(0B) LOS objects, 29% free, 39MB/55MB, paused 468us total 54.115ms
08-04 00:53:15.540  7769  9989 I art     : Starting a blocking GC Explicit
08-04 00:53:15.598   918  3188 I hubconnection: sensorhub said: 'set_bias 3: -14.4000, 0.0000, 0.0000'
08-04 00:53:15.598  7769  9989 I art     : Explicit concurrent mark sweep GC freed 644(31KB) AllocSpace objects, 0(0B) LOS objects, 29% free, 39MB/55MB, paused 472us total 58.477ms
08-04 00:53:15.620  7769  9989 I art     : Starting a blocking GC Explicit
08-04 00:53:15.674  7769  9989 I art     : Explicit concurrent mark sweep GC freed 3(96B) AllocSpace objects, 0(0B) LOS objects, 29% free, 39MB/55MB, paused 459us total 54.162ms
08-04 00:53:16.012  7769  7797 I art     : Starting a blocking GC Explicit
08-04 00:53:16.089  7769  7797 I art     : Explicit concurrent mark sweep GC freed 1394(84KB) AllocSpace objects, 1(20KB) LOS objects, 29% free, 39MB/55MB, paused 680us total 75.660ms
08-04 00:53:16.113  7769  7797 I art     : Starting a blocking GC Explicit
08-04 00:53:16.176  7769  7797 I art     : Explicit concurrent mark sweep GC freed 66(2528B) AllocSpace objects, 0(0B) LOS objects, 29% free, 39MB/55MB, paused 517us total 62.811ms
08-04 00:53:16.197  7769  7797 I art     : Starting a blocking GC Explicit
08-04 00:53:16.263  7769  7797 I art     : Explicit concurrent mark sweep GC freed 3(96B) AllocSpace objects, 0(0B) LOS objects, 29% free, 39MB/55MB, paused 555us total 65.890ms
08-04 00:53:16.284  7769  7797 I art     : Starting a blocking GC Explicit
08-04 00:53:16.344  4731  4731 I ServiceManager: Waiting for service AtCmdFwd...
08-04 00:53:16.354  7769  7797 I art     : Explicit concurrent mark sweep GC freed 3(96B) AllocSpace objects, 0(0B) LOS objects, 29% free, 39MB/55MB, paused 539us total 69.160ms
08-04 00:53:16.375  7769  7797 I art     : Starting a blocking GC Explicit
08-04 00:53:16.441  7769  7797 I art     : Explicit concurrent mark sweep GC freed 3(96B) AllocSpace objects, 0(0B) LOS objects, 29% free, 39MB/55MB, paused 504us total 65.049ms
08-04 00:53:16.804  7769  7780 I art     : Starting a blocking GC Explicit
08-04 00:53:16.886  7769  7780 I art     : Explicit concurrent mark sweep GC freed 1358(82KB) AllocSpace objects, 1(20KB) LOS objects, 29% free, 39MB/55MB, paused 575us total 81.681ms
08-04 00:53:16.910  7769  7780 I art     : Starting a blocking GC Explicit
08-04 00:53:16.976  7769  7780 I art     : Explicit concurrent mark sweep GC freed 20(704B) AllocSpace objects, 0(0B) LOS objects, 29% free, 39MB/55MB, paused 549us total 65.989ms
08-04 00:53:16.998  7769  7780 I art     : Starting a blocking GC Explicit
08-04 00:53:17.074  7769  7780 I art     : Explicit concurrent mark sweep GC freed 3(96B) AllocSpace objects, 0(0B) LOS objects, 29% free, 39MB/55MB, paused 538us total 75.848ms
08-04 00:53:17.074  7769  7779 I art     : WaitForGcToComplete blocked for 59.386ms for cause HeapTrim
08-04 00:53:17.100  7769  7780 I art     : Starting a blocking GC Explicit
08-04 00:53:17.173  7769  7780 I art     : Explicit concurrent mark sweep GC freed 3(96B) AllocSpace objects, 0(0B) LOS objects, 29% free, 39MB/55MB, paused 585us total 73.190ms
08-04 00:53:17.198  7769  7780 I art     : Starting a blocking GC Explicit
08-04 00:53:17.268  7769  7780 I art     : Explicit concurrent mark sweep GC freed 3(96B) AllocSpace objects, 0(0B) LOS objects, 29% free, 39MB/55MB, paused 572us total 69.758ms
08-04 00:53:17.344  4731  4731 I ServiceManager: Waiting for service AtCmdFwd...
08-04 00:53:17.629  7769  8103 I art     : Starting a blocking GC Explicit
08-04 00:53:17.706  7769  8103 I art     : Explicit concurrent mark sweep GC freed 1356(82KB) AllocSpace objects, 1(20KB) LOS objects, 29% free, 39MB/55MB, paused 602us total 75.961ms
08-04 00:53:17.729  7769  8103 I art     : Starting a blocking GC Explicit
08-04 00:53:17.800  7769  8103 I art     : Explicit concurrent mark sweep GC freed 20(704B) AllocSpace objects, 0(0B) LOS objects, 29% free, 39MB/55MB, paused 512us total 69.859ms
08-04 00:53:17.821  7769  8103 I art     : Starting a blocking GC Explicit
08-04 00:53:17.888  7769  8103 I art     : Explicit concurrent mark sweep GC freed 3(96B) AllocSpace objects, 0(0B) LOS objects, 29% free, 39MB/55MB, paused 575us total 66.403ms
08-04 00:53:17.908  7769  8103 I art     : Starting a blocking GC Explicit
08-04 00:53:17.969  7769  8103 I art     : Explicit concurrent mark sweep GC freed 3(96B) AllocSpace objects, 0(0B) LOS objects, 29% free, 39MB/55MB, paused 499us total 60.572ms
08-04 00:53:17.990  7769  8103 I art     : Starting a blocking GC Explicit
08-04 00:53:18.058  7769  8103 I art     : Explicit concurrent mark sweep GC freed 3(96B) AllocSpace objects, 0(0B) LOS objects, 29% free, 39MB/55MB, paused 697us total 67.795ms
08-04 00:53:18.345  4731  4731 I ServiceManager: Waiting for service AtCmdFwd...
08-04 00:53:18.430  7769  7781 I art     : Starting a blocking GC Explicit
08-04 00:53:18.518  7769  7781 I art     : Explicit concurrent mark sweep GC freed 1354(82KB) AllocSpace objects, 1(20KB) LOS objects, 29% free, 39MB/55MB, paused 687us total 87.775ms
08-04 00:53:18.546  7769  7781 I art     : Starting a blocking GC Explicit
08-04 00:53:18.623  7769  7781 I art     : Explicit concurrent mark sweep GC freed 20(704B) AllocSpace objects, 0(0B) LOS objects, 29% free, 39MB/55MB, paused 552us total 76.535ms
08-04 00:53:18.646  7769  7781 I art     : Starting a blocking GC Explicit
08-04 00:53:18.717  7769  7781 I art     : Explicit concurrent mark sweep GC freed 3(96B) AllocSpace objects, 0(0B) LOS objects, 29% free, 39MB/55MB, paused 540us total 70.840ms
08-04 00:53:18.741  7769  7781 I art     : Starting a blocking GC Explicit
08-04 00:53:18.807  7769  7781 I art     : Explicit concurrent mark sweep GC freed 3(96B) AllocSpace objects, 0(0B) LOS objects, 29% free, 39MB/55MB, paused 627us total 65.784ms
08-04 00:53:18.829  7769  7781 I art     : Starting a blocking GC Explicit
08-04 00:53:18.901  7769  7781 I art     : Explicit concurrent mark sweep GC freed 3(96B) AllocSpace objects, 0(0B) LOS objects, 29% free, 39MB/55MB, paused 590us total 72.299ms
08-04 00:53:19.263  7769  9989 I art     : Starting a blocking GC Explicit
08-04 00:53:19.346  4731  4731 W Atfwd_Sendcmd: AtCmdFwd service not published, waiting... retryCnt : 1
08-04 00:53:19.349  7769  9989 I art     : Explicit concurrent mark sweep GC freed 1355(83KB) AllocSpace objects, 1(20KB) LOS objects, 29% free, 39MB/55MB, paused 637us total 85.552ms
08-04 00:53:19.375  7769  9989 I art     : Starting a blocking GC Explicit
08-04 00:53:19.445  7769  9989 I art     : Explicit concurrent mark sweep GC freed 20(704B) AllocSpace objects, 0(0B) LOS objects, 29% free, 39MB/55MB, paused 496us total 70.561ms
08-04 00:53:19.467  7769  9989 I art     : Starting a blocking GC Explicit
08-04 00:53:19.541  7769  9989 I art     : Explicit concurrent mark sweep GC freed 3(96B) AllocSpace objects, 0(0B) LOS objects, 29% free, 39MB/55MB, paused 551us total 73.813ms
08-04 00:53:19.565  7769  9989 I art     : Starting a blocking GC Explicit
08-04 00:53:19.627  7769 10866 I RedditChangeDataIO: Writing tmp data file at '/data/user/0/baseline.org.quantumbadger.redreader/files/rr_change_data_tmp.dat'
08-04 00:53:19.628  7769 10866 I RedditChangeDataManager: Taking snapshot...
08-04 00:53:19.628  7769 10866 I RedditChangeDataManager: Writing to stream...
08-04 00:53:19.628  7769 10866 I RedditChangeDataManager: Wrote 6 entries for user ''
08-04 00:53:19.628  7769 10866 I RedditChangeDataManager: All entries written to stream.
08-04 00:53:19.629  7769 10866 I RedditChangeDataIO: Write successful. Atomically replacing data file...
08-04 00:53:19.629  7769 10866 I RedditChangeDataIO: Write complete.
08-04 00:53:19.630  7769 10866 I RedditChangeDataIO: 158 bytes written in 4 ms
08-04 00:53:19.634  7769  9989 I art     : Explicit concurrent mark sweep GC freed 81(4KB) AllocSpace objects, 1(68KB) LOS objects, 29% free, 39MB/55MB, paused 528us total 68.627ms
08-04 00:53:19.655  7769  9989 I art     : Starting a blocking GC Explicit
08-04 00:53:19.726  7769  9989 I art     : Explicit concurrent mark sweep GC freed 14(656B) AllocSpace objects, 0(0B) LOS objects, 29% free, 39MB/55MB, paused 496us total 70.062ms
08-04 00:53:20.090  7769  7797 I art     : Starting a blocking GC Explicit
08-04 00:53:20.158  7769  7797 I art     : Explicit concurrent mark sweep GC freed 1358(83KB) AllocSpace objects, 1(20KB) LOS objects, 29% free, 39MB/55MB, paused 597us total 67.973ms
08-04 00:53:20.184  7769  7797 I art     : Starting a blocking GC Explicit
08-04 00:53:20.251  7769  7797 I art     : Explicit concurrent mark sweep GC freed 255(37KB) AllocSpace objects, 0(0B) LOS objects, 29% free, 39MB/55MB, paused 473us total 66.673ms
08-04 00:53:20.272  7769  7797 I art     : Starting a blocking GC Explicit
08-04 00:53:20.342  7769  7797 I art     : Explicit concurrent mark sweep GC freed 68(2272B) AllocSpace objects, 0(0B) LOS objects, 29% free, 39MB/55MB, paused 462us total 69.877ms
08-04 00:53:20.363  7769  7797 I art     : Starting a blocking GC Explicit
08-04 00:53:20.434  7769  7797 I art     : Explicit concurrent mark sweep GC freed 3(96B) AllocSpace objects, 0(0B) LOS objects, 29% free, 39MB/55MB, paused 497us total 71.005ms
08-04 00:53:20.456  7769  7797 I art     : Starting a blocking GC Explicit
08-04 00:53:20.529  7769  7797 I art     : Explicit concurrent mark sweep GC freed 3(96B) AllocSpace objects, 0(0B) LOS objects, 29% free, 39MB/55MB, paused 544us total 73.106ms
08-04 00:53:20.879  7769  7780 I art     : Starting a blocking GC Explicit
08-04 00:53:20.941  7769  7780 I art     : Explicit concurrent mark sweep GC freed 1356(82KB) AllocSpace objects, 1(20KB) LOS objects, 29% free, 39MB/55MB, paused 480us total 61.376ms
08-04 00:53:20.961  7769  7780 I art     : Starting a blocking GC Explicit
08-04 00:53:21.027  7769  7780 I art     : Explicit concurrent mark sweep GC freed 20(704B) AllocSpace objects, 0(0B) LOS objects, 29% free, 39MB/55MB, paused 580us total 65.013ms
08-04 00:53:21.048  7769  7780 I art     : Starting a blocking GC Explicit
08-04 00:53:21.113  7769  7780 I art     : Explicit concurrent mark sweep GC freed 3(96B) AllocSpace objects, 0(0B) LOS objects, 29% free, 39MB/55MB, paused 508us total 64.611ms
08-04 00:53:21.134  7769  7780 I art     : Starting a blocking GC Explicit
08-04 00:53:21.199  7769  7780 I art     : Explicit concurrent mark sweep GC freed 3(96B) AllocSpace objects, 0(0B) LOS objects, 29% free, 39MB/55MB, paused 530us total 65.467ms
08-04 00:53:21.220  7769  7780 I art     : Starting a blocking GC Explicit
08-04 00:53:21.287  7769  7780 I art     : Explicit concurrent mark sweep GC freed 3(96B) AllocSpace objects, 0(0B) LOS objects, 29% free, 39MB/55MB, paused 502us total 66.284ms
08-04 00:53:21.386 10954 10954 D AndroidRuntime: >>>>>> START com.android.internal.os.RuntimeInit uid 2000 <<<<<<
08-04 00:53:21.393 10954 10954 D AndroidRuntime: CheckJNI is OFF
08-04 00:53:21.440 10954 10954 D ICU     : No timezone override file found: /data/misc/zoneinfo/current/icu/icu_tzdata.dat
08-04 00:53:21.486 10954 10954 I Radio-JNI: register_android_hardware_Radio DONE
08-04 00:53:21.513 10954 10954 D AndroidRuntime: Calling main entry com.android.commands.input.Input
08-04 00:53:21.515 10954 10954 I Input   : injectKeyEvent: KeyEvent { action=ACTION_DOWN, keyCode=KEYCODE_BACK, scanCode=0, metaState=0, flags=0x0, repeatCount=0, eventTime=665617928, downTime=665617928, deviceId=-1, source=0x101 }
08-04 00:53:21.520 10954 10954 I Input   : injectKeyEvent: KeyEvent { action=ACTION_UP, keyCode=KEYCODE_BACK, scanCode=0, metaState=0, flags=0x0, repeatCount=0, eventTime=665617928, downTime=665617928, deviceId=-1, source=0x101 }
08-04 00:53:21.526 10954 10954 D AndroidRuntime: Shutting down VM
08-04 00:53:21.577 13866 13866 I GoogleInputMethodServic: GoogleInputMethodService.onFinishInput():3138 
08-04 00:53:21.578 13866 13866 I GoogleInputMethodServic: GoogleInputMethodService.onStartInput():1808 
08-04 00:53:21.633  7769  7797 I art     : Starting a blocking GC Explicit
08-04 00:53:21.690  7769  7797 I art     : Explicit concurrent mark sweep GC freed 1620(91KB) AllocSpace objects, 1(20KB) LOS objects, 29% free, 39MB/55MB, paused 555us total 56.911ms
08-04 00:53:21.712  7769  7797 I art     : Starting a blocking GC Explicit
08-04 00:53:21.778  7769  7797 I art     : Explicit concurrent mark sweep GC freed 24(864B) AllocSpace objects, 0(0B) LOS objects, 29% free, 39MB/55MB, paused 476us total 65.342ms
08-04 00:53:21.802  7769  7797 I art     : Starting a blocking GC Explicit
08-04 00:53:21.865   518   646 I ThermalEngine: ACTION: GPU - Setting GPU[0] to 510000000
08-04 00:53:21.873  7769  7797 I art     : Explicit concurrent mark sweep GC freed 3(96B) AllocSpace objects, 0(0B) LOS objects, 29% free, 39MB/55MB, paused 429us total 70.792ms
08-04 00:53:21.882   380   380 W SurfaceFlinger: couldn't log to binary event log: overflow.
08-04 00:53:21.898  7769  7797 I art     : Starting a blocking GC Explicit
08-04 00:53:21.945  7769  7797 I art     : Explicit concurrent mark sweep GC freed 65(2384B) AllocSpace objects, 0(0B) LOS objects, 29% free, 39MB/55MB, paused 352us total 46.270ms
08-04 00:53:21.961  7769  7797 I art     : Starting a blocking GC Explicit
08-04 00:53:22.002  7769  7797 I art     : Explicit concurrent mark sweep GC freed 41326(2MB) AllocSpace objects, 5(140KB) LOS objects, 30% free, 36MB/52MB, paused 335us total 40.627ms
08-04 00:53:22.306  7769  7780 I art     : Starting a blocking GC Explicit
08-04 00:53:22.358  7769  7780 I art     : Explicit concurrent mark sweep GC freed 1354(82KB) AllocSpace objects, 1(20KB) LOS objects, 30% free, 36MB/52MB, paused 612us total 51.823ms
08-04 00:53:22.376  7769  7780 I art     : Starting a blocking GC Explicit
08-04 00:53:22.416  7769  7780 I art     : Explicit concurrent mark sweep GC freed 20(704B) AllocSpace objects, 0(0B) LOS objects, 30% free, 36MB/52MB, paused 364us total 40.036ms
08-04 00:53:22.431  7769  7780 I art     : Starting a blocking GC Explicit
08-04 00:53:22.471  7769  7780 I art     : Explicit concurrent mark sweep GC freed 3(96B) AllocSpace objects, 0(0B) LOS objects, 30% free, 36MB/52MB, paused 371us total 40.008ms
08-04 00:53:22.486  7769  7780 I art     : Starting a blocking GC Explicit
08-04 00:53:22.525  7769  7780 I art     : Explicit concurrent mark sweep GC freed 3(96B) AllocSpace objects, 0(0B) LOS objects, 30% free, 36MB/52MB, paused 361us total 39.093ms
08-04 00:53:22.540  7769  7780 I art     : Starting a blocking GC Explicit
08-04 00:53:22.579  7769  7780 I art     : Explicit concurrent mark sweep GC freed 3(96B) AllocSpace objects, 0(0B) LOS objects, 30% free, 36MB/52MB, paused 366us total 38.710ms
08-04 00:53:22.877  7769  8103 I art     : Starting a blocking GC Explicit
08-04 00:53:22.914  7769  8103 I art     : Explicit concurrent mark sweep GC freed 1354(82KB) AllocSpace objects, 1(20KB) LOS objects, 30% free, 36MB/52MB, paused 340us total 37.181ms
08-04 00:53:22.927  7769  8103 I art     : Starting a blocking GC Explicit
08-04 00:53:22.962  7769  8103 I art     : Explicit concurrent mark sweep GC freed 20(704B) AllocSpace objects, 0(0B) LOS objects, 30% free, 36MB/52MB, paused 359us total 34.223ms
08-04 00:53:22.976  7769  8103 I art     : Starting a blocking GC Explicit
08-04 00:53:23.012  7769  8103 I art     : Explicit concurrent mark sweep GC freed 3(96B) AllocSpace objects, 0(0B) LOS objects, 30% free, 36MB/52MB, paused 370us total 35.907ms
08-04 00:53:23.026  7769  8103 I art     : Starting a blocking GC Explicit
08-04 00:53:23.063  7769  8103 I art     : Explicit concurrent mark sweep GC freed 3(96B) AllocSpace objects, 0(0B) LOS objects, 30% free, 36MB/52MB, paused 366us total 36.748ms
08-04 00:53:23.077  7769  8103 I art     : Starting a blocking GC Explicit
08-04 00:53:23.114  7769  8103 I art     : Explicit concurrent mark sweep GC freed 3(96B) AllocSpace objects, 0(0B) LOS objects, 30% free, 36MB/52MB, paused 369us total 37.251ms
08-04 00:53:23.192 10991 10991 D AndroidRuntime: >>>>>> START com.android.internal.os.RuntimeInit uid 2000 <<<<<<
08-04 00:53:23.197 10991 10991 D AndroidRuntime: CheckJNI is OFF
08-04 00:53:23.236 10991 10991 D ICU     : No timezone override file found: /data/misc/zoneinfo/current/icu/icu_tzdata.dat
08-04 00:53:23.276 10991 10991 I Radio-JNI: register_android_hardware_Radio DONE
08-04 00:53:23.298 10991 10991 D AndroidRuntime: Calling main entry com.android.commands.input.Input
08-04 00:53:23.300 10991 10991 I Input   : injectMotionEvent: MotionEvent { action=ACTION_DOWN, actionButton=0, id[0]=0, x[0]=600.0, y[0]=938.0, toolType[0]=TOOL_TYPE_UNKNOWN, buttonState=0, metaState=0, flags=0x0, edgeFlags=0x0, pointerCount=1, historySize=0, eventTime=665619712, downTime=665619712, deviceId=0, source=0x1002 }
08-04 00:53:23.305 10991 10991 I Input   : injectMotionEvent: MotionEvent { action=ACTION_UP, actionButton=0, id[0]=0, x[0]=600.0, y[0]=938.0, toolType[0]=TOOL_TYPE_UNKNOWN, buttonState=0, metaState=0, flags=0x0, edgeFlags=0x0, pointerCount=1, historySize=0, eventTime=665619712, downTime=665619712, deviceId=0, source=0x1002 }
08-04 00:53:23.307 10991 10991 D AndroidRuntime: Shutting down VM
08-04 00:53:23.320   512  2967 D audio_hw_primary: out_set_parameters: enter: usecase(1: low-latency-playback) kvpairs: routing=2
08-04 00:53:23.320   918   928 I ActivityManager: START u0 {dat=https://gfycat.com/... cmp=baseline.org.quantumbadger.redreader/.activities.ImageViewActivity (has extras)} from uid 10666 on display 0
08-04 00:53:23.333   512  2967 D audio_hw_primary: select_devices: out_snd_device(2: speaker) in_snd_device(0: none)
08-04 00:53:23.333   512  2967 D msm8974_platform: platform_send_audio_calibration: sending audio calibration for snd_device(2) acdb_id(15)
08-04 00:53:23.334   512  2967 I soundtrigger: audio_extn_sound_trigger_update_device_status: device 0x2 of type 0 for Event 1
08-04 00:53:23.345  7769  7769 I ImageViewActivity: Loading URL https://gfycat.com/deadlygravecavy
08-04 00:53:23.349   512  2967 D audio_hw_primary: enable_snd_device: snd_device(2: speaker)
08-04 00:53:23.351   512  2967 D audio_hw_primary: enable_audio_route: apply and update mixer path: low-latency-playback speaker
08-04 00:53:23.353  7769 10749 I ImageViewActivity: Got image URL: https://giant.gfycat.com/DeadlyGraveCavy.mp4
08-04 00:53:23.353  7769 10749 I ImageViewActivity: Got image Type: video/mp4
08-04 00:53:23.354  7769 10749 I ImageViewActivity: Got media Type: VIDEO
08-04 00:53:23.354  7769 10749 I ImageViewActivity: Media type VIDEO detected
08-04 00:53:23.357  7769 10749 I ImageViewActivity: Proceeding with download
08-04 00:53:23.361  7769 11022 D OK      : calling: https://giant.gfycat.com/DeadlyGraveCavy.mp4
08-04 00:53:23.403 13866 13866 I GoogleInputMethodServic: GoogleInputMethodService.onFinishInput():3138 
08-04 00:53:23.403 13866 13866 I GoogleInputMethodServic: GoogleInputMethodService.onStartInput():1808 
08-04 00:53:23.418  7769  7780 I art     : Starting a blocking GC Explicit
08-04 00:53:23.430   918   936 I ActivityManager: Displayed baseline.org.quantumbadger.redreader/.activities.ImageViewActivity: +100ms
08-04 00:53:23.459  7769  7780 I art     : Explicit concurrent mark sweep GC freed 3919(272KB) AllocSpace objects, 1(20KB) LOS objects, 30% free, 36MB/52MB, paused 558us total 40.639ms
08-04 00:53:23.477  7769  7780 I art     : Starting a blocking GC Explicit
08-04 00:53:23.510  7769  7780 I art     : Explicit concurrent mark sweep GC freed 270(13KB) AllocSpace objects, 0(0B) LOS objects, 30% free, 36MB/52MB, paused 389us total 32.856ms
08-04 00:53:23.524  7769  7780 I art     : Starting a blocking GC Explicit
08-04 00:53:23.559  7769  7780 I art     : Explicit concurrent mark sweep GC freed 9(400B) AllocSpace objects, 0(0B) LOS objects, 30% free, 36MB/52MB, paused 419us total 34.372ms
08-04 00:53:23.573  7769  7780 I art     : Starting a blocking GC Explicit
08-04 00:53:23.618  7769  7780 I art     : Explicit concurrent mark sweep GC freed 1683(66KB) AllocSpace objects, 0(0B) LOS objects, 30% free, 36MB/52MB, paused 602us total 44.253ms
08-04 00:53:23.635  7769  7780 I art     : Starting a blocking GC Explicit
08-04 00:53:23.681  7769  7780 I art     : Explicit concurrent mark sweep GC freed 152(5KB) AllocSpace objects, 0(0B) LOS objects, 30% free, 36MB/52MB, paused 430us total 45.736ms
08-04 00:53:23.684   380   380 W SurfaceFlinger: couldn't log to binary event log: overflow.
08-04 00:53:23.736  7769 11022 I NAPPA_EXPERIMENTATION: MetricNetworkRequestExecutionTime: REQUEST_DURATION_SYSTEM='375',REQUEST_DURATION_OKHTTP='145',REQUEST_SYNCHRONOUS='TRUE',RESPONSE_CODE='200',RESPONSE_METHOD='GET',RESPONSE_LENGTH_OKHTTP='1942309',RESPONSE_LENGTH_HEADER='1942309',REQUEST_PROTOCOL='h2',REQUEST_URL='https://giant.gfycat.com/DeadlyGraveCavy.mp4',
08-04 00:53:23.736  7769 11022 D OK      : request got status: 200
08-04 00:53:23.889   512  2967 D audio_hw_primary: disable_audio_route: reset and update mixer path: low-latency-playback speaker
08-04 00:53:23.890   512  2967 D audio_hw_primary: disable_snd_device: snd_device(2: speaker)
08-04 00:53:23.900   512  2967 I soundtrigger: audio_extn_sound_trigger_update_device_status: device 0x2 of type 0 for Event 0
08-04 00:53:23.988  7769  7781 I art     : Starting a blocking GC Explicit
08-04 00:53:24.025  7769  7781 I art     : Explicit concurrent mark sweep GC freed 3421(726KB) AllocSpace objects, 1(20KB) LOS objects, 29% free, 37MB/53MB, paused 432us total 36.552ms
08-04 00:53:24.040  7769  7781 I art     : Starting a blocking GC Explicit
08-04 00:53:24.075  7769  7781 I art     : Explicit concurrent mark sweep GC freed 344(308KB) AllocSpace objects, 1(68KB) LOS objects, 30% free, 37MB/53MB, paused 507us total 35.510ms
08-04 00:53:24.077  7769  7769 I ImageViewActivity: Playing video using ExoPlayer
08-04 00:53:24.089  7769  7781 I art     : Starting a blocking GC Explicit
08-04 00:53:24.106  7769  7769 I ExoPlayerImpl: Init c6651cb [ExoPlayerLib/2.10.8] [angler, Nexus 6P, Huawei, 23]
08-04 00:53:24.130  7769  7781 I art     : Explicit concurrent mark sweep GC freed 1747(217KB) AllocSpace objects, 1(68KB) LOS objects, 29% free, 37MB/53MB, paused 1.063ms total 40.023ms
08-04 00:53:24.144  7769  7781 I art     : Starting a blocking GC Explicit
08-04 00:53:24.190  7769  7781 W art     : Suspending all threads took: 5.713ms
08-04 00:53:24.197  7769  7781 I art     : Explicit concurrent mark sweep GC freed 2246(257KB) AllocSpace objects, 4(168KB) LOS objects, 29% free, 38MB/54MB, paused 10.494ms total 52.435ms
08-04 00:53:24.210  7769  7781 I art     : Starting a blocking GC Explicit
08-04 00:53:24.213  7769 11037 W VideoCapabilities: Unrecognized profile 2130706433 for video/avc
08-04 00:53:24.236  7769 11037 I VideoCapabilities: Unsupported profile 4 for video/mp4v-es
08-04 00:53:24.246  7769 11040 I OMXClient: Using client-side OMX mux.
08-04 00:53:24.250  7769  7781 I art     : Explicit concurrent mark sweep GC freed 5517(245KB) AllocSpace objects, 0(0B) LOS objects, 29% free, 38MB/54MB, paused 571us total 39.394ms
08-04 00:53:24.318   512 12932 I OMX-VDEC-1080P: component_init: OMX.qcom.video.decoder.avc : fd=49
08-04 00:53:24.318   512 12932 I OMX-VDEC-1080P: Capabilities: driver_name = msm_vidc_driver, card = msm_vdec_8974, bus_info = , version = 1, capabilities = 4003000
08-04 00:53:24.323   512 12932 I OMX-VDEC-1080P: Enabling default extradata for OMX.qcom.video.decoder.avc
08-04 00:53:24.326   512 12932 I OMX-VDEC-1080P: omx_vdec::component_init() success : fd=49
08-04 00:53:24.329  7769 11039 I MediaCodec: [OMX.qcom.video.decoder.avc] setting surface generation to 7955457
08-04 00:53:24.330   512 15071 E OMX-VDEC-1080P: Extension: OMX.google.android.index.storeANWBufferInMetadata not implemented
08-04 00:53:24.347  4731  4731 I ServiceManager: Waiting for service AtCmdFwd...
08-04 00:53:24.354  7769 11040 D SurfaceUtils: set up nativeWindow 0x7f7a606610 for 360x306, color 0x7fa30c04, rotation 0, usage 0x42002900
08-04 00:53:24.388  7769 11040 D SurfaceUtils: set up nativeWindow 0x7f7a606610 for 368x320, color 0x7fa30c04, rotation 0, usage 0x42002900
08-04 00:53:24.569  7769  8103 I art     : Starting a blocking GC Explicit
08-04 00:53:24.613  7769  8103 I art     : Explicit concurrent mark sweep GC freed 1800(148KB) AllocSpace objects, 2(88KB) LOS objects, 28% free, 40MB/56MB, paused 420us total 44.074ms
08-04 00:53:24.629  7769  8103 I art     : Starting a blocking GC Explicit
08-04 00:53:24.670  7769  8103 I art     : Explicit concurrent mark sweep GC freed 44(1664B) AllocSpace objects, 0(0B) LOS objects, 28% free, 40MB/56MB, paused 400us total 40.905ms
08-04 00:53:24.684  7769  8103 I art     : Starting a blocking GC Explicit
08-04 00:53:24.724  7769  8103 I art     : Explicit concurrent mark sweep GC freed 24(864B) AllocSpace objects, 0(0B) LOS objects, 28% free, 40MB/56MB, paused 429us total 39.862ms
08-04 00:53:24.739  7769  8103 I art     : Starting a blocking GC Explicit
08-04 00:53:24.780  7769  8103 I art     : Explicit concurrent mark sweep GC freed 23(832B) AllocSpace objects, 0(0B) LOS objects, 28% free, 40MB/56MB, paused 416us total 40.161ms
08-04 00:53:24.794  7769  8103 I art     : Starting a blocking GC Explicit
08-04 00:53:24.834  7769  8103 I art     : Explicit concurrent mark sweep GC freed 21(784B) AllocSpace objects, 0(0B) LOS objects, 28% free, 40MB/56MB, paused 412us total 39.474ms
08-04 00:53:24.871   518   646 I ThermalEngine: ACTION: GPU - Setting GPU[0] to 450000000
08-04 00:53:25.206  7769  7781 I art     : Starting a blocking GC Explicit
08-04 00:53:25.261  7769  7781 I art     : Explicit concurrent mark sweep GC freed 1490(87KB) AllocSpace objects, 1(20KB) LOS objects, 28% free, 40MB/56MB, paused 556us total 54.526ms
08-04 00:53:25.280  7769  7781 I art     : Starting a blocking GC Explicit
08-04 00:53:25.333  7769  7781 I art     : Explicit concurrent mark sweep GC freed 43(1600B) AllocSpace objects, 0(0B) LOS objects, 28% free, 40MB/56MB, paused 604us total 52.354ms
08-04 00:53:25.347  4731  4731 I ServiceManager: Waiting for service AtCmdFwd...
08-04 00:53:25.352  7769  7781 I art     : Starting a blocking GC Explicit
08-04 00:53:25.403  7769  7781 I art     : Explicit concurrent mark sweep GC freed 31(1168B) AllocSpace objects, 0(0B) LOS objects, 28% free, 40MB/56MB, paused 512us total 50.684ms
08-04 00:53:25.423  7769  7781 I art     : Starting a blocking GC Explicit
08-04 00:53:25.474  7769  7781 I art     : Explicit concurrent mark sweep GC freed 25(928B) AllocSpace objects, 0(0B) LOS objects, 28% free, 40MB/56MB, paused 588us total 50.848ms
08-04 00:53:25.494  7769  7781 I art     : Starting a blocking GC Explicit
08-04 00:53:25.547  7769  7781 I art     : Explicit concurrent mark sweep GC freed 25(928B) AllocSpace objects, 0(0B) LOS objects, 28% free, 40MB/56MB, paused 575us total 52.029ms
08-04 00:53:25.898  7769  9989 I art     : Starting a blocking GC Explicit
08-04 00:53:25.953  7769  9989 I art     : Explicit concurrent mark sweep GC freed 1486(87KB) AllocSpace objects, 1(20KB) LOS objects, 28% free, 40MB/56MB, paused 560us total 54.333ms
08-04 00:53:25.974  7769  9989 I art     : Starting a blocking GC Explicit
08-04 00:53:26.026  7769  9989 I art     : Explicit concurrent mark sweep GC freed 42(1536B) AllocSpace objects, 0(0B) LOS objects, 28% free, 40MB/56MB, paused 577us total 51.865ms
08-04 00:53:26.045  7769  9989 I art     : Starting a blocking GC Explicit
08-04 00:53:26.096  7769  9989 I art     : Explicit concurrent mark sweep GC freed 33(1152B) AllocSpace objects, 0(0B) LOS objects, 28% free, 40MB/56MB, paused 516us total 50.214ms
08-04 00:53:26.114  7769  9989 I art     : Starting a blocking GC Explicit
08-04 00:53:26.166  7769  9989 I art     : Explicit concurrent mark sweep GC freed 23(912B) AllocSpace objects, 0(0B) LOS objects, 28% free, 40MB/56MB, paused 552us total 51.823ms
08-04 00:53:26.185  7769  9989 I art     : Starting a blocking GC Explicit
08-04 00:53:26.235  7769  9989 I art     : Explicit concurrent mark sweep GC freed 26(992B) AllocSpace objects, 0(0B) LOS objects, 28% free, 40MB/56MB, paused 492us total 49.798ms
08-04 00:53:26.348  4731  4731 I ServiceManager: Waiting for service AtCmdFwd...
08-04 00:53:26.588  7769  9989 I art     : Starting a blocking GC Explicit
08-04 00:53:26.641  7769  9989 I art     : Explicit concurrent mark sweep GC freed 1488(88KB) AllocSpace objects, 1(20KB) LOS objects, 28% free, 40MB/56MB, paused 545us total 52.854ms
08-04 00:53:26.661  7769  9989 I art     : Starting a blocking GC Explicit
08-04 00:53:26.713  7769  9989 I art     : Explicit concurrent mark sweep GC freed 50(1792B) AllocSpace objects, 0(0B) LOS objects, 28% free, 40MB/56MB, paused 532us total 52.302ms
08-04 00:53:26.733  7769  9989 I art     : Starting a blocking GC Explicit
08-04 00:53:26.787  7769  9989 I art     : Explicit concurrent mark sweep GC freed 25(928B) AllocSpace objects, 0(0B) LOS objects, 28% free, 40MB/56MB, paused 528us total 53.339ms
08-04 00:53:26.807  7769  9989 I art     : Starting a blocking GC Explicit
08-04 00:53:26.860  7769  9989 I art     : Explicit concurrent mark sweep GC freed 29(1040B) AllocSpace objects, 0(0B) LOS objects, 28% free, 40MB/56MB, paused 534us total 53.011ms
08-04 00:53:26.879  7769  9989 I art     : Starting a blocking GC Explicit
08-04 00:53:26.929  7769  9989 I art     : Explicit concurrent mark sweep GC freed 25(928B) AllocSpace objects, 0(0B) LOS objects, 28% free, 40MB/56MB, paused 565us total 49.490ms
08-04 00:53:27.293  7769  7797 I art     : Starting a blocking GC Explicit
08-04 00:53:27.348  7769  7797 I art     : Explicit concurrent mark sweep GC freed 1491(88KB) AllocSpace objects, 1(20KB) LOS objects, 28% free, 40MB/56MB, paused 682us total 54.867ms
08-04 00:53:27.349  4731  4731 I ServiceManager: Waiting for service AtCmdFwd...
08-04 00:53:27.368  7769  7797 I art     : Starting a blocking GC Explicit
08-04 00:53:27.420  7769  7797 I art     : Explicit concurrent mark sweep GC freed 42(1536B) AllocSpace objects, 0(0B) LOS objects, 28% free, 40MB/56MB, paused 590us total 52.023ms
08-04 00:53:27.421  7769  7779 I art     : WaitForGcToComplete blocked for 52.427ms for cause HeapTrim
08-04 00:53:27.440  7769  7797 I art     : Starting a blocking GC Explicit
08-04 00:53:27.493  7769  7797 I art     : Explicit concurrent mark sweep GC freed 31(1136B) AllocSpace objects, 0(0B) LOS objects, 28% free, 40MB/56MB, paused 515us total 52.465ms
08-04 00:53:27.512  7769  7797 I art     : Starting a blocking GC Explicit
08-04 00:53:27.565  7769  7797 I art     : Explicit concurrent mark sweep GC freed 28(1008B) AllocSpace objects, 0(0B) LOS objects, 28% free, 40MB/56MB, paused 584us total 52.705ms
08-04 00:53:27.585  7769  7797 I art     : Starting a blocking GC Explicit
08-04 00:53:27.637  7769  7797 I art     : Explicit concurrent mark sweep GC freed 23(912B) AllocSpace objects, 0(0B) LOS objects, 28% free, 40MB/56MB, paused 558us total 51.918ms
08-04 00:53:27.995  7769  7797 I art     : Starting a blocking GC Explicit
08-04 00:53:28.051  7769  7797 I art     : Explicit concurrent mark sweep GC freed 1501(88KB) AllocSpace objects, 1(20KB) LOS objects, 28% free, 40MB/56MB, paused 611us total 56.051ms
08-04 00:53:28.072  7769  7797 I art     : Starting a blocking GC Explicit
08-04 00:53:28.122  7769  7797 I art     : Explicit concurrent mark sweep GC freed 42(1536B) AllocSpace objects, 0(0B) LOS objects, 28% free, 40MB/56MB, paused 516us total 50.088ms
08-04 00:53:28.142  7769  7797 I art     : Starting a blocking GC Explicit
08-04 00:53:28.195  7769  7797 I art     : Explicit concurrent mark sweep GC freed 29(1072B) AllocSpace objects, 0(0B) LOS objects, 28% free, 40MB/56MB, paused 559us total 52.580ms
08-04 00:53:28.215  7769  7797 I art     : Starting a blocking GC Explicit
08-04 00:53:28.266  7769  7797 I art     : Explicit concurrent mark sweep GC freed 25(928B) AllocSpace objects, 0(0B) LOS objects, 28% free, 40MB/56MB, paused 550us total 50.489ms
08-04 00:53:28.285  7769  7797 I art     : Starting a blocking GC Explicit
08-04 00:53:28.330  7769 11017 I RedditChangeDataIO: Writing tmp data file at '/data/user/0/baseline.org.quantumbadger.redreader/files/rr_change_data_tmp.dat'
08-04 00:53:28.331  7769 11017 I RedditChangeDataManager: Taking snapshot...
08-04 00:53:28.331  7769 11017 I RedditChangeDataManager: Writing to stream...
08-04 00:53:28.331  7769 11017 I RedditChangeDataManager: Wrote 6 entries for user ''
08-04 00:53:28.331  7769 11017 I RedditChangeDataManager: All entries written to stream.
08-04 00:53:28.331  7769 11017 I RedditChangeDataIO: Write successful. Atomically replacing data file...
08-04 00:53:28.332  7769 11017 I RedditChangeDataIO: Write complete.
08-04 00:53:28.332  7769 11017 I RedditChangeDataIO: 158 bytes written in 2 ms
08-04 00:53:28.337  7769  7797 I art     : Explicit concurrent mark sweep GC freed 103(5KB) AllocSpace objects, 1(68KB) LOS objects, 28% free, 40MB/56MB, paused 525us total 51.667ms
08-04 00:53:28.349  4731  4731 I ServiceManager: Waiting for service AtCmdFwd...
08-04 00:53:28.721  7769  7781 I art     : Starting a blocking GC Explicit
08-04 00:53:28.775  7769  7781 I art     : Explicit concurrent mark sweep GC freed 1511(88KB) AllocSpace objects, 1(20KB) LOS objects, 28% free, 40MB/56MB, paused 501us total 53.365ms
08-04 00:53:28.794  7769  7781 I art     : Starting a blocking GC Explicit
08-04 00:53:28.844  7769  7781 I art     : Explicit concurrent mark sweep GC freed 50(1760B) AllocSpace objects, 0(0B) LOS objects, 28% free, 40MB/56MB, paused 513us total 50.601ms
08-04 00:53:28.864  7769  7781 I art     : Starting a blocking GC Explicit
08-04 00:53:28.916  7769  7781 I art     : Explicit concurrent mark sweep GC freed 26(992B) AllocSpace objects, 0(0B) LOS objects, 28% free, 40MB/56MB, paused 562us total 51.879ms
08-04 00:53:28.935  7769  7781 I art     : Starting a blocking GC Explicit
08-04 00:53:28.986  7769  7781 I art     : Explicit concurrent mark sweep GC freed 23(912B) AllocSpace objects, 0(0B) LOS objects, 28% free, 40MB/56MB, paused 523us total 51.214ms
08-04 00:53:29.005  7769  7781 I art     : Starting a blocking GC Explicit
08-04 00:53:29.056  7769  7781 I art     : Explicit concurrent mark sweep GC freed 54(2384B) AllocSpace objects, 0(0B) LOS objects, 28% free, 40MB/56MB, paused 488us total 50.424ms
08-04 00:53:29.350  4731  4731 W Atfwd_Sendcmd: AtCmdFwd service not published, waiting... retryCnt : 2
08-04 00:53:29.424  7769  9989 I art     : Starting a blocking GC Explicit
08-04 00:53:29.479  7769  9989 I art     : Explicit concurrent mark sweep GC freed 1652(118KB) AllocSpace objects, 1(20KB) LOS objects, 28% free, 40MB/56MB, paused 545us total 55.115ms
08-04 00:53:29.498  7769  9989 I art     : Starting a blocking GC Explicit
08-04 00:53:29.546  7769  9989 I art     : Explicit concurrent mark sweep GC freed 109(3KB) AllocSpace objects, 0(0B) LOS objects, 28% free, 40MB/56MB, paused 474us total 47.194ms
08-04 00:53:29.565  7769  9989 I art     : Starting a blocking GC Explicit
08-04 00:53:29.614  7769  9989 I art     : Explicit concurrent mark sweep GC freed 23(832B) AllocSpace objects, 0(0B) LOS objects, 28% free, 40MB/56MB, paused 457us total 48.396ms
08-04 00:53:29.633  7769  9989 I art     : Starting a blocking GC Explicit
08-04 00:53:29.679  7769  9989 I art     : Explicit concurrent mark sweep GC freed 27(1024B) AllocSpace objects, 0(0B) LOS objects, 28% free, 40MB/56MB, paused 508us total 46.435ms
08-04 00:53:29.698  7769  9989 I art     : Starting a blocking GC Explicit
08-04 00:53:29.748  7769  9989 I art     : Explicit concurrent mark sweep GC freed 19(720B) AllocSpace objects, 0(0B) LOS objects, 28% free, 40MB/56MB, paused 630us total 49.787ms
08-04 00:53:30.084 11130 11130 D AndroidRuntime: >>>>>> START com.android.internal.os.RuntimeInit uid 2000 <<<<<<
08-04 00:53:30.091 11130 11130 D AndroidRuntime: CheckJNI is OFF
08-04 00:53:30.112  7769  9989 I art     : Starting a blocking GC Explicit
08-04 00:53:30.135 11130 11130 D ICU     : No timezone override file found: /data/misc/zoneinfo/current/icu/icu_tzdata.dat
08-04 00:53:30.164  7769  9989 I art     : Explicit concurrent mark sweep GC freed 1496(87KB) AllocSpace objects, 1(20KB) LOS objects, 28% free, 40MB/56MB, paused 586us total 51.267ms
08-04 00:53:30.179 11130 11130 I Radio-JNI: register_android_hardware_Radio DONE
08-04 00:53:30.183  7769  9989 I art     : Starting a blocking GC Explicit
08-04 00:53:30.209 11130 11130 D AndroidRuntime: Calling main entry com.android.commands.input.Input
08-04 00:53:30.211 11130 11130 I Input   : injectKeyEvent: KeyEvent { action=ACTION_DOWN, keyCode=KEYCODE_BACK, scanCode=0, metaState=0, flags=0x0, repeatCount=0, eventTime=665626624, downTime=665626624, deviceId=-1, source=0x101 }
08-04 00:53:30.217 11130 11130 I Input   : injectKeyEvent: KeyEvent { action=ACTION_UP, keyCode=KEYCODE_BACK, scanCode=0, metaState=0, flags=0x0, repeatCount=0, eventTime=665626624, downTime=665626624, deviceId=-1, source=0x101 }
08-04 00:53:30.225 11130 11130 D AndroidRuntime: Shutting down VM
08-04 00:53:30.234  7769  9989 I art     : Explicit concurrent mark sweep GC freed 57(2080B) AllocSpace objects, 0(0B) LOS objects, 28% free, 40MB/56MB, paused 783us total 50.335ms
08-04 00:53:30.256  7769  9989 I art     : Starting a blocking GC Explicit
08-04 00:53:30.282 13866 13866 I GoogleInputMethodServic: GoogleInputMethodService.onFinishInput():3138 
08-04 00:53:30.283 13866 13866 I GoogleInputMethodServic: GoogleInputMethodService.onStartInput():1808 
08-04 00:53:30.302  7769  9989 I art     : Explicit concurrent mark sweep GC freed 178(6KB) AllocSpace objects, 0(0B) LOS objects, 28% free, 40MB/56MB, paused 625us total 46.148ms
08-04 00:53:30.321  7769  9989 I art     : Starting a blocking GC Explicit
08-04 00:53:30.337  7769 11039 I MediaCodec: [OMX.qcom.video.decoder.avc] setting surface generation to 7955458
08-04 00:53:30.338  7769 11040 D SurfaceUtils: set up nativeWindow 0x7f7a8c2e10 for 368x320, color 0x7fa30c04, rotation 0, usage 0x42002900
08-04 00:53:30.369  7769  9989 I art     : Explicit concurrent mark sweep GC freed 133(4KB) AllocSpace objects, 0(0B) LOS objects, 28% free, 40MB/56MB, paused 585us total 48.553ms
08-04 00:53:30.388  7769  9989 I art     : Starting a blocking GC Explicit
08-04 00:53:30.435  7769  9989 I art     : Explicit concurrent mark sweep GC freed 17(2336B) AllocSpace objects, 0(0B) LOS objects, 28% free, 40MB/56MB, paused 538us total 46.980ms
08-04 00:53:30.588  7769  7769 I ExoPlayerImpl: Release c6651cb [ExoPlayerLib/2.10.8] [angler, Nexus 6P, Huawei, 23] [goog.exo.core, goog.exo.ui]
08-04 00:53:30.591   380   380 W SurfaceFlinger: couldn't log to binary event log: overflow.
08-04 00:53:30.615   512 12837 I OMX-VDEC-1080P: omx_vdec::component_deinit() complete
08-04 00:53:30.617   512 12837 I OMX-VDEC-1080P: Exit OMX vdec Destructor: fd=49
08-04 00:53:30.756  7769  7797 I art     : Starting a blocking GC Explicit
08-04 00:53:30.812  7769  7797 I art     : Explicit concurrent mark sweep GC freed 1833(186KB) AllocSpace objects, 36(2MB) LOS objects, 29% free, 37MB/53MB, paused 584us total 56.107ms
08-04 00:53:30.836  7769  7797 I art     : Starting a blocking GC Explicit
08-04 00:53:30.887  7769  7797 I art     : Explicit concurrent mark sweep GC freed 2908(161KB) AllocSpace objects, 4(200KB) LOS objects, 29% free, 37MB/53MB, paused 498us total 50.508ms
08-04 00:53:30.906  7769  7797 I art     : Starting a blocking GC Explicit
08-04 00:53:30.955  7769  7797 I art     : Explicit concurrent mark sweep GC freed 3(96B) AllocSpace objects, 0(0B) LOS objects, 29% free, 37MB/53MB, paused 499us total 49.454ms
08-04 00:53:30.975  7769  7797 I art     : Starting a blocking GC Explicit
08-04 00:53:31.025  7769  7797 I art     : Explicit concurrent mark sweep GC freed 3(96B) AllocSpace objects, 0(0B) LOS objects, 29% free, 37MB/53MB, paused 484us total 50.506ms
08-04 00:53:31.045  7769  7797 I art     : Starting a blocking GC Explicit
08-04 00:53:31.094  7769  7797 I art     : Explicit concurrent mark sweep GC freed 3(96B) AllocSpace objects, 0(0B) LOS objects, 29% free, 37MB/53MB, paused 492us total 49.278ms
08-04 00:53:31.429  7769  9989 I art     : Starting a blocking GC Explicit
08-04 00:53:31.493  7769  9989 I art     : Explicit concurrent mark sweep GC freed 1354(82KB) AllocSpace objects, 1(20KB) LOS objects, 29% free, 37MB/53MB, paused 525us total 63.717ms
08-04 00:53:31.512  7769  9989 I art     : Starting a blocking GC Explicit
08-04 00:53:31.560  7769  9989 I art     : Explicit concurrent mark sweep GC freed 20(720B) AllocSpace objects, 0(0B) LOS objects, 29% free, 37MB/53MB, paused 477us total 47.671ms
08-04 00:53:31.578  7769  9989 I art     : Starting a blocking GC Explicit
08-04 00:53:31.626  7769  9989 I art     : Explicit concurrent mark sweep GC freed 3(96B) AllocSpace objects, 0(0B) LOS objects, 29% free, 37MB/53MB, paused 476us total 47.284ms
08-04 00:53:31.645  7769  9989 I art     : Starting a blocking GC Explicit
08-04 00:53:31.694  7769  9989 I art     : Explicit concurrent mark sweep GC freed 3(96B) AllocSpace objects, 0(0B) LOS objects, 29% free, 37MB/53MB, paused 477us total 48.843ms
08-04 00:53:31.713  7769  9989 I art     : Starting a blocking GC Explicit
08-04 00:53:31.760  7769  9989 I art     : Explicit concurrent mark sweep GC freed 3(96B) AllocSpace objects, 0(0B) LOS objects, 29% free, 37MB/53MB, paused 485us total 47.259ms
08-04 00:53:32.006 11175 11175 D AndroidRuntime: >>>>>> START com.android.internal.os.RuntimeInit uid 2000 <<<<<<
08-04 00:53:32.012 11175 11175 D AndroidRuntime: CheckJNI is OFF
08-04 00:53:32.055 11175 11175 D ICU     : No timezone override file found: /data/misc/zoneinfo/current/icu/icu_tzdata.dat
08-04 00:53:32.098 11175 11175 I Radio-JNI: register_android_hardware_Radio DONE
08-04 00:53:32.109  7769  7781 I art     : Starting a blocking GC Explicit
08-04 00:53:32.128 11175 11175 D AndroidRuntime: Calling main entry com.android.commands.input.Input
08-04 00:53:32.130 11175 11175 I Input   : injectMotionEvent: MotionEvent { action=ACTION_DOWN, actionButton=0, id[0]=0, x[0]=1340.0, y[0]=1100.0, toolType[0]=TOOL_TYPE_UNKNOWN, buttonState=0, metaState=0, flags=0x0, edgeFlags=0x0, pointerCount=1, historySize=0, eventTime=665628542, downTime=665628542, deviceId=0, source=0x1002 }
08-04 00:53:32.137 11175 11175 I Input   : injectMotionEvent: MotionEvent { action=ACTION_UP, actionButton=0, id[0]=0, x[0]=1340.0, y[0]=1100.0, toolType[0]=TOOL_TYPE_UNKNOWN, buttonState=0, metaState=0, flags=0x0, edgeFlags=0x0, pointerCount=1, historySize=0, eventTime=665628542, downTime=665628542, deviceId=0, source=0x1002 }
08-04 00:53:32.139 11175 11175 D AndroidRuntime: Shutting down VM
08-04 00:53:32.151   918  3961 I ActivityManager: START u0 {dat=https://oauth.reddit.com/... cmp=baseline.org.quantumbadger.redreader/.activities.CommentListingActivity} from uid 10666 on display 0
08-04 00:53:32.152   512  2967 D audio_hw_primary: out_set_parameters: enter: usecase(1: low-latency-playback) kvpairs: routing=2
08-04 00:53:32.160  7769  7781 I art     : Explicit concurrent mark sweep GC freed 1537(88KB) AllocSpace objects, 1(20KB) LOS objects, 29% free, 37MB/53MB, paused 670us total 50.723ms
08-04 00:53:32.165   512  2967 D audio_hw_primary: select_devices: out_snd_device(2: speaker) in_snd_device(0: none)
08-04 00:53:32.165   512  2967 D msm8974_platform: platform_send_audio_calibration: sending audio calibration for snd_device(2) acdb_id(15)
08-04 00:53:32.165   512  2967 I soundtrigger: audio_extn_sound_trigger_update_device_status: device 0x2 of type 0 for Event 1
08-04 00:53:32.175   512  2967 D audio_hw_primary: enable_snd_device: snd_device(2: speaker)
08-04 00:53:32.176  7769  7769 I AppCompatViewInflater: app:theme is now deprecated. Please move to using android:theme instead.
08-04 00:53:32.177   512  2967 D audio_hw_primary: enable_audio_route: apply and update mixer path: low-latency-playback speaker
08-04 00:53:32.180  7769  7781 I art     : Starting a blocking GC Explicit
08-04 00:53:32.198  7769 10749 I CommentListingActivity: COMMENTS session changed to abd40e7d-ce6d-4368-95f1-0833d04faa43
08-04 00:53:32.229  7769  7781 I art     : Explicit concurrent mark sweep GC freed 3425(218KB) AllocSpace objects, 0(0B) LOS objects, 29% free, 38MB/54MB, paused 997us total 48.085ms
08-04 00:53:32.247  7769  7781 I art     : Starting a blocking GC Explicit
08-04 00:53:32.283   918   936 I ActivityManager: Displayed baseline.org.quantumbadger.redreader/.activities.CommentListingActivity: +122ms
08-04 00:53:32.289 13866 13866 I GoogleInputMethodServic: GoogleInputMethodService.onFinishInput():3138 
08-04 00:53:32.289 13866 13866 I GoogleInputMethodServic: GoogleInputMethodService.onStartInput():1808 
08-04 00:53:32.303  7769  7781 I art     : Explicit concurrent mark sweep GC freed 8614(435KB) AllocSpace objects, 0(0B) LOS objects, 29% free, 39MB/55MB, paused 1.196ms total 55.634ms
08-04 00:53:32.324  7769  7781 I art     : Starting a blocking GC Explicit
08-04 00:53:32.386  7769  7781 I art     : Explicit concurrent mark sweep GC freed 13645(767KB) AllocSpace objects, 0(0B) LOS objects, 28% free, 39MB/55MB, paused 611us total 62.312ms
08-04 00:53:32.407  7769  7781 I art     : Starting a blocking GC Explicit
08-04 00:53:32.480  7769  7781 I art     : Explicit concurrent mark sweep GC freed 7450(401KB) AllocSpace objects, 0(0B) LOS objects, 28% free, 40MB/56MB, paused 1.263ms total 72.245ms
08-04 00:53:32.543   380   380 W SurfaceFlinger: couldn't log to binary event log: overflow.
08-04 00:53:32.718   512  2967 D audio_hw_primary: disable_audio_route: reset and update mixer path: low-latency-playback speaker
08-04 00:53:32.719   512  2967 D audio_hw_primary: disable_snd_device: snd_device(2: speaker)
08-04 00:53:32.729   512  2967 I soundtrigger: audio_extn_sound_trigger_update_device_status: device 0x2 of type 0 for Event 0
08-04 00:53:32.829  7769  7780 I art     : Starting a blocking GC Explicit
08-04 00:53:32.886  7769  7780 I art     : Explicit concurrent mark sweep GC freed 11456(499KB) AllocSpace objects, 1(20KB) LOS objects, 28% free, 39MB/55MB, paused 422us total 56.794ms
08-04 00:53:32.907  7769  7780 I art     : Starting a blocking GC Explicit
08-04 00:53:32.962  7769  7780 I art     : Explicit concurrent mark sweep GC freed 42(2144B) AllocSpace objects, 0(0B) LOS objects, 28% free, 39MB/55MB, paused 474us total 54.651ms
08-04 00:53:32.983  7769  7780 I art     : Starting a blocking GC Explicit
08-04 00:53:33.040  7769  7780 I art     : Explicit concurrent mark sweep GC freed 3(96B) AllocSpace objects, 0(0B) LOS objects, 28% free, 39MB/55MB, paused 526us total 56.969ms
08-04 00:53:33.060  7769  7780 I art     : Starting a blocking GC Explicit
08-04 00:53:33.120  7769  7780 I art     : Explicit concurrent mark sweep GC freed 3(96B) AllocSpace objects, 0(0B) LOS objects, 28% free, 39MB/55MB, paused 491us total 59.412ms
08-04 00:53:33.142  7769  7780 I art     : Starting a blocking GC Explicit
08-04 00:53:33.200  7769  7780 I art     : Explicit concurrent mark sweep GC freed 3(96B) AllocSpace objects, 0(0B) LOS objects, 28% free, 39MB/55MB, paused 429us total 57.363ms
08-04 00:53:33.543  7769  7781 I art     : Starting a blocking GC Explicit
08-04 00:53:33.624  7769  7781 I art     : Explicit concurrent mark sweep GC freed 1354(82KB) AllocSpace objects, 1(20KB) LOS objects, 28% free, 39MB/55MB, paused 540us total 80.618ms
08-04 00:53:33.650  7769  7781 I art     : Starting a blocking GC Explicit
08-04 00:53:33.715  7769  7781 I art     : Explicit concurrent mark sweep GC freed 66(2528B) AllocSpace objects, 0(0B) LOS objects, 28% free, 39MB/55MB, paused 480us total 65.225ms
08-04 00:53:33.737  7769  7781 I art     : Starting a blocking GC Explicit
08-04 00:53:33.809  7769  7781 I art     : Explicit concurrent mark sweep GC freed 3(96B) AllocSpace objects, 0(0B) LOS objects, 28% free, 39MB/55MB, paused 595us total 71.881ms
08-04 00:53:33.832  7769  7781 I art     : Starting a blocking GC Explicit
08-04 00:53:33.905  7769  7781 I art     : Explicit concurrent mark sweep GC freed 3(96B) AllocSpace objects, 0(0B) LOS objects, 28% free, 39MB/55MB, paused 517us total 72.696ms
08-04 00:53:33.927  7769  7781 I art     : Starting a blocking GC Explicit
08-04 00:53:34.008  7769  7781 I art     : Explicit concurrent mark sweep GC freed 3(96B) AllocSpace objects, 0(0B) LOS objects, 28% free, 39MB/55MB, paused 612us total 80.816ms
08-04 00:53:34.386  7769  8103 I art     : Starting a blocking GC Explicit
08-04 00:53:34.474  7769  8103 I art     : Explicit concurrent mark sweep GC freed 1354(82KB) AllocSpace objects, 1(20KB) LOS objects, 28% free, 39MB/55MB, paused 585us total 87.803ms
08-04 00:53:34.497  7769  8103 I art     : Starting a blocking GC Explicit
08-04 00:53:34.570  7769  8103 I art     : Explicit concurrent mark sweep GC freed 20(720B) AllocSpace objects, 0(0B) LOS objects, 28% free, 39MB/55MB, paused 532us total 72.701ms
08-04 00:53:34.592  7769  8103 I art     : Starting a blocking GC Explicit
08-04 00:53:34.664  7769  8103 I art     : Explicit concurrent mark sweep GC freed 3(96B) AllocSpace objects, 0(0B) LOS objects, 28% free, 39MB/55MB, paused 557us total 71.342ms
08-04 00:53:34.685  7769  8103 I art     : Starting a blocking GC Explicit
08-04 00:53:34.764  7769  8103 I art     : Explicit concurrent mark sweep GC freed 3(96B) AllocSpace objects, 0(0B) LOS objects, 28% free, 39MB/55MB, paused 652us total 78.418ms
08-04 00:53:34.788  7769  8103 I art     : Starting a blocking GC Explicit
08-04 00:53:34.863  7769  8103 I art     : Explicit concurrent mark sweep GC freed 3(96B) AllocSpace objects, 0(0B) LOS objects, 28% free, 39MB/55MB, paused 550us total 74.983ms
08-04 00:53:35.228  7769  9989 I art     : Starting a blocking GC Explicit
08-04 00:53:35.307  7769  9989 I art     : Explicit concurrent mark sweep GC freed 1354(82KB) AllocSpace objects, 1(20KB) LOS objects, 28% free, 39MB/55MB, paused 567us total 78.692ms
08-04 00:53:35.331  7769  9989 I art     : Starting a blocking GC Explicit
08-04 00:53:35.403  7769  9989 I art     : Explicit concurrent mark sweep GC freed 20(704B) AllocSpace objects, 0(0B) LOS objects, 28% free, 39MB/55MB, paused 545us total 71.374ms
08-04 00:53:35.424  7769  9989 I art     : Starting a blocking GC Explicit
08-04 00:53:35.501  7769  9989 I art     : Explicit concurrent mark sweep GC freed 3(96B) AllocSpace objects, 0(0B) LOS objects, 28% free, 39MB/55MB, paused 517us total 76.247ms
08-04 00:53:35.522  7769  9989 I art     : Starting a blocking GC Explicit
08-04 00:53:35.599  7769  9989 I art     : Explicit concurrent mark sweep GC freed 3(96B) AllocSpace objects, 0(0B) LOS objects, 28% free, 39MB/55MB, paused 575us total 76.427ms
08-04 00:53:35.623  7769  9989 I art     : Starting a blocking GC Explicit
08-04 00:53:35.696  7769  9989 I art     : Explicit concurrent mark sweep GC freed 3(96B) AllocSpace objects, 0(0B) LOS objects, 28% free, 39MB/55MB, paused 512us total 72.992ms
08-04 00:53:36.074  7769  7780 I art     : Starting a blocking GC Explicit
08-04 00:53:36.160  7769  7780 I art     : Explicit concurrent mark sweep GC freed 1354(82KB) AllocSpace objects, 1(20KB) LOS objects, 28% free, 39MB/55MB, paused 540us total 85.731ms
08-04 00:53:36.184  7769  7780 I art     : Starting a blocking GC Explicit
08-04 00:53:36.256  7769  7780 I art     : Explicit concurrent mark sweep GC freed 20(720B) AllocSpace objects, 0(0B) LOS objects, 28% free, 39MB/55MB, paused 516us total 71.683ms
08-04 00:53:36.278  7769  7780 I art     : Starting a blocking GC Explicit
08-04 00:53:36.351  7769  7780 I art     : Explicit concurrent mark sweep GC freed 3(96B) AllocSpace objects, 0(0B) LOS objects, 28% free, 39MB/55MB, paused 469us total 72.799ms
08-04 00:53:36.372  7769  7780 I art     : Starting a blocking GC Explicit
08-04 00:53:36.438  7769  7780 I art     : Explicit concurrent mark sweep GC freed 3(96B) AllocSpace objects, 0(0B) LOS objects, 28% free, 39MB/55MB, paused 484us total 65.349ms
08-04 00:53:36.459  7769  7780 I art     : Starting a blocking GC Explicit
08-04 00:53:36.520  7769  7780 I art     : Explicit concurrent mark sweep GC freed 3(96B) AllocSpace objects, 0(0B) LOS objects, 28% free, 39MB/55MB, paused 502us total 60.950ms
08-04 00:53:36.880  7769  7797 I art     : Starting a blocking GC Explicit
08-04 00:53:36.890   518   646 I ThermalEngine: ACTION: GPU - Setting GPU[0] to 510000000
08-04 00:53:36.946 11252 11252 D AndroidRuntime: >>>>>> START com.android.internal.os.RuntimeInit uid 2000 <<<<<<
08-04 00:53:36.950  7769  7797 I art     : Explicit concurrent mark sweep GC freed 1354(82KB) AllocSpace objects, 1(20KB) LOS objects, 28% free, 39MB/55MB, paused 403us total 69.293ms
08-04 00:53:36.952 11252 11252 D AndroidRuntime: CheckJNI is OFF
08-04 00:53:36.966  7769  7797 I art     : Starting a blocking GC Explicit
08-04 00:53:36.988 11252 11252 D ICU     : No timezone override file found: /data/misc/zoneinfo/current/icu/icu_tzdata.dat
08-04 00:53:37.017  7769  7797 I art     : Explicit concurrent mark sweep GC freed 20(704B) AllocSpace objects, 0(0B) LOS objects, 28% free, 39MB/55MB, paused 405us total 49.957ms
08-04 00:53:37.021 11252 11252 I Radio-JNI: register_android_hardware_Radio DONE
08-04 00:53:37.032  7769  7797 I art     : Starting a blocking GC Explicit
08-04 00:53:37.044 11252 11252 D AndroidRuntime: Calling main entry com.android.commands.input.Input
08-04 00:53:37.045 11252 11252 I Input   : injectKeyEvent: KeyEvent { action=ACTION_DOWN, keyCode=KEYCODE_BACK, scanCode=0, metaState=0, flags=0x0, repeatCount=0, eventTime=665633458, downTime=665633458, deviceId=-1, source=0x101 }
08-04 00:53:37.051 11252 11252 I Input   : injectKeyEvent: KeyEvent { action=ACTION_UP, keyCode=KEYCODE_BACK, scanCode=0, metaState=0, flags=0x0, repeatCount=0, eventTime=665633458, downTime=665633458, deviceId=-1, source=0x101 }
08-04 00:53:37.057 11252 11252 D AndroidRuntime: Shutting down VM
08-04 00:53:37.081  7769  7797 I art     : Explicit concurrent mark sweep GC freed 140(4KB) AllocSpace objects, 0(0B) LOS objects, 28% free, 39MB/55MB, paused 350us total 48.581ms
08-04 00:53:37.091 13866 13866 I GoogleInputMethodServic: GoogleInputMethodService.onFinishInput():3138 
08-04 00:53:37.092 13866 13866 I GoogleInputMethodServic: GoogleInputMethodService.onStartInput():1808 
08-04 00:53:37.096  7769  7797 I art     : Starting a blocking GC Explicit
08-04 00:53:37.144  7769  7797 I art     : Explicit concurrent mark sweep GC freed 124(4KB) AllocSpace objects, 0(0B) LOS objects, 28% free, 39MB/55MB, paused 400us total 48.282ms
08-04 00:53:37.160  7769  7797 I art     : Starting a blocking GC Explicit
08-04 00:53:37.162  7769 11200 I RedditChangeDataIO: Writing tmp data file at '/data/user/0/baseline.org.quantumbadger.redreader/files/rr_change_data_tmp.dat'
08-04 00:53:37.162  7769 11200 I RedditChangeDataManager: Taking snapshot...
08-04 00:53:37.162  7769 11200 I RedditChangeDataManager: Writing to stream...
08-04 00:53:37.162  7769 11200 I RedditChangeDataManager: Wrote 6 entries for user ''
08-04 00:53:37.162  7769 11200 I RedditChangeDataManager: All entries written to stream.
08-04 00:53:37.162  7769 11200 I RedditChangeDataIO: Write successful. Atomically replacing data file...
08-04 00:53:37.163  7769 11200 I RedditChangeDataIO: Write complete.
08-04 00:53:37.163  7769 11200 I RedditChangeDataIO: 158 bytes written in 2 ms
08-04 00:53:37.205  7769  7797 I art     : Explicit concurrent mark sweep GC freed 97(5KB) AllocSpace objects, 1(68KB) LOS objects, 28% free, 39MB/55MB, paused 329us total 44.593ms
08-04 00:53:37.398   380   380 W SurfaceFlinger: couldn't log to binary event log: overflow.
08-04 00:53:37.487  7769  7797 I art     : Starting a blocking GC Explicit
08-04 00:53:37.543  7769  7797 I art     : Explicit concurrent mark sweep GC freed 1418(85KB) AllocSpace objects, 1(20KB) LOS objects, 28% free, 39MB/55MB, paused 422us total 54.886ms
08-04 00:53:37.559  7769  7797 I art     : Starting a blocking GC Explicit
08-04 00:53:37.603  7769  7797 I art     : Explicit concurrent mark sweep GC freed 41396(2MB) AllocSpace objects, 5(140KB) LOS objects, 29% free, 37MB/53MB, paused 380us total 44.271ms
08-04 00:53:37.619  7769  7797 I art     : Starting a blocking GC Explicit
08-04 00:53:37.658  7769  7797 I art     : Explicit concurrent mark sweep GC freed 3(96B) AllocSpace objects, 0(0B) LOS objects, 29% free, 37MB/53MB, paused 367us total 39.121ms
08-04 00:53:37.672  7769  7797 I art     : Starting a blocking GC Explicit
08-04 00:53:37.713  7769  7797 I art     : Explicit concurrent mark sweep GC freed 3(96B) AllocSpace objects, 0(0B) LOS objects, 29% free, 37MB/53MB, paused 353us total 40.897ms
08-04 00:53:37.728  7769  7797 I art     : Starting a blocking GC Explicit
08-04 00:53:37.770  7769  7797 I art     : Explicit concurrent mark sweep GC freed 3(96B) AllocSpace objects, 0(0B) LOS objects, 29% free, 37MB/53MB, paused 381us total 41.572ms
08-04 00:53:38.087  7769  7781 I art     : Starting a blocking GC Explicit
08-04 00:53:38.139  7769  7781 I art     : Explicit concurrent mark sweep GC freed 1354(82KB) AllocSpace objects, 1(20KB) LOS objects, 29% free, 37MB/53MB, paused 438us total 52.151ms
08-04 00:53:38.159  7769  7781 I art     : Starting a blocking GC Explicit
08-04 00:53:38.199  7769  7781 I art     : Explicit concurrent mark sweep GC freed 20(704B) AllocSpace objects, 0(0B) LOS objects, 29% free, 37MB/53MB, paused 368us total 39.600ms
08-04 00:53:38.214  7769  7781 I art     : Starting a blocking GC Explicit
08-04 00:53:38.254  7769  7781 I art     : Explicit concurrent mark sweep GC freed 3(96B) AllocSpace objects, 0(0B) LOS objects, 29% free, 37MB/53MB, paused 381us total 40.320ms
08-04 00:53:38.269  7769  7781 I art     : Starting a blocking GC Explicit
08-04 00:53:38.309  7769  7781 I art     : Explicit concurrent mark sweep GC freed 3(96B) AllocSpace objects, 0(0B) LOS objects, 29% free, 37MB/53MB, paused 358us total 39.529ms
08-04 00:53:38.324  7769  7781 I art     : Starting a blocking GC Explicit
08-04 00:53:38.362  7769  7781 I art     : Explicit concurrent mark sweep GC freed 3(96B) AllocSpace objects, 0(0B) LOS objects, 29% free, 37MB/53MB, paused 400us total 37.891ms
08-04 00:53:38.655  7769  8103 I art     : Starting a blocking GC Explicit
08-04 00:53:38.702  7769  8103 I art     : Explicit concurrent mark sweep GC freed 1354(82KB) AllocSpace objects, 1(20KB) LOS objects, 29% free, 37MB/53MB, paused 479us total 46.835ms
08-04 00:53:38.712 11299 11299 D AndroidRuntime: >>>>>> START com.android.internal.os.RuntimeInit uid 2000 <<<<<<
08-04 00:53:38.717 11299 11299 D AndroidRuntime: CheckJNI is OFF
08-04 00:53:38.721  7769  8103 I art     : Starting a blocking GC Explicit
08-04 00:53:38.752 11299 11299 D ICU     : No timezone override file found: /data/misc/zoneinfo/current/icu/icu_tzdata.dat
08-04 00:53:38.761  7769  8103 I art     : Explicit concurrent mark sweep GC freed 20(720B) AllocSpace objects, 0(0B) LOS objects, 29% free, 37MB/53MB, paused 404us total 39.890ms
08-04 00:53:38.775  7769  8103 I art     : Starting a blocking GC Explicit
08-04 00:53:38.788 11299 11299 I Radio-JNI: register_android_hardware_Radio DONE
08-04 00:53:38.810 11299 11299 D AndroidRuntime: Calling main entry com.android.commands.input.Input
08-04 00:53:38.811 11299 11299 I Input   : injectKeyEvent: KeyEvent { action=ACTION_DOWN, keyCode=KEYCODE_BACK, scanCode=0, metaState=0, flags=0x0, repeatCount=0, eventTime=665635224, downTime=665635224, deviceId=-1, source=0x101 }
08-04 00:53:38.814  7769  8103 I art     : Explicit concurrent mark sweep GC freed 3(96B) AllocSpace objects, 0(0B) LOS objects, 29% free, 37MB/53MB, paused 340us total 38.766ms
08-04 00:53:38.817 11299 11299 I Input   : injectKeyEvent: KeyEvent { action=ACTION_UP, keyCode=KEYCODE_BACK, scanCode=0, metaState=0, flags=0x0, repeatCount=0, eventTime=665635224, downTime=665635224, deviceId=-1, source=0x101 }
08-04 00:53:38.822 11299 11299 D AndroidRuntime: Shutting down VM
08-04 00:53:38.828  7769  8103 I art     : Starting a blocking GC Explicit
08-04 00:53:38.860 13866 13866 I GoogleInputMethodServic: GoogleInputMethodService.onFinishInput():3138 
08-04 00:53:38.862 13866 13866 I GoogleInputMethodServic: GoogleInputMethodService.onStartInput():1808 
08-04 00:53:38.865  7769  8103 I art     : Explicit concurrent mark sweep GC freed 131(4KB) AllocSpace objects, 0(0B) LOS objects, 29% free, 37MB/53MB, paused 346us total 36.223ms
08-04 00:53:38.879  7769  8103 I art     : Starting a blocking GC Explicit
08-04 00:53:38.914  7769  8103 I art     : Explicit concurrent mark sweep GC freed 38(1376B) AllocSpace objects, 0(0B) LOS objects, 29% free, 37MB/53MB, paused 372us total 35.489ms
08-04 00:53:39.202  7769  7781 I art     : Starting a blocking GC Explicit
08-04 00:53:39.243  7769  7781 I art     : Explicit concurrent mark sweep GC freed 1433(85KB) AllocSpace objects, 1(20KB) LOS objects, 29% free, 37MB/53MB, paused 405us total 41.145ms
08-04 00:53:39.258  7769  7781 I art     : Starting a blocking GC Explicit
08-04 00:53:39.300  7769  7781 I art     : Explicit concurrent mark sweep GC freed 150(7KB) AllocSpace objects, 0(0B) LOS objects, 29% free, 37MB/53MB, paused 457us total 41.952ms
08-04 00:53:39.315  7769  7781 I art     : Starting a blocking GC Explicit
08-04 00:53:39.350  4731  4731 I ServiceManager: Waiting for service AtCmdFwd...
08-04 00:53:39.356  7769  7781 I art     : Explicit concurrent mark sweep GC freed 3(96B) AllocSpace objects, 0(0B) LOS objects, 29% free, 37MB/53MB, paused 381us total 40.571ms
08-04 00:53:39.371  7769  7781 I art     : Starting a blocking GC Explicit
08-04 00:53:39.413  7769  7781 I art     : Explicit concurrent mark sweep GC freed 3(96B) AllocSpace objects, 0(0B) LOS objects, 29% free, 37MB/53MB, paused 443us total 42.076ms
08-04 00:53:39.429  7769  7781 I art     : Starting a blocking GC Explicit
08-04 00:53:39.470  7769  7781 I art     : Explicit concurrent mark sweep GC freed 3(96B) AllocSpace objects, 0(0B) LOS objects, 29% free, 37MB/53MB, paused 398us total 41.419ms
08-04 00:53:39.785  7769  7797 I art     : Starting a blocking GC Explicit
08-04 00:53:39.838  7769  7797 I art     : Explicit concurrent mark sweep GC freed 1354(82KB) AllocSpace objects, 1(20KB) LOS objects, 29% free, 37MB/53MB, paused 469us total 52.683ms
08-04 00:53:39.857  7769  7797 I art     : Starting a blocking GC Explicit
08-04 00:53:39.899  7769  7797 I art     : Explicit concurrent mark sweep GC freed 20(720B) AllocSpace objects, 0(0B) LOS objects, 29% free, 37MB/53MB, paused 421us total 42.325ms
08-04 00:53:39.915  7769  7797 I art     : Starting a blocking GC Explicit
08-04 00:53:39.957  7769  7797 I art     : Explicit concurrent mark sweep GC freed 3(96B) AllocSpace objects, 0(0B) LOS objects, 29% free, 37MB/53MB, paused 451us total 42.315ms
08-04 00:53:39.972  7769  7797 I art     : Starting a blocking GC Explicit
08-04 00:53:40.013  7769  7797 I art     : Explicit concurrent mark sweep GC freed 3(96B) AllocSpace objects, 0(0B) LOS objects, 29% free, 37MB/53MB, paused 415us total 40.902ms
08-04 00:53:40.028  7769  7797 I art     : Starting a blocking GC Explicit
08-04 00:53:40.069  7769  7797 I art     : Explicit concurrent mark sweep GC freed 3(96B) AllocSpace objects, 0(0B) LOS objects, 29% free, 37MB/53MB, paused 435us total 40.945ms
08-04 00:53:40.351  4731  4731 I ServiceManager: Waiting for service AtCmdFwd...
08-04 00:53:40.367  7769  7780 I art     : Starting a blocking GC Explicit
08-04 00:53:40.417  7769  7780 I art     : Explicit concurrent mark sweep GC freed 1354(82KB) AllocSpace objects, 1(20KB) LOS objects, 29% free, 37MB/53MB, paused 426us total 49.516ms
08-04 00:53:40.432  7769  7780 I art     : Starting a blocking GC Explicit
08-04 00:53:40.471  7769  7780 I art     : Explicit concurrent mark sweep GC freed 20(704B) AllocSpace objects, 0(0B) LOS objects, 29% free, 37MB/53MB, paused 409us total 38.892ms
08-04 00:53:40.485  7769  7780 I art     : Starting a blocking GC Explicit
08-04 00:53:40.492 11343 11343 D AndroidRuntime: >>>>>> START com.android.internal.os.RuntimeInit uid 2000 <<<<<<
08-04 00:53:40.497 11343 11343 D AndroidRuntime: CheckJNI is OFF
08-04 00:53:40.525  7769  7780 I art     : Explicit concurrent mark sweep GC freed 3(96B) AllocSpace objects, 0(0B) LOS objects, 29% free, 37MB/53MB, paused 425us total 39.323ms
08-04 00:53:40.533 11343 11343 D ICU     : No timezone override file found: /data/misc/zoneinfo/current/icu/icu_tzdata.dat
08-04 00:53:40.540  7769  7780 I art     : Starting a blocking GC Explicit
08-04 00:53:40.567 11343 11343 I Radio-JNI: register_android_hardware_Radio DONE
08-04 00:53:40.579  7769  7780 I art     : Explicit concurrent mark sweep GC freed 3(96B) AllocSpace objects, 0(0B) LOS objects, 29% free, 37MB/53MB, paused 399us total 38.867ms
08-04 00:53:40.589 11343 11343 D AndroidRuntime: Calling main entry com.android.commands.input.Input
08-04 00:53:40.591 11343 11343 I Input   : injectMotionEvent: MotionEvent { action=ACTION_DOWN, actionButton=0, id[0]=0, x[0]=600.0, y[0]=1733.0, toolType[0]=TOOL_TYPE_UNKNOWN, buttonState=0, metaState=0, flags=0x0, edgeFlags=0x0, pointerCount=1, historySize=0, eventTime=665637003, downTime=665637003, deviceId=0, source=0x1002 }
08-04 00:53:40.593  7769  7780 I art     : Starting a blocking GC Explicit
08-04 00:53:40.597 11343 11343 I Input   : injectMotionEvent: MotionEvent { action=ACTION_UP, actionButton=0, id[0]=0, x[0]=600.0, y[0]=1733.0, toolType[0]=TOOL_TYPE_UNKNOWN, buttonState=0, metaState=0, flags=0x0, edgeFlags=0x0, pointerCount=1, historySize=0, eventTime=665637003, downTime=665637003, deviceId=0, source=0x1002 }
08-04 00:53:40.598 11343 11343 D AndroidRuntime: Shutting down VM
08-04 00:53:40.604   918   928 I ActivityManager: START u0 {dat=https://oauth.reddit.com/... cmp=baseline.org.quantumbadger.redreader/.activities.PostListingActivity} from uid 10666 on display 0
08-04 00:53:40.605   512  2967 D audio_hw_primary: out_set_parameters: enter: usecase(1: low-latency-playback) kvpairs: routing=2
08-04 00:53:40.618   512  2967 D audio_hw_primary: select_devices: out_snd_device(2: speaker) in_snd_device(0: none)
08-04 00:53:40.618   512  2967 D msm8974_platform: platform_send_audio_calibration: sending audio calibration for snd_device(2) acdb_id(15)
08-04 00:53:40.618   512  2967 I soundtrigger: audio_extn_sound_trigger_update_device_status: device 0x2 of type 0 for Event 1
08-04 00:53:40.623  7769  7769 I AppCompatViewInflater: app:theme is now deprecated. Please move to using android:theme instead.
08-04 00:53:40.632   512  2967 D audio_hw_primary: enable_snd_device: snd_device(2: speaker)
08-04 00:53:40.633  7769  7780 I art     : Explicit concurrent mark sweep GC freed 407(32KB) AllocSpace objects, 0(0B) LOS objects, 29% free, 37MB/53MB, paused 716us total 39.491ms
08-04 00:53:40.635   512  2967 D audio_hw_primary: enable_audio_route: apply and update mixer path: low-latency-playback speaker
08-04 00:53:40.647  7769 11367 D OK      : calling: https://oauth.reddit.com/r/aww/about.json
08-04 00:53:40.707   918   936 I ActivityManager: Displayed baseline.org.quantumbadger.redreader/.activities.PostListingActivity: +95ms
08-04 00:53:40.709 13866 13866 I GoogleInputMethodServic: GoogleInputMethodService.onFinishInput():3138 
08-04 00:53:40.709 13866 13866 I GoogleInputMethodServic: GoogleInputMethodService.onStartInput():1808 
08-04 00:53:40.900  7769  7797 I art     : Starting a blocking GC Explicit
08-04 00:53:40.929  7769 11367 I NAPPA_EXPERIMENTATION: MetricNetworkRequestExecutionTime: REQUEST_DURATION_SYSTEM='281',REQUEST_DURATION_OKHTTP='146',REQUEST_SYNCHRONOUS='TRUE',RESPONSE_CODE='200',RESPONSE_METHOD='GET',RESPONSE_LENGTH_OKHTTP='-1',RESPONSE_LENGTH_HEADER='3478',REQUEST_PROTOCOL='h2',REQUEST_URL='https://oauth.reddit.com/r/aww/about.json',
08-04 00:53:40.929  7769 11367 D OK      : request got status: 200
08-04 00:53:40.971  7769  7797 I art     : Explicit concurrent mark sweep GC freed 5437(387KB) AllocSpace objects, 2(88KB) LOS objects, 29% free, 37MB/53MB, paused 795us total 70.421ms
08-04 00:53:40.972   380   380 W SurfaceFlinger: couldn't log to binary event log: overflow.
08-04 00:53:40.986  7769  7797 I art     : Starting a blocking GC Explicit
08-04 00:53:41.023  7769  7797 I art     : Explicit concurrent mark sweep GC freed 1146(69KB) AllocSpace objects, 1(68KB) LOS objects, 29% free, 37MB/53MB, paused 367us total 36.881ms
08-04 00:53:41.037  7769  7797 I art     : Starting a blocking GC Explicit
08-04 00:53:41.073  7769  7797 I art     : Explicit concurrent mark sweep GC freed 115(7KB) AllocSpace objects, 0(0B) LOS objects, 29% free, 37MB/53MB, paused 386us total 35.440ms
08-04 00:53:41.087  7769  7797 I art     : Starting a blocking GC Explicit
08-04 00:53:41.126  7769  7797 I art     : Explicit concurrent mark sweep GC freed 74(2416B) AllocSpace objects, 0(0B) LOS objects, 29% free, 37MB/53MB, paused 363us total 39.474ms
08-04 00:53:41.140  7769  7797 I art     : Starting a blocking GC Explicit
08-04 00:53:41.178  7769  7797 I art     : Explicit concurrent mark sweep GC freed 3(96B) AllocSpace objects, 0(0B) LOS objects, 29% free, 37MB/53MB, paused 417us total 37.271ms
08-04 00:53:41.178   512  2967 D audio_hw_primary: disable_audio_route: reset and update mixer path: low-latency-playback speaker
08-04 00:53:41.179   512  2967 D audio_hw_primary: disable_snd_device: snd_device(2: speaker)
08-04 00:53:41.188   512  2967 I soundtrigger: audio_extn_sound_trigger_update_device_status: device 0x2 of type 0 for Event 0
08-04 00:53:41.352  4731  4731 I ServiceManager: Waiting for service AtCmdFwd...
08-04 00:53:41.489  7769  9989 I art     : Starting a blocking GC Explicit
08-04 00:53:41.533  7769  9989 I art     : Explicit concurrent mark sweep GC freed 1413(85KB) AllocSpace objects, 1(20KB) LOS objects, 29% free, 37MB/53MB, paused 462us total 43.827ms
08-04 00:53:41.549  7769  9989 I art     : Starting a blocking GC Explicit
08-04 00:53:41.586  7769  9989 I art     : Explicit concurrent mark sweep GC freed 20(704B) AllocSpace objects, 0(0B) LOS objects, 29% free, 37MB/53MB, paused 369us total 37.162ms
08-04 00:53:41.601  7769  9989 I art     : Starting a blocking GC Explicit
08-04 00:53:41.641  7769  9989 I art     : Explicit concurrent mark sweep GC freed 3(96B) AllocSpace objects, 0(0B) LOS objects, 29% free, 37MB/53MB, paused 433us total 40.136ms
08-04 00:53:41.656  7769  9989 I art     : Starting a blocking GC Explicit
08-04 00:53:41.696  7769  9989 I art     : Explicit concurrent mark sweep GC freed 3(96B) AllocSpace objects, 0(0B) LOS objects, 29% free, 37MB/53MB, paused 482us total 39.483ms
08-04 00:53:41.711  7769  9989 I art     : Starting a blocking GC Explicit
08-04 00:53:41.751  7769  9989 I art     : Explicit concurrent mark sweep GC freed 3(96B) AllocSpace objects, 0(0B) LOS objects, 29% free, 37MB/53MB, paused 433us total 40.154ms
08-04 00:53:41.845  7769 11391 D OK      : calling: https://oauth.reddit.com/r/aww/hot/.json
08-04 00:53:41.903   518   646 I ThermalEngine: ACTION: GPU - Setting GPU[0] to 450000000
08-04 00:53:42.034  7769 11391 I NAPPA_EXPERIMENTATION: MetricNetworkRequestExecutionTime: REQUEST_DURATION_SYSTEM='188',REQUEST_DURATION_OKHTTP='185',REQUEST_SYNCHRONOUS='TRUE',RESPONSE_CODE='200',RESPONSE_METHOD='GET',RESPONSE_LENGTH_OKHTTP='-1',RESPONSE_LENGTH_HEADER='33430',REQUEST_PROTOCOL='h2',REQUEST_URL='https://oauth.reddit.com/r/aww/hot/.json',
08-04 00:53:42.034  7769 11391 D OK      : request got status: 200
08-04 00:53:42.054  7769 10749 I PostListingFragment: Precaching images: OFF
08-04 00:53:42.054  7769 10749 I PostListingFragment: Precaching comments: OFF
08-04 00:53:42.075  7769 10749 I getImgurImageInfo: Image NSO7Npm: trying API v3 with auth
08-04 00:53:42.093  7769  7780 I art     : Starting a blocking GC Explicit
08-04 00:53:42.152  7769  7780 I art     : Explicit concurrent mark sweep GC freed 18700(1182KB) AllocSpace objects, 33(1580KB) LOS objects, 27% free, 41MB/57MB, paused 1.524ms total 58.600ms
08-04 00:53:42.171  7769  7780 I art     : Starting a blocking GC Explicit
08-04 00:53:42.224  7769  7780 I art     : Explicit concurrent mark sweep GC freed 8099(631KB) AllocSpace objects, 40(2MB) LOS objects, 26% free, 43MB/59MB, paused 1.067ms total 52.586ms
08-04 00:53:42.242  7769 10362 I RedditVideosAPI: For 'https://v.redd.it/fkewv2f65kd51/DASHPlaylist.mpd', got video stream 'https://v.redd.it/fkewv2f65kd51/DASH_480' and audio stream 'https://v.redd.it/fkewv2f65kd51/audio'
08-04 00:53:42.243  7769  7780 I art     : Starting a blocking GC Explicit
08-04 00:53:42.246  7769 10362 I RedditVideosAPI: For 'https://v.redd.it/h49fg58ygjd51/DASHPlaylist.mpd', got video stream 'https://v.redd.it/h49fg58ygjd51/DASH_480' and audio stream 'null'
08-04 00:53:42.246  7769 11403 I RedditVideosAPI: For 'https://v.redd.it/ak6rer1hskd51/DASHPlaylist.mpd', got video stream 'https://v.redd.it/ak6rer1hskd51/DASH_360' and audio stream 'null'
08-04 00:53:42.247  7769 10362 I RedditVideosAPI: For 'https://v.redd.it/1ewzkieg0jd51/DASHPlaylist.mpd', got video stream 'https://v.redd.it/1ewzkieg0jd51/DASH_480' and audio stream 'https://v.redd.it/1ewzkieg0jd51/audio'
08-04 00:53:42.247  7769 11403 I RedditVideosAPI: For 'https://v.redd.it/ppmhu2r9thd51/DASHPlaylist.mpd', got video stream 'https://v.redd.it/ppmhu2r9thd51/DASH_480' and audio stream 'null'
08-04 00:53:42.248  7769 11403 I RedditVideosAPI: For 'https://v.redd.it/b8vazlcb7ld51/DASHPlaylist.mpd', got video stream 'https://v.redd.it/b8vazlcb7ld51/DASH_480' and audio stream 'https://v.redd.it/b8vazlcb7ld51/audio'
08-04 00:53:42.248  7769 10362 I RedditVideosAPI: For 'https://v.redd.it/s9qqadf3mid51/DASHPlaylist.mpd', got video stream 'https://v.redd.it/s9qqadf3mid51/DASH_480' and audio stream 'https://v.redd.it/s9qqadf3mid51/audio'
08-04 00:53:42.249  7769 11403 I RedditVideosAPI: For 'https://v.redd.it/ty24o02m1hd51/DASHPlaylist.mpd', got video stream 'https://v.redd.it/ty24o02m1hd51/DASH_480' and audio stream 'null'
08-04 00:53:42.249  7769 10362 I RedditVideosAPI: For 'https://v.redd.it/ar5k8892pid51/DASHPlaylist.mpd', got video stream 'https://v.redd.it/ar5k8892pid51/DASH_360' and audio stream 'https://v.redd.it/ar5k8892pid51/audio'
08-04 00:53:42.291  7769  7769 W RecyclerView: Cannot call this method in a scroll callback. Scroll callbacks mightbe run during a measure & layout pass where you cannot change theRecyclerView data. Any method call that might change the structureof the RecyclerView or the adapter contents should be postponed tothe next frame.
08-04 00:53:42.291  7769  7769 W RecyclerView: java.lang.IllegalStateException:  androidx.recyclerview.widget.RecyclerView{b98d10f VFED..... .F....ID 0,0-1440,2140 #7f0900ef app:id/scrollbar_recyclerview_recyclerview}, adapter:baseline.org.quantumbadger.redreader.adapters.GroupedRecyclerViewAdapter@5dc59c, layout:androidx.recyclerview.widget.LinearLayoutManager@ccadba5, context:baseline.org.quantumbadger.redreader.activities.PostListingActivity@66293d8
08-04 00:53:42.291  7769  7769 W RecyclerView: 	at androidx.recyclerview.widget.RecyclerView.assertNotInLayoutOrScroll(RecyclerView.java:3061)
08-04 00:53:42.291  7769  7769 W RecyclerView: 	at androidx.recyclerview.widget.RecyclerView$RecyclerViewDataObserver.onItemRangeInserted(RecyclerView.java:5555)
08-04 00:53:42.291  7769  7769 W RecyclerView: 	at androidx.recyclerview.widget.RecyclerView$AdapterDataObservable.notifyItemRangeInserted(RecyclerView.java:12278)
08-04 00:53:42.291  7769  7769 W RecyclerView: 	at androidx.recyclerview.widget.RecyclerView$Adapter.notifyItemInserted(RecyclerView.java:7464)
08-04 00:53:42.291  7769  7769 W RecyclerView: 	at baseline.org.quantumbadger.redreader.adapters.GroupedRecyclerViewAdapter.updateHiddenStatus(GroupedRecyclerViewAdapter.java:279)
08-04 00:53:42.291  7769  7769 W RecyclerView: 	at baseline.org.quantumbadger.redreader.adapters.RedditListingManager.setLoadingVisible(RedditListingManager.java:125)
08-04 00:53:42.291  7769  7769 W RecyclerView: 	at baseline.org.quantumbadger.redreader.fragments.PostListingFragment.onLoadMoreItemsCheck(PostListingFragment.java:465)
08-04 00:53:42.291  7769  7769 W RecyclerView: 	at baseline.org.quantumbadger.redreader.fragments.PostListingFragment.access$000(PostListingFragment.java:98)
08-04 00:53:42.291  7769  7769 W RecyclerView: 	at baseline.org.quantumbadger.redreader.fragments.PostListingFragment$2.onScrolled(PostListingFragment.java:215)
08-04 00:53:42.291  7769  7769 W RecyclerView: 	at androidx.recyclerview.widget.RecyclerView.dispatchOnScrolled(RecyclerView.java:5173)
08-04 00:53:42.291  7769  7769 W RecyclerView: 	at androidx.recyclerview.widget.RecyclerView.dispatchLayoutStep3(RecyclerView.java:4231)
08-04 00:53:42.291  7769  7769 W RecyclerView: 	at androidx.recyclerview.widget.RecyclerView.dispatchLayout(RecyclerView.java:3862)
08-04 00:53:42.291  7769  7769 W RecyclerView: 	at androidx.recyclerview.widget.RecyclerView.consumePendingUpdateOperations(RecyclerView.java:1897)
08-04 00:53:42.291  7769  7769 W RecyclerView: 	at androidx.recyclerview.widget.RecyclerView$1.run(RecyclerView.java:414)
08-04 00:53:42.291  7769  7769 W RecyclerView: 	at android.view.Choreographer$CallbackRecord.run(Choreographer.java:858)
08-04 00:53:42.291  7769  7769 W RecyclerView: 	at android.view.Choreographer.doCallbacks(Choreographer.java:670)
08-04 00:53:42.291  7769  7769 W RecyclerView: 	at android.view.Choreographer.doFrame(Choreographer.java:603)
08-04 00:53:42.291  7769  7769 W RecyclerView: 	at android.view.Choreographer$FrameDisplayEventReceiver.run(Choreographer.java:844)
08-04 00:53:42.291  7769  7769 W RecyclerView: 	at android.os.Handler.handleCallback(Handler.java:739)
08-04 00:53:42.291  7769  7769 W RecyclerView: 	at android.os.Handler.dispatchMessage(Handler.java:95)
08-04 00:53:42.291  7769  7769 W RecyclerView: 	at android.os.Looper.loop(Looper.java:148)
08-04 00:53:42.291  7769  7769 W RecyclerView: 	at android.app.ActivityThread.main(ActivityThread.java:5417)
08-04 00:53:42.291  7769  7769 W RecyclerView: 	at java.lang.reflect.Method.invoke(Native Method)
08-04 00:53:42.291  7769  7769 W RecyclerView: 	at com.android.internal.os.ZygoteInit$MethodAndArgsCaller.run(ZygoteInit.java:726)
08-04 00:53:42.291  7769  7769 W RecyclerView: 	at com.android.internal.os.ZygoteInit.main(ZygoteInit.java:616)
08-04 00:53:42.295  7769  7780 I art     : Explicit concurrent mark sweep GC freed 24454(1760KB) AllocSpace objects, 23(1428KB) LOS objects, 26% free, 43MB/59MB, paused 1.294ms total 51.582ms
08-04 00:53:42.315  7769  7780 I art     : Starting a blocking GC Explicit
08-04 00:53:42.352  4731  4731 I ServiceManager: Waiting for service AtCmdFwd...
08-04 00:53:42.364  7769  7780 I art     : Explicit concurrent mark sweep GC freed 1172(143KB) AllocSpace objects, 1(80KB) LOS objects, 27% free, 43MB/59MB, paused 505us total 49.060ms
08-04 00:53:42.384  7769  7780 I art     : Starting a blocking GC Explicit
08-04 00:53:42.435  7769  7780 I art     : Explicit concurrent mark sweep GC freed 40(1552B) AllocSpace objects, 0(0B) LOS objects, 27% free, 43MB/59MB, paused 619us total 50.713ms
08-04 00:53:42.784  7769  7780 I art     : Starting a blocking GC Explicit
08-04 00:53:42.850  7769  7780 I art     : Explicit concurrent mark sweep GC freed 1766(103KB) AllocSpace objects, 1(20KB) LOS objects, 27% free, 43MB/59MB, paused 591us total 65.375ms
08-04 00:53:42.870  7769  7780 I art     : Starting a blocking GC Explicit
08-04 00:53:42.930  7769  7780 I art     : Explicit concurrent mark sweep GC freed 84(4KB) AllocSpace objects, 0(0B) LOS objects, 27% free, 43MB/59MB, paused 609us total 59.836ms
08-04 00:53:42.950  7769  7780 I art     : Starting a blocking GC Explicit
08-04 00:53:43.003  7769  7780 I art     : Explicit concurrent mark sweep GC freed 3(96B) AllocSpace objects, 0(0B) LOS objects, 27% free, 43MB/59MB, paused 512us total 52.865ms
08-04 00:53:43.023  7769  7780 I art     : Starting a blocking GC Explicit
08-04 00:53:43.046  7769 11415 D OK      : calling: https://oauth.reddit.com/r/aww/hot/.json?after=t3_hz5odc
08-04 00:53:43.082  7769  7780 I art     : Explicit concurrent mark sweep GC freed 100(4KB) AllocSpace objects, 0(0B) LOS objects, 27% free, 43MB/59MB, paused 602us total 58.442ms
08-04 00:53:43.102  7769  7780 I art     : Starting a blocking GC Explicit
08-04 00:53:43.162  7769  7780 I art     : Explicit concurrent mark sweep GC freed 20(832B) AllocSpace objects, 0(0B) LOS objects, 27% free, 43MB/59MB, paused 667us total 59.879ms
08-04 00:53:43.162  7769  7779 I art     : WaitForGcToComplete blocked for 22.308ms for cause HeapTrim
08-04 00:53:43.275  7769 11415 I NAPPA_EXPERIMENTATION: MetricNetworkRequestExecutionTime: REQUEST_DURATION_SYSTEM='228',REQUEST_DURATION_OKHTTP='220',REQUEST_SYNCHRONOUS='TRUE',RESPONSE_CODE='200',RESPONSE_METHOD='GET',RESPONSE_LENGTH_OKHTTP='-1',RESPONSE_LENGTH_HEADER='30610',REQUEST_PROTOCOL='h2',REQUEST_URL='https://oauth.reddit.com/r/aww/hot/.json?after=t3_hz5odc',
08-04 00:53:43.275  7769 11415 D OK      : request got status: 200
08-04 00:53:43.291  7769 11404 I PostListingFragment: Precaching images: OFF
08-04 00:53:43.292  7769 11404 I PostListingFragment: Precaching comments: OFF
08-04 00:53:43.352  4731  4731 I ServiceManager: Waiting for service AtCmdFwd...
08-04 00:53:43.396  7769 11422 I RedditVideosAPI: For 'https://v.redd.it/syww111dtjd51/DASHPlaylist.mpd', got video stream 'https://v.redd.it/syww111dtjd51/DASH_480' and audio stream 'https://v.redd.it/syww111dtjd51/audio'
08-04 00:53:43.397  7769 11422 I RedditVideosAPI: For 'https://v.redd.it/pbqrrfb3tkd51/DASHPlaylist.mpd', got video stream 'https://v.redd.it/pbqrrfb3tkd51/DASH_480' and audio stream 'null'
08-04 00:53:43.401  7769 11404 I getImgurImageInfo: Image nLQR2hT: trying API v3 with auth
08-04 00:53:43.404  7769 11403 I RedditVideosAPI: For 'https://v.redd.it/rrygsb8i4ld51/DASHPlaylist.mpd', got video stream 'https://v.redd.it/rrygsb8i4ld51/DASH_480' and audio stream 'https://v.redd.it/rrygsb8i4ld51/audio'
08-04 00:53:43.466  7769 11422 I RedditVideosAPI: For 'https://v.redd.it/ue0jdgk9zhd51/DASHPlaylist.mpd', got video stream 'https://v.redd.it/ue0jdgk9zhd51/DASH_360' and audio stream 'https://v.redd.it/ue0jdgk9zhd51/audio'
08-04 00:53:43.476  7769 11422 I RedditVideosAPI: For 'https://v.redd.it/5x6zzipz8ld51/DASHPlaylist.mpd', got video stream 'https://v.redd.it/5x6zzipz8ld51/DASH_480' and audio stream 'null'
08-04 00:53:43.486  7769 11422 I RedditVideosAPI: For 'https://v.redd.it/75en73fm5id51/DASHPlaylist.mpd', got video stream 'https://v.redd.it/75en73fm5id51/DASH_480' and audio stream 'https://v.redd.it/75en73fm5id51/audio'
08-04 00:53:43.496  7769 11422 I RedditVideosAPI: For 'https://v.redd.it/ggz4fyth6hd51/DASHPlaylist.mpd', got video stream 'https://v.redd.it/ggz4fyth6hd51/DASH_360' and audio stream 'null'
08-04 00:53:43.497  7769 11422 I RedditVideosAPI: For 'https://v.redd.it/psrknoobrgd51/DASHPlaylist.mpd', got video stream 'https://v.redd.it/psrknoobrgd51/DASH_480' and audio stream 'null'
08-04 00:53:43.498  7769 11422 I RedditVideosAPI: For 'https://v.redd.it/jk6cwef4wld51/DASHPlaylist.mpd', got video stream 'https://v.redd.it/jk6cwef4wld51/DASH_480' and audio stream 'null'
08-04 00:53:43.499  7769 11422 I RedditVideosAPI: For 'https://v.redd.it/t81s8zfz9ld51/DASHPlaylist.mpd', got video stream 'https://v.redd.it/t81s8zfz9ld51/DASH_480' and audio stream 'https://v.redd.it/t81s8zfz9ld51/audio'
08-04 00:53:43.500  7769 11422 I RedditVideosAPI: For 'https://v.redd.it/xd6c4yyutgd51/DASHPlaylist.mpd', got video stream 'https://v.redd.it/xd6c4yyutgd51/DASH_480' and audio stream 'null'
08-04 00:53:43.509  7769  7781 I art     : Starting a blocking GC Explicit
08-04 00:53:43.566  7769  7781 I art     : Explicit concurrent mark sweep GC freed 43671(3MB) AllocSpace objects, 98(5MB) LOS objects, 24% free, 48MB/64MB, paused 526us total 56.399ms
08-04 00:53:43.584  7769  7781 I art     : Starting a blocking GC Explicit
08-04 00:53:43.636  7769  7781 I art     : Explicit concurrent mark sweep GC freed 2451(102KB) AllocSpace objects, 0(0B) LOS objects, 24% free, 48MB/64MB, paused 564us total 51.423ms
08-04 00:53:43.655  7769  7781 I art     : Starting a blocking GC Explicit
08-04 00:53:43.708  7769  7781 I art     : Explicit concurrent mark sweep GC freed 3(96B) AllocSpace objects, 0(0B) LOS objects, 24% free, 48MB/64MB, paused 552us total 52.736ms
08-04 00:53:43.727  7769  7781 I art     : Starting a blocking GC Explicit
08-04 00:53:43.782  7769  7781 I art     : Explicit concurrent mark sweep GC freed 3(96B) AllocSpace objects, 0(0B) LOS objects, 24% free, 48MB/64MB, paused 550us total 55.043ms
08-04 00:53:43.801  7769  7781 I art     : Starting a blocking GC Explicit
08-04 00:53:43.858  7769  7781 I art     : Explicit concurrent mark sweep GC freed 3(96B) AllocSpace objects, 0(0B) LOS objects, 24% free, 48MB/64MB, paused 615us total 56.378ms
08-04 00:53:44.240  7769  7797 I art     : Starting a blocking GC Explicit
08-04 00:53:44.311  7769  7797 I art     : Explicit concurrent mark sweep GC freed 1356(83KB) AllocSpace objects, 1(20KB) LOS objects, 24% free, 48MB/64MB, paused 646us total 70.138ms
08-04 00:53:44.335  7769  7797 I art     : Starting a blocking GC Explicit
08-04 00:53:44.353  4731  4731 W Atfwd_Sendcmd: AtCmdFwd service not published, waiting... retryCnt : 3
08-04 00:53:44.399  7769  7797 I art     : Explicit concurrent mark sweep GC freed 20(704B) AllocSpace objects, 0(0B) LOS objects, 24% free, 48MB/64MB, paused 619us total 63.642ms
08-04 00:53:44.422  7769  7797 I art     : Starting a blocking GC Explicit
08-04 00:53:44.482  7769  7797 I art     : Explicit concurrent mark sweep GC freed 3(96B) AllocSpace objects, 0(0B) LOS objects, 24% free, 48MB/64MB, paused 576us total 60.402ms
08-04 00:53:44.503  7769  7797 I art     : Starting a blocking GC Explicit
08-04 00:53:44.561  7769  7797 I art     : Explicit concurrent mark sweep GC freed 3(96B) AllocSpace objects, 0(0B) LOS objects, 24% free, 48MB/64MB, paused 610us total 58.383ms
08-04 00:53:44.582  7769  7797 I art     : Starting a blocking GC Explicit
08-04 00:53:44.643  7769  7797 I art     : Explicit concurrent mark sweep GC freed 3(96B) AllocSpace objects, 0(0B) LOS objects, 24% free, 48MB/64MB, paused 640us total 61.350ms
08-04 00:53:45.052  7769  8103 I art     : Starting a blocking GC Explicit
08-04 00:53:45.124  7769  8103 I art     : Explicit concurrent mark sweep GC freed 1357(83KB) AllocSpace objects, 1(20KB) LOS objects, 24% free, 48MB/64MB, paused 631us total 71.540ms
08-04 00:53:45.146  7769  8103 I art     : Starting a blocking GC Explicit
08-04 00:53:45.206  7769  8103 I art     : Explicit concurrent mark sweep GC freed 20(704B) AllocSpace objects, 0(0B) LOS objects, 24% free, 48MB/64MB, paused 590us total 59.806ms
08-04 00:53:45.226  7769  8103 I art     : Starting a blocking GC Explicit
08-04 00:53:45.288  7769  8103 I art     : Explicit concurrent mark sweep GC freed 3(96B) AllocSpace objects, 0(0B) LOS objects, 24% free, 48MB/64MB, paused 794us total 61.082ms
08-04 00:53:45.311  7769  8103 I art     : Starting a blocking GC Explicit
08-04 00:53:45.376  7769  8103 I art     : Explicit concurrent mark sweep GC freed 3(96B) AllocSpace objects, 0(0B) LOS objects, 24% free, 48MB/64MB, paused 669us total 64.397ms
08-04 00:53:45.399  7769  8103 I art     : Starting a blocking GC Explicit
08-04 00:53:45.459  7769  8103 I art     : Explicit concurrent mark sweep GC freed 3(96B) AllocSpace objects, 0(0B) LOS objects, 24% free, 48MB/64MB, paused 614us total 59.731ms
08-04 00:53:45.842  7769  9989 I art     : Starting a blocking GC Explicit
08-04 00:53:45.900  7769  9989 I art     : Explicit concurrent mark sweep GC freed 1358(83KB) AllocSpace objects, 1(20KB) LOS objects, 24% free, 48MB/64MB, paused 583us total 57.134ms
08-04 00:53:45.919  7769  9989 I art     : Starting a blocking GC Explicit
08-04 00:53:45.972  7769  9989 I art     : Explicit concurrent mark sweep GC freed 20(704B) AllocSpace objects, 0(0B) LOS objects, 24% free, 48MB/64MB, paused 557us total 52.136ms
08-04 00:53:45.991  7769  9989 I art     : Starting a blocking GC Explicit
08-04 00:53:46.048  7769  9989 I art     : Explicit concurrent mark sweep GC freed 3(96B) AllocSpace objects, 0(0B) LOS objects, 24% free, 48MB/64MB, paused 705us total 56.320ms
08-04 00:53:46.068  7769  9989 I art     : Starting a blocking GC Explicit
08-04 00:53:46.124  7769  9989 I art     : Explicit concurrent mark sweep GC freed 3(96B) AllocSpace objects, 0(0B) LOS objects, 24% free, 48MB/64MB, paused 562us total 55.994ms
08-04 00:53:46.144  7769  9989 I art     : Starting a blocking GC Explicit
08-04 00:53:46.202  7769  9989 I art     : Explicit concurrent mark sweep GC freed 3(96B) AllocSpace objects, 0(0B) LOS objects, 24% free, 48MB/64MB, paused 607us total 58.578ms
08-04 00:53:46.394 11458 11458 D AndroidRuntime: >>>>>> START com.android.internal.os.RuntimeInit uid 2000 <<<<<<
08-04 00:53:46.400 11458 11458 D AndroidRuntime: CheckJNI is OFF
08-04 00:53:46.441 11458 11458 D ICU     : No timezone override file found: /data/misc/zoneinfo/current/icu/icu_tzdata.dat
08-04 00:53:46.483 11458 11458 I Radio-JNI: register_android_hardware_Radio DONE
08-04 00:53:46.512 11458 11458 D AndroidRuntime: Calling main entry com.android.commands.input.Input
08-04 00:53:46.514 11458 11458 I Input   : injectMotionEvent: MotionEvent { action=ACTION_DOWN, actionButton=0, id[0]=0, x[0]=1340.0, y[0]=1100.0, toolType[0]=TOOL_TYPE_UNKNOWN, buttonState=0, metaState=0, flags=0x0, edgeFlags=0x0, pointerCount=1, historySize=0, eventTime=665642926, downTime=665642926, deviceId=0, source=0x1002 }
08-04 00:53:46.519 11458 11458 I Input   : injectMotionEvent: MotionEvent { action=ACTION_UP, actionButton=0, id[0]=0, x[0]=1340.0, y[0]=1100.0, toolType[0]=TOOL_TYPE_UNKNOWN, buttonState=0, metaState=0, flags=0x0, edgeFlags=0x0, pointerCount=1, historySize=0, eventTime=665642926, downTime=665642926, deviceId=0, source=0x1002 }
08-04 00:53:46.521 11458 11458 D AndroidRuntime: Shutting down VM
08-04 00:53:46.536   512  2967 D audio_hw_primary: out_set_parameters: enter: usecase(1: low-latency-playback) kvpairs: routing=2
08-04 00:53:46.536   918  6111 I ActivityManager: START u0 {dat=https://oauth.reddit.com/... cmp=baseline.org.quantumbadger.redreader/.activities.CommentListingActivity} from uid 10666 on display 0
08-04 00:53:46.549   512  2967 D audio_hw_primary: select_devices: out_snd_device(2: speaker) in_snd_device(0: none)
08-04 00:53:46.549   512  2967 D msm8974_platform: platform_send_audio_calibration: sending audio calibration for snd_device(2) acdb_id(15)
08-04 00:53:46.549   512  2967 I soundtrigger: audio_extn_sound_trigger_update_device_status: device 0x2 of type 0 for Event 1
08-04 00:53:46.559   512  2967 D audio_hw_primary: enable_snd_device: snd_device(2: speaker)
08-04 00:53:46.560  7769  7769 I AppCompatViewInflater: app:theme is now deprecated. Please move to using android:theme instead.
08-04 00:53:46.561   512  2967 D audio_hw_primary: enable_audio_route: apply and update mixer path: low-latency-playback speaker
08-04 00:53:46.567  7769  7780 I art     : Starting a blocking GC Explicit
08-04 00:53:46.579  7769 11404 I CommentListingActivity: COMMENTS session changed to abd40e7d-ce6d-4368-95f1-0833d04faa43
08-04 00:53:46.621  7769  7780 I art     : Explicit concurrent mark sweep GC freed 5043(313KB) AllocSpace objects, 1(20KB) LOS objects, 24% free, 48MB/64MB, paused 1.140ms total 53.832ms
08-04 00:53:46.640  7769  7780 I art     : Starting a blocking GC Explicit
08-04 00:53:46.671   918   936 I ActivityManager: Displayed baseline.org.quantumbadger.redreader/.activities.CommentListingActivity: +126ms
08-04 00:53:46.678 13866 13866 I GoogleInputMethodServic: GoogleInputMethodService.onFinishInput():3138 
08-04 00:53:46.678 13866 13866 I GoogleInputMethodServic: GoogleInputMethodService.onStartInput():1808 
08-04 00:53:46.708  7769  7780 I art     : Explicit concurrent mark sweep GC freed 17824(1052KB) AllocSpace objects, 53(10MB) LOS objects, 28% free, 39MB/55MB, paused 1.867ms total 68.172ms
08-04 00:53:46.729   918  3188 I hubconnection: sensorhub said: 'set_bias 3: -6.2400, 0.0000, 0.0000'
08-04 00:53:46.736  7769  7780 I art     : WaitForGcToComplete blocked for 6.442ms for cause Explicit
08-04 00:53:46.736  7769  7780 I art     : Starting a blocking GC Explicit
08-04 00:53:46.799  7769  7780 I art     : Explicit concurrent mark sweep GC freed 15636(899KB) AllocSpace objects, 0(0B) LOS objects, 28% free, 39MB/55MB, paused 682us total 63.198ms
08-04 00:53:46.820  7769  7780 I art     : Starting a blocking GC Explicit
08-04 00:53:46.885  7769  7780 I art     : Explicit concurrent mark sweep GC freed 13460(592KB) AllocSpace objects, 0(0B) LOS objects, 28% free, 39MB/55MB, paused 585us total 64.138ms
08-04 00:53:46.909   518   646 I ThermalEngine: ACTION: GPU - Setting GPU[0] to 510000000
08-04 00:53:46.909   380   380 W SurfaceFlinger: couldn't log to binary event log: overflow.
08-04 00:53:46.909  7769  7780 I art     : Starting a blocking GC Explicit
08-04 00:53:46.967  7769  7780 I art     : Explicit concurrent mark sweep GC freed 63(3KB) AllocSpace objects, 0(0B) LOS objects, 28% free, 39MB/55MB, paused 510us total 57.500ms
08-04 00:53:47.072  7769 11402 I RedditChangeDataIO: Writing tmp data file at '/data/user/0/baseline.org.quantumbadger.redreader/files/rr_change_data_tmp.dat'
08-04 00:53:47.073  7769 11402 I RedditChangeDataManager: Taking snapshot...
08-04 00:53:47.073  7769 11402 I RedditChangeDataManager: Writing to stream...
08-04 00:53:47.073  7769 11402 I RedditChangeDataManager: Wrote 6 entries for user ''
08-04 00:53:47.073  7769 11402 I RedditChangeDataManager: All entries written to stream.
08-04 00:53:47.073  7769 11402 I RedditChangeDataIO: Write successful. Atomically replacing data file...
08-04 00:53:47.074  7769 11402 I RedditChangeDataIO: Write complete.
08-04 00:53:47.074  7769 11402 I RedditChangeDataIO: 158 bytes written in 3 ms
08-04 00:53:47.110   512  2967 D audio_hw_primary: disable_audio_route: reset and update mixer path: low-latency-playback speaker
08-04 00:53:47.114   512  2967 D audio_hw_primary: disable_snd_device: snd_device(2: speaker)
08-04 00:53:47.122   512  2967 I soundtrigger: audio_extn_sound_trigger_update_device_status: device 0x2 of type 0 for Event 0
08-04 00:53:47.283  7769  9989 I art     : Starting a blocking GC Explicit
08-04 00:53:47.341  7769  9989 I art     : Explicit concurrent mark sweep GC freed 1590(93KB) AllocSpace objects, 2(88KB) LOS objects, 28% free, 39MB/55MB, paused 447us total 57.487ms
08-04 00:53:47.358  7769  9989 I art     : Starting a blocking GC Explicit
08-04 00:53:47.409  7769  9989 I art     : Explicit concurrent mark sweep GC freed 27(928B) AllocSpace objects, 0(0B) LOS objects, 28% free, 39MB/55MB, paused 397us total 50.638ms
08-04 00:53:47.425  7769  9989 I art     : Starting a blocking GC Explicit
08-04 00:53:47.477  7769  9989 I art     : Explicit concurrent mark sweep GC freed 3(96B) AllocSpace objects, 0(0B) LOS objects, 28% free, 39MB/55MB, paused 428us total 51.011ms
08-04 00:53:47.493  7769  9989 I art     : Starting a blocking GC Explicit
08-04 00:53:47.545  7769  9989 I art     : Explicit concurrent mark sweep GC freed 3(96B) AllocSpace objects, 0(0B) LOS objects, 28% free, 39MB/55MB, paused 395us total 51.953ms
08-04 00:53:47.561  7769  9989 I art     : Starting a blocking GC Explicit
08-04 00:53:47.606  7769  9989 I art     : Explicit concurrent mark sweep GC freed 3(96B) AllocSpace objects, 0(0B) LOS objects, 28% free, 39MB/55MB, paused 390us total 45.336ms
08-04 00:53:47.914   518   646 I ThermalEngine: ACTION: GPU - Setting GPU[0] to 450000000
08-04 00:53:47.927  7769  8103 I art     : Starting a blocking GC Explicit
08-04 00:53:48.004  7769  8103 I art     : Explicit concurrent mark sweep GC freed 1403(85KB) AllocSpace objects, 1(20KB) LOS objects, 28% free, 39MB/55MB, paused 508us total 76.344ms
08-04 00:53:48.024  7769  8103 I art     : Starting a blocking GC Explicit
08-04 00:53:48.080  7769  8103 I art     : Explicit concurrent mark sweep GC freed 20(704B) AllocSpace objects, 0(0B) LOS objects, 28% free, 39MB/55MB, paused 522us total 55.817ms
08-04 00:53:48.100  7769  8103 I art     : Starting a blocking GC Explicit
08-04 00:53:48.163  7769  8103 I art     : Explicit concurrent mark sweep GC freed 3(96B) AllocSpace objects, 0(0B) LOS objects, 28% free, 39MB/55MB, paused 527us total 63.258ms
08-04 00:53:48.185  7769  8103 I art     : Starting a blocking GC Explicit
08-04 00:53:48.258  7769  8103 I art     : Explicit concurrent mark sweep GC freed 15(560B) AllocSpace objects, 0(0B) LOS objects, 28% free, 39MB/55MB, paused 620us total 72.645ms
08-04 00:53:48.283  7769  8103 I art     : Starting a blocking GC Explicit
08-04 00:53:48.358  7769  8103 I art     : Explicit concurrent mark sweep GC freed 3(96B) AllocSpace objects, 0(0B) LOS objects, 28% free, 39MB/55MB, paused 688us total 74.499ms
08-04 00:53:48.724  7769  7780 I art     : Starting a blocking GC Explicit
08-04 00:53:48.813  7769  7780 I art     : Explicit concurrent mark sweep GC freed 1395(84KB) AllocSpace objects, 1(20KB) LOS objects, 28% free, 39MB/55MB, paused 597us total 89.050ms
08-04 00:53:48.837  7769  7780 I art     : Starting a blocking GC Explicit
08-04 00:53:48.910  7769  7780 I art     : Explicit concurrent mark sweep GC freed 20(704B) AllocSpace objects, 0(0B) LOS objects, 28% free, 39MB/55MB, paused 523us total 72.959ms
08-04 00:53:48.932  7769  7780 I art     : Starting a blocking GC Explicit
08-04 00:53:49.004  7769  7780 I art     : Explicit concurrent mark sweep GC freed 3(96B) AllocSpace objects, 0(0B) LOS objects, 28% free, 39MB/55MB, paused 498us total 71.097ms
08-04 00:53:49.025  7769  7780 I art     : Starting a blocking GC Explicit
08-04 00:53:49.104  7769  7780 I art     : Explicit concurrent mark sweep GC freed 3(96B) AllocSpace objects, 0(0B) LOS objects, 28% free, 39MB/55MB, paused 499us total 78.731ms
08-04 00:53:49.127  7769  7780 I art     : Starting a blocking GC Explicit
08-04 00:53:49.201  7769  7780 I art     : Explicit concurrent mark sweep GC freed 3(96B) AllocSpace objects, 0(0B) LOS objects, 28% free, 39MB/55MB, paused 509us total 73.407ms
08-04 00:53:49.574  7769  7781 I art     : Starting a blocking GC Explicit
08-04 00:53:49.660  7769  7781 I art     : Explicit concurrent mark sweep GC freed 1354(82KB) AllocSpace objects, 1(20KB) LOS objects, 28% free, 39MB/55MB, paused 595us total 85.097ms
08-04 00:53:49.684  7769  7781 I art     : Starting a blocking GC Explicit
08-04 00:53:49.763  7769  7781 I art     : Explicit concurrent mark sweep GC freed 20(704B) AllocSpace objects, 0(0B) LOS objects, 28% free, 39MB/55MB, paused 577us total 77.964ms
08-04 00:53:49.786  7769  7781 I art     : Starting a blocking GC Explicit
08-04 00:53:49.858  7769  7781 I art     : Explicit concurrent mark sweep GC freed 3(96B) AllocSpace objects, 0(0B) LOS objects, 28% free, 39MB/55MB, paused 490us total 72.312ms
08-04 00:53:49.880  7769  7781 I art     : Starting a blocking GC Explicit
08-04 00:53:49.954  7769  7781 I art     : Explicit concurrent mark sweep GC freed 3(96B) AllocSpace objects, 0(0B) LOS objects, 28% free, 39MB/55MB, paused 522us total 73.220ms
08-04 00:53:49.975  7769  7781 I art     : Starting a blocking GC Explicit
08-04 00:53:50.042  7769  7781 I art     : Explicit concurrent mark sweep GC freed 3(96B) AllocSpace objects, 0(0B) LOS objects, 28% free, 39MB/55MB, paused 465us total 66.393ms
08-04 00:53:50.419  7769  7797 I art     : Starting a blocking GC Explicit
08-04 00:53:50.514  7769  7797 I art     : Explicit concurrent mark sweep GC freed 1354(82KB) AllocSpace objects, 1(20KB) LOS objects, 28% free, 39MB/55MB, paused 565us total 94.531ms
08-04 00:53:50.537  7769  7797 I art     : Starting a blocking GC Explicit
08-04 00:53:50.610  7769  7797 I art     : Explicit concurrent mark sweep GC freed 20(704B) AllocSpace objects, 0(0B) LOS objects, 28% free, 39MB/55MB, paused 487us total 72.331ms
08-04 00:53:50.631  7769  7797 I art     : Starting a blocking GC Explicit
08-04 00:53:50.706  7769  7797 I art     : Explicit concurrent mark sweep GC freed 3(96B) AllocSpace objects, 0(0B) LOS objects, 28% free, 39MB/55MB, paused 523us total 74.261ms
08-04 00:53:50.731  7769  7797 I art     : Starting a blocking GC Explicit
08-04 00:53:50.798  7769  7797 I art     : Explicit concurrent mark sweep GC freed 3(96B) AllocSpace objects, 0(0B) LOS objects, 28% free, 39MB/55MB, paused 481us total 67.145ms
08-04 00:53:50.819  7769  7797 I art     : Starting a blocking GC Explicit
08-04 00:53:50.879  7769  7797 I art     : Explicit concurrent mark sweep GC freed 3(96B) AllocSpace objects, 0(0B) LOS objects, 28% free, 39MB/55MB, paused 481us total 59.633ms
08-04 00:53:50.918   518   646 I ThermalEngine: ACTION: GPU - Setting GPU[0] to 510000000
08-04 00:53:51.210  7769  9989 I art     : Starting a blocking GC Explicit
08-04 00:53:51.236 11533 11533 D AndroidRuntime: >>>>>> START com.android.internal.os.RuntimeInit uid 2000 <<<<<<
08-04 00:53:51.241 11533 11533 D AndroidRuntime: CheckJNI is OFF
08-04 00:53:51.268  7769  9989 I art     : Explicit concurrent mark sweep GC freed 1354(82KB) AllocSpace objects, 1(20KB) LOS objects, 28% free, 39MB/55MB, paused 423us total 57.731ms
08-04 00:53:51.279 11533 11533 D ICU     : No timezone override file found: /data/misc/zoneinfo/current/icu/icu_tzdata.dat
08-04 00:53:51.284  7769  9989 I art     : Starting a blocking GC Explicit
08-04 00:53:51.314 11533 11533 I Radio-JNI: register_android_hardware_Radio DONE
08-04 00:53:51.335  7769  9989 I art     : Explicit concurrent mark sweep GC freed 20(704B) AllocSpace objects, 0(0B) LOS objects, 28% free, 39MB/55MB, paused 342us total 50.703ms
08-04 00:53:51.336 11533 11533 D AndroidRuntime: Calling main entry com.android.commands.input.Input
08-04 00:53:51.338 11533 11533 I Input   : injectKeyEvent: KeyEvent { action=ACTION_DOWN, keyCode=KEYCODE_BACK, scanCode=0, metaState=0, flags=0x0, repeatCount=0, eventTime=665647751, downTime=665647751, deviceId=-1, source=0x101 }
08-04 00:53:51.345 11533 11533 I Input   : injectKeyEvent: KeyEvent { action=ACTION_UP, keyCode=KEYCODE_BACK, scanCode=0, metaState=0, flags=0x0, repeatCount=0, eventTime=665647751, downTime=665647751, deviceId=-1, source=0x101 }
08-04 00:53:51.351  7769  9989 I art     : Starting a blocking GC Explicit
08-04 00:53:51.351 11533 11533 D AndroidRuntime: Shutting down VM
08-04 00:53:51.391 13866 13866 I GoogleInputMethodServic: GoogleInputMethodService.onFinishInput():3138 
08-04 00:53:51.392 13866 13866 I GoogleInputMethodServic: GoogleInputMethodService.onStartInput():1808 
08-04 00:53:51.397  7769  9989 I art     : Explicit concurrent mark sweep GC freed 145(5KB) AllocSpace objects, 0(0B) LOS objects, 28% free, 39MB/55MB, paused 387us total 45.881ms
08-04 00:53:51.413  7769  9989 I art     : Starting a blocking GC Explicit
08-04 00:53:51.460  7769  9989 I art     : Explicit concurrent mark sweep GC freed 117(3KB) AllocSpace objects, 0(0B) LOS objects, 28% free, 39MB/55MB, paused 387us total 46.030ms
08-04 00:53:51.474  7769  9989 I art     : Starting a blocking GC Explicit
08-04 00:53:51.519  7769  9989 I art     : Explicit concurrent mark sweep GC freed 18(624B) AllocSpace objects, 0(0B) LOS objects, 28% free, 39MB/55MB, paused 339us total 44.847ms
08-04 00:53:51.714   380   380 W SurfaceFlinger: couldn't log to binary event log: overflow.
08-04 00:53:51.802  7769  7780 I art     : Starting a blocking GC Explicit
08-04 00:53:51.858  7769  7780 I art     : Explicit concurrent mark sweep GC freed 1418(85KB) AllocSpace objects, 1(20KB) LOS objects, 28% free, 39MB/55MB, paused 508us total 55.061ms
08-04 00:53:51.875  7769  7780 I art     : Starting a blocking GC Explicit
08-04 00:53:51.920  7769  7780 I art     : Explicit concurrent mark sweep GC freed 41409(2MB) AllocSpace objects, 5(140KB) LOS objects, 29% free, 37MB/53MB, paused 368us total 44.480ms
08-04 00:53:51.935  7769  7780 I art     : Starting a blocking GC Explicit
08-04 00:53:51.974  7769  7780 I art     : Explicit concurrent mark sweep GC freed 3(96B) AllocSpace objects, 0(0B) LOS objects, 29% free, 37MB/53MB, paused 371us total 39.405ms
08-04 00:53:51.989  7769  7780 I art     : Starting a blocking GC Explicit
08-04 00:53:52.032  7769  7780 I art     : Explicit concurrent mark sweep GC freed 3(96B) AllocSpace objects, 0(0B) LOS objects, 29% free, 37MB/53MB, paused 391us total 42.289ms
08-04 00:53:52.047  7769  7780 I art     : Starting a blocking GC Explicit
08-04 00:53:52.089  7769  7780 I art     : Explicit concurrent mark sweep GC freed 3(96B) AllocSpace objects, 0(0B) LOS objects, 29% free, 37MB/53MB, paused 379us total 41.609ms
08-04 00:53:52.401  7769  8103 I art     : Starting a blocking GC Explicit
08-04 00:53:52.454  7769  8103 I art     : Explicit concurrent mark sweep GC freed 1354(82KB) AllocSpace objects, 1(20KB) LOS objects, 29% free, 37MB/53MB, paused 429us total 52.870ms
08-04 00:53:52.472  7769  8103 I art     : Starting a blocking GC Explicit
08-04 00:53:52.515  7769  8103 I art     : Explicit concurrent mark sweep GC freed 20(704B) AllocSpace objects, 0(0B) LOS objects, 29% free, 37MB/53MB, paused 375us total 42.122ms
08-04 00:53:52.530  7769  8103 I art     : Starting a blocking GC Explicit
08-04 00:53:52.572  7769  8103 I art     : Explicit concurrent mark sweep GC freed 3(96B) AllocSpace objects, 0(0B) LOS objects, 29% free, 37MB/53MB, paused 399us total 41.960ms
08-04 00:53:52.588  7769  8103 I art     : Starting a blocking GC Explicit
08-04 00:53:52.626  7769  8103 I art     : Explicit concurrent mark sweep GC freed 3(96B) AllocSpace objects, 0(0B) LOS objects, 29% free, 37MB/53MB, paused 361us total 38.028ms
08-04 00:53:52.640  7769  8103 I art     : Starting a blocking GC Explicit
08-04 00:53:52.679  7769  8103 I art     : Explicit concurrent mark sweep GC freed 3(96B) AllocSpace objects, 0(0B) LOS objects, 29% free, 37MB/53MB, paused 379us total 38.733ms
08-04 00:53:52.976  7769  7797 I art     : Starting a blocking GC Explicit
08-04 00:53:53.002 11578 11578 D AndroidRuntime: >>>>>> START com.android.internal.os.RuntimeInit uid 2000 <<<<<<
08-04 00:53:53.007 11578 11578 D AndroidRuntime: CheckJNI is OFF
08-04 00:53:53.017  7769  7797 I art     : Explicit concurrent mark sweep GC freed 1354(82KB) AllocSpace objects, 1(20KB) LOS objects, 29% free, 37MB/53MB, paused 328us total 40.220ms
08-04 00:53:53.030  7769  7797 I art     : Starting a blocking GC Explicit
08-04 00:53:53.041 11578 11578 D ICU     : No timezone override file found: /data/misc/zoneinfo/current/icu/icu_tzdata.dat
08-04 00:53:53.067  7769  7797 I art     : Explicit concurrent mark sweep GC freed 20(704B) AllocSpace objects, 0(0B) LOS objects, 29% free, 37MB/53MB, paused 371us total 36.024ms
08-04 00:53:53.073 11578 11578 I Radio-JNI: register_android_hardware_Radio DONE
08-04 00:53:53.080  7769  7797 I art     : Starting a blocking GC Explicit
08-04 00:53:53.095 11578 11578 D AndroidRuntime: Calling main entry com.android.commands.input.Input
08-04 00:53:53.096 11578 11578 I Input   : injectKeyEvent: KeyEvent { action=ACTION_DOWN, keyCode=KEYCODE_BACK, scanCode=0, metaState=0, flags=0x0, repeatCount=0, eventTime=665649509, downTime=665649509, deviceId=-1, source=0x101 }
08-04 00:53:53.101 11578 11578 I Input   : injectKeyEvent: KeyEvent { action=ACTION_UP, keyCode=KEYCODE_BACK, scanCode=0, metaState=0, flags=0x0, repeatCount=0, eventTime=665649509, downTime=665649509, deviceId=-1, source=0x101 }
08-04 00:53:53.107 11578 11578 D AndroidRuntime: Shutting down VM
08-04 00:53:53.116  7769  7797 I art     : Explicit concurrent mark sweep GC freed 106(3KB) AllocSpace objects, 0(0B) LOS objects, 29% free, 37MB/53MB, paused 366us total 35.186ms
08-04 00:53:53.130  7769  7797 I art     : Starting a blocking GC Explicit
08-04 00:53:53.146 13866 13866 I GoogleInputMethodServic: GoogleInputMethodService.onFinishInput():3138 
08-04 00:53:53.147 13866 13866 I GoogleInputMethodServic: GoogleInputMethodService.onStartInput():1808 
08-04 00:53:53.165  7769  7797 I art     : Explicit concurrent mark sweep GC freed 16(736B) AllocSpace objects, 0(0B) LOS objects, 29% free, 37MB/53MB, paused 440us total 34.307ms
08-04 00:53:53.179  7769  7797 I art     : Starting a blocking GC Explicit
08-04 00:53:53.214  7769  7797 I art     : Explicit concurrent mark sweep GC freed 70(2304B) AllocSpace objects, 0(0B) LOS objects, 29% free, 37MB/53MB, paused 395us total 35.274ms
08-04 00:53:53.312   918  3261 D WifiStateMachine: starting scan for "H369AA63323"WPA_PSK with 2412,5180
08-04 00:53:53.503  7769  7797 I art     : Starting a blocking GC Explicit
08-04 00:53:53.546  7769  7797 I art     : Explicit concurrent mark sweep GC freed 1409(84KB) AllocSpace objects, 1(20KB) LOS objects, 29% free, 37MB/53MB, paused 414us total 42.269ms
08-04 00:53:53.561  7769  7797 I art     : Starting a blocking GC Explicit
08-04 00:53:53.603  7769  7797 I art     : Explicit concurrent mark sweep GC freed 150(7KB) AllocSpace objects, 0(0B) LOS objects, 29% free, 37MB/53MB, paused 427us total 42.258ms
08-04 00:53:53.618  7769  7797 I art     : Starting a blocking GC Explicit
08-04 00:53:53.660  7769  7797 I art     : Explicit concurrent mark sweep GC freed 3(96B) AllocSpace objects, 0(0B) LOS objects, 29% free, 37MB/53MB, paused 415us total 41.692ms
08-04 00:53:53.675  7769  7797 I art     : Starting a blocking GC Explicit
08-04 00:53:53.718  7769  7797 I art     : Explicit concurrent mark sweep GC freed 3(96B) AllocSpace objects, 0(0B) LOS objects, 29% free, 37MB/53MB, paused 446us total 42.408ms
08-04 00:53:53.733  7769  7797 I art     : Starting a blocking GC Explicit
08-04 00:53:53.775  7769  7797 I art     : Explicit concurrent mark sweep GC freed 3(96B) AllocSpace objects, 0(0B) LOS objects, 29% free, 37MB/53MB, paused 413us total 42.219ms
08-04 00:53:54.100  7769  9989 I art     : Starting a blocking GC Explicit
08-04 00:53:54.158  7769  9989 I art     : Explicit concurrent mark sweep GC freed 1354(82KB) AllocSpace objects, 1(20KB) LOS objects, 29% free, 37MB/53MB, paused 474us total 57.040ms
08-04 00:53:54.173  7769  9989 I art     : Starting a blocking GC Explicit
08-04 00:53:54.216  7769  9989 I art     : Explicit concurrent mark sweep GC freed 20(704B) AllocSpace objects, 0(0B) LOS objects, 29% free, 37MB/53MB, paused 421us total 42.515ms
08-04 00:53:54.231  7769  9989 I art     : Starting a blocking GC Explicit
08-04 00:53:54.274  7769  9989 I art     : Explicit concurrent mark sweep GC freed 3(96B) AllocSpace objects, 0(0B) LOS objects, 29% free, 37MB/53MB, paused 431us total 42.873ms
08-04 00:53:54.289  7769  9989 I art     : Starting a blocking GC Explicit
08-04 00:53:54.331  7769  9989 I art     : Explicit concurrent mark sweep GC freed 3(96B) AllocSpace objects, 0(0B) LOS objects, 29% free, 37MB/53MB, paused 416us total 41.515ms
08-04 00:53:54.346  7769  9989 I art     : Starting a blocking GC Explicit
08-04 00:53:54.386  7769  9989 I art     : Explicit concurrent mark sweep GC freed 3(96B) AllocSpace objects, 0(0B) LOS objects, 29% free, 37MB/53MB, paused 374us total 40.120ms
08-04 00:53:54.677  7769  7780 I art     : Starting a blocking GC Explicit
08-04 00:53:54.720  7769  7780 I art     : Explicit concurrent mark sweep GC freed 1354(82KB) AllocSpace objects, 1(20KB) LOS objects, 29% free, 37MB/53MB, paused 413us total 42.477ms
08-04 00:53:54.735  7769  7780 I art     : Starting a blocking GC Explicit
08-04 00:53:54.774  7769  7780 I art     : Explicit concurrent mark sweep GC freed 20(704B) AllocSpace objects, 0(0B) LOS objects, 29% free, 37MB/53MB, paused 409us total 38.916ms
08-04 00:53:54.789  7769  7780 I art     : Starting a blocking GC Explicit
08-04 00:53:54.818 11627 11627 D AndroidRuntime: >>>>>> START com.android.internal.os.RuntimeInit uid 2000 <<<<<<
08-04 00:53:54.823 11627 11627 D AndroidRuntime: CheckJNI is OFF
08-04 00:53:54.829  7769  7780 I art     : Explicit concurrent mark sweep GC freed 3(96B) AllocSpace objects, 0(0B) LOS objects, 29% free, 37MB/53MB, paused 422us total 40.363ms
08-04 00:53:54.844  7769  7780 I art     : Starting a blocking GC Explicit
08-04 00:53:54.859 11627 11627 D ICU     : No timezone override file found: /data/misc/zoneinfo/current/icu/icu_tzdata.dat
08-04 00:53:54.883  7769  7780 I art     : Explicit concurrent mark sweep GC freed 3(96B) AllocSpace objects, 0(0B) LOS objects, 29% free, 37MB/53MB, paused 410us total 38.945ms
08-04 00:53:54.895 11627 11627 I Radio-JNI: register_android_hardware_Radio DONE
08-04 00:53:54.897  7769  7780 I art     : Starting a blocking GC Explicit
08-04 00:53:54.917 11627 11627 D AndroidRuntime: Calling main entry com.android.commands.am.Am
08-04 00:53:54.928  8825  8825 I Trepn   : Trepn 6.2s: Received intent: com.quicinc.trepn.stop_profiling
08-04 00:53:54.936  7769  7780 I art     : Explicit concurrent mark sweep GC freed 3(96B) AllocSpace objects, 0(0B) LOS objects, 29% free, 37MB/53MB, paused 363us total 38.396ms
08-04 00:53:54.965  8825  8825 I Trepn   : Trepn 6.2s: Trepn has Stopped Profiling.
08-04 00:53:55.171 11627 11627 D AndroidRuntime: Shutting down VM
08-04 00:53:55.175   918  4413 W AppOps  : Finishing op nesting under-run: uid 10078 pkg com.quicinc.trepn code 24 time=0 duration=0 nesting=0
08-04 00:53:55.251  7769  8103 I art     : Starting a blocking GC Explicit
08-04 00:53:55.293  7769  8103 I art     : Explicit concurrent mark sweep GC freed 1354(82KB) AllocSpace objects, 1(20KB) LOS objects, 29% free, 37MB/53MB, paused 416us total 41.822ms
08-04 00:53:55.308  7769  8103 I art     : Starting a blocking GC Explicit
08-04 00:53:55.351  7769  8103 I art     : Explicit concurrent mark sweep GC freed 20(704B) AllocSpace objects, 0(0B) LOS objects, 29% free, 37MB/53MB, paused 409us total 42.195ms
08-04 00:53:55.366  7769  8103 I art     : Starting a blocking GC Explicit
08-04 00:53:55.408  7769  8103 I art     : Explicit concurrent mark sweep GC freed 3(96B) AllocSpace objects, 0(0B) LOS objects, 29% free, 37MB/53MB, paused 430us total 41.978ms
08-04 00:53:55.423  7769  8103 I art     : Starting a blocking GC Explicit
08-04 00:53:55.462  7769  8103 I art     : Explicit concurrent mark sweep GC freed 3(96B) AllocSpace objects, 0(0B) LOS objects, 29% free, 37MB/53MB, paused 371us total 38.779ms
08-04 00:53:55.476  7769  8103 I art     : Starting a blocking GC Explicit
08-04 00:53:55.515  7769  8103 I art     : Explicit concurrent mark sweep GC freed 3(96B) AllocSpace objects, 0(0B) LOS objects, 29% free, 37MB/53MB, paused 394us total 38.599ms
08-04 00:53:59.354  4731  4731 I ServiceManager: Waiting for service AtCmdFwd...
