--------- beginning of main
08-04 22:02:00.443   918  3670 I AccountManagerService: getTypesVisibleToCaller: isPermitted? true
08-04 22:02:00.445  3784  3784 D CarrierServiceBindHelper: Receive action: android.intent.action.PACKAGE_REMOVED
08-04 22:02:00.476  8429  8429 I Finsky  : [1] uah.a(18): PackageMonitorReceiverImpl - Received: android.intent.action.PACKAGE_REMOVED, [ocpw8ddNLhG67i_cxGNvtEQwqY1k5QNC_my-vN553D4]
08-04 22:02:00.477  8429  8429 I Finsky  : [1] ubi.d(9): Invalidating cached PackageState for baseline.org.quantumbadger.redreader
08-04 22:02:00.477 24365 23422 I Fitness : FitCleanupIntentOperation received Intent android.intent.action.PACKAGE_REMOVED [CONTEXT service_id=17 ]
08-04 22:02:00.481  8429  8429 I Finsky  : [1] lzi.c(2): Frosting ID looked up on UI thread. Caller should move to a background thread.
08-04 22:02:00.484  8429  8429 I Finsky  : [1] nqb.c(3): Installer: package baseline.org.quantumbadger.redreader was removed. replacing: true
08-04 22:02:00.485  8429  8429 I Finsky  : [1] nra.a(188): Installer: Notifying status update. package=baseline.org.quantumbadger.redreader, status=UNINSTALLED
08-04 22:02:00.488  8429 23365 I Finsky  : [6382] gzn.a(-1): [ContentSync] finished, scheduled=false
08-04 22:02:00.493  8429 23370 I Finsky  : [6383] ejf.a(-1): Cancelled 0 ongoing asset module downloads for package baseline.org.quantumbadger.redreader due to a concurrent app update.
08-04 22:02:00.496   918  3359 I AccountManagerService: getTypesVisibleToCaller: isPermitted? true
08-04 22:02:00.497  8429  8429 I Finsky  : [1] lzi.c(2): Frosting ID looked up on UI thread. Caller should move to a background thread.
08-04 22:02:00.499  3784  3784 D CarrierServiceBindHelper: Receive action: android.intent.action.PACKAGE_ADDED
08-04 22:02:00.500  3784  3784 D CarrierServiceBindHelper: Receive action: android.intent.action.PACKAGE_REPLACED
08-04 22:02:00.500  3784  3784 D CarrierServiceBindHelper: mHandler: 3
08-04 22:02:00.500  3784  3784 D CarrierServiceBindHelper: mHandler: 3
08-04 22:02:00.500  3784  3784 D CarrierServiceBindHelper: mHandler: 3
08-04 22:02:00.501  3784  3784 D CarrierConfigLoader: mHandler: 9 phoneId: 0
08-04 22:02:00.508  8429  8429 I Finsky  : [1] nra.a(220): Installer: found apps to install. isMultiUserMode=false, apps=[]
08-04 22:02:00.512  8429  8653 I Finsky  : [5852] odj.b(52): IQ: Notifying installation update. package=baseline.org.quantumbadger.redreader, status=UNINSTALLED
08-04 22:02:00.521  8429 23363 I Finsky  : [6381] lyv.run(-1): Wrote row to frosting DB: 2532
08-04 22:02:00.540 24577 23431 I Auth    : [SupervisedAccountIntentOperation] onHandleIntent(): android.intent.action.PACKAGE_ADDED
08-04 22:02:00.542 24577 23431 I ChromeSync: [Sync,SyncIntentOperation] Handling the intent: Intent { act=android.intent.action.PACKAGE_ADDED dat=package:baseline.org.quantumbadger.redreader flg=0x4000010 cmp=com.google.android.gms/.chimera.GmsIntentOperationService (has extras) }.
08-04 22:02:00.544  8429  8429 I Finsky  : [1] uah.a(18): PackageMonitorReceiverImpl - Received: android.intent.action.PACKAGE_ADDED, [ocpw8ddNLhG67i_cxGNvtEQwqY1k5QNC_my-vN553D4]
08-04 22:02:00.545  8429  8429 I Finsky  : [1] ubi.d(9): Invalidating cached PackageState for baseline.org.quantumbadger.redreader
--------- beginning of system
08-04 22:02:00.548   918   929 W ActivityManager: Unable to start service Intent { act=com.google.android.gms.auth.key.retrieval.service.START pkg=com.google.android.gms } U=0: not found
08-04 22:02:00.548   918  6110 W ActivityManager: Unbind failed: could not find connection for android.os.BinderProxy@fc9b5a4
08-04 22:02:00.549 24577 24621 E GmsClient: unable to connect to service: com.google.android.gms.auth.key.retrieval.service.START on com.google.android.gms
08-04 22:02:00.549  8429  8429 I Finsky  : [1] lzi.c(2): Frosting ID looked up on UI thread. Caller should move to a background thread.
08-04 22:02:00.556  8429 23363 I Finsky  : [6381] lyv.run(-1): Wrote row to frosting DB: 2533
08-04 22:02:00.560  8429  8653 I Finsky  : [5852] odj.b(40): IQ: No matching installs to run for jobs: []
08-04 22:02:00.571  8429 23363 I Finsky  : [6381] lyv.run(-1): Wrote row to frosting DB: 2534
08-04 22:02:00.597  8429  8429 I Finsky  : [1] agsx.a(4): Do not start WearSupportService due to Wear service optimization
08-04 22:02:00.606  8429 23370 I Finsky  : [6383] ejc.a(-1): Asset module broadcast after update successful for package baseline.org.quantumbadger.redreader. 0 sessions broadcast.
08-04 22:02:00.610  8429 23365 I Finsky  : [6382] gzn.a(-1): [ContentSync] finished, scheduled=false
08-04 22:02:00.617   918  4413 I AccountManagerService: getTypesVisibleToCaller: isPermitted? true
08-04 22:02:00.618 24577 23431 I ChromeSync: [Persistence,AffiliationManager] One of affiliation or grouping data for android://bz0hZa4nAJEtd0n5sRlXG7KAqctUMWVefv7Ki4mh1p6slZ9YO-n9gS9j8m9YCrsIyI2wIxrDHraumF9Y6pBLTA==@baseline.org.quantumbadger.redreader/ was not found. Marking affiliation data as stale...
08-04 22:02:00.618  8429  8429 I Finsky  : [1] lzi.c(2): Frosting ID looked up on UI thread. Caller should move to a background thread.
08-04 22:02:00.620 24577 13293 I Icing   : IndexChimeraService.getServiceInterface callingPackage=com.google.android.gms componentName=AppsCorpus serviceId=36
08-04 22:02:00.650  8429 23363 I Finsky  : [6381] lyv.run(-1): Wrote row to frosting DB: 2535
08-04 22:02:00.667   918  3359 I AccountManagerService: getTypesVisibleToCaller: isPermitted? true
08-04 22:02:00.668 24577 17453 W Icing   : No valid account for uploading user actions
08-04 22:02:00.672   918  6029 I AccountManagerService: getTypesVisibleToCaller: isPermitted? true
08-04 22:02:00.700 24577 17453 I Icing   : Usage reports ok 0, Failed Usage reports 0, indexed 0, rejected 0
08-04 22:02:00.708 24577 13293 I Icing   : IndexChimeraService.getServiceInterface callingPackage=com.google.android.gms componentName=null serviceId=30
08-04 22:02:00.727 24577 17453 I Icing   : Indexing com.google.android.gms-internal.3p:MobileApplication from com.google.android.gms using seqno 763
08-04 22:02:00.729 24577 17453 I Icing   : Indexing com.google.android.gms-internal.3p:MobileApplication from com.google.android.gms using seqno 763
08-04 22:02:00.755 24577 17453 W Icing   : No valid account for uploading user actions
08-04 22:02:00.770 24577 17453 I Icing   : Usage reports ok 0, Failed Usage reports 0, indexed 0, rejected 0
08-04 22:02:01.041 23445 23445 D AndroidRuntime: >>>>>> START com.android.internal.os.RuntimeInit uid 2000 <<<<<<
08-04 22:02:01.047 23445 23445 D AndroidRuntime: CheckJNI is OFF
08-04 22:02:01.078 23445 23445 D ICU     : No timezone override file found: /data/misc/zoneinfo/current/icu/icu_tzdata.dat
08-04 22:02:01.116 23445 23445 I Radio-JNI: register_android_hardware_Radio DONE
08-04 22:02:01.134 23445 23445 D AndroidRuntime: Calling main entry com.android.commands.monkey.Monkey
08-04 22:02:01.150   918   931 W BroadcastQueue: Skipping deliver [background] BroadcastRecord{1c087ed u-1 android.net.conn.CONNECTIVITY_CHANGE} to ReceiverList{6b24622 23445 (unknown name)/2000/u-1 remote:b7dc217}: process crashing
08-04 22:02:01.160   918  3359 I ActivityManager: START u0 {act=android.intent.action.MAIN cat=[android.intent.category.LAUNCHER] flg=0x10200000 cmp=baseline.org.quantumbadger.redreader/.activities.MainActivity} from uid 2000 on display 0
08-04 22:02:01.199   918  3961 I ActivityManager: Start proc 23454:baseline.org.quantumbadger.redreader/u0a666 for activity baseline.org.quantumbadger.redreader/.activities.MainActivity
08-04 22:02:01.202 23454 23454 I art     : Late-enabling -Xcheck:jni
08-04 22:02:01.212 23445 23445 I art     : System.exit called, status: 0
08-04 22:02:01.212 23445 23445 I AndroidRuntime: VM exiting with result code 0.
08-04 22:02:01.269   719  2127 I PBSessionCacheImpl: Deleted sessionId[3163792008073881] from persistence.
08-04 22:02:01.272   719   760 W SearchServiceCore: Abort, client detached.
08-04 22:02:01.272   719   760 I MicroDetectionState: Should stop hotword detection immediately - true
08-04 22:02:01.278 23454 23454 W System  : ClassLoader referenced unknown path: /data/app/baseline.org.quantumbadger.redreader-2/lib/arm64
08-04 22:02:01.292 23454 23454 I RedReader: Application created.
08-04 22:02:01.299 23454 23471 I RedditChangeDataIO: Running initial read...
08-04 22:02:01.301 23454 23454 I RedReader: Checking for new messages.
08-04 22:02:01.302 23454 23471 I RedditChangeDataIO: Data file at '/data/user/0/baseline.org.quantumbadger.redreader/files/rr_change_data.dat'
08-04 22:02:01.302 23454 23471 I RedditChangeDataIO: Data file does not exist. Aborting read.
08-04 22:02:01.302 23454 23471 I RedditChangeDataManager: Pruning for all users...
08-04 22:02:01.303 23454 23471 I RedditChangeDataManager: Pruning complete.
08-04 22:02:01.382 23454 23454 W art     : Before Android 4.1, method android.graphics.PorterDuffColorFilter androidx.vectordrawable.graphics.drawable.VectorDrawableCompat.updateTintFilter(android.graphics.PorterDuffColorFilter, android.content.res.ColorStateList, android.graphics.PorterDuff$Mode) would have incorrectly overridden the package-private method in android.graphics.drawable.Drawable
08-04 22:02:01.403 23454 23454 I art     : Rejecting re-init on previously-failed class java.lang.Class<androidx.core.view.ViewCompat$2>
08-04 22:02:01.403 23454 23454 I art     : Rejecting re-init on previously-failed class java.lang.Class<androidx.core.view.ViewCompat$2>
08-04 22:02:01.411 23454 23454 I AppCompatViewInflater: app:theme is now deprecated. Please move to using android:theme instead.
08-04 22:02:01.415 23454 23470 I CacheManager: Pruning 108 files
08-04 22:02:01.521   918  3188 I hubconnection: sensorhub said: 'set_bias 3: -6.2400, 0.0000, 0.0000'
08-04 22:02:01.686 23454 23454 I RawObjectDB query string: CREATE TABLE objects(RawObjectDB_id TEXT PRIMARY KEY ON CONFLICT REPLACE,RawObjectDB_timestamp INTEGER,serialised TEXT)
08-04 22:02:01.707 24577 11892 I Icing   : Indexing com.google.android.gms-apps from com.google.android.gms
08-04 22:02:01.748 23454 23454 I RawObjectDB query string: CREATE TABLE objects(RawObjectDB_id TEXT PRIMARY KEY ON CONFLICT REPLACE,RawObjectDB_timestamp INTEGER,serialised TEXT)
08-04 22:02:01.800 24577 11892 I Icing   : Indexing done com.google.android.gms-apps
08-04 22:02:01.818 23454 23473 D OpenGLRenderer: Use EGL_SWAP_BEHAVIOR_PRESERVED: true
08-04 22:02:01.893 23454 23473 I Adreno  : QUALCOMM build                   : fcf4852, I1af360237c
08-04 22:02:01.893 23454 23473 I Adreno  : Build Date                       : 09/23/15
08-04 22:02:01.893 23454 23473 I Adreno  : OpenGL ES Shader Compiler Version: XE031.05.13.02
08-04 22:02:01.893 23454 23473 I Adreno  : Local Branch                     : mybranch14465806
08-04 22:02:01.893 23454 23473 I Adreno  : Remote Branch                    : quic/LA.BF64.1.2.9_v2
08-04 22:02:01.893 23454 23473 I Adreno  : Remote Branch                    : NONE
08-04 22:02:01.893 23454 23473 I Adreno  : Reconstruct Branch               : NOTHING
08-04 22:02:01.906 23454 23473 I OpenGLRenderer: Initialized EGL, version 1.4
08-04 22:02:02.147 17294 17294 I ServiceManager: Waiting for service AtCmdFwd...
08-04 22:02:02.250   918   936 I ActivityManager: Displayed baseline.org.quantumbadger.redreader/.activities.MainActivity: +1s77ms
08-04 22:02:02.777 23488 23488 D AndroidRuntime: >>>>>> START com.android.internal.os.RuntimeInit uid 2000 <<<<<<
08-04 22:02:02.784 23488 23488 D AndroidRuntime: CheckJNI is OFF
08-04 22:02:02.815 23488 23488 D ICU     : No timezone override file found: /data/misc/zoneinfo/current/icu/icu_tzdata.dat
08-04 22:02:02.847 23488 23488 I Radio-JNI: register_android_hardware_Radio DONE
08-04 22:02:02.866 23488 23488 D AndroidRuntime: Calling main entry com.android.commands.am.Am
08-04 22:02:02.877  2246  2246 I Trepn   : Trepn 6.2s: Received intent: com.quicinc.trepn.start_profiling
08-04 22:02:02.971  2246  2246 W FileUtils: Failed to chmod(/storage/emulated/0/trepn/Trepn_2020.08.04_220202.db): android.system.ErrnoException: chmod failed: EPERM (Operation not permitted)
08-04 22:02:03.076  2246  2246 I Trepn   : Trepn 6.2s: Trepn has Started Profiling.
08-04 22:02:03.078 23488 23488 D AndroidRuntime: Shutting down VM
08-04 22:02:03.147 17294 17294 I ServiceManager: Waiting for service AtCmdFwd...
08-04 22:02:03.570 23454 23466 I art     : Starting a blocking GC Explicit
08-04 22:02:03.608 23454 23466 I art     : Explicit concurrent mark sweep GC freed 30065(2MB) AllocSpace objects, 8(216KB) LOS objects, 40% free, 20MB/34MB, paused 166us total 37.410ms
08-04 22:02:03.619 23454 23466 I art     : Starting a blocking GC Explicit
08-04 22:02:03.630 23454 23466 I art     : Explicit concurrent mark sweep GC freed 1535(73KB) AllocSpace objects, 0(0B) LOS objects, 40% free, 20MB/34MB, paused 126us total 9.996ms
08-04 22:02:03.638 23454 23466 I art     : Starting a blocking GC Explicit
08-04 22:02:03.648 23454 23466 I art     : Explicit concurrent mark sweep GC freed 5(160B) AllocSpace objects, 0(0B) LOS objects, 40% free, 20MB/34MB, paused 261us total 10.089ms
08-04 22:02:03.656 23454 23466 I art     : Starting a blocking GC Explicit
08-04 22:02:03.669 23454 23466 I art     : Explicit concurrent mark sweep GC freed 6(192B) AllocSpace objects, 0(0B) LOS objects, 40% free, 20MB/34MB, paused 134us total 12.486ms
08-04 22:02:03.677 23454 23466 I art     : Starting a blocking GC Explicit
08-04 22:02:03.689 23454 23466 I art     : Explicit concurrent mark sweep GC freed 6(192B) AllocSpace objects, 0(0B) LOS objects, 40% free, 20MB/34MB, paused 110us total 11.234ms
08-04 22:02:03.957 23454 23466 I art     : Starting a blocking GC Explicit
08-04 22:02:03.973 23454 23466 I art     : Explicit concurrent mark sweep GC freed 1334(78KB) AllocSpace objects, 1(20KB) LOS objects, 40% free, 20MB/34MB, paused 158us total 15.858ms
08-04 22:02:03.985 23454 23466 I art     : Starting a blocking GC Explicit
08-04 22:02:03.999 23454 23466 I art     : Explicit concurrent mark sweep GC freed 20(704B) AllocSpace objects, 0(0B) LOS objects, 40% free, 20MB/34MB, paused 136us total 13.751ms
08-04 22:02:04.010 23454 23466 I art     : Starting a blocking GC Explicit
08-04 22:02:04.022 23454 23466 I art     : Explicit concurrent mark sweep GC freed 3(96B) AllocSpace objects, 0(0B) LOS objects, 40% free, 20MB/34MB, paused 111us total 11.933ms
08-04 22:02:04.030 23454 23466 I art     : Starting a blocking GC Explicit
08-04 22:02:04.041 23454 23466 I art     : Explicit concurrent mark sweep GC freed 3(96B) AllocSpace objects, 0(0B) LOS objects, 40% free, 20MB/34MB, paused 113us total 10.612ms
08-04 22:02:04.048 23454 23466 I art     : Starting a blocking GC Explicit
08-04 22:02:04.058 23454 23466 I art     : Explicit concurrent mark sweep GC freed 3(96B) AllocSpace objects, 0(0B) LOS objects, 40% free, 20MB/34MB, paused 108us total 9.191ms
08-04 22:02:04.148 17294 17294 I ServiceManager: Waiting for service AtCmdFwd...
08-04 22:02:04.336 23454 23517 I art     : Starting a blocking GC Explicit
08-04 22:02:04.352 23454 23517 I art     : Explicit concurrent mark sweep GC freed 1330(77KB) AllocSpace objects, 1(20KB) LOS objects, 40% free, 20MB/34MB, paused 137us total 15.986ms
08-04 22:02:04.365 23454 23517 I art     : Starting a blocking GC Explicit
08-04 22:02:04.376 23454 23517 I art     : Explicit concurrent mark sweep GC freed 20(704B) AllocSpace objects, 0(0B) LOS objects, 40% free, 20MB/34MB, paused 117us total 11.224ms
08-04 22:02:04.385 23454 23517 I art     : Starting a blocking GC Explicit
08-04 22:02:04.396 23454 23517 I art     : Explicit concurrent mark sweep GC freed 3(96B) AllocSpace objects, 0(0B) LOS objects, 40% free, 20MB/34MB, paused 122us total 10.595ms
08-04 22:02:04.404 23454 23517 I art     : Starting a blocking GC Explicit
08-04 22:02:04.414 23454 23517 I art     : Explicit concurrent mark sweep GC freed 3(96B) AllocSpace objects, 0(0B) LOS objects, 40% free, 20MB/34MB, paused 120us total 10.326ms
08-04 22:02:04.422 23454 23517 I art     : Starting a blocking GC Explicit
08-04 22:02:04.433 23454 23517 I art     : Explicit concurrent mark sweep GC freed 3(96B) AllocSpace objects, 0(0B) LOS objects, 40% free, 20MB/34MB, paused 113us total 10.690ms
08-04 22:02:04.652  8429  8429 I Finsky  : [1] xow.onStartJob(3): SCH: onJobSchedulerWakeup with jobId 9012
08-04 22:02:04.659  8429  8429 I Finsky  : [1] xjw.a(9): Scheduling fallback in 43199998 (absolute: 1768328531)
08-04 22:02:04.662  8429  8429 I Finsky  : [1] xjw.a(9): Scheduling fallback in 64799997 (absolute: 1789928534)
08-04 22:02:04.667  8429  8429 I Finsky  : [1] xow.onStartJob(3): SCH: onJobSchedulerWakeup with jobId 9005
08-04 22:02:04.673  8429  8429 I Finsky  : [1] xjw.a(9): Scheduling fallback in 43199998 (absolute: 1768328545)
08-04 22:02:04.675  8429  8429 I Finsky  : [1] xjw.a(9): Scheduling fallback in 64799998 (absolute: 1789928548)
08-04 22:02:04.678  8429  8429 W Finsky  : [1] xow.onStartJob(9): SCH: onJobSchedulerWakeup while already running
08-04 22:02:04.751 23454 23467 I art     : Starting a blocking GC Explicit
08-04 22:02:04.767 23454 23467 I art     : Explicit concurrent mark sweep GC freed 1330(77KB) AllocSpace objects, 1(20KB) LOS objects, 40% free, 20MB/34MB, paused 246us total 15.457ms
08-04 22:02:04.777 23454 23467 I art     : Starting a blocking GC Explicit
08-04 22:02:04.789 23454 23467 I art     : Explicit concurrent mark sweep GC freed 20(704B) AllocSpace objects, 0(0B) LOS objects, 40% free, 20MB/34MB, paused 129us total 12.429ms
08-04 22:02:04.798 23454 23467 I art     : Starting a blocking GC Explicit
08-04 22:02:04.809 23454 23467 I art     : Explicit concurrent mark sweep GC freed 3(96B) AllocSpace objects, 0(0B) LOS objects, 40% free, 20MB/34MB, paused 116us total 10.948ms
08-04 22:02:04.810  8429  8429 I Finsky  : [1] xkf.handleMessage(8): SCH: DeviceState: DeviceState{currentTime=1596571324805, isCharging=false, isIdle=false, netAny=true, netNotRoaming=true, netUnmetered=true, batteryPercent=100.0}
08-04 22:02:04.816  8429 23365 I Finsky  : [6382] xmu.a(8): SCH: Jobs in database: 1-1337 3-197 3-198 12-1 26-1414141414 
08-04 22:02:04.817 23454 23467 I art     : Starting a blocking GC Explicit
08-04 22:02:04.818  8429  8429 I Finsky  : [1] xkg.a(16): SCH: Running job: 12-1
08-04 22:02:04.819  8429  8429 I Finsky  : [1] ContentSyncJob.a(16): [ContentSync] job started
08-04 22:02:04.819  8429  8429 I Finsky  : [1] xkf.handleMessage(61): SCH: RunningQueue size: 1, PendingQueue size: 0
08-04 22:02:04.819  8429  8429 I Finsky  : [1] xkf.handleMessage(64): SCH: Running queue: 12-1 
08-04 22:02:04.827 23454 23467 I art     : Explicit concurrent mark sweep GC freed 3(96B) AllocSpace objects, 0(0B) LOS objects, 40% free, 20MB/34MB, paused 118us total 9.512ms
08-04 22:02:04.835 23454 23467 I art     : Starting a blocking GC Explicit
08-04 22:02:04.844 23454 23467 I art     : Explicit concurrent mark sweep GC freed 3(96B) AllocSpace objects, 0(0B) LOS objects, 40% free, 20MB/34MB, paused 116us total 9.477ms
08-04 22:02:04.884  8429 23381 I Finsky  : [6392] dzn.a(22): Completed 0 account content syncs with 0 successful.
08-04 22:02:04.885  8429  8429 I Finsky  : [1] ContentSyncJob.a(1): [ContentSync] Installation state replication succeeded.
08-04 22:02:04.885  8429  8429 I Finsky  : [1] xlr.a(13): SCH: jobFinished: 12-1. TimeElapsed: 67ms.
08-04 22:02:04.885  8429  8429 I Finsky  : [1] xkg.a(36): SCH: Job 12-1 finished. Not rescheduling.
08-04 22:02:04.886  8429  8429 I Finsky  : [1] xkf.handleMessage(61): SCH: RunningQueue size: 0, PendingQueue size: 0
08-04 22:02:04.888  8429  8429 I Finsky  : [1] xkf.handleMessage(25): Executor finished
08-04 22:02:04.899  8429  8429 I Finsky  : [1] xmu.a(8): SCH: Jobs in database: 1-1337 3-197 3-198 26-1414141414 
08-04 22:02:04.900  8429  8429 I Finsky  : [1] xio.a(57): SCH: ConstraintMapping: 1-1337,  -> L: 228006ms, D: 43428006ms, C: false, I: false, N: 1
08-04 22:02:04.901  8429  8429 I Finsky  : [1] xio.a(57): SCH: ConstraintMapping: 3-197,  -> L: 0ms, D: 68305933ms, C: false, I: true, N: 2
08-04 22:02:04.901  8429  8429 I Finsky  : [1] xio.a(57): SCH: ConstraintMapping: 3-198,  -> L: 0ms, D: 68305991ms, C: true, I: true, N: 2
08-04 22:02:04.902  8429  8429 I Finsky  : [1] xio.a(57): SCH: ConstraintMapping: 26-1414141414,  -> L: 4341137ms, D: 5241137ms, C: false, I: false, N: 0
08-04 22:02:04.910  8429  8429 I Finsky  : [1] xle.a(34): Cancelling existing jobscheduler jobs: 9014 9013 9015 9008 9011 9007 
08-04 22:02:04.911  8429  8429 I Finsky  : [1] xle.a(27): Scheduling job Id: 9000, L: 228006, D: 43428006, C: false, I: false, N: 1
08-04 22:02:04.912  8429  8429 I Finsky  : [1] xle.a(10): Throttling wakeup for job 9001 (expected to run in 0 ms) due to recent wakeup
08-04 22:02:04.913  8429  8429 I Finsky  : [1] xle.a(27): Scheduling job Id: 9001, L: 30000, D: 68305933, C: false, I: true, N: 2
08-04 22:02:04.915  8429  8429 I Finsky  : [1] xle.a(10): Throttling wakeup for job 9002 (expected to run in 0 ms) due to recent wakeup
08-04 22:02:04.915  8429  8429 I Finsky  : [1] xle.a(27): Scheduling job Id: 9002, L: 30000, D: 68305991, C: true, I: true, N: 2
08-04 22:02:04.917  8429  8429 I Finsky  : [1] xle.a(27): Scheduling job Id: 9003, L: 4341137, D: 5241137, C: false, I: false, N: 0
08-04 22:02:04.918  8429  8429 I Finsky  : [1] xle.a(27): Scheduling job Id: 9004, L: 228006, D: 43428006, C: false, I: false, N: 1
08-04 22:02:04.921  8429  8429 I Finsky  : [1] xle.a(10): Throttling wakeup for job 9005 (expected to run in 0 ms) due to recent wakeup
08-04 22:02:04.921  8429  8429 I Finsky  : [1] xle.a(27): Scheduling job Id: 9005, L: 30000, D: 68305933, C: false, I: true, N: 2
08-04 22:02:04.922  8429  8429 I Finsky  : [1] xle.a(10): Throttling wakeup for job 9006 (expected to run in 0 ms) due to recent wakeup
08-04 22:02:04.923  8429  8429 I Finsky  : [1] xle.a(27): Scheduling job Id: 9006, L: 30000, D: 68305991, C: true, I: true, N: 2
08-04 22:02:04.924  8429  8429 I Finsky  : [1] xle.a(27): Scheduling job Id: 9009, L: 4341137, D: 5241137, C: false, I: false, N: 0
08-04 22:02:05.115 23454 23466 I art     : Starting a blocking GC Explicit
08-04 22:02:05.131 23454 23466 I art     : Explicit concurrent mark sweep GC freed 1330(77KB) AllocSpace objects, 1(20KB) LOS objects, 40% free, 20MB/34MB, paused 161us total 16.101ms
08-04 22:02:05.142 23454 23466 I art     : Starting a blocking GC Explicit
08-04 22:02:05.148 17294 17294 I ServiceManager: Waiting for service AtCmdFwd...
08-04 22:02:05.154 23454 23466 I art     : Explicit concurrent mark sweep GC freed 20(704B) AllocSpace objects, 0(0B) LOS objects, 40% free, 20MB/34MB, paused 124us total 11.348ms
08-04 22:02:05.162 23454 23466 I art     : Starting a blocking GC Explicit
08-04 22:02:05.173 23454 23466 I art     : Explicit concurrent mark sweep GC freed 3(96B) AllocSpace objects, 0(0B) LOS objects, 40% free, 20MB/34MB, paused 116us total 10.810ms
08-04 22:02:05.181 23454 23466 I art     : Starting a blocking GC Explicit
08-04 22:02:05.193 23454 23466 I art     : Explicit concurrent mark sweep GC freed 3(96B) AllocSpace objects, 0(0B) LOS objects, 40% free, 20MB/34MB, paused 118us total 10.906ms
08-04 22:02:05.201 23454 23466 I art     : Starting a blocking GC Explicit
08-04 22:02:05.212 23454 23466 I art     : Explicit concurrent mark sweep GC freed 3(96B) AllocSpace objects, 0(0B) LOS objects, 40% free, 20MB/34MB, paused 123us total 10.689ms
08-04 22:02:05.517 23454 23517 I art     : Starting a blocking GC Explicit
08-04 22:02:05.533 23454 23517 I art     : Explicit concurrent mark sweep GC freed 1331(78KB) AllocSpace objects, 1(20KB) LOS objects, 40% free, 20MB/34MB, paused 171us total 15.764ms
08-04 22:02:05.544 23454 23517 I art     : Starting a blocking GC Explicit
08-04 22:02:05.556 23454 23517 I art     : Explicit concurrent mark sweep GC freed 20(704B) AllocSpace objects, 0(0B) LOS objects, 40% free, 20MB/34MB, paused 121us total 11.454ms
08-04 22:02:05.564 23454 23517 I art     : Starting a blocking GC Explicit
08-04 22:02:05.575 23454 23517 I art     : Explicit concurrent mark sweep GC freed 3(96B) AllocSpace objects, 0(0B) LOS objects, 40% free, 20MB/34MB, paused 115us total 10.363ms
08-04 22:02:05.582 23454 23517 I art     : Starting a blocking GC Explicit
08-04 22:02:05.593 23454 23517 I art     : Explicit concurrent mark sweep GC freed 3(96B) AllocSpace objects, 0(0B) LOS objects, 40% free, 20MB/34MB, paused 120us total 10.260ms
08-04 22:02:05.601 23454 23517 I art     : Starting a blocking GC Explicit
08-04 22:02:05.612 23454 23517 I art     : Explicit concurrent mark sweep GC freed 3(96B) AllocSpace objects, 0(0B) LOS objects, 40% free, 20MB/34MB, paused 110us total 10.592ms
08-04 22:02:05.918 23454 23467 I art     : Starting a blocking GC Explicit
08-04 22:02:05.935 23454 23467 I art     : Explicit concurrent mark sweep GC freed 1331(78KB) AllocSpace objects, 1(20KB) LOS objects, 40% free, 20MB/34MB, paused 187us total 15.775ms
08-04 22:02:05.948 23454 23467 I art     : Starting a blocking GC Explicit
08-04 22:02:05.960 23454 23467 I art     : Explicit concurrent mark sweep GC freed 20(704B) AllocSpace objects, 0(0B) LOS objects, 40% free, 20MB/34MB, paused 125us total 11.541ms
08-04 22:02:05.968 23454 23467 I art     : Starting a blocking GC Explicit
08-04 22:02:05.979 23454 23467 I art     : Explicit concurrent mark sweep GC freed 3(96B) AllocSpace objects, 0(0B) LOS objects, 40% free, 20MB/34MB, paused 123us total 10.935ms
08-04 22:02:05.987 23454 23467 I art     : Starting a blocking GC Explicit
08-04 22:02:05.998 23454 23467 I art     : Explicit concurrent mark sweep GC freed 3(96B) AllocSpace objects, 0(0B) LOS objects, 40% free, 20MB/34MB, paused 126us total 10.680ms
08-04 22:02:06.006 23454 23467 I art     : Starting a blocking GC Explicit
08-04 22:02:06.016 23454 23467 I art     : Explicit concurrent mark sweep GC freed 3(96B) AllocSpace objects, 0(0B) LOS objects, 40% free, 20MB/34MB, paused 114us total 10.421ms
08-04 22:02:06.149 17294 17294 I ServiceManager: Waiting for service AtCmdFwd...
08-04 22:02:06.319 23454 23466 I art     : Starting a blocking GC Explicit
08-04 22:02:06.335 23454 23466 I art     : Explicit concurrent mark sweep GC freed 1330(77KB) AllocSpace objects, 1(20KB) LOS objects, 40% free, 20MB/34MB, paused 170us total 15.986ms
08-04 22:02:06.348 23454 23466 I art     : Starting a blocking GC Explicit
08-04 22:02:06.360 23454 23466 I art     : Explicit concurrent mark sweep GC freed 20(704B) AllocSpace objects, 0(0B) LOS objects, 40% free, 20MB/34MB, paused 131us total 11.460ms
08-04 22:02:06.368 23454 23466 I art     : Starting a blocking GC Explicit
08-04 22:02:06.379 23454 23466 I art     : Explicit concurrent mark sweep GC freed 3(96B) AllocSpace objects, 0(0B) LOS objects, 40% free, 20MB/34MB, paused 126us total 10.845ms
08-04 22:02:06.388 23454 23466 I art     : Starting a blocking GC Explicit
08-04 22:02:06.399 23454 23466 I art     : Explicit concurrent mark sweep GC freed 3(96B) AllocSpace objects, 0(0B) LOS objects, 40% free, 20MB/34MB, paused 116us total 10.433ms
08-04 22:02:06.406 23454 23466 I art     : Starting a blocking GC Explicit
08-04 22:02:06.417 23454 23466 I art     : Explicit concurrent mark sweep GC freed 3(96B) AllocSpace objects, 0(0B) LOS objects, 40% free, 20MB/34MB, paused 127us total 10.014ms
08-04 22:02:06.736 23454 23517 I art     : Starting a blocking GC Explicit
08-04 22:02:06.749 23454 23517 I art     : Explicit concurrent mark sweep GC freed 1330(77KB) AllocSpace objects, 1(20KB) LOS objects, 40% free, 20MB/34MB, paused 150us total 13.523ms
08-04 22:02:06.759 23454 23517 I art     : Starting a blocking GC Explicit
08-04 22:02:06.773 23454 23517 I art     : Explicit concurrent mark sweep GC freed 20(704B) AllocSpace objects, 0(0B) LOS objects, 40% free, 20MB/34MB, paused 144us total 13.341ms
08-04 22:02:06.786 23454 23517 I art     : Starting a blocking GC Explicit
08-04 22:02:06.796 23454 23517 I art     : Explicit concurrent mark sweep GC freed 3(96B) AllocSpace objects, 0(0B) LOS objects, 40% free, 20MB/34MB, paused 126us total 10.476ms
08-04 22:02:06.804 23454 23517 I art     : Starting a blocking GC Explicit
08-04 22:02:06.815 23454 23517 I art     : Explicit concurrent mark sweep GC freed 3(96B) AllocSpace objects, 0(0B) LOS objects, 40% free, 20MB/34MB, paused 121us total 10.351ms
08-04 22:02:06.822 23454 23517 I art     : Starting a blocking GC Explicit
08-04 22:02:06.833 23454 23517 I art     : Explicit concurrent mark sweep GC freed 3(96B) AllocSpace objects, 0(0B) LOS objects, 40% free, 20MB/34MB, paused 120us total 10.359ms
08-04 22:02:07.139 23454 23467 I art     : Starting a blocking GC Explicit
08-04 22:02:07.150 17294 17294 W Atfwd_Sendcmd: AtCmdFwd service not published, waiting... retryCnt : 5
08-04 22:02:07.155 23454 23467 I art     : Explicit concurrent mark sweep GC freed 1330(77KB) AllocSpace objects, 1(20KB) LOS objects, 40% free, 20MB/34MB, paused 156us total 15.279ms
08-04 22:02:07.164 23454 23467 I art     : Starting a blocking GC Explicit
08-04 22:02:07.175 23454 23467 I art     : Explicit concurrent mark sweep GC freed 20(704B) AllocSpace objects, 0(0B) LOS objects, 40% free, 20MB/34MB, paused 131us total 10.937ms
08-04 22:02:07.183 23454 23467 I art     : Starting a blocking GC Explicit
08-04 22:02:07.194 23454 23467 I art     : Explicit concurrent mark sweep GC freed 3(96B) AllocSpace objects, 0(0B) LOS objects, 40% free, 20MB/34MB, paused 122us total 10.467ms
08-04 22:02:07.202 23454 23467 I art     : Starting a blocking GC Explicit
08-04 22:02:07.212 23454 23467 I art     : Explicit concurrent mark sweep GC freed 3(96B) AllocSpace objects, 0(0B) LOS objects, 40% free, 20MB/34MB, paused 123us total 10.450ms
08-04 22:02:07.220 23454 23467 I art     : Starting a blocking GC Explicit
08-04 22:02:07.231 23454 23467 I art     : Explicit concurrent mark sweep GC freed 3(96B) AllocSpace objects, 0(0B) LOS objects, 40% free, 20MB/34MB, paused 124us total 10.580ms
08-04 22:02:07.496 23454 23466 I art     : Starting a blocking GC Explicit
08-04 22:02:07.509 23454 23466 I art     : Explicit concurrent mark sweep GC freed 1330(77KB) AllocSpace objects, 1(20KB) LOS objects, 40% free, 20MB/34MB, paused 143us total 12.079ms
08-04 22:02:07.518 23454 23466 I art     : Starting a blocking GC Explicit
08-04 22:02:07.529 23454 23466 I art     : Explicit concurrent mark sweep GC freed 20(704B) AllocSpace objects, 0(0B) LOS objects, 40% free, 20MB/34MB, paused 116us total 10.806ms
08-04 22:02:07.537 23454 23466 I art     : Starting a blocking GC Explicit
08-04 22:02:07.546 23454 23466 I art     : Explicit concurrent mark sweep GC freed 3(96B) AllocSpace objects, 0(0B) LOS objects, 40% free, 20MB/34MB, paused 108us total 9.008ms
08-04 22:02:07.553 23454 23466 I art     : Starting a blocking GC Explicit
08-04 22:02:07.562 23454 23466 I art     : Explicit concurrent mark sweep GC freed 3(96B) AllocSpace objects, 0(0B) LOS objects, 40% free, 20MB/34MB, paused 111us total 9.100ms
08-04 22:02:07.570 23454 23466 I art     : Starting a blocking GC Explicit
08-04 22:02:07.579 23454 23466 I art     : Explicit concurrent mark sweep GC freed 3(96B) AllocSpace objects, 0(0B) LOS objects, 40% free, 20MB/34MB, paused 115us total 9.397ms
08-04 22:02:07.873 23454 23517 I art     : Starting a blocking GC Explicit
08-04 22:02:07.886 23454 23517 I art     : Explicit concurrent mark sweep GC freed 1330(77KB) AllocSpace objects, 1(20KB) LOS objects, 40% free, 20MB/34MB, paused 142us total 12.349ms
08-04 22:02:07.894 23454 23517 I art     : Starting a blocking GC Explicit
08-04 22:02:07.905 23454 23517 I art     : Explicit concurrent mark sweep GC freed 20(704B) AllocSpace objects, 0(0B) LOS objects, 40% free, 20MB/34MB, paused 126us total 10.353ms
08-04 22:02:07.913 23454 23517 I art     : Starting a blocking GC Explicit
08-04 22:02:07.923 23454 23517 I art     : Explicit concurrent mark sweep GC freed 3(96B) AllocSpace objects, 0(0B) LOS objects, 40% free, 20MB/34MB, paused 111us total 9.649ms
08-04 22:02:07.931 23454 23517 I art     : Starting a blocking GC Explicit
08-04 22:02:07.941 23454 23517 I art     : Explicit concurrent mark sweep GC freed 3(96B) AllocSpace objects, 0(0B) LOS objects, 40% free, 20MB/34MB, paused 121us total 10.100ms
08-04 22:02:07.949 23454 23517 I art     : Starting a blocking GC Explicit
08-04 22:02:07.959 23454 23517 I art     : Explicit concurrent mark sweep GC freed 3(96B) AllocSpace objects, 0(0B) LOS objects, 40% free, 20MB/34MB, paused 130us total 9.573ms
08-04 22:02:08.189 23454 23467 I art     : Starting a blocking GC Explicit
08-04 22:02:08.200 23454 23467 I art     : Explicit concurrent mark sweep GC freed 1330(77KB) AllocSpace objects, 1(20KB) LOS objects, 40% free, 20MB/34MB, paused 128us total 11.028ms
08-04 22:02:08.208 23454 23467 I art     : Starting a blocking GC Explicit
08-04 22:02:08.218 23454 23467 I art     : Explicit concurrent mark sweep GC freed 20(704B) AllocSpace objects, 0(0B) LOS objects, 40% free, 20MB/34MB, paused 123us total 10.253ms
08-04 22:02:08.226 23454 23467 I art     : Starting a blocking GC Explicit
08-04 22:02:08.236 23454 23467 I art     : Explicit concurrent mark sweep GC freed 3(96B) AllocSpace objects, 0(0B) LOS objects, 40% free, 20MB/34MB, paused 125us total 10.194ms
08-04 22:02:08.244 23454 23467 I art     : Starting a blocking GC Explicit
08-04 22:02:08.255 23454 23467 I art     : Explicit concurrent mark sweep GC freed 3(96B) AllocSpace objects, 0(0B) LOS objects, 40% free, 20MB/34MB, paused 125us total 10.488ms
08-04 22:02:08.262 23454 23467 I art     : Starting a blocking GC Explicit
08-04 22:02:08.272 23454 23467 I art     : Explicit concurrent mark sweep GC freed 3(96B) AllocSpace objects, 0(0B) LOS objects, 40% free, 20MB/34MB, paused 120us total 10.042ms
08-04 22:02:08.441 23659 23659 D AndroidRuntime: >>>>>> START com.android.internal.os.RuntimeInit uid 2000 <<<<<<
08-04 22:02:08.445 23659 23659 D AndroidRuntime: CheckJNI is OFF
08-04 22:02:08.469 23659 23659 D ICU     : No timezone override file found: /data/misc/zoneinfo/current/icu/icu_tzdata.dat
08-04 22:02:08.494 23659 23659 I Radio-JNI: register_android_hardware_Radio DONE
08-04 22:02:08.510 23659 23659 D AndroidRuntime: Calling main entry com.android.commands.input.Input
08-04 22:02:08.511 23659 23659 I Input   : injectMotionEvent: MotionEvent { action=ACTION_DOWN, actionButton=0, id[0]=0, x[0]=720.0, y[0]=1440.0, toolType[0]=TOOL_TYPE_UNKNOWN, buttonState=0, metaState=0, flags=0x0, edgeFlags=0x0, pointerCount=1, historySize=0, eventTime=741744924, downTime=741744924, deviceId=0, source=0x1002 }
08-04 22:02:08.517 23659 23659 I Input   : injectMotionEvent: MotionEvent { action=ACTION_UP, actionButton=0, id[0]=0, x[0]=720.0, y[0]=1440.0, toolType[0]=TOOL_TYPE_UNKNOWN, buttonState=0, metaState=0, flags=0x0, edgeFlags=0x0, pointerCount=1, historySize=0, eventTime=741744924, downTime=741744924, deviceId=0, source=0x1002 }
08-04 22:02:08.518 23659 23659 D AndroidRuntime: Shutting down VM
08-04 22:02:08.525   512  2967 D audio_hw_primary: out_set_parameters: enter: usecase(1: low-latency-playback) kvpairs: routing=2
08-04 22:02:08.538   512  2967 D audio_hw_primary: select_devices: out_snd_device(2: speaker) in_snd_device(0: none)
08-04 22:02:08.539   512  2967 D msm8974_platform: platform_send_audio_calibration: sending audio calibration for snd_device(2) acdb_id(15)
08-04 22:02:08.539   512  2967 I soundtrigger: audio_extn_sound_trigger_update_device_status: device 0x2 of type 0 for Event 1
08-04 22:02:08.540 13866 13866 I GoogleInputMethodServic: GoogleInputMethodService.onFinishInput():3138 
08-04 22:02:08.544 23454 23466 I art     : Starting a blocking GC Explicit
08-04 22:02:08.544 13866 13866 I GoogleInputMethodServic: GoogleInputMethodService.onStartInput():1808 
08-04 22:02:08.555 23454 23466 I art     : Explicit concurrent mark sweep GC freed 1445(82KB) AllocSpace objects, 1(20KB) LOS objects, 40% free, 20MB/34MB, paused 113us total 10.985ms
08-04 22:02:08.562   512  2967 D audio_hw_primary: enable_snd_device: snd_device(2: speaker)
08-04 22:02:08.564 23454 23466 I art     : Starting a blocking GC Explicit
08-04 22:02:08.565   512  2967 D audio_hw_primary: enable_audio_route: apply and update mixer path: low-latency-playback speaker
08-04 22:02:08.574 23454 23466 I art     : Explicit concurrent mark sweep GC freed 991(69KB) AllocSpace objects, 1(76KB) LOS objects, 40% free, 20MB/34MB, paused 126us total 9.904ms
08-04 22:02:08.583 23454 23466 I art     : Starting a blocking GC Explicit
08-04 22:02:08.593 23454 23466 I art     : Explicit concurrent mark sweep GC freed 3(96B) AllocSpace objects, 0(0B) LOS objects, 40% free, 20MB/34MB, paused 110us total 9.616ms
08-04 22:02:08.601 23454 23466 I art     : Starting a blocking GC Explicit
08-04 22:02:08.611 23454 23466 I art     : Explicit concurrent mark sweep GC freed 3(96B) AllocSpace objects, 0(0B) LOS objects, 40% free, 20MB/34MB, paused 115us total 9.600ms
08-04 22:02:08.619 23454 23466 I art     : Starting a blocking GC Explicit
08-04 22:02:08.630 23454 23466 I art     : Explicit concurrent mark sweep GC freed 3(96B) AllocSpace objects, 0(0B) LOS objects, 40% free, 20MB/34MB, paused 114us total 10.813ms
08-04 22:02:08.738   380   380 W SurfaceFlinger: couldn't log to binary event log: overflow.
08-04 22:02:08.840 23454 23517 I art     : Starting a blocking GC Explicit
08-04 22:02:08.850 23454 23517 I art     : Explicit concurrent mark sweep GC freed 1330(78KB) AllocSpace objects, 1(20KB) LOS objects, 40% free, 20MB/34MB, paused 117us total 9.685ms
08-04 22:02:08.857 23454 23517 I art     : Starting a blocking GC Explicit
08-04 22:02:08.867 23454 23517 I art     : Explicit concurrent mark sweep GC freed 20(704B) AllocSpace objects, 0(0B) LOS objects, 40% free, 20MB/34MB, paused 114us total 9.358ms
08-04 22:02:08.874 23454 23517 I art     : Starting a blocking GC Explicit
08-04 22:02:08.884 23454 23517 I art     : Explicit concurrent mark sweep GC freed 3(96B) AllocSpace objects, 0(0B) LOS objects, 40% free, 20MB/34MB, paused 114us total 9.249ms
08-04 22:02:08.891 23454 23517 I art     : Starting a blocking GC Explicit
08-04 22:02:08.901 23454 23517 I art     : Explicit concurrent mark sweep GC freed 3(96B) AllocSpace objects, 0(0B) LOS objects, 40% free, 20MB/34MB, paused 109us total 9.140ms
08-04 22:02:08.908 23454 23517 I art     : Starting a blocking GC Explicit
08-04 22:02:08.917 23454 23517 I art     : Explicit concurrent mark sweep GC freed 3(96B) AllocSpace objects, 0(0B) LOS objects, 40% free, 20MB/34MB, paused 112us total 9.206ms
08-04 22:02:09.065 23689 23689 D AndroidRuntime: >>>>>> START com.android.internal.os.RuntimeInit uid 2000 <<<<<<
08-04 22:02:09.069 23689 23689 D AndroidRuntime: CheckJNI is OFF
08-04 22:02:09.091 23689 23689 D ICU     : No timezone override file found: /data/misc/zoneinfo/current/icu/icu_tzdata.dat
08-04 22:02:09.110   512  2967 D audio_hw_primary: disable_audio_route: reset and update mixer path: low-latency-playback speaker
08-04 22:02:09.113   512  2967 D audio_hw_primary: disable_snd_device: snd_device(2: speaker)
08-04 22:02:09.115 23689 23689 I Radio-JNI: register_android_hardware_Radio DONE
08-04 22:02:09.120   512  2967 I soundtrigger: audio_extn_sound_trigger_update_device_status: device 0x2 of type 0 for Event 0
08-04 22:02:09.129 23689 23689 D AndroidRuntime: Calling main entry com.android.commands.input.Input
08-04 22:02:09.131 23689 23689 I Input   : injectMotionEvent: MotionEvent { action=ACTION_DOWN, actionButton=0, id[0]=0, x[0]=1345.0, y[0]=165.0, toolType[0]=TOOL_TYPE_UNKNOWN, buttonState=0, metaState=0, flags=0x0, edgeFlags=0x0, pointerCount=1, historySize=0, eventTime=741745544, downTime=741745544, deviceId=0, source=0x1002 }
08-04 22:02:09.134 23689 23689 I Input   : injectMotionEvent: MotionEvent { action=ACTION_UP, actionButton=0, id[0]=0, x[0]=1345.0, y[0]=165.0, toolType[0]=TOOL_TYPE_UNKNOWN, buttonState=0, metaState=0, flags=0x0, edgeFlags=0x0, pointerCount=1, historySize=0, eventTime=741745544, downTime=741745544, deviceId=0, source=0x1002 }
08-04 22:02:09.135 23689 23689 D AndroidRuntime: Shutting down VM
08-04 22:02:09.139   512  2967 D audio_hw_primary: out_set_parameters: enter: usecase(1: low-latency-playback) kvpairs: routing=2
08-04 22:02:09.140 23454 23454 W art     : Before Android 4.1, method int androidx.appcompat.widget.DropDownListView.lookForSelectablePosition(int, boolean) would have incorrectly overridden the package-private method in android.widget.ListView
08-04 22:02:09.144 23454 23454 W art     : Before Android 4.1, method int androidx.appcompat.widget.MenuPopupWindow$MenuDropDownListView.lookForSelectablePosition(int, boolean) would have incorrectly overridden the package-private method in android.widget.ListView
08-04 22:02:09.145 23454 23454 I ListPopupWindow: Could not find method setEpicenterBounds(Rect) on PopupWindow. Oh well.
08-04 22:02:09.152   512  2967 D audio_hw_primary: select_devices: out_snd_device(2: speaker) in_snd_device(0: none)
08-04 22:02:09.152   512  2967 D msm8974_platform: platform_send_audio_calibration: sending audio calibration for snd_device(2) acdb_id(15)
08-04 22:02:09.152   512  2967 I soundtrigger: audio_extn_sound_trigger_update_device_status: device 0x2 of type 0 for Event 1
08-04 22:02:09.162 23454 23517 I art     : Starting a blocking GC Explicit
08-04 22:02:09.163   512  2967 D audio_hw_primary: enable_snd_device: snd_device(2: speaker)
08-04 22:02:09.165   512  2967 D audio_hw_primary: enable_audio_route: apply and update mixer path: low-latency-playback speaker
08-04 22:02:09.172 23454 23517 I art     : Explicit concurrent mark sweep GC freed 1863(205KB) AllocSpace objects, 1(20KB) LOS objects, 40% free, 20MB/34MB, paused 131us total 10.561ms
08-04 22:02:09.180 23454 23517 I art     : Starting a blocking GC Explicit
08-04 22:02:09.192 23454 23517 I art     : Explicit concurrent mark sweep GC freed 434(22KB) AllocSpace objects, 0(0B) LOS objects, 40% free, 20MB/34MB, paused 482us total 11.609ms
08-04 22:02:09.200 23454 23517 I art     : Starting a blocking GC Explicit
08-04 22:02:09.206   512  2967 D AudioFlinger: mixer(0xf4740000) throttle end: throttle time(12)
08-04 22:02:09.210 23454 23517 I art     : Explicit concurrent mark sweep GC freed 83(7KB) AllocSpace objects, 0(0B) LOS objects, 40% free, 20MB/34MB, paused 136us total 10.338ms
08-04 22:02:09.220 23454 23517 I art     : Starting a blocking GC Explicit
08-04 22:02:09.231 23454 23517 I art     : Explicit concurrent mark sweep GC freed 194(8KB) AllocSpace objects, 0(0B) LOS objects, 40% free, 20MB/34MB, paused 147us total 10.959ms
08-04 22:02:09.239 23454 23517 I art     : Starting a blocking GC Explicit
08-04 22:02:09.249 23454 23517 I art     : Explicit concurrent mark sweep GC freed 552(39KB) AllocSpace objects, 0(0B) LOS objects, 40% free, 20MB/34MB, paused 136us total 10.314ms
08-04 22:02:09.483 23454 23517 I art     : Starting a blocking GC Explicit
08-04 22:02:09.493 23454 23517 I art     : Explicit concurrent mark sweep GC freed 1668(93KB) AllocSpace objects, 1(20KB) LOS objects, 40% free, 20MB/34MB, paused 107us total 9.799ms
08-04 22:02:09.501 23454 23517 I art     : Starting a blocking GC Explicit
08-04 22:02:09.511 23454 23517 I art     : Explicit concurrent mark sweep GC freed 30(1104B) AllocSpace objects, 0(0B) LOS objects, 40% free, 20MB/34MB, paused 115us total 9.542ms
08-04 22:02:09.519 23454 23517 I art     : Starting a blocking GC Explicit
08-04 22:02:09.528 23454 23517 I art     : Explicit concurrent mark sweep GC freed 3(96B) AllocSpace objects, 0(0B) LOS objects, 40% free, 20MB/34MB, paused 109us total 9.458ms
08-04 22:02:09.536 23454 23517 I art     : Starting a blocking GC Explicit
08-04 22:02:09.545 23454 23517 I art     : Explicit concurrent mark sweep GC freed 3(96B) AllocSpace objects, 0(0B) LOS objects, 40% free, 20MB/34MB, paused 114us total 9.432ms
08-04 22:02:09.553 23454 23517 I art     : Starting a blocking GC Explicit
08-04 22:02:09.563 23454 23517 I art     : Explicit concurrent mark sweep GC freed 3(96B) AllocSpace objects, 0(0B) LOS objects, 40% free, 20MB/34MB, paused 119us total 10.174ms
08-04 22:02:09.676 23722 23722 D AndroidRuntime: >>>>>> START com.android.internal.os.RuntimeInit uid 2000 <<<<<<
08-04 22:02:09.680 23722 23722 D AndroidRuntime: CheckJNI is OFF
08-04 22:02:09.698   512  2967 D audio_hw_primary: disable_audio_route: reset and update mixer path: low-latency-playback speaker
08-04 22:02:09.699   512  2967 D audio_hw_primary: disable_snd_device: snd_device(2: speaker)
08-04 22:02:09.702 23722 23722 D ICU     : No timezone override file found: /data/misc/zoneinfo/current/icu/icu_tzdata.dat
08-04 22:02:09.709   512  2967 I soundtrigger: audio_extn_sound_trigger_update_device_status: device 0x2 of type 0 for Event 0
08-04 22:02:09.724 23722 23722 I Radio-JNI: register_android_hardware_Radio DONE
08-04 22:02:09.739 23722 23722 D AndroidRuntime: Calling main entry com.android.commands.input.Input
08-04 22:02:09.741 23722 23722 I Input   : injectMotionEvent: MotionEvent { action=ACTION_DOWN, actionButton=0, id[0]=0, x[0]=940.0, y[0]=501.0, toolType[0]=TOOL_TYPE_UNKNOWN, buttonState=0, metaState=0, flags=0x0, edgeFlags=0x0, pointerCount=1, historySize=0, eventTime=741746154, downTime=741746154, deviceId=0, source=0x1002 }
08-04 22:02:09.745 23722 23722 I Input   : injectMotionEvent: MotionEvent { action=ACTION_UP, actionButton=0, id[0]=0, x[0]=940.0, y[0]=501.0, toolType[0]=TOOL_TYPE_UNKNOWN, buttonState=0, metaState=0, flags=0x0, edgeFlags=0x0, pointerCount=1, historySize=0, eventTime=741746154, downTime=741746154, deviceId=0, source=0x1002 }
08-04 22:02:09.747 23722 23722 D AndroidRuntime: Shutting down VM
08-04 22:02:09.801 23454 23466 I art     : Starting a blocking GC Explicit
08-04 22:02:09.813 23454 23466 I art     : Explicit concurrent mark sweep GC freed 1355(78KB) AllocSpace objects, 1(20KB) LOS objects, 40% free, 20MB/34MB, paused 281us total 11.742ms
08-04 22:02:09.815   512  2967 D audio_hw_primary: out_set_parameters: enter: usecase(1: low-latency-playback) kvpairs: routing=2
08-04 22:02:09.816   918  3714 I ActivityManager: START u0 {cmp=baseline.org.quantumbadger.redreader/.settings.SettingsActivity} from uid 10666 on display 0
08-04 22:02:09.821 23454 23466 I art     : Starting a blocking GC Explicit
08-04 22:02:09.828   512  2967 D audio_hw_primary: select_devices: out_snd_device(2: speaker) in_snd_device(0: none)
08-04 22:02:09.828   512  2967 D msm8974_platform: platform_send_audio_calibration: sending audio calibration for snd_device(2) acdb_id(15)
08-04 22:02:09.828   512  2967 I soundtrigger: audio_extn_sound_trigger_update_device_status: device 0x2 of type 0 for Event 1
08-04 22:02:09.829 13866 13866 I GoogleInputMethodServic: GoogleInputMethodService.onFinishInput():3138 
08-04 22:02:09.831 13866 13866 I GoogleInputMethodServic: GoogleInputMethodService.onStartInput():1808 
08-04 22:02:09.836 23454 23466 I art     : Explicit concurrent mark sweep GC freed 399(34KB) AllocSpace objects, 0(0B) LOS objects, 40% free, 20MB/34MB, paused 258us total 14.443ms
08-04 22:02:09.843   512  2967 D audio_hw_primary: enable_snd_device: snd_device(2: speaker)
08-04 22:02:09.845   512  2967 D audio_hw_primary: enable_audio_route: apply and update mixer path: low-latency-playback speaker
08-04 22:02:09.845 23454 23466 I art     : Starting a blocking GC Explicit
08-04 22:02:09.856 23454 23466 I art     : Explicit concurrent mark sweep GC freed 381(71KB) AllocSpace objects, 0(0B) LOS objects, 40% free, 21MB/35MB, paused 280us total 11.373ms
08-04 22:02:09.864 23454 23466 I art     : Starting a blocking GC Explicit
08-04 22:02:09.876 23454 23466 I art     : Explicit concurrent mark sweep GC freed 516(69KB) AllocSpace objects, 0(0B) LOS objects, 40% free, 21MB/35MB, paused 187us total 11.471ms
08-04 22:02:09.884 23454 23466 I art     : Starting a blocking GC Explicit
08-04 22:02:09.888   512  2967 D AudioFlinger: mixer(0xf4740000) throttle end: throttle time(12)
08-04 22:02:09.895 23454 23466 I art     : Explicit concurrent mark sweep GC freed 86(3KB) AllocSpace objects, 0(0B) LOS objects, 40% free, 21MB/35MB, paused 145us total 10.947ms
08-04 22:02:09.952 13866 13866 I GoogleInputMethodServic: GoogleInputMethodService.onFinishInput():3138 
08-04 22:02:09.952   918   936 I ActivityManager: Displayed baseline.org.quantumbadger.redreader/.settings.SettingsActivity: +120ms
08-04 22:02:09.953 13866 13866 I GoogleInputMethodServic: GoogleInputMethodService.onStartInput():1808 
08-04 22:02:09.995 23454 23473 D OpenGLRenderer: endAllStagingAnimators on 0x7f99f3e800 (MenuPopupWindow$MenuDropDownListView) with handle 0x7f7c2bd460
08-04 22:02:10.127 23454 23467 I art     : Starting a blocking GC Explicit
08-04 22:02:10.142 23454 23467 I art     : Explicit concurrent mark sweep GC freed 1885(103KB) AllocSpace objects, 1(20KB) LOS objects, 40% free, 21MB/35MB, paused 214us total 15.037ms
08-04 22:02:10.152 23454 23467 I art     : Starting a blocking GC Explicit
08-04 22:02:10.166 23454 23467 I art     : Explicit concurrent mark sweep GC freed 198(8KB) AllocSpace objects, 0(0B) LOS objects, 40% free, 21MB/35MB, paused 129us total 13.557ms
08-04 22:02:10.175 23454 23467 I art     : Starting a blocking GC Explicit
08-04 22:02:10.189 23454 23467 I art     : Explicit concurrent mark sweep GC freed 24(1024B) AllocSpace objects, 0(0B) LOS objects, 40% free, 21MB/35MB, paused 183us total 13.637ms
08-04 22:02:10.199 23454 23467 I art     : Starting a blocking GC Explicit
08-04 22:02:10.206   380   380 W SurfaceFlinger: couldn't log to binary event log: overflow.
08-04 22:02:10.214 23454 23467 I art     : Explicit concurrent mark sweep GC freed 3(96B) AllocSpace objects, 0(0B) LOS objects, 40% free, 21MB/35MB, paused 165us total 14.407ms
08-04 22:02:10.223 23454 23467 I art     : Starting a blocking GC Explicit
08-04 22:02:10.234 23454 23467 I art     : Explicit concurrent mark sweep GC freed 3(96B) AllocSpace objects, 0(0B) LOS objects, 40% free, 21MB/35MB, paused 127us total 10.744ms
08-04 22:02:10.298 23755 23755 D AndroidRuntime: >>>>>> START com.android.internal.os.RuntimeInit uid 2000 <<<<<<
08-04 22:02:10.302 23755 23755 D AndroidRuntime: CheckJNI is OFF
08-04 22:02:10.324 23755 23755 D ICU     : No timezone override file found: /data/misc/zoneinfo/current/icu/icu_tzdata.dat
08-04 22:02:10.347 23755 23755 I Radio-JNI: register_android_hardware_Radio DONE
08-04 22:02:10.363 23755 23755 D AndroidRuntime: Calling main entry com.android.commands.input.Input
08-04 22:02:10.364 23755 23755 I Input   : injectMotionEvent: MotionEvent { action=ACTION_DOWN, actionButton=0, id[0]=0, x[0]=216.0, y[0]=853.0, toolType[0]=TOOL_TYPE_UNKNOWN, buttonState=0, metaState=0, flags=0x0, edgeFlags=0x0, pointerCount=1, historySize=0, eventTime=741746777, downTime=741746777, deviceId=0, source=0x1002 }
08-04 22:02:10.369 23755 23755 I Input   : injectMotionEvent: MotionEvent { action=ACTION_UP, actionButton=0, id[0]=0, x[0]=216.0, y[0]=853.0, toolType[0]=TOOL_TYPE_UNKNOWN, buttonState=0, metaState=0, flags=0x0, edgeFlags=0x0, pointerCount=1, historySize=0, eventTime=741746777, downTime=741746777, deviceId=0, source=0x1002 }
08-04 22:02:10.371 23755 23755 D AndroidRuntime: Shutting down VM
08-04 22:02:10.379   512  2967 D audio_hw_primary: disable_audio_route: reset and update mixer path: low-latency-playback speaker
08-04 22:02:10.380   512  2967 D audio_hw_primary: disable_snd_device: snd_device(2: speaker)
08-04 22:02:10.389   512  2967 I soundtrigger: audio_extn_sound_trigger_update_device_status: device 0x2 of type 0 for Event 0
08-04 22:02:10.435   918  5481 I ActivityManager: START u0 {act=android.intent.action.MAIN cmp=baseline.org.quantumbadger.redreader/.settings.SettingsActivity (has extras)} from uid 10666 on display 0
08-04 22:02:10.437   512  2967 D audio_hw_primary: out_set_parameters: enter: usecase(1: low-latency-playback) kvpairs: routing=2
08-04 22:02:10.449   512  2967 D audio_hw_primary: select_devices: out_snd_device(2: speaker) in_snd_device(0: none)
08-04 22:02:10.450   512  2967 D msm8974_platform: platform_send_audio_calibration: sending audio calibration for snd_device(2) acdb_id(15)
08-04 22:02:10.450   512  2967 I soundtrigger: audio_extn_sound_trigger_update_device_status: device 0x2 of type 0 for Event 1
08-04 22:02:10.459   512  2967 D audio_hw_primary: enable_snd_device: snd_device(2: speaker)
08-04 22:02:10.461   512  2967 D audio_hw_primary: enable_audio_route: apply and update mixer path: low-latency-playback speaker
08-04 22:02:10.479 23454 23517 I art     : Starting a blocking GC Explicit
08-04 22:02:10.493 23454 23517 I art     : Explicit concurrent mark sweep GC freed 2671(216KB) AllocSpace objects, 2(40KB) LOS objects, 40% free, 21MB/35MB, paused 220us total 14.132ms
08-04 22:02:10.501 23454 23517 I art     : Starting a blocking GC Explicit
08-04 22:02:10.505   512  2967 D AudioFlinger: mixer(0xf4740000) throttle end: throttle time(12)
08-04 22:02:10.513 23454 23517 I art     : Explicit concurrent mark sweep GC freed 262(12KB) AllocSpace objects, 0(0B) LOS objects, 40% free, 21MB/35MB, paused 117us total 11.753ms
08-04 22:02:10.521 23454 23517 I art     : Starting a blocking GC Explicit
08-04 22:02:10.533 23454 23517 I art     : Explicit concurrent mark sweep GC freed 62(10KB) AllocSpace objects, 0(0B) LOS objects, 40% free, 21MB/35MB, paused 297us total 11.720ms
08-04 22:02:10.542 23454 23517 I art     : Starting a blocking GC Explicit
08-04 22:02:10.556 23454 23517 I art     : Explicit concurrent mark sweep GC freed 11198(482KB) AllocSpace objects, 0(0B) LOS objects, 40% free, 21MB/36MB, paused 307us total 14.170ms
08-04 22:02:10.565 23454 23517 I art     : Starting a blocking GC Explicit
08-04 22:02:10.580 23454 23517 I art     : Explicit concurrent mark sweep GC freed 10859(458KB) AllocSpace objects, 0(0B) LOS objects, 40% free, 21MB/36MB, paused 341us total 14.242ms
08-04 22:02:10.730 13866 13866 I GoogleInputMethodServic: GoogleInputMethodService.onFinishInput():3138 
08-04 22:02:10.730   918   936 I ActivityManager: Displayed baseline.org.quantumbadger.redreader/.settings.SettingsActivity: +284ms
08-04 22:02:10.731 13866 13866 I GoogleInputMethodServic: GoogleInputMethodService.onStartInput():1808 
08-04 22:02:10.764 23454 23473 D OpenGLRenderer: endAllStagingAnimators on 0x7f80716000 (ListView) with handle 0x7f803da380
08-04 22:02:10.827 23454 23467 I art     : Starting a blocking GC Explicit
08-04 22:02:10.848 23454 23467 I art     : Explicit concurrent mark sweep GC freed 60729(2MB) AllocSpace objects, 1(20KB) LOS objects, 40% free, 22MB/37MB, paused 194us total 21.406ms
08-04 22:02:10.859 23454 23467 I art     : Starting a blocking GC Explicit
08-04 22:02:10.878 23454 23467 I art     : Explicit concurrent mark sweep GC freed 2300(198KB) AllocSpace objects, 0(0B) LOS objects, 40% free, 22MB/36MB, paused 164us total 18.155ms
08-04 22:02:10.887 23454 23467 I art     : Starting a blocking GC Explicit
08-04 22:02:10.902 23454 23467 I art     : Explicit concurrent mark sweep GC freed 59(2448B) AllocSpace objects, 0(0B) LOS objects, 40% free, 22MB/36MB, paused 138us total 14.957ms
08-04 22:02:10.912 23454 23467 I art     : Starting a blocking GC Explicit
08-04 22:02:10.914 23788 23788 D AndroidRuntime: >>>>>> START com.android.internal.os.RuntimeInit uid 2000 <<<<<<
08-04 22:02:10.918 23788 23788 D AndroidRuntime: CheckJNI is OFF
08-04 22:02:10.927 23454 23467 I art     : Explicit concurrent mark sweep GC freed 5(240B) AllocSpace objects, 0(0B) LOS objects, 40% free, 22MB/36MB, paused 153us total 15.215ms
08-04 22:02:10.935 23454 23467 I art     : Starting a blocking GC Explicit
08-04 22:02:10.946 23788 23788 D ICU     : No timezone override file found: /data/misc/zoneinfo/current/icu/icu_tzdata.dat
08-04 22:02:10.950 23454 23467 I art     : Explicit concurrent mark sweep GC freed 3(96B) AllocSpace objects, 0(0B) LOS objects, 40% free, 22MB/36MB, paused 115us total 14.215ms
08-04 22:02:10.973   380   380 W SurfaceFlinger: couldn't log to binary event log: overflow.
08-04 22:02:10.973 23788 23788 I Radio-JNI: register_android_hardware_Radio DONE
08-04 22:02:10.990 23788 23788 D AndroidRuntime: Calling main entry com.android.commands.input.Input
08-04 22:02:10.991 23788 23788 I Input   : injectMotionEvent: MotionEvent { action=ACTION_DOWN, actionButton=0, id[0]=0, x[0]=1318.0, y[0]=1194.0, toolType[0]=TOOL_TYPE_UNKNOWN, buttonState=0, metaState=0, flags=0x0, edgeFlags=0x0, pointerCount=1, historySize=0, eventTime=741747404, downTime=741747404, deviceId=0, source=0x1002 }
08-04 22:02:10.996 23788 23788 I Input   : injectMotionEvent: MotionEvent { action=ACTION_UP, actionButton=0, id[0]=0, x[0]=1318.0, y[0]=1194.0, toolType[0]=TOOL_TYPE_UNKNOWN, buttonState=0, metaState=0, flags=0x0, edgeFlags=0x0, pointerCount=1, historySize=0, eventTime=741747404, downTime=741747404, deviceId=0, source=0x1002 }
08-04 22:02:10.997 23788 23788 D AndroidRuntime: Shutting down VM
08-04 22:02:10.998   512  2967 D audio_hw_primary: disable_audio_route: reset and update mixer path: low-latency-playback speaker
08-04 22:02:10.999   512  2967 D audio_hw_primary: disable_snd_device: snd_device(2: speaker)
08-04 22:02:11.008   512  2967 I soundtrigger: audio_extn_sound_trigger_update_device_status: device 0x2 of type 0 for Event 0
08-04 22:02:11.063   512  2967 D audio_hw_primary: out_set_parameters: enter: usecase(1: low-latency-playback) kvpairs: routing=2
08-04 22:02:11.076   512  2967 D audio_hw_primary: select_devices: out_snd_device(2: speaker) in_snd_device(0: none)
08-04 22:02:11.077   512  2967 D msm8974_platform: platform_send_audio_calibration: sending audio calibration for snd_device(2) acdb_id(15)
08-04 22:02:11.077   512  2967 I soundtrigger: audio_extn_sound_trigger_update_device_status: device 0x2 of type 0 for Event 1
08-04 22:02:11.086   512  2967 D audio_hw_primary: enable_snd_device: snd_device(2: speaker)
08-04 22:02:11.088   512  2967 D audio_hw_primary: enable_audio_route: apply and update mixer path: low-latency-playback speaker
08-04 22:02:11.131   512  2967 D AudioFlinger: mixer(0xf4740000) throttle end: throttle time(12)
08-04 22:02:11.193 23454 23467 I art     : Starting a blocking GC Explicit
08-04 22:02:11.211 23454 23467 I art     : Explicit concurrent mark sweep GC freed 2042(124KB) AllocSpace objects, 2(40KB) LOS objects, 40% free, 22MB/36MB, paused 173us total 17.371ms
08-04 22:02:11.221 23454 23467 I art     : Starting a blocking GC Explicit
08-04 22:02:11.235 23454 23467 I art     : Explicit concurrent mark sweep GC freed 78(3KB) AllocSpace objects, 0(0B) LOS objects, 40% free, 22MB/36MB, paused 154us total 14.270ms
08-04 22:02:11.244 23454 23467 I art     : Starting a blocking GC Explicit
08-04 22:02:11.258 23454 23467 I art     : Explicit concurrent mark sweep GC freed 32(1408B) AllocSpace objects, 0(0B) LOS objects, 40% free, 22MB/36MB, paused 150us total 14.344ms
08-04 22:02:11.268 23454 23467 I art     : Starting a blocking GC Explicit
08-04 22:02:11.279   719   760 I WorkerManager: dispose()
08-04 22:02:11.279   719   760 W ThreadPoolDumper: Queue length for executor EventBus is now 11. Perhaps some tasks are too long, or the pool is too small.
08-04 22:02:11.281 23454 23467 I art     : Explicit concurrent mark sweep GC freed 47(2064B) AllocSpace objects, 0(0B) LOS objects, 40% free, 22MB/36MB, paused 120us total 12.968ms
08-04 22:02:11.289 23454 23467 I art     : Starting a blocking GC Explicit
08-04 22:02:11.303 23454 23467 I art     : Explicit concurrent mark sweep GC freed 11(400B) AllocSpace objects, 0(0B) LOS objects, 40% free, 22MB/36MB, paused 150us total 13.472ms
08-04 22:02:11.530 23820 23820 D AndroidRuntime: >>>>>> START com.android.internal.os.RuntimeInit uid 2000 <<<<<<
08-04 22:02:11.533 23820 23820 D AndroidRuntime: CheckJNI is OFF
08-04 22:02:11.552 23454 23466 I art     : Starting a blocking GC Explicit
08-04 22:02:11.557 23820 23820 D ICU     : No timezone override file found: /data/misc/zoneinfo/current/icu/icu_tzdata.dat
08-04 22:02:11.566 23454 23466 I art     : Explicit concurrent mark sweep GC freed 1437(82KB) AllocSpace objects, 1(20KB) LOS objects, 40% free, 22MB/36MB, paused 151us total 13.554ms
08-04 22:02:11.574 23454 23466 I art     : Starting a blocking GC Explicit
08-04 22:02:11.582 23820 23820 I Radio-JNI: register_android_hardware_Radio DONE
08-04 22:02:11.588 23454 23466 I art     : Explicit concurrent mark sweep GC freed 64(2160B) AllocSpace objects, 0(0B) LOS objects, 40% free, 22MB/36MB, paused 131us total 13.584ms
08-04 22:02:11.596 23454 23466 I art     : Starting a blocking GC Explicit
08-04 22:02:11.598 23820 23820 D AndroidRuntime: Calling main entry com.android.commands.input.Input
08-04 22:02:11.599 23820 23820 I Input   : injectMotionEvent: MotionEvent { action=ACTION_DOWN, actionButton=0, id[0]=0, x[0]=1309.0, y[0]=1701.0, toolType[0]=TOOL_TYPE_UNKNOWN, buttonState=0, metaState=0, flags=0x0, edgeFlags=0x0, pointerCount=1, historySize=0, eventTime=741748012, downTime=741748012, deviceId=0, source=0x1002 }
08-04 22:02:11.603 23820 23820 I Input   : injectMotionEvent: MotionEvent { action=ACTION_UP, actionButton=0, id[0]=0, x[0]=1309.0, y[0]=1701.0, toolType[0]=TOOL_TYPE_UNKNOWN, buttonState=0, metaState=0, flags=0x0, edgeFlags=0x0, pointerCount=1, historySize=0, eventTime=741748012, downTime=741748012, deviceId=0, source=0x1002 }
08-04 22:02:11.604 23820 23820 D AndroidRuntime: Shutting down VM
08-04 22:02:11.610 23454 23466 I art     : Explicit concurrent mark sweep GC freed 73(3008B) AllocSpace objects, 0(0B) LOS objects, 40% free, 22MB/36MB, paused 132us total 13.845ms
08-04 22:02:11.618   512  2967 D audio_hw_primary: disable_audio_route: reset and update mixer path: low-latency-playback speaker
08-04 22:02:11.619   512  2967 D audio_hw_primary: disable_snd_device: snd_device(2: speaker)
08-04 22:02:11.619 23454 23466 I art     : Starting a blocking GC Explicit
08-04 22:02:11.628   512  2967 I soundtrigger: audio_extn_sound_trigger_update_device_status: device 0x2 of type 0 for Event 0
08-04 22:02:11.632 23454 23466 I art     : Explicit concurrent mark sweep GC freed 49(1952B) AllocSpace objects, 0(0B) LOS objects, 40% free, 22MB/36MB, paused 110us total 12.972ms
08-04 22:02:11.641 23454 23466 I art     : Starting a blocking GC Explicit
08-04 22:02:11.655 23454 23466 I art     : Explicit concurrent mark sweep GC freed 6(208B) AllocSpace objects, 0(0B) LOS objects, 40% free, 22MB/36MB, paused 122us total 13.320ms
08-04 22:02:11.671   512  2967 D audio_hw_primary: out_set_parameters: enter: usecase(1: low-latency-playback) kvpairs: routing=2
08-04 22:02:11.685   512  2967 D audio_hw_primary: select_devices: out_snd_device(2: speaker) in_snd_device(0: none)
08-04 22:02:11.685   512  2967 D msm8974_platform: platform_send_audio_calibration: sending audio calibration for snd_device(2) acdb_id(15)
08-04 22:02:11.685   512  2967 I soundtrigger: audio_extn_sound_trigger_update_device_status: device 0x2 of type 0 for Event 1
08-04 22:02:11.695   512  2967 D audio_hw_primary: enable_snd_device: snd_device(2: speaker)
08-04 22:02:11.697   512  2967 D audio_hw_primary: enable_audio_route: apply and update mixer path: low-latency-playback speaker
08-04 22:02:11.740   512  2967 D AudioFlinger: mixer(0xf4740000) throttle end: throttle time(12)
08-04 22:02:11.909 23454 23466 I art     : Starting a blocking GC Explicit
08-04 22:02:11.924 23454 23466 I art     : Explicit concurrent mark sweep GC freed 2095(127KB) AllocSpace objects, 2(40KB) LOS objects, 40% free, 22MB/37MB, paused 255us total 14.633ms
08-04 22:02:11.933 23454 23466 I art     : Starting a blocking GC Explicit
08-04 22:02:11.947 23454 23466 I art     : Explicit concurrent mark sweep GC freed 78(2912B) AllocSpace objects, 0(0B) LOS objects, 40% free, 22MB/37MB, paused 131us total 13.779ms
08-04 22:02:11.956 23454 23466 I art     : Starting a blocking GC Explicit
08-04 22:02:11.970 23454 23466 I art     : Explicit concurrent mark sweep GC freed 14(496B) AllocSpace objects, 0(0B) LOS objects, 40% free, 22MB/37MB, paused 123us total 13.842ms
08-04 22:02:11.978 23454 23466 I art     : Starting a blocking GC Explicit
08-04 22:02:11.993 23454 23466 I art     : Explicit concurrent mark sweep GC freed 15(560B) AllocSpace objects, 0(0B) LOS objects, 40% free, 22MB/37MB, paused 214us total 14.365ms
08-04 22:02:12.001 23454 23466 I art     : Starting a blocking GC Explicit
08-04 22:02:12.015 23454 23466 I art     : Explicit concurrent mark sweep GC freed 17(608B) AllocSpace objects, 0(0B) LOS objects, 40% free, 22MB/37MB, paused 118us total 13.552ms
08-04 22:02:12.111   518   646 I ThermalEngine: ACTION: GPU - Setting GPU[0] to 510000000
08-04 22:02:12.170 23849 23849 D AndroidRuntime: >>>>>> START com.android.internal.os.RuntimeInit uid 2000 <<<<<<
08-04 22:02:12.175 23849 23849 D AndroidRuntime: CheckJNI is OFF
08-04 22:02:12.208 23849 23849 D ICU     : No timezone override file found: /data/misc/zoneinfo/current/icu/icu_tzdata.dat
08-04 22:02:12.229   512  2967 D audio_hw_primary: disable_audio_route: reset and update mixer path: low-latency-playback speaker
08-04 22:02:12.230   512  2967 D audio_hw_primary: disable_snd_device: snd_device(2: speaker)
08-04 22:02:12.237 23849 23849 I Radio-JNI: register_android_hardware_Radio DONE
08-04 22:02:12.238   512  2967 I soundtrigger: audio_extn_sound_trigger_update_device_status: device 0x2 of type 0 for Event 0
08-04 22:02:12.258 23849 23849 D AndroidRuntime: Calling main entry com.android.commands.input.Input
08-04 22:02:12.260 23849 23849 I Input   : injectMotionEvent: MotionEvent { action=ACTION_DOWN, actionButton=0, id[0]=0, x[0]=477.0, y[0]=805.0, toolType[0]=TOOL_TYPE_UNKNOWN, buttonState=0, metaState=0, flags=0x0, edgeFlags=0x0, pointerCount=1, historySize=0, eventTime=741748672, downTime=741748672, deviceId=0, source=0x1002 }
08-04 22:02:12.263 23849 23849 I Input   : injectMotionEvent: MotionEvent { action=ACTION_UP, actionButton=0, id[0]=0, x[0]=477.0, y[0]=805.0, toolType[0]=TOOL_TYPE_UNKNOWN, buttonState=0, metaState=0, flags=0x0, edgeFlags=0x0, pointerCount=1, historySize=0, eventTime=741748672, downTime=741748672, deviceId=0, source=0x1002 }
08-04 22:02:12.265 23849 23849 D AndroidRuntime: Shutting down VM
08-04 22:02:12.277 23454 23466 I art     : Starting a blocking GC Explicit
08-04 22:02:12.295 23454 23466 I art     : Explicit concurrent mark sweep GC freed 1512(85KB) AllocSpace objects, 1(20KB) LOS objects, 40% free, 22MB/37MB, paused 174us total 17.534ms
08-04 22:02:12.306 23454 23466 I art     : Starting a blocking GC Explicit
08-04 22:02:12.323 23454 23466 I art     : Explicit concurrent mark sweep GC freed 68(2240B) AllocSpace objects, 0(0B) LOS objects, 40% free, 22MB/37MB, paused 161us total 16.760ms
08-04 22:02:12.334 23454 23466 I art     : Starting a blocking GC Explicit
08-04 22:02:12.345   512  2967 D audio_hw_primary: out_set_parameters: enter: usecase(1: low-latency-playback) kvpairs: routing=2
08-04 22:02:12.352 23454 23466 I art     : Explicit concurrent mark sweep GC freed 65(11KB) AllocSpace objects, 0(0B) LOS objects, 40% free, 22MB/37MB, paused 377us total 18.205ms
08-04 22:02:12.358   512  2967 D audio_hw_primary: select_devices: out_snd_device(2: speaker) in_snd_device(0: none)
08-04 22:02:12.359   512  2967 D msm8974_platform: platform_send_audio_calibration: sending audio calibration for snd_device(2) acdb_id(15)
08-04 22:02:12.359   512  2967 I soundtrigger: audio_extn_sound_trigger_update_device_status: device 0x2 of type 0 for Event 1
08-04 22:02:12.364 23454 23466 I art     : Starting a blocking GC Explicit
08-04 22:02:12.369   512  2967 D audio_hw_primary: enable_snd_device: snd_device(2: speaker)
08-04 22:02:12.371   512  2967 D audio_hw_primary: enable_audio_route: apply and update mixer path: low-latency-playback speaker
08-04 22:02:12.384 23454 23466 I art     : Explicit concurrent mark sweep GC freed 667(75KB) AllocSpace objects, 0(0B) LOS objects, 40% free, 22MB/37MB, paused 222us total 20.545ms
08-04 22:02:12.396 23454 23466 I art     : Starting a blocking GC Explicit
08-04 22:02:12.413   512  2967 D AudioFlinger: mixer(0xf4740000) throttle end: throttle time(12)
08-04 22:02:12.414 23454 23466 I art     : Explicit concurrent mark sweep GC freed 214(28KB) AllocSpace objects, 0(0B) LOS objects, 40% free, 22MB/37MB, paused 370us total 17.908ms
08-04 22:02:12.674 23454 23517 I art     : Starting a blocking GC Explicit
08-04 22:02:12.694 23454 23517 I art     : Explicit concurrent mark sweep GC freed 1878(100KB) AllocSpace objects, 1(20KB) LOS objects, 40% free, 22MB/37MB, paused 154us total 20.116ms
08-04 22:02:12.706 23454 23517 I art     : Starting a blocking GC Explicit
08-04 22:02:12.725 23454 23517 I art     : Explicit concurrent mark sweep GC freed 106(4KB) AllocSpace objects, 0(0B) LOS objects, 40% free, 22MB/37MB, paused 185us total 19.318ms
08-04 22:02:12.737 23454 23517 I art     : Starting a blocking GC Explicit
08-04 22:02:12.756 23454 23517 I art     : Explicit concurrent mark sweep GC freed 3(96B) AllocSpace objects, 0(0B) LOS objects, 40% free, 22MB/37MB, paused 178us total 19.600ms
08-04 22:02:12.768 23454 23517 I art     : Starting a blocking GC Explicit
08-04 22:02:12.788 23454 23517 I art     : Explicit concurrent mark sweep GC freed 5(192B) AllocSpace objects, 0(0B) LOS objects, 40% free, 22MB/37MB, paused 153us total 19.463ms
08-04 22:02:12.800 23454 23517 I art     : Starting a blocking GC Explicit
08-04 22:02:12.820 23454 23517 I art     : Explicit concurrent mark sweep GC freed 5(160B) AllocSpace objects, 0(0B) LOS objects, 40% free, 22MB/37MB, paused 157us total 19.025ms
08-04 22:02:12.899   512  2967 D audio_hw_primary: disable_audio_route: reset and update mixer path: low-latency-playback speaker
08-04 22:02:12.900   512  2967 D audio_hw_primary: disable_snd_device: snd_device(2: speaker)
08-04 22:02:12.908   512  2967 I soundtrigger: audio_extn_sound_trigger_update_device_status: device 0x2 of type 0 for Event 0
08-04 22:02:12.908 23875 23875 D AndroidRuntime: >>>>>> START com.android.internal.os.RuntimeInit uid 2000 <<<<<<
08-04 22:02:12.913 23875 23875 D AndroidRuntime: CheckJNI is OFF
08-04 22:02:12.944 23875 23875 D ICU     : No timezone override file found: /data/misc/zoneinfo/current/icu/icu_tzdata.dat
08-04 22:02:12.977 23875 23875 I Radio-JNI: register_android_hardware_Radio DONE
08-04 22:02:12.998 23875 23875 D AndroidRuntime: Calling main entry com.android.commands.input.Input
08-04 22:02:13.000 23875 23875 I Input   : injectMotionEvent: MotionEvent { action=ACTION_DOWN, actionButton=0, id[0]=0, x[0]=463.0, y[0]=464.0, toolType[0]=TOOL_TYPE_UNKNOWN, buttonState=0, metaState=0, flags=0x0, edgeFlags=0x0, pointerCount=1, historySize=0, eventTime=741749413, downTime=741749413, deviceId=0, source=0x1002 }
08-04 22:02:13.004 23875 23875 I Input   : injectMotionEvent: MotionEvent { action=ACTION_UP, actionButton=0, id[0]=0, x[0]=463.0, y[0]=464.0, toolType[0]=TOOL_TYPE_UNKNOWN, buttonState=0, metaState=0, flags=0x0, edgeFlags=0x0, pointerCount=1, historySize=0, eventTime=741749413, downTime=741749413, deviceId=0, source=0x1002 }
08-04 22:02:13.006 23875 23875 D AndroidRuntime: Shutting down VM
08-04 22:02:13.074   512  2967 D audio_hw_primary: out_set_parameters: enter: usecase(1: low-latency-playback) kvpairs: routing=2
08-04 22:02:13.087   918  4413 W InputMethodManagerService: Window already focused, ignoring focus gain of: com.android.internal.view.IInputMethodClient$Stub$Proxy@89d1919 attribute=null, token = android.os.BinderProxy@8082165
08-04 22:02:13.087 23454 23467 I art     : Starting a blocking GC Explicit
08-04 22:02:13.088   512  2967 D audio_hw_primary: select_devices: out_snd_device(2: speaker) in_snd_device(0: none)
08-04 22:02:13.088   512  2967 D msm8974_platform: platform_send_audio_calibration: sending audio calibration for snd_device(2) acdb_id(15)
08-04 22:02:13.090   512  2967 I soundtrigger: audio_extn_sound_trigger_update_device_status: device 0x2 of type 0 for Event 1
08-04 22:02:13.102   512  2967 D audio_hw_primary: enable_snd_device: snd_device(2: speaker)
08-04 22:02:13.104   512  2967 D audio_hw_primary: enable_audio_route: apply and update mixer path: low-latency-playback speaker
08-04 22:02:13.110 23454 23467 I art     : Explicit concurrent mark sweep GC freed 1663(105KB) AllocSpace objects, 2(40KB) LOS objects, 40% free, 22MB/37MB, paused 201us total 22.217ms
08-04 22:02:13.121 23454 23467 I art     : Starting a blocking GC Explicit
08-04 22:02:13.139 23454 23467 I art     : Explicit concurrent mark sweep GC freed 117(6KB) AllocSpace objects, 0(0B) LOS objects, 40% free, 22MB/37MB, paused 185us total 18.273ms
08-04 22:02:13.146   512  2967 D AudioFlinger: mixer(0xf4740000) throttle end: throttle time(12)
08-04 22:02:13.151 23454 23467 I art     : Starting a blocking GC Explicit
08-04 22:02:13.169 23454 23467 I art     : Explicit concurrent mark sweep GC freed 13(496B) AllocSpace objects, 0(0B) LOS objects, 40% free, 22MB/37MB, paused 158us total 17.818ms
08-04 22:02:13.181 23454 23467 I art     : Starting a blocking GC Explicit
08-04 22:02:13.200 23454 23467 I art     : Explicit concurrent mark sweep GC freed 6(256B) AllocSpace objects, 0(0B) LOS objects, 40% free, 22MB/37MB, paused 164us total 19.362ms
08-04 22:02:13.212 23454 23467 I art     : Starting a blocking GC Explicit
08-04 22:02:13.235 23454 23467 I art     : Explicit concurrent mark sweep GC freed 3(96B) AllocSpace objects, 0(0B) LOS objects, 40% free, 22MB/37MB, paused 688us total 22.149ms
08-04 22:02:13.275   380   380 W SurfaceFlinger: couldn't log to binary event log: overflow.
08-04 22:02:13.471 23454 23517 I art     : Starting a blocking GC Explicit
08-04 22:02:13.491 23454 23517 I art     : Explicit concurrent mark sweep GC freed 1337(78KB) AllocSpace objects, 1(20KB) LOS objects, 40% free, 22MB/37MB, paused 176us total 20.365ms
08-04 22:02:13.503 23454 23517 I art     : Starting a blocking GC Explicit
08-04 22:02:13.522 23454 23517 I art     : Explicit concurrent mark sweep GC freed 20(704B) AllocSpace objects, 0(0B) LOS objects, 40% free, 22MB/37MB, paused 155us total 18.984ms
08-04 22:02:13.534 23454 23517 I art     : Starting a blocking GC Explicit
08-04 22:02:13.541 13866 13882 I PeriodicStatsRunner: PeriodicStatsRunner.call():175 call()
08-04 22:02:13.542 13866 13882 I PeriodicStatsRunner: PeriodicStatsRunner.call():179 No submit PeriodicStats since input started.
08-04 22:02:13.551 23454 23517 I art     : Explicit concurrent mark sweep GC freed 3(96B) AllocSpace objects, 0(0B) LOS objects, 40% free, 22MB/37MB, paused 162us total 17.380ms
08-04 22:02:13.562 23454 23517 I art     : Starting a blocking GC Explicit
08-04 22:02:13.581 23454 23517 I art     : Explicit concurrent mark sweep GC freed 3(96B) AllocSpace objects, 0(0B) LOS objects, 40% free, 22MB/37MB, paused 157us total 18.540ms
08-04 22:02:13.592 23454 23517 I art     : Starting a blocking GC Explicit
08-04 22:02:13.611 23454 23517 I art     : Explicit concurrent mark sweep GC freed 3(96B) AllocSpace objects, 0(0B) LOS objects, 40% free, 22MB/37MB, paused 160us total 18.537ms
08-04 22:02:13.639   512  2967 D audio_hw_primary: disable_audio_route: reset and update mixer path: low-latency-playback speaker
08-04 22:02:13.640   512  2967 D audio_hw_primary: disable_snd_device: snd_device(2: speaker)
08-04 22:02:13.648   512  2967 I soundtrigger: audio_extn_sound_trigger_update_device_status: device 0x2 of type 0 for Event 0
08-04 22:02:13.659 23907 23907 D AndroidRuntime: >>>>>> START com.android.internal.os.RuntimeInit uid 2000 <<<<<<
08-04 22:02:13.663 23907 23907 D AndroidRuntime: CheckJNI is OFF
08-04 22:02:13.697 23907 23907 D ICU     : No timezone override file found: /data/misc/zoneinfo/current/icu/icu_tzdata.dat
08-04 22:02:13.730 23907 23907 I Radio-JNI: register_android_hardware_Radio DONE
08-04 22:02:13.752 23907 23907 D AndroidRuntime: Calling main entry com.android.commands.input.Input
08-04 22:02:13.754 23907 23907 I Input   : injectKeyEvent: KeyEvent { action=ACTION_DOWN, keyCode=KEYCODE_BACK, scanCode=0, metaState=0, flags=0x0, repeatCount=0, eventTime=741750167, downTime=741750167, deviceId=-1, source=0x101 }
08-04 22:02:13.759 23907 23907 I Input   : injectKeyEvent: KeyEvent { action=ACTION_UP, keyCode=KEYCODE_BACK, scanCode=0, metaState=0, flags=0x0, repeatCount=0, eventTime=741750167, downTime=741750167, deviceId=-1, source=0x101 }
08-04 22:02:13.765 23907 23907 D AndroidRuntime: Shutting down VM
08-04 22:02:13.804 13866 13866 I GoogleInputMethodServic: GoogleInputMethodService.onFinishInput():3138 
08-04 22:02:13.805 13866 13866 I GoogleInputMethodServic: GoogleInputMethodService.onStartInput():1808 
08-04 22:02:13.854 23454 23517 I art     : Starting a blocking GC Explicit
08-04 22:02:13.872 23454 23517 I art     : Explicit concurrent mark sweep GC freed 1442(84KB) AllocSpace objects, 1(20KB) LOS objects, 40% free, 22MB/37MB, paused 155us total 17.883ms
08-04 22:02:13.883 23454 23517 I art     : Starting a blocking GC Explicit
08-04 22:02:13.901 23454 23517 I art     : Explicit concurrent mark sweep GC freed 34(1200B) AllocSpace objects, 0(0B) LOS objects, 40% free, 22MB/37MB, paused 171us total 17.409ms
08-04 22:02:13.912 23454 23517 I art     : Starting a blocking GC Explicit
08-04 22:02:13.931 23454 23517 I art     : Explicit concurrent mark sweep GC freed 3(96B) AllocSpace objects, 0(0B) LOS objects, 40% free, 22MB/37MB, paused 178us total 18.829ms
08-04 22:02:13.944 23454 23517 I art     : Starting a blocking GC Explicit
08-04 22:02:13.968 23454 23517 I art     : Explicit concurrent mark sweep GC freed 3(96B) AllocSpace objects, 0(0B) LOS objects, 40% free, 22MB/37MB, paused 203us total 23.799ms
08-04 22:02:13.982 23454 23517 I art     : Starting a blocking GC Explicit
08-04 22:02:14.007 23454 23517 I art     : Explicit concurrent mark sweep GC freed 105(5KB) AllocSpace objects, 0(0B) LOS objects, 40% free, 22MB/37MB, paused 171us total 24.682ms
08-04 22:02:14.109   380   380 W SurfaceFlinger: couldn't log to binary event log: overflow.
08-04 22:02:14.116   518   646 I ThermalEngine: ACTION: GPU - Setting GPU[0] to 450000000
08-04 22:02:14.270 23454 23466 I art     : Starting a blocking GC Explicit
08-04 22:02:14.300 23454 23466 I art     : Explicit concurrent mark sweep GC freed 3136(198KB) AllocSpace objects, 1(20KB) LOS objects, 40% free, 22MB/37MB, paused 290us total 29.601ms
08-04 22:02:14.315 23454 23466 I art     : Starting a blocking GC Explicit
08-04 22:02:14.336 23454 23466 I art     : Explicit concurrent mark sweep GC freed 12010(576KB) AllocSpace objects, 7(340KB) LOS objects, 40% free, 21MB/35MB, paused 213us total 20.616ms
08-04 22:02:14.350 23454 23466 I art     : Starting a blocking GC Explicit
08-04 22:02:14.368 23454 23466 I art     : Explicit concurrent mark sweep GC freed 3(96B) AllocSpace objects, 0(0B) LOS objects, 40% free, 21MB/35MB, paused 216us total 17.618ms
08-04 22:02:14.382 23454 23466 I art     : Starting a blocking GC Explicit
08-04 22:02:14.401 23454 23466 I art     : Explicit concurrent mark sweep GC freed 3(96B) AllocSpace objects, 0(0B) LOS objects, 40% free, 21MB/35MB, paused 211us total 18.985ms
08-04 22:02:14.415 23454 23466 I art     : Starting a blocking GC Explicit
08-04 22:02:14.433 23454 23466 I art     : Explicit concurrent mark sweep GC freed 3(96B) AllocSpace objects, 0(0B) LOS objects, 40% free, 21MB/35MB, paused 218us total 18.371ms
08-04 22:02:14.515 23940 23940 D AndroidRuntime: >>>>>> START com.android.internal.os.RuntimeInit uid 2000 <<<<<<
08-04 22:02:14.521 23940 23940 D AndroidRuntime: CheckJNI is OFF
08-04 22:02:14.569 23940 23940 D ICU     : No timezone override file found: /data/misc/zoneinfo/current/icu/icu_tzdata.dat
08-04 22:02:14.613 23940 23940 I Radio-JNI: register_android_hardware_Radio DONE
08-04 22:02:14.641 23940 23940 D AndroidRuntime: Calling main entry com.android.commands.input.Input
08-04 22:02:14.643 23940 23940 I Input   : injectKeyEvent: KeyEvent { action=ACTION_DOWN, keyCode=KEYCODE_BACK, scanCode=0, metaState=0, flags=0x0, repeatCount=0, eventTime=741751056, downTime=741751056, deviceId=-1, source=0x101 }
08-04 22:02:14.647 23940 23940 I Input   : injectKeyEvent: KeyEvent { action=ACTION_UP, keyCode=KEYCODE_BACK, scanCode=0, metaState=0, flags=0x0, repeatCount=0, eventTime=741751056, downTime=741751056, deviceId=-1, source=0x101 }
08-04 22:02:14.653 23940 23940 D AndroidRuntime: Shutting down VM
08-04 22:02:14.690 13866 13866 I GoogleInputMethodServic: GoogleInputMethodService.onFinishInput():3138 
08-04 22:02:14.691 13866 13866 I GoogleInputMethodServic: GoogleInputMethodService.onStartInput():1808 
08-04 22:02:14.708 23454 23467 I art     : Starting a blocking GC Explicit
08-04 22:02:14.730 23454 23467 I art     : Explicit concurrent mark sweep GC freed 1501(85KB) AllocSpace objects, 1(20KB) LOS objects, 40% free, 21MB/35MB, paused 294us total 21.048ms
08-04 22:02:14.745 23454 23467 I art     : Starting a blocking GC Explicit
08-04 22:02:14.762 23454 23467 I art     : Explicit concurrent mark sweep GC freed 36(1248B) AllocSpace objects, 0(0B) LOS objects, 40% free, 21MB/35MB, paused 209us total 17.017ms
08-04 22:02:14.775 23454 23467 I art     : Starting a blocking GC Explicit
08-04 22:02:14.793 23454 23467 I art     : Explicit concurrent mark sweep GC freed 3(96B) AllocSpace objects, 0(0B) LOS objects, 40% free, 21MB/35MB, paused 202us total 17.684ms
08-04 22:02:14.807 23454 23467 I art     : Starting a blocking GC Explicit
08-04 22:02:14.825 23454 23467 I art     : Explicit concurrent mark sweep GC freed 3(96B) AllocSpace objects, 0(0B) LOS objects, 40% free, 21MB/35MB, paused 225us total 17.839ms
08-04 22:02:14.833 13866 13882 I PeriodicStatsRunner: PeriodicStatsRunner.call():175 call()
08-04 22:02:14.834 13866 13882 I PeriodicStatsRunner: PeriodicStatsRunner.call():179 No submit PeriodicStats since input started.
08-04 22:02:14.842 23454 23467 I art     : Starting a blocking GC Explicit
08-04 22:02:14.860 23454 23467 I art     : Explicit concurrent mark sweep GC freed 3(96B) AllocSpace objects, 0(0B) LOS objects, 40% free, 21MB/35MB, paused 202us total 17.768ms
08-04 22:02:14.953 13866 13882 I PeriodicStatsRunner: PeriodicStatsRunner.call():175 call()
08-04 22:02:14.953 13866 13882 I PeriodicStatsRunner: PeriodicStatsRunner.call():179 No submit PeriodicStats since input started.
08-04 22:02:15.122   918  3261 D WifiStateMachine: starting scan for "H369AA63323"WPA_PSK with 2412,5180
08-04 22:02:15.126 23454 23973 I art     : Starting a blocking GC Explicit
08-04 22:02:15.146 23454 23973 I art     : Explicit concurrent mark sweep GC freed 1362(79KB) AllocSpace objects, 1(20KB) LOS objects, 40% free, 21MB/35MB, paused 245us total 19.869ms
08-04 22:02:15.160 23454 23973 I art     : Starting a blocking GC Explicit
08-04 22:02:15.180 23454 23973 I art     : Explicit concurrent mark sweep GC freed 143(10KB) AllocSpace objects, 0(0B) LOS objects, 40% free, 21MB/35MB, paused 244us total 19.245ms
08-04 22:02:15.194 23454 23973 I art     : Starting a blocking GC Explicit
08-04 22:02:15.213 23454 23973 I art     : Explicit concurrent mark sweep GC freed 3(96B) AllocSpace objects, 0(0B) LOS objects, 40% free, 21MB/35MB, paused 232us total 19.033ms
08-04 22:02:15.227 23454 23973 I art     : Starting a blocking GC Explicit
08-04 22:02:15.246 23454 23973 I art     : Explicit concurrent mark sweep GC freed 3(96B) AllocSpace objects, 0(0B) LOS objects, 40% free, 21MB/35MB, paused 240us total 18.637ms
08-04 22:02:15.260 23454 23973 I art     : Starting a blocking GC Explicit
08-04 22:02:15.279 23454 23973 I art     : Explicit concurrent mark sweep GC freed 3(96B) AllocSpace objects, 0(0B) LOS objects, 40% free, 21MB/35MB, paused 236us total 18.814ms
08-04 22:02:15.432 23974 23974 D AndroidRuntime: >>>>>> START com.android.internal.os.RuntimeInit uid 2000 <<<<<<
08-04 22:02:15.439 23974 23974 D AndroidRuntime: CheckJNI is OFF
08-04 22:02:15.480 23974 23974 D ICU     : No timezone override file found: /data/misc/zoneinfo/current/icu/icu_tzdata.dat
08-04 22:02:15.521 23974 23974 I Radio-JNI: register_android_hardware_Radio DONE
08-04 22:02:15.551 23974 23974 D AndroidRuntime: Calling main entry com.android.commands.input.Input
08-04 22:02:15.553 23974 23974 I Input   : injectMotionEvent: MotionEvent { action=ACTION_DOWN, actionButton=0, id[0]=0, x[0]=600.0, y[0]=1536.0, toolType[0]=TOOL_TYPE_UNKNOWN, buttonState=0, metaState=0, flags=0x0, edgeFlags=0x0, pointerCount=1, historySize=0, eventTime=741751966, downTime=741751966, deviceId=0, source=0x1002 }
08-04 22:02:15.557 23974 23974 I Input   : injectMotionEvent: MotionEvent { action=ACTION_UP, actionButton=0, id[0]=0, x[0]=600.0, y[0]=1536.0, toolType[0]=TOOL_TYPE_UNKNOWN, buttonState=0, metaState=0, flags=0x0, edgeFlags=0x0, pointerCount=1, historySize=0, eventTime=741751966, downTime=741751966, deviceId=0, source=0x1002 }
08-04 22:02:15.558 23974 23974 D AndroidRuntime: Shutting down VM
08-04 22:02:15.564   512  2967 D audio_hw_primary: out_set_parameters: enter: usecase(1: low-latency-playback) kvpairs: routing=2
08-04 22:02:15.569 23454 23517 I art     : Starting a blocking GC Explicit
08-04 22:02:15.571   918  3359 I ActivityManager: START u0 {dat=https://oauth.reddit.com/... cmp=baseline.org.quantumbadger.redreader/.activities.PostListingActivity} from uid 10666 on display 0
08-04 22:02:15.578   512  2967 D audio_hw_primary: select_devices: out_snd_device(2: speaker) in_snd_device(0: none)
08-04 22:02:15.578   512  2967 D msm8974_platform: platform_send_audio_calibration: sending audio calibration for snd_device(2) acdb_id(15)
08-04 22:02:15.578   512  2967 I soundtrigger: audio_extn_sound_trigger_update_device_status: device 0x2 of type 0 for Event 1
08-04 22:02:15.591   512  2967 D audio_hw_primary: enable_snd_device: snd_device(2: speaker)
08-04 22:02:15.592 23454 23517 I art     : Explicit concurrent mark sweep GC freed 1543(97KB) AllocSpace objects, 1(20KB) LOS objects, 40% free, 21MB/35MB, paused 1.231ms total 23.387ms
08-04 22:02:15.592   512  2967 D audio_hw_primary: enable_audio_route: apply and update mixer path: low-latency-playback speaker
08-04 22:02:15.604 23454 23454 I AppCompatViewInflater: app:theme is now deprecated. Please move to using android:theme instead.
08-04 22:02:15.608 23454 23517 I art     : Starting a blocking GC Explicit
08-04 22:02:15.626 23454 23517 I art     : Explicit concurrent mark sweep GC freed 4124(286KB) AllocSpace objects, 1(28KB) LOS objects, 40% free, 21MB/35MB, paused 447us total 17.936ms
08-04 22:02:15.640 23454 23517 I art     : Starting a blocking GC Explicit
08-04 22:02:15.656 23454 24005 I RawObjectDB query string: CREATE TABLE objects(RawObjectDB_id TEXT PRIMARY KEY ON CONFLICT REPLACE,RawObjectDB_timestamp INTEGER,accounts_active INTEGER,created INTEGER,created_utc INTEGER,description TEXT,description_html TEXT,display_name TEXT,header_img TEXT,header_title TEXT,id TEXT,name TEXT,over18 INTEGER,public_description TEXT,subscribers INTEGER,title TEXT,url TEXT)
08-04 22:02:15.659 23454 23517 I art     : Explicit concurrent mark sweep GC freed 3013(190KB) AllocSpace objects, 0(0B) LOS objects, 40% free, 21MB/35MB, paused 314us total 18.863ms
08-04 22:02:15.674 23454 23517 I art     : Starting a blocking GC Explicit
08-04 22:02:15.699 23454 23517 I art     : Explicit concurrent mark sweep GC freed 1328(86KB) AllocSpace objects, 0(0B) LOS objects, 40% free, 21MB/35MB, paused 3.928ms total 25.177ms
08-04 22:02:15.705 23454 24006 D OK      : calling: https://www.reddit.com/api/v1/access_token
08-04 22:02:15.715 23454 23517 I art     : Starting a blocking GC Explicit
08-04 22:02:15.718   918   936 I ActivityManager: Displayed baseline.org.quantumbadger.redreader/.activities.PostListingActivity: +137ms
08-04 22:02:15.719 13866 13866 I GoogleInputMethodServic: GoogleInputMethodService.onFinishInput():3138 
08-04 22:02:15.719 13866 13866 I GoogleInputMethodServic: GoogleInputMethodService.onStartInput():1808 
08-04 22:02:15.731 13866 13882 I PeriodicStatsRunner: PeriodicStatsRunner.call():175 call()
08-04 22:02:15.732 13866 13882 I PeriodicStatsRunner: PeriodicStatsRunner.call():179 No submit PeriodicStats since input started.
08-04 22:02:15.738 23454 23517 I art     : Explicit concurrent mark sweep GC freed 671(57KB) AllocSpace objects, 0(0B) LOS objects, 40% free, 21MB/36MB, paused 644us total 22.009ms
08-04 22:02:15.978   380   380 W SurfaceFlinger: couldn't log to binary event log: overflow.
08-04 22:02:16.021 23454 23466 I art     : Starting a blocking GC Explicit
08-04 22:02:16.054 23454 23466 I art     : Explicit concurrent mark sweep GC freed 28048(1850KB) AllocSpace objects, 14(1212KB) LOS objects, 39% free, 23MB/39MB, paused 558us total 32.658ms
08-04 22:02:16.069 23454 23466 I art     : Starting a blocking GC Explicit
08-04 22:02:16.103 23454 23466 I art     : Explicit concurrent mark sweep GC freed 11474(766KB) AllocSpace objects, 2(180KB) LOS objects, 39% free, 24MB/40MB, paused 810us total 33.743ms
08-04 22:02:16.105 23454 24006 D OK      : request got status: 200
08-04 22:02:16.115 23454 24006 D OK      : calling: https://oauth.reddit.com/r/askscience/about.json
08-04 22:02:16.120 23454 23466 I art     : Starting a blocking GC Explicit
08-04 22:02:16.130   512  2967 D audio_hw_primary: disable_audio_route: reset and update mixer path: low-latency-playback speaker
08-04 22:02:16.132   512  2967 D audio_hw_primary: disable_snd_device: snd_device(2: speaker)
08-04 22:02:16.140   512  2967 I soundtrigger: audio_extn_sound_trigger_update_device_status: device 0x2 of type 0 for Event 0
08-04 22:02:16.153 23454 23466 I art     : Explicit concurrent mark sweep GC freed 3399(225KB) AllocSpace objects, 2(320KB) LOS objects, 40% free, 23MB/39MB, paused 352us total 32.586ms
08-04 22:02:16.169 23454 23466 I art     : Starting a blocking GC Explicit
08-04 22:02:16.200 23454 23466 I art     : Explicit concurrent mark sweep GC freed 81(5KB) AllocSpace objects, 0(0B) LOS objects, 40% free, 23MB/39MB, paused 357us total 30.892ms
08-04 22:02:16.216 23454 23466 I art     : Starting a blocking GC Explicit
08-04 22:02:16.249 23454 23466 I art     : Explicit concurrent mark sweep GC freed 1823(71KB) AllocSpace objects, 0(0B) LOS objects, 40% free, 23MB/39MB, paused 488us total 32.375ms
08-04 22:02:16.405 23454 24006 I NAPPA_EXPERIMENTATION: MetricNetworkRequestExecutionTime: REQUEST_DURATION_SYSTEM='289',REQUEST_DURATION_OKHTTP='147',REQUEST_SYNCHRONOUS='TRUE',RESPONSE_CODE='200',RESPONSE_METHOD='GET',RESPONSE_LENGTH_OKHTTP='-1',RESPONSE_LENGTH_HEADER='4700',REQUEST_PROTOCOL='h2',REQUEST_URL='https://oauth.reddit.com/r/askscience/about.json',
08-04 22:02:16.405 23454 24006 D OK      : request got status: 200
08-04 22:02:16.529 23454 23466 I art     : Starting a blocking GC Explicit
08-04 22:02:16.568 23454 23466 I art     : Explicit concurrent mark sweep GC freed 3484(340KB) AllocSpace objects, 4(176KB) LOS objects, 39% free, 24MB/40MB, paused 360us total 38.541ms
08-04 22:02:16.584 23454 23466 I art     : Starting a blocking GC Explicit
08-04 22:02:16.618 23454 23466 I art     : Explicit concurrent mark sweep GC freed 269(13KB) AllocSpace objects, 0(0B) LOS objects, 39% free, 24MB/40MB, paused 348us total 32.991ms
08-04 22:02:16.634 23454 23466 I art     : Starting a blocking GC Explicit
08-04 22:02:16.667 23454 23466 I art     : Explicit concurrent mark sweep GC freed 3(96B) AllocSpace objects, 0(0B) LOS objects, 39% free, 24MB/40MB, paused 309us total 32.606ms
08-04 22:02:16.683 23454 23466 I art     : Starting a blocking GC Explicit
08-04 22:02:16.717 23454 23466 I art     : Explicit concurrent mark sweep GC freed 3(96B) AllocSpace objects, 0(0B) LOS objects, 39% free, 24MB/40MB, paused 304us total 32.801ms
08-04 22:02:16.733 23454 23466 I art     : Starting a blocking GC Explicit
08-04 22:02:16.767 23454 23466 I art     : Explicit concurrent mark sweep GC freed 41(2064B) AllocSpace objects, 0(0B) LOS objects, 39% free, 24MB/40MB, paused 504us total 33.052ms
08-04 22:02:16.902 23454 24036 D OK      : calling: https://oauth.reddit.com/r/askscience/hot/.json
08-04 22:02:17.063 23454 23466 I art     : Starting a blocking GC Explicit
08-04 22:02:17.098 23454 23466 I art     : Explicit concurrent mark sweep GC freed 1456(83KB) AllocSpace objects, 1(20KB) LOS objects, 39% free, 24MB/40MB, paused 352us total 35.167ms
08-04 22:02:17.105 23454 24036 I NAPPA_EXPERIMENTATION: MetricNetworkRequestExecutionTime: REQUEST_DURATION_SYSTEM='203',REQUEST_DURATION_OKHTTP='199',REQUEST_SYNCHRONOUS='TRUE',RESPONSE_CODE='200',RESPONSE_METHOD='GET',RESPONSE_LENGTH_OKHTTP='-1',RESPONSE_LENGTH_HEADER='21282',REQUEST_PROTOCOL='h2',REQUEST_URL='https://oauth.reddit.com/r/askscience/hot/.json',
08-04 22:02:17.105 23454 24036 D OK      : request got status: 200
08-04 22:02:17.115 23454 23466 I art     : Starting a blocking GC Explicit
08-04 22:02:17.124 23454 24028 I PostListingFragment: Precaching images: OFF
08-04 22:02:17.124 23454 24028 I PostListingFragment: Precaching comments: OFF
08-04 22:02:17.151 23454 23466 I art     : Explicit concurrent mark sweep GC freed 784(125KB) AllocSpace objects, 0(0B) LOS objects, 39% free, 24MB/40MB, paused 639us total 35.712ms
08-04 22:02:17.167 23454 23466 I art     : Starting a blocking GC Explicit
08-04 22:02:17.205 23454 23466 I art     : Explicit concurrent mark sweep GC freed 2125(137KB) AllocSpace objects, 0(0B) LOS objects, 39% free, 24MB/40MB, paused 740us total 37.577ms
08-04 22:02:17.222 23454 23466 I art     : Starting a blocking GC Explicit
08-04 22:02:17.260 23454 23466 I art     : Explicit concurrent mark sweep GC freed 2472(127KB) AllocSpace objects, 1(68KB) LOS objects, 39% free, 24MB/40MB, paused 533us total 38.160ms
08-04 22:02:17.276 23454 23466 I art     : Starting a blocking GC Explicit
08-04 22:02:17.317 23454 23466 I art     : Explicit concurrent mark sweep GC freed 2875(131KB) AllocSpace objects, 1(68KB) LOS objects, 39% free, 24MB/40MB, paused 421us total 40.038ms
08-04 22:02:17.638 23454 23973 I art     : Starting a blocking GC Explicit
08-04 22:02:17.680 23454 23973 I art     : Explicit concurrent mark sweep GC freed 27945(1208KB) AllocSpace objects, 1(20KB) LOS objects, 39% free, 24MB/40MB, paused 716us total 41.493ms
08-04 22:02:17.699 23454 23973 I art     : Starting a blocking GC Explicit
08-04 22:02:17.737 23454 23973 I art     : Explicit concurrent mark sweep GC freed 2586(115KB) AllocSpace objects, 0(0B) LOS objects, 39% free, 24MB/40MB, paused 728us total 38.061ms
08-04 22:02:17.754 23454 23973 I art     : Starting a blocking GC Explicit
08-04 22:02:17.796 23454 23973 I art     : Explicit concurrent mark sweep GC freed 223(7KB) AllocSpace objects, 0(0B) LOS objects, 39% free, 24MB/40MB, paused 346us total 41.435ms
08-04 22:02:17.814 23454 23973 I art     : Starting a blocking GC Explicit
08-04 22:02:17.851 23454 23973 I art     : Explicit concurrent mark sweep GC freed 3(96B) AllocSpace objects, 0(0B) LOS objects, 39% free, 24MB/40MB, paused 307us total 36.369ms
08-04 22:02:17.868 23454 23973 I art     : Starting a blocking GC Explicit
08-04 22:02:17.908 23454 23973 I art     : Explicit concurrent mark sweep GC freed 68(2608B) AllocSpace objects, 0(0B) LOS objects, 39% free, 24MB/40MB, paused 373us total 38.760ms
08-04 22:02:18.215 23454 23517 I art     : Starting a blocking GC Explicit
08-04 22:02:18.263 23454 23517 I art     : Explicit concurrent mark sweep GC freed 1624(92KB) AllocSpace objects, 1(20KB) LOS objects, 39% free, 24MB/40MB, paused 360us total 46.802ms
08-04 22:02:18.283 23454 23517 I art     : Starting a blocking GC Explicit
08-04 22:02:18.324 23454 23517 I art     : Explicit concurrent mark sweep GC freed 83(4KB) AllocSpace objects, 0(0B) LOS objects, 39% free, 24MB/40MB, paused 339us total 40.512ms
08-04 22:02:18.342 23454 23517 I art     : Starting a blocking GC Explicit
08-04 22:02:18.383 23454 23517 I art     : Explicit concurrent mark sweep GC freed 3(96B) AllocSpace objects, 0(0B) LOS objects, 39% free, 24MB/40MB, paused 339us total 40.737ms
08-04 22:02:18.401 23454 23517 I art     : Starting a blocking GC Explicit
08-04 22:02:18.439 23454 23517 I art     : Explicit concurrent mark sweep GC freed 3(96B) AllocSpace objects, 0(0B) LOS objects, 39% free, 24MB/40MB, paused 338us total 38.001ms
08-04 22:02:18.456 23454 23517 I art     : Starting a blocking GC Explicit
08-04 22:02:18.498 23454 23517 I art     : Explicit concurrent mark sweep GC freed 3(96B) AllocSpace objects, 0(0B) LOS objects, 39% free, 24MB/40MB, paused 353us total 40.969ms
08-04 22:02:18.805 13866 13882 I PeriodicStatsRunner: PeriodicStatsRunner.call():175 call()
08-04 22:02:18.805 13866 13882 I PeriodicStatsRunner: PeriodicStatsRunner.call():179 No submit PeriodicStats since input started.
08-04 22:02:18.840 23454 23466 I art     : Starting a blocking GC Explicit
08-04 22:02:18.888 23454 23466 I art     : Explicit concurrent mark sweep GC freed 1346(78KB) AllocSpace objects, 1(20KB) LOS objects, 39% free, 24MB/40MB, paused 467us total 47.050ms
08-04 22:02:18.888 23454 23465 I art     : WaitForGcToComplete blocked for 15.486ms for cause HeapTrim
08-04 22:02:18.908 23454 23466 I art     : Starting a blocking GC Explicit
08-04 22:02:18.949 23454 23466 I art     : Explicit concurrent mark sweep GC freed 20(704B) AllocSpace objects, 0(0B) LOS objects, 39% free, 24MB/40MB, paused 338us total 40.349ms
08-04 22:02:18.967 23454 23466 I art     : Starting a blocking GC Explicit
08-04 22:02:19.008 23454 23466 I art     : Explicit concurrent mark sweep GC freed 3(96B) AllocSpace objects, 0(0B) LOS objects, 39% free, 24MB/40MB, paused 335us total 41.354ms
08-04 22:02:19.026 23454 23466 I art     : Starting a blocking GC Explicit
08-04 22:02:19.065 23454 23466 I art     : Explicit concurrent mark sweep GC freed 3(96B) AllocSpace objects, 0(0B) LOS objects, 39% free, 24MB/40MB, paused 342us total 38.479ms
08-04 22:02:19.082 23454 23466 I art     : Starting a blocking GC Explicit
08-04 22:02:19.123   518   646 I ThermalEngine: ACTION: GPU - Setting GPU[0] to 510000000
08-04 22:02:19.124 23454 23466 I art     : Explicit concurrent mark sweep GC freed 3(96B) AllocSpace objects, 0(0B) LOS objects, 39% free, 24MB/40MB, paused 357us total 40.981ms
08-04 22:02:19.454 23454 23973 I art     : Starting a blocking GC Explicit
08-04 22:02:19.492 23454 23973 I art     : Explicit concurrent mark sweep GC freed 1343(78KB) AllocSpace objects, 1(20KB) LOS objects, 39% free, 24MB/40MB, paused 285us total 38.084ms
08-04 22:02:19.508 23454 23973 I art     : Starting a blocking GC Explicit
08-04 22:02:19.538 23454 23973 I art     : Explicit concurrent mark sweep GC freed 20(704B) AllocSpace objects, 0(0B) LOS objects, 39% free, 24MB/40MB, paused 241us total 29.407ms
08-04 22:02:19.551 23454 23973 I art     : Starting a blocking GC Explicit
08-04 22:02:19.581 23454 23973 I art     : Explicit concurrent mark sweep GC freed 3(96B) AllocSpace objects, 0(0B) LOS objects, 39% free, 24MB/40MB, paused 250us total 29.985ms
08-04 22:02:19.595 23454 23973 I art     : Starting a blocking GC Explicit
08-04 22:02:19.626 23454 23973 I art     : Explicit concurrent mark sweep GC freed 3(96B) AllocSpace objects, 0(0B) LOS objects, 39% free, 24MB/40MB, paused 243us total 30.641ms
08-04 22:02:19.639 23454 23973 I art     : Starting a blocking GC Explicit
08-04 22:02:19.669 23454 23973 I art     : Explicit concurrent mark sweep GC freed 3(96B) AllocSpace objects, 0(0B) LOS objects, 39% free, 24MB/40MB, paused 243us total 29.889ms
08-04 22:02:19.691 13866 13882 I PeriodicStatsRunner: PeriodicStatsRunner.call():175 call()
08-04 22:02:19.691 13866 13882 I PeriodicStatsRunner: PeriodicStatsRunner.call():179 No submit PeriodicStats since input started.
08-04 22:02:20.014 23454 23467 I art     : Starting a blocking GC Explicit
08-04 22:02:20.052 23454 23467 I art     : Explicit concurrent mark sweep GC freed 1343(78KB) AllocSpace objects, 1(20KB) LOS objects, 39% free, 24MB/40MB, paused 264us total 37.651ms
08-04 22:02:20.068 23454 23467 I art     : Starting a blocking GC Explicit
08-04 22:02:20.099 23454 23467 I art     : Explicit concurrent mark sweep GC freed 20(704B) AllocSpace objects, 0(0B) LOS objects, 39% free, 24MB/40MB, paused 268us total 30.134ms
08-04 22:02:20.112 23454 23467 I art     : Starting a blocking GC Explicit
08-04 22:02:20.142 23454 23467 I art     : Explicit concurrent mark sweep GC freed 3(96B) AllocSpace objects, 0(0B) LOS objects, 39% free, 24MB/40MB, paused 255us total 29.611ms
08-04 22:02:20.155 23454 23467 I art     : Starting a blocking GC Explicit
08-04 22:02:20.186 23454 23467 I art     : Explicit concurrent mark sweep GC freed 3(96B) AllocSpace objects, 0(0B) LOS objects, 39% free, 24MB/40MB, paused 259us total 30.143ms
08-04 22:02:20.199 23454 23467 I art     : Starting a blocking GC Explicit
08-04 22:02:20.230 23454 23467 I art     : Explicit concurrent mark sweep GC freed 3(96B) AllocSpace objects, 0(0B) LOS objects, 39% free, 24MB/40MB, paused 239us total 30.605ms
08-04 22:02:20.549 23454 23517 I art     : Starting a blocking GC Explicit
08-04 22:02:20.587 23454 23517 I art     : Explicit concurrent mark sweep GC freed 1347(78KB) AllocSpace objects, 1(20KB) LOS objects, 39% free, 24MB/40MB, paused 267us total 38.137ms
08-04 22:02:20.605 23454 23517 I art     : Starting a blocking GC Explicit
08-04 22:02:20.635 23454 23517 I art     : Explicit concurrent mark sweep GC freed 20(704B) AllocSpace objects, 0(0B) LOS objects, 39% free, 24MB/40MB, paused 231us total 30.472ms
08-04 22:02:20.649 23454 23517 I art     : Starting a blocking GC Explicit
08-04 22:02:20.679 23454 23517 I art     : Explicit concurrent mark sweep GC freed 3(96B) AllocSpace objects, 0(0B) LOS objects, 39% free, 24MB/40MB, paused 256us total 29.839ms
08-04 22:02:20.693 23454 23517 I art     : Starting a blocking GC Explicit
08-04 22:02:20.719 13866 13882 I PeriodicStatsRunner: PeriodicStatsRunner.call():175 call()
08-04 22:02:20.720 13866 13882 I PeriodicStatsRunner: PeriodicStatsRunner.call():179 No submit PeriodicStats since input started.
08-04 22:02:20.724 23454 23517 I art     : Explicit concurrent mark sweep GC freed 3(96B) AllocSpace objects, 0(0B) LOS objects, 39% free, 24MB/40MB, paused 243us total 30.518ms
08-04 22:02:20.737 23454 23517 I art     : Starting a blocking GC Explicit
08-04 22:02:20.767 23454 23517 I art     : Explicit concurrent mark sweep GC freed 3(96B) AllocSpace objects, 0(0B) LOS objects, 39% free, 24MB/40MB, paused 304us total 29.315ms
08-04 22:02:21.024 23454 23466 I art     : Starting a blocking GC Explicit
08-04 22:02:21.055 23454 23466 I art     : Explicit concurrent mark sweep GC freed 1344(78KB) AllocSpace objects, 1(20KB) LOS objects, 39% free, 24MB/40MB, paused 315us total 30.389ms
08-04 22:02:21.069 23454 23466 I art     : Starting a blocking GC Explicit
08-04 22:02:21.099 23454 23466 I art     : Explicit concurrent mark sweep GC freed 20(704B) AllocSpace objects, 0(0B) LOS objects, 39% free, 24MB/40MB, paused 253us total 30.161ms
08-04 22:02:21.112 23454 23466 I art     : Starting a blocking GC Explicit
08-04 22:02:21.141 23454 23466 I art     : Explicit concurrent mark sweep GC freed 3(96B) AllocSpace objects, 0(0B) LOS objects, 39% free, 24MB/40MB, paused 248us total 29.070ms
08-04 22:02:21.155 23454 23466 I art     : Starting a blocking GC Explicit
08-04 22:02:21.184 23454 23466 I art     : Explicit concurrent mark sweep GC freed 3(96B) AllocSpace objects, 0(0B) LOS objects, 39% free, 24MB/40MB, paused 249us total 28.510ms
08-04 22:02:21.197 24107 24107 D AndroidRuntime: >>>>>> START com.android.internal.os.RuntimeInit uid 2000 <<<<<<
08-04 22:02:21.197 23454 23466 I art     : Starting a blocking GC Explicit
08-04 22:02:21.202 24107 24107 D AndroidRuntime: CheckJNI is OFF
08-04 22:02:21.226 23454 23466 I art     : Explicit concurrent mark sweep GC freed 3(96B) AllocSpace objects, 0(0B) LOS objects, 39% free, 24MB/40MB, paused 252us total 28.483ms
08-04 22:02:21.238 24107 24107 D ICU     : No timezone override file found: /data/misc/zoneinfo/current/icu/icu_tzdata.dat
08-04 22:02:21.270 24107 24107 I Radio-JNI: register_android_hardware_Radio DONE
08-04 22:02:21.291 24107 24107 D AndroidRuntime: Calling main entry com.android.commands.input.Input
08-04 22:02:21.293 24107 24107 I Input   : injectMotionEvent: MotionEvent { action=ACTION_DOWN, actionButton=0, id[0]=0, x[0]=600.0, y[0]=700.0, toolType[0]=TOOL_TYPE_UNKNOWN, buttonState=0, metaState=0, flags=0x0, edgeFlags=0x0, pointerCount=1, historySize=0, eventTime=741757706, downTime=741757706, deviceId=0, source=0x1002 }
08-04 22:02:21.302 24107 24107 I Input   : injectMotionEvent: MotionEvent { action=ACTION_UP, actionButton=0, id[0]=0, x[0]=600.0, y[0]=700.0, toolType[0]=TOOL_TYPE_UNKNOWN, buttonState=0, metaState=0, flags=0x0, edgeFlags=0x0, pointerCount=1, historySize=0, eventTime=741757706, downTime=741757706, deviceId=0, source=0x1002 }
08-04 22:02:21.310 23454 23454 I RRChoreographer: Using modern Choreographer
08-04 22:02:21.311 24107 24107 D AndroidRuntime: Shutting down VM
08-04 22:02:21.321   512  2967 D audio_hw_primary: out_set_parameters: enter: usecase(1: low-latency-playback) kvpairs: routing=2
08-04 22:02:21.324   918  6112 I ActivityManager: START u0 {dat=https://oauth.reddit.com/... cmp=baseline.org.quantumbadger.redreader/.activities.CommentListingActivity} from uid 10666 on display 0
08-04 22:02:21.334   512  2967 D audio_hw_primary: select_devices: out_snd_device(2: speaker) in_snd_device(0: none)
08-04 22:02:21.334   512  2967 D msm8974_platform: platform_send_audio_calibration: sending audio calibration for snd_device(2) acdb_id(15)
08-04 22:02:21.335   512  2967 I soundtrigger: audio_extn_sound_trigger_update_device_status: device 0x2 of type 0 for Event 1
08-04 22:02:21.345   512  2967 D audio_hw_primary: enable_snd_device: snd_device(2: speaker)
08-04 22:02:21.347   512  2967 D audio_hw_primary: enable_audio_route: apply and update mixer path: low-latency-playback speaker
08-04 22:02:21.353 23454 23454 I AppCompatViewInflater: app:theme is now deprecated. Please move to using android:theme instead.
08-04 22:02:21.371 23454 24135 D OK      : calling: https://oauth.reddit.com/comments/gvc7k9/.json?sort=confidence
08-04 22:02:21.463   918   936 I ActivityManager: Displayed baseline.org.quantumbadger.redreader/.activities.CommentListingActivity: +130ms
08-04 22:02:21.463 13866 13866 I GoogleInputMethodServic: GoogleInputMethodService.onFinishInput():3138 
08-04 22:02:21.463 13866 13866 I GoogleInputMethodServic: GoogleInputMethodService.onStartInput():1808 
08-04 22:02:21.467 23454 23517 I art     : Starting a blocking GC Explicit
08-04 22:02:21.501 23454 23517 I art     : Explicit concurrent mark sweep GC freed 4183(269KB) AllocSpace objects, 1(20KB) LOS objects, 39% free, 24MB/40MB, paused 311us total 33.422ms
08-04 22:02:21.514 23454 23517 I art     : Starting a blocking GC Explicit
08-04 22:02:21.542 23454 23517 I art     : Explicit concurrent mark sweep GC freed 440(21KB) AllocSpace objects, 0(0B) LOS objects, 39% free, 24MB/40MB, paused 262us total 27.488ms
08-04 22:02:21.555 23454 23517 I art     : Starting a blocking GC Explicit
08-04 22:02:21.584 23454 23517 I art     : Explicit concurrent mark sweep GC freed 3(96B) AllocSpace objects, 0(0B) LOS objects, 39% free, 24MB/40MB, paused 301us total 28.809ms
08-04 22:02:21.600 23454 23517 I art     : Starting a blocking GC Explicit
08-04 22:02:21.622 23454 24135 I NAPPA_EXPERIMENTATION: MetricNetworkRequestExecutionTime: REQUEST_DURATION_SYSTEM='250',REQUEST_DURATION_OKHTTP='245',REQUEST_SYNCHRONOUS='TRUE',RESPONSE_CODE='200',RESPONSE_METHOD='GET',RESPONSE_LENGTH_OKHTTP='-1',RESPONSE_LENGTH_HEADER='90132',REQUEST_PROTOCOL='h2',REQUEST_URL='https://oauth.reddit.com/comments/gvc7k9/.json?sort=confidence',
08-04 22:02:21.622 23454 24135 D OK      : request got status: 200
08-04 22:02:21.630 23454 24028 I CommentListingActivity: COMMENTS session changed to e2440090-b15b-4860-a14e-ceb0150ba230
08-04 22:02:21.637 23454 23517 I art     : Explicit concurrent mark sweep GC freed 448(56KB) AllocSpace objects, 0(0B) LOS objects, 38% free, 25MB/41MB, paused 488us total 37.019ms
08-04 22:02:21.651 23454 23517 I art     : Starting a blocking GC Explicit
08-04 22:02:21.685 23454 23517 I art     : Explicit concurrent mark sweep GC freed 2595(224KB) AllocSpace objects, 1(20KB) LOS objects, 38% free, 25MB/41MB, paused 937us total 34.009ms
08-04 22:02:21.717   380   380 W SurfaceFlinger: couldn't log to binary event log: overflow.
08-04 22:02:21.889   512  2967 D audio_hw_primary: disable_audio_route: reset and update mixer path: low-latency-playback speaker
08-04 22:02:21.890   512  2967 D audio_hw_primary: disable_snd_device: snd_device(2: speaker)
08-04 22:02:21.898   512  2967 I soundtrigger: audio_extn_sound_trigger_update_device_status: device 0x2 of type 0 for Event 0
08-04 22:02:21.941 23454 23467 I art     : Starting a blocking GC Explicit
08-04 22:02:21.985 23454 23467 I art     : Explicit concurrent mark sweep GC freed 60232(3MB) AllocSpace objects, 5(188KB) LOS objects, 36% free, 27MB/43MB, paused 249us total 43.530ms
08-04 22:02:22.001 23454 23467 I art     : Starting a blocking GC Explicit
08-04 22:02:22.041 23454 23467 I art     : Explicit concurrent mark sweep GC freed 50(2144B) AllocSpace objects, 0(0B) LOS objects, 36% free, 27MB/43MB, paused 314us total 39.491ms
08-04 22:02:22.056 23454 23467 I art     : Starting a blocking GC Explicit
08-04 22:02:22.095 23454 23467 I art     : Explicit concurrent mark sweep GC freed 3(96B) AllocSpace objects, 0(0B) LOS objects, 36% free, 27MB/43MB, paused 248us total 38.897ms
08-04 22:02:22.109 23454 23467 I art     : Starting a blocking GC Explicit
08-04 22:02:22.148 23454 23467 I art     : Explicit concurrent mark sweep GC freed 3(96B) AllocSpace objects, 0(0B) LOS objects, 36% free, 27MB/43MB, paused 250us total 38.787ms
08-04 22:02:22.162 23454 23467 I art     : Starting a blocking GC Explicit
08-04 22:02:22.203 23454 23467 I art     : Explicit concurrent mark sweep GC freed 3(96B) AllocSpace objects, 0(0B) LOS objects, 36% free, 27MB/43MB, paused 242us total 40.757ms
08-04 22:02:22.498 23454 23466 I art     : Starting a blocking GC Explicit
08-04 22:02:22.541 23454 23466 I art     : Explicit concurrent mark sweep GC freed 1343(78KB) AllocSpace objects, 1(20KB) LOS objects, 36% free, 27MB/43MB, paused 296us total 43.118ms
08-04 22:02:22.557 23454 23466 I art     : Starting a blocking GC Explicit
08-04 22:02:22.599 23454 23466 I art     : Explicit concurrent mark sweep GC freed 66(2528B) AllocSpace objects, 0(0B) LOS objects, 36% free, 27MB/43MB, paused 260us total 41.608ms
08-04 22:02:22.613 23454 23466 I art     : Starting a blocking GC Explicit
08-04 22:02:22.657 23454 23466 I art     : Explicit concurrent mark sweep GC freed 3(96B) AllocSpace objects, 0(0B) LOS objects, 36% free, 27MB/43MB, paused 288us total 43.633ms
08-04 22:02:22.673 23454 23466 I art     : Starting a blocking GC Explicit
08-04 22:02:22.717 23454 23466 I art     : Explicit concurrent mark sweep GC freed 3(96B) AllocSpace objects, 0(0B) LOS objects, 36% free, 27MB/43MB, paused 268us total 44.402ms
08-04 22:02:22.733 23454 23466 I art     : Starting a blocking GC Explicit
08-04 22:02:22.777 23454 23466 I art     : Explicit concurrent mark sweep GC freed 3(96B) AllocSpace objects, 0(0B) LOS objects, 36% free, 27MB/43MB, paused 319us total 44.095ms
08-04 22:02:23.065 23454 23973 I art     : Starting a blocking GC Explicit
08-04 22:02:23.122 23454 23973 I art     : Explicit concurrent mark sweep GC freed 1343(78KB) AllocSpace objects, 1(20KB) LOS objects, 36% free, 27MB/43MB, paused 295us total 56.458ms
08-04 22:02:23.142 23454 23973 I art     : Starting a blocking GC Explicit
08-04 22:02:23.187 23454 23973 I art     : Explicit concurrent mark sweep GC freed 20(704B) AllocSpace objects, 0(0B) LOS objects, 36% free, 27MB/43MB, paused 263us total 44.073ms
08-04 22:02:23.202 23454 23973 I art     : Starting a blocking GC Explicit
08-04 22:02:23.246 23454 23973 I art     : Explicit concurrent mark sweep GC freed 3(96B) AllocSpace objects, 0(0B) LOS objects, 36% free, 27MB/43MB, paused 278us total 43.725ms
08-04 22:02:23.261 23454 23973 I art     : Starting a blocking GC Explicit
08-04 22:02:23.305 23454 23973 I art     : Explicit concurrent mark sweep GC freed 3(96B) AllocSpace objects, 0(0B) LOS objects, 36% free, 27MB/43MB, paused 257us total 43.723ms
08-04 22:02:23.320 23454 23973 I art     : Starting a blocking GC Explicit
08-04 22:02:23.366 23454 23973 I art     : Explicit concurrent mark sweep GC freed 3(96B) AllocSpace objects, 0(0B) LOS objects, 36% free, 27MB/43MB, paused 264us total 44.911ms
08-04 22:02:23.709 23454 23517 I art     : Starting a blocking GC Explicit
08-04 22:02:23.768 23454 23517 I art     : Explicit concurrent mark sweep GC freed 1343(78KB) AllocSpace objects, 1(20KB) LOS objects, 36% free, 27MB/43MB, paused 283us total 58.728ms
08-04 22:02:23.784 23454 23517 I art     : Starting a blocking GC Explicit
08-04 22:02:23.830 23454 23517 I art     : Explicit concurrent mark sweep GC freed 20(704B) AllocSpace objects, 0(0B) LOS objects, 36% free, 27MB/43MB, paused 269us total 45.220ms
08-04 22:02:23.845 23454 23517 I art     : Starting a blocking GC Explicit
08-04 22:02:23.889 23454 23517 I art     : Explicit concurrent mark sweep GC freed 3(96B) AllocSpace objects, 0(0B) LOS objects, 36% free, 27MB/43MB, paused 257us total 43.461ms
08-04 22:02:23.904 23454 23517 I art     : Starting a blocking GC Explicit
08-04 22:02:23.948 23454 23517 I art     : Explicit concurrent mark sweep GC freed 3(96B) AllocSpace objects, 0(0B) LOS objects, 36% free, 27MB/43MB, paused 282us total 44.033ms
08-04 22:02:23.964 23454 23517 I art     : Starting a blocking GC Explicit
08-04 22:02:24.006 23454 23517 I art     : Explicit concurrent mark sweep GC freed 3(96B) AllocSpace objects, 0(0B) LOS objects, 36% free, 27MB/43MB, paused 257us total 41.281ms
08-04 22:02:24.006 23454 23465 I art     : WaitForGcToComplete blocked for 41.363ms for cause HeapTrim
08-04 22:02:24.331 23454 23467 I art     : Starting a blocking GC Explicit
08-04 22:02:24.386 23454 23467 I art     : Explicit concurrent mark sweep GC freed 1343(78KB) AllocSpace objects, 1(20KB) LOS objects, 36% free, 27MB/43MB, paused 277us total 54.621ms
08-04 22:02:24.401 23454 23467 I art     : Starting a blocking GC Explicit
08-04 22:02:24.445 23454 23467 I art     : Explicit concurrent mark sweep GC freed 20(704B) AllocSpace objects, 0(0B) LOS objects, 36% free, 27MB/43MB, paused 264us total 43.378ms
08-04 22:02:24.460 23454 23467 I art     : Starting a blocking GC Explicit
08-04 22:02:24.504 23454 23467 I art     : Explicit concurrent mark sweep GC freed 3(96B) AllocSpace objects, 0(0B) LOS objects, 36% free, 27MB/43MB, paused 268us total 43.673ms
08-04 22:02:24.519 23454 23467 I art     : Starting a blocking GC Explicit
08-04 22:02:24.564 23454 23467 I art     : Explicit concurrent mark sweep GC freed 3(96B) AllocSpace objects, 0(0B) LOS objects, 36% free, 27MB/43MB, paused 258us total 44.845ms
08-04 22:02:24.580 23454 23467 I art     : Starting a blocking GC Explicit
08-04 22:02:24.624 23454 23467 I art     : Explicit concurrent mark sweep GC freed 3(96B) AllocSpace objects, 0(0B) LOS objects, 36% free, 27MB/43MB, paused 261us total 43.395ms
08-04 22:02:24.935 23454 23466 I art     : Starting a blocking GC Explicit
08-04 22:02:24.984 23454 23466 I art     : Explicit concurrent mark sweep GC freed 1344(79KB) AllocSpace objects, 1(20KB) LOS objects, 36% free, 27MB/43MB, paused 264us total 48.646ms
08-04 22:02:24.999 23454 23466 I art     : Starting a blocking GC Explicit
08-04 22:02:25.043 23454 23466 I art     : Explicit concurrent mark sweep GC freed 20(704B) AllocSpace objects, 0(0B) LOS objects, 36% free, 27MB/43MB, paused 270us total 44.072ms
08-04 22:02:25.059 23454 23466 I art     : Starting a blocking GC Explicit
08-04 22:02:25.103 23454 23466 I art     : Explicit concurrent mark sweep GC freed 3(96B) AllocSpace objects, 0(0B) LOS objects, 36% free, 27MB/43MB, paused 261us total 43.464ms
08-04 22:02:25.118 23454 23466 I art     : Starting a blocking GC Explicit
08-04 22:02:25.162 23454 23466 I art     : Explicit concurrent mark sweep GC freed 3(96B) AllocSpace objects, 0(0B) LOS objects, 36% free, 27MB/43MB, paused 260us total 43.755ms
08-04 22:02:25.177 23454 23466 I art     : Starting a blocking GC Explicit
08-04 22:02:25.222 23454 23466 I art     : Explicit concurrent mark sweep GC freed 3(96B) AllocSpace objects, 0(0B) LOS objects, 36% free, 27MB/43MB, paused 256us total 44.387ms
08-04 22:02:25.546 23454 23973 I art     : Starting a blocking GC Explicit
08-04 22:02:25.591 23454 23973 I art     : Explicit concurrent mark sweep GC freed 1347(79KB) AllocSpace objects, 1(20KB) LOS objects, 36% free, 27MB/43MB, paused 261us total 44.786ms
08-04 22:02:25.606 23454 23973 I art     : Starting a blocking GC Explicit
08-04 22:02:25.648 23454 23973 I art     : Explicit concurrent mark sweep GC freed 20(704B) AllocSpace objects, 0(0B) LOS objects, 36% free, 27MB/43MB, paused 260us total 41.265ms
08-04 22:02:25.663 23454 23973 I art     : Starting a blocking GC Explicit
08-04 22:02:25.704 23454 23973 I art     : Explicit concurrent mark sweep GC freed 3(96B) AllocSpace objects, 0(0B) LOS objects, 36% free, 27MB/43MB, paused 260us total 41.425ms
08-04 22:02:25.719 23454 23973 I art     : Starting a blocking GC Explicit
08-04 22:02:25.761 23454 23973 I art     : Explicit concurrent mark sweep GC freed 3(96B) AllocSpace objects, 0(0B) LOS objects, 36% free, 27MB/43MB, paused 252us total 41.554ms
08-04 22:02:25.776 23454 23973 I art     : Starting a blocking GC Explicit
08-04 22:02:25.817 23454 23973 I art     : Explicit concurrent mark sweep GC freed 3(96B) AllocSpace objects, 0(0B) LOS objects, 36% free, 27MB/43MB, paused 312us total 41.365ms
08-04 22:02:25.958 24215 24215 D AndroidRuntime: >>>>>> START com.android.internal.os.RuntimeInit uid 2000 <<<<<<
08-04 22:02:25.965 24215 24215 D AndroidRuntime: CheckJNI is OFF
08-04 22:02:25.999 24215 24215 D ICU     : No timezone override file found: /data/misc/zoneinfo/current/icu/icu_tzdata.dat
08-04 22:02:26.031 24215 24215 I Radio-JNI: register_android_hardware_Radio DONE
08-04 22:02:26.053 24215 24215 D AndroidRuntime: Calling main entry com.android.commands.input.Input
08-04 22:02:26.055 24215 24215 I Input   : injectKeyEvent: KeyEvent { action=ACTION_DOWN, keyCode=KEYCODE_BACK, scanCode=0, metaState=0, flags=0x0, repeatCount=0, eventTime=741762468, downTime=741762468, deviceId=-1, source=0x101 }
08-04 22:02:26.062 24215 24215 I Input   : injectKeyEvent: KeyEvent { action=ACTION_UP, keyCode=KEYCODE_BACK, scanCode=0, metaState=0, flags=0x0, repeatCount=0, eventTime=741762468, downTime=741762468, deviceId=-1, source=0x101 }
08-04 22:02:26.069 24215 24215 D AndroidRuntime: Shutting down VM
08-04 22:02:26.110 13866 13866 I GoogleInputMethodServic: GoogleInputMethodService.onFinishInput():3138 
08-04 22:02:26.111 13866 13866 I GoogleInputMethodServic: GoogleInputMethodService.onStartInput():1808 
08-04 22:02:26.117 23454 23466 I art     : Starting a blocking GC Explicit
08-04 22:02:26.163 23454 23466 I art     : Explicit concurrent mark sweep GC freed 1588(87KB) AllocSpace objects, 1(20KB) LOS objects, 36% free, 27MB/43MB, paused 483us total 45.881ms
08-04 22:02:26.178 23454 23466 I art     : Starting a blocking GC Explicit
08-04 22:02:26.215 23454 23466 I art     : Explicit concurrent mark sweep GC freed 26(944B) AllocSpace objects, 0(0B) LOS objects, 36% free, 27MB/43MB, paused 219us total 37.505ms
08-04 22:02:26.230 23454 23466 I art     : Starting a blocking GC Explicit
08-04 22:02:26.273 23454 23466 I art     : Explicit concurrent mark sweep GC freed 3(96B) AllocSpace objects, 0(0B) LOS objects, 36% free, 27MB/43MB, paused 231us total 43.177ms
08-04 22:02:26.294 23454 23466 I art     : Starting a blocking GC Explicit
08-04 22:02:26.333 23454 24132 I RedditChangeDataIO: Writing tmp data file at '/data/user/0/baseline.org.quantumbadger.redreader/files/rr_change_data_tmp.dat'
08-04 22:02:26.334 23454 24132 I RedditChangeDataManager: Taking snapshot...
08-04 22:02:26.334 23454 24132 I RedditChangeDataManager: Writing to stream...
08-04 22:02:26.334 23454 24132 I RedditChangeDataManager: Wrote 1 entries for user ''
08-04 22:02:26.335 23454 24132 I RedditChangeDataManager: All entries written to stream.
08-04 22:02:26.335 23454 24132 I RedditChangeDataIO: Write successful. Atomically replacing data file...
08-04 22:02:26.335 23454 24132 I RedditChangeDataIO: Write complete.
08-04 22:02:26.335 23454 24132 I RedditChangeDataIO: 38 bytes written in 2 ms
08-04 22:02:26.336 23454 23466 I art     : Explicit concurrent mark sweep GC freed 43(3KB) AllocSpace objects, 0(0B) LOS objects, 36% free, 27MB/43MB, paused 412us total 41.656ms
08-04 22:02:26.356 23454 23466 I art     : Starting a blocking GC Explicit
08-04 22:02:26.409 23454 23466 I art     : Explicit concurrent mark sweep GC freed 39(2256B) AllocSpace objects, 1(68KB) LOS objects, 36% free, 27MB/43MB, paused 229us total 53.042ms
08-04 22:02:26.439   380   380 W SurfaceFlinger: couldn't log to binary event log: overflow.
08-04 22:02:26.463 13866 13882 I PeriodicStatsRunner: PeriodicStatsRunner.call():175 call()
08-04 22:02:26.464 13866 13882 I PeriodicStatsRunner: PeriodicStatsRunner.call():179 No submit PeriodicStats since input started.
08-04 22:02:26.681 23454 23973 I art     : Starting a blocking GC Explicit
08-04 22:02:26.732 23454 23973 I art     : Explicit concurrent mark sweep GC freed 1408(81KB) AllocSpace objects, 1(20KB) LOS objects, 36% free, 27MB/43MB, paused 300us total 50.837ms
08-04 22:02:26.750 23454 23973 I art     : Starting a blocking GC Explicit
08-04 22:02:26.785 23454 23973 I art     : Explicit concurrent mark sweep GC freed 46778(2MB) AllocSpace objects, 5(140KB) LOS objects, 39% free, 24MB/40MB, paused 252us total 35.230ms
08-04 22:02:26.798 23454 23973 I art     : Starting a blocking GC Explicit
08-04 22:02:26.829 23454 23973 I art     : Explicit concurrent mark sweep GC freed 3(96B) AllocSpace objects, 0(0B) LOS objects, 39% free, 24MB/40MB, paused 261us total 30.378ms
08-04 22:02:26.842 23454 23973 I art     : Starting a blocking GC Explicit
08-04 22:02:26.873 23454 23973 I art     : Explicit concurrent mark sweep GC freed 3(96B) AllocSpace objects, 0(0B) LOS objects, 39% free, 24MB/40MB, paused 258us total 30.652ms
08-04 22:02:26.887 23454 23973 I art     : Starting a blocking GC Explicit
08-04 22:02:26.917 23454 23973 I art     : Explicit concurrent mark sweep GC freed 3(96B) AllocSpace objects, 0(0B) LOS objects, 39% free, 24MB/40MB, paused 259us total 30.541ms
08-04 22:02:27.198 23454 23517 I art     : Starting a blocking GC Explicit
08-04 22:02:27.237 23454 23517 I art     : Explicit concurrent mark sweep GC freed 1614(122KB) AllocSpace objects, 1(20KB) LOS objects, 39% free, 24MB/40MB, paused 253us total 38.919ms
08-04 22:02:27.255 23454 23517 I art     : Starting a blocking GC Explicit
08-04 22:02:27.285 23454 23517 I art     : Explicit concurrent mark sweep GC freed 85(2880B) AllocSpace objects, 0(0B) LOS objects, 39% free, 24MB/40MB, paused 229us total 29.671ms
08-04 22:02:27.298 23454 23517 I art     : Starting a blocking GC Explicit
08-04 22:02:27.327 23454 23517 I art     : Explicit concurrent mark sweep GC freed 3(96B) AllocSpace objects, 0(0B) LOS objects, 39% free, 24MB/40MB, paused 391us total 28.665ms
08-04 22:02:27.340 23454 23517 I art     : Starting a blocking GC Explicit
08-04 22:02:27.370 23454 23517 I art     : Explicit concurrent mark sweep GC freed 3(96B) AllocSpace objects, 0(0B) LOS objects, 39% free, 24MB/40MB, paused 239us total 29.275ms
08-04 22:02:27.383 23454 23517 I art     : Starting a blocking GC Explicit
08-04 22:02:27.411 23454 23517 I art     : Explicit concurrent mark sweep GC freed 3(96B) AllocSpace objects, 0(0B) LOS objects, 39% free, 24MB/40MB, paused 246us total 28.433ms
08-04 22:02:27.670 23454 23467 I art     : Starting a blocking GC Explicit
08-04 22:02:27.701 23454 23467 I art     : Explicit concurrent mark sweep GC freed 1343(78KB) AllocSpace objects, 1(20KB) LOS objects, 39% free, 24MB/40MB, paused 242us total 30.707ms
08-04 22:02:27.715 23454 23467 I art     : Starting a blocking GC Explicit
08-04 22:02:27.723 24258 24258 D AndroidRuntime: >>>>>> START com.android.internal.os.RuntimeInit uid 2000 <<<<<<
08-04 22:02:27.728 24258 24258 D AndroidRuntime: CheckJNI is OFF
08-04 22:02:27.746 23454 23467 I art     : Explicit concurrent mark sweep GC freed 20(704B) AllocSpace objects, 0(0B) LOS objects, 39% free, 24MB/40MB, paused 260us total 30.511ms
08-04 22:02:27.759 23454 23467 I art     : Starting a blocking GC Explicit
08-04 22:02:27.766 24258 24258 D ICU     : No timezone override file found: /data/misc/zoneinfo/current/icu/icu_tzdata.dat
08-04 22:02:27.788 23454 23467 I art     : Explicit concurrent mark sweep GC freed 3(96B) AllocSpace objects, 0(0B) LOS objects, 39% free, 24MB/40MB, paused 233us total 29.215ms
08-04 22:02:27.802 24258 24258 I Radio-JNI: register_android_hardware_Radio DONE
08-04 22:02:27.802 23454 23467 I art     : Starting a blocking GC Explicit
08-04 22:02:27.823 24258 24258 D AndroidRuntime: Calling main entry com.android.commands.input.Input
08-04 22:02:27.826 24258 24258 I Input   : injectMotionEvent: MotionEvent { action=ACTION_DOWN, actionButton=0, id[0]=0, x[0]=600.0, y[0]=950.0, toolType[0]=TOOL_TYPE_UNKNOWN, buttonState=0, metaState=0, flags=0x0, edgeFlags=0x0, pointerCount=1, historySize=0, eventTime=741764238, downTime=741764238, deviceId=0, source=0x1002 }
08-04 22:02:27.830 23454 23467 I art     : Explicit concurrent mark sweep GC freed 3(96B) AllocSpace objects, 0(0B) LOS objects, 39% free, 24MB/40MB, paused 232us total 28.492ms
08-04 22:02:27.832 24258 24258 I Input   : injectMotionEvent: MotionEvent { action=ACTION_UP, actionButton=0, id[0]=0, x[0]=600.0, y[0]=950.0, toolType[0]=TOOL_TYPE_UNKNOWN, buttonState=0, metaState=0, flags=0x0, edgeFlags=0x0, pointerCount=1, historySize=0, eventTime=741764238, downTime=741764238, deviceId=0, source=0x1002 }
08-04 22:02:27.834 24258 24258 D AndroidRuntime: Shutting down VM
08-04 22:02:27.844 23454 23467 I art     : Starting a blocking GC Explicit
08-04 22:02:27.846   512  2967 D audio_hw_primary: out_set_parameters: enter: usecase(1: low-latency-playback) kvpairs: routing=2
08-04 22:02:27.848   918  3961 I ActivityManager: START u0 {dat=https://oauth.reddit.com/... cmp=baseline.org.quantumbadger.redreader/.activities.CommentListingActivity} from uid 10666 on display 0
08-04 22:02:27.860   512  2967 D audio_hw_primary: select_devices: out_snd_device(2: speaker) in_snd_device(0: none)
08-04 22:02:27.860   512  2967 D msm8974_platform: platform_send_audio_calibration: sending audio calibration for snd_device(2) acdb_id(15)
08-04 22:02:27.860   512  2967 I soundtrigger: audio_extn_sound_trigger_update_device_status: device 0x2 of type 0 for Event 1
08-04 22:02:27.872   512  2967 D audio_hw_primary: enable_snd_device: snd_device(2: speaker)
08-04 22:02:27.875 23454 23467 I art     : Explicit concurrent mark sweep GC freed 925(37KB) AllocSpace objects, 0(0B) LOS objects, 39% free, 24MB/40MB, paused 509us total 30.786ms
08-04 22:02:27.875   512  2967 D audio_hw_primary: enable_audio_route: apply and update mixer path: low-latency-playback speaker
08-04 22:02:27.876 23454 23454 I AppCompatViewInflater: app:theme is now deprecated. Please move to using android:theme instead.
08-04 22:02:27.892 23454 24283 D OK      : calling: https://oauth.reddit.com/comments/hwnhe2/.json?sort=confidence
08-04 22:02:27.902 13684 13820 E GoogleConversionReporter: Error sending ping
08-04 22:02:27.902 13684 13820 E GoogleConversionReporter: bljc: Exception in CronetUrlRequest: net::ERR_CONNECTION_CLOSED, ErrorCode=5, InternalErrorCode=-100, Retryable=true
08-04 22:02:27.902 13684 13820 E GoogleConversionReporter: 	at org.chromium.net.impl.CronetUrlRequest.onError(PG:55)
08-04 22:02:27.948   918   936 I ActivityManager: Displayed baseline.org.quantumbadger.redreader/.activities.CommentListingActivity: +92ms
08-04 22:02:27.949 13866 13866 I GoogleInputMethodServic: GoogleInputMethodService.onFinishInput():3138 
08-04 22:02:27.949 13866 13866 I GoogleInputMethodServic: GoogleInputMethodService.onStartInput():1808 
08-04 22:02:28.109 23454 23517 I art     : Starting a blocking GC Explicit
08-04 22:02:28.138 23454 23517 I art     : Explicit concurrent mark sweep GC freed 5277(264KB) AllocSpace objects, 1(20KB) LOS objects, 38% free, 25MB/41MB, paused 280us total 28.777ms
08-04 22:02:28.151 23454 23517 I art     : Starting a blocking GC Explicit
08-04 22:02:28.161 23454 24283 I NAPPA_EXPERIMENTATION: MetricNetworkRequestExecutionTime: REQUEST_DURATION_SYSTEM='269',REQUEST_DURATION_OKHTTP='145',REQUEST_SYNCHRONOUS='TRUE',RESPONSE_CODE='200',RESPONSE_METHOD='GET',RESPONSE_LENGTH_OKHTTP='-1',RESPONSE_LENGTH_HEADER='3930',REQUEST_PROTOCOL='h2',REQUEST_URL='https://oauth.reddit.com/comments/hwnhe2/.json?sort=confidence',
08-04 22:02:28.161 23454 24283 D OK      : request got status: 200
08-04 22:02:28.171 23454 24028 I CommentListingActivity: COMMENTS session changed to dcb9635f-2669-4af5-a921-34cfc2498ce0
08-04 22:02:28.184 23454 23517 I art     : Explicit concurrent mark sweep GC freed 1948(237KB) AllocSpace objects, 1(68KB) LOS objects, 38% free, 25MB/41MB, paused 386us total 32.749ms
08-04 22:02:28.200 23454 23517 I art     : Starting a blocking GC Explicit
08-04 22:02:28.208   380   380 W SurfaceFlinger: couldn't log to binary event log: overflow.
08-04 22:02:28.231 23454 23517 I art     : Explicit concurrent mark sweep GC freed 2026(115KB) AllocSpace objects, 2(32KB) LOS objects, 38% free, 25MB/41MB, paused 503us total 30.393ms
08-04 22:02:28.243 23454 23517 I art     : Starting a blocking GC Explicit
08-04 22:02:28.271 23454 23517 I art     : Explicit concurrent mark sweep GC freed 1055(64KB) AllocSpace objects, 1(68KB) LOS objects, 38% free, 25MB/41MB, paused 282us total 27.803ms
08-04 22:02:28.283 23454 23517 I art     : Starting a blocking GC Explicit
08-04 22:02:28.310 23454 23517 I art     : Explicit concurrent mark sweep GC freed 17(736B) AllocSpace objects, 0(0B) LOS objects, 38% free, 25MB/41MB, paused 227us total 26.810ms
08-04 22:02:28.410   512  2967 D audio_hw_primary: disable_audio_route: reset and update mixer path: low-latency-playback speaker
08-04 22:02:28.411   512  2967 D audio_hw_primary: disable_snd_device: snd_device(2: speaker)
08-04 22:02:28.420   512  2967 I soundtrigger: audio_extn_sound_trigger_update_device_status: device 0x2 of type 0 for Event 0
08-04 22:02:28.587 23454 23973 I art     : Starting a blocking GC Explicit
08-04 22:02:28.619 23454 23973 I art     : Explicit concurrent mark sweep GC freed 1462(83KB) AllocSpace objects, 1(20KB) LOS objects, 38% free, 25MB/41MB, paused 265us total 32.387ms
08-04 22:02:28.633 23454 23973 I art     : Starting a blocking GC Explicit
08-04 22:02:28.665 23454 23973 I art     : Explicit concurrent mark sweep GC freed 24(832B) AllocSpace objects, 0(0B) LOS objects, 38% free, 25MB/41MB, paused 232us total 31.436ms
08-04 22:02:28.679 23454 23973 I art     : Starting a blocking GC Explicit
08-04 22:02:28.710 23454 23973 I art     : Explicit concurrent mark sweep GC freed 3(96B) AllocSpace objects, 0(0B) LOS objects, 38% free, 25MB/41MB, paused 252us total 30.628ms
08-04 22:02:28.723 23454 23973 I art     : Starting a blocking GC Explicit
08-04 22:02:28.755 23454 23973 I art     : Explicit concurrent mark sweep GC freed 3(96B) AllocSpace objects, 0(0B) LOS objects, 38% free, 25MB/41MB, paused 256us total 31.881ms
08-04 22:02:28.769 23454 23973 I art     : Starting a blocking GC Explicit
08-04 22:02:28.799 23454 23973 I art     : Explicit concurrent mark sweep GC freed 3(96B) AllocSpace objects, 0(0B) LOS objects, 38% free, 25MB/41MB, paused 226us total 30.043ms
08-04 22:02:29.084 23454 23466 I art     : Starting a blocking GC Explicit
08-04 22:02:29.126 23454 23466 I art     : Explicit concurrent mark sweep GC freed 1343(79KB) AllocSpace objects, 1(20KB) LOS objects, 38% free, 25MB/41MB, paused 289us total 41.712ms
08-04 22:02:29.144 23454 23466 I art     : Starting a blocking GC Explicit
08-04 22:02:29.177 23454 23466 I art     : Explicit concurrent mark sweep GC freed 66(2528B) AllocSpace objects, 0(0B) LOS objects, 38% free, 25MB/41MB, paused 266us total 32.923ms
08-04 22:02:29.190 23454 23466 I art     : Starting a blocking GC Explicit
08-04 22:02:29.224 23454 23466 I art     : Explicit concurrent mark sweep GC freed 3(96B) AllocSpace objects, 0(0B) LOS objects, 38% free, 25MB/41MB, paused 261us total 33.695ms
08-04 22:02:29.238 23454 23466 I art     : Starting a blocking GC Explicit
08-04 22:02:29.271 23454 23466 I art     : Explicit concurrent mark sweep GC freed 3(96B) AllocSpace objects, 0(0B) LOS objects, 38% free, 25MB/41MB, paused 249us total 32.996ms
08-04 22:02:29.285 23454 23466 I art     : Starting a blocking GC Explicit
08-04 22:02:29.319 23454 23466 I art     : Explicit concurrent mark sweep GC freed 3(96B) AllocSpace objects, 0(0B) LOS objects, 38% free, 25MB/41MB, paused 252us total 33.724ms
08-04 22:02:29.635 23454 23973 I art     : Starting a blocking GC Explicit
08-04 22:02:29.672 23454 23973 I art     : Explicit concurrent mark sweep GC freed 1343(79KB) AllocSpace objects, 1(20KB) LOS objects, 38% free, 25MB/41MB, paused 258us total 37.063ms
08-04 22:02:29.686 23454 23973 I art     : Starting a blocking GC Explicit
08-04 22:02:29.718 23454 23973 I art     : Explicit concurrent mark sweep GC freed 20(704B) AllocSpace objects, 0(0B) LOS objects, 38% free, 25MB/41MB, paused 267us total 32.356ms
08-04 22:02:29.732 23454 23973 I art     : Starting a blocking GC Explicit
08-04 22:02:29.765 23454 23973 I art     : Explicit concurrent mark sweep GC freed 3(96B) AllocSpace objects, 0(0B) LOS objects, 38% free, 25MB/41MB, paused 270us total 32.901ms
08-04 22:02:29.779 23454 23973 I art     : Starting a blocking GC Explicit
08-04 22:02:29.812 23454 23973 I art     : Explicit concurrent mark sweep GC freed 3(96B) AllocSpace objects, 0(0B) LOS objects, 38% free, 25MB/41MB, paused 259us total 32.811ms
08-04 22:02:29.826 23454 23973 I art     : Starting a blocking GC Explicit
08-04 22:02:29.859 23454 23973 I art     : Explicit concurrent mark sweep GC freed 3(96B) AllocSpace objects, 0(0B) LOS objects, 38% free, 25MB/41MB, paused 252us total 33.101ms
08-04 22:02:30.172 23454 23517 I art     : Starting a blocking GC Explicit
08-04 22:02:30.210 23454 23517 I art     : Explicit concurrent mark sweep GC freed 1343(79KB) AllocSpace objects, 1(20KB) LOS objects, 38% free, 25MB/41MB, paused 284us total 38.501ms
08-04 22:02:30.227 23454 23517 I art     : Starting a blocking GC Explicit
08-04 22:02:30.261 23454 23517 I art     : Explicit concurrent mark sweep GC freed 20(704B) AllocSpace objects, 0(0B) LOS objects, 38% free, 25MB/41MB, paused 262us total 33.485ms
08-04 22:02:30.275 23454 23517 I art     : Starting a blocking GC Explicit
08-04 22:02:30.308 23454 23517 I art     : Explicit concurrent mark sweep GC freed 3(96B) AllocSpace objects, 0(0B) LOS objects, 38% free, 25MB/41MB, paused 256us total 33.083ms
08-04 22:02:30.322 23454 23517 I art     : Starting a blocking GC Explicit
08-04 22:02:30.355 23454 23517 I art     : Explicit concurrent mark sweep GC freed 3(96B) AllocSpace objects, 0(0B) LOS objects, 38% free, 25MB/41MB, paused 254us total 32.700ms
08-04 22:02:30.369 23454 23517 I art     : Starting a blocking GC Explicit
08-04 22:02:30.401 23454 23517 I art     : Explicit concurrent mark sweep GC freed 3(96B) AllocSpace objects, 0(0B) LOS objects, 38% free, 25MB/41MB, paused 262us total 32.180ms
08-04 22:02:30.702 23454 23467 I art     : Starting a blocking GC Explicit
08-04 22:02:30.744 23454 23467 I art     : Explicit concurrent mark sweep GC freed 1343(79KB) AllocSpace objects, 1(20KB) LOS objects, 38% free, 25MB/41MB, paused 286us total 41.534ms
08-04 22:02:30.760 23454 23467 I art     : Starting a blocking GC Explicit
08-04 22:02:30.793 23454 23467 I art     : Explicit concurrent mark sweep GC freed 20(704B) AllocSpace objects, 0(0B) LOS objects, 38% free, 25MB/41MB, paused 268us total 33.045ms
08-04 22:02:30.807 23454 23467 I art     : Starting a blocking GC Explicit
08-04 22:02:30.840 23454 23467 I art     : Explicit concurrent mark sweep GC freed 3(96B) AllocSpace objects, 0(0B) LOS objects, 38% free, 25MB/41MB, paused 270us total 32.991ms
08-04 22:02:30.854 23454 23467 I art     : Starting a blocking GC Explicit
08-04 22:02:30.887 23454 23467 I art     : Explicit concurrent mark sweep GC freed 3(96B) AllocSpace objects, 0(0B) LOS objects, 38% free, 25MB/41MB, paused 276us total 33.042ms
08-04 22:02:30.901 23454 23467 I art     : Starting a blocking GC Explicit
08-04 22:02:30.934 23454 23467 I art     : Explicit concurrent mark sweep GC freed 3(96B) AllocSpace objects, 0(0B) LOS objects, 38% free, 25MB/41MB, paused 264us total 32.660ms
08-04 22:02:31.111 13866 13882 I PeriodicStatsRunner: PeriodicStatsRunner.call():175 call()
08-04 22:02:31.112 13866 13882 I PeriodicStatsRunner: PeriodicStatsRunner.call():179 No submit PeriodicStats since input started.
08-04 22:02:31.260 23454 23466 I art     : Starting a blocking GC Explicit
08-04 22:02:31.301 23454 23466 I art     : Explicit concurrent mark sweep GC freed 1348(80KB) AllocSpace objects, 1(20KB) LOS objects, 38% free, 25MB/41MB, paused 282us total 40.726ms
08-04 22:02:31.318 23454 23466 I art     : Starting a blocking GC Explicit
08-04 22:02:31.351 23454 23466 I art     : Explicit concurrent mark sweep GC freed 20(704B) AllocSpace objects, 0(0B) LOS objects, 38% free, 25MB/41MB, paused 257us total 32.500ms
08-04 22:02:31.364 23454 23466 I art     : Starting a blocking GC Explicit
08-04 22:02:31.398 23454 23466 I art     : Explicit concurrent mark sweep GC freed 3(96B) AllocSpace objects, 0(0B) LOS objects, 38% free, 25MB/41MB, paused 265us total 33.275ms
08-04 22:02:31.411 23454 23466 I art     : Starting a blocking GC Explicit
08-04 22:02:31.445 23454 23466 I art     : Explicit concurrent mark sweep GC freed 3(96B) AllocSpace objects, 0(0B) LOS objects, 38% free, 25MB/41MB, paused 257us total 33.067ms
08-04 22:02:31.459 23454 23466 I art     : Starting a blocking GC Explicit
08-04 22:02:31.492 23454 23466 I art     : Explicit concurrent mark sweep GC freed 3(96B) AllocSpace objects, 0(0B) LOS objects, 38% free, 25MB/41MB, paused 256us total 32.973ms
08-04 22:02:31.809 23454 23973 I art     : Starting a blocking GC Explicit
08-04 22:02:31.851 23454 23973 I art     : Explicit concurrent mark sweep GC freed 1344(79KB) AllocSpace objects, 1(20KB) LOS objects, 38% free, 25MB/41MB, paused 308us total 42.011ms
08-04 22:02:31.867 23454 23973 I art     : Starting a blocking GC Explicit
08-04 22:02:31.900 23454 23973 I art     : Explicit concurrent mark sweep GC freed 20(704B) AllocSpace objects, 0(0B) LOS objects, 38% free, 25MB/41MB, paused 255us total 32.768ms
08-04 22:02:31.914 23454 23973 I art     : Starting a blocking GC Explicit
08-04 22:02:31.946 23454 23973 I art     : Explicit concurrent mark sweep GC freed 3(96B) AllocSpace objects, 0(0B) LOS objects, 38% free, 25MB/41MB, paused 258us total 32.519ms
08-04 22:02:31.960 23454 23973 I art     : Starting a blocking GC Explicit
08-04 22:02:31.992 23454 23973 I art     : Explicit concurrent mark sweep GC freed 3(96B) AllocSpace objects, 0(0B) LOS objects, 38% free, 25MB/41MB, paused 265us total 32.135ms
08-04 22:02:32.006 23454 23973 I art     : Starting a blocking GC Explicit
08-04 22:02:32.039 23454 23973 I art     : Explicit concurrent mark sweep GC freed 3(96B) AllocSpace objects, 0(0B) LOS objects, 38% free, 25MB/41MB, paused 276us total 32.638ms
08-04 22:02:32.150 17294 17294 I Atfwd_Sendcmd: AtCmdFwd service not ready - Exhausted retry attempts - :6
08-04 22:02:32.150 17294 17294 I Atfwd_Daemon: result : -1 	 ,Init step :2 	 ,qmiErrorCode: 0
08-04 22:02:32.290 23454 23517 I art     : Starting a blocking GC Explicit
08-04 22:02:32.323 23454 23517 I art     : Explicit concurrent mark sweep GC freed 1343(79KB) AllocSpace objects, 1(20KB) LOS objects, 38% free, 25MB/41MB, paused 268us total 32.364ms
08-04 22:02:32.337 23454 23517 I art     : Starting a blocking GC Explicit
08-04 22:02:32.368 23454 23517 I art     : Explicit concurrent mark sweep GC freed 20(704B) AllocSpace objects, 0(0B) LOS objects, 38% free, 25MB/41MB, paused 244us total 30.738ms
08-04 22:02:32.381 23454 23517 I art     : Starting a blocking GC Explicit
08-04 22:02:32.411 23454 23517 I art     : Explicit concurrent mark sweep GC freed 3(96B) AllocSpace objects, 0(0B) LOS objects, 38% free, 25MB/41MB, paused 248us total 29.407ms
08-04 22:02:32.424 23454 23517 I art     : Starting a blocking GC Explicit
08-04 22:02:32.455 23454 23517 I art     : Explicit concurrent mark sweep GC freed 3(96B) AllocSpace objects, 0(0B) LOS objects, 38% free, 25MB/41MB, paused 259us total 30.980ms
08-04 22:02:32.468 23454 23517 I art     : Starting a blocking GC Explicit
08-04 22:02:32.499 23454 23517 I art     : Explicit concurrent mark sweep GC freed 3(96B) AllocSpace objects, 0(0B) LOS objects, 38% free, 25MB/41MB, paused 260us total 30.804ms
08-04 22:02:32.505 24367 24367 D AndroidRuntime: >>>>>> START com.android.internal.os.RuntimeInit uid 2000 <<<<<<
08-04 22:02:32.510 24367 24367 D AndroidRuntime: CheckJNI is OFF
08-04 22:02:32.544 24367 24367 D ICU     : No timezone override file found: /data/misc/zoneinfo/current/icu/icu_tzdata.dat
08-04 22:02:32.576 24367 24367 I Radio-JNI: register_android_hardware_Radio DONE
08-04 22:02:32.598 24367 24367 D AndroidRuntime: Calling main entry com.android.commands.input.Input
08-04 22:02:32.600 24367 24367 I Input   : injectKeyEvent: KeyEvent { action=ACTION_DOWN, keyCode=KEYCODE_BACK, scanCode=0, metaState=0, flags=0x0, repeatCount=0, eventTime=741769013, downTime=741769013, deviceId=-1, source=0x101 }
08-04 22:02:32.607 24367 24367 I Input   : injectKeyEvent: KeyEvent { action=ACTION_UP, keyCode=KEYCODE_BACK, scanCode=0, metaState=0, flags=0x0, repeatCount=0, eventTime=741769013, downTime=741769013, deviceId=-1, source=0x101 }
08-04 22:02:32.613 24367 24367 D AndroidRuntime: Shutting down VM
08-04 22:02:32.661 13866 13866 I GoogleInputMethodServic: GoogleInputMethodService.onFinishInput():3138 
08-04 22:02:32.661 13866 13866 I GoogleInputMethodServic: GoogleInputMethodService.onStartInput():1808 
08-04 22:02:32.742 23454 23517 I art     : Starting a blocking GC Explicit
08-04 22:02:32.771 23454 23517 I art     : Explicit concurrent mark sweep GC freed 1587(87KB) AllocSpace objects, 1(20KB) LOS objects, 38% free, 25MB/41MB, paused 229us total 28.937ms
08-04 22:02:32.784 23454 23517 I art     : Starting a blocking GC Explicit
08-04 22:02:32.817 23454 23517 I art     : Explicit concurrent mark sweep GC freed 24(864B) AllocSpace objects, 0(0B) LOS objects, 38% free, 25MB/41MB, paused 317us total 32.473ms
08-04 22:02:32.832 23454 23517 I art     : Starting a blocking GC Explicit
08-04 22:02:32.857 23454 24282 I RedditChangeDataIO: Writing tmp data file at '/data/user/0/baseline.org.quantumbadger.redreader/files/rr_change_data_tmp.dat'
08-04 22:02:32.858 23454 24282 I RedditChangeDataManager: Taking snapshot...
08-04 22:02:32.858 23454 24282 I RedditChangeDataManager: Writing to stream...
08-04 22:02:32.858 23454 24282 I RedditChangeDataManager: Wrote 2 entries for user ''
08-04 22:02:32.858 23454 24282 I RedditChangeDataManager: All entries written to stream.
08-04 22:02:32.858 23454 24282 I RedditChangeDataIO: Write successful. Atomically replacing data file...
08-04 22:02:32.859 23454 24282 I RedditChangeDataIO: Write complete.
08-04 22:02:32.859 23454 24282 I RedditChangeDataIO: 62 bytes written in 2 ms
08-04 22:02:32.871 23454 23517 I art     : Explicit concurrent mark sweep GC freed 73(4KB) AllocSpace objects, 1(68KB) LOS objects, 38% free, 25MB/41MB, paused 271us total 38.143ms
08-04 22:02:32.884 23454 23517 I art     : Starting a blocking GC Explicit
08-04 22:02:32.922 23454 23517 I art     : Explicit concurrent mark sweep GC freed 12(560B) AllocSpace objects, 0(0B) LOS objects, 38% free, 25MB/41MB, paused 309us total 36.968ms
08-04 22:02:32.938 23454 23517 I art     : Starting a blocking GC Explicit
08-04 22:02:32.952 13866 13882 I PeriodicStatsRunner: PeriodicStatsRunner.call():175 call()
08-04 22:02:32.952 13866 13882 I PeriodicStatsRunner: PeriodicStatsRunner.call():179 No submit PeriodicStats since input started.
08-04 22:02:32.973 23454 23517 I art     : Explicit concurrent mark sweep GC freed 3(96B) AllocSpace objects, 0(0B) LOS objects, 38% free, 25MB/41MB, paused 232us total 35.568ms
08-04 22:02:32.980   380   380 W SurfaceFlinger: couldn't log to binary event log: overflow.
08-04 22:02:33.231 23454 23467 I art     : Starting a blocking GC Explicit
08-04 22:02:33.269 23454 23467 I art     : Explicit concurrent mark sweep GC freed 1630(117KB) AllocSpace objects, 1(20KB) LOS objects, 38% free, 25MB/41MB, paused 278us total 36.716ms
08-04 22:02:33.287 23454 23467 I art     : Starting a blocking GC Explicit
08-04 22:02:33.317 23454 23467 I art     : Explicit concurrent mark sweep GC freed 3919(312KB) AllocSpace objects, 5(140KB) LOS objects, 39% free, 24MB/40MB, paused 291us total 30.329ms
08-04 22:02:33.330 23454 23467 I art     : Starting a blocking GC Explicit
08-04 22:02:33.361 23454 23467 I art     : Explicit concurrent mark sweep GC freed 3(96B) AllocSpace objects, 0(0B) LOS objects, 39% free, 24MB/40MB, paused 226us total 30.177ms
08-04 22:02:33.374 23454 23467 I art     : Starting a blocking GC Explicit
08-04 22:02:33.405 23454 23467 I art     : Explicit concurrent mark sweep GC freed 3(96B) AllocSpace objects, 0(0B) LOS objects, 39% free, 24MB/40MB, paused 238us total 30.511ms
08-04 22:02:33.418 23454 23467 I art     : Starting a blocking GC Explicit
08-04 22:02:33.450 23454 23467 I art     : Explicit concurrent mark sweep GC freed 3(96B) AllocSpace objects, 0(0B) LOS objects, 39% free, 24MB/40MB, paused 232us total 30.871ms
08-04 22:02:33.733 23454 23973 I art     : Starting a blocking GC Explicit
08-04 22:02:33.768 23454 23973 I art     : Explicit concurrent mark sweep GC freed 1343(79KB) AllocSpace objects, 1(20KB) LOS objects, 39% free, 24MB/40MB, paused 242us total 35.197ms
08-04 22:02:33.782 23454 23973 I art     : Starting a blocking GC Explicit
08-04 22:02:33.812 23454 23973 I art     : Explicit concurrent mark sweep GC freed 20(704B) AllocSpace objects, 0(0B) LOS objects, 39% free, 24MB/40MB, paused 226us total 30.238ms
08-04 22:02:33.826 23454 23973 I art     : Starting a blocking GC Explicit
08-04 22:02:33.856 23454 23973 I art     : Explicit concurrent mark sweep GC freed 3(96B) AllocSpace objects, 0(0B) LOS objects, 39% free, 24MB/40MB, paused 226us total 30.071ms
08-04 22:02:33.870 23454 23973 I art     : Starting a blocking GC Explicit
08-04 22:02:33.898 23454 23973 I art     : Explicit concurrent mark sweep GC freed 3(96B) AllocSpace objects, 0(0B) LOS objects, 39% free, 24MB/40MB, paused 229us total 27.893ms
08-04 22:02:33.911 23454 23973 I art     : Starting a blocking GC Explicit
08-04 22:02:33.939 23454 23973 I art     : Explicit concurrent mark sweep GC freed 3(96B) AllocSpace objects, 0(0B) LOS objects, 39% free, 24MB/40MB, paused 226us total 27.848ms
08-04 22:02:34.216 23454 23466 I art     : Starting a blocking GC Explicit
08-04 22:02:34.254 23454 23466 I art     : Explicit concurrent mark sweep GC freed 1343(79KB) AllocSpace objects, 1(20KB) LOS objects, 39% free, 24MB/40MB, paused 251us total 37.810ms
08-04 22:02:34.265 24445 24445 D AndroidRuntime: >>>>>> START com.android.internal.os.RuntimeInit uid 2000 <<<<<<
08-04 22:02:34.267 23454 23466 I art     : Starting a blocking GC Explicit
08-04 22:02:34.270 24445 24445 D AndroidRuntime: CheckJNI is OFF
08-04 22:02:34.297 23454 23466 I art     : Explicit concurrent mark sweep GC freed 20(704B) AllocSpace objects, 0(0B) LOS objects, 39% free, 24MB/40MB, paused 244us total 29.437ms
08-04 22:02:34.305 24445 24445 D ICU     : No timezone override file found: /data/misc/zoneinfo/current/icu/icu_tzdata.dat
08-04 22:02:34.310 23454 23466 I art     : Starting a blocking GC Explicit
08-04 22:02:34.338 24445 24445 I Radio-JNI: register_android_hardware_Radio DONE
08-04 22:02:34.338 23454 23466 I art     : Explicit concurrent mark sweep GC freed 3(96B) AllocSpace objects, 0(0B) LOS objects, 39% free, 24MB/40MB, paused 237us total 28.514ms
08-04 22:02:34.351 23454 23466 I art     : Starting a blocking GC Explicit
08-04 22:02:34.361 24445 24445 D AndroidRuntime: Calling main entry com.android.commands.input.Input
08-04 22:02:34.363 24445 24445 I Input   : injectMotionEvent: MotionEvent { action=ACTION_DOWN, actionButton=0, id[0]=0, x[0]=600.0, y[0]=1200.0, toolType[0]=TOOL_TYPE_UNKNOWN, buttonState=0, metaState=0, flags=0x0, edgeFlags=0x0, pointerCount=1, historySize=0, eventTime=741770776, downTime=741770776, deviceId=0, source=0x1002 }
08-04 22:02:34.368 24445 24445 I Input   : injectMotionEvent: MotionEvent { action=ACTION_UP, actionButton=0, id[0]=0, x[0]=600.0, y[0]=1200.0, toolType[0]=TOOL_TYPE_UNKNOWN, buttonState=0, metaState=0, flags=0x0, edgeFlags=0x0, pointerCount=1, historySize=0, eventTime=741770776, downTime=741770776, deviceId=0, source=0x1002 }
08-04 22:02:34.370 24445 24445 D AndroidRuntime: Shutting down VM
08-04 22:02:34.380 23454 23466 I art     : Explicit concurrent mark sweep GC freed 8(272B) AllocSpace objects, 0(0B) LOS objects, 39% free, 24MB/40MB, paused 237us total 28.526ms
08-04 22:02:34.386   512  2967 D audio_hw_primary: out_set_parameters: enter: usecase(1: low-latency-playback) kvpairs: routing=2
08-04 22:02:34.391   918  3961 I ActivityManager: START u0 {dat=https://oauth.reddit.com/... cmp=baseline.org.quantumbadger.redreader/.activities.CommentListingActivity} from uid 10666 on display 0
08-04 22:02:34.393 23454 23466 I art     : Starting a blocking GC Explicit
08-04 22:02:34.399   512  2967 D audio_hw_primary: select_devices: out_snd_device(2: speaker) in_snd_device(0: none)
08-04 22:02:34.399   512  2967 D msm8974_platform: platform_send_audio_calibration: sending audio calibration for snd_device(2) acdb_id(15)
08-04 22:02:34.400   512  2967 I soundtrigger: audio_extn_sound_trigger_update_device_status: device 0x2 of type 0 for Event 1
08-04 22:02:34.411   512  2967 D audio_hw_primary: enable_snd_device: snd_device(2: speaker)
08-04 22:02:34.413   512  2967 D audio_hw_primary: enable_audio_route: apply and update mixer path: low-latency-playback speaker
08-04 22:02:34.415 23454 23454 I AppCompatViewInflater: app:theme is now deprecated. Please move to using android:theme instead.
08-04 22:02:34.423 23454 23466 I art     : Explicit concurrent mark sweep GC freed 1151(61KB) AllocSpace objects, 0(0B) LOS objects, 39% free, 24MB/40MB, paused 560us total 29.927ms
08-04 22:02:34.432 23454 24473 D OK      : calling: https://oauth.reddit.com/comments/hza888/.json?sort=confidence
08-04 22:02:34.492   918   936 I ActivityManager: Displayed baseline.org.quantumbadger.redreader/.activities.CommentListingActivity: +92ms
08-04 22:02:34.492 13866 13866 I GoogleInputMethodServic: GoogleInputMethodService.onFinishInput():3138 
08-04 22:02:34.493 13866 13866 I GoogleInputMethodServic: GoogleInputMethodService.onStartInput():1808 
08-04 22:02:34.665 23454 23973 I art     : Starting a blocking GC Explicit
08-04 22:02:34.706 23454 23973 I art     : Explicit concurrent mark sweep GC freed 5090(243KB) AllocSpace objects, 1(20KB) LOS objects, 39% free, 25MB/41MB, paused 307us total 41.052ms
08-04 22:02:34.706 23454 23465 I art     : WaitForGcToComplete blocked for 34.075ms for cause HeapTrim
08-04 22:02:34.721 23454 23973 I art     : Starting a blocking GC Explicit
08-04 22:02:34.738 23454 24473 I NAPPA_EXPERIMENTATION: MetricNetworkRequestExecutionTime: REQUEST_DURATION_SYSTEM='306',REQUEST_DURATION_OKHTTP='143',REQUEST_SYNCHRONOUS='TRUE',RESPONSE_CODE='200',RESPONSE_METHOD='GET',RESPONSE_LENGTH_OKHTTP='-1',RESPONSE_LENGTH_HEADER='21928',REQUEST_PROTOCOL='h2',REQUEST_URL='https://oauth.reddit.com/comments/hza888/.json?sort=confidence',
08-04 22:02:34.738 23454 24473 D OK      : request got status: 200
08-04 22:02:34.745 23454 24028 I CommentListingActivity: COMMENTS session changed to 2b485f76-5ffe-424d-90c8-8e2a06c6cf9f
08-04 22:02:34.749   380   380 W SurfaceFlinger: couldn't log to binary event log: overflow.
08-04 22:02:34.762 23454 23973 I art     : Explicit concurrent mark sweep GC freed 1897(130KB) AllocSpace objects, 0(0B) LOS objects, 38% free, 25MB/41MB, paused 517us total 40.278ms
08-04 22:02:34.777 23454 23973 I art     : Starting a blocking GC Explicit
08-04 22:02:34.806 23454 23973 I art     : Explicit concurrent mark sweep GC freed 1711(108KB) AllocSpace objects, 0(0B) LOS objects, 38% free, 25MB/41MB, paused 396us total 29.507ms
08-04 22:02:34.819 23454 23973 I art     : Starting a blocking GC Explicit
08-04 22:02:34.853 23454 23973 I art     : Explicit concurrent mark sweep GC freed 7601(441KB) AllocSpace objects, 0(0B) LOS objects, 37% free, 26MB/42MB, paused 419us total 33.680ms
08-04 22:02:34.866 23454 23973 I art     : Starting a blocking GC Explicit
08-04 22:02:34.900 23454 23973 I art     : Explicit concurrent mark sweep GC freed 5103(312KB) AllocSpace objects, 2(136KB) LOS objects, 38% free, 26MB/42MB, paused 624us total 33.807ms
08-04 22:02:34.953 23454 23454 I RedReader: Checking for new messages.
08-04 22:02:34.960   512  2967 D audio_hw_primary: disable_audio_route: reset and update mixer path: low-latency-playback speaker
08-04 22:02:34.960   512  2967 D audio_hw_primary: disable_snd_device: snd_device(2: speaker)
08-04 22:02:34.963 24365  9563 I NetworkScheduler.Stats: Task com.google.android.gms/com.google.android.gms.icing.service.IcingGcmTaskService started execution. cause:4 exec_start_elapsed_seconds: 1725158 [CONTEXT service_id=218 ]
08-04 22:02:34.966 23454 23454 I RegularCachePruner: Pruning cache...
08-04 22:02:34.967 23454 24486 I RedditChangeDataManager: Pruning for all users...
08-04 22:02:34.967 23454 24486 I RedditChangeDataManager: Pruning complete.
08-04 22:02:34.968   512  2967 I soundtrigger: audio_extn_sound_trigger_update_device_status: device 0x2 of type 0 for Event 0
08-04 22:02:34.971 23454 24486 I CacheManager: Pruning 0 files
08-04 22:02:34.976 24365  7398 I NetworkScheduler.Stats: Task com.google.android.gms/com.google.android.gms.icing.service.IcingGcmTaskService finished executing. cause:4 result: 1 elapsed_millis: 35 uptime_millis: 36 exec_start_elapsed_seconds: 1725158 [CONTEXT service_id=218 ]
08-04 22:02:35.123   918  3261 D WifiStateMachine: starting scan for "H369AA63323"WPA_PSK with 2412,5180
08-04 22:02:35.175 23454 23973 I art     : Starting a blocking GC Explicit
08-04 22:02:35.213 23454 23973 I art     : Explicit concurrent mark sweep GC freed 3797(197KB) AllocSpace objects, 1(20KB) LOS objects, 37% free, 26MB/42MB, paused 255us total 38ms
08-04 22:02:35.227 23454 23973 I art     : Starting a blocking GC Explicit
08-04 22:02:35.264 23454 23973 I art     : Explicit concurrent mark sweep GC freed 73(3KB) AllocSpace objects, 0(0B) LOS objects, 37% free, 26MB/42MB, paused 248us total 36.492ms
08-04 22:02:35.278 23454 23973 I art     : Starting a blocking GC Explicit
08-04 22:02:35.315 23454 23973 I art     : Explicit concurrent mark sweep GC freed 3(96B) AllocSpace objects, 0(0B) LOS objects, 37% free, 26MB/42MB, paused 253us total 36.262ms
08-04 22:02:35.329 23454 23973 I art     : Starting a blocking GC Explicit
08-04 22:02:35.366 23454 23973 I art     : Explicit concurrent mark sweep GC freed 3(96B) AllocSpace objects, 0(0B) LOS objects, 37% free, 26MB/42MB, paused 298us total 36.741ms
08-04 22:02:35.380 23454 23973 I art     : Starting a blocking GC Explicit
08-04 22:02:35.415 23454 23973 I art     : Explicit concurrent mark sweep GC freed 3(96B) AllocSpace objects, 0(0B) LOS objects, 37% free, 26MB/42MB, paused 244us total 35.248ms
08-04 22:02:35.700 23454 23466 I art     : Starting a blocking GC Explicit
08-04 22:02:35.749 23454 23466 I art     : Explicit concurrent mark sweep GC freed 1343(80KB) AllocSpace objects, 1(20KB) LOS objects, 37% free, 26MB/42MB, paused 336us total 48.905ms
08-04 22:02:35.769 23454 23466 I art     : Starting a blocking GC Explicit
08-04 22:02:35.812 23454 23466 I art     : Explicit concurrent mark sweep GC freed 66(2528B) AllocSpace objects, 0(0B) LOS objects, 37% free, 26MB/42MB, paused 265us total 41.832ms
08-04 22:02:35.826 23454 23466 I art     : Starting a blocking GC Explicit
08-04 22:02:35.865 23454 23466 I art     : Explicit concurrent mark sweep GC freed 3(96B) AllocSpace objects, 0(0B) LOS objects, 37% free, 26MB/42MB, paused 260us total 38.693ms
08-04 22:02:35.879 23454 23466 I art     : Starting a blocking GC Explicit
08-04 22:02:35.918 23454 23466 I art     : Explicit concurrent mark sweep GC freed 3(96B) AllocSpace objects, 0(0B) LOS objects, 37% free, 26MB/42MB, paused 273us total 38.337ms
08-04 22:02:35.932 23454 23466 I art     : Starting a blocking GC Explicit
08-04 22:02:35.971 23454 23466 I art     : Explicit concurrent mark sweep GC freed 3(96B) AllocSpace objects, 0(0B) LOS objects, 37% free, 26MB/42MB, paused 256us total 38.972ms
08-04 22:02:36.308 23454 23517 I art     : Starting a blocking GC Explicit
08-04 22:02:36.364 23454 23517 I art     : Explicit concurrent mark sweep GC freed 1343(80KB) AllocSpace objects, 1(20KB) LOS objects, 37% free, 26MB/42MB, paused 288us total 55.801ms
08-04 22:02:36.380 23454 23517 I art     : Starting a blocking GC Explicit
08-04 22:02:36.418 23454 23517 I art     : Explicit concurrent mark sweep GC freed 20(704B) AllocSpace objects, 0(0B) LOS objects, 37% free, 26MB/42MB, paused 252us total 37.352ms
08-04 22:02:36.432 23454 23517 I art     : Starting a blocking GC Explicit
08-04 22:02:36.471 23454 23517 I art     : Explicit concurrent mark sweep GC freed 3(96B) AllocSpace objects, 0(0B) LOS objects, 37% free, 26MB/42MB, paused 255us total 38.802ms
08-04 22:02:36.486 23454 23517 I art     : Starting a blocking GC Explicit
08-04 22:02:36.523 23454 23517 I art     : Explicit concurrent mark sweep GC freed 3(96B) AllocSpace objects, 0(0B) LOS objects, 37% free, 26MB/42MB, paused 257us total 37.123ms
08-04 22:02:36.537 23454 23517 I art     : Starting a blocking GC Explicit
08-04 22:02:36.576 23454 23517 I art     : Explicit concurrent mark sweep GC freed 3(96B) AllocSpace objects, 0(0B) LOS objects, 37% free, 26MB/42MB, paused 265us total 38.405ms
08-04 22:02:36.852 23454 23973 I art     : Starting a blocking GC Explicit
08-04 22:02:36.890 23454 23973 I art     : Explicit concurrent mark sweep GC freed 1344(80KB) AllocSpace objects, 1(20KB) LOS objects, 37% free, 26MB/42MB, paused 267us total 38.286ms
08-04 22:02:36.905 23454 23973 I art     : Starting a blocking GC Explicit
08-04 22:02:36.941 23454 23973 I art     : Explicit concurrent mark sweep GC freed 20(704B) AllocSpace objects, 0(0B) LOS objects, 37% free, 26MB/42MB, paused 254us total 36.162ms
08-04 22:02:36.955 23454 23973 I art     : Starting a blocking GC Explicit
08-04 22:02:36.993 23454 23973 I art     : Explicit concurrent mark sweep GC freed 3(96B) AllocSpace objects, 0(0B) LOS objects, 37% free, 26MB/42MB, paused 256us total 37.266ms
08-04 22:02:37.007 23454 23973 I art     : Starting a blocking GC Explicit
08-04 22:02:37.033 24519 24519 D AndroidRuntime: >>>>>> START com.android.internal.os.RuntimeInit uid 2000 <<<<<<
08-04 22:02:37.038 24519 24519 D AndroidRuntime: CheckJNI is OFF
08-04 22:02:37.045 23454 23973 I art     : Explicit concurrent mark sweep GC freed 3(96B) AllocSpace objects, 0(0B) LOS objects, 37% free, 26MB/42MB, paused 246us total 37.955ms
08-04 22:02:37.059 23454 23973 I art     : Starting a blocking GC Explicit
08-04 22:02:37.074 24519 24519 D ICU     : No timezone override file found: /data/misc/zoneinfo/current/icu/icu_tzdata.dat
08-04 22:02:37.095 23454 23973 I art     : Explicit concurrent mark sweep GC freed 3(96B) AllocSpace objects, 0(0B) LOS objects, 37% free, 26MB/42MB, paused 260us total 35.993ms
08-04 22:02:37.109 24519 24519 I Radio-JNI: register_android_hardware_Radio DONE
08-04 22:02:37.130 24519 24519 D AndroidRuntime: Calling main entry com.android.commands.input.Input
08-04 22:02:37.132 24519 24519 I Input   : injectKeyEvent: KeyEvent { action=ACTION_DOWN, keyCode=KEYCODE_BACK, scanCode=0, metaState=0, flags=0x0, repeatCount=0, eventTime=741773545, downTime=741773545, deviceId=-1, source=0x101 }
08-04 22:02:37.137 24519 24519 I Input   : injectKeyEvent: KeyEvent { action=ACTION_UP, keyCode=KEYCODE_BACK, scanCode=0, metaState=0, flags=0x0, repeatCount=0, eventTime=741773545, downTime=741773545, deviceId=-1, source=0x101 }
08-04 22:02:37.145 24519 24519 D AndroidRuntime: Shutting down VM
08-04 22:02:37.180 13866 13866 I GoogleInputMethodServic: GoogleInputMethodService.onFinishInput():3138 
08-04 22:02:37.181 13866 13866 I GoogleInputMethodServic: GoogleInputMethodService.onStartInput():1808 
08-04 22:02:37.343 23454 23467 I art     : Starting a blocking GC Explicit
08-04 22:02:37.393 23454 23467 I art     : Explicit concurrent mark sweep GC freed 1596(89KB) AllocSpace objects, 1(20KB) LOS objects, 37% free, 26MB/42MB, paused 323us total 49.217ms
08-04 22:02:37.409 23454 23467 I art     : Starting a blocking GC Explicit
08-04 22:02:37.456 23454 23467 I art     : Explicit concurrent mark sweep GC freed 24(864B) AllocSpace objects, 0(0B) LOS objects, 37% free, 26MB/42MB, paused 270us total 45.914ms
08-04 22:02:37.473 23454 23467 I art     : Starting a blocking GC Explicit
08-04 22:02:37.485   380   380 W SurfaceFlinger: couldn't log to binary event log: overflow.
08-04 22:02:37.510 23454 23467 I art     : Explicit concurrent mark sweep GC freed 53(1984B) AllocSpace objects, 0(0B) LOS objects, 37% free, 26MB/42MB, paused 230us total 36.972ms
08-04 22:02:37.523 23454 23467 I art     : Starting a blocking GC Explicit
08-04 22:02:37.556 23454 23467 I art     : Explicit concurrent mark sweep GC freed 9(384B) AllocSpace objects, 0(0B) LOS objects, 37% free, 26MB/42MB, paused 287us total 32.633ms
08-04 22:02:37.569 23454 23467 I art     : Starting a blocking GC Explicit
08-04 22:02:37.601 23454 23467 I art     : Explicit concurrent mark sweep GC freed 22972(1247KB) AllocSpace objects, 5(164KB) LOS objects, 39% free, 24MB/40MB, paused 261us total 31.605ms
08-04 22:02:37.661 13866 13882 I PeriodicStatsRunner: PeriodicStatsRunner.call():175 call()
08-04 22:02:37.661 13866 13882 I PeriodicStatsRunner: PeriodicStatsRunner.call():179 No submit PeriodicStats since input started.
08-04 22:02:37.897 23454 23517 I art     : Starting a blocking GC Explicit
08-04 22:02:37.940 23454 23517 I art     : Explicit concurrent mark sweep GC freed 1348(80KB) AllocSpace objects, 1(20KB) LOS objects, 39% free, 24MB/40MB, paused 284us total 42.980ms
08-04 22:02:37.957 23454 23517 I art     : Starting a blocking GC Explicit
08-04 22:02:37.989 23454 23517 I art     : Explicit concurrent mark sweep GC freed 20(704B) AllocSpace objects, 0(0B) LOS objects, 39% free, 24MB/40MB, paused 363us total 31.814ms
08-04 22:02:38.003 23454 23517 I art     : Starting a blocking GC Explicit
08-04 22:02:38.034 23454 23517 I art     : Explicit concurrent mark sweep GC freed 3(96B) AllocSpace objects, 0(0B) LOS objects, 39% free, 24MB/40MB, paused 260us total 30.617ms
08-04 22:02:38.047 23454 23517 I art     : Starting a blocking GC Explicit
08-04 22:02:38.079 23454 23517 I art     : Explicit concurrent mark sweep GC freed 3(96B) AllocSpace objects, 0(0B) LOS objects, 39% free, 24MB/40MB, paused 266us total 31.362ms
08-04 22:02:38.092 23454 23517 I art     : Starting a blocking GC Explicit
08-04 22:02:38.125 23454 23517 I art     : Explicit concurrent mark sweep GC freed 3(96B) AllocSpace objects, 0(0B) LOS objects, 39% free, 24MB/40MB, paused 263us total 32.274ms
08-04 22:02:38.410 23454 23973 I art     : Starting a blocking GC Explicit
08-04 22:02:38.442 23454 23973 I art     : Explicit concurrent mark sweep GC freed 1343(80KB) AllocSpace objects, 1(20KB) LOS objects, 39% free, 24MB/40MB, paused 266us total 31.864ms
08-04 22:02:38.455 23454 23973 I art     : Starting a blocking GC Explicit
08-04 22:02:38.485 23454 23973 I art     : Explicit concurrent mark sweep GC freed 20(704B) AllocSpace objects, 0(0B) LOS objects, 39% free, 24MB/40MB, paused 283us total 29.002ms
08-04 22:02:38.498 23454 23973 I art     : Starting a blocking GC Explicit
08-04 22:02:38.527 23454 23973 I art     : Explicit concurrent mark sweep GC freed 3(96B) AllocSpace objects, 0(0B) LOS objects, 39% free, 24MB/40MB, paused 342us total 28.980ms
08-04 22:02:38.540 23454 23973 I art     : Starting a blocking GC Explicit
08-04 22:02:38.570 23454 23973 I art     : Explicit concurrent mark sweep GC freed 3(96B) AllocSpace objects, 0(0B) LOS objects, 39% free, 24MB/40MB, paused 265us total 30.081ms
08-04 22:02:38.584 23454 23973 I art     : Starting a blocking GC Explicit
08-04 22:02:38.613 23454 23973 I art     : Explicit concurrent mark sweep GC freed 3(96B) AllocSpace objects, 0(0B) LOS objects, 39% free, 24MB/40MB, paused 255us total 29.291ms
08-04 22:02:38.805 24572 24572 D AndroidRuntime: >>>>>> START com.android.internal.os.RuntimeInit uid 2000 <<<<<<
08-04 22:02:38.810 24572 24572 D AndroidRuntime: CheckJNI is OFF
08-04 22:02:38.842 24572 24572 D ICU     : No timezone override file found: /data/misc/zoneinfo/current/icu/icu_tzdata.dat
08-04 22:02:38.876 24572 24572 I Radio-JNI: register_android_hardware_Radio DONE
08-04 22:02:38.881 23454 23466 I art     : Starting a blocking GC Explicit
08-04 22:02:38.898 24572 24572 D AndroidRuntime: Calling main entry com.android.commands.input.Input
08-04 22:02:38.900 24572 24572 I Input   : injectMotionEvent: MotionEvent { action=ACTION_DOWN, actionButton=0, id[0]=0, x[0]=600.0, y[0]=950.0, toolType[0]=TOOL_TYPE_UNKNOWN, buttonState=0, metaState=0, flags=0x0, edgeFlags=0x0, pointerCount=1, historySize=0, eventTime=741775313, downTime=741775313, deviceId=0, source=0x1002 }
08-04 22:02:38.905 24572 24572 I Input   : injectMotionEvent: MotionEvent { action=ACTION_UP, actionButton=0, id[0]=0, x[0]=600.0, y[0]=950.0, toolType[0]=TOOL_TYPE_UNKNOWN, buttonState=0, metaState=0, flags=0x0, edgeFlags=0x0, pointerCount=1, historySize=0, eventTime=741775313, downTime=741775313, deviceId=0, source=0x1002 }
08-04 22:02:38.906 24572 24572 D AndroidRuntime: Shutting down VM
08-04 22:02:38.912 23454 23466 I art     : Explicit concurrent mark sweep GC freed 1350(80KB) AllocSpace objects, 1(20KB) LOS objects, 39% free, 24MB/40MB, paused 266us total 30.480ms
08-04 22:02:38.925 23454 23466 I art     : Starting a blocking GC Explicit
08-04 22:02:38.927   512  2967 D audio_hw_primary: out_set_parameters: enter: usecase(1: low-latency-playback) kvpairs: routing=2
08-04 22:02:38.927   918  5132 I ActivityManager: START u0 {dat=https://oauth.reddit.com/... cmp=baseline.org.quantumbadger.redreader/.activities.CommentListingActivity} from uid 10666 on display 0
08-04 22:02:38.940   512  2967 D audio_hw_primary: select_devices: out_snd_device(2: speaker) in_snd_device(0: none)
08-04 22:02:38.940   512  2967 D msm8974_platform: platform_send_audio_calibration: sending audio calibration for snd_device(2) acdb_id(15)
08-04 22:02:38.940   512  2967 I soundtrigger: audio_extn_sound_trigger_update_device_status: device 0x2 of type 0 for Event 1
08-04 22:02:38.949 23454 23454 I AppCompatViewInflater: app:theme is now deprecated. Please move to using android:theme instead.
08-04 22:02:38.950   512  2967 D audio_hw_primary: enable_snd_device: snd_device(2: speaker)
08-04 22:02:38.952   512  2967 D audio_hw_primary: enable_audio_route: apply and update mixer path: low-latency-playback speaker
08-04 22:02:38.958 23454 23466 I art     : Explicit concurrent mark sweep GC freed 1184(62KB) AllocSpace objects, 0(0B) LOS objects, 39% free, 24MB/40MB, paused 575us total 32.495ms
08-04 22:02:38.970 23454 24028 I CommentListingActivity: COMMENTS session changed to dcb9635f-2669-4af5-a921-34cfc2498ce0
08-04 22:02:38.971 23454 23466 I art     : Starting a blocking GC Explicit
08-04 22:02:38.999 23454 23466 I art     : Explicit concurrent mark sweep GC freed 3112(277KB) AllocSpace objects, 2(32KB) LOS objects, 38% free, 25MB/41MB, paused 286us total 27.622ms
08-04 22:02:39.011 23454 23466 I art     : Starting a blocking GC Explicit
08-04 22:02:39.040 23454 23466 I art     : Explicit concurrent mark sweep GC freed 2303(146KB) AllocSpace objects, 0(0B) LOS objects, 38% free, 25MB/41MB, paused 511us total 28.836ms
08-04 22:02:39.053 23454 23466 I art     : Starting a blocking GC Explicit
08-04 22:02:39.081   918   936 I ActivityManager: Displayed baseline.org.quantumbadger.redreader/.activities.CommentListingActivity: +147ms
08-04 22:02:39.081 13866 13866 I GoogleInputMethodServic: GoogleInputMethodService.onFinishInput():3138 
08-04 22:02:39.083 13866 13866 I GoogleInputMethodServic: GoogleInputMethodService.onStartInput():1808 
08-04 22:02:39.085 23454 23466 I art     : Explicit concurrent mark sweep GC freed 426(20KB) AllocSpace objects, 0(0B) LOS objects, 38% free, 25MB/41MB, paused 464us total 31.885ms
08-04 22:02:39.332   380   380 W SurfaceFlinger: couldn't log to binary event log: overflow.
08-04 22:02:39.361 23454 23466 I art     : Starting a blocking GC Explicit
08-04 22:02:39.389 23454 23466 I art     : Explicit concurrent mark sweep GC freed 1461(84KB) AllocSpace objects, 1(20KB) LOS objects, 38% free, 25MB/41MB, paused 236us total 27.991ms
08-04 22:02:39.402 23454 24472 I RedditChangeDataIO: Writing tmp data file at '/data/user/0/baseline.org.quantumbadger.redreader/files/rr_change_data_tmp.dat'
08-04 22:02:39.402 23454 24472 I RedditChangeDataManager: Taking snapshot...
08-04 22:02:39.402 23454 23466 I art     : Starting a blocking GC Explicit
08-04 22:02:39.402 23454 24472 I RedditChangeDataManager: Writing to stream...
08-04 22:02:39.402 23454 24472 I RedditChangeDataManager: Wrote 3 entries for user ''
08-04 22:02:39.402 23454 24472 I RedditChangeDataManager: All entries written to stream.
08-04 22:02:39.402 23454 24472 I RedditChangeDataIO: Write successful. Atomically replacing data file...
08-04 22:02:39.403 23454 24472 I RedditChangeDataIO: Write complete.
08-04 22:02:39.403 23454 24472 I RedditChangeDataIO: 86 bytes written in 2 ms
08-04 22:02:39.431 23454 23466 I art     : Explicit concurrent mark sweep GC freed 89(5KB) AllocSpace objects, 1(68KB) LOS objects, 38% free, 25MB/41MB, paused 291us total 29.236ms
08-04 22:02:39.445 23454 23466 I art     : Starting a blocking GC Explicit
08-04 22:02:39.478 23454 23466 I art     : Explicit concurrent mark sweep GC freed 101(3KB) AllocSpace objects, 0(0B) LOS objects, 38% free, 25MB/41MB, paused 275us total 32.675ms
08-04 22:02:39.489   512  2967 D audio_hw_primary: disable_audio_route: reset and update mixer path: low-latency-playback speaker
08-04 22:02:39.490   512  2967 D audio_hw_primary: disable_snd_device: snd_device(2: speaker)
08-04 22:02:39.492 23454 23466 I art     : Starting a blocking GC Explicit
08-04 22:02:39.493 13866 13882 I PeriodicStatsRunner: PeriodicStatsRunner.call():175 call()
08-04 22:02:39.493 13866 13882 I PeriodicStatsRunner: PeriodicStatsRunner.call():179 No submit PeriodicStats since input started.
08-04 22:02:39.498   512  2967 I soundtrigger: audio_extn_sound_trigger_update_device_status: device 0x2 of type 0 for Event 0
08-04 22:02:39.522 23454 23466 I art     : Explicit concurrent mark sweep GC freed 12(432B) AllocSpace objects, 0(0B) LOS objects, 38% free, 25MB/41MB, paused 231us total 29.138ms
08-04 22:02:39.534 23454 23466 I art     : Starting a blocking GC Explicit
08-04 22:02:39.563 23454 23466 I art     : Explicit concurrent mark sweep GC freed 3(96B) AllocSpace objects, 0(0B) LOS objects, 38% free, 25MB/41MB, paused 250us total 28.752ms
08-04 22:02:39.845 23454 23467 I art     : Starting a blocking GC Explicit
08-04 22:02:39.892 23454 23467 I art     : Explicit concurrent mark sweep GC freed 1578(116KB) AllocSpace objects, 1(20KB) LOS objects, 38% free, 25MB/41MB, paused 268us total 46.572ms
08-04 22:02:39.910 23454 23467 I art     : Starting a blocking GC Explicit
08-04 22:02:39.941 23454 23467 I art     : Explicit concurrent mark sweep GC freed 131(4KB) AllocSpace objects, 0(0B) LOS objects, 38% free, 25MB/41MB, paused 217us total 31.576ms
08-04 22:02:39.955 23454 23467 I art     : Starting a blocking GC Explicit
08-04 22:02:39.988 23454 23467 I art     : Explicit concurrent mark sweep GC freed 3(96B) AllocSpace objects, 0(0B) LOS objects, 38% free, 25MB/41MB, paused 229us total 33.032ms
08-04 22:02:40.002 23454 23467 I art     : Starting a blocking GC Explicit
08-04 22:02:40.035 23454 23467 I art     : Explicit concurrent mark sweep GC freed 3(96B) AllocSpace objects, 0(0B) LOS objects, 38% free, 25MB/41MB, paused 231us total 32.230ms
08-04 22:02:40.048 23454 23467 I art     : Starting a blocking GC Explicit
08-04 22:02:40.081 23454 23467 I art     : Explicit concurrent mark sweep GC freed 3(96B) AllocSpace objects, 0(0B) LOS objects, 38% free, 25MB/41MB, paused 239us total 33.001ms
08-04 22:02:40.383 23454 23973 I art     : Starting a blocking GC Explicit
08-04 22:02:40.428 23454 23973 I art     : Explicit concurrent mark sweep GC freed 1343(80KB) AllocSpace objects, 1(20KB) LOS objects, 38% free, 25MB/41MB, paused 261us total 43.889ms
08-04 22:02:40.444 23454 23973 I art     : Starting a blocking GC Explicit
08-04 22:02:40.478 23454 23973 I art     : Explicit concurrent mark sweep GC freed 20(704B) AllocSpace objects, 0(0B) LOS objects, 38% free, 25MB/41MB, paused 241us total 33.248ms
08-04 22:02:40.492 23454 23973 I art     : Starting a blocking GC Explicit
08-04 22:02:40.525 23454 23973 I art     : Explicit concurrent mark sweep GC freed 3(96B) AllocSpace objects, 0(0B) LOS objects, 38% free, 25MB/41MB, paused 240us total 32.935ms
08-04 22:02:40.539 23454 23973 I art     : Starting a blocking GC Explicit
08-04 22:02:40.571 23454 23973 I art     : Explicit concurrent mark sweep GC freed 3(96B) AllocSpace objects, 0(0B) LOS objects, 38% free, 25MB/41MB, paused 245us total 32.422ms
08-04 22:02:40.585 23454 23973 I art     : Starting a blocking GC Explicit
08-04 22:02:40.617 23454 23973 I art     : Explicit concurrent mark sweep GC freed 3(96B) AllocSpace objects, 0(0B) LOS objects, 38% free, 25MB/41MB, paused 389us total 31.904ms
08-04 22:02:40.943 23454 23517 I art     : Starting a blocking GC Explicit
08-04 22:02:40.990 23454 23517 I art     : Explicit concurrent mark sweep GC freed 1343(80KB) AllocSpace objects, 1(20KB) LOS objects, 38% free, 25MB/41MB, paused 231us total 46.766ms
08-04 22:02:41.003 23454 23517 I art     : Starting a blocking GC Explicit
08-04 22:02:41.032 23454 23517 I art     : Explicit concurrent mark sweep GC freed 20(704B) AllocSpace objects, 0(0B) LOS objects, 38% free, 25MB/41MB, paused 232us total 28.553ms
08-04 22:02:41.044 23454 23517 I art     : Starting a blocking GC Explicit
08-04 22:02:41.074 23454 23517 I art     : Explicit concurrent mark sweep GC freed 3(96B) AllocSpace objects, 0(0B) LOS objects, 38% free, 25MB/41MB, paused 224us total 28.920ms
08-04 22:02:41.086 23454 23517 I art     : Starting a blocking GC Explicit
08-04 22:02:41.116 23454 23517 I art     : Explicit concurrent mark sweep GC freed 12(432B) AllocSpace objects, 0(0B) LOS objects, 38% free, 25MB/41MB, paused 224us total 29.399ms
08-04 22:02:41.129 23454 23517 I art     : Starting a blocking GC Explicit
08-04 22:02:41.162 23454 23517 I art     : Explicit concurrent mark sweep GC freed 12(432B) AllocSpace objects, 0(0B) LOS objects, 38% free, 25MB/41MB, paused 235us total 32.039ms
08-04 22:02:41.481 23454 23466 I art     : Starting a blocking GC Explicit
08-04 22:02:41.515 23454 23466 I art     : Explicit concurrent mark sweep GC freed 1343(80KB) AllocSpace objects, 1(20KB) LOS objects, 38% free, 25MB/41MB, paused 246us total 34.346ms
08-04 22:02:41.529 23454 23466 I art     : Starting a blocking GC Explicit
08-04 22:02:41.562 23454 23466 I art     : Explicit concurrent mark sweep GC freed 20(704B) AllocSpace objects, 0(0B) LOS objects, 38% free, 25MB/41MB, paused 237us total 33.005ms
08-04 22:02:41.576 23454 23466 I art     : Starting a blocking GC Explicit
08-04 22:02:41.609 23454 23466 I art     : Explicit concurrent mark sweep GC freed 3(96B) AllocSpace objects, 0(0B) LOS objects, 38% free, 25MB/41MB, paused 240us total 32.507ms
08-04 22:02:41.623 23454 23466 I art     : Starting a blocking GC Explicit
08-04 22:02:41.656 23454 23466 I art     : Explicit concurrent mark sweep GC freed 3(96B) AllocSpace objects, 0(0B) LOS objects, 38% free, 25MB/41MB, paused 239us total 32.782ms
08-04 22:02:41.670 23454 23466 I art     : Starting a blocking GC Explicit
08-04 22:02:41.703 23454 23466 I art     : Explicit concurrent mark sweep GC freed 3(96B) AllocSpace objects, 0(0B) LOS objects, 38% free, 25MB/41MB, paused 247us total 32.787ms
08-04 22:02:42.032 23454 23467 I art     : Starting a blocking GC Explicit
08-04 22:02:42.076 23454 23467 I art     : Explicit concurrent mark sweep GC freed 1343(80KB) AllocSpace objects, 1(20KB) LOS objects, 38% free, 25MB/41MB, paused 262us total 43.274ms
08-04 22:02:42.093 23454 23467 I art     : Starting a blocking GC Explicit
08-04 22:02:42.126 23454 23467 I art     : Explicit concurrent mark sweep GC freed 20(704B) AllocSpace objects, 0(0B) LOS objects, 38% free, 25MB/41MB, paused 229us total 32.806ms
08-04 22:02:42.140 23454 23467 I art     : Starting a blocking GC Explicit
08-04 22:02:42.173 23454 23467 I art     : Explicit concurrent mark sweep GC freed 3(96B) AllocSpace objects, 0(0B) LOS objects, 38% free, 25MB/41MB, paused 240us total 32.584ms
08-04 22:02:42.181 13866 13882 I PeriodicStatsRunner: PeriodicStatsRunner.call():175 call()
08-04 22:02:42.181 13866 13882 I PeriodicStatsRunner: PeriodicStatsRunner.call():179 No submit PeriodicStats since input started.
08-04 22:02:42.186 23454 23467 I art     : Starting a blocking GC Explicit
08-04 22:02:42.220 23454 23467 I art     : Explicit concurrent mark sweep GC freed 3(96B) AllocSpace objects, 0(0B) LOS objects, 38% free, 25MB/41MB, paused 238us total 32.881ms
08-04 22:02:42.233 23454 23467 I art     : Starting a blocking GC Explicit
08-04 22:02:42.266 23454 23467 I art     : Explicit concurrent mark sweep GC freed 3(96B) AllocSpace objects, 0(0B) LOS objects, 38% free, 25MB/41MB, paused 245us total 32.819ms
08-04 22:02:42.609 23454 23973 I art     : Starting a blocking GC Explicit
08-04 22:02:42.653 23454 23973 I art     : Explicit concurrent mark sweep GC freed 1345(80KB) AllocSpace objects, 1(20KB) LOS objects, 38% free, 25MB/41MB, paused 261us total 43.757ms
08-04 22:02:42.669 23454 23973 I art     : Starting a blocking GC Explicit
08-04 22:02:42.702 23454 23973 I art     : Explicit concurrent mark sweep GC freed 20(704B) AllocSpace objects, 0(0B) LOS objects, 38% free, 25MB/41MB, paused 242us total 33.080ms
08-04 22:02:42.716 23454 23973 I art     : Starting a blocking GC Explicit
08-04 22:02:42.749 23454 23973 I art     : Explicit concurrent mark sweep GC freed 3(96B) AllocSpace objects, 0(0B) LOS objects, 38% free, 25MB/41MB, paused 260us total 32.590ms
08-04 22:02:42.762 23454 23973 I art     : Starting a blocking GC Explicit
08-04 22:02:42.796 23454 23973 I art     : Explicit concurrent mark sweep GC freed 3(96B) AllocSpace objects, 0(0B) LOS objects, 38% free, 25MB/41MB, paused 234us total 32.889ms
08-04 22:02:42.810 23454 23973 I art     : Starting a blocking GC Explicit
08-04 22:02:42.842 23454 23973 I art     : Explicit concurrent mark sweep GC freed 3(96B) AllocSpace objects, 0(0B) LOS objects, 38% free, 25MB/41MB, paused 236us total 32.608ms
08-04 22:02:43.180 23454 23517 I art     : Starting a blocking GC Explicit
08-04 22:02:43.211 23454 23517 I art     : Explicit concurrent mark sweep GC freed 1343(80KB) AllocSpace objects, 1(20KB) LOS objects, 38% free, 25MB/41MB, paused 219us total 29.941ms
08-04 22:02:43.223 23454 23517 I art     : Starting a blocking GC Explicit
08-04 22:02:43.251 23454 23517 I art     : Explicit concurrent mark sweep GC freed 20(704B) AllocSpace objects, 0(0B) LOS objects, 38% free, 25MB/41MB, paused 225us total 27.848ms
08-04 22:02:43.264 23454 23517 I art     : Starting a blocking GC Explicit
08-04 22:02:43.292 23454 23517 I art     : Explicit concurrent mark sweep GC freed 3(96B) AllocSpace objects, 0(0B) LOS objects, 38% free, 25MB/41MB, paused 238us total 28.447ms
08-04 22:02:43.305 23454 23517 I art     : Starting a blocking GC Explicit
08-04 22:02:43.336 23454 23517 I art     : Explicit concurrent mark sweep GC freed 3(96B) AllocSpace objects, 0(0B) LOS objects, 38% free, 25MB/41MB, paused 280us total 30.284ms
08-04 22:02:43.349 23454 23517 I art     : Starting a blocking GC Explicit
08-04 22:02:43.380 23454 23517 I art     : Explicit concurrent mark sweep GC freed 3(96B) AllocSpace objects, 0(0B) LOS objects, 38% free, 25MB/41MB, paused 229us total 30.377ms
08-04 22:02:43.551 24691 24691 D AndroidRuntime: >>>>>> START com.android.internal.os.RuntimeInit uid 2000 <<<<<<
08-04 22:02:43.557 24691 24691 D AndroidRuntime: CheckJNI is OFF
08-04 22:02:43.590 24691 24691 D ICU     : No timezone override file found: /data/misc/zoneinfo/current/icu/icu_tzdata.dat
08-04 22:02:43.621 24691 24691 I Radio-JNI: register_android_hardware_Radio DONE
08-04 22:02:43.643 24691 24691 D AndroidRuntime: Calling main entry com.android.commands.input.Input
08-04 22:02:43.644 24691 24691 I Input   : injectKeyEvent: KeyEvent { action=ACTION_DOWN, keyCode=KEYCODE_BACK, scanCode=0, metaState=0, flags=0x0, repeatCount=0, eventTime=741780057, downTime=741780057, deviceId=-1, source=0x101 }
08-04 22:02:43.649 24691 24691 I Input   : injectKeyEvent: KeyEvent { action=ACTION_UP, keyCode=KEYCODE_BACK, scanCode=0, metaState=0, flags=0x0, repeatCount=0, eventTime=741780057, downTime=741780057, deviceId=-1, source=0x101 }
08-04 22:02:43.654 24691 24691 D AndroidRuntime: Shutting down VM
08-04 22:02:43.670 23454 23517 I art     : Starting a blocking GC Explicit
08-04 22:02:43.697 13866 13866 I GoogleInputMethodServic: GoogleInputMethodService.onFinishInput():3138 
08-04 22:02:43.698 13866 13866 I GoogleInputMethodServic: GoogleInputMethodService.onStartInput():1808 
08-04 22:02:43.700 23454 23517 I art     : Explicit concurrent mark sweep GC freed 1471(84KB) AllocSpace objects, 1(20KB) LOS objects, 38% free, 25MB/41MB, paused 252us total 30.125ms
08-04 22:02:43.713 23454 23517 I art     : Starting a blocking GC Explicit
08-04 22:02:43.742 23454 23517 I art     : Explicit concurrent mark sweep GC freed 134(4KB) AllocSpace objects, 0(0B) LOS objects, 38% free, 25MB/41MB, paused 286us total 28.795ms
08-04 22:02:43.755 23454 23517 I art     : Starting a blocking GC Explicit
08-04 22:02:43.782 23454 23517 I art     : Explicit concurrent mark sweep GC freed 9(336B) AllocSpace objects, 0(0B) LOS objects, 38% free, 25MB/41MB, paused 205us total 26.723ms
08-04 22:02:43.794 23454 23517 I art     : Starting a blocking GC Explicit
08-04 22:02:43.828 23454 23517 I art     : Explicit concurrent mark sweep GC freed 3(96B) AllocSpace objects, 0(0B) LOS objects, 38% free, 25MB/41MB, paused 251us total 33.115ms
08-04 22:02:43.844 23454 23517 I art     : Starting a blocking GC Explicit
08-04 22:02:43.881 23454 23517 I art     : Explicit concurrent mark sweep GC freed 3(96B) AllocSpace objects, 0(0B) LOS objects, 38% free, 25MB/41MB, paused 277us total 36.628ms
08-04 22:02:44.008   380   380 W SurfaceFlinger: couldn't log to binary event log: overflow.
08-04 22:02:44.082 13866 13882 I PeriodicStatsRunner: PeriodicStatsRunner.call():175 call()
08-04 22:02:44.082 13866 13882 I PeriodicStatsRunner: PeriodicStatsRunner.call():179 No submit PeriodicStats since input started.
08-04 22:02:44.148 23454 23517 I art     : Starting a blocking GC Explicit
08-04 22:02:44.182 23454 23517 I art     : Explicit concurrent mark sweep GC freed 1395(82KB) AllocSpace objects, 1(20KB) LOS objects, 38% free, 25MB/41MB, paused 255us total 33.994ms
08-04 22:02:44.196 23454 23517 I art     : Starting a blocking GC Explicit
08-04 22:02:44.227 23454 23517 I art     : Explicit concurrent mark sweep GC freed 3854(310KB) AllocSpace objects, 5(140KB) LOS objects, 39% free, 24MB/40MB, paused 229us total 30.312ms
08-04 22:02:44.240 23454 23517 I art     : Starting a blocking GC Explicit
08-04 22:02:44.271 23454 23517 I art     : Explicit concurrent mark sweep GC freed 3(96B) AllocSpace objects, 0(0B) LOS objects, 39% free, 24MB/40MB, paused 233us total 31.332ms
08-04 22:02:44.285 23454 23517 I art     : Starting a blocking GC Explicit
08-04 22:02:44.316 23454 23517 I art     : Explicit concurrent mark sweep GC freed 3(96B) AllocSpace objects, 0(0B) LOS objects, 39% free, 24MB/40MB, paused 239us total 30.595ms
08-04 22:02:44.329 23454 23517 I art     : Starting a blocking GC Explicit
08-04 22:02:44.360 23454 23517 I art     : Explicit concurrent mark sweep GC freed 3(96B) AllocSpace objects, 0(0B) LOS objects, 39% free, 24MB/40MB, paused 234us total 31.064ms
08-04 22:02:44.641 23454 23466 I art     : Starting a blocking GC Explicit
08-04 22:02:44.683 23454 23466 I art     : Explicit concurrent mark sweep GC freed 1343(80KB) AllocSpace objects, 1(20KB) LOS objects, 39% free, 24MB/40MB, paused 345us total 42.008ms
08-04 22:02:44.701 23454 23466 I art     : Starting a blocking GC Explicit
08-04 22:02:44.733 23454 23466 I art     : Explicit concurrent mark sweep GC freed 20(704B) AllocSpace objects, 0(0B) LOS objects, 39% free, 24MB/40MB, paused 245us total 31.729ms
08-04 22:02:44.747 23454 23466 I art     : Starting a blocking GC Explicit
08-04 22:02:44.777 23454 23466 I art     : Explicit concurrent mark sweep GC freed 3(96B) AllocSpace objects, 0(0B) LOS objects, 39% free, 24MB/40MB, paused 267us total 30.318ms
08-04 22:02:44.791 23454 23466 I art     : Starting a blocking GC Explicit
08-04 22:02:44.822 23454 23466 I art     : Explicit concurrent mark sweep GC freed 3(96B) AllocSpace objects, 0(0B) LOS objects, 39% free, 24MB/40MB, paused 238us total 31.119ms
08-04 22:02:44.836 23454 23466 I art     : Starting a blocking GC Explicit
08-04 22:02:44.867 23454 23466 I art     : Explicit concurrent mark sweep GC freed 3(96B) AllocSpace objects, 0(0B) LOS objects, 39% free, 24MB/40MB, paused 258us total 31.195ms
08-04 22:02:45.129 23454 23973 I art     : Starting a blocking GC Explicit
08-04 22:02:45.161 23454 23973 I art     : Explicit concurrent mark sweep GC freed 1343(80KB) AllocSpace objects, 1(20KB) LOS objects, 39% free, 24MB/40MB, paused 246us total 31.652ms
08-04 22:02:45.175 23454 23973 I art     : Starting a blocking GC Explicit
08-04 22:02:45.204 23454 23973 I art     : Explicit concurrent mark sweep GC freed 20(704B) AllocSpace objects, 0(0B) LOS objects, 39% free, 24MB/40MB, paused 240us total 28.715ms
08-04 22:02:45.217 23454 23973 I art     : Starting a blocking GC Explicit
08-04 22:02:45.247 23454 23973 I art     : Explicit concurrent mark sweep GC freed 3(96B) AllocSpace objects, 0(0B) LOS objects, 39% free, 24MB/40MB, paused 265us total 30.126ms
08-04 22:02:45.261 23454 23973 I art     : Starting a blocking GC Explicit
08-04 22:02:45.290 23454 23973 I art     : Explicit concurrent mark sweep GC freed 3(96B) AllocSpace objects, 0(0B) LOS objects, 39% free, 24MB/40MB, paused 274us total 29.308ms
08-04 22:02:45.303 23454 23973 I art     : Starting a blocking GC Explicit
08-04 22:02:45.313 24735 24735 D AndroidRuntime: >>>>>> START com.android.internal.os.RuntimeInit uid 2000 <<<<<<
08-04 22:02:45.317 24735 24735 D AndroidRuntime: CheckJNI is OFF
08-04 22:02:45.333 23454 23973 I art     : Explicit concurrent mark sweep GC freed 3(96B) AllocSpace objects, 0(0B) LOS objects, 39% free, 24MB/40MB, paused 239us total 29.437ms
08-04 22:02:45.354 24735 24735 D ICU     : No timezone override file found: /data/misc/zoneinfo/current/icu/icu_tzdata.dat
08-04 22:02:45.388 24735 24735 I Radio-JNI: register_android_hardware_Radio DONE
08-04 22:02:45.410 24735 24735 D AndroidRuntime: Calling main entry com.android.commands.input.Input
08-04 22:02:45.412 24735 24735 I Input   : injectMotionEvent: MotionEvent { action=ACTION_DOWN, actionButton=0, id[0]=0, x[0]=600.0, y[0]=700.0, toolType[0]=TOOL_TYPE_UNKNOWN, buttonState=0, metaState=0, flags=0x0, edgeFlags=0x0, pointerCount=1, historySize=0, eventTime=741781824, downTime=741781824, deviceId=0, source=0x1002 }
08-04 22:02:45.418 24735 24735 I Input   : injectMotionEvent: MotionEvent { action=ACTION_UP, actionButton=0, id[0]=0, x[0]=600.0, y[0]=700.0, toolType[0]=TOOL_TYPE_UNKNOWN, buttonState=0, metaState=0, flags=0x0, edgeFlags=0x0, pointerCount=1, historySize=0, eventTime=741781824, downTime=741781824, deviceId=0, source=0x1002 }
08-04 22:02:45.419 24735 24735 D AndroidRuntime: Shutting down VM
08-04 22:02:45.432   512  2967 D audio_hw_primary: out_set_parameters: enter: usecase(1: low-latency-playback) kvpairs: routing=2
08-04 22:02:45.432   918   928 I ActivityManager: START u0 {dat=https://oauth.reddit.com/... cmp=baseline.org.quantumbadger.redreader/.activities.CommentListingActivity} from uid 10666 on display 0
08-04 22:02:45.446   512  2967 D audio_hw_primary: select_devices: out_snd_device(2: speaker) in_snd_device(0: none)
08-04 22:02:45.446   512  2967 D msm8974_platform: platform_send_audio_calibration: sending audio calibration for snd_device(2) acdb_id(15)
08-04 22:02:45.446   512  2967 I soundtrigger: audio_extn_sound_trigger_update_device_status: device 0x2 of type 0 for Event 1
08-04 22:02:45.459   512  2967 D audio_hw_primary: enable_snd_device: snd_device(2: speaker)
08-04 22:02:45.462   512  2967 D audio_hw_primary: enable_audio_route: apply and update mixer path: low-latency-playback speaker
08-04 22:02:45.463 23454 23454 I AppCompatViewInflater: app:theme is now deprecated. Please move to using android:theme instead.
08-04 22:02:45.482 23454 24028 I CommentListingActivity: COMMENTS session changed to e2440090-b15b-4860-a14e-ceb0150ba230
08-04 22:02:45.563   918   936 I ActivityManager: Displayed baseline.org.quantumbadger.redreader/.activities.CommentListingActivity: +122ms
08-04 22:02:45.586 13866 13866 I GoogleInputMethodServic: GoogleInputMethodService.onFinishInput():3138 
08-04 22:02:45.586 23454 23973 I art     : Starting a blocking GC Explicit
08-04 22:02:45.587 13866 13866 I GoogleInputMethodServic: GoogleInputMethodService.onStartInput():1808 
08-04 22:02:45.647 23454 23973 I art     : Explicit concurrent mark sweep GC freed 31613(2MB) AllocSpace objects, 3(56KB) LOS objects, 35% free, 28MB/44MB, paused 826us total 60.467ms
08-04 22:02:45.663 23454 23973 I art     : Starting a blocking GC Explicit
08-04 22:02:45.707 23454 23973 I art     : Explicit concurrent mark sweep GC freed 12810(866KB) AllocSpace objects, 1(16KB) LOS objects, 35% free, 28MB/44MB, paused 484us total 43.456ms
08-04 22:02:45.722 23454 23973 I art     : Starting a blocking GC Explicit
08-04 22:02:45.760 23454 23973 I art     : Explicit concurrent mark sweep GC freed 21262(996KB) AllocSpace objects, 0(0B) LOS objects, 36% free, 27MB/43MB, paused 226us total 38.071ms
08-04 22:02:45.774 23454 23973 I art     : Starting a blocking GC Explicit
08-04 22:02:45.810   380   380 W SurfaceFlinger: couldn't log to binary event log: overflow.
08-04 22:02:45.812 23454 23973 I art     : Explicit concurrent mark sweep GC freed 11(544B) AllocSpace objects, 0(0B) LOS objects, 36% free, 27MB/43MB, paused 280us total 36.971ms
08-04 22:02:45.826 23454 23973 I art     : Starting a blocking GC Explicit
08-04 22:02:45.861 23454 23973 I art     : Explicit concurrent mark sweep GC freed 3(96B) AllocSpace objects, 0(0B) LOS objects, 36% free, 27MB/43MB, paused 206us total 35.329ms
08-04 22:02:45.999   512  2967 D audio_hw_primary: disable_audio_route: reset and update mixer path: low-latency-playback speaker
08-04 22:02:46.001   512  2967 D audio_hw_primary: disable_snd_device: snd_device(2: speaker)
08-04 22:02:46.009   512  2967 I soundtrigger: audio_extn_sound_trigger_update_device_status: device 0x2 of type 0 for Event 0
08-04 22:02:46.139 23454 23466 I art     : Starting a blocking GC Explicit
08-04 22:02:46.181 23454 23466 I art     : Explicit concurrent mark sweep GC freed 1436(83KB) AllocSpace objects, 1(20KB) LOS objects, 36% free, 27MB/43MB, paused 216us total 41.894ms
08-04 22:02:46.196 23454 23466 I art     : Starting a blocking GC Explicit
08-04 22:02:46.237 23454 23466 I art     : Explicit concurrent mark sweep GC freed 24(832B) AllocSpace objects, 0(0B) LOS objects, 36% free, 27MB/43MB, paused 240us total 40.904ms
08-04 22:02:46.253 23454 23466 I art     : Starting a blocking GC Explicit
08-04 22:02:46.296 23454 23466 I art     : Explicit concurrent mark sweep GC freed 3(96B) AllocSpace objects, 0(0B) LOS objects, 36% free, 27MB/43MB, paused 219us total 42.540ms
08-04 22:02:46.311 23454 23466 I art     : Starting a blocking GC Explicit
08-04 22:02:46.353 23454 23466 I art     : Explicit concurrent mark sweep GC freed 3(96B) AllocSpace objects, 0(0B) LOS objects, 36% free, 27MB/43MB, paused 223us total 41.745ms
08-04 22:02:46.369 23454 23466 I art     : Starting a blocking GC Explicit
08-04 22:02:46.411 23454 23466 I art     : Explicit concurrent mark sweep GC freed 3(96B) AllocSpace objects, 0(0B) LOS objects, 36% free, 27MB/43MB, paused 230us total 41.865ms
08-04 22:02:46.696 23454 23466 I art     : Starting a blocking GC Explicit
08-04 22:02:46.752 23454 23466 I art     : Explicit concurrent mark sweep GC freed 1343(80KB) AllocSpace objects, 1(20KB) LOS objects, 36% free, 27MB/43MB, paused 276us total 55.690ms
08-04 22:02:46.772 23454 23466 I art     : Starting a blocking GC Explicit
08-04 22:02:46.818 23454 23466 I art     : Explicit concurrent mark sweep GC freed 66(2528B) AllocSpace objects, 0(0B) LOS objects, 36% free, 27MB/43MB, paused 243us total 45.019ms
08-04 22:02:46.833 23454 23466 I art     : Starting a blocking GC Explicit
08-04 22:02:46.877 23454 23466 I art     : Explicit concurrent mark sweep GC freed 3(96B) AllocSpace objects, 0(0B) LOS objects, 36% free, 27MB/43MB, paused 237us total 43.781ms
08-04 22:02:46.892 23454 23466 I art     : Starting a blocking GC Explicit
08-04 22:02:46.935 23454 23466 I art     : Explicit concurrent mark sweep GC freed 3(96B) AllocSpace objects, 0(0B) LOS objects, 36% free, 27MB/43MB, paused 232us total 42.300ms
08-04 22:02:46.950 23454 23466 I art     : Starting a blocking GC Explicit
08-04 22:02:46.993 23454 23466 I art     : Explicit concurrent mark sweep GC freed 3(96B) AllocSpace objects, 0(0B) LOS objects, 36% free, 27MB/43MB, paused 222us total 43.275ms
08-04 22:02:47.294 23454 23517 I art     : Starting a blocking GC Explicit
08-04 22:02:47.359 23454 23517 I art     : Explicit concurrent mark sweep GC freed 1343(80KB) AllocSpace objects, 1(20KB) LOS objects, 36% free, 27MB/43MB, paused 273us total 64.213ms
08-04 22:02:47.377 23454 23517 I art     : Starting a blocking GC Explicit
08-04 22:02:47.422 23454 23517 I art     : Explicit concurrent mark sweep GC freed 20(704B) AllocSpace objects, 0(0B) LOS objects, 36% free, 27MB/43MB, paused 245us total 44.922ms
08-04 22:02:47.438 23454 23517 I art     : Starting a blocking GC Explicit
08-04 22:02:47.482 23454 23517 I art     : Explicit concurrent mark sweep GC freed 3(96B) AllocSpace objects, 0(0B) LOS objects, 36% free, 27MB/43MB, paused 226us total 44.333ms
08-04 22:02:47.498 23454 23517 I art     : Starting a blocking GC Explicit
08-04 22:02:47.541 23454 23517 I art     : Explicit concurrent mark sweep GC freed 3(96B) AllocSpace objects, 0(0B) LOS objects, 36% free, 27MB/43MB, paused 227us total 42.598ms
08-04 22:02:47.556 23454 23517 I art     : Starting a blocking GC Explicit
08-04 22:02:47.601 23454 23517 I art     : Explicit concurrent mark sweep GC freed 3(96B) AllocSpace objects, 0(0B) LOS objects, 36% free, 27MB/43MB, paused 233us total 44.415ms
08-04 22:02:47.938 23454 23973 I art     : Starting a blocking GC Explicit
08-04 22:02:47.996 23454 23973 I art     : Explicit concurrent mark sweep GC freed 1343(80KB) AllocSpace objects, 1(20KB) LOS objects, 36% free, 27MB/43MB, paused 273us total 57.889ms
08-04 22:02:48.019 23454 23973 I art     : Starting a blocking GC Explicit
08-04 22:02:48.062 23454 23973 I art     : Explicit concurrent mark sweep GC freed 20(704B) AllocSpace objects, 0(0B) LOS objects, 36% free, 27MB/43MB, paused 244us total 42.680ms
08-04 22:02:48.077 23454 23973 I art     : Starting a blocking GC Explicit
08-04 22:02:48.122 23454 23973 I art     : Explicit concurrent mark sweep GC freed 3(96B) AllocSpace objects, 0(0B) LOS objects, 36% free, 27MB/43MB, paused 252us total 44.836ms
08-04 22:02:48.138 23454 23973 I art     : Starting a blocking GC Explicit
08-04 22:02:48.183 23454 23973 I art     : Explicit concurrent mark sweep GC freed 3(96B) AllocSpace objects, 0(0B) LOS objects, 36% free, 27MB/43MB, paused 245us total 44.852ms
08-04 22:02:48.198 23454 23973 I art     : Starting a blocking GC Explicit
08-04 22:02:48.242 23454 23973 I art     : Explicit concurrent mark sweep GC freed 3(96B) AllocSpace objects, 0(0B) LOS objects, 36% free, 27MB/43MB, paused 238us total 43.173ms
08-04 22:02:48.565 23454 23467 I art     : Starting a blocking GC Explicit
08-04 22:02:48.621 23454 23467 I art     : Explicit concurrent mark sweep GC freed 1343(80KB) AllocSpace objects, 1(20KB) LOS objects, 36% free, 27MB/43MB, paused 274us total 55.735ms
08-04 22:02:48.638 23454 23467 I art     : Starting a blocking GC Explicit
08-04 22:02:48.683 23454 23467 I art     : Explicit concurrent mark sweep GC freed 20(704B) AllocSpace objects, 0(0B) LOS objects, 36% free, 27MB/43MB, paused 253us total 44.597ms
08-04 22:02:48.698 13866 13882 I PeriodicStatsRunner: PeriodicStatsRunner.call():175 call()
08-04 22:02:48.698 13866 13882 I PeriodicStatsRunner: PeriodicStatsRunner.call():179 No submit PeriodicStats since input started.
08-04 22:02:48.699 23454 23467 I art     : Starting a blocking GC Explicit
08-04 22:02:48.744 23454 23467 I art     : Explicit concurrent mark sweep GC freed 3(96B) AllocSpace objects, 0(0B) LOS objects, 36% free, 27MB/43MB, paused 248us total 45.331ms
08-04 22:02:48.760 23454 23467 I art     : Starting a blocking GC Explicit
08-04 22:02:48.805 23454 23467 I art     : Explicit concurrent mark sweep GC freed 3(96B) AllocSpace objects, 0(0B) LOS objects, 36% free, 27MB/43MB, paused 270us total 44.851ms
08-04 22:02:48.821 23454 23467 I art     : Starting a blocking GC Explicit
08-04 22:02:48.866 23454 23467 I art     : Explicit concurrent mark sweep GC freed 3(96B) AllocSpace objects, 0(0B) LOS objects, 36% free, 27MB/43MB, paused 249us total 45.060ms
08-04 22:02:49.181 23454 23466 I art     : Starting a blocking GC Explicit
08-04 22:02:49.243 23454 23466 I art     : Explicit concurrent mark sweep GC freed 1343(80KB) AllocSpace objects, 1(20KB) LOS objects, 36% free, 27MB/43MB, paused 269us total 61.236ms
08-04 22:02:49.264 23454 23466 I art     : Starting a blocking GC Explicit
08-04 22:02:49.306 23454 23466 I art     : Explicit concurrent mark sweep GC freed 20(704B) AllocSpace objects, 0(0B) LOS objects, 36% free, 27MB/43MB, paused 226us total 41.484ms
08-04 22:02:49.321 23454 23466 I art     : Starting a blocking GC Explicit
08-04 22:02:49.367 23454 23466 I art     : Explicit concurrent mark sweep GC freed 3(96B) AllocSpace objects, 0(0B) LOS objects, 36% free, 27MB/43MB, paused 298us total 45.095ms
08-04 22:02:49.382 23454 23466 I art     : Starting a blocking GC Explicit
08-04 22:02:49.426 23454 23466 I art     : Explicit concurrent mark sweep GC freed 3(96B) AllocSpace objects, 0(0B) LOS objects, 36% free, 27MB/43MB, paused 240us total 43.755ms
08-04 22:02:49.441 23454 23466 I art     : Starting a blocking GC Explicit
08-04 22:02:49.485 23454 23466 I art     : Explicit concurrent mark sweep GC freed 3(96B) AllocSpace objects, 0(0B) LOS objects, 36% free, 27MB/43MB, paused 235us total 43.501ms
08-04 22:02:49.771 23454 23517 I art     : Starting a blocking GC Explicit
08-04 22:02:49.815 23454 23517 I art     : Explicit concurrent mark sweep GC freed 1345(80KB) AllocSpace objects, 1(20KB) LOS objects, 36% free, 27MB/43MB, paused 242us total 44.568ms
08-04 22:02:49.831 23454 23517 I art     : Starting a blocking GC Explicit
08-04 22:02:49.874 23454 23517 I art     : Explicit concurrent mark sweep GC freed 20(704B) AllocSpace objects, 0(0B) LOS objects, 36% free, 27MB/43MB, paused 241us total 42.560ms
08-04 22:02:49.889 23454 23517 I art     : Starting a blocking GC Explicit
08-04 22:02:49.930 23454 23517 I art     : Explicit concurrent mark sweep GC freed 3(96B) AllocSpace objects, 0(0B) LOS objects, 36% free, 27MB/43MB, paused 245us total 41.510ms
08-04 22:02:49.945 23454 23517 I art     : Starting a blocking GC Explicit
08-04 22:02:49.987 23454 23517 I art     : Explicit concurrent mark sweep GC freed 3(96B) AllocSpace objects, 0(0B) LOS objects, 36% free, 27MB/43MB, paused 240us total 42.054ms
08-04 22:02:50.002 23454 23517 I art     : Starting a blocking GC Explicit
08-04 22:02:50.047 23454 23517 I art     : Explicit concurrent mark sweep GC freed 3(96B) AllocSpace objects, 0(0B) LOS objects, 36% free, 27MB/43MB, paused 235us total 44.833ms
08-04 22:02:50.100 24841 24841 D AndroidRuntime: >>>>>> START com.android.internal.os.RuntimeInit uid 2000 <<<<<<
08-04 22:02:50.105 24841 24841 D AndroidRuntime: CheckJNI is OFF
08-04 22:02:50.140 24841 24841 D ICU     : No timezone override file found: /data/misc/zoneinfo/current/icu/icu_tzdata.dat
08-04 22:02:50.173 24841 24841 I Radio-JNI: register_android_hardware_Radio DONE
08-04 22:02:50.195 24841 24841 D AndroidRuntime: Calling main entry com.android.commands.input.Input
08-04 22:02:50.197 24841 24841 I Input   : injectKeyEvent: KeyEvent { action=ACTION_DOWN, keyCode=KEYCODE_BACK, scanCode=0, metaState=0, flags=0x0, repeatCount=0, eventTime=741786610, downTime=741786610, deviceId=-1, source=0x101 }
08-04 22:02:50.204 24841 24841 I Input   : injectKeyEvent: KeyEvent { action=ACTION_UP, keyCode=KEYCODE_BACK, scanCode=0, metaState=0, flags=0x0, repeatCount=0, eventTime=741786610, downTime=741786610, deviceId=-1, source=0x101 }
08-04 22:02:50.210 24841 24841 D AndroidRuntime: Shutting down VM
08-04 22:02:50.229   918   937 W ProcessCpuTracker: Skipping unknown process pid 24856
08-04 22:02:50.258 13866 13866 I GoogleInputMethodServic: GoogleInputMethodService.onFinishInput():3138 
08-04 22:02:50.259 13866 13866 I GoogleInputMethodServic: GoogleInputMethodService.onStartInput():1808 
08-04 22:02:50.314 23454 23973 I art     : Starting a blocking GC Explicit
08-04 22:02:50.351 23454 23973 I art     : Explicit concurrent mark sweep GC freed 1588(88KB) AllocSpace objects, 1(20KB) LOS objects, 36% free, 27MB/43MB, paused 207us total 36.437ms
08-04 22:02:50.366 23454 23973 I art     : Starting a blocking GC Explicit
08-04 22:02:50.411 23454 23973 I art     : Explicit concurrent mark sweep GC freed 24(864B) AllocSpace objects, 0(0B) LOS objects, 36% free, 27MB/43MB, paused 239us total 45.364ms
08-04 22:02:50.431 23454 23973 I art     : Starting a blocking GC Explicit
08-04 22:02:50.442 23454 24766 I RedditChangeDataIO: Writing tmp data file at '/data/user/0/baseline.org.quantumbadger.redreader/files/rr_change_data_tmp.dat'
08-04 22:02:50.442 23454 24766 I RedditChangeDataManager: Taking snapshot...
08-04 22:02:50.443 23454 24766 I RedditChangeDataManager: Writing to stream...
08-04 22:02:50.443 23454 24766 I RedditChangeDataManager: Wrote 3 entries for user ''
08-04 22:02:50.443 23454 24766 I RedditChangeDataManager: All entries written to stream.
08-04 22:02:50.443 23454 24766 I RedditChangeDataIO: Write successful. Atomically replacing data file...
08-04 22:02:50.443 23454 24766 I RedditChangeDataIO: Write complete.
08-04 22:02:50.443 23454 24766 I RedditChangeDataIO: 86 bytes written in 1 ms
08-04 22:02:50.474 23454 23973 I art     : Explicit concurrent mark sweep GC freed 75(4KB) AllocSpace objects, 1(68KB) LOS objects, 36% free, 27MB/43MB, paused 209us total 42.342ms
08-04 22:02:50.489 23454 23973 I art     : Starting a blocking GC Explicit
08-04 22:02:50.530 23454 23973 I art     : Explicit concurrent mark sweep GC freed 12(560B) AllocSpace objects, 0(0B) LOS objects, 36% free, 27MB/43MB, paused 225us total 40.335ms
08-04 22:02:50.546 23454 23973 I art     : Starting a blocking GC Explicit
08-04 22:02:50.565   380   380 W SurfaceFlinger: couldn't log to binary event log: overflow.
08-04 22:02:50.584 23454 23973 I art     : Explicit concurrent mark sweep GC freed 52(1952B) AllocSpace objects, 0(0B) LOS objects, 36% free, 27MB/43MB, paused 230us total 38.065ms
08-04 22:02:50.587 13866 13882 I PeriodicStatsRunner: PeriodicStatsRunner.call():175 call()
08-04 22:02:50.588 13866 13882 I PeriodicStatsRunner: PeriodicStatsRunner.call():179 No submit PeriodicStats since input started.
08-04 22:02:50.861 23454 23466 I art     : Starting a blocking GC Explicit
08-04 22:02:50.922 23454 23466 I art     : Explicit concurrent mark sweep GC freed 1350(80KB) AllocSpace objects, 1(20KB) LOS objects, 36% free, 27MB/43MB, paused 284us total 60.932ms
08-04 22:02:50.942 23454 23466 I art     : Starting a blocking GC Explicit
08-04 22:02:50.978 23454 23466 I art     : Explicit concurrent mark sweep GC freed 46775(2MB) AllocSpace objects, 5(140KB) LOS objects, 39% free, 24MB/40MB, paused 238us total 35.829ms
08-04 22:02:50.992 23454 23466 I art     : Starting a blocking GC Explicit
08-04 22:02:51.024 23454 23466 I art     : Explicit concurrent mark sweep GC freed 3(96B) AllocSpace objects, 0(0B) LOS objects, 39% free, 24MB/40MB, paused 249us total 31.649ms
08-04 22:02:51.037 23454 23466 I art     : Starting a blocking GC Explicit
08-04 22:02:51.068 23454 23466 I art     : Explicit concurrent mark sweep GC freed 3(96B) AllocSpace objects, 0(0B) LOS objects, 39% free, 24MB/40MB, paused 245us total 30.719ms
08-04 22:02:51.082 23454 23466 I art     : Starting a blocking GC Explicit
08-04 22:02:51.114 23454 23466 I art     : Explicit concurrent mark sweep GC freed 3(96B) AllocSpace objects, 0(0B) LOS objects, 39% free, 24MB/40MB, paused 239us total 31.695ms
08-04 22:02:51.409 23454 23517 I art     : Starting a blocking GC Explicit
08-04 22:02:51.449 23454 23517 I art     : Explicit concurrent mark sweep GC freed 1343(80KB) AllocSpace objects, 1(20KB) LOS objects, 39% free, 24MB/40MB, paused 290us total 39.785ms
08-04 22:02:51.463 23454 23517 I art     : Starting a blocking GC Explicit
08-04 22:02:51.492 23454 23517 I art     : Explicit concurrent mark sweep GC freed 20(704B) AllocSpace objects, 0(0B) LOS objects, 39% free, 24MB/40MB, paused 232us total 29.553ms
08-04 22:02:51.505 23454 23517 I art     : Starting a blocking GC Explicit
08-04 22:02:51.534 23454 23517 I art     : Explicit concurrent mark sweep GC freed 3(96B) AllocSpace objects, 0(0B) LOS objects, 39% free, 24MB/40MB, paused 231us total 28.926ms
08-04 22:02:51.547 23454 23517 I art     : Starting a blocking GC Explicit
08-04 22:02:51.577 23454 23517 I art     : Explicit concurrent mark sweep GC freed 3(96B) AllocSpace objects, 0(0B) LOS objects, 39% free, 24MB/40MB, paused 354us total 29.421ms
08-04 22:02:51.590 23454 23517 I art     : Starting a blocking GC Explicit
08-04 22:02:51.619 23454 23517 I art     : Explicit concurrent mark sweep GC freed 3(96B) AllocSpace objects, 0(0B) LOS objects, 39% free, 24MB/40MB, paused 259us total 29.291ms
08-04 22:02:51.859 24892 24892 D AndroidRuntime: >>>>>> START com.android.internal.os.RuntimeInit uid 2000 <<<<<<
08-04 22:02:51.864 24892 24892 D AndroidRuntime: CheckJNI is OFF
08-04 22:02:51.888 23454 23467 I art     : Starting a blocking GC Explicit
08-04 22:02:51.901 24892 24892 D ICU     : No timezone override file found: /data/misc/zoneinfo/current/icu/icu_tzdata.dat
08-04 22:02:51.920 23454 23467 I art     : Explicit concurrent mark sweep GC freed 1343(80KB) AllocSpace objects, 1(20KB) LOS objects, 39% free, 24MB/40MB, paused 286us total 30.977ms
08-04 22:02:51.933 23454 23467 I art     : Starting a blocking GC Explicit
08-04 22:02:51.937 24892 24892 I Radio-JNI: register_android_hardware_Radio DONE
08-04 22:02:51.958 24892 24892 D AndroidRuntime: Calling main entry com.android.commands.input.Input
08-04 22:02:51.960 24892 24892 I Input   : injectKeyEvent: KeyEvent { action=ACTION_DOWN, keyCode=KEYCODE_BACK, scanCode=0, metaState=0, flags=0x0, repeatCount=0, eventTime=741788373, downTime=741788373, deviceId=-1, source=0x101 }
08-04 22:02:51.962 23454 23467 I art     : Explicit concurrent mark sweep GC freed 20(704B) AllocSpace objects, 0(0B) LOS objects, 39% free, 24MB/40MB, paused 231us total 28.392ms
08-04 22:02:51.964 24892 24892 I Input   : injectKeyEvent: KeyEvent { action=ACTION_UP, keyCode=KEYCODE_BACK, scanCode=0, metaState=0, flags=0x0, repeatCount=0, eventTime=741788373, downTime=741788373, deviceId=-1, source=0x101 }
08-04 22:02:51.970 24892 24892 D AndroidRuntime: Shutting down VM
08-04 22:02:51.975 23454 23467 I art     : Starting a blocking GC Explicit
08-04 22:02:52.004 23454 23467 I art     : Explicit concurrent mark sweep GC freed 115(3KB) AllocSpace objects, 0(0B) LOS objects, 39% free, 24MB/40MB, paused 234us total 28.704ms
08-04 22:02:52.010 13866 13866 I GoogleInputMethodServic: GoogleInputMethodService.onFinishInput():3138 
08-04 22:02:52.011 13866 13866 I GoogleInputMethodServic: GoogleInputMethodService.onStartInput():1808 
08-04 22:02:52.017 23454 23467 I art     : Starting a blocking GC Explicit
08-04 22:02:52.046 23454 23467 I art     : Explicit concurrent mark sweep GC freed 52(1840B) AllocSpace objects, 0(0B) LOS objects, 39% free, 24MB/40MB, paused 241us total 28.390ms
08-04 22:02:52.059 23454 23467 I art     : Starting a blocking GC Explicit
08-04 22:02:52.085 23454 23467 I art     : Explicit concurrent mark sweep GC freed 25(848B) AllocSpace objects, 0(0B) LOS objects, 39% free, 24MB/40MB, paused 205us total 25.513ms
08-04 22:02:52.335 23454 23517 I art     : Starting a blocking GC Explicit
08-04 22:02:52.365 23454 23517 I art     : Explicit concurrent mark sweep GC freed 1404(82KB) AllocSpace objects, 1(20KB) LOS objects, 39% free, 24MB/40MB, paused 247us total 29.865ms
08-04 22:02:52.377 23454 23517 I art     : Starting a blocking GC Explicit
08-04 22:02:52.406 23454 23517 I art     : Explicit concurrent mark sweep GC freed 150(7KB) AllocSpace objects, 0(0B) LOS objects, 39% free, 24MB/40MB, paused 255us total 28.909ms
08-04 22:02:52.420 23454 23517 I art     : Starting a blocking GC Explicit
08-04 22:02:52.451 23454 23517 I art     : Explicit concurrent mark sweep GC freed 3(96B) AllocSpace objects, 0(0B) LOS objects, 39% free, 24MB/40MB, paused 269us total 30.922ms
08-04 22:02:52.465 23454 23517 I art     : Starting a blocking GC Explicit
08-04 22:02:52.496 23454 23517 I art     : Explicit concurrent mark sweep GC freed 3(96B) AllocSpace objects, 0(0B) LOS objects, 39% free, 24MB/40MB, paused 257us total 31.704ms
08-04 22:02:52.510 23454 23517 I art     : Starting a blocking GC Explicit
08-04 22:02:52.542 23454 23517 I art     : Explicit concurrent mark sweep GC freed 3(96B) AllocSpace objects, 0(0B) LOS objects, 39% free, 24MB/40MB, paused 256us total 31.967ms
08-04 22:02:52.835 23454 23973 I art     : Starting a blocking GC Explicit
08-04 22:02:52.878 23454 23973 I art     : Explicit concurrent mark sweep GC freed 1343(80KB) AllocSpace objects, 1(20KB) LOS objects, 39% free, 24MB/40MB, paused 299us total 42.281ms
08-04 22:02:52.895 23454 23973 I art     : Starting a blocking GC Explicit
08-04 22:02:52.927 23454 23973 I art     : Explicit concurrent mark sweep GC freed 20(704B) AllocSpace objects, 0(0B) LOS objects, 39% free, 24MB/40MB, paused 271us total 31.822ms
08-04 22:02:52.940 23454 23973 I art     : Starting a blocking GC Explicit
08-04 22:02:52.972 23454 23973 I art     : Explicit concurrent mark sweep GC freed 3(96B) AllocSpace objects, 0(0B) LOS objects, 39% free, 24MB/40MB, paused 250us total 31.396ms
08-04 22:02:52.985 23454 23973 I art     : Starting a blocking GC Explicit
08-04 22:02:53.018 23454 23973 I art     : Explicit concurrent mark sweep GC freed 3(96B) AllocSpace objects, 0(0B) LOS objects, 39% free, 24MB/40MB, paused 273us total 32.163ms
08-04 22:02:53.031 23454 23973 I art     : Starting a blocking GC Explicit
08-04 22:02:53.066 23454 23973 I art     : Explicit concurrent mark sweep GC freed 3(96B) AllocSpace objects, 0(0B) LOS objects, 39% free, 24MB/40MB, paused 259us total 34.021ms
08-04 22:02:53.334 23454 23466 I art     : Starting a blocking GC Explicit
08-04 22:02:53.366 23454 23466 I art     : Explicit concurrent mark sweep GC freed 1343(80KB) AllocSpace objects, 1(20KB) LOS objects, 39% free, 24MB/40MB, paused 265us total 31.127ms
08-04 22:02:53.379 23454 23466 I art     : Starting a blocking GC Explicit
08-04 22:02:53.410 23454 23466 I art     : Explicit concurrent mark sweep GC freed 20(704B) AllocSpace objects, 0(0B) LOS objects, 39% free, 24MB/40MB, paused 262us total 30.476ms
08-04 22:02:53.423 23454 23466 I art     : Starting a blocking GC Explicit
08-04 22:02:53.453 23454 23466 I art     : Explicit concurrent mark sweep GC freed 3(96B) AllocSpace objects, 0(0B) LOS objects, 39% free, 24MB/40MB, paused 254us total 30.040ms
08-04 22:02:53.466 23454 23466 I art     : Starting a blocking GC Explicit
08-04 22:02:53.496 23454 23466 I art     : Explicit concurrent mark sweep GC freed 3(96B) AllocSpace objects, 0(0B) LOS objects, 39% free, 24MB/40MB, paused 249us total 29.336ms
08-04 22:02:53.509 23454 23466 I art     : Starting a blocking GC Explicit
08-04 22:02:53.539 23454 23466 I art     : Explicit concurrent mark sweep GC freed 3(96B) AllocSpace objects, 0(0B) LOS objects, 39% free, 24MB/40MB, paused 251us total 29.847ms
08-04 22:02:53.645 24935 24935 D AndroidRuntime: >>>>>> START com.android.internal.os.RuntimeInit uid 2000 <<<<<<
08-04 22:02:53.651 24935 24935 D AndroidRuntime: CheckJNI is OFF
08-04 22:02:53.685 24935 24935 D ICU     : No timezone override file found: /data/misc/zoneinfo/current/icu/icu_tzdata.dat
08-04 22:02:53.717 24935 24935 I Radio-JNI: register_android_hardware_Radio DONE
08-04 22:02:53.738 24935 24935 D AndroidRuntime: Calling main entry com.android.commands.input.Input
08-04 22:02:53.739 24935 24935 I Input   : injectMotionEvent: MotionEvent { action=ACTION_DOWN, actionButton=0, id[0]=0, x[0]=600.0, y[0]=1536.0, toolType[0]=TOOL_TYPE_UNKNOWN, buttonState=0, metaState=0, flags=0x0, edgeFlags=0x0, pointerCount=1, historySize=0, eventTime=741790152, downTime=741790152, deviceId=0, source=0x1002 }
08-04 22:02:53.744 24935 24935 I Input   : injectMotionEvent: MotionEvent { action=ACTION_UP, actionButton=0, id[0]=0, x[0]=600.0, y[0]=1536.0, toolType[0]=TOOL_TYPE_UNKNOWN, buttonState=0, metaState=0, flags=0x0, edgeFlags=0x0, pointerCount=1, historySize=0, eventTime=741790152, downTime=741790152, deviceId=0, source=0x1002 }
08-04 22:02:53.745 24935 24935 D AndroidRuntime: Shutting down VM
08-04 22:02:53.754   918  3359 I ActivityManager: START u0 {dat=https://oauth.reddit.com/... cmp=baseline.org.quantumbadger.redreader/.activities.PostListingActivity} from uid 10666 on display 0
08-04 22:02:53.755   512  2967 D audio_hw_primary: out_set_parameters: enter: usecase(1: low-latency-playback) kvpairs: routing=2
08-04 22:02:53.767   512  2967 D audio_hw_primary: select_devices: out_snd_device(2: speaker) in_snd_device(0: none)
08-04 22:02:53.767   512  2967 D msm8974_platform: platform_send_audio_calibration: sending audio calibration for snd_device(2) acdb_id(15)
08-04 22:02:53.768   512  2967 I soundtrigger: audio_extn_sound_trigger_update_device_status: device 0x2 of type 0 for Event 1
08-04 22:02:53.777 23454 23454 I AppCompatViewInflater: app:theme is now deprecated. Please move to using android:theme instead.
08-04 22:02:53.779   512  2967 D audio_hw_primary: enable_snd_device: snd_device(2: speaker)
08-04 22:02:53.781   512  2967 D audio_hw_primary: enable_audio_route: apply and update mixer path: low-latency-playback speaker
08-04 22:02:53.799 23454 24969 D OK      : calling: https://oauth.reddit.com/r/askscience/about.json
08-04 22:02:53.799 23454 23467 I art     : Starting a blocking GC Explicit
08-04 22:02:53.828 23454 23467 I art     : Explicit concurrent mark sweep GC freed 2244(157KB) AllocSpace objects, 1(20KB) LOS objects, 39% free, 24MB/40MB, paused 288us total 28.785ms
08-04 22:02:53.841 23454 23467 I art     : Starting a blocking GC Explicit
08-04 22:02:53.868   918   936 I ActivityManager: Displayed baseline.org.quantumbadger.redreader/.activities.PostListingActivity: +103ms
08-04 22:02:53.868 13866 13866 I GoogleInputMethodServic: GoogleInputMethodService.onFinishInput():3138 
08-04 22:02:53.870 23454 23467 I art     : Explicit concurrent mark sweep GC freed 1040(45KB) AllocSpace objects, 0(0B) LOS objects, 39% free, 25MB/41MB, paused 383us total 28.788ms
08-04 22:02:53.872 13866 13866 I GoogleInputMethodServic: GoogleInputMethodService.onStartInput():1808 
08-04 22:02:53.883 23454 23467 I art     : Starting a blocking GC Explicit
08-04 22:02:53.914 23454 23467 I art     : Explicit concurrent mark sweep GC freed 172(9KB) AllocSpace objects, 0(0B) LOS objects, 39% free, 24MB/40MB, paused 289us total 30.970ms
08-04 22:02:53.926 23454 23467 I art     : Starting a blocking GC Explicit
08-04 22:02:53.954 23454 23467 I art     : Explicit concurrent mark sweep GC freed 1834(72KB) AllocSpace objects, 0(0B) LOS objects, 38% free, 25MB/41MB, paused 283us total 27.346ms
08-04 22:02:53.967 23454 23467 I art     : Starting a blocking GC Explicit
08-04 22:02:53.997 23454 23467 I art     : Explicit concurrent mark sweep GC freed 177(6KB) AllocSpace objects, 0(0B) LOS objects, 39% free, 25MB/41MB, paused 299us total 29.982ms
08-04 22:02:54.088 23454 24969 I NAPPA_EXPERIMENTATION: MetricNetworkRequestExecutionTime: REQUEST_DURATION_SYSTEM='287',REQUEST_DURATION_OKHTTP='143',REQUEST_SYNCHRONOUS='TRUE',RESPONSE_CODE='200',RESPONSE_METHOD='GET',RESPONSE_LENGTH_OKHTTP='-1',RESPONSE_LENGTH_HEADER='4700',REQUEST_PROTOCOL='h2',REQUEST_URL='https://oauth.reddit.com/r/askscience/about.json',
08-04 22:02:54.088 23454 24969 D OK      : request got status: 200
08-04 22:02:54.133   380   380 W SurfaceFlinger: couldn't log to binary event log: overflow.
08-04 22:02:54.247 23454 23517 I art     : Starting a blocking GC Explicit
08-04 22:02:54.275 23454 23517 I art     : Explicit concurrent mark sweep GC freed 3093(274KB) AllocSpace objects, 4(176KB) LOS objects, 38% free, 25MB/41MB, paused 260us total 27.818ms
08-04 22:02:54.287 23454 23517 I art     : Starting a blocking GC Explicit
08-04 22:02:54.313 23454 23517 I art     : Explicit concurrent mark sweep GC freed 201(10KB) AllocSpace objects, 0(0B) LOS objects, 38% free, 25MB/41MB, paused 238us total 25.700ms
08-04 22:02:54.319   512  2967 D audio_hw_primary: disable_audio_route: reset and update mixer path: low-latency-playback speaker
08-04 22:02:54.320   512  2967 D audio_hw_primary: disable_snd_device: snd_device(2: speaker)
08-04 22:02:54.326 23454 23517 I art     : Starting a blocking GC Explicit
08-04 22:02:54.328   512  2967 I soundtrigger: audio_extn_sound_trigger_update_device_status: device 0x2 of type 0 for Event 0
08-04 22:02:54.353 23454 23517 I art     : Explicit concurrent mark sweep GC freed 3(96B) AllocSpace objects, 0(0B) LOS objects, 38% free, 25MB/41MB, paused 241us total 27.221ms
08-04 22:02:54.365 23454 23517 I art     : Starting a blocking GC Explicit
08-04 22:02:54.393 23454 23517 I art     : Explicit concurrent mark sweep GC freed 3(96B) AllocSpace objects, 0(0B) LOS objects, 38% free, 25MB/41MB, paused 269us total 26.991ms
08-04 22:02:54.405 23454 23517 I art     : Starting a blocking GC Explicit
08-04 22:02:54.433 23454 23517 I art     : Explicit concurrent mark sweep GC freed 16(640B) AllocSpace objects, 0(0B) LOS objects, 38% free, 25MB/41MB, paused 263us total 27.542ms
08-04 22:02:54.710 23454 23467 I art     : Starting a blocking GC Explicit
08-04 22:02:54.742 23454 23467 I art     : Explicit concurrent mark sweep GC freed 1389(82KB) AllocSpace objects, 1(20KB) LOS objects, 38% free, 25MB/41MB, paused 288us total 31.648ms
08-04 22:02:54.756 23454 23467 I art     : Starting a blocking GC Explicit
08-04 22:02:54.786 23454 23467 I art     : Explicit concurrent mark sweep GC freed 20(704B) AllocSpace objects, 0(0B) LOS objects, 38% free, 25MB/41MB, paused 301us total 29.678ms
08-04 22:02:54.799 23454 23467 I art     : Starting a blocking GC Explicit
08-04 22:02:54.829 23454 23467 I art     : Explicit concurrent mark sweep GC freed 3(96B) AllocSpace objects, 0(0B) LOS objects, 38% free, 25MB/41MB, paused 266us total 29.609ms
08-04 22:02:54.842 23454 23467 I art     : Starting a blocking GC Explicit
08-04 22:02:54.873 23454 23467 I art     : Explicit concurrent mark sweep GC freed 3(96B) AllocSpace objects, 0(0B) LOS objects, 38% free, 25MB/41MB, paused 251us total 30.366ms
08-04 22:02:54.886 23454 23467 I art     : Starting a blocking GC Explicit
08-04 22:02:54.917 23454 23467 I art     : Explicit concurrent mark sweep GC freed 3(96B) AllocSpace objects, 0(0B) LOS objects, 38% free, 25MB/41MB, paused 302us total 31.195ms
08-04 22:02:54.999 23454 24994 D OK      : calling: https://oauth.reddit.com/r/askscience/hot/.json
08-04 22:02:55.125   918  3261 D WifiStateMachine: starting scan for "H369AA63323"WPA_PSK with 2412,5180
08-04 22:02:55.183   518   646 I ThermalEngine: ACTION: GPU - Setting GPU[0] to 450000000
08-04 22:02:55.196 23454 24994 I NAPPA_EXPERIMENTATION: MetricNetworkRequestExecutionTime: REQUEST_DURATION_SYSTEM='196',REQUEST_DURATION_OKHTTP='193',REQUEST_SYNCHRONOUS='TRUE',RESPONSE_CODE='200',RESPONSE_METHOD='GET',RESPONSE_LENGTH_OKHTTP='-1',RESPONSE_LENGTH_HEADER='21282',REQUEST_PROTOCOL='h2',REQUEST_URL='https://oauth.reddit.com/r/askscience/hot/.json',
08-04 22:02:55.196 23454 24994 D OK      : request got status: 200
08-04 22:02:55.204 23454 23517 I art     : Starting a blocking GC Explicit
08-04 22:02:55.214 23454 24028 I PostListingFragment: Precaching images: OFF
08-04 22:02:55.214 23454 24028 I PostListingFragment: Precaching comments: OFF
08-04 22:02:55.245 23454 23517 I art     : Explicit concurrent mark sweep GC freed 2242(211KB) AllocSpace objects, 1(20KB) LOS objects, 38% free, 25MB/41MB, paused 931us total 40.911ms
08-04 22:02:55.259 13866 13882 I PeriodicStatsRunner: PeriodicStatsRunner.call():175 call()
08-04 22:02:55.259 13866 13882 I PeriodicStatsRunner: PeriodicStatsRunner.call():179 No submit PeriodicStats since input started.
08-04 22:02:55.263 23454 23517 I art     : Starting a blocking GC Explicit
08-04 22:02:55.304 23454 23517 I art     : Explicit concurrent mark sweep GC freed 3617(183KB) AllocSpace objects, 1(68KB) LOS objects, 38% free, 25MB/41MB, paused 496us total 40.583ms
08-04 22:02:55.321 23454 23517 I art     : Starting a blocking GC Explicit
08-04 22:02:55.362 23454 23517 I art     : Explicit concurrent mark sweep GC freed 3469(180KB) AllocSpace objects, 1(68KB) LOS objects, 38% free, 25MB/41MB, paused 518us total 41.267ms
08-04 22:02:55.363 23454 23465 I art     : WaitForGcToComplete blocked for 11.333ms for cause HeapTrim
08-04 22:02:55.380 23454 23517 I art     : Starting a blocking GC Explicit
08-04 22:02:55.425 23454 23517 I art     : Explicit concurrent mark sweep GC freed 3124(118KB) AllocSpace objects, 0(0B) LOS objects, 38% free, 25MB/41MB, paused 526us total 45.369ms
08-04 22:02:55.443 23454 23517 I art     : Starting a blocking GC Explicit
08-04 22:02:55.486 23454 23517 I art     : Explicit concurrent mark sweep GC freed 3132(115KB) AllocSpace objects, 0(0B) LOS objects, 38% free, 25MB/41MB, paused 738us total 42.935ms
08-04 22:02:55.784 23454 23973 I art     : Starting a blocking GC Explicit
08-04 22:02:55.833 23454 23973 I art     : Explicit concurrent mark sweep GC freed 20633(918KB) AllocSpace objects, 1(20KB) LOS objects, 38% free, 25MB/41MB, paused 380us total 47.972ms
08-04 22:02:55.850 23454 23973 I art     : Starting a blocking GC Explicit
08-04 22:02:55.890 23454 23973 I art     : Explicit concurrent mark sweep GC freed 905(40KB) AllocSpace objects, 0(0B) LOS objects, 38% free, 25MB/41MB, paused 424us total 39.753ms
08-04 22:02:55.911 23454 23973 I art     : Starting a blocking GC Explicit
08-04 22:02:55.951 23454 23973 I art     : Explicit concurrent mark sweep GC freed 28(1120B) AllocSpace objects, 0(0B) LOS objects, 38% free, 25MB/41MB, paused 424us total 40.327ms
08-04 22:02:55.970 23454 23973 I art     : Starting a blocking GC Explicit
08-04 22:02:56.009 23454 23973 I art     : Explicit concurrent mark sweep GC freed 3(96B) AllocSpace objects, 0(0B) LOS objects, 38% free, 25MB/41MB, paused 336us total 38.997ms
08-04 22:02:56.027 23454 23973 I art     : Starting a blocking GC Explicit
08-04 22:02:56.068 23454 23973 I art     : Explicit concurrent mark sweep GC freed 171(7KB) AllocSpace objects, 0(0B) LOS objects, 38% free, 25MB/41MB, paused 381us total 40.167ms
08-04 22:02:56.395 23454 23517 I art     : Starting a blocking GC Explicit
08-04 22:02:56.448 23454 23517 I art     : Explicit concurrent mark sweep GC freed 1347(80KB) AllocSpace objects, 1(20KB) LOS objects, 38% free, 25MB/41MB, paused 390us total 52.561ms
08-04 22:02:56.468 23454 23517 I art     : Starting a blocking GC Explicit
08-04 22:02:56.514 23454 23517 I art     : Explicit concurrent mark sweep GC freed 20(704B) AllocSpace objects, 0(0B) LOS objects, 38% free, 25MB/41MB, paused 370us total 46.406ms
08-04 22:02:56.532 23454 23517 I art     : Starting a blocking GC Explicit
08-04 22:02:56.575 23454 23517 I art     : Explicit concurrent mark sweep GC freed 3(96B) AllocSpace objects, 0(0B) LOS objects, 38% free, 25MB/41MB, paused 372us total 42.427ms
08-04 22:02:56.593 23454 23517 I art     : Starting a blocking GC Explicit
08-04 22:02:56.641 23454 23517 I art     : Explicit concurrent mark sweep GC freed 3(96B) AllocSpace objects, 0(0B) LOS objects, 38% free, 25MB/41MB, paused 398us total 46.748ms
08-04 22:02:56.662 23454 23517 I art     : Starting a blocking GC Explicit
08-04 22:02:56.705 23454 23517 I art     : Explicit concurrent mark sweep GC freed 3(96B) AllocSpace objects, 0(0B) LOS objects, 38% free, 25MB/41MB, paused 379us total 42.523ms
08-04 22:02:57.011 13866 13882 I PeriodicStatsRunner: PeriodicStatsRunner.call():175 call()
08-04 22:02:57.011 13866 13882 I PeriodicStatsRunner: PeriodicStatsRunner.call():179 No submit PeriodicStats since input started.
08-04 22:02:57.045 23454 23467 I art     : Starting a blocking GC Explicit
08-04 22:02:57.097 23454 23467 I art     : Explicit concurrent mark sweep GC freed 1344(80KB) AllocSpace objects, 1(20KB) LOS objects, 38% free, 25MB/41MB, paused 371us total 52.096ms
08-04 22:02:57.118 23454 23467 I art     : Starting a blocking GC Explicit
08-04 22:02:57.157 17294 17296 E QC-QMI  : qmi_client [17294] 524: failed to locate client data
08-04 22:02:57.159   519   519 E QC-QMI  : qmuxd: RX on fd=18 returned error=0 errno[2:No such file or directory]
08-04 22:02:57.159   519   519 E QC-QMI  : QMUX qmux_client_id=524 not found in qmux client list, unable to remove
08-04 22:02:57.163 17294 17294 I Atfwd_Daemon: Stop the daemon....
08-04 22:02:57.165 23454 23467 I art     : Explicit concurrent mark sweep GC freed 20(704B) AllocSpace objects, 0(0B) LOS objects, 38% free, 25MB/41MB, paused 332us total 46.074ms
08-04 22:02:57.183 23454 23467 I art     : Starting a blocking GC Explicit
08-04 22:02:57.199 25039 25039 W ATFWD-daemon: type=1400 audit(0.0:739141): avc: denied { read write } for name="diag" dev="tmpfs" ino=1296 scontext=u:r:atfwd:s0 tcontext=u:object_r:diag_device:s0 tclass=chr_file permissive=0
08-04 22:02:57.210 25039 25039 I libmdmdetect: ESOC framework not supported
08-04 22:02:57.211 25039 25039 I libmdmdetect: Found internal modem: modem
08-04 22:02:57.212 25039 25039 E Diag_Lib:  Diag_LSM_Init: Failed to open handle to diag driver, error = 13
08-04 22:02:57.218 25039 25039 I Atfwd_Daemon: result : 255 	 ,Init step :0 	 ,qmiErrorCode: 0
08-04 22:02:57.218 25039 25039 I Atfwd_Daemon: result : 0 	 ,Init step :1 	 ,qmiErrorCode: 0
08-04 22:02:57.219 25039 25039 I ServiceManager: Waiting for service AtCmdFwd...
08-04 22:02:57.224 23454 23467 I art     : Explicit concurrent mark sweep GC freed 3(96B) AllocSpace objects, 0(0B) LOS objects, 38% free, 25MB/41MB, paused 369us total 40.895ms
08-04 22:02:57.242 23454 23467 I art     : Starting a blocking GC Explicit
08-04 22:02:57.287 23454 23467 I art     : Explicit concurrent mark sweep GC freed 3(96B) AllocSpace objects, 0(0B) LOS objects, 38% free, 25MB/41MB, paused 376us total 44.814ms
08-04 22:02:57.304 23454 23467 I art     : Starting a blocking GC Explicit
08-04 22:02:57.348 23454 23467 I art     : Explicit concurrent mark sweep GC freed 3(96B) AllocSpace objects, 0(0B) LOS objects, 38% free, 25MB/41MB, paused 400us total 43.365ms
08-04 22:02:57.683 23454 23466 I art     : Starting a blocking GC Explicit
08-04 22:02:57.732 23454 23466 I art     : Explicit concurrent mark sweep GC freed 1344(80KB) AllocSpace objects, 1(20KB) LOS objects, 38% free, 25MB/41MB, paused 386us total 48.848ms
08-04 22:02:57.750 23454 23466 I art     : Starting a blocking GC Explicit
08-04 22:02:57.792 23454 23466 I art     : Explicit concurrent mark sweep GC freed 20(704B) AllocSpace objects, 0(0B) LOS objects, 38% free, 25MB/41MB, paused 352us total 41.321ms
08-04 22:02:57.810 23454 23466 I art     : Starting a blocking GC Explicit
08-04 22:02:57.850 23454 23466 I art     : Explicit concurrent mark sweep GC freed 3(96B) AllocSpace objects, 0(0B) LOS objects, 38% free, 25MB/41MB, paused 355us total 40.001ms
08-04 22:02:57.868 23454 23466 I art     : Starting a blocking GC Explicit
08-04 22:02:57.914 23454 23466 I art     : Explicit concurrent mark sweep GC freed 3(96B) AllocSpace objects, 0(0B) LOS objects, 38% free, 25MB/41MB, paused 397us total 45.628ms
08-04 22:02:57.936 23454 23466 I art     : Starting a blocking GC Explicit
08-04 22:02:57.982 23454 23466 I art     : Explicit concurrent mark sweep GC freed 3(96B) AllocSpace objects, 0(0B) LOS objects, 38% free, 25MB/41MB, paused 362us total 45.618ms
08-04 22:02:58.188   518   646 I ThermalEngine: ACTION: GPU - Setting GPU[0] to 510000000
08-04 22:02:58.220 25039 25039 I ServiceManager: Waiting for service AtCmdFwd...
08-04 22:02:58.310 23454 23973 I art     : Starting a blocking GC Explicit
08-04 22:02:58.353 23454 23973 I art     : Explicit concurrent mark sweep GC freed 1343(80KB) AllocSpace objects, 1(20KB) LOS objects, 38% free, 25MB/41MB, paused 317us total 42.738ms
08-04 22:02:58.371 23454 23973 I art     : Starting a blocking GC Explicit
08-04 22:02:58.404 23454 23973 I art     : Explicit concurrent mark sweep GC freed 20(704B) AllocSpace objects, 0(0B) LOS objects, 38% free, 25MB/41MB, paused 282us total 33.196ms
08-04 22:02:58.418 23454 23973 I art     : Starting a blocking GC Explicit
08-04 22:02:58.453 23454 23973 I art     : Explicit concurrent mark sweep GC freed 3(96B) AllocSpace objects, 0(0B) LOS objects, 38% free, 25MB/41MB, paused 277us total 34.390ms
08-04 22:02:58.467 23454 23973 I art     : Starting a blocking GC Explicit
08-04 22:02:58.501 23454 23973 I art     : Explicit concurrent mark sweep GC freed 3(96B) AllocSpace objects, 0(0B) LOS objects, 38% free, 25MB/41MB, paused 266us total 33.784ms
08-04 22:02:58.514 23454 23973 I art     : Starting a blocking GC Explicit
08-04 22:02:58.548 23454 23973 I art     : Explicit concurrent mark sweep GC freed 3(96B) AllocSpace objects, 0(0B) LOS objects, 38% free, 25MB/41MB, paused 280us total 33.444ms
08-04 22:02:58.871 13866 13882 I PeriodicStatsRunner: PeriodicStatsRunner.call():175 call()
08-04 22:02:58.871 13866 13882 I PeriodicStatsRunner: PeriodicStatsRunner.call():179 No submit PeriodicStats since input started.
08-04 22:02:58.897 23454 23517 I art     : Starting a blocking GC Explicit
08-04 22:02:58.941 23454 23517 I art     : Explicit concurrent mark sweep GC freed 1347(80KB) AllocSpace objects, 1(20KB) LOS objects, 38% free, 25MB/41MB, paused 305us total 43.413ms
08-04 22:02:58.957 23454 23517 I art     : Starting a blocking GC Explicit
08-04 22:02:58.991 23454 23517 I art     : Explicit concurrent mark sweep GC freed 20(704B) AllocSpace objects, 0(0B) LOS objects, 38% free, 25MB/41MB, paused 257us total 33.513ms
08-04 22:02:59.005 23454 23517 I art     : Starting a blocking GC Explicit
08-04 22:02:59.036 23454 23517 I art     : Explicit concurrent mark sweep GC freed 3(96B) AllocSpace objects, 0(0B) LOS objects, 38% free, 25MB/41MB, paused 252us total 31.266ms
08-04 22:02:59.049 23454 23517 I art     : Starting a blocking GC Explicit
08-04 22:02:59.081 23454 23517 I art     : Explicit concurrent mark sweep GC freed 3(96B) AllocSpace objects, 0(0B) LOS objects, 38% free, 25MB/41MB, paused 261us total 32.082ms
08-04 22:02:59.095 23454 23517 I art     : Starting a blocking GC Explicit
08-04 22:02:59.126 23454 23517 I art     : Explicit concurrent mark sweep GC freed 3(96B) AllocSpace objects, 0(0B) LOS objects, 38% free, 25MB/41MB, paused 257us total 31.523ms
08-04 22:02:59.221 25039 25039 I ServiceManager: Waiting for service AtCmdFwd...
08-04 22:02:59.401 25074 25074 D AndroidRuntime: >>>>>> START com.android.internal.os.RuntimeInit uid 2000 <<<<<<
08-04 22:02:59.407 25074 25074 D AndroidRuntime: CheckJNI is OFF
08-04 22:02:59.436 23454 23467 I art     : Starting a blocking GC Explicit
08-04 22:02:59.441 25074 25074 D ICU     : No timezone override file found: /data/misc/zoneinfo/current/icu/icu_tzdata.dat
08-04 22:02:59.471 23454 23467 I art     : Explicit concurrent mark sweep GC freed 1344(80KB) AllocSpace objects, 1(20KB) LOS objects, 38% free, 25MB/41MB, paused 289us total 34.112ms
08-04 22:02:59.476 25074 25074 I Radio-JNI: register_android_hardware_Radio DONE
08-04 22:02:59.484 23454 23467 I art     : Starting a blocking GC Explicit
08-04 22:02:59.500 25074 25074 D AndroidRuntime: Calling main entry com.android.commands.input.Input
08-04 22:02:59.502 25074 25074 I Input   : injectMotionEvent: MotionEvent { action=ACTION_DOWN, actionButton=0, id[0]=0, x[0]=600.0, y[0]=700.0, toolType[0]=TOOL_TYPE_UNKNOWN, buttonState=0, metaState=0, flags=0x0, edgeFlags=0x0, pointerCount=1, historySize=0, eventTime=741795914, downTime=741795914, deviceId=0, source=0x1002 }
08-04 22:02:59.509 25074 25074 I Input   : injectMotionEvent: MotionEvent { action=ACTION_UP, actionButton=0, id[0]=0, x[0]=600.0, y[0]=700.0, toolType[0]=TOOL_TYPE_UNKNOWN, buttonState=0, metaState=0, flags=0x0, edgeFlags=0x0, pointerCount=1, historySize=0, eventTime=741795914, downTime=741795914, deviceId=0, source=0x1002 }
08-04 22:02:59.518 23454 23467 I art     : Explicit concurrent mark sweep GC freed 23(832B) AllocSpace objects, 0(0B) LOS objects, 38% free, 25MB/41MB, paused 595us total 33.369ms
08-04 22:02:59.518 25074 25074 D AndroidRuntime: Shutting down VM
08-04 22:02:59.530   512  2967 D audio_hw_primary: out_set_parameters: enter: usecase(1: low-latency-playback) kvpairs: routing=2
08-04 22:02:59.532   918  5952 I ActivityManager: START u0 {dat=https://oauth.reddit.com/... cmp=baseline.org.quantumbadger.redreader/.activities.CommentListingActivity} from uid 10666 on display 0
08-04 22:02:59.533 23454 23467 I art     : Starting a blocking GC Explicit
08-04 22:02:59.543   512  2967 D audio_hw_primary: select_devices: out_snd_device(2: speaker) in_snd_device(0: none)
08-04 22:02:59.543   512  2967 D msm8974_platform: platform_send_audio_calibration: sending audio calibration for snd_device(2) acdb_id(15)
08-04 22:02:59.543   512  2967 I soundtrigger: audio_extn_sound_trigger_update_device_status: device 0x2 of type 0 for Event 1
08-04 22:02:59.553   512  2967 D audio_hw_primary: enable_snd_device: snd_device(2: speaker)
08-04 22:02:59.555   512  2967 D audio_hw_primary: enable_audio_route: apply and update mixer path: low-latency-playback speaker
08-04 22:02:59.558 23454 23454 I AppCompatViewInflater: app:theme is now deprecated. Please move to using android:theme instead.
08-04 22:02:59.563 23454 23467 I art     : Explicit concurrent mark sweep GC freed 1129(46KB) AllocSpace objects, 0(0B) LOS objects, 38% free, 25MB/41MB, paused 527us total 30.207ms
08-04 22:02:59.576 23454 23467 I art     : Starting a blocking GC Explicit
08-04 22:02:59.576 23454 24028 I CommentListingActivity: COMMENTS session changed to e2440090-b15b-4860-a14e-ceb0150ba230
08-04 22:02:59.610 23454 23467 I art     : Explicit concurrent mark sweep GC freed 3972(347KB) AllocSpace objects, 1(20KB) LOS objects, 37% free, 26MB/42MB, paused 805us total 34.346ms
08-04 22:02:59.623 23454 23467 I art     : Starting a blocking GC Explicit
08-04 22:02:59.663 23454 23467 I art     : Explicit concurrent mark sweep GC freed 10846(722KB) AllocSpace objects, 1(16KB) LOS objects, 36% free, 27MB/43MB, paused 841us total 39.808ms
08-04 22:02:59.727   918   936 I ActivityManager: Displayed baseline.org.quantumbadger.redreader/.activities.CommentListingActivity: +186ms
08-04 22:02:59.727 13866 13866 I GoogleInputMethodServic: GoogleInputMethodService.onFinishInput():3138 
08-04 22:02:59.729 13866 13866 I GoogleInputMethodServic: GoogleInputMethodService.onStartInput():1808 
08-04 22:02:59.904 23454 23517 I art     : Starting a blocking GC Explicit
08-04 22:02:59.959   380   380 W SurfaceFlinger: couldn't log to binary event log: overflow.
08-04 22:02:59.973 23454 23517 I art     : Explicit concurrent mark sweep GC freed 49758(2MB) AllocSpace objects, 2(36KB) LOS objects, 36% free, 28MB/44MB, paused 306us total 69.137ms
08-04 22:02:59.988 23454 23517 I art     : Starting a blocking GC Explicit
08-04 22:03:00.027 23454 23517 I art     : Explicit concurrent mark sweep GC freed 66(2944B) AllocSpace objects, 0(0B) LOS objects, 36% free, 28MB/44MB, paused 291us total 38.706ms
08-04 22:03:00.041 23454 23517 I art     : Starting a blocking GC Explicit
08-04 22:03:00.080 23454 23517 I art     : Explicit concurrent mark sweep GC freed 3(96B) AllocSpace objects, 0(0B) LOS objects, 36% free, 28MB/44MB, paused 242us total 38.853ms
08-04 22:03:00.088   512  2967 D audio_hw_primary: disable_audio_route: reset and update mixer path: low-latency-playback speaker
08-04 22:03:00.089   512  2967 D audio_hw_primary: disable_snd_device: snd_device(2: speaker)
08-04 22:03:00.095 23454 23517 I art     : Starting a blocking GC Explicit
08-04 22:03:00.096   512  2967 I soundtrigger: audio_extn_sound_trigger_update_device_status: device 0x2 of type 0 for Event 0
08-04 22:03:00.136 23454 23517 I art     : Explicit concurrent mark sweep GC freed 91(3KB) AllocSpace objects, 0(0B) LOS objects, 36% free, 28MB/44MB, paused 238us total 41.615ms
08-04 22:03:00.151 23454 23517 I art     : Starting a blocking GC Explicit
08-04 22:03:00.192 23454 23517 I art     : Explicit concurrent mark sweep GC freed 7(224B) AllocSpace objects, 0(0B) LOS objects, 36% free, 28MB/44MB, paused 242us total 40.669ms
08-04 22:03:00.221 25039 25039 I ServiceManager: Waiting for service AtCmdFwd...
08-04 22:03:00.253 23454 25005 I RedditChangeDataIO: Writing tmp data file at '/data/user/0/baseline.org.quantumbadger.redreader/files/rr_change_data_tmp.dat'
08-04 22:03:00.253 23454 25005 I RedditChangeDataManager: Taking snapshot...
08-04 22:03:00.253 23454 25005 I RedditChangeDataManager: Writing to stream...
08-04 22:03:00.253 23454 25005 I RedditChangeDataManager: Wrote 3 entries for user ''
08-04 22:03:00.253 23454 25005 I RedditChangeDataManager: All entries written to stream.
08-04 22:03:00.253 23454 25005 I RedditChangeDataIO: Write successful. Atomically replacing data file...
08-04 22:03:00.254 23454 25005 I RedditChangeDataIO: Write complete.
08-04 22:03:00.254 23454 25005 I RedditChangeDataIO: 86 bytes written in 2 ms
08-04 22:03:00.484 23454 23517 I art     : Starting a blocking GC Explicit
08-04 22:03:00.534 23454 23517 I art     : Explicit concurrent mark sweep GC freed 1676(125KB) AllocSpace objects, 2(88KB) LOS objects, 36% free, 28MB/44MB, paused 225us total 49.159ms
08-04 22:03:00.550 23454 23517 I art     : Starting a blocking GC Explicit
08-04 22:03:00.592 23454 23517 I art     : Explicit concurrent mark sweep GC freed 88(2976B) AllocSpace objects, 0(0B) LOS objects, 36% free, 28MB/44MB, paused 239us total 41.534ms
08-04 22:03:00.606 23454 23517 I art     : Starting a blocking GC Explicit
08-04 22:03:00.650 23454 23517 I art     : Explicit concurrent mark sweep GC freed 3(96B) AllocSpace objects, 0(0B) LOS objects, 36% free, 28MB/44MB, paused 235us total 43.598ms
08-04 22:03:00.666 23454 23517 I art     : Starting a blocking GC Explicit
08-04 22:03:00.711 23454 23517 I art     : Explicit concurrent mark sweep GC freed 49(1920B) AllocSpace objects, 0(0B) LOS objects, 36% free, 28MB/44MB, paused 259us total 44.961ms
08-04 22:03:00.727 23454 23517 I art     : Starting a blocking GC Explicit
08-04 22:03:00.771 23454 23517 I art     : Explicit concurrent mark sweep GC freed 3(96B) AllocSpace objects, 0(0B) LOS objects, 36% free, 28MB/44MB, paused 248us total 43.910ms
08-04 22:03:01.062 23454 23467 I art     : Starting a blocking GC Explicit
08-04 22:03:01.121 23454 23467 I art     : Explicit concurrent mark sweep GC freed 1343(80KB) AllocSpace objects, 1(20KB) LOS objects, 36% free, 28MB/44MB, paused 299us total 58.985ms
08-04 22:03:01.139 23454 23467 I art     : Starting a blocking GC Explicit
08-04 22:03:01.188 23454 23467 I art     : Explicit concurrent mark sweep GC freed 20(704B) AllocSpace objects, 0(0B) LOS objects, 36% free, 28MB/44MB, paused 273us total 48.036ms
08-04 22:03:01.203 23454 23467 I art     : Starting a blocking GC Explicit
08-04 22:03:01.222 25039 25039 I ServiceManager: Waiting for service AtCmdFwd...
08-04 22:03:01.249 23454 23467 I art     : Explicit concurrent mark sweep GC freed 3(96B) AllocSpace objects, 0(0B) LOS objects, 36% free, 28MB/44MB, paused 252us total 45.608ms
08-04 22:03:01.265 23454 23467 I art     : Starting a blocking GC Explicit
08-04 22:03:01.312 23454 23467 I art     : Explicit concurrent mark sweep GC freed 3(96B) AllocSpace objects, 0(0B) LOS objects, 36% free, 28MB/44MB, paused 288us total 46.966ms
08-04 22:03:01.328 23454 23467 I art     : Starting a blocking GC Explicit
08-04 22:03:01.372 23454 23467 I art     : Explicit concurrent mark sweep GC freed 3(96B) AllocSpace objects, 0(0B) LOS objects, 36% free, 28MB/44MB, paused 250us total 43.552ms
08-04 22:03:01.683 23454 23466 I art     : Starting a blocking GC Explicit
08-04 22:03:01.743 23454 23466 I art     : Explicit concurrent mark sweep GC freed 1343(80KB) AllocSpace objects, 1(20KB) LOS objects, 36% free, 28MB/44MB, paused 275us total 59.302ms
08-04 22:03:01.759 23454 23466 I art     : Starting a blocking GC Explicit
08-04 22:03:01.807 23454 23466 I art     : Explicit concurrent mark sweep GC freed 20(704B) AllocSpace objects, 0(0B) LOS objects, 36% free, 28MB/44MB, paused 267us total 48.190ms
08-04 22:03:01.823 23454 23466 I art     : Starting a blocking GC Explicit
08-04 22:03:01.871 23454 23466 I art     : Explicit concurrent mark sweep GC freed 3(96B) AllocSpace objects, 0(0B) LOS objects, 36% free, 28MB/44MB, paused 240us total 47.400ms
08-04 22:03:01.887 23454 23466 I art     : Starting a blocking GC Explicit
08-04 22:03:01.934 23454 23466 I art     : Explicit concurrent mark sweep GC freed 3(96B) AllocSpace objects, 0(0B) LOS objects, 36% free, 28MB/44MB, paused 252us total 46.551ms
08-04 22:03:01.949 23454 23466 I art     : Starting a blocking GC Explicit
08-04 22:03:01.997 23454 23466 I art     : Explicit concurrent mark sweep GC freed 3(96B) AllocSpace objects, 0(0B) LOS objects, 36% free, 28MB/44MB, paused 326us total 47.351ms
08-04 22:03:02.222 25039 25039 W Atfwd_Sendcmd: AtCmdFwd service not published, waiting... retryCnt : 1
08-04 22:03:02.325 23454 23973 I art     : Starting a blocking GC Explicit
08-04 22:03:02.391 23454 23973 I art     : Explicit concurrent mark sweep GC freed 1343(80KB) AllocSpace objects, 1(20KB) LOS objects, 36% free, 28MB/44MB, paused 290us total 65.469ms
08-04 22:03:02.410 23454 23973 I art     : Starting a blocking GC Explicit
08-04 22:03:02.458 23454 23973 I art     : Explicit concurrent mark sweep GC freed 20(704B) AllocSpace objects, 0(0B) LOS objects, 36% free, 28MB/44MB, paused 291us total 47.705ms
08-04 22:03:02.473 23454 23973 I art     : Starting a blocking GC Explicit
08-04 22:03:02.520 23454 23973 I art     : Explicit concurrent mark sweep GC freed 3(96B) AllocSpace objects, 0(0B) LOS objects, 36% free, 28MB/44MB, paused 256us total 46.267ms
08-04 22:03:02.535 23454 23973 I art     : Starting a blocking GC Explicit
08-04 22:03:02.583 23454 23973 I art     : Explicit concurrent mark sweep GC freed 3(96B) AllocSpace objects, 0(0B) LOS objects, 36% free, 28MB/44MB, paused 265us total 47.475ms
08-04 22:03:02.599 23454 23973 I art     : Starting a blocking GC Explicit
08-04 22:03:02.645 23454 23973 I art     : Explicit concurrent mark sweep GC freed 3(96B) AllocSpace objects, 0(0B) LOS objects, 36% free, 28MB/44MB, paused 256us total 45.586ms
08-04 22:03:02.961 23454 23517 I art     : Starting a blocking GC Explicit
08-04 22:03:03.013 23454 23517 I art     : Explicit concurrent mark sweep GC freed 1343(80KB) AllocSpace objects, 1(20KB) LOS objects, 36% free, 28MB/44MB, paused 262us total 52.241ms
08-04 22:03:03.029 23454 23517 I art     : Starting a blocking GC Explicit
08-04 22:03:03.076 23454 23517 I art     : Explicit concurrent mark sweep GC freed 20(704B) AllocSpace objects, 0(0B) LOS objects, 36% free, 28MB/44MB, paused 252us total 45.921ms
08-04 22:03:03.091 23454 23517 I art     : Starting a blocking GC Explicit
08-04 22:03:03.137 23454 23517 I art     : Explicit concurrent mark sweep GC freed 3(96B) AllocSpace objects, 0(0B) LOS objects, 36% free, 28MB/44MB, paused 314us total 45.116ms
08-04 22:03:03.153 23454 23517 I art     : Starting a blocking GC Explicit
08-04 22:03:03.201 23454 23517 I art     : Explicit concurrent mark sweep GC freed 3(96B) AllocSpace objects, 0(0B) LOS objects, 36% free, 28MB/44MB, paused 250us total 48.076ms
08-04 22:03:03.217 23454 23517 I art     : Starting a blocking GC Explicit
08-04 22:03:03.263 23454 23517 I art     : Explicit concurrent mark sweep GC freed 3(96B) AllocSpace objects, 0(0B) LOS objects, 36% free, 28MB/44MB, paused 246us total 46.015ms
08-04 22:03:03.573 23454 23467 I art     : Starting a blocking GC Explicit
08-04 22:03:03.628 23454 23467 I art     : Explicit concurrent mark sweep GC freed 1345(80KB) AllocSpace objects, 1(20KB) LOS objects, 36% free, 28MB/44MB, paused 294us total 54.091ms
08-04 22:03:03.645 23454 23467 I art     : Starting a blocking GC Explicit
08-04 22:03:03.693 23454 23467 I art     : Explicit concurrent mark sweep GC freed 20(704B) AllocSpace objects, 0(0B) LOS objects, 36% free, 28MB/44MB, paused 251us total 47.831ms
08-04 22:03:03.709 23454 23467 I art     : Starting a blocking GC Explicit
08-04 22:03:03.744   918  3188 I hubconnection: sensorhub said: 'set_bias 3: -4.9824, 0.0000, 0.0000'
08-04 22:03:03.755 23454 23467 I art     : Explicit concurrent mark sweep GC freed 3(96B) AllocSpace objects, 0(0B) LOS objects, 36% free, 28MB/44MB, paused 246us total 46.286ms
08-04 22:03:03.771 23454 23467 I art     : Starting a blocking GC Explicit
08-04 22:03:03.815 23454 23467 I art     : Explicit concurrent mark sweep GC freed 3(96B) AllocSpace objects, 0(0B) LOS objects, 36% free, 28MB/44MB, paused 256us total 43.623ms
08-04 22:03:03.830 23454 23467 I art     : Starting a blocking GC Explicit
08-04 22:03:03.874 23454 23467 I art     : Explicit concurrent mark sweep GC freed 3(96B) AllocSpace objects, 0(0B) LOS objects, 36% free, 28MB/44MB, paused 250us total 43.899ms
08-04 22:03:04.179 23454 23466 I art     : Starting a blocking GC Explicit
08-04 22:03:04.182 25168 25168 D AndroidRuntime: >>>>>> START com.android.internal.os.RuntimeInit uid 2000 <<<<<<
08-04 22:03:04.187 25168 25168 D AndroidRuntime: CheckJNI is OFF
08-04 22:03:04.223 25168 25168 D ICU     : No timezone override file found: /data/misc/zoneinfo/current/icu/icu_tzdata.dat
08-04 22:03:04.227 23454 23466 I art     : Explicit concurrent mark sweep GC freed 1343(80KB) AllocSpace objects, 1(20KB) LOS objects, 36% free, 28MB/44MB, paused 279us total 47.130ms
08-04 22:03:04.243 23454 23466 I art     : Starting a blocking GC Explicit
08-04 22:03:04.258 25168 25168 I Radio-JNI: register_android_hardware_Radio DONE
08-04 22:03:04.280 25168 25168 D AndroidRuntime: Calling main entry com.android.commands.input.Input
08-04 22:03:04.282 25168 25168 I Input   : injectKeyEvent: KeyEvent { action=ACTION_DOWN, keyCode=KEYCODE_BACK, scanCode=0, metaState=0, flags=0x0, repeatCount=0, eventTime=741800695, downTime=741800695, deviceId=-1, source=0x101 }
08-04 22:03:04.287 23454 23466 I art     : Explicit concurrent mark sweep GC freed 20(704B) AllocSpace objects, 0(0B) LOS objects, 36% free, 28MB/44MB, paused 288us total 43.821ms
08-04 22:03:04.288 25168 25168 I Input   : injectKeyEvent: KeyEvent { action=ACTION_UP, keyCode=KEYCODE_BACK, scanCode=0, metaState=0, flags=0x0, repeatCount=0, eventTime=741800695, downTime=741800695, deviceId=-1, source=0x101 }
08-04 22:03:04.294 25168 25168 D AndroidRuntime: Shutting down VM
08-04 22:03:04.302 23454 23466 I art     : Starting a blocking GC Explicit
08-04 22:03:04.339 13866 13866 I GoogleInputMethodServic: GoogleInputMethodService.onFinishInput():3138 
08-04 22:03:04.339 13866 13866 I GoogleInputMethodServic: GoogleInputMethodService.onStartInput():1808 
08-04 22:03:04.344 23454 23466 I art     : Explicit concurrent mark sweep GC freed 131(4KB) AllocSpace objects, 0(0B) LOS objects, 36% free, 28MB/44MB, paused 272us total 41.382ms
08-04 22:03:04.359 23454 23466 I art     : Starting a blocking GC Explicit
08-04 22:03:04.401 23454 23466 I art     : Explicit concurrent mark sweep GC freed 115(4KB) AllocSpace objects, 0(0B) LOS objects, 36% free, 28MB/44MB, paused 231us total 42.310ms
08-04 22:03:04.415 23454 23466 I art     : Starting a blocking GC Explicit
08-04 22:03:04.454 23454 23466 I art     : Explicit concurrent mark sweep GC freed 9(336B) AllocSpace objects, 0(0B) LOS objects, 36% free, 28MB/44MB, paused 209us total 38.478ms
08-04 22:03:04.647   380   380 W SurfaceFlinger: couldn't log to binary event log: overflow.
08-04 22:03:04.716 23454 23467 I art     : Starting a blocking GC Explicit
08-04 22:03:04.728 13866 13882 I PeriodicStatsRunner: PeriodicStatsRunner.call():175 call()
08-04 22:03:04.728 13866 13882 I PeriodicStatsRunner: PeriodicStatsRunner.call():179 No submit PeriodicStats since input started.
08-04 22:03:04.763 23454 23467 I art     : Explicit concurrent mark sweep GC freed 1404(82KB) AllocSpace objects, 1(20KB) LOS objects, 36% free, 28MB/44MB, paused 269us total 47.128ms
08-04 22:03:04.779 23454 23467 I art     : Starting a blocking GC Explicit
08-04 22:03:04.816 23454 23467 I art     : Explicit concurrent mark sweep GC freed 46779(2MB) AllocSpace objects, 5(140KB) LOS objects, 38% free, 25MB/41MB, paused 245us total 37.154ms
08-04 22:03:04.830 23454 23467 I art     : Starting a blocking GC Explicit
08-04 22:03:04.863 23454 23467 I art     : Explicit concurrent mark sweep GC freed 3(96B) AllocSpace objects, 0(0B) LOS objects, 38% free, 25MB/41MB, paused 251us total 32.711ms
08-04 22:03:04.877 23454 23467 I art     : Starting a blocking GC Explicit
08-04 22:03:04.911 23454 23467 I art     : Explicit concurrent mark sweep GC freed 3(96B) AllocSpace objects, 0(0B) LOS objects, 38% free, 25MB/41MB, paused 258us total 33.765ms
08-04 22:03:04.925 23454 23467 I art     : Starting a blocking GC Explicit
08-04 22:03:04.959 23454 23467 I art     : Explicit concurrent mark sweep GC freed 3(96B) AllocSpace objects, 0(0B) LOS objects, 38% free, 25MB/41MB, paused 268us total 33.920ms
08-04 22:03:05.252 23454 23517 I art     : Starting a blocking GC Explicit
08-04 22:03:05.294 23454 23517 I art     : Explicit concurrent mark sweep GC freed 1343(80KB) AllocSpace objects, 1(20KB) LOS objects, 38% free, 25MB/41MB, paused 274us total 42.319ms
08-04 22:03:05.312 23454 23517 I art     : Starting a blocking GC Explicit
08-04 22:03:05.347 23454 23517 I art     : Explicit concurrent mark sweep GC freed 20(704B) AllocSpace objects, 0(0B) LOS objects, 38% free, 25MB/41MB, paused 244us total 34.331ms
08-04 22:03:05.361 23454 23517 I art     : Starting a blocking GC Explicit
08-04 22:03:05.395 23454 23517 I art     : Explicit concurrent mark sweep GC freed 3(96B) AllocSpace objects, 0(0B) LOS objects, 38% free, 25MB/41MB, paused 249us total 33.848ms
08-04 22:03:05.409 23454 23517 I art     : Starting a blocking GC Explicit
08-04 22:03:05.443 23454 23517 I art     : Explicit concurrent mark sweep GC freed 3(96B) AllocSpace objects, 0(0B) LOS objects, 38% free, 25MB/41MB, paused 249us total 34.439ms
08-04 22:03:05.457 23454 23517 I art     : Starting a blocking GC Explicit
08-04 22:03:05.491 23454 23517 I art     : Explicit concurrent mark sweep GC freed 3(96B) AllocSpace objects, 0(0B) LOS objects, 38% free, 25MB/41MB, paused 237us total 33.859ms
08-04 22:03:05.750 23454 23973 I art     : Starting a blocking GC Explicit
08-04 22:03:05.783 23454 23973 I art     : Explicit concurrent mark sweep GC freed 1343(80KB) AllocSpace objects, 1(20KB) LOS objects, 38% free, 25MB/41MB, paused 260us total 33.661ms
08-04 22:03:05.798 23454 23973 I art     : Starting a blocking GC Explicit
08-04 22:03:05.830 23454 23973 I art     : Explicit concurrent mark sweep GC freed 20(704B) AllocSpace objects, 0(0B) LOS objects, 38% free, 25MB/41MB, paused 254us total 31.965ms
08-04 22:03:05.843 23454 23973 I art     : Starting a blocking GC Explicit
08-04 22:03:05.875 23454 23973 I art     : Explicit concurrent mark sweep GC freed 3(96B) AllocSpace objects, 0(0B) LOS objects, 38% free, 25MB/41MB, paused 240us total 31.801ms
08-04 22:03:05.889 23454 23973 I art     : Starting a blocking GC Explicit
08-04 22:03:05.921 23454 23973 I art     : Explicit concurrent mark sweep GC freed 3(96B) AllocSpace objects, 0(0B) LOS objects, 38% free, 25MB/41MB, paused 271us total 32.252ms
08-04 22:03:05.935 23454 23973 I art     : Starting a blocking GC Explicit
08-04 22:03:05.954 25211 25211 D AndroidRuntime: >>>>>> START com.android.internal.os.RuntimeInit uid 2000 <<<<<<
08-04 22:03:05.959 25211 25211 D AndroidRuntime: CheckJNI is OFF
08-04 22:03:05.967 23454 23973 I art     : Explicit concurrent mark sweep GC freed 3(96B) AllocSpace objects, 0(0B) LOS objects, 38% free, 25MB/41MB, paused 294us total 32.067ms
08-04 22:03:05.995 25211 25211 D ICU     : No timezone override file found: /data/misc/zoneinfo/current/icu/icu_tzdata.dat
08-04 22:03:06.028 25211 25211 I Radio-JNI: register_android_hardware_Radio DONE
08-04 22:03:06.050 25211 25211 D AndroidRuntime: Calling main entry com.android.commands.input.Input
08-04 22:03:06.052 25211 25211 I Input   : injectKeyEvent: KeyEvent { action=ACTION_DOWN, keyCode=KEYCODE_BACK, scanCode=0, metaState=0, flags=0x0, repeatCount=0, eventTime=741802465, downTime=741802465, deviceId=-1, source=0x101 }
08-04 22:03:06.058 25211 25211 I Input   : injectKeyEvent: KeyEvent { action=ACTION_UP, keyCode=KEYCODE_BACK, scanCode=0, metaState=0, flags=0x0, repeatCount=0, eventTime=741802465, downTime=741802465, deviceId=-1, source=0x101 }
08-04 22:03:06.064 25211 25211 D AndroidRuntime: Shutting down VM
08-04 22:03:06.107 13866 13866 I GoogleInputMethodServic: GoogleInputMethodService.onFinishInput():3138 
08-04 22:03:06.108 13866 13866 I GoogleInputMethodServic: GoogleInputMethodService.onStartInput():1808 
08-04 22:03:06.216 23454 23466 I art     : Starting a blocking GC Explicit
08-04 22:03:06.251 23454 23466 I art     : Explicit concurrent mark sweep GC freed 1520(86KB) AllocSpace objects, 1(20KB) LOS objects, 38% free, 25MB/41MB, paused 217us total 34.760ms
08-04 22:03:06.271 23454 23466 I art     : Starting a blocking GC Explicit
08-04 22:03:06.312 23454 23466 I art     : Explicit concurrent mark sweep GC freed 24(864B) AllocSpace objects, 0(0B) LOS objects, 38% free, 25MB/41MB, paused 245us total 40.889ms
08-04 22:03:06.328 23454 23466 I art     : Starting a blocking GC Explicit
08-04 22:03:06.368 23454 23466 I art     : Explicit concurrent mark sweep GC freed 3(96B) AllocSpace objects, 0(0B) LOS objects, 38% free, 25MB/41MB, paused 218us total 40.106ms
08-04 22:03:06.386 23454 23466 I art     : Starting a blocking GC Explicit
08-04 22:03:06.419 23454 23466 I art     : Explicit concurrent mark sweep GC freed 38(1264B) AllocSpace objects, 0(0B) LOS objects, 38% free, 25MB/41MB, paused 240us total 32.420ms
08-04 22:03:06.432 23454 23466 I art     : Starting a blocking GC Explicit
08-04 22:03:06.463 23454 23466 I art     : Explicit concurrent mark sweep GC freed 23(992B) AllocSpace objects, 0(0B) LOS objects, 38% free, 25MB/41MB, paused 243us total 30.547ms
08-04 22:03:06.752 23454 23973 I art     : Starting a blocking GC Explicit
08-04 22:03:06.790 23454 23973 I art     : Explicit concurrent mark sweep GC freed 1473(86KB) AllocSpace objects, 1(20KB) LOS objects, 38% free, 25MB/41MB, paused 317us total 38.311ms
08-04 22:03:06.807 23454 23973 I art     : Starting a blocking GC Explicit
08-04 22:03:06.842 23454 23973 I art     : Explicit concurrent mark sweep GC freed 20(704B) AllocSpace objects, 0(0B) LOS objects, 38% free, 25MB/41MB, paused 287us total 34.649ms
08-04 22:03:06.856 23454 23973 I art     : Starting a blocking GC Explicit
08-04 22:03:06.891 23454 23973 I art     : Explicit concurrent mark sweep GC freed 3(96B) AllocSpace objects, 0(0B) LOS objects, 38% free, 25MB/41MB, paused 270us total 34.547ms
08-04 22:03:06.905 23454 23973 I art     : Starting a blocking GC Explicit
08-04 22:03:06.939 23454 23973 I art     : Explicit concurrent mark sweep GC freed 3(96B) AllocSpace objects, 0(0B) LOS objects, 38% free, 25MB/41MB, paused 315us total 34.180ms
08-04 22:03:06.953 23454 23973 I art     : Starting a blocking GC Explicit
08-04 22:03:06.987 23454 23973 I art     : Explicit concurrent mark sweep GC freed 3(96B) AllocSpace objects, 0(0B) LOS objects, 38% free, 25MB/41MB, paused 263us total 33.686ms
08-04 22:03:07.223 25039 25039 I ServiceManager: Waiting for service AtCmdFwd...
08-04 22:03:07.281 23454 23467 I art     : Starting a blocking GC Explicit
08-04 22:03:07.315 23454 23467 I art     : Explicit concurrent mark sweep GC freed 1343(80KB) AllocSpace objects, 1(20KB) LOS objects, 38% free, 25MB/41MB, paused 293us total 33.700ms
08-04 22:03:07.329 23454 23467 I art     : Starting a blocking GC Explicit
08-04 22:03:07.359 23454 23467 I art     : Explicit concurrent mark sweep GC freed 20(704B) AllocSpace objects, 0(0B) LOS objects, 38% free, 25MB/41MB, paused 268us total 29.580ms
08-04 22:03:07.372 23454 23467 I art     : Starting a blocking GC Explicit
08-04 22:03:07.404 23454 23467 I art     : Explicit concurrent mark sweep GC freed 3(96B) AllocSpace objects, 0(0B) LOS objects, 38% free, 25MB/41MB, paused 269us total 31.988ms
08-04 22:03:07.417 23454 23467 I art     : Starting a blocking GC Explicit
08-04 22:03:07.449 23454 23467 I art     : Explicit concurrent mark sweep GC freed 3(96B) AllocSpace objects, 0(0B) LOS objects, 38% free, 25MB/41MB, paused 254us total 31.947ms
08-04 22:03:07.463 23454 23467 I art     : Starting a blocking GC Explicit
08-04 22:03:07.496 23454 23467 I art     : Explicit concurrent mark sweep GC freed 3(96B) AllocSpace objects, 0(0B) LOS objects, 38% free, 25MB/41MB, paused 289us total 32.786ms
08-04 22:03:07.718 25266 25266 D AndroidRuntime: >>>>>> START com.android.internal.os.RuntimeInit uid 2000 <<<<<<
08-04 22:03:07.723 25266 25266 D AndroidRuntime: CheckJNI is OFF
08-04 22:03:07.757 25266 25266 D ICU     : No timezone override file found: /data/misc/zoneinfo/current/icu/icu_tzdata.dat
08-04 22:03:07.769 23454 23517 I art     : Starting a blocking GC Explicit
08-04 22:03:07.791 25266 25266 I Radio-JNI: register_android_hardware_Radio DONE
08-04 22:03:07.804 23454 23517 I art     : Explicit concurrent mark sweep GC freed 1343(80KB) AllocSpace objects, 1(20KB) LOS objects, 38% free, 25MB/41MB, paused 285us total 34.455ms
08-04 22:03:07.814 25266 25266 D AndroidRuntime: Calling main entry com.android.commands.input.Input
08-04 22:03:07.816 25266 25266 I Input   : injectMotionEvent: MotionEvent { action=ACTION_DOWN, actionButton=0, id[0]=0, x[0]=600.0, y[0]=1000.0, toolType[0]=TOOL_TYPE_UNKNOWN, buttonState=0, metaState=0, flags=0x0, edgeFlags=0x0, pointerCount=1, historySize=0, eventTime=741804229, downTime=741804229, deviceId=0, source=0x1002 }
08-04 22:03:07.818 23454 23517 I art     : Starting a blocking GC Explicit
08-04 22:03:07.820 25266 25266 I Input   : injectMotionEvent: MotionEvent { action=ACTION_UP, actionButton=0, id[0]=0, x[0]=600.0, y[0]=1000.0, toolType[0]=TOOL_TYPE_UNKNOWN, buttonState=0, metaState=0, flags=0x0, edgeFlags=0x0, pointerCount=1, historySize=0, eventTime=741804229, downTime=741804229, deviceId=0, source=0x1002 }
08-04 22:03:07.821 25266 25266 D AndroidRuntime: Shutting down VM
08-04 22:03:07.836   918  5481 I ActivityManager: START u0 {dat=https://oauth.reddit.com/... cmp=baseline.org.quantumbadger.redreader/.activities.PostListingActivity} from uid 10666 on display 0
08-04 22:03:07.837   512  2967 D audio_hw_primary: out_set_parameters: enter: usecase(1: low-latency-playback) kvpairs: routing=2
08-04 22:03:07.850   512  2967 D audio_hw_primary: select_devices: out_snd_device(2: speaker) in_snd_device(0: none)
08-04 22:03:07.850   512  2967 D msm8974_platform: platform_send_audio_calibration: sending audio calibration for snd_device(2) acdb_id(15)
08-04 22:03:07.850   512  2967 I soundtrigger: audio_extn_sound_trigger_update_device_status: device 0x2 of type 0 for Event 1
08-04 22:03:07.851 23454 23517 I art     : Explicit concurrent mark sweep GC freed 96(3KB) AllocSpace objects, 0(0B) LOS objects, 38% free, 25MB/41MB, paused 277us total 32.739ms
08-04 22:03:07.860 23454 23454 I AppCompatViewInflater: app:theme is now deprecated. Please move to using android:theme instead.
08-04 22:03:07.862   512  2967 D audio_hw_primary: enable_snd_device: snd_device(2: speaker)
08-04 22:03:07.864   512  2967 D audio_hw_primary: enable_audio_route: apply and update mixer path: low-latency-playback speaker
08-04 22:03:07.865 23454 23517 I art     : Starting a blocking GC Explicit
08-04 22:03:07.884 23454 25290 D OK      : calling: https://oauth.reddit.com/r/announcements/about.json
08-04 22:03:07.896 23454 23517 I art     : Explicit concurrent mark sweep GC freed 841(66KB) AllocSpace objects, 0(0B) LOS objects, 38% free, 25MB/41MB, paused 351us total 31.605ms
08-04 22:03:07.909 23454 23517 I art     : Starting a blocking GC Explicit
08-04 22:03:07.940 23454 23517 I art     : Explicit concurrent mark sweep GC freed 912(47KB) AllocSpace objects, 0(0B) LOS objects, 38% free, 25MB/41MB, paused 512us total 30.284ms
08-04 22:03:07.945   918   936 I ActivityManager: Displayed baseline.org.quantumbadger.redreader/.activities.PostListingActivity: +100ms
08-04 22:03:07.946 13866 13866 I GoogleInputMethodServic: GoogleInputMethodService.onFinishInput():3138 
08-04 22:03:07.947 13866 13866 I GoogleInputMethodServic: GoogleInputMethodService.onStartInput():1808 
08-04 22:03:07.954 23454 23517 I art     : Starting a blocking GC Explicit
08-04 22:03:07.987 23454 23517 I art     : Explicit concurrent mark sweep GC freed 252(13KB) AllocSpace objects, 0(0B) LOS objects, 38% free, 25MB/41MB, paused 365us total 33.066ms
08-04 22:03:08.202   380   380 W SurfaceFlinger: couldn't log to binary event log: overflow.
08-04 22:03:08.218 23454 25290 I NAPPA_EXPERIMENTATION: MetricNetworkRequestExecutionTime: REQUEST_DURATION_SYSTEM='334',REQUEST_DURATION_OKHTTP='144',REQUEST_SYNCHRONOUS='TRUE',RESPONSE_CODE='200',RESPONSE_METHOD='GET',RESPONSE_LENGTH_OKHTTP='-1',RESPONSE_LENGTH_HEADER='1564',REQUEST_PROTOCOL='h2',REQUEST_URL='https://oauth.reddit.com/r/announcements/about.json',
08-04 22:03:08.219 23454 25290 D OK      : request got status: 200
08-04 22:03:08.224 25039 25039 I ServiceManager: Waiting for service AtCmdFwd...
08-04 22:03:08.252 23454 23973 I art     : Starting a blocking GC Explicit
08-04 22:03:08.286 23454 23973 I art     : Explicit concurrent mark sweep GC freed 4973(318KB) AllocSpace objects, 3(156KB) LOS objects, 38% free, 25MB/41MB, paused 333us total 33.322ms
08-04 22:03:08.299 23454 23973 I art     : Starting a blocking GC Explicit
08-04 22:03:08.334 23454 23973 I art     : Explicit concurrent mark sweep GC freed 309(14KB) AllocSpace objects, 0(0B) LOS objects, 38% free, 25MB/41MB, paused 284us total 34.028ms
08-04 22:03:08.352 23454 23973 I art     : Starting a blocking GC Explicit
08-04 22:03:08.388 23454 23973 I art     : Explicit concurrent mark sweep GC freed 12(464B) AllocSpace objects, 0(0B) LOS objects, 38% free, 25MB/41MB, paused 289us total 36.025ms
08-04 22:03:08.398   512  2967 D audio_hw_primary: disable_audio_route: reset and update mixer path: low-latency-playback speaker
08-04 22:03:08.400   512  2967 D audio_hw_primary: disable_snd_device: snd_device(2: speaker)
08-04 22:03:08.401 23454 23973 I art     : Starting a blocking GC Explicit
08-04 22:03:08.408   512  2967 I soundtrigger: audio_extn_sound_trigger_update_device_status: device 0x2 of type 0 for Event 0
08-04 22:03:08.434 23454 23973 I art     : Explicit concurrent mark sweep GC freed 3(96B) AllocSpace objects, 0(0B) LOS objects, 38% free, 25MB/41MB, paused 286us total 32.731ms
08-04 22:03:08.448 23454 23973 I art     : Starting a blocking GC Explicit
08-04 22:03:08.482 23454 23973 I art     : Explicit concurrent mark sweep GC freed 3(96B) AllocSpace objects, 0(0B) LOS objects, 38% free, 25MB/41MB, paused 292us total 33.979ms
08-04 22:03:08.774 23454 23466 I art     : Starting a blocking GC Explicit
08-04 22:03:08.809 23454 23466 I art     : Explicit concurrent mark sweep GC freed 1402(84KB) AllocSpace objects, 1(20KB) LOS objects, 38% free, 25MB/41MB, paused 303us total 35.274ms
08-04 22:03:08.823 23454 23466 I art     : Starting a blocking GC Explicit
08-04 22:03:08.857 23454 23466 I art     : Explicit concurrent mark sweep GC freed 20(704B) AllocSpace objects, 0(0B) LOS objects, 38% free, 25MB/41MB, paused 263us total 33.322ms
08-04 22:03:08.870 23454 23466 I art     : Starting a blocking GC Explicit
08-04 22:03:08.903 23454 23466 I art     : Explicit concurrent mark sweep GC freed 3(96B) AllocSpace objects, 0(0B) LOS objects, 38% free, 25MB/41MB, paused 299us total 32.444ms
08-04 22:03:08.916 23454 23466 I art     : Starting a blocking GC Explicit
08-04 22:03:08.950 23454 23466 I art     : Explicit concurrent mark sweep GC freed 3(96B) AllocSpace objects, 0(0B) LOS objects, 38% free, 25MB/41MB, paused 297us total 33.734ms
08-04 22:03:08.964 23454 23466 I art     : Starting a blocking GC Explicit
08-04 22:03:08.996 23454 23466 I art     : Explicit concurrent mark sweep GC freed 3(96B) AllocSpace objects, 0(0B) LOS objects, 38% free, 25MB/41MB, paused 282us total 32.592ms
08-04 22:03:09.084 23454 25314 D OK      : calling: https://oauth.reddit.com/r/announcements/hot/.json
08-04 22:03:09.209   518   646 I ThermalEngine: ACTION: GPU - Setting GPU[0] to 450000000
08-04 22:03:09.224 25039 25039 I ServiceManager: Waiting for service AtCmdFwd...
08-04 22:03:09.289 23454 23517 I art     : Starting a blocking GC Explicit
08-04 22:03:09.332 23454 25314 I NAPPA_EXPERIMENTATION: MetricNetworkRequestExecutionTime: REQUEST_DURATION_SYSTEM='248',REQUEST_DURATION_OKHTTP='244',REQUEST_SYNCHRONOUS='TRUE',RESPONSE_CODE='200',RESPONSE_METHOD='GET',RESPONSE_LENGTH_OKHTTP='-1',RESPONSE_LENGTH_HEADER='142016',REQUEST_PROTOCOL='h2',REQUEST_URL='https://oauth.reddit.com/r/announcements/hot/.json',
08-04 22:03:09.332 23454 25314 D OK      : request got status: 200
08-04 22:03:09.333 23454 23517 I art     : Explicit concurrent mark sweep GC freed 1661(102KB) AllocSpace objects, 1(20KB) LOS objects, 38% free, 25MB/41MB, paused 475us total 43.539ms
08-04 22:03:09.339 13866 13882 I PeriodicStatsRunner: PeriodicStatsRunner.call():175 call()
08-04 22:03:09.340 13866 13882 I PeriodicStatsRunner: PeriodicStatsRunner.call():179 No submit PeriodicStats since input started.
08-04 22:03:09.351 23454 23517 I art     : Starting a blocking GC Explicit
08-04 22:03:09.356 23454 24028 I PostListingFragment: Precaching images: OFF
08-04 22:03:09.356 23454 24028 I PostListingFragment: Precaching comments: OFF
08-04 22:03:09.393 23454 23517 I art     : Explicit concurrent mark sweep GC freed 1347(140KB) AllocSpace objects, 1(16KB) LOS objects, 37% free, 26MB/42MB, paused 677us total 42.254ms
08-04 22:03:09.410 23454 23517 I art     : Starting a blocking GC Explicit
08-04 22:03:09.454 23454 23517 I art     : Explicit concurrent mark sweep GC freed 1009(58KB) AllocSpace objects, 3(56KB) LOS objects, 37% free, 26MB/42MB, paused 740us total 43.610ms
08-04 22:03:09.472 23454 23517 I art     : Starting a blocking GC Explicit
08-04 22:03:09.522 23454 23517 I art     : Explicit concurrent mark sweep GC freed 1791(78KB) AllocSpace objects, 0(0B) LOS objects, 36% free, 27MB/43MB, paused 764us total 49.410ms
08-04 22:03:09.525 23454 25325 D OK      : calling: https://b.thumbs.redditmedia.com/RROcLjDSUc0QV1UeQ1txXdyl1C_7233mmsMgtYXxQzo.jpg
08-04 22:03:09.540 23454 23517 I art     : Starting a blocking GC Explicit
08-04 22:03:09.559 23454 25326 D OK      : calling: https://a.thumbs.redditmedia.com/N-frnMqRYp_XiaGds7kPbHf82a876RNKSQ1iw0LzHR0.jpg
08-04 22:03:09.573 23454 25327 D OK      : calling: https://b.thumbs.redditmedia.com/KH2o_q4MXufUdRChsfwLtl6gnEnT8MJtZn3Tyj5ZmBU.jpg
08-04 22:03:09.592 23454 23517 I art     : Explicit concurrent mark sweep GC freed 3612(166KB) AllocSpace objects, 0(0B) LOS objects, 36% free, 28MB/44MB, paused 900us total 52.325ms
08-04 22:03:09.625 23454 25328 D OK      : calling: https://b.thumbs.redditmedia.com/MGaOJeZl7UsmdtroJopYU_36HUNvQ9LUV5WFH_FJ2vI.jpg
08-04 22:03:09.690 23454 25329 D OK      : calling: https://a.thumbs.redditmedia.com/-D0hxchgus9EyzvGqvnabK_3Obl93tMfG9G58V1QwW8.jpg
08-04 22:03:09.716 23454 25330 D OK      : calling: https://b.thumbs.redditmedia.com/zCaV9kuSMZxmMvdmErGyUsYNdPrmX8LP9_Ee4QTT16g.jpg
08-04 22:03:09.733 23454 25333 D OK      : calling: https://b.thumbs.redditmedia.com/4EGkxZNzrzt-RCtd035cWyO0BipdbDVuPwi4W2v4TyM.jpg
08-04 22:03:09.777 23454 25343 D OK      : calling: https://a.thumbs.redditmedia.com/aVhMBmGX07uX0KhK0rKdhMvQ4UsOJIHN4KeTaa36EF4.jpg
08-04 22:03:09.867 23454 23517 I art     : Starting a blocking GC Explicit
08-04 22:03:09.921 23454 23517 I art     : Explicit concurrent mark sweep GC freed 88295(4MB) AllocSpace objects, 14(392KB) LOS objects, 37% free, 26MB/42MB, paused 1.179ms total 53.722ms
08-04 22:03:09.935 23454 23454 W RecyclerView: Cannot call this method in a scroll callback. Scroll callbacks mightbe run during a measure & layout pass where you cannot change theRecyclerView data. Any method call that might change the structureof the RecyclerView or the adapter contents should be postponed tothe next frame.
08-04 22:03:09.935 23454 23454 W RecyclerView: java.lang.IllegalStateException:  androidx.recyclerview.widget.RecyclerView{293867c VFED..... .F....ID 0,0-1440,2140 #7f0900ef app:id/scrollbar_recyclerview_recyclerview}, adapter:baseline.org.quantumbadger.redreader.adapters.GroupedRecyclerViewAdapter@bb23b05, layout:androidx.recyclerview.widget.LinearLayoutManager@3bcd75a, context:baseline.org.quantumbadger.redreader.activities.PostListingActivity@79be10f
08-04 22:03:09.935 23454 23454 W RecyclerView: 	at androidx.recyclerview.widget.RecyclerView.assertNotInLayoutOrScroll(RecyclerView.java:3061)
08-04 22:03:09.935 23454 23454 W RecyclerView: 	at androidx.recyclerview.widget.RecyclerView$RecyclerViewDataObserver.onItemRangeInserted(RecyclerView.java:5555)
08-04 22:03:09.935 23454 23454 W RecyclerView: 	at androidx.recyclerview.widget.RecyclerView$AdapterDataObservable.notifyItemRangeInserted(RecyclerView.java:12278)
08-04 22:03:09.935 23454 23454 W RecyclerView: 	at androidx.recyclerview.widget.RecyclerView$Adapter.notifyItemInserted(RecyclerView.java:7464)
08-04 22:03:09.935 23454 23454 W RecyclerView: 	at baseline.org.quantumbadger.redreader.adapters.GroupedRecyclerViewAdapter.updateHiddenStatus(GroupedRecyclerViewAdapter.java:279)
08-04 22:03:09.935 23454 23454 W RecyclerView: 	at baseline.org.quantumbadger.redreader.adapters.RedditListingManager.setLoadingVisible(RedditListingManager.java:125)
08-04 22:03:09.935 23454 23454 W RecyclerView: 	at baseline.org.quantumbadger.redreader.fragments.PostListingFragment.onLoadMoreItemsCheck(PostListingFragment.java:465)
08-04 22:03:09.935 23454 23454 W RecyclerView: 	at baseline.org.quantumbadger.redreader.fragments.PostListingFragment.access$000(PostListingFragment.java:98)
08-04 22:03:09.935 23454 23454 W RecyclerView: 	at baseline.org.quantumbadger.redreader.fragments.PostListingFragment$2.onScrolled(PostListingFragment.java:215)
08-04 22:03:09.935 23454 23454 W RecyclerView: 	at androidx.recyclerview.widget.RecyclerView.dispatchOnScrolled(RecyclerView.java:5173)
08-04 22:03:09.935 23454 23454 W RecyclerView: 	at androidx.recyclerview.widget.RecyclerView.dispatchLayoutStep3(RecyclerView.java:4231)
08-04 22:03:09.935 23454 23454 W RecyclerView: 	at androidx.recyclerview.widget.RecyclerView.dispatchLayout(RecyclerView.java:3862)
08-04 22:03:09.935 23454 23454 W RecyclerView: 	at androidx.recyclerview.widget.RecyclerView.consumePendingUpdateOperations(RecyclerView.java:1897)
08-04 22:03:09.935 23454 23454 W RecyclerView: 	at androidx.recyclerview.widget.RecyclerView$1.run(RecyclerView.java:414)
08-04 22:03:09.935 23454 23454 W RecyclerView: 	at android.view.Choreographer$CallbackRecord.run(Choreographer.java:858)
08-04 22:03:09.935 23454 23454 W RecyclerView: 	at android.view.Choreographer.doCallbacks(Choreographer.java:670)
08-04 22:03:09.935 23454 23454 W RecyclerView: 	at android.view.Choreographer.doFrame(Choreographer.java:603)
08-04 22:03:09.935 23454 23454 W RecyclerView: 	at android.view.Choreographer$FrameDisplayEventReceiver.run(Choreographer.java:844)
08-04 22:03:09.935 23454 23454 W RecyclerView: 	at android.os.Handler.handleCallback(Handler.java:739)
08-04 22:03:09.935 23454 23454 W RecyclerView: 	at android.os.Handler.dispatchMessage(Handler.java:95)
08-04 22:03:09.935 23454 23454 W RecyclerView: 	at android.os.Looper.loop(Looper.java:148)
08-04 22:03:09.935 23454 23454 W RecyclerView: 	at android.app.ActivityThread.main(ActivityThread.java:5417)
08-04 22:03:09.935 23454 23454 W RecyclerView: 	at java.lang.reflect.Method.invoke(Native Method)
08-04 22:03:09.935 23454 23454 W RecyclerView: 	at com.android.internal.os.ZygoteInit$MethodAndArgsCaller.run(ZygoteInit.java:726)
08-04 22:03:09.935 23454 23454 W RecyclerView: 	at com.android.internal.os.ZygoteInit.main(ZygoteInit.java:616)
08-04 22:03:09.939 23454 23517 I art     : Starting a blocking GC Explicit
08-04 22:03:09.945 23454 25328 I NAPPA_EXPERIMENTATION: MetricNetworkRequestExecutionTime: REQUEST_DURATION_SYSTEM='320',REQUEST_DURATION_OKHTTP='191',REQUEST_SYNCHRONOUS='TRUE',RESPONSE_CODE='200',RESPONSE_METHOD='GET',RESPONSE_LENGTH_OKHTTP='4804',RESPONSE_LENGTH_HEADER='4804',REQUEST_PROTOCOL='h2',REQUEST_URL='https://b.thumbs.redditmedia.com/MGaOJeZl7UsmdtroJopYU_36HUNvQ9LUV5WFH_FJ2vI.jpg',
08-04 22:03:09.946 23454 25328 D OK      : request got status: 200
08-04 22:03:09.973 23454 25327 I NAPPA_EXPERIMENTATION: MetricNetworkRequestExecutionTime: REQUEST_DURATION_SYSTEM='400',REQUEST_DURATION_OKHTTP='210',REQUEST_SYNCHRONOUS='TRUE',RESPONSE_CODE='200',RESPONSE_METHOD='GET',RESPONSE_LENGTH_OKHTTP='2613',RESPONSE_LENGTH_HEADER='2613',REQUEST_PROTOCOL='h2',REQUEST_URL='https://b.thumbs.redditmedia.com/KH2o_q4MXufUdRChsfwLtl6gnEnT8MJtZn3Tyj5ZmBU.jpg',
08-04 22:03:09.974 23454 25327 D OK      : request got status: 200
08-04 22:03:09.980 23454 25325 I NAPPA_EXPERIMENTATION: MetricNetworkRequestExecutionTime: REQUEST_DURATION_SYSTEM='455',REQUEST_DURATION_OKHTTP='210',REQUEST_SYNCHRONOUS='TRUE',RESPONSE_CODE='200',RESPONSE_METHOD='GET',RESPONSE_LENGTH_OKHTTP='2558',RESPONSE_LENGTH_HEADER='2558',REQUEST_PROTOCOL='h2',REQUEST_URL='https://b.thumbs.redditmedia.com/RROcLjDSUc0QV1UeQ1txXdyl1C_7233mmsMgtYXxQzo.jpg',
08-04 22:03:09.981 23454 25325 D OK      : request got status: 200
08-04 22:03:09.981 23454 25326 I NAPPA_EXPERIMENTATION: MetricNetworkRequestExecutionTime: REQUEST_DURATION_SYSTEM='422',REQUEST_DURATION_OKHTTP='215',REQUEST_SYNCHRONOUS='TRUE',RESPONSE_CODE='200',RESPONSE_METHOD='GET',RESPONSE_LENGTH_OKHTTP='3750',RESPONSE_LENGTH_HEADER='3750',REQUEST_PROTOCOL='h2',REQUEST_URL='https://a.thumbs.redditmedia.com/N-frnMqRYp_XiaGds7kPbHf82a876RNKSQ1iw0LzHR0.jpg',
08-04 22:03:09.981 23454 25326 D OK      : request got status: 200
08-04 22:03:09.982 23454 23517 I art     : Explicit concurrent mark sweep GC freed 3495(276KB) AllocSpace objects, 1(68KB) LOS objects, 37% free, 26MB/42MB, paused 812us total 43.395ms
08-04 22:03:09.985 23454 25343 I NAPPA_EXPERIMENTATION: MetricNetworkRequestExecutionTime: REQUEST_DURATION_SYSTEM='208',REQUEST_DURATION_OKHTTP='207',REQUEST_SYNCHRONOUS='TRUE',RESPONSE_CODE='200',RESPONSE_METHOD='GET',RESPONSE_LENGTH_OKHTTP='6940',RESPONSE_LENGTH_HEADER='6940',REQUEST_PROTOCOL='h2',REQUEST_URL='https://a.thumbs.redditmedia.com/aVhMBmGX07uX0KhK0rKdhMvQ4UsOJIHN4KeTaa36EF4.jpg',
08-04 22:03:09.985 23454 25343 D OK      : request got status: 200
08-04 22:03:10.000 23454 23517 I art     : Starting a blocking GC Explicit
08-04 22:03:10.033 23454 25329 I NAPPA_EXPERIMENTATION: MetricNetworkRequestExecutionTime: REQUEST_DURATION_SYSTEM='342',REQUEST_DURATION_OKHTTP='196',REQUEST_SYNCHRONOUS='TRUE',RESPONSE_CODE='200',RESPONSE_METHOD='GET',RESPONSE_LENGTH_OKHTTP='4818',RESPONSE_LENGTH_HEADER='4818',REQUEST_PROTOCOL='h2',REQUEST_URL='https://a.thumbs.redditmedia.com/-D0hxchgus9EyzvGqvnabK_3Obl93tMfG9G58V1QwW8.jpg',
08-04 22:03:10.033 23454 25329 D OK      : request got status: 200
08-04 22:03:10.041 23454 25330 I NAPPA_EXPERIMENTATION: MetricNetworkRequestExecutionTime: REQUEST_DURATION_SYSTEM='325',REQUEST_DURATION_OKHTTP='169',REQUEST_SYNCHRONOUS='TRUE',RESPONSE_CODE='200',RESPONSE_METHOD='GET',RESPONSE_LENGTH_OKHTTP='6132',RESPONSE_LENGTH_HEADER='6132',REQUEST_PROTOCOL='h2',REQUEST_URL='https://b.thumbs.redditmedia.com/zCaV9kuSMZxmMvdmErGyUsYNdPrmX8LP9_Ee4QTT16g.jpg',
08-04 22:03:10.041 23454 25330 D OK      : request got status: 200
08-04 22:03:10.041 23454 23517 I art     : Explicit concurrent mark sweep GC freed 1122(133KB) AllocSpace objects, 9(372KB) LOS objects, 36% free, 27MB/43MB, paused 708us total 41.161ms
08-04 22:03:10.059 23454 23517 I art     : Starting a blocking GC Explicit
08-04 22:03:10.089 23454 25333 I NAPPA_EXPERIMENTATION: MetricNetworkRequestExecutionTime: REQUEST_DURATION_SYSTEM='355',REQUEST_DURATION_OKHTTP='203',REQUEST_SYNCHRONOUS='TRUE',RESPONSE_CODE='200',RESPONSE_METHOD='GET',RESPONSE_LENGTH_OKHTTP='4987',RESPONSE_LENGTH_HEADER='4987',REQUEST_PROTOCOL='h2',REQUEST_URL='https://b.thumbs.redditmedia.com/4EGkxZNzrzt-RCtd035cWyO0BipdbDVuPwi4W2v4TyM.jpg',
08-04 22:03:10.089 23454 25333 D OK      : request got status: 200
08-04 22:03:10.099 23454 23517 I art     : Explicit concurrent mark sweep GC freed 1452(215KB) AllocSpace objects, 20(1344KB) LOS objects, 36% free, 27MB/43MB, paused 499us total 40.321ms
08-04 22:03:10.119 23454 23517 I art     : Starting a blocking GC Explicit
08-04 22:03:10.159 23454 23517 I art     : Explicit concurrent mark sweep GC freed 964(117KB) AllocSpace objects, 11(828KB) LOS objects, 36% free, 27MB/43MB, paused 382us total 39.590ms
08-04 22:03:10.224 25039 25039 I ServiceManager: Waiting for service AtCmdFwd...
08-04 22:03:10.286 23454 25352 D OK      : calling: https://oauth.reddit.com/r/announcements/hot/.json?after=t3_9jf8nh
08-04 22:03:10.479 23454 23467 I art     : Starting a blocking GC Explicit
08-04 22:03:10.528 23454 23467 I art     : Explicit concurrent mark sweep GC freed 3902(186KB) AllocSpace objects, 3(168KB) LOS objects, 36% free, 27MB/43MB, paused 460us total 48.745ms
08-04 22:03:10.546 23454 23467 I art     : Starting a blocking GC Explicit
08-04 22:03:10.554 23454 25352 I NAPPA_EXPERIMENTATION: MetricNetworkRequestExecutionTime: REQUEST_DURATION_SYSTEM='267',REQUEST_DURATION_OKHTTP='143',REQUEST_SYNCHRONOUS='TRUE',RESPONSE_CODE='200',RESPONSE_METHOD='GET',RESPONSE_LENGTH_OKHTTP='-1',RESPONSE_LENGTH_HEADER='65685',REQUEST_PROTOCOL='h2',REQUEST_URL='https://oauth.reddit.com/r/announcements/hot/.json?after=t3_9jf8nh',
08-04 22:03:10.554 23454 25352 D OK      : request got status: 200
08-04 22:03:10.563 23454 24028 I PostListingFragment: Precaching images: OFF
08-04 22:03:10.563 23454 24028 I PostListingFragment: Precaching comments: OFF
08-04 22:03:10.592 23454 23467 I art     : Explicit concurrent mark sweep GC freed 1432(178KB) AllocSpace objects, 0(0B) LOS objects, 36% free, 28MB/44MB, paused 729us total 46.544ms
08-04 22:03:10.606 23454 25365 D OK      : calling: https://a.thumbs.redditmedia.com/8P7BG-empihRDWkNYE_LZ8tekikmQtEiymWkwv7obo0.jpg
08-04 22:03:10.612 23454 23467 I art     : Starting a blocking GC Explicit
08-04 22:03:10.650 23454 25366 D OK      : calling: https://b.thumbs.redditmedia.com/PCxvz6Ma5pyTglQOwhW4LZZOY0qIwyWW5pD83dYmMgc.jpg
08-04 22:03:10.660 23454 23467 I art     : Explicit concurrent mark sweep GC freed 3588(181KB) AllocSpace objects, 0(0B) LOS objects, 35% free, 28MB/44MB, paused 917us total 47.648ms
08-04 22:03:10.678 23454 23467 I art     : Starting a blocking GC Explicit
08-04 22:03:10.729 23454 23467 I art     : Explicit concurrent mark sweep GC freed 5956(246KB) AllocSpace objects, 3(100KB) LOS objects, 35% free, 29MB/45MB, paused 787us total 51.072ms
08-04 22:03:10.747 23454 23467 I art     : Starting a blocking GC Explicit
08-04 22:03:10.782 23454 25366 I NAPPA_EXPERIMENTATION: MetricNetworkRequestExecutionTime: REQUEST_DURATION_SYSTEM='131',REQUEST_DURATION_OKHTTP='131',REQUEST_SYNCHRONOUS='TRUE',RESPONSE_CODE='200',RESPONSE_METHOD='GET',RESPONSE_LENGTH_OKHTTP='9233',RESPONSE_LENGTH_HEADER='9233',REQUEST_PROTOCOL='h2',REQUEST_URL='https://b.thumbs.redditmedia.com/PCxvz6Ma5pyTglQOwhW4LZZOY0qIwyWW5pD83dYmMgc.jpg',
08-04 22:03:10.782 23454 25366 D OK      : request got status: 200
08-04 22:03:10.798 23454 23467 I art     : Explicit concurrent mark sweep GC freed 3701(188KB) AllocSpace objects, 3(160KB) LOS objects, 35% free, 29MB/45MB, paused 741us total 50.198ms
08-04 22:03:10.798 23454 23465 I art     : WaitForGcToComplete blocked for 14.283ms for cause HeapTrim
08-04 22:03:10.842 23454 25365 I NAPPA_EXPERIMENTATION: MetricNetworkRequestExecutionTime: REQUEST_DURATION_SYSTEM='236',REQUEST_DURATION_OKHTTP='141',REQUEST_SYNCHRONOUS='TRUE',RESPONSE_CODE='200',RESPONSE_METHOD='GET',RESPONSE_LENGTH_OKHTTP='3039',RESPONSE_LENGTH_HEADER='3039',REQUEST_PROTOCOL='h2',REQUEST_URL='https://a.thumbs.redditmedia.com/8P7BG-empihRDWkNYE_LZ8tekikmQtEiymWkwv7obo0.jpg',
08-04 22:03:10.842 23454 25365 D OK      : request got status: 200
08-04 22:03:11.106 23454 23466 I art     : Starting a blocking GC Explicit
08-04 22:03:11.108 13866 13882 I PeriodicStatsRunner: PeriodicStatsRunner.call():175 call()
08-04 22:03:11.109 13866 13882 I PeriodicStatsRunner: PeriodicStatsRunner.call():179 No submit PeriodicStats since input started.
08-04 22:03:11.155   918  3188 I hubconnection: sensorhub said: 'set_bias 3: -4.9344, 0.0000, 0.0000'
08-04 22:03:11.168 23454 23466 I art     : Explicit concurrent mark sweep GC freed 26258(1357KB) AllocSpace objects, 17(912KB) LOS objects, 36% free, 28MB/44MB, paused 435us total 61.507ms
08-04 22:03:11.190 23454 23466 I art     : Starting a blocking GC Explicit
08-04 22:03:11.225 25039 25039 I ServiceManager: Waiting for service AtCmdFwd...
08-04 22:03:11.237 23454 23466 I art     : Explicit concurrent mark sweep GC freed 983(39KB) AllocSpace objects, 0(0B) LOS objects, 36% free, 28MB/44MB, paused 409us total 47.101ms
08-04 22:03:11.256 23454 23466 I art     : Starting a blocking GC Explicit
08-04 22:03:11.305 23454 23466 I art     : Explicit concurrent mark sweep GC freed 3(96B) AllocSpace objects, 0(0B) LOS objects, 36% free, 28MB/44MB, paused 384us total 49.292ms
08-04 22:03:11.327 23454 23466 I art     : Starting a blocking GC Explicit
08-04 22:03:11.376 23454 23466 I art     : Explicit concurrent mark sweep GC freed 3(96B) AllocSpace objects, 0(0B) LOS objects, 36% free, 28MB/44MB, paused 397us total 49.343ms
08-04 22:03:11.395 23454 23466 I art     : Starting a blocking GC Explicit
08-04 22:03:11.448 23454 23466 I art     : Explicit concurrent mark sweep GC freed 3(96B) AllocSpace objects, 0(0B) LOS objects, 36% free, 28MB/44MB, paused 465us total 52.732ms
08-04 22:03:11.786 23454 23517 I art     : Starting a blocking GC Explicit
08-04 22:03:11.850 23454 23517 I art     : Explicit concurrent mark sweep GC freed 1344(82KB) AllocSpace objects, 1(20KB) LOS objects, 36% free, 28MB/44MB, paused 471us total 62.833ms
08-04 22:03:11.871 23454 23517 I art     : Starting a blocking GC Explicit
08-04 22:03:11.921 23454 23517 I art     : Explicit concurrent mark sweep GC freed 20(704B) AllocSpace objects, 0(0B) LOS objects, 36% free, 28MB/44MB, paused 404us total 49.959ms
08-04 22:03:11.940 23454 23517 I art     : Starting a blocking GC Explicit
08-04 22:03:11.986 23454 23517 I art     : Explicit concurrent mark sweep GC freed 3(96B) AllocSpace objects, 0(0B) LOS objects, 36% free, 28MB/44MB, paused 410us total 46.495ms
08-04 22:03:12.005 23454 23517 I art     : Starting a blocking GC Explicit
08-04 22:03:12.056 23454 23517 I art     : Explicit concurrent mark sweep GC freed 3(96B) AllocSpace objects, 0(0B) LOS objects, 36% free, 28MB/44MB, paused 399us total 50.780ms
08-04 22:03:12.075 23454 23517 I art     : Starting a blocking GC Explicit
08-04 22:03:12.124 23454 23517 I art     : Explicit concurrent mark sweep GC freed 3(96B) AllocSpace objects, 0(0B) LOS objects, 36% free, 28MB/44MB, paused 410us total 49.091ms
08-04 22:03:12.225 25039 25039 W Atfwd_Sendcmd: AtCmdFwd service not published, waiting... retryCnt : 2
08-04 22:03:12.454 23454 23973 I art     : Starting a blocking GC Explicit
08-04 22:03:12.504 23454 23973 I art     : Explicit concurrent mark sweep GC freed 1344(82KB) AllocSpace objects, 1(20KB) LOS objects, 36% free, 28MB/44MB, paused 392us total 49.437ms
08-04 22:03:12.523 23454 23973 I art     : Starting a blocking GC Explicit
08-04 22:03:12.573 23454 23973 I art     : Explicit concurrent mark sweep GC freed 20(704B) AllocSpace objects, 0(0B) LOS objects, 36% free, 28MB/44MB, paused 406us total 49.320ms
08-04 22:03:12.591 23454 23973 I art     : Starting a blocking GC Explicit
08-04 22:03:12.642 23454 23973 I art     : Explicit concurrent mark sweep GC freed 3(96B) AllocSpace objects, 0(0B) LOS objects, 36% free, 28MB/44MB, paused 393us total 50.677ms
08-04 22:03:12.661 23454 23973 I art     : Starting a blocking GC Explicit
08-04 22:03:12.710 23454 23973 I art     : Explicit concurrent mark sweep GC freed 3(96B) AllocSpace objects, 0(0B) LOS objects, 36% free, 28MB/44MB, paused 405us total 48.857ms
08-04 22:03:12.729 23454 23973 I art     : Starting a blocking GC Explicit
08-04 22:03:12.781 23454 23973 I art     : Explicit concurrent mark sweep GC freed 3(96B) AllocSpace objects, 0(0B) LOS objects, 36% free, 28MB/44MB, paused 440us total 52.093ms
08-04 22:03:12.947 13866 13882 I PeriodicStatsRunner: PeriodicStatsRunner.call():175 call()
08-04 22:03:12.948 13866 13882 I PeriodicStatsRunner: PeriodicStatsRunner.call():179 No submit PeriodicStats since input started.
08-04 22:03:13.121 23454 23467 I art     : Starting a blocking GC Explicit
08-04 22:03:13.166 23454 23467 I art     : Explicit concurrent mark sweep GC freed 1349(82KB) AllocSpace objects, 1(20KB) LOS objects, 36% free, 28MB/44MB, paused 368us total 44.667ms
08-04 22:03:13.185 23454 23467 I art     : Starting a blocking GC Explicit
08-04 22:03:13.214   518   646 I ThermalEngine: ACTION: GPU - Setting GPU[0] to 510000000
08-04 22:03:13.230 23454 23467 I art     : Explicit concurrent mark sweep GC freed 20(704B) AllocSpace objects, 0(0B) LOS objects, 36% free, 28MB/44MB, paused 396us total 45.478ms
08-04 22:03:13.248 23454 23467 I art     : Starting a blocking GC Explicit
08-04 22:03:13.285 23454 23467 I art     : Explicit concurrent mark sweep GC freed 3(96B) AllocSpace objects, 0(0B) LOS objects, 36% free, 28MB/44MB, paused 296us total 36.716ms
08-04 22:03:13.299 23454 23467 I art     : Starting a blocking GC Explicit
08-04 22:03:13.335 23454 23467 I art     : Explicit concurrent mark sweep GC freed 3(96B) AllocSpace objects, 0(0B) LOS objects, 36% free, 28MB/44MB, paused 296us total 35.595ms
08-04 22:03:13.349 23454 23467 I art     : Starting a blocking GC Explicit
08-04 22:03:13.385 23454 23467 I art     : Explicit concurrent mark sweep GC freed 3(96B) AllocSpace objects, 0(0B) LOS objects, 36% free, 28MB/44MB, paused 294us total 35.584ms
08-04 22:03:13.521 25409 25409 D AndroidRuntime: >>>>>> START com.android.internal.os.RuntimeInit uid 2000 <<<<<<
08-04 22:03:13.528 25409 25409 D AndroidRuntime: CheckJNI is OFF
08-04 22:03:13.560 25409 25409 D ICU     : No timezone override file found: /data/misc/zoneinfo/current/icu/icu_tzdata.dat
08-04 22:03:13.592 25409 25409 I Radio-JNI: register_android_hardware_Radio DONE
08-04 22:03:13.614 25409 25409 D AndroidRuntime: Calling main entry com.android.commands.input.Input
08-04 22:03:13.616 25409 25409 I Input   : injectMotionEvent: MotionEvent { action=ACTION_DOWN, actionButton=0, id[0]=0, x[0]=600.0, y[0]=580.0, toolType[0]=TOOL_TYPE_UNKNOWN, buttonState=0, metaState=0, flags=0x0, edgeFlags=0x0, pointerCount=1, historySize=0, eventTime=741810029, downTime=741810029, deviceId=0, source=0x1002 }
08-04 22:03:13.621 25409 25409 I Input   : injectMotionEvent: MotionEvent { action=ACTION_UP, actionButton=0, id[0]=0, x[0]=600.0, y[0]=580.0, toolType[0]=TOOL_TYPE_UNKNOWN, buttonState=0, metaState=0, flags=0x0, edgeFlags=0x0, pointerCount=1, historySize=0, eventTime=741810029, downTime=741810029, deviceId=0, source=0x1002 }
08-04 22:03:13.623 25409 25409 D AndroidRuntime: Shutting down VM
08-04 22:03:13.630   512  2967 D audio_hw_primary: out_set_parameters: enter: usecase(1: low-latency-playback) kvpairs: routing=2
08-04 22:03:13.631   918  3961 I ActivityManager: START u0 {cmp=baseline.org.quantumbadger.redreader/.activities.WebViewActivity (has extras)} from uid 10666 on display 0
08-04 22:03:13.644   512  2967 D audio_hw_primary: select_devices: out_snd_device(2: speaker) in_snd_device(0: none)
08-04 22:03:13.644   512  2967 D msm8974_platform: platform_send_audio_calibration: sending audio calibration for snd_device(2) acdb_id(15)
08-04 22:03:13.644   512  2967 I soundtrigger: audio_extn_sound_trigger_update_device_status: device 0x2 of type 0 for Event 1
08-04 22:03:13.657 23454 23454 I AppCompatViewInflater: app:theme is now deprecated. Please move to using android:theme instead.
08-04 22:03:13.658   512  2967 D audio_hw_primary: enable_snd_device: snd_device(2: speaker)
08-04 22:03:13.660   512  2967 D audio_hw_primary: enable_audio_route: apply and update mixer path: low-latency-playback speaker
08-04 22:03:13.672 23454 23454 I WebViewFactory: Loading com.google.android.webview version 84.0.4147.89 (code 414708953)
08-04 22:03:13.699 23454 23517 I art     : Starting a blocking GC Explicit
08-04 22:03:13.736 23454 23517 I art     : Explicit concurrent mark sweep GC freed 5853(460KB) AllocSpace objects, 1(20KB) LOS objects, 35% free, 29MB/45MB, paused 805us total 36.520ms
08-04 22:03:13.742 23454 23454 I cr_LibraryLoader: Loaded native library version number "84.0.4147.89"
08-04 22:03:13.742 23454 23454 I cr_CachingUmaRecorder: Flushed 5 samples from 5 histograms.
08-04 22:03:13.749 23454 23517 I art     : Starting a blocking GC Explicit
08-04 22:03:13.777 23454 23454 E chromium: [ERROR:filesystem_posix.cc(62)] mkdir /data/user/0/baseline.org.quantumbadger.redreader/cache/WebView/Crashpad: No such file or directory (2)
08-04 22:03:13.785 23454 23517 I art     : Explicit concurrent mark sweep GC freed 7185(651KB) AllocSpace objects, 5(116KB) LOS objects, 35% free, 28MB/44MB, paused 780us total 35.486ms
08-04 22:03:13.802 23454 23517 I art     : Starting a blocking GC Explicit
08-04 22:03:13.843 23454 23517 I art     : Explicit concurrent mark sweep GC freed 999(84KB) AllocSpace objects, 0(0B) LOS objects, 35% free, 28MB/44MB, paused 1.118ms total 40.875ms
08-04 22:03:13.857 23454 23517 I art     : Starting a blocking GC Explicit
08-04 22:03:13.863   918  4413 D ConnectivityService: listenForNetwork for Listen from uid/pid:10666/23454 for NetworkRequest [ id=2963, legacyType=-1, [ Capabilities: INTERNET&NOT_RESTRICTED&TRUSTED] ]
08-04 22:03:13.892 23454 23517 I art     : Explicit concurrent mark sweep GC freed 2322(148KB) AllocSpace objects, 0(0B) LOS objects, 35% free, 29MB/45MB, paused 758us total 34.824ms
08-04 22:03:13.911 23454 25449 W cr_media: Requires BLUETOOTH permission
08-04 22:03:13.929 23454 25461 E libEGL  : validate_display:255 error 3008 (EGL_BAD_DISPLAY)
08-04 22:03:13.938 23454 23517 I art     : Starting a blocking GC Explicit
08-04 22:03:13.982 23454 23517 I art     : Explicit concurrent mark sweep GC freed 1172(99KB) AllocSpace objects, 0(0B) LOS objects, 35% free, 29MB/45MB, paused 447us total 43.939ms
08-04 22:03:14.045 13866 13866 I GoogleInputMethodServic: GoogleInputMethodService.onFinishInput():3138 
08-04 22:03:14.046 13866 13866 I GoogleInputMethodServic: GoogleInputMethodService.onStartInput():1808 
08-04 22:03:14.046   918   936 I ActivityManager: Displayed baseline.org.quantumbadger.redreader/.activities.WebViewActivity: +405ms
08-04 22:03:14.210   512  2967 D audio_hw_primary: disable_audio_route: reset and update mixer path: low-latency-playback speaker
08-04 22:03:14.213   512  2967 D audio_hw_primary: disable_snd_device: snd_device(2: speaker)
08-04 22:03:14.222   512  2967 I soundtrigger: audio_extn_sound_trigger_update_device_status: device 0x2 of type 0 for Event 0
08-04 22:03:14.277 23454 23973 I art     : Starting a blocking GC Explicit
08-04 22:03:14.291   380   380 W SurfaceFlinger: couldn't log to binary event log: overflow.
08-04 22:03:14.320 23454 23973 I art     : Explicit concurrent mark sweep GC freed 5042(278KB) AllocSpace objects, 4(220KB) LOS objects, 35% free, 29MB/45MB, paused 393us total 42.623ms
08-04 22:03:14.335 23454 23973 I art     : Starting a blocking GC Explicit
08-04 22:03:14.367 23454 23973 I art     : Explicit concurrent mark sweep GC freed 1004(119KB) AllocSpace objects, 0(0B) LOS objects, 35% free, 29MB/45MB, paused 317us total 31.711ms
08-04 22:03:14.381 23454 23973 I art     : Starting a blocking GC Explicit
08-04 22:03:14.417 23454 23973 I art     : Explicit concurrent mark sweep GC freed 107(3KB) AllocSpace objects, 0(0B) LOS objects, 35% free, 29MB/45MB, paused 418us total 36.470ms
08-04 22:03:14.432 23454 23973 I art     : Starting a blocking GC Explicit
08-04 22:03:14.468 23454 23973 I art     : Explicit concurrent mark sweep GC freed 287(25KB) AllocSpace objects, 0(0B) LOS objects, 35% free, 29MB/45MB, paused 941us total 35.916ms
08-04 22:03:14.483 23454 23973 I art     : Starting a blocking GC Explicit
08-04 22:03:14.517 23454 23973 I art     : Explicit concurrent mark sweep GC freed 748(54KB) AllocSpace objects, 0(0B) LOS objects, 35% free, 29MB/45MB, paused 400us total 33.839ms
08-04 22:03:14.804 23454 23973 I art     : Starting a blocking GC Explicit
08-04 22:03:14.842 23454 23973 I art     : Explicit concurrent mark sweep GC freed 3419(170KB) AllocSpace objects, 1(20KB) LOS objects, 35% free, 29MB/45MB, paused 489us total 38.090ms
08-04 22:03:14.856 23454 23973 I art     : Starting a blocking GC Explicit
08-04 22:03:14.891 23454 23973 I art     : Explicit concurrent mark sweep GC freed 66(2208B) AllocSpace objects, 0(0B) LOS objects, 35% free, 29MB/45MB, paused 428us total 34.281ms
08-04 22:03:14.904 23454 23973 I art     : Starting a blocking GC Explicit
08-04 22:03:14.939 23454 23973 I art     : Explicit concurrent mark sweep GC freed 1970(81KB) AllocSpace objects, 0(0B) LOS objects, 35% free, 29MB/45MB, paused 565us total 34.999ms
08-04 22:03:14.954 23454 23973 I art     : Starting a blocking GC Explicit
08-04 22:03:14.987 23454 23973 I art     : Explicit concurrent mark sweep GC freed 49(1600B) AllocSpace objects, 0(0B) LOS objects, 35% free, 29MB/45MB, paused 476us total 33.646ms
08-04 22:03:15.001 23454 23973 I art     : Starting a blocking GC Explicit
08-04 22:03:15.033 23454 23973 I art     : Explicit concurrent mark sweep GC freed 3(96B) AllocSpace objects, 0(0B) LOS objects, 35% free, 29MB/45MB, paused 437us total 31.692ms
08-04 22:03:15.219   518   646 I ThermalEngine: ACTION: GPU - Setting GPU[0] to 450000000
08-04 22:03:15.286 23454 23454 I Choreographer: Skipped 41 frames!  The application may be doing too much work on its main thread.
08-04 22:03:15.385 23454 23517 I art     : Starting a blocking GC Explicit
08-04 22:03:15.461 23454 23517 I art     : Explicit concurrent mark sweep GC freed 1379(83KB) AllocSpace objects, 1(20KB) LOS objects, 35% free, 29MB/45MB, paused 556us total 73.193ms
08-04 22:03:15.504 23454 23517 I art     : Starting a blocking GC Explicit
08-04 22:03:15.562 23454 23517 I art     : Explicit concurrent mark sweep GC freed 31(1040B) AllocSpace objects, 0(0B) LOS objects, 35% free, 29MB/45MB, paused 711us total 57.947ms
08-04 22:03:15.583 23454 23517 I art     : Starting a blocking GC Explicit
08-04 22:03:15.632 23454 23517 I art     : Explicit concurrent mark sweep GC freed 21(656B) AllocSpace objects, 0(0B) LOS objects, 35% free, 29MB/45MB, paused 533us total 48.383ms
08-04 22:03:15.651 23454 23517 I art     : Starting a blocking GC Explicit
08-04 22:03:15.696 23454 23517 I art     : Explicit concurrent mark sweep GC freed 20(624B) AllocSpace objects, 0(0B) LOS objects, 35% free, 29MB/45MB, paused 553us total 45.051ms
08-04 22:03:15.715 23454 23517 I art     : Starting a blocking GC Explicit
08-04 22:03:15.761 23454 23517 I art     : Explicit concurrent mark sweep GC freed 15(480B) AllocSpace objects, 0(0B) LOS objects, 35% free, 29MB/45MB, paused 794us total 46.117ms
08-04 22:03:16.125 23454 23517 I art     : Starting a blocking GC Explicit
08-04 22:03:16.175 23454 23517 I art     : Explicit concurrent mark sweep GC freed 1536(114KB) AllocSpace objects, 1(20KB) LOS objects, 35% free, 29MB/45MB, paused 572us total 50.312ms
08-04 22:03:16.176 23454 23465 I art     : WaitForGcToComplete blocked for 7.458ms for cause HeapTrim
08-04 22:03:16.194 23454 23517 I art     : Starting a blocking GC Explicit
08-04 22:03:16.240 23454 23517 I art     : Explicit concurrent mark sweep GC freed 85(2912B) AllocSpace objects, 0(0B) LOS objects, 35% free, 29MB/45MB, paused 546us total 45.358ms
08-04 22:03:16.258 23454 23517 I art     : Starting a blocking GC Explicit
08-04 22:03:16.306 23454 23517 I art     : Explicit concurrent mark sweep GC freed 3(96B) AllocSpace objects, 0(0B) LOS objects, 35% free, 29MB/45MB, paused 555us total 47.548ms
08-04 22:03:16.324 23454 23517 I art     : Starting a blocking GC Explicit
08-04 22:03:16.340 23454 23454 I chromium: [INFO:CONSOLE(1)] "
08-04 22:03:16.340 23454 23454 I chromium:                   ,d"=,.,qOp,
08-04 22:03:16.340 23454 23454 I chromium:                  ,7'  ''$(  )
08-04 22:03:16.340 23454 23454 I chromium:                 ,7'      '?q$7'
08-04 22:03:16.340 23454 23454 I chromium:              ..,$$,.
08-04 22:03:16.340 23454 23454 I chromium:    ,.  .,,--***""***--,,.  .,
08-04 22:03:16.340 23454 23454 I chromium:     ,p''              ''q,   
08-04 22:03:16.340 23454 23454 I chromium: :  ,7'                      '7,  :
08-04 22:03:16.340 23454 23454 I chromium:  ' $      ,db,      ,db,      $ '
08-04 22:03:16.340 23454 23454 I chromium:   '$      $$      $$      $'    Using Reddit at work? Work for Reddit.
08-04 22:03:16.340 23454 23454 I chromium:   '$                          $'        https://www.reddit.com/jobs
08-04 22:03:16.340 23454 23454 I chromium:    '$.     .,        ,.     .$'
08-04 22:03:16.340 23454 23454 I chromium:     'b,     ''     ,d'
08-04 22:03:16.340 23454 23454 I chromium:      '?bn,,          ,,nd?'
08-04 22:03:16.340 23454 23454 I chromium:        ,7$ '''' $7,
08-04 22:03:16.340 23454 23454 I chromium:      , $              $ ,
08-04 22:03:16.340 23454 23454 I chromium:      $  :$              $:  $
08-04 22:03:16.340 23454 23454 I chromium:      $   $              $   $
08-04 22:03:16.340 23454 23454 I chromium:      'b  q:            :p  d'
08-04 22:03:16.340 23454 23454 I chromium:       '?$.          .$?'
08-04 22:03:16.340 23454 23454 I chromium:          'b            d'
08-04 22:03:16.340 23454 23454 I chromium:        ,'?,.      .,?',
08-04 22:03:16.340 23454 23454 I chromium:       ==--==--==--==
08-04 22:03:16.340 23454 23454 I chromium: ", source: https://www.redditstatic.com/desktop2x/Chat~Governance~Reddit.2ea93b134a9b2e5b1d9a.js (1)
08-04 22:03:16.372 23454 23517 I art     : Explicit concurrent mark sweep GC freed 9(2464B) AllocSpace objects, 0(0B) LOS objects, 35% free, 29MB/45MB, paused 592us total 47.147ms
08-04 22:03:16.390 23454 23517 I art     : Starting a blocking GC Explicit
08-04 22:03:16.438 23454 23517 I art     : Explicit concurrent mark sweep GC freed 6(544B) AllocSpace objects, 0(0B) LOS objects, 35% free, 29MB/45MB, paused 559us total 47.841ms
08-04 22:03:16.833 23454 23973 I art     : Starting a blocking GC Explicit
08-04 22:03:16.881 23454 23973 I art     : Explicit concurrent mark sweep GC freed 1367(83KB) AllocSpace objects, 1(20KB) LOS objects, 35% free, 29MB/45MB, paused 556us total 47.269ms
08-04 22:03:16.902 23454 23973 I art     : Starting a blocking GC Explicit
08-04 22:03:16.952 23454 23973 I art     : Explicit concurrent mark sweep GC freed 22(768B) AllocSpace objects, 0(0B) LOS objects, 35% free, 29MB/45MB, paused 544us total 49.185ms
08-04 22:03:16.970 23454 23973 I art     : Starting a blocking GC Explicit
08-04 22:03:17.017 23454 23973 I art     : Explicit concurrent mark sweep GC freed 3(96B) AllocSpace objects, 0(0B) LOS objects, 35% free, 29MB/45MB, paused 546us total 46.351ms
08-04 22:03:17.035 23454 23973 I art     : Starting a blocking GC Explicit
08-04 22:03:17.082 23454 23973 I art     : Explicit concurrent mark sweep GC freed 3(96B) AllocSpace objects, 0(0B) LOS objects, 35% free, 29MB/45MB, paused 505us total 46.424ms
08-04 22:03:17.101 23454 23973 I art     : Starting a blocking GC Explicit
08-04 22:03:17.148 23454 23973 I art     : Explicit concurrent mark sweep GC freed 3(96B) AllocSpace objects, 0(0B) LOS objects, 35% free, 29MB/45MB, paused 565us total 46.855ms
08-04 22:03:17.516 23454 23973 I art     : Starting a blocking GC Explicit
08-04 22:03:17.560 23454 23973 I art     : Explicit concurrent mark sweep GC freed 1566(94KB) AllocSpace objects, 1(20KB) LOS objects, 35% free, 29MB/45MB, paused 493us total 42.930ms
08-04 22:03:17.578 23454 23973 I art     : Starting a blocking GC Explicit
08-04 22:03:17.623 23454 23973 I art     : Explicit concurrent mark sweep GC freed 20(704B) AllocSpace objects, 0(0B) LOS objects, 35% free, 29MB/45MB, paused 537us total 45.174ms
08-04 22:03:17.647 23454 23973 I art     : Starting a blocking GC Explicit
08-04 22:03:17.697 23454 23973 I art     : Explicit concurrent mark sweep GC freed 3(96B) AllocSpace objects, 0(0B) LOS objects, 35% free, 29MB/45MB, paused 511us total 49.166ms
08-04 22:03:17.715 23454 23973 I art     : Starting a blocking GC Explicit
08-04 22:03:17.769 23454 23973 I art     : Explicit concurrent mark sweep GC freed 3(96B) AllocSpace objects, 0(0B) LOS objects, 35% free, 29MB/45MB, paused 673us total 53.814ms
08-04 22:03:17.789 23454 23973 I art     : Starting a blocking GC Explicit
08-04 22:03:17.834 23454 23973 I art     : Explicit concurrent mark sweep GC freed 7(208B) AllocSpace objects, 0(0B) LOS objects, 35% free, 29MB/45MB, paused 459us total 44.333ms
08-04 22:03:18.221 23454 23973 I art     : Starting a blocking GC Explicit
08-04 22:03:18.278 23454 23973 I art     : Explicit concurrent mark sweep GC freed 1366(85KB) AllocSpace objects, 1(20KB) LOS objects, 35% free, 29MB/45MB, paused 505us total 57.129ms
08-04 22:03:18.296 23454 23973 I art     : Starting a blocking GC Explicit
08-04 22:03:18.346 23454 23973 I art     : Explicit concurrent mark sweep GC freed 66(3KB) AllocSpace objects, 0(0B) LOS objects, 35% free, 29MB/45MB, paused 447us total 49.648ms
08-04 22:03:18.364 23454 23973 I art     : Starting a blocking GC Explicit
08-04 22:03:18.408 23454 23973 I art     : Explicit concurrent mark sweep GC freed 3(96B) AllocSpace objects, 0(0B) LOS objects, 35% free, 29MB/45MB, paused 509us total 44.067ms
08-04 22:03:18.426 23454 23973 I art     : Starting a blocking GC Explicit
08-04 22:03:18.477 23454 23973 I art     : Explicit concurrent mark sweep GC freed 3(96B) AllocSpace objects, 0(0B) LOS objects, 35% free, 29MB/45MB, paused 509us total 49.919ms
08-04 22:03:18.495 23454 23973 I art     : Starting a blocking GC Explicit
08-04 22:03:18.542 23454 23973 I art     : Explicit concurrent mark sweep GC freed 3(96B) AllocSpace objects, 0(0B) LOS objects, 35% free, 29MB/45MB, paused 512us total 46.803ms
08-04 22:03:18.642 23454 25433 I RedditChangeDataIO: Writing tmp data file at '/data/user/0/baseline.org.quantumbadger.redreader/files/rr_change_data_tmp.dat'
08-04 22:03:18.643 23454 25433 I RedditChangeDataManager: Taking snapshot...
08-04 22:03:18.643 23454 25433 I RedditChangeDataManager: Writing to stream...
08-04 22:03:18.643 23454 25433 I RedditChangeDataManager: Wrote 4 entries for user ''
08-04 22:03:18.644 23454 25433 I RedditChangeDataManager: All entries written to stream.
08-04 22:03:18.644 23454 25433 I RedditChangeDataIO: Write successful. Atomically replacing data file...
08-04 22:03:18.644 23454 25433 I RedditChangeDataIO: Write complete.
08-04 22:03:18.645 23454 25433 I RedditChangeDataIO: 110 bytes written in 3 ms
08-04 22:03:18.921 23454 23467 I art     : Starting a blocking GC Explicit
08-04 22:03:18.979 23454 23467 I art     : Explicit concurrent mark sweep GC freed 1436(87KB) AllocSpace objects, 2(88KB) LOS objects, 35% free, 29MB/45MB, paused 563us total 56.920ms
08-04 22:03:18.998 23454 23467 I art     : Starting a blocking GC Explicit
08-04 22:03:19.048 13866 13882 I PeriodicStatsRunner: PeriodicStatsRunner.call():175 call()
08-04 22:03:19.049 13866 13882 I PeriodicStatsRunner: PeriodicStatsRunner.call():179 No submit PeriodicStats since input started.
08-04 22:03:19.049 23454 23467 I art     : Explicit concurrent mark sweep GC freed 23(800B) AllocSpace objects, 0(0B) LOS objects, 35% free, 29MB/45MB, paused 470us total 51.628ms
08-04 22:03:19.068 23454 23467 I art     : Starting a blocking GC Explicit
08-04 22:03:19.116 23454 23467 I art     : Explicit concurrent mark sweep GC freed 3(96B) AllocSpace objects, 0(0B) LOS objects, 35% free, 29MB/45MB, paused 622us total 47.489ms
08-04 22:03:19.135 23454 23467 I art     : Starting a blocking GC Explicit
08-04 22:03:19.186 23454 23467 I art     : Explicit concurrent mark sweep GC freed 5(176B) AllocSpace objects, 0(0B) LOS objects, 35% free, 29MB/45MB, paused 509us total 50.560ms
08-04 22:03:19.204 23454 23467 I art     : Starting a blocking GC Explicit
08-04 22:03:19.261 23454 23467 I art     : Explicit concurrent mark sweep GC freed 3(96B) AllocSpace objects, 0(0B) LOS objects, 35% free, 29MB/45MB, paused 514us total 56.149ms
08-04 22:03:19.667 23454 23973 I art     : Starting a blocking GC Explicit
08-04 22:03:19.717 23454 23973 I art     : Explicit concurrent mark sweep GC freed 1355(82KB) AllocSpace objects, 1(20KB) LOS objects, 35% free, 29MB/45MB, paused 498us total 49.370ms
08-04 22:03:19.738 23454 23973 I art     : Starting a blocking GC Explicit
08-04 22:03:19.789 23454 23973 I art     : Explicit concurrent mark sweep GC freed 20(704B) AllocSpace objects, 0(0B) LOS objects, 35% free, 29MB/45MB, paused 507us total 50.335ms
08-04 22:03:19.808 23454 23973 I art     : Starting a blocking GC Explicit
08-04 22:03:19.854 23454 23973 I art     : Explicit concurrent mark sweep GC freed 3(96B) AllocSpace objects, 0(0B) LOS objects, 35% free, 29MB/45MB, paused 506us total 45.800ms
08-04 22:03:19.873 23454 23973 I art     : Starting a blocking GC Explicit
08-04 22:03:19.920 23454 23973 I art     : Explicit concurrent mark sweep GC freed 3(96B) AllocSpace objects, 0(0B) LOS objects, 35% free, 29MB/45MB, paused 457us total 46.443ms
08-04 22:03:19.943 23454 23973 I art     : Starting a blocking GC Explicit
08-04 22:03:19.993 23454 23973 I art     : Explicit concurrent mark sweep GC freed 3(96B) AllocSpace objects, 0(0B) LOS objects, 35% free, 29MB/45MB, paused 512us total 49.671ms
08-04 22:03:20.400 23454 23466 I art     : Starting a blocking GC Explicit
08-04 22:03:20.459 23454 23466 I art     : Explicit concurrent mark sweep GC freed 1355(82KB) AllocSpace objects, 1(20KB) LOS objects, 35% free, 29MB/45MB, paused 530us total 57.606ms
08-04 22:03:20.477 23454 23466 I art     : Starting a blocking GC Explicit
08-04 22:03:20.527 23454 23466 I art     : Explicit concurrent mark sweep GC freed 20(704B) AllocSpace objects, 0(0B) LOS objects, 35% free, 29MB/45MB, paused 563us total 48.925ms
08-04 22:03:20.553 23454 23466 I art     : Starting a blocking GC Explicit
08-04 22:03:20.601 23454 23466 I art     : Explicit concurrent mark sweep GC freed 3(96B) AllocSpace objects, 0(0B) LOS objects, 35% free, 29MB/45MB, paused 457us total 47.607ms
08-04 22:03:20.620 23454 23466 I art     : Starting a blocking GC Explicit
08-04 22:03:20.675 23454 23466 I art     : Explicit concurrent mark sweep GC freed 3(96B) AllocSpace objects, 0(0B) LOS objects, 35% free, 29MB/45MB, paused 524us total 54.604ms
08-04 22:03:20.694 23454 23466 I art     : Starting a blocking GC Explicit
08-04 22:03:20.748 23454 23466 I art     : Explicit concurrent mark sweep GC freed 3(96B) AllocSpace objects, 0(0B) LOS objects, 35% free, 29MB/45MB, paused 500us total 53.492ms
08-04 22:03:21.138 23454 23466 I art     : Starting a blocking GC Explicit
08-04 22:03:21.191 23454 23466 I art     : Explicit concurrent mark sweep GC freed 1355(82KB) AllocSpace objects, 1(20KB) LOS objects, 35% free, 29MB/45MB, paused 502us total 52.597ms
08-04 22:03:21.210 23454 23466 I art     : Starting a blocking GC Explicit
08-04 22:03:21.261 23454 23466 I art     : Explicit concurrent mark sweep GC freed 20(704B) AllocSpace objects, 0(0B) LOS objects, 35% free, 29MB/45MB, paused 477us total 51.346ms
08-04 22:03:21.262 23454 23465 I art     : WaitForGcToComplete blocked for 21.282ms for cause HeapTrim
08-04 22:03:21.280 23454 23466 I art     : Starting a blocking GC Explicit
08-04 22:03:21.329 23454 23466 I art     : Explicit concurrent mark sweep GC freed 3(96B) AllocSpace objects, 0(0B) LOS objects, 35% free, 29MB/45MB, paused 595us total 48.382ms
08-04 22:03:21.354 23454 23466 I art     : Starting a blocking GC Explicit
08-04 22:03:21.403 23454 23466 I art     : Explicit concurrent mark sweep GC freed 3(96B) AllocSpace objects, 0(0B) LOS objects, 35% free, 29MB/45MB, paused 449us total 48.706ms
08-04 22:03:21.423 23454 23466 I art     : Starting a blocking GC Explicit
08-04 22:03:21.476 23454 23466 I art     : Explicit concurrent mark sweep GC freed 3(96B) AllocSpace objects, 0(0B) LOS objects, 35% free, 29MB/45MB, paused 505us total 52.585ms
08-04 22:03:21.851 23454 23973 I art     : Starting a blocking GC Explicit
08-04 22:03:21.905 23454 23973 I art     : Explicit concurrent mark sweep GC freed 1355(82KB) AllocSpace objects, 1(20KB) LOS objects, 35% free, 29MB/45MB, paused 702us total 54.022ms
08-04 22:03:21.929 23454 23973 I art     : Starting a blocking GC Explicit
08-04 22:03:21.972 23454 23973 I art     : Explicit concurrent mark sweep GC freed 20(704B) AllocSpace objects, 0(0B) LOS objects, 35% free, 29MB/45MB, paused 484us total 42.173ms
08-04 22:03:21.991 23454 23973 I art     : Starting a blocking GC Explicit
08-04 22:03:22.036 23454 23973 I art     : Explicit concurrent mark sweep GC freed 3(96B) AllocSpace objects, 0(0B) LOS objects, 35% free, 29MB/45MB, paused 472us total 44.185ms
08-04 22:03:22.053 23454 23973 I art     : Starting a blocking GC Explicit
08-04 22:03:22.096 23454 23973 I art     : Explicit concurrent mark sweep GC freed 3(96B) AllocSpace objects, 0(0B) LOS objects, 35% free, 29MB/45MB, paused 492us total 42.963ms
08-04 22:03:22.114 23454 23973 I art     : Starting a blocking GC Explicit
08-04 22:03:22.164 23454 23973 I art     : Explicit concurrent mark sweep GC freed 3(96B) AllocSpace objects, 0(0B) LOS objects, 35% free, 29MB/45MB, paused 458us total 49.865ms
08-04 22:03:22.226 25039 25039 I ServiceManager: Waiting for service AtCmdFwd...
08-04 22:03:22.392 25624 25624 D AndroidRuntime: >>>>>> START com.android.internal.os.RuntimeInit uid 2000 <<<<<<
08-04 22:03:22.398 25624 25624 D AndroidRuntime: CheckJNI is OFF
08-04 22:03:22.443 25624 25624 D ICU     : No timezone override file found: /data/misc/zoneinfo/current/icu/icu_tzdata.dat
08-04 22:03:22.484 25624 25624 I Radio-JNI: register_android_hardware_Radio DONE
08-04 22:03:22.513 25624 25624 D AndroidRuntime: Calling main entry com.android.commands.input.Input
08-04 22:03:22.515 25624 25624 I Input   : injectKeyEvent: KeyEvent { action=ACTION_DOWN, keyCode=KEYCODE_BACK, scanCode=0, metaState=0, flags=0x0, repeatCount=0, eventTime=741818928, downTime=741818928, deviceId=-1, source=0x101 }
08-04 22:03:22.530 25624 25624 I Input   : injectKeyEvent: KeyEvent { action=ACTION_UP, keyCode=KEYCODE_BACK, scanCode=0, metaState=0, flags=0x0, repeatCount=0, eventTime=741818928, downTime=741818928, deviceId=-1, source=0x101 }
08-04 22:03:22.541 25624 25624 D AndroidRuntime: Shutting down VM
08-04 22:03:22.544 23454 23467 I art     : Starting a blocking GC Explicit
08-04 22:03:22.629 13866 13866 I GoogleInputMethodServic: GoogleInputMethodService.onFinishInput():3138 
08-04 22:03:22.629 13866 13866 I GoogleInputMethodServic: GoogleInputMethodService.onStartInput():1808 
08-04 22:03:22.644 23454 23467 I art     : Explicit concurrent mark sweep GC freed 1536(90KB) AllocSpace objects, 1(20KB) LOS objects, 35% free, 29MB/45MB, paused 902us total 99.414ms
08-04 22:03:22.662 23454 23467 I art     : Starting a blocking GC Explicit
08-04 22:03:22.702 23454 23467 I art     : Explicit concurrent mark sweep GC freed 116(3KB) AllocSpace objects, 0(0B) LOS objects, 35% free, 29MB/45MB, paused 474us total 39.868ms
08-04 22:03:22.719 23454 23467 I art     : Starting a blocking GC Explicit
08-04 22:03:22.765 23454 23467 I art     : Explicit concurrent mark sweep GC freed 8(304B) AllocSpace objects, 0(0B) LOS objects, 35% free, 29MB/45MB, paused 548us total 45.504ms
08-04 22:03:22.787 23454 23467 I art     : Starting a blocking GC Explicit
08-04 22:03:22.837 23454 23467 I art     : Explicit concurrent mark sweep GC freed 3(96B) AllocSpace objects, 0(0B) LOS objects, 35% free, 29MB/45MB, paused 547us total 50.246ms
08-04 22:03:22.860 23454 23467 I art     : Starting a blocking GC Explicit
08-04 22:03:22.917 23454 23467 I art     : Explicit concurrent mark sweep GC freed 3(96B) AllocSpace objects, 0(0B) LOS objects, 35% free, 29MB/45MB, paused 530us total 56.713ms
08-04 22:03:22.934   380   380 W SurfaceFlinger: couldn't log to binary event log: overflow.
08-04 22:03:22.976   918  3263 D ConnectivityService: releasing NetworkRequest NetworkRequest [ id=2963, legacyType=-1, [ Capabilities: INTERNET&NOT_RESTRICTED&TRUSTED] ]
08-04 22:03:23.227 25039 25039 I ServiceManager: Waiting for service AtCmdFwd...
08-04 22:03:23.236 23454 23466 I art     : Starting a blocking GC Explicit
08-04 22:03:23.294 23454 23466 I art     : Explicit concurrent mark sweep GC freed 2271(128KB) AllocSpace objects, 1(20KB) LOS objects, 35% free, 29MB/45MB, paused 550us total 58.248ms
08-04 22:03:23.318 23454 23466 I art     : Starting a blocking GC Explicit
08-04 22:03:23.364 23454 23466 I art     : Explicit concurrent mark sweep GC freed 2114(124KB) AllocSpace objects, 1(28KB) LOS objects, 35% free, 29MB/45MB, paused 496us total 45.649ms
08-04 22:03:23.383 23454 23466 I art     : Starting a blocking GC Explicit
08-04 22:03:23.430 23454 23466 I art     : Explicit concurrent mark sweep GC freed 3(96B) AllocSpace objects, 0(0B) LOS objects, 35% free, 29MB/45MB, paused 524us total 46.953ms
08-04 22:03:23.452 23454 23466 I art     : Starting a blocking GC Explicit
08-04 22:03:23.499 23454 23466 I art     : Explicit concurrent mark sweep GC freed 3(96B) AllocSpace objects, 0(0B) LOS objects, 35% free, 29MB/45MB, paused 510us total 46.498ms
08-04 22:03:23.517 23454 23466 I art     : Starting a blocking GC Explicit
08-04 22:03:23.564 23454 23466 I art     : Explicit concurrent mark sweep GC freed 3(96B) AllocSpace objects, 0(0B) LOS objects, 35% free, 29MB/45MB, paused 498us total 46.037ms
08-04 22:03:23.904 23454 23517 I art     : Starting a blocking GC Explicit
08-04 22:03:23.961 23454 23517 I art     : Explicit concurrent mark sweep GC freed 1354(82KB) AllocSpace objects, 1(20KB) LOS objects, 35% free, 29MB/45MB, paused 548us total 56.537ms
08-04 22:03:23.981 23454 23517 I art     : Starting a blocking GC Explicit
08-04 22:03:24.028 23454 23517 I art     : Explicit concurrent mark sweep GC freed 20(704B) AllocSpace objects, 0(0B) LOS objects, 35% free, 29MB/45MB, paused 511us total 46.593ms
08-04 22:03:24.047 23454 23517 I art     : Starting a blocking GC Explicit
08-04 22:03:24.092 23454 23517 I art     : Explicit concurrent mark sweep GC freed 14(944B) AllocSpace objects, 0(0B) LOS objects, 35% free, 29MB/45MB, paused 498us total 44.720ms
08-04 22:03:24.110 23454 23517 I art     : Starting a blocking GC Explicit
08-04 22:03:24.156 23454 23517 I art     : Explicit concurrent mark sweep GC freed 11(256B) AllocSpace objects, 0(0B) LOS objects, 35% free, 29MB/45MB, paused 495us total 45.170ms
08-04 22:03:24.174 23454 23517 I art     : Starting a blocking GC Explicit
08-04 22:03:24.222 23454 23517 I art     : Explicit concurrent mark sweep GC freed 9(320B) AllocSpace objects, 0(0B) LOS objects, 35% free, 29MB/45MB, paused 520us total 47.422ms
08-04 22:03:24.228 25039 25039 I ServiceManager: Waiting for service AtCmdFwd...
08-04 22:03:24.349 25666 25666 D AndroidRuntime: >>>>>> START com.android.internal.os.RuntimeInit uid 2000 <<<<<<
08-04 22:03:24.357 25666 25666 D AndroidRuntime: CheckJNI is OFF
08-04 22:03:24.402 25666 25666 D ICU     : No timezone override file found: /data/misc/zoneinfo/current/icu/icu_tzdata.dat
08-04 22:03:24.443 25666 25666 I Radio-JNI: register_android_hardware_Radio DONE
08-04 22:03:24.472 25666 25666 D AndroidRuntime: Calling main entry com.android.commands.input.Input
08-04 22:03:24.474 25666 25666 I Input   : injectMotionEvent: MotionEvent { action=ACTION_DOWN, actionButton=0, id[0]=0, x[0]=600.0, y[0]=820.0, toolType[0]=TOOL_TYPE_UNKNOWN, buttonState=0, metaState=0, flags=0x0, edgeFlags=0x0, pointerCount=1, historySize=0, eventTime=741820886, downTime=741820886, deviceId=0, source=0x1002 }
08-04 22:03:24.486 25666 25666 I Input   : injectMotionEvent: MotionEvent { action=ACTION_UP, actionButton=0, id[0]=0, x[0]=600.0, y[0]=820.0, toolType[0]=TOOL_TYPE_UNKNOWN, buttonState=0, metaState=0, flags=0x0, edgeFlags=0x0, pointerCount=1, historySize=0, eventTime=741820886, downTime=741820886, deviceId=0, source=0x1002 }
08-04 22:03:24.491 25666 25666 D AndroidRuntime: Shutting down VM
08-04 22:03:24.508   512  2967 D audio_hw_primary: out_set_parameters: enter: usecase(1: low-latency-playback) kvpairs: routing=2
08-04 22:03:24.511   918  5132 I ActivityManager: START u0 {dat=https://oauth.reddit.com/... cmp=baseline.org.quantumbadger.redreader/.activities.CommentListingActivity} from uid 10666 on display 0
08-04 22:03:24.521   512  2967 D audio_hw_primary: select_devices: out_snd_device(2: speaker) in_snd_device(0: none)
08-04 22:03:24.521   512  2967 D msm8974_platform: platform_send_audio_calibration: sending audio calibration for snd_device(2) acdb_id(15)
08-04 22:03:24.522   512  2967 I soundtrigger: audio_extn_sound_trigger_update_device_status: device 0x2 of type 0 for Event 1
08-04 22:03:24.531   512  2967 D audio_hw_primary: enable_snd_device: snd_device(2: speaker)
08-04 22:03:24.533   512  2967 D audio_hw_primary: enable_audio_route: apply and update mixer path: low-latency-playback speaker
08-04 22:03:24.539 23454 23454 I AppCompatViewInflater: app:theme is now deprecated. Please move to using android:theme instead.
08-04 22:03:24.558 23454 25707 D OK      : calling: https://oauth.reddit.com/comments/hi3oht/.json?sort=confidence
08-04 22:03:24.590 23454 23973 I art     : Starting a blocking GC Explicit
08-04 22:03:24.637 23454 23973 I art     : Explicit concurrent mark sweep GC freed 4016(216KB) AllocSpace objects, 1(20KB) LOS objects, 35% free, 29MB/45MB, paused 1.034ms total 46.693ms
08-04 22:03:24.656 23454 23973 I art     : Starting a blocking GC Explicit
08-04 22:03:24.662   918   936 I ActivityManager: Displayed baseline.org.quantumbadger.redreader/.activities.CommentListingActivity: +141ms
08-04 22:03:24.662 13866 13866 I GoogleInputMethodServic: GoogleInputMethodService.onFinishInput():3138 
08-04 22:03:24.663 13866 13866 I GoogleInputMethodServic: GoogleInputMethodService.onStartInput():1808 
08-04 22:03:24.705 23454 23973 I art     : Explicit concurrent mark sweep GC freed 560(29KB) AllocSpace objects, 0(0B) LOS objects, 35% free, 29MB/45MB, paused 535us total 49.094ms
08-04 22:03:24.724 23454 23973 I art     : Starting a blocking GC Explicit
08-04 22:03:24.767 23454 23973 I art     : Explicit concurrent mark sweep GC freed 1964(77KB) AllocSpace objects, 0(0B) LOS objects, 35% free, 29MB/45MB, paused 691us total 42.908ms
08-04 22:03:24.786 23454 23973 I art     : Starting a blocking GC Explicit
08-04 22:03:24.836 23454 23973 I art     : Explicit concurrent mark sweep GC freed 99(3KB) AllocSpace objects, 0(0B) LOS objects, 35% free, 29MB/45MB, paused 598us total 49.480ms
08-04 22:03:24.857 23454 23973 I art     : Starting a blocking GC Explicit
08-04 22:03:24.902 23454 25707 I NAPPA_EXPERIMENTATION: MetricNetworkRequestExecutionTime: REQUEST_DURATION_SYSTEM='344',REQUEST_DURATION_OKHTTP='142',REQUEST_SYNCHRONOUS='TRUE',RESPONSE_CODE='200',RESPONSE_METHOD='GET',RESPONSE_LENGTH_OKHTTP='-1',RESPONSE_LENGTH_HEADER='167875',REQUEST_PROTOCOL='h2',REQUEST_URL='https://oauth.reddit.com/comments/hi3oht/.json?sort=confidence',
08-04 22:03:24.903 23454 25707 D OK      : request got status: 200
08-04 22:03:24.903   380   380 W SurfaceFlinger: couldn't log to binary event log: overflow.
08-04 22:03:24.910 23454 24028 I CommentListingActivity: COMMENTS session changed to eb4cd065-36db-42b9-b66c-89728b5812df
08-04 22:03:24.914 23454 23973 I art     : Explicit concurrent mark sweep GC freed 581(66KB) AllocSpace objects, 0(0B) LOS objects, 35% free, 29MB/45MB, paused 847us total 56.943ms
08-04 22:03:25.079   512  2967 D audio_hw_primary: disable_audio_route: reset and update mixer path: low-latency-playback speaker
08-04 22:03:25.080   512  2967 D audio_hw_primary: disable_snd_device: snd_device(2: speaker)
08-04 22:03:25.088   512  2967 I soundtrigger: audio_extn_sound_trigger_update_device_status: device 0x2 of type 0 for Event 0
08-04 22:03:25.227 23454 23467 I art     : Starting a blocking GC Explicit
08-04 22:03:25.228 25039 25039 I ServiceManager: Waiting for service AtCmdFwd...
08-04 22:03:25.313 23454 23467 I art     : Explicit concurrent mark sweep GC freed 53808(3MB) AllocSpace objects, 5(104KB) LOS objects, 31% free, 34MB/50MB, paused 1.277ms total 86.007ms
08-04 22:03:25.336 23454 23467 I art     : Starting a blocking GC Explicit
08-04 22:03:25.414 23454 23467 I art     : Explicit concurrent mark sweep GC freed 5732(576KB) AllocSpace objects, 1(16KB) LOS objects, 31% free, 35MB/51MB, paused 673us total 77.783ms
08-04 22:03:25.437 23454 23467 I art     : Starting a blocking GC Explicit
08-04 22:03:25.504 23454 23467 I art     : Explicit concurrent mark sweep GC freed 36780(1724KB) AllocSpace objects, 4(168KB) LOS objects, 32% free, 33MB/49MB, paused 533us total 66.354ms
08-04 22:03:25.526 23454 23467 I art     : Starting a blocking GC Explicit
08-04 22:03:25.590 23454 23467 I art     : Explicit concurrent mark sweep GC freed 14(624B) AllocSpace objects, 0(0B) LOS objects, 32% free, 33MB/49MB, paused 513us total 63.704ms
08-04 22:03:25.613 23454 23467 I art     : Starting a blocking GC Explicit
08-04 22:03:25.679 23454 23467 I art     : Explicit concurrent mark sweep GC freed 3(96B) AllocSpace objects, 0(0B) LOS objects, 32% free, 33MB/49MB, paused 932us total 65.218ms
08-04 22:03:26.020 23454 23466 I art     : Starting a blocking GC Explicit
08-04 22:03:26.100 23454 23466 I art     : Explicit concurrent mark sweep GC freed 1354(82KB) AllocSpace objects, 1(20KB) LOS objects, 32% free, 33MB/49MB, paused 693us total 78.896ms
08-04 22:03:26.127 23454 23466 I art     : Starting a blocking GC Explicit
08-04 22:03:26.209 23454 23466 I art     : Explicit concurrent mark sweep GC freed 66(2528B) AllocSpace objects, 0(0B) LOS objects, 32% free, 33MB/49MB, paused 614us total 81.521ms
08-04 22:03:26.229 25039 25039 I ServiceManager: Waiting for service AtCmdFwd...
08-04 22:03:26.233 23454 23466 I art     : Starting a blocking GC Explicit
08-04 22:03:26.311 23454 23466 I art     : Explicit concurrent mark sweep GC freed 3(96B) AllocSpace objects, 0(0B) LOS objects, 32% free, 33MB/49MB, paused 609us total 77.516ms
08-04 22:03:26.337 23454 23466 I art     : Starting a blocking GC Explicit
08-04 22:03:26.413 23454 23466 I art     : Explicit concurrent mark sweep GC freed 3(96B) AllocSpace objects, 0(0B) LOS objects, 32% free, 33MB/49MB, paused 574us total 75.949ms
08-04 22:03:26.413 23454 23465 I art     : WaitForGcToComplete blocked for 74.903ms for cause HeapTrim
08-04 22:03:26.436 23454 23466 I art     : Starting a blocking GC Explicit
08-04 22:03:26.511 23454 23466 I art     : Explicit concurrent mark sweep GC freed 3(96B) AllocSpace objects, 0(0B) LOS objects, 32% free, 33MB/49MB, paused 531us total 74.996ms
08-04 22:03:26.887 23454 23973 I art     : Starting a blocking GC Explicit
08-04 22:03:26.980 23454 23973 I art     : Explicit concurrent mark sweep GC freed 1354(82KB) AllocSpace objects, 1(20KB) LOS objects, 32% free, 33MB/49MB, paused 569us total 92.533ms
08-04 22:03:27.007 23454 23973 I art     : Starting a blocking GC Explicit
08-04 22:03:27.085 23454 23973 I art     : Explicit concurrent mark sweep GC freed 20(704B) AllocSpace objects, 0(0B) LOS objects, 32% free, 33MB/49MB, paused 545us total 77.388ms
08-04 22:03:27.108 23454 23973 I art     : Starting a blocking GC Explicit
08-04 22:03:27.189 23454 23973 I art     : Explicit concurrent mark sweep GC freed 3(96B) AllocSpace objects, 0(0B) LOS objects, 32% free, 33MB/49MB, paused 594us total 80.807ms
08-04 22:03:27.215 23454 23973 I art     : Starting a blocking GC Explicit
08-04 22:03:27.230 25039 25039 W Atfwd_Sendcmd: AtCmdFwd service not published, waiting... retryCnt : 3
08-04 22:03:27.291 23454 23973 I art     : Explicit concurrent mark sweep GC freed 3(96B) AllocSpace objects, 0(0B) LOS objects, 32% free, 33MB/49MB, paused 511us total 76.168ms
08-04 22:03:27.314 23454 23973 I art     : Starting a blocking GC Explicit
08-04 22:03:27.390 23454 23973 I art     : Explicit concurrent mark sweep GC freed 3(96B) AllocSpace objects, 0(0B) LOS objects, 32% free, 33MB/49MB, paused 526us total 75.622ms
08-04 22:03:27.630 13866 13882 I PeriodicStatsRunner: PeriodicStatsRunner.call():175 call()
08-04 22:03:27.630 13866 13882 I PeriodicStatsRunner: PeriodicStatsRunner.call():179 No submit PeriodicStats since input started.
08-04 22:03:27.749 23454 23517 I art     : Starting a blocking GC Explicit
08-04 22:03:27.841 23454 23517 I art     : Explicit concurrent mark sweep GC freed 1354(82KB) AllocSpace objects, 1(20KB) LOS objects, 32% free, 33MB/49MB, paused 618us total 92.118ms
08-04 22:03:27.866 23454 23517 I art     : Starting a blocking GC Explicit
08-04 22:03:27.946 23454 23517 I art     : Explicit concurrent mark sweep GC freed 20(704B) AllocSpace objects, 0(0B) LOS objects, 32% free, 33MB/49MB, paused 624us total 79.835ms
08-04 22:03:27.972 23454 23517 I art     : Starting a blocking GC Explicit
08-04 22:03:28.041 23454 23517 I art     : Explicit concurrent mark sweep GC freed 3(96B) AllocSpace objects, 0(0B) LOS objects, 32% free, 33MB/49MB, paused 517us total 68.529ms
08-04 22:03:28.062 23454 23517 I art     : Starting a blocking GC Explicit
08-04 22:03:28.129 23454 23517 I art     : Explicit concurrent mark sweep GC freed 3(96B) AllocSpace objects, 0(0B) LOS objects, 32% free, 33MB/49MB, paused 520us total 66.799ms
08-04 22:03:28.151 23454 23517 I art     : Starting a blocking GC Explicit
08-04 22:03:28.229 23454 23517 I art     : Explicit concurrent mark sweep GC freed 3(96B) AllocSpace objects, 0(0B) LOS objects, 32% free, 33MB/49MB, paused 616us total 77.197ms
08-04 22:03:28.616 23454 23467 I art     : Starting a blocking GC Explicit
08-04 22:03:28.708 23454 23467 I art     : Explicit concurrent mark sweep GC freed 1354(82KB) AllocSpace objects, 1(20KB) LOS objects, 32% free, 33MB/49MB, paused 731us total 91.695ms
08-04 22:03:28.733 23454 23467 I art     : Starting a blocking GC Explicit
08-04 22:03:28.799 23454 23467 I art     : Explicit concurrent mark sweep GC freed 20(704B) AllocSpace objects, 0(0B) LOS objects, 32% free, 33MB/49MB, paused 562us total 66.180ms
08-04 22:03:28.821 23454 23467 I art     : Starting a blocking GC Explicit
08-04 22:03:28.888 23454 23467 I art     : Explicit concurrent mark sweep GC freed 3(96B) AllocSpace objects, 0(0B) LOS objects, 32% free, 33MB/49MB, paused 741us total 66.109ms
08-04 22:03:28.910 23454 23467 I art     : Starting a blocking GC Explicit
08-04 22:03:28.983 23454 23467 I art     : Explicit concurrent mark sweep GC freed 3(96B) AllocSpace objects, 0(0B) LOS objects, 32% free, 33MB/49MB, paused 557us total 72.249ms
08-04 22:03:29.005 23454 23467 I art     : Starting a blocking GC Explicit
08-04 22:03:29.079 23454 23467 I art     : Explicit concurrent mark sweep GC freed 5(144B) AllocSpace objects, 0(0B) LOS objects, 32% free, 33MB/49MB, paused 626us total 73.307ms
08-04 22:03:29.295 25761 25761 D AndroidRuntime: >>>>>> START com.android.internal.os.RuntimeInit uid 2000 <<<<<<
08-04 22:03:29.300 25761 25761 D AndroidRuntime: CheckJNI is OFF
08-04 22:03:29.341 25761 25761 D ICU     : No timezone override file found: /data/misc/zoneinfo/current/icu/icu_tzdata.dat
08-04 22:03:29.383 25761 25761 I Radio-JNI: register_android_hardware_Radio DONE
08-04 22:03:29.413 25761 25761 D AndroidRuntime: Calling main entry com.android.commands.input.Input
08-04 22:03:29.415 25761 25761 I Input   : injectKeyEvent: KeyEvent { action=ACTION_DOWN, keyCode=KEYCODE_BACK, scanCode=0, metaState=0, flags=0x0, repeatCount=0, eventTime=741825828, downTime=741825828, deviceId=-1, source=0x101 }
08-04 22:03:29.420 25761 25761 I Input   : injectKeyEvent: KeyEvent { action=ACTION_UP, keyCode=KEYCODE_BACK, scanCode=0, metaState=0, flags=0x0, repeatCount=0, eventTime=741825828, downTime=741825828, deviceId=-1, source=0x101 }
08-04 22:03:29.426 23454 23466 I art     : Starting a blocking GC Explicit
08-04 22:03:29.434 25761 25761 D AndroidRuntime: Shutting down VM
08-04 22:03:29.470 13866 13866 I GoogleInputMethodServic: GoogleInputMethodService.onFinishInput():3138 
08-04 22:03:29.470 13866 13866 I GoogleInputMethodServic: GoogleInputMethodService.onStartInput():1808 
08-04 22:03:29.492 23454 23466 I art     : Explicit concurrent mark sweep GC freed 1565(91KB) AllocSpace objects, 1(20KB) LOS objects, 32% free, 33MB/49MB, paused 552us total 65.608ms
08-04 22:03:29.513 23454 23466 I art     : Starting a blocking GC Explicit
08-04 22:03:29.524 23454 25706 I RedditChangeDataIO: Writing tmp data file at '/data/user/0/baseline.org.quantumbadger.redreader/files/rr_change_data_tmp.dat'
08-04 22:03:29.525 23454 25706 I RedditChangeDataManager: Taking snapshot...
08-04 22:03:29.525 23454 25706 I RedditChangeDataManager: Writing to stream...
08-04 22:03:29.525 23454 25706 I RedditChangeDataManager: Wrote 5 entries for user ''
08-04 22:03:29.525 23454 25706 I RedditChangeDataManager: All entries written to stream.
08-04 22:03:29.525 23454 25706 I RedditChangeDataIO: Write successful. Atomically replacing data file...
08-04 22:03:29.526 23454 25706 I RedditChangeDataIO: Write complete.
08-04 22:03:29.526 23454 25706 I RedditChangeDataIO: 134 bytes written in 2 ms
08-04 22:03:29.573 23454 23466 I art     : Explicit concurrent mark sweep GC freed 194(8KB) AllocSpace objects, 1(68KB) LOS objects, 32% free, 33MB/49MB, paused 561us total 59.656ms
08-04 22:03:29.595 23454 23466 I art     : Starting a blocking GC Explicit
08-04 22:03:29.664 13866 13882 I PeriodicStatsRunner: PeriodicStatsRunner.call():175 call()
08-04 22:03:29.664 13866 13882 I PeriodicStatsRunner: PeriodicStatsRunner.call():179 No submit PeriodicStats since input started.
08-04 22:03:29.667 23454 23466 I art     : Explicit concurrent mark sweep GC freed 15(704B) AllocSpace objects, 0(0B) LOS objects, 32% free, 33MB/49MB, paused 618us total 71.280ms
08-04 22:03:29.692 23454 23466 I art     : Starting a blocking GC Explicit
08-04 22:03:29.693   918  3696 I ActivityManager: Start proc 25784:com.google.android.apps.gcs/u0a11 for service com.google.android.apps.gcs/.service.GcsTaskService
08-04 22:03:29.697   918  1209 D NetworkMonitor/NetworkAgentInfo [WIFI () - 159]: Checking http://connectivitycheck.gstatic.com/generate_204 on "H369AA63323", 192.168.2.12=192.168.2.12
08-04 22:03:29.700 24365  7398 I NetworkScheduler.Stats: Task com.google.android.apps.gcs/ started execution. cause:4 exec_start_elapsed_seconds: 1725213 [CONTEXT service_id=218 ]
08-04 22:03:29.755 23454 23466 I art     : Explicit concurrent mark sweep GC freed 6(192B) AllocSpace objects, 0(0B) LOS objects, 32% free, 33MB/49MB, paused 547us total 62.889ms
08-04 22:03:29.778 23454 23466 I art     : Starting a blocking GC Explicit
08-04 22:03:29.791   380   380 W SurfaceFlinger: couldn't log to binary event log: overflow.
08-04 22:03:29.804   918  1209 D NetworkMonitor/NetworkAgentInfo [WIFI () - 159]: Probably not a portal: exception java.io.IOException: unexpected end of stream on Connection{connectivitycheck.gstatic.com:80, proxy=HTTP@/192.168.2.12:8080 hostAddress=192.168.2.12 cipherSuite=none protocol=http/1.1} (recycle count=0)
08-04 22:03:29.805   918  3263 D ConnectivityService: NetworkAgentInfo [WIFI () - 159] validation failed
08-04 22:03:29.806   918  3261 E WifiConfigStore:  rewrite network history for "H369AA63323"WPA_PSK
08-04 22:03:29.836 23454 23466 I art     : Explicit concurrent mark sweep GC freed 68(2640B) AllocSpace objects, 0(0B) LOS objects, 32% free, 33MB/49MB, paused 540us total 57.953ms
08-04 22:03:29.885   918  3714 I AccountManagerService: getTypesVisibleToCaller: isPermitted? true
08-04 22:03:29.888 25784 25784 W Gcs.AccountsChgRcvr: [1] afk.b: No accounts available. WFA has been deactivated
08-04 22:03:29.907 25784 25784 W PrimesInit: Primes instant initialization
08-04 22:03:29.909 25784 25802 W Primes  : background initialization
08-04 22:03:29.932 25784 25802 I PrimesTesting: GserviceFlagsSupplier.get()
08-04 22:03:30.002   918  3359 I AccountManagerService: getTypesVisibleToCaller: isPermitted? true
08-04 22:03:30.007 25784 25803 W Gcs.WfaEliRefreshTask: [25188] afk.b: NULL eligibility response.
08-04 22:03:30.009 24365 24380 E NetworkScheduler.ATC: Received callback from client for task that is already complete. ComponentInfo{com.google.android.apps.gcs/com.google.android.apps.gcs.service.GcsTaskService} WfaEliRefreshTask [CONTEXT service_id=218 ]
08-04 22:03:30.015   918  4400 I ActivityManager: Killing 18547:nappatfpr.com.newsblur/u0a658 (adj 15): empty #17
08-04 22:03:30.143 23454 23973 I art     : Starting a blocking GC Explicit
08-04 22:03:30.229 23454 23973 I art     : Explicit concurrent mark sweep GC freed 1366(83KB) AllocSpace objects, 1(20KB) LOS objects, 32% free, 33MB/49MB, paused 756us total 85.103ms
08-04 22:03:30.255 23454 23973 I art     : Starting a blocking GC Explicit
08-04 22:03:30.310 23454 23973 I art     : Explicit concurrent mark sweep GC freed 76504(4MB) AllocSpace objects, 5(140KB) LOS objects, 35% free, 29MB/45MB, paused 619us total 55.211ms
08-04 22:03:30.329 23454 23973 I art     : Starting a blocking GC Explicit
08-04 22:03:30.376 23454 25709 W art     : No such thread id for suspend: 31
08-04 22:03:30.377 23454 23973 I art     : Explicit concurrent mark sweep GC freed 19(1200B) AllocSpace objects, 0(0B) LOS objects, 35% free, 29MB/45MB, paused 950us total 47.479ms
08-04 22:03:30.396 23454 23973 I art     : Starting a blocking GC Explicit
08-04 22:03:30.443 23454 23973 I art     : Explicit concurrent mark sweep GC freed 222(35KB) AllocSpace objects, 0(0B) LOS objects, 35% free, 29MB/45MB, paused 521us total 46.175ms
08-04 22:03:30.461 23454 23973 I art     : Starting a blocking GC Explicit
08-04 22:03:30.509 23454 23973 I art     : Explicit concurrent mark sweep GC freed 68(2272B) AllocSpace objects, 0(0B) LOS objects, 35% free, 29MB/45MB, paused 538us total 47.489ms
08-04 22:03:30.825 23454 23467 I art     : Starting a blocking GC Explicit
08-04 22:03:30.880 23454 23467 I art     : Explicit concurrent mark sweep GC freed 1355(82KB) AllocSpace objects, 1(20KB) LOS objects, 35% free, 29MB/45MB, paused 539us total 54.640ms
08-04 22:03:30.899 23454 23467 I art     : Starting a blocking GC Explicit
08-04 22:03:30.944 23454 23467 I art     : Explicit concurrent mark sweep GC freed 20(704B) AllocSpace objects, 0(0B) LOS objects, 35% free, 29MB/45MB, paused 504us total 45.301ms
08-04 22:03:30.962 23454 23467 I art     : Starting a blocking GC Explicit
08-04 22:03:31.009 23454 23467 I art     : Explicit concurrent mark sweep GC freed 3(96B) AllocSpace objects, 0(0B) LOS objects, 35% free, 29MB/45MB, paused 507us total 46.054ms
08-04 22:03:31.027 23454 23467 I art     : Starting a blocking GC Explicit
08-04 22:03:31.073 23454 23467 I art     : Explicit concurrent mark sweep GC freed 3(96B) AllocSpace objects, 0(0B) LOS objects, 35% free, 29MB/45MB, paused 521us total 45.339ms
08-04 22:03:31.091 23454 23467 I art     : Starting a blocking GC Explicit
08-04 22:03:31.140 23454 23467 I art     : Explicit concurrent mark sweep GC freed 3(96B) AllocSpace objects, 0(0B) LOS objects, 35% free, 29MB/45MB, paused 555us total 48.738ms
08-04 22:03:31.239 25818 25818 D AndroidRuntime: >>>>>> START com.android.internal.os.RuntimeInit uid 2000 <<<<<<
08-04 22:03:31.245 25818 25818 D AndroidRuntime: CheckJNI is OFF
08-04 22:03:31.294 25818 25818 D ICU     : No timezone override file found: /data/misc/zoneinfo/current/icu/icu_tzdata.dat
08-04 22:03:31.340 25818 25818 I Radio-JNI: register_android_hardware_Radio DONE
08-04 22:03:31.368 25818 25818 D AndroidRuntime: Calling main entry com.android.commands.input.Input
08-04 22:03:31.371 25818 25818 I Input   : injectMotionEvent: MotionEvent { action=ACTION_DOWN, actionButton=0, id[0]=0, x[0]=600.0, y[0]=580.0, toolType[0]=TOOL_TYPE_UNKNOWN, buttonState=0, metaState=0, flags=0x0, edgeFlags=0x0, pointerCount=1, historySize=0, eventTime=741827783, downTime=741827783, deviceId=0, source=0x1002 }
08-04 22:03:31.377 25818 25818 I Input   : injectMotionEvent: MotionEvent { action=ACTION_UP, actionButton=0, id[0]=0, x[0]=600.0, y[0]=580.0, toolType[0]=TOOL_TYPE_UNKNOWN, buttonState=0, metaState=0, flags=0x0, edgeFlags=0x0, pointerCount=1, historySize=0, eventTime=741827783, downTime=741827783, deviceId=0, source=0x1002 }
08-04 22:03:31.388 25818 25818 D AndroidRuntime: Shutting down VM
08-04 22:03:31.398   512  2967 D audio_hw_primary: out_set_parameters: enter: usecase(1: low-latency-playback) kvpairs: routing=2
08-04 22:03:31.398   918  3696 I ActivityManager: START u0 {cmp=baseline.org.quantumbadger.redreader/.activities.WebViewActivity (has extras)} from uid 10666 on display 0
08-04 22:03:31.411   512  2967 D audio_hw_primary: select_devices: out_snd_device(2: speaker) in_snd_device(0: none)
08-04 22:03:31.411   512  2967 D msm8974_platform: platform_send_audio_calibration: sending audio calibration for snd_device(2) acdb_id(15)
08-04 22:03:31.411   512  2967 I soundtrigger: audio_extn_sound_trigger_update_device_status: device 0x2 of type 0 for Event 1
08-04 22:03:31.422   512  2967 D audio_hw_primary: enable_snd_device: snd_device(2: speaker)
08-04 22:03:31.424   512  2967 D audio_hw_primary: enable_audio_route: apply and update mixer path: low-latency-playback speaker
08-04 22:03:31.427 23454 23454 I AppCompatViewInflater: app:theme is now deprecated. Please move to using android:theme instead.
08-04 22:03:31.453   918  5132 D ConnectivityService: listenForNetwork for Listen from uid/pid:10666/23454 for NetworkRequest [ id=2964, legacyType=-1, [ Capabilities: INTERNET&NOT_RESTRICTED&TRUSTED] ]
08-04 22:03:31.479 23454 23466 I art     : Starting a blocking GC Explicit
08-04 22:03:31.522 23454 23466 I art     : Explicit concurrent mark sweep GC freed 5371(291KB) AllocSpace objects, 1(20KB) LOS objects, 35% free, 29MB/45MB, paused 497us total 43.013ms
08-04 22:03:31.522 23454 23465 I art     : WaitForGcToComplete blocked for 10.927ms for cause HeapTrim
08-04 22:03:31.540 23454 23466 I art     : Starting a blocking GC Explicit
08-04 22:03:31.562 13866 13866 I GoogleInputMethodServic: GoogleInputMethodService.onFinishInput():3138 
08-04 22:03:31.563   918   936 I ActivityManager: Displayed baseline.org.quantumbadger.redreader/.activities.WebViewActivity: +153ms
08-04 22:03:31.563 13866 13866 I GoogleInputMethodServic: GoogleInputMethodService.onStartInput():1808 
08-04 22:03:31.584 23454 23466 I art     : Explicit concurrent mark sweep GC freed 993(45KB) AllocSpace objects, 0(0B) LOS objects, 35% free, 29MB/45MB, paused 608us total 43.310ms
08-04 22:03:31.603 23454 23466 I art     : Starting a blocking GC Explicit
08-04 22:03:31.645 23454 23466 I art     : Explicit concurrent mark sweep GC freed 85(4KB) AllocSpace objects, 0(0B) LOS objects, 35% free, 29MB/45MB, paused 575us total 41.673ms
08-04 22:03:31.663 23454 23466 I art     : Starting a blocking GC Explicit
08-04 22:03:31.711 23454 23466 I art     : Explicit concurrent mark sweep GC freed 5(192B) AllocSpace objects, 0(0B) LOS objects, 35% free, 29MB/45MB, paused 633us total 48.336ms
08-04 22:03:31.731 23454 23466 I art     : Starting a blocking GC Explicit
08-04 22:03:31.785 23454 23466 I art     : Explicit concurrent mark sweep GC freed 13(496B) AllocSpace objects, 0(0B) LOS objects, 35% free, 29MB/45MB, paused 493us total 53.200ms
08-04 22:03:31.810   380   380 W SurfaceFlinger: couldn't log to binary event log: overflow.
08-04 22:03:31.959   512  2967 D audio_hw_primary: disable_audio_route: reset and update mixer path: low-latency-playback speaker
08-04 22:03:31.960   512  2967 D audio_hw_primary: disable_snd_device: snd_device(2: speaker)
08-04 22:03:31.970   512  2967 I soundtrigger: audio_extn_sound_trigger_update_device_status: device 0x2 of type 0 for Event 0
08-04 22:03:32.176 23454 23467 I art     : Starting a blocking GC Explicit
08-04 22:03:32.228 23454 23467 I art     : Explicit concurrent mark sweep GC freed 2277(134KB) AllocSpace objects, 1(20KB) LOS objects, 35% free, 29MB/45MB, paused 594us total 51.592ms
08-04 22:03:32.249 23454 23467 I art     : Starting a blocking GC Explicit
08-04 22:03:32.300 23454 23467 I art     : Explicit concurrent mark sweep GC freed 32(1072B) AllocSpace objects, 0(0B) LOS objects, 35% free, 29MB/45MB, paused 498us total 51.060ms
08-04 22:03:32.318 23454 23467 I art     : Starting a blocking GC Explicit
08-04 22:03:32.367 23454 23467 I art     : Explicit concurrent mark sweep GC freed 9(288B) AllocSpace objects, 0(0B) LOS objects, 35% free, 29MB/45MB, paused 567us total 48.226ms
08-04 22:03:32.392 23454 23467 I art     : Starting a blocking GC Explicit
08-04 22:03:32.440 23454 23467 I art     : Explicit concurrent mark sweep GC freed 11(352B) AllocSpace objects, 0(0B) LOS objects, 35% free, 29MB/45MB, paused 579us total 47.754ms
08-04 22:03:32.460 23454 23467 I art     : Starting a blocking GC Explicit
08-04 22:03:32.508 23454 23467 I art     : Explicit concurrent mark sweep GC freed 11(352B) AllocSpace objects, 0(0B) LOS objects, 35% free, 29MB/45MB, paused 701us total 47.927ms
08-04 22:03:32.889 23454 23467 I art     : Starting a blocking GC Explicit
08-04 22:03:32.943 23454 23467 I art     : Explicit concurrent mark sweep GC freed 1407(84KB) AllocSpace objects, 1(20KB) LOS objects, 35% free, 29MB/45MB, paused 623us total 53.914ms
08-04 22:03:32.965 23454 23467 I art     : Starting a blocking GC Explicit
08-04 22:03:33.020 23454 23467 I art     : Explicit concurrent mark sweep GC freed 31(1056B) AllocSpace objects, 0(0B) LOS objects, 35% free, 29MB/45MB, paused 484us total 54.724ms
08-04 22:03:33.041 23454 23467 I art     : Starting a blocking GC Explicit
08-04 22:03:33.094 23454 23467 I art     : Explicit concurrent mark sweep GC freed 10(320B) AllocSpace objects, 0(0B) LOS objects, 35% free, 29MB/45MB, paused 664us total 52.316ms
08-04 22:03:33.115 23454 23467 I art     : Starting a blocking GC Explicit
08-04 22:03:33.161 23454 23454 I chromium: [INFO:CONSOLE(1)] "
08-04 22:03:33.161 23454 23454 I chromium:                   ,d"=,.,qOp,
08-04 22:03:33.161 23454 23454 I chromium:                  ,7'  ''$(  )
08-04 22:03:33.161 23454 23454 I chromium:                 ,7'      '?q$7'
08-04 22:03:33.161 23454 23454 I chromium:              ..,$$,.
08-04 22:03:33.161 23454 23454 I chromium:    ,.  .,,--***""***--,,.  .,
08-04 22:03:33.161 23454 23454 I chromium:     ,p''              ''q,   
08-04 22:03:33.161 23454 23454 I chromium: :  ,7'                      '7,  :
08-04 22:03:33.161 23454 23454 I chromium:  ' $      ,db,      ,db,      $ '
08-04 22:03:33.161 23454 23454 I chromium:   '$      $$      $$      $'    Using Reddit at work? Work for Reddit.
08-04 22:03:33.161 23454 23454 I chromium:   '$                          $'        https://www.reddit.com/jobs
08-04 22:03:33.161 23454 23454 I chromium:    '$.     .,        ,.     .$'
08-04 22:03:33.161 23454 23454 I chromium:     'b,     ''     ,d'
08-04 22:03:33.161 23454 23454 I chromium:      '?bn,,          ,,nd?'
08-04 22:03:33.161 23454 23454 I chromium:        ,7$ '''' $7,
08-04 22:03:33.161 23454 23454 I chromium:      , $              $ ,
08-04 22:03:33.161 23454 23454 I chromium:      $  :$              $:  $
08-04 22:03:33.161 23454 23454 I chromium:      $   $              $   $
08-04 22:03:33.161 23454 23454 I chromium:      'b  q:            :p  d'
08-04 22:03:33.161 23454 23454 I chromium:       '?$.          .$?'
08-04 22:03:33.161 23454 23454 I chromium:          'b            d'
08-04 22:03:33.161 23454 23454 I chromium:        ,'?,.      .,?',
08-04 22:03:33.161 23454 23454 I chromium:       ==--==--==--==
08-04 22:03:33.161 23454 23454 I chromium: ", source: https://www.redditstatic.com/desktop2x/Chat~Governance~Reddit.2ea93b134a9b2e5b1d9a.js (1)
08-04 22:03:33.171 23454 23467 I art     : Explicit concurrent mark sweep GC freed 25(2976B) AllocSpace objects, 0(0B) LOS objects, 35% free, 29MB/45MB, paused 514us total 55.836ms
08-04 22:03:33.193 23454 23467 I art     : Starting a blocking GC Explicit
08-04 22:03:33.249 23454 23467 I art     : Explicit concurrent mark sweep GC freed 18(576B) AllocSpace objects, 0(0B) LOS objects, 35% free, 29MB/45MB, paused 835us total 55.637ms
08-04 22:03:33.609 23454 23973 I art     : Starting a blocking GC Explicit
08-04 22:03:33.657 23454 23973 I art     : Explicit concurrent mark sweep GC freed 1395(84KB) AllocSpace objects, 1(20KB) LOS objects, 35% free, 29MB/45MB, paused 565us total 47.540ms
08-04 22:03:33.674 23454 23973 I art     : Starting a blocking GC Explicit
08-04 22:03:33.722 23454 23973 I art     : Explicit concurrent mark sweep GC freed 23(928B) AllocSpace objects, 0(0B) LOS objects, 35% free, 29MB/45MB, paused 544us total 47.301ms
08-04 22:03:33.742 23454 23973 I art     : Starting a blocking GC Explicit
08-04 22:03:33.792 23454 23973 I art     : Explicit concurrent mark sweep GC freed 3(96B) AllocSpace objects, 0(0B) LOS objects, 35% free, 29MB/45MB, paused 649us total 49.491ms
08-04 22:03:33.811 23454 23973 I art     : Starting a blocking GC Explicit
08-04 22:03:33.858 23454 23973 I art     : Explicit concurrent mark sweep GC freed 3(96B) AllocSpace objects, 0(0B) LOS objects, 35% free, 29MB/45MB, paused 599us total 47.143ms
08-04 22:03:33.877 23454 23973 I art     : Starting a blocking GC Explicit
08-04 22:03:33.924 23454 23973 I art     : Explicit concurrent mark sweep GC freed 3(96B) AllocSpace objects, 0(0B) LOS objects, 35% free, 29MB/45MB, paused 558us total 46.933ms
08-04 22:03:34.254   518   646 I ThermalEngine: ACTION: GPU - Setting GPU[0] to 390000000
08-04 22:03:34.334 23454 23467 I art     : Starting a blocking GC Explicit
08-04 22:03:34.387 23454 23467 I art     : Explicit concurrent mark sweep GC freed 1566(94KB) AllocSpace objects, 1(20KB) LOS objects, 35% free, 29MB/45MB, paused 788us total 53.066ms
08-04 22:03:34.413 23454 23467 I art     : Starting a blocking GC Explicit
08-04 22:03:34.476 13866 13882 I PeriodicStatsRunner: PeriodicStatsRunner.call():175 call()
08-04 22:03:34.477 13866 13882 I PeriodicStatsRunner: PeriodicStatsRunner.call():179 No submit PeriodicStats since input started.
08-04 22:03:34.505 23454 23467 I art     : Explicit concurrent mark sweep GC freed 20(704B) AllocSpace objects, 0(0B) LOS objects, 35% free, 29MB/45MB, paused 750us total 92.371ms
08-04 22:03:34.529 23454 23467 I art     : Starting a blocking GC Explicit
08-04 22:03:34.590 23454 23467 I art     : Explicit concurrent mark sweep GC freed 3(96B) AllocSpace objects, 0(0B) LOS objects, 35% free, 29MB/45MB, paused 806us total 60.331ms
08-04 22:03:34.614 23454 23467 I art     : Starting a blocking GC Explicit
08-04 22:03:34.668 23454 23467 I art     : Explicit concurrent mark sweep GC freed 7(208B) AllocSpace objects, 0(0B) LOS objects, 35% free, 29MB/45MB, paused 855us total 53.842ms
08-04 22:03:34.693 23454 23467 I art     : Starting a blocking GC Explicit
08-04 22:03:34.759 23454 23467 I art     : Explicit concurrent mark sweep GC freed 12(2528B) AllocSpace objects, 0(0B) LOS objects, 35% free, 29MB/45MB, paused 799us total 65.812ms
08-04 22:03:34.875   918  3188 I hubconnection: sensorhub said: 'set_bias 3: -6.2400, 0.0000, 0.0000'
08-04 22:03:35.160 23454 23973 I art     : Starting a blocking GC Explicit
08-04 22:03:35.219 23454 23973 I art     : Explicit concurrent mark sweep GC freed 1401(85KB) AllocSpace objects, 1(20KB) LOS objects, 35% free, 29MB/45MB, paused 1.120ms total 58.639ms
08-04 22:03:35.251 23454 23973 I art     : Starting a blocking GC Explicit
08-04 22:03:35.309 23454 23973 I art     : Explicit concurrent mark sweep GC freed 20(704B) AllocSpace objects, 0(0B) LOS objects, 35% free, 29MB/45MB, paused 816us total 57.514ms
08-04 22:03:35.340 23454 23973 I art     : Starting a blocking GC Explicit
08-04 22:03:35.398 23454 23973 I art     : Explicit concurrent mark sweep GC freed 3(96B) AllocSpace objects, 0(0B) LOS objects, 35% free, 29MB/45MB, paused 1.004ms total 57.135ms
08-04 22:03:35.425 23454 23973 I art     : Starting a blocking GC Explicit
08-04 22:03:35.485 23454 23973 I art     : Explicit concurrent mark sweep GC freed 3(96B) AllocSpace objects, 0(0B) LOS objects, 35% free, 29MB/45MB, paused 746us total 60.312ms
08-04 22:03:35.510 23454 23973 I art     : Starting a blocking GC Explicit
08-04 22:03:35.574 23454 23973 I art     : Explicit concurrent mark sweep GC freed 3(96B) AllocSpace objects, 0(0B) LOS objects, 35% free, 29MB/45MB, paused 700us total 64.016ms
08-04 22:03:35.978 23454 23467 I art     : Starting a blocking GC Explicit
08-04 22:03:36.046 23454 23467 I art     : Explicit concurrent mark sweep GC freed 1355(82KB) AllocSpace objects, 1(20KB) LOS objects, 35% free, 29MB/45MB, paused 797us total 67.557ms
08-04 22:03:36.071 23454 23467 I art     : Starting a blocking GC Explicit
08-04 22:03:36.136 23454 23467 I art     : Explicit concurrent mark sweep GC freed 20(704B) AllocSpace objects, 0(0B) LOS objects, 35% free, 29MB/45MB, paused 1.473ms total 64.622ms
08-04 22:03:36.163 23454 23467 I art     : Starting a blocking GC Explicit
08-04 22:03:36.221 23454 23467 I art     : Explicit concurrent mark sweep GC freed 3(96B) AllocSpace objects, 0(0B) LOS objects, 35% free, 29MB/45MB, paused 901us total 56.898ms
08-04 22:03:36.257 23454 23467 I art     : Starting a blocking GC Explicit
08-04 22:03:36.257   518   646 I ThermalEngine: ACTION: GPU - Setting GPU[0] to 450000000
08-04 22:03:36.295 25905 25905 D AndroidRuntime: >>>>>> START com.android.internal.os.RuntimeInit uid 2000 <<<<<<
08-04 22:03:36.300 25905 25905 D AndroidRuntime: CheckJNI is OFF
08-04 22:03:36.303 23454 23467 I art     : Explicit concurrent mark sweep GC freed 3(96B) AllocSpace objects, 0(0B) LOS objects, 35% free, 29MB/45MB, paused 570us total 46.388ms
08-04 22:03:36.322 23454 23467 I art     : Starting a blocking GC Explicit
08-04 22:03:36.349 25905 25905 D ICU     : No timezone override file found: /data/misc/zoneinfo/current/icu/icu_tzdata.dat
08-04 22:03:36.372 23454 23467 I art     : Explicit concurrent mark sweep GC freed 3(96B) AllocSpace objects, 0(0B) LOS objects, 35% free, 29MB/45MB, paused 563us total 50.213ms
08-04 22:03:36.392 25905 25905 I Radio-JNI: register_android_hardware_Radio DONE
08-04 22:03:36.410 23454 25851 I RedditChangeDataIO: Writing tmp data file at '/data/user/0/baseline.org.quantumbadger.redreader/files/rr_change_data_tmp.dat'
08-04 22:03:36.412 23454 25851 I RedditChangeDataManager: Taking snapshot...
08-04 22:03:36.412 23454 25851 I RedditChangeDataManager: Writing to stream...
08-04 22:03:36.412 23454 25851 I RedditChangeDataManager: Wrote 5 entries for user ''
08-04 22:03:36.412 23454 25851 I RedditChangeDataManager: All entries written to stream.
08-04 22:03:36.413 23454 25851 I RedditChangeDataIO: Write successful. Atomically replacing data file...
08-04 22:03:36.414 23454 25851 I RedditChangeDataIO: Write complete.
08-04 22:03:36.414 23454 25851 I RedditChangeDataIO: 134 bytes written in 4 ms
08-04 22:03:36.421 25905 25905 D AndroidRuntime: Calling main entry com.android.commands.input.Input
08-04 22:03:36.423 25905 25905 I Input   : injectKeyEvent: KeyEvent { action=ACTION_DOWN, keyCode=KEYCODE_BACK, scanCode=0, metaState=0, flags=0x0, repeatCount=0, eventTime=741832835, downTime=741832835, deviceId=-1, source=0x101 }
08-04 22:03:36.444 25905 25905 I Input   : injectKeyEvent: KeyEvent { action=ACTION_UP, keyCode=KEYCODE_BACK, scanCode=0, metaState=0, flags=0x0, repeatCount=0, eventTime=741832835, downTime=741832835, deviceId=-1, source=0x101 }
08-04 22:03:36.451 25905 25905 D AndroidRuntime: Shutting down VM
08-04 22:03:36.490 13866 13866 I GoogleInputMethodServic: GoogleInputMethodService.onFinishInput():3138 
08-04 22:03:36.491 13866 13866 I GoogleInputMethodServic: GoogleInputMethodService.onStartInput():1808 
08-04 22:03:36.563 13866 13882 I PeriodicStatsRunner: PeriodicStatsRunner.call():175 call()
08-04 22:03:36.563 13866 13882 I PeriodicStatsRunner: PeriodicStatsRunner.call():179 No submit PeriodicStats since input started.
08-04 22:03:36.705 23454 23517 I art     : Starting a blocking GC Explicit
08-04 22:03:36.764 23454 23517 I art     : Explicit concurrent mark sweep GC freed 1707(96KB) AllocSpace objects, 2(88KB) LOS objects, 35% free, 29MB/45MB, paused 496us total 58.604ms
08-04 22:03:36.787 23454 23517 I art     : Starting a blocking GC Explicit
08-04 22:03:36.799   380   380 W SurfaceFlinger: couldn't log to binary event log: overflow.
08-04 22:03:36.835 23454 23517 I art     : Explicit concurrent mark sweep GC freed 561(27KB) AllocSpace objects, 0(0B) LOS objects, 35% free, 29MB/45MB, paused 564us total 47.795ms
08-04 22:03:36.848   918  3263 D ConnectivityService: releasing NetworkRequest NetworkRequest [ id=2964, legacyType=-1, [ Capabilities: INTERNET&NOT_RESTRICTED&TRUSTED] ]
08-04 22:03:36.857 23454 23517 I art     : Starting a blocking GC Explicit
08-04 22:03:36.902 23454 23517 I art     : Explicit concurrent mark sweep GC freed 418(18KB) AllocSpace objects, 0(0B) LOS objects, 35% free, 29MB/45MB, paused 522us total 44.964ms
08-04 22:03:36.920 23454 23517 I art     : Starting a blocking GC Explicit
08-04 22:03:36.964 23454 23517 I art     : Explicit concurrent mark sweep GC freed 2093(123KB) AllocSpace objects, 1(28KB) LOS objects, 35% free, 29MB/45MB, paused 488us total 43.846ms
08-04 22:03:36.981 23454 23517 I art     : Starting a blocking GC Explicit
08-04 22:03:37.024 23454 23517 I art     : Explicit concurrent mark sweep GC freed 3(96B) AllocSpace objects, 0(0B) LOS objects, 35% free, 29MB/45MB, paused 502us total 42.512ms
08-04 22:03:37.388 23454 23466 I art     : Starting a blocking GC Explicit
08-04 22:03:37.446 23454 23466 I art     : Explicit concurrent mark sweep GC freed 1355(82KB) AllocSpace objects, 1(20KB) LOS objects, 35% free, 29MB/45MB, paused 561us total 57.377ms
08-04 22:03:37.468 23454 23466 I art     : Starting a blocking GC Explicit
08-04 22:03:37.514 23454 23466 I art     : Explicit concurrent mark sweep GC freed 20(704B) AllocSpace objects, 0(0B) LOS objects, 35% free, 29MB/45MB, paused 513us total 45.155ms
08-04 22:03:37.532 23454 23466 I art     : Starting a blocking GC Explicit
08-04 22:03:37.580 23454 23466 I art     : Explicit concurrent mark sweep GC freed 3(96B) AllocSpace objects, 0(0B) LOS objects, 35% free, 29MB/45MB, paused 507us total 47.131ms
08-04 22:03:37.599 23454 23466 I art     : Starting a blocking GC Explicit
08-04 22:03:37.646 23454 23466 I art     : Explicit concurrent mark sweep GC freed 3(96B) AllocSpace objects, 0(0B) LOS objects, 35% free, 29MB/45MB, paused 503us total 47.170ms
08-04 22:03:37.665 23454 23466 I art     : Starting a blocking GC Explicit
08-04 22:03:37.711 23454 23466 I art     : Explicit concurrent mark sweep GC freed 3(96B) AllocSpace objects, 0(0B) LOS objects, 35% free, 29MB/45MB, paused 526us total 45.403ms
08-04 22:03:38.058 23454 25938 I art     : Starting a blocking GC Explicit
08-04 22:03:38.110 23454 25938 I art     : Explicit concurrent mark sweep GC freed 1354(82KB) AllocSpace objects, 1(20KB) LOS objects, 35% free, 29MB/45MB, paused 554us total 52.154ms
08-04 22:03:38.129 23454 25938 I art     : Starting a blocking GC Explicit
08-04 22:03:38.177 23454 25938 I art     : Explicit concurrent mark sweep GC freed 20(704B) AllocSpace objects, 0(0B) LOS objects, 35% free, 29MB/45MB, paused 524us total 47.773ms
08-04 22:03:38.196 23454 25938 I art     : Starting a blocking GC Explicit
08-04 22:03:38.239 25949 25949 D AndroidRuntime: >>>>>> START com.android.internal.os.RuntimeInit uid 2000 <<<<<<
08-04 22:03:38.245 25949 25949 D AndroidRuntime: CheckJNI is OFF
08-04 22:03:38.245 23454 25938 I art     : Explicit concurrent mark sweep GC freed 3(96B) AllocSpace objects, 0(0B) LOS objects, 35% free, 29MB/45MB, paused 556us total 48.890ms
08-04 22:03:38.263 23454 25938 I art     : Starting a blocking GC Explicit
08-04 22:03:38.290 25949 25949 D ICU     : No timezone override file found: /data/misc/zoneinfo/current/icu/icu_tzdata.dat
08-04 22:03:38.310 23454 25938 I art     : Explicit concurrent mark sweep GC freed 3(96B) AllocSpace objects, 0(0B) LOS objects, 35% free, 29MB/45MB, paused 514us total 46.157ms
08-04 22:03:38.328 23454 25938 I art     : Starting a blocking GC Explicit
08-04 22:03:38.340 25949 25949 I Radio-JNI: register_android_hardware_Radio DONE
08-04 22:03:38.370 25949 25949 D AndroidRuntime: Calling main entry com.android.commands.input.Input
08-04 22:03:38.372 25949 25949 I Input   : injectKeyEvent: KeyEvent { action=ACTION_DOWN, keyCode=KEYCODE_BACK, scanCode=0, metaState=0, flags=0x0, repeatCount=0, eventTime=741834785, downTime=741834785, deviceId=-1, source=0x101 }
08-04 22:03:38.376 23454 25938 I art     : Explicit concurrent mark sweep GC freed 3(96B) AllocSpace objects, 0(0B) LOS objects, 35% free, 29MB/45MB, paused 479us total 47.940ms
08-04 22:03:38.378 25949 25949 I Input   : injectKeyEvent: KeyEvent { action=ACTION_UP, keyCode=KEYCODE_BACK, scanCode=0, metaState=0, flags=0x0, repeatCount=0, eventTime=741834785, downTime=741834785, deviceId=-1, source=0x101 }
08-04 22:03:38.386 25949 25949 D AndroidRuntime: Shutting down VM
08-04 22:03:38.427 13866 13866 I GoogleInputMethodServic: GoogleInputMethodService.onFinishInput():3138 
08-04 22:03:38.428 13866 13866 I GoogleInputMethodServic: GoogleInputMethodService.onStartInput():1808 
08-04 22:03:38.691 23454 23467 I art     : Starting a blocking GC Explicit
08-04 22:03:38.740 23454 23467 I art     : Explicit concurrent mark sweep GC freed 1534(88KB) AllocSpace objects, 1(20KB) LOS objects, 35% free, 29MB/45MB, paused 485us total 48.201ms
08-04 22:03:38.758 23454 23467 I art     : Starting a blocking GC Explicit
08-04 22:03:38.803 23454 23467 I art     : Explicit concurrent mark sweep GC freed 82(3024B) AllocSpace objects, 0(0B) LOS objects, 35% free, 29MB/45MB, paused 502us total 44.181ms
08-04 22:03:38.820 23454 23467 I art     : Starting a blocking GC Explicit
08-04 22:03:38.867 23454 23467 I art     : Explicit concurrent mark sweep GC freed 133(6KB) AllocSpace objects, 0(0B) LOS objects, 35% free, 29MB/45MB, paused 518us total 46.532ms
08-04 22:03:38.885 23454 23467 I art     : Starting a blocking GC Explicit
08-04 22:03:38.933 23454 23467 I art     : Explicit concurrent mark sweep GC freed 3(96B) AllocSpace objects, 0(0B) LOS objects, 35% free, 29MB/45MB, paused 548us total 47.698ms
08-04 22:03:38.952 23454 23467 I art     : Starting a blocking GC Explicit
08-04 22:03:38.999 23454 23467 I art     : Explicit concurrent mark sweep GC freed 3(96B) AllocSpace objects, 0(0B) LOS objects, 35% free, 29MB/45MB, paused 515us total 47.118ms
08-04 22:03:39.341 23454 23466 I art     : Starting a blocking GC Explicit
08-04 22:03:39.401 23454 23466 I art     : Explicit concurrent mark sweep GC freed 1354(82KB) AllocSpace objects, 1(20KB) LOS objects, 35% free, 29MB/45MB, paused 678us total 59.428ms
08-04 22:03:39.423 23454 23466 I art     : Starting a blocking GC Explicit
08-04 22:03:39.469 23454 23466 I art     : Explicit concurrent mark sweep GC freed 20(704B) AllocSpace objects, 0(0B) LOS objects, 35% free, 29MB/45MB, paused 588us total 45.443ms
08-04 22:03:39.488 23454 23466 I art     : Starting a blocking GC Explicit
08-04 22:03:39.536 23454 23466 I art     : Explicit concurrent mark sweep GC freed 3(96B) AllocSpace objects, 0(0B) LOS objects, 35% free, 29MB/45MB, paused 539us total 47.985ms
08-04 22:03:39.555 23454 23466 I art     : Starting a blocking GC Explicit
08-04 22:03:39.602 23454 23466 I art     : Explicit concurrent mark sweep GC freed 3(96B) AllocSpace objects, 0(0B) LOS objects, 35% free, 29MB/45MB, paused 555us total 47.421ms
08-04 22:03:39.621 23454 23466 I art     : Starting a blocking GC Explicit
08-04 22:03:39.668 23454 23466 I art     : Explicit concurrent mark sweep GC freed 3(96B) AllocSpace objects, 0(0B) LOS objects, 35% free, 29MB/45MB, paused 582us total 46.856ms
08-04 22:03:39.988 23454 23973 I art     : Starting a blocking GC Explicit
08-04 22:03:40.046 23454 23973 I art     : Explicit concurrent mark sweep GC freed 1355(82KB) AllocSpace objects, 1(20KB) LOS objects, 35% free, 29MB/45MB, paused 610us total 57.012ms
08-04 22:03:40.068 23454 23973 I art     : Starting a blocking GC Explicit
08-04 22:03:40.115 23454 23973 I art     : Explicit concurrent mark sweep GC freed 20(704B) AllocSpace objects, 0(0B) LOS objects, 35% free, 29MB/45MB, paused 606us total 47.328ms
08-04 22:03:40.134 23454 23973 I art     : Starting a blocking GC Explicit
08-04 22:03:40.174 25996 25996 D AndroidRuntime: >>>>>> START com.android.internal.os.RuntimeInit uid 2000 <<<<<<
08-04 22:03:40.179 25996 25996 D AndroidRuntime: CheckJNI is OFF
08-04 22:03:40.184 23454 23973 I art     : Explicit concurrent mark sweep GC freed 3(96B) AllocSpace objects, 0(0B) LOS objects, 35% free, 29MB/45MB, paused 570us total 49.325ms
08-04 22:03:40.202 23454 23973 I art     : Starting a blocking GC Explicit
08-04 22:03:40.226 25996 25996 D ICU     : No timezone override file found: /data/misc/zoneinfo/current/icu/icu_tzdata.dat
08-04 22:03:40.251 23454 23973 I art     : Explicit concurrent mark sweep GC freed 3(96B) AllocSpace objects, 0(0B) LOS objects, 35% free, 29MB/45MB, paused 607us total 48.110ms
08-04 22:03:40.270 23454 23973 I art     : Starting a blocking GC Explicit
08-04 22:03:40.276 25996 25996 I Radio-JNI: register_android_hardware_Radio DONE
08-04 22:03:40.305 25996 25996 D AndroidRuntime: Calling main entry com.android.commands.input.Input
08-04 22:03:40.307 25996 25996 I Input   : injectMotionEvent: MotionEvent { action=ACTION_DOWN, actionButton=0, id[0]=0, x[0]=600.0, y[0]=1000.0, toolType[0]=TOOL_TYPE_UNKNOWN, buttonState=0, metaState=0, flags=0x0, edgeFlags=0x0, pointerCount=1, historySize=0, eventTime=741836720, downTime=741836720, deviceId=0, source=0x1002 }
08-04 22:03:40.315 25996 25996 I Input   : injectMotionEvent: MotionEvent { action=ACTION_UP, actionButton=0, id[0]=0, x[0]=600.0, y[0]=1000.0, toolType[0]=TOOL_TYPE_UNKNOWN, buttonState=0, metaState=0, flags=0x0, edgeFlags=0x0, pointerCount=1, historySize=0, eventTime=741836720, downTime=741836720, deviceId=0, source=0x1002 }
08-04 22:03:40.317 23454 23973 I art     : Explicit concurrent mark sweep GC freed 3(96B) AllocSpace objects, 0(0B) LOS objects, 35% free, 29MB/45MB, paused 567us total 46.497ms
08-04 22:03:40.317 25996 25996 D AndroidRuntime: Shutting down VM
08-04 22:03:40.325   512  2967 D audio_hw_primary: out_set_parameters: enter: usecase(1: low-latency-playback) kvpairs: routing=2
08-04 22:03:40.326   918  3359 I ActivityManager: START u0 {dat=https://oauth.reddit.com/... cmp=baseline.org.quantumbadger.redreader/.activities.PostListingActivity} from uid 10666 on display 0
08-04 22:03:40.338   512  2967 D audio_hw_primary: select_devices: out_snd_device(2: speaker) in_snd_device(0: none)
08-04 22:03:40.338   512  2967 D msm8974_platform: platform_send_audio_calibration: sending audio calibration for snd_device(2) acdb_id(15)
08-04 22:03:40.338   512  2967 I soundtrigger: audio_extn_sound_trigger_update_device_status: device 0x2 of type 0 for Event 1
08-04 22:03:40.350 23454 23454 I AppCompatViewInflater: app:theme is now deprecated. Please move to using android:theme instead.
08-04 22:03:40.350   512  2967 D audio_hw_primary: enable_snd_device: snd_device(2: speaker)
08-04 22:03:40.353   512  2967 D audio_hw_primary: enable_audio_route: apply and update mixer path: low-latency-playback speaker
08-04 22:03:40.371 23454 26020 D OK      : calling: https://oauth.reddit.com/r/announcements/about.json
08-04 22:03:40.438   918   936 I ActivityManager: Displayed baseline.org.quantumbadger.redreader/.activities.PostListingActivity: +102ms
08-04 22:03:40.445 13866 13866 I GoogleInputMethodServic: GoogleInputMethodService.onFinishInput():3138 
08-04 22:03:40.446 13866 13866 I GoogleInputMethodServic: GoogleInputMethodService.onStartInput():1808 
08-04 22:03:40.687   380   380 W SurfaceFlinger: couldn't log to binary event log: overflow.
08-04 22:03:40.692 23454 23973 I art     : Starting a blocking GC Explicit
08-04 22:03:40.724 23454 26020 I NAPPA_EXPERIMENTATION: MetricNetworkRequestExecutionTime: REQUEST_DURATION_SYSTEM='352',REQUEST_DURATION_OKHTTP='142',REQUEST_SYNCHRONOUS='TRUE',RESPONSE_CODE='200',RESPONSE_METHOD='GET',RESPONSE_LENGTH_OKHTTP='-1',RESPONSE_LENGTH_HEADER='1564',REQUEST_PROTOCOL='h2',REQUEST_URL='https://oauth.reddit.com/r/announcements/about.json',
08-04 22:03:40.724 23454 26020 D OK      : request got status: 200
08-04 22:03:40.737 23454 23973 I art     : Explicit concurrent mark sweep GC freed 5640(369KB) AllocSpace objects, 1(20KB) LOS objects, 35% free, 29MB/45MB, paused 762us total 45.051ms
08-04 22:03:40.755 23454 23973 I art     : Starting a blocking GC Explicit
08-04 22:03:40.798 23454 23973 I art     : Explicit concurrent mark sweep GC freed 930(49KB) AllocSpace objects, 1(68KB) LOS objects, 35% free, 29MB/45MB, paused 612us total 42.863ms
08-04 22:03:40.816 23454 23973 I art     : Starting a blocking GC Explicit
08-04 22:03:40.867 23454 23973 I art     : Explicit concurrent mark sweep GC freed 512(33KB) AllocSpace objects, 1(68KB) LOS objects, 35% free, 29MB/45MB, paused 575us total 50.040ms
08-04 22:03:40.885 23454 23973 I art     : Starting a blocking GC Explicit
08-04 22:03:40.891   512  2967 D audio_hw_primary: disable_audio_route: reset and update mixer path: low-latency-playback speaker
08-04 22:03:40.892   512  2967 D audio_hw_primary: disable_snd_device: snd_device(2: speaker)
08-04 22:03:40.899   512  2967 I soundtrigger: audio_extn_sound_trigger_update_device_status: device 0x2 of type 0 for Event 0
08-04 22:03:40.928 23454 23973 I art     : Explicit concurrent mark sweep GC freed 52(3KB) AllocSpace objects, 0(0B) LOS objects, 35% free, 29MB/45MB, paused 567us total 42.723ms
08-04 22:03:40.945 23454 23973 I art     : Starting a blocking GC Explicit
08-04 22:03:40.993 23454 23973 I art     : Explicit concurrent mark sweep GC freed 3(96B) AllocSpace objects, 0(0B) LOS objects, 35% free, 29MB/45MB, paused 588us total 47.247ms
08-04 22:03:41.329 23454 23467 I art     : Starting a blocking GC Explicit
08-04 22:03:41.378 23454 23467 I art     : Explicit concurrent mark sweep GC freed 1413(85KB) AllocSpace objects, 1(20KB) LOS objects, 35% free, 29MB/45MB, paused 610us total 48.435ms
08-04 22:03:41.396 23454 23467 I art     : Starting a blocking GC Explicit
08-04 22:03:41.442 23454 23467 I art     : Explicit concurrent mark sweep GC freed 20(704B) AllocSpace objects, 0(0B) LOS objects, 35% free, 29MB/45MB, paused 546us total 46.044ms
08-04 22:03:41.461 23454 23467 I art     : Starting a blocking GC Explicit
08-04 22:03:41.491 13866 13882 I PeriodicStatsRunner: PeriodicStatsRunner.call():175 call()
08-04 22:03:41.491 13866 13882 I PeriodicStatsRunner: PeriodicStatsRunner.call():179 No submit PeriodicStats since input started.
08-04 22:03:41.508 23454 23467 I art     : Explicit concurrent mark sweep GC freed 3(96B) AllocSpace objects, 0(0B) LOS objects, 35% free, 29MB/45MB, paused 566us total 46.328ms
08-04 22:03:41.527 23454 23467 I art     : Starting a blocking GC Explicit
08-04 22:03:41.572 23454 26044 D OK      : calling: https://oauth.reddit.com/r/announcements/hot/.json
08-04 22:03:41.573 23454 23467 I art     : Explicit concurrent mark sweep GC freed 10(528B) AllocSpace objects, 0(0B) LOS objects, 35% free, 29MB/45MB, paused 707us total 46.378ms
08-04 22:03:41.592 23454 23467 I art     : Starting a blocking GC Explicit
08-04 22:03:41.639 23454 23467 I art     : Explicit concurrent mark sweep GC freed 88(3KB) AllocSpace objects, 0(0B) LOS objects, 35% free, 29MB/45MB, paused 679us total 46.952ms
08-04 22:03:41.793 23454 26044 I NAPPA_EXPERIMENTATION: MetricNetworkRequestExecutionTime: REQUEST_DURATION_SYSTEM='221',REQUEST_DURATION_OKHTTP='217',REQUEST_SYNCHRONOUS='TRUE',RESPONSE_CODE='200',RESPONSE_METHOD='GET',RESPONSE_LENGTH_OKHTTP='-1',RESPONSE_LENGTH_HEADER='142016',REQUEST_PROTOCOL='h2',REQUEST_URL='https://oauth.reddit.com/r/announcements/hot/.json',
08-04 22:03:41.793 23454 26044 D OK      : request got status: 200
08-04 22:03:41.799 23454 24028 I PostListingFragment: Precaching images: OFF
08-04 22:03:41.800 23454 24028 I PostListingFragment: Precaching comments: OFF
08-04 22:03:41.977 23454 23467 I art     : Starting a blocking GC Explicit
08-04 22:03:42.038 23454 23467 I art     : Explicit concurrent mark sweep GC freed 7157(473KB) AllocSpace objects, 8(152KB) LOS objects, 33% free, 31MB/47MB, paused 997us total 60.408ms
08-04 22:03:42.059 23454 23467 I art     : Starting a blocking GC Explicit
08-04 22:03:42.116 23454 23467 I art     : Explicit concurrent mark sweep GC freed 3801(249KB) AllocSpace objects, 7(492KB) LOS objects, 32% free, 32MB/48MB, paused 885us total 57.539ms
08-04 22:03:42.136 23454 23467 I art     : Starting a blocking GC Explicit
08-04 22:03:42.196 23454 23467 I art     : Explicit concurrent mark sweep GC freed 5342(308KB) AllocSpace objects, 8(412KB) LOS objects, 31% free, 34MB/50MB, paused 960us total 60.269ms
08-04 22:03:42.216 23454 23467 I art     : Starting a blocking GC Explicit
08-04 22:03:42.230 25039 25039 I ServiceManager: Waiting for service AtCmdFwd...
08-04 22:03:42.276 23454 23467 I art     : Explicit concurrent mark sweep GC freed 5179(287KB) AllocSpace objects, 7(604KB) LOS objects, 31% free, 34MB/50MB, paused 690us total 60.395ms
08-04 22:03:42.296 23454 23467 I art     : Starting a blocking GC Explicit
08-04 22:03:42.360 23454 23467 I art     : Explicit concurrent mark sweep GC freed 2907(192KB) AllocSpace objects, 7(324KB) LOS objects, 31% free, 34MB/50MB, paused 1.011ms total 62.987ms
08-04 22:03:42.428 23454 23454 W RecyclerView: Cannot call this method in a scroll callback. Scroll callbacks mightbe run during a measure & layout pass where you cannot change theRecyclerView data. Any method call that might change the structureof the RecyclerView or the adapter contents should be postponed tothe next frame.
08-04 22:03:42.428 23454 23454 W RecyclerView: java.lang.IllegalStateException:  androidx.recyclerview.widget.RecyclerView{203c1db VFED..... .F....ID 0,0-1440,2140 #7f0900ef app:id/scrollbar_recyclerview_recyclerview}, adapter:baseline.org.quantumbadger.redreader.adapters.GroupedRecyclerViewAdapter@b0c7478, layout:androidx.recyclerview.widget.LinearLayoutManager@c9a5751, context:baseline.org.quantumbadger.redreader.activities.PostListingActivity@b12ad98
08-04 22:03:42.428 23454 23454 W RecyclerView: 	at androidx.recyclerview.widget.RecyclerView.assertNotInLayoutOrScroll(RecyclerView.java:3061)
08-04 22:03:42.428 23454 23454 W RecyclerView: 	at androidx.recyclerview.widget.RecyclerView$RecyclerViewDataObserver.onItemRangeInserted(RecyclerView.java:5555)
08-04 22:03:42.428 23454 23454 W RecyclerView: 	at androidx.recyclerview.widget.RecyclerView$AdapterDataObservable.notifyItemRangeInserted(RecyclerView.java:12278)
08-04 22:03:42.428 23454 23454 W RecyclerView: 	at androidx.recyclerview.widget.RecyclerView$Adapter.notifyItemInserted(RecyclerView.java:7464)
08-04 22:03:42.428 23454 23454 W RecyclerView: 	at baseline.org.quantumbadger.redreader.adapters.GroupedRecyclerViewAdapter.updateHiddenStatus(GroupedRecyclerViewAdapter.java:279)
08-04 22:03:42.428 23454 23454 W RecyclerView: 	at baseline.org.quantumbadger.redreader.adapters.RedditListingManager.setLoadingVisible(RedditListingManager.java:125)
08-04 22:03:42.428 23454 23454 W RecyclerView: 	at baseline.org.quantumbadger.redreader.fragments.PostListingFragment.onLoadMoreItemsCheck(PostListingFragment.java:465)
08-04 22:03:42.428 23454 23454 W RecyclerView: 	at baseline.org.quantumbadger.redreader.fragments.PostListingFragment.access$000(PostListingFragment.java:98)
08-04 22:03:42.428 23454 23454 W RecyclerView: 	at baseline.org.quantumbadger.redreader.fragments.PostListingFragment$2.onScrolled(PostListingFragment.java:215)
08-04 22:03:42.428 23454 23454 W RecyclerView: 	at androidx.recyclerview.widget.RecyclerView.dispatchOnScrolled(RecyclerView.java:5173)
08-04 22:03:42.428 23454 23454 W RecyclerView: 	at androidx.recyclerview.widget.RecyclerView.dispatchLayoutStep3(RecyclerView.java:4231)
08-04 22:03:42.428 23454 23454 W RecyclerView: 	at androidx.recyclerview.widget.RecyclerView.dispatchLayout(RecyclerView.java:3862)
08-04 22:03:42.428 23454 23454 W RecyclerView: 	at androidx.recyclerview.widget.RecyclerView.consumePendingUpdateOperations(RecyclerView.java:1897)
08-04 22:03:42.428 23454 23454 W RecyclerView: 	at androidx.recyclerview.widget.RecyclerView$1.run(RecyclerView.java:414)
08-04 22:03:42.428 23454 23454 W RecyclerView: 	at android.view.Choreographer$CallbackRecord.run(Choreographer.java:858)
08-04 22:03:42.428 23454 23454 W RecyclerView: 	at android.view.Choreographer.doCallbacks(Choreographer.java:670)
08-04 22:03:42.428 23454 23454 W RecyclerView: 	at android.view.Choreographer.doFrame(Choreographer.java:603)
08-04 22:03:42.428 23454 23454 W RecyclerView: 	at android.view.Choreographer$FrameDisplayEventReceiver.run(Choreographer.java:844)
08-04 22:03:42.428 23454 23454 W RecyclerView: 	at android.os.Handler.handleCallback(Handler.java:739)
08-04 22:03:42.428 23454 23454 W RecyclerView: 	at android.os.Handler.dispatchMessage(Handler.java:95)
08-04 22:03:42.428 23454 23454 W RecyclerView: 	at android.os.Looper.loop(Looper.java:148)
08-04 22:03:42.428 23454 23454 W RecyclerView: 	at android.app.ActivityThread.main(ActivityThread.java:5417)
08-04 22:03:42.428 23454 23454 W RecyclerView: 	at java.lang.reflect.Method.invoke(Native Method)
08-04 22:03:42.428 23454 23454 W RecyclerView: 	at com.android.internal.os.ZygoteInit$MethodAndArgsCaller.run(ZygoteInit.java:726)
08-04 22:03:42.428 23454 23454 W RecyclerView: 	at com.android.internal.os.ZygoteInit.main(ZygoteInit.java:616)
08-04 22:03:42.736 23454 23467 I art     : Starting a blocking GC Explicit
08-04 22:03:42.772 23454 26067 D OK      : calling: https://oauth.reddit.com/r/announcements/hot/.json?after=t3_9jf8nh
08-04 22:03:42.794 23454 23467 I art     : Explicit concurrent mark sweep GC freed 61886(3MB) AllocSpace objects, 9(172KB) LOS objects, 33% free, 31MB/47MB, paused 799us total 57.344ms
08-04 22:03:42.813 23454 23467 I art     : Starting a blocking GC Explicit
08-04 22:03:42.869 23454 23467 I art     : Explicit concurrent mark sweep GC freed 127(6KB) AllocSpace objects, 0(0B) LOS objects, 33% free, 31MB/47MB, paused 726us total 55.861ms
08-04 22:03:42.892 23454 23467 I art     : Starting a blocking GC Explicit
08-04 22:03:42.946 23454 23467 I art     : Explicit concurrent mark sweep GC freed 3(96B) AllocSpace objects, 0(0B) LOS objects, 33% free, 31MB/47MB, paused 684us total 54.064ms
08-04 22:03:42.966 23454 23467 I art     : Starting a blocking GC Explicit
08-04 22:03:43.020 23454 23467 I art     : Explicit concurrent mark sweep GC freed 18(2816B) AllocSpace objects, 0(0B) LOS objects, 33% free, 31MB/47MB, paused 666us total 54.267ms
08-04 22:03:43.026 23454 26067 I NAPPA_EXPERIMENTATION: MetricNetworkRequestExecutionTime: REQUEST_DURATION_SYSTEM='253',REQUEST_DURATION_OKHTTP='247',REQUEST_SYNCHRONOUS='TRUE',RESPONSE_CODE='200',RESPONSE_METHOD='GET',RESPONSE_LENGTH_OKHTTP='-1',RESPONSE_LENGTH_HEADER='65685',REQUEST_PROTOCOL='h2',REQUEST_URL='https://oauth.reddit.com/r/announcements/hot/.json?after=t3_9jf8nh',
08-04 22:03:43.027 23454 26067 D OK      : request got status: 200
08-04 22:03:43.039 23454 23467 I art     : Starting a blocking GC Explicit
08-04 22:03:43.042 23454 24028 I PostListingFragment: Precaching images: OFF
08-04 22:03:43.042 23454 24028 I PostListingFragment: Precaching comments: OFF
08-04 22:03:43.090 23454 23467 I art     : Explicit concurrent mark sweep GC freed 2219(274KB) AllocSpace objects, 2(40KB) LOS objects, 32% free, 32MB/48MB, paused 957us total 50.199ms
08-04 22:03:43.231 25039 25039 I ServiceManager: Waiting for service AtCmdFwd...
08-04 22:03:43.418 23454 23973 I art     : Starting a blocking GC Explicit
08-04 22:03:43.428 13866 13882 I PeriodicStatsRunner: PeriodicStatsRunner.call():175 call()
08-04 22:03:43.429 13866 13882 I PeriodicStatsRunner: PeriodicStatsRunner.call():179 No submit PeriodicStats since input started.
08-04 22:03:43.488 23454 23973 I art     : Explicit concurrent mark sweep GC freed 34190(1632KB) AllocSpace objects, 17(860KB) LOS objects, 33% free, 32MB/48MB, paused 716us total 70.109ms
08-04 22:03:43.511 23454 23973 I art     : Starting a blocking GC Explicit
08-04 22:03:43.567 23454 23973 I art     : Explicit concurrent mark sweep GC freed 1798(75KB) AllocSpace objects, 0(0B) LOS objects, 33% free, 32MB/48MB, paused 801us total 56.459ms
08-04 22:03:43.587 23454 23973 I art     : Starting a blocking GC Explicit
08-04 22:03:43.642 23454 23973 I art     : Explicit concurrent mark sweep GC freed 3(96B) AllocSpace objects, 0(0B) LOS objects, 33% free, 32MB/48MB, paused 614us total 54.140ms
08-04 22:03:43.661 23454 23973 I art     : Starting a blocking GC Explicit
08-04 22:03:43.720 23454 23973 I art     : Explicit concurrent mark sweep GC freed 7(224B) AllocSpace objects, 0(0B) LOS objects, 33% free, 32MB/48MB, paused 583us total 57.763ms
08-04 22:03:43.739 23454 23973 I art     : Starting a blocking GC Explicit
08-04 22:03:43.796 23454 23973 I art     : Explicit concurrent mark sweep GC freed 16(688B) AllocSpace objects, 0(0B) LOS objects, 33% free, 32MB/48MB, paused 583us total 56.312ms
08-04 22:03:44.170 23454 23517 I art     : Starting a blocking GC Explicit
08-04 22:03:44.231 25039 25039 I ServiceManager: Waiting for service AtCmdFwd...
08-04 22:03:44.238 23454 23517 I art     : Explicit concurrent mark sweep GC freed 1362(83KB) AllocSpace objects, 1(20KB) LOS objects, 33% free, 32MB/48MB, paused 639us total 67.542ms
08-04 22:03:44.258 23454 23517 I art     : Starting a blocking GC Explicit
08-04 22:03:44.315 23454 23517 I art     : Explicit concurrent mark sweep GC freed 20(704B) AllocSpace objects, 0(0B) LOS objects, 33% free, 32MB/48MB, paused 661us total 57.167ms
08-04 22:03:44.338 23454 23517 I art     : Starting a blocking GC Explicit
08-04 22:03:44.392 23454 23517 I art     : Explicit concurrent mark sweep GC freed 3(96B) AllocSpace objects, 0(0B) LOS objects, 33% free, 32MB/48MB, paused 600us total 54.313ms
08-04 22:03:44.412 23454 23517 I art     : Starting a blocking GC Explicit
08-04 22:03:44.469 23454 23517 I art     : Explicit concurrent mark sweep GC freed 3(96B) AllocSpace objects, 0(0B) LOS objects, 33% free, 32MB/48MB, paused 617us total 56.864ms
08-04 22:03:44.493 23454 23517 I art     : Starting a blocking GC Explicit
08-04 22:03:44.548 23454 23517 I art     : Explicit concurrent mark sweep GC freed 3(96B) AllocSpace objects, 0(0B) LOS objects, 33% free, 32MB/48MB, paused 677us total 54.629ms
08-04 22:03:44.919 23454 25938 I art     : Starting a blocking GC Explicit
08-04 22:03:44.979 23454 25938 I art     : Explicit concurrent mark sweep GC freed 1355(83KB) AllocSpace objects, 1(20KB) LOS objects, 33% free, 32MB/48MB, paused 608us total 58.920ms
08-04 22:03:44.999 23454 25938 I art     : Starting a blocking GC Explicit
08-04 22:03:45.053 23454 25938 I art     : Explicit concurrent mark sweep GC freed 20(704B) AllocSpace objects, 0(0B) LOS objects, 33% free, 32MB/48MB, paused 511us total 53.550ms
08-04 22:03:45.072 23454 25938 I art     : Starting a blocking GC Explicit
08-04 22:03:45.128 23454 25938 I art     : Explicit concurrent mark sweep GC freed 3(96B) AllocSpace objects, 0(0B) LOS objects, 33% free, 32MB/48MB, paused 541us total 55.334ms
08-04 22:03:45.148 23454 25938 I art     : Starting a blocking GC Explicit
08-04 22:03:45.205 23454 25938 I art     : Explicit concurrent mark sweep GC freed 3(96B) AllocSpace objects, 0(0B) LOS objects, 33% free, 32MB/48MB, paused 557us total 57.221ms
08-04 22:03:45.229 23454 25938 I art     : Starting a blocking GC Explicit
08-04 22:03:45.232 25039 25039 I ServiceManager: Waiting for service AtCmdFwd...
08-04 22:03:45.284 23454 25938 I art     : Explicit concurrent mark sweep GC freed 3(96B) AllocSpace objects, 0(0B) LOS objects, 33% free, 32MB/48MB, paused 593us total 54.571ms
08-04 22:03:45.447 13866 13882 I PeriodicStatsRunner: PeriodicStatsRunner.call():175 call()
08-04 22:03:45.447 13866 13882 I PeriodicStatsRunner: PeriodicStatsRunner.call():179 No submit PeriodicStats since input started.
08-04 22:03:45.679 23454 23466 I art     : Starting a blocking GC Explicit
08-04 22:03:45.742 23454 23466 I art     : Explicit concurrent mark sweep GC freed 1356(83KB) AllocSpace objects, 1(20KB) LOS objects, 33% free, 32MB/48MB, paused 645us total 61.931ms
08-04 22:03:45.762 23454 23466 I art     : Starting a blocking GC Explicit
08-04 22:03:45.817 23454 23466 I art     : Explicit concurrent mark sweep GC freed 20(704B) AllocSpace objects, 0(0B) LOS objects, 33% free, 32MB/48MB, paused 560us total 55.223ms
08-04 22:03:45.836 23454 23466 I art     : Starting a blocking GC Explicit
08-04 22:03:45.890 23454 23466 I art     : Explicit concurrent mark sweep GC freed 3(96B) AllocSpace objects, 0(0B) LOS objects, 33% free, 32MB/48MB, paused 602us total 53.067ms
08-04 22:03:45.909 23454 23466 I art     : Starting a blocking GC Explicit
08-04 22:03:45.962 23454 23466 I art     : Explicit concurrent mark sweep GC freed 3(96B) AllocSpace objects, 0(0B) LOS objects, 33% free, 32MB/48MB, paused 568us total 53.190ms
08-04 22:03:45.982 23454 23466 I art     : Starting a blocking GC Explicit
08-04 22:03:46.036 23454 23466 I art     : Explicit concurrent mark sweep GC freed 3(96B) AllocSpace objects, 0(0B) LOS objects, 33% free, 32MB/48MB, paused 575us total 54.293ms
08-04 22:03:46.142 26115 26115 D AndroidRuntime: >>>>>> START com.android.internal.os.RuntimeInit uid 2000 <<<<<<
08-04 22:03:46.150 26115 26115 D AndroidRuntime: CheckJNI is OFF
08-04 22:03:46.200 26115 26115 D ICU     : No timezone override file found: /data/misc/zoneinfo/current/icu/icu_tzdata.dat
08-04 22:03:46.233 25039 25039 I ServiceManager: Waiting for service AtCmdFwd...
08-04 22:03:46.242 26115 26115 I Radio-JNI: register_android_hardware_Radio DONE
08-04 22:03:46.270 26115 26115 D AndroidRuntime: Calling main entry com.android.commands.input.Input
08-04 22:03:46.272 26115 26115 I Input   : injectMotionEvent: MotionEvent { action=ACTION_DOWN, actionButton=0, id[0]=0, x[0]=600.0, y[0]=580.0, toolType[0]=TOOL_TYPE_UNKNOWN, buttonState=0, metaState=0, flags=0x0, edgeFlags=0x0, pointerCount=1, historySize=0, eventTime=741842684, downTime=741842684, deviceId=0, source=0x1002 }
08-04 22:03:46.277 26115 26115 I Input   : injectMotionEvent: MotionEvent { action=ACTION_UP, actionButton=0, id[0]=0, x[0]=600.0, y[0]=580.0, toolType[0]=TOOL_TYPE_UNKNOWN, buttonState=0, metaState=0, flags=0x0, edgeFlags=0x0, pointerCount=1, historySize=0, eventTime=741842684, downTime=741842684, deviceId=0, source=0x1002 }
08-04 22:03:46.279 26115 26115 D AndroidRuntime: Shutting down VM
08-04 22:03:46.300   512  2967 D audio_hw_primary: out_set_parameters: enter: usecase(1: low-latency-playback) kvpairs: routing=2
08-04 22:03:46.300   918  5132 I ActivityManager: START u0 {cmp=baseline.org.quantumbadger.redreader/.activities.WebViewActivity (has extras)} from uid 10666 on display 0
08-04 22:03:46.314   512  2967 D audio_hw_primary: select_devices: out_snd_device(2: speaker) in_snd_device(0: none)
08-04 22:03:46.314   512  2967 D msm8974_platform: platform_send_audio_calibration: sending audio calibration for snd_device(2) acdb_id(15)
08-04 22:03:46.315   512  2967 I soundtrigger: audio_extn_sound_trigger_update_device_status: device 0x2 of type 0 for Event 1
08-04 22:03:46.328   512  2967 D audio_hw_primary: enable_snd_device: snd_device(2: speaker)
08-04 22:03:46.333   512  2967 D audio_hw_primary: enable_audio_route: apply and update mixer path: low-latency-playback speaker
08-04 22:03:46.337 23454 23454 I AppCompatViewInflater: app:theme is now deprecated. Please move to using android:theme instead.
08-04 22:03:46.363   918  3714 D ConnectivityService: listenForNetwork for Listen from uid/pid:10666/23454 for NetworkRequest [ id=2965, legacyType=-1, [ Capabilities: INTERNET&NOT_RESTRICTED&TRUSTED] ]
08-04 22:03:46.399 23454 23466 I art     : Starting a blocking GC Explicit
08-04 22:03:46.445 23454 23466 I art     : Explicit concurrent mark sweep GC freed 5356(290KB) AllocSpace objects, 1(20KB) LOS objects, 33% free, 32MB/48MB, paused 519us total 45.988ms
08-04 22:03:46.463 23454 23466 I art     : Starting a blocking GC Explicit
08-04 22:03:46.489 13866 13866 I GoogleInputMethodServic: GoogleInputMethodService.onFinishInput():3138 
08-04 22:03:46.490   918   936 I ActivityManager: Displayed baseline.org.quantumbadger.redreader/.activities.WebViewActivity: +178ms
08-04 22:03:46.490 13866 13866 I GoogleInputMethodServic: GoogleInputMethodService.onStartInput():1808 
08-04 22:03:46.509 23454 23466 I art     : Explicit concurrent mark sweep GC freed 7741(843KB) AllocSpace objects, 17(2MB) LOS objects, 35% free, 29MB/45MB, paused 643us total 44.854ms
08-04 22:03:46.528 23454 23466 I art     : Starting a blocking GC Explicit
08-04 22:03:46.570 23454 23466 I art     : Explicit concurrent mark sweep GC freed 83(4KB) AllocSpace objects, 0(0B) LOS objects, 35% free, 29MB/45MB, paused 523us total 41.893ms
08-04 22:03:46.588 23454 23466 I art     : Starting a blocking GC Explicit
08-04 22:03:46.631 23454 23466 I art     : Explicit concurrent mark sweep GC freed 5(192B) AllocSpace objects, 0(0B) LOS objects, 35% free, 29MB/45MB, paused 477us total 42.814ms
08-04 22:03:46.650 23454 23466 I art     : Starting a blocking GC Explicit
08-04 22:03:46.696 23454 23466 I art     : Explicit concurrent mark sweep GC freed 4(128B) AllocSpace objects, 0(0B) LOS objects, 35% free, 29MB/45MB, paused 502us total 45.676ms
08-04 22:03:46.727   380   380 W SurfaceFlinger: couldn't log to binary event log: overflow.
08-04 22:03:46.840 23454 26051 I RedditChangeDataIO: Writing tmp data file at '/data/user/0/baseline.org.quantumbadger.redreader/files/rr_change_data_tmp.dat'
08-04 22:03:46.840 23454 26051 I RedditChangeDataManager: Taking snapshot...
08-04 22:03:46.840 23454 26051 I RedditChangeDataManager: Writing to stream...
08-04 22:03:46.840 23454 26051 I RedditChangeDataManager: Wrote 5 entries for user ''
08-04 22:03:46.840 23454 26051 I RedditChangeDataManager: All entries written to stream.
08-04 22:03:46.840 23454 26051 I RedditChangeDataIO: Write successful. Atomically replacing data file...
08-04 22:03:46.841 23454 26051 I RedditChangeDataIO: Write complete.
08-04 22:03:46.841 23454 26051 I RedditChangeDataIO: 134 bytes written in 2 ms
08-04 22:03:46.868   512  2967 D audio_hw_primary: disable_audio_route: reset and update mixer path: low-latency-playback speaker
08-04 22:03:46.869   512  2967 D audio_hw_primary: disable_snd_device: snd_device(2: speaker)
08-04 22:03:46.881   512  2967 I soundtrigger: audio_extn_sound_trigger_update_device_status: device 0x2 of type 0 for Event 0
08-04 22:03:47.071 23454 23973 I art     : Starting a blocking GC Explicit
08-04 22:03:47.126 23454 23973 I art     : Explicit concurrent mark sweep GC freed 2375(139KB) AllocSpace objects, 2(88KB) LOS objects, 35% free, 29MB/45MB, paused 683us total 54.059ms
08-04 22:03:47.147 23454 23973 I art     : Starting a blocking GC Explicit
08-04 22:03:47.197 23454 23973 I art     : Explicit concurrent mark sweep GC freed 34(1136B) AllocSpace objects, 0(0B) LOS objects, 35% free, 29MB/45MB, paused 620us total 49.493ms
08-04 22:03:47.217 23454 23973 I art     : Starting a blocking GC Explicit
08-04 22:03:47.233 25039 25039 W Atfwd_Sendcmd: AtCmdFwd service not published, waiting... retryCnt : 4
08-04 22:03:47.268 23454 23973 I art     : Explicit concurrent mark sweep GC freed 10(304B) AllocSpace objects, 0(0B) LOS objects, 35% free, 29MB/45MB, paused 674us total 50.952ms
08-04 22:03:47.288 23454 23973 I art     : Starting a blocking GC Explicit
08-04 22:03:47.334 23454 23973 I art     : Explicit concurrent mark sweep GC freed 12(368B) AllocSpace objects, 0(0B) LOS objects, 35% free, 29MB/45MB, paused 493us total 45.992ms
08-04 22:03:47.354 23454 23973 I art     : Starting a blocking GC Explicit
08-04 22:03:47.403 23454 23973 I art     : Explicit concurrent mark sweep GC freed 11(352B) AllocSpace objects, 0(0B) LOS objects, 35% free, 29MB/45MB, paused 484us total 48.816ms
08-04 22:03:47.792 23454 23467 I art     : Starting a blocking GC Explicit
08-04 22:03:47.839 23454 23467 I art     : Explicit concurrent mark sweep GC freed 1414(85KB) AllocSpace objects, 1(20KB) LOS objects, 35% free, 29MB/45MB, paused 529us total 47.160ms
08-04 22:03:47.861 23454 23467 I art     : Starting a blocking GC Explicit
08-04 22:03:47.868 23454 23454 I chromium: [INFO:CONSOLE(1)] "
08-04 22:03:47.868 23454 23454 I chromium:                   ,d"=,.,qOp,
08-04 22:03:47.868 23454 23454 I chromium:                  ,7'  ''$(  )
08-04 22:03:47.868 23454 23454 I chromium:                 ,7'      '?q$7'
08-04 22:03:47.868 23454 23454 I chromium:              ..,$$,.
08-04 22:03:47.868 23454 23454 I chromium:    ,.  .,,--***""***--,,.  .,
08-04 22:03:47.868 23454 23454 I chromium:     ,p''              ''q,   
08-04 22:03:47.868 23454 23454 I chromium: :  ,7'                      '7,  :
08-04 22:03:47.868 23454 23454 I chromium:  ' $      ,db,      ,db,      $ '
08-04 22:03:47.868 23454 23454 I chromium:   '$      $$      $$      $'    Using Reddit at work? Work for Reddit.
08-04 22:03:47.868 23454 23454 I chromium:   '$                          $'        https://www.reddit.com/jobs
08-04 22:03:47.868 23454 23454 I chromium:    '$.     .,        ,.     .$'
08-04 22:03:47.868 23454 23454 I chromium:     'b,     ''     ,d'
08-04 22:03:47.868 23454 23454 I chromium:      '?bn,,          ,,nd?'
08-04 22:03:47.868 23454 23454 I chromium:        ,7$ '''' $7,
08-04 22:03:47.868 23454 23454 I chromium:      , $              $ ,
08-04 22:03:47.868 23454 23454 I chromium:      $  :$              $:  $
08-04 22:03:47.868 23454 23454 I chromium:      $   $              $   $
08-04 22:03:47.868 23454 23454 I chromium:      'b  q:            :p  d'
08-04 22:03:47.868 23454 23454 I chromium:       '?$.          .$?'
08-04 22:03:47.868 23454 23454 I chromium:          'b            d'
08-04 22:03:47.868 23454 23454 I chromium:        ,'?,.      .,?',
08-04 22:03:47.868 23454 23454 I chromium:       ==--==--==--==
08-04 22:03:47.868 23454 23454 I chromium: ", source: https://www.redditstatic.com/desktop2x/Chat~Governance~Reddit.2ea93b134a9b2e5b1d9a.js (1)
08-04 22:03:47.918 23454 23467 I art     : Explicit concurrent mark sweep GC freed 104(6KB) AllocSpace objects, 0(0B) LOS objects, 35% free, 29MB/45MB, paused 703us total 56.169ms
08-04 22:03:47.939 23454 23467 I art     : Starting a blocking GC Explicit
08-04 22:03:47.994 23454 23467 I art     : Explicit concurrent mark sweep GC freed 11(352B) AllocSpace objects, 0(0B) LOS objects, 35% free, 29MB/45MB, paused 698us total 54.857ms
08-04 22:03:48.015 23454 23467 I art     : Starting a blocking GC Explicit
08-04 22:03:48.071 23454 23467 I art     : Explicit concurrent mark sweep GC freed 20(640B) AllocSpace objects, 0(0B) LOS objects, 35% free, 29MB/45MB, paused 473us total 56.120ms
08-04 22:03:48.095 23454 23467 I art     : Starting a blocking GC Explicit
08-04 22:03:48.147 23454 23467 I art     : Explicit concurrent mark sweep GC freed 27(944B) AllocSpace objects, 0(0B) LOS objects, 35% free, 29MB/45MB, paused 650us total 52.027ms
08-04 22:03:48.501 23454 23466 I art     : Starting a blocking GC Explicit
08-04 22:03:48.551 23454 23466 I art     : Explicit concurrent mark sweep GC freed 1668(127KB) AllocSpace objects, 1(20KB) LOS objects, 35% free, 29MB/45MB, paused 539us total 49.900ms
08-04 22:03:48.570 23454 23466 I art     : Starting a blocking GC Explicit
08-04 22:03:48.617 23454 23466 I art     : Explicit concurrent mark sweep GC freed 85(2880B) AllocSpace objects, 0(0B) LOS objects, 35% free, 29MB/45MB, paused 619us total 47.522ms
08-04 22:03:48.636 23454 23466 I art     : Starting a blocking GC Explicit
08-04 22:03:48.681 23454 23466 I art     : Explicit concurrent mark sweep GC freed 3(96B) AllocSpace objects, 0(0B) LOS objects, 35% free, 29MB/45MB, paused 518us total 44.222ms
08-04 22:03:48.701 23454 23466 I art     : Starting a blocking GC Explicit
08-04 22:03:48.755 23454 23466 I art     : Explicit concurrent mark sweep GC freed 208(12KB) AllocSpace objects, 0(0B) LOS objects, 35% free, 29MB/45MB, paused 461us total 53.866ms
08-04 22:03:48.773 23454 23466 I art     : Starting a blocking GC Explicit
08-04 22:03:48.815 23454 23466 I art     : Explicit concurrent mark sweep GC freed 9(288B) AllocSpace objects, 0(0B) LOS objects, 35% free, 29MB/45MB, paused 649us total 41.417ms
08-04 22:03:49.188 23454 23466 I art     : Starting a blocking GC Explicit
08-04 22:03:49.233 23454 23466 I art     : Explicit concurrent mark sweep GC freed 1370(85KB) AllocSpace objects, 1(20KB) LOS objects, 35% free, 29MB/45MB, paused 474us total 45.099ms
08-04 22:03:49.252 23454 23466 I art     : Starting a blocking GC Explicit
08-04 22:03:49.287   518   646 I ThermalEngine: ACTION: GPU - Setting GPU[0] to 390000000
08-04 22:03:49.332 23454 23466 I art     : Explicit concurrent mark sweep GC freed 20(704B) AllocSpace objects, 0(0B) LOS objects, 35% free, 29MB/45MB, paused 830us total 79.107ms
08-04 22:03:49.365 23454 23466 I art     : Starting a blocking GC Explicit
08-04 22:03:49.422 23454 23466 I art     : Explicit concurrent mark sweep GC freed 3(96B) AllocSpace objects, 0(0B) LOS objects, 35% free, 29MB/45MB, paused 739us total 57.054ms
08-04 22:03:49.452 23454 23466 I art     : Starting a blocking GC Explicit
08-04 22:03:49.514 23454 23466 I art     : Explicit concurrent mark sweep GC freed 3(96B) AllocSpace objects, 0(0B) LOS objects, 35% free, 29MB/45MB, paused 758us total 61.411ms
08-04 22:03:49.539 23454 23466 I art     : Starting a blocking GC Explicit
08-04 22:03:49.597 23454 23466 I art     : Explicit concurrent mark sweep GC freed 47(2576B) AllocSpace objects, 0(0B) LOS objects, 35% free, 29MB/45MB, paused 746us total 57.623ms
08-04 22:03:50.021 23454 23466 I art     : Starting a blocking GC Explicit
08-04 22:03:50.089 23454 23466 I art     : Explicit concurrent mark sweep GC freed 1359(82KB) AllocSpace objects, 1(20KB) LOS objects, 35% free, 29MB/45MB, paused 823us total 67.655ms
08-04 22:03:50.114 23454 23466 I art     : Starting a blocking GC Explicit
08-04 22:03:50.181 23454 23466 I art     : Explicit concurrent mark sweep GC freed 20(704B) AllocSpace objects, 0(0B) LOS objects, 35% free, 29MB/45MB, paused 751us total 66.487ms
08-04 22:03:50.206 23454 23466 I art     : Starting a blocking GC Explicit
08-04 22:03:50.276 23454 23466 I art     : Explicit concurrent mark sweep GC freed 3(96B) AllocSpace objects, 0(0B) LOS objects, 35% free, 29MB/45MB, paused 904us total 68.841ms
08-04 22:03:50.301 23454 23466 I art     : Starting a blocking GC Explicit
08-04 22:03:50.371 23454 23466 I art     : Explicit concurrent mark sweep GC freed 3(96B) AllocSpace objects, 0(0B) LOS objects, 35% free, 29MB/45MB, paused 654us total 69.069ms
08-04 22:03:50.397 23454 23466 I art     : Starting a blocking GC Explicit
08-04 22:03:50.467 23454 23466 I art     : Explicit concurrent mark sweep GC freed 3(96B) AllocSpace objects, 0(0B) LOS objects, 35% free, 29MB/45MB, paused 748us total 70.087ms
08-04 22:03:50.898 23454 23466 I art     : Starting a blocking GC Explicit
08-04 22:03:50.966 23454 23466 I art     : Explicit concurrent mark sweep GC freed 1357(82KB) AllocSpace objects, 1(20KB) LOS objects, 35% free, 29MB/45MB, paused 1.225ms total 66.854ms
08-04 22:03:50.991 23454 23466 I art     : Starting a blocking GC Explicit
08-04 22:03:51.055 23454 23466 I art     : Explicit concurrent mark sweep GC freed 20(704B) AllocSpace objects, 0(0B) LOS objects, 35% free, 29MB/45MB, paused 1.552ms total 63.553ms
08-04 22:03:51.083 23454 23466 I art     : Starting a blocking GC Explicit
08-04 22:03:51.141 23454 23466 I art     : Explicit concurrent mark sweep GC freed 3(96B) AllocSpace objects, 0(0B) LOS objects, 35% free, 29MB/45MB, paused 830us total 57.660ms
08-04 22:03:51.175 23454 23466 I art     : Starting a blocking GC Explicit
08-04 22:03:51.219 26196 26196 D AndroidRuntime: >>>>>> START com.android.internal.os.RuntimeInit uid 2000 <<<<<<
08-04 22:03:51.226 26196 26196 D AndroidRuntime: CheckJNI is OFF
08-04 22:03:51.234 23454 23466 I art     : Explicit concurrent mark sweep GC freed 3(96B) AllocSpace objects, 0(0B) LOS objects, 35% free, 29MB/45MB, paused 893us total 58.355ms
08-04 22:03:51.265 23454 23466 I art     : Starting a blocking GC Explicit
08-04 22:03:51.290 26196 26196 D ICU     : No timezone override file found: /data/misc/zoneinfo/current/icu/icu_tzdata.dat
08-04 22:03:51.323 23454 23466 I art     : Explicit concurrent mark sweep GC freed 3(96B) AllocSpace objects, 0(0B) LOS objects, 35% free, 29MB/45MB, paused 876us total 56.838ms
08-04 22:03:51.335 26196 26196 I Radio-JNI: register_android_hardware_Radio DONE
08-04 22:03:51.378 26196 26196 D AndroidRuntime: Calling main entry com.android.commands.input.Input
08-04 22:03:51.380 26196 26196 I Input   : injectKeyEvent: KeyEvent { action=ACTION_DOWN, keyCode=KEYCODE_BACK, scanCode=0, metaState=0, flags=0x0, repeatCount=0, eventTime=741847793, downTime=741847793, deviceId=-1, source=0x101 }
08-04 22:03:51.386 26196 26196 I Input   : injectKeyEvent: KeyEvent { action=ACTION_UP, keyCode=KEYCODE_BACK, scanCode=0, metaState=0, flags=0x0, repeatCount=0, eventTime=741847793, downTime=741847793, deviceId=-1, source=0x101 }
08-04 22:03:51.393 26196 26196 D AndroidRuntime: Shutting down VM
08-04 22:03:51.456 13866 13866 I GoogleInputMethodServic: GoogleInputMethodService.onFinishInput():3138 
08-04 22:03:51.458 13866 13866 I GoogleInputMethodServic: GoogleInputMethodService.onStartInput():1808 
08-04 22:03:51.490 13866 13882 I PeriodicStatsRunner: PeriodicStatsRunner.call():175 call()
08-04 22:03:51.490 13866 13882 I PeriodicStatsRunner: PeriodicStatsRunner.call():179 No submit PeriodicStats since input started.
08-04 22:03:51.733 23454 23466 I art     : Starting a blocking GC Explicit
08-04 22:03:51.796 23454 23466 I art     : Explicit concurrent mark sweep GC freed 1623(91KB) AllocSpace objects, 1(20KB) LOS objects, 35% free, 29MB/45MB, paused 830us total 62.675ms
08-04 22:03:51.799   380   380 W SurfaceFlinger: couldn't log to binary event log: overflow.
08-04 22:03:51.821 23454 23466 I art     : Starting a blocking GC Explicit
08-04 22:03:51.848   918  3263 D ConnectivityService: releasing NetworkRequest NetworkRequest [ id=2965, legacyType=-1, [ Capabilities: INTERNET&NOT_RESTRICTED&TRUSTED] ]
08-04 22:03:51.889 23454 23466 I art     : Explicit concurrent mark sweep GC freed 878(40KB) AllocSpace objects, 0(0B) LOS objects, 35% free, 29MB/45MB, paused 730us total 67.463ms
08-04 22:03:51.922 23454 23466 I art     : Starting a blocking GC Explicit
08-04 22:03:51.983 23454 23466 I art     : Explicit concurrent mark sweep GC freed 151(7KB) AllocSpace objects, 0(0B) LOS objects, 35% free, 29MB/45MB, paused 708us total 60.279ms
08-04 22:03:52.026 23454 23466 I art     : Starting a blocking GC Explicit
08-04 22:03:52.078 23454 23466 I art     : Explicit concurrent mark sweep GC freed 1977(117KB) AllocSpace objects, 1(28KB) LOS objects, 35% free, 29MB/45MB, paused 714us total 51.373ms
08-04 22:03:52.102 23454 23466 I art     : Starting a blocking GC Explicit
08-04 22:03:52.163 23454 23466 I art     : Explicit concurrent mark sweep GC freed 3(96B) AllocSpace objects, 0(0B) LOS objects, 35% free, 29MB/45MB, paused 895us total 60.384ms
08-04 22:03:52.163 23454 23465 I art     : WaitForGcToComplete blocked for 36.926ms for cause HeapTrim
08-04 22:03:52.565 23454 23973 I art     : Starting a blocking GC Explicit
08-04 22:03:52.634 23454 23973 I art     : Explicit concurrent mark sweep GC freed 1357(82KB) AllocSpace objects, 1(20KB) LOS objects, 35% free, 29MB/45MB, paused 709us total 68.218ms
08-04 22:03:52.665 23454 23973 I art     : Starting a blocking GC Explicit
08-04 22:03:52.724 23454 23973 I art     : Explicit concurrent mark sweep GC freed 20(704B) AllocSpace objects, 0(0B) LOS objects, 35% free, 29MB/45MB, paused 727us total 58.228ms
08-04 22:03:52.749 23454 23973 I art     : Starting a blocking GC Explicit
08-04 22:03:52.805 23454 23973 I art     : Explicit concurrent mark sweep GC freed 3(96B) AllocSpace objects, 0(0B) LOS objects, 35% free, 29MB/45MB, paused 730us total 55.899ms
08-04 22:03:52.830 23454 23973 I art     : Starting a blocking GC Explicit
08-04 22:03:52.887 23454 23973 I art     : Explicit concurrent mark sweep GC freed 3(96B) AllocSpace objects, 0(0B) LOS objects, 35% free, 29MB/45MB, paused 750us total 57.055ms
08-04 22:03:52.913 23454 23973 I art     : Starting a blocking GC Explicit
08-04 22:03:52.971 23454 23973 I art     : Explicit concurrent mark sweep GC freed 3(96B) AllocSpace objects, 0(0B) LOS objects, 35% free, 29MB/45MB, paused 862us total 58.119ms
08-04 22:03:53.285   518   646 I ThermalEngine: ACTION: GPU - Setting GPU[0] to 450000000
08-04 22:03:53.310 26239 26239 D AndroidRuntime: >>>>>> START com.android.internal.os.RuntimeInit uid 2000 <<<<<<
08-04 22:03:53.316 26239 26239 D AndroidRuntime: CheckJNI is OFF
08-04 22:03:53.341 23454 23517 I art     : Starting a blocking GC Explicit
08-04 22:03:53.367 26239 26239 D ICU     : No timezone override file found: /data/misc/zoneinfo/current/icu/icu_tzdata.dat
08-04 22:03:53.392 23454 23517 I art     : Explicit concurrent mark sweep GC freed 1356(82KB) AllocSpace objects, 1(20KB) LOS objects, 35% free, 29MB/45MB, paused 521us total 50.540ms
08-04 22:03:53.410 26239 26239 I Radio-JNI: register_android_hardware_Radio DONE
08-04 22:03:53.411 23454 23517 I art     : Starting a blocking GC Explicit
08-04 22:03:53.439 26239 26239 D AndroidRuntime: Calling main entry com.android.commands.input.Input
08-04 22:03:53.440 26239 26239 I Input   : injectKeyEvent: KeyEvent { action=ACTION_DOWN, keyCode=KEYCODE_BACK, scanCode=0, metaState=0, flags=0x0, repeatCount=0, eventTime=741849853, downTime=741849853, deviceId=-1, source=0x101 }
08-04 22:03:53.445 26239 26239 I Input   : injectKeyEvent: KeyEvent { action=ACTION_UP, keyCode=KEYCODE_BACK, scanCode=0, metaState=0, flags=0x0, repeatCount=0, eventTime=741849853, downTime=741849853, deviceId=-1, source=0x101 }
08-04 22:03:53.452 26239 26239 D AndroidRuntime: Shutting down VM
08-04 22:03:53.453 23454 23517 I art     : Explicit concurrent mark sweep GC freed 29(992B) AllocSpace objects, 0(0B) LOS objects, 35% free, 29MB/45MB, paused 516us total 42.439ms
08-04 22:03:53.471 23454 23517 I art     : Starting a blocking GC Explicit
08-04 22:03:53.498 13866 13866 I GoogleInputMethodServic: GoogleInputMethodService.onFinishInput():3138 
08-04 22:03:53.498 13866 13866 I GoogleInputMethodServic: GoogleInputMethodService.onStartInput():1808 
08-04 22:03:53.517 23454 23517 I art     : Explicit concurrent mark sweep GC freed 110(3KB) AllocSpace objects, 0(0B) LOS objects, 35% free, 29MB/45MB, paused 569us total 45.157ms
08-04 22:03:53.534 23454 23517 I art     : Starting a blocking GC Explicit
08-04 22:03:53.576 23454 23517 I art     : Explicit concurrent mark sweep GC freed 70(2304B) AllocSpace objects, 0(0B) LOS objects, 35% free, 29MB/45MB, paused 466us total 40.968ms
08-04 22:03:53.594 23454 23517 I art     : Starting a blocking GC Explicit
08-04 22:03:53.635 23454 23517 I art     : Explicit concurrent mark sweep GC freed 3(96B) AllocSpace objects, 0(0B) LOS objects, 35% free, 29MB/45MB, paused 423us total 41.489ms
08-04 22:03:53.953 23454 23517 I art     : Starting a blocking GC Explicit
08-04 22:03:53.996 23454 23517 I art     : Explicit concurrent mark sweep GC freed 1421(85KB) AllocSpace objects, 1(20KB) LOS objects, 35% free, 29MB/45MB, paused 489us total 42.700ms
08-04 22:03:54.013 23454 23517 I art     : Starting a blocking GC Explicit
08-04 22:03:54.056 23454 23517 I art     : Explicit concurrent mark sweep GC freed 150(7KB) AllocSpace objects, 0(0B) LOS objects, 35% free, 29MB/45MB, paused 490us total 42.031ms
08-04 22:03:54.073 23454 23517 I art     : Starting a blocking GC Explicit
08-04 22:03:54.115 23454 23517 I art     : Explicit concurrent mark sweep GC freed 3(96B) AllocSpace objects, 0(0B) LOS objects, 35% free, 29MB/45MB, paused 479us total 42.148ms
08-04 22:03:54.134 23454 23517 I art     : Starting a blocking GC Explicit
08-04 22:03:54.176 23454 23517 I art     : Explicit concurrent mark sweep GC freed 3(96B) AllocSpace objects, 0(0B) LOS objects, 35% free, 29MB/45MB, paused 517us total 42.246ms
08-04 22:03:54.194 23454 23517 I art     : Starting a blocking GC Explicit
08-04 22:03:54.239 23454 23517 I art     : Explicit concurrent mark sweep GC freed 3(96B) AllocSpace objects, 0(0B) LOS objects, 35% free, 29MB/45MB, paused 517us total 44.795ms
08-04 22:03:54.568 23454 23467 I art     : Starting a blocking GC Explicit
08-04 22:03:54.632 23454 23467 I art     : Explicit concurrent mark sweep GC freed 1356(82KB) AllocSpace objects, 1(20KB) LOS objects, 35% free, 29MB/45MB, paused 577us total 63.730ms
08-04 22:03:54.653 23454 23467 I art     : Starting a blocking GC Explicit
08-04 22:03:54.701 23454 23467 I art     : Explicit concurrent mark sweep GC freed 20(704B) AllocSpace objects, 0(0B) LOS objects, 35% free, 29MB/45MB, paused 545us total 47.254ms
08-04 22:03:54.720 23454 23467 I art     : Starting a blocking GC Explicit
08-04 22:03:54.764 23454 23467 I art     : Explicit concurrent mark sweep GC freed 3(96B) AllocSpace objects, 0(0B) LOS objects, 35% free, 29MB/45MB, paused 488us total 44.111ms
08-04 22:03:54.794 23454 23467 I art     : Starting a blocking GC Explicit
08-04 22:03:54.870 23454 23467 I art     : Explicit concurrent mark sweep GC freed 3(96B) AllocSpace objects, 0(0B) LOS objects, 35% free, 29MB/45MB, paused 859us total 75.585ms
08-04 22:03:54.894 23454 23467 I art     : Starting a blocking GC Explicit
08-04 22:03:54.950 23454 23467 I art     : Explicit concurrent mark sweep GC freed 3(96B) AllocSpace objects, 0(0B) LOS objects, 35% free, 29MB/45MB, paused 854us total 55.605ms
08-04 22:03:55.133   918  3261 D WifiStateMachine: starting scan for "H369AA63323"WPA_PSK with 2412,5180
08-04 22:03:55.219 26282 26282 D AndroidRuntime: >>>>>> START com.android.internal.os.RuntimeInit uid 2000 <<<<<<
08-04 22:03:55.225 26282 26282 D AndroidRuntime: CheckJNI is OFF
08-04 22:03:55.269 26282 26282 D ICU     : No timezone override file found: /data/misc/zoneinfo/current/icu/icu_tzdata.dat
08-04 22:03:55.282 23454 23466 I art     : Starting a blocking GC Explicit
08-04 22:03:55.315 26282 26282 I Radio-JNI: register_android_hardware_Radio DONE
08-04 22:03:55.333 23454 23466 I art     : Explicit concurrent mark sweep GC freed 1356(82KB) AllocSpace objects, 1(20KB) LOS objects, 35% free, 29MB/45MB, paused 526us total 50.370ms
08-04 22:03:55.346 26282 26282 D AndroidRuntime: Calling main entry com.android.commands.input.Input
08-04 22:03:55.348 26282 26282 I Input   : injectMotionEvent: MotionEvent { action=ACTION_DOWN, actionButton=0, id[0]=0, x[0]=600.0, y[0]=1733.0, toolType[0]=TOOL_TYPE_UNKNOWN, buttonState=0, metaState=0, flags=0x0, edgeFlags=0x0, pointerCount=1, historySize=0, eventTime=741851761, downTime=741851761, deviceId=0, source=0x1002 }
08-04 22:03:55.351 23454 23466 I art     : Starting a blocking GC Explicit
08-04 22:03:55.353 26282 26282 I Input   : injectMotionEvent: MotionEvent { action=ACTION_UP, actionButton=0, id[0]=0, x[0]=600.0, y[0]=1733.0, toolType[0]=TOOL_TYPE_UNKNOWN, buttonState=0, metaState=0, flags=0x0, edgeFlags=0x0, pointerCount=1, historySize=0, eventTime=741851761, downTime=741851761, deviceId=0, source=0x1002 }
08-04 22:03:55.355 26282 26282 D AndroidRuntime: Shutting down VM
08-04 22:03:55.377   512  2967 D audio_hw_primary: out_set_parameters: enter: usecase(1: low-latency-playback) kvpairs: routing=2
08-04 22:03:55.379   918   928 I ActivityManager: START u0 {dat=https://oauth.reddit.com/... cmp=baseline.org.quantumbadger.redreader/.activities.PostListingActivity} from uid 10666 on display 0
08-04 22:03:55.390   512  2967 D audio_hw_primary: select_devices: out_snd_device(2: speaker) in_snd_device(0: none)
08-04 22:03:55.390   512  2967 D msm8974_platform: platform_send_audio_calibration: sending audio calibration for snd_device(2) acdb_id(15)
08-04 22:03:55.390   512  2967 I soundtrigger: audio_extn_sound_trigger_update_device_status: device 0x2 of type 0 for Event 1
08-04 22:03:55.400 23454 23466 I art     : Explicit concurrent mark sweep GC freed 129(4KB) AllocSpace objects, 0(0B) LOS objects, 35% free, 29MB/45MB, paused 699us total 48.443ms
08-04 22:03:55.401   512  2967 D audio_hw_primary: enable_snd_device: snd_device(2: speaker)
08-04 22:03:55.403   512  2967 D audio_hw_primary: enable_audio_route: apply and update mixer path: low-latency-playback speaker
08-04 22:03:55.407 23454 23454 I AppCompatViewInflater: app:theme is now deprecated. Please move to using android:theme instead.
08-04 22:03:55.419 23454 23466 I art     : Starting a blocking GC Explicit
08-04 22:03:55.434 23454 26306 D OK      : calling: https://oauth.reddit.com/r/aww/about.json
08-04 22:03:55.463 23454 23466 I art     : Explicit concurrent mark sweep GC freed 849(74KB) AllocSpace objects, 0(0B) LOS objects, 35% free, 29MB/45MB, paused 570us total 44.149ms
08-04 22:03:55.484 23454 23466 I art     : Starting a blocking GC Explicit
08-04 22:03:55.504   918   936 I ActivityManager: Displayed baseline.org.quantumbadger.redreader/.activities.PostListingActivity: +115ms
08-04 22:03:55.506 13866 13866 I GoogleInputMethodServic: GoogleInputMethodService.onFinishInput():3138 
08-04 22:03:55.507 13866 13866 I GoogleInputMethodServic: GoogleInputMethodService.onStartInput():1808 
08-04 22:03:55.530 23454 23466 I art     : Explicit concurrent mark sweep GC freed 1018(44KB) AllocSpace objects, 0(0B) LOS objects, 35% free, 29MB/45MB, paused 730us total 45.303ms
08-04 22:03:55.550 23454 23466 I art     : Starting a blocking GC Explicit
08-04 22:03:55.594 23454 23466 I art     : Explicit concurrent mark sweep GC freed 2048(81KB) AllocSpace objects, 0(0B) LOS objects, 35% free, 29MB/45MB, paused 616us total 43.799ms
08-04 22:03:55.732 23454 26306 I NAPPA_EXPERIMENTATION: MetricNetworkRequestExecutionTime: REQUEST_DURATION_SYSTEM='297',REQUEST_DURATION_OKHTTP='149',REQUEST_SYNCHRONOUS='TRUE',RESPONSE_CODE='200',RESPONSE_METHOD='GET',RESPONSE_LENGTH_OKHTTP='-1',RESPONSE_LENGTH_HEADER='3478',REQUEST_PROTOCOL='h2',REQUEST_URL='https://oauth.reddit.com/r/aww/about.json',
08-04 22:03:55.732 23454 26306 D OK      : request got status: 200
08-04 22:03:55.754   380   380 W SurfaceFlinger: couldn't log to binary event log: overflow.
08-04 22:03:55.903 23454 23467 I art     : Starting a blocking GC Explicit
08-04 22:03:55.939   512  2967 D audio_hw_primary: disable_audio_route: reset and update mixer path: low-latency-playback speaker
08-04 22:03:55.941   512  2967 D audio_hw_primary: disable_snd_device: snd_device(2: speaker)
08-04 22:03:55.948 23454 23467 I art     : Explicit concurrent mark sweep GC freed 3231(294KB) AllocSpace objects, 3(156KB) LOS objects, 35% free, 29MB/45MB, paused 573us total 45.329ms
08-04 22:03:55.948   512  2967 I soundtrigger: audio_extn_sound_trigger_update_device_status: device 0x2 of type 0 for Event 0
08-04 22:03:55.966 23454 23467 I art     : Starting a blocking GC Explicit
08-04 22:03:56.009 23454 23467 I art     : Explicit concurrent mark sweep GC freed 201(10KB) AllocSpace objects, 0(0B) LOS objects, 35% free, 29MB/45MB, paused 511us total 42.381ms
08-04 22:03:56.027 23454 23467 I art     : Starting a blocking GC Explicit
08-04 22:03:56.075 23454 23467 I art     : Explicit concurrent mark sweep GC freed 16(640B) AllocSpace objects, 0(0B) LOS objects, 35% free, 29MB/45MB, paused 504us total 47.456ms
08-04 22:03:56.093 23454 23467 I art     : Starting a blocking GC Explicit
08-04 22:03:56.140 23454 23467 I art     : Explicit concurrent mark sweep GC freed 25(1024B) AllocSpace objects, 0(0B) LOS objects, 35% free, 29MB/45MB, paused 468us total 46.827ms
08-04 22:03:56.159 23454 23467 I art     : Starting a blocking GC Explicit
08-04 22:03:56.205 23454 23467 I art     : Explicit concurrent mark sweep GC freed 5(192B) AllocSpace objects, 0(0B) LOS objects, 35% free, 29MB/45MB, paused 662us total 46.191ms
08-04 22:03:56.456 13866 13882 I PeriodicStatsRunner: PeriodicStatsRunner.call():175 call()
08-04 22:03:56.457 13866 13882 I PeriodicStatsRunner: PeriodicStatsRunner.call():179 No submit PeriodicStats since input started.
08-04 22:03:56.550 23454 23973 I art     : Starting a blocking GC Explicit
08-04 22:03:56.600 23454 23973 I art     : Explicit concurrent mark sweep GC freed 1378(83KB) AllocSpace objects, 1(20KB) LOS objects, 35% free, 29MB/45MB, paused 575us total 49.057ms
08-04 22:03:56.619 23454 23973 I art     : Starting a blocking GC Explicit
08-04 22:03:56.635 23454 26330 D OK      : calling: https://oauth.reddit.com/r/aww/hot/.json
08-04 22:03:56.666 23454 23973 I art     : Explicit concurrent mark sweep GC freed 111(4KB) AllocSpace objects, 0(0B) LOS objects, 35% free, 29MB/45MB, paused 608us total 46.818ms
08-04 22:03:56.684 23454 23973 I art     : Starting a blocking GC Explicit
08-04 22:03:56.731 23454 23973 I art     : Explicit concurrent mark sweep GC freed 10(384B) AllocSpace objects, 0(0B) LOS objects, 35% free, 29MB/45MB, paused 610us total 46.424ms
08-04 22:03:56.749 23454 23973 I art     : Starting a blocking GC Explicit
08-04 22:03:56.796 23454 23973 I art     : Explicit concurrent mark sweep GC freed 3(96B) AllocSpace objects, 0(0B) LOS objects, 35% free, 29MB/45MB, paused 579us total 45.840ms
08-04 22:03:56.814 23454 23973 I art     : Starting a blocking GC Explicit
08-04 22:03:56.844 23454 26330 I NAPPA_EXPERIMENTATION: MetricNetworkRequestExecutionTime: REQUEST_DURATION_SYSTEM='209',REQUEST_DURATION_OKHTTP='205',REQUEST_SYNCHRONOUS='TRUE',RESPONSE_CODE='200',RESPONSE_METHOD='GET',RESPONSE_LENGTH_OKHTTP='-1',RESPONSE_LENGTH_HEADER='33430',REQUEST_PROTOCOL='h2',REQUEST_URL='https://oauth.reddit.com/r/aww/hot/.json',
08-04 22:03:56.844 23454 26330 D OK      : request got status: 200
08-04 22:03:56.852 23454 24028 I PostListingFragment: Precaching images: OFF
08-04 22:03:56.852 23454 24028 I PostListingFragment: Precaching comments: OFF
08-04 22:03:56.862 23454 23973 I art     : Explicit concurrent mark sweep GC freed 713(79KB) AllocSpace objects, 0(0B) LOS objects, 35% free, 29MB/45MB, paused 1.308ms total 47.563ms
08-04 22:03:56.864 23454 26331 D OK      : calling: https://b.thumbs.redditmedia.com/CKInrczASoQbNvSBStGz11Tok0uCyQoxmZ02sOE37sQ.jpg
08-04 22:03:56.877 23454 26332 D OK      : calling: https://a.thumbs.redditmedia.com/sKVnLbatvJCZOE2ooe6CgiEftOB3ukgPMdcydbk9CZ4.jpg
08-04 22:03:56.878 23454 24028 I getImgurImageInfo: Image NSO7Npm: trying API v3 with auth
08-04 22:03:56.879 23454 26333 D OK      : calling: https://api.gfycat.com/v1/gfycats/deadlygravecavy
08-04 22:03:56.882 23454 26334 D OK      : calling: https://a.thumbs.redditmedia.com/dFt2-stQJkfZ8O7r7ywG9GQsF08fZXxEJfQtAmiJ-F8.jpg
08-04 22:03:56.889 23454 26337 D OK      : calling: https://b.thumbs.redditmedia.com/NUqJWcobH7ToYhCM0w6nnAFZ46ymm9vPD25BC3s7Wco.jpg
08-04 22:03:56.895 23454 26338 D OK      : calling: https://v.redd.it/fkewv2f65kd51/DASHPlaylist.mpd
08-04 22:03:56.896 23454 26335 D OK      : calling: https://b.thumbs.redditmedia.com/1cAaKl6LkrikiRbLsBzzOvufKqRKuPi3wgjUkX8axkI.jpg
08-04 22:03:56.896 23454 26336 D OK      : calling: https://api.imgur.com/3/image/NSO7Npm
08-04 22:03:56.899 23454 26340 D OK      : calling: https://b.thumbs.redditmedia.com/tTmEfIrujbsvZXbhNSQS6Pc7o7ShCaGqZHbYf7nWdfg.jpg
08-04 22:03:56.902 23454 26341 D OK      : calling: https://b.thumbs.redditmedia.com/_H8tFMmL5-3GrxYkCtMSHiyNfjbX8pxctOw_vrzyw7o.jpg
08-04 22:03:56.903 23454 26339 D OK      : calling: https://b.thumbs.redditmedia.com/bUY4al781EZ3q7hUlnLebemHCXE3e63_SSxl2uo4Q4A.jpg
08-04 22:03:56.910 23454 26342 D OK      : calling: https://api.gfycat.com/v1/gfycats/altruisticthankfulankolewatusi
08-04 22:03:56.911 23454 26343 D OK      : calling: https://b.thumbs.redditmedia.com/JTSWFy2_tijPk6cA5noKDydEAMkMJcDmKQTSX178zwc.jpg
08-04 22:03:56.915 23454 26344 D OK      : calling: https://b.thumbs.redditmedia.com/N6fiqTp8nJD2l7sUz4nij7j1yHYMTKaflUIrn8E2bAU.jpg
08-04 22:03:56.917 23454 26345 D OK      : calling: https://b.thumbs.redditmedia.com/HkEQtny0bE4H3dMCd_woPsLAXBoPwp_DZ4ioFNIQLKk.jpg
08-04 22:03:56.919 23454 26346 D OK      : calling: https://b.thumbs.redditmedia.com/lVNra-iScxkYcYtSstJ-7J7pRAUDRXIwwJhsen1ZK9g.jpg
08-04 22:03:56.924 23454 26347 D OK      : calling: https://v.redd.it/ak6rer1hskd51/DASHPlaylist.mpd
08-04 22:03:56.926 23454 26348 D OK      : calling: https://b.thumbs.redditmedia.com/lQKqDneXS8E7ZBD9cUQy4OqOt8PuTneSvVFtnU0pwCE.jpg
08-04 22:03:56.927 23454 26349 D OK      : calling: https://b.thumbs.redditmedia.com/X3yyAViE0gxiHR-kf9Z5xmLa8dKsm8iWJyKdWNVtOhU.jpg
08-04 22:03:56.929 23454 26350 D OK      : calling: https://api.gfycat.com/v1/gfycats/foolhardysparklinglarva
08-04 22:03:56.935 23454 26351 D OK      : calling: https://b.thumbs.redditmedia.com/Bx9FZp8_w10DfFUf_mqVPMfu4Y0h2lo41Dh4tl2eNeQ.jpg
08-04 22:03:56.941 23454 26352 D OK      : calling: https://v.redd.it/h49fg58ygjd51/DASHPlaylist.mpd
08-04 22:03:56.943 23454 26353 D OK      : calling: https://a.thumbs.redditmedia.com/KpcC72KH04Be3BqxmFbv_Gz7LCy-24GU-70or3KCdJ4.jpg
08-04 22:03:56.949 23454 26354 D OK      : calling: https://a.thumbs.redditmedia.com/cEOtajy3CAQrjwSA3hhSqnPx8bfkRzglo7Lz1SBTmE0.jpg
08-04 22:03:56.952 23454 26355 D OK      : calling: https://v.redd.it/1ewzkieg0jd51/DASHPlaylist.mpd
08-04 22:03:56.959 23454 26356 D OK      : calling: https://b.thumbs.redditmedia.com/RrJbRRjFZWmckrONtkPTloJh52FfqD_XkLMuYuuQvAg.jpg
08-04 22:03:56.961 23454 26357 D OK      : calling: https://v.redd.it/ppmhu2r9thd51/DASHPlaylist.mpd
08-04 22:03:56.963 23454 26358 D OK      : calling: https://b.thumbs.redditmedia.com/chqK3f9u3D7UmfrGP85f4sOQFihMk6q7fFSeMyWs_7E.jpg
08-04 22:03:56.965 23454 26359 D OK      : calling: https://b.thumbs.redditmedia.com/B18Vu5Jw71XCkFOFHimnUC42ya8apHsmcCW-HFmtb6w.jpg
08-04 22:03:56.968 23454 26360 D OK      : calling: https://v.redd.it/s9qqadf3mid51/DASHPlaylist.mpd
08-04 22:03:56.974 23454 26361 D OK      : calling: https://b.thumbs.redditmedia.com/iZuzjufMpYUYtQRLjRwce4RDb6JYsId95_iezR2Uc0w.jpg
08-04 22:03:56.975 23454 26362 D OK      : calling: https://v.redd.it/b8vazlcb7ld51/DASHPlaylist.mpd
08-04 22:03:56.984 23454 26363 D OK      : calling: https://b.thumbs.redditmedia.com/XNb1kfskabGDLMqv661Q22hBtCb8w5oyePDcFaZi9aY.jpg
08-04 22:03:56.991 23454 26365 D OK      : calling: https://b.thumbs.redditmedia.com/lMqJbh1Z40ffemA0TnSfVnovznn4hvJNue60AsJ-ETs.jpg
08-04 22:03:56.991 23454 26364 D OK      : calling: https://v.redd.it/ty24o02m1hd51/DASHPlaylist.mpd
08-04 22:03:56.997 23454 26366 D OK      : calling: https://b.thumbs.redditmedia.com/x5l4cICw0WNNvslt5FqVjwj89XrGjrXnNbaSyQRAyCo.jpg
08-04 22:03:56.999 23454 26369 D OK      : calling: https://v.redd.it/ar5k8892pid51/DASHPlaylist.mpd
08-04 22:03:57.002 23454 26370 D OK      : calling: https://b.thumbs.redditmedia.com/189nmwjW7eGWBD0J-cxzsUac1V1ZWGzMFC66inY4u4Y.jpg
08-04 22:03:57.018 23454 26371 D OK      : calling: https://b.thumbs.redditmedia.com/d_-UsfmKASoIHi4vZyyjvvwFtm1S7-DEi9AQPOnGIgY.jpg
08-04 22:03:57.100 23454 23454 W RecyclerView: Cannot call this method in a scroll callback. Scroll callbacks mightbe run during a measure & layout pass where you cannot change theRecyclerView data. Any method call that might change the structureof the RecyclerView or the adapter contents should be postponed tothe next frame.
08-04 22:03:57.100 23454 23454 W RecyclerView: java.lang.IllegalStateException:  androidx.recyclerview.widget.RecyclerView{8153a6c VFED..... .F....ID 0,0-1440,2140 #7f0900ef app:id/scrollbar_recyclerview_recyclerview}, adapter:baseline.org.quantumbadger.redreader.adapters.GroupedRecyclerViewAdapter@45ef835, layout:androidx.recyclerview.widget.LinearLayoutManager@a0e04ca, context:baseline.org.quantumbadger.redreader.activities.PostListingActivity@a6e64c1
08-04 22:03:57.100 23454 23454 W RecyclerView: 	at androidx.recyclerview.widget.RecyclerView.assertNotInLayoutOrScroll(RecyclerView.java:3061)
08-04 22:03:57.100 23454 23454 W RecyclerView: 	at androidx.recyclerview.widget.RecyclerView$RecyclerViewDataObserver.onItemRangeInserted(RecyclerView.java:5555)
08-04 22:03:57.100 23454 23454 W RecyclerView: 	at androidx.recyclerview.widget.RecyclerView$AdapterDataObservable.notifyItemRangeInserted(RecyclerView.java:12278)
08-04 22:03:57.100 23454 23454 W RecyclerView: 	at androidx.recyclerview.widget.RecyclerView$Adapter.notifyItemInserted(RecyclerView.java:7464)
08-04 22:03:57.100 23454 23454 W RecyclerView: 	at baseline.org.quantumbadger.redreader.adapters.GroupedRecyclerViewAdapter.updateHiddenStatus(GroupedRecyclerViewAdapter.java:279)
08-04 22:03:57.100 23454 23454 W RecyclerView: 	at baseline.org.quantumbadger.redreader.adapters.RedditListingManager.setLoadingVisible(RedditListingManager.java:125)
08-04 22:03:57.100 23454 23454 W RecyclerView: 	at baseline.org.quantumbadger.redreader.fragments.PostListingFragment.onLoadMoreItemsCheck(PostListingFragment.java:465)
08-04 22:03:57.100 23454 23454 W RecyclerView: 	at baseline.org.quantumbadger.redreader.fragments.PostListingFragment.access$000(PostListingFragment.java:98)
08-04 22:03:57.100 23454 23454 W RecyclerView: 	at baseline.org.quantumbadger.redreader.fragments.PostListingFragment$2.onScrolled(PostListingFragment.java:215)
08-04 22:03:57.100 23454 23454 W RecyclerView: 	at androidx.recyclerview.widget.RecyclerView.dispatchOnScrolled(RecyclerView.java:5173)
08-04 22:03:57.100 23454 23454 W RecyclerView: 	at androidx.recyclerview.widget.RecyclerView.dispatchLayoutStep3(RecyclerView.java:4231)
08-04 22:03:57.100 23454 23454 W RecyclerView: 	at androidx.recyclerview.widget.RecyclerView.dispatchLayout(RecyclerView.java:3862)
08-04 22:03:57.100 23454 23454 W RecyclerView: 	at androidx.recyclerview.widget.RecyclerView.consumePendingUpdateOperations(RecyclerView.java:1897)
08-04 22:03:57.100 23454 23454 W RecyclerView: 	at androidx.recyclerview.widget.RecyclerView$1.run(RecyclerView.java:414)
08-04 22:03:57.100 23454 23454 W RecyclerView: 	at android.view.Choreographer$CallbackRecord.run(Choreographer.java:858)
08-04 22:03:57.100 23454 23454 W RecyclerView: 	at android.view.Choreographer.doCallbacks(Choreographer.java:670)
08-04 22:03:57.100 23454 23454 W RecyclerView: 	at android.view.Choreographer.doFrame(Choreographer.java:603)
08-04 22:03:57.100 23454 23454 W RecyclerView: 	at android.view.Choreographer$FrameDisplayEventReceiver.run(Choreographer.java:844)
08-04 22:03:57.100 23454 23454 W RecyclerView: 	at android.os.Handler.handleCallback(Handler.java:739)
08-04 22:03:57.100 23454 23454 W RecyclerView: 	at android.os.Handler.dispatchMessage(Handler.java:95)
08-04 22:03:57.100 23454 23454 W RecyclerView: 	at android.os.Looper.loop(Looper.java:148)
08-04 22:03:57.100 23454 23454 W RecyclerView: 	at android.app.ActivityThread.main(ActivityThread.java:5417)
08-04 22:03:57.100 23454 23454 W RecyclerView: 	at java.lang.reflect.Method.invoke(Native Method)
08-04 22:03:57.100 23454 23454 W RecyclerView: 	at com.android.internal.os.ZygoteInit$MethodAndArgsCaller.run(ZygoteInit.java:726)
08-04 22:03:57.100 23454 23454 W RecyclerView: 	at com.android.internal.os.ZygoteInit.main(ZygoteInit.java:616)
08-04 22:03:57.189 23454 23973 I art     : Starting a blocking GC Explicit
08-04 22:03:57.254 23454 23973 I art     : Explicit concurrent mark sweep GC freed 54026(2MB) AllocSpace objects, 3(156KB) LOS objects, 34% free, 30MB/46MB, paused 2.735ms total 64.550ms
08-04 22:03:57.275 23454 23973 I art     : Starting a blocking GC Explicit
08-04 22:03:57.337 23454 23973 I art     : Explicit concurrent mark sweep GC freed 7064(346KB) AllocSpace objects, 0(0B) LOS objects, 34% free, 30MB/46MB, paused 3.077ms total 62.295ms
08-04 22:03:57.360 23454 23973 I art     : Starting a blocking GC Explicit
08-04 22:03:57.434 23454 23973 I art     : Explicit concurrent mark sweep GC freed 25033(1046KB) AllocSpace objects, 0(0B) LOS objects, 34% free, 30MB/46MB, paused 2.609ms total 73.802ms
08-04 22:03:57.452 23454 23973 I art     : Starting a blocking GC Explicit
08-04 22:03:57.509 23454 23973 I art     : Explicit concurrent mark sweep GC freed 5277(468KB) AllocSpace objects, 0(0B) LOS objects, 34% free, 30MB/46MB, paused 2.942ms total 56.147ms
08-04 22:03:57.522 23454 26331 I NAPPA_EXPERIMENTATION: MetricNetworkRequestExecutionTime: REQUEST_DURATION_SYSTEM='658',REQUEST_DURATION_OKHTTP='322',REQUEST_SYNCHRONOUS='TRUE',RESPONSE_CODE='200',RESPONSE_METHOD='GET',RESPONSE_LENGTH_OKHTTP='3891',RESPONSE_LENGTH_HEADER='3891',REQUEST_PROTOCOL='h2',REQUEST_URL='https://b.thumbs.redditmedia.com/CKInrczASoQbNvSBStGz11Tok0uCyQoxmZ02sOE37sQ.jpg',
08-04 22:03:57.522 23454 26331 D OK      : request got status: 200
08-04 22:03:57.528 23454 23973 I art     : Starting a blocking GC Explicit
08-04 22:03:57.537 23454 26334 I NAPPA_EXPERIMENTATION: MetricNetworkRequestExecutionTime: REQUEST_DURATION_SYSTEM='655',REQUEST_DURATION_OKHTTP='306',REQUEST_SYNCHRONOUS='TRUE',RESPONSE_CODE='200',RESPONSE_METHOD='GET',RESPONSE_LENGTH_OKHTTP='6530',RESPONSE_LENGTH_HEADER='6530',REQUEST_PROTOCOL='h2',REQUEST_URL='https://a.thumbs.redditmedia.com/dFt2-stQJkfZ8O7r7ywG9GQsF08fZXxEJfQtAmiJ-F8.jpg',
08-04 22:03:57.538 23454 26334 D OK      : request got status: 200
08-04 22:03:57.588 23454 23973 I art     : Explicit concurrent mark sweep GC freed 10910(492KB) AllocSpace objects, 1(68KB) LOS objects, 34% free, 30MB/46MB, paused 2.776ms total 59.753ms
08-04 22:03:57.729 23454 26335 I NAPPA_EXPERIMENTATION: MetricNetworkRequestExecutionTime: REQUEST_DURATION_SYSTEM='832',REQUEST_DURATION_OKHTTP='393',REQUEST_SYNCHRONOUS='TRUE',RESPONSE_CODE='200',RESPONSE_METHOD='GET',RESPONSE_LENGTH_OKHTTP='5113',RESPONSE_LENGTH_HEADER='5113',REQUEST_PROTOCOL='h2',REQUEST_URL='https://b.thumbs.redditmedia.com/1cAaKl6LkrikiRbLsBzzOvufKqRKuPi3wgjUkX8axkI.jpg',
08-04 22:03:57.729 23454 26335 D OK      : request got status: 200
08-04 22:03:57.799 23454 26341 I NAPPA_EXPERIMENTATION: MetricNetworkRequestExecutionTime: REQUEST_DURATION_SYSTEM='897',REQUEST_DURATION_OKHTTP='435',REQUEST_SYNCHRONOUS='TRUE',RESPONSE_CODE='200',RESPONSE_METHOD='GET',RESPONSE_LENGTH_OKHTTP='6434',RESPONSE_LENGTH_HEADER='6434',REQUEST_PROTOCOL='h2',REQUEST_URL='https://b.thumbs.redditmedia.com/_H8tFMmL5-3GrxYkCtMSHiyNfjbX8pxctOw_vrzyw7o.jpg',
08-04 22:03:57.800 23454 26341 D OK      : request got status: 200
08-04 22:03:57.817 23454 26337 I NAPPA_EXPERIMENTATION: MetricNetworkRequestExecutionTime: REQUEST_DURATION_SYSTEM='927',REQUEST_DURATION_OKHTTP='469',REQUEST_SYNCHRONOUS='TRUE',RESPONSE_CODE='200',RESPONSE_METHOD='GET',RESPONSE_LENGTH_OKHTTP='6242',RESPONSE_LENGTH_HEADER='6242',REQUEST_PROTOCOL='h2',REQUEST_URL='https://b.thumbs.redditmedia.com/NUqJWcobH7ToYhCM0w6nnAFZ46ymm9vPD25BC3s7Wco.jpg',
08-04 22:03:57.817 23454 26337 D OK      : request got status: 200
08-04 22:03:57.824 23454 26332 I NAPPA_EXPERIMENTATION: MetricNetworkRequestExecutionTime: REQUEST_DURATION_SYSTEM='947',REQUEST_DURATION_OKHTTP='430',REQUEST_SYNCHRONOUS='TRUE',RESPONSE_CODE='200',RESPONSE_METHOD='GET',RESPONSE_LENGTH_OKHTTP='4487',RESPONSE_LENGTH_HEADER='4487',REQUEST_PROTOCOL='h2',REQUEST_URL='https://a.thumbs.redditmedia.com/sKVnLbatvJCZOE2ooe6CgiEftOB3ukgPMdcydbk9CZ4.jpg',
08-04 22:03:57.824 23454 26332 D OK      : request got status: 200
08-04 22:03:57.836 23454 26429 D OK      : calling: https://oauth.reddit.com/r/aww/hot/.json?after=t3_hz5odc
08-04 22:03:57.927 23454 26340 I NAPPA_EXPERIMENTATION: MetricNetworkRequestExecutionTime: REQUEST_DURATION_SYSTEM='1025',REQUEST_DURATION_OKHTTP='557',REQUEST_SYNCHRONOUS='TRUE',RESPONSE_CODE='200',RESPONSE_METHOD='GET',RESPONSE_LENGTH_OKHTTP='5439',RESPONSE_LENGTH_HEADER='5439',REQUEST_PROTOCOL='h2',REQUEST_URL='https://b.thumbs.redditmedia.com/tTmEfIrujbsvZXbhNSQS6Pc7o7ShCaGqZHbYf7nWdfg.jpg',
08-04 22:03:57.927 23454 26340 D OK      : request got status: 200
08-04 22:03:57.942 23454 23467 I art     : Starting a blocking GC Explicit
08-04 22:03:57.999 23454 26339 I NAPPA_EXPERIMENTATION: MetricNetworkRequestExecutionTime: REQUEST_DURATION_SYSTEM='1096',REQUEST_DURATION_OKHTTP='630',REQUEST_SYNCHRONOUS='TRUE',RESPONSE_CODE='200',RESPONSE_METHOD='GET',RESPONSE_LENGTH_OKHTTP='6131',RESPONSE_LENGTH_HEADER='6131',REQUEST_PROTOCOL='h2',REQUEST_URL='https://b.thumbs.redditmedia.com/bUY4al781EZ3q7hUlnLebemHCXE3e63_SSxl2uo4Q4A.jpg',
08-04 22:03:57.999 23454 26339 D OK      : request got status: 200
08-04 22:03:58.004 23454 23467 I art     : Explicit concurrent mark sweep GC freed 33289(1963KB) AllocSpace objects, 32(1776KB) LOS objects, 33% free, 31MB/47MB, paused 2.373ms total 61.501ms
08-04 22:03:58.023 23454 23467 I art     : Starting a blocking GC Explicit
08-04 22:03:58.073 23454 26348 I NAPPA_EXPERIMENTATION: MetricNetworkRequestExecutionTime: REQUEST_DURATION_SYSTEM='1147',REQUEST_DURATION_OKHTTP='683',REQUEST_SYNCHRONOUS='TRUE',RESPONSE_CODE='200',RESPONSE_METHOD='GET',RESPONSE_LENGTH_OKHTTP='6093',RESPONSE_LENGTH_HEADER='6093',REQUEST_PROTOCOL='h2',REQUEST_URL='https://b.thumbs.redditmedia.com/lQKqDneXS8E7ZBD9cUQy4OqOt8PuTneSvVFtnU0pwCE.jpg',
08-04 22:03:58.073 23454 26348 D OK      : request got status: 200
08-04 22:03:58.081 23454 23467 I art     : Explicit concurrent mark sweep GC freed 2267(94KB) AllocSpace objects, 1(68KB) LOS objects, 33% free, 31MB/47MB, paused 2.317ms total 57.723ms
08-04 22:03:58.092 23454 26354 I NAPPA_EXPERIMENTATION: MetricNetworkRequestExecutionTime: REQUEST_DURATION_SYSTEM='1143',REQUEST_DURATION_OKHTTP='611',REQUEST_SYNCHRONOUS='TRUE',RESPONSE_CODE='200',RESPONSE_METHOD='GET',RESPONSE_LENGTH_OKHTTP='5648',RESPONSE_LENGTH_HEADER='5648',REQUEST_PROTOCOL='h2',REQUEST_URL='https://a.thumbs.redditmedia.com/cEOtajy3CAQrjwSA3hhSqnPx8bfkRzglo7Lz1SBTmE0.jpg',
08-04 22:03:58.092 23454 26354 D OK      : request got status: 200
08-04 22:03:58.097 23454 26346 I NAPPA_EXPERIMENTATION: MetricNetworkRequestExecutionTime: REQUEST_DURATION_SYSTEM='1178',REQUEST_DURATION_OKHTTP='696',REQUEST_SYNCHRONOUS='TRUE',RESPONSE_CODE='200',RESPONSE_METHOD='GET',RESPONSE_LENGTH_OKHTTP='4018',RESPONSE_LENGTH_HEADER='4018',REQUEST_PROTOCOL='h2',REQUEST_URL='https://b.thumbs.redditmedia.com/lVNra-iScxkYcYtSstJ-7J7pRAUDRXIwwJhsen1ZK9g.jpg',
08-04 22:03:58.097 23454 26346 D OK      : request got status: 200
08-04 22:03:58.101 23454 23467 I art     : Starting a blocking GC Explicit
08-04 22:03:58.108 23454 26338 I NAPPA_EXPERIMENTATION: MetricNetworkRequestExecutionTime: REQUEST_DURATION_SYSTEM='1213',REQUEST_DURATION_OKHTTP='739',REQUEST_SYNCHRONOUS='TRUE',RESPONSE_CODE='200',RESPONSE_METHOD='GET',RESPONSE_LENGTH_OKHTTP='2700',RESPONSE_LENGTH_HEADER='2700',REQUEST_PROTOCOL='h2',REQUEST_URL='https://v.redd.it/fkewv2f65kd51/DASHPlaylist.mpd',
08-04 22:03:58.109 23454 26338 D OK      : request got status: 200
08-04 22:03:58.127 23454 26336 I NAPPA_EXPERIMENTATION: MetricNetworkRequestExecutionTime: REQUEST_DURATION_SYSTEM='1231',REQUEST_DURATION_OKHTTP='725',REQUEST_SYNCHRONOUS='TRUE',RESPONSE_CODE='200',RESPONSE_METHOD='GET',RESPONSE_LENGTH_OKHTTP='-1',RESPONSE_LENGTH_HEADER='379',REQUEST_PROTOCOL='h2',REQUEST_URL='https://api.imgur.com/3/image/NSO7Npm',
08-04 22:03:58.127 23454 26336 D OK      : request got status: 200
08-04 22:03:58.154 23454 26352 I NAPPA_EXPERIMENTATION: MetricNetworkRequestExecutionTime: REQUEST_DURATION_SYSTEM='1213',REQUEST_DURATION_OKHTTP='752',REQUEST_SYNCHRONOUS='TRUE',RESPONSE_CODE='200',RESPONSE_METHOD='GET',RESPONSE_LENGTH_OKHTTP='2429',RESPONSE_LENGTH_HEADER='2429',REQUEST_PROTOCOL='h2',REQUEST_URL='https://v.redd.it/h49fg58ygjd51/DASHPlaylist.mpd',
08-04 22:03:58.154 23454 26352 D OK      : request got status: 200
08-04 22:03:58.155 23454 23467 I art     : Explicit concurrent mark sweep GC freed 1288(149KB) AllocSpace objects, 10(512KB) LOS objects, 33% free, 32MB/48MB, paused 2.239ms total 53.084ms
08-04 22:03:58.165 23454 26344 I NAPPA_EXPERIMENTATION: MetricNetworkRequestExecutionTime: REQUEST_DURATION_SYSTEM='1250',REQUEST_DURATION_OKHTTP='762',REQUEST_SYNCHRONOUS='TRUE',RESPONSE_CODE='200',RESPONSE_METHOD='GET',RESPONSE_LENGTH_OKHTTP='7265',RESPONSE_LENGTH_HEADER='7265',REQUEST_PROTOCOL='h2',REQUEST_URL='https://b.thumbs.redditmedia.com/N6fiqTp8nJD2l7sUz4nij7j1yHYMTKaflUIrn8E2bAU.jpg',
08-04 22:03:58.165 23454 26344 D OK      : request got status: 200
08-04 22:03:58.174 23454 23467 I art     : Starting a blocking GC Explicit
08-04 22:03:58.181 23454 26347 I NAPPA_EXPERIMENTATION: MetricNetworkRequestExecutionTime: REQUEST_DURATION_SYSTEM='1257',REQUEST_DURATION_OKHTTP='673',REQUEST_SYNCHRONOUS='TRUE',RESPONSE_CODE='200',RESPONSE_METHOD='GET',RESPONSE_LENGTH_OKHTTP='1713',RESPONSE_LENGTH_HEADER='1713',REQUEST_PROTOCOL='h2',REQUEST_URL='https://v.redd.it/ak6rer1hskd51/DASHPlaylist.mpd',
08-04 22:03:58.181 23454 26347 D OK      : request got status: 200
08-04 22:03:58.187 23454 26338 I RedditVideosAPI: For 'https://v.redd.it/fkewv2f65kd51/DASHPlaylist.mpd', got video stream 'https://v.redd.it/fkewv2f65kd51/DASH_480' and audio stream 'https://v.redd.it/fkewv2f65kd51/audio'
08-04 22:03:58.190 23454 26349 I NAPPA_EXPERIMENTATION: MetricNetworkRequestExecutionTime: REQUEST_DURATION_SYSTEM='1263',REQUEST_DURATION_OKHTTP='781',REQUEST_SYNCHRONOUS='TRUE',RESPONSE_CODE='200',RESPONSE_METHOD='GET',RESPONSE_LENGTH_OKHTTP='7078',RESPONSE_LENGTH_HEADER='7078',REQUEST_PROTOCOL='h2',REQUEST_URL='https://b.thumbs.redditmedia.com/X3yyAViE0gxiHR-kf9Z5xmLa8dKsm8iWJyKdWNVtOhU.jpg',
08-04 22:03:58.190 23454 26349 D OK      : request got status: 200
08-04 22:03:58.190 23454 26360 I NAPPA_EXPERIMENTATION: MetricNetworkRequestExecutionTime: REQUEST_DURATION_SYSTEM='1222',REQUEST_DURATION_OKHTTP='621',REQUEST_SYNCHRONOUS='TRUE',RESPONSE_CODE='200',RESPONSE_METHOD='GET',RESPONSE_LENGTH_OKHTTP='2698',RESPONSE_LENGTH_HEADER='2698',REQUEST_PROTOCOL='h2',REQUEST_URL='https://v.redd.it/s9qqadf3mid51/DASHPlaylist.mpd',
08-04 22:03:58.190 23454 26360 D OK      : request got status: 200
08-04 22:03:58.193 23454 26345 I NAPPA_EXPERIMENTATION: MetricNetworkRequestExecutionTime: REQUEST_DURATION_SYSTEM='1276',REQUEST_DURATION_OKHTTP='778',REQUEST_SYNCHRONOUS='TRUE',RESPONSE_CODE='200',RESPONSE_METHOD='GET',RESPONSE_LENGTH_OKHTTP='8699',RESPONSE_LENGTH_HEADER='8699',REQUEST_PROTOCOL='h2',REQUEST_URL='https://b.thumbs.redditmedia.com/HkEQtny0bE4H3dMCd_woPsLAXBoPwp_DZ4ioFNIQLKk.jpg',
08-04 22:03:58.193 23454 26345 D OK      : request got status: 200
08-04 22:03:58.196 23454 26353 I NAPPA_EXPERIMENTATION: MetricNetworkRequestExecutionTime: REQUEST_DURATION_SYSTEM='1252',REQUEST_DURATION_OKHTTP='622',REQUEST_SYNCHRONOUS='TRUE',RESPONSE_CODE='200',RESPONSE_METHOD='GET',RESPONSE_LENGTH_OKHTTP='4798',RESPONSE_LENGTH_HEADER='4798',REQUEST_PROTOCOL='h2',REQUEST_URL='https://a.thumbs.redditmedia.com/KpcC72KH04Be3BqxmFbv_Gz7LCy-24GU-70or3KCdJ4.jpg',
08-04 22:03:58.196 23454 26353 D OK      : request got status: 200
08-04 22:03:58.224 23454 23467 I art     : Explicit concurrent mark sweep GC freed 2305(298KB) AllocSpace objects, 18(960KB) LOS objects, 32% free, 33MB/49MB, paused 1.754ms total 49.936ms
08-04 22:03:58.230 23454 26343 I NAPPA_EXPERIMENTATION: MetricNetworkRequestExecutionTime: REQUEST_DURATION_SYSTEM='1319',REQUEST_DURATION_OKHTTP='804',REQUEST_SYNCHRONOUS='TRUE',RESPONSE_CODE='200',RESPONSE_METHOD='GET',RESPONSE_LENGTH_OKHTTP='6634',RESPONSE_LENGTH_HEADER='6634',REQUEST_PROTOCOL='h2',REQUEST_URL='https://b.thumbs.redditmedia.com/JTSWFy2_tijPk6cA5noKDydEAMkMJcDmKQTSX178zwc.jpg',
08-04 22:03:58.230 23454 26343 D OK      : request got status: 200
08-04 22:03:58.243 23454 23467 I art     : Starting a blocking GC Explicit
08-04 22:03:58.247 23454 26357 I NAPPA_EXPERIMENTATION: MetricNetworkRequestExecutionTime: REQUEST_DURATION_SYSTEM='1286',REQUEST_DURATION_OKHTTP='662',REQUEST_SYNCHRONOUS='TRUE',RESPONSE_CODE='200',RESPONSE_METHOD='GET',RESPONSE_LENGTH_OKHTTP='2787',RESPONSE_LENGTH_HEADER='2787',REQUEST_PROTOCOL='h2',REQUEST_URL='https://v.redd.it/ppmhu2r9thd51/DASHPlaylist.mpd',
08-04 22:03:58.247 23454 26357 D OK      : request got status: 200
08-04 22:03:58.254 23454 26351 I NAPPA_EXPERIMENTATION: MetricNetworkRequestExecutionTime: REQUEST_DURATION_SYSTEM='1319',REQUEST_DURATION_OKHTTP='702',REQUEST_SYNCHRONOUS='TRUE',RESPONSE_CODE='200',RESPONSE_METHOD='GET',RESPONSE_LENGTH_OKHTTP='5207',RESPONSE_LENGTH_HEADER='5207',REQUEST_PROTOCOL='h2',REQUEST_URL='https://b.thumbs.redditmedia.com/Bx9FZp8_w10DfFUf_mqVPMfu4Y0h2lo41Dh4tl2eNeQ.jpg',
08-04 22:03:58.254 23454 26351 D OK      : request got status: 200
08-04 22:03:58.261 23454 26352 I RedditVideosAPI: For 'https://v.redd.it/h49fg58ygjd51/DASHPlaylist.mpd', got video stream 'https://v.redd.it/h49fg58ygjd51/DASH_480' and audio stream 'null'
08-04 22:03:58.267 23454 26347 I RedditVideosAPI: For 'https://v.redd.it/ak6rer1hskd51/DASHPlaylist.mpd', got video stream 'https://v.redd.it/ak6rer1hskd51/DASH_360' and audio stream 'null'
08-04 22:03:58.278 23454 26360 I RedditVideosAPI: For 'https://v.redd.it/s9qqadf3mid51/DASHPlaylist.mpd', got video stream 'https://v.redd.it/s9qqadf3mid51/DASH_480' and audio stream 'https://v.redd.it/s9qqadf3mid51/audio'
08-04 22:03:58.292 23454 26356 I NAPPA_EXPERIMENTATION: MetricNetworkRequestExecutionTime: REQUEST_DURATION_SYSTEM='1333',REQUEST_DURATION_OKHTTP='683',REQUEST_SYNCHRONOUS='TRUE',RESPONSE_CODE='200',RESPONSE_METHOD='GET',RESPONSE_LENGTH_OKHTTP='5229',RESPONSE_LENGTH_HEADER='5229',REQUEST_PROTOCOL='h2',REQUEST_URL='https://b.thumbs.redditmedia.com/RrJbRRjFZWmckrONtkPTloJh52FfqD_XkLMuYuuQvAg.jpg',
08-04 22:03:58.292 23454 26355 I NAPPA_EXPERIMENTATION: MetricNetworkRequestExecutionTime: REQUEST_DURATION_SYSTEM='1340',REQUEST_DURATION_OKHTTP='655',REQUEST_SYNCHRONOUS='TRUE',RESPONSE_CODE='200',RESPONSE_METHOD='GET',RESPONSE_LENGTH_OKHTTP='3058',RESPONSE_LENGTH_HEADER='3058',REQUEST_PROTOCOL='h2',REQUEST_URL='https://v.redd.it/1ewzkieg0jd51/DASHPlaylist.mpd',
08-04 22:03:58.292 23454 26355 D OK      : request got status: 200
08-04 22:03:58.292 23454 26356 D OK      : request got status: 200
08-04 22:03:58.293 23454 23467 I art     : Explicit concurrent mark sweep GC freed 1888(281KB) AllocSpace objects, 16(1148KB) LOS objects, 32% free, 33MB/49MB, paused 1.884ms total 50.584ms
08-04 22:03:58.297 23454 26358 I NAPPA_EXPERIMENTATION: MetricNetworkRequestExecutionTime: REQUEST_DURATION_SYSTEM='1334',REQUEST_DURATION_OKHTTP='711',REQUEST_SYNCHRONOUS='TRUE',RESPONSE_CODE='200',RESPONSE_METHOD='GET',RESPONSE_LENGTH_OKHTTP='6163',RESPONSE_LENGTH_HEADER='6163',REQUEST_PROTOCOL='h2',REQUEST_URL='https://b.thumbs.redditmedia.com/chqK3f9u3D7UmfrGP85f4sOQFihMk6q7fFSeMyWs_7E.jpg',
08-04 22:03:58.297 23454 26358 D OK      : request got status: 200
08-04 22:03:58.305 23454 26362 I NAPPA_EXPERIMENTATION: MetricNetworkRequestExecutionTime: REQUEST_DURATION_SYSTEM='1330',REQUEST_DURATION_OKHTTP='622',REQUEST_SYNCHRONOUS='TRUE',RESPONSE_CODE='200',RESPONSE_METHOD='GET',RESPONSE_LENGTH_OKHTTP='3060',RESPONSE_LENGTH_HEADER='3060',REQUEST_PROTOCOL='h2',REQUEST_URL='https://v.redd.it/b8vazlcb7ld51/DASHPlaylist.mpd',
08-04 22:03:58.305 23454 26362 D OK      : request got status: 200
08-04 22:03:58.312 23454 26333 I NAPPA_EXPERIMENTATION: MetricNetworkRequestExecutionTime: REQUEST_DURATION_SYSTEM='1432',REQUEST_DURATION_OKHTTP='580',REQUEST_SYNCHRONOUS='TRUE',RESPONSE_CODE='200',RESPONSE_METHOD='GET',RESPONSE_LENGTH_OKHTTP='-1',RESPONSE_LENGTH_HEADER='812',REQUEST_PROTOCOL='http/1.1',REQUEST_URL='https://api.gfycat.com/v1/gfycats/deadlygravecavy',
08-04 22:03:58.312 23454 26333 D OK      : request got status: 200
08-04 22:03:58.315 23454 26363 I NAPPA_EXPERIMENTATION: MetricNetworkRequestExecutionTime: REQUEST_DURATION_SYSTEM='1331',REQUEST_DURATION_OKHTTP='666',REQUEST_SYNCHRONOUS='TRUE',RESPONSE_CODE='200',RESPONSE_METHOD='GET',RESPONSE_LENGTH_OKHTTP='4067',RESPONSE_LENGTH_HEADER='4067',REQUEST_PROTOCOL='h2',REQUEST_URL='https://b.thumbs.redditmedia.com/XNb1kfskabGDLMqv661Q22hBtCb8w5oyePDcFaZi9aY.jpg',
08-04 22:03:58.316 23454 26363 D OK      : request got status: 200
08-04 22:03:58.316 23454 26366 I NAPPA_EXPERIMENTATION: MetricNetworkRequestExecutionTime: REQUEST_DURATION_SYSTEM='1319',REQUEST_DURATION_OKHTTP='565',REQUEST_SYNCHRONOUS='TRUE',RESPONSE_CODE='200',RESPONSE_METHOD='GET',RESPONSE_LENGTH_OKHTTP='6843',RESPONSE_LENGTH_HEADER='6843',REQUEST_PROTOCOL='h2',REQUEST_URL='https://b.thumbs.redditmedia.com/x5l4cICw0WNNvslt5FqVjwj89XrGjrXnNbaSyQRAyCo.jpg',
08-04 22:03:58.316 23454 26366 D OK      : request got status: 200
08-04 22:03:58.319 23454 26364 I NAPPA_EXPERIMENTATION: MetricNetworkRequestExecutionTime: REQUEST_DURATION_SYSTEM='1327',REQUEST_DURATION_OKHTTP='610',REQUEST_SYNCHRONOUS='TRUE',RESPONSE_CODE='200',RESPONSE_METHOD='GET',RESPONSE_LENGTH_OKHTTP='2071',RESPONSE_LENGTH_HEADER='2071',REQUEST_PROTOCOL='h2',REQUEST_URL='https://v.redd.it/ty24o02m1hd51/DASHPlaylist.mpd',
08-04 22:03:58.319 23454 26364 D OK      : request got status: 200
08-04 22:03:58.328 23454 26350 I NAPPA_EXPERIMENTATION: MetricNetworkRequestExecutionTime: REQUEST_DURATION_SYSTEM='1399',REQUEST_DURATION_OKHTTP='583',REQUEST_SYNCHRONOUS='TRUE',RESPONSE_CODE='200',RESPONSE_METHOD='GET',RESPONSE_LENGTH_OKHTTP='-1',RESPONSE_LENGTH_HEADER='1021',REQUEST_PROTOCOL='http/1.1',REQUEST_URL='https://api.gfycat.com/v1/gfycats/foolhardysparklinglarva',
08-04 22:03:58.328 23454 26350 D OK      : request got status: 200
08-04 22:03:58.344 23454 26369 I NAPPA_EXPERIMENTATION: MetricNetworkRequestExecutionTime: REQUEST_DURATION_SYSTEM='1345',REQUEST_DURATION_OKHTTP='532',REQUEST_SYNCHRONOUS='TRUE',RESPONSE_CODE='200',RESPONSE_METHOD='GET',RESPONSE_LENGTH_OKHTTP='2342',RESPONSE_LENGTH_HEADER='2342',REQUEST_PROTOCOL='h2',REQUEST_URL='https://v.redd.it/ar5k8892pid51/DASHPlaylist.mpd',
08-04 22:03:58.344 23454 26369 D OK      : request got status: 200
08-04 22:03:58.348 23454 26370 I NAPPA_EXPERIMENTATION: MetricNetworkRequestExecutionTime: REQUEST_DURATION_SYSTEM='1346',REQUEST_DURATION_OKHTTP='559',REQUEST_SYNCHRONOUS='TRUE',RESPONSE_CODE='200',RESPONSE_METHOD='GET',RESPONSE_LENGTH_OKHTTP='6778',RESPONSE_LENGTH_HEADER='6778',REQUEST_PROTOCOL='h2',REQUEST_URL='https://b.thumbs.redditmedia.com/189nmwjW7eGWBD0J-cxzsUac1V1ZWGzMFC66inY4u4Y.jpg',
08-04 22:03:58.348 23454 26370 D OK      : request got status: 200
08-04 22:03:58.358 23454 26429 I NAPPA_EXPERIMENTATION: MetricNetworkRequestExecutionTime: REQUEST_DURATION_SYSTEM='522',REQUEST_DURATION_OKHTTP='518',REQUEST_SYNCHRONOUS='TRUE',RESPONSE_CODE='200',RESPONSE_METHOD='GET',RESPONSE_LENGTH_OKHTTP='-1',RESPONSE_LENGTH_HEADER='30610',REQUEST_PROTOCOL='h2',REQUEST_URL='https://oauth.reddit.com/r/aww/hot/.json?after=t3_hz5odc',
08-04 22:03:58.358 23454 26429 D OK      : request got status: 200
08-04 22:03:58.360 23454 26357 I RedditVideosAPI: For 'https://v.redd.it/ppmhu2r9thd51/DASHPlaylist.mpd', got video stream 'https://v.redd.it/ppmhu2r9thd51/DASH_480' and audio stream 'null'
08-04 22:03:58.368 23454 26361 I NAPPA_EXPERIMENTATION: MetricNetworkRequestExecutionTime: REQUEST_DURATION_SYSTEM='1394',REQUEST_DURATION_OKHTTP='558',REQUEST_SYNCHRONOUS='TRUE',RESPONSE_CODE='200',RESPONSE_METHOD='GET',RESPONSE_LENGTH_OKHTTP='2861',RESPONSE_LENGTH_HEADER='2861',REQUEST_PROTOCOL='h2',REQUEST_URL='https://b.thumbs.redditmedia.com/iZuzjufMpYUYtQRLjRwce4RDb6JYsId95_iezR2Uc0w.jpg',
08-04 22:03:58.369 23454 26361 D OK      : request got status: 200
08-04 22:03:58.374 23454 26359 I NAPPA_EXPERIMENTATION: MetricNetworkRequestExecutionTime: REQUEST_DURATION_SYSTEM='1409',REQUEST_DURATION_OKHTTP='546',REQUEST_SYNCHRONOUS='TRUE',RESPONSE_CODE='200',RESPONSE_METHOD='GET',RESPONSE_LENGTH_OKHTTP='8835',RESPONSE_LENGTH_HEADER='8835',REQUEST_PROTOCOL='h2',REQUEST_URL='https://b.thumbs.redditmedia.com/B18Vu5Jw71XCkFOFHimnUC42ya8apHsmcCW-HFmtb6w.jpg',
08-04 22:03:58.374 23454 26359 D OK      : request got status: 200
08-04 22:03:58.378 23454 26431 I PostListingFragment: Precaching images: OFF
08-04 22:03:58.378 23454 26431 I PostListingFragment: Precaching comments: OFF
08-04 22:03:58.378 23454 26365 I NAPPA_EXPERIMENTATION: MetricNetworkRequestExecutionTime: REQUEST_DURATION_SYSTEM='1387',REQUEST_DURATION_OKHTTP='559',REQUEST_SYNCHRONOUS='TRUE',RESPONSE_CODE='200',RESPONSE_METHOD='GET',RESPONSE_LENGTH_OKHTTP='4249',RESPONSE_LENGTH_HEADER='4249',REQUEST_PROTOCOL='h2',REQUEST_URL='https://b.thumbs.redditmedia.com/lMqJbh1Z40ffemA0TnSfVnovznn4hvJNue60AsJ-ETs.jpg',
08-04 22:03:58.378 23454 26365 D OK      : request got status: 200
08-04 22:03:58.391 23454 26342 I NAPPA_EXPERIMENTATION: MetricNetworkRequestExecutionTime: REQUEST_DURATION_SYSTEM='1480',REQUEST_DURATION_OKHTTP='408',REQUEST_SYNCHRONOUS='TRUE',RESPONSE_CODE='200',RESPONSE_METHOD='GET',RESPONSE_LENGTH_OKHTTP='-1',RESPONSE_LENGTH_HEADER='955',REQUEST_PROTOCOL='http/1.1',REQUEST_URL='https://api.gfycat.com/v1/gfycats/altruisticthankfulankolewatusi',
08-04 22:03:58.391 23454 26342 D OK      : request got status: 200
08-04 22:03:58.393 23454 26371 I NAPPA_EXPERIMENTATION: MetricNetworkRequestExecutionTime: REQUEST_DURATION_SYSTEM='1375',REQUEST_DURATION_OKHTTP='511',REQUEST_SYNCHRONOUS='TRUE',RESPONSE_CODE='200',RESPONSE_METHOD='GET',RESPONSE_LENGTH_OKHTTP='6221',RESPONSE_LENGTH_HEADER='6221',REQUEST_PROTOCOL='h2',REQUEST_URL='https://b.thumbs.redditmedia.com/d_-UsfmKASoIHi4vZyyjvvwFtm1S7-DEi9AQPOnGIgY.jpg',
08-04 22:03:58.393 23454 26371 D OK      : request got status: 200
08-04 22:03:58.449 23454 26355 I RedditVideosAPI: For 'https://v.redd.it/1ewzkieg0jd51/DASHPlaylist.mpd', got video stream 'https://v.redd.it/1ewzkieg0jd51/DASH_480' and audio stream 'https://v.redd.it/1ewzkieg0jd51/audio'
08-04 22:03:58.451 23454 26431 I getImgurImageInfo: Image nLQR2hT: trying API v3 with auth
08-04 22:03:58.488 23454 26362 I RedditVideosAPI: For 'https://v.redd.it/b8vazlcb7ld51/DASHPlaylist.mpd', got video stream 'https://v.redd.it/b8vazlcb7ld51/DASH_480' and audio stream 'https://v.redd.it/b8vazlcb7ld51/audio'
08-04 22:03:58.493 23454 26440 D OK      : calling: https://b.thumbs.redditmedia.com/WehZGjN94ALGdO0M7RjPJ2EwcyyWVZ_NUn1Fuf7IYWY.jpg
08-04 22:03:58.498 13866 13882 I PeriodicStatsRunner: PeriodicStatsRunner.call():175 call()
08-04 22:03:58.499 13866 13882 I PeriodicStatsRunner: PeriodicStatsRunner.call():179 No submit PeriodicStats since input started.
08-04 22:03:58.544 23454 26364 I RedditVideosAPI: For 'https://v.redd.it/ty24o02m1hd51/DASHPlaylist.mpd', got video stream 'https://v.redd.it/ty24o02m1hd51/DASH_480' and audio stream 'null'
08-04 22:03:58.554 23454 26369 I RedditVideosAPI: For 'https://v.redd.it/ar5k8892pid51/DASHPlaylist.mpd', got video stream 'https://v.redd.it/ar5k8892pid51/DASH_360' and audio stream 'https://v.redd.it/ar5k8892pid51/audio'
08-04 22:03:58.582 23454 26443 D OK      : calling: https://b.thumbs.redditmedia.com/Xdo4lcQOwuUNK1yxSlXZ0OI8u23ORAr16_AzfAZ1nvU.jpg
08-04 22:03:58.617 23454 23973 I art     : Starting a blocking GC Explicit
08-04 22:03:58.623 23454 26446 D OK      : calling: https://b.thumbs.redditmedia.com/2KMYZ5hTlKXSvNO4hDUPyMba8Yz6skyu1SjUhLq1d9s.jpg
08-04 22:03:58.630 23454 26447 D OK      : calling: https://a.thumbs.redditmedia.com/EFVm-ZqqhARyEaKgtwU74c7tfzEDJvI0uiHXGglFag4.jpg
08-04 22:03:58.634 23454 26448 D OK      : calling: https://b.thumbs.redditmedia.com/qi4bNDKzoPvaSaSx99K2bAjwaRHh1nuOrcbySp1JHdk.jpg
08-04 22:03:58.637 23454 26449 D OK      : calling: https://b.thumbs.redditmedia.com/Ja8yiRMklM2lXd8q60LtBI6CqdmJ5YbWHRiBVFmICJA.jpg
08-04 22:03:58.640 23454 26450 D OK      : calling: https://b.thumbs.redditmedia.com/o5lSsJ_tCgCQxcdjMGaYxuveNluXB1PQT4PokXDhpvc.jpg
08-04 22:03:58.642 23454 26451 D OK      : calling: https://b.thumbs.redditmedia.com/SiCWTmKkQcbiAa7naxAHnw0adTeRkq1dB8QSqzGU7-Q.jpg
08-04 22:03:58.645 23454 26452 D OK      : calling: https://b.thumbs.redditmedia.com/C9qrVibnNxmzfLDKvEHp2v2Bo-Kqme7PoKC52s2o52M.jpg
08-04 22:03:58.648 23454 26453 D OK      : calling: https://a.thumbs.redditmedia.com/Tfsm0ol-ltlxNSBAkZ_4G4302d0hYeOSODkvXidBBR8.jpg
08-04 22:03:58.650 23454 26454 D OK      : calling: https://a.thumbs.redditmedia.com/Kzag-wH9wKRRg2MnPwgoFgXT_2jN_nkJ1lY1aNRQyT4.jpg
08-04 22:03:58.652 23454 26455 D OK      : calling: https://a.thumbs.redditmedia.com/P4gSGpXpi2wDXthNZ-LiwEs5Jvplm6dQ7W7Isqa7un4.jpg
08-04 22:03:58.655 23454 26456 D OK      : calling: https://b.thumbs.redditmedia.com/XkIhgqugP-9Zcb5I9A8o0r-zQJDh_6kastc0oWiiHkI.jpg
08-04 22:03:58.657 23454 26457 D OK      : calling: https://b.thumbs.redditmedia.com/3QPAtixkID9ojpqCAgfspJpruqoq45fM1G-Fx1K2F2A.jpg
08-04 22:03:58.660 23454 26458 D OK      : calling: https://b.thumbs.redditmedia.com/orK4W8Xc99pTzIT6q1waTsppldq24p1qMsHtkNnmu9w.jpg
08-04 22:03:58.662 23454 26459 D OK      : calling: https://b.thumbs.redditmedia.com/B1vXKY_-gTPbs625-RJ1MLIXxzCqfmnCB_0xnGjCECQ.jpg
08-04 22:03:58.664 23454 26460 D OK      : calling: https://a.thumbs.redditmedia.com/ffAKmOqnTuDMNR9MRfCdRtkq_CzN3MVhZxS64ZPYRh4.jpg
08-04 22:03:58.670 23454 26461 D OK      : calling: https://b.thumbs.redditmedia.com/OF1KI_LdSDMMWCy-WgJyRhIcM5fr7kDyu_OnpfRXHfI.jpg
08-04 22:03:58.673 23454 26462 D OK      : calling: https://b.thumbs.redditmedia.com/vuAhA4gGAmYfrTFA4woxZcKgmiDzJ3nAsql2pxcYGFs.jpg
08-04 22:03:58.676 23454 26463 D OK      : calling: https://b.thumbs.redditmedia.com/PtV7mFsO2n0j4YJweZjEqyVJ45hap4hXix9dwj6D0Wg.jpg
08-04 22:03:58.679 23454 23973 I art     : Explicit concurrent mark sweep GC freed 34199(2MB) AllocSpace objects, 95(6MB) LOS objects, 30% free, 36MB/52MB, paused 1.711ms total 61.705ms
08-04 22:03:58.679 23454 26464 D OK      : calling: https://b.thumbs.redditmedia.com/wxTBcOhAgsmbc-TRaGNHpYJYnEOBr2LNsaZ6pCM91Lc.jpg
08-04 22:03:58.681 23454 26465 D OK      : calling: https://b.thumbs.redditmedia.com/Wo7bFIVNZYYuNioRYwZFYxrl6QMk0lT-3W01wrXgHmE.jpg
08-04 22:03:58.684 23454 26466 D OK      : calling: https://b.thumbs.redditmedia.com/NoqMycYTzsyhI0Lq351riEI1mO9p8PvY1QwcZ9Irb9g.jpg
08-04 22:03:58.688 23454 26467 D OK      : calling: https://b.thumbs.redditmedia.com/KrRufqpifph7KM2Le5RdqEYQb24zbB4fizBJpFaH1Pc.jpg
08-04 22:03:58.693 23454 26468 D OK      : calling: https://b.thumbs.redditmedia.com/u2qz17QE3X5G7kkJrgK3HPCdxNQxNkhaWqfIhCuRMvE.jpg
08-04 22:03:58.696 23454 26469 D OK      : calling: https://v.redd.it/syww111dtjd51/DASHPlaylist.mpd
08-04 22:03:58.698 23454 26470 D OK      : calling: https://v.redd.it/pbqrrfb3tkd51/DASHPlaylist.mpd
08-04 22:03:58.701 23454 26471 D OK      : calling: https://v.redd.it/rrygsb8i4ld51/DASHPlaylist.mpd
08-04 22:03:58.703 23454 26472 D OK      : calling: https://v.redd.it/5x6zzipz8ld51/DASHPlaylist.mpd
08-04 22:03:58.704 23454 23973 I art     : Starting a blocking GC Explicit
08-04 22:03:58.706 23454 26473 D OK      : calling: https://v.redd.it/75en73fm5id51/DASHPlaylist.mpd
08-04 22:03:58.712 23454 26474 D OK      : calling: https://api.imgur.com/3/image/nLQR2hT
08-04 22:03:58.714 23454 26475 D OK      : calling: https://v.redd.it/ggz4fyth6hd51/DASHPlaylist.mpd
08-04 22:03:58.716 23454 26476 D OK      : calling: https://v.redd.it/psrknoobrgd51/DASHPlaylist.mpd
08-04 22:03:58.718 23454 26477 D OK      : calling: https://v.redd.it/jk6cwef4wld51/DASHPlaylist.mpd
08-04 22:03:58.721 23454 26478 D OK      : calling: https://v.redd.it/t81s8zfz9ld51/DASHPlaylist.mpd
08-04 22:03:58.723 23454 26479 D OK      : calling: https://v.redd.it/xd6c4yyutgd51/DASHPlaylist.mpd
08-04 22:03:58.725 23454 26480 D OK      : calling: https://v.redd.it/ue0jdgk9zhd51/DASHPlaylist.mpd
08-04 22:03:58.758 23454 26440 I NAPPA_EXPERIMENTATION: MetricNetworkRequestExecutionTime: REQUEST_DURATION_SYSTEM='265',REQUEST_DURATION_OKHTTP='162',REQUEST_SYNCHRONOUS='TRUE',RESPONSE_CODE='200',RESPONSE_METHOD='GET',RESPONSE_LENGTH_OKHTTP='5435',RESPONSE_LENGTH_HEADER='5435',REQUEST_PROTOCOL='h2',REQUEST_URL='https://b.thumbs.redditmedia.com/WehZGjN94ALGdO0M7RjPJ2EwcyyWVZ_NUn1Fuf7IYWY.jpg',
08-04 22:03:58.758 23454 26440 D OK      : request got status: 200
08-04 22:03:58.761 23454 23973 I art     : Explicit concurrent mark sweep GC freed 24445(1182KB) AllocSpace objects, 3(204KB) LOS objects, 31% free, 35MB/51MB, paused 2.825ms total 56.495ms
08-04 22:03:58.779 23454 23973 I art     : Starting a blocking GC Explicit
08-04 22:03:58.838 23454 23973 I art     : Explicit concurrent mark sweep GC freed 935(48KB) AllocSpace objects, 0(0B) LOS objects, 31% free, 35MB/51MB, paused 2.686ms total 58.638ms
08-04 22:03:58.858 23454 23973 I art     : Starting a blocking GC Explicit
08-04 22:03:58.887 23454 26446 I NAPPA_EXPERIMENTATION: MetricNetworkRequestExecutionTime: REQUEST_DURATION_SYSTEM='263',REQUEST_DURATION_OKHTTP='262',REQUEST_SYNCHRONOUS='TRUE',RESPONSE_CODE='200',RESPONSE_METHOD='GET',RESPONSE_LENGTH_OKHTTP='5098',RESPONSE_LENGTH_HEADER='5098',REQUEST_PROTOCOL='h2',REQUEST_URL='https://b.thumbs.redditmedia.com/2KMYZ5hTlKXSvNO4hDUPyMba8Yz6skyu1SjUhLq1d9s.jpg',
08-04 22:03:58.887 23454 26446 D OK      : request got status: 200
08-04 22:03:58.918 23454 23973 I art     : Explicit concurrent mark sweep GC freed 390(53KB) AllocSpace objects, 5(388KB) LOS objects, 30% free, 35MB/51MB, paused 2.669ms total 59.313ms
08-04 22:03:58.937 23454 23973 I art     : Starting a blocking GC Explicit
08-04 22:03:58.952 23454 26448 I NAPPA_EXPERIMENTATION: MetricNetworkRequestExecutionTime: REQUEST_DURATION_SYSTEM='318',REQUEST_DURATION_OKHTTP='318',REQUEST_SYNCHRONOUS='TRUE',RESPONSE_CODE='200',RESPONSE_METHOD='GET',RESPONSE_LENGTH_OKHTTP='4475',RESPONSE_LENGTH_HEADER='4475',REQUEST_PROTOCOL='h2',REQUEST_URL='https://b.thumbs.redditmedia.com/qi4bNDKzoPvaSaSx99K2bAjwaRHh1nuOrcbySp1JHdk.jpg',
08-04 22:03:58.953 23454 26448 D OK      : request got status: 200
08-04 22:03:58.956 23454 26450 I NAPPA_EXPERIMENTATION: MetricNetworkRequestExecutionTime: REQUEST_DURATION_SYSTEM='316',REQUEST_DURATION_OKHTTP='315',REQUEST_SYNCHRONOUS='TRUE',RESPONSE_CODE='200',RESPONSE_METHOD='GET',RESPONSE_LENGTH_OKHTTP='4921',RESPONSE_LENGTH_HEADER='4921',REQUEST_PROTOCOL='h2',REQUEST_URL='https://b.thumbs.redditmedia.com/o5lSsJ_tCgCQxcdjMGaYxuveNluXB1PQT4PokXDhpvc.jpg',
08-04 22:03:58.956 23454 26450 D OK      : request got status: 200
08-04 22:03:58.979 23454 26449 I NAPPA_EXPERIMENTATION: MetricNetworkRequestExecutionTime: REQUEST_DURATION_SYSTEM='342',REQUEST_DURATION_OKHTTP='341',REQUEST_SYNCHRONOUS='TRUE',RESPONSE_CODE='200',RESPONSE_METHOD='GET',RESPONSE_LENGTH_OKHTTP='5414',RESPONSE_LENGTH_HEADER='5414',REQUEST_PROTOCOL='h2',REQUEST_URL='https://b.thumbs.redditmedia.com/Ja8yiRMklM2lXd8q60LtBI6CqdmJ5YbWHRiBVFmICJA.jpg',
08-04 22:03:58.980 23454 26449 D OK      : request got status: 200
08-04 22:03:58.995 23454 23973 I art     : Explicit concurrent mark sweep GC freed 2956(182KB) AllocSpace objects, 6(500KB) LOS objects, 30% free, 36MB/52MB, paused 2.229ms total 57.470ms
08-04 22:03:59.040 23454 26451 I NAPPA_EXPERIMENTATION: MetricNetworkRequestExecutionTime: REQUEST_DURATION_SYSTEM='398',REQUEST_DURATION_OKHTTP='397',REQUEST_SYNCHRONOUS='TRUE',RESPONSE_CODE='200',RESPONSE_METHOD='GET',RESPONSE_LENGTH_OKHTTP='5968',RESPONSE_LENGTH_HEADER='5968',REQUEST_PROTOCOL='h2',REQUEST_URL='https://b.thumbs.redditmedia.com/SiCWTmKkQcbiAa7naxAHnw0adTeRkq1dB8QSqzGU7-Q.jpg',
08-04 22:03:59.040 23454 26451 D OK      : request got status: 200
08-04 22:03:59.041 23454 26452 I NAPPA_EXPERIMENTATION: MetricNetworkRequestExecutionTime: REQUEST_DURATION_SYSTEM='396',REQUEST_DURATION_OKHTTP='394',REQUEST_SYNCHRONOUS='TRUE',RESPONSE_CODE='200',RESPONSE_METHOD='GET',RESPONSE_LENGTH_OKHTTP='5378',RESPONSE_LENGTH_HEADER='5378',REQUEST_PROTOCOL='h2',REQUEST_URL='https://b.thumbs.redditmedia.com/C9qrVibnNxmzfLDKvEHp2v2Bo-Kqme7PoKC52s2o52M.jpg',
08-04 22:03:59.041 23454 26452 D OK      : request got status: 200
08-04 22:03:59.077 23454 26456 I NAPPA_EXPERIMENTATION: MetricNetworkRequestExecutionTime: REQUEST_DURATION_SYSTEM='422',REQUEST_DURATION_OKHTTP='422',REQUEST_SYNCHRONOUS='TRUE',RESPONSE_CODE='200',RESPONSE_METHOD='GET',RESPONSE_LENGTH_OKHTTP='4080',RESPONSE_LENGTH_HEADER='4080',REQUEST_PROTOCOL='h2',REQUEST_URL='https://b.thumbs.redditmedia.com/XkIhgqugP-9Zcb5I9A8o0r-zQJDh_6kastc0oWiiHkI.jpg',
08-04 22:03:59.077 23454 26456 D OK      : request got status: 200
08-04 22:03:59.107 23454 26457 I NAPPA_EXPERIMENTATION: MetricNetworkRequestExecutionTime: REQUEST_DURATION_SYSTEM='450',REQUEST_DURATION_OKHTTP='449',REQUEST_SYNCHRONOUS='TRUE',RESPONSE_CODE='200',RESPONSE_METHOD='GET',RESPONSE_LENGTH_OKHTTP='3183',RESPONSE_LENGTH_HEADER='3183',REQUEST_PROTOCOL='h2',REQUEST_URL='https://b.thumbs.redditmedia.com/3QPAtixkID9ojpqCAgfspJpruqoq45fM1G-Fx1K2F2A.jpg',
08-04 22:03:59.107 23454 26457 D OK      : request got status: 200
08-04 22:03:59.168 23454 26458 I NAPPA_EXPERIMENTATION: MetricNetworkRequestExecutionTime: REQUEST_DURATION_SYSTEM='508',REQUEST_DURATION_OKHTTP='508',REQUEST_SYNCHRONOUS='TRUE',RESPONSE_CODE='200',RESPONSE_METHOD='GET',RESPONSE_LENGTH_OKHTTP='6654',RESPONSE_LENGTH_HEADER='6654',REQUEST_PROTOCOL='h2',REQUEST_URL='https://b.thumbs.redditmedia.com/orK4W8Xc99pTzIT6q1waTsppldq24p1qMsHtkNnmu9w.jpg',
08-04 22:03:59.169 23454 26458 D OK      : request got status: 200
08-04 22:03:59.181 23454 26459 I NAPPA_EXPERIMENTATION: MetricNetworkRequestExecutionTime: REQUEST_DURATION_SYSTEM='519',REQUEST_DURATION_OKHTTP='518',REQUEST_SYNCHRONOUS='TRUE',RESPONSE_CODE='200',RESPONSE_METHOD='GET',RESPONSE_LENGTH_OKHTTP='3864',RESPONSE_LENGTH_HEADER='3864',REQUEST_PROTOCOL='h2',REQUEST_URL='https://b.thumbs.redditmedia.com/B1vXKY_-gTPbs625-RJ1MLIXxzCqfmnCB_0xnGjCECQ.jpg',
08-04 22:03:59.182 23454 26459 D OK      : request got status: 200
08-04 22:03:59.197 23454 26461 I NAPPA_EXPERIMENTATION: MetricNetworkRequestExecutionTime: REQUEST_DURATION_SYSTEM='526',REQUEST_DURATION_OKHTTP='526',REQUEST_SYNCHRONOUS='TRUE',RESPONSE_CODE='200',RESPONSE_METHOD='GET',RESPONSE_LENGTH_OKHTTP='5125',RESPONSE_LENGTH_HEADER='5125',REQUEST_PROTOCOL='h2',REQUEST_URL='https://b.thumbs.redditmedia.com/OF1KI_LdSDMMWCy-WgJyRhIcM5fr7kDyu_OnpfRXHfI.jpg',
08-04 22:03:59.198 23454 26461 D OK      : request got status: 200
08-04 22:03:59.224 23454 26462 I NAPPA_EXPERIMENTATION: MetricNetworkRequestExecutionTime: REQUEST_DURATION_SYSTEM='551',REQUEST_DURATION_OKHTTP='549',REQUEST_SYNCHRONOUS='TRUE',RESPONSE_CODE='200',RESPONSE_METHOD='GET',RESPONSE_LENGTH_OKHTTP='6723',RESPONSE_LENGTH_HEADER='6723',REQUEST_PROTOCOL='h2',REQUEST_URL='https://b.thumbs.redditmedia.com/vuAhA4gGAmYfrTFA4woxZcKgmiDzJ3nAsql2pxcYGFs.jpg',
08-04 22:03:59.224 23454 26462 D OK      : request got status: 200
08-04 22:03:59.274 23454 26463 I NAPPA_EXPERIMENTATION: MetricNetworkRequestExecutionTime: REQUEST_DURATION_SYSTEM='598',REQUEST_DURATION_OKHTTP='596',REQUEST_SYNCHRONOUS='TRUE',RESPONSE_CODE='200',RESPONSE_METHOD='GET',RESPONSE_LENGTH_OKHTTP='5329',RESPONSE_LENGTH_HEADER='5329',REQUEST_PROTOCOL='h2',REQUEST_URL='https://b.thumbs.redditmedia.com/PtV7mFsO2n0j4YJweZjEqyVJ45hap4hXix9dwj6D0Wg.jpg',
08-04 22:03:59.274 23454 26463 D OK      : request got status: 200
08-04 22:03:59.340 23454 23466 I art     : Starting a blocking GC Explicit
08-04 22:03:59.377 23454 26464 I NAPPA_EXPERIMENTATION: MetricNetworkRequestExecutionTime: REQUEST_DURATION_SYSTEM='698',REQUEST_DURATION_OKHTTP='697',REQUEST_SYNCHRONOUS='TRUE',RESPONSE_CODE='200',RESPONSE_METHOD='GET',RESPONSE_LENGTH_OKHTTP='6316',RESPONSE_LENGTH_HEADER='6316',REQUEST_PROTOCOL='h2',REQUEST_URL='https://b.thumbs.redditmedia.com/wxTBcOhAgsmbc-TRaGNHpYJYnEOBr2LNsaZ6pCM91Lc.jpg',
08-04 22:03:59.378 23454 26464 D OK      : request got status: 200
08-04 22:03:59.398 23454 23466 I art     : Explicit concurrent mark sweep GC freed 36767(2MB) AllocSpace objects, 60(4MB) LOS objects, 29% free, 38MB/54MB, paused 1.917ms total 57.406ms
08-04 22:03:59.417 23454 23466 I art     : Starting a blocking GC Explicit
08-04 22:03:59.423 23454 26447 I NAPPA_EXPERIMENTATION: MetricNetworkRequestExecutionTime: REQUEST_DURATION_SYSTEM='792',REQUEST_DURATION_OKHTTP='348',REQUEST_SYNCHRONOUS='TRUE',RESPONSE_CODE='200',RESPONSE_METHOD='GET',RESPONSE_LENGTH_OKHTTP='5307',RESPONSE_LENGTH_HEADER='5307',REQUEST_PROTOCOL='h2',REQUEST_URL='https://a.thumbs.redditmedia.com/EFVm-ZqqhARyEaKgtwU74c7tfzEDJvI0uiHXGglFag4.jpg',
08-04 22:03:59.423 23454 26447 D OK      : request got status: 200
08-04 22:03:59.468 23454 23466 I art     : Explicit concurrent mark sweep GC freed 4666(459KB) AllocSpace objects, 13(620KB) LOS objects, 29% free, 38MB/54MB, paused 1.670ms total 50.724ms
08-04 22:03:59.479 23454 26453 I NAPPA_EXPERIMENTATION: MetricNetworkRequestExecutionTime: REQUEST_DURATION_SYSTEM='831',REQUEST_DURATION_OKHTTP='374',REQUEST_SYNCHRONOUS='TRUE',RESPONSE_CODE='200',RESPONSE_METHOD='GET',RESPONSE_LENGTH_OKHTTP='7540',RESPONSE_LENGTH_HEADER='7540',REQUEST_PROTOCOL='h2',REQUEST_URL='https://a.thumbs.redditmedia.com/Tfsm0ol-ltlxNSBAkZ_4G4302d0hYeOSODkvXidBBR8.jpg',
08-04 22:03:59.479 23454 26453 D OK      : request got status: 200
08-04 22:03:59.487 23454 23466 I art     : Starting a blocking GC Explicit
08-04 22:03:59.519 23454 26454 I NAPPA_EXPERIMENTATION: MetricNetworkRequestExecutionTime: REQUEST_DURATION_SYSTEM='869',REQUEST_DURATION_OKHTTP='401',REQUEST_SYNCHRONOUS='TRUE',RESPONSE_CODE='200',RESPONSE_METHOD='GET',RESPONSE_LENGTH_OKHTTP='3635',RESPONSE_LENGTH_HEADER='3635',REQUEST_PROTOCOL='h2',REQUEST_URL='https://a.thumbs.redditmedia.com/Kzag-wH9wKRRg2MnPwgoFgXT_2jN_nkJ1lY1aNRQyT4.jpg',
08-04 22:03:59.519 23454 26454 D OK      : request got status: 200
08-04 22:03:59.524 23454 26465 I NAPPA_EXPERIMENTATION: MetricNetworkRequestExecutionTime: REQUEST_DURATION_SYSTEM='843',REQUEST_DURATION_OKHTTP='842',REQUEST_SYNCHRONOUS='TRUE',RESPONSE_CODE='200',RESPONSE_METHOD='GET',RESPONSE_LENGTH_OKHTTP='7815',RESPONSE_LENGTH_HEADER='7815',REQUEST_PROTOCOL='h2',REQUEST_URL='https://b.thumbs.redditmedia.com/Wo7bFIVNZYYuNioRYwZFYxrl6QMk0lT-3W01wrXgHmE.jpg',
08-04 22:03:59.524 23454 26465 D OK      : request got status: 200
08-04 22:03:59.539 23454 23466 I art     : Explicit concurrent mark sweep GC freed 1542(123KB) AllocSpace objects, 10(560KB) LOS objects, 29% free, 38MB/54MB, paused 1.683ms total 52.140ms
08-04 22:03:59.549 23454 26460 I NAPPA_EXPERIMENTATION: MetricNetworkRequestExecutionTime: REQUEST_DURATION_SYSTEM='885',REQUEST_DURATION_OKHTTP='348',REQUEST_SYNCHRONOUS='TRUE',RESPONSE_CODE='200',RESPONSE_METHOD='GET',RESPONSE_LENGTH_OKHTTP='4470',RESPONSE_LENGTH_HEADER='4470',REQUEST_PROTOCOL='h2',REQUEST_URL='https://a.thumbs.redditmedia.com/ffAKmOqnTuDMNR9MRfCdRtkq_CzN3MVhZxS64ZPYRh4.jpg',
08-04 22:03:59.549 23454 26460 D OK      : request got status: 200
08-04 22:03:59.559 23454 23466 I art     : Starting a blocking GC Explicit
08-04 22:03:59.563 23454 26466 I NAPPA_EXPERIMENTATION: MetricNetworkRequestExecutionTime: REQUEST_DURATION_SYSTEM='879',REQUEST_DURATION_OKHTTP='876',REQUEST_SYNCHRONOUS='TRUE',RESPONSE_CODE='200',RESPONSE_METHOD='GET',RESPONSE_LENGTH_OKHTTP='5648',RESPONSE_LENGTH_HEADER='5648',REQUEST_PROTOCOL='h2',REQUEST_URL='https://b.thumbs.redditmedia.com/NoqMycYTzsyhI0Lq351riEI1mO9p8PvY1QwcZ9Irb9g.jpg',
08-04 22:03:59.563 23454 26466 D OK      : request got status: 200
08-04 22:03:59.608 23454 26467 I NAPPA_EXPERIMENTATION: MetricNetworkRequestExecutionTime: REQUEST_DURATION_SYSTEM='920',REQUEST_DURATION_OKHTTP='920',REQUEST_SYNCHRONOUS='TRUE',RESPONSE_CODE='200',RESPONSE_METHOD='GET',RESPONSE_LENGTH_OKHTTP='5198',RESPONSE_LENGTH_HEADER='5198',REQUEST_PROTOCOL='h2',REQUEST_URL='https://b.thumbs.redditmedia.com/KrRufqpifph7KM2Le5RdqEYQb24zbB4fizBJpFaH1Pc.jpg',
08-04 22:03:59.608 23454 26467 D OK      : request got status: 200
08-04 22:03:59.609 23454 23466 I art     : Explicit concurrent mark sweep GC freed 1011(128KB) AllocSpace objects, 13(852KB) LOS objects, 28% free, 39MB/55MB, paused 1.960ms total 50.155ms
08-04 22:03:59.622 23454 26468 I NAPPA_EXPERIMENTATION: MetricNetworkRequestExecutionTime: REQUEST_DURATION_SYSTEM='928',REQUEST_DURATION_OKHTTP='927',REQUEST_SYNCHRONOUS='TRUE',RESPONSE_CODE='200',RESPONSE_METHOD='GET',RESPONSE_LENGTH_OKHTTP='5579',RESPONSE_LENGTH_HEADER='5579',REQUEST_PROTOCOL='h2',REQUEST_URL='https://b.thumbs.redditmedia.com/u2qz17QE3X5G7kkJrgK3HPCdxNQxNkhaWqfIhCuRMvE.jpg',
08-04 22:03:59.622 23454 26468 D OK      : request got status: 200
08-04 22:03:59.628 23454 23466 I art     : Starting a blocking GC Explicit
08-04 22:03:59.661 23454 26469 I NAPPA_EXPERIMENTATION: MetricNetworkRequestExecutionTime: REQUEST_DURATION_SYSTEM='965',REQUEST_DURATION_OKHTTP='384',REQUEST_SYNCHRONOUS='TRUE',RESPONSE_CODE='200',RESPONSE_METHOD='GET',RESPONSE_LENGTH_OKHTTP='2696',RESPONSE_LENGTH_HEADER='2696',REQUEST_PROTOCOL='h2',REQUEST_URL='https://v.redd.it/syww111dtjd51/DASHPlaylist.mpd',
08-04 22:03:59.661 23454 26469 D OK      : request got status: 200
08-04 22:03:59.681 23454 23466 I art     : Explicit concurrent mark sweep GC freed 1245(169KB) AllocSpace objects, 16(800KB) LOS objects, 28% free, 39MB/55MB, paused 1.347ms total 52.710ms
08-04 22:03:59.688 23454 26475 I NAPPA_EXPERIMENTATION: MetricNetworkRequestExecutionTime: REQUEST_DURATION_SYSTEM='973',REQUEST_DURATION_OKHTTP='396',REQUEST_SYNCHRONOUS='TRUE',RESPONSE_CODE='200',RESPONSE_METHOD='GET',RESPONSE_LENGTH_OKHTTP='1713',RESPONSE_LENGTH_HEADER='1713',REQUEST_PROTOCOL='h2',REQUEST_URL='https://v.redd.it/ggz4fyth6hd51/DASHPlaylist.mpd',
08-04 22:03:59.688 23454 26455 I NAPPA_EXPERIMENTATION: MetricNetworkRequestExecutionTime: REQUEST_DURATION_SYSTEM='1034',REQUEST_DURATION_OKHTTP='353',REQUEST_SYNCHRONOUS='TRUE',RESPONSE_CODE='200',RESPONSE_METHOD='GET',RESPONSE_LENGTH_OKHTTP='5641',RESPONSE_LENGTH_HEADER='5641',REQUEST_PROTOCOL='h2',REQUEST_URL='https://a.thumbs.redditmedia.com/P4gSGpXpi2wDXthNZ-LiwEs5Jvplm6dQ7W7Isqa7un4.jpg',
08-04 22:03:59.688 23454 26455 D OK      : request got status: 200
08-04 22:03:59.688 23454 26475 D OK      : request got status: 200
08-04 22:03:59.709 23454 26469 I RedditVideosAPI: For 'https://v.redd.it/syww111dtjd51/DASHPlaylist.mpd', got video stream 'https://v.redd.it/syww111dtjd51/DASH_480' and audio stream 'https://v.redd.it/syww111dtjd51/audio'
08-04 22:03:59.720 23454 26478 I NAPPA_EXPERIMENTATION: MetricNetworkRequestExecutionTime: REQUEST_DURATION_SYSTEM='999',REQUEST_DURATION_OKHTTP='391',REQUEST_SYNCHRONOUS='TRUE',RESPONSE_CODE='200',RESPONSE_METHOD='GET',RESPONSE_LENGTH_OKHTTP='3058',RESPONSE_LENGTH_HEADER='3058',REQUEST_PROTOCOL='h2',REQUEST_URL='https://v.redd.it/t81s8zfz9ld51/DASHPlaylist.mpd',
08-04 22:03:59.720 23454 26478 D OK      : request got status: 200
08-04 22:03:59.744 23454 26480 I NAPPA_EXPERIMENTATION: MetricNetworkRequestExecutionTime: REQUEST_DURATION_SYSTEM='1018',REQUEST_DURATION_OKHTTP='391',REQUEST_SYNCHRONOUS='TRUE',RESPONSE_CODE='200',RESPONSE_METHOD='GET',RESPONSE_LENGTH_OKHTTP='2344',RESPONSE_LENGTH_HEADER='2344',REQUEST_PROTOCOL='h2',REQUEST_URL='https://v.redd.it/ue0jdgk9zhd51/DASHPlaylist.mpd',
08-04 22:03:59.744 23454 26480 D OK      : request got status: 200
08-04 22:03:59.751 23454 26443 I NAPPA_EXPERIMENTATION: MetricNetworkRequestExecutionTime: REQUEST_DURATION_SYSTEM='1168',REQUEST_DURATION_OKHTTP='790',REQUEST_SYNCHRONOUS='TRUE',RESPONSE_CODE='200',RESPONSE_METHOD='GET',RESPONSE_LENGTH_OKHTTP='5191',RESPONSE_LENGTH_HEADER='5191',REQUEST_PROTOCOL='h2',REQUEST_URL='https://b.thumbs.redditmedia.com/Xdo4lcQOwuUNK1yxSlXZ0OI8u23ORAr16_AzfAZ1nvU.jpg',
08-04 22:03:59.751 23454 26443 D OK      : request got status: 200
08-04 22:03:59.762 23454 26477 I NAPPA_EXPERIMENTATION: MetricNetworkRequestExecutionTime: REQUEST_DURATION_SYSTEM='1043',REQUEST_DURATION_OKHTTP='390',REQUEST_SYNCHRONOUS='TRUE',RESPONSE_CODE='200',RESPONSE_METHOD='GET',RESPONSE_LENGTH_OKHTTP='2071',RESPONSE_LENGTH_HEADER='2071',REQUEST_PROTOCOL='h2',REQUEST_URL='https://v.redd.it/jk6cwef4wld51/DASHPlaylist.mpd',
08-04 22:03:59.762 23454 26477 D OK      : request got status: 200
08-04 22:03:59.767 23454 26475 I RedditVideosAPI: For 'https://v.redd.it/ggz4fyth6hd51/DASHPlaylist.mpd', got video stream 'https://v.redd.it/ggz4fyth6hd51/DASH_360' and audio stream 'null'
08-04 22:03:59.767 23454 26479 I NAPPA_EXPERIMENTATION: MetricNetworkRequestExecutionTime: REQUEST_DURATION_SYSTEM='1044',REQUEST_DURATION_OKHTTP='381',REQUEST_SYNCHRONOUS='TRUE',RESPONSE_CODE='200',RESPONSE_METHOD='GET',RESPONSE_LENGTH_OKHTTP='2071',RESPONSE_LENGTH_HEADER='2071',REQUEST_PROTOCOL='h2',REQUEST_URL='https://v.redd.it/xd6c4yyutgd51/DASHPlaylist.mpd',
08-04 22:03:59.767 23454 26479 D OK      : request got status: 200
08-04 22:03:59.776 23454 26478 I RedditVideosAPI: For 'https://v.redd.it/t81s8zfz9ld51/DASHPlaylist.mpd', got video stream 'https://v.redd.it/t81s8zfz9ld51/DASH_480' and audio stream 'https://v.redd.it/t81s8zfz9ld51/audio'
08-04 22:03:59.783 23454 26476 I NAPPA_EXPERIMENTATION: MetricNetworkRequestExecutionTime: REQUEST_DURATION_SYSTEM='1067',REQUEST_DURATION_OKHTTP='397',REQUEST_SYNCHRONOUS='TRUE',RESPONSE_CODE='200',RESPONSE_METHOD='GET',RESPONSE_LENGTH_OKHTTP='2427',RESPONSE_LENGTH_HEADER='2427',REQUEST_PROTOCOL='h2',REQUEST_URL='https://v.redd.it/psrknoobrgd51/DASHPlaylist.mpd',
08-04 22:03:59.783 23454 26476 D OK      : request got status: 200
08-04 22:03:59.783 23454 26470 I NAPPA_EXPERIMENTATION: MetricNetworkRequestExecutionTime: REQUEST_DURATION_SYSTEM='1085',REQUEST_DURATION_OKHTTP='404',REQUEST_SYNCHRONOUS='TRUE',RESPONSE_CODE='200',RESPONSE_METHOD='GET',RESPONSE_LENGTH_OKHTTP='2071',RESPONSE_LENGTH_HEADER='2071',REQUEST_PROTOCOL='h2',REQUEST_URL='https://v.redd.it/pbqrrfb3tkd51/DASHPlaylist.mpd',
08-04 22:03:59.783 23454 26470 D OK      : request got status: 200
08-04 22:03:59.788 23454 26474 I NAPPA_EXPERIMENTATION: MetricNetworkRequestExecutionTime: REQUEST_DURATION_SYSTEM='1076',REQUEST_DURATION_OKHTTP='411',REQUEST_SYNCHRONOUS='TRUE',RESPONSE_CODE='200',RESPONSE_METHOD='GET',RESPONSE_LENGTH_OKHTTP='-1',RESPONSE_LENGTH_HEADER='377',REQUEST_PROTOCOL='h2',REQUEST_URL='https://api.imgur.com/3/image/nLQR2hT',
08-04 22:03:59.788 23454 26474 D OK      : request got status: 200
08-04 22:03:59.789 23454 26471 I NAPPA_EXPERIMENTATION: MetricNetworkRequestExecutionTime: REQUEST_DURATION_SYSTEM='1088',REQUEST_DURATION_OKHTTP='403',REQUEST_SYNCHRONOUS='TRUE',RESPONSE_CODE='200',RESPONSE_METHOD='GET',RESPONSE_LENGTH_OKHTTP='3060',RESPONSE_LENGTH_HEADER='3060',REQUEST_PROTOCOL='h2',REQUEST_URL='https://v.redd.it/rrygsb8i4ld51/DASHPlaylist.mpd',
08-04 22:03:59.789 23454 26471 D OK      : request got status: 200
08-04 22:03:59.806 23454 26473 I NAPPA_EXPERIMENTATION: MetricNetworkRequestExecutionTime: REQUEST_DURATION_SYSTEM='1100',REQUEST_DURATION_OKHTTP='397',REQUEST_SYNCHRONOUS='TRUE',RESPONSE_CODE='200',RESPONSE_METHOD='GET',RESPONSE_LENGTH_OKHTTP='2700',RESPONSE_LENGTH_HEADER='2700',REQUEST_PROTOCOL='h2',REQUEST_URL='https://v.redd.it/75en73fm5id51/DASHPlaylist.mpd',
08-04 22:03:59.806 23454 26473 D OK      : request got status: 200
08-04 22:03:59.811 23454 26472 I NAPPA_EXPERIMENTATION: MetricNetworkRequestExecutionTime: REQUEST_DURATION_SYSTEM='1107',REQUEST_DURATION_OKHTTP='437',REQUEST_SYNCHRONOUS='TRUE',RESPONSE_CODE='200',RESPONSE_METHOD='GET',RESPONSE_LENGTH_OKHTTP='2789',RESPONSE_LENGTH_HEADER='2789',REQUEST_PROTOCOL='h2',REQUEST_URL='https://v.redd.it/5x6zzipz8ld51/DASHPlaylist.mpd',
08-04 22:03:59.811 23454 26472 D OK      : request got status: 200
08-04 22:03:59.854 23454 26480 I RedditVideosAPI: For 'https://v.redd.it/ue0jdgk9zhd51/DASHPlaylist.mpd', got video stream 'https://v.redd.it/ue0jdgk9zhd51/DASH_360' and audio stream 'https://v.redd.it/ue0jdgk9zhd51/audio'
08-04 22:03:59.867 24365  9563 I NetworkScheduler.Stats: Task com.google.android.apps.gcs/ started execution. cause:4 exec_start_elapsed_seconds: 1725243 [CONTEXT service_id=218 ]
08-04 22:03:59.868 25784 26518 W Gcs.WfaEliRefreshTask: [25191] afk.b: NULL eligibility response.
08-04 22:03:59.871 24365  9563 I NetworkScheduler.Stats: Task com.google.android.apps.gcs/ finished executing. cause:4 result: 3 elapsed_millis: 9 uptime_millis: 8 exec_start_elapsed_seconds: 1725243 [CONTEXT service_id=218 ]
08-04 22:03:59.883 23454 26477 I RedditVideosAPI: For 'https://v.redd.it/jk6cwef4wld51/DASHPlaylist.mpd', got video stream 'https://v.redd.it/jk6cwef4wld51/DASH_480' and audio stream 'null'
08-04 22:03:59.889 24365  9563 I NetworkScheduler.Stats: Task com.google.android.apps.gcs/ started execution. cause:5 exec_start_elapsed_seconds: 1725243 [CONTEXT service_id=218 ]
08-04 22:03:59.931 23454 26479 I RedditVideosAPI: For 'https://v.redd.it/xd6c4yyutgd51/DASHPlaylist.mpd', got video stream 'https://v.redd.it/xd6c4yyutgd51/DASH_480' and audio stream 'null'
08-04 22:03:59.941 23454 26476 I RedditVideosAPI: For 'https://v.redd.it/psrknoobrgd51/DASHPlaylist.mpd', got video stream 'https://v.redd.it/psrknoobrgd51/DASH_480' and audio stream 'null'
08-04 22:03:59.948 23454 26470 I RedditVideosAPI: For 'https://v.redd.it/pbqrrfb3tkd51/DASHPlaylist.mpd', got video stream 'https://v.redd.it/pbqrrfb3tkd51/DASH_480' and audio stream 'null'
08-04 22:03:59.954 23454 26471 I RedditVideosAPI: For 'https://v.redd.it/rrygsb8i4ld51/DASHPlaylist.mpd', got video stream 'https://v.redd.it/rrygsb8i4ld51/DASH_480' and audio stream 'https://v.redd.it/rrygsb8i4ld51/audio'
08-04 22:03:59.961 24365  7398 I NetworkScheduler.Stats: Task com.google.android.apps.gcs/ finished executing. cause:5 result: 1 elapsed_millis: 75 uptime_millis: 75 exec_start_elapsed_seconds: 1725243 [CONTEXT service_id=218 ]
08-04 22:03:59.963 23454 26472 I RedditVideosAPI: For 'https://v.redd.it/5x6zzipz8ld51/DASHPlaylist.mpd', got video stream 'https://v.redd.it/5x6zzipz8ld51/DASH_480' and audio stream 'null'
08-04 22:03:59.995 23454 26473 I RedditVideosAPI: For 'https://v.redd.it/75en73fm5id51/DASHPlaylist.mpd', got video stream 'https://v.redd.it/75en73fm5id51/DASH_480' and audio stream 'https://v.redd.it/75en73fm5id51/audio'
08-04 22:04:00.016 23454 25938 I art     : Starting a blocking GC Explicit
08-04 22:04:00.068 23454 25938 I art     : Explicit concurrent mark sweep GC freed 8301(1118KB) AllocSpace objects, 48(2MB) LOS objects, 28% free, 39MB/55MB, paused 555us total 51.267ms
08-04 22:04:00.088 23454 25938 I art     : Starting a blocking GC Explicit
08-04 22:04:00.134 23454 25938 I art     : Explicit concurrent mark sweep GC freed 357(12KB) AllocSpace objects, 0(0B) LOS objects, 28% free, 39MB/55MB, paused 520us total 45.951ms
08-04 22:04:00.154 23454 25938 I art     : Starting a blocking GC Explicit
08-04 22:04:00.205 23454 25938 I art     : Explicit concurrent mark sweep GC freed 3(96B) AllocSpace objects, 0(0B) LOS objects, 28% free, 39MB/55MB, paused 558us total 50.698ms
08-04 22:04:00.225 23454 25938 I art     : Starting a blocking GC Explicit
08-04 22:04:00.281 23454 25938 I art     : Explicit concurrent mark sweep GC freed 3(96B) AllocSpace objects, 0(0B) LOS objects, 28% free, 39MB/55MB, paused 594us total 56.079ms
08-04 22:04:00.301 23454 25938 I art     : Starting a blocking GC Explicit
08-04 22:04:00.364 23454 25938 I art     : Explicit concurrent mark sweep GC freed 3(96B) AllocSpace objects, 0(0B) LOS objects, 28% free, 39MB/55MB, paused 645us total 61.814ms
08-04 22:04:00.511 13866 13882 I PeriodicStatsRunner: PeriodicStatsRunner.call():175 call()
08-04 22:04:00.512 13866 13882 I PeriodicStatsRunner: PeriodicStatsRunner.call():179 No submit PeriodicStats since input started.
08-04 22:04:00.749 23454 23517 I art     : Starting a blocking GC Explicit
08-04 22:04:00.802 23454 23517 I art     : Explicit concurrent mark sweep GC freed 1361(83KB) AllocSpace objects, 1(20KB) LOS objects, 28% free, 39MB/55MB, paused 555us total 52.225ms
08-04 22:04:00.821 23454 23517 I art     : Starting a blocking GC Explicit
08-04 22:04:00.875 23454 23517 I art     : Explicit concurrent mark sweep GC freed 20(704B) AllocSpace objects, 0(0B) LOS objects, 28% free, 39MB/55MB, paused 560us total 53.805ms
08-04 22:04:00.895 23454 23517 I art     : Starting a blocking GC Explicit
08-04 22:04:00.949 23454 23517 I art     : Explicit concurrent mark sweep GC freed 3(96B) AllocSpace objects, 0(0B) LOS objects, 28% free, 39MB/55MB, paused 586us total 54.119ms
08-04 22:04:00.969 23454 23517 I art     : Starting a blocking GC Explicit
08-04 22:04:01.020 23454 23517 I art     : Explicit concurrent mark sweep GC freed 3(96B) AllocSpace objects, 0(0B) LOS objects, 28% free, 39MB/55MB, paused 601us total 50.853ms
08-04 22:04:01.040 23454 23517 I art     : Starting a blocking GC Explicit
08-04 22:04:01.094 23454 23517 I art     : Explicit concurrent mark sweep GC freed 3(96B) AllocSpace objects, 0(0B) LOS objects, 28% free, 39MB/55MB, paused 577us total 53.981ms
08-04 22:04:01.160 26528 26528 D AndroidRuntime: >>>>>> START com.android.internal.os.RuntimeInit uid 2000 <<<<<<
08-04 22:04:01.167 26528 26528 D AndroidRuntime: CheckJNI is OFF
08-04 22:04:01.214 26528 26528 D ICU     : No timezone override file found: /data/misc/zoneinfo/current/icu/icu_tzdata.dat
08-04 22:04:01.261 26528 26528 I Radio-JNI: register_android_hardware_Radio DONE
08-04 22:04:01.289 26528 26528 D AndroidRuntime: Calling main entry com.android.commands.input.Input
08-04 22:04:01.292 26528 26528 I Input   : injectMotionEvent: MotionEvent { action=ACTION_DOWN, actionButton=0, id[0]=0, x[0]=1340.0, y[0]=1100.0, toolType[0]=TOOL_TYPE_UNKNOWN, buttonState=0, metaState=0, flags=0x0, edgeFlags=0x0, pointerCount=1, historySize=0, eventTime=741857705, downTime=741857705, deviceId=0, source=0x1002 }
08-04 22:04:01.300 26528 26528 I Input   : injectMotionEvent: MotionEvent { action=ACTION_UP, actionButton=0, id[0]=0, x[0]=1340.0, y[0]=1100.0, toolType[0]=TOOL_TYPE_UNKNOWN, buttonState=0, metaState=0, flags=0x0, edgeFlags=0x0, pointerCount=1, historySize=0, eventTime=741857705, downTime=741857705, deviceId=0, source=0x1002 }
08-04 22:04:01.302 26528 26528 D AndroidRuntime: Shutting down VM
08-04 22:04:01.315   512  2967 D audio_hw_primary: out_set_parameters: enter: usecase(1: low-latency-playback) kvpairs: routing=2
08-04 22:04:01.315   918  3696 I ActivityManager: START u0 {dat=https://oauth.reddit.com/... cmp=baseline.org.quantumbadger.redreader/.activities.CommentListingActivity} from uid 10666 on display 0
08-04 22:04:01.329   512  2967 D audio_hw_primary: select_devices: out_snd_device(2: speaker) in_snd_device(0: none)
08-04 22:04:01.329   512  2967 D msm8974_platform: platform_send_audio_calibration: sending audio calibration for snd_device(2) acdb_id(15)
08-04 22:04:01.329   512  2967 I soundtrigger: audio_extn_sound_trigger_update_device_status: device 0x2 of type 0 for Event 1
08-04 22:04:01.340   512  2967 D audio_hw_primary: enable_snd_device: snd_device(2: speaker)
08-04 22:04:01.342 23454 23454 I AppCompatViewInflater: app:theme is now deprecated. Please move to using android:theme instead.
08-04 22:04:01.344   512  2967 D audio_hw_primary: enable_audio_route: apply and update mixer path: low-latency-playback speaker
08-04 22:04:01.363 23454 26565 D OK      : calling: https://oauth.reddit.com/comments/hzejrd/.json?sort=confidence
08-04 22:04:01.460 23454 25938 I art     : Starting a blocking GC Explicit
08-04 22:04:01.470   918   936 I ActivityManager: Displayed baseline.org.quantumbadger.redreader/.activities.CommentListingActivity: +146ms
08-04 22:04:01.471 13866 13866 I GoogleInputMethodServic: GoogleInputMethodService.onFinishInput():3138 
08-04 22:04:01.472 13866 13866 I GoogleInputMethodServic: GoogleInputMethodService.onStartInput():1808 
08-04 22:04:01.524 23454 25938 I art     : Explicit concurrent mark sweep GC freed 4388(255KB) AllocSpace objects, 1(20KB) LOS objects, 28% free, 39MB/55MB, paused 593us total 62.759ms
08-04 22:04:01.542 23454 25938 I art     : Starting a blocking GC Explicit
08-04 22:04:01.588 23454 25938 I art     : Explicit concurrent mark sweep GC freed 9174(898KB) AllocSpace objects, 17(2MB) LOS objects, 30% free, 37MB/53MB, paused 632us total 46.219ms
08-04 22:04:01.607 23454 25938 I art     : Starting a blocking GC Explicit
08-04 22:04:01.652 23454 25938 I art     : Explicit concurrent mark sweep GC freed 90(3KB) AllocSpace objects, 0(0B) LOS objects, 30% free, 37MB/53MB, paused 556us total 44.842ms
08-04 22:04:01.674 23454 25938 I art     : Starting a blocking GC Explicit
08-04 22:04:01.719 23454 26565 I NAPPA_EXPERIMENTATION: MetricNetworkRequestExecutionTime: REQUEST_DURATION_SYSTEM='356',REQUEST_DURATION_OKHTTP='148',REQUEST_SYNCHRONOUS='TRUE',RESPONSE_CODE='200',RESPONSE_METHOD='GET',RESPONSE_LENGTH_OKHTTP='-1',RESPONSE_LENGTH_HEADER='45890',REQUEST_PROTOCOL='h2',REQUEST_URL='https://oauth.reddit.com/comments/hzejrd/.json?sort=confidence',
08-04 22:04:01.720 23454 26565 D OK      : request got status: 200
08-04 22:04:01.725 23454 24028 I CommentListingActivity: COMMENTS session changed to 3c7f6644-3791-412a-8b59-b118469a877b
08-04 22:04:01.727   380   380 W SurfaceFlinger: couldn't log to binary event log: overflow.
08-04 22:04:01.735 23454 25938 I art     : Explicit concurrent mark sweep GC freed 662(66KB) AllocSpace objects, 0(0B) LOS objects, 29% free, 37MB/53MB, paused 978us total 60.586ms
08-04 22:04:01.754 23454 25938 I art     : Starting a blocking GC Explicit
08-04 22:04:01.804 23454 25938 I art     : Explicit concurrent mark sweep GC freed 2853(156KB) AllocSpace objects, 0(0B) LOS objects, 29% free, 37MB/53MB, paused 1.136ms total 48.978ms
08-04 22:04:01.889   512  2967 D audio_hw_primary: disable_audio_route: reset and update mixer path: low-latency-playback speaker
08-04 22:04:01.890   512  2967 D audio_hw_primary: disable_snd_device: snd_device(2: speaker)
08-04 22:04:01.899   512  2967 I soundtrigger: audio_extn_sound_trigger_update_device_status: device 0x2 of type 0 for Event 0
08-04 22:04:02.122 23454 25938 I art     : Starting a blocking GC Explicit
08-04 22:04:02.182 23454 25938 I art     : Explicit concurrent mark sweep GC freed 39039(2031KB) AllocSpace objects, 3(156KB) LOS objects, 29% free, 39MB/55MB, paused 480us total 59.800ms
08-04 22:04:02.202 23454 25938 I art     : Starting a blocking GC Explicit
08-04 22:04:02.256 23454 25938 I art     : Explicit concurrent mark sweep GC freed 1007(48KB) AllocSpace objects, 0(0B) LOS objects, 29% free, 39MB/55MB, paused 535us total 54.007ms
08-04 22:04:02.276 23454 25938 I art     : Starting a blocking GC Explicit
08-04 22:04:02.331 23454 25938 I art     : Explicit concurrent mark sweep GC freed 3(96B) AllocSpace objects, 0(0B) LOS objects, 29% free, 39MB/55MB, paused 461us total 54.918ms
08-04 22:04:02.351 23454 25938 I art     : Starting a blocking GC Explicit
08-04 22:04:02.409 23454 25938 I art     : Explicit concurrent mark sweep GC freed 3(96B) AllocSpace objects, 0(0B) LOS objects, 29% free, 39MB/55MB, paused 516us total 57.372ms
08-04 22:04:02.430 23454 25938 I art     : Starting a blocking GC Explicit
08-04 22:04:02.488 23454 25938 I art     : Explicit concurrent mark sweep GC freed 3(96B) AllocSpace objects, 0(0B) LOS objects, 29% free, 39MB/55MB, paused 482us total 58.569ms
08-04 22:04:02.822 23454 23517 I art     : Starting a blocking GC Explicit
08-04 22:04:02.907 23454 23517 I art     : Explicit concurrent mark sweep GC freed 1358(82KB) AllocSpace objects, 1(20KB) LOS objects, 29% free, 39MB/55MB, paused 607us total 84.559ms
08-04 22:04:02.931 23454 23517 I art     : Starting a blocking GC Explicit
08-04 22:04:03.000 23454 23517 I art     : Explicit concurrent mark sweep GC freed 66(2528B) AllocSpace objects, 0(0B) LOS objects, 29% free, 39MB/55MB, paused 553us total 68.251ms
08-04 22:04:03.021 23454 23517 I art     : Starting a blocking GC Explicit
08-04 22:04:03.093 23454 23517 I art     : Explicit concurrent mark sweep GC freed 3(96B) AllocSpace objects, 0(0B) LOS objects, 29% free, 39MB/55MB, paused 548us total 71.238ms
08-04 22:04:03.094 23454 23465 I art     : WaitForGcToComplete blocked for 70.526ms for cause HeapTrim
08-04 22:04:03.116 23454 23517 I art     : Starting a blocking GC Explicit
08-04 22:04:03.186 23454 23517 I art     : Explicit concurrent mark sweep GC freed 3(96B) AllocSpace objects, 0(0B) LOS objects, 29% free, 39MB/55MB, paused 558us total 69.752ms
08-04 22:04:03.207 23454 23517 I art     : Starting a blocking GC Explicit
08-04 22:04:03.278 23454 23517 I art     : Explicit concurrent mark sweep GC freed 3(96B) AllocSpace objects, 0(0B) LOS objects, 29% free, 39MB/55MB, paused 599us total 70.152ms
08-04 22:04:03.645 23454 25938 I art     : Starting a blocking GC Explicit
08-04 22:04:03.736 23454 25938 I art     : Explicit concurrent mark sweep GC freed 1356(82KB) AllocSpace objects, 1(20KB) LOS objects, 29% free, 39MB/55MB, paused 612us total 89.735ms
08-04 22:04:03.759 23454 25938 I art     : Starting a blocking GC Explicit
08-04 22:04:03.828 23454 25938 I art     : Explicit concurrent mark sweep GC freed 20(704B) AllocSpace objects, 0(0B) LOS objects, 29% free, 39MB/55MB, paused 637us total 68.522ms
08-04 22:04:03.849 23454 25938 I art     : Starting a blocking GC Explicit
08-04 22:04:03.919 23454 25938 I art     : Explicit concurrent mark sweep GC freed 3(96B) AllocSpace objects, 0(0B) LOS objects, 29% free, 39MB/55MB, paused 567us total 69.498ms
08-04 22:04:03.940 23454 25938 I art     : Starting a blocking GC Explicit
08-04 22:04:04.010 23454 25938 I art     : Explicit concurrent mark sweep GC freed 3(96B) AllocSpace objects, 0(0B) LOS objects, 29% free, 39MB/55MB, paused 550us total 69.434ms
08-04 22:04:04.032 23454 25938 I art     : Starting a blocking GC Explicit
08-04 22:04:04.100 23454 25938 I art     : Explicit concurrent mark sweep GC freed 3(96B) AllocSpace objects, 0(0B) LOS objects, 29% free, 39MB/55MB, paused 581us total 67.795ms
08-04 22:04:04.475 23454 23973 I art     : Starting a blocking GC Explicit
08-04 22:04:04.562 23454 23973 I art     : Explicit concurrent mark sweep GC freed 1354(82KB) AllocSpace objects, 1(20KB) LOS objects, 29% free, 39MB/55MB, paused 609us total 86.351ms
08-04 22:04:04.587 23454 23973 I art     : Starting a blocking GC Explicit
08-04 22:04:04.661 23454 23973 I art     : Explicit concurrent mark sweep GC freed 20(704B) AllocSpace objects, 0(0B) LOS objects, 29% free, 39MB/55MB, paused 578us total 73.798ms
08-04 22:04:04.685 23454 23973 I art     : Starting a blocking GC Explicit
08-04 22:04:04.755 23454 23973 I art     : Explicit concurrent mark sweep GC freed 3(96B) AllocSpace objects, 0(0B) LOS objects, 29% free, 39MB/55MB, paused 583us total 69.980ms
08-04 22:04:04.779 23454 23973 I art     : Starting a blocking GC Explicit
08-04 22:04:04.847 23454 23973 I art     : Explicit concurrent mark sweep GC freed 3(96B) AllocSpace objects, 0(0B) LOS objects, 29% free, 39MB/55MB, paused 569us total 67.725ms
08-04 22:04:04.868 23454 23973 I art     : Starting a blocking GC Explicit
08-04 22:04:04.938 23454 23973 I art     : Explicit concurrent mark sweep GC freed 3(96B) AllocSpace objects, 0(0B) LOS objects, 29% free, 39MB/55MB, paused 591us total 69.796ms
08-04 22:04:05.285 23454 23466 I art     : Starting a blocking GC Explicit
08-04 22:04:05.362 23454 23466 I art     : Explicit concurrent mark sweep GC freed 1354(82KB) AllocSpace objects, 1(20KB) LOS objects, 29% free, 39MB/55MB, paused 575us total 76.410ms
08-04 22:04:05.386 23454 23466 I art     : Starting a blocking GC Explicit
08-04 22:04:05.455 23454 23466 I art     : Explicit concurrent mark sweep GC freed 20(704B) AllocSpace objects, 0(0B) LOS objects, 29% free, 39MB/55MB, paused 553us total 68.563ms
08-04 22:04:05.476 23454 23466 I art     : Starting a blocking GC Explicit
08-04 22:04:05.550 23454 23466 I art     : Explicit concurrent mark sweep GC freed 3(96B) AllocSpace objects, 0(0B) LOS objects, 29% free, 39MB/55MB, paused 607us total 74.089ms
08-04 22:04:05.574 23454 23466 I art     : Starting a blocking GC Explicit
08-04 22:04:05.644 23454 23466 I art     : Explicit concurrent mark sweep GC freed 3(96B) AllocSpace objects, 0(0B) LOS objects, 29% free, 39MB/55MB, paused 551us total 69.944ms
08-04 22:04:05.665 23454 23466 I art     : Starting a blocking GC Explicit
08-04 22:04:05.741 23454 23466 I art     : Explicit concurrent mark sweep GC freed 3(96B) AllocSpace objects, 0(0B) LOS objects, 29% free, 39MB/55MB, paused 597us total 76.326ms
08-04 22:04:06.117 23454 23467 I art     : Starting a blocking GC Explicit
08-04 22:04:06.201 23454 23467 I art     : Explicit concurrent mark sweep GC freed 1355(83KB) AllocSpace objects, 1(20KB) LOS objects, 29% free, 39MB/55MB, paused 609us total 83.138ms
08-04 22:04:06.225 23454 23467 I art     : Starting a blocking GC Explicit
08-04 22:04:06.299 23454 23467 I art     : Explicit concurrent mark sweep GC freed 20(704B) AllocSpace objects, 0(0B) LOS objects, 29% free, 39MB/55MB, paused 571us total 73.228ms
08-04 22:04:06.320 23454 23467 I art     : Starting a blocking GC Explicit
08-04 22:04:06.325 23454 26554 I RedditChangeDataIO: Writing tmp data file at '/data/user/0/baseline.org.quantumbadger.redreader/files/rr_change_data_tmp.dat'
08-04 22:04:06.325 23454 26554 I RedditChangeDataManager: Taking snapshot...
08-04 22:04:06.325 23454 26554 I RedditChangeDataManager: Writing to stream...
08-04 22:04:06.325 23454 26554 I RedditChangeDataManager: Wrote 6 entries for user ''
08-04 22:04:06.326 23454 26554 I RedditChangeDataManager: All entries written to stream.
08-04 22:04:06.326 23454 26554 I RedditChangeDataIO: Write successful. Atomically replacing data file...
08-04 22:04:06.326 23454 26554 I RedditChangeDataIO: Write complete.
08-04 22:04:06.326 23454 26554 I RedditChangeDataIO: 158 bytes written in 2 ms
08-04 22:04:06.391 23454 23467 I art     : Explicit concurrent mark sweep GC freed 82(4KB) AllocSpace objects, 1(68KB) LOS objects, 29% free, 39MB/55MB, paused 547us total 70.432ms
08-04 22:04:06.412 23454 23467 I art     : Starting a blocking GC Explicit
08-04 22:04:06.472 13866 13882 I PeriodicStatsRunner: PeriodicStatsRunner.call():175 call()
08-04 22:04:06.472 13866 13882 I PeriodicStatsRunner: PeriodicStatsRunner.call():179 No submit PeriodicStats since input started.
08-04 22:04:06.483 23454 23467 I art     : Explicit concurrent mark sweep GC freed 13(624B) AllocSpace objects, 0(0B) LOS objects, 29% free, 39MB/55MB, paused 490us total 70.169ms
08-04 22:04:06.504 23454 23467 I art     : Starting a blocking GC Explicit
08-04 22:04:06.573 23454 23467 I art     : Explicit concurrent mark sweep GC freed 3(96B) AllocSpace objects, 0(0B) LOS objects, 29% free, 39MB/55MB, paused 564us total 68.680ms
08-04 22:04:06.945 23454 23517 I art     : Starting a blocking GC Explicit
08-04 22:04:07.026 23454 23517 I art     : Explicit concurrent mark sweep GC freed 1593(119KB) AllocSpace objects, 1(20KB) LOS objects, 29% free, 39MB/55MB, paused 511us total 79.826ms
08-04 22:04:07.051 23454 23517 I art     : Starting a blocking GC Explicit
08-04 22:04:07.125 23454 23517 I art     : Explicit concurrent mark sweep GC freed 85(2880B) AllocSpace objects, 0(0B) LOS objects, 29% free, 39MB/55MB, paused 562us total 73.279ms
08-04 22:04:07.150 23454 23517 I art     : Starting a blocking GC Explicit
08-04 22:04:07.220 23454 23517 I art     : Explicit concurrent mark sweep GC freed 3(96B) AllocSpace objects, 0(0B) LOS objects, 29% free, 39MB/55MB, paused 511us total 69.884ms
08-04 22:04:07.234 25039 25039 I ServiceManager: Waiting for service AtCmdFwd...
08-04 22:04:07.242 23454 23517 I art     : Starting a blocking GC Explicit
08-04 22:04:07.316 23454 23517 I art     : Explicit concurrent mark sweep GC freed 3(96B) AllocSpace objects, 0(0B) LOS objects, 29% free, 39MB/55MB, paused 541us total 73.638ms
08-04 22:04:07.339 23454 23517 I art     : Starting a blocking GC Explicit
08-04 22:04:07.407 23454 23517 I art     : Explicit concurrent mark sweep GC freed 3(96B) AllocSpace objects, 0(0B) LOS objects, 29% free, 39MB/55MB, paused 517us total 67.732ms
08-04 22:04:07.752 23454 25938 I art     : Starting a blocking GC Explicit
08-04 22:04:07.816 23454 25938 I art     : Explicit concurrent mark sweep GC freed 1356(82KB) AllocSpace objects, 1(20KB) LOS objects, 29% free, 39MB/55MB, paused 503us total 63.620ms
08-04 22:04:07.836 23454 25938 I art     : Starting a blocking GC Explicit
08-04 22:04:07.899 23454 25938 I art     : Explicit concurrent mark sweep GC freed 20(704B) AllocSpace objects, 0(0B) LOS objects, 29% free, 39MB/55MB, paused 535us total 62.919ms
08-04 22:04:07.920 23454 25938 I art     : Starting a blocking GC Explicit
08-04 22:04:07.987 23454 25938 I art     : Explicit concurrent mark sweep GC freed 3(96B) AllocSpace objects, 0(0B) LOS objects, 29% free, 39MB/55MB, paused 479us total 66.093ms
08-04 22:04:08.008 23454 25938 I art     : Starting a blocking GC Explicit
08-04 22:04:08.071 23454 25938 I art     : Explicit concurrent mark sweep GC freed 3(96B) AllocSpace objects, 0(0B) LOS objects, 29% free, 39MB/55MB, paused 523us total 63.214ms
08-04 22:04:08.092 23454 25938 I art     : Starting a blocking GC Explicit
08-04 22:04:08.138 26643 26643 D AndroidRuntime: >>>>>> START com.android.internal.os.RuntimeInit uid 2000 <<<<<<
08-04 22:04:08.144 26643 26643 D AndroidRuntime: CheckJNI is OFF
08-04 22:04:08.158 23454 25938 I art     : Explicit concurrent mark sweep GC freed 3(96B) AllocSpace objects, 0(0B) LOS objects, 29% free, 39MB/55MB, paused 602us total 64.960ms
08-04 22:04:08.192 26643 26643 D ICU     : No timezone override file found: /data/misc/zoneinfo/current/icu/icu_tzdata.dat
08-04 22:04:08.234 25039 25039 I ServiceManager: Waiting for service AtCmdFwd...
08-04 22:04:08.237 26643 26643 I Radio-JNI: register_android_hardware_Radio DONE
08-04 22:04:08.266 26643 26643 D AndroidRuntime: Calling main entry com.android.commands.input.Input
08-04 22:04:08.269 26643 26643 I Input   : injectKeyEvent: KeyEvent { action=ACTION_DOWN, keyCode=KEYCODE_BACK, scanCode=0, metaState=0, flags=0x0, repeatCount=0, eventTime=741864682, downTime=741864682, deviceId=-1, source=0x101 }
08-04 22:04:08.278 26643 26643 I Input   : injectKeyEvent: KeyEvent { action=ACTION_UP, keyCode=KEYCODE_BACK, scanCode=0, metaState=0, flags=0x0, repeatCount=0, eventTime=741864682, downTime=741864682, deviceId=-1, source=0x101 }
08-04 22:04:08.285 26643 26643 D AndroidRuntime: Shutting down VM
08-04 22:04:08.326 13866 13866 I GoogleInputMethodServic: GoogleInputMethodService.onFinishInput():3138 
08-04 22:04:08.327 13866 13866 I GoogleInputMethodServic: GoogleInputMethodService.onStartInput():1808 
08-04 22:04:08.474 23454 23517 I art     : Starting a blocking GC Explicit
08-04 22:04:08.548 23454 23517 I art     : Explicit concurrent mark sweep GC freed 1622(91KB) AllocSpace objects, 1(20KB) LOS objects, 29% free, 39MB/55MB, paused 489us total 73.934ms
08-04 22:04:08.573 23454 23517 I art     : Starting a blocking GC Explicit
08-04 22:04:08.644 23454 23517 I art     : Explicit concurrent mark sweep GC freed 24(864B) AllocSpace objects, 0(0B) LOS objects, 29% free, 39MB/55MB, paused 427us total 71.119ms
08-04 22:04:08.652   380   380 W SurfaceFlinger: couldn't log to binary event log: overflow.
08-04 22:04:08.669 23454 23517 I art     : Starting a blocking GC Explicit
08-04 22:04:08.724 23454 23517 I art     : Explicit concurrent mark sweep GC freed 65(2384B) AllocSpace objects, 0(0B) LOS objects, 29% free, 39MB/55MB, paused 462us total 54.610ms
08-04 22:04:08.744 23454 23517 I art     : Starting a blocking GC Explicit
08-04 22:04:08.794 23454 23517 I art     : Explicit concurrent mark sweep GC freed 41326(2MB) AllocSpace objects, 5(140KB) LOS objects, 30% free, 36MB/52MB, paused 469us total 49.262ms
08-04 22:04:08.812 23454 23517 I art     : Starting a blocking GC Explicit
08-04 22:04:08.859 23454 23517 I art     : Explicit concurrent mark sweep GC freed 3(96B) AllocSpace objects, 0(0B) LOS objects, 30% free, 36MB/52MB, paused 484us total 46.912ms
08-04 22:04:09.203 23454 25938 I art     : Starting a blocking GC Explicit
08-04 22:04:09.235 25039 25039 I ServiceManager: Waiting for service AtCmdFwd...
08-04 22:04:09.266 23454 25938 I art     : Explicit concurrent mark sweep GC freed 1354(82KB) AllocSpace objects, 1(20KB) LOS objects, 30% free, 36MB/52MB, paused 545us total 61.927ms
08-04 22:04:09.286 23454 25938 I art     : Starting a blocking GC Explicit
08-04 22:04:09.333 23454 25938 I art     : Explicit concurrent mark sweep GC freed 20(704B) AllocSpace objects, 0(0B) LOS objects, 30% free, 36MB/52MB, paused 561us total 46.138ms
08-04 22:04:09.351 23454 25938 I art     : Starting a blocking GC Explicit
08-04 22:04:09.400 23454 25938 I art     : Explicit concurrent mark sweep GC freed 3(96B) AllocSpace objects, 0(0B) LOS objects, 30% free, 36MB/52MB, paused 522us total 48.104ms
08-04 22:04:09.423 23454 25938 I art     : Starting a blocking GC Explicit
08-04 22:04:09.469 23454 25938 I art     : Explicit concurrent mark sweep GC freed 3(96B) AllocSpace objects, 0(0B) LOS objects, 30% free, 36MB/52MB, paused 477us total 45.598ms
08-04 22:04:09.487 23454 25938 I art     : Starting a blocking GC Explicit
08-04 22:04:09.533 23454 25938 I art     : Explicit concurrent mark sweep GC freed 3(96B) AllocSpace objects, 0(0B) LOS objects, 30% free, 36MB/52MB, paused 430us total 45.049ms
08-04 22:04:09.872 23454 23467 I art     : Starting a blocking GC Explicit
08-04 22:04:09.921 23454 23467 I art     : Explicit concurrent mark sweep GC freed 1354(82KB) AllocSpace objects, 1(20KB) LOS objects, 30% free, 36MB/52MB, paused 489us total 48.764ms
08-04 22:04:09.940 23454 23467 I art     : Starting a blocking GC Explicit
08-04 22:04:09.989 23454 23467 I art     : Explicit concurrent mark sweep GC freed 20(704B) AllocSpace objects, 0(0B) LOS objects, 30% free, 36MB/52MB, paused 499us total 48.581ms
08-04 22:04:10.008 23454 23467 I art     : Starting a blocking GC Explicit
08-04 22:04:10.057 23454 23467 I art     : Explicit concurrent mark sweep GC freed 3(96B) AllocSpace objects, 0(0B) LOS objects, 30% free, 36MB/52MB, paused 601us total 49.414ms
08-04 22:04:10.065 26686 26686 D AndroidRuntime: >>>>>> START com.android.internal.os.RuntimeInit uid 2000 <<<<<<
08-04 22:04:10.071 26686 26686 D AndroidRuntime: CheckJNI is OFF
08-04 22:04:10.076 23454 23467 I art     : Starting a blocking GC Explicit
08-04 22:04:10.115 26686 26686 D ICU     : No timezone override file found: /data/misc/zoneinfo/current/icu/icu_tzdata.dat
08-04 22:04:10.122 23454 23467 I art     : Explicit concurrent mark sweep GC freed 3(96B) AllocSpace objects, 0(0B) LOS objects, 30% free, 36MB/52MB, paused 472us total 45.164ms
08-04 22:04:10.140 23454 23467 I art     : Starting a blocking GC Explicit
08-04 22:04:10.162 26686 26686 I Radio-JNI: register_android_hardware_Radio DONE
08-04 22:04:10.189 23454 23467 I art     : Explicit concurrent mark sweep GC freed 3(96B) AllocSpace objects, 0(0B) LOS objects, 30% free, 36MB/52MB, paused 519us total 48.717ms
08-04 22:04:10.192 26686 26686 D AndroidRuntime: Calling main entry com.android.commands.input.Input
08-04 22:04:10.194 26686 26686 I Input   : injectMotionEvent: MotionEvent { action=ACTION_DOWN, actionButton=0, id[0]=0, x[0]=600.0, y[0]=938.0, toolType[0]=TOOL_TYPE_UNKNOWN, buttonState=0, metaState=0, flags=0x0, edgeFlags=0x0, pointerCount=1, historySize=0, eventTime=741866606, downTime=741866606, deviceId=0, source=0x1002 }
08-04 22:04:10.202 26686 26686 I Input   : injectMotionEvent: MotionEvent { action=ACTION_UP, actionButton=0, id[0]=0, x[0]=600.0, y[0]=938.0, toolType[0]=TOOL_TYPE_UNKNOWN, buttonState=0, metaState=0, flags=0x0, edgeFlags=0x0, pointerCount=1, historySize=0, eventTime=741866606, downTime=741866606, deviceId=0, source=0x1002 }
08-04 22:04:10.208 26686 26686 D AndroidRuntime: Shutting down VM
08-04 22:04:10.220   512  2967 D audio_hw_primary: out_set_parameters: enter: usecase(1: low-latency-playback) kvpairs: routing=2
08-04 22:04:10.223   918  6111 I ActivityManager: START u0 {dat=https://gfycat.com/... cmp=baseline.org.quantumbadger.redreader/.activities.ImageViewActivity (has extras)} from uid 10666 on display 0
08-04 22:04:10.233   512  2967 D audio_hw_primary: select_devices: out_snd_device(2: speaker) in_snd_device(0: none)
08-04 22:04:10.233   512  2967 D msm8974_platform: platform_send_audio_calibration: sending audio calibration for snd_device(2) acdb_id(15)
08-04 22:04:10.233   512  2967 I soundtrigger: audio_extn_sound_trigger_update_device_status: device 0x2 of type 0 for Event 1
08-04 22:04:10.236 25039 25039 I ServiceManager: Waiting for service AtCmdFwd...
08-04 22:04:10.248 23454 23454 I ImageViewActivity: Loading URL https://gfycat.com/deadlygravecavy
08-04 22:04:10.249   512  2967 D audio_hw_primary: enable_snd_device: snd_device(2: speaker)
08-04 22:04:10.251   512  2967 D audio_hw_primary: enable_audio_route: apply and update mixer path: low-latency-playback speaker
08-04 22:04:10.256 23454 24028 I ImageViewActivity: Got image URL: https://giant.gfycat.com/DeadlyGraveCavy.mp4
08-04 22:04:10.256 23454 24028 I ImageViewActivity: Got image Type: video/mp4
08-04 22:04:10.257 23454 24028 I ImageViewActivity: Got media Type: VIDEO
08-04 22:04:10.257 23454 24028 I ImageViewActivity: Media type VIDEO detected
08-04 22:04:10.257 23454 24028 I ImageViewActivity: Proceeding with download
08-04 22:04:10.260 23454 26711 D OK      : calling: https://giant.gfycat.com/DeadlyGraveCavy.mp4
08-04 22:04:10.305 13866 13866 I GoogleInputMethodServic: GoogleInputMethodService.onFinishInput():3138 
08-04 22:04:10.306 13866 13866 I GoogleInputMethodServic: GoogleInputMethodService.onStartInput():1808 
08-04 22:04:10.344   918   936 I ActivityManager: Displayed baseline.org.quantumbadger.redreader/.activities.ImageViewActivity: +111ms
08-04 22:04:10.501 23454 23466 I art     : Starting a blocking GC Explicit
08-04 22:04:10.561 23454 23466 I art     : Explicit concurrent mark sweep GC freed 5759(346KB) AllocSpace objects, 1(20KB) LOS objects, 30% free, 36MB/52MB, paused 636us total 58.934ms
08-04 22:04:10.582 23454 23466 I art     : Starting a blocking GC Explicit
08-04 22:04:10.587   380   380 W SurfaceFlinger: couldn't log to binary event log: overflow.
08-04 22:04:10.627 23454 23466 I art     : Explicit concurrent mark sweep GC freed 270(11KB) AllocSpace objects, 0(0B) LOS objects, 30% free, 36MB/52MB, paused 520us total 45.020ms
08-04 22:04:10.645 23454 23466 I art     : Starting a blocking GC Explicit
08-04 22:04:10.649 23454 26711 I NAPPA_EXPERIMENTATION: MetricNetworkRequestExecutionTime: REQUEST_DURATION_SYSTEM='388',REQUEST_DURATION_OKHTTP='148',REQUEST_SYNCHRONOUS='TRUE',RESPONSE_CODE='200',RESPONSE_METHOD='GET',RESPONSE_LENGTH_OKHTTP='1942309',RESPONSE_LENGTH_HEADER='1942309',REQUEST_PROTOCOL='h2',REQUEST_URL='https://giant.gfycat.com/DeadlyGraveCavy.mp4',
08-04 22:04:10.649 23454 26711 D OK      : request got status: 200
08-04 22:04:10.687 23454 23466 I art     : Explicit concurrent mark sweep GC freed 284(21KB) AllocSpace objects, 0(0B) LOS objects, 30% free, 37MB/53MB, paused 689us total 42.272ms
08-04 22:04:10.706 23454 23466 I art     : Starting a blocking GC Explicit
08-04 22:04:10.751 23454 23466 I art     : Explicit concurrent mark sweep GC freed 339(18KB) AllocSpace objects, 0(0B) LOS objects, 30% free, 37MB/53MB, paused 585us total 44.901ms
08-04 22:04:10.769 23454 23466 I art     : Starting a blocking GC Explicit
08-04 22:04:10.789   512  2967 D audio_hw_primary: disable_audio_route: reset and update mixer path: low-latency-playback speaker
08-04 22:04:10.790   512  2967 D audio_hw_primary: disable_snd_device: snd_device(2: speaker)
08-04 22:04:10.798   512  2967 I soundtrigger: audio_extn_sound_trigger_update_device_status: device 0x2 of type 0 for Event 0
08-04 22:04:10.811 23454 23466 I art     : Explicit concurrent mark sweep GC freed 344(21KB) AllocSpace objects, 0(0B) LOS objects, 29% free, 37MB/53MB, paused 546us total 41.097ms
08-04 22:04:11.059 23454 23454 I ImageViewActivity: Playing video using ExoPlayer
08-04 22:04:11.095 23454 23454 I ExoPlayerImpl: Init c6651cb [ExoPlayerLib/2.10.8] [angler, Nexus 6P, Huawei, 23]
08-04 22:04:11.140 23454 23973 I art     : Starting a blocking GC Explicit
08-04 22:04:11.195 23454 23973 I art     : Explicit concurrent mark sweep GC freed 6469(1677KB) AllocSpace objects, 5(240KB) LOS objects, 29% free, 38MB/54MB, paused 1.622ms total 53.950ms
08-04 22:04:11.212 23454 23973 I art     : Starting a blocking GC Explicit
08-04 22:04:11.221 23454 26736 W VideoCapabilities: Unrecognized profile 2130706433 for video/avc
08-04 22:04:11.236 25039 25039 I ServiceManager: Waiting for service AtCmdFwd...
08-04 22:04:11.254 23454 26736 I VideoCapabilities: Unsupported profile 4 for video/mp4v-es
08-04 22:04:11.260 23454 23973 I art     : Explicit concurrent mark sweep GC freed 4738(240KB) AllocSpace objects, 2(84KB) LOS objects, 29% free, 38MB/54MB, paused 791us total 47.383ms
08-04 22:04:11.269 23454 26739 I OMXClient: Using client-side OMX mux.
08-04 22:04:11.279 23454 23973 I art     : Starting a blocking GC Explicit
08-04 22:04:11.324 23454 23973 I art     : Explicit concurrent mark sweep GC freed 1183(45KB) AllocSpace objects, 0(0B) LOS objects, 28% free, 39MB/55MB, paused 575us total 44.954ms
08-04 22:04:11.342 23454 23973 I art     : Starting a blocking GC Explicit
08-04 22:04:11.347   512 12931 I OMX-VDEC-1080P: component_init: OMX.qcom.video.decoder.avc : fd=49
08-04 22:04:11.347   512 12931 I OMX-VDEC-1080P: Capabilities: driver_name = msm_vidc_driver, card = msm_vdec_8974, bus_info = , version = 1, capabilities = 4003000
08-04 22:04:11.352   512 12931 I OMX-VDEC-1080P: Enabling default extradata for OMX.qcom.video.decoder.avc
08-04 22:04:11.355   512 12931 I OMX-VDEC-1080P: omx_vdec::component_init() success : fd=49
08-04 22:04:11.358 23454 26738 I MediaCodec: [OMX.qcom.video.decoder.avc] setting surface generation to 24016897
08-04 22:04:11.360   512  3269 E OMX-VDEC-1080P: Extension: OMX.google.android.index.storeANWBufferInMetadata not implemented
08-04 22:04:11.386 23454 26739 D SurfaceUtils: set up nativeWindow 0x7f7c226210 for 360x306, color 0x7fa30c04, rotation 0, usage 0x42002900
08-04 22:04:11.388 23454 23973 I art     : Explicit concurrent mark sweep GC freed 51(1904B) AllocSpace objects, 0(0B) LOS objects, 28% free, 39MB/55MB, paused 624us total 46.295ms
08-04 22:04:11.409 23454 23973 I art     : Starting a blocking GC Explicit
08-04 22:04:11.419 23454 26739 D SurfaceUtils: set up nativeWindow 0x7f7c226210 for 368x320, color 0x7fa30c04, rotation 0, usage 0x42002900
08-04 22:04:11.456 23454 23973 I art     : Explicit concurrent mark sweep GC freed 156(43KB) AllocSpace objects, 0(0B) LOS objects, 28% free, 40MB/56MB, paused 717us total 46.083ms
08-04 22:04:11.792 23454 23973 I art     : Starting a blocking GC Explicit
08-04 22:04:11.848 23454 23973 I art     : Explicit concurrent mark sweep GC freed 1605(101KB) AllocSpace objects, 2(88KB) LOS objects, 28% free, 40MB/56MB, paused 799us total 55.508ms
08-04 22:04:11.867 23454 23973 I art     : Starting a blocking GC Explicit
08-04 22:04:11.919 23454 23973 I art     : Explicit concurrent mark sweep GC freed 47(1728B) AllocSpace objects, 0(0B) LOS objects, 28% free, 40MB/56MB, paused 596us total 51.893ms
08-04 22:04:11.939 23454 23973 I art     : Starting a blocking GC Explicit
08-04 22:04:11.991 23454 23973 I art     : Explicit concurrent mark sweep GC freed 31(1136B) AllocSpace objects, 0(0B) LOS objects, 28% free, 40MB/56MB, paused 582us total 51.354ms
08-04 22:04:12.010 23454 23973 I art     : Starting a blocking GC Explicit
08-04 22:04:12.063 23454 23973 I art     : Explicit concurrent mark sweep GC freed 25(880B) AllocSpace objects, 0(0B) LOS objects, 28% free, 40MB/56MB, paused 582us total 52.771ms
08-04 22:04:12.083 23454 23973 I art     : Starting a blocking GC Explicit
08-04 22:04:12.132 23454 23973 I art     : Explicit concurrent mark sweep GC freed 23(912B) AllocSpace objects, 0(0B) LOS objects, 28% free, 40MB/56MB, paused 553us total 49.021ms
08-04 22:04:12.236 25039 25039 W Atfwd_Sendcmd: AtCmdFwd service not published, waiting... retryCnt : 5
08-04 22:04:12.497 23454 23973 I art     : Starting a blocking GC Explicit
08-04 22:04:12.550 23454 23973 I art     : Explicit concurrent mark sweep GC freed 1499(88KB) AllocSpace objects, 1(20KB) LOS objects, 28% free, 40MB/56MB, paused 577us total 52.969ms
08-04 22:04:12.569 23454 23973 I art     : Starting a blocking GC Explicit
08-04 22:04:12.619 23454 23973 I art     : Explicit concurrent mark sweep GC freed 33(1168B) AllocSpace objects, 0(0B) LOS objects, 28% free, 40MB/56MB, paused 575us total 49.295ms
08-04 22:04:12.638 23454 23973 I art     : Starting a blocking GC Explicit
08-04 22:04:12.689 23454 23973 I art     : Explicit concurrent mark sweep GC freed 28(1088B) AllocSpace objects, 0(0B) LOS objects, 28% free, 40MB/56MB, paused 539us total 51.497ms
08-04 22:04:12.709 23454 23973 I art     : Starting a blocking GC Explicit
08-04 22:04:12.760 23454 23973 I art     : Explicit concurrent mark sweep GC freed 29(1072B) AllocSpace objects, 0(0B) LOS objects, 28% free, 40MB/56MB, paused 550us total 50.395ms
08-04 22:04:12.779 23454 23973 I art     : Starting a blocking GC Explicit
08-04 22:04:12.831 23454 23973 I art     : Explicit concurrent mark sweep GC freed 25(928B) AllocSpace objects, 0(0B) LOS objects, 28% free, 40MB/56MB, paused 599us total 51.264ms
08-04 22:04:13.188 23454 23466 I art     : Starting a blocking GC Explicit
08-04 22:04:13.240 23454 23466 I art     : Explicit concurrent mark sweep GC freed 1489(87KB) AllocSpace objects, 1(20KB) LOS objects, 28% free, 40MB/56MB, paused 505us total 51.639ms
08-04 22:04:13.259 23454 23466 I art     : Starting a blocking GC Explicit
08-04 22:04:13.311 23454 23466 I art     : Explicit concurrent mark sweep GC freed 45(1648B) AllocSpace objects, 0(0B) LOS objects, 28% free, 40MB/56MB, paused 531us total 51.317ms
08-04 22:04:13.327 13866 13882 I PeriodicStatsRunner: PeriodicStatsRunner.call():175 call()
08-04 22:04:13.327 13866 13882 I PeriodicStatsRunner: PeriodicStatsRunner.call():179 No submit PeriodicStats since input started.
08-04 22:04:13.330 23454 23466 I art     : Starting a blocking GC Explicit
08-04 22:04:13.380 23454 23466 I art     : Explicit concurrent mark sweep GC freed 25(928B) AllocSpace objects, 0(0B) LOS objects, 28% free, 40MB/56MB, paused 574us total 50.242ms
08-04 22:04:13.399 23454 23466 I art     : Starting a blocking GC Explicit
08-04 22:04:13.427   918  3188 I hubconnection: sensorhub said: 'set_bias 3: -4.9824, 0.0000, 0.0000'
08-04 22:04:13.451 23454 23466 I art     : Explicit concurrent mark sweep GC freed 26(992B) AllocSpace objects, 0(0B) LOS objects, 28% free, 40MB/56MB, paused 544us total 51.188ms
08-04 22:04:13.470 23454 23466 I art     : Starting a blocking GC Explicit
08-04 22:04:13.521 23454 23466 I art     : Explicit concurrent mark sweep GC freed 25(928B) AllocSpace objects, 0(0B) LOS objects, 28% free, 40MB/56MB, paused 526us total 50.553ms
08-04 22:04:13.882 23454 23517 I art     : Starting a blocking GC Explicit
08-04 22:04:13.941 23454 23517 I art     : Explicit concurrent mark sweep GC freed 1492(88KB) AllocSpace objects, 1(20KB) LOS objects, 28% free, 40MB/56MB, paused 552us total 58.665ms
08-04 22:04:13.961 23454 23517 I art     : Starting a blocking GC Explicit
08-04 22:04:14.013 23454 23517 I art     : Explicit concurrent mark sweep GC freed 50(1760B) AllocSpace objects, 0(0B) LOS objects, 28% free, 40MB/56MB, paused 557us total 51.396ms
08-04 22:04:14.032 23454 23517 I art     : Starting a blocking GC Explicit
08-04 22:04:14.083 23454 23517 I art     : Explicit concurrent mark sweep GC freed 23(912B) AllocSpace objects, 0(0B) LOS objects, 28% free, 40MB/56MB, paused 551us total 51.006ms
08-04 22:04:14.102 23454 23517 I art     : Starting a blocking GC Explicit
08-04 22:04:14.153 23454 23517 I art     : Explicit concurrent mark sweep GC freed 27(1040B) AllocSpace objects, 0(0B) LOS objects, 28% free, 40MB/56MB, paused 549us total 50.890ms
08-04 22:04:14.173 23454 23517 I art     : Starting a blocking GC Explicit
08-04 22:04:14.224 23454 23517 I art     : Explicit concurrent mark sweep GC freed 24(864B) AllocSpace objects, 0(0B) LOS objects, 28% free, 40MB/56MB, paused 508us total 50.452ms
08-04 22:04:14.581 23454 23973 I art     : Starting a blocking GC Explicit
08-04 22:04:14.636 23454 23973 I art     : Explicit concurrent mark sweep GC freed 1498(88KB) AllocSpace objects, 1(20KB) LOS objects, 28% free, 40MB/56MB, paused 610us total 54.237ms
08-04 22:04:14.656 23454 23973 I art     : Starting a blocking GC Explicit
08-04 22:04:14.707 23454 23973 I art     : Explicit concurrent mark sweep GC freed 36(1328B) AllocSpace objects, 0(0B) LOS objects, 28% free, 40MB/56MB, paused 566us total 50.438ms
08-04 22:04:14.727 23454 23973 I art     : Starting a blocking GC Explicit
08-04 22:04:14.780 23454 23973 I art     : Explicit concurrent mark sweep GC freed 31(1136B) AllocSpace objects, 0(0B) LOS objects, 28% free, 40MB/56MB, paused 594us total 52.378ms
08-04 22:04:14.799 23454 23973 I art     : Starting a blocking GC Explicit
08-04 22:04:14.849 23454 23973 I art     : Explicit concurrent mark sweep GC freed 26(992B) AllocSpace objects, 0(0B) LOS objects, 28% free, 40MB/56MB, paused 556us total 49.143ms
08-04 22:04:14.869 23454 23973 I art     : Starting a blocking GC Explicit
08-04 22:04:14.922 23454 23973 I art     : Explicit concurrent mark sweep GC freed 25(928B) AllocSpace objects, 0(0B) LOS objects, 28% free, 40MB/56MB, paused 570us total 52.889ms
08-04 22:04:15.234 23454 26710 I RedditChangeDataIO: Writing tmp data file at '/data/user/0/baseline.org.quantumbadger.redreader/files/rr_change_data_tmp.dat'
08-04 22:04:15.235 23454 26710 I RedditChangeDataManager: Taking snapshot...
08-04 22:04:15.235 23454 26710 I RedditChangeDataManager: Writing to stream...
08-04 22:04:15.235 23454 26710 I RedditChangeDataManager: Wrote 6 entries for user ''
08-04 22:04:15.235 23454 26710 I RedditChangeDataManager: All entries written to stream.
08-04 22:04:15.236 23454 26710 I RedditChangeDataIO: Write successful. Atomically replacing data file...
08-04 22:04:15.236 23454 26710 I RedditChangeDataIO: Write complete.
08-04 22:04:15.236 23454 26710 I RedditChangeDataIO: 158 bytes written in 2 ms
08-04 22:04:15.261 23454 23973 I art     : Starting a blocking GC Explicit
08-04 22:04:15.306 13866 13882 I PeriodicStatsRunner: PeriodicStatsRunner.call():175 call()
08-04 22:04:15.306 13866 13882 I PeriodicStatsRunner: PeriodicStatsRunner.call():179 No submit PeriodicStats since input started.
08-04 22:04:15.312 23454 23973 I art     : Explicit concurrent mark sweep GC freed 1569(92KB) AllocSpace objects, 2(88KB) LOS objects, 28% free, 40MB/56MB, paused 530us total 50.746ms
08-04 22:04:15.331 23454 23973 I art     : Starting a blocking GC Explicit
08-04 22:04:15.380 23454 23973 I art     : Explicit concurrent mark sweep GC freed 51(1840B) AllocSpace objects, 0(0B) LOS objects, 28% free, 40MB/56MB, paused 511us total 47.848ms
08-04 22:04:15.398 23454 23973 I art     : Starting a blocking GC Explicit
08-04 22:04:15.451 23454 23973 I art     : Explicit concurrent mark sweep GC freed 26(992B) AllocSpace objects, 0(0B) LOS objects, 28% free, 40MB/56MB, paused 551us total 52.645ms
08-04 22:04:15.471 23454 23973 I art     : Starting a blocking GC Explicit
08-04 22:04:15.524 23454 23973 I art     : Explicit concurrent mark sweep GC freed 25(928B) AllocSpace objects, 0(0B) LOS objects, 28% free, 40MB/56MB, paused 529us total 52.527ms
08-04 22:04:15.543 23454 23973 I art     : Starting a blocking GC Explicit
08-04 22:04:15.596 23454 23973 I art     : Explicit concurrent mark sweep GC freed 30(1120B) AllocSpace objects, 0(0B) LOS objects, 28% free, 40MB/56MB, paused 562us total 52.471ms
08-04 22:04:15.951 23454 23973 I art     : Starting a blocking GC Explicit
08-04 22:04:16.002 23454 23973 I art     : Explicit concurrent mark sweep GC freed 1488(87KB) AllocSpace objects, 1(20KB) LOS objects, 28% free, 40MB/56MB, paused 529us total 49.921ms
08-04 22:04:16.020 23454 23973 I art     : Starting a blocking GC Explicit
08-04 22:04:16.071 23454 23973 I art     : Explicit concurrent mark sweep GC freed 71(3008B) AllocSpace objects, 0(0B) LOS objects, 28% free, 40MB/56MB, paused 543us total 51.046ms
08-04 22:04:16.090 23454 23973 I art     : Starting a blocking GC Explicit
08-04 22:04:16.141 23454 23973 I art     : Explicit concurrent mark sweep GC freed 183(31KB) AllocSpace objects, 0(0B) LOS objects, 28% free, 40MB/56MB, paused 506us total 50.318ms
08-04 22:04:16.160 23454 23973 I art     : Starting a blocking GC Explicit
08-04 22:04:16.211 23454 23973 I art     : Explicit concurrent mark sweep GC freed 96(3KB) AllocSpace objects, 0(0B) LOS objects, 28% free, 40MB/56MB, paused 475us total 50.073ms
08-04 22:04:16.230 23454 23973 I art     : Starting a blocking GC Explicit
08-04 22:04:16.282 23454 23973 I art     : Explicit concurrent mark sweep GC freed 19(720B) AllocSpace objects, 0(0B) LOS objects, 28% free, 40MB/56MB, paused 557us total 52.356ms
08-04 22:04:16.621 23454 23466 I art     : Starting a blocking GC Explicit
08-04 22:04:16.675 23454 23466 I art     : Explicit concurrent mark sweep GC freed 1486(87KB) AllocSpace objects, 1(20KB) LOS objects, 28% free, 40MB/56MB, paused 566us total 53.459ms
08-04 22:04:16.695 23454 23466 I art     : Starting a blocking GC Explicit
08-04 22:04:16.745 23454 23466 I art     : Explicit concurrent mark sweep GC freed 42(1536B) AllocSpace objects, 0(0B) LOS objects, 28% free, 40MB/56MB, paused 511us total 49.614ms
08-04 22:04:16.764 23454 23466 I art     : Starting a blocking GC Explicit
08-04 22:04:16.814 23454 23466 I art     : Explicit concurrent mark sweep GC freed 31(1136B) AllocSpace objects, 0(0B) LOS objects, 28% free, 40MB/56MB, paused 492us total 49.881ms
08-04 22:04:16.833 23454 23466 I art     : Starting a blocking GC Explicit
08-04 22:04:16.884 23454 23466 I art     : Explicit concurrent mark sweep GC freed 27(944B) AllocSpace objects, 0(0B) LOS objects, 28% free, 40MB/56MB, paused 650us total 50.357ms
08-04 22:04:16.902 23454 23466 I art     : Starting a blocking GC Explicit
08-04 22:04:16.953 23454 23466 I art     : Explicit concurrent mark sweep GC freed 24(960B) AllocSpace objects, 0(0B) LOS objects, 28% free, 40MB/56MB, paused 531us total 50.614ms
08-04 22:04:17.003 26819 26819 D AndroidRuntime: >>>>>> START com.android.internal.os.RuntimeInit uid 2000 <<<<<<
08-04 22:04:17.009 26819 26819 D AndroidRuntime: CheckJNI is OFF
08-04 22:04:17.052 26819 26819 D ICU     : No timezone override file found: /data/misc/zoneinfo/current/icu/icu_tzdata.dat
08-04 22:04:17.096 26819 26819 I Radio-JNI: register_android_hardware_Radio DONE
08-04 22:04:17.124 26819 26819 D AndroidRuntime: Calling main entry com.android.commands.input.Input
08-04 22:04:17.126 26819 26819 I Input   : injectKeyEvent: KeyEvent { action=ACTION_DOWN, keyCode=KEYCODE_BACK, scanCode=0, metaState=0, flags=0x0, repeatCount=0, eventTime=741873539, downTime=741873539, deviceId=-1, source=0x101 }
08-04 22:04:17.131 26819 26819 I Input   : injectKeyEvent: KeyEvent { action=ACTION_UP, keyCode=KEYCODE_BACK, scanCode=0, metaState=0, flags=0x0, repeatCount=0, eventTime=741873539, downTime=741873539, deviceId=-1, source=0x101 }
08-04 22:04:17.137 26819 26819 D AndroidRuntime: Shutting down VM
08-04 22:04:17.186 13866 13866 I GoogleInputMethodServic: GoogleInputMethodService.onFinishInput():3138 
08-04 22:04:17.187 13866 13866 I GoogleInputMethodServic: GoogleInputMethodService.onStartInput():1808 
08-04 22:04:17.244 23454 26738 I MediaCodec: [OMX.qcom.video.decoder.avc] setting surface generation to 24016898
08-04 22:04:17.245 23454 26739 D SurfaceUtils: set up nativeWindow 0x7f7e5f6010 for 368x320, color 0x7fa30c04, rotation 0, usage 0x42002900
08-04 22:04:17.309 23454 23517 I art     : Starting a blocking GC Explicit
08-04 22:04:17.364 23454 23517 I art     : Explicit concurrent mark sweep GC freed 1743(98KB) AllocSpace objects, 1(20KB) LOS objects, 28% free, 40MB/56MB, paused 790us total 55.235ms
08-04 22:04:17.388 23454 23517 I art     : Starting a blocking GC Explicit
08-04 22:04:17.443 23454 23517 I art     : Explicit concurrent mark sweep GC freed 50(1840B) AllocSpace objects, 0(0B) LOS objects, 28% free, 40MB/56MB, paused 551us total 54.198ms
08-04 22:04:17.464 23454 23517 I art     : Starting a blocking GC Explicit
08-04 22:04:17.483 23454 23454 I ExoPlayerImpl: Release c6651cb [ExoPlayerLib/2.10.8] [angler, Nexus 6P, Huawei, 23] [goog.exo.core, goog.exo.ui]
08-04 22:04:17.493   380   380 W SurfaceFlinger: couldn't log to binary event log: overflow.
08-04 22:04:17.502   512   512 I OMX-VDEC-1080P: omx_vdec::component_deinit() complete
08-04 22:04:17.504   512   512 I OMX-VDEC-1080P: Exit OMX vdec Destructor: fd=49
08-04 22:04:17.512 23454 23517 I art     : Explicit concurrent mark sweep GC freed 95(3KB) AllocSpace objects, 0(0B) LOS objects, 28% free, 40MB/56MB, paused 782us total 47.442ms
08-04 22:04:17.530 23454 23517 I art     : Starting a blocking GC Explicit
08-04 22:04:17.576 23454 23517 I art     : Explicit concurrent mark sweep GC freed 363(99KB) AllocSpace objects, 35(2MB) LOS objects, 29% free, 37MB/53MB, paused 485us total 45.873ms
08-04 22:04:17.594 23454 23517 I art     : Starting a blocking GC Explicit
08-04 22:04:17.641 23454 23517 I art     : Explicit concurrent mark sweep GC freed 2891(161KB) AllocSpace objects, 4(200KB) LOS objects, 29% free, 37MB/53MB, paused 475us total 47.196ms
08-04 22:04:17.978 23454 23467 I art     : Starting a blocking GC Explicit
08-04 22:04:18.044 23454 23467 I art     : Explicit concurrent mark sweep GC freed 1354(82KB) AllocSpace objects, 1(20KB) LOS objects, 29% free, 37MB/53MB, paused 530us total 66.380ms
08-04 22:04:18.065 23454 23467 I art     : Starting a blocking GC Explicit
08-04 22:04:18.115 23454 23467 I art     : Explicit concurrent mark sweep GC freed 22(784B) AllocSpace objects, 0(0B) LOS objects, 29% free, 37MB/53MB, paused 497us total 49.715ms
08-04 22:04:18.135 23454 23467 I art     : Starting a blocking GC Explicit
08-04 22:04:18.184 23454 23467 I art     : Explicit concurrent mark sweep GC freed 3(96B) AllocSpace objects, 0(0B) LOS objects, 29% free, 37MB/53MB, paused 493us total 49.275ms
08-04 22:04:18.203 23454 23467 I art     : Starting a blocking GC Explicit
08-04 22:04:18.253 23454 23467 I art     : Explicit concurrent mark sweep GC freed 3(96B) AllocSpace objects, 0(0B) LOS objects, 29% free, 37MB/53MB, paused 529us total 49.571ms
08-04 22:04:18.275 23454 23467 I art     : Starting a blocking GC Explicit
08-04 22:04:18.324 23454 23467 I art     : Explicit concurrent mark sweep GC freed 3(96B) AllocSpace objects, 0(0B) LOS objects, 29% free, 37MB/53MB, paused 506us total 48.022ms
08-04 22:04:18.642 23454 23973 I art     : Starting a blocking GC Explicit
08-04 22:04:18.701 23454 23973 I art     : Explicit concurrent mark sweep GC freed 1354(82KB) AllocSpace objects, 1(20KB) LOS objects, 29% free, 37MB/53MB, paused 534us total 58.255ms
08-04 22:04:18.720 23454 23973 I art     : Starting a blocking GC Explicit
08-04 22:04:18.771 23454 23973 I art     : Explicit concurrent mark sweep GC freed 20(704B) AllocSpace objects, 0(0B) LOS objects, 29% free, 37MB/53MB, paused 514us total 51.402ms
08-04 22:04:18.791 23454 23973 I art     : Starting a blocking GC Explicit
08-04 22:04:18.842 23454 23973 I art     : Explicit concurrent mark sweep GC freed 3(96B) AllocSpace objects, 0(0B) LOS objects, 29% free, 37MB/53MB, paused 507us total 50.630ms
08-04 22:04:18.861 23454 23973 I art     : Starting a blocking GC Explicit
08-04 22:04:18.913 23454 23973 I art     : Explicit concurrent mark sweep GC freed 3(96B) AllocSpace objects, 0(0B) LOS objects, 29% free, 37MB/53MB, paused 564us total 51.935ms
08-04 22:04:18.922 26861 26861 D AndroidRuntime: >>>>>> START com.android.internal.os.RuntimeInit uid 2000 <<<<<<
08-04 22:04:18.929 26861 26861 D AndroidRuntime: CheckJNI is OFF
08-04 22:04:18.932 23454 23973 I art     : Starting a blocking GC Explicit
08-04 22:04:18.973 26861 26861 D ICU     : No timezone override file found: /data/misc/zoneinfo/current/icu/icu_tzdata.dat
08-04 22:04:18.981 23454 23973 I art     : Explicit concurrent mark sweep GC freed 3(96B) AllocSpace objects, 0(0B) LOS objects, 29% free, 37MB/53MB, paused 523us total 48.736ms
08-04 22:04:18.982 23454 23465 I art     : WaitForGcToComplete blocked for 39.842ms for cause HeapTrim
08-04 22:04:19.019 26861 26861 I Radio-JNI: register_android_hardware_Radio DONE
08-04 22:04:19.049 26861 26861 D AndroidRuntime: Calling main entry com.android.commands.input.Input
08-04 22:04:19.051 26861 26861 I Input   : injectMotionEvent: MotionEvent { action=ACTION_DOWN, actionButton=0, id[0]=0, x[0]=1340.0, y[0]=1100.0, toolType[0]=TOOL_TYPE_UNKNOWN, buttonState=0, metaState=0, flags=0x0, edgeFlags=0x0, pointerCount=1, historySize=0, eventTime=741875464, downTime=741875464, deviceId=0, source=0x1002 }
08-04 22:04:19.058 26861 26861 I Input   : injectMotionEvent: MotionEvent { action=ACTION_UP, actionButton=0, id[0]=0, x[0]=1340.0, y[0]=1100.0, toolType[0]=TOOL_TYPE_UNKNOWN, buttonState=0, metaState=0, flags=0x0, edgeFlags=0x0, pointerCount=1, historySize=0, eventTime=741875464, downTime=741875464, deviceId=0, source=0x1002 }
08-04 22:04:19.060 26861 26861 D AndroidRuntime: Shutting down VM
08-04 22:04:19.067   512  2967 D audio_hw_primary: out_set_parameters: enter: usecase(1: low-latency-playback) kvpairs: routing=2
08-04 22:04:19.069   918  6029 I ActivityManager: START u0 {dat=https://oauth.reddit.com/... cmp=baseline.org.quantumbadger.redreader/.activities.CommentListingActivity} from uid 10666 on display 0
08-04 22:04:19.081   512  2967 D audio_hw_primary: select_devices: out_snd_device(2: speaker) in_snd_device(0: none)
08-04 22:04:19.081   512  2967 D msm8974_platform: platform_send_audio_calibration: sending audio calibration for snd_device(2) acdb_id(15)
08-04 22:04:19.081   512  2967 I soundtrigger: audio_extn_sound_trigger_update_device_status: device 0x2 of type 0 for Event 1
08-04 22:04:19.095   512  2967 D audio_hw_primary: enable_snd_device: snd_device(2: speaker)
08-04 22:04:19.096 23454 23454 I AppCompatViewInflater: app:theme is now deprecated. Please move to using android:theme instead.
08-04 22:04:19.097   512  2967 D audio_hw_primary: enable_audio_route: apply and update mixer path: low-latency-playback speaker
08-04 22:04:19.115 23454 24028 I CommentListingActivity: COMMENTS session changed to 3c7f6644-3791-412a-8b59-b118469a877b
08-04 22:04:19.198   918   936 I ActivityManager: Displayed baseline.org.quantumbadger.redreader/.activities.CommentListingActivity: +118ms
08-04 22:04:19.206 13866 13866 I GoogleInputMethodServic: GoogleInputMethodService.onFinishInput():3138 
08-04 22:04:19.207 13866 13866 I GoogleInputMethodServic: GoogleInputMethodService.onStartInput():1808 
08-04 22:04:19.316 23454 23517 I art     : Starting a blocking GC Explicit
08-04 22:04:19.393 23454 23517 I art     : Explicit concurrent mark sweep GC freed 44115(2MB) AllocSpace objects, 1(20KB) LOS objects, 28% free, 39MB/55MB, paused 721us total 77.576ms
08-04 22:04:19.418 23454 23517 I art     : Starting a blocking GC Explicit
08-04 22:04:19.446   380   380 W SurfaceFlinger: couldn't log to binary event log: overflow.
08-04 22:04:19.481 23454 23517 I art     : Explicit concurrent mark sweep GC freed 496(27KB) AllocSpace objects, 0(0B) LOS objects, 28% free, 39MB/55MB, paused 432us total 62.879ms
08-04 22:04:19.501 23454 23517 I art     : Starting a blocking GC Explicit
08-04 22:04:19.559 23454 23517 I art     : Explicit concurrent mark sweep GC freed 17(1200B) AllocSpace objects, 0(0B) LOS objects, 28% free, 39MB/55MB, paused 472us total 57.760ms
08-04 22:04:19.582 23454 23517 I art     : Starting a blocking GC Explicit
08-04 22:04:19.629   512  2967 D audio_hw_primary: disable_audio_route: reset and update mixer path: low-latency-playback speaker
08-04 22:04:19.631   512  2967 D audio_hw_primary: disable_snd_device: snd_device(2: speaker)
08-04 22:04:19.640   512  2967 I soundtrigger: audio_extn_sound_trigger_update_device_status: device 0x2 of type 0 for Event 0
08-04 22:04:19.647 23454 23517 I art     : Explicit concurrent mark sweep GC freed 153(5KB) AllocSpace objects, 0(0B) LOS objects, 28% free, 39MB/55MB, paused 562us total 64.355ms
08-04 22:04:19.669 23454 23517 I art     : Starting a blocking GC Explicit
08-04 22:04:19.727 23454 23517 I art     : Explicit concurrent mark sweep GC freed 7(224B) AllocSpace objects, 0(0B) LOS objects, 28% free, 39MB/55MB, paused 645us total 58.082ms
08-04 22:04:20.072 23454 23517 I art     : Starting a blocking GC Explicit
08-04 22:04:20.135 23454 23517 I art     : Explicit concurrent mark sweep GC freed 1354(82KB) AllocSpace objects, 1(20KB) LOS objects, 28% free, 39MB/55MB, paused 457us total 62.953ms
08-04 22:04:20.156 23454 23517 I art     : Starting a blocking GC Explicit
08-04 22:04:20.219 23454 23517 I art     : Explicit concurrent mark sweep GC freed 66(2528B) AllocSpace objects, 0(0B) LOS objects, 28% free, 39MB/55MB, paused 467us total 62.808ms
08-04 22:04:20.240 23454 23517 I art     : Starting a blocking GC Explicit
08-04 22:04:20.304 23454 23517 I art     : Explicit concurrent mark sweep GC freed 3(96B) AllocSpace objects, 0(0B) LOS objects, 28% free, 39MB/55MB, paused 507us total 64.269ms
08-04 22:04:20.326 23454 23517 I art     : Starting a blocking GC Explicit
08-04 22:04:20.391 23454 23517 I art     : Explicit concurrent mark sweep GC freed 3(96B) AllocSpace objects, 0(0B) LOS objects, 28% free, 39MB/55MB, paused 489us total 64.899ms
08-04 22:04:20.412 23454 23517 I art     : Starting a blocking GC Explicit
08-04 22:04:20.477 23454 23517 I art     : Explicit concurrent mark sweep GC freed 3(96B) AllocSpace objects, 0(0B) LOS objects, 28% free, 39MB/55MB, paused 507us total 64.623ms
08-04 22:04:20.859 23454 25938 I art     : Starting a blocking GC Explicit
08-04 22:04:20.941 23454 25938 I art     : Explicit concurrent mark sweep GC freed 1354(82KB) AllocSpace objects, 1(20KB) LOS objects, 28% free, 39MB/55MB, paused 516us total 82.437ms
08-04 22:04:20.963 23454 25938 I art     : Starting a blocking GC Explicit
08-04 22:04:21.042 23454 25938 I art     : Explicit concurrent mark sweep GC freed 20(704B) AllocSpace objects, 0(0B) LOS objects, 28% free, 39MB/55MB, paused 557us total 78.486ms
08-04 22:04:21.065 23454 25938 I art     : Starting a blocking GC Explicit
08-04 22:04:21.140 23454 25938 I art     : Explicit concurrent mark sweep GC freed 3(96B) AllocSpace objects, 0(0B) LOS objects, 28% free, 39MB/55MB, paused 585us total 74.459ms
08-04 22:04:21.165 23454 25938 I art     : Starting a blocking GC Explicit
08-04 22:04:21.236 23454 25938 I art     : Explicit concurrent mark sweep GC freed 3(96B) AllocSpace objects, 0(0B) LOS objects, 28% free, 39MB/55MB, paused 549us total 71.086ms
08-04 22:04:21.258 23454 25938 I art     : Starting a blocking GC Explicit
08-04 22:04:21.328 23454 25938 I art     : Explicit concurrent mark sweep GC freed 3(96B) AllocSpace objects, 0(0B) LOS objects, 28% free, 39MB/55MB, paused 545us total 69.501ms
08-04 22:04:21.696 23454 23466 I art     : Starting a blocking GC Explicit
08-04 22:04:21.787 23454 23466 I art     : Explicit concurrent mark sweep GC freed 1354(82KB) AllocSpace objects, 1(20KB) LOS objects, 28% free, 39MB/55MB, paused 604us total 90.737ms
08-04 22:04:21.813 23454 23466 I art     : Starting a blocking GC Explicit
08-04 22:04:21.887 23454 23466 I art     : Explicit concurrent mark sweep GC freed 20(704B) AllocSpace objects, 0(0B) LOS objects, 28% free, 39MB/55MB, paused 526us total 73.378ms
08-04 22:04:21.913 23454 23466 I art     : Starting a blocking GC Explicit
08-04 22:04:21.982 23454 23466 I art     : Explicit concurrent mark sweep GC freed 3(96B) AllocSpace objects, 0(0B) LOS objects, 28% free, 39MB/55MB, paused 516us total 69.113ms
08-04 22:04:22.004 23454 23466 I art     : Starting a blocking GC Explicit
08-04 22:04:22.081 23454 23466 I art     : Explicit concurrent mark sweep GC freed 3(96B) AllocSpace objects, 0(0B) LOS objects, 28% free, 39MB/55MB, paused 563us total 76.456ms
08-04 22:04:22.104 23454 23466 I art     : Starting a blocking GC Explicit
08-04 22:04:22.177 23454 23466 I art     : Explicit concurrent mark sweep GC freed 3(96B) AllocSpace objects, 0(0B) LOS objects, 28% free, 39MB/55MB, paused 479us total 72.618ms
08-04 22:04:22.187 13866 13882 I PeriodicStatsRunner: PeriodicStatsRunner.call():175 call()
08-04 22:04:22.188 13866 13882 I PeriodicStatsRunner: PeriodicStatsRunner.call():179 No submit PeriodicStats since input started.
08-04 22:04:22.563 23454 23467 I art     : Starting a blocking GC Explicit
08-04 22:04:22.650 23454 23467 I art     : Explicit concurrent mark sweep GC freed 1354(82KB) AllocSpace objects, 1(20KB) LOS objects, 28% free, 39MB/55MB, paused 634us total 86.052ms
08-04 22:04:22.674 23454 23467 I art     : Starting a blocking GC Explicit
08-04 22:04:22.745 23454 23467 I art     : Explicit concurrent mark sweep GC freed 20(704B) AllocSpace objects, 0(0B) LOS objects, 28% free, 39MB/55MB, paused 545us total 70.869ms
08-04 22:04:22.767 23454 23467 I art     : Starting a blocking GC Explicit
08-04 22:04:22.843 23454 23467 I art     : Explicit concurrent mark sweep GC freed 3(96B) AllocSpace objects, 0(0B) LOS objects, 28% free, 39MB/55MB, paused 535us total 76.150ms
08-04 22:04:22.865 23454 23467 I art     : Starting a blocking GC Explicit
08-04 22:04:22.940 23454 23467 I art     : Explicit concurrent mark sweep GC freed 3(96B) AllocSpace objects, 0(0B) LOS objects, 28% free, 39MB/55MB, paused 572us total 74.289ms
08-04 22:04:22.964 23454 23467 I art     : Starting a blocking GC Explicit
08-04 22:04:23.037 23454 23467 I art     : Explicit concurrent mark sweep GC freed 3(96B) AllocSpace objects, 0(0B) LOS objects, 28% free, 39MB/55MB, paused 547us total 71.803ms
08-04 22:04:23.388 23454 23973 I art     : Starting a blocking GC Explicit
08-04 22:04:23.459 23454 23973 I art     : Explicit concurrent mark sweep GC freed 1354(82KB) AllocSpace objects, 1(20KB) LOS objects, 28% free, 39MB/55MB, paused 585us total 70.195ms
08-04 22:04:23.480 23454 23973 I art     : Starting a blocking GC Explicit
08-04 22:04:23.548 23454 23973 I art     : Explicit concurrent mark sweep GC freed 20(704B) AllocSpace objects, 0(0B) LOS objects, 28% free, 39MB/55MB, paused 600us total 67.394ms
08-04 22:04:23.569 23454 23973 I art     : Starting a blocking GC Explicit
08-04 22:04:23.635 23454 23973 I art     : Explicit concurrent mark sweep GC freed 3(96B) AllocSpace objects, 0(0B) LOS objects, 28% free, 39MB/55MB, paused 538us total 65.511ms
08-04 22:04:23.656 23454 23973 I art     : Starting a blocking GC Explicit
08-04 22:04:23.723 23454 23973 I art     : Explicit concurrent mark sweep GC freed 3(96B) AllocSpace objects, 0(0B) LOS objects, 28% free, 39MB/55MB, paused 525us total 66.753ms
08-04 22:04:23.745 23454 23973 I art     : Starting a blocking GC Explicit
08-04 22:04:23.811 23454 23973 I art     : Explicit concurrent mark sweep GC freed 3(96B) AllocSpace objects, 0(0B) LOS objects, 28% free, 39MB/55MB, paused 542us total 66.364ms
08-04 22:04:23.867 26946 26946 D AndroidRuntime: >>>>>> START com.android.internal.os.RuntimeInit uid 2000 <<<<<<
08-04 22:04:23.874 26946 26946 D AndroidRuntime: CheckJNI is OFF
08-04 22:04:23.919 26946 26946 D ICU     : No timezone override file found: /data/misc/zoneinfo/current/icu/icu_tzdata.dat
08-04 22:04:23.965 26946 26946 I Radio-JNI: register_android_hardware_Radio DONE
08-04 22:04:23.995 26946 26946 D AndroidRuntime: Calling main entry com.android.commands.input.Input
08-04 22:04:23.997 26946 26946 I Input   : injectKeyEvent: KeyEvent { action=ACTION_DOWN, keyCode=KEYCODE_BACK, scanCode=0, metaState=0, flags=0x0, repeatCount=0, eventTime=741880410, downTime=741880410, deviceId=-1, source=0x101 }
08-04 22:04:24.004 26946 26946 I Input   : injectKeyEvent: KeyEvent { action=ACTION_UP, keyCode=KEYCODE_BACK, scanCode=0, metaState=0, flags=0x0, repeatCount=0, eventTime=741880410, downTime=741880410, deviceId=-1, source=0x101 }
08-04 22:04:24.011 26946 26946 D AndroidRuntime: Shutting down VM
08-04 22:04:24.057 13866 13866 I GoogleInputMethodServic: GoogleInputMethodService.onFinishInput():3138 
08-04 22:04:24.057 13866 13866 I GoogleInputMethodServic: GoogleInputMethodService.onStartInput():1808 
08-04 22:04:24.081 23454 26885 I RedditChangeDataIO: Writing tmp data file at '/data/user/0/baseline.org.quantumbadger.redreader/files/rr_change_data_tmp.dat'
08-04 22:04:24.083 23454 26885 I RedditChangeDataManager: Taking snapshot...
08-04 22:04:24.083 23454 26885 I RedditChangeDataManager: Writing to stream...
08-04 22:04:24.083 23454 26885 I RedditChangeDataManager: Wrote 6 entries for user ''
08-04 22:04:24.083 23454 26885 I RedditChangeDataManager: All entries written to stream.
08-04 22:04:24.083 23454 26885 I RedditChangeDataIO: Write successful. Atomically replacing data file...
08-04 22:04:24.084 23454 26885 I RedditChangeDataIO: Write complete.
08-04 22:04:24.084 23454 26885 I RedditChangeDataIO: 158 bytes written in 3 ms
08-04 22:04:24.165 23454 23973 I art     : Starting a blocking GC Explicit
08-04 22:04:24.207 13866 13882 I PeriodicStatsRunner: PeriodicStatsRunner.call():175 call()
08-04 22:04:24.207 13866 13882 I PeriodicStatsRunner: PeriodicStatsRunner.call():179 No submit PeriodicStats since input started.
08-04 22:04:24.239 23454 23973 I art     : Explicit concurrent mark sweep GC freed 1709(97KB) AllocSpace objects, 2(88KB) LOS objects, 28% free, 39MB/55MB, paused 703us total 73.967ms
08-04 22:04:24.264 23454 23973 I art     : Starting a blocking GC Explicit
08-04 22:04:24.339 23454 23973 I art     : Explicit concurrent mark sweep GC freed 27(960B) AllocSpace objects, 0(0B) LOS objects, 28% free, 39MB/55MB, paused 654us total 74.092ms
08-04 22:04:24.362 23454 23973 I art     : Starting a blocking GC Explicit
08-04 22:04:24.367   380   380 W SurfaceFlinger: couldn't log to binary event log: overflow.
08-04 22:04:24.423 23454 23973 I art     : Explicit concurrent mark sweep GC freed 54(2032B) AllocSpace objects, 0(0B) LOS objects, 28% free, 39MB/55MB, paused 523us total 60.786ms
08-04 22:04:24.424 23454 23465 I art     : WaitForGcToComplete blocked for 30.188ms for cause HeapTrim
08-04 22:04:24.444 23454 23973 I art     : Starting a blocking GC Explicit
08-04 22:04:24.496 23454 23973 I art     : Explicit concurrent mark sweep GC freed 41380(2MB) AllocSpace objects, 5(140KB) LOS objects, 29% free, 37MB/53MB, paused 493us total 52.014ms
08-04 22:04:24.516 23454 23973 I art     : Starting a blocking GC Explicit
08-04 22:04:24.564 23454 23973 I art     : Explicit concurrent mark sweep GC freed 3(96B) AllocSpace objects, 0(0B) LOS objects, 29% free, 37MB/53MB, paused 497us total 48.235ms
08-04 22:04:24.901 23454 23517 I art     : Starting a blocking GC Explicit
08-04 22:04:24.968 23454 23517 I art     : Explicit concurrent mark sweep GC freed 1356(83KB) AllocSpace objects, 1(20KB) LOS objects, 29% free, 37MB/53MB, paused 530us total 66.809ms
08-04 22:04:24.990 23454 23517 I art     : Starting a blocking GC Explicit
08-04 22:04:25.040 23454 23517 I art     : Explicit concurrent mark sweep GC freed 24(864B) AllocSpace objects, 0(0B) LOS objects, 29% free, 37MB/53MB, paused 496us total 49.523ms
08-04 22:04:25.059 23454 23517 I art     : Starting a blocking GC Explicit
08-04 22:04:25.108 23454 23517 I art     : Explicit concurrent mark sweep GC freed 3(96B) AllocSpace objects, 0(0B) LOS objects, 29% free, 37MB/53MB, paused 516us total 48.552ms
08-04 22:04:25.127 23454 23517 I art     : Starting a blocking GC Explicit
08-04 22:04:25.176 23454 23517 I art     : Explicit concurrent mark sweep GC freed 3(96B) AllocSpace objects, 0(0B) LOS objects, 29% free, 37MB/53MB, paused 487us total 48.991ms
08-04 22:04:25.200 23454 23517 I art     : Starting a blocking GC Explicit
08-04 22:04:25.249 23454 23517 I art     : Explicit concurrent mark sweep GC freed 3(96B) AllocSpace objects, 0(0B) LOS objects, 29% free, 37MB/53MB, paused 444us total 48.469ms
08-04 22:04:25.581 23454 23466 I art     : Starting a blocking GC Explicit
08-04 22:04:25.638 23454 23466 I art     : Explicit concurrent mark sweep GC freed 1354(82KB) AllocSpace objects, 1(20KB) LOS objects, 29% free, 37MB/53MB, paused 596us total 57.149ms
08-04 22:04:25.657 23454 23466 I art     : Starting a blocking GC Explicit
08-04 22:04:25.709 23454 23466 I art     : Explicit concurrent mark sweep GC freed 20(704B) AllocSpace objects, 0(0B) LOS objects, 29% free, 37MB/53MB, paused 541us total 51.732ms
08-04 22:04:25.729 23454 23466 I art     : Starting a blocking GC Explicit
08-04 22:04:25.778 23454 23466 I art     : Explicit concurrent mark sweep GC freed 3(96B) AllocSpace objects, 0(0B) LOS objects, 29% free, 37MB/53MB, paused 553us total 49.104ms
08-04 22:04:25.793 26979 26979 D AndroidRuntime: >>>>>> START com.android.internal.os.RuntimeInit uid 2000 <<<<<<
08-04 22:04:25.798 23454 23466 I art     : Starting a blocking GC Explicit
08-04 22:04:25.799 26979 26979 D AndroidRuntime: CheckJNI is OFF
08-04 22:04:25.844 26979 26979 D ICU     : No timezone override file found: /data/misc/zoneinfo/current/icu/icu_tzdata.dat
08-04 22:04:25.848 23454 23466 I art     : Explicit concurrent mark sweep GC freed 3(96B) AllocSpace objects, 0(0B) LOS objects, 29% free, 37MB/53MB, paused 638us total 49.446ms
08-04 22:04:25.867 23454 23466 I art     : Starting a blocking GC Explicit
08-04 22:04:25.891 26979 26979 I Radio-JNI: register_android_hardware_Radio DONE
08-04 22:04:25.917 23454 23466 I art     : Explicit concurrent mark sweep GC freed 3(96B) AllocSpace objects, 0(0B) LOS objects, 29% free, 37MB/53MB, paused 537us total 49.958ms
08-04 22:04:25.920 26979 26979 D AndroidRuntime: Calling main entry com.android.commands.input.Input
08-04 22:04:25.922 26979 26979 I Input   : injectKeyEvent: KeyEvent { action=ACTION_DOWN, keyCode=KEYCODE_BACK, scanCode=0, metaState=0, flags=0x0, repeatCount=0, eventTime=741882335, downTime=741882335, deviceId=-1, source=0x101 }
08-04 22:04:25.931 26979 26979 I Input   : injectKeyEvent: KeyEvent { action=ACTION_UP, keyCode=KEYCODE_BACK, scanCode=0, metaState=0, flags=0x0, repeatCount=0, eventTime=741882335, downTime=741882335, deviceId=-1, source=0x101 }
08-04 22:04:25.938 26979 26979 D AndroidRuntime: Shutting down VM
08-04 22:04:25.977 13866 13866 I GoogleInputMethodServic: GoogleInputMethodService.onFinishInput():3138 
08-04 22:04:25.978 13866 13866 I GoogleInputMethodServic: GoogleInputMethodService.onStartInput():1808 
08-04 22:04:26.235 23454 23467 I art     : Starting a blocking GC Explicit
08-04 22:04:26.286 23454 23467 I art     : Explicit concurrent mark sweep GC freed 1572(90KB) AllocSpace objects, 1(20KB) LOS objects, 29% free, 37MB/53MB, paused 491us total 50.240ms
08-04 22:04:26.304 23454 23467 I art     : Starting a blocking GC Explicit
08-04 22:04:26.351 23454 23467 I art     : Explicit concurrent mark sweep GC freed 42(1664B) AllocSpace objects, 0(0B) LOS objects, 29% free, 37MB/53MB, paused 500us total 46.072ms
08-04 22:04:26.369 23454 23467 I art     : Starting a blocking GC Explicit
08-04 22:04:26.420 23454 23467 I art     : Explicit concurrent mark sweep GC freed 133(6KB) AllocSpace objects, 0(0B) LOS objects, 29% free, 37MB/53MB, paused 489us total 50.886ms
08-04 22:04:26.439 23454 23467 I art     : Starting a blocking GC Explicit
08-04 22:04:26.489 23454 23467 I art     : Explicit concurrent mark sweep GC freed 3(96B) AllocSpace objects, 0(0B) LOS objects, 29% free, 37MB/53MB, paused 522us total 49.473ms
08-04 22:04:26.508 23454 23467 I art     : Starting a blocking GC Explicit
08-04 22:04:26.559 23454 23467 I art     : Explicit concurrent mark sweep GC freed 3(96B) AllocSpace objects, 0(0B) LOS objects, 29% free, 37MB/53MB, paused 518us total 50.701ms
08-04 22:04:26.891 23454 23517 I art     : Starting a blocking GC Explicit
08-04 22:04:26.953 23454 23517 I art     : Explicit concurrent mark sweep GC freed 1354(82KB) AllocSpace objects, 1(20KB) LOS objects, 29% free, 37MB/53MB, paused 534us total 61.985ms
08-04 22:04:26.972 23454 23517 I art     : Starting a blocking GC Explicit
08-04 22:04:27.026 23454 23517 I art     : Explicit concurrent mark sweep GC freed 20(704B) AllocSpace objects, 0(0B) LOS objects, 29% free, 37MB/53MB, paused 586us total 53.213ms
08-04 22:04:27.050 23454 23517 I art     : Starting a blocking GC Explicit
08-04 22:04:27.100 23454 23517 I art     : Explicit concurrent mark sweep GC freed 3(96B) AllocSpace objects, 0(0B) LOS objects, 29% free, 37MB/53MB, paused 528us total 50.237ms
08-04 22:04:27.119 23454 23517 I art     : Starting a blocking GC Explicit
08-04 22:04:27.169 23454 23517 I art     : Explicit concurrent mark sweep GC freed 3(96B) AllocSpace objects, 0(0B) LOS objects, 29% free, 37MB/53MB, paused 486us total 49.397ms
08-04 22:04:27.189 23454 23517 I art     : Starting a blocking GC Explicit
08-04 22:04:27.237 23454 23517 I art     : Explicit concurrent mark sweep GC freed 3(96B) AllocSpace objects, 0(0B) LOS objects, 29% free, 37MB/53MB, paused 552us total 47.871ms
08-04 22:04:27.563 23454 25938 I art     : Starting a blocking GC Explicit
08-04 22:04:27.624 23454 25938 I art     : Explicit concurrent mark sweep GC freed 1354(82KB) AllocSpace objects, 1(20KB) LOS objects, 29% free, 37MB/53MB, paused 501us total 61.158ms
08-04 22:04:27.644 23454 25938 I art     : Starting a blocking GC Explicit
08-04 22:04:27.692 23454 25938 I art     : Explicit concurrent mark sweep GC freed 20(704B) AllocSpace objects, 0(0B) LOS objects, 29% free, 37MB/53MB, paused 570us total 48.233ms
08-04 22:04:27.711 23454 25938 I art     : Starting a blocking GC Explicit
08-04 22:04:27.725 27022 27022 D AndroidRuntime: >>>>>> START com.android.internal.os.RuntimeInit uid 2000 <<<<<<
08-04 22:04:27.730 27022 27022 D AndroidRuntime: CheckJNI is OFF
08-04 22:04:27.760 23454 25938 I art     : Explicit concurrent mark sweep GC freed 3(96B) AllocSpace objects, 0(0B) LOS objects, 29% free, 37MB/53MB, paused 504us total 48.586ms
08-04 22:04:27.776 27022 27022 D ICU     : No timezone override file found: /data/misc/zoneinfo/current/icu/icu_tzdata.dat
08-04 22:04:27.778 23454 25938 I art     : Starting a blocking GC Explicit
08-04 22:04:27.817 27022 27022 I Radio-JNI: register_android_hardware_Radio DONE
08-04 22:04:27.824 23454 25938 I art     : Explicit concurrent mark sweep GC freed 3(96B) AllocSpace objects, 0(0B) LOS objects, 29% free, 37MB/53MB, paused 551us total 45.826ms
08-04 22:04:27.843 23454 25938 I art     : Starting a blocking GC Explicit
08-04 22:04:27.847 27022 27022 D AndroidRuntime: Calling main entry com.android.commands.input.Input
08-04 22:04:27.849 27022 27022 I Input   : injectMotionEvent: MotionEvent { action=ACTION_DOWN, actionButton=0, id[0]=0, x[0]=600.0, y[0]=1733.0, toolType[0]=TOOL_TYPE_UNKNOWN, buttonState=0, metaState=0, flags=0x0, edgeFlags=0x0, pointerCount=1, historySize=0, eventTime=741884261, downTime=741884261, deviceId=0, source=0x1002 }
08-04 22:04:27.857 27022 27022 I Input   : injectMotionEvent: MotionEvent { action=ACTION_UP, actionButton=0, id[0]=0, x[0]=600.0, y[0]=1733.0, toolType[0]=TOOL_TYPE_UNKNOWN, buttonState=0, metaState=0, flags=0x0, edgeFlags=0x0, pointerCount=1, historySize=0, eventTime=741884261, downTime=741884261, deviceId=0, source=0x1002 }
08-04 22:04:27.859 27022 27022 D AndroidRuntime: Shutting down VM
08-04 22:04:27.876   918  3696 I ActivityManager: START u0 {dat=https://oauth.reddit.com/... cmp=baseline.org.quantumbadger.redreader/.activities.PostListingActivity} from uid 10666 on display 0
08-04 22:04:27.878   512  2967 D audio_hw_primary: out_set_parameters: enter: usecase(1: low-latency-playback) kvpairs: routing=2
08-04 22:04:27.892   512  2967 D audio_hw_primary: select_devices: out_snd_device(2: speaker) in_snd_device(0: none)
08-04 22:04:27.892   512  2967 D msm8974_platform: platform_send_audio_calibration: sending audio calibration for snd_device(2) acdb_id(15)
08-04 22:04:27.893   512  2967 I soundtrigger: audio_extn_sound_trigger_update_device_status: device 0x2 of type 0 for Event 1
08-04 22:04:27.893 23454 25938 I art     : Explicit concurrent mark sweep GC freed 91(2928B) AllocSpace objects, 0(0B) LOS objects, 29% free, 37MB/53MB, paused 1.156ms total 50.180ms
08-04 22:04:27.901 23454 23454 I AppCompatViewInflater: app:theme is now deprecated. Please move to using android:theme instead.
08-04 22:04:27.903   512  2967 D audio_hw_primary: enable_snd_device: snd_device(2: speaker)
08-04 22:04:27.906   512  2967 D audio_hw_primary: enable_audio_route: apply and update mixer path: low-latency-playback speaker
08-04 22:04:27.927 23454 27046 D OK      : calling: https://oauth.reddit.com/r/aww/about.json
08-04 22:04:27.984   918   936 I ActivityManager: Displayed baseline.org.quantumbadger.redreader/.activities.PostListingActivity: +99ms
08-04 22:04:27.984 13866 13866 I GoogleInputMethodServic: GoogleInputMethodService.onFinishInput():3138 
08-04 22:04:27.985 13866 13866 I GoogleInputMethodServic: GoogleInputMethodService.onStartInput():1808 
08-04 22:04:28.206 23454 23517 I art     : Starting a blocking GC Explicit
08-04 22:04:28.239   380   380 W SurfaceFlinger: couldn't log to binary event log: overflow.
08-04 22:04:28.263 23454 23517 I art     : Explicit concurrent mark sweep GC freed 4889(262KB) AllocSpace objects, 1(20KB) LOS objects, 29% free, 37MB/53MB, paused 572us total 56.638ms
08-04 22:04:28.282 23454 23517 I art     : Starting a blocking GC Explicit
08-04 22:04:28.326 23454 23517 I art     : Explicit concurrent mark sweep GC freed 618(34KB) AllocSpace objects, 0(0B) LOS objects, 29% free, 37MB/53MB, paused 660us total 43.942ms
08-04 22:04:28.329 23454 27046 I NAPPA_EXPERIMENTATION: MetricNetworkRequestExecutionTime: REQUEST_DURATION_SYSTEM='402',REQUEST_DURATION_OKHTTP='145',REQUEST_SYNCHRONOUS='TRUE',RESPONSE_CODE='200',RESPONSE_METHOD='GET',RESPONSE_LENGTH_OKHTTP='-1',RESPONSE_LENGTH_HEADER='3478',REQUEST_PROTOCOL='h2',REQUEST_URL='https://oauth.reddit.com/r/aww/about.json',
08-04 22:04:28.329 23454 27046 D OK      : request got status: 200
08-04 22:04:28.345 23454 23517 I art     : Starting a blocking GC Explicit
08-04 22:04:28.392 23454 23517 I art     : Explicit concurrent mark sweep GC freed 917(153KB) AllocSpace objects, 1(68KB) LOS objects, 29% free, 37MB/53MB, paused 609us total 46.789ms
08-04 22:04:28.412 23454 23517 I art     : Starting a blocking GC Explicit
08-04 22:04:28.449   512  2967 D audio_hw_primary: disable_audio_route: reset and update mixer path: low-latency-playback speaker
08-04 22:04:28.450   512  2967 D audio_hw_primary: disable_snd_device: snd_device(2: speaker)
08-04 22:04:28.458   512  2967 I soundtrigger: audio_extn_sound_trigger_update_device_status: device 0x2 of type 0 for Event 0
08-04 22:04:28.458 23454 23517 I art     : Explicit concurrent mark sweep GC freed 629(44KB) AllocSpace objects, 1(68KB) LOS objects, 29% free, 37MB/53MB, paused 574us total 46.359ms
08-04 22:04:28.477 23454 23517 I art     : Starting a blocking GC Explicit
08-04 22:04:28.526 23454 23517 I art     : Explicit concurrent mark sweep GC freed 16(560B) AllocSpace objects, 0(0B) LOS objects, 29% free, 37MB/53MB, paused 525us total 48.921ms
08-04 22:04:28.871 23454 23517 I art     : Starting a blocking GC Explicit
08-04 22:04:28.922 23454 23517 I art     : Explicit concurrent mark sweep GC freed 1413(85KB) AllocSpace objects, 1(20KB) LOS objects, 29% free, 37MB/53MB, paused 545us total 51.482ms
08-04 22:04:28.941 23454 23517 I art     : Starting a blocking GC Explicit
08-04 22:04:28.991 23454 23517 I art     : Explicit concurrent mark sweep GC freed 20(704B) AllocSpace objects, 0(0B) LOS objects, 29% free, 37MB/53MB, paused 749us total 49.220ms
08-04 22:04:29.010 23454 23517 I art     : Starting a blocking GC Explicit
08-04 22:04:29.058 13866 13882 I PeriodicStatsRunner: PeriodicStatsRunner.call():175 call()
08-04 22:04:29.059 13866 13882 I PeriodicStatsRunner: PeriodicStatsRunner.call():179 No submit PeriodicStats since input started.
08-04 22:04:29.059 23454 23517 I art     : Explicit concurrent mark sweep GC freed 3(96B) AllocSpace objects, 0(0B) LOS objects, 29% free, 37MB/53MB, paused 764us total 49.182ms
08-04 22:04:29.078 23454 23517 I art     : Starting a blocking GC Explicit
08-04 22:04:29.128 23454 23517 I art     : Explicit concurrent mark sweep GC freed 3(96B) AllocSpace objects, 0(0B) LOS objects, 29% free, 37MB/53MB, paused 586us total 49.664ms
08-04 22:04:29.128 23454 27070 D OK      : calling: https://oauth.reddit.com/r/aww/hot/.json
08-04 22:04:29.147 23454 23517 I art     : Starting a blocking GC Explicit
08-04 22:04:29.196 23454 23517 I art     : Explicit concurrent mark sweep GC freed 95(3KB) AllocSpace objects, 0(0B) LOS objects, 29% free, 37MB/53MB, paused 612us total 48.915ms
08-04 22:04:29.308 23454 27070 I NAPPA_EXPERIMENTATION: MetricNetworkRequestExecutionTime: REQUEST_DURATION_SYSTEM='180',REQUEST_DURATION_OKHTTP='176',REQUEST_SYNCHRONOUS='TRUE',RESPONSE_CODE='200',RESPONSE_METHOD='GET',RESPONSE_LENGTH_OKHTTP='-1',RESPONSE_LENGTH_HEADER='33430',REQUEST_PROTOCOL='h2',REQUEST_URL='https://oauth.reddit.com/r/aww/hot/.json',
08-04 22:04:29.309 23454 27070 D OK      : request got status: 200
08-04 22:04:29.326 23454 24028 I PostListingFragment: Precaching images: OFF
08-04 22:04:29.326 23454 24028 I PostListingFragment: Precaching comments: OFF
08-04 22:04:29.354 23454 24028 I getImgurImageInfo: Image NSO7Npm: trying API v3 with auth
08-04 22:04:29.492 23454 26056 I RedditVideosAPI: For 'https://v.redd.it/ty24o02m1hd51/DASHPlaylist.mpd', got video stream 'https://v.redd.it/ty24o02m1hd51/DASH_480' and audio stream 'null'
08-04 22:04:29.493 23454 26056 I RedditVideosAPI: For 'https://v.redd.it/ar5k8892pid51/DASHPlaylist.mpd', got video stream 'https://v.redd.it/ar5k8892pid51/DASH_360' and audio stream 'https://v.redd.it/ar5k8892pid51/audio'
08-04 22:04:29.504 23454 26056 I RedditVideosAPI: For 'https://v.redd.it/ppmhu2r9thd51/DASHPlaylist.mpd', got video stream 'https://v.redd.it/ppmhu2r9thd51/DASH_480' and audio stream 'null'
08-04 22:04:29.518 23454 26056 I RedditVideosAPI: For 'https://v.redd.it/ak6rer1hskd51/DASHPlaylist.mpd', got video stream 'https://v.redd.it/ak6rer1hskd51/DASH_360' and audio stream 'null'
08-04 22:04:29.527 23454 23466 I art     : Starting a blocking GC Explicit
08-04 22:04:29.538 23454 27074 I RedditVideosAPI: For 'https://v.redd.it/fkewv2f65kd51/DASHPlaylist.mpd', got video stream 'https://v.redd.it/fkewv2f65kd51/DASH_480' and audio stream 'https://v.redd.it/fkewv2f65kd51/audio'
08-04 22:04:29.541 23454 26056 I RedditVideosAPI: For 'https://v.redd.it/h49fg58ygjd51/DASHPlaylist.mpd', got video stream 'https://v.redd.it/h49fg58ygjd51/DASH_480' and audio stream 'null'
08-04 22:04:29.543 23454 26056 I RedditVideosAPI: For 'https://v.redd.it/1ewzkieg0jd51/DASHPlaylist.mpd', got video stream 'https://v.redd.it/1ewzkieg0jd51/DASH_480' and audio stream 'https://v.redd.it/1ewzkieg0jd51/audio'
08-04 22:04:29.543 23454 27074 I RedditVideosAPI: For 'https://v.redd.it/s9qqadf3mid51/DASHPlaylist.mpd', got video stream 'https://v.redd.it/s9qqadf3mid51/DASH_480' and audio stream 'https://v.redd.it/s9qqadf3mid51/audio'
08-04 22:04:29.544 23454 26056 I RedditVideosAPI: For 'https://v.redd.it/b8vazlcb7ld51/DASHPlaylist.mpd', got video stream 'https://v.redd.it/b8vazlcb7ld51/DASH_480' and audio stream 'https://v.redd.it/b8vazlcb7ld51/audio'
08-04 22:04:29.578 23454 23454 W RecyclerView: Cannot call this method in a scroll callback. Scroll callbacks mightbe run during a measure & layout pass where you cannot change theRecyclerView data. Any method call that might change the structureof the RecyclerView or the adapter contents should be postponed tothe next frame.
08-04 22:04:29.578 23454 23454 W RecyclerView: java.lang.IllegalStateException:  androidx.recyclerview.widget.RecyclerView{d81e66e VFED..... .F....ID 0,0-1440,2140 #7f0900ef app:id/scrollbar_recyclerview_recyclerview}, adapter:baseline.org.quantumbadger.redreader.adapters.GroupedRecyclerViewAdapter@b98d10f, layout:androidx.recyclerview.widget.LinearLayoutManager@5dc59c, context:baseline.org.quantumbadger.redreader.activities.PostListingActivity@62b42bb
08-04 22:04:29.578 23454 23454 W RecyclerView: 	at androidx.recyclerview.widget.RecyclerView.assertNotInLayoutOrScroll(RecyclerView.java:3061)
08-04 22:04:29.578 23454 23454 W RecyclerView: 	at androidx.recyclerview.widget.RecyclerView$RecyclerViewDataObserver.onItemRangeInserted(RecyclerView.java:5555)
08-04 22:04:29.578 23454 23454 W RecyclerView: 	at androidx.recyclerview.widget.RecyclerView$AdapterDataObservable.notifyItemRangeInserted(RecyclerView.java:12278)
08-04 22:04:29.578 23454 23454 W RecyclerView: 	at androidx.recyclerview.widget.RecyclerView$Adapter.notifyItemInserted(RecyclerView.java:7464)
08-04 22:04:29.578 23454 23454 W RecyclerView: 	at baseline.org.quantumbadger.redreader.adapters.GroupedRecyclerViewAdapter.updateHiddenStatus(GroupedRecyclerViewAdapter.java:279)
08-04 22:04:29.578 23454 23454 W RecyclerView: 	at baseline.org.quantumbadger.redreader.adapters.RedditListingManager.setLoadingVisible(RedditListingManager.java:125)
08-04 22:04:29.578 23454 23454 W RecyclerView: 	at baseline.org.quantumbadger.redreader.fragments.PostListingFragment.onLoadMoreItemsCheck(PostListingFragment.java:465)
08-04 22:04:29.578 23454 23454 W RecyclerView: 	at baseline.org.quantumbadger.redreader.fragments.PostListingFragment.access$000(PostListingFragment.java:98)
08-04 22:04:29.578 23454 23454 W RecyclerView: 	at baseline.org.quantumbadger.redreader.fragments.PostListingFragment$2.onScrolled(PostListingFragment.java:215)
08-04 22:04:29.578 23454 23454 W RecyclerView: 	at androidx.recyclerview.widget.RecyclerView.dispatchOnScrolled(RecyclerView.java:5173)
08-04 22:04:29.578 23454 23454 W RecyclerView: 	at androidx.recyclerview.widget.RecyclerView.dispatchLayoutStep3(RecyclerView.java:4231)
08-04 22:04:29.578 23454 23454 W RecyclerView: 	at androidx.recyclerview.widget.RecyclerView.dispatchLayout(RecyclerView.java:3862)
08-04 22:04:29.578 23454 23454 W RecyclerView: 	at androidx.recyclerview.widget.RecyclerView.consumePendingUpdateOperations(RecyclerView.java:1897)
08-04 22:04:29.578 23454 23454 W RecyclerView: 	at androidx.recyclerview.widget.RecyclerView$1.run(RecyclerView.java:414)
08-04 22:04:29.578 23454 23454 W RecyclerView: 	at android.view.Choreographer$CallbackRecord.run(Choreographer.java:858)
08-04 22:04:29.578 23454 23454 W RecyclerView: 	at android.view.Choreographer.doCallbacks(Choreographer.java:670)
08-04 22:04:29.578 23454 23454 W RecyclerView: 	at android.view.Choreographer.doFrame(Choreographer.java:603)
08-04 22:04:29.578 23454 23454 W RecyclerView: 	at android.view.Choreographer$FrameDisplayEventReceiver.run(Choreographer.java:844)
08-04 22:04:29.578 23454 23454 W RecyclerView: 	at android.os.Handler.handleCallback(Handler.java:739)
08-04 22:04:29.578 23454 23454 W RecyclerView: 	at android.os.Handler.dispatchMessage(Handler.java:95)
08-04 22:04:29.578 23454 23454 W RecyclerView: 	at android.os.Looper.loop(Looper.java:148)
08-04 22:04:29.578 23454 23454 W RecyclerView: 	at android.app.ActivityThread.main(ActivityThread.java:5417)
08-04 22:04:29.578 23454 23454 W RecyclerView: 	at java.lang.reflect.Method.invoke(Native Method)
08-04 22:04:29.578 23454 23454 W RecyclerView: 	at com.android.internal.os.ZygoteInit$MethodAndArgsCaller.run(ZygoteInit.java:726)
08-04 22:04:29.578 23454 23454 W RecyclerView: 	at com.android.internal.os.ZygoteInit.main(ZygoteInit.java:616)
08-04 22:04:29.585 23454 23466 I art     : Explicit concurrent mark sweep GC freed 49085(3MB) AllocSpace objects, 95(5MB) LOS objects, 26% free, 43MB/59MB, paused 953us total 58.030ms
08-04 22:04:29.604 23454 23466 I art     : Starting a blocking GC Explicit
08-04 22:04:29.653 23454 23466 I art     : Explicit concurrent mark sweep GC freed 3240(205KB) AllocSpace objects, 2(280KB) LOS objects, 27% free, 43MB/59MB, paused 587us total 48.136ms
08-04 22:04:29.673 23454 23466 I art     : Starting a blocking GC Explicit
08-04 22:04:29.725 23454 23466 I art     : Explicit concurrent mark sweep GC freed 41(1600B) AllocSpace objects, 0(0B) LOS objects, 27% free, 43MB/59MB, paused 748us total 52.191ms
08-04 22:04:29.744 23454 23466 I art     : Starting a blocking GC Explicit
08-04 22:04:29.798 23454 23466 I art     : Explicit concurrent mark sweep GC freed 70(2720B) AllocSpace objects, 0(0B) LOS objects, 27% free, 43MB/59MB, paused 592us total 53.673ms
08-04 22:04:29.818 23454 23466 I art     : Starting a blocking GC Explicit
08-04 22:04:29.865 23454 23466 I art     : Explicit concurrent mark sweep GC freed 110(6KB) AllocSpace objects, 0(0B) LOS objects, 27% free, 43MB/59MB, paused 526us total 47.309ms
08-04 22:04:29.990 24365  7398 I NetworkScheduler.Stats: Task com.google.android.apps.gcs/ started execution. cause:4 exec_start_elapsed_seconds: 1725273 [CONTEXT service_id=218 ]
08-04 22:04:29.991 25784 27084 W Gcs.WfaEliRefreshTask: [25193] afk.b: NULL eligibility response.
08-04 22:04:29.994 24365  7398 I NetworkScheduler.Stats: Task com.google.android.apps.gcs/ finished executing. cause:4 result: 3 elapsed_millis: 11 uptime_millis: 12 exec_start_elapsed_seconds: 1725273 [CONTEXT service_id=218 ]
08-04 22:04:30.225 23454 23973 I art     : Starting a blocking GC Explicit
08-04 22:04:30.299 23454 23973 I art     : Explicit concurrent mark sweep GC freed 1609(95KB) AllocSpace objects, 1(20KB) LOS objects, 27% free, 43MB/59MB, paused 884us total 73.401ms
08-04 22:04:30.321 23454 23973 I art     : Starting a blocking GC Explicit
08-04 22:04:30.329 23454 27095 D OK      : calling: https://oauth.reddit.com/r/aww/hot/.json?after=t3_hz5odc
08-04 22:04:30.381 23454 23973 I art     : Explicit concurrent mark sweep GC freed 128(5KB) AllocSpace objects, 0(0B) LOS objects, 27% free, 43MB/59MB, paused 656us total 59.325ms
08-04 22:04:30.400 23454 23973 I art     : Starting a blocking GC Explicit
08-04 22:04:30.463 23454 23973 I art     : Explicit concurrent mark sweep GC freed 9(352B) AllocSpace objects, 0(0B) LOS objects, 27% free, 43MB/59MB, paused 742us total 61.909ms
08-04 22:04:30.486 23454 23973 I art     : Starting a blocking GC Explicit
08-04 22:04:30.535 23454 27095 I NAPPA_EXPERIMENTATION: MetricNetworkRequestExecutionTime: REQUEST_DURATION_SYSTEM='206',REQUEST_DURATION_OKHTTP='201',REQUEST_SYNCHRONOUS='TRUE',RESPONSE_CODE='200',RESPONSE_METHOD='GET',RESPONSE_LENGTH_OKHTTP='-1',RESPONSE_LENGTH_HEADER='30610',REQUEST_PROTOCOL='h2',REQUEST_URL='https://oauth.reddit.com/r/aww/hot/.json?after=t3_hz5odc',
08-04 22:04:30.536 23454 27095 D OK      : request got status: 200
08-04 22:04:30.543 23454 23973 I art     : Explicit concurrent mark sweep GC freed 367(31KB) AllocSpace objects, 0(0B) LOS objects, 26% free, 43MB/59MB, paused 707us total 57.028ms
08-04 22:04:30.558 23454 27075 I PostListingFragment: Precaching images: OFF
08-04 22:04:30.558 23454 27075 I PostListingFragment: Precaching comments: OFF
08-04 22:04:30.563 23454 23973 I art     : Starting a blocking GC Explicit
08-04 22:04:30.592 23454 27074 I RedditVideosAPI: For 'https://v.redd.it/syww111dtjd51/DASHPlaylist.mpd', got video stream 'https://v.redd.it/syww111dtjd51/DASH_480' and audio stream 'https://v.redd.it/syww111dtjd51/audio'
08-04 22:04:30.607 23454 27074 I RedditVideosAPI: For 'https://v.redd.it/pbqrrfb3tkd51/DASHPlaylist.mpd', got video stream 'https://v.redd.it/pbqrrfb3tkd51/DASH_480' and audio stream 'null'
08-04 22:04:30.620 23454 23973 I art     : Explicit concurrent mark sweep GC freed 5663(475KB) AllocSpace objects, 16(1000KB) LOS objects, 26% free, 44MB/60MB, paused 1.567ms total 56.546ms
08-04 22:04:30.653 23454 27075 I getImgurImageInfo: Image nLQR2hT: trying API v3 with auth
08-04 22:04:30.738 23454 27074 I RedditVideosAPI: For 'https://v.redd.it/ue0jdgk9zhd51/DASHPlaylist.mpd', got video stream 'https://v.redd.it/ue0jdgk9zhd51/DASH_360' and audio stream 'https://v.redd.it/ue0jdgk9zhd51/audio'
08-04 22:04:30.749 23454 27074 I RedditVideosAPI: For 'https://v.redd.it/rrygsb8i4ld51/DASHPlaylist.mpd', got video stream 'https://v.redd.it/rrygsb8i4ld51/DASH_480' and audio stream 'https://v.redd.it/rrygsb8i4ld51/audio'
08-04 22:04:30.750 23454 27074 I RedditVideosAPI: For 'https://v.redd.it/5x6zzipz8ld51/DASHPlaylist.mpd', got video stream 'https://v.redd.it/5x6zzipz8ld51/DASH_480' and audio stream 'null'
08-04 22:04:30.751 23454 27074 I RedditVideosAPI: For 'https://v.redd.it/75en73fm5id51/DASHPlaylist.mpd', got video stream 'https://v.redd.it/75en73fm5id51/DASH_480' and audio stream 'https://v.redd.it/75en73fm5id51/audio'
08-04 22:04:30.755 23454 27096 I RedditVideosAPI: For 'https://v.redd.it/ggz4fyth6hd51/DASHPlaylist.mpd', got video stream 'https://v.redd.it/ggz4fyth6hd51/DASH_360' and audio stream 'null'
08-04 22:04:30.755 23454 27074 I RedditVideosAPI: For 'https://v.redd.it/psrknoobrgd51/DASHPlaylist.mpd', got video stream 'https://v.redd.it/psrknoobrgd51/DASH_480' and audio stream 'null'
08-04 22:04:30.756 23454 27096 I RedditVideosAPI: For 'https://v.redd.it/jk6cwef4wld51/DASHPlaylist.mpd', got video stream 'https://v.redd.it/jk6cwef4wld51/DASH_480' and audio stream 'null'
08-04 22:04:30.757 23454 27074 I RedditVideosAPI: For 'https://v.redd.it/t81s8zfz9ld51/DASHPlaylist.mpd', got video stream 'https://v.redd.it/t81s8zfz9ld51/DASH_480' and audio stream 'https://v.redd.it/t81s8zfz9ld51/audio'
08-04 22:04:30.757 23454 27096 I RedditVideosAPI: For 'https://v.redd.it/xd6c4yyutgd51/DASHPlaylist.mpd', got video stream 'https://v.redd.it/xd6c4yyutgd51/DASH_480' and audio stream 'null'
08-04 22:04:30.953 23454 25938 I art     : Starting a blocking GC Explicit
08-04 22:04:30.978 13866 13882 I PeriodicStatsRunner: PeriodicStatsRunner.call():175 call()
08-04 22:04:30.979 13866 13882 I PeriodicStatsRunner: PeriodicStatsRunner.call():179 No submit PeriodicStats since input started.
08-04 22:04:31.042 23454 25938 I art     : Explicit concurrent mark sweep GC freed 38279(2MB) AllocSpace objects, 82(4MB) LOS objects, 24% free, 48MB/64MB, paused 716us total 88.115ms
08-04 22:04:31.062 23454 25938 I art     : Starting a blocking GC Explicit
08-04 22:04:31.120 23454 25938 I art     : Explicit concurrent mark sweep GC freed 1836(75KB) AllocSpace objects, 0(0B) LOS objects, 24% free, 48MB/64MB, paused 633us total 57.412ms
08-04 22:04:31.140 23454 25938 I art     : Starting a blocking GC Explicit
08-04 22:04:31.202 23454 25938 I art     : Explicit concurrent mark sweep GC freed 6(224B) AllocSpace objects, 0(0B) LOS objects, 24% free, 48MB/64MB, paused 668us total 62.182ms
08-04 22:04:31.225 23454 25938 I art     : Starting a blocking GC Explicit
08-04 22:04:31.286 23454 25938 I art     : Explicit concurrent mark sweep GC freed 3(96B) AllocSpace objects, 0(0B) LOS objects, 24% free, 48MB/64MB, paused 564us total 59.918ms
08-04 22:04:31.306 23454 25938 I art     : Starting a blocking GC Explicit
08-04 22:04:31.367 23454 25938 I art     : Explicit concurrent mark sweep GC freed 3(96B) AllocSpace objects, 0(0B) LOS objects, 24% free, 48MB/64MB, paused 683us total 60.434ms
08-04 22:04:31.751 23454 23466 I art     : Starting a blocking GC Explicit
08-04 22:04:31.824 23454 23466 I art     : Explicit concurrent mark sweep GC freed 1356(83KB) AllocSpace objects, 1(20KB) LOS objects, 24% free, 48MB/64MB, paused 651us total 72.311ms
08-04 22:04:31.846 23454 23466 I art     : Starting a blocking GC Explicit
08-04 22:04:31.904 23454 23466 I art     : Explicit concurrent mark sweep GC freed 20(704B) AllocSpace objects, 0(0B) LOS objects, 24% free, 48MB/64MB, paused 612us total 58.148ms
08-04 22:04:31.925 23454 23466 I art     : Starting a blocking GC Explicit
08-04 22:04:31.986 23454 23466 I art     : Explicit concurrent mark sweep GC freed 3(96B) AllocSpace objects, 0(0B) LOS objects, 24% free, 48MB/64MB, paused 623us total 60.881ms
08-04 22:04:32.010 23454 23466 I art     : Starting a blocking GC Explicit
08-04 22:04:32.072 23454 23466 I art     : Explicit concurrent mark sweep GC freed 3(96B) AllocSpace objects, 0(0B) LOS objects, 24% free, 48MB/64MB, paused 651us total 62.219ms
08-04 22:04:32.095 23454 23466 I art     : Starting a blocking GC Explicit
08-04 22:04:32.154 23454 23466 I art     : Explicit concurrent mark sweep GC freed 3(96B) AllocSpace objects, 0(0B) LOS objects, 24% free, 48MB/64MB, paused 534us total 58.422ms
08-04 22:04:32.525 23454 23517 I art     : Starting a blocking GC Explicit
08-04 22:04:32.598 23454 23517 I art     : Explicit concurrent mark sweep GC freed 1357(83KB) AllocSpace objects, 1(20KB) LOS objects, 24% free, 48MB/64MB, paused 608us total 72.529ms
08-04 22:04:32.618 23454 23517 I art     : Starting a blocking GC Explicit
08-04 22:04:32.677 23454 23517 I art     : Explicit concurrent mark sweep GC freed 20(704B) AllocSpace objects, 0(0B) LOS objects, 24% free, 48MB/64MB, paused 607us total 58.206ms
08-04 22:04:32.697 23454 23517 I art     : Starting a blocking GC Explicit
08-04 22:04:32.756 23454 23517 I art     : Explicit concurrent mark sweep GC freed 3(96B) AllocSpace objects, 0(0B) LOS objects, 24% free, 48MB/64MB, paused 604us total 58.105ms
08-04 22:04:32.776 23454 23517 I art     : Starting a blocking GC Explicit
08-04 22:04:32.836 23454 23517 I art     : Explicit concurrent mark sweep GC freed 3(96B) AllocSpace objects, 0(0B) LOS objects, 24% free, 48MB/64MB, paused 557us total 60.395ms
08-04 22:04:32.856 23454 23517 I art     : Starting a blocking GC Explicit
08-04 22:04:32.921 23454 23517 I art     : Explicit concurrent mark sweep GC freed 3(96B) AllocSpace objects, 0(0B) LOS objects, 24% free, 48MB/64MB, paused 676us total 64.480ms
08-04 22:04:32.985 13866 13882 I PeriodicStatsRunner: PeriodicStatsRunner.call():175 call()
08-04 22:04:32.986 13866 13882 I PeriodicStatsRunner: PeriodicStatsRunner.call():179 No submit PeriodicStats since input started.
08-04 22:04:33.287 23454 23467 I art     : Starting a blocking GC Explicit
08-04 22:04:33.355 23454 23467 I art     : Explicit concurrent mark sweep GC freed 1355(83KB) AllocSpace objects, 1(20KB) LOS objects, 24% free, 48MB/64MB, paused 632us total 67.515ms
08-04 22:04:33.375 23454 23467 I art     : Starting a blocking GC Explicit
08-04 22:04:33.431 23454 23467 I art     : Explicit concurrent mark sweep GC freed 20(704B) AllocSpace objects, 0(0B) LOS objects, 24% free, 48MB/64MB, paused 625us total 56.059ms
08-04 22:04:33.451 23454 23467 I art     : Starting a blocking GC Explicit
08-04 22:04:33.506 23454 23467 I art     : Explicit concurrent mark sweep GC freed 3(96B) AllocSpace objects, 0(0B) LOS objects, 24% free, 48MB/64MB, paused 615us total 54.261ms
08-04 22:04:33.525 23454 23467 I art     : Starting a blocking GC Explicit
08-04 22:04:33.583 23454 23467 I art     : Explicit concurrent mark sweep GC freed 3(96B) AllocSpace objects, 0(0B) LOS objects, 24% free, 48MB/64MB, paused 610us total 56.766ms
08-04 22:04:33.602 23454 23467 I art     : Starting a blocking GC Explicit
08-04 22:04:33.659 23454 23467 I art     : Explicit concurrent mark sweep GC freed 3(96B) AllocSpace objects, 0(0B) LOS objects, 24% free, 48MB/64MB, paused 679us total 56.375ms
08-04 22:04:33.668 27129 27129 D AndroidRuntime: >>>>>> START com.android.internal.os.RuntimeInit uid 2000 <<<<<<
08-04 22:04:33.674 27129 27129 D AndroidRuntime: CheckJNI is OFF
08-04 22:04:33.718 27129 27129 D ICU     : No timezone override file found: /data/misc/zoneinfo/current/icu/icu_tzdata.dat
08-04 22:04:33.763 27129 27129 I Radio-JNI: register_android_hardware_Radio DONE
08-04 22:04:33.792 27129 27129 D AndroidRuntime: Calling main entry com.android.commands.input.Input
08-04 22:04:33.795 27129 27129 I Input   : injectMotionEvent: MotionEvent { action=ACTION_DOWN, actionButton=0, id[0]=0, x[0]=1340.0, y[0]=1100.0, toolType[0]=TOOL_TYPE_UNKNOWN, buttonState=0, metaState=0, flags=0x0, edgeFlags=0x0, pointerCount=1, historySize=0, eventTime=741890207, downTime=741890207, deviceId=0, source=0x1002 }
08-04 22:04:33.803 27129 27129 I Input   : injectMotionEvent: MotionEvent { action=ACTION_UP, actionButton=0, id[0]=0, x[0]=1340.0, y[0]=1100.0, toolType[0]=TOOL_TYPE_UNKNOWN, buttonState=0, metaState=0, flags=0x0, edgeFlags=0x0, pointerCount=1, historySize=0, eventTime=741890207, downTime=741890207, deviceId=0, source=0x1002 }
08-04 22:04:33.805 27129 27129 D AndroidRuntime: Shutting down VM
08-04 22:04:33.820   512  2967 D audio_hw_primary: out_set_parameters: enter: usecase(1: low-latency-playback) kvpairs: routing=2
08-04 22:04:33.821   918   929 I ActivityManager: START u0 {dat=https://oauth.reddit.com/... cmp=baseline.org.quantumbadger.redreader/.activities.CommentListingActivity} from uid 10666 on display 0
08-04 22:04:33.834   512  2967 D audio_hw_primary: select_devices: out_snd_device(2: speaker) in_snd_device(0: none)
08-04 22:04:33.834   512  2967 D msm8974_platform: platform_send_audio_calibration: sending audio calibration for snd_device(2) acdb_id(15)
08-04 22:04:33.834   512  2967 I soundtrigger: audio_extn_sound_trigger_update_device_status: device 0x2 of type 0 for Event 1
08-04 22:04:33.849   512  2967 D audio_hw_primary: enable_snd_device: snd_device(2: speaker)
08-04 22:04:33.849 23454 23454 I AppCompatViewInflater: app:theme is now deprecated. Please move to using android:theme instead.
08-04 22:04:33.851   512  2967 D audio_hw_primary: enable_audio_route: apply and update mixer path: low-latency-playback speaker
08-04 22:04:33.868 23454 27075 I CommentListingActivity: COMMENTS session changed to 3c7f6644-3791-412a-8b59-b118469a877b
08-04 22:04:33.975   918   936 I ActivityManager: Displayed baseline.org.quantumbadger.redreader/.activities.CommentListingActivity: +144ms
08-04 22:04:33.983 13866 13866 I GoogleInputMethodServic: GoogleInputMethodService.onFinishInput():3138 
08-04 22:04:33.984 13866 13866 I GoogleInputMethodServic: GoogleInputMethodService.onStartInput():1808 
08-04 22:04:34.010 23454 23973 I art     : Starting a blocking GC Explicit
08-04 22:04:34.093 23454 23973 I art     : Explicit concurrent mark sweep GC freed 31342(1736KB) AllocSpace objects, 1(20KB) LOS objects, 24% free, 50MB/66MB, paused 869us total 83.017ms
08-04 22:04:34.115 23454 23973 I art     : Starting a blocking GC Explicit
08-04 22:04:34.178 23454 23973 I art     : Explicit concurrent mark sweep GC freed 20630(1121KB) AllocSpace objects, 53(10MB) LOS objects, 28% free, 39MB/55MB, paused 537us total 62.457ms
08-04 22:04:34.198 23454 23973 I art     : Starting a blocking GC Explicit
08-04 22:04:34.229   380   380 W SurfaceFlinger: couldn't log to binary event log: overflow.
08-04 22:04:34.251 23454 23973 I art     : Explicit concurrent mark sweep GC freed 66(3KB) AllocSpace objects, 0(0B) LOS objects, 28% free, 39MB/55MB, paused 480us total 53.038ms
08-04 22:04:34.270 23454 23973 I art     : Starting a blocking GC Explicit
08-04 22:04:34.323 23454 23973 I art     : Explicit concurrent mark sweep GC freed 3(96B) AllocSpace objects, 0(0B) LOS objects, 28% free, 39MB/55MB, paused 461us total 51.959ms
08-04 22:04:34.342 23454 23973 I art     : Starting a blocking GC Explicit
08-04 22:04:34.349 23454 27073 I RedditChangeDataIO: Writing tmp data file at '/data/user/0/baseline.org.quantumbadger.redreader/files/rr_change_data_tmp.dat'
08-04 22:04:34.350 23454 27073 I RedditChangeDataManager: Taking snapshot...
08-04 22:04:34.350 23454 27073 I RedditChangeDataManager: Writing to stream...
08-04 22:04:34.350 23454 27073 I RedditChangeDataManager: Wrote 6 entries for user ''
08-04 22:04:34.350 23454 27073 I RedditChangeDataManager: All entries written to stream.
08-04 22:04:34.350 23454 27073 I RedditChangeDataIO: Write successful. Atomically replacing data file...
08-04 22:04:34.351 23454 27073 I RedditChangeDataIO: Write complete.
08-04 22:04:34.351 23454 27073 I RedditChangeDataIO: 158 bytes written in 2 ms
08-04 22:04:34.388   512  2967 D audio_hw_primary: disable_audio_route: reset and update mixer path: low-latency-playback speaker
08-04 22:04:34.390   512  2967 D audio_hw_primary: disable_snd_device: snd_device(2: speaker)
08-04 22:04:34.397 23454 23973 I art     : Explicit concurrent mark sweep GC freed 222(9KB) AllocSpace objects, 1(68KB) LOS objects, 28% free, 39MB/55MB, paused 613us total 54.546ms
08-04 22:04:34.398   512  2967 I soundtrigger: audio_extn_sound_trigger_update_device_status: device 0x2 of type 0 for Event 0
08-04 22:04:34.733 23454 23517 I art     : Starting a blocking GC Explicit
08-04 22:04:34.796 23454 23517 I art     : Explicit concurrent mark sweep GC freed 1376(83KB) AllocSpace objects, 1(20KB) LOS objects, 28% free, 39MB/55MB, paused 527us total 62.323ms
08-04 22:04:34.817 23454 23517 I art     : Starting a blocking GC Explicit
08-04 22:04:34.877 23454 23517 I art     : Explicit concurrent mark sweep GC freed 20(704B) AllocSpace objects, 0(0B) LOS objects, 28% free, 39MB/55MB, paused 625us total 59.670ms
08-04 22:04:34.899 23454 23517 I art     : Starting a blocking GC Explicit
08-04 22:04:34.959 23454 23517 I art     : Explicit concurrent mark sweep GC freed 3(96B) AllocSpace objects, 0(0B) LOS objects, 28% free, 39MB/55MB, paused 535us total 59.954ms
08-04 22:04:34.980 23454 23517 I art     : Starting a blocking GC Explicit
08-04 22:04:35.042 23454 23517 I art     : Explicit concurrent mark sweep GC freed 49(1920B) AllocSpace objects, 0(0B) LOS objects, 28% free, 39MB/55MB, paused 546us total 61.202ms
08-04 22:04:35.063 23454 23517 I art     : Starting a blocking GC Explicit
08-04 22:04:35.128 23454 23517 I art     : Explicit concurrent mark sweep GC freed 3(96B) AllocSpace objects, 0(0B) LOS objects, 28% free, 39MB/55MB, paused 548us total 64.601ms
08-04 22:04:35.137   918  3261 D WifiStateMachine: starting scan for "H369AA63323"WPA_PSK with 2412,5180
08-04 22:04:35.470 23454 23973 I art     : Starting a blocking GC Explicit
08-04 22:04:35.554 23454 23973 I art     : Explicit concurrent mark sweep GC freed 1357(83KB) AllocSpace objects, 1(20KB) LOS objects, 28% free, 39MB/55MB, paused 604us total 83.910ms
08-04 22:04:35.578 23454 23973 I art     : Starting a blocking GC Explicit
08-04 22:04:35.644 23454 23973 I art     : Explicit concurrent mark sweep GC freed 20(704B) AllocSpace objects, 0(0B) LOS objects, 28% free, 39MB/55MB, paused 566us total 65.577ms
08-04 22:04:35.666 23454 23973 I art     : Starting a blocking GC Explicit
08-04 22:04:35.738 23454 23973 I art     : Explicit concurrent mark sweep GC freed 36(1872B) AllocSpace objects, 0(0B) LOS objects, 28% free, 39MB/55MB, paused 492us total 72.192ms
08-04 22:04:35.760 23454 23973 I art     : Starting a blocking GC Explicit
08-04 22:04:35.832 23454 23973 I art     : Explicit concurrent mark sweep GC freed 245(41KB) AllocSpace objects, 0(0B) LOS objects, 28% free, 39MB/55MB, paused 531us total 72.020ms
08-04 22:04:35.854 23454 23973 I art     : Starting a blocking GC Explicit
08-04 22:04:35.923 23454 23973 I art     : Explicit concurrent mark sweep GC freed 68(2272B) AllocSpace objects, 0(0B) LOS objects, 28% free, 39MB/55MB, paused 520us total 68.917ms
08-04 22:04:36.286 23454 25938 I art     : Starting a blocking GC Explicit
08-04 22:04:36.382 23454 25938 I art     : Explicit concurrent mark sweep GC freed 1354(82KB) AllocSpace objects, 1(20KB) LOS objects, 28% free, 39MB/55MB, paused 585us total 95.944ms
08-04 22:04:36.406 23454 25938 I art     : Starting a blocking GC Explicit
08-04 22:04:36.477 23454 25938 I art     : Explicit concurrent mark sweep GC freed 20(704B) AllocSpace objects, 0(0B) LOS objects, 28% free, 39MB/55MB, paused 621us total 71.415ms
08-04 22:04:36.499 23454 25938 I art     : Starting a blocking GC Explicit
08-04 22:04:36.571 23454 25938 I art     : Explicit concurrent mark sweep GC freed 3(96B) AllocSpace objects, 0(0B) LOS objects, 28% free, 39MB/55MB, paused 545us total 71.807ms
08-04 22:04:36.593 23454 25938 I art     : Starting a blocking GC Explicit
08-04 22:04:36.664 23454 25938 I art     : Explicit concurrent mark sweep GC freed 3(96B) AllocSpace objects, 0(0B) LOS objects, 28% free, 39MB/55MB, paused 520us total 71.346ms
08-04 22:04:36.686 23454 25938 I art     : Starting a blocking GC Explicit
08-04 22:04:36.758 23454 25938 I art     : Explicit concurrent mark sweep GC freed 3(96B) AllocSpace objects, 0(0B) LOS objects, 28% free, 39MB/55MB, paused 623us total 70.861ms
08-04 22:04:37.123 23454 23466 I art     : Starting a blocking GC Explicit
08-04 22:04:37.147   918  3188 I hubconnection: sensorhub said: 'set_bias 3: -6.2400, 0.0000, 0.0000'
08-04 22:04:37.211 23454 23466 I art     : Explicit concurrent mark sweep GC freed 1354(82KB) AllocSpace objects, 1(20KB) LOS objects, 28% free, 39MB/55MB, paused 555us total 87.408ms
08-04 22:04:37.235 23454 23466 I art     : Starting a blocking GC Explicit
08-04 22:04:37.237 25039 25039 I Atfwd_Sendcmd: AtCmdFwd service not ready - Exhausted retry attempts - :6
08-04 22:04:37.237 25039 25039 I Atfwd_Daemon: result : -1 	 ,Init step :2 	 ,qmiErrorCode: 0
08-04 22:04:37.307 23454 23466 I art     : Explicit concurrent mark sweep GC freed 20(704B) AllocSpace objects, 0(0B) LOS objects, 28% free, 39MB/55MB, paused 574us total 71.821ms
08-04 22:04:37.329 23454 23466 I art     : Starting a blocking GC Explicit
08-04 22:04:37.402 23454 23466 I art     : Explicit concurrent mark sweep GC freed 3(96B) AllocSpace objects, 0(0B) LOS objects, 28% free, 39MB/55MB, paused 529us total 72.990ms
08-04 22:04:37.427 23454 23466 I art     : Starting a blocking GC Explicit
08-04 22:04:37.503 23454 23466 I art     : Explicit concurrent mark sweep GC freed 3(96B) AllocSpace objects, 0(0B) LOS objects, 28% free, 39MB/55MB, paused 542us total 75.271ms
08-04 22:04:37.527 23454 23466 I art     : Starting a blocking GC Explicit
08-04 22:04:37.598 23454 23466 I art     : Explicit concurrent mark sweep GC freed 3(96B) AllocSpace objects, 0(0B) LOS objects, 28% free, 39MB/55MB, paused 542us total 70.708ms
08-04 22:04:37.981 23454 23467 I art     : Starting a blocking GC Explicit
08-04 22:04:38.066 23454 23467 I art     : Explicit concurrent mark sweep GC freed 1354(82KB) AllocSpace objects, 1(20KB) LOS objects, 28% free, 39MB/55MB, paused 527us total 84.345ms
08-04 22:04:38.091 23454 23467 I art     : Starting a blocking GC Explicit
08-04 22:04:38.152 23454 23467 I art     : Explicit concurrent mark sweep GC freed 20(704B) AllocSpace objects, 0(0B) LOS objects, 28% free, 39MB/55MB, paused 495us total 60.898ms
08-04 22:04:38.173 23454 23467 I art     : Starting a blocking GC Explicit
08-04 22:04:38.238 23454 23467 I art     : Explicit concurrent mark sweep GC freed 3(96B) AllocSpace objects, 0(0B) LOS objects, 28% free, 39MB/55MB, paused 502us total 64.814ms
08-04 22:04:38.260 23454 23467 I art     : Starting a blocking GC Explicit
08-04 22:04:38.327 23454 23467 I art     : Explicit concurrent mark sweep GC freed 3(96B) AllocSpace objects, 0(0B) LOS objects, 28% free, 39MB/55MB, paused 509us total 66.252ms
08-04 22:04:38.348 23454 23467 I art     : Starting a blocking GC Explicit
08-04 22:04:38.415 23454 23467 I art     : Explicit concurrent mark sweep GC freed 3(96B) AllocSpace objects, 0(0B) LOS objects, 28% free, 39MB/55MB, paused 510us total 66.916ms
08-04 22:04:38.611 27212 27212 D AndroidRuntime: >>>>>> START com.android.internal.os.RuntimeInit uid 2000 <<<<<<
08-04 22:04:38.619 27212 27212 D AndroidRuntime: CheckJNI is OFF
08-04 22:04:38.659 27212 27212 D ICU     : No timezone override file found: /data/misc/zoneinfo/current/icu/icu_tzdata.dat
08-04 22:04:38.701 27212 27212 I Radio-JNI: register_android_hardware_Radio DONE
08-04 22:04:38.731 27212 27212 D AndroidRuntime: Calling main entry com.android.commands.input.Input
08-04 22:04:38.733 27212 27212 I Input   : injectKeyEvent: KeyEvent { action=ACTION_DOWN, keyCode=KEYCODE_BACK, scanCode=0, metaState=0, flags=0x0, repeatCount=0, eventTime=741895146, downTime=741895146, deviceId=-1, source=0x101 }
08-04 22:04:38.739 27212 27212 I Input   : injectKeyEvent: KeyEvent { action=ACTION_UP, keyCode=KEYCODE_BACK, scanCode=0, metaState=0, flags=0x0, repeatCount=0, eventTime=741895146, downTime=741895146, deviceId=-1, source=0x101 }
08-04 22:04:38.745 27212 27212 D AndroidRuntime: Shutting down VM
08-04 22:04:38.770 23454 23466 I art     : Starting a blocking GC Explicit
08-04 22:04:38.794 13866 13866 I GoogleInputMethodServic: GoogleInputMethodService.onFinishInput():3138 
08-04 22:04:38.795 13866 13866 I GoogleInputMethodServic: GoogleInputMethodService.onStartInput():1808 
08-04 22:04:38.830 23454 23466 I art     : Explicit concurrent mark sweep GC freed 1538(89KB) AllocSpace objects, 1(20KB) LOS objects, 28% free, 39MB/55MB, paused 603us total 59.949ms
08-04 22:04:38.854 23454 23466 I art     : Starting a blocking GC Explicit
08-04 22:04:38.908 23454 23466 I art     : Explicit concurrent mark sweep GC freed 107(3KB) AllocSpace objects, 0(0B) LOS objects, 28% free, 39MB/55MB, paused 472us total 54.268ms
08-04 22:04:38.928 23454 23466 I art     : Starting a blocking GC Explicit
08-04 22:04:38.984 13866 13882 I PeriodicStatsRunner: PeriodicStatsRunner.call():175 call()
08-04 22:04:38.984 13866 13882 I PeriodicStatsRunner: PeriodicStatsRunner.call():179 No submit PeriodicStats since input started.
08-04 22:04:39.001 23454 23466 I art     : Explicit concurrent mark sweep GC freed 3(96B) AllocSpace objects, 0(0B) LOS objects, 28% free, 39MB/55MB, paused 461us total 72.341ms
08-04 22:04:39.026 23454 23466 I art     : Starting a blocking GC Explicit
08-04 22:04:39.098 23454 23466 I art     : Explicit concurrent mark sweep GC freed 3(96B) AllocSpace objects, 0(0B) LOS objects, 28% free, 39MB/55MB, paused 523us total 71.500ms
08-04 22:04:39.101   380   380 W SurfaceFlinger: couldn't log to binary event log: overflow.
08-04 22:04:39.121 23454 23466 I art     : Starting a blocking GC Explicit
08-04 22:04:39.180 23454 23466 I art     : Explicit concurrent mark sweep GC freed 65(2384B) AllocSpace objects, 0(0B) LOS objects, 28% free, 39MB/55MB, paused 550us total 59.547ms
08-04 22:04:39.534 23454 23467 I art     : Starting a blocking GC Explicit
08-04 22:04:39.594 23454 23467 I art     : Explicit concurrent mark sweep GC freed 42745(2MB) AllocSpace objects, 6(160KB) LOS objects, 29% free, 37MB/53MB, paused 493us total 59.705ms
08-04 22:04:39.613 23454 23467 I art     : Starting a blocking GC Explicit
08-04 22:04:39.663 23454 23467 I art     : Explicit concurrent mark sweep GC freed 24(864B) AllocSpace objects, 0(0B) LOS objects, 29% free, 37MB/53MB, paused 497us total 49.646ms
08-04 22:04:39.682 23454 23467 I art     : Starting a blocking GC Explicit
08-04 22:04:39.732 23454 23467 I art     : Explicit concurrent mark sweep GC freed 3(96B) AllocSpace objects, 0(0B) LOS objects, 29% free, 37MB/53MB, paused 506us total 50.039ms
08-04 22:04:39.751 23454 23467 I art     : Starting a blocking GC Explicit
08-04 22:04:39.801 23454 23467 I art     : Explicit concurrent mark sweep GC freed 3(96B) AllocSpace objects, 0(0B) LOS objects, 29% free, 37MB/53MB, paused 495us total 49.217ms
08-04 22:04:39.820 23454 23467 I art     : Starting a blocking GC Explicit
08-04 22:04:39.870 23454 23467 I art     : Explicit concurrent mark sweep GC freed 3(96B) AllocSpace objects, 0(0B) LOS objects, 29% free, 37MB/53MB, paused 491us total 49.877ms
08-04 22:04:40.195 23454 23973 I art     : Starting a blocking GC Explicit
08-04 22:04:40.249 23454 23973 I art     : Explicit concurrent mark sweep GC freed 1354(82KB) AllocSpace objects, 1(20KB) LOS objects, 29% free, 37MB/53MB, paused 533us total 53.488ms
08-04 22:04:40.268 23454 23973 I art     : Starting a blocking GC Explicit
08-04 22:04:40.314 23454 23973 I art     : Explicit concurrent mark sweep GC freed 20(704B) AllocSpace objects, 0(0B) LOS objects, 29% free, 37MB/53MB, paused 523us total 45.956ms
08-04 22:04:40.333 23454 23973 I art     : Starting a blocking GC Explicit
08-04 22:04:40.380 23454 23973 I art     : Explicit concurrent mark sweep GC freed 3(96B) AllocSpace objects, 0(0B) LOS objects, 29% free, 37MB/53MB, paused 494us total 46.868ms
08-04 22:04:40.398 23454 23973 I art     : Starting a blocking GC Explicit
08-04 22:04:40.446 23454 23973 I art     : Explicit concurrent mark sweep GC freed 3(96B) AllocSpace objects, 0(0B) LOS objects, 29% free, 37MB/53MB, paused 465us total 47.072ms
08-04 22:04:40.465 23454 23973 I art     : Starting a blocking GC Explicit
08-04 22:04:40.512 23454 23973 I art     : Explicit concurrent mark sweep GC freed 3(96B) AllocSpace objects, 0(0B) LOS objects, 29% free, 37MB/53MB, paused 529us total 46.942ms
08-04 22:04:40.555 27245 27245 D AndroidRuntime: >>>>>> START com.android.internal.os.RuntimeInit uid 2000 <<<<<<
08-04 22:04:40.562 27245 27245 D AndroidRuntime: CheckJNI is OFF
08-04 22:04:40.606 27245 27245 D ICU     : No timezone override file found: /data/misc/zoneinfo/current/icu/icu_tzdata.dat
08-04 22:04:40.653 27245 27245 I Radio-JNI: register_android_hardware_Radio DONE
08-04 22:04:40.683 27245 27245 D AndroidRuntime: Calling main entry com.android.commands.input.Input
08-04 22:04:40.685 27245 27245 I Input   : injectKeyEvent: KeyEvent { action=ACTION_DOWN, keyCode=KEYCODE_BACK, scanCode=0, metaState=0, flags=0x0, repeatCount=0, eventTime=741897098, downTime=741897098, deviceId=-1, source=0x101 }
08-04 22:04:40.692 27245 27245 I Input   : injectKeyEvent: KeyEvent { action=ACTION_UP, keyCode=KEYCODE_BACK, scanCode=0, metaState=0, flags=0x0, repeatCount=0, eventTime=741897098, downTime=741897098, deviceId=-1, source=0x101 }
08-04 22:04:40.700 27245 27245 D AndroidRuntime: Shutting down VM
08-04 22:04:40.746 13866 13866 I GoogleInputMethodServic: GoogleInputMethodService.onFinishInput():3138 
08-04 22:04:40.747 13866 13866 I GoogleInputMethodServic: GoogleInputMethodService.onStartInput():1808 
08-04 22:04:40.855 23454 23467 I art     : Starting a blocking GC Explicit
08-04 22:04:40.913 23454 23467 I art     : Explicit concurrent mark sweep GC freed 1533(88KB) AllocSpace objects, 1(20KB) LOS objects, 29% free, 37MB/53MB, paused 902us total 57.613ms
08-04 22:04:40.935 23454 23467 I art     : Starting a blocking GC Explicit
08-04 22:04:40.981 23454 23467 I art     : Explicit concurrent mark sweep GC freed 24(864B) AllocSpace objects, 0(0B) LOS objects, 29% free, 37MB/53MB, paused 418us total 45.465ms
08-04 22:04:41.000 23454 23467 I art     : Starting a blocking GC Explicit
08-04 22:04:41.047 23454 23467 I art     : Explicit concurrent mark sweep GC freed 3(96B) AllocSpace objects, 0(0B) LOS objects, 29% free, 37MB/53MB, paused 535us total 46.706ms
08-04 22:04:41.065 23454 23467 I art     : Starting a blocking GC Explicit
08-04 22:04:41.111 23454 23467 I art     : Explicit concurrent mark sweep GC freed 57(2128B) AllocSpace objects, 0(0B) LOS objects, 29% free, 37MB/53MB, paused 513us total 45.878ms
08-04 22:04:41.130 23454 23467 I art     : Starting a blocking GC Explicit
08-04 22:04:41.179 23454 23467 I art     : Explicit concurrent mark sweep GC freed 134(6KB) AllocSpace objects, 0(0B) LOS objects, 29% free, 37MB/53MB, paused 529us total 48.858ms
08-04 22:04:41.524 23454 23973 I art     : Starting a blocking GC Explicit
08-04 22:04:41.589 23454 23973 I art     : Explicit concurrent mark sweep GC freed 1354(82KB) AllocSpace objects, 1(20KB) LOS objects, 29% free, 37MB/53MB, paused 742us total 64.758ms
08-04 22:04:41.591   918  3188 I hubconnection: sensorhub said: 'set_bias 3: -6.7200, 0.0000, 0.0000'
08-04 22:04:41.614 23454 23973 I art     : Starting a blocking GC Explicit
08-04 22:04:41.666 23454 23973 I art     : Explicit concurrent mark sweep GC freed 22(784B) AllocSpace objects, 0(0B) LOS objects, 29% free, 37MB/53MB, paused 533us total 52.071ms
08-04 22:04:41.685 23454 23973 I art     : Starting a blocking GC Explicit
08-04 22:04:41.736 23454 23973 I art     : Explicit concurrent mark sweep GC freed 3(96B) AllocSpace objects, 0(0B) LOS objects, 29% free, 37MB/53MB, paused 521us total 50.603ms
08-04 22:04:41.755 23454 23973 I art     : Starting a blocking GC Explicit
08-04 22:04:41.807 23454 23973 I art     : Explicit concurrent mark sweep GC freed 3(96B) AllocSpace objects, 0(0B) LOS objects, 29% free, 37MB/53MB, paused 575us total 51.920ms
08-04 22:04:41.831 23454 23973 I art     : Starting a blocking GC Explicit
08-04 22:04:41.882 23454 23973 I art     : Explicit concurrent mark sweep GC freed 3(96B) AllocSpace objects, 0(0B) LOS objects, 29% free, 37MB/53MB, paused 542us total 50.176ms
08-04 22:04:42.210 23454 23466 I art     : Starting a blocking GC Explicit
08-04 22:04:42.238 25039 25039 I ServiceManager: Waiting for service AtCmdFwd...
08-04 22:04:42.268 23454 23466 I art     : Explicit concurrent mark sweep GC freed 1354(82KB) AllocSpace objects, 1(20KB) LOS objects, 29% free, 37MB/53MB, paused 620us total 57.532ms
08-04 22:04:42.287 23454 23466 I art     : Starting a blocking GC Explicit
08-04 22:04:42.339 23454 23466 I art     : Explicit concurrent mark sweep GC freed 20(704B) AllocSpace objects, 0(0B) LOS objects, 29% free, 37MB/53MB, paused 556us total 51.916ms
08-04 22:04:42.359 23454 23466 I art     : Starting a blocking GC Explicit
08-04 22:04:42.412 23454 23466 I art     : Explicit concurrent mark sweep GC freed 3(96B) AllocSpace objects, 0(0B) LOS objects, 29% free, 37MB/53MB, paused 542us total 53.121ms
08-04 22:04:42.431 23454 23466 I art     : Starting a blocking GC Explicit
08-04 22:04:42.483 23454 23466 I art     : Explicit concurrent mark sweep GC freed 3(96B) AllocSpace objects, 0(0B) LOS objects, 29% free, 37MB/53MB, paused 564us total 51.326ms
08-04 22:04:42.502 23454 23466 I art     : Starting a blocking GC Explicit
08-04 22:04:42.552 27295 27295 D AndroidRuntime: >>>>>> START com.android.internal.os.RuntimeInit uid 2000 <<<<<<
08-04 22:04:42.552 23454 23466 I art     : Explicit concurrent mark sweep GC freed 3(96B) AllocSpace objects, 0(0B) LOS objects, 29% free, 37MB/53MB, paused 565us total 50.305ms
08-04 22:04:42.558 27295 27295 D AndroidRuntime: CheckJNI is OFF
08-04 22:04:42.603 27295 27295 D ICU     : No timezone override file found: /data/misc/zoneinfo/current/icu/icu_tzdata.dat
08-04 22:04:42.650 27295 27295 I Radio-JNI: register_android_hardware_Radio DONE
08-04 22:04:42.679 27295 27295 D AndroidRuntime: Calling main entry com.android.commands.am.Am
08-04 22:04:42.690  2246  2246 I Trepn   : Trepn 6.2s: Received intent: com.quicinc.trepn.stop_profiling
08-04 22:04:42.752  2246  2246 I Trepn   : Trepn 6.2s: Trepn has Stopped Profiling.
08-04 22:04:42.882 27295 27295 D AndroidRuntime: Shutting down VM
08-04 22:04:42.886   918  4413 W AppOps  : Finishing op nesting under-run: uid 10078 pkg com.quicinc.trepn code 24 time=0 duration=0 nesting=0
08-04 22:04:42.908 23454 23517 I art     : Starting a blocking GC Explicit
08-04 22:04:42.952 23454 23517 I art     : Explicit concurrent mark sweep GC freed 1354(82KB) AllocSpace objects, 1(20KB) LOS objects, 29% free, 37MB/53MB, paused 504us total 43.481ms
08-04 22:04:42.970 23454 23517 I art     : Starting a blocking GC Explicit
08-04 22:04:43.023 23454 23517 I art     : Explicit concurrent mark sweep GC freed 20(704B) AllocSpace objects, 0(0B) LOS objects, 29% free, 37MB/53MB, paused 561us total 53.442ms
08-04 22:04:43.043 23454 23517 I art     : Starting a blocking GC Explicit
08-04 22:04:43.101 23454 23517 I art     : Explicit concurrent mark sweep GC freed 3(96B) AllocSpace objects, 0(0B) LOS objects, 29% free, 37MB/53MB, paused 659us total 57.796ms
08-04 22:04:43.124 23454 23517 I art     : Starting a blocking GC Explicit
08-04 22:04:43.176 23454 23517 I art     : Explicit concurrent mark sweep GC freed 3(96B) AllocSpace objects, 0(0B) LOS objects, 29% free, 37MB/53MB, paused 508us total 51.415ms
08-04 22:04:43.195 23454 23517 I art     : Starting a blocking GC Explicit
08-04 22:04:43.238 25039 25039 I ServiceManager: Waiting for service AtCmdFwd...
08-04 22:04:43.242 23454 23517 I art     : Explicit concurrent mark sweep GC freed 3(96B) AllocSpace objects, 0(0B) LOS objects, 29% free, 37MB/53MB, paused 515us total 46.734ms
08-04 22:04:43.795 13866 13882 I PeriodicStatsRunner: PeriodicStatsRunner.call():175 call()
08-04 22:04:43.795 13866 13882 I PeriodicStatsRunner: PeriodicStatsRunner.call():179 No submit PeriodicStats since input started.
08-04 22:04:44.239 25039 25039 I ServiceManager: Waiting for service AtCmdFwd...
08-04 22:04:44.555   918  3188 I hubconnection: sensorhub said: 'set_bias 3: -6.2400, 0.0000, 0.0000'
08-04 22:04:45.239 25039 25039 I ServiceManager: Waiting for service AtCmdFwd...
08-04 22:04:45.366   518   646 I ThermalEngine: ACTION: GPU - Setting GPU[0] to 510000000
08-04 22:04:45.747 13866 13882 I PeriodicStatsRunner: PeriodicStatsRunner.call():175 call()
08-04 22:04:45.748 13866 13882 I PeriodicStatsRunner: PeriodicStatsRunner.call():179 No submit PeriodicStats since input started.
08-04 22:04:46.240 25039 25039 I ServiceManager: Waiting for service AtCmdFwd...
08-04 22:04:47.241 25039 25039 W Atfwd_Sendcmd: AtCmdFwd service not published, waiting... retryCnt : 1
