--------- beginning of main
08-06 04:26:16.690 14024 14024 D AndroidRuntime: >>>>>> START com.android.internal.os.RuntimeInit uid 2000 <<<<<<
08-06 04:26:16.697 14024 14024 D AndroidRuntime: CheckJNI is OFF
08-06 04:26:16.724 14024 14024 D ICU     : No timezone override file found: /data/misc/zoneinfo/current/icu/icu_tzdata.dat
08-06 04:26:16.752 14024 14024 I Radio-JNI: register_android_hardware_Radio DONE
08-06 04:26:16.769 14024 14024 D AndroidRuntime: Calling main entry com.android.commands.monkey.Monkey
--------- beginning of system
08-06 04:26:16.787   918   931 W BroadcastQueue: Skipping deliver [background] BroadcastRecord{aea940b u-1 android.net.conn.CONNECTIVITY_CHANGE} to ReceiverList{a7e92e8 14024 (unknown name)/2000/u-1 remote:dd77d85}: process crashing
08-06 04:26:16.798   918   929 I ActivityManager: START u0 {act=android.intent.action.MAIN cat=[android.intent.category.LAUNCHER] flg=0x10200000 cmp=baseline.appteam.nith.hillffair/.activities.SplashActivity} from uid 2000 on display 0
08-06 04:26:16.830 14033 14033 I art     : Late-enabling -Xcheck:jni
08-06 04:26:16.833   918   928 I ActivityManager: Start proc 14033:baseline.appteam.nith.hillffair/u0a697 for activity baseline.appteam.nith.hillffair/.activities.SplashActivity
08-06 04:26:16.837 14024 14024 I art     : System.exit called, status: 0
08-06 04:26:16.837 14024 14024 I AndroidRuntime: VM exiting with result code 0.
08-06 04:26:16.905 16458  6583 I PBSessionCacheImpl: Deleted sessionId[72384646105454640] from persistence.
08-06 04:26:16.908 14033 14033 W System  : ClassLoader referenced unknown path: /data/app/baseline.appteam.nith.hillffair-1/lib/arm64
08-06 04:26:16.908 16458 16488 W SearchServiceCore: Abort, client detached.
08-06 04:26:16.908 16458 16488 I MicroDetectionState: Should stop hotword detection immediately - true
08-06 04:26:16.984 14033 14033 W OneSignal: GCM Library detected, please upgrade to Firebase FCM library as GCM is deprecated!
08-06 04:26:17.090 14033 14033 W art     : Before Android 4.1, method android.graphics.PorterDuffColorFilter androidx.vectordrawable.graphics.drawable.VectorDrawableCompat.updateTintFilter(android.graphics.PorterDuffColorFilter, android.content.res.ColorStateList, android.graphics.PorterDuff$Mode) would have incorrectly overridden the package-private method in android.graphics.drawable.Drawable
08-06 04:26:17.124 14033 14033 I art     : Rejecting re-init on previously-failed class java.lang.Class<androidx.core.view.ViewCompat$2>
08-06 04:26:17.125 14033 14033 I art     : Rejecting re-init on previously-failed class java.lang.Class<androidx.core.view.ViewCompat$2>
08-06 04:26:17.207 14033 14057 D OpenGLRenderer: Use EGL_SWAP_BEHAVIOR_PRESERVED: true
08-06 04:26:17.295 14033 14057 I Adreno  : QUALCOMM build                   : fcf4852, I1af360237c
08-06 04:26:17.295 14033 14057 I Adreno  : Build Date                       : 09/23/15
08-06 04:26:17.295 14033 14057 I Adreno  : OpenGL ES Shader Compiler Version: XE031.05.13.02
08-06 04:26:17.295 14033 14057 I Adreno  : Local Branch                     : mybranch14465806
08-06 04:26:17.295 14033 14057 I Adreno  : Remote Branch                    : quic/LA.BF64.1.2.9_v2
08-06 04:26:17.295 14033 14057 I Adreno  : Remote Branch                    : NONE
08-06 04:26:17.295 14033 14057 I Adreno  : Reconstruct Branch               : NOTHING
08-06 04:26:17.309 14033 14057 I OpenGLRenderer: Initialized EGL, version 1.4
08-06 04:26:17.419   918   936 I ActivityManager: Displayed baseline.appteam.nith.hillffair/.activities.SplashActivity: +613ms
08-06 04:26:17.420 13567 13567 I Atfwd_Sendcmd: AtCmdFwd service not ready - Exhausted retry attempts - :6
08-06 04:26:17.420 13567 13567 I Atfwd_Daemon: result : -1 	 ,Init step :2 	 ,qmiErrorCode: 0
08-06 04:26:17.425 13866 13866 I GoogleInputMethodServic: GoogleInputMethodService.onFinishInput():3138 
08-06 04:26:17.426 13866 13866 I GoogleInputMethodServic: GoogleInputMethodService.onStartInput():1808 
08-06 04:26:17.461 14033 14067 W GCM     : GCM SDK is deprecated, baseline.appteam.nith.hillffair should update to use FCM
08-06 04:26:17.523 24365 32102 W Conscrypt: Could not set socket write timeout: java.net.SocketException: Socket closed
08-06 04:26:17.523 24365 32102 E art     : invalid stream - problem with parameter iterator in /data/app/com.google.android.gms-2/base.apk:classes3.dex for method void com.google.android.gms.org.conscrypt.ConscryptFileDescriptorSocket.setSoWriteTimeout(int)
08-06 04:26:17.535 24365 32102 W Conscrypt: 	at com.google.android.gms.org.conscrypt.Platform.setSocketWriteTimeout(:com.google.android.gms@202614019@20.26.14 (040400-320008519):2)
08-06 04:26:17.535 24365 32102 W Conscrypt: 	at com.google.android.gms.org.conscrypt.ConscryptFileDescriptorSocket.setSoWriteTimeout(:com.google.android.gms@202614019@20.26.14 (040400-320008519))
08-06 04:26:17.563 24365 32102 W Conscrypt: Could not set socket write timeout: java.net.SocketException: Socket closed
08-06 04:26:17.564 24365 32102 E art     : invalid stream - problem with parameter iterator in /data/app/com.google.android.gms-2/base.apk:classes3.dex for method void com.google.android.gms.org.conscrypt.ConscryptFileDescriptorSocket.setSoWriteTimeout(int)
08-06 04:26:17.564 24365 32102 W Conscrypt: 	at com.google.android.gms.org.conscrypt.Platform.setSocketWriteTimeout(:com.google.android.gms@202614019@20.26.14 (040400-320008519):2)
08-06 04:26:17.564 24365 32102 W Conscrypt: 	at com.google.android.gms.org.conscrypt.ConscryptFileDescriptorSocket.setSoWriteTimeout(:com.google.android.gms@202614019@20.26.14 (040400-320008519))
08-06 04:26:17.632 24365 32102 W Conscrypt: Could not set socket write timeout: java.net.SocketException: Socket closed
08-06 04:26:17.633 24365 32102 E art     : invalid stream - problem with parameter iterator in /data/app/com.google.android.gms-2/base.apk:classes3.dex for method void com.google.android.gms.org.conscrypt.ConscryptFileDescriptorSocket.setSoWriteTimeout(int)
08-06 04:26:17.633 24365 32102 W Conscrypt: 	at com.google.android.gms.org.conscrypt.Platform.setSocketWriteTimeout(:com.google.android.gms@202614019@20.26.14 (040400-320008519):2)
08-06 04:26:17.633 24365 32102 W Conscrypt: 	at com.google.android.gms.org.conscrypt.ConscryptFileDescriptorSocket.setSoWriteTimeout(:com.google.android.gms@202614019@20.26.14 (040400-320008519))
08-06 04:26:17.649 24365 32102 W Conscrypt: Could not set socket write timeout: java.net.SocketException: Socket closed
08-06 04:26:17.650 24365 32102 E art     : invalid stream - problem with parameter iterator in /data/app/com.google.android.gms-2/base.apk:classes3.dex for method void com.google.android.gms.org.conscrypt.ConscryptFileDescriptorSocket.setSoWriteTimeout(int)
08-06 04:26:17.650 24365 32102 W Conscrypt: 	at com.google.android.gms.org.conscrypt.Platform.setSocketWriteTimeout(:com.google.android.gms@202614019@20.26.14 (040400-320008519):2)
08-06 04:26:17.650 24365 32102 W Conscrypt: 	at com.google.android.gms.org.conscrypt.ConscryptFileDescriptorSocket.setSoWriteTimeout(:com.google.android.gms@202614019@20.26.14 (040400-320008519))
08-06 04:26:17.839 24365 32102 I NetworkScheduler.Stats: Task com.google.android.apps.gcs/ started execution. cause:1 exec_start_elapsed_seconds: 1834581 [CONTEXT service_id=218 ]
08-06 04:26:17.840 31860 14071 W Gcs.WfaEliRefreshTask: [28374] afk.b: NULL eligibility response.
08-06 04:26:17.844 24365 32102 I NetworkScheduler.Stats: Task com.google.android.apps.gcs/ finished executing. cause:1 result: 3 elapsed_millis: 11 uptime_millis: 11 exec_start_elapsed_seconds: 1834581 [CONTEXT service_id=218 ]
08-06 04:26:17.851 14033 14067 E OneSignal: Error Getting GCM Token
08-06 04:26:17.851 14033 14067 E OneSignal: java.io.IOException: INVALID_SENDER
08-06 04:26:17.851 14033 14067 E OneSignal: 	at com.google.android.gms.gcm.GoogleCloudMessaging.zzd(Unknown Source)
08-06 04:26:17.851 14033 14067 E OneSignal: 	at com.google.android.gms.gcm.GoogleCloudMessaging.register(Unknown Source)
08-06 04:26:17.851 14033 14067 E OneSignal: 	at com.onesignal.PushRegistratorGCM.getToken(PushRegistratorGCM.java:42)
08-06 04:26:17.851 14033 14067 E OneSignal: 	at com.onesignal.PushRegistratorAbstractGoogle.attemptRegistration(PushRegistratorAbstractGoogle.java:97)
08-06 04:26:17.851 14033 14067 E OneSignal: 	at com.onesignal.PushRegistratorAbstractGoogle.access$100(PushRegistratorAbstractGoogle.java:37)
08-06 04:26:17.851 14033 14067 E OneSignal: 	at com.onesignal.PushRegistratorAbstractGoogle$1.run(PushRegistratorAbstractGoogle.java:84)
08-06 04:26:17.851 14033 14067 E OneSignal: 	at java.lang.Thread.run(Thread.java:818)
08-06 04:26:17.865 14033 14074 I art     : Rejecting re-init on previously-failed class java.lang.Class<com.onesignal.OneSignalChromeTab$OneSignalCustomTabsServiceConnection>
08-06 04:26:17.865 14033 14074 I art     : Rejecting re-init on previously-failed class java.lang.Class<com.onesignal.OneSignalChromeTab$OneSignalCustomTabsServiceConnection>
08-06 04:26:18.421 14084 14084 D AndroidRuntime: >>>>>> START com.android.internal.os.RuntimeInit uid 2000 <<<<<<
08-06 04:26:18.426 14084 14084 D AndroidRuntime: CheckJNI is OFF
08-06 04:26:18.457 14084 14084 D ICU     : No timezone override file found: /data/misc/zoneinfo/current/icu/icu_tzdata.dat
08-06 04:26:18.496 14084 14084 I Radio-JNI: register_android_hardware_Radio DONE
08-06 04:26:18.514 14084 14084 D AndroidRuntime: Calling main entry com.android.commands.am.Am
08-06 04:26:18.530  3167  3167 I Trepn   : Trepn 6.2s: Received intent: com.quicinc.trepn.start_profiling
08-06 04:26:18.637  3167  3167 W FileUtils: Failed to chmod(/storage/emulated/0/trepn/Trepn_2020.08.06_042618.db): android.system.ErrnoException: chmod failed: EPERM (Operation not permitted)
08-06 04:26:18.672   918  3714 I ActivityManager: START u0 {cmp=baseline.appteam.nith.hillffair/.activities.WelcomeActivity} from uid 10697 on display 0
08-06 04:26:18.698   918  3714 I ActivityManager: START u0 {cmp=baseline.appteam.nith.hillffair/.activities.HomeActivity} from uid 10697 on display 0
08-06 04:26:18.703   918  4413 W ActivityManager: Duplicate finish request for ActivityRecord{82e3c7 u0 baseline.appteam.nith.hillffair/.activities.WelcomeActivity t4341 f}
08-06 04:26:18.735  3167  3167 I Trepn   : Trepn 6.2s: Trepn has Started Profiling.
08-06 04:26:18.737 14084 14084 D AndroidRuntime: Shutting down VM
08-06 04:26:19.164 14033 14046 I art     : Starting a blocking GC Explicit
08-06 04:26:19.171   918   936 I ActivityManager: Displayed baseline.appteam.nith.hillffair/.activities.HomeActivity: +414ms (total +488ms)
08-06 04:26:19.172 13866 13866 I GoogleInputMethodServic: GoogleInputMethodService.onFinishInput():3138 
08-06 04:26:19.172 13866 13866 I GoogleInputMethodServic: GoogleInputMethodService.onStartInput():1808 
08-06 04:26:19.183 14033 14046 I art     : Explicit concurrent mark sweep GC freed 2140(442KB) AllocSpace objects, 0(0B) LOS objects, 24% free, 48MB/64MB, paused 339us total 18.989ms
08-06 04:26:19.189 14033 14046 I art     : Starting a blocking GC Explicit
08-06 04:26:19.204 14033 14046 I art     : Explicit concurrent mark sweep GC freed 353(16KB) AllocSpace objects, 0(0B) LOS objects, 24% free, 48MB/64MB, paused 185us total 14.156ms
08-06 04:26:19.211 14033 14046 I art     : Starting a blocking GC Explicit
08-06 04:26:19.223 14033 14046 I art     : Explicit concurrent mark sweep GC freed 39(1360B) AllocSpace objects, 0(0B) LOS objects, 24% free, 48MB/64MB, paused 156us total 10.929ms
08-06 04:26:19.228 14033 14046 I art     : Starting a blocking GC Explicit
08-06 04:26:19.241 14033 14046 I art     : Explicit concurrent mark sweep GC freed 69(5KB) AllocSpace objects, 0(0B) LOS objects, 24% free, 48MB/64MB, paused 202us total 12.176ms
08-06 04:26:19.247 14033 14046 I art     : Starting a blocking GC Explicit
08-06 04:26:19.257 14033 14046 I art     : Explicit concurrent mark sweep GC freed 988(69KB) AllocSpace objects, 0(0B) LOS objects, 25% free, 47MB/63MB, paused 142us total 10.345ms
08-06 04:26:19.404   380   380 W SurfaceFlinger: couldn't log to binary event log: overflow.
08-06 04:26:19.580 14033 14046 I art     : Starting a blocking GC Explicit
08-06 04:26:19.594 14033 14046 I art     : Explicit concurrent mark sweep GC freed 2030(114KB) AllocSpace objects, 1(20KB) LOS objects, 25% free, 47MB/63MB, paused 214us total 14.496ms
08-06 04:26:19.601 14033 14046 I art     : Starting a blocking GC Explicit
08-06 04:26:19.613 14033 14046 I art     : Explicit concurrent mark sweep GC freed 908(59KB) AllocSpace objects, 0(0B) LOS objects, 25% free, 47MB/63MB, paused 172us total 11.693ms
08-06 04:26:19.619 14033 14046 I art     : Starting a blocking GC Explicit
08-06 04:26:19.630 14033 14046 I art     : Explicit concurrent mark sweep GC freed 3(96B) AllocSpace objects, 0(0B) LOS objects, 25% free, 47MB/63MB, paused 155us total 10.398ms
08-06 04:26:19.636 14033 14046 I art     : Starting a blocking GC Explicit
08-06 04:26:19.647 14033 14046 I art     : Explicit concurrent mark sweep GC freed 3(96B) AllocSpace objects, 0(0B) LOS objects, 25% free, 47MB/63MB, paused 165us total 11.337ms
08-06 04:26:19.653 14033 14046 I art     : Starting a blocking GC Explicit
08-06 04:26:19.664 14033 14046 I art     : Explicit concurrent mark sweep GC freed 3(96B) AllocSpace objects, 0(0B) LOS objects, 25% free, 47MB/63MB, paused 162us total 11.354ms
08-06 04:26:19.937 14033 14045 I art     : Starting a blocking GC Explicit
08-06 04:26:19.955 14033 14045 I art     : Explicit concurrent mark sweep GC freed 1341(78KB) AllocSpace objects, 1(20KB) LOS objects, 25% free, 47MB/63MB, paused 217us total 17.472ms
08-06 04:26:19.964 14033 14045 I art     : Starting a blocking GC Explicit
08-06 04:26:19.977 14033 14045 I art     : Explicit concurrent mark sweep GC freed 20(704B) AllocSpace objects, 0(0B) LOS objects, 25% free, 47MB/63MB, paused 256us total 12.336ms
08-06 04:26:19.983 14033 14045 I art     : Starting a blocking GC Explicit
08-06 04:26:19.995 14033 14045 I art     : Explicit concurrent mark sweep GC freed 3(96B) AllocSpace objects, 0(0B) LOS objects, 25% free, 47MB/63MB, paused 149us total 11.905ms
08-06 04:26:20.002 14033 14045 I art     : Starting a blocking GC Explicit
08-06 04:26:20.013 14033 14045 I art     : Explicit concurrent mark sweep GC freed 3(96B) AllocSpace objects, 0(0B) LOS objects, 25% free, 47MB/63MB, paused 147us total 11.345ms
08-06 04:26:20.019 14033 14045 I art     : Starting a blocking GC Explicit
08-06 04:26:20.031 14033 14045 I art     : Explicit concurrent mark sweep GC freed 3(96B) AllocSpace objects, 0(0B) LOS objects, 25% free, 47MB/63MB, paused 158us total 11.660ms
08-06 04:26:20.342 14033 14124 I art     : Starting a blocking GC Explicit
08-06 04:26:20.360 14033 14124 I art     : Explicit concurrent mark sweep GC freed 1342(78KB) AllocSpace objects, 1(20KB) LOS objects, 25% free, 47MB/63MB, paused 184us total 17.167ms
08-06 04:26:20.369 14033 14124 I art     : Starting a blocking GC Explicit
08-06 04:26:20.382 14033 14124 I art     : Explicit concurrent mark sweep GC freed 20(704B) AllocSpace objects, 0(0B) LOS objects, 25% free, 47MB/63MB, paused 155us total 12.405ms
08-06 04:26:20.388 14033 14124 I art     : Starting a blocking GC Explicit
08-06 04:26:20.400 14033 14124 I art     : Explicit concurrent mark sweep GC freed 3(96B) AllocSpace objects, 0(0B) LOS objects, 25% free, 47MB/63MB, paused 160us total 11.851ms
08-06 04:26:20.407 14033 14124 I art     : Starting a blocking GC Explicit
08-06 04:26:20.418 14033 14124 I art     : Explicit concurrent mark sweep GC freed 3(96B) AllocSpace objects, 0(0B) LOS objects, 25% free, 47MB/63MB, paused 144us total 11.118ms
08-06 04:26:20.424 14033 14124 I art     : Starting a blocking GC Explicit
08-06 04:26:20.436 14033 14124 I art     : Explicit concurrent mark sweep GC freed 3(96B) AllocSpace objects, 0(0B) LOS objects, 25% free, 47MB/63MB, paused 149us total 11.186ms
08-06 04:26:20.738 14033 14123 I art     : Starting a blocking GC Explicit
08-06 04:26:20.753 14033 14123 I art     : Explicit concurrent mark sweep GC freed 1340(78KB) AllocSpace objects, 1(20KB) LOS objects, 25% free, 47MB/63MB, paused 161us total 14.088ms
08-06 04:26:20.759 14033 14123 I art     : Starting a blocking GC Explicit
08-06 04:26:20.772 14033 14123 I art     : Explicit concurrent mark sweep GC freed 20(704B) AllocSpace objects, 0(0B) LOS objects, 25% free, 47MB/63MB, paused 162us total 12.443ms
08-06 04:26:20.778 14033 14123 I art     : Starting a blocking GC Explicit
08-06 04:26:20.791 14033 14123 I art     : Explicit concurrent mark sweep GC freed 3(96B) AllocSpace objects, 0(0B) LOS objects, 25% free, 47MB/63MB, paused 171us total 12.330ms
08-06 04:26:20.797 14033 14123 I art     : Starting a blocking GC Explicit
08-06 04:26:20.809 14033 14123 I art     : Explicit concurrent mark sweep GC freed 3(96B) AllocSpace objects, 0(0B) LOS objects, 25% free, 47MB/63MB, paused 161us total 11.618ms
08-06 04:26:20.815 14033 14123 I art     : Starting a blocking GC Explicit
08-06 04:26:20.827 14033 14123 I art     : Explicit concurrent mark sweep GC freed 3(96B) AllocSpace objects, 0(0B) LOS objects, 25% free, 47MB/63MB, paused 151us total 11.343ms
08-06 04:26:21.110 14033 14046 I art     : Starting a blocking GC Explicit
08-06 04:26:21.125 14033 14046 I art     : Explicit concurrent mark sweep GC freed 1339(78KB) AllocSpace objects, 1(20KB) LOS objects, 25% free, 47MB/63MB, paused 182us total 14.108ms
08-06 04:26:21.131 14033 14046 I art     : Starting a blocking GC Explicit
08-06 04:26:21.144 14033 14046 I art     : Explicit concurrent mark sweep GC freed 20(704B) AllocSpace objects, 0(0B) LOS objects, 25% free, 47MB/63MB, paused 165us total 12.412ms
08-06 04:26:21.150 14033 14046 I art     : Starting a blocking GC Explicit
08-06 04:26:21.162 14033 14046 I art     : Explicit concurrent mark sweep GC freed 3(96B) AllocSpace objects, 0(0B) LOS objects, 25% free, 47MB/63MB, paused 146us total 11.959ms
08-06 04:26:21.169 14033 14046 I art     : Starting a blocking GC Explicit
08-06 04:26:21.181 14033 14046 I art     : Explicit concurrent mark sweep GC freed 3(96B) AllocSpace objects, 0(0B) LOS objects, 25% free, 47MB/63MB, paused 150us total 11.393ms
08-06 04:26:21.187 14033 14046 I art     : Starting a blocking GC Explicit
08-06 04:26:21.198 14033 14046 I art     : Explicit concurrent mark sweep GC freed 3(96B) AllocSpace objects, 0(0B) LOS objects, 25% free, 47MB/63MB, paused 153us total 11.179ms
08-06 04:26:21.508 14033 14045 I art     : Starting a blocking GC Explicit
08-06 04:26:21.523 14033 14045 I art     : Explicit concurrent mark sweep GC freed 1339(78KB) AllocSpace objects, 1(20KB) LOS objects, 25% free, 47MB/63MB, paused 184us total 14.307ms
08-06 04:26:21.530 14033 14045 I art     : Starting a blocking GC Explicit
08-06 04:26:21.546 14033 14045 I art     : Explicit concurrent mark sweep GC freed 20(704B) AllocSpace objects, 0(0B) LOS objects, 25% free, 47MB/63MB, paused 188us total 15.049ms
08-06 04:26:21.555 14033 14045 I art     : Starting a blocking GC Explicit
08-06 04:26:21.567 14033 14045 I art     : Explicit concurrent mark sweep GC freed 3(96B) AllocSpace objects, 0(0B) LOS objects, 25% free, 47MB/63MB, paused 143us total 11.829ms
08-06 04:26:21.574 14033 14045 I art     : Starting a blocking GC Explicit
08-06 04:26:21.586 14033 14045 I art     : Explicit concurrent mark sweep GC freed 3(96B) AllocSpace objects, 0(0B) LOS objects, 25% free, 47MB/63MB, paused 157us total 12.045ms
08-06 04:26:21.592 14033 14045 I art     : Starting a blocking GC Explicit
08-06 04:26:21.605 14033 14045 I art     : Explicit concurrent mark sweep GC freed 3(96B) AllocSpace objects, 0(0B) LOS objects, 25% free, 47MB/63MB, paused 149us total 12.039ms
08-06 04:26:21.923 14033 14124 I art     : Starting a blocking GC Explicit
08-06 04:26:21.940 14033 14124 I art     : Explicit concurrent mark sweep GC freed 1339(78KB) AllocSpace objects, 1(20KB) LOS objects, 25% free, 47MB/63MB, paused 191us total 17.017ms
08-06 04:26:21.948 14033 14124 I art     : Starting a blocking GC Explicit
08-06 04:26:21.961 14033 14124 I art     : Explicit concurrent mark sweep GC freed 20(704B) AllocSpace objects, 0(0B) LOS objects, 25% free, 47MB/63MB, paused 155us total 12.444ms
08-06 04:26:21.967 14033 14124 I art     : Starting a blocking GC Explicit
08-06 04:26:21.979 14033 14124 I art     : Explicit concurrent mark sweep GC freed 3(96B) AllocSpace objects, 0(0B) LOS objects, 25% free, 47MB/63MB, paused 154us total 11.715ms
08-06 04:26:21.985 14033 14124 I art     : Starting a blocking GC Explicit
08-06 04:26:21.997 14033 14124 I art     : Explicit concurrent mark sweep GC freed 3(96B) AllocSpace objects, 0(0B) LOS objects, 25% free, 47MB/63MB, paused 170us total 11.408ms
08-06 04:26:22.003 14033 14124 I art     : Starting a blocking GC Explicit
08-06 04:26:22.014 14033 14124 I art     : Explicit concurrent mark sweep GC freed 3(96B) AllocSpace objects, 0(0B) LOS objects, 25% free, 47MB/63MB, paused 153us total 11.470ms
08-06 04:26:22.315 14033 14123 I art     : Starting a blocking GC Explicit
08-06 04:26:22.332 14033 14123 I art     : Explicit concurrent mark sweep GC freed 1339(78KB) AllocSpace objects, 1(20KB) LOS objects, 25% free, 47MB/63MB, paused 250us total 17.046ms
08-06 04:26:22.345 14033 14123 I art     : Starting a blocking GC Explicit
08-06 04:26:22.357 14033 14123 I art     : Explicit concurrent mark sweep GC freed 20(704B) AllocSpace objects, 0(0B) LOS objects, 25% free, 47MB/63MB, paused 178us total 12.379ms
08-06 04:26:22.363 14033 14123 I art     : Starting a blocking GC Explicit
08-06 04:26:22.375 14033 14123 I art     : Explicit concurrent mark sweep GC freed 3(96B) AllocSpace objects, 0(0B) LOS objects, 25% free, 47MB/63MB, paused 170us total 11.778ms
08-06 04:26:22.381 14033 14123 I art     : Starting a blocking GC Explicit
08-06 04:26:22.393 14033 14123 I art     : Explicit concurrent mark sweep GC freed 3(96B) AllocSpace objects, 0(0B) LOS objects, 25% free, 47MB/63MB, paused 169us total 11.457ms
08-06 04:26:22.399 14033 14123 I art     : Starting a blocking GC Explicit
08-06 04:26:22.411 14033 14123 I art     : Explicit concurrent mark sweep GC freed 3(96B) AllocSpace objects, 0(0B) LOS objects, 25% free, 47MB/63MB, paused 162us total 11.460ms
08-06 04:26:22.420 13567 13567 I ServiceManager: Waiting for service AtCmdFwd...
08-06 04:26:22.607   918  1210 D NetlinkSocketObserver: NeighborEvent{elapsedMs=1834586482, 192.168.2.254, [7C3953A63323], RTM_NEWNEIGH, NUD_REACHABLE}
08-06 04:26:22.708 14033 14046 I art     : Starting a blocking GC Explicit
08-06 04:26:22.720 14033 14046 I art     : Explicit concurrent mark sweep GC freed 1338(78KB) AllocSpace objects, 1(20KB) LOS objects, 25% free, 47MB/63MB, paused 153us total 11.921ms
08-06 04:26:22.726 14033 14046 I art     : Starting a blocking GC Explicit
08-06 04:26:22.737 14033 14046 I art     : Explicit concurrent mark sweep GC freed 20(704B) AllocSpace objects, 0(0B) LOS objects, 25% free, 47MB/63MB, paused 147us total 10.161ms
08-06 04:26:22.742 14033 14046 I art     : Starting a blocking GC Explicit
08-06 04:26:22.752 14033 14046 I art     : Explicit concurrent mark sweep GC freed 3(96B) AllocSpace objects, 0(0B) LOS objects, 25% free, 47MB/63MB, paused 144us total 9.689ms
08-06 04:26:22.757 14033 14046 I art     : Starting a blocking GC Explicit
08-06 04:26:22.767 14033 14046 I art     : Explicit concurrent mark sweep GC freed 3(96B) AllocSpace objects, 0(0B) LOS objects, 25% free, 47MB/63MB, paused 142us total 9.582ms
08-06 04:26:22.772 14033 14046 I art     : Starting a blocking GC Explicit
08-06 04:26:22.782 14033 14046 I art     : Explicit concurrent mark sweep GC freed 3(96B) AllocSpace objects, 0(0B) LOS objects, 25% free, 47MB/63MB, paused 144us total 9.595ms
08-06 04:26:22.991 14033 14221 W OneSignal: OneSignalRestClient: POST Error thrown from network stack. 
08-06 04:26:22.991 14033 14221 W OneSignal: java.io.IOException: unexpected end of stream on Connection{api.onesignal.com:443, proxy=HTTP@192.168.2.12:8080 hostAddress=192.168.2.12 cipherSuite=TLS_ECDHE_RSA_WITH_AES_128_GCM_SHA256 protocol=http/1.1} (recycle count=1)
08-06 04:26:22.991 14033 14221 W OneSignal: 	at com.android.okhttp.internal.http.HttpConnection.readResponse(HttpConnection.java:210)
08-06 04:26:22.991 14033 14221 W OneSignal: 	at com.android.okhttp.internal.http.HttpTransport.readResponseHeaders(HttpTransport.java:80)
08-06 04:26:22.991 14033 14221 W OneSignal: 	at com.android.okhttp.internal.http.HttpEngine.readNetworkResponse(HttpEngine.java:904)
08-06 04:26:22.991 14033 14221 W OneSignal: 	at com.android.okhttp.internal.http.HttpEngine.readResponse(HttpEngine.java:788)
08-06 04:26:22.991 14033 14221 W OneSignal: 	at com.android.okhttp.internal.huc.HttpURLConnectionImpl.execute(HttpURLConnectionImpl.java:439)
08-06 04:26:22.991 14033 14221 W OneSignal: 	at com.android.okhttp.internal.huc.HttpURLConnectionImpl.getResponse(HttpURLConnectionImpl.java:384)
08-06 04:26:22.991 14033 14221 W OneSignal: 	at com.android.okhttp.internal.huc.HttpURLConnectionImpl.getResponseCode(HttpURLConnectionImpl.java:497)
08-06 04:26:22.991 14033 14221 W OneSignal: 	at com.android.okhttp.internal.huc.DelegatingHttpsURLConnection.getResponseCode(DelegatingHttpsURLConnection.java:105)
08-06 04:26:22.991 14033 14221 W OneSignal: 	at com.android.okhttp.internal.huc.HttpsURLConnectionImpl.getResponseCode(HttpsURLConnectionImpl.java)
08-06 04:26:22.991 14033 14221 W OneSignal: 	at com.onesignal.OneSignalRestClient.startHTTPConnection(OneSignalRestClient.java:180)
08-06 04:26:22.991 14033 14221 W OneSignal: 	at com.onesignal.OneSignalRestClient.access$100(OneSignalRestClient.java:44)
08-06 04:26:22.991 14033 14221 W OneSignal: 	at com.onesignal.OneSignalRestClient$4.run(OneSignalRestClient.java:110)
08-06 04:26:22.991 14033 14221 W OneSignal: 	at java.lang.Thread.run(Thread.java:818)
08-06 04:26:22.991 14033 14221 W OneSignal: Caused by: java.io.EOFException: \n not found: size=0 content=...
08-06 04:26:22.991 14033 14221 W OneSignal: 	at com.android.okhttp.okio.RealBufferedSource.readUtf8LineStrict(RealBufferedSource.java:200)
08-06 04:26:22.991 14033 14221 W OneSignal: 	at com.android.okhttp.internal.http.HttpConnection.readResponse(HttpConnection.java:191)
08-06 04:26:22.991 14033 14221 W OneSignal: 	... 12 more
08-06 04:26:22.994 14033 14232 W OneSignal: Failed last request. statusCode: -1
08-06 04:26:22.994 14033 14232 W OneSignal: response: null
08-06 04:26:23.047 14033 14045 I art     : Starting a blocking GC Explicit
08-06 04:26:23.064 14033 14045 I art     : Explicit concurrent mark sweep GC freed 1905(152KB) AllocSpace objects, 1(20KB) LOS objects, 25% free, 47MB/63MB, paused 181us total 17.340ms
08-06 04:26:23.075 14033 14045 I art     : Starting a blocking GC Explicit
08-06 04:26:23.090 14033 14045 I art     : Explicit concurrent mark sweep GC freed 30(1168B) AllocSpace objects, 0(0B) LOS objects, 25% free, 47MB/63MB, paused 178us total 14.684ms
08-06 04:26:23.097 14033 14045 I art     : Starting a blocking GC Explicit
08-06 04:26:23.109 14033 14045 I art     : Explicit concurrent mark sweep GC freed 3(96B) AllocSpace objects, 0(0B) LOS objects, 25% free, 47MB/63MB, paused 154us total 11.693ms
08-06 04:26:23.116 14033 14045 I art     : Starting a blocking GC Explicit
08-06 04:26:23.127 14033 14045 I art     : Explicit concurrent mark sweep GC freed 3(96B) AllocSpace objects, 0(0B) LOS objects, 25% free, 47MB/63MB, paused 153us total 11.778ms
08-06 04:26:23.134 14033 14045 I art     : Starting a blocking GC Explicit
08-06 04:26:23.145 14033 14045 I art     : Explicit concurrent mark sweep GC freed 3(96B) AllocSpace objects, 0(0B) LOS objects, 25% free, 47MB/63MB, paused 156us total 11.581ms
08-06 04:26:23.421 13567 13567 I ServiceManager: Waiting for service AtCmdFwd...
08-06 04:26:23.442 14033 14124 I art     : Starting a blocking GC Explicit
08-06 04:26:23.457 14033 14124 I art     : Explicit concurrent mark sweep GC freed 1339(78KB) AllocSpace objects, 1(20KB) LOS objects, 25% free, 47MB/63MB, paused 205us total 14.275ms
08-06 04:26:23.463 14033 14124 I art     : Starting a blocking GC Explicit
08-06 04:26:23.476 14033 14124 I art     : Explicit concurrent mark sweep GC freed 20(704B) AllocSpace objects, 0(0B) LOS objects, 25% free, 47MB/63MB, paused 162us total 12.305ms
08-06 04:26:23.482 14033 14124 I art     : Starting a blocking GC Explicit
08-06 04:26:23.493 14033 14124 I art     : Explicit concurrent mark sweep GC freed 3(96B) AllocSpace objects, 0(0B) LOS objects, 25% free, 47MB/63MB, paused 159us total 11.001ms
08-06 04:26:23.499 14033 14124 I art     : Starting a blocking GC Explicit
08-06 04:26:23.510 14033 14124 I art     : Explicit concurrent mark sweep GC freed 3(96B) AllocSpace objects, 0(0B) LOS objects, 25% free, 47MB/63MB, paused 148us total 11.260ms
08-06 04:26:23.516 14033 14124 I art     : Starting a blocking GC Explicit
08-06 04:26:23.528 14033 14124 I art     : Explicit concurrent mark sweep GC freed 3(96B) AllocSpace objects, 0(0B) LOS objects, 25% free, 47MB/63MB, paused 158us total 11.056ms
08-06 04:26:23.715 14246 14246 D AndroidRuntime: >>>>>> START com.android.internal.os.RuntimeInit uid 2000 <<<<<<
08-06 04:26:23.719 14246 14246 D AndroidRuntime: CheckJNI is OFF
08-06 04:26:23.744 14246 14246 D ICU     : No timezone override file found: /data/misc/zoneinfo/current/icu/icu_tzdata.dat
08-06 04:26:23.770 14246 14246 I Radio-JNI: register_android_hardware_Radio DONE
08-06 04:26:23.786 14246 14246 D AndroidRuntime: Calling main entry com.android.commands.input.Input
08-06 04:26:23.788 14246 14246 I Input   : injectMotionEvent: MotionEvent { action=ACTION_DOWN, actionButton=0, id[0]=0, x[0]=337.0, y[0]=1104.0, toolType[0]=TOOL_TYPE_UNKNOWN, buttonState=0, metaState=0, flags=0x0, edgeFlags=0x0, pointerCount=1, historySize=0, eventTime=851200200, downTime=851200200, deviceId=0, source=0x1002 }
08-06 04:26:23.793 14246 14246 I Input   : injectMotionEvent: MotionEvent { action=ACTION_UP, actionButton=0, id[0]=0, x[0]=337.0, y[0]=1104.0, toolType[0]=TOOL_TYPE_UNKNOWN, buttonState=0, metaState=0, flags=0x0, edgeFlags=0x0, pointerCount=1, historySize=0, eventTime=851200200, downTime=851200200, deviceId=0, source=0x1002 }
08-06 04:26:23.795   918   929 I ActivityManager: START u0 {cmp=baseline.appteam.nith.hillffair/.activities.BattleDayActivity} from uid 10697 on display 0
08-06 04:26:23.798 14033 14123 I art     : Starting a blocking GC Explicit
08-06 04:26:23.802 14246 14246 D AndroidRuntime: Shutting down VM
08-06 04:26:23.812 14033 14123 I art     : Explicit concurrent mark sweep GC freed 1428(91KB) AllocSpace objects, 1(20KB) LOS objects, 24% free, 48MB/64MB, paused 1.002ms total 13.778ms
08-06 04:26:23.818 14033 14123 I art     : Starting a blocking GC Explicit
08-06 04:26:23.831 14033 14123 I art     : Explicit concurrent mark sweep GC freed 671(71KB) AllocSpace objects, 0(0B) LOS objects, 24% free, 48MB/64MB, paused 612us total 12.884ms
08-06 04:26:23.837 14033 14123 I art     : Starting a blocking GC Explicit
08-06 04:26:23.858 14033 14123 I art     : Explicit concurrent mark sweep GC freed 2311(159KB) AllocSpace objects, 0(0B) LOS objects, 24% free, 48MB/64MB, paused 813us total 20.454ms
08-06 04:26:23.864 14033 14123 I art     : Starting a blocking GC Explicit
08-06 04:26:23.879 14033 14123 I art     : Explicit concurrent mark sweep GC freed 4450(247KB) AllocSpace objects, 0(0B) LOS objects, 24% free, 48MB/64MB, paused 278us total 14.665ms
08-06 04:26:23.884 14033 14123 I art     : Starting a blocking GC Explicit
08-06 04:26:23.896 14033 14123 I art     : Explicit concurrent mark sweep GC freed 126(11KB) AllocSpace objects, 0(0B) LOS objects, 24% free, 48MB/64MB, paused 217us total 11.745ms
08-06 04:26:23.917 13866 13866 I GoogleInputMethodServic: GoogleInputMethodService.onFinishInput():3138 
08-06 04:26:23.917 13866 13866 I GoogleInputMethodServic: GoogleInputMethodService.onStartInput():1808 
08-06 04:26:23.949   918   936 I ActivityManager: Displayed baseline.appteam.nith.hillffair/.activities.BattleDayActivity: +147ms
08-06 04:26:24.128 14033 14046 I art     : Starting a blocking GC Explicit
08-06 04:26:24.149 14033 14046 I art     : Explicit concurrent mark sweep GC freed 1590(94KB) AllocSpace objects, 1(20KB) LOS objects, 24% free, 48MB/64MB, paused 267us total 20.092ms
08-06 04:26:24.159 14033 14046 I art     : Starting a blocking GC Explicit
08-06 04:26:24.181 14033 14046 I art     : Explicit concurrent mark sweep GC freed 34(1168B) AllocSpace objects, 0(0B) LOS objects, 24% free, 48MB/64MB, paused 210us total 20.843ms
08-06 04:26:24.189 14033 14046 I art     : Starting a blocking GC Explicit
08-06 04:26:24.206 14033 14046 I art     : Explicit concurrent mark sweep GC freed 3(96B) AllocSpace objects, 0(0B) LOS objects, 24% free, 48MB/64MB, paused 207us total 16.028ms
08-06 04:26:24.209   380   380 W SurfaceFlinger: couldn't log to binary event log: overflow.
08-06 04:26:24.216 14033 14046 I art     : Starting a blocking GC Explicit
08-06 04:26:24.232 14033 14046 I art     : Explicit concurrent mark sweep GC freed 3(96B) AllocSpace objects, 0(0B) LOS objects, 24% free, 48MB/64MB, paused 207us total 15.412ms
08-06 04:26:24.238 14033 14046 I art     : Starting a blocking GC Explicit
08-06 04:26:24.250 14033 14046 I art     : Explicit concurrent mark sweep GC freed 3(96B) AllocSpace objects, 0(0B) LOS objects, 24% free, 48MB/64MB, paused 178us total 12.317ms
08-06 04:26:24.421 13567 13567 I ServiceManager: Waiting for service AtCmdFwd...
08-06 04:26:24.528 14033 14046 I art     : Starting a blocking GC Explicit
08-06 04:26:24.544 14033 14046 I art     : Explicit concurrent mark sweep GC freed 1497(91KB) AllocSpace objects, 1(20KB) LOS objects, 24% free, 48MB/64MB, paused 289us total 16.354ms
08-06 04:26:24.552 14033 14046 I art     : Starting a blocking GC Explicit
08-06 04:26:24.565 14033 14046 I art     : Explicit concurrent mark sweep GC freed 50(1712B) AllocSpace objects, 0(0B) LOS objects, 24% free, 48MB/64MB, paused 212us total 12.910ms
08-06 04:26:24.571 14033 14046 I art     : Starting a blocking GC Explicit
08-06 04:26:24.584 14033 14046 I art     : Explicit concurrent mark sweep GC freed 10(352B) AllocSpace objects, 0(0B) LOS objects, 24% free, 48MB/64MB, paused 196us total 12.703ms
08-06 04:26:24.590 14033 14046 I art     : Starting a blocking GC Explicit
08-06 04:26:24.602 14033 14046 I art     : Explicit concurrent mark sweep GC freed 8(288B) AllocSpace objects, 0(0B) LOS objects, 24% free, 48MB/64MB, paused 192us total 11.501ms
08-06 04:26:24.608 14033 14046 I art     : Starting a blocking GC Explicit
08-06 04:26:24.619 14033 14046 I art     : Explicit concurrent mark sweep GC freed 8(288B) AllocSpace objects, 0(0B) LOS objects, 24% free, 48MB/64MB, paused 183us total 11.512ms
08-06 04:26:24.736 14033 14269 D OkHttp  : --> GET https://api-hillfair-2k16.herokuapp.com/api/app/events/special http/1.1
08-06 04:26:24.775 14033 14269 D OkHttp  : <-- 200 OK https://api-hillfair-2k16.herokuapp.com/api/app/events/special (38ms, 554-byte body)
08-06 04:26:24.844 14033 14033 I NAPPA_EXPERIMENTATION: MetricNetworkRequestExecutionTime: REQUEST_DURATION_SYSTEM='980',REQUEST_DURATION_OKHTTP='36',REQUEST_SYNCHRONOUS='FALSE',RESPONSE_CODE='200',RESPONSE_METHOD='GET',RESPONSE_LENGTH_OKHTTP='554',RESPONSE_LENGTH_HEADER='554',REQUEST_PROTOCOL='http/1.1',REQUEST_URL='https://api-hillfair-2k16.herokuapp.com/api/app/events/special',
08-06 04:26:24.882 14033 14123 I art     : Starting a blocking GC Explicit
08-06 04:26:24.909 14033 14123 I art     : Explicit concurrent mark sweep GC freed 5558(356KB) AllocSpace objects, 4(220KB) LOS objects, 24% free, 48MB/64MB, paused 577us total 27.201ms
08-06 04:26:24.916 14033 14123 I art     : Starting a blocking GC Explicit
08-06 04:26:24.932 14033 14123 I art     : Explicit concurrent mark sweep GC freed 1307(135KB) AllocSpace objects, 0(0B) LOS objects, 24% free, 48MB/64MB, paused 380us total 15.309ms
08-06 04:26:24.938 14033 14123 I art     : Starting a blocking GC Explicit
08-06 04:26:24.951 14033 14123 I art     : Explicit concurrent mark sweep GC freed 140(7KB) AllocSpace objects, 0(0B) LOS objects, 24% free, 48MB/64MB, paused 260us total 12.819ms
08-06 04:26:24.957 14033 14123 I art     : Starting a blocking GC Explicit
08-06 04:26:24.970 14033 14123 I art     : Explicit concurrent mark sweep GC freed 3(96B) AllocSpace objects, 0(0B) LOS objects, 24% free, 48MB/64MB, paused 283us total 12.210ms
08-06 04:26:24.975 14033 14123 I art     : Starting a blocking GC Explicit
08-06 04:26:24.987 14033 14123 I art     : Explicit concurrent mark sweep GC freed 3(96B) AllocSpace objects, 0(0B) LOS objects, 24% free, 48MB/64MB, paused 289us total 11.991ms
08-06 04:26:25.251 14033 14124 I art     : Starting a blocking GC Explicit
08-06 04:26:25.267 14033 14124 I art     : Explicit concurrent mark sweep GC freed 1342(78KB) AllocSpace objects, 1(20KB) LOS objects, 24% free, 48MB/64MB, paused 343us total 16.552ms
08-06 04:26:25.274 14033 14124 I art     : Starting a blocking GC Explicit
08-06 04:26:25.289 14033 14124 I art     : Explicit concurrent mark sweep GC freed 20(704B) AllocSpace objects, 0(0B) LOS objects, 24% free, 48MB/64MB, paused 291us total 14.643ms
08-06 04:26:25.296 14033 14124 I art     : Starting a blocking GC Explicit
08-06 04:26:25.310 14033 14124 I art     : Explicit concurrent mark sweep GC freed 3(96B) AllocSpace objects, 0(0B) LOS objects, 24% free, 48MB/64MB, paused 292us total 14.384ms
08-06 04:26:25.317 14033 14124 I art     : Starting a blocking GC Explicit
08-06 04:26:25.340 14033 14124 I art     : Explicit concurrent mark sweep GC freed 5396(214KB) AllocSpace objects, 0(0B) LOS objects, 24% free, 48MB/64MB, paused 385us total 23.454ms
08-06 04:26:25.347 14033 14124 I art     : Starting a blocking GC Explicit
08-06 04:26:25.360 14033 14124 I art     : Explicit concurrent mark sweep GC freed 315(10KB) AllocSpace objects, 0(0B) LOS objects, 24% free, 48MB/64MB, paused 272us total 12.889ms
08-06 04:26:25.422 13567 13567 I ServiceManager: Waiting for service AtCmdFwd...
08-06 04:26:25.612 14033 14124 I art     : Starting a blocking GC Explicit
08-06 04:26:25.628 14033 14124 I art     : Explicit concurrent mark sweep GC freed 3933(345KB) AllocSpace objects, 1(20KB) LOS objects, 23% free, 51MB/67MB, paused 214us total 15.394ms
08-06 04:26:25.634 14033 14124 I art     : Starting a blocking GC Explicit
08-06 04:26:25.648 14033 14124 I art     : Explicit concurrent mark sweep GC freed 154(5KB) AllocSpace objects, 0(0B) LOS objects, 23% free, 51MB/67MB, paused 206us total 14.446ms
08-06 04:26:25.655 14033 14124 I art     : Starting a blocking GC Explicit
08-06 04:26:25.668 14033 14124 I art     : Explicit concurrent mark sweep GC freed 3(96B) AllocSpace objects, 0(0B) LOS objects, 23% free, 51MB/67MB, paused 218us total 13.614ms
08-06 04:26:25.675 14033 14124 I art     : Starting a blocking GC Explicit
08-06 04:26:25.688 14033 14124 I art     : Explicit concurrent mark sweep GC freed 3(96B) AllocSpace objects, 0(0B) LOS objects, 23% free, 51MB/67MB, paused 216us total 13.418ms
08-06 04:26:25.694 14033 14124 I art     : Starting a blocking GC Explicit
08-06 04:26:25.708 14033 14124 I art     : Explicit concurrent mark sweep GC freed 3(96B) AllocSpace objects, 0(0B) LOS objects, 23% free, 51MB/67MB, paused 188us total 13.491ms
08-06 04:26:26.023 14033 14046 I art     : Starting a blocking GC Explicit
08-06 04:26:26.045 14033 14046 I art     : Explicit concurrent mark sweep GC freed 1340(78KB) AllocSpace objects, 1(20KB) LOS objects, 23% free, 51MB/67MB, paused 265us total 20.870ms
08-06 04:26:26.056 14033 14046 I art     : Starting a blocking GC Explicit
08-06 04:26:26.071 14033 14046 I art     : Explicit concurrent mark sweep GC freed 20(704B) AllocSpace objects, 0(0B) LOS objects, 23% free, 51MB/67MB, paused 222us total 14.418ms
08-06 04:26:26.077 14033 14046 I art     : Starting a blocking GC Explicit
08-06 04:26:26.092 14033 14046 I art     : Explicit concurrent mark sweep GC freed 3(96B) AllocSpace objects, 0(0B) LOS objects, 23% free, 51MB/67MB, paused 214us total 13.930ms
08-06 04:26:26.098 14033 14046 I art     : Starting a blocking GC Explicit
08-06 04:26:26.112 14033 14046 I art     : Explicit concurrent mark sweep GC freed 3(96B) AllocSpace objects, 0(0B) LOS objects, 23% free, 51MB/67MB, paused 208us total 13.860ms
08-06 04:26:26.119 14033 14046 I art     : Starting a blocking GC Explicit
08-06 04:26:26.132 14033 14046 I art     : Explicit concurrent mark sweep GC freed 3(96B) AllocSpace objects, 0(0B) LOS objects, 23% free, 51MB/67MB, paused 217us total 13.744ms
08-06 04:26:26.422 13567 13567 I ServiceManager: Waiting for service AtCmdFwd...
08-06 04:26:26.437 14033 14045 I art     : Starting a blocking GC Explicit
08-06 04:26:26.458 14033 14045 I art     : Explicit concurrent mark sweep GC freed 1340(78KB) AllocSpace objects, 1(20KB) LOS objects, 23% free, 51MB/67MB, paused 268us total 20.702ms
08-06 04:26:26.469 14033 14045 I art     : Starting a blocking GC Explicit
08-06 04:26:26.484 14033 14045 I art     : Explicit concurrent mark sweep GC freed 20(704B) AllocSpace objects, 0(0B) LOS objects, 23% free, 51MB/67MB, paused 220us total 14.340ms
08-06 04:26:26.490 14033 14045 I art     : Starting a blocking GC Explicit
08-06 04:26:26.504 14033 14045 I art     : Explicit concurrent mark sweep GC freed 3(96B) AllocSpace objects, 0(0B) LOS objects, 23% free, 51MB/67MB, paused 215us total 13.438ms
08-06 04:26:26.510 14033 14045 I art     : Starting a blocking GC Explicit
08-06 04:26:26.523 14033 14045 I art     : Explicit concurrent mark sweep GC freed 3(96B) AllocSpace objects, 0(0B) LOS objects, 23% free, 51MB/67MB, paused 205us total 13.491ms
08-06 04:26:26.530 14033 14045 I art     : Starting a blocking GC Explicit
08-06 04:26:26.544 14033 14045 I art     : Explicit concurrent mark sweep GC freed 3(96B) AllocSpace objects, 0(0B) LOS objects, 23% free, 51MB/67MB, paused 206us total 13.531ms
08-06 04:26:26.853 14033 14123 I art     : Starting a blocking GC Explicit
08-06 04:26:26.873 14033 14123 I art     : Explicit concurrent mark sweep GC freed 1340(78KB) AllocSpace objects, 1(20KB) LOS objects, 23% free, 51MB/67MB, paused 244us total 19.577ms
08-06 04:26:26.882 14033 14123 I art     : Starting a blocking GC Explicit
08-06 04:26:26.897 14033 14123 I art     : Explicit concurrent mark sweep GC freed 20(704B) AllocSpace objects, 0(0B) LOS objects, 23% free, 51MB/67MB, paused 303us total 14.501ms
08-06 04:26:26.903 14033 14123 I art     : Starting a blocking GC Explicit
08-06 04:26:26.918 14033 14123 I art     : Explicit concurrent mark sweep GC freed 3(96B) AllocSpace objects, 0(0B) LOS objects, 23% free, 51MB/67MB, paused 223us total 14.050ms
08-06 04:26:26.924 14033 14123 I art     : Starting a blocking GC Explicit
08-06 04:26:26.938 14033 14123 I art     : Explicit concurrent mark sweep GC freed 3(96B) AllocSpace objects, 0(0B) LOS objects, 23% free, 51MB/67MB, paused 219us total 14.070ms
08-06 04:26:26.945 14033 14123 I art     : Starting a blocking GC Explicit
08-06 04:26:26.959 14033 14123 I art     : Explicit concurrent mark sweep GC freed 3(96B) AllocSpace objects, 0(0B) LOS objects, 23% free, 51MB/67MB, paused 217us total 14.258ms
08-06 04:26:27.263 14033 14124 I art     : Starting a blocking GC Explicit
08-06 04:26:27.283 14033 14124 I art     : Explicit concurrent mark sweep GC freed 1340(78KB) AllocSpace objects, 1(20KB) LOS objects, 23% free, 51MB/67MB, paused 248us total 19.654ms
08-06 04:26:27.293 14033 14124 I art     : Starting a blocking GC Explicit
08-06 04:26:27.308 14033 14124 I art     : Explicit concurrent mark sweep GC freed 20(704B) AllocSpace objects, 0(0B) LOS objects, 23% free, 51MB/67MB, paused 217us total 14.456ms
08-06 04:26:27.314 14033 14124 I art     : Starting a blocking GC Explicit
08-06 04:26:27.329 14033 14124 I art     : Explicit concurrent mark sweep GC freed 3(96B) AllocSpace objects, 0(0B) LOS objects, 23% free, 51MB/67MB, paused 217us total 14.301ms
08-06 04:26:27.336 14033 14124 I art     : Starting a blocking GC Explicit
08-06 04:26:27.350 14033 14124 I art     : Explicit concurrent mark sweep GC freed 3(96B) AllocSpace objects, 0(0B) LOS objects, 23% free, 51MB/67MB, paused 216us total 13.896ms
08-06 04:26:27.356 14033 14124 I art     : Starting a blocking GC Explicit
08-06 04:26:27.371 14033 14124 I art     : Explicit concurrent mark sweep GC freed 3(96B) AllocSpace objects, 0(0B) LOS objects, 23% free, 51MB/67MB, paused 392us total 14.390ms
08-06 04:26:27.423 13567 13567 W Atfwd_Sendcmd: AtCmdFwd service not published, waiting... retryCnt : 1
08-06 04:26:27.701 14033 14046 I art     : Starting a blocking GC Explicit
08-06 04:26:27.723 14033 14046 I art     : Explicit concurrent mark sweep GC freed 1340(78KB) AllocSpace objects, 1(20KB) LOS objects, 23% free, 51MB/67MB, paused 262us total 20.635ms
08-06 04:26:27.733 14033 14046 I art     : Starting a blocking GC Explicit
08-06 04:26:27.749 14033 14046 I art     : Explicit concurrent mark sweep GC freed 20(704B) AllocSpace objects, 0(0B) LOS objects, 23% free, 51MB/67MB, paused 222us total 16.341ms
08-06 04:26:27.756 14033 14046 I art     : Starting a blocking GC Explicit
08-06 04:26:27.771 14033 14046 I art     : Explicit concurrent mark sweep GC freed 3(96B) AllocSpace objects, 0(0B) LOS objects, 23% free, 51MB/67MB, paused 228us total 14.478ms
08-06 04:26:27.778 14033 14046 I art     : Starting a blocking GC Explicit
08-06 04:26:27.792 14033 14046 I art     : Explicit concurrent mark sweep GC freed 3(96B) AllocSpace objects, 0(0B) LOS objects, 23% free, 51MB/67MB, paused 214us total 14.355ms
08-06 04:26:27.799 14033 14046 I art     : Starting a blocking GC Explicit
08-06 04:26:27.812 14033 14046 I art     : Explicit concurrent mark sweep GC freed 3(96B) AllocSpace objects, 0(0B) LOS objects, 23% free, 51MB/67MB, paused 223us total 13.560ms
08-06 04:26:28.122 14033 14045 I art     : Starting a blocking GC Explicit
08-06 04:26:28.143 14033 14045 I art     : Explicit concurrent mark sweep GC freed 1340(78KB) AllocSpace objects, 1(20KB) LOS objects, 23% free, 51MB/67MB, paused 248us total 20.350ms
08-06 04:26:28.155 14033 14045 I art     : Starting a blocking GC Explicit
08-06 04:26:28.172 14033 14045 I art     : Explicit concurrent mark sweep GC freed 20(704B) AllocSpace objects, 0(0B) LOS objects, 23% free, 51MB/67MB, paused 218us total 15.903ms
08-06 04:26:28.178 14033 14045 I art     : Starting a blocking GC Explicit
08-06 04:26:28.192 14033 14045 I art     : Explicit concurrent mark sweep GC freed 3(96B) AllocSpace objects, 0(0B) LOS objects, 23% free, 51MB/67MB, paused 211us total 13.556ms
08-06 04:26:28.198 14033 14045 I art     : Starting a blocking GC Explicit
08-06 04:26:28.212 14033 14045 I art     : Explicit concurrent mark sweep GC freed 3(96B) AllocSpace objects, 0(0B) LOS objects, 23% free, 51MB/67MB, paused 217us total 13.501ms
08-06 04:26:28.218 14033 14045 I art     : Starting a blocking GC Explicit
08-06 04:26:28.232 14033 14045 I art     : Explicit concurrent mark sweep GC freed 3(96B) AllocSpace objects, 0(0B) LOS objects, 23% free, 51MB/67MB, paused 218us total 13.990ms
08-06 04:26:28.545 14033 14123 I art     : Starting a blocking GC Explicit
08-06 04:26:28.566 14033 14123 I art     : Explicit concurrent mark sweep GC freed 1340(78KB) AllocSpace objects, 1(20KB) LOS objects, 23% free, 51MB/67MB, paused 430us total 20.925ms
08-06 04:26:28.577 14033 14123 I art     : Starting a blocking GC Explicit
08-06 04:26:28.591 14033 14123 I art     : Explicit concurrent mark sweep GC freed 20(704B) AllocSpace objects, 0(0B) LOS objects, 23% free, 51MB/67MB, paused 214us total 13.929ms
08-06 04:26:28.598 14033 14123 I art     : Starting a blocking GC Explicit
08-06 04:26:28.611 14033 14123 I art     : Explicit concurrent mark sweep GC freed 3(96B) AllocSpace objects, 0(0B) LOS objects, 23% free, 51MB/67MB, paused 227us total 13.620ms
08-06 04:26:28.618 14033 14123 I art     : Starting a blocking GC Explicit
08-06 04:26:28.632 14033 14123 I art     : Explicit concurrent mark sweep GC freed 3(96B) AllocSpace objects, 0(0B) LOS objects, 23% free, 51MB/67MB, paused 212us total 13.685ms
08-06 04:26:28.638 14033 14123 I art     : Starting a blocking GC Explicit
08-06 04:26:28.652 14033 14123 I art     : Explicit concurrent mark sweep GC freed 3(96B) AllocSpace objects, 0(0B) LOS objects, 23% free, 51MB/67MB, paused 208us total 13.420ms
08-06 04:26:28.978 14033 14124 I art     : Starting a blocking GC Explicit
08-06 04:26:29.002 14033 14124 I art     : Explicit concurrent mark sweep GC freed 1340(78KB) AllocSpace objects, 1(20KB) LOS objects, 23% free, 51MB/67MB, paused 250us total 24.042ms
08-06 04:26:29.013 14033 14124 I art     : Starting a blocking GC Explicit
08-06 04:26:29.028 14033 14124 I art     : Explicit concurrent mark sweep GC freed 20(704B) AllocSpace objects, 0(0B) LOS objects, 23% free, 51MB/67MB, paused 220us total 15.525ms
08-06 04:26:29.035 14033 14124 I art     : Starting a blocking GC Explicit
08-06 04:26:29.049 14033 14124 I art     : Explicit concurrent mark sweep GC freed 3(96B) AllocSpace objects, 0(0B) LOS objects, 23% free, 51MB/67MB, paused 227us total 13.809ms
08-06 04:26:29.055 14033 14124 I art     : Starting a blocking GC Explicit
08-06 04:26:29.070 14033 14124 I art     : Explicit concurrent mark sweep GC freed 3(96B) AllocSpace objects, 0(0B) LOS objects, 23% free, 51MB/67MB, paused 224us total 14.392ms
08-06 04:26:29.076 14033 14124 I art     : Starting a blocking GC Explicit
08-06 04:26:29.090 14033 14124 I art     : Explicit concurrent mark sweep GC freed 3(96B) AllocSpace objects, 0(0B) LOS objects, 23% free, 51MB/67MB, paused 213us total 13.622ms
08-06 04:26:29.407 14033 14046 I art     : Starting a blocking GC Explicit
08-06 04:26:29.428 14033 14046 I art     : Explicit concurrent mark sweep GC freed 1340(78KB) AllocSpace objects, 1(20KB) LOS objects, 23% free, 51MB/67MB, paused 268us total 20.453ms
08-06 04:26:29.438 14033 14046 I art     : Starting a blocking GC Explicit
08-06 04:26:29.455 14033 14046 I art     : Explicit concurrent mark sweep GC freed 20(704B) AllocSpace objects, 0(0B) LOS objects, 23% free, 51MB/67MB, paused 208us total 16.100ms
08-06 04:26:29.461 14033 14046 I art     : Starting a blocking GC Explicit
08-06 04:26:29.476 14033 14046 I art     : Explicit concurrent mark sweep GC freed 3(96B) AllocSpace objects, 0(0B) LOS objects, 23% free, 51MB/67MB, paused 226us total 14.430ms
08-06 04:26:29.483 14033 14046 I art     : Starting a blocking GC Explicit
08-06 04:26:29.497 14033 14046 I art     : Explicit concurrent mark sweep GC freed 3(96B) AllocSpace objects, 0(0B) LOS objects, 23% free, 51MB/67MB, paused 209us total 14.359ms
08-06 04:26:29.503 14033 14046 I art     : Starting a blocking GC Explicit
08-06 04:26:29.517 14033 14046 I art     : Explicit concurrent mark sweep GC freed 3(96B) AllocSpace objects, 0(0B) LOS objects, 23% free, 51MB/67MB, paused 224us total 13.518ms
08-06 04:26:29.816 14033 14045 I art     : Starting a blocking GC Explicit
08-06 04:26:29.836 14033 14045 I art     : Explicit concurrent mark sweep GC freed 1340(78KB) AllocSpace objects, 1(20KB) LOS objects, 23% free, 51MB/67MB, paused 294us total 19.964ms
08-06 04:26:29.849 14033 14045 I art     : Starting a blocking GC Explicit
08-06 04:26:29.863 14033 14045 I art     : Explicit concurrent mark sweep GC freed 20(704B) AllocSpace objects, 0(0B) LOS objects, 23% free, 51MB/67MB, paused 200us total 14.465ms
08-06 04:26:29.870 14033 14045 I art     : Starting a blocking GC Explicit
08-06 04:26:29.885 14033 14045 I art     : Explicit concurrent mark sweep GC freed 3(96B) AllocSpace objects, 0(0B) LOS objects, 23% free, 51MB/67MB, paused 218us total 14.485ms
08-06 04:26:29.892 14033 14045 I art     : Starting a blocking GC Explicit
08-06 04:26:29.905 14033 14045 I art     : Explicit concurrent mark sweep GC freed 3(96B) AllocSpace objects, 0(0B) LOS objects, 23% free, 51MB/67MB, paused 209us total 13.562ms
08-06 04:26:29.912 14033 14045 I art     : Starting a blocking GC Explicit
08-06 04:26:29.926 14033 14045 I art     : Explicit concurrent mark sweep GC freed 3(96B) AllocSpace objects, 0(0B) LOS objects, 23% free, 51MB/67MB, paused 205us total 13.683ms
08-06 04:26:30.217 14033 14123 I art     : Starting a blocking GC Explicit
08-06 04:26:30.235 14033 14123 I art     : Explicit concurrent mark sweep GC freed 1340(78KB) AllocSpace objects, 1(20KB) LOS objects, 23% free, 51MB/67MB, paused 259us total 18.378ms
08-06 04:26:30.246 14033 14123 I art     : Starting a blocking GC Explicit
08-06 04:26:30.260 14033 14123 I art     : Explicit concurrent mark sweep GC freed 20(704B) AllocSpace objects, 0(0B) LOS objects, 23% free, 51MB/67MB, paused 215us total 14.261ms
08-06 04:26:30.267 14033 14123 I art     : Starting a blocking GC Explicit
08-06 04:26:30.281 14033 14123 I art     : Explicit concurrent mark sweep GC freed 3(96B) AllocSpace objects, 0(0B) LOS objects, 23% free, 51MB/67MB, paused 226us total 13.968ms
08-06 04:26:30.287 14033 14123 I art     : Starting a blocking GC Explicit
08-06 04:26:30.301 14033 14123 I art     : Explicit concurrent mark sweep GC freed 3(96B) AllocSpace objects, 0(0B) LOS objects, 23% free, 51MB/67MB, paused 223us total 13.898ms
08-06 04:26:30.308 14033 14123 I art     : Starting a blocking GC Explicit
08-06 04:26:30.322 14033 14123 I art     : Explicit concurrent mark sweep GC freed 3(96B) AllocSpace objects, 0(0B) LOS objects, 23% free, 51MB/67MB, paused 207us total 13.793ms
08-06 04:26:30.614 14033 14124 I art     : Starting a blocking GC Explicit
08-06 04:26:30.635 14033 14124 I art     : Explicit concurrent mark sweep GC freed 1340(78KB) AllocSpace objects, 1(20KB) LOS objects, 23% free, 51MB/67MB, paused 256us total 20.198ms
08-06 04:26:30.645 14033 14124 I art     : Starting a blocking GC Explicit
08-06 04:26:30.660 14033 14124 I art     : Explicit concurrent mark sweep GC freed 20(704B) AllocSpace objects, 0(0B) LOS objects, 23% free, 51MB/67MB, paused 219us total 14.482ms
08-06 04:26:30.666 14033 14124 I art     : Starting a blocking GC Explicit
08-06 04:26:30.680 14033 14124 I art     : Explicit concurrent mark sweep GC freed 3(96B) AllocSpace objects, 0(0B) LOS objects, 23% free, 51MB/67MB, paused 220us total 13.898ms
08-06 04:26:30.687 14033 14124 I art     : Starting a blocking GC Explicit
08-06 04:26:30.701 14033 14124 I art     : Explicit concurrent mark sweep GC freed 3(96B) AllocSpace objects, 0(0B) LOS objects, 23% free, 51MB/67MB, paused 212us total 13.713ms
08-06 04:26:30.707 14033 14124 I art     : Starting a blocking GC Explicit
08-06 04:26:30.721 14033 14124 I art     : Explicit concurrent mark sweep GC freed 3(96B) AllocSpace objects, 0(0B) LOS objects, 23% free, 51MB/67MB, paused 217us total 13.734ms
08-06 04:26:31.042 14033 14046 I art     : Starting a blocking GC Explicit
08-06 04:26:31.063 14033 14046 I art     : Explicit concurrent mark sweep GC freed 1340(78KB) AllocSpace objects, 1(20KB) LOS objects, 23% free, 51MB/67MB, paused 264us total 20.598ms
08-06 04:26:31.073 14033 14046 I art     : Starting a blocking GC Explicit
08-06 04:26:31.092 14033 14046 I art     : Explicit concurrent mark sweep GC freed 20(704B) AllocSpace objects, 0(0B) LOS objects, 23% free, 51MB/67MB, paused 246us total 18.325ms
08-06 04:26:31.100 14033 14046 I art     : Starting a blocking GC Explicit
08-06 04:26:31.115 14033 14046 I art     : Explicit concurrent mark sweep GC freed 3(96B) AllocSpace objects, 0(0B) LOS objects, 23% free, 51MB/67MB, paused 225us total 14.427ms
08-06 04:26:31.121 14033 14046 I art     : Starting a blocking GC Explicit
08-06 04:26:31.136 14033 14046 I art     : Explicit concurrent mark sweep GC freed 3(96B) AllocSpace objects, 0(0B) LOS objects, 23% free, 51MB/67MB, paused 218us total 14.133ms
08-06 04:26:31.143 14033 14046 I art     : Starting a blocking GC Explicit
08-06 04:26:31.156 14033 14046 I art     : Explicit concurrent mark sweep GC freed 3(96B) AllocSpace objects, 0(0B) LOS objects, 23% free, 51MB/67MB, paused 209us total 13.520ms
08-06 04:26:31.474 14033 14045 I art     : Starting a blocking GC Explicit
08-06 04:26:31.495 14033 14045 I art     : Explicit concurrent mark sweep GC freed 1340(78KB) AllocSpace objects, 1(20KB) LOS objects, 23% free, 51MB/67MB, paused 258us total 20.506ms
08-06 04:26:31.505 14033 14045 I art     : Starting a blocking GC Explicit
08-06 04:26:31.519 14033 14045 I art     : Explicit concurrent mark sweep GC freed 20(704B) AllocSpace objects, 0(0B) LOS objects, 23% free, 51MB/67MB, paused 216us total 14.228ms
08-06 04:26:31.526 14033 14045 I art     : Starting a blocking GC Explicit
08-06 04:26:31.540 14033 14045 I art     : Explicit concurrent mark sweep GC freed 3(96B) AllocSpace objects, 0(0B) LOS objects, 23% free, 51MB/67MB, paused 218us total 14.022ms
08-06 04:26:31.546 14033 14045 I art     : Starting a blocking GC Explicit
08-06 04:26:31.561 14033 14045 I art     : Explicit concurrent mark sweep GC freed 3(96B) AllocSpace objects, 0(0B) LOS objects, 23% free, 51MB/67MB, paused 210us total 13.998ms
08-06 04:26:31.567 14033 14045 I art     : Starting a blocking GC Explicit
08-06 04:26:31.581 14033 14045 I art     : Explicit concurrent mark sweep GC freed 3(96B) AllocSpace objects, 0(0B) LOS objects, 23% free, 51MB/67MB, paused 236us total 13.421ms
08-06 04:26:31.895 14033 14123 I art     : Starting a blocking GC Explicit
08-06 04:26:31.915 14033 14123 I art     : Explicit concurrent mark sweep GC freed 1340(78KB) AllocSpace objects, 1(20KB) LOS objects, 23% free, 51MB/67MB, paused 252us total 20.014ms
08-06 04:26:31.926 14033 14123 I art     : Starting a blocking GC Explicit
08-06 04:26:31.944 14033 14123 I art     : Explicit concurrent mark sweep GC freed 20(704B) AllocSpace objects, 0(0B) LOS objects, 23% free, 51MB/67MB, paused 243us total 17.775ms
08-06 04:26:31.951 14033 14123 I art     : Starting a blocking GC Explicit
08-06 04:26:31.965 14033 14123 I art     : Explicit concurrent mark sweep GC freed 3(96B) AllocSpace objects, 0(0B) LOS objects, 23% free, 51MB/67MB, paused 209us total 14.074ms
08-06 04:26:31.972 14033 14123 I art     : Starting a blocking GC Explicit
08-06 04:26:31.987 14033 14123 I art     : Explicit concurrent mark sweep GC freed 3(96B) AllocSpace objects, 0(0B) LOS objects, 23% free, 51MB/67MB, paused 244us total 14.399ms
08-06 04:26:31.993 14033 14123 I art     : Starting a blocking GC Explicit
08-06 04:26:32.007 14033 14123 I art     : Explicit concurrent mark sweep GC freed 3(96B) AllocSpace objects, 0(0B) LOS objects, 23% free, 51MB/67MB, paused 288us total 13.546ms
08-06 04:26:32.227   918  1210 D NetlinkSocketObserver: NeighborEvent{elapsedMs=1834596101, 192.168.2.254, [7C3953A63323], RTM_NEWNEIGH, NUD_STALE}
08-06 04:26:32.259 14033 14124 I art     : Starting a blocking GC Explicit
08-06 04:26:32.274 14033 14124 I art     : Explicit concurrent mark sweep GC freed 1340(78KB) AllocSpace objects, 1(20KB) LOS objects, 23% free, 51MB/67MB, paused 231us total 14.249ms
08-06 04:26:32.281 14033 14124 I art     : Starting a blocking GC Explicit
08-06 04:26:32.295 14033 14124 I art     : Explicit concurrent mark sweep GC freed 20(704B) AllocSpace objects, 0(0B) LOS objects, 23% free, 51MB/67MB, paused 208us total 14.142ms
08-06 04:26:32.301 14033 14124 I art     : Starting a blocking GC Explicit
08-06 04:26:32.315 14033 14124 I art     : Explicit concurrent mark sweep GC freed 3(96B) AllocSpace objects, 0(0B) LOS objects, 23% free, 51MB/67MB, paused 205us total 13.662ms
08-06 04:26:32.322 14033 14124 I art     : Starting a blocking GC Explicit
08-06 04:26:32.336 14033 14124 I art     : Explicit concurrent mark sweep GC freed 3(96B) AllocSpace objects, 0(0B) LOS objects, 23% free, 51MB/67MB, paused 212us total 13.874ms
08-06 04:26:32.342 14033 14124 I art     : Starting a blocking GC Explicit
08-06 04:26:32.355 14033 14124 I art     : Explicit concurrent mark sweep GC freed 3(96B) AllocSpace objects, 0(0B) LOS objects, 23% free, 51MB/67MB, paused 213us total 13.005ms
08-06 04:26:32.406 14480 14480 D AndroidRuntime: >>>>>> START com.android.internal.os.RuntimeInit uid 2000 <<<<<<
08-06 04:26:32.410 14480 14480 D AndroidRuntime: CheckJNI is OFF
08-06 04:26:32.424 13567 13567 I ServiceManager: Waiting for service AtCmdFwd...
08-06 04:26:32.435 14480 14480 D ICU     : No timezone override file found: /data/misc/zoneinfo/current/icu/icu_tzdata.dat
08-06 04:26:32.462 14480 14480 I Radio-JNI: register_android_hardware_Radio DONE
08-06 04:26:32.478 14480 14480 D AndroidRuntime: Calling main entry com.android.commands.input.Input
08-06 04:26:32.480 14480 14480 I Input   : injectMotionEvent: MotionEvent { action=ACTION_DOWN, actionButton=0, id[0]=0, x[0]=733.0, y[0]=645.0, toolType[0]=TOOL_TYPE_UNKNOWN, buttonState=0, metaState=0, flags=0x0, edgeFlags=0x0, pointerCount=1, historySize=0, eventTime=851208893, downTime=851208893, deviceId=0, source=0x1002 }
08-06 04:26:32.487 14480 14480 I Input   : injectMotionEvent: MotionEvent { action=ACTION_UP, actionButton=0, id[0]=0, x[0]=733.0, y[0]=645.0, toolType[0]=TOOL_TYPE_UNKNOWN, buttonState=0, metaState=0, flags=0x0, edgeFlags=0x0, pointerCount=1, historySize=0, eventTime=851208893, downTime=851208893, deviceId=0, source=0x1002 }
08-06 04:26:32.489   918  6111 I ActivityManager: START u0 {cmp=baseline.appteam.nith.hillffair/.activities.ClubActivity (has extras)} from uid 10697 on display 0
08-06 04:26:32.496 14480 14480 D AndroidRuntime: Shutting down VM
08-06 04:26:32.584 14033 14123 I art     : Starting a blocking GC Explicit
08-06 04:26:32.591   918   936 I ActivityManager: Displayed baseline.appteam.nith.hillffair/.activities.ClubActivity: +94ms
08-06 04:26:32.591 13866 13866 I GoogleInputMethodServic: GoogleInputMethodService.onFinishInput():3138 
08-06 04:26:32.592 13866 13866 I GoogleInputMethodServic: GoogleInputMethodService.onStartInput():1808 
08-06 04:26:32.599 14033 14123 I art     : Explicit concurrent mark sweep GC freed 5207(324KB) AllocSpace objects, 1(20KB) LOS objects, 23% free, 52MB/68MB, paused 347us total 14.770ms
08-06 04:26:32.607 14033 14123 I art     : Starting a blocking GC Explicit
08-06 04:26:32.623 14033 14123 I art     : Explicit concurrent mark sweep GC freed 276(13KB) AllocSpace objects, 0(0B) LOS objects, 23% free, 52MB/68MB, paused 252us total 15.183ms
08-06 04:26:32.630 14033 14123 I art     : Starting a blocking GC Explicit
08-06 04:26:32.643 14033 14123 I art     : Explicit concurrent mark sweep GC freed 5(160B) AllocSpace objects, 0(0B) LOS objects, 23% free, 52MB/68MB, paused 237us total 12.825ms
08-06 04:26:32.650 14033 14123 I art     : Starting a blocking GC Explicit
08-06 04:26:32.663 14033 14123 I art     : Explicit concurrent mark sweep GC freed 3(96B) AllocSpace objects, 0(0B) LOS objects, 23% free, 52MB/68MB, paused 233us total 12.976ms
08-06 04:26:32.669 14033 14123 I art     : Starting a blocking GC Explicit
08-06 04:26:32.683 14033 14123 I art     : Explicit concurrent mark sweep GC freed 3(96B) AllocSpace objects, 0(0B) LOS objects, 23% free, 52MB/68MB, paused 256us total 13.776ms
08-06 04:26:32.869   380   380 W SurfaceFlinger: couldn't log to binary event log: overflow.
08-06 04:26:32.951 14033 14124 I art     : Starting a blocking GC Explicit
08-06 04:26:32.967 14033 14124 I art     : Explicit concurrent mark sweep GC freed 1344(78KB) AllocSpace objects, 1(20KB) LOS objects, 23% free, 52MB/68MB, paused 357us total 16.029ms
08-06 04:26:32.974 14033 14124 I art     : Starting a blocking GC Explicit
08-06 04:26:32.989 14033 14124 I art     : Explicit concurrent mark sweep GC freed 23(832B) AllocSpace objects, 0(0B) LOS objects, 23% free, 52MB/68MB, paused 361us total 14.902ms
08-06 04:26:32.997 14033 14124 I art     : Starting a blocking GC Explicit
08-06 04:26:33.015 14033 14124 I art     : Explicit concurrent mark sweep GC freed 119(7KB) AllocSpace objects, 0(0B) LOS objects, 23% free, 52MB/68MB, paused 292us total 18.096ms
08-06 04:26:33.022 14033 14124 I art     : Starting a blocking GC Explicit
08-06 04:26:33.035 14033 14124 I art     : Explicit concurrent mark sweep GC freed 9(320B) AllocSpace objects, 0(0B) LOS objects, 23% free, 52MB/68MB, paused 311us total 13.259ms
08-06 04:26:33.041 14033 14124 I art     : Starting a blocking GC Explicit
08-06 04:26:33.054 14033 14124 I art     : Explicit concurrent mark sweep GC freed 11(416B) AllocSpace objects, 0(0B) LOS objects, 23% free, 52MB/68MB, paused 250us total 12.636ms
08-06 04:26:33.322 14033 14123 I art     : Starting a blocking GC Explicit
08-06 04:26:33.333 14033 14509 D OkHttp  : --> GET https://api-hillfair-2k16.herokuapp.com/api/app/events/special/event?id=5806551bdcba0f490c70fd1f http/1.1
08-06 04:26:33.345 14033 14123 I art     : Explicit concurrent mark sweep GC freed 3973(213KB) AllocSpace objects, 4(220KB) LOS objects, 23% free, 52MB/68MB, paused 310us total 23.269ms
08-06 04:26:33.352 14033 14123 I art     : Starting a blocking GC Explicit
08-06 04:26:33.366 14033 14509 D OkHttp  : <-- 200 OK https://api-hillfair-2k16.herokuapp.com/api/app/events/special/event?id=5806551bdcba0f490c70fd1f (32ms, 795-byte body)
08-06 04:26:33.369 14033 14123 I art     : Explicit concurrent mark sweep GC freed 1154(152KB) AllocSpace objects, 0(0B) LOS objects, 23% free, 52MB/68MB, paused 457us total 16.920ms
08-06 04:26:33.376 14033 14123 I art     : Starting a blocking GC Explicit
08-06 04:26:33.389 14033 14123 I art     : Explicit concurrent mark sweep GC freed 81(3KB) AllocSpace objects, 0(0B) LOS objects, 23% free, 52MB/68MB, paused 248us total 13.082ms
08-06 04:26:33.395 14033 14123 I art     : Starting a blocking GC Explicit
08-06 04:26:33.404 14033 14033 I NAPPA_EXPERIMENTATION: MetricNetworkRequestExecutionTime: REQUEST_DURATION_SYSTEM='877',REQUEST_DURATION_OKHTTP='32',REQUEST_SYNCHRONOUS='FALSE',RESPONSE_CODE='200',RESPONSE_METHOD='GET',RESPONSE_LENGTH_OKHTTP='795',RESPONSE_LENGTH_HEADER='795',REQUEST_PROTOCOL='http/1.1',REQUEST_URL='https://api-hillfair-2k16.herokuapp.com/api/app/events/special/event?id=5806551bdcba0f490c70fd1f',
08-06 04:26:33.408 14033 14123 I art     : Explicit concurrent mark sweep GC freed 180(18KB) AllocSpace objects, 0(0B) LOS objects, 23% free, 52MB/68MB, paused 306us total 13.064ms
08-06 04:26:33.414 14033 14123 I art     : Starting a blocking GC Explicit
08-06 04:26:33.424 13567 13567 I ServiceManager: Waiting for service AtCmdFwd...
08-06 04:26:33.427 14033 14123 I art     : Explicit concurrent mark sweep GC freed 410(48KB) AllocSpace objects, 0(0B) LOS objects, 23% free, 52MB/68MB, paused 427us total 13.152ms
08-06 04:26:33.702 14033 14045 I art     : Starting a blocking GC Explicit
08-06 04:26:33.726 14033 14045 I art     : Explicit concurrent mark sweep GC freed 1444(102KB) AllocSpace objects, 1(20KB) LOS objects, 23% free, 52MB/68MB, paused 281us total 23.805ms
08-06 04:26:33.734 14033 14045 I art     : Starting a blocking GC Explicit
08-06 04:26:33.750 14033 14045 I art     : Explicit concurrent mark sweep GC freed 25(880B) AllocSpace objects, 0(0B) LOS objects, 23% free, 52MB/68MB, paused 243us total 15.552ms
08-06 04:26:33.757 14033 14045 I art     : Starting a blocking GC Explicit
08-06 04:26:33.772 14033 14045 I art     : Explicit concurrent mark sweep GC freed 3(96B) AllocSpace objects, 0(0B) LOS objects, 23% free, 52MB/68MB, paused 205us total 14.357ms
08-06 04:26:33.779 14033 14045 I art     : Starting a blocking GC Explicit
08-06 04:26:33.793 14033 14045 I art     : Explicit concurrent mark sweep GC freed 3(96B) AllocSpace objects, 0(0B) LOS objects, 23% free, 52MB/68MB, paused 254us total 14.037ms
08-06 04:26:33.800 14033 14045 I art     : Starting a blocking GC Explicit
08-06 04:26:33.815 14033 14045 I art     : Explicit concurrent mark sweep GC freed 19(656B) AllocSpace objects, 0(0B) LOS objects, 23% free, 52MB/68MB, paused 231us total 14.590ms
08-06 04:26:34.097 14033 14046 I art     : Starting a blocking GC Explicit
08-06 04:26:34.117 14033 14046 I art     : Explicit concurrent mark sweep GC freed 1342(78KB) AllocSpace objects, 1(20KB) LOS objects, 23% free, 52MB/68MB, paused 272us total 19.776ms
08-06 04:26:34.127 14033 14046 I art     : Starting a blocking GC Explicit
08-06 04:26:34.143 14033 14046 I art     : Explicit concurrent mark sweep GC freed 20(704B) AllocSpace objects, 0(0B) LOS objects, 23% free, 52MB/68MB, paused 234us total 15.475ms
08-06 04:26:34.150 14033 14046 I art     : Starting a blocking GC Explicit
08-06 04:26:34.165 14033 14046 I art     : Explicit concurrent mark sweep GC freed 3(96B) AllocSpace objects, 0(0B) LOS objects, 23% free, 52MB/68MB, paused 227us total 14.897ms
08-06 04:26:34.172 14033 14046 I art     : Starting a blocking GC Explicit
08-06 04:26:34.187 14033 14046 I art     : Explicit concurrent mark sweep GC freed 3(96B) AllocSpace objects, 0(0B) LOS objects, 23% free, 52MB/68MB, paused 263us total 14.532ms
08-06 04:26:34.193 14033 14046 I art     : Starting a blocking GC Explicit
08-06 04:26:34.208 14033 14046 I art     : Explicit concurrent mark sweep GC freed 3(96B) AllocSpace objects, 0(0B) LOS objects, 23% free, 52MB/68MB, paused 222us total 14.443ms
08-06 04:26:34.425 13567 13567 I ServiceManager: Waiting for service AtCmdFwd...
08-06 04:26:34.514 14033 14124 I art     : Starting a blocking GC Explicit
08-06 04:26:34.535 14033 14124 I art     : Explicit concurrent mark sweep GC freed 1341(78KB) AllocSpace objects, 1(20KB) LOS objects, 23% free, 52MB/68MB, paused 272us total 21.449ms
08-06 04:26:34.546 14033 14124 I art     : Starting a blocking GC Explicit
08-06 04:26:34.565 14033 14124 I art     : Explicit concurrent mark sweep GC freed 20(704B) AllocSpace objects, 0(0B) LOS objects, 23% free, 52MB/68MB, paused 243us total 19.021ms
08-06 04:26:34.573 14033 14124 I art     : Starting a blocking GC Explicit
08-06 04:26:34.589 14033 14124 I art     : Explicit concurrent mark sweep GC freed 3(96B) AllocSpace objects, 0(0B) LOS objects, 23% free, 52MB/68MB, paused 228us total 15.551ms
08-06 04:26:34.596 14033 14124 I art     : Starting a blocking GC Explicit
08-06 04:26:34.611 14033 14124 I art     : Explicit concurrent mark sweep GC freed 3(96B) AllocSpace objects, 0(0B) LOS objects, 23% free, 52MB/68MB, paused 222us total 14.889ms
08-06 04:26:34.617 14033 14124 I art     : Starting a blocking GC Explicit
08-06 04:26:34.632 14033 14124 I art     : Explicit concurrent mark sweep GC freed 3(96B) AllocSpace objects, 0(0B) LOS objects, 23% free, 52MB/68MB, paused 226us total 14.449ms
08-06 04:26:34.943 14033 14045 I art     : Starting a blocking GC Explicit
08-06 04:26:34.964 14033 14045 I art     : Explicit concurrent mark sweep GC freed 1341(78KB) AllocSpace objects, 1(20KB) LOS objects, 23% free, 52MB/68MB, paused 270us total 20.694ms
08-06 04:26:34.975 14033 14045 I art     : Starting a blocking GC Explicit
08-06 04:26:34.991 14033 14045 I art     : Explicit concurrent mark sweep GC freed 20(704B) AllocSpace objects, 0(0B) LOS objects, 23% free, 52MB/68MB, paused 226us total 15.622ms
08-06 04:26:34.998 14033 14045 I art     : Starting a blocking GC Explicit
08-06 04:26:35.013 14033 14045 I art     : Explicit concurrent mark sweep GC freed 3(96B) AllocSpace objects, 0(0B) LOS objects, 23% free, 52MB/68MB, paused 234us total 15.427ms
08-06 04:26:35.020 14033 14045 I art     : Starting a blocking GC Explicit
08-06 04:26:35.035 14033 14045 I art     : Explicit concurrent mark sweep GC freed 3(96B) AllocSpace objects, 0(0B) LOS objects, 23% free, 52MB/68MB, paused 209us total 14.924ms
08-06 04:26:35.042 14033 14045 I art     : Starting a blocking GC Explicit
08-06 04:26:35.057 14033 14045 I art     : Explicit concurrent mark sweep GC freed 3(96B) AllocSpace objects, 0(0B) LOS objects, 23% free, 52MB/68MB, paused 277us total 14.571ms
08-06 04:26:35.379 14033 14123 I art     : Starting a blocking GC Explicit
08-06 04:26:35.406 14033 14123 I art     : Explicit concurrent mark sweep GC freed 1341(78KB) AllocSpace objects, 1(20KB) LOS objects, 23% free, 52MB/68MB, paused 559us total 25.650ms
08-06 04:26:35.418 14033 14123 I art     : Starting a blocking GC Explicit
08-06 04:26:35.421   918  3261 D WifiStateMachine: starting scan for "H369AA63323"WPA_PSK with 2412,5180
08-06 04:26:35.426 13567 13567 I ServiceManager: Waiting for service AtCmdFwd...
08-06 04:26:35.434 14033 14123 I art     : Explicit concurrent mark sweep GC freed 20(704B) AllocSpace objects, 0(0B) LOS objects, 23% free, 52MB/68MB, paused 260us total 15.009ms
08-06 04:26:35.441 14033 14123 I art     : Starting a blocking GC Explicit
08-06 04:26:35.455 14033 14123 I art     : Explicit concurrent mark sweep GC freed 3(96B) AllocSpace objects, 0(0B) LOS objects, 23% free, 52MB/68MB, paused 227us total 14.696ms
08-06 04:26:35.462 14033 14123 I art     : Starting a blocking GC Explicit
08-06 04:26:35.477 14033 14123 I art     : Explicit concurrent mark sweep GC freed 3(96B) AllocSpace objects, 0(0B) LOS objects, 23% free, 52MB/68MB, paused 281us total 14.574ms
08-06 04:26:35.483 14033 14123 I art     : Starting a blocking GC Explicit
08-06 04:26:35.497 14033 14123 I art     : Explicit concurrent mark sweep GC freed 3(96B) AllocSpace objects, 0(0B) LOS objects, 23% free, 52MB/68MB, paused 253us total 13.905ms
08-06 04:26:35.812 14033 14046 I art     : Starting a blocking GC Explicit
08-06 04:26:35.834 14033 14046 I art     : Explicit concurrent mark sweep GC freed 1341(78KB) AllocSpace objects, 1(20KB) LOS objects, 23% free, 52MB/68MB, paused 263us total 21.786ms
08-06 04:26:35.845 14033 14046 I art     : Starting a blocking GC Explicit
08-06 04:26:35.861 14033 14046 I art     : Explicit concurrent mark sweep GC freed 20(704B) AllocSpace objects, 0(0B) LOS objects, 23% free, 52MB/68MB, paused 230us total 16.239ms
08-06 04:26:35.868 14033 14046 I art     : Starting a blocking GC Explicit
08-06 04:26:35.884 14033 14046 I art     : Explicit concurrent mark sweep GC freed 3(96B) AllocSpace objects, 0(0B) LOS objects, 23% free, 52MB/68MB, paused 228us total 15.273ms
08-06 04:26:35.891 14033 14046 I art     : Starting a blocking GC Explicit
08-06 04:26:35.906 14033 14046 I art     : Explicit concurrent mark sweep GC freed 3(96B) AllocSpace objects, 0(0B) LOS objects, 23% free, 52MB/68MB, paused 258us total 14.871ms
08-06 04:26:35.912 14033 14046 I art     : Starting a blocking GC Explicit
08-06 04:26:35.928 14033 14046 I art     : Explicit concurrent mark sweep GC freed 3(96B) AllocSpace objects, 0(0B) LOS objects, 23% free, 52MB/68MB, paused 242us total 14.911ms
08-06 04:26:36.226 14033 14124 I art     : Starting a blocking GC Explicit
08-06 04:26:36.253 14033 14124 I art     : Explicit concurrent mark sweep GC freed 1341(78KB) AllocSpace objects, 1(20KB) LOS objects, 23% free, 52MB/68MB, paused 281us total 26.161ms
08-06 04:26:36.266 14033 14124 I art     : Starting a blocking GC Explicit
08-06 04:26:36.282 14033 14124 I art     : Explicit concurrent mark sweep GC freed 20(704B) AllocSpace objects, 0(0B) LOS objects, 23% free, 52MB/68MB, paused 216us total 15.765ms
08-06 04:26:36.288 14033 14124 I art     : Starting a blocking GC Explicit
08-06 04:26:36.303 14033 14124 I art     : Explicit concurrent mark sweep GC freed 3(96B) AllocSpace objects, 0(0B) LOS objects, 23% free, 52MB/68MB, paused 224us total 14.629ms
08-06 04:26:36.309 14033 14124 I art     : Starting a blocking GC Explicit
08-06 04:26:36.325 14033 14124 I art     : Explicit concurrent mark sweep GC freed 3(96B) AllocSpace objects, 0(0B) LOS objects, 23% free, 52MB/68MB, paused 221us total 14.700ms
08-06 04:26:36.331 14033 14124 I art     : Starting a blocking GC Explicit
08-06 04:26:36.346 14033 14124 I art     : Explicit concurrent mark sweep GC freed 3(96B) AllocSpace objects, 0(0B) LOS objects, 23% free, 52MB/68MB, paused 222us total 14.554ms
08-06 04:26:36.427 13567 13567 I ServiceManager: Waiting for service AtCmdFwd...
08-06 04:26:36.667 14033 14045 I art     : Starting a blocking GC Explicit
08-06 04:26:36.693 14033 14045 I art     : Explicit concurrent mark sweep GC freed 1341(78KB) AllocSpace objects, 1(20KB) LOS objects, 23% free, 52MB/68MB, paused 266us total 25.653ms
08-06 04:26:36.704 14033 14045 I art     : Starting a blocking GC Explicit
08-06 04:26:36.721 14033 14045 I art     : Explicit concurrent mark sweep GC freed 20(704B) AllocSpace objects, 0(0B) LOS objects, 23% free, 52MB/68MB, paused 225us total 17.027ms
08-06 04:26:36.728 14033 14045 I art     : Starting a blocking GC Explicit
08-06 04:26:36.742 14033 14045 I art     : Explicit concurrent mark sweep GC freed 3(96B) AllocSpace objects, 0(0B) LOS objects, 23% free, 52MB/68MB, paused 222us total 14.338ms
08-06 04:26:36.749 14033 14045 I art     : Starting a blocking GC Explicit
08-06 04:26:36.763 14033 14045 I art     : Explicit concurrent mark sweep GC freed 3(96B) AllocSpace objects, 0(0B) LOS objects, 23% free, 52MB/68MB, paused 215us total 14.486ms
08-06 04:26:36.770 14033 14045 I art     : Starting a blocking GC Explicit
08-06 04:26:36.785 14033 14045 I art     : Explicit concurrent mark sweep GC freed 3(96B) AllocSpace objects, 0(0B) LOS objects, 23% free, 52MB/68MB, paused 228us total 14.869ms
08-06 04:26:37.088 14033 14123 I art     : Starting a blocking GC Explicit
08-06 04:26:37.114 14033 14123 I art     : Explicit concurrent mark sweep GC freed 1341(78KB) AllocSpace objects, 1(20KB) LOS objects, 23% free, 52MB/68MB, paused 328us total 25.299ms
08-06 04:26:37.126 14033 14123 I art     : Starting a blocking GC Explicit
08-06 04:26:37.141 14033 14123 I art     : Explicit concurrent mark sweep GC freed 20(704B) AllocSpace objects, 0(0B) LOS objects, 23% free, 52MB/68MB, paused 230us total 14.819ms
08-06 04:26:37.148 14033 14123 I art     : Starting a blocking GC Explicit
08-06 04:26:37.162 14033 14123 I art     : Explicit concurrent mark sweep GC freed 3(96B) AllocSpace objects, 0(0B) LOS objects, 23% free, 52MB/68MB, paused 245us total 14.368ms
08-06 04:26:37.169 14033 14123 I art     : Starting a blocking GC Explicit
08-06 04:26:37.184 14033 14123 I art     : Explicit concurrent mark sweep GC freed 3(96B) AllocSpace objects, 0(0B) LOS objects, 23% free, 52MB/68MB, paused 280us total 14.720ms
08-06 04:26:37.190 14033 14123 I art     : Starting a blocking GC Explicit
08-06 04:26:37.205 14033 14123 I art     : Explicit concurrent mark sweep GC freed 3(96B) AllocSpace objects, 0(0B) LOS objects, 23% free, 52MB/68MB, paused 226us total 14.539ms
08-06 04:26:37.427 13567 13567 W Atfwd_Sendcmd: AtCmdFwd service not published, waiting... retryCnt : 2
08-06 04:26:37.520 14033 14046 I art     : Starting a blocking GC Explicit
08-06 04:26:37.542 14033 14046 I art     : Explicit concurrent mark sweep GC freed 1341(78KB) AllocSpace objects, 1(20KB) LOS objects, 23% free, 52MB/68MB, paused 272us total 21.405ms
08-06 04:26:37.552 14033 14046 I art     : Starting a blocking GC Explicit
08-06 04:26:37.572 14033 14046 I art     : Explicit concurrent mark sweep GC freed 20(704B) AllocSpace objects, 0(0B) LOS objects, 23% free, 52MB/68MB, paused 258us total 18.872ms
08-06 04:26:37.582 14033 14046 I art     : Starting a blocking GC Explicit
08-06 04:26:37.598 14033 14046 I art     : Explicit concurrent mark sweep GC freed 3(96B) AllocSpace objects, 0(0B) LOS objects, 23% free, 52MB/68MB, paused 250us total 15.538ms
08-06 04:26:37.605 14033 14046 I art     : Starting a blocking GC Explicit
08-06 04:26:37.620 14033 14046 I art     : Explicit concurrent mark sweep GC freed 3(96B) AllocSpace objects, 0(0B) LOS objects, 23% free, 52MB/68MB, paused 224us total 15.348ms
08-06 04:26:37.627 14033 14046 I art     : Starting a blocking GC Explicit
08-06 04:26:37.641 14033 14046 I art     : Explicit concurrent mark sweep GC freed 3(96B) AllocSpace objects, 0(0B) LOS objects, 23% free, 52MB/68MB, paused 216us total 14.210ms
08-06 04:26:37.955 14033 14124 I art     : Starting a blocking GC Explicit
08-06 04:26:37.976 14033 14124 I art     : Explicit concurrent mark sweep GC freed 1341(78KB) AllocSpace objects, 1(20KB) LOS objects, 23% free, 52MB/68MB, paused 273us total 20.819ms
08-06 04:26:37.986 14033 14124 I art     : Starting a blocking GC Explicit
08-06 04:26:38.002 14033 14124 I art     : Explicit concurrent mark sweep GC freed 20(704B) AllocSpace objects, 0(0B) LOS objects, 23% free, 52MB/68MB, paused 223us total 15.224ms
08-06 04:26:38.009 14033 14124 I art     : Starting a blocking GC Explicit
08-06 04:26:38.024 14033 14124 I art     : Explicit concurrent mark sweep GC freed 271(14KB) AllocSpace objects, 0(0B) LOS objects, 23% free, 52MB/68MB, paused 294us total 15.174ms
08-06 04:26:38.031 14033 14124 I art     : Starting a blocking GC Explicit
08-06 04:26:38.046 14033 14124 I art     : Explicit concurrent mark sweep GC freed 8(304B) AllocSpace objects, 0(0B) LOS objects, 23% free, 52MB/68MB, paused 265us total 15.307ms
08-06 04:26:38.053 14033 14124 I art     : Starting a blocking GC Explicit
08-06 04:26:38.069 14033 14124 I art     : Explicit concurrent mark sweep GC freed 3(96B) AllocSpace objects, 0(0B) LOS objects, 23% free, 52MB/68MB, paused 251us total 15.573ms
08-06 04:26:38.271 14033 14707 W OneSignal: OneSignalRestClient: POST Error thrown from network stack. 
08-06 04:26:38.271 14033 14707 W OneSignal: java.io.IOException: unexpected end of stream on Connection{api.onesignal.com:443, proxy=HTTP@192.168.2.12:8080 hostAddress=192.168.2.12 cipherSuite=TLS_ECDHE_RSA_WITH_AES_128_GCM_SHA256 protocol=http/1.1} (recycle count=0)
08-06 04:26:38.271 14033 14707 W OneSignal: 	at com.android.okhttp.internal.http.HttpConnection.readResponse(HttpConnection.java:210)
08-06 04:26:38.271 14033 14707 W OneSignal: 	at com.android.okhttp.internal.http.HttpTransport.readResponseHeaders(HttpTransport.java:80)
08-06 04:26:38.271 14033 14707 W OneSignal: 	at com.android.okhttp.internal.http.HttpEngine.readNetworkResponse(HttpEngine.java:904)
08-06 04:26:38.271 14033 14707 W OneSignal: 	at com.android.okhttp.internal.http.HttpEngine.readResponse(HttpEngine.java:788)
08-06 04:26:38.271 14033 14707 W OneSignal: 	at com.android.okhttp.internal.huc.HttpURLConnectionImpl.execute(HttpURLConnectionImpl.java:439)
08-06 04:26:38.271 14033 14707 W OneSignal: 	at com.android.okhttp.internal.huc.HttpURLConnectionImpl.getResponse(HttpURLConnectionImpl.java:384)
08-06 04:26:38.271 14033 14707 W OneSignal: 	at com.android.okhttp.internal.huc.HttpURLConnectionImpl.getResponseCode(HttpURLConnectionImpl.java:497)
08-06 04:26:38.271 14033 14707 W OneSignal: 	at com.android.okhttp.internal.huc.DelegatingHttpsURLConnection.getResponseCode(DelegatingHttpsURLConnection.java:105)
08-06 04:26:38.271 14033 14707 W OneSignal: 	at com.android.okhttp.internal.huc.HttpsURLConnectionImpl.getResponseCode(HttpsURLConnectionImpl.java)
08-06 04:26:38.271 14033 14707 W OneSignal: 	at com.onesignal.OneSignalRestClient.startHTTPConnection(OneSignalRestClient.java:180)
08-06 04:26:38.271 14033 14707 W OneSignal: 	at com.onesignal.OneSignalRestClient.access$100(OneSignalRestClient.java:44)
08-06 04:26:38.271 14033 14707 W OneSignal: 	at com.onesignal.OneSignalRestClient$4.run(OneSignalRestClient.java:110)
08-06 04:26:38.271 14033 14707 W OneSignal: 	at java.lang.Thread.run(Thread.java:818)
08-06 04:26:38.271 14033 14707 W OneSignal: Caused by: java.io.EOFException: \n not found: size=0 content=...
08-06 04:26:38.271 14033 14707 W OneSignal: 	at com.android.okhttp.okio.RealBufferedSource.readUtf8LineStrict(RealBufferedSource.java:200)
08-06 04:26:38.271 14033 14707 W OneSignal: 	at com.android.okhttp.internal.http.HttpConnection.readResponse(HttpConnection.java:191)
08-06 04:26:38.271 14033 14707 W OneSignal: 	... 12 more
08-06 04:26:38.272 14033 14716 W OneSignal: Failed last request. statusCode: -1
08-06 04:26:38.272 14033 14716 W OneSignal: response: null
08-06 04:26:38.375 14033 14045 I art     : Starting a blocking GC Explicit
08-06 04:26:38.401 14033 14045 I art     : Explicit concurrent mark sweep GC freed 3707(230KB) AllocSpace objects, 1(20KB) LOS objects, 23% free, 52MB/68MB, paused 307us total 25.878ms
08-06 04:26:38.413 14033 14045 I art     : Starting a blocking GC Explicit
08-06 04:26:38.431 14033 14045 I art     : Explicit concurrent mark sweep GC freed 67(2432B) AllocSpace objects, 0(0B) LOS objects, 23% free, 52MB/68MB, paused 239us total 17.413ms
08-06 04:26:38.438 14033 14045 I art     : Starting a blocking GC Explicit
08-06 04:26:38.453 14033 14045 I art     : Explicit concurrent mark sweep GC freed 3(96B) AllocSpace objects, 0(0B) LOS objects, 23% free, 52MB/68MB, paused 224us total 14.802ms
08-06 04:26:38.459 14033 14045 I art     : Starting a blocking GC Explicit
08-06 04:26:38.474 14033 14045 I art     : Explicit concurrent mark sweep GC freed 3(96B) AllocSpace objects, 0(0B) LOS objects, 23% free, 52MB/68MB, paused 227us total 14.885ms
08-06 04:26:38.481 14033 14045 I art     : Starting a blocking GC Explicit
08-06 04:26:38.496 14033 14045 I art     : Explicit concurrent mark sweep GC freed 3(96B) AllocSpace objects, 0(0B) LOS objects, 23% free, 52MB/68MB, paused 226us total 14.633ms
08-06 04:26:38.807 14033 14123 I art     : Starting a blocking GC Explicit
08-06 04:26:38.829 14033 14123 I art     : Explicit concurrent mark sweep GC freed 1341(78KB) AllocSpace objects, 1(20KB) LOS objects, 23% free, 52MB/68MB, paused 272us total 21.592ms
08-06 04:26:38.839 14033 14123 I art     : Starting a blocking GC Explicit
08-06 04:26:38.855 14033 14123 I art     : Explicit concurrent mark sweep GC freed 20(704B) AllocSpace objects, 0(0B) LOS objects, 23% free, 52MB/68MB, paused 297us total 15.764ms
08-06 04:26:38.862 14033 14123 I art     : Starting a blocking GC Explicit
08-06 04:26:38.877 14033 14123 I art     : Explicit concurrent mark sweep GC freed 3(96B) AllocSpace objects, 0(0B) LOS objects, 23% free, 52MB/68MB, paused 239us total 15.267ms
08-06 04:26:38.884 14033 14123 I art     : Starting a blocking GC Explicit
08-06 04:26:38.899 14033 14123 I art     : Explicit concurrent mark sweep GC freed 3(96B) AllocSpace objects, 0(0B) LOS objects, 23% free, 52MB/68MB, paused 233us total 14.887ms
08-06 04:26:38.906 14033 14123 I art     : Starting a blocking GC Explicit
08-06 04:26:38.920 14033 14123 I art     : Explicit concurrent mark sweep GC freed 3(96B) AllocSpace objects, 0(0B) LOS objects, 23% free, 52MB/68MB, paused 231us total 14.343ms
08-06 04:26:39.225 14033 14046 I art     : Starting a blocking GC Explicit
08-06 04:26:39.243 14033 14046 I art     : Explicit concurrent mark sweep GC freed 1341(78KB) AllocSpace objects, 1(20KB) LOS objects, 23% free, 52MB/68MB, paused 267us total 17.317ms
08-06 04:26:39.250 14033 14046 I art     : Starting a blocking GC Explicit
08-06 04:26:39.265 14033 14046 I art     : Explicit concurrent mark sweep GC freed 20(704B) AllocSpace objects, 0(0B) LOS objects, 23% free, 52MB/68MB, paused 234us total 15.194ms
08-06 04:26:39.272 14033 14046 I art     : Starting a blocking GC Explicit
08-06 04:26:39.288 14033 14046 I art     : Explicit concurrent mark sweep GC freed 3(96B) AllocSpace objects, 0(0B) LOS objects, 23% free, 52MB/68MB, paused 235us total 15.332ms
08-06 04:26:39.294 14033 14046 I art     : Starting a blocking GC Explicit
08-06 04:26:39.309 14033 14046 I art     : Explicit concurrent mark sweep GC freed 3(96B) AllocSpace objects, 0(0B) LOS objects, 23% free, 52MB/68MB, paused 227us total 14.354ms
08-06 04:26:39.315 14033 14046 I art     : Starting a blocking GC Explicit
08-06 04:26:39.330 14033 14046 I art     : Explicit concurrent mark sweep GC freed 3(96B) AllocSpace objects, 0(0B) LOS objects, 23% free, 52MB/68MB, paused 235us total 14.731ms
08-06 04:26:39.634 14033 14124 I art     : Starting a blocking GC Explicit
08-06 04:26:39.660 14033 14124 I art     : Explicit concurrent mark sweep GC freed 1341(78KB) AllocSpace objects, 1(20KB) LOS objects, 23% free, 52MB/68MB, paused 265us total 26.390ms
08-06 04:26:39.672 14033 14124 I art     : Starting a blocking GC Explicit
08-06 04:26:39.690 14033 14124 I art     : Explicit concurrent mark sweep GC freed 20(704B) AllocSpace objects, 0(0B) LOS objects, 23% free, 52MB/68MB, paused 225us total 17.364ms
08-06 04:26:39.696 14033 14124 I art     : Starting a blocking GC Explicit
08-06 04:26:39.711 14033 14124 I art     : Explicit concurrent mark sweep GC freed 3(96B) AllocSpace objects, 0(0B) LOS objects, 23% free, 52MB/68MB, paused 229us total 14.393ms
08-06 04:26:39.717 14033 14124 I art     : Starting a blocking GC Explicit
08-06 04:26:39.732 14033 14124 I art     : Explicit concurrent mark sweep GC freed 3(96B) AllocSpace objects, 0(0B) LOS objects, 23% free, 52MB/68MB, paused 225us total 14.616ms
08-06 04:26:39.739 14033 14124 I art     : Starting a blocking GC Explicit
08-06 04:26:39.754 14033 14124 I art     : Explicit concurrent mark sweep GC freed 3(96B) AllocSpace objects, 0(0B) LOS objects, 23% free, 52MB/68MB, paused 225us total 14.846ms
08-06 04:26:40.068 14033 14045 I art     : Starting a blocking GC Explicit
08-06 04:26:40.090 14033 14045 I art     : Explicit concurrent mark sweep GC freed 1341(78KB) AllocSpace objects, 1(20KB) LOS objects, 23% free, 52MB/68MB, paused 278us total 21.590ms
08-06 04:26:40.100 14033 14045 I art     : Starting a blocking GC Explicit
08-06 04:26:40.120 14033 14045 I art     : Explicit concurrent mark sweep GC freed 20(704B) AllocSpace objects, 0(0B) LOS objects, 23% free, 52MB/68MB, paused 291us total 19.189ms
08-06 04:26:40.130 14033 14045 I art     : Starting a blocking GC Explicit
08-06 04:26:40.145 14033 14045 I art     : Explicit concurrent mark sweep GC freed 3(96B) AllocSpace objects, 0(0B) LOS objects, 23% free, 52MB/68MB, paused 232us total 15.413ms
08-06 04:26:40.152 14033 14045 I art     : Starting a blocking GC Explicit
08-06 04:26:40.168 14033 14045 I art     : Explicit concurrent mark sweep GC freed 3(96B) AllocSpace objects, 0(0B) LOS objects, 23% free, 52MB/68MB, paused 218us total 15.347ms
08-06 04:26:40.174 14033 14045 I art     : Starting a blocking GC Explicit
08-06 04:26:40.189 14033 14045 I art     : Explicit concurrent mark sweep GC freed 3(96B) AllocSpace objects, 0(0B) LOS objects, 23% free, 52MB/68MB, paused 224us total 14.946ms
08-06 04:26:40.504 14033 14123 I art     : Starting a blocking GC Explicit
08-06 04:26:40.530 14033 14123 I art     : Explicit concurrent mark sweep GC freed 1341(78KB) AllocSpace objects, 1(20KB) LOS objects, 23% free, 52MB/68MB, paused 308us total 25.575ms
08-06 04:26:40.543 14033 14123 I art     : Starting a blocking GC Explicit
08-06 04:26:40.562 14033 14123 I art     : Explicit concurrent mark sweep GC freed 20(704B) AllocSpace objects, 0(0B) LOS objects, 23% free, 52MB/68MB, paused 264us total 18.957ms
08-06 04:26:40.573 14033 14123 I art     : Starting a blocking GC Explicit
08-06 04:26:40.588 14033 14123 I art     : Explicit concurrent mark sweep GC freed 3(96B) AllocSpace objects, 0(0B) LOS objects, 23% free, 52MB/68MB, paused 240us total 15.342ms
08-06 04:26:40.595 14033 14123 I art     : Starting a blocking GC Explicit
08-06 04:26:40.611 14033 14123 I art     : Explicit concurrent mark sweep GC freed 3(96B) AllocSpace objects, 0(0B) LOS objects, 23% free, 52MB/68MB, paused 236us total 15.346ms
08-06 04:26:40.617 14033 14123 I art     : Starting a blocking GC Explicit
08-06 04:26:40.632 14033 14123 I art     : Explicit concurrent mark sweep GC freed 3(96B) AllocSpace objects, 0(0B) LOS objects, 23% free, 52MB/68MB, paused 229us total 14.544ms
08-06 04:26:40.965 14033 14046 I art     : Starting a blocking GC Explicit
08-06 04:26:40.989 14033 14046 I art     : Explicit concurrent mark sweep GC freed 1341(78KB) AllocSpace objects, 1(20KB) LOS objects, 23% free, 52MB/68MB, paused 328us total 24.355ms
08-06 04:26:41.000 14033 14046 I art     : Starting a blocking GC Explicit
08-06 04:26:41.018 14033 14046 I art     : Explicit concurrent mark sweep GC freed 20(704B) AllocSpace objects, 0(0B) LOS objects, 23% free, 52MB/68MB, paused 238us total 17.679ms
08-06 04:26:41.025 14033 14046 I art     : Starting a blocking GC Explicit
08-06 04:26:41.040 14033 14046 I art     : Explicit concurrent mark sweep GC freed 3(96B) AllocSpace objects, 0(0B) LOS objects, 23% free, 52MB/68MB, paused 241us total 15.066ms
08-06 04:26:41.047 14033 14046 I art     : Starting a blocking GC Explicit
08-06 04:26:41.062 14033 14046 I art     : Explicit concurrent mark sweep GC freed 3(96B) AllocSpace objects, 0(0B) LOS objects, 23% free, 52MB/68MB, paused 232us total 15.057ms
08-06 04:26:41.069 14033 14046 I art     : Starting a blocking GC Explicit
08-06 04:26:41.083 14033 14046 I art     : Explicit concurrent mark sweep GC freed 3(96B) AllocSpace objects, 0(0B) LOS objects, 23% free, 52MB/68MB, paused 228us total 14.480ms
08-06 04:26:41.403 14033 14124 I art     : Starting a blocking GC Explicit
08-06 04:26:41.430 14033 14124 I art     : Explicit concurrent mark sweep GC freed 1341(78KB) AllocSpace objects, 1(20KB) LOS objects, 23% free, 52MB/68MB, paused 278us total 26.105ms
08-06 04:26:41.441 14033 14124 I art     : Starting a blocking GC Explicit
08-06 04:26:41.458 14033 14124 I art     : Explicit concurrent mark sweep GC freed 20(704B) AllocSpace objects, 0(0B) LOS objects, 23% free, 52MB/68MB, paused 228us total 17.398ms
08-06 04:26:41.465 14033 14124 I art     : Starting a blocking GC Explicit
08-06 04:26:41.480 14033 14124 I art     : Explicit concurrent mark sweep GC freed 3(96B) AllocSpace objects, 0(0B) LOS objects, 23% free, 52MB/68MB, paused 225us total 14.760ms
08-06 04:26:41.487 14033 14124 I art     : Starting a blocking GC Explicit
08-06 04:26:41.502 14033 14124 I art     : Explicit concurrent mark sweep GC freed 3(96B) AllocSpace objects, 0(0B) LOS objects, 23% free, 52MB/68MB, paused 251us total 15.141ms
08-06 04:26:41.509 14033 14124 I art     : Starting a blocking GC Explicit
08-06 04:26:41.524 14033 14124 I art     : Explicit concurrent mark sweep GC freed 3(96B) AllocSpace objects, 0(0B) LOS objects, 23% free, 52MB/68MB, paused 224us total 14.555ms
08-06 04:26:41.843 14033 14045 I art     : Starting a blocking GC Explicit
08-06 04:26:41.869 14033 14045 I art     : Explicit concurrent mark sweep GC freed 1341(78KB) AllocSpace objects, 1(20KB) LOS objects, 23% free, 52MB/68MB, paused 275us total 25.824ms
08-06 04:26:41.880 14033 14045 I art     : Starting a blocking GC Explicit
08-06 04:26:41.897 14033 14045 I art     : Explicit concurrent mark sweep GC freed 20(704B) AllocSpace objects, 0(0B) LOS objects, 23% free, 52MB/68MB, paused 244us total 17.346ms
08-06 04:26:41.904 14033 14045 I art     : Starting a blocking GC Explicit
08-06 04:26:41.919 14033 14045 I art     : Explicit concurrent mark sweep GC freed 3(96B) AllocSpace objects, 0(0B) LOS objects, 23% free, 52MB/68MB, paused 215us total 15.093ms
08-06 04:26:41.926 14033 14045 I art     : Starting a blocking GC Explicit
08-06 04:26:41.941 14033 14045 I art     : Explicit concurrent mark sweep GC freed 3(96B) AllocSpace objects, 0(0B) LOS objects, 23% free, 52MB/68MB, paused 224us total 15.145ms
08-06 04:26:41.948 14033 14045 I art     : Starting a blocking GC Explicit
08-06 04:26:41.962 14033 14045 I art     : Explicit concurrent mark sweep GC freed 3(96B) AllocSpace objects, 0(0B) LOS objects, 23% free, 52MB/68MB, paused 227us total 14.640ms
08-06 04:26:42.268 14033 14123 I art     : Starting a blocking GC Explicit
08-06 04:26:42.290 14033 14123 I art     : Explicit concurrent mark sweep GC freed 1341(78KB) AllocSpace objects, 1(20KB) LOS objects, 23% free, 52MB/68MB, paused 278us total 21.641ms
08-06 04:26:42.303 14033 14123 I art     : Starting a blocking GC Explicit
08-06 04:26:42.319 14033 14123 I art     : Explicit concurrent mark sweep GC freed 20(704B) AllocSpace objects, 0(0B) LOS objects, 23% free, 52MB/68MB, paused 226us total 15.785ms
08-06 04:26:42.325 14033 14123 I art     : Starting a blocking GC Explicit
08-06 04:26:42.340 14033 14123 I art     : Explicit concurrent mark sweep GC freed 3(96B) AllocSpace objects, 0(0B) LOS objects, 23% free, 52MB/68MB, paused 212us total 14.944ms
08-06 04:26:42.347 14033 14123 I art     : Starting a blocking GC Explicit
08-06 04:26:42.362 14033 14123 I art     : Explicit concurrent mark sweep GC freed 3(96B) AllocSpace objects, 0(0B) LOS objects, 23% free, 52MB/68MB, paused 235us total 14.868ms
08-06 04:26:42.369 14033 14123 I art     : Starting a blocking GC Explicit
08-06 04:26:42.384 14033 14123 I art     : Explicit concurrent mark sweep GC freed 3(96B) AllocSpace objects, 0(0B) LOS objects, 23% free, 52MB/68MB, paused 247us total 14.836ms
08-06 04:26:42.707 14033 14046 I art     : Starting a blocking GC Explicit
08-06 04:26:42.732 14033 14046 I art     : Explicit concurrent mark sweep GC freed 1341(78KB) AllocSpace objects, 1(20KB) LOS objects, 23% free, 52MB/68MB, paused 304us total 24.478ms
08-06 04:26:42.745 14033 14046 I art     : Starting a blocking GC Explicit
08-06 04:26:42.761 14033 14046 I art     : Explicit concurrent mark sweep GC freed 20(704B) AllocSpace objects, 0(0B) LOS objects, 23% free, 52MB/68MB, paused 241us total 15.379ms
08-06 04:26:42.767 14033 14046 I art     : Starting a blocking GC Explicit
08-06 04:26:42.783 14033 14046 I art     : Explicit concurrent mark sweep GC freed 3(96B) AllocSpace objects, 0(0B) LOS objects, 23% free, 52MB/68MB, paused 227us total 15.007ms
08-06 04:26:42.789 14033 14046 I art     : Starting a blocking GC Explicit
08-06 04:26:42.804 14033 14046 I art     : Explicit concurrent mark sweep GC freed 3(96B) AllocSpace objects, 0(0B) LOS objects, 23% free, 52MB/68MB, paused 229us total 14.800ms
08-06 04:26:42.811 14033 14046 I art     : Starting a blocking GC Explicit
08-06 04:26:42.826 14033 14046 I art     : Explicit concurrent mark sweep GC freed 3(96B) AllocSpace objects, 0(0B) LOS objects, 23% free, 52MB/68MB, paused 234us total 14.779ms
08-06 04:26:43.146 14033 14124 I art     : Starting a blocking GC Explicit
08-06 04:26:43.171 14033 14124 I art     : Explicit concurrent mark sweep GC freed 1341(78KB) AllocSpace objects, 1(20KB) LOS objects, 23% free, 52MB/68MB, paused 289us total 25.224ms
08-06 04:26:43.182 14033 14124 I art     : Starting a blocking GC Explicit
08-06 04:26:43.199 14033 14124 I art     : Explicit concurrent mark sweep GC freed 20(704B) AllocSpace objects, 0(0B) LOS objects, 23% free, 52MB/68MB, paused 240us total 17.260ms
08-06 04:26:43.206 14033 14124 I art     : Starting a blocking GC Explicit
08-06 04:26:43.221 14033 14124 I art     : Explicit concurrent mark sweep GC freed 3(96B) AllocSpace objects, 0(0B) LOS objects, 23% free, 52MB/68MB, paused 231us total 14.943ms
08-06 04:26:43.228 14033 14124 I art     : Starting a blocking GC Explicit
08-06 04:26:43.243 14033 14124 I art     : Explicit concurrent mark sweep GC freed 3(96B) AllocSpace objects, 0(0B) LOS objects, 23% free, 52MB/68MB, paused 226us total 14.585ms
08-06 04:26:43.249 14033 14124 I art     : Starting a blocking GC Explicit
08-06 04:26:43.263 14033 14124 I art     : Explicit concurrent mark sweep GC freed 3(96B) AllocSpace objects, 0(0B) LOS objects, 23% free, 52MB/68MB, paused 228us total 14.050ms
08-06 04:26:43.556 14033 14045 I art     : Starting a blocking GC Explicit
08-06 04:26:43.578 14033 14045 I art     : Explicit concurrent mark sweep GC freed 1341(78KB) AllocSpace objects, 1(20KB) LOS objects, 23% free, 52MB/68MB, paused 271us total 21.445ms
08-06 04:26:43.588 14033 14045 I art     : Starting a blocking GC Explicit
08-06 04:26:43.606 14033 14045 I art     : Explicit concurrent mark sweep GC freed 20(704B) AllocSpace objects, 0(0B) LOS objects, 23% free, 52MB/68MB, paused 249us total 17.399ms
08-06 04:26:43.613 14033 14045 I art     : Starting a blocking GC Explicit
08-06 04:26:43.629 14033 14045 I art     : Explicit concurrent mark sweep GC freed 3(96B) AllocSpace objects, 0(0B) LOS objects, 23% free, 52MB/68MB, paused 223us total 15.365ms
08-06 04:26:43.635 14033 14045 I art     : Starting a blocking GC Explicit
08-06 04:26:43.651 14033 14045 I art     : Explicit concurrent mark sweep GC freed 3(96B) AllocSpace objects, 0(0B) LOS objects, 23% free, 52MB/68MB, paused 224us total 15.279ms
08-06 04:26:43.658 14033 14045 I art     : Starting a blocking GC Explicit
08-06 04:26:43.673 14033 14045 I art     : Explicit concurrent mark sweep GC freed 3(96B) AllocSpace objects, 0(0B) LOS objects, 23% free, 52MB/68MB, paused 229us total 14.915ms
08-06 04:26:43.984 14033 14123 I art     : Starting a blocking GC Explicit
08-06 04:26:44.005 14033 14123 I art     : Explicit concurrent mark sweep GC freed 1341(78KB) AllocSpace objects, 1(20KB) LOS objects, 23% free, 52MB/68MB, paused 257us total 20.519ms
08-06 04:26:44.012 14033 14123 I art     : Starting a blocking GC Explicit
08-06 04:26:44.028 14033 14123 I art     : Explicit concurrent mark sweep GC freed 20(704B) AllocSpace objects, 0(0B) LOS objects, 23% free, 52MB/68MB, paused 234us total 15.321ms
08-06 04:26:44.035 14033 14123 I art     : Starting a blocking GC Explicit
08-06 04:26:44.049 14033 14123 I art     : Explicit concurrent mark sweep GC freed 3(96B) AllocSpace objects, 0(0B) LOS objects, 23% free, 52MB/68MB, paused 229us total 14.549ms
08-06 04:26:44.056 14033 14123 I art     : Starting a blocking GC Explicit
08-06 04:26:44.070 14033 14123 I art     : Explicit concurrent mark sweep GC freed 3(96B) AllocSpace objects, 0(0B) LOS objects, 23% free, 52MB/68MB, paused 225us total 14.409ms
08-06 04:26:44.077 14033 14123 I art     : Starting a blocking GC Explicit
08-06 04:26:44.092 14033 14123 I art     : Explicit concurrent mark sweep GC freed 3(96B) AllocSpace objects, 0(0B) LOS objects, 23% free, 52MB/68MB, paused 229us total 14.475ms
08-06 04:26:44.422 14033 14046 I art     : Starting a blocking GC Explicit
08-06 04:26:44.448 14033 14046 I art     : Explicit concurrent mark sweep GC freed 1341(78KB) AllocSpace objects, 1(20KB) LOS objects, 23% free, 52MB/68MB, paused 331us total 24.916ms
08-06 04:26:44.460 14033 14046 I art     : Starting a blocking GC Explicit
08-06 04:26:44.475 14033 14046 I art     : Explicit concurrent mark sweep GC freed 20(704B) AllocSpace objects, 0(0B) LOS objects, 23% free, 52MB/68MB, paused 227us total 15.671ms
08-06 04:26:44.482 14033 14046 I art     : Starting a blocking GC Explicit
08-06 04:26:44.497 14033 14046 I art     : Explicit concurrent mark sweep GC freed 3(96B) AllocSpace objects, 0(0B) LOS objects, 23% free, 52MB/68MB, paused 289us total 14.620ms
08-06 04:26:44.503 14033 14046 I art     : Starting a blocking GC Explicit
08-06 04:26:44.518 14033 14046 I art     : Explicit concurrent mark sweep GC freed 3(96B) AllocSpace objects, 0(0B) LOS objects, 23% free, 52MB/68MB, paused 228us total 14.698ms
08-06 04:26:44.524 14033 14046 I art     : Starting a blocking GC Explicit
08-06 04:26:44.539 14033 14046 I art     : Explicit concurrent mark sweep GC freed 3(96B) AllocSpace objects, 0(0B) LOS objects, 23% free, 52MB/68MB, paused 228us total 14.692ms
08-06 04:26:44.832 14033 14124 I art     : Starting a blocking GC Explicit
08-06 04:26:44.848 14033 14124 I art     : Explicit concurrent mark sweep GC freed 1341(78KB) AllocSpace objects, 1(20KB) LOS objects, 23% free, 52MB/68MB, paused 288us total 15.980ms
08-06 04:26:44.855 14033 14124 I art     : Starting a blocking GC Explicit
08-06 04:26:44.869 14033 14124 I art     : Explicit concurrent mark sweep GC freed 20(704B) AllocSpace objects, 0(0B) LOS objects, 23% free, 52MB/68MB, paused 225us total 14.592ms
08-06 04:26:44.876 14033 14124 I art     : Starting a blocking GC Explicit
08-06 04:26:44.891 14033 14124 I art     : Explicit concurrent mark sweep GC freed 3(96B) AllocSpace objects, 0(0B) LOS objects, 23% free, 52MB/68MB, paused 224us total 14.664ms
08-06 04:26:44.897 14033 14124 I art     : Starting a blocking GC Explicit
08-06 04:26:44.912 14033 14124 I art     : Explicit concurrent mark sweep GC freed 3(96B) AllocSpace objects, 0(0B) LOS objects, 23% free, 52MB/68MB, paused 230us total 14.662ms
08-06 04:26:44.918 14033 14124 I art     : Starting a blocking GC Explicit
08-06 04:26:44.933 14033 14124 I art     : Explicit concurrent mark sweep GC freed 3(96B) AllocSpace objects, 0(0B) LOS objects, 23% free, 52MB/68MB, paused 230us total 14.378ms
08-06 04:26:45.088 14946 14946 D AndroidRuntime: >>>>>> START com.android.internal.os.RuntimeInit uid 2000 <<<<<<
08-06 04:26:45.094 14946 14946 D AndroidRuntime: CheckJNI is OFF
08-06 04:26:45.122 14946 14946 D ICU     : No timezone override file found: /data/misc/zoneinfo/current/icu/icu_tzdata.dat
08-06 04:26:45.147 14946 14946 I Radio-JNI: register_android_hardware_Radio DONE
08-06 04:26:45.163 14946 14946 D AndroidRuntime: Calling main entry com.android.commands.input.Input
08-06 04:26:45.165 14946 14946 I Input   : injectKeyEvent: KeyEvent { action=ACTION_DOWN, keyCode=KEYCODE_BACK, scanCode=0, metaState=0, flags=0x0, repeatCount=0, eventTime=851221578, downTime=851221578, deviceId=-1, source=0x101 }
08-06 04:26:45.176 14946 14946 I Input   : injectKeyEvent: KeyEvent { action=ACTION_UP, keyCode=KEYCODE_BACK, scanCode=0, metaState=0, flags=0x0, repeatCount=0, eventTime=851221578, downTime=851221578, deviceId=-1, source=0x101 }
08-06 04:26:45.181 14946 14946 D AndroidRuntime: Shutting down VM
08-06 04:26:45.208 14033 14045 I art     : Starting a blocking GC Explicit
08-06 04:26:45.223 14033 14045 I art     : Explicit concurrent mark sweep GC freed 1487(85KB) AllocSpace objects, 1(20KB) LOS objects, 23% free, 52MB/68MB, paused 304us total 14.456ms
08-06 04:26:45.224 13866 13866 I GoogleInputMethodServic: GoogleInputMethodService.onFinishInput():3138 
08-06 04:26:45.224 13866 13866 I GoogleInputMethodServic: GoogleInputMethodService.onStartInput():1808 
08-06 04:26:45.230 14033 14045 I art     : Starting a blocking GC Explicit
08-06 04:26:45.245 14033 14045 I art     : Explicit concurrent mark sweep GC freed 47(1744B) AllocSpace objects, 0(0B) LOS objects, 23% free, 52MB/68MB, paused 342us total 15.179ms
08-06 04:26:45.252 14033 14045 I art     : Starting a blocking GC Explicit
08-06 04:26:45.268 14033 14045 I art     : Explicit concurrent mark sweep GC freed 11(400B) AllocSpace objects, 0(0B) LOS objects, 23% free, 52MB/68MB, paused 219us total 14.678ms
08-06 04:26:45.274 14033 14045 I art     : Starting a blocking GC Explicit
08-06 04:26:45.286 14033 14045 I art     : Explicit concurrent mark sweep GC freed 3(96B) AllocSpace objects, 0(0B) LOS objects, 23% free, 52MB/68MB, paused 205us total 12.522ms
08-06 04:26:45.292 14033 14045 I art     : Starting a blocking GC Explicit
08-06 04:26:45.305 14033 14045 I art     : Explicit concurrent mark sweep GC freed 3(96B) AllocSpace objects, 0(0B) LOS objects, 23% free, 52MB/68MB, paused 203us total 12.533ms
08-06 04:26:45.533   380   380 W SurfaceFlinger: couldn't log to binary event log: overflow.
08-06 04:26:45.556 14033 14123 I art     : Starting a blocking GC Explicit
08-06 04:26:45.572 14033 14123 I art     : Explicit concurrent mark sweep GC freed 1450(87KB) AllocSpace objects, 1(20KB) LOS objects, 23% free, 52MB/68MB, paused 278us total 15.932ms
08-06 04:26:45.579 14033 14123 I art     : Starting a blocking GC Explicit
08-06 04:26:45.594 14033 14123 I art     : Explicit concurrent mark sweep GC freed 1672(107KB) AllocSpace objects, 3(400KB) LOS objects, 23% free, 51MB/67MB, paused 243us total 14.536ms
08-06 04:26:45.600 14033 14123 I art     : Starting a blocking GC Explicit
08-06 04:26:45.614 14033 14123 I art     : Explicit concurrent mark sweep GC freed 3(96B) AllocSpace objects, 0(0B) LOS objects, 23% free, 51MB/67MB, paused 246us total 14.201ms
08-06 04:26:45.621 14033 14123 I art     : Starting a blocking GC Explicit
08-06 04:26:45.635 14033 14123 I art     : Explicit concurrent mark sweep GC freed 3(96B) AllocSpace objects, 0(0B) LOS objects, 23% free, 51MB/67MB, paused 237us total 14.136ms
08-06 04:26:45.642 14033 14123 I art     : Starting a blocking GC Explicit
08-06 04:26:45.656 14033 14123 I art     : Explicit concurrent mark sweep GC freed 3(96B) AllocSpace objects, 0(0B) LOS objects, 23% free, 51MB/67MB, paused 233us total 14.363ms
08-06 04:26:45.942 14033 14046 I art     : Starting a blocking GC Explicit
08-06 04:26:45.962 14033 14046 I art     : Explicit concurrent mark sweep GC freed 1341(78KB) AllocSpace objects, 1(20KB) LOS objects, 23% free, 51MB/67MB, paused 269us total 20.020ms
08-06 04:26:45.972 14033 14046 I art     : Starting a blocking GC Explicit
08-06 04:26:45.988 14033 14046 I art     : Explicit concurrent mark sweep GC freed 20(704B) AllocSpace objects, 0(0B) LOS objects, 23% free, 51MB/67MB, paused 246us total 15.115ms
08-06 04:26:45.994 14033 14046 I art     : Starting a blocking GC Explicit
08-06 04:26:46.009 14033 14046 I art     : Explicit concurrent mark sweep GC freed 3(96B) AllocSpace objects, 0(0B) LOS objects, 23% free, 51MB/67MB, paused 230us total 14.874ms
08-06 04:26:46.017 14033 14046 I art     : Starting a blocking GC Explicit
08-06 04:26:46.032 14033 14046 I art     : Explicit concurrent mark sweep GC freed 3(96B) AllocSpace objects, 0(0B) LOS objects, 23% free, 51MB/67MB, paused 227us total 14.908ms
08-06 04:26:46.038 14033 14046 I art     : Starting a blocking GC Explicit
08-06 04:26:46.053 14033 14046 I art     : Explicit concurrent mark sweep GC freed 3(96B) AllocSpace objects, 0(0B) LOS objects, 23% free, 51MB/67MB, paused 264us total 14.169ms
08-06 04:26:46.343 14033 14045 I art     : Starting a blocking GC Explicit
08-06 04:26:46.364 14033 14045 I art     : Explicit concurrent mark sweep GC freed 1340(78KB) AllocSpace objects, 1(20KB) LOS objects, 23% free, 51MB/67MB, paused 245us total 20.516ms
08-06 04:26:46.371 14033 14045 I art     : Starting a blocking GC Explicit
08-06 04:26:46.386 14033 14045 I art     : Explicit concurrent mark sweep GC freed 20(704B) AllocSpace objects, 0(0B) LOS objects, 23% free, 51MB/67MB, paused 226us total 15.135ms
08-06 04:26:46.393 14033 14045 I art     : Starting a blocking GC Explicit
08-06 04:26:46.407 14033 14045 I art     : Explicit concurrent mark sweep GC freed 3(96B) AllocSpace objects, 0(0B) LOS objects, 23% free, 51MB/67MB, paused 212us total 14.273ms
08-06 04:26:46.414 14033 14045 I art     : Starting a blocking GC Explicit
08-06 04:26:46.428 14033 14045 I art     : Explicit concurrent mark sweep GC freed 3(96B) AllocSpace objects, 0(0B) LOS objects, 23% free, 51MB/67MB, paused 242us total 14.272ms
08-06 04:26:46.434 14033 14045 I art     : Starting a blocking GC Explicit
08-06 04:26:46.448 14033 14045 I art     : Explicit concurrent mark sweep GC freed 3(96B) AllocSpace objects, 0(0B) LOS objects, 23% free, 51MB/67MB, paused 226us total 13.296ms
08-06 04:26:46.691 14033 14124 I art     : Starting a blocking GC Explicit
08-06 04:26:46.706 14033 14124 I art     : Explicit concurrent mark sweep GC freed 1340(78KB) AllocSpace objects, 1(20KB) LOS objects, 23% free, 51MB/67MB, paused 249us total 14.898ms
08-06 04:26:46.713 14033 14124 I art     : Starting a blocking GC Explicit
08-06 04:26:46.728 14033 14124 I art     : Explicit concurrent mark sweep GC freed 20(704B) AllocSpace objects, 0(0B) LOS objects, 23% free, 51MB/67MB, paused 235us total 14.711ms
08-06 04:26:46.731 15005 15005 D AndroidRuntime: >>>>>> START com.android.internal.os.RuntimeInit uid 2000 <<<<<<
08-06 04:26:46.734 14033 14124 I art     : Starting a blocking GC Explicit
08-06 04:26:46.735 15005 15005 D AndroidRuntime: CheckJNI is OFF
08-06 04:26:46.748 14033 14124 I art     : Explicit concurrent mark sweep GC freed 3(96B) AllocSpace objects, 0(0B) LOS objects, 23% free, 51MB/67MB, paused 239us total 14.068ms
08-06 04:26:46.754 14033 14124 I art     : Starting a blocking GC Explicit
08-06 04:26:46.764 15005 15005 D ICU     : No timezone override file found: /data/misc/zoneinfo/current/icu/icu_tzdata.dat
08-06 04:26:46.768 14033 14124 I art     : Explicit concurrent mark sweep GC freed 3(96B) AllocSpace objects, 0(0B) LOS objects, 23% free, 51MB/67MB, paused 221us total 12.861ms
08-06 04:26:46.773 14033 14124 I art     : Starting a blocking GC Explicit
08-06 04:26:46.787 14033 14124 I art     : Explicit concurrent mark sweep GC freed 3(96B) AllocSpace objects, 0(0B) LOS objects, 23% free, 51MB/67MB, paused 313us total 13.189ms
08-06 04:26:46.788 15005 15005 I Radio-JNI: register_android_hardware_Radio DONE
08-06 04:26:46.804 15005 15005 D AndroidRuntime: Calling main entry com.android.commands.input.Input
08-06 04:26:46.806 15005 15005 I Input   : injectMotionEvent: MotionEvent { action=ACTION_DOWN, actionButton=0, id[0]=0, x[0]=733.0, y[0]=1370.0, toolType[0]=TOOL_TYPE_UNKNOWN, buttonState=0, metaState=0, flags=0x0, edgeFlags=0x0, pointerCount=1, historySize=0, eventTime=851223219, downTime=851223219, deviceId=0, source=0x1002 }
08-06 04:26:46.811 15005 15005 I Input   : injectMotionEvent: MotionEvent { action=ACTION_UP, actionButton=0, id[0]=0, x[0]=733.0, y[0]=1370.0, toolType[0]=TOOL_TYPE_UNKNOWN, buttonState=0, metaState=0, flags=0x0, edgeFlags=0x0, pointerCount=1, historySize=0, eventTime=851223219, downTime=851223219, deviceId=0, source=0x1002 }
08-06 04:26:46.812   918  5481 I ActivityManager: START u0 {cmp=baseline.appteam.nith.hillffair/.activities.ClubActivity (has extras)} from uid 10697 on display 0
08-06 04:26:46.819 15005 15005 D AndroidRuntime: Shutting down VM
08-06 04:26:46.904   918   936 I ActivityManager: Displayed baseline.appteam.nith.hillffair/.activities.ClubActivity: +85ms
08-06 04:26:46.905 13866 13866 I GoogleInputMethodServic: GoogleInputMethodService.onFinishInput():3138 
08-06 04:26:46.907 13866 13866 I GoogleInputMethodServic: GoogleInputMethodService.onStartInput():1808 
08-06 04:26:47.012 14033 14045 I art     : Starting a blocking GC Explicit
08-06 04:26:47.031 14033 14045 I art     : Explicit concurrent mark sweep GC freed 4973(290KB) AllocSpace objects, 1(20KB) LOS objects, 23% free, 51MB/67MB, paused 279us total 18.527ms
08-06 04:26:47.040 14033 14045 I art     : Starting a blocking GC Explicit
08-06 04:26:47.060 14033 14045 I art     : Explicit concurrent mark sweep GC freed 209(9KB) AllocSpace objects, 0(0B) LOS objects, 23% free, 51MB/67MB, paused 302us total 19.676ms
08-06 04:26:47.067 14033 14045 I art     : Starting a blocking GC Explicit
08-06 04:26:47.086 14033 14045 I art     : Explicit concurrent mark sweep GC freed 3(96B) AllocSpace objects, 0(0B) LOS objects, 23% free, 51MB/67MB, paused 305us total 18.457ms
08-06 04:26:47.095 14033 14045 I art     : Starting a blocking GC Explicit
08-06 04:26:47.113 14033 14045 I art     : Explicit concurrent mark sweep GC freed 3(96B) AllocSpace objects, 0(0B) LOS objects, 23% free, 51MB/67MB, paused 286us total 17.799ms
08-06 04:26:47.122 14033 14045 I art     : Starting a blocking GC Explicit
08-06 04:26:47.141 14033 14045 I art     : Explicit concurrent mark sweep GC freed 3(96B) AllocSpace objects, 0(0B) LOS objects, 23% free, 51MB/67MB, paused 289us total 18.731ms
08-06 04:26:47.153   380   380 W SurfaceFlinger: couldn't log to binary event log: overflow.
08-06 04:26:47.415 14033 14123 I art     : Starting a blocking GC Explicit
08-06 04:26:47.428 13567 13567 I ServiceManager: Waiting for service AtCmdFwd...
08-06 04:26:47.432 14033 14123 I art     : Explicit concurrent mark sweep GC freed 1464(84KB) AllocSpace objects, 1(20KB) LOS objects, 23% free, 51MB/67MB, paused 297us total 17.244ms
08-06 04:26:47.440 14033 14123 I art     : Starting a blocking GC Explicit
08-06 04:26:47.455 14033 14123 I art     : Explicit concurrent mark sweep GC freed 44(1536B) AllocSpace objects, 0(0B) LOS objects, 23% free, 51MB/67MB, paused 272us total 14.954ms
08-06 04:26:47.462 14033 14123 I art     : Starting a blocking GC Explicit
08-06 04:26:47.476 14033 14123 I art     : Explicit concurrent mark sweep GC freed 10(352B) AllocSpace objects, 0(0B) LOS objects, 23% free, 51MB/67MB, paused 262us total 14.026ms
08-06 04:26:47.482 14033 14123 I art     : Starting a blocking GC Explicit
08-06 04:26:47.496 14033 14123 I art     : Explicit concurrent mark sweep GC freed 8(288B) AllocSpace objects, 0(0B) LOS objects, 23% free, 51MB/67MB, paused 285us total 13.082ms
08-06 04:26:47.501 14033 14123 I art     : Starting a blocking GC Explicit
08-06 04:26:47.515 14033 14123 I art     : Explicit concurrent mark sweep GC freed 8(288B) AllocSpace objects, 0(0B) LOS objects, 23% free, 51MB/67MB, paused 258us total 13.455ms
08-06 04:26:47.677 14033 15028 D OkHttp  : --> GET https://api-hillfair-2k16.herokuapp.com/api/app/events/special/event?id=580655cddcba0f490c70fdd0 http/1.1
08-06 04:26:47.713 14033 15028 D OkHttp  : <-- 200 OK https://api-hillfair-2k16.herokuapp.com/api/app/events/special/event?id=580655cddcba0f490c70fdd0 (35ms, 721-byte body)
08-06 04:26:47.754 14033 14033 I NAPPA_EXPERIMENTATION: MetricNetworkRequestExecutionTime: REQUEST_DURATION_SYSTEM='917',REQUEST_DURATION_OKHTTP='35',REQUEST_SYNCHRONOUS='FALSE',RESPONSE_CODE='200',RESPONSE_METHOD='GET',RESPONSE_LENGTH_OKHTTP='721',RESPONSE_LENGTH_HEADER='721',REQUEST_PROTOCOL='http/1.1',REQUEST_URL='https://api-hillfair-2k16.herokuapp.com/api/app/events/special/event?id=580655cddcba0f490c70fdd0',
08-06 04:26:47.774   518   646 I ThermalEngine: ACTION: GPU - Setting GPU[0] to 510000000
08-06 04:26:47.792 14033 14046 I art     : Starting a blocking GC Explicit
08-06 04:26:47.816 14033 14046 I art     : Explicit concurrent mark sweep GC freed 4786(330KB) AllocSpace objects, 4(220KB) LOS objects, 23% free, 52MB/68MB, paused 410us total 23.619ms
08-06 04:26:47.824 14033 14046 I art     : Starting a blocking GC Explicit
08-06 04:26:47.845 14033 14046 I art     : Explicit concurrent mark sweep GC freed 1050(127KB) AllocSpace objects, 0(0B) LOS objects, 23% free, 52MB/68MB, paused 329us total 20.291ms
08-06 04:26:47.852 14033 14046 I art     : Starting a blocking GC Explicit
08-06 04:26:47.870 14033 14046 I art     : Explicit concurrent mark sweep GC freed 6(192B) AllocSpace objects, 0(0B) LOS objects, 23% free, 52MB/68MB, paused 436us total 17.635ms
08-06 04:26:47.879 14033 14046 I art     : Starting a blocking GC Explicit
08-06 04:26:47.897 14033 14046 I art     : Explicit concurrent mark sweep GC freed 3(96B) AllocSpace objects, 0(0B) LOS objects, 23% free, 52MB/68MB, paused 389us total 17.930ms
08-06 04:26:47.905 14033 14046 I art     : Starting a blocking GC Explicit
08-06 04:26:47.923 14033 14046 I art     : Explicit concurrent mark sweep GC freed 3(96B) AllocSpace objects, 0(0B) LOS objects, 23% free, 52MB/68MB, paused 331us total 18.155ms
08-06 04:26:48.209 14033 14046 I art     : Starting a blocking GC Explicit
08-06 04:26:48.230 14033 14046 I art     : Explicit concurrent mark sweep GC freed 1341(78KB) AllocSpace objects, 1(20KB) LOS objects, 23% free, 52MB/68MB, paused 352us total 20.523ms
08-06 04:26:48.239 14033 14046 I art     : Starting a blocking GC Explicit
08-06 04:26:48.258 14033 14046 I art     : Explicit concurrent mark sweep GC freed 36(1264B) AllocSpace objects, 0(0B) LOS objects, 23% free, 52MB/68MB, paused 347us total 19.504ms
08-06 04:26:48.267 14033 14046 I art     : Starting a blocking GC Explicit
08-06 04:26:48.286 14033 14046 I art     : Explicit concurrent mark sweep GC freed 3(96B) AllocSpace objects, 0(0B) LOS objects, 23% free, 52MB/68MB, paused 334us total 19.218ms
08-06 04:26:48.295 14033 14046 I art     : Starting a blocking GC Explicit
08-06 04:26:48.314 14033 14046 I art     : Explicit concurrent mark sweep GC freed 3(96B) AllocSpace objects, 0(0B) LOS objects, 23% free, 52MB/68MB, paused 420us total 19.413ms
08-06 04:26:48.323 14033 14046 I art     : Starting a blocking GC Explicit
08-06 04:26:48.342 14033 14046 I art     : Explicit concurrent mark sweep GC freed 3(96B) AllocSpace objects, 0(0B) LOS objects, 23% free, 52MB/68MB, paused 339us total 19.266ms
08-06 04:26:48.428 13567 13567 I ServiceManager: Waiting for service AtCmdFwd...
08-06 04:26:48.627 14033 14123 I art     : Starting a blocking GC Explicit
08-06 04:26:48.654 14033 14123 I art     : Explicit concurrent mark sweep GC freed 1341(78KB) AllocSpace objects, 1(20KB) LOS objects, 23% free, 52MB/68MB, paused 539us total 26.594ms
08-06 04:26:48.669 14033 14123 I art     : Starting a blocking GC Explicit
08-06 04:26:48.689 14033 14123 I art     : Explicit concurrent mark sweep GC freed 20(704B) AllocSpace objects, 0(0B) LOS objects, 23% free, 52MB/68MB, paused 391us total 19.669ms
08-06 04:26:48.697 14033 14123 I art     : Starting a blocking GC Explicit
08-06 04:26:48.717 14033 14123 I art     : Explicit concurrent mark sweep GC freed 3(96B) AllocSpace objects, 0(0B) LOS objects, 23% free, 52MB/68MB, paused 486us total 19.643ms
08-06 04:26:48.726 14033 14123 I art     : Starting a blocking GC Explicit
08-06 04:26:48.745 14033 14123 I art     : Explicit concurrent mark sweep GC freed 3(96B) AllocSpace objects, 0(0B) LOS objects, 23% free, 52MB/68MB, paused 359us total 19.633ms
08-06 04:26:48.754 14033 14123 I art     : Starting a blocking GC Explicit
08-06 04:26:48.774 14033 14123 I art     : Explicit concurrent mark sweep GC freed 3(96B) AllocSpace objects, 0(0B) LOS objects, 23% free, 52MB/68MB, paused 414us total 19.397ms
08-06 04:26:49.099 14033 14045 I art     : Starting a blocking GC Explicit
08-06 04:26:49.123 14033 14045 I art     : Explicit concurrent mark sweep GC freed 1341(78KB) AllocSpace objects, 1(20KB) LOS objects, 23% free, 52MB/68MB, paused 379us total 24.402ms
08-06 04:26:49.137 14033 14045 I art     : Starting a blocking GC Explicit
08-06 04:26:49.156 14033 14045 I art     : Explicit concurrent mark sweep GC freed 20(704B) AllocSpace objects, 0(0B) LOS objects, 23% free, 52MB/68MB, paused 313us total 18.445ms
08-06 04:26:49.164 14033 14045 I art     : Starting a blocking GC Explicit
08-06 04:26:49.183 14033 14045 I art     : Explicit concurrent mark sweep GC freed 3(96B) AllocSpace objects, 0(0B) LOS objects, 23% free, 52MB/68MB, paused 335us total 19.134ms
08-06 04:26:49.192 14033 14045 I art     : Starting a blocking GC Explicit
08-06 04:26:49.212 14033 14045 I art     : Explicit concurrent mark sweep GC freed 3(96B) AllocSpace objects, 0(0B) LOS objects, 23% free, 52MB/68MB, paused 389us total 19.476ms
08-06 04:26:49.220 14033 14045 I art     : Starting a blocking GC Explicit
08-06 04:26:49.240 14033 14045 I art     : Explicit concurrent mark sweep GC freed 3(96B) AllocSpace objects, 0(0B) LOS objects, 23% free, 52MB/68MB, paused 339us total 19.365ms
08-06 04:26:49.429 13567 13567 I ServiceManager: Waiting for service AtCmdFwd...
08-06 04:26:49.549 14033 14124 I art     : Starting a blocking GC Explicit
08-06 04:26:49.576 14033 14124 I art     : Explicit concurrent mark sweep GC freed 1341(78KB) AllocSpace objects, 1(20KB) LOS objects, 23% free, 52MB/68MB, paused 364us total 27.579ms
08-06 04:26:49.588 14033 14124 I art     : Starting a blocking GC Explicit
08-06 04:26:49.609 14033 14124 I art     : Explicit concurrent mark sweep GC freed 20(704B) AllocSpace objects, 0(0B) LOS objects, 23% free, 52MB/68MB, paused 328us total 20.217ms
08-06 04:26:49.617 14033 14124 I art     : Starting a blocking GC Explicit
08-06 04:26:49.637 14033 14124 I art     : Explicit concurrent mark sweep GC freed 3(96B) AllocSpace objects, 0(0B) LOS objects, 23% free, 52MB/68MB, paused 473us total 19.448ms
08-06 04:26:49.645 14033 14124 I art     : Starting a blocking GC Explicit
08-06 04:26:49.665 14033 14124 I art     : Explicit concurrent mark sweep GC freed 3(96B) AllocSpace objects, 0(0B) LOS objects, 23% free, 52MB/68MB, paused 321us total 19.381ms
08-06 04:26:49.674 14033 14124 I art     : Starting a blocking GC Explicit
08-06 04:26:49.693 14033 14124 I art     : Explicit concurrent mark sweep GC freed 3(96B) AllocSpace objects, 0(0B) LOS objects, 23% free, 52MB/68MB, paused 334us total 19.438ms
08-06 04:26:50.010 14033 14046 I art     : Starting a blocking GC Explicit
08-06 04:26:50.035 14033 14046 I art     : Explicit concurrent mark sweep GC freed 1341(78KB) AllocSpace objects, 1(20KB) LOS objects, 23% free, 52MB/68MB, paused 404us total 24.544ms
08-06 04:26:50.047 14033 14046 I art     : Starting a blocking GC Explicit
08-06 04:26:50.067 14033 14046 I art     : Explicit concurrent mark sweep GC freed 20(704B) AllocSpace objects, 0(0B) LOS objects, 23% free, 52MB/68MB, paused 396us total 19.368ms
08-06 04:26:50.075 14033 14046 I art     : Starting a blocking GC Explicit
08-06 04:26:50.094 14033 14046 I art     : Explicit concurrent mark sweep GC freed 3(96B) AllocSpace objects, 0(0B) LOS objects, 23% free, 52MB/68MB, paused 329us total 18.839ms
08-06 04:26:50.102 14033 14046 I art     : Starting a blocking GC Explicit
08-06 04:26:50.122 14033 14046 I art     : Explicit concurrent mark sweep GC freed 3(96B) AllocSpace objects, 0(0B) LOS objects, 23% free, 52MB/68MB, paused 339us total 19.565ms
08-06 04:26:50.131 14033 14046 I art     : Starting a blocking GC Explicit
08-06 04:26:50.150 14033 14046 I art     : Explicit concurrent mark sweep GC freed 3(96B) AllocSpace objects, 0(0B) LOS objects, 23% free, 52MB/68MB, paused 352us total 19.094ms
08-06 04:26:50.429 13567 13567 I ServiceManager: Waiting for service AtCmdFwd...
08-06 04:26:50.475 14033 14123 I art     : Starting a blocking GC Explicit
08-06 04:26:50.499 14033 14123 I art     : Explicit concurrent mark sweep GC freed 1341(78KB) AllocSpace objects, 1(20KB) LOS objects, 23% free, 52MB/68MB, paused 352us total 23.422ms
08-06 04:26:50.508 14033 14123 I art     : Starting a blocking GC Explicit
08-06 04:26:50.528 14033 14123 I art     : Explicit concurrent mark sweep GC freed 20(704B) AllocSpace objects, 0(0B) LOS objects, 23% free, 52MB/68MB, paused 346us total 19.678ms
08-06 04:26:50.536 14033 14123 I art     : Starting a blocking GC Explicit
08-06 04:26:50.556 14033 14123 I art     : Explicit concurrent mark sweep GC freed 3(96B) AllocSpace objects, 0(0B) LOS objects, 23% free, 52MB/68MB, paused 342us total 19.657ms
08-06 04:26:50.565 14033 14123 I art     : Starting a blocking GC Explicit
08-06 04:26:50.584 14033 14123 I art     : Explicit concurrent mark sweep GC freed 3(96B) AllocSpace objects, 0(0B) LOS objects, 23% free, 52MB/68MB, paused 336us total 19.665ms
08-06 04:26:50.593 14033 14123 I art     : Starting a blocking GC Explicit
08-06 04:26:50.613 14033 14123 I art     : Explicit concurrent mark sweep GC freed 3(96B) AllocSpace objects, 0(0B) LOS objects, 23% free, 52MB/68MB, paused 341us total 19.638ms
08-06 04:26:50.945 14033 14045 I art     : Starting a blocking GC Explicit
08-06 04:26:50.966 14033 14045 I art     : Explicit concurrent mark sweep GC freed 1341(78KB) AllocSpace objects, 1(20KB) LOS objects, 23% free, 52MB/68MB, paused 317us total 20.321ms
08-06 04:26:50.973 14033 14045 I art     : Starting a blocking GC Explicit
08-06 04:26:50.990 14033 14045 I art     : Explicit concurrent mark sweep GC freed 20(704B) AllocSpace objects, 0(0B) LOS objects, 23% free, 52MB/68MB, paused 309us total 16.773ms
08-06 04:26:50.998 14033 14045 I art     : Starting a blocking GC Explicit
08-06 04:26:51.016 14033 14045 I art     : Explicit concurrent mark sweep GC freed 3(96B) AllocSpace objects, 0(0B) LOS objects, 23% free, 52MB/68MB, paused 320us total 17.879ms
08-06 04:26:51.024 14033 14045 I art     : Starting a blocking GC Explicit
08-06 04:26:51.043 14033 14045 I art     : Explicit concurrent mark sweep GC freed 3(96B) AllocSpace objects, 0(0B) LOS objects, 23% free, 52MB/68MB, paused 324us total 18.553ms
08-06 04:26:51.051 14033 14045 I art     : Starting a blocking GC Explicit
08-06 04:26:51.069 14033 14045 I art     : Explicit concurrent mark sweep GC freed 3(96B) AllocSpace objects, 0(0B) LOS objects, 23% free, 52MB/68MB, paused 320us total 17.983ms
08-06 04:26:51.367 14033 14124 I art     : Starting a blocking GC Explicit
08-06 04:26:51.387 14033 14124 I art     : Explicit concurrent mark sweep GC freed 1341(78KB) AllocSpace objects, 1(20KB) LOS objects, 23% free, 52MB/68MB, paused 372us total 19.659ms
08-06 04:26:51.396 14033 14124 I art     : Starting a blocking GC Explicit
08-06 04:26:51.416 14033 14124 I art     : Explicit concurrent mark sweep GC freed 20(704B) AllocSpace objects, 0(0B) LOS objects, 23% free, 52MB/68MB, paused 374us total 19.431ms
08-06 04:26:51.424 14033 14124 I art     : Starting a blocking GC Explicit
08-06 04:26:51.430 13567 13567 I ServiceManager: Waiting for service AtCmdFwd...
08-06 04:26:51.443 14033 14124 I art     : Explicit concurrent mark sweep GC freed 3(96B) AllocSpace objects, 0(0B) LOS objects, 23% free, 52MB/68MB, paused 331us total 18.303ms
08-06 04:26:51.451 14033 14124 I art     : Starting a blocking GC Explicit
08-06 04:26:51.469 14033 14124 I art     : Explicit concurrent mark sweep GC freed 3(96B) AllocSpace objects, 0(0B) LOS objects, 23% free, 52MB/68MB, paused 337us total 18.132ms
08-06 04:26:51.478 14033 14124 I art     : Starting a blocking GC Explicit
08-06 04:26:51.496 14033 14124 I art     : Explicit concurrent mark sweep GC freed 3(96B) AllocSpace objects, 0(0B) LOS objects, 23% free, 52MB/68MB, paused 340us total 18.556ms
08-06 04:26:51.531 15143 15143 D AndroidRuntime: >>>>>> START com.android.internal.os.RuntimeInit uid 2000 <<<<<<
08-06 04:26:51.536 15143 15143 D AndroidRuntime: CheckJNI is OFF
08-06 04:26:51.569 15143 15143 D ICU     : No timezone override file found: /data/misc/zoneinfo/current/icu/icu_tzdata.dat
08-06 04:26:51.603 15143 15143 I Radio-JNI: register_android_hardware_Radio DONE
08-06 04:26:51.624 15143 15143 D AndroidRuntime: Calling main entry com.android.commands.input.Input
08-06 04:26:51.626 15143 15143 I Input   : injectKeyEvent: KeyEvent { action=ACTION_DOWN, keyCode=KEYCODE_BACK, scanCode=0, metaState=0, flags=0x0, repeatCount=0, eventTime=851228039, downTime=851228039, deviceId=-1, source=0x101 }
08-06 04:26:51.632 15143 15143 I Input   : injectKeyEvent: KeyEvent { action=ACTION_UP, keyCode=KEYCODE_BACK, scanCode=0, metaState=0, flags=0x0, repeatCount=0, eventTime=851228039, downTime=851228039, deviceId=-1, source=0x101 }
08-06 04:26:51.639 15143 15143 D AndroidRuntime: Shutting down VM
08-06 04:26:51.682 13866 13866 I GoogleInputMethodServic: GoogleInputMethodService.onFinishInput():3138 
08-06 04:26:51.682 13866 13866 I GoogleInputMethodServic: GoogleInputMethodService.onStartInput():1808 
08-06 04:26:51.749 14033 14046 I art     : Starting a blocking GC Explicit
08-06 04:26:51.767 14033 14046 I art     : Explicit concurrent mark sweep GC freed 1511(85KB) AllocSpace objects, 1(20KB) LOS objects, 23% free, 52MB/68MB, paused 393us total 18.102ms
08-06 04:26:51.775 14033 14046 I art     : Starting a blocking GC Explicit
08-06 04:26:51.795 14033 14046 I art     : Explicit concurrent mark sweep GC freed 26(944B) AllocSpace objects, 0(0B) LOS objects, 23% free, 52MB/68MB, paused 344us total 19.311ms
08-06 04:26:51.804 14033 14046 I art     : Starting a blocking GC Explicit
08-06 04:26:51.825 14033 14046 I art     : Explicit concurrent mark sweep GC freed 3(96B) AllocSpace objects, 0(0B) LOS objects, 23% free, 52MB/68MB, paused 301us total 20.749ms
08-06 04:26:51.837 14033 14046 I art     : Starting a blocking GC Explicit
08-06 04:26:51.860 14033 14046 I art     : Explicit concurrent mark sweep GC freed 3(96B) AllocSpace objects, 0(0B) LOS objects, 23% free, 52MB/68MB, paused 446us total 23.088ms
08-06 04:26:51.873 14033 14046 I art     : Starting a blocking GC Explicit
08-06 04:26:51.896 14033 14046 I art     : Explicit concurrent mark sweep GC freed 3(96B) AllocSpace objects, 0(0B) LOS objects, 23% free, 52MB/68MB, paused 373us total 22.708ms
08-06 04:26:51.990   380   380 W SurfaceFlinger: couldn't log to binary event log: overflow.
08-06 04:26:52.136 14033 14123 I art     : Starting a blocking GC Explicit
08-06 04:26:52.157 14033 14123 I art     : Explicit concurrent mark sweep GC freed 1450(87KB) AllocSpace objects, 1(20KB) LOS objects, 23% free, 52MB/68MB, paused 338us total 20.087ms
08-06 04:26:52.165 14033 14123 I art     : Starting a blocking GC Explicit
08-06 04:26:52.184 14033 14123 I art     : Explicit concurrent mark sweep GC freed 1672(106KB) AllocSpace objects, 3(400KB) LOS objects, 23% free, 51MB/67MB, paused 342us total 18.995ms
08-06 04:26:52.193 14033 14123 I art     : Starting a blocking GC Explicit
08-06 04:26:52.211 14033 14123 I art     : Explicit concurrent mark sweep GC freed 3(96B) AllocSpace objects, 0(0B) LOS objects, 23% free, 51MB/67MB, paused 338us total 18.172ms
08-06 04:26:52.219 14033 14123 I art     : Starting a blocking GC Explicit
08-06 04:26:52.238 14033 14123 I art     : Explicit concurrent mark sweep GC freed 3(96B) AllocSpace objects, 0(0B) LOS objects, 23% free, 51MB/67MB, paused 343us total 18.459ms
08-06 04:26:52.246 14033 14123 I art     : Starting a blocking GC Explicit
08-06 04:26:52.265 14033 14123 I art     : Explicit concurrent mark sweep GC freed 3(96B) AllocSpace objects, 0(0B) LOS objects, 23% free, 51MB/67MB, paused 334us total 18.645ms
08-06 04:26:52.430 13567 13567 W Atfwd_Sendcmd: AtCmdFwd service not published, waiting... retryCnt : 3
08-06 04:26:52.554 14033 14124 I art     : Starting a blocking GC Explicit
08-06 04:26:52.577 14033 14124 I art     : Explicit concurrent mark sweep GC freed 1341(78KB) AllocSpace objects, 1(20KB) LOS objects, 23% free, 51MB/67MB, paused 452us total 23.251ms
08-06 04:26:52.588 14033 14124 I art     : Starting a blocking GC Explicit
08-06 04:26:52.608 14033 14124 I art     : Explicit concurrent mark sweep GC freed 20(704B) AllocSpace objects, 0(0B) LOS objects, 23% free, 51MB/67MB, paused 346us total 18.920ms
08-06 04:26:52.616 14033 14124 I art     : Starting a blocking GC Explicit
08-06 04:26:52.635 14033 14124 I art     : Explicit concurrent mark sweep GC freed 3(96B) AllocSpace objects, 0(0B) LOS objects, 23% free, 51MB/67MB, paused 386us total 19.170ms
08-06 04:26:52.644 14033 14124 I art     : Starting a blocking GC Explicit
08-06 04:26:52.663 14033 14124 I art     : Explicit concurrent mark sweep GC freed 3(96B) AllocSpace objects, 0(0B) LOS objects, 23% free, 51MB/67MB, paused 329us total 18.919ms
08-06 04:26:52.672 14033 14124 I art     : Starting a blocking GC Explicit
08-06 04:26:52.690 14033 14124 I art     : Explicit concurrent mark sweep GC freed 3(96B) AllocSpace objects, 0(0B) LOS objects, 23% free, 51MB/67MB, paused 325us total 17.958ms
08-06 04:26:52.962 14033 14045 I art     : Starting a blocking GC Explicit
08-06 04:26:52.978 14033 14045 I art     : Explicit concurrent mark sweep GC freed 1340(78KB) AllocSpace objects, 1(20KB) LOS objects, 23% free, 51MB/67MB, paused 331us total 16.072ms
08-06 04:26:52.986 14033 14045 I art     : Starting a blocking GC Explicit
08-06 04:26:53.002 14033 14045 I art     : Explicit concurrent mark sweep GC freed 20(704B) AllocSpace objects, 0(0B) LOS objects, 23% free, 51MB/67MB, paused 314us total 16.236ms
08-06 04:26:53.010 14033 14045 I art     : Starting a blocking GC Explicit
08-06 04:26:53.026 14033 14045 I art     : Explicit concurrent mark sweep GC freed 15(544B) AllocSpace objects, 0(0B) LOS objects, 23% free, 51MB/67MB, paused 323us total 16.174ms
08-06 04:26:53.034 14033 14045 I art     : Starting a blocking GC Explicit
08-06 04:26:53.051 14033 14045 I art     : Explicit concurrent mark sweep GC freed 3(96B) AllocSpace objects, 0(0B) LOS objects, 23% free, 51MB/67MB, paused 321us total 16.988ms
08-06 04:26:53.059 14033 14045 I art     : Starting a blocking GC Explicit
08-06 04:26:53.077 14033 14045 I art     : Explicit concurrent mark sweep GC freed 3(96B) AllocSpace objects, 0(0B) LOS objects, 23% free, 51MB/67MB, paused 409us total 17.475ms
08-06 04:26:53.294 15200 15200 D AndroidRuntime: >>>>>> START com.android.internal.os.RuntimeInit uid 2000 <<<<<<
08-06 04:26:53.299 15200 15200 D AndroidRuntime: CheckJNI is OFF
08-06 04:26:53.333 15200 15200 D ICU     : No timezone override file found: /data/misc/zoneinfo/current/icu/icu_tzdata.dat
08-06 04:26:53.353 14033 14123 I art     : Starting a blocking GC Explicit
08-06 04:26:53.366 15200 15200 I Radio-JNI: register_android_hardware_Radio DONE
08-06 04:26:53.372 14033 14123 I art     : Explicit concurrent mark sweep GC freed 1340(78KB) AllocSpace objects, 1(20KB) LOS objects, 23% free, 51MB/67MB, paused 376us total 18.891ms
08-06 04:26:53.381 14033 14123 I art     : Starting a blocking GC Explicit
08-06 04:26:53.390 15200 15200 D AndroidRuntime: Calling main entry com.android.commands.input.Input
08-06 04:26:53.391 15200 15200 I Input   : injectMotionEvent: MotionEvent { action=ACTION_DOWN, actionButton=0, id[0]=0, x[0]=733.0, y[0]=1957.0, toolType[0]=TOOL_TYPE_UNKNOWN, buttonState=0, metaState=0, flags=0x0, edgeFlags=0x0, pointerCount=1, historySize=0, eventTime=851229804, downTime=851229804, deviceId=0, source=0x1002 }
08-06 04:26:53.396 15200 15200 I Input   : injectMotionEvent: MotionEvent { action=ACTION_UP, actionButton=0, id[0]=0, x[0]=733.0, y[0]=1957.0, toolType[0]=TOOL_TYPE_UNKNOWN, buttonState=0, metaState=0, flags=0x0, edgeFlags=0x0, pointerCount=1, historySize=0, eventTime=851229804, downTime=851229804, deviceId=0, source=0x1002 }
08-06 04:26:53.397   918  3696 I ActivityManager: START u0 {cmp=baseline.appteam.nith.hillffair/.activities.ClubActivity (has extras)} from uid 10697 on display 0
08-06 04:26:53.399 14033 14123 I art     : Explicit concurrent mark sweep GC freed 20(704B) AllocSpace objects, 0(0B) LOS objects, 23% free, 51MB/67MB, paused 408us total 17.529ms
08-06 04:26:53.405 15200 15200 D AndroidRuntime: Shutting down VM
08-06 04:26:53.407 14033 14123 I art     : Starting a blocking GC Explicit
08-06 04:26:53.425 14033 14123 I art     : Explicit concurrent mark sweep GC freed 299(23KB) AllocSpace objects, 0(0B) LOS objects, 23% free, 51MB/67MB, paused 541us total 18.685ms
08-06 04:26:53.433 14033 14123 I art     : Starting a blocking GC Explicit
08-06 04:26:53.457 14033 14123 I art     : Explicit concurrent mark sweep GC freed 3147(182KB) AllocSpace objects, 0(0B) LOS objects, 23% free, 51MB/67MB, paused 519us total 24.024ms
08-06 04:26:53.466 14033 14123 I art     : Starting a blocking GC Explicit
08-06 04:26:53.483 14033 14123 I art     : Explicit concurrent mark sweep GC freed 205(8KB) AllocSpace objects, 0(0B) LOS objects, 23% free, 51MB/67MB, paused 553us total 16.746ms
08-06 04:26:53.499   918   936 I ActivityManager: Displayed baseline.appteam.nith.hillffair/.activities.ClubActivity: +93ms
08-06 04:26:53.499 13866 13866 I GoogleInputMethodServic: GoogleInputMethodService.onFinishInput():3138 
08-06 04:26:53.500 13866 13866 I GoogleInputMethodServic: GoogleInputMethodService.onStartInput():1808 
08-06 04:26:53.743   380   380 W SurfaceFlinger: couldn't log to binary event log: overflow.
08-06 04:26:53.754 14033 14045 I art     : Starting a blocking GC Explicit
08-06 04:26:53.774 14033 14045 I art     : Explicit concurrent mark sweep GC freed 1582(89KB) AllocSpace objects, 1(20KB) LOS objects, 23% free, 51MB/67MB, paused 387us total 19.588ms
08-06 04:26:53.782 14033 14045 I art     : Starting a blocking GC Explicit
08-06 04:26:53.800 14033 14045 I art     : Explicit concurrent mark sweep GC freed 34(1168B) AllocSpace objects, 0(0B) LOS objects, 23% free, 51MB/67MB, paused 344us total 17.929ms
08-06 04:26:53.809 14033 14045 I art     : Starting a blocking GC Explicit
08-06 04:26:53.826 14033 14045 I art     : Explicit concurrent mark sweep GC freed 3(96B) AllocSpace objects, 0(0B) LOS objects, 23% free, 51MB/67MB, paused 335us total 16.997ms
08-06 04:26:53.833 14033 14045 I art     : Starting a blocking GC Explicit
08-06 04:26:53.852 14033 14045 I art     : Explicit concurrent mark sweep GC freed 3(96B) AllocSpace objects, 0(0B) LOS objects, 23% free, 51MB/67MB, paused 354us total 17.868ms
08-06 04:26:53.860 14033 14045 I art     : Starting a blocking GC Explicit
08-06 04:26:53.879 14033 14045 I art     : Explicit concurrent mark sweep GC freed 99(5KB) AllocSpace objects, 0(0B) LOS objects, 23% free, 51MB/67MB, paused 500us total 18.764ms
08-06 04:26:54.159 14033 14124 I art     : Starting a blocking GC Explicit
08-06 04:26:54.180 14033 14124 I art     : Explicit concurrent mark sweep GC freed 1398(80KB) AllocSpace objects, 1(20KB) LOS objects, 23% free, 51MB/67MB, paused 377us total 20.448ms
08-06 04:26:54.189 14033 14124 I art     : Starting a blocking GC Explicit
08-06 04:26:54.208 14033 14124 I art     : Explicit concurrent mark sweep GC freed 929(66KB) AllocSpace objects, 2(120KB) LOS objects, 23% free, 52MB/68MB, paused 568us total 19.451ms
08-06 04:26:54.217 14033 14124 I art     : Starting a blocking GC Explicit
08-06 04:26:54.231 14033 15229 D OkHttp  : --> GET https://api-hillfair-2k16.herokuapp.com/api/app/events/special/event?id=58065620dcba0f490c70fe09 http/1.1
08-06 04:26:54.238 14033 14124 I art     : Explicit concurrent mark sweep GC freed 2131(125KB) AllocSpace objects, 1(80KB) LOS objects, 23% free, 52MB/68MB, paused 428us total 20.978ms
08-06 04:26:54.245 14033 14124 I art     : Starting a blocking GC Explicit
08-06 04:26:54.264 14033 14124 I art     : Explicit concurrent mark sweep GC freed 545(59KB) AllocSpace objects, 0(0B) LOS objects, 23% free, 52MB/68MB, paused 367us total 18.485ms
08-06 04:26:54.264 14033 15229 D OkHttp  : <-- 200 OK https://api-hillfair-2k16.herokuapp.com/api/app/events/special/event?id=58065620dcba0f490c70fe09 (33ms, 682-byte body)
08-06 04:26:54.272 14033 14124 I art     : Starting a blocking GC Explicit
08-06 04:26:54.291 14033 14124 I art     : Explicit concurrent mark sweep GC freed 216(37KB) AllocSpace objects, 0(0B) LOS objects, 23% free, 52MB/68MB, paused 373us total 18.948ms
08-06 04:26:54.311 14033 14033 I NAPPA_EXPERIMENTATION: MetricNetworkRequestExecutionTime: REQUEST_DURATION_SYSTEM='877',REQUEST_DURATION_OKHTTP='33',REQUEST_SYNCHRONOUS='FALSE',RESPONSE_CODE='200',RESPONSE_METHOD='GET',RESPONSE_LENGTH_OKHTTP='682',RESPONSE_LENGTH_HEADER='682',REQUEST_PROTOCOL='http/1.1',REQUEST_URL='https://api-hillfair-2k16.herokuapp.com/api/app/events/special/event?id=58065620dcba0f490c70fe09',
08-06 04:26:54.575 14033 14045 I art     : Starting a blocking GC Explicit
08-06 04:26:54.595 14033 14045 I art     : Explicit concurrent mark sweep GC freed 1997(167KB) AllocSpace objects, 1(20KB) LOS objects, 23% free, 52MB/68MB, paused 500us total 20.650ms
08-06 04:26:54.596 14033 14044 I art     : WaitForGcToComplete blocked for 19.084ms for cause HeapTrim
08-06 04:26:54.605 14033 14045 I art     : Starting a blocking GC Explicit
08-06 04:26:54.624 14033 14045 I art     : Explicit concurrent mark sweep GC freed 66(2176B) AllocSpace objects, 0(0B) LOS objects, 23% free, 52MB/68MB, paused 360us total 19.312ms
08-06 04:26:54.633 14033 14045 I art     : Starting a blocking GC Explicit
08-06 04:26:54.653 14033 14045 I art     : Explicit concurrent mark sweep GC freed 3(96B) AllocSpace objects, 0(0B) LOS objects, 23% free, 52MB/68MB, paused 415us total 19.077ms
08-06 04:26:54.661 14033 14045 I art     : Starting a blocking GC Explicit
08-06 04:26:54.679 14033 14045 I art     : Explicit concurrent mark sweep GC freed 3(96B) AllocSpace objects, 0(0B) LOS objects, 23% free, 52MB/68MB, paused 318us total 17.689ms
08-06 04:26:54.687 14033 14045 I art     : Starting a blocking GC Explicit
08-06 04:26:54.705 14033 14045 I art     : Explicit concurrent mark sweep GC freed 3(96B) AllocSpace objects, 0(0B) LOS objects, 23% free, 52MB/68MB, paused 339us total 17.359ms
08-06 04:26:54.986 14033 14124 I art     : Starting a blocking GC Explicit
08-06 04:26:55.010 14033 14124 I art     : Explicit concurrent mark sweep GC freed 1357(78KB) AllocSpace objects, 1(20KB) LOS objects, 23% free, 52MB/68MB, paused 368us total 23.837ms
08-06 04:26:55.020 14033 14124 I art     : Starting a blocking GC Explicit
08-06 04:26:55.040 14033 14124 I art     : Explicit concurrent mark sweep GC freed 20(704B) AllocSpace objects, 0(0B) LOS objects, 23% free, 52MB/68MB, paused 356us total 20.064ms
08-06 04:26:55.049 14033 14124 I art     : Starting a blocking GC Explicit
08-06 04:26:55.069 14033 14124 I art     : Explicit concurrent mark sweep GC freed 3(96B) AllocSpace objects, 0(0B) LOS objects, 23% free, 52MB/68MB, paused 362us total 19.771ms
08-06 04:26:55.077 14033 14124 I art     : Starting a blocking GC Explicit
08-06 04:26:55.097 14033 14124 I art     : Explicit concurrent mark sweep GC freed 3(96B) AllocSpace objects, 0(0B) LOS objects, 23% free, 52MB/68MB, paused 408us total 19.664ms
08-06 04:26:55.106 14033 14124 I art     : Starting a blocking GC Explicit
08-06 04:26:55.126 14033 14124 I art     : Explicit concurrent mark sweep GC freed 3(96B) AllocSpace objects, 0(0B) LOS objects, 23% free, 52MB/68MB, paused 353us total 19.967ms
08-06 04:26:55.424   918  3261 D WifiStateMachine: starting scan for "H369AA63323"WPA_PSK with 2412,5180
08-06 04:26:55.446 14033 14123 I art     : Starting a blocking GC Explicit
08-06 04:26:55.471 14033 14123 I art     : Explicit concurrent mark sweep GC freed 1341(78KB) AllocSpace objects, 1(20KB) LOS objects, 23% free, 52MB/68MB, paused 383us total 25.078ms
08-06 04:26:55.483 14033 14123 I art     : Starting a blocking GC Explicit
08-06 04:26:55.503 14033 14123 I art     : Explicit concurrent mark sweep GC freed 20(704B) AllocSpace objects, 0(0B) LOS objects, 23% free, 52MB/68MB, paused 367us total 19.996ms
08-06 04:26:55.512 14033 14123 I art     : Starting a blocking GC Explicit
08-06 04:26:55.531 14033 14123 I art     : Explicit concurrent mark sweep GC freed 3(96B) AllocSpace objects, 0(0B) LOS objects, 23% free, 52MB/68MB, paused 344us total 18.808ms
08-06 04:26:55.539 14033 14123 I art     : Starting a blocking GC Explicit
08-06 04:26:55.559 14033 14123 I art     : Explicit concurrent mark sweep GC freed 3(96B) AllocSpace objects, 0(0B) LOS objects, 23% free, 52MB/68MB, paused 360us total 19.173ms
08-06 04:26:55.568 14033 14123 I art     : Starting a blocking GC Explicit
08-06 04:26:55.587 14033 14123 I art     : Explicit concurrent mark sweep GC freed 3(96B) AllocSpace objects, 0(0B) LOS objects, 23% free, 52MB/68MB, paused 371us total 19.312ms
08-06 04:26:55.846 14033 14045 I art     : Starting a blocking GC Explicit
08-06 04:26:55.869 14033 14045 I art     : Explicit concurrent mark sweep GC freed 1341(78KB) AllocSpace objects, 1(20KB) LOS objects, 23% free, 52MB/68MB, paused 414us total 22.376ms
08-06 04:26:55.881 14033 14045 I art     : Starting a blocking GC Explicit
08-06 04:26:55.900 14033 14045 I art     : Explicit concurrent mark sweep GC freed 20(704B) AllocSpace objects, 0(0B) LOS objects, 23% free, 52MB/68MB, paused 351us total 18.404ms
08-06 04:26:55.908 14033 14045 I art     : Starting a blocking GC Explicit
08-06 04:26:55.927 14033 14045 I art     : Explicit concurrent mark sweep GC freed 3(96B) AllocSpace objects, 0(0B) LOS objects, 23% free, 52MB/68MB, paused 398us total 18.857ms
08-06 04:26:55.935 14033 14045 I art     : Starting a blocking GC Explicit
08-06 04:26:55.954 14033 14045 I art     : Explicit concurrent mark sweep GC freed 3(96B) AllocSpace objects, 0(0B) LOS objects, 23% free, 52MB/68MB, paused 356us total 18.846ms
08-06 04:26:55.963 14033 14045 I art     : Starting a blocking GC Explicit
08-06 04:26:55.982 14033 14045 I art     : Explicit concurrent mark sweep GC freed 3(96B) AllocSpace objects, 0(0B) LOS objects, 23% free, 52MB/68MB, paused 349us total 19.050ms
08-06 04:26:56.086 15283 15283 D AndroidRuntime: >>>>>> START com.android.internal.os.RuntimeInit uid 2000 <<<<<<
08-06 04:26:56.092 15283 15283 D AndroidRuntime: CheckJNI is OFF
08-06 04:26:56.127 15283 15283 D ICU     : No timezone override file found: /data/misc/zoneinfo/current/icu/icu_tzdata.dat
08-06 04:26:56.160 15283 15283 I Radio-JNI: register_android_hardware_Radio DONE
08-06 04:26:56.181 15283 15283 D AndroidRuntime: Calling main entry com.android.commands.input.Input
08-06 04:26:56.183 15283 15283 I Input   : injectKeyEvent: KeyEvent { action=ACTION_DOWN, keyCode=KEYCODE_BACK, scanCode=0, metaState=0, flags=0x0, repeatCount=0, eventTime=851232596, downTime=851232596, deviceId=-1, source=0x101 }
08-06 04:26:56.189 15283 15283 I Input   : injectKeyEvent: KeyEvent { action=ACTION_UP, keyCode=KEYCODE_BACK, scanCode=0, metaState=0, flags=0x0, repeatCount=0, eventTime=851232596, downTime=851232596, deviceId=-1, source=0x101 }
08-06 04:26:56.197 15283 15283 D AndroidRuntime: Shutting down VM
08-06 04:26:56.241 13866 13866 I GoogleInputMethodServic: GoogleInputMethodService.onFinishInput():3138 
08-06 04:26:56.242 13866 13866 I GoogleInputMethodServic: GoogleInputMethodService.onStartInput():1808 
08-06 04:26:56.268 14033 14124 I art     : Starting a blocking GC Explicit
08-06 04:26:56.286 14033 14124 I art     : Explicit concurrent mark sweep GC freed 1510(85KB) AllocSpace objects, 1(20KB) LOS objects, 23% free, 52MB/68MB, paused 324us total 17.841ms
08-06 04:26:56.293 14033 14124 I art     : Starting a blocking GC Explicit
08-06 04:26:56.311 14033 14124 I art     : Explicit concurrent mark sweep GC freed 26(944B) AllocSpace objects, 0(0B) LOS objects, 23% free, 52MB/68MB, paused 339us total 17.045ms
08-06 04:26:56.319 14033 14124 I art     : Starting a blocking GC Explicit
08-06 04:26:56.339 14033 14124 I art     : Explicit concurrent mark sweep GC freed 3(96B) AllocSpace objects, 0(0B) LOS objects, 23% free, 52MB/68MB, paused 357us total 19.847ms
08-06 04:26:56.347 14033 14124 I art     : Starting a blocking GC Explicit
08-06 04:26:56.367 14033 14124 I art     : Explicit concurrent mark sweep GC freed 3(96B) AllocSpace objects, 0(0B) LOS objects, 23% free, 52MB/68MB, paused 472us total 19.612ms
08-06 04:26:56.377 14033 14124 I art     : Starting a blocking GC Explicit
08-06 04:26:56.399 14033 14124 I art     : Explicit concurrent mark sweep GC freed 3(96B) AllocSpace objects, 0(0B) LOS objects, 23% free, 52MB/68MB, paused 392us total 20.994ms
08-06 04:26:56.531   380   380 W SurfaceFlinger: couldn't log to binary event log: overflow.
08-06 04:26:56.653 14033 14046 I art     : Starting a blocking GC Explicit
08-06 04:26:56.671 14033 14046 I art     : Explicit concurrent mark sweep GC freed 1450(87KB) AllocSpace objects, 1(20KB) LOS objects, 23% free, 52MB/68MB, paused 393us total 18.121ms
08-06 04:26:56.680 14033 14046 I art     : Starting a blocking GC Explicit
08-06 04:26:56.696 14033 14046 I art     : Explicit concurrent mark sweep GC freed 1672(106KB) AllocSpace objects, 3(400KB) LOS objects, 23% free, 51MB/67MB, paused 350us total 16.731ms
08-06 04:26:56.704 14033 14046 I art     : Starting a blocking GC Explicit
08-06 04:26:56.720 14033 14046 I art     : Explicit concurrent mark sweep GC freed 3(96B) AllocSpace objects, 0(0B) LOS objects, 23% free, 51MB/67MB, paused 346us total 16.329ms
08-06 04:26:56.728 14033 14046 I art     : Starting a blocking GC Explicit
08-06 04:26:56.745 14033 14046 I art     : Explicit concurrent mark sweep GC freed 3(96B) AllocSpace objects, 0(0B) LOS objects, 23% free, 51MB/67MB, paused 336us total 16.432ms
08-06 04:26:56.753 14033 14046 I art     : Starting a blocking GC Explicit
08-06 04:26:56.769 14033 14046 I art     : Explicit concurrent mark sweep GC freed 3(96B) AllocSpace objects, 0(0B) LOS objects, 23% free, 51MB/67MB, paused 348us total 16.683ms
08-06 04:26:57.046 14033 14045 I art     : Starting a blocking GC Explicit
08-06 04:26:57.065 14033 14045 I art     : Explicit concurrent mark sweep GC freed 1341(78KB) AllocSpace objects, 1(20KB) LOS objects, 23% free, 51MB/67MB, paused 351us total 18.961ms
08-06 04:26:57.073 14033 14045 I art     : Starting a blocking GC Explicit
08-06 04:26:57.093 14033 14045 I art     : Explicit concurrent mark sweep GC freed 20(704B) AllocSpace objects, 0(0B) LOS objects, 23% free, 51MB/67MB, paused 358us total 19.359ms
08-06 04:26:57.101 14033 14045 I art     : Starting a blocking GC Explicit
08-06 04:26:57.120 14033 14045 I art     : Explicit concurrent mark sweep GC freed 3(96B) AllocSpace objects, 0(0B) LOS objects, 23% free, 51MB/67MB, paused 368us total 18.607ms
08-06 04:26:57.128 14033 14045 I art     : Starting a blocking GC Explicit
08-06 04:26:57.148 14033 14045 I art     : Explicit concurrent mark sweep GC freed 3(96B) AllocSpace objects, 0(0B) LOS objects, 23% free, 51MB/67MB, paused 352us total 18.978ms
08-06 04:26:57.156 14033 14045 I art     : Starting a blocking GC Explicit
08-06 04:26:57.175 14033 14045 I art     : Explicit concurrent mark sweep GC freed 3(96B) AllocSpace objects, 0(0B) LOS objects, 23% free, 51MB/67MB, paused 366us total 18.816ms
08-06 04:26:57.469 14033 14123 I art     : Starting a blocking GC Explicit
08-06 04:26:57.488 14033 14123 I art     : Explicit concurrent mark sweep GC freed 1340(78KB) AllocSpace objects, 1(20KB) LOS objects, 23% free, 51MB/67MB, paused 379us total 19.414ms
08-06 04:26:57.497 14033 14123 I art     : Starting a blocking GC Explicit
08-06 04:26:57.516 14033 14123 I art     : Explicit concurrent mark sweep GC freed 20(704B) AllocSpace objects, 0(0B) LOS objects, 23% free, 51MB/67MB, paused 378us total 18.723ms
08-06 04:26:57.525 14033 14123 I art     : Starting a blocking GC Explicit
08-06 04:26:57.543 14033 14123 I art     : Explicit concurrent mark sweep GC freed 3(96B) AllocSpace objects, 0(0B) LOS objects, 23% free, 51MB/67MB, paused 372us total 17.899ms
08-06 04:26:57.551 14033 14123 I art     : Starting a blocking GC Explicit
08-06 04:26:57.569 14033 14123 I art     : Explicit concurrent mark sweep GC freed 3(96B) AllocSpace objects, 0(0B) LOS objects, 23% free, 51MB/67MB, paused 365us total 18.263ms
08-06 04:26:57.577 14033 14123 I art     : Starting a blocking GC Explicit
08-06 04:26:57.595 14033 14123 I art     : Explicit concurrent mark sweep GC freed 3(96B) AllocSpace objects, 0(0B) LOS objects, 23% free, 51MB/67MB, paused 363us total 18.084ms
08-06 04:26:57.850 15349 15349 D AndroidRuntime: >>>>>> START com.android.internal.os.RuntimeInit uid 2000 <<<<<<
08-06 04:26:57.855 15349 15349 D AndroidRuntime: CheckJNI is OFF
08-06 04:26:57.864 14033 14124 I art     : Starting a blocking GC Explicit
08-06 04:26:57.883 14033 14124 I art     : Explicit concurrent mark sweep GC freed 1340(78KB) AllocSpace objects, 1(20KB) LOS objects, 23% free, 51MB/67MB, paused 384us total 18.861ms
08-06 04:26:57.891 14033 14124 I art     : Starting a blocking GC Explicit
08-06 04:26:57.892 15349 15349 D ICU     : No timezone override file found: /data/misc/zoneinfo/current/icu/icu_tzdata.dat
08-06 04:26:57.910 14033 14124 I art     : Explicit concurrent mark sweep GC freed 20(704B) AllocSpace objects, 0(0B) LOS objects, 23% free, 51MB/67MB, paused 372us total 18.286ms
08-06 04:26:57.917 14033 14124 I art     : Starting a blocking GC Explicit
08-06 04:26:57.925 15349 15349 I Radio-JNI: register_android_hardware_Radio DONE
08-06 04:26:57.935 14033 14124 I art     : Explicit concurrent mark sweep GC freed 3(96B) AllocSpace objects, 0(0B) LOS objects, 23% free, 51MB/67MB, paused 357us total 17.017ms
08-06 04:26:57.942 14033 14124 I art     : Starting a blocking GC Explicit
08-06 04:26:57.947 15349 15349 D AndroidRuntime: Calling main entry com.android.commands.input.Input
08-06 04:26:57.949 15349 15349 I Input   : injectMotionEvent: MotionEvent { action=ACTION_DOWN, actionButton=0, id[0]=0, x[0]=733.0, y[0]=1957.0, toolType[0]=TOOL_TYPE_UNKNOWN, buttonState=0, metaState=0, flags=0x0, edgeFlags=0x0, pointerCount=1, historySize=0, eventTime=851234362, downTime=851234362, deviceId=0, source=0x1002 }
08-06 04:26:57.954 15349 15349 I Input   : injectMotionEvent: MotionEvent { action=ACTION_UP, actionButton=0, id[0]=0, x[0]=733.0, y[0]=1957.0, toolType[0]=TOOL_TYPE_UNKNOWN, buttonState=0, metaState=0, flags=0x0, edgeFlags=0x0, pointerCount=1, historySize=0, eventTime=851234362, downTime=851234362, deviceId=0, source=0x1002 }
08-06 04:26:57.955   918  5132 I ActivityManager: START u0 {cmp=baseline.appteam.nith.hillffair/.activities.ClubActivity (has extras)} from uid 10697 on display 0
08-06 04:26:57.961 14033 14124 I art     : Explicit concurrent mark sweep GC freed 3(96B) AllocSpace objects, 0(0B) LOS objects, 23% free, 51MB/67MB, paused 435us total 18.164ms
08-06 04:26:57.963 15349 15349 D AndroidRuntime: Shutting down VM
08-06 04:26:57.969 14033 14124 I art     : Starting a blocking GC Explicit
08-06 04:26:57.988 14033 14124 I art     : Explicit concurrent mark sweep GC freed 312(24KB) AllocSpace objects, 0(0B) LOS objects, 23% free, 51MB/67MB, paused 612us total 18.876ms
08-06 04:26:58.050   918   936 I ActivityManager: Displayed baseline.appteam.nith.hillffair/.activities.ClubActivity: +87ms
08-06 04:26:58.051 13866 13866 I GoogleInputMethodServic: GoogleInputMethodService.onFinishInput():3138 
08-06 04:26:58.052 13866 13866 I GoogleInputMethodServic: GoogleInputMethodService.onStartInput():1808 
08-06 04:26:58.245 14033 14123 I art     : Starting a blocking GC Explicit
08-06 04:26:58.275 14033 14123 I art     : Explicit concurrent mark sweep GC freed 5074(312KB) AllocSpace objects, 1(20KB) LOS objects, 23% free, 52MB/68MB, paused 495us total 30.386ms
08-06 04:26:58.289 14033 14123 I art     : Starting a blocking GC Explicit
08-06 04:26:58.298   380   380 W SurfaceFlinger: couldn't log to binary event log: overflow.
08-06 04:26:58.314 14033 14123 I art     : Explicit concurrent mark sweep GC freed 134(5KB) AllocSpace objects, 0(0B) LOS objects, 23% free, 52MB/68MB, paused 421us total 24.402ms
08-06 04:26:58.322 14033 14123 I art     : Starting a blocking GC Explicit
08-06 04:26:58.340 14033 14123 I art     : Explicit concurrent mark sweep GC freed 3(96B) AllocSpace objects, 0(0B) LOS objects, 23% free, 52MB/68MB, paused 375us total 17.636ms
08-06 04:26:58.348 14033 14123 I art     : Starting a blocking GC Explicit
08-06 04:26:58.365 14033 14123 I art     : Explicit concurrent mark sweep GC freed 3(96B) AllocSpace objects, 0(0B) LOS objects, 23% free, 52MB/68MB, paused 421us total 16.998ms
08-06 04:26:58.372 14033 14123 I art     : Starting a blocking GC Explicit
08-06 04:26:58.390 14033 14123 I art     : Explicit concurrent mark sweep GC freed 3(96B) AllocSpace objects, 0(0B) LOS objects, 23% free, 52MB/68MB, paused 388us total 17.937ms
08-06 04:26:58.596   918  3188 I hubconnection: sensorhub said: 'set_bias 3: -6.7200, 0.0000, 0.0000'
08-06 04:26:58.666 14033 14124 I art     : Starting a blocking GC Explicit
08-06 04:26:58.687 14033 14124 I art     : Explicit concurrent mark sweep GC freed 1485(85KB) AllocSpace objects, 1(20KB) LOS objects, 23% free, 52MB/68MB, paused 480us total 20.769ms
08-06 04:26:58.696 14033 14124 I art     : Starting a blocking GC Explicit
08-06 04:26:58.715 14033 14124 I art     : Explicit concurrent mark sweep GC freed 55(1856B) AllocSpace objects, 0(0B) LOS objects, 23% free, 52MB/68MB, paused 456us total 19.423ms
08-06 04:26:58.724 14033 14124 I art     : Starting a blocking GC Explicit
08-06 04:26:58.743 14033 14124 I art     : Explicit concurrent mark sweep GC freed 11(416B) AllocSpace objects, 0(0B) LOS objects, 23% free, 52MB/68MB, paused 405us total 18.546ms
08-06 04:26:58.751 14033 14124 I art     : Starting a blocking GC Explicit
08-06 04:26:58.770 14033 14124 I art     : Explicit concurrent mark sweep GC freed 13(480B) AllocSpace objects, 0(0B) LOS objects, 23% free, 52MB/68MB, paused 473us total 19.302ms
08-06 04:26:58.779 14033 14124 I art     : Starting a blocking GC Explicit
08-06 04:26:58.798 14033 14124 I art     : Explicit concurrent mark sweep GC freed 10(352B) AllocSpace objects, 0(0B) LOS objects, 23% free, 52MB/68MB, paused 361us total 18.540ms
08-06 04:26:58.834 14033 15372 D OkHttp  : --> GET https://api-hillfair-2k16.herokuapp.com/api/app/events/special/event?id=58065620dcba0f490c70fe09 http/1.1
08-06 04:26:58.867 14033 15372 D OkHttp  : <-- 200 OK https://api-hillfair-2k16.herokuapp.com/api/app/events/special/event?id=58065620dcba0f490c70fe09 (32ms, 682-byte body)
08-06 04:26:58.919 14033 14033 I NAPPA_EXPERIMENTATION: MetricNetworkRequestExecutionTime: REQUEST_DURATION_SYSTEM='922',REQUEST_DURATION_OKHTTP='32',REQUEST_SYNCHRONOUS='FALSE',RESPONSE_CODE='200',RESPONSE_METHOD='GET',RESPONSE_LENGTH_OKHTTP='682',RESPONSE_LENGTH_HEADER='682',REQUEST_PROTOCOL='http/1.1',REQUEST_URL='https://api-hillfair-2k16.herokuapp.com/api/app/events/special/event?id=58065620dcba0f490c70fe09',
08-06 04:26:59.088 14033 14123 I art     : Starting a blocking GC Explicit
08-06 04:26:59.111 14033 14123 I art     : Explicit concurrent mark sweep GC freed 4758(309KB) AllocSpace objects, 4(220KB) LOS objects, 23% free, 52MB/68MB, paused 481us total 22.405ms
08-06 04:26:59.120 14033 14123 I art     : Starting a blocking GC Explicit
08-06 04:26:59.141 14033 14123 I art     : Explicit concurrent mark sweep GC freed 1032(119KB) AllocSpace objects, 0(0B) LOS objects, 23% free, 52MB/68MB, paused 365us total 20.844ms
08-06 04:26:59.149 14033 14123 I art     : Starting a blocking GC Explicit
08-06 04:26:59.168 14033 14123 I art     : Explicit concurrent mark sweep GC freed 3(96B) AllocSpace objects, 0(0B) LOS objects, 23% free, 52MB/68MB, paused 358us total 18.893ms
08-06 04:26:59.177 14033 14123 I art     : Starting a blocking GC Explicit
08-06 04:26:59.196 14033 14123 I art     : Explicit concurrent mark sweep GC freed 3(96B) AllocSpace objects, 0(0B) LOS objects, 23% free, 52MB/68MB, paused 392us total 18.924ms
08-06 04:26:59.204 14033 14123 I art     : Starting a blocking GC Explicit
08-06 04:26:59.224 14033 14123 I art     : Explicit concurrent mark sweep GC freed 3(96B) AllocSpace objects, 0(0B) LOS objects, 23% free, 52MB/68MB, paused 435us total 19.987ms
08-06 04:26:59.499 14033 14124 I art     : Starting a blocking GC Explicit
08-06 04:26:59.525 14033 14124 I art     : Explicit concurrent mark sweep GC freed 1341(78KB) AllocSpace objects, 1(20KB) LOS objects, 23% free, 52MB/68MB, paused 455us total 25.512ms
08-06 04:26:59.536 14033 14124 I art     : Starting a blocking GC Explicit
08-06 04:26:59.560 14033 14124 I art     : Explicit concurrent mark sweep GC freed 36(1264B) AllocSpace objects, 0(0B) LOS objects, 23% free, 52MB/68MB, paused 426us total 23.623ms
08-06 04:26:59.569 14033 14124 I art     : Starting a blocking GC Explicit
08-06 04:26:59.590 14033 14124 I art     : Explicit concurrent mark sweep GC freed 3(96B) AllocSpace objects, 0(0B) LOS objects, 23% free, 52MB/68MB, paused 383us total 20.384ms
08-06 04:26:59.598 14033 14124 I art     : Starting a blocking GC Explicit
08-06 04:26:59.619 14033 14124 I art     : Explicit concurrent mark sweep GC freed 3(96B) AllocSpace objects, 0(0B) LOS objects, 23% free, 52MB/68MB, paused 384us total 19.985ms
08-06 04:26:59.627 14033 14124 I art     : Starting a blocking GC Explicit
08-06 04:26:59.647 14033 14124 I art     : Explicit concurrent mark sweep GC freed 3(96B) AllocSpace objects, 0(0B) LOS objects, 23% free, 52MB/68MB, paused 387us total 19.817ms
08-06 04:26:59.648 14033 14044 I art     : WaitForGcToComplete blocked for 20.087ms for cause HeapTrim
08-06 04:26:59.968 14033 14046 I art     : Starting a blocking GC Explicit
08-06 04:26:59.994 14033 14046 I art     : Explicit concurrent mark sweep GC freed 1341(78KB) AllocSpace objects, 1(20KB) LOS objects, 23% free, 52MB/68MB, paused 502us total 25.925ms
08-06 04:27:00.010 14033 14046 I art     : Starting a blocking GC Explicit
08-06 04:27:00.030 14033 14046 I art     : Explicit concurrent mark sweep GC freed 20(704B) AllocSpace objects, 0(0B) LOS objects, 23% free, 52MB/68MB, paused 388us total 19.548ms
08-06 04:27:00.038 14033 14046 I art     : Starting a blocking GC Explicit
08-06 04:27:00.056 14033 14046 I art     : Explicit concurrent mark sweep GC freed 3(96B) AllocSpace objects, 0(0B) LOS objects, 23% free, 52MB/68MB, paused 346us total 18.178ms
08-06 04:27:00.065 14033 14046 I art     : Starting a blocking GC Explicit
08-06 04:27:00.082 14033 14046 I art     : Explicit concurrent mark sweep GC freed 3(96B) AllocSpace objects, 0(0B) LOS objects, 23% free, 52MB/68MB, paused 368us total 17.559ms
08-06 04:27:00.090 14033 14046 I art     : Starting a blocking GC Explicit
08-06 04:27:00.109 14033 14046 I art     : Explicit concurrent mark sweep GC freed 3(96B) AllocSpace objects, 0(0B) LOS objects, 23% free, 52MB/68MB, paused 382us total 18.590ms
08-06 04:27:00.381 14033 14045 I art     : Starting a blocking GC Explicit
08-06 04:27:00.402 14033 14045 I art     : Explicit concurrent mark sweep GC freed 1341(78KB) AllocSpace objects, 1(20KB) LOS objects, 23% free, 52MB/68MB, paused 381us total 20.558ms
08-06 04:27:00.410 14033 14045 I art     : Starting a blocking GC Explicit
08-06 04:27:00.430 14033 14045 I art     : Explicit concurrent mark sweep GC freed 20(704B) AllocSpace objects, 0(0B) LOS objects, 23% free, 52MB/68MB, paused 386us total 19.697ms
08-06 04:27:00.439 14033 14045 I art     : Starting a blocking GC Explicit
08-06 04:27:00.459 14033 14045 I art     : Explicit concurrent mark sweep GC freed 3(96B) AllocSpace objects, 0(0B) LOS objects, 23% free, 52MB/68MB, paused 407us total 20.176ms
08-06 04:27:00.467 14033 14045 I art     : Starting a blocking GC Explicit
08-06 04:27:00.487 14033 14045 I art     : Explicit concurrent mark sweep GC freed 3(96B) AllocSpace objects, 0(0B) LOS objects, 23% free, 52MB/68MB, paused 428us total 19.272ms
08-06 04:27:00.495 14033 14045 I art     : Starting a blocking GC Explicit
08-06 04:27:00.514 14033 14045 I art     : Explicit concurrent mark sweep GC freed 3(96B) AllocSpace objects, 0(0B) LOS objects, 23% free, 52MB/68MB, paused 381us total 19.100ms
08-06 04:27:00.672 15424 15424 D AndroidRuntime: >>>>>> START com.android.internal.os.RuntimeInit uid 2000 <<<<<<
08-06 04:27:00.678 15424 15424 D AndroidRuntime: CheckJNI is OFF
08-06 04:27:00.711 15424 15424 D ICU     : No timezone override file found: /data/misc/zoneinfo/current/icu/icu_tzdata.dat
08-06 04:27:00.743 15424 15424 I Radio-JNI: register_android_hardware_Radio DONE
08-06 04:27:00.765 15424 15424 D AndroidRuntime: Calling main entry com.android.commands.input.Input
08-06 04:27:00.766 15424 15424 I Input   : injectKeyEvent: KeyEvent { action=ACTION_DOWN, keyCode=KEYCODE_BACK, scanCode=0, metaState=0, flags=0x0, repeatCount=0, eventTime=851237179, downTime=851237179, deviceId=-1, source=0x101 }
08-06 04:27:00.771 15424 15424 I Input   : injectKeyEvent: KeyEvent { action=ACTION_UP, keyCode=KEYCODE_BACK, scanCode=0, metaState=0, flags=0x0, repeatCount=0, eventTime=851237179, downTime=851237179, deviceId=-1, source=0x101 }
08-06 04:27:00.776 15424 15424 D AndroidRuntime: Shutting down VM
08-06 04:27:00.812 13866 13866 I GoogleInputMethodServic: GoogleInputMethodService.onFinishInput():3138 
08-06 04:27:00.812 13866 13866 I GoogleInputMethodServic: GoogleInputMethodService.onStartInput():1808 
08-06 04:27:00.814 14033 14123 I art     : Starting a blocking GC Explicit
08-06 04:27:00.837 14033 14123 I art     : Explicit concurrent mark sweep GC freed 1509(85KB) AllocSpace objects, 1(20KB) LOS objects, 23% free, 52MB/68MB, paused 359us total 22.039ms
08-06 04:27:00.846 14033 14123 I art     : Starting a blocking GC Explicit
08-06 04:27:00.866 14033 14123 I art     : Explicit concurrent mark sweep GC freed 26(944B) AllocSpace objects, 0(0B) LOS objects, 23% free, 52MB/68MB, paused 399us total 19.981ms
08-06 04:27:00.875 14033 14123 I art     : Starting a blocking GC Explicit
08-06 04:27:00.892 14033 14123 I art     : Explicit concurrent mark sweep GC freed 4(144B) AllocSpace objects, 0(0B) LOS objects, 23% free, 52MB/68MB, paused 334us total 16.478ms
08-06 04:27:00.899 14033 14123 I art     : Starting a blocking GC Explicit
08-06 04:27:00.916 14033 14123 I art     : Explicit concurrent mark sweep GC freed 3(96B) AllocSpace objects, 0(0B) LOS objects, 23% free, 52MB/68MB, paused 380us total 17.048ms
08-06 04:27:00.925 14033 14123 I art     : Starting a blocking GC Explicit
08-06 04:27:00.944 14033 14123 I art     : Explicit concurrent mark sweep GC freed 3(96B) AllocSpace objects, 0(0B) LOS objects, 23% free, 52MB/68MB, paused 338us total 18.221ms
08-06 04:27:01.101   380   380 W SurfaceFlinger: couldn't log to binary event log: overflow.
08-06 04:27:01.187 14033 14046 I art     : Starting a blocking GC Explicit
08-06 04:27:01.207 14033 14046 I art     : Explicit concurrent mark sweep GC freed 1450(87KB) AllocSpace objects, 1(20KB) LOS objects, 23% free, 52MB/68MB, paused 376us total 19.185ms
08-06 04:27:01.215 14033 14046 I art     : Starting a blocking GC Explicit
08-06 04:27:01.233 14033 14046 I art     : Explicit concurrent mark sweep GC freed 1672(106KB) AllocSpace objects, 3(400KB) LOS objects, 23% free, 51MB/67MB, paused 382us total 17.982ms
08-06 04:27:01.241 14033 14046 I art     : Starting a blocking GC Explicit
08-06 04:27:01.258 14033 14046 I art     : Explicit concurrent mark sweep GC freed 3(96B) AllocSpace objects, 0(0B) LOS objects, 23% free, 51MB/67MB, paused 379us total 17.695ms
08-06 04:27:01.266 14033 14046 I art     : Starting a blocking GC Explicit
08-06 04:27:01.285 14033 14046 I art     : Explicit concurrent mark sweep GC freed 3(96B) AllocSpace objects, 0(0B) LOS objects, 23% free, 51MB/67MB, paused 369us total 18.505ms
08-06 04:27:01.293 14033 14046 I art     : Starting a blocking GC Explicit
08-06 04:27:01.311 14033 14046 I art     : Explicit concurrent mark sweep GC freed 3(96B) AllocSpace objects, 0(0B) LOS objects, 23% free, 51MB/67MB, paused 378us total 18.135ms
08-06 04:27:01.596 14033 14045 I art     : Starting a blocking GC Explicit
08-06 04:27:01.626 14033 14045 I art     : Explicit concurrent mark sweep GC freed 1341(78KB) AllocSpace objects, 1(20KB) LOS objects, 23% free, 51MB/67MB, paused 453us total 29.066ms
08-06 04:27:01.640 14033 14045 I art     : Starting a blocking GC Explicit
08-06 04:27:01.662 14033 14045 I art     : Explicit concurrent mark sweep GC freed 20(704B) AllocSpace objects, 0(0B) LOS objects, 23% free, 51MB/67MB, paused 364us total 21.667ms
08-06 04:27:01.671 14033 14045 I art     : Starting a blocking GC Explicit
08-06 04:27:01.690 14033 14045 I art     : Explicit concurrent mark sweep GC freed 3(96B) AllocSpace objects, 0(0B) LOS objects, 23% free, 51MB/67MB, paused 381us total 19.579ms
08-06 04:27:01.699 14033 14045 I art     : Starting a blocking GC Explicit
08-06 04:27:01.718 14033 14045 I art     : Explicit concurrent mark sweep GC freed 3(96B) AllocSpace objects, 0(0B) LOS objects, 23% free, 51MB/67MB, paused 377us total 18.922ms
08-06 04:27:01.727 14033 14045 I art     : Starting a blocking GC Explicit
08-06 04:27:01.746 14033 14045 I art     : Explicit concurrent mark sweep GC freed 3(96B) AllocSpace objects, 0(0B) LOS objects, 23% free, 51MB/67MB, paused 377us total 19.458ms
08-06 04:27:02.044 14033 14124 I art     : Starting a blocking GC Explicit
08-06 04:27:02.064 14033 14124 I art     : Explicit concurrent mark sweep GC freed 1340(78KB) AllocSpace objects, 1(20KB) LOS objects, 23% free, 51MB/67MB, paused 383us total 19.688ms
08-06 04:27:02.072 14033 14124 I art     : Starting a blocking GC Explicit
08-06 04:27:02.092 14033 14124 I art     : Explicit concurrent mark sweep GC freed 20(704B) AllocSpace objects, 0(0B) LOS objects, 23% free, 51MB/67MB, paused 380us total 19.681ms
08-06 04:27:02.101 14033 14124 I art     : Starting a blocking GC Explicit
08-06 04:27:02.120 14033 14124 I art     : Explicit concurrent mark sweep GC freed 3(96B) AllocSpace objects, 0(0B) LOS objects, 23% free, 51MB/67MB, paused 401us total 18.864ms
08-06 04:27:02.128 14033 14124 I art     : Starting a blocking GC Explicit
08-06 04:27:02.147 14033 14124 I art     : Explicit concurrent mark sweep GC freed 3(96B) AllocSpace objects, 0(0B) LOS objects, 23% free, 51MB/67MB, paused 371us total 18.501ms
08-06 04:27:02.155 14033 14124 I art     : Starting a blocking GC Explicit
08-06 04:27:02.173 14033 14124 I art     : Explicit concurrent mark sweep GC freed 3(96B) AllocSpace objects, 0(0B) LOS objects, 23% free, 51MB/67MB, paused 369us total 18.664ms
08-06 04:27:02.427 15488 15488 D AndroidRuntime: >>>>>> START com.android.internal.os.RuntimeInit uid 2000 <<<<<<
08-06 04:27:02.432 15488 15488 D AndroidRuntime: CheckJNI is OFF
08-06 04:27:02.444 14033 14123 I art     : Starting a blocking GC Explicit
08-06 04:27:02.463 14033 14123 I art     : Explicit concurrent mark sweep GC freed 1340(78KB) AllocSpace objects, 1(20KB) LOS objects, 23% free, 51MB/67MB, paused 409us total 19.340ms
08-06 04:27:02.469 15488 15488 D ICU     : No timezone override file found: /data/misc/zoneinfo/current/icu/icu_tzdata.dat
08-06 04:27:02.472 14033 14123 I art     : Starting a blocking GC Explicit
08-06 04:27:02.492 14033 14123 I art     : Explicit concurrent mark sweep GC freed 20(704B) AllocSpace objects, 0(0B) LOS objects, 23% free, 51MB/67MB, paused 391us total 19.600ms
08-06 04:27:02.500 14033 14123 I art     : Starting a blocking GC Explicit
08-06 04:27:02.503 15488 15488 I Radio-JNI: register_android_hardware_Radio DONE
08-06 04:27:02.518 14033 14123 I art     : Explicit concurrent mark sweep GC freed 3(96B) AllocSpace objects, 0(0B) LOS objects, 23% free, 51MB/67MB, paused 391us total 18.372ms
08-06 04:27:02.526 15488 15488 D AndroidRuntime: Calling main entry com.android.commands.input.Input
08-06 04:27:02.526 14033 14123 I art     : Starting a blocking GC Explicit
08-06 04:27:02.528 15488 15488 I Input   : injectMotionEvent: MotionEvent { action=ACTION_DOWN, actionButton=0, id[0]=0, x[0]=733.0, y[0]=645.0, toolType[0]=TOOL_TYPE_UNKNOWN, buttonState=0, metaState=0, flags=0x0, edgeFlags=0x0, pointerCount=1, historySize=0, eventTime=851238940, downTime=851238940, deviceId=0, source=0x1002 }
08-06 04:27:02.533 15488 15488 I Input   : injectMotionEvent: MotionEvent { action=ACTION_UP, actionButton=0, id[0]=0, x[0]=733.0, y[0]=645.0, toolType[0]=TOOL_TYPE_UNKNOWN, buttonState=0, metaState=0, flags=0x0, edgeFlags=0x0, pointerCount=1, historySize=0, eventTime=851238940, downTime=851238940, deviceId=0, source=0x1002 }
08-06 04:27:02.534   918  3961 I ActivityManager: START u0 {cmp=baseline.appteam.nith.hillffair/.activities.ClubActivity (has extras)} from uid 10697 on display 0
08-06 04:27:02.545 14033 14123 I art     : Explicit concurrent mark sweep GC freed 3(96B) AllocSpace objects, 0(0B) LOS objects, 23% free, 51MB/67MB, paused 483us total 18.146ms
08-06 04:27:02.545 15488 15488 D AndroidRuntime: Shutting down VM
08-06 04:27:02.552 14033 14123 I art     : Starting a blocking GC Explicit
08-06 04:27:02.571 14033 14123 I art     : Explicit concurrent mark sweep GC freed 1999(118KB) AllocSpace objects, 0(0B) LOS objects, 23% free, 52MB/68MB, paused 645us total 18.687ms
08-06 04:27:02.644   918   936 I ActivityManager: Displayed baseline.appteam.nith.hillffair/.activities.ClubActivity: +98ms
08-06 04:27:02.645 13866 13866 I GoogleInputMethodServic: GoogleInputMethodService.onFinishInput():3138 
08-06 04:27:02.645 13866 13866 I GoogleInputMethodServic: GoogleInputMethodService.onStartInput():1808 
08-06 04:27:02.811 14033 14046 I art     : Starting a blocking GC Explicit
08-06 04:27:02.836 14033 14046 I art     : Explicit concurrent mark sweep GC freed 3406(217KB) AllocSpace objects, 1(20KB) LOS objects, 23% free, 52MB/68MB, paused 560us total 24.494ms
08-06 04:27:02.848 14033 14046 I art     : Starting a blocking GC Explicit
08-06 04:27:02.874 14033 14046 I art     : Explicit concurrent mark sweep GC freed 97(4KB) AllocSpace objects, 0(0B) LOS objects, 23% free, 52MB/68MB, paused 450us total 26.406ms
08-06 04:27:02.884 14033 14046 I art     : Starting a blocking GC Explicit
08-06 04:27:02.904   380   380 W SurfaceFlinger: couldn't log to binary event log: overflow.
08-06 04:27:02.909 14033 14046 I art     : Explicit concurrent mark sweep GC freed 3(96B) AllocSpace objects, 0(0B) LOS objects, 23% free, 52MB/68MB, paused 457us total 24.265ms
08-06 04:27:02.919 14033 14046 I art     : Starting a blocking GC Explicit
08-06 04:27:02.937 14033 14046 I art     : Explicit concurrent mark sweep GC freed 3(96B) AllocSpace objects, 0(0B) LOS objects, 23% free, 52MB/68MB, paused 491us total 17.968ms
08-06 04:27:02.945 14033 14046 I art     : Starting a blocking GC Explicit
08-06 04:27:02.963 14033 14046 I art     : Explicit concurrent mark sweep GC freed 3(96B) AllocSpace objects, 0(0B) LOS objects, 23% free, 52MB/68MB, paused 390us total 17.489ms
08-06 04:27:03.253 14033 14046 I art     : Starting a blocking GC Explicit
08-06 04:27:03.274 14033 14046 I art     : Explicit concurrent mark sweep GC freed 1486(85KB) AllocSpace objects, 1(20KB) LOS objects, 23% free, 52MB/68MB, paused 410us total 20.884ms
08-06 04:27:03.283 14033 14046 I art     : Starting a blocking GC Explicit
08-06 04:27:03.303 14033 14046 I art     : Explicit concurrent mark sweep GC freed 55(1856B) AllocSpace objects, 0(0B) LOS objects, 23% free, 52MB/68MB, paused 432us total 19.662ms
08-06 04:27:03.311 14033 14046 I art     : Starting a blocking GC Explicit
08-06 04:27:03.331 14033 14046 I art     : Explicit concurrent mark sweep GC freed 11(416B) AllocSpace objects, 0(0B) LOS objects, 23% free, 52MB/68MB, paused 432us total 19.429ms
08-06 04:27:03.339 14033 14046 I art     : Starting a blocking GC Explicit
08-06 04:27:03.359 14033 14046 I art     : Explicit concurrent mark sweep GC freed 13(480B) AllocSpace objects, 0(0B) LOS objects, 23% free, 52MB/68MB, paused 447us total 19.400ms
08-06 04:27:03.368 14033 14046 I art     : Starting a blocking GC Explicit
08-06 04:27:03.386 14033 14046 I art     : Explicit concurrent mark sweep GC freed 10(352B) AllocSpace objects, 0(0B) LOS objects, 23% free, 52MB/68MB, paused 416us total 18.115ms
08-06 04:27:03.442 14033 15512 D OkHttp  : --> GET https://api-hillfair-2k16.herokuapp.com/api/app/events/special/event?id=5806551bdcba0f490c70fd1f http/1.1
08-06 04:27:03.477 14033 15512 D OkHttp  : <-- 200 OK https://api-hillfair-2k16.herokuapp.com/api/app/events/special/event?id=5806551bdcba0f490c70fd1f (35ms, 795-byte body)
08-06 04:27:03.523 14033 14033 I NAPPA_EXPERIMENTATION: MetricNetworkRequestExecutionTime: REQUEST_DURATION_SYSTEM='952',REQUEST_DURATION_OKHTTP='35',REQUEST_SYNCHRONOUS='FALSE',RESPONSE_CODE='200',RESPONSE_METHOD='GET',RESPONSE_LENGTH_OKHTTP='795',RESPONSE_LENGTH_HEADER='795',REQUEST_PROTOCOL='http/1.1',REQUEST_URL='https://api-hillfair-2k16.herokuapp.com/api/app/events/special/event?id=5806551bdcba0f490c70fd1f',
08-06 04:27:03.669 14033 14123 I art     : Starting a blocking GC Explicit
08-06 04:27:03.692 14033 14123 I art     : Explicit concurrent mark sweep GC freed 4761(310KB) AllocSpace objects, 4(220KB) LOS objects, 23% free, 52MB/68MB, paused 382us total 22.627ms
08-06 04:27:03.701 14033 14123 I art     : Starting a blocking GC Explicit
08-06 04:27:03.722 14033 14123 I art     : Explicit concurrent mark sweep GC freed 1034(119KB) AllocSpace objects, 0(0B) LOS objects, 23% free, 52MB/68MB, paused 473us total 20.840ms
08-06 04:27:03.731 14033 14123 I art     : Starting a blocking GC Explicit
08-06 04:27:03.751 14033 14123 I art     : Explicit concurrent mark sweep GC freed 3(96B) AllocSpace objects, 0(0B) LOS objects, 23% free, 52MB/68MB, paused 408us total 19.590ms
08-06 04:27:03.759 14033 14123 I art     : Starting a blocking GC Explicit
08-06 04:27:03.779 14033 14123 I art     : Explicit concurrent mark sweep GC freed 3(96B) AllocSpace objects, 0(0B) LOS objects, 23% free, 52MB/68MB, paused 410us total 19.652ms
08-06 04:27:03.788 14033 14123 I art     : Starting a blocking GC Explicit
08-06 04:27:03.808 14033 14123 I art     : Explicit concurrent mark sweep GC freed 3(96B) AllocSpace objects, 0(0B) LOS objects, 23% free, 52MB/68MB, paused 418us total 20.203ms
08-06 04:27:04.085 14033 14124 I art     : Starting a blocking GC Explicit
08-06 04:27:04.112 14033 14124 I art     : Explicit concurrent mark sweep GC freed 1341(78KB) AllocSpace objects, 1(20KB) LOS objects, 23% free, 52MB/68MB, paused 500us total 26.127ms
08-06 04:27:04.122 14033 14124 I art     : Starting a blocking GC Explicit
08-06 04:27:04.143 14033 14124 I art     : Explicit concurrent mark sweep GC freed 36(1264B) AllocSpace objects, 0(0B) LOS objects, 23% free, 52MB/68MB, paused 410us total 21.135ms
08-06 04:27:04.152 14033 14124 I art     : Starting a blocking GC Explicit
08-06 04:27:04.172 14033 14124 I art     : Explicit concurrent mark sweep GC freed 3(96B) AllocSpace objects, 0(0B) LOS objects, 23% free, 52MB/68MB, paused 394us total 19.991ms
08-06 04:27:04.181 14033 14124 I art     : Starting a blocking GC Explicit
08-06 04:27:04.201 14033 14124 I art     : Explicit concurrent mark sweep GC freed 3(96B) AllocSpace objects, 0(0B) LOS objects, 23% free, 52MB/68MB, paused 400us total 20.231ms
08-06 04:27:04.210 14033 14124 I art     : Starting a blocking GC Explicit
08-06 04:27:04.231 14033 14124 I art     : Explicit concurrent mark sweep GC freed 3(96B) AllocSpace objects, 0(0B) LOS objects, 23% free, 52MB/68MB, paused 442us total 20.630ms
08-06 04:27:04.545 14033 14045 I art     : Starting a blocking GC Explicit
08-06 04:27:04.572 14033 14045 I art     : Explicit concurrent mark sweep GC freed 1341(78KB) AllocSpace objects, 1(20KB) LOS objects, 23% free, 52MB/68MB, paused 466us total 26.495ms
08-06 04:27:04.587 14033 14045 I art     : Starting a blocking GC Explicit
08-06 04:27:04.607 14033 14045 I art     : Explicit concurrent mark sweep GC freed 20(704B) AllocSpace objects, 0(0B) LOS objects, 23% free, 52MB/68MB, paused 448us total 20.681ms
08-06 04:27:04.616 14033 14045 I art     : Starting a blocking GC Explicit
08-06 04:27:04.637 14033 14045 I art     : Explicit concurrent mark sweep GC freed 3(96B) AllocSpace objects, 0(0B) LOS objects, 23% free, 52MB/68MB, paused 399us total 20.015ms
08-06 04:27:04.645 14033 14045 I art     : Starting a blocking GC Explicit
08-06 04:27:04.666 14033 14045 I art     : Explicit concurrent mark sweep GC freed 3(96B) AllocSpace objects, 0(0B) LOS objects, 23% free, 52MB/68MB, paused 402us total 20.594ms
08-06 04:27:04.675 14033 14045 I art     : Starting a blocking GC Explicit
08-06 04:27:04.696 14033 14045 I art     : Explicit concurrent mark sweep GC freed 3(96B) AllocSpace objects, 0(0B) LOS objects, 23% free, 52MB/68MB, paused 372us total 20.840ms
08-06 04:27:05.023 14033 14123 I art     : Starting a blocking GC Explicit
08-06 04:27:05.054 14033 14123 I art     : Explicit concurrent mark sweep GC freed 1341(78KB) AllocSpace objects, 1(20KB) LOS objects, 23% free, 52MB/68MB, paused 502us total 30.656ms
08-06 04:27:05.066 14033 14123 I art     : Starting a blocking GC Explicit
08-06 04:27:05.090 14033 14123 I art     : Explicit concurrent mark sweep GC freed 20(704B) AllocSpace objects, 0(0B) LOS objects, 23% free, 52MB/68MB, paused 412us total 23.199ms
08-06 04:27:05.098 14033 14123 I art     : Starting a blocking GC Explicit
08-06 04:27:05.119 14033 14123 I art     : Explicit concurrent mark sweep GC freed 3(96B) AllocSpace objects, 0(0B) LOS objects, 23% free, 52MB/68MB, paused 405us total 20.865ms
08-06 04:27:05.128 14033 14123 I art     : Starting a blocking GC Explicit
08-06 04:27:05.149 14033 14123 I art     : Explicit concurrent mark sweep GC freed 3(96B) AllocSpace objects, 0(0B) LOS objects, 23% free, 52MB/68MB, paused 425us total 20.507ms
08-06 04:27:05.157 14033 14123 I art     : Starting a blocking GC Explicit
08-06 04:27:05.178 14033 14123 I art     : Explicit concurrent mark sweep GC freed 3(96B) AllocSpace objects, 0(0B) LOS objects, 23% free, 52MB/68MB, paused 407us total 20.220ms
08-06 04:27:05.508 14033 14046 I art     : Starting a blocking GC Explicit
08-06 04:27:05.534 14033 14046 I art     : Explicit concurrent mark sweep GC freed 1341(78KB) AllocSpace objects, 1(20KB) LOS objects, 23% free, 52MB/68MB, paused 439us total 25.858ms
08-06 04:27:05.549 14033 14046 I art     : Starting a blocking GC Explicit
08-06 04:27:05.569 14033 14046 I art     : Explicit concurrent mark sweep GC freed 20(704B) AllocSpace objects, 0(0B) LOS objects, 23% free, 52MB/68MB, paused 410us total 19.807ms
08-06 04:27:05.578 14033 14046 I art     : Starting a blocking GC Explicit
08-06 04:27:05.598 14033 14046 I art     : Explicit concurrent mark sweep GC freed 3(96B) AllocSpace objects, 0(0B) LOS objects, 23% free, 52MB/68MB, paused 405us total 19.995ms
08-06 04:27:05.606 14033 14046 I art     : Starting a blocking GC Explicit
08-06 04:27:05.627 14033 14046 I art     : Explicit concurrent mark sweep GC freed 3(96B) AllocSpace objects, 0(0B) LOS objects, 23% free, 52MB/68MB, paused 468us total 20.282ms
08-06 04:27:05.635 14033 14046 I art     : Starting a blocking GC Explicit
08-06 04:27:05.656 14033 14046 I art     : Explicit concurrent mark sweep GC freed 3(96B) AllocSpace objects, 0(0B) LOS objects, 23% free, 52MB/68MB, paused 415us total 20.697ms
08-06 04:27:05.977 14033 14124 I art     : Starting a blocking GC Explicit
08-06 04:27:05.998 14033 14124 I art     : Explicit concurrent mark sweep GC freed 1341(78KB) AllocSpace objects, 1(20KB) LOS objects, 23% free, 52MB/68MB, paused 404us total 20.045ms
08-06 04:27:06.006 14033 14124 I art     : Starting a blocking GC Explicit
08-06 04:27:06.026 14033 14124 I art     : Explicit concurrent mark sweep GC freed 20(704B) AllocSpace objects, 0(0B) LOS objects, 23% free, 52MB/68MB, paused 402us total 19.469ms
08-06 04:27:06.034 14033 14124 I art     : Starting a blocking GC Explicit
08-06 04:27:06.055 14033 14124 I art     : Explicit concurrent mark sweep GC freed 3(96B) AllocSpace objects, 0(0B) LOS objects, 23% free, 52MB/68MB, paused 414us total 20.339ms
08-06 04:27:06.064 14033 14124 I art     : Starting a blocking GC Explicit
08-06 04:27:06.084 14033 14124 I art     : Explicit concurrent mark sweep GC freed 3(96B) AllocSpace objects, 0(0B) LOS objects, 23% free, 52MB/68MB, paused 398us total 20.517ms
08-06 04:27:06.093 14033 14124 I art     : Starting a blocking GC Explicit
08-06 04:27:06.114 14033 14124 I art     : Explicit concurrent mark sweep GC freed 3(96B) AllocSpace objects, 0(0B) LOS objects, 23% free, 52MB/68MB, paused 391us total 20.446ms
08-06 04:27:06.428 14033 14045 I art     : Starting a blocking GC Explicit
08-06 04:27:06.450 14033 14045 I art     : Explicit concurrent mark sweep GC freed 1341(78KB) AllocSpace objects, 1(20KB) LOS objects, 23% free, 52MB/68MB, paused 437us total 22.042ms
08-06 04:27:06.464 14033 14045 I art     : Starting a blocking GC Explicit
08-06 04:27:06.484 14033 14045 I art     : Explicit concurrent mark sweep GC freed 20(704B) AllocSpace objects, 0(0B) LOS objects, 23% free, 52MB/68MB, paused 396us total 20.180ms
08-06 04:27:06.492 14033 14045 I art     : Starting a blocking GC Explicit
08-06 04:27:06.513 14033 14045 I art     : Explicit concurrent mark sweep GC freed 3(96B) AllocSpace objects, 0(0B) LOS objects, 23% free, 52MB/68MB, paused 403us total 20.434ms
08-06 04:27:06.522 14033 14045 I art     : Starting a blocking GC Explicit
08-06 04:27:06.543 14033 14045 I art     : Explicit concurrent mark sweep GC freed 3(96B) AllocSpace objects, 0(0B) LOS objects, 23% free, 52MB/68MB, paused 397us total 20.905ms
08-06 04:27:06.552 14033 14045 I art     : Starting a blocking GC Explicit
08-06 04:27:06.572 14033 14045 I art     : Explicit concurrent mark sweep GC freed 3(96B) AllocSpace objects, 0(0B) LOS objects, 23% free, 52MB/68MB, paused 393us total 20.578ms
08-06 04:27:06.886 14033 14123 I art     : Starting a blocking GC Explicit
08-06 04:27:06.907 14033 14123 I art     : Explicit concurrent mark sweep GC freed 1341(78KB) AllocSpace objects, 1(20KB) LOS objects, 23% free, 52MB/68MB, paused 416us total 20.859ms
08-06 04:27:06.916 14033 14123 I art     : Starting a blocking GC Explicit
08-06 04:27:06.936 14033 14123 I art     : Explicit concurrent mark sweep GC freed 20(704B) AllocSpace objects, 0(0B) LOS objects, 23% free, 52MB/68MB, paused 417us total 20.366ms
08-06 04:27:06.945 14033 14123 I art     : Starting a blocking GC Explicit
08-06 04:27:06.965 14033 14123 I art     : Explicit concurrent mark sweep GC freed 3(96B) AllocSpace objects, 0(0B) LOS objects, 23% free, 52MB/68MB, paused 404us total 20.353ms
08-06 04:27:06.974 14033 14123 I art     : Starting a blocking GC Explicit
08-06 04:27:06.993 14033 14123 I art     : Explicit concurrent mark sweep GC freed 3(96B) AllocSpace objects, 0(0B) LOS objects, 23% free, 52MB/68MB, paused 411us total 19.080ms
08-06 04:27:07.001 14033 14123 I art     : Starting a blocking GC Explicit
08-06 04:27:07.021 14033 14123 I art     : Explicit concurrent mark sweep GC freed 3(96B) AllocSpace objects, 0(0B) LOS objects, 23% free, 52MB/68MB, paused 414us total 19.604ms
08-06 04:27:07.219 15609 15609 D AndroidRuntime: >>>>>> START com.android.internal.os.RuntimeInit uid 2000 <<<<<<
08-06 04:27:07.224 15609 15609 D AndroidRuntime: CheckJNI is OFF
08-06 04:27:07.256 15609 15609 D ICU     : No timezone override file found: /data/misc/zoneinfo/current/icu/icu_tzdata.dat
08-06 04:27:07.288 15609 15609 I Radio-JNI: register_android_hardware_Radio DONE
08-06 04:27:07.310 15609 15609 D AndroidRuntime: Calling main entry com.android.commands.input.Input
08-06 04:27:07.312 15609 15609 I Input   : injectKeyEvent: KeyEvent { action=ACTION_DOWN, keyCode=KEYCODE_BACK, scanCode=0, metaState=0, flags=0x0, repeatCount=0, eventTime=851243725, downTime=851243725, deviceId=-1, source=0x101 }
08-06 04:27:07.317 15609 15609 I Input   : injectKeyEvent: KeyEvent { action=ACTION_UP, keyCode=KEYCODE_BACK, scanCode=0, metaState=0, flags=0x0, repeatCount=0, eventTime=851243725, downTime=851243725, deviceId=-1, source=0x101 }
08-06 04:27:07.317 14033 14046 I art     : Starting a blocking GC Explicit
08-06 04:27:07.323 15609 15609 D AndroidRuntime: Shutting down VM
08-06 04:27:07.337 14033 14046 I art     : Explicit concurrent mark sweep GC freed 1473(84KB) AllocSpace objects, 1(20KB) LOS objects, 23% free, 52MB/68MB, paused 503us total 20.132ms
08-06 04:27:07.346 14033 14046 I art     : Starting a blocking GC Explicit
08-06 04:27:07.366 14033 14046 I art     : Explicit concurrent mark sweep GC freed 28(944B) AllocSpace objects, 0(0B) LOS objects, 23% free, 52MB/68MB, paused 560us total 19.452ms
08-06 04:27:07.366 13866 13866 I GoogleInputMethodServic: GoogleInputMethodService.onFinishInput():3138 
08-06 04:27:07.367 13866 13866 I GoogleInputMethodServic: GoogleInputMethodService.onStartInput():1808 
08-06 04:27:07.374 14033 14046 I art     : Starting a blocking GC Explicit
08-06 04:27:07.393 14033 14046 I art     : Explicit concurrent mark sweep GC freed 31(1152B) AllocSpace objects, 0(0B) LOS objects, 23% free, 52MB/68MB, paused 484us total 19.420ms
08-06 04:27:07.401 14033 14046 I art     : Starting a blocking GC Explicit
08-06 04:27:07.420 14033 14046 I art     : Explicit concurrent mark sweep GC freed 9(336B) AllocSpace objects, 0(0B) LOS objects, 23% free, 52MB/68MB, paused 416us total 18.584ms
08-06 04:27:07.429 14033 14046 I art     : Starting a blocking GC Explicit
08-06 04:27:07.430 13567 13567 I ServiceManager: Waiting for service AtCmdFwd...
08-06 04:27:07.446 14033 14046 I art     : Explicit concurrent mark sweep GC freed 4(144B) AllocSpace objects, 0(0B) LOS objects, 23% free, 52MB/68MB, paused 391us total 17.292ms
08-06 04:27:07.675   380   380 W SurfaceFlinger: couldn't log to binary event log: overflow.
08-06 04:27:07.708 14033 14045 I art     : Starting a blocking GC Explicit
08-06 04:27:07.726 14033 14045 I art     : Explicit concurrent mark sweep GC freed 1450(87KB) AllocSpace objects, 1(20KB) LOS objects, 23% free, 52MB/68MB, paused 383us total 18.366ms
08-06 04:27:07.734 14033 14045 I art     : Starting a blocking GC Explicit
08-06 04:27:07.754 14033 14045 I art     : Explicit concurrent mark sweep GC freed 1672(107KB) AllocSpace objects, 3(400KB) LOS objects, 23% free, 52MB/68MB, paused 380us total 19.881ms
08-06 04:27:07.762 14033 14045 I art     : Starting a blocking GC Explicit
08-06 04:27:07.781 14033 14045 I art     : Explicit concurrent mark sweep GC freed 3(96B) AllocSpace objects, 0(0B) LOS objects, 23% free, 52MB/68MB, paused 394us total 19.029ms
08-06 04:27:07.789 14033 14045 I art     : Starting a blocking GC Explicit
08-06 04:27:07.809 14033 14045 I art     : Explicit concurrent mark sweep GC freed 3(96B) AllocSpace objects, 0(0B) LOS objects, 23% free, 52MB/68MB, paused 399us total 19.514ms
08-06 04:27:07.818 14033 14045 I art     : Starting a blocking GC Explicit
08-06 04:27:07.837 14033 14045 I art     : Explicit concurrent mark sweep GC freed 3(96B) AllocSpace objects, 0(0B) LOS objects, 23% free, 52MB/68MB, paused 417us total 19.548ms
08-06 04:27:08.120 14033 14123 I art     : Starting a blocking GC Explicit
08-06 04:27:08.144 14033 14123 I art     : Explicit concurrent mark sweep GC freed 1341(78KB) AllocSpace objects, 1(20KB) LOS objects, 23% free, 52MB/68MB, paused 421us total 23.198ms
08-06 04:27:08.153 14033 14123 I art     : Starting a blocking GC Explicit
08-06 04:27:08.173 14033 14123 I art     : Explicit concurrent mark sweep GC freed 20(704B) AllocSpace objects, 0(0B) LOS objects, 23% free, 52MB/68MB, paused 408us total 20.242ms
08-06 04:27:08.182 14033 14123 I art     : Starting a blocking GC Explicit
08-06 04:27:08.201 14033 14123 I art     : Explicit concurrent mark sweep GC freed 3(96B) AllocSpace objects, 0(0B) LOS objects, 23% free, 52MB/68MB, paused 403us total 19.647ms
08-06 04:27:08.210 14033 14123 I art     : Starting a blocking GC Explicit
08-06 04:27:08.230 14033 14123 I art     : Explicit concurrent mark sweep GC freed 3(96B) AllocSpace objects, 0(0B) LOS objects, 23% free, 52MB/68MB, paused 461us total 19.848ms
08-06 04:27:08.239 14033 14123 I art     : Starting a blocking GC Explicit
08-06 04:27:08.260 14033 14123 I art     : Explicit concurrent mark sweep GC freed 3(96B) AllocSpace objects, 0(0B) LOS objects, 23% free, 52MB/68MB, paused 479us total 20.212ms
08-06 04:27:08.431 13567 13567 I ServiceManager: Waiting for service AtCmdFwd...
08-06 04:27:08.453 14033 15658 W OneSignal: OneSignalRestClient: POST Error thrown from network stack. 
08-06 04:27:08.453 14033 15658 W OneSignal: java.io.IOException: unexpected end of stream on Connection{api.onesignal.com:443, proxy=HTTP@192.168.2.12:8080 hostAddress=192.168.2.12 cipherSuite=TLS_ECDHE_RSA_WITH_AES_128_GCM_SHA256 protocol=http/1.1} (recycle count=0)
08-06 04:27:08.453 14033 15658 W OneSignal: 	at com.android.okhttp.internal.http.HttpConnection.readResponse(HttpConnection.java:210)
08-06 04:27:08.453 14033 15658 W OneSignal: 	at com.android.okhttp.internal.http.HttpTransport.readResponseHeaders(HttpTransport.java:80)
08-06 04:27:08.453 14033 15658 W OneSignal: 	at com.android.okhttp.internal.http.HttpEngine.readNetworkResponse(HttpEngine.java:904)
08-06 04:27:08.453 14033 15658 W OneSignal: 	at com.android.okhttp.internal.http.HttpEngine.readResponse(HttpEngine.java:788)
08-06 04:27:08.453 14033 15658 W OneSignal: 	at com.android.okhttp.internal.huc.HttpURLConnectionImpl.execute(HttpURLConnectionImpl.java:439)
08-06 04:27:08.453 14033 15658 W OneSignal: 	at com.android.okhttp.internal.huc.HttpURLConnectionImpl.getResponse(HttpURLConnectionImpl.java:384)
08-06 04:27:08.453 14033 15658 W OneSignal: 	at com.android.okhttp.internal.huc.HttpURLConnectionImpl.getResponseCode(HttpURLConnectionImpl.java:497)
08-06 04:27:08.453 14033 15658 W OneSignal: 	at com.android.okhttp.internal.huc.DelegatingHttpsURLConnection.getResponseCode(DelegatingHttpsURLConnection.java:105)
08-06 04:27:08.453 14033 15658 W OneSignal: 	at com.android.okhttp.internal.huc.HttpsURLConnectionImpl.getResponseCode(HttpsURLConnectionImpl.java)
08-06 04:27:08.453 14033 15658 W OneSignal: 	at com.onesignal.OneSignalRestClient.startHTTPConnection(OneSignalRestClient.java:180)
08-06 04:27:08.453 14033 15658 W OneSignal: 	at com.onesignal.OneSignalRestClient.access$100(OneSignalRestClient.java:44)
08-06 04:27:08.453 14033 15658 W OneSignal: 	at com.onesignal.OneSignalRestClient$4.run(OneSignalRestClient.java:110)
08-06 04:27:08.453 14033 15658 W OneSignal: 	at java.lang.Thread.run(Thread.java:818)
08-06 04:27:08.453 14033 15658 W OneSignal: Caused by: java.io.EOFException: \n not found: size=0 content=...
08-06 04:27:08.453 14033 15658 W OneSignal: 	at com.android.okhttp.okio.RealBufferedSource.readUtf8LineStrict(RealBufferedSource.java:200)
08-06 04:27:08.453 14033 15658 W OneSignal: 	at com.android.okhttp.internal.http.HttpConnection.readResponse(HttpConnection.java:191)
08-06 04:27:08.453 14033 15658 W OneSignal: 	... 12 more
08-06 04:27:08.454 14033 15667 W OneSignal: Failed last request. statusCode: -1
08-06 04:27:08.454 14033 15667 W OneSignal: response: null
08-06 04:27:08.538 14033 14124 I art     : Starting a blocking GC Explicit
08-06 04:27:08.562 14033 14124 I art     : Explicit concurrent mark sweep GC freed 3866(241KB) AllocSpace objects, 1(20KB) LOS objects, 23% free, 52MB/68MB, paused 534us total 24.003ms
08-06 04:27:08.571 14033 14124 I art     : Starting a blocking GC Explicit
08-06 04:27:08.591 14033 14124 I art     : Explicit concurrent mark sweep GC freed 96(3KB) AllocSpace objects, 0(0B) LOS objects, 23% free, 52MB/68MB, paused 412us total 19.899ms
08-06 04:27:08.599 14033 14124 I art     : Starting a blocking GC Explicit
08-06 04:27:08.617 14033 14124 I art     : Explicit concurrent mark sweep GC freed 3(96B) AllocSpace objects, 0(0B) LOS objects, 23% free, 52MB/68MB, paused 413us total 17.583ms
08-06 04:27:08.625 14033 14124 I art     : Starting a blocking GC Explicit
08-06 04:27:08.644 14033 14124 I art     : Explicit concurrent mark sweep GC freed 3(96B) AllocSpace objects, 0(0B) LOS objects, 23% free, 52MB/68MB, paused 395us total 18.551ms
08-06 04:27:08.652 14033 14124 I art     : Starting a blocking GC Explicit
08-06 04:27:08.671 14033 14124 I art     : Explicit concurrent mark sweep GC freed 3(96B) AllocSpace objects, 0(0B) LOS objects, 23% free, 52MB/68MB, paused 407us total 18.847ms
08-06 04:27:08.942 14033 14046 I art     : Starting a blocking GC Explicit
08-06 04:27:08.967 14033 14046 I art     : Explicit concurrent mark sweep GC freed 1340(78KB) AllocSpace objects, 1(20KB) LOS objects, 23% free, 52MB/68MB, paused 582us total 25.390ms
08-06 04:27:08.975 15670 15670 D AndroidRuntime: >>>>>> START com.android.internal.os.RuntimeInit uid 2000 <<<<<<
08-06 04:27:08.978 14033 14046 I art     : Starting a blocking GC Explicit
08-06 04:27:08.980 15670 15670 D AndroidRuntime: CheckJNI is OFF
08-06 04:27:08.998 14033 14046 I art     : Explicit concurrent mark sweep GC freed 20(704B) AllocSpace objects, 0(0B) LOS objects, 23% free, 52MB/68MB, paused 435us total 19.800ms
08-06 04:27:09.006 14033 14046 I art     : Starting a blocking GC Explicit
08-06 04:27:09.018 15670 15670 D ICU     : No timezone override file found: /data/misc/zoneinfo/current/icu/icu_tzdata.dat
08-06 04:27:09.025 14033 14046 I art     : Explicit concurrent mark sweep GC freed 3(96B) AllocSpace objects, 0(0B) LOS objects, 23% free, 52MB/68MB, paused 423us total 18.838ms
08-06 04:27:09.033 14033 14046 I art     : Starting a blocking GC Explicit
08-06 04:27:09.052 14033 14046 I art     : Explicit concurrent mark sweep GC freed 3(96B) AllocSpace objects, 0(0B) LOS objects, 23% free, 52MB/68MB, paused 432us total 18.752ms
08-06 04:27:09.053 15670 15670 I Radio-JNI: register_android_hardware_Radio DONE
08-06 04:27:09.060 14033 14046 I art     : Starting a blocking GC Explicit
08-06 04:27:09.076 15670 15670 D AndroidRuntime: Calling main entry com.android.commands.input.Input
08-06 04:27:09.078 15670 15670 I Input   : injectKeyEvent: KeyEvent { action=ACTION_DOWN, keyCode=KEYCODE_BACK, scanCode=0, metaState=0, flags=0x0, repeatCount=0, eventTime=851245491, downTime=851245491, deviceId=-1, source=0x101 }
08-06 04:27:09.079 14033 14046 I art     : Explicit concurrent mark sweep GC freed 3(96B) AllocSpace objects, 0(0B) LOS objects, 23% free, 52MB/68MB, paused 441us total 18.893ms
08-06 04:27:09.083 15670 15670 I Input   : injectKeyEvent: KeyEvent { action=ACTION_UP, keyCode=KEYCODE_BACK, scanCode=0, metaState=0, flags=0x0, repeatCount=0, eventTime=851245491, downTime=851245491, deviceId=-1, source=0x101 }
08-06 04:27:09.090 15670 15670 D AndroidRuntime: Shutting down VM
08-06 04:27:09.135 13866 13866 I GoogleInputMethodServic: GoogleInputMethodService.onFinishInput():3138 
08-06 04:27:09.136 13866 13866 I GoogleInputMethodServic: GoogleInputMethodService.onStartInput():1808 
08-06 04:27:09.332 14033 14123 I art     : Starting a blocking GC Explicit
08-06 04:27:09.357 14033 14123 I art     : Explicit concurrent mark sweep GC freed 1550(87KB) AllocSpace objects, 1(20KB) LOS objects, 23% free, 52MB/68MB, paused 459us total 24.933ms
08-06 04:27:09.368 14033 14123 I art     : Starting a blocking GC Explicit
08-06 04:27:09.391 14033 14123 I art     : Explicit concurrent mark sweep GC freed 24(864B) AllocSpace objects, 0(0B) LOS objects, 23% free, 52MB/68MB, paused 405us total 23.129ms
08-06 04:27:09.402 14033 14123 I art     : Starting a blocking GC Explicit
08-06 04:27:09.422 14033 14123 I art     : Explicit concurrent mark sweep GC freed 3(96B) AllocSpace objects, 0(0B) LOS objects, 23% free, 52MB/68MB, paused 380us total 19.368ms
08-06 04:27:09.431 14033 14123 I art     : Starting a blocking GC Explicit
08-06 04:27:09.431 13567 13567 I ServiceManager: Waiting for service AtCmdFwd...
08-06 04:27:09.450 14033 14123 I art     : Explicit concurrent mark sweep GC freed 1064(51KB) AllocSpace objects, 0(0B) LOS objects, 23% free, 52MB/68MB, paused 374us total 18.905ms
08-06 04:27:09.458 14033 14123 I art     : Starting a blocking GC Explicit
08-06 04:27:09.476 14033 14123 I art     : Explicit concurrent mark sweep GC freed 124(6KB) AllocSpace objects, 0(0B) LOS objects, 23% free, 52MB/68MB, paused 436us total 17.789ms
08-06 04:27:09.770 14033 14045 I art     : Starting a blocking GC Explicit
08-06 04:27:09.794 14033 14045 I art     : Explicit concurrent mark sweep GC freed 3302(199KB) AllocSpace objects, 3(160KB) LOS objects, 23% free, 51MB/67MB, paused 433us total 24.040ms
08-06 04:27:09.807 14033 14045 I art     : Starting a blocking GC Explicit
08-06 04:27:09.826 14033 14045 I art     : Explicit concurrent mark sweep GC freed 20(704B) AllocSpace objects, 0(0B) LOS objects, 23% free, 51MB/67MB, paused 402us total 18.573ms
08-06 04:27:09.834 14033 14045 I art     : Starting a blocking GC Explicit
08-06 04:27:09.853 14033 14045 I art     : Explicit concurrent mark sweep GC freed 3(96B) AllocSpace objects, 0(0B) LOS objects, 23% free, 51MB/67MB, paused 401us total 18.562ms
08-06 04:27:09.862 14033 14045 I art     : Starting a blocking GC Explicit
08-06 04:27:09.881 14033 14045 I art     : Explicit concurrent mark sweep GC freed 3(96B) AllocSpace objects, 0(0B) LOS objects, 23% free, 51MB/67MB, paused 408us total 19.189ms
08-06 04:27:09.890 14033 14045 I art     : Starting a blocking GC Explicit
08-06 04:27:09.909 14033 14045 I art     : Explicit concurrent mark sweep GC freed 3(96B) AllocSpace objects, 0(0B) LOS objects, 23% free, 51MB/67MB, paused 402us total 18.829ms
08-06 04:27:10.188 14033 14124 I art     : Starting a blocking GC Explicit
08-06 04:27:10.212 14033 14124 I art     : Explicit concurrent mark sweep GC freed 1338(78KB) AllocSpace objects, 1(20KB) LOS objects, 23% free, 51MB/67MB, paused 448us total 23.943ms
08-06 04:27:10.223 14033 14124 I art     : Starting a blocking GC Explicit
08-06 04:27:10.242 14033 14124 I art     : Explicit concurrent mark sweep GC freed 20(704B) AllocSpace objects, 0(0B) LOS objects, 23% free, 51MB/67MB, paused 434us total 19.006ms
08-06 04:27:10.251 14033 14124 I art     : Starting a blocking GC Explicit
08-06 04:27:10.269 14033 14124 I art     : Explicit concurrent mark sweep GC freed 3(96B) AllocSpace objects, 0(0B) LOS objects, 23% free, 51MB/67MB, paused 445us total 18.595ms
08-06 04:27:10.278 14033 14124 I art     : Starting a blocking GC Explicit
08-06 04:27:10.296 14033 14124 I art     : Explicit concurrent mark sweep GC freed 3(96B) AllocSpace objects, 0(0B) LOS objects, 23% free, 51MB/67MB, paused 405us total 18.531ms
08-06 04:27:10.305 14033 14124 I art     : Starting a blocking GC Explicit
08-06 04:27:10.324 14033 14124 I art     : Explicit concurrent mark sweep GC freed 3(96B) AllocSpace objects, 0(0B) LOS objects, 23% free, 51MB/67MB, paused 382us total 18.516ms
08-06 04:27:10.432 13567 13567 I ServiceManager: Waiting for service AtCmdFwd...
08-06 04:27:10.593 14033 14046 I art     : Starting a blocking GC Explicit
08-06 04:27:10.613 14033 14046 I art     : Explicit concurrent mark sweep GC freed 1338(78KB) AllocSpace objects, 1(20KB) LOS objects, 23% free, 51MB/67MB, paused 498us total 19.269ms
08-06 04:27:10.622 14033 14046 I art     : Starting a blocking GC Explicit
08-06 04:27:10.641 14033 14046 I art     : Explicit concurrent mark sweep GC freed 20(704B) AllocSpace objects, 0(0B) LOS objects, 23% free, 51MB/67MB, paused 405us total 19.014ms
08-06 04:27:10.649 14033 14046 I art     : Starting a blocking GC Explicit
08-06 04:27:10.668 14033 14046 I art     : Explicit concurrent mark sweep GC freed 3(96B) AllocSpace objects, 0(0B) LOS objects, 23% free, 51MB/67MB, paused 413us total 18.349ms
08-06 04:27:10.676 14033 14046 I art     : Starting a blocking GC Explicit
08-06 04:27:10.695 14033 14046 I art     : Explicit concurrent mark sweep GC freed 3(96B) AllocSpace objects, 0(0B) LOS objects, 23% free, 51MB/67MB, paused 413us total 18.479ms
08-06 04:27:10.703 14033 14046 I art     : Starting a blocking GC Explicit
08-06 04:27:10.721 14033 14046 I art     : Explicit concurrent mark sweep GC freed 3(96B) AllocSpace objects, 0(0B) LOS objects, 23% free, 51MB/67MB, paused 416us total 17.873ms
08-06 04:27:10.760 15726 15726 D AndroidRuntime: >>>>>> START com.android.internal.os.RuntimeInit uid 2000 <<<<<<
08-06 04:27:10.765 15726 15726 D AndroidRuntime: CheckJNI is OFF
08-06 04:27:10.798 15726 15726 D ICU     : No timezone override file found: /data/misc/zoneinfo/current/icu/icu_tzdata.dat
08-06 04:27:10.832 15726 15726 I Radio-JNI: register_android_hardware_Radio DONE
08-06 04:27:10.854 15726 15726 D AndroidRuntime: Calling main entry com.android.commands.input.Input
08-06 04:27:10.856 15726 15726 I Input   : injectMotionEvent: MotionEvent { action=ACTION_DOWN, actionButton=0, id[0]=0, x[0]=337.0, y[0]=1104.0, toolType[0]=TOOL_TYPE_UNKNOWN, buttonState=0, metaState=0, flags=0x0, edgeFlags=0x0, pointerCount=1, historySize=0, eventTime=851247269, downTime=851247269, deviceId=0, source=0x1002 }
08-06 04:27:10.864 15726 15726 I Input   : injectMotionEvent: MotionEvent { action=ACTION_UP, actionButton=0, id[0]=0, x[0]=337.0, y[0]=1104.0, toolType[0]=TOOL_TYPE_UNKNOWN, buttonState=0, metaState=0, flags=0x0, edgeFlags=0x0, pointerCount=1, historySize=0, eventTime=851247269, downTime=851247269, deviceId=0, source=0x1002 }
08-06 04:27:10.866   918  6112 I ActivityManager: START u0 {cmp=baseline.appteam.nith.hillffair/.activities.BattleDayActivity} from uid 10697 on display 0
08-06 04:27:10.876 15726 15726 D AndroidRuntime: Shutting down VM
08-06 04:27:10.969 13866 13866 I GoogleInputMethodServic: GoogleInputMethodService.onFinishInput():3138 
08-06 04:27:10.969 13866 13866 I GoogleInputMethodServic: GoogleInputMethodService.onStartInput():1808 
08-06 04:27:10.977 14033 14124 I art     : Starting a blocking GC Explicit
08-06 04:27:10.992   918   936 I ActivityManager: Displayed baseline.appteam.nith.hillffair/.activities.BattleDayActivity: +115ms
08-06 04:27:10.999 14033 14124 I art     : Explicit concurrent mark sweep GC freed 6295(378KB) AllocSpace objects, 1(20KB) LOS objects, 23% free, 52MB/68MB, paused 638us total 21.644ms
08-06 04:27:11.010 14033 14124 I art     : Starting a blocking GC Explicit
08-06 04:27:11.036 14033 14124 I art     : Explicit concurrent mark sweep GC freed 325(16KB) AllocSpace objects, 0(0B) LOS objects, 23% free, 52MB/68MB, paused 492us total 25.273ms
08-06 04:27:11.045 14033 14124 I art     : Starting a blocking GC Explicit
08-06 04:27:11.063 14033 14124 I art     : Explicit concurrent mark sweep GC freed 7(224B) AllocSpace objects, 0(0B) LOS objects, 23% free, 52MB/68MB, paused 447us total 18.297ms
08-06 04:27:11.073 14033 14124 I art     : Starting a blocking GC Explicit
08-06 04:27:11.090 14033 14124 I art     : Explicit concurrent mark sweep GC freed 3(96B) AllocSpace objects, 0(0B) LOS objects, 23% free, 52MB/68MB, paused 462us total 16.808ms
08-06 04:27:11.098 14033 14124 I art     : Starting a blocking GC Explicit
08-06 04:27:11.115 14033 14124 I art     : Explicit concurrent mark sweep GC freed 3(96B) AllocSpace objects, 0(0B) LOS objects, 23% free, 52MB/68MB, paused 427us total 16.682ms
08-06 04:27:11.229   380   380 W SurfaceFlinger: couldn't log to binary event log: overflow.
08-06 04:27:11.360 14033 14046 I art     : Starting a blocking GC Explicit
08-06 04:27:11.383 14033 14046 I art     : Explicit concurrent mark sweep GC freed 1413(83KB) AllocSpace objects, 1(20KB) LOS objects, 23% free, 52MB/68MB, paused 462us total 22.788ms
08-06 04:27:11.391 14033 14046 I art     : Starting a blocking GC Explicit
08-06 04:27:11.409 14033 14046 I art     : Explicit concurrent mark sweep GC freed 835(62KB) AllocSpace objects, 2(120KB) LOS objects, 23% free, 52MB/68MB, paused 633us total 17.660ms
08-06 04:27:11.417 14033 14046 I art     : Starting a blocking GC Explicit
08-06 04:27:11.432 14033 15757 D OkHttp  : --> GET https://api-hillfair-2k16.herokuapp.com/api/app/events/special http/1.1
08-06 04:27:11.432 13567 13567 I ServiceManager: Waiting for service AtCmdFwd...
08-06 04:27:11.435 14033 14046 I art     : Explicit concurrent mark sweep GC freed 2144(82KB) AllocSpace objects, 0(0B) LOS objects, 23% free, 52MB/68MB, paused 485us total 18.386ms
08-06 04:27:11.443 14033 14046 I art     : Starting a blocking GC Explicit
08-06 04:27:11.462 14033 14046 I art     : Explicit concurrent mark sweep GC freed 585(104KB) AllocSpace objects, 1(80KB) LOS objects, 23% free, 52MB/68MB, paused 462us total 18.262ms
08-06 04:27:11.466 14033 15757 D OkHttp  : <-- 200 OK https://api-hillfair-2k16.herokuapp.com/api/app/events/special (33ms, 554-byte body)
08-06 04:27:11.469 14033 14046 I art     : Starting a blocking GC Explicit
08-06 04:27:11.488 14033 14046 I art     : Explicit concurrent mark sweep GC freed 220(33KB) AllocSpace objects, 0(0B) LOS objects, 23% free, 52MB/68MB, paused 468us total 18.158ms
08-06 04:27:11.515 14033 14033 I NAPPA_EXPERIMENTATION: MetricNetworkRequestExecutionTime: REQUEST_DURATION_SYSTEM='600',REQUEST_DURATION_OKHTTP='34',REQUEST_SYNCHRONOUS='FALSE',RESPONSE_CODE='200',RESPONSE_METHOD='GET',RESPONSE_LENGTH_OKHTTP='554',RESPONSE_LENGTH_HEADER='554',REQUEST_PROTOCOL='http/1.1',REQUEST_URL='https://api-hillfair-2k16.herokuapp.com/api/app/events/special',
08-06 04:27:11.764 14033 14046 I art     : Starting a blocking GC Explicit
08-06 04:27:11.790 14033 14046 I art     : Explicit concurrent mark sweep GC freed 2188(146KB) AllocSpace objects, 1(20KB) LOS objects, 23% free, 52MB/68MB, paused 474us total 25.704ms
08-06 04:27:11.803 14033 14046 I art     : Starting a blocking GC Explicit
08-06 04:27:11.828 14033 14046 I art     : Explicit concurrent mark sweep GC freed 93(3KB) AllocSpace objects, 0(0B) LOS objects, 23% free, 52MB/68MB, paused 526us total 24.631ms
08-06 04:27:11.839 14033 14046 I art     : Starting a blocking GC Explicit
08-06 04:27:11.860 14033 14046 I art     : Explicit concurrent mark sweep GC freed 3(96B) AllocSpace objects, 0(0B) LOS objects, 23% free, 52MB/68MB, paused 437us total 20.669ms
08-06 04:27:11.869 14033 14046 I art     : Starting a blocking GC Explicit
08-06 04:27:11.888 14033 14046 I art     : Explicit concurrent mark sweep GC freed 3(96B) AllocSpace objects, 0(0B) LOS objects, 23% free, 52MB/68MB, paused 443us total 19.571ms
08-06 04:27:11.897 14033 14046 I art     : Starting a blocking GC Explicit
08-06 04:27:11.917 14033 14046 I art     : Explicit concurrent mark sweep GC freed 3(96B) AllocSpace objects, 0(0B) LOS objects, 23% free, 52MB/68MB, paused 457us total 20.192ms
08-06 04:27:12.207 14033 14045 I art     : Starting a blocking GC Explicit
08-06 04:27:12.231 14033 14045 I art     : Explicit concurrent mark sweep GC freed 1340(78KB) AllocSpace objects, 1(20KB) LOS objects, 23% free, 52MB/68MB, paused 465us total 23.975ms
08-06 04:27:12.242 14033 14045 I art     : Starting a blocking GC Explicit
08-06 04:27:12.263 14033 14045 I art     : Explicit concurrent mark sweep GC freed 20(704B) AllocSpace objects, 0(0B) LOS objects, 23% free, 52MB/68MB, paused 431us total 20.357ms
08-06 04:27:12.272 14033 14045 I art     : Starting a blocking GC Explicit
08-06 04:27:12.292 14033 14045 I art     : Explicit concurrent mark sweep GC freed 3(96B) AllocSpace objects, 0(0B) LOS objects, 23% free, 52MB/68MB, paused 403us total 20.157ms
08-06 04:27:12.301 14033 14045 I art     : Starting a blocking GC Explicit
08-06 04:27:12.321 14033 14045 I art     : Explicit concurrent mark sweep GC freed 3(96B) AllocSpace objects, 0(0B) LOS objects, 23% free, 52MB/68MB, paused 417us total 20.444ms
08-06 04:27:12.330 14033 14045 I art     : Starting a blocking GC Explicit
08-06 04:27:12.351 14033 14045 I art     : Explicit concurrent mark sweep GC freed 3(96B) AllocSpace objects, 0(0B) LOS objects, 23% free, 52MB/68MB, paused 442us total 20.264ms
08-06 04:27:12.433 13567 13567 W Atfwd_Sendcmd: AtCmdFwd service not published, waiting... retryCnt : 4
08-06 04:27:12.647 14033 14124 I art     : Starting a blocking GC Explicit
08-06 04:27:12.673 14033 14124 I art     : Explicit concurrent mark sweep GC freed 1340(78KB) AllocSpace objects, 1(20KB) LOS objects, 23% free, 52MB/68MB, paused 469us total 25.731ms
08-06 04:27:12.687 14033 14124 I art     : Starting a blocking GC Explicit
08-06 04:27:12.710 14033 14124 I art     : Explicit concurrent mark sweep GC freed 20(704B) AllocSpace objects, 0(0B) LOS objects, 23% free, 52MB/68MB, paused 429us total 23.400ms
08-06 04:27:12.719 14033 14124 I art     : Starting a blocking GC Explicit
08-06 04:27:12.740 14033 14124 I art     : Explicit concurrent mark sweep GC freed 3(96B) AllocSpace objects, 0(0B) LOS objects, 23% free, 52MB/68MB, paused 440us total 20.575ms
08-06 04:27:12.749 14033 14124 I art     : Starting a blocking GC Explicit
08-06 04:27:12.769 14033 14124 I art     : Explicit concurrent mark sweep GC freed 3(96B) AllocSpace objects, 0(0B) LOS objects, 23% free, 52MB/68MB, paused 429us total 20.161ms
08-06 04:27:12.778 14033 14124 I art     : Starting a blocking GC Explicit
08-06 04:27:12.798 14033 14124 I art     : Explicit concurrent mark sweep GC freed 3(96B) AllocSpace objects, 0(0B) LOS objects, 23% free, 52MB/68MB, paused 412us total 20.084ms
08-06 04:27:13.107 14033 14123 I art     : Starting a blocking GC Explicit
08-06 04:27:13.133 14033 14123 I art     : Explicit concurrent mark sweep GC freed 1340(78KB) AllocSpace objects, 1(20KB) LOS objects, 23% free, 52MB/68MB, paused 491us total 25.747ms
08-06 04:27:13.144 14033 14123 I art     : Starting a blocking GC Explicit
08-06 04:27:13.164 14033 14123 I art     : Explicit concurrent mark sweep GC freed 20(704B) AllocSpace objects, 0(0B) LOS objects, 23% free, 52MB/68MB, paused 439us total 20.601ms
08-06 04:27:13.173 14033 14123 I art     : Starting a blocking GC Explicit
08-06 04:27:13.193 14033 14123 I art     : Explicit concurrent mark sweep GC freed 3(96B) AllocSpace objects, 0(0B) LOS objects, 23% free, 52MB/68MB, paused 453us total 19.899ms
08-06 04:27:13.202 14033 14123 I art     : Starting a blocking GC Explicit
08-06 04:27:13.222 14033 14123 I art     : Explicit concurrent mark sweep GC freed 3(96B) AllocSpace objects, 0(0B) LOS objects, 23% free, 52MB/68MB, paused 445us total 20.266ms
08-06 04:27:13.231 14033 14123 I art     : Starting a blocking GC Explicit
08-06 04:27:13.251 14033 14123 I art     : Explicit concurrent mark sweep GC freed 3(96B) AllocSpace objects, 0(0B) LOS objects, 23% free, 52MB/68MB, paused 440us total 20.203ms
08-06 04:27:13.576 14033 14046 I art     : Starting a blocking GC Explicit
08-06 04:27:13.602 14033 14046 I art     : Explicit concurrent mark sweep GC freed 1340(78KB) AllocSpace objects, 1(20KB) LOS objects, 23% free, 52MB/68MB, paused 485us total 25.606ms
08-06 04:27:13.614 14033 14046 I art     : Starting a blocking GC Explicit
08-06 04:27:13.635 14033 14046 I art     : Explicit concurrent mark sweep GC freed 20(704B) AllocSpace objects, 0(0B) LOS objects, 23% free, 52MB/68MB, paused 439us total 20.530ms
08-06 04:27:13.643 14033 14046 I art     : Starting a blocking GC Explicit
08-06 04:27:13.664 14033 14046 I art     : Explicit concurrent mark sweep GC freed 3(96B) AllocSpace objects, 0(0B) LOS objects, 23% free, 52MB/68MB, paused 446us total 20.395ms
08-06 04:27:13.673 14033 14046 I art     : Starting a blocking GC Explicit
08-06 04:27:13.694 14033 14046 I art     : Explicit concurrent mark sweep GC freed 3(96B) AllocSpace objects, 0(0B) LOS objects, 23% free, 52MB/68MB, paused 443us total 20.642ms
08-06 04:27:13.702 14033 14046 I art     : Starting a blocking GC Explicit
08-06 04:27:13.722 14033 14046 I art     : Explicit concurrent mark sweep GC freed 3(96B) AllocSpace objects, 0(0B) LOS objects, 23% free, 52MB/68MB, paused 427us total 19.877ms
08-06 04:27:14.028 14033 14045 I art     : Starting a blocking GC Explicit
08-06 04:27:14.054 14033 14045 I art     : Explicit concurrent mark sweep GC freed 1340(78KB) AllocSpace objects, 1(20KB) LOS objects, 23% free, 52MB/68MB, paused 468us total 25.575ms
08-06 04:27:14.064 14033 14045 I art     : Starting a blocking GC Explicit
08-06 04:27:14.085 14033 14045 I art     : Explicit concurrent mark sweep GC freed 20(704B) AllocSpace objects, 0(0B) LOS objects, 23% free, 52MB/68MB, paused 424us total 20.609ms
08-06 04:27:14.094 14033 14045 I art     : Starting a blocking GC Explicit
08-06 04:27:14.114 14033 14045 I art     : Explicit concurrent mark sweep GC freed 3(96B) AllocSpace objects, 0(0B) LOS objects, 23% free, 52MB/68MB, paused 422us total 19.937ms
08-06 04:27:14.123 14033 14045 I art     : Starting a blocking GC Explicit
08-06 04:27:14.144 14033 14045 I art     : Explicit concurrent mark sweep GC freed 3(96B) AllocSpace objects, 0(0B) LOS objects, 23% free, 52MB/68MB, paused 426us total 21.154ms
08-06 04:27:14.153 14033 14045 I art     : Starting a blocking GC Explicit
08-06 04:27:14.174 14033 14045 I art     : Explicit concurrent mark sweep GC freed 3(96B) AllocSpace objects, 0(0B) LOS objects, 23% free, 52MB/68MB, paused 436us total 20.498ms
08-06 04:27:14.500 14033 14124 I art     : Starting a blocking GC Explicit
08-06 04:27:14.526 14033 14124 I art     : Explicit concurrent mark sweep GC freed 1340(78KB) AllocSpace objects, 1(20KB) LOS objects, 23% free, 52MB/68MB, paused 466us total 25.416ms
08-06 04:27:14.538 14033 14124 I art     : Starting a blocking GC Explicit
08-06 04:27:14.558 14033 14124 I art     : Explicit concurrent mark sweep GC freed 20(704B) AllocSpace objects, 0(0B) LOS objects, 23% free, 52MB/68MB, paused 426us total 20.211ms
08-06 04:27:14.567 14033 14124 I art     : Starting a blocking GC Explicit
08-06 04:27:14.587 14033 14124 I art     : Explicit concurrent mark sweep GC freed 3(96B) AllocSpace objects, 0(0B) LOS objects, 23% free, 52MB/68MB, paused 499us total 20.064ms
08-06 04:27:14.595 14033 14124 I art     : Starting a blocking GC Explicit
08-06 04:27:14.616 14033 14124 I art     : Explicit concurrent mark sweep GC freed 3(96B) AllocSpace objects, 0(0B) LOS objects, 23% free, 52MB/68MB, paused 427us total 20.522ms
08-06 04:27:14.625 14033 14124 I art     : Starting a blocking GC Explicit
08-06 04:27:14.646 14033 14124 I art     : Explicit concurrent mark sweep GC freed 3(96B) AllocSpace objects, 0(0B) LOS objects, 23% free, 52MB/68MB, paused 416us total 20.458ms
08-06 04:27:14.967 14033 14123 I art     : Starting a blocking GC Explicit
08-06 04:27:14.994 14033 14123 I art     : Explicit concurrent mark sweep GC freed 1340(78KB) AllocSpace objects, 1(20KB) LOS objects, 23% free, 52MB/68MB, paused 597us total 25.846ms
08-06 04:27:15.005 14033 14123 I art     : Starting a blocking GC Explicit
08-06 04:27:15.027 14033 14123 I art     : Explicit concurrent mark sweep GC freed 20(704B) AllocSpace objects, 0(0B) LOS objects, 23% free, 52MB/68MB, paused 492us total 21.128ms
08-06 04:27:15.035 14033 14123 I art     : Starting a blocking GC Explicit
08-06 04:27:15.056 14033 14123 I art     : Explicit concurrent mark sweep GC freed 3(96B) AllocSpace objects, 0(0B) LOS objects, 23% free, 52MB/68MB, paused 444us total 20.195ms
08-06 04:27:15.064 14033 14123 I art     : Starting a blocking GC Explicit
08-06 04:27:15.084 14033 14123 I art     : Explicit concurrent mark sweep GC freed 3(96B) AllocSpace objects, 0(0B) LOS objects, 23% free, 52MB/68MB, paused 443us total 20.003ms
08-06 04:27:15.093 14033 14123 I art     : Starting a blocking GC Explicit
08-06 04:27:15.113 14033 14123 I art     : Explicit concurrent mark sweep GC freed 3(96B) AllocSpace objects, 0(0B) LOS objects, 23% free, 52MB/68MB, paused 433us total 19.751ms
08-06 04:27:15.377 14033 14046 I art     : Starting a blocking GC Explicit
08-06 04:27:15.397 14033 14046 I art     : Explicit concurrent mark sweep GC freed 1340(78KB) AllocSpace objects, 1(20KB) LOS objects, 23% free, 52MB/68MB, paused 514us total 20.527ms
08-06 04:27:15.406 14033 14046 I art     : Starting a blocking GC Explicit
08-06 04:27:15.425 14033 14046 I art     : Explicit concurrent mark sweep GC freed 20(704B) AllocSpace objects, 0(0B) LOS objects, 23% free, 52MB/68MB, paused 439us total 19.037ms
08-06 04:27:15.427   918  3261 D WifiStateMachine: starting scan for "H369AA63323"WPA_PSK with 2412,5180
08-06 04:27:15.434 14033 14046 I art     : Starting a blocking GC Explicit
08-06 04:27:15.453 14033 14046 I art     : Explicit concurrent mark sweep GC freed 3(96B) AllocSpace objects, 0(0B) LOS objects, 23% free, 52MB/68MB, paused 432us total 19.179ms
08-06 04:27:15.461 14033 14046 I art     : Starting a blocking GC Explicit
08-06 04:27:15.481 14033 14046 I art     : Explicit concurrent mark sweep GC freed 3(96B) AllocSpace objects, 0(0B) LOS objects, 23% free, 52MB/68MB, paused 455us total 19.461ms
08-06 04:27:15.489 14033 14046 I art     : Starting a blocking GC Explicit
08-06 04:27:15.508 14033 14046 I art     : Explicit concurrent mark sweep GC freed 3(96B) AllocSpace objects, 0(0B) LOS objects, 23% free, 52MB/68MB, paused 443us total 18.888ms
08-06 04:27:15.567 15852 15852 D AndroidRuntime: >>>>>> START com.android.internal.os.RuntimeInit uid 2000 <<<<<<
08-06 04:27:15.572 15852 15852 D AndroidRuntime: CheckJNI is OFF
08-06 04:27:15.609 15852 15852 D ICU     : No timezone override file found: /data/misc/zoneinfo/current/icu/icu_tzdata.dat
08-06 04:27:15.645 15852 15852 I Radio-JNI: register_android_hardware_Radio DONE
08-06 04:27:15.667 15852 15852 D AndroidRuntime: Calling main entry com.android.commands.input.Input
08-06 04:27:15.669 15852 15852 I Input   : injectMotionEvent: MotionEvent { action=ACTION_DOWN, actionButton=0, id[0]=0, x[0]=733.0, y[0]=645.0, toolType[0]=TOOL_TYPE_UNKNOWN, buttonState=0, metaState=0, flags=0x0, edgeFlags=0x0, pointerCount=1, historySize=0, eventTime=851252081, downTime=851252081, deviceId=0, source=0x1002 }
08-06 04:27:15.675 15852 15852 I Input   : injectMotionEvent: MotionEvent { action=ACTION_UP, actionButton=0, id[0]=0, x[0]=733.0, y[0]=645.0, toolType[0]=TOOL_TYPE_UNKNOWN, buttonState=0, metaState=0, flags=0x0, edgeFlags=0x0, pointerCount=1, historySize=0, eventTime=851252081, downTime=851252081, deviceId=0, source=0x1002 }
08-06 04:27:15.676   918  3714 I ActivityManager: START u0 {cmp=baseline.appteam.nith.hillffair/.activities.ClubActivity (has extras)} from uid 10697 on display 0
08-06 04:27:15.682 15852 15852 D AndroidRuntime: Shutting down VM
08-06 04:27:15.774   918   936 I ActivityManager: Displayed baseline.appteam.nith.hillffair/.activities.ClubActivity: +91ms
08-06 04:27:15.775 13866 13866 I GoogleInputMethodServic: GoogleInputMethodService.onFinishInput():3138 
08-06 04:27:15.776 13866 13866 I GoogleInputMethodServic: GoogleInputMethodService.onStartInput():1808 
08-06 04:27:15.789 14033 14123 I art     : Starting a blocking GC Explicit
08-06 04:27:15.813 14033 14123 I art     : Explicit concurrent mark sweep GC freed 5246(327KB) AllocSpace objects, 1(20KB) LOS objects, 23% free, 52MB/68MB, paused 494us total 23.500ms
08-06 04:27:15.823 14033 14123 I art     : Starting a blocking GC Explicit
08-06 04:27:15.841 14033 14123 I art     : Explicit concurrent mark sweep GC freed 276(14KB) AllocSpace objects, 0(0B) LOS objects, 23% free, 52MB/68MB, paused 433us total 17.889ms
08-06 04:27:15.849 14033 14123 I art     : Starting a blocking GC Explicit
08-06 04:27:15.868 14033 14123 I art     : Explicit concurrent mark sweep GC freed 3(96B) AllocSpace objects, 0(0B) LOS objects, 23% free, 52MB/68MB, paused 967us total 18.703ms
08-06 04:27:15.877 14033 14123 I art     : Starting a blocking GC Explicit
08-06 04:27:15.897 14033 14123 I art     : Explicit concurrent mark sweep GC freed 3(96B) AllocSpace objects, 0(0B) LOS objects, 23% free, 52MB/68MB, paused 758us total 19.721ms
08-06 04:27:15.906 14033 14123 I art     : Starting a blocking GC Explicit
08-06 04:27:15.926 14033 14123 I art     : Explicit concurrent mark sweep GC freed 3(96B) AllocSpace objects, 0(0B) LOS objects, 23% free, 52MB/68MB, paused 442us total 19.366ms
08-06 04:27:16.035   380   380 W SurfaceFlinger: couldn't log to binary event log: overflow.
08-06 04:27:16.165 14033 14123 I art     : Starting a blocking GC Explicit
08-06 04:27:16.186 14033 14123 I art     : Explicit concurrent mark sweep GC freed 1451(84KB) AllocSpace objects, 1(20KB) LOS objects, 23% free, 52MB/68MB, paused 537us total 20.544ms
08-06 04:27:16.194 14033 14123 I art     : Starting a blocking GC Explicit
08-06 04:27:16.207  8457  8646 E GoogleConversionReporter: Error sending ping
08-06 04:27:16.207  8457  8646 E GoogleConversionReporter: bljc: Exception in CronetUrlRequest: net::ERR_CONNECTION_CLOSED, ErrorCode=5, InternalErrorCode=-100, Retryable=true
08-06 04:27:16.207  8457  8646 E GoogleConversionReporter: 	at org.chromium.net.impl.CronetUrlRequest.onError(PG:55)
08-06 04:27:16.214 14033 14123 I art     : Explicit concurrent mark sweep GC freed 29(1024B) AllocSpace objects, 0(0B) LOS objects, 23% free, 52MB/68MB, paused 490us total 20.181ms
08-06 04:27:16.223 14033 14123 I art     : Starting a blocking GC Explicit
08-06 04:27:16.242 14033 14123 I art     : Explicit concurrent mark sweep GC freed 733(58KB) AllocSpace objects, 2(120KB) LOS objects, 23% free, 52MB/68MB, paused 596us total 18.963ms
08-06 04:27:16.249 14033 14123 I art     : Starting a blocking GC Explicit
08-06 04:27:16.265 14033 15882 D OkHttp  : --> GET https://api-hillfair-2k16.herokuapp.com/api/app/events/special/event?id=5806551bdcba0f490c70fd1f http/1.1
08-06 04:27:16.270 14033 14123 I art     : Explicit concurrent mark sweep GC freed 2134(84KB) AllocSpace objects, 0(0B) LOS objects, 23% free, 52MB/68MB, paused 681us total 20.073ms
08-06 04:27:16.278 14033 14123 I art     : Starting a blocking GC Explicit
08-06 04:27:16.297 14033 14123 I art     : Explicit concurrent mark sweep GC freed 689(108KB) AllocSpace objects, 1(80KB) LOS objects, 23% free, 52MB/68MB, paused 640us total 19.309ms
08-06 04:27:16.300 14033 15882 D OkHttp  : <-- 200 OK https://api-hillfair-2k16.herokuapp.com/api/app/events/special/event?id=5806551bdcba0f490c70fd1f (34ms, 795-byte body)
08-06 04:27:16.351 14033 14033 I NAPPA_EXPERIMENTATION: MetricNetworkRequestExecutionTime: REQUEST_DURATION_SYSTEM='642',REQUEST_DURATION_OKHTTP='34',REQUEST_SYNCHRONOUS='FALSE',RESPONSE_CODE='200',RESPONSE_METHOD='GET',RESPONSE_LENGTH_OKHTTP='795',RESPONSE_LENGTH_HEADER='795',REQUEST_PROTOCOL='http/1.1',REQUEST_URL='https://api-hillfair-2k16.herokuapp.com/api/app/events/special/event?id=5806551bdcba0f490c70fd1f',
08-06 04:27:16.581 14033 14045 I art     : Starting a blocking GC Explicit
08-06 04:27:16.603 14033 14045 I art     : Explicit concurrent mark sweep GC freed 2151(176KB) AllocSpace objects, 1(20KB) LOS objects, 23% free, 52MB/68MB, paused 424us total 22.142ms
08-06 04:27:16.613 14033 14045 I art     : Starting a blocking GC Explicit
08-06 04:27:16.634 14033 14045 I art     : Explicit concurrent mark sweep GC freed 97(3KB) AllocSpace objects, 0(0B) LOS objects, 23% free, 52MB/68MB, paused 443us total 20.753ms
08-06 04:27:16.642 14033 14045 I art     : Starting a blocking GC Explicit
08-06 04:27:16.662 14033 14045 I art     : Explicit concurrent mark sweep GC freed 3(96B) AllocSpace objects, 0(0B) LOS objects, 23% free, 52MB/68MB, paused 445us total 19.860ms
08-06 04:27:16.671 14033 14045 I art     : Starting a blocking GC Explicit
08-06 04:27:16.690 14033 14045 I art     : Explicit concurrent mark sweep GC freed 3(96B) AllocSpace objects, 0(0B) LOS objects, 23% free, 52MB/68MB, paused 434us total 19.564ms
08-06 04:27:16.699 14033 14045 I art     : Starting a blocking GC Explicit
08-06 04:27:16.719 14033 14045 I art     : Explicit concurrent mark sweep GC freed 3(96B) AllocSpace objects, 0(0B) LOS objects, 23% free, 52MB/68MB, paused 473us total 20.275ms
08-06 04:27:17.000 14033 14046 I art     : Starting a blocking GC Explicit
08-06 04:27:17.030 14033 14046 I art     : Explicit concurrent mark sweep GC freed 1357(78KB) AllocSpace objects, 1(20KB) LOS objects, 23% free, 52MB/68MB, paused 494us total 30.351ms
08-06 04:27:17.042 14033 14046 I art     : Starting a blocking GC Explicit
08-06 04:27:17.068 14033 14046 I art     : Explicit concurrent mark sweep GC freed 20(704B) AllocSpace objects, 0(0B) LOS objects, 23% free, 52MB/68MB, paused 495us total 25.037ms
08-06 04:27:17.077 14033 14046 I art     : Starting a blocking GC Explicit
08-06 04:27:17.098 14033 14046 I art     : Explicit concurrent mark sweep GC freed 3(96B) AllocSpace objects, 0(0B) LOS objects, 23% free, 52MB/68MB, paused 471us total 21.537ms
08-06 04:27:17.107 14033 14046 I art     : Starting a blocking GC Explicit
08-06 04:27:17.128 14033 14046 I art     : Explicit concurrent mark sweep GC freed 3(96B) AllocSpace objects, 0(0B) LOS objects, 23% free, 52MB/68MB, paused 464us total 21.074ms
08-06 04:27:17.137 14033 14046 I art     : Starting a blocking GC Explicit
08-06 04:27:17.159 14033 14046 I art     : Explicit concurrent mark sweep GC freed 3(96B) AllocSpace objects, 0(0B) LOS objects, 23% free, 52MB/68MB, paused 423us total 21.149ms
08-06 04:27:17.458 14033 14123 I art     : Starting a blocking GC Explicit
08-06 04:27:17.489 14033 14123 I art     : Explicit concurrent mark sweep GC freed 1341(78KB) AllocSpace objects, 1(20KB) LOS objects, 23% free, 52MB/68MB, paused 510us total 30.706ms
08-06 04:27:17.502 14033 14123 I art     : Starting a blocking GC Explicit
08-06 04:27:17.524 14033 14123 I art     : Explicit concurrent mark sweep GC freed 20(704B) AllocSpace objects, 0(0B) LOS objects, 23% free, 52MB/68MB, paused 464us total 21.849ms
08-06 04:27:17.532 14033 14123 I art     : Starting a blocking GC Explicit
08-06 04:27:17.554 14033 14123 I art     : Explicit concurrent mark sweep GC freed 3(96B) AllocSpace objects, 0(0B) LOS objects, 23% free, 52MB/68MB, paused 436us total 21.187ms
08-06 04:27:17.563 14033 14123 I art     : Starting a blocking GC Explicit
08-06 04:27:17.585 14033 14123 I art     : Explicit concurrent mark sweep GC freed 3(96B) AllocSpace objects, 0(0B) LOS objects, 23% free, 52MB/68MB, paused 451us total 21.616ms
08-06 04:27:17.594 14033 14123 I art     : Starting a blocking GC Explicit
08-06 04:27:17.616 14033 14123 I art     : Explicit concurrent mark sweep GC freed 3(96B) AllocSpace objects, 0(0B) LOS objects, 23% free, 52MB/68MB, paused 459us total 21.681ms
08-06 04:27:17.918 14033 14045 I art     : Starting a blocking GC Explicit
08-06 04:27:17.945 14033 14045 I art     : Explicit concurrent mark sweep GC freed 1341(78KB) AllocSpace objects, 1(20KB) LOS objects, 23% free, 52MB/68MB, paused 476us total 26.777ms
08-06 04:27:17.957 14033 14045 I art     : Starting a blocking GC Explicit
08-06 04:27:17.983 14033 14045 I art     : Explicit concurrent mark sweep GC freed 20(704B) AllocSpace objects, 0(0B) LOS objects, 23% free, 52MB/68MB, paused 517us total 25.941ms
08-06 04:27:17.994 14033 14045 I art     : Starting a blocking GC Explicit
08-06 04:27:18.016 14033 14045 I art     : Explicit concurrent mark sweep GC freed 3(96B) AllocSpace objects, 0(0B) LOS objects, 23% free, 52MB/68MB, paused 498us total 21.293ms
08-06 04:27:18.025 14033 14045 I art     : Starting a blocking GC Explicit
08-06 04:27:18.046 14033 14045 I art     : Explicit concurrent mark sweep GC freed 3(96B) AllocSpace objects, 0(0B) LOS objects, 23% free, 52MB/68MB, paused 446us total 21.121ms
08-06 04:27:18.055 14033 14045 I art     : Starting a blocking GC Explicit
08-06 04:27:18.076 14033 14045 I art     : Explicit concurrent mark sweep GC freed 3(96B) AllocSpace objects, 0(0B) LOS objects, 23% free, 52MB/68MB, paused 444us total 20.735ms
08-06 04:27:18.417 14033 14124 I art     : Starting a blocking GC Explicit
08-06 04:27:18.448 14033 14124 I art     : Explicit concurrent mark sweep GC freed 1341(78KB) AllocSpace objects, 1(20KB) LOS objects, 23% free, 52MB/68MB, paused 513us total 30.514ms
08-06 04:27:18.461 14033 14124 I art     : Starting a blocking GC Explicit
08-06 04:27:18.483 14033 14124 I art     : Explicit concurrent mark sweep GC freed 20(704B) AllocSpace objects, 0(0B) LOS objects, 23% free, 52MB/68MB, paused 462us total 21.486ms
08-06 04:27:18.491 14033 14124 I art     : Starting a blocking GC Explicit
08-06 04:27:18.513 14033 14124 I art     : Explicit concurrent mark sweep GC freed 3(96B) AllocSpace objects, 0(0B) LOS objects, 23% free, 52MB/68MB, paused 455us total 20.947ms
08-06 04:27:18.521 14033 14124 I art     : Starting a blocking GC Explicit
08-06 04:27:18.543 14033 14124 I art     : Explicit concurrent mark sweep GC freed 3(96B) AllocSpace objects, 0(0B) LOS objects, 23% free, 52MB/68MB, paused 446us total 21.020ms
08-06 04:27:18.551 14033 14124 I art     : Starting a blocking GC Explicit
08-06 04:27:18.573 14033 14124 I art     : Explicit concurrent mark sweep GC freed 3(96B) AllocSpace objects, 0(0B) LOS objects, 23% free, 52MB/68MB, paused 447us total 21.164ms
08-06 04:27:18.888 14033 14046 I art     : Starting a blocking GC Explicit
08-06 04:27:18.915 14033 14046 I art     : Explicit concurrent mark sweep GC freed 1341(78KB) AllocSpace objects, 1(20KB) LOS objects, 23% free, 52MB/68MB, paused 499us total 26.838ms
08-06 04:27:18.927 14033 14046 I art     : Starting a blocking GC Explicit
08-06 04:27:18.951 14033 14046 I art     : Explicit concurrent mark sweep GC freed 20(704B) AllocSpace objects, 0(0B) LOS objects, 23% free, 52MB/68MB, paused 461us total 23.381ms
08-06 04:27:18.960 14033 14046 I art     : Starting a blocking GC Explicit
08-06 04:27:18.982 14033 14046 I art     : Explicit concurrent mark sweep GC freed 3(96B) AllocSpace objects, 0(0B) LOS objects, 23% free, 52MB/68MB, paused 472us total 21.804ms
08-06 04:27:18.991 14033 14046 I art     : Starting a blocking GC Explicit
08-06 04:27:19.012 14033 14046 I art     : Explicit concurrent mark sweep GC freed 3(96B) AllocSpace objects, 0(0B) LOS objects, 23% free, 52MB/68MB, paused 467us total 21.213ms
08-06 04:27:19.021 14033 14046 I art     : Starting a blocking GC Explicit
08-06 04:27:19.042 14033 14046 I art     : Explicit concurrent mark sweep GC freed 3(96B) AllocSpace objects, 0(0B) LOS objects, 23% free, 52MB/68MB, paused 455us total 21.172ms
08-06 04:27:19.357 14033 14123 I art     : Starting a blocking GC Explicit
08-06 04:27:19.387 14033 14123 I art     : Explicit concurrent mark sweep GC freed 1341(78KB) AllocSpace objects, 1(20KB) LOS objects, 23% free, 52MB/68MB, paused 612us total 30.252ms
08-06 04:27:19.399 14033 14123 I art     : Starting a blocking GC Explicit
08-06 04:27:19.423 14033 14123 I art     : Explicit concurrent mark sweep GC freed 20(704B) AllocSpace objects, 0(0B) LOS objects, 23% free, 52MB/68MB, paused 510us total 23.369ms
08-06 04:27:19.432 14033 14123 I art     : Starting a blocking GC Explicit
08-06 04:27:19.454 14033 14123 I art     : Explicit concurrent mark sweep GC freed 3(96B) AllocSpace objects, 0(0B) LOS objects, 23% free, 52MB/68MB, paused 459us total 21.757ms
08-06 04:27:19.463 14033 14123 I art     : Starting a blocking GC Explicit
08-06 04:27:19.484 14033 14123 I art     : Explicit concurrent mark sweep GC freed 3(96B) AllocSpace objects, 0(0B) LOS objects, 23% free, 52MB/68MB, paused 453us total 21.179ms
08-06 04:27:19.493 14033 14123 I art     : Starting a blocking GC Explicit
08-06 04:27:19.514 14033 14123 I art     : Explicit concurrent mark sweep GC freed 3(96B) AllocSpace objects, 0(0B) LOS objects, 23% free, 52MB/68MB, paused 481us total 21.271ms
08-06 04:27:19.843 14033 14045 I art     : Starting a blocking GC Explicit
08-06 04:27:19.873 14033 14045 I art     : Explicit concurrent mark sweep GC freed 1341(78KB) AllocSpace objects, 1(20KB) LOS objects, 23% free, 52MB/68MB, paused 470us total 29.394ms
08-06 04:27:19.888 14033 14045 I art     : Starting a blocking GC Explicit
08-06 04:27:19.910 14033 14045 I art     : Explicit concurrent mark sweep GC freed 20(704B) AllocSpace objects, 0(0B) LOS objects, 23% free, 52MB/68MB, paused 422us total 22.431ms
08-06 04:27:19.919 14033 14045 I art     : Starting a blocking GC Explicit
08-06 04:27:19.940 14033 14045 I art     : Explicit concurrent mark sweep GC freed 3(96B) AllocSpace objects, 0(0B) LOS objects, 23% free, 52MB/68MB, paused 423us total 20.373ms
08-06 04:27:19.948 14033 14045 I art     : Starting a blocking GC Explicit
08-06 04:27:19.968 14033 14045 I art     : Explicit concurrent mark sweep GC freed 3(96B) AllocSpace objects, 0(0B) LOS objects, 23% free, 52MB/68MB, paused 413us total 19.766ms
08-06 04:27:19.977 14033 14045 I art     : Starting a blocking GC Explicit
08-06 04:27:19.997 14033 14045 I art     : Explicit concurrent mark sweep GC freed 3(96B) AllocSpace objects, 0(0B) LOS objects, 23% free, 52MB/68MB, paused 459us total 19.729ms
08-06 04:27:20.298 14033 14124 I art     : Starting a blocking GC Explicit
08-06 04:27:20.323 14033 14124 I art     : Explicit concurrent mark sweep GC freed 1341(78KB) AllocSpace objects, 1(20KB) LOS objects, 23% free, 52MB/68MB, paused 507us total 24.984ms
08-06 04:27:20.335 14033 14124 I art     : Starting a blocking GC Explicit
08-06 04:27:20.355 14033 14124 I art     : Explicit concurrent mark sweep GC freed 20(704B) AllocSpace objects, 0(0B) LOS objects, 23% free, 52MB/68MB, paused 484us total 20.096ms
08-06 04:27:20.363 14033 14124 I art     : Starting a blocking GC Explicit
08-06 04:27:20.373 15983 15983 D AndroidRuntime: >>>>>> START com.android.internal.os.RuntimeInit uid 2000 <<<<<<
08-06 04:27:20.378 15983 15983 D AndroidRuntime: CheckJNI is OFF
08-06 04:27:20.384 14033 14124 I art     : Explicit concurrent mark sweep GC freed 3(96B) AllocSpace objects, 0(0B) LOS objects, 23% free, 52MB/68MB, paused 478us total 20.461ms
08-06 04:27:20.393 14033 14124 I art     : Starting a blocking GC Explicit
08-06 04:27:20.412 15983 15983 D ICU     : No timezone override file found: /data/misc/zoneinfo/current/icu/icu_tzdata.dat
08-06 04:27:20.412 14033 14124 I art     : Explicit concurrent mark sweep GC freed 3(96B) AllocSpace objects, 0(0B) LOS objects, 23% free, 52MB/68MB, paused 490us total 19.732ms
08-06 04:27:20.413 14033 14044 I art     : WaitForGcToComplete blocked for 15.133ms for cause HeapTrim
08-06 04:27:20.421 14033 14124 I art     : Starting a blocking GC Explicit
08-06 04:27:20.442 14033 14124 I art     : Explicit concurrent mark sweep GC freed 3(96B) AllocSpace objects, 0(0B) LOS objects, 23% free, 52MB/68MB, paused 467us total 19.943ms
08-06 04:27:20.446 15983 15983 I Radio-JNI: register_android_hardware_Radio DONE
08-06 04:27:20.469 15983 15983 D AndroidRuntime: Calling main entry com.android.commands.input.Input
08-06 04:27:20.470 15983 15983 I Input   : injectKeyEvent: KeyEvent { action=ACTION_DOWN, keyCode=KEYCODE_BACK, scanCode=0, metaState=0, flags=0x0, repeatCount=0, eventTime=851256883, downTime=851256883, deviceId=-1, source=0x101 }
08-06 04:27:20.476 15983 15983 I Input   : injectKeyEvent: KeyEvent { action=ACTION_UP, keyCode=KEYCODE_BACK, scanCode=0, metaState=0, flags=0x0, repeatCount=0, eventTime=851256883, downTime=851256883, deviceId=-1, source=0x101 }
08-06 04:27:20.483 15983 15983 D AndroidRuntime: Shutting down VM
08-06 04:27:20.519 13866 13866 I GoogleInputMethodServic: GoogleInputMethodService.onFinishInput():3138 
08-06 04:27:20.519 13866 13866 I GoogleInputMethodServic: GoogleInputMethodService.onStartInput():1808 
08-06 04:27:20.683 14033 14046 I art     : Starting a blocking GC Explicit
08-06 04:27:20.704 14033 14046 I art     : Explicit concurrent mark sweep GC freed 1511(85KB) AllocSpace objects, 1(20KB) LOS objects, 23% free, 52MB/68MB, paused 473us total 20.825ms
08-06 04:27:20.713 14033 14046 I art     : Starting a blocking GC Explicit
08-06 04:27:20.732 14033 14046 I art     : Explicit concurrent mark sweep GC freed 26(944B) AllocSpace objects, 0(0B) LOS objects, 23% free, 52MB/68MB, paused 396us total 19.554ms
08-06 04:27:20.741 14033 14046 I art     : Starting a blocking GC Explicit
08-06 04:27:20.760 14033 14046 I art     : Explicit concurrent mark sweep GC freed 3(96B) AllocSpace objects, 0(0B) LOS objects, 23% free, 52MB/68MB, paused 434us total 19.515ms
08-06 04:27:20.769 14033 14046 I art     : Starting a blocking GC Explicit
08-06 04:27:20.789 14033 14046 I art     : Explicit concurrent mark sweep GC freed 3(96B) AllocSpace objects, 0(0B) LOS objects, 23% free, 52MB/68MB, paused 414us total 19.428ms
08-06 04:27:20.797 14033 14046 I art     : Starting a blocking GC Explicit
08-06 04:27:20.806   380   380 W SurfaceFlinger: couldn't log to binary event log: overflow.
08-06 04:27:20.819 14033 14046 I art     : Explicit concurrent mark sweep GC freed 110(8KB) AllocSpace objects, 0(0B) LOS objects, 23% free, 52MB/68MB, paused 541us total 22.576ms
08-06 04:27:21.080 14033 14123 I art     : Starting a blocking GC Explicit
08-06 04:27:21.103 14033 14123 I art     : Explicit concurrent mark sweep GC freed 1343(78KB) AllocSpace objects, 1(20KB) LOS objects, 23% free, 52MB/68MB, paused 439us total 22.059ms
08-06 04:27:21.111 14033 14123 I art     : Starting a blocking GC Explicit
08-06 04:27:21.133 14033 14123 I art     : Explicit concurrent mark sweep GC freed 1672(107KB) AllocSpace objects, 3(400KB) LOS objects, 23% free, 52MB/68MB, paused 450us total 21.085ms
08-06 04:27:21.141 14033 14123 I art     : Starting a blocking GC Explicit
08-06 04:27:21.161 14033 14123 I art     : Explicit concurrent mark sweep GC freed 3(96B) AllocSpace objects, 0(0B) LOS objects, 23% free, 52MB/68MB, paused 456us total 20.099ms
08-06 04:27:21.170 14033 14123 I art     : Starting a blocking GC Explicit
08-06 04:27:21.191 14033 14123 I art     : Explicit concurrent mark sweep GC freed 3(96B) AllocSpace objects, 0(0B) LOS objects, 23% free, 52MB/68MB, paused 430us total 20.375ms
08-06 04:27:21.199 14033 14123 I art     : Starting a blocking GC Explicit
08-06 04:27:21.219 14033 14123 I art     : Explicit concurrent mark sweep GC freed 3(96B) AllocSpace objects, 0(0B) LOS objects, 23% free, 52MB/68MB, paused 508us total 19.790ms
08-06 04:27:21.515 14033 14045 I art     : Starting a blocking GC Explicit
08-06 04:27:21.542 14033 14045 I art     : Explicit concurrent mark sweep GC freed 1341(78KB) AllocSpace objects, 1(20KB) LOS objects, 23% free, 52MB/68MB, paused 478us total 25.818ms
08-06 04:27:21.553 14033 14045 I art     : Starting a blocking GC Explicit
08-06 04:27:21.578 14033 14045 I art     : Explicit concurrent mark sweep GC freed 20(704B) AllocSpace objects, 0(0B) LOS objects, 23% free, 52MB/68MB, paused 452us total 24.345ms
08-06 04:27:21.587 14033 14045 I art     : Starting a blocking GC Explicit
08-06 04:27:21.608 14033 14045 I art     : Explicit concurrent mark sweep GC freed 3(96B) AllocSpace objects, 0(0B) LOS objects, 23% free, 52MB/68MB, paused 472us total 20.883ms
08-06 04:27:21.617 14033 14045 I art     : Starting a blocking GC Explicit
08-06 04:27:21.638 14033 14045 I art     : Explicit concurrent mark sweep GC freed 3(96B) AllocSpace objects, 0(0B) LOS objects, 23% free, 52MB/68MB, paused 457us total 20.378ms
08-06 04:27:21.646 14033 14045 I art     : Starting a blocking GC Explicit
08-06 04:27:21.667 14033 14045 I art     : Explicit concurrent mark sweep GC freed 3(96B) AllocSpace objects, 0(0B) LOS objects, 23% free, 52MB/68MB, paused 514us total 20.354ms
08-06 04:27:21.942 14033 14124 I art     : Starting a blocking GC Explicit
08-06 04:27:21.963 14033 14124 I art     : Explicit concurrent mark sweep GC freed 1340(78KB) AllocSpace objects, 1(20KB) LOS objects, 23% free, 52MB/68MB, paused 462us total 20.778ms
08-06 04:27:21.972 14033 14124 I art     : Starting a blocking GC Explicit
08-06 04:27:21.993 14033 14124 I art     : Explicit concurrent mark sweep GC freed 20(704B) AllocSpace objects, 0(0B) LOS objects, 23% free, 52MB/68MB, paused 456us total 20.305ms
08-06 04:27:22.001 14033 14124 I art     : Starting a blocking GC Explicit
08-06 04:27:22.022 14033 14124 I art     : Explicit concurrent mark sweep GC freed 3(96B) AllocSpace objects, 0(0B) LOS objects, 23% free, 52MB/68MB, paused 505us total 20.545ms
08-06 04:27:22.031 14033 14124 I art     : Starting a blocking GC Explicit
08-06 04:27:22.051 14033 14124 I art     : Explicit concurrent mark sweep GC freed 3(96B) AllocSpace objects, 0(0B) LOS objects, 23% free, 52MB/68MB, paused 455us total 19.735ms
08-06 04:27:22.059 14033 14124 I art     : Starting a blocking GC Explicit
08-06 04:27:22.079 14033 14124 I art     : Explicit concurrent mark sweep GC freed 3(96B) AllocSpace objects, 0(0B) LOS objects, 23% free, 52MB/68MB, paused 455us total 19.904ms
08-06 04:27:22.147 16037 16037 D AndroidRuntime: >>>>>> START com.android.internal.os.RuntimeInit uid 2000 <<<<<<
08-06 04:27:22.152 16037 16037 D AndroidRuntime: CheckJNI is OFF
08-06 04:27:22.190 16037 16037 D ICU     : No timezone override file found: /data/misc/zoneinfo/current/icu/icu_tzdata.dat
08-06 04:27:22.229 16037 16037 I Radio-JNI: register_android_hardware_Radio DONE
08-06 04:27:22.253 16037 16037 D AndroidRuntime: Calling main entry com.android.commands.input.Input
08-06 04:27:22.255 16037 16037 I Input   : injectKeyEvent: KeyEvent { action=ACTION_DOWN, keyCode=KEYCODE_BACK, scanCode=0, metaState=0, flags=0x0, repeatCount=0, eventTime=851258668, downTime=851258668, deviceId=-1, source=0x101 }
08-06 04:27:22.264 16037 16037 I Input   : injectKeyEvent: KeyEvent { action=ACTION_UP, keyCode=KEYCODE_BACK, scanCode=0, metaState=0, flags=0x0, repeatCount=0, eventTime=851258668, downTime=851258668, deviceId=-1, source=0x101 }
08-06 04:27:22.270 16037 16037 D AndroidRuntime: Shutting down VM
08-06 04:27:22.301   918  3188 I hubconnection: sensorhub said: 'set_bias 3: -6.2400, 0.0000, 0.0000'
08-06 04:27:22.317 13866 13866 I GoogleInputMethodServic: GoogleInputMethodService.onFinishInput():3138 
08-06 04:27:22.318 13866 13866 I GoogleInputMethodServic: GoogleInputMethodService.onStartInput():1808 
08-06 04:27:22.355 14033 14046 I art     : Starting a blocking GC Explicit
08-06 04:27:22.373 14033 14046 I art     : Explicit concurrent mark sweep GC freed 1550(87KB) AllocSpace objects, 1(20KB) LOS objects, 23% free, 52MB/68MB, paused 448us total 17.990ms
08-06 04:27:22.381 14033 14046 I art     : Starting a blocking GC Explicit
08-06 04:27:22.399 14033 14046 I art     : Explicit concurrent mark sweep GC freed 24(864B) AllocSpace objects, 0(0B) LOS objects, 23% free, 52MB/68MB, paused 418us total 17.911ms
08-06 04:27:22.407 14033 14046 I art     : Starting a blocking GC Explicit
08-06 04:27:22.428 14033 14046 I art     : Explicit concurrent mark sweep GC freed 3(96B) AllocSpace objects, 0(0B) LOS objects, 23% free, 52MB/68MB, paused 507us total 20.509ms
08-06 04:27:22.438 14033 14046 I art     : Starting a blocking GC Explicit
08-06 04:27:22.459 14033 14046 I art     : Explicit concurrent mark sweep GC freed 3(96B) AllocSpace objects, 0(0B) LOS objects, 23% free, 52MB/68MB, paused 412us total 21.047ms
08-06 04:27:22.471 14033 14046 I art     : Starting a blocking GC Explicit
08-06 04:27:22.496 14033 14046 I art     : Explicit concurrent mark sweep GC freed 3(96B) AllocSpace objects, 0(0B) LOS objects, 23% free, 52MB/68MB, paused 697us total 24.143ms
08-06 04:27:22.765 14033 14124 I art     : Starting a blocking GC Explicit
08-06 04:27:22.791 14033 14124 I art     : Explicit concurrent mark sweep GC freed 1980(109KB) AllocSpace objects, 1(20KB) LOS objects, 23% free, 52MB/68MB, paused 489us total 26.474ms
08-06 04:27:22.802 14033 14124 I art     : Starting a blocking GC Explicit
08-06 04:27:22.822 14033 14124 I art     : Explicit concurrent mark sweep GC freed 2106(128KB) AllocSpace objects, 2(140KB) LOS objects, 23% free, 51MB/67MB, paused 447us total 20.646ms
08-06 04:27:22.831 14033 14124 I art     : Starting a blocking GC Explicit
08-06 04:27:22.851 14033 14124 I art     : Explicit concurrent mark sweep GC freed 3(96B) AllocSpace objects, 0(0B) LOS objects, 23% free, 51MB/67MB, paused 451us total 20.095ms
08-06 04:27:22.860 14033 14124 I art     : Starting a blocking GC Explicit
08-06 04:27:22.880 14033 14124 I art     : Explicit concurrent mark sweep GC freed 3(96B) AllocSpace objects, 0(0B) LOS objects, 23% free, 51MB/67MB, paused 452us total 19.700ms
08-06 04:27:22.888 14033 14124 I art     : Starting a blocking GC Explicit
08-06 04:27:22.908 14033 14124 I art     : Explicit concurrent mark sweep GC freed 3(96B) AllocSpace objects, 0(0B) LOS objects, 23% free, 51MB/67MB, paused 439us total 19.599ms
08-06 04:27:23.188 14033 14045 I art     : Starting a blocking GC Explicit
08-06 04:27:23.209 14033 14045 I art     : Explicit concurrent mark sweep GC freed 1340(78KB) AllocSpace objects, 1(20KB) LOS objects, 23% free, 51MB/67MB, paused 468us total 21.186ms
08-06 04:27:23.221 14033 14045 I art     : Starting a blocking GC Explicit
08-06 04:27:23.245 14033 14045 I art     : Explicit concurrent mark sweep GC freed 20(704B) AllocSpace objects, 0(0B) LOS objects, 23% free, 51MB/67MB, paused 432us total 23.632ms
08-06 04:27:23.254 14033 14045 I art     : Starting a blocking GC Explicit
08-06 04:27:23.274 14033 14045 I art     : Explicit concurrent mark sweep GC freed 3(96B) AllocSpace objects, 0(0B) LOS objects, 23% free, 51MB/67MB, paused 480us total 20.133ms
08-06 04:27:23.284 14033 14045 I art     : Starting a blocking GC Explicit
08-06 04:27:23.304 14033 14045 I art     : Explicit concurrent mark sweep GC freed 3(96B) AllocSpace objects, 0(0B) LOS objects, 23% free, 51MB/67MB, paused 446us total 19.908ms
08-06 04:27:23.312 14033 14045 I art     : Starting a blocking GC Explicit
08-06 04:27:23.332 14033 14045 I art     : Explicit concurrent mark sweep GC freed 3(96B) AllocSpace objects, 0(0B) LOS objects, 23% free, 51MB/67MB, paused 443us total 19.273ms
08-06 04:27:23.605 14033 14123 I art     : Starting a blocking GC Explicit
08-06 04:27:23.625 14033 14123 I art     : Explicit concurrent mark sweep GC freed 1338(78KB) AllocSpace objects, 1(20KB) LOS objects, 23% free, 51MB/67MB, paused 466us total 19.866ms
08-06 04:27:23.633 14033 14123 I art     : Starting a blocking GC Explicit
08-06 04:27:23.652 14033 14123 I art     : Explicit concurrent mark sweep GC freed 20(704B) AllocSpace objects, 0(0B) LOS objects, 23% free, 51MB/67MB, paused 455us total 18.806ms
08-06 04:27:23.661 14033 14123 I art     : Starting a blocking GC Explicit
08-06 04:27:23.680 14033 14123 I art     : Explicit concurrent mark sweep GC freed 3(96B) AllocSpace objects, 0(0B) LOS objects, 23% free, 51MB/67MB, paused 465us total 19.337ms
08-06 04:27:23.689 14033 14123 I art     : Starting a blocking GC Explicit
08-06 04:27:23.708 14033 14123 I art     : Explicit concurrent mark sweep GC freed 3(96B) AllocSpace objects, 0(0B) LOS objects, 23% free, 51MB/67MB, paused 454us total 18.860ms
08-06 04:27:23.716 14033 14123 I art     : Starting a blocking GC Explicit
08-06 04:27:23.735 14033 14123 I art     : Explicit concurrent mark sweep GC freed 3(96B) AllocSpace objects, 0(0B) LOS objects, 23% free, 51MB/67MB, paused 465us total 18.887ms
08-06 04:27:23.934 16096 16096 D AndroidRuntime: >>>>>> START com.android.internal.os.RuntimeInit uid 2000 <<<<<<
08-06 04:27:23.940 16096 16096 D AndroidRuntime: CheckJNI is OFF
08-06 04:27:23.972 16096 16096 D ICU     : No timezone override file found: /data/misc/zoneinfo/current/icu/icu_tzdata.dat
08-06 04:27:24.005 16096 16096 I Radio-JNI: register_android_hardware_Radio DONE
08-06 04:27:24.027 14033 14046 I art     : Starting a blocking GC Explicit
08-06 04:27:24.027 16096 16096 D AndroidRuntime: Calling main entry com.android.commands.input.Input
08-06 04:27:24.029 16096 16096 I Input   : injectMotionEvent: MotionEvent { action=ACTION_DOWN, actionButton=0, id[0]=0, x[0]=1053.0, y[0]=1173.0, toolType[0]=TOOL_TYPE_UNKNOWN, buttonState=0, metaState=0, flags=0x0, edgeFlags=0x0, pointerCount=1, historySize=0, eventTime=851260442, downTime=851260442, deviceId=0, source=0x1002 }
08-06 04:27:24.033 16096 16096 I Input   : injectMotionEvent: MotionEvent { action=ACTION_UP, actionButton=0, id[0]=0, x[0]=1053.0, y[0]=1173.0, toolType[0]=TOOL_TYPE_UNKNOWN, buttonState=0, metaState=0, flags=0x0, edgeFlags=0x0, pointerCount=1, historySize=0, eventTime=851260442, downTime=851260442, deviceId=0, source=0x1002 }
08-06 04:27:24.035   918  4400 I ActivityManager: START u0 {cmp=baseline.appteam.nith.hillffair/.activities.QuizActivity} from uid 10697 on display 0
08-06 04:27:24.043 16096 16096 D AndroidRuntime: Shutting down VM
08-06 04:27:24.047 14033 14046 I art     : Explicit concurrent mark sweep GC freed 1358(82KB) AllocSpace objects, 1(20KB) LOS objects, 23% free, 51MB/67MB, paused 677us total 20.196ms
08-06 04:27:24.056 14033 14046 I art     : Starting a blocking GC Explicit
08-06 04:27:24.078 14033 14046 I art     : Explicit concurrent mark sweep GC freed 651(53KB) AllocSpace objects, 0(0B) LOS objects, 23% free, 52MB/68MB, paused 1.150ms total 21.564ms
08-06 04:27:24.089 14033 14046 I art     : Starting a blocking GC Explicit
08-06 04:27:24.107 14033 14046 I art     : Explicit concurrent mark sweep GC freed 188(8KB) AllocSpace objects, 0(0B) LOS objects, 23% free, 52MB/68MB, paused 479us total 17.504ms
08-06 04:27:24.114 14033 14046 I art     : Starting a blocking GC Explicit
08-06 04:27:24.135 14033 14046 I art     : Explicit concurrent mark sweep GC freed 112(3KB) AllocSpace objects, 0(0B) LOS objects, 23% free, 52MB/68MB, paused 416us total 20.827ms
08-06 04:27:24.143 14033 14046 I art     : Starting a blocking GC Explicit
08-06 04:27:24.162 14033 14046 I art     : Explicit concurrent mark sweep GC freed 17(624B) AllocSpace objects, 0(0B) LOS objects, 23% free, 52MB/68MB, paused 473us total 18.732ms
08-06 04:27:24.165 13866 13866 I GoogleInputMethodServic: GoogleInputMethodService.onFinishInput():3138 
08-06 04:27:24.166   918   936 I ActivityManager: Displayed baseline.appteam.nith.hillffair/.activities.QuizActivity: +123ms
08-06 04:27:24.166 13866 13866 I GoogleInputMethodServic: GoogleInputMethodService.onStartInput():1808 
08-06 04:27:24.393   380   380 W SurfaceFlinger: couldn't log to binary event log: overflow.
08-06 04:27:24.419 14033 14123 I art     : Starting a blocking GC Explicit
08-06 04:27:24.436 14033 14123 I art     : Explicit concurrent mark sweep GC freed 1381(80KB) AllocSpace objects, 1(20KB) LOS objects, 23% free, 52MB/68MB, paused 404us total 17.237ms
08-06 04:27:24.444 14033 14123 I art     : Starting a blocking GC Explicit
08-06 04:27:24.461 14033 14123 I art     : Explicit concurrent mark sweep GC freed 24(848B) AllocSpace objects, 0(0B) LOS objects, 23% free, 52MB/68MB, paused 397us total 16.958ms
08-06 04:27:24.469 14033 14123 I art     : Starting a blocking GC Explicit
08-06 04:27:24.486 14033 14123 I art     : Explicit concurrent mark sweep GC freed 3(96B) AllocSpace objects, 0(0B) LOS objects, 23% free, 52MB/68MB, paused 401us total 16.744ms
08-06 04:27:24.493 14033 14123 I art     : Starting a blocking GC Explicit
08-06 04:27:24.510 14033 14123 I art     : Explicit concurrent mark sweep GC freed 3(96B) AllocSpace objects, 0(0B) LOS objects, 23% free, 52MB/68MB, paused 461us total 17.095ms
08-06 04:27:24.518 14033 14123 I art     : Starting a blocking GC Explicit
08-06 04:27:24.535 14033 14123 I art     : Explicit concurrent mark sweep GC freed 73(4KB) AllocSpace objects, 0(0B) LOS objects, 23% free, 52MB/68MB, paused 399us total 16.841ms
08-06 04:27:24.797 14033 14124 I art     : Starting a blocking GC Explicit
08-06 04:27:24.816 14033 14124 I art     : Explicit concurrent mark sweep GC freed 1340(78KB) AllocSpace objects, 1(20KB) LOS objects, 23% free, 52MB/68MB, paused 423us total 19.135ms
08-06 04:27:24.824 14033 14124 I art     : Starting a blocking GC Explicit
08-06 04:27:24.843 14033 14124 I art     : Explicit concurrent mark sweep GC freed 24(832B) AllocSpace objects, 0(0B) LOS objects, 23% free, 52MB/68MB, paused 498us total 18.785ms
08-06 04:27:24.851 14033 14124 I art     : Starting a blocking GC Explicit
08-06 04:27:24.870 14033 14124 I art     : Explicit concurrent mark sweep GC freed 12(576B) AllocSpace objects, 0(0B) LOS objects, 23% free, 52MB/68MB, paused 403us total 18.751ms
08-06 04:27:24.878 14033 14124 I art     : Starting a blocking GC Explicit
08-06 04:27:24.897 14033 14124 I art     : Explicit concurrent mark sweep GC freed 17(528B) AllocSpace objects, 0(0B) LOS objects, 23% free, 52MB/68MB, paused 436us total 18.627ms
08-06 04:27:24.905 14033 14124 I art     : Starting a blocking GC Explicit
08-06 04:27:24.924 14033 14124 I art     : Explicit concurrent mark sweep GC freed 3(96B) AllocSpace objects, 0(0B) LOS objects, 23% free, 52MB/68MB, paused 419us total 19.290ms
08-06 04:27:25.203 14033 14046 I art     : Starting a blocking GC Explicit
08-06 04:27:25.229 14033 14046 I art     : Explicit concurrent mark sweep GC freed 1340(78KB) AllocSpace objects, 1(20KB) LOS objects, 23% free, 52MB/68MB, paused 468us total 26.170ms
08-06 04:27:25.241 14033 14046 I art     : Starting a blocking GC Explicit
08-06 04:27:25.262 14033 14046 I art     : Explicit concurrent mark sweep GC freed 20(704B) AllocSpace objects, 0(0B) LOS objects, 23% free, 52MB/68MB, paused 447us total 20.984ms
08-06 04:27:25.271 14033 14046 I art     : Starting a blocking GC Explicit
08-06 04:27:25.292 14033 14046 I art     : Explicit concurrent mark sweep GC freed 3(96B) AllocSpace objects, 0(0B) LOS objects, 23% free, 52MB/68MB, paused 450us total 20.805ms
08-06 04:27:25.300 14033 14046 I art     : Starting a blocking GC Explicit
08-06 04:27:25.322 14033 14046 I art     : Explicit concurrent mark sweep GC freed 3(96B) AllocSpace objects, 0(0B) LOS objects, 23% free, 52MB/68MB, paused 439us total 21.055ms
08-06 04:27:25.331 14033 14046 I art     : Starting a blocking GC Explicit
08-06 04:27:25.352 14033 14046 I art     : Explicit concurrent mark sweep GC freed 3(96B) AllocSpace objects, 0(0B) LOS objects, 23% free, 52MB/68MB, paused 450us total 20.873ms
08-06 04:27:25.649 14033 14045 I art     : Starting a blocking GC Explicit
08-06 04:27:25.676 14033 14045 I art     : Explicit concurrent mark sweep GC freed 1340(78KB) AllocSpace objects, 1(20KB) LOS objects, 23% free, 52MB/68MB, paused 634us total 26.199ms
08-06 04:27:25.692 14033 14045 I art     : Starting a blocking GC Explicit
08-06 04:27:25.715 14033 14045 I art     : Explicit concurrent mark sweep GC freed 25(864B) AllocSpace objects, 0(0B) LOS objects, 23% free, 52MB/68MB, paused 454us total 23.565ms
08-06 04:27:25.726 14033 14045 I art     : Starting a blocking GC Explicit
08-06 04:27:25.746 14033 14045 I art     : Explicit concurrent mark sweep GC freed 6(192B) AllocSpace objects, 0(0B) LOS objects, 23% free, 52MB/68MB, paused 574us total 19.541ms
08-06 04:27:25.754 14033 14045 I art     : Starting a blocking GC Explicit
08-06 04:27:25.773 14033 14045 I art     : Explicit concurrent mark sweep GC freed 6(192B) AllocSpace objects, 0(0B) LOS objects, 23% free, 52MB/68MB, paused 438us total 19.113ms
08-06 04:27:25.782 14033 14045 I art     : Starting a blocking GC Explicit
08-06 04:27:25.801 14033 14045 I art     : Explicit concurrent mark sweep GC freed 7(224B) AllocSpace objects, 0(0B) LOS objects, 23% free, 52MB/68MB, paused 385us total 19.272ms
08-06 04:27:26.113 14033 14046 I art     : Starting a blocking GC Explicit
08-06 04:27:26.143 14033 14046 I art     : Explicit concurrent mark sweep GC freed 1355(78KB) AllocSpace objects, 1(20KB) LOS objects, 23% free, 52MB/68MB, paused 480us total 29.931ms
08-06 04:27:26.155 14033 14046 I art     : Starting a blocking GC Explicit
08-06 04:27:26.178 14033 14046 I art     : Explicit concurrent mark sweep GC freed 20(704B) AllocSpace objects, 0(0B) LOS objects, 23% free, 52MB/68MB, paused 476us total 22.153ms
08-06 04:27:26.187 14033 14046 I art     : Starting a blocking GC Explicit
08-06 04:27:26.208 14033 14046 I art     : Explicit concurrent mark sweep GC freed 3(96B) AllocSpace objects, 0(0B) LOS objects, 23% free, 52MB/68MB, paused 438us total 20.951ms
08-06 04:27:26.216 14033 14046 I art     : Starting a blocking GC Explicit
08-06 04:27:26.238 14033 14046 I art     : Explicit concurrent mark sweep GC freed 3(96B) AllocSpace objects, 0(0B) LOS objects, 23% free, 52MB/68MB, paused 478us total 20.972ms
08-06 04:27:26.246 14033 14046 I art     : Starting a blocking GC Explicit
08-06 04:27:26.267 14033 14046 I art     : Explicit concurrent mark sweep GC freed 3(96B) AllocSpace objects, 0(0B) LOS objects, 23% free, 52MB/68MB, paused 494us total 20.459ms
08-06 04:27:26.551 14033 14045 I art     : Starting a blocking GC Explicit
08-06 04:27:26.572 14033 14045 I art     : Explicit concurrent mark sweep GC freed 1340(78KB) AllocSpace objects, 1(20KB) LOS objects, 23% free, 52MB/68MB, paused 438us total 20.644ms
08-06 04:27:26.581 14033 14045 I art     : Starting a blocking GC Explicit
08-06 04:27:26.602 14033 14045 I art     : Explicit concurrent mark sweep GC freed 20(704B) AllocSpace objects, 0(0B) LOS objects, 23% free, 52MB/68MB, paused 429us total 20.578ms
08-06 04:27:26.611 14033 14045 I art     : Starting a blocking GC Explicit
08-06 04:27:26.631 14033 14045 I art     : Explicit concurrent mark sweep GC freed 3(96B) AllocSpace objects, 0(0B) LOS objects, 23% free, 52MB/68MB, paused 437us total 19.981ms
08-06 04:27:26.639 14033 14045 I art     : Starting a blocking GC Explicit
08-06 04:27:26.659 14033 14045 I art     : Explicit concurrent mark sweep GC freed 3(96B) AllocSpace objects, 0(0B) LOS objects, 23% free, 52MB/68MB, paused 431us total 19.663ms
08-06 04:27:26.668 14033 14045 I art     : Starting a blocking GC Explicit
08-06 04:27:26.687 14033 14045 I art     : Explicit concurrent mark sweep GC freed 3(96B) AllocSpace objects, 0(0B) LOS objects, 23% free, 52MB/68MB, paused 431us total 19.416ms
08-06 04:27:26.725 16177 16177 D AndroidRuntime: >>>>>> START com.android.internal.os.RuntimeInit uid 2000 <<<<<<
08-06 04:27:26.730 16177 16177 D AndroidRuntime: CheckJNI is OFF
08-06 04:27:26.763 16177 16177 D ICU     : No timezone override file found: /data/misc/zoneinfo/current/icu/icu_tzdata.dat
08-06 04:27:26.797 16177 16177 I Radio-JNI: register_android_hardware_Radio DONE
08-06 04:27:26.819 16177 16177 D AndroidRuntime: Calling main entry com.android.commands.input.Input
08-06 04:27:26.821 16177 16177 I Input   : injectMotionEvent: MotionEvent { action=ACTION_DOWN, actionButton=0, id[0]=0, x[0]=756.0, y[0]=1530.0, toolType[0]=TOOL_TYPE_UNKNOWN, buttonState=0, metaState=0, flags=0x0, edgeFlags=0x0, pointerCount=1, historySize=0, eventTime=851263234, downTime=851263234, deviceId=0, source=0x1002 }
08-06 04:27:26.828 16177 16177 I Input   : injectMotionEvent: MotionEvent { action=ACTION_UP, actionButton=0, id[0]=0, x[0]=756.0, y[0]=1530.0, toolType[0]=TOOL_TYPE_UNKNOWN, buttonState=0, metaState=0, flags=0x0, edgeFlags=0x0, pointerCount=1, historySize=0, eventTime=851263234, downTime=851263234, deviceId=0, source=0x1002 }
08-06 04:27:26.830 16177 16177 D AndroidRuntime: Shutting down VM
08-06 04:27:26.856   512  2967 D audio_hw_primary: out_set_parameters: enter: usecase(1: low-latency-playback) kvpairs: routing=2
08-06 04:27:26.857   918   928 I ActivityManager: START u0 {cmp=baseline.appteam.nith.hillffair/.activities.LeaderBoardActivity} from uid 10697 on display 0
08-06 04:27:26.869   512  2967 D audio_hw_primary: select_devices: out_snd_device(2: speaker) in_snd_device(0: none)
08-06 04:27:26.869   512  2967 D msm8974_platform: platform_send_audio_calibration: sending audio calibration for snd_device(2) acdb_id(15)
08-06 04:27:26.870   512  2967 I soundtrigger: audio_extn_sound_trigger_update_device_status: device 0x2 of type 0 for Event 1
08-06 04:27:26.882   512  2967 D audio_hw_primary: enable_snd_device: snd_device(2: speaker)
08-06 04:27:26.884   512  2967 D audio_hw_primary: enable_audio_route: apply and update mixer path: low-latency-playback speaker
08-06 04:27:26.946 14033 14045 I art     : Starting a blocking GC Explicit
08-06 04:27:26.969 14033 14045 I art     : Explicit concurrent mark sweep GC freed 6267(371KB) AllocSpace objects, 1(20KB) LOS objects, 23% free, 52MB/68MB, paused 555us total 22.560ms
08-06 04:27:26.978 14033 14033 E RecyclerView: No adapter attached; skipping layout
08-06 04:27:26.979 14033 14045 I art     : Starting a blocking GC Explicit
08-06 04:27:26.982 14033 14033 E RecyclerView: No adapter attached; skipping layout
08-06 04:27:27.003   918   936 I ActivityManager: Displayed baseline.appteam.nith.hillffair/.activities.LeaderBoardActivity: +135ms
08-06 04:27:27.004 14033 14045 I art     : Explicit concurrent mark sweep GC freed 431(20KB) AllocSpace objects, 0(0B) LOS objects, 23% free, 52MB/68MB, paused 810us total 24.234ms
08-06 04:27:27.005 13866 13866 I GoogleInputMethodServic: GoogleInputMethodService.onFinishInput():3138 
08-06 04:27:27.006 13866 13866 I GoogleInputMethodServic: GoogleInputMethodService.onStartInput():1808 
08-06 04:27:27.006 14033 14033 E RecyclerView: No adapter attached; skipping layout
08-06 04:27:27.014 14033 14045 I art     : Starting a blocking GC Explicit
08-06 04:27:27.033 14033 14057 D OpenGLRenderer: endAllStagingAnimators on 0x7f802d8c00 (RippleDrawable) with handle 0x7f7fb08120
08-06 04:27:27.033 14033 14045 I art     : Explicit concurrent mark sweep GC freed 39(1632B) AllocSpace objects, 0(0B) LOS objects, 23% free, 52MB/68MB, paused 463us total 19.241ms
08-06 04:27:27.042 14033 14045 I art     : Starting a blocking GC Explicit
08-06 04:27:27.061 14033 14045 I art     : Explicit concurrent mark sweep GC freed 18(704B) AllocSpace objects, 0(0B) LOS objects, 23% free, 52MB/68MB, paused 438us total 19.014ms
08-06 04:27:27.069 14033 14045 I art     : Starting a blocking GC Explicit
08-06 04:27:27.088 14033 14045 I art     : Explicit concurrent mark sweep GC freed 22(800B) AllocSpace objects, 0(0B) LOS objects, 23% free, 52MB/68MB, paused 444us total 18.532ms
08-06 04:27:27.263   380   380 W SurfaceFlinger: couldn't log to binary event log: overflow.
08-06 04:27:27.333 14033 14124 I art     : Starting a blocking GC Explicit
08-06 04:27:27.352 14033 14124 I art     : Explicit concurrent mark sweep GC freed 1343(78KB) AllocSpace objects, 1(20KB) LOS objects, 23% free, 52MB/68MB, paused 425us total 19.062ms
08-06 04:27:27.360 14033 14124 I art     : Starting a blocking GC Explicit
08-06 04:27:27.380 14033 14124 I art     : Explicit concurrent mark sweep GC freed 20(704B) AllocSpace objects, 0(0B) LOS objects, 23% free, 52MB/68MB, paused 433us total 19.083ms
08-06 04:27:27.388 14033 14124 I art     : Starting a blocking GC Explicit
08-06 04:27:27.409 14033 14124 I art     : Explicit concurrent mark sweep GC freed 71(4KB) AllocSpace objects, 0(0B) LOS objects, 23% free, 52MB/68MB, paused 465us total 20.458ms
08-06 04:27:27.417 14033 14124 I art     : Starting a blocking GC Explicit
08-06 04:27:27.428   512  2967 D audio_hw_primary: disable_audio_route: reset and update mixer path: low-latency-playback speaker
08-06 04:27:27.430   512  2967 D audio_hw_primary: disable_snd_device: snd_device(2: speaker)
08-06 04:27:27.438 14033 14124 I art     : Explicit concurrent mark sweep GC freed 41(1824B) AllocSpace objects, 0(0B) LOS objects, 23% free, 52MB/68MB, paused 478us total 21.210ms
08-06 04:27:27.439   512  2967 I soundtrigger: audio_extn_sound_trigger_update_device_status: device 0x2 of type 0 for Event 0
08-06 04:27:27.447 14033 14124 I art     : Starting a blocking GC Explicit
08-06 04:27:27.467 14033 14124 I art     : Explicit concurrent mark sweep GC freed 28(944B) AllocSpace objects, 0(0B) LOS objects, 23% free, 52MB/68MB, paused 425us total 19.767ms
08-06 04:27:27.503 14033 16212 D OkHttp  : --> GET https://api-hillfair-2k16.herokuapp.com/api/app/quiz/leaderboard?from=1 http/1.1
08-06 04:27:27.544 14033 16212 D OkHttp  : <-- 200 OK https://api-hillfair-2k16.herokuapp.com/api/app/quiz/leaderboard?from=1 (40ms, 56744-byte body)
08-06 04:27:27.631 14033 14033 I NAPPA_EXPERIMENTATION: MetricNetworkRequestExecutionTime: REQUEST_DURATION_SYSTEM='738',REQUEST_DURATION_OKHTTP='40',REQUEST_SYNCHRONOUS='FALSE',RESPONSE_CODE='200',RESPONSE_METHOD='GET',RESPONSE_LENGTH_OKHTTP='56744',RESPONSE_LENGTH_HEADER='56744',REQUEST_PROTOCOL='http/1.1',REQUEST_URL='https://api-hillfair-2k16.herokuapp.com/api/app/quiz/leaderboard?from=1',
08-06 04:27:27.728 14033 14046 I art     : Starting a blocking GC Explicit
08-06 04:27:27.755 14033 14046 I art     : Explicit concurrent mark sweep GC freed 30272(1451KB) AllocSpace objects, 4(220KB) LOS objects, 23% free, 52MB/68MB, paused 484us total 26.552ms
08-06 04:27:27.764 14033 14046 I art     : Starting a blocking GC Explicit
08-06 04:27:27.787 14033 14046 I art     : Explicit concurrent mark sweep GC freed 1052(120KB) AllocSpace objects, 0(0B) LOS objects, 23% free, 52MB/68MB, paused 461us total 21.798ms
08-06 04:27:27.795 14033 14046 I art     : Starting a blocking GC Explicit
08-06 04:27:27.818 14033 14046 I art     : Explicit concurrent mark sweep GC freed 3(96B) AllocSpace objects, 0(0B) LOS objects, 23% free, 52MB/68MB, paused 463us total 22.741ms
08-06 04:27:27.827 14033 14046 I art     : Starting a blocking GC Explicit
08-06 04:27:27.850 14033 14046 I art     : Explicit concurrent mark sweep GC freed 3(96B) AllocSpace objects, 0(0B) LOS objects, 23% free, 52MB/68MB, paused 458us total 22.752ms
08-06 04:27:27.859 14033 14046 I art     : Starting a blocking GC Explicit
08-06 04:27:27.882 14033 14046 I art     : Explicit concurrent mark sweep GC freed 3(96B) AllocSpace objects, 0(0B) LOS objects, 23% free, 52MB/68MB, paused 446us total 22.303ms
08-06 04:27:28.174 14033 14124 I art     : Starting a blocking GC Explicit
08-06 04:27:28.205 14033 14124 I art     : Explicit concurrent mark sweep GC freed 1344(78KB) AllocSpace objects, 1(20KB) LOS objects, 23% free, 52MB/68MB, paused 528us total 29.917ms
08-06 04:27:28.214 14033 14124 I art     : Starting a blocking GC Explicit
08-06 04:27:28.237 14033 14124 I art     : Explicit concurrent mark sweep GC freed 20(704B) AllocSpace objects, 0(0B) LOS objects, 23% free, 52MB/68MB, paused 474us total 22.953ms
08-06 04:27:28.246 14033 14124 I art     : Starting a blocking GC Explicit
08-06 04:27:28.269 14033 14124 I art     : Explicit concurrent mark sweep GC freed 3(96B) AllocSpace objects, 0(0B) LOS objects, 23% free, 52MB/68MB, paused 465us total 22.449ms
08-06 04:27:28.278 14033 14124 I art     : Starting a blocking GC Explicit
08-06 04:27:28.302 14033 14124 I art     : Explicit concurrent mark sweep GC freed 3(96B) AllocSpace objects, 0(0B) LOS objects, 23% free, 52MB/68MB, paused 473us total 23.384ms
08-06 04:27:28.311 14033 14124 I art     : Starting a blocking GC Explicit
08-06 04:27:28.335 14033 14124 I art     : Explicit concurrent mark sweep GC freed 3(96B) AllocSpace objects, 0(0B) LOS objects, 23% free, 52MB/68MB, paused 465us total 23.210ms
08-06 04:27:28.638 14033 14123 I art     : Starting a blocking GC Explicit
08-06 04:27:28.670 14033 14123 I art     : Explicit concurrent mark sweep GC freed 1344(78KB) AllocSpace objects, 1(20KB) LOS objects, 23% free, 52MB/68MB, paused 477us total 31.765ms
08-06 04:27:28.683 14033 14123 I art     : Starting a blocking GC Explicit
08-06 04:27:28.707 14033 14123 I art     : Explicit concurrent mark sweep GC freed 20(704B) AllocSpace objects, 0(0B) LOS objects, 23% free, 52MB/68MB, paused 549us total 23.607ms
08-06 04:27:28.716 14033 14123 I art     : Starting a blocking GC Explicit
08-06 04:27:28.740 14033 14123 I art     : Explicit concurrent mark sweep GC freed 3(96B) AllocSpace objects, 0(0B) LOS objects, 23% free, 52MB/68MB, paused 455us total 23.504ms
08-06 04:27:28.749 14033 14123 I art     : Starting a blocking GC Explicit
08-06 04:27:28.773 14033 14123 I art     : Explicit concurrent mark sweep GC freed 3(96B) AllocSpace objects, 0(0B) LOS objects, 23% free, 52MB/68MB, paused 462us total 23.780ms
08-06 04:27:28.782 14033 14123 I art     : Starting a blocking GC Explicit
08-06 04:27:28.806 14033 14123 I art     : Explicit concurrent mark sweep GC freed 3(96B) AllocSpace objects, 0(0B) LOS objects, 23% free, 52MB/68MB, paused 469us total 23.377ms
08-06 04:27:29.134 14033 14045 I art     : Starting a blocking GC Explicit
08-06 04:27:29.177 14033 14045 I art     : Explicit concurrent mark sweep GC freed 1344(78KB) AllocSpace objects, 1(20KB) LOS objects, 23% free, 52MB/68MB, paused 704us total 42.174ms
08-06 04:27:29.194 14033 14045 I art     : Starting a blocking GC Explicit
08-06 04:27:29.224 14033 14045 I art     : Explicit concurrent mark sweep GC freed 20(704B) AllocSpace objects, 0(0B) LOS objects, 23% free, 52MB/68MB, paused 612us total 29.842ms
08-06 04:27:29.236 14033 14045 I art     : Starting a blocking GC Explicit
08-06 04:27:29.267 14033 14045 I art     : Explicit concurrent mark sweep GC freed 3(96B) AllocSpace objects, 0(0B) LOS objects, 23% free, 52MB/68MB, paused 611us total 30.371ms
08-06 04:27:29.279 14033 14045 I art     : Starting a blocking GC Explicit
08-06 04:27:29.310 14033 14045 I art     : Explicit concurrent mark sweep GC freed 3(96B) AllocSpace objects, 0(0B) LOS objects, 23% free, 52MB/68MB, paused 639us total 31.055ms
08-06 04:27:29.322 14033 14045 I art     : Starting a blocking GC Explicit
08-06 04:27:29.353 14033 14045 I art     : Explicit concurrent mark sweep GC freed 3(96B) AllocSpace objects, 0(0B) LOS objects, 23% free, 52MB/68MB, paused 614us total 30.580ms
08-06 04:27:29.676 14033 14046 I art     : Starting a blocking GC Explicit
08-06 04:27:29.714 14033 14046 I art     : Explicit concurrent mark sweep GC freed 1344(78KB) AllocSpace objects, 1(20KB) LOS objects, 23% free, 52MB/68MB, paused 639us total 37.217ms
08-06 04:27:29.728 14033 14046 I art     : Starting a blocking GC Explicit
08-06 04:27:29.758 14033 14046 I art     : Explicit concurrent mark sweep GC freed 20(704B) AllocSpace objects, 0(0B) LOS objects, 23% free, 52MB/68MB, paused 647us total 29.858ms
08-06 04:27:29.770 14033 14046 I art     : Starting a blocking GC Explicit
08-06 04:27:29.802 14033 14046 I art     : Explicit concurrent mark sweep GC freed 3(96B) AllocSpace objects, 0(0B) LOS objects, 23% free, 52MB/68MB, paused 622us total 31.707ms
08-06 04:27:29.814 14033 14046 I art     : Starting a blocking GC Explicit
08-06 04:27:29.845 14033 14046 I art     : Explicit concurrent mark sweep GC freed 3(96B) AllocSpace objects, 0(0B) LOS objects, 23% free, 52MB/68MB, paused 579us total 30.892ms
08-06 04:27:29.857 14033 14046 I art     : Starting a blocking GC Explicit
08-06 04:27:29.881 14033 14046 I art     : Explicit concurrent mark sweep GC freed 3(96B) AllocSpace objects, 0(0B) LOS objects, 23% free, 52MB/68MB, paused 457us total 23.708ms
08-06 04:27:30.182 14033 14124 I art     : Starting a blocking GC Explicit
08-06 04:27:30.211 14033 14124 I art     : Explicit concurrent mark sweep GC freed 1344(78KB) AllocSpace objects, 1(20KB) LOS objects, 23% free, 52MB/68MB, paused 512us total 29.256ms
08-06 04:27:30.225 14033 14124 I art     : Starting a blocking GC Explicit
08-06 04:27:30.247 14033 14124 I art     : Explicit concurrent mark sweep GC freed 20(704B) AllocSpace objects, 0(0B) LOS objects, 23% free, 52MB/68MB, paused 483us total 22.439ms
08-06 04:27:30.256 14033 14124 I art     : Starting a blocking GC Explicit
08-06 04:27:30.280 14033 14124 I art     : Explicit concurrent mark sweep GC freed 3(96B) AllocSpace objects, 0(0B) LOS objects, 23% free, 52MB/68MB, paused 465us total 23.023ms
08-06 04:27:30.289 14033 14124 I art     : Starting a blocking GC Explicit
08-06 04:27:30.312 14033 14124 I art     : Explicit concurrent mark sweep GC freed 3(96B) AllocSpace objects, 0(0B) LOS objects, 23% free, 52MB/68MB, paused 469us total 23.218ms
08-06 04:27:30.322 14033 14124 I art     : Starting a blocking GC Explicit
08-06 04:27:30.344 14033 14124 I art     : Explicit concurrent mark sweep GC freed 3(96B) AllocSpace objects, 0(0B) LOS objects, 23% free, 52MB/68MB, paused 443us total 22.635ms
08-06 04:27:30.688 14033 14123 I art     : Starting a blocking GC Explicit
08-06 04:27:30.724 14033 14123 I art     : Explicit concurrent mark sweep GC freed 1344(78KB) AllocSpace objects, 1(20KB) LOS objects, 23% free, 52MB/68MB, paused 540us total 35.592ms
08-06 04:27:30.737 14033 14123 I art     : Starting a blocking GC Explicit
08-06 04:27:30.760 14033 14123 I art     : Explicit concurrent mark sweep GC freed 20(704B) AllocSpace objects, 0(0B) LOS objects, 23% free, 52MB/68MB, paused 458us total 22.908ms
08-06 04:27:30.769 14033 14123 I art     : Starting a blocking GC Explicit
08-06 04:27:30.792 14033 14123 I art     : Explicit concurrent mark sweep GC freed 3(96B) AllocSpace objects, 0(0B) LOS objects, 23% free, 52MB/68MB, paused 443us total 23.006ms
08-06 04:27:30.801 14033 14123 I art     : Starting a blocking GC Explicit
08-06 04:27:30.824 14033 14123 I art     : Explicit concurrent mark sweep GC freed 3(96B) AllocSpace objects, 0(0B) LOS objects, 23% free, 52MB/68MB, paused 456us total 22.798ms
08-06 04:27:30.834 14033 14123 I art     : Starting a blocking GC Explicit
08-06 04:27:30.856 14033 14123 I art     : Explicit concurrent mark sweep GC freed 3(96B) AllocSpace objects, 0(0B) LOS objects, 23% free, 52MB/68MB, paused 436us total 22.476ms
08-06 04:27:31.159 14033 14045 I art     : Starting a blocking GC Explicit
08-06 04:27:31.182 14033 14045 I art     : Explicit concurrent mark sweep GC freed 1344(78KB) AllocSpace objects, 1(20KB) LOS objects, 23% free, 52MB/68MB, paused 474us total 22.873ms
08-06 04:27:31.191 14033 14045 I art     : Starting a blocking GC Explicit
08-06 04:27:31.213 14033 14045 I art     : Explicit concurrent mark sweep GC freed 20(704B) AllocSpace objects, 0(0B) LOS objects, 23% free, 52MB/68MB, paused 521us total 21.810ms
08-06 04:27:31.222 14033 14045 I art     : Starting a blocking GC Explicit
08-06 04:27:31.245 14033 14045 I art     : Explicit concurrent mark sweep GC freed 3(96B) AllocSpace objects, 0(0B) LOS objects, 23% free, 52MB/68MB, paused 459us total 22.391ms
08-06 04:27:31.254 14033 14045 I art     : Starting a blocking GC Explicit
08-06 04:27:31.275 14033 14045 I art     : Explicit concurrent mark sweep GC freed 3(96B) AllocSpace objects, 0(0B) LOS objects, 23% free, 52MB/68MB, paused 456us total 21.408ms
08-06 04:27:31.284 14033 14045 I art     : Starting a blocking GC Explicit
08-06 04:27:31.307 14033 14045 I art     : Explicit concurrent mark sweep GC freed 3(96B) AllocSpace objects, 0(0B) LOS objects, 23% free, 52MB/68MB, paused 459us total 22.222ms
08-06 04:27:31.498 16302 16302 D AndroidRuntime: >>>>>> START com.android.internal.os.RuntimeInit uid 2000 <<<<<<
08-06 04:27:31.503 16302 16302 D AndroidRuntime: CheckJNI is OFF
08-06 04:27:31.535 16302 16302 D ICU     : No timezone override file found: /data/misc/zoneinfo/current/icu/icu_tzdata.dat
08-06 04:27:31.569 16302 16302 I Radio-JNI: register_android_hardware_Radio DONE
08-06 04:27:31.591 16302 16302 D AndroidRuntime: Calling main entry com.android.commands.input.Input
08-06 04:27:31.592 16302 16302 I Input   : injectKeyEvent: KeyEvent { action=ACTION_DOWN, keyCode=KEYCODE_BACK, scanCode=0, metaState=0, flags=0x0, repeatCount=0, eventTime=851268005, downTime=851268005, deviceId=-1, source=0x101 }
08-06 04:27:31.595 14033 14046 I art     : Starting a blocking GC Explicit
08-06 04:27:31.597 16302 16302 I Input   : injectKeyEvent: KeyEvent { action=ACTION_UP, keyCode=KEYCODE_BACK, scanCode=0, metaState=0, flags=0x0, repeatCount=0, eventTime=851268005, downTime=851268005, deviceId=-1, source=0x101 }
08-06 04:27:31.602 16302 16302 D AndroidRuntime: Shutting down VM
08-06 04:27:31.617 14033 14046 I art     : Explicit concurrent mark sweep GC freed 1441(83KB) AllocSpace objects, 1(20KB) LOS objects, 23% free, 52MB/68MB, paused 653us total 22.382ms
08-06 04:27:31.627 14033 14046 I art     : Starting a blocking GC Explicit
08-06 04:27:31.646 13866 13866 I GoogleInputMethodServic: GoogleInputMethodService.onFinishInput():3138 
08-06 04:27:31.647 13866 13866 I GoogleInputMethodServic: GoogleInputMethodService.onStartInput():1808 
08-06 04:27:31.648 14033 14046 I art     : Explicit concurrent mark sweep GC freed 27(928B) AllocSpace objects, 0(0B) LOS objects, 23% free, 52MB/68MB, paused 656us total 20.893ms
08-06 04:27:31.656 14033 14046 I art     : Starting a blocking GC Explicit
08-06 04:27:31.680 14033 14046 I art     : Explicit concurrent mark sweep GC freed 37(1344B) AllocSpace objects, 0(0B) LOS objects, 23% free, 52MB/68MB, paused 458us total 23.786ms
08-06 04:27:31.688 14033 14046 I art     : Starting a blocking GC Explicit
08-06 04:27:31.708 14033 14046 I art     : Explicit concurrent mark sweep GC freed 9(336B) AllocSpace objects, 0(0B) LOS objects, 23% free, 52MB/68MB, paused 408us total 18.980ms
08-06 04:27:31.715 14033 14046 I art     : Starting a blocking GC Explicit
08-06 04:27:31.735 14033 14046 I art     : Explicit concurrent mark sweep GC freed 3(96B) AllocSpace objects, 0(0B) LOS objects, 23% free, 52MB/68MB, paused 410us total 19.601ms
08-06 04:27:31.934   380   380 W SurfaceFlinger: couldn't log to binary event log: overflow.
08-06 04:27:31.993 14033 14124 I art     : Starting a blocking GC Explicit
08-06 04:27:32.016 14033 14124 I art     : Explicit concurrent mark sweep GC freed 1463(87KB) AllocSpace objects, 1(20KB) LOS objects, 23% free, 52MB/68MB, paused 490us total 22.783ms
08-06 04:27:32.025 14033 14124 I art     : Starting a blocking GC Explicit
08-06 04:27:32.046 14033 14124 I art     : Explicit concurrent mark sweep GC freed 4698(269KB) AllocSpace objects, 2(140KB) LOS objects, 23% free, 52MB/68MB, paused 453us total 21.352ms
08-06 04:27:32.055 14033 14124 I art     : Starting a blocking GC Explicit
08-06 04:27:32.076 14033 14124 I art     : Explicit concurrent mark sweep GC freed 3(96B) AllocSpace objects, 0(0B) LOS objects, 23% free, 52MB/68MB, paused 449us total 20.748ms
08-06 04:27:32.084 14033 14124 I art     : Starting a blocking GC Explicit
08-06 04:27:32.106 14033 14124 I art     : Explicit concurrent mark sweep GC freed 3(96B) AllocSpace objects, 0(0B) LOS objects, 23% free, 52MB/68MB, paused 460us total 20.897ms
08-06 04:27:32.114 14033 14124 I art     : Starting a blocking GC Explicit
08-06 04:27:32.136 14033 14124 I art     : Explicit concurrent mark sweep GC freed 3(96B) AllocSpace objects, 0(0B) LOS objects, 23% free, 52MB/68MB, paused 493us total 21.094ms
08-06 04:27:32.433 14033 14045 I art     : Starting a blocking GC Explicit
08-06 04:27:32.433 13567 13567 I ServiceManager: Waiting for service AtCmdFwd...
08-06 04:27:32.460 14033 14045 I art     : Explicit concurrent mark sweep GC freed 1344(78KB) AllocSpace objects, 1(20KB) LOS objects, 23% free, 52MB/68MB, paused 503us total 26.572ms
08-06 04:27:32.474 14033 14045 I art     : Starting a blocking GC Explicit
08-06 04:27:32.495 14033 14045 I art     : Explicit concurrent mark sweep GC freed 20(704B) AllocSpace objects, 0(0B) LOS objects, 23% free, 52MB/68MB, paused 448us total 20.952ms
08-06 04:27:32.503 14033 14045 I art     : Starting a blocking GC Explicit
08-06 04:27:32.525 14033 14045 I art     : Explicit concurrent mark sweep GC freed 3(96B) AllocSpace objects, 0(0B) LOS objects, 23% free, 52MB/68MB, paused 445us total 21.023ms
08-06 04:27:32.534 14033 14045 I art     : Starting a blocking GC Explicit
08-06 04:27:32.555 14033 14045 I art     : Explicit concurrent mark sweep GC freed 3(96B) AllocSpace objects, 0(0B) LOS objects, 23% free, 52MB/68MB, paused 446us total 21.399ms
08-06 04:27:32.564 14033 14045 I art     : Starting a blocking GC Explicit
08-06 04:27:32.585 14033 14045 I art     : Explicit concurrent mark sweep GC freed 3(96B) AllocSpace objects, 0(0B) LOS objects, 23% free, 52MB/68MB, paused 484us total 20.909ms
08-06 04:27:32.867 14033 14123 I art     : Starting a blocking GC Explicit
08-06 04:27:32.888 14033 14123 I art     : Explicit concurrent mark sweep GC freed 1343(78KB) AllocSpace objects, 1(20KB) LOS objects, 23% free, 52MB/68MB, paused 484us total 21.314ms
08-06 04:27:32.897 14033 14123 I art     : Starting a blocking GC Explicit
08-06 04:27:32.919 14033 14123 I art     : Explicit concurrent mark sweep GC freed 20(704B) AllocSpace objects, 0(0B) LOS objects, 23% free, 52MB/68MB, paused 512us total 21.799ms
08-06 04:27:32.928 14033 14123 I art     : Starting a blocking GC Explicit
08-06 04:27:32.948 14033 14123 I art     : Explicit concurrent mark sweep GC freed 3(96B) AllocSpace objects, 0(0B) LOS objects, 23% free, 52MB/68MB, paused 460us total 20.108ms
08-06 04:27:32.956 14033 14123 I art     : Starting a blocking GC Explicit
08-06 04:27:32.977 14033 14123 I art     : Explicit concurrent mark sweep GC freed 3(96B) AllocSpace objects, 0(0B) LOS objects, 23% free, 52MB/68MB, paused 489us total 20.077ms
08-06 04:27:32.985 14033 14123 I art     : Starting a blocking GC Explicit
08-06 04:27:33.005 14033 14123 I art     : Explicit concurrent mark sweep GC freed 3(96B) AllocSpace objects, 0(0B) LOS objects, 23% free, 52MB/68MB, paused 437us total 19.700ms
08-06 04:27:33.255 16359 16359 D AndroidRuntime: >>>>>> START com.android.internal.os.RuntimeInit uid 2000 <<<<<<
08-06 04:27:33.260 16359 16359 D AndroidRuntime: CheckJNI is OFF
08-06 04:27:33.272 14033 14045 I art     : Starting a blocking GC Explicit
08-06 04:27:33.296 14033 14045 I art     : Explicit concurrent mark sweep GC freed 1350(78KB) AllocSpace objects, 1(20KB) LOS objects, 23% free, 52MB/68MB, paused 560us total 23.820ms
08-06 04:27:33.299 16359 16359 D ICU     : No timezone override file found: /data/misc/zoneinfo/current/icu/icu_tzdata.dat
08-06 04:27:33.304 14033 14045 I art     : Starting a blocking GC Explicit
08-06 04:27:33.325 14033 14045 I art     : Explicit concurrent mark sweep GC freed 24(832B) AllocSpace objects, 0(0B) LOS objects, 23% free, 52MB/68MB, paused 541us total 20.945ms
08-06 04:27:33.335 14033 14045 I art     : Starting a blocking GC Explicit
08-06 04:27:33.335 16359 16359 I Radio-JNI: register_android_hardware_Radio DONE
08-06 04:27:33.354 14033 14045 I art     : Explicit concurrent mark sweep GC freed 6(192B) AllocSpace objects, 0(0B) LOS objects, 23% free, 52MB/68MB, paused 508us total 19.009ms
08-06 04:27:33.356 16359 16359 D AndroidRuntime: Calling main entry com.android.commands.input.Input
08-06 04:27:33.358 16359 16359 I Input   : injectMotionEvent: MotionEvent { action=ACTION_DOWN, actionButton=0, id[0]=0, x[0]=648.0, y[0]=1050.0, toolType[0]=TOOL_TYPE_UNKNOWN, buttonState=0, metaState=0, flags=0x0, edgeFlags=0x0, pointerCount=1, historySize=0, eventTime=851269771, downTime=851269771, deviceId=0, source=0x1002 }
08-06 04:27:33.362 14033 14045 I art     : Starting a blocking GC Explicit
08-06 04:27:33.363 16359 16359 I Input   : injectMotionEvent: MotionEvent { action=ACTION_UP, actionButton=0, id[0]=0, x[0]=648.0, y[0]=1050.0, toolType[0]=TOOL_TYPE_UNKNOWN, buttonState=0, metaState=0, flags=0x0, edgeFlags=0x0, pointerCount=1, historySize=0, eventTime=851269771, downTime=851269771, deviceId=0, source=0x1002 }
08-06 04:27:33.366 16359 16359 D AndroidRuntime: Shutting down VM
08-06 04:27:33.372   512  2967 D audio_hw_primary: out_set_parameters: enter: usecase(1: low-latency-playback) kvpairs: routing=2
08-06 04:27:33.373   918  5132 I ActivityManager: START u0 {cmp=baseline.appteam.nith.hillffair/.activities.InformationActivity} from uid 10697 on display 0
08-06 04:27:33.383 14033 14045 I art     : Explicit concurrent mark sweep GC freed 47(5KB) AllocSpace objects, 0(0B) LOS objects, 23% free, 52MB/68MB, paused 471us total 20.829ms
08-06 04:27:33.385   512  2967 D audio_hw_primary: select_devices: out_snd_device(2: speaker) in_snd_device(0: none)
08-06 04:27:33.385   512  2967 D msm8974_platform: platform_send_audio_calibration: sending audio calibration for snd_device(2) acdb_id(15)
08-06 04:27:33.386   512  2967 I soundtrigger: audio_extn_sound_trigger_update_device_status: device 0x2 of type 0 for Event 1
08-06 04:27:33.392 14033 14045 I art     : Starting a blocking GC Explicit
08-06 04:27:33.396   512  2967 D audio_hw_primary: enable_snd_device: snd_device(2: speaker)
08-06 04:27:33.398   512  2967 D audio_hw_primary: enable_audio_route: apply and update mixer path: low-latency-playback speaker
08-06 04:27:33.411 14033 14045 I art     : Explicit concurrent mark sweep GC freed 466(30KB) AllocSpace objects, 0(0B) LOS objects, 23% free, 52MB/68MB, paused 587us total 19.491ms
08-06 04:27:33.434 13567 13567 I ServiceManager: Waiting for service AtCmdFwd...
08-06 04:27:33.515   918   936 I ActivityManager: Displayed baseline.appteam.nith.hillffair/.activities.InformationActivity: +128ms
08-06 04:27:33.516 13866 13866 I GoogleInputMethodServic: GoogleInputMethodService.onFinishInput():3138 
08-06 04:27:33.517 13866 13866 I GoogleInputMethodServic: GoogleInputMethodService.onStartInput():1808 
08-06 04:27:33.537 14033 14057 D OpenGLRenderer: endAllStagingAnimators on 0x7f7fc3ec00 (RippleDrawable) with handle 0x7f99f070c0
08-06 04:27:33.656 14033 14045 I art     : Starting a blocking GC Explicit
08-06 04:27:33.685 14033 14045 I art     : Explicit concurrent mark sweep GC freed 1917(124KB) AllocSpace objects, 1(20KB) LOS objects, 23% free, 52MB/68MB, paused 481us total 28.879ms
08-06 04:27:33.697 14033 14045 I art     : Starting a blocking GC Explicit
08-06 04:27:33.727 14033 14045 I art     : Explicit concurrent mark sweep GC freed 186(7KB) AllocSpace objects, 0(0B) LOS objects, 23% free, 52MB/68MB, paused 576us total 29.765ms
08-06 04:27:33.738 14033 14045 I art     : Starting a blocking GC Explicit
08-06 04:27:33.764 14033 14045 I art     : Explicit concurrent mark sweep GC freed 3(96B) AllocSpace objects, 0(0B) LOS objects, 23% free, 52MB/68MB, paused 444us total 25.916ms
08-06 04:27:33.770   380   380 W SurfaceFlinger: couldn't log to binary event log: overflow.
08-06 04:27:33.776 14033 14045 I art     : Starting a blocking GC Explicit
08-06 04:27:33.795 14033 14045 I art     : Explicit concurrent mark sweep GC freed 3(96B) AllocSpace objects, 0(0B) LOS objects, 23% free, 52MB/68MB, paused 405us total 19.351ms
08-06 04:27:33.804 14033 14045 I art     : Starting a blocking GC Explicit
08-06 04:27:33.822 14033 14045 I art     : Explicit concurrent mark sweep GC freed 3(96B) AllocSpace objects, 0(0B) LOS objects, 23% free, 52MB/68MB, paused 395us total 18.564ms
08-06 04:27:33.929   512  2967 D audio_hw_primary: disable_audio_route: reset and update mixer path: low-latency-playback speaker
08-06 04:27:33.930   512  2967 D audio_hw_primary: disable_snd_device: snd_device(2: speaker)
08-06 04:27:33.938   512  2967 I soundtrigger: audio_extn_sound_trigger_update_device_status: device 0x2 of type 0 for Event 0
08-06 04:27:34.108 14033 14045 I art     : Starting a blocking GC Explicit
08-06 04:27:34.136 14033 14045 I art     : Explicit concurrent mark sweep GC freed 1442(84KB) AllocSpace objects, 1(20KB) LOS objects, 23% free, 52MB/68MB, paused 493us total 27.364ms
08-06 04:27:34.148 14033 14045 I art     : Starting a blocking GC Explicit
08-06 04:27:34.170 14033 14045 I art     : Explicit concurrent mark sweep GC freed 36(1216B) AllocSpace objects, 0(0B) LOS objects, 23% free, 52MB/68MB, paused 456us total 22.362ms
08-06 04:27:34.179 14033 14045 I art     : Starting a blocking GC Explicit
08-06 04:27:34.201 14033 14045 I art     : Explicit concurrent mark sweep GC freed 3(96B) AllocSpace objects, 0(0B) LOS objects, 23% free, 52MB/68MB, paused 453us total 21.618ms
08-06 04:27:34.210 14033 14045 I art     : Starting a blocking GC Explicit
08-06 04:27:34.231 14033 14045 I art     : Explicit concurrent mark sweep GC freed 3(96B) AllocSpace objects, 0(0B) LOS objects, 23% free, 52MB/68MB, paused 455us total 21.591ms
08-06 04:27:34.240 14033 14045 I art     : Starting a blocking GC Explicit
08-06 04:27:34.262 14033 14045 I art     : Explicit concurrent mark sweep GC freed 3(96B) AllocSpace objects, 0(0B) LOS objects, 23% free, 52MB/68MB, paused 442us total 21.600ms
08-06 04:27:34.434 13567 13567 I ServiceManager: Waiting for service AtCmdFwd...
08-06 04:27:34.555 14033 14123 I art     : Starting a blocking GC Explicit
08-06 04:27:34.588 14033 14123 I art     : Explicit concurrent mark sweep GC freed 1344(78KB) AllocSpace objects, 1(20KB) LOS objects, 23% free, 52MB/68MB, paused 712us total 32.392ms
08-06 04:27:34.603 14033 14123 I art     : Starting a blocking GC Explicit
08-06 04:27:34.627 14033 14123 I art     : Explicit concurrent mark sweep GC freed 20(704B) AllocSpace objects, 0(0B) LOS objects, 23% free, 52MB/68MB, paused 527us total 24.679ms
08-06 04:27:34.636 14033 14123 I art     : Starting a blocking GC Explicit
08-06 04:27:34.659 14033 14123 I art     : Explicit concurrent mark sweep GC freed 3(96B) AllocSpace objects, 0(0B) LOS objects, 23% free, 52MB/68MB, paused 473us total 22.005ms
08-06 04:27:34.668 14033 14123 I art     : Starting a blocking GC Explicit
08-06 04:27:34.689 14033 14123 I art     : Explicit concurrent mark sweep GC freed 3(96B) AllocSpace objects, 0(0B) LOS objects, 23% free, 52MB/68MB, paused 448us total 21.607ms
08-06 04:27:34.698 14033 14123 I art     : Starting a blocking GC Explicit
08-06 04:27:34.721 14033 14123 I art     : Explicit concurrent mark sweep GC freed 3(96B) AllocSpace objects, 0(0B) LOS objects, 23% free, 52MB/68MB, paused 469us total 22.173ms
08-06 04:27:35.027 14033 14046 I art     : Starting a blocking GC Explicit
08-06 04:27:35.068 14033 14046 I art     : Explicit concurrent mark sweep GC freed 1347(78KB) AllocSpace objects, 1(20KB) LOS objects, 23% free, 52MB/68MB, paused 565us total 40.855ms
08-06 04:27:35.079 14033 14046 I art     : Starting a blocking GC Explicit
08-06 04:27:35.100 14033 14046 I art     : Explicit concurrent mark sweep GC freed 24(832B) AllocSpace objects, 0(0B) LOS objects, 23% free, 52MB/68MB, paused 455us total 20.498ms
08-06 04:27:35.109 14033 14046 I art     : Starting a blocking GC Explicit
08-06 04:27:35.130 14033 14046 I art     : Explicit concurrent mark sweep GC freed 7(224B) AllocSpace objects, 0(0B) LOS objects, 23% free, 52MB/68MB, paused 491us total 20.683ms
08-06 04:27:35.139 14033 14046 I art     : Starting a blocking GC Explicit
08-06 04:27:35.160 14033 14046 I art     : Explicit concurrent mark sweep GC freed 8(256B) AllocSpace objects, 0(0B) LOS objects, 23% free, 52MB/68MB, paused 409us total 20.780ms
08-06 04:27:35.169 14033 14046 I art     : Starting a blocking GC Explicit
08-06 04:27:35.190 14033 14046 I art     : Explicit concurrent mark sweep GC freed 5(160B) AllocSpace objects, 0(0B) LOS objects, 23% free, 52MB/68MB, paused 485us total 20.627ms
08-06 04:27:35.428   918  3261 D WifiStateMachine: starting scan for "H369AA63323"WPA_PSK with 2412,5180
08-06 04:27:35.434 13567 13567 I ServiceManager: Waiting for service AtCmdFwd...
08-06 04:27:35.511 14033 14123 I art     : Starting a blocking GC Explicit
08-06 04:27:35.534 14033 14123 I art     : Explicit concurrent mark sweep GC freed 1356(78KB) AllocSpace objects, 1(20KB) LOS objects, 23% free, 52MB/68MB, paused 476us total 22.929ms
08-06 04:27:35.543 14033 14123 I art     : Starting a blocking GC Explicit
08-06 04:27:35.566 14033 14123 I art     : Explicit concurrent mark sweep GC freed 20(704B) AllocSpace objects, 0(0B) LOS objects, 23% free, 52MB/68MB, paused 452us total 22.101ms
08-06 04:27:35.575 14033 14123 I art     : Starting a blocking GC Explicit
08-06 04:27:35.597 14033 14123 I art     : Explicit concurrent mark sweep GC freed 3(96B) AllocSpace objects, 0(0B) LOS objects, 23% free, 52MB/68MB, paused 515us total 22.172ms
08-06 04:27:35.606 14033 14123 I art     : Starting a blocking GC Explicit
08-06 04:27:35.629 14033 14123 I art     : Explicit concurrent mark sweep GC freed 3(96B) AllocSpace objects, 0(0B) LOS objects, 23% free, 52MB/68MB, paused 460us total 22.371ms
08-06 04:27:35.638 14033 14123 I art     : Starting a blocking GC Explicit
08-06 04:27:35.660 14033 14123 I art     : Explicit concurrent mark sweep GC freed 3(96B) AllocSpace objects, 0(0B) LOS objects, 23% free, 52MB/68MB, paused 449us total 21.407ms
08-06 04:27:35.974 14033 14045 I art     : Starting a blocking GC Explicit
08-06 04:27:35.999 14033 14045 I art     : Explicit concurrent mark sweep GC freed 1344(78KB) AllocSpace objects, 1(20KB) LOS objects, 23% free, 52MB/68MB, paused 471us total 25.305ms
08-06 04:27:36.008 14033 14045 I art     : Starting a blocking GC Explicit
08-06 04:27:36.028 14033 14045 I art     : Explicit concurrent mark sweep GC freed 20(704B) AllocSpace objects, 0(0B) LOS objects, 23% free, 52MB/68MB, paused 426us total 19.785ms
08-06 04:27:36.036 14033 14045 I art     : Starting a blocking GC Explicit
08-06 04:27:36.057 14033 14045 I art     : Explicit concurrent mark sweep GC freed 3(96B) AllocSpace objects, 0(0B) LOS objects, 23% free, 52MB/68MB, paused 516us total 20.509ms
08-06 04:27:36.065 14033 14045 I art     : Starting a blocking GC Explicit
08-06 04:27:36.086 14033 14045 I art     : Explicit concurrent mark sweep GC freed 3(96B) AllocSpace objects, 0(0B) LOS objects, 23% free, 52MB/68MB, paused 451us total 20.812ms
08-06 04:27:36.095 14033 14045 I art     : Starting a blocking GC Explicit
08-06 04:27:36.117 14033 14045 I art     : Explicit concurrent mark sweep GC freed 3(96B) AllocSpace objects, 0(0B) LOS objects, 23% free, 52MB/68MB, paused 502us total 21.621ms
08-06 04:27:36.435 13567 13567 I ServiceManager: Waiting for service AtCmdFwd...
08-06 04:27:36.457 14033 14046 I art     : Starting a blocking GC Explicit
08-06 04:27:36.488 14033 14046 I art     : Explicit concurrent mark sweep GC freed 1344(78KB) AllocSpace objects, 1(20KB) LOS objects, 23% free, 52MB/68MB, paused 536us total 31.034ms
08-06 04:27:36.500 14033 14046 I art     : Starting a blocking GC Explicit
08-06 04:27:36.522 14033 14046 I art     : Explicit concurrent mark sweep GC freed 20(704B) AllocSpace objects, 0(0B) LOS objects, 23% free, 52MB/68MB, paused 443us total 21.412ms
08-06 04:27:36.531 14033 14046 I art     : Starting a blocking GC Explicit
08-06 04:27:36.553 14033 14046 I art     : Explicit concurrent mark sweep GC freed 3(96B) AllocSpace objects, 0(0B) LOS objects, 23% free, 52MB/68MB, paused 462us total 21.971ms
08-06 04:27:36.562 14033 14046 I art     : Starting a blocking GC Explicit
08-06 04:27:36.584 14033 14046 I art     : Explicit concurrent mark sweep GC freed 3(96B) AllocSpace objects, 0(0B) LOS objects, 23% free, 52MB/68MB, paused 419us total 21.594ms
08-06 04:27:36.592 14033 14046 I art     : Starting a blocking GC Explicit
08-06 04:27:36.615 14033 14046 I art     : Explicit concurrent mark sweep GC freed 3(96B) AllocSpace objects, 0(0B) LOS objects, 23% free, 52MB/68MB, paused 444us total 21.864ms
08-06 04:27:36.943 14033 14124 I art     : Starting a blocking GC Explicit
08-06 04:27:36.970 14033 14124 I art     : Explicit concurrent mark sweep GC freed 1344(78KB) AllocSpace objects, 1(20KB) LOS objects, 23% free, 52MB/68MB, paused 492us total 27.402ms
08-06 04:27:36.982 14033 14124 I art     : Starting a blocking GC Explicit
08-06 04:27:37.004 14033 14124 I art     : Explicit concurrent mark sweep GC freed 20(704B) AllocSpace objects, 0(0B) LOS objects, 23% free, 52MB/68MB, paused 468us total 21.723ms
08-06 04:27:37.013 14033 14124 I art     : Starting a blocking GC Explicit
08-06 04:27:37.035 14033 14124 I art     : Explicit concurrent mark sweep GC freed 3(96B) AllocSpace objects, 0(0B) LOS objects, 23% free, 52MB/68MB, paused 441us total 21.702ms
08-06 04:27:37.044 14033 14124 I art     : Starting a blocking GC Explicit
08-06 04:27:37.067 14033 14124 I art     : Explicit concurrent mark sweep GC freed 3(96B) AllocSpace objects, 0(0B) LOS objects, 23% free, 52MB/68MB, paused 456us total 22.289ms
08-06 04:27:37.076 14033 14124 I art     : Starting a blocking GC Explicit
08-06 04:27:37.097 14033 14124 I art     : Explicit concurrent mark sweep GC freed 3(96B) AllocSpace objects, 0(0B) LOS objects, 23% free, 52MB/68MB, paused 486us total 21.626ms
08-06 04:27:37.414 14033 14123 I art     : Starting a blocking GC Explicit
08-06 04:27:37.435 13567 13567 W Atfwd_Sendcmd: AtCmdFwd service not published, waiting... retryCnt : 5
08-06 04:27:37.445 14033 14123 I art     : Explicit concurrent mark sweep GC freed 1344(78KB) AllocSpace objects, 1(20KB) LOS objects, 23% free, 52MB/68MB, paused 678us total 31.035ms
08-06 04:27:37.458 14033 14123 I art     : Starting a blocking GC Explicit
08-06 04:27:37.480 14033 14123 I art     : Explicit concurrent mark sweep GC freed 20(704B) AllocSpace objects, 0(0B) LOS objects, 23% free, 52MB/68MB, paused 463us total 21.913ms
08-06 04:27:37.489 14033 14123 I art     : Starting a blocking GC Explicit
08-06 04:27:37.511 14033 14123 I art     : Explicit concurrent mark sweep GC freed 3(96B) AllocSpace objects, 0(0B) LOS objects, 23% free, 52MB/68MB, paused 460us total 21.693ms
08-06 04:27:37.520 14033 14123 I art     : Starting a blocking GC Explicit
08-06 04:27:37.542 14033 14123 I art     : Explicit concurrent mark sweep GC freed 3(96B) AllocSpace objects, 0(0B) LOS objects, 23% free, 52MB/68MB, paused 507us total 21.958ms
08-06 04:27:37.551 14033 14123 I art     : Starting a blocking GC Explicit
08-06 04:27:37.573 14033 14123 I art     : Explicit concurrent mark sweep GC freed 3(96B) AllocSpace objects, 0(0B) LOS objects, 23% free, 52MB/68MB, paused 461us total 22.086ms
08-06 04:27:37.843 14033 14045 I art     : Starting a blocking GC Explicit
08-06 04:27:37.865 14033 14045 I art     : Explicit concurrent mark sweep GC freed 1344(78KB) AllocSpace objects, 1(20KB) LOS objects, 23% free, 52MB/68MB, paused 445us total 21.988ms
08-06 04:27:37.874 14033 14045 I art     : Starting a blocking GC Explicit
08-06 04:27:37.895 14033 14045 I art     : Explicit concurrent mark sweep GC freed 20(704B) AllocSpace objects, 0(0B) LOS objects, 23% free, 52MB/68MB, paused 451us total 20.448ms
08-06 04:27:37.903 14033 14045 I art     : Starting a blocking GC Explicit
08-06 04:27:37.924 14033 14045 I art     : Explicit concurrent mark sweep GC freed 3(96B) AllocSpace objects, 0(0B) LOS objects, 23% free, 52MB/68MB, paused 482us total 20.509ms
08-06 04:27:37.932 14033 14045 I art     : Starting a blocking GC Explicit
08-06 04:27:37.953 14033 14045 I art     : Explicit concurrent mark sweep GC freed 3(96B) AllocSpace objects, 0(0B) LOS objects, 23% free, 52MB/68MB, paused 456us total 20.978ms
08-06 04:27:37.962 14033 14045 I art     : Starting a blocking GC Explicit
08-06 04:27:37.982 14033 14045 I art     : Explicit concurrent mark sweep GC freed 3(96B) AllocSpace objects, 0(0B) LOS objects, 23% free, 52MB/68MB, paused 444us total 20.196ms
08-06 04:27:38.070 16508 16508 D AndroidRuntime: >>>>>> START com.android.internal.os.RuntimeInit uid 2000 <<<<<<
08-06 04:27:38.076 16508 16508 D AndroidRuntime: CheckJNI is OFF
08-06 04:27:38.114 16508 16508 D ICU     : No timezone override file found: /data/misc/zoneinfo/current/icu/icu_tzdata.dat
08-06 04:27:38.150 16508 16508 I Radio-JNI: register_android_hardware_Radio DONE
08-06 04:27:38.172 16508 16508 D AndroidRuntime: Calling main entry com.android.commands.input.Input
08-06 04:27:38.173 16508 16508 I Input   : injectKeyEvent: KeyEvent { action=ACTION_DOWN, keyCode=KEYCODE_BACK, scanCode=0, metaState=0, flags=0x0, repeatCount=0, eventTime=851274586, downTime=851274586, deviceId=-1, source=0x101 }
08-06 04:27:38.179 16508 16508 I Input   : injectKeyEvent: KeyEvent { action=ACTION_UP, keyCode=KEYCODE_BACK, scanCode=0, metaState=0, flags=0x0, repeatCount=0, eventTime=851274586, downTime=851274586, deviceId=-1, source=0x101 }
08-06 04:27:38.186 16508 16508 D AndroidRuntime: Shutting down VM
08-06 04:27:38.223 13866 13866 I GoogleInputMethodServic: GoogleInputMethodService.onFinishInput():3138 
08-06 04:27:38.223 13866 13866 I GoogleInputMethodServic: GoogleInputMethodService.onStartInput():1808 
08-06 04:27:38.265 14033 14124 I art     : Starting a blocking GC Explicit
08-06 04:27:38.284 14033 14124 I art     : Explicit concurrent mark sweep GC freed 1483(84KB) AllocSpace objects, 1(20KB) LOS objects, 23% free, 52MB/68MB, paused 428us total 19.305ms
08-06 04:27:38.292 14033 14124 I art     : Starting a blocking GC Explicit
08-06 04:27:38.315 14033 14124 I art     : Explicit concurrent mark sweep GC freed 26(944B) AllocSpace objects, 0(0B) LOS objects, 23% free, 52MB/68MB, paused 413us total 22.257ms
08-06 04:27:38.323 14033 14124 I art     : Starting a blocking GC Explicit
08-06 04:27:38.342 14033 14124 I art     : Explicit concurrent mark sweep GC freed 3(96B) AllocSpace objects, 0(0B) LOS objects, 23% free, 52MB/68MB, paused 389us total 19.151ms
08-06 04:27:38.353 14033 14124 I art     : Starting a blocking GC Explicit
08-06 04:27:38.374 14033 14124 I art     : Explicit concurrent mark sweep GC freed 3(96B) AllocSpace objects, 0(0B) LOS objects, 23% free, 52MB/68MB, paused 397us total 21.596ms
08-06 04:27:38.385 14033 14124 I art     : Starting a blocking GC Explicit
08-06 04:27:38.410 14033 14124 I art     : Explicit concurrent mark sweep GC freed 3(96B) AllocSpace objects, 0(0B) LOS objects, 23% free, 52MB/68MB, paused 420us total 24.209ms
08-06 04:27:38.509   380   380 W SurfaceFlinger: couldn't log to binary event log: overflow.
08-06 04:27:38.651 14033 14124 I art     : Starting a blocking GC Explicit
08-06 04:27:38.670 14033 14124 I art     : Explicit concurrent mark sweep GC freed 1454(87KB) AllocSpace objects, 1(20KB) LOS objects, 23% free, 52MB/68MB, paused 425us total 19.644ms
08-06 04:27:38.678 14033 14124 I art     : Starting a blocking GC Explicit
08-06 04:27:38.698 14033 14124 I art     : Explicit concurrent mark sweep GC freed 1422(91KB) AllocSpace objects, 1(28KB) LOS objects, 23% free, 52MB/68MB, paused 483us total 19.096ms
08-06 04:27:38.705 14033 14124 I art     : Starting a blocking GC Explicit
08-06 04:27:38.724 14033 14124 I art     : Explicit concurrent mark sweep GC freed 3(96B) AllocSpace objects, 0(0B) LOS objects, 23% free, 52MB/68MB, paused 427us total 18.689ms
08-06 04:27:38.732 14033 14124 I art     : Starting a blocking GC Explicit
08-06 04:27:38.751 14033 14124 I art     : Explicit concurrent mark sweep GC freed 3(96B) AllocSpace objects, 0(0B) LOS objects, 23% free, 52MB/68MB, paused 428us total 18.795ms
08-06 04:27:38.759 14033 14124 I art     : Starting a blocking GC Explicit
08-06 04:27:38.778 14033 14124 I art     : Explicit concurrent mark sweep GC freed 3(96B) AllocSpace objects, 0(0B) LOS objects, 23% free, 52MB/68MB, paused 431us total 18.674ms
08-06 04:27:39.054 14033 14123 I art     : Starting a blocking GC Explicit
08-06 04:27:39.076 14033 14123 I art     : Explicit concurrent mark sweep GC freed 1344(78KB) AllocSpace objects, 1(20KB) LOS objects, 23% free, 52MB/68MB, paused 545us total 21.634ms
08-06 04:27:39.085 14033 14123 I art     : Starting a blocking GC Explicit
08-06 04:27:39.105 14033 14123 I art     : Explicit concurrent mark sweep GC freed 20(704B) AllocSpace objects, 0(0B) LOS objects, 23% free, 52MB/68MB, paused 427us total 20.071ms
08-06 04:27:39.113 14033 14123 I art     : Starting a blocking GC Explicit
08-06 04:27:39.134 14033 14123 I art     : Explicit concurrent mark sweep GC freed 3(96B) AllocSpace objects, 0(0B) LOS objects, 23% free, 52MB/68MB, paused 444us total 20.560ms
08-06 04:27:39.143 14033 14123 I art     : Starting a blocking GC Explicit
08-06 04:27:39.165 14033 14123 I art     : Explicit concurrent mark sweep GC freed 3(96B) AllocSpace objects, 0(0B) LOS objects, 23% free, 52MB/68MB, paused 442us total 21.642ms
08-06 04:27:39.174 14033 14123 I art     : Starting a blocking GC Explicit
08-06 04:27:39.195 14033 14123 I art     : Explicit concurrent mark sweep GC freed 3(96B) AllocSpace objects, 0(0B) LOS objects, 23% free, 52MB/68MB, paused 444us total 21.557ms
08-06 04:27:39.484 14033 14045 I art     : Starting a blocking GC Explicit
08-06 04:27:39.506 14033 14045 I art     : Explicit concurrent mark sweep GC freed 1343(78KB) AllocSpace objects, 1(20KB) LOS objects, 23% free, 52MB/68MB, paused 508us total 21.465ms
08-06 04:27:39.515 14033 14045 I art     : Starting a blocking GC Explicit
08-06 04:27:39.535 14033 14045 I art     : Explicit concurrent mark sweep GC freed 20(704B) AllocSpace objects, 0(0B) LOS objects, 23% free, 52MB/68MB, paused 478us total 20.168ms
08-06 04:27:39.544 14033 14045 I art     : Starting a blocking GC Explicit
08-06 04:27:39.564 14033 14045 I art     : Explicit concurrent mark sweep GC freed 3(96B) AllocSpace objects, 0(0B) LOS objects, 23% free, 52MB/68MB, paused 448us total 20.644ms
08-06 04:27:39.573 14033 14045 I art     : Starting a blocking GC Explicit
08-06 04:27:39.593 14033 14045 I art     : Explicit concurrent mark sweep GC freed 3(96B) AllocSpace objects, 0(0B) LOS objects, 23% free, 52MB/68MB, paused 431us total 20.334ms
08-06 04:27:39.602 14033 14045 I art     : Starting a blocking GC Explicit
08-06 04:27:39.622 14033 14045 I art     : Explicit concurrent mark sweep GC freed 3(96B) AllocSpace objects, 0(0B) LOS objects, 23% free, 52MB/68MB, paused 464us total 19.810ms
08-06 04:27:39.856 16577 16577 D AndroidRuntime: >>>>>> START com.android.internal.os.RuntimeInit uid 2000 <<<<<<
08-06 04:27:39.861 16577 16577 D AndroidRuntime: CheckJNI is OFF
08-06 04:27:39.894 16577 16577 D ICU     : No timezone override file found: /data/misc/zoneinfo/current/icu/icu_tzdata.dat
08-06 04:27:39.903 14033 14045 I art     : Starting a blocking GC Explicit
08-06 04:27:39.924 14033 14045 I art     : Explicit concurrent mark sweep GC freed 1357(78KB) AllocSpace objects, 1(20KB) LOS objects, 23% free, 52MB/68MB, paused 479us total 20.446ms
08-06 04:27:39.928 16577 16577 I Radio-JNI: register_android_hardware_Radio DONE
08-06 04:27:39.933 14033 14045 I art     : Starting a blocking GC Explicit
08-06 04:27:39.951 16577 16577 D AndroidRuntime: Calling main entry com.android.commands.input.Input
08-06 04:27:39.953 16577 16577 I Input   : injectMotionEvent: MotionEvent { action=ACTION_DOWN, actionButton=0, id[0]=0, x[0]=756.0, y[0]=1530.0, toolType[0]=TOOL_TYPE_UNKNOWN, buttonState=0, metaState=0, flags=0x0, edgeFlags=0x0, pointerCount=1, historySize=0, eventTime=851276366, downTime=851276366, deviceId=0, source=0x1002 }
08-06 04:27:39.954 14033 14045 I art     : Explicit concurrent mark sweep GC freed 23(800B) AllocSpace objects, 0(0B) LOS objects, 23% free, 52MB/68MB, paused 490us total 21.100ms
08-06 04:27:39.958 16577 16577 I Input   : injectMotionEvent: MotionEvent { action=ACTION_UP, actionButton=0, id[0]=0, x[0]=756.0, y[0]=1530.0, toolType[0]=TOOL_TYPE_UNKNOWN, buttonState=0, metaState=0, flags=0x0, edgeFlags=0x0, pointerCount=1, historySize=0, eventTime=851276366, downTime=851276366, deviceId=0, source=0x1002 }
08-06 04:27:39.962 16577 16577 D AndroidRuntime: Shutting down VM
08-06 04:27:39.962 14033 14045 I art     : Starting a blocking GC Explicit
08-06 04:27:39.964   512  2967 D audio_hw_primary: out_set_parameters: enter: usecase(1: low-latency-playback) kvpairs: routing=2
08-06 04:27:39.964   918  5952 I ActivityManager: START u0 {cmp=baseline.appteam.nith.hillffair/.activities.LeaderBoardActivity} from uid 10697 on display 0
08-06 04:27:39.977   512  2967 D audio_hw_primary: select_devices: out_snd_device(2: speaker) in_snd_device(0: none)
08-06 04:27:39.977   512  2967 D msm8974_platform: platform_send_audio_calibration: sending audio calibration for snd_device(2) acdb_id(15)
08-06 04:27:39.977   512  2967 I soundtrigger: audio_extn_sound_trigger_update_device_status: device 0x2 of type 0 for Event 1
08-06 04:27:39.982 14033 14045 I art     : Explicit concurrent mark sweep GC freed 64(2208B) AllocSpace objects, 0(0B) LOS objects, 23% free, 52MB/68MB, paused 705us total 19.690ms
08-06 04:27:39.987   512  2967 D audio_hw_primary: enable_snd_device: snd_device(2: speaker)
08-06 04:27:39.989   512  2967 D audio_hw_primary: enable_audio_route: apply and update mixer path: low-latency-playback speaker
08-06 04:27:39.990 14033 14045 I art     : Starting a blocking GC Explicit
08-06 04:27:40.010 14033 14045 I art     : Explicit concurrent mark sweep GC freed 1093(62KB) AllocSpace objects, 0(0B) LOS objects, 23% free, 52MB/68MB, paused 802us total 20.077ms
08-06 04:27:40.019 14033 14045 I art     : Starting a blocking GC Explicit
08-06 04:27:40.039 14033 14045 I art     : Explicit concurrent mark sweep GC freed 4092(245KB) AllocSpace objects, 0(0B) LOS objects, 23% free, 52MB/68MB, paused 543us total 20.178ms
08-06 04:27:40.067 14033 14033 E RecyclerView: No adapter attached; skipping layout
08-06 04:27:40.069 14033 14033 E RecyclerView: No adapter attached; skipping layout
08-06 04:27:40.085   918   936 I ActivityManager: Displayed baseline.appteam.nith.hillffair/.activities.LeaderBoardActivity: +108ms
08-06 04:27:40.085 13866 13866 I GoogleInputMethodServic: GoogleInputMethodService.onFinishInput():3138 
08-06 04:27:40.086 13866 13866 I GoogleInputMethodServic: GoogleInputMethodService.onStartInput():1808 
08-06 04:27:40.087 14033 14033 E RecyclerView: No adapter attached; skipping layout
08-06 04:27:40.105 14033 14057 D OpenGLRenderer: endAllStagingAnimators on 0x7f802d8c00 (RippleDrawable) with handle 0x7f7fe1b2a0
08-06 04:27:40.293 14033 14123 I art     : Starting a blocking GC Explicit
08-06 04:27:40.327 14033 14123 I art     : Explicit concurrent mark sweep GC freed 1642(104KB) AllocSpace objects, 1(20KB) LOS objects, 23% free, 52MB/68MB, paused 563us total 33.689ms
08-06 04:27:40.328   380   380 W SurfaceFlinger: couldn't log to binary event log: overflow.
08-06 04:27:40.341 14033 14123 I art     : Starting a blocking GC Explicit
08-06 04:27:40.362 14033 14123 I art     : Explicit concurrent mark sweep GC freed 49(1648B) AllocSpace objects, 0(0B) LOS objects, 23% free, 52MB/68MB, paused 463us total 21.330ms
08-06 04:27:40.371 14033 14123 I art     : Starting a blocking GC Explicit
08-06 04:27:40.389 14033 14123 I art     : Explicit concurrent mark sweep GC freed 3(96B) AllocSpace objects, 0(0B) LOS objects, 23% free, 52MB/68MB, paused 437us total 17.803ms
08-06 04:27:40.397 14033 14123 I art     : Starting a blocking GC Explicit
08-06 04:27:40.416 14033 14123 I art     : Explicit concurrent mark sweep GC freed 3(96B) AllocSpace objects, 0(0B) LOS objects, 23% free, 52MB/68MB, paused 438us total 18.702ms
08-06 04:27:40.426 14033 14123 I art     : Starting a blocking GC Explicit
08-06 04:27:40.444 14033 14123 I art     : Explicit concurrent mark sweep GC freed 3(96B) AllocSpace objects, 0(0B) LOS objects, 23% free, 52MB/68MB, paused 478us total 18.139ms
08-06 04:27:40.528   512  2967 D audio_hw_primary: disable_audio_route: reset and update mixer path: low-latency-playback speaker
08-06 04:27:40.529   512  2967 D audio_hw_primary: disable_snd_device: snd_device(2: speaker)
08-06 04:27:40.537   512  2967 I soundtrigger: audio_extn_sound_trigger_update_device_status: device 0x2 of type 0 for Event 0
08-06 04:27:40.705 14033 14124 I art     : Starting a blocking GC Explicit
08-06 04:27:40.726 14033 14124 I art     : Explicit concurrent mark sweep GC freed 1490(86KB) AllocSpace objects, 1(20KB) LOS objects, 23% free, 52MB/68MB, paused 480us total 20.380ms
08-06 04:27:40.734 14033 14124 I art     : Starting a blocking GC Explicit
08-06 04:27:40.754 14033 14124 I art     : Explicit concurrent mark sweep GC freed 74(2496B) AllocSpace objects, 0(0B) LOS objects, 23% free, 52MB/68MB, paused 557us total 19.823ms
08-06 04:27:40.762 14033 14124 I art     : Starting a blocking GC Explicit
08-06 04:27:40.782 14033 14124 I art     : Explicit concurrent mark sweep GC freed 13(480B) AllocSpace objects, 0(0B) LOS objects, 23% free, 52MB/68MB, paused 441us total 19.285ms
08-06 04:27:40.790 14033 14124 I art     : Starting a blocking GC Explicit
08-06 04:27:40.810 14033 14124 I art     : Explicit concurrent mark sweep GC freed 2309(122KB) AllocSpace objects, 2(120KB) LOS objects, 23% free, 53MB/69MB, paused 783us total 20.084ms
08-06 04:27:40.818 14033 16600 D OkHttp  : --> GET https://api-hillfair-2k16.herokuapp.com/api/app/quiz/leaderboard?from=1 http/1.1
08-06 04:27:40.819 14033 14124 I art     : Starting a blocking GC Explicit
08-06 04:27:40.839 14033 14124 I art     : Explicit concurrent mark sweep GC freed 1218(126KB) AllocSpace objects, 1(80KB) LOS objects, 23% free, 52MB/68MB, paused 576us total 20.137ms
08-06 04:27:40.854 14033 16600 D OkHttp  : <-- 200 OK https://api-hillfair-2k16.herokuapp.com/api/app/quiz/leaderboard?from=1 (36ms, 56744-byte body)
08-06 04:27:40.860   518   646 I ThermalEngine: ACTION: GPU - Setting GPU[0] to 450000000
08-06 04:27:40.946 14033 14033 I NAPPA_EXPERIMENTATION: MetricNetworkRequestExecutionTime: REQUEST_DURATION_SYSTEM='931',REQUEST_DURATION_OKHTTP='36',REQUEST_SYNCHRONOUS='FALSE',RESPONSE_CODE='200',RESPONSE_METHOD='GET',RESPONSE_LENGTH_OKHTTP='56744',RESPONSE_LENGTH_HEADER='56744',REQUEST_PROTOCOL='http/1.1',REQUEST_URL='https://api-hillfair-2k16.herokuapp.com/api/app/quiz/leaderboard?from=1',
08-06 04:27:41.123 14033 14045 I art     : Starting a blocking GC Explicit
08-06 04:27:41.159 14033 14045 I art     : Explicit concurrent mark sweep GC freed 27709(1312KB) AllocSpace objects, 1(20KB) LOS objects, 23% free, 53MB/69MB, paused 625us total 36.292ms
08-06 04:27:41.171 14033 14045 I art     : Starting a blocking GC Explicit
08-06 04:27:41.199 14033 14045 I art     : Explicit concurrent mark sweep GC freed 127(4KB) AllocSpace objects, 0(0B) LOS objects, 23% free, 53MB/69MB, paused 613us total 28.061ms
08-06 04:27:41.210 14033 14045 I art     : Starting a blocking GC Explicit
08-06 04:27:41.238 14033 14045 I art     : Explicit concurrent mark sweep GC freed 3(96B) AllocSpace objects, 0(0B) LOS objects, 23% free, 53MB/69MB, paused 631us total 27.656ms
08-06 04:27:41.249 14033 14045 I art     : Starting a blocking GC Explicit
08-06 04:27:41.278 14033 14045 I art     : Explicit concurrent mark sweep GC freed 3(96B) AllocSpace objects, 0(0B) LOS objects, 23% free, 53MB/69MB, paused 618us total 29.117ms
08-06 04:27:41.291 14033 14045 I art     : Starting a blocking GC Explicit
08-06 04:27:41.320 14033 14045 I art     : Explicit concurrent mark sweep GC freed 3(96B) AllocSpace objects, 0(0B) LOS objects, 23% free, 53MB/69MB, paused 611us total 28.974ms
08-06 04:27:41.621 14033 14123 I art     : Starting a blocking GC Explicit
08-06 04:27:41.657 14033 14123 I art     : Explicit concurrent mark sweep GC freed 1344(78KB) AllocSpace objects, 1(20KB) LOS objects, 23% free, 53MB/69MB, paused 655us total 35.109ms
08-06 04:27:41.671 14033 14123 I art     : Starting a blocking GC Explicit
08-06 04:27:41.704 14033 14123 I art     : Explicit concurrent mark sweep GC freed 20(704B) AllocSpace objects, 0(0B) LOS objects, 23% free, 53MB/69MB, paused 648us total 31.961ms
08-06 04:27:41.716 14033 14123 I art     : Starting a blocking GC Explicit
08-06 04:27:41.748 14033 14123 I art     : Explicit concurrent mark sweep GC freed 3(96B) AllocSpace objects, 0(0B) LOS objects, 23% free, 53MB/69MB, paused 687us total 31.759ms
08-06 04:27:41.760 14033 14123 I art     : Starting a blocking GC Explicit
08-06 04:27:41.792 14033 14123 I art     : Explicit concurrent mark sweep GC freed 3(96B) AllocSpace objects, 0(0B) LOS objects, 23% free, 53MB/69MB, paused 636us total 32.280ms
08-06 04:27:41.804 14033 14123 I art     : Starting a blocking GC Explicit
08-06 04:27:41.837 14033 14123 I art     : Explicit concurrent mark sweep GC freed 3(96B) AllocSpace objects, 0(0B) LOS objects, 23% free, 53MB/69MB, paused 636us total 32.025ms
08-06 04:27:42.178 14033 14124 I art     : Starting a blocking GC Explicit
08-06 04:27:42.220 14033 14124 I art     : Explicit concurrent mark sweep GC freed 1344(78KB) AllocSpace objects, 1(20KB) LOS objects, 23% free, 53MB/69MB, paused 705us total 41.967ms
08-06 04:27:42.236 14033 14124 I art     : Starting a blocking GC Explicit
08-06 04:27:42.270 14033 14124 I art     : Explicit concurrent mark sweep GC freed 20(704B) AllocSpace objects, 0(0B) LOS objects, 23% free, 53MB/69MB, paused 622us total 34.226ms
08-06 04:27:42.282 14033 14124 I art     : Starting a blocking GC Explicit
08-06 04:27:42.315 14033 14124 I art     : Explicit concurrent mark sweep GC freed 3(96B) AllocSpace objects, 0(0B) LOS objects, 23% free, 53MB/69MB, paused 631us total 32.012ms
08-06 04:27:42.327 14033 14124 I art     : Starting a blocking GC Explicit
08-06 04:27:42.359 14033 14124 I art     : Explicit concurrent mark sweep GC freed 3(96B) AllocSpace objects, 0(0B) LOS objects, 23% free, 53MB/69MB, paused 632us total 31.417ms
08-06 04:27:42.371 14033 14124 I art     : Starting a blocking GC Explicit
08-06 04:27:42.403 14033 14124 I art     : Explicit concurrent mark sweep GC freed 3(96B) AllocSpace objects, 0(0B) LOS objects, 23% free, 53MB/69MB, paused 630us total 32.037ms
08-06 04:27:42.738 14033 14046 I art     : Starting a blocking GC Explicit
08-06 04:27:42.776 14033 14046 I art     : Explicit concurrent mark sweep GC freed 1344(78KB) AllocSpace objects, 1(20KB) LOS objects, 23% free, 53MB/69MB, paused 701us total 37.288ms
08-06 04:27:42.791 14033 14046 I art     : Starting a blocking GC Explicit
08-06 04:27:42.823 14033 14046 I art     : Explicit concurrent mark sweep GC freed 20(704B) AllocSpace objects, 0(0B) LOS objects, 23% free, 53MB/69MB, paused 652us total 31.980ms
08-06 04:27:42.835 14033 14046 I art     : Starting a blocking GC Explicit
08-06 04:27:42.867 14033 14046 I art     : Explicit concurrent mark sweep GC freed 3(96B) AllocSpace objects, 0(0B) LOS objects, 23% free, 53MB/69MB, paused 660us total 31.285ms
08-06 04:27:42.879 14033 14046 I art     : Starting a blocking GC Explicit
08-06 04:27:42.910 14033 14046 I art     : Explicit concurrent mark sweep GC freed 3(96B) AllocSpace objects, 0(0B) LOS objects, 23% free, 53MB/69MB, paused 638us total 31.131ms
08-06 04:27:42.922 14033 14046 I art     : Starting a blocking GC Explicit
08-06 04:27:42.954 14033 14046 I art     : Explicit concurrent mark sweep GC freed 3(96B) AllocSpace objects, 0(0B) LOS objects, 23% free, 53MB/69MB, paused 604us total 31.636ms
08-06 04:27:43.287 14033 14045 I art     : Starting a blocking GC Explicit
08-06 04:27:43.331 14033 14045 I art     : Explicit concurrent mark sweep GC freed 1344(78KB) AllocSpace objects, 1(20KB) LOS objects, 23% free, 53MB/69MB, paused 711us total 43.576ms
08-06 04:27:43.348 14033 14045 I art     : Starting a blocking GC Explicit
08-06 04:27:43.381 14033 14045 I art     : Explicit concurrent mark sweep GC freed 20(704B) AllocSpace objects, 0(0B) LOS objects, 23% free, 53MB/69MB, paused 633us total 32.183ms
08-06 04:27:43.392 14033 14045 I art     : Starting a blocking GC Explicit
08-06 04:27:43.425 14033 14045 I art     : Explicit concurrent mark sweep GC freed 3(96B) AllocSpace objects, 0(0B) LOS objects, 23% free, 53MB/69MB, paused 627us total 31.905ms
08-06 04:27:43.437 14033 14045 I art     : Starting a blocking GC Explicit
08-06 04:27:43.468 14033 14045 I art     : Explicit concurrent mark sweep GC freed 3(96B) AllocSpace objects, 0(0B) LOS objects, 23% free, 53MB/69MB, paused 714us total 31.104ms
08-06 04:27:43.480 14033 14045 I art     : Starting a blocking GC Explicit
08-06 04:27:43.511 14033 14045 I art     : Explicit concurrent mark sweep GC freed 3(96B) AllocSpace objects, 0(0B) LOS objects, 23% free, 53MB/69MB, paused 641us total 30.833ms
08-06 04:27:43.840 14033 14123 I art     : Starting a blocking GC Explicit
08-06 04:27:43.864   518   646 I ThermalEngine: ACTION: GPU - Setting GPU[0] to 510000000
08-06 04:27:43.877 14033 14123 I art     : Explicit concurrent mark sweep GC freed 1344(78KB) AllocSpace objects, 1(20KB) LOS objects, 23% free, 53MB/69MB, paused 691us total 37.334ms
08-06 04:27:43.889 14033 14123 I art     : Starting a blocking GC Explicit
08-06 04:27:43.918 14033 14123 I art     : Explicit concurrent mark sweep GC freed 20(704B) AllocSpace objects, 0(0B) LOS objects, 23% free, 53MB/69MB, paused 508us total 28.743ms
08-06 04:27:43.928 14033 14123 I art     : Starting a blocking GC Explicit
08-06 04:27:43.952 14033 14123 I art     : Explicit concurrent mark sweep GC freed 3(96B) AllocSpace objects, 0(0B) LOS objects, 23% free, 53MB/69MB, paused 459us total 23.601ms
08-06 04:27:43.961 14033 14123 I art     : Starting a blocking GC Explicit
08-06 04:27:43.985 14033 14123 I art     : Explicit concurrent mark sweep GC freed 3(96B) AllocSpace objects, 0(0B) LOS objects, 23% free, 53MB/69MB, paused 474us total 23.648ms
08-06 04:27:43.994 14033 14123 I art     : Starting a blocking GC Explicit
08-06 04:27:44.018 14033 14123 I art     : Explicit concurrent mark sweep GC freed 3(96B) AllocSpace objects, 0(0B) LOS objects, 23% free, 53MB/69MB, paused 495us total 23.135ms
08-06 04:27:44.319 14033 14124 I art     : Starting a blocking GC Explicit
08-06 04:27:44.351 14033 14124 I art     : Explicit concurrent mark sweep GC freed 1344(78KB) AllocSpace objects, 1(20KB) LOS objects, 23% free, 53MB/69MB, paused 488us total 32.417ms
08-06 04:27:44.360 14033 14124 I art     : Starting a blocking GC Explicit
08-06 04:27:44.383 14033 14124 I art     : Explicit concurrent mark sweep GC freed 20(704B) AllocSpace objects, 0(0B) LOS objects, 23% free, 53MB/69MB, paused 444us total 22.700ms
08-06 04:27:44.392 14033 14124 I art     : Starting a blocking GC Explicit
08-06 04:27:44.413 14033 14124 I art     : Explicit concurrent mark sweep GC freed 3(96B) AllocSpace objects, 0(0B) LOS objects, 23% free, 53MB/69MB, paused 459us total 21.380ms
08-06 04:27:44.422 14033 14124 I art     : Starting a blocking GC Explicit
08-06 04:27:44.444 14033 14124 I art     : Explicit concurrent mark sweep GC freed 3(96B) AllocSpace objects, 0(0B) LOS objects, 23% free, 53MB/69MB, paused 461us total 22.337ms
08-06 04:27:44.453 14033 14124 I art     : Starting a blocking GC Explicit
08-06 04:27:44.475 14033 14124 I art     : Explicit concurrent mark sweep GC freed 3(96B) AllocSpace objects, 0(0B) LOS objects, 23% free, 53MB/69MB, paused 463us total 22.030ms
08-06 04:27:44.646 16684 16684 D AndroidRuntime: >>>>>> START com.android.internal.os.RuntimeInit uid 2000 <<<<<<
08-06 04:27:44.651 16684 16684 D AndroidRuntime: CheckJNI is OFF
08-06 04:27:44.684 16684 16684 D ICU     : No timezone override file found: /data/misc/zoneinfo/current/icu/icu_tzdata.dat
08-06 04:27:44.716 16684 16684 I Radio-JNI: register_android_hardware_Radio DONE
08-06 04:27:44.738 16684 16684 D AndroidRuntime: Calling main entry com.android.commands.input.Input
08-06 04:27:44.739 16684 16684 I Input   : injectKeyEvent: KeyEvent { action=ACTION_DOWN, keyCode=KEYCODE_BACK, scanCode=0, metaState=0, flags=0x0, repeatCount=0, eventTime=851281152, downTime=851281152, deviceId=-1, source=0x101 }
08-06 04:27:44.744 16684 16684 I Input   : injectKeyEvent: KeyEvent { action=ACTION_UP, keyCode=KEYCODE_BACK, scanCode=0, metaState=0, flags=0x0, repeatCount=0, eventTime=851281152, downTime=851281152, deviceId=-1, source=0x101 }
08-06 04:27:44.751 16684 16684 D AndroidRuntime: Shutting down VM
08-06 04:27:44.785 14033 14046 I art     : Starting a blocking GC Explicit
08-06 04:27:44.797 13866 13866 I GoogleInputMethodServic: GoogleInputMethodService.onFinishInput():3138 
08-06 04:27:44.798 13866 13866 I GoogleInputMethodServic: GoogleInputMethodService.onStartInput():1808 
08-06 04:27:44.807 14033 14046 I art     : Explicit concurrent mark sweep GC freed 1465(84KB) AllocSpace objects, 1(20KB) LOS objects, 23% free, 53MB/69MB, paused 644us total 22.519ms
08-06 04:27:44.820 14033 14046 I art     : Starting a blocking GC Explicit
08-06 04:27:44.845 14033 14046 I art     : Explicit concurrent mark sweep GC freed 41(1440B) AllocSpace objects, 0(0B) LOS objects, 23% free, 53MB/69MB, paused 477us total 24.707ms
08-06 04:27:44.853 14033 14046 I art     : Starting a blocking GC Explicit
08-06 04:27:44.872 14033 14046 I art     : Explicit concurrent mark sweep GC freed 4(112B) AllocSpace objects, 0(0B) LOS objects, 23% free, 53MB/69MB, paused 419us total 19.172ms
08-06 04:27:44.880 14033 14046 I art     : Starting a blocking GC Explicit
08-06 04:27:44.901 14033 14046 I art     : Explicit concurrent mark sweep GC freed 3(96B) AllocSpace objects, 0(0B) LOS objects, 23% free, 53MB/69MB, paused 429us total 20.403ms
08-06 04:27:44.910 14033 14046 I art     : Starting a blocking GC Explicit
08-06 04:27:44.931 14033 14046 I art     : Explicit concurrent mark sweep GC freed 3(96B) AllocSpace objects, 0(0B) LOS objects, 23% free, 53MB/69MB, paused 451us total 20.847ms
08-06 04:27:45.082   380   380 W SurfaceFlinger: couldn't log to binary event log: overflow.
08-06 04:27:45.181 14033 14046 I art     : Starting a blocking GC Explicit
08-06 04:27:45.202 14033 14046 I art     : Explicit concurrent mark sweep GC freed 1463(87KB) AllocSpace objects, 1(20KB) LOS objects, 23% free, 53MB/69MB, paused 463us total 20.873ms
08-06 04:27:45.210 14033 14046 I art     : Starting a blocking GC Explicit
08-06 04:27:45.229 14033 14046 I art     : Explicit concurrent mark sweep GC freed 4698(269KB) AllocSpace objects, 2(140KB) LOS objects, 23% free, 52MB/68MB, paused 446us total 19.343ms
08-06 04:27:45.237 14033 14046 I art     : Starting a blocking GC Explicit
08-06 04:27:45.256 14033 14046 I art     : Explicit concurrent mark sweep GC freed 3(96B) AllocSpace objects, 0(0B) LOS objects, 23% free, 52MB/68MB, paused 450us total 18.678ms
08-06 04:27:45.264 14033 14046 I art     : Starting a blocking GC Explicit
08-06 04:27:45.283 14033 14046 I art     : Explicit concurrent mark sweep GC freed 3(96B) AllocSpace objects, 0(0B) LOS objects, 23% free, 52MB/68MB, paused 452us total 18.710ms
08-06 04:27:45.291 14033 14046 I art     : Starting a blocking GC Explicit
08-06 04:27:45.310 14033 14046 I art     : Explicit concurrent mark sweep GC freed 3(96B) AllocSpace objects, 0(0B) LOS objects, 23% free, 52MB/68MB, paused 461us total 18.627ms
08-06 04:27:45.595 14033 14045 I art     : Starting a blocking GC Explicit
08-06 04:27:45.617 14033 14045 I art     : Explicit concurrent mark sweep GC freed 1344(78KB) AllocSpace objects, 1(20KB) LOS objects, 23% free, 52MB/68MB, paused 506us total 21.589ms
08-06 04:27:45.626 14033 14045 I art     : Starting a blocking GC Explicit
08-06 04:27:45.646 14033 14045 I art     : Explicit concurrent mark sweep GC freed 20(704B) AllocSpace objects, 0(0B) LOS objects, 23% free, 52MB/68MB, paused 465us total 20.350ms
08-06 04:27:45.655 14033 14045 I art     : Starting a blocking GC Explicit
08-06 04:27:45.676 14033 14045 I art     : Explicit concurrent mark sweep GC freed 3(96B) AllocSpace objects, 0(0B) LOS objects, 23% free, 52MB/68MB, paused 515us total 21.195ms
08-06 04:27:45.685 14033 14045 I art     : Starting a blocking GC Explicit
08-06 04:27:45.707 14033 14045 I art     : Explicit concurrent mark sweep GC freed 3(96B) AllocSpace objects, 0(0B) LOS objects, 23% free, 52MB/68MB, paused 452us total 21.229ms
08-06 04:27:45.715 14033 14045 I art     : Starting a blocking GC Explicit
08-06 04:27:45.737 14033 14045 I art     : Explicit concurrent mark sweep GC freed 3(96B) AllocSpace objects, 0(0B) LOS objects, 23% free, 52MB/68MB, paused 528us total 21.498ms
08-06 04:27:46.019 14033 14123 I art     : Starting a blocking GC Explicit
08-06 04:27:46.041 14033 14123 I art     : Explicit concurrent mark sweep GC freed 1343(78KB) AllocSpace objects, 1(20KB) LOS objects, 23% free, 52MB/68MB, paused 504us total 22.228ms
08-06 04:27:46.050 14033 14123 I art     : Starting a blocking GC Explicit
08-06 04:27:46.071 14033 14123 I art     : Explicit concurrent mark sweep GC freed 20(704B) AllocSpace objects, 0(0B) LOS objects, 23% free, 52MB/68MB, paused 475us total 20.767ms
08-06 04:27:46.080 14033 14123 I art     : Starting a blocking GC Explicit
08-06 04:27:46.101 14033 14123 I art     : Explicit concurrent mark sweep GC freed 3(96B) AllocSpace objects, 0(0B) LOS objects, 23% free, 52MB/68MB, paused 482us total 21.143ms
08-06 04:27:46.110 14033 14123 I art     : Starting a blocking GC Explicit
08-06 04:27:46.130 14033 14123 I art     : Explicit concurrent mark sweep GC freed 3(96B) AllocSpace objects, 0(0B) LOS objects, 23% free, 52MB/68MB, paused 538us total 20.072ms
08-06 04:27:46.139 14033 14123 I art     : Starting a blocking GC Explicit
08-06 04:27:46.159 14033 14123 I art     : Explicit concurrent mark sweep GC freed 3(96B) AllocSpace objects, 0(0B) LOS objects, 23% free, 52MB/68MB, paused 500us total 20.423ms
08-06 04:27:46.401 16747 16747 D AndroidRuntime: >>>>>> START com.android.internal.os.RuntimeInit uid 2000 <<<<<<
08-06 04:27:46.407 16747 16747 D AndroidRuntime: CheckJNI is OFF
08-06 04:27:46.433 14033 14123 I art     : Starting a blocking GC Explicit
08-06 04:27:46.447 16747 16747 D ICU     : No timezone override file found: /data/misc/zoneinfo/current/icu/icu_tzdata.dat
08-06 04:27:46.459 14033 14123 I art     : Explicit concurrent mark sweep GC freed 1353(78KB) AllocSpace objects, 1(20KB) LOS objects, 23% free, 52MB/68MB, paused 742us total 24.940ms
08-06 04:27:46.467 14033 14123 I art     : Starting a blocking GC Explicit
08-06 04:27:46.484 16747 16747 I Radio-JNI: register_android_hardware_Radio DONE
08-06 04:27:46.489 14033 14123 I art     : Explicit concurrent mark sweep GC freed 23(800B) AllocSpace objects, 0(0B) LOS objects, 23% free, 52MB/68MB, paused 539us total 22.040ms
08-06 04:27:46.498 14033 14123 I art     : Starting a blocking GC Explicit
08-06 04:27:46.507 16747 16747 D AndroidRuntime: Calling main entry com.android.commands.input.Input
08-06 04:27:46.508 16747 16747 I Input   : injectKeyEvent: KeyEvent { action=ACTION_DOWN, keyCode=KEYCODE_BACK, scanCode=0, metaState=0, flags=0x0, repeatCount=0, eventTime=851282921, downTime=851282921, deviceId=-1, source=0x101 }
08-06 04:27:46.513 16747 16747 I Input   : injectKeyEvent: KeyEvent { action=ACTION_UP, keyCode=KEYCODE_BACK, scanCode=0, metaState=0, flags=0x0, repeatCount=0, eventTime=851282921, downTime=851282921, deviceId=-1, source=0x101 }
08-06 04:27:46.518 16747 16747 D AndroidRuntime: Shutting down VM
08-06 04:27:46.518 14033 14123 I art     : Explicit concurrent mark sweep GC freed 8(304B) AllocSpace objects, 0(0B) LOS objects, 23% free, 52MB/68MB, paused 590us total 19.630ms
08-06 04:27:46.527 14033 14123 I art     : Starting a blocking GC Explicit
08-06 04:27:46.546 14033 14123 I art     : Explicit concurrent mark sweep GC freed 139(6KB) AllocSpace objects, 0(0B) LOS objects, 23% free, 52MB/68MB, paused 518us total 18.552ms
08-06 04:27:46.554 14033 14123 I art     : Starting a blocking GC Explicit
08-06 04:27:46.574 14033 14123 I art     : Explicit concurrent mark sweep GC freed 10(320B) AllocSpace objects, 0(0B) LOS objects, 23% free, 52MB/68MB, paused 438us total 19.754ms
08-06 04:27:46.592 13866 13866 I GoogleInputMethodServic: GoogleInputMethodService.onFinishInput():3138 
08-06 04:27:46.593 13866 13866 I GoogleInputMethodServic: GoogleInputMethodService.onStartInput():1808 
08-06 04:27:46.817 14033 14124 I art     : Starting a blocking GC Explicit
08-06 04:27:46.836 14033 14124 I art     : Explicit concurrent mark sweep GC freed 1401(80KB) AllocSpace objects, 1(20KB) LOS objects, 23% free, 52MB/68MB, paused 409us total 19.022ms
08-06 04:27:46.845 14033 14124 I art     : Starting a blocking GC Explicit
08-06 04:27:46.863 14033 14124 I art     : Explicit concurrent mark sweep GC freed 24(864B) AllocSpace objects, 0(0B) LOS objects, 23% free, 52MB/68MB, paused 446us total 18.498ms
08-06 04:27:46.871 14033 14124 I art     : Starting a blocking GC Explicit
08-06 04:27:46.884   380   380 W SurfaceFlinger: couldn't log to binary event log: overflow.
08-06 04:27:46.890 14033 14124 I art     : Explicit concurrent mark sweep GC freed 102(8KB) AllocSpace objects, 0(0B) LOS objects, 23% free, 52MB/68MB, paused 417us total 18.758ms
08-06 04:27:46.899 14033 14124 I art     : Starting a blocking GC Explicit
08-06 04:27:46.918 14033 14124 I art     : Explicit concurrent mark sweep GC freed 22(944B) AllocSpace objects, 0(0B) LOS objects, 23% free, 52MB/68MB, paused 480us total 19.115ms
08-06 04:27:46.926 14033 14124 I art     : Starting a blocking GC Explicit
08-06 04:27:46.945 14033 14124 I art     : Explicit concurrent mark sweep GC freed 2079(122KB) AllocSpace objects, 3(340KB) LOS objects, 23% free, 52MB/68MB, paused 457us total 19.158ms
08-06 04:27:47.225 14033 14045 I art     : Starting a blocking GC Explicit
08-06 04:27:47.252 14033 14045 I art     : Explicit concurrent mark sweep GC freed 1343(78KB) AllocSpace objects, 1(20KB) LOS objects, 23% free, 52MB/68MB, paused 513us total 26.577ms
08-06 04:27:47.264 14033 14045 I art     : Starting a blocking GC Explicit
08-06 04:27:47.286 14033 14045 I art     : Explicit concurrent mark sweep GC freed 20(704B) AllocSpace objects, 0(0B) LOS objects, 23% free, 52MB/68MB, paused 461us total 21.600ms
08-06 04:27:47.295 14033 14045 I art     : Starting a blocking GC Explicit
08-06 04:27:47.316 14033 14045 I art     : Explicit concurrent mark sweep GC freed 3(96B) AllocSpace objects, 0(0B) LOS objects, 23% free, 52MB/68MB, paused 474us total 21.166ms
08-06 04:27:47.325 14033 14045 I art     : Starting a blocking GC Explicit
08-06 04:27:47.350 14033 14045 I art     : Explicit concurrent mark sweep GC freed 3(96B) AllocSpace objects, 0(0B) LOS objects, 23% free, 52MB/68MB, paused 516us total 25.213ms
08-06 04:27:47.359 14033 14045 I art     : Starting a blocking GC Explicit
08-06 04:27:47.381 14033 14045 I art     : Explicit concurrent mark sweep GC freed 3(96B) AllocSpace objects, 0(0B) LOS objects, 23% free, 52MB/68MB, paused 474us total 20.951ms
08-06 04:27:47.666 14033 14046 I art     : Starting a blocking GC Explicit
08-06 04:27:47.692 14033 14046 I art     : Explicit concurrent mark sweep GC freed 1341(78KB) AllocSpace objects, 1(20KB) LOS objects, 23% free, 52MB/68MB, paused 501us total 26.258ms
08-06 04:27:47.704 14033 14046 I art     : Starting a blocking GC Explicit
08-06 04:27:47.730 14033 14046 I art     : Explicit concurrent mark sweep GC freed 20(704B) AllocSpace objects, 0(0B) LOS objects, 23% free, 52MB/68MB, paused 520us total 25.153ms
08-06 04:27:47.742 14033 14046 I art     : Starting a blocking GC Explicit
08-06 04:27:47.762 14033 14046 I art     : Explicit concurrent mark sweep GC freed 7(224B) AllocSpace objects, 0(0B) LOS objects, 23% free, 52MB/68MB, paused 433us total 20.475ms
08-06 04:27:47.771 14033 14046 I art     : Starting a blocking GC Explicit
08-06 04:27:47.790 14033 14046 I art     : Explicit concurrent mark sweep GC freed 12(576B) AllocSpace objects, 0(0B) LOS objects, 23% free, 52MB/68MB, paused 456us total 18.985ms
08-06 04:27:47.798 14033 14046 I art     : Starting a blocking GC Explicit
08-06 04:27:47.817 14033 14046 I art     : Explicit concurrent mark sweep GC freed 17(528B) AllocSpace objects, 0(0B) LOS objects, 23% free, 52MB/68MB, paused 461us total 19.091ms
08-06 04:27:48.086 14033 16788 I art     : Starting a blocking GC Explicit
08-06 04:27:48.108 14033 16788 I art     : Explicit concurrent mark sweep GC freed 1341(78KB) AllocSpace objects, 1(20KB) LOS objects, 23% free, 52MB/68MB, paused 491us total 20.897ms
08-06 04:27:48.116 14033 16788 I art     : Starting a blocking GC Explicit
08-06 04:27:48.136 14033 16788 I art     : Explicit concurrent mark sweep GC freed 20(704B) AllocSpace objects, 0(0B) LOS objects, 23% free, 52MB/68MB, paused 519us total 19.939ms
08-06 04:27:48.145 14033 16788 I art     : Starting a blocking GC Explicit
08-06 04:27:48.165 14033 16788 I art     : Explicit concurrent mark sweep GC freed 3(96B) AllocSpace objects, 0(0B) LOS objects, 23% free, 52MB/68MB, paused 485us total 20.350ms
08-06 04:27:48.173 16811 16811 D AndroidRuntime: >>>>>> START com.android.internal.os.RuntimeInit uid 2000 <<<<<<
08-06 04:27:48.174 14033 16788 I art     : Starting a blocking GC Explicit
08-06 04:27:48.178 16811 16811 D AndroidRuntime: CheckJNI is OFF
08-06 04:27:48.194 14033 16788 I art     : Explicit concurrent mark sweep GC freed 3(96B) AllocSpace objects, 0(0B) LOS objects, 23% free, 52MB/68MB, paused 472us total 19.803ms
08-06 04:27:48.203 14033 16788 I art     : Starting a blocking GC Explicit
08-06 04:27:48.215 16811 16811 D ICU     : No timezone override file found: /data/misc/zoneinfo/current/icu/icu_tzdata.dat
08-06 04:27:48.222 14033 16788 I art     : Explicit concurrent mark sweep GC freed 3(96B) AllocSpace objects, 0(0B) LOS objects, 23% free, 52MB/68MB, paused 450us total 19.212ms
08-06 04:27:48.249 16811 16811 I Radio-JNI: register_android_hardware_Radio DONE
08-06 04:27:48.271 16811 16811 D AndroidRuntime: Calling main entry com.android.commands.input.Input
08-06 04:27:48.273 16811 16811 I Input   : injectMotionEvent: MotionEvent { action=ACTION_DOWN, actionButton=0, id[0]=0, x[0]=1053.0, y[0]=1173.0, toolType[0]=TOOL_TYPE_UNKNOWN, buttonState=0, metaState=0, flags=0x0, edgeFlags=0x0, pointerCount=1, historySize=0, eventTime=851284685, downTime=851284685, deviceId=0, source=0x1002 }
08-06 04:27:48.278 16811 16811 I Input   : injectMotionEvent: MotionEvent { action=ACTION_UP, actionButton=0, id[0]=0, x[0]=1053.0, y[0]=1173.0, toolType[0]=TOOL_TYPE_UNKNOWN, buttonState=0, metaState=0, flags=0x0, edgeFlags=0x0, pointerCount=1, historySize=0, eventTime=851284685, downTime=851284685, deviceId=0, source=0x1002 }
08-06 04:27:48.280   918   929 I ActivityManager: START u0 {cmp=baseline.appteam.nith.hillffair/.activities.QuizActivity} from uid 10697 on display 0
08-06 04:27:48.287 16811 16811 D AndroidRuntime: Shutting down VM
08-06 04:27:48.379   918   936 I ActivityManager: Displayed baseline.appteam.nith.hillffair/.activities.QuizActivity: +92ms
08-06 04:27:48.379 13866 13866 I GoogleInputMethodServic: GoogleInputMethodService.onFinishInput():3138 
08-06 04:27:48.380 13866 13866 I GoogleInputMethodServic: GoogleInputMethodService.onStartInput():1808 
08-06 04:27:48.471 14033 14123 I art     : Starting a blocking GC Explicit
08-06 04:27:48.495 14033 14123 I art     : Explicit concurrent mark sweep GC freed 2155(133KB) AllocSpace objects, 1(20KB) LOS objects, 23% free, 52MB/68MB, paused 438us total 23.437ms
08-06 04:27:48.504 14033 14123 I art     : Starting a blocking GC Explicit
08-06 04:27:48.529 14033 14123 I art     : Explicit concurrent mark sweep GC freed 187(8KB) AllocSpace objects, 0(0B) LOS objects, 23% free, 52MB/68MB, paused 426us total 24.504ms
08-06 04:27:48.540 14033 14123 I art     : Starting a blocking GC Explicit
08-06 04:27:48.564 14033 14123 I art     : Explicit concurrent mark sweep GC freed 3(96B) AllocSpace objects, 0(0B) LOS objects, 23% free, 52MB/68MB, paused 448us total 24.392ms
08-06 04:27:48.576 14033 14123 I art     : Starting a blocking GC Explicit
08-06 04:27:48.599 14033 14123 I art     : Explicit concurrent mark sweep GC freed 3(96B) AllocSpace objects, 0(0B) LOS objects, 23% free, 52MB/68MB, paused 468us total 23.388ms
08-06 04:27:48.610 14033 14123 I art     : Starting a blocking GC Explicit
08-06 04:27:48.635 14033 14123 I art     : Explicit concurrent mark sweep GC freed 3(96B) AllocSpace objects, 0(0B) LOS objects, 23% free, 52MB/68MB, paused 470us total 24.248ms
08-06 04:27:48.637   380   380 W SurfaceFlinger: couldn't log to binary event log: overflow.
08-06 04:27:48.876   518   646 I ThermalEngine: ACTION: GPU - Setting GPU[0] to 450000000
08-06 04:27:48.930 14033 14124 I art     : Starting a blocking GC Explicit
08-06 04:27:48.962 14033 14124 I art     : Explicit concurrent mark sweep GC freed 1413(82KB) AllocSpace objects, 1(20KB) LOS objects, 23% free, 52MB/68MB, paused 648us total 31.523ms
08-06 04:27:48.975 14033 14124 I art     : Starting a blocking GC Explicit
08-06 04:27:49.006 14033 14124 I art     : Explicit concurrent mark sweep GC freed 20(704B) AllocSpace objects, 0(0B) LOS objects, 23% free, 52MB/68MB, paused 593us total 29.757ms
08-06 04:27:49.017 14033 14124 I art     : Starting a blocking GC Explicit
08-06 04:27:49.044 14033 14124 I art     : Explicit concurrent mark sweep GC freed 3(96B) AllocSpace objects, 0(0B) LOS objects, 23% free, 52MB/68MB, paused 608us total 26.861ms
08-06 04:27:49.055 14033 14124 I art     : Starting a blocking GC Explicit
08-06 04:27:49.083 14033 14124 I art     : Explicit concurrent mark sweep GC freed 3(96B) AllocSpace objects, 0(0B) LOS objects, 23% free, 52MB/68MB, paused 594us total 27.232ms
08-06 04:27:49.094 14033 14124 I art     : Starting a blocking GC Explicit
08-06 04:27:49.121 14033 14124 I art     : Explicit concurrent mark sweep GC freed 3(96B) AllocSpace objects, 0(0B) LOS objects, 23% free, 52MB/68MB, paused 619us total 26.486ms
08-06 04:27:49.422 14033 14123 I art     : Starting a blocking GC Explicit
08-06 04:27:49.454 14033 14123 I art     : Explicit concurrent mark sweep GC freed 1343(78KB) AllocSpace objects, 1(20KB) LOS objects, 23% free, 52MB/68MB, paused 706us total 31.449ms
08-06 04:27:49.466 14033 14123 I art     : Starting a blocking GC Explicit
08-06 04:27:49.493 14033 14123 I art     : Explicit concurrent mark sweep GC freed 20(704B) AllocSpace objects, 0(0B) LOS objects, 23% free, 52MB/68MB, paused 594us total 26.465ms
08-06 04:27:49.504 14033 14123 I art     : Starting a blocking GC Explicit
08-06 04:27:49.531 14033 14123 I art     : Explicit concurrent mark sweep GC freed 3(96B) AllocSpace objects, 0(0B) LOS objects, 23% free, 52MB/68MB, paused 570us total 26.887ms
08-06 04:27:49.542 14033 14123 I art     : Starting a blocking GC Explicit
08-06 04:27:49.570 14033 14123 I art     : Explicit concurrent mark sweep GC freed 3(96B) AllocSpace objects, 0(0B) LOS objects, 23% free, 52MB/68MB, paused 610us total 27.128ms
08-06 04:27:49.581 14033 14123 I art     : Starting a blocking GC Explicit
08-06 04:27:49.608 14033 14123 I art     : Explicit concurrent mark sweep GC freed 3(96B) AllocSpace objects, 0(0B) LOS objects, 23% free, 52MB/68MB, paused 618us total 27.069ms
08-06 04:27:49.915 14033 14046 I art     : Starting a blocking GC Explicit
08-06 04:27:49.953 14033 14046 I art     : Explicit concurrent mark sweep GC freed 1346(78KB) AllocSpace objects, 1(20KB) LOS objects, 23% free, 52MB/68MB, paused 567us total 37.531ms
08-06 04:27:49.963 14033 14046 I art     : Starting a blocking GC Explicit
08-06 04:27:49.986 14033 14046 I art     : Explicit concurrent mark sweep GC freed 25(864B) AllocSpace objects, 0(0B) LOS objects, 23% free, 52MB/68MB, paused 585us total 22.686ms
08-06 04:27:49.997 14033 14046 I art     : Starting a blocking GC Explicit
08-06 04:27:50.019 14033 14046 I art     : Explicit concurrent mark sweep GC freed 7(224B) AllocSpace objects, 0(0B) LOS objects, 23% free, 52MB/68MB, paused 584us total 22.426ms
08-06 04:27:50.029 14033 14046 I art     : Starting a blocking GC Explicit
08-06 04:27:50.052 14033 14046 I art     : Explicit concurrent mark sweep GC freed 7(224B) AllocSpace objects, 0(0B) LOS objects, 23% free, 52MB/68MB, paused 593us total 22.352ms
08-06 04:27:50.062 14033 14046 I art     : Starting a blocking GC Explicit
08-06 04:27:50.087 14033 14046 I art     : Explicit concurrent mark sweep GC freed 7(224B) AllocSpace objects, 0(0B) LOS objects, 23% free, 52MB/68MB, paused 604us total 23.957ms
08-06 04:27:50.405 14033 16788 I art     : Starting a blocking GC Explicit
08-06 04:27:50.432 14033 16788 I art     : Explicit concurrent mark sweep GC freed 1353(78KB) AllocSpace objects, 1(20KB) LOS objects, 23% free, 52MB/68MB, paused 599us total 26.699ms
08-06 04:27:50.443 14033 16788 I art     : Starting a blocking GC Explicit
08-06 04:27:50.471 14033 16788 I art     : Explicit concurrent mark sweep GC freed 20(704B) AllocSpace objects, 0(0B) LOS objects, 23% free, 52MB/68MB, paused 610us total 27.846ms
08-06 04:27:50.482 14033 16788 I art     : Starting a blocking GC Explicit
08-06 04:27:50.511 14033 16788 I art     : Explicit concurrent mark sweep GC freed 3(96B) AllocSpace objects, 0(0B) LOS objects, 23% free, 52MB/68MB, paused 550us total 28.354ms
08-06 04:27:50.523 14033 16788 I art     : Starting a blocking GC Explicit
08-06 04:27:50.549 14033 16788 I art     : Explicit concurrent mark sweep GC freed 3(96B) AllocSpace objects, 0(0B) LOS objects, 23% free, 52MB/68MB, paused 567us total 26.175ms
08-06 04:27:50.560 14033 16788 I art     : Starting a blocking GC Explicit
08-06 04:27:50.586 14033 16788 I art     : Explicit concurrent mark sweep GC freed 3(96B) AllocSpace objects, 0(0B) LOS objects, 23% free, 52MB/68MB, paused 568us total 25.254ms
08-06 04:27:50.895 14033 14123 I art     : Starting a blocking GC Explicit
08-06 04:27:50.923 14033 14123 I art     : Explicit concurrent mark sweep GC freed 1343(78KB) AllocSpace objects, 1(20KB) LOS objects, 23% free, 52MB/68MB, paused 634us total 27.581ms
08-06 04:27:50.934 14033 14123 I art     : Starting a blocking GC Explicit
08-06 04:27:50.961 14033 14123 I art     : Explicit concurrent mark sweep GC freed 20(704B) AllocSpace objects, 0(0B) LOS objects, 23% free, 52MB/68MB, paused 625us total 26.124ms
08-06 04:27:50.972 14033 14123 I art     : Starting a blocking GC Explicit
08-06 04:27:50.998 14033 14123 I art     : Explicit concurrent mark sweep GC freed 3(96B) AllocSpace objects, 0(0B) LOS objects, 23% free, 52MB/68MB, paused 658us total 26.315ms
08-06 04:27:51.010 14033 14123 I art     : Starting a blocking GC Explicit
08-06 04:27:51.037 14033 14123 I art     : Explicit concurrent mark sweep GC freed 3(96B) AllocSpace objects, 0(0B) LOS objects, 23% free, 52MB/68MB, paused 656us total 26.698ms
08-06 04:27:51.048 14033 14123 I art     : Starting a blocking GC Explicit
08-06 04:27:51.076 14033 14123 I art     : Explicit concurrent mark sweep GC freed 3(96B) AllocSpace objects, 0(0B) LOS objects, 23% free, 52MB/68MB, paused 650us total 27.636ms
08-06 04:27:51.091 16885 16885 D AndroidRuntime: >>>>>> START com.android.internal.os.RuntimeInit uid 2000 <<<<<<
08-06 04:27:51.097 16885 16885 D AndroidRuntime: CheckJNI is OFF
08-06 04:27:51.142 16885 16885 D ICU     : No timezone override file found: /data/misc/zoneinfo/current/icu/icu_tzdata.dat
08-06 04:27:51.188 16885 16885 I Radio-JNI: register_android_hardware_Radio DONE
08-06 04:27:51.219 16885 16885 D AndroidRuntime: Calling main entry com.android.commands.input.Input
08-06 04:27:51.222 16885 16885 I Input   : injectMotionEvent: MotionEvent { action=ACTION_DOWN, actionButton=0, id[0]=0, x[0]=756.0, y[0]=1530.0, toolType[0]=TOOL_TYPE_UNKNOWN, buttonState=0, metaState=0, flags=0x0, edgeFlags=0x0, pointerCount=1, historySize=0, eventTime=851287634, downTime=851287634, deviceId=0, source=0x1002 }
08-06 04:27:51.232 16885 16885 I Input   : injectMotionEvent: MotionEvent { action=ACTION_UP, actionButton=0, id[0]=0, x[0]=756.0, y[0]=1530.0, toolType[0]=TOOL_TYPE_UNKNOWN, buttonState=0, metaState=0, flags=0x0, edgeFlags=0x0, pointerCount=1, historySize=0, eventTime=851287634, downTime=851287634, deviceId=0, source=0x1002 }
08-06 04:27:51.235 16885 16885 D AndroidRuntime: Shutting down VM
08-06 04:27:51.243   918  6112 I ActivityManager: START u0 {cmp=baseline.appteam.nith.hillffair/.activities.LeaderBoardActivity} from uid 10697 on display 0
08-06 04:27:51.245   512  2967 D audio_hw_primary: out_set_parameters: enter: usecase(1: low-latency-playback) kvpairs: routing=2
08-06 04:27:51.258   512  2967 D audio_hw_primary: select_devices: out_snd_device(2: speaker) in_snd_device(0: none)
08-06 04:27:51.258   512  2967 D msm8974_platform: platform_send_audio_calibration: sending audio calibration for snd_device(2) acdb_id(15)
08-06 04:27:51.259   512  2967 I soundtrigger: audio_extn_sound_trigger_update_device_status: device 0x2 of type 0 for Event 1
08-06 04:27:51.273   512  2967 D audio_hw_primary: enable_snd_device: snd_device(2: speaker)
08-06 04:27:51.275   512  2967 D audio_hw_primary: enable_audio_route: apply and update mixer path: low-latency-playback speaker
08-06 04:27:51.354 14033 14033 E RecyclerView: No adapter attached; skipping layout
08-06 04:27:51.356 14033 14033 E RecyclerView: No adapter attached; skipping layout
08-06 04:27:51.372   918   936 I ActivityManager: Displayed baseline.appteam.nith.hillffair/.activities.LeaderBoardActivity: +114ms
08-06 04:27:51.376 14033 14123 I art     : Starting a blocking GC Explicit
08-06 04:27:51.377 13866 13866 I GoogleInputMethodServic: GoogleInputMethodService.onFinishInput():3138 
08-06 04:27:51.377 13866 13866 I GoogleInputMethodServic: GoogleInputMethodService.onStartInput():1808 
08-06 04:27:51.379 14033 14033 E RecyclerView: No adapter attached; skipping layout
08-06 04:27:51.400 14033 14057 D OpenGLRenderer: endAllStagingAnimators on 0x7f80297000 (RippleDrawable) with handle 0x7f7f08e120
08-06 04:27:51.406 14033 14123 I art     : Explicit concurrent mark sweep GC freed 6665(404KB) AllocSpace objects, 1(20KB) LOS objects, 23% free, 52MB/68MB, paused 708us total 29.733ms
08-06 04:27:51.418 14033 14123 I art     : Starting a blocking GC Explicit
08-06 04:27:51.444 14033 14123 I art     : Explicit concurrent mark sweep GC freed 277(12KB) AllocSpace objects, 0(0B) LOS objects, 23% free, 52MB/68MB, paused 679us total 26.226ms
08-06 04:27:51.455 14033 14123 I art     : Starting a blocking GC Explicit
08-06 04:27:51.480 14033 14123 I art     : Explicit concurrent mark sweep GC freed 15(480B) AllocSpace objects, 0(0B) LOS objects, 23% free, 52MB/68MB, paused 629us total 24.932ms
08-06 04:27:51.481 14033 14044 I art     : WaitForGcToComplete blocked for 21.764ms for cause HeapTrim
08-06 04:27:51.491 14033 14123 I art     : Starting a blocking GC Explicit
08-06 04:27:51.517 14033 14123 I art     : Explicit concurrent mark sweep GC freed 3(96B) AllocSpace objects, 0(0B) LOS objects, 23% free, 52MB/68MB, paused 696us total 25.438ms
08-06 04:27:51.528 14033 14123 I art     : Starting a blocking GC Explicit
08-06 04:27:51.558 14033 14123 I art     : Explicit concurrent mark sweep GC freed 3(96B) AllocSpace objects, 0(0B) LOS objects, 23% free, 52MB/68MB, paused 750us total 29.536ms
08-06 04:27:51.623   380   380 W SurfaceFlinger: couldn't log to binary event log: overflow.
08-06 04:27:51.820   512  2967 D audio_hw_primary: disable_audio_route: reset and update mixer path: low-latency-playback speaker
08-06 04:27:51.820   512  2967 D audio_hw_primary: disable_snd_device: snd_device(2: speaker)
08-06 04:27:51.828   512  2967 I soundtrigger: audio_extn_sound_trigger_update_device_status: device 0x2 of type 0 for Event 0
08-06 04:27:51.851 14033 14045 I art     : Starting a blocking GC Explicit
08-06 04:27:51.879 14033 14045 I art     : Explicit concurrent mark sweep GC freed 1504(87KB) AllocSpace objects, 1(20KB) LOS objects, 23% free, 52MB/68MB, paused 646us total 27.271ms
08-06 04:27:51.890 14033 14045 I art     : Starting a blocking GC Explicit
08-06 04:27:51.918 14033 14045 I art     : Explicit concurrent mark sweep GC freed 60(2048B) AllocSpace objects, 0(0B) LOS objects, 23% free, 52MB/68MB, paused 671us total 27.495ms
08-06 04:27:51.928 14033 14045 I art     : Starting a blocking GC Explicit
08-06 04:27:51.955 14033 14045 I art     : Explicit concurrent mark sweep GC freed 13(480B) AllocSpace objects, 0(0B) LOS objects, 23% free, 52MB/68MB, paused 635us total 26.097ms
08-06 04:27:51.966 14033 14045 I art     : Starting a blocking GC Explicit
08-06 04:27:51.992 14033 14045 I art     : Explicit concurrent mark sweep GC freed 16(608B) AllocSpace objects, 0(0B) LOS objects, 23% free, 52MB/68MB, paused 784us total 26.396ms
08-06 04:27:52.003 14033 14045 I art     : Starting a blocking GC Explicit
08-06 04:27:52.030 14033 14045 I art     : Explicit concurrent mark sweep GC freed 15(544B) AllocSpace objects, 0(0B) LOS objects, 23% free, 52MB/68MB, paused 653us total 26.421ms
08-06 04:27:52.084 14033 16916 D OkHttp  : --> GET https://api-hillfair-2k16.herokuapp.com/api/app/quiz/leaderboard?from=1 http/1.1
08-06 04:27:52.125 14033 16916 D OkHttp  : <-- 200 OK https://api-hillfair-2k16.herokuapp.com/api/app/quiz/leaderboard?from=1 (40ms, 56744-byte body)
08-06 04:27:52.209 14033 14033 I NAPPA_EXPERIMENTATION: MetricNetworkRequestExecutionTime: REQUEST_DURATION_SYSTEM='918',REQUEST_DURATION_OKHTTP='41',REQUEST_SYNCHRONOUS='FALSE',RESPONSE_CODE='200',RESPONSE_METHOD='GET',RESPONSE_LENGTH_OKHTTP='56744',RESPONSE_LENGTH_HEADER='56744',REQUEST_PROTOCOL='http/1.1',REQUEST_URL='https://api-hillfair-2k16.herokuapp.com/api/app/quiz/leaderboard?from=1',
08-06 04:27:52.316 14033 14123 I art     : Starting a blocking GC Explicit
08-06 04:27:52.350 14033 14123 I art     : Explicit concurrent mark sweep GC freed 30300(1445KB) AllocSpace objects, 4(220KB) LOS objects, 23% free, 53MB/69MB, paused 640us total 33.226ms
08-06 04:27:52.361 14033 14123 I art     : Starting a blocking GC Explicit
08-06 04:27:52.389 14033 14123 I art     : Explicit concurrent mark sweep GC freed 1062(120KB) AllocSpace objects, 0(0B) LOS objects, 23% free, 53MB/69MB, paused 640us total 27.321ms
08-06 04:27:52.400 14033 14123 I art     : Starting a blocking GC Explicit
08-06 04:27:52.429 14033 14123 I art     : Explicit concurrent mark sweep GC freed 3(96B) AllocSpace objects, 0(0B) LOS objects, 23% free, 53MB/69MB, paused 647us total 28.734ms
08-06 04:27:52.440 14033 14123 I art     : Starting a blocking GC Explicit
08-06 04:27:52.470 14033 14123 I art     : Explicit concurrent mark sweep GC freed 3(96B) AllocSpace objects, 0(0B) LOS objects, 23% free, 53MB/69MB, paused 635us total 29.548ms
08-06 04:27:52.482 14033 14123 I art     : Starting a blocking GC Explicit
08-06 04:27:52.512 14033 14123 I art     : Explicit concurrent mark sweep GC freed 3(96B) AllocSpace objects, 0(0B) LOS objects, 23% free, 53MB/69MB, paused 617us total 29.634ms
08-06 04:27:52.816 14033 14046 I art     : Starting a blocking GC Explicit
08-06 04:27:52.857 14033 14046 I art     : Explicit concurrent mark sweep GC freed 1344(78KB) AllocSpace objects, 1(20KB) LOS objects, 23% free, 53MB/69MB, paused 700us total 40.913ms
08-06 04:27:52.873 14033 14046 I art     : Starting a blocking GC Explicit
08-06 04:27:52.903 14033 14046 I art     : Explicit concurrent mark sweep GC freed 20(704B) AllocSpace objects, 0(0B) LOS objects, 23% free, 53MB/69MB, paused 662us total 30.479ms
08-06 04:27:52.915 14033 14046 I art     : Starting a blocking GC Explicit
08-06 04:27:52.948 14033 14046 I art     : Explicit concurrent mark sweep GC freed 3(96B) AllocSpace objects, 0(0B) LOS objects, 23% free, 53MB/69MB, paused 712us total 32.378ms
08-06 04:27:52.960 14033 14046 I art     : Starting a blocking GC Explicit
08-06 04:27:52.992 14033 14046 I art     : Explicit concurrent mark sweep GC freed 3(96B) AllocSpace objects, 0(0B) LOS objects, 23% free, 53MB/69MB, paused 624us total 32.194ms
08-06 04:27:53.004 14033 14046 I art     : Starting a blocking GC Explicit
08-06 04:27:53.037 14033 14046 I art     : Explicit concurrent mark sweep GC freed 3(96B) AllocSpace objects, 0(0B) LOS objects, 23% free, 53MB/69MB, paused 716us total 32.436ms
08-06 04:27:53.377 14033 16788 I art     : Starting a blocking GC Explicit
08-06 04:27:53.417 14033 16788 I art     : Explicit concurrent mark sweep GC freed 1344(78KB) AllocSpace objects, 1(20KB) LOS objects, 23% free, 53MB/69MB, paused 693us total 39.824ms
08-06 04:27:53.432 14033 16788 I art     : Starting a blocking GC Explicit
08-06 04:27:53.467 14033 16788 I art     : Explicit concurrent mark sweep GC freed 20(704B) AllocSpace objects, 0(0B) LOS objects, 23% free, 53MB/69MB, paused 718us total 35.009ms
08-06 04:27:53.479 14033 16788 I art     : Starting a blocking GC Explicit
08-06 04:27:53.511 14033 16788 I art     : Explicit concurrent mark sweep GC freed 188(11KB) AllocSpace objects, 0(0B) LOS objects, 23% free, 53MB/69MB, paused 776us total 31.375ms
08-06 04:27:53.523 14033 16788 I art     : Starting a blocking GC Explicit
08-06 04:27:53.555 14033 16788 I art     : Explicit concurrent mark sweep GC freed 17(1888B) AllocSpace objects, 0(0B) LOS objects, 23% free, 53MB/69MB, paused 743us total 32.453ms
08-06 04:27:53.567 14033 16788 I art     : Starting a blocking GC Explicit
08-06 04:27:53.599 14033 16788 I art     : Explicit concurrent mark sweep GC freed 94(4KB) AllocSpace objects, 0(0B) LOS objects, 23% free, 53MB/69MB, paused 667us total 31.112ms
08-06 04:27:53.727 14033 16960 W OneSignal: OneSignalRestClient: POST Error thrown from network stack. 
08-06 04:27:53.727 14033 16960 W OneSignal: java.io.IOException: unexpected end of stream on Connection{api.onesignal.com:443, proxy=HTTP@192.168.2.12:8080 hostAddress=192.168.2.12 cipherSuite=TLS_ECDHE_RSA_WITH_AES_128_GCM_SHA256 protocol=http/1.1} (recycle count=0)
08-06 04:27:53.727 14033 16960 W OneSignal: 	at com.android.okhttp.internal.http.HttpConnection.readResponse(HttpConnection.java:210)
08-06 04:27:53.727 14033 16960 W OneSignal: 	at com.android.okhttp.internal.http.HttpTransport.readResponseHeaders(HttpTransport.java:80)
08-06 04:27:53.727 14033 16960 W OneSignal: 	at com.android.okhttp.internal.http.HttpEngine.readNetworkResponse(HttpEngine.java:904)
08-06 04:27:53.727 14033 16960 W OneSignal: 	at com.android.okhttp.internal.http.HttpEngine.readResponse(HttpEngine.java:788)
08-06 04:27:53.727 14033 16960 W OneSignal: 	at com.android.okhttp.internal.huc.HttpURLConnectionImpl.execute(HttpURLConnectionImpl.java:439)
08-06 04:27:53.727 14033 16960 W OneSignal: 	at com.android.okhttp.internal.huc.HttpURLConnectionImpl.getResponse(HttpURLConnectionImpl.java:384)
08-06 04:27:53.727 14033 16960 W OneSignal: 	at com.android.okhttp.internal.huc.HttpURLConnectionImpl.getResponseCode(HttpURLConnectionImpl.java:497)
08-06 04:27:53.727 14033 16960 W OneSignal: 	at com.android.okhttp.internal.huc.DelegatingHttpsURLConnection.getResponseCode(DelegatingHttpsURLConnection.java:105)
08-06 04:27:53.727 14033 16960 W OneSignal: 	at com.android.okhttp.internal.huc.HttpsURLConnectionImpl.getResponseCode(HttpsURLConnectionImpl.java)
08-06 04:27:53.727 14033 16960 W OneSignal: 	at com.onesignal.OneSignalRestClient.startHTTPConnection(OneSignalRestClient.java:180)
08-06 04:27:53.727 14033 16960 W OneSignal: 	at com.onesignal.OneSignalRestClient.access$100(OneSignalRestClient.java:44)
08-06 04:27:53.727 14033 16960 W OneSignal: 	at com.onesignal.OneSignalRestClient$4.run(OneSignalRestClient.java:110)
08-06 04:27:53.727 14033 16960 W OneSignal: 	at java.lang.Thread.run(Thread.java:818)
08-06 04:27:53.727 14033 16960 W OneSignal: Caused by: java.io.EOFException: \n not found: size=0 content=...
08-06 04:27:53.727 14033 16960 W OneSignal: 	at com.android.okhttp.okio.RealBufferedSource.readUtf8LineStrict(RealBufferedSource.java:200)
08-06 04:27:53.727 14033 16960 W OneSignal: 	at com.android.okhttp.internal.http.HttpConnection.readResponse(HttpConnection.java:191)
08-06 04:27:53.727 14033 16960 W OneSignal: 	... 12 more
08-06 04:27:53.729 14033 16963 W OneSignal: Failed last request. statusCode: -1
08-06 04:27:53.729 14033 16963 W OneSignal: response: null
08-06 04:27:53.911 14033 14045 I art     : Starting a blocking GC Explicit
08-06 04:27:53.952 14033 14045 I art     : Explicit concurrent mark sweep GC freed 3608(225KB) AllocSpace objects, 1(20KB) LOS objects, 23% free, 53MB/69MB, paused 688us total 39.974ms
08-06 04:27:53.969 14033 14045 I art     : Starting a blocking GC Explicit
08-06 04:27:54.004 14033 14045 I art     : Explicit concurrent mark sweep GC freed 90(3KB) AllocSpace objects, 0(0B) LOS objects, 23% free, 53MB/69MB, paused 664us total 34.726ms
08-06 04:27:54.016 14033 14045 I art     : Starting a blocking GC Explicit
08-06 04:27:54.049 14033 14045 I art     : Explicit concurrent mark sweep GC freed 3(96B) AllocSpace objects, 0(0B) LOS objects, 23% free, 53MB/69MB, paused 656us total 32.468ms
08-06 04:27:54.062 14033 14045 I art     : Starting a blocking GC Explicit
08-06 04:27:54.093 14033 14045 I art     : Explicit concurrent mark sweep GC freed 3(96B) AllocSpace objects, 0(0B) LOS objects, 23% free, 53MB/69MB, paused 619us total 30.989ms
08-06 04:27:54.105 14033 14045 I art     : Starting a blocking GC Explicit
08-06 04:27:54.138 14033 14045 I art     : Explicit concurrent mark sweep GC freed 3(96B) AllocSpace objects, 0(0B) LOS objects, 23% free, 53MB/69MB, paused 777us total 32.123ms
08-06 04:27:54.459 14033 14124 I art     : Starting a blocking GC Explicit
08-06 04:27:54.497 14033 14124 I art     : Explicit concurrent mark sweep GC freed 1357(78KB) AllocSpace objects, 1(20KB) LOS objects, 23% free, 53MB/69MB, paused 618us total 37.812ms
08-06 04:27:54.509 14033 14124 I art     : Starting a blocking GC Explicit
08-06 04:27:54.542 14033 14124 I art     : Explicit concurrent mark sweep GC freed 34(1136B) AllocSpace objects, 0(0B) LOS objects, 23% free, 53MB/69MB, paused 636us total 32.653ms
08-06 04:27:54.554 14033 14124 I art     : Starting a blocking GC Explicit
08-06 04:27:54.585 14033 14124 I art     : Explicit concurrent mark sweep GC freed 3(96B) AllocSpace objects, 0(0B) LOS objects, 23% free, 53MB/69MB, paused 633us total 31.414ms
08-06 04:27:54.598 14033 14124 I art     : Starting a blocking GC Explicit
08-06 04:27:54.629 14033 14124 I art     : Explicit concurrent mark sweep GC freed 3(96B) AllocSpace objects, 0(0B) LOS objects, 23% free, 53MB/69MB, paused 653us total 31.037ms
08-06 04:27:54.641 14033 14124 I art     : Starting a blocking GC Explicit
08-06 04:27:54.673 14033 14124 I art     : Explicit concurrent mark sweep GC freed 3(96B) AllocSpace objects, 0(0B) LOS objects, 23% free, 53MB/69MB, paused 627us total 31.447ms
08-06 04:27:54.882   518   646 I ThermalEngine: ACTION: GPU - Setting GPU[0] to 510000000
08-06 04:27:55.005 14033 14123 I art     : Starting a blocking GC Explicit
08-06 04:27:55.035 14033 14123 I art     : Explicit concurrent mark sweep GC freed 1344(78KB) AllocSpace objects, 1(20KB) LOS objects, 23% free, 53MB/69MB, paused 516us total 29.535ms
08-06 04:27:55.047 14033 14123 I art     : Starting a blocking GC Explicit
08-06 04:27:55.071 14033 14123 I art     : Explicit concurrent mark sweep GC freed 20(704B) AllocSpace objects, 0(0B) LOS objects, 23% free, 53MB/69MB, paused 453us total 23.127ms
08-06 04:27:55.080 14033 14123 I art     : Starting a blocking GC Explicit
08-06 04:27:55.103 14033 14123 I art     : Explicit concurrent mark sweep GC freed 3(96B) AllocSpace objects, 0(0B) LOS objects, 23% free, 53MB/69MB, paused 471us total 22.873ms
08-06 04:27:55.112 14033 14123 I art     : Starting a blocking GC Explicit
08-06 04:27:55.136 14033 14123 I art     : Explicit concurrent mark sweep GC freed 3(96B) AllocSpace objects, 0(0B) LOS objects, 23% free, 53MB/69MB, paused 464us total 23.717ms
08-06 04:27:55.146 14033 14123 I art     : Starting a blocking GC Explicit
08-06 04:27:55.169 14033 14123 I art     : Explicit concurrent mark sweep GC freed 3(96B) AllocSpace objects, 0(0B) LOS objects, 23% free, 53MB/69MB, paused 460us total 23.749ms
08-06 04:27:55.430   918  3261 D WifiStateMachine: starting scan for "H369AA63323"WPA_PSK with 2412,5180
08-06 04:27:55.488 14033 14046 I art     : Starting a blocking GC Explicit
08-06 04:27:55.512 14033 14046 I art     : Explicit concurrent mark sweep GC freed 1344(78KB) AllocSpace objects, 1(20KB) LOS objects, 23% free, 53MB/69MB, paused 494us total 23.610ms
08-06 04:27:55.522 14033 14046 I art     : Starting a blocking GC Explicit
08-06 04:27:55.544 14033 14046 I art     : Explicit concurrent mark sweep GC freed 20(704B) AllocSpace objects, 0(0B) LOS objects, 23% free, 53MB/69MB, paused 476us total 21.782ms
08-06 04:27:55.552 14033 14046 I art     : Starting a blocking GC Explicit
08-06 04:27:55.574 14033 14046 I art     : Explicit concurrent mark sweep GC freed 3(96B) AllocSpace objects, 0(0B) LOS objects, 23% free, 53MB/69MB, paused 494us total 21.830ms
08-06 04:27:55.583 14033 14046 I art     : Starting a blocking GC Explicit
08-06 04:27:55.606 14033 14046 I art     : Explicit concurrent mark sweep GC freed 3(96B) AllocSpace objects, 0(0B) LOS objects, 23% free, 53MB/69MB, paused 469us total 22.454ms
08-06 04:27:55.615 14033 14046 I art     : Starting a blocking GC Explicit
08-06 04:27:55.637 14033 14046 I art     : Explicit concurrent mark sweep GC freed 3(96B) AllocSpace objects, 0(0B) LOS objects, 23% free, 53MB/69MB, paused 503us total 22.650ms
08-06 04:27:55.880 17003 17003 D AndroidRuntime: >>>>>> START com.android.internal.os.RuntimeInit uid 2000 <<<<<<
08-06 04:27:55.884 17003 17003 D AndroidRuntime: CheckJNI is OFF
08-06 04:27:55.918 17003 17003 D ICU     : No timezone override file found: /data/misc/zoneinfo/current/icu/icu_tzdata.dat
08-06 04:27:55.943 14033 16788 I art     : Starting a blocking GC Explicit
08-06 04:27:55.952 17003 17003 I Radio-JNI: register_android_hardware_Radio DONE
08-06 04:27:55.966 14033 16788 I art     : Explicit concurrent mark sweep GC freed 1344(78KB) AllocSpace objects, 1(20KB) LOS objects, 23% free, 53MB/69MB, paused 495us total 23.709ms
08-06 04:27:55.975 17003 17003 D AndroidRuntime: Calling main entry com.android.commands.input.Input
08-06 04:27:55.975 14033 16788 I art     : Starting a blocking GC Explicit
08-06 04:27:55.977 17003 17003 I Input   : injectKeyEvent: KeyEvent { action=ACTION_DOWN, keyCode=KEYCODE_BACK, scanCode=0, metaState=0, flags=0x0, repeatCount=0, eventTime=851292390, downTime=851292390, deviceId=-1, source=0x101 }
08-06 04:27:55.981 17003 17003 I Input   : injectKeyEvent: KeyEvent { action=ACTION_UP, keyCode=KEYCODE_BACK, scanCode=0, metaState=0, flags=0x0, repeatCount=0, eventTime=851292390, downTime=851292390, deviceId=-1, source=0x101 }
08-06 04:27:55.985 17003 17003 D AndroidRuntime: Shutting down VM
08-06 04:27:55.998 14033 16788 I art     : Explicit concurrent mark sweep GC freed 111(5KB) AllocSpace objects, 0(0B) LOS objects, 23% free, 53MB/69MB, paused 448us total 22.704ms
08-06 04:27:56.008 14033 16788 I art     : Starting a blocking GC Explicit
08-06 04:27:56.025 13866 13866 I GoogleInputMethodServic: GoogleInputMethodService.onFinishInput():3138 
08-06 04:27:56.025 13866 13866 I GoogleInputMethodServic: GoogleInputMethodService.onStartInput():1808 
08-06 04:27:56.030 14033 16788 I art     : Explicit concurrent mark sweep GC freed 18(672B) AllocSpace objects, 0(0B) LOS objects, 23% free, 53MB/69MB, paused 560us total 21.751ms
08-06 04:27:56.040 14033 16788 I art     : Starting a blocking GC Explicit
08-06 04:27:56.062 14033 16788 I art     : Explicit concurrent mark sweep GC freed 35(1280B) AllocSpace objects, 0(0B) LOS objects, 23% free, 53MB/69MB, paused 477us total 21.601ms
08-06 04:27:56.070 14033 16788 I art     : Starting a blocking GC Explicit
08-06 04:27:56.090 14033 16788 I art     : Explicit concurrent mark sweep GC freed 9(336B) AllocSpace objects, 0(0B) LOS objects, 23% free, 53MB/69MB, paused 447us total 19.605ms
08-06 04:27:56.311   380   380 W SurfaceFlinger: couldn't log to binary event log: overflow.
08-06 04:27:56.352 14033 16788 I art     : Starting a blocking GC Explicit
08-06 04:27:56.375 14033 16788 I art     : Explicit concurrent mark sweep GC freed 1463(87KB) AllocSpace objects, 1(20KB) LOS objects, 23% free, 53MB/69MB, paused 506us total 22.874ms
08-06 04:27:56.384 14033 16788 I art     : Starting a blocking GC Explicit
08-06 04:27:56.406 14033 16788 I art     : Explicit concurrent mark sweep GC freed 4698(269KB) AllocSpace objects, 2(140KB) LOS objects, 23% free, 52MB/68MB, paused 455us total 21.727ms
08-06 04:27:56.414 14033 16788 I art     : Starting a blocking GC Explicit
08-06 04:27:56.435 14033 16788 I art     : Explicit concurrent mark sweep GC freed 3(96B) AllocSpace objects, 0(0B) LOS objects, 23% free, 52MB/68MB, paused 465us total 20.980ms
08-06 04:27:56.444 14033 16788 I art     : Starting a blocking GC Explicit
08-06 04:27:56.465 14033 16788 I art     : Explicit concurrent mark sweep GC freed 3(96B) AllocSpace objects, 0(0B) LOS objects, 23% free, 52MB/68MB, paused 455us total 20.740ms
08-06 04:27:56.474 14033 16788 I art     : Starting a blocking GC Explicit
08-06 04:27:56.496 14033 16788 I art     : Explicit concurrent mark sweep GC freed 3(96B) AllocSpace objects, 0(0B) LOS objects, 23% free, 52MB/68MB, paused 475us total 22.170ms
08-06 04:27:56.789 14033 14124 I art     : Starting a blocking GC Explicit
08-06 04:27:56.823 14033 14124 I art     : Explicit concurrent mark sweep GC freed 1344(78KB) AllocSpace objects, 1(20KB) LOS objects, 23% free, 52MB/68MB, paused 581us total 32.887ms
08-06 04:27:56.837 14033 14124 I art     : Starting a blocking GC Explicit
08-06 04:27:56.857 14033 14124 I art     : Explicit concurrent mark sweep GC freed 20(704B) AllocSpace objects, 0(0B) LOS objects, 23% free, 52MB/68MB, paused 476us total 20.706ms
08-06 04:27:56.866 14033 14124 I art     : Starting a blocking GC Explicit
08-06 04:27:56.888 14033 14124 I art     : Explicit concurrent mark sweep GC freed 3(96B) AllocSpace objects, 0(0B) LOS objects, 23% free, 52MB/68MB, paused 490us total 21.589ms
08-06 04:27:56.897 14033 14124 I art     : Starting a blocking GC Explicit
08-06 04:27:56.919 14033 14124 I art     : Explicit concurrent mark sweep GC freed 3(96B) AllocSpace objects, 0(0B) LOS objects, 23% free, 52MB/68MB, paused 454us total 22.154ms
08-06 04:27:56.928 14033 14124 I art     : Starting a blocking GC Explicit
08-06 04:27:56.951 14033 14124 I art     : Explicit concurrent mark sweep GC freed 3(96B) AllocSpace objects, 0(0B) LOS objects, 23% free, 52MB/68MB, paused 473us total 22.311ms
08-06 04:27:57.251 14033 14046 I art     : Starting a blocking GC Explicit
08-06 04:27:57.277 14033 14046 I art     : Explicit concurrent mark sweep GC freed 1343(78KB) AllocSpace objects, 1(20KB) LOS objects, 23% free, 52MB/68MB, paused 623us total 26.117ms
08-06 04:27:57.286 14033 14046 I art     : Starting a blocking GC Explicit
08-06 04:27:57.308 14033 14046 I art     : Explicit concurrent mark sweep GC freed 20(704B) AllocSpace objects, 0(0B) LOS objects, 23% free, 52MB/68MB, paused 498us total 21.605ms
08-06 04:27:57.317 14033 14046 I art     : Starting a blocking GC Explicit
08-06 04:27:57.338 14033 14046 I art     : Explicit concurrent mark sweep GC freed 3(96B) AllocSpace objects, 0(0B) LOS objects, 23% free, 52MB/68MB, paused 513us total 20.584ms
08-06 04:27:57.346 14033 14046 I art     : Starting a blocking GC Explicit
08-06 04:27:57.367 14033 14046 I art     : Explicit concurrent mark sweep GC freed 3(96B) AllocSpace objects, 0(0B) LOS objects, 23% free, 52MB/68MB, paused 588us total 20.764ms
08-06 04:27:57.376 14033 14046 I art     : Starting a blocking GC Explicit
08-06 04:27:57.396 14033 14046 I art     : Explicit concurrent mark sweep GC freed 3(96B) AllocSpace objects, 0(0B) LOS objects, 23% free, 52MB/68MB, paused 476us total 20.607ms
08-06 04:27:57.648 17058 17058 D AndroidRuntime: >>>>>> START com.android.internal.os.RuntimeInit uid 2000 <<<<<<
08-06 04:27:57.653 17058 17058 D AndroidRuntime: CheckJNI is OFF
08-06 04:27:57.688 17058 17058 D ICU     : No timezone override file found: /data/misc/zoneinfo/current/icu/icu_tzdata.dat
08-06 04:27:57.707 14033 14123 I art     : Starting a blocking GC Explicit
08-06 04:27:57.723 17058 17058 I Radio-JNI: register_android_hardware_Radio DONE
08-06 04:27:57.730 14033 14123 I art     : Explicit concurrent mark sweep GC freed 1357(78KB) AllocSpace objects, 1(20KB) LOS objects, 23% free, 52MB/68MB, paused 547us total 22.311ms
08-06 04:27:57.739 14033 14123 I art     : Starting a blocking GC Explicit
08-06 04:27:57.746 17058 17058 D AndroidRuntime: Calling main entry com.android.commands.input.Input
08-06 04:27:57.747 17058 17058 I Input   : injectKeyEvent: KeyEvent { action=ACTION_DOWN, keyCode=KEYCODE_BACK, scanCode=0, metaState=0, flags=0x0, repeatCount=0, eventTime=851294160, downTime=851294160, deviceId=-1, source=0x101 }
08-06 04:27:57.752 17058 17058 I Input   : injectKeyEvent: KeyEvent { action=ACTION_UP, keyCode=KEYCODE_BACK, scanCode=0, metaState=0, flags=0x0, repeatCount=0, eventTime=851294160, downTime=851294160, deviceId=-1, source=0x101 }
08-06 04:27:57.756 17058 17058 D AndroidRuntime: Shutting down VM
08-06 04:27:57.758 14033 14123 I art     : Explicit concurrent mark sweep GC freed 28(1056B) AllocSpace objects, 0(0B) LOS objects, 23% free, 52MB/68MB, paused 494us total 19.399ms
08-06 04:27:57.767 14033 14123 I art     : Starting a blocking GC Explicit
08-06 04:27:57.787 14033 14123 I art     : Explicit concurrent mark sweep GC freed 136(6KB) AllocSpace objects, 0(0B) LOS objects, 23% free, 52MB/68MB, paused 503us total 19.874ms
08-06 04:27:57.795 14033 14123 I art     : Starting a blocking GC Explicit
08-06 04:27:57.814 14033 14123 I art     : Explicit concurrent mark sweep GC freed 11(352B) AllocSpace objects, 0(0B) LOS objects, 23% free, 52MB/68MB, paused 441us total 18.980ms
08-06 04:27:57.822 14033 14123 I art     : Starting a blocking GC Explicit
08-06 04:27:57.839 13866 13866 I GoogleInputMethodServic: GoogleInputMethodService.onFinishInput():3138 
08-06 04:27:57.841 13866 13866 I GoogleInputMethodServic: GoogleInputMethodService.onStartInput():1808 
08-06 04:27:57.844 14033 14123 I art     : Explicit concurrent mark sweep GC freed 33(1104B) AllocSpace objects, 0(0B) LOS objects, 23% free, 52MB/68MB, paused 487us total 21.572ms
08-06 04:27:58.113   380   380 W SurfaceFlinger: couldn't log to binary event log: overflow.
08-06 04:27:58.123 14033 16788 I art     : Starting a blocking GC Explicit
08-06 04:27:58.144 14033 16788 I art     : Explicit concurrent mark sweep GC freed 1484(87KB) AllocSpace objects, 1(20KB) LOS objects, 23% free, 52MB/68MB, paused 448us total 20.909ms
08-06 04:27:58.152 14033 16788 I art     : Starting a blocking GC Explicit
08-06 04:27:58.171 14033 16788 I art     : Explicit concurrent mark sweep GC freed 2082(122KB) AllocSpace objects, 2(180KB) LOS objects, 23% free, 52MB/68MB, paused 473us total 18.625ms
08-06 04:27:58.179 14033 16788 I art     : Starting a blocking GC Explicit
08-06 04:27:58.199 14033 16788 I art     : Explicit concurrent mark sweep GC freed 3(96B) AllocSpace objects, 0(0B) LOS objects, 23% free, 52MB/68MB, paused 459us total 20.449ms
08-06 04:27:58.208 14033 16788 I art     : Starting a blocking GC Explicit
08-06 04:27:58.228 14033 16788 I art     : Explicit concurrent mark sweep GC freed 3(96B) AllocSpace objects, 0(0B) LOS objects, 23% free, 52MB/68MB, paused 463us total 20.120ms
08-06 04:27:58.237 14033 16788 I art     : Starting a blocking GC Explicit
08-06 04:27:58.259 14033 16788 I art     : Explicit concurrent mark sweep GC freed 3(96B) AllocSpace objects, 0(0B) LOS objects, 23% free, 52MB/68MB, paused 471us total 21.237ms
08-06 04:27:58.557 14033 14046 I art     : Starting a blocking GC Explicit
08-06 04:27:58.587 14033 14046 I art     : Explicit concurrent mark sweep GC freed 1343(78KB) AllocSpace objects, 1(20KB) LOS objects, 23% free, 52MB/68MB, paused 538us total 29.865ms
08-06 04:27:58.599 14033 14046 I art     : Starting a blocking GC Explicit
08-06 04:27:58.620 14033 14046 I art     : Explicit concurrent mark sweep GC freed 20(704B) AllocSpace objects, 0(0B) LOS objects, 23% free, 52MB/68MB, paused 477us total 20.856ms
08-06 04:27:58.629 14033 14046 I art     : Starting a blocking GC Explicit
08-06 04:27:58.651 14033 14046 I art     : Explicit concurrent mark sweep GC freed 3(96B) AllocSpace objects, 0(0B) LOS objects, 23% free, 52MB/68MB, paused 472us total 21.241ms
08-06 04:27:58.660 14033 14046 I art     : Starting a blocking GC Explicit
08-06 04:27:58.681 14033 14046 I art     : Explicit concurrent mark sweep GC freed 3(96B) AllocSpace objects, 0(0B) LOS objects, 23% free, 52MB/68MB, paused 529us total 21.450ms
08-06 04:27:58.690 14033 14046 I art     : Starting a blocking GC Explicit
08-06 04:27:58.711 14033 14046 I art     : Explicit concurrent mark sweep GC freed 3(96B) AllocSpace objects, 0(0B) LOS objects, 23% free, 52MB/68MB, paused 473us total 21.007ms
08-06 04:27:58.998 14033 14124 I art     : Starting a blocking GC Explicit
08-06 04:27:59.022 14033 14124 I art     : Explicit concurrent mark sweep GC freed 1362(79KB) AllocSpace objects, 1(20KB) LOS objects, 23% free, 52MB/68MB, paused 446us total 24.681ms
08-06 04:27:59.031 14033 14124 I art     : Starting a blocking GC Explicit
08-06 04:27:59.053 14033 14124 I art     : Explicit concurrent mark sweep GC freed 36(1216B) AllocSpace objects, 0(0B) LOS objects, 23% free, 52MB/68MB, paused 917us total 21.073ms
08-06 04:27:59.061 14033 14124 I art     : Starting a blocking GC Explicit
08-06 04:27:59.081 14033 14124 I art     : Explicit concurrent mark sweep GC freed 3(96B) AllocSpace objects, 0(0B) LOS objects, 23% free, 52MB/68MB, paused 465us total 20.158ms
08-06 04:27:59.090 14033 14124 I art     : Starting a blocking GC Explicit
08-06 04:27:59.110 14033 14124 I art     : Explicit concurrent mark sweep GC freed 3(96B) AllocSpace objects, 0(0B) LOS objects, 23% free, 52MB/68MB, paused 443us total 20.047ms
08-06 04:27:59.118 14033 14124 I art     : Starting a blocking GC Explicit
08-06 04:27:59.138 14033 14124 I art     : Explicit concurrent mark sweep GC freed 3(96B) AllocSpace objects, 0(0B) LOS objects, 23% free, 52MB/68MB, paused 449us total 19.482ms
08-06 04:27:59.406 14033 14123 I art     : Starting a blocking GC Explicit
08-06 04:27:59.428 14033 14123 I art     : Explicit concurrent mark sweep GC freed 1341(78KB) AllocSpace objects, 1(20KB) LOS objects, 23% free, 52MB/68MB, paused 509us total 21.888ms
08-06 04:27:59.429 17111 17111 D AndroidRuntime: >>>>>> START com.android.internal.os.RuntimeInit uid 2000 <<<<<<
08-06 04:27:59.434 17111 17111 D AndroidRuntime: CheckJNI is OFF
08-06 04:27:59.437 14033 14123 I art     : Starting a blocking GC Explicit
08-06 04:27:59.458 14033 14123 I art     : Explicit concurrent mark sweep GC freed 20(704B) AllocSpace objects, 0(0B) LOS objects, 23% free, 52MB/68MB, paused 484us total 20.302ms
08-06 04:27:59.466 14033 14123 I art     : Starting a blocking GC Explicit
08-06 04:27:59.472 17111 17111 D ICU     : No timezone override file found: /data/misc/zoneinfo/current/icu/icu_tzdata.dat
08-06 04:27:59.486 14033 14123 I art     : Explicit concurrent mark sweep GC freed 3(96B) AllocSpace objects, 0(0B) LOS objects, 23% free, 52MB/68MB, paused 449us total 20.167ms
08-06 04:27:59.495 14033 14123 I art     : Starting a blocking GC Explicit
08-06 04:27:59.508 17111 17111 I Radio-JNI: register_android_hardware_Radio DONE
08-06 04:27:59.514 14033 14123 I art     : Explicit concurrent mark sweep GC freed 3(96B) AllocSpace objects, 0(0B) LOS objects, 23% free, 52MB/68MB, paused 505us total 19.429ms
08-06 04:27:59.523 14033 14123 I art     : Starting a blocking GC Explicit
08-06 04:27:59.530 17111 17111 D AndroidRuntime: Calling main entry com.android.commands.input.Input
08-06 04:27:59.532 17111 17111 I Input   : injectMotionEvent: MotionEvent { action=ACTION_DOWN, actionButton=0, id[0]=0, x[0]=1084.0, y[0]=2213.0, toolType[0]=TOOL_TYPE_UNKNOWN, buttonState=0, metaState=0, flags=0x0, edgeFlags=0x0, pointerCount=1, historySize=0, eventTime=851295944, downTime=851295944, deviceId=0, source=0x1002 }
08-06 04:27:59.537 17111 17111 I Input   : injectMotionEvent: MotionEvent { action=ACTION_UP, actionButton=0, id[0]=0, x[0]=1084.0, y[0]=2213.0, toolType[0]=TOOL_TYPE_UNKNOWN, buttonState=0, metaState=0, flags=0x0, edgeFlags=0x0, pointerCount=1, historySize=0, eventTime=851295944, downTime=851295944, deviceId=0, source=0x1002 }
08-06 04:27:59.539   918  6112 I ActivityManager: START u0 {cmp=baseline.appteam.nith.hillffair/.activities.EventActivity} from uid 10697 on display 0
08-06 04:27:59.541 14033 14123 I art     : Explicit concurrent mark sweep GC freed 7(4KB) AllocSpace objects, 0(0B) LOS objects, 23% free, 52MB/68MB, paused 509us total 18.282ms
08-06 04:27:59.546 17111 17111 D AndroidRuntime: Shutting down VM
08-06 04:27:59.624 13866 13866 I GoogleInputMethodServic: GoogleInputMethodService.onFinishInput():3138 
08-06 04:27:59.624 13866 13866 I GoogleInputMethodServic: GoogleInputMethodService.onStartInput():1808 
08-06 04:27:59.650   918   936 I ActivityManager: Displayed baseline.appteam.nith.hillffair/.activities.EventActivity: +103ms
08-06 04:27:59.782 14033 14046 I art     : Starting a blocking GC Explicit
08-06 04:27:59.810 14033 14046 I art     : Explicit concurrent mark sweep GC freed 6175(366KB) AllocSpace objects, 1(20KB) LOS objects, 23% free, 52MB/68MB, paused 538us total 27.780ms
08-06 04:27:59.822 14033 14046 I art     : Starting a blocking GC Explicit
08-06 04:27:59.852 14033 14046 I art     : Explicit concurrent mark sweep GC freed 264(11KB) AllocSpace objects, 0(0B) LOS objects, 23% free, 52MB/68MB, paused 775us total 29.634ms
08-06 04:27:59.864 14033 14046 I art     : Starting a blocking GC Explicit
08-06 04:27:59.883   380   380 W SurfaceFlinger: couldn't log to binary event log: overflow.
08-06 04:27:59.891 14033 14046 I art     : Explicit concurrent mark sweep GC freed 3(96B) AllocSpace objects, 0(0B) LOS objects, 23% free, 52MB/68MB, paused 489us total 26.596ms
08-06 04:27:59.901 14033 14046 I art     : Starting a blocking GC Explicit
08-06 04:27:59.919 14033 14046 I art     : Explicit concurrent mark sweep GC freed 3(96B) AllocSpace objects, 0(0B) LOS objects, 23% free, 52MB/68MB, paused 439us total 18.001ms
08-06 04:27:59.927 14033 14046 I art     : Starting a blocking GC Explicit
08-06 04:27:59.945 14033 14046 I art     : Explicit concurrent mark sweep GC freed 3(96B) AllocSpace objects, 0(0B) LOS objects, 23% free, 52MB/68MB, paused 480us total 17.922ms
08-06 04:28:00.224 14033 14124 I art     : Starting a blocking GC Explicit
08-06 04:28:00.247 14033 14124 I art     : Explicit concurrent mark sweep GC freed 1455(84KB) AllocSpace objects, 1(20KB) LOS objects, 23% free, 52MB/68MB, paused 600us total 22.642ms
08-06 04:28:00.256 14033 14124 I art     : Starting a blocking GC Explicit
08-06 04:28:00.278 14033 14124 I art     : Explicit concurrent mark sweep GC freed 54(1856B) AllocSpace objects, 0(0B) LOS objects, 23% free, 52MB/68MB, paused 504us total 21.848ms
08-06 04:28:00.287 14033 14124 I art     : Starting a blocking GC Explicit
08-06 04:28:00.308 14033 14124 I art     : Explicit concurrent mark sweep GC freed 13(480B) AllocSpace objects, 0(0B) LOS objects, 23% free, 52MB/68MB, paused 541us total 20.920ms
08-06 04:28:00.317 14033 14124 I art     : Starting a blocking GC Explicit
08-06 04:28:00.338 14033 14124 I art     : Explicit concurrent mark sweep GC freed 13(480B) AllocSpace objects, 0(0B) LOS objects, 23% free, 52MB/68MB, paused 481us total 20.288ms
08-06 04:28:00.346 14033 14124 I art     : Starting a blocking GC Explicit
08-06 04:28:00.368 14033 14124 I art     : Explicit concurrent mark sweep GC freed 1706(100KB) AllocSpace objects, 2(120KB) LOS objects, 23% free, 52MB/68MB, paused 1.108ms total 21.887ms
08-06 04:28:00.377 14033 17137 D OkHttp  : --> GET https://api-hillfair-2k16.herokuapp.com/api/app/club http/1.1
08-06 04:28:00.412 14033 17137 D OkHttp  : <-- 200 OK https://api-hillfair-2k16.herokuapp.com/api/app/club (35ms, 1870-byte body)
08-06 04:28:00.434 14033 14033 I NAPPA_EXPERIMENTATION: MetricNetworkRequestExecutionTime: REQUEST_DURATION_SYSTEM='863',REQUEST_DURATION_OKHTTP='35',REQUEST_SYNCHRONOUS='FALSE',RESPONSE_CODE='200',RESPONSE_METHOD='GET',RESPONSE_LENGTH_OKHTTP='1870',RESPONSE_LENGTH_HEADER='1870',REQUEST_PROTOCOL='http/1.1',REQUEST_URL='https://api-hillfair-2k16.herokuapp.com/api/app/club',
08-06 04:28:00.643 14033 14124 I art     : Starting a blocking GC Explicit
08-06 04:28:00.668 14033 14124 I art     : Explicit concurrent mark sweep GC freed 6314(578KB) AllocSpace objects, 2(100KB) LOS objects, 23% free, 53MB/69MB, paused 617us total 24.409ms
08-06 04:28:00.676 14033 14124 I art     : Starting a blocking GC Explicit
08-06 04:28:00.696 14033 14124 I art     : Explicit concurrent mark sweep GC freed 316(21KB) AllocSpace objects, 0(0B) LOS objects, 23% free, 53MB/69MB, paused 607us total 19.837ms
08-06 04:28:00.704 14033 14124 I art     : Starting a blocking GC Explicit
08-06 04:28:00.726 14033 14124 I art     : Explicit concurrent mark sweep GC freed 6(192B) AllocSpace objects, 0(0B) LOS objects, 23% free, 53MB/69MB, paused 602us total 22.283ms
08-06 04:28:00.735 14033 14124 I art     : Starting a blocking GC Explicit
08-06 04:28:00.757 14033 14124 I art     : Explicit concurrent mark sweep GC freed 3(96B) AllocSpace objects, 0(0B) LOS objects, 23% free, 53MB/69MB, paused 689us total 22.381ms
08-06 04:28:00.766 14033 14124 I art     : Starting a blocking GC Explicit
08-06 04:28:00.790 14033 14124 I art     : Explicit concurrent mark sweep GC freed 3(96B) AllocSpace objects, 0(0B) LOS objects, 23% free, 53MB/69MB, paused 717us total 23.876ms
08-06 04:28:00.896   518   646 I ThermalEngine: ACTION: GPU - Setting GPU[0] to 450000000
08-06 04:28:01.097 14033 14045 I art     : Starting a blocking GC Explicit
08-06 04:28:01.129 14033 14045 I art     : Explicit concurrent mark sweep GC freed 8809(373KB) AllocSpace objects, 1(20KB) LOS objects, 23% free, 53MB/69MB, paused 867us total 31.620ms
08-06 04:28:01.141 14033 14045 I art     : Starting a blocking GC Explicit
08-06 04:28:01.170 14033 14045 I art     : Explicit concurrent mark sweep GC freed 498(54KB) AllocSpace objects, 0(0B) LOS objects, 23% free, 53MB/69MB, paused 856us total 28.641ms
08-06 04:28:01.181 14033 14045 I art     : Starting a blocking GC Explicit
08-06 04:28:01.210 14033 14045 I art     : Explicit concurrent mark sweep GC freed 318(73KB) AllocSpace objects, 0(0B) LOS objects, 23% free, 53MB/69MB, paused 739us total 28.318ms
08-06 04:28:01.221 14033 14045 I art     : Starting a blocking GC Explicit
08-06 04:28:01.247 14033 14045 I art     : Explicit concurrent mark sweep GC freed 115(50KB) AllocSpace objects, 0(0B) LOS objects, 23% free, 53MB/69MB, paused 740us total 26.441ms
08-06 04:28:01.258 14033 14045 I art     : Starting a blocking GC Explicit
08-06 04:28:01.283 14033 14045 I art     : Explicit concurrent mark sweep GC freed 20(8KB) AllocSpace objects, 0(0B) LOS objects, 23% free, 53MB/69MB, paused 666us total 25.346ms
08-06 04:28:01.608 14033 14046 I art     : Starting a blocking GC Explicit
08-06 04:28:01.647 14033 14046 I art     : Explicit concurrent mark sweep GC freed 1347(78KB) AllocSpace objects, 1(20KB) LOS objects, 23% free, 53MB/69MB, paused 765us total 38.489ms
08-06 04:28:01.663 14033 14046 I art     : Starting a blocking GC Explicit
08-06 04:28:01.695 14033 14046 I art     : Explicit concurrent mark sweep GC freed 20(704B) AllocSpace objects, 0(0B) LOS objects, 23% free, 53MB/69MB, paused 761us total 31.494ms
08-06 04:28:01.707 14033 14046 I art     : Starting a blocking GC Explicit
08-06 04:28:01.739 14033 14046 I art     : Explicit concurrent mark sweep GC freed 3(96B) AllocSpace objects, 0(0B) LOS objects, 23% free, 53MB/69MB, paused 695us total 31.979ms
08-06 04:28:01.751 14033 14046 I art     : Starting a blocking GC Explicit
08-06 04:28:01.782 14033 14046 I art     : Explicit concurrent mark sweep GC freed 3(96B) AllocSpace objects, 0(0B) LOS objects, 23% free, 53MB/69MB, paused 641us total 30.916ms
08-06 04:28:01.794 14033 14046 I art     : Starting a blocking GC Explicit
08-06 04:28:01.826 14033 14046 I art     : Explicit concurrent mark sweep GC freed 3(96B) AllocSpace objects, 0(0B) LOS objects, 23% free, 53MB/69MB, paused 695us total 31.943ms
08-06 04:28:02.165 14033 14123 I art     : Starting a blocking GC Explicit
08-06 04:28:02.204 14033 14123 I art     : Explicit concurrent mark sweep GC freed 1344(78KB) AllocSpace objects, 1(20KB) LOS objects, 23% free, 53MB/69MB, paused 768us total 38.741ms
08-06 04:28:02.217 14033 14123 I art     : Starting a blocking GC Explicit
08-06 04:28:02.250 14033 14123 I art     : Explicit concurrent mark sweep GC freed 20(704B) AllocSpace objects, 0(0B) LOS objects, 23% free, 53MB/69MB, paused 700us total 31.855ms
08-06 04:28:02.261 14033 14123 I art     : Starting a blocking GC Explicit
08-06 04:28:02.293 14033 14123 I art     : Explicit concurrent mark sweep GC freed 3(96B) AllocSpace objects, 0(0B) LOS objects, 23% free, 53MB/69MB, paused 661us total 30.782ms
08-06 04:28:02.304 14033 14123 I art     : Starting a blocking GC Explicit
08-06 04:28:02.337 14033 14123 I art     : Explicit concurrent mark sweep GC freed 3(96B) AllocSpace objects, 0(0B) LOS objects, 23% free, 53MB/69MB, paused 698us total 32.143ms
08-06 04:28:02.349 14033 14123 I art     : Starting a blocking GC Explicit
08-06 04:28:02.381 14033 14123 I art     : Explicit concurrent mark sweep GC freed 3(96B) AllocSpace objects, 0(0B) LOS objects, 23% free, 53MB/69MB, paused 646us total 31.930ms
08-06 04:28:02.436 13567 13567 I Atfwd_Sendcmd: AtCmdFwd service not ready - Exhausted retry attempts - :6
08-06 04:28:02.436 13567 13567 I Atfwd_Daemon: result : -1 	 ,Init step :2 	 ,qmiErrorCode: 0
08-06 04:28:02.716 14033 16788 I art     : Starting a blocking GC Explicit
08-06 04:28:02.756 14033 16788 I art     : Explicit concurrent mark sweep GC freed 1344(78KB) AllocSpace objects, 1(20KB) LOS objects, 23% free, 53MB/69MB, paused 721us total 39.561ms
08-06 04:28:02.770 14033 16788 I art     : Starting a blocking GC Explicit
08-06 04:28:02.801 14033 16788 I art     : Explicit concurrent mark sweep GC freed 20(704B) AllocSpace objects, 0(0B) LOS objects, 23% free, 53MB/69MB, paused 756us total 31.231ms
08-06 04:28:02.813 14033 16788 I art     : Starting a blocking GC Explicit
08-06 04:28:02.846 14033 16788 I art     : Explicit concurrent mark sweep GC freed 3(96B) AllocSpace objects, 0(0B) LOS objects, 23% free, 53MB/69MB, paused 703us total 32.160ms
08-06 04:28:02.858 14033 16788 I art     : Starting a blocking GC Explicit
08-06 04:28:02.889 14033 16788 I art     : Explicit concurrent mark sweep GC freed 3(96B) AllocSpace objects, 0(0B) LOS objects, 23% free, 53MB/69MB, paused 694us total 31.390ms
08-06 04:28:02.901 14033 16788 I art     : Starting a blocking GC Explicit
08-06 04:28:02.932 14033 16788 I art     : Explicit concurrent mark sweep GC freed 3(96B) AllocSpace objects, 0(0B) LOS objects, 23% free, 53MB/69MB, paused 723us total 30.681ms
08-06 04:28:03.249 14033 14124 I art     : Starting a blocking GC Explicit
08-06 04:28:03.288 14033 14124 I art     : Explicit concurrent mark sweep GC freed 1344(78KB) AllocSpace objects, 1(20KB) LOS objects, 23% free, 53MB/69MB, paused 941us total 39.041ms
08-06 04:28:03.304 14033 14124 I art     : Starting a blocking GC Explicit
08-06 04:28:03.337 14033 14124 I art     : Explicit concurrent mark sweep GC freed 20(704B) AllocSpace objects, 0(0B) LOS objects, 23% free, 53MB/69MB, paused 759us total 32.349ms
08-06 04:28:03.349 14033 14124 I art     : Starting a blocking GC Explicit
08-06 04:28:03.381 14033 14124 I art     : Explicit concurrent mark sweep GC freed 3(96B) AllocSpace objects, 0(0B) LOS objects, 23% free, 53MB/69MB, paused 678us total 31.536ms
08-06 04:28:03.392 14033 14124 I art     : Starting a blocking GC Explicit
08-06 04:28:03.424 14033 14124 I art     : Explicit concurrent mark sweep GC freed 3(96B) AllocSpace objects, 0(0B) LOS objects, 23% free, 53MB/69MB, paused 723us total 31.998ms
08-06 04:28:03.437 14033 14124 I art     : Starting a blocking GC Explicit
08-06 04:28:03.469 14033 14124 I art     : Explicit concurrent mark sweep GC freed 3(96B) AllocSpace objects, 0(0B) LOS objects, 23% free, 53MB/69MB, paused 715us total 31.911ms
08-06 04:28:03.821 14033 14045 I art     : Starting a blocking GC Explicit
08-06 04:28:03.865 14033 14045 I art     : Explicit concurrent mark sweep GC freed 1365(79KB) AllocSpace objects, 1(20KB) LOS objects, 23% free, 53MB/69MB, paused 734us total 43.400ms
08-06 04:28:03.881 14033 14045 I art     : Starting a blocking GC Explicit
08-06 04:28:03.900   518   646 I ThermalEngine: ACTION: GPU - Setting GPU[0] to 510000000
08-06 04:28:03.913 14033 14045 I art     : Explicit concurrent mark sweep GC freed 36(1216B) AllocSpace objects, 0(0B) LOS objects, 23% free, 53MB/69MB, paused 712us total 31.182ms
08-06 04:28:03.925 14033 14045 I art     : Starting a blocking GC Explicit
08-06 04:28:03.953 14033 14045 I art     : Explicit concurrent mark sweep GC freed 3(96B) AllocSpace objects, 0(0B) LOS objects, 23% free, 53MB/69MB, paused 548us total 27.753ms
08-06 04:28:03.962 14033 14045 I art     : Starting a blocking GC Explicit
08-06 04:28:03.986 14033 14045 I art     : Explicit concurrent mark sweep GC freed 3(96B) AllocSpace objects, 0(0B) LOS objects, 23% free, 53MB/69MB, paused 513us total 23.626ms
08-06 04:28:03.995 14033 14045 I art     : Starting a blocking GC Explicit
08-06 04:28:04.018 14033 14045 I art     : Explicit concurrent mark sweep GC freed 3(96B) AllocSpace objects, 0(0B) LOS objects, 23% free, 53MB/69MB, paused 482us total 22.652ms
08-06 04:28:04.362 14033 14046 I art     : Starting a blocking GC Explicit
08-06 04:28:04.391 14033 14046 I art     : Explicit concurrent mark sweep GC freed 1344(78KB) AllocSpace objects, 1(20KB) LOS objects, 23% free, 53MB/69MB, paused 548us total 28.623ms
08-06 04:28:04.404 14033 14046 I art     : Starting a blocking GC Explicit
08-06 04:28:04.428 14033 14046 I art     : Explicit concurrent mark sweep GC freed 20(704B) AllocSpace objects, 0(0B) LOS objects, 23% free, 53MB/69MB, paused 517us total 23.468ms
08-06 04:28:04.437 14033 14046 I art     : Starting a blocking GC Explicit
08-06 04:28:04.461 14033 14046 I art     : Explicit concurrent mark sweep GC freed 3(96B) AllocSpace objects, 0(0B) LOS objects, 23% free, 53MB/69MB, paused 508us total 23.686ms
08-06 04:28:04.470 14033 14046 I art     : Starting a blocking GC Explicit
08-06 04:28:04.494 14033 14046 I art     : Explicit concurrent mark sweep GC freed 3(96B) AllocSpace objects, 0(0B) LOS objects, 23% free, 53MB/69MB, paused 507us total 23.075ms
08-06 04:28:04.503 14033 14046 I art     : Starting a blocking GC Explicit
08-06 04:28:04.527 14033 14046 I art     : Explicit concurrent mark sweep GC freed 3(96B) AllocSpace objects, 0(0B) LOS objects, 23% free, 53MB/69MB, paused 595us total 23.795ms
08-06 04:28:04.832 14033 14123 I art     : Starting a blocking GC Explicit
08-06 04:28:04.866 14033 14123 I art     : Explicit concurrent mark sweep GC freed 1344(78KB) AllocSpace objects, 1(20KB) LOS objects, 23% free, 53MB/69MB, paused 522us total 33.946ms
08-06 04:28:04.880 14033 14123 I art     : Starting a blocking GC Explicit
08-06 04:28:04.902 14033 14123 I art     : Explicit concurrent mark sweep GC freed 20(704B) AllocSpace objects, 0(0B) LOS objects, 23% free, 53MB/69MB, paused 500us total 22.538ms
08-06 04:28:04.911 14033 14123 I art     : Starting a blocking GC Explicit
08-06 04:28:04.934 14033 14123 I art     : Explicit concurrent mark sweep GC freed 3(96B) AllocSpace objects, 0(0B) LOS objects, 23% free, 53MB/69MB, paused 507us total 23.020ms
08-06 04:28:04.944 14033 14123 I art     : Starting a blocking GC Explicit
08-06 04:28:04.968 14033 14123 I art     : Explicit concurrent mark sweep GC freed 3(96B) AllocSpace objects, 0(0B) LOS objects, 23% free, 53MB/69MB, paused 515us total 23.807ms
08-06 04:28:04.977 14033 14123 I art     : Starting a blocking GC Explicit
08-06 04:28:05.000 14033 14123 I art     : Explicit concurrent mark sweep GC freed 3(96B) AllocSpace objects, 0(0B) LOS objects, 23% free, 53MB/69MB, paused 481us total 22.604ms
08-06 04:28:05.304 14033 16788 I art     : Starting a blocking GC Explicit
08-06 04:28:05.335 14033 16788 I art     : Explicit concurrent mark sweep GC freed 1344(78KB) AllocSpace objects, 1(20KB) LOS objects, 23% free, 53MB/69MB, paused 533us total 30.466ms
08-06 04:28:05.348 14033 16788 I art     : Starting a blocking GC Explicit
08-06 04:28:05.372 14033 16788 I art     : Explicit concurrent mark sweep GC freed 20(704B) AllocSpace objects, 0(0B) LOS objects, 23% free, 53MB/69MB, paused 514us total 24.187ms
08-06 04:28:05.381 14033 16788 I art     : Starting a blocking GC Explicit
08-06 04:28:05.405 14033 16788 I art     : Explicit concurrent mark sweep GC freed 3(96B) AllocSpace objects, 0(0B) LOS objects, 23% free, 53MB/69MB, paused 521us total 23.300ms
08-06 04:28:05.414 14033 16788 I art     : Starting a blocking GC Explicit
08-06 04:28:05.438 14033 16788 I art     : Explicit concurrent mark sweep GC freed 3(96B) AllocSpace objects, 0(0B) LOS objects, 23% free, 53MB/69MB, paused 514us total 23.836ms
08-06 04:28:05.447 14033 16788 I art     : Starting a blocking GC Explicit
08-06 04:28:05.471 14033 16788 I art     : Explicit concurrent mark sweep GC freed 3(96B) AllocSpace objects, 0(0B) LOS objects, 23% free, 53MB/69MB, paused 504us total 23.303ms
08-06 04:28:05.800 14033 14124 I art     : Starting a blocking GC Explicit
08-06 04:28:05.834 14033 14124 I art     : Explicit concurrent mark sweep GC freed 1344(78KB) AllocSpace objects, 1(20KB) LOS objects, 23% free, 53MB/69MB, paused 570us total 33.323ms
08-06 04:28:05.846 14033 14124 I art     : Starting a blocking GC Explicit
08-06 04:28:05.869 14033 14124 I art     : Explicit concurrent mark sweep GC freed 20(704B) AllocSpace objects, 0(0B) LOS objects, 23% free, 53MB/69MB, paused 503us total 22.946ms
08-06 04:28:05.878 14033 14124 I art     : Starting a blocking GC Explicit
08-06 04:28:05.902 14033 14124 I art     : Explicit concurrent mark sweep GC freed 3(96B) AllocSpace objects, 0(0B) LOS objects, 23% free, 53MB/69MB, paused 509us total 23.323ms
08-06 04:28:05.911 14033 14124 I art     : Starting a blocking GC Explicit
08-06 04:28:05.934 14033 14124 I art     : Explicit concurrent mark sweep GC freed 3(96B) AllocSpace objects, 0(0B) LOS objects, 23% free, 53MB/69MB, paused 503us total 23.002ms
08-06 04:28:05.944 14033 14124 I art     : Starting a blocking GC Explicit
08-06 04:28:05.965 14033 14124 I art     : Explicit concurrent mark sweep GC freed 3(96B) AllocSpace objects, 0(0B) LOS objects, 23% free, 53MB/69MB, paused 489us total 21.141ms
08-06 04:28:06.270 14033 14045 I art     : Starting a blocking GC Explicit
08-06 04:28:06.300 14033 14045 I art     : Explicit concurrent mark sweep GC freed 1344(78KB) AllocSpace objects, 1(20KB) LOS objects, 23% free, 53MB/69MB, paused 562us total 29.560ms
08-06 04:28:06.313 14033 14045 I art     : Starting a blocking GC Explicit
08-06 04:28:06.342 14033 14045 I art     : Explicit concurrent mark sweep GC freed 20(704B) AllocSpace objects, 0(0B) LOS objects, 23% free, 53MB/69MB, paused 541us total 28.889ms
08-06 04:28:06.352 14033 14045 I art     : Starting a blocking GC Explicit
08-06 04:28:06.376 14033 14045 I art     : Explicit concurrent mark sweep GC freed 3(96B) AllocSpace objects, 0(0B) LOS objects, 23% free, 53MB/69MB, paused 508us total 22.911ms
08-06 04:28:06.385 14033 14045 I art     : Starting a blocking GC Explicit
08-06 04:28:06.408 14033 14045 I art     : Explicit concurrent mark sweep GC freed 3(96B) AllocSpace objects, 0(0B) LOS objects, 23% free, 53MB/69MB, paused 508us total 22.800ms
08-06 04:28:06.417 14033 14045 I art     : Starting a blocking GC Explicit
08-06 04:28:06.440 14033 14045 I art     : Explicit concurrent mark sweep GC freed 3(96B) AllocSpace objects, 0(0B) LOS objects, 23% free, 53MB/69MB, paused 506us total 23.295ms
08-06 04:28:06.771 14033 14046 I art     : Starting a blocking GC Explicit
08-06 04:28:06.800 14033 14046 I art     : Explicit concurrent mark sweep GC freed 1344(78KB) AllocSpace objects, 1(20KB) LOS objects, 23% free, 53MB/69MB, paused 545us total 29.387ms
08-06 04:28:06.813 14033 14046 I art     : Starting a blocking GC Explicit
08-06 04:28:06.837 14033 14046 I art     : Explicit concurrent mark sweep GC freed 20(704B) AllocSpace objects, 0(0B) LOS objects, 23% free, 53MB/69MB, paused 498us total 23.397ms
08-06 04:28:06.846 14033 14046 I art     : Starting a blocking GC Explicit
08-06 04:28:06.869 14033 14046 I art     : Explicit concurrent mark sweep GC freed 3(96B) AllocSpace objects, 0(0B) LOS objects, 23% free, 53MB/69MB, paused 501us total 23.027ms
08-06 04:28:06.878 14033 14046 I art     : Starting a blocking GC Explicit
08-06 04:28:06.901 14033 14046 I art     : Explicit concurrent mark sweep GC freed 3(96B) AllocSpace objects, 0(0B) LOS objects, 23% free, 53MB/69MB, paused 487us total 23.283ms
08-06 04:28:06.910 14033 14046 I art     : Starting a blocking GC Explicit
08-06 04:28:06.935 14033 14046 I art     : Explicit concurrent mark sweep GC freed 3(96B) AllocSpace objects, 0(0B) LOS objects, 23% free, 53MB/69MB, paused 506us total 23.879ms
08-06 04:28:07.252 14033 14123 I art     : Starting a blocking GC Explicit
08-06 04:28:07.282 14033 14123 I art     : Explicit concurrent mark sweep GC freed 1344(78KB) AllocSpace objects, 1(20KB) LOS objects, 23% free, 53MB/69MB, paused 544us total 29.266ms
08-06 04:28:07.294 14033 14123 I art     : Starting a blocking GC Explicit
08-06 04:28:07.319 14033 14123 I art     : Explicit concurrent mark sweep GC freed 20(704B) AllocSpace objects, 0(0B) LOS objects, 23% free, 53MB/69MB, paused 513us total 24.277ms
08-06 04:28:07.328 14033 14123 I art     : Starting a blocking GC Explicit
08-06 04:28:07.352 14033 14123 I art     : Explicit concurrent mark sweep GC freed 3(96B) AllocSpace objects, 0(0B) LOS objects, 23% free, 53MB/69MB, paused 510us total 23.131ms
08-06 04:28:07.361 14033 14123 I art     : Starting a blocking GC Explicit
08-06 04:28:07.384 14033 14123 I art     : Explicit concurrent mark sweep GC freed 3(96B) AllocSpace objects, 0(0B) LOS objects, 23% free, 53MB/69MB, paused 501us total 23.354ms
08-06 04:28:07.393 14033 14123 I art     : Starting a blocking GC Explicit
08-06 04:28:07.417 14033 14123 I art     : Explicit concurrent mark sweep GC freed 3(96B) AllocSpace objects, 0(0B) LOS objects, 23% free, 53MB/69MB, paused 579us total 23.380ms
08-06 04:28:07.750 14033 16788 I art     : Starting a blocking GC Explicit
08-06 04:28:07.785 14033 16788 I art     : Explicit concurrent mark sweep GC freed 1344(78KB) AllocSpace objects, 1(20KB) LOS objects, 23% free, 53MB/69MB, paused 587us total 34.081ms
08-06 04:28:07.801 14033 16788 I art     : Starting a blocking GC Explicit
08-06 04:28:07.823 14033 16788 I art     : Explicit concurrent mark sweep GC freed 20(704B) AllocSpace objects, 0(0B) LOS objects, 23% free, 53MB/69MB, paused 535us total 22.531ms
08-06 04:28:07.832 14033 16788 I art     : Starting a blocking GC Explicit
08-06 04:28:07.854 14033 16788 I art     : Explicit concurrent mark sweep GC freed 3(96B) AllocSpace objects, 0(0B) LOS objects, 23% free, 53MB/69MB, paused 474us total 21.562ms
08-06 04:28:07.863 14033 16788 I art     : Starting a blocking GC Explicit
08-06 04:28:07.885 14033 16788 I art     : Explicit concurrent mark sweep GC freed 3(96B) AllocSpace objects, 0(0B) LOS objects, 23% free, 53MB/69MB, paused 513us total 21.903ms
08-06 04:28:07.893 14033 16788 I art     : Starting a blocking GC Explicit
08-06 04:28:07.915 14033 16788 I art     : Explicit concurrent mark sweep GC freed 3(96B) AllocSpace objects, 0(0B) LOS objects, 23% free, 53MB/69MB, paused 482us total 21.707ms
08-06 04:28:08.229 17315 17315 D AndroidRuntime: >>>>>> START com.android.internal.os.RuntimeInit uid 2000 <<<<<<
08-06 04:28:08.234 17315 17315 D AndroidRuntime: CheckJNI is OFF
08-06 04:28:08.251 14033 14124 I art     : Starting a blocking GC Explicit
08-06 04:28:08.270 17315 17315 D ICU     : No timezone override file found: /data/misc/zoneinfo/current/icu/icu_tzdata.dat
08-06 04:28:08.274 14033 14124 I art     : Explicit concurrent mark sweep GC freed 1344(78KB) AllocSpace objects, 1(20KB) LOS objects, 23% free, 53MB/69MB, paused 534us total 23.066ms
08-06 04:28:08.284 14033 14124 I art     : Starting a blocking GC Explicit
08-06 04:28:08.303 17315 17315 I Radio-JNI: register_android_hardware_Radio DONE
08-06 04:28:08.306 14033 14124 I art     : Explicit concurrent mark sweep GC freed 20(704B) AllocSpace objects, 0(0B) LOS objects, 23% free, 53MB/69MB, paused 555us total 21.628ms
08-06 04:28:08.314 14033 14124 I art     : Starting a blocking GC Explicit
08-06 04:28:08.325 17315 17315 D AndroidRuntime: Calling main entry com.android.commands.input.Input
08-06 04:28:08.327 17315 17315 I Input   : injectMotionEvent: MotionEvent { action=ACTION_DOWN, actionButton=0, id[0]=0, x[0]=369.0, y[0]=554.0, toolType[0]=TOOL_TYPE_UNKNOWN, buttonState=0, metaState=0, flags=0x0, edgeFlags=0x0, pointerCount=1, historySize=0, eventTime=851304740, downTime=851304740, deviceId=0, source=0x1002 }
08-06 04:28:08.331 17315 17315 I Input   : injectMotionEvent: MotionEvent { action=ACTION_UP, actionButton=0, id[0]=0, x[0]=369.0, y[0]=554.0, toolType[0]=TOOL_TYPE_UNKNOWN, buttonState=0, metaState=0, flags=0x0, edgeFlags=0x0, pointerCount=1, historySize=0, eventTime=851304740, downTime=851304740, deviceId=0, source=0x1002 }
08-06 04:28:08.333   918  4400 I ActivityManager: START u0 {cmp=baseline.appteam.nith.hillffair/.activities.ClubActivity (has extras)} from uid 10697 on display 0
08-06 04:28:08.336 14033 14124 I art     : Explicit concurrent mark sweep GC freed 3(96B) AllocSpace objects, 0(0B) LOS objects, 23% free, 53MB/69MB, paused 561us total 21.367ms
08-06 04:28:08.339 17315 17315 D AndroidRuntime: Shutting down VM
08-06 04:28:08.344 14033 14124 I art     : Starting a blocking GC Explicit
08-06 04:28:08.369 14033 14124 I art     : Explicit concurrent mark sweep GC freed 2707(149KB) AllocSpace objects, 0(0B) LOS objects, 23% free, 53MB/69MB, paused 1.101ms total 24.495ms
08-06 04:28:08.378 14033 14124 I art     : Starting a blocking GC Explicit
08-06 04:28:08.399 14033 14124 I art     : Explicit concurrent mark sweep GC freed 1006(78KB) AllocSpace objects, 0(0B) LOS objects, 23% free, 53MB/69MB, paused 549us total 21.027ms
08-06 04:28:08.433   918   936 I ActivityManager: Displayed baseline.appteam.nith.hillffair/.activities.ClubActivity: +93ms
08-06 04:28:08.433 13866 13866 I GoogleInputMethodServic: GoogleInputMethodService.onFinishInput():3138 
08-06 04:28:08.433 13866 13866 I GoogleInputMethodServic: GoogleInputMethodService.onStartInput():1808 
08-06 04:28:08.673 14033 16788 I art     : Starting a blocking GC Explicit
08-06 04:28:08.675   380   380 W SurfaceFlinger: couldn't log to binary event log: overflow.
08-06 04:28:08.696 14033 16788 I art     : Explicit concurrent mark sweep GC freed 1665(94KB) AllocSpace objects, 1(20KB) LOS objects, 23% free, 53MB/69MB, paused 511us total 22.391ms
08-06 04:28:08.704 14033 16788 I art     : Starting a blocking GC Explicit
08-06 04:28:08.725 14033 16788 I art     : Explicit concurrent mark sweep GC freed 34(1168B) AllocSpace objects, 0(0B) LOS objects, 23% free, 53MB/69MB, paused 651us total 21.092ms
08-06 04:28:08.734 14033 16788 I art     : Starting a blocking GC Explicit
08-06 04:28:08.754 14033 16788 I art     : Explicit concurrent mark sweep GC freed 3(96B) AllocSpace objects, 0(0B) LOS objects, 23% free, 53MB/69MB, paused 535us total 20.439ms
08-06 04:28:08.763 14033 16788 I art     : Starting a blocking GC Explicit
08-06 04:28:08.785 14033 16788 I art     : Explicit concurrent mark sweep GC freed 3(96B) AllocSpace objects, 0(0B) LOS objects, 23% free, 53MB/69MB, paused 506us total 21.809ms
08-06 04:28:08.794 14033 16788 I art     : Starting a blocking GC Explicit
08-06 04:28:08.817 14033 16788 I art     : Explicit concurrent mark sweep GC freed 96(5KB) AllocSpace objects, 0(0B) LOS objects, 23% free, 53MB/69MB, paused 719us total 22.900ms
08-06 04:28:08.877 14033 17338 D OkHttp  : --> GET https://api-hillfair-2k16.herokuapp.com/api/app/club/PR%20Club http/1.1
08-06 04:28:08.911 14033 17338 D OkHttp  : <-- 200 OK https://api-hillfair-2k16.herokuapp.com/api/app/club/PR%20Club (33ms, 979-byte body)
08-06 04:28:08.961 14033 14033 I NAPPA_EXPERIMENTATION: MetricNetworkRequestExecutionTime: REQUEST_DURATION_SYSTEM='594',REQUEST_DURATION_OKHTTP='34',REQUEST_SYNCHRONOUS='FALSE',RESPONSE_CODE='200',RESPONSE_METHOD='GET',RESPONSE_LENGTH_OKHTTP='979',RESPONSE_LENGTH_HEADER='979',REQUEST_PROTOCOL='http/1.1',REQUEST_URL='https://api-hillfair-2k16.herokuapp.com/api/app/club/PR%20Club',
08-06 04:28:09.105 14033 14123 I art     : Starting a blocking GC Explicit
08-06 04:28:09.133 14033 14123 I art     : Explicit concurrent mark sweep GC freed 4801(346KB) AllocSpace objects, 4(220KB) LOS objects, 22% free, 53MB/69MB, paused 572us total 27.188ms
08-06 04:28:09.142 14033 14123 I art     : Starting a blocking GC Explicit
08-06 04:28:09.167 14033 14123 I art     : Explicit concurrent mark sweep GC freed 1031(119KB) AllocSpace objects, 0(0B) LOS objects, 22% free, 53MB/69MB, paused 634us total 24.468ms
08-06 04:28:09.177 14033 14123 I art     : Starting a blocking GC Explicit
08-06 04:28:09.200 14033 14123 I art     : Explicit concurrent mark sweep GC freed 3(96B) AllocSpace objects, 0(0B) LOS objects, 22% free, 53MB/69MB, paused 527us total 23.413ms
08-06 04:28:09.209 14033 14123 I art     : Starting a blocking GC Explicit
08-06 04:28:09.233 14033 14123 I art     : Explicit concurrent mark sweep GC freed 3(96B) AllocSpace objects, 0(0B) LOS objects, 22% free, 53MB/69MB, paused 526us total 23.739ms
08-06 04:28:09.242 14033 14123 I art     : Starting a blocking GC Explicit
08-06 04:28:09.266 14033 14123 I art     : Explicit concurrent mark sweep GC freed 3(96B) AllocSpace objects, 0(0B) LOS objects, 22% free, 53MB/69MB, paused 513us total 23.389ms
08-06 04:28:09.557 14033 14124 I art     : Starting a blocking GC Explicit
08-06 04:28:09.594 14033 14124 I art     : Explicit concurrent mark sweep GC freed 1344(78KB) AllocSpace objects, 1(20KB) LOS objects, 22% free, 53MB/69MB, paused 607us total 36.927ms
08-06 04:28:09.607 14033 14124 I art     : Starting a blocking GC Explicit
08-06 04:28:09.633 14033 14124 I art     : Explicit concurrent mark sweep GC freed 36(1264B) AllocSpace objects, 0(0B) LOS objects, 22% free, 53MB/69MB, paused 539us total 25.750ms
08-06 04:28:09.642 14033 14124 I art     : Starting a blocking GC Explicit
08-06 04:28:09.667 14033 14124 I art     : Explicit concurrent mark sweep GC freed 3(96B) AllocSpace objects, 0(0B) LOS objects, 22% free, 53MB/69MB, paused 574us total 24.603ms
08-06 04:28:09.676 14033 14124 I art     : Starting a blocking GC Explicit
08-06 04:28:09.701 14033 14124 I art     : Explicit concurrent mark sweep GC freed 3(96B) AllocSpace objects, 0(0B) LOS objects, 22% free, 53MB/69MB, paused 522us total 24.673ms
08-06 04:28:09.711 14033 14124 I art     : Starting a blocking GC Explicit
08-06 04:28:09.735 14033 14124 I art     : Explicit concurrent mark sweep GC freed 3(96B) AllocSpace objects, 0(0B) LOS objects, 22% free, 53MB/69MB, paused 500us total 23.964ms
08-06 04:28:10.025 14033 14046 I art     : Starting a blocking GC Explicit
08-06 04:28:10.057 14033 14046 I art     : Explicit concurrent mark sweep GC freed 1344(78KB) AllocSpace objects, 1(20KB) LOS objects, 22% free, 53MB/69MB, paused 580us total 31.424ms
08-06 04:28:10.069 14033 14046 I art     : Starting a blocking GC Explicit
08-06 04:28:10.093 14033 14046 I art     : Explicit concurrent mark sweep GC freed 20(704B) AllocSpace objects, 0(0B) LOS objects, 22% free, 53MB/69MB, paused 540us total 23.742ms
08-06 04:28:10.102 14033 14046 I art     : Starting a blocking GC Explicit
08-06 04:28:10.127 14033 14046 I art     : Explicit concurrent mark sweep GC freed 3(96B) AllocSpace objects, 0(0B) LOS objects, 22% free, 53MB/69MB, paused 564us total 24.743ms
08-06 04:28:10.137 14033 14046 I art     : Starting a blocking GC Explicit
08-06 04:28:10.162 14033 14046 I art     : Explicit concurrent mark sweep GC freed 3(96B) AllocSpace objects, 0(0B) LOS objects, 22% free, 53MB/69MB, paused 534us total 25.098ms
08-06 04:28:10.171 14033 14046 I art     : Starting a blocking GC Explicit
08-06 04:28:10.196 14033 14046 I art     : Explicit concurrent mark sweep GC freed 3(96B) AllocSpace objects, 0(0B) LOS objects, 22% free, 53MB/69MB, paused 522us total 24.319ms
08-06 04:28:10.527 14033 14045 I art     : Starting a blocking GC Explicit
08-06 04:28:10.561 14033 14045 I art     : Explicit concurrent mark sweep GC freed 1344(78KB) AllocSpace objects, 1(20KB) LOS objects, 22% free, 53MB/69MB, paused 584us total 33.952ms
08-06 04:28:10.574 14033 14045 I art     : Starting a blocking GC Explicit
08-06 04:28:10.598 14033 14045 I art     : Explicit concurrent mark sweep GC freed 20(704B) AllocSpace objects, 0(0B) LOS objects, 22% free, 53MB/69MB, paused 528us total 24.272ms
08-06 04:28:10.608 14033 14045 I art     : Starting a blocking GC Explicit
08-06 04:28:10.633 14033 14045 I art     : Explicit concurrent mark sweep GC freed 3(96B) AllocSpace objects, 0(0B) LOS objects, 22% free, 53MB/69MB, paused 511us total 24.871ms
08-06 04:28:10.642 14033 14045 I art     : Starting a blocking GC Explicit
08-06 04:28:10.668 14033 14045 I art     : Explicit concurrent mark sweep GC freed 3(96B) AllocSpace objects, 0(0B) LOS objects, 22% free, 53MB/69MB, paused 577us total 25.140ms
08-06 04:28:10.677 14033 14045 I art     : Starting a blocking GC Explicit
08-06 04:28:10.701 14033 14045 I art     : Explicit concurrent mark sweep GC freed 3(96B) AllocSpace objects, 0(0B) LOS objects, 22% free, 53MB/69MB, paused 515us total 24.103ms
08-06 04:28:11.022 14033 16788 I art     : Starting a blocking GC Explicit
08-06 04:28:11.059 14033 16788 I art     : Explicit concurrent mark sweep GC freed 1344(78KB) AllocSpace objects, 1(20KB) LOS objects, 22% free, 53MB/69MB, paused 576us total 36.312ms
08-06 04:28:11.071 14033 16788 I art     : Starting a blocking GC Explicit
08-06 04:28:11.097 14033 16788 I art     : Explicit concurrent mark sweep GC freed 20(704B) AllocSpace objects, 0(0B) LOS objects, 22% free, 53MB/69MB, paused 598us total 25.308ms
08-06 04:28:11.106 14033 16788 I art     : Starting a blocking GC Explicit
08-06 04:28:11.131 14033 16788 I art     : Explicit concurrent mark sweep GC freed 3(96B) AllocSpace objects, 0(0B) LOS objects, 22% free, 53MB/69MB, paused 527us total 24.414ms
08-06 04:28:11.140 14033 16788 I art     : Starting a blocking GC Explicit
08-06 04:28:11.165 14033 16788 I art     : Explicit concurrent mark sweep GC freed 3(96B) AllocSpace objects, 0(0B) LOS objects, 22% free, 53MB/69MB, paused 523us total 25.065ms
08-06 04:28:11.175 14033 16788 I art     : Starting a blocking GC Explicit
08-06 04:28:11.199 14033 16788 I art     : Explicit concurrent mark sweep GC freed 3(96B) AllocSpace objects, 0(0B) LOS objects, 22% free, 53MB/69MB, paused 527us total 24.314ms
08-06 04:28:11.501 14033 14123 I art     : Starting a blocking GC Explicit
08-06 04:28:11.532 14033 14123 I art     : Explicit concurrent mark sweep GC freed 1365(79KB) AllocSpace objects, 1(20KB) LOS objects, 22% free, 53MB/69MB, paused 552us total 30.617ms
08-06 04:28:11.544 14033 14123 I art     : Starting a blocking GC Explicit
08-06 04:28:11.570 14033 14123 I art     : Explicit concurrent mark sweep GC freed 36(1216B) AllocSpace objects, 0(0B) LOS objects, 22% free, 53MB/69MB, paused 521us total 24.979ms
08-06 04:28:11.579 14033 14123 I art     : Starting a blocking GC Explicit
08-06 04:28:11.603 14033 14123 I art     : Explicit concurrent mark sweep GC freed 3(96B) AllocSpace objects, 0(0B) LOS objects, 22% free, 53MB/69MB, paused 524us total 24.067ms
08-06 04:28:11.612 14033 14123 I art     : Starting a blocking GC Explicit
08-06 04:28:11.638 14033 14123 I art     : Explicit concurrent mark sweep GC freed 3(96B) AllocSpace objects, 0(0B) LOS objects, 22% free, 53MB/69MB, paused 530us total 24.870ms
08-06 04:28:11.647 14033 14123 I art     : Starting a blocking GC Explicit
08-06 04:28:11.671 14033 14123 I art     : Explicit concurrent mark sweep GC freed 3(96B) AllocSpace objects, 0(0B) LOS objects, 22% free, 53MB/69MB, paused 492us total 24.252ms
08-06 04:28:11.981 14033 14124 I art     : Starting a blocking GC Explicit
08-06 04:28:12.013 14033 14124 I art     : Explicit concurrent mark sweep GC freed 1344(78KB) AllocSpace objects, 1(20KB) LOS objects, 22% free, 53MB/69MB, paused 558us total 31.055ms
08-06 04:28:12.026 14033 14124 I art     : Starting a blocking GC Explicit
08-06 04:28:12.053 14033 14124 I art     : Explicit concurrent mark sweep GC freed 20(704B) AllocSpace objects, 0(0B) LOS objects, 22% free, 53MB/69MB, paused 510us total 26.537ms
08-06 04:28:12.062 14033 14124 I art     : Starting a blocking GC Explicit
08-06 04:28:12.087 14033 14124 I art     : Explicit concurrent mark sweep GC freed 3(96B) AllocSpace objects, 0(0B) LOS objects, 22% free, 53MB/69MB, paused 508us total 24.352ms
08-06 04:28:12.096 14033 14124 I art     : Starting a blocking GC Explicit
08-06 04:28:12.121 14033 14124 I art     : Explicit concurrent mark sweep GC freed 3(96B) AllocSpace objects, 0(0B) LOS objects, 22% free, 53MB/69MB, paused 516us total 24.885ms
08-06 04:28:12.130 14033 14124 I art     : Starting a blocking GC Explicit
08-06 04:28:12.154 14033 14124 I art     : Explicit concurrent mark sweep GC freed 3(96B) AllocSpace objects, 0(0B) LOS objects, 22% free, 53MB/69MB, paused 494us total 23.857ms
08-06 04:28:12.437 13567 13567 I ServiceManager: Waiting for service AtCmdFwd...
08-06 04:28:12.479 14033 14046 I art     : Starting a blocking GC Explicit
08-06 04:28:12.511 14033 14046 I art     : Explicit concurrent mark sweep GC freed 1344(78KB) AllocSpace objects, 1(20KB) LOS objects, 22% free, 53MB/69MB, paused 567us total 30.752ms
08-06 04:28:12.522 14033 14046 I art     : Starting a blocking GC Explicit
08-06 04:28:12.547 14033 14046 I art     : Explicit concurrent mark sweep GC freed 20(704B) AllocSpace objects, 0(0B) LOS objects, 22% free, 53MB/69MB, paused 598us total 25.067ms
08-06 04:28:12.557 14033 14046 I art     : Starting a blocking GC Explicit
08-06 04:28:12.580 14033 14046 I art     : Explicit concurrent mark sweep GC freed 3(96B) AllocSpace objects, 0(0B) LOS objects, 22% free, 53MB/69MB, paused 501us total 23.596ms
08-06 04:28:12.590 14033 14046 I art     : Starting a blocking GC Explicit
08-06 04:28:12.614 14033 14046 I art     : Explicit concurrent mark sweep GC freed 3(96B) AllocSpace objects, 0(0B) LOS objects, 22% free, 53MB/69MB, paused 494us total 23.460ms
08-06 04:28:12.622 14033 14046 I art     : Starting a blocking GC Explicit
08-06 04:28:12.645 14033 14046 I art     : Explicit concurrent mark sweep GC freed 3(96B) AllocSpace objects, 0(0B) LOS objects, 22% free, 53MB/69MB, paused 481us total 22.753ms
08-06 04:28:12.955 14033 14045 I art     : Starting a blocking GC Explicit
08-06 04:28:12.984 14033 14045 I art     : Explicit concurrent mark sweep GC freed 1344(78KB) AllocSpace objects, 1(20KB) LOS objects, 22% free, 53MB/69MB, paused 585us total 29.329ms
08-06 04:28:12.997 14033 14045 I art     : Starting a blocking GC Explicit
08-06 04:28:13.021 14033 14045 I art     : Explicit concurrent mark sweep GC freed 20(704B) AllocSpace objects, 0(0B) LOS objects, 22% free, 53MB/69MB, paused 537us total 24.351ms
08-06 04:28:13.023 17443 17443 D AndroidRuntime: >>>>>> START com.android.internal.os.RuntimeInit uid 2000 <<<<<<
08-06 04:28:13.028 17443 17443 D AndroidRuntime: CheckJNI is OFF
08-06 04:28:13.031 14033 14045 I art     : Starting a blocking GC Explicit
08-06 04:28:13.054 14033 14045 I art     : Explicit concurrent mark sweep GC freed 3(96B) AllocSpace objects, 0(0B) LOS objects, 22% free, 53MB/69MB, paused 501us total 22.722ms
08-06 04:28:13.063 14033 14045 I art     : Starting a blocking GC Explicit
08-06 04:28:13.064 17443 17443 D ICU     : No timezone override file found: /data/misc/zoneinfo/current/icu/icu_tzdata.dat
08-06 04:28:13.086 14033 14045 I art     : Explicit concurrent mark sweep GC freed 3(96B) AllocSpace objects, 0(0B) LOS objects, 22% free, 53MB/69MB, paused 512us total 23.097ms
08-06 04:28:13.095 14033 14045 I art     : Starting a blocking GC Explicit
08-06 04:28:13.099 17443 17443 I Radio-JNI: register_android_hardware_Radio DONE
08-06 04:28:13.118 14033 14045 I art     : Explicit concurrent mark sweep GC freed 3(96B) AllocSpace objects, 0(0B) LOS objects, 22% free, 53MB/69MB, paused 522us total 22.987ms
08-06 04:28:13.121 17443 17443 D AndroidRuntime: Calling main entry com.android.commands.input.Input
08-06 04:28:13.122 17443 17443 I Input   : injectKeyEvent: KeyEvent { action=ACTION_DOWN, keyCode=KEYCODE_BACK, scanCode=0, metaState=0, flags=0x0, repeatCount=0, eventTime=851309535, downTime=851309535, deviceId=-1, source=0x101 }
08-06 04:28:13.128 17443 17443 I Input   : injectKeyEvent: KeyEvent { action=ACTION_UP, keyCode=KEYCODE_BACK, scanCode=0, metaState=0, flags=0x0, repeatCount=0, eventTime=851309535, downTime=851309535, deviceId=-1, source=0x101 }
08-06 04:28:13.133 17443 17443 D AndroidRuntime: Shutting down VM
08-06 04:28:13.179 13866 13866 I GoogleInputMethodServic: GoogleInputMethodService.onFinishInput():3138 
08-06 04:28:13.179 13866 13866 I GoogleInputMethodServic: GoogleInputMethodService.onStartInput():1808 
08-06 04:28:13.378 14033 14046 I art     : Starting a blocking GC Explicit
08-06 04:28:13.409 14033 14046 I art     : Explicit concurrent mark sweep GC freed 1525(86KB) AllocSpace objects, 1(20KB) LOS objects, 22% free, 53MB/69MB, paused 521us total 31.504ms
08-06 04:28:13.419 14033 14046 I art     : Starting a blocking GC Explicit
08-06 04:28:13.437 13567 13567 I ServiceManager: Waiting for service AtCmdFwd...
08-06 04:28:13.447 14033 14046 I art     : Explicit concurrent mark sweep GC freed 26(944B) AllocSpace objects, 0(0B) LOS objects, 22% free, 53MB/69MB, paused 532us total 27.273ms
08-06 04:28:13.460 14033 14046 I art     : Starting a blocking GC Explicit
08-06 04:28:13.487 14033 14046 I art     : Explicit concurrent mark sweep GC freed 3(96B) AllocSpace objects, 0(0B) LOS objects, 22% free, 53MB/69MB, paused 615us total 26.657ms
08-06 04:28:13.496 14033 14046 I art     : Starting a blocking GC Explicit
08-06 04:28:13.497   380   380 W SurfaceFlinger: couldn't log to binary event log: overflow.
08-06 04:28:13.519 14033 14046 I art     : Explicit concurrent mark sweep GC freed 107(8KB) AllocSpace objects, 0(0B) LOS objects, 22% free, 53MB/69MB, paused 460us total 22.514ms
08-06 04:28:13.527 14033 14046 I art     : Starting a blocking GC Explicit
08-06 04:28:13.549 14033 14046 I art     : Explicit concurrent mark sweep GC freed 116(6KB) AllocSpace objects, 0(0B) LOS objects, 22% free, 53MB/69MB, paused 479us total 21.424ms
08-06 04:28:13.845 14033 14124 I art     : Starting a blocking GC Explicit
08-06 04:28:13.875 14033 14124 I art     : Explicit concurrent mark sweep GC freed 2887(179KB) AllocSpace objects, 4(204KB) LOS objects, 23% free, 53MB/69MB, paused 566us total 30.147ms
08-06 04:28:13.887 14033 14124 I art     : Starting a blocking GC Explicit
08-06 04:28:13.911 14033 14124 I art     : Explicit concurrent mark sweep GC freed 20(704B) AllocSpace objects, 0(0B) LOS objects, 23% free, 53MB/69MB, paused 528us total 24.052ms
08-06 04:28:13.921 14033 14124 I art     : Starting a blocking GC Explicit
08-06 04:28:13.945 14033 14124 I art     : Explicit concurrent mark sweep GC freed 3(96B) AllocSpace objects, 0(0B) LOS objects, 23% free, 53MB/69MB, paused 677us total 24.149ms
08-06 04:28:13.955 14033 14124 I art     : Starting a blocking GC Explicit
08-06 04:28:13.979 14033 14124 I art     : Explicit concurrent mark sweep GC freed 3(96B) AllocSpace objects, 0(0B) LOS objects, 23% free, 53MB/69MB, paused 506us total 24.078ms
08-06 04:28:13.988 14033 14124 I art     : Starting a blocking GC Explicit
08-06 04:28:14.013 14033 14124 I art     : Explicit concurrent mark sweep GC freed 3(96B) AllocSpace objects, 0(0B) LOS objects, 23% free, 53MB/69MB, paused 506us total 24.240ms
08-06 04:28:14.304 14033 14045 I art     : Starting a blocking GC Explicit
08-06 04:28:14.332 14033 14045 I art     : Explicit concurrent mark sweep GC freed 1344(78KB) AllocSpace objects, 1(20KB) LOS objects, 23% free, 53MB/69MB, paused 560us total 27.677ms
08-06 04:28:14.344 14033 14045 I art     : Starting a blocking GC Explicit
08-06 04:28:14.367 14033 14045 I art     : Explicit concurrent mark sweep GC freed 20(704B) AllocSpace objects, 0(0B) LOS objects, 23% free, 53MB/69MB, paused 646us total 22.978ms
08-06 04:28:14.376 14033 14045 I art     : Starting a blocking GC Explicit
08-06 04:28:14.400 14033 14045 I art     : Explicit concurrent mark sweep GC freed 3(96B) AllocSpace objects, 0(0B) LOS objects, 23% free, 53MB/69MB, paused 514us total 23.273ms
08-06 04:28:14.409 14033 14045 I art     : Starting a blocking GC Explicit
08-06 04:28:14.431 14033 14045 I art     : Explicit concurrent mark sweep GC freed 3(96B) AllocSpace objects, 0(0B) LOS objects, 23% free, 53MB/69MB, paused 557us total 22.363ms
08-06 04:28:14.438 13567 13567 I ServiceManager: Waiting for service AtCmdFwd...
08-06 04:28:14.440 14033 14045 I art     : Starting a blocking GC Explicit
08-06 04:28:14.462 14033 14045 I art     : Explicit concurrent mark sweep GC freed 3(96B) AllocSpace objects, 0(0B) LOS objects, 23% free, 53MB/69MB, paused 507us total 22.113ms
08-06 04:28:14.741 14033 14123 I art     : Starting a blocking GC Explicit
08-06 04:28:14.764 14033 14123 I art     : Explicit concurrent mark sweep GC freed 1344(78KB) AllocSpace objects, 1(20KB) LOS objects, 23% free, 53MB/69MB, paused 531us total 23.585ms
08-06 04:28:14.774 14033 14123 I art     : Starting a blocking GC Explicit
08-06 04:28:14.788 17499 17499 D AndroidRuntime: >>>>>> START com.android.internal.os.RuntimeInit uid 2000 <<<<<<
08-06 04:28:14.793 17499 17499 D AndroidRuntime: CheckJNI is OFF
08-06 04:28:14.798 14033 14123 I art     : Explicit concurrent mark sweep GC freed 20(704B) AllocSpace objects, 0(0B) LOS objects, 23% free, 53MB/69MB, paused 594us total 23.772ms
08-06 04:28:14.807 14033 14123 I art     : Starting a blocking GC Explicit
08-06 04:28:14.828 17499 17499 D ICU     : No timezone override file found: /data/misc/zoneinfo/current/icu/icu_tzdata.dat
08-06 04:28:14.829 14033 14123 I art     : Explicit concurrent mark sweep GC freed 3(96B) AllocSpace objects, 0(0B) LOS objects, 23% free, 53MB/69MB, paused 685us total 22.153ms
08-06 04:28:14.838 14033 14123 I art     : Starting a blocking GC Explicit
08-06 04:28:14.860 14033 14123 I art     : Explicit concurrent mark sweep GC freed 3(96B) AllocSpace objects, 0(0B) LOS objects, 23% free, 53MB/69MB, paused 534us total 21.284ms
08-06 04:28:14.862 17499 17499 I Radio-JNI: register_android_hardware_Radio DONE
08-06 04:28:14.868 14033 14123 I art     : Starting a blocking GC Explicit
08-06 04:28:14.883 17499 17499 D AndroidRuntime: Calling main entry com.android.commands.input.Input
08-06 04:28:14.885 17499 17499 I Input   : injectMotionEvent: MotionEvent { action=ACTION_DOWN, actionButton=0, id[0]=0, x[0]=1012.0, y[0]=1152.0, toolType[0]=TOOL_TYPE_UNKNOWN, buttonState=0, metaState=0, flags=0x0, edgeFlags=0x0, pointerCount=1, historySize=0, eventTime=851311298, downTime=851311298, deviceId=0, source=0x1002 }
08-06 04:28:14.890 14033 14123 I art     : Explicit concurrent mark sweep GC freed 3(96B) AllocSpace objects, 0(0B) LOS objects, 23% free, 53MB/69MB, paused 632us total 21.732ms
08-06 04:28:14.892 17499 17499 I Input   : injectMotionEvent: MotionEvent { action=ACTION_UP, actionButton=0, id[0]=0, x[0]=1012.0, y[0]=1152.0, toolType[0]=TOOL_TYPE_UNKNOWN, buttonState=0, metaState=0, flags=0x0, edgeFlags=0x0, pointerCount=1, historySize=0, eventTime=851311298, downTime=851311298, deviceId=0, source=0x1002 }
08-06 04:28:14.894   918  6111 I ActivityManager: START u0 {cmp=baseline.appteam.nith.hillffair/.activities.ClubActivity (has extras)} from uid 10697 on display 0
08-06 04:28:14.900 17499 17499 D AndroidRuntime: Shutting down VM
08-06 04:28:14.993   918   936 I ActivityManager: Displayed baseline.appteam.nith.hillffair/.activities.ClubActivity: +92ms
08-06 04:28:14.993 13866 13866 I GoogleInputMethodServic: GoogleInputMethodService.onFinishInput():3138 
08-06 04:28:14.994 13866 13866 I GoogleInputMethodServic: GoogleInputMethodService.onStartInput():1808 
08-06 04:28:15.142 14033 14123 I art     : Starting a blocking GC Explicit
08-06 04:28:15.173 14033 14123 I art     : Explicit concurrent mark sweep GC freed 4954(303KB) AllocSpace objects, 1(20KB) LOS objects, 22% free, 53MB/69MB, paused 644us total 30.696ms
08-06 04:28:15.184 14033 14123 I art     : Starting a blocking GC Explicit
08-06 04:28:15.210 14033 14123 I art     : Explicit concurrent mark sweep GC freed 218(10KB) AllocSpace objects, 0(0B) LOS objects, 22% free, 53MB/69MB, paused 549us total 26.251ms
08-06 04:28:15.221 14033 14123 I art     : Starting a blocking GC Explicit
08-06 04:28:15.248 14033 14123 I art     : Explicit concurrent mark sweep GC freed 3(96B) AllocSpace objects, 0(0B) LOS objects, 22% free, 53MB/69MB, paused 607us total 26.414ms
08-06 04:28:15.249   380   380 W SurfaceFlinger: couldn't log to binary event log: overflow.
08-06 04:28:15.260 14033 14123 I art     : Starting a blocking GC Explicit
08-06 04:28:15.281 14033 14123 I art     : Explicit concurrent mark sweep GC freed 3(96B) AllocSpace objects, 0(0B) LOS objects, 22% free, 53MB/69MB, paused 557us total 21.288ms
08-06 04:28:15.290 14033 14123 I art     : Starting a blocking GC Explicit
08-06 04:28:15.310 14033 14123 I art     : Explicit concurrent mark sweep GC freed 3(96B) AllocSpace objects, 0(0B) LOS objects, 22% free, 53MB/69MB, paused 511us total 20.688ms
08-06 04:28:15.372  8457  8573 W FirebaseInstanceId: Token retrieval failed: SERVICE_NOT_AVAILABLE. Will retry token retrieval
08-06 04:28:15.432   918  3261 D WifiStateMachine: starting scan for "H369AA63323"WPA_PSK with 2412,5180
08-06 04:28:15.438 13567 13567 I ServiceManager: Waiting for service AtCmdFwd...
08-06 04:28:15.541 14033 17522 D OkHttp  : --> GET https://api-hillfair-2k16.herokuapp.com/api/app/club/Design%20and%20Decoration%20Club http/1.1
08-06 04:28:15.574 14033 17522 D OkHttp  : <-- 200 OK https://api-hillfair-2k16.herokuapp.com/api/app/club/Design%20and%20Decoration%20Club (33ms, 760-byte body)
08-06 04:28:15.593 14033 14045 I art     : Starting a blocking GC Explicit
08-06 04:28:15.618 14033 14033 I NAPPA_EXPERIMENTATION: MetricNetworkRequestExecutionTime: REQUEST_DURATION_SYSTEM='689',REQUEST_DURATION_OKHTTP='33',REQUEST_SYNCHRONOUS='FALSE',RESPONSE_CODE='200',RESPONSE_METHOD='GET',RESPONSE_LENGTH_OKHTTP='760',RESPONSE_LENGTH_HEADER='760',REQUEST_PROTOCOL='http/1.1',REQUEST_URL='https://api-hillfair-2k16.herokuapp.com/api/app/club/Design%20and%20Decoration%20Club',
08-06 04:28:15.621 14033 14045 I art     : Explicit concurrent mark sweep GC freed 4328(259KB) AllocSpace objects, 4(220KB) LOS objects, 22% free, 53MB/69MB, paused 699us total 26.851ms
08-06 04:28:15.630 14033 14045 I art     : Starting a blocking GC Explicit
08-06 04:28:15.653 14033 14045 I art     : Explicit concurrent mark sweep GC freed 1581(196KB) AllocSpace objects, 0(0B) LOS objects, 22% free, 53MB/69MB, paused 548us total 23.494ms
08-06 04:28:15.663 14033 14045 I art     : Starting a blocking GC Explicit
08-06 04:28:15.685 14033 14045 I art     : Explicit concurrent mark sweep GC freed 55(9KB) AllocSpace objects, 0(0B) LOS objects, 22% free, 53MB/69MB, paused 465us total 22.218ms
08-06 04:28:15.694 14033 14045 I art     : Starting a blocking GC Explicit
08-06 04:28:15.718 14033 14045 I art     : Explicit concurrent mark sweep GC freed 6(192B) AllocSpace objects, 0(0B) LOS objects, 22% free, 53MB/69MB, paused 525us total 23.646ms
08-06 04:28:15.727 14033 14045 I art     : Starting a blocking GC Explicit
08-06 04:28:15.750 14033 14045 I art     : Explicit concurrent mark sweep GC freed 3(96B) AllocSpace objects, 0(0B) LOS objects, 22% free, 53MB/69MB, paused 602us total 23.324ms
08-06 04:28:16.046 14033 14046 I art     : Starting a blocking GC Explicit
08-06 04:28:16.071 14033 14046 I art     : Explicit concurrent mark sweep GC freed 1344(78KB) AllocSpace objects, 1(20KB) LOS objects, 22% free, 53MB/69MB, paused 550us total 25.503ms
08-06 04:28:16.081 14033 14046 I art     : Starting a blocking GC Explicit
08-06 04:28:16.106 14033 14046 I art     : Explicit concurrent mark sweep GC freed 36(1264B) AllocSpace objects, 0(0B) LOS objects, 22% free, 53MB/69MB, paused 541us total 25.400ms
08-06 04:28:16.116 14033 14046 I art     : Starting a blocking GC Explicit
08-06 04:28:16.141 14033 14046 I art     : Explicit concurrent mark sweep GC freed 3(96B) AllocSpace objects, 0(0B) LOS objects, 22% free, 53MB/69MB, paused 525us total 24.676ms
08-06 04:28:16.150 14033 14046 I art     : Starting a blocking GC Explicit
08-06 04:28:16.176 14033 14046 I art     : Explicit concurrent mark sweep GC freed 3(96B) AllocSpace objects, 0(0B) LOS objects, 22% free, 53MB/69MB, paused 551us total 25.345ms
08-06 04:28:16.185 14033 14046 I art     : Starting a blocking GC Explicit
08-06 04:28:16.210 14033 14046 I art     : Explicit concurrent mark sweep GC freed 3(96B) AllocSpace objects, 0(0B) LOS objects, 22% free, 53MB/69MB, paused 612us total 24.908ms
08-06 04:28:16.439 13567 13567 I ServiceManager: Waiting for service AtCmdFwd...
08-06 04:28:16.518 14033 16788 I art     : Starting a blocking GC Explicit
08-06 04:28:16.549 14033 16788 I art     : Explicit concurrent mark sweep GC freed 1365(79KB) AllocSpace objects, 1(20KB) LOS objects, 22% free, 53MB/69MB, paused 560us total 30.968ms
08-06 04:28:16.562 14033 16788 I art     : Starting a blocking GC Explicit
08-06 04:28:16.588 14033 16788 I art     : Explicit concurrent mark sweep GC freed 36(1216B) AllocSpace objects, 0(0B) LOS objects, 22% free, 53MB/69MB, paused 574us total 25.342ms
08-06 04:28:16.597 14033 16788 I art     : Starting a blocking GC Explicit
08-06 04:28:16.623 14033 16788 I art     : Explicit concurrent mark sweep GC freed 3(96B) AllocSpace objects, 0(0B) LOS objects, 22% free, 53MB/69MB, paused 555us total 25.648ms
08-06 04:28:16.633 14033 16788 I art     : Starting a blocking GC Explicit
08-06 04:28:16.658 14033 16788 I art     : Explicit concurrent mark sweep GC freed 3(96B) AllocSpace objects, 0(0B) LOS objects, 22% free, 53MB/69MB, paused 522us total 25.169ms
08-06 04:28:16.667 14033 16788 I art     : Starting a blocking GC Explicit
08-06 04:28:16.692 14033 16788 I art     : Explicit concurrent mark sweep GC freed 3(96B) AllocSpace objects, 0(0B) LOS objects, 22% free, 53MB/69MB, paused 515us total 24.663ms
08-06 04:28:16.927   518   646 I ThermalEngine: ACTION: GPU - Setting GPU[0] to 450000000
08-06 04:28:17.041 14033 14045 I art     : Starting a blocking GC Explicit
08-06 04:28:17.088 14033 14045 I art     : Explicit concurrent mark sweep GC freed 1344(78KB) AllocSpace objects, 1(20KB) LOS objects, 22% free, 53MB/69MB, paused 806us total 46.165ms
08-06 04:28:17.103 14033 14045 I art     : Starting a blocking GC Explicit
08-06 04:28:17.138 14033 14045 I art     : Explicit concurrent mark sweep GC freed 20(704B) AllocSpace objects, 0(0B) LOS objects, 22% free, 53MB/69MB, paused 753us total 34.216ms
08-06 04:28:17.150 14033 14045 I art     : Starting a blocking GC Explicit
08-06 04:28:17.184 14033 14045 I art     : Explicit concurrent mark sweep GC freed 3(96B) AllocSpace objects, 0(0B) LOS objects, 22% free, 53MB/69MB, paused 746us total 33.500ms
08-06 04:28:17.196 14033 14045 I art     : Starting a blocking GC Explicit
08-06 04:28:17.230 14033 14045 I art     : Explicit concurrent mark sweep GC freed 3(96B) AllocSpace objects, 0(0B) LOS objects, 22% free, 53MB/69MB, paused 710us total 33.782ms
08-06 04:28:17.243 14033 14045 I art     : Starting a blocking GC Explicit
08-06 04:28:17.277 14033 14045 I art     : Explicit concurrent mark sweep GC freed 3(96B) AllocSpace objects, 0(0B) LOS objects, 22% free, 53MB/69MB, paused 639us total 33.752ms
08-06 04:28:17.439 13567 13567 W Atfwd_Sendcmd: AtCmdFwd service not published, waiting... retryCnt : 1
08-06 04:28:17.594 14033 14123 I art     : Starting a blocking GC Explicit
08-06 04:28:17.631 14033 14123 I art     : Explicit concurrent mark sweep GC freed 1344(78KB) AllocSpace objects, 1(20KB) LOS objects, 22% free, 53MB/69MB, paused 754us total 37.341ms
08-06 04:28:17.646 14033 14123 I art     : Starting a blocking GC Explicit
08-06 04:28:17.680 14033 14123 I art     : Explicit concurrent mark sweep GC freed 20(704B) AllocSpace objects, 0(0B) LOS objects, 22% free, 53MB/69MB, paused 721us total 33.579ms
08-06 04:28:17.692 14033 14123 I art     : Starting a blocking GC Explicit
08-06 04:28:17.726 14033 14123 I art     : Explicit concurrent mark sweep GC freed 3(96B) AllocSpace objects, 0(0B) LOS objects, 22% free, 53MB/69MB, paused 694us total 33.724ms
08-06 04:28:17.738 14033 14123 I art     : Starting a blocking GC Explicit
08-06 04:28:17.771 14033 14123 I art     : Explicit concurrent mark sweep GC freed 3(96B) AllocSpace objects, 0(0B) LOS objects, 22% free, 53MB/69MB, paused 713us total 33.269ms
08-06 04:28:17.783 14033 14123 I art     : Starting a blocking GC Explicit
08-06 04:28:17.818 14033 14123 I art     : Explicit concurrent mark sweep GC freed 3(96B) AllocSpace objects, 0(0B) LOS objects, 22% free, 53MB/69MB, paused 771us total 33.960ms
08-06 04:28:18.165 14033 14124 I art     : Starting a blocking GC Explicit
08-06 04:28:18.205 14033 14124 I art     : Explicit concurrent mark sweep GC freed 1344(78KB) AllocSpace objects, 1(20KB) LOS objects, 22% free, 53MB/69MB, paused 765us total 39.888ms
08-06 04:28:18.221 14033 14124 I art     : Starting a blocking GC Explicit
08-06 04:28:18.255 14033 14124 I art     : Explicit concurrent mark sweep GC freed 20(704B) AllocSpace objects, 0(0B) LOS objects, 22% free, 53MB/69MB, paused 706us total 33.830ms
08-06 04:28:18.267 14033 14124 I art     : Starting a blocking GC Explicit
08-06 04:28:18.301 14033 14124 I art     : Explicit concurrent mark sweep GC freed 3(96B) AllocSpace objects, 0(0B) LOS objects, 22% free, 53MB/69MB, paused 685us total 33.693ms
08-06 04:28:18.314 14033 14124 I art     : Starting a blocking GC Explicit
08-06 04:28:18.347 14033 14124 I art     : Explicit concurrent mark sweep GC freed 3(96B) AllocSpace objects, 0(0B) LOS objects, 22% free, 53MB/69MB, paused 880us total 33.492ms
08-06 04:28:18.360 14033 14124 I art     : Starting a blocking GC Explicit
08-06 04:28:18.394 14033 14124 I art     : Explicit concurrent mark sweep GC freed 3(96B) AllocSpace objects, 0(0B) LOS objects, 22% free, 53MB/69MB, paused 683us total 34.019ms
08-06 04:28:18.752 14033 14046 I art     : Starting a blocking GC Explicit
08-06 04:28:18.796 14033 14046 I art     : Explicit concurrent mark sweep GC freed 1344(78KB) AllocSpace objects, 1(20KB) LOS objects, 22% free, 53MB/69MB, paused 764us total 43.618ms
08-06 04:28:18.816 14033 14046 I art     : Starting a blocking GC Explicit
08-06 04:28:18.854 14033 14046 I art     : Explicit concurrent mark sweep GC freed 20(704B) AllocSpace objects, 0(0B) LOS objects, 22% free, 53MB/69MB, paused 697us total 37.131ms
08-06 04:28:18.866 14033 14046 I art     : Starting a blocking GC Explicit
08-06 04:28:18.900 14033 14046 I art     : Explicit concurrent mark sweep GC freed 3(96B) AllocSpace objects, 0(0B) LOS objects, 22% free, 53MB/69MB, paused 705us total 34.196ms
08-06 04:28:18.913 14033 14046 I art     : Starting a blocking GC Explicit
08-06 04:28:18.927   518   646 I ThermalEngine: ACTION: GPU - Setting GPU[0] to 510000000
08-06 04:28:18.945 14033 14046 I art     : Explicit concurrent mark sweep GC freed 3(96B) AllocSpace objects, 0(0B) LOS objects, 22% free, 53MB/69MB, paused 806us total 32.178ms
08-06 04:28:18.957 14033 14046 I art     : Starting a blocking GC Explicit
08-06 04:28:18.986 14033 14046 I art     : Explicit concurrent mark sweep GC freed 3(96B) AllocSpace objects, 0(0B) LOS objects, 22% free, 53MB/69MB, paused 555us total 28.170ms
08-06 04:28:19.284 14033 16788 I art     : Starting a blocking GC Explicit
08-06 04:28:19.309 14033 16788 I art     : Explicit concurrent mark sweep GC freed 1344(78KB) AllocSpace objects, 1(20KB) LOS objects, 22% free, 53MB/69MB, paused 518us total 24.748ms
08-06 04:28:19.318 14033 16788 I art     : Starting a blocking GC Explicit
08-06 04:28:19.342 14033 16788 I art     : Explicit concurrent mark sweep GC freed 20(704B) AllocSpace objects, 0(0B) LOS objects, 22% free, 53MB/69MB, paused 514us total 23.964ms
08-06 04:28:19.352 14033 16788 I art     : Starting a blocking GC Explicit
08-06 04:28:19.375 14033 16788 I art     : Explicit concurrent mark sweep GC freed 3(96B) AllocSpace objects, 0(0B) LOS objects, 22% free, 53MB/69MB, paused 514us total 23.655ms
08-06 04:28:19.384 14033 16788 I art     : Starting a blocking GC Explicit
08-06 04:28:19.408 14033 16788 I art     : Explicit concurrent mark sweep GC freed 3(96B) AllocSpace objects, 0(0B) LOS objects, 22% free, 53MB/69MB, paused 520us total 23.209ms
08-06 04:28:19.417 14033 16788 I art     : Starting a blocking GC Explicit
08-06 04:28:19.440 14033 16788 I art     : Explicit concurrent mark sweep GC freed 3(96B) AllocSpace objects, 0(0B) LOS objects, 22% free, 53MB/69MB, paused 526us total 22.997ms
08-06 04:28:19.580 17609 17609 D AndroidRuntime: >>>>>> START com.android.internal.os.RuntimeInit uid 2000 <<<<<<
08-06 04:28:19.585 17609 17609 D AndroidRuntime: CheckJNI is OFF
08-06 04:28:19.623 17609 17609 D ICU     : No timezone override file found: /data/misc/zoneinfo/current/icu/icu_tzdata.dat
08-06 04:28:19.656 17609 17609 I Radio-JNI: register_android_hardware_Radio DONE
08-06 04:28:19.677 17609 17609 D AndroidRuntime: Calling main entry com.android.commands.input.Input
08-06 04:28:19.679 17609 17609 I Input   : injectKeyEvent: KeyEvent { action=ACTION_DOWN, keyCode=KEYCODE_BACK, scanCode=0, metaState=0, flags=0x0, repeatCount=0, eventTime=851316092, downTime=851316092, deviceId=-1, source=0x101 }
08-06 04:28:19.683 17609 17609 I Input   : injectKeyEvent: KeyEvent { action=ACTION_UP, keyCode=KEYCODE_BACK, scanCode=0, metaState=0, flags=0x0, repeatCount=0, eventTime=851316092, downTime=851316092, deviceId=-1, source=0x101 }
08-06 04:28:19.689 17609 17609 D AndroidRuntime: Shutting down VM
08-06 04:28:19.733 13866 13866 I GoogleInputMethodServic: GoogleInputMethodService.onFinishInput():3138 
08-06 04:28:19.734 13866 13866 I GoogleInputMethodServic: GoogleInputMethodService.onStartInput():1808 
08-06 04:28:19.734 14033 16788 I art     : Starting a blocking GC Explicit
08-06 04:28:19.759 14033 16788 I art     : Explicit concurrent mark sweep GC freed 1525(85KB) AllocSpace objects, 1(20KB) LOS objects, 22% free, 53MB/69MB, paused 541us total 24.727ms
08-06 04:28:19.768 14033 16788 I art     : Starting a blocking GC Explicit
08-06 04:28:19.792 14033 16788 I art     : Explicit concurrent mark sweep GC freed 27(992B) AllocSpace objects, 0(0B) LOS objects, 22% free, 53MB/69MB, paused 463us total 23.264ms
08-06 04:28:19.800 14033 16788 I art     : Starting a blocking GC Explicit
08-06 04:28:19.821 14033 16788 I art     : Explicit concurrent mark sweep GC freed 3(96B) AllocSpace objects, 0(0B) LOS objects, 22% free, 53MB/69MB, paused 496us total 20.622ms
08-06 04:28:19.829 14033 16788 I art     : Starting a blocking GC Explicit
08-06 04:28:19.852 14033 16788 I art     : Explicit concurrent mark sweep GC freed 3(96B) AllocSpace objects, 0(0B) LOS objects, 22% free, 53MB/69MB, paused 501us total 22.806ms
08-06 04:28:19.861 14033 16788 I art     : Starting a blocking GC Explicit
08-06 04:28:19.884 14033 16788 I art     : Explicit concurrent mark sweep GC freed 3(96B) AllocSpace objects, 0(0B) LOS objects, 22% free, 53MB/69MB, paused 509us total 22.428ms
08-06 04:28:20.037   380   380 W SurfaceFlinger: couldn't log to binary event log: overflow.
08-06 04:28:20.144 14033 14045 I art     : Starting a blocking GC Explicit
08-06 04:28:20.169 14033 14045 I art     : Explicit concurrent mark sweep GC freed 1453(86KB) AllocSpace objects, 1(20KB) LOS objects, 22% free, 53MB/69MB, paused 545us total 25.063ms
08-06 04:28:20.178 14033 14045 I art     : Starting a blocking GC Explicit
08-06 04:28:20.202 14033 14045 I art     : Explicit concurrent mark sweep GC freed 1671(107KB) AllocSpace objects, 3(180KB) LOS objects, 23% free, 53MB/69MB, paused 509us total 23.899ms
08-06 04:28:20.211 14033 14045 I art     : Starting a blocking GC Explicit
08-06 04:28:20.235 14033 14045 I art     : Explicit concurrent mark sweep GC freed 3(96B) AllocSpace objects, 0(0B) LOS objects, 23% free, 53MB/69MB, paused 522us total 23.665ms
08-06 04:28:20.244 14033 14045 I art     : Starting a blocking GC Explicit
08-06 04:28:20.269 14033 14045 I art     : Explicit concurrent mark sweep GC freed 3(96B) AllocSpace objects, 0(0B) LOS objects, 23% free, 53MB/69MB, paused 502us total 24.135ms
08-06 04:28:20.278 14033 14045 I art     : Starting a blocking GC Explicit
08-06 04:28:20.302 14033 14045 I art     : Explicit concurrent mark sweep GC freed 3(96B) AllocSpace objects, 0(0B) LOS objects, 23% free, 53MB/69MB, paused 531us total 24.029ms
08-06 04:28:20.603 14033 14123 I art     : Starting a blocking GC Explicit
08-06 04:28:20.632 14033 14123 I art     : Explicit concurrent mark sweep GC freed 1344(78KB) AllocSpace objects, 1(20KB) LOS objects, 23% free, 53MB/69MB, paused 675us total 28.559ms
08-06 04:28:20.644 14033 14123 I art     : Starting a blocking GC Explicit
08-06 04:28:20.668 14033 14123 I art     : Explicit concurrent mark sweep GC freed 20(704B) AllocSpace objects, 0(0B) LOS objects, 23% free, 53MB/69MB, paused 534us total 24.013ms
08-06 04:28:20.677 14033 14123 I art     : Starting a blocking GC Explicit
08-06 04:28:20.701 14033 14123 I art     : Explicit concurrent mark sweep GC freed 3(96B) AllocSpace objects, 0(0B) LOS objects, 23% free, 53MB/69MB, paused 539us total 23.682ms
08-06 04:28:20.711 14033 14123 I art     : Starting a blocking GC Explicit
08-06 04:28:20.735 14033 14123 I art     : Explicit concurrent mark sweep GC freed 3(96B) AllocSpace objects, 0(0B) LOS objects, 23% free, 53MB/69MB, paused 520us total 24.505ms
08-06 04:28:20.744 14033 14123 I art     : Starting a blocking GC Explicit
08-06 04:28:20.767 14033 14123 I art     : Explicit concurrent mark sweep GC freed 3(96B) AllocSpace objects, 0(0B) LOS objects, 23% free, 53MB/69MB, paused 580us total 22.158ms
08-06 04:28:21.040 14033 14124 I art     : Starting a blocking GC Explicit
08-06 04:28:21.064 14033 14124 I art     : Explicit concurrent mark sweep GC freed 1344(78KB) AllocSpace objects, 1(20KB) LOS objects, 23% free, 53MB/69MB, paused 520us total 24.005ms
08-06 04:28:21.073 14033 14124 I art     : Starting a blocking GC Explicit
08-06 04:28:21.097 14033 14124 I art     : Explicit concurrent mark sweep GC freed 20(704B) AllocSpace objects, 0(0B) LOS objects, 23% free, 53MB/69MB, paused 513us total 23.161ms
08-06 04:28:21.105 14033 14124 I art     : Starting a blocking GC Explicit
08-06 04:28:21.128 14033 14124 I art     : Explicit concurrent mark sweep GC freed 3(96B) AllocSpace objects, 0(0B) LOS objects, 23% free, 53MB/69MB, paused 493us total 22.661ms
08-06 04:28:21.137 14033 14124 I art     : Starting a blocking GC Explicit
08-06 04:28:21.160 14033 14124 I art     : Explicit concurrent mark sweep GC freed 3(96B) AllocSpace objects, 0(0B) LOS objects, 23% free, 53MB/69MB, paused 525us total 22.459ms
08-06 04:28:21.169 14033 14124 I art     : Starting a blocking GC Explicit
08-06 04:28:21.192 14033 14124 I art     : Explicit concurrent mark sweep GC freed 3(96B) AllocSpace objects, 0(0B) LOS objects, 23% free, 53MB/69MB, paused 522us total 23.145ms
08-06 04:28:21.346 17663 17663 D AndroidRuntime: >>>>>> START com.android.internal.os.RuntimeInit uid 2000 <<<<<<
08-06 04:28:21.351 17663 17663 D AndroidRuntime: CheckJNI is OFF
08-06 04:28:21.382 17663 17663 D ICU     : No timezone override file found: /data/misc/zoneinfo/current/icu/icu_tzdata.dat
08-06 04:28:21.414 17663 17663 I Radio-JNI: register_android_hardware_Radio DONE
08-06 04:28:21.437 17663 17663 D AndroidRuntime: Calling main entry com.android.commands.input.Input
08-06 04:28:21.438 17663 17663 I Input   : injectMotionEvent: MotionEvent { action=ACTION_DOWN, actionButton=0, id[0]=0, x[0]=255.0, y[0]=1845.0, toolType[0]=TOOL_TYPE_UNKNOWN, buttonState=0, metaState=0, flags=0x0, edgeFlags=0x0, pointerCount=1, historySize=0, eventTime=851317851, downTime=851317851, deviceId=0, source=0x1002 }
08-06 04:28:21.443 17663 17663 I Input   : injectMotionEvent: MotionEvent { action=ACTION_UP, actionButton=0, id[0]=0, x[0]=255.0, y[0]=1845.0, toolType[0]=TOOL_TYPE_UNKNOWN, buttonState=0, metaState=0, flags=0x0, edgeFlags=0x0, pointerCount=1, historySize=0, eventTime=851317851, downTime=851317851, deviceId=0, source=0x1002 }
08-06 04:28:21.444   918  3670 I ActivityManager: START u0 {cmp=baseline.appteam.nith.hillffair/.activities.ClubActivity (has extras)} from uid 10697 on display 0
08-06 04:28:21.449 17663 17663 D AndroidRuntime: Shutting down VM
08-06 04:28:21.465 14033 14123 I art     : Starting a blocking GC Explicit
08-06 04:28:21.490 14033 14123 I art     : Explicit concurrent mark sweep GC freed 4625(279KB) AllocSpace objects, 1(20KB) LOS objects, 22% free, 53MB/69MB, paused 898us total 24.421ms
08-06 04:28:21.500 14033 14123 I art     : Starting a blocking GC Explicit
08-06 04:28:21.521 14033 14123 I art     : Explicit concurrent mark sweep GC freed 311(25KB) AllocSpace objects, 0(0B) LOS objects, 22% free, 53MB/69MB, paused 531us total 20.949ms
08-06 04:28:21.529 14033 14123 I art     : Starting a blocking GC Explicit
08-06 04:28:21.544 13866 13866 I GoogleInputMethodServic: GoogleInputMethodService.onFinishInput():3138 
08-06 04:28:21.545 13866 13866 I GoogleInputMethodServic: GoogleInputMethodService.onStartInput():1808 
08-06 04:28:21.545   918   936 I ActivityManager: Displayed baseline.appteam.nith.hillffair/.activities.ClubActivity: +95ms
08-06 04:28:21.554 14033 14123 I art     : Explicit concurrent mark sweep GC freed 193(7KB) AllocSpace objects, 0(0B) LOS objects, 22% free, 53MB/69MB, paused 592us total 24.419ms
08-06 04:28:21.566 14033 14123 I art     : Starting a blocking GC Explicit
08-06 04:28:21.588 14033 14123 I art     : Explicit concurrent mark sweep GC freed 82(5KB) AllocSpace objects, 0(0B) LOS objects, 22% free, 53MB/69MB, paused 598us total 21.618ms
08-06 04:28:21.596 14033 14123 I art     : Starting a blocking GC Explicit
08-06 04:28:21.618 14033 14123 I art     : Explicit concurrent mark sweep GC freed 7(240B) AllocSpace objects, 0(0B) LOS objects, 22% free, 53MB/69MB, paused 521us total 21.991ms
08-06 04:28:21.773   380   380 W SurfaceFlinger: couldn't log to binary event log: overflow.
08-06 04:28:21.870 14033 14124 I art     : Starting a blocking GC Explicit
08-06 04:28:21.896 14033 14124 I art     : Explicit concurrent mark sweep GC freed 1344(78KB) AllocSpace objects, 1(20KB) LOS objects, 22% free, 53MB/69MB, paused 608us total 25.557ms
08-06 04:28:21.907 14033 14124 I art     : Starting a blocking GC Explicit
08-06 04:28:21.937 14033 14124 I art     : Explicit concurrent mark sweep GC freed 126(6KB) AllocSpace objects, 0(0B) LOS objects, 22% free, 53MB/69MB, paused 928us total 30.385ms
08-06 04:28:21.947 14033 14124 I art     : Starting a blocking GC Explicit
08-06 04:28:21.970 14033 14124 I art     : Explicit concurrent mark sweep GC freed 13(480B) AllocSpace objects, 0(0B) LOS objects, 22% free, 53MB/69MB, paused 537us total 22.683ms
08-06 04:28:21.978 14033 14124 I art     : Starting a blocking GC Explicit
08-06 04:28:22.002 14033 14124 I art     : Explicit concurrent mark sweep GC freed 13(480B) AllocSpace objects, 0(0B) LOS objects, 22% free, 53MB/69MB, paused 566us total 23.661ms
08-06 04:28:22.011 14033 14124 I art     : Starting a blocking GC Explicit
08-06 04:28:22.035 14033 14124 I art     : Explicit concurrent mark sweep GC freed 13(480B) AllocSpace objects, 0(0B) LOS objects, 22% free, 53MB/69MB, paused 560us total 23.583ms
08-06 04:28:22.296 14033 17695 D OkHttp  : --> GET https://api-hillfair-2k16.herokuapp.com/api/app/club/Technical%20Committee http/1.1
08-06 04:28:22.324 14033 14046 I art     : Starting a blocking GC Explicit
08-06 04:28:22.335 14033 17695 D OkHttp  : <-- 200 OK https://api-hillfair-2k16.herokuapp.com/api/app/club/Technical%20Committee (38ms, 1171-byte body)
08-06 04:28:22.355 14033 14046 I art     : Explicit concurrent mark sweep GC freed 4169(249KB) AllocSpace objects, 4(220KB) LOS objects, 22% free, 54MB/70MB, paused 607us total 30.338ms
08-06 04:28:22.365 14033 14046 I art     : Starting a blocking GC Explicit
08-06 04:28:22.374 14033 14033 I NAPPA_EXPERIMENTATION: MetricNetworkRequestExecutionTime: REQUEST_DURATION_SYSTEM='894',REQUEST_DURATION_OKHTTP='39',REQUEST_SYNCHRONOUS='FALSE',RESPONSE_CODE='200',RESPONSE_METHOD='GET',RESPONSE_LENGTH_OKHTTP='1171',RESPONSE_LENGTH_HEADER='1171',REQUEST_PROTOCOL='http/1.1',REQUEST_URL='https://api-hillfair-2k16.herokuapp.com/api/app/club/Technical%20Committee',
08-06 04:28:22.390 14033 14046 I art     : Explicit concurrent mark sweep GC freed 1239(141KB) AllocSpace objects, 0(0B) LOS objects, 22% free, 53MB/69MB, paused 619us total 24.717ms
08-06 04:28:22.399 14033 14046 I art     : Starting a blocking GC Explicit
08-06 04:28:22.421 14033 14046 I art     : Explicit concurrent mark sweep GC freed 470(72KB) AllocSpace objects, 0(0B) LOS objects, 22% free, 53MB/69MB, paused 551us total 22.077ms
08-06 04:28:22.430 14033 14046 I art     : Starting a blocking GC Explicit
08-06 04:28:22.440 13567 13567 I ServiceManager: Waiting for service AtCmdFwd...
08-06 04:28:22.453 14033 14046 I art     : Explicit concurrent mark sweep GC freed 36(1152B) AllocSpace objects, 0(0B) LOS objects, 22% free, 53MB/69MB, paused 537us total 23.572ms
08-06 04:28:22.462 14033 14046 I art     : Starting a blocking GC Explicit
08-06 04:28:22.484 14033 14046 I art     : Explicit concurrent mark sweep GC freed 3(96B) AllocSpace objects, 0(0B) LOS objects, 22% free, 53MB/69MB, paused 510us total 21.981ms
08-06 04:28:22.776 14033 14046 I art     : Starting a blocking GC Explicit
08-06 04:28:22.802 14033 14046 I art     : Explicit concurrent mark sweep GC freed 1344(78KB) AllocSpace objects, 1(20KB) LOS objects, 22% free, 53MB/69MB, paused 563us total 25.477ms
08-06 04:28:22.811 14033 14046 I art     : Starting a blocking GC Explicit
08-06 04:28:22.837 14033 14046 I art     : Explicit concurrent mark sweep GC freed 36(1264B) AllocSpace objects, 0(0B) LOS objects, 22% free, 53MB/69MB, paused 609us total 25.536ms
08-06 04:28:22.846 14033 14046 I art     : Starting a blocking GC Explicit
08-06 04:28:22.871 14033 14046 I art     : Explicit concurrent mark sweep GC freed 3(96B) AllocSpace objects, 0(0B) LOS objects, 22% free, 53MB/69MB, paused 543us total 24.668ms
08-06 04:28:22.880 14033 14046 I art     : Starting a blocking GC Explicit
08-06 04:28:22.906 14033 14046 I art     : Explicit concurrent mark sweep GC freed 3(96B) AllocSpace objects, 0(0B) LOS objects, 22% free, 53MB/69MB, paused 555us total 25.438ms
08-06 04:28:22.916 14033 14046 I art     : Starting a blocking GC Explicit
08-06 04:28:22.935   518   646 I ThermalEngine: ACTION: GPU - Setting GPU[0] to 450000000
08-06 04:28:22.944 14033 14046 I art     : Explicit concurrent mark sweep GC freed 3(96B) AllocSpace objects, 0(0B) LOS objects, 22% free, 53MB/69MB, paused 726us total 27.771ms
08-06 04:28:23.259 14033 14045 I art     : Starting a blocking GC Explicit
08-06 04:28:23.299 14033 14045 I art     : Explicit concurrent mark sweep GC freed 1345(78KB) AllocSpace objects, 1(20KB) LOS objects, 22% free, 53MB/69MB, paused 829us total 39.470ms
08-06 04:28:23.314 14033 14045 I art     : Starting a blocking GC Explicit
08-06 04:28:23.352 14033 14045 I art     : Explicit concurrent mark sweep GC freed 20(704B) AllocSpace objects, 0(0B) LOS objects, 22% free, 53MB/69MB, paused 748us total 38.067ms
08-06 04:28:23.364 14033 14045 I art     : Starting a blocking GC Explicit
08-06 04:28:23.398 14033 14045 I art     : Explicit concurrent mark sweep GC freed 3(96B) AllocSpace objects, 0(0B) LOS objects, 22% free, 53MB/69MB, paused 719us total 33.160ms
08-06 04:28:23.410 14033 14045 I art     : Starting a blocking GC Explicit
08-06 04:28:23.440 13567 13567 I ServiceManager: Waiting for service AtCmdFwd...
08-06 04:28:23.444 14033 14045 I art     : Explicit concurrent mark sweep GC freed 3(96B) AllocSpace objects, 0(0B) LOS objects, 22% free, 53MB/69MB, paused 856us total 33.891ms
08-06 04:28:23.456 14033 14045 I art     : Starting a blocking GC Explicit
08-06 04:28:23.491 14033 14045 I art     : Explicit concurrent mark sweep GC freed 3(96B) AllocSpace objects, 0(0B) LOS objects, 22% free, 53MB/69MB, paused 709us total 34.618ms
08-06 04:28:23.814 14033 14123 I art     : Starting a blocking GC Explicit
08-06 04:28:23.859 14033 14123 I art     : Explicit concurrent mark sweep GC freed 1344(78KB) AllocSpace objects, 1(20KB) LOS objects, 22% free, 53MB/69MB, paused 898us total 44.675ms
08-06 04:28:23.875 14033 14123 I art     : Starting a blocking GC Explicit
08-06 04:28:23.909 14033 14123 I art     : Explicit concurrent mark sweep GC freed 20(704B) AllocSpace objects, 0(0B) LOS objects, 22% free, 53MB/69MB, paused 755us total 33.714ms
08-06 04:28:23.921 14033 14123 I art     : Starting a blocking GC Explicit
08-06 04:28:23.956 14033 14123 I art     : Explicit concurrent mark sweep GC freed 3(96B) AllocSpace objects, 0(0B) LOS objects, 22% free, 53MB/69MB, paused 719us total 34.179ms
08-06 04:28:23.968 14033 14123 I art     : Starting a blocking GC Explicit
08-06 04:28:24.002 14033 14123 I art     : Explicit concurrent mark sweep GC freed 3(96B) AllocSpace objects, 0(0B) LOS objects, 22% free, 53MB/69MB, paused 730us total 33.953ms
08-06 04:28:24.014 14033 14123 I art     : Starting a blocking GC Explicit
08-06 04:28:24.049 14033 14123 I art     : Explicit concurrent mark sweep GC freed 3(96B) AllocSpace objects, 0(0B) LOS objects, 22% free, 53MB/69MB, paused 763us total 33.943ms
08-06 04:28:24.394 14033 14124 I art     : Starting a blocking GC Explicit
08-06 04:28:24.427 14033 14124 I art     : Explicit concurrent mark sweep GC freed 1344(78KB) AllocSpace objects, 1(20KB) LOS objects, 22% free, 53MB/69MB, paused 802us total 32.975ms
08-06 04:28:24.439 14033 14124 I art     : Starting a blocking GC Explicit
08-06 04:28:24.441 13567 13567 I ServiceManager: Waiting for service AtCmdFwd...
08-06 04:28:24.471 14033 14124 I art     : Explicit concurrent mark sweep GC freed 20(704B) AllocSpace objects, 0(0B) LOS objects, 22% free, 53MB/69MB, paused 728us total 31.918ms
08-06 04:28:24.484 14033 14124 I art     : Starting a blocking GC Explicit
08-06 04:28:24.517 14033 14124 I art     : Explicit concurrent mark sweep GC freed 3(96B) AllocSpace objects, 0(0B) LOS objects, 22% free, 53MB/69MB, paused 691us total 32.977ms
08-06 04:28:24.529 14033 14124 I art     : Starting a blocking GC Explicit
08-06 04:28:24.531   918  3188 I hubconnection: sensorhub said: 'set_bias 3: -6.1632, 0.0000, 0.0000'
08-06 04:28:24.563 14033 14124 I art     : Explicit concurrent mark sweep GC freed 3(96B) AllocSpace objects, 0(0B) LOS objects, 22% free, 53MB/69MB, paused 761us total 34.325ms
08-06 04:28:24.576 14033 14124 I art     : Starting a blocking GC Explicit
08-06 04:28:24.611 14033 14124 I art     : Explicit concurrent mark sweep GC freed 3(96B) AllocSpace objects, 0(0B) LOS objects, 22% free, 53MB/69MB, paused 726us total 34.824ms
08-06 04:28:24.966 14033 16788 I art     : Starting a blocking GC Explicit
08-06 04:28:25.007 14033 16788 I art     : Explicit concurrent mark sweep GC freed 1344(78KB) AllocSpace objects, 1(20KB) LOS objects, 22% free, 53MB/69MB, paused 756us total 41.141ms
08-06 04:28:25.023 14033 16788 I art     : Starting a blocking GC Explicit
08-06 04:28:25.057 14033 16788 I art     : Explicit concurrent mark sweep GC freed 20(704B) AllocSpace objects, 0(0B) LOS objects, 22% free, 53MB/69MB, paused 734us total 33.735ms
08-06 04:28:25.069 14033 16788 I art     : Starting a blocking GC Explicit
08-06 04:28:25.104 14033 16788 I art     : Explicit concurrent mark sweep GC freed 3(96B) AllocSpace objects, 0(0B) LOS objects, 22% free, 53MB/69MB, paused 738us total 34.692ms
08-06 04:28:25.116 14033 16788 I art     : Starting a blocking GC Explicit
08-06 04:28:25.149 14033 16788 I art     : Explicit concurrent mark sweep GC freed 3(96B) AllocSpace objects, 0(0B) LOS objects, 22% free, 53MB/69MB, paused 815us total 33.348ms
08-06 04:28:25.162 14033 16788 I art     : Starting a blocking GC Explicit
08-06 04:28:25.197 14033 16788 I art     : Explicit concurrent mark sweep GC freed 3(96B) AllocSpace objects, 0(0B) LOS objects, 22% free, 53MB/69MB, paused 733us total 34.407ms
08-06 04:28:25.441 13567 13567 I ServiceManager: Waiting for service AtCmdFwd...
08-06 04:28:25.541 14033 14046 I art     : Starting a blocking GC Explicit
08-06 04:28:25.581 14033 14046 I art     : Explicit concurrent mark sweep GC freed 1344(78KB) AllocSpace objects, 1(20KB) LOS objects, 22% free, 53MB/69MB, paused 753us total 39.190ms
08-06 04:28:25.594 14033 14046 I art     : Starting a blocking GC Explicit
08-06 04:28:25.628 14033 14046 I art     : Explicit concurrent mark sweep GC freed 20(704B) AllocSpace objects, 0(0B) LOS objects, 22% free, 53MB/69MB, paused 758us total 33.286ms
08-06 04:28:25.640 14033 14046 I art     : Starting a blocking GC Explicit
08-06 04:28:25.675 14033 14046 I art     : Explicit concurrent mark sweep GC freed 3(96B) AllocSpace objects, 0(0B) LOS objects, 22% free, 53MB/69MB, paused 746us total 34.392ms
08-06 04:28:25.687 14033 14046 I art     : Starting a blocking GC Explicit
08-06 04:28:25.719 14033 14046 I art     : Explicit concurrent mark sweep GC freed 3(96B) AllocSpace objects, 0(0B) LOS objects, 22% free, 53MB/69MB, paused 688us total 31.907ms
08-06 04:28:25.731 14033 14046 I art     : Starting a blocking GC Explicit
08-06 04:28:25.761 14033 14046 I art     : Explicit concurrent mark sweep GC freed 3(96B) AllocSpace objects, 0(0B) LOS objects, 22% free, 53MB/69MB, paused 693us total 29.844ms
08-06 04:28:25.941   518   646 I ThermalEngine: ACTION: GPU - Setting GPU[0] to 510000000
08-06 04:28:26.050 14033 14045 I art     : Starting a blocking GC Explicit
08-06 04:28:26.076 14033 14045 I art     : Explicit concurrent mark sweep GC freed 1344(78KB) AllocSpace objects, 1(20KB) LOS objects, 22% free, 53MB/69MB, paused 553us total 26.090ms
08-06 04:28:26.085 14033 14045 I art     : Starting a blocking GC Explicit
08-06 04:28:26.111 14033 14045 I art     : Explicit concurrent mark sweep GC freed 20(704B) AllocSpace objects, 0(0B) LOS objects, 22% free, 53MB/69MB, paused 539us total 24.937ms
08-06 04:28:26.120 14033 14045 I art     : Starting a blocking GC Explicit
08-06 04:28:26.144 14033 14045 I art     : Explicit concurrent mark sweep GC freed 3(96B) AllocSpace objects, 0(0B) LOS objects, 22% free, 53MB/69MB, paused 542us total 23.736ms
08-06 04:28:26.152 14033 14045 I art     : Starting a blocking GC Explicit
08-06 04:28:26.177 14033 14045 I art     : Explicit concurrent mark sweep GC freed 3(96B) AllocSpace objects, 0(0B) LOS objects, 22% free, 53MB/69MB, paused 548us total 23.935ms
08-06 04:28:26.185 14033 14045 I art     : Starting a blocking GC Explicit
08-06 04:28:26.194 17777 17777 D AndroidRuntime: >>>>>> START com.android.internal.os.RuntimeInit uid 2000 <<<<<<
08-06 04:28:26.199 17777 17777 D AndroidRuntime: CheckJNI is OFF
08-06 04:28:26.209 14033 14045 I art     : Explicit concurrent mark sweep GC freed 3(96B) AllocSpace objects, 0(0B) LOS objects, 22% free, 53MB/69MB, paused 517us total 23.860ms
08-06 04:28:26.234 17777 17777 D ICU     : No timezone override file found: /data/misc/zoneinfo/current/icu/icu_tzdata.dat
08-06 04:28:26.267 17777 17777 I Radio-JNI: register_android_hardware_Radio DONE
08-06 04:28:26.289 17777 17777 D AndroidRuntime: Calling main entry com.android.commands.input.Input
08-06 04:28:26.291 17777 17777 I Input   : injectKeyEvent: KeyEvent { action=ACTION_DOWN, keyCode=KEYCODE_BACK, scanCode=0, metaState=0, flags=0x0, repeatCount=0, eventTime=851322704, downTime=851322704, deviceId=-1, source=0x101 }
08-06 04:28:26.297 17777 17777 I Input   : injectKeyEvent: KeyEvent { action=ACTION_UP, keyCode=KEYCODE_BACK, scanCode=0, metaState=0, flags=0x0, repeatCount=0, eventTime=851322704, downTime=851322704, deviceId=-1, source=0x101 }
08-06 04:28:26.303 17777 17777 D AndroidRuntime: Shutting down VM
08-06 04:28:26.347 13866 13866 I GoogleInputMethodServic: GoogleInputMethodService.onFinishInput():3138 
08-06 04:28:26.347 13866 13866 I GoogleInputMethodServic: GoogleInputMethodService.onStartInput():1808 
08-06 04:28:26.442 13567 13567 I ServiceManager: Waiting for service AtCmdFwd...
08-06 04:28:26.463 14033 14046 I art     : Starting a blocking GC Explicit
08-06 04:28:26.490 14033 14046 I art     : Explicit concurrent mark sweep GC freed 1526(86KB) AllocSpace objects, 1(20KB) LOS objects, 22% free, 53MB/69MB, paused 524us total 26.640ms
08-06 04:28:26.500 14033 14046 I art     : Starting a blocking GC Explicit
08-06 04:28:26.530 14033 14046 I art     : Explicit concurrent mark sweep GC freed 26(944B) AllocSpace objects, 0(0B) LOS objects, 22% free, 53MB/69MB, paused 500us total 29.004ms
08-06 04:28:26.543 14033 14046 I art     : Starting a blocking GC Explicit
08-06 04:28:26.575 14033 14046 I art     : Explicit concurrent mark sweep GC freed 3(96B) AllocSpace objects, 0(0B) LOS objects, 22% free, 53MB/69MB, paused 601us total 31.687ms
08-06 04:28:26.587 14033 14046 I art     : Starting a blocking GC Explicit
08-06 04:28:26.615 14033 14046 I art     : Explicit concurrent mark sweep GC freed 3(96B) AllocSpace objects, 0(0B) LOS objects, 22% free, 53MB/69MB, paused 576us total 27.220ms
08-06 04:28:26.627 14033 14046 I art     : Starting a blocking GC Explicit
08-06 04:28:26.645   380   380 W SurfaceFlinger: couldn't log to binary event log: overflow.
08-06 04:28:26.653 14033 14046 I art     : Explicit concurrent mark sweep GC freed 89(7KB) AllocSpace objects, 0(0B) LOS objects, 22% free, 53MB/69MB, paused 515us total 25.419ms
08-06 04:28:26.947 14033 14045 I art     : Starting a blocking GC Explicit
08-06 04:28:26.983 14033 14045 I art     : Explicit concurrent mark sweep GC freed 1367(79KB) AllocSpace objects, 1(20KB) LOS objects, 22% free, 53MB/69MB, paused 611us total 36.170ms
08-06 04:28:26.997 14033 14045 I art     : Starting a blocking GC Explicit
08-06 04:28:27.024 14033 14045 I art     : Explicit concurrent mark sweep GC freed 1670(108KB) AllocSpace objects, 3(180KB) LOS objects, 22% free, 53MB/69MB, paused 554us total 26.041ms
08-06 04:28:27.033 14033 14045 I art     : Starting a blocking GC Explicit
08-06 04:28:27.058 14033 14045 I art     : Explicit concurrent mark sweep GC freed 3(96B) AllocSpace objects, 0(0B) LOS objects, 22% free, 53MB/69MB, paused 602us total 25.135ms
08-06 04:28:27.068 14033 14045 I art     : Starting a blocking GC Explicit
08-06 04:28:27.092 14033 14045 I art     : Explicit concurrent mark sweep GC freed 3(96B) AllocSpace objects, 0(0B) LOS objects, 22% free, 53MB/69MB, paused 535us total 24.470ms
08-06 04:28:27.102 14033 14045 I art     : Starting a blocking GC Explicit
08-06 04:28:27.126 14033 14045 I art     : Explicit concurrent mark sweep GC freed 3(96B) AllocSpace objects, 0(0B) LOS objects, 22% free, 53MB/69MB, paused 559us total 24.239ms
08-06 04:28:27.417 14033 16788 I art     : Starting a blocking GC Explicit
08-06 04:28:27.442 13567 13567 W Atfwd_Sendcmd: AtCmdFwd service not published, waiting... retryCnt : 2
08-06 04:28:27.453 14033 16788 I art     : Explicit concurrent mark sweep GC freed 1344(78KB) AllocSpace objects, 1(20KB) LOS objects, 22% free, 53MB/69MB, paused 811us total 34.721ms
08-06 04:28:27.466 14033 16788 I art     : Starting a blocking GC Explicit
08-06 04:28:27.491 14033 16788 I art     : Explicit concurrent mark sweep GC freed 20(704B) AllocSpace objects, 0(0B) LOS objects, 22% free, 53MB/69MB, paused 544us total 24.939ms
08-06 04:28:27.501 14033 16788 I art     : Starting a blocking GC Explicit
08-06 04:28:27.525 14033 16788 I art     : Explicit concurrent mark sweep GC freed 3(96B) AllocSpace objects, 0(0B) LOS objects, 22% free, 53MB/69MB, paused 486us total 24.283ms
08-06 04:28:27.535 14033 16788 I art     : Starting a blocking GC Explicit
08-06 04:28:27.558 14033 16788 I art     : Explicit concurrent mark sweep GC freed 3(96B) AllocSpace objects, 0(0B) LOS objects, 22% free, 53MB/69MB, paused 1.111ms total 23.574ms
08-06 04:28:27.567 14033 16788 I art     : Starting a blocking GC Explicit
08-06 04:28:27.590 14033 16788 I art     : Explicit concurrent mark sweep GC freed 3(96B) AllocSpace objects, 0(0B) LOS objects, 22% free, 53MB/69MB, paused 529us total 22.675ms
08-06 04:28:27.877 14033 14124 I art     : Starting a blocking GC Explicit
08-06 04:28:27.902 14033 14124 I art     : Explicit concurrent mark sweep GC freed 1357(78KB) AllocSpace objects, 1(20KB) LOS objects, 22% free, 53MB/69MB, paused 538us total 24.404ms
08-06 04:28:27.911 14033 14124 I art     : Starting a blocking GC Explicit
08-06 04:28:27.934 14033 14124 I art     : Explicit concurrent mark sweep GC freed 34(1136B) AllocSpace objects, 0(0B) LOS objects, 22% free, 53MB/69MB, paused 518us total 22.856ms
08-06 04:28:27.943 14033 14124 I art     : Starting a blocking GC Explicit
08-06 04:28:27.950 17830 17830 D AndroidRuntime: >>>>>> START com.android.internal.os.RuntimeInit uid 2000 <<<<<<
08-06 04:28:27.955 17830 17830 D AndroidRuntime: CheckJNI is OFF
08-06 04:28:27.966 14033 14124 I art     : Explicit concurrent mark sweep GC freed 3(96B) AllocSpace objects, 0(0B) LOS objects, 22% free, 53MB/69MB, paused 507us total 22.694ms
08-06 04:28:27.975 14033 14124 I art     : Starting a blocking GC Explicit
08-06 04:28:27.991 17830 17830 D ICU     : No timezone override file found: /data/misc/zoneinfo/current/icu/icu_tzdata.dat
08-06 04:28:27.998 14033 14124 I art     : Explicit concurrent mark sweep GC freed 3(96B) AllocSpace objects, 0(0B) LOS objects, 22% free, 53MB/69MB, paused 519us total 23.119ms
08-06 04:28:28.007 14033 14124 I art     : Starting a blocking GC Explicit
08-06 04:28:28.027 17830 17830 I Radio-JNI: register_android_hardware_Radio DONE
08-06 04:28:28.031 14033 14124 I art     : Explicit concurrent mark sweep GC freed 3(96B) AllocSpace objects, 0(0B) LOS objects, 22% free, 53MB/69MB, paused 530us total 23.173ms
08-06 04:28:28.050 17830 17830 D AndroidRuntime: Calling main entry com.android.commands.input.Input
08-06 04:28:28.052 17830 17830 I Input   : injectMotionEvent: MotionEvent { action=ACTION_DOWN, actionButton=0, id[0]=0, x[0]=255.0, y[0]=1845.0, toolType[0]=TOOL_TYPE_UNKNOWN, buttonState=0, metaState=0, flags=0x0, edgeFlags=0x0, pointerCount=1, historySize=0, eventTime=851324464, downTime=851324464, deviceId=0, source=0x1002 }
08-06 04:28:28.057 17830 17830 I Input   : injectMotionEvent: MotionEvent { action=ACTION_UP, actionButton=0, id[0]=0, x[0]=255.0, y[0]=1845.0, toolType[0]=TOOL_TYPE_UNKNOWN, buttonState=0, metaState=0, flags=0x0, edgeFlags=0x0, pointerCount=1, historySize=0, eventTime=851324464, downTime=851324464, deviceId=0, source=0x1002 }
08-06 04:28:28.058   918   928 I ActivityManager: START u0 {cmp=baseline.appteam.nith.hillffair/.activities.ClubActivity (has extras)} from uid 10697 on display 0
08-06 04:28:28.065 17830 17830 D AndroidRuntime: Shutting down VM
08-06 04:28:28.152 14033 14033 I NAPPA_EXPERIMENTATION: MetricNetworkRequestExecutionTime: REQUEST_DURATION_SYSTEM='62',REQUEST_DURATION_OKHTTP='39',REQUEST_SYNCHRONOUS='FALSE',RESPONSE_CODE='200',RESPONSE_METHOD='GET',RESPONSE_LENGTH_OKHTTP='1171',RESPONSE_LENGTH_HEADER='-2',REQUEST_PROTOCOL='http/1.1',REQUEST_URL='https://api-hillfair-2k16.herokuapp.com/api/app/club/Technical%20Committee',
08-06 04:28:28.160   918   936 I ActivityManager: Displayed baseline.appteam.nith.hillffair/.activities.ClubActivity: +94ms
08-06 04:28:28.162 13866 13866 I GoogleInputMethodServic: GoogleInputMethodService.onFinishInput():3138 
08-06 04:28:28.164 13866 13866 I GoogleInputMethodServic: GoogleInputMethodService.onStartInput():1808 
08-06 04:28:28.286 14033 14046 I art     : Starting a blocking GC Explicit
08-06 04:28:28.308 14033 14046 I art     : Explicit concurrent mark sweep GC freed 5758(416KB) AllocSpace objects, 1(20KB) LOS objects, 22% free, 53MB/69MB, paused 599us total 22.450ms
08-06 04:28:28.317 14033 14046 I art     : Starting a blocking GC Explicit
08-06 04:28:28.338 14033 14046 I art     : Explicit concurrent mark sweep GC freed 278(12KB) AllocSpace objects, 0(0B) LOS objects, 22% free, 53MB/69MB, paused 495us total 21.015ms
08-06 04:28:28.347 14033 14046 I art     : Starting a blocking GC Explicit
08-06 04:28:28.368 14033 14046 I art     : Explicit concurrent mark sweep GC freed 3(96B) AllocSpace objects, 0(0B) LOS objects, 22% free, 53MB/69MB, paused 495us total 20.894ms
08-06 04:28:28.376 14033 14046 I art     : Starting a blocking GC Explicit
08-06 04:28:28.399 14033 14046 I art     : Explicit concurrent mark sweep GC freed 3(96B) AllocSpace objects, 0(0B) LOS objects, 22% free, 53MB/69MB, paused 519us total 22.492ms
08-06 04:28:28.407 14033 14046 I art     : Starting a blocking GC Explicit
08-06 04:28:28.413   380   380 W SurfaceFlinger: couldn't log to binary event log: overflow.
08-06 04:28:28.429 14033 14046 I art     : Explicit concurrent mark sweep GC freed 3(96B) AllocSpace objects, 0(0B) LOS objects, 22% free, 53MB/69MB, paused 533us total 21.500ms
08-06 04:28:28.709 14033 14123 I art     : Starting a blocking GC Explicit
08-06 04:28:28.736 14033 14123 I art     : Explicit concurrent mark sweep GC freed 1444(84KB) AllocSpace objects, 1(20KB) LOS objects, 22% free, 53MB/69MB, paused 562us total 26.284ms
08-06 04:28:28.745 14033 14123 I art     : Starting a blocking GC Explicit
08-06 04:28:28.771 14033 14123 I art     : Explicit concurrent mark sweep GC freed 36(1264B) AllocSpace objects, 0(0B) LOS objects, 22% free, 53MB/69MB, paused 559us total 25.193ms
08-06 04:28:28.780 14033 14123 I art     : Starting a blocking GC Explicit
08-06 04:28:28.805 14033 14123 I art     : Explicit concurrent mark sweep GC freed 3(96B) AllocSpace objects, 0(0B) LOS objects, 22% free, 53MB/69MB, paused 554us total 24.806ms
08-06 04:28:28.814 14033 14123 I art     : Starting a blocking GC Explicit
08-06 04:28:28.841 14033 14123 I art     : Explicit concurrent mark sweep GC freed 3(96B) AllocSpace objects, 0(0B) LOS objects, 22% free, 53MB/69MB, paused 577us total 26.256ms
08-06 04:28:28.850 14033 14123 I art     : Starting a blocking GC Explicit
08-06 04:28:28.876 14033 14123 I art     : Explicit concurrent mark sweep GC freed 3(96B) AllocSpace objects, 0(0B) LOS objects, 22% free, 53MB/69MB, paused 545us total 25.273ms
08-06 04:28:28.949   518   646 I ThermalEngine: ACTION: GPU - Setting GPU[0] to 450000000
08-06 04:28:29.181 14033 14046 I art     : Starting a blocking GC Explicit
08-06 04:28:29.219 14033 14046 I art     : Explicit concurrent mark sweep GC freed 1344(78KB) AllocSpace objects, 1(20KB) LOS objects, 22% free, 53MB/69MB, paused 785us total 38.060ms
08-06 04:28:29.234 14033 14046 I art     : Starting a blocking GC Explicit
08-06 04:28:29.271 14033 14046 I art     : Explicit concurrent mark sweep GC freed 20(704B) AllocSpace objects, 0(0B) LOS objects, 22% free, 53MB/69MB, paused 708us total 36.203ms
08-06 04:28:29.282 14033 14046 I art     : Starting a blocking GC Explicit
08-06 04:28:29.314 14033 14046 I art     : Explicit concurrent mark sweep GC freed 3(96B) AllocSpace objects, 0(0B) LOS objects, 22% free, 53MB/69MB, paused 732us total 31.753ms
08-06 04:28:29.326 14033 14046 I art     : Starting a blocking GC Explicit
08-06 04:28:29.358 14033 14046 I art     : Explicit concurrent mark sweep GC freed 3(96B) AllocSpace objects, 0(0B) LOS objects, 22% free, 53MB/69MB, paused 752us total 31.983ms
08-06 04:28:29.370 14033 14046 I art     : Starting a blocking GC Explicit
08-06 04:28:29.402 14033 14046 I art     : Explicit concurrent mark sweep GC freed 3(96B) AllocSpace objects, 0(0B) LOS objects, 22% free, 53MB/69MB, paused 728us total 31.032ms
08-06 04:28:29.718 14033 16788 I art     : Starting a blocking GC Explicit
08-06 04:28:29.754 14033 16788 I art     : Explicit concurrent mark sweep GC freed 1344(78KB) AllocSpace objects, 1(20KB) LOS objects, 22% free, 53MB/69MB, paused 754us total 35.933ms
08-06 04:28:29.769 14033 16788 I art     : Starting a blocking GC Explicit
08-06 04:28:29.801 14033 16788 I art     : Explicit concurrent mark sweep GC freed 38(1376B) AllocSpace objects, 0(0B) LOS objects, 22% free, 53MB/69MB, paused 714us total 31.727ms
08-06 04:28:29.813 14033 16788 I art     : Starting a blocking GC Explicit
08-06 04:28:29.844 14033 16788 I art     : Explicit concurrent mark sweep GC freed 3(96B) AllocSpace objects, 0(0B) LOS objects, 22% free, 53MB/69MB, paused 698us total 30.944ms
08-06 04:28:29.856 14033 16788 I art     : Starting a blocking GC Explicit
08-06 04:28:29.891 14033 16788 I art     : Explicit concurrent mark sweep GC freed 3(96B) AllocSpace objects, 0(0B) LOS objects, 22% free, 53MB/69MB, paused 782us total 34.032ms
08-06 04:28:29.903 14033 16788 I art     : Starting a blocking GC Explicit
08-06 04:28:29.937 14033 16788 I art     : Explicit concurrent mark sweep GC freed 3(96B) AllocSpace objects, 0(0B) LOS objects, 22% free, 53MB/69MB, paused 818us total 34.409ms
08-06 04:28:30.270 14033 14124 I art     : Starting a blocking GC Explicit
08-06 04:28:30.312 14033 14124 I art     : Explicit concurrent mark sweep GC freed 1344(78KB) AllocSpace objects, 1(20KB) LOS objects, 22% free, 53MB/69MB, paused 772us total 41.006ms
08-06 04:28:30.326 14033 14124 I art     : Starting a blocking GC Explicit
08-06 04:28:30.360 14033 14124 I art     : Explicit concurrent mark sweep GC freed 20(704B) AllocSpace objects, 0(0B) LOS objects, 22% free, 53MB/69MB, paused 746us total 33.103ms
08-06 04:28:30.372 14033 14124 I art     : Starting a blocking GC Explicit
08-06 04:28:30.407 14033 14124 I art     : Explicit concurrent mark sweep GC freed 3(96B) AllocSpace objects, 0(0B) LOS objects, 22% free, 53MB/69MB, paused 739us total 34.632ms
08-06 04:28:30.419 14033 14124 I art     : Starting a blocking GC Explicit
08-06 04:28:30.452 14033 14124 I art     : Explicit concurrent mark sweep GC freed 3(96B) AllocSpace objects, 0(0B) LOS objects, 22% free, 53MB/69MB, paused 691us total 32.935ms
08-06 04:28:30.464 14033 14124 I art     : Starting a blocking GC Explicit
08-06 04:28:30.499 14033 14124 I art     : Explicit concurrent mark sweep GC freed 3(96B) AllocSpace objects, 0(0B) LOS objects, 22% free, 53MB/69MB, paused 740us total 34.113ms
08-06 04:28:30.828 14033 14123 I art     : Starting a blocking GC Explicit
08-06 04:28:30.872 14033 14123 I art     : Explicit concurrent mark sweep GC freed 1344(78KB) AllocSpace objects, 1(20KB) LOS objects, 22% free, 53MB/69MB, paused 840us total 43.839ms
08-06 04:28:30.889 14033 14123 I art     : Starting a blocking GC Explicit
08-06 04:28:30.925 14033 14123 I art     : Explicit concurrent mark sweep GC freed 20(704B) AllocSpace objects, 0(0B) LOS objects, 22% free, 53MB/69MB, paused 757us total 35.398ms
08-06 04:28:30.937 14033 14123 I art     : Starting a blocking GC Explicit
08-06 04:28:30.969 14033 14123 I art     : Explicit concurrent mark sweep GC freed 3(96B) AllocSpace objects, 0(0B) LOS objects, 22% free, 53MB/69MB, paused 755us total 32.266ms
08-06 04:28:30.981 14033 14123 I art     : Starting a blocking GC Explicit
08-06 04:28:31.016 14033 14123 I art     : Explicit concurrent mark sweep GC freed 3(96B) AllocSpace objects, 0(0B) LOS objects, 22% free, 53MB/69MB, paused 751us total 34.587ms
08-06 04:28:31.029 14033 14123 I art     : Starting a blocking GC Explicit
08-06 04:28:31.063 14033 14123 I art     : Explicit concurrent mark sweep GC freed 3(96B) AllocSpace objects, 0(0B) LOS objects, 22% free, 53MB/69MB, paused 751us total 34.185ms
08-06 04:28:31.409 14033 14046 I art     : Starting a blocking GC Explicit
08-06 04:28:31.450 14033 14046 I art     : Explicit concurrent mark sweep GC freed 1344(78KB) AllocSpace objects, 1(20KB) LOS objects, 22% free, 53MB/69MB, paused 756us total 40.585ms
08-06 04:28:31.464 14033 14046 I art     : Starting a blocking GC Explicit
08-06 04:28:31.498 14033 14046 I art     : Explicit concurrent mark sweep GC freed 20(704B) AllocSpace objects, 0(0B) LOS objects, 22% free, 53MB/69MB, paused 810us total 33.715ms
08-06 04:28:31.510 14033 14046 I art     : Starting a blocking GC Explicit
08-06 04:28:31.545 14033 14046 I art     : Explicit concurrent mark sweep GC freed 3(96B) AllocSpace objects, 0(0B) LOS objects, 22% free, 53MB/69MB, paused 730us total 34.426ms
08-06 04:28:31.557 14033 14046 I art     : Starting a blocking GC Explicit
08-06 04:28:31.589 14033 14046 I art     : Explicit concurrent mark sweep GC freed 3(96B) AllocSpace objects, 0(0B) LOS objects, 22% free, 53MB/69MB, paused 720us total 31.743ms
08-06 04:28:31.601 14033 14046 I art     : Starting a blocking GC Explicit
08-06 04:28:31.634 14033 14046 I art     : Explicit concurrent mark sweep GC freed 3(96B) AllocSpace objects, 0(0B) LOS objects, 22% free, 53MB/69MB, paused 734us total 32.895ms
08-06 04:28:31.937   918  3188 I hubconnection: sensorhub said: 'set_bias 3: -6.2400, 0.0000, 0.0000'
08-06 04:28:31.954   518   646 I ThermalEngine: ACTION: GPU - Setting GPU[0] to 510000000
08-06 04:28:31.983 14033 14045 I art     : Starting a blocking GC Explicit
08-06 04:28:32.018 14033 14045 I art     : Explicit concurrent mark sweep GC freed 1344(78KB) AllocSpace objects, 1(20KB) LOS objects, 22% free, 53MB/69MB, paused 691us total 33.797ms
08-06 04:28:32.030 14033 14045 I art     : Starting a blocking GC Explicit
08-06 04:28:32.056 14033 14045 I art     : Explicit concurrent mark sweep GC freed 20(704B) AllocSpace objects, 0(0B) LOS objects, 22% free, 53MB/69MB, paused 554us total 25.732ms
08-06 04:28:32.066 14033 14045 I art     : Starting a blocking GC Explicit
08-06 04:28:32.091 14033 14045 I art     : Explicit concurrent mark sweep GC freed 3(96B) AllocSpace objects, 0(0B) LOS objects, 22% free, 53MB/69MB, paused 512us total 24.697ms
08-06 04:28:32.100 14033 14045 I art     : Starting a blocking GC Explicit
08-06 04:28:32.125 14033 14045 I art     : Explicit concurrent mark sweep GC freed 3(96B) AllocSpace objects, 0(0B) LOS objects, 22% free, 53MB/69MB, paused 546us total 24.566ms
08-06 04:28:32.134 14033 14045 I art     : Starting a blocking GC Explicit
08-06 04:28:32.159 14033 14045 I art     : Explicit concurrent mark sweep GC freed 3(96B) AllocSpace objects, 0(0B) LOS objects, 22% free, 53MB/69MB, paused 541us total 25.257ms
08-06 04:28:32.443 14033 16788 I art     : Starting a blocking GC Explicit
08-06 04:28:32.468 14033 16788 I art     : Explicit concurrent mark sweep GC freed 1344(78KB) AllocSpace objects, 1(20KB) LOS objects, 22% free, 53MB/69MB, paused 557us total 24.843ms
08-06 04:28:32.478 14033 16788 I art     : Starting a blocking GC Explicit
08-06 04:28:32.503 14033 16788 I art     : Explicit concurrent mark sweep GC freed 20(704B) AllocSpace objects, 0(0B) LOS objects, 22% free, 53MB/69MB, paused 553us total 24.794ms
08-06 04:28:32.512 14033 16788 I art     : Starting a blocking GC Explicit
08-06 04:28:32.536 14033 16788 I art     : Explicit concurrent mark sweep GC freed 3(96B) AllocSpace objects, 0(0B) LOS objects, 22% free, 53MB/69MB, paused 596us total 23.790ms
08-06 04:28:32.545 14033 16788 I art     : Starting a blocking GC Explicit
08-06 04:28:32.569 14033 16788 I art     : Explicit concurrent mark sweep GC freed 3(96B) AllocSpace objects, 0(0B) LOS objects, 22% free, 53MB/69MB, paused 514us total 23.693ms
08-06 04:28:32.578 14033 16788 I art     : Starting a blocking GC Explicit
08-06 04:28:32.605 14033 16788 I art     : Explicit concurrent mark sweep GC freed 3(96B) AllocSpace objects, 0(0B) LOS objects, 22% free, 53MB/69MB, paused 552us total 27.157ms
08-06 04:28:32.754 17939 17939 D AndroidRuntime: >>>>>> START com.android.internal.os.RuntimeInit uid 2000 <<<<<<
08-06 04:28:32.759 17939 17939 D AndroidRuntime: CheckJNI is OFF
08-06 04:28:32.794 17939 17939 D ICU     : No timezone override file found: /data/misc/zoneinfo/current/icu/icu_tzdata.dat
08-06 04:28:32.828 17939 17939 I Radio-JNI: register_android_hardware_Radio DONE
08-06 04:28:32.849 17939 17939 D AndroidRuntime: Calling main entry com.android.commands.input.Input
08-06 04:28:32.850 17939 17939 I Input   : injectKeyEvent: KeyEvent { action=ACTION_DOWN, keyCode=KEYCODE_BACK, scanCode=0, metaState=0, flags=0x0, repeatCount=0, eventTime=851329263, downTime=851329263, deviceId=-1, source=0x101 }
08-06 04:28:32.855 17939 17939 I Input   : injectKeyEvent: KeyEvent { action=ACTION_UP, keyCode=KEYCODE_BACK, scanCode=0, metaState=0, flags=0x0, repeatCount=0, eventTime=851329263, downTime=851329263, deviceId=-1, source=0x101 }
08-06 04:28:32.861 17939 17939 D AndroidRuntime: Shutting down VM
08-06 04:28:32.893 13866 13866 I GoogleInputMethodServic: GoogleInputMethodService.onFinishInput():3138 
08-06 04:28:32.893 13866 13866 I GoogleInputMethodServic: GoogleInputMethodService.onStartInput():1808 
08-06 04:28:32.905 14033 16788 I art     : Starting a blocking GC Explicit
08-06 04:28:32.929 14033 16788 I art     : Explicit concurrent mark sweep GC freed 1525(85KB) AllocSpace objects, 1(20KB) LOS objects, 22% free, 53MB/69MB, paused 482us total 23.779ms
08-06 04:28:32.938 14033 16788 I art     : Starting a blocking GC Explicit
08-06 04:28:32.960 14033 16788 I art     : Explicit concurrent mark sweep GC freed 27(992B) AllocSpace objects, 0(0B) LOS objects, 22% free, 53MB/69MB, paused 479us total 21.511ms
08-06 04:28:32.969 14033 16788 I art     : Starting a blocking GC Explicit
08-06 04:28:32.990 14033 16788 I art     : Explicit concurrent mark sweep GC freed 3(96B) AllocSpace objects, 0(0B) LOS objects, 22% free, 53MB/69MB, paused 518us total 21.113ms
08-06 04:28:32.999 14033 16788 I art     : Starting a blocking GC Explicit
08-06 04:28:33.021 14033 16788 I art     : Explicit concurrent mark sweep GC freed 3(96B) AllocSpace objects, 0(0B) LOS objects, 22% free, 53MB/69MB, paused 487us total 21.893ms
08-06 04:28:33.030 14033 16788 I art     : Starting a blocking GC Explicit
08-06 04:28:33.056 14033 16788 I art     : Explicit concurrent mark sweep GC freed 3(96B) AllocSpace objects, 0(0B) LOS objects, 22% free, 53MB/69MB, paused 723us total 25.213ms
08-06 04:28:33.186   380   380 W SurfaceFlinger: couldn't log to binary event log: overflow.
08-06 04:28:33.332 14033 16788 I art     : Starting a blocking GC Explicit
08-06 04:28:33.358 14033 16788 I art     : Explicit concurrent mark sweep GC freed 1453(86KB) AllocSpace objects, 1(20KB) LOS objects, 22% free, 53MB/69MB, paused 598us total 26.214ms
08-06 04:28:33.368 14033 16788 I art     : Starting a blocking GC Explicit
08-06 04:28:33.392 14033 16788 I art     : Explicit concurrent mark sweep GC freed 1671(108KB) AllocSpace objects, 3(180KB) LOS objects, 22% free, 53MB/69MB, paused 545us total 23.654ms
08-06 04:28:33.401 14033 16788 I art     : Starting a blocking GC Explicit
08-06 04:28:33.425 14033 16788 I art     : Explicit concurrent mark sweep GC freed 3(96B) AllocSpace objects, 0(0B) LOS objects, 22% free, 53MB/69MB, paused 531us total 23.900ms
08-06 04:28:33.434 14033 16788 I art     : Starting a blocking GC Explicit
08-06 04:28:33.458 14033 16788 I art     : Explicit concurrent mark sweep GC freed 3(96B) AllocSpace objects, 0(0B) LOS objects, 22% free, 53MB/69MB, paused 536us total 23.978ms
08-06 04:28:33.467 14033 16788 I art     : Starting a blocking GC Explicit
08-06 04:28:33.492 14033 16788 I art     : Explicit concurrent mark sweep GC freed 3(96B) AllocSpace objects, 0(0B) LOS objects, 22% free, 53MB/69MB, paused 544us total 24.398ms
08-06 04:28:33.790 14033 14124 I art     : Starting a blocking GC Explicit
08-06 04:28:33.821 14033 14124 I art     : Explicit concurrent mark sweep GC freed 1344(78KB) AllocSpace objects, 1(20KB) LOS objects, 22% free, 53MB/69MB, paused 589us total 30.658ms
08-06 04:28:33.833 14033 14124 I art     : Starting a blocking GC Explicit
08-06 04:28:33.858 14033 14124 I art     : Explicit concurrent mark sweep GC freed 20(704B) AllocSpace objects, 0(0B) LOS objects, 22% free, 53MB/69MB, paused 547us total 24.928ms
08-06 04:28:33.868 14033 14124 I art     : Starting a blocking GC Explicit
08-06 04:28:33.892 14033 14124 I art     : Explicit concurrent mark sweep GC freed 3(96B) AllocSpace objects, 0(0B) LOS objects, 22% free, 53MB/69MB, paused 546us total 23.992ms
08-06 04:28:33.901 14033 14124 I art     : Starting a blocking GC Explicit
08-06 04:28:33.926 14033 14124 I art     : Explicit concurrent mark sweep GC freed 3(96B) AllocSpace objects, 0(0B) LOS objects, 22% free, 53MB/69MB, paused 529us total 24.331ms
08-06 04:28:33.935 14033 14124 I art     : Starting a blocking GC Explicit
08-06 04:28:33.960 14033 14124 I art     : Explicit concurrent mark sweep GC freed 3(96B) AllocSpace objects, 0(0B) LOS objects, 22% free, 53MB/69MB, paused 532us total 24.793ms
08-06 04:28:34.236 14033 14123 I art     : Starting a blocking GC Explicit
08-06 04:28:34.265 14033 14123 I art     : Explicit concurrent mark sweep GC freed 1344(78KB) AllocSpace objects, 1(20KB) LOS objects, 22% free, 53MB/69MB, paused 717us total 28.074ms
08-06 04:28:34.278 14033 14123 I art     : Starting a blocking GC Explicit
08-06 04:28:34.301 14033 14123 I art     : Explicit concurrent mark sweep GC freed 20(704B) AllocSpace objects, 0(0B) LOS objects, 22% free, 53MB/69MB, paused 553us total 23.561ms
08-06 04:28:34.310 14033 14123 I art     : Starting a blocking GC Explicit
08-06 04:28:34.334 14033 14123 I art     : Explicit concurrent mark sweep GC freed 3(96B) AllocSpace objects, 0(0B) LOS objects, 22% free, 53MB/69MB, paused 536us total 23.570ms
08-06 04:28:34.343 14033 14123 I art     : Starting a blocking GC Explicit
08-06 04:28:34.366 14033 14123 I art     : Explicit concurrent mark sweep GC freed 3(96B) AllocSpace objects, 0(0B) LOS objects, 22% free, 53MB/69MB, paused 531us total 23.083ms
08-06 04:28:34.375 14033 14123 I art     : Starting a blocking GC Explicit
08-06 04:28:34.399 14033 14123 I art     : Explicit concurrent mark sweep GC freed 3(96B) AllocSpace objects, 0(0B) LOS objects, 22% free, 53MB/69MB, paused 543us total 23.508ms
08-06 04:28:34.553 17992 17992 D AndroidRuntime: >>>>>> START com.android.internal.os.RuntimeInit uid 2000 <<<<<<
08-06 04:28:34.559 17992 17992 D AndroidRuntime: CheckJNI is OFF
08-06 04:28:34.591 17992 17992 D ICU     : No timezone override file found: /data/misc/zoneinfo/current/icu/icu_tzdata.dat
08-06 04:28:34.623 17992 17992 I Radio-JNI: register_android_hardware_Radio DONE
08-06 04:28:34.643 17992 17992 D AndroidRuntime: Calling main entry com.android.commands.input.Input
08-06 04:28:34.645 17992 17992 I Input   : injectMotionEvent: MotionEvent { action=ACTION_DOWN, actionButton=0, id[0]=0, x[0]=369.0, y[0]=554.0, toolType[0]=TOOL_TYPE_UNKNOWN, buttonState=0, metaState=0, flags=0x0, edgeFlags=0x0, pointerCount=1, historySize=0, eventTime=851331058, downTime=851331058, deviceId=0, source=0x1002 }
08-06 04:28:34.649 17992 17992 I Input   : injectMotionEvent: MotionEvent { action=ACTION_UP, actionButton=0, id[0]=0, x[0]=369.0, y[0]=554.0, toolType[0]=TOOL_TYPE_UNKNOWN, buttonState=0, metaState=0, flags=0x0, edgeFlags=0x0, pointerCount=1, historySize=0, eventTime=851331058, downTime=851331058, deviceId=0, source=0x1002 }
08-06 04:28:34.651   918  6110 I ActivityManager: START u0 {cmp=baseline.appteam.nith.hillffair/.activities.ClubActivity (has extras)} from uid 10697 on display 0
08-06 04:28:34.657 17992 17992 D AndroidRuntime: Shutting down VM
08-06 04:28:34.700 14033 14124 I art     : Starting a blocking GC Explicit
08-06 04:28:34.723 14033 14124 I art     : Explicit concurrent mark sweep GC freed 5038(361KB) AllocSpace objects, 1(20KB) LOS objects, 22% free, 53MB/69MB, paused 576us total 23.438ms
08-06 04:28:34.733 14033 14124 I art     : Starting a blocking GC Explicit
08-06 04:28:34.737 14033 14033 I NAPPA_EXPERIMENTATION: MetricNetworkRequestExecutionTime: REQUEST_DURATION_SYSTEM='54',REQUEST_DURATION_OKHTTP='34',REQUEST_SYNCHRONOUS='FALSE',RESPONSE_CODE='200',RESPONSE_METHOD='GET',RESPONSE_LENGTH_OKHTTP='979',RESPONSE_LENGTH_HEADER='-2',REQUEST_PROTOCOL='http/1.1',REQUEST_URL='https://api-hillfair-2k16.herokuapp.com/api/app/club/PR%20Club',
08-06 04:28:34.744 13866 13866 I GoogleInputMethodServic: GoogleInputMethodService.onFinishInput():3138 
08-06 04:28:34.744 13866 13866 I GoogleInputMethodServic: GoogleInputMethodService.onStartInput():1808 
08-06 04:28:34.745   918   936 I ActivityManager: Displayed baseline.appteam.nith.hillffair/.activities.ClubActivity: +87ms
08-06 04:28:34.757 14033 14124 I art     : Explicit concurrent mark sweep GC freed 923(61KB) AllocSpace objects, 0(0B) LOS objects, 22% free, 53MB/69MB, paused 830us total 24.238ms
08-06 04:28:34.768 14033 14124 I art     : Starting a blocking GC Explicit
08-06 04:28:34.791 14033 14124 I art     : Explicit concurrent mark sweep GC freed 72(2544B) AllocSpace objects, 0(0B) LOS objects, 22% free, 53MB/69MB, paused 504us total 22.616ms
08-06 04:28:34.799 14033 14124 I art     : Starting a blocking GC Explicit
08-06 04:28:34.821 14033 14124 I art     : Explicit concurrent mark sweep GC freed 5(176B) AllocSpace objects, 0(0B) LOS objects, 22% free, 53MB/69MB, paused 516us total 21.770ms
08-06 04:28:34.830 14033 14124 I art     : Starting a blocking GC Explicit
08-06 04:28:34.851 14033 14124 I art     : Explicit concurrent mark sweep GC freed 3(96B) AllocSpace objects, 0(0B) LOS objects, 22% free, 53MB/69MB, paused 512us total 21.003ms
08-06 04:28:35.099 14033 14124 I art     : Starting a blocking GC Explicit
08-06 04:28:35.123 14033 14124 I art     : Explicit concurrent mark sweep GC freed 1437(83KB) AllocSpace objects, 1(20KB) LOS objects, 22% free, 53MB/69MB, paused 664us total 23.970ms
08-06 04:28:35.133 14033 14124 I art     : Starting a blocking GC Explicit
08-06 04:28:35.156 14033 14124 I art     : Explicit concurrent mark sweep GC freed 27(992B) AllocSpace objects, 0(0B) LOS objects, 22% free, 53MB/69MB, paused 706us total 22.316ms
08-06 04:28:35.164 14033 14124 I art     : Starting a blocking GC Explicit
08-06 04:28:35.187 14033 14124 I art     : Explicit concurrent mark sweep GC freed 3(96B) AllocSpace objects, 0(0B) LOS objects, 22% free, 53MB/69MB, paused 594us total 22.291ms
08-06 04:28:35.195 14033 14124 I art     : Starting a blocking GC Explicit
08-06 04:28:35.220 14033 14124 I art     : Explicit concurrent mark sweep GC freed 3(96B) AllocSpace objects, 0(0B) LOS objects, 22% free, 53MB/69MB, paused 542us total 24.161ms
08-06 04:28:35.229 14033 14124 I art     : Starting a blocking GC Explicit
08-06 04:28:35.253 14033 14124 I art     : Explicit concurrent mark sweep GC freed 3(96B) AllocSpace objects, 0(0B) LOS objects, 22% free, 53MB/69MB, paused 534us total 23.803ms
08-06 04:28:35.436   918  3261 D WifiStateMachine: starting scan for "H369AA63323"WPA_PSK with 2412,5180
08-06 04:28:35.550 14033 14045 I art     : Starting a blocking GC Explicit
08-06 04:28:35.576 14033 14045 I art     : Explicit concurrent mark sweep GC freed 1344(78KB) AllocSpace objects, 1(20KB) LOS objects, 22% free, 53MB/69MB, paused 560us total 26.253ms
08-06 04:28:35.588 14033 14045 I art     : Starting a blocking GC Explicit
08-06 04:28:35.613 14033 14045 I art     : Explicit concurrent mark sweep GC freed 36(1264B) AllocSpace objects, 0(0B) LOS objects, 22% free, 53MB/69MB, paused 536us total 25.606ms
08-06 04:28:35.623 14033 14045 I art     : Starting a blocking GC Explicit
08-06 04:28:35.648 14033 14045 I art     : Explicit concurrent mark sweep GC freed 3(96B) AllocSpace objects, 0(0B) LOS objects, 22% free, 53MB/69MB, paused 633us total 24.982ms
08-06 04:28:35.657 14033 14045 I art     : Starting a blocking GC Explicit
08-06 04:28:35.682 14033 14045 I art     : Explicit concurrent mark sweep GC freed 3(96B) AllocSpace objects, 0(0B) LOS objects, 22% free, 53MB/69MB, paused 548us total 24.742ms
08-06 04:28:35.692 14033 14045 I art     : Starting a blocking GC Explicit
08-06 04:28:35.717 14033 14045 I art     : Explicit concurrent mark sweep GC freed 3(96B) AllocSpace objects, 0(0B) LOS objects, 22% free, 53MB/69MB, paused 650us total 25.380ms
08-06 04:28:35.960   518   646 I ThermalEngine: ACTION: GPU - Setting GPU[0] to 450000000
08-06 04:28:36.032 14033 16788 I art     : Starting a blocking GC Explicit
08-06 04:28:36.071 14033 16788 I art     : Explicit concurrent mark sweep GC freed 1344(78KB) AllocSpace objects, 1(20KB) LOS objects, 22% free, 53MB/69MB, paused 780us total 39.347ms
08-06 04:28:36.086 14033 16788 I art     : Starting a blocking GC Explicit
08-06 04:28:36.118 14033 16788 I art     : Explicit concurrent mark sweep GC freed 20(704B) AllocSpace objects, 0(0B) LOS objects, 22% free, 53MB/69MB, paused 777us total 31.732ms
08-06 04:28:36.130 14033 16788 I art     : Starting a blocking GC Explicit
08-06 04:28:36.162 14033 16788 I art     : Explicit concurrent mark sweep GC freed 3(96B) AllocSpace objects, 0(0B) LOS objects, 22% free, 53MB/69MB, paused 746us total 31.584ms
08-06 04:28:36.174 14033 16788 I art     : Starting a blocking GC Explicit
08-06 04:28:36.205 14033 16788 I art     : Explicit concurrent mark sweep GC freed 3(96B) AllocSpace objects, 0(0B) LOS objects, 22% free, 53MB/69MB, paused 748us total 30.852ms
08-06 04:28:36.217 14033 16788 I art     : Starting a blocking GC Explicit
08-06 04:28:36.249 14033 16788 I art     : Explicit concurrent mark sweep GC freed 3(96B) AllocSpace objects, 0(0B) LOS objects, 22% free, 53MB/69MB, paused 821us total 31.690ms
08-06 04:28:36.587 14033 14124 I art     : Starting a blocking GC Explicit
08-06 04:28:36.633 14033 14124 I art     : Explicit concurrent mark sweep GC freed 1344(78KB) AllocSpace objects, 1(20KB) LOS objects, 22% free, 53MB/69MB, paused 845us total 45.128ms
08-06 04:28:36.651 14033 14124 I art     : Starting a blocking GC Explicit
08-06 04:28:36.685 14033 14124 I art     : Explicit concurrent mark sweep GC freed 20(704B) AllocSpace objects, 0(0B) LOS objects, 22% free, 53MB/69MB, paused 759us total 33.138ms
08-06 04:28:36.697 14033 14124 I art     : Starting a blocking GC Explicit
08-06 04:28:36.731 14033 14124 I art     : Explicit concurrent mark sweep GC freed 3(96B) AllocSpace objects, 0(0B) LOS objects, 22% free, 53MB/69MB, paused 758us total 33.605ms
08-06 04:28:36.743 14033 14124 I art     : Starting a blocking GC Explicit
08-06 04:28:36.777 14033 14124 I art     : Explicit concurrent mark sweep GC freed 3(96B) AllocSpace objects, 0(0B) LOS objects, 22% free, 53MB/69MB, paused 842us total 33.746ms
08-06 04:28:36.790 14033 14124 I art     : Starting a blocking GC Explicit
08-06 04:28:36.824 14033 14124 I art     : Explicit concurrent mark sweep GC freed 3(96B) AllocSpace objects, 0(0B) LOS objects, 22% free, 53MB/69MB, paused 754us total 34.549ms
08-06 04:28:37.158 14033 14123 I art     : Starting a blocking GC Explicit
08-06 04:28:37.201 14033 14123 I art     : Explicit concurrent mark sweep GC freed 1344(78KB) AllocSpace objects, 1(20KB) LOS objects, 22% free, 53MB/69MB, paused 836us total 42.849ms
08-06 04:28:37.216 14033 14123 I art     : Starting a blocking GC Explicit
08-06 04:28:37.250 14033 14123 I art     : Explicit concurrent mark sweep GC freed 20(704B) AllocSpace objects, 0(0B) LOS objects, 22% free, 53MB/69MB, paused 787us total 33.834ms
08-06 04:28:37.262 14033 14123 I art     : Starting a blocking GC Explicit
08-06 04:28:37.297 14033 14123 I art     : Explicit concurrent mark sweep GC freed 3(96B) AllocSpace objects, 0(0B) LOS objects, 22% free, 53MB/69MB, paused 852us total 34.767ms
08-06 04:28:37.310 14033 14123 I art     : Starting a blocking GC Explicit
08-06 04:28:37.345 14033 14123 I art     : Explicit concurrent mark sweep GC freed 3(96B) AllocSpace objects, 0(0B) LOS objects, 22% free, 53MB/69MB, paused 753us total 34.475ms
08-06 04:28:37.357 14033 14123 I art     : Starting a blocking GC Explicit
08-06 04:28:37.390 14033 14123 I art     : Explicit concurrent mark sweep GC freed 3(96B) AllocSpace objects, 0(0B) LOS objects, 22% free, 53MB/69MB, paused 751us total 33.045ms
08-06 04:28:37.443 13567 13567 I ServiceManager: Waiting for service AtCmdFwd...
08-06 04:28:37.728 14033 14046 I art     : Starting a blocking GC Explicit
08-06 04:28:37.768 14033 14046 I art     : Explicit concurrent mark sweep GC freed 1344(78KB) AllocSpace objects, 1(20KB) LOS objects, 22% free, 53MB/69MB, paused 924us total 39.597ms
08-06 04:28:37.782 14033 14046 I art     : Starting a blocking GC Explicit
08-06 04:28:37.817 14033 14046 I art     : Explicit concurrent mark sweep GC freed 20(704B) AllocSpace objects, 0(0B) LOS objects, 22% free, 53MB/69MB, paused 831us total 35.077ms
08-06 04:28:37.834 14033 14046 I art     : Starting a blocking GC Explicit
08-06 04:28:37.867 14033 14046 I art     : Explicit concurrent mark sweep GC freed 3(96B) AllocSpace objects, 0(0B) LOS objects, 22% free, 53MB/69MB, paused 871us total 33.388ms
08-06 04:28:37.879 14033 14046 I art     : Starting a blocking GC Explicit
08-06 04:28:37.914 14033 14046 I art     : Explicit concurrent mark sweep GC freed 3(96B) AllocSpace objects, 0(0B) LOS objects, 22% free, 53MB/69MB, paused 764us total 34.402ms
08-06 04:28:37.926 14033 14046 I art     : Starting a blocking GC Explicit
08-06 04:28:37.959 14033 14046 I art     : Explicit concurrent mark sweep GC freed 3(96B) AllocSpace objects, 0(0B) LOS objects, 22% free, 53MB/69MB, paused 738us total 32.478ms
08-06 04:28:37.959 14033 14044 I art     : WaitForGcToComplete blocked for 29.242ms for cause HeapTrim
08-06 04:28:37.969   518   646 I ThermalEngine: ACTION: GPU - Setting GPU[0] to 510000000
08-06 04:28:38.286 14033 14045 I art     : Starting a blocking GC Explicit
08-06 04:28:38.322 14033 14045 I art     : Explicit concurrent mark sweep GC freed 1344(78KB) AllocSpace objects, 1(20KB) LOS objects, 22% free, 53MB/69MB, paused 627us total 34.764ms
08-06 04:28:38.333 14033 14045 I art     : Starting a blocking GC Explicit
08-06 04:28:38.359 14033 14045 I art     : Explicit concurrent mark sweep GC freed 20(704B) AllocSpace objects, 0(0B) LOS objects, 22% free, 53MB/69MB, paused 525us total 25.055ms
08-06 04:28:38.368 14033 14045 I art     : Starting a blocking GC Explicit
08-06 04:28:38.394 14033 14045 I art     : Explicit concurrent mark sweep GC freed 3(96B) AllocSpace objects, 0(0B) LOS objects, 22% free, 53MB/69MB, paused 553us total 25.676ms
08-06 04:28:38.403 14033 14045 I art     : Starting a blocking GC Explicit
08-06 04:28:38.429 14033 14045 I art     : Explicit concurrent mark sweep GC freed 3(96B) AllocSpace objects, 0(0B) LOS objects, 22% free, 53MB/69MB, paused 545us total 25.385ms
08-06 04:28:38.438 14033 14045 I art     : Starting a blocking GC Explicit
08-06 04:28:38.444 13567 13567 I ServiceManager: Waiting for service AtCmdFwd...
08-06 04:28:38.464 14033 14045 I art     : Explicit concurrent mark sweep GC freed 3(96B) AllocSpace objects, 0(0B) LOS objects, 22% free, 53MB/69MB, paused 526us total 25.021ms
08-06 04:28:38.811 14033 16788 I art     : Starting a blocking GC Explicit
08-06 04:28:38.843 14033 16788 I art     : Explicit concurrent mark sweep GC freed 1344(78KB) AllocSpace objects, 1(20KB) LOS objects, 22% free, 53MB/69MB, paused 598us total 31.834ms
08-06 04:28:38.856 14033 16788 I art     : Starting a blocking GC Explicit
08-06 04:28:38.882 14033 16788 I art     : Explicit concurrent mark sweep GC freed 20(704B) AllocSpace objects, 0(0B) LOS objects, 22% free, 53MB/69MB, paused 558us total 25.001ms
08-06 04:28:38.891 14033 16788 I art     : Starting a blocking GC Explicit
08-06 04:28:38.915 14033 16788 I art     : Explicit concurrent mark sweep GC freed 3(96B) AllocSpace objects, 0(0B) LOS objects, 22% free, 53MB/69MB, paused 540us total 24.138ms
08-06 04:28:38.924 14033 16788 I art     : Starting a blocking GC Explicit
08-06 04:28:38.949 14033 16788 I art     : Explicit concurrent mark sweep GC freed 3(96B) AllocSpace objects, 0(0B) LOS objects, 22% free, 53MB/69MB, paused 546us total 24.341ms
08-06 04:28:38.958 14033 16788 I art     : Starting a blocking GC Explicit
08-06 04:28:38.982 14033 16788 I art     : Explicit concurrent mark sweep GC freed 3(96B) AllocSpace objects, 0(0B) LOS objects, 22% free, 53MB/69MB, paused 552us total 23.464ms
08-06 04:28:39.282 14033 14124 I art     : Starting a blocking GC Explicit
08-06 04:28:39.313 14033 14124 I art     : Explicit concurrent mark sweep GC freed 1344(78KB) AllocSpace objects, 1(20KB) LOS objects, 22% free, 53MB/69MB, paused 625us total 30.178ms
08-06 04:28:39.325 14033 14124 I art     : Starting a blocking GC Explicit
08-06 04:28:39.344 18129 18129 D AndroidRuntime: >>>>>> START com.android.internal.os.RuntimeInit uid 2000 <<<<<<
08-06 04:28:39.348 18129 18129 D AndroidRuntime: CheckJNI is OFF
08-06 04:28:39.350 14033 14124 I art     : Explicit concurrent mark sweep GC freed 20(704B) AllocSpace objects, 0(0B) LOS objects, 22% free, 53MB/69MB, paused 638us total 25.160ms
08-06 04:28:39.360 14033 14124 I art     : Starting a blocking GC Explicit
08-06 04:28:39.383 18129 18129 D ICU     : No timezone override file found: /data/misc/zoneinfo/current/icu/icu_tzdata.dat
08-06 04:28:39.384 14033 14124 I art     : Explicit concurrent mark sweep GC freed 3(96B) AllocSpace objects, 0(0B) LOS objects, 22% free, 53MB/69MB, paused 589us total 23.371ms
08-06 04:28:39.393 14033 14124 I art     : Starting a blocking GC Explicit
08-06 04:28:39.417 14033 14124 I art     : Explicit concurrent mark sweep GC freed 3(96B) AllocSpace objects, 0(0B) LOS objects, 22% free, 53MB/69MB, paused 624us total 24.022ms
08-06 04:28:39.418 18129 18129 I Radio-JNI: register_android_hardware_Radio DONE
08-06 04:28:39.426 14033 14124 I art     : Starting a blocking GC Explicit
08-06 04:28:39.440 18129 18129 D AndroidRuntime: Calling main entry com.android.commands.input.Input
08-06 04:28:39.442 18129 18129 I Input   : injectKeyEvent: KeyEvent { action=ACTION_DOWN, keyCode=KEYCODE_BACK, scanCode=0, metaState=0, flags=0x0, repeatCount=0, eventTime=851335855, downTime=851335855, deviceId=-1, source=0x101 }
08-06 04:28:39.444 13567 13567 I ServiceManager: Waiting for service AtCmdFwd...
08-06 04:28:39.448 18129 18129 I Input   : injectKeyEvent: KeyEvent { action=ACTION_UP, keyCode=KEYCODE_BACK, scanCode=0, metaState=0, flags=0x0, repeatCount=0, eventTime=851335855, downTime=851335855, deviceId=-1, source=0x101 }
08-06 04:28:39.449 14033 14124 I art     : Explicit concurrent mark sweep GC freed 4(176B) AllocSpace objects, 0(0B) LOS objects, 22% free, 53MB/69MB, paused 523us total 23.185ms
08-06 04:28:39.453 18129 18129 D AndroidRuntime: Shutting down VM
08-06 04:28:39.489 13866 13866 I GoogleInputMethodServic: GoogleInputMethodService.onFinishInput():3138 
08-06 04:28:39.489 13866 13866 I GoogleInputMethodServic: GoogleInputMethodService.onStartInput():1808 
08-06 04:28:39.699 14033 16788 I art     : Starting a blocking GC Explicit
08-06 04:28:39.728 14033 16788 I art     : Explicit concurrent mark sweep GC freed 1525(85KB) AllocSpace objects, 1(20KB) LOS objects, 22% free, 53MB/69MB, paused 520us total 29.255ms
08-06 04:28:39.742 14033 16788 I art     : Starting a blocking GC Explicit
08-06 04:28:39.773 14033 16788 I art     : Explicit concurrent mark sweep GC freed 26(944B) AllocSpace objects, 0(0B) LOS objects, 22% free, 53MB/69MB, paused 558us total 31.192ms
08-06 04:28:39.784 14033 16788 I art     : Starting a blocking GC Explicit
08-06 04:28:39.809 14033 16788 I art     : Explicit concurrent mark sweep GC freed 3(96B) AllocSpace objects, 0(0B) LOS objects, 22% free, 53MB/69MB, paused 563us total 24.983ms
08-06 04:28:39.810   380   380 W SurfaceFlinger: couldn't log to binary event log: overflow.
08-06 04:28:39.819 14033 16788 I art     : Starting a blocking GC Explicit
08-06 04:28:39.842 14033 16788 I art     : Explicit concurrent mark sweep GC freed 112(8KB) AllocSpace objects, 0(0B) LOS objects, 22% free, 53MB/69MB, paused 544us total 22.634ms
08-06 04:28:39.850 14033 16788 I art     : Starting a blocking GC Explicit
08-06 04:28:39.873 14033 16788 I art     : Explicit concurrent mark sweep GC freed 1654(107KB) AllocSpace objects, 3(184KB) LOS objects, 22% free, 53MB/69MB, paused 529us total 22.621ms
08-06 04:28:40.179 14033 14046 I art     : Starting a blocking GC Explicit
08-06 04:28:40.216 14033 14046 I art     : Explicit concurrent mark sweep GC freed 1344(78KB) AllocSpace objects, 1(20KB) LOS objects, 22% free, 53MB/69MB, paused 615us total 36.603ms
08-06 04:28:40.228 14033 14046 I art     : Starting a blocking GC Explicit
08-06 04:28:40.253 14033 14046 I art     : Explicit concurrent mark sweep GC freed 20(704B) AllocSpace objects, 0(0B) LOS objects, 22% free, 53MB/69MB, paused 597us total 23.935ms
08-06 04:28:40.262 14033 14046 I art     : Starting a blocking GC Explicit
08-06 04:28:40.287 14033 14046 I art     : Explicit concurrent mark sweep GC freed 3(96B) AllocSpace objects, 0(0B) LOS objects, 22% free, 53MB/69MB, paused 632us total 24.653ms
08-06 04:28:40.296 14033 14046 I art     : Starting a blocking GC Explicit
08-06 04:28:40.321 14033 14046 I art     : Explicit concurrent mark sweep GC freed 3(96B) AllocSpace objects, 0(0B) LOS objects, 22% free, 53MB/69MB, paused 553us total 24.518ms
08-06 04:28:40.330 14033 14046 I art     : Starting a blocking GC Explicit
08-06 04:28:40.355 14033 14046 I art     : Explicit concurrent mark sweep GC freed 3(96B) AllocSpace objects, 0(0B) LOS objects, 22% free, 53MB/69MB, paused 598us total 24.977ms
08-06 04:28:40.447 13567 13567 I ServiceManager: Waiting for service AtCmdFwd...
08-06 04:28:40.656 14033 14123 I art     : Starting a blocking GC Explicit
08-06 04:28:40.689 14033 14123 I art     : Explicit concurrent mark sweep GC freed 1344(78KB) AllocSpace objects, 1(20KB) LOS objects, 22% free, 53MB/69MB, paused 598us total 32.790ms
08-06 04:28:40.700 14033 14123 I art     : Starting a blocking GC Explicit
08-06 04:28:40.724 14033 14123 I art     : Explicit concurrent mark sweep GC freed 20(704B) AllocSpace objects, 0(0B) LOS objects, 22% free, 53MB/69MB, paused 555us total 24.273ms
08-06 04:28:40.733 14033 14123 I art     : Starting a blocking GC Explicit
08-06 04:28:40.756 14033 14123 I art     : Explicit concurrent mark sweep GC freed 3(96B) AllocSpace objects, 0(0B) LOS objects, 22% free, 53MB/69MB, paused 554us total 22.559ms
08-06 04:28:40.764 14033 14123 I art     : Starting a blocking GC Explicit
08-06 04:28:40.788 14033 14123 I art     : Explicit concurrent mark sweep GC freed 3(96B) AllocSpace objects, 0(0B) LOS objects, 22% free, 53MB/69MB, paused 590us total 23.270ms
08-06 04:28:40.796 14033 14123 I art     : Starting a blocking GC Explicit
08-06 04:28:40.820 14033 14123 I art     : Explicit concurrent mark sweep GC freed 3(96B) AllocSpace objects, 0(0B) LOS objects, 22% free, 53MB/69MB, paused 568us total 23.101ms
08-06 04:28:41.092 14033 14045 I art     : Starting a blocking GC Explicit
08-06 04:28:41.118 14033 14045 I art     : Explicit concurrent mark sweep GC freed 1365(79KB) AllocSpace objects, 1(20KB) LOS objects, 22% free, 53MB/69MB, paused 665us total 24.883ms
08-06 04:28:41.119 18196 18196 D AndroidRuntime: >>>>>> START com.android.internal.os.RuntimeInit uid 2000 <<<<<<
08-06 04:28:41.124 18196 18196 D AndroidRuntime: CheckJNI is OFF
08-06 04:28:41.127 14033 14045 I art     : Starting a blocking GC Explicit
08-06 04:28:41.151 14033 14045 I art     : Explicit concurrent mark sweep GC freed 36(1216B) AllocSpace objects, 0(0B) LOS objects, 22% free, 53MB/69MB, paused 555us total 23.553ms
08-06 04:28:41.160 14033 14045 I art     : Starting a blocking GC Explicit
08-06 04:28:41.161 18196 18196 D ICU     : No timezone override file found: /data/misc/zoneinfo/current/icu/icu_tzdata.dat
08-06 04:28:41.183 14033 14045 I art     : Explicit concurrent mark sweep GC freed 3(96B) AllocSpace objects, 0(0B) LOS objects, 22% free, 53MB/69MB, paused 559us total 22.686ms
08-06 04:28:41.192 14033 14045 I art     : Starting a blocking GC Explicit
08-06 04:28:41.196 18196 18196 I Radio-JNI: register_android_hardware_Radio DONE
08-06 04:28:41.214 14033 14045 I art     : Explicit concurrent mark sweep GC freed 3(96B) AllocSpace objects, 0(0B) LOS objects, 22% free, 53MB/69MB, paused 525us total 22.214ms
08-06 04:28:41.218 18196 18196 D AndroidRuntime: Calling main entry com.android.commands.input.Input
08-06 04:28:41.220 18196 18196 I Input   : injectKeyEvent: KeyEvent { action=ACTION_DOWN, keyCode=KEYCODE_BACK, scanCode=0, metaState=0, flags=0x0, repeatCount=0, eventTime=851337632, downTime=851337632, deviceId=-1, source=0x101 }
08-06 04:28:41.222 14033 14045 I art     : Starting a blocking GC Explicit
08-06 04:28:41.225 18196 18196 I Input   : injectKeyEvent: KeyEvent { action=ACTION_UP, keyCode=KEYCODE_BACK, scanCode=0, metaState=0, flags=0x0, repeatCount=0, eventTime=851337632, downTime=851337632, deviceId=-1, source=0x101 }
08-06 04:28:41.231 18196 18196 D AndroidRuntime: Shutting down VM
08-06 04:28:41.244 14033 14045 I art     : Explicit concurrent mark sweep GC freed 145(6KB) AllocSpace objects, 0(0B) LOS objects, 22% free, 53MB/69MB, paused 537us total 21.519ms
08-06 04:28:41.273 13866 13866 I GoogleInputMethodServic: GoogleInputMethodService.onFinishInput():3138 
08-06 04:28:41.273 13866 13866 I GoogleInputMethodServic: GoogleInputMethodService.onStartInput():1808 
08-06 04:28:41.450 13567 13567 I ServiceManager: Waiting for service AtCmdFwd...
08-06 04:28:41.519 14033 14045 I art     : Starting a blocking GC Explicit
08-06 04:28:41.548 14033 14045 I art     : Explicit concurrent mark sweep GC freed 1411(80KB) AllocSpace objects, 1(20KB) LOS objects, 22% free, 53MB/69MB, paused 553us total 28.188ms
08-06 04:28:41.561 14033 14045 I art     : Starting a blocking GC Explicit
08-06 04:28:41.585 14033 14045 I art     : Explicit concurrent mark sweep GC freed 544(27KB) AllocSpace objects, 0(0B) LOS objects, 22% free, 53MB/69MB, paused 730us total 23.925ms
08-06 04:28:41.595 14033 14045 I art     : Starting a blocking GC Explicit
08-06 04:28:41.617 14033 14045 I art     : Explicit concurrent mark sweep GC freed 1116(49KB) AllocSpace objects, 0(0B) LOS objects, 22% free, 53MB/69MB, paused 529us total 21.334ms
08-06 04:28:41.625 14033 14045 I art     : Starting a blocking GC Explicit
08-06 04:28:41.647 14033 14045 I art     : Explicit concurrent mark sweep GC freed 2841(180KB) AllocSpace objects, 2(140KB) LOS objects, 23% free, 53MB/69MB, paused 524us total 21.625ms
08-06 04:28:41.656 14033 14045 I art     : Starting a blocking GC Explicit
08-06 04:28:41.677 14033 14045 I art     : Explicit concurrent mark sweep GC freed 3(96B) AllocSpace objects, 0(0B) LOS objects, 23% free, 53MB/69MB, paused 562us total 21.572ms
08-06 04:28:41.962 14033 14124 I art     : Starting a blocking GC Explicit
08-06 04:28:41.991 14033 14124 I art     : Explicit concurrent mark sweep GC freed 1344(78KB) AllocSpace objects, 1(20KB) LOS objects, 23% free, 53MB/69MB, paused 593us total 28.480ms
08-06 04:28:42.001 14033 14124 I art     : Starting a blocking GC Explicit
08-06 04:28:42.025 14033 14124 I art     : Explicit concurrent mark sweep GC freed 20(704B) AllocSpace objects, 0(0B) LOS objects, 23% free, 53MB/69MB, paused 554us total 23.356ms
08-06 04:28:42.034 14033 14124 I art     : Starting a blocking GC Explicit
08-06 04:28:42.058 14033 14124 I art     : Explicit concurrent mark sweep GC freed 3(96B) AllocSpace objects, 0(0B) LOS objects, 23% free, 53MB/69MB, paused 570us total 23.314ms
08-06 04:28:42.067 14033 14124 I art     : Starting a blocking GC Explicit
08-06 04:28:42.090 14033 14124 I art     : Explicit concurrent mark sweep GC freed 3(96B) AllocSpace objects, 0(0B) LOS objects, 23% free, 53MB/69MB, paused 549us total 22.835ms
08-06 04:28:42.099 14033 14124 I art     : Starting a blocking GC Explicit
08-06 04:28:42.122 14033 14124 I art     : Explicit concurrent mark sweep GC freed 3(96B) AllocSpace objects, 0(0B) LOS objects, 23% free, 53MB/69MB, paused 538us total 22.816ms
08-06 04:28:42.411 14033 16788 I art     : Starting a blocking GC Explicit
08-06 04:28:42.439 14033 16788 I art     : Explicit concurrent mark sweep GC freed 1341(78KB) AllocSpace objects, 1(20KB) LOS objects, 23% free, 53MB/69MB, paused 596us total 27.822ms
08-06 04:28:42.450 14033 16788 I art     : Starting a blocking GC Explicit
08-06 04:28:42.451 13567 13567 W Atfwd_Sendcmd: AtCmdFwd service not published, waiting... retryCnt : 3
08-06 04:28:42.474 14033 16788 I art     : Explicit concurrent mark sweep GC freed 20(704B) AllocSpace objects, 0(0B) LOS objects, 23% free, 53MB/69MB, paused 699us total 23.713ms
08-06 04:28:42.483 14033 16788 I art     : Starting a blocking GC Explicit
08-06 04:28:42.505 14033 16788 I art     : Explicit concurrent mark sweep GC freed 3(96B) AllocSpace objects, 0(0B) LOS objects, 23% free, 53MB/69MB, paused 540us total 21.120ms
08-06 04:28:42.514 14033 16788 I art     : Starting a blocking GC Explicit
08-06 04:28:42.534 14033 16788 I art     : Explicit concurrent mark sweep GC freed 3(96B) AllocSpace objects, 0(0B) LOS objects, 23% free, 53MB/69MB, paused 563us total 20.088ms
08-06 04:28:42.542 14033 16788 I art     : Starting a blocking GC Explicit
08-06 04:28:42.563 14033 16788 I art     : Explicit concurrent mark sweep GC freed 3(96B) AllocSpace objects, 0(0B) LOS objects, 23% free, 53MB/69MB, paused 518us total 20.563ms
08-06 04:28:42.832 14033 14046 I art     : Starting a blocking GC Explicit
08-06 04:28:42.855 14033 14046 I art     : Explicit concurrent mark sweep GC freed 1341(78KB) AllocSpace objects, 1(20KB) LOS objects, 23% free, 53MB/69MB, paused 573us total 23.376ms
08-06 04:28:42.864 14033 14046 I art     : Starting a blocking GC Explicit
08-06 04:28:42.878 18265 18265 D AndroidRuntime: >>>>>> START com.android.internal.os.RuntimeInit uid 2000 <<<<<<
08-06 04:28:42.883 18265 18265 D AndroidRuntime: CheckJNI is OFF
08-06 04:28:42.888 14033 14046 I art     : Explicit concurrent mark sweep GC freed 20(704B) AllocSpace objects, 0(0B) LOS objects, 23% free, 53MB/69MB, paused 638us total 23.002ms
08-06 04:28:42.897 14033 14046 I art     : Starting a blocking GC Explicit
08-06 04:28:42.918 18265 18265 D ICU     : No timezone override file found: /data/misc/zoneinfo/current/icu/icu_tzdata.dat
08-06 04:28:42.918 14033 14046 I art     : Explicit concurrent mark sweep GC freed 3(96B) AllocSpace objects, 0(0B) LOS objects, 23% free, 53MB/69MB, paused 585us total 21.003ms
08-06 04:28:42.926 14033 14046 I art     : Starting a blocking GC Explicit
08-06 04:28:42.948 14033 14046 I art     : Explicit concurrent mark sweep GC freed 3(96B) AllocSpace objects, 0(0B) LOS objects, 23% free, 53MB/69MB, paused 590us total 21.400ms
08-06 04:28:42.955 18265 18265 I Radio-JNI: register_android_hardware_Radio DONE
08-06 04:28:42.957 14033 14046 I art     : Starting a blocking GC Explicit
08-06 04:28:42.975   518   646 I ThermalEngine: ACTION: GPU - Setting GPU[0] to 450000000
08-06 04:28:42.978 18265 18265 D AndroidRuntime: Calling main entry com.android.commands.input.Input
08-06 04:28:42.980 14033 14046 I art     : Explicit concurrent mark sweep GC freed 3(96B) AllocSpace objects, 0(0B) LOS objects, 23% free, 53MB/69MB, paused 896us total 23.368ms
08-06 04:28:42.981 18265 18265 I Input   : injectMotionEvent: MotionEvent { action=ACTION_DOWN, actionButton=0, id[0]=0, x[0]=1084.0, y[0]=2213.0, toolType[0]=TOOL_TYPE_UNKNOWN, buttonState=0, metaState=0, flags=0x0, edgeFlags=0x0, pointerCount=1, historySize=0, eventTime=851339393, downTime=851339393, deviceId=0, source=0x1002 }
08-06 04:28:42.988 18265 18265 I Input   : injectMotionEvent: MotionEvent { action=ACTION_UP, actionButton=0, id[0]=0, x[0]=1084.0, y[0]=2213.0, toolType[0]=TOOL_TYPE_UNKNOWN, buttonState=0, metaState=0, flags=0x0, edgeFlags=0x0, pointerCount=1, historySize=0, eventTime=851339393, downTime=851339393, deviceId=0, source=0x1002 }
08-06 04:28:42.989   918  5952 I ActivityManager: START u0 {cmp=baseline.appteam.nith.hillffair/.activities.EventActivity} from uid 10697 on display 0
08-06 04:28:42.997 18265 18265 D AndroidRuntime: Shutting down VM
08-06 04:28:43.076 14033 14033 I NAPPA_EXPERIMENTATION: MetricNetworkRequestExecutionTime: REQUEST_DURATION_SYSTEM='49',REQUEST_DURATION_OKHTTP='35',REQUEST_SYNCHRONOUS='FALSE',RESPONSE_CODE='200',RESPONSE_METHOD='GET',RESPONSE_LENGTH_OKHTTP='1870',RESPONSE_LENGTH_HEADER='-2',REQUEST_PROTOCOL='http/1.1',REQUEST_URL='https://api-hillfair-2k16.herokuapp.com/api/app/club',
08-06 04:28:43.077 13866 13866 I GoogleInputMethodServic: GoogleInputMethodService.onFinishInput():3138 
08-06 04:28:43.078 13866 13866 I GoogleInputMethodServic: GoogleInputMethodService.onStartInput():1808 
08-06 04:28:43.135   918   936 I ActivityManager: Displayed baseline.appteam.nith.hillffair/.activities.EventActivity: +139ms
08-06 04:28:43.272 14033 14124 I art     : Starting a blocking GC Explicit
08-06 04:28:43.313 14033 14124 I art     : Explicit concurrent mark sweep GC freed 7536(494KB) AllocSpace objects, 1(20KB) LOS objects, 23% free, 53MB/69MB, paused 771us total 40.659ms
08-06 04:28:43.325 14033 14124 I art     : Starting a blocking GC Explicit
08-06 04:28:43.359 14033 14124 I art     : Explicit concurrent mark sweep GC freed 346(14KB) AllocSpace objects, 0(0B) LOS objects, 23% free, 53MB/69MB, paused 767us total 33.730ms
08-06 04:28:43.359 14033 14044 I art     : WaitForGcToComplete blocked for 34.021ms for cause HeapTrim
08-06 04:28:43.372 14033 14124 I art     : Starting a blocking GC Explicit
08-06 04:28:43.373   380   380 W SurfaceFlinger: couldn't log to binary event log: overflow.
08-06 04:28:43.404 14033 14124 I art     : Explicit concurrent mark sweep GC freed 3(96B) AllocSpace objects, 0(0B) LOS objects, 23% free, 53MB/69MB, paused 697us total 31.295ms
08-06 04:28:43.416 14033 14124 I art     : Starting a blocking GC Explicit
08-06 04:28:43.441 14033 14124 I art     : Explicit concurrent mark sweep GC freed 3(96B) AllocSpace objects, 0(0B) LOS objects, 23% free, 53MB/69MB, paused 655us total 24.721ms
08-06 04:28:43.451 14033 14124 I art     : Starting a blocking GC Explicit
08-06 04:28:43.478 14033 14124 I art     : Explicit concurrent mark sweep GC freed 3(96B) AllocSpace objects, 0(0B) LOS objects, 23% free, 53MB/69MB, paused 717us total 26.770ms
08-06 04:28:43.785 14033 14123 I art     : Starting a blocking GC Explicit
08-06 04:28:43.824 14033 14123 I art     : Explicit concurrent mark sweep GC freed 1414(83KB) AllocSpace objects, 1(20KB) LOS objects, 23% free, 53MB/69MB, paused 801us total 38.675ms
08-06 04:28:43.838 14033 14123 I art     : Starting a blocking GC Explicit
08-06 04:28:43.869 14033 14123 I art     : Explicit concurrent mark sweep GC freed 20(704B) AllocSpace objects, 0(0B) LOS objects, 23% free, 53MB/69MB, paused 750us total 30.307ms
08-06 04:28:43.881 14033 14123 I art     : Starting a blocking GC Explicit
08-06 04:28:43.911 14033 14123 I art     : Explicit concurrent mark sweep GC freed 3(96B) AllocSpace objects, 0(0B) LOS objects, 23% free, 53MB/69MB, paused 758us total 30.249ms
08-06 04:28:43.923 14033 14123 I art     : Starting a blocking GC Explicit
08-06 04:28:43.953 14033 14123 I art     : Explicit concurrent mark sweep GC freed 3(96B) AllocSpace objects, 0(0B) LOS objects, 23% free, 53MB/69MB, paused 817us total 30.150ms
08-06 04:28:43.965 14033 14123 I art     : Starting a blocking GC Explicit
08-06 04:28:43.995 14033 14123 I art     : Explicit concurrent mark sweep GC freed 3(96B) AllocSpace objects, 0(0B) LOS objects, 23% free, 53MB/69MB, paused 759us total 30.112ms
08-06 04:28:44.305 14033 16788 I art     : Starting a blocking GC Explicit
08-06 04:28:44.342 14033 16788 I art     : Explicit concurrent mark sweep GC freed 1344(78KB) AllocSpace objects, 1(20KB) LOS objects, 23% free, 53MB/69MB, paused 786us total 36.231ms
08-06 04:28:44.356 14033 16788 I art     : Starting a blocking GC Explicit
08-06 04:28:44.386 14033 16788 I art     : Explicit concurrent mark sweep GC freed 20(704B) AllocSpace objects, 0(0B) LOS objects, 23% free, 53MB/69MB, paused 816us total 30.239ms
08-06 04:28:44.398 14033 16788 I art     : Starting a blocking GC Explicit
08-06 04:28:44.428 14033 16788 I art     : Explicit concurrent mark sweep GC freed 3(96B) AllocSpace objects, 0(0B) LOS objects, 23% free, 53MB/69MB, paused 780us total 30.129ms
08-06 04:28:44.440 14033 16788 I art     : Starting a blocking GC Explicit
08-06 04:28:44.470 14033 16788 I art     : Explicit concurrent mark sweep GC freed 3(96B) AllocSpace objects, 0(0B) LOS objects, 23% free, 53MB/69MB, paused 735us total 29.937ms
08-06 04:28:44.482 14033 16788 I art     : Starting a blocking GC Explicit
08-06 04:28:44.512 14033 16788 I art     : Explicit concurrent mark sweep GC freed 3(96B) AllocSpace objects, 0(0B) LOS objects, 23% free, 53MB/69MB, paused 732us total 30.258ms
08-06 04:28:44.847 14033 14046 I art     : Starting a blocking GC Explicit
08-06 04:28:44.881 14033 14046 I art     : Explicit concurrent mark sweep GC freed 1344(78KB) AllocSpace objects, 1(20KB) LOS objects, 23% free, 53MB/69MB, paused 742us total 33.780ms
08-06 04:28:44.893 14033 14046 I art     : Starting a blocking GC Explicit
08-06 04:28:44.927 14033 14046 I art     : Explicit concurrent mark sweep GC freed 20(704B) AllocSpace objects, 0(0B) LOS objects, 23% free, 53MB/69MB, paused 775us total 33.117ms
08-06 04:28:44.939 14033 14046 I art     : Starting a blocking GC Explicit
08-06 04:28:44.972 14033 14046 I art     : Explicit concurrent mark sweep GC freed 3(96B) AllocSpace objects, 0(0B) LOS objects, 23% free, 53MB/69MB, paused 723us total 32.516ms
08-06 04:28:44.983 14033 14046 I art     : Starting a blocking GC Explicit
08-06 04:28:45.015 14033 14046 I art     : Explicit concurrent mark sweep GC freed 3(96B) AllocSpace objects, 0(0B) LOS objects, 23% free, 53MB/69MB, paused 779us total 31.389ms
08-06 04:28:45.027 14033 14046 I art     : Starting a blocking GC Explicit
08-06 04:28:45.061 14033 14046 I art     : Explicit concurrent mark sweep GC freed 3(96B) AllocSpace objects, 0(0B) LOS objects, 23% free, 53MB/69MB, paused 759us total 33.309ms
08-06 04:28:45.402 14033 14045 I art     : Starting a blocking GC Explicit
08-06 04:28:45.443 14033 14045 I art     : Explicit concurrent mark sweep GC freed 1344(78KB) AllocSpace objects, 1(20KB) LOS objects, 23% free, 53MB/69MB, paused 802us total 40.406ms
08-06 04:28:45.457 14033 14045 I art     : Starting a blocking GC Explicit
08-06 04:28:45.489 14033 14045 I art     : Explicit concurrent mark sweep GC freed 20(704B) AllocSpace objects, 0(0B) LOS objects, 23% free, 53MB/69MB, paused 811us total 31.595ms
08-06 04:28:45.501 14033 14045 I art     : Starting a blocking GC Explicit
08-06 04:28:45.534 14033 14045 I art     : Explicit concurrent mark sweep GC freed 3(96B) AllocSpace objects, 0(0B) LOS objects, 23% free, 53MB/69MB, paused 753us total 32.651ms
08-06 04:28:45.546 14033 14045 I art     : Starting a blocking GC Explicit
08-06 04:28:45.579 14033 14045 I art     : Explicit concurrent mark sweep GC freed 3(96B) AllocSpace objects, 0(0B) LOS objects, 23% free, 53MB/69MB, paused 690us total 32.958ms
08-06 04:28:45.591 14033 14045 I art     : Starting a blocking GC Explicit
08-06 04:28:45.623 14033 14045 I art     : Explicit concurrent mark sweep GC freed 3(96B) AllocSpace objects, 0(0B) LOS objects, 23% free, 53MB/69MB, paused 762us total 31.136ms
08-06 04:28:45.957 14033 14124 I art     : Starting a blocking GC Explicit
08-06 04:28:45.996 14033 14124 I art     : Explicit concurrent mark sweep GC freed 1344(78KB) AllocSpace objects, 1(20KB) LOS objects, 23% free, 53MB/69MB, paused 831us total 38.799ms
08-06 04:28:46.010 14033 14124 I art     : Starting a blocking GC Explicit
08-06 04:28:46.043 14033 14124 I art     : Explicit concurrent mark sweep GC freed 20(704B) AllocSpace objects, 0(0B) LOS objects, 23% free, 53MB/69MB, paused 761us total 32.607ms
08-06 04:28:46.055 14033 14124 I art     : Starting a blocking GC Explicit
08-06 04:28:46.087 14033 14124 I art     : Explicit concurrent mark sweep GC freed 3(96B) AllocSpace objects, 0(0B) LOS objects, 23% free, 53MB/69MB, paused 803us total 31.979ms
08-06 04:28:46.099 14033 14124 I art     : Starting a blocking GC Explicit
08-06 04:28:46.130 14033 14124 I art     : Explicit concurrent mark sweep GC freed 3(96B) AllocSpace objects, 0(0B) LOS objects, 23% free, 53MB/69MB, paused 774us total 31.443ms
08-06 04:28:46.142 14033 14124 I art     : Starting a blocking GC Explicit
08-06 04:28:46.176 14033 14124 I art     : Explicit concurrent mark sweep GC freed 3(96B) AllocSpace objects, 0(0B) LOS objects, 23% free, 53MB/69MB, paused 756us total 33.089ms
08-06 04:28:46.515 14033 14123 I art     : Starting a blocking GC Explicit
08-06 04:28:46.553 14033 14123 I art     : Explicit concurrent mark sweep GC freed 1344(78KB) AllocSpace objects, 1(20KB) LOS objects, 23% free, 53MB/69MB, paused 808us total 37.761ms
08-06 04:28:46.567 14033 14123 I art     : Starting a blocking GC Explicit
08-06 04:28:46.598 14033 14123 I art     : Explicit concurrent mark sweep GC freed 20(704B) AllocSpace objects, 0(0B) LOS objects, 23% free, 53MB/69MB, paused 805us total 30.372ms
08-06 04:28:46.610 14033 14123 I art     : Starting a blocking GC Explicit
08-06 04:28:46.643 14033 14123 I art     : Explicit concurrent mark sweep GC freed 3(96B) AllocSpace objects, 0(0B) LOS objects, 23% free, 53MB/69MB, paused 747us total 32.735ms
08-06 04:28:46.655 14033 14123 I art     : Starting a blocking GC Explicit
08-06 04:28:46.688 14033 14123 I art     : Explicit concurrent mark sweep GC freed 3(96B) AllocSpace objects, 0(0B) LOS objects, 23% free, 53MB/69MB, paused 809us total 32.979ms
08-06 04:28:46.700 14033 14123 I art     : Starting a blocking GC Explicit
08-06 04:28:46.731 14033 14123 I art     : Explicit concurrent mark sweep GC freed 3(96B) AllocSpace objects, 0(0B) LOS objects, 23% free, 53MB/69MB, paused 726us total 30.762ms
08-06 04:28:46.983   518   646 I ThermalEngine: ACTION: GPU - Setting GPU[0] to 510000000
08-06 04:28:47.086 14033 16788 I art     : Starting a blocking GC Explicit
08-06 04:28:47.117 14033 16788 I art     : Explicit concurrent mark sweep GC freed 1344(78KB) AllocSpace objects, 1(20KB) LOS objects, 23% free, 53MB/69MB, paused 604us total 30.528ms
08-06 04:28:47.129 14033 16788 I art     : Starting a blocking GC Explicit
08-06 04:28:47.153 14033 16788 I art     : Explicit concurrent mark sweep GC freed 20(704B) AllocSpace objects, 0(0B) LOS objects, 23% free, 53MB/69MB, paused 567us total 24.576ms
08-06 04:28:47.163 14033 16788 I art     : Starting a blocking GC Explicit
08-06 04:28:47.188 14033 16788 I art     : Explicit concurrent mark sweep GC freed 3(96B) AllocSpace objects, 0(0B) LOS objects, 23% free, 53MB/69MB, paused 590us total 24.710ms
08-06 04:28:47.197 14033 16788 I art     : Starting a blocking GC Explicit
08-06 04:28:47.221 14033 16788 I art     : Explicit concurrent mark sweep GC freed 3(96B) AllocSpace objects, 0(0B) LOS objects, 23% free, 53MB/69MB, paused 537us total 23.630ms
08-06 04:28:47.230 14033 16788 I art     : Starting a blocking GC Explicit
08-06 04:28:47.253 14033 16788 I art     : Explicit concurrent mark sweep GC freed 3(96B) AllocSpace objects, 0(0B) LOS objects, 23% free, 53MB/69MB, paused 536us total 23.052ms
08-06 04:28:47.561 14033 14046 I art     : Starting a blocking GC Explicit
08-06 04:28:47.590 14033 14046 I art     : Explicit concurrent mark sweep GC freed 1344(78KB) AllocSpace objects, 1(20KB) LOS objects, 23% free, 53MB/69MB, paused 581us total 28.937ms
08-06 04:28:47.599 14033 14046 I art     : Starting a blocking GC Explicit
08-06 04:28:47.623 14033 14046 I art     : Explicit concurrent mark sweep GC freed 20(704B) AllocSpace objects, 0(0B) LOS objects, 23% free, 53MB/69MB, paused 571us total 23.943ms
08-06 04:28:47.632 14033 14046 I art     : Starting a blocking GC Explicit
08-06 04:28:47.655 14033 14046 I art     : Explicit concurrent mark sweep GC freed 3(96B) AllocSpace objects, 0(0B) LOS objects, 23% free, 53MB/69MB, paused 566us total 22.575ms
08-06 04:28:47.664 14033 14046 I art     : Starting a blocking GC Explicit
08-06 04:28:47.671 18375 18375 D AndroidRuntime: >>>>>> START com.android.internal.os.RuntimeInit uid 2000 <<<<<<
08-06 04:28:47.676 18375 18375 D AndroidRuntime: CheckJNI is OFF
08-06 04:28:47.686 14033 14046 I art     : Explicit concurrent mark sweep GC freed 3(96B) AllocSpace objects, 0(0B) LOS objects, 23% free, 53MB/69MB, paused 539us total 22.640ms
08-06 04:28:47.695 14033 14046 I art     : Starting a blocking GC Explicit
08-06 04:28:47.712 18375 18375 D ICU     : No timezone override file found: /data/misc/zoneinfo/current/icu/icu_tzdata.dat
08-06 04:28:47.718 14033 14046 I art     : Explicit concurrent mark sweep GC freed 3(96B) AllocSpace objects, 0(0B) LOS objects, 23% free, 53MB/69MB, paused 709us total 22.925ms
08-06 04:28:47.746 18375 18375 I Radio-JNI: register_android_hardware_Radio DONE
08-06 04:28:47.768 18375 18375 D AndroidRuntime: Calling main entry com.android.commands.input.Input
08-06 04:28:47.770 18375 18375 I Input   : injectMotionEvent: MotionEvent { action=ACTION_DOWN, actionButton=0, id[0]=0, x[0]=255.0, y[0]=1845.0, toolType[0]=TOOL_TYPE_UNKNOWN, buttonState=0, metaState=0, flags=0x0, edgeFlags=0x0, pointerCount=1, historySize=0, eventTime=851344182, downTime=851344182, deviceId=0, source=0x1002 }
08-06 04:28:47.776 18375 18375 I Input   : injectMotionEvent: MotionEvent { action=ACTION_UP, actionButton=0, id[0]=0, x[0]=255.0, y[0]=1845.0, toolType[0]=TOOL_TYPE_UNKNOWN, buttonState=0, metaState=0, flags=0x0, edgeFlags=0x0, pointerCount=1, historySize=0, eventTime=851344182, downTime=851344182, deviceId=0, source=0x1002 }
08-06 04:28:47.778   918  6111 I ActivityManager: START u0 {cmp=baseline.appteam.nith.hillffair/.activities.ClubActivity (has extras)} from uid 10697 on display 0
08-06 04:28:47.787 18375 18375 D AndroidRuntime: Shutting down VM
08-06 04:28:47.874 14033 14033 I NAPPA_EXPERIMENTATION: MetricNetworkRequestExecutionTime: REQUEST_DURATION_SYSTEM='62',REQUEST_DURATION_OKHTTP='39',REQUEST_SYNCHRONOUS='FALSE',RESPONSE_CODE='200',RESPONSE_METHOD='GET',RESPONSE_LENGTH_OKHTTP='1171',RESPONSE_LENGTH_HEADER='-2',REQUEST_PROTOCOL='http/1.1',REQUEST_URL='https://api-hillfair-2k16.herokuapp.com/api/app/club/Technical%20Committee',
08-06 04:28:47.883   918   936 I ActivityManager: Displayed baseline.appteam.nith.hillffair/.activities.ClubActivity: +96ms
08-06 04:28:47.883 13866 13866 I GoogleInputMethodServic: GoogleInputMethodService.onFinishInput():3138 
08-06 04:28:47.884 13866 13866 I GoogleInputMethodServic: GoogleInputMethodService.onStartInput():1808 
08-06 04:28:47.978 14033 14124 I art     : Starting a blocking GC Explicit
08-06 04:28:48.006 14033 14124 I art     : Explicit concurrent mark sweep GC freed 5748(415KB) AllocSpace objects, 1(20KB) LOS objects, 22% free, 53MB/69MB, paused 667us total 27.879ms
08-06 04:28:48.016 14033 14124 I art     : Starting a blocking GC Explicit
08-06 04:28:48.045 14033 14124 I art     : Explicit concurrent mark sweep GC freed 282(12KB) AllocSpace objects, 0(0B) LOS objects, 22% free, 53MB/69MB, paused 523us total 28.831ms
08-06 04:28:48.056 14033 14124 I art     : Starting a blocking GC Explicit
08-06 04:28:48.084 14033 14124 I art     : Explicit concurrent mark sweep GC freed 3(96B) AllocSpace objects, 0(0B) LOS objects, 22% free, 53MB/69MB, paused 602us total 27.247ms
08-06 04:28:48.095 14033 14124 I art     : Starting a blocking GC Explicit
08-06 04:28:48.120   380   380 W SurfaceFlinger: couldn't log to binary event log: overflow.
08-06 04:28:48.124 14033 14124 I art     : Explicit concurrent mark sweep GC freed 3(96B) AllocSpace objects, 0(0B) LOS objects, 22% free, 53MB/69MB, paused 591us total 29.118ms
08-06 04:28:48.136 14033 14124 I art     : Starting a blocking GC Explicit
08-06 04:28:48.157 14033 14124 I art     : Explicit concurrent mark sweep GC freed 3(96B) AllocSpace objects, 0(0B) LOS objects, 22% free, 53MB/69MB, paused 515us total 20.202ms
08-06 04:28:48.437 14033 14046 I art     : Starting a blocking GC Explicit
08-06 04:28:48.469 14033 14046 I art     : Explicit concurrent mark sweep GC freed 1449(84KB) AllocSpace objects, 1(20KB) LOS objects, 22% free, 53MB/69MB, paused 687us total 31.280ms
08-06 04:28:48.483 14033 14046 I art     : Starting a blocking GC Explicit
08-06 04:28:48.508 14033 14046 I art     : Explicit concurrent mark sweep GC freed 36(1264B) AllocSpace objects, 0(0B) LOS objects, 22% free, 53MB/69MB, paused 602us total 24.982ms
08-06 04:28:48.517 14033 14046 I art     : Starting a blocking GC Explicit
08-06 04:28:48.542 14033 14046 I art     : Explicit concurrent mark sweep GC freed 3(96B) AllocSpace objects, 0(0B) LOS objects, 22% free, 53MB/69MB, paused 581us total 24.673ms
08-06 04:28:48.551 14033 14046 I art     : Starting a blocking GC Explicit
08-06 04:28:48.576 14033 14046 I art     : Explicit concurrent mark sweep GC freed 3(96B) AllocSpace objects, 0(0B) LOS objects, 22% free, 53MB/69MB, paused 583us total 24.607ms
08-06 04:28:48.586 14033 14046 I art     : Starting a blocking GC Explicit
08-06 04:28:48.611 14033 14046 I art     : Explicit concurrent mark sweep GC freed 3(96B) AllocSpace objects, 0(0B) LOS objects, 22% free, 53MB/69MB, paused 599us total 25.566ms
08-06 04:28:48.902 14033 14045 I art     : Starting a blocking GC Explicit
08-06 04:28:48.934 14033 14045 I art     : Explicit concurrent mark sweep GC freed 1344(78KB) AllocSpace objects, 1(20KB) LOS objects, 22% free, 53MB/69MB, paused 861us total 31.827ms
08-06 04:28:48.944 14033 14045 I art     : Starting a blocking GC Explicit
08-06 04:28:48.969 14033 14045 I art     : Explicit concurrent mark sweep GC freed 20(704B) AllocSpace objects, 0(0B) LOS objects, 22% free, 53MB/69MB, paused 563us total 24.905ms
08-06 04:28:48.978 14033 14045 I art     : Starting a blocking GC Explicit
08-06 04:28:49.003 14033 14045 I art     : Explicit concurrent mark sweep GC freed 3(96B) AllocSpace objects, 0(0B) LOS objects, 22% free, 53MB/69MB, paused 560us total 24.255ms
08-06 04:28:49.012 14033 14045 I art     : Starting a blocking GC Explicit
08-06 04:28:49.037 14033 14045 I art     : Explicit concurrent mark sweep GC freed 3(96B) AllocSpace objects, 0(0B) LOS objects, 22% free, 53MB/69MB, paused 682us total 24.908ms
08-06 04:28:49.046 14033 14045 I art     : Starting a blocking GC Explicit
08-06 04:28:49.072 14033 14045 I art     : Explicit concurrent mark sweep GC freed 3(96B) AllocSpace objects, 0(0B) LOS objects, 22% free, 53MB/69MB, paused 573us total 25.249ms
08-06 04:28:49.381 14033 14123 I art     : Starting a blocking GC Explicit
08-06 04:28:49.413 14033 14123 I art     : Explicit concurrent mark sweep GC freed 1344(78KB) AllocSpace objects, 1(20KB) LOS objects, 22% free, 53MB/69MB, paused 642us total 32.023ms
08-06 04:28:49.424 14033 14123 I art     : Starting a blocking GC Explicit
08-06 04:28:49.450 14033 14123 I art     : Explicit concurrent mark sweep GC freed 20(704B) AllocSpace objects, 0(0B) LOS objects, 22% free, 53MB/69MB, paused 594us total 25.654ms
08-06 04:28:49.460 14033 14123 I art     : Starting a blocking GC Explicit
08-06 04:28:49.485 14033 14123 I art     : Explicit concurrent mark sweep GC freed 3(96B) AllocSpace objects, 0(0B) LOS objects, 22% free, 53MB/69MB, paused 648us total 24.907ms
08-06 04:28:49.495 14033 14123 I art     : Starting a blocking GC Explicit
08-06 04:28:49.520 14033 14123 I art     : Explicit concurrent mark sweep GC freed 3(96B) AllocSpace objects, 0(0B) LOS objects, 22% free, 53MB/69MB, paused 587us total 25.030ms
08-06 04:28:49.529 14033 14123 I art     : Starting a blocking GC Explicit
08-06 04:28:49.554 14033 14123 I art     : Explicit concurrent mark sweep GC freed 3(96B) AllocSpace objects, 0(0B) LOS objects, 22% free, 53MB/69MB, paused 601us total 25.049ms
08-06 04:28:49.874 14033 14124 I art     : Starting a blocking GC Explicit
08-06 04:28:49.906 14033 14124 I art     : Explicit concurrent mark sweep GC freed 1344(78KB) AllocSpace objects, 1(20KB) LOS objects, 22% free, 53MB/69MB, paused 621us total 31.406ms
08-06 04:28:49.921 14033 14124 I art     : Starting a blocking GC Explicit
08-06 04:28:49.949 14033 14124 I art     : Explicit concurrent mark sweep GC freed 20(704B) AllocSpace objects, 0(0B) LOS objects, 22% free, 53MB/69MB, paused 593us total 27.617ms
08-06 04:28:49.958 14033 14124 I art     : Starting a blocking GC Explicit
08-06 04:28:49.984 14033 14124 I art     : Explicit concurrent mark sweep GC freed 3(96B) AllocSpace objects, 0(0B) LOS objects, 22% free, 53MB/69MB, paused 579us total 25.287ms
08-06 04:28:49.993 14033 14124 I art     : Starting a blocking GC Explicit
08-06 04:28:50.019 14033 14124 I art     : Explicit concurrent mark sweep GC freed 3(96B) AllocSpace objects, 0(0B) LOS objects, 22% free, 53MB/69MB, paused 576us total 25.263ms
08-06 04:28:50.028 14033 14124 I art     : Starting a blocking GC Explicit
08-06 04:28:50.054 14033 14124 I art     : Explicit concurrent mark sweep GC freed 3(96B) AllocSpace objects, 0(0B) LOS objects, 22% free, 53MB/69MB, paused 577us total 25.176ms
08-06 04:28:50.374 14033 16788 I art     : Starting a blocking GC Explicit
08-06 04:28:50.410 14033 16788 I art     : Explicit concurrent mark sweep GC freed 1344(78KB) AllocSpace objects, 1(20KB) LOS objects, 22% free, 53MB/69MB, paused 724us total 34.780ms
08-06 04:28:50.423 14033 16788 I art     : Starting a blocking GC Explicit
08-06 04:28:50.449 14033 16788 I art     : Explicit concurrent mark sweep GC freed 20(704B) AllocSpace objects, 0(0B) LOS objects, 22% free, 53MB/69MB, paused 581us total 25.485ms
08-06 04:28:50.458 14033 16788 I art     : Starting a blocking GC Explicit
08-06 04:28:50.484 14033 16788 I art     : Explicit concurrent mark sweep GC freed 3(96B) AllocSpace objects, 0(0B) LOS objects, 22% free, 53MB/69MB, paused 573us total 25.012ms
08-06 04:28:50.493 14033 16788 I art     : Starting a blocking GC Explicit
08-06 04:28:50.519 14033 16788 I art     : Explicit concurrent mark sweep GC freed 3(96B) AllocSpace objects, 0(0B) LOS objects, 22% free, 53MB/69MB, paused 596us total 25.750ms
08-06 04:28:50.529 14033 16788 I art     : Starting a blocking GC Explicit
08-06 04:28:50.554 14033 16788 I art     : Explicit concurrent mark sweep GC freed 3(96B) AllocSpace objects, 0(0B) LOS objects, 22% free, 53MB/69MB, paused 578us total 25.499ms
08-06 04:28:50.860 14033 14046 I art     : Starting a blocking GC Explicit
08-06 04:28:50.892 14033 14046 I art     : Explicit concurrent mark sweep GC freed 1344(78KB) AllocSpace objects, 1(20KB) LOS objects, 22% free, 53MB/69MB, paused 645us total 31.067ms
08-06 04:28:50.904 14033 14046 I art     : Starting a blocking GC Explicit
08-06 04:28:50.930 14033 14046 I art     : Explicit concurrent mark sweep GC freed 20(704B) AllocSpace objects, 0(0B) LOS objects, 22% free, 53MB/69MB, paused 598us total 25.482ms
08-06 04:28:50.939 14033 14046 I art     : Starting a blocking GC Explicit
08-06 04:28:50.965 14033 14046 I art     : Explicit concurrent mark sweep GC freed 3(96B) AllocSpace objects, 0(0B) LOS objects, 22% free, 53MB/69MB, paused 587us total 25.688ms
08-06 04:28:50.975 14033 14046 I art     : Starting a blocking GC Explicit
08-06 04:28:51.000 14033 14046 I art     : Explicit concurrent mark sweep GC freed 3(96B) AllocSpace objects, 0(0B) LOS objects, 22% free, 53MB/69MB, paused 585us total 25.098ms
08-06 04:28:51.009 14033 14046 I art     : Starting a blocking GC Explicit
08-06 04:28:51.035 14033 14046 I art     : Explicit concurrent mark sweep GC freed 3(96B) AllocSpace objects, 0(0B) LOS objects, 22% free, 53MB/69MB, paused 592us total 25.575ms
08-06 04:28:51.355 14033 14045 I art     : Starting a blocking GC Explicit
08-06 04:28:51.387 14033 14045 I art     : Explicit concurrent mark sweep GC freed 1344(78KB) AllocSpace objects, 1(20KB) LOS objects, 22% free, 53MB/69MB, paused 615us total 31.860ms
08-06 04:28:51.402 14033 14045 I art     : Starting a blocking GC Explicit
08-06 04:28:51.427 14033 14045 I art     : Explicit concurrent mark sweep GC freed 20(704B) AllocSpace objects, 0(0B) LOS objects, 22% free, 53MB/69MB, paused 629us total 24.213ms
08-06 04:28:51.436 14033 14045 I art     : Starting a blocking GC Explicit
08-06 04:28:51.461 14033 14045 I art     : Explicit concurrent mark sweep GC freed 3(96B) AllocSpace objects, 0(0B) LOS objects, 22% free, 53MB/69MB, paused 568us total 24.628ms
08-06 04:28:51.470 14033 14045 I art     : Starting a blocking GC Explicit
08-06 04:28:51.495 14033 14045 I art     : Explicit concurrent mark sweep GC freed 3(96B) AllocSpace objects, 0(0B) LOS objects, 22% free, 53MB/69MB, paused 571us total 25.144ms
08-06 04:28:51.505 14033 14045 I art     : Starting a blocking GC Explicit
08-06 04:28:51.530 14033 14045 I art     : Explicit concurrent mark sweep GC freed 3(96B) AllocSpace objects, 0(0B) LOS objects, 22% free, 53MB/69MB, paused 591us total 24.679ms
08-06 04:28:51.843 14033 14123 I art     : Starting a blocking GC Explicit
08-06 04:28:51.874 14033 14123 I art     : Explicit concurrent mark sweep GC freed 1344(78KB) AllocSpace objects, 1(20KB) LOS objects, 22% free, 53MB/69MB, paused 637us total 31.495ms
08-06 04:28:51.888 14033 14123 I art     : Starting a blocking GC Explicit
08-06 04:28:51.912 14033 14123 I art     : Explicit concurrent mark sweep GC freed 20(704B) AllocSpace objects, 0(0B) LOS objects, 22% free, 53MB/69MB, paused 598us total 24.278ms
08-06 04:28:51.921 14033 14123 I art     : Starting a blocking GC Explicit
08-06 04:28:51.946 14033 14123 I art     : Explicit concurrent mark sweep GC freed 3(96B) AllocSpace objects, 0(0B) LOS objects, 22% free, 53MB/69MB, paused 581us total 24.659ms
08-06 04:28:51.955 14033 14123 I art     : Starting a blocking GC Explicit
08-06 04:28:51.981 14033 14123 I art     : Explicit concurrent mark sweep GC freed 3(96B) AllocSpace objects, 0(0B) LOS objects, 22% free, 53MB/69MB, paused 571us total 25.067ms
08-06 04:28:51.990 14033 14123 I art     : Starting a blocking GC Explicit
08-06 04:28:52.015 14033 14123 I art     : Explicit concurrent mark sweep GC freed 3(96B) AllocSpace objects, 0(0B) LOS objects, 22% free, 53MB/69MB, paused 566us total 24.329ms
08-06 04:28:52.041   918   918 I ActivityManager: Start proc 18491:nappatfpr.com.newsblur/u0a704 for service nappatfpr.com.newsblur/.service.NBSyncService
08-06 04:28:52.043 18491 18491 I art     : Late-enabling -Xcheck:jni
08-06 04:28:52.104 18491 18491 W System  : ClassLoader referenced unknown path: /data/app/nappatfpr.com.newsblur-1/lib/arm64
08-06 04:28:52.139   918  5481 I ActivityManager: Killing 12173:nappagreedy.com.newsblur/u0a701 (adj 15): empty #17
08-06 04:28:52.289 14033 14124 I art     : Starting a blocking GC Explicit
08-06 04:28:52.314 14033 14124 I art     : Explicit concurrent mark sweep GC freed 1365(79KB) AllocSpace objects, 1(20KB) LOS objects, 22% free, 53MB/69MB, paused 572us total 24.667ms
08-06 04:28:52.323 14033 14124 I art     : Starting a blocking GC Explicit
08-06 04:28:52.346 14033 14124 I art     : Explicit concurrent mark sweep GC freed 36(1216B) AllocSpace objects, 0(0B) LOS objects, 22% free, 53MB/69MB, paused 534us total 22.892ms
08-06 04:28:52.354 14033 14124 I art     : Starting a blocking GC Explicit
08-06 04:28:52.376 14033 14124 I art     : Explicit concurrent mark sweep GC freed 3(96B) AllocSpace objects, 0(0B) LOS objects, 22% free, 53MB/69MB, paused 541us total 21.792ms
08-06 04:28:52.385 14033 14124 I art     : Starting a blocking GC Explicit
08-06 04:28:52.409 14033 14124 I art     : Explicit concurrent mark sweep GC freed 3(96B) AllocSpace objects, 0(0B) LOS objects, 22% free, 53MB/69MB, paused 577us total 23.758ms
08-06 04:28:52.418 14033 14124 I art     : Starting a blocking GC Explicit
08-06 04:28:52.441 14033 14124 I art     : Explicit concurrent mark sweep GC freed 3(96B) AllocSpace objects, 0(0B) LOS objects, 22% free, 53MB/69MB, paused 545us total 22.942ms
08-06 04:28:52.471 18489 18489 D AndroidRuntime: >>>>>> START com.android.internal.os.RuntimeInit uid 2000 <<<<<<
08-06 04:28:52.476 18489 18489 D AndroidRuntime: CheckJNI is OFF
08-06 04:28:52.508 18489 18489 D ICU     : No timezone override file found: /data/misc/zoneinfo/current/icu/icu_tzdata.dat
08-06 04:28:52.542 18489 18489 I Radio-JNI: register_android_hardware_Radio DONE
08-06 04:28:52.564 18489 18489 D AndroidRuntime: Calling main entry com.android.commands.input.Input
08-06 04:28:52.566 18489 18489 I Input   : injectKeyEvent: KeyEvent { action=ACTION_DOWN, keyCode=KEYCODE_BACK, scanCode=0, metaState=0, flags=0x0, repeatCount=0, eventTime=851348979, downTime=851348979, deviceId=-1, source=0x101 }
08-06 04:28:52.572 18489 18489 I Input   : injectKeyEvent: KeyEvent { action=ACTION_UP, keyCode=KEYCODE_BACK, scanCode=0, metaState=0, flags=0x0, repeatCount=0, eventTime=851348979, downTime=851348979, deviceId=-1, source=0x101 }
08-06 04:28:52.578 18489 18489 D AndroidRuntime: Shutting down VM
08-06 04:28:52.617 13866 13866 I GoogleInputMethodServic: GoogleInputMethodService.onFinishInput():3138 
08-06 04:28:52.618 13866 13866 I GoogleInputMethodServic: GoogleInputMethodService.onStartInput():1808 
08-06 04:28:52.695 14033 14124 I art     : Starting a blocking GC Explicit
08-06 04:28:52.716 14033 14124 I art     : Explicit concurrent mark sweep GC freed 1526(86KB) AllocSpace objects, 1(20KB) LOS objects, 22% free, 53MB/69MB, paused 502us total 20.856ms
08-06 04:28:52.726 14033 14124 I art     : Starting a blocking GC Explicit
08-06 04:28:52.753 14033 14124 I art     : Explicit concurrent mark sweep GC freed 26(944B) AllocSpace objects, 0(0B) LOS objects, 22% free, 53MB/69MB, paused 504us total 26.402ms
08-06 04:28:52.761 14033 14124 I art     : Starting a blocking GC Explicit
08-06 04:28:52.784 14033 14124 I art     : Explicit concurrent mark sweep GC freed 3(96B) AllocSpace objects, 0(0B) LOS objects, 22% free, 53MB/69MB, paused 491us total 22.541ms
08-06 04:28:52.793 14033 14124 I art     : Starting a blocking GC Explicit
08-06 04:28:52.817 14033 14124 I art     : Explicit concurrent mark sweep GC freed 3(96B) AllocSpace objects, 0(0B) LOS objects, 22% free, 53MB/69MB, paused 505us total 24.371ms
08-06 04:28:52.826 14033 14124 I art     : Starting a blocking GC Explicit
08-06 04:28:52.849 14033 14124 I art     : Explicit concurrent mark sweep GC freed 3(96B) AllocSpace objects, 0(0B) LOS objects, 22% free, 53MB/69MB, paused 659us total 23.058ms
08-06 04:28:52.908   380   380 W SurfaceFlinger: couldn't log to binary event log: overflow.
08-06 04:28:53.095 14033 14124 I art     : Starting a blocking GC Explicit
08-06 04:28:53.127 14033 14124 I art     : Explicit concurrent mark sweep GC freed 1453(86KB) AllocSpace objects, 1(20KB) LOS objects, 22% free, 53MB/69MB, paused 742us total 32.009ms
08-06 04:28:53.141 14033 14124 I art     : Starting a blocking GC Explicit
08-06 04:28:53.170 14033 14124 I art     : Explicit concurrent mark sweep GC freed 1670(108KB) AllocSpace objects, 3(180KB) LOS objects, 23% free, 53MB/69MB, paused 555us total 28.650ms
08-06 04:28:53.179 14033 14124 I art     : Starting a blocking GC Explicit
08-06 04:28:53.204 14033 14124 I art     : Explicit concurrent mark sweep GC freed 3(96B) AllocSpace objects, 0(0B) LOS objects, 23% free, 53MB/69MB, paused 549us total 24.733ms
08-06 04:28:53.213 14033 14124 I art     : Starting a blocking GC Explicit
08-06 04:28:53.238 14033 14124 I art     : Explicit concurrent mark sweep GC freed 3(96B) AllocSpace objects, 0(0B) LOS objects, 23% free, 53MB/69MB, paused 573us total 24.261ms
08-06 04:28:53.247 14033 14124 I art     : Starting a blocking GC Explicit
08-06 04:28:53.271 14033 14124 I art     : Explicit concurrent mark sweep GC freed 3(96B) AllocSpace objects, 0(0B) LOS objects, 23% free, 53MB/69MB, paused 532us total 24.128ms
08-06 04:28:53.565 14033 14123 I art     : Starting a blocking GC Explicit
08-06 04:28:53.595 14033 14123 I art     : Explicit concurrent mark sweep GC freed 1344(78KB) AllocSpace objects, 1(20KB) LOS objects, 23% free, 53MB/69MB, paused 621us total 29.761ms
08-06 04:28:53.608 14033 14123 I art     : Starting a blocking GC Explicit
08-06 04:28:53.632 14033 14123 I art     : Explicit concurrent mark sweep GC freed 20(704B) AllocSpace objects, 0(0B) LOS objects, 23% free, 53MB/69MB, paused 591us total 24.158ms
08-06 04:28:53.641 14033 14123 I art     : Starting a blocking GC Explicit
08-06 04:28:53.666 14033 14123 I art     : Explicit concurrent mark sweep GC freed 3(96B) AllocSpace objects, 0(0B) LOS objects, 23% free, 53MB/69MB, paused 570us total 24.338ms
08-06 04:28:53.675 14033 14123 I art     : Starting a blocking GC Explicit
08-06 04:28:53.700 14033 14123 I art     : Explicit concurrent mark sweep GC freed 3(96B) AllocSpace objects, 0(0B) LOS objects, 23% free, 53MB/69MB, paused 574us total 24.691ms
08-06 04:28:53.709 14033 14123 I art     : Starting a blocking GC Explicit
08-06 04:28:53.734 14033 14123 I art     : Explicit concurrent mark sweep GC freed 3(96B) AllocSpace objects, 0(0B) LOS objects, 23% free, 53MB/69MB, paused 657us total 24.767ms
08-06 04:28:54.005 14033 16788 I art     : Starting a blocking GC Explicit
08-06 04:28:54.032 14033 16788 I art     : Explicit concurrent mark sweep GC freed 1344(78KB) AllocSpace objects, 1(20KB) LOS objects, 23% free, 53MB/69MB, paused 770us total 25.743ms
08-06 04:28:54.046 14033 16788 I art     : Starting a blocking GC Explicit
08-06 04:28:54.069 14033 16788 I art     : Explicit concurrent mark sweep GC freed 20(704B) AllocSpace objects, 0(0B) LOS objects, 23% free, 53MB/69MB, paused 573us total 23.206ms
08-06 04:28:54.078 14033 16788 I art     : Starting a blocking GC Explicit
08-06 04:28:54.101 14033 16788 I art     : Explicit concurrent mark sweep GC freed 3(96B) AllocSpace objects, 0(0B) LOS objects, 23% free, 53MB/69MB, paused 553us total 22.823ms
08-06 04:28:54.110 14033 16788 I art     : Starting a blocking GC Explicit
08-06 04:28:54.133 14033 16788 I art     : Explicit concurrent mark sweep GC freed 3(96B) AllocSpace objects, 0(0B) LOS objects, 23% free, 53MB/69MB, paused 559us total 22.921ms
08-06 04:28:54.142 14033 16788 I art     : Starting a blocking GC Explicit
08-06 04:28:54.165 14033 16788 I art     : Explicit concurrent mark sweep GC freed 3(96B) AllocSpace objects, 0(0B) LOS objects, 23% free, 53MB/69MB, paused 548us total 23.113ms
08-06 04:28:54.264 18558 18558 D AndroidRuntime: >>>>>> START com.android.internal.os.RuntimeInit uid 2000 <<<<<<
08-06 04:28:54.270 18558 18558 D AndroidRuntime: CheckJNI is OFF
08-06 04:28:54.311 18558 18558 D ICU     : No timezone override file found: /data/misc/zoneinfo/current/icu/icu_tzdata.dat
08-06 04:28:54.344 18558 18558 I Radio-JNI: register_android_hardware_Radio DONE
08-06 04:28:54.366 18558 18558 D AndroidRuntime: Calling main entry com.android.commands.input.Input
08-06 04:28:54.368 18558 18558 I Input   : injectKeyEvent: KeyEvent { action=ACTION_DOWN, keyCode=KEYCODE_BACK, scanCode=0, metaState=0, flags=0x0, repeatCount=0, eventTime=851350781, downTime=851350781, deviceId=-1, source=0x101 }
08-06 04:28:54.373 18558 18558 I Input   : injectKeyEvent: KeyEvent { action=ACTION_UP, keyCode=KEYCODE_BACK, scanCode=0, metaState=0, flags=0x0, repeatCount=0, eventTime=851350781, downTime=851350781, deviceId=-1, source=0x101 }
08-06 04:28:54.380 18558 18558 D AndroidRuntime: Shutting down VM
08-06 04:28:54.418 13866 13866 I GoogleInputMethodServic: GoogleInputMethodService.onFinishInput():3138 
08-06 04:28:54.419 13866 13866 I GoogleInputMethodServic: GoogleInputMethodService.onStartInput():1808 
08-06 04:28:54.461 14033 14123 I art     : Starting a blocking GC Explicit
08-06 04:28:54.483 14033 14123 I art     : Explicit concurrent mark sweep GC freed 1553(87KB) AllocSpace objects, 1(20KB) LOS objects, 23% free, 53MB/69MB, paused 510us total 21.501ms
08-06 04:28:54.491 14033 14123 I art     : Starting a blocking GC Explicit
08-06 04:28:54.512 14033 14123 I art     : Explicit concurrent mark sweep GC freed 24(864B) AllocSpace objects, 0(0B) LOS objects, 23% free, 53MB/69MB, paused 498us total 20.206ms
08-06 04:28:54.521 14033 14123 I art     : Starting a blocking GC Explicit
08-06 04:28:54.545 14033 14123 I art     : Explicit concurrent mark sweep GC freed 3(96B) AllocSpace objects, 0(0B) LOS objects, 23% free, 53MB/69MB, paused 507us total 24.193ms
08-06 04:28:54.556 14033 14123 I art     : Starting a blocking GC Explicit
08-06 04:28:54.580 14033 14123 I art     : Explicit concurrent mark sweep GC freed 3(96B) AllocSpace objects, 0(0B) LOS objects, 23% free, 53MB/69MB, paused 686us total 23.880ms
08-06 04:28:54.590 14033 14123 I art     : Starting a blocking GC Explicit
08-06 04:28:54.614 14033 14123 I art     : Explicit concurrent mark sweep GC freed 3(96B) AllocSpace objects, 0(0B) LOS objects, 23% free, 53MB/69MB, paused 612us total 23.382ms
08-06 04:28:54.872 14033 14123 I art     : Starting a blocking GC Explicit
08-06 04:28:54.900 14033 14123 I art     : Explicit concurrent mark sweep GC freed 2020(110KB) AllocSpace objects, 1(20KB) LOS objects, 23% free, 53MB/69MB, paused 680us total 28.023ms
08-06 04:28:54.914 14033 14123 I art     : Starting a blocking GC Explicit
08-06 04:28:54.937 14033 14123 I art     : Explicit concurrent mark sweep GC freed 2678(174KB) AllocSpace objects, 1(28KB) LOS objects, 23% free, 53MB/69MB, paused 642us total 23.522ms
08-06 04:28:54.946 14033 14123 I art     : Starting a blocking GC Explicit
08-06 04:28:54.970 14033 14123 I art     : Explicit concurrent mark sweep GC freed 3(96B) AllocSpace objects, 0(0B) LOS objects, 23% free, 53MB/69MB, paused 634us total 23.339ms
08-06 04:28:54.979 14033 14123 I art     : Starting a blocking GC Explicit
08-06 04:28:55.002 14033 14123 I art     : Explicit concurrent mark sweep GC freed 3(96B) AllocSpace objects, 0(0B) LOS objects, 23% free, 53MB/69MB, paused 571us total 22.992ms
08-06 04:28:55.012 14033 14123 I art     : Starting a blocking GC Explicit
08-06 04:28:55.035 14033 14123 I art     : Explicit concurrent mark sweep GC freed 3(96B) AllocSpace objects, 0(0B) LOS objects, 23% free, 53MB/69MB, paused 656us total 22.785ms
08-06 04:28:55.325 14033 16788 I art     : Starting a blocking GC Explicit
08-06 04:28:55.357 14033 16788 I art     : Explicit concurrent mark sweep GC freed 1344(78KB) AllocSpace objects, 1(20KB) LOS objects, 23% free, 53MB/69MB, paused 616us total 32.112ms
08-06 04:28:55.369 14033 16788 I art     : Starting a blocking GC Explicit
08-06 04:28:55.394 14033 16788 I art     : Explicit concurrent mark sweep GC freed 20(704B) AllocSpace objects, 0(0B) LOS objects, 23% free, 53MB/69MB, paused 568us total 24.588ms
08-06 04:28:55.404 14033 16788 I art     : Starting a blocking GC Explicit
08-06 04:28:55.428 14033 16788 I art     : Explicit concurrent mark sweep GC freed 3(96B) AllocSpace objects, 0(0B) LOS objects, 23% free, 53MB/69MB, paused 596us total 23.894ms
08-06 04:28:55.437   918  3261 D WifiStateMachine: starting scan for "H369AA63323"WPA_PSK with 2412,5180
08-06 04:28:55.437 14033 16788 I art     : Starting a blocking GC Explicit
08-06 04:28:55.460 14033 16788 I art     : Explicit concurrent mark sweep GC freed 3(96B) AllocSpace objects, 0(0B) LOS objects, 23% free, 53MB/69MB, paused 560us total 23.220ms
08-06 04:28:55.469 14033 16788 I art     : Starting a blocking GC Explicit
08-06 04:28:55.492 14033 16788 I art     : Explicit concurrent mark sweep GC freed 3(96B) AllocSpace objects, 0(0B) LOS objects, 23% free, 53MB/69MB, paused 551us total 22.269ms
08-06 04:28:55.760 14033 14046 I art     : Starting a blocking GC Explicit
08-06 04:28:55.783 14033 14046 I art     : Explicit concurrent mark sweep GC freed 1341(78KB) AllocSpace objects, 1(20KB) LOS objects, 23% free, 53MB/69MB, paused 612us total 22.936ms
08-06 04:28:55.792 14033 14046 I art     : Starting a blocking GC Explicit
08-06 04:28:55.814 14033 14046 I art     : Explicit concurrent mark sweep GC freed 20(704B) AllocSpace objects, 0(0B) LOS objects, 23% free, 53MB/69MB, paused 567us total 21.564ms
08-06 04:28:55.823 14033 14046 I art     : Starting a blocking GC Explicit
08-06 04:28:55.845 14033 14046 I art     : Explicit concurrent mark sweep GC freed 3(96B) AllocSpace objects, 0(0B) LOS objects, 23% free, 53MB/69MB, paused 582us total 22.286ms
08-06 04:28:55.854 14033 14046 I art     : Starting a blocking GC Explicit
08-06 04:28:55.876 14033 14046 I art     : Explicit concurrent mark sweep GC freed 3(96B) AllocSpace objects, 0(0B) LOS objects, 23% free, 53MB/69MB, paused 577us total 21.792ms
08-06 04:28:55.885 14033 14046 I art     : Starting a blocking GC Explicit
08-06 04:28:55.907 14033 14046 I art     : Explicit concurrent mark sweep GC freed 3(96B) AllocSpace objects, 0(0B) LOS objects, 23% free, 53MB/69MB, paused 591us total 21.707ms
08-06 04:28:56.000   518   646 I ThermalEngine: ACTION: GPU - Setting GPU[0] to 450000000
08-06 04:28:56.129 18621 18621 D AndroidRuntime: >>>>>> START com.android.internal.os.RuntimeInit uid 2000 <<<<<<
08-06 04:28:56.135 18621 18621 D AndroidRuntime: CheckJNI is OFF
08-06 04:28:56.177 18621 18621 D ICU     : No timezone override file found: /data/misc/zoneinfo/current/icu/icu_tzdata.dat
08-06 04:28:56.221 18621 18621 I Radio-JNI: register_android_hardware_Radio DONE
08-06 04:28:56.226 14033 14045 I art     : Starting a blocking GC Explicit
08-06 04:28:56.251 18621 18621 D AndroidRuntime: Calling main entry com.android.commands.am.Am
08-06 04:28:56.255 14033 14045 I art     : Explicit concurrent mark sweep GC freed 1341(78KB) AllocSpace objects, 1(20KB) LOS objects, 23% free, 53MB/69MB, paused 818us total 28.359ms
08-06 04:28:56.259  3167  3167 I Trepn   : Trepn 6.2s: Received intent: com.quicinc.trepn.stop_profiling
08-06 04:28:56.267 14033 14045 I art     : Starting a blocking GC Explicit
08-06 04:28:56.293 14033 14045 I art     : Explicit concurrent mark sweep GC freed 20(704B) AllocSpace objects, 0(0B) LOS objects, 23% free, 53MB/69MB, paused 668us total 25.684ms
08-06 04:28:56.293  3167  3167 I Trepn   : Trepn 6.2s: Trepn has Stopped Profiling.
08-06 04:28:56.304 14033 14045 I art     : Starting a blocking GC Explicit
08-06 04:28:56.330 14033 14045 I art     : Explicit concurrent mark sweep GC freed 3(96B) AllocSpace objects, 0(0B) LOS objects, 23% free, 53MB/69MB, paused 689us total 26.072ms
08-06 04:28:56.341 14033 14045 I art     : Starting a blocking GC Explicit
08-06 04:28:56.368 14033 14045 I art     : Explicit concurrent mark sweep GC freed 3(96B) AllocSpace objects, 0(0B) LOS objects, 23% free, 53MB/69MB, paused 703us total 26.407ms
08-06 04:28:56.378 14033 14045 I art     : Starting a blocking GC Explicit
08-06 04:28:56.381 18621 18621 D AndroidRuntime: Shutting down VM
08-06 04:28:56.384   918  6112 W AppOps  : Finishing op nesting under-run: uid 10078 pkg com.quicinc.trepn code 24 time=0 duration=0 nesting=0
08-06 04:28:56.406 14033 14045 I art     : Explicit concurrent mark sweep GC freed 3(96B) AllocSpace objects, 0(0B) LOS objects, 23% free, 53MB/69MB, paused 736us total 26.916ms
08-06 04:28:56.724 14033 14124 I art     : Starting a blocking GC Explicit
08-06 04:28:56.753 14033 14124 I art     : Explicit concurrent mark sweep GC freed 1342(78KB) AllocSpace objects, 1(20KB) LOS objects, 23% free, 53MB/69MB, paused 752us total 28.516ms
08-06 04:28:56.764 14033 14124 I art     : Starting a blocking GC Explicit
08-06 04:28:56.791 14033 14124 I art     : Explicit concurrent mark sweep GC freed 20(704B) AllocSpace objects, 0(0B) LOS objects, 23% free, 53MB/69MB, paused 822us total 27.163ms
08-06 04:28:56.804 14033 14124 I art     : Starting a blocking GC Explicit
08-06 04:28:56.830 14033 14124 I art     : Explicit concurrent mark sweep GC freed 3(96B) AllocSpace objects, 0(0B) LOS objects, 23% free, 53MB/69MB, paused 766us total 26.530ms
08-06 04:28:56.842 14033 14124 I art     : Starting a blocking GC Explicit
08-06 04:28:56.868 14033 14124 I art     : Explicit concurrent mark sweep GC freed 3(96B) AllocSpace objects, 0(0B) LOS objects, 23% free, 53MB/69MB, paused 707us total 26.442ms
08-06 04:28:56.879 14033 14124 I art     : Starting a blocking GC Explicit
08-06 04:28:56.906 14033 14124 I art     : Explicit concurrent mark sweep GC freed 3(96B) AllocSpace objects, 0(0B) LOS objects, 23% free, 53MB/69MB, paused 708us total 26.328ms
08-06 04:28:57.451 13567 13567 I ServiceManager: Waiting for service AtCmdFwd...
08-06 04:28:58.452 13567 13567 I ServiceManager: Waiting for service AtCmdFwd...
08-06 04:28:59.005   518   646 I ThermalEngine: ACTION: GPU - Setting GPU[0] to 510000000
