--------- beginning of main
08-06 13:49:05.238 28167 28167 W Atfwd_Sendcmd: AtCmdFwd service not published, waiting... retryCnt : 4
08-06 13:49:05.704  3321  3321 D AndroidRuntime: >>>>>> START com.android.internal.os.RuntimeInit uid 2000 <<<<<<
08-06 13:49:05.711  3321  3321 D AndroidRuntime: CheckJNI is OFF
08-06 13:49:05.739  3321  3321 D ICU     : No timezone override file found: /data/misc/zoneinfo/current/icu/icu_tzdata.dat
08-06 13:49:05.770  3321  3321 I Radio-JNI: register_android_hardware_Radio DONE
08-06 13:49:05.787  3321  3321 D AndroidRuntime: Calling main entry com.android.commands.monkey.Monkey
--------- beginning of system
08-06 13:49:05.808   918   931 W BroadcastQueue: Skipping deliver [background] BroadcastRecord{dd46bce u-1 android.net.conn.CONNECTIVITY_CHANGE} to ReceiverList{b9edaef 3321 (unknown name)/2000/u-1 remote:ae7e0d0}: process crashing
08-06 13:49:05.818   918  3961 I ActivityManager: START u0 {act=android.intent.action.MAIN cat=[android.intent.category.LAUNCHER] flg=0x10200000 cmp=baseline.appteam.nith.hillffair/.activities.SplashActivity} from uid 2000 on display 0
08-06 13:49:05.871   918   929 I ActivityManager: Start proc 3330:baseline.appteam.nith.hillffair/u0a697 for activity baseline.appteam.nith.hillffair/.activities.SplashActivity
08-06 13:49:05.871  3330  3330 I art     : Late-enabling -Xcheck:jni
08-06 13:49:05.904  3321  3321 I art     : System.exit called, status: 0
08-06 13:49:05.904  3321  3321 I AndroidRuntime: VM exiting with result code 0.
08-06 13:49:05.928 16458 28535 I PBSessionCacheImpl: Deleted sessionId[72384646105454640] from persistence.
08-06 13:49:05.937 16458 16488 W SearchServiceCore: Abort, client detached.
08-06 13:49:05.938 16458 16488 I MicroDetectionState: Should stop hotword detection immediately - true
08-06 13:49:06.076  3330  3330 W System  : ClassLoader referenced unknown path: /data/app/baseline.appteam.nith.hillffair-1/lib/arm64
08-06 13:49:06.151  3330  3330 W OneSignal: GCM Library detected, please upgrade to Firebase FCM library as GCM is deprecated!
08-06 13:49:06.267  3330  3330 W art     : Before Android 4.1, method android.graphics.PorterDuffColorFilter androidx.vectordrawable.graphics.drawable.VectorDrawableCompat.updateTintFilter(android.graphics.PorterDuffColorFilter, android.content.res.ColorStateList, android.graphics.PorterDuff$Mode) would have incorrectly overridden the package-private method in android.graphics.drawable.Drawable
08-06 13:49:06.298  3330  3330 I art     : Rejecting re-init on previously-failed class java.lang.Class<androidx.core.view.ViewCompat$2>
08-06 13:49:06.299  3330  3330 I art     : Rejecting re-init on previously-failed class java.lang.Class<androidx.core.view.ViewCompat$2>
08-06 13:49:06.371  3330  3365 D OpenGLRenderer: Use EGL_SWAP_BEHAVIOR_PRESERVED: true
08-06 13:49:06.418  3330  3365 I Adreno  : QUALCOMM build                   : fcf4852, I1af360237c
08-06 13:49:06.418  3330  3365 I Adreno  : Build Date                       : 09/23/15
08-06 13:49:06.418  3330  3365 I Adreno  : OpenGL ES Shader Compiler Version: XE031.05.13.02
08-06 13:49:06.418  3330  3365 I Adreno  : Local Branch                     : mybranch14465806
08-06 13:49:06.418  3330  3365 I Adreno  : Remote Branch                    : quic/LA.BF64.1.2.9_v2
08-06 13:49:06.418  3330  3365 I Adreno  : Remote Branch                    : NONE
08-06 13:49:06.418  3330  3365 I Adreno  : Reconstruct Branch               : NOTHING
08-06 13:49:06.426  3330  3365 I OpenGLRenderer: Initialized EGL, version 1.4
08-06 13:49:06.471 13866 13866 I GoogleInputMethodServic: GoogleInputMethodService.onFinishInput():3138 
08-06 13:49:06.472 13866 13866 I GoogleInputMethodServic: GoogleInputMethodService.onStartInput():1808 
08-06 13:49:06.529   918   936 I ActivityManager: Displayed baseline.appteam.nith.hillffair/.activities.SplashActivity: +703ms
08-06 13:49:06.671  3330  3372 W GCM     : GCM SDK is deprecated, baseline.appteam.nith.hillffair should update to use FCM
08-06 13:49:06.721 24365  4184 W Conscrypt: Could not set socket write timeout: java.net.SocketException: Socket closed
08-06 13:49:06.721 24365  4184 E art     : invalid stream - problem with parameter iterator in /data/app/com.google.android.gms-2/base.apk:classes3.dex for method void com.google.android.gms.org.conscrypt.ConscryptFileDescriptorSocket.setSoWriteTimeout(int)
08-06 13:49:06.722 24365  4184 W Conscrypt: 	at com.google.android.gms.org.conscrypt.Platform.setSocketWriteTimeout(:com.google.android.gms@202614019@20.26.14 (040400-320008519):2)
08-06 13:49:06.722 24365  4184 W Conscrypt: 	at com.google.android.gms.org.conscrypt.ConscryptFileDescriptorSocket.setSoWriteTimeout(:com.google.android.gms@202614019@20.26.14 (040400-320008519))
08-06 13:49:06.745 24365  4184 W Conscrypt: Could not set socket write timeout: java.net.SocketException: Socket closed
08-06 13:49:06.745 24365  4184 E art     : invalid stream - problem with parameter iterator in /data/app/com.google.android.gms-2/base.apk:classes3.dex for method void com.google.android.gms.org.conscrypt.ConscryptFileDescriptorSocket.setSoWriteTimeout(int)
08-06 13:49:06.745 24365  4184 W Conscrypt: 	at com.google.android.gms.org.conscrypt.Platform.setSocketWriteTimeout(:com.google.android.gms@202614019@20.26.14 (040400-320008519):2)
08-06 13:49:06.745 24365  4184 W Conscrypt: 	at com.google.android.gms.org.conscrypt.ConscryptFileDescriptorSocket.setSoWriteTimeout(:com.google.android.gms@202614019@20.26.14 (040400-320008519))
08-06 13:49:06.802 24365  4184 W Conscrypt: Could not set socket write timeout: java.net.SocketException: Socket closed
08-06 13:49:06.802 24365  4184 E art     : invalid stream - problem with parameter iterator in /data/app/com.google.android.gms-2/base.apk:classes3.dex for method void com.google.android.gms.org.conscrypt.ConscryptFileDescriptorSocket.setSoWriteTimeout(int)
08-06 13:49:06.803 24365  4184 W Conscrypt: 	at com.google.android.gms.org.conscrypt.Platform.setSocketWriteTimeout(:com.google.android.gms@202614019@20.26.14 (040400-320008519):2)
08-06 13:49:06.803 24365  4184 W Conscrypt: 	at com.google.android.gms.org.conscrypt.ConscryptFileDescriptorSocket.setSoWriteTimeout(:com.google.android.gms@202614019@20.26.14 (040400-320008519))
08-06 13:49:06.820 24365  4184 W Conscrypt: Could not set socket write timeout: java.net.SocketException: Socket closed
08-06 13:49:06.821 24365  4184 E art     : invalid stream - problem with parameter iterator in /data/app/com.google.android.gms-2/base.apk:classes3.dex for method void com.google.android.gms.org.conscrypt.ConscryptFileDescriptorSocket.setSoWriteTimeout(int)
08-06 13:49:06.821 24365  4184 W Conscrypt: 	at com.google.android.gms.org.conscrypt.Platform.setSocketWriteTimeout(:com.google.android.gms@202614019@20.26.14 (040400-320008519):2)
08-06 13:49:06.821 24365  4184 W Conscrypt: 	at com.google.android.gms.org.conscrypt.ConscryptFileDescriptorSocket.setSoWriteTimeout(:com.google.android.gms@202614019@20.26.14 (040400-320008519))
08-06 13:49:07.009  3330  3372 E OneSignal: Error Getting GCM Token
08-06 13:49:07.009  3330  3372 E OneSignal: java.io.IOException: INVALID_SENDER
08-06 13:49:07.009  3330  3372 E OneSignal: 	at com.google.android.gms.gcm.GoogleCloudMessaging.zzd(Unknown Source)
08-06 13:49:07.009  3330  3372 E OneSignal: 	at com.google.android.gms.gcm.GoogleCloudMessaging.register(Unknown Source)
08-06 13:49:07.009  3330  3372 E OneSignal: 	at com.onesignal.PushRegistratorGCM.getToken(PushRegistratorGCM.java:42)
08-06 13:49:07.009  3330  3372 E OneSignal: 	at com.onesignal.PushRegistratorAbstractGoogle.attemptRegistration(PushRegistratorAbstractGoogle.java:97)
08-06 13:49:07.009  3330  3372 E OneSignal: 	at com.onesignal.PushRegistratorAbstractGoogle.access$100(PushRegistratorAbstractGoogle.java:37)
08-06 13:49:07.009  3330  3372 E OneSignal: 	at com.onesignal.PushRegistratorAbstractGoogle$1.run(PushRegistratorAbstractGoogle.java:84)
08-06 13:49:07.009  3330  3372 E OneSignal: 	at java.lang.Thread.run(Thread.java:818)
08-06 13:49:07.023  3330  3383 I art     : Rejecting re-init on previously-failed class java.lang.Class<com.onesignal.OneSignalChromeTab$OneSignalCustomTabsServiceConnection>
08-06 13:49:07.023  3330  3383 I art     : Rejecting re-init on previously-failed class java.lang.Class<com.onesignal.OneSignalChromeTab$OneSignalCustomTabsServiceConnection>
08-06 13:49:07.042 24365 12204 I NetworkScheduler.Stats: Task com.google.android.gms/com.google.android.gms.checkin.EventLogService started execution. cause:1 exec_start_elapsed_seconds: 1868350 [CONTEXT service_id=218 ]
08-06 13:49:07.055 24577 14322 I Checkin : [EventLogChimeraService] Opted in for usage reporting: false
08-06 13:49:07.055 24577 14322 I Checkin : [EventLogChimeraService] Aggregate from 1596712829709 (log), 1596712829709 (data)
08-06 13:49:07.388  3389  3389 D AndroidRuntime: >>>>>> START com.android.internal.os.RuntimeInit uid 2000 <<<<<<
08-06 13:49:07.391  3389  3389 D AndroidRuntime: CheckJNI is OFF
08-06 13:49:07.413  3389  3389 D ICU     : No timezone override file found: /data/misc/zoneinfo/current/icu/icu_tzdata.dat
08-06 13:49:07.439  3389  3389 I Radio-JNI: register_android_hardware_Radio DONE
08-06 13:49:07.453  3389  3389 D AndroidRuntime: Calling main entry com.android.commands.am.Am
08-06 13:49:07.459 14970 14970 I Trepn   : Trepn 6.2s: Received intent: com.quicinc.trepn.start_profiling
08-06 13:49:07.541 14970 14970 W FileUtils: Failed to chmod(/storage/emulated/0/trepn/Trepn_2020.08.06_134907.db): android.system.ErrnoException: chmod failed: EPERM (Operation not permitted)
08-06 13:49:07.644 14970 14970 I Trepn   : Trepn 6.2s: Trepn has Started Profiling.
08-06 13:49:07.647  3389  3389 D AndroidRuntime: Shutting down VM
08-06 13:49:07.839   918  6112 I ActivityManager: START u0 {cmp=baseline.appteam.nith.hillffair/.activities.WelcomeActivity} from uid 10697 on display 0
08-06 13:49:07.862   918  6110 I ActivityManager: START u0 {cmp=baseline.appteam.nith.hillffair/.activities.HomeActivity} from uid 10697 on display 0
08-06 13:49:07.867   918  3670 W ActivityManager: Duplicate finish request for ActivityRecord{76c7863 u0 baseline.appteam.nith.hillffair/.activities.WelcomeActivity t4411 f}
08-06 13:49:08.043  3330  3348 I art     : Starting a blocking GC Explicit
08-06 13:49:08.053  3330  3348 I art     : Explicit concurrent mark sweep GC freed 1256(143KB) AllocSpace objects, 0(0B) LOS objects, 27% free, 42MB/58MB, paused 204us total 10.139ms
08-06 13:49:08.059  3330  3348 I art     : Starting a blocking GC Explicit
08-06 13:49:08.068  3330  3348 I art     : Explicit concurrent mark sweep GC freed 11(352B) AllocSpace objects, 0(0B) LOS objects, 27% free, 42MB/58MB, paused 207us total 9.396ms
08-06 13:49:08.074  3330  3348 I art     : Starting a blocking GC Explicit
08-06 13:49:08.083  3330  3348 I art     : Explicit concurrent mark sweep GC freed 202(48KB) AllocSpace objects, 0(0B) LOS objects, 27% free, 42MB/58MB, paused 280us total 9.598ms
08-06 13:49:08.089  3330  3348 I art     : Starting a blocking GC Explicit
08-06 13:49:08.099  3330  3348 I art     : Explicit concurrent mark sweep GC freed 267(81KB) AllocSpace objects, 0(0B) LOS objects, 27% free, 42MB/58MB, paused 472us total 10.320ms
08-06 13:49:08.104  3330  3348 I art     : Starting a blocking GC Explicit
08-06 13:49:08.114  3330  3348 I art     : Explicit concurrent mark sweep GC freed 175(45KB) AllocSpace objects, 0(0B) LOS objects, 27% free, 42MB/58MB, paused 172us total 9.311ms
08-06 13:49:08.149   918  3188 I hubconnection: sensorhub said: 'set_bias 3: -6.2400, 0.0000, 0.0000'
08-06 13:49:08.345  3330  3348 I art     : Starting a blocking GC Explicit
08-06 13:49:08.356   918   936 I ActivityManager: Displayed baseline.appteam.nith.hillffair/.activities.HomeActivity: +446ms (total +508ms)
08-06 13:49:08.356 13866 13866 I GoogleInputMethodServic: GoogleInputMethodService.onFinishInput():3138 
08-06 13:49:08.357  3330  3348 I art     : Explicit concurrent mark sweep GC freed 2800(332KB) AllocSpace objects, 1(20KB) LOS objects, 24% free, 48MB/64MB, paused 150us total 11.462ms
08-06 13:49:08.357 13866 13866 I GoogleInputMethodServic: GoogleInputMethodService.onStartInput():1808 
08-06 13:49:08.362  3330  3348 I art     : Starting a blocking GC Explicit
08-06 13:49:08.375  3330  3348 I art     : Explicit concurrent mark sweep GC freed 353(15KB) AllocSpace objects, 0(0B) LOS objects, 24% free, 48MB/64MB, paused 232us total 12.844ms
08-06 13:49:08.383  3330  3348 I art     : Starting a blocking GC Explicit
08-06 13:49:08.394  3330  3348 I art     : Explicit concurrent mark sweep GC freed 39(1360B) AllocSpace objects, 0(0B) LOS objects, 24% free, 48MB/64MB, paused 157us total 10.685ms
08-06 13:49:08.401  3330  3348 I art     : Starting a blocking GC Explicit
08-06 13:49:08.414  3330  3348 I art     : Explicit concurrent mark sweep GC freed 68(4KB) AllocSpace objects, 0(0B) LOS objects, 24% free, 48MB/64MB, paused 165us total 12.149ms
08-06 13:49:08.420  3330  3348 I art     : Starting a blocking GC Explicit
08-06 13:49:08.429  3330  3348 I art     : Explicit concurrent mark sweep GC freed 991(69KB) AllocSpace objects, 0(0B) LOS objects, 25% free, 47MB/63MB, paused 131us total 9.502ms
08-06 13:49:08.602   380   380 W SurfaceFlinger: couldn't log to binary event log: overflow.
08-06 13:49:08.657  3330  3442 I art     : Starting a blocking GC Explicit
08-06 13:49:08.669  3330  3442 I art     : Explicit concurrent mark sweep GC freed 1343(78KB) AllocSpace objects, 1(20KB) LOS objects, 25% free, 47MB/63MB, paused 196us total 12.091ms
08-06 13:49:08.675  3330  3442 I art     : Starting a blocking GC Explicit
08-06 13:49:08.685  3330  3442 I art     : Explicit concurrent mark sweep GC freed 20(704B) AllocSpace objects, 0(0B) LOS objects, 25% free, 47MB/63MB, paused 167us total 10.389ms
08-06 13:49:08.691  3330  3442 I art     : Starting a blocking GC Explicit
08-06 13:49:08.700  3330  3442 I art     : Explicit concurrent mark sweep GC freed 3(96B) AllocSpace objects, 0(0B) LOS objects, 25% free, 47MB/63MB, paused 131us total 9.540ms
08-06 13:49:08.706  3330  3442 I art     : Starting a blocking GC Explicit
08-06 13:49:08.715  3330  3442 I art     : Explicit concurrent mark sweep GC freed 3(96B) AllocSpace objects, 0(0B) LOS objects, 25% free, 47MB/63MB, paused 131us total 9.516ms
08-06 13:49:08.721  3330  3442 I art     : Starting a blocking GC Explicit
08-06 13:49:08.730  3330  3442 I art     : Explicit concurrent mark sweep GC freed 3(96B) AllocSpace objects, 0(0B) LOS objects, 25% free, 47MB/63MB, paused 133us total 9.502ms
08-06 13:49:09.007  3330  3348 I art     : Starting a blocking GC Explicit
08-06 13:49:09.021  3330  3348 I art     : Explicit concurrent mark sweep GC freed 2013(113KB) AllocSpace objects, 1(20KB) LOS objects, 25% free, 47MB/63MB, paused 172us total 13.880ms
08-06 13:49:09.027  3330  3348 I art     : Starting a blocking GC Explicit
08-06 13:49:09.039  3330  3348 I art     : Explicit concurrent mark sweep GC freed 908(59KB) AllocSpace objects, 0(0B) LOS objects, 25% free, 47MB/63MB, paused 149us total 11.685ms
08-06 13:49:09.045  3330  3348 I art     : Starting a blocking GC Explicit
08-06 13:49:09.055  3330  3348 I art     : Explicit concurrent mark sweep GC freed 3(96B) AllocSpace objects, 0(0B) LOS objects, 25% free, 47MB/63MB, paused 145us total 10.429ms
08-06 13:49:09.061  3330  3348 I art     : Starting a blocking GC Explicit
08-06 13:49:09.071  3330  3348 I art     : Explicit concurrent mark sweep GC freed 3(96B) AllocSpace objects, 0(0B) LOS objects, 25% free, 47MB/63MB, paused 135us total 9.768ms
08-06 13:49:09.076  3330  3348 I art     : Starting a blocking GC Explicit
08-06 13:49:09.086  3330  3348 I art     : Explicit concurrent mark sweep GC freed 3(96B) AllocSpace objects, 0(0B) LOS objects, 25% free, 47MB/63MB, paused 136us total 9.364ms
08-06 13:49:09.145   918  3714 I AccountManagerService: getTypesVisibleToCaller: isPermitted? true
08-06 13:49:09.159 24577 14322 I Checkin : [ServiceDumpSys] dumping service [account]
08-06 13:49:09.175 24365  4184 I NetworkScheduler.Stats: Task com.google.android.gms/com.google.android.gms.checkin.EventLogService finished executing. cause:1 result: 1 elapsed_millis: 2160 uptime_millis: 2160 exec_start_elapsed_seconds: 1868350 [CONTEXT service_id=218 ]
08-06 13:49:09.182   918  3670 I AccountManagerService: getTypesVisibleToCaller: isPermitted? true
08-06 13:49:09.352  3330  3442 I art     : Starting a blocking GC Explicit
08-06 13:49:09.366  3330  3442 I art     : Explicit concurrent mark sweep GC freed 1340(78KB) AllocSpace objects, 1(20KB) LOS objects, 25% free, 47MB/63MB, paused 193us total 13.837ms
08-06 13:49:09.373  3330  3442 I art     : Starting a blocking GC Explicit
08-06 13:49:09.386  3330  3442 I art     : Explicit concurrent mark sweep GC freed 20(704B) AllocSpace objects, 0(0B) LOS objects, 25% free, 47MB/63MB, paused 161us total 12.539ms
08-06 13:49:09.393  3330  3442 I art     : Starting a blocking GC Explicit
08-06 13:49:09.404  3330  3442 I art     : Explicit concurrent mark sweep GC freed 3(96B) AllocSpace objects, 0(0B) LOS objects, 25% free, 47MB/63MB, paused 154us total 11.201ms
08-06 13:49:09.410  3330  3442 I art     : Starting a blocking GC Explicit
08-06 13:49:09.422  3330  3442 I art     : Explicit concurrent mark sweep GC freed 3(96B) AllocSpace objects, 0(0B) LOS objects, 25% free, 47MB/63MB, paused 151us total 11.520ms
08-06 13:49:09.428  3330  3442 I art     : Starting a blocking GC Explicit
08-06 13:49:09.439  3330  3442 I art     : Explicit concurrent mark sweep GC freed 3(96B) AllocSpace objects, 0(0B) LOS objects, 25% free, 47MB/63MB, paused 163us total 10.985ms
08-06 13:49:09.729  3330  3341 I art     : Starting a blocking GC Explicit
08-06 13:49:09.745  3330  3341 I art     : Explicit concurrent mark sweep GC freed 1340(78KB) AllocSpace objects, 1(20KB) LOS objects, 25% free, 47MB/63MB, paused 177us total 15.454ms
08-06 13:49:09.755  3330  3341 I art     : Starting a blocking GC Explicit
08-06 13:49:09.766  3330  3341 I art     : Explicit concurrent mark sweep GC freed 20(704B) AllocSpace objects, 0(0B) LOS objects, 25% free, 47MB/63MB, paused 153us total 11.436ms
08-06 13:49:09.773  3330  3341 I art     : Starting a blocking GC Explicit
08-06 13:49:09.784  3330  3341 I art     : Explicit concurrent mark sweep GC freed 3(96B) AllocSpace objects, 0(0B) LOS objects, 25% free, 47MB/63MB, paused 141us total 11.654ms
08-06 13:49:09.791  3330  3341 I art     : Starting a blocking GC Explicit
08-06 13:49:09.802  3330  3341 I art     : Explicit concurrent mark sweep GC freed 3(96B) AllocSpace objects, 0(0B) LOS objects, 25% free, 47MB/63MB, paused 140us total 11.695ms
08-06 13:49:09.808  3330  3341 I art     : Starting a blocking GC Explicit
08-06 13:49:09.820  3330  3341 I art     : Explicit concurrent mark sweep GC freed 3(96B) AllocSpace objects, 0(0B) LOS objects, 25% free, 47MB/63MB, paused 136us total 11.084ms
08-06 13:49:10.120  3330  3348 I art     : Starting a blocking GC Explicit
08-06 13:49:10.135  3330  3348 I art     : Explicit concurrent mark sweep GC freed 1339(78KB) AllocSpace objects, 1(20KB) LOS objects, 25% free, 47MB/63MB, paused 183us total 15.596ms
08-06 13:49:10.146  3330  3348 I art     : Starting a blocking GC Explicit
08-06 13:49:10.158  3330  3348 I art     : Explicit concurrent mark sweep GC freed 20(704B) AllocSpace objects, 0(0B) LOS objects, 25% free, 47MB/63MB, paused 157us total 11.324ms
08-06 13:49:10.164  3330  3348 I art     : Starting a blocking GC Explicit
08-06 13:49:10.175  3330  3348 I art     : Explicit concurrent mark sweep GC freed 3(96B) AllocSpace objects, 0(0B) LOS objects, 25% free, 47MB/63MB, paused 151us total 11.383ms
08-06 13:49:10.181  3330  3348 I art     : Starting a blocking GC Explicit
08-06 13:49:10.193  3330  3348 I art     : Explicit concurrent mark sweep GC freed 3(96B) AllocSpace objects, 0(0B) LOS objects, 25% free, 47MB/63MB, paused 152us total 11.419ms
08-06 13:49:10.199  3330  3348 I art     : Starting a blocking GC Explicit
08-06 13:49:10.210  3330  3348 I art     : Explicit concurrent mark sweep GC freed 3(96B) AllocSpace objects, 0(0B) LOS objects, 25% free, 47MB/63MB, paused 146us total 11.250ms
08-06 13:49:10.520  3330  3442 I art     : Starting a blocking GC Explicit
08-06 13:49:10.539  3330  3442 I art     : Explicit concurrent mark sweep GC freed 1339(78KB) AllocSpace objects, 1(20KB) LOS objects, 25% free, 47MB/63MB, paused 211us total 18.596ms
08-06 13:49:10.551  3330  3442 I art     : Starting a blocking GC Explicit
08-06 13:49:10.564  3330  3442 I art     : Explicit concurrent mark sweep GC freed 20(704B) AllocSpace objects, 0(0B) LOS objects, 25% free, 47MB/63MB, paused 163us total 12.309ms
08-06 13:49:10.570  3330  3442 I art     : Starting a blocking GC Explicit
08-06 13:49:10.582  3330  3442 I art     : Explicit concurrent mark sweep GC freed 3(96B) AllocSpace objects, 0(0B) LOS objects, 25% free, 47MB/63MB, paused 151us total 11.744ms
08-06 13:49:10.588  3330  3442 I art     : Starting a blocking GC Explicit
08-06 13:49:10.600  3330  3442 I art     : Explicit concurrent mark sweep GC freed 3(96B) AllocSpace objects, 0(0B) LOS objects, 25% free, 47MB/63MB, paused 158us total 11.457ms
08-06 13:49:10.606  3330  3442 I art     : Starting a blocking GC Explicit
08-06 13:49:10.618  3330  3442 I art     : Explicit concurrent mark sweep GC freed 3(96B) AllocSpace objects, 0(0B) LOS objects, 25% free, 47MB/63MB, paused 153us total 11.741ms
08-06 13:49:10.914  3330  3341 I art     : Starting a blocking GC Explicit
08-06 13:49:10.930  3330  3341 I art     : Explicit concurrent mark sweep GC freed 1339(78KB) AllocSpace objects, 1(20KB) LOS objects, 25% free, 47MB/63MB, paused 197us total 15.502ms
08-06 13:49:10.944  3330  3341 I art     : Starting a blocking GC Explicit
08-06 13:49:10.955  3330  3341 I art     : Explicit concurrent mark sweep GC freed 20(704B) AllocSpace objects, 0(0B) LOS objects, 25% free, 47MB/63MB, paused 142us total 11.055ms
08-06 13:49:10.961  3330  3341 I art     : Starting a blocking GC Explicit
08-06 13:49:10.972  3330  3341 I art     : Explicit concurrent mark sweep GC freed 3(96B) AllocSpace objects, 0(0B) LOS objects, 25% free, 47MB/63MB, paused 141us total 10.795ms
08-06 13:49:10.977  3330  3341 I art     : Starting a blocking GC Explicit
08-06 13:49:10.989  3330  3341 I art     : Explicit concurrent mark sweep GC freed 3(96B) AllocSpace objects, 0(0B) LOS objects, 25% free, 47MB/63MB, paused 142us total 11.012ms
08-06 13:49:10.994  3330  3341 I art     : Starting a blocking GC Explicit
08-06 13:49:11.006  3330  3341 I art     : Explicit concurrent mark sweep GC freed 3(96B) AllocSpace objects, 0(0B) LOS objects, 25% free, 47MB/63MB, paused 137us total 11.264ms
08-06 13:49:11.317  3330  3348 I art     : Starting a blocking GC Explicit
08-06 13:49:11.334  3330  3348 I art     : Explicit concurrent mark sweep GC freed 1338(78KB) AllocSpace objects, 1(20KB) LOS objects, 25% free, 47MB/63MB, paused 192us total 16.109ms
08-06 13:49:11.341  3330  3348 I art     : Starting a blocking GC Explicit
08-06 13:49:11.354  3330  3348 I art     : Explicit concurrent mark sweep GC freed 20(704B) AllocSpace objects, 0(0B) LOS objects, 25% free, 47MB/63MB, paused 164us total 12.833ms
08-06 13:49:11.360  3330  3348 I art     : Starting a blocking GC Explicit
08-06 13:49:11.372  3330  3348 I art     : Explicit concurrent mark sweep GC freed 3(96B) AllocSpace objects, 0(0B) LOS objects, 25% free, 47MB/63MB, paused 152us total 11.594ms
08-06 13:49:11.378  3330  3348 I art     : Starting a blocking GC Explicit
08-06 13:49:11.389  3330  3348 I art     : Explicit concurrent mark sweep GC freed 3(96B) AllocSpace objects, 0(0B) LOS objects, 25% free, 47MB/63MB, paused 147us total 11.227ms
08-06 13:49:11.395  3330  3348 I art     : Starting a blocking GC Explicit
08-06 13:49:11.407  3330  3348 I art     : Explicit concurrent mark sweep GC freed 3(96B) AllocSpace objects, 0(0B) LOS objects, 25% free, 47MB/63MB, paused 151us total 11.599ms
08-06 13:49:11.704  3330  3442 I art     : Starting a blocking GC Explicit
08-06 13:49:11.722  3330  3442 I art     : Explicit concurrent mark sweep GC freed 1339(78KB) AllocSpace objects, 1(20KB) LOS objects, 25% free, 47MB/63MB, paused 165us total 16.863ms
08-06 13:49:11.729  3330  3442 I art     : Starting a blocking GC Explicit
08-06 13:49:11.739  3330  3442 I art     : Explicit concurrent mark sweep GC freed 20(704B) AllocSpace objects, 0(0B) LOS objects, 25% free, 47MB/63MB, paused 132us total 9.909ms
08-06 13:49:11.744  3330  3442 I art     : Starting a blocking GC Explicit
08-06 13:49:11.754  3330  3442 I art     : Explicit concurrent mark sweep GC freed 3(96B) AllocSpace objects, 0(0B) LOS objects, 25% free, 47MB/63MB, paused 135us total 9.649ms
08-06 13:49:11.759  3330  3442 I art     : Starting a blocking GC Explicit
08-06 13:49:11.769  3330  3442 I art     : Explicit concurrent mark sweep GC freed 3(96B) AllocSpace objects, 0(0B) LOS objects, 25% free, 47MB/63MB, paused 133us total 9.323ms
08-06 13:49:11.774  3330  3442 I art     : Starting a blocking GC Explicit
08-06 13:49:11.783  3330  3442 I art     : Explicit concurrent mark sweep GC freed 3(96B) AllocSpace objects, 0(0B) LOS objects, 25% free, 47MB/63MB, paused 135us total 9.301ms
08-06 13:49:11.786   918  1210 D NetlinkSocketObserver: NeighborEvent{elapsedMs=1868355661, 192.168.2.254, [7C3953A63323], RTM_NEWNEIGH, NUD_REACHABLE}
08-06 13:49:12.041  3330  3341 I art     : Starting a blocking GC Explicit
08-06 13:49:12.058  3330  3341 I art     : Explicit concurrent mark sweep GC freed 1540(91KB) AllocSpace objects, 1(20KB) LOS objects, 25% free, 47MB/63MB, paused 221us total 16.818ms
08-06 13:49:12.065  3330  3341 I art     : Starting a blocking GC Explicit
08-06 13:49:12.079  3330  3341 I art     : Explicit concurrent mark sweep GC freed 29(1472B) AllocSpace objects, 0(0B) LOS objects, 25% free, 47MB/63MB, paused 183us total 13.494ms
08-06 13:49:12.085  3330  3341 I art     : Starting a blocking GC Explicit
08-06 13:49:12.097  3330  3341 I art     : Explicit concurrent mark sweep GC freed 3(96B) AllocSpace objects, 0(0B) LOS objects, 25% free, 47MB/63MB, paused 184us total 11.563ms
08-06 13:49:12.103  3330  3341 I art     : Starting a blocking GC Explicit
08-06 13:49:12.114  3330  3341 I art     : Explicit concurrent mark sweep GC freed 3(96B) AllocSpace objects, 0(0B) LOS objects, 25% free, 47MB/63MB, paused 164us total 11.554ms
08-06 13:49:12.118  3330  3547 W OneSignal: OneSignalRestClient: POST Error thrown from network stack. 
08-06 13:49:12.118  3330  3547 W OneSignal: java.io.IOException: unexpected end of stream on Connection{api.onesignal.com:443, proxy=HTTP@192.168.2.12:8080 hostAddress=192.168.2.12 cipherSuite=TLS_ECDHE_RSA_WITH_AES_128_GCM_SHA256 protocol=http/1.1} (recycle count=1)
08-06 13:49:12.118  3330  3547 W OneSignal: 	at com.android.okhttp.internal.http.HttpConnection.readResponse(HttpConnection.java:210)
08-06 13:49:12.118  3330  3547 W OneSignal: 	at com.android.okhttp.internal.http.HttpTransport.readResponseHeaders(HttpTransport.java:80)
08-06 13:49:12.118  3330  3547 W OneSignal: 	at com.android.okhttp.internal.http.HttpEngine.readNetworkResponse(HttpEngine.java:904)
08-06 13:49:12.118  3330  3547 W OneSignal: 	at com.android.okhttp.internal.http.HttpEngine.readResponse(HttpEngine.java:788)
08-06 13:49:12.118  3330  3547 W OneSignal: 	at com.android.okhttp.internal.huc.HttpURLConnectionImpl.execute(HttpURLConnectionImpl.java:439)
08-06 13:49:12.118  3330  3547 W OneSignal: 	at com.android.okhttp.internal.huc.HttpURLConnectionImpl.getResponse(HttpURLConnectionImpl.java:384)
08-06 13:49:12.118  3330  3547 W OneSignal: 	at com.android.okhttp.internal.huc.HttpURLConnectionImpl.getResponseCode(HttpURLConnectionImpl.java:497)
08-06 13:49:12.118  3330  3547 W OneSignal: 	at com.android.okhttp.internal.huc.DelegatingHttpsURLConnection.getResponseCode(DelegatingHttpsURLConnection.java:105)
08-06 13:49:12.118  3330  3547 W OneSignal: 	at com.android.okhttp.internal.huc.HttpsURLConnectionImpl.getResponseCode(HttpsURLConnectionImpl.java)
08-06 13:49:12.118  3330  3547 W OneSignal: 	at com.onesignal.OneSignalRestClient.startHTTPConnection(OneSignalRestClient.java:180)
08-06 13:49:12.118  3330  3547 W OneSignal: 	at com.onesignal.OneSignalRestClient.access$100(OneSignalRestClient.java:44)
08-06 13:49:12.118  3330  3547 W OneSignal: 	at com.onesignal.OneSignalRestClient$4.run(OneSignalRestClient.java:110)
08-06 13:49:12.118  3330  3547 W OneSignal: 	at java.lang.Thread.run(Thread.java:818)
08-06 13:49:12.118  3330  3547 W OneSignal: Caused by: java.io.EOFException: \n not found: size=0 content=...
08-06 13:49:12.118  3330  3547 W OneSignal: 	at com.android.okhttp.okio.RealBufferedSource.readUtf8LineStrict(RealBufferedSource.java:200)
08-06 13:49:12.118  3330  3547 W OneSignal: 	at com.android.okhttp.internal.http.HttpConnection.readResponse(HttpConnection.java:191)
08-06 13:49:12.118  3330  3547 W OneSignal: 	... 12 more
08-06 13:49:12.121  3330  3548 W OneSignal: Failed last request. statusCode: -1
08-06 13:49:12.121  3330  3548 W OneSignal: response: null
08-06 13:49:12.121  3330  3341 I art     : Starting a blocking GC Explicit
08-06 13:49:12.132  3330  3341 I art     : Explicit concurrent mark sweep GC freed 152(47KB) AllocSpace objects, 0(0B) LOS objects, 25% free, 47MB/63MB, paused 153us total 11.680ms
08-06 13:49:12.379  3330  3348 I art     : Starting a blocking GC Explicit
08-06 13:49:12.391  3330  3348 I art     : Explicit concurrent mark sweep GC freed 1554(90KB) AllocSpace objects, 1(20KB) LOS objects, 25% free, 47MB/63MB, paused 167us total 11.865ms
08-06 13:49:12.397  3330  3348 I art     : Starting a blocking GC Explicit
08-06 13:49:12.409  3330  3348 I art     : Explicit concurrent mark sweep GC freed 20(704B) AllocSpace objects, 0(0B) LOS objects, 25% free, 47MB/63MB, paused 158us total 11.310ms
08-06 13:49:12.415  3330  3348 I art     : Starting a blocking GC Explicit
08-06 13:49:12.426  3330  3348 I art     : Explicit concurrent mark sweep GC freed 3(96B) AllocSpace objects, 0(0B) LOS objects, 25% free, 47MB/63MB, paused 168us total 11.371ms
08-06 13:49:12.432  3330  3348 I art     : Starting a blocking GC Explicit
08-06 13:49:12.444  3330  3348 I art     : Explicit concurrent mark sweep GC freed 3(96B) AllocSpace objects, 0(0B) LOS objects, 25% free, 47MB/63MB, paused 152us total 11.488ms
08-06 13:49:12.450  3330  3348 I art     : Starting a blocking GC Explicit
08-06 13:49:12.461  3330  3348 I art     : Explicit concurrent mark sweep GC freed 3(96B) AllocSpace objects, 0(0B) LOS objects, 25% free, 47MB/63MB, paused 158us total 10.947ms
08-06 13:49:12.610  3553  3553 D AndroidRuntime: >>>>>> START com.android.internal.os.RuntimeInit uid 2000 <<<<<<
08-06 13:49:12.615  3553  3553 D AndroidRuntime: CheckJNI is OFF
08-06 13:49:12.641  3553  3553 D ICU     : No timezone override file found: /data/misc/zoneinfo/current/icu/icu_tzdata.dat
08-06 13:49:12.666  3553  3553 I Radio-JNI: register_android_hardware_Radio DONE
08-06 13:49:12.682  3553  3553 D AndroidRuntime: Calling main entry com.android.commands.input.Input
08-06 13:49:12.683  3553  3553 I Input   : injectMotionEvent: MotionEvent { action=ACTION_DOWN, actionButton=0, id[0]=0, x[0]=337.0, y[0]=1104.0, toolType[0]=TOOL_TYPE_UNKNOWN, buttonState=0, metaState=0, flags=0x0, edgeFlags=0x0, pointerCount=1, historySize=0, eventTime=884969096, downTime=884969096, deviceId=0, source=0x1002 }
08-06 13:49:12.692  3553  3553 I Input   : injectMotionEvent: MotionEvent { action=ACTION_UP, actionButton=0, id[0]=0, x[0]=337.0, y[0]=1104.0, toolType[0]=TOOL_TYPE_UNKNOWN, buttonState=0, metaState=0, flags=0x0, edgeFlags=0x0, pointerCount=1, historySize=0, eventTime=884969096, downTime=884969096, deviceId=0, source=0x1002 }
08-06 13:49:12.694   918  3696 I ActivityManager: START u0 {cmp=baseline.appteam.nith.hillffair/.activities.BattleDayActivity} from uid 10697 on display 0
08-06 13:49:12.700  3553  3553 D AndroidRuntime: Shutting down VM
08-06 13:49:12.743  3330  3442 I art     : Starting a blocking GC Explicit
08-06 13:49:12.758  3330  3442 I art     : Explicit concurrent mark sweep GC freed 7325(481KB) AllocSpace objects, 1(20KB) LOS objects, 24% free, 48MB/64MB, paused 1.008ms total 14.867ms
08-06 13:49:12.764  3330  3442 I art     : Starting a blocking GC Explicit
08-06 13:49:12.780  3330  3442 I art     : Explicit concurrent mark sweep GC freed 1586(95KB) AllocSpace objects, 0(0B) LOS objects, 24% free, 48MB/64MB, paused 247us total 15.142ms
08-06 13:49:12.786  3330  3442 I art     : Starting a blocking GC Explicit
08-06 13:49:12.797  3330  3442 I art     : Explicit concurrent mark sweep GC freed 43(3KB) AllocSpace objects, 0(0B) LOS objects, 24% free, 48MB/64MB, paused 195us total 11.655ms
08-06 13:49:12.804  3330  3442 I art     : Starting a blocking GC Explicit
08-06 13:49:12.810 13866 13866 I GoogleInputMethodServic: GoogleInputMethodService.onFinishInput():3138 
08-06 13:49:12.811 13866 13866 I GoogleInputMethodServic: GoogleInputMethodService.onStartInput():1808 
08-06 13:49:12.816  3330  3442 I art     : Explicit concurrent mark sweep GC freed 108(8KB) AllocSpace objects, 0(0B) LOS objects, 24% free, 48MB/64MB, paused 197us total 11.794ms
08-06 13:49:12.822  3330  3442 I art     : Starting a blocking GC Explicit
08-06 13:49:12.834  3330  3442 I art     : Explicit concurrent mark sweep GC freed 138(7KB) AllocSpace objects, 0(0B) LOS objects, 24% free, 48MB/64MB, paused 203us total 11.890ms
08-06 13:49:12.849   918   936 I ActivityManager: Displayed baseline.appteam.nith.hillffair/.activities.BattleDayActivity: +148ms
08-06 13:49:13.066  3330  3442 I art     : Starting a blocking GC Explicit
08-06 13:49:13.085  3330  3442 I art     : Explicit concurrent mark sweep GC freed 1361(79KB) AllocSpace objects, 1(20KB) LOS objects, 24% free, 48MB/64MB, paused 228us total 19.146ms
08-06 13:49:13.095  3330  3442 I art     : Starting a blocking GC Explicit
08-06 13:49:13.106   380   380 W SurfaceFlinger: couldn't log to binary event log: overflow.
08-06 13:49:13.112  3330  3442 I art     : Explicit concurrent mark sweep GC freed 24(832B) AllocSpace objects, 0(0B) LOS objects, 24% free, 48MB/64MB, paused 234us total 16.662ms
08-06 13:49:13.120  3330  3442 I art     : Starting a blocking GC Explicit
08-06 13:49:13.133  3330  3442 I art     : Explicit concurrent mark sweep GC freed 3(96B) AllocSpace objects, 0(0B) LOS objects, 24% free, 48MB/64MB, paused 183us total 12.187ms
08-06 13:49:13.138  3330  3442 I art     : Starting a blocking GC Explicit
08-06 13:49:13.150  3330  3442 I art     : Explicit concurrent mark sweep GC freed 3(96B) AllocSpace objects, 0(0B) LOS objects, 24% free, 48MB/64MB, paused 176us total 10.894ms
08-06 13:49:13.155  3330  3442 I art     : Starting a blocking GC Explicit
08-06 13:49:13.166  3330  3442 I art     : Explicit concurrent mark sweep GC freed 3(96B) AllocSpace objects, 0(0B) LOS objects, 24% free, 48MB/64MB, paused 177us total 10.824ms
08-06 13:49:13.244  3330  3584 D OkHttp  : --> GET https://api-hillfair-2k16.herokuapp.com/api/app/events/special http/1.1
08-06 13:49:13.282  3330  3584 D OkHttp  : <-- 200 OK https://api-hillfair-2k16.herokuapp.com/api/app/events/special (37ms, 554-byte body)
08-06 13:49:13.341  3330  3330 I NAPPA_EXPERIMENTATION: MetricNetworkRequestExecutionTime: REQUEST_DURATION_SYSTEM='583',REQUEST_DURATION_OKHTTP='37',REQUEST_SYNCHRONOUS='FALSE',RESPONSE_CODE='200',RESPONSE_METHOD='GET',RESPONSE_LENGTH_OKHTTP='554',RESPONSE_LENGTH_HEADER='554',REQUEST_PROTOCOL='http/1.1',REQUEST_URL='https://api-hillfair-2k16.herokuapp.com/api/app/events/special',
08-06 13:49:13.431  3330  3442 I art     : Starting a blocking GC Explicit
08-06 13:49:13.454  3330  3442 I art     : Explicit concurrent mark sweep GC freed 5949(384KB) AllocSpace objects, 4(220KB) LOS objects, 24% free, 48MB/64MB, paused 393us total 21.933ms
08-06 13:49:13.461  3330  3442 I art     : Starting a blocking GC Explicit
08-06 13:49:13.476  3330  3442 I art     : Explicit concurrent mark sweep GC freed 1131(123KB) AllocSpace objects, 0(0B) LOS objects, 24% free, 48MB/64MB, paused 284us total 14.745ms
08-06 13:49:13.483  3330  3442 I art     : Starting a blocking GC Explicit
08-06 13:49:13.496  3330  3442 I art     : Explicit concurrent mark sweep GC freed 3(96B) AllocSpace objects, 0(0B) LOS objects, 24% free, 48MB/64MB, paused 266us total 13.028ms
08-06 13:49:13.502  3330  3442 I art     : Starting a blocking GC Explicit
08-06 13:49:13.515  3330  3442 I art     : Explicit concurrent mark sweep GC freed 3(96B) AllocSpace objects, 0(0B) LOS objects, 24% free, 48MB/64MB, paused 299us total 13.344ms
08-06 13:49:13.521  3330  3442 I art     : Starting a blocking GC Explicit
08-06 13:49:13.535  3330  3442 I art     : Explicit concurrent mark sweep GC freed 3(96B) AllocSpace objects, 0(0B) LOS objects, 24% free, 48MB/64MB, paused 280us total 13.670ms
08-06 13:49:13.822  3330  3341 I art     : Starting a blocking GC Explicit
08-06 13:49:13.845  3330  3341 I art     : Explicit concurrent mark sweep GC freed 8532(362KB) AllocSpace objects, 1(20KB) LOS objects, 24% free, 48MB/64MB, paused 347us total 22.102ms
08-06 13:49:13.851  3330  3341 I art     : Starting a blocking GC Explicit
08-06 13:49:13.866  3330  3341 I art     : Explicit concurrent mark sweep GC freed 405(14KB) AllocSpace objects, 0(0B) LOS objects, 24% free, 48MB/64MB, paused 288us total 14.415ms
08-06 13:49:13.872  3330  3341 I art     : Starting a blocking GC Explicit
08-06 13:49:13.886  3330  3341 I art     : Explicit concurrent mark sweep GC freed 18(768B) AllocSpace objects, 0(0B) LOS objects, 24% free, 48MB/64MB, paused 266us total 14.082ms
08-06 13:49:13.892  3330  3341 I art     : Starting a blocking GC Explicit
08-06 13:49:13.906  3330  3341 I art     : Explicit concurrent mark sweep GC freed 105(8KB) AllocSpace objects, 0(0B) LOS objects, 24% free, 48MB/64MB, paused 292us total 13.453ms
08-06 13:49:13.912  3330  3341 I art     : Starting a blocking GC Explicit
08-06 13:49:13.925  3330  3341 I art     : Explicit concurrent mark sweep GC freed 31(13KB) AllocSpace objects, 0(0B) LOS objects, 24% free, 49MB/65MB, paused 269us total 13.112ms
08-06 13:49:14.195  3330  3348 I art     : Starting a blocking GC Explicit
08-06 13:49:14.213  3330  3348 I art     : Explicit concurrent mark sweep GC freed 1945(251KB) AllocSpace objects, 1(20KB) LOS objects, 23% free, 51MB/67MB, paused 251us total 18.389ms
08-06 13:49:14.224  3330  3348 I art     : Starting a blocking GC Explicit
08-06 13:49:14.239  3330  3348 I art     : Explicit concurrent mark sweep GC freed 106(3KB) AllocSpace objects, 0(0B) LOS objects, 23% free, 51MB/67MB, paused 216us total 14.828ms
08-06 13:49:14.246  3330  3348 I art     : Starting a blocking GC Explicit
08-06 13:49:14.260  3330  3348 I art     : Explicit concurrent mark sweep GC freed 3(96B) AllocSpace objects, 0(0B) LOS objects, 23% free, 51MB/67MB, paused 223us total 14.058ms
08-06 13:49:14.266  3330  3348 I art     : Starting a blocking GC Explicit
08-06 13:49:14.281  3330  3348 I art     : Explicit concurrent mark sweep GC freed 3(96B) AllocSpace objects, 0(0B) LOS objects, 23% free, 51MB/67MB, paused 209us total 13.981ms
08-06 13:49:14.287  3330  3348 I art     : Starting a blocking GC Explicit
08-06 13:49:14.301  3330  3348 I art     : Explicit concurrent mark sweep GC freed 3(96B) AllocSpace objects, 0(0B) LOS objects, 23% free, 51MB/67MB, paused 222us total 14.021ms
08-06 13:49:14.633  3330  3442 I art     : Starting a blocking GC Explicit
08-06 13:49:14.654  3330  3442 I art     : Explicit concurrent mark sweep GC freed 1340(78KB) AllocSpace objects, 1(20KB) LOS objects, 23% free, 51MB/67MB, paused 265us total 20.419ms
08-06 13:49:14.665  3330  3442 I art     : Starting a blocking GC Explicit
08-06 13:49:14.682  3330  3442 I art     : Explicit concurrent mark sweep GC freed 20(704B) AllocSpace objects, 0(0B) LOS objects, 23% free, 51MB/67MB, paused 218us total 16.294ms
08-06 13:49:14.688  3330  3442 I art     : Starting a blocking GC Explicit
08-06 13:49:14.702  3330  3442 I art     : Explicit concurrent mark sweep GC freed 3(96B) AllocSpace objects, 0(0B) LOS objects, 23% free, 51MB/67MB, paused 204us total 13.979ms
08-06 13:49:14.709  3330  3442 I art     : Starting a blocking GC Explicit
08-06 13:49:14.723  3330  3442 I art     : Explicit concurrent mark sweep GC freed 3(96B) AllocSpace objects, 0(0B) LOS objects, 23% free, 51MB/67MB, paused 215us total 13.954ms
08-06 13:49:14.730  3330  3442 I art     : Starting a blocking GC Explicit
08-06 13:49:14.744  3330  3442 I art     : Explicit concurrent mark sweep GC freed 3(96B) AllocSpace objects, 0(0B) LOS objects, 23% free, 51MB/67MB, paused 257us total 13.752ms
08-06 13:49:15.051  3330  3341 I art     : Starting a blocking GC Explicit
08-06 13:49:15.070  3330  3341 I art     : Explicit concurrent mark sweep GC freed 1340(78KB) AllocSpace objects, 1(20KB) LOS objects, 23% free, 51MB/67MB, paused 250us total 18.686ms
08-06 13:49:15.079  3330  3341 I art     : Starting a blocking GC Explicit
08-06 13:49:15.094  3330  3341 I art     : Explicit concurrent mark sweep GC freed 20(704B) AllocSpace objects, 0(0B) LOS objects, 23% free, 51MB/67MB, paused 241us total 14.169ms
08-06 13:49:15.100  3330  3341 I art     : Starting a blocking GC Explicit
08-06 13:49:15.115  3330  3341 I art     : Explicit concurrent mark sweep GC freed 3(96B) AllocSpace objects, 0(0B) LOS objects, 23% free, 51MB/67MB, paused 204us total 14.310ms
08-06 13:49:15.121  3330  3341 I art     : Starting a blocking GC Explicit
08-06 13:49:15.135  3330  3341 I art     : Explicit concurrent mark sweep GC freed 3(96B) AllocSpace objects, 0(0B) LOS objects, 23% free, 51MB/67MB, paused 209us total 13.462ms
08-06 13:49:15.141  3330  3341 I art     : Starting a blocking GC Explicit
08-06 13:49:15.155  3330  3341 I art     : Explicit concurrent mark sweep GC freed 3(96B) AllocSpace objects, 0(0B) LOS objects, 23% free, 51MB/67MB, paused 210us total 13.636ms
08-06 13:49:15.477  3330  3348 I art     : Starting a blocking GC Explicit
08-06 13:49:15.503  3330  3348 I art     : Explicit concurrent mark sweep GC freed 1340(78KB) AllocSpace objects, 1(20KB) LOS objects, 23% free, 51MB/67MB, paused 269us total 25.138ms
08-06 13:49:15.513  3330  3348 I art     : Starting a blocking GC Explicit
08-06 13:49:15.531  3330  3348 I art     : Explicit concurrent mark sweep GC freed 20(704B) AllocSpace objects, 0(0B) LOS objects, 23% free, 51MB/67MB, paused 213us total 16.785ms
08-06 13:49:15.537  3330  3348 I art     : Starting a blocking GC Explicit
08-06 13:49:15.552  3330  3348 I art     : Explicit concurrent mark sweep GC freed 3(96B) AllocSpace objects, 0(0B) LOS objects, 23% free, 51MB/67MB, paused 215us total 14.464ms
08-06 13:49:15.559  3330  3348 I art     : Starting a blocking GC Explicit
08-06 13:49:15.573  3330  3348 I art     : Explicit concurrent mark sweep GC freed 3(96B) AllocSpace objects, 0(0B) LOS objects, 23% free, 51MB/67MB, paused 217us total 13.920ms
08-06 13:49:15.579  3330  3348 I art     : Starting a blocking GC Explicit
08-06 13:49:15.593  3330  3348 I art     : Explicit concurrent mark sweep GC freed 3(96B) AllocSpace objects, 0(0B) LOS objects, 23% free, 51MB/67MB, paused 214us total 13.641ms
08-06 13:49:15.903  3330  3442 I art     : Starting a blocking GC Explicit
08-06 13:49:15.919  3330  3442 I art     : Explicit concurrent mark sweep GC freed 1340(78KB) AllocSpace objects, 1(20KB) LOS objects, 23% free, 51MB/67MB, paused 232us total 16.028ms
08-06 13:49:15.926  3330  3442 I art     : Starting a blocking GC Explicit
08-06 13:49:15.941  3330  3442 I art     : Explicit concurrent mark sweep GC freed 20(704B) AllocSpace objects, 0(0B) LOS objects, 23% free, 51MB/67MB, paused 221us total 14.309ms
08-06 13:49:15.947  3330  3442 I art     : Starting a blocking GC Explicit
08-06 13:49:15.962  3330  3442 I art     : Explicit concurrent mark sweep GC freed 3(96B) AllocSpace objects, 0(0B) LOS objects, 23% free, 51MB/67MB, paused 218us total 14.391ms
08-06 13:49:15.969  3330  3442 I art     : Starting a blocking GC Explicit
08-06 13:49:15.983  3330  3442 I art     : Explicit concurrent mark sweep GC freed 3(96B) AllocSpace objects, 0(0B) LOS objects, 23% free, 51MB/67MB, paused 216us total 14.062ms
08-06 13:49:15.989  3330  3442 I art     : Starting a blocking GC Explicit
08-06 13:49:16.004  3330  3442 I art     : Explicit concurrent mark sweep GC freed 3(96B) AllocSpace objects, 0(0B) LOS objects, 23% free, 51MB/67MB, paused 220us total 14.031ms
08-06 13:49:16.301  3330  3341 I art     : Starting a blocking GC Explicit
08-06 13:49:16.320  3330  3341 I art     : Explicit concurrent mark sweep GC freed 1340(78KB) AllocSpace objects, 1(20KB) LOS objects, 23% free, 51MB/67MB, paused 255us total 19.110ms
08-06 13:49:16.330  3330  3341 I art     : Starting a blocking GC Explicit
08-06 13:49:16.345  3330  3341 I art     : Explicit concurrent mark sweep GC freed 20(704B) AllocSpace objects, 0(0B) LOS objects, 23% free, 51MB/67MB, paused 216us total 14.304ms
08-06 13:49:16.351  3330  3341 I art     : Starting a blocking GC Explicit
08-06 13:49:16.366  3330  3341 I art     : Explicit concurrent mark sweep GC freed 3(96B) AllocSpace objects, 0(0B) LOS objects, 23% free, 51MB/67MB, paused 215us total 14.394ms
08-06 13:49:16.373  3330  3341 I art     : Starting a blocking GC Explicit
08-06 13:49:16.387  3330  3341 I art     : Explicit concurrent mark sweep GC freed 3(96B) AllocSpace objects, 0(0B) LOS objects, 23% free, 51MB/67MB, paused 309us total 14.007ms
08-06 13:49:16.393  3330  3341 I art     : Starting a blocking GC Explicit
08-06 13:49:16.407  3330  3341 I art     : Explicit concurrent mark sweep GC freed 3(96B) AllocSpace objects, 0(0B) LOS objects, 23% free, 51MB/67MB, paused 210us total 13.959ms
08-06 13:49:16.707  3330  3348 I art     : Starting a blocking GC Explicit
08-06 13:49:16.732  3330  3348 I art     : Explicit concurrent mark sweep GC freed 1340(78KB) AllocSpace objects, 1(20KB) LOS objects, 23% free, 51MB/67MB, paused 269us total 24.670ms
08-06 13:49:16.733  3330  3340 I art     : WaitForGcToComplete blocked for 10.898ms for cause HeapTrim
08-06 13:49:16.744  3330  3348 I art     : Starting a blocking GC Explicit
08-06 13:49:16.762  3330  3348 I art     : Explicit concurrent mark sweep GC freed 20(704B) AllocSpace objects, 0(0B) LOS objects, 23% free, 51MB/67MB, paused 227us total 17.195ms
08-06 13:49:16.769  3330  3348 I art     : Starting a blocking GC Explicit
08-06 13:49:16.783  3330  3348 I art     : Explicit concurrent mark sweep GC freed 3(96B) AllocSpace objects, 0(0B) LOS objects, 23% free, 51MB/67MB, paused 224us total 14.336ms
08-06 13:49:16.790  3330  3348 I art     : Starting a blocking GC Explicit
08-06 13:49:16.802  3330  3348 I art     : Explicit concurrent mark sweep GC freed 3(96B) AllocSpace objects, 0(0B) LOS objects, 23% free, 51MB/67MB, paused 202us total 12.593ms
08-06 13:49:16.808  3330  3348 I art     : Starting a blocking GC Explicit
08-06 13:49:16.821  3330  3348 I art     : Explicit concurrent mark sweep GC freed 3(96B) AllocSpace objects, 0(0B) LOS objects, 23% free, 51MB/67MB, paused 200us total 12.598ms
08-06 13:49:17.124  3330  3442 I art     : Starting a blocking GC Explicit
08-06 13:49:17.144  3330  3442 I art     : Explicit concurrent mark sweep GC freed 1340(78KB) AllocSpace objects, 1(20KB) LOS objects, 23% free, 51MB/67MB, paused 248us total 19.613ms
08-06 13:49:17.154  3330  3442 I art     : Starting a blocking GC Explicit
08-06 13:49:17.168  3330  3442 I art     : Explicit concurrent mark sweep GC freed 20(704B) AllocSpace objects, 0(0B) LOS objects, 23% free, 51MB/67MB, paused 218us total 14.235ms
08-06 13:49:17.175  3330  3442 I art     : Starting a blocking GC Explicit
08-06 13:49:17.189  3330  3442 I art     : Explicit concurrent mark sweep GC freed 3(96B) AllocSpace objects, 0(0B) LOS objects, 23% free, 51MB/67MB, paused 203us total 13.935ms
08-06 13:49:17.195  3330  3442 I art     : Starting a blocking GC Explicit
08-06 13:49:17.208  3330  3442 I art     : Explicit concurrent mark sweep GC freed 3(96B) AllocSpace objects, 0(0B) LOS objects, 23% free, 51MB/67MB, paused 198us total 13.006ms
08-06 13:49:17.215  3330  3442 I art     : Starting a blocking GC Explicit
08-06 13:49:17.228  3330  3442 I art     : Explicit concurrent mark sweep GC freed 3(96B) AllocSpace objects, 0(0B) LOS objects, 23% free, 51MB/67MB, paused 218us total 12.830ms
08-06 13:49:17.533  3330  3341 I art     : Starting a blocking GC Explicit
08-06 13:49:17.549  3330  3341 I art     : Explicit concurrent mark sweep GC freed 1340(78KB) AllocSpace objects, 1(20KB) LOS objects, 23% free, 51MB/67MB, paused 221us total 15.953ms
08-06 13:49:17.556  3330  3341 I art     : Starting a blocking GC Explicit
08-06 13:49:17.571  3330  3341 I art     : Explicit concurrent mark sweep GC freed 20(704B) AllocSpace objects, 0(0B) LOS objects, 23% free, 51MB/67MB, paused 223us total 14.325ms
08-06 13:49:17.577  3330  3341 I art     : Starting a blocking GC Explicit
08-06 13:49:17.592  3330  3341 I art     : Explicit concurrent mark sweep GC freed 3(96B) AllocSpace objects, 0(0B) LOS objects, 23% free, 51MB/67MB, paused 198us total 14.338ms
08-06 13:49:17.598  3330  3341 I art     : Starting a blocking GC Explicit
08-06 13:49:17.612  3330  3341 I art     : Explicit concurrent mark sweep GC freed 3(96B) AllocSpace objects, 0(0B) LOS objects, 23% free, 51MB/67MB, paused 207us total 13.681ms
08-06 13:49:17.618  3330  3341 I art     : Starting a blocking GC Explicit
08-06 13:49:17.632  3330  3341 I art     : Explicit concurrent mark sweep GC freed 3(96B) AllocSpace objects, 0(0B) LOS objects, 23% free, 51MB/67MB, paused 207us total 13.468ms
08-06 13:49:17.948  3330  3348 I art     : Starting a blocking GC Explicit
08-06 13:49:17.973  3330  3348 I art     : Explicit concurrent mark sweep GC freed 1340(78KB) AllocSpace objects, 1(20KB) LOS objects, 23% free, 51MB/67MB, paused 236us total 24.148ms
08-06 13:49:17.984  3330  3348 I art     : Starting a blocking GC Explicit
08-06 13:49:18.002  3330  3348 I art     : Explicit concurrent mark sweep GC freed 20(704B) AllocSpace objects, 0(0B) LOS objects, 23% free, 51MB/67MB, paused 229us total 16.854ms
08-06 13:49:18.008  3330  3348 I art     : Starting a blocking GC Explicit
08-06 13:49:18.022  3330  3348 I art     : Explicit concurrent mark sweep GC freed 3(96B) AllocSpace objects, 0(0B) LOS objects, 23% free, 51MB/67MB, paused 215us total 13.926ms
08-06 13:49:18.029  3330  3348 I art     : Starting a blocking GC Explicit
08-06 13:49:18.043  3330  3348 I art     : Explicit concurrent mark sweep GC freed 3(96B) AllocSpace objects, 0(0B) LOS objects, 23% free, 51MB/67MB, paused 214us total 14.057ms
08-06 13:49:18.050  3330  3348 I art     : Starting a blocking GC Explicit
08-06 13:49:18.064  3330  3348 I art     : Explicit concurrent mark sweep GC freed 3(96B) AllocSpace objects, 0(0B) LOS objects, 23% free, 51MB/67MB, paused 211us total 13.684ms
08-06 13:49:18.404  3330  3442 I art     : Starting a blocking GC Explicit
08-06 13:49:18.429  3330  3442 I art     : Explicit concurrent mark sweep GC freed 1340(78KB) AllocSpace objects, 1(20KB) LOS objects, 23% free, 51MB/67MB, paused 249us total 24.020ms
08-06 13:49:18.439  3330  3442 I art     : Starting a blocking GC Explicit
08-06 13:49:18.456  3330  3442 I art     : Explicit concurrent mark sweep GC freed 20(704B) AllocSpace objects, 0(0B) LOS objects, 23% free, 51MB/67MB, paused 235us total 16.674ms
08-06 13:49:18.462  3330  3442 I art     : Starting a blocking GC Explicit
08-06 13:49:18.477  3330  3442 I art     : Explicit concurrent mark sweep GC freed 3(96B) AllocSpace objects, 0(0B) LOS objects, 23% free, 51MB/67MB, paused 221us total 14.431ms
08-06 13:49:18.484  3330  3442 I art     : Starting a blocking GC Explicit
08-06 13:49:18.497  3330  3442 I art     : Explicit concurrent mark sweep GC freed 3(96B) AllocSpace objects, 0(0B) LOS objects, 23% free, 51MB/67MB, paused 213us total 13.523ms
08-06 13:49:18.503  3330  3442 I art     : Starting a blocking GC Explicit
08-06 13:49:18.517  3330  3442 I art     : Explicit concurrent mark sweep GC freed 3(96B) AllocSpace objects, 0(0B) LOS objects, 23% free, 51MB/67MB, paused 223us total 13.309ms
08-06 13:49:18.819  3330  3341 I art     : Starting a blocking GC Explicit
08-06 13:49:18.838  3330  3341 I art     : Explicit concurrent mark sweep GC freed 1340(78KB) AllocSpace objects, 1(20KB) LOS objects, 23% free, 51MB/67MB, paused 253us total 18.763ms
08-06 13:49:18.848  3330  3341 I art     : Starting a blocking GC Explicit
08-06 13:49:18.863  3330  3341 I art     : Explicit concurrent mark sweep GC freed 20(704B) AllocSpace objects, 0(0B) LOS objects, 23% free, 51MB/67MB, paused 213us total 14.397ms
08-06 13:49:18.870  3330  3341 I art     : Starting a blocking GC Explicit
08-06 13:49:18.884  3330  3341 I art     : Explicit concurrent mark sweep GC freed 3(96B) AllocSpace objects, 0(0B) LOS objects, 23% free, 51MB/67MB, paused 205us total 14.160ms
08-06 13:49:18.891  3330  3341 I art     : Starting a blocking GC Explicit
08-06 13:49:18.905  3330  3341 I art     : Explicit concurrent mark sweep GC freed 3(96B) AllocSpace objects, 0(0B) LOS objects, 23% free, 51MB/67MB, paused 206us total 13.897ms
08-06 13:49:18.911  3330  3341 I art     : Starting a blocking GC Explicit
08-06 13:49:18.925  3330  3341 I art     : Explicit concurrent mark sweep GC freed 3(96B) AllocSpace objects, 0(0B) LOS objects, 23% free, 51MB/67MB, paused 242us total 13.383ms
08-06 13:49:19.221  3330  3348 I art     : Starting a blocking GC Explicit
08-06 13:49:19.238  3330  3348 I art     : Explicit concurrent mark sweep GC freed 1340(78KB) AllocSpace objects, 1(20KB) LOS objects, 23% free, 51MB/67MB, paused 237us total 16.659ms
08-06 13:49:19.249  3330  3348 I art     : Starting a blocking GC Explicit
08-06 13:49:19.264  3330  3348 I art     : Explicit concurrent mark sweep GC freed 20(704B) AllocSpace objects, 0(0B) LOS objects, 23% free, 51MB/67MB, paused 212us total 14.890ms
08-06 13:49:19.270  3330  3348 I art     : Starting a blocking GC Explicit
08-06 13:49:19.284  3330  3348 I art     : Explicit concurrent mark sweep GC freed 3(96B) AllocSpace objects, 0(0B) LOS objects, 23% free, 51MB/67MB, paused 210us total 13.651ms
08-06 13:49:19.290  3330  3348 I art     : Starting a blocking GC Explicit
08-06 13:49:19.304  3330  3348 I art     : Explicit concurrent mark sweep GC freed 3(96B) AllocSpace objects, 0(0B) LOS objects, 23% free, 51MB/67MB, paused 212us total 13.466ms
08-06 13:49:19.310  3330  3348 I art     : Starting a blocking GC Explicit
08-06 13:49:19.324  3330  3348 I art     : Explicit concurrent mark sweep GC freed 3(96B) AllocSpace objects, 0(0B) LOS objects, 23% free, 51MB/67MB, paused 209us total 13.578ms
08-06 13:49:19.642  3330  3442 I art     : Starting a blocking GC Explicit
08-06 13:49:19.664  3330  3442 I art     : Explicit concurrent mark sweep GC freed 1340(78KB) AllocSpace objects, 1(20KB) LOS objects, 23% free, 51MB/67MB, paused 278us total 21.424ms
08-06 13:49:19.674  3330  3442 I art     : Starting a blocking GC Explicit
08-06 13:49:19.693  3330  3442 I art     : Explicit concurrent mark sweep GC freed 20(704B) AllocSpace objects, 0(0B) LOS objects, 23% free, 51MB/67MB, paused 262us total 18.658ms
08-06 13:49:19.702  3330  3442 I art     : Starting a blocking GC Explicit
08-06 13:49:19.716  3330  3442 I art     : Explicit concurrent mark sweep GC freed 3(96B) AllocSpace objects, 0(0B) LOS objects, 23% free, 51MB/67MB, paused 217us total 14.237ms
08-06 13:49:19.723  3330  3442 I art     : Starting a blocking GC Explicit
08-06 13:49:19.737  3330  3442 I art     : Explicit concurrent mark sweep GC freed 3(96B) AllocSpace objects, 0(0B) LOS objects, 23% free, 51MB/67MB, paused 215us total 14.221ms
08-06 13:49:19.743  3330  3442 I art     : Starting a blocking GC Explicit
08-06 13:49:19.757  3330  3442 I art     : Explicit concurrent mark sweep GC freed 3(96B) AllocSpace objects, 0(0B) LOS objects, 23% free, 51MB/67MB, paused 215us total 13.650ms
08-06 13:49:20.072  3330  3341 I art     : Starting a blocking GC Explicit
08-06 13:49:20.093  3330  3341 I art     : Explicit concurrent mark sweep GC freed 1340(78KB) AllocSpace objects, 1(20KB) LOS objects, 23% free, 51MB/67MB, paused 316us total 20.786ms
08-06 13:49:20.104  3330  3341 I art     : Starting a blocking GC Explicit
08-06 13:49:20.118  3330  3341 I art     : Explicit concurrent mark sweep GC freed 20(704B) AllocSpace objects, 0(0B) LOS objects, 23% free, 51MB/67MB, paused 210us total 13.920ms
08-06 13:49:20.124  3330  3341 I art     : Starting a blocking GC Explicit
08-06 13:49:20.138  3330  3341 I art     : Explicit concurrent mark sweep GC freed 3(96B) AllocSpace objects, 0(0B) LOS objects, 23% free, 51MB/67MB, paused 206us total 13.518ms
08-06 13:49:20.144  3330  3341 I art     : Starting a blocking GC Explicit
08-06 13:49:20.159  3330  3341 I art     : Explicit concurrent mark sweep GC freed 3(96B) AllocSpace objects, 0(0B) LOS objects, 23% free, 51MB/67MB, paused 238us total 13.978ms
08-06 13:49:20.165  3330  3341 I art     : Starting a blocking GC Explicit
08-06 13:49:20.179  3330  3341 I art     : Explicit concurrent mark sweep GC freed 3(96B) AllocSpace objects, 0(0B) LOS objects, 23% free, 51MB/67MB, paused 212us total 14.058ms
08-06 13:49:20.488  3330  3348 I art     : Starting a blocking GC Explicit
08-06 13:49:20.509  3330  3348 I art     : Explicit concurrent mark sweep GC freed 1340(78KB) AllocSpace objects, 1(20KB) LOS objects, 23% free, 51MB/67MB, paused 252us total 20.641ms
08-06 13:49:20.519  3330  3348 I art     : Starting a blocking GC Explicit
08-06 13:49:20.537  3330  3348 I art     : Explicit concurrent mark sweep GC freed 20(704B) AllocSpace objects, 0(0B) LOS objects, 23% free, 51MB/67MB, paused 272us total 17.685ms
08-06 13:49:20.545  3330  3348 I art     : Starting a blocking GC Explicit
08-06 13:49:20.560  3330  3348 I art     : Explicit concurrent mark sweep GC freed 3(96B) AllocSpace objects, 0(0B) LOS objects, 23% free, 51MB/67MB, paused 220us total 14.420ms
08-06 13:49:20.567  3330  3348 I art     : Starting a blocking GC Explicit
08-06 13:49:20.581  3330  3348 I art     : Explicit concurrent mark sweep GC freed 3(96B) AllocSpace objects, 0(0B) LOS objects, 23% free, 51MB/67MB, paused 213us total 14.303ms
08-06 13:49:20.588  3330  3348 I art     : Starting a blocking GC Explicit
08-06 13:49:20.602  3330  3348 I art     : Explicit concurrent mark sweep GC freed 3(96B) AllocSpace objects, 0(0B) LOS objects, 23% free, 51MB/67MB, paused 216us total 13.998ms
08-06 13:49:20.915  3330  3442 I art     : Starting a blocking GC Explicit
08-06 13:49:20.936  3330  3442 I art     : Explicit concurrent mark sweep GC freed 1340(78KB) AllocSpace objects, 1(20KB) LOS objects, 23% free, 51MB/67MB, paused 234us total 20.275ms
08-06 13:49:20.950  3330  3442 I art     : Starting a blocking GC Explicit
08-06 13:49:20.965  3330  3442 I art     : Explicit concurrent mark sweep GC freed 20(704B) AllocSpace objects, 0(0B) LOS objects, 23% free, 51MB/67MB, paused 235us total 14.681ms
08-06 13:49:20.971  3330  3442 I art     : Starting a blocking GC Explicit
08-06 13:49:20.984  3330  3442 I art     : Explicit concurrent mark sweep GC freed 3(96B) AllocSpace objects, 0(0B) LOS objects, 23% free, 51MB/67MB, paused 217us total 12.999ms
08-06 13:49:20.990  3330  3442 I art     : Starting a blocking GC Explicit
08-06 13:49:21.003  3330  3442 I art     : Explicit concurrent mark sweep GC freed 3(96B) AllocSpace objects, 0(0B) LOS objects, 23% free, 51MB/67MB, paused 203us total 12.415ms
08-06 13:49:21.008  3330  3442 I art     : Starting a blocking GC Explicit
08-06 13:49:21.021  3330  3442 I art     : Explicit concurrent mark sweep GC freed 3(96B) AllocSpace objects, 0(0B) LOS objects, 23% free, 51MB/67MB, paused 211us total 11.960ms
08-06 13:49:21.247  3833  3833 D AndroidRuntime: >>>>>> START com.android.internal.os.RuntimeInit uid 2000 <<<<<<
08-06 13:49:21.252  3833  3833 D AndroidRuntime: CheckJNI is OFF
08-06 13:49:21.279  3833  3833 D ICU     : No timezone override file found: /data/misc/zoneinfo/current/icu/icu_tzdata.dat
08-06 13:49:21.289  3330  3341 I art     : Starting a blocking GC Explicit
08-06 13:49:21.304  3330  3341 I art     : Explicit concurrent mark sweep GC freed 1340(78KB) AllocSpace objects, 1(20KB) LOS objects, 23% free, 51MB/67MB, paused 239us total 14.323ms
08-06 13:49:21.307  3833  3833 I Radio-JNI: register_android_hardware_Radio DONE
08-06 13:49:21.310  3330  3341 I art     : Starting a blocking GC Explicit
08-06 13:49:21.324  3833  3833 D AndroidRuntime: Calling main entry com.android.commands.input.Input
08-06 13:49:21.324  3330  3341 I art     : Explicit concurrent mark sweep GC freed 20(704B) AllocSpace objects, 0(0B) LOS objects, 23% free, 51MB/67MB, paused 220us total 13.818ms
08-06 13:49:21.327  3833  3833 I Input   : injectMotionEvent: MotionEvent { action=ACTION_DOWN, actionButton=0, id[0]=0, x[0]=733.0, y[0]=645.0, toolType[0]=TOOL_TYPE_UNKNOWN, buttonState=0, metaState=0, flags=0x0, edgeFlags=0x0, pointerCount=1, historySize=0, eventTime=884977739, downTime=884977739, deviceId=0, source=0x1002 }
08-06 13:49:21.331  3833  3833 I Input   : injectMotionEvent: MotionEvent { action=ACTION_UP, actionButton=0, id[0]=0, x[0]=733.0, y[0]=645.0, toolType[0]=TOOL_TYPE_UNKNOWN, buttonState=0, metaState=0, flags=0x0, edgeFlags=0x0, pointerCount=1, historySize=0, eventTime=884977739, downTime=884977739, deviceId=0, source=0x1002 }
08-06 13:49:21.332  3330  3341 I art     : Starting a blocking GC Explicit
08-06 13:49:21.335   918  4413 I ActivityManager: START u0 {cmp=baseline.appteam.nith.hillffair/.activities.ClubActivity (has extras)} from uid 10697 on display 0
08-06 13:49:21.340  3833  3833 D AndroidRuntime: Shutting down VM
08-06 13:49:21.345  3330  3341 I art     : Explicit concurrent mark sweep GC freed 37(5KB) AllocSpace objects, 0(0B) LOS objects, 23% free, 52MB/68MB, paused 347us total 13.143ms
08-06 13:49:21.351  3330  3341 I art     : Starting a blocking GC Explicit
08-06 13:49:21.368  3330  3341 I art     : Explicit concurrent mark sweep GC freed 3113(182KB) AllocSpace objects, 0(0B) LOS objects, 23% free, 52MB/68MB, paused 481us total 16.097ms
08-06 13:49:21.374  3330  3341 I art     : Starting a blocking GC Explicit
08-06 13:49:21.387  3330  3341 I art     : Explicit concurrent mark sweep GC freed 673(56KB) AllocSpace objects, 0(0B) LOS objects, 23% free, 52MB/68MB, paused 249us total 12.985ms
08-06 13:49:21.420   918   936 I ActivityManager: Displayed baseline.appteam.nith.hillffair/.activities.ClubActivity: +80ms
08-06 13:49:21.420 13866 13866 I GoogleInputMethodServic: GoogleInputMethodService.onFinishInput():3138 
08-06 13:49:21.421 13866 13866 I GoogleInputMethodServic: GoogleInputMethodService.onStartInput():1808 
08-06 13:49:21.628  3330  3341 I art     : Starting a blocking GC Explicit
08-06 13:49:21.652  3330  3341 I art     : Explicit concurrent mark sweep GC freed 1638(92KB) AllocSpace objects, 1(20KB) LOS objects, 23% free, 52MB/68MB, paused 305us total 24.038ms
08-06 13:49:21.663  3330  3341 I art     : Starting a blocking GC Explicit
08-06 13:49:21.681   380   380 W SurfaceFlinger: couldn't log to binary event log: overflow.
08-06 13:49:21.684  3330  3341 I art     : Explicit concurrent mark sweep GC freed 34(1168B) AllocSpace objects, 0(0B) LOS objects, 23% free, 52MB/68MB, paused 293us total 20.206ms
08-06 13:49:21.693  3330  3341 I art     : Starting a blocking GC Explicit
08-06 13:49:21.708  3330  3341 I art     : Explicit concurrent mark sweep GC freed 3(96B) AllocSpace objects, 0(0B) LOS objects, 23% free, 52MB/68MB, paused 238us total 14.359ms
08-06 13:49:21.713  3330  3341 I art     : Starting a blocking GC Explicit
08-06 13:49:21.726  3330  3341 I art     : Explicit concurrent mark sweep GC freed 3(96B) AllocSpace objects, 0(0B) LOS objects, 23% free, 52MB/68MB, paused 238us total 12.357ms
08-06 13:49:21.732  3330  3341 I art     : Starting a blocking GC Explicit
08-06 13:49:21.744  3330  3341 I art     : Explicit concurrent mark sweep GC freed 3(96B) AllocSpace objects, 0(0B) LOS objects, 23% free, 52MB/68MB, paused 272us total 12.388ms
08-06 13:49:22.033  3330  3341 I art     : Starting a blocking GC Explicit
08-06 13:49:22.052  3330  3341 I art     : Explicit concurrent mark sweep GC freed 1499(87KB) AllocSpace objects, 1(20KB) LOS objects, 23% free, 52MB/68MB, paused 332us total 19.192ms
08-06 13:49:22.060  3330  3341 I art     : Starting a blocking GC Explicit
08-06 13:49:22.075  3330  3341 I art     : Explicit concurrent mark sweep GC freed 53(1792B) AllocSpace objects, 0(0B) LOS objects, 23% free, 52MB/68MB, paused 291us total 14.998ms
08-06 13:49:22.081  3330  3341 I art     : Starting a blocking GC Explicit
08-06 13:49:22.095  3330  3341 I art     : Explicit concurrent mark sweep GC freed 7(240B) AllocSpace objects, 0(0B) LOS objects, 23% free, 52MB/68MB, paused 253us total 13.932ms
08-06 13:49:22.101  3330  3341 I art     : Starting a blocking GC Explicit
08-06 13:49:22.103   518   646 I ThermalEngine: ACTION: GPU - Setting GPU[0] to 510000000
08-06 13:49:22.119  3330  3341 I art     : Explicit concurrent mark sweep GC freed 10(400B) AllocSpace objects, 0(0B) LOS objects, 23% free, 52MB/68MB, paused 301us total 17.553ms
08-06 13:49:22.127  3330  3341 I art     : Starting a blocking GC Explicit
08-06 13:49:22.146  3330  3341 I art     : Explicit concurrent mark sweep GC freed 1401(86KB) AllocSpace objects, 2(120KB) LOS objects, 23% free, 52MB/68MB, paused 524us total 19.017ms
08-06 13:49:22.156   918  3261 D WifiStateMachine: starting scan for "H369AA63323"WPA_PSK with 2412,5180
08-06 13:49:22.156  3330  3857 D OkHttp  : --> GET https://api-hillfair-2k16.herokuapp.com/api/app/events/special/event?id=5806551bdcba0f490c70fd1f http/1.1
08-06 13:49:22.209  3330  3857 D OkHttp  : <-- 200 OK https://api-hillfair-2k16.herokuapp.com/api/app/events/special/event?id=5806551bdcba0f490c70fd1f (53ms, 795-byte body)
08-06 13:49:22.267  3330  3330 I NAPPA_EXPERIMENTATION: MetricNetworkRequestExecutionTime: REQUEST_DURATION_SYSTEM='902',REQUEST_DURATION_OKHTTP='53',REQUEST_SYNCHRONOUS='FALSE',RESPONSE_CODE='200',RESPONSE_METHOD='GET',RESPONSE_LENGTH_OKHTTP='795',RESPONSE_LENGTH_HEADER='795',REQUEST_PROTOCOL='http/1.1',REQUEST_URL='https://api-hillfair-2k16.herokuapp.com/api/app/events/special/event?id=5806551bdcba0f490c70fd1f',
08-06 13:49:22.404  3330  3442 I art     : Starting a blocking GC Explicit
08-06 13:49:22.425  3330  3442 I art     : Explicit concurrent mark sweep GC freed 4300(364KB) AllocSpace objects, 2(100KB) LOS objects, 23% free, 52MB/68MB, paused 352us total 20.561ms
08-06 13:49:22.433  3330  3442 I art     : Starting a blocking GC Explicit
08-06 13:49:22.451  3330  3442 I art     : Explicit concurrent mark sweep GC freed 135(6KB) AllocSpace objects, 0(0B) LOS objects, 23% free, 52MB/68MB, paused 282us total 17.720ms
08-06 13:49:22.459  3330  3442 I art     : Starting a blocking GC Explicit
08-06 13:49:22.477  3330  3442 I art     : Explicit concurrent mark sweep GC freed 3(96B) AllocSpace objects, 0(0B) LOS objects, 23% free, 52MB/68MB, paused 336us total 17.655ms
08-06 13:49:22.485  3330  3442 I art     : Starting a blocking GC Explicit
08-06 13:49:22.503  3330  3442 I art     : Explicit concurrent mark sweep GC freed 3(96B) AllocSpace objects, 0(0B) LOS objects, 23% free, 52MB/68MB, paused 391us total 17.856ms
08-06 13:49:22.512  3330  3442 I art     : Starting a blocking GC Explicit
08-06 13:49:22.531  3330  3442 I art     : Explicit concurrent mark sweep GC freed 3(96B) AllocSpace objects, 0(0B) LOS objects, 23% free, 52MB/68MB, paused 318us total 18.497ms
08-06 13:49:22.807  3330  3442 I art     : Starting a blocking GC Explicit
08-06 13:49:22.827  3330  3442 I art     : Explicit concurrent mark sweep GC freed 1344(78KB) AllocSpace objects, 1(20KB) LOS objects, 23% free, 52MB/68MB, paused 437us total 20.048ms
08-06 13:49:22.835  3330  3442 I art     : Starting a blocking GC Explicit
08-06 13:49:22.855  3330  3442 I art     : Explicit concurrent mark sweep GC freed 36(1264B) AllocSpace objects, 0(0B) LOS objects, 23% free, 52MB/68MB, paused 324us total 18.940ms
08-06 13:49:22.863  3330  3442 I art     : Starting a blocking GC Explicit
08-06 13:49:22.882  3330  3442 I art     : Explicit concurrent mark sweep GC freed 3(96B) AllocSpace objects, 0(0B) LOS objects, 23% free, 52MB/68MB, paused 309us total 19.032ms
08-06 13:49:22.891  3330  3442 I art     : Starting a blocking GC Explicit
08-06 13:49:22.910  3330  3442 I art     : Explicit concurrent mark sweep GC freed 3(96B) AllocSpace objects, 0(0B) LOS objects, 23% free, 52MB/68MB, paused 326us total 18.919ms
08-06 13:49:22.919  3330  3442 I art     : Starting a blocking GC Explicit
08-06 13:49:22.937  3330  3442 I art     : Explicit concurrent mark sweep GC freed 3(96B) AllocSpace objects, 0(0B) LOS objects, 23% free, 52MB/68MB, paused 302us total 18.534ms
08-06 13:49:23.258  3330  3341 I art     : Starting a blocking GC Explicit
08-06 13:49:23.282  3330  3341 I art     : Explicit concurrent mark sweep GC freed 1343(78KB) AllocSpace objects, 1(20KB) LOS objects, 23% free, 52MB/68MB, paused 321us total 23.602ms
08-06 13:49:23.295  3330  3341 I art     : Starting a blocking GC Explicit
08-06 13:49:23.313  3330  3341 I art     : Explicit concurrent mark sweep GC freed 20(704B) AllocSpace objects, 0(0B) LOS objects, 23% free, 52MB/68MB, paused 299us total 18.305ms
08-06 13:49:23.321  3330  3341 I art     : Starting a blocking GC Explicit
08-06 13:49:23.340  3330  3341 I art     : Explicit concurrent mark sweep GC freed 3(96B) AllocSpace objects, 0(0B) LOS objects, 23% free, 52MB/68MB, paused 299us total 18.476ms
08-06 13:49:23.349  3330  3341 I art     : Starting a blocking GC Explicit
08-06 13:49:23.368  3330  3341 I art     : Explicit concurrent mark sweep GC freed 3(96B) AllocSpace objects, 0(0B) LOS objects, 23% free, 52MB/68MB, paused 359us total 19.081ms
08-06 13:49:23.377  3330  3341 I art     : Starting a blocking GC Explicit
08-06 13:49:23.396  3330  3341 I art     : Explicit concurrent mark sweep GC freed 3(96B) AllocSpace objects, 0(0B) LOS objects, 23% free, 52MB/68MB, paused 320us total 18.968ms
08-06 13:49:23.734  3330  3348 I art     : Starting a blocking GC Explicit
08-06 13:49:23.762  3330  3348 I art     : Explicit concurrent mark sweep GC freed 1343(78KB) AllocSpace objects, 1(20KB) LOS objects, 23% free, 52MB/68MB, paused 382us total 28.060ms
08-06 13:49:23.778  3330  3348 I art     : Starting a blocking GC Explicit
08-06 13:49:23.797  3330  3348 I art     : Explicit concurrent mark sweep GC freed 20(704B) AllocSpace objects, 0(0B) LOS objects, 23% free, 52MB/68MB, paused 327us total 19.062ms
08-06 13:49:23.806  3330  3348 I art     : Starting a blocking GC Explicit
08-06 13:49:23.825  3330  3348 I art     : Explicit concurrent mark sweep GC freed 3(96B) AllocSpace objects, 0(0B) LOS objects, 23% free, 52MB/68MB, paused 314us total 19.377ms
08-06 13:49:23.834  3330  3348 I art     : Starting a blocking GC Explicit
08-06 13:49:23.853  3330  3348 I art     : Explicit concurrent mark sweep GC freed 3(96B) AllocSpace objects, 0(0B) LOS objects, 23% free, 52MB/68MB, paused 318us total 18.809ms
08-06 13:49:23.862  3330  3348 I art     : Starting a blocking GC Explicit
08-06 13:49:23.881  3330  3348 I art     : Explicit concurrent mark sweep GC freed 3(96B) AllocSpace objects, 0(0B) LOS objects, 23% free, 52MB/68MB, paused 311us total 19.215ms
08-06 13:49:24.224  3330  3442 I art     : Starting a blocking GC Explicit
08-06 13:49:24.251  3330  3442 I art     : Explicit concurrent mark sweep GC freed 1343(78KB) AllocSpace objects, 1(20KB) LOS objects, 23% free, 52MB/68MB, paused 342us total 26.553ms
08-06 13:49:24.263  3330  3442 I art     : Starting a blocking GC Explicit
08-06 13:49:24.281  3330  3442 I art     : Explicit concurrent mark sweep GC freed 20(704B) AllocSpace objects, 0(0B) LOS objects, 23% free, 52MB/68MB, paused 321us total 18.617ms
08-06 13:49:24.290  3330  3442 I art     : Starting a blocking GC Explicit
08-06 13:49:24.309  3330  3442 I art     : Explicit concurrent mark sweep GC freed 3(96B) AllocSpace objects, 0(0B) LOS objects, 23% free, 52MB/68MB, paused 313us total 18.672ms
08-06 13:49:24.317  3330  3442 I art     : Starting a blocking GC Explicit
08-06 13:49:24.336  3330  3442 I art     : Explicit concurrent mark sweep GC freed 3(96B) AllocSpace objects, 0(0B) LOS objects, 23% free, 52MB/68MB, paused 307us total 18.745ms
08-06 13:49:24.344  3330  3442 I art     : Starting a blocking GC Explicit
08-06 13:49:24.363  3330  3442 I art     : Explicit concurrent mark sweep GC freed 3(96B) AllocSpace objects, 0(0B) LOS objects, 23% free, 52MB/68MB, paused 313us total 18.460ms
08-06 13:49:24.665  3330  3341 I art     : Starting a blocking GC Explicit
08-06 13:49:24.687  3330  3341 I art     : Explicit concurrent mark sweep GC freed 1343(78KB) AllocSpace objects, 1(20KB) LOS objects, 23% free, 52MB/68MB, paused 335us total 21.456ms
08-06 13:49:24.698  3330  3341 I art     : Starting a blocking GC Explicit
08-06 13:49:24.718  3330  3341 I art     : Explicit concurrent mark sweep GC freed 20(704B) AllocSpace objects, 0(0B) LOS objects, 23% free, 52MB/68MB, paused 313us total 19.296ms
08-06 13:49:24.726  3330  3341 I art     : Starting a blocking GC Explicit
08-06 13:49:24.746  3330  3341 I art     : Explicit concurrent mark sweep GC freed 3(96B) AllocSpace objects, 0(0B) LOS objects, 23% free, 52MB/68MB, paused 309us total 19.090ms
08-06 13:49:24.754  3330  3341 I art     : Starting a blocking GC Explicit
08-06 13:49:24.773  3330  3341 I art     : Explicit concurrent mark sweep GC freed 3(96B) AllocSpace objects, 0(0B) LOS objects, 23% free, 52MB/68MB, paused 299us total 18.462ms
08-06 13:49:24.781  3330  3341 I art     : Starting a blocking GC Explicit
08-06 13:49:24.800  3330  3341 I art     : Explicit concurrent mark sweep GC freed 3(96B) AllocSpace objects, 0(0B) LOS objects, 23% free, 52MB/68MB, paused 303us total 18.850ms
08-06 13:49:25.116  3330  3348 I art     : Starting a blocking GC Explicit
08-06 13:49:25.140  3330  3348 I art     : Explicit concurrent mark sweep GC freed 1343(78KB) AllocSpace objects, 1(20KB) LOS objects, 23% free, 52MB/68MB, paused 359us total 23.334ms
08-06 13:49:25.152  3330  3348 I art     : Starting a blocking GC Explicit
08-06 13:49:25.174  3330  3348 I art     : Explicit concurrent mark sweep GC freed 20(704B) AllocSpace objects, 0(0B) LOS objects, 23% free, 52MB/68MB, paused 317us total 21.279ms
08-06 13:49:25.182  3330  3348 I art     : Starting a blocking GC Explicit
08-06 13:49:25.202  3330  3348 I art     : Explicit concurrent mark sweep GC freed 3(96B) AllocSpace objects, 0(0B) LOS objects, 23% free, 52MB/68MB, paused 321us total 19.099ms
08-06 13:49:25.210  3330  3348 I art     : Starting a blocking GC Explicit
08-06 13:49:25.229  3330  3348 I art     : Explicit concurrent mark sweep GC freed 3(96B) AllocSpace objects, 0(0B) LOS objects, 23% free, 52MB/68MB, paused 320us total 18.412ms
08-06 13:49:25.237  3330  3348 I art     : Starting a blocking GC Explicit
08-06 13:49:25.239 28167 28167 I ServiceManager: Waiting for service AtCmdFwd...
08-06 13:49:25.256  3330  3348 I art     : Explicit concurrent mark sweep GC freed 3(96B) AllocSpace objects, 0(0B) LOS objects, 23% free, 52MB/68MB, paused 325us total 18.402ms
08-06 13:49:25.580  3330  3442 I art     : Starting a blocking GC Explicit
08-06 13:49:25.606  3330  3442 I art     : Explicit concurrent mark sweep GC freed 1343(78KB) AllocSpace objects, 1(20KB) LOS objects, 23% free, 52MB/68MB, paused 376us total 25.718ms
08-06 13:49:25.621  3330  3442 I art     : Starting a blocking GC Explicit
08-06 13:49:25.639  3330  3442 I art     : Explicit concurrent mark sweep GC freed 20(704B) AllocSpace objects, 0(0B) LOS objects, 23% free, 52MB/68MB, paused 310us total 18.650ms
08-06 13:49:25.648  3330  3442 I art     : Starting a blocking GC Explicit
08-06 13:49:25.667  3330  3442 I art     : Explicit concurrent mark sweep GC freed 3(96B) AllocSpace objects, 0(0B) LOS objects, 23% free, 52MB/68MB, paused 312us total 18.446ms
08-06 13:49:25.675  3330  3442 I art     : Starting a blocking GC Explicit
08-06 13:49:25.693  3330  3442 I art     : Explicit concurrent mark sweep GC freed 3(96B) AllocSpace objects, 0(0B) LOS objects, 23% free, 52MB/68MB, paused 312us total 18.221ms
08-06 13:49:25.701  3330  3442 I art     : Starting a blocking GC Explicit
08-06 13:49:25.720  3330  3442 I art     : Explicit concurrent mark sweep GC freed 3(96B) AllocSpace objects, 0(0B) LOS objects, 23% free, 52MB/68MB, paused 317us total 18.740ms
08-06 13:49:26.026  3330  3341 I art     : Starting a blocking GC Explicit
08-06 13:49:26.050  3330  3341 I art     : Explicit concurrent mark sweep GC freed 1343(78KB) AllocSpace objects, 1(20KB) LOS objects, 23% free, 52MB/68MB, paused 336us total 24.015ms
08-06 13:49:26.062  3330  3341 I art     : Starting a blocking GC Explicit
08-06 13:49:26.085  3330  3341 I art     : Explicit concurrent mark sweep GC freed 20(704B) AllocSpace objects, 0(0B) LOS objects, 23% free, 52MB/68MB, paused 335us total 22.737ms
08-06 13:49:26.095  3330  3341 I art     : Starting a blocking GC Explicit
08-06 13:49:26.114  3330  3341 I art     : Explicit concurrent mark sweep GC freed 3(96B) AllocSpace objects, 0(0B) LOS objects, 23% free, 52MB/68MB, paused 306us total 19.186ms
08-06 13:49:26.123  3330  3341 I art     : Starting a blocking GC Explicit
08-06 13:49:26.141  3330  3341 I art     : Explicit concurrent mark sweep GC freed 3(96B) AllocSpace objects, 0(0B) LOS objects, 23% free, 52MB/68MB, paused 301us total 18.412ms
08-06 13:49:26.150  3330  3341 I art     : Starting a blocking GC Explicit
08-06 13:49:26.169  3330  3341 I art     : Explicit concurrent mark sweep GC freed 3(96B) AllocSpace objects, 0(0B) LOS objects, 23% free, 52MB/68MB, paused 313us total 19.139ms
08-06 13:49:26.240 28167 28167 I ServiceManager: Waiting for service AtCmdFwd...
08-06 13:49:26.501  3330  3348 I art     : Starting a blocking GC Explicit
08-06 13:49:26.525  3330  3348 I art     : Explicit concurrent mark sweep GC freed 1343(78KB) AllocSpace objects, 1(20KB) LOS objects, 23% free, 52MB/68MB, paused 337us total 23.453ms
08-06 13:49:26.536  3330  3348 I art     : Starting a blocking GC Explicit
08-06 13:49:26.559  3330  3348 I art     : Explicit concurrent mark sweep GC freed 20(704B) AllocSpace objects, 0(0B) LOS objects, 23% free, 52MB/68MB, paused 307us total 22.190ms
08-06 13:49:26.567  3330  3348 I art     : Starting a blocking GC Explicit
08-06 13:49:26.587  3330  3348 I art     : Explicit concurrent mark sweep GC freed 3(96B) AllocSpace objects, 0(0B) LOS objects, 23% free, 52MB/68MB, paused 304us total 19.079ms
08-06 13:49:26.595  3330  3348 I art     : Starting a blocking GC Explicit
08-06 13:49:26.613  3330  3348 I art     : Explicit concurrent mark sweep GC freed 3(96B) AllocSpace objects, 0(0B) LOS objects, 23% free, 52MB/68MB, paused 357us total 18.166ms
08-06 13:49:26.621  3330  3348 I art     : Starting a blocking GC Explicit
08-06 13:49:26.640  3330  3348 I art     : Explicit concurrent mark sweep GC freed 3(96B) AllocSpace objects, 0(0B) LOS objects, 23% free, 52MB/68MB, paused 323us total 18.375ms
08-06 13:49:26.945  3330  3442 I art     : Starting a blocking GC Explicit
08-06 13:49:26.965  3330  3442 I art     : Explicit concurrent mark sweep GC freed 1343(78KB) AllocSpace objects, 1(20KB) LOS objects, 23% free, 52MB/68MB, paused 299us total 19.973ms
08-06 13:49:26.976  3330  3442 I art     : Starting a blocking GC Explicit
08-06 13:49:26.997  3330  3442 I art     : Explicit concurrent mark sweep GC freed 20(704B) AllocSpace objects, 0(0B) LOS objects, 23% free, 52MB/68MB, paused 341us total 21.158ms
08-06 13:49:27.005  3330  3442 I art     : Starting a blocking GC Explicit
08-06 13:49:27.025  3330  3442 I art     : Explicit concurrent mark sweep GC freed 3(96B) AllocSpace objects, 0(0B) LOS objects, 23% free, 52MB/68MB, paused 317us total 18.935ms
08-06 13:49:27.033  3330  3442 I art     : Starting a blocking GC Explicit
08-06 13:49:27.052  3330  3442 I art     : Explicit concurrent mark sweep GC freed 3(96B) AllocSpace objects, 0(0B) LOS objects, 23% free, 52MB/68MB, paused 312us total 18.943ms
08-06 13:49:27.061  3330  3442 I art     : Starting a blocking GC Explicit
08-06 13:49:27.080  3330  3442 I art     : Explicit concurrent mark sweep GC freed 3(96B) AllocSpace objects, 0(0B) LOS objects, 23% free, 52MB/68MB, paused 349us total 18.719ms
08-06 13:49:27.080  3330  3340 I art     : WaitForGcToComplete blocked for 18.960ms for cause HeapTrim
08-06 13:49:27.241 28167 28167 I ServiceManager: Waiting for service AtCmdFwd...
08-06 13:49:27.372  3330  4023 W OneSignal: OneSignalRestClient: POST Error thrown from network stack. 
08-06 13:49:27.372  3330  4023 W OneSignal: java.io.IOException: unexpected end of stream on Connection{api.onesignal.com:443, proxy=HTTP@192.168.2.12:8080 hostAddress=192.168.2.12 cipherSuite=TLS_ECDHE_RSA_WITH_AES_128_GCM_SHA256 protocol=http/1.1} (recycle count=0)
08-06 13:49:27.372  3330  4023 W OneSignal: 	at com.android.okhttp.internal.http.HttpConnection.readResponse(HttpConnection.java:210)
08-06 13:49:27.372  3330  4023 W OneSignal: 	at com.android.okhttp.internal.http.HttpTransport.readResponseHeaders(HttpTransport.java:80)
08-06 13:49:27.372  3330  4023 W OneSignal: 	at com.android.okhttp.internal.http.HttpEngine.readNetworkResponse(HttpEngine.java:904)
08-06 13:49:27.372  3330  4023 W OneSignal: 	at com.android.okhttp.internal.http.HttpEngine.readResponse(HttpEngine.java:788)
08-06 13:49:27.372  3330  4023 W OneSignal: 	at com.android.okhttp.internal.huc.HttpURLConnectionImpl.execute(HttpURLConnectionImpl.java:439)
08-06 13:49:27.372  3330  4023 W OneSignal: 	at com.android.okhttp.internal.huc.HttpURLConnectionImpl.getResponse(HttpURLConnectionImpl.java:384)
08-06 13:49:27.372  3330  4023 W OneSignal: 	at com.android.okhttp.internal.huc.HttpURLConnectionImpl.getResponseCode(HttpURLConnectionImpl.java:497)
08-06 13:49:27.372  3330  4023 W OneSignal: 	at com.android.okhttp.internal.huc.DelegatingHttpsURLConnection.getResponseCode(DelegatingHttpsURLConnection.java:105)
08-06 13:49:27.372  3330  4023 W OneSignal: 	at com.android.okhttp.internal.huc.HttpsURLConnectionImpl.getResponseCode(HttpsURLConnectionImpl.java)
08-06 13:49:27.372  3330  4023 W OneSignal: 	at com.onesignal.OneSignalRestClient.startHTTPConnection(OneSignalRestClient.java:180)
08-06 13:49:27.372  3330  4023 W OneSignal: 	at com.onesignal.OneSignalRestClient.access$100(OneSignalRestClient.java:44)
08-06 13:49:27.372  3330  4023 W OneSignal: 	at com.onesignal.OneSignalRestClient$4.run(OneSignalRestClient.java:110)
08-06 13:49:27.372  3330  4023 W OneSignal: 	at java.lang.Thread.run(Thread.java:818)
08-06 13:49:27.372  3330  4023 W OneSignal: Caused by: java.io.EOFException: \n not found: size=0 content=...
08-06 13:49:27.372  3330  4023 W OneSignal: 	at com.android.okhttp.okio.RealBufferedSource.readUtf8LineStrict(RealBufferedSource.java:200)
08-06 13:49:27.372  3330  4023 W OneSignal: 	at com.android.okhttp.internal.http.HttpConnection.readResponse(HttpConnection.java:191)
08-06 13:49:27.372  3330  4023 W OneSignal: 	... 12 more
08-06 13:49:27.373  3330  4034 W OneSignal: Failed last request. statusCode: -1
08-06 13:49:27.373  3330  4034 W OneSignal: response: null
08-06 13:49:27.376  3330  3341 I art     : Starting a blocking GC Explicit
08-06 13:49:27.397  3330  3341 I art     : Explicit concurrent mark sweep GC freed 3902(242KB) AllocSpace objects, 1(20KB) LOS objects, 23% free, 52MB/68MB, paused 306us total 20.321ms
08-06 13:49:27.405  3330  3341 I art     : Starting a blocking GC Explicit
08-06 13:49:27.424  3330  3341 I art     : Explicit concurrent mark sweep GC freed 73(2704B) AllocSpace objects, 0(0B) LOS objects, 23% free, 52MB/68MB, paused 307us total 19.131ms
08-06 13:49:27.433  3330  3341 I art     : Starting a blocking GC Explicit
08-06 13:49:27.452  3330  3341 I art     : Explicit concurrent mark sweep GC freed 3(96B) AllocSpace objects, 0(0B) LOS objects, 23% free, 52MB/68MB, paused 300us total 18.776ms
08-06 13:49:27.460  3330  3341 I art     : Starting a blocking GC Explicit
08-06 13:49:27.479  3330  3341 I art     : Explicit concurrent mark sweep GC freed 3(96B) AllocSpace objects, 0(0B) LOS objects, 23% free, 52MB/68MB, paused 301us total 18.362ms
08-06 13:49:27.487  3330  3341 I art     : Starting a blocking GC Explicit
08-06 13:49:27.506  3330  3341 I art     : Explicit concurrent mark sweep GC freed 3(96B) AllocSpace objects, 0(0B) LOS objects, 23% free, 52MB/68MB, paused 310us total 18.407ms
08-06 13:49:27.828  3330  3348 I art     : Starting a blocking GC Explicit
08-06 13:49:27.852  3330  3348 I art     : Explicit concurrent mark sweep GC freed 1343(78KB) AllocSpace objects, 1(20KB) LOS objects, 23% free, 52MB/68MB, paused 343us total 23.452ms
08-06 13:49:27.863  3330  3348 I art     : Starting a blocking GC Explicit
08-06 13:49:27.884  3330  3348 I art     : Explicit concurrent mark sweep GC freed 20(704B) AllocSpace objects, 0(0B) LOS objects, 23% free, 52MB/68MB, paused 359us total 20.737ms
08-06 13:49:27.893  3330  3348 I art     : Starting a blocking GC Explicit
08-06 13:49:27.912  3330  3348 I art     : Explicit concurrent mark sweep GC freed 3(96B) AllocSpace objects, 0(0B) LOS objects, 23% free, 52MB/68MB, paused 309us total 19.020ms
08-06 13:49:27.921  3330  3348 I art     : Starting a blocking GC Explicit
08-06 13:49:27.940  3330  3348 I art     : Explicit concurrent mark sweep GC freed 3(96B) AllocSpace objects, 0(0B) LOS objects, 23% free, 52MB/68MB, paused 308us total 18.682ms
08-06 13:49:27.948  3330  3348 I art     : Starting a blocking GC Explicit
08-06 13:49:27.966  3330  3348 I art     : Explicit concurrent mark sweep GC freed 3(96B) AllocSpace objects, 0(0B) LOS objects, 23% free, 52MB/68MB, paused 331us total 17.963ms
08-06 13:49:28.241 28167 28167 I ServiceManager: Waiting for service AtCmdFwd...
08-06 13:49:28.302  3330  3442 I art     : Starting a blocking GC Explicit
08-06 13:49:28.329  3330  3442 I art     : Explicit concurrent mark sweep GC freed 1343(78KB) AllocSpace objects, 1(20KB) LOS objects, 23% free, 52MB/68MB, paused 395us total 26.558ms
08-06 13:49:28.344  3330  3442 I art     : Starting a blocking GC Explicit
08-06 13:49:28.367  3330  3442 I art     : Explicit concurrent mark sweep GC freed 20(704B) AllocSpace objects, 0(0B) LOS objects, 23% free, 52MB/68MB, paused 337us total 22.710ms
08-06 13:49:28.376  3330  3442 I art     : Starting a blocking GC Explicit
08-06 13:49:28.396  3330  3442 I art     : Explicit concurrent mark sweep GC freed 3(96B) AllocSpace objects, 0(0B) LOS objects, 23% free, 52MB/68MB, paused 325us total 18.958ms
08-06 13:49:28.404  3330  3442 I art     : Starting a blocking GC Explicit
08-06 13:49:28.423  3330  3442 I art     : Explicit concurrent mark sweep GC freed 3(96B) AllocSpace objects, 0(0B) LOS objects, 23% free, 52MB/68MB, paused 310us total 18.346ms
08-06 13:49:28.431  3330  3442 I art     : Starting a blocking GC Explicit
08-06 13:49:28.450  3330  3442 I art     : Explicit concurrent mark sweep GC freed 3(96B) AllocSpace objects, 0(0B) LOS objects, 23% free, 52MB/68MB, paused 309us total 18.840ms
08-06 13:49:28.750  3330  3341 I art     : Starting a blocking GC Explicit
08-06 13:49:28.774  3330  3341 I art     : Explicit concurrent mark sweep GC freed 1343(78KB) AllocSpace objects, 1(20KB) LOS objects, 23% free, 52MB/68MB, paused 343us total 23.453ms
08-06 13:49:28.785  3330  3341 I art     : Starting a blocking GC Explicit
08-06 13:49:28.805  3330  3341 I art     : Explicit concurrent mark sweep GC freed 20(704B) AllocSpace objects, 0(0B) LOS objects, 23% free, 52MB/68MB, paused 304us total 19.800ms
08-06 13:49:28.814  3330  3341 I art     : Starting a blocking GC Explicit
08-06 13:49:28.827   918  1210 D NetlinkSocketObserver: NeighborEvent{elapsedMs=1868372701, 192.168.2.254, [7C3953A63323], RTM_NEWNEIGH, NUD_STALE}
08-06 13:49:28.832  3330  3341 I art     : Explicit concurrent mark sweep GC freed 3(96B) AllocSpace objects, 0(0B) LOS objects, 23% free, 52MB/68MB, paused 289us total 18.260ms
08-06 13:49:28.841  3330  3341 I art     : Starting a blocking GC Explicit
08-06 13:49:28.860  3330  3341 I art     : Explicit concurrent mark sweep GC freed 3(96B) AllocSpace objects, 0(0B) LOS objects, 23% free, 52MB/68MB, paused 307us total 18.715ms
08-06 13:49:28.868  3330  3341 I art     : Starting a blocking GC Explicit
08-06 13:49:28.887  3330  3341 I art     : Explicit concurrent mark sweep GC freed 3(96B) AllocSpace objects, 0(0B) LOS objects, 23% free, 52MB/68MB, paused 394us total 18.674ms
08-06 13:49:29.191  3330  3348 I art     : Starting a blocking GC Explicit
08-06 13:49:29.212  3330  3348 I art     : Explicit concurrent mark sweep GC freed 1343(78KB) AllocSpace objects, 1(20KB) LOS objects, 23% free, 52MB/68MB, paused 309us total 20.506ms
08-06 13:49:29.220  3330  3348 I art     : Starting a blocking GC Explicit
08-06 13:49:29.239  3330  3348 I art     : Explicit concurrent mark sweep GC freed 20(704B) AllocSpace objects, 0(0B) LOS objects, 23% free, 52MB/68MB, paused 315us total 18.883ms
08-06 13:49:29.242 28167 28167 I ServiceManager: Waiting for service AtCmdFwd...
08-06 13:49:29.248  3330  3348 I art     : Starting a blocking GC Explicit
08-06 13:49:29.267  3330  3348 I art     : Explicit concurrent mark sweep GC freed 3(96B) AllocSpace objects, 0(0B) LOS objects, 23% free, 52MB/68MB, paused 365us total 19.196ms
08-06 13:49:29.276  3330  3348 I art     : Starting a blocking GC Explicit
08-06 13:49:29.294  3330  3348 I art     : Explicit concurrent mark sweep GC freed 3(96B) AllocSpace objects, 0(0B) LOS objects, 23% free, 52MB/68MB, paused 316us total 18.621ms
08-06 13:49:29.303  3330  3348 I art     : Starting a blocking GC Explicit
08-06 13:49:29.321  3330  3348 I art     : Explicit concurrent mark sweep GC freed 3(96B) AllocSpace objects, 0(0B) LOS objects, 23% free, 52MB/68MB, paused 311us total 18.163ms
08-06 13:49:29.630  3330  3442 I art     : Starting a blocking GC Explicit
08-06 13:49:29.656  3330  3442 I art     : Explicit concurrent mark sweep GC freed 1343(78KB) AllocSpace objects, 1(20KB) LOS objects, 23% free, 52MB/68MB, paused 381us total 25.321ms
08-06 13:49:29.671  3330  3442 I art     : Starting a blocking GC Explicit
08-06 13:49:29.690  3330  3442 I art     : Explicit concurrent mark sweep GC freed 20(704B) AllocSpace objects, 0(0B) LOS objects, 23% free, 52MB/68MB, paused 322us total 18.833ms
08-06 13:49:29.698  3330  3442 I art     : Starting a blocking GC Explicit
08-06 13:49:29.718  3330  3442 I art     : Explicit concurrent mark sweep GC freed 3(96B) AllocSpace objects, 0(0B) LOS objects, 23% free, 52MB/68MB, paused 330us total 19.132ms
08-06 13:49:29.726  3330  3442 I art     : Starting a blocking GC Explicit
08-06 13:49:29.745  3330  3442 I art     : Explicit concurrent mark sweep GC freed 3(96B) AllocSpace objects, 0(0B) LOS objects, 23% free, 52MB/68MB, paused 304us total 18.910ms
08-06 13:49:29.754  3330  3442 I art     : Starting a blocking GC Explicit
08-06 13:49:29.773  3330  3442 I art     : Explicit concurrent mark sweep GC freed 3(96B) AllocSpace objects, 0(0B) LOS objects, 23% free, 52MB/68MB, paused 303us total 18.702ms
08-06 13:49:30.079  3330  3341 I art     : Starting a blocking GC Explicit
08-06 13:49:30.103  3330  3341 I art     : Explicit concurrent mark sweep GC freed 1343(78KB) AllocSpace objects, 1(20KB) LOS objects, 23% free, 52MB/68MB, paused 336us total 23.648ms
08-06 13:49:30.115  3330  3341 I art     : Starting a blocking GC Explicit
08-06 13:49:30.117   518   646 I ThermalEngine: ACTION: GPU - Setting GPU[0] to 600000000
08-06 13:49:30.138  3330  3341 I art     : Explicit concurrent mark sweep GC freed 20(704B) AllocSpace objects, 0(0B) LOS objects, 23% free, 52MB/68MB, paused 342us total 22.575ms
08-06 13:49:30.147  3330  3341 I art     : Starting a blocking GC Explicit
08-06 13:49:30.165  3330  3341 I art     : Explicit concurrent mark sweep GC freed 3(96B) AllocSpace objects, 0(0B) LOS objects, 23% free, 52MB/68MB, paused 273us total 17.709ms
08-06 13:49:30.173  3330  3341 I art     : Starting a blocking GC Explicit
08-06 13:49:30.188  3330  3341 I art     : Explicit concurrent mark sweep GC freed 3(96B) AllocSpace objects, 0(0B) LOS objects, 23% free, 52MB/68MB, paused 220us total 15.166ms
08-06 13:49:30.195  3330  3341 I art     : Starting a blocking GC Explicit
08-06 13:49:30.210  3330  3341 I art     : Explicit concurrent mark sweep GC freed 3(96B) AllocSpace objects, 0(0B) LOS objects, 23% free, 52MB/68MB, paused 219us total 14.797ms
08-06 13:49:30.242 28167 28167 W Atfwd_Sendcmd: AtCmdFwd service not published, waiting... retryCnt : 5
08-06 13:49:30.541  3330  3348 I art     : Starting a blocking GC Explicit
08-06 13:49:30.565  3330  3348 I art     : Explicit concurrent mark sweep GC freed 1343(78KB) AllocSpace objects, 1(20KB) LOS objects, 23% free, 52MB/68MB, paused 284us total 23.761ms
08-06 13:49:30.575  3330  3348 I art     : Starting a blocking GC Explicit
08-06 13:49:30.592  3330  3348 I art     : Explicit concurrent mark sweep GC freed 20(704B) AllocSpace objects, 0(0B) LOS objects, 23% free, 52MB/68MB, paused 237us total 16.062ms
08-06 13:49:30.599  3330  3348 I art     : Starting a blocking GC Explicit
08-06 13:49:30.614  3330  3348 I art     : Explicit concurrent mark sweep GC freed 3(96B) AllocSpace objects, 0(0B) LOS objects, 23% free, 52MB/68MB, paused 233us total 15.509ms
08-06 13:49:30.621  3330  3348 I art     : Starting a blocking GC Explicit
08-06 13:49:30.636  3330  3348 I art     : Explicit concurrent mark sweep GC freed 3(96B) AllocSpace objects, 0(0B) LOS objects, 23% free, 52MB/68MB, paused 232us total 15.093ms
08-06 13:49:30.643  3330  3348 I art     : Starting a blocking GC Explicit
08-06 13:49:30.658  3330  3348 I art     : Explicit concurrent mark sweep GC freed 3(96B) AllocSpace objects, 0(0B) LOS objects, 23% free, 52MB/68MB, paused 234us total 14.586ms
08-06 13:49:30.973  3330  3442 I art     : Starting a blocking GC Explicit
08-06 13:49:30.997  3330  3442 I art     : Explicit concurrent mark sweep GC freed 1343(78KB) AllocSpace objects, 1(20KB) LOS objects, 23% free, 52MB/68MB, paused 499us total 23.890ms
08-06 13:49:31.011  3330  3442 I art     : Starting a blocking GC Explicit
08-06 13:49:31.027  3330  3442 I art     : Explicit concurrent mark sweep GC freed 20(704B) AllocSpace objects, 0(0B) LOS objects, 23% free, 52MB/68MB, paused 248us total 15.091ms
08-06 13:49:31.033  3330  3442 I art     : Starting a blocking GC Explicit
08-06 13:49:31.048  3330  3442 I art     : Explicit concurrent mark sweep GC freed 3(96B) AllocSpace objects, 0(0B) LOS objects, 23% free, 52MB/68MB, paused 209us total 14.781ms
08-06 13:49:31.055  3330  3442 I art     : Starting a blocking GC Explicit
08-06 13:49:31.069  3330  3442 I art     : Explicit concurrent mark sweep GC freed 3(96B) AllocSpace objects, 0(0B) LOS objects, 23% free, 52MB/68MB, paused 223us total 14.572ms
08-06 13:49:31.076  3330  3442 I art     : Starting a blocking GC Explicit
08-06 13:49:31.091  3330  3442 I art     : Explicit concurrent mark sweep GC freed 3(96B) AllocSpace objects, 0(0B) LOS objects, 23% free, 52MB/68MB, paused 227us total 14.779ms
08-06 13:49:31.414  3330  3341 I art     : Starting a blocking GC Explicit
08-06 13:49:31.435  3330  3341 I art     : Explicit concurrent mark sweep GC freed 1343(78KB) AllocSpace objects, 1(20KB) LOS objects, 23% free, 52MB/68MB, paused 249us total 21.579ms
08-06 13:49:31.446  3330  3341 I art     : Starting a blocking GC Explicit
08-06 13:49:31.465  3330  3341 I art     : Explicit concurrent mark sweep GC freed 20(704B) AllocSpace objects, 0(0B) LOS objects, 23% free, 52MB/68MB, paused 242us total 18.814ms
08-06 13:49:31.475  3330  3341 I art     : Starting a blocking GC Explicit
08-06 13:49:31.490  3330  3341 I art     : Explicit concurrent mark sweep GC freed 3(96B) AllocSpace objects, 0(0B) LOS objects, 23% free, 52MB/68MB, paused 219us total 15.320ms
08-06 13:49:31.497  3330  3341 I art     : Starting a blocking GC Explicit
08-06 13:49:31.512  3330  3341 I art     : Explicit concurrent mark sweep GC freed 3(96B) AllocSpace objects, 0(0B) LOS objects, 23% free, 52MB/68MB, paused 263us total 14.950ms
08-06 13:49:31.519  3330  3341 I art     : Starting a blocking GC Explicit
08-06 13:49:31.534  3330  3341 I art     : Explicit concurrent mark sweep GC freed 3(96B) AllocSpace objects, 0(0B) LOS objects, 23% free, 52MB/68MB, paused 217us total 14.220ms
08-06 13:49:31.863  3330  3348 I art     : Starting a blocking GC Explicit
08-06 13:49:31.887  3330  3348 I art     : Explicit concurrent mark sweep GC freed 1343(78KB) AllocSpace objects, 1(20KB) LOS objects, 23% free, 52MB/68MB, paused 256us total 23.167ms
08-06 13:49:31.894  3330  3348 I art     : Starting a blocking GC Explicit
08-06 13:49:31.910  3330  3348 I art     : Explicit concurrent mark sweep GC freed 20(704B) AllocSpace objects, 0(0B) LOS objects, 23% free, 52MB/68MB, paused 235us total 15.485ms
08-06 13:49:31.917  3330  3348 I art     : Starting a blocking GC Explicit
08-06 13:49:31.931  3330  3348 I art     : Explicit concurrent mark sweep GC freed 3(96B) AllocSpace objects, 0(0B) LOS objects, 23% free, 52MB/68MB, paused 226us total 14.450ms
08-06 13:49:31.938  3330  3348 I art     : Starting a blocking GC Explicit
08-06 13:49:31.952  3330  3348 I art     : Explicit concurrent mark sweep GC freed 3(96B) AllocSpace objects, 0(0B) LOS objects, 23% free, 52MB/68MB, paused 225us total 14.485ms
08-06 13:49:31.959  3330  3348 I art     : Starting a blocking GC Explicit
08-06 13:49:31.974  3330  3348 I art     : Explicit concurrent mark sweep GC freed 3(96B) AllocSpace objects, 0(0B) LOS objects, 23% free, 52MB/68MB, paused 234us total 14.839ms
08-06 13:49:32.284  3330  3442 I art     : Starting a blocking GC Explicit
08-06 13:49:32.307  3330  3442 I art     : Explicit concurrent mark sweep GC freed 1343(78KB) AllocSpace objects, 1(20KB) LOS objects, 23% free, 52MB/68MB, paused 431us total 22.071ms
08-06 13:49:32.319  3330  3442 I art     : Starting a blocking GC Explicit
08-06 13:49:32.333  3330  3442 I art     : Explicit concurrent mark sweep GC freed 20(704B) AllocSpace objects, 0(0B) LOS objects, 23% free, 52MB/68MB, paused 242us total 14.183ms
08-06 13:49:32.340  3330  3442 I art     : Starting a blocking GC Explicit
08-06 13:49:32.353  3330  3442 I art     : Explicit concurrent mark sweep GC freed 3(96B) AllocSpace objects, 0(0B) LOS objects, 23% free, 52MB/68MB, paused 215us total 12.807ms
08-06 13:49:32.359  3330  3442 I art     : Starting a blocking GC Explicit
08-06 13:49:32.371  3330  3442 I art     : Explicit concurrent mark sweep GC freed 3(96B) AllocSpace objects, 0(0B) LOS objects, 23% free, 52MB/68MB, paused 210us total 12.376ms
08-06 13:49:32.377  3330  3442 I art     : Starting a blocking GC Explicit
08-06 13:49:32.391  3330  3442 I art     : Explicit concurrent mark sweep GC freed 3(96B) AllocSpace objects, 0(0B) LOS objects, 23% free, 52MB/68MB, paused 222us total 13.670ms
08-06 13:49:32.696  3330  3341 I art     : Starting a blocking GC Explicit
08-06 13:49:32.716  3330  3341 I art     : Explicit concurrent mark sweep GC freed 1343(78KB) AllocSpace objects, 1(20KB) LOS objects, 23% free, 52MB/68MB, paused 276us total 19.667ms
08-06 13:49:32.726  3330  3341 I art     : Starting a blocking GC Explicit
08-06 13:49:32.740  3330  3341 I art     : Explicit concurrent mark sweep GC freed 20(704B) AllocSpace objects, 0(0B) LOS objects, 23% free, 52MB/68MB, paused 252us total 14.554ms
08-06 13:49:32.747  3330  3341 I art     : Starting a blocking GC Explicit
08-06 13:49:32.761  3330  3341 I art     : Explicit concurrent mark sweep GC freed 3(96B) AllocSpace objects, 0(0B) LOS objects, 23% free, 52MB/68MB, paused 215us total 14.369ms
08-06 13:49:32.768  3330  3341 I art     : Starting a blocking GC Explicit
08-06 13:49:32.782  3330  3341 I art     : Explicit concurrent mark sweep GC freed 3(96B) AllocSpace objects, 0(0B) LOS objects, 23% free, 52MB/68MB, paused 217us total 14.462ms
08-06 13:49:32.789  3330  3341 I art     : Starting a blocking GC Explicit
08-06 13:49:32.803  3330  3341 I art     : Explicit concurrent mark sweep GC freed 3(96B) AllocSpace objects, 0(0B) LOS objects, 23% free, 52MB/68MB, paused 211us total 14.390ms
08-06 13:49:33.103  3330  3348 I art     : Starting a blocking GC Explicit
08-06 13:49:33.124  3330  3348 I art     : Explicit concurrent mark sweep GC freed 1343(78KB) AllocSpace objects, 1(20KB) LOS objects, 23% free, 52MB/68MB, paused 270us total 21.167ms
08-06 13:49:33.132  3330  3348 I art     : Starting a blocking GC Explicit
08-06 13:49:33.147  3330  3348 I art     : Explicit concurrent mark sweep GC freed 20(704B) AllocSpace objects, 0(0B) LOS objects, 23% free, 52MB/68MB, paused 247us total 15.478ms
08-06 13:49:33.154  3330  3348 I art     : Starting a blocking GC Explicit
08-06 13:49:33.169  3330  3348 I art     : Explicit concurrent mark sweep GC freed 3(96B) AllocSpace objects, 0(0B) LOS objects, 23% free, 52MB/68MB, paused 231us total 14.607ms
08-06 13:49:33.175  3330  3348 I art     : Starting a blocking GC Explicit
08-06 13:49:33.190  3330  3348 I art     : Explicit concurrent mark sweep GC freed 3(96B) AllocSpace objects, 0(0B) LOS objects, 23% free, 52MB/68MB, paused 241us total 14.092ms
08-06 13:49:33.196  3330  3348 I art     : Starting a blocking GC Explicit
08-06 13:49:33.211  3330  3348 I art     : Explicit concurrent mark sweep GC freed 3(96B) AllocSpace objects, 0(0B) LOS objects, 23% free, 52MB/68MB, paused 269us total 14.457ms
08-06 13:49:33.512  3330  3442 I art     : Starting a blocking GC Explicit
08-06 13:49:33.533  3330  3442 I art     : Explicit concurrent mark sweep GC freed 1343(78KB) AllocSpace objects, 1(20KB) LOS objects, 23% free, 52MB/68MB, paused 272us total 21.171ms
08-06 13:49:33.544  3330  3442 I art     : Starting a blocking GC Explicit
08-06 13:49:33.563  3330  3442 I art     : Explicit concurrent mark sweep GC freed 20(704B) AllocSpace objects, 0(0B) LOS objects, 23% free, 52MB/68MB, paused 311us total 19.146ms
08-06 13:49:33.574  3330  3442 I art     : Starting a blocking GC Explicit
08-06 13:49:33.588  3330  3442 I art     : Explicit concurrent mark sweep GC freed 3(96B) AllocSpace objects, 0(0B) LOS objects, 23% free, 52MB/68MB, paused 225us total 14.555ms
08-06 13:49:33.595  3330  3442 I art     : Starting a blocking GC Explicit
08-06 13:49:33.609  3330  3442 I art     : Explicit concurrent mark sweep GC freed 3(96B) AllocSpace objects, 0(0B) LOS objects, 23% free, 52MB/68MB, paused 212us total 13.562ms
08-06 13:49:33.615  3330  3442 I art     : Starting a blocking GC Explicit
08-06 13:49:33.628  3330  3442 I art     : Explicit concurrent mark sweep GC freed 3(96B) AllocSpace objects, 0(0B) LOS objects, 23% free, 52MB/68MB, paused 219us total 13.028ms
08-06 13:49:33.905  3330  3341 I art     : Starting a blocking GC Explicit
08-06 13:49:33.921  3330  3341 I art     : Explicit concurrent mark sweep GC freed 1343(78KB) AllocSpace objects, 1(20KB) LOS objects, 23% free, 52MB/68MB, paused 261us total 15.582ms
08-06 13:49:33.923  4185  4185 D AndroidRuntime: >>>>>> START com.android.internal.os.RuntimeInit uid 2000 <<<<<<
08-06 13:49:33.928  4185  4185 D AndroidRuntime: CheckJNI is OFF
08-06 13:49:33.928  3330  3341 I art     : Starting a blocking GC Explicit
08-06 13:49:33.941  3330  3341 I art     : Explicit concurrent mark sweep GC freed 20(704B) AllocSpace objects, 0(0B) LOS objects, 23% free, 52MB/68MB, paused 219us total 12.972ms
08-06 13:49:33.947  3330  3341 I art     : Starting a blocking GC Explicit
08-06 13:49:33.954  4185  4185 D ICU     : No timezone override file found: /data/misc/zoneinfo/current/icu/icu_tzdata.dat
08-06 13:49:33.960  3330  3341 I art     : Explicit concurrent mark sweep GC freed 3(96B) AllocSpace objects, 0(0B) LOS objects, 23% free, 52MB/68MB, paused 229us total 13.007ms
08-06 13:49:33.966  3330  3341 I art     : Starting a blocking GC Explicit
08-06 13:49:33.978  4185  4185 I Radio-JNI: register_android_hardware_Radio DONE
08-06 13:49:33.979  3330  3341 I art     : Explicit concurrent mark sweep GC freed 3(96B) AllocSpace objects, 0(0B) LOS objects, 23% free, 52MB/68MB, paused 236us total 13.119ms
08-06 13:49:33.985  3330  3341 I art     : Starting a blocking GC Explicit
08-06 13:49:33.995  4185  4185 D AndroidRuntime: Calling main entry com.android.commands.input.Input
08-06 13:49:33.996  4185  4185 I Input   : injectKeyEvent: KeyEvent { action=ACTION_DOWN, keyCode=KEYCODE_BACK, scanCode=0, metaState=0, flags=0x0, repeatCount=0, eventTime=884990409, downTime=884990409, deviceId=-1, source=0x101 }
08-06 13:49:33.999  3330  3341 I art     : Explicit concurrent mark sweep GC freed 3(96B) AllocSpace objects, 0(0B) LOS objects, 23% free, 52MB/68MB, paused 204us total 13.267ms
08-06 13:49:34.004  4185  4185 I Input   : injectKeyEvent: KeyEvent { action=ACTION_UP, keyCode=KEYCODE_BACK, scanCode=0, metaState=0, flags=0x0, repeatCount=0, eventTime=884990409, downTime=884990409, deviceId=-1, source=0x101 }
08-06 13:49:34.009  4185  4185 D AndroidRuntime: Shutting down VM
08-06 13:49:34.053 13866 13866 I GoogleInputMethodServic: GoogleInputMethodService.onFinishInput():3138 
08-06 13:49:34.054 13866 13866 I GoogleInputMethodServic: GoogleInputMethodService.onStartInput():1808 
08-06 13:49:34.125   518   646 I ThermalEngine: ACTION: GPU - Setting GPU[0] to 510000000
08-06 13:49:34.236  3330  3341 I art     : Starting a blocking GC Explicit
08-06 13:49:34.259  3330  3341 I art     : Explicit concurrent mark sweep GC freed 1518(86KB) AllocSpace objects, 1(20KB) LOS objects, 23% free, 52MB/68MB, paused 295us total 22.315ms
08-06 13:49:34.271  3330  3341 I art     : Starting a blocking GC Explicit
08-06 13:49:34.291  3330  3341 I art     : Explicit concurrent mark sweep GC freed 26(944B) AllocSpace objects, 0(0B) LOS objects, 23% free, 52MB/68MB, paused 300us total 20.695ms
08-06 13:49:34.303  3330  3341 I art     : Starting a blocking GC Explicit
08-06 13:49:34.325  3330  3341 I art     : Explicit concurrent mark sweep GC freed 3(96B) AllocSpace objects, 0(0B) LOS objects, 23% free, 52MB/68MB, paused 306us total 21.526ms
08-06 13:49:34.333  3330  3341 I art     : Starting a blocking GC Explicit
08-06 13:49:34.342   380   380 W SurfaceFlinger: couldn't log to binary event log: overflow.
08-06 13:49:34.351  3330  3341 I art     : Explicit concurrent mark sweep GC freed 108(8KB) AllocSpace objects, 0(0B) LOS objects, 23% free, 52MB/68MB, paused 277us total 17.669ms
08-06 13:49:34.360  3330  3341 I art     : Starting a blocking GC Explicit
08-06 13:49:34.377  3330  3341 I art     : Explicit concurrent mark sweep GC freed 11(432B) AllocSpace objects, 0(0B) LOS objects, 23% free, 52MB/68MB, paused 352us total 16.942ms
08-06 13:49:34.664  3330  3442 I art     : Starting a blocking GC Explicit
08-06 13:49:34.693  3330  3442 I art     : Explicit concurrent mark sweep GC freed 2992(185KB) AllocSpace objects, 4(420KB) LOS objects, 23% free, 51MB/67MB, paused 467us total 28.399ms
08-06 13:49:34.706  3330  3442 I art     : Starting a blocking GC Explicit
08-06 13:49:34.727  3330  3442 I art     : Explicit concurrent mark sweep GC freed 20(704B) AllocSpace objects, 0(0B) LOS objects, 23% free, 51MB/67MB, paused 386us total 20.849ms
08-06 13:49:34.735  3330  3442 I art     : Starting a blocking GC Explicit
08-06 13:49:34.753  3330  3442 I art     : Explicit concurrent mark sweep GC freed 3(96B) AllocSpace objects, 0(0B) LOS objects, 23% free, 51MB/67MB, paused 310us total 17.943ms
08-06 13:49:34.762  3330  3442 I art     : Starting a blocking GC Explicit
08-06 13:49:34.780  3330  3442 I art     : Explicit concurrent mark sweep GC freed 3(96B) AllocSpace objects, 0(0B) LOS objects, 23% free, 51MB/67MB, paused 310us total 18.178ms
08-06 13:49:34.788  3330  3442 I art     : Starting a blocking GC Explicit
08-06 13:49:34.806  3330  3442 I art     : Explicit concurrent mark sweep GC freed 3(96B) AllocSpace objects, 0(0B) LOS objects, 23% free, 51MB/67MB, paused 339us total 17.946ms
08-06 13:49:35.093  3330  4220 I art     : Starting a blocking GC Explicit
08-06 13:49:35.113  3330  4220 I art     : Explicit concurrent mark sweep GC freed 1342(78KB) AllocSpace objects, 1(20KB) LOS objects, 23% free, 51MB/67MB, paused 340us total 20.551ms
08-06 13:49:35.125  3330  4220 I art     : Starting a blocking GC Explicit
08-06 13:49:35.143  3330  4220 I art     : Explicit concurrent mark sweep GC freed 20(704B) AllocSpace objects, 0(0B) LOS objects, 23% free, 51MB/67MB, paused 336us total 18.133ms
08-06 13:49:35.152  3330  4220 I art     : Starting a blocking GC Explicit
08-06 13:49:35.170  3330  4220 I art     : Explicit concurrent mark sweep GC freed 3(96B) AllocSpace objects, 0(0B) LOS objects, 23% free, 51MB/67MB, paused 321us total 18.158ms
08-06 13:49:35.179  3330  4220 I art     : Starting a blocking GC Explicit
08-06 13:49:35.197  3330  4220 I art     : Explicit concurrent mark sweep GC freed 3(96B) AllocSpace objects, 0(0B) LOS objects, 23% free, 51MB/67MB, paused 312us total 18.373ms
08-06 13:49:35.205  3330  4220 I art     : Starting a blocking GC Explicit
08-06 13:49:35.224  3330  4220 I art     : Explicit concurrent mark sweep GC freed 3(96B) AllocSpace objects, 0(0B) LOS objects, 23% free, 51MB/67MB, paused 342us total 18.272ms
08-06 13:49:35.491  3330  3348 I art     : Starting a blocking GC Explicit
08-06 13:49:35.513  3330  3348 I art     : Explicit concurrent mark sweep GC freed 1342(78KB) AllocSpace objects, 1(20KB) LOS objects, 23% free, 51MB/67MB, paused 318us total 21.614ms
08-06 13:49:35.522  3330  3348 I art     : Starting a blocking GC Explicit
08-06 13:49:35.540  3330  3348 I art     : Explicit concurrent mark sweep GC freed 20(704B) AllocSpace objects, 0(0B) LOS objects, 23% free, 51MB/67MB, paused 331us total 18.209ms
08-06 13:49:35.548  3330  3348 I art     : Starting a blocking GC Explicit
08-06 13:49:35.566  3330  3348 I art     : Explicit concurrent mark sweep GC freed 3(96B) AllocSpace objects, 0(0B) LOS objects, 23% free, 51MB/67MB, paused 359us total 17.686ms
08-06 13:49:35.574  3330  3348 I art     : Starting a blocking GC Explicit
08-06 13:49:35.592  3330  3348 I art     : Explicit concurrent mark sweep GC freed 3(96B) AllocSpace objects, 0(0B) LOS objects, 23% free, 51MB/67MB, paused 326us total 17.357ms
08-06 13:49:35.600  3330  3348 I art     : Starting a blocking GC Explicit
08-06 13:49:35.618  3330  3348 I art     : Explicit concurrent mark sweep GC freed 3(96B) AllocSpace objects, 0(0B) LOS objects, 23% free, 51MB/67MB, paused 319us total 17.692ms
08-06 13:49:35.663  4241  4241 D AndroidRuntime: >>>>>> START com.android.internal.os.RuntimeInit uid 2000 <<<<<<
08-06 13:49:35.669  4241  4241 D AndroidRuntime: CheckJNI is OFF
08-06 13:49:35.702  4241  4241 D ICU     : No timezone override file found: /data/misc/zoneinfo/current/icu/icu_tzdata.dat
08-06 13:49:35.736  4241  4241 I Radio-JNI: register_android_hardware_Radio DONE
08-06 13:49:35.758  4241  4241 D AndroidRuntime: Calling main entry com.android.commands.input.Input
08-06 13:49:35.760  4241  4241 I Input   : injectMotionEvent: MotionEvent { action=ACTION_DOWN, actionButton=0, id[0]=0, x[0]=733.0, y[0]=1370.0, toolType[0]=TOOL_TYPE_UNKNOWN, buttonState=0, metaState=0, flags=0x0, edgeFlags=0x0, pointerCount=1, historySize=0, eventTime=884992173, downTime=884992173, deviceId=0, source=0x1002 }
08-06 13:49:35.766  4241  4241 I Input   : injectMotionEvent: MotionEvent { action=ACTION_UP, actionButton=0, id[0]=0, x[0]=733.0, y[0]=1370.0, toolType[0]=TOOL_TYPE_UNKNOWN, buttonState=0, metaState=0, flags=0x0, edgeFlags=0x0, pointerCount=1, historySize=0, eventTime=884992173, downTime=884992173, deviceId=0, source=0x1002 }
08-06 13:49:35.768   918  3961 I ActivityManager: START u0 {cmp=baseline.appteam.nith.hillffair/.activities.ClubActivity (has extras)} from uid 10697 on display 0
08-06 13:49:35.778  4241  4241 D AndroidRuntime: Shutting down VM
08-06 13:49:35.870   918   936 I ActivityManager: Displayed baseline.appteam.nith.hillffair/.activities.ClubActivity: +92ms
08-06 13:49:35.870 13866 13866 I GoogleInputMethodServic: GoogleInputMethodService.onFinishInput():3138 
08-06 13:49:35.871 13866 13866 I GoogleInputMethodServic: GoogleInputMethodService.onStartInput():1808 
08-06 13:49:35.880  3330  3442 I art     : Starting a blocking GC Explicit
08-06 13:49:35.902  3330  3442 I art     : Explicit concurrent mark sweep GC freed 4976(290KB) AllocSpace objects, 1(20KB) LOS objects, 23% free, 52MB/68MB, paused 398us total 20.292ms
08-06 13:49:35.911  3330  3442 I art     : Starting a blocking GC Explicit
08-06 13:49:35.928  3330  3442 I art     : Explicit concurrent mark sweep GC freed 213(9KB) AllocSpace objects, 0(0B) LOS objects, 23% free, 52MB/68MB, paused 386us total 17.066ms
08-06 13:49:35.936  3330  3442 I art     : Starting a blocking GC Explicit
08-06 13:49:35.953  3330  3442 I art     : Explicit concurrent mark sweep GC freed 3(96B) AllocSpace objects, 0(0B) LOS objects, 23% free, 52MB/68MB, paused 332us total 17.197ms
08-06 13:49:35.961  3330  3442 I art     : Starting a blocking GC Explicit
08-06 13:49:35.978  3330  3442 I art     : Explicit concurrent mark sweep GC freed 3(96B) AllocSpace objects, 0(0B) LOS objects, 23% free, 52MB/68MB, paused 368us total 16.558ms
08-06 13:49:35.986  3330  3442 I art     : Starting a blocking GC Explicit
08-06 13:49:36.004  3330  3442 I art     : Explicit concurrent mark sweep GC freed 3(96B) AllocSpace objects, 0(0B) LOS objects, 23% free, 52MB/68MB, paused 339us total 18.311ms
08-06 13:49:36.129   380   380 W SurfaceFlinger: couldn't log to binary event log: overflow.
08-06 13:49:36.250  3330  3442 I art     : Starting a blocking GC Explicit
08-06 13:49:36.269  3330  3442 I art     : Explicit concurrent mark sweep GC freed 1433(83KB) AllocSpace objects, 1(20KB) LOS objects, 23% free, 52MB/68MB, paused 386us total 19.452ms
08-06 13:49:36.279  3330  3442 I art     : Starting a blocking GC Explicit
08-06 13:49:36.297  3330  3442 I art     : Explicit concurrent mark sweep GC freed 37(1376B) AllocSpace objects, 0(0B) LOS objects, 23% free, 52MB/68MB, paused 338us total 18.206ms
08-06 13:49:36.305  3330  3442 I art     : Starting a blocking GC Explicit
08-06 13:49:36.323  3330  3442 I art     : Explicit concurrent mark sweep GC freed 9(336B) AllocSpace objects, 0(0B) LOS objects, 23% free, 52MB/68MB, paused 367us total 17.360ms
08-06 13:49:36.331  3330  3442 I art     : Starting a blocking GC Explicit
08-06 13:49:36.349  3330  3442 I art     : Explicit concurrent mark sweep GC freed 13(480B) AllocSpace objects, 0(0B) LOS objects, 23% free, 52MB/68MB, paused 333us total 17.845ms
08-06 13:49:36.357  3330  3442 I art     : Starting a blocking GC Explicit
08-06 13:49:36.374  3330  3442 I art     : Explicit concurrent mark sweep GC freed 10(352B) AllocSpace objects, 0(0B) LOS objects, 23% free, 52MB/68MB, paused 406us total 17.496ms
08-06 13:49:36.593  3330  4270 D OkHttp  : --> GET https://api-hillfair-2k16.herokuapp.com/api/app/events/special/event?id=580655cddcba0f490c70fdd0 http/1.1
08-06 13:49:36.626  3330  4270 D OkHttp  : <-- 200 OK https://api-hillfair-2k16.herokuapp.com/api/app/events/special/event?id=580655cddcba0f490c70fdd0 (32ms, 721-byte body)
08-06 13:49:36.664  3330  3330 I NAPPA_EXPERIMENTATION: MetricNetworkRequestExecutionTime: REQUEST_DURATION_SYSTEM='859',REQUEST_DURATION_OKHTTP='33',REQUEST_SYNCHRONOUS='FALSE',RESPONSE_CODE='200',RESPONSE_METHOD='GET',RESPONSE_LENGTH_OKHTTP='721',RESPONSE_LENGTH_HEADER='721',REQUEST_PROTOCOL='http/1.1',REQUEST_URL='https://api-hillfair-2k16.herokuapp.com/api/app/events/special/event?id=580655cddcba0f490c70fdd0',
08-06 13:49:36.667  3330  4220 I art     : Starting a blocking GC Explicit
08-06 13:49:36.688  3330  4220 I art     : Explicit concurrent mark sweep GC freed 4769(317KB) AllocSpace objects, 4(220KB) LOS objects, 23% free, 52MB/68MB, paused 637us total 20.413ms
08-06 13:49:36.696  3330  4220 I art     : Starting a blocking GC Explicit
08-06 13:49:36.716  3330  4220 I art     : Explicit concurrent mark sweep GC freed 1073(132KB) AllocSpace objects, 0(0B) LOS objects, 23% free, 52MB/68MB, paused 745us total 20.071ms
08-06 13:49:36.725  3330  4220 I art     : Starting a blocking GC Explicit
08-06 13:49:36.742  3330  4220 I art     : Explicit concurrent mark sweep GC freed 16(8KB) AllocSpace objects, 0(0B) LOS objects, 23% free, 52MB/68MB, paused 332us total 17.288ms
08-06 13:49:36.750  3330  4220 I art     : Starting a blocking GC Explicit
08-06 13:49:36.767  3330  4220 I art     : Explicit concurrent mark sweep GC freed 6(192B) AllocSpace objects, 0(0B) LOS objects, 23% free, 52MB/68MB, paused 315us total 16.717ms
08-06 13:49:36.775  3330  4220 I art     : Starting a blocking GC Explicit
08-06 13:49:36.792  3330  4220 I art     : Explicit concurrent mark sweep GC freed 3(96B) AllocSpace objects, 0(0B) LOS objects, 23% free, 52MB/68MB, paused 334us total 16.705ms
08-06 13:49:37.082  3330  3341 I art     : Starting a blocking GC Explicit
08-06 13:49:37.101  3330  3341 I art     : Explicit concurrent mark sweep GC freed 1343(78KB) AllocSpace objects, 1(20KB) LOS objects, 23% free, 52MB/68MB, paused 329us total 19ms
08-06 13:49:37.109  3330  3341 I art     : Starting a blocking GC Explicit
08-06 13:49:37.128  3330  3341 I art     : Explicit concurrent mark sweep GC freed 36(1264B) AllocSpace objects, 0(0B) LOS objects, 23% free, 52MB/68MB, paused 323us total 18.428ms
08-06 13:49:37.136  3330  3341 I art     : Starting a blocking GC Explicit
08-06 13:49:37.155  3330  3341 I art     : Explicit concurrent mark sweep GC freed 3(96B) AllocSpace objects, 0(0B) LOS objects, 23% free, 52MB/68MB, paused 323us total 18.989ms
08-06 13:49:37.163  3330  3341 I art     : Starting a blocking GC Explicit
08-06 13:49:37.183  3330  3341 I art     : Explicit concurrent mark sweep GC freed 3(96B) AllocSpace objects, 0(0B) LOS objects, 23% free, 52MB/68MB, paused 338us total 19.285ms
08-06 13:49:37.191  3330  3341 I art     : Starting a blocking GC Explicit
08-06 13:49:37.211  3330  3341 I art     : Explicit concurrent mark sweep GC freed 3(96B) AllocSpace objects, 0(0B) LOS objects, 23% free, 52MB/68MB, paused 331us total 18.987ms
08-06 13:49:37.497  3330  3348 I art     : Starting a blocking GC Explicit
08-06 13:49:37.523  3330  3348 I art     : Explicit concurrent mark sweep GC freed 1343(78KB) AllocSpace objects, 1(20KB) LOS objects, 23% free, 52MB/68MB, paused 383us total 26.115ms
08-06 13:49:37.537  3330  3348 I art     : Starting a blocking GC Explicit
08-06 13:49:37.558  3330  3348 I art     : Explicit concurrent mark sweep GC freed 20(704B) AllocSpace objects, 0(0B) LOS objects, 23% free, 52MB/68MB, paused 355us total 20.900ms
08-06 13:49:37.566  3330  3348 I art     : Starting a blocking GC Explicit
08-06 13:49:37.586  3330  3348 I art     : Explicit concurrent mark sweep GC freed 3(96B) AllocSpace objects, 0(0B) LOS objects, 23% free, 52MB/68MB, paused 345us total 19.395ms
08-06 13:49:37.594  3330  3348 I art     : Starting a blocking GC Explicit
08-06 13:49:37.614  3330  3348 I art     : Explicit concurrent mark sweep GC freed 3(96B) AllocSpace objects, 0(0B) LOS objects, 23% free, 52MB/68MB, paused 351us total 19.688ms
08-06 13:49:37.623  3330  3348 I art     : Starting a blocking GC Explicit
08-06 13:49:37.643  3330  3348 I art     : Explicit concurrent mark sweep GC freed 3(96B) AllocSpace objects, 0(0B) LOS objects, 23% free, 52MB/68MB, paused 353us total 19.535ms
08-06 13:49:37.957  3330  3442 I art     : Starting a blocking GC Explicit
08-06 13:49:37.982  3330  3442 I art     : Explicit concurrent mark sweep GC freed 1343(78KB) AllocSpace objects, 1(20KB) LOS objects, 23% free, 52MB/68MB, paused 371us total 24.224ms
08-06 13:49:37.992  3330  3442 I art     : Starting a blocking GC Explicit
08-06 13:49:38.011  3330  3442 I art     : Explicit concurrent mark sweep GC freed 20(704B) AllocSpace objects, 0(0B) LOS objects, 23% free, 52MB/68MB, paused 331us total 19.383ms
08-06 13:49:38.020  3330  3442 I art     : Starting a blocking GC Explicit
08-06 13:49:38.039  3330  3442 I art     : Explicit concurrent mark sweep GC freed 3(96B) AllocSpace objects, 0(0B) LOS objects, 23% free, 52MB/68MB, paused 354us total 18.992ms
08-06 13:49:38.047  3330  3442 I art     : Starting a blocking GC Explicit
08-06 13:49:38.067  3330  3442 I art     : Explicit concurrent mark sweep GC freed 3(96B) AllocSpace objects, 0(0B) LOS objects, 23% free, 52MB/68MB, paused 412us total 19.026ms
08-06 13:49:38.075  3330  3442 I art     : Starting a blocking GC Explicit
08-06 13:49:38.095  3330  3442 I art     : Explicit concurrent mark sweep GC freed 3(96B) AllocSpace objects, 0(0B) LOS objects, 23% free, 52MB/68MB, paused 345us total 19.733ms
08-06 13:49:38.407  3330  4220 I art     : Starting a blocking GC Explicit
08-06 13:49:38.432  3330  4220 I art     : Explicit concurrent mark sweep GC freed 1343(78KB) AllocSpace objects, 1(20KB) LOS objects, 23% free, 52MB/68MB, paused 384us total 24.249ms
08-06 13:49:38.445  3330  4220 I art     : Starting a blocking GC Explicit
08-06 13:49:38.464  3330  4220 I art     : Explicit concurrent mark sweep GC freed 20(704B) AllocSpace objects, 0(0B) LOS objects, 23% free, 52MB/68MB, paused 338us total 18.775ms
08-06 13:49:38.473  3330  4220 I art     : Starting a blocking GC Explicit
08-06 13:49:38.492  3330  4220 I art     : Explicit concurrent mark sweep GC freed 3(96B) AllocSpace objects, 0(0B) LOS objects, 23% free, 52MB/68MB, paused 338us total 18.770ms
08-06 13:49:38.500  3330  4220 I art     : Starting a blocking GC Explicit
08-06 13:49:38.523  3330  4220 I art     : Explicit concurrent mark sweep GC freed 3(96B) AllocSpace objects, 0(0B) LOS objects, 23% free, 52MB/68MB, paused 338us total 22.365ms
08-06 13:49:38.531  3330  4220 I art     : Starting a blocking GC Explicit
08-06 13:49:38.551  3330  4220 I art     : Explicit concurrent mark sweep GC freed 3(96B) AllocSpace objects, 0(0B) LOS objects, 23% free, 52MB/68MB, paused 346us total 19.511ms
08-06 13:49:38.855  3330  3341 I art     : Starting a blocking GC Explicit
08-06 13:49:38.880  3330  3341 I art     : Explicit concurrent mark sweep GC freed 1343(78KB) AllocSpace objects, 1(20KB) LOS objects, 23% free, 52MB/68MB, paused 368us total 24.039ms
08-06 13:49:38.891  3330  3341 I art     : Starting a blocking GC Explicit
08-06 13:49:38.910  3330  3341 I art     : Explicit concurrent mark sweep GC freed 20(704B) AllocSpace objects, 0(0B) LOS objects, 23% free, 52MB/68MB, paused 339us total 19.491ms
08-06 13:49:38.919  3330  3341 I art     : Starting a blocking GC Explicit
08-06 13:49:38.939  3330  3341 I art     : Explicit concurrent mark sweep GC freed 3(96B) AllocSpace objects, 0(0B) LOS objects, 23% free, 52MB/68MB, paused 352us total 19.618ms
08-06 13:49:38.947  3330  3341 I art     : Starting a blocking GC Explicit
08-06 13:49:38.967  3330  3341 I art     : Explicit concurrent mark sweep GC freed 3(96B) AllocSpace objects, 0(0B) LOS objects, 23% free, 52MB/68MB, paused 356us total 19.598ms
08-06 13:49:38.976  3330  3341 I art     : Starting a blocking GC Explicit
08-06 13:49:38.995  3330  3341 I art     : Explicit concurrent mark sweep GC freed 3(96B) AllocSpace objects, 0(0B) LOS objects, 23% free, 52MB/68MB, paused 326us total 18.828ms
08-06 13:49:39.296  3330  3348 I art     : Starting a blocking GC Explicit
08-06 13:49:39.319  3330  3348 I art     : Explicit concurrent mark sweep GC freed 1343(78KB) AllocSpace objects, 1(20KB) LOS objects, 23% free, 52MB/68MB, paused 389us total 22.506ms
08-06 13:49:39.331  3330  3348 I art     : Starting a blocking GC Explicit
08-06 13:49:39.351  3330  3348 I art     : Explicit concurrent mark sweep GC freed 20(704B) AllocSpace objects, 0(0B) LOS objects, 23% free, 52MB/68MB, paused 339us total 19.650ms
08-06 13:49:39.359  3330  3348 I art     : Starting a blocking GC Explicit
08-06 13:49:39.379  3330  3348 I art     : Explicit concurrent mark sweep GC freed 3(96B) AllocSpace objects, 0(0B) LOS objects, 23% free, 52MB/68MB, paused 348us total 19.672ms
08-06 13:49:39.388  3330  3348 I art     : Starting a blocking GC Explicit
08-06 13:49:39.407  3330  3348 I art     : Explicit concurrent mark sweep GC freed 3(96B) AllocSpace objects, 0(0B) LOS objects, 23% free, 52MB/68MB, paused 365us total 19.436ms
08-06 13:49:39.416  3330  3348 I art     : Starting a blocking GC Explicit
08-06 13:49:39.435  3330  3348 I art     : Explicit concurrent mark sweep GC freed 3(96B) AllocSpace objects, 0(0B) LOS objects, 23% free, 52MB/68MB, paused 349us total 19.145ms
08-06 13:49:39.731  3330  3442 I art     : Starting a blocking GC Explicit
08-06 13:49:39.757  3330  3442 I art     : Explicit concurrent mark sweep GC freed 1343(78KB) AllocSpace objects, 1(20KB) LOS objects, 23% free, 52MB/68MB, paused 469us total 26.032ms
08-06 13:49:39.766  3330  3442 I art     : Starting a blocking GC Explicit
08-06 13:49:39.785  3330  3442 I art     : Explicit concurrent mark sweep GC freed 20(704B) AllocSpace objects, 0(0B) LOS objects, 23% free, 52MB/68MB, paused 350us total 19.606ms
08-06 13:49:39.794  3330  3442 I art     : Starting a blocking GC Explicit
08-06 13:49:39.813  3330  3442 I art     : Explicit concurrent mark sweep GC freed 3(96B) AllocSpace objects, 0(0B) LOS objects, 23% free, 52MB/68MB, paused 344us total 18.902ms
08-06 13:49:39.821  3330  3442 I art     : Starting a blocking GC Explicit
08-06 13:49:39.841  3330  3442 I art     : Explicit concurrent mark sweep GC freed 3(96B) AllocSpace objects, 0(0B) LOS objects, 23% free, 52MB/68MB, paused 341us total 19.115ms
08-06 13:49:39.849  3330  3442 I art     : Starting a blocking GC Explicit
08-06 13:49:39.869  3330  3442 I art     : Explicit concurrent mark sweep GC freed 3(96B) AllocSpace objects, 0(0B) LOS objects, 23% free, 52MB/68MB, paused 343us total 19.491ms
08-06 13:49:40.144  3330  4220 I art     : Starting a blocking GC Explicit
08-06 13:49:40.163  3330  4220 I art     : Explicit concurrent mark sweep GC freed 1343(78KB) AllocSpace objects, 1(20KB) LOS objects, 23% free, 52MB/68MB, paused 346us total 19.516ms
08-06 13:49:40.172  3330  4220 I art     : Starting a blocking GC Explicit
08-06 13:49:40.191  3330  4220 I art     : Explicit concurrent mark sweep GC freed 20(704B) AllocSpace objects, 0(0B) LOS objects, 23% free, 52MB/68MB, paused 352us total 19.135ms
08-06 13:49:40.200  3330  4220 I art     : Starting a blocking GC Explicit
08-06 13:49:40.219  3330  4220 I art     : Explicit concurrent mark sweep GC freed 3(96B) AllocSpace objects, 0(0B) LOS objects, 23% free, 52MB/68MB, paused 352us total 18.767ms
08-06 13:49:40.227  3330  4220 I art     : Starting a blocking GC Explicit
08-06 13:49:40.246  3330  4220 I art     : Explicit concurrent mark sweep GC freed 3(96B) AllocSpace objects, 0(0B) LOS objects, 23% free, 52MB/68MB, paused 347us total 18.678ms
08-06 13:49:40.254  3330  4220 I art     : Starting a blocking GC Explicit
08-06 13:49:40.272  3330  4220 I art     : Explicit concurrent mark sweep GC freed 3(96B) AllocSpace objects, 0(0B) LOS objects, 23% free, 52MB/68MB, paused 345us total 17.810ms
08-06 13:49:40.465  4372  4372 D AndroidRuntime: >>>>>> START com.android.internal.os.RuntimeInit uid 2000 <<<<<<
08-06 13:49:40.473  4372  4372 D AndroidRuntime: CheckJNI is OFF
08-06 13:49:40.505  4372  4372 D ICU     : No timezone override file found: /data/misc/zoneinfo/current/icu/icu_tzdata.dat
08-06 13:49:40.537  4372  4372 I Radio-JNI: register_android_hardware_Radio DONE
08-06 13:49:40.559  4372  4372 D AndroidRuntime: Calling main entry com.android.commands.input.Input
08-06 13:49:40.560  4372  4372 I Input   : injectKeyEvent: KeyEvent { action=ACTION_DOWN, keyCode=KEYCODE_BACK, scanCode=0, metaState=0, flags=0x0, repeatCount=0, eventTime=884996974, downTime=884996974, deviceId=-1, source=0x101 }
08-06 13:49:40.567  4372  4372 I Input   : injectKeyEvent: KeyEvent { action=ACTION_UP, keyCode=KEYCODE_BACK, scanCode=0, metaState=0, flags=0x0, repeatCount=0, eventTime=884996974, downTime=884996974, deviceId=-1, source=0x101 }
08-06 13:49:40.572  4372  4372 D AndroidRuntime: Shutting down VM
08-06 13:49:40.597  3330  3341 I art     : Starting a blocking GC Explicit
08-06 13:49:40.612 13866 13866 I GoogleInputMethodServic: GoogleInputMethodService.onFinishInput():3138 
08-06 13:49:40.613 13866 13866 I GoogleInputMethodServic: GoogleInputMethodService.onStartInput():1808 
08-06 13:49:40.616  3330  3341 I art     : Explicit concurrent mark sweep GC freed 1485(84KB) AllocSpace objects, 1(20KB) LOS objects, 23% free, 52MB/68MB, paused 449us total 19.191ms
08-06 13:49:40.624  3330  3341 I art     : Starting a blocking GC Explicit
08-06 13:49:40.641  3330  3341 I art     : Explicit concurrent mark sweep GC freed 47(1728B) AllocSpace objects, 0(0B) LOS objects, 23% free, 52MB/68MB, paused 297us total 16.727ms
08-06 13:49:40.649  3330  3341 I art     : Starting a blocking GC Explicit
08-06 13:49:40.667  3330  3341 I art     : Explicit concurrent mark sweep GC freed 10(384B) AllocSpace objects, 0(0B) LOS objects, 23% free, 52MB/68MB, paused 379us total 17.135ms
08-06 13:49:40.674  3330  3341 I art     : Starting a blocking GC Explicit
08-06 13:49:40.690  3330  3341 I art     : Explicit concurrent mark sweep GC freed 3(96B) AllocSpace objects, 0(0B) LOS objects, 23% free, 52MB/68MB, paused 284us total 15.943ms
08-06 13:49:40.698  3330  3341 I art     : Starting a blocking GC Explicit
08-06 13:49:40.714  3330  3341 I art     : Explicit concurrent mark sweep GC freed 3(96B) AllocSpace objects, 0(0B) LOS objects, 23% free, 52MB/68MB, paused 310us total 15.793ms
08-06 13:49:40.899   380   380 W SurfaceFlinger: couldn't log to binary event log: overflow.
08-06 13:49:40.980  3330  3442 I art     : Starting a blocking GC Explicit
08-06 13:49:41.000  3330  3442 I art     : Explicit concurrent mark sweep GC freed 1452(87KB) AllocSpace objects, 1(20KB) LOS objects, 23% free, 52MB/68MB, paused 353us total 20.053ms
08-06 13:49:41.009  3330  3442 I art     : Starting a blocking GC Explicit
08-06 13:49:41.028  3330  3442 I art     : Explicit concurrent mark sweep GC freed 1672(106KB) AllocSpace objects, 3(400KB) LOS objects, 23% free, 51MB/67MB, paused 345us total 19.217ms
08-06 13:49:41.037  3330  3442 I art     : Starting a blocking GC Explicit
08-06 13:49:41.056  3330  3442 I art     : Explicit concurrent mark sweep GC freed 3(96B) AllocSpace objects, 0(0B) LOS objects, 23% free, 51MB/67MB, paused 350us total 18.637ms
08-06 13:49:41.064  3330  3442 I art     : Starting a blocking GC Explicit
08-06 13:49:41.083  3330  3442 I art     : Explicit concurrent mark sweep GC freed 3(96B) AllocSpace objects, 0(0B) LOS objects, 23% free, 51MB/67MB, paused 349us total 18.528ms
08-06 13:49:41.091  3330  3442 I art     : Starting a blocking GC Explicit
08-06 13:49:41.110  3330  3442 I art     : Explicit concurrent mark sweep GC freed 3(96B) AllocSpace objects, 0(0B) LOS objects, 23% free, 51MB/67MB, paused 339us total 18.425ms
08-06 13:49:41.397  3330  4220 I art     : Starting a blocking GC Explicit
08-06 13:49:41.425  3330  4220 I art     : Explicit concurrent mark sweep GC freed 1343(78KB) AllocSpace objects, 1(20KB) LOS objects, 23% free, 51MB/67MB, paused 409us total 27.811ms
08-06 13:49:41.438  3330  4220 I art     : Starting a blocking GC Explicit
08-06 13:49:41.461  3330  4220 I art     : Explicit concurrent mark sweep GC freed 20(704B) AllocSpace objects, 0(0B) LOS objects, 23% free, 51MB/67MB, paused 368us total 22.625ms
08-06 13:49:41.471  3330  4220 I art     : Starting a blocking GC Explicit
08-06 13:49:41.490  3330  4220 I art     : Explicit concurrent mark sweep GC freed 3(96B) AllocSpace objects, 0(0B) LOS objects, 23% free, 51MB/67MB, paused 352us total 18.875ms
08-06 13:49:41.498  3330  4220 I art     : Starting a blocking GC Explicit
08-06 13:49:41.517  3330  4220 I art     : Explicit concurrent mark sweep GC freed 3(96B) AllocSpace objects, 0(0B) LOS objects, 23% free, 51MB/67MB, paused 376us total 18.679ms
08-06 13:49:41.525  3330  4220 I art     : Starting a blocking GC Explicit
08-06 13:49:41.545  3330  4220 I art     : Explicit concurrent mark sweep GC freed 3(96B) AllocSpace objects, 0(0B) LOS objects, 23% free, 51MB/67MB, paused 345us total 19.576ms
08-06 13:49:41.842  3330  3348 I art     : Starting a blocking GC Explicit
08-06 13:49:41.861  3330  3348 I art     : Explicit concurrent mark sweep GC freed 1342(78KB) AllocSpace objects, 1(20KB) LOS objects, 23% free, 51MB/67MB, paused 400us total 18.511ms
08-06 13:49:41.870  3330  3348 I art     : Starting a blocking GC Explicit
08-06 13:49:41.888  3330  3348 I art     : Explicit concurrent mark sweep GC freed 20(704B) AllocSpace objects, 0(0B) LOS objects, 23% free, 51MB/67MB, paused 346us total 17.829ms
08-06 13:49:41.895  3330  3348 I art     : Starting a blocking GC Explicit
08-06 13:49:41.913  3330  3348 I art     : Explicit concurrent mark sweep GC freed 3(96B) AllocSpace objects, 0(0B) LOS objects, 23% free, 51MB/67MB, paused 388us total 17.544ms
08-06 13:49:41.921  3330  3348 I art     : Starting a blocking GC Explicit
08-06 13:49:41.939  3330  3348 I art     : Explicit concurrent mark sweep GC freed 3(96B) AllocSpace objects, 0(0B) LOS objects, 23% free, 51MB/67MB, paused 366us total 17.679ms
08-06 13:49:41.947  3330  3348 I art     : Starting a blocking GC Explicit
08-06 13:49:41.965  3330  3348 I art     : Explicit concurrent mark sweep GC freed 3(96B) AllocSpace objects, 0(0B) LOS objects, 23% free, 51MB/67MB, paused 342us total 17.899ms
08-06 13:49:42.157   918  3261 D WifiStateMachine: starting scan for "H369AA63323"WPA_PSK with 2412,5180
08-06 13:49:42.219  4437  4437 D AndroidRuntime: >>>>>> START com.android.internal.os.RuntimeInit uid 2000 <<<<<<
08-06 13:49:42.224  4437  4437 D AndroidRuntime: CheckJNI is OFF
08-06 13:49:42.240  3330  3341 I art     : Starting a blocking GC Explicit
08-06 13:49:42.258  3330  3341 I art     : Explicit concurrent mark sweep GC freed 1342(78KB) AllocSpace objects, 1(20KB) LOS objects, 23% free, 51MB/67MB, paused 375us total 17.950ms
08-06 13:49:42.259  4437  4437 D ICU     : No timezone override file found: /data/misc/zoneinfo/current/icu/icu_tzdata.dat
08-06 13:49:42.266  3330  3341 I art     : Starting a blocking GC Explicit
08-06 13:49:42.284  3330  3341 I art     : Explicit concurrent mark sweep GC freed 20(704B) AllocSpace objects, 0(0B) LOS objects, 23% free, 51MB/67MB, paused 385us total 18.065ms
08-06 13:49:42.293  3330  3341 I art     : Starting a blocking GC Explicit
08-06 13:49:42.294  4437  4437 I Radio-JNI: register_android_hardware_Radio DONE
08-06 13:49:42.309  3330  3341 I art     : Explicit concurrent mark sweep GC freed 3(96B) AllocSpace objects, 0(0B) LOS objects, 23% free, 51MB/67MB, paused 328us total 16.621ms
08-06 13:49:42.315  4437  4437 D AndroidRuntime: Calling main entry com.android.commands.input.Input
08-06 13:49:42.317  3330  3341 I art     : Starting a blocking GC Explicit
08-06 13:49:42.317  4437  4437 I Input   : injectMotionEvent: MotionEvent { action=ACTION_DOWN, actionButton=0, id[0]=0, x[0]=733.0, y[0]=1957.0, toolType[0]=TOOL_TYPE_UNKNOWN, buttonState=0, metaState=0, flags=0x0, edgeFlags=0x0, pointerCount=1, historySize=0, eventTime=884998730, downTime=884998730, deviceId=0, source=0x1002 }
08-06 13:49:42.321  4437  4437 I Input   : injectMotionEvent: MotionEvent { action=ACTION_UP, actionButton=0, id[0]=0, x[0]=733.0, y[0]=1957.0, toolType[0]=TOOL_TYPE_UNKNOWN, buttonState=0, metaState=0, flags=0x0, edgeFlags=0x0, pointerCount=1, historySize=0, eventTime=884998730, downTime=884998730, deviceId=0, source=0x1002 }
08-06 13:49:42.322   918  3696 I ActivityManager: START u0 {cmp=baseline.appteam.nith.hillffair/.activities.ClubActivity (has extras)} from uid 10697 on display 0
08-06 13:49:42.327  4437  4437 D AndroidRuntime: Shutting down VM
08-06 13:49:42.334  3330  3341 I art     : Explicit concurrent mark sweep GC freed 39(1328B) AllocSpace objects, 0(0B) LOS objects, 23% free, 51MB/67MB, paused 396us total 16.254ms
08-06 13:49:42.341  3330  3341 I art     : Starting a blocking GC Explicit
08-06 13:49:42.359  3330  3341 I art     : Explicit concurrent mark sweep GC freed 982(71KB) AllocSpace objects, 0(0B) LOS objects, 23% free, 51MB/67MB, paused 561us total 17.324ms
08-06 13:49:42.423 13866 13866 I GoogleInputMethodServic: GoogleInputMethodService.onFinishInput():3138 
08-06 13:49:42.423 13866 13866 I GoogleInputMethodServic: GoogleInputMethodService.onStartInput():1808 
08-06 13:49:42.423   918   936 I ActivityManager: Displayed baseline.appteam.nith.hillffair/.activities.ClubActivity: +96ms
08-06 13:49:42.620  3330  3442 I art     : Starting a blocking GC Explicit
08-06 13:49:42.644  3330  3442 I art     : Explicit concurrent mark sweep GC freed 4157(230KB) AllocSpace objects, 1(20KB) LOS objects, 23% free, 51MB/67MB, paused 365us total 22.860ms
08-06 13:49:42.654  3330  3442 I art     : Starting a blocking GC Explicit
08-06 13:49:42.668   380   380 W SurfaceFlinger: couldn't log to binary event log: overflow.
08-06 13:49:42.677  3330  3442 I art     : Explicit concurrent mark sweep GC freed 83(3KB) AllocSpace objects, 0(0B) LOS objects, 23% free, 51MB/67MB, paused 396us total 22.571ms
08-06 13:49:42.686  3330  3442 I art     : Starting a blocking GC Explicit
08-06 13:49:42.703  3330  3442 I art     : Explicit concurrent mark sweep GC freed 3(96B) AllocSpace objects, 0(0B) LOS objects, 23% free, 51MB/67MB, paused 348us total 16.430ms
08-06 13:49:42.710  3330  3442 I art     : Starting a blocking GC Explicit
08-06 13:49:42.727  3330  3442 I art     : Explicit concurrent mark sweep GC freed 3(96B) AllocSpace objects, 0(0B) LOS objects, 23% free, 51MB/67MB, paused 475us total 16.596ms
08-06 13:49:42.735  3330  3442 I art     : Starting a blocking GC Explicit
08-06 13:49:42.752  3330  3442 I art     : Explicit concurrent mark sweep GC freed 3(96B) AllocSpace objects, 0(0B) LOS objects, 23% free, 51MB/67MB, paused 359us total 17.079ms
08-06 13:49:43.038  3330  4220 I art     : Starting a blocking GC Explicit
08-06 13:49:43.058  3330  4220 I art     : Explicit concurrent mark sweep GC freed 1487(85KB) AllocSpace objects, 1(20KB) LOS objects, 23% free, 51MB/67MB, paused 415us total 19.554ms
08-06 13:49:43.066  3330  4220 I art     : Starting a blocking GC Explicit
08-06 13:49:43.086  3330  4220 I art     : Explicit concurrent mark sweep GC freed 55(1856B) AllocSpace objects, 0(0B) LOS objects, 23% free, 51MB/67MB, paused 469us total 19.608ms
08-06 13:49:43.095  3330  4220 I art     : Starting a blocking GC Explicit
08-06 13:49:43.113  3330  4220 I art     : Explicit concurrent mark sweep GC freed 200(7KB) AllocSpace objects, 0(0B) LOS objects, 23% free, 51MB/67MB, paused 531us total 17.953ms
08-06 13:49:43.121  3330  4220 I art     : Starting a blocking GC Explicit
08-06 13:49:43.140  3330  4220 I art     : Explicit concurrent mark sweep GC freed 2321(121KB) AllocSpace objects, 2(120KB) LOS objects, 23% free, 52MB/68MB, paused 481us total 19.322ms
08-06 13:49:43.145  3330  4466 D OkHttp  : --> GET https://api-hillfair-2k16.herokuapp.com/api/app/events/special/event?id=58065620dcba0f490c70fe09 http/1.1
08-06 13:49:43.148  3330  4220 I art     : Starting a blocking GC Explicit
08-06 13:49:43.167  3330  4220 I art     : Explicit concurrent mark sweep GC freed 1026(120KB) AllocSpace objects, 1(80KB) LOS objects, 23% free, 52MB/68MB, paused 480us total 18.440ms
08-06 13:49:43.179  3330  4466 D OkHttp  : <-- 200 OK https://api-hillfair-2k16.herokuapp.com/api/app/events/special/event?id=58065620dcba0f490c70fe09 (33ms, 682-byte body)
08-06 13:49:43.237  3330  3330 I NAPPA_EXPERIMENTATION: MetricNetworkRequestExecutionTime: REQUEST_DURATION_SYSTEM='876',REQUEST_DURATION_OKHTTP='34',REQUEST_SYNCHRONOUS='FALSE',RESPONSE_CODE='200',RESPONSE_METHOD='GET',RESPONSE_LENGTH_OKHTTP='682',RESPONSE_LENGTH_HEADER='682',REQUEST_PROTOCOL='http/1.1',REQUEST_URL='https://api-hillfair-2k16.herokuapp.com/api/app/events/special/event?id=58065620dcba0f490c70fe09',
08-06 13:49:43.441  3330  3348 I art     : Starting a blocking GC Explicit
08-06 13:49:43.461  3330  3348 I art     : Explicit concurrent mark sweep GC freed 2197(204KB) AllocSpace objects, 1(20KB) LOS objects, 23% free, 52MB/68MB, paused 417us total 20.022ms
08-06 13:49:43.470  3330  3348 I art     : Starting a blocking GC Explicit
08-06 13:49:43.490  3330  3348 I art     : Explicit concurrent mark sweep GC freed 96(3KB) AllocSpace objects, 0(0B) LOS objects, 23% free, 52MB/68MB, paused 407us total 20.289ms
08-06 13:49:43.499  3330  3348 I art     : Starting a blocking GC Explicit
08-06 13:49:43.518  3330  3348 I art     : Explicit concurrent mark sweep GC freed 3(96B) AllocSpace objects, 0(0B) LOS objects, 23% free, 52MB/68MB, paused 335us total 19.125ms
08-06 13:49:43.527  3330  3348 I art     : Starting a blocking GC Explicit
08-06 13:49:43.546  3330  3348 I art     : Explicit concurrent mark sweep GC freed 3(96B) AllocSpace objects, 0(0B) LOS objects, 23% free, 52MB/68MB, paused 359us total 18.948ms
08-06 13:49:43.554  3330  3348 I art     : Starting a blocking GC Explicit
08-06 13:49:43.573  3330  3348 I art     : Explicit concurrent mark sweep GC freed 3(96B) AllocSpace objects, 0(0B) LOS objects, 23% free, 52MB/68MB, paused 355us total 18.394ms
08-06 13:49:43.855  3330  3341 I art     : Starting a blocking GC Explicit
08-06 13:49:43.883  3330  3341 I art     : Explicit concurrent mark sweep GC freed 1344(78KB) AllocSpace objects, 1(20KB) LOS objects, 23% free, 52MB/68MB, paused 398us total 27.724ms
08-06 13:49:43.895  3330  3341 I art     : Starting a blocking GC Explicit
08-06 13:49:43.916  3330  3341 I art     : Explicit concurrent mark sweep GC freed 36(1264B) AllocSpace objects, 0(0B) LOS objects, 23% free, 52MB/68MB, paused 362us total 21.064ms
08-06 13:49:43.925  3330  3341 I art     : Starting a blocking GC Explicit
08-06 13:49:43.945  3330  3341 I art     : Explicit concurrent mark sweep GC freed 3(96B) AllocSpace objects, 0(0B) LOS objects, 23% free, 52MB/68MB, paused 368us total 19.569ms
08-06 13:49:43.953  3330  3341 I art     : Starting a blocking GC Explicit
08-06 13:49:43.973  3330  3341 I art     : Explicit concurrent mark sweep GC freed 3(96B) AllocSpace objects, 0(0B) LOS objects, 23% free, 52MB/68MB, paused 358us total 19.562ms
08-06 13:49:43.982  3330  3341 I art     : Starting a blocking GC Explicit
08-06 13:49:44.001  3330  3341 I art     : Explicit concurrent mark sweep GC freed 3(96B) AllocSpace objects, 0(0B) LOS objects, 23% free, 52MB/68MB, paused 354us total 19.735ms
08-06 13:49:44.306  3330  3348 I art     : Starting a blocking GC Explicit
08-06 13:49:44.331  3330  3348 I art     : Explicit concurrent mark sweep GC freed 1343(78KB) AllocSpace objects, 1(20KB) LOS objects, 23% free, 52MB/68MB, paused 383us total 24.514ms
08-06 13:49:44.341  3330  3348 I art     : Starting a blocking GC Explicit
08-06 13:49:44.361  3330  3348 I art     : Explicit concurrent mark sweep GC freed 20(704B) AllocSpace objects, 0(0B) LOS objects, 23% free, 52MB/68MB, paused 366us total 20.234ms
08-06 13:49:44.370  3330  3348 I art     : Starting a blocking GC Explicit
08-06 13:49:44.390  3330  3348 I art     : Explicit concurrent mark sweep GC freed 3(96B) AllocSpace objects, 0(0B) LOS objects, 23% free, 52MB/68MB, paused 357us total 19.565ms
08-06 13:49:44.398  3330  3348 I art     : Starting a blocking GC Explicit
08-06 13:49:44.418  3330  3348 I art     : Explicit concurrent mark sweep GC freed 3(96B) AllocSpace objects, 0(0B) LOS objects, 23% free, 52MB/68MB, paused 398us total 19.425ms
08-06 13:49:44.426  3330  3348 I art     : Starting a blocking GC Explicit
08-06 13:49:44.447  3330  3348 I art     : Explicit concurrent mark sweep GC freed 3(96B) AllocSpace objects, 0(0B) LOS objects, 23% free, 52MB/68MB, paused 367us total 20.119ms
08-06 13:49:44.723  3330  4220 I art     : Starting a blocking GC Explicit
08-06 13:49:44.743  3330  4220 I art     : Explicit concurrent mark sweep GC freed 1343(78KB) AllocSpace objects, 1(20KB) LOS objects, 23% free, 52MB/68MB, paused 387us total 19.938ms
08-06 13:49:44.752  3330  4220 I art     : Starting a blocking GC Explicit
08-06 13:49:44.772  3330  4220 I art     : Explicit concurrent mark sweep GC freed 20(704B) AllocSpace objects, 0(0B) LOS objects, 23% free, 52MB/68MB, paused 379us total 19.568ms
08-06 13:49:44.780  3330  4220 I art     : Starting a blocking GC Explicit
08-06 13:49:44.800  3330  4220 I art     : Explicit concurrent mark sweep GC freed 3(96B) AllocSpace objects, 0(0B) LOS objects, 23% free, 52MB/68MB, paused 364us total 19.074ms
08-06 13:49:44.808  3330  4220 I art     : Starting a blocking GC Explicit
08-06 13:49:44.827  3330  4220 I art     : Explicit concurrent mark sweep GC freed 3(96B) AllocSpace objects, 0(0B) LOS objects, 23% free, 52MB/68MB, paused 427us total 18.774ms
08-06 13:49:44.835  3330  4220 I art     : Starting a blocking GC Explicit
08-06 13:49:44.854  3330  4220 I art     : Explicit concurrent mark sweep GC freed 3(96B) AllocSpace objects, 0(0B) LOS objects, 23% free, 52MB/68MB, paused 364us total 18.695ms
08-06 13:49:45.027  4522  4522 D AndroidRuntime: >>>>>> START com.android.internal.os.RuntimeInit uid 2000 <<<<<<
08-06 13:49:45.033  4522  4522 D AndroidRuntime: CheckJNI is OFF
08-06 13:49:45.065  4522  4522 D ICU     : No timezone override file found: /data/misc/zoneinfo/current/icu/icu_tzdata.dat
08-06 13:49:45.097  4522  4522 I Radio-JNI: register_android_hardware_Radio DONE
08-06 13:49:45.119  4522  4522 D AndroidRuntime: Calling main entry com.android.commands.input.Input
08-06 13:49:45.121  4522  4522 I Input   : injectKeyEvent: KeyEvent { action=ACTION_DOWN, keyCode=KEYCODE_BACK, scanCode=0, metaState=0, flags=0x0, repeatCount=0, eventTime=885001534, downTime=885001534, deviceId=-1, source=0x101 }
08-06 13:49:45.125  4522  4522 I Input   : injectKeyEvent: KeyEvent { action=ACTION_UP, keyCode=KEYCODE_BACK, scanCode=0, metaState=0, flags=0x0, repeatCount=0, eventTime=885001534, downTime=885001534, deviceId=-1, source=0x101 }
08-06 13:49:45.132  4522  4522 D AndroidRuntime: Shutting down VM
08-06 13:49:45.144  3330  4220 I art     : Starting a blocking GC Explicit
08-06 13:49:45.164  3330  4220 I art     : Explicit concurrent mark sweep GC freed 1483(84KB) AllocSpace objects, 1(20KB) LOS objects, 23% free, 52MB/68MB, paused 349us total 19.671ms
08-06 13:49:45.166 13866 13866 I GoogleInputMethodServic: GoogleInputMethodService.onFinishInput():3138 
08-06 13:49:45.167 13866 13866 I GoogleInputMethodServic: GoogleInputMethodService.onStartInput():1808 
08-06 13:49:45.172  3330  4220 I art     : Starting a blocking GC Explicit
08-06 13:49:45.192  3330  4220 I art     : Explicit concurrent mark sweep GC freed 48(1760B) AllocSpace objects, 0(0B) LOS objects, 23% free, 52MB/68MB, paused 602us total 19.721ms
08-06 13:49:45.201  3330  4220 I art     : Starting a blocking GC Explicit
08-06 13:49:45.218  3330  4220 I art     : Explicit concurrent mark sweep GC freed 10(384B) AllocSpace objects, 0(0B) LOS objects, 23% free, 52MB/68MB, paused 350us total 16.521ms
08-06 13:49:45.225  3330  4220 I art     : Starting a blocking GC Explicit
08-06 13:49:45.243  3330  4220 I art     : Explicit concurrent mark sweep GC freed 3(96B) AllocSpace objects, 0(0B) LOS objects, 23% free, 52MB/68MB, paused 324us total 17.266ms
08-06 13:49:45.250  3330  4220 I art     : Starting a blocking GC Explicit
08-06 13:49:45.268  3330  4220 I art     : Explicit concurrent mark sweep GC freed 3(96B) AllocSpace objects, 0(0B) LOS objects, 23% free, 52MB/68MB, paused 345us total 17.669ms
08-06 13:49:45.470   380   380 W SurfaceFlinger: couldn't log to binary event log: overflow.
08-06 13:49:45.529  3330  4220 I art     : Starting a blocking GC Explicit
08-06 13:49:45.549  3330  4220 I art     : Explicit concurrent mark sweep GC freed 1452(87KB) AllocSpace objects, 1(20KB) LOS objects, 23% free, 52MB/68MB, paused 403us total 19.487ms
08-06 13:49:45.557  3330  4220 I art     : Starting a blocking GC Explicit
08-06 13:49:45.575  3330  4220 I art     : Explicit concurrent mark sweep GC freed 1672(106KB) AllocSpace objects, 3(400KB) LOS objects, 23% free, 51MB/67MB, paused 365us total 18.530ms
08-06 13:49:45.584  3330  4220 I art     : Starting a blocking GC Explicit
08-06 13:49:45.603  3330  4220 I art     : Explicit concurrent mark sweep GC freed 3(96B) AllocSpace objects, 0(0B) LOS objects, 23% free, 51MB/67MB, paused 356us total 18.535ms
08-06 13:49:45.611  3330  4220 I art     : Starting a blocking GC Explicit
08-06 13:49:45.630  3330  4220 I art     : Explicit concurrent mark sweep GC freed 3(96B) AllocSpace objects, 0(0B) LOS objects, 23% free, 51MB/67MB, paused 359us total 18.412ms
08-06 13:49:45.638  3330  4220 I art     : Starting a blocking GC Explicit
08-06 13:49:45.657  3330  4220 I art     : Explicit concurrent mark sweep GC freed 3(96B) AllocSpace objects, 0(0B) LOS objects, 23% free, 51MB/67MB, paused 393us total 18.916ms
08-06 13:49:45.949  3330  3341 I art     : Starting a blocking GC Explicit
08-06 13:49:45.977  3330  3341 I art     : Explicit concurrent mark sweep GC freed 1343(78KB) AllocSpace objects, 1(20KB) LOS objects, 23% free, 51MB/67MB, paused 377us total 27.507ms
08-06 13:49:45.989  3330  3341 I art     : Starting a blocking GC Explicit
08-06 13:49:46.010  3330  3341 I art     : Explicit concurrent mark sweep GC freed 20(704B) AllocSpace objects, 0(0B) LOS objects, 23% free, 51MB/67MB, paused 357us total 20.136ms
08-06 13:49:46.018  3330  3341 I art     : Starting a blocking GC Explicit
08-06 13:49:46.037  3330  3341 I art     : Explicit concurrent mark sweep GC freed 3(96B) AllocSpace objects, 0(0B) LOS objects, 23% free, 51MB/67MB, paused 371us total 18.853ms
08-06 13:49:46.046  3330  3341 I art     : Starting a blocking GC Explicit
08-06 13:49:46.066  3330  3341 I art     : Explicit concurrent mark sweep GC freed 3(96B) AllocSpace objects, 0(0B) LOS objects, 23% free, 51MB/67MB, paused 348us total 19.297ms
08-06 13:49:46.074  3330  3341 I art     : Starting a blocking GC Explicit
08-06 13:49:46.094  3330  3341 I art     : Explicit concurrent mark sweep GC freed 3(96B) AllocSpace objects, 0(0B) LOS objects, 23% free, 51MB/67MB, paused 345us total 19.262ms
08-06 13:49:46.375  3330  3348 I art     : Starting a blocking GC Explicit
08-06 13:49:46.394  3330  3348 I art     : Explicit concurrent mark sweep GC freed 1342(78KB) AllocSpace objects, 1(20KB) LOS objects, 23% free, 51MB/67MB, paused 381us total 19.474ms
08-06 13:49:46.403  3330  3348 I art     : Starting a blocking GC Explicit
08-06 13:49:46.422  3330  3348 I art     : Explicit concurrent mark sweep GC freed 20(704B) AllocSpace objects, 0(0B) LOS objects, 23% free, 51MB/67MB, paused 363us total 19.042ms
08-06 13:49:46.430  3330  3348 I art     : Starting a blocking GC Explicit
08-06 13:49:46.449  3330  3348 I art     : Explicit concurrent mark sweep GC freed 3(96B) AllocSpace objects, 0(0B) LOS objects, 23% free, 51MB/67MB, paused 359us total 18.380ms
08-06 13:49:46.457  3330  3348 I art     : Starting a blocking GC Explicit
08-06 13:49:46.475  3330  3348 I art     : Explicit concurrent mark sweep GC freed 3(96B) AllocSpace objects, 0(0B) LOS objects, 23% free, 51MB/67MB, paused 358us total 17.792ms
08-06 13:49:46.483  3330  3348 I art     : Starting a blocking GC Explicit
08-06 13:49:46.501  3330  3348 I art     : Explicit concurrent mark sweep GC freed 3(96B) AllocSpace objects, 0(0B) LOS objects, 23% free, 51MB/67MB, paused 360us total 18.158ms
08-06 13:49:46.764  3330  3442 I art     : Starting a blocking GC Explicit
08-06 13:49:46.781  4586  4586 D AndroidRuntime: >>>>>> START com.android.internal.os.RuntimeInit uid 2000 <<<<<<
08-06 13:49:46.784  3330  3442 I art     : Explicit concurrent mark sweep GC freed 1342(78KB) AllocSpace objects, 1(20KB) LOS objects, 23% free, 51MB/67MB, paused 396us total 19.172ms
08-06 13:49:46.786  4586  4586 D AndroidRuntime: CheckJNI is OFF
08-06 13:49:46.793  3330  3442 I art     : Starting a blocking GC Explicit
08-06 13:49:46.811  3330  3442 I art     : Explicit concurrent mark sweep GC freed 20(704B) AllocSpace objects, 0(0B) LOS objects, 23% free, 51MB/67MB, paused 383us total 17.917ms
08-06 13:49:46.819  3330  3442 I art     : Starting a blocking GC Explicit
08-06 13:49:46.823  4586  4586 D ICU     : No timezone override file found: /data/misc/zoneinfo/current/icu/icu_tzdata.dat
08-06 13:49:46.838  3330  3442 I art     : Explicit concurrent mark sweep GC freed 3(96B) AllocSpace objects, 0(0B) LOS objects, 23% free, 51MB/67MB, paused 415us total 18.966ms
08-06 13:49:46.846  3330  3442 I art     : Starting a blocking GC Explicit
08-06 13:49:46.858  4586  4586 I Radio-JNI: register_android_hardware_Radio DONE
08-06 13:49:46.864  3330  3442 I art     : Explicit concurrent mark sweep GC freed 3(96B) AllocSpace objects, 0(0B) LOS objects, 23% free, 51MB/67MB, paused 397us total 17.918ms
08-06 13:49:46.872  3330  3442 I art     : Starting a blocking GC Explicit
08-06 13:49:46.880  4586  4586 D AndroidRuntime: Calling main entry com.android.commands.input.Input
08-06 13:49:46.882  4586  4586 I Input   : injectMotionEvent: MotionEvent { action=ACTION_DOWN, actionButton=0, id[0]=0, x[0]=733.0, y[0]=1957.0, toolType[0]=TOOL_TYPE_UNKNOWN, buttonState=0, metaState=0, flags=0x0, edgeFlags=0x0, pointerCount=1, historySize=0, eventTime=885003295, downTime=885003295, deviceId=0, source=0x1002 }
08-06 13:49:46.888  4586  4586 I Input   : injectMotionEvent: MotionEvent { action=ACTION_UP, actionButton=0, id[0]=0, x[0]=733.0, y[0]=1957.0, toolType[0]=TOOL_TYPE_UNKNOWN, buttonState=0, metaState=0, flags=0x0, edgeFlags=0x0, pointerCount=1, historySize=0, eventTime=885003295, downTime=885003295, deviceId=0, source=0x1002 }
08-06 13:49:46.890  3330  3442 I art     : Explicit concurrent mark sweep GC freed 3(96B) AllocSpace objects, 0(0B) LOS objects, 23% free, 51MB/67MB, paused 418us total 17.751ms
08-06 13:49:46.890   918  6110 I ActivityManager: START u0 {cmp=baseline.appteam.nith.hillffair/.activities.ClubActivity (has extras)} from uid 10697 on display 0
08-06 13:49:46.899  4586  4586 D AndroidRuntime: Shutting down VM
08-06 13:49:46.993 13866 13866 I GoogleInputMethodServic: GoogleInputMethodService.onFinishInput():3138 
08-06 13:49:46.994 13866 13866 I GoogleInputMethodServic: GoogleInputMethodService.onStartInput():1808 
08-06 13:49:46.994   918   936 I ActivityManager: Displayed baseline.appteam.nith.hillffair/.activities.ClubActivity: +94ms
08-06 13:49:47.140  3330  3341 I art     : Starting a blocking GC Explicit
08-06 13:49:47.163  3330  3341 I art     : Explicit concurrent mark sweep GC freed 5297(332KB) AllocSpace objects, 1(20KB) LOS objects, 23% free, 52MB/68MB, paused 403us total 22.509ms
08-06 13:49:47.171  3330  3341 I art     : Starting a blocking GC Explicit
08-06 13:49:47.193  3330  3341 I art     : Explicit concurrent mark sweep GC freed 209(9KB) AllocSpace objects, 0(0B) LOS objects, 23% free, 52MB/68MB, paused 402us total 21.156ms
08-06 13:49:47.202  3330  3341 I art     : Starting a blocking GC Explicit
08-06 13:49:47.222  3330  3341 I art     : Explicit concurrent mark sweep GC freed 3(96B) AllocSpace objects, 0(0B) LOS objects, 23% free, 52MB/68MB, paused 408us total 20.686ms
08-06 13:49:47.233  3330  3341 I art     : Starting a blocking GC Explicit
08-06 13:49:47.240   380   380 W SurfaceFlinger: couldn't log to binary event log: overflow.
08-06 13:49:47.258  3330  3341 I art     : Explicit concurrent mark sweep GC freed 3(96B) AllocSpace objects, 0(0B) LOS objects, 23% free, 52MB/68MB, paused 385us total 24.911ms
08-06 13:49:47.265  3330  3341 I art     : Starting a blocking GC Explicit
08-06 13:49:47.282  3330  3341 I art     : Explicit concurrent mark sweep GC freed 3(96B) AllocSpace objects, 0(0B) LOS objects, 23% free, 52MB/68MB, paused 354us total 16.228ms
08-06 13:49:47.450  3330  4610 D OkHttp  : --> GET https://api-hillfair-2k16.herokuapp.com/api/app/events/special/event?id=58065620dcba0f490c70fe09 http/1.1
08-06 13:49:47.489  3330  4610 D OkHttp  : <-- 200 OK https://api-hillfair-2k16.herokuapp.com/api/app/events/special/event?id=58065620dcba0f490c70fe09 (38ms, 682-byte body)
08-06 13:49:47.541  3330  3330 I NAPPA_EXPERIMENTATION: MetricNetworkRequestExecutionTime: REQUEST_DURATION_SYSTEM='613',REQUEST_DURATION_OKHTTP='38',REQUEST_SYNCHRONOUS='FALSE',RESPONSE_CODE='200',RESPONSE_METHOD='GET',RESPONSE_LENGTH_OKHTTP='682',RESPONSE_LENGTH_HEADER='682',REQUEST_PROTOCOL='http/1.1',REQUEST_URL='https://api-hillfair-2k16.herokuapp.com/api/app/events/special/event?id=58065620dcba0f490c70fe09',
08-06 13:49:47.555  3330  3341 I art     : Starting a blocking GC Explicit
08-06 13:49:47.577  3330  3341 I art     : Explicit concurrent mark sweep GC freed 4862(315KB) AllocSpace objects, 4(220KB) LOS objects, 23% free, 52MB/68MB, paused 512us total 22.444ms
08-06 13:49:47.586  3330  3341 I art     : Starting a blocking GC Explicit
08-06 13:49:47.608  3330  3341 I art     : Explicit concurrent mark sweep GC freed 1040(119KB) AllocSpace objects, 0(0B) LOS objects, 23% free, 52MB/68MB, paused 353us total 21.766ms
08-06 13:49:47.619  3330  3341 I art     : Starting a blocking GC Explicit
08-06 13:49:47.639  3330  3341 I art     : Explicit concurrent mark sweep GC freed 3(96B) AllocSpace objects, 0(0B) LOS objects, 23% free, 52MB/68MB, paused 339us total 19.874ms
08-06 13:49:47.647  3330  3341 I art     : Starting a blocking GC Explicit
08-06 13:49:47.666  3330  3341 I art     : Explicit concurrent mark sweep GC freed 3(96B) AllocSpace objects, 0(0B) LOS objects, 23% free, 52MB/68MB, paused 372us total 18.823ms
08-06 13:49:47.674  3330  3341 I art     : Starting a blocking GC Explicit
08-06 13:49:47.694  3330  3341 I art     : Explicit concurrent mark sweep GC freed 3(96B) AllocSpace objects, 0(0B) LOS objects, 23% free, 52MB/68MB, paused 447us total 19.122ms
08-06 13:49:47.957  3330  3348 I art     : Starting a blocking GC Explicit
08-06 13:49:47.978  3330  3348 I art     : Explicit concurrent mark sweep GC freed 1343(78KB) AllocSpace objects, 1(20KB) LOS objects, 23% free, 52MB/68MB, paused 422us total 20.748ms
08-06 13:49:47.986  3330  3348 I art     : Starting a blocking GC Explicit
08-06 13:49:48.007  3330  3348 I art     : Explicit concurrent mark sweep GC freed 36(1264B) AllocSpace objects, 0(0B) LOS objects, 23% free, 52MB/68MB, paused 409us total 20.651ms
08-06 13:49:48.016  3330  3348 I art     : Starting a blocking GC Explicit
08-06 13:49:48.036  3330  3348 I art     : Explicit concurrent mark sweep GC freed 3(96B) AllocSpace objects, 0(0B) LOS objects, 23% free, 52MB/68MB, paused 400us total 20.477ms
08-06 13:49:48.045  3330  3348 I art     : Starting a blocking GC Explicit
08-06 13:49:48.065  3330  3348 I art     : Explicit concurrent mark sweep GC freed 3(96B) AllocSpace objects, 0(0B) LOS objects, 23% free, 52MB/68MB, paused 379us total 19.798ms
08-06 13:49:48.065  3330  3340 I art     : WaitForGcToComplete blocked for 7.433ms for cause HeapTrim
08-06 13:49:48.074  3330  3348 I art     : Starting a blocking GC Explicit
08-06 13:49:48.094  3330  3348 I art     : Explicit concurrent mark sweep GC freed 3(96B) AllocSpace objects, 0(0B) LOS objects, 23% free, 52MB/68MB, paused 388us total 20.224ms
08-06 13:49:48.151   518   646 I ThermalEngine: ACTION: GPU - Setting GPU[0] to 450000000
08-06 13:49:48.377  3330  3442 I art     : Starting a blocking GC Explicit
08-06 13:49:48.411  3330  3442 I art     : Explicit concurrent mark sweep GC freed 1343(78KB) AllocSpace objects, 1(20KB) LOS objects, 23% free, 52MB/68MB, paused 548us total 33.639ms
08-06 13:49:48.424  3330  3442 I art     : Starting a blocking GC Explicit
08-06 13:49:48.450  3330  3442 I art     : Explicit concurrent mark sweep GC freed 20(704B) AllocSpace objects, 0(0B) LOS objects, 23% free, 52MB/68MB, paused 526us total 25.784ms
08-06 13:49:48.461  3330  3442 I art     : Starting a blocking GC Explicit
08-06 13:49:48.486  3330  3442 I art     : Explicit concurrent mark sweep GC freed 3(96B) AllocSpace objects, 0(0B) LOS objects, 23% free, 52MB/68MB, paused 521us total 24.680ms
08-06 13:49:48.497  3330  3442 I art     : Starting a blocking GC Explicit
08-06 13:49:48.523  3330  3442 I art     : Explicit concurrent mark sweep GC freed 3(96B) AllocSpace objects, 0(0B) LOS objects, 23% free, 52MB/68MB, paused 506us total 25.435ms
08-06 13:49:48.534  3330  3442 I art     : Starting a blocking GC Explicit
08-06 13:49:48.561  3330  3442 I art     : Explicit concurrent mark sweep GC freed 3(96B) AllocSpace objects, 0(0B) LOS objects, 23% free, 52MB/68MB, paused 530us total 27.428ms
08-06 13:49:48.879  3330  4220 I art     : Starting a blocking GC Explicit
08-06 13:49:48.913  3330  4220 I art     : Explicit concurrent mark sweep GC freed 1343(78KB) AllocSpace objects, 1(20KB) LOS objects, 23% free, 52MB/68MB, paused 568us total 33.345ms
08-06 13:49:48.929  3330  4220 I art     : Starting a blocking GC Explicit
08-06 13:49:48.956  3330  4220 I art     : Explicit concurrent mark sweep GC freed 20(704B) AllocSpace objects, 0(0B) LOS objects, 23% free, 52MB/68MB, paused 532us total 27.217ms
08-06 13:49:48.967  3330  4220 I art     : Starting a blocking GC Explicit
08-06 13:49:48.994  3330  4220 I art     : Explicit concurrent mark sweep GC freed 3(96B) AllocSpace objects, 0(0B) LOS objects, 23% free, 52MB/68MB, paused 501us total 26.675ms
08-06 13:49:49.005  3330  4220 I art     : Starting a blocking GC Explicit
08-06 13:49:49.033  3330  4220 I art     : Explicit concurrent mark sweep GC freed 3(96B) AllocSpace objects, 0(0B) LOS objects, 23% free, 52MB/68MB, paused 526us total 27.536ms
08-06 13:49:49.044  3330  4220 I art     : Starting a blocking GC Explicit
08-06 13:49:49.071  3330  4220 I art     : Explicit concurrent mark sweep GC freed 3(96B) AllocSpace objects, 0(0B) LOS objects, 23% free, 52MB/68MB, paused 520us total 26.164ms
08-06 13:49:49.347  3330  3341 I art     : Starting a blocking GC Explicit
08-06 13:49:49.377  3330  3341 I art     : Explicit concurrent mark sweep GC freed 1343(78KB) AllocSpace objects, 1(20KB) LOS objects, 23% free, 52MB/68MB, paused 543us total 29.431ms
08-06 13:49:49.391  3330  3341 I art     : Starting a blocking GC Explicit
08-06 13:49:49.419  3330  3341 I art     : Explicit concurrent mark sweep GC freed 20(704B) AllocSpace objects, 0(0B) LOS objects, 23% free, 52MB/68MB, paused 520us total 27.401ms
08-06 13:49:49.430  3330  3341 I art     : Starting a blocking GC Explicit
08-06 13:49:49.455  3330  3341 I art     : Explicit concurrent mark sweep GC freed 3(96B) AllocSpace objects, 0(0B) LOS objects, 23% free, 52MB/68MB, paused 515us total 25.268ms
08-06 13:49:49.466  3330  3341 I art     : Starting a blocking GC Explicit
08-06 13:49:49.493  3330  3341 I art     : Explicit concurrent mark sweep GC freed 3(96B) AllocSpace objects, 0(0B) LOS objects, 23% free, 52MB/68MB, paused 546us total 26.293ms
08-06 13:49:49.504  3330  3341 I art     : Starting a blocking GC Explicit
08-06 13:49:49.529  3330  3341 I art     : Explicit concurrent mark sweep GC freed 3(96B) AllocSpace objects, 0(0B) LOS objects, 23% free, 52MB/68MB, paused 559us total 25.127ms
08-06 13:49:49.715  4663  4663 D AndroidRuntime: >>>>>> START com.android.internal.os.RuntimeInit uid 2000 <<<<<<
08-06 13:49:49.721  4663  4663 D AndroidRuntime: CheckJNI is OFF
08-06 13:49:49.762  4663  4663 D ICU     : No timezone override file found: /data/misc/zoneinfo/current/icu/icu_tzdata.dat
08-06 13:49:49.804  4663  4663 I Radio-JNI: register_android_hardware_Radio DONE
08-06 13:49:49.834  4663  4663 D AndroidRuntime: Calling main entry com.android.commands.input.Input
08-06 13:49:49.836  4663  4663 I Input   : injectKeyEvent: KeyEvent { action=ACTION_DOWN, keyCode=KEYCODE_BACK, scanCode=0, metaState=0, flags=0x0, repeatCount=0, eventTime=885006249, downTime=885006249, deviceId=-1, source=0x101 }
08-06 13:49:49.842  4663  4663 I Input   : injectKeyEvent: KeyEvent { action=ACTION_UP, keyCode=KEYCODE_BACK, scanCode=0, metaState=0, flags=0x0, repeatCount=0, eventTime=885006249, downTime=885006249, deviceId=-1, source=0x101 }
08-06 13:49:49.848  3330  3442 I art     : Starting a blocking GC Explicit
08-06 13:49:49.848  4663  4663 D AndroidRuntime: Shutting down VM
08-06 13:49:49.872  3330  3442 I art     : Explicit concurrent mark sweep GC freed 1482(84KB) AllocSpace objects, 1(20KB) LOS objects, 23% free, 52MB/68MB, paused 503us total 24.523ms
08-06 13:49:49.883  3330  3442 I art     : Starting a blocking GC Explicit
08-06 13:49:49.888 13866 13866 I GoogleInputMethodServic: GoogleInputMethodService.onFinishInput():3138 
08-06 13:49:49.888 13866 13866 I GoogleInputMethodServic: GoogleInputMethodService.onStartInput():1808 
08-06 13:49:49.906  3330  3442 I art     : Explicit concurrent mark sweep GC freed 48(1776B) AllocSpace objects, 0(0B) LOS objects, 23% free, 52MB/68MB, paused 544us total 22.730ms
08-06 13:49:49.918  3330  3442 I art     : Starting a blocking GC Explicit
08-06 13:49:49.941  3330  3442 I art     : Explicit concurrent mark sweep GC freed 11(384B) AllocSpace objects, 0(0B) LOS objects, 23% free, 52MB/68MB, paused 479us total 22.541ms
08-06 13:49:49.951  3330  3442 I art     : Starting a blocking GC Explicit
08-06 13:49:49.973  3330  3442 I art     : Explicit concurrent mark sweep GC freed 4(144B) AllocSpace objects, 0(0B) LOS objects, 23% free, 52MB/68MB, paused 485us total 21.752ms
08-06 13:49:49.983  3330  3442 I art     : Starting a blocking GC Explicit
08-06 13:49:50.005  3330  3442 I art     : Explicit concurrent mark sweep GC freed 3(96B) AllocSpace objects, 0(0B) LOS objects, 23% free, 52MB/68MB, paused 496us total 21.627ms
08-06 13:49:50.174   380   380 W SurfaceFlinger: couldn't log to binary event log: overflow.
08-06 13:49:50.278  3330  3442 I art     : Starting a blocking GC Explicit
08-06 13:49:50.304  3330  3442 I art     : Explicit concurrent mark sweep GC freed 1453(87KB) AllocSpace objects, 1(20KB) LOS objects, 23% free, 52MB/68MB, paused 515us total 25.131ms
08-06 13:49:50.314  3330  3442 I art     : Starting a blocking GC Explicit
08-06 13:49:50.338  3330  3442 I art     : Explicit concurrent mark sweep GC freed 1672(106KB) AllocSpace objects, 3(400KB) LOS objects, 23% free, 51MB/67MB, paused 512us total 23.739ms
08-06 13:49:50.348  3330  3442 I art     : Starting a blocking GC Explicit
08-06 13:49:50.372  3330  3442 I art     : Explicit concurrent mark sweep GC freed 3(96B) AllocSpace objects, 0(0B) LOS objects, 23% free, 51MB/67MB, paused 513us total 23.358ms
08-06 13:49:50.383  3330  3442 I art     : Starting a blocking GC Explicit
08-06 13:49:50.407  3330  3442 I art     : Explicit concurrent mark sweep GC freed 3(96B) AllocSpace objects, 0(0B) LOS objects, 23% free, 51MB/67MB, paused 603us total 24.322ms
08-06 13:49:50.418  3330  3442 I art     : Starting a blocking GC Explicit
08-06 13:49:50.442  3330  3442 I art     : Explicit concurrent mark sweep GC freed 3(96B) AllocSpace objects, 0(0B) LOS objects, 23% free, 51MB/67MB, paused 558us total 24.065ms
08-06 13:49:50.756  3330  3348 I art     : Starting a blocking GC Explicit
08-06 13:49:50.789  3330  3348 I art     : Explicit concurrent mark sweep GC freed 1343(78KB) AllocSpace objects, 1(20KB) LOS objects, 23% free, 51MB/67MB, paused 585us total 32.719ms
08-06 13:49:50.804  3330  3348 I art     : Starting a blocking GC Explicit
08-06 13:49:50.833  3330  3348 I art     : Explicit concurrent mark sweep GC freed 20(704B) AllocSpace objects, 0(0B) LOS objects, 23% free, 51MB/67MB, paused 539us total 28.039ms
08-06 13:49:50.844  3330  3348 I art     : Starting a blocking GC Explicit
08-06 13:49:50.869  3330  3348 I art     : Explicit concurrent mark sweep GC freed 3(96B) AllocSpace objects, 0(0B) LOS objects, 23% free, 51MB/67MB, paused 510us total 24.481ms
08-06 13:49:50.880  3330  3348 I art     : Starting a blocking GC Explicit
08-06 13:49:50.904  3330  3348 I art     : Explicit concurrent mark sweep GC freed 3(96B) AllocSpace objects, 0(0B) LOS objects, 23% free, 51MB/67MB, paused 521us total 23.987ms
08-06 13:49:50.915  3330  3348 I art     : Starting a blocking GC Explicit
08-06 13:49:50.939  3330  3348 I art     : Explicit concurrent mark sweep GC freed 3(96B) AllocSpace objects, 0(0B) LOS objects, 23% free, 51MB/67MB, paused 518us total 24.358ms
08-06 13:49:51.220  3330  4220 I art     : Starting a blocking GC Explicit
08-06 13:49:51.246  3330  4220 I art     : Explicit concurrent mark sweep GC freed 1342(78KB) AllocSpace objects, 1(20KB) LOS objects, 23% free, 51MB/67MB, paused 563us total 25.928ms
08-06 13:49:51.261  3330  4220 I art     : Starting a blocking GC Explicit
08-06 13:49:51.285  3330  4220 I art     : Explicit concurrent mark sweep GC freed 20(704B) AllocSpace objects, 0(0B) LOS objects, 23% free, 51MB/67MB, paused 492us total 23.402ms
08-06 13:49:51.295  3330  4220 I art     : Starting a blocking GC Explicit
08-06 13:49:51.319  3330  4220 I art     : Explicit concurrent mark sweep GC freed 3(96B) AllocSpace objects, 0(0B) LOS objects, 23% free, 51MB/67MB, paused 519us total 23.671ms
08-06 13:49:51.330  3330  4220 I art     : Starting a blocking GC Explicit
08-06 13:49:51.354  3330  4220 I art     : Explicit concurrent mark sweep GC freed 3(96B) AllocSpace objects, 0(0B) LOS objects, 23% free, 51MB/67MB, paused 545us total 23.577ms
08-06 13:49:51.364  3330  4220 I art     : Starting a blocking GC Explicit
08-06 13:49:51.388  3330  4220 I art     : Explicit concurrent mark sweep GC freed 3(96B) AllocSpace objects, 0(0B) LOS objects, 23% free, 51MB/67MB, paused 545us total 23.005ms
08-06 13:49:51.632  4718  4718 D AndroidRuntime: >>>>>> START com.android.internal.os.RuntimeInit uid 2000 <<<<<<
08-06 13:49:51.638  4718  4718 D AndroidRuntime: CheckJNI is OFF
08-06 13:49:51.681  4718  4718 D ICU     : No timezone override file found: /data/misc/zoneinfo/current/icu/icu_tzdata.dat
08-06 13:49:51.714  3330  3341 I art     : Starting a blocking GC Explicit
08-06 13:49:51.723  4718  4718 I Radio-JNI: register_android_hardware_Radio DONE
08-06 13:49:51.739  3330  3341 I art     : Explicit concurrent mark sweep GC freed 1342(78KB) AllocSpace objects, 1(20KB) LOS objects, 23% free, 51MB/67MB, paused 510us total 24.047ms
08-06 13:49:51.749  3330  3341 I art     : Starting a blocking GC Explicit
08-06 13:49:51.754  4718  4718 D AndroidRuntime: Calling main entry com.android.commands.input.Input
08-06 13:49:51.756  4718  4718 I Input   : injectMotionEvent: MotionEvent { action=ACTION_DOWN, actionButton=0, id[0]=0, x[0]=733.0, y[0]=645.0, toolType[0]=TOOL_TYPE_UNKNOWN, buttonState=0, metaState=0, flags=0x0, edgeFlags=0x0, pointerCount=1, historySize=0, eventTime=885008168, downTime=885008168, deviceId=0, source=0x1002 }
08-06 13:49:51.763  4718  4718 I Input   : injectMotionEvent: MotionEvent { action=ACTION_UP, actionButton=0, id[0]=0, x[0]=733.0, y[0]=645.0, toolType[0]=TOOL_TYPE_UNKNOWN, buttonState=0, metaState=0, flags=0x0, edgeFlags=0x0, pointerCount=1, historySize=0, eventTime=885008168, downTime=885008168, deviceId=0, source=0x1002 }
08-06 13:49:51.764   918  3961 I ActivityManager: START u0 {cmp=baseline.appteam.nith.hillffair/.activities.ClubActivity (has extras)} from uid 10697 on display 0
08-06 13:49:51.770  4718  4718 D AndroidRuntime: Shutting down VM
08-06 13:49:51.773  3330  3341 I art     : Explicit concurrent mark sweep GC freed 44(1472B) AllocSpace objects, 0(0B) LOS objects, 23% free, 51MB/67MB, paused 532us total 23.451ms
08-06 13:49:51.787  3330  3341 I art     : Starting a blocking GC Explicit
08-06 13:49:51.812  3330  3341 I art     : Explicit concurrent mark sweep GC freed 3240(183KB) AllocSpace objects, 0(0B) LOS objects, 23% free, 52MB/68MB, paused 871us total 25.114ms
08-06 13:49:51.824  3330  3341 I art     : Starting a blocking GC Explicit
08-06 13:49:51.846  3330  3341 I art     : Explicit concurrent mark sweep GC freed 576(63KB) AllocSpace objects, 0(0B) LOS objects, 23% free, 52MB/68MB, paused 568us total 22.247ms
08-06 13:49:51.858  3330  3341 I art     : Starting a blocking GC Explicit
08-06 13:49:51.866   918   936 I ActivityManager: Displayed baseline.appteam.nith.hillffair/.activities.ClubActivity: +94ms
08-06 13:49:51.866 13866 13866 I GoogleInputMethodServic: GoogleInputMethodService.onFinishInput():3138 
08-06 13:49:51.867 13866 13866 I GoogleInputMethodServic: GoogleInputMethodService.onStartInput():1808 
08-06 13:49:51.881  3330  3341 I art     : Explicit concurrent mark sweep GC freed 210(7KB) AllocSpace objects, 0(0B) LOS objects, 23% free, 52MB/68MB, paused 657us total 23.011ms
08-06 13:49:52.111   380   380 W SurfaceFlinger: couldn't log to binary event log: overflow.
08-06 13:49:52.155   518   646 I ThermalEngine: ACTION: GPU - Setting GPU[0] to 510000000
08-06 13:49:52.169  3330  3442 I art     : Starting a blocking GC Explicit
08-06 13:49:52.193  3330  3442 I art     : Explicit concurrent mark sweep GC freed 1440(84KB) AllocSpace objects, 1(20KB) LOS objects, 23% free, 52MB/68MB, paused 576us total 23.249ms
08-06 13:49:52.202  3330  3442 I art     : Starting a blocking GC Explicit
08-06 13:49:52.222  3330  3442 I art     : Explicit concurrent mark sweep GC freed 20(704B) AllocSpace objects, 0(0B) LOS objects, 23% free, 52MB/68MB, paused 404us total 19.489ms
08-06 13:49:52.231  3330  3442 I art     : Starting a blocking GC Explicit
08-06 13:49:52.251  3330  3442 I art     : Explicit concurrent mark sweep GC freed 92(5KB) AllocSpace objects, 0(0B) LOS objects, 23% free, 52MB/68MB, paused 461us total 19.905ms
08-06 13:49:52.260  3330  3442 I art     : Starting a blocking GC Explicit
08-06 13:49:52.280  3330  3442 I art     : Explicit concurrent mark sweep GC freed 20(768B) AllocSpace objects, 0(0B) LOS objects, 23% free, 52MB/68MB, paused 406us total 19.068ms
08-06 13:49:52.287  3330  3442 I art     : Starting a blocking GC Explicit
08-06 13:49:52.305  3330  3442 I art     : Explicit concurrent mark sweep GC freed 9(336B) AllocSpace objects, 0(0B) LOS objects, 23% free, 52MB/68MB, paused 417us total 17.958ms
08-06 13:49:52.364  3330  4749 D OkHttp  : --> GET https://api-hillfair-2k16.herokuapp.com/api/app/events/special/event?id=5806551bdcba0f490c70fd1f http/1.1
08-06 13:49:52.398  3330  4749 D OkHttp  : <-- 200 OK https://api-hillfair-2k16.herokuapp.com/api/app/events/special/event?id=5806551bdcba0f490c70fd1f (34ms, 795-byte body)
08-06 13:49:52.480  3330  3330 I NAPPA_EXPERIMENTATION: MetricNetworkRequestExecutionTime: REQUEST_DURATION_SYSTEM='674',REQUEST_DURATION_OKHTTP='34',REQUEST_SYNCHRONOUS='FALSE',RESPONSE_CODE='200',RESPONSE_METHOD='GET',RESPONSE_LENGTH_OKHTTP='795',RESPONSE_LENGTH_HEADER='795',REQUEST_PROTOCOL='http/1.1',REQUEST_URL='https://api-hillfair-2k16.herokuapp.com/api/app/events/special/event?id=5806551bdcba0f490c70fd1f',
08-06 13:49:52.586  3330  4220 I art     : Starting a blocking GC Explicit
08-06 13:49:52.608  3330  4220 I art     : Explicit concurrent mark sweep GC freed 4771(310KB) AllocSpace objects, 4(220KB) LOS objects, 23% free, 52MB/68MB, paused 442us total 22.589ms
08-06 13:49:52.618  3330  4220 I art     : Starting a blocking GC Explicit
08-06 13:49:52.639  3330  4220 I art     : Explicit concurrent mark sweep GC freed 1038(119KB) AllocSpace objects, 0(0B) LOS objects, 23% free, 52MB/68MB, paused 421us total 20.691ms
08-06 13:49:52.648  3330  4220 I art     : Starting a blocking GC Explicit
08-06 13:49:52.668  3330  4220 I art     : Explicit concurrent mark sweep GC freed 3(96B) AllocSpace objects, 0(0B) LOS objects, 23% free, 52MB/68MB, paused 407us total 20.511ms
08-06 13:49:52.677  3330  4220 I art     : Starting a blocking GC Explicit
08-06 13:49:52.697  3330  4220 I art     : Explicit concurrent mark sweep GC freed 3(96B) AllocSpace objects, 0(0B) LOS objects, 23% free, 52MB/68MB, paused 397us total 20.043ms
08-06 13:49:52.706  3330  4220 I art     : Starting a blocking GC Explicit
08-06 13:49:52.726  3330  4220 I art     : Explicit concurrent mark sweep GC freed 3(96B) AllocSpace objects, 0(0B) LOS objects, 23% free, 52MB/68MB, paused 482us total 19.880ms
08-06 13:49:53.017  3330  3442 I art     : Starting a blocking GC Explicit
08-06 13:49:53.043  3330  3442 I art     : Explicit concurrent mark sweep GC freed 1343(78KB) AllocSpace objects, 1(20KB) LOS objects, 23% free, 52MB/68MB, paused 458us total 25.761ms
08-06 13:49:53.056  3330  3442 I art     : Starting a blocking GC Explicit
08-06 13:49:53.078  3330  3442 I art     : Explicit concurrent mark sweep GC freed 36(1264B) AllocSpace objects, 0(0B) LOS objects, 23% free, 52MB/68MB, paused 419us total 22.189ms
08-06 13:49:53.087  3330  3442 I art     : Starting a blocking GC Explicit
08-06 13:49:53.107  3330  3442 I art     : Explicit concurrent mark sweep GC freed 3(96B) AllocSpace objects, 0(0B) LOS objects, 23% free, 52MB/68MB, paused 444us total 20.497ms
08-06 13:49:53.108  3330  3340 I art     : WaitForGcToComplete blocked for 13.382ms for cause HeapTrim
08-06 13:49:53.116  3330  3442 I art     : Starting a blocking GC Explicit
08-06 13:49:53.137  3330  3442 I art     : Explicit concurrent mark sweep GC freed 3(96B) AllocSpace objects, 0(0B) LOS objects, 23% free, 52MB/68MB, paused 462us total 20.367ms
08-06 13:49:53.145  3330  3442 I art     : Starting a blocking GC Explicit
08-06 13:49:53.159   518   646 I ThermalEngine: ACTION: GPU - Setting GPU[0] to 450000000
08-06 13:49:53.169  3330  3442 I art     : Explicit concurrent mark sweep GC freed 3(96B) AllocSpace objects, 0(0B) LOS objects, 23% free, 52MB/68MB, paused 539us total 23.274ms
08-06 13:49:53.476  3330  3348 I art     : Starting a blocking GC Explicit
08-06 13:49:53.513  3330  3348 I art     : Explicit concurrent mark sweep GC freed 1343(78KB) AllocSpace objects, 1(20KB) LOS objects, 23% free, 52MB/68MB, paused 825us total 35.990ms
08-06 13:49:53.529  3330  3348 I art     : Starting a blocking GC Explicit
08-06 13:49:53.557  3330  3348 I art     : Explicit concurrent mark sweep GC freed 20(704B) AllocSpace objects, 0(0B) LOS objects, 23% free, 52MB/68MB, paused 659us total 27.955ms
08-06 13:49:53.569  3330  3348 I art     : Starting a blocking GC Explicit
08-06 13:49:53.597  3330  3348 I art     : Explicit concurrent mark sweep GC freed 3(96B) AllocSpace objects, 0(0B) LOS objects, 23% free, 52MB/68MB, paused 703us total 28.175ms
08-06 13:49:53.609  3330  3348 I art     : Starting a blocking GC Explicit
08-06 13:49:53.636  3330  3348 I art     : Explicit concurrent mark sweep GC freed 3(96B) AllocSpace objects, 0(0B) LOS objects, 23% free, 52MB/68MB, paused 571us total 27.304ms
08-06 13:49:53.648  3330  3348 I art     : Starting a blocking GC Explicit
08-06 13:49:53.676  3330  3348 I art     : Explicit concurrent mark sweep GC freed 3(96B) AllocSpace objects, 0(0B) LOS objects, 23% free, 52MB/68MB, paused 555us total 27.542ms
08-06 13:49:54.003  3330  3341 I art     : Starting a blocking GC Explicit
08-06 13:49:54.037  3330  3341 I art     : Explicit concurrent mark sweep GC freed 1343(78KB) AllocSpace objects, 1(20KB) LOS objects, 23% free, 52MB/68MB, paused 573us total 33.752ms
08-06 13:49:54.053  3330  3341 I art     : Starting a blocking GC Explicit
08-06 13:49:54.082  3330  3341 I art     : Explicit concurrent mark sweep GC freed 20(704B) AllocSpace objects, 0(0B) LOS objects, 23% free, 52MB/68MB, paused 544us total 28.652ms
08-06 13:49:54.094  3330  3341 I art     : Starting a blocking GC Explicit
08-06 13:49:54.121  3330  3341 I art     : Explicit concurrent mark sweep GC freed 3(96B) AllocSpace objects, 0(0B) LOS objects, 23% free, 52MB/68MB, paused 541us total 26.921ms
08-06 13:49:54.132  3330  3341 I art     : Starting a blocking GC Explicit
08-06 13:49:54.160  3330  3341 I art     : Explicit concurrent mark sweep GC freed 3(96B) AllocSpace objects, 0(0B) LOS objects, 23% free, 52MB/68MB, paused 554us total 27.862ms
08-06 13:49:54.172  3330  3341 I art     : Starting a blocking GC Explicit
08-06 13:49:54.200  3330  3341 I art     : Explicit concurrent mark sweep GC freed 3(96B) AllocSpace objects, 0(0B) LOS objects, 23% free, 52MB/68MB, paused 543us total 28.148ms
08-06 13:49:54.524  3330  4220 I art     : Starting a blocking GC Explicit
08-06 13:49:54.537 12162 12181 I Finsky  : [6223] ktr.run(-1): Stats for Executor: BlockingExecutor kvs@e92de3c[Running, pool size = 0, active threads = 0, queued tasks = 0, completed tasks = 133]
08-06 13:49:54.538 12162 12181 I Finsky  : [6223] ktr.run(-1): Stats for Executor: LightweightExecutor kvs@2a717c5[Running, pool size = 4, active threads = 0, queued tasks = 0, completed tasks = 80]
08-06 13:49:54.559  3330  4220 I art     : Explicit concurrent mark sweep GC freed 1343(78KB) AllocSpace objects, 1(20KB) LOS objects, 23% free, 52MB/68MB, paused 847us total 34.310ms
08-06 13:49:54.576  3330  4220 I art     : Starting a blocking GC Explicit
08-06 13:49:54.604  3330  4220 I art     : Explicit concurrent mark sweep GC freed 20(704B) AllocSpace objects, 0(0B) LOS objects, 23% free, 52MB/68MB, paused 566us total 27.049ms
08-06 13:49:54.615  3330  4220 I art     : Starting a blocking GC Explicit
08-06 13:49:54.643  3330  4220 I art     : Explicit concurrent mark sweep GC freed 3(96B) AllocSpace objects, 0(0B) LOS objects, 23% free, 52MB/68MB, paused 555us total 28.262ms
08-06 13:49:54.655  3330  4220 I art     : Starting a blocking GC Explicit
08-06 13:49:54.683  3330  4220 I art     : Explicit concurrent mark sweep GC freed 3(96B) AllocSpace objects, 0(0B) LOS objects, 23% free, 52MB/68MB, paused 559us total 28.407ms
08-06 13:49:54.695  3330  4220 I art     : Starting a blocking GC Explicit
08-06 13:49:54.722  3330  4220 I art     : Explicit concurrent mark sweep GC freed 3(96B) AllocSpace objects, 0(0B) LOS objects, 23% free, 52MB/68MB, paused 553us total 27.377ms
08-06 13:49:55.061 12162 12181 I Finsky  : [6223] ktr.run(-1): Stats for Executor: bgExecutor kvs@1c1551a[Running, pool size = 4, active threads = 0, queued tasks = 0, completed tasks = 450]
08-06 13:49:55.063  3330  3442 I art     : Starting a blocking GC Explicit
08-06 13:49:55.094  3330  3442 I art     : Explicit concurrent mark sweep GC freed 1343(78KB) AllocSpace objects, 1(20KB) LOS objects, 23% free, 52MB/68MB, paused 568us total 30.395ms
08-06 13:49:55.106  3330  3442 I art     : Starting a blocking GC Explicit
08-06 13:49:55.133  3330  3442 I art     : Explicit concurrent mark sweep GC freed 20(704B) AllocSpace objects, 0(0B) LOS objects, 23% free, 52MB/68MB, paused 543us total 25.840ms
08-06 13:49:55.144  3330  3442 I art     : Starting a blocking GC Explicit
08-06 13:49:55.163   518   646 I ThermalEngine: ACTION: GPU - Setting GPU[0] to 510000000
08-06 13:49:55.171  3330  3442 I art     : Explicit concurrent mark sweep GC freed 3(96B) AllocSpace objects, 0(0B) LOS objects, 23% free, 52MB/68MB, paused 572us total 27.115ms
08-06 13:49:55.182  3330  3442 I art     : Starting a blocking GC Explicit
08-06 13:49:55.207  3330  3442 I art     : Explicit concurrent mark sweep GC freed 3(96B) AllocSpace objects, 0(0B) LOS objects, 23% free, 52MB/68MB, paused 427us total 24.090ms
08-06 13:49:55.216  3330  3442 I art     : Starting a blocking GC Explicit
08-06 13:49:55.237  3330  3442 I art     : Explicit concurrent mark sweep GC freed 3(96B) AllocSpace objects, 0(0B) LOS objects, 23% free, 52MB/68MB, paused 513us total 20.941ms
08-06 13:49:55.243 28167 28167 I Atfwd_Sendcmd: AtCmdFwd service not ready - Exhausted retry attempts - :6
08-06 13:49:55.243 28167 28167 I Atfwd_Daemon: result : -1 	 ,Init step :2 	 ,qmiErrorCode: 0
08-06 13:49:55.550  3330  3348 I art     : Starting a blocking GC Explicit
08-06 13:49:55.577  3330  3348 I art     : Explicit concurrent mark sweep GC freed 1343(78KB) AllocSpace objects, 1(20KB) LOS objects, 23% free, 52MB/68MB, paused 445us total 26.849ms
08-06 13:49:55.589  3330  3348 I art     : Starting a blocking GC Explicit
08-06 13:49:55.610  3330  3348 I art     : Explicit concurrent mark sweep GC freed 20(704B) AllocSpace objects, 0(0B) LOS objects, 23% free, 52MB/68MB, paused 413us total 21.008ms
08-06 13:49:55.619  3330  3348 I art     : Starting a blocking GC Explicit
08-06 13:49:55.640  3330  3348 I art     : Explicit concurrent mark sweep GC freed 3(96B) AllocSpace objects, 0(0B) LOS objects, 23% free, 52MB/68MB, paused 402us total 20.830ms
08-06 13:49:55.649  3330  3348 I art     : Starting a blocking GC Explicit
08-06 13:49:55.669  3330  3348 I art     : Explicit concurrent mark sweep GC freed 3(96B) AllocSpace objects, 0(0B) LOS objects, 23% free, 52MB/68MB, paused 406us total 20.208ms
08-06 13:49:55.678  3330  3348 I art     : Starting a blocking GC Explicit
08-06 13:49:55.698  3330  3348 I art     : Explicit concurrent mark sweep GC freed 3(96B) AllocSpace objects, 0(0B) LOS objects, 23% free, 52MB/68MB, paused 399us total 19.663ms
08-06 13:49:56.008  3330  3341 I art     : Starting a blocking GC Explicit
08-06 13:49:56.029  3330  3341 I art     : Explicit concurrent mark sweep GC freed 1343(78KB) AllocSpace objects, 1(20KB) LOS objects, 23% free, 52MB/68MB, paused 420us total 20.609ms
08-06 13:49:56.038  3330  3341 I art     : Starting a blocking GC Explicit
08-06 13:49:56.057  3330  3341 I art     : Explicit concurrent mark sweep GC freed 20(704B) AllocSpace objects, 0(0B) LOS objects, 23% free, 52MB/68MB, paused 437us total 19.042ms
08-06 13:49:56.065  3330  3341 I art     : Starting a blocking GC Explicit
08-06 13:49:56.083  3330  3341 I art     : Explicit concurrent mark sweep GC freed 3(96B) AllocSpace objects, 0(0B) LOS objects, 23% free, 52MB/68MB, paused 381us total 18.146ms
08-06 13:49:56.091  3330  3341 I art     : Starting a blocking GC Explicit
08-06 13:49:56.110  3330  3341 I art     : Explicit concurrent mark sweep GC freed 3(96B) AllocSpace objects, 0(0B) LOS objects, 23% free, 52MB/68MB, paused 412us total 19.372ms
08-06 13:49:56.119  3330  3341 I art     : Starting a blocking GC Explicit
08-06 13:49:56.138  3330  3341 I art     : Explicit concurrent mark sweep GC freed 3(96B) AllocSpace objects, 0(0B) LOS objects, 23% free, 52MB/68MB, paused 394us total 19.583ms
08-06 13:49:56.410  4846  4846 D AndroidRuntime: >>>>>> START com.android.internal.os.RuntimeInit uid 2000 <<<<<<
08-06 13:49:56.415  4846  4846 D AndroidRuntime: CheckJNI is OFF
08-06 13:49:56.439  3330  4220 I art     : Starting a blocking GC Explicit
08-06 13:49:56.451  4846  4846 D ICU     : No timezone override file found: /data/misc/zoneinfo/current/icu/icu_tzdata.dat
08-06 13:49:56.460  3330  4220 I art     : Explicit concurrent mark sweep GC freed 1343(78KB) AllocSpace objects, 1(20KB) LOS objects, 23% free, 52MB/68MB, paused 460us total 20.902ms
08-06 13:49:56.469  3330  4220 I art     : Starting a blocking GC Explicit
08-06 13:49:56.486  4846  4846 I Radio-JNI: register_android_hardware_Radio DONE
08-06 13:49:56.490  3330  4220 I art     : Explicit concurrent mark sweep GC freed 20(704B) AllocSpace objects, 0(0B) LOS objects, 23% free, 52MB/68MB, paused 417us total 20.215ms
08-06 13:49:56.497  3330  4220 I art     : Starting a blocking GC Explicit
08-06 13:49:56.507  4846  4846 D AndroidRuntime: Calling main entry com.android.commands.input.Input
08-06 13:49:56.509  4846  4846 I Input   : injectKeyEvent: KeyEvent { action=ACTION_DOWN, keyCode=KEYCODE_BACK, scanCode=0, metaState=0, flags=0x0, repeatCount=0, eventTime=885012922, downTime=885012922, deviceId=-1, source=0x101 }
08-06 13:49:56.515  4846  4846 I Input   : injectKeyEvent: KeyEvent { action=ACTION_UP, keyCode=KEYCODE_BACK, scanCode=0, metaState=0, flags=0x0, repeatCount=0, eventTime=885012922, downTime=885012922, deviceId=-1, source=0x101 }
08-06 13:49:56.516  3330  4220 I art     : Explicit concurrent mark sweep GC freed 3(96B) AllocSpace objects, 0(0B) LOS objects, 23% free, 52MB/68MB, paused 475us total 18.191ms
08-06 13:49:56.522  4846  4846 D AndroidRuntime: Shutting down VM
08-06 13:49:56.523  3330  4220 I art     : Starting a blocking GC Explicit
08-06 13:49:56.541  3330  4220 I art     : Explicit concurrent mark sweep GC freed 144(6KB) AllocSpace objects, 0(0B) LOS objects, 23% free, 52MB/68MB, paused 388us total 17.632ms
08-06 13:49:56.549  3330  4220 I art     : Starting a blocking GC Explicit
08-06 13:49:56.554 13866 13866 I GoogleInputMethodServic: GoogleInputMethodService.onFinishInput():3138 
08-06 13:49:56.554 13866 13866 I GoogleInputMethodServic: GoogleInputMethodService.onStartInput():1808 
08-06 13:49:56.567  3330  4220 I art     : Explicit concurrent mark sweep GC freed 25(976B) AllocSpace objects, 0(0B) LOS objects, 23% free, 52MB/68MB, paused 403us total 17.458ms
08-06 13:49:56.839  3330  3341 I art     : Starting a blocking GC Explicit
08-06 13:49:56.848   380   380 W SurfaceFlinger: couldn't log to binary event log: overflow.
08-06 13:49:56.864  3330  3341 I art     : Explicit concurrent mark sweep GC freed 1460(87KB) AllocSpace objects, 1(20KB) LOS objects, 23% free, 52MB/68MB, paused 445us total 25.445ms
08-06 13:49:56.872  3330  3341 I art     : Starting a blocking GC Explicit
08-06 13:49:56.890  3330  3341 I art     : Explicit concurrent mark sweep GC freed 30(1120B) AllocSpace objects, 0(0B) LOS objects, 23% free, 52MB/68MB, paused 386us total 18.099ms
08-06 13:49:56.898  3330  3341 I art     : Starting a blocking GC Explicit
08-06 13:49:56.916  3330  3341 I art     : Explicit concurrent mark sweep GC freed 1651(106KB) AllocSpace objects, 3(400KB) LOS objects, 23% free, 52MB/68MB, paused 379us total 18.233ms
08-06 13:49:56.924  3330  3341 I art     : Starting a blocking GC Explicit
08-06 13:49:56.942  3330  3341 I art     : Explicit concurrent mark sweep GC freed 3(96B) AllocSpace objects, 0(0B) LOS objects, 23% free, 52MB/68MB, paused 370us total 17.727ms
08-06 13:49:56.950  3330  3341 I art     : Starting a blocking GC Explicit
08-06 13:49:56.969  3330  3341 I art     : Explicit concurrent mark sweep GC freed 3(96B) AllocSpace objects, 0(0B) LOS objects, 23% free, 52MB/68MB, paused 426us total 19.088ms
08-06 13:49:57.266  3330  3442 I art     : Starting a blocking GC Explicit
08-06 13:49:57.291  3330  3442 I art     : Explicit concurrent mark sweep GC freed 1343(78KB) AllocSpace objects, 1(20KB) LOS objects, 23% free, 52MB/68MB, paused 439us total 24.895ms
08-06 13:49:57.303  3330  3442 I art     : Starting a blocking GC Explicit
08-06 13:49:57.324  3330  3442 I art     : Explicit concurrent mark sweep GC freed 20(704B) AllocSpace objects, 0(0B) LOS objects, 23% free, 52MB/68MB, paused 410us total 20.622ms
08-06 13:49:57.332  3330  3442 I art     : Starting a blocking GC Explicit
08-06 13:49:57.353  3330  3442 I art     : Explicit concurrent mark sweep GC freed 3(96B) AllocSpace objects, 0(0B) LOS objects, 23% free, 52MB/68MB, paused 373us total 19.883ms
08-06 13:49:57.361  3330  3442 I art     : Starting a blocking GC Explicit
08-06 13:49:57.381  3330  3442 I art     : Explicit concurrent mark sweep GC freed 3(96B) AllocSpace objects, 0(0B) LOS objects, 23% free, 52MB/68MB, paused 398us total 19.710ms
08-06 13:49:57.390  3330  3442 I art     : Starting a blocking GC Explicit
08-06 13:49:57.410  3330  3442 I art     : Explicit concurrent mark sweep GC freed 193(12KB) AllocSpace objects, 0(0B) LOS objects, 23% free, 52MB/68MB, paused 490us total 19.995ms
08-06 13:49:57.589  3330  4891 W OneSignal: OneSignalRestClient: POST Error thrown from network stack. 
08-06 13:49:57.589  3330  4891 W OneSignal: java.io.IOException: unexpected end of stream on Connection{api.onesignal.com:443, proxy=HTTP@192.168.2.12:8080 hostAddress=192.168.2.12 cipherSuite=TLS_ECDHE_RSA_WITH_AES_128_GCM_SHA256 protocol=http/1.1} (recycle count=0)
08-06 13:49:57.589  3330  4891 W OneSignal: 	at com.android.okhttp.internal.http.HttpConnection.readResponse(HttpConnection.java:210)
08-06 13:49:57.589  3330  4891 W OneSignal: 	at com.android.okhttp.internal.http.HttpTransport.readResponseHeaders(HttpTransport.java:80)
08-06 13:49:57.589  3330  4891 W OneSignal: 	at com.android.okhttp.internal.http.HttpEngine.readNetworkResponse(HttpEngine.java:904)
08-06 13:49:57.589  3330  4891 W OneSignal: 	at com.android.okhttp.internal.http.HttpEngine.readResponse(HttpEngine.java:788)
08-06 13:49:57.589  3330  4891 W OneSignal: 	at com.android.okhttp.internal.huc.HttpURLConnectionImpl.execute(HttpURLConnectionImpl.java:439)
08-06 13:49:57.589  3330  4891 W OneSignal: 	at com.android.okhttp.internal.huc.HttpURLConnectionImpl.getResponse(HttpURLConnectionImpl.java:384)
08-06 13:49:57.589  3330  4891 W OneSignal: 	at com.android.okhttp.internal.huc.HttpURLConnectionImpl.getResponseCode(HttpURLConnectionImpl.java:497)
08-06 13:49:57.589  3330  4891 W OneSignal: 	at com.android.okhttp.internal.huc.DelegatingHttpsURLConnection.getResponseCode(DelegatingHttpsURLConnection.java:105)
08-06 13:49:57.589  3330  4891 W OneSignal: 	at com.android.okhttp.internal.huc.HttpsURLConnectionImpl.getResponseCode(HttpsURLConnectionImpl.java)
08-06 13:49:57.589  3330  4891 W OneSignal: 	at com.onesignal.OneSignalRestClient.startHTTPConnection(OneSignalRestClient.java:180)
08-06 13:49:57.589  3330  4891 W OneSignal: 	at com.onesignal.OneSignalRestClient.access$100(OneSignalRestClient.java:44)
08-06 13:49:57.589  3330  4891 W OneSignal: 	at com.onesignal.OneSignalRestClient$4.run(OneSignalRestClient.java:110)
08-06 13:49:57.589  3330  4891 W OneSignal: 	at java.lang.Thread.run(Thread.java:818)
08-06 13:49:57.589  3330  4891 W OneSignal: Caused by: java.io.EOFException: \n not found: size=0 content=...
08-06 13:49:57.589  3330  4891 W OneSignal: 	at com.android.okhttp.okio.RealBufferedSource.readUtf8LineStrict(RealBufferedSource.java:200)
08-06 13:49:57.589  3330  4891 W OneSignal: 	at com.android.okhttp.internal.http.HttpConnection.readResponse(HttpConnection.java:191)
08-06 13:49:57.589  3330  4891 W OneSignal: 	... 12 more
08-06 13:49:57.590  3330  4898 W OneSignal: Failed last request. statusCode: -1
08-06 13:49:57.590  3330  4898 W OneSignal: response: null
08-06 13:49:57.687  3330  3348 I art     : Starting a blocking GC Explicit
08-06 13:49:57.709  3330  3348 I art     : Explicit concurrent mark sweep GC freed 3683(228KB) AllocSpace objects, 1(20KB) LOS objects, 23% free, 52MB/68MB, paused 430us total 21.720ms
08-06 13:49:57.721  3330  3348 I art     : Starting a blocking GC Explicit
08-06 13:49:57.741  3330  3348 I art     : Explicit concurrent mark sweep GC freed 90(3KB) AllocSpace objects, 0(0B) LOS objects, 23% free, 52MB/68MB, paused 408us total 20.377ms
08-06 13:49:57.750  3330  3348 I art     : Starting a blocking GC Explicit
08-06 13:49:57.769  3330  3348 I art     : Explicit concurrent mark sweep GC freed 3(96B) AllocSpace objects, 0(0B) LOS objects, 23% free, 52MB/68MB, paused 390us total 18.474ms
08-06 13:49:57.777  3330  3348 I art     : Starting a blocking GC Explicit
08-06 13:49:57.796  3330  3348 I art     : Explicit concurrent mark sweep GC freed 3(96B) AllocSpace objects, 0(0B) LOS objects, 23% free, 52MB/68MB, paused 407us total 18.887ms
08-06 13:49:57.804  3330  3348 I art     : Starting a blocking GC Explicit
08-06 13:49:57.823  3330  3348 I art     : Explicit concurrent mark sweep GC freed 3(96B) AllocSpace objects, 0(0B) LOS objects, 23% free, 52MB/68MB, paused 417us total 18.996ms
08-06 13:49:58.099  3330  4220 I art     : Starting a blocking GC Explicit
08-06 13:49:58.119  3330  4220 I art     : Explicit concurrent mark sweep GC freed 1342(78KB) AllocSpace objects, 1(20KB) LOS objects, 23% free, 52MB/68MB, paused 435us total 20.015ms
08-06 13:49:58.128  3330  4220 I art     : Starting a blocking GC Explicit
08-06 13:49:58.147  3330  4220 I art     : Explicit concurrent mark sweep GC freed 20(704B) AllocSpace objects, 0(0B) LOS objects, 23% free, 52MB/68MB, paused 438us total 19.344ms
08-06 13:49:58.148  3330  3340 I art     : WaitForGcToComplete blocked for 11.037ms for cause HeapTrim
08-06 13:49:58.156  3330  4220 I art     : Starting a blocking GC Explicit
08-06 13:49:58.176  3330  4220 I art     : Explicit concurrent mark sweep GC freed 3(96B) AllocSpace objects, 0(0B) LOS objects, 23% free, 52MB/68MB, paused 430us total 19.708ms
08-06 13:49:58.178  4903  4903 D AndroidRuntime: >>>>>> START com.android.internal.os.RuntimeInit uid 2000 <<<<<<
08-06 13:49:58.183  4903  4903 D AndroidRuntime: CheckJNI is OFF
08-06 13:49:58.184  3330  4220 I art     : Starting a blocking GC Explicit
08-06 13:49:58.204  3330  4220 I art     : Explicit concurrent mark sweep GC freed 3(96B) AllocSpace objects, 0(0B) LOS objects, 23% free, 52MB/68MB, paused 429us total 19.564ms
08-06 13:49:58.213  3330  4220 I art     : Starting a blocking GC Explicit
08-06 13:49:58.221  4903  4903 D ICU     : No timezone override file found: /data/misc/zoneinfo/current/icu/icu_tzdata.dat
08-06 13:49:58.232  3330  4220 I art     : Explicit concurrent mark sweep GC freed 3(96B) AllocSpace objects, 0(0B) LOS objects, 23% free, 52MB/68MB, paused 433us total 18.840ms
08-06 13:49:58.256  4903  4903 I Radio-JNI: register_android_hardware_Radio DONE
08-06 13:49:58.278  4903  4903 D AndroidRuntime: Calling main entry com.android.commands.input.Input
08-06 13:49:58.279  4903  4903 I Input   : injectKeyEvent: KeyEvent { action=ACTION_DOWN, keyCode=KEYCODE_BACK, scanCode=0, metaState=0, flags=0x0, repeatCount=0, eventTime=885014692, downTime=885014692, deviceId=-1, source=0x101 }
08-06 13:49:58.284  4903  4903 I Input   : injectKeyEvent: KeyEvent { action=ACTION_UP, keyCode=KEYCODE_BACK, scanCode=0, metaState=0, flags=0x0, repeatCount=0, eventTime=885014692, downTime=885014692, deviceId=-1, source=0x101 }
08-06 13:49:58.290  4903  4903 D AndroidRuntime: Shutting down VM
08-06 13:49:58.327 13866 13866 I GoogleInputMethodServic: GoogleInputMethodService.onFinishInput():3138 
08-06 13:49:58.327 13866 13866 I GoogleInputMethodServic: GoogleInputMethodService.onStartInput():1808 
08-06 13:49:58.472  3330  3442 I art     : Starting a blocking GC Explicit
08-06 13:49:58.493  3330  3442 I art     : Explicit concurrent mark sweep GC freed 1552(87KB) AllocSpace objects, 1(20KB) LOS objects, 23% free, 52MB/68MB, paused 361us total 20.736ms
08-06 13:49:58.501  3330  3442 I art     : Starting a blocking GC Explicit
08-06 13:49:58.522  3330  3442 I art     : Explicit concurrent mark sweep GC freed 24(864B) AllocSpace objects, 0(0B) LOS objects, 23% free, 52MB/68MB, paused 416us total 20.588ms
08-06 13:49:58.530  3330  3442 I art     : Starting a blocking GC Explicit
08-06 13:49:58.548  3330  3442 I art     : Explicit concurrent mark sweep GC freed 3(96B) AllocSpace objects, 0(0B) LOS objects, 23% free, 52MB/68MB, paused 389us total 18.201ms
08-06 13:49:58.557  3330  3442 I art     : Starting a blocking GC Explicit
08-06 13:49:58.576  3330  3442 I art     : Explicit concurrent mark sweep GC freed 3(96B) AllocSpace objects, 0(0B) LOS objects, 23% free, 52MB/68MB, paused 356us total 18.169ms
08-06 13:49:58.583  3330  3442 I art     : Starting a blocking GC Explicit
08-06 13:49:58.601  3330  3442 I art     : Explicit concurrent mark sweep GC freed 3(96B) AllocSpace objects, 0(0B) LOS objects, 23% free, 52MB/68MB, paused 363us total 17.671ms
08-06 13:49:58.882  3330  4220 I art     : Starting a blocking GC Explicit
08-06 13:49:58.903  3330  4220 I art     : Explicit concurrent mark sweep GC freed 2406(129KB) AllocSpace objects, 1(20KB) LOS objects, 23% free, 52MB/68MB, paused 411us total 20.834ms
08-06 13:49:58.912  3330  4220 I art     : Starting a blocking GC Explicit
08-06 13:49:58.932  3330  4220 I art     : Explicit concurrent mark sweep GC freed 2100(127KB) AllocSpace objects, 2(140KB) LOS objects, 23% free, 51MB/67MB, paused 402us total 19.466ms
08-06 13:49:58.940  3330  4220 I art     : Starting a blocking GC Explicit
08-06 13:49:58.960  3330  4220 I art     : Explicit concurrent mark sweep GC freed 3(96B) AllocSpace objects, 0(0B) LOS objects, 23% free, 51MB/67MB, paused 410us total 19.189ms
08-06 13:49:58.968  3330  4220 I art     : Starting a blocking GC Explicit
08-06 13:49:58.987  3330  4220 I art     : Explicit concurrent mark sweep GC freed 3(96B) AllocSpace objects, 0(0B) LOS objects, 23% free, 51MB/67MB, paused 449us total 18.758ms
08-06 13:49:58.996  3330  4220 I art     : Starting a blocking GC Explicit
08-06 13:49:59.015  3330  4220 I art     : Explicit concurrent mark sweep GC freed 3(96B) AllocSpace objects, 0(0B) LOS objects, 23% free, 51MB/67MB, paused 418us total 18.821ms
08-06 13:49:59.306  3330  3348 I art     : Starting a blocking GC Explicit
08-06 13:49:59.330  3330  3348 I art     : Explicit concurrent mark sweep GC freed 1342(78KB) AllocSpace objects, 1(20KB) LOS objects, 23% free, 51MB/67MB, paused 488us total 23.658ms
08-06 13:49:59.343  3330  3348 I art     : Starting a blocking GC Explicit
08-06 13:49:59.363  3330  3348 I art     : Explicit concurrent mark sweep GC freed 20(704B) AllocSpace objects, 0(0B) LOS objects, 23% free, 51MB/67MB, paused 412us total 19.854ms
08-06 13:49:59.372  3330  3348 I art     : Starting a blocking GC Explicit
08-06 13:49:59.391  3330  3348 I art     : Explicit concurrent mark sweep GC freed 3(96B) AllocSpace objects, 0(0B) LOS objects, 23% free, 51MB/67MB, paused 409us total 18.698ms
08-06 13:49:59.399  3330  3348 I art     : Starting a blocking GC Explicit
08-06 13:49:59.418  3330  3348 I art     : Explicit concurrent mark sweep GC freed 3(96B) AllocSpace objects, 0(0B) LOS objects, 23% free, 51MB/67MB, paused 402us total 18.764ms
08-06 13:49:59.427  3330  3348 I art     : Starting a blocking GC Explicit
08-06 13:49:59.445  3330  3348 I art     : Explicit concurrent mark sweep GC freed 3(96B) AllocSpace objects, 0(0B) LOS objects, 23% free, 51MB/67MB, paused 399us total 18.706ms
08-06 13:49:59.704  3330  3341 I art     : Starting a blocking GC Explicit
08-06 13:49:59.723  3330  3341 I art     : Explicit concurrent mark sweep GC freed 1340(78KB) AllocSpace objects, 1(20KB) LOS objects, 23% free, 51MB/67MB, paused 429us total 19.277ms
08-06 13:49:59.731  3330  3341 I art     : Starting a blocking GC Explicit
08-06 13:49:59.750  3330  3341 I art     : Explicit concurrent mark sweep GC freed 20(704B) AllocSpace objects, 0(0B) LOS objects, 23% free, 51MB/67MB, paused 407us total 18.545ms
08-06 13:49:59.758  3330  3341 I art     : Starting a blocking GC Explicit
08-06 13:49:59.776  3330  3341 I art     : Explicit concurrent mark sweep GC freed 3(96B) AllocSpace objects, 0(0B) LOS objects, 23% free, 51MB/67MB, paused 388us total 17.887ms
08-06 13:49:59.785  3330  3341 I art     : Starting a blocking GC Explicit
08-06 13:49:59.803  3330  3341 I art     : Explicit concurrent mark sweep GC freed 3(96B) AllocSpace objects, 0(0B) LOS objects, 23% free, 51MB/67MB, paused 398us total 17.934ms
08-06 13:49:59.811  3330  3341 I art     : Starting a blocking GC Explicit
08-06 13:49:59.829  3330  3341 I art     : Explicit concurrent mark sweep GC freed 3(96B) AllocSpace objects, 0(0B) LOS objects, 23% free, 51MB/67MB, paused 409us total 17.765ms
08-06 13:49:59.977  4959  4959 D AndroidRuntime: >>>>>> START com.android.internal.os.RuntimeInit uid 2000 <<<<<<
08-06 13:49:59.982  4959  4959 D AndroidRuntime: CheckJNI is OFF
08-06 13:50:00.016  4959  4959 D ICU     : No timezone override file found: /data/misc/zoneinfo/current/icu/icu_tzdata.dat
08-06 13:50:00.047  4959  4959 I Radio-JNI: register_android_hardware_Radio DONE
08-06 13:50:00.067  4959  4959 D AndroidRuntime: Calling main entry com.android.commands.input.Input
08-06 13:50:00.068  4959  4959 I Input   : injectMotionEvent: MotionEvent { action=ACTION_DOWN, actionButton=0, id[0]=0, x[0]=337.0, y[0]=1104.0, toolType[0]=TOOL_TYPE_UNKNOWN, buttonState=0, metaState=0, flags=0x0, edgeFlags=0x0, pointerCount=1, historySize=0, eventTime=885016481, downTime=885016481, deviceId=0, source=0x1002 }
08-06 13:50:00.073  4959  4959 I Input   : injectMotionEvent: MotionEvent { action=ACTION_UP, actionButton=0, id[0]=0, x[0]=337.0, y[0]=1104.0, toolType[0]=TOOL_TYPE_UNKNOWN, buttonState=0, metaState=0, flags=0x0, edgeFlags=0x0, pointerCount=1, historySize=0, eventTime=885016481, downTime=885016481, deviceId=0, source=0x1002 }
08-06 13:50:00.074   918  3714 I ActivityManager: START u0 {cmp=baseline.appteam.nith.hillffair/.activities.BattleDayActivity} from uid 10697 on display 0
08-06 13:50:00.079  4959  4959 D AndroidRuntime: Shutting down VM
08-06 13:50:00.127  3330  3341 I art     : Starting a blocking GC Explicit
08-06 13:50:00.145  3330  3341 I art     : Explicit concurrent mark sweep GC freed 6164(373KB) AllocSpace objects, 1(20KB) LOS objects, 23% free, 51MB/67MB, paused 451us total 17.863ms
08-06 13:50:00.153  3330  3341 I art     : Starting a blocking GC Explicit
08-06 13:50:00.158 13866 13866 I GoogleInputMethodServic: GoogleInputMethodService.onFinishInput():3138 
08-06 13:50:00.158 13866 13866 I GoogleInputMethodServic: GoogleInputMethodService.onStartInput():1808 
08-06 13:50:00.171  3330  3341 I art     : Explicit concurrent mark sweep GC freed 317(13KB) AllocSpace objects, 0(0B) LOS objects, 23% free, 52MB/68MB, paused 676us total 18.093ms
08-06 13:50:00.179  3330  3341 I art     : Starting a blocking GC Explicit
08-06 13:50:00.184   918   936 I ActivityManager: Displayed baseline.appteam.nith.hillffair/.activities.BattleDayActivity: +104ms
08-06 13:50:00.200  3330  3341 I art     : Explicit concurrent mark sweep GC freed 59(2336B) AllocSpace objects, 0(0B) LOS objects, 23% free, 52MB/68MB, paused 462us total 20.043ms
08-06 13:50:00.208  3330  3341 I art     : Starting a blocking GC Explicit
08-06 13:50:00.229  3330  3341 I art     : Explicit concurrent mark sweep GC freed 81(4KB) AllocSpace objects, 0(0B) LOS objects, 23% free, 52MB/68MB, paused 442us total 20.699ms
08-06 13:50:00.238  3330  3341 I art     : Starting a blocking GC Explicit
08-06 13:50:00.256  3330  3341 I art     : Explicit concurrent mark sweep GC freed 14(1504B) AllocSpace objects, 0(0B) LOS objects, 23% free, 52MB/68MB, paused 416us total 17.074ms
08-06 13:50:00.436   380   380 W SurfaceFlinger: couldn't log to binary event log: overflow.
08-06 13:50:00.509  3330  3442 I art     : Starting a blocking GC Explicit
08-06 13:50:00.528  3330  3442 I art     : Explicit concurrent mark sweep GC freed 1344(78KB) AllocSpace objects, 1(20KB) LOS objects, 23% free, 52MB/68MB, paused 426us total 19.094ms
08-06 13:50:00.537  3330  3442 I art     : Starting a blocking GC Explicit
08-06 13:50:00.555  3330  3442 I art     : Explicit concurrent mark sweep GC freed 20(704B) AllocSpace objects, 0(0B) LOS objects, 23% free, 52MB/68MB, paused 455us total 18.254ms
08-06 13:50:00.563  3330  3442 I art     : Starting a blocking GC Explicit
08-06 13:50:00.586  3330  3442 I art     : Explicit concurrent mark sweep GC freed 72(4KB) AllocSpace objects, 0(0B) LOS objects, 23% free, 52MB/68MB, paused 619us total 22.250ms
08-06 13:50:00.594  3330  3442 I art     : Starting a blocking GC Explicit
08-06 13:50:00.613  3330  3442 I art     : Explicit concurrent mark sweep GC freed 15(544B) AllocSpace objects, 0(0B) LOS objects, 23% free, 52MB/68MB, paused 456us total 18.292ms
08-06 13:50:00.621  3330  3442 I art     : Starting a blocking GC Explicit
08-06 13:50:00.639  3330  3442 I art     : Explicit concurrent mark sweep GC freed 880(65KB) AllocSpace objects, 2(120KB) LOS objects, 23% free, 52MB/68MB, paused 590us total 18.288ms
08-06 13:50:00.658  3330  4992 D OkHttp  : --> GET https://api-hillfair-2k16.herokuapp.com/api/app/events/special http/1.1
08-06 13:50:00.693  3330  4992 D OkHttp  : <-- 200 OK https://api-hillfair-2k16.herokuapp.com/api/app/events/special (34ms, 554-byte body)
08-06 13:50:00.754  3330  3330 I NAPPA_EXPERIMENTATION: MetricNetworkRequestExecutionTime: REQUEST_DURATION_SYSTEM='647',REQUEST_DURATION_OKHTTP='35',REQUEST_SYNCHRONOUS='FALSE',RESPONSE_CODE='200',RESPONSE_METHOD='GET',RESPONSE_LENGTH_OKHTTP='554',RESPONSE_LENGTH_HEADER='554',REQUEST_PROTOCOL='http/1.1',REQUEST_URL='https://api-hillfair-2k16.herokuapp.com/api/app/events/special',
08-06 13:50:00.899  3330  3442 I art     : Starting a blocking GC Explicit
08-06 13:50:00.923  3330  3442 I art     : Explicit concurrent mark sweep GC freed 4599(309KB) AllocSpace objects, 2(100KB) LOS objects, 23% free, 52MB/68MB, paused 440us total 23.718ms
08-06 13:50:00.933  3330  3442 I art     : Starting a blocking GC Explicit
08-06 13:50:00.953  3330  3442 I art     : Explicit concurrent mark sweep GC freed 564(59KB) AllocSpace objects, 0(0B) LOS objects, 23% free, 52MB/68MB, paused 433us total 19.999ms
08-06 13:50:00.962  3330  3442 I art     : Starting a blocking GC Explicit
08-06 13:50:00.982  3330  3442 I art     : Explicit concurrent mark sweep GC freed 3(96B) AllocSpace objects, 0(0B) LOS objects, 23% free, 52MB/68MB, paused 433us total 20.060ms
08-06 13:50:00.991  3330  3442 I art     : Starting a blocking GC Explicit
08-06 13:50:01.011  3330  3442 I art     : Explicit concurrent mark sweep GC freed 3(96B) AllocSpace objects, 0(0B) LOS objects, 23% free, 52MB/68MB, paused 438us total 19.971ms
08-06 13:50:01.020  3330  3442 I art     : Starting a blocking GC Explicit
08-06 13:50:01.041  3330  3442 I art     : Explicit concurrent mark sweep GC freed 3(96B) AllocSpace objects, 0(0B) LOS objects, 23% free, 52MB/68MB, paused 441us total 21.124ms
08-06 13:50:01.176   518   646 I ThermalEngine: ACTION: GPU - Setting GPU[0] to 450000000
08-06 13:50:01.351  3330  3341 I art     : Starting a blocking GC Explicit
08-06 13:50:01.378  3330  3341 I art     : Explicit concurrent mark sweep GC freed 1342(78KB) AllocSpace objects, 1(20KB) LOS objects, 23% free, 52MB/68MB, paused 579us total 27.387ms
08-06 13:50:01.389  3330  3341 I art     : Starting a blocking GC Explicit
08-06 13:50:01.415  3330  3341 I art     : Explicit concurrent mark sweep GC freed 20(704B) AllocSpace objects, 0(0B) LOS objects, 23% free, 52MB/68MB, paused 563us total 25.617ms
08-06 13:50:01.426  3330  3341 I art     : Starting a blocking GC Explicit
08-06 13:50:01.452  3330  3341 I art     : Explicit concurrent mark sweep GC freed 3(96B) AllocSpace objects, 0(0B) LOS objects, 23% free, 52MB/68MB, paused 554us total 25.630ms
08-06 13:50:01.463  3330  3341 I art     : Starting a blocking GC Explicit
08-06 13:50:01.489  3330  3341 I art     : Explicit concurrent mark sweep GC freed 3(96B) AllocSpace objects, 0(0B) LOS objects, 23% free, 52MB/68MB, paused 568us total 25.308ms
08-06 13:50:01.500  3330  3341 I art     : Starting a blocking GC Explicit
08-06 13:50:01.525  3330  3341 I art     : Explicit concurrent mark sweep GC freed 3(96B) AllocSpace objects, 0(0B) LOS objects, 23% free, 52MB/68MB, paused 554us total 25.386ms
08-06 13:50:01.831  3330  4220 I art     : Starting a blocking GC Explicit
08-06 13:50:01.864  3330  4220 I art     : Explicit concurrent mark sweep GC freed 1342(78KB) AllocSpace objects, 1(20KB) LOS objects, 23% free, 52MB/68MB, paused 615us total 31.756ms
08-06 13:50:01.877  3330  4220 I art     : Starting a blocking GC Explicit
08-06 13:50:01.904  3330  4220 I art     : Explicit concurrent mark sweep GC freed 20(704B) AllocSpace objects, 0(0B) LOS objects, 23% free, 52MB/68MB, paused 614us total 27.018ms
08-06 13:50:01.916  3330  4220 I art     : Starting a blocking GC Explicit
08-06 13:50:01.942  3330  4220 I art     : Explicit concurrent mark sweep GC freed 3(96B) AllocSpace objects, 0(0B) LOS objects, 23% free, 52MB/68MB, paused 585us total 25.854ms
08-06 13:50:01.953  3330  4220 I art     : Starting a blocking GC Explicit
08-06 13:50:01.981  3330  4220 I art     : Explicit concurrent mark sweep GC freed 3(96B) AllocSpace objects, 0(0B) LOS objects, 23% free, 52MB/68MB, paused 594us total 27.836ms
08-06 13:50:01.992  3330  4220 I art     : Starting a blocking GC Explicit
08-06 13:50:02.020  3330  4220 I art     : Explicit concurrent mark sweep GC freed 3(96B) AllocSpace objects, 0(0B) LOS objects, 23% free, 52MB/68MB, paused 597us total 27.407ms
08-06 13:50:02.159   918  3261 D WifiStateMachine: starting scan for "H369AA63323"WPA_PSK with 2412,5180
08-06 13:50:02.341  3330  3348 I art     : Starting a blocking GC Explicit
08-06 13:50:02.367  3330  3348 I art     : Explicit concurrent mark sweep GC freed 1342(78KB) AllocSpace objects, 1(20KB) LOS objects, 23% free, 52MB/68MB, paused 675us total 25.766ms
08-06 13:50:02.379  3330  3348 I art     : Starting a blocking GC Explicit
08-06 13:50:02.406  3330  3348 I art     : Explicit concurrent mark sweep GC freed 20(704B) AllocSpace objects, 0(0B) LOS objects, 23% free, 52MB/68MB, paused 553us total 27.255ms
08-06 13:50:02.417  3330  3348 I art     : Starting a blocking GC Explicit
08-06 13:50:02.445  3330  3348 I art     : Explicit concurrent mark sweep GC freed 3(96B) AllocSpace objects, 0(0B) LOS objects, 23% free, 52MB/68MB, paused 597us total 27.329ms
08-06 13:50:02.456  3330  3348 I art     : Starting a blocking GC Explicit
08-06 13:50:02.484  3330  3348 I art     : Explicit concurrent mark sweep GC freed 3(96B) AllocSpace objects, 0(0B) LOS objects, 23% free, 52MB/68MB, paused 598us total 27.629ms
08-06 13:50:02.495  3330  3348 I art     : Starting a blocking GC Explicit
08-06 13:50:02.523  3330  3348 I art     : Explicit concurrent mark sweep GC freed 3(96B) AllocSpace objects, 0(0B) LOS objects, 23% free, 52MB/68MB, paused 582us total 27.496ms
08-06 13:50:02.848  3330  3442 I art     : Starting a blocking GC Explicit
08-06 13:50:02.883  3330  3442 I art     : Explicit concurrent mark sweep GC freed 1342(78KB) AllocSpace objects, 1(20KB) LOS objects, 23% free, 52MB/68MB, paused 672us total 34.410ms
08-06 13:50:02.898  3330  3442 I art     : Starting a blocking GC Explicit
08-06 13:50:02.925  3330  3442 I art     : Explicit concurrent mark sweep GC freed 20(704B) AllocSpace objects, 0(0B) LOS objects, 23% free, 52MB/68MB, paused 577us total 26.017ms
08-06 13:50:02.936  3330  3442 I art     : Starting a blocking GC Explicit
08-06 13:50:02.963  3330  3442 I art     : Explicit concurrent mark sweep GC freed 3(96B) AllocSpace objects, 0(0B) LOS objects, 23% free, 52MB/68MB, paused 582us total 26.937ms
08-06 13:50:02.974  3330  3442 I art     : Starting a blocking GC Explicit
08-06 13:50:03.002  3330  3442 I art     : Explicit concurrent mark sweep GC freed 3(96B) AllocSpace objects, 0(0B) LOS objects, 23% free, 52MB/68MB, paused 597us total 27.343ms
08-06 13:50:03.013  3330  3442 I art     : Starting a blocking GC Explicit
08-06 13:50:03.040  3330  3442 I art     : Explicit concurrent mark sweep GC freed 3(96B) AllocSpace objects, 0(0B) LOS objects, 23% free, 52MB/68MB, paused 562us total 27.042ms
08-06 13:50:03.386  3330  3341 I art     : Starting a blocking GC Explicit
08-06 13:50:03.422  3330  3341 I art     : Explicit concurrent mark sweep GC freed 1342(78KB) AllocSpace objects, 1(20KB) LOS objects, 23% free, 52MB/68MB, paused 631us total 35.645ms
08-06 13:50:03.436  3330  3341 I art     : Starting a blocking GC Explicit
08-06 13:50:03.464  3330  3341 I art     : Explicit concurrent mark sweep GC freed 20(704B) AllocSpace objects, 0(0B) LOS objects, 23% free, 52MB/68MB, paused 569us total 27.416ms
08-06 13:50:03.475  3330  3341 I art     : Starting a blocking GC Explicit
08-06 13:50:03.502  3330  3341 I art     : Explicit concurrent mark sweep GC freed 3(96B) AllocSpace objects, 0(0B) LOS objects, 23% free, 52MB/68MB, paused 617us total 26.868ms
08-06 13:50:03.513  3330  3341 I art     : Starting a blocking GC Explicit
08-06 13:50:03.541  3330  3341 I art     : Explicit concurrent mark sweep GC freed 3(96B) AllocSpace objects, 0(0B) LOS objects, 23% free, 52MB/68MB, paused 569us total 27.240ms
08-06 13:50:03.552  3330  3341 I art     : Starting a blocking GC Explicit
08-06 13:50:03.579  3330  3341 I art     : Explicit concurrent mark sweep GC freed 3(96B) AllocSpace objects, 0(0B) LOS objects, 23% free, 52MB/68MB, paused 583us total 26.479ms
08-06 13:50:03.904  3330  4220 I art     : Starting a blocking GC Explicit
08-06 13:50:03.928  3330  4220 I art     : Explicit concurrent mark sweep GC freed 1342(78KB) AllocSpace objects, 1(20KB) LOS objects, 23% free, 52MB/68MB, paused 586us total 24.225ms
08-06 13:50:03.939  3330  4220 I art     : Starting a blocking GC Explicit
08-06 13:50:03.964  3330  4220 I art     : Explicit concurrent mark sweep GC freed 20(704B) AllocSpace objects, 0(0B) LOS objects, 23% free, 52MB/68MB, paused 564us total 24.591ms
08-06 13:50:03.974  3330  4220 I art     : Starting a blocking GC Explicit
08-06 13:50:04.000  3330  4220 I art     : Explicit concurrent mark sweep GC freed 21(768B) AllocSpace objects, 0(0B) LOS objects, 23% free, 52MB/68MB, paused 571us total 25.087ms
08-06 13:50:04.011  3330  4220 I art     : Starting a blocking GC Explicit
08-06 13:50:04.037  3330  4220 I art     : Explicit concurrent mark sweep GC freed 3(96B) AllocSpace objects, 0(0B) LOS objects, 23% free, 52MB/68MB, paused 576us total 26.436ms
08-06 13:50:04.049  3330  4220 I art     : Starting a blocking GC Explicit
08-06 13:50:04.076  3330  4220 I art     : Explicit concurrent mark sweep GC freed 3(96B) AllocSpace objects, 0(0B) LOS objects, 23% free, 52MB/68MB, paused 582us total 27.562ms
08-06 13:50:04.181   518   646 I ThermalEngine: ACTION: GPU - Setting GPU[0] to 510000000
08-06 13:50:04.396  3330  3348 I art     : Starting a blocking GC Explicit
08-06 13:50:04.416  3330  3348 I art     : Explicit concurrent mark sweep GC freed 1342(78KB) AllocSpace objects, 1(20KB) LOS objects, 23% free, 52MB/68MB, paused 452us total 19.899ms
08-06 13:50:04.424  3330  3348 I art     : Starting a blocking GC Explicit
08-06 13:50:04.445  3330  3348 I art     : Explicit concurrent mark sweep GC freed 20(704B) AllocSpace objects, 0(0B) LOS objects, 23% free, 52MB/68MB, paused 438us total 20.106ms
08-06 13:50:04.453  3330  3348 I art     : Starting a blocking GC Explicit
08-06 13:50:04.472  3330  3348 I art     : Explicit concurrent mark sweep GC freed 3(96B) AllocSpace objects, 0(0B) LOS objects, 23% free, 52MB/68MB, paused 491us total 18.955ms
08-06 13:50:04.480  3330  3348 I art     : Starting a blocking GC Explicit
08-06 13:50:04.499  3330  3348 I art     : Explicit concurrent mark sweep GC freed 3(96B) AllocSpace objects, 0(0B) LOS objects, 23% free, 52MB/68MB, paused 422us total 19.011ms
08-06 13:50:04.508  3330  3348 I art     : Starting a blocking GC Explicit
08-06 13:50:04.527  3330  3348 I art     : Explicit concurrent mark sweep GC freed 3(96B) AllocSpace objects, 0(0B) LOS objects, 23% free, 52MB/68MB, paused 460us total 18.605ms
08-06 13:50:04.735  5082  5082 D AndroidRuntime: >>>>>> START com.android.internal.os.RuntimeInit uid 2000 <<<<<<
08-06 13:50:04.741  5082  5082 D AndroidRuntime: CheckJNI is OFF
08-06 13:50:04.774  5082  5082 D ICU     : No timezone override file found: /data/misc/zoneinfo/current/icu/icu_tzdata.dat
08-06 13:50:04.807  5082  5082 I Radio-JNI: register_android_hardware_Radio DONE
08-06 13:50:04.829  5082  5082 D AndroidRuntime: Calling main entry com.android.commands.input.Input
08-06 13:50:04.831  5082  5082 I Input   : injectMotionEvent: MotionEvent { action=ACTION_DOWN, actionButton=0, id[0]=0, x[0]=733.0, y[0]=645.0, toolType[0]=TOOL_TYPE_UNKNOWN, buttonState=0, metaState=0, flags=0x0, edgeFlags=0x0, pointerCount=1, historySize=0, eventTime=885021244, downTime=885021244, deviceId=0, source=0x1002 }
08-06 13:50:04.835  5082  5082 I Input   : injectMotionEvent: MotionEvent { action=ACTION_UP, actionButton=0, id[0]=0, x[0]=733.0, y[0]=645.0, toolType[0]=TOOL_TYPE_UNKNOWN, buttonState=0, metaState=0, flags=0x0, edgeFlags=0x0, pointerCount=1, historySize=0, eventTime=885021244, downTime=885021244, deviceId=0, source=0x1002 }
08-06 13:50:04.836   918  6110 I ActivityManager: START u0 {cmp=baseline.appteam.nith.hillffair/.activities.ClubActivity (has extras)} from uid 10697 on display 0
08-06 13:50:04.844  3330  3341 I art     : Starting a blocking GC Explicit
08-06 13:50:04.847  5082  5082 D AndroidRuntime: Shutting down VM
08-06 13:50:04.865  3330  3341 I art     : Explicit concurrent mark sweep GC freed 1640(97KB) AllocSpace objects, 1(20KB) LOS objects, 23% free, 52MB/68MB, paused 763us total 21.461ms
08-06 13:50:04.874  3330  3341 I art     : Starting a blocking GC Explicit
08-06 13:50:04.895  3330  3341 I art     : Explicit concurrent mark sweep GC freed 3521(228KB) AllocSpace objects, 0(0B) LOS objects, 23% free, 52MB/68MB, paused 498us total 21.291ms
08-06 13:50:04.903  3330  3341 I art     : Starting a blocking GC Explicit
08-06 13:50:04.923  3330  3341 I art     : Explicit concurrent mark sweep GC freed 256(10KB) AllocSpace objects, 0(0B) LOS objects, 23% free, 52MB/68MB, paused 498us total 19.439ms
08-06 13:50:04.925   918   936 I ActivityManager: Displayed baseline.appteam.nith.hillffair/.activities.ClubActivity: +77ms
08-06 13:50:04.927 13866 13866 I GoogleInputMethodServic: GoogleInputMethodService.onFinishInput():3138 
08-06 13:50:04.927 13866 13866 I GoogleInputMethodServic: GoogleInputMethodService.onStartInput():1808 
08-06 13:50:04.932  3330  3341 I art     : Starting a blocking GC Explicit
08-06 13:50:04.953  3330  3341 I art     : Explicit concurrent mark sweep GC freed 109(6KB) AllocSpace objects, 0(0B) LOS objects, 23% free, 52MB/68MB, paused 511us total 20.399ms
08-06 13:50:04.961  3330  3341 I art     : Starting a blocking GC Explicit
08-06 13:50:04.979  3330  3341 I art     : Explicit concurrent mark sweep GC freed 15(672B) AllocSpace objects, 0(0B) LOS objects, 23% free, 52MB/68MB, paused 455us total 17.788ms
08-06 13:50:05.173   380   380 W SurfaceFlinger: couldn't log to binary event log: overflow.
08-06 13:50:05.235  3330  3348 I art     : Starting a blocking GC Explicit
08-06 13:50:05.254  3330  3348 I art     : Explicit concurrent mark sweep GC freed 1343(78KB) AllocSpace objects, 1(20KB) LOS objects, 23% free, 52MB/68MB, paused 474us total 18.784ms
08-06 13:50:05.262  3330  3348 I art     : Starting a blocking GC Explicit
08-06 13:50:05.282  3330  3348 I art     : Explicit concurrent mark sweep GC freed 20(704B) AllocSpace objects, 0(0B) LOS objects, 23% free, 52MB/68MB, paused 445us total 19.728ms
08-06 13:50:05.291  3330  3348 I art     : Starting a blocking GC Explicit
08-06 13:50:05.315  3330  3348 I art     : Explicit concurrent mark sweep GC freed 109(6KB) AllocSpace objects, 0(0B) LOS objects, 23% free, 52MB/68MB, paused 560us total 23.503ms
08-06 13:50:05.323  3330  3348 I art     : Starting a blocking GC Explicit
08-06 13:50:05.342  3330  3348 I art     : Explicit concurrent mark sweep GC freed 14(512B) AllocSpace objects, 0(0B) LOS objects, 23% free, 52MB/68MB, paused 437us total 19.336ms
08-06 13:50:05.350  3330  3348 I art     : Starting a blocking GC Explicit
08-06 13:50:05.369  3330  3348 I art     : Explicit concurrent mark sweep GC freed 10(352B) AllocSpace objects, 0(0B) LOS objects, 23% free, 52MB/68MB, paused 467us total 19.042ms
08-06 13:50:05.472  3330  5109 D OkHttp  : --> GET https://api-hillfair-2k16.herokuapp.com/api/app/events/special/event?id=5806551bdcba0f490c70fd1f http/1.1
08-06 13:50:05.505  3330  5109 D OkHttp  : <-- 200 OK https://api-hillfair-2k16.herokuapp.com/api/app/events/special/event?id=5806551bdcba0f490c70fd1f (32ms, 795-byte body)
08-06 13:50:05.557  3330  3330 I NAPPA_EXPERIMENTATION: MetricNetworkRequestExecutionTime: REQUEST_DURATION_SYSTEM='685',REQUEST_DURATION_OKHTTP='32',REQUEST_SYNCHRONOUS='FALSE',RESPONSE_CODE='200',RESPONSE_METHOD='GET',RESPONSE_LENGTH_OKHTTP='795',RESPONSE_LENGTH_HEADER='795',REQUEST_PROTOCOL='http/1.1',REQUEST_URL='https://api-hillfair-2k16.herokuapp.com/api/app/events/special/event?id=5806551bdcba0f490c70fd1f',
08-06 13:50:05.646  3330  4220 I art     : Starting a blocking GC Explicit
08-06 13:50:05.671  3330  4220 I art     : Explicit concurrent mark sweep GC freed 4772(311KB) AllocSpace objects, 4(220KB) LOS objects, 23% free, 52MB/68MB, paused 475us total 24.383ms
08-06 13:50:05.682  3330  4220 I art     : Starting a blocking GC Explicit
08-06 13:50:05.701  3330  4220 I art     : Explicit concurrent mark sweep GC freed 1040(119KB) AllocSpace objects, 0(0B) LOS objects, 23% free, 52MB/68MB, paused 454us total 19.011ms
08-06 13:50:05.709  3330  4220 I art     : Starting a blocking GC Explicit
08-06 13:50:05.728  3330  4220 I art     : Explicit concurrent mark sweep GC freed 3(96B) AllocSpace objects, 0(0B) LOS objects, 23% free, 52MB/68MB, paused 458us total 19.404ms
08-06 13:50:05.737  3330  4220 I art     : Starting a blocking GC Explicit
08-06 13:50:05.757  3330  4220 I art     : Explicit concurrent mark sweep GC freed 3(96B) AllocSpace objects, 0(0B) LOS objects, 23% free, 52MB/68MB, paused 609us total 20.150ms
08-06 13:50:05.766  3330  4220 I art     : Starting a blocking GC Explicit
08-06 13:50:05.787  3330  4220 I art     : Explicit concurrent mark sweep GC freed 3(96B) AllocSpace objects, 0(0B) LOS objects, 23% free, 52MB/68MB, paused 561us total 20.764ms
08-06 13:50:06.069  3330  3341 I art     : Starting a blocking GC Explicit
08-06 13:50:06.101  3330  3341 I art     : Explicit concurrent mark sweep GC freed 1343(78KB) AllocSpace objects, 1(20KB) LOS objects, 23% free, 52MB/68MB, paused 486us total 31.528ms
08-06 13:50:06.113  3330  3341 I art     : Starting a blocking GC Explicit
08-06 13:50:06.135  3330  3341 I art     : Explicit concurrent mark sweep GC freed 36(1264B) AllocSpace objects, 0(0B) LOS objects, 23% free, 52MB/68MB, paused 440us total 21.612ms
08-06 13:50:06.144  3330  3341 I art     : Starting a blocking GC Explicit
08-06 13:50:06.165  3330  3341 I art     : Explicit concurrent mark sweep GC freed 3(96B) AllocSpace objects, 0(0B) LOS objects, 23% free, 52MB/68MB, paused 442us total 21.121ms
08-06 13:50:06.174  3330  3341 I art     : Starting a blocking GC Explicit
08-06 13:50:06.186   518   646 I ThermalEngine: ACTION: GPU - Setting GPU[0] to 450000000
08-06 13:50:06.199  3330  3341 I art     : Explicit concurrent mark sweep GC freed 3(96B) AllocSpace objects, 0(0B) LOS objects, 23% free, 52MB/68MB, paused 593us total 24.786ms
08-06 13:50:06.210  3330  3341 I art     : Starting a blocking GC Explicit
08-06 13:50:06.237  3330  3341 I art     : Explicit concurrent mark sweep GC freed 3(96B) AllocSpace objects, 0(0B) LOS objects, 23% free, 52MB/68MB, paused 679us total 26.672ms
08-06 13:50:06.548  3330  3348 I art     : Starting a blocking GC Explicit
08-06 13:50:06.586  3330  3348 I art     : Explicit concurrent mark sweep GC freed 1343(78KB) AllocSpace objects, 1(20KB) LOS objects, 23% free, 52MB/68MB, paused 657us total 37.351ms
08-06 13:50:06.601  3330  3348 I art     : Starting a blocking GC Explicit
08-06 13:50:06.630  3330  3348 I art     : Explicit concurrent mark sweep GC freed 20(704B) AllocSpace objects, 0(0B) LOS objects, 23% free, 52MB/68MB, paused 632us total 28.775ms
08-06 13:50:06.642  3330  3348 I art     : Starting a blocking GC Explicit
08-06 13:50:06.671  3330  3348 I art     : Explicit concurrent mark sweep GC freed 3(96B) AllocSpace objects, 0(0B) LOS objects, 23% free, 52MB/68MB, paused 625us total 28.848ms
08-06 13:50:06.682  3330  3348 I art     : Starting a blocking GC Explicit
08-06 13:50:06.712  3330  3348 I art     : Explicit concurrent mark sweep GC freed 3(96B) AllocSpace objects, 0(0B) LOS objects, 23% free, 52MB/68MB, paused 615us total 28.864ms
08-06 13:50:06.723  3330  3348 I art     : Starting a blocking GC Explicit
08-06 13:50:06.750  3330  3348 I art     : Explicit concurrent mark sweep GC freed 3(96B) AllocSpace objects, 0(0B) LOS objects, 23% free, 52MB/68MB, paused 634us total 27.159ms
08-06 13:50:07.081  3330  4220 I art     : Starting a blocking GC Explicit
08-06 13:50:07.114  3330  4220 I art     : Explicit concurrent mark sweep GC freed 1343(78KB) AllocSpace objects, 1(20KB) LOS objects, 23% free, 52MB/68MB, paused 670us total 33.080ms
08-06 13:50:07.128  3330  4220 I art     : Starting a blocking GC Explicit
08-06 13:50:07.158  3330  4220 I art     : Explicit concurrent mark sweep GC freed 20(704B) AllocSpace objects, 0(0B) LOS objects, 23% free, 52MB/68MB, paused 695us total 29.328ms
08-06 13:50:07.169  3330  4220 I art     : Starting a blocking GC Explicit
08-06 13:50:07.198  3330  4220 I art     : Explicit concurrent mark sweep GC freed 3(96B) AllocSpace objects, 0(0B) LOS objects, 23% free, 52MB/68MB, paused 635us total 29.015ms
08-06 13:50:07.210  3330  4220 I art     : Starting a blocking GC Explicit
08-06 13:50:07.238  3330  4220 I art     : Explicit concurrent mark sweep GC freed 3(96B) AllocSpace objects, 0(0B) LOS objects, 23% free, 52MB/68MB, paused 628us total 27.364ms
08-06 13:50:07.249  3330  4220 I art     : Starting a blocking GC Explicit
08-06 13:50:07.277  3330  4220 I art     : Explicit concurrent mark sweep GC freed 3(96B) AllocSpace objects, 0(0B) LOS objects, 23% free, 52MB/68MB, paused 684us total 27.765ms
08-06 13:50:07.603  3330  3442 I art     : Starting a blocking GC Explicit
08-06 13:50:07.640  3330  3442 I art     : Explicit concurrent mark sweep GC freed 1343(78KB) AllocSpace objects, 1(20KB) LOS objects, 23% free, 52MB/68MB, paused 683us total 35.871ms
08-06 13:50:07.653  3330  3442 I art     : Starting a blocking GC Explicit
08-06 13:50:07.683  3330  3442 I art     : Explicit concurrent mark sweep GC freed 20(704B) AllocSpace objects, 0(0B) LOS objects, 23% free, 52MB/68MB, paused 613us total 28.993ms
08-06 13:50:07.694  3330  3442 I art     : Starting a blocking GC Explicit
08-06 13:50:07.722  3330  3442 I art     : Explicit concurrent mark sweep GC freed 3(96B) AllocSpace objects, 0(0B) LOS objects, 23% free, 52MB/68MB, paused 686us total 28.027ms
08-06 13:50:07.734  3330  3442 I art     : Starting a blocking GC Explicit
08-06 13:50:07.761  3330  3442 I art     : Explicit concurrent mark sweep GC freed 3(96B) AllocSpace objects, 0(0B) LOS objects, 23% free, 52MB/68MB, paused 624us total 27.188ms
08-06 13:50:07.773  3330  3442 I art     : Starting a blocking GC Explicit
08-06 13:50:07.802  3330  3442 I art     : Explicit concurrent mark sweep GC freed 3(96B) AllocSpace objects, 0(0B) LOS objects, 23% free, 52MB/68MB, paused 626us total 29.148ms
08-06 13:50:08.132  3330  3341 I art     : Starting a blocking GC Explicit
08-06 13:50:08.170  3330  3341 I art     : Explicit concurrent mark sweep GC freed 1343(78KB) AllocSpace objects, 1(20KB) LOS objects, 23% free, 52MB/68MB, paused 659us total 37.349ms
08-06 13:50:08.183  3330  3341 I art     : Starting a blocking GC Explicit
08-06 13:50:08.212  3330  3341 I art     : Explicit concurrent mark sweep GC freed 20(704B) AllocSpace objects, 0(0B) LOS objects, 23% free, 52MB/68MB, paused 599us total 28.216ms
08-06 13:50:08.223  3330  3341 I art     : Starting a blocking GC Explicit
08-06 13:50:08.251  3330  3341 I art     : Explicit concurrent mark sweep GC freed 3(96B) AllocSpace objects, 0(0B) LOS objects, 23% free, 52MB/68MB, paused 621us total 27.468ms
08-06 13:50:08.262  3330  3341 I art     : Starting a blocking GC Explicit
08-06 13:50:08.291  3330  3341 I art     : Explicit concurrent mark sweep GC freed 3(96B) AllocSpace objects, 0(0B) LOS objects, 23% free, 52MB/68MB, paused 610us total 28.617ms
08-06 13:50:08.303  3330  3341 I art     : Starting a blocking GC Explicit
08-06 13:50:08.332  3330  3341 I art     : Explicit concurrent mark sweep GC freed 3(96B) AllocSpace objects, 0(0B) LOS objects, 23% free, 52MB/68MB, paused 614us total 29.002ms
08-06 13:50:08.685  3330  3348 I art     : Starting a blocking GC Explicit
08-06 13:50:08.724  3330  3348 I art     : Explicit concurrent mark sweep GC freed 1343(78KB) AllocSpace objects, 1(20KB) LOS objects, 23% free, 52MB/68MB, paused 636us total 38.070ms
08-06 13:50:08.740  3330  3348 I art     : Starting a blocking GC Explicit
08-06 13:50:08.769  3330  3348 I art     : Explicit concurrent mark sweep GC freed 20(704B) AllocSpace objects, 0(0B) LOS objects, 23% free, 52MB/68MB, paused 609us total 28.741ms
08-06 13:50:08.780  3330  3348 I art     : Starting a blocking GC Explicit
08-06 13:50:08.807  3330  3348 I art     : Explicit concurrent mark sweep GC freed 3(96B) AllocSpace objects, 0(0B) LOS objects, 23% free, 52MB/68MB, paused 705us total 26.717ms
08-06 13:50:08.819  3330  3348 I art     : Starting a blocking GC Explicit
08-06 13:50:08.848  3330  3348 I art     : Explicit concurrent mark sweep GC freed 3(96B) AllocSpace objects, 0(0B) LOS objects, 23% free, 52MB/68MB, paused 675us total 29.037ms
08-06 13:50:08.859  3330  3348 I art     : Starting a blocking GC Explicit
08-06 13:50:08.888  3330  3348 I art     : Explicit concurrent mark sweep GC freed 3(96B) AllocSpace objects, 0(0B) LOS objects, 23% free, 52MB/68MB, paused 674us total 28.167ms
08-06 13:50:09.191   518   646 I ThermalEngine: ACTION: GPU - Setting GPU[0] to 510000000
08-06 13:50:09.204  3330  4220 I art     : Starting a blocking GC Explicit
08-06 13:50:09.229  3330  4220 I art     : Explicit concurrent mark sweep GC freed 1343(78KB) AllocSpace objects, 1(20KB) LOS objects, 23% free, 52MB/68MB, paused 480us total 24.859ms
08-06 13:50:09.238  3330  4220 I art     : Starting a blocking GC Explicit
08-06 13:50:09.257  3330  4220 I art     : Explicit concurrent mark sweep GC freed 20(704B) AllocSpace objects, 0(0B) LOS objects, 23% free, 52MB/68MB, paused 478us total 18.523ms
08-06 13:50:09.265  3330  4220 I art     : Starting a blocking GC Explicit
08-06 13:50:09.283  3330  4220 I art     : Explicit concurrent mark sweep GC freed 3(96B) AllocSpace objects, 0(0B) LOS objects, 23% free, 52MB/68MB, paused 428us total 17.673ms
08-06 13:50:09.290  3330  4220 I art     : Starting a blocking GC Explicit
08-06 13:50:09.308  3330  4220 I art     : Explicit concurrent mark sweep GC freed 3(96B) AllocSpace objects, 0(0B) LOS objects, 23% free, 52MB/68MB, paused 437us total 17.882ms
08-06 13:50:09.316  3330  4220 I art     : Starting a blocking GC Explicit
08-06 13:50:09.334  3330  4220 I art     : Explicit concurrent mark sweep GC freed 3(96B) AllocSpace objects, 0(0B) LOS objects, 23% free, 52MB/68MB, paused 432us total 17.804ms
08-06 13:50:09.505  5226  5226 D AndroidRuntime: >>>>>> START com.android.internal.os.RuntimeInit uid 2000 <<<<<<
08-06 13:50:09.510  5226  5226 D AndroidRuntime: CheckJNI is OFF
08-06 13:50:09.539  5226  5226 D ICU     : No timezone override file found: /data/misc/zoneinfo/current/icu/icu_tzdata.dat
08-06 13:50:09.572  5226  5226 I Radio-JNI: register_android_hardware_Radio DONE
08-06 13:50:09.593  5226  5226 D AndroidRuntime: Calling main entry com.android.commands.input.Input
08-06 13:50:09.594  5226  5226 I Input   : injectKeyEvent: KeyEvent { action=ACTION_DOWN, keyCode=KEYCODE_BACK, scanCode=0, metaState=0, flags=0x0, repeatCount=0, eventTime=885026007, downTime=885026007, deviceId=-1, source=0x101 }
08-06 13:50:09.595  3330  3442 I art     : Starting a blocking GC Explicit
08-06 13:50:09.600  5226  5226 I Input   : injectKeyEvent: KeyEvent { action=ACTION_UP, keyCode=KEYCODE_BACK, scanCode=0, metaState=0, flags=0x0, repeatCount=0, eventTime=885026007, downTime=885026007, deviceId=-1, source=0x101 }
08-06 13:50:09.605  5226  5226 D AndroidRuntime: Shutting down VM
08-06 13:50:09.615  3330  3442 I art     : Explicit concurrent mark sweep GC freed 1469(84KB) AllocSpace objects, 1(20KB) LOS objects, 23% free, 52MB/68MB, paused 501us total 20.569ms
08-06 13:50:09.624  3330  3442 I art     : Starting a blocking GC Explicit
08-06 13:50:09.642  3330  3442 I art     : Explicit concurrent mark sweep GC freed 34(1232B) AllocSpace objects, 0(0B) LOS objects, 23% free, 52MB/68MB, paused 422us total 17.786ms
08-06 13:50:09.646 13866 13866 I GoogleInputMethodServic: GoogleInputMethodService.onFinishInput():3138 
08-06 13:50:09.647 13866 13866 I GoogleInputMethodServic: GoogleInputMethodService.onStartInput():1808 
08-06 13:50:09.650  3330  3442 I art     : Starting a blocking GC Explicit
08-06 13:50:09.669  3330  3442 I art     : Explicit concurrent mark sweep GC freed 26(1008B) AllocSpace objects, 0(0B) LOS objects, 23% free, 52MB/68MB, paused 444us total 18.381ms
08-06 13:50:09.677  3330  3442 I art     : Starting a blocking GC Explicit
08-06 13:50:09.698  3330  3442 I art     : Explicit concurrent mark sweep GC freed 13(448B) AllocSpace objects, 0(0B) LOS objects, 23% free, 52MB/68MB, paused 419us total 20.731ms
08-06 13:50:09.706  3330  3442 I art     : Starting a blocking GC Explicit
08-06 13:50:09.723  3330  3442 I art     : Explicit concurrent mark sweep GC freed 5(176B) AllocSpace objects, 0(0B) LOS objects, 23% free, 52MB/68MB, paused 440us total 17.264ms
08-06 13:50:09.960   380   380 W SurfaceFlinger: couldn't log to binary event log: overflow.
08-06 13:50:09.987  3330  3442 I art     : Starting a blocking GC Explicit
08-06 13:50:10.009  3330  3442 I art     : Explicit concurrent mark sweep GC freed 1453(87KB) AllocSpace objects, 1(20KB) LOS objects, 23% free, 52MB/68MB, paused 483us total 21.519ms
08-06 13:50:10.017  3330  3442 I art     : Starting a blocking GC Explicit
08-06 13:50:10.037  3330  3442 I art     : Explicit concurrent mark sweep GC freed 1672(107KB) AllocSpace objects, 3(400KB) LOS objects, 23% free, 52MB/68MB, paused 462us total 19.824ms
08-06 13:50:10.045  3330  3442 I art     : Starting a blocking GC Explicit
08-06 13:50:10.065  3330  3442 I art     : Explicit concurrent mark sweep GC freed 3(96B) AllocSpace objects, 0(0B) LOS objects, 23% free, 52MB/68MB, paused 441us total 20.172ms
08-06 13:50:10.074  3330  3442 I art     : Starting a blocking GC Explicit
08-06 13:50:10.094  3330  3442 I art     : Explicit concurrent mark sweep GC freed 3(96B) AllocSpace objects, 0(0B) LOS objects, 23% free, 52MB/68MB, paused 451us total 20.185ms
08-06 13:50:10.103  3330  3442 I art     : Starting a blocking GC Explicit
08-06 13:50:10.124  3330  3442 I art     : Explicit concurrent mark sweep GC freed 3(96B) AllocSpace objects, 0(0B) LOS objects, 23% free, 52MB/68MB, paused 465us total 20.707ms
08-06 13:50:10.417  3330  3348 I art     : Starting a blocking GC Explicit
08-06 13:50:10.449  3330  3348 I art     : Explicit concurrent mark sweep GC freed 1343(78KB) AllocSpace objects, 1(20KB) LOS objects, 23% free, 52MB/68MB, paused 561us total 31.320ms
08-06 13:50:10.466  3330  3348 I art     : Starting a blocking GC Explicit
08-06 13:50:10.488  3330  3348 I art     : Explicit concurrent mark sweep GC freed 20(704B) AllocSpace objects, 0(0B) LOS objects, 23% free, 52MB/68MB, paused 488us total 21.674ms
08-06 13:50:10.497  3330  3348 I art     : Starting a blocking GC Explicit
08-06 13:50:10.518  3330  3348 I art     : Explicit concurrent mark sweep GC freed 3(96B) AllocSpace objects, 0(0B) LOS objects, 23% free, 52MB/68MB, paused 470us total 20.923ms
08-06 13:50:10.527  3330  3348 I art     : Starting a blocking GC Explicit
08-06 13:50:10.548  3330  3348 I art     : Explicit concurrent mark sweep GC freed 3(96B) AllocSpace objects, 0(0B) LOS objects, 23% free, 52MB/68MB, paused 484us total 20.993ms
08-06 13:50:10.557  3330  3348 I art     : Starting a blocking GC Explicit
08-06 13:50:10.578  3330  3348 I art     : Explicit concurrent mark sweep GC freed 3(96B) AllocSpace objects, 0(0B) LOS objects, 23% free, 52MB/68MB, paused 517us total 21.049ms
08-06 13:50:10.866  3330  4220 I art     : Starting a blocking GC Explicit
08-06 13:50:10.888  3330  4220 I art     : Explicit concurrent mark sweep GC freed 1342(78KB) AllocSpace objects, 1(20KB) LOS objects, 23% free, 52MB/68MB, paused 520us total 20.980ms
08-06 13:50:10.896  3330  4220 I art     : Starting a blocking GC Explicit
08-06 13:50:10.917  3330  4220 I art     : Explicit concurrent mark sweep GC freed 20(704B) AllocSpace objects, 0(0B) LOS objects, 23% free, 52MB/68MB, paused 566us total 20.242ms
08-06 13:50:10.926  3330  4220 I art     : Starting a blocking GC Explicit
08-06 13:50:10.945  3330  4220 I art     : Explicit concurrent mark sweep GC freed 3(96B) AllocSpace objects, 0(0B) LOS objects, 23% free, 52MB/68MB, paused 474us total 19.310ms
08-06 13:50:10.953  3330  4220 I art     : Starting a blocking GC Explicit
08-06 13:50:10.973  3330  4220 I art     : Explicit concurrent mark sweep GC freed 3(96B) AllocSpace objects, 0(0B) LOS objects, 23% free, 52MB/68MB, paused 459us total 19.651ms
08-06 13:50:10.981  3330  4220 I art     : Starting a blocking GC Explicit
08-06 13:50:11.002  3330  4220 I art     : Explicit concurrent mark sweep GC freed 3(96B) AllocSpace objects, 0(0B) LOS objects, 23% free, 52MB/68MB, paused 454us total 19.866ms
08-06 13:50:11.263  5285  5285 D AndroidRuntime: >>>>>> START com.android.internal.os.RuntimeInit uid 2000 <<<<<<
08-06 13:50:11.267  3330  3341 I art     : Starting a blocking GC Explicit
08-06 13:50:11.268  5285  5285 D AndroidRuntime: CheckJNI is OFF
08-06 13:50:11.288  3330  3341 I art     : Explicit concurrent mark sweep GC freed 1342(78KB) AllocSpace objects, 1(20KB) LOS objects, 23% free, 52MB/68MB, paused 475us total 21.047ms
08-06 13:50:11.296  3330  3341 I art     : Starting a blocking GC Explicit
08-06 13:50:11.307  5285  5285 D ICU     : No timezone override file found: /data/misc/zoneinfo/current/icu/icu_tzdata.dat
08-06 13:50:11.317  3330  3341 I art     : Explicit concurrent mark sweep GC freed 20(704B) AllocSpace objects, 0(0B) LOS objects, 23% free, 52MB/68MB, paused 592us total 20.462ms
08-06 13:50:11.326  3330  3341 I art     : Starting a blocking GC Explicit
08-06 13:50:11.341  5285  5285 I Radio-JNI: register_android_hardware_Radio DONE
08-06 13:50:11.345  3330  3341 I art     : Explicit concurrent mark sweep GC freed 3(96B) AllocSpace objects, 0(0B) LOS objects, 23% free, 52MB/68MB, paused 480us total 19.044ms
08-06 13:50:11.353  3330  3341 I art     : Starting a blocking GC Explicit
08-06 13:50:11.364  5285  5285 D AndroidRuntime: Calling main entry com.android.commands.input.Input
08-06 13:50:11.366  5285  5285 I Input   : injectKeyEvent: KeyEvent { action=ACTION_DOWN, keyCode=KEYCODE_BACK, scanCode=0, metaState=0, flags=0x0, repeatCount=0, eventTime=885027779, downTime=885027779, deviceId=-1, source=0x101 }
08-06 13:50:11.373  5285  5285 I Input   : injectKeyEvent: KeyEvent { action=ACTION_UP, keyCode=KEYCODE_BACK, scanCode=0, metaState=0, flags=0x0, repeatCount=0, eventTime=885027779, downTime=885027779, deviceId=-1, source=0x101 }
08-06 13:50:11.373  3330  3341 I art     : Explicit concurrent mark sweep GC freed 3(96B) AllocSpace objects, 0(0B) LOS objects, 23% free, 52MB/68MB, paused 620us total 19.344ms
08-06 13:50:11.378  5285  5285 D AndroidRuntime: Shutting down VM
08-06 13:50:11.381  3330  3341 I art     : Starting a blocking GC Explicit
08-06 13:50:11.399  3330  3341 I art     : Explicit concurrent mark sweep GC freed 150(6KB) AllocSpace objects, 0(0B) LOS objects, 23% free, 52MB/68MB, paused 454us total 18.547ms
08-06 13:50:11.417 13866 13866 I GoogleInputMethodServic: GoogleInputMethodService.onFinishInput():3138 
08-06 13:50:11.418 13866 13866 I GoogleInputMethodServic: GoogleInputMethodService.onStartInput():1808 
08-06 13:50:11.654  3330  3348 I art     : Starting a blocking GC Explicit
08-06 13:50:11.673  3330  3348 I art     : Explicit concurrent mark sweep GC freed 1405(80KB) AllocSpace objects, 1(20KB) LOS objects, 23% free, 52MB/68MB, paused 435us total 19.061ms
08-06 13:50:11.682  3330  3348 I art     : Starting a blocking GC Explicit
08-06 13:50:11.700  3330  3348 I art     : Explicit concurrent mark sweep GC freed 24(864B) AllocSpace objects, 0(0B) LOS objects, 23% free, 52MB/68MB, paused 453us total 18.577ms
08-06 13:50:11.709  3330  3348 I art     : Starting a blocking GC Explicit
08-06 13:50:11.728  3330  3348 I art     : Explicit concurrent mark sweep GC freed 641(31KB) AllocSpace objects, 0(0B) LOS objects, 23% free, 52MB/68MB, paused 416us total 19.386ms
08-06 13:50:11.736  3330  3348 I art     : Starting a blocking GC Explicit
08-06 13:50:11.758  3330  3348 I art     : Explicit concurrent mark sweep GC freed 121(6KB) AllocSpace objects, 0(0B) LOS objects, 23% free, 52MB/68MB, paused 470us total 21.876ms
08-06 13:50:11.766  3330  3348 I art     : Starting a blocking GC Explicit
08-06 13:50:11.785  3330  3348 I art     : Explicit concurrent mark sweep GC freed 1973(121KB) AllocSpace objects, 2(140KB) LOS objects, 23% free, 51MB/67MB, paused 432us total 18.010ms
08-06 13:50:12.068  3330  3442 I art     : Starting a blocking GC Explicit
08-06 13:50:12.092  3330  3442 I art     : Explicit concurrent mark sweep GC freed 1342(78KB) AllocSpace objects, 1(20KB) LOS objects, 23% free, 51MB/67MB, paused 510us total 23.851ms
08-06 13:50:12.103  3330  3442 I art     : Starting a blocking GC Explicit
08-06 13:50:12.123  3330  3442 I art     : Explicit concurrent mark sweep GC freed 20(704B) AllocSpace objects, 0(0B) LOS objects, 23% free, 51MB/67MB, paused 470us total 19.995ms
08-06 13:50:12.132  3330  3442 I art     : Starting a blocking GC Explicit
08-06 13:50:12.153  3330  3442 I art     : Explicit concurrent mark sweep GC freed 3(96B) AllocSpace objects, 0(0B) LOS objects, 23% free, 51MB/67MB, paused 468us total 20.843ms
08-06 13:50:12.162  3330  3442 I art     : Starting a blocking GC Explicit
08-06 13:50:12.182  3330  3442 I art     : Explicit concurrent mark sweep GC freed 3(96B) AllocSpace objects, 0(0B) LOS objects, 23% free, 51MB/67MB, paused 464us total 20.066ms
08-06 13:50:12.191  3330  3442 I art     : Starting a blocking GC Explicit
08-06 13:50:12.199   518   646 I ThermalEngine: ACTION: GPU - Setting GPU[0] to 450000000
08-06 13:50:12.215  3330  3442 I art     : Explicit concurrent mark sweep GC freed 3(96B) AllocSpace objects, 0(0B) LOS objects, 23% free, 51MB/67MB, paused 608us total 23.872ms
08-06 13:50:12.511  3330  3341 I art     : Starting a blocking GC Explicit
08-06 13:50:12.543  3330  3341 I art     : Explicit concurrent mark sweep GC freed 1340(78KB) AllocSpace objects, 1(20KB) LOS objects, 23% free, 51MB/67MB, paused 619us total 31.804ms
08-06 13:50:12.556  3330  3341 I art     : Starting a blocking GC Explicit
08-06 13:50:12.581  3330  3341 I art     : Explicit concurrent mark sweep GC freed 20(704B) AllocSpace objects, 0(0B) LOS objects, 23% free, 51MB/67MB, paused 610us total 24.744ms
08-06 13:50:12.592  3330  3341 I art     : Starting a blocking GC Explicit
08-06 13:50:12.616  3330  3341 I art     : Explicit concurrent mark sweep GC freed 3(96B) AllocSpace objects, 0(0B) LOS objects, 23% free, 51MB/67MB, paused 561us total 23.804ms
08-06 13:50:12.627  3330  3341 I art     : Starting a blocking GC Explicit
08-06 13:50:12.652  3330  3341 I art     : Explicit concurrent mark sweep GC freed 3(96B) AllocSpace objects, 0(0B) LOS objects, 23% free, 51MB/67MB, paused 597us total 24.329ms
08-06 13:50:12.662  3330  3341 I art     : Starting a blocking GC Explicit
08-06 13:50:12.686  3330  3341 I art     : Explicit concurrent mark sweep GC freed 3(96B) AllocSpace objects, 0(0B) LOS objects, 23% free, 51MB/67MB, paused 566us total 23.381ms
08-06 13:50:12.974  3330  4220 I art     : Starting a blocking GC Explicit
08-06 13:50:13.001  3330  4220 I art     : Explicit concurrent mark sweep GC freed 1340(78KB) AllocSpace objects, 1(20KB) LOS objects, 23% free, 51MB/67MB, paused 634us total 26.248ms
08-06 13:50:13.012  3330  4220 I art     : Starting a blocking GC Explicit
08-06 13:50:13.037  3330  4220 I art     : Explicit concurrent mark sweep GC freed 20(704B) AllocSpace objects, 0(0B) LOS objects, 23% free, 51MB/67MB, paused 673us total 25.158ms
08-06 13:50:13.048  3330  4220 I art     : Starting a blocking GC Explicit
08-06 13:50:13.074  3330  4220 I art     : Explicit concurrent mark sweep GC freed 3(96B) AllocSpace objects, 0(0B) LOS objects, 23% free, 51MB/67MB, paused 649us total 25.491ms
08-06 13:50:13.085  3330  4220 I art     : Starting a blocking GC Explicit
08-06 13:50:13.110  3330  4220 I art     : Explicit concurrent mark sweep GC freed 3(96B) AllocSpace objects, 0(0B) LOS objects, 23% free, 51MB/67MB, paused 647us total 25.227ms
08-06 13:50:13.121  3330  4220 I art     : Starting a blocking GC Explicit
08-06 13:50:13.147  3330  4220 I art     : Explicit concurrent mark sweep GC freed 3(96B) AllocSpace objects, 0(0B) LOS objects, 23% free, 51MB/67MB, paused 679us total 25.322ms
08-06 13:50:13.154  5340  5340 D AndroidRuntime: >>>>>> START com.android.internal.os.RuntimeInit uid 2000 <<<<<<
08-06 13:50:13.160  5340  5340 D AndroidRuntime: CheckJNI is OFF
08-06 13:50:13.204  5340  5340 D ICU     : No timezone override file found: /data/misc/zoneinfo/current/icu/icu_tzdata.dat
08-06 13:50:13.254  5340  5340 I Radio-JNI: register_android_hardware_Radio DONE
08-06 13:50:13.286  5340  5340 D AndroidRuntime: Calling main entry com.android.commands.input.Input
08-06 13:50:13.289  5340  5340 I Input   : injectMotionEvent: MotionEvent { action=ACTION_DOWN, actionButton=0, id[0]=0, x[0]=1053.0, y[0]=1173.0, toolType[0]=TOOL_TYPE_UNKNOWN, buttonState=0, metaState=0, flags=0x0, edgeFlags=0x0, pointerCount=1, historySize=0, eventTime=885029701, downTime=885029701, deviceId=0, source=0x1002 }
08-06 13:50:13.300  5340  5340 I Input   : injectMotionEvent: MotionEvent { action=ACTION_UP, actionButton=0, id[0]=0, x[0]=1053.0, y[0]=1173.0, toolType[0]=TOOL_TYPE_UNKNOWN, buttonState=0, metaState=0, flags=0x0, edgeFlags=0x0, pointerCount=1, historySize=0, eventTime=885029701, downTime=885029701, deviceId=0, source=0x1002 }
08-06 13:50:13.303   918  3714 I ActivityManager: START u0 {cmp=baseline.appteam.nith.hillffair/.activities.QuizActivity} from uid 10697 on display 0
08-06 13:50:13.313  5340  5340 D AndroidRuntime: Shutting down VM
08-06 13:50:13.443  3330  4220 I art     : Starting a blocking GC Explicit
08-06 13:50:13.444   918   936 I ActivityManager: Displayed baseline.appteam.nith.hillffair/.activities.QuizActivity: +131ms
08-06 13:50:13.445 13866 13866 I GoogleInputMethodServic: GoogleInputMethodService.onFinishInput():3138 
08-06 13:50:13.445 13866 13866 I GoogleInputMethodServic: GoogleInputMethodService.onStartInput():1808 
08-06 13:50:13.469  3330  4220 I art     : Explicit concurrent mark sweep GC freed 2169(142KB) AllocSpace objects, 1(20KB) LOS objects, 23% free, 52MB/68MB, paused 625us total 25.367ms
08-06 13:50:13.481  3330  4220 I art     : Starting a blocking GC Explicit
08-06 13:50:13.505  3330  4220 I art     : Explicit concurrent mark sweep GC freed 197(8KB) AllocSpace objects, 0(0B) LOS objects, 23% free, 52MB/68MB, paused 525us total 24.002ms
08-06 13:50:13.515  3330  4220 I art     : Starting a blocking GC Explicit
08-06 13:50:13.538  3330  4220 I art     : Explicit concurrent mark sweep GC freed 30(1248B) AllocSpace objects, 0(0B) LOS objects, 23% free, 52MB/68MB, paused 531us total 22.087ms
08-06 13:50:13.548  3330  4220 I art     : Starting a blocking GC Explicit
08-06 13:50:13.572  3330  4220 I art     : Explicit concurrent mark sweep GC freed 3(96B) AllocSpace objects, 0(0B) LOS objects, 23% free, 52MB/68MB, paused 527us total 23.393ms
08-06 13:50:13.582  3330  4220 I art     : Starting a blocking GC Explicit
08-06 13:50:13.609  3330  4220 I art     : Explicit concurrent mark sweep GC freed 3(96B) AllocSpace objects, 0(0B) LOS objects, 23% free, 52MB/68MB, paused 563us total 26.631ms
08-06 13:50:13.681   380   380 W SurfaceFlinger: couldn't log to binary event log: overflow.
08-06 13:50:13.890  3330  3341 I art     : Starting a blocking GC Explicit
08-06 13:50:13.918  3330  3341 I art     : Explicit concurrent mark sweep GC freed 1412(82KB) AllocSpace objects, 1(20KB) LOS objects, 23% free, 52MB/68MB, paused 608us total 27.508ms
08-06 13:50:13.931  3330  3341 I art     : Starting a blocking GC Explicit
08-06 13:50:13.957  3330  3341 I art     : Explicit concurrent mark sweep GC freed 20(704B) AllocSpace objects, 0(0B) LOS objects, 23% free, 52MB/68MB, paused 550us total 25.605ms
08-06 13:50:13.968  3330  3341 I art     : Starting a blocking GC Explicit
08-06 13:50:13.993  3330  3341 I art     : Explicit concurrent mark sweep GC freed 3(96B) AllocSpace objects, 0(0B) LOS objects, 23% free, 52MB/68MB, paused 574us total 25.159ms
08-06 13:50:14.004  3330  3341 I art     : Starting a blocking GC Explicit
08-06 13:50:14.030  3330  3341 I art     : Explicit concurrent mark sweep GC freed 3(96B) AllocSpace objects, 0(0B) LOS objects, 23% free, 52MB/68MB, paused 562us total 25.757ms
08-06 13:50:14.041  3330  3341 I art     : Starting a blocking GC Explicit
08-06 13:50:14.067  3330  3341 I art     : Explicit concurrent mark sweep GC freed 3(96B) AllocSpace objects, 0(0B) LOS objects, 23% free, 52MB/68MB, paused 599us total 25.933ms
08-06 13:50:14.361  3330  3442 I art     : Starting a blocking GC Explicit
08-06 13:50:14.393  3330  3442 I art     : Explicit concurrent mark sweep GC freed 1342(78KB) AllocSpace objects, 1(20KB) LOS objects, 23% free, 52MB/68MB, paused 597us total 31.022ms
08-06 13:50:14.408  3330  3442 I art     : Starting a blocking GC Explicit
08-06 13:50:14.437  3330  3442 I art     : Explicit concurrent mark sweep GC freed 20(704B) AllocSpace objects, 0(0B) LOS objects, 23% free, 52MB/68MB, paused 676us total 28.142ms
08-06 13:50:14.448  3330  3442 I art     : Starting a blocking GC Explicit
08-06 13:50:14.474  3330  3442 I art     : Explicit concurrent mark sweep GC freed 3(96B) AllocSpace objects, 0(0B) LOS objects, 23% free, 52MB/68MB, paused 570us total 25.961ms
08-06 13:50:14.485  3330  3442 I art     : Starting a blocking GC Explicit
08-06 13:50:14.511  3330  3442 I art     : Explicit concurrent mark sweep GC freed 3(96B) AllocSpace objects, 0(0B) LOS objects, 23% free, 52MB/68MB, paused 568us total 25.612ms
08-06 13:50:14.522  3330  3442 I art     : Starting a blocking GC Explicit
08-06 13:50:14.549  3330  3442 I art     : Explicit concurrent mark sweep GC freed 3(96B) AllocSpace objects, 0(0B) LOS objects, 23% free, 52MB/68MB, paused 567us total 26.082ms
08-06 13:50:14.867  3330  4220 I art     : Starting a blocking GC Explicit
08-06 13:50:14.900  3330  4220 I art     : Explicit concurrent mark sweep GC freed 1342(78KB) AllocSpace objects, 1(20KB) LOS objects, 23% free, 52MB/68MB, paused 717us total 33.407ms
08-06 13:50:14.914  3330  4220 I art     : Starting a blocking GC Explicit
08-06 13:50:14.942  3330  4220 I art     : Explicit concurrent mark sweep GC freed 20(704B) AllocSpace objects, 0(0B) LOS objects, 23% free, 52MB/68MB, paused 583us total 27.911ms
08-06 13:50:14.954  3330  4220 I art     : Starting a blocking GC Explicit
08-06 13:50:14.980  3330  4220 I art     : Explicit concurrent mark sweep GC freed 5(160B) AllocSpace objects, 0(0B) LOS objects, 23% free, 52MB/68MB, paused 589us total 26.222ms
08-06 13:50:14.993  3330  4220 I art     : Starting a blocking GC Explicit
08-06 13:50:15.020  3330  4220 I art     : Explicit concurrent mark sweep GC freed 8(256B) AllocSpace objects, 0(0B) LOS objects, 23% free, 52MB/68MB, paused 531us total 26.498ms
08-06 13:50:15.031  3330  4220 I art     : Starting a blocking GC Explicit
08-06 13:50:15.055  3330  4220 I art     : Explicit concurrent mark sweep GC freed 7(224B) AllocSpace objects, 0(0B) LOS objects, 23% free, 52MB/68MB, paused 539us total 23.625ms
08-06 13:50:15.389  3330  3341 I art     : Starting a blocking GC Explicit
08-06 13:50:15.422  3330  3341 I art     : Explicit concurrent mark sweep GC freed 1359(78KB) AllocSpace objects, 1(20KB) LOS objects, 23% free, 52MB/68MB, paused 623us total 32.370ms
08-06 13:50:15.435  3330  3341 I art     : Starting a blocking GC Explicit
08-06 13:50:15.463  3330  3341 I art     : Explicit concurrent mark sweep GC freed 20(704B) AllocSpace objects, 0(0B) LOS objects, 23% free, 52MB/68MB, paused 555us total 28.043ms
08-06 13:50:15.474  3330  3341 I art     : Starting a blocking GC Explicit
08-06 13:50:15.501  3330  3341 I art     : Explicit concurrent mark sweep GC freed 3(96B) AllocSpace objects, 0(0B) LOS objects, 23% free, 52MB/68MB, paused 542us total 26.612ms
08-06 13:50:15.513  3330  3341 I art     : Starting a blocking GC Explicit
08-06 13:50:15.541  3330  3341 I art     : Explicit concurrent mark sweep GC freed 3(96B) AllocSpace objects, 0(0B) LOS objects, 23% free, 52MB/68MB, paused 546us total 28.150ms
08-06 13:50:15.552  3330  3341 I art     : Starting a blocking GC Explicit
08-06 13:50:15.578  3330  3341 I art     : Explicit concurrent mark sweep GC freed 3(96B) AllocSpace objects, 0(0B) LOS objects, 23% free, 52MB/68MB, paused 532us total 25.738ms
08-06 13:50:15.905  3330  4220 I art     : Starting a blocking GC Explicit
08-06 13:50:15.936  3330  4220 I art     : Explicit concurrent mark sweep GC freed 1342(78KB) AllocSpace objects, 1(20KB) LOS objects, 23% free, 52MB/68MB, paused 730us total 30.564ms
08-06 13:50:15.950  3330  4220 I art     : Starting a blocking GC Explicit
08-06 13:50:15.976  3330  4220 I art     : Explicit concurrent mark sweep GC freed 20(704B) AllocSpace objects, 0(0B) LOS objects, 23% free, 52MB/68MB, paused 567us total 26.002ms
08-06 13:50:15.987  3330  4220 I art     : Starting a blocking GC Explicit
08-06 13:50:16.013  3330  4220 I art     : Explicit concurrent mark sweep GC freed 3(96B) AllocSpace objects, 0(0B) LOS objects, 23% free, 52MB/68MB, paused 593us total 26.151ms
08-06 13:50:16.024  3330  4220 I art     : Starting a blocking GC Explicit
08-06 13:50:16.051  3330  4220 I art     : Explicit concurrent mark sweep GC freed 3(96B) AllocSpace objects, 0(0B) LOS objects, 23% free, 52MB/68MB, paused 594us total 26.696ms
08-06 13:50:16.063  3330  4220 I art     : Starting a blocking GC Explicit
08-06 13:50:16.089  3330  4220 I art     : Explicit concurrent mark sweep GC freed 3(96B) AllocSpace objects, 0(0B) LOS objects, 23% free, 52MB/68MB, paused 588us total 26.351ms
08-06 13:50:16.136  5414  5414 D AndroidRuntime: >>>>>> START com.android.internal.os.RuntimeInit uid 2000 <<<<<<
08-06 13:50:16.143  5414  5414 D AndroidRuntime: CheckJNI is OFF
08-06 13:50:16.188  5414  5414 D ICU     : No timezone override file found: /data/misc/zoneinfo/current/icu/icu_tzdata.dat
08-06 13:50:16.236  5414  5414 I Radio-JNI: register_android_hardware_Radio DONE
08-06 13:50:16.266  5414  5414 D AndroidRuntime: Calling main entry com.android.commands.input.Input
08-06 13:50:16.268  5414  5414 I Input   : injectMotionEvent: MotionEvent { action=ACTION_DOWN, actionButton=0, id[0]=0, x[0]=756.0, y[0]=1530.0, toolType[0]=TOOL_TYPE_UNKNOWN, buttonState=0, metaState=0, flags=0x0, edgeFlags=0x0, pointerCount=1, historySize=0, eventTime=885032681, downTime=885032681, deviceId=0, source=0x1002 }
08-06 13:50:16.275  5414  5414 I Input   : injectMotionEvent: MotionEvent { action=ACTION_UP, actionButton=0, id[0]=0, x[0]=756.0, y[0]=1530.0, toolType[0]=TOOL_TYPE_UNKNOWN, buttonState=0, metaState=0, flags=0x0, edgeFlags=0x0, pointerCount=1, historySize=0, eventTime=885032681, downTime=885032681, deviceId=0, source=0x1002 }
08-06 13:50:16.277  5414  5414 D AndroidRuntime: Shutting down VM
08-06 13:50:16.289   918  3961 I ActivityManager: START u0 {cmp=baseline.appteam.nith.hillffair/.activities.LeaderBoardActivity} from uid 10697 on display 0
08-06 13:50:16.289   512  2967 D audio_hw_primary: out_set_parameters: enter: usecase(1: low-latency-playback) kvpairs: routing=2
08-06 13:50:16.303   512  2967 D audio_hw_primary: select_devices: out_snd_device(2: speaker) in_snd_device(0: none)
08-06 13:50:16.303   512  2967 D msm8974_platform: platform_send_audio_calibration: sending audio calibration for snd_device(2) acdb_id(15)
08-06 13:50:16.303   512  2967 I soundtrigger: audio_extn_sound_trigger_update_device_status: device 0x2 of type 0 for Event 1
08-06 13:50:16.313   512  2967 D audio_hw_primary: enable_snd_device: snd_device(2: speaker)
08-06 13:50:16.316   512  2967 D audio_hw_primary: enable_audio_route: apply and update mixer path: low-latency-playback speaker
08-06 13:50:16.401  3330  3341 I art     : Starting a blocking GC Explicit
08-06 13:50:16.407  3330  3330 E RecyclerView: No adapter attached; skipping layout
08-06 13:50:16.410  3330  3330 E RecyclerView: No adapter attached; skipping layout
08-06 13:50:16.430  3330  3341 I art     : Explicit concurrent mark sweep GC freed 6424(377KB) AllocSpace objects, 1(20KB) LOS objects, 23% free, 52MB/68MB, paused 784us total 29.053ms
08-06 13:50:16.440 13866 13866 I GoogleInputMethodServic: GoogleInputMethodService.onFinishInput():3138 
08-06 13:50:16.441 13866 13866 I GoogleInputMethodServic: GoogleInputMethodService.onStartInput():1808 
08-06 13:50:16.441   918   936 I ActivityManager: Displayed baseline.appteam.nith.hillffair/.activities.LeaderBoardActivity: +142ms
08-06 13:50:16.441  3330  3330 E RecyclerView: No adapter attached; skipping layout
08-06 13:50:16.443  3330  3341 I art     : Starting a blocking GC Explicit
08-06 13:50:16.470  3330  3341 I art     : Explicit concurrent mark sweep GC freed 303(13KB) AllocSpace objects, 0(0B) LOS objects, 23% free, 52MB/68MB, paused 616us total 27.222ms
08-06 13:50:16.473  3330  3365 D OpenGLRenderer: endAllStagingAnimators on 0x7f7d83e000 (RippleDrawable) with handle 0x7f99f099c0
08-06 13:50:16.482  3330  3341 I art     : Starting a blocking GC Explicit
08-06 13:50:16.506  3330  3341 I art     : Explicit concurrent mark sweep GC freed 16(640B) AllocSpace objects, 0(0B) LOS objects, 23% free, 52MB/68MB, paused 588us total 23.822ms
08-06 13:50:16.516  3330  3341 I art     : Starting a blocking GC Explicit
08-06 13:50:16.539  3330  3341 I art     : Explicit concurrent mark sweep GC freed 13(416B) AllocSpace objects, 0(0B) LOS objects, 23% free, 52MB/68MB, paused 574us total 23.134ms
08-06 13:50:16.550  3330  3341 I art     : Starting a blocking GC Explicit
08-06 13:50:16.577  3330  3341 I art     : Explicit concurrent mark sweep GC freed 5(160B) AllocSpace objects, 0(0B) LOS objects, 23% free, 52MB/68MB, paused 613us total 27.228ms
08-06 13:50:16.667   380   380 W SurfaceFlinger: couldn't log to binary event log: overflow.
08-06 13:50:16.859   512  2967 D audio_hw_primary: disable_audio_route: reset and update mixer path: low-latency-playback speaker
08-06 13:50:16.860   512  2967 D audio_hw_primary: disable_snd_device: snd_device(2: speaker)
08-06 13:50:16.863  3330  3442 I art     : Starting a blocking GC Explicit
08-06 13:50:16.868   512  2967 I soundtrigger: audio_extn_sound_trigger_update_device_status: device 0x2 of type 0 for Event 0
08-06 13:50:16.889  3330  3442 I art     : Explicit concurrent mark sweep GC freed 1517(87KB) AllocSpace objects, 1(20KB) LOS objects, 23% free, 52MB/68MB, paused 621us total 26.209ms
08-06 13:50:16.900  3330  3442 I art     : Starting a blocking GC Explicit
08-06 13:50:16.926  3330  3442 I art     : Explicit concurrent mark sweep GC freed 45(1552B) AllocSpace objects, 0(0B) LOS objects, 23% free, 52MB/68MB, paused 676us total 25.468ms
08-06 13:50:16.937  3330  3442 I art     : Starting a blocking GC Explicit
08-06 13:50:16.963  3330  3442 I art     : Explicit concurrent mark sweep GC freed 12(464B) AllocSpace objects, 0(0B) LOS objects, 23% free, 52MB/68MB, paused 647us total 25.636ms
08-06 13:50:16.973  3330  3442 I art     : Starting a blocking GC Explicit
08-06 13:50:16.999  3330  3442 I art     : Explicit concurrent mark sweep GC freed 15(544B) AllocSpace objects, 0(0B) LOS objects, 23% free, 52MB/68MB, paused 630us total 25.800ms
08-06 13:50:17.010  3330  3442 I art     : Starting a blocking GC Explicit
08-06 13:50:17.036  3330  3442 I art     : Explicit concurrent mark sweep GC freed 15(560B) AllocSpace objects, 0(0B) LOS objects, 23% free, 52MB/68MB, paused 722us total 26.227ms
08-06 13:50:17.143  3330  5447 D OkHttp  : --> GET https://api-hillfair-2k16.herokuapp.com/api/app/quiz/leaderboard?from=1 http/1.1
08-06 13:50:17.177  3330  5447 D OkHttp  : <-- 200 OK https://api-hillfair-2k16.herokuapp.com/api/app/quiz/leaderboard?from=1 (33ms, 56744-byte body)
08-06 13:50:17.252  3330  3330 I NAPPA_EXPERIMENTATION: MetricNetworkRequestExecutionTime: REQUEST_DURATION_SYSTEM='911',REQUEST_DURATION_OKHTTP='34',REQUEST_SYNCHRONOUS='FALSE',RESPONSE_CODE='200',RESPONSE_METHOD='GET',RESPONSE_LENGTH_OKHTTP='56744',RESPONSE_LENGTH_HEADER='56744',REQUEST_PROTOCOL='http/1.1',REQUEST_URL='https://api-hillfair-2k16.herokuapp.com/api/app/quiz/leaderboard?from=1',
08-06 13:50:17.311  3330  4220 I art     : Starting a blocking GC Explicit
08-06 13:50:17.342  3330  4220 I art     : Explicit concurrent mark sweep GC freed 30241(1450KB) AllocSpace objects, 4(220KB) LOS objects, 23% free, 52MB/68MB, paused 738us total 30.990ms
08-06 13:50:17.355  3330  4220 I art     : Starting a blocking GC Explicit
08-06 13:50:17.382  3330  4220 I art     : Explicit concurrent mark sweep GC freed 1141(122KB) AllocSpace objects, 0(0B) LOS objects, 23% free, 52MB/68MB, paused 571us total 26.095ms
08-06 13:50:17.393  3330  4220 I art     : Starting a blocking GC Explicit
08-06 13:50:17.421  3330  4220 I art     : Explicit concurrent mark sweep GC freed 5(192B) AllocSpace objects, 0(0B) LOS objects, 23% free, 52MB/68MB, paused 603us total 27.199ms
08-06 13:50:17.432  3330  4220 I art     : Starting a blocking GC Explicit
08-06 13:50:17.461  3330  4220 I art     : Explicit concurrent mark sweep GC freed 3(96B) AllocSpace objects, 0(0B) LOS objects, 23% free, 52MB/68MB, paused 605us total 28.468ms
08-06 13:50:17.472  3330  4220 I art     : Starting a blocking GC Explicit
08-06 13:50:17.501  3330  4220 I art     : Explicit concurrent mark sweep GC freed 3(96B) AllocSpace objects, 0(0B) LOS objects, 23% free, 52MB/68MB, paused 581us total 28.524ms
08-06 13:50:17.811  3330  3442 I art     : Starting a blocking GC Explicit
08-06 13:50:17.845  3330  3442 I art     : Explicit concurrent mark sweep GC freed 1347(78KB) AllocSpace objects, 1(20KB) LOS objects, 23% free, 52MB/68MB, paused 655us total 34.079ms
08-06 13:50:17.858  3330  3442 I art     : Starting a blocking GC Explicit
08-06 13:50:17.890  3330  3442 I art     : Explicit concurrent mark sweep GC freed 20(704B) AllocSpace objects, 0(0B) LOS objects, 23% free, 52MB/68MB, paused 600us total 31.474ms
08-06 13:50:17.902  3330  3442 I art     : Starting a blocking GC Explicit
08-06 13:50:17.933  3330  3442 I art     : Explicit concurrent mark sweep GC freed 3(96B) AllocSpace objects, 0(0B) LOS objects, 23% free, 52MB/68MB, paused 675us total 30.555ms
08-06 13:50:17.945  3330  3442 I art     : Starting a blocking GC Explicit
08-06 13:50:17.977  3330  3442 I art     : Explicit concurrent mark sweep GC freed 3(96B) AllocSpace objects, 0(0B) LOS objects, 23% free, 52MB/68MB, paused 632us total 31.485ms
08-06 13:50:17.989  3330  3442 I art     : Starting a blocking GC Explicit
08-06 13:50:18.019  3330  3442 I art     : Explicit concurrent mark sweep GC freed 3(96B) AllocSpace objects, 0(0B) LOS objects, 23% free, 52MB/68MB, paused 626us total 30.301ms
08-06 13:50:18.365  3330  3341 I art     : Starting a blocking GC Explicit
08-06 13:50:18.403  3330  3341 I art     : Explicit concurrent mark sweep GC freed 1347(78KB) AllocSpace objects, 1(20KB) LOS objects, 23% free, 52MB/68MB, paused 733us total 37.784ms
08-06 13:50:18.418  3330  3341 I art     : Starting a blocking GC Explicit
08-06 13:50:18.448  3330  3341 I art     : Explicit concurrent mark sweep GC freed 20(704B) AllocSpace objects, 0(0B) LOS objects, 23% free, 52MB/68MB, paused 695us total 30.235ms
08-06 13:50:18.460  3330  3341 I art     : Starting a blocking GC Explicit
08-06 13:50:18.492  3330  3341 I art     : Explicit concurrent mark sweep GC freed 3(96B) AllocSpace objects, 0(0B) LOS objects, 23% free, 52MB/68MB, paused 639us total 31.533ms
08-06 13:50:18.504  3330  3341 I art     : Starting a blocking GC Explicit
08-06 13:50:18.534  3330  3341 I art     : Explicit concurrent mark sweep GC freed 3(96B) AllocSpace objects, 0(0B) LOS objects, 23% free, 52MB/68MB, paused 615us total 30.372ms
08-06 13:50:18.546  3330  3341 I art     : Starting a blocking GC Explicit
08-06 13:50:18.578  3330  3341 I art     : Explicit concurrent mark sweep GC freed 3(96B) AllocSpace objects, 0(0B) LOS objects, 23% free, 52MB/68MB, paused 656us total 31.657ms
08-06 13:50:18.914  3330  3348 I art     : Starting a blocking GC Explicit
08-06 13:50:18.956  3330  3348 I art     : Explicit concurrent mark sweep GC freed 1347(78KB) AllocSpace objects, 1(20KB) LOS objects, 23% free, 52MB/68MB, paused 702us total 41.964ms
08-06 13:50:18.958  3330  3340 I art     : WaitForGcToComplete blocked for 39.115ms for cause HeapTrim
08-06 13:50:18.972  3330  3348 I art     : Starting a blocking GC Explicit
08-06 13:50:19.004  3330  3348 I art     : Explicit concurrent mark sweep GC freed 20(704B) AllocSpace objects, 0(0B) LOS objects, 23% free, 52MB/68MB, paused 577us total 31.544ms
08-06 13:50:19.016  3330  3348 I art     : Starting a blocking GC Explicit
08-06 13:50:19.048  3330  3348 I art     : Explicit concurrent mark sweep GC freed 3(96B) AllocSpace objects, 0(0B) LOS objects, 23% free, 52MB/68MB, paused 660us total 31.155ms
08-06 13:50:19.060  3330  3348 I art     : Starting a blocking GC Explicit
08-06 13:50:19.091  3330  3348 I art     : Explicit concurrent mark sweep GC freed 3(96B) AllocSpace objects, 0(0B) LOS objects, 23% free, 52MB/68MB, paused 627us total 31.524ms
08-06 13:50:19.103  3330  3348 I art     : Starting a blocking GC Explicit
08-06 13:50:19.133  3330  3348 I art     : Explicit concurrent mark sweep GC freed 3(96B) AllocSpace objects, 0(0B) LOS objects, 23% free, 52MB/68MB, paused 613us total 29.077ms
08-06 13:50:19.457  3330  4220 I art     : Starting a blocking GC Explicit
08-06 13:50:19.491  3330  4220 I art     : Explicit concurrent mark sweep GC freed 1347(78KB) AllocSpace objects, 1(20KB) LOS objects, 23% free, 52MB/68MB, paused 611us total 33.799ms
08-06 13:50:19.502  3330  4220 I art     : Starting a blocking GC Explicit
08-06 13:50:19.533  3330  4220 I art     : Explicit concurrent mark sweep GC freed 20(704B) AllocSpace objects, 0(0B) LOS objects, 23% free, 52MB/68MB, paused 641us total 30.681ms
08-06 13:50:19.545  3330  4220 I art     : Starting a blocking GC Explicit
08-06 13:50:19.577  3330  4220 I art     : Explicit concurrent mark sweep GC freed 3(96B) AllocSpace objects, 0(0B) LOS objects, 23% free, 52MB/68MB, paused 685us total 31.486ms
08-06 13:50:19.589  3330  4220 I art     : Starting a blocking GC Explicit
08-06 13:50:19.620  3330  4220 I art     : Explicit concurrent mark sweep GC freed 3(96B) AllocSpace objects, 0(0B) LOS objects, 23% free, 52MB/68MB, paused 579us total 30.521ms
08-06 13:50:19.631  3330  4220 I art     : Starting a blocking GC Explicit
08-06 13:50:19.663  3330  4220 I art     : Explicit concurrent mark sweep GC freed 3(96B) AllocSpace objects, 0(0B) LOS objects, 23% free, 52MB/68MB, paused 618us total 31.383ms
08-06 13:50:19.993  3330  3442 I art     : Starting a blocking GC Explicit
08-06 13:50:20.032  3330  3442 I art     : Explicit concurrent mark sweep GC freed 1347(78KB) AllocSpace objects, 1(20KB) LOS objects, 23% free, 52MB/68MB, paused 669us total 38.202ms
08-06 13:50:20.048  3330  3442 I art     : Starting a blocking GC Explicit
08-06 13:50:20.078  3330  3442 I art     : Explicit concurrent mark sweep GC freed 20(704B) AllocSpace objects, 0(0B) LOS objects, 23% free, 52MB/68MB, paused 666us total 30.306ms
08-06 13:50:20.090  3330  3442 I art     : Starting a blocking GC Explicit
08-06 13:50:20.122  3330  3442 I art     : Explicit concurrent mark sweep GC freed 3(96B) AllocSpace objects, 0(0B) LOS objects, 23% free, 52MB/68MB, paused 574us total 31.297ms
08-06 13:50:20.133  3330  3442 I art     : Starting a blocking GC Explicit
08-06 13:50:20.165  3330  3442 I art     : Explicit concurrent mark sweep GC freed 3(96B) AllocSpace objects, 0(0B) LOS objects, 23% free, 52MB/68MB, paused 610us total 31.245ms
08-06 13:50:20.177  3330  3442 I art     : Starting a blocking GC Explicit
08-06 13:50:20.208  3330  3442 I art     : Explicit concurrent mark sweep GC freed 3(96B) AllocSpace objects, 0(0B) LOS objects, 23% free, 52MB/68MB, paused 634us total 31.195ms
08-06 13:50:20.252 28167 28169 E QC-QMI  : qmi_client [28167] 61d: failed to locate client data
08-06 13:50:20.253   519   519 E QC-QMI  : qmuxd: RX on fd=18 returned error=0 errno[2:No such file or directory]
08-06 13:50:20.254   519   519 E QC-QMI  : QMUX qmux_client_id=61d not found in qmux client list, unable to remove
08-06 13:50:20.259 28167 28167 I Atfwd_Daemon: Stop the daemon....
08-06 13:50:20.299  5524  5524 W ATFWD-daemon: type=1400 audit(0.0:740202): avc: denied { read write } for name="diag" dev="tmpfs" ino=1296 scontext=u:r:atfwd:s0 tcontext=u:object_r:diag_device:s0 tclass=chr_file permissive=0
08-06 13:50:20.314  5524  5524 I libmdmdetect: ESOC framework not supported
08-06 13:50:20.315  5524  5524 I libmdmdetect: Found internal modem: modem
08-06 13:50:20.316  5524  5524 E Diag_Lib:  Diag_LSM_Init: Failed to open handle to diag driver, error = 13
08-06 13:50:20.326  5524  5524 I Atfwd_Daemon: result : 255 	 ,Init step :0 	 ,qmiErrorCode: 0
08-06 13:50:20.327  5524  5524 I Atfwd_Daemon: result : 0 	 ,Init step :1 	 ,qmiErrorCode: 0
08-06 13:50:20.328  5524  5524 I ServiceManager: Waiting for service AtCmdFwd...
08-06 13:50:20.521  3330  3341 I art     : Starting a blocking GC Explicit
08-06 13:50:20.552  3330  3341 I art     : Explicit concurrent mark sweep GC freed 1347(78KB) AllocSpace objects, 1(20KB) LOS objects, 23% free, 52MB/68MB, paused 608us total 30.134ms
08-06 13:50:20.563  3330  3341 I art     : Starting a blocking GC Explicit
08-06 13:50:20.590  3330  3341 I art     : Explicit concurrent mark sweep GC freed 20(704B) AllocSpace objects, 0(0B) LOS objects, 23% free, 52MB/68MB, paused 608us total 27.480ms
08-06 13:50:20.602  3330  3341 I art     : Starting a blocking GC Explicit
08-06 13:50:20.629  3330  3341 I art     : Explicit concurrent mark sweep GC freed 3(96B) AllocSpace objects, 0(0B) LOS objects, 23% free, 52MB/68MB, paused 572us total 26.809ms
08-06 13:50:20.640  3330  3341 I art     : Starting a blocking GC Explicit
08-06 13:50:20.668  3330  3341 I art     : Explicit concurrent mark sweep GC freed 3(96B) AllocSpace objects, 0(0B) LOS objects, 23% free, 52MB/68MB, paused 646us total 27.646ms
08-06 13:50:20.680  3330  3341 I art     : Starting a blocking GC Explicit
08-06 13:50:20.707  3330  3341 I art     : Explicit concurrent mark sweep GC freed 3(96B) AllocSpace objects, 0(0B) LOS objects, 23% free, 52MB/68MB, paused 609us total 26.823ms
08-06 13:50:21.008  3330  3348 I art     : Starting a blocking GC Explicit
08-06 13:50:21.039  3330  3348 I art     : Explicit concurrent mark sweep GC freed 1347(78KB) AllocSpace objects, 1(20KB) LOS objects, 23% free, 52MB/68MB, paused 726us total 30.769ms
08-06 13:50:21.054  3330  3348 I art     : Starting a blocking GC Explicit
08-06 13:50:21.060  5538  5538 D AndroidRuntime: >>>>>> START com.android.internal.os.RuntimeInit uid 2000 <<<<<<
08-06 13:50:21.066  5538  5538 D AndroidRuntime: CheckJNI is OFF
08-06 13:50:21.083  3330  3348 I art     : Explicit concurrent mark sweep GC freed 20(704B) AllocSpace objects, 0(0B) LOS objects, 23% free, 52MB/68MB, paused 632us total 28.813ms
08-06 13:50:21.094  3330  3348 I art     : Starting a blocking GC Explicit
08-06 13:50:21.112  5538  5538 D ICU     : No timezone override file found: /data/misc/zoneinfo/current/icu/icu_tzdata.dat
08-06 13:50:21.123  3330  3348 I art     : Explicit concurrent mark sweep GC freed 3(96B) AllocSpace objects, 0(0B) LOS objects, 23% free, 52MB/68MB, paused 663us total 28.654ms
08-06 13:50:21.135  3330  3348 I art     : Starting a blocking GC Explicit
08-06 13:50:21.161  5538  5538 I Radio-JNI: register_android_hardware_Radio DONE
08-06 13:50:21.164  3330  3348 I art     : Explicit concurrent mark sweep GC freed 3(96B) AllocSpace objects, 0(0B) LOS objects, 23% free, 52MB/68MB, paused 677us total 28.613ms
08-06 13:50:21.175  3330  3348 I art     : Starting a blocking GC Explicit
08-06 13:50:21.191  5538  5538 D AndroidRuntime: Calling main entry com.android.commands.input.Input
08-06 13:50:21.193  5538  5538 I Input   : injectKeyEvent: KeyEvent { action=ACTION_DOWN, keyCode=KEYCODE_BACK, scanCode=0, metaState=0, flags=0x0, repeatCount=0, eventTime=885037606, downTime=885037606, deviceId=-1, source=0x101 }
08-06 13:50:21.199  5538  5538 I Input   : injectKeyEvent: KeyEvent { action=ACTION_UP, keyCode=KEYCODE_BACK, scanCode=0, metaState=0, flags=0x0, repeatCount=0, eventTime=885037606, downTime=885037606, deviceId=-1, source=0x101 }
08-06 13:50:21.203  3330  3348 I art     : Explicit concurrent mark sweep GC freed 5(208B) AllocSpace objects, 0(0B) LOS objects, 23% free, 52MB/68MB, paused 683us total 28.354ms
08-06 13:50:21.205  5538  5538 D AndroidRuntime: Shutting down VM
08-06 13:50:21.213   518   646 I ThermalEngine: ACTION: GPU - Setting GPU[0] to 510000000
08-06 13:50:21.242 13866 13866 I GoogleInputMethodServic: GoogleInputMethodService.onFinishInput():3138 
08-06 13:50:21.243 13866 13866 I GoogleInputMethodServic: GoogleInputMethodService.onStartInput():1808 
08-06 13:50:21.328  5524  5524 I ServiceManager: Waiting for service AtCmdFwd...
08-06 13:50:21.472  3330  3341 I art     : Starting a blocking GC Explicit
08-06 13:50:21.501  3330  3341 I art     : Explicit concurrent mark sweep GC freed 1483(84KB) AllocSpace objects, 1(20KB) LOS objects, 23% free, 52MB/68MB, paused 451us total 28.654ms
08-06 13:50:21.511  3330  3341 I art     : Starting a blocking GC Explicit
08-06 13:50:21.536  3330  3341 I art     : Explicit concurrent mark sweep GC freed 26(944B) AllocSpace objects, 0(0B) LOS objects, 23% free, 52MB/68MB, paused 445us total 24.589ms
08-06 13:50:21.546  3330  3341 I art     : Starting a blocking GC Explicit
08-06 13:50:21.556   380   380 W SurfaceFlinger: couldn't log to binary event log: overflow.
08-06 13:50:21.569  3330  3341 I art     : Explicit concurrent mark sweep GC freed 118(8KB) AllocSpace objects, 0(0B) LOS objects, 23% free, 52MB/68MB, paused 440us total 22.272ms
08-06 13:50:21.578  3330  3341 I art     : Starting a blocking GC Explicit
08-06 13:50:21.600  3330  3341 I art     : Explicit concurrent mark sweep GC freed 7(224B) AllocSpace objects, 0(0B) LOS objects, 23% free, 52MB/68MB, paused 463us total 22.057ms
08-06 13:50:21.609  3330  3341 I art     : Starting a blocking GC Explicit
08-06 13:50:21.629  3330  3341 I art     : Explicit concurrent mark sweep GC freed 4681(268KB) AllocSpace objects, 2(140KB) LOS objects, 23% free, 52MB/68MB, paused 443us total 20.013ms
08-06 13:50:21.917  3330  3348 I art     : Starting a blocking GC Explicit
08-06 13:50:21.947  3330  3348 I art     : Explicit concurrent mark sweep GC freed 1347(78KB) AllocSpace objects, 1(20KB) LOS objects, 23% free, 52MB/68MB, paused 640us total 30.429ms
08-06 13:50:21.960  3330  3348 I art     : Starting a blocking GC Explicit
08-06 13:50:21.985  3330  3348 I art     : Explicit concurrent mark sweep GC freed 20(704B) AllocSpace objects, 0(0B) LOS objects, 23% free, 52MB/68MB, paused 452us total 24.735ms
08-06 13:50:21.994  3330  3348 I art     : Starting a blocking GC Explicit
08-06 13:50:22.015  3330  3348 I art     : Explicit concurrent mark sweep GC freed 3(96B) AllocSpace objects, 0(0B) LOS objects, 23% free, 52MB/68MB, paused 467us total 21.701ms
08-06 13:50:22.024  3330  3348 I art     : Starting a blocking GC Explicit
08-06 13:50:22.046  3330  3348 I art     : Explicit concurrent mark sweep GC freed 3(96B) AllocSpace objects, 0(0B) LOS objects, 23% free, 52MB/68MB, paused 420us total 21.104ms
08-06 13:50:22.054  3330  3348 I art     : Starting a blocking GC Explicit
08-06 13:50:22.076  3330  3348 I art     : Explicit concurrent mark sweep GC freed 3(96B) AllocSpace objects, 0(0B) LOS objects, 23% free, 52MB/68MB, paused 448us total 21.246ms
08-06 13:50:22.161   918  3261 D WifiStateMachine: starting scan for "H369AA63323"WPA_PSK with 2412,5180
08-06 13:50:22.329  5524  5524 I ServiceManager: Waiting for service AtCmdFwd...
08-06 13:50:22.366  3330  3442 I art     : Starting a blocking GC Explicit
08-06 13:50:22.391  3330  3442 I art     : Explicit concurrent mark sweep GC freed 1359(79KB) AllocSpace objects, 1(20KB) LOS objects, 23% free, 52MB/68MB, paused 485us total 24.796ms
08-06 13:50:22.403  3330  3442 I art     : Starting a blocking GC Explicit
08-06 13:50:22.425  3330  3442 I art     : Explicit concurrent mark sweep GC freed 34(1136B) AllocSpace objects, 0(0B) LOS objects, 23% free, 52MB/68MB, paused 446us total 21.531ms
08-06 13:50:22.434  3330  3442 I art     : Starting a blocking GC Explicit
08-06 13:50:22.455  3330  3442 I art     : Explicit concurrent mark sweep GC freed 3(96B) AllocSpace objects, 0(0B) LOS objects, 23% free, 52MB/68MB, paused 413us total 20.229ms
08-06 13:50:22.463  3330  3442 I art     : Starting a blocking GC Explicit
08-06 13:50:22.483  3330  3442 I art     : Explicit concurrent mark sweep GC freed 3(96B) AllocSpace objects, 0(0B) LOS objects, 23% free, 52MB/68MB, paused 441us total 19.873ms
08-06 13:50:22.492  3330  3442 I art     : Starting a blocking GC Explicit
08-06 13:50:22.512  3330  3442 I art     : Explicit concurrent mark sweep GC freed 3(96B) AllocSpace objects, 0(0B) LOS objects, 23% free, 52MB/68MB, paused 434us total 19.708ms
08-06 13:50:22.776  3330  4220 I art     : Starting a blocking GC Explicit
08-06 13:50:22.798  3330  4220 I art     : Explicit concurrent mark sweep GC freed 1346(78KB) AllocSpace objects, 1(20KB) LOS objects, 23% free, 52MB/68MB, paused 486us total 21.452ms
08-06 13:50:22.807  3330  4220 I art     : Starting a blocking GC Explicit
08-06 13:50:22.827  3330  4220 I art     : Explicit concurrent mark sweep GC freed 20(704B) AllocSpace objects, 0(0B) LOS objects, 23% free, 52MB/68MB, paused 501us total 19.940ms
08-06 13:50:22.835  3330  4220 I art     : Starting a blocking GC Explicit
08-06 13:50:22.855  3330  4220 I art     : Explicit concurrent mark sweep GC freed 5(160B) AllocSpace objects, 0(0B) LOS objects, 23% free, 52MB/68MB, paused 422us total 19.576ms
08-06 13:50:22.864  3330  4220 I art     : Starting a blocking GC Explicit
08-06 13:50:22.869  5592  5592 D AndroidRuntime: >>>>>> START com.android.internal.os.RuntimeInit uid 2000 <<<<<<
08-06 13:50:22.874  5592  5592 D AndroidRuntime: CheckJNI is OFF
08-06 13:50:22.886  3330  4220 I art     : Explicit concurrent mark sweep GC freed 7(224B) AllocSpace objects, 0(0B) LOS objects, 23% free, 52MB/68MB, paused 422us total 21.899ms
08-06 13:50:22.894  3330  4220 I art     : Starting a blocking GC Explicit
08-06 13:50:22.908  5592  5592 D ICU     : No timezone override file found: /data/misc/zoneinfo/current/icu/icu_tzdata.dat
08-06 13:50:22.913  3330  4220 I art     : Explicit concurrent mark sweep GC freed 6(192B) AllocSpace objects, 0(0B) LOS objects, 23% free, 52MB/68MB, paused 403us total 18.442ms
08-06 13:50:22.941  5592  5592 I Radio-JNI: register_android_hardware_Radio DONE
08-06 13:50:22.961  5592  5592 D AndroidRuntime: Calling main entry com.android.commands.input.Input
08-06 13:50:22.962  5592  5592 I Input   : injectMotionEvent: MotionEvent { action=ACTION_DOWN, actionButton=0, id[0]=0, x[0]=648.0, y[0]=1050.0, toolType[0]=TOOL_TYPE_UNKNOWN, buttonState=0, metaState=0, flags=0x0, edgeFlags=0x0, pointerCount=1, historySize=0, eventTime=885039375, downTime=885039375, deviceId=0, source=0x1002 }
08-06 13:50:22.968  5592  5592 I Input   : injectMotionEvent: MotionEvent { action=ACTION_UP, actionButton=0, id[0]=0, x[0]=648.0, y[0]=1050.0, toolType[0]=TOOL_TYPE_UNKNOWN, buttonState=0, metaState=0, flags=0x0, edgeFlags=0x0, pointerCount=1, historySize=0, eventTime=885039375, downTime=885039375, deviceId=0, source=0x1002 }
08-06 13:50:22.969  5592  5592 D AndroidRuntime: Shutting down VM
08-06 13:50:22.976   918   929 I ActivityManager: START u0 {cmp=baseline.appteam.nith.hillffair/.activities.InformationActivity} from uid 10697 on display 0
08-06 13:50:22.978   512  2967 D audio_hw_primary: out_set_parameters: enter: usecase(1: low-latency-playback) kvpairs: routing=2
08-06 13:50:22.992   512  2967 D audio_hw_primary: select_devices: out_snd_device(2: speaker) in_snd_device(0: none)
08-06 13:50:22.992   512  2967 D msm8974_platform: platform_send_audio_calibration: sending audio calibration for snd_device(2) acdb_id(15)
08-06 13:50:22.992   512  2967 I soundtrigger: audio_extn_sound_trigger_update_device_status: device 0x2 of type 0 for Event 1
08-06 13:50:23.001   512  2967 D audio_hw_primary: enable_snd_device: snd_device(2: speaker)
08-06 13:50:23.003   512  2967 D audio_hw_primary: enable_audio_route: apply and update mixer path: low-latency-playback speaker
08-06 13:50:23.119   918   936 I ActivityManager: Displayed baseline.appteam.nith.hillffair/.activities.InformationActivity: +128ms
08-06 13:50:23.119 13866 13866 I GoogleInputMethodServic: GoogleInputMethodService.onFinishInput():3138 
08-06 13:50:23.120 13866 13866 I GoogleInputMethodServic: GoogleInputMethodService.onStartInput():1808 
08-06 13:50:23.140  3330  3365 D OpenGLRenderer: endAllStagingAnimators on 0x7f7d7fd800 (RippleDrawable) with handle 0x7f9a1f9480
08-06 13:50:23.161  3330  4220 I art     : Starting a blocking GC Explicit
08-06 13:50:23.185  3330  4220 I art     : Explicit concurrent mark sweep GC freed 2388(158KB) AllocSpace objects, 1(20KB) LOS objects, 23% free, 52MB/68MB, paused 535us total 23.138ms
08-06 13:50:23.194  3330  4220 I art     : Starting a blocking GC Explicit
08-06 13:50:23.213  3330  4220 I art     : Explicit concurrent mark sweep GC freed 198(8KB) AllocSpace objects, 0(0B) LOS objects, 23% free, 52MB/68MB, paused 439us total 19.100ms
08-06 13:50:23.221  3330  4220 I art     : Starting a blocking GC Explicit
08-06 13:50:23.241  3330  4220 I art     : Explicit concurrent mark sweep GC freed 3(96B) AllocSpace objects, 0(0B) LOS objects, 23% free, 52MB/68MB, paused 397us total 19.410ms
08-06 13:50:23.251  3330  4220 I art     : Starting a blocking GC Explicit
08-06 13:50:23.274  3330  4220 I art     : Explicit concurrent mark sweep GC freed 3(96B) AllocSpace objects, 0(0B) LOS objects, 23% free, 52MB/68MB, paused 395us total 22.512ms
08-06 13:50:23.283  3330  4220 I art     : Starting a blocking GC Explicit
08-06 13:50:23.308  3330  4220 I art     : Explicit concurrent mark sweep GC freed 3(96B) AllocSpace objects, 0(0B) LOS objects, 23% free, 52MB/68MB, paused 403us total 24.050ms
08-06 13:50:23.329  5524  5524 I ServiceManager: Waiting for service AtCmdFwd...
08-06 13:50:23.374   380   380 W SurfaceFlinger: couldn't log to binary event log: overflow.
08-06 13:50:23.538   512  2967 D audio_hw_primary: disable_audio_route: reset and update mixer path: low-latency-playback speaker
08-06 13:50:23.539   512  2967 D audio_hw_primary: disable_snd_device: snd_device(2: speaker)
08-06 13:50:23.547   512  2967 I soundtrigger: audio_extn_sound_trigger_update_device_status: device 0x2 of type 0 for Event 0
08-06 13:50:23.584  3330  3341 I art     : Starting a blocking GC Explicit
08-06 13:50:23.606  3330  3341 I art     : Explicit concurrent mark sweep GC freed 1445(84KB) AllocSpace objects, 1(20KB) LOS objects, 23% free, 52MB/68MB, paused 431us total 21.268ms
08-06 13:50:23.614  3330  3341 I art     : Starting a blocking GC Explicit
08-06 13:50:23.635  3330  3341 I art     : Explicit concurrent mark sweep GC freed 36(1216B) AllocSpace objects, 0(0B) LOS objects, 23% free, 52MB/68MB, paused 430us total 20.491ms
08-06 13:50:23.643  3330  3341 I art     : Starting a blocking GC Explicit
08-06 13:50:23.665  3330  3341 I art     : Explicit concurrent mark sweep GC freed 3(96B) AllocSpace objects, 0(0B) LOS objects, 23% free, 52MB/68MB, paused 576us total 21.467ms
08-06 13:50:23.675  3330  3341 I art     : Starting a blocking GC Explicit
08-06 13:50:23.696  3330  3341 I art     : Explicit concurrent mark sweep GC freed 3(96B) AllocSpace objects, 0(0B) LOS objects, 23% free, 52MB/68MB, paused 440us total 21.183ms
08-06 13:50:23.705  3330  3341 I art     : Starting a blocking GC Explicit
08-06 13:50:23.726  3330  3341 I art     : Explicit concurrent mark sweep GC freed 3(96B) AllocSpace objects, 0(0B) LOS objects, 23% free, 52MB/68MB, paused 438us total 21.228ms
08-06 13:50:24.016  3330  3442 I art     : Starting a blocking GC Explicit
08-06 13:50:24.044  3330  3442 I art     : Explicit concurrent mark sweep GC freed 1347(78KB) AllocSpace objects, 1(20KB) LOS objects, 23% free, 52MB/68MB, paused 546us total 27.249ms
08-06 13:50:24.054  3330  3442 I art     : Starting a blocking GC Explicit
08-06 13:50:24.076  3330  3442 I art     : Explicit concurrent mark sweep GC freed 20(704B) AllocSpace objects, 0(0B) LOS objects, 23% free, 52MB/68MB, paused 439us total 21.824ms
08-06 13:50:24.084  3330  3442 I art     : Starting a blocking GC Explicit
08-06 13:50:24.106  3330  3442 I art     : Explicit concurrent mark sweep GC freed 3(96B) AllocSpace objects, 0(0B) LOS objects, 23% free, 52MB/68MB, paused 506us total 21.491ms
08-06 13:50:24.115  3330  3442 I art     : Starting a blocking GC Explicit
08-06 13:50:24.137  3330  3442 I art     : Explicit concurrent mark sweep GC freed 3(96B) AllocSpace objects, 0(0B) LOS objects, 23% free, 52MB/68MB, paused 502us total 21.649ms
08-06 13:50:24.146  3330  3442 I art     : Starting a blocking GC Explicit
08-06 13:50:24.167  3330  3442 I art     : Explicit concurrent mark sweep GC freed 3(96B) AllocSpace objects, 0(0B) LOS objects, 23% free, 52MB/68MB, paused 474us total 21.561ms
08-06 13:50:24.221   518   646 I ThermalEngine: ACTION: GPU - Setting GPU[0] to 450000000
08-06 13:50:24.330  5524  5524 I ServiceManager: Waiting for service AtCmdFwd...
08-06 13:50:24.463  3330  3348 I art     : Starting a blocking GC Explicit
08-06 13:50:24.499  3330  3348 I art     : Explicit concurrent mark sweep GC freed 1347(78KB) AllocSpace objects, 1(20KB) LOS objects, 23% free, 52MB/68MB, paused 633us total 35.322ms
08-06 13:50:24.513  3330  3348 I art     : Starting a blocking GC Explicit
08-06 13:50:24.540  3330  3348 I art     : Explicit concurrent mark sweep GC freed 20(704B) AllocSpace objects, 0(0B) LOS objects, 23% free, 52MB/68MB, paused 592us total 27.329ms
08-06 13:50:24.551  3330  3348 I art     : Starting a blocking GC Explicit
08-06 13:50:24.578  3330  3348 I art     : Explicit concurrent mark sweep GC freed 3(96B) AllocSpace objects, 0(0B) LOS objects, 23% free, 52MB/68MB, paused 606us total 26.324ms
08-06 13:50:24.589  3330  3348 I art     : Starting a blocking GC Explicit
08-06 13:50:24.617  3330  3348 I art     : Explicit concurrent mark sweep GC freed 3(96B) AllocSpace objects, 0(0B) LOS objects, 23% free, 52MB/68MB, paused 590us total 27.192ms
08-06 13:50:24.628  3330  3348 I art     : Starting a blocking GC Explicit
08-06 13:50:24.655  3330  3348 I art     : Explicit concurrent mark sweep GC freed 4(128B) AllocSpace objects, 0(0B) LOS objects, 23% free, 52MB/68MB, paused 658us total 26.911ms
08-06 13:50:24.993  3330  3341 I art     : Starting a blocking GC Explicit
08-06 13:50:25.022  3330  3341 I art     : Explicit concurrent mark sweep GC freed 1376(79KB) AllocSpace objects, 1(20KB) LOS objects, 23% free, 52MB/68MB, paused 578us total 28.729ms
08-06 13:50:25.036  3330  3341 I art     : Starting a blocking GC Explicit
08-06 13:50:25.063  3330  3341 I art     : Explicit concurrent mark sweep GC freed 20(704B) AllocSpace objects, 0(0B) LOS objects, 23% free, 52MB/68MB, paused 594us total 26.519ms
08-06 13:50:25.074  3330  3341 I art     : Starting a blocking GC Explicit
08-06 13:50:25.101  3330  3341 I art     : Explicit concurrent mark sweep GC freed 3(96B) AllocSpace objects, 0(0B) LOS objects, 23% free, 52MB/68MB, paused 580us total 26.875ms
08-06 13:50:25.113  3330  3341 I art     : Starting a blocking GC Explicit
08-06 13:50:25.142  3330  3341 I art     : Explicit concurrent mark sweep GC freed 3(96B) AllocSpace objects, 0(0B) LOS objects, 23% free, 52MB/68MB, paused 569us total 28.800ms
08-06 13:50:25.153  3330  3341 I art     : Starting a blocking GC Explicit
08-06 13:50:25.182  3330  3341 I art     : Explicit concurrent mark sweep GC freed 3(96B) AllocSpace objects, 0(0B) LOS objects, 23% free, 52MB/68MB, paused 582us total 28.534ms
08-06 13:50:25.330  5524  5524 W Atfwd_Sendcmd: AtCmdFwd service not published, waiting... retryCnt : 1
08-06 13:50:25.516  3330  4220 I art     : Starting a blocking GC Explicit
08-06 13:50:25.551  3330  4220 I art     : Explicit concurrent mark sweep GC freed 1347(78KB) AllocSpace objects, 1(20KB) LOS objects, 23% free, 52MB/68MB, paused 750us total 35.268ms
08-06 13:50:25.564  3330  4220 I art     : Starting a blocking GC Explicit
08-06 13:50:25.594  3330  4220 I art     : Explicit concurrent mark sweep GC freed 20(704B) AllocSpace objects, 0(0B) LOS objects, 23% free, 52MB/68MB, paused 599us total 29.656ms
08-06 13:50:25.606  3330  4220 I art     : Starting a blocking GC Explicit
08-06 13:50:25.635  3330  4220 I art     : Explicit concurrent mark sweep GC freed 3(96B) AllocSpace objects, 0(0B) LOS objects, 23% free, 52MB/68MB, paused 585us total 29.168ms
08-06 13:50:25.647  3330  4220 I art     : Starting a blocking GC Explicit
08-06 13:50:25.675  3330  4220 I art     : Explicit concurrent mark sweep GC freed 3(96B) AllocSpace objects, 0(0B) LOS objects, 23% free, 52MB/68MB, paused 595us total 28.097ms
08-06 13:50:25.686  3330  4220 I art     : Starting a blocking GC Explicit
08-06 13:50:25.717  3330  4220 I art     : Explicit concurrent mark sweep GC freed 3(96B) AllocSpace objects, 0(0B) LOS objects, 23% free, 52MB/68MB, paused 611us total 29.780ms
08-06 13:50:26.044  3330  3348 I art     : Starting a blocking GC Explicit
08-06 13:50:26.078  3330  3348 I art     : Explicit concurrent mark sweep GC freed 1347(78KB) AllocSpace objects, 1(20KB) LOS objects, 23% free, 52MB/68MB, paused 887us total 33.379ms
08-06 13:50:26.092  3330  3348 I art     : Starting a blocking GC Explicit
08-06 13:50:26.122  3330  3348 I art     : Explicit concurrent mark sweep GC freed 20(704B) AllocSpace objects, 0(0B) LOS objects, 23% free, 52MB/68MB, paused 611us total 29.914ms
08-06 13:50:26.134  3330  3348 I art     : Starting a blocking GC Explicit
08-06 13:50:26.163  3330  3348 I art     : Explicit concurrent mark sweep GC freed 3(96B) AllocSpace objects, 0(0B) LOS objects, 23% free, 52MB/68MB, paused 626us total 28.901ms
08-06 13:50:26.175  3330  3348 I art     : Starting a blocking GC Explicit
08-06 13:50:26.205  3330  3348 I art     : Explicit concurrent mark sweep GC freed 3(96B) AllocSpace objects, 0(0B) LOS objects, 23% free, 52MB/68MB, paused 614us total 29.914ms
08-06 13:50:26.216  3330  3348 I art     : Starting a blocking GC Explicit
08-06 13:50:26.246  3330  3348 I art     : Explicit concurrent mark sweep GC freed 3(96B) AllocSpace objects, 0(0B) LOS objects, 23% free, 52MB/68MB, paused 608us total 29.911ms
08-06 13:50:26.565  3330  3442 I art     : Starting a blocking GC Explicit
08-06 13:50:26.603  3330  3442 I art     : Explicit concurrent mark sweep GC freed 1347(78KB) AllocSpace objects, 1(20KB) LOS objects, 23% free, 52MB/68MB, paused 685us total 36.988ms
08-06 13:50:26.619  3330  3442 I art     : Starting a blocking GC Explicit
08-06 13:50:26.651  3330  3442 I art     : Explicit concurrent mark sweep GC freed 20(704B) AllocSpace objects, 0(0B) LOS objects, 23% free, 52MB/68MB, paused 616us total 32.174ms
08-06 13:50:26.665  3330  3442 I art     : Starting a blocking GC Explicit
08-06 13:50:26.695  3330  3442 I art     : Explicit concurrent mark sweep GC freed 3(96B) AllocSpace objects, 0(0B) LOS objects, 23% free, 52MB/68MB, paused 613us total 29.802ms
08-06 13:50:26.706  3330  3442 I art     : Starting a blocking GC Explicit
08-06 13:50:26.736  3330  3442 I art     : Explicit concurrent mark sweep GC freed 3(96B) AllocSpace objects, 0(0B) LOS objects, 23% free, 52MB/68MB, paused 607us total 29.847ms
08-06 13:50:26.748  3330  3442 I art     : Starting a blocking GC Explicit
08-06 13:50:26.776  3330  3442 I art     : Explicit concurrent mark sweep GC freed 3(96B) AllocSpace objects, 0(0B) LOS objects, 23% free, 52MB/68MB, paused 587us total 27.765ms
08-06 13:50:27.117  3330  3341 I art     : Starting a blocking GC Explicit
08-06 13:50:27.149  3330  3341 I art     : Explicit concurrent mark sweep GC freed 1347(78KB) AllocSpace objects, 1(20KB) LOS objects, 23% free, 52MB/68MB, paused 589us total 31.204ms
08-06 13:50:27.160  3330  3341 I art     : Starting a blocking GC Explicit
08-06 13:50:27.191  3330  3341 I art     : Explicit concurrent mark sweep GC freed 20(704B) AllocSpace objects, 0(0B) LOS objects, 23% free, 52MB/68MB, paused 607us total 30.095ms
08-06 13:50:27.202  3330  3341 I art     : Starting a blocking GC Explicit
08-06 13:50:27.230  3330  3341 I art     : Explicit concurrent mark sweep GC freed 3(96B) AllocSpace objects, 0(0B) LOS objects, 23% free, 52MB/68MB, paused 558us total 27.277ms
08-06 13:50:27.241  3330  3341 I art     : Starting a blocking GC Explicit
08-06 13:50:27.267  3330  3341 I art     : Explicit concurrent mark sweep GC freed 3(96B) AllocSpace objects, 0(0B) LOS objects, 23% free, 52MB/68MB, paused 744us total 25.988ms
08-06 13:50:27.278  3330  3341 I art     : Starting a blocking GC Explicit
08-06 13:50:27.304  3330  3341 I art     : Explicit concurrent mark sweep GC freed 3(96B) AllocSpace objects, 0(0B) LOS objects, 23% free, 52MB/68MB, paused 557us total 25.222ms
08-06 13:50:27.626  3330  4220 I art     : Starting a blocking GC Explicit
08-06 13:50:27.659  3330  4220 I art     : Explicit concurrent mark sweep GC freed 1347(78KB) AllocSpace objects, 1(20KB) LOS objects, 23% free, 52MB/68MB, paused 615us total 32.682ms
08-06 13:50:27.675  3330  4220 I art     : Starting a blocking GC Explicit
08-06 13:50:27.704  3330  4220 I art     : Explicit concurrent mark sweep GC freed 20(704B) AllocSpace objects, 0(0B) LOS objects, 23% free, 52MB/68MB, paused 623us total 29.264ms
08-06 13:50:27.715  3330  4220 I art     : Starting a blocking GC Explicit
08-06 13:50:27.743  3330  4220 I art     : Explicit concurrent mark sweep GC freed 3(96B) AllocSpace objects, 0(0B) LOS objects, 23% free, 52MB/68MB, paused 624us total 27.276ms
08-06 13:50:27.754  3330  4220 I art     : Starting a blocking GC Explicit
08-06 13:50:27.773  5709  5709 D AndroidRuntime: >>>>>> START com.android.internal.os.RuntimeInit uid 2000 <<<<<<
08-06 13:50:27.779  5709  5709 D AndroidRuntime: CheckJNI is OFF
08-06 13:50:27.782  3330  4220 I art     : Explicit concurrent mark sweep GC freed 3(96B) AllocSpace objects, 0(0B) LOS objects, 23% free, 52MB/68MB, paused 673us total 28.053ms
08-06 13:50:27.794  3330  4220 I art     : Starting a blocking GC Explicit
08-06 13:50:27.821  3330  4220 I art     : Explicit concurrent mark sweep GC freed 3(96B) AllocSpace objects, 0(0B) LOS objects, 23% free, 52MB/68MB, paused 625us total 27.226ms
08-06 13:50:27.826  5709  5709 D ICU     : No timezone override file found: /data/misc/zoneinfo/current/icu/icu_tzdata.dat
08-06 13:50:27.870  5709  5709 I Radio-JNI: register_android_hardware_Radio DONE
08-06 13:50:27.900  5709  5709 D AndroidRuntime: Calling main entry com.android.commands.input.Input
08-06 13:50:27.902  5709  5709 I Input   : injectKeyEvent: KeyEvent { action=ACTION_DOWN, keyCode=KEYCODE_BACK, scanCode=0, metaState=0, flags=0x0, repeatCount=0, eventTime=885044315, downTime=885044315, deviceId=-1, source=0x101 }
08-06 13:50:27.909  5709  5709 I Input   : injectKeyEvent: KeyEvent { action=ACTION_UP, keyCode=KEYCODE_BACK, scanCode=0, metaState=0, flags=0x0, repeatCount=0, eventTime=885044315, downTime=885044315, deviceId=-1, source=0x101 }
08-06 13:50:27.915  5709  5709 D AndroidRuntime: Shutting down VM
08-06 13:50:27.965 13866 13866 I GoogleInputMethodServic: GoogleInputMethodService.onFinishInput():3138 
08-06 13:50:27.965 13866 13866 I GoogleInputMethodServic: GoogleInputMethodService.onStartInput():1808 
08-06 13:50:28.101  3330  3442 I art     : Starting a blocking GC Explicit
08-06 13:50:28.133  3330  3442 I art     : Explicit concurrent mark sweep GC freed 1487(84KB) AllocSpace objects, 1(20KB) LOS objects, 23% free, 52MB/68MB, paused 803us total 31.407ms
08-06 13:50:28.147  3330  3442 I art     : Starting a blocking GC Explicit
08-06 13:50:28.179  3330  3442 I art     : Explicit concurrent mark sweep GC freed 26(944B) AllocSpace objects, 0(0B) LOS objects, 23% free, 52MB/68MB, paused 544us total 30.821ms
08-06 13:50:28.193  3330  3442 I art     : Starting a blocking GC Explicit
08-06 13:50:28.225  3330  3442 I art     : Explicit concurrent mark sweep GC freed 3(96B) AllocSpace objects, 0(0B) LOS objects, 23% free, 52MB/68MB, paused 585us total 31.774ms
08-06 13:50:28.238  3330  3442 I art     : Starting a blocking GC Explicit
08-06 13:50:28.267  3330  3442 I art     : Explicit concurrent mark sweep GC freed 3(96B) AllocSpace objects, 0(0B) LOS objects, 23% free, 52MB/68MB, paused 685us total 28.748ms
08-06 13:50:28.278  3330  3442 I art     : Starting a blocking GC Explicit
08-06 13:50:28.279   380   380 W SurfaceFlinger: couldn't log to binary event log: overflow.
08-06 13:50:28.303  3330  3442 I art     : Explicit concurrent mark sweep GC freed 109(8KB) AllocSpace objects, 0(0B) LOS objects, 23% free, 52MB/68MB, paused 545us total 25.244ms
08-06 13:50:28.592  3330  3348 I art     : Starting a blocking GC Explicit
08-06 13:50:28.630  3330  3348 I art     : Explicit concurrent mark sweep GC freed 1484(85KB) AllocSpace objects, 1(20KB) LOS objects, 23% free, 52MB/68MB, paused 720us total 37.606ms
08-06 13:50:28.644  3330  3348 I art     : Starting a blocking GC Explicit
08-06 13:50:28.672  3330  3348 I art     : Explicit concurrent mark sweep GC freed 1268(83KB) AllocSpace objects, 1(28KB) LOS objects, 23% free, 52MB/68MB, paused 588us total 26.905ms
08-06 13:50:28.683  3330  3348 I art     : Starting a blocking GC Explicit
08-06 13:50:28.709  3330  3348 I art     : Explicit concurrent mark sweep GC freed 3(96B) AllocSpace objects, 0(0B) LOS objects, 23% free, 52MB/68MB, paused 586us total 26.526ms
08-06 13:50:28.721  3330  3348 I art     : Starting a blocking GC Explicit
08-06 13:50:28.748  3330  3348 I art     : Explicit concurrent mark sweep GC freed 3(96B) AllocSpace objects, 0(0B) LOS objects, 23% free, 52MB/68MB, paused 608us total 26.641ms
08-06 13:50:28.759  3330  3348 I art     : Starting a blocking GC Explicit
08-06 13:50:28.785  3330  3348 I art     : Explicit concurrent mark sweep GC freed 3(96B) AllocSpace objects, 0(0B) LOS objects, 23% free, 52MB/68MB, paused 585us total 25.960ms
08-06 13:50:29.096  3330  4220 I art     : Starting a blocking GC Explicit
08-06 13:50:29.129  3330  4220 I art     : Explicit concurrent mark sweep GC freed 1347(78KB) AllocSpace objects, 1(20KB) LOS objects, 23% free, 52MB/68MB, paused 649us total 32.424ms
08-06 13:50:29.142  3330  4220 I art     : Starting a blocking GC Explicit
08-06 13:50:29.168  3330  4220 I art     : Explicit concurrent mark sweep GC freed 20(704B) AllocSpace objects, 0(0B) LOS objects, 23% free, 52MB/68MB, paused 588us total 25.404ms
08-06 13:50:29.179  3330  4220 I art     : Starting a blocking GC Explicit
08-06 13:50:29.205  3330  4220 I art     : Explicit concurrent mark sweep GC freed 3(96B) AllocSpace objects, 0(0B) LOS objects, 23% free, 52MB/68MB, paused 574us total 24.830ms
08-06 13:50:29.215  3330  4220 I art     : Starting a blocking GC Explicit
08-06 13:50:29.240  3330  4220 I art     : Explicit concurrent mark sweep GC freed 3(96B) AllocSpace objects, 0(0B) LOS objects, 23% free, 52MB/68MB, paused 585us total 25.024ms
08-06 13:50:29.251  3330  4220 I art     : Starting a blocking GC Explicit
08-06 13:50:29.276  3330  4220 I art     : Explicit concurrent mark sweep GC freed 3(96B) AllocSpace objects, 0(0B) LOS objects, 23% free, 52MB/68MB, paused 624us total 25.004ms
08-06 13:50:29.569  3330  3442 I art     : Starting a blocking GC Explicit
08-06 13:50:29.598  3330  3442 I art     : Explicit concurrent mark sweep GC freed 1352(78KB) AllocSpace objects, 1(20KB) LOS objects, 23% free, 52MB/68MB, paused 726us total 28.233ms
08-06 13:50:29.611  3330  3442 I art     : Starting a blocking GC Explicit
08-06 13:50:29.637  3330  3442 I art     : Explicit concurrent mark sweep GC freed 25(864B) AllocSpace objects, 0(0B) LOS objects, 23% free, 52MB/68MB, paused 827us total 26.287ms
08-06 13:50:29.648  3330  3442 I art     : Starting a blocking GC Explicit
08-06 13:50:29.675  3330  3442 I art     : Explicit concurrent mark sweep GC freed 7(224B) AllocSpace objects, 0(0B) LOS objects, 23% free, 52MB/68MB, paused 589us total 26.389ms
08-06 13:50:29.686  3330  3442 I art     : Starting a blocking GC Explicit
08-06 13:50:29.690  5762  5762 D AndroidRuntime: >>>>>> START com.android.internal.os.RuntimeInit uid 2000 <<<<<<
08-06 13:50:29.695  5762  5762 D AndroidRuntime: CheckJNI is OFF
08-06 13:50:29.713  3330  3442 I art     : Explicit concurrent mark sweep GC freed 8(256B) AllocSpace objects, 0(0B) LOS objects, 23% free, 52MB/68MB, paused 614us total 26.248ms
08-06 13:50:29.723  3330  3442 I art     : Starting a blocking GC Explicit
08-06 13:50:29.740  5762  5762 D ICU     : No timezone override file found: /data/misc/zoneinfo/current/icu/icu_tzdata.dat
08-06 13:50:29.749  3330  3442 I art     : Explicit concurrent mark sweep GC freed 7(224B) AllocSpace objects, 0(0B) LOS objects, 23% free, 52MB/68MB, paused 761us total 25.590ms
08-06 13:50:29.784  5762  5762 I Radio-JNI: register_android_hardware_Radio DONE
08-06 13:50:29.813  5762  5762 D AndroidRuntime: Calling main entry com.android.commands.input.Input
08-06 13:50:29.815  5762  5762 I Input   : injectMotionEvent: MotionEvent { action=ACTION_DOWN, actionButton=0, id[0]=0, x[0]=756.0, y[0]=1530.0, toolType[0]=TOOL_TYPE_UNKNOWN, buttonState=0, metaState=0, flags=0x0, edgeFlags=0x0, pointerCount=1, historySize=0, eventTime=885046228, downTime=885046228, deviceId=0, source=0x1002 }
08-06 13:50:29.820  5762  5762 I Input   : injectMotionEvent: MotionEvent { action=ACTION_UP, actionButton=0, id[0]=0, x[0]=756.0, y[0]=1530.0, toolType[0]=TOOL_TYPE_UNKNOWN, buttonState=0, metaState=0, flags=0x0, edgeFlags=0x0, pointerCount=1, historySize=0, eventTime=885046228, downTime=885046228, deviceId=0, source=0x1002 }
08-06 13:50:29.822  5762  5762 D AndroidRuntime: Shutting down VM
08-06 13:50:29.833   918  6111 I ActivityManager: START u0 {cmp=baseline.appteam.nith.hillffair/.activities.LeaderBoardActivity} from uid 10697 on display 0
08-06 13:50:29.835   512  2967 D audio_hw_primary: out_set_parameters: enter: usecase(1: low-latency-playback) kvpairs: routing=2
08-06 13:50:29.848   512  2967 D audio_hw_primary: select_devices: out_snd_device(2: speaker) in_snd_device(0: none)
08-06 13:50:29.849   512  2967 D msm8974_platform: platform_send_audio_calibration: sending audio calibration for snd_device(2) acdb_id(15)
08-06 13:50:29.849   512  2967 I soundtrigger: audio_extn_sound_trigger_update_device_status: device 0x2 of type 0 for Event 1
08-06 13:50:29.861   512  2967 D audio_hw_primary: enable_snd_device: snd_device(2: speaker)
08-06 13:50:29.863   512  2967 D audio_hw_primary: enable_audio_route: apply and update mixer path: low-latency-playback speaker
08-06 13:50:29.924  3330  3330 E RecyclerView: No adapter attached; skipping layout
08-06 13:50:29.927  3330  3330 E RecyclerView: No adapter attached; skipping layout
08-06 13:50:29.945   918   936 I ActivityManager: Displayed baseline.appteam.nith.hillffair/.activities.LeaderBoardActivity: +102ms
08-06 13:50:29.945 13866 13866 I GoogleInputMethodServic: GoogleInputMethodService.onFinishInput():3138 
08-06 13:50:29.947  3330  3330 E RecyclerView: No adapter attached; skipping layout
08-06 13:50:29.947 13866 13866 I GoogleInputMethodServic: GoogleInputMethodService.onStartInput():1808 
08-06 13:50:29.976  3330  3365 D OpenGLRenderer: endAllStagingAnimators on 0x7f7d83e000 (RippleDrawable) with handle 0x7f7edfe100
08-06 13:50:30.035  3330  3348 I art     : Starting a blocking GC Explicit
08-06 13:50:30.063  3330  3348 I art     : Explicit concurrent mark sweep GC freed 6641(401KB) AllocSpace objects, 1(20KB) LOS objects, 23% free, 52MB/68MB, paused 627us total 27.208ms
08-06 13:50:30.074  3330  3348 I art     : Starting a blocking GC Explicit
08-06 13:50:30.103  3330  3348 I art     : Explicit concurrent mark sweep GC freed 274(11KB) AllocSpace objects, 0(0B) LOS objects, 23% free, 52MB/68MB, paused 631us total 28.904ms
08-06 13:50:30.115  3330  3348 I art     : Starting a blocking GC Explicit
08-06 13:50:30.147  3330  3348 I art     : Explicit concurrent mark sweep GC freed 5(160B) AllocSpace objects, 0(0B) LOS objects, 23% free, 52MB/68MB, paused 970us total 32.086ms
08-06 13:50:30.162  3330  3348 I art     : Starting a blocking GC Explicit
08-06 13:50:30.181   380   380 W SurfaceFlinger: couldn't log to binary event log: overflow.
08-06 13:50:30.193  3330  3348 I art     : Explicit concurrent mark sweep GC freed 6(192B) AllocSpace objects, 0(0B) LOS objects, 23% free, 52MB/68MB, paused 642us total 30.462ms
08-06 13:50:30.204  3330  3348 I art     : Starting a blocking GC Explicit
08-06 13:50:30.228  3330  3348 I art     : Explicit concurrent mark sweep GC freed 6(192B) AllocSpace objects, 0(0B) LOS objects, 23% free, 52MB/68MB, paused 641us total 24.066ms
08-06 13:50:30.331  5524  5524 I ServiceManager: Waiting for service AtCmdFwd...
08-06 13:50:30.408   512  2967 D audio_hw_primary: disable_audio_route: reset and update mixer path: low-latency-playback speaker
08-06 13:50:30.409   512  2967 D audio_hw_primary: disable_snd_device: snd_device(2: speaker)
08-06 13:50:30.418   512  2967 I soundtrigger: audio_extn_sound_trigger_update_device_status: device 0x2 of type 0 for Event 0
08-06 13:50:30.524  3330  4220 I art     : Starting a blocking GC Explicit
08-06 13:50:30.552  3330  4220 I art     : Explicit concurrent mark sweep GC freed 1542(88KB) AllocSpace objects, 1(20KB) LOS objects, 23% free, 52MB/68MB, paused 641us total 27.972ms
08-06 13:50:30.564  3330  4220 I art     : Starting a blocking GC Explicit
08-06 13:50:30.590  3330  4220 I art     : Explicit concurrent mark sweep GC freed 64(2176B) AllocSpace objects, 0(0B) LOS objects, 23% free, 52MB/68MB, paused 646us total 26.523ms
08-06 13:50:30.601  3330  4220 I art     : Starting a blocking GC Explicit
08-06 13:50:30.628  3330  4220 I art     : Explicit concurrent mark sweep GC freed 395(18KB) AllocSpace objects, 0(0B) LOS objects, 23% free, 52MB/68MB, paused 839us total 26.430ms
08-06 13:50:30.639  3330  4220 I art     : Starting a blocking GC Explicit
08-06 13:50:30.662  3330  5785 D OkHttp  : --> GET https://api-hillfair-2k16.herokuapp.com/api/app/quiz/leaderboard?from=1 http/1.1
08-06 13:50:30.667  3330  4220 I art     : Explicit concurrent mark sweep GC freed 2218(115KB) AllocSpace objects, 2(120KB) LOS objects, 23% free, 53MB/69MB, paused 854us total 27.881ms
08-06 13:50:30.678  3330  4220 I art     : Starting a blocking GC Explicit
08-06 13:50:30.695  3330  5785 D OkHttp  : <-- 200 OK https://api-hillfair-2k16.herokuapp.com/api/app/quiz/leaderboard?from=1 (32ms, 56744-byte body)
08-06 13:50:30.704  3330  4220 I art     : Explicit concurrent mark sweep GC freed 1093(148KB) AllocSpace objects, 1(80KB) LOS objects, 23% free, 52MB/68MB, paused 671us total 25.908ms
08-06 13:50:30.783  3330  3330 I NAPPA_EXPERIMENTATION: MetricNetworkRequestExecutionTime: REQUEST_DURATION_SYSTEM='911',REQUEST_DURATION_OKHTTP='32',REQUEST_SYNCHRONOUS='FALSE',RESPONSE_CODE='200',RESPONSE_METHOD='GET',RESPONSE_LENGTH_OKHTTP='56744',RESPONSE_LENGTH_HEADER='56744',REQUEST_PROTOCOL='http/1.1',REQUEST_URL='https://api-hillfair-2k16.herokuapp.com/api/app/quiz/leaderboard?from=1',
08-06 13:50:30.985  3330  4220 I art     : Starting a blocking GC Explicit
08-06 13:50:31.020  3330  4220 I art     : Explicit concurrent mark sweep GC freed 27616(1282KB) AllocSpace objects, 1(20KB) LOS objects, 23% free, 53MB/69MB, paused 613us total 34.075ms
08-06 13:50:31.035  3330  4220 I art     : Starting a blocking GC Explicit
08-06 13:50:31.064  3330  4220 I art     : Explicit concurrent mark sweep GC freed 99(3KB) AllocSpace objects, 0(0B) LOS objects, 23% free, 53MB/69MB, paused 616us total 28.024ms
08-06 13:50:31.075  3330  4220 I art     : Starting a blocking GC Explicit
08-06 13:50:31.105  3330  4220 I art     : Explicit concurrent mark sweep GC freed 3(96B) AllocSpace objects, 0(0B) LOS objects, 23% free, 53MB/69MB, paused 614us total 29.468ms
08-06 13:50:31.116  3330  4220 I art     : Starting a blocking GC Explicit
08-06 13:50:31.145  3330  4220 I art     : Explicit concurrent mark sweep GC freed 3(96B) AllocSpace objects, 0(0B) LOS objects, 23% free, 53MB/69MB, paused 612us total 28.551ms
08-06 13:50:31.157  3330  4220 I art     : Starting a blocking GC Explicit
08-06 13:50:31.187  3330  4220 I art     : Explicit concurrent mark sweep GC freed 3(96B) AllocSpace objects, 0(0B) LOS objects, 23% free, 53MB/69MB, paused 623us total 29.446ms
08-06 13:50:31.331  5524  5524 I ServiceManager: Waiting for service AtCmdFwd...
08-06 13:50:31.503  3330  3348 I art     : Starting a blocking GC Explicit
08-06 13:50:31.543  3330  3348 I art     : Explicit concurrent mark sweep GC freed 1347(78KB) AllocSpace objects, 1(20KB) LOS objects, 23% free, 53MB/69MB, paused 685us total 38.774ms
08-06 13:50:31.558  3330  3348 I art     : Starting a blocking GC Explicit
08-06 13:50:31.590  3330  3348 I art     : Explicit concurrent mark sweep GC freed 20(704B) AllocSpace objects, 0(0B) LOS objects, 23% free, 53MB/69MB, paused 646us total 31.697ms
08-06 13:50:31.602  3330  3348 I art     : Starting a blocking GC Explicit
08-06 13:50:31.633  3330  3348 I art     : Explicit concurrent mark sweep GC freed 3(96B) AllocSpace objects, 0(0B) LOS objects, 23% free, 53MB/69MB, paused 653us total 31.330ms
08-06 13:50:31.645  3330  3348 I art     : Starting a blocking GC Explicit
08-06 13:50:31.677  3330  3348 I art     : Explicit concurrent mark sweep GC freed 3(96B) AllocSpace objects, 0(0B) LOS objects, 23% free, 53MB/69MB, paused 767us total 31.810ms
08-06 13:50:31.689  3330  3348 I art     : Starting a blocking GC Explicit
08-06 13:50:31.722  3330  3348 I art     : Explicit concurrent mark sweep GC freed 3(96B) AllocSpace objects, 0(0B) LOS objects, 23% free, 53MB/69MB, paused 622us total 32.015ms
08-06 13:50:32.054  3330  3442 I art     : Starting a blocking GC Explicit
08-06 13:50:32.093  3330  3442 I art     : Explicit concurrent mark sweep GC freed 1347(78KB) AllocSpace objects, 1(20KB) LOS objects, 23% free, 53MB/69MB, paused 653us total 38.057ms
08-06 13:50:32.104  3330  3442 I art     : Starting a blocking GC Explicit
08-06 13:50:32.136  3330  3442 I art     : Explicit concurrent mark sweep GC freed 20(704B) AllocSpace objects, 0(0B) LOS objects, 23% free, 53MB/69MB, paused 652us total 31.103ms
08-06 13:50:32.148  3330  3442 I art     : Starting a blocking GC Explicit
08-06 13:50:32.180  3330  3442 I art     : Explicit concurrent mark sweep GC freed 3(96B) AllocSpace objects, 0(0B) LOS objects, 23% free, 53MB/69MB, paused 701us total 31.746ms
08-06 13:50:32.192  3330  3442 I art     : Starting a blocking GC Explicit
08-06 13:50:32.224  3330  3442 I art     : Explicit concurrent mark sweep GC freed 3(96B) AllocSpace objects, 0(0B) LOS objects, 23% free, 53MB/69MB, paused 625us total 31.603ms
08-06 13:50:32.236  3330  3442 I art     : Starting a blocking GC Explicit
08-06 13:50:32.267  3330  3442 I art     : Explicit concurrent mark sweep GC freed 3(96B) AllocSpace objects, 0(0B) LOS objects, 23% free, 53MB/69MB, paused 734us total 31.273ms
08-06 13:50:32.332  5524  5524 I ServiceManager: Waiting for service AtCmdFwd...
08-06 13:50:32.594  3330  3341 I art     : Starting a blocking GC Explicit
08-06 13:50:32.631  3330  3341 I art     : Explicit concurrent mark sweep GC freed 1347(78KB) AllocSpace objects, 1(20KB) LOS objects, 23% free, 53MB/69MB, paused 661us total 36.800ms
08-06 13:50:32.645  3330  3341 I art     : Starting a blocking GC Explicit
08-06 13:50:32.677  3330  3341 I art     : Explicit concurrent mark sweep GC freed 20(704B) AllocSpace objects, 0(0B) LOS objects, 23% free, 53MB/69MB, paused 722us total 32.193ms
08-06 13:50:32.689  3330  3341 I art     : Starting a blocking GC Explicit
08-06 13:50:32.720  3330  3341 I art     : Explicit concurrent mark sweep GC freed 3(96B) AllocSpace objects, 0(0B) LOS objects, 23% free, 53MB/69MB, paused 625us total 30.397ms
08-06 13:50:32.732  3330  3341 I art     : Starting a blocking GC Explicit
08-06 13:50:32.764  3330  3341 I art     : Explicit concurrent mark sweep GC freed 3(96B) AllocSpace objects, 0(0B) LOS objects, 23% free, 53MB/69MB, paused 602us total 31.884ms
08-06 13:50:32.776  3330  3341 I art     : Starting a blocking GC Explicit
08-06 13:50:32.808  3330  3341 I art     : Explicit concurrent mark sweep GC freed 3(96B) AllocSpace objects, 0(0B) LOS objects, 23% free, 53MB/69MB, paused 692us total 32.224ms
08-06 13:50:33.170  3330  4220 I art     : Starting a blocking GC Explicit
08-06 13:50:33.206  3330  4220 I art     : Explicit concurrent mark sweep GC freed 1347(78KB) AllocSpace objects, 1(20KB) LOS objects, 23% free, 53MB/69MB, paused 658us total 35.426ms
08-06 13:50:33.220  3330  4220 I art     : Starting a blocking GC Explicit
08-06 13:50:33.252  3330  4220 I art     : Explicit concurrent mark sweep GC freed 20(704B) AllocSpace objects, 0(0B) LOS objects, 23% free, 53MB/69MB, paused 645us total 31.731ms
08-06 13:50:33.264  3330  4220 I art     : Starting a blocking GC Explicit
08-06 13:50:33.296  3330  4220 I art     : Explicit concurrent mark sweep GC freed 3(96B) AllocSpace objects, 0(0B) LOS objects, 23% free, 53MB/69MB, paused 644us total 31.475ms
08-06 13:50:33.308  3330  4220 I art     : Starting a blocking GC Explicit
08-06 13:50:33.333  5524  5524 I ServiceManager: Waiting for service AtCmdFwd...
08-06 13:50:33.338  3330  4220 I art     : Explicit concurrent mark sweep GC freed 3(96B) AllocSpace objects, 0(0B) LOS objects, 23% free, 53MB/69MB, paused 713us total 29.818ms
08-06 13:50:33.350  3330  4220 I art     : Starting a blocking GC Explicit
08-06 13:50:33.382  3330  4220 I art     : Explicit concurrent mark sweep GC freed 3(96B) AllocSpace objects, 0(0B) LOS objects, 23% free, 53MB/69MB, paused 628us total 31.962ms
08-06 13:50:33.722  3330  3348 I art     : Starting a blocking GC Explicit
08-06 13:50:33.757  3330  3348 I art     : Explicit concurrent mark sweep GC freed 1347(78KB) AllocSpace objects, 1(20KB) LOS objects, 23% free, 53MB/69MB, paused 655us total 34.948ms
08-06 13:50:33.771  3330  3348 I art     : Starting a blocking GC Explicit
08-06 13:50:33.803  3330  3348 I art     : Explicit concurrent mark sweep GC freed 20(704B) AllocSpace objects, 0(0B) LOS objects, 23% free, 53MB/69MB, paused 618us total 31.209ms
08-06 13:50:33.814  3330  3348 I art     : Starting a blocking GC Explicit
08-06 13:50:33.846  3330  3348 I art     : Explicit concurrent mark sweep GC freed 3(96B) AllocSpace objects, 0(0B) LOS objects, 23% free, 53MB/69MB, paused 655us total 31.643ms
08-06 13:50:33.858  3330  3348 I art     : Starting a blocking GC Explicit
08-06 13:50:33.891  3330  3348 I art     : Explicit concurrent mark sweep GC freed 3(96B) AllocSpace objects, 0(0B) LOS objects, 23% free, 53MB/69MB, paused 632us total 31.892ms
08-06 13:50:33.903  3330  3348 I art     : Starting a blocking GC Explicit
08-06 13:50:33.934  3330  3348 I art     : Explicit concurrent mark sweep GC freed 3(96B) AllocSpace objects, 0(0B) LOS objects, 23% free, 53MB/69MB, paused 636us total 30.956ms
08-06 13:50:34.244  3330  3442 I art     : Starting a blocking GC Explicit
08-06 13:50:34.280  3330  3442 I art     : Explicit concurrent mark sweep GC freed 1347(78KB) AllocSpace objects, 1(20KB) LOS objects, 23% free, 53MB/69MB, paused 709us total 35.412ms
08-06 13:50:34.294  3330  3442 I art     : Starting a blocking GC Explicit
08-06 13:50:34.324  3330  3442 I art     : Explicit concurrent mark sweep GC freed 20(704B) AllocSpace objects, 0(0B) LOS objects, 23% free, 53MB/69MB, paused 641us total 29.703ms
08-06 13:50:34.334  5524  5524 I ServiceManager: Waiting for service AtCmdFwd...
08-06 13:50:34.335  3330  3442 I art     : Starting a blocking GC Explicit
08-06 13:50:34.366  3330  3442 I art     : Explicit concurrent mark sweep GC freed 3(96B) AllocSpace objects, 0(0B) LOS objects, 23% free, 53MB/69MB, paused 662us total 30.290ms
08-06 13:50:34.378  3330  3442 I art     : Starting a blocking GC Explicit
08-06 13:50:34.408  3330  3442 I art     : Explicit concurrent mark sweep GC freed 3(96B) AllocSpace objects, 0(0B) LOS objects, 23% free, 53MB/69MB, paused 676us total 30.221ms
08-06 13:50:34.420  3330  3442 I art     : Starting a blocking GC Explicit
08-06 13:50:34.449  3330  3442 I art     : Explicit concurrent mark sweep GC freed 3(96B) AllocSpace objects, 0(0B) LOS objects, 23% free, 53MB/69MB, paused 668us total 28.385ms
08-06 13:50:34.651  5868  5868 D AndroidRuntime: >>>>>> START com.android.internal.os.RuntimeInit uid 2000 <<<<<<
08-06 13:50:34.656  5868  5868 D AndroidRuntime: CheckJNI is OFF
08-06 13:50:34.698  5868  5868 D ICU     : No timezone override file found: /data/misc/zoneinfo/current/icu/icu_tzdata.dat
08-06 13:50:34.740  5868  5868 I Radio-JNI: register_android_hardware_Radio DONE
08-06 13:50:34.768  5868  5868 D AndroidRuntime: Calling main entry com.android.commands.input.Input
08-06 13:50:34.770  5868  5868 I Input   : injectKeyEvent: KeyEvent { action=ACTION_DOWN, keyCode=KEYCODE_BACK, scanCode=0, metaState=0, flags=0x0, repeatCount=0, eventTime=885051183, downTime=885051183, deviceId=-1, source=0x101 }
08-06 13:50:34.774  3330  3341 I art     : Starting a blocking GC Explicit
08-06 13:50:34.775  5868  5868 I Input   : injectKeyEvent: KeyEvent { action=ACTION_UP, keyCode=KEYCODE_BACK, scanCode=0, metaState=0, flags=0x0, repeatCount=0, eventTime=885051183, downTime=885051183, deviceId=-1, source=0x101 }
08-06 13:50:34.782  5868  5868 D AndroidRuntime: Shutting down VM
08-06 13:50:34.802  3330  3341 I art     : Explicit concurrent mark sweep GC freed 1446(83KB) AllocSpace objects, 1(20KB) LOS objects, 23% free, 53MB/69MB, paused 606us total 28.207ms
08-06 13:50:34.815  3330  3341 I art     : Starting a blocking GC Explicit
08-06 13:50:34.831 13866 13866 I GoogleInputMethodServic: GoogleInputMethodService.onFinishInput():3138 
08-06 13:50:34.831 13866 13866 I GoogleInputMethodServic: GoogleInputMethodService.onStartInput():1808 
08-06 13:50:34.841  3330  3341 I art     : Explicit concurrent mark sweep GC freed 42(1632B) AllocSpace objects, 0(0B) LOS objects, 23% free, 53MB/69MB, paused 674us total 26.527ms
08-06 13:50:34.853  3330  3341 I art     : Starting a blocking GC Explicit
08-06 13:50:34.880  3330  3341 I art     : Explicit concurrent mark sweep GC freed 26(880B) AllocSpace objects, 0(0B) LOS objects, 23% free, 53MB/69MB, paused 565us total 25.942ms
08-06 13:50:34.890  3330  3341 I art     : Starting a blocking GC Explicit
08-06 13:50:34.916  3330  3341 I art     : Explicit concurrent mark sweep GC freed 3(96B) AllocSpace objects, 0(0B) LOS objects, 23% free, 53MB/69MB, paused 595us total 25.467ms
08-06 13:50:34.928  3330  3341 I art     : Starting a blocking GC Explicit
08-06 13:50:34.956  3330  3341 I art     : Explicit concurrent mark sweep GC freed 3(96B) AllocSpace objects, 0(0B) LOS objects, 23% free, 53MB/69MB, paused 619us total 27.931ms
08-06 13:50:35.120   380   380 W SurfaceFlinger: couldn't log to binary event log: overflow.
08-06 13:50:35.238   518   646 I ThermalEngine: ACTION: GPU - Setting GPU[0] to 510000000
08-06 13:50:35.245  3330  4220 I art     : Starting a blocking GC Explicit
08-06 13:50:35.278  3330  4220 I art     : Explicit concurrent mark sweep GC freed 1466(87KB) AllocSpace objects, 1(20KB) LOS objects, 23% free, 53MB/69MB, paused 733us total 32.596ms
08-06 13:50:35.293  3330  4220 I art     : Starting a blocking GC Explicit
08-06 13:50:35.315  3330  4220 I art     : Explicit concurrent mark sweep GC freed 4698(269KB) AllocSpace objects, 2(140KB) LOS objects, 23% free, 52MB/68MB, paused 450us total 21.673ms
08-06 13:50:35.323  3330  4220 I art     : Starting a blocking GC Explicit
08-06 13:50:35.334  5524  5524 W Atfwd_Sendcmd: AtCmdFwd service not published, waiting... retryCnt : 2
08-06 13:50:35.344  3330  4220 I art     : Explicit concurrent mark sweep GC freed 3(96B) AllocSpace objects, 0(0B) LOS objects, 23% free, 52MB/68MB, paused 524us total 20.753ms
08-06 13:50:35.353  3330  4220 I art     : Starting a blocking GC Explicit
08-06 13:50:35.374  3330  4220 I art     : Explicit concurrent mark sweep GC freed 3(96B) AllocSpace objects, 0(0B) LOS objects, 23% free, 52MB/68MB, paused 456us total 21.127ms
08-06 13:50:35.383  3330  4220 I art     : Starting a blocking GC Explicit
08-06 13:50:35.404  3330  4220 I art     : Explicit concurrent mark sweep GC freed 3(96B) AllocSpace objects, 0(0B) LOS objects, 23% free, 52MB/68MB, paused 471us total 21.284ms
08-06 13:50:35.679  3330  3348 I art     : Starting a blocking GC Explicit
08-06 13:50:35.705  3330  3348 I art     : Explicit concurrent mark sweep GC freed 1347(78KB) AllocSpace objects, 1(20KB) LOS objects, 23% free, 52MB/68MB, paused 518us total 25.868ms
08-06 13:50:35.716  3330  3348 I art     : Starting a blocking GC Explicit
08-06 13:50:35.738  3330  3348 I art     : Explicit concurrent mark sweep GC freed 20(704B) AllocSpace objects, 0(0B) LOS objects, 23% free, 52MB/68MB, paused 476us total 22.050ms
08-06 13:50:35.747  3330  3348 I art     : Starting a blocking GC Explicit
08-06 13:50:35.769  3330  3348 I art     : Explicit concurrent mark sweep GC freed 3(96B) AllocSpace objects, 0(0B) LOS objects, 23% free, 52MB/68MB, paused 467us total 21.629ms
08-06 13:50:35.778  3330  3348 I art     : Starting a blocking GC Explicit
08-06 13:50:35.799  3330  3348 I art     : Explicit concurrent mark sweep GC freed 3(96B) AllocSpace objects, 0(0B) LOS objects, 23% free, 52MB/68MB, paused 474us total 21.081ms
08-06 13:50:35.808  3330  3348 I art     : Starting a blocking GC Explicit
08-06 13:50:35.831  3330  3348 I art     : Explicit concurrent mark sweep GC freed 3(96B) AllocSpace objects, 0(0B) LOS objects, 23% free, 52MB/68MB, paused 534us total 22.313ms
08-06 13:50:36.108  3330  3442 I art     : Starting a blocking GC Explicit
08-06 13:50:36.130  3330  3442 I art     : Explicit concurrent mark sweep GC freed 1346(78KB) AllocSpace objects, 1(20KB) LOS objects, 23% free, 52MB/68MB, paused 515us total 21.672ms
08-06 13:50:36.140  3330  3442 I art     : Starting a blocking GC Explicit
08-06 13:50:36.160  3330  3442 I art     : Explicit concurrent mark sweep GC freed 20(704B) AllocSpace objects, 0(0B) LOS objects, 23% free, 52MB/68MB, paused 463us total 20.500ms
08-06 13:50:36.169  3330  3442 I art     : Starting a blocking GC Explicit
08-06 13:50:36.189  3330  3442 I art     : Explicit concurrent mark sweep GC freed 3(96B) AllocSpace objects, 0(0B) LOS objects, 23% free, 52MB/68MB, paused 471us total 20.543ms
08-06 13:50:36.198  3330  3442 I art     : Starting a blocking GC Explicit
08-06 13:50:36.218  3330  3442 I art     : Explicit concurrent mark sweep GC freed 3(96B) AllocSpace objects, 0(0B) LOS objects, 23% free, 52MB/68MB, paused 461us total 20.217ms
08-06 13:50:36.227  3330  3442 I art     : Starting a blocking GC Explicit
08-06 13:50:36.247  3330  3442 I art     : Explicit concurrent mark sweep GC freed 3(96B) AllocSpace objects, 0(0B) LOS objects, 23% free, 52MB/68MB, paused 537us total 20.462ms
08-06 13:50:36.447  5928  5928 D AndroidRuntime: >>>>>> START com.android.internal.os.RuntimeInit uid 2000 <<<<<<
08-06 13:50:36.453  5928  5928 D AndroidRuntime: CheckJNI is OFF
08-06 13:50:36.486  5928  5928 D ICU     : No timezone override file found: /data/misc/zoneinfo/current/icu/icu_tzdata.dat
08-06 13:50:36.519  5928  5928 I Radio-JNI: register_android_hardware_Radio DONE
08-06 13:50:36.528  3330  3348 I art     : Starting a blocking GC Explicit
08-06 13:50:36.543  5928  5928 D AndroidRuntime: Calling main entry com.android.commands.input.Input
08-06 13:50:36.545  5928  5928 I Input   : injectKeyEvent: KeyEvent { action=ACTION_DOWN, keyCode=KEYCODE_BACK, scanCode=0, metaState=0, flags=0x0, repeatCount=0, eventTime=885052958, downTime=885052958, deviceId=-1, source=0x101 }
08-06 13:50:36.551  3330  3348 I art     : Explicit concurrent mark sweep GC freed 1362(78KB) AllocSpace objects, 1(20KB) LOS objects, 23% free, 52MB/68MB, paused 596us total 23.025ms
08-06 13:50:36.551  5928  5928 I Input   : injectKeyEvent: KeyEvent { action=ACTION_UP, keyCode=KEYCODE_BACK, scanCode=0, metaState=0, flags=0x0, repeatCount=0, eventTime=885052958, downTime=885052958, deviceId=-1, source=0x101 }
08-06 13:50:36.561  5928  5928 D AndroidRuntime: Shutting down VM
08-06 13:50:36.561  3330  3348 I art     : Starting a blocking GC Explicit
08-06 13:50:36.582  3330  3348 I art     : Explicit concurrent mark sweep GC freed 45(1664B) AllocSpace objects, 0(0B) LOS objects, 23% free, 52MB/68MB, paused 458us total 20.901ms
08-06 13:50:36.591  3330  3348 I art     : Starting a blocking GC Explicit
08-06 13:50:36.611  3330  3348 I art     : Explicit concurrent mark sweep GC freed 124(5KB) AllocSpace objects, 0(0B) LOS objects, 23% free, 52MB/68MB, paused 445us total 19.550ms
08-06 13:50:36.619  3330  3348 I art     : Starting a blocking GC Explicit
08-06 13:50:36.640  3330  3348 I art     : Explicit concurrent mark sweep GC freed 5(160B) AllocSpace objects, 0(0B) LOS objects, 23% free, 52MB/68MB, paused 494us total 21.442ms
08-06 13:50:36.649  3330  3348 I art     : Starting a blocking GC Explicit
08-06 13:50:36.651 13866 13866 I GoogleInputMethodServic: GoogleInputMethodService.onFinishInput():3138 
08-06 13:50:36.651 13866 13866 I GoogleInputMethodServic: GoogleInputMethodService.onStartInput():1808 
08-06 13:50:36.670  3330  3348 I art     : Explicit concurrent mark sweep GC freed 60(2112B) AllocSpace objects, 0(0B) LOS objects, 23% free, 52MB/68MB, paused 456us total 20.489ms
08-06 13:50:36.919  3330  3442 I art     : Starting a blocking GC Explicit
08-06 13:50:36.938  3330  3442 I art     : Explicit concurrent mark sweep GC freed 1451(86KB) AllocSpace objects, 1(20KB) LOS objects, 23% free, 52MB/68MB, paused 605us total 18.842ms
08-06 13:50:36.939   380   380 W SurfaceFlinger: couldn't log to binary event log: overflow.
08-06 13:50:36.946  3330  3442 I art     : Starting a blocking GC Explicit
08-06 13:50:36.965  3330  3442 I art     : Explicit concurrent mark sweep GC freed 63(2464B) AllocSpace objects, 0(0B) LOS objects, 23% free, 52MB/68MB, paused 424us total 18.268ms
08-06 13:50:36.972  3330  3442 I art     : Starting a blocking GC Explicit
08-06 13:50:36.991  3330  3442 I art     : Explicit concurrent mark sweep GC freed 2079(122KB) AllocSpace objects, 3(340KB) LOS objects, 23% free, 52MB/68MB, paused 422us total 18.203ms
08-06 13:50:36.999  3330  3442 I art     : Starting a blocking GC Explicit
08-06 13:50:37.018  3330  3442 I art     : Explicit concurrent mark sweep GC freed 3(96B) AllocSpace objects, 0(0B) LOS objects, 23% free, 52MB/68MB, paused 454us total 18.738ms
08-06 13:50:37.025  3330  3442 I art     : Starting a blocking GC Explicit
08-06 13:50:37.044  3330  3442 I art     : Explicit concurrent mark sweep GC freed 3(96B) AllocSpace objects, 0(0B) LOS objects, 23% free, 52MB/68MB, paused 434us total 18.763ms
08-06 13:50:37.246   518   646 I ThermalEngine: ACTION: GPU - Setting GPU[0] to 450000000
08-06 13:50:37.331  3330  4220 I art     : Starting a blocking GC Explicit
08-06 13:50:37.363  3330  4220 I art     : Explicit concurrent mark sweep GC freed 1346(78KB) AllocSpace objects, 1(20KB) LOS objects, 23% free, 52MB/68MB, paused 641us total 30.894ms
08-06 13:50:37.375  3330  4220 I art     : Starting a blocking GC Explicit
08-06 13:50:37.401  3330  4220 I art     : Explicit concurrent mark sweep GC freed 20(704B) AllocSpace objects, 0(0B) LOS objects, 23% free, 52MB/68MB, paused 635us total 26.067ms
08-06 13:50:37.412  3330  4220 I art     : Starting a blocking GC Explicit
08-06 13:50:37.439  3330  4220 I art     : Explicit concurrent mark sweep GC freed 3(96B) AllocSpace objects, 0(0B) LOS objects, 23% free, 52MB/68MB, paused 601us total 26.326ms
08-06 13:50:37.450  3330  4220 I art     : Starting a blocking GC Explicit
08-06 13:50:37.477  3330  4220 I art     : Explicit concurrent mark sweep GC freed 3(96B) AllocSpace objects, 0(0B) LOS objects, 23% free, 52MB/68MB, paused 577us total 26.423ms
08-06 13:50:37.488  3330  4220 I art     : Starting a blocking GC Explicit
08-06 13:50:37.514  3330  4220 I art     : Explicit concurrent mark sweep GC freed 3(96B) AllocSpace objects, 0(0B) LOS objects, 23% free, 52MB/68MB, paused 609us total 25.988ms
08-06 13:50:37.824  3330  3341 I art     : Starting a blocking GC Explicit
08-06 13:50:37.854  3330  3341 I art     : Explicit concurrent mark sweep GC freed 1344(78KB) AllocSpace objects, 1(20KB) LOS objects, 23% free, 52MB/68MB, paused 584us total 29.843ms
08-06 13:50:37.865  3330  3341 I art     : Starting a blocking GC Explicit
08-06 13:50:37.891  3330  3341 I art     : Explicit concurrent mark sweep GC freed 20(704B) AllocSpace objects, 0(0B) LOS objects, 23% free, 52MB/68MB, paused 620us total 25.669ms
08-06 13:50:37.901  3330  3341 I art     : Starting a blocking GC Explicit
08-06 13:50:37.926  3330  3341 I art     : Explicit concurrent mark sweep GC freed 3(96B) AllocSpace objects, 0(0B) LOS objects, 23% free, 52MB/68MB, paused 635us total 24.713ms
08-06 13:50:37.937  3330  3341 I art     : Starting a blocking GC Explicit
08-06 13:50:37.962  3330  3341 I art     : Explicit concurrent mark sweep GC freed 3(96B) AllocSpace objects, 0(0B) LOS objects, 23% free, 52MB/68MB, paused 618us total 24.223ms
08-06 13:50:37.972  3330  3341 I art     : Starting a blocking GC Explicit
08-06 13:50:37.998  3330  3341 I art     : Explicit concurrent mark sweep GC freed 3(96B) AllocSpace objects, 0(0B) LOS objects, 23% free, 52MB/68MB, paused 621us total 25.223ms
08-06 13:50:38.292  3330  3348 I art     : Starting a blocking GC Explicit
08-06 13:50:38.322  3330  3348 I art     : Explicit concurrent mark sweep GC freed 1344(78KB) AllocSpace objects, 1(20KB) LOS objects, 23% free, 52MB/68MB, paused 761us total 29.009ms
08-06 13:50:38.333  5986  5986 D AndroidRuntime: >>>>>> START com.android.internal.os.RuntimeInit uid 2000 <<<<<<
08-06 13:50:38.337  3330  3348 I art     : Starting a blocking GC Explicit
08-06 13:50:38.339  5986  5986 D AndroidRuntime: CheckJNI is OFF
08-06 13:50:38.363  3330  3348 I art     : Explicit concurrent mark sweep GC freed 20(704B) AllocSpace objects, 0(0B) LOS objects, 23% free, 52MB/68MB, paused 632us total 26.333ms
08-06 13:50:38.374  3330  3348 I art     : Starting a blocking GC Explicit
08-06 13:50:38.388  5986  5986 D ICU     : No timezone override file found: /data/misc/zoneinfo/current/icu/icu_tzdata.dat
08-06 13:50:38.401  3330  3348 I art     : Explicit concurrent mark sweep GC freed 3(96B) AllocSpace objects, 0(0B) LOS objects, 23% free, 52MB/68MB, paused 663us total 26.554ms
08-06 13:50:38.412  3330  3348 I art     : Starting a blocking GC Explicit
08-06 13:50:38.435  5986  5986 I Radio-JNI: register_android_hardware_Radio DONE
08-06 13:50:38.438  3330  3348 I art     : Explicit concurrent mark sweep GC freed 3(96B) AllocSpace objects, 0(0B) LOS objects, 23% free, 52MB/68MB, paused 643us total 25.707ms
08-06 13:50:38.448  3330  3348 I art     : Starting a blocking GC Explicit
08-06 13:50:38.466  5986  5986 D AndroidRuntime: Calling main entry com.android.commands.input.Input
08-06 13:50:38.468  5986  5986 I Input   : injectMotionEvent: MotionEvent { action=ACTION_DOWN, actionButton=0, id[0]=0, x[0]=1053.0, y[0]=1173.0, toolType[0]=TOOL_TYPE_UNKNOWN, buttonState=0, metaState=0, flags=0x0, edgeFlags=0x0, pointerCount=1, historySize=0, eventTime=885054880, downTime=885054880, deviceId=0, source=0x1002 }
08-06 13:50:38.474  3330  3348 I art     : Explicit concurrent mark sweep GC freed 4(128B) AllocSpace objects, 0(0B) LOS objects, 23% free, 52MB/68MB, paused 561us total 25.187ms
08-06 13:50:38.474  5986  5986 I Input   : injectMotionEvent: MotionEvent { action=ACTION_UP, actionButton=0, id[0]=0, x[0]=1053.0, y[0]=1173.0, toolType[0]=TOOL_TYPE_UNKNOWN, buttonState=0, metaState=0, flags=0x0, edgeFlags=0x0, pointerCount=1, historySize=0, eventTime=885054880, downTime=885054880, deviceId=0, source=0x1002 }
08-06 13:50:38.476   918  3670 I ActivityManager: START u0 {cmp=baseline.appteam.nith.hillffair/.activities.QuizActivity} from uid 10697 on display 0
08-06 13:50:38.483  5986  5986 D AndroidRuntime: Shutting down VM
08-06 13:50:38.577 13866 13866 I GoogleInputMethodServic: GoogleInputMethodService.onFinishInput():3138 
08-06 13:50:38.578 13866 13866 I GoogleInputMethodServic: GoogleInputMethodService.onStartInput():1808 
08-06 13:50:38.581   918   936 I ActivityManager: Displayed baseline.appteam.nith.hillffair/.activities.QuizActivity: +96ms
08-06 13:50:38.755  3330  3442 I art     : Starting a blocking GC Explicit
08-06 13:50:38.784  3330  3442 I art     : Explicit concurrent mark sweep GC freed 2157(133KB) AllocSpace objects, 1(20KB) LOS objects, 23% free, 52MB/68MB, paused 558us total 28.780ms
08-06 13:50:38.797  3330  3442 I art     : Starting a blocking GC Explicit
08-06 13:50:38.827  3330  3442 I art     : Explicit concurrent mark sweep GC freed 187(8KB) AllocSpace objects, 0(0B) LOS objects, 23% free, 52MB/68MB, paused 598us total 29.157ms
08-06 13:50:38.839  3330  3442 I art     : Starting a blocking GC Explicit
08-06 13:50:38.840   380   380 W SurfaceFlinger: couldn't log to binary event log: overflow.
08-06 13:50:38.865  3330  3442 I art     : Explicit concurrent mark sweep GC freed 3(96B) AllocSpace objects, 0(0B) LOS objects, 23% free, 52MB/68MB, paused 572us total 25.761ms
08-06 13:50:38.875  3330  3442 I art     : Starting a blocking GC Explicit
08-06 13:50:38.899  3330  3442 I art     : Explicit concurrent mark sweep GC freed 3(96B) AllocSpace objects, 0(0B) LOS objects, 23% free, 52MB/68MB, paused 536us total 23.318ms
08-06 13:50:38.909  3330  3442 I art     : Starting a blocking GC Explicit
08-06 13:50:38.934  3330  3442 I art     : Explicit concurrent mark sweep GC freed 3(96B) AllocSpace objects, 0(0B) LOS objects, 23% free, 52MB/68MB, paused 568us total 24.365ms
08-06 13:50:39.239  3330  4220 I art     : Starting a blocking GC Explicit
08-06 13:50:39.274  3330  4220 I art     : Explicit concurrent mark sweep GC freed 1416(83KB) AllocSpace objects, 1(20KB) LOS objects, 23% free, 52MB/68MB, paused 644us total 34.544ms
08-06 13:50:39.288  3330  4220 I art     : Starting a blocking GC Explicit
08-06 13:50:39.316  3330  4220 I art     : Explicit concurrent mark sweep GC freed 20(704B) AllocSpace objects, 0(0B) LOS objects, 23% free, 52MB/68MB, paused 711us total 27.378ms
08-06 13:50:39.316  3330  3340 I art     : WaitForGcToComplete blocked for 27.676ms for cause HeapTrim
08-06 13:50:39.327  3330  4220 I art     : Starting a blocking GC Explicit
08-06 13:50:39.354  3330  4220 I art     : Explicit concurrent mark sweep GC freed 3(96B) AllocSpace objects, 0(0B) LOS objects, 23% free, 52MB/68MB, paused 610us total 27ms
08-06 13:50:39.365  3330  4220 I art     : Starting a blocking GC Explicit
08-06 13:50:39.393  3330  4220 I art     : Explicit concurrent mark sweep GC freed 3(96B) AllocSpace objects, 0(0B) LOS objects, 23% free, 52MB/68MB, paused 589us total 27.175ms
08-06 13:50:39.404  3330  4220 I art     : Starting a blocking GC Explicit
08-06 13:50:39.432  3330  4220 I art     : Explicit concurrent mark sweep GC freed 3(96B) AllocSpace objects, 0(0B) LOS objects, 23% free, 52MB/68MB, paused 606us total 27.621ms
08-06 13:50:39.744  3330  3341 I art     : Starting a blocking GC Explicit
08-06 13:50:39.781  3330  3341 I art     : Explicit concurrent mark sweep GC freed 1346(78KB) AllocSpace objects, 1(20KB) LOS objects, 23% free, 52MB/68MB, paused 592us total 36.161ms
08-06 13:50:39.792  3330  3341 I art     : Starting a blocking GC Explicit
08-06 13:50:39.819  3330  3341 I art     : Explicit concurrent mark sweep GC freed 20(704B) AllocSpace objects, 0(0B) LOS objects, 23% free, 52MB/68MB, paused 589us total 27.117ms
08-06 13:50:39.830  3330  3341 I art     : Starting a blocking GC Explicit
08-06 13:50:39.857  3330  3341 I art     : Explicit concurrent mark sweep GC freed 3(96B) AllocSpace objects, 0(0B) LOS objects, 23% free, 52MB/68MB, paused 625us total 26.833ms
08-06 13:50:39.869  3330  3341 I art     : Starting a blocking GC Explicit
08-06 13:50:39.895  3330  3341 I art     : Explicit concurrent mark sweep GC freed 3(96B) AllocSpace objects, 0(0B) LOS objects, 23% free, 52MB/68MB, paused 594us total 26.366ms
08-06 13:50:39.907  3330  3341 I art     : Starting a blocking GC Explicit
08-06 13:50:39.934  3330  3341 I art     : Explicit concurrent mark sweep GC freed 3(96B) AllocSpace objects, 0(0B) LOS objects, 23% free, 52MB/68MB, paused 592us total 26.967ms
08-06 13:50:40.241  3330  3341 I art     : Starting a blocking GC Explicit
08-06 13:50:40.269  3330  3341 I art     : Explicit concurrent mark sweep GC freed 1363(79KB) AllocSpace objects, 1(20KB) LOS objects, 23% free, 52MB/68MB, paused 665us total 27.465ms
08-06 13:50:40.281  3330  3341 I art     : Starting a blocking GC Explicit
08-06 13:50:40.309  3330  3341 I art     : Explicit concurrent mark sweep GC freed 25(864B) AllocSpace objects, 0(0B) LOS objects, 23% free, 52MB/68MB, paused 718us total 27.985ms
08-06 13:50:40.321  3330  3341 I art     : Starting a blocking GC Explicit
08-06 13:50:40.347  3330  3341 I art     : Explicit concurrent mark sweep GC freed 8(256B) AllocSpace objects, 0(0B) LOS objects, 23% free, 52MB/68MB, paused 552us total 25.673ms
08-06 13:50:40.358  3330  3341 I art     : Starting a blocking GC Explicit
08-06 13:50:40.386  3330  3341 I art     : Explicit concurrent mark sweep GC freed 6(192B) AllocSpace objects, 0(0B) LOS objects, 23% free, 52MB/68MB, paused 601us total 27.118ms
08-06 13:50:40.397  3330  3341 I art     : Starting a blocking GC Explicit
08-06 13:50:40.424  3330  3341 I art     : Explicit concurrent mark sweep GC freed 3(96B) AllocSpace objects, 0(0B) LOS objects, 23% free, 52MB/68MB, paused 573us total 26.682ms
08-06 13:50:40.745  3330  4220 I art     : Starting a blocking GC Explicit
08-06 13:50:40.772  3330  4220 I art     : Explicit concurrent mark sweep GC freed 1346(78KB) AllocSpace objects, 1(20KB) LOS objects, 23% free, 52MB/68MB, paused 615us total 27.336ms
08-06 13:50:40.784  3330  4220 I art     : Starting a blocking GC Explicit
08-06 13:50:40.810  3330  4220 I art     : Explicit concurrent mark sweep GC freed 20(704B) AllocSpace objects, 0(0B) LOS objects, 23% free, 52MB/68MB, paused 582us total 25.642ms
08-06 13:50:40.820  3330  4220 I art     : Starting a blocking GC Explicit
08-06 13:50:40.846  3330  4220 I art     : Explicit concurrent mark sweep GC freed 3(96B) AllocSpace objects, 0(0B) LOS objects, 23% free, 52MB/68MB, paused 604us total 25.590ms
08-06 13:50:40.857  3330  4220 I art     : Starting a blocking GC Explicit
08-06 13:50:40.885  3330  4220 I art     : Explicit concurrent mark sweep GC freed 3(96B) AllocSpace objects, 0(0B) LOS objects, 23% free, 52MB/68MB, paused 654us total 27.211ms
08-06 13:50:40.896  3330  4220 I art     : Starting a blocking GC Explicit
08-06 13:50:40.924  3330  4220 I art     : Explicit concurrent mark sweep GC freed 3(96B) AllocSpace objects, 0(0B) LOS objects, 23% free, 52MB/68MB, paused 601us total 27.690ms
08-06 13:50:41.259  3330  3442 I art     : Starting a blocking GC Explicit
08-06 13:50:41.262  6060  6060 D AndroidRuntime: >>>>>> START com.android.internal.os.RuntimeInit uid 2000 <<<<<<
08-06 13:50:41.269  6060  6060 D AndroidRuntime: CheckJNI is OFF
08-06 13:50:41.289  3330  3442 I art     : Explicit concurrent mark sweep GC freed 1346(78KB) AllocSpace objects, 1(20KB) LOS objects, 23% free, 52MB/68MB, paused 647us total 29.977ms
08-06 13:50:41.300  3330  3442 I art     : Starting a blocking GC Explicit
08-06 13:50:41.318  6060  6060 D ICU     : No timezone override file found: /data/misc/zoneinfo/current/icu/icu_tzdata.dat
08-06 13:50:41.327  3330  3442 I art     : Explicit concurrent mark sweep GC freed 20(704B) AllocSpace objects, 0(0B) LOS objects, 23% free, 52MB/68MB, paused 711us total 27.083ms
08-06 13:50:41.338  3330  3442 I art     : Starting a blocking GC Explicit
08-06 13:50:41.364  6060  6060 I Radio-JNI: register_android_hardware_Radio DONE
08-06 13:50:41.366  3330  3442 I art     : Explicit concurrent mark sweep GC freed 3(96B) AllocSpace objects, 0(0B) LOS objects, 23% free, 52MB/68MB, paused 606us total 27.085ms
08-06 13:50:41.377  3330  3442 I art     : Starting a blocking GC Explicit
08-06 13:50:41.393  6060  6060 D AndroidRuntime: Calling main entry com.android.commands.input.Input
08-06 13:50:41.396  6060  6060 I Input   : injectMotionEvent: MotionEvent { action=ACTION_DOWN, actionButton=0, id[0]=0, x[0]=756.0, y[0]=1530.0, toolType[0]=TOOL_TYPE_UNKNOWN, buttonState=0, metaState=0, flags=0x0, edgeFlags=0x0, pointerCount=1, historySize=0, eventTime=885057808, downTime=885057808, deviceId=0, source=0x1002 }
08-06 13:50:41.402  6060  6060 I Input   : injectMotionEvent: MotionEvent { action=ACTION_UP, actionButton=0, id[0]=0, x[0]=756.0, y[0]=1530.0, toolType[0]=TOOL_TYPE_UNKNOWN, buttonState=0, metaState=0, flags=0x0, edgeFlags=0x0, pointerCount=1, historySize=0, eventTime=885057808, downTime=885057808, deviceId=0, source=0x1002 }
08-06 13:50:41.403  3330  3442 I art     : Explicit concurrent mark sweep GC freed 3(96B) AllocSpace objects, 0(0B) LOS objects, 23% free, 52MB/68MB, paused 548us total 26.485ms
08-06 13:50:41.405  6060  6060 D AndroidRuntime: Shutting down VM
08-06 13:50:41.411   918  3696 I ActivityManager: START u0 {cmp=baseline.appteam.nith.hillffair/.activities.LeaderBoardActivity} from uid 10697 on display 0
08-06 13:50:41.413   512  2967 D audio_hw_primary: out_set_parameters: enter: usecase(1: low-latency-playback) kvpairs: routing=2
08-06 13:50:41.414  3330  3442 I art     : Starting a blocking GC Explicit
08-06 13:50:41.426   512  2967 D audio_hw_primary: select_devices: out_snd_device(2: speaker) in_snd_device(0: none)
08-06 13:50:41.426   512  2967 D msm8974_platform: platform_send_audio_calibration: sending audio calibration for snd_device(2) acdb_id(15)
08-06 13:50:41.426   512  2967 I soundtrigger: audio_extn_sound_trigger_update_device_status: device 0x2 of type 0 for Event 1
08-06 13:50:41.439   512  2967 D audio_hw_primary: enable_snd_device: snd_device(2: speaker)
08-06 13:50:41.441  3330  3442 I art     : Explicit concurrent mark sweep GC freed 447(24KB) AllocSpace objects, 0(0B) LOS objects, 23% free, 52MB/68MB, paused 816us total 26.358ms
08-06 13:50:41.441   512  2967 D audio_hw_primary: enable_audio_route: apply and update mixer path: low-latency-playback speaker
08-06 13:50:41.475   918  3188 I hubconnection: sensorhub said: 'set_bias 3: -5.7600, 0.0000, 0.0000'
08-06 13:50:41.499  3330  3330 E RecyclerView: No adapter attached; skipping layout
08-06 13:50:41.504  3330  3330 E RecyclerView: No adapter attached; skipping layout
08-06 13:50:41.522 13866 13866 I GoogleInputMethodServic: GoogleInputMethodService.onFinishInput():3138 
08-06 13:50:41.522   918   936 I ActivityManager: Displayed baseline.appteam.nith.hillffair/.activities.LeaderBoardActivity: +98ms
08-06 13:50:41.523 13866 13866 I GoogleInputMethodServic: GoogleInputMethodService.onStartInput():1808 
08-06 13:50:41.524  3330  3330 E RecyclerView: No adapter attached; skipping layout
08-06 13:50:41.549  3330  3365 D OpenGLRenderer: endAllStagingAnimators on 0x7f80619800 (RippleDrawable) with handle 0x7f7d833100
08-06 13:50:41.718  3330  3341 I art     : Starting a blocking GC Explicit
08-06 13:50:41.751  3330  3341 I art     : Explicit concurrent mark sweep GC freed 6254(380KB) AllocSpace objects, 1(20KB) LOS objects, 23% free, 52MB/68MB, paused 691us total 32.810ms
08-06 13:50:41.763  3330  3341 I art     : Starting a blocking GC Explicit
08-06 13:50:41.776   380   380 W SurfaceFlinger: couldn't log to binary event log: overflow.
08-06 13:50:41.791  3330  3341 I art     : Explicit concurrent mark sweep GC freed 261(10KB) AllocSpace objects, 0(0B) LOS objects, 23% free, 52MB/68MB, paused 666us total 27.793ms
08-06 13:50:41.802  3330  3341 I art     : Starting a blocking GC Explicit
08-06 13:50:41.827  3330  3341 I art     : Explicit concurrent mark sweep GC freed 5(160B) AllocSpace objects, 0(0B) LOS objects, 23% free, 52MB/68MB, paused 709us total 24.439ms
08-06 13:50:41.837  3330  3341 I art     : Starting a blocking GC Explicit
08-06 13:50:41.862  3330  3341 I art     : Explicit concurrent mark sweep GC freed 5(160B) AllocSpace objects, 0(0B) LOS objects, 23% free, 52MB/68MB, paused 610us total 24.207ms
08-06 13:50:41.873  3330  3341 I art     : Starting a blocking GC Explicit
08-06 13:50:41.901  3330  3341 I art     : Explicit concurrent mark sweep GC freed 78(5KB) AllocSpace objects, 0(0B) LOS objects, 23% free, 52MB/68MB, paused 857us total 26.815ms
08-06 13:50:41.978   512  2967 D audio_hw_primary: disable_audio_route: reset and update mixer path: low-latency-playback speaker
08-06 13:50:41.980   512  2967 D audio_hw_primary: disable_snd_device: snd_device(2: speaker)
08-06 13:50:41.988   512  2967 I soundtrigger: audio_extn_sound_trigger_update_device_status: device 0x2 of type 0 for Event 0
08-06 13:50:42.161   918  3261 D WifiStateMachine: starting scan for "H369AA63323"WPA_PSK with 2412,5180
08-06 13:50:42.209  3330  3348 I art     : Starting a blocking GC Explicit
08-06 13:50:42.242  3330  3348 I art     : Explicit concurrent mark sweep GC freed 2372(149KB) AllocSpace objects, 3(140KB) LOS objects, 23% free, 53MB/69MB, paused 1.021ms total 32.884ms
08-06 13:50:42.253  3330  3348 I art     : Starting a blocking GC Explicit
08-06 13:50:42.267  3330  6083 D OkHttp  : --> GET https://api-hillfair-2k16.herokuapp.com/api/app/quiz/leaderboard?from=1 http/1.1
08-06 13:50:42.281  3330  3348 I art     : Explicit concurrent mark sweep GC freed 2312(136KB) AllocSpace objects, 1(80KB) LOS objects, 23% free, 52MB/68MB, paused 674us total 27.842ms
08-06 13:50:42.292  3330  3348 I art     : Starting a blocking GC Explicit
08-06 13:50:42.305  3330  6083 D OkHttp  : <-- 200 OK https://api-hillfair-2k16.herokuapp.com/api/app/quiz/leaderboard?from=1 (38ms, 56744-byte body)
08-06 13:50:42.318  3330  3348 I art     : Explicit concurrent mark sweep GC freed 558(80KB) AllocSpace objects, 0(0B) LOS objects, 23% free, 52MB/68MB, paused 661us total 25.910ms
08-06 13:50:42.329  3330  3348 I art     : Starting a blocking GC Explicit
08-06 13:50:42.358  3330  3348 I art     : Explicit concurrent mark sweep GC freed 9605(413KB) AllocSpace objects, 0(0B) LOS objects, 23% free, 52MB/68MB, paused 856us total 28.493ms
08-06 13:50:42.369  3330  3348 I art     : Starting a blocking GC Explicit
08-06 13:50:42.397  3330  3348 I art     : Explicit concurrent mark sweep GC freed 15125(707KB) AllocSpace objects, 0(0B) LOS objects, 23% free, 52MB/68MB, paused 797us total 28.218ms
08-06 13:50:42.410  3330  3330 I NAPPA_EXPERIMENTATION: MetricNetworkRequestExecutionTime: REQUEST_DURATION_SYSTEM='948',REQUEST_DURATION_OKHTTP='38',REQUEST_SYNCHRONOUS='FALSE',RESPONSE_CODE='200',RESPONSE_METHOD='GET',RESPONSE_LENGTH_OKHTTP='56744',RESPONSE_LENGTH_HEADER='56744',REQUEST_PROTOCOL='http/1.1',REQUEST_URL='https://api-hillfair-2k16.herokuapp.com/api/app/quiz/leaderboard?from=1',
08-06 13:50:42.684  3330  3348 I art     : Starting a blocking GC Explicit
08-06 13:50:42.722  3330  3348 I art     : Explicit concurrent mark sweep GC freed 3113(175KB) AllocSpace objects, 1(20KB) LOS objects, 23% free, 53MB/69MB, paused 759us total 37.639ms
08-06 13:50:42.737  3330  3348 I art     : Starting a blocking GC Explicit
08-06 13:50:42.767  3330  3348 I art     : Explicit concurrent mark sweep GC freed 173(7KB) AllocSpace objects, 0(0B) LOS objects, 23% free, 53MB/69MB, paused 775us total 30.423ms
08-06 13:50:42.779  3330  3348 I art     : Starting a blocking GC Explicit
08-06 13:50:42.809  3330  3348 I art     : Explicit concurrent mark sweep GC freed 1885(74KB) AllocSpace objects, 0(0B) LOS objects, 23% free, 53MB/69MB, paused 751us total 29.825ms
08-06 13:50:42.821  3330  3348 I art     : Starting a blocking GC Explicit
08-06 13:50:42.843  3330  6119 W OneSignal: OneSignalRestClient: POST Error thrown from network stack. 
08-06 13:50:42.843  3330  6119 W OneSignal: java.io.IOException: unexpected end of stream on Connection{api.onesignal.com:443, proxy=HTTP@192.168.2.12:8080 hostAddress=192.168.2.12 cipherSuite=TLS_ECDHE_RSA_WITH_AES_128_GCM_SHA256 protocol=http/1.1} (recycle count=0)
08-06 13:50:42.843  3330  6119 W OneSignal: 	at com.android.okhttp.internal.http.HttpConnection.readResponse(HttpConnection.java:210)
08-06 13:50:42.843  3330  6119 W OneSignal: 	at com.android.okhttp.internal.http.HttpTransport.readResponseHeaders(HttpTransport.java:80)
08-06 13:50:42.843  3330  6119 W OneSignal: 	at com.android.okhttp.internal.http.HttpEngine.readNetworkResponse(HttpEngine.java:904)
08-06 13:50:42.843  3330  6119 W OneSignal: 	at com.android.okhttp.internal.http.HttpEngine.readResponse(HttpEngine.java:788)
08-06 13:50:42.843  3330  6119 W OneSignal: 	at com.android.okhttp.internal.huc.HttpURLConnectionImpl.execute(HttpURLConnectionImpl.java:439)
08-06 13:50:42.843  3330  6119 W OneSignal: 	at com.android.okhttp.internal.huc.HttpURLConnectionImpl.getResponse(HttpURLConnectionImpl.java:384)
08-06 13:50:42.843  3330  6119 W OneSignal: 	at com.android.okhttp.internal.huc.HttpURLConnectionImpl.getResponseCode(HttpURLConnectionImpl.java:497)
08-06 13:50:42.843  3330  6119 W OneSignal: 	at com.android.okhttp.internal.huc.DelegatingHttpsURLConnection.getResponseCode(DelegatingHttpsURLConnection.java:105)
08-06 13:50:42.843  3330  6119 W OneSignal: 	at com.android.okhttp.internal.huc.HttpsURLConnectionImpl.getResponseCode(HttpsURLConnectionImpl.java)
08-06 13:50:42.843  3330  6119 W OneSignal: 	at com.onesignal.OneSignalRestClient.startHTTPConnection(OneSignalRestClient.java:180)
08-06 13:50:42.843  3330  6119 W OneSignal: 	at com.onesignal.OneSignalRestClient.access$100(OneSignalRestClient.java:44)
08-06 13:50:42.843  3330  6119 W OneSignal: 	at com.onesignal.OneSignalRestClient$4.run(OneSignalRestClient.java:110)
08-06 13:50:42.843  3330  6119 W OneSignal: 	at java.lang.Thread.run(Thread.java:818)
08-06 13:50:42.843  3330  6119 W OneSignal: Caused by: java.io.EOFException: \n not found: size=0 content=...
08-06 13:50:42.843  3330  6119 W OneSignal: 	at com.android.okhttp.okio.RealBufferedSource.readUtf8LineStrict(RealBufferedSource.java:200)
08-06 13:50:42.843  3330  6119 W OneSignal: 	at com.android.okhttp.internal.http.HttpConnection.readResponse(HttpConnection.java:191)
08-06 13:50:42.843  3330  6119 W OneSignal: 	... 12 more
08-06 13:50:42.844  3330  6120 W OneSignal: Failed last request. statusCode: -1
08-06 13:50:42.844  3330  6120 W OneSignal: response: null
08-06 13:50:42.850  3330  3348 I art     : Explicit concurrent mark sweep GC freed 211(49KB) AllocSpace objects, 0(0B) LOS objects, 23% free, 53MB/69MB, paused 681us total 29.673ms
08-06 13:50:42.862  3330  3348 I art     : Starting a blocking GC Explicit
08-06 13:50:42.891  3330  3348 I art     : Explicit concurrent mark sweep GC freed 240(25KB) AllocSpace objects, 0(0B) LOS objects, 23% free, 53MB/69MB, paused 644us total 29.085ms
08-06 13:50:43.195  3330  3341 I art     : Starting a blocking GC Explicit
08-06 13:50:43.233  3330  3341 I art     : Explicit concurrent mark sweep GC freed 1350(78KB) AllocSpace objects, 1(20KB) LOS objects, 23% free, 53MB/69MB, paused 673us total 37.759ms
08-06 13:50:43.250  3330  3341 I art     : Starting a blocking GC Explicit
08-06 13:50:43.280  3330  3341 I art     : Explicit concurrent mark sweep GC freed 30(1216B) AllocSpace objects, 0(0B) LOS objects, 23% free, 53MB/69MB, paused 624us total 29.880ms
08-06 13:50:43.292  3330  3341 I art     : Starting a blocking GC Explicit
08-06 13:50:43.325  3330  3341 I art     : Explicit concurrent mark sweep GC freed 17(528B) AllocSpace objects, 0(0B) LOS objects, 23% free, 53MB/69MB, paused 630us total 32.189ms
08-06 13:50:43.337  3330  3341 I art     : Starting a blocking GC Explicit
08-06 13:50:43.369  3330  3341 I art     : Explicit concurrent mark sweep GC freed 3(96B) AllocSpace objects, 0(0B) LOS objects, 23% free, 53MB/69MB, paused 621us total 32.293ms
08-06 13:50:43.381  3330  3341 I art     : Starting a blocking GC Explicit
08-06 13:50:43.411  3330  3341 I art     : Explicit concurrent mark sweep GC freed 3(96B) AllocSpace objects, 0(0B) LOS objects, 23% free, 53MB/69MB, paused 587us total 30.009ms
08-06 13:50:43.746  3330  4220 I art     : Starting a blocking GC Explicit
08-06 13:50:43.783  3330  4220 I art     : Explicit concurrent mark sweep GC freed 1347(78KB) AllocSpace objects, 1(20KB) LOS objects, 23% free, 53MB/69MB, paused 660us total 37.435ms
08-06 13:50:43.798  3330  4220 I art     : Starting a blocking GC Explicit
08-06 13:50:43.831  3330  4220 I art     : Explicit concurrent mark sweep GC freed 20(704B) AllocSpace objects, 0(0B) LOS objects, 23% free, 53MB/69MB, paused 619us total 33.335ms
08-06 13:50:43.843  3330  4220 I art     : Starting a blocking GC Explicit
08-06 13:50:43.876  3330  4220 I art     : Explicit concurrent mark sweep GC freed 3(96B) AllocSpace objects, 0(0B) LOS objects, 23% free, 53MB/69MB, paused 597us total 32.465ms
08-06 13:50:43.888  3330  4220 I art     : Starting a blocking GC Explicit
08-06 13:50:43.918  3330  4220 I art     : Explicit concurrent mark sweep GC freed 3(96B) AllocSpace objects, 0(0B) LOS objects, 23% free, 53MB/69MB, paused 662us total 30.449ms
08-06 13:50:43.930  3330  4220 I art     : Starting a blocking GC Explicit
08-06 13:50:43.962  3330  4220 I art     : Explicit concurrent mark sweep GC freed 3(96B) AllocSpace objects, 0(0B) LOS objects, 23% free, 53MB/69MB, paused 624us total 31.694ms
08-06 13:50:44.296  3330  3442 I art     : Starting a blocking GC Explicit
08-06 13:50:44.338  3330  3442 I art     : Explicit concurrent mark sweep GC freed 1347(78KB) AllocSpace objects, 1(20KB) LOS objects, 23% free, 53MB/69MB, paused 672us total 40.753ms
08-06 13:50:44.355  3330  3442 I art     : Starting a blocking GC Explicit
08-06 13:50:44.388  3330  3442 I art     : Explicit concurrent mark sweep GC freed 20(704B) AllocSpace objects, 0(0B) LOS objects, 23% free, 53MB/69MB, paused 674us total 32.959ms
08-06 13:50:44.388  3330  3340 I art     : WaitForGcToComplete blocked for 33.246ms for cause HeapTrim
08-06 13:50:44.400  3330  3442 I art     : Starting a blocking GC Explicit
08-06 13:50:44.432  3330  3442 I art     : Explicit concurrent mark sweep GC freed 3(96B) AllocSpace objects, 0(0B) LOS objects, 23% free, 53MB/69MB, paused 646us total 31.456ms
08-06 13:50:44.444  3330  3442 I art     : Starting a blocking GC Explicit
08-06 13:50:44.476  3330  3442 I art     : Explicit concurrent mark sweep GC freed 3(96B) AllocSpace objects, 0(0B) LOS objects, 23% free, 53MB/69MB, paused 633us total 32.494ms
08-06 13:50:44.488  3330  3442 I art     : Starting a blocking GC Explicit
08-06 13:50:44.518  3330  3442 I art     : Explicit concurrent mark sweep GC freed 3(96B) AllocSpace objects, 0(0B) LOS objects, 23% free, 53MB/69MB, paused 619us total 29.952ms
08-06 13:50:44.870  3330  3348 I art     : Starting a blocking GC Explicit
08-06 13:50:44.904  3330  3348 I art     : Explicit concurrent mark sweep GC freed 1347(78KB) AllocSpace objects, 1(20KB) LOS objects, 23% free, 53MB/69MB, paused 618us total 33.429ms
08-06 13:50:44.915  3330  3348 I art     : Starting a blocking GC Explicit
08-06 13:50:44.945  3330  3348 I art     : Explicit concurrent mark sweep GC freed 20(704B) AllocSpace objects, 0(0B) LOS objects, 23% free, 53MB/69MB, paused 617us total 29.931ms
08-06 13:50:44.957  3330  3348 I art     : Starting a blocking GC Explicit
08-06 13:50:44.988  3330  3348 I art     : Explicit concurrent mark sweep GC freed 3(96B) AllocSpace objects, 0(0B) LOS objects, 23% free, 53MB/69MB, paused 632us total 31.070ms
08-06 13:50:45.000  3330  3348 I art     : Starting a blocking GC Explicit
08-06 13:50:45.031  3330  3348 I art     : Explicit concurrent mark sweep GC freed 3(96B) AllocSpace objects, 0(0B) LOS objects, 23% free, 53MB/69MB, paused 633us total 30.630ms
08-06 13:50:45.043  3330  3348 I art     : Starting a blocking GC Explicit
08-06 13:50:45.076  3330  3348 I art     : Explicit concurrent mark sweep GC freed 3(96B) AllocSpace objects, 0(0B) LOS objects, 23% free, 53MB/69MB, paused 622us total 32.393ms
08-06 13:50:45.334  5524  5524 I ServiceManager: Waiting for service AtCmdFwd...
08-06 13:50:45.407  3330  3341 I art     : Starting a blocking GC Explicit
08-06 13:50:45.449  3330  3341 I art     : Explicit concurrent mark sweep GC freed 1347(78KB) AllocSpace objects, 1(20KB) LOS objects, 23% free, 53MB/69MB, paused 762us total 41.405ms
08-06 13:50:45.465  3330  3341 I art     : Starting a blocking GC Explicit
08-06 13:50:45.497  3330  3341 I art     : Explicit concurrent mark sweep GC freed 20(704B) AllocSpace objects, 0(0B) LOS objects, 23% free, 53MB/69MB, paused 674us total 31.191ms
08-06 13:50:45.509  3330  3341 I art     : Starting a blocking GC Explicit
08-06 13:50:45.542  3330  3341 I art     : Explicit concurrent mark sweep GC freed 3(96B) AllocSpace objects, 0(0B) LOS objects, 23% free, 53MB/69MB, paused 623us total 32.630ms
08-06 13:50:45.554  3330  3341 I art     : Starting a blocking GC Explicit
08-06 13:50:45.586  3330  3341 I art     : Explicit concurrent mark sweep GC freed 3(96B) AllocSpace objects, 0(0B) LOS objects, 23% free, 53MB/69MB, paused 598us total 31.997ms
08-06 13:50:45.598  3330  3341 I art     : Starting a blocking GC Explicit
08-06 13:50:45.629  3330  3341 I art     : Explicit concurrent mark sweep GC freed 3(96B) AllocSpace objects, 0(0B) LOS objects, 23% free, 53MB/69MB, paused 631us total 30.611ms
08-06 13:50:45.928  3330  4220 I art     : Starting a blocking GC Explicit
08-06 13:50:45.960  3330  4220 I art     : Explicit concurrent mark sweep GC freed 1347(78KB) AllocSpace objects, 1(20KB) LOS objects, 23% free, 53MB/69MB, paused 680us total 31.767ms
08-06 13:50:45.975  3330  4220 I art     : Starting a blocking GC Explicit
08-06 13:50:46.005  3330  4220 I art     : Explicit concurrent mark sweep GC freed 20(704B) AllocSpace objects, 0(0B) LOS objects, 23% free, 53MB/69MB, paused 653us total 29.393ms
08-06 13:50:46.016  3330  4220 I art     : Starting a blocking GC Explicit
08-06 13:50:46.047  3330  4220 I art     : Explicit concurrent mark sweep GC freed 3(96B) AllocSpace objects, 0(0B) LOS objects, 23% free, 53MB/69MB, paused 724us total 30.778ms
08-06 13:50:46.059  3330  4220 I art     : Starting a blocking GC Explicit
08-06 13:50:46.090  3330  4220 I art     : Explicit concurrent mark sweep GC freed 3(96B) AllocSpace objects, 0(0B) LOS objects, 23% free, 53MB/69MB, paused 619us total 31.117ms
08-06 13:50:46.102  3330  4220 I art     : Starting a blocking GC Explicit
08-06 13:50:46.132  3330  4220 I art     : Explicit concurrent mark sweep GC freed 3(96B) AllocSpace objects, 0(0B) LOS objects, 23% free, 53MB/69MB, paused 648us total 29.405ms
08-06 13:50:46.230  6172  6172 D AndroidRuntime: >>>>>> START com.android.internal.os.RuntimeInit uid 2000 <<<<<<
08-06 13:50:46.238  6172  6172 D AndroidRuntime: CheckJNI is OFF
08-06 13:50:46.286  6172  6172 D ICU     : No timezone override file found: /data/misc/zoneinfo/current/icu/icu_tzdata.dat
08-06 13:50:46.333  6172  6172 I Radio-JNI: register_android_hardware_Radio DONE
08-06 13:50:46.335  5524  5524 I ServiceManager: Waiting for service AtCmdFwd...
08-06 13:50:46.362  6172  6172 D AndroidRuntime: Calling main entry com.android.commands.input.Input
08-06 13:50:46.364  6172  6172 I Input   : injectKeyEvent: KeyEvent { action=ACTION_DOWN, keyCode=KEYCODE_BACK, scanCode=0, metaState=0, flags=0x0, repeatCount=0, eventTime=885062777, downTime=885062777, deviceId=-1, source=0x101 }
08-06 13:50:46.369  6172  6172 I Input   : injectKeyEvent: KeyEvent { action=ACTION_UP, keyCode=KEYCODE_BACK, scanCode=0, metaState=0, flags=0x0, repeatCount=0, eventTime=885062777, downTime=885062777, deviceId=-1, source=0x101 }
08-06 13:50:46.375  6172  6172 D AndroidRuntime: Shutting down VM
08-06 13:50:46.404 13866 13866 I GoogleInputMethodServic: GoogleInputMethodService.onFinishInput():3138 
08-06 13:50:46.405 13866 13866 I GoogleInputMethodServic: GoogleInputMethodService.onStartInput():1808 
08-06 13:50:46.449  3330  3348 I art     : Starting a blocking GC Explicit
08-06 13:50:46.475  3330  3348 I art     : Explicit concurrent mark sweep GC freed 1484(84KB) AllocSpace objects, 1(20KB) LOS objects, 23% free, 53MB/69MB, paused 599us total 25.975ms
08-06 13:50:46.486  3330  3348 I art     : Starting a blocking GC Explicit
08-06 13:50:46.516  3330  3348 I art     : Explicit concurrent mark sweep GC freed 26(944B) AllocSpace objects, 0(0B) LOS objects, 23% free, 53MB/69MB, paused 568us total 29.461ms
08-06 13:50:46.530  3330  3348 I art     : Starting a blocking GC Explicit
08-06 13:50:46.561  3330  3348 I art     : Explicit concurrent mark sweep GC freed 3(96B) AllocSpace objects, 0(0B) LOS objects, 23% free, 53MB/69MB, paused 617us total 31.227ms
08-06 13:50:46.575  3330  3348 I art     : Starting a blocking GC Explicit
08-06 13:50:46.610  3330  3348 I art     : Explicit concurrent mark sweep GC freed 3(96B) AllocSpace objects, 0(0B) LOS objects, 23% free, 53MB/69MB, paused 619us total 34.472ms
08-06 13:50:46.623  3330  3348 I art     : Starting a blocking GC Explicit
08-06 13:50:46.657  3330  3348 I art     : Explicit concurrent mark sweep GC freed 3(96B) AllocSpace objects, 0(0B) LOS objects, 23% free, 53MB/69MB, paused 680us total 33.529ms
08-06 13:50:46.714   380   380 W SurfaceFlinger: couldn't log to binary event log: overflow.
08-06 13:50:46.947  3330  4220 I art     : Starting a blocking GC Explicit
08-06 13:50:46.983  3330  4220 I art     : Explicit concurrent mark sweep GC freed 1466(87KB) AllocSpace objects, 1(20KB) LOS objects, 23% free, 53MB/69MB, paused 674us total 35.041ms
08-06 13:50:46.997  3330  4220 I art     : Starting a blocking GC Explicit
08-06 13:50:47.026  3330  4220 I art     : Explicit concurrent mark sweep GC freed 4698(269KB) AllocSpace objects, 2(140KB) LOS objects, 23% free, 52MB/68MB, paused 616us total 28.526ms
08-06 13:50:47.037  3330  4220 I art     : Starting a blocking GC Explicit
08-06 13:50:47.065  3330  4220 I art     : Explicit concurrent mark sweep GC freed 3(96B) AllocSpace objects, 0(0B) LOS objects, 23% free, 52MB/68MB, paused 606us total 27.848ms
08-06 13:50:47.076  3330  4220 I art     : Starting a blocking GC Explicit
08-06 13:50:47.103  3330  4220 I art     : Explicit concurrent mark sweep GC freed 3(96B) AllocSpace objects, 0(0B) LOS objects, 23% free, 52MB/68MB, paused 647us total 26.638ms
08-06 13:50:47.115  3330  4220 I art     : Starting a blocking GC Explicit
08-06 13:50:47.140  3330  4220 I art     : Explicit concurrent mark sweep GC freed 3(96B) AllocSpace objects, 0(0B) LOS objects, 23% free, 52MB/68MB, paused 596us total 24.795ms
08-06 13:50:47.336  5524  5524 I ServiceManager: Waiting for service AtCmdFwd...
08-06 13:50:47.451  3330  3442 I art     : Starting a blocking GC Explicit
08-06 13:50:47.486  3330  3442 I art     : Explicit concurrent mark sweep GC freed 1347(78KB) AllocSpace objects, 1(20KB) LOS objects, 23% free, 52MB/68MB, paused 654us total 33.989ms
08-06 13:50:47.499  3330  3442 I art     : Starting a blocking GC Explicit
08-06 13:50:47.527  3330  3442 I art     : Explicit concurrent mark sweep GC freed 20(704B) AllocSpace objects, 0(0B) LOS objects, 23% free, 52MB/68MB, paused 671us total 27.724ms
08-06 13:50:47.539  3330  3442 I art     : Starting a blocking GC Explicit
08-06 13:50:47.566  3330  3442 I art     : Explicit concurrent mark sweep GC freed 24(1104B) AllocSpace objects, 0(0B) LOS objects, 23% free, 52MB/68MB, paused 599us total 27.559ms
08-06 13:50:47.578  3330  3442 I art     : Starting a blocking GC Explicit
08-06 13:50:47.605  3330  3442 I art     : Explicit concurrent mark sweep GC freed 19(608B) AllocSpace objects, 0(0B) LOS objects, 23% free, 52MB/68MB, paused 566us total 26.837ms
08-06 13:50:47.616  3330  3442 I art     : Starting a blocking GC Explicit
08-06 13:50:47.642  3330  3442 I art     : Explicit concurrent mark sweep GC freed 3(96B) AllocSpace objects, 0(0B) LOS objects, 23% free, 52MB/68MB, paused 602us total 25.315ms
08-06 13:50:47.914  3330  3348 I art     : Starting a blocking GC Explicit
08-06 13:50:47.947  3330  3348 I art     : Explicit concurrent mark sweep GC freed 1346(78KB) AllocSpace objects, 1(20KB) LOS objects, 23% free, 52MB/68MB, paused 681us total 32.537ms
08-06 13:50:47.959  3330  3348 I art     : Starting a blocking GC Explicit
08-06 13:50:47.988  3330  3348 I art     : Explicit concurrent mark sweep GC freed 20(704B) AllocSpace objects, 0(0B) LOS objects, 23% free, 52MB/68MB, paused 663us total 28.532ms
08-06 13:50:48.000  3330  3348 I art     : Starting a blocking GC Explicit
08-06 13:50:48.033  3330  3348 I art     : Explicit concurrent mark sweep GC freed 7(224B) AllocSpace objects, 0(0B) LOS objects, 23% free, 52MB/68MB, paused 727us total 33.363ms
08-06 13:50:48.045  3330  3348 I art     : Starting a blocking GC Explicit
08-06 13:50:48.071  3330  3348 I art     : Explicit concurrent mark sweep GC freed 8(256B) AllocSpace objects, 0(0B) LOS objects, 23% free, 52MB/68MB, paused 590us total 26.299ms
08-06 13:50:48.084  3330  3348 I art     : Starting a blocking GC Explicit
08-06 13:50:48.108  3330  3348 I art     : Explicit concurrent mark sweep GC freed 7(224B) AllocSpace objects, 0(0B) LOS objects, 23% free, 52MB/68MB, paused 607us total 24.682ms
08-06 13:50:48.162  6227  6227 D AndroidRuntime: >>>>>> START com.android.internal.os.RuntimeInit uid 2000 <<<<<<
08-06 13:50:48.168  6227  6227 D AndroidRuntime: CheckJNI is OFF
08-06 13:50:48.208  6227  6227 D ICU     : No timezone override file found: /data/misc/zoneinfo/current/icu/icu_tzdata.dat
08-06 13:50:48.250  6227  6227 I Radio-JNI: register_android_hardware_Radio DONE
08-06 13:50:48.279  6227  6227 D AndroidRuntime: Calling main entry com.android.commands.input.Input
08-06 13:50:48.281  6227  6227 I Input   : injectKeyEvent: KeyEvent { action=ACTION_DOWN, keyCode=KEYCODE_BACK, scanCode=0, metaState=0, flags=0x0, repeatCount=0, eventTime=885064693, downTime=885064693, deviceId=-1, source=0x101 }
08-06 13:50:48.286  6227  6227 I Input   : injectKeyEvent: KeyEvent { action=ACTION_UP, keyCode=KEYCODE_BACK, scanCode=0, metaState=0, flags=0x0, repeatCount=0, eventTime=885064693, downTime=885064693, deviceId=-1, source=0x101 }
08-06 13:50:48.295  6227  6227 D AndroidRuntime: Shutting down VM
08-06 13:50:48.336  5524  5524 I ServiceManager: Waiting for service AtCmdFwd...
08-06 13:50:48.337 13866 13866 I GoogleInputMethodServic: GoogleInputMethodService.onFinishInput():3138 
08-06 13:50:48.338 13866 13866 I GoogleInputMethodServic: GoogleInputMethodService.onStartInput():1808 
08-06 13:50:48.406  3330  3341 I art     : Starting a blocking GC Explicit
08-06 13:50:48.431  3330  3341 I art     : Explicit concurrent mark sweep GC freed 1564(87KB) AllocSpace objects, 1(20KB) LOS objects, 23% free, 52MB/68MB, paused 574us total 24.665ms
08-06 13:50:48.442  3330  3341 I art     : Starting a blocking GC Explicit
08-06 13:50:48.466  3330  3341 I art     : Explicit concurrent mark sweep GC freed 24(864B) AllocSpace objects, 0(0B) LOS objects, 23% free, 52MB/68MB, paused 523us total 24.025ms
08-06 13:50:48.477  3330  3341 I art     : Starting a blocking GC Explicit
08-06 13:50:48.501  3330  3341 I art     : Explicit concurrent mark sweep GC freed 3(96B) AllocSpace objects, 0(0B) LOS objects, 23% free, 52MB/68MB, paused 574us total 24.045ms
08-06 13:50:48.513  3330  3341 I art     : Starting a blocking GC Explicit
08-06 13:50:48.538  3330  3341 I art     : Explicit concurrent mark sweep GC freed 3(96B) AllocSpace objects, 0(0B) LOS objects, 23% free, 52MB/68MB, paused 577us total 25.155ms
08-06 13:50:48.549  3330  3341 I art     : Starting a blocking GC Explicit
08-06 13:50:48.574  3330  3341 I art     : Explicit concurrent mark sweep GC freed 3(96B) AllocSpace objects, 0(0B) LOS objects, 23% free, 52MB/68MB, paused 526us total 24.997ms
08-06 13:50:48.649   380   380 W SurfaceFlinger: couldn't log to binary event log: overflow.
08-06 13:50:48.859  3330  3341 I art     : Starting a blocking GC Explicit
08-06 13:50:48.892  3330  3341 I art     : Explicit concurrent mark sweep GC freed 1461(87KB) AllocSpace objects, 1(20KB) LOS objects, 23% free, 52MB/68MB, paused 616us total 32.668ms
08-06 13:50:48.907  3330  3341 I art     : Starting a blocking GC Explicit
08-06 13:50:48.934  3330  3341 I art     : Explicit concurrent mark sweep GC freed 2078(121KB) AllocSpace objects, 2(180KB) LOS objects, 23% free, 52MB/68MB, paused 594us total 26.842ms
08-06 13:50:48.946  3330  3341 I art     : Starting a blocking GC Explicit
08-06 13:50:48.972  3330  3341 I art     : Explicit concurrent mark sweep GC freed 3(96B) AllocSpace objects, 0(0B) LOS objects, 23% free, 52MB/68MB, paused 616us total 26.157ms
08-06 13:50:48.983  3330  3341 I art     : Starting a blocking GC Explicit
08-06 13:50:49.010  3330  3341 I art     : Explicit concurrent mark sweep GC freed 3(96B) AllocSpace objects, 0(0B) LOS objects, 23% free, 52MB/68MB, paused 594us total 26.448ms
08-06 13:50:49.021  3330  3341 I art     : Starting a blocking GC Explicit
08-06 13:50:49.048  3330  3341 I art     : Explicit concurrent mark sweep GC freed 3(96B) AllocSpace objects, 0(0B) LOS objects, 23% free, 52MB/68MB, paused 620us total 26.544ms
08-06 13:50:49.337  5524  5524 I ServiceManager: Waiting for service AtCmdFwd...
08-06 13:50:49.341  3330  4220 I art     : Starting a blocking GC Explicit
08-06 13:50:49.373  3330  4220 I art     : Explicit concurrent mark sweep GC freed 1346(78KB) AllocSpace objects, 1(20KB) LOS objects, 23% free, 52MB/68MB, paused 626us total 31.446ms
08-06 13:50:49.387  3330  4220 I art     : Starting a blocking GC Explicit
08-06 13:50:49.414  3330  4220 I art     : Explicit concurrent mark sweep GC freed 20(704B) AllocSpace objects, 0(0B) LOS objects, 23% free, 52MB/68MB, paused 573us total 27.319ms
08-06 13:50:49.425  3330  4220 I art     : Starting a blocking GC Explicit
08-06 13:50:49.452  3330  4220 I art     : Explicit concurrent mark sweep GC freed 3(96B) AllocSpace objects, 0(0B) LOS objects, 23% free, 52MB/68MB, paused 586us total 26.281ms
08-06 13:50:49.452  3330  3340 I art     : WaitForGcToComplete blocked for 20.117ms for cause HeapTrim
08-06 13:50:49.463  3330  4220 I art     : Starting a blocking GC Explicit
08-06 13:50:49.489  3330  4220 I art     : Explicit concurrent mark sweep GC freed 3(96B) AllocSpace objects, 0(0B) LOS objects, 23% free, 52MB/68MB, paused 585us total 26.253ms
08-06 13:50:49.500  3330  4220 I art     : Starting a blocking GC Explicit
08-06 13:50:49.527  3330  4220 I art     : Explicit concurrent mark sweep GC freed 3(96B) AllocSpace objects, 0(0B) LOS objects, 23% free, 52MB/68MB, paused 715us total 26.207ms
08-06 13:50:49.818  3330  3348 I art     : Starting a blocking GC Explicit
08-06 13:50:49.847  3330  3348 I art     : Explicit concurrent mark sweep GC freed 1344(78KB) AllocSpace objects, 1(20KB) LOS objects, 23% free, 52MB/68MB, paused 663us total 28.354ms
08-06 13:50:49.861  3330  3348 I art     : Starting a blocking GC Explicit
08-06 13:50:49.888  3330  3348 I art     : Explicit concurrent mark sweep GC freed 20(704B) AllocSpace objects, 0(0B) LOS objects, 23% free, 52MB/68MB, paused 664us total 26.636ms
08-06 13:50:49.899  3330  3348 I art     : Starting a blocking GC Explicit
08-06 13:50:49.927  3330  3348 I art     : Explicit concurrent mark sweep GC freed 3(96B) AllocSpace objects, 0(0B) LOS objects, 23% free, 52MB/68MB, paused 704us total 27.549ms
08-06 13:50:49.938  3330  3348 I art     : Starting a blocking GC Explicit
08-06 13:50:49.966  3330  3348 I art     : Explicit concurrent mark sweep GC freed 3(96B) AllocSpace objects, 0(0B) LOS objects, 23% free, 52MB/68MB, paused 624us total 27.043ms
08-06 13:50:49.977  3330  3348 I art     : Starting a blocking GC Explicit
08-06 13:50:50.004  3330  3348 I art     : Explicit concurrent mark sweep GC freed 3(96B) AllocSpace objects, 0(0B) LOS objects, 23% free, 52MB/68MB, paused 589us total 26.194ms
08-06 13:50:50.088  6280  6280 D AndroidRuntime: >>>>>> START com.android.internal.os.RuntimeInit uid 2000 <<<<<<
08-06 13:50:50.094  6280  6280 D AndroidRuntime: CheckJNI is OFF
08-06 13:50:50.142  6280  6280 D ICU     : No timezone override file found: /data/misc/zoneinfo/current/icu/icu_tzdata.dat
08-06 13:50:50.189  6280  6280 I Radio-JNI: register_android_hardware_Radio DONE
08-06 13:50:50.218  6280  6280 D AndroidRuntime: Calling main entry com.android.commands.input.Input
08-06 13:50:50.221  6280  6280 I Input   : injectMotionEvent: MotionEvent { action=ACTION_DOWN, actionButton=0, id[0]=0, x[0]=1084.0, y[0]=2213.0, toolType[0]=TOOL_TYPE_UNKNOWN, buttonState=0, metaState=0, flags=0x0, edgeFlags=0x0, pointerCount=1, historySize=0, eventTime=885066633, downTime=885066633, deviceId=0, source=0x1002 }
08-06 13:50:50.226  6280  6280 I Input   : injectMotionEvent: MotionEvent { action=ACTION_UP, actionButton=0, id[0]=0, x[0]=1084.0, y[0]=2213.0, toolType[0]=TOOL_TYPE_UNKNOWN, buttonState=0, metaState=0, flags=0x0, edgeFlags=0x0, pointerCount=1, historySize=0, eventTime=885066633, downTime=885066633, deviceId=0, source=0x1002 }
08-06 13:50:50.229   918  5952 I ActivityManager: START u0 {cmp=baseline.appteam.nith.hillffair/.activities.EventActivity} from uid 10697 on display 0
08-06 13:50:50.237  6280  6280 D AndroidRuntime: Shutting down VM
08-06 13:50:50.324 13866 13866 I GoogleInputMethodServic: GoogleInputMethodService.onFinishInput():3138 
08-06 13:50:50.325 13866 13866 I GoogleInputMethodServic: GoogleInputMethodService.onStartInput():1808 
08-06 13:50:50.326  3330  4220 I art     : Starting a blocking GC Explicit
08-06 13:50:50.337  5524  5524 W Atfwd_Sendcmd: AtCmdFwd service not published, waiting... retryCnt : 3
08-06 13:50:50.356  3330  4220 I art     : Explicit concurrent mark sweep GC freed 6083(364KB) AllocSpace objects, 1(20KB) LOS objects, 23% free, 52MB/68MB, paused 979us total 28.123ms
08-06 13:50:50.362   918   936 I ActivityManager: Displayed baseline.appteam.nith.hillffair/.activities.EventActivity: +124ms
08-06 13:50:50.371  3330  4220 I art     : Starting a blocking GC Explicit
08-06 13:50:50.399  3330  4220 I art     : Explicit concurrent mark sweep GC freed 287(12KB) AllocSpace objects, 0(0B) LOS objects, 23% free, 52MB/68MB, paused 719us total 27.317ms
08-06 13:50:50.412  3330  4220 I art     : Starting a blocking GC Explicit
08-06 13:50:50.435  3330  4220 I art     : Explicit concurrent mark sweep GC freed 69(4KB) AllocSpace objects, 0(0B) LOS objects, 23% free, 52MB/68MB, paused 692us total 23.569ms
08-06 13:50:50.446  3330  4220 I art     : Starting a blocking GC Explicit
08-06 13:50:50.472  3330  4220 I art     : Explicit concurrent mark sweep GC freed 3(96B) AllocSpace objects, 0(0B) LOS objects, 23% free, 52MB/68MB, paused 620us total 26.460ms
08-06 13:50:50.483  3330  4220 I art     : Starting a blocking GC Explicit
08-06 13:50:50.511  3330  4220 I art     : Explicit concurrent mark sweep GC freed 3(96B) AllocSpace objects, 0(0B) LOS objects, 23% free, 52MB/68MB, paused 650us total 28.083ms
08-06 13:50:50.585   380   380 W SurfaceFlinger: couldn't log to binary event log: overflow.
08-06 13:50:50.794  3330  3442 I art     : Starting a blocking GC Explicit
08-06 13:50:50.822  3330  3442 I art     : Explicit concurrent mark sweep GC freed 1437(84KB) AllocSpace objects, 1(20KB) LOS objects, 23% free, 52MB/68MB, paused 847us total 27.101ms
08-06 13:50:50.833  3330  3442 I art     : Starting a blocking GC Explicit
08-06 13:50:50.860  3330  3442 I art     : Explicit concurrent mark sweep GC freed 40(1408B) AllocSpace objects, 0(0B) LOS objects, 23% free, 52MB/68MB, paused 653us total 26.862ms
08-06 13:50:50.871  3330  3442 I art     : Starting a blocking GC Explicit
08-06 13:50:50.898  3330  3442 I art     : Explicit concurrent mark sweep GC freed 13(480B) AllocSpace objects, 0(0B) LOS objects, 23% free, 52MB/68MB, paused 666us total 26.389ms
08-06 13:50:50.909  3330  3442 I art     : Starting a blocking GC Explicit
08-06 13:50:50.935  3330  3442 I art     : Explicit concurrent mark sweep GC freed 13(480B) AllocSpace objects, 0(0B) LOS objects, 23% free, 52MB/68MB, paused 650us total 26.430ms
08-06 13:50:50.946  3330  3442 I art     : Starting a blocking GC Explicit
08-06 13:50:50.972  3330  3442 I art     : Explicit concurrent mark sweep GC freed 16(608B) AllocSpace objects, 0(0B) LOS objects, 23% free, 52MB/68MB, paused 613us total 25.714ms
08-06 13:50:51.146  3330  6313 D OkHttp  : --> GET https://api-hillfair-2k16.herokuapp.com/api/app/club http/1.1
08-06 13:50:51.182  3330  6313 D OkHttp  : <-- 200 OK https://api-hillfair-2k16.herokuapp.com/api/app/club (36ms, 1870-byte body)
08-06 13:50:51.204  3330  3330 I NAPPA_EXPERIMENTATION: MetricNetworkRequestExecutionTime: REQUEST_DURATION_SYSTEM='937',REQUEST_DURATION_OKHTTP='36',REQUEST_SYNCHRONOUS='FALSE',RESPONSE_CODE='200',RESPONSE_METHOD='GET',RESPONSE_LENGTH_OKHTTP='1870',RESPONSE_LENGTH_HEADER='1870',REQUEST_PROTOCOL='http/1.1',REQUEST_URL='https://api-hillfair-2k16.herokuapp.com/api/app/club',
08-06 13:50:51.271  3330  3348 I art     : Starting a blocking GC Explicit
08-06 13:50:51.304  3330  3348 I art     : Explicit concurrent mark sweep GC freed 6156(369KB) AllocSpace objects, 4(220KB) LOS objects, 23% free, 52MB/68MB, paused 1.006ms total 32.984ms
08-06 13:50:51.315  3330  3348 I art     : Starting a blocking GC Explicit
08-06 13:50:51.345  3330  3348 I art     : Explicit concurrent mark sweep GC freed 1348(171KB) AllocSpace objects, 0(0B) LOS objects, 23% free, 52MB/68MB, paused 1.022ms total 29.631ms
08-06 13:50:51.356  3330  3348 I art     : Starting a blocking GC Explicit
08-06 13:50:51.385  3330  3348 I art     : Explicit concurrent mark sweep GC freed 308(33KB) AllocSpace objects, 0(0B) LOS objects, 23% free, 53MB/69MB, paused 1.196ms total 28.555ms
08-06 13:50:51.396  3330  3348 I art     : Starting a blocking GC Explicit
08-06 13:50:51.423  3330  3348 I art     : Explicit concurrent mark sweep GC freed 520(126KB) AllocSpace objects, 0(0B) LOS objects, 23% free, 53MB/69MB, paused 853us total 26.902ms
08-06 13:50:51.434  3330  3348 I art     : Starting a blocking GC Explicit
08-06 13:50:51.460  3330  3348 I art     : Explicit concurrent mark sweep GC freed 56(1984B) AllocSpace objects, 0(0B) LOS objects, 23% free, 53MB/69MB, paused 781us total 25.782ms
08-06 13:50:51.766  3330  4220 I art     : Starting a blocking GC Explicit
08-06 13:50:51.801  3330  4220 I art     : Explicit concurrent mark sweep GC freed 1347(78KB) AllocSpace objects, 1(20KB) LOS objects, 23% free, 53MB/69MB, paused 875us total 35.275ms
08-06 13:50:51.816  3330  4220 I art     : Starting a blocking GC Explicit
08-06 13:50:51.846  3330  4220 I art     : Explicit concurrent mark sweep GC freed 7305(288KB) AllocSpace objects, 0(0B) LOS objects, 23% free, 53MB/69MB, paused 1.042ms total 29.919ms
08-06 13:50:51.857  3330  4220 I art     : Starting a blocking GC Explicit
08-06 13:50:51.886  3330  4220 I art     : Explicit concurrent mark sweep GC freed 309(10KB) AllocSpace objects, 0(0B) LOS objects, 23% free, 53MB/69MB, paused 796us total 28.128ms
08-06 13:50:51.897  3330  4220 I art     : Starting a blocking GC Explicit
08-06 13:50:51.926  3330  4220 I art     : Explicit concurrent mark sweep GC freed 165(24KB) AllocSpace objects, 0(0B) LOS objects, 23% free, 53MB/69MB, paused 797us total 29.153ms
08-06 13:50:51.937  3330  4220 I art     : Starting a blocking GC Explicit
08-06 13:50:51.967  3330  4220 I art     : Explicit concurrent mark sweep GC freed 359(89KB) AllocSpace objects, 0(0B) LOS objects, 23% free, 53MB/69MB, paused 778us total 29.083ms
08-06 13:50:52.285  3330  4220 I art     : Starting a blocking GC Explicit
08-06 13:50:52.322  3330  4220 I art     : Explicit concurrent mark sweep GC freed 1573(144KB) AllocSpace objects, 1(20KB) LOS objects, 23% free, 53MB/69MB, paused 770us total 36.161ms
08-06 13:50:52.335  3330  4220 I art     : Starting a blocking GC Explicit
08-06 13:50:52.367  3330  4220 I art     : Explicit concurrent mark sweep GC freed 37(1248B) AllocSpace objects, 0(0B) LOS objects, 23% free, 53MB/69MB, paused 886us total 32.250ms
08-06 13:50:52.379  3330  4220 I art     : Starting a blocking GC Explicit
08-06 13:50:52.411  3330  4220 I art     : Explicit concurrent mark sweep GC freed 3(96B) AllocSpace objects, 0(0B) LOS objects, 23% free, 53MB/69MB, paused 738us total 31.598ms
08-06 13:50:52.423  3330  4220 I art     : Starting a blocking GC Explicit
08-06 13:50:52.454  3330  4220 I art     : Explicit concurrent mark sweep GC freed 3(96B) AllocSpace objects, 0(0B) LOS objects, 23% free, 53MB/69MB, paused 699us total 30.805ms
08-06 13:50:52.467  3330  4220 I art     : Starting a blocking GC Explicit
08-06 13:50:52.499  3330  4220 I art     : Explicit concurrent mark sweep GC freed 24(1104B) AllocSpace objects, 0(0B) LOS objects, 23% free, 53MB/69MB, paused 684us total 31.775ms
08-06 13:50:52.840  3330  3442 I art     : Starting a blocking GC Explicit
08-06 13:50:52.880  3330  3442 I art     : Explicit concurrent mark sweep GC freed 1363(78KB) AllocSpace objects, 1(20KB) LOS objects, 23% free, 53MB/69MB, paused 739us total 39.419ms
08-06 13:50:52.894  3330  3442 I art     : Starting a blocking GC Explicit
08-06 13:50:52.924  3330  3442 I art     : Explicit concurrent mark sweep GC freed 20(704B) AllocSpace objects, 0(0B) LOS objects, 23% free, 53MB/69MB, paused 697us total 29.657ms
08-06 13:50:52.936  3330  3442 I art     : Starting a blocking GC Explicit
08-06 13:50:52.969  3330  3442 I art     : Explicit concurrent mark sweep GC freed 3(96B) AllocSpace objects, 0(0B) LOS objects, 23% free, 53MB/69MB, paused 703us total 32.379ms
08-06 13:50:52.981  3330  3442 I art     : Starting a blocking GC Explicit
08-06 13:50:53.013  3330  3442 I art     : Explicit concurrent mark sweep GC freed 3(96B) AllocSpace objects, 0(0B) LOS objects, 23% free, 53MB/69MB, paused 695us total 31.623ms
08-06 13:50:53.024  3330  3442 I art     : Starting a blocking GC Explicit
08-06 13:50:53.054  3330  3442 I art     : Explicit concurrent mark sweep GC freed 3(96B) AllocSpace objects, 0(0B) LOS objects, 23% free, 53MB/69MB, paused 682us total 29.910ms
08-06 13:50:53.405  3330  3348 I art     : Starting a blocking GC Explicit
08-06 13:50:53.438  3330  3348 I art     : Explicit concurrent mark sweep GC freed 1347(78KB) AllocSpace objects, 1(20KB) LOS objects, 23% free, 53MB/69MB, paused 748us total 32.764ms
08-06 13:50:53.450  3330  3348 I art     : Starting a blocking GC Explicit
08-06 13:50:53.482  3330  3348 I art     : Explicit concurrent mark sweep GC freed 20(704B) AllocSpace objects, 0(0B) LOS objects, 23% free, 53MB/69MB, paused 681us total 31.852ms
08-06 13:50:53.494  3330  3348 I art     : Starting a blocking GC Explicit
08-06 13:50:53.525  3330  3348 I art     : Explicit concurrent mark sweep GC freed 3(96B) AllocSpace objects, 0(0B) LOS objects, 23% free, 53MB/69MB, paused 690us total 31.004ms
08-06 13:50:53.537  3330  3348 I art     : Starting a blocking GC Explicit
08-06 13:50:53.568  3330  3348 I art     : Explicit concurrent mark sweep GC freed 3(96B) AllocSpace objects, 0(0B) LOS objects, 23% free, 53MB/69MB, paused 734us total 30.422ms
08-06 13:50:53.580  3330  3348 I art     : Starting a blocking GC Explicit
08-06 13:50:53.612  3330  3348 I art     : Explicit concurrent mark sweep GC freed 3(96B) AllocSpace objects, 0(0B) LOS objects, 23% free, 53MB/69MB, paused 684us total 31.615ms
08-06 13:50:53.937  3330  3341 I art     : Starting a blocking GC Explicit
08-06 13:50:53.975  3330  3341 I art     : Explicit concurrent mark sweep GC freed 1347(78KB) AllocSpace objects, 1(20KB) LOS objects, 23% free, 53MB/69MB, paused 737us total 37.580ms
08-06 13:50:53.989  3330  3341 I art     : Starting a blocking GC Explicit
08-06 13:50:54.021  3330  3341 I art     : Explicit concurrent mark sweep GC freed 20(704B) AllocSpace objects, 0(0B) LOS objects, 23% free, 53MB/69MB, paused 649us total 30.991ms
08-06 13:50:54.032  3330  3341 I art     : Starting a blocking GC Explicit
08-06 13:50:54.063  3330  3341 I art     : Explicit concurrent mark sweep GC freed 3(96B) AllocSpace objects, 0(0B) LOS objects, 23% free, 53MB/69MB, paused 682us total 30.745ms
08-06 13:50:54.075  3330  3341 I art     : Starting a blocking GC Explicit
08-06 13:50:54.107  3330  3341 I art     : Explicit concurrent mark sweep GC freed 3(96B) AllocSpace objects, 0(0B) LOS objects, 23% free, 53MB/69MB, paused 813us total 31.963ms
08-06 13:50:54.119  3330  3341 I art     : Starting a blocking GC Explicit
08-06 13:50:54.152  3330  3341 I art     : Explicit concurrent mark sweep GC freed 3(96B) AllocSpace objects, 0(0B) LOS objects, 23% free, 53MB/69MB, paused 676us total 32.405ms
08-06 13:50:54.488  3330  4220 I art     : Starting a blocking GC Explicit
08-06 13:50:54.531  3330  4220 I art     : Explicit concurrent mark sweep GC freed 1347(78KB) AllocSpace objects, 1(20KB) LOS objects, 23% free, 53MB/69MB, paused 1.021ms total 42.892ms
08-06 13:50:54.531  3330  3340 I art     : WaitForGcToComplete blocked for 40.894ms for cause HeapTrim
08-06 13:50:54.542  3330  4220 I art     : Starting a blocking GC Explicit
08-06 13:50:54.572  3330  4220 I art     : Explicit concurrent mark sweep GC freed 20(704B) AllocSpace objects, 0(0B) LOS objects, 23% free, 53MB/69MB, paused 685us total 29.602ms
08-06 13:50:54.584  3330  4220 I art     : Starting a blocking GC Explicit
08-06 13:50:54.616  3330  4220 I art     : Explicit concurrent mark sweep GC freed 3(96B) AllocSpace objects, 0(0B) LOS objects, 23% free, 53MB/69MB, paused 662us total 31.480ms
08-06 13:50:54.628  3330  4220 I art     : Starting a blocking GC Explicit
08-06 13:50:54.661  3330  4220 I art     : Explicit concurrent mark sweep GC freed 3(96B) AllocSpace objects, 0(0B) LOS objects, 23% free, 53MB/69MB, paused 671us total 32.539ms
08-06 13:50:54.672  3330  4220 I art     : Starting a blocking GC Explicit
08-06 13:50:54.704  3330  4220 I art     : Explicit concurrent mark sweep GC freed 3(96B) AllocSpace objects, 0(0B) LOS objects, 23% free, 53MB/69MB, paused 677us total 30.911ms
08-06 13:50:55.046  3330  3442 I art     : Starting a blocking GC Explicit
08-06 13:50:55.085  3330  3442 I art     : Explicit concurrent mark sweep GC freed 1347(78KB) AllocSpace objects, 1(20KB) LOS objects, 23% free, 53MB/69MB, paused 701us total 38.892ms
08-06 13:50:55.099  3330  3442 I art     : Starting a blocking GC Explicit
08-06 13:50:55.131  3330  3442 I art     : Explicit concurrent mark sweep GC freed 20(704B) AllocSpace objects, 0(0B) LOS objects, 23% free, 53MB/69MB, paused 757us total 31.640ms
08-06 13:50:55.143  3330  3442 I art     : Starting a blocking GC Explicit
08-06 13:50:55.174  3330  3442 I art     : Explicit concurrent mark sweep GC freed 3(96B) AllocSpace objects, 0(0B) LOS objects, 23% free, 53MB/69MB, paused 648us total 30.178ms
08-06 13:50:55.186  3330  3442 I art     : Starting a blocking GC Explicit
08-06 13:50:55.217  3330  3442 I art     : Explicit concurrent mark sweep GC freed 3(96B) AllocSpace objects, 0(0B) LOS objects, 23% free, 53MB/69MB, paused 668us total 30.864ms
08-06 13:50:55.229  3330  3442 I art     : Starting a blocking GC Explicit
08-06 13:50:55.261  3330  3442 I art     : Explicit concurrent mark sweep GC freed 3(96B) AllocSpace objects, 0(0B) LOS objects, 23% free, 53MB/69MB, paused 683us total 32.036ms
08-06 13:50:55.594  3330  3348 I art     : Starting a blocking GC Explicit
08-06 13:50:55.638  3330  3348 I art     : Explicit concurrent mark sweep GC freed 1347(78KB) AllocSpace objects, 1(20KB) LOS objects, 23% free, 53MB/69MB, paused 1.046ms total 44.155ms
08-06 13:50:55.653  3330  3348 I art     : Starting a blocking GC Explicit
08-06 13:50:55.683  3330  3348 I art     : Explicit concurrent mark sweep GC freed 20(704B) AllocSpace objects, 0(0B) LOS objects, 23% free, 53MB/69MB, paused 670us total 30.116ms
08-06 13:50:55.695  3330  3348 I art     : Starting a blocking GC Explicit
08-06 13:50:55.728  3330  3348 I art     : Explicit concurrent mark sweep GC freed 3(96B) AllocSpace objects, 0(0B) LOS objects, 23% free, 53MB/69MB, paused 714us total 32.013ms
08-06 13:50:55.739  3330  3348 I art     : Starting a blocking GC Explicit
08-06 13:50:55.772  3330  3348 I art     : Explicit concurrent mark sweep GC freed 3(96B) AllocSpace objects, 0(0B) LOS objects, 23% free, 53MB/69MB, paused 679us total 32.431ms
08-06 13:50:55.784  3330  3348 I art     : Starting a blocking GC Explicit
08-06 13:50:55.815  3330  3348 I art     : Explicit concurrent mark sweep GC freed 3(96B) AllocSpace objects, 0(0B) LOS objects, 23% free, 53MB/69MB, paused 673us total 31.072ms
08-06 13:50:56.137  3330  3341 I art     : Starting a blocking GC Explicit
08-06 13:50:56.171  3330  3341 I art     : Explicit concurrent mark sweep GC freed 1347(78KB) AllocSpace objects, 1(20KB) LOS objects, 23% free, 53MB/69MB, paused 716us total 34.494ms
08-06 13:50:56.185  3330  3341 I art     : Starting a blocking GC Explicit
08-06 13:50:56.217  3330  3341 I art     : Explicit concurrent mark sweep GC freed 20(704B) AllocSpace objects, 0(0B) LOS objects, 23% free, 53MB/69MB, paused 664us total 31.980ms
08-06 13:50:56.229  3330  3341 I art     : Starting a blocking GC Explicit
08-06 13:50:56.260  3330  3341 I art     : Explicit concurrent mark sweep GC freed 3(96B) AllocSpace objects, 0(0B) LOS objects, 23% free, 53MB/69MB, paused 674us total 30.759ms
08-06 13:50:56.271  3330  3341 I art     : Starting a blocking GC Explicit
08-06 13:50:56.303  3330  3341 I art     : Explicit concurrent mark sweep GC freed 3(96B) AllocSpace objects, 0(0B) LOS objects, 23% free, 53MB/69MB, paused 669us total 30.953ms
08-06 13:50:56.315  3330  3341 I art     : Starting a blocking GC Explicit
08-06 13:50:56.346  3330  3341 I art     : Explicit concurrent mark sweep GC freed 3(96B) AllocSpace objects, 0(0B) LOS objects, 23% free, 53MB/69MB, paused 640us total 31.007ms
08-06 13:50:56.682  3330  4220 I art     : Starting a blocking GC Explicit
08-06 13:50:56.722  3330  4220 I art     : Explicit concurrent mark sweep GC freed 1347(78KB) AllocSpace objects, 1(20KB) LOS objects, 23% free, 53MB/69MB, paused 753us total 39.757ms
08-06 13:50:56.738  3330  4220 I art     : Starting a blocking GC Explicit
08-06 13:50:56.768  3330  4220 I art     : Explicit concurrent mark sweep GC freed 20(704B) AllocSpace objects, 0(0B) LOS objects, 23% free, 53MB/69MB, paused 691us total 29.681ms
08-06 13:50:56.780  3330  4220 I art     : Starting a blocking GC Explicit
08-06 13:50:56.812  3330  4220 I art     : Explicit concurrent mark sweep GC freed 3(96B) AllocSpace objects, 0(0B) LOS objects, 23% free, 53MB/69MB, paused 697us total 31.980ms
08-06 13:50:56.824  3330  4220 I art     : Starting a blocking GC Explicit
08-06 13:50:56.855  3330  4220 I art     : Explicit concurrent mark sweep GC freed 3(96B) AllocSpace objects, 0(0B) LOS objects, 23% free, 53MB/69MB, paused 683us total 30.724ms
08-06 13:50:56.867  3330  4220 I art     : Starting a blocking GC Explicit
08-06 13:50:56.898  3330  4220 I art     : Explicit concurrent mark sweep GC freed 3(96B) AllocSpace objects, 0(0B) LOS objects, 23% free, 53MB/69MB, paused 708us total 30.567ms
08-06 13:50:57.229  3330  3442 I art     : Starting a blocking GC Explicit
08-06 13:50:57.266  3330  3442 I art     : Explicit concurrent mark sweep GC freed 1347(78KB) AllocSpace objects, 1(20KB) LOS objects, 23% free, 53MB/69MB, paused 669us total 36.633ms
08-06 13:50:57.277   518   646 I ThermalEngine: ACTION: GPU - Setting GPU[0] to 510000000
08-06 13:50:57.278  3330  3442 I art     : Starting a blocking GC Explicit
08-06 13:50:57.308  3330  3442 I art     : Explicit concurrent mark sweep GC freed 20(704B) AllocSpace objects, 0(0B) LOS objects, 23% free, 53MB/69MB, paused 708us total 29.465ms
08-06 13:50:57.319  3330  3442 I art     : Starting a blocking GC Explicit
08-06 13:50:57.344  3330  3442 I art     : Explicit concurrent mark sweep GC freed 3(96B) AllocSpace objects, 0(0B) LOS objects, 23% free, 53MB/69MB, paused 497us total 24.516ms
08-06 13:50:57.353  3330  3442 I art     : Starting a blocking GC Explicit
08-06 13:50:57.375  3330  3442 I art     : Explicit concurrent mark sweep GC freed 3(96B) AllocSpace objects, 0(0B) LOS objects, 23% free, 53MB/69MB, paused 472us total 22.260ms
08-06 13:50:57.384  3330  3442 I art     : Starting a blocking GC Explicit
08-06 13:50:57.408  3330  3442 I art     : Explicit concurrent mark sweep GC freed 3(96B) AllocSpace objects, 0(0B) LOS objects, 23% free, 53MB/69MB, paused 520us total 23.435ms
08-06 13:50:57.717  3330  3348 I art     : Starting a blocking GC Explicit
08-06 13:50:57.746  3330  3348 I art     : Explicit concurrent mark sweep GC freed 1347(78KB) AllocSpace objects, 1(20KB) LOS objects, 23% free, 53MB/69MB, paused 508us total 28.383ms
08-06 13:50:57.758  3330  3348 I art     : Starting a blocking GC Explicit
08-06 13:50:57.782  3330  3348 I art     : Explicit concurrent mark sweep GC freed 20(704B) AllocSpace objects, 0(0B) LOS objects, 23% free, 53MB/69MB, paused 513us total 23.776ms
08-06 13:50:57.791  3330  3348 I art     : Starting a blocking GC Explicit
08-06 13:50:57.815  3330  3348 I art     : Explicit concurrent mark sweep GC freed 3(96B) AllocSpace objects, 0(0B) LOS objects, 23% free, 53MB/69MB, paused 504us total 23.561ms
08-06 13:50:57.824  3330  3348 I art     : Starting a blocking GC Explicit
08-06 13:50:57.847  3330  3348 I art     : Explicit concurrent mark sweep GC freed 3(96B) AllocSpace objects, 0(0B) LOS objects, 23% free, 53MB/69MB, paused 470us total 22.530ms
08-06 13:50:57.856  3330  3348 I art     : Starting a blocking GC Explicit
08-06 13:50:57.880  3330  3348 I art     : Explicit concurrent mark sweep GC freed 3(96B) AllocSpace objects, 0(0B) LOS objects, 23% free, 53MB/69MB, paused 510us total 23.634ms
08-06 13:50:58.192  3330  3341 I art     : Starting a blocking GC Explicit
08-06 13:50:58.221  3330  3341 I art     : Explicit concurrent mark sweep GC freed 1347(78KB) AllocSpace objects, 1(20KB) LOS objects, 23% free, 53MB/69MB, paused 508us total 28.596ms
08-06 13:50:58.234  3330  3341 I art     : Starting a blocking GC Explicit
08-06 13:50:58.257  3330  3341 I art     : Explicit concurrent mark sweep GC freed 20(704B) AllocSpace objects, 0(0B) LOS objects, 23% free, 53MB/69MB, paused 537us total 23.588ms
08-06 13:50:58.266  3330  3341 I art     : Starting a blocking GC Explicit
08-06 13:50:58.290  3330  3341 I art     : Explicit concurrent mark sweep GC freed 3(96B) AllocSpace objects, 0(0B) LOS objects, 23% free, 53MB/69MB, paused 504us total 23.374ms
08-06 13:50:58.299  3330  3341 I art     : Starting a blocking GC Explicit
08-06 13:50:58.323  3330  3341 I art     : Explicit concurrent mark sweep GC freed 3(96B) AllocSpace objects, 0(0B) LOS objects, 23% free, 53MB/69MB, paused 490us total 23.758ms
08-06 13:50:58.332  3330  3341 I art     : Starting a blocking GC Explicit
08-06 13:50:58.354  3330  3341 I art     : Explicit concurrent mark sweep GC freed 3(96B) AllocSpace objects, 0(0B) LOS objects, 23% free, 53MB/69MB, paused 491us total 21.906ms
08-06 13:50:58.631  3330  4220 I art     : Starting a blocking GC Explicit
08-06 13:50:58.654  3330  4220 I art     : Explicit concurrent mark sweep GC freed 1347(78KB) AllocSpace objects, 1(20KB) LOS objects, 23% free, 53MB/69MB, paused 514us total 23.148ms
08-06 13:50:58.663  3330  4220 I art     : Starting a blocking GC Explicit
08-06 13:50:58.686  3330  4220 I art     : Explicit concurrent mark sweep GC freed 20(704B) AllocSpace objects, 0(0B) LOS objects, 23% free, 53MB/69MB, paused 495us total 22.029ms
08-06 13:50:58.694  3330  4220 I art     : Starting a blocking GC Explicit
08-06 13:50:58.716  3330  4220 I art     : Explicit concurrent mark sweep GC freed 3(96B) AllocSpace objects, 0(0B) LOS objects, 23% free, 53MB/69MB, paused 512us total 21.844ms
08-06 13:50:58.725  3330  4220 I art     : Starting a blocking GC Explicit
08-06 13:50:58.748  3330  4220 I art     : Explicit concurrent mark sweep GC freed 3(96B) AllocSpace objects, 0(0B) LOS objects, 23% free, 53MB/69MB, paused 508us total 22.371ms
08-06 13:50:58.757  3330  4220 I art     : Starting a blocking GC Explicit
08-06 13:50:58.780  3330  4220 I art     : Explicit concurrent mark sweep GC freed 3(96B) AllocSpace objects, 0(0B) LOS objects, 23% free, 53MB/69MB, paused 522us total 22.267ms
08-06 13:50:58.938  6470  6470 D AndroidRuntime: >>>>>> START com.android.internal.os.RuntimeInit uid 2000 <<<<<<
08-06 13:50:58.944  6470  6470 D AndroidRuntime: CheckJNI is OFF
08-06 13:50:58.976  6470  6470 D ICU     : No timezone override file found: /data/misc/zoneinfo/current/icu/icu_tzdata.dat
08-06 13:50:59.008  6470  6470 I Radio-JNI: register_android_hardware_Radio DONE
08-06 13:50:59.029  6470  6470 D AndroidRuntime: Calling main entry com.android.commands.input.Input
08-06 13:50:59.031  6470  6470 I Input   : injectMotionEvent: MotionEvent { action=ACTION_DOWN, actionButton=0, id[0]=0, x[0]=369.0, y[0]=554.0, toolType[0]=TOOL_TYPE_UNKNOWN, buttonState=0, metaState=0, flags=0x0, edgeFlags=0x0, pointerCount=1, historySize=0, eventTime=885075444, downTime=885075444, deviceId=0, source=0x1002 }
08-06 13:50:59.035  6470  6470 I Input   : injectMotionEvent: MotionEvent { action=ACTION_UP, actionButton=0, id[0]=0, x[0]=369.0, y[0]=554.0, toolType[0]=TOOL_TYPE_UNKNOWN, buttonState=0, metaState=0, flags=0x0, edgeFlags=0x0, pointerCount=1, historySize=0, eventTime=885075444, downTime=885075444, deviceId=0, source=0x1002 }
08-06 13:50:59.037   918  5481 I ActivityManager: START u0 {cmp=baseline.appteam.nith.hillffair/.activities.ClubActivity (has extras)} from uid 10697 on display 0
08-06 13:50:59.047  6470  6470 D AndroidRuntime: Shutting down VM
08-06 13:50:59.072  3330  4220 I art     : Starting a blocking GC Explicit
08-06 13:50:59.098  3330  4220 I art     : Explicit concurrent mark sweep GC freed 4854(297KB) AllocSpace objects, 1(20KB) LOS objects, 23% free, 53MB/69MB, paused 678us total 25.752ms
08-06 13:50:59.107  3330  4220 I art     : Starting a blocking GC Explicit
08-06 13:50:59.129  3330  4220 I art     : Explicit concurrent mark sweep GC freed 427(17KB) AllocSpace objects, 0(0B) LOS objects, 23% free, 53MB/69MB, paused 574us total 21.647ms
08-06 13:50:59.131 13866 13866 I GoogleInputMethodServic: GoogleInputMethodService.onFinishInput():3138 
08-06 13:50:59.132 13866 13866 I GoogleInputMethodServic: GoogleInputMethodService.onStartInput():1808 
08-06 13:50:59.133   918   936 I ActivityManager: Displayed baseline.appteam.nith.hillffair/.activities.ClubActivity: +85ms
08-06 13:50:59.139  3330  4220 I art     : Starting a blocking GC Explicit
08-06 13:50:59.164  3330  4220 I art     : Explicit concurrent mark sweep GC freed 44(1808B) AllocSpace objects, 0(0B) LOS objects, 23% free, 53MB/69MB, paused 574us total 24.995ms
08-06 13:50:59.173  3330  4220 I art     : Starting a blocking GC Explicit
08-06 13:50:59.195  3330  4220 I art     : Explicit concurrent mark sweep GC freed 9(304B) AllocSpace objects, 0(0B) LOS objects, 23% free, 53MB/69MB, paused 697us total 21.786ms
08-06 13:50:59.203  3330  4220 I art     : Starting a blocking GC Explicit
08-06 13:50:59.224  3330  4220 I art     : Explicit concurrent mark sweep GC freed 72(5KB) AllocSpace objects, 0(0B) LOS objects, 23% free, 53MB/69MB, paused 497us total 20.302ms
08-06 13:50:59.372   380   380 W SurfaceFlinger: couldn't log to binary event log: overflow.
08-06 13:50:59.482  3330  3341 I art     : Starting a blocking GC Explicit
08-06 13:50:59.509  3330  3341 I art     : Explicit concurrent mark sweep GC freed 1446(84KB) AllocSpace objects, 1(20KB) LOS objects, 23% free, 53MB/69MB, paused 651us total 26.707ms
08-06 13:50:59.523  3330  3341 I art     : Starting a blocking GC Explicit
08-06 13:50:59.547  3330  3341 I art     : Explicit concurrent mark sweep GC freed 46(2128B) AllocSpace objects, 0(0B) LOS objects, 23% free, 53MB/69MB, paused 586us total 23.439ms
08-06 13:50:59.555  3330  3341 I art     : Starting a blocking GC Explicit
08-06 13:50:59.577  3330  3341 I art     : Explicit concurrent mark sweep GC freed 12(416B) AllocSpace objects, 0(0B) LOS objects, 23% free, 53MB/69MB, paused 576us total 21.938ms
08-06 13:50:59.586  3330  3341 I art     : Starting a blocking GC Explicit
08-06 13:50:59.608  3330  3341 I art     : Explicit concurrent mark sweep GC freed 11(416B) AllocSpace objects, 0(0B) LOS objects, 23% free, 53MB/69MB, paused 553us total 21.861ms
08-06 13:50:59.616  3330  3341 I art     : Starting a blocking GC Explicit
08-06 13:50:59.638  3330  3341 I art     : Explicit concurrent mark sweep GC freed 13(480B) AllocSpace objects, 0(0B) LOS objects, 23% free, 53MB/69MB, paused 675us total 21.880ms
08-06 13:50:59.944  3330  6503 D OkHttp  : --> GET https://api-hillfair-2k16.herokuapp.com/api/app/club/PR%20Club http/1.1
08-06 13:50:59.945  3330  4220 I art     : Starting a blocking GC Explicit
08-06 13:50:59.975  3330  4220 I art     : Explicit concurrent mark sweep GC freed 3999(213KB) AllocSpace objects, 4(220KB) LOS objects, 22% free, 53MB/69MB, paused 583us total 29.153ms
08-06 13:50:59.978  3330  6503 D OkHttp  : <-- 200 OK https://api-hillfair-2k16.herokuapp.com/api/app/club/PR%20Club (33ms, 979-byte body)
08-06 13:50:59.984  3330  4220 I art     : Starting a blocking GC Explicit
08-06 13:51:00.007  3330  4220 I art     : Explicit concurrent mark sweep GC freed 1199(154KB) AllocSpace objects, 0(0B) LOS objects, 22% free, 53MB/69MB, paused 518us total 23.019ms
08-06 13:51:00.015  3330  4220 I art     : Starting a blocking GC Explicit
08-06 13:51:00.038  3330  4220 I art     : Explicit concurrent mark sweep GC freed 35(1408B) AllocSpace objects, 0(0B) LOS objects, 22% free, 53MB/69MB, paused 532us total 22.565ms
08-06 13:51:00.046  3330  4220 I art     : Starting a blocking GC Explicit
08-06 13:51:00.048  3330  3330 I NAPPA_EXPERIMENTATION: MetricNetworkRequestExecutionTime: REQUEST_DURATION_SYSTEM='971',REQUEST_DURATION_OKHTTP='34',REQUEST_SYNCHRONOUS='FALSE',RESPONSE_CODE='200',RESPONSE_METHOD='GET',RESPONSE_LENGTH_OKHTTP='979',RESPONSE_LENGTH_HEADER='979',REQUEST_PROTOCOL='http/1.1',REQUEST_URL='https://api-hillfair-2k16.herokuapp.com/api/app/club/PR%20Club',
08-06 13:51:00.068  3330  4220 I art     : Explicit concurrent mark sweep GC freed 585(92KB) AllocSpace objects, 0(0B) LOS objects, 22% free, 53MB/69MB, paused 706us total 21.534ms
08-06 13:51:00.076  3330  4220 I art     : Starting a blocking GC Explicit
08-06 13:51:00.097  3330  4220 I art     : Explicit concurrent mark sweep GC freed 93(7KB) AllocSpace objects, 0(0B) LOS objects, 22% free, 53MB/69MB, paused 471us total 20.713ms
08-06 13:51:00.284   518   646 I ThermalEngine: ACTION: GPU - Setting GPU[0] to 450000000
08-06 13:51:00.391  3330  4220 I art     : Starting a blocking GC Explicit
08-06 13:51:00.423  3330  4220 I art     : Explicit concurrent mark sweep GC freed 1347(78KB) AllocSpace objects, 1(20KB) LOS objects, 22% free, 53MB/69MB, paused 682us total 31.457ms
08-06 13:51:00.435  3330  4220 I art     : Starting a blocking GC Explicit
08-06 13:51:00.464  3330  4220 I art     : Explicit concurrent mark sweep GC freed 36(1264B) AllocSpace objects, 0(0B) LOS objects, 22% free, 53MB/69MB, paused 641us total 28.408ms
08-06 13:51:00.475  3330  4220 I art     : Starting a blocking GC Explicit
08-06 13:51:00.505  3330  4220 I art     : Explicit concurrent mark sweep GC freed 3(96B) AllocSpace objects, 0(0B) LOS objects, 22% free, 53MB/69MB, paused 756us total 29.845ms
08-06 13:51:00.517  3330  4220 I art     : Starting a blocking GC Explicit
08-06 13:51:00.547  3330  4220 I art     : Explicit concurrent mark sweep GC freed 3(96B) AllocSpace objects, 0(0B) LOS objects, 22% free, 53MB/69MB, paused 678us total 29.805ms
08-06 13:51:00.558  3330  4220 I art     : Starting a blocking GC Explicit
08-06 13:51:00.589  3330  4220 I art     : Explicit concurrent mark sweep GC freed 3(96B) AllocSpace objects, 0(0B) LOS objects, 22% free, 53MB/69MB, paused 703us total 29.994ms
08-06 13:51:00.917  3330  3348 I art     : Starting a blocking GC Explicit
08-06 13:51:00.960  3330  3348 I art     : Explicit concurrent mark sweep GC freed 1368(79KB) AllocSpace objects, 1(20KB) LOS objects, 22% free, 53MB/69MB, paused 764us total 42.494ms
08-06 13:51:00.977  3330  3348 I art     : Starting a blocking GC Explicit
08-06 13:51:01.014  3330  3348 I art     : Explicit concurrent mark sweep GC freed 36(1216B) AllocSpace objects, 0(0B) LOS objects, 22% free, 53MB/69MB, paused 741us total 35.997ms
08-06 13:51:01.027  3330  3348 I art     : Starting a blocking GC Explicit
08-06 13:51:01.061  3330  3348 I art     : Explicit concurrent mark sweep GC freed 3(96B) AllocSpace objects, 0(0B) LOS objects, 22% free, 53MB/69MB, paused 685us total 33.464ms
08-06 13:51:01.073  3330  3348 I art     : Starting a blocking GC Explicit
08-06 13:51:01.106  3330  3348 I art     : Explicit concurrent mark sweep GC freed 3(96B) AllocSpace objects, 0(0B) LOS objects, 22% free, 53MB/69MB, paused 652us total 32.850ms
08-06 13:51:01.118  3330  3348 I art     : Starting a blocking GC Explicit
08-06 13:51:01.150  3330  3348 I art     : Explicit concurrent mark sweep GC freed 3(96B) AllocSpace objects, 0(0B) LOS objects, 22% free, 53MB/69MB, paused 693us total 31.458ms
08-06 13:51:01.507  3330  3341 I art     : Starting a blocking GC Explicit
08-06 13:51:01.546  3330  3341 I art     : Explicit concurrent mark sweep GC freed 1347(78KB) AllocSpace objects, 1(20KB) LOS objects, 22% free, 53MB/69MB, paused 741us total 39.303ms
08-06 13:51:01.560  3330  3341 I art     : Starting a blocking GC Explicit
08-06 13:51:01.594  3330  3341 I art     : Explicit concurrent mark sweep GC freed 20(704B) AllocSpace objects, 0(0B) LOS objects, 22% free, 53MB/69MB, paused 669us total 33.535ms
08-06 13:51:01.606  3330  3341 I art     : Starting a blocking GC Explicit
08-06 13:51:01.638  3330  3341 I art     : Explicit concurrent mark sweep GC freed 3(96B) AllocSpace objects, 0(0B) LOS objects, 22% free, 53MB/69MB, paused 711us total 31.461ms
08-06 13:51:01.650  3330  3341 I art     : Starting a blocking GC Explicit
08-06 13:51:01.684  3330  3341 I art     : Explicit concurrent mark sweep GC freed 3(96B) AllocSpace objects, 0(0B) LOS objects, 22% free, 53MB/69MB, paused 683us total 33.585ms
08-06 13:51:01.696  3330  3341 I art     : Starting a blocking GC Explicit
08-06 13:51:01.729  3330  3341 I art     : Explicit concurrent mark sweep GC freed 3(96B) AllocSpace objects, 0(0B) LOS objects, 22% free, 53MB/69MB, paused 714us total 32.731ms
08-06 13:51:02.089  3330  3442 I art     : Starting a blocking GC Explicit
08-06 13:51:02.130  3330  3442 I art     : Explicit concurrent mark sweep GC freed 1347(78KB) AllocSpace objects, 1(20KB) LOS objects, 22% free, 53MB/69MB, paused 651us total 40.136ms
08-06 13:51:02.141  3330  3442 I art     : Starting a blocking GC Explicit
08-06 13:51:02.164   918  3261 D WifiStateMachine: starting scan for "H369AA63323"WPA_PSK with 2412,5180
08-06 13:51:02.168  3330  3442 I art     : Explicit concurrent mark sweep GC freed 20(704B) AllocSpace objects, 0(0B) LOS objects, 22% free, 53MB/69MB, paused 658us total 26.229ms
08-06 13:51:02.178  3330  3442 I art     : Starting a blocking GC Explicit
08-06 13:51:02.210  3330  3442 I art     : Explicit concurrent mark sweep GC freed 3(96B) AllocSpace objects, 0(0B) LOS objects, 22% free, 53MB/69MB, paused 680us total 31.403ms
08-06 13:51:02.222  3330  3442 I art     : Starting a blocking GC Explicit
08-06 13:51:02.253  3330  3442 I art     : Explicit concurrent mark sweep GC freed 3(96B) AllocSpace objects, 0(0B) LOS objects, 22% free, 53MB/69MB, paused 668us total 30.790ms
08-06 13:51:02.265  3330  3442 I art     : Starting a blocking GC Explicit
08-06 13:51:02.298  3330  3442 I art     : Explicit concurrent mark sweep GC freed 3(96B) AllocSpace objects, 0(0B) LOS objects, 22% free, 53MB/69MB, paused 716us total 33.532ms
08-06 13:51:02.618  3330  4220 I art     : Starting a blocking GC Explicit
08-06 13:51:02.655  3330  4220 I art     : Explicit concurrent mark sweep GC freed 1347(78KB) AllocSpace objects, 1(20KB) LOS objects, 22% free, 53MB/69MB, paused 688us total 36.355ms
08-06 13:51:02.667  3330  4220 I art     : Starting a blocking GC Explicit
08-06 13:51:02.701  3330  4220 I art     : Explicit concurrent mark sweep GC freed 20(704B) AllocSpace objects, 0(0B) LOS objects, 22% free, 53MB/69MB, paused 701us total 33.352ms
08-06 13:51:02.713  3330  4220 I art     : Starting a blocking GC Explicit
08-06 13:51:02.746  3330  4220 I art     : Explicit concurrent mark sweep GC freed 3(96B) AllocSpace objects, 0(0B) LOS objects, 22% free, 53MB/69MB, paused 637us total 33.245ms
08-06 13:51:02.758  3330  4220 I art     : Starting a blocking GC Explicit
08-06 13:51:02.792  3330  4220 I art     : Explicit concurrent mark sweep GC freed 3(96B) AllocSpace objects, 0(0B) LOS objects, 22% free, 53MB/69MB, paused 703us total 33.200ms
08-06 13:51:02.804  3330  4220 I art     : Starting a blocking GC Explicit
08-06 13:51:02.837  3330  4220 I art     : Explicit concurrent mark sweep GC freed 3(96B) AllocSpace objects, 0(0B) LOS objects, 22% free, 53MB/69MB, paused 687us total 32.872ms
08-06 13:51:03.159  3330  3348 I art     : Starting a blocking GC Explicit
08-06 13:51:03.200  3330  3348 I art     : Explicit concurrent mark sweep GC freed 1347(78KB) AllocSpace objects, 1(20KB) LOS objects, 22% free, 53MB/69MB, paused 801us total 40.232ms
08-06 13:51:03.216  3330  3348 I art     : Starting a blocking GC Explicit
08-06 13:51:03.252  3330  3348 I art     : Explicit concurrent mark sweep GC freed 20(704B) AllocSpace objects, 0(0B) LOS objects, 22% free, 53MB/69MB, paused 695us total 35.883ms
08-06 13:51:03.264  3330  3348 I art     : Starting a blocking GC Explicit
08-06 13:51:03.296  3330  3348 I art     : Explicit concurrent mark sweep GC freed 3(96B) AllocSpace objects, 0(0B) LOS objects, 22% free, 53MB/69MB, paused 643us total 31.299ms
08-06 13:51:03.308  3330  3348 I art     : Starting a blocking GC Explicit
08-06 13:51:03.339  3330  3348 I art     : Explicit concurrent mark sweep GC freed 3(96B) AllocSpace objects, 0(0B) LOS objects, 22% free, 53MB/69MB, paused 669us total 30.539ms
08-06 13:51:03.350  3330  3348 I art     : Starting a blocking GC Explicit
08-06 13:51:03.378  3330  3348 I art     : Explicit concurrent mark sweep GC freed 3(96B) AllocSpace objects, 0(0B) LOS objects, 22% free, 53MB/69MB, paused 703us total 27.931ms
08-06 13:51:03.710  3330  3341 I art     : Starting a blocking GC Explicit
08-06 13:51:03.743  3330  3341 I art     : Explicit concurrent mark sweep GC freed 1347(78KB) AllocSpace objects, 1(20KB) LOS objects, 22% free, 53MB/69MB, paused 692us total 32.520ms
08-06 13:51:03.754  3330  3341 I art     : Starting a blocking GC Explicit
08-06 13:51:03.786  3330  3341 I art     : Explicit concurrent mark sweep GC freed 20(704B) AllocSpace objects, 0(0B) LOS objects, 22% free, 53MB/69MB, paused 703us total 31.014ms
08-06 13:51:03.797  3330  3341 I art     : Starting a blocking GC Explicit
08-06 13:51:03.828  3330  3341 I art     : Explicit concurrent mark sweep GC freed 3(96B) AllocSpace objects, 0(0B) LOS objects, 22% free, 53MB/69MB, paused 701us total 30.127ms
08-06 13:51:03.839  3330  3341 I art     : Starting a blocking GC Explicit
08-06 13:51:03.853  6585  6585 D AndroidRuntime: >>>>>> START com.android.internal.os.RuntimeInit uid 2000 <<<<<<
08-06 13:51:03.858  6585  6585 D AndroidRuntime: CheckJNI is OFF
08-06 13:51:03.871  3330  3341 I art     : Explicit concurrent mark sweep GC freed 3(96B) AllocSpace objects, 0(0B) LOS objects, 22% free, 53MB/69MB, paused 685us total 31.203ms
08-06 13:51:03.882  3330  3341 I art     : Starting a blocking GC Explicit
08-06 13:51:03.905  6585  6585 D ICU     : No timezone override file found: /data/misc/zoneinfo/current/icu/icu_tzdata.dat
08-06 13:51:03.913  3330  3341 I art     : Explicit concurrent mark sweep GC freed 3(96B) AllocSpace objects, 0(0B) LOS objects, 22% free, 53MB/69MB, paused 678us total 30.262ms
08-06 13:51:03.952  6585  6585 I Radio-JNI: register_android_hardware_Radio DONE
08-06 13:51:03.980  6585  6585 D AndroidRuntime: Calling main entry com.android.commands.input.Input
08-06 13:51:03.982  6585  6585 I Input   : injectKeyEvent: KeyEvent { action=ACTION_DOWN, keyCode=KEYCODE_BACK, scanCode=0, metaState=0, flags=0x0, repeatCount=0, eventTime=885080395, downTime=885080395, deviceId=-1, source=0x101 }
08-06 13:51:03.989  6585  6585 I Input   : injectKeyEvent: KeyEvent { action=ACTION_UP, keyCode=KEYCODE_BACK, scanCode=0, metaState=0, flags=0x0, repeatCount=0, eventTime=885080395, downTime=885080395, deviceId=-1, source=0x101 }
08-06 13:51:03.994  6585  6585 D AndroidRuntime: Shutting down VM
08-06 13:51:04.043 13866 13866 I GoogleInputMethodServic: GoogleInputMethodService.onFinishInput():3138 
08-06 13:51:04.044 13866 13866 I GoogleInputMethodServic: GoogleInputMethodService.onStartInput():1808 
08-06 13:51:04.200  3330  4220 I art     : Starting a blocking GC Explicit
08-06 13:51:04.236  3330  4220 I art     : Explicit concurrent mark sweep GC freed 1529(86KB) AllocSpace objects, 1(20KB) LOS objects, 22% free, 53MB/69MB, paused 674us total 35.038ms
08-06 13:51:04.250  3330  4220 I art     : Starting a blocking GC Explicit
08-06 13:51:04.284  3330  4220 I art     : Explicit concurrent mark sweep GC freed 26(944B) AllocSpace objects, 0(0B) LOS objects, 22% free, 53MB/69MB, paused 633us total 33.067ms
08-06 13:51:04.299  3330  4220 I art     : Starting a blocking GC Explicit
08-06 13:51:04.333  3330  4220 I art     : Explicit concurrent mark sweep GC freed 3(96B) AllocSpace objects, 0(0B) LOS objects, 22% free, 53MB/69MB, paused 624us total 33.836ms
08-06 13:51:04.349  3330  4220 I art     : Starting a blocking GC Explicit
08-06 13:51:04.365   380   380 W SurfaceFlinger: couldn't log to binary event log: overflow.
08-06 13:51:04.379  3330  4220 I art     : Explicit concurrent mark sweep GC freed 94(7KB) AllocSpace objects, 0(0B) LOS objects, 22% free, 53MB/69MB, paused 688us total 29.909ms
08-06 13:51:04.390  3330  4220 I art     : Starting a blocking GC Explicit
08-06 13:51:04.417  3330  4220 I art     : Explicit concurrent mark sweep GC freed 127(6KB) AllocSpace objects, 0(0B) LOS objects, 22% free, 53MB/69MB, paused 638us total 26.311ms
08-06 13:51:04.730  3330  3348 I art     : Starting a blocking GC Explicit
08-06 13:51:04.768  3330  3348 I art     : Explicit concurrent mark sweep GC freed 2892(179KB) AllocSpace objects, 4(204KB) LOS objects, 23% free, 53MB/69MB, paused 866us total 37.524ms
08-06 13:51:04.783  3330  3348 I art     : Starting a blocking GC Explicit
08-06 13:51:04.813  3330  3348 I art     : Explicit concurrent mark sweep GC freed 20(704B) AllocSpace objects, 0(0B) LOS objects, 23% free, 53MB/69MB, paused 681us total 29.950ms
08-06 13:51:04.824  3330  3348 I art     : Starting a blocking GC Explicit
08-06 13:51:04.855  3330  3348 I art     : Explicit concurrent mark sweep GC freed 3(96B) AllocSpace objects, 0(0B) LOS objects, 23% free, 53MB/69MB, paused 682us total 29.854ms
08-06 13:51:04.867  3330  3348 I art     : Starting a blocking GC Explicit
08-06 13:51:04.896  3330  3348 I art     : Explicit concurrent mark sweep GC freed 3(96B) AllocSpace objects, 0(0B) LOS objects, 23% free, 53MB/69MB, paused 671us total 29.219ms
08-06 13:51:04.908  3330  3348 I art     : Starting a blocking GC Explicit
08-06 13:51:04.938  3330  3348 I art     : Explicit concurrent mark sweep GC freed 3(96B) AllocSpace objects, 0(0B) LOS objects, 23% free, 53MB/69MB, paused 718us total 29.747ms
08-06 13:51:05.247  3330  3341 I art     : Starting a blocking GC Explicit
08-06 13:51:05.277  3330  3341 I art     : Explicit concurrent mark sweep GC freed 1347(78KB) AllocSpace objects, 1(20KB) LOS objects, 23% free, 53MB/69MB, paused 681us total 29.507ms
08-06 13:51:05.288  3330  3341 I art     : Starting a blocking GC Explicit
08-06 13:51:05.316  3330  3341 I art     : Explicit concurrent mark sweep GC freed 20(704B) AllocSpace objects, 0(0B) LOS objects, 23% free, 53MB/69MB, paused 679us total 28.090ms
08-06 13:51:05.327  3330  3341 I art     : Starting a blocking GC Explicit
08-06 13:51:05.338  5524  5524 I ServiceManager: Waiting for service AtCmdFwd...
08-06 13:51:05.355  3330  3341 I art     : Explicit concurrent mark sweep GC freed 3(96B) AllocSpace objects, 0(0B) LOS objects, 23% free, 53MB/69MB, paused 637us total 27.377ms
08-06 13:51:05.366  3330  3341 I art     : Starting a blocking GC Explicit
08-06 13:51:05.395  3330  3341 I art     : Explicit concurrent mark sweep GC freed 3(96B) AllocSpace objects, 0(0B) LOS objects, 23% free, 53MB/69MB, paused 679us total 28.212ms
08-06 13:51:05.406  3330  3341 I art     : Starting a blocking GC Explicit
08-06 13:51:05.435  3330  3341 I art     : Explicit concurrent mark sweep GC freed 3(96B) AllocSpace objects, 0(0B) LOS objects, 23% free, 53MB/69MB, paused 667us total 28.191ms
08-06 13:51:05.730  3330  3442 I art     : Starting a blocking GC Explicit
08-06 13:51:05.759  3330  3442 I art     : Explicit concurrent mark sweep GC freed 1368(79KB) AllocSpace objects, 1(20KB) LOS objects, 23% free, 53MB/69MB, paused 681us total 28.438ms
08-06 13:51:05.769  6638  6638 D AndroidRuntime: >>>>>> START com.android.internal.os.RuntimeInit uid 2000 <<<<<<
08-06 13:51:05.771  3330  3442 I art     : Starting a blocking GC Explicit
08-06 13:51:05.775  6638  6638 D AndroidRuntime: CheckJNI is OFF
08-06 13:51:05.797  3330  3442 I art     : Explicit concurrent mark sweep GC freed 60(2112B) AllocSpace objects, 0(0B) LOS objects, 23% free, 53MB/69MB, paused 669us total 25.928ms
08-06 13:51:05.808  3330  3442 I art     : Starting a blocking GC Explicit
08-06 13:51:05.819  6638  6638 D ICU     : No timezone override file found: /data/misc/zoneinfo/current/icu/icu_tzdata.dat
08-06 13:51:05.836  3330  3442 I art     : Explicit concurrent mark sweep GC freed 3(96B) AllocSpace objects, 0(0B) LOS objects, 23% free, 53MB/69MB, paused 706us total 27.600ms
08-06 13:51:05.847  3330  3442 I art     : Starting a blocking GC Explicit
08-06 13:51:05.862  6638  6638 I Radio-JNI: register_android_hardware_Radio DONE
08-06 13:51:05.877  3330  3442 I art     : Explicit concurrent mark sweep GC freed 3(96B) AllocSpace objects, 0(0B) LOS objects, 23% free, 53MB/69MB, paused 675us total 29.277ms
08-06 13:51:05.888  3330  3442 I art     : Starting a blocking GC Explicit
08-06 13:51:05.892  6638  6638 D AndroidRuntime: Calling main entry com.android.commands.input.Input
08-06 13:51:05.894  6638  6638 I Input   : injectMotionEvent: MotionEvent { action=ACTION_DOWN, actionButton=0, id[0]=0, x[0]=1012.0, y[0]=1152.0, toolType[0]=TOOL_TYPE_UNKNOWN, buttonState=0, metaState=0, flags=0x0, edgeFlags=0x0, pointerCount=1, historySize=0, eventTime=885082306, downTime=885082306, deviceId=0, source=0x1002 }
08-06 13:51:05.902  6638  6638 I Input   : injectMotionEvent: MotionEvent { action=ACTION_UP, actionButton=0, id[0]=0, x[0]=1012.0, y[0]=1152.0, toolType[0]=TOOL_TYPE_UNKNOWN, buttonState=0, metaState=0, flags=0x0, edgeFlags=0x0, pointerCount=1, historySize=0, eventTime=885082306, downTime=885082306, deviceId=0, source=0x1002 }
08-06 13:51:05.904   918  6110 I ActivityManager: START u0 {cmp=baseline.appteam.nith.hillffair/.activities.ClubActivity (has extras)} from uid 10697 on display 0
08-06 13:51:05.912  6638  6638 D AndroidRuntime: Shutting down VM
08-06 13:51:05.917  3330  3442 I art     : Explicit concurrent mark sweep GC freed 28(896B) AllocSpace objects, 0(0B) LOS objects, 23% free, 53MB/69MB, paused 654us total 28.281ms
08-06 13:51:06.011 13866 13866 I GoogleInputMethodServic: GoogleInputMethodService.onFinishInput():3138 
08-06 13:51:06.011   918   936 I ActivityManager: Displayed baseline.appteam.nith.hillffair/.activities.ClubActivity: +98ms
08-06 13:51:06.013 13866 13866 I GoogleInputMethodServic: GoogleInputMethodService.onStartInput():1808 
08-06 13:51:06.197  3330  3348 I art     : Starting a blocking GC Explicit
08-06 13:51:06.244  3330  3348 I art     : Explicit concurrent mark sweep GC freed 4932(303KB) AllocSpace objects, 1(20KB) LOS objects, 22% free, 53MB/69MB, paused 887us total 45.707ms
08-06 13:51:06.258  3330  3348 I art     : Starting a blocking GC Explicit
08-06 13:51:06.274   380   380 W SurfaceFlinger: couldn't log to binary event log: overflow.
08-06 13:51:06.291  3330  3348 I art     : Explicit concurrent mark sweep GC freed 218(10KB) AllocSpace objects, 0(0B) LOS objects, 22% free, 53MB/69MB, paused 761us total 32.245ms
08-06 13:51:06.303  3330  3348 I art     : Starting a blocking GC Explicit
08-06 13:51:06.329  3330  3348 I art     : Explicit concurrent mark sweep GC freed 3(96B) AllocSpace objects, 0(0B) LOS objects, 22% free, 53MB/69MB, paused 650us total 26.401ms
08-06 13:51:06.338  5524  5524 I ServiceManager: Waiting for service AtCmdFwd...
08-06 13:51:06.340  3330  3348 I art     : Starting a blocking GC Explicit
08-06 13:51:06.368  3330  3348 I art     : Explicit concurrent mark sweep GC freed 3(96B) AllocSpace objects, 0(0B) LOS objects, 22% free, 53MB/69MB, paused 786us total 28.028ms
08-06 13:51:06.380  3330  3348 I art     : Starting a blocking GC Explicit
08-06 13:51:06.412  3330  3348 I art     : Explicit concurrent mark sweep GC freed 108(5KB) AllocSpace objects, 0(0B) LOS objects, 22% free, 53MB/69MB, paused 703us total 32.109ms
08-06 13:51:06.503  3330  6661 D OkHttp  : --> GET https://api-hillfair-2k16.herokuapp.com/api/app/club/Design%20and%20Decoration%20Club http/1.1
08-06 13:51:06.543  3330  6661 D OkHttp  : <-- 200 OK https://api-hillfair-2k16.herokuapp.com/api/app/club/Design%20and%20Decoration%20Club (39ms, 760-byte body)
08-06 13:51:06.586  3330  3330 I NAPPA_EXPERIMENTATION: MetricNetworkRequestExecutionTime: REQUEST_DURATION_SYSTEM='638',REQUEST_DURATION_OKHTTP='40',REQUEST_SYNCHRONOUS='FALSE',RESPONSE_CODE='200',RESPONSE_METHOD='GET',RESPONSE_LENGTH_OKHTTP='760',RESPONSE_LENGTH_HEADER='760',REQUEST_PROTOCOL='http/1.1',REQUEST_URL='https://api-hillfair-2k16.herokuapp.com/api/app/club/Design%20and%20Decoration%20Club',
08-06 13:51:06.710  3330  4220 I art     : Starting a blocking GC Explicit
08-06 13:51:06.743  3330  4220 I art     : Explicit concurrent mark sweep GC freed 4812(339KB) AllocSpace objects, 4(220KB) LOS objects, 22% free, 53MB/69MB, paused 740us total 32.935ms
08-06 13:51:06.755  3330  4220 I art     : Starting a blocking GC Explicit
08-06 13:51:06.786  3330  4220 I art     : Explicit concurrent mark sweep GC freed 1035(119KB) AllocSpace objects, 0(0B) LOS objects, 22% free, 53MB/69MB, paused 758us total 30.745ms
08-06 13:51:06.798  3330  4220 I art     : Starting a blocking GC Explicit
08-06 13:51:06.828  3330  4220 I art     : Explicit concurrent mark sweep GC freed 3(96B) AllocSpace objects, 0(0B) LOS objects, 22% free, 53MB/69MB, paused 708us total 29.206ms
08-06 13:51:06.839  3330  4220 I art     : Starting a blocking GC Explicit
08-06 13:51:06.869  3330  4220 I art     : Explicit concurrent mark sweep GC freed 3(96B) AllocSpace objects, 0(0B) LOS objects, 22% free, 53MB/69MB, paused 739us total 29.268ms
08-06 13:51:06.880  3330  4220 I art     : Starting a blocking GC Explicit
08-06 13:51:06.910  3330  4220 I art     : Explicit concurrent mark sweep GC freed 3(96B) AllocSpace objects, 0(0B) LOS objects, 22% free, 53MB/69MB, paused 675us total 29.005ms
08-06 13:51:07.204  3330  3348 I art     : Starting a blocking GC Explicit
08-06 13:51:07.236  3330  3348 I art     : Explicit concurrent mark sweep GC freed 1347(78KB) AllocSpace objects, 1(20KB) LOS objects, 22% free, 53MB/69MB, paused 687us total 31.771ms
08-06 13:51:07.249  3330  3348 I art     : Starting a blocking GC Explicit
08-06 13:51:07.279  3330  3348 I art     : Explicit concurrent mark sweep GC freed 36(1264B) AllocSpace objects, 0(0B) LOS objects, 22% free, 53MB/69MB, paused 699us total 29.607ms
08-06 13:51:07.290  3330  3348 I art     : Starting a blocking GC Explicit
08-06 13:51:07.321  3330  3348 I art     : Explicit concurrent mark sweep GC freed 3(96B) AllocSpace objects, 0(0B) LOS objects, 22% free, 53MB/69MB, paused 691us total 30.963ms
08-06 13:51:07.333  3330  3348 I art     : Starting a blocking GC Explicit
08-06 13:51:07.338  5524  5524 I ServiceManager: Waiting for service AtCmdFwd...
08-06 13:51:07.365  3330  3348 I art     : Explicit concurrent mark sweep GC freed 3(96B) AllocSpace objects, 0(0B) LOS objects, 22% free, 53MB/69MB, paused 699us total 31.296ms
08-06 13:51:07.377  3330  3348 I art     : Starting a blocking GC Explicit
08-06 13:51:07.408  3330  3348 I art     : Explicit concurrent mark sweep GC freed 3(96B) AllocSpace objects, 0(0B) LOS objects, 22% free, 53MB/69MB, paused 743us total 31.045ms
08-06 13:51:07.740  3330  3341 I art     : Starting a blocking GC Explicit
08-06 13:51:07.786  3330  3341 I art     : Explicit concurrent mark sweep GC freed 1347(78KB) AllocSpace objects, 1(20KB) LOS objects, 22% free, 53MB/69MB, paused 786us total 44.833ms
08-06 13:51:07.802  3330  3341 I art     : Starting a blocking GC Explicit
08-06 13:51:07.837  3330  3341 I art     : Explicit concurrent mark sweep GC freed 20(704B) AllocSpace objects, 0(0B) LOS objects, 22% free, 53MB/69MB, paused 806us total 35.045ms
08-06 13:51:07.849  3330  3341 I art     : Starting a blocking GC Explicit
08-06 13:51:07.883  3330  3341 I art     : Explicit concurrent mark sweep GC freed 3(96B) AllocSpace objects, 0(0B) LOS objects, 22% free, 53MB/69MB, paused 631us total 33.634ms
08-06 13:51:07.895  3330  3341 I art     : Starting a blocking GC Explicit
08-06 13:51:07.930  3330  3341 I art     : Explicit concurrent mark sweep GC freed 3(96B) AllocSpace objects, 0(0B) LOS objects, 22% free, 53MB/69MB, paused 695us total 34.203ms
08-06 13:51:07.942  3330  3341 I art     : Starting a blocking GC Explicit
08-06 13:51:07.974  3330  3341 I art     : Explicit concurrent mark sweep GC freed 3(96B) AllocSpace objects, 0(0B) LOS objects, 22% free, 53MB/69MB, paused 711us total 32.056ms
08-06 13:51:08.311  3330  3442 I art     : Starting a blocking GC Explicit
08-06 13:51:08.339  5524  5524 I ServiceManager: Waiting for service AtCmdFwd...
08-06 13:51:08.351  3330  3442 I art     : Explicit concurrent mark sweep GC freed 1347(78KB) AllocSpace objects, 1(20KB) LOS objects, 22% free, 53MB/69MB, paused 725us total 39.916ms
08-06 13:51:08.365  3330  3442 I art     : Starting a blocking GC Explicit
08-06 13:51:08.399  3330  3442 I art     : Explicit concurrent mark sweep GC freed 20(704B) AllocSpace objects, 0(0B) LOS objects, 22% free, 53MB/69MB, paused 739us total 33.166ms
08-06 13:51:08.411  3330  3442 I art     : Starting a blocking GC Explicit
08-06 13:51:08.445  3330  3442 I art     : Explicit concurrent mark sweep GC freed 3(96B) AllocSpace objects, 0(0B) LOS objects, 22% free, 53MB/69MB, paused 696us total 33.357ms
08-06 13:51:08.457  3330  3442 I art     : Starting a blocking GC Explicit
08-06 13:51:08.491  3330  3442 I art     : Explicit concurrent mark sweep GC freed 3(96B) AllocSpace objects, 0(0B) LOS objects, 22% free, 53MB/69MB, paused 648us total 34.027ms
08-06 13:51:08.503  3330  3442 I art     : Starting a blocking GC Explicit
08-06 13:51:08.537  3330  3442 I art     : Explicit concurrent mark sweep GC freed 3(96B) AllocSpace objects, 0(0B) LOS objects, 22% free, 53MB/69MB, paused 780us total 33.514ms
08-06 13:51:08.879  3330  4220 I art     : Starting a blocking GC Explicit
08-06 13:51:08.918  3330  4220 I art     : Explicit concurrent mark sweep GC freed 1347(78KB) AllocSpace objects, 1(20KB) LOS objects, 22% free, 53MB/69MB, paused 755us total 38.792ms
08-06 13:51:08.931  3330  4220 I art     : Starting a blocking GC Explicit
08-06 13:51:08.964  3330  4220 I art     : Explicit concurrent mark sweep GC freed 20(704B) AllocSpace objects, 0(0B) LOS objects, 22% free, 53MB/69MB, paused 729us total 33.166ms
08-06 13:51:08.976  3330  4220 I art     : Starting a blocking GC Explicit
08-06 13:51:09.010  3330  4220 I art     : Explicit concurrent mark sweep GC freed 3(96B) AllocSpace objects, 0(0B) LOS objects, 22% free, 53MB/69MB, paused 752us total 33.328ms
08-06 13:51:09.022  3330  4220 I art     : Starting a blocking GC Explicit
08-06 13:51:09.055  3330  4220 I art     : Explicit concurrent mark sweep GC freed 3(96B) AllocSpace objects, 0(0B) LOS objects, 22% free, 53MB/69MB, paused 712us total 33.043ms
08-06 13:51:09.068  3330  4220 I art     : Starting a blocking GC Explicit
08-06 13:51:09.101  3330  4220 I art     : Explicit concurrent mark sweep GC freed 3(96B) AllocSpace objects, 0(0B) LOS objects, 22% free, 53MB/69MB, paused 706us total 32.992ms
08-06 13:51:09.340  5524  5524 I ServiceManager: Waiting for service AtCmdFwd...
08-06 13:51:09.431  3330  3348 I art     : Starting a blocking GC Explicit
08-06 13:51:09.474  3330  3348 I art     : Explicit concurrent mark sweep GC freed 1347(78KB) AllocSpace objects, 1(20KB) LOS objects, 22% free, 53MB/69MB, paused 754us total 42.160ms
08-06 13:51:09.489  3330  3348 I art     : Starting a blocking GC Explicit
08-06 13:51:09.523  3330  3348 I art     : Explicit concurrent mark sweep GC freed 20(704B) AllocSpace objects, 0(0B) LOS objects, 22% free, 53MB/69MB, paused 737us total 33.438ms
08-06 13:51:09.535  3330  3348 I art     : Starting a blocking GC Explicit
08-06 13:51:09.568  3330  3348 I art     : Explicit concurrent mark sweep GC freed 3(96B) AllocSpace objects, 0(0B) LOS objects, 22% free, 53MB/69MB, paused 727us total 33.044ms
08-06 13:51:09.581  3330  3348 I art     : Starting a blocking GC Explicit
08-06 13:51:09.614  3330  3348 I art     : Explicit concurrent mark sweep GC freed 3(96B) AllocSpace objects, 0(0B) LOS objects, 22% free, 53MB/69MB, paused 716us total 33.131ms
08-06 13:51:09.626  3330  3348 I art     : Starting a blocking GC Explicit
08-06 13:51:09.659  3330  3348 I art     : Explicit concurrent mark sweep GC freed 3(96B) AllocSpace objects, 0(0B) LOS objects, 22% free, 53MB/69MB, paused 718us total 32.868ms
08-06 13:51:09.997  3330  3341 I art     : Starting a blocking GC Explicit
08-06 13:51:10.042  3330  3341 I art     : Explicit concurrent mark sweep GC freed 1347(78KB) AllocSpace objects, 1(20KB) LOS objects, 22% free, 53MB/69MB, paused 766us total 43.833ms
08-06 13:51:10.058  3330  3341 I art     : Starting a blocking GC Explicit
08-06 13:51:10.091  3330  3341 I art     : Explicit concurrent mark sweep GC freed 20(704B) AllocSpace objects, 0(0B) LOS objects, 22% free, 53MB/69MB, paused 707us total 32.961ms
08-06 13:51:10.103  3330  3341 I art     : Starting a blocking GC Explicit
08-06 13:51:10.137  3330  3341 I art     : Explicit concurrent mark sweep GC freed 3(96B) AllocSpace objects, 0(0B) LOS objects, 22% free, 53MB/69MB, paused 820us total 33.730ms
08-06 13:51:10.149  3330  3341 I art     : Starting a blocking GC Explicit
08-06 13:51:10.180  3330  3341 I art     : Explicit concurrent mark sweep GC freed 3(96B) AllocSpace objects, 0(0B) LOS objects, 22% free, 53MB/69MB, paused 755us total 30.617ms
08-06 13:51:10.192  3330  3341 I art     : Starting a blocking GC Explicit
08-06 13:51:10.221  3330  3341 I art     : Explicit concurrent mark sweep GC freed 3(96B) AllocSpace objects, 0(0B) LOS objects, 22% free, 53MB/69MB, paused 731us total 28.452ms
08-06 13:51:10.340  5524  5524 W Atfwd_Sendcmd: AtCmdFwd service not published, waiting... retryCnt : 4
08-06 13:51:10.538  3330  3442 I art     : Starting a blocking GC Explicit
08-06 13:51:10.574  3330  3442 I art     : Explicit concurrent mark sweep GC freed 1347(78KB) AllocSpace objects, 1(20KB) LOS objects, 22% free, 53MB/69MB, paused 785us total 35.602ms
08-06 13:51:10.588  3330  3442 I art     : Starting a blocking GC Explicit
08-06 13:51:10.621  3330  3442 I art     : Explicit concurrent mark sweep GC freed 20(704B) AllocSpace objects, 0(0B) LOS objects, 22% free, 53MB/69MB, paused 732us total 31.999ms
08-06 13:51:10.632  3330  3442 I art     : Starting a blocking GC Explicit
08-06 13:51:10.663  3330  3442 I art     : Explicit concurrent mark sweep GC freed 3(96B) AllocSpace objects, 0(0B) LOS objects, 22% free, 53MB/69MB, paused 735us total 30.754ms
08-06 13:51:10.675  3330  3442 I art     : Starting a blocking GC Explicit
08-06 13:51:10.707  3330  3442 I art     : Explicit concurrent mark sweep GC freed 3(96B) AllocSpace objects, 0(0B) LOS objects, 22% free, 53MB/69MB, paused 801us total 31.406ms
08-06 13:51:10.712  6746  6746 D AndroidRuntime: >>>>>> START com.android.internal.os.RuntimeInit uid 2000 <<<<<<
08-06 13:51:10.718  6746  6746 D AndroidRuntime: CheckJNI is OFF
08-06 13:51:10.719  3330  3442 I art     : Starting a blocking GC Explicit
08-06 13:51:10.750  3330  3442 I art     : Explicit concurrent mark sweep GC freed 3(96B) AllocSpace objects, 0(0B) LOS objects, 22% free, 53MB/69MB, paused 719us total 31.369ms
08-06 13:51:10.766  6746  6746 D ICU     : No timezone override file found: /data/misc/zoneinfo/current/icu/icu_tzdata.dat
08-06 13:51:10.810  6746  6746 I Radio-JNI: register_android_hardware_Radio DONE
08-06 13:51:10.840  6746  6746 D AndroidRuntime: Calling main entry com.android.commands.input.Input
08-06 13:51:10.841  6746  6746 I Input   : injectKeyEvent: KeyEvent { action=ACTION_DOWN, keyCode=KEYCODE_BACK, scanCode=0, metaState=0, flags=0x0, repeatCount=0, eventTime=885087254, downTime=885087254, deviceId=-1, source=0x101 }
08-06 13:51:10.848  6746  6746 I Input   : injectKeyEvent: KeyEvent { action=ACTION_UP, keyCode=KEYCODE_BACK, scanCode=0, metaState=0, flags=0x0, repeatCount=0, eventTime=885087254, downTime=885087254, deviceId=-1, source=0x101 }
08-06 13:51:10.856  6746  6746 D AndroidRuntime: Shutting down VM
08-06 13:51:10.899 13866 13866 I GoogleInputMethodServic: GoogleInputMethodService.onFinishInput():3138 
08-06 13:51:10.901 13866 13866 I GoogleInputMethodServic: GoogleInputMethodService.onStartInput():1808 
08-06 13:51:11.035  3330  4220 I art     : Starting a blocking GC Explicit
08-06 13:51:11.073  3330  4220 I art     : Explicit concurrent mark sweep GC freed 1529(86KB) AllocSpace objects, 1(20KB) LOS objects, 22% free, 53MB/69MB, paused 733us total 37.403ms
08-06 13:51:11.088  3330  4220 I art     : Starting a blocking GC Explicit
08-06 13:51:11.123  3330  4220 I art     : Explicit concurrent mark sweep GC freed 26(944B) AllocSpace objects, 0(0B) LOS objects, 22% free, 53MB/69MB, paused 633us total 34.032ms
08-06 13:51:11.138  3330  4220 I art     : Starting a blocking GC Explicit
08-06 13:51:11.173  3330  4220 I art     : Explicit concurrent mark sweep GC freed 3(96B) AllocSpace objects, 0(0B) LOS objects, 22% free, 53MB/69MB, paused 640us total 34.841ms
08-06 13:51:11.189  3330  4220 I art     : Starting a blocking GC Explicit
08-06 13:51:11.205   380   380 W SurfaceFlinger: couldn't log to binary event log: overflow.
08-06 13:51:11.220  3330  4220 I art     : Explicit concurrent mark sweep GC freed 94(7KB) AllocSpace objects, 0(0B) LOS objects, 22% free, 53MB/69MB, paused 710us total 30.790ms
08-06 13:51:11.231  3330  4220 I art     : Starting a blocking GC Explicit
08-06 13:51:11.259  3330  4220 I art     : Explicit concurrent mark sweep GC freed 21(912B) AllocSpace objects, 0(0B) LOS objects, 22% free, 53MB/69MB, paused 697us total 27.110ms
08-06 13:51:11.575  3330  3442 I art     : Starting a blocking GC Explicit
08-06 13:51:11.613  3330  3442 I art     : Explicit concurrent mark sweep GC freed 2998(185KB) AllocSpace objects, 4(200KB) LOS objects, 23% free, 53MB/69MB, paused 739us total 37.139ms
08-06 13:51:11.625  3330  3442 I art     : Starting a blocking GC Explicit
08-06 13:51:11.656  3330  3442 I art     : Explicit concurrent mark sweep GC freed 20(704B) AllocSpace objects, 0(0B) LOS objects, 23% free, 53MB/69MB, paused 685us total 30.182ms
08-06 13:51:11.668  3330  3442 I art     : Starting a blocking GC Explicit
08-06 13:51:11.698  3330  3442 I art     : Explicit concurrent mark sweep GC freed 3(96B) AllocSpace objects, 0(0B) LOS objects, 23% free, 53MB/69MB, paused 721us total 30.062ms
08-06 13:51:11.710  3330  3442 I art     : Starting a blocking GC Explicit
08-06 13:51:11.740  3330  3442 I art     : Explicit concurrent mark sweep GC freed 3(96B) AllocSpace objects, 0(0B) LOS objects, 23% free, 53MB/69MB, paused 691us total 30.006ms
08-06 13:51:11.752  3330  3442 I art     : Starting a blocking GC Explicit
08-06 13:51:11.782  3330  3442 I art     : Explicit concurrent mark sweep GC freed 3(96B) AllocSpace objects, 0(0B) LOS objects, 23% free, 53MB/69MB, paused 698us total 30.238ms
08-06 13:51:12.097  3330  3341 I art     : Starting a blocking GC Explicit
08-06 13:51:12.129  3330  3341 I art     : Explicit concurrent mark sweep GC freed 1347(78KB) AllocSpace objects, 1(20KB) LOS objects, 23% free, 53MB/69MB, paused 741us total 30.911ms
08-06 13:51:12.140  3330  3341 I art     : Starting a blocking GC Explicit
08-06 13:51:12.169  3330  3341 I art     : Explicit concurrent mark sweep GC freed 20(704B) AllocSpace objects, 0(0B) LOS objects, 23% free, 53MB/69MB, paused 681us total 28.229ms
08-06 13:51:12.180  3330  3341 I art     : Starting a blocking GC Explicit
08-06 13:51:12.208  3330  3341 I art     : Explicit concurrent mark sweep GC freed 3(96B) AllocSpace objects, 0(0B) LOS objects, 23% free, 53MB/69MB, paused 701us total 28.232ms
08-06 13:51:12.220  3330  3341 I art     : Starting a blocking GC Explicit
08-06 13:51:12.249  3330  3341 I art     : Explicit concurrent mark sweep GC freed 3(96B) AllocSpace objects, 0(0B) LOS objects, 23% free, 53MB/69MB, paused 662us total 28.762ms
08-06 13:51:12.260  3330  3341 I art     : Starting a blocking GC Explicit
08-06 13:51:12.289  3330  3341 I art     : Explicit concurrent mark sweep GC freed 3(96B) AllocSpace objects, 0(0B) LOS objects, 23% free, 53MB/69MB, paused 694us total 29.022ms
08-06 13:51:12.591   918  3188 I hubconnection: sensorhub said: 'set_bias 3: -4.9248, 0.0000, 0.0000'
08-06 13:51:12.623  3330  3348 I art     : Starting a blocking GC Explicit
08-06 13:51:12.624  6800  6800 D AndroidRuntime: >>>>>> START com.android.internal.os.RuntimeInit uid 2000 <<<<<<
08-06 13:51:12.631  6800  6800 D AndroidRuntime: CheckJNI is OFF
08-06 13:51:12.654  3330  3348 I art     : Explicit concurrent mark sweep GC freed 1347(78KB) AllocSpace objects, 1(20KB) LOS objects, 23% free, 53MB/69MB, paused 739us total 31.313ms
08-06 13:51:12.666  3330  3348 I art     : Starting a blocking GC Explicit
08-06 13:51:12.679  6800  6800 D ICU     : No timezone override file found: /data/misc/zoneinfo/current/icu/icu_tzdata.dat
08-06 13:51:12.696  3330  3348 I art     : Explicit concurrent mark sweep GC freed 20(704B) AllocSpace objects, 0(0B) LOS objects, 23% free, 53MB/69MB, paused 683us total 30.212ms
08-06 13:51:12.708  3330  3348 I art     : Starting a blocking GC Explicit
08-06 13:51:12.726  6800  6800 I Radio-JNI: register_android_hardware_Radio DONE
08-06 13:51:12.737  3330  3348 I art     : Explicit concurrent mark sweep GC freed 3(96B) AllocSpace objects, 0(0B) LOS objects, 23% free, 53MB/69MB, paused 763us total 28.990ms
08-06 13:51:12.749  3330  3348 I art     : Starting a blocking GC Explicit
08-06 13:51:12.755  6800  6800 D AndroidRuntime: Calling main entry com.android.commands.input.Input
08-06 13:51:12.757  6800  6800 I Input   : injectMotionEvent: MotionEvent { action=ACTION_DOWN, actionButton=0, id[0]=0, x[0]=255.0, y[0]=1845.0, toolType[0]=TOOL_TYPE_UNKNOWN, buttonState=0, metaState=0, flags=0x0, edgeFlags=0x0, pointerCount=1, historySize=0, eventTime=885089170, downTime=885089170, deviceId=0, source=0x1002 }
08-06 13:51:12.763  6800  6800 I Input   : injectMotionEvent: MotionEvent { action=ACTION_UP, actionButton=0, id[0]=0, x[0]=255.0, y[0]=1845.0, toolType[0]=TOOL_TYPE_UNKNOWN, buttonState=0, metaState=0, flags=0x0, edgeFlags=0x0, pointerCount=1, historySize=0, eventTime=885089170, downTime=885089170, deviceId=0, source=0x1002 }
08-06 13:51:12.765   918  5132 I ActivityManager: START u0 {cmp=baseline.appteam.nith.hillffair/.activities.ClubActivity (has extras)} from uid 10697 on display 0
08-06 13:51:12.772  6800  6800 D AndroidRuntime: Shutting down VM
08-06 13:51:12.776  3330  3348 I art     : Explicit concurrent mark sweep GC freed 28(896B) AllocSpace objects, 0(0B) LOS objects, 23% free, 53MB/69MB, paused 696us total 27.693ms
08-06 13:51:12.788  3330  3348 I art     : Starting a blocking GC Explicit
08-06 13:51:12.818  3330  3348 I art     : Explicit concurrent mark sweep GC freed 3241(199KB) AllocSpace objects, 0(0B) LOS objects, 22% free, 53MB/69MB, paused 2.377ms total 30.083ms
08-06 13:51:12.864   918   936 I ActivityManager: Displayed baseline.appteam.nith.hillffair/.activities.ClubActivity: +90ms
08-06 13:51:12.864 13866 13866 I GoogleInputMethodServic: GoogleInputMethodService.onFinishInput():3138 
08-06 13:51:12.865 13866 13866 I GoogleInputMethodServic: GoogleInputMethodService.onStartInput():1808 
08-06 13:51:13.117  3330  3341 I art     : Starting a blocking GC Explicit
08-06 13:51:13.125   380   380 W SurfaceFlinger: couldn't log to binary event log: overflow.
08-06 13:51:13.149  3330  3341 I art     : Explicit concurrent mark sweep GC freed 1871(114KB) AllocSpace objects, 1(20KB) LOS objects, 22% free, 53MB/69MB, paused 698us total 31.329ms
08-06 13:51:13.160  3330  3341 I art     : Starting a blocking GC Explicit
08-06 13:51:13.186  3330  3341 I art     : Explicit concurrent mark sweep GC freed 83(3KB) AllocSpace objects, 0(0B) LOS objects, 22% free, 53MB/69MB, paused 723us total 25.913ms
08-06 13:51:13.198  3330  3341 I art     : Starting a blocking GC Explicit
08-06 13:51:13.225  3330  3341 I art     : Explicit concurrent mark sweep GC freed 3(96B) AllocSpace objects, 0(0B) LOS objects, 22% free, 53MB/69MB, paused 725us total 26.823ms
08-06 13:51:13.236  3330  3341 I art     : Starting a blocking GC Explicit
08-06 13:51:13.267  3330  3341 I art     : Explicit concurrent mark sweep GC freed 108(5KB) AllocSpace objects, 0(0B) LOS objects, 22% free, 53MB/69MB, paused 787us total 30.716ms
08-06 13:51:13.278  3330  3341 I art     : Starting a blocking GC Explicit
08-06 13:51:13.306  3330  3341 I art     : Explicit concurrent mark sweep GC freed 14(512B) AllocSpace objects, 0(0B) LOS objects, 22% free, 53MB/69MB, paused 733us total 27.545ms
08-06 13:51:13.467  3330  6823 D OkHttp  : --> GET https://api-hillfair-2k16.herokuapp.com/api/app/club/Technical%20Committee http/1.1
08-06 13:51:13.502  3330  6823 D OkHttp  : <-- 200 OK https://api-hillfair-2k16.herokuapp.com/api/app/club/Technical%20Committee (34ms, 1171-byte body)
08-06 13:51:13.576  3330  3330 I NAPPA_EXPERIMENTATION: MetricNetworkRequestExecutionTime: REQUEST_DURATION_SYSTEM='769',REQUEST_DURATION_OKHTTP='35',REQUEST_SYNCHRONOUS='FALSE',RESPONSE_CODE='200',RESPONSE_METHOD='GET',RESPONSE_LENGTH_OKHTTP='1171',RESPONSE_LENGTH_HEADER='1171',REQUEST_PROTOCOL='http/1.1',REQUEST_URL='https://api-hillfair-2k16.herokuapp.com/api/app/club/Technical%20Committee',
08-06 13:51:13.604  3330  3442 I art     : Starting a blocking GC Explicit
08-06 13:51:13.642  3330  3442 I art     : Explicit concurrent mark sweep GC freed 4844(343KB) AllocSpace objects, 4(220KB) LOS objects, 22% free, 53MB/69MB, paused 1.028ms total 37.093ms
08-06 13:51:13.654  3330  3442 I art     : Starting a blocking GC Explicit
08-06 13:51:13.685  3330  3442 I art     : Explicit concurrent mark sweep GC freed 1047(119KB) AllocSpace objects, 0(0B) LOS objects, 22% free, 53MB/69MB, paused 648us total 30.202ms
08-06 13:51:13.697  3330  3442 I art     : Starting a blocking GC Explicit
08-06 13:51:13.725  3330  3442 I art     : Explicit concurrent mark sweep GC freed 3(96B) AllocSpace objects, 0(0B) LOS objects, 22% free, 53MB/69MB, paused 661us total 27.901ms
08-06 13:51:13.738  3330  3442 I art     : Starting a blocking GC Explicit
08-06 13:51:13.766  3330  3442 I art     : Explicit concurrent mark sweep GC freed 3(96B) AllocSpace objects, 0(0B) LOS objects, 22% free, 53MB/69MB, paused 689us total 27.819ms
08-06 13:51:13.777  3330  3442 I art     : Starting a blocking GC Explicit
08-06 13:51:13.805  3330  3442 I art     : Explicit concurrent mark sweep GC freed 3(96B) AllocSpace objects, 0(0B) LOS objects, 22% free, 53MB/69MB, paused 686us total 27.891ms
08-06 13:51:14.110  3330  3348 I art     : Starting a blocking GC Explicit
08-06 13:51:14.149  3330  3348 I art     : Explicit concurrent mark sweep GC freed 1347(78KB) AllocSpace objects, 1(20KB) LOS objects, 22% free, 53MB/69MB, paused 825us total 38.061ms
08-06 13:51:14.164  3330  3348 I art     : Starting a blocking GC Explicit
08-06 13:51:14.198  3330  3348 I art     : Explicit concurrent mark sweep GC freed 36(1280B) AllocSpace objects, 0(0B) LOS objects, 22% free, 53MB/69MB, paused 888us total 33.484ms
08-06 13:51:14.210  3330  3348 I art     : Starting a blocking GC Explicit
08-06 13:51:14.241  3330  3348 I art     : Explicit concurrent mark sweep GC freed 3(96B) AllocSpace objects, 0(0B) LOS objects, 22% free, 53MB/69MB, paused 721us total 31.216ms
08-06 13:51:14.253  3330  3348 I art     : Starting a blocking GC Explicit
08-06 13:51:14.285  3330  3348 I art     : Explicit concurrent mark sweep GC freed 3(96B) AllocSpace objects, 0(0B) LOS objects, 22% free, 53MB/69MB, paused 714us total 31.473ms
08-06 13:51:14.297  3330  3348 I art     : Starting a blocking GC Explicit
08-06 13:51:14.328  3330  3348 I art     : Explicit concurrent mark sweep GC freed 3(96B) AllocSpace objects, 0(0B) LOS objects, 22% free, 53MB/69MB, paused 737us total 31.448ms
08-06 13:51:14.652  3330  4220 I art     : Starting a blocking GC Explicit
08-06 13:51:14.692  3330  4220 I art     : Explicit concurrent mark sweep GC freed 1347(78KB) AllocSpace objects, 1(20KB) LOS objects, 22% free, 53MB/69MB, paused 791us total 39.526ms
08-06 13:51:14.707  3330  4220 I art     : Starting a blocking GC Explicit
08-06 13:51:14.744  3330  4220 I art     : Explicit concurrent mark sweep GC freed 20(704B) AllocSpace objects, 0(0B) LOS objects, 22% free, 53MB/69MB, paused 737us total 36.134ms
08-06 13:51:14.755  3330  4220 I art     : Starting a blocking GC Explicit
08-06 13:51:14.790  3330  4220 I art     : Explicit concurrent mark sweep GC freed 3(96B) AllocSpace objects, 0(0B) LOS objects, 22% free, 53MB/69MB, paused 746us total 34.094ms
08-06 13:51:14.802  3330  4220 I art     : Starting a blocking GC Explicit
08-06 13:51:14.837  3330  4220 I art     : Explicit concurrent mark sweep GC freed 3(96B) AllocSpace objects, 0(0B) LOS objects, 22% free, 53MB/69MB, paused 713us total 34.544ms
08-06 13:51:14.849  3330  4220 I art     : Starting a blocking GC Explicit
08-06 13:51:14.882  3330  4220 I art     : Explicit concurrent mark sweep GC freed 3(96B) AllocSpace objects, 0(0B) LOS objects, 22% free, 53MB/69MB, paused 723us total 32.606ms
08-06 13:51:15.217  3330  3442 I art     : Starting a blocking GC Explicit
08-06 13:51:15.261  3330  3442 I art     : Explicit concurrent mark sweep GC freed 1347(78KB) AllocSpace objects, 1(20KB) LOS objects, 22% free, 53MB/69MB, paused 738us total 43.660ms
08-06 13:51:15.278  3330  3442 I art     : Starting a blocking GC Explicit
08-06 13:51:15.311  3330  3442 I art     : Explicit concurrent mark sweep GC freed 20(704B) AllocSpace objects, 0(0B) LOS objects, 22% free, 53MB/69MB, paused 726us total 32.983ms
08-06 13:51:15.323  3330  3442 I art     : Starting a blocking GC Explicit
08-06 13:51:15.357  3330  3442 I art     : Explicit concurrent mark sweep GC freed 3(96B) AllocSpace objects, 0(0B) LOS objects, 22% free, 53MB/69MB, paused 838us total 34.122ms
08-06 13:51:15.369  3330  3442 I art     : Starting a blocking GC Explicit
08-06 13:51:15.401  3330  3442 I art     : Explicit concurrent mark sweep GC freed 3(96B) AllocSpace objects, 0(0B) LOS objects, 22% free, 53MB/69MB, paused 691us total 31.680ms
08-06 13:51:15.413  3330  3442 I art     : Starting a blocking GC Explicit
08-06 13:51:15.448  3330  3442 I art     : Explicit concurrent mark sweep GC freed 3(96B) AllocSpace objects, 0(0B) LOS objects, 22% free, 53MB/69MB, paused 786us total 34.040ms
08-06 13:51:15.782  3330  3341 I art     : Starting a blocking GC Explicit
08-06 13:51:15.825  3330  3341 I art     : Explicit concurrent mark sweep GC freed 1347(78KB) AllocSpace objects, 1(20KB) LOS objects, 22% free, 53MB/69MB, paused 782us total 42.202ms
08-06 13:51:15.840  3330  3341 I art     : Starting a blocking GC Explicit
08-06 13:51:15.875  3330  3341 I art     : Explicit concurrent mark sweep GC freed 20(704B) AllocSpace objects, 0(0B) LOS objects, 22% free, 53MB/69MB, paused 687us total 34.526ms
08-06 13:51:15.887  3330  3341 I art     : Starting a blocking GC Explicit
08-06 13:51:15.919  3330  3341 I art     : Explicit concurrent mark sweep GC freed 3(96B) AllocSpace objects, 0(0B) LOS objects, 22% free, 53MB/69MB, paused 747us total 32.173ms
08-06 13:51:15.932  3330  3341 I art     : Starting a blocking GC Explicit
08-06 13:51:15.966  3330  3341 I art     : Explicit concurrent mark sweep GC freed 3(96B) AllocSpace objects, 0(0B) LOS objects, 22% free, 53MB/69MB, paused 737us total 34.244ms
08-06 13:51:15.978  3330  3341 I art     : Starting a blocking GC Explicit
08-06 13:51:16.013  3330  3341 I art     : Explicit concurrent mark sweep GC freed 3(96B) AllocSpace objects, 0(0B) LOS objects, 22% free, 53MB/69MB, paused 721us total 34.729ms
08-06 13:51:16.375  3330  3348 I art     : Starting a blocking GC Explicit
08-06 13:51:16.414  3330  3348 I art     : Explicit concurrent mark sweep GC freed 1347(78KB) AllocSpace objects, 1(20KB) LOS objects, 22% free, 53MB/69MB, paused 734us total 38.446ms
08-06 13:51:16.427  3330  3348 I art     : Starting a blocking GC Explicit
08-06 13:51:16.461  3330  3348 I art     : Explicit concurrent mark sweep GC freed 20(704B) AllocSpace objects, 0(0B) LOS objects, 22% free, 53MB/69MB, paused 720us total 34.476ms
08-06 13:51:16.474  3330  3348 I art     : Starting a blocking GC Explicit
08-06 13:51:16.509  3330  3348 I art     : Explicit concurrent mark sweep GC freed 3(96B) AllocSpace objects, 0(0B) LOS objects, 22% free, 53MB/69MB, paused 774us total 34.522ms
08-06 13:51:16.521  3330  3348 I art     : Starting a blocking GC Explicit
08-06 13:51:16.555  3330  3348 I art     : Explicit concurrent mark sweep GC freed 3(96B) AllocSpace objects, 0(0B) LOS objects, 22% free, 53MB/69MB, paused 742us total 33.867ms
08-06 13:51:16.567  3330  3348 I art     : Starting a blocking GC Explicit
08-06 13:51:16.601  3330  3348 I art     : Explicit concurrent mark sweep GC freed 3(96B) AllocSpace objects, 0(0B) LOS objects, 22% free, 53MB/69MB, paused 741us total 33.768ms
08-06 13:51:16.932  3330  4220 I art     : Starting a blocking GC Explicit
08-06 13:51:16.971  3330  4220 I art     : Explicit concurrent mark sweep GC freed 1347(78KB) AllocSpace objects, 1(20KB) LOS objects, 22% free, 53MB/69MB, paused 779us total 38.526ms
08-06 13:51:16.986  3330  4220 I art     : Starting a blocking GC Explicit
08-06 13:51:17.017  3330  4220 I art     : Explicit concurrent mark sweep GC freed 20(704B) AllocSpace objects, 0(0B) LOS objects, 22% free, 53MB/69MB, paused 751us total 30.544ms
08-06 13:51:17.028  3330  4220 I art     : Starting a blocking GC Explicit
08-06 13:51:17.055  3330  4220 I art     : Explicit concurrent mark sweep GC freed 3(96B) AllocSpace objects, 0(0B) LOS objects, 22% free, 53MB/69MB, paused 649us total 26.013ms
08-06 13:51:17.065  3330  4220 I art     : Starting a blocking GC Explicit
08-06 13:51:17.094  3330  4220 I art     : Explicit concurrent mark sweep GC freed 3(96B) AllocSpace objects, 0(0B) LOS objects, 22% free, 53MB/69MB, paused 700us total 28.182ms
08-06 13:51:17.105  3330  4220 I art     : Starting a blocking GC Explicit
08-06 13:51:17.133  3330  4220 I art     : Explicit concurrent mark sweep GC freed 3(96B) AllocSpace objects, 0(0B) LOS objects, 22% free, 53MB/69MB, paused 715us total 28.630ms
08-06 13:51:17.451  3330  3442 I art     : Starting a blocking GC Explicit
08-06 13:51:17.487  3330  3442 I art     : Explicit concurrent mark sweep GC freed 1360(79KB) AllocSpace objects, 1(20KB) LOS objects, 22% free, 53MB/69MB, paused 800us total 35.376ms
08-06 13:51:17.501  3330  3442 I art     : Starting a blocking GC Explicit
08-06 13:51:17.535  3330  3442 I art     : Explicit concurrent mark sweep GC freed 34(1136B) AllocSpace objects, 0(0B) LOS objects, 22% free, 53MB/69MB, paused 757us total 32.957ms
08-06 13:51:17.547  3330  3442 I art     : Starting a blocking GC Explicit
08-06 13:51:17.565  6906  6906 D AndroidRuntime: >>>>>> START com.android.internal.os.RuntimeInit uid 2000 <<<<<<
08-06 13:51:17.571  6906  6906 D AndroidRuntime: CheckJNI is OFF
08-06 13:51:17.580  3330  3442 I art     : Explicit concurrent mark sweep GC freed 3(96B) AllocSpace objects, 0(0B) LOS objects, 22% free, 53MB/69MB, paused 738us total 32.613ms
08-06 13:51:17.591  3330  3442 I art     : Starting a blocking GC Explicit
08-06 13:51:17.616  6906  6906 D ICU     : No timezone override file found: /data/misc/zoneinfo/current/icu/icu_tzdata.dat
08-06 13:51:17.622  3330  3442 I art     : Explicit concurrent mark sweep GC freed 3(96B) AllocSpace objects, 0(0B) LOS objects, 22% free, 53MB/69MB, paused 685us total 30.087ms
08-06 13:51:17.634  3330  3442 I art     : Starting a blocking GC Explicit
08-06 13:51:17.661  6906  6906 I Radio-JNI: register_android_hardware_Radio DONE
08-06 13:51:17.665  3330  3442 I art     : Explicit concurrent mark sweep GC freed 3(96B) AllocSpace objects, 0(0B) LOS objects, 22% free, 53MB/69MB, paused 754us total 31.280ms
08-06 13:51:17.691  6906  6906 D AndroidRuntime: Calling main entry com.android.commands.input.Input
08-06 13:51:17.693  6906  6906 I Input   : injectKeyEvent: KeyEvent { action=ACTION_DOWN, keyCode=KEYCODE_BACK, scanCode=0, metaState=0, flags=0x0, repeatCount=0, eventTime=885094106, downTime=885094106, deviceId=-1, source=0x101 }
08-06 13:51:17.698  6906  6906 I Input   : injectKeyEvent: KeyEvent { action=ACTION_UP, keyCode=KEYCODE_BACK, scanCode=0, metaState=0, flags=0x0, repeatCount=0, eventTime=885094106, downTime=885094106, deviceId=-1, source=0x101 }
08-06 13:51:17.705  6906  6906 D AndroidRuntime: Shutting down VM
08-06 13:51:17.746 13866 13866 I GoogleInputMethodServic: GoogleInputMethodService.onFinishInput():3138 
08-06 13:51:17.747 13866 13866 I GoogleInputMethodServic: GoogleInputMethodService.onStartInput():1808 
08-06 13:51:17.954  3330  3341 I art     : Starting a blocking GC Explicit
08-06 13:51:17.986  3330  3341 I art     : Explicit concurrent mark sweep GC freed 1529(86KB) AllocSpace objects, 1(20KB) LOS objects, 22% free, 53MB/69MB, paused 636us total 31.196ms
08-06 13:51:17.998  3330  3341 I art     : Starting a blocking GC Explicit
08-06 13:51:18.029  3330  3341 I art     : Explicit concurrent mark sweep GC freed 26(944B) AllocSpace objects, 0(0B) LOS objects, 22% free, 53MB/69MB, paused 720us total 30.209ms
08-06 13:51:18.040  3330  3341 I art     : Starting a blocking GC Explicit
08-06 13:51:18.062   380   380 W SurfaceFlinger: couldn't log to binary event log: overflow.
08-06 13:51:18.070  3330  3341 I art     : Explicit concurrent mark sweep GC freed 93(7KB) AllocSpace objects, 0(0B) LOS objects, 22% free, 53MB/69MB, paused 734us total 29.912ms
08-06 13:51:18.082  3330  3341 I art     : Starting a blocking GC Explicit
08-06 13:51:18.112  3330  3341 I art     : Explicit concurrent mark sweep GC freed 22(944B) AllocSpace objects, 0(0B) LOS objects, 22% free, 53MB/69MB, paused 694us total 29.274ms
08-06 13:51:18.123  3330  3341 I art     : Starting a blocking GC Explicit
08-06 13:51:18.152  3330  3341 I art     : Explicit concurrent mark sweep GC freed 1653(108KB) AllocSpace objects, 3(180KB) LOS objects, 23% free, 53MB/69MB, paused 675us total 28.127ms
08-06 13:51:18.448  3330  4220 I art     : Starting a blocking GC Explicit
08-06 13:51:18.492  3330  4220 I art     : Explicit concurrent mark sweep GC freed 1347(78KB) AllocSpace objects, 1(20KB) LOS objects, 23% free, 53MB/69MB, paused 718us total 43.244ms
08-06 13:51:18.508  3330  4220 I art     : Starting a blocking GC Explicit
08-06 13:51:18.538  3330  4220 I art     : Explicit concurrent mark sweep GC freed 20(704B) AllocSpace objects, 0(0B) LOS objects, 23% free, 53MB/69MB, paused 744us total 29.706ms
08-06 13:51:18.549  3330  4220 I art     : Starting a blocking GC Explicit
08-06 13:51:18.580  3330  4220 I art     : Explicit concurrent mark sweep GC freed 3(96B) AllocSpace objects, 0(0B) LOS objects, 23% free, 53MB/69MB, paused 702us total 30.640ms
08-06 13:51:18.592  3330  4220 I art     : Starting a blocking GC Explicit
08-06 13:51:18.623  3330  4220 I art     : Explicit concurrent mark sweep GC freed 3(96B) AllocSpace objects, 0(0B) LOS objects, 23% free, 53MB/69MB, paused 687us total 30.383ms
08-06 13:51:18.635  3330  4220 I art     : Starting a blocking GC Explicit
08-06 13:51:18.666  3330  4220 I art     : Explicit concurrent mark sweep GC freed 3(96B) AllocSpace objects, 0(0B) LOS objects, 23% free, 53MB/69MB, paused 698us total 31.354ms
08-06 13:51:18.977  3330  3442 I art     : Starting a blocking GC Explicit
08-06 13:51:19.009  3330  3442 I art     : Explicit concurrent mark sweep GC freed 1347(78KB) AllocSpace objects, 1(20KB) LOS objects, 23% free, 53MB/69MB, paused 716us total 31.986ms
08-06 13:51:19.021  3330  3442 I art     : Starting a blocking GC Explicit
08-06 13:51:19.050  3330  3442 I art     : Explicit concurrent mark sweep GC freed 20(704B) AllocSpace objects, 0(0B) LOS objects, 23% free, 53MB/69MB, paused 699us total 28.661ms
08-06 13:51:19.061  3330  3442 I art     : Starting a blocking GC Explicit
08-06 13:51:19.091  3330  3442 I art     : Explicit concurrent mark sweep GC freed 3(96B) AllocSpace objects, 0(0B) LOS objects, 23% free, 53MB/69MB, paused 704us total 29.250ms
08-06 13:51:19.102  3330  3442 I art     : Starting a blocking GC Explicit
08-06 13:51:19.132  3330  3442 I art     : Explicit concurrent mark sweep GC freed 3(96B) AllocSpace objects, 0(0B) LOS objects, 23% free, 53MB/69MB, paused 711us total 29.301ms
08-06 13:51:19.143  3330  3442 I art     : Starting a blocking GC Explicit
08-06 13:51:19.173  3330  3442 I art     : Explicit concurrent mark sweep GC freed 3(96B) AllocSpace objects, 0(0B) LOS objects, 23% free, 53MB/69MB, paused 725us total 29.275ms
08-06 13:51:19.473  3330  3348 I art     : Starting a blocking GC Explicit
08-06 13:51:19.504  6959  6959 D AndroidRuntime: >>>>>> START com.android.internal.os.RuntimeInit uid 2000 <<<<<<
08-06 13:51:19.507  3330  3348 I art     : Explicit concurrent mark sweep GC freed 1347(78KB) AllocSpace objects, 1(20KB) LOS objects, 23% free, 53MB/69MB, paused 871us total 34.468ms
08-06 13:51:19.510  6959  6959 D AndroidRuntime: CheckJNI is OFF
08-06 13:51:19.519  3330  3348 I art     : Starting a blocking GC Explicit
08-06 13:51:19.549  3330  3348 I art     : Explicit concurrent mark sweep GC freed 20(704B) AllocSpace objects, 0(0B) LOS objects, 23% free, 53MB/69MB, paused 713us total 29.051ms
08-06 13:51:19.554  6959  6959 D ICU     : No timezone override file found: /data/misc/zoneinfo/current/icu/icu_tzdata.dat
08-06 13:51:19.560  3330  3348 I art     : Starting a blocking GC Explicit
08-06 13:51:19.591  3330  3348 I art     : Explicit concurrent mark sweep GC freed 3(96B) AllocSpace objects, 0(0B) LOS objects, 23% free, 53MB/69MB, paused 749us total 31.067ms
08-06 13:51:19.601  6959  6959 I Radio-JNI: register_android_hardware_Radio DONE
08-06 13:51:19.603  3330  3348 I art     : Starting a blocking GC Explicit
08-06 13:51:19.631  6959  6959 D AndroidRuntime: Calling main entry com.android.commands.input.Input
08-06 13:51:19.633  6959  6959 I Input   : injectMotionEvent: MotionEvent { action=ACTION_DOWN, actionButton=0, id[0]=0, x[0]=255.0, y[0]=1845.0, toolType[0]=TOOL_TYPE_UNKNOWN, buttonState=0, metaState=0, flags=0x0, edgeFlags=0x0, pointerCount=1, historySize=0, eventTime=885096046, downTime=885096046, deviceId=0, source=0x1002 }
08-06 13:51:19.634  3330  3348 I art     : Explicit concurrent mark sweep GC freed 3(96B) AllocSpace objects, 0(0B) LOS objects, 23% free, 53MB/69MB, paused 781us total 31.038ms
08-06 13:51:19.639  6959  6959 I Input   : injectMotionEvent: MotionEvent { action=ACTION_UP, actionButton=0, id[0]=0, x[0]=255.0, y[0]=1845.0, toolType[0]=TOOL_TYPE_UNKNOWN, buttonState=0, metaState=0, flags=0x0, edgeFlags=0x0, pointerCount=1, historySize=0, eventTime=885096046, downTime=885096046, deviceId=0, source=0x1002 }
08-06 13:51:19.641   918  5481 I ActivityManager: START u0 {cmp=baseline.appteam.nith.hillffair/.activities.ClubActivity (has extras)} from uid 10697 on display 0
08-06 13:51:19.645  3330  3348 I art     : Starting a blocking GC Explicit
08-06 13:51:19.648  6959  6959 D AndroidRuntime: Shutting down VM
08-06 13:51:19.675  3330  3348 I art     : Explicit concurrent mark sweep GC freed 338(20KB) AllocSpace objects, 0(0B) LOS objects, 22% free, 53MB/69MB, paused 1.169ms total 29.643ms
08-06 13:51:19.756  3330  3330 I NAPPA_EXPERIMENTATION: MetricNetworkRequestExecutionTime: REQUEST_DURATION_SYSTEM='76',REQUEST_DURATION_OKHTTP='35',REQUEST_SYNCHRONOUS='FALSE',RESPONSE_CODE='200',RESPONSE_METHOD='GET',RESPONSE_LENGTH_OKHTTP='1171',RESPONSE_LENGTH_HEADER='-2',REQUEST_PROTOCOL='http/1.1',REQUEST_URL='https://api-hillfair-2k16.herokuapp.com/api/app/club/Technical%20Committee',
08-06 13:51:19.757   918   936 I ActivityManager: Displayed baseline.appteam.nith.hillffair/.activities.ClubActivity: +108ms
08-06 13:51:19.759 13866 13866 I GoogleInputMethodServic: GoogleInputMethodService.onFinishInput():3138 
08-06 13:51:19.759 13866 13866 I GoogleInputMethodServic: GoogleInputMethodService.onStartInput():1808 
08-06 13:51:19.955  3330  3341 I art     : Starting a blocking GC Explicit
08-06 13:51:19.984  3330  3341 I art     : Explicit concurrent mark sweep GC freed 5524(400KB) AllocSpace objects, 1(20KB) LOS objects, 22% free, 53MB/69MB, paused 655us total 28.672ms
08-06 13:51:19.995  3330  3341 I art     : Starting a blocking GC Explicit
08-06 13:51:20.014   380   380 W SurfaceFlinger: couldn't log to binary event log: overflow.
08-06 13:51:20.023  3330  3341 I art     : Explicit concurrent mark sweep GC freed 181(7KB) AllocSpace objects, 0(0B) LOS objects, 22% free, 53MB/69MB, paused 642us total 27.656ms
08-06 13:51:20.033  3330  3341 I art     : Starting a blocking GC Explicit
08-06 13:51:20.060  3330  3341 I art     : Explicit concurrent mark sweep GC freed 3(96B) AllocSpace objects, 0(0B) LOS objects, 22% free, 53MB/69MB, paused 676us total 26.343ms
08-06 13:51:20.071  3330  3341 I art     : Starting a blocking GC Explicit
08-06 13:51:20.098  3330  3341 I art     : Explicit concurrent mark sweep GC freed 3(96B) AllocSpace objects, 0(0B) LOS objects, 22% free, 53MB/69MB, paused 757us total 26.855ms
08-06 13:51:20.109  3330  3341 I art     : Starting a blocking GC Explicit
08-06 13:51:20.136  3330  3341 I art     : Explicit concurrent mark sweep GC freed 93(5KB) AllocSpace objects, 0(0B) LOS objects, 22% free, 53MB/69MB, paused 714us total 26.819ms
08-06 13:51:20.449  3330  3348 I art     : Starting a blocking GC Explicit
08-06 13:51:20.482  3330  3348 I art     : Explicit concurrent mark sweep GC freed 1357(78KB) AllocSpace objects, 1(20KB) LOS objects, 22% free, 53MB/69MB, paused 720us total 33.167ms
08-06 13:51:20.494  3330  3348 I art     : Starting a blocking GC Explicit
08-06 13:51:20.527  3330  3348 I art     : Explicit concurrent mark sweep GC freed 36(1264B) AllocSpace objects, 0(0B) LOS objects, 22% free, 53MB/69MB, paused 720us total 32.141ms
08-06 13:51:20.539  3330  3348 I art     : Starting a blocking GC Explicit
08-06 13:51:20.570  3330  3348 I art     : Explicit concurrent mark sweep GC freed 3(96B) AllocSpace objects, 0(0B) LOS objects, 22% free, 53MB/69MB, paused 714us total 30.662ms
08-06 13:51:20.582  3330  3348 I art     : Starting a blocking GC Explicit
08-06 13:51:20.613  3330  3348 I art     : Explicit concurrent mark sweep GC freed 3(96B) AllocSpace objects, 0(0B) LOS objects, 22% free, 53MB/69MB, paused 718us total 31.699ms
08-06 13:51:20.625  3330  3348 I art     : Starting a blocking GC Explicit
08-06 13:51:20.657  3330  3348 I art     : Explicit concurrent mark sweep GC freed 3(96B) AllocSpace objects, 0(0B) LOS objects, 22% free, 53MB/69MB, paused 665us total 31.015ms
08-06 13:51:20.959  3330  3341 I art     : Starting a blocking GC Explicit
08-06 13:51:20.997  3330  3341 I art     : Explicit concurrent mark sweep GC freed 1347(78KB) AllocSpace objects, 1(20KB) LOS objects, 22% free, 53MB/69MB, paused 758us total 37.807ms
08-06 13:51:21.012  3330  3341 I art     : Starting a blocking GC Explicit
08-06 13:51:21.043  3330  3341 I art     : Explicit concurrent mark sweep GC freed 20(704B) AllocSpace objects, 0(0B) LOS objects, 22% free, 53MB/69MB, paused 719us total 30.255ms
08-06 13:51:21.054  3330  3341 I art     : Starting a blocking GC Explicit
08-06 13:51:21.086  3330  3341 I art     : Explicit concurrent mark sweep GC freed 3(96B) AllocSpace objects, 0(0B) LOS objects, 22% free, 53MB/69MB, paused 726us total 31.013ms
08-06 13:51:21.098  3330  3341 I art     : Starting a blocking GC Explicit
08-06 13:51:21.130  3330  3341 I art     : Explicit concurrent mark sweep GC freed 3(96B) AllocSpace objects, 0(0B) LOS objects, 22% free, 53MB/69MB, paused 691us total 31.837ms
08-06 13:51:21.141  3330  3341 I art     : Starting a blocking GC Explicit
08-06 13:51:21.173  3330  3341 I art     : Explicit concurrent mark sweep GC freed 3(96B) AllocSpace objects, 0(0B) LOS objects, 22% free, 53MB/69MB, paused 719us total 31.210ms
08-06 13:51:21.491  3330  3442 I art     : Starting a blocking GC Explicit
08-06 13:51:21.532  3330  3442 I art     : Explicit concurrent mark sweep GC freed 1347(78KB) AllocSpace objects, 1(20KB) LOS objects, 22% free, 53MB/69MB, paused 775us total 41.311ms
08-06 13:51:21.548  3330  3442 I art     : Starting a blocking GC Explicit
08-06 13:51:21.581  3330  3442 I art     : Explicit concurrent mark sweep GC freed 20(704B) AllocSpace objects, 0(0B) LOS objects, 22% free, 53MB/69MB, paused 726us total 33.629ms
08-06 13:51:21.594  3330  3442 I art     : Starting a blocking GC Explicit
08-06 13:51:21.627  3330  3442 I art     : Explicit concurrent mark sweep GC freed 3(96B) AllocSpace objects, 0(0B) LOS objects, 22% free, 53MB/69MB, paused 740us total 32.850ms
08-06 13:51:21.639  3330  3442 I art     : Starting a blocking GC Explicit
08-06 13:51:21.673  3330  3442 I art     : Explicit concurrent mark sweep GC freed 3(96B) AllocSpace objects, 0(0B) LOS objects, 22% free, 53MB/69MB, paused 745us total 33.542ms
08-06 13:51:21.685  3330  3442 I art     : Starting a blocking GC Explicit
08-06 13:51:21.719  3330  3442 I art     : Explicit concurrent mark sweep GC freed 3(96B) AllocSpace objects, 0(0B) LOS objects, 22% free, 53MB/69MB, paused 712us total 34.129ms
08-06 13:51:22.061  3330  4220 I art     : Starting a blocking GC Explicit
08-06 13:51:22.106  3330  4220 I art     : Explicit concurrent mark sweep GC freed 1347(78KB) AllocSpace objects, 1(20KB) LOS objects, 22% free, 53MB/69MB, paused 792us total 44.799ms
08-06 13:51:22.124  3330  4220 I art     : Starting a blocking GC Explicit
08-06 13:51:22.164  3330  4220 I art     : Explicit concurrent mark sweep GC freed 20(704B) AllocSpace objects, 0(0B) LOS objects, 22% free, 53MB/69MB, paused 826us total 39.216ms
08-06 13:51:22.168   918  3261 D WifiStateMachine: starting scan for "H369AA63323"WPA_PSK with 2412,5180
08-06 13:51:22.179  3330  4220 I art     : Starting a blocking GC Explicit
08-06 13:51:22.214  3330  4220 I art     : Explicit concurrent mark sweep GC freed 3(96B) AllocSpace objects, 0(0B) LOS objects, 22% free, 53MB/69MB, paused 728us total 34.882ms
08-06 13:51:22.226  3330  4220 I art     : Starting a blocking GC Explicit
08-06 13:51:22.258  3330  4220 I art     : Explicit concurrent mark sweep GC freed 3(96B) AllocSpace objects, 0(0B) LOS objects, 22% free, 53MB/69MB, paused 690us total 31.382ms
08-06 13:51:22.270  3330  4220 I art     : Starting a blocking GC Explicit
08-06 13:51:22.303  3330  4220 I art     : Explicit concurrent mark sweep GC freed 3(96B) AllocSpace objects, 0(0B) LOS objects, 22% free, 53MB/69MB, paused 728us total 32.714ms
08-06 13:51:22.643  3330  3348 I art     : Starting a blocking GC Explicit
08-06 13:51:22.685  3330  3348 I art     : Explicit concurrent mark sweep GC freed 1347(78KB) AllocSpace objects, 1(20KB) LOS objects, 22% free, 53MB/69MB, paused 774us total 41.784ms
08-06 13:51:22.700  3330  3348 I art     : Starting a blocking GC Explicit
08-06 13:51:22.734  3330  3348 I art     : Explicit concurrent mark sweep GC freed 20(704B) AllocSpace objects, 0(0B) LOS objects, 22% free, 53MB/69MB, paused 684us total 34.267ms
08-06 13:51:22.746  3330  3348 I art     : Starting a blocking GC Explicit
08-06 13:51:22.781  3330  3348 I art     : Explicit concurrent mark sweep GC freed 3(96B) AllocSpace objects, 0(0B) LOS objects, 22% free, 53MB/69MB, paused 757us total 33.885ms
08-06 13:51:22.793  3330  3348 I art     : Starting a blocking GC Explicit
08-06 13:51:22.828  3330  3348 I art     : Explicit concurrent mark sweep GC freed 3(96B) AllocSpace objects, 0(0B) LOS objects, 22% free, 53MB/69MB, paused 830us total 34.561ms
08-06 13:51:22.840  3330  3348 I art     : Starting a blocking GC Explicit
08-06 13:51:22.873  3330  3348 I art     : Explicit concurrent mark sweep GC freed 3(96B) AllocSpace objects, 0(0B) LOS objects, 22% free, 53MB/69MB, paused 715us total 32.347ms
08-06 13:51:23.232  3330  3341 I art     : Starting a blocking GC Explicit
08-06 13:51:23.275  3330  3341 I art     : Explicit concurrent mark sweep GC freed 1347(78KB) AllocSpace objects, 1(20KB) LOS objects, 22% free, 53MB/69MB, paused 676us total 43.265ms
08-06 13:51:23.287  3330  3341 I art     : Starting a blocking GC Explicit
08-06 13:51:23.322  3330  3341 I art     : Explicit concurrent mark sweep GC freed 20(704B) AllocSpace objects, 0(0B) LOS objects, 22% free, 53MB/69MB, paused 753us total 34.676ms
08-06 13:51:23.334  3330  3341 I art     : Starting a blocking GC Explicit
08-06 13:51:23.369  3330  3341 I art     : Explicit concurrent mark sweep GC freed 3(96B) AllocSpace objects, 0(0B) LOS objects, 22% free, 53MB/69MB, paused 722us total 33.951ms
08-06 13:51:23.381  3330  3341 I art     : Starting a blocking GC Explicit
08-06 13:51:23.413  3330  3341 I art     : Explicit concurrent mark sweep GC freed 3(96B) AllocSpace objects, 0(0B) LOS objects, 22% free, 53MB/69MB, paused 737us total 32.492ms
08-06 13:51:23.426  3330  3341 I art     : Starting a blocking GC Explicit
08-06 13:51:23.461  3330  3341 I art     : Explicit concurrent mark sweep GC freed 3(96B) AllocSpace objects, 0(0B) LOS objects, 22% free, 53MB/69MB, paused 729us total 34.614ms
08-06 13:51:23.792  3330  3442 I art     : Starting a blocking GC Explicit
08-06 13:51:23.838  3330  3442 I art     : Explicit concurrent mark sweep GC freed 1347(78KB) AllocSpace objects, 1(20KB) LOS objects, 22% free, 53MB/69MB, paused 820us total 44.915ms
08-06 13:51:23.854  3330  3442 I art     : Starting a blocking GC Explicit
08-06 13:51:23.886  3330  3442 I art     : Explicit concurrent mark sweep GC freed 20(704B) AllocSpace objects, 0(0B) LOS objects, 22% free, 53MB/69MB, paused 710us total 32.014ms
08-06 13:51:23.898  3330  3442 I art     : Starting a blocking GC Explicit
08-06 13:51:23.928  3330  3442 I art     : Explicit concurrent mark sweep GC freed 3(96B) AllocSpace objects, 0(0B) LOS objects, 22% free, 53MB/69MB, paused 696us total 30.418ms
08-06 13:51:23.940  3330  3442 I art     : Starting a blocking GC Explicit
08-06 13:51:23.969  3330  3442 I art     : Explicit concurrent mark sweep GC freed 3(96B) AllocSpace objects, 0(0B) LOS objects, 22% free, 53MB/69MB, paused 693us total 29.227ms
08-06 13:51:23.981  3330  3442 I art     : Starting a blocking GC Explicit
08-06 13:51:24.011  3330  3442 I art     : Explicit concurrent mark sweep GC freed 3(96B) AllocSpace objects, 0(0B) LOS objects, 22% free, 53MB/69MB, paused 737us total 29.575ms
08-06 13:51:24.311  3330  4220 I art     : Starting a blocking GC Explicit
08-06 13:51:24.351  3330  4220 I art     : Explicit concurrent mark sweep GC freed 1347(78KB) AllocSpace objects, 1(20KB) LOS objects, 22% free, 53MB/69MB, paused 798us total 40.113ms
08-06 13:51:24.367  3330  4220 I art     : Starting a blocking GC Explicit
08-06 13:51:24.398  3330  4220 I art     : Explicit concurrent mark sweep GC freed 20(704B) AllocSpace objects, 0(0B) LOS objects, 22% free, 53MB/69MB, paused 797us total 30.644ms
08-06 13:51:24.410  3330  4220 I art     : Starting a blocking GC Explicit
08-06 13:51:24.442  3330  4220 I art     : Explicit concurrent mark sweep GC freed 3(96B) AllocSpace objects, 0(0B) LOS objects, 22% free, 53MB/69MB, paused 804us total 31.786ms
08-06 13:51:24.451  7064  7064 D AndroidRuntime: >>>>>> START com.android.internal.os.RuntimeInit uid 2000 <<<<<<
08-06 13:51:24.454  3330  4220 I art     : Starting a blocking GC Explicit
08-06 13:51:24.457  7064  7064 D AndroidRuntime: CheckJNI is OFF
08-06 13:51:24.486  3330  4220 I art     : Explicit concurrent mark sweep GC freed 3(96B) AllocSpace objects, 0(0B) LOS objects, 22% free, 53MB/69MB, paused 765us total 31.696ms
08-06 13:51:24.497  3330  4220 I art     : Starting a blocking GC Explicit
08-06 13:51:24.505  7064  7064 D ICU     : No timezone override file found: /data/misc/zoneinfo/current/icu/icu_tzdata.dat
08-06 13:51:24.529  3330  4220 I art     : Explicit concurrent mark sweep GC freed 3(96B) AllocSpace objects, 0(0B) LOS objects, 22% free, 53MB/69MB, paused 773us total 31.290ms
08-06 13:51:24.552  7064  7064 I Radio-JNI: register_android_hardware_Radio DONE
08-06 13:51:24.581  7064  7064 D AndroidRuntime: Calling main entry com.android.commands.input.Input
08-06 13:51:24.583  7064  7064 I Input   : injectKeyEvent: KeyEvent { action=ACTION_DOWN, keyCode=KEYCODE_BACK, scanCode=0, metaState=0, flags=0x0, repeatCount=0, eventTime=885100996, downTime=885100996, deviceId=-1, source=0x101 }
08-06 13:51:24.589  7064  7064 I Input   : injectKeyEvent: KeyEvent { action=ACTION_UP, keyCode=KEYCODE_BACK, scanCode=0, metaState=0, flags=0x0, repeatCount=0, eventTime=885100996, downTime=885100996, deviceId=-1, source=0x101 }
08-06 13:51:24.596  7064  7064 D AndroidRuntime: Shutting down VM
08-06 13:51:24.634 13866 13866 I GoogleInputMethodServic: GoogleInputMethodService.onFinishInput():3138 
08-06 13:51:24.635 13866 13866 I GoogleInputMethodServic: GoogleInputMethodService.onStartInput():1808 
08-06 13:51:24.815  3330  3348 I art     : Starting a blocking GC Explicit
08-06 13:51:24.853  3330  3348 I art     : Explicit concurrent mark sweep GC freed 1528(86KB) AllocSpace objects, 1(20KB) LOS objects, 22% free, 53MB/69MB, paused 706us total 37.281ms
08-06 13:51:24.868  3330  3348 I art     : Starting a blocking GC Explicit
08-06 13:51:24.904  3330  3348 I art     : Explicit concurrent mark sweep GC freed 26(944B) AllocSpace objects, 0(0B) LOS objects, 22% free, 53MB/69MB, paused 662us total 35.120ms
08-06 13:51:24.919  3330  3348 I art     : Starting a blocking GC Explicit
08-06 13:51:24.936   380   380 W SurfaceFlinger: couldn't log to binary event log: overflow.
08-06 13:51:24.951  3330  3348 I art     : Explicit concurrent mark sweep GC freed 94(7KB) AllocSpace objects, 0(0B) LOS objects, 22% free, 53MB/69MB, paused 1.091ms total 30.877ms
08-06 13:51:24.963  3330  3348 I art     : Starting a blocking GC Explicit
08-06 13:51:24.993  3330  3348 I art     : Explicit concurrent mark sweep GC freed 127(6KB) AllocSpace objects, 0(0B) LOS objects, 22% free, 53MB/69MB, paused 710us total 30.393ms
08-06 13:51:25.005  3330  3348 I art     : Starting a blocking GC Explicit
08-06 13:51:25.035  3330  3348 I art     : Explicit concurrent mark sweep GC freed 1548(102KB) AllocSpace objects, 3(180KB) LOS objects, 23% free, 53MB/69MB, paused 692us total 29.596ms
08-06 13:51:25.343  3330  3341 I art     : Starting a blocking GC Explicit
08-06 13:51:25.385  3330  3341 I art     : Explicit concurrent mark sweep GC freed 1348(78KB) AllocSpace objects, 1(20KB) LOS objects, 23% free, 53MB/69MB, paused 845us total 41.342ms
08-06 13:51:25.400  3330  3341 I art     : Starting a blocking GC Explicit
08-06 13:51:25.431  3330  3341 I art     : Explicit concurrent mark sweep GC freed 20(704B) AllocSpace objects, 0(0B) LOS objects, 23% free, 53MB/69MB, paused 714us total 30.697ms
08-06 13:51:25.443  3330  3341 I art     : Starting a blocking GC Explicit
08-06 13:51:25.473  3330  3341 I art     : Explicit concurrent mark sweep GC freed 3(96B) AllocSpace objects, 0(0B) LOS objects, 23% free, 53MB/69MB, paused 704us total 30.409ms
08-06 13:51:25.485  3330  3341 I art     : Starting a blocking GC Explicit
08-06 13:51:25.516  3330  3341 I art     : Explicit concurrent mark sweep GC freed 3(96B) AllocSpace objects, 0(0B) LOS objects, 23% free, 53MB/69MB, paused 713us total 30.929ms
08-06 13:51:25.516  3330  3340 I art     : WaitForGcToComplete blocked for 31.169ms for cause HeapTrim
08-06 13:51:25.528  3330  3341 I art     : Starting a blocking GC Explicit
08-06 13:51:25.559  3330  3341 I art     : Explicit concurrent mark sweep GC freed 3(96B) AllocSpace objects, 0(0B) LOS objects, 23% free, 53MB/69MB, paused 725us total 30.207ms
08-06 13:51:25.872  3330  4220 I art     : Starting a blocking GC Explicit
08-06 13:51:25.903  3330  4220 I art     : Explicit concurrent mark sweep GC freed 1347(78KB) AllocSpace objects, 1(20KB) LOS objects, 23% free, 53MB/69MB, paused 736us total 30.494ms
08-06 13:51:25.914  3330  4220 I art     : Starting a blocking GC Explicit
08-06 13:51:25.945  3330  4220 I art     : Explicit concurrent mark sweep GC freed 20(704B) AllocSpace objects, 0(0B) LOS objects, 23% free, 53MB/69MB, paused 728us total 30.087ms
08-06 13:51:25.956  3330  4220 I art     : Starting a blocking GC Explicit
08-06 13:51:25.985  3330  4220 I art     : Explicit concurrent mark sweep GC freed 3(96B) AllocSpace objects, 0(0B) LOS objects, 23% free, 53MB/69MB, paused 689us total 28.796ms
08-06 13:51:25.997  3330  4220 I art     : Starting a blocking GC Explicit
08-06 13:51:26.026  3330  4220 I art     : Explicit concurrent mark sweep GC freed 3(96B) AllocSpace objects, 0(0B) LOS objects, 23% free, 53MB/69MB, paused 711us total 28.381ms
08-06 13:51:26.037  3330  4220 I art     : Starting a blocking GC Explicit
08-06 13:51:26.066  3330  4220 I art     : Explicit concurrent mark sweep GC freed 3(96B) AllocSpace objects, 0(0B) LOS objects, 23% free, 53MB/69MB, paused 711us total 28.883ms
08-06 13:51:26.368  7119  7119 D AndroidRuntime: >>>>>> START com.android.internal.os.RuntimeInit uid 2000 <<<<<<
08-06 13:51:26.372  3330  3442 I art     : Starting a blocking GC Explicit
08-06 13:51:26.374  7119  7119 D AndroidRuntime: CheckJNI is OFF
08-06 13:51:26.405  3330  3442 I art     : Explicit concurrent mark sweep GC freed 1347(78KB) AllocSpace objects, 1(20KB) LOS objects, 23% free, 53MB/69MB, paused 760us total 32.421ms
08-06 13:51:26.416  3330  3442 I art     : Starting a blocking GC Explicit
08-06 13:51:26.424  7119  7119 D ICU     : No timezone override file found: /data/misc/zoneinfo/current/icu/icu_tzdata.dat
08-06 13:51:26.446  3330  3442 I art     : Explicit concurrent mark sweep GC freed 20(704B) AllocSpace objects, 0(0B) LOS objects, 23% free, 53MB/69MB, paused 772us total 29.737ms
08-06 13:51:26.458  3330  3442 I art     : Starting a blocking GC Explicit
08-06 13:51:26.471  7119  7119 I Radio-JNI: register_android_hardware_Radio DONE
08-06 13:51:26.489  3330  3442 I art     : Explicit concurrent mark sweep GC freed 3(96B) AllocSpace objects, 0(0B) LOS objects, 23% free, 53MB/69MB, paused 760us total 30.643ms
08-06 13:51:26.500  3330  3442 I art     : Starting a blocking GC Explicit
08-06 13:51:26.501  7119  7119 D AndroidRuntime: Calling main entry com.android.commands.input.Input
08-06 13:51:26.503  7119  7119 I Input   : injectMotionEvent: MotionEvent { action=ACTION_DOWN, actionButton=0, id[0]=0, x[0]=369.0, y[0]=554.0, toolType[0]=TOOL_TYPE_UNKNOWN, buttonState=0, metaState=0, flags=0x0, edgeFlags=0x0, pointerCount=1, historySize=0, eventTime=885102915, downTime=885102915, deviceId=0, source=0x1002 }
08-06 13:51:26.510  7119  7119 I Input   : injectMotionEvent: MotionEvent { action=ACTION_UP, actionButton=0, id[0]=0, x[0]=369.0, y[0]=554.0, toolType[0]=TOOL_TYPE_UNKNOWN, buttonState=0, metaState=0, flags=0x0, edgeFlags=0x0, pointerCount=1, historySize=0, eventTime=885102915, downTime=885102915, deviceId=0, source=0x1002 }
08-06 13:51:26.512   918   928 I ActivityManager: START u0 {cmp=baseline.appteam.nith.hillffair/.activities.ClubActivity (has extras)} from uid 10697 on display 0
08-06 13:51:26.518  7119  7119 D AndroidRuntime: Shutting down VM
08-06 13:51:26.529  3330  3442 I art     : Explicit concurrent mark sweep GC freed 73(4KB) AllocSpace objects, 0(0B) LOS objects, 22% free, 53MB/69MB, paused 901us total 28.590ms
08-06 13:51:26.541  3330  3442 I art     : Starting a blocking GC Explicit
08-06 13:51:26.572  3330  3442 I art     : Explicit concurrent mark sweep GC freed 3605(277KB) AllocSpace objects, 0(0B) LOS objects, 22% free, 53MB/69MB, paused 786us total 29.864ms
08-06 13:51:26.609  3330  3330 I NAPPA_EXPERIMENTATION: MetricNetworkRequestExecutionTime: REQUEST_DURATION_SYSTEM='57',REQUEST_DURATION_OKHTTP='34',REQUEST_SYNCHRONOUS='FALSE',RESPONSE_CODE='200',RESPONSE_METHOD='GET',RESPONSE_LENGTH_OKHTTP='979',RESPONSE_LENGTH_HEADER='-2',REQUEST_PROTOCOL='http/1.1',REQUEST_URL='https://api-hillfair-2k16.herokuapp.com/api/app/club/PR%20Club',
08-06 13:51:26.616   918   936 I ActivityManager: Displayed baseline.appteam.nith.hillffair/.activities.ClubActivity: +97ms
08-06 13:51:26.616 13866 13866 I GoogleInputMethodServic: GoogleInputMethodService.onFinishInput():3138 
08-06 13:51:26.617 13866 13866 I GoogleInputMethodServic: GoogleInputMethodService.onStartInput():1808 
08-06 13:51:26.872   380   380 W SurfaceFlinger: couldn't log to binary event log: overflow.
08-06 13:51:26.879  3330  4220 I art     : Starting a blocking GC Explicit
08-06 13:51:26.908  3330  4220 I art     : Explicit concurrent mark sweep GC freed 2270(139KB) AllocSpace objects, 1(20KB) LOS objects, 22% free, 53MB/69MB, paused 684us total 29.251ms
08-06 13:51:26.919  3330  4220 I art     : Starting a blocking GC Explicit
08-06 13:51:26.946  3330  4220 I art     : Explicit concurrent mark sweep GC freed 93(3KB) AllocSpace objects, 0(0B) LOS objects, 22% free, 53MB/69MB, paused 666us total 26.258ms
08-06 13:51:26.957  3330  4220 I art     : Starting a blocking GC Explicit
08-06 13:51:26.986  3330  4220 I art     : Explicit concurrent mark sweep GC freed 3(96B) AllocSpace objects, 0(0B) LOS objects, 22% free, 53MB/69MB, paused 739us total 29.161ms
08-06 13:51:26.999  3330  4220 I art     : Starting a blocking GC Explicit
08-06 13:51:27.028  3330  4220 I art     : Explicit concurrent mark sweep GC freed 103(5KB) AllocSpace objects, 0(0B) LOS objects, 22% free, 53MB/69MB, paused 691us total 28.605ms
08-06 13:51:27.039  3330  4220 I art     : Starting a blocking GC Explicit
08-06 13:51:27.068  3330  4220 I art     : Explicit concurrent mark sweep GC freed 19(656B) AllocSpace objects, 0(0B) LOS objects, 22% free, 53MB/69MB, paused 738us total 28.210ms
08-06 13:51:27.371  3330  3442 I art     : Starting a blocking GC Explicit
08-06 13:51:27.416  3330  3442 I art     : Explicit concurrent mark sweep GC freed 1347(78KB) AllocSpace objects, 1(20KB) LOS objects, 22% free, 53MB/69MB, paused 829us total 44.985ms
08-06 13:51:27.435  3330  3442 I art     : Starting a blocking GC Explicit
08-06 13:51:27.471  3330  3442 I art     : Explicit concurrent mark sweep GC freed 20(704B) AllocSpace objects, 0(0B) LOS objects, 22% free, 53MB/69MB, paused 744us total 35.598ms
08-06 13:51:27.483  3330  3442 I art     : Starting a blocking GC Explicit
08-06 13:51:27.515  3330  3442 I art     : Explicit concurrent mark sweep GC freed 3(96B) AllocSpace objects, 0(0B) LOS objects, 22% free, 53MB/69MB, paused 737us total 31.864ms
08-06 13:51:27.527  3330  3442 I art     : Starting a blocking GC Explicit
08-06 13:51:27.559  3330  3442 I art     : Explicit concurrent mark sweep GC freed 3(96B) AllocSpace objects, 0(0B) LOS objects, 22% free, 53MB/69MB, paused 762us total 31.129ms
08-06 13:51:27.570  3330  3442 I art     : Starting a blocking GC Explicit
08-06 13:51:27.602  3330  3442 I art     : Explicit concurrent mark sweep GC freed 3(96B) AllocSpace objects, 0(0B) LOS objects, 22% free, 53MB/69MB, paused 738us total 31.640ms
08-06 13:51:27.916  3330  3348 I art     : Starting a blocking GC Explicit
08-06 13:51:27.961  3330  3348 I art     : Explicit concurrent mark sweep GC freed 1347(78KB) AllocSpace objects, 1(20KB) LOS objects, 22% free, 53MB/69MB, paused 862us total 43.741ms
08-06 13:51:27.976  3330  3348 I art     : Starting a blocking GC Explicit
08-06 13:51:28.008  3330  3348 I art     : Explicit concurrent mark sweep GC freed 20(704B) AllocSpace objects, 0(0B) LOS objects, 22% free, 53MB/69MB, paused 790us total 31.481ms
08-06 13:51:28.020  3330  3348 I art     : Starting a blocking GC Explicit
08-06 13:51:28.052  3330  3348 I art     : Explicit concurrent mark sweep GC freed 3(96B) AllocSpace objects, 0(0B) LOS objects, 22% free, 53MB/69MB, paused 732us total 31.767ms
08-06 13:51:28.064  3330  3348 I art     : Starting a blocking GC Explicit
08-06 13:51:28.095  3330  3348 I art     : Explicit concurrent mark sweep GC freed 3(96B) AllocSpace objects, 0(0B) LOS objects, 22% free, 53MB/69MB, paused 727us total 31.080ms
08-06 13:51:28.107  3330  3348 I art     : Starting a blocking GC Explicit
08-06 13:51:28.139  3330  3348 I art     : Explicit concurrent mark sweep GC freed 3(96B) AllocSpace objects, 0(0B) LOS objects, 22% free, 53MB/69MB, paused 753us total 31.209ms
08-06 13:51:28.478  3330  3341 I art     : Starting a blocking GC Explicit
08-06 13:51:28.520  3330  3341 I art     : Explicit concurrent mark sweep GC freed 1347(78KB) AllocSpace objects, 1(20KB) LOS objects, 22% free, 53MB/69MB, paused 796us total 41.469ms
08-06 13:51:28.535  3330  3341 I art     : Starting a blocking GC Explicit
08-06 13:51:28.567  3330  3341 I art     : Explicit concurrent mark sweep GC freed 20(704B) AllocSpace objects, 0(0B) LOS objects, 22% free, 53MB/69MB, paused 740us total 31.546ms
08-06 13:51:28.579  3330  3341 I art     : Starting a blocking GC Explicit
08-06 13:51:28.610  3330  3341 I art     : Explicit concurrent mark sweep GC freed 3(96B) AllocSpace objects, 0(0B) LOS objects, 22% free, 53MB/69MB, paused 727us total 31.115ms
08-06 13:51:28.622  3330  3341 I art     : Starting a blocking GC Explicit
08-06 13:51:28.654  3330  3341 I art     : Explicit concurrent mark sweep GC freed 3(96B) AllocSpace objects, 0(0B) LOS objects, 22% free, 53MB/69MB, paused 775us total 31.239ms
08-06 13:51:28.665  3330  3341 I art     : Starting a blocking GC Explicit
08-06 13:51:28.697  3330  3341 I art     : Explicit concurrent mark sweep GC freed 3(96B) AllocSpace objects, 0(0B) LOS objects, 22% free, 53MB/69MB, paused 821us total 31.382ms
08-06 13:51:29.063  3330  4220 I art     : Starting a blocking GC Explicit
08-06 13:51:29.104  3330  4220 I art     : Explicit concurrent mark sweep GC freed 1347(78KB) AllocSpace objects, 1(20KB) LOS objects, 22% free, 53MB/69MB, paused 877us total 40.917ms
08-06 13:51:29.119  3330  4220 I art     : Starting a blocking GC Explicit
08-06 13:51:29.153  3330  4220 I art     : Explicit concurrent mark sweep GC freed 20(704B) AllocSpace objects, 0(0B) LOS objects, 22% free, 53MB/69MB, paused 762us total 33.986ms
08-06 13:51:29.165  3330  4220 I art     : Starting a blocking GC Explicit
08-06 13:51:29.199  3330  4220 I art     : Explicit concurrent mark sweep GC freed 3(96B) AllocSpace objects, 0(0B) LOS objects, 22% free, 53MB/69MB, paused 749us total 33.751ms
08-06 13:51:29.212  3330  4220 I art     : Starting a blocking GC Explicit
08-06 13:51:29.245  3330  4220 I art     : Explicit concurrent mark sweep GC freed 3(96B) AllocSpace objects, 0(0B) LOS objects, 22% free, 53MB/69MB, paused 812us total 32.763ms
08-06 13:51:29.257  3330  4220 I art     : Starting a blocking GC Explicit
08-06 13:51:29.292  3330  4220 I art     : Explicit concurrent mark sweep GC freed 3(96B) AllocSpace objects, 0(0B) LOS objects, 22% free, 53MB/69MB, paused 742us total 34.344ms
08-06 13:51:29.633  3330  3442 I art     : Starting a blocking GC Explicit
08-06 13:51:29.679  3330  3442 I art     : Explicit concurrent mark sweep GC freed 1347(78KB) AllocSpace objects, 1(20KB) LOS objects, 22% free, 53MB/69MB, paused 1.086ms total 44.818ms
08-06 13:51:29.695  3330  3442 I art     : Starting a blocking GC Explicit
08-06 13:51:29.729  3330  3442 I art     : Explicit concurrent mark sweep GC freed 20(704B) AllocSpace objects, 0(0B) LOS objects, 22% free, 53MB/69MB, paused 764us total 33.552ms
08-06 13:51:29.741  3330  3442 I art     : Starting a blocking GC Explicit
08-06 13:51:29.776  3330  3442 I art     : Explicit concurrent mark sweep GC freed 3(96B) AllocSpace objects, 0(0B) LOS objects, 22% free, 53MB/69MB, paused 752us total 34.168ms
08-06 13:51:29.788  3330  3442 I art     : Starting a blocking GC Explicit
08-06 13:51:29.823  3330  3442 I art     : Explicit concurrent mark sweep GC freed 3(96B) AllocSpace objects, 0(0B) LOS objects, 22% free, 53MB/69MB, paused 754us total 34.271ms
08-06 13:51:29.835  3330  3442 I art     : Starting a blocking GC Explicit
08-06 13:51:29.869  3330  3442 I art     : Explicit concurrent mark sweep GC freed 3(96B) AllocSpace objects, 0(0B) LOS objects, 22% free, 53MB/69MB, paused 764us total 34.262ms
08-06 13:51:30.199  3330  3348 I art     : Starting a blocking GC Explicit
08-06 13:51:30.242  3330  3348 I art     : Explicit concurrent mark sweep GC freed 1347(78KB) AllocSpace objects, 1(20KB) LOS objects, 22% free, 53MB/69MB, paused 790us total 42.673ms
08-06 13:51:30.256  3330  3348 I art     : Starting a blocking GC Explicit
08-06 13:51:30.291  3330  3348 I art     : Explicit concurrent mark sweep GC freed 20(704B) AllocSpace objects, 0(0B) LOS objects, 22% free, 53MB/69MB, paused 757us total 34.630ms
08-06 13:51:30.303  3330  3348 I art     : Starting a blocking GC Explicit
08-06 13:51:30.338  3330  3348 I art     : Explicit concurrent mark sweep GC freed 3(96B) AllocSpace objects, 0(0B) LOS objects, 22% free, 53MB/69MB, paused 806us total 34.780ms
08-06 13:51:30.341  5524  5524 I ServiceManager: Waiting for service AtCmdFwd...
08-06 13:51:30.351  3330  3348 I art     : Starting a blocking GC Explicit
08-06 13:51:30.374   918  3188 I hubconnection: sensorhub said: 'set_bias 3: -6.2400, 0.0000, 0.0000'
08-06 13:51:30.385  3330  3348 I art     : Explicit concurrent mark sweep GC freed 3(96B) AllocSpace objects, 0(0B) LOS objects, 22% free, 53MB/69MB, paused 741us total 33.886ms
08-06 13:51:30.397  3330  3348 I art     : Starting a blocking GC Explicit
08-06 13:51:30.431  3330  3348 I art     : Explicit concurrent mark sweep GC freed 3(96B) AllocSpace objects, 0(0B) LOS objects, 22% free, 53MB/69MB, paused 759us total 33.535ms
08-06 13:51:30.771  3330  3341 I art     : Starting a blocking GC Explicit
08-06 13:51:30.804  3330  3341 I art     : Explicit concurrent mark sweep GC freed 1351(78KB) AllocSpace objects, 1(20KB) LOS objects, 22% free, 53MB/69MB, paused 736us total 32.602ms
08-06 13:51:30.816  3330  3341 I art     : Starting a blocking GC Explicit
08-06 13:51:30.846  3330  3341 I art     : Explicit concurrent mark sweep GC freed 37(1584B) AllocSpace objects, 0(0B) LOS objects, 22% free, 53MB/69MB, paused 722us total 30.297ms
08-06 13:51:30.858  3330  3341 I art     : Starting a blocking GC Explicit
08-06 13:51:30.888  3330  3341 I art     : Explicit concurrent mark sweep GC freed 19(608B) AllocSpace objects, 0(0B) LOS objects, 22% free, 53MB/69MB, paused 761us total 30.073ms
08-06 13:51:30.900  3330  3341 I art     : Starting a blocking GC Explicit
08-06 13:51:30.933  3330  3341 I art     : Explicit concurrent mark sweep GC freed 3(96B) AllocSpace objects, 0(0B) LOS objects, 22% free, 53MB/69MB, paused 755us total 32.878ms
08-06 13:51:30.945  3330  3341 I art     : Starting a blocking GC Explicit
08-06 13:51:30.978  3330  3341 I art     : Explicit concurrent mark sweep GC freed 3(96B) AllocSpace objects, 0(0B) LOS objects, 22% free, 53MB/69MB, paused 757us total 32.941ms
08-06 13:51:31.316  3330  4220 I art     : Starting a blocking GC Explicit
08-06 13:51:31.319  7225  7225 D AndroidRuntime: >>>>>> START com.android.internal.os.RuntimeInit uid 2000 <<<<<<
08-06 13:51:31.326  7225  7225 D AndroidRuntime: CheckJNI is OFF
08-06 13:51:31.331   518   646 I ThermalEngine: ACTION: GPU - Setting GPU[0] to 510000000
08-06 13:51:31.342  5524  5524 I ServiceManager: Waiting for service AtCmdFwd...
08-06 13:51:31.350  3330  4220 I art     : Explicit concurrent mark sweep GC freed 1347(78KB) AllocSpace objects, 1(20KB) LOS objects, 22% free, 53MB/69MB, paused 784us total 32.938ms
08-06 13:51:31.362  3330  4220 I art     : Starting a blocking GC Explicit
08-06 13:51:31.373  7225  7225 D ICU     : No timezone override file found: /data/misc/zoneinfo/current/icu/icu_tzdata.dat
08-06 13:51:31.388  3330  4220 I art     : Explicit concurrent mark sweep GC freed 20(704B) AllocSpace objects, 0(0B) LOS objects, 22% free, 53MB/69MB, paused 619us total 25.971ms
08-06 13:51:31.397  3330  4220 I art     : Starting a blocking GC Explicit
08-06 13:51:31.409  7225  7225 I Radio-JNI: register_android_hardware_Radio DONE
08-06 13:51:31.421  3330  4220 I art     : Explicit concurrent mark sweep GC freed 3(96B) AllocSpace objects, 0(0B) LOS objects, 22% free, 53MB/69MB, paused 546us total 23.426ms
08-06 13:51:31.430  3330  4220 I art     : Starting a blocking GC Explicit
08-06 13:51:31.431  7225  7225 D AndroidRuntime: Calling main entry com.android.commands.input.Input
08-06 13:51:31.433  7225  7225 I Input   : injectKeyEvent: KeyEvent { action=ACTION_DOWN, keyCode=KEYCODE_BACK, scanCode=0, metaState=0, flags=0x0, repeatCount=0, eventTime=885107846, downTime=885107846, deviceId=-1, source=0x101 }
08-06 13:51:31.438  7225  7225 I Input   : injectKeyEvent: KeyEvent { action=ACTION_UP, keyCode=KEYCODE_BACK, scanCode=0, metaState=0, flags=0x0, repeatCount=0, eventTime=885107846, downTime=885107846, deviceId=-1, source=0x101 }
08-06 13:51:31.444  7225  7225 D AndroidRuntime: Shutting down VM
08-06 13:51:31.453  3330  4220 I art     : Explicit concurrent mark sweep GC freed 134(5KB) AllocSpace objects, 0(0B) LOS objects, 22% free, 53MB/69MB, paused 556us total 23.136ms
08-06 13:51:31.462  3330  4220 I art     : Starting a blocking GC Explicit
08-06 13:51:31.485  3330  4220 I art     : Explicit concurrent mark sweep GC freed 17(624B) AllocSpace objects, 0(0B) LOS objects, 22% free, 53MB/69MB, paused 571us total 22.208ms
08-06 13:51:31.487 13866 13866 I GoogleInputMethodServic: GoogleInputMethodService.onFinishInput():3138 
08-06 13:51:31.488 13866 13866 I GoogleInputMethodServic: GoogleInputMethodService.onStartInput():1808 
08-06 13:51:31.751  3330  3348 I art     : Starting a blocking GC Explicit
08-06 13:51:31.774  3330  3348 I art     : Explicit concurrent mark sweep GC freed 1384(79KB) AllocSpace objects, 1(20KB) LOS objects, 22% free, 53MB/69MB, paused 520us total 23.336ms
08-06 13:51:31.784  3330  3348 I art     : Starting a blocking GC Explicit
08-06 13:51:31.806  3330  3348 I art     : Explicit concurrent mark sweep GC freed 26(944B) AllocSpace objects, 0(0B) LOS objects, 22% free, 53MB/69MB, paused 537us total 21.960ms
08-06 13:51:31.809   380   380 W SurfaceFlinger: couldn't log to binary event log: overflow.
08-06 13:51:31.815  3330  3348 I art     : Starting a blocking GC Explicit
08-06 13:51:31.838  3330  3348 I art     : Explicit concurrent mark sweep GC freed 112(8KB) AllocSpace objects, 0(0B) LOS objects, 22% free, 53MB/69MB, paused 644us total 22.606ms
08-06 13:51:31.846  3330  3348 I art     : Starting a blocking GC Explicit
08-06 13:51:31.868  3330  3348 I art     : Explicit concurrent mark sweep GC freed 1654(107KB) AllocSpace objects, 3(184KB) LOS objects, 23% free, 53MB/69MB, paused 523us total 21.634ms
08-06 13:51:31.876  3330  3348 I art     : Starting a blocking GC Explicit
08-06 13:51:31.901  3330  3348 I art     : Explicit concurrent mark sweep GC freed 3(96B) AllocSpace objects, 0(0B) LOS objects, 23% free, 53MB/69MB, paused 527us total 24.201ms
08-06 13:51:32.193  3330  3341 I art     : Starting a blocking GC Explicit
08-06 13:51:32.220  3330  3341 I art     : Explicit concurrent mark sweep GC freed 1347(78KB) AllocSpace objects, 1(20KB) LOS objects, 23% free, 53MB/69MB, paused 596us total 26.065ms
08-06 13:51:32.233  3330  3341 I art     : Starting a blocking GC Explicit
08-06 13:51:32.260  3330  3341 I art     : Explicit concurrent mark sweep GC freed 20(704B) AllocSpace objects, 0(0B) LOS objects, 23% free, 53MB/69MB, paused 529us total 26.636ms
08-06 13:51:32.269  3330  3341 I art     : Starting a blocking GC Explicit
08-06 13:51:32.294  3330  3341 I art     : Explicit concurrent mark sweep GC freed 3(96B) AllocSpace objects, 0(0B) LOS objects, 23% free, 53MB/69MB, paused 548us total 24.856ms
08-06 13:51:32.303  3330  3341 I art     : Starting a blocking GC Explicit
08-06 13:51:32.329  3330  3341 I art     : Explicit concurrent mark sweep GC freed 3(96B) AllocSpace objects, 0(0B) LOS objects, 23% free, 53MB/69MB, paused 537us total 25.159ms
08-06 13:51:32.337   518   646 I ThermalEngine: ACTION: GPU - Setting GPU[0] to 450000000
08-06 13:51:32.342  5524  5524 I ServiceManager: Waiting for service AtCmdFwd...
08-06 13:51:32.346  3330  3341 I art     : Starting a blocking GC Explicit
08-06 13:51:32.377  3330  3341 I art     : Explicit concurrent mark sweep GC freed 3(96B) AllocSpace objects, 0(0B) LOS objects, 23% free, 53MB/69MB, paused 727us total 30.634ms
08-06 13:51:32.693  3330  3442 I art     : Starting a blocking GC Explicit
08-06 13:51:32.727  3330  3442 I art     : Explicit concurrent mark sweep GC freed 1347(78KB) AllocSpace objects, 1(20KB) LOS objects, 23% free, 53MB/69MB, paused 731us total 33.636ms
08-06 13:51:32.738  3330  3442 I art     : Starting a blocking GC Explicit
08-06 13:51:32.769  3330  3442 I art     : Explicit concurrent mark sweep GC freed 20(704B) AllocSpace objects, 0(0B) LOS objects, 23% free, 53MB/69MB, paused 724us total 29.810ms
08-06 13:51:32.780  3330  3442 I art     : Starting a blocking GC Explicit
08-06 13:51:32.809  3330  3442 I art     : Explicit concurrent mark sweep GC freed 3(96B) AllocSpace objects, 0(0B) LOS objects, 23% free, 53MB/69MB, paused 711us total 28.845ms
08-06 13:51:32.821  3330  3442 I art     : Starting a blocking GC Explicit
08-06 13:51:32.850  3330  3442 I art     : Explicit concurrent mark sweep GC freed 3(96B) AllocSpace objects, 0(0B) LOS objects, 23% free, 53MB/69MB, paused 726us total 29.023ms
08-06 13:51:32.862  3330  3442 I art     : Starting a blocking GC Explicit
08-06 13:51:32.891  3330  3442 I art     : Explicit concurrent mark sweep GC freed 3(96B) AllocSpace objects, 0(0B) LOS objects, 23% free, 53MB/69MB, paused 702us total 28.963ms
08-06 13:51:33.198  3330  4220 I art     : Starting a blocking GC Explicit
08-06 13:51:33.225  7279  7279 D AndroidRuntime: >>>>>> START com.android.internal.os.RuntimeInit uid 2000 <<<<<<
08-06 13:51:33.228  3330  4220 I art     : Explicit concurrent mark sweep GC freed 1347(78KB) AllocSpace objects, 1(20KB) LOS objects, 23% free, 53MB/69MB, paused 802us total 29.785ms
08-06 13:51:33.231  7279  7279 D AndroidRuntime: CheckJNI is OFF
08-06 13:51:33.240  3330  4220 I art     : Starting a blocking GC Explicit
08-06 13:51:33.268  3330  4220 I art     : Explicit concurrent mark sweep GC freed 20(704B) AllocSpace objects, 0(0B) LOS objects, 23% free, 53MB/69MB, paused 746us total 28.239ms
08-06 13:51:33.275  7279  7279 D ICU     : No timezone override file found: /data/misc/zoneinfo/current/icu/icu_tzdata.dat
08-06 13:51:33.280  3330  4220 I art     : Starting a blocking GC Explicit
08-06 13:51:33.309  3330  4220 I art     : Explicit concurrent mark sweep GC freed 3(96B) AllocSpace objects, 0(0B) LOS objects, 23% free, 53MB/69MB, paused 746us total 29.678ms
08-06 13:51:33.321  3330  4220 I art     : Starting a blocking GC Explicit
08-06 13:51:33.322  7279  7279 I Radio-JNI: register_android_hardware_Radio DONE
08-06 13:51:33.343  5524  5524 I ServiceManager: Waiting for service AtCmdFwd...
08-06 13:51:33.352  7279  7279 D AndroidRuntime: Calling main entry com.android.commands.input.Input
08-06 13:51:33.353  3330  4220 I art     : Explicit concurrent mark sweep GC freed 3(96B) AllocSpace objects, 0(0B) LOS objects, 23% free, 53MB/69MB, paused 777us total 31.596ms
08-06 13:51:33.354  7279  7279 I Input   : injectKeyEvent: KeyEvent { action=ACTION_DOWN, keyCode=KEYCODE_BACK, scanCode=0, metaState=0, flags=0x0, repeatCount=0, eventTime=885109767, downTime=885109767, deviceId=-1, source=0x101 }
08-06 13:51:33.361  7279  7279 I Input   : injectKeyEvent: KeyEvent { action=ACTION_UP, keyCode=KEYCODE_BACK, scanCode=0, metaState=0, flags=0x0, repeatCount=0, eventTime=885109767, downTime=885109767, deviceId=-1, source=0x101 }
08-06 13:51:33.364  3330  4220 I art     : Starting a blocking GC Explicit
08-06 13:51:33.367  7279  7279 D AndroidRuntime: Shutting down VM
08-06 13:51:33.392  3330  4220 I art     : Explicit concurrent mark sweep GC freed 148(6KB) AllocSpace objects, 0(0B) LOS objects, 23% free, 53MB/69MB, paused 685us total 27.951ms
08-06 13:51:33.408 13866 13866 I GoogleInputMethodServic: GoogleInputMethodService.onFinishInput():3138 
08-06 13:51:33.408 13866 13866 I GoogleInputMethodServic: GoogleInputMethodService.onStartInput():1808 
08-06 13:51:33.696  3330  3348 I art     : Starting a blocking GC Explicit
08-06 13:51:33.727  3330  3348 I art     : Explicit concurrent mark sweep GC freed 3037(155KB) AllocSpace objects, 1(20KB) LOS objects, 23% free, 53MB/69MB, paused 693us total 30.225ms
08-06 13:51:33.737  3330  3348 I art     : Starting a blocking GC Explicit
08-06 13:51:33.764  3330  3348 I art     : Explicit concurrent mark sweep GC freed 288(12KB) AllocSpace objects, 0(0B) LOS objects, 23% free, 53MB/69MB, paused 688us total 26.290ms
08-06 13:51:33.775  3330  3348 I art     : Starting a blocking GC Explicit
08-06 13:51:33.804  3330  3348 I art     : Explicit concurrent mark sweep GC freed 2584(168KB) AllocSpace objects, 2(140KB) LOS objects, 23% free, 53MB/69MB, paused 706us total 28.056ms
08-06 13:51:33.815  3330  3348 I art     : Starting a blocking GC Explicit
08-06 13:51:33.844  3330  3348 I art     : Explicit concurrent mark sweep GC freed 3(96B) AllocSpace objects, 0(0B) LOS objects, 23% free, 53MB/69MB, paused 695us total 28.954ms
08-06 13:51:33.855  3330  3348 I art     : Starting a blocking GC Explicit
08-06 13:51:33.884  3330  3348 I art     : Explicit concurrent mark sweep GC freed 3(96B) AllocSpace objects, 0(0B) LOS objects, 23% free, 53MB/69MB, paused 709us total 28.591ms
08-06 13:51:34.209  3330  3442 I art     : Starting a blocking GC Explicit
08-06 13:51:34.244  3330  3442 I art     : Explicit concurrent mark sweep GC freed 1347(78KB) AllocSpace objects, 1(20KB) LOS objects, 23% free, 53MB/69MB, paused 772us total 34.632ms
08-06 13:51:34.258  3330  3442 I art     : Starting a blocking GC Explicit
08-06 13:51:34.291  3330  3442 I art     : Explicit concurrent mark sweep GC freed 20(704B) AllocSpace objects, 0(0B) LOS objects, 23% free, 53MB/69MB, paused 710us total 32.093ms
08-06 13:51:34.302  3330  3442 I art     : Starting a blocking GC Explicit
08-06 13:51:34.330  3330  3442 I art     : Explicit concurrent mark sweep GC freed 3(96B) AllocSpace objects, 0(0B) LOS objects, 23% free, 53MB/69MB, paused 709us total 27.570ms
08-06 13:51:34.341  3330  3442 I art     : Starting a blocking GC Explicit
08-06 13:51:34.343  5524  5524 I ServiceManager: Waiting for service AtCmdFwd...
08-06 13:51:34.370  3330  3442 I art     : Explicit concurrent mark sweep GC freed 3(96B) AllocSpace objects, 0(0B) LOS objects, 23% free, 53MB/69MB, paused 718us total 28.224ms
08-06 13:51:34.381  3330  3442 I art     : Starting a blocking GC Explicit
08-06 13:51:34.410  3330  3442 I art     : Explicit concurrent mark sweep GC freed 3(96B) AllocSpace objects, 0(0B) LOS objects, 23% free, 53MB/69MB, paused 728us total 28.666ms
08-06 13:51:34.709  3330  4220 I art     : Starting a blocking GC Explicit
08-06 13:51:34.742  3330  4220 I art     : Explicit concurrent mark sweep GC freed 1344(78KB) AllocSpace objects, 1(20KB) LOS objects, 23% free, 53MB/69MB, paused 727us total 32.291ms
08-06 13:51:34.753  3330  4220 I art     : Starting a blocking GC Explicit
08-06 13:51:34.781  3330  4220 I art     : Explicit concurrent mark sweep GC freed 20(704B) AllocSpace objects, 0(0B) LOS objects, 23% free, 53MB/69MB, paused 727us total 27.319ms
08-06 13:51:34.792  3330  4220 I art     : Starting a blocking GC Explicit
08-06 13:51:34.819  3330  4220 I art     : Explicit concurrent mark sweep GC freed 3(96B) AllocSpace objects, 0(0B) LOS objects, 23% free, 53MB/69MB, paused 712us total 27.413ms
08-06 13:51:34.831  3330  4220 I art     : Starting a blocking GC Explicit
08-06 13:51:34.858  3330  4220 I art     : Explicit concurrent mark sweep GC freed 3(96B) AllocSpace objects, 0(0B) LOS objects, 23% free, 53MB/69MB, paused 740us total 27.445ms
08-06 13:51:34.869  3330  4220 I art     : Starting a blocking GC Explicit
08-06 13:51:34.897  3330  4220 I art     : Explicit concurrent mark sweep GC freed 3(96B) AllocSpace objects, 0(0B) LOS objects, 23% free, 53MB/69MB, paused 773us total 27.267ms
08-06 13:51:35.151  7329  7329 D AndroidRuntime: >>>>>> START com.android.internal.os.RuntimeInit uid 2000 <<<<<<
08-06 13:51:35.157  7329  7329 D AndroidRuntime: CheckJNI is OFF
08-06 13:51:35.202  7329  7329 D ICU     : No timezone override file found: /data/misc/zoneinfo/current/icu/icu_tzdata.dat
08-06 13:51:35.225  3330  3341 I art     : Starting a blocking GC Explicit
08-06 13:51:35.250  7329  7329 I Radio-JNI: register_android_hardware_Radio DONE
08-06 13:51:35.257  3330  3341 I art     : Explicit concurrent mark sweep GC freed 1344(78KB) AllocSpace objects, 1(20KB) LOS objects, 23% free, 53MB/69MB, paused 828us total 32.254ms
08-06 13:51:35.269  3330  3341 I art     : Starting a blocking GC Explicit
08-06 13:51:35.280  7329  7329 D AndroidRuntime: Calling main entry com.android.commands.input.Input
08-06 13:51:35.282  7329  7329 I Input   : injectMotionEvent: MotionEvent { action=ACTION_DOWN, actionButton=0, id[0]=0, x[0]=1084.0, y[0]=2213.0, toolType[0]=TOOL_TYPE_UNKNOWN, buttonState=0, metaState=0, flags=0x0, edgeFlags=0x0, pointerCount=1, historySize=0, eventTime=885111694, downTime=885111694, deviceId=0, source=0x1002 }
08-06 13:51:35.288  7329  7329 I Input   : injectMotionEvent: MotionEvent { action=ACTION_UP, actionButton=0, id[0]=0, x[0]=1084.0, y[0]=2213.0, toolType[0]=TOOL_TYPE_UNKNOWN, buttonState=0, metaState=0, flags=0x0, edgeFlags=0x0, pointerCount=1, historySize=0, eventTime=885111694, downTime=885111694, deviceId=0, source=0x1002 }
08-06 13:51:35.290   918  3696 I ActivityManager: START u0 {cmp=baseline.appteam.nith.hillffair/.activities.EventActivity} from uid 10697 on display 0
08-06 13:51:35.297  3330  3341 I art     : Explicit concurrent mark sweep GC freed 23(800B) AllocSpace objects, 0(0B) LOS objects, 23% free, 53MB/69MB, paused 955us total 27.937ms
08-06 13:51:35.298  7329  7329 D AndroidRuntime: Shutting down VM
08-06 13:51:35.308  3330  3341 I art     : Starting a blocking GC Explicit
08-06 13:51:35.338  3330  3341 I art     : Explicit concurrent mark sweep GC freed 4433(249KB) AllocSpace objects, 0(0B) LOS objects, 23% free, 53MB/69MB, paused 1.240ms total 29.206ms
08-06 13:51:35.343  5524  5524 W Atfwd_Sendcmd: AtCmdFwd service not published, waiting... retryCnt : 5
08-06 13:51:35.349  3330  3341 I art     : Starting a blocking GC Explicit
08-06 13:51:35.376  3330  3341 I art     : Explicit concurrent mark sweep GC freed 896(112KB) AllocSpace objects, 0(0B) LOS objects, 23% free, 53MB/69MB, paused 716us total 26.181ms
08-06 13:51:35.386  3330  3341 I art     : Starting a blocking GC Explicit
08-06 13:51:35.389  3330  3330 I NAPPA_EXPERIMENTATION: MetricNetworkRequestExecutionTime: REQUEST_DURATION_SYSTEM='58',REQUEST_DURATION_OKHTTP='36',REQUEST_SYNCHRONOUS='FALSE',RESPONSE_CODE='200',RESPONSE_METHOD='GET',RESPONSE_LENGTH_OKHTTP='1870',RESPONSE_LENGTH_HEADER='-2',REQUEST_PROTOCOL='http/1.1',REQUEST_URL='https://api-hillfair-2k16.herokuapp.com/api/app/club',
08-06 13:51:35.390 13866 13866 I GoogleInputMethodServic: GoogleInputMethodService.onFinishInput():3138 
08-06 13:51:35.391 13866 13866 I GoogleInputMethodServic: GoogleInputMethodService.onStartInput():1808 
08-06 13:51:35.414  3330  3341 I art     : Explicit concurrent mark sweep GC freed 750(51KB) AllocSpace objects, 0(0B) LOS objects, 23% free, 53MB/69MB, paused 996us total 27.164ms
08-06 13:51:35.447   918   936 I ActivityManager: Displayed baseline.appteam.nith.hillffair/.activities.EventActivity: +148ms
08-06 13:51:35.708   380   380 W SurfaceFlinger: couldn't log to binary event log: overflow.
08-06 13:51:35.719  3330  4220 I art     : Starting a blocking GC Explicit
08-06 13:51:35.749  3330  4220 I art     : Explicit concurrent mark sweep GC freed 1755(93KB) AllocSpace objects, 1(20KB) LOS objects, 23% free, 53MB/69MB, paused 670us total 29.852ms
08-06 13:51:35.760  3330  4220 I art     : Starting a blocking GC Explicit
08-06 13:51:35.786  3330  4220 I art     : Explicit concurrent mark sweep GC freed 47(1952B) AllocSpace objects, 0(0B) LOS objects, 23% free, 53MB/69MB, paused 665us total 25.917ms
08-06 13:51:35.797  3330  4220 I art     : Starting a blocking GC Explicit
08-06 13:51:35.825  3330  4220 I art     : Explicit concurrent mark sweep GC freed 65(4KB) AllocSpace objects, 0(0B) LOS objects, 23% free, 53MB/69MB, paused 702us total 28.134ms
08-06 13:51:35.826  3330  3340 I art     : WaitForGcToComplete blocked for 21.003ms for cause HeapTrim
08-06 13:51:35.837  3330  4220 I art     : Starting a blocking GC Explicit
08-06 13:51:35.865  3330  4220 I art     : Explicit concurrent mark sweep GC freed 11(400B) AllocSpace objects, 0(0B) LOS objects, 23% free, 53MB/69MB, paused 680us total 27.753ms
08-06 13:51:35.876  3330  4220 I art     : Starting a blocking GC Explicit
08-06 13:51:35.906  3330  4220 I art     : Explicit concurrent mark sweep GC freed 3(96B) AllocSpace objects, 0(0B) LOS objects, 23% free, 53MB/69MB, paused 726us total 29.217ms
08-06 13:51:36.218  3330  3341 I art     : Starting a blocking GC Explicit
08-06 13:51:36.260  3330  3341 I art     : Explicit concurrent mark sweep GC freed 1347(78KB) AllocSpace objects, 1(20KB) LOS objects, 23% free, 53MB/69MB, paused 945us total 41.766ms
08-06 13:51:36.276  3330  3341 I art     : Starting a blocking GC Explicit
08-06 13:51:36.308  3330  3341 I art     : Explicit concurrent mark sweep GC freed 20(704B) AllocSpace objects, 0(0B) LOS objects, 23% free, 53MB/69MB, paused 720us total 31.049ms
08-06 13:51:36.319  3330  3341 I art     : Starting a blocking GC Explicit
08-06 13:51:36.350  3330  3341 I art     : Explicit concurrent mark sweep GC freed 3(96B) AllocSpace objects, 0(0B) LOS objects, 23% free, 53MB/69MB, paused 742us total 30.146ms
08-06 13:51:36.361  3330  3341 I art     : Starting a blocking GC Explicit
08-06 13:51:36.392  3330  3341 I art     : Explicit concurrent mark sweep GC freed 3(96B) AllocSpace objects, 0(0B) LOS objects, 23% free, 53MB/69MB, paused 730us total 29.815ms
08-06 13:51:36.403  3330  3341 I art     : Starting a blocking GC Explicit
08-06 13:51:36.433  3330  3341 I art     : Explicit concurrent mark sweep GC freed 3(96B) AllocSpace objects, 0(0B) LOS objects, 23% free, 53MB/69MB, paused 737us total 29.433ms
08-06 13:51:36.748  3330  3348 I art     : Starting a blocking GC Explicit
08-06 13:51:36.790  3330  3348 I art     : Explicit concurrent mark sweep GC freed 1347(78KB) AllocSpace objects, 1(20KB) LOS objects, 23% free, 53MB/69MB, paused 796us total 41.983ms
08-06 13:51:36.808  3330  3348 I art     : Starting a blocking GC Explicit
08-06 13:51:36.838  3330  3348 I art     : Explicit concurrent mark sweep GC freed 20(704B) AllocSpace objects, 0(0B) LOS objects, 23% free, 53MB/69MB, paused 785us total 29.996ms
08-06 13:51:36.849  3330  3348 I art     : Starting a blocking GC Explicit
08-06 13:51:36.880  3330  3348 I art     : Explicit concurrent mark sweep GC freed 3(96B) AllocSpace objects, 0(0B) LOS objects, 23% free, 53MB/69MB, paused 727us total 30.280ms
08-06 13:51:36.892  3330  3348 I art     : Starting a blocking GC Explicit
08-06 13:51:36.922  3330  3348 I art     : Explicit concurrent mark sweep GC freed 3(96B) AllocSpace objects, 0(0B) LOS objects, 23% free, 53MB/69MB, paused 748us total 30.094ms
08-06 13:51:36.934  3330  3348 I art     : Starting a blocking GC Explicit
08-06 13:51:36.964  3330  3348 I art     : Explicit concurrent mark sweep GC freed 3(96B) AllocSpace objects, 0(0B) LOS objects, 23% free, 53MB/69MB, paused 733us total 29.841ms
08-06 13:51:37.300  3330  3442 I art     : Starting a blocking GC Explicit
08-06 13:51:37.343  3330  3442 I art     : Explicit concurrent mark sweep GC freed 1347(78KB) AllocSpace objects, 1(20KB) LOS objects, 23% free, 53MB/69MB, paused 847us total 42.543ms
08-06 13:51:37.360  3330  3442 I art     : Starting a blocking GC Explicit
08-06 13:51:37.397  3330  3442 I art     : Explicit concurrent mark sweep GC freed 20(704B) AllocSpace objects, 0(0B) LOS objects, 23% free, 53MB/69MB, paused 817us total 36.812ms
08-06 13:51:37.410  3330  3442 I art     : Starting a blocking GC Explicit
08-06 13:51:37.442  3330  3442 I art     : Explicit concurrent mark sweep GC freed 3(96B) AllocSpace objects, 0(0B) LOS objects, 23% free, 53MB/69MB, paused 775us total 31.891ms
08-06 13:51:37.454  3330  3442 I art     : Starting a blocking GC Explicit
08-06 13:51:37.488  3330  3442 I art     : Explicit concurrent mark sweep GC freed 3(96B) AllocSpace objects, 0(0B) LOS objects, 23% free, 53MB/69MB, paused 802us total 33.373ms
08-06 13:51:37.500  3330  3442 I art     : Starting a blocking GC Explicit
08-06 13:51:37.532  3330  3442 I art     : Explicit concurrent mark sweep GC freed 3(96B) AllocSpace objects, 0(0B) LOS objects, 23% free, 53MB/69MB, paused 715us total 32.045ms
08-06 13:51:37.858  3330  4220 I art     : Starting a blocking GC Explicit
08-06 13:51:37.898  3330  4220 I art     : Explicit concurrent mark sweep GC freed 1347(78KB) AllocSpace objects, 1(20KB) LOS objects, 23% free, 53MB/69MB, paused 982us total 39.625ms
08-06 13:51:37.912  3330  4220 I art     : Starting a blocking GC Explicit
08-06 13:51:37.944  3330  4220 I art     : Explicit concurrent mark sweep GC freed 20(704B) AllocSpace objects, 0(0B) LOS objects, 23% free, 53MB/69MB, paused 770us total 31.875ms
08-06 13:51:37.956  3330  4220 I art     : Starting a blocking GC Explicit
08-06 13:51:37.988  3330  4220 I art     : Explicit concurrent mark sweep GC freed 3(96B) AllocSpace objects, 0(0B) LOS objects, 23% free, 53MB/69MB, paused 793us total 32.261ms
08-06 13:51:38.001  3330  4220 I art     : Starting a blocking GC Explicit
08-06 13:51:38.033  3330  4220 I art     : Explicit concurrent mark sweep GC freed 3(96B) AllocSpace objects, 0(0B) LOS objects, 23% free, 53MB/69MB, paused 714us total 32.282ms
08-06 13:51:38.045  3330  4220 I art     : Starting a blocking GC Explicit
08-06 13:51:38.078  3330  4220 I art     : Explicit concurrent mark sweep GC freed 3(96B) AllocSpace objects, 0(0B) LOS objects, 23% free, 53MB/69MB, paused 821us total 32.536ms
08-06 13:51:38.417  3330  3341 I art     : Starting a blocking GC Explicit
08-06 13:51:38.455  3330  3341 I art     : Explicit concurrent mark sweep GC freed 1347(78KB) AllocSpace objects, 1(20KB) LOS objects, 23% free, 53MB/69MB, paused 863us total 37.732ms
08-06 13:51:38.469  3330  3341 I art     : Starting a blocking GC Explicit
08-06 13:51:38.502  3330  3341 I art     : Explicit concurrent mark sweep GC freed 20(704B) AllocSpace objects, 0(0B) LOS objects, 23% free, 53MB/69MB, paused 758us total 32.758ms
08-06 13:51:38.514  3330  3341 I art     : Starting a blocking GC Explicit
08-06 13:51:38.547  3330  3341 I art     : Explicit concurrent mark sweep GC freed 3(96B) AllocSpace objects, 0(0B) LOS objects, 23% free, 53MB/69MB, paused 834us total 32.335ms
08-06 13:51:38.559  3330  3341 I art     : Starting a blocking GC Explicit
08-06 13:51:38.592  3330  3341 I art     : Explicit concurrent mark sweep GC freed 3(96B) AllocSpace objects, 0(0B) LOS objects, 23% free, 53MB/69MB, paused 760us total 32.924ms
08-06 13:51:38.604  3330  3341 I art     : Starting a blocking GC Explicit
08-06 13:51:38.637  3330  3341 I art     : Explicit concurrent mark sweep GC freed 3(96B) AllocSpace objects, 0(0B) LOS objects, 23% free, 53MB/69MB, paused 763us total 32.120ms
08-06 13:51:38.975  3330  3348 I art     : Starting a blocking GC Explicit
08-06 13:51:39.018  3330  3348 I art     : Explicit concurrent mark sweep GC freed 1347(78KB) AllocSpace objects, 1(20KB) LOS objects, 23% free, 53MB/69MB, paused 930us total 41.982ms
08-06 13:51:39.034  3330  3348 I art     : Starting a blocking GC Explicit
08-06 13:51:39.068  3330  3348 I art     : Explicit concurrent mark sweep GC freed 20(704B) AllocSpace objects, 0(0B) LOS objects, 23% free, 53MB/69MB, paused 818us total 33.239ms
08-06 13:51:39.080  3330  3348 I art     : Starting a blocking GC Explicit
08-06 13:51:39.113  3330  3348 I art     : Explicit concurrent mark sweep GC freed 3(96B) AllocSpace objects, 0(0B) LOS objects, 23% free, 53MB/69MB, paused 763us total 33.051ms
08-06 13:51:39.125  3330  3348 I art     : Starting a blocking GC Explicit
08-06 13:51:39.156  3330  3348 I art     : Explicit concurrent mark sweep GC freed 3(96B) AllocSpace objects, 0(0B) LOS objects, 23% free, 53MB/69MB, paused 744us total 30.578ms
08-06 13:51:39.168  3330  3348 I art     : Starting a blocking GC Explicit
08-06 13:51:39.201  3330  3348 I art     : Explicit concurrent mark sweep GC freed 3(96B) AllocSpace objects, 0(0B) LOS objects, 23% free, 53MB/69MB, paused 755us total 32.395ms
08-06 13:51:39.537  3330  3442 I art     : Starting a blocking GC Explicit
08-06 13:51:39.571  3330  3442 I art     : Explicit concurrent mark sweep GC freed 1347(78KB) AllocSpace objects, 1(20KB) LOS objects, 23% free, 53MB/69MB, paused 774us total 33.843ms
08-06 13:51:39.583  3330  3442 I art     : Starting a blocking GC Explicit
08-06 13:51:39.612  3330  3442 I art     : Explicit concurrent mark sweep GC freed 20(704B) AllocSpace objects, 0(0B) LOS objects, 23% free, 53MB/69MB, paused 705us total 28.740ms
08-06 13:51:39.623  3330  3442 I art     : Starting a blocking GC Explicit
08-06 13:51:39.652  3330  3442 I art     : Explicit concurrent mark sweep GC freed 3(96B) AllocSpace objects, 0(0B) LOS objects, 23% free, 53MB/69MB, paused 785us total 29.023ms
08-06 13:51:39.664  3330  3442 I art     : Starting a blocking GC Explicit
08-06 13:51:39.695  3330  3442 I art     : Explicit concurrent mark sweep GC freed 3(96B) AllocSpace objects, 0(0B) LOS objects, 23% free, 53MB/69MB, paused 780us total 30.700ms
08-06 13:51:39.706  3330  3442 I art     : Starting a blocking GC Explicit
08-06 13:51:39.737  3330  3442 I art     : Explicit concurrent mark sweep GC freed 3(96B) AllocSpace objects, 0(0B) LOS objects, 23% free, 53MB/69MB, paused 712us total 29.793ms
08-06 13:51:40.056  3330  4220 I art     : Starting a blocking GC Explicit
08-06 13:51:40.090  3330  4220 I art     : Explicit concurrent mark sweep GC freed 1347(78KB) AllocSpace objects, 1(20KB) LOS objects, 23% free, 53MB/69MB, paused 858us total 33.763ms
08-06 13:51:40.097  7438  7438 D AndroidRuntime: >>>>>> START com.android.internal.os.RuntimeInit uid 2000 <<<<<<
08-06 13:51:40.103  7438  7438 D AndroidRuntime: CheckJNI is OFF
08-06 13:51:40.106  3330  4220 I art     : Starting a blocking GC Explicit
08-06 13:51:40.137  3330  4220 I art     : Explicit concurrent mark sweep GC freed 20(704B) AllocSpace objects, 0(0B) LOS objects, 23% free, 53MB/69MB, paused 885us total 31.090ms
08-06 13:51:40.149  3330  4220 I art     : Starting a blocking GC Explicit
08-06 13:51:40.152  7438  7438 D ICU     : No timezone override file found: /data/misc/zoneinfo/current/icu/icu_tzdata.dat
08-06 13:51:40.179  3330  4220 I art     : Explicit concurrent mark sweep GC freed 3(96B) AllocSpace objects, 0(0B) LOS objects, 23% free, 53MB/69MB, paused 795us total 30.376ms
08-06 13:51:40.191  3330  4220 I art     : Starting a blocking GC Explicit
08-06 13:51:40.200  7438  7438 I Radio-JNI: register_android_hardware_Radio DONE
08-06 13:51:40.221  3330  4220 I art     : Explicit concurrent mark sweep GC freed 3(96B) AllocSpace objects, 0(0B) LOS objects, 23% free, 53MB/69MB, paused 755us total 29.818ms
08-06 13:51:40.231  7438  7438 D AndroidRuntime: Calling main entry com.android.commands.input.Input
08-06 13:51:40.233  7438  7438 I Input   : injectMotionEvent: MotionEvent { action=ACTION_DOWN, actionButton=0, id[0]=0, x[0]=255.0, y[0]=1845.0, toolType[0]=TOOL_TYPE_UNKNOWN, buttonState=0, metaState=0, flags=0x0, edgeFlags=0x0, pointerCount=1, historySize=0, eventTime=885116645, downTime=885116645, deviceId=0, source=0x1002 }
08-06 13:51:40.233  3330  4220 I art     : Starting a blocking GC Explicit
08-06 13:51:40.241  7438  7438 I Input   : injectMotionEvent: MotionEvent { action=ACTION_UP, actionButton=0, id[0]=0, x[0]=255.0, y[0]=1845.0, toolType[0]=TOOL_TYPE_UNKNOWN, buttonState=0, metaState=0, flags=0x0, edgeFlags=0x0, pointerCount=1, historySize=0, eventTime=885116645, downTime=885116645, deviceId=0, source=0x1002 }
08-06 13:51:40.242   918  4400 I ActivityManager: START u0 {cmp=baseline.appteam.nith.hillffair/.activities.ClubActivity (has extras)} from uid 10697 on display 0
08-06 13:51:40.251  7438  7438 D AndroidRuntime: Shutting down VM
08-06 13:51:40.262  3330  4220 I art     : Explicit concurrent mark sweep GC freed 73(4KB) AllocSpace objects, 0(0B) LOS objects, 23% free, 53MB/69MB, paused 853us total 28.637ms
08-06 13:51:40.338  3330  3330 I NAPPA_EXPERIMENTATION: MetricNetworkRequestExecutionTime: REQUEST_DURATION_SYSTEM='53',REQUEST_DURATION_OKHTTP='35',REQUEST_SYNCHRONOUS='FALSE',RESPONSE_CODE='200',RESPONSE_METHOD='GET',RESPONSE_LENGTH_OKHTTP='1171',RESPONSE_LENGTH_HEADER='-2',REQUEST_PROTOCOL='http/1.1',REQUEST_URL='https://api-hillfair-2k16.herokuapp.com/api/app/club/Technical%20Committee',
08-06 13:51:40.346   918   936 I ActivityManager: Displayed baseline.appteam.nith.hillffair/.activities.ClubActivity: +95ms
08-06 13:51:40.348   518   646 I ThermalEngine: ACTION: GPU - Setting GPU[0] to 510000000
08-06 13:51:40.350 13866 13866 I GoogleInputMethodServic: GoogleInputMethodService.onFinishInput():3138 
08-06 13:51:40.350 13866 13866 I GoogleInputMethodServic: GoogleInputMethodService.onStartInput():1808 
08-06 13:51:40.529  3330  3341 I art     : Starting a blocking GC Explicit
08-06 13:51:40.571  3330  3341 I art     : Explicit concurrent mark sweep GC freed 5681(411KB) AllocSpace objects, 1(20KB) LOS objects, 22% free, 53MB/69MB, paused 755us total 41.524ms
08-06 13:51:40.586  3330  3341 I art     : Starting a blocking GC Explicit
08-06 13:51:40.588   380   380 W SurfaceFlinger: couldn't log to binary event log: overflow.
08-06 13:51:40.611  3330  3341 I art     : Explicit concurrent mark sweep GC freed 282(12KB) AllocSpace objects, 0(0B) LOS objects, 22% free, 53MB/69MB, paused 535us total 25.549ms
08-06 13:51:40.621  3330  3341 I art     : Starting a blocking GC Explicit
08-06 13:51:40.642  3330  3341 I art     : Explicit concurrent mark sweep GC freed 3(96B) AllocSpace objects, 0(0B) LOS objects, 22% free, 53MB/69MB, paused 595us total 21.223ms
08-06 13:51:40.651  3330  3341 I art     : Starting a blocking GC Explicit
08-06 13:51:40.672  3330  3341 I art     : Explicit concurrent mark sweep GC freed 3(96B) AllocSpace objects, 0(0B) LOS objects, 22% free, 53MB/69MB, paused 503us total 20.852ms
08-06 13:51:40.680  3330  3341 I art     : Starting a blocking GC Explicit
08-06 13:51:40.704  3330  3341 I art     : Explicit concurrent mark sweep GC freed 3(96B) AllocSpace objects, 0(0B) LOS objects, 22% free, 53MB/69MB, paused 561us total 23.776ms
08-06 13:51:40.983  3330  3341 I art     : Starting a blocking GC Explicit
08-06 13:51:41.013  3330  3341 I art     : Explicit concurrent mark sweep GC freed 1445(84KB) AllocSpace objects, 1(20KB) LOS objects, 22% free, 53MB/69MB, paused 622us total 28.966ms
08-06 13:51:41.024  3330  3341 I art     : Starting a blocking GC Explicit
08-06 13:51:41.050  3330  3341 I art     : Explicit concurrent mark sweep GC freed 36(1264B) AllocSpace objects, 0(0B) LOS objects, 22% free, 53MB/69MB, paused 595us total 25.949ms
08-06 13:51:41.060  3330  3341 I art     : Starting a blocking GC Explicit
08-06 13:51:41.085  3330  3341 I art     : Explicit concurrent mark sweep GC freed 3(96B) AllocSpace objects, 0(0B) LOS objects, 22% free, 53MB/69MB, paused 564us total 24.531ms
08-06 13:51:41.094  3330  3341 I art     : Starting a blocking GC Explicit
08-06 13:51:41.119  3330  3341 I art     : Explicit concurrent mark sweep GC freed 3(96B) AllocSpace objects, 0(0B) LOS objects, 22% free, 53MB/69MB, paused 569us total 24.964ms
08-06 13:51:41.129  3330  3341 I art     : Starting a blocking GC Explicit
08-06 13:51:41.155  3330  3341 I art     : Explicit concurrent mark sweep GC freed 3(96B) AllocSpace objects, 0(0B) LOS objects, 22% free, 53MB/69MB, paused 584us total 25.763ms
08-06 13:51:41.354   518   646 I ThermalEngine: ACTION: GPU - Setting GPU[0] to 450000000
08-06 13:51:41.468  3330  4220 I art     : Starting a blocking GC Explicit
08-06 13:51:41.507  3330  4220 I art     : Explicit concurrent mark sweep GC freed 1347(78KB) AllocSpace objects, 1(20KB) LOS objects, 22% free, 53MB/69MB, paused 799us total 39.102ms
08-06 13:51:41.521  3330  4220 I art     : Starting a blocking GC Explicit
08-06 13:51:41.551  3330  4220 I art     : Explicit concurrent mark sweep GC freed 20(704B) AllocSpace objects, 0(0B) LOS objects, 22% free, 53MB/69MB, paused 772us total 30.574ms
08-06 13:51:41.563  3330  4220 I art     : Starting a blocking GC Explicit
08-06 13:51:41.595  3330  4220 I art     : Explicit concurrent mark sweep GC freed 3(96B) AllocSpace objects, 0(0B) LOS objects, 22% free, 53MB/69MB, paused 807us total 31.682ms
08-06 13:51:41.607  3330  4220 I art     : Starting a blocking GC Explicit
08-06 13:51:41.639  3330  4220 I art     : Explicit concurrent mark sweep GC freed 3(96B) AllocSpace objects, 0(0B) LOS objects, 22% free, 53MB/69MB, paused 785us total 31.188ms
08-06 13:51:41.650  3330  4220 I art     : Starting a blocking GC Explicit
08-06 13:51:41.682  3330  4220 I art     : Explicit concurrent mark sweep GC freed 3(96B) AllocSpace objects, 0(0B) LOS objects, 22% free, 53MB/69MB, paused 750us total 31.427ms
08-06 13:51:41.991  3330  3442 I art     : Starting a blocking GC Explicit
08-06 13:51:42.037  3330  3442 I art     : Explicit concurrent mark sweep GC freed 1347(78KB) AllocSpace objects, 1(20KB) LOS objects, 22% free, 53MB/69MB, paused 868us total 45.528ms
08-06 13:51:42.059  3330  3442 I art     : Starting a blocking GC Explicit
08-06 13:51:42.096  3330  3442 I art     : Explicit concurrent mark sweep GC freed 20(704B) AllocSpace objects, 0(0B) LOS objects, 22% free, 53MB/69MB, paused 791us total 36.718ms
08-06 13:51:42.108  3330  3442 I art     : Starting a blocking GC Explicit
08-06 13:51:42.142  3330  3442 I art     : Explicit concurrent mark sweep GC freed 3(96B) AllocSpace objects, 0(0B) LOS objects, 22% free, 53MB/69MB, paused 789us total 34.143ms
08-06 13:51:42.154  3330  3442 I art     : Starting a blocking GC Explicit
08-06 13:51:42.172   918  3261 D WifiStateMachine: starting scan for "H369AA63323"WPA_PSK with 2412,5180
08-06 13:51:42.188  3330  3442 I art     : Explicit concurrent mark sweep GC freed 3(96B) AllocSpace objects, 0(0B) LOS objects, 22% free, 53MB/69MB, paused 791us total 33.210ms
08-06 13:51:42.200  3330  3442 I art     : Starting a blocking GC Explicit
08-06 13:51:42.234  3330  3442 I art     : Explicit concurrent mark sweep GC freed 3(96B) AllocSpace objects, 0(0B) LOS objects, 22% free, 53MB/69MB, paused 724us total 33.517ms
08-06 13:51:42.569  3330  3348 I art     : Starting a blocking GC Explicit
08-06 13:51:42.613  3330  3348 I art     : Explicit concurrent mark sweep GC freed 1368(79KB) AllocSpace objects, 1(20KB) LOS objects, 22% free, 53MB/69MB, paused 805us total 43.555ms
08-06 13:51:42.629  3330  3348 I art     : Starting a blocking GC Explicit
08-06 13:51:42.663  3330  3348 I art     : Explicit concurrent mark sweep GC freed 36(1216B) AllocSpace objects, 0(0B) LOS objects, 22% free, 53MB/69MB, paused 769us total 33.839ms
08-06 13:51:42.675  3330  3348 I art     : Starting a blocking GC Explicit
08-06 13:51:42.709  3330  3348 I art     : Explicit concurrent mark sweep GC freed 3(96B) AllocSpace objects, 0(0B) LOS objects, 22% free, 53MB/69MB, paused 748us total 33.993ms
08-06 13:51:42.721  3330  3348 I art     : Starting a blocking GC Explicit
08-06 13:51:42.755  3330  3348 I art     : Explicit concurrent mark sweep GC freed 3(96B) AllocSpace objects, 0(0B) LOS objects, 22% free, 53MB/69MB, paused 707us total 33.382ms
08-06 13:51:42.767  3330  3348 I art     : Starting a blocking GC Explicit
08-06 13:51:42.801  3330  3348 I art     : Explicit concurrent mark sweep GC freed 3(96B) AllocSpace objects, 0(0B) LOS objects, 22% free, 53MB/69MB, paused 757us total 33.725ms
08-06 13:51:43.144  3330  3341 I art     : Starting a blocking GC Explicit
08-06 13:51:43.185  3330  3341 I art     : Explicit concurrent mark sweep GC freed 1347(78KB) AllocSpace objects, 1(20KB) LOS objects, 22% free, 53MB/69MB, paused 813us total 40.756ms
08-06 13:51:43.199  3330  3341 I art     : Starting a blocking GC Explicit
08-06 13:51:43.234  3330  3341 I art     : Explicit concurrent mark sweep GC freed 20(704B) AllocSpace objects, 0(0B) LOS objects, 22% free, 53MB/69MB, paused 778us total 34.179ms
08-06 13:51:43.246  3330  3341 I art     : Starting a blocking GC Explicit
08-06 13:51:43.280  3330  3341 I art     : Explicit concurrent mark sweep GC freed 3(96B) AllocSpace objects, 0(0B) LOS objects, 22% free, 53MB/69MB, paused 759us total 33.441ms
08-06 13:51:43.292  3330  3341 I art     : Starting a blocking GC Explicit
08-06 13:51:43.326  3330  3341 I art     : Explicit concurrent mark sweep GC freed 3(96B) AllocSpace objects, 0(0B) LOS objects, 22% free, 53MB/69MB, paused 893us total 33.788ms
08-06 13:51:43.339  3330  3341 I art     : Starting a blocking GC Explicit
08-06 13:51:43.372  3330  3341 I art     : Explicit concurrent mark sweep GC freed 3(96B) AllocSpace objects, 0(0B) LOS objects, 22% free, 53MB/69MB, paused 757us total 32.943ms
08-06 13:51:43.716  3330  4220 I art     : Starting a blocking GC Explicit
08-06 13:51:43.758  3330  4220 I art     : Explicit concurrent mark sweep GC freed 1347(78KB) AllocSpace objects, 1(20KB) LOS objects, 22% free, 53MB/69MB, paused 987us total 41.678ms
08-06 13:51:43.772  3330  4220 I art     : Starting a blocking GC Explicit
08-06 13:51:43.807  3330  4220 I art     : Explicit concurrent mark sweep GC freed 20(704B) AllocSpace objects, 0(0B) LOS objects, 22% free, 53MB/69MB, paused 769us total 34.022ms
08-06 13:51:43.819  3330  4220 I art     : Starting a blocking GC Explicit
08-06 13:51:43.853  3330  4220 I art     : Explicit concurrent mark sweep GC freed 3(96B) AllocSpace objects, 0(0B) LOS objects, 22% free, 53MB/69MB, paused 754us total 33.878ms
08-06 13:51:43.865  3330  4220 I art     : Starting a blocking GC Explicit
08-06 13:51:43.899  3330  4220 I art     : Explicit concurrent mark sweep GC freed 3(96B) AllocSpace objects, 0(0B) LOS objects, 22% free, 53MB/69MB, paused 772us total 34.028ms
08-06 13:51:43.912  3330  4220 I art     : Starting a blocking GC Explicit
08-06 13:51:43.946  3330  4220 I art     : Explicit concurrent mark sweep GC freed 3(96B) AllocSpace objects, 0(0B) LOS objects, 22% free, 53MB/69MB, paused 759us total 34.383ms
08-06 13:51:44.280  3330  3442 I art     : Starting a blocking GC Explicit
08-06 13:51:44.323  3330  3442 I art     : Explicit concurrent mark sweep GC freed 1347(78KB) AllocSpace objects, 1(20KB) LOS objects, 22% free, 53MB/69MB, paused 777us total 42.403ms
08-06 13:51:44.338  3330  3442 I art     : Starting a blocking GC Explicit
08-06 13:51:44.374  3330  3442 I art     : Explicit concurrent mark sweep GC freed 20(704B) AllocSpace objects, 0(0B) LOS objects, 22% free, 53MB/69MB, paused 832us total 35.526ms
08-06 13:51:44.387  3330  3442 I art     : Starting a blocking GC Explicit
08-06 13:51:44.420  3330  3442 I art     : Explicit concurrent mark sweep GC freed 3(96B) AllocSpace objects, 0(0B) LOS objects, 22% free, 53MB/69MB, paused 753us total 33.313ms
08-06 13:51:44.432  3330  3442 I art     : Starting a blocking GC Explicit
08-06 13:51:44.467  3330  3442 I art     : Explicit concurrent mark sweep GC freed 3(96B) AllocSpace objects, 0(0B) LOS objects, 22% free, 53MB/69MB, paused 848us total 34.242ms
08-06 13:51:44.479  3330  3442 I art     : Starting a blocking GC Explicit
08-06 13:51:44.511  3330  3442 I art     : Explicit concurrent mark sweep GC freed 3(96B) AllocSpace objects, 0(0B) LOS objects, 22% free, 53MB/69MB, paused 682us total 31.976ms
08-06 13:51:44.809  3330  3348 I art     : Starting a blocking GC Explicit
08-06 13:51:44.844  3330  3348 I art     : Explicit concurrent mark sweep GC freed 1347(78KB) AllocSpace objects, 1(20KB) LOS objects, 22% free, 53MB/69MB, paused 779us total 34.146ms
08-06 13:51:44.856  3330  3348 I art     : Starting a blocking GC Explicit
08-06 13:51:44.888  3330  3348 I art     : Explicit concurrent mark sweep GC freed 20(704B) AllocSpace objects, 0(0B) LOS objects, 22% free, 53MB/69MB, paused 821us total 32.321ms
08-06 13:51:44.900  3330  3348 I art     : Starting a blocking GC Explicit
08-06 13:51:44.933  3330  3348 I art     : Explicit concurrent mark sweep GC freed 3(96B) AllocSpace objects, 0(0B) LOS objects, 22% free, 53MB/69MB, paused 760us total 32.255ms
08-06 13:51:44.945  3330  3348 I art     : Starting a blocking GC Explicit
08-06 13:51:44.977  3330  3348 I art     : Explicit concurrent mark sweep GC freed 3(96B) AllocSpace objects, 0(0B) LOS objects, 22% free, 53MB/69MB, paused 776us total 31.796ms
08-06 13:51:44.989  3330  3348 I art     : Starting a blocking GC Explicit
08-06 13:51:45.021  3330  3348 I art     : Explicit concurrent mark sweep GC freed 3(96B) AllocSpace objects, 0(0B) LOS objects, 22% free, 53MB/69MB, paused 767us total 31.564ms
08-06 13:51:45.074  7544  7544 D AndroidRuntime: >>>>>> START com.android.internal.os.RuntimeInit uid 2000 <<<<<<
08-06 13:51:45.081  7544  7544 D AndroidRuntime: CheckJNI is OFF
08-06 13:51:45.128  7544  7544 D ICU     : No timezone override file found: /data/misc/zoneinfo/current/icu/icu_tzdata.dat
08-06 13:51:45.177  7544  7544 I Radio-JNI: register_android_hardware_Radio DONE
08-06 13:51:45.209  7544  7544 D AndroidRuntime: Calling main entry com.android.commands.input.Input
08-06 13:51:45.211  7544  7544 I Input   : injectKeyEvent: KeyEvent { action=ACTION_DOWN, keyCode=KEYCODE_BACK, scanCode=0, metaState=0, flags=0x0, repeatCount=0, eventTime=885121624, downTime=885121624, deviceId=-1, source=0x101 }
08-06 13:51:45.218  7544  7544 I Input   : injectKeyEvent: KeyEvent { action=ACTION_UP, keyCode=KEYCODE_BACK, scanCode=0, metaState=0, flags=0x0, repeatCount=0, eventTime=885121624, downTime=885121624, deviceId=-1, source=0x101 }
08-06 13:51:45.224  7544  7544 D AndroidRuntime: Shutting down VM
08-06 13:51:45.270 13866 13866 I GoogleInputMethodServic: GoogleInputMethodService.onFinishInput():3138 
08-06 13:51:45.271 13866 13866 I GoogleInputMethodServic: GoogleInputMethodService.onStartInput():1808 
08-06 13:51:45.334  3330  3348 I art     : Starting a blocking GC Explicit
08-06 13:51:45.363  3330  3348 I art     : Explicit concurrent mark sweep GC freed 1528(86KB) AllocSpace objects, 1(20KB) LOS objects, 22% free, 53MB/69MB, paused 745us total 28.485ms
08-06 13:51:45.364   518   646 I ThermalEngine: ACTION: GPU - Setting GPU[0] to 510000000
08-06 13:51:45.375  3330  3348 I art     : Starting a blocking GC Explicit
08-06 13:51:45.405  3330  3348 I art     : Explicit concurrent mark sweep GC freed 26(944B) AllocSpace objects, 0(0B) LOS objects, 22% free, 53MB/69MB, paused 585us total 29.524ms
08-06 13:51:45.418  3330  3348 I art     : Starting a blocking GC Explicit
08-06 13:51:45.448  3330  3348 I art     : Explicit concurrent mark sweep GC freed 3(96B) AllocSpace objects, 0(0B) LOS objects, 22% free, 53MB/69MB, paused 913us total 30.094ms
08-06 13:51:45.459  3330  3348 I art     : Starting a blocking GC Explicit
08-06 13:51:45.482  3330  3348 I art     : Explicit concurrent mark sweep GC freed 3(96B) AllocSpace objects, 0(0B) LOS objects, 22% free, 53MB/69MB, paused 482us total 22.752ms
08-06 13:51:45.491  3330  3348 I art     : Starting a blocking GC Explicit
08-06 13:51:45.514  3330  3348 I art     : Explicit concurrent mark sweep GC freed 3(96B) AllocSpace objects, 0(0B) LOS objects, 22% free, 53MB/69MB, paused 623us total 22.945ms
08-06 13:51:45.556   380   380 W SurfaceFlinger: couldn't log to binary event log: overflow.
08-06 13:51:45.783  3330  4220 I art     : Starting a blocking GC Explicit
08-06 13:51:45.815  3330  4220 I art     : Explicit concurrent mark sweep GC freed 1456(87KB) AllocSpace objects, 1(20KB) LOS objects, 22% free, 53MB/69MB, paused 604us total 31.676ms
08-06 13:51:45.828  3330  4220 I art     : Starting a blocking GC Explicit
08-06 13:51:45.853  3330  4220 I art     : Explicit concurrent mark sweep GC freed 1670(108KB) AllocSpace objects, 3(180KB) LOS objects, 23% free, 53MB/69MB, paused 565us total 24.695ms
08-06 13:51:45.862  3330  4220 I art     : Starting a blocking GC Explicit
08-06 13:51:45.887  3330  4220 I art     : Explicit concurrent mark sweep GC freed 3(96B) AllocSpace objects, 0(0B) LOS objects, 23% free, 53MB/69MB, paused 691us total 24.572ms
08-06 13:51:45.896  3330  4220 I art     : Starting a blocking GC Explicit
08-06 13:51:45.920  3330  4220 I art     : Explicit concurrent mark sweep GC freed 3(96B) AllocSpace objects, 0(0B) LOS objects, 23% free, 53MB/69MB, paused 556us total 23.761ms
08-06 13:51:45.930  3330  4220 I art     : Starting a blocking GC Explicit
08-06 13:51:45.954  3330  4220 I art     : Explicit concurrent mark sweep GC freed 3(96B) AllocSpace objects, 0(0B) LOS objects, 23% free, 53MB/69MB, paused 568us total 24.172ms
08-06 13:51:46.250  3330  3442 I art     : Starting a blocking GC Explicit
08-06 13:51:46.281  3330  3442 I art     : Explicit concurrent mark sweep GC freed 1347(78KB) AllocSpace objects, 1(20KB) LOS objects, 23% free, 53MB/69MB, paused 597us total 30.652ms
08-06 13:51:46.294  3330  3442 I art     : Starting a blocking GC Explicit
08-06 13:51:46.319  3330  3442 I art     : Explicit concurrent mark sweep GC freed 20(704B) AllocSpace objects, 0(0B) LOS objects, 23% free, 53MB/69MB, paused 587us total 25.101ms
08-06 13:51:46.329  3330  3442 I art     : Starting a blocking GC Explicit
08-06 13:51:46.353  3330  3442 I art     : Explicit concurrent mark sweep GC freed 3(96B) AllocSpace objects, 0(0B) LOS objects, 23% free, 53MB/69MB, paused 564us total 24.119ms
08-06 13:51:46.362  3330  3442 I art     : Starting a blocking GC Explicit
08-06 13:51:46.368   518   646 I ThermalEngine: ACTION: GPU - Setting GPU[0] to 450000000
08-06 13:51:46.393  3330  3442 I art     : Explicit concurrent mark sweep GC freed 3(96B) AllocSpace objects, 0(0B) LOS objects, 23% free, 53MB/69MB, paused 749us total 30.351ms
08-06 13:51:46.404  3330  3442 I art     : Starting a blocking GC Explicit
08-06 13:51:46.434  3330  3442 I art     : Explicit concurrent mark sweep GC freed 3(96B) AllocSpace objects, 0(0B) LOS objects, 23% free, 53MB/69MB, paused 753us total 29.556ms
08-06 13:51:46.732  3330  3341 I art     : Starting a blocking GC Explicit
08-06 13:51:46.766  3330  3341 I art     : Explicit concurrent mark sweep GC freed 1347(78KB) AllocSpace objects, 1(20KB) LOS objects, 23% free, 53MB/69MB, paused 746us total 33.832ms
08-06 13:51:46.777  3330  3341 I art     : Starting a blocking GC Explicit
08-06 13:51:46.809  3330  3341 I art     : Explicit concurrent mark sweep GC freed 20(704B) AllocSpace objects, 0(0B) LOS objects, 23% free, 53MB/69MB, paused 829us total 31.244ms
08-06 13:51:46.821  3330  3341 I art     : Starting a blocking GC Explicit
08-06 13:51:46.853  3330  3341 I art     : Explicit concurrent mark sweep GC freed 3(96B) AllocSpace objects, 0(0B) LOS objects, 23% free, 53MB/69MB, paused 749us total 32.190ms
08-06 13:51:46.865  3330  3341 I art     : Starting a blocking GC Explicit
08-06 13:51:46.895  3330  3341 I art     : Explicit concurrent mark sweep GC freed 3(96B) AllocSpace objects, 0(0B) LOS objects, 23% free, 53MB/69MB, paused 755us total 30.159ms
08-06 13:51:46.907  3330  3341 I art     : Starting a blocking GC Explicit
08-06 13:51:46.937  3330  3341 I art     : Explicit concurrent mark sweep GC freed 3(96B) AllocSpace objects, 0(0B) LOS objects, 23% free, 53MB/69MB, paused 830us total 30.009ms
08-06 13:51:47.008  7597  7597 D AndroidRuntime: >>>>>> START com.android.internal.os.RuntimeInit uid 2000 <<<<<<
08-06 13:51:47.014  7597  7597 D AndroidRuntime: CheckJNI is OFF
08-06 13:51:47.060  7597  7597 D ICU     : No timezone override file found: /data/misc/zoneinfo/current/icu/icu_tzdata.dat
08-06 13:51:47.109  7597  7597 I Radio-JNI: register_android_hardware_Radio DONE
08-06 13:51:47.137  7597  7597 D AndroidRuntime: Calling main entry com.android.commands.input.Input
08-06 13:51:47.139  7597  7597 I Input   : injectKeyEvent: KeyEvent { action=ACTION_DOWN, keyCode=KEYCODE_BACK, scanCode=0, metaState=0, flags=0x0, repeatCount=0, eventTime=885123552, downTime=885123552, deviceId=-1, source=0x101 }
08-06 13:51:47.148  7597  7597 I Input   : injectKeyEvent: KeyEvent { action=ACTION_UP, keyCode=KEYCODE_BACK, scanCode=0, metaState=0, flags=0x0, repeatCount=0, eventTime=885123552, downTime=885123552, deviceId=-1, source=0x101 }
08-06 13:51:47.154  7597  7597 D AndroidRuntime: Shutting down VM
08-06 13:51:47.198 13866 13866 I GoogleInputMethodServic: GoogleInputMethodService.onFinishInput():3138 
08-06 13:51:47.199 13866 13866 I GoogleInputMethodServic: GoogleInputMethodService.onStartInput():1808 
08-06 13:51:47.258  3330  3348 I art     : Starting a blocking GC Explicit
08-06 13:51:47.284  3330  3348 I art     : Explicit concurrent mark sweep GC freed 1556(87KB) AllocSpace objects, 1(20KB) LOS objects, 23% free, 53MB/69MB, paused 657us total 25.192ms
08-06 13:51:47.295  3330  3348 I art     : Starting a blocking GC Explicit
08-06 13:51:47.322  3330  3348 I art     : Explicit concurrent mark sweep GC freed 24(864B) AllocSpace objects, 0(0B) LOS objects, 23% free, 53MB/69MB, paused 770us total 26.745ms
08-06 13:51:47.333  3330  3348 I art     : Starting a blocking GC Explicit
08-06 13:51:47.363  3330  3348 I art     : Explicit concurrent mark sweep GC freed 3(96B) AllocSpace objects, 0(0B) LOS objects, 23% free, 53MB/69MB, paused 700us total 29.648ms
08-06 13:51:47.375  3330  3348 I art     : Starting a blocking GC Explicit
08-06 13:51:47.402  3330  3348 I art     : Explicit concurrent mark sweep GC freed 3(96B) AllocSpace objects, 0(0B) LOS objects, 23% free, 53MB/69MB, paused 652us total 27.253ms
08-06 13:51:47.413  3330  3348 I art     : Starting a blocking GC Explicit
08-06 13:51:47.441  3330  3348 I art     : Explicit concurrent mark sweep GC freed 3(96B) AllocSpace objects, 0(0B) LOS objects, 23% free, 53MB/69MB, paused 727us total 27.321ms
08-06 13:51:47.726  3330  3442 I art     : Starting a blocking GC Explicit
08-06 13:51:47.766  3330  3442 I art     : Explicit concurrent mark sweep GC freed 2023(111KB) AllocSpace objects, 1(20KB) LOS objects, 23% free, 53MB/69MB, paused 839us total 40.120ms
08-06 13:51:47.784  3330  3442 I art     : Starting a blocking GC Explicit
08-06 13:51:47.815  3330  3442 I art     : Explicit concurrent mark sweep GC freed 2678(174KB) AllocSpace objects, 1(28KB) LOS objects, 23% free, 53MB/69MB, paused 739us total 30.883ms
08-06 13:51:47.827  3330  3442 I art     : Starting a blocking GC Explicit
08-06 13:51:47.856  3330  3442 I art     : Explicit concurrent mark sweep GC freed 3(96B) AllocSpace objects, 0(0B) LOS objects, 23% free, 53MB/69MB, paused 731us total 29.091ms
08-06 13:51:47.867  3330  3442 I art     : Starting a blocking GC Explicit
08-06 13:51:47.897  3330  3442 I art     : Explicit concurrent mark sweep GC freed 3(96B) AllocSpace objects, 0(0B) LOS objects, 23% free, 53MB/69MB, paused 746us total 28.874ms
08-06 13:51:47.908  3330  3442 I art     : Starting a blocking GC Explicit
08-06 13:51:47.937  3330  3442 I art     : Explicit concurrent mark sweep GC freed 3(96B) AllocSpace objects, 0(0B) LOS objects, 23% free, 53MB/69MB, paused 885us total 28.995ms
08-06 13:51:48.244  3330  4220 I art     : Starting a blocking GC Explicit
08-06 13:51:48.278  3330  4220 I art     : Explicit concurrent mark sweep GC freed 1347(78KB) AllocSpace objects, 1(20KB) LOS objects, 23% free, 53MB/69MB, paused 912us total 34.059ms
08-06 13:51:48.291  3330  4220 I art     : Starting a blocking GC Explicit
08-06 13:51:48.320  3330  4220 I art     : Explicit concurrent mark sweep GC freed 20(704B) AllocSpace objects, 0(0B) LOS objects, 23% free, 53MB/69MB, paused 722us total 28.843ms
08-06 13:51:48.332  3330  4220 I art     : Starting a blocking GC Explicit
08-06 13:51:48.360  3330  4220 I art     : Explicit concurrent mark sweep GC freed 3(96B) AllocSpace objects, 0(0B) LOS objects, 23% free, 53MB/69MB, paused 731us total 28.617ms
08-06 13:51:48.372  3330  4220 I art     : Starting a blocking GC Explicit
08-06 13:51:48.400  3330  4220 I art     : Explicit concurrent mark sweep GC freed 3(96B) AllocSpace objects, 0(0B) LOS objects, 23% free, 53MB/69MB, paused 710us total 27.684ms
08-06 13:51:48.411  3330  4220 I art     : Starting a blocking GC Explicit
08-06 13:51:48.438  3330  4220 I art     : Explicit concurrent mark sweep GC freed 3(96B) AllocSpace objects, 0(0B) LOS objects, 23% free, 53MB/69MB, paused 752us total 27.019ms
08-06 13:51:48.729  3330  3341 I art     : Starting a blocking GC Explicit
08-06 13:51:48.765  3330  3341 I art     : Explicit concurrent mark sweep GC freed 1344(78KB) AllocSpace objects, 1(20KB) LOS objects, 23% free, 53MB/69MB, paused 836us total 35.121ms
08-06 13:51:48.780  3330  3341 I art     : Starting a blocking GC Explicit
08-06 13:51:48.810  3330  3341 I art     : Explicit concurrent mark sweep GC freed 20(704B) AllocSpace objects, 0(0B) LOS objects, 23% free, 53MB/69MB, paused 743us total 30.047ms
08-06 13:51:48.822  3330  3341 I art     : Starting a blocking GC Explicit
08-06 13:51:48.853  3330  3341 I art     : Explicit concurrent mark sweep GC freed 3(96B) AllocSpace objects, 0(0B) LOS objects, 23% free, 53MB/69MB, paused 760us total 30.583ms
08-06 13:51:48.864  3330  3341 I art     : Starting a blocking GC Explicit
08-06 13:51:48.894  3330  3341 I art     : Explicit concurrent mark sweep GC freed 3(96B) AllocSpace objects, 0(0B) LOS objects, 23% free, 53MB/69MB, paused 766us total 30.062ms
08-06 13:51:48.906  3330  3341 I art     : Starting a blocking GC Explicit
08-06 13:51:48.935  3330  3341 I art     : Explicit concurrent mark sweep GC freed 3(96B) AllocSpace objects, 0(0B) LOS objects, 23% free, 53MB/69MB, paused 739us total 28.334ms
08-06 13:51:49.019  7654  7654 D AndroidRuntime: >>>>>> START com.android.internal.os.RuntimeInit uid 2000 <<<<<<
08-06 13:51:49.025  7654  7654 D AndroidRuntime: CheckJNI is OFF
08-06 13:51:49.074  7654  7654 D ICU     : No timezone override file found: /data/misc/zoneinfo/current/icu/icu_tzdata.dat
08-06 13:51:49.120  7654  7654 I Radio-JNI: register_android_hardware_Radio DONE
08-06 13:51:49.148  7654  7654 D AndroidRuntime: Calling main entry com.android.commands.am.Am
08-06 13:51:49.157 14970 14970 I Trepn   : Trepn 6.2s: Received intent: com.quicinc.trepn.stop_profiling
08-06 13:51:49.189 14970 14970 I Trepn   : Trepn 6.2s: Trepn has Stopped Profiling.
08-06 13:51:49.266  3330  3348 I art     : Starting a blocking GC Explicit
08-06 13:51:49.295  3330  3348 I art     : Explicit concurrent mark sweep GC freed 1344(78KB) AllocSpace objects, 1(20KB) LOS objects, 23% free, 53MB/69MB, paused 784us total 29.223ms
08-06 13:51:49.307  3330  3348 I art     : Starting a blocking GC Explicit
08-06 13:51:49.335  3330  3348 I art     : Explicit concurrent mark sweep GC freed 20(704B) AllocSpace objects, 0(0B) LOS objects, 23% free, 53MB/69MB, paused 713us total 27.538ms
08-06 13:51:49.346  3330  3348 I art     : Starting a blocking GC Explicit
08-06 13:51:49.370  7654  7654 D AndroidRuntime: Shutting down VM
08-06 13:51:49.372   918  3359 W AppOps  : Finishing op nesting under-run: uid 10078 pkg com.quicinc.trepn code 24 time=0 duration=0 nesting=0
08-06 13:51:49.373  3330  3348 I art     : Explicit concurrent mark sweep GC freed 3(96B) AllocSpace objects, 0(0B) LOS objects, 23% free, 53MB/69MB, paused 731us total 26.258ms
08-06 13:51:49.384  3330  3348 I art     : Starting a blocking GC Explicit
08-06 13:51:49.411  3330  3348 I art     : Explicit concurrent mark sweep GC freed 3(96B) AllocSpace objects, 0(0B) LOS objects, 23% free, 53MB/69MB, paused 721us total 26.178ms
08-06 13:51:49.422  3330  3348 I art     : Starting a blocking GC Explicit
08-06 13:51:49.448  3330  3348 I art     : Explicit concurrent mark sweep GC freed 3(96B) AllocSpace objects, 0(0B) LOS objects, 23% free, 53MB/69MB, paused 718us total 26.011ms
08-06 13:51:49.759  3330  3442 I art     : Starting a blocking GC Explicit
08-06 13:51:49.787  3330  3442 I art     : Explicit concurrent mark sweep GC freed 1344(78KB) AllocSpace objects, 1(20KB) LOS objects, 23% free, 53MB/69MB, paused 893us total 28.059ms
08-06 13:51:49.799  3330  3442 I art     : Starting a blocking GC Explicit
08-06 13:51:49.825  3330  3442 I art     : Explicit concurrent mark sweep GC freed 20(704B) AllocSpace objects, 0(0B) LOS objects, 23% free, 53MB/69MB, paused 706us total 26.332ms
08-06 13:51:49.837  3330  3442 I art     : Starting a blocking GC Explicit
08-06 13:51:49.863  3330  3442 I art     : Explicit concurrent mark sweep GC freed 3(96B) AllocSpace objects, 0(0B) LOS objects, 23% free, 53MB/69MB, paused 749us total 26.195ms
08-06 13:51:49.874  3330  3442 I art     : Starting a blocking GC Explicit
08-06 13:51:49.901  3330  3442 I art     : Explicit concurrent mark sweep GC freed 3(96B) AllocSpace objects, 0(0B) LOS objects, 23% free, 53MB/69MB, paused 688us total 26.378ms
08-06 13:51:49.912  3330  3442 I art     : Starting a blocking GC Explicit
08-06 13:51:49.939  3330  3442 I art     : Explicit concurrent mark sweep GC freed 3(96B) AllocSpace objects, 0(0B) LOS objects, 23% free, 53MB/69MB, paused 729us total 26.583ms
