--------- beginning of main
08-06 06:12:30.383 10620 10620 D AndroidRuntime: >>>>>> START com.android.internal.os.RuntimeInit uid 2000 <<<<<<
08-06 06:12:30.389 10620 10620 D AndroidRuntime: CheckJNI is OFF
08-06 06:12:30.420 10620 10620 D ICU     : No timezone override file found: /data/misc/zoneinfo/current/icu/icu_tzdata.dat
08-06 06:12:30.452 10620 10620 I Radio-JNI: register_android_hardware_Radio DONE
08-06 06:12:30.468 10620 10620 D AndroidRuntime: Calling main entry com.android.commands.monkey.Monkey
--------- beginning of system
08-06 06:12:30.484   918   931 W BroadcastQueue: Skipping deliver [background] BroadcastRecord{e6a69f4 u-1 android.net.conn.CONNECTIVITY_CHANGE} to ReceiverList{5a65392 10620 (unknown name)/2000/u-1 remote:10d2be1}: process crashing
08-06 06:12:30.495   918  5481 I ActivityManager: START u0 {act=android.intent.action.MAIN cat=[android.intent.category.LAUNCHER] flg=0x10200000 cmp=baseline.appteam.nith.hillffair/.activities.SplashActivity} from uid 2000 on display 0
08-06 06:12:30.536 10629 10629 I art     : Late-enabling -Xcheck:jni
08-06 06:12:30.536   918  6029 I ActivityManager: Start proc 10629:baseline.appteam.nith.hillffair/u0a697 for activity baseline.appteam.nith.hillffair/.activities.SplashActivity
08-06 06:12:30.558 10620 10620 I art     : System.exit called, status: 0
08-06 06:12:30.558 10620 10620 I AndroidRuntime: VM exiting with result code 0.
08-06 06:12:30.604 16458  6583 I PBSessionCacheImpl: Deleted sessionId[72384646105454640] from persistence.
08-06 06:12:30.613 16458 16488 W SearchServiceCore: Abort, client detached.
08-06 06:12:30.613 16458 16488 I MicroDetectionState: Should stop hotword detection immediately - true
08-06 06:12:30.695 10629 10629 W System  : ClassLoader referenced unknown path: /data/app/baseline.appteam.nith.hillffair-1/lib/arm64
08-06 06:12:30.777 10629 10629 W OneSignal: GCM Library detected, please upgrade to Firebase FCM library as GCM is deprecated!
08-06 06:12:30.891 10629 10629 W art     : Before Android 4.1, method android.graphics.PorterDuffColorFilter androidx.vectordrawable.graphics.drawable.VectorDrawableCompat.updateTintFilter(android.graphics.PorterDuffColorFilter, android.content.res.ColorStateList, android.graphics.PorterDuff$Mode) would have incorrectly overridden the package-private method in android.graphics.drawable.Drawable
08-06 06:12:30.920 10629 10629 I art     : Rejecting re-init on previously-failed class java.lang.Class<androidx.core.view.ViewCompat$2>
08-06 06:12:30.920 10629 10629 I art     : Rejecting re-init on previously-failed class java.lang.Class<androidx.core.view.ViewCompat$2>
08-06 06:12:30.992 10629 10655 D OpenGLRenderer: Use EGL_SWAP_BEHAVIOR_PRESERVED: true
08-06 06:12:31.030 10629 10655 I Adreno  : QUALCOMM build                   : fcf4852, I1af360237c
08-06 06:12:31.030 10629 10655 I Adreno  : Build Date                       : 09/23/15
08-06 06:12:31.030 10629 10655 I Adreno  : OpenGL ES Shader Compiler Version: XE031.05.13.02
08-06 06:12:31.030 10629 10655 I Adreno  : Local Branch                     : mybranch14465806
08-06 06:12:31.030 10629 10655 I Adreno  : Remote Branch                    : quic/LA.BF64.1.2.9_v2
08-06 06:12:31.030 10629 10655 I Adreno  : Remote Branch                    : NONE
08-06 06:12:31.030 10629 10655 I Adreno  : Reconstruct Branch               : NOTHING
08-06 06:12:31.036 10629 10655 I OpenGLRenderer: Initialized EGL, version 1.4
08-06 06:12:31.075 13866 13866 I GoogleInputMethodServic: GoogleInputMethodService.onFinishInput():3138 
08-06 06:12:31.076 13866 13866 I GoogleInputMethodServic: GoogleInputMethodService.onStartInput():1808 
08-06 06:12:31.122   918   936 I ActivityManager: Displayed baseline.appteam.nith.hillffair/.activities.SplashActivity: +619ms
08-06 06:12:31.241 10629 10662 W GCM     : GCM SDK is deprecated, baseline.appteam.nith.hillffair should update to use FCM
08-06 06:12:31.292 24365  4184 W Conscrypt: Could not set socket write timeout: java.net.SocketException: Socket closed
08-06 06:12:31.293 24365  4184 E art     : invalid stream - problem with parameter iterator in /data/app/com.google.android.gms-2/base.apk:classes3.dex for method void com.google.android.gms.org.conscrypt.ConscryptFileDescriptorSocket.setSoWriteTimeout(int)
08-06 06:12:31.293 24365  4184 W Conscrypt: 	at com.google.android.gms.org.conscrypt.Platform.setSocketWriteTimeout(:com.google.android.gms@202614019@20.26.14 (040400-320008519):2)
08-06 06:12:31.293 24365  4184 W Conscrypt: 	at com.google.android.gms.org.conscrypt.ConscryptFileDescriptorSocket.setSoWriteTimeout(:com.google.android.gms@202614019@20.26.14 (040400-320008519))
08-06 06:12:31.311 24365  4184 W Conscrypt: Could not set socket write timeout: java.net.SocketException: Socket closed
08-06 06:12:31.312 24365  4184 E art     : invalid stream - problem with parameter iterator in /data/app/com.google.android.gms-2/base.apk:classes3.dex for method void com.google.android.gms.org.conscrypt.ConscryptFileDescriptorSocket.setSoWriteTimeout(int)
08-06 06:12:31.314 24365  4184 W Conscrypt: 	at com.google.android.gms.org.conscrypt.Platform.setSocketWriteTimeout(:com.google.android.gms@202614019@20.26.14 (040400-320008519):2)
08-06 06:12:31.314 24365  4184 W Conscrypt: 	at com.google.android.gms.org.conscrypt.ConscryptFileDescriptorSocket.setSoWriteTimeout(:com.google.android.gms@202614019@20.26.14 (040400-320008519))
08-06 06:12:31.381 24365  4184 W Conscrypt: Could not set socket write timeout: java.net.SocketException: Socket closed
08-06 06:12:31.382 24365  4184 E art     : invalid stream - problem with parameter iterator in /data/app/com.google.android.gms-2/base.apk:classes3.dex for method void com.google.android.gms.org.conscrypt.ConscryptFileDescriptorSocket.setSoWriteTimeout(int)
08-06 06:12:31.382 24365  4184 W Conscrypt: 	at com.google.android.gms.org.conscrypt.Platform.setSocketWriteTimeout(:com.google.android.gms@202614019@20.26.14 (040400-320008519):2)
08-06 06:12:31.383 24365  4184 W Conscrypt: 	at com.google.android.gms.org.conscrypt.ConscryptFileDescriptorSocket.setSoWriteTimeout(:com.google.android.gms@202614019@20.26.14 (040400-320008519))
08-06 06:12:31.399 24365  4184 W Conscrypt: Could not set socket write timeout: java.net.SocketException: Socket closed
08-06 06:12:31.399 24365  4184 E art     : invalid stream - problem with parameter iterator in /data/app/com.google.android.gms-2/base.apk:classes3.dex for method void com.google.android.gms.org.conscrypt.ConscryptFileDescriptorSocket.setSoWriteTimeout(int)
08-06 06:12:31.400 24365  4184 W Conscrypt: 	at com.google.android.gms.org.conscrypt.Platform.setSocketWriteTimeout(:com.google.android.gms@202614019@20.26.14 (040400-320008519):2)
08-06 06:12:31.400 24365  4184 W Conscrypt: 	at com.google.android.gms.org.conscrypt.ConscryptFileDescriptorSocket.setSoWriteTimeout(:com.google.android.gms@202614019@20.26.14 (040400-320008519))
08-06 06:12:31.577 10629 10662 E OneSignal: Error Getting GCM Token
08-06 06:12:31.577 10629 10662 E OneSignal: java.io.IOException: INVALID_SENDER
08-06 06:12:31.577 10629 10662 E OneSignal: 	at com.google.android.gms.gcm.GoogleCloudMessaging.zzd(Unknown Source)
08-06 06:12:31.577 10629 10662 E OneSignal: 	at com.google.android.gms.gcm.GoogleCloudMessaging.register(Unknown Source)
08-06 06:12:31.577 10629 10662 E OneSignal: 	at com.onesignal.PushRegistratorGCM.getToken(PushRegistratorGCM.java:42)
08-06 06:12:31.577 10629 10662 E OneSignal: 	at com.onesignal.PushRegistratorAbstractGoogle.attemptRegistration(PushRegistratorAbstractGoogle.java:97)
08-06 06:12:31.577 10629 10662 E OneSignal: 	at com.onesignal.PushRegistratorAbstractGoogle.access$100(PushRegistratorAbstractGoogle.java:37)
08-06 06:12:31.577 10629 10662 E OneSignal: 	at com.onesignal.PushRegistratorAbstractGoogle$1.run(PushRegistratorAbstractGoogle.java:84)
08-06 06:12:31.577 10629 10662 E OneSignal: 	at java.lang.Thread.run(Thread.java:818)
08-06 06:12:31.593 10629 10668 I art     : Rejecting re-init on previously-failed class java.lang.Class<com.onesignal.OneSignalChromeTab$OneSignalCustomTabsServiceConnection>
08-06 06:12:31.593 10629 10668 I art     : Rejecting re-init on previously-failed class java.lang.Class<com.onesignal.OneSignalChromeTab$OneSignalCustomTabsServiceConnection>
08-06 06:12:32.166 10677 10677 D AndroidRuntime: >>>>>> START com.android.internal.os.RuntimeInit uid 2000 <<<<<<
08-06 06:12:32.168   918  3188 I hubconnection: sensorhub said: 'set_bias 3: -6.2400, 0.0000, 0.0000'
08-06 06:12:32.172 10677 10677 D AndroidRuntime: CheckJNI is OFF
08-06 06:12:32.202 10677 10677 D ICU     : No timezone override file found: /data/misc/zoneinfo/current/icu/icu_tzdata.dat
08-06 06:12:32.233 10677 10677 I Radio-JNI: register_android_hardware_Radio DONE
08-06 06:12:32.249 10677 10677 D AndroidRuntime: Calling main entry com.android.commands.am.Am
08-06 06:12:32.262  3167  3167 I Trepn   : Trepn 6.2s: Received intent: com.quicinc.trepn.start_profiling
08-06 06:12:32.402  3167  3167 W FileUtils: Failed to chmod(/storage/emulated/0/trepn/Trepn_2020.08.06_061232.db): android.system.ErrnoException: chmod failed: EPERM (Operation not permitted)
08-06 06:12:32.465   918  6112 I ActivityManager: START u0 {cmp=baseline.appteam.nith.hillffair/.activities.WelcomeActivity} from uid 10697 on display 0
08-06 06:12:32.496   918  4413 I ActivityManager: START u0 {cmp=baseline.appteam.nith.hillffair/.activities.HomeActivity} from uid 10697 on display 0
08-06 06:12:32.505   918  3961 W ActivityManager: Duplicate finish request for ActivityRecord{5345a9f u0 baseline.appteam.nith.hillffair/.activities.WelcomeActivity t4370 f}
08-06 06:12:32.526  3167  3167 I Trepn   : Trepn 6.2s: Trepn has Started Profiling.
08-06 06:12:32.528 10677 10677 D AndroidRuntime: Shutting down VM
08-06 06:12:32.985 10629 10642 I art     : Starting a blocking GC Explicit
08-06 06:12:32.997 10629 10642 I art     : Explicit concurrent mark sweep GC freed 1997(401KB) AllocSpace objects, 0(0B) LOS objects, 25% free, 47MB/63MB, paused 168us total 12.083ms
08-06 06:12:33.005 10629 10642 I art     : Starting a blocking GC Explicit
08-06 06:12:33.016 10629 10642 I art     : Explicit concurrent mark sweep GC freed 402(53KB) AllocSpace objects, 0(0B) LOS objects, 24% free, 48MB/64MB, paused 171us total 10.965ms
08-06 06:12:33.022 10629 10642 I art     : Starting a blocking GC Explicit
08-06 06:12:33.022   918   936 I ActivityManager: Displayed baseline.appteam.nith.hillffair/.activities.HomeActivity: +478ms (total +542ms)
08-06 06:12:33.023 13866 13866 I GoogleInputMethodServic: GoogleInputMethodService.onFinishInput():3138 
08-06 06:12:33.024 13866 13866 I GoogleInputMethodServic: GoogleInputMethodService.onStartInput():1808 
08-06 06:12:33.032 10629 10642 I art     : Explicit concurrent mark sweep GC freed 94(3KB) AllocSpace objects, 0(0B) LOS objects, 24% free, 48MB/64MB, paused 163us total 10.427ms
08-06 06:12:33.038 10629 10642 I art     : Starting a blocking GC Explicit
08-06 06:12:33.051 10629 10642 I art     : Explicit concurrent mark sweep GC freed 9(320B) AllocSpace objects, 0(0B) LOS objects, 24% free, 48MB/64MB, paused 200us total 12.988ms
08-06 06:12:33.057 10629 10642 I art     : Starting a blocking GC Explicit
08-06 06:12:33.072 10629 10642 I art     : Explicit concurrent mark sweep GC freed 103(6KB) AllocSpace objects, 0(0B) LOS objects, 24% free, 48MB/64MB, paused 151us total 14.701ms
08-06 06:12:33.271   380   380 W SurfaceFlinger: couldn't log to binary event log: overflow.
08-06 06:12:33.393 10629 10640 I art     : Starting a blocking GC Explicit
08-06 06:12:33.411 10629 10640 I art     : Explicit concurrent mark sweep GC freed 3000(182KB) AllocSpace objects, 1(20KB) LOS objects, 25% free, 47MB/63MB, paused 189us total 17.987ms
08-06 06:12:33.417 10629 10640 I art     : Starting a blocking GC Explicit
08-06 06:12:33.428 10629 10640 I art     : Explicit concurrent mark sweep GC freed 40(2592B) AllocSpace objects, 0(0B) LOS objects, 25% free, 47MB/63MB, paused 139us total 11.322ms
08-06 06:12:33.434 10629 10640 I art     : Starting a blocking GC Explicit
08-06 06:12:33.444 10629 10640 I art     : Explicit concurrent mark sweep GC freed 886(58KB) AllocSpace objects, 0(0B) LOS objects, 25% free, 47MB/63MB, paused 138us total 9.758ms
08-06 06:12:33.449 10629 10640 I art     : Starting a blocking GC Explicit
08-06 06:12:33.459 10629 10640 I art     : Explicit concurrent mark sweep GC freed 3(96B) AllocSpace objects, 0(0B) LOS objects, 25% free, 47MB/63MB, paused 133us total 9.296ms
08-06 06:12:33.464 10629 10640 I art     : Starting a blocking GC Explicit
08-06 06:12:33.473 10629 10640 I art     : Explicit concurrent mark sweep GC freed 3(96B) AllocSpace objects, 0(0B) LOS objects, 25% free, 47MB/63MB, paused 129us total 9.171ms
08-06 06:12:33.733 10629 10716 I art     : Starting a blocking GC Explicit
08-06 06:12:33.747 10629 10716 I art     : Explicit concurrent mark sweep GC freed 1341(78KB) AllocSpace objects, 1(20KB) LOS objects, 25% free, 47MB/63MB, paused 306us total 14.045ms
08-06 06:12:33.754 10629 10716 I art     : Starting a blocking GC Explicit
08-06 06:12:33.766 10629 10716 I art     : Explicit concurrent mark sweep GC freed 20(704B) AllocSpace objects, 0(0B) LOS objects, 25% free, 47MB/63MB, paused 164us total 11.702ms
08-06 06:12:33.772 10629 10716 I art     : Starting a blocking GC Explicit
08-06 06:12:33.782 10629 10716 I art     : Explicit concurrent mark sweep GC freed 3(96B) AllocSpace objects, 0(0B) LOS objects, 25% free, 47MB/63MB, paused 149us total 10.323ms
08-06 06:12:33.788 10629 10716 I art     : Starting a blocking GC Explicit
08-06 06:12:33.798 10629 10716 I art     : Explicit concurrent mark sweep GC freed 3(96B) AllocSpace objects, 0(0B) LOS objects, 25% free, 47MB/63MB, paused 154us total 10.479ms
08-06 06:12:33.804 10629 10716 I art     : Starting a blocking GC Explicit
08-06 06:12:33.815 10629 10716 I art     : Explicit concurrent mark sweep GC freed 3(96B) AllocSpace objects, 0(0B) LOS objects, 25% free, 47MB/63MB, paused 158us total 11.293ms
08-06 06:12:34.121 10629 10642 I art     : Starting a blocking GC Explicit
08-06 06:12:34.138 10629 10642 I art     : Explicit concurrent mark sweep GC freed 1342(78KB) AllocSpace objects, 1(20KB) LOS objects, 25% free, 47MB/63MB, paused 193us total 17.219ms
08-06 06:12:34.147 10629 10642 I art     : Starting a blocking GC Explicit
08-06 06:12:34.160 10629 10642 I art     : Explicit concurrent mark sweep GC freed 20(704B) AllocSpace objects, 0(0B) LOS objects, 25% free, 47MB/63MB, paused 158us total 12.524ms
08-06 06:12:34.166 10629 10642 I art     : Starting a blocking GC Explicit
08-06 06:12:34.178 10629 10642 I art     : Explicit concurrent mark sweep GC freed 3(96B) AllocSpace objects, 0(0B) LOS objects, 25% free, 47MB/63MB, paused 159us total 11.944ms
08-06 06:12:34.184 10629 10642 I art     : Starting a blocking GC Explicit
08-06 06:12:34.196 10629 10642 I art     : Explicit concurrent mark sweep GC freed 3(96B) AllocSpace objects, 0(0B) LOS objects, 25% free, 47MB/63MB, paused 158us total 11.407ms
08-06 06:12:34.202 10629 10642 I art     : Starting a blocking GC Explicit
08-06 06:12:34.213 10629 10642 I art     : Explicit concurrent mark sweep GC freed 3(96B) AllocSpace objects, 0(0B) LOS objects, 25% free, 47MB/63MB, paused 147us total 11.200ms
08-06 06:12:34.500 10629 10640 I art     : Starting a blocking GC Explicit
08-06 06:12:34.517 10629 10640 I art     : Explicit concurrent mark sweep GC freed 1340(78KB) AllocSpace objects, 1(20KB) LOS objects, 25% free, 47MB/63MB, paused 171us total 16.723ms
08-06 06:12:34.526 10629 10640 I art     : Starting a blocking GC Explicit
08-06 06:12:34.538 10629 10640 I art     : Explicit concurrent mark sweep GC freed 20(704B) AllocSpace objects, 0(0B) LOS objects, 25% free, 47MB/63MB, paused 152us total 12.111ms
08-06 06:12:34.545 10629 10640 I art     : Starting a blocking GC Explicit
08-06 06:12:34.557 10629 10640 I art     : Explicit concurrent mark sweep GC freed 3(96B) AllocSpace objects, 0(0B) LOS objects, 25% free, 47MB/63MB, paused 177us total 11.854ms
08-06 06:12:34.563 10629 10640 I art     : Starting a blocking GC Explicit
08-06 06:12:34.575 10629 10640 I art     : Explicit concurrent mark sweep GC freed 3(96B) AllocSpace objects, 0(0B) LOS objects, 25% free, 47MB/63MB, paused 148us total 11.877ms
08-06 06:12:34.581 10629 10640 I art     : Starting a blocking GC Explicit
08-06 06:12:34.593 10629 10640 I art     : Explicit concurrent mark sweep GC freed 3(96B) AllocSpace objects, 0(0B) LOS objects, 25% free, 47MB/63MB, paused 147us total 11.680ms
08-06 06:12:34.654  9013  9013 I ServiceManager: Waiting for service AtCmdFwd...
08-06 06:12:34.900 10629 10716 I art     : Starting a blocking GC Explicit
08-06 06:12:34.914 10629 10716 I art     : Explicit concurrent mark sweep GC freed 1339(78KB) AllocSpace objects, 1(20KB) LOS objects, 25% free, 47MB/63MB, paused 162us total 13.755ms
08-06 06:12:34.921 10629 10716 I art     : Starting a blocking GC Explicit
08-06 06:12:34.937 10629 10716 I art     : Explicit concurrent mark sweep GC freed 20(704B) AllocSpace objects, 0(0B) LOS objects, 25% free, 47MB/63MB, paused 350us total 15.232ms
08-06 06:12:34.947 10629 10716 I art     : Starting a blocking GC Explicit
08-06 06:12:34.959 10629 10716 I art     : Explicit concurrent mark sweep GC freed 3(96B) AllocSpace objects, 0(0B) LOS objects, 25% free, 47MB/63MB, paused 164us total 12.207ms
08-06 06:12:34.965 10629 10716 I art     : Starting a blocking GC Explicit
08-06 06:12:34.977 10629 10716 I art     : Explicit concurrent mark sweep GC freed 3(96B) AllocSpace objects, 0(0B) LOS objects, 25% free, 47MB/63MB, paused 157us total 11.669ms
08-06 06:12:34.984 10629 10716 I art     : Starting a blocking GC Explicit
08-06 06:12:34.996 10629 10716 I art     : Explicit concurrent mark sweep GC freed 3(96B) AllocSpace objects, 0(0B) LOS objects, 25% free, 47MB/63MB, paused 154us total 12.210ms
08-06 06:12:35.294 10629 10642 I art     : Starting a blocking GC Explicit
08-06 06:12:35.311 10629 10642 I art     : Explicit concurrent mark sweep GC freed 1339(78KB) AllocSpace objects, 1(20KB) LOS objects, 25% free, 47MB/63MB, paused 195us total 17.405ms
08-06 06:12:35.324 10629 10642 I art     : Starting a blocking GC Explicit
08-06 06:12:35.339 10629 10642 I art     : Explicit concurrent mark sweep GC freed 20(704B) AllocSpace objects, 0(0B) LOS objects, 25% free, 47MB/63MB, paused 168us total 14.877ms
08-06 06:12:35.345 10629 10642 I art     : Starting a blocking GC Explicit
08-06 06:12:35.357 10629 10642 I art     : Explicit concurrent mark sweep GC freed 3(96B) AllocSpace objects, 0(0B) LOS objects, 25% free, 47MB/63MB, paused 166us total 11.483ms
08-06 06:12:35.363 10629 10642 I art     : Starting a blocking GC Explicit
08-06 06:12:35.374 10629 10642 I art     : Explicit concurrent mark sweep GC freed 3(96B) AllocSpace objects, 0(0B) LOS objects, 25% free, 47MB/63MB, paused 155us total 11.122ms
08-06 06:12:35.380 10629 10642 I art     : Starting a blocking GC Explicit
08-06 06:12:35.392 10629 10642 I art     : Explicit concurrent mark sweep GC freed 3(96B) AllocSpace objects, 0(0B) LOS objects, 25% free, 47MB/63MB, paused 153us total 11.514ms
08-06 06:12:35.654  9013  9013 I ServiceManager: Waiting for service AtCmdFwd...
08-06 06:12:35.678 10629 10640 I art     : Starting a blocking GC Explicit
08-06 06:12:35.691 10629 10640 I art     : Explicit concurrent mark sweep GC freed 1339(78KB) AllocSpace objects, 1(20KB) LOS objects, 25% free, 47MB/63MB, paused 165us total 13.551ms
08-06 06:12:35.698 10629 10640 I art     : Starting a blocking GC Explicit
08-06 06:12:35.711 10629 10640 I art     : Explicit concurrent mark sweep GC freed 20(704B) AllocSpace objects, 0(0B) LOS objects, 25% free, 47MB/63MB, paused 156us total 12.450ms
08-06 06:12:35.717 10629 10640 I art     : Starting a blocking GC Explicit
08-06 06:12:35.729 10629 10640 I art     : Explicit concurrent mark sweep GC freed 3(96B) AllocSpace objects, 0(0B) LOS objects, 25% free, 47MB/63MB, paused 156us total 11.936ms
08-06 06:12:35.736 10629 10640 I art     : Starting a blocking GC Explicit
08-06 06:12:35.748 10629 10640 I art     : Explicit concurrent mark sweep GC freed 3(96B) AllocSpace objects, 0(0B) LOS objects, 25% free, 47MB/63MB, paused 147us total 11.474ms
08-06 06:12:35.754 10629 10640 I art     : Starting a blocking GC Explicit
08-06 06:12:35.765 10629 10640 I art     : Explicit concurrent mark sweep GC freed 3(96B) AllocSpace objects, 0(0B) LOS objects, 25% free, 47MB/63MB, paused 146us total 11.222ms
08-06 06:12:36.083 13866 13882 I PeriodicStatsRunner: PeriodicStatsRunner.call():175 call()
08-06 06:12:36.084 13866 13882 I PeriodicStatsRunner: PeriodicStatsRunner.call():179 No submit PeriodicStats since input started.
08-06 06:12:36.088 10629 10716 I art     : Starting a blocking GC Explicit
08-06 06:12:36.110 10629 10716 I art     : Explicit concurrent mark sweep GC freed 1339(78KB) AllocSpace objects, 1(20KB) LOS objects, 25% free, 47MB/63MB, paused 223us total 21.332ms
08-06 06:12:36.121 10629 10716 I art     : Starting a blocking GC Explicit
08-06 06:12:36.135 10629 10716 I art     : Explicit concurrent mark sweep GC freed 20(704B) AllocSpace objects, 0(0B) LOS objects, 25% free, 47MB/63MB, paused 169us total 14.345ms
08-06 06:12:36.141 10629 10716 I art     : Starting a blocking GC Explicit
08-06 06:12:36.153 10629 10716 I art     : Explicit concurrent mark sweep GC freed 3(96B) AllocSpace objects, 0(0B) LOS objects, 25% free, 47MB/63MB, paused 159us total 11.699ms
08-06 06:12:36.160 10629 10716 I art     : Starting a blocking GC Explicit
08-06 06:12:36.171 10629 10716 I art     : Explicit concurrent mark sweep GC freed 3(96B) AllocSpace objects, 0(0B) LOS objects, 25% free, 47MB/63MB, paused 162us total 11.217ms
08-06 06:12:36.178 10629 10716 I art     : Starting a blocking GC Explicit
08-06 06:12:36.189 10629 10716 I art     : Explicit concurrent mark sweep GC freed 3(96B) AllocSpace objects, 0(0B) LOS objects, 25% free, 47MB/63MB, paused 155us total 11.472ms
08-06 06:12:36.357   918  1210 D NetlinkSocketObserver: NeighborEvent{elapsedMs=1840960231, 192.168.2.254, [7C3953A63323], RTM_NEWNEIGH, NUD_REACHABLE}
08-06 06:12:36.366   918  3261 D WifiStateMachine: starting scan for "H369AA63323"WPA_PSK with 2412,5180
08-06 06:12:36.467 10629 10642 I art     : Starting a blocking GC Explicit
08-06 06:12:36.479 10629 10642 I art     : Explicit concurrent mark sweep GC freed 1338(78KB) AllocSpace objects, 1(20KB) LOS objects, 25% free, 47MB/63MB, paused 150us total 12.097ms
08-06 06:12:36.485 10629 10642 I art     : Starting a blocking GC Explicit
08-06 06:12:36.496 10629 10642 I art     : Explicit concurrent mark sweep GC freed 20(704B) AllocSpace objects, 0(0B) LOS objects, 25% free, 47MB/63MB, paused 152us total 10.324ms
08-06 06:12:36.501 10629 10642 I art     : Starting a blocking GC Explicit
08-06 06:12:36.511 10629 10642 I art     : Explicit concurrent mark sweep GC freed 3(96B) AllocSpace objects, 0(0B) LOS objects, 25% free, 47MB/63MB, paused 138us total 9.807ms
08-06 06:12:36.517 10629 10642 I art     : Starting a blocking GC Explicit
08-06 06:12:36.527 10629 10642 I art     : Explicit concurrent mark sweep GC freed 3(96B) AllocSpace objects, 0(0B) LOS objects, 25% free, 47MB/63MB, paused 154us total 9.622ms
08-06 06:12:36.532 10629 10642 I art     : Starting a blocking GC Explicit
08-06 06:12:36.542 10629 10642 I art     : Explicit concurrent mark sweep GC freed 3(96B) AllocSpace objects, 0(0B) LOS objects, 25% free, 47MB/63MB, paused 142us total 9.724ms
08-06 06:12:36.655  9013  9013 I ServiceManager: Waiting for service AtCmdFwd...
08-06 06:12:36.680 10629 10812 W OneSignal: OneSignalRestClient: POST Error thrown from network stack. 
08-06 06:12:36.680 10629 10812 W OneSignal: java.io.IOException: unexpected end of stream on Connection{api.onesignal.com:443, proxy=HTTP@192.168.2.12:8080 hostAddress=192.168.2.12 cipherSuite=TLS_ECDHE_RSA_WITH_AES_128_GCM_SHA256 protocol=http/1.1} (recycle count=1)
08-06 06:12:36.680 10629 10812 W OneSignal: 	at com.android.okhttp.internal.http.HttpConnection.readResponse(HttpConnection.java:210)
08-06 06:12:36.680 10629 10812 W OneSignal: 	at com.android.okhttp.internal.http.HttpTransport.readResponseHeaders(HttpTransport.java:80)
08-06 06:12:36.680 10629 10812 W OneSignal: 	at com.android.okhttp.internal.http.HttpEngine.readNetworkResponse(HttpEngine.java:904)
08-06 06:12:36.680 10629 10812 W OneSignal: 	at com.android.okhttp.internal.http.HttpEngine.readResponse(HttpEngine.java:788)
08-06 06:12:36.680 10629 10812 W OneSignal: 	at com.android.okhttp.internal.huc.HttpURLConnectionImpl.execute(HttpURLConnectionImpl.java:439)
08-06 06:12:36.680 10629 10812 W OneSignal: 	at com.android.okhttp.internal.huc.HttpURLConnectionImpl.getResponse(HttpURLConnectionImpl.java:384)
08-06 06:12:36.680 10629 10812 W OneSignal: 	at com.android.okhttp.internal.huc.HttpURLConnectionImpl.getResponseCode(HttpURLConnectionImpl.java:497)
08-06 06:12:36.680 10629 10812 W OneSignal: 	at com.android.okhttp.internal.huc.DelegatingHttpsURLConnection.getResponseCode(DelegatingHttpsURLConnection.java:105)
08-06 06:12:36.680 10629 10812 W OneSignal: 	at com.android.okhttp.internal.huc.HttpsURLConnectionImpl.getResponseCode(HttpsURLConnectionImpl.java)
08-06 06:12:36.680 10629 10812 W OneSignal: 	at com.onesignal.OneSignalRestClient.startHTTPConnection(OneSignalRestClient.java:180)
08-06 06:12:36.680 10629 10812 W OneSignal: 	at com.onesignal.OneSignalRestClient.access$100(OneSignalRestClient.java:44)
08-06 06:12:36.680 10629 10812 W OneSignal: 	at com.onesignal.OneSignalRestClient$4.run(OneSignalRestClient.java:110)
08-06 06:12:36.680 10629 10812 W OneSignal: 	at java.lang.Thread.run(Thread.java:818)
08-06 06:12:36.680 10629 10812 W OneSignal: Caused by: java.io.EOFException: \n not found: size=0 content=...
08-06 06:12:36.680 10629 10812 W OneSignal: 	at com.android.okhttp.okio.RealBufferedSource.readUtf8LineStrict(RealBufferedSource.java:200)
08-06 06:12:36.680 10629 10812 W OneSignal: 	at com.android.okhttp.internal.http.HttpConnection.readResponse(HttpConnection.java:191)
08-06 06:12:36.680 10629 10812 W OneSignal: 	... 12 more
08-06 06:12:36.681 10629 10815 W OneSignal: Failed last request. statusCode: -1
08-06 06:12:36.681 10629 10815 W OneSignal: response: null
08-06 06:12:36.809 10629 10640 I art     : Starting a blocking GC Explicit
08-06 06:12:36.828 10629 10640 I art     : Explicit concurrent mark sweep GC freed 1903(152KB) AllocSpace objects, 1(20KB) LOS objects, 25% free, 47MB/63MB, paused 310us total 17.752ms
08-06 06:12:36.838 10629 10640 I art     : Starting a blocking GC Explicit
08-06 06:12:36.852 10629 10640 I art     : Explicit concurrent mark sweep GC freed 30(1168B) AllocSpace objects, 0(0B) LOS objects, 25% free, 47MB/63MB, paused 144us total 13.673ms
08-06 06:12:36.858 10629 10640 I art     : Starting a blocking GC Explicit
08-06 06:12:36.870 10629 10640 I art     : Explicit concurrent mark sweep GC freed 3(96B) AllocSpace objects, 0(0B) LOS objects, 25% free, 47MB/63MB, paused 149us total 11.760ms
08-06 06:12:36.876 10629 10640 I art     : Starting a blocking GC Explicit
08-06 06:12:36.888 10629 10640 I art     : Explicit concurrent mark sweep GC freed 3(96B) AllocSpace objects, 0(0B) LOS objects, 25% free, 47MB/63MB, paused 155us total 11.735ms
08-06 06:12:36.894 10629 10640 I art     : Starting a blocking GC Explicit
08-06 06:12:36.906 10629 10640 I art     : Explicit concurrent mark sweep GC freed 3(96B) AllocSpace objects, 0(0B) LOS objects, 25% free, 47MB/63MB, paused 149us total 11.766ms
08-06 06:12:37.214 10629 10716 I art     : Starting a blocking GC Explicit
08-06 06:12:37.228 10629 10716 I art     : Explicit concurrent mark sweep GC freed 1339(78KB) AllocSpace objects, 1(20KB) LOS objects, 25% free, 47MB/63MB, paused 186us total 13.908ms
08-06 06:12:37.234 10629 10716 I art     : Starting a blocking GC Explicit
08-06 06:12:37.247 10629 10716 I art     : Explicit concurrent mark sweep GC freed 20(704B) AllocSpace objects, 0(0B) LOS objects, 25% free, 47MB/63MB, paused 170us total 11.987ms
08-06 06:12:37.253 10629 10716 I art     : Starting a blocking GC Explicit
08-06 06:12:37.264 10629 10716 I art     : Explicit concurrent mark sweep GC freed 3(96B) AllocSpace objects, 0(0B) LOS objects, 25% free, 47MB/63MB, paused 148us total 11.562ms
08-06 06:12:37.270 10629 10716 I art     : Starting a blocking GC Explicit
08-06 06:12:37.280 10629 10716 I art     : Explicit concurrent mark sweep GC freed 3(96B) AllocSpace objects, 0(0B) LOS objects, 25% free, 47MB/63MB, paused 149us total 10.251ms
08-06 06:12:37.286 10629 10716 I art     : Starting a blocking GC Explicit
08-06 06:12:37.296 10629 10716 I art     : Explicit concurrent mark sweep GC freed 3(96B) AllocSpace objects, 0(0B) LOS objects, 25% free, 47MB/63MB, paused 158us total 10.208ms
08-06 06:12:37.523 10836 10836 D AndroidRuntime: >>>>>> START com.android.internal.os.RuntimeInit uid 2000 <<<<<<
08-06 06:12:37.527 10836 10836 D AndroidRuntime: CheckJNI is OFF
08-06 06:12:37.552 10836 10836 D ICU     : No timezone override file found: /data/misc/zoneinfo/current/icu/icu_tzdata.dat
08-06 06:12:37.578 10836 10836 I Radio-JNI: register_android_hardware_Radio DONE
08-06 06:12:37.579 10629 10642 I art     : Starting a blocking GC Explicit
08-06 06:12:37.591 10629 10642 I art     : Explicit concurrent mark sweep GC freed 1339(78KB) AllocSpace objects, 1(20KB) LOS objects, 25% free, 47MB/63MB, paused 171us total 11.737ms
08-06 06:12:37.594 10836 10836 D AndroidRuntime: Calling main entry com.android.commands.input.Input
08-06 06:12:37.596 10836 10836 I Input   : injectMotionEvent: MotionEvent { action=ACTION_DOWN, actionButton=0, id[0]=0, x[0]=337.0, y[0]=1104.0, toolType[0]=TOOL_TYPE_UNKNOWN, buttonState=0, metaState=0, flags=0x0, edgeFlags=0x0, pointerCount=1, historySize=0, eventTime=857574009, downTime=857574009, deviceId=0, source=0x1002 }
08-06 06:12:37.597 10629 10642 I art     : Starting a blocking GC Explicit
08-06 06:12:37.602 10836 10836 I Input   : injectMotionEvent: MotionEvent { action=ACTION_UP, actionButton=0, id[0]=0, x[0]=337.0, y[0]=1104.0, toolType[0]=TOOL_TYPE_UNKNOWN, buttonState=0, metaState=0, flags=0x0, edgeFlags=0x0, pointerCount=1, historySize=0, eventTime=857574009, downTime=857574009, deviceId=0, source=0x1002 }
08-06 06:12:37.603   918   929 I ActivityManager: START u0 {cmp=baseline.appteam.nith.hillffair/.activities.BattleDayActivity} from uid 10697 on display 0
08-06 06:12:37.609 10836 10836 D AndroidRuntime: Shutting down VM
08-06 06:12:37.612 10629 10642 I art     : Explicit concurrent mark sweep GC freed 46(5KB) AllocSpace objects, 0(0B) LOS objects, 25% free, 47MB/63MB, paused 279us total 13.944ms
08-06 06:12:37.619 10629 10642 I art     : Starting a blocking GC Explicit
08-06 06:12:37.633 10629 10642 I art     : Explicit concurrent mark sweep GC freed 585(63KB) AllocSpace objects, 0(0B) LOS objects, 24% free, 48MB/64MB, paused 641us total 13.682ms
08-06 06:12:37.639 10629 10642 I art     : Starting a blocking GC Explicit
08-06 06:12:37.655  9013  9013 I ServiceManager: Waiting for service AtCmdFwd...
08-06 06:12:37.667 10629 10642 I art     : Explicit concurrent mark sweep GC freed 2434(178KB) AllocSpace objects, 0(0B) LOS objects, 24% free, 48MB/64MB, paused 793us total 28.252ms
08-06 06:12:37.673 10629 10642 I art     : Starting a blocking GC Explicit
08-06 06:12:37.689 10629 10642 I art     : Explicit concurrent mark sweep GC freed 4441(242KB) AllocSpace objects, 0(0B) LOS objects, 24% free, 48MB/64MB, paused 311us total 16.111ms
08-06 06:12:37.715 13866 13866 I GoogleInputMethodServic: GoogleInputMethodService.onFinishInput():3138 
08-06 06:12:37.716 13866 13866 I GoogleInputMethodServic: GoogleInputMethodService.onStartInput():1808 
08-06 06:12:37.748   918   936 I ActivityManager: Displayed baseline.appteam.nith.hillffair/.activities.BattleDayActivity: +138ms
08-06 06:12:37.956 10629 10642 I art     : Starting a blocking GC Explicit
08-06 06:12:37.977 10629 10642 I art     : Explicit concurrent mark sweep GC freed 1702(106KB) AllocSpace objects, 1(20KB) LOS objects, 24% free, 48MB/64MB, paused 234us total 20.032ms
08-06 06:12:37.988 10629 10642 I art     : Starting a blocking GC Explicit
08-06 06:12:37.993   380   380 W SurfaceFlinger: couldn't log to binary event log: overflow.
08-06 06:12:38.010 10629 10642 I art     : Explicit concurrent mark sweep GC freed 36(1248B) AllocSpace objects, 0(0B) LOS objects, 24% free, 48MB/64MB, paused 237us total 20.884ms
08-06 06:12:38.018 10629 10642 I art     : Starting a blocking GC Explicit
08-06 06:12:38.024 13866 13882 I PeriodicStatsRunner: PeriodicStatsRunner.call():175 call()
08-06 06:12:38.024 13866 13882 I PeriodicStatsRunner: PeriodicStatsRunner.call():179 No submit PeriodicStats since input started.
08-06 06:12:38.031 10629 10642 I art     : Explicit concurrent mark sweep GC freed 3(96B) AllocSpace objects, 0(0B) LOS objects, 24% free, 48MB/64MB, paused 182us total 12.789ms
08-06 06:12:38.036 10629 10642 I art     : Starting a blocking GC Explicit
08-06 06:12:38.047 10629 10642 I art     : Explicit concurrent mark sweep GC freed 3(96B) AllocSpace objects, 0(0B) LOS objects, 24% free, 48MB/64MB, paused 180us total 11.038ms
08-06 06:12:38.053 10629 10642 I art     : Starting a blocking GC Explicit
08-06 06:12:38.064 10629 10642 I art     : Explicit concurrent mark sweep GC freed 3(96B) AllocSpace objects, 0(0B) LOS objects, 24% free, 48MB/64MB, paused 178us total 11.065ms
08-06 06:12:38.330 10629 10642 I art     : Starting a blocking GC Explicit
08-06 06:12:38.344 10629 10642 I art     : Explicit concurrent mark sweep GC freed 1500(91KB) AllocSpace objects, 1(20KB) LOS objects, 24% free, 48MB/64MB, paused 239us total 14.345ms
08-06 06:12:38.350 10629 10642 I art     : Starting a blocking GC Explicit
08-06 06:12:38.362 10629 10642 I art     : Explicit concurrent mark sweep GC freed 53(1792B) AllocSpace objects, 0(0B) LOS objects, 24% free, 48MB/64MB, paused 193us total 11.863ms
08-06 06:12:38.368 10629 10642 I art     : Starting a blocking GC Explicit
08-06 06:12:38.380 10629 10642 I art     : Explicit concurrent mark sweep GC freed 8(288B) AllocSpace objects, 0(0B) LOS objects, 24% free, 48MB/64MB, paused 192us total 11.282ms
08-06 06:12:38.386 10629 10642 I art     : Starting a blocking GC Explicit
08-06 06:12:38.397 10629 10642 I art     : Explicit concurrent mark sweep GC freed 8(288B) AllocSpace objects, 0(0B) LOS objects, 24% free, 48MB/64MB, paused 200us total 11.333ms
08-06 06:12:38.403 10629 10642 I art     : Starting a blocking GC Explicit
08-06 06:12:38.414 10629 10642 I art     : Explicit concurrent mark sweep GC freed 8(288B) AllocSpace objects, 0(0B) LOS objects, 24% free, 48MB/64MB, paused 191us total 11.402ms
08-06 06:12:38.530 10629 10863 D OkHttp  : --> GET https://api-hillfair-2k16.herokuapp.com/api/app/events/special http/1.1
08-06 06:12:38.566 10629 10863 D OkHttp  : <-- 200 OK https://api-hillfair-2k16.herokuapp.com/api/app/events/special (35ms, 554-byte body)
08-06 06:12:38.628 10629 10629 I NAPPA_EXPERIMENTATION: MetricNetworkRequestExecutionTime: REQUEST_DURATION_SYSTEM='955',REQUEST_DURATION_OKHTTP='34',REQUEST_SYNCHRONOUS='FALSE',RESPONSE_CODE='200',RESPONSE_METHOD='GET',RESPONSE_LENGTH_OKHTTP='554',RESPONSE_LENGTH_HEADER='554',REQUEST_PROTOCOL='http/1.1',REQUEST_URL='https://api-hillfair-2k16.herokuapp.com/api/app/events/special',
08-06 06:12:38.656  9013  9013 I ServiceManager: Waiting for service AtCmdFwd...
08-06 06:12:38.672 10629 10642 I art     : Starting a blocking GC Explicit
08-06 06:12:38.689 10629 10642 I art     : Explicit concurrent mark sweep GC freed 5572(356KB) AllocSpace objects, 4(220KB) LOS objects, 24% free, 48MB/64MB, paused 503us total 17.366ms
08-06 06:12:38.697 10629 10642 I art     : Starting a blocking GC Explicit
08-06 06:12:38.711 10629 10642 I art     : Explicit concurrent mark sweep GC freed 1292(135KB) AllocSpace objects, 0(0B) LOS objects, 24% free, 48MB/64MB, paused 352us total 14.185ms
08-06 06:12:38.718 10629 10642 I art     : Starting a blocking GC Explicit
08-06 06:12:38.731 10629 10642 I art     : Explicit concurrent mark sweep GC freed 138(6KB) AllocSpace objects, 0(0B) LOS objects, 24% free, 48MB/64MB, paused 320us total 12.640ms
08-06 06:12:38.737 10629 10642 I art     : Starting a blocking GC Explicit
08-06 06:12:38.748 10629 10642 I art     : Explicit concurrent mark sweep GC freed 3(96B) AllocSpace objects, 0(0B) LOS objects, 24% free, 48MB/64MB, paused 280us total 11.687ms
08-06 06:12:38.754 10629 10642 I art     : Starting a blocking GC Explicit
08-06 06:12:38.765 10629 10642 I art     : Explicit concurrent mark sweep GC freed 3(96B) AllocSpace objects, 0(0B) LOS objects, 24% free, 48MB/64MB, paused 250us total 11.152ms
08-06 06:12:39.031 10629 10640 I art     : Starting a blocking GC Explicit
08-06 06:12:39.047 10629 10640 I art     : Explicit concurrent mark sweep GC freed 1342(78KB) AllocSpace objects, 1(20KB) LOS objects, 24% free, 48MB/64MB, paused 342us total 16.533ms
08-06 06:12:39.054 10629 10640 I art     : Starting a blocking GC Explicit
08-06 06:12:39.069 10629 10640 I art     : Explicit concurrent mark sweep GC freed 20(704B) AllocSpace objects, 0(0B) LOS objects, 24% free, 48MB/64MB, paused 297us total 14.802ms
08-06 06:12:39.076 10629 10640 I art     : Starting a blocking GC Explicit
08-06 06:12:39.090 10629 10640 I art     : Explicit concurrent mark sweep GC freed 3(96B) AllocSpace objects, 0(0B) LOS objects, 24% free, 48MB/64MB, paused 296us total 14.325ms
08-06 06:12:39.097 10629 10640 I art     : Starting a blocking GC Explicit
08-06 06:12:39.111 10629 10640 I art     : Explicit concurrent mark sweep GC freed 1293(60KB) AllocSpace objects, 0(0B) LOS objects, 24% free, 48MB/64MB, paused 568us total 14.299ms
08-06 06:12:39.118 10629 10640 I art     : Starting a blocking GC Explicit
08-06 06:12:39.132 10629 10640 I art     : Explicit concurrent mark sweep GC freed 5960(227KB) AllocSpace objects, 0(0B) LOS objects, 24% free, 48MB/64MB, paused 403us total 13.405ms
08-06 06:12:39.377 10629 10716 I art     : Starting a blocking GC Explicit
08-06 06:12:39.392 10629 10716 I art     : Explicit concurrent mark sweep GC freed 2403(283KB) AllocSpace objects, 1(20KB) LOS objects, 23% free, 51MB/67MB, paused 261us total 14.821ms
08-06 06:12:39.399 10629 10716 I art     : Starting a blocking GC Explicit
08-06 06:12:39.412 10629 10716 I art     : Explicit concurrent mark sweep GC freed 120(4KB) AllocSpace objects, 0(0B) LOS objects, 23% free, 51MB/67MB, paused 219us total 12.886ms
08-06 06:12:39.419 10629 10716 I art     : Starting a blocking GC Explicit
08-06 06:12:39.433 10629 10716 I art     : Explicit concurrent mark sweep GC freed 3(96B) AllocSpace objects, 0(0B) LOS objects, 23% free, 51MB/67MB, paused 217us total 13.495ms
08-06 06:12:39.439 10629 10716 I art     : Starting a blocking GC Explicit
08-06 06:12:39.453 10629 10716 I art     : Explicit concurrent mark sweep GC freed 3(96B) AllocSpace objects, 0(0B) LOS objects, 23% free, 51MB/67MB, paused 212us total 13.457ms
08-06 06:12:39.459 10629 10716 I art     : Starting a blocking GC Explicit
08-06 06:12:39.473 10629 10716 I art     : Explicit concurrent mark sweep GC freed 3(96B) AllocSpace objects, 0(0B) LOS objects, 23% free, 51MB/67MB, paused 210us total 13.782ms
08-06 06:12:39.656  9013  9013 W Atfwd_Sendcmd: AtCmdFwd service not published, waiting... retryCnt : 4
08-06 06:12:39.791 10629 10642 I art     : Starting a blocking GC Explicit
08-06 06:12:39.811 10629 10642 I art     : Explicit concurrent mark sweep GC freed 1340(78KB) AllocSpace objects, 1(20KB) LOS objects, 23% free, 51MB/67MB, paused 274us total 19.495ms
08-06 06:12:39.820 10629 10642 I art     : Starting a blocking GC Explicit
08-06 06:12:39.835 10629 10642 I art     : Explicit concurrent mark sweep GC freed 20(704B) AllocSpace objects, 0(0B) LOS objects, 23% free, 51MB/67MB, paused 271us total 14.843ms
08-06 06:12:39.842 10629 10642 I art     : Starting a blocking GC Explicit
08-06 06:12:39.856 10629 10642 I art     : Explicit concurrent mark sweep GC freed 3(96B) AllocSpace objects, 0(0B) LOS objects, 23% free, 51MB/67MB, paused 216us total 13.903ms
08-06 06:12:39.863 10629 10642 I art     : Starting a blocking GC Explicit
08-06 06:12:39.877 10629 10642 I art     : Explicit concurrent mark sweep GC freed 3(96B) AllocSpace objects, 0(0B) LOS objects, 23% free, 51MB/67MB, paused 242us total 13.944ms
08-06 06:12:39.883 10629 10642 I art     : Starting a blocking GC Explicit
08-06 06:12:39.897 10629 10642 I art     : Explicit concurrent mark sweep GC freed 3(96B) AllocSpace objects, 0(0B) LOS objects, 23% free, 51MB/67MB, paused 279us total 13.796ms
08-06 06:12:39.967   918  1210 D NetlinkSocketObserver: NeighborEvent{elapsedMs=1840963842, 192.168.2.254, [7C3953A63323], RTM_NEWNEIGH, NUD_STALE}
08-06 06:12:40.219 10629 10640 I art     : Starting a blocking GC Explicit
08-06 06:12:40.244 10629 10640 I art     : Explicit concurrent mark sweep GC freed 1340(78KB) AllocSpace objects, 1(20KB) LOS objects, 23% free, 51MB/67MB, paused 409us total 24.863ms
08-06 06:12:40.255 10629 10640 I art     : Starting a blocking GC Explicit
08-06 06:12:40.269 10629 10640 I art     : Explicit concurrent mark sweep GC freed 20(704B) AllocSpace objects, 0(0B) LOS objects, 23% free, 51MB/67MB, paused 227us total 14.719ms
08-06 06:12:40.276 10629 10640 I art     : Starting a blocking GC Explicit
08-06 06:12:40.290 10629 10640 I art     : Explicit concurrent mark sweep GC freed 3(96B) AllocSpace objects, 0(0B) LOS objects, 23% free, 51MB/67MB, paused 206us total 13.396ms
08-06 06:12:40.296 10629 10640 I art     : Starting a blocking GC Explicit
08-06 06:12:40.310 10629 10640 I art     : Explicit concurrent mark sweep GC freed 3(96B) AllocSpace objects, 0(0B) LOS objects, 23% free, 51MB/67MB, paused 191us total 13.551ms
08-06 06:12:40.316 10629 10640 I art     : Starting a blocking GC Explicit
08-06 06:12:40.330 10629 10640 I art     : Explicit concurrent mark sweep GC freed 3(96B) AllocSpace objects, 0(0B) LOS objects, 23% free, 51MB/67MB, paused 215us total 13.239ms
08-06 06:12:40.644 10629 10716 I art     : Starting a blocking GC Explicit
08-06 06:12:40.665 10629 10716 I art     : Explicit concurrent mark sweep GC freed 1340(78KB) AllocSpace objects, 1(20KB) LOS objects, 23% free, 51MB/67MB, paused 263us total 20.473ms
08-06 06:12:40.675 10629 10716 I art     : Starting a blocking GC Explicit
08-06 06:12:40.694 10629 10716 I art     : Explicit concurrent mark sweep GC freed 20(704B) AllocSpace objects, 0(0B) LOS objects, 23% free, 51MB/67MB, paused 294us total 18.540ms
08-06 06:12:40.704 10629 10716 I art     : Starting a blocking GC Explicit
08-06 06:12:40.718 10629 10716 I art     : Explicit concurrent mark sweep GC freed 3(96B) AllocSpace objects, 0(0B) LOS objects, 23% free, 51MB/67MB, paused 225us total 14.361ms
08-06 06:12:40.725 10629 10716 I art     : Starting a blocking GC Explicit
08-06 06:12:40.740 10629 10716 I art     : Explicit concurrent mark sweep GC freed 3(96B) AllocSpace objects, 0(0B) LOS objects, 23% free, 51MB/67MB, paused 246us total 14.559ms
08-06 06:12:40.746 10629 10716 I art     : Starting a blocking GC Explicit
08-06 06:12:40.760 10629 10716 I art     : Explicit concurrent mark sweep GC freed 3(96B) AllocSpace objects, 0(0B) LOS objects, 23% free, 51MB/67MB, paused 215us total 13.718ms
08-06 06:12:41.064 10629 10642 I art     : Starting a blocking GC Explicit
08-06 06:12:41.080 10629 10642 I art     : Explicit concurrent mark sweep GC freed 1340(78KB) AllocSpace objects, 1(20KB) LOS objects, 23% free, 51MB/67MB, paused 250us total 16.082ms
08-06 06:12:41.087 10629 10642 I art     : Starting a blocking GC Explicit
08-06 06:12:41.102 10629 10642 I art     : Explicit concurrent mark sweep GC freed 20(704B) AllocSpace objects, 0(0B) LOS objects, 23% free, 51MB/67MB, paused 221us total 14.170ms
08-06 06:12:41.108 10629 10642 I art     : Starting a blocking GC Explicit
08-06 06:12:41.123 10629 10642 I art     : Explicit concurrent mark sweep GC freed 3(96B) AllocSpace objects, 0(0B) LOS objects, 23% free, 51MB/67MB, paused 215us total 14.061ms
08-06 06:12:41.130 10629 10642 I art     : Starting a blocking GC Explicit
08-06 06:12:41.144 10629 10642 I art     : Explicit concurrent mark sweep GC freed 3(96B) AllocSpace objects, 0(0B) LOS objects, 23% free, 51MB/67MB, paused 221us total 13.631ms
08-06 06:12:41.150 10629 10642 I art     : Starting a blocking GC Explicit
08-06 06:12:41.164 10629 10642 I art     : Explicit concurrent mark sweep GC freed 3(96B) AllocSpace objects, 0(0B) LOS objects, 23% free, 51MB/67MB, paused 218us total 13.525ms
08-06 06:12:41.472 10629 10640 I art     : Starting a blocking GC Explicit
08-06 06:12:41.489 10629 10640 I art     : Explicit concurrent mark sweep GC freed 1340(78KB) AllocSpace objects, 1(20KB) LOS objects, 23% free, 51MB/67MB, paused 257us total 16.354ms
08-06 06:12:41.496 10629 10640 I art     : Starting a blocking GC Explicit
08-06 06:12:41.511 10629 10640 I art     : Explicit concurrent mark sweep GC freed 20(704B) AllocSpace objects, 0(0B) LOS objects, 23% free, 51MB/67MB, paused 227us total 14.734ms
08-06 06:12:41.517 10629 10640 I art     : Starting a blocking GC Explicit
08-06 06:12:41.532 10629 10640 I art     : Explicit concurrent mark sweep GC freed 3(96B) AllocSpace objects, 0(0B) LOS objects, 23% free, 51MB/67MB, paused 227us total 14.231ms
08-06 06:12:41.538 10629 10640 I art     : Starting a blocking GC Explicit
08-06 06:12:41.553 10629 10640 I art     : Explicit concurrent mark sweep GC freed 3(96B) AllocSpace objects, 0(0B) LOS objects, 23% free, 51MB/67MB, paused 222us total 14.169ms
08-06 06:12:41.559 10629 10640 I art     : Starting a blocking GC Explicit
08-06 06:12:41.574 10629 10640 I art     : Explicit concurrent mark sweep GC freed 3(96B) AllocSpace objects, 0(0B) LOS objects, 23% free, 51MB/67MB, paused 215us total 14.030ms
08-06 06:12:41.872 10629 10716 I art     : Starting a blocking GC Explicit
08-06 06:12:41.892 10629 10716 I art     : Explicit concurrent mark sweep GC freed 1340(78KB) AllocSpace objects, 1(20KB) LOS objects, 23% free, 51MB/67MB, paused 264us total 19.374ms
08-06 06:12:41.902 10629 10716 I art     : Starting a blocking GC Explicit
08-06 06:12:41.916 10629 10716 I art     : Explicit concurrent mark sweep GC freed 20(704B) AllocSpace objects, 0(0B) LOS objects, 23% free, 51MB/67MB, paused 238us total 14.325ms
08-06 06:12:41.923 10629 10716 I art     : Starting a blocking GC Explicit
08-06 06:12:41.937 10629 10716 I art     : Explicit concurrent mark sweep GC freed 3(96B) AllocSpace objects, 0(0B) LOS objects, 23% free, 51MB/67MB, paused 258us total 14.215ms
08-06 06:12:41.944 10629 10716 I art     : Starting a blocking GC Explicit
08-06 06:12:41.958 10629 10716 I art     : Explicit concurrent mark sweep GC freed 3(96B) AllocSpace objects, 0(0B) LOS objects, 23% free, 51MB/67MB, paused 263us total 13.829ms
08-06 06:12:41.965 10629 10716 I art     : Starting a blocking GC Explicit
08-06 06:12:41.979 10629 10716 I art     : Explicit concurrent mark sweep GC freed 3(96B) AllocSpace objects, 0(0B) LOS objects, 23% free, 51MB/67MB, paused 216us total 13.614ms
08-06 06:12:42.285 10629 10642 I art     : Starting a blocking GC Explicit
08-06 06:12:42.306 10629 10642 I art     : Explicit concurrent mark sweep GC freed 1340(78KB) AllocSpace objects, 1(20KB) LOS objects, 23% free, 51MB/67MB, paused 245us total 20.633ms
08-06 06:12:42.313 10629 10642 I art     : Starting a blocking GC Explicit
08-06 06:12:42.328 10629 10642 I art     : Explicit concurrent mark sweep GC freed 20(704B) AllocSpace objects, 0(0B) LOS objects, 23% free, 51MB/67MB, paused 220us total 14.627ms
08-06 06:12:42.335 10629 10642 I art     : Starting a blocking GC Explicit
08-06 06:12:42.349 10629 10642 I art     : Explicit concurrent mark sweep GC freed 3(96B) AllocSpace objects, 0(0B) LOS objects, 23% free, 51MB/67MB, paused 245us total 14.027ms
08-06 06:12:42.355 10629 10642 I art     : Starting a blocking GC Explicit
08-06 06:12:42.370 10629 10642 I art     : Explicit concurrent mark sweep GC freed 3(96B) AllocSpace objects, 0(0B) LOS objects, 23% free, 51MB/67MB, paused 215us total 14.051ms
08-06 06:12:42.376 10629 10642 I art     : Starting a blocking GC Explicit
08-06 06:12:42.390 10629 10642 I art     : Explicit concurrent mark sweep GC freed 3(96B) AllocSpace objects, 0(0B) LOS objects, 23% free, 51MB/67MB, paused 220us total 13.649ms
08-06 06:12:42.703 10629 10640 I art     : Starting a blocking GC Explicit
08-06 06:12:42.716 13866 13882 I PeriodicStatsRunner: PeriodicStatsRunner.call():175 call()
08-06 06:12:42.716 13866 13882 I PeriodicStatsRunner: PeriodicStatsRunner.call():179 No submit PeriodicStats since input started.
08-06 06:12:42.723 10629 10640 I art     : Explicit concurrent mark sweep GC freed 1340(78KB) AllocSpace objects, 1(20KB) LOS objects, 23% free, 51MB/67MB, paused 250us total 19.700ms
08-06 06:12:42.733 10629 10640 I art     : Starting a blocking GC Explicit
08-06 06:12:42.747 10629 10640 I art     : Explicit concurrent mark sweep GC freed 20(704B) AllocSpace objects, 0(0B) LOS objects, 23% free, 51MB/67MB, paused 232us total 14.471ms
08-06 06:12:42.754 10629 10640 I art     : Starting a blocking GC Explicit
08-06 06:12:42.768 10629 10640 I art     : Explicit concurrent mark sweep GC freed 3(96B) AllocSpace objects, 0(0B) LOS objects, 23% free, 51MB/67MB, paused 209us total 13.751ms
08-06 06:12:42.774 10629 10640 I art     : Starting a blocking GC Explicit
08-06 06:12:42.788 10629 10640 I art     : Explicit concurrent mark sweep GC freed 3(96B) AllocSpace objects, 0(0B) LOS objects, 23% free, 51MB/67MB, paused 198us total 13.330ms
08-06 06:12:42.794 10629 10640 I art     : Starting a blocking GC Explicit
08-06 06:12:42.808 10629 10640 I art     : Explicit concurrent mark sweep GC freed 3(96B) AllocSpace objects, 0(0B) LOS objects, 23% free, 51MB/67MB, paused 197us total 13.744ms
08-06 06:12:43.123 10629 10716 I art     : Starting a blocking GC Explicit
08-06 06:12:43.147 10629 10716 I art     : Explicit concurrent mark sweep GC freed 1340(78KB) AllocSpace objects, 1(20KB) LOS objects, 23% free, 51MB/67MB, paused 362us total 24.397ms
08-06 06:12:43.160 10629 10716 I art     : Starting a blocking GC Explicit
08-06 06:12:43.174 10629 10716 I art     : Explicit concurrent mark sweep GC freed 20(704B) AllocSpace objects, 0(0B) LOS objects, 23% free, 51MB/67MB, paused 227us total 13.851ms
08-06 06:12:43.181 10629 10716 I art     : Starting a blocking GC Explicit
08-06 06:12:43.194 10629 10716 I art     : Explicit concurrent mark sweep GC freed 3(96B) AllocSpace objects, 0(0B) LOS objects, 23% free, 51MB/67MB, paused 221us total 13.496ms
08-06 06:12:43.201 10629 10716 I art     : Starting a blocking GC Explicit
08-06 06:12:43.214 10629 10716 I art     : Explicit concurrent mark sweep GC freed 3(96B) AllocSpace objects, 0(0B) LOS objects, 23% free, 51MB/67MB, paused 210us total 13.764ms
08-06 06:12:43.221 10629 10716 I art     : Starting a blocking GC Explicit
08-06 06:12:43.235 10629 10716 I art     : Explicit concurrent mark sweep GC freed 3(96B) AllocSpace objects, 0(0B) LOS objects, 23% free, 51MB/67MB, paused 214us total 13.560ms
08-06 06:12:43.577 10629 10642 I art     : Starting a blocking GC Explicit
08-06 06:12:43.599 10629 10642 I art     : Explicit concurrent mark sweep GC freed 1340(78KB) AllocSpace objects, 1(20KB) LOS objects, 23% free, 51MB/67MB, paused 294us total 22.090ms
08-06 06:12:43.610 10629 10642 I art     : Starting a blocking GC Explicit
08-06 06:12:43.625 10629 10642 I art     : Explicit concurrent mark sweep GC freed 20(704B) AllocSpace objects, 0(0B) LOS objects, 23% free, 51MB/67MB, paused 233us total 15.135ms
08-06 06:12:43.632 10629 10642 I art     : Starting a blocking GC Explicit
08-06 06:12:43.646 10629 10642 I art     : Explicit concurrent mark sweep GC freed 3(96B) AllocSpace objects, 0(0B) LOS objects, 23% free, 51MB/67MB, paused 226us total 14.010ms
08-06 06:12:43.653 10629 10642 I art     : Starting a blocking GC Explicit
08-06 06:12:43.667 10629 10642 I art     : Explicit concurrent mark sweep GC freed 3(96B) AllocSpace objects, 0(0B) LOS objects, 23% free, 51MB/67MB, paused 227us total 14.394ms
08-06 06:12:43.673 10629 10642 I art     : Starting a blocking GC Explicit
08-06 06:12:43.687 10629 10642 I art     : Explicit concurrent mark sweep GC freed 3(96B) AllocSpace objects, 0(0B) LOS objects, 23% free, 51MB/67MB, paused 208us total 13.688ms
08-06 06:12:44.000   918  3188 I hubconnection: sensorhub said: 'set_bias 3: -5.6256, 0.0000, 0.0000'
08-06 06:12:44.002 10629 10640 I art     : Starting a blocking GC Explicit
08-06 06:12:44.023 10629 10640 I art     : Explicit concurrent mark sweep GC freed 1340(78KB) AllocSpace objects, 1(20KB) LOS objects, 23% free, 51MB/67MB, paused 254us total 20.417ms
08-06 06:12:44.033 10629 10640 I art     : Starting a blocking GC Explicit
08-06 06:12:44.048 10629 10640 I art     : Explicit concurrent mark sweep GC freed 20(704B) AllocSpace objects, 0(0B) LOS objects, 23% free, 51MB/67MB, paused 214us total 14.462ms
08-06 06:12:44.054 10629 10640 I art     : Starting a blocking GC Explicit
08-06 06:12:44.068 10629 10640 I art     : Explicit concurrent mark sweep GC freed 3(96B) AllocSpace objects, 0(0B) LOS objects, 23% free, 51MB/67MB, paused 216us total 14.076ms
08-06 06:12:44.075 10629 10640 I art     : Starting a blocking GC Explicit
08-06 06:12:44.089 10629 10640 I art     : Explicit concurrent mark sweep GC freed 3(96B) AllocSpace objects, 0(0B) LOS objects, 23% free, 51MB/67MB, paused 200us total 13.755ms
08-06 06:12:44.095 10629 10640 I art     : Starting a blocking GC Explicit
08-06 06:12:44.109 10629 10640 I art     : Explicit concurrent mark sweep GC freed 3(96B) AllocSpace objects, 0(0B) LOS objects, 23% free, 51MB/67MB, paused 222us total 13.789ms
08-06 06:12:44.438 10629 10716 I art     : Starting a blocking GC Explicit
08-06 06:12:44.460 10629 10716 I art     : Explicit concurrent mark sweep GC freed 1340(78KB) AllocSpace objects, 1(20KB) LOS objects, 23% free, 51MB/67MB, paused 346us total 21.893ms
08-06 06:12:44.471 10629 10716 I art     : Starting a blocking GC Explicit
08-06 06:12:44.486 10629 10716 I art     : Explicit concurrent mark sweep GC freed 20(704B) AllocSpace objects, 0(0B) LOS objects, 23% free, 51MB/67MB, paused 224us total 14.483ms
08-06 06:12:44.493 10629 10716 I art     : Starting a blocking GC Explicit
08-06 06:12:44.507 10629 10716 I art     : Explicit concurrent mark sweep GC freed 3(96B) AllocSpace objects, 0(0B) LOS objects, 23% free, 51MB/67MB, paused 275us total 14.157ms
08-06 06:12:44.513 10629 10716 I art     : Starting a blocking GC Explicit
08-06 06:12:44.528 10629 10716 I art     : Explicit concurrent mark sweep GC freed 3(96B) AllocSpace objects, 0(0B) LOS objects, 23% free, 51MB/67MB, paused 217us total 14.018ms
08-06 06:12:44.534 10629 10716 I art     : Starting a blocking GC Explicit
08-06 06:12:44.548 10629 10716 I art     : Explicit concurrent mark sweep GC freed 3(96B) AllocSpace objects, 0(0B) LOS objects, 23% free, 51MB/67MB, paused 242us total 13.955ms
08-06 06:12:44.864 10629 10642 I art     : Starting a blocking GC Explicit
08-06 06:12:44.887 10629 10642 I art     : Explicit concurrent mark sweep GC freed 1340(78KB) AllocSpace objects, 1(20KB) LOS objects, 23% free, 51MB/67MB, paused 268us total 22.392ms
08-06 06:12:44.898 10629 10642 I art     : Starting a blocking GC Explicit
08-06 06:12:44.913 10629 10642 I art     : Explicit concurrent mark sweep GC freed 20(704B) AllocSpace objects, 0(0B) LOS objects, 23% free, 51MB/67MB, paused 226us total 14.270ms
08-06 06:12:44.919 10629 10642 I art     : Starting a blocking GC Explicit
08-06 06:12:44.934 10629 10642 I art     : Explicit concurrent mark sweep GC freed 3(96B) AllocSpace objects, 0(0B) LOS objects, 23% free, 51MB/67MB, paused 217us total 14.141ms
08-06 06:12:44.940 10629 10642 I art     : Starting a blocking GC Explicit
08-06 06:12:44.954 10629 10642 I art     : Explicit concurrent mark sweep GC freed 3(96B) AllocSpace objects, 0(0B) LOS objects, 23% free, 51MB/67MB, paused 212us total 13.971ms
08-06 06:12:44.961 10629 10642 I art     : Starting a blocking GC Explicit
08-06 06:12:44.975 10629 10642 I art     : Explicit concurrent mark sweep GC freed 3(96B) AllocSpace objects, 0(0B) LOS objects, 23% free, 51MB/67MB, paused 215us total 13.656ms
08-06 06:12:45.276 10629 10640 I art     : Starting a blocking GC Explicit
08-06 06:12:45.300 10629 10640 I art     : Explicit concurrent mark sweep GC freed 1340(78KB) AllocSpace objects, 1(20KB) LOS objects, 23% free, 51MB/67MB, paused 282us total 23.962ms
08-06 06:12:45.311 10629 10640 I art     : Starting a blocking GC Explicit
08-06 06:12:45.326 10629 10640 I art     : Explicit concurrent mark sweep GC freed 20(704B) AllocSpace objects, 0(0B) LOS objects, 23% free, 51MB/67MB, paused 212us total 14.201ms
08-06 06:12:45.332 10629 10640 I art     : Starting a blocking GC Explicit
08-06 06:12:45.346 10629 10640 I art     : Explicit concurrent mark sweep GC freed 3(96B) AllocSpace objects, 0(0B) LOS objects, 23% free, 51MB/67MB, paused 227us total 13.664ms
08-06 06:12:45.353 10629 10640 I art     : Starting a blocking GC Explicit
08-06 06:12:45.367 10629 10640 I art     : Explicit concurrent mark sweep GC freed 3(96B) AllocSpace objects, 0(0B) LOS objects, 23% free, 51MB/67MB, paused 236us total 13.979ms
08-06 06:12:45.373 10629 10640 I art     : Starting a blocking GC Explicit
08-06 06:12:45.387 10629 10640 I art     : Explicit concurrent mark sweep GC freed 3(96B) AllocSpace objects, 0(0B) LOS objects, 23% free, 51MB/67MB, paused 207us total 13.911ms
08-06 06:12:45.713 10629 10716 I art     : Starting a blocking GC Explicit
08-06 06:12:45.734 10629 10716 I art     : Explicit concurrent mark sweep GC freed 1340(78KB) AllocSpace objects, 1(20KB) LOS objects, 23% free, 51MB/67MB, paused 266us total 20.440ms
08-06 06:12:45.744 10629 10716 I art     : Starting a blocking GC Explicit
08-06 06:12:45.762 10629 10716 I art     : Explicit concurrent mark sweep GC freed 20(704B) AllocSpace objects, 0(0B) LOS objects, 23% free, 51MB/67MB, paused 257us total 17.923ms
08-06 06:12:45.772 10629 10716 I art     : Starting a blocking GC Explicit
08-06 06:12:45.787 10629 10716 I art     : Explicit concurrent mark sweep GC freed 3(96B) AllocSpace objects, 0(0B) LOS objects, 23% free, 51MB/67MB, paused 285us total 14.308ms
08-06 06:12:45.793 10629 10716 I art     : Starting a blocking GC Explicit
08-06 06:12:45.808 10629 10716 I art     : Explicit concurrent mark sweep GC freed 3(96B) AllocSpace objects, 0(0B) LOS objects, 23% free, 51MB/67MB, paused 215us total 14.210ms
08-06 06:12:45.815 10629 10716 I art     : Starting a blocking GC Explicit
08-06 06:12:45.829 10629 10716 I art     : Explicit concurrent mark sweep GC freed 3(96B) AllocSpace objects, 0(0B) LOS objects, 23% free, 51MB/67MB, paused 211us total 13.699ms
08-06 06:12:46.068 29577 29709 E GoogleConversionReporter: Error sending ping
08-06 06:12:46.068 29577 29709 E GoogleConversionReporter: bljc: Exception in CronetUrlRequest: net::ERR_CONNECTION_CLOSED, ErrorCode=5, InternalErrorCode=-100, Retryable=true
08-06 06:12:46.068 29577 29709 E GoogleConversionReporter: 	at org.chromium.net.impl.CronetUrlRequest.onError(PG:55)
08-06 06:12:46.071 10629 10642 I art     : Starting a blocking GC Explicit
08-06 06:12:46.085 10629 10642 I art     : Explicit concurrent mark sweep GC freed 1340(78KB) AllocSpace objects, 1(20KB) LOS objects, 23% free, 51MB/67MB, paused 231us total 13.925ms
08-06 06:12:46.092 10629 10642 I art     : Starting a blocking GC Explicit
08-06 06:12:46.105 10629 10642 I art     : Explicit concurrent mark sweep GC freed 20(704B) AllocSpace objects, 0(0B) LOS objects, 23% free, 51MB/67MB, paused 205us total 13.304ms
08-06 06:12:46.111 10629 10642 I art     : Starting a blocking GC Explicit
08-06 06:12:46.122 10629 10642 I art     : Explicit concurrent mark sweep GC freed 3(96B) AllocSpace objects, 0(0B) LOS objects, 23% free, 51MB/67MB, paused 209us total 11.581ms
08-06 06:12:46.128 10629 10642 I art     : Starting a blocking GC Explicit
08-06 06:12:46.140 10629 10642 I art     : Explicit concurrent mark sweep GC freed 3(96B) AllocSpace objects, 0(0B) LOS objects, 23% free, 51MB/67MB, paused 203us total 11.658ms
08-06 06:12:46.145 10629 10642 I art     : Starting a blocking GC Explicit
08-06 06:12:46.158 10629 10642 I art     : Explicit concurrent mark sweep GC freed 3(96B) AllocSpace objects, 0(0B) LOS objects, 23% free, 51MB/67MB, paused 213us total 12.277ms
08-06 06:12:46.203 11077 11077 D AndroidRuntime: >>>>>> START com.android.internal.os.RuntimeInit uid 2000 <<<<<<
08-06 06:12:46.207 11077 11077 D AndroidRuntime: CheckJNI is OFF
08-06 06:12:46.233 11077 11077 D ICU     : No timezone override file found: /data/misc/zoneinfo/current/icu/icu_tzdata.dat
08-06 06:12:46.258 11077 11077 I Radio-JNI: register_android_hardware_Radio DONE
08-06 06:12:46.275 11077 11077 D AndroidRuntime: Calling main entry com.android.commands.input.Input
08-06 06:12:46.277 11077 11077 I Input   : injectMotionEvent: MotionEvent { action=ACTION_DOWN, actionButton=0, id[0]=0, x[0]=733.0, y[0]=645.0, toolType[0]=TOOL_TYPE_UNKNOWN, buttonState=0, metaState=0, flags=0x0, edgeFlags=0x0, pointerCount=1, historySize=0, eventTime=857582690, downTime=857582690, deviceId=0, source=0x1002 }
08-06 06:12:46.283 11077 11077 I Input   : injectMotionEvent: MotionEvent { action=ACTION_UP, actionButton=0, id[0]=0, x[0]=733.0, y[0]=645.0, toolType[0]=TOOL_TYPE_UNKNOWN, buttonState=0, metaState=0, flags=0x0, edgeFlags=0x0, pointerCount=1, historySize=0, eventTime=857582690, downTime=857582690, deviceId=0, source=0x1002 }
08-06 06:12:46.284   918   928 I ActivityManager: START u0 {cmp=baseline.appteam.nith.hillffair/.activities.ClubActivity (has extras)} from uid 10697 on display 0
08-06 06:12:46.291 11077 11077 D AndroidRuntime: Shutting down VM
08-06 06:12:46.303   918   937 W ProcessCpuTracker: Skipping unknown process pid 11096
08-06 06:12:46.373   918   936 I ActivityManager: Displayed baseline.appteam.nith.hillffair/.activities.ClubActivity: +82ms
08-06 06:12:46.376 13866 13866 I GoogleInputMethodServic: GoogleInputMethodService.onFinishInput():3138 
08-06 06:12:46.377 13866 13866 I GoogleInputMethodServic: GoogleInputMethodService.onStartInput():1808 
08-06 06:12:46.380 10629 10716 I art     : Starting a blocking GC Explicit
08-06 06:12:46.396 10629 10716 I art     : Explicit concurrent mark sweep GC freed 5263(328KB) AllocSpace objects, 1(20KB) LOS objects, 23% free, 52MB/68MB, paused 265us total 15.881ms
08-06 06:12:46.403 10629 10716 I art     : Starting a blocking GC Explicit
08-06 06:12:46.417 10629 10716 I art     : Explicit concurrent mark sweep GC freed 222(10KB) AllocSpace objects, 0(0B) LOS objects, 23% free, 52MB/68MB, paused 245us total 13.905ms
08-06 06:12:46.423 10629 10716 I art     : Starting a blocking GC Explicit
08-06 06:12:46.436 10629 10716 I art     : Explicit concurrent mark sweep GC freed 3(96B) AllocSpace objects, 0(0B) LOS objects, 23% free, 52MB/68MB, paused 278us total 13.018ms
08-06 06:12:46.442 10629 10716 I art     : Starting a blocking GC Explicit
08-06 06:12:46.457 10629 10716 I art     : Explicit concurrent mark sweep GC freed 3(96B) AllocSpace objects, 0(0B) LOS objects, 23% free, 52MB/68MB, paused 347us total 14.202ms
08-06 06:12:46.463 10629 10716 I art     : Starting a blocking GC Explicit
08-06 06:12:46.477 10629 10716 I art     : Explicit concurrent mark sweep GC freed 3(96B) AllocSpace objects, 0(0B) LOS objects, 23% free, 52MB/68MB, paused 359us total 13.960ms
08-06 06:12:46.637   380   380 W SurfaceFlinger: couldn't log to binary event log: overflow.
08-06 06:12:46.720 10629 10642 I art     : Starting a blocking GC Explicit
08-06 06:12:46.737 10629 10642 I art     : Explicit concurrent mark sweep GC freed 1343(78KB) AllocSpace objects, 1(20KB) LOS objects, 23% free, 52MB/68MB, paused 368us total 16.175ms
08-06 06:12:46.744 10629 10642 I art     : Starting a blocking GC Explicit
08-06 06:12:46.759 10629 10642 I art     : Explicit concurrent mark sweep GC freed 111(6KB) AllocSpace objects, 0(0B) LOS objects, 23% free, 52MB/68MB, paused 307us total 15.449ms
08-06 06:12:46.769 10629 10642 I art     : Starting a blocking GC Explicit
08-06 06:12:46.787 10629 10642 I art     : Explicit concurrent mark sweep GC freed 35(2544B) AllocSpace objects, 0(0B) LOS objects, 23% free, 52MB/68MB, paused 326us total 17.068ms
08-06 06:12:46.793 10629 10642 I art     : Starting a blocking GC Explicit
08-06 06:12:46.808 10629 10642 I art     : Explicit concurrent mark sweep GC freed 10(352B) AllocSpace objects, 0(0B) LOS objects, 23% free, 52MB/68MB, paused 246us total 14.507ms
08-06 06:12:46.815 10629 10642 I art     : Starting a blocking GC Explicit
08-06 06:12:46.829 10629 10642 I art     : Explicit concurrent mark sweep GC freed 8(288B) AllocSpace objects, 0(0B) LOS objects, 23% free, 52MB/68MB, paused 244us total 13.419ms
08-06 06:12:47.103 10629 10640 I art     : Starting a blocking GC Explicit
08-06 06:12:47.130 10629 11106 D OkHttp  : --> GET https://api-hillfair-2k16.herokuapp.com/api/app/events/special/event?id=5806551bdcba0f490c70fd1f http/1.1
08-06 06:12:47.130 10629 10640 I art     : Explicit concurrent mark sweep GC freed 3892(209KB) AllocSpace objects, 3(140KB) LOS objects, 23% free, 52MB/68MB, paused 314us total 27.395ms
08-06 06:12:47.138 10629 10640 I art     : Starting a blocking GC Explicit
08-06 06:12:47.154 10629 10640 I art     : Explicit concurrent mark sweep GC freed 1078(122KB) AllocSpace objects, 1(80KB) LOS objects, 23% free, 52MB/68MB, paused 361us total 16.358ms
08-06 06:12:47.161 10629 10640 I art     : Starting a blocking GC Explicit
08-06 06:12:47.163 10629 11106 D OkHttp  : <-- 200 OK https://api-hillfair-2k16.herokuapp.com/api/app/events/special/event?id=5806551bdcba0f490c70fd1f (32ms, 795-byte body)
08-06 06:12:47.175 10629 10640 I art     : Explicit concurrent mark sweep GC freed 186(35KB) AllocSpace objects, 0(0B) LOS objects, 23% free, 52MB/68MB, paused 258us total 13.540ms
08-06 06:12:47.181 10629 10640 I art     : Starting a blocking GC Explicit
08-06 06:12:47.194 10629 10640 I art     : Explicit concurrent mark sweep GC freed 66(2800B) AllocSpace objects, 0(0B) LOS objects, 23% free, 52MB/68MB, paused 250us total 13.098ms
08-06 06:12:47.200 10629 10640 I art     : Starting a blocking GC Explicit
08-06 06:12:47.214 10629 10640 I art     : Explicit concurrent mark sweep GC freed 79(16KB) AllocSpace objects, 0(0B) LOS objects, 23% free, 52MB/68MB, paused 226us total 13.304ms
08-06 06:12:47.220 10629 10629 I NAPPA_EXPERIMENTATION: MetricNetworkRequestExecutionTime: REQUEST_DURATION_SYSTEM='896',REQUEST_DURATION_OKHTTP='33',REQUEST_SYNCHRONOUS='FALSE',RESPONSE_CODE='200',RESPONSE_METHOD='GET',RESPONSE_LENGTH_OKHTTP='795',RESPONSE_LENGTH_HEADER='795',REQUEST_PROTOCOL='http/1.1',REQUEST_URL='https://api-hillfair-2k16.herokuapp.com/api/app/events/special/event?id=5806551bdcba0f490c70fd1f',
08-06 06:12:47.508 10629 10716 I art     : Starting a blocking GC Explicit
08-06 06:12:47.527 10629 10716 I art     : Explicit concurrent mark sweep GC freed 1907(150KB) AllocSpace objects, 1(20KB) LOS objects, 23% free, 52MB/68MB, paused 287us total 18.120ms
08-06 06:12:47.533 10629 10716 I art     : Starting a blocking GC Explicit
08-06 06:12:47.549 10629 10716 I art     : Explicit concurrent mark sweep GC freed 68(2272B) AllocSpace objects, 0(0B) LOS objects, 23% free, 52MB/68MB, paused 235us total 15.528ms
08-06 06:12:47.556 10629 10716 I art     : Starting a blocking GC Explicit
08-06 06:12:47.571 10629 10716 I art     : Explicit concurrent mark sweep GC freed 3(96B) AllocSpace objects, 0(0B) LOS objects, 23% free, 52MB/68MB, paused 225us total 15.026ms
08-06 06:12:47.578 10629 10716 I art     : Starting a blocking GC Explicit
08-06 06:12:47.591 10629 10716 I art     : Explicit concurrent mark sweep GC freed 3(96B) AllocSpace objects, 0(0B) LOS objects, 23% free, 52MB/68MB, paused 211us total 12.792ms
08-06 06:12:47.597 10629 10716 I art     : Starting a blocking GC Explicit
08-06 06:12:47.610 10629 10716 I art     : Explicit concurrent mark sweep GC freed 3(96B) AllocSpace objects, 0(0B) LOS objects, 23% free, 52MB/68MB, paused 217us total 12.773ms
08-06 06:12:47.873 10629 10640 I art     : Starting a blocking GC Explicit
08-06 06:12:47.892 10629 10640 I art     : Explicit concurrent mark sweep GC freed 1359(78KB) AllocSpace objects, 1(20KB) LOS objects, 23% free, 52MB/68MB, paused 382us total 18.704ms
08-06 06:12:47.905 10629 10640 I art     : Starting a blocking GC Explicit
08-06 06:12:47.920 10629 10640 I art     : Explicit concurrent mark sweep GC freed 20(704B) AllocSpace objects, 0(0B) LOS objects, 23% free, 52MB/68MB, paused 228us total 14.819ms
08-06 06:12:47.926 10629 10640 I art     : Starting a blocking GC Explicit
08-06 06:12:47.941 10629 10640 I art     : Explicit concurrent mark sweep GC freed 3(96B) AllocSpace objects, 0(0B) LOS objects, 23% free, 52MB/68MB, paused 266us total 14.502ms
08-06 06:12:47.947 10629 10640 I art     : Starting a blocking GC Explicit
08-06 06:12:47.962 10629 10640 I art     : Explicit concurrent mark sweep GC freed 3(96B) AllocSpace objects, 0(0B) LOS objects, 23% free, 52MB/68MB, paused 273us total 14.491ms
08-06 06:12:47.969 10629 10640 I art     : Starting a blocking GC Explicit
08-06 06:12:47.983 10629 10640 I art     : Explicit concurrent mark sweep GC freed 3(96B) AllocSpace objects, 0(0B) LOS objects, 23% free, 52MB/68MB, paused 219us total 14.694ms
08-06 06:12:48.274 10629 10716 I art     : Starting a blocking GC Explicit
08-06 06:12:48.295 10629 10716 I art     : Explicit concurrent mark sweep GC freed 1341(78KB) AllocSpace objects, 1(20KB) LOS objects, 23% free, 52MB/68MB, paused 275us total 21.301ms
08-06 06:12:48.304 10629 10716 I art     : Starting a blocking GC Explicit
08-06 06:12:48.320 10629 10716 I art     : Explicit concurrent mark sweep GC freed 20(704B) AllocSpace objects, 0(0B) LOS objects, 23% free, 52MB/68MB, paused 235us total 15.103ms
08-06 06:12:48.327 10629 10716 I art     : Starting a blocking GC Explicit
08-06 06:12:48.341 10629 10716 I art     : Explicit concurrent mark sweep GC freed 3(96B) AllocSpace objects, 0(0B) LOS objects, 23% free, 52MB/68MB, paused 219us total 14.690ms
08-06 06:12:48.348 10629 10716 I art     : Starting a blocking GC Explicit
08-06 06:12:48.363 10629 10716 I art     : Explicit concurrent mark sweep GC freed 3(96B) AllocSpace objects, 0(0B) LOS objects, 23% free, 52MB/68MB, paused 235us total 15.068ms
08-06 06:12:48.370 10629 10716 I art     : Starting a blocking GC Explicit
08-06 06:12:48.385 10629 10716 I art     : Explicit concurrent mark sweep GC freed 3(96B) AllocSpace objects, 0(0B) LOS objects, 23% free, 52MB/68MB, paused 235us total 14.614ms
08-06 06:12:48.684 10629 10642 I art     : Starting a blocking GC Explicit
08-06 06:12:48.705 10629 10642 I art     : Explicit concurrent mark sweep GC freed 1341(78KB) AllocSpace objects, 1(20KB) LOS objects, 23% free, 52MB/68MB, paused 267us total 20.954ms
08-06 06:12:48.716 10629 10642 I art     : Starting a blocking GC Explicit
08-06 06:12:48.735 10629 10642 I art     : Explicit concurrent mark sweep GC freed 20(704B) AllocSpace objects, 0(0B) LOS objects, 23% free, 52MB/68MB, paused 255us total 18.987ms
08-06 06:12:48.744 10629 10642 I art     : Starting a blocking GC Explicit
08-06 06:12:48.760 10629 10642 I art     : Explicit concurrent mark sweep GC freed 3(96B) AllocSpace objects, 0(0B) LOS objects, 23% free, 52MB/68MB, paused 232us total 15.483ms
08-06 06:12:48.766 10629 10642 I art     : Starting a blocking GC Explicit
08-06 06:12:48.782 10629 10642 I art     : Explicit concurrent mark sweep GC freed 3(96B) AllocSpace objects, 0(0B) LOS objects, 23% free, 52MB/68MB, paused 278us total 15.171ms
08-06 06:12:48.789 10629 10642 I art     : Starting a blocking GC Explicit
08-06 06:12:48.804 10629 10642 I art     : Explicit concurrent mark sweep GC freed 3(96B) AllocSpace objects, 0(0B) LOS objects, 23% free, 52MB/68MB, paused 239us total 15.212ms
08-06 06:12:49.112 10629 11112 I art     : Starting a blocking GC Explicit
08-06 06:12:49.130 10629 11112 I art     : Explicit concurrent mark sweep GC freed 1341(78KB) AllocSpace objects, 1(20KB) LOS objects, 23% free, 52MB/68MB, paused 256us total 17.460ms
08-06 06:12:49.137 10629 11112 I art     : Starting a blocking GC Explicit
08-06 06:12:49.153 10629 11112 I art     : Explicit concurrent mark sweep GC freed 20(704B) AllocSpace objects, 0(0B) LOS objects, 23% free, 52MB/68MB, paused 240us total 15.269ms
08-06 06:12:49.160 10629 11112 I art     : Starting a blocking GC Explicit
08-06 06:12:49.175 10629 11112 I art     : Explicit concurrent mark sweep GC freed 3(96B) AllocSpace objects, 0(0B) LOS objects, 23% free, 52MB/68MB, paused 230us total 15.261ms
08-06 06:12:49.182 10629 11112 I art     : Starting a blocking GC Explicit
08-06 06:12:49.198 10629 11112 I art     : Explicit concurrent mark sweep GC freed 3(96B) AllocSpace objects, 0(0B) LOS objects, 23% free, 52MB/68MB, paused 238us total 15.552ms
08-06 06:12:49.204 10629 11112 I art     : Starting a blocking GC Explicit
08-06 06:12:49.220 10629 11112 I art     : Explicit concurrent mark sweep GC freed 3(96B) AllocSpace objects, 0(0B) LOS objects, 23% free, 52MB/68MB, paused 231us total 15.228ms
08-06 06:12:49.529 10629 10640 I art     : Starting a blocking GC Explicit
08-06 06:12:49.554 10629 10640 I art     : Explicit concurrent mark sweep GC freed 1341(78KB) AllocSpace objects, 1(20KB) LOS objects, 23% free, 52MB/68MB, paused 262us total 24.918ms
08-06 06:12:49.567 10629 10640 I art     : Starting a blocking GC Explicit
08-06 06:12:49.583 10629 10640 I art     : Explicit concurrent mark sweep GC freed 20(704B) AllocSpace objects, 0(0B) LOS objects, 23% free, 52MB/68MB, paused 284us total 15.931ms
08-06 06:12:49.589 10629 10640 I art     : Starting a blocking GC Explicit
08-06 06:12:49.604 10629 10640 I art     : Explicit concurrent mark sweep GC freed 3(96B) AllocSpace objects, 0(0B) LOS objects, 23% free, 52MB/68MB, paused 227us total 14.598ms
08-06 06:12:49.611 10629 10640 I art     : Starting a blocking GC Explicit
08-06 06:12:49.625 10629 10640 I art     : Explicit concurrent mark sweep GC freed 3(96B) AllocSpace objects, 0(0B) LOS objects, 23% free, 52MB/68MB, paused 223us total 14.635ms
08-06 06:12:49.632 10629 10640 I art     : Starting a blocking GC Explicit
08-06 06:12:49.647 10629 10640 I art     : Explicit concurrent mark sweep GC freed 3(96B) AllocSpace objects, 0(0B) LOS objects, 23% free, 52MB/68MB, paused 280us total 14.599ms
08-06 06:12:49.973 10629 10716 I art     : Starting a blocking GC Explicit
08-06 06:12:49.995 10629 10716 I art     : Explicit concurrent mark sweep GC freed 1341(78KB) AllocSpace objects, 1(20KB) LOS objects, 23% free, 52MB/68MB, paused 288us total 21.967ms
08-06 06:12:50.006 10629 10716 I art     : Starting a blocking GC Explicit
08-06 06:12:50.024 10629 10716 I art     : Explicit concurrent mark sweep GC freed 20(704B) AllocSpace objects, 0(0B) LOS objects, 23% free, 52MB/68MB, paused 248us total 17.810ms
08-06 06:12:50.030 10629 10716 I art     : Starting a blocking GC Explicit
08-06 06:12:50.045 10629 10716 I art     : Explicit concurrent mark sweep GC freed 3(96B) AllocSpace objects, 0(0B) LOS objects, 23% free, 52MB/68MB, paused 235us total 14.771ms
08-06 06:12:50.052 10629 10716 I art     : Starting a blocking GC Explicit
08-06 06:12:50.067 10629 10716 I art     : Explicit concurrent mark sweep GC freed 3(96B) AllocSpace objects, 0(0B) LOS objects, 23% free, 52MB/68MB, paused 236us total 15.159ms
08-06 06:12:50.074 10629 10716 I art     : Starting a blocking GC Explicit
08-06 06:12:50.089 10629 10716 I art     : Explicit concurrent mark sweep GC freed 3(96B) AllocSpace objects, 0(0B) LOS objects, 23% free, 52MB/68MB, paused 281us total 14.761ms
08-06 06:12:50.398 10629 10642 I art     : Starting a blocking GC Explicit
08-06 06:12:50.419 10629 10642 I art     : Explicit concurrent mark sweep GC freed 1341(78KB) AllocSpace objects, 1(20KB) LOS objects, 23% free, 52MB/68MB, paused 284us total 21.522ms
08-06 06:12:50.430 10629 10642 I art     : Starting a blocking GC Explicit
08-06 06:12:50.449 10629 10642 I art     : Explicit concurrent mark sweep GC freed 20(704B) AllocSpace objects, 0(0B) LOS objects, 23% free, 52MB/68MB, paused 265us total 18.619ms
08-06 06:12:50.457 10629 10642 I art     : Starting a blocking GC Explicit
08-06 06:12:50.473 10629 10642 I art     : Explicit concurrent mark sweep GC freed 3(96B) AllocSpace objects, 0(0B) LOS objects, 23% free, 52MB/68MB, paused 243us total 15.538ms
08-06 06:12:50.480 10629 10642 I art     : Starting a blocking GC Explicit
08-06 06:12:50.496 10629 10642 I art     : Explicit concurrent mark sweep GC freed 3(96B) AllocSpace objects, 0(0B) LOS objects, 23% free, 52MB/68MB, paused 237us total 15.418ms
08-06 06:12:50.502 10629 10642 I art     : Starting a blocking GC Explicit
08-06 06:12:50.517 10629 10642 I art     : Explicit concurrent mark sweep GC freed 3(96B) AllocSpace objects, 0(0B) LOS objects, 23% free, 52MB/68MB, paused 259us total 14.621ms
08-06 06:12:50.831 10629 11112 I art     : Starting a blocking GC Explicit
08-06 06:12:50.850 10629 11112 I art     : Explicit concurrent mark sweep GC freed 1341(78KB) AllocSpace objects, 1(20KB) LOS objects, 23% free, 52MB/68MB, paused 261us total 18.708ms
08-06 06:12:50.860 10629 11112 I art     : Starting a blocking GC Explicit
08-06 06:12:50.877 10629 11112 I art     : Explicit concurrent mark sweep GC freed 20(704B) AllocSpace objects, 0(0B) LOS objects, 23% free, 52MB/68MB, paused 246us total 16.575ms
08-06 06:12:50.884 10629 11112 I art     : Starting a blocking GC Explicit
08-06 06:12:50.899 10629 11112 I art     : Explicit concurrent mark sweep GC freed 3(96B) AllocSpace objects, 0(0B) LOS objects, 23% free, 52MB/68MB, paused 238us total 14.920ms
08-06 06:12:50.906 10629 11112 I art     : Starting a blocking GC Explicit
08-06 06:12:50.921 10629 11112 I art     : Explicit concurrent mark sweep GC freed 3(96B) AllocSpace objects, 0(0B) LOS objects, 23% free, 52MB/68MB, paused 221us total 15.315ms
08-06 06:12:50.927 10629 11112 I art     : Starting a blocking GC Explicit
08-06 06:12:50.942 10629 11112 I art     : Explicit concurrent mark sweep GC freed 3(96B) AllocSpace objects, 0(0B) LOS objects, 23% free, 52MB/68MB, paused 224us total 14.618ms
08-06 06:12:51.242 10629 10640 I art     : Starting a blocking GC Explicit
08-06 06:12:51.263 10629 10640 I art     : Explicit concurrent mark sweep GC freed 1341(78KB) AllocSpace objects, 1(20KB) LOS objects, 23% free, 52MB/68MB, paused 278us total 21.209ms
08-06 06:12:51.274 10629 10640 I art     : Starting a blocking GC Explicit
08-06 06:12:51.289 10629 10640 I art     : Explicit concurrent mark sweep GC freed 20(704B) AllocSpace objects, 0(0B) LOS objects, 23% free, 52MB/68MB, paused 230us total 15.319ms
08-06 06:12:51.297 10629 10640 I art     : Starting a blocking GC Explicit
08-06 06:12:51.311 10629 10640 I art     : Explicit concurrent mark sweep GC freed 3(96B) AllocSpace objects, 0(0B) LOS objects, 23% free, 52MB/68MB, paused 231us total 14.607ms
08-06 06:12:51.318 10629 10640 I art     : Starting a blocking GC Explicit
08-06 06:12:51.332 10629 10640 I art     : Explicit concurrent mark sweep GC freed 3(96B) AllocSpace objects, 0(0B) LOS objects, 23% free, 52MB/68MB, paused 224us total 14.497ms
08-06 06:12:51.339 10629 10640 I art     : Starting a blocking GC Explicit
08-06 06:12:51.353 10629 10640 I art     : Explicit concurrent mark sweep GC freed 3(96B) AllocSpace objects, 0(0B) LOS objects, 23% free, 52MB/68MB, paused 213us total 14.364ms
08-06 06:12:51.377 13866 13882 I PeriodicStatsRunner: PeriodicStatsRunner.call():175 call()
08-06 06:12:51.377 13866 13882 I PeriodicStatsRunner: PeriodicStatsRunner.call():179 No submit PeriodicStats since input started.
08-06 06:12:51.690 10629 10716 I art     : Starting a blocking GC Explicit
08-06 06:12:51.717 10629 10716 I art     : Explicit concurrent mark sweep GC freed 1532(90KB) AllocSpace objects, 1(20KB) LOS objects, 23% free, 52MB/68MB, paused 317us total 27.132ms
08-06 06:12:51.724 10629 10716 I art     : Starting a blocking GC Explicit
08-06 06:12:51.739 10629 10716 I art     : Explicit concurrent mark sweep GC freed 27(944B) AllocSpace objects, 0(0B) LOS objects, 23% free, 52MB/68MB, paused 279us total 15.055ms
08-06 06:12:51.745 10629 10716 I art     : Starting a blocking GC Explicit
08-06 06:12:51.760 10629 10716 I art     : Explicit concurrent mark sweep GC freed 3(96B) AllocSpace objects, 0(0B) LOS objects, 23% free, 52MB/68MB, paused 264us total 14.674ms
08-06 06:12:51.767 10629 10716 I art     : Starting a blocking GC Explicit
08-06 06:12:51.782 10629 10716 I art     : Explicit concurrent mark sweep GC freed 3(96B) AllocSpace objects, 0(0B) LOS objects, 23% free, 52MB/68MB, paused 277us total 14.949ms
08-06 06:12:51.788 10629 10716 I art     : Starting a blocking GC Explicit
08-06 06:12:51.803 10629 10716 I art     : Explicit concurrent mark sweep GC freed 20(976B) AllocSpace objects, 0(0B) LOS objects, 23% free, 52MB/68MB, paused 273us total 14.676ms
08-06 06:12:51.954 10629 11246 W OneSignal: OneSignalRestClient: POST Error thrown from network stack. 
08-06 06:12:51.954 10629 11246 W OneSignal: java.io.IOException: unexpected end of stream on Connection{api.onesignal.com:443, proxy=HTTP@192.168.2.12:8080 hostAddress=192.168.2.12 cipherSuite=TLS_ECDHE_RSA_WITH_AES_128_GCM_SHA256 protocol=http/1.1} (recycle count=0)
08-06 06:12:51.954 10629 11246 W OneSignal: 	at com.android.okhttp.internal.http.HttpConnection.readResponse(HttpConnection.java:210)
08-06 06:12:51.954 10629 11246 W OneSignal: 	at com.android.okhttp.internal.http.HttpTransport.readResponseHeaders(HttpTransport.java:80)
08-06 06:12:51.954 10629 11246 W OneSignal: 	at com.android.okhttp.internal.http.HttpEngine.readNetworkResponse(HttpEngine.java:904)
08-06 06:12:51.954 10629 11246 W OneSignal: 	at com.android.okhttp.internal.http.HttpEngine.readResponse(HttpEngine.java:788)
08-06 06:12:51.954 10629 11246 W OneSignal: 	at com.android.okhttp.internal.huc.HttpURLConnectionImpl.execute(HttpURLConnectionImpl.java:439)
08-06 06:12:51.954 10629 11246 W OneSignal: 	at com.android.okhttp.internal.huc.HttpURLConnectionImpl.getResponse(HttpURLConnectionImpl.java:384)
08-06 06:12:51.954 10629 11246 W OneSignal: 	at com.android.okhttp.internal.huc.HttpURLConnectionImpl.getResponseCode(HttpURLConnectionImpl.java:497)
08-06 06:12:51.954 10629 11246 W OneSignal: 	at com.android.okhttp.internal.huc.DelegatingHttpsURLConnection.getResponseCode(DelegatingHttpsURLConnection.java:105)
08-06 06:12:51.954 10629 11246 W OneSignal: 	at com.android.okhttp.internal.huc.HttpsURLConnectionImpl.getResponseCode(HttpsURLConnectionImpl.java)
08-06 06:12:51.954 10629 11246 W OneSignal: 	at com.onesignal.OneSignalRestClient.startHTTPConnection(OneSignalRestClient.java:180)
08-06 06:12:51.954 10629 11246 W OneSignal: 	at com.onesignal.OneSignalRestClient.access$100(OneSignalRestClient.java:44)
08-06 06:12:51.954 10629 11246 W OneSignal: 	at com.onesignal.OneSignalRestClient$4.run(OneSignalRestClient.java:110)
08-06 06:12:51.954 10629 11246 W OneSignal: 	at java.lang.Thread.run(Thread.java:818)
08-06 06:12:51.954 10629 11246 W OneSignal: Caused by: java.io.EOFException: \n not found: size=0 content=...
08-06 06:12:51.954 10629 11246 W OneSignal: 	at com.android.okhttp.okio.RealBufferedSource.readUtf8LineStrict(RealBufferedSource.java:200)
08-06 06:12:51.954 10629 11246 W OneSignal: 	at com.android.okhttp.internal.http.HttpConnection.readResponse(HttpConnection.java:191)
08-06 06:12:51.954 10629 11246 W OneSignal: 	... 12 more
08-06 06:12:51.957 10629 11249 W OneSignal: Failed last request. statusCode: -1
08-06 06:12:51.957 10629 11249 W OneSignal: response: null
08-06 06:12:52.097 10629 10642 I art     : Starting a blocking GC Explicit
08-06 06:12:52.122 10629 10642 I art     : Explicit concurrent mark sweep GC freed 3690(229KB) AllocSpace objects, 1(20KB) LOS objects, 23% free, 52MB/68MB, paused 259us total 24.267ms
08-06 06:12:52.129 10629 10642 I art     : Starting a blocking GC Explicit
08-06 06:12:52.145 10629 10642 I art     : Explicit concurrent mark sweep GC freed 67(2432B) AllocSpace objects, 0(0B) LOS objects, 23% free, 52MB/68MB, paused 241us total 15.295ms
08-06 06:12:52.152 10629 10642 I art     : Starting a blocking GC Explicit
08-06 06:12:52.166 10629 10642 I art     : Explicit concurrent mark sweep GC freed 3(96B) AllocSpace objects, 0(0B) LOS objects, 23% free, 52MB/68MB, paused 236us total 14.434ms
08-06 06:12:52.173 10629 10642 I art     : Starting a blocking GC Explicit
08-06 06:12:52.188 10629 10642 I art     : Explicit concurrent mark sweep GC freed 3(96B) AllocSpace objects, 0(0B) LOS objects, 23% free, 52MB/68MB, paused 236us total 14.725ms
08-06 06:12:52.194 10629 10642 I art     : Starting a blocking GC Explicit
08-06 06:12:52.209 10629 10642 I art     : Explicit concurrent mark sweep GC freed 3(96B) AllocSpace objects, 0(0B) LOS objects, 23% free, 52MB/68MB, paused 232us total 14.691ms
08-06 06:12:52.503 10629 11112 I art     : Starting a blocking GC Explicit
08-06 06:12:52.524 10629 11112 I art     : Explicit concurrent mark sweep GC freed 1341(78KB) AllocSpace objects, 1(20KB) LOS objects, 23% free, 52MB/68MB, paused 275us total 20.924ms
08-06 06:12:52.534 10629 11112 I art     : Starting a blocking GC Explicit
08-06 06:12:52.550 10629 11112 I art     : Explicit concurrent mark sweep GC freed 20(704B) AllocSpace objects, 0(0B) LOS objects, 23% free, 52MB/68MB, paused 256us total 15.647ms
08-06 06:12:52.557 10629 11112 I art     : Starting a blocking GC Explicit
08-06 06:12:52.572 10629 11112 I art     : Explicit concurrent mark sweep GC freed 3(96B) AllocSpace objects, 0(0B) LOS objects, 23% free, 52MB/68MB, paused 234us total 15.096ms
08-06 06:12:52.579 10629 11112 I art     : Starting a blocking GC Explicit
08-06 06:12:52.594 10629 11112 I art     : Explicit concurrent mark sweep GC freed 3(96B) AllocSpace objects, 0(0B) LOS objects, 23% free, 52MB/68MB, paused 233us total 14.992ms
08-06 06:12:52.601 10629 11112 I art     : Starting a blocking GC Explicit
08-06 06:12:52.616 10629 11112 I art     : Explicit concurrent mark sweep GC freed 3(96B) AllocSpace objects, 0(0B) LOS objects, 23% free, 52MB/68MB, paused 240us total 15.207ms
08-06 06:12:52.913 10629 10640 I art     : Starting a blocking GC Explicit
08-06 06:12:52.931 10629 10640 I art     : Explicit concurrent mark sweep GC freed 1341(78KB) AllocSpace objects, 1(20KB) LOS objects, 23% free, 52MB/68MB, paused 247us total 17.090ms
08-06 06:12:52.938 10629 10640 I art     : Starting a blocking GC Explicit
08-06 06:12:52.954 10629 10640 I art     : Explicit concurrent mark sweep GC freed 20(704B) AllocSpace objects, 0(0B) LOS objects, 23% free, 52MB/68MB, paused 236us total 15.319ms
08-06 06:12:52.960 10629 10640 I art     : Starting a blocking GC Explicit
08-06 06:12:52.976 10629 10640 I art     : Explicit concurrent mark sweep GC freed 3(96B) AllocSpace objects, 0(0B) LOS objects, 23% free, 52MB/68MB, paused 234us total 15.142ms
08-06 06:12:52.983 10629 10640 I art     : Starting a blocking GC Explicit
08-06 06:12:52.998 10629 10640 I art     : Explicit concurrent mark sweep GC freed 3(96B) AllocSpace objects, 0(0B) LOS objects, 23% free, 52MB/68MB, paused 236us total 15.454ms
08-06 06:12:53.005 10629 10640 I art     : Starting a blocking GC Explicit
08-06 06:12:53.021 10629 10640 I art     : Explicit concurrent mark sweep GC freed 3(96B) AllocSpace objects, 0(0B) LOS objects, 23% free, 52MB/68MB, paused 232us total 15.678ms
08-06 06:12:53.332 10629 10716 I art     : Starting a blocking GC Explicit
08-06 06:12:53.353 10629 10716 I art     : Explicit concurrent mark sweep GC freed 1341(78KB) AllocSpace objects, 1(20KB) LOS objects, 23% free, 52MB/68MB, paused 275us total 20.941ms
08-06 06:12:53.366 10629 10716 I art     : Starting a blocking GC Explicit
08-06 06:12:53.384 10629 10716 I art     : Explicit concurrent mark sweep GC freed 20(704B) AllocSpace objects, 0(0B) LOS objects, 23% free, 52MB/68MB, paused 245us total 17.720ms
08-06 06:12:53.390 10629 10716 I art     : Starting a blocking GC Explicit
08-06 06:12:53.405 10629 10716 I art     : Explicit concurrent mark sweep GC freed 3(96B) AllocSpace objects, 0(0B) LOS objects, 23% free, 52MB/68MB, paused 242us total 14.794ms
08-06 06:12:53.412 10629 10716 I art     : Starting a blocking GC Explicit
08-06 06:12:53.427 10629 10716 I art     : Explicit concurrent mark sweep GC freed 3(96B) AllocSpace objects, 0(0B) LOS objects, 23% free, 52MB/68MB, paused 262us total 14.969ms
08-06 06:12:53.434 10629 10716 I art     : Starting a blocking GC Explicit
08-06 06:12:53.449 10629 10716 I art     : Explicit concurrent mark sweep GC freed 3(96B) AllocSpace objects, 0(0B) LOS objects, 23% free, 52MB/68MB, paused 244us total 14.693ms
08-06 06:12:53.798 10629 10642 I art     : Starting a blocking GC Explicit
08-06 06:12:53.825 10629 10642 I art     : Explicit concurrent mark sweep GC freed 1341(78KB) AllocSpace objects, 1(20KB) LOS objects, 23% free, 52MB/68MB, paused 334us total 25.847ms
08-06 06:12:53.835 10629 10642 I art     : Starting a blocking GC Explicit
08-06 06:12:53.850 10629 10642 I art     : Explicit concurrent mark sweep GC freed 20(704B) AllocSpace objects, 0(0B) LOS objects, 23% free, 52MB/68MB, paused 240us total 15.524ms
08-06 06:12:53.857 10629 10642 I art     : Starting a blocking GC Explicit
08-06 06:12:53.873 10629 10642 I art     : Explicit concurrent mark sweep GC freed 3(96B) AllocSpace objects, 0(0B) LOS objects, 23% free, 52MB/68MB, paused 245us total 15.189ms
08-06 06:12:53.879 10629 10642 I art     : Starting a blocking GC Explicit
08-06 06:12:53.893 10629 10642 I art     : Explicit concurrent mark sweep GC freed 3(96B) AllocSpace objects, 0(0B) LOS objects, 23% free, 52MB/68MB, paused 231us total 14.292ms
08-06 06:12:53.900 10629 10642 I art     : Starting a blocking GC Explicit
08-06 06:12:53.915 10629 10642 I art     : Explicit concurrent mark sweep GC freed 3(96B) AllocSpace objects, 0(0B) LOS objects, 23% free, 52MB/68MB, paused 237us total 14.474ms
08-06 06:12:54.245 10629 11112 I art     : Starting a blocking GC Explicit
08-06 06:12:54.269 10629 11112 I art     : Explicit concurrent mark sweep GC freed 1341(78KB) AllocSpace objects, 1(20KB) LOS objects, 23% free, 52MB/68MB, paused 283us total 23.730ms
08-06 06:12:54.280 10629 11112 I art     : Starting a blocking GC Explicit
08-06 06:12:54.296 10629 11112 I art     : Explicit concurrent mark sweep GC freed 20(704B) AllocSpace objects, 0(0B) LOS objects, 23% free, 52MB/68MB, paused 235us total 15.402ms
08-06 06:12:54.302 10629 11112 I art     : Starting a blocking GC Explicit
08-06 06:12:54.317 10629 11112 I art     : Explicit concurrent mark sweep GC freed 3(96B) AllocSpace objects, 0(0B) LOS objects, 23% free, 52MB/68MB, paused 236us total 14.923ms
08-06 06:12:54.324 10629 11112 I art     : Starting a blocking GC Explicit
08-06 06:12:54.339 10629 11112 I art     : Explicit concurrent mark sweep GC freed 3(96B) AllocSpace objects, 0(0B) LOS objects, 23% free, 52MB/68MB, paused 230us total 14.918ms
08-06 06:12:54.345 10629 11112 I art     : Starting a blocking GC Explicit
08-06 06:12:54.360 10629 11112 I art     : Explicit concurrent mark sweep GC freed 3(96B) AllocSpace objects, 0(0B) LOS objects, 23% free, 52MB/68MB, paused 234us total 14.305ms
08-06 06:12:54.673 10629 10640 I art     : Starting a blocking GC Explicit
08-06 06:12:54.699 10629 10640 I art     : Explicit concurrent mark sweep GC freed 1341(78KB) AllocSpace objects, 1(20KB) LOS objects, 23% free, 52MB/68MB, paused 270us total 25.685ms
08-06 06:12:54.710 10629 10640 I art     : Starting a blocking GC Explicit
08-06 06:12:54.728 10629 10640 I art     : Explicit concurrent mark sweep GC freed 20(704B) AllocSpace objects, 0(0B) LOS objects, 23% free, 52MB/68MB, paused 238us total 17.708ms
08-06 06:12:54.734 10629 10640 I art     : Starting a blocking GC Explicit
08-06 06:12:54.750 10629 10640 I art     : Explicit concurrent mark sweep GC freed 3(96B) AllocSpace objects, 0(0B) LOS objects, 23% free, 52MB/68MB, paused 235us total 15.198ms
08-06 06:12:54.757 10629 10640 I art     : Starting a blocking GC Explicit
08-06 06:12:54.772 10629 10640 I art     : Explicit concurrent mark sweep GC freed 3(96B) AllocSpace objects, 0(0B) LOS objects, 23% free, 52MB/68MB, paused 238us total 15.080ms
08-06 06:12:54.778 10629 10640 I art     : Starting a blocking GC Explicit
08-06 06:12:54.793 10629 10640 I art     : Explicit concurrent mark sweep GC freed 3(96B) AllocSpace objects, 0(0B) LOS objects, 23% free, 52MB/68MB, paused 228us total 14.557ms
08-06 06:12:55.128 10629 10716 I art     : Starting a blocking GC Explicit
08-06 06:12:55.151 10629 10716 I art     : Explicit concurrent mark sweep GC freed 1341(78KB) AllocSpace objects, 1(20KB) LOS objects, 23% free, 52MB/68MB, paused 278us total 22.342ms
08-06 06:12:55.161 10629 10716 I art     : Starting a blocking GC Explicit
08-06 06:12:55.178 10629 10716 I art     : Explicit concurrent mark sweep GC freed 20(704B) AllocSpace objects, 0(0B) LOS objects, 23% free, 52MB/68MB, paused 244us total 17.038ms
08-06 06:12:55.185 10629 10716 I art     : Starting a blocking GC Explicit
08-06 06:12:55.200 10629 10716 I art     : Explicit concurrent mark sweep GC freed 3(96B) AllocSpace objects, 0(0B) LOS objects, 23% free, 52MB/68MB, paused 234us total 14.997ms
08-06 06:12:55.207 10629 10716 I art     : Starting a blocking GC Explicit
08-06 06:12:55.222 10629 10716 I art     : Explicit concurrent mark sweep GC freed 3(96B) AllocSpace objects, 0(0B) LOS objects, 23% free, 52MB/68MB, paused 266us total 14.932ms
08-06 06:12:55.229 10629 10716 I art     : Starting a blocking GC Explicit
08-06 06:12:55.244 10629 10716 I art     : Explicit concurrent mark sweep GC freed 3(96B) AllocSpace objects, 0(0B) LOS objects, 23% free, 52MB/68MB, paused 248us total 15.033ms
08-06 06:12:55.556 10629 10642 I art     : Starting a blocking GC Explicit
08-06 06:12:55.579 10629 10642 I art     : Explicit concurrent mark sweep GC freed 1341(78KB) AllocSpace objects, 1(20KB) LOS objects, 23% free, 52MB/68MB, paused 271us total 22.664ms
08-06 06:12:55.586 10629 10642 I art     : Starting a blocking GC Explicit
08-06 06:12:55.601 10629 10642 I art     : Explicit concurrent mark sweep GC freed 20(704B) AllocSpace objects, 0(0B) LOS objects, 23% free, 52MB/68MB, paused 244us total 15.430ms
08-06 06:12:55.608 10629 10642 I art     : Starting a blocking GC Explicit
08-06 06:12:55.623 10629 10642 I art     : Explicit concurrent mark sweep GC freed 3(96B) AllocSpace objects, 0(0B) LOS objects, 23% free, 52MB/68MB, paused 240us total 14.486ms
08-06 06:12:55.629 10629 10642 I art     : Starting a blocking GC Explicit
08-06 06:12:55.644 10629 10642 I art     : Explicit concurrent mark sweep GC freed 3(96B) AllocSpace objects, 0(0B) LOS objects, 23% free, 52MB/68MB, paused 233us total 14.472ms
08-06 06:12:55.650 10629 10642 I art     : Starting a blocking GC Explicit
08-06 06:12:55.665 10629 10642 I art     : Explicit concurrent mark sweep GC freed 3(96B) AllocSpace objects, 0(0B) LOS objects, 23% free, 52MB/68MB, paused 238us total 14.710ms
08-06 06:12:55.991 10629 11112 I art     : Starting a blocking GC Explicit
08-06 06:12:56.015 10629 11112 I art     : Explicit concurrent mark sweep GC freed 1341(78KB) AllocSpace objects, 1(20KB) LOS objects, 23% free, 52MB/68MB, paused 273us total 23.882ms
08-06 06:12:56.026 10629 11112 I art     : Starting a blocking GC Explicit
08-06 06:12:56.043 10629 11112 I art     : Explicit concurrent mark sweep GC freed 20(704B) AllocSpace objects, 0(0B) LOS objects, 23% free, 52MB/68MB, paused 241us total 16.594ms
08-06 06:12:56.050 10629 11112 I art     : Starting a blocking GC Explicit
08-06 06:12:56.066 10629 11112 I art     : Explicit concurrent mark sweep GC freed 3(96B) AllocSpace objects, 0(0B) LOS objects, 23% free, 52MB/68MB, paused 227us total 15.330ms
08-06 06:12:56.072 10629 11112 I art     : Starting a blocking GC Explicit
08-06 06:12:56.088 10629 11112 I art     : Explicit concurrent mark sweep GC freed 3(96B) AllocSpace objects, 0(0B) LOS objects, 23% free, 52MB/68MB, paused 233us total 15.105ms
08-06 06:12:56.094 10629 11112 I art     : Starting a blocking GC Explicit
08-06 06:12:56.109 10629 11112 I art     : Explicit concurrent mark sweep GC freed 3(96B) AllocSpace objects, 0(0B) LOS objects, 23% free, 52MB/68MB, paused 238us total 14.583ms
08-06 06:12:56.371   918  3261 D WifiStateMachine: starting scan for "H369AA63323"WPA_PSK with 2412,5180
08-06 06:12:56.435 10629 10640 I art     : Starting a blocking GC Explicit
08-06 06:12:56.457 10629 10640 I art     : Explicit concurrent mark sweep GC freed 1341(78KB) AllocSpace objects, 1(20KB) LOS objects, 23% free, 52MB/68MB, paused 265us total 21.392ms
08-06 06:12:56.465 10629 10640 I art     : Starting a blocking GC Explicit
08-06 06:12:56.481 10629 10640 I art     : Explicit concurrent mark sweep GC freed 20(704B) AllocSpace objects, 0(0B) LOS objects, 23% free, 52MB/68MB, paused 236us total 15.476ms
08-06 06:12:56.488 10629 10640 I art     : Starting a blocking GC Explicit
08-06 06:12:56.502 10629 10640 I art     : Explicit concurrent mark sweep GC freed 3(96B) AllocSpace objects, 0(0B) LOS objects, 23% free, 52MB/68MB, paused 226us total 14.260ms
08-06 06:12:56.509 10629 10640 I art     : Starting a blocking GC Explicit
08-06 06:12:56.524 10629 10640 I art     : Explicit concurrent mark sweep GC freed 3(96B) AllocSpace objects, 0(0B) LOS objects, 23% free, 52MB/68MB, paused 207us total 14.619ms
08-06 06:12:56.530 10629 10640 I art     : Starting a blocking GC Explicit
08-06 06:12:56.545 10629 10640 I art     : Explicit concurrent mark sweep GC freed 3(96B) AllocSpace objects, 0(0B) LOS objects, 23% free, 52MB/68MB, paused 224us total 14.597ms
08-06 06:12:56.848 10629 10716 I art     : Starting a blocking GC Explicit
08-06 06:12:56.874 10629 10716 I art     : Explicit concurrent mark sweep GC freed 1341(78KB) AllocSpace objects, 1(20KB) LOS objects, 23% free, 52MB/68MB, paused 282us total 25.914ms
08-06 06:12:56.886 10629 10716 I art     : Starting a blocking GC Explicit
08-06 06:12:56.904 10629 10716 I art     : Explicit concurrent mark sweep GC freed 20(704B) AllocSpace objects, 0(0B) LOS objects, 23% free, 52MB/68MB, paused 245us total 18.265ms
08-06 06:12:56.911 10629 10716 I art     : Starting a blocking GC Explicit
08-06 06:12:56.927 10629 10716 I art     : Explicit concurrent mark sweep GC freed 3(96B) AllocSpace objects, 0(0B) LOS objects, 23% free, 52MB/68MB, paused 265us total 15.523ms
08-06 06:12:56.934 10629 10716 I art     : Starting a blocking GC Explicit
08-06 06:12:56.949 10629 10716 I art     : Explicit concurrent mark sweep GC freed 3(96B) AllocSpace objects, 0(0B) LOS objects, 23% free, 52MB/68MB, paused 263us total 15.417ms
08-06 06:12:56.956 10629 10716 I art     : Starting a blocking GC Explicit
08-06 06:12:56.971 10629 10716 I art     : Explicit concurrent mark sweep GC freed 3(96B) AllocSpace objects, 0(0B) LOS objects, 23% free, 52MB/68MB, paused 277us total 14.625ms
08-06 06:12:57.287 10629 10642 I art     : Starting a blocking GC Explicit
08-06 06:12:57.309 10629 10642 I art     : Explicit concurrent mark sweep GC freed 1341(78KB) AllocSpace objects, 1(20KB) LOS objects, 23% free, 52MB/68MB, paused 287us total 21.577ms
08-06 06:12:57.319 10629 10642 I art     : Starting a blocking GC Explicit
08-06 06:12:57.337 10629 10642 I art     : Explicit concurrent mark sweep GC freed 20(704B) AllocSpace objects, 0(0B) LOS objects, 23% free, 52MB/68MB, paused 230us total 17.711ms
08-06 06:12:57.344 10629 10642 I art     : Starting a blocking GC Explicit
08-06 06:12:57.359 10629 10642 I art     : Explicit concurrent mark sweep GC freed 3(96B) AllocSpace objects, 0(0B) LOS objects, 23% free, 52MB/68MB, paused 250us total 14.917ms
08-06 06:12:57.366 10629 10642 I art     : Starting a blocking GC Explicit
08-06 06:12:57.381 10629 10642 I art     : Explicit concurrent mark sweep GC freed 3(96B) AllocSpace objects, 0(0B) LOS objects, 23% free, 52MB/68MB, paused 232us total 15.101ms
08-06 06:12:57.387 10629 10642 I art     : Starting a blocking GC Explicit
08-06 06:12:57.402 10629 10642 I art     : Explicit concurrent mark sweep GC freed 3(96B) AllocSpace objects, 0(0B) LOS objects, 23% free, 52MB/68MB, paused 236us total 14.557ms
08-06 06:12:57.716 10629 11112 I art     : Starting a blocking GC Explicit
08-06 06:12:57.738 10629 11112 I art     : Explicit concurrent mark sweep GC freed 1341(78KB) AllocSpace objects, 1(20KB) LOS objects, 23% free, 52MB/68MB, paused 322us total 21.662ms
08-06 06:12:57.749 10629 11112 I art     : Starting a blocking GC Explicit
08-06 06:12:57.764 10629 11112 I art     : Explicit concurrent mark sweep GC freed 20(704B) AllocSpace objects, 0(0B) LOS objects, 23% free, 52MB/68MB, paused 231us total 14.978ms
08-06 06:12:57.771 10629 11112 I art     : Starting a blocking GC Explicit
08-06 06:12:57.785 10629 11112 I art     : Explicit concurrent mark sweep GC freed 3(96B) AllocSpace objects, 0(0B) LOS objects, 23% free, 52MB/68MB, paused 275us total 14.274ms
08-06 06:12:57.792 10629 11112 I art     : Starting a blocking GC Explicit
08-06 06:12:57.806 10629 11112 I art     : Explicit concurrent mark sweep GC freed 3(96B) AllocSpace objects, 0(0B) LOS objects, 23% free, 52MB/68MB, paused 226us total 14.399ms
08-06 06:12:57.813 10629 11112 I art     : Starting a blocking GC Explicit
08-06 06:12:57.827 10629 11112 I art     : Explicit concurrent mark sweep GC freed 3(96B) AllocSpace objects, 0(0B) LOS objects, 23% free, 52MB/68MB, paused 227us total 14.635ms
08-06 06:12:58.157 10629 10640 I art     : Starting a blocking GC Explicit
08-06 06:12:58.185 10629 10640 I art     : Explicit concurrent mark sweep GC freed 1341(78KB) AllocSpace objects, 1(20KB) LOS objects, 23% free, 52MB/68MB, paused 306us total 26.841ms
08-06 06:12:58.198 10629 10640 I art     : Starting a blocking GC Explicit
08-06 06:12:58.216 10629 10640 I art     : Explicit concurrent mark sweep GC freed 20(704B) AllocSpace objects, 0(0B) LOS objects, 23% free, 52MB/68MB, paused 241us total 18.213ms
08-06 06:12:58.223 10629 10640 I art     : Starting a blocking GC Explicit
08-06 06:12:58.238 10629 10640 I art     : Explicit concurrent mark sweep GC freed 3(96B) AllocSpace objects, 0(0B) LOS objects, 23% free, 52MB/68MB, paused 223us total 15.161ms
08-06 06:12:58.245 10629 10640 I art     : Starting a blocking GC Explicit
08-06 06:12:58.261 10629 10640 I art     : Explicit concurrent mark sweep GC freed 3(96B) AllocSpace objects, 0(0B) LOS objects, 23% free, 52MB/68MB, paused 230us total 15.342ms
08-06 06:12:58.267 10629 10640 I art     : Starting a blocking GC Explicit
08-06 06:12:58.282 10629 10640 I art     : Explicit concurrent mark sweep GC freed 3(96B) AllocSpace objects, 0(0B) LOS objects, 23% free, 52MB/68MB, paused 231us total 14.669ms
08-06 06:12:58.597 10629 10716 I art     : Starting a blocking GC Explicit
08-06 06:12:58.614 10629 10716 I art     : Explicit concurrent mark sweep GC freed 1341(78KB) AllocSpace objects, 1(20KB) LOS objects, 23% free, 52MB/68MB, paused 309us total 17.011ms
08-06 06:12:58.621 10629 10716 I art     : Starting a blocking GC Explicit
08-06 06:12:58.635 10629 10716 I art     : Explicit concurrent mark sweep GC freed 20(704B) AllocSpace objects, 0(0B) LOS objects, 23% free, 52MB/68MB, paused 255us total 14.132ms
08-06 06:12:58.642 10629 10716 I art     : Starting a blocking GC Explicit
08-06 06:12:58.656 10629 10716 I art     : Explicit concurrent mark sweep GC freed 3(96B) AllocSpace objects, 0(0B) LOS objects, 23% free, 52MB/68MB, paused 234us total 13.766ms
08-06 06:12:58.662 10629 10716 I art     : Starting a blocking GC Explicit
08-06 06:12:58.676 10629 10716 I art     : Explicit concurrent mark sweep GC freed 3(96B) AllocSpace objects, 0(0B) LOS objects, 23% free, 52MB/68MB, paused 245us total 13.950ms
08-06 06:12:58.682 10629 10716 I art     : Starting a blocking GC Explicit
08-06 06:12:58.696 10629 10716 I art     : Explicit concurrent mark sweep GC freed 3(96B) AllocSpace objects, 0(0B) LOS objects, 23% free, 52MB/68MB, paused 244us total 13.801ms
08-06 06:12:58.873 11411 11411 D AndroidRuntime: >>>>>> START com.android.internal.os.RuntimeInit uid 2000 <<<<<<
08-06 06:12:58.877 11411 11411 D AndroidRuntime: CheckJNI is OFF
08-06 06:12:58.903 11411 11411 D ICU     : No timezone override file found: /data/misc/zoneinfo/current/icu/icu_tzdata.dat
08-06 06:12:58.929 11411 11411 I Radio-JNI: register_android_hardware_Radio DONE
08-06 06:12:58.944 11411 11411 D AndroidRuntime: Calling main entry com.android.commands.input.Input
08-06 06:12:58.945 11411 11411 I Input   : injectKeyEvent: KeyEvent { action=ACTION_DOWN, keyCode=KEYCODE_BACK, scanCode=0, metaState=0, flags=0x0, repeatCount=0, eventTime=857595359, downTime=857595359, deviceId=-1, source=0x101 }
08-06 06:12:58.954 11411 11411 I Input   : injectKeyEvent: KeyEvent { action=ACTION_UP, keyCode=KEYCODE_BACK, scanCode=0, metaState=0, flags=0x0, repeatCount=0, eventTime=857595359, downTime=857595359, deviceId=-1, source=0x101 }
08-06 06:12:58.959 11411 11411 D AndroidRuntime: Shutting down VM
08-06 06:12:58.982 10629 10642 I art     : Starting a blocking GC Explicit
08-06 06:12:58.991 13866 13866 I GoogleInputMethodServic: GoogleInputMethodService.onFinishInput():3138 
08-06 06:12:58.992 13866 13866 I GoogleInputMethodServic: GoogleInputMethodService.onStartInput():1808 
08-06 06:12:58.996 10629 10642 I art     : Explicit concurrent mark sweep GC freed 1491(85KB) AllocSpace objects, 1(20KB) LOS objects, 23% free, 52MB/68MB, paused 251us total 13.978ms
08-06 06:12:59.002 10629 10642 I art     : Starting a blocking GC Explicit
08-06 06:12:59.018 10629 10642 I art     : Explicit concurrent mark sweep GC freed 48(1632B) AllocSpace objects, 0(0B) LOS objects, 23% free, 52MB/68MB, paused 294us total 15.884ms
08-06 06:12:59.024 10629 10642 I art     : Starting a blocking GC Explicit
08-06 06:12:59.039 10629 10642 I art     : Explicit concurrent mark sweep GC freed 5(176B) AllocSpace objects, 0(0B) LOS objects, 23% free, 52MB/68MB, paused 226us total 14.593ms
08-06 06:12:59.048 10629 10642 I art     : Starting a blocking GC Explicit
08-06 06:12:59.061 10629 10642 I art     : Explicit concurrent mark sweep GC freed 4(144B) AllocSpace objects, 0(0B) LOS objects, 23% free, 52MB/68MB, paused 231us total 12.615ms
08-06 06:12:59.067 10629 10642 I art     : Starting a blocking GC Explicit
08-06 06:12:59.080 10629 10642 I art     : Explicit concurrent mark sweep GC freed 3(96B) AllocSpace objects, 0(0B) LOS objects, 23% free, 52MB/68MB, paused 213us total 12.577ms
08-06 06:12:59.282   380   380 W SurfaceFlinger: couldn't log to binary event log: overflow.
08-06 06:12:59.333 10629 10640 I art     : Starting a blocking GC Explicit
08-06 06:12:59.349 10629 10640 I art     : Explicit concurrent mark sweep GC freed 1450(87KB) AllocSpace objects, 1(20KB) LOS objects, 23% free, 52MB/68MB, paused 464us total 15.820ms
08-06 06:12:59.355 10629 10640 I art     : Starting a blocking GC Explicit
08-06 06:12:59.370 10629 10640 I art     : Explicit concurrent mark sweep GC freed 1672(107KB) AllocSpace objects, 3(400KB) LOS objects, 23% free, 51MB/67MB, paused 235us total 14.984ms
08-06 06:12:59.377 10629 10640 I art     : Starting a blocking GC Explicit
08-06 06:12:59.392 10629 10640 I art     : Explicit concurrent mark sweep GC freed 3(96B) AllocSpace objects, 0(0B) LOS objects, 23% free, 51MB/67MB, paused 242us total 14.657ms
08-06 06:12:59.398 10629 10640 I art     : Starting a blocking GC Explicit
08-06 06:12:59.413 10629 10640 I art     : Explicit concurrent mark sweep GC freed 3(96B) AllocSpace objects, 0(0B) LOS objects, 23% free, 51MB/67MB, paused 240us total 14.571ms
08-06 06:12:59.420 10629 10640 I art     : Starting a blocking GC Explicit
08-06 06:12:59.435 10629 10640 I art     : Explicit concurrent mark sweep GC freed 3(96B) AllocSpace objects, 0(0B) LOS objects, 23% free, 51MB/67MB, paused 231us total 14.732ms
08-06 06:12:59.657  9013  9013 I ServiceManager: Waiting for service AtCmdFwd...
08-06 06:12:59.723 10629 10716 I art     : Starting a blocking GC Explicit
08-06 06:12:59.743 10629 10716 I art     : Explicit concurrent mark sweep GC freed 1341(78KB) AllocSpace objects, 1(20KB) LOS objects, 23% free, 51MB/67MB, paused 335us total 20.543ms
08-06 06:12:59.754 10629 10716 I art     : Starting a blocking GC Explicit
08-06 06:12:59.772 10629 10716 I art     : Explicit concurrent mark sweep GC freed 20(704B) AllocSpace objects, 0(0B) LOS objects, 23% free, 51MB/67MB, paused 255us total 17.925ms
08-06 06:12:59.782 10629 10716 I art     : Starting a blocking GC Explicit
08-06 06:12:59.797 10629 10716 I art     : Explicit concurrent mark sweep GC freed 3(96B) AllocSpace objects, 0(0B) LOS objects, 23% free, 51MB/67MB, paused 338us total 14.917ms
08-06 06:12:59.803 10629 10716 I art     : Starting a blocking GC Explicit
08-06 06:12:59.818 10629 10716 I art     : Explicit concurrent mark sweep GC freed 3(96B) AllocSpace objects, 0(0B) LOS objects, 23% free, 51MB/67MB, paused 244us total 14.567ms
08-06 06:12:59.825 10629 10716 I art     : Starting a blocking GC Explicit
08-06 06:12:59.840 10629 10716 I art     : Explicit concurrent mark sweep GC freed 3(96B) AllocSpace objects, 0(0B) LOS objects, 23% free, 51MB/67MB, paused 235us total 14.336ms
08-06 06:13:00.121 10629 11112 I art     : Starting a blocking GC Explicit
08-06 06:13:00.138 10629 11112 I art     : Explicit concurrent mark sweep GC freed 1340(78KB) AllocSpace objects, 1(20KB) LOS objects, 23% free, 51MB/67MB, paused 255us total 16.931ms
08-06 06:13:00.145 10629 11112 I art     : Starting a blocking GC Explicit
08-06 06:13:00.160 10629 11112 I art     : Explicit concurrent mark sweep GC freed 20(704B) AllocSpace objects, 0(0B) LOS objects, 23% free, 51MB/67MB, paused 244us total 14.984ms
08-06 06:13:00.167 10629 11112 I art     : Starting a blocking GC Explicit
08-06 06:13:00.182 10629 11112 I art     : Explicit concurrent mark sweep GC freed 3(96B) AllocSpace objects, 0(0B) LOS objects, 23% free, 51MB/67MB, paused 213us total 14.493ms
08-06 06:13:00.189 10629 11112 I art     : Starting a blocking GC Explicit
08-06 06:13:00.203 10629 11112 I art     : Explicit concurrent mark sweep GC freed 3(96B) AllocSpace objects, 0(0B) LOS objects, 23% free, 51MB/67MB, paused 232us total 13.606ms
08-06 06:13:00.209 10629 11112 I art     : Starting a blocking GC Explicit
08-06 06:13:00.223 10629 11112 I art     : Explicit concurrent mark sweep GC freed 3(96B) AllocSpace objects, 0(0B) LOS objects, 23% free, 51MB/67MB, paused 236us total 13.612ms
08-06 06:13:00.489 10629 10642 I art     : Starting a blocking GC Explicit
08-06 06:13:00.505 10629 10642 I art     : Explicit concurrent mark sweep GC freed 1340(78KB) AllocSpace objects, 1(20KB) LOS objects, 23% free, 51MB/67MB, paused 255us total 15.197ms
08-06 06:13:00.506 11465 11465 D AndroidRuntime: >>>>>> START com.android.internal.os.RuntimeInit uid 2000 <<<<<<
08-06 06:13:00.511 11465 11465 D AndroidRuntime: CheckJNI is OFF
08-06 06:13:00.512 10629 10642 I art     : Starting a blocking GC Explicit
08-06 06:13:00.526 10629 10642 I art     : Explicit concurrent mark sweep GC freed 20(704B) AllocSpace objects, 0(0B) LOS objects, 23% free, 51MB/67MB, paused 243us total 13.406ms
08-06 06:13:00.532 10629 10642 I art     : Starting a blocking GC Explicit
08-06 06:13:00.539 11465 11465 D ICU     : No timezone override file found: /data/misc/zoneinfo/current/icu/icu_tzdata.dat
08-06 06:13:00.545 10629 10642 I art     : Explicit concurrent mark sweep GC freed 3(96B) AllocSpace objects, 0(0B) LOS objects, 23% free, 51MB/67MB, paused 257us total 13.518ms
08-06 06:13:00.552 10629 10642 I art     : Starting a blocking GC Explicit
08-06 06:13:00.565 11465 11465 I Radio-JNI: register_android_hardware_Radio DONE
08-06 06:13:00.565 10629 10642 I art     : Explicit concurrent mark sweep GC freed 3(96B) AllocSpace objects, 0(0B) LOS objects, 23% free, 51MB/67MB, paused 251us total 13.390ms
08-06 06:13:00.571 10629 10642 I art     : Starting a blocking GC Explicit
08-06 06:13:00.582 11465 11465 D AndroidRuntime: Calling main entry com.android.commands.input.Input
08-06 06:13:00.583 11465 11465 I Input   : injectMotionEvent: MotionEvent { action=ACTION_DOWN, actionButton=0, id[0]=0, x[0]=733.0, y[0]=1370.0, toolType[0]=TOOL_TYPE_UNKNOWN, buttonState=0, metaState=0, flags=0x0, edgeFlags=0x0, pointerCount=1, historySize=0, eventTime=857596996, downTime=857596996, deviceId=0, source=0x1002 }
08-06 06:13:00.584 10629 10642 I art     : Explicit concurrent mark sweep GC freed 3(96B) AllocSpace objects, 0(0B) LOS objects, 23% free, 51MB/67MB, paused 283us total 12.947ms
08-06 06:13:00.590 11465 11465 I Input   : injectMotionEvent: MotionEvent { action=ACTION_UP, actionButton=0, id[0]=0, x[0]=733.0, y[0]=1370.0, toolType[0]=TOOL_TYPE_UNKNOWN, buttonState=0, metaState=0, flags=0x0, edgeFlags=0x0, pointerCount=1, historySize=0, eventTime=857596996, downTime=857596996, deviceId=0, source=0x1002 }
08-06 06:13:00.591   918  5952 I ActivityManager: START u0 {cmp=baseline.appteam.nith.hillffair/.activities.ClubActivity (has extras)} from uid 10697 on display 0
08-06 06:13:00.598 11465 11465 D AndroidRuntime: Shutting down VM
08-06 06:13:00.657  9013  9013 I ServiceManager: Waiting for service AtCmdFwd...
08-06 06:13:00.695   918   936 I ActivityManager: Displayed baseline.appteam.nith.hillffair/.activities.ClubActivity: +96ms
08-06 06:13:00.695 13866 13866 I GoogleInputMethodServic: GoogleInputMethodService.onFinishInput():3138 
08-06 06:13:00.696 13866 13866 I GoogleInputMethodServic: GoogleInputMethodService.onStartInput():1808 
08-06 06:13:00.806 10629 10642 I art     : Starting a blocking GC Explicit
08-06 06:13:00.823 10629 10642 I art     : Explicit concurrent mark sweep GC freed 4976(290KB) AllocSpace objects, 1(20KB) LOS objects, 23% free, 52MB/68MB, paused 278us total 16.758ms
08-06 06:13:00.831 10629 10642 I art     : Starting a blocking GC Explicit
08-06 06:13:00.850 10629 10642 I art     : Explicit concurrent mark sweep GC freed 211(9KB) AllocSpace objects, 0(0B) LOS objects, 23% free, 52MB/68MB, paused 293us total 19.100ms
08-06 06:13:00.859 10629 10642 I art     : Starting a blocking GC Explicit
08-06 06:13:00.877 10629 10642 I art     : Explicit concurrent mark sweep GC freed 3(96B) AllocSpace objects, 0(0B) LOS objects, 23% free, 52MB/68MB, paused 324us total 17.136ms
08-06 06:13:00.884 10629 10642 I art     : Starting a blocking GC Explicit
08-06 06:13:00.902 10629 10642 I art     : Explicit concurrent mark sweep GC freed 3(96B) AllocSpace objects, 0(0B) LOS objects, 23% free, 52MB/68MB, paused 517us total 17.507ms
08-06 06:13:00.911 10629 10642 I art     : Starting a blocking GC Explicit
08-06 06:13:00.929 10629 10642 I art     : Explicit concurrent mark sweep GC freed 3(96B) AllocSpace objects, 0(0B) LOS objects, 23% free, 52MB/68MB, paused 293us total 18.121ms
08-06 06:13:00.934   380   380 W SurfaceFlinger: couldn't log to binary event log: overflow.
08-06 06:13:01.205 10629 10640 I art     : Starting a blocking GC Explicit
08-06 06:13:01.224 10629 10640 I art     : Explicit concurrent mark sweep GC freed 1468(85KB) AllocSpace objects, 1(20KB) LOS objects, 23% free, 52MB/68MB, paused 363us total 18.041ms
08-06 06:13:01.231 10629 10640 I art     : Starting a blocking GC Explicit
08-06 06:13:01.245 10629 10640 I art     : Explicit concurrent mark sweep GC freed 43(1472B) AllocSpace objects, 0(0B) LOS objects, 23% free, 52MB/68MB, paused 268us total 13.845ms
08-06 06:13:01.251 10629 10640 I art     : Starting a blocking GC Explicit
08-06 06:13:01.264 10629 10640 I art     : Explicit concurrent mark sweep GC freed 8(288B) AllocSpace objects, 0(0B) LOS objects, 23% free, 52MB/68MB, paused 254us total 13.401ms
08-06 06:13:01.271 10629 10640 I art     : Starting a blocking GC Explicit
08-06 06:13:01.285 10629 10640 I art     : Explicit concurrent mark sweep GC freed 8(288B) AllocSpace objects, 0(0B) LOS objects, 23% free, 52MB/68MB, paused 410us total 13.770ms
08-06 06:13:01.291 10629 10640 I art     : Starting a blocking GC Explicit
08-06 06:13:01.304 10629 10640 I art     : Explicit concurrent mark sweep GC freed 11(416B) AllocSpace objects, 0(0B) LOS objects, 23% free, 52MB/68MB, paused 259us total 13.590ms
08-06 06:13:01.470 10629 11488 D OkHttp  : --> GET https://api-hillfair-2k16.herokuapp.com/api/app/events/special/event?id=580655cddcba0f490c70fdd0 http/1.1
08-06 06:13:01.507 10629 11488 D OkHttp  : <-- 200 OK https://api-hillfair-2k16.herokuapp.com/api/app/events/special/event?id=580655cddcba0f490c70fdd0 (35ms, 721-byte body)
08-06 06:13:01.569 10629 10629 I NAPPA_EXPERIMENTATION: MetricNetworkRequestExecutionTime: REQUEST_DURATION_SYSTEM='946',REQUEST_DURATION_OKHTTP='35',REQUEST_SYNCHRONOUS='FALSE',RESPONSE_CODE='200',RESPONSE_METHOD='GET',RESPONSE_LENGTH_OKHTTP='721',RESPONSE_LENGTH_HEADER='721',REQUEST_PROTOCOL='http/1.1',REQUEST_URL='https://api-hillfair-2k16.herokuapp.com/api/app/events/special/event?id=580655cddcba0f490c70fdd0',
08-06 06:13:01.579 10629 10716 I art     : Starting a blocking GC Explicit
08-06 06:13:01.598 10629 10716 I art     : Explicit concurrent mark sweep GC freed 4769(317KB) AllocSpace objects, 4(220KB) LOS objects, 23% free, 52MB/68MB, paused 380us total 18.409ms
08-06 06:13:01.605 10629 10716 I art     : Starting a blocking GC Explicit
08-06 06:13:01.624 10629 10716 I art     : Explicit concurrent mark sweep GC freed 1064(132KB) AllocSpace objects, 0(0B) LOS objects, 23% free, 52MB/68MB, paused 318us total 19.020ms
08-06 06:13:01.630 10629 10716 I art     : Starting a blocking GC Explicit
08-06 06:13:01.643 10629 10716 I art     : Explicit concurrent mark sweep GC freed 13(8KB) AllocSpace objects, 0(0B) LOS objects, 23% free, 52MB/68MB, paused 234us total 12.778ms
08-06 06:13:01.649 10629 10716 I art     : Starting a blocking GC Explicit
08-06 06:13:01.657  9013  9013 I ServiceManager: Waiting for service AtCmdFwd...
08-06 06:13:01.661 10629 10716 I art     : Explicit concurrent mark sweep GC freed 6(192B) AllocSpace objects, 0(0B) LOS objects, 23% free, 52MB/68MB, paused 224us total 12.216ms
08-06 06:13:01.668 10629 10716 I art     : Starting a blocking GC Explicit
08-06 06:13:01.682 10629 10716 I art     : Explicit concurrent mark sweep GC freed 3(96B) AllocSpace objects, 0(0B) LOS objects, 23% free, 52MB/68MB, paused 251us total 13.967ms
08-06 06:13:01.971 10629 11112 I art     : Starting a blocking GC Explicit
08-06 06:13:01.989 10629 11112 I art     : Explicit concurrent mark sweep GC freed 1342(78KB) AllocSpace objects, 1(20KB) LOS objects, 23% free, 52MB/68MB, paused 263us total 18.279ms
08-06 06:13:01.996 10629 11112 I art     : Starting a blocking GC Explicit
08-06 06:13:02.012 10629 11112 I art     : Explicit concurrent mark sweep GC freed 36(1264B) AllocSpace objects, 0(0B) LOS objects, 23% free, 52MB/68MB, paused 260us total 15.842ms
08-06 06:13:02.019 10629 11112 I art     : Starting a blocking GC Explicit
08-06 06:13:02.034 10629 11112 I art     : Explicit concurrent mark sweep GC freed 3(96B) AllocSpace objects, 0(0B) LOS objects, 23% free, 52MB/68MB, paused 253us total 15.214ms
08-06 06:13:02.041 10629 11112 I art     : Starting a blocking GC Explicit
08-06 06:13:02.056 10629 11112 I art     : Explicit concurrent mark sweep GC freed 3(96B) AllocSpace objects, 0(0B) LOS objects, 23% free, 52MB/68MB, paused 253us total 15.202ms
08-06 06:13:02.063 10629 11112 I art     : Starting a blocking GC Explicit
08-06 06:13:02.078 10629 11112 I art     : Explicit concurrent mark sweep GC freed 3(96B) AllocSpace objects, 0(0B) LOS objects, 23% free, 52MB/68MB, paused 246us total 14.904ms
08-06 06:13:02.354 10629 10642 I art     : Starting a blocking GC Explicit
08-06 06:13:02.375 10629 10642 I art     : Explicit concurrent mark sweep GC freed 1341(78KB) AllocSpace objects, 1(20KB) LOS objects, 23% free, 52MB/68MB, paused 305us total 21.383ms
08-06 06:13:02.389 10629 10642 I art     : Starting a blocking GC Explicit
08-06 06:13:02.409 10629 10642 I art     : Explicit concurrent mark sweep GC freed 20(704B) AllocSpace objects, 0(0B) LOS objects, 23% free, 52MB/68MB, paused 291us total 20.022ms
08-06 06:13:02.416 10629 10642 I art     : Starting a blocking GC Explicit
08-06 06:13:02.431 10629 10642 I art     : Explicit concurrent mark sweep GC freed 3(96B) AllocSpace objects, 0(0B) LOS objects, 23% free, 52MB/68MB, paused 259us total 15.385ms
08-06 06:13:02.438 10629 10642 I art     : Starting a blocking GC Explicit
08-06 06:13:02.453 10629 10642 I art     : Explicit concurrent mark sweep GC freed 3(96B) AllocSpace objects, 0(0B) LOS objects, 23% free, 52MB/68MB, paused 251us total 15.436ms
08-06 06:13:02.461 10629 10642 I art     : Starting a blocking GC Explicit
08-06 06:13:02.476 10629 10642 I art     : Explicit concurrent mark sweep GC freed 3(96B) AllocSpace objects, 0(0B) LOS objects, 23% free, 52MB/68MB, paused 257us total 14.832ms
08-06 06:13:02.658  9013  9013 I ServiceManager: Waiting for service AtCmdFwd...
08-06 06:13:02.803 10629 10716 I art     : Starting a blocking GC Explicit
08-06 06:13:02.824 10629 10716 I art     : Explicit concurrent mark sweep GC freed 1341(78KB) AllocSpace objects, 1(20KB) LOS objects, 23% free, 52MB/68MB, paused 292us total 20.023ms
08-06 06:13:02.831 10629 10716 I art     : Starting a blocking GC Explicit
08-06 06:13:02.847 10629 10716 I art     : Explicit concurrent mark sweep GC freed 20(704B) AllocSpace objects, 0(0B) LOS objects, 23% free, 52MB/68MB, paused 330us total 15.944ms
08-06 06:13:02.854 10629 10716 I art     : Starting a blocking GC Explicit
08-06 06:13:02.869 10629 10716 I art     : Explicit concurrent mark sweep GC freed 3(96B) AllocSpace objects, 0(0B) LOS objects, 23% free, 52MB/68MB, paused 259us total 15.290ms
08-06 06:13:02.876 10629 10716 I art     : Starting a blocking GC Explicit
08-06 06:13:02.891 10629 10716 I art     : Explicit concurrent mark sweep GC freed 3(96B) AllocSpace objects, 0(0B) LOS objects, 23% free, 52MB/68MB, paused 242us total 15.393ms
08-06 06:13:02.898 10629 10716 I art     : Starting a blocking GC Explicit
08-06 06:13:02.913 10629 10716 I art     : Explicit concurrent mark sweep GC freed 3(96B) AllocSpace objects, 0(0B) LOS objects, 23% free, 52MB/68MB, paused 263us total 14.945ms
08-06 06:13:03.215 10629 10640 I art     : Starting a blocking GC Explicit
08-06 06:13:03.236 10629 10640 I art     : Explicit concurrent mark sweep GC freed 1341(78KB) AllocSpace objects, 1(20KB) LOS objects, 23% free, 52MB/68MB, paused 289us total 21.099ms
08-06 06:13:03.247 10629 10640 I art     : Starting a blocking GC Explicit
08-06 06:13:03.263 10629 10640 I art     : Explicit concurrent mark sweep GC freed 20(704B) AllocSpace objects, 0(0B) LOS objects, 23% free, 52MB/68MB, paused 246us total 15.542ms
08-06 06:13:03.270 10629 10640 I art     : Starting a blocking GC Explicit
08-06 06:13:03.285 10629 10640 I art     : Explicit concurrent mark sweep GC freed 3(96B) AllocSpace objects, 0(0B) LOS objects, 23% free, 52MB/68MB, paused 246us total 15.717ms
08-06 06:13:03.292 10629 10640 I art     : Starting a blocking GC Explicit
08-06 06:13:03.308 10629 10640 I art     : Explicit concurrent mark sweep GC freed 3(96B) AllocSpace objects, 0(0B) LOS objects, 23% free, 52MB/68MB, paused 246us total 15.344ms
08-06 06:13:03.314 10629 10640 I art     : Starting a blocking GC Explicit
08-06 06:13:03.330 10629 10640 I art     : Explicit concurrent mark sweep GC freed 3(96B) AllocSpace objects, 0(0B) LOS objects, 23% free, 52MB/68MB, paused 253us total 15.374ms
08-06 06:13:03.625 10629 11112 I art     : Starting a blocking GC Explicit
08-06 06:13:03.647 10629 11112 I art     : Explicit concurrent mark sweep GC freed 1341(78KB) AllocSpace objects, 1(20KB) LOS objects, 23% free, 52MB/68MB, paused 311us total 22.047ms
08-06 06:13:03.655 10629 11112 I art     : Starting a blocking GC Explicit
08-06 06:13:03.659  9013  9013 I ServiceManager: Waiting for service AtCmdFwd...
08-06 06:13:03.671 10629 11112 I art     : Explicit concurrent mark sweep GC freed 20(704B) AllocSpace objects, 0(0B) LOS objects, 23% free, 52MB/68MB, paused 254us total 15.708ms
08-06 06:13:03.678 10629 11112 I art     : Starting a blocking GC Explicit
08-06 06:13:03.693 10629 11112 I art     : Explicit concurrent mark sweep GC freed 3(96B) AllocSpace objects, 0(0B) LOS objects, 23% free, 52MB/68MB, paused 242us total 14.907ms
08-06 06:13:03.700 10629 11112 I art     : Starting a blocking GC Explicit
08-06 06:13:03.715 10629 11112 I art     : Explicit concurrent mark sweep GC freed 3(96B) AllocSpace objects, 0(0B) LOS objects, 23% free, 52MB/68MB, paused 255us total 14.739ms
08-06 06:13:03.721 10629 11112 I art     : Starting a blocking GC Explicit
08-06 06:13:03.736 10629 11112 I art     : Explicit concurrent mark sweep GC freed 3(96B) AllocSpace objects, 0(0B) LOS objects, 23% free, 52MB/68MB, paused 244us total 14.972ms
08-06 06:13:03.992 13866 13882 I PeriodicStatsRunner: PeriodicStatsRunner.call():175 call()
08-06 06:13:03.992 13866 13882 I PeriodicStatsRunner: PeriodicStatsRunner.call():179 No submit PeriodicStats since input started.
08-06 06:13:04.061 10629 10642 I art     : Starting a blocking GC Explicit
08-06 06:13:04.084 10629 10642 I art     : Explicit concurrent mark sweep GC freed 1341(78KB) AllocSpace objects, 1(20KB) LOS objects, 23% free, 52MB/68MB, paused 333us total 22.867ms
08-06 06:13:04.099 10629 10642 I art     : Starting a blocking GC Explicit
08-06 06:13:04.115 10629 10642 I art     : Explicit concurrent mark sweep GC freed 20(704B) AllocSpace objects, 0(0B) LOS objects, 23% free, 52MB/68MB, paused 306us total 15.852ms
08-06 06:13:04.122 10629 10642 I art     : Starting a blocking GC Explicit
08-06 06:13:04.137 10629 10642 I art     : Explicit concurrent mark sweep GC freed 3(96B) AllocSpace objects, 0(0B) LOS objects, 23% free, 52MB/68MB, paused 269us total 15.483ms
08-06 06:13:04.144 10629 10642 I art     : Starting a blocking GC Explicit
08-06 06:13:04.160 10629 10642 I art     : Explicit concurrent mark sweep GC freed 3(96B) AllocSpace objects, 0(0B) LOS objects, 23% free, 52MB/68MB, paused 255us total 15.390ms
08-06 06:13:04.166 10629 10642 I art     : Starting a blocking GC Explicit
08-06 06:13:04.182 10629 10642 I art     : Explicit concurrent mark sweep GC freed 3(96B) AllocSpace objects, 0(0B) LOS objects, 23% free, 52MB/68MB, paused 248us total 15.225ms
08-06 06:13:04.502 10629 10716 I art     : Starting a blocking GC Explicit
08-06 06:13:04.528 10629 10716 I art     : Explicit concurrent mark sweep GC freed 1341(78KB) AllocSpace objects, 1(20KB) LOS objects, 23% free, 52MB/68MB, paused 291us total 26.193ms
08-06 06:13:04.535 10629 10716 I art     : Starting a blocking GC Explicit
08-06 06:13:04.552 10629 10716 I art     : Explicit concurrent mark sweep GC freed 20(704B) AllocSpace objects, 0(0B) LOS objects, 23% free, 52MB/68MB, paused 261us total 16.349ms
08-06 06:13:04.559 10629 10716 I art     : Starting a blocking GC Explicit
08-06 06:13:04.574 10629 10716 I art     : Explicit concurrent mark sweep GC freed 3(96B) AllocSpace objects, 0(0B) LOS objects, 23% free, 52MB/68MB, paused 263us total 14.822ms
08-06 06:13:04.580 10629 10716 I art     : Starting a blocking GC Explicit
08-06 06:13:04.595 10629 10716 I art     : Explicit concurrent mark sweep GC freed 3(96B) AllocSpace objects, 0(0B) LOS objects, 23% free, 52MB/68MB, paused 247us total 14.725ms
08-06 06:13:04.602 10629 10716 I art     : Starting a blocking GC Explicit
08-06 06:13:04.617 10629 10716 I art     : Explicit concurrent mark sweep GC freed 3(96B) AllocSpace objects, 0(0B) LOS objects, 23% free, 52MB/68MB, paused 297us total 14.961ms
08-06 06:13:04.659  9013  9013 W Atfwd_Sendcmd: AtCmdFwd service not published, waiting... retryCnt : 5
08-06 06:13:04.898 10629 10640 I art     : Starting a blocking GC Explicit
08-06 06:13:04.915 10629 10640 I art     : Explicit concurrent mark sweep GC freed 1341(78KB) AllocSpace objects, 1(20KB) LOS objects, 23% free, 52MB/68MB, paused 267us total 16.540ms
08-06 06:13:04.922 10629 10640 I art     : Starting a blocking GC Explicit
08-06 06:13:04.937 10629 10640 I art     : Explicit concurrent mark sweep GC freed 20(704B) AllocSpace objects, 0(0B) LOS objects, 23% free, 52MB/68MB, paused 275us total 14.812ms
08-06 06:13:04.944 10629 10640 I art     : Starting a blocking GC Explicit
08-06 06:13:04.958 10629 10640 I art     : Explicit concurrent mark sweep GC freed 3(96B) AllocSpace objects, 0(0B) LOS objects, 23% free, 52MB/68MB, paused 247us total 14.491ms
08-06 06:13:04.965 10629 10640 I art     : Starting a blocking GC Explicit
08-06 06:13:04.980 10629 10640 I art     : Explicit concurrent mark sweep GC freed 3(96B) AllocSpace objects, 0(0B) LOS objects, 23% free, 52MB/68MB, paused 276us total 14.286ms
08-06 06:13:04.986 10629 10640 I art     : Starting a blocking GC Explicit
08-06 06:13:05.000 10629 10640 I art     : Explicit concurrent mark sweep GC freed 3(96B) AllocSpace objects, 0(0B) LOS objects, 23% free, 52MB/68MB, paused 315us total 14.268ms
08-06 06:13:05.164 11598 11598 D AndroidRuntime: >>>>>> START com.android.internal.os.RuntimeInit uid 2000 <<<<<<
08-06 06:13:05.168 11598 11598 D AndroidRuntime: CheckJNI is OFF
08-06 06:13:05.194 11598 11598 D ICU     : No timezone override file found: /data/misc/zoneinfo/current/icu/icu_tzdata.dat
08-06 06:13:05.219 11598 11598 I Radio-JNI: register_android_hardware_Radio DONE
08-06 06:13:05.235 11598 11598 D AndroidRuntime: Calling main entry com.android.commands.input.Input
08-06 06:13:05.236 11598 11598 I Input   : injectKeyEvent: KeyEvent { action=ACTION_DOWN, keyCode=KEYCODE_BACK, scanCode=0, metaState=0, flags=0x0, repeatCount=0, eventTime=857601649, downTime=857601649, deviceId=-1, source=0x101 }
08-06 06:13:05.242 11598 11598 I Input   : injectKeyEvent: KeyEvent { action=ACTION_UP, keyCode=KEYCODE_BACK, scanCode=0, metaState=0, flags=0x0, repeatCount=0, eventTime=857601649, downTime=857601649, deviceId=-1, source=0x101 }
08-06 06:13:05.251 11598 11598 D AndroidRuntime: Shutting down VM
08-06 06:13:05.278 10629 11112 I art     : Starting a blocking GC Explicit
08-06 06:13:05.293 10629 11112 I art     : Explicit concurrent mark sweep GC freed 1482(84KB) AllocSpace objects, 1(20KB) LOS objects, 23% free, 52MB/68MB, paused 328us total 14.669ms
08-06 06:13:05.294 13866 13866 I GoogleInputMethodServic: GoogleInputMethodService.onFinishInput():3138 
08-06 06:13:05.294 13866 13866 I GoogleInputMethodServic: GoogleInputMethodService.onStartInput():1808 
08-06 06:13:05.299 10629 11112 I art     : Starting a blocking GC Explicit
08-06 06:13:05.313 10629 11112 I art     : Explicit concurrent mark sweep GC freed 43(1616B) AllocSpace objects, 0(0B) LOS objects, 23% free, 52MB/68MB, paused 242us total 13.398ms
08-06 06:13:05.319 10629 11112 I art     : Starting a blocking GC Explicit
08-06 06:13:05.334 10629 11112 I art     : Explicit concurrent mark sweep GC freed 12(400B) AllocSpace objects, 0(0B) LOS objects, 23% free, 52MB/68MB, paused 263us total 15.139ms
08-06 06:13:05.340 10629 11112 I art     : Starting a blocking GC Explicit
08-06 06:13:05.354 10629 11112 I art     : Explicit concurrent mark sweep GC freed 6(224B) AllocSpace objects, 0(0B) LOS objects, 23% free, 52MB/68MB, paused 268us total 13.399ms
08-06 06:13:05.360 10629 11112 I art     : Starting a blocking GC Explicit
08-06 06:13:05.373 10629 11112 I art     : Explicit concurrent mark sweep GC freed 3(96B) AllocSpace objects, 0(0B) LOS objects, 23% free, 52MB/68MB, paused 228us total 13.226ms
08-06 06:13:05.589   380   380 W SurfaceFlinger: couldn't log to binary event log: overflow.
08-06 06:13:05.622 10629 10716 I art     : Starting a blocking GC Explicit
08-06 06:13:05.637 10629 10716 I art     : Explicit concurrent mark sweep GC freed 1494(89KB) AllocSpace objects, 1(20KB) LOS objects, 23% free, 52MB/68MB, paused 259us total 14.872ms
08-06 06:13:05.643 10629 10716 I art     : Starting a blocking GC Explicit
08-06 06:13:05.657 10629 10716 I art     : Explicit concurrent mark sweep GC freed 1672(106KB) AllocSpace objects, 3(400KB) LOS objects, 23% free, 51MB/67MB, paused 277us total 14.191ms
08-06 06:13:05.663 10629 10716 I art     : Starting a blocking GC Explicit
08-06 06:13:05.677 10629 10716 I art     : Explicit concurrent mark sweep GC freed 3(96B) AllocSpace objects, 0(0B) LOS objects, 23% free, 51MB/67MB, paused 248us total 13.749ms
08-06 06:13:05.684 10629 10716 I art     : Starting a blocking GC Explicit
08-06 06:13:05.695 13866 13882 I PeriodicStatsRunner: PeriodicStatsRunner.call():175 call()
08-06 06:13:05.696 13866 13882 I PeriodicStatsRunner: PeriodicStatsRunner.call():179 No submit PeriodicStats since input started.
08-06 06:13:05.699 10629 10716 I art     : Explicit concurrent mark sweep GC freed 3(96B) AllocSpace objects, 0(0B) LOS objects, 23% free, 51MB/67MB, paused 266us total 14.883ms
08-06 06:13:05.705 10629 10716 I art     : Starting a blocking GC Explicit
08-06 06:13:05.720 10629 10716 I art     : Explicit concurrent mark sweep GC freed 3(96B) AllocSpace objects, 0(0B) LOS objects, 23% free, 51MB/67MB, paused 268us total 14.550ms
08-06 06:13:06.003 10629 10640 I art     : Starting a blocking GC Explicit
08-06 06:13:06.025 10629 10640 I art     : Explicit concurrent mark sweep GC freed 1341(78KB) AllocSpace objects, 1(20KB) LOS objects, 23% free, 51MB/67MB, paused 374us total 22.077ms
08-06 06:13:06.036 10629 10640 I art     : Starting a blocking GC Explicit
08-06 06:13:06.055 10629 10640 I art     : Explicit concurrent mark sweep GC freed 20(704B) AllocSpace objects, 0(0B) LOS objects, 23% free, 51MB/67MB, paused 281us total 18.709ms
08-06 06:13:06.064 10629 10640 I art     : Starting a blocking GC Explicit
08-06 06:13:06.079 10629 10640 I art     : Explicit concurrent mark sweep GC freed 3(96B) AllocSpace objects, 0(0B) LOS objects, 23% free, 51MB/67MB, paused 258us total 15.174ms
08-06 06:13:06.086 10629 10640 I art     : Starting a blocking GC Explicit
08-06 06:13:06.101 10629 10640 I art     : Explicit concurrent mark sweep GC freed 3(96B) AllocSpace objects, 0(0B) LOS objects, 23% free, 51MB/67MB, paused 248us total 14.865ms
08-06 06:13:06.108 10629 10640 I art     : Starting a blocking GC Explicit
08-06 06:13:06.123 10629 10640 I art     : Explicit concurrent mark sweep GC freed 3(96B) AllocSpace objects, 0(0B) LOS objects, 23% free, 51MB/67MB, paused 325us total 15.209ms
08-06 06:13:06.392 10629 11112 I art     : Starting a blocking GC Explicit
08-06 06:13:06.413 10629 11112 I art     : Explicit concurrent mark sweep GC freed 1340(78KB) AllocSpace objects, 1(20KB) LOS objects, 23% free, 51MB/67MB, paused 298us total 20.256ms
08-06 06:13:06.422 10629 11112 I art     : Starting a blocking GC Explicit
08-06 06:13:06.438 10629 11112 I art     : Explicit concurrent mark sweep GC freed 20(704B) AllocSpace objects, 0(0B) LOS objects, 23% free, 51MB/67MB, paused 253us total 15.528ms
08-06 06:13:06.445 10629 11112 I art     : Starting a blocking GC Explicit
08-06 06:13:06.460 10629 11112 I art     : Explicit concurrent mark sweep GC freed 3(96B) AllocSpace objects, 0(0B) LOS objects, 23% free, 51MB/67MB, paused 287us total 15.320ms
08-06 06:13:06.467 10629 11112 I art     : Starting a blocking GC Explicit
08-06 06:13:06.481 10629 11112 I art     : Explicit concurrent mark sweep GC freed 3(96B) AllocSpace objects, 0(0B) LOS objects, 23% free, 51MB/67MB, paused 243us total 14.366ms
08-06 06:13:06.488 10629 11112 I art     : Starting a blocking GC Explicit
08-06 06:13:06.502 10629 11112 I art     : Explicit concurrent mark sweep GC freed 3(96B) AllocSpace objects, 0(0B) LOS objects, 23% free, 51MB/67MB, paused 236us total 14.201ms
08-06 06:13:06.771 10629 10642 I art     : Starting a blocking GC Explicit
08-06 06:13:06.787 10629 10642 I art     : Explicit concurrent mark sweep GC freed 1340(78KB) AllocSpace objects, 1(20KB) LOS objects, 23% free, 51MB/67MB, paused 367us total 15.418ms
08-06 06:13:06.794 10629 10642 I art     : Starting a blocking GC Explicit
08-06 06:13:06.805 11655 11655 D AndroidRuntime: >>>>>> START com.android.internal.os.RuntimeInit uid 2000 <<<<<<
08-06 06:13:06.807 10629 10642 I art     : Explicit concurrent mark sweep GC freed 20(704B) AllocSpace objects, 0(0B) LOS objects, 23% free, 51MB/67MB, paused 251us total 13.292ms
08-06 06:13:06.809 11655 11655 D AndroidRuntime: CheckJNI is OFF
08-06 06:13:06.813 10629 10642 I art     : Starting a blocking GC Explicit
08-06 06:13:06.826 10629 10642 I art     : Explicit concurrent mark sweep GC freed 3(96B) AllocSpace objects, 0(0B) LOS objects, 23% free, 51MB/67MB, paused 276us total 12.912ms
08-06 06:13:06.832 10629 10642 I art     : Starting a blocking GC Explicit
08-06 06:13:06.836 11655 11655 D ICU     : No timezone override file found: /data/misc/zoneinfo/current/icu/icu_tzdata.dat
08-06 06:13:06.845 10629 10642 I art     : Explicit concurrent mark sweep GC freed 3(96B) AllocSpace objects, 0(0B) LOS objects, 23% free, 51MB/67MB, paused 289us total 13.165ms
08-06 06:13:06.851 10629 10642 I art     : Starting a blocking GC Explicit
08-06 06:13:06.860 11655 11655 I Radio-JNI: register_android_hardware_Radio DONE
08-06 06:13:06.864 10629 10642 I art     : Explicit concurrent mark sweep GC freed 3(96B) AllocSpace objects, 0(0B) LOS objects, 23% free, 51MB/67MB, paused 283us total 13.065ms
08-06 06:13:06.876 11655 11655 D AndroidRuntime: Calling main entry com.android.commands.input.Input
08-06 06:13:06.877 11655 11655 I Input   : injectMotionEvent: MotionEvent { action=ACTION_DOWN, actionButton=0, id[0]=0, x[0]=733.0, y[0]=1957.0, toolType[0]=TOOL_TYPE_UNKNOWN, buttonState=0, metaState=0, flags=0x0, edgeFlags=0x0, pointerCount=1, historySize=0, eventTime=857603290, downTime=857603290, deviceId=0, source=0x1002 }
08-06 06:13:06.882 11655 11655 I Input   : injectMotionEvent: MotionEvent { action=ACTION_UP, actionButton=0, id[0]=0, x[0]=733.0, y[0]=1957.0, toolType[0]=TOOL_TYPE_UNKNOWN, buttonState=0, metaState=0, flags=0x0, edgeFlags=0x0, pointerCount=1, historySize=0, eventTime=857603290, downTime=857603290, deviceId=0, source=0x1002 }
08-06 06:13:06.883   918  5132 I ActivityManager: START u0 {cmp=baseline.appteam.nith.hillffair/.activities.ClubActivity (has extras)} from uid 10697 on display 0
08-06 06:13:06.888 11655 11655 D AndroidRuntime: Shutting down VM
08-06 06:13:06.981   918   936 I ActivityManager: Displayed baseline.appteam.nith.hillffair/.activities.ClubActivity: +92ms
08-06 06:13:06.981 13866 13866 I GoogleInputMethodServic: GoogleInputMethodService.onFinishInput():3138 
08-06 06:13:06.982 13866 13866 I GoogleInputMethodServic: GoogleInputMethodService.onStartInput():1808 
08-06 06:13:07.085 10629 10642 I art     : Starting a blocking GC Explicit
08-06 06:13:07.101 10629 10642 I art     : Explicit concurrent mark sweep GC freed 5045(296KB) AllocSpace objects, 1(20KB) LOS objects, 23% free, 51MB/67MB, paused 307us total 15.505ms
08-06 06:13:07.107 10629 10642 I art     : Starting a blocking GC Explicit
08-06 06:13:07.128 10629 10642 I art     : Explicit concurrent mark sweep GC freed 211(9KB) AllocSpace objects, 0(0B) LOS objects, 23% free, 51MB/67MB, paused 355us total 20.001ms
08-06 06:13:07.136 10629 10642 I art     : Starting a blocking GC Explicit
08-06 06:13:07.155 10629 10642 I art     : Explicit concurrent mark sweep GC freed 3(96B) AllocSpace objects, 0(0B) LOS objects, 23% free, 51MB/67MB, paused 299us total 18.572ms
08-06 06:13:07.163 10629 10642 I art     : Starting a blocking GC Explicit
08-06 06:13:07.181 10629 10642 I art     : Explicit concurrent mark sweep GC freed 3(96B) AllocSpace objects, 0(0B) LOS objects, 23% free, 51MB/67MB, paused 288us total 17.817ms
08-06 06:13:07.188 10629 10642 I art     : Starting a blocking GC Explicit
08-06 06:13:07.206 10629 10642 I art     : Explicit concurrent mark sweep GC freed 3(96B) AllocSpace objects, 0(0B) LOS objects, 23% free, 51MB/67MB, paused 307us total 17.124ms
08-06 06:13:07.241   380   380 W SurfaceFlinger: couldn't log to binary event log: overflow.
08-06 06:13:07.397 10629 11678 D OkHttp  : --> GET https://api-hillfair-2k16.herokuapp.com/api/app/events/special/event?id=58065620dcba0f490c70fe09 http/1.1
08-06 06:13:07.433 10629 11678 D OkHttp  : <-- 200 OK https://api-hillfair-2k16.herokuapp.com/api/app/events/special/event?id=58065620dcba0f490c70fe09 (35ms, 682-byte body)
08-06 06:13:07.476 10629 10629 I NAPPA_EXPERIMENTATION: MetricNetworkRequestExecutionTime: REQUEST_DURATION_SYSTEM='564',REQUEST_DURATION_OKHTTP='35',REQUEST_SYNCHRONOUS='FALSE',RESPONSE_CODE='200',RESPONSE_METHOD='GET',RESPONSE_LENGTH_OKHTTP='682',RESPONSE_LENGTH_HEADER='682',REQUEST_PROTOCOL='http/1.1',REQUEST_URL='https://api-hillfair-2k16.herokuapp.com/api/app/events/special/event?id=58065620dcba0f490c70fe09',
08-06 06:13:07.488 10629 10642 I art     : Starting a blocking GC Explicit
08-06 06:13:07.506 10629 10642 I art     : Explicit concurrent mark sweep GC freed 4848(321KB) AllocSpace objects, 4(220KB) LOS objects, 23% free, 52MB/68MB, paused 305us total 17.525ms
08-06 06:13:07.513 10629 10642 I art     : Starting a blocking GC Explicit
08-06 06:13:07.528 10629 10642 I art     : Explicit concurrent mark sweep GC freed 1056(140KB) AllocSpace objects, 0(0B) LOS objects, 23% free, 52MB/68MB, paused 306us total 15.087ms
08-06 06:13:07.535 10629 10642 I art     : Starting a blocking GC Explicit
08-06 06:13:07.549 10629 10642 I art     : Explicit concurrent mark sweep GC freed 7(224B) AllocSpace objects, 0(0B) LOS objects, 23% free, 52MB/68MB, paused 239us total 13.307ms
08-06 06:13:07.555 10629 10642 I art     : Starting a blocking GC Explicit
08-06 06:13:07.570 10629 10642 I art     : Explicit concurrent mark sweep GC freed 3(96B) AllocSpace objects, 0(0B) LOS objects, 23% free, 52MB/68MB, paused 278us total 15.072ms
08-06 06:13:07.576 10629 10642 I art     : Starting a blocking GC Explicit
08-06 06:13:07.590 10629 10642 I art     : Explicit concurrent mark sweep GC freed 3(96B) AllocSpace objects, 0(0B) LOS objects, 23% free, 52MB/68MB, paused 240us total 14.067ms
08-06 06:13:07.697   918  3188 I hubconnection: sensorhub said: 'set_bias 3: -6.2400, 0.0000, 0.0000'
08-06 06:13:07.871 10629 10640 I art     : Starting a blocking GC Explicit
08-06 06:13:07.890 10629 10640 I art     : Explicit concurrent mark sweep GC freed 1341(78KB) AllocSpace objects, 1(20KB) LOS objects, 23% free, 52MB/68MB, paused 369us total 18.799ms
08-06 06:13:07.898 10629 10640 I art     : Starting a blocking GC Explicit
08-06 06:13:07.915 10629 10640 I art     : Explicit concurrent mark sweep GC freed 36(1264B) AllocSpace objects, 0(0B) LOS objects, 23% free, 52MB/68MB, paused 275us total 16.058ms
08-06 06:13:07.921 10629 10640 I art     : Starting a blocking GC Explicit
08-06 06:13:07.938 10629 10640 I art     : Explicit concurrent mark sweep GC freed 3(96B) AllocSpace objects, 0(0B) LOS objects, 23% free, 52MB/68MB, paused 262us total 15.911ms
08-06 06:13:07.944 10629 10640 I art     : Starting a blocking GC Explicit
08-06 06:13:07.959 10629 10640 I art     : Explicit concurrent mark sweep GC freed 3(96B) AllocSpace objects, 0(0B) LOS objects, 23% free, 52MB/68MB, paused 269us total 15.150ms
08-06 06:13:07.966 10629 10640 I art     : Starting a blocking GC Explicit
08-06 06:13:07.981 10629 10640 I art     : Explicit concurrent mark sweep GC freed 3(96B) AllocSpace objects, 0(0B) LOS objects, 23% free, 52MB/68MB, paused 267us total 15.136ms
08-06 06:13:08.259 10629 10642 I art     : Starting a blocking GC Explicit
08-06 06:13:08.281 10629 10642 I art     : Explicit concurrent mark sweep GC freed 1341(78KB) AllocSpace objects, 1(20KB) LOS objects, 23% free, 52MB/68MB, paused 308us total 22.470ms
08-06 06:13:08.292 10629 10642 I art     : Starting a blocking GC Explicit
08-06 06:13:08.309 10629 10642 I art     : Explicit concurrent mark sweep GC freed 20(704B) AllocSpace objects, 0(0B) LOS objects, 23% free, 52MB/68MB, paused 275us total 16.103ms
08-06 06:13:08.315 10629 10642 I art     : Starting a blocking GC Explicit
08-06 06:13:08.332 10629 10642 I art     : Explicit concurrent mark sweep GC freed 3(96B) AllocSpace objects, 0(0B) LOS objects, 23% free, 52MB/68MB, paused 273us total 16.036ms
08-06 06:13:08.339 10629 10642 I art     : Starting a blocking GC Explicit
08-06 06:13:08.356 10629 10642 I art     : Explicit concurrent mark sweep GC freed 3(96B) AllocSpace objects, 0(0B) LOS objects, 23% free, 52MB/68MB, paused 272us total 16.300ms
08-06 06:13:08.362 10629 10642 I art     : Starting a blocking GC Explicit
08-06 06:13:08.367   518   646 I ThermalEngine: ACTION: GPU - Setting GPU[0] to 510000000
08-06 06:13:08.382 10629 10642 I art     : Explicit concurrent mark sweep GC freed 3(96B) AllocSpace objects, 0(0B) LOS objects, 23% free, 52MB/68MB, paused 334us total 19.035ms
08-06 06:13:08.696 10629 10716 I art     : Starting a blocking GC Explicit
08-06 06:13:08.719 10629 10716 I art     : Explicit concurrent mark sweep GC freed 1341(78KB) AllocSpace objects, 1(20KB) LOS objects, 23% free, 52MB/68MB, paused 419us total 22.883ms
08-06 06:13:08.730 10629 10716 I art     : Starting a blocking GC Explicit
08-06 06:13:08.751 10629 10716 I art     : Explicit concurrent mark sweep GC freed 20(704B) AllocSpace objects, 0(0B) LOS objects, 23% free, 52MB/68MB, paused 382us total 20.445ms
08-06 06:13:08.760 10629 10716 I art     : Starting a blocking GC Explicit
08-06 06:13:08.780 10629 10716 I art     : Explicit concurrent mark sweep GC freed 3(96B) AllocSpace objects, 0(0B) LOS objects, 23% free, 52MB/68MB, paused 412us total 19.909ms
08-06 06:13:08.789 10629 10716 I art     : Starting a blocking GC Explicit
08-06 06:13:08.809 10629 10716 I art     : Explicit concurrent mark sweep GC freed 3(96B) AllocSpace objects, 0(0B) LOS objects, 23% free, 52MB/68MB, paused 367us total 19.962ms
08-06 06:13:08.818 10629 10716 I art     : Starting a blocking GC Explicit
08-06 06:13:08.837 10629 10716 I art     : Explicit concurrent mark sweep GC freed 3(96B) AllocSpace objects, 0(0B) LOS objects, 23% free, 52MB/68MB, paused 527us total 19.057ms
08-06 06:13:09.161 10629 11112 I art     : Starting a blocking GC Explicit
08-06 06:13:09.182 10629 11112 I art     : Explicit concurrent mark sweep GC freed 1341(78KB) AllocSpace objects, 1(20KB) LOS objects, 23% free, 52MB/68MB, paused 380us total 20.034ms
08-06 06:13:09.190 10629 11112 I art     : Starting a blocking GC Explicit
08-06 06:13:09.210 10629 11112 I art     : Explicit concurrent mark sweep GC freed 20(704B) AllocSpace objects, 0(0B) LOS objects, 23% free, 52MB/68MB, paused 362us total 19.374ms
08-06 06:13:09.218 10629 11112 I art     : Starting a blocking GC Explicit
08-06 06:13:09.238 10629 11112 I art     : Explicit concurrent mark sweep GC freed 3(96B) AllocSpace objects, 0(0B) LOS objects, 23% free, 52MB/68MB, paused 405us total 19.296ms
08-06 06:13:09.246 10629 11112 I art     : Starting a blocking GC Explicit
08-06 06:13:09.264 10629 11112 I art     : Explicit concurrent mark sweep GC freed 3(96B) AllocSpace objects, 0(0B) LOS objects, 23% free, 52MB/68MB, paused 369us total 18.357ms
08-06 06:13:09.272 10629 11112 I art     : Starting a blocking GC Explicit
08-06 06:13:09.291 10629 11112 I art     : Explicit concurrent mark sweep GC freed 3(96B) AllocSpace objects, 0(0B) LOS objects, 23% free, 52MB/68MB, paused 372us total 18.555ms
08-06 06:13:09.542 11740 11740 D AndroidRuntime: >>>>>> START com.android.internal.os.RuntimeInit uid 2000 <<<<<<
08-06 06:13:09.547 11740 11740 D AndroidRuntime: CheckJNI is OFF
08-06 06:13:09.583 11740 11740 D ICU     : No timezone override file found: /data/misc/zoneinfo/current/icu/icu_tzdata.dat
08-06 06:13:09.588 10629 10640 I art     : Starting a blocking GC Explicit
08-06 06:13:09.608 10629 10640 I art     : Explicit concurrent mark sweep GC freed 1341(78KB) AllocSpace objects, 1(20KB) LOS objects, 23% free, 52MB/68MB, paused 382us total 19.883ms
08-06 06:13:09.617 10629 10640 I art     : Starting a blocking GC Explicit
08-06 06:13:09.618 11740 11740 I Radio-JNI: register_android_hardware_Radio DONE
08-06 06:13:09.637 10629 10640 I art     : Explicit concurrent mark sweep GC freed 20(704B) AllocSpace objects, 0(0B) LOS objects, 23% free, 52MB/68MB, paused 453us total 19.893ms
08-06 06:13:09.642 11740 11740 D AndroidRuntime: Calling main entry com.android.commands.input.Input
08-06 06:13:09.643 11740 11740 I Input   : injectKeyEvent: KeyEvent { action=ACTION_DOWN, keyCode=KEYCODE_BACK, scanCode=0, metaState=0, flags=0x0, repeatCount=0, eventTime=857606056, downTime=857606056, deviceId=-1, source=0x101 }
08-06 06:13:09.646 10629 10640 I art     : Starting a blocking GC Explicit
08-06 06:13:09.649 11740 11740 I Input   : injectKeyEvent: KeyEvent { action=ACTION_UP, keyCode=KEYCODE_BACK, scanCode=0, metaState=0, flags=0x0, repeatCount=0, eventTime=857606056, downTime=857606056, deviceId=-1, source=0x101 }
08-06 06:13:09.655 11740 11740 D AndroidRuntime: Shutting down VM
08-06 06:13:09.664 10629 10640 I art     : Explicit concurrent mark sweep GC freed 136(6KB) AllocSpace objects, 0(0B) LOS objects, 23% free, 52MB/68MB, paused 369us total 17.959ms
08-06 06:13:09.672 10629 10640 I art     : Starting a blocking GC Explicit
08-06 06:13:09.685 13866 13866 I GoogleInputMethodServic: GoogleInputMethodService.onFinishInput():3138 
08-06 06:13:09.686 13866 13866 I GoogleInputMethodServic: GoogleInputMethodService.onStartInput():1808 
08-06 06:13:09.689 10629 10640 I art     : Explicit concurrent mark sweep GC freed 12(368B) AllocSpace objects, 0(0B) LOS objects, 23% free, 52MB/68MB, paused 370us total 16.701ms
08-06 06:13:09.698 10629 10640 I art     : Starting a blocking GC Explicit
08-06 06:13:09.715 10629 10640 I art     : Explicit concurrent mark sweep GC freed 30(1120B) AllocSpace objects, 0(0B) LOS objects, 23% free, 52MB/68MB, paused 365us total 16.776ms
08-06 06:13:09.976 10629 11112 I art     : Starting a blocking GC Explicit
08-06 06:13:09.993   380   380 W SurfaceFlinger: couldn't log to binary event log: overflow.
08-06 06:13:09.997 10629 11112 I art     : Explicit concurrent mark sweep GC freed 1434(86KB) AllocSpace objects, 1(20KB) LOS objects, 23% free, 52MB/68MB, paused 604us total 21.040ms
08-06 06:13:10.008 10629 11112 I art     : Starting a blocking GC Explicit
08-06 06:13:10.025 10629 11112 I art     : Explicit concurrent mark sweep GC freed 43(1840B) AllocSpace objects, 0(0B) LOS objects, 23% free, 52MB/68MB, paused 363us total 17.521ms
08-06 06:13:10.033 10629 11112 I art     : Starting a blocking GC Explicit
08-06 06:13:10.051 10629 11112 I art     : Explicit concurrent mark sweep GC freed 1655(106KB) AllocSpace objects, 3(400KB) LOS objects, 23% free, 51MB/67MB, paused 362us total 17.566ms
08-06 06:13:10.059 10629 11112 I art     : Starting a blocking GC Explicit
08-06 06:13:10.076 10629 11112 I art     : Explicit concurrent mark sweep GC freed 3(96B) AllocSpace objects, 0(0B) LOS objects, 23% free, 51MB/67MB, paused 411us total 17.309ms
08-06 06:13:10.084 10629 11112 I art     : Starting a blocking GC Explicit
08-06 06:13:10.101 10629 11112 I art     : Explicit concurrent mark sweep GC freed 3(96B) AllocSpace objects, 0(0B) LOS objects, 23% free, 51MB/67MB, paused 351us total 17.385ms
08-06 06:13:10.294 13866 13882 I PeriodicStatsRunner: PeriodicStatsRunner.call():175 call()
08-06 06:13:10.295 13866 13882 I PeriodicStatsRunner: PeriodicStatsRunner.call():179 No submit PeriodicStats since input started.
08-06 06:13:10.383 10629 10640 I art     : Starting a blocking GC Explicit
08-06 06:13:10.407 10629 10640 I art     : Explicit concurrent mark sweep GC freed 1341(78KB) AllocSpace objects, 1(20KB) LOS objects, 23% free, 51MB/67MB, paused 400us total 24.104ms
08-06 06:13:10.419 10629 10640 I art     : Starting a blocking GC Explicit
08-06 06:13:10.442 10629 10640 I art     : Explicit concurrent mark sweep GC freed 20(704B) AllocSpace objects, 0(0B) LOS objects, 23% free, 51MB/67MB, paused 558us total 23.228ms
08-06 06:13:10.453 10629 10640 I art     : Starting a blocking GC Explicit
08-06 06:13:10.473 10629 10640 I art     : Explicit concurrent mark sweep GC freed 3(96B) AllocSpace objects, 0(0B) LOS objects, 23% free, 51MB/67MB, paused 365us total 19.694ms
08-06 06:13:10.481 10629 10640 I art     : Starting a blocking GC Explicit
08-06 06:13:10.500 10629 10640 I art     : Explicit concurrent mark sweep GC freed 3(96B) AllocSpace objects, 0(0B) LOS objects, 23% free, 51MB/67MB, paused 364us total 18.560ms
08-06 06:13:10.508 10629 10640 I art     : Starting a blocking GC Explicit
08-06 06:13:10.527 10629 10640 I art     : Explicit concurrent mark sweep GC freed 3(96B) AllocSpace objects, 0(0B) LOS objects, 23% free, 51MB/67MB, paused 365us total 18.520ms
08-06 06:13:10.814 10629 11773 I art     : Starting a blocking GC Explicit
08-06 06:13:10.838 10629 11773 I art     : Explicit concurrent mark sweep GC freed 1340(78KB) AllocSpace objects, 1(20KB) LOS objects, 23% free, 51MB/67MB, paused 452us total 23.773ms
08-06 06:13:10.849 10629 11773 I art     : Starting a blocking GC Explicit
08-06 06:13:10.868 10629 11773 I art     : Explicit concurrent mark sweep GC freed 20(704B) AllocSpace objects, 0(0B) LOS objects, 23% free, 51MB/67MB, paused 374us total 19.536ms
08-06 06:13:10.877 10629 11773 I art     : Starting a blocking GC Explicit
08-06 06:13:10.895 10629 11773 I art     : Explicit concurrent mark sweep GC freed 3(96B) AllocSpace objects, 0(0B) LOS objects, 23% free, 51MB/67MB, paused 423us total 18.319ms
08-06 06:13:10.904 10629 11773 I art     : Starting a blocking GC Explicit
08-06 06:13:10.922 10629 11773 I art     : Explicit concurrent mark sweep GC freed 3(96B) AllocSpace objects, 0(0B) LOS objects, 23% free, 51MB/67MB, paused 378us total 17.361ms
08-06 06:13:10.929 10629 11773 I art     : Starting a blocking GC Explicit
08-06 06:13:10.946 10629 11773 I art     : Explicit concurrent mark sweep GC freed 3(96B) AllocSpace objects, 0(0B) LOS objects, 23% free, 51MB/67MB, paused 388us total 16.947ms
08-06 06:13:11.222 10629 10716 I art     : Starting a blocking GC Explicit
08-06 06:13:11.242 10629 10716 I art     : Explicit concurrent mark sweep GC freed 1340(78KB) AllocSpace objects, 1(20KB) LOS objects, 23% free, 51MB/67MB, paused 387us total 19.405ms
08-06 06:13:11.250 10629 10716 I art     : Starting a blocking GC Explicit
08-06 06:13:11.270 10629 10716 I art     : Explicit concurrent mark sweep GC freed 20(704B) AllocSpace objects, 0(0B) LOS objects, 23% free, 51MB/67MB, paused 375us total 18.909ms
08-06 06:13:11.278 10629 10716 I art     : Starting a blocking GC Explicit
08-06 06:13:11.297 10629 10716 I art     : Explicit concurrent mark sweep GC freed 3(96B) AllocSpace objects, 0(0B) LOS objects, 23% free, 51MB/67MB, paused 421us total 18.486ms
08-06 06:13:11.305 10629 10716 I art     : Starting a blocking GC Explicit
08-06 06:13:11.314 11794 11794 D AndroidRuntime: >>>>>> START com.android.internal.os.RuntimeInit uid 2000 <<<<<<
08-06 06:13:11.319 11794 11794 D AndroidRuntime: CheckJNI is OFF
08-06 06:13:11.323 10629 10716 I art     : Explicit concurrent mark sweep GC freed 3(96B) AllocSpace objects, 0(0B) LOS objects, 23% free, 51MB/67MB, paused 403us total 18.512ms
08-06 06:13:11.332 10629 10716 I art     : Starting a blocking GC Explicit
08-06 06:13:11.350 10629 10716 I art     : Explicit concurrent mark sweep GC freed 3(96B) AllocSpace objects, 0(0B) LOS objects, 23% free, 51MB/67MB, paused 410us total 18.243ms
08-06 06:13:11.354 11794 11794 D ICU     : No timezone override file found: /data/misc/zoneinfo/current/icu/icu_tzdata.dat
08-06 06:13:11.387 11794 11794 I Radio-JNI: register_android_hardware_Radio DONE
08-06 06:13:11.408 11794 11794 D AndroidRuntime: Calling main entry com.android.commands.input.Input
08-06 06:13:11.410 11794 11794 I Input   : injectMotionEvent: MotionEvent { action=ACTION_DOWN, actionButton=0, id[0]=0, x[0]=733.0, y[0]=1957.0, toolType[0]=TOOL_TYPE_UNKNOWN, buttonState=0, metaState=0, flags=0x0, edgeFlags=0x0, pointerCount=1, historySize=0, eventTime=857607823, downTime=857607823, deviceId=0, source=0x1002 }
08-06 06:13:11.415 11794 11794 I Input   : injectMotionEvent: MotionEvent { action=ACTION_UP, actionButton=0, id[0]=0, x[0]=733.0, y[0]=1957.0, toolType[0]=TOOL_TYPE_UNKNOWN, buttonState=0, metaState=0, flags=0x0, edgeFlags=0x0, pointerCount=1, historySize=0, eventTime=857607823, downTime=857607823, deviceId=0, source=0x1002 }
08-06 06:13:11.417   918  4400 I ActivityManager: START u0 {cmp=baseline.appteam.nith.hillffair/.activities.ClubActivity (has extras)} from uid 10697 on display 0
08-06 06:13:11.425 11794 11794 D AndroidRuntime: Shutting down VM
08-06 06:13:11.522   918   936 I ActivityManager: Displayed baseline.appteam.nith.hillffair/.activities.ClubActivity: +96ms
08-06 06:13:11.523 13866 13866 I GoogleInputMethodServic: GoogleInputMethodService.onFinishInput():3138 
08-06 06:13:11.523 13866 13866 I GoogleInputMethodServic: GoogleInputMethodService.onStartInput():1808 
08-06 06:13:11.592 10629 11112 I art     : Starting a blocking GC Explicit
08-06 06:13:11.611 10629 11112 I art     : Explicit concurrent mark sweep GC freed 5298(332KB) AllocSpace objects, 1(20KB) LOS objects, 23% free, 52MB/68MB, paused 407us total 18.869ms
08-06 06:13:11.619 10629 11112 I art     : Starting a blocking GC Explicit
08-06 06:13:11.637 10629 11112 I art     : Explicit concurrent mark sweep GC freed 211(9KB) AllocSpace objects, 0(0B) LOS objects, 23% free, 52MB/68MB, paused 594us total 17.857ms
08-06 06:13:11.648 10629 11112 I art     : Starting a blocking GC Explicit
08-06 06:13:11.671 10629 11112 I art     : Explicit concurrent mark sweep GC freed 3(96B) AllocSpace objects, 0(0B) LOS objects, 23% free, 52MB/68MB, paused 542us total 23.458ms
08-06 06:13:11.682 10629 11112 I art     : Starting a blocking GC Explicit
08-06 06:13:11.703 10629 11112 I art     : Explicit concurrent mark sweep GC freed 3(96B) AllocSpace objects, 0(0B) LOS objects, 23% free, 52MB/68MB, paused 408us total 20.481ms
08-06 06:13:11.711 10629 11112 I art     : Starting a blocking GC Explicit
08-06 06:13:11.734 10629 11112 I art     : Explicit concurrent mark sweep GC freed 3(96B) AllocSpace objects, 0(0B) LOS objects, 23% free, 52MB/68MB, paused 437us total 22.135ms
08-06 06:13:11.780   380   380 W SurfaceFlinger: couldn't log to binary event log: overflow.
08-06 06:13:11.982 13866 13882 I PeriodicStatsRunner: PeriodicStatsRunner.call():175 call()
08-06 06:13:11.982 13866 13882 I PeriodicStatsRunner: PeriodicStatsRunner.call():179 No submit PeriodicStats since input started.
08-06 06:13:12.003 10629 10716 I art     : Starting a blocking GC Explicit
08-06 06:13:12.024 10629 10716 I art     : Explicit concurrent mark sweep GC freed 1462(84KB) AllocSpace objects, 1(20KB) LOS objects, 23% free, 52MB/68MB, paused 433us total 20.616ms
08-06 06:13:12.033 10629 10716 I art     : Starting a blocking GC Explicit
08-06 06:13:12.053 10629 10716 I art     : Explicit concurrent mark sweep GC freed 42(1472B) AllocSpace objects, 0(0B) LOS objects, 23% free, 52MB/68MB, paused 469us total 19.465ms
08-06 06:13:12.061 10629 10716 I art     : Starting a blocking GC Explicit
08-06 06:13:12.081 10629 10716 I art     : Explicit concurrent mark sweep GC freed 10(352B) AllocSpace objects, 0(0B) LOS objects, 23% free, 52MB/68MB, paused 591us total 19.568ms
08-06 06:13:12.089 10629 10716 I art     : Starting a blocking GC Explicit
08-06 06:13:12.108 10629 10716 I art     : Explicit concurrent mark sweep GC freed 11(416B) AllocSpace objects, 0(0B) LOS objects, 23% free, 52MB/68MB, paused 406us total 18.614ms
08-06 06:13:12.116 10629 10716 I art     : Starting a blocking GC Explicit
08-06 06:13:12.136 10629 10716 I art     : Explicit concurrent mark sweep GC freed 13(480B) AllocSpace objects, 0(0B) LOS objects, 23% free, 52MB/68MB, paused 418us total 19.131ms
08-06 06:13:12.219 10629 11817 D OkHttp  : --> GET https://api-hillfair-2k16.herokuapp.com/api/app/events/special/event?id=58065620dcba0f490c70fe09 http/1.1
08-06 06:13:12.254 10629 11817 D OkHttp  : <-- 200 OK https://api-hillfair-2k16.herokuapp.com/api/app/events/special/event?id=58065620dcba0f490c70fe09 (35ms, 682-byte body)
08-06 06:13:12.316 10629 10629 I NAPPA_EXPERIMENTATION: MetricNetworkRequestExecutionTime: REQUEST_DURATION_SYSTEM='860',REQUEST_DURATION_OKHTTP='35',REQUEST_SYNCHRONOUS='FALSE',RESPONSE_CODE='200',RESPONSE_METHOD='GET',RESPONSE_LENGTH_OKHTTP='682',RESPONSE_LENGTH_HEADER='682',REQUEST_PROTOCOL='http/1.1',REQUEST_URL='https://api-hillfair-2k16.herokuapp.com/api/app/events/special/event?id=58065620dcba0f490c70fe09',
08-06 06:13:12.418 10629 11112 I art     : Starting a blocking GC Explicit
08-06 06:13:12.440 10629 11112 I art     : Explicit concurrent mark sweep GC freed 4770(309KB) AllocSpace objects, 4(220KB) LOS objects, 23% free, 52MB/68MB, paused 375us total 21.694ms
08-06 06:13:12.449 10629 11112 I art     : Starting a blocking GC Explicit
08-06 06:13:12.468 10629 11112 I art     : Explicit concurrent mark sweep GC freed 1038(119KB) AllocSpace objects, 0(0B) LOS objects, 23% free, 52MB/68MB, paused 380us total 18.321ms
08-06 06:13:12.475 10629 11112 I art     : Starting a blocking GC Explicit
08-06 06:13:12.493 10629 11112 I art     : Explicit concurrent mark sweep GC freed 3(96B) AllocSpace objects, 0(0B) LOS objects, 23% free, 52MB/68MB, paused 369us total 17.637ms
08-06 06:13:12.502 10629 11112 I art     : Starting a blocking GC Explicit
08-06 06:13:12.521 10629 11112 I art     : Explicit concurrent mark sweep GC freed 3(96B) AllocSpace objects, 0(0B) LOS objects, 23% free, 52MB/68MB, paused 390us total 19.130ms
08-06 06:13:12.529 10629 11112 I art     : Starting a blocking GC Explicit
08-06 06:13:12.549 10629 11112 I art     : Explicit concurrent mark sweep GC freed 3(96B) AllocSpace objects, 0(0B) LOS objects, 23% free, 52MB/68MB, paused 360us total 19.567ms
08-06 06:13:12.844 10629 10640 I art     : Starting a blocking GC Explicit
08-06 06:13:12.872 10629 10640 I art     : Explicit concurrent mark sweep GC freed 1341(78KB) AllocSpace objects, 1(20KB) LOS objects, 23% free, 52MB/68MB, paused 439us total 28.072ms
08-06 06:13:12.884 10629 10640 I art     : Starting a blocking GC Explicit
08-06 06:13:12.905 10629 10640 I art     : Explicit concurrent mark sweep GC freed 36(1264B) AllocSpace objects, 0(0B) LOS objects, 23% free, 52MB/68MB, paused 409us total 20.637ms
08-06 06:13:12.914 10629 10640 I art     : Starting a blocking GC Explicit
08-06 06:13:12.934 10629 10640 I art     : Explicit concurrent mark sweep GC freed 3(96B) AllocSpace objects, 0(0B) LOS objects, 23% free, 52MB/68MB, paused 407us total 20.309ms
08-06 06:13:12.943 10629 10640 I art     : Starting a blocking GC Explicit
08-06 06:13:12.964 10629 10640 I art     : Explicit concurrent mark sweep GC freed 3(96B) AllocSpace objects, 0(0B) LOS objects, 23% free, 52MB/68MB, paused 398us total 20.421ms
08-06 06:13:12.972 10629 10640 I art     : Starting a blocking GC Explicit
08-06 06:13:12.992 10629 10640 I art     : Explicit concurrent mark sweep GC freed 3(96B) AllocSpace objects, 0(0B) LOS objects, 23% free, 52MB/68MB, paused 383us total 19.785ms
08-06 06:13:13.326 10629 10642 I art     : Starting a blocking GC Explicit
08-06 06:13:13.352 10629 10642 I art     : Explicit concurrent mark sweep GC freed 1341(78KB) AllocSpace objects, 1(20KB) LOS objects, 23% free, 52MB/68MB, paused 423us total 25.098ms
08-06 06:13:13.367 10629 10642 I art     : Starting a blocking GC Explicit
08-06 06:13:13.386 10629 10642 I art     : Explicit concurrent mark sweep GC freed 20(704B) AllocSpace objects, 0(0B) LOS objects, 23% free, 52MB/68MB, paused 378us total 18.923ms
08-06 06:13:13.394 10629 10642 I art     : Starting a blocking GC Explicit
08-06 06:13:13.413 10629 10642 I art     : Explicit concurrent mark sweep GC freed 3(96B) AllocSpace objects, 0(0B) LOS objects, 23% free, 52MB/68MB, paused 372us total 19.132ms
08-06 06:13:13.422 10629 10642 I art     : Starting a blocking GC Explicit
08-06 06:13:13.441 10629 10642 I art     : Explicit concurrent mark sweep GC freed 3(96B) AllocSpace objects, 0(0B) LOS objects, 23% free, 52MB/68MB, paused 373us total 19.104ms
08-06 06:13:13.449 10629 10642 I art     : Starting a blocking GC Explicit
08-06 06:13:13.469 10629 10642 I art     : Explicit concurrent mark sweep GC freed 3(96B) AllocSpace objects, 0(0B) LOS objects, 23% free, 52MB/68MB, paused 394us total 19.688ms
08-06 06:13:13.767 10629 11773 I art     : Starting a blocking GC Explicit
08-06 06:13:13.787 10629 11773 I art     : Explicit concurrent mark sweep GC freed 1341(78KB) AllocSpace objects, 1(20KB) LOS objects, 23% free, 52MB/68MB, paused 430us total 20.359ms
08-06 06:13:13.796 10629 11773 I art     : Starting a blocking GC Explicit
08-06 06:13:13.816 10629 11773 I art     : Explicit concurrent mark sweep GC freed 20(704B) AllocSpace objects, 0(0B) LOS objects, 23% free, 52MB/68MB, paused 405us total 19.774ms
08-06 06:13:13.824 10629 11773 I art     : Starting a blocking GC Explicit
08-06 06:13:13.845 10629 11773 I art     : Explicit concurrent mark sweep GC freed 3(96B) AllocSpace objects, 0(0B) LOS objects, 23% free, 52MB/68MB, paused 431us total 20.119ms
08-06 06:13:13.853 10629 11773 I art     : Starting a blocking GC Explicit
08-06 06:13:13.872 10629 11773 I art     : Explicit concurrent mark sweep GC freed 3(96B) AllocSpace objects, 0(0B) LOS objects, 23% free, 52MB/68MB, paused 396us total 19.064ms
08-06 06:13:13.880 10629 11773 I art     : Starting a blocking GC Explicit
08-06 06:13:13.900 10629 11773 I art     : Explicit concurrent mark sweep GC freed 3(96B) AllocSpace objects, 0(0B) LOS objects, 23% free, 52MB/68MB, paused 393us total 19.076ms
08-06 06:13:14.094 11873 11873 D AndroidRuntime: >>>>>> START com.android.internal.os.RuntimeInit uid 2000 <<<<<<
08-06 06:13:14.099 11873 11873 D AndroidRuntime: CheckJNI is OFF
08-06 06:13:14.133 11873 11873 D ICU     : No timezone override file found: /data/misc/zoneinfo/current/icu/icu_tzdata.dat
08-06 06:13:14.164 11873 11873 I Radio-JNI: register_android_hardware_Radio DONE
08-06 06:13:14.186 11873 11873 D AndroidRuntime: Calling main entry com.android.commands.input.Input
08-06 06:13:14.188 11873 11873 I Input   : injectKeyEvent: KeyEvent { action=ACTION_DOWN, keyCode=KEYCODE_BACK, scanCode=0, metaState=0, flags=0x0, repeatCount=0, eventTime=857610601, downTime=857610601, deviceId=-1, source=0x101 }
08-06 06:13:14.193 11873 11873 I Input   : injectKeyEvent: KeyEvent { action=ACTION_UP, keyCode=KEYCODE_BACK, scanCode=0, metaState=0, flags=0x0, repeatCount=0, eventTime=857610601, downTime=857610601, deviceId=-1, source=0x101 }
08-06 06:13:14.198 11873 11873 D AndroidRuntime: Shutting down VM
08-06 06:13:14.202 10629 10642 I art     : Starting a blocking GC Explicit
08-06 06:13:14.223 10629 10642 I art     : Explicit concurrent mark sweep GC freed 1482(84KB) AllocSpace objects, 1(20KB) LOS objects, 23% free, 52MB/68MB, paused 372us total 20.564ms
08-06 06:13:14.231 10629 10642 I art     : Starting a blocking GC Explicit
08-06 06:13:14.238 13866 13866 I GoogleInputMethodServic: GoogleInputMethodService.onFinishInput():3138 
08-06 06:13:14.238 13866 13866 I GoogleInputMethodServic: GoogleInputMethodService.onStartInput():1808 
08-06 06:13:14.251 10629 10642 I art     : Explicit concurrent mark sweep GC freed 42(1584B) AllocSpace objects, 0(0B) LOS objects, 23% free, 52MB/68MB, paused 560us total 19.326ms
08-06 06:13:14.259 10629 10642 I art     : Starting a blocking GC Explicit
08-06 06:13:14.278 10629 10642 I art     : Explicit concurrent mark sweep GC freed 13(432B) AllocSpace objects, 0(0B) LOS objects, 23% free, 52MB/68MB, paused 385us total 18.039ms
08-06 06:13:14.287 10629 10642 I art     : Starting a blocking GC Explicit
08-06 06:13:14.305 10629 10642 I art     : Explicit concurrent mark sweep GC freed 6(224B) AllocSpace objects, 0(0B) LOS objects, 23% free, 52MB/68MB, paused 347us total 17.963ms
08-06 06:13:14.313 10629 10642 I art     : Starting a blocking GC Explicit
08-06 06:13:14.330 10629 10642 I art     : Explicit concurrent mark sweep GC freed 3(96B) AllocSpace objects, 0(0B) LOS objects, 23% free, 52MB/68MB, paused 372us total 17.128ms
08-06 06:13:14.532   380   380 W SurfaceFlinger: couldn't log to binary event log: overflow.
08-06 06:13:14.586 10629 10642 I art     : Starting a blocking GC Explicit
08-06 06:13:14.607 10629 10642 I art     : Explicit concurrent mark sweep GC freed 1450(87KB) AllocSpace objects, 1(20KB) LOS objects, 23% free, 52MB/68MB, paused 391us total 20.810ms
08-06 06:13:14.616 10629 10642 I art     : Starting a blocking GC Explicit
08-06 06:13:14.635 10629 10642 I art     : Explicit concurrent mark sweep GC freed 1672(106KB) AllocSpace objects, 3(400KB) LOS objects, 23% free, 51MB/67MB, paused 379us total 19.375ms
08-06 06:13:14.644 10629 10642 I art     : Starting a blocking GC Explicit
08-06 06:13:14.664 10629 10642 I art     : Explicit concurrent mark sweep GC freed 3(96B) AllocSpace objects, 0(0B) LOS objects, 23% free, 51MB/67MB, paused 369us total 19.565ms
08-06 06:13:14.672 10629 10642 I art     : Starting a blocking GC Explicit
08-06 06:13:14.686 13866 13882 I PeriodicStatsRunner: PeriodicStatsRunner.call():175 call()
08-06 06:13:14.686 13866 13882 I PeriodicStatsRunner: PeriodicStatsRunner.call():179 No submit PeriodicStats since input started.
08-06 06:13:14.692 10629 10642 I art     : Explicit concurrent mark sweep GC freed 3(96B) AllocSpace objects, 0(0B) LOS objects, 23% free, 51MB/67MB, paused 359us total 18.936ms
08-06 06:13:14.700 10629 10642 I art     : Starting a blocking GC Explicit
08-06 06:13:14.720 10629 10642 I art     : Explicit concurrent mark sweep GC freed 3(96B) AllocSpace objects, 0(0B) LOS objects, 23% free, 51MB/67MB, paused 387us total 19.323ms
08-06 06:13:15.012 10629 10640 I art     : Starting a blocking GC Explicit
08-06 06:13:15.037 10629 10640 I art     : Explicit concurrent mark sweep GC freed 1341(78KB) AllocSpace objects, 1(20KB) LOS objects, 23% free, 51MB/67MB, paused 422us total 24.581ms
08-06 06:13:15.048 10629 10640 I art     : Starting a blocking GC Explicit
08-06 06:13:15.072 10629 10640 I art     : Explicit concurrent mark sweep GC freed 20(704B) AllocSpace objects, 0(0B) LOS objects, 23% free, 51MB/67MB, paused 391us total 22.839ms
08-06 06:13:15.081 10629 10640 I art     : Starting a blocking GC Explicit
08-06 06:13:15.101 10629 10640 I art     : Explicit concurrent mark sweep GC freed 3(96B) AllocSpace objects, 0(0B) LOS objects, 23% free, 51MB/67MB, paused 391us total 20.215ms
08-06 06:13:15.105   918  3188 I hubconnection: sensorhub said: 'set_bias 3: -5.9136, 0.0000, 0.0000'
08-06 06:13:15.110 10629 10640 I art     : Starting a blocking GC Explicit
08-06 06:13:15.129 10629 10640 I art     : Explicit concurrent mark sweep GC freed 3(96B) AllocSpace objects, 0(0B) LOS objects, 23% free, 51MB/67MB, paused 383us total 18.958ms
08-06 06:13:15.137 10629 10640 I art     : Starting a blocking GC Explicit
08-06 06:13:15.157 10629 10640 I art     : Explicit concurrent mark sweep GC freed 3(96B) AllocSpace objects, 0(0B) LOS objects, 23% free, 51MB/67MB, paused 412us total 19.511ms
08-06 06:13:15.458 10629 11112 I art     : Starting a blocking GC Explicit
08-06 06:13:15.478 10629 11112 I art     : Explicit concurrent mark sweep GC freed 1340(78KB) AllocSpace objects, 1(20KB) LOS objects, 23% free, 51MB/67MB, paused 422us total 20.123ms
08-06 06:13:15.487 10629 11112 I art     : Starting a blocking GC Explicit
08-06 06:13:15.506 10629 11112 I art     : Explicit concurrent mark sweep GC freed 20(704B) AllocSpace objects, 0(0B) LOS objects, 23% free, 51MB/67MB, paused 387us total 18.440ms
08-06 06:13:15.514 10629 11112 I art     : Starting a blocking GC Explicit
08-06 06:13:15.532 10629 11112 I art     : Explicit concurrent mark sweep GC freed 3(96B) AllocSpace objects, 0(0B) LOS objects, 23% free, 51MB/67MB, paused 410us total 18.474ms
08-06 06:13:15.540 10629 11112 I art     : Starting a blocking GC Explicit
08-06 06:13:15.559 10629 11112 I art     : Explicit concurrent mark sweep GC freed 3(96B) AllocSpace objects, 0(0B) LOS objects, 23% free, 51MB/67MB, paused 389us total 18.771ms
08-06 06:13:15.568 10629 11112 I art     : Starting a blocking GC Explicit
08-06 06:13:15.586 10629 11112 I art     : Explicit concurrent mark sweep GC freed 3(96B) AllocSpace objects, 0(0B) LOS objects, 23% free, 51MB/67MB, paused 388us total 18.013ms
08-06 06:13:15.847 11932 11932 D AndroidRuntime: >>>>>> START com.android.internal.os.RuntimeInit uid 2000 <<<<<<
08-06 06:13:15.852 11932 11932 D AndroidRuntime: CheckJNI is OFF
08-06 06:13:15.863 10629 10716 I art     : Starting a blocking GC Explicit
08-06 06:13:15.882 10629 10716 I art     : Explicit concurrent mark sweep GC freed 1340(78KB) AllocSpace objects, 1(20KB) LOS objects, 23% free, 51MB/67MB, paused 403us total 19.220ms
08-06 06:13:15.888 11932 11932 D ICU     : No timezone override file found: /data/misc/zoneinfo/current/icu/icu_tzdata.dat
08-06 06:13:15.891 10629 10716 I art     : Starting a blocking GC Explicit
08-06 06:13:15.910 10629 10716 I art     : Explicit concurrent mark sweep GC freed 20(704B) AllocSpace objects, 0(0B) LOS objects, 23% free, 51MB/67MB, paused 393us total 19.042ms
08-06 06:13:15.918 10629 10716 I art     : Starting a blocking GC Explicit
08-06 06:13:15.923 11932 11932 I Radio-JNI: register_android_hardware_Radio DONE
08-06 06:13:15.936 10629 10716 I art     : Explicit concurrent mark sweep GC freed 3(96B) AllocSpace objects, 0(0B) LOS objects, 23% free, 51MB/67MB, paused 395us total 17.466ms
08-06 06:13:15.944 10629 10716 I art     : Starting a blocking GC Explicit
08-06 06:13:15.944 11932 11932 D AndroidRuntime: Calling main entry com.android.commands.input.Input
08-06 06:13:15.946 11932 11932 I Input   : injectMotionEvent: MotionEvent { action=ACTION_DOWN, actionButton=0, id[0]=0, x[0]=733.0, y[0]=645.0, toolType[0]=TOOL_TYPE_UNKNOWN, buttonState=0, metaState=0, flags=0x0, edgeFlags=0x0, pointerCount=1, historySize=0, eventTime=857612359, downTime=857612359, deviceId=0, source=0x1002 }
08-06 06:13:15.951 11932 11932 I Input   : injectMotionEvent: MotionEvent { action=ACTION_UP, actionButton=0, id[0]=0, x[0]=733.0, y[0]=645.0, toolType[0]=TOOL_TYPE_UNKNOWN, buttonState=0, metaState=0, flags=0x0, edgeFlags=0x0, pointerCount=1, historySize=0, eventTime=857612359, downTime=857612359, deviceId=0, source=0x1002 }
08-06 06:13:15.953   918  6029 I ActivityManager: START u0 {cmp=baseline.appteam.nith.hillffair/.activities.ClubActivity (has extras)} from uid 10697 on display 0
08-06 06:13:15.959 11932 11932 D AndroidRuntime: Shutting down VM
08-06 06:13:15.961 10629 10716 I art     : Explicit concurrent mark sweep GC freed 26(864B) AllocSpace objects, 0(0B) LOS objects, 23% free, 51MB/67MB, paused 401us total 16.828ms
08-06 06:13:15.968 10629 10716 I art     : Starting a blocking GC Explicit
08-06 06:13:15.987 10629 10716 I art     : Explicit concurrent mark sweep GC freed 354(33KB) AllocSpace objects, 0(0B) LOS objects, 23% free, 52MB/68MB, paused 602us total 18.584ms
08-06 06:13:16.054 13866 13866 I GoogleInputMethodServic: GoogleInputMethodService.onFinishInput():3138 
08-06 06:13:16.054 13866 13866 I GoogleInputMethodServic: GoogleInputMethodService.onStartInput():1808 
08-06 06:13:16.055   918   936 I ActivityManager: Displayed baseline.appteam.nith.hillffair/.activities.ClubActivity: +95ms
08-06 06:13:16.239 10629 10640 I art     : Starting a blocking GC Explicit
08-06 06:13:16.263 10629 10640 I art     : Explicit concurrent mark sweep GC freed 5027(303KB) AllocSpace objects, 1(20KB) LOS objects, 23% free, 52MB/68MB, paused 406us total 24.022ms
08-06 06:13:16.274 10629 10640 I art     : Starting a blocking GC Explicit
08-06 06:13:16.285   380   380 W SurfaceFlinger: couldn't log to binary event log: overflow.
08-06 06:13:16.297 10629 10640 I art     : Explicit concurrent mark sweep GC freed 93(3KB) AllocSpace objects, 0(0B) LOS objects, 23% free, 52MB/68MB, paused 577us total 22.796ms
08-06 06:13:16.306 10629 10640 I art     : Starting a blocking GC Explicit
08-06 06:13:16.324 10629 10640 I art     : Explicit concurrent mark sweep GC freed 3(96B) AllocSpace objects, 0(0B) LOS objects, 23% free, 52MB/68MB, paused 392us total 17.557ms
08-06 06:13:16.331 10629 10640 I art     : Starting a blocking GC Explicit
08-06 06:13:16.348 10629 10640 I art     : Explicit concurrent mark sweep GC freed 3(96B) AllocSpace objects, 0(0B) LOS objects, 23% free, 52MB/68MB, paused 415us total 16.824ms
08-06 06:13:16.356 10629 10640 I art     : Starting a blocking GC Explicit
08-06 06:13:16.373   918  3261 D WifiStateMachine: starting scan for "H369AA63323"WPA_PSK with 2412,5180
08-06 06:13:16.374 10629 10640 I art     : Explicit concurrent mark sweep GC freed 3(96B) AllocSpace objects, 0(0B) LOS objects, 23% free, 52MB/68MB, paused 378us total 18.050ms
08-06 06:13:16.523 13866 13882 I PeriodicStatsRunner: PeriodicStatsRunner.call():175 call()
08-06 06:13:16.523 13866 13882 I PeriodicStatsRunner: PeriodicStatsRunner.call():179 No submit PeriodicStats since input started.
08-06 06:13:16.647 10629 10640 I art     : Starting a blocking GC Explicit
08-06 06:13:16.668 10629 10640 I art     : Explicit concurrent mark sweep GC freed 1482(85KB) AllocSpace objects, 1(20KB) LOS objects, 23% free, 52MB/68MB, paused 457us total 21.302ms
08-06 06:13:16.677 10629 10640 I art     : Starting a blocking GC Explicit
08-06 06:13:16.697 10629 10640 I art     : Explicit concurrent mark sweep GC freed 56(1920B) AllocSpace objects, 0(0B) LOS objects, 23% free, 52MB/68MB, paused 490us total 19.498ms
08-06 06:13:16.705 10629 10640 I art     : Starting a blocking GC Explicit
08-06 06:13:16.725 10629 10640 I art     : Explicit concurrent mark sweep GC freed 13(480B) AllocSpace objects, 0(0B) LOS objects, 23% free, 52MB/68MB, paused 435us total 19.708ms
08-06 06:13:16.734 10629 10640 I art     : Starting a blocking GC Explicit
08-06 06:13:16.754 10629 10640 I art     : Explicit concurrent mark sweep GC freed 12(432B) AllocSpace objects, 0(0B) LOS objects, 23% free, 52MB/68MB, paused 581us total 19.807ms
08-06 06:13:16.762 10629 10640 I art     : Starting a blocking GC Explicit
08-06 06:13:16.782 10629 10640 I art     : Explicit concurrent mark sweep GC freed 9(336B) AllocSpace objects, 0(0B) LOS objects, 23% free, 52MB/68MB, paused 423us total 19.048ms
08-06 06:13:16.822 10629 11955 D OkHttp  : --> GET https://api-hillfair-2k16.herokuapp.com/api/app/events/special/event?id=5806551bdcba0f490c70fd1f http/1.1
08-06 06:13:16.857 10629 11955 D OkHttp  : <-- 200 OK https://api-hillfair-2k16.herokuapp.com/api/app/events/special/event?id=5806551bdcba0f490c70fd1f (34ms, 795-byte body)
08-06 06:13:16.903 10629 10629 I NAPPA_EXPERIMENTATION: MetricNetworkRequestExecutionTime: REQUEST_DURATION_SYSTEM='912',REQUEST_DURATION_OKHTTP='34',REQUEST_SYNCHRONOUS='FALSE',RESPONSE_CODE='200',RESPONSE_METHOD='GET',RESPONSE_LENGTH_OKHTTP='795',RESPONSE_LENGTH_HEADER='795',REQUEST_PROTOCOL='http/1.1',REQUEST_URL='https://api-hillfair-2k16.herokuapp.com/api/app/events/special/event?id=5806551bdcba0f490c70fd1f',
08-06 06:13:17.059 10629 10642 I art     : Starting a blocking GC Explicit
08-06 06:13:17.081 10629 10642 I art     : Explicit concurrent mark sweep GC freed 4760(310KB) AllocSpace objects, 4(220KB) LOS objects, 23% free, 52MB/68MB, paused 426us total 22.673ms
08-06 06:13:17.091 10629 10642 I art     : Starting a blocking GC Explicit
08-06 06:13:17.112 10629 10642 I art     : Explicit concurrent mark sweep GC freed 1032(119KB) AllocSpace objects, 0(0B) LOS objects, 23% free, 52MB/68MB, paused 426us total 21.126ms
08-06 06:13:17.121 10629 10642 I art     : Starting a blocking GC Explicit
08-06 06:13:17.141 10629 10642 I art     : Explicit concurrent mark sweep GC freed 3(96B) AllocSpace objects, 0(0B) LOS objects, 23% free, 52MB/68MB, paused 416us total 20.127ms
08-06 06:13:17.150 10629 10642 I art     : Starting a blocking GC Explicit
08-06 06:13:17.169 10629 10642 I art     : Explicit concurrent mark sweep GC freed 3(96B) AllocSpace objects, 0(0B) LOS objects, 23% free, 52MB/68MB, paused 419us total 19.346ms
08-06 06:13:17.178 10629 10642 I art     : Starting a blocking GC Explicit
08-06 06:13:17.198 10629 10642 I art     : Explicit concurrent mark sweep GC freed 3(96B) AllocSpace objects, 0(0B) LOS objects, 23% free, 52MB/68MB, paused 448us total 19.528ms
08-06 06:13:17.480 10629 11112 I art     : Starting a blocking GC Explicit
08-06 06:13:17.506 10629 11112 I art     : Explicit concurrent mark sweep GC freed 1341(78KB) AllocSpace objects, 1(20KB) LOS objects, 23% free, 52MB/68MB, paused 455us total 25.752ms
08-06 06:13:17.517 10629 11112 I art     : Starting a blocking GC Explicit
08-06 06:13:17.538 10629 11112 I art     : Explicit concurrent mark sweep GC freed 36(1264B) AllocSpace objects, 0(0B) LOS objects, 23% free, 52MB/68MB, paused 451us total 20.213ms
08-06 06:13:17.546 10629 11112 I art     : Starting a blocking GC Explicit
08-06 06:13:17.567 10629 11112 I art     : Explicit concurrent mark sweep GC freed 3(96B) AllocSpace objects, 0(0B) LOS objects, 23% free, 52MB/68MB, paused 484us total 20.302ms
08-06 06:13:17.575 10629 11112 I art     : Starting a blocking GC Explicit
08-06 06:13:17.595 10629 11112 I art     : Explicit concurrent mark sweep GC freed 3(96B) AllocSpace objects, 0(0B) LOS objects, 23% free, 52MB/68MB, paused 405us total 19.888ms
08-06 06:13:17.604 10629 11112 I art     : Starting a blocking GC Explicit
08-06 06:13:17.624 10629 11112 I art     : Explicit concurrent mark sweep GC freed 3(96B) AllocSpace objects, 0(0B) LOS objects, 23% free, 52MB/68MB, paused 415us total 20.518ms
08-06 06:13:17.942 10629 10640 I art     : Starting a blocking GC Explicit
08-06 06:13:17.968 10629 10640 I art     : Explicit concurrent mark sweep GC freed 1341(78KB) AllocSpace objects, 1(20KB) LOS objects, 23% free, 52MB/68MB, paused 465us total 25.879ms
08-06 06:13:17.981 10629 10640 I art     : Starting a blocking GC Explicit
08-06 06:13:18.006 10629 10640 I art     : Explicit concurrent mark sweep GC freed 20(704B) AllocSpace objects, 0(0B) LOS objects, 23% free, 52MB/68MB, paused 410us total 24.672ms
08-06 06:13:18.015 10629 10640 I art     : Starting a blocking GC Explicit
08-06 06:13:18.036 10629 10640 I art     : Explicit concurrent mark sweep GC freed 3(96B) AllocSpace objects, 0(0B) LOS objects, 23% free, 52MB/68MB, paused 423us total 21.008ms
08-06 06:13:18.045 10629 10640 I art     : Starting a blocking GC Explicit
08-06 06:13:18.065 10629 10640 I art     : Explicit concurrent mark sweep GC freed 3(96B) AllocSpace objects, 0(0B) LOS objects, 23% free, 52MB/68MB, paused 422us total 20.093ms
08-06 06:13:18.074 10629 10640 I art     : Starting a blocking GC Explicit
08-06 06:13:18.094 10629 10640 I art     : Explicit concurrent mark sweep GC freed 3(96B) AllocSpace objects, 0(0B) LOS objects, 23% free, 52MB/68MB, paused 403us total 20.388ms
08-06 06:13:18.414 10629 10716 I art     : Starting a blocking GC Explicit
08-06 06:13:18.444 10629 10716 I art     : Explicit concurrent mark sweep GC freed 1341(78KB) AllocSpace objects, 1(20KB) LOS objects, 23% free, 52MB/68MB, paused 486us total 29.313ms
08-06 06:13:18.457 10629 10716 I art     : Starting a blocking GC Explicit
08-06 06:13:18.478 10629 10716 I art     : Explicit concurrent mark sweep GC freed 20(704B) AllocSpace objects, 0(0B) LOS objects, 23% free, 52MB/68MB, paused 416us total 20.817ms
08-06 06:13:18.487 10629 10716 I art     : Starting a blocking GC Explicit
08-06 06:13:18.508 10629 10716 I art     : Explicit concurrent mark sweep GC freed 3(96B) AllocSpace objects, 0(0B) LOS objects, 23% free, 52MB/68MB, paused 421us total 20.431ms
08-06 06:13:18.516 10629 10716 I art     : Starting a blocking GC Explicit
08-06 06:13:18.537 10629 10716 I art     : Explicit concurrent mark sweep GC freed 3(96B) AllocSpace objects, 0(0B) LOS objects, 23% free, 52MB/68MB, paused 494us total 20.573ms
08-06 06:13:18.546 10629 10716 I art     : Starting a blocking GC Explicit
08-06 06:13:18.567 10629 10716 I art     : Explicit concurrent mark sweep GC freed 3(96B) AllocSpace objects, 0(0B) LOS objects, 23% free, 52MB/68MB, paused 492us total 20.880ms
08-06 06:13:18.882 10629 11773 I art     : Starting a blocking GC Explicit
08-06 06:13:18.909 10629 11773 I art     : Explicit concurrent mark sweep GC freed 1341(78KB) AllocSpace objects, 1(20KB) LOS objects, 23% free, 52MB/68MB, paused 448us total 27.286ms
08-06 06:13:18.921 10629 11773 I art     : Starting a blocking GC Explicit
08-06 06:13:18.944 10629 11773 I art     : Explicit concurrent mark sweep GC freed 20(704B) AllocSpace objects, 0(0B) LOS objects, 23% free, 52MB/68MB, paused 408us total 22.641ms
08-06 06:13:18.953 10629 11773 I art     : Starting a blocking GC Explicit
08-06 06:13:18.974 10629 11773 I art     : Explicit concurrent mark sweep GC freed 3(96B) AllocSpace objects, 0(0B) LOS objects, 23% free, 52MB/68MB, paused 419us total 20.970ms
08-06 06:13:18.983 10629 11773 I art     : Starting a blocking GC Explicit
08-06 06:13:19.004 10629 11773 I art     : Explicit concurrent mark sweep GC freed 3(96B) AllocSpace objects, 0(0B) LOS objects, 23% free, 52MB/68MB, paused 414us total 20.938ms
08-06 06:13:19.013 10629 11773 I art     : Starting a blocking GC Explicit
08-06 06:13:19.034 10629 11773 I art     : Explicit concurrent mark sweep GC freed 3(96B) AllocSpace objects, 0(0B) LOS objects, 23% free, 52MB/68MB, paused 450us total 20.871ms
08-06 06:13:19.239 13866 13882 I PeriodicStatsRunner: PeriodicStatsRunner.call():175 call()
08-06 06:13:19.239 13866 13882 I PeriodicStatsRunner: PeriodicStatsRunner.call():179 No submit PeriodicStats since input started.
08-06 06:13:19.349 10629 10642 I art     : Starting a blocking GC Explicit
08-06 06:13:19.372 10629 10642 I art     : Explicit concurrent mark sweep GC freed 1341(78KB) AllocSpace objects, 1(20KB) LOS objects, 23% free, 52MB/68MB, paused 456us total 23.001ms
08-06 06:13:19.386 10629 10642 I art     : Starting a blocking GC Explicit
08-06 06:13:19.407 10629 10642 I art     : Explicit concurrent mark sweep GC freed 20(704B) AllocSpace objects, 0(0B) LOS objects, 23% free, 52MB/68MB, paused 412us total 20.070ms
08-06 06:13:19.415 10629 10642 I art     : Starting a blocking GC Explicit
08-06 06:13:19.436 10629 10642 I art     : Explicit concurrent mark sweep GC freed 3(96B) AllocSpace objects, 0(0B) LOS objects, 23% free, 52MB/68MB, paused 419us total 20.480ms
08-06 06:13:19.444 10629 10642 I art     : Starting a blocking GC Explicit
08-06 06:13:19.465 10629 10642 I art     : Explicit concurrent mark sweep GC freed 3(96B) AllocSpace objects, 0(0B) LOS objects, 23% free, 52MB/68MB, paused 398us total 20.797ms
08-06 06:13:19.474 10629 10642 I art     : Starting a blocking GC Explicit
08-06 06:13:19.494 10629 10642 I art     : Explicit concurrent mark sweep GC freed 3(96B) AllocSpace objects, 0(0B) LOS objects, 23% free, 52MB/68MB, paused 413us total 20.013ms
08-06 06:13:19.817 10629 11112 I art     : Starting a blocking GC Explicit
08-06 06:13:19.843 10629 11112 I art     : Explicit concurrent mark sweep GC freed 1341(78KB) AllocSpace objects, 1(20KB) LOS objects, 23% free, 52MB/68MB, paused 509us total 25.920ms
08-06 06:13:19.854 10629 11112 I art     : Starting a blocking GC Explicit
08-06 06:13:19.875 10629 11112 I art     : Explicit concurrent mark sweep GC freed 20(704B) AllocSpace objects, 0(0B) LOS objects, 23% free, 52MB/68MB, paused 419us total 21.088ms
08-06 06:13:19.884 10629 11112 I art     : Starting a blocking GC Explicit
08-06 06:13:19.905 10629 11112 I art     : Explicit concurrent mark sweep GC freed 3(96B) AllocSpace objects, 0(0B) LOS objects, 23% free, 52MB/68MB, paused 415us total 21.093ms
08-06 06:13:19.914 10629 11112 I art     : Starting a blocking GC Explicit
08-06 06:13:19.935 10629 11112 I art     : Explicit concurrent mark sweep GC freed 3(96B) AllocSpace objects, 0(0B) LOS objects, 23% free, 52MB/68MB, paused 427us total 20.798ms
08-06 06:13:19.944 10629 11112 I art     : Starting a blocking GC Explicit
08-06 06:13:19.964 10629 11112 I art     : Explicit concurrent mark sweep GC freed 3(96B) AllocSpace objects, 0(0B) LOS objects, 23% free, 52MB/68MB, paused 418us total 20.409ms
08-06 06:13:20.273 10629 10640 I art     : Starting a blocking GC Explicit
08-06 06:13:20.294 10629 10640 I art     : Explicit concurrent mark sweep GC freed 1341(78KB) AllocSpace objects, 1(20KB) LOS objects, 23% free, 52MB/68MB, paused 400us total 20.748ms
08-06 06:13:20.303 10629 10640 I art     : Starting a blocking GC Explicit
08-06 06:13:20.322 10629 10640 I art     : Explicit concurrent mark sweep GC freed 20(704B) AllocSpace objects, 0(0B) LOS objects, 23% free, 52MB/68MB, paused 413us total 19.284ms
08-06 06:13:20.330 10629 10640 I art     : Starting a blocking GC Explicit
08-06 06:13:20.350 10629 10640 I art     : Explicit concurrent mark sweep GC freed 3(96B) AllocSpace objects, 0(0B) LOS objects, 23% free, 52MB/68MB, paused 422us total 19.382ms
08-06 06:13:20.358 10629 10640 I art     : Starting a blocking GC Explicit
08-06 06:13:20.378 10629 10640 I art     : Explicit concurrent mark sweep GC freed 3(96B) AllocSpace objects, 0(0B) LOS objects, 23% free, 52MB/68MB, paused 407us total 19.511ms
08-06 06:13:20.386 10629 10640 I art     : Starting a blocking GC Explicit
08-06 06:13:20.406 10629 10640 I art     : Explicit concurrent mark sweep GC freed 3(96B) AllocSpace objects, 0(0B) LOS objects, 23% free, 52MB/68MB, paused 415us total 19.130ms
08-06 06:13:20.623 12055 12055 D AndroidRuntime: >>>>>> START com.android.internal.os.RuntimeInit uid 2000 <<<<<<
08-06 06:13:20.628 12055 12055 D AndroidRuntime: CheckJNI is OFF
08-06 06:13:20.660 12055 12055 D ICU     : No timezone override file found: /data/misc/zoneinfo/current/icu/icu_tzdata.dat
08-06 06:13:20.693 12055 12055 I Radio-JNI: register_android_hardware_Radio DONE
08-06 06:13:20.714 10629 10716 I art     : Starting a blocking GC Explicit
08-06 06:13:20.715 12055 12055 D AndroidRuntime: Calling main entry com.android.commands.input.Input
08-06 06:13:20.717 12055 12055 I Input   : injectKeyEvent: KeyEvent { action=ACTION_DOWN, keyCode=KEYCODE_BACK, scanCode=0, metaState=0, flags=0x0, repeatCount=0, eventTime=857617129, downTime=857617129, deviceId=-1, source=0x101 }
08-06 06:13:20.721 12055 12055 I Input   : injectKeyEvent: KeyEvent { action=ACTION_UP, keyCode=KEYCODE_BACK, scanCode=0, metaState=0, flags=0x0, repeatCount=0, eventTime=857617129, downTime=857617129, deviceId=-1, source=0x101 }
08-06 06:13:20.727 12055 12055 D AndroidRuntime: Shutting down VM
08-06 06:13:20.735 10629 10716 I art     : Explicit concurrent mark sweep GC freed 1468(84KB) AllocSpace objects, 1(20KB) LOS objects, 23% free, 52MB/68MB, paused 464us total 20.567ms
08-06 06:13:20.743 10629 10716 I art     : Starting a blocking GC Explicit
08-06 06:13:20.763 10629 10716 I art     : Explicit concurrent mark sweep GC freed 33(1184B) AllocSpace objects, 0(0B) LOS objects, 23% free, 52MB/68MB, paused 459us total 19.915ms
08-06 06:13:20.765 13866 13866 I GoogleInputMethodServic: GoogleInputMethodService.onFinishInput():3138 
08-06 06:13:20.766 13866 13866 I GoogleInputMethodServic: GoogleInputMethodService.onStartInput():1808 
08-06 06:13:20.771 10629 10716 I art     : Starting a blocking GC Explicit
08-06 06:13:20.790 10629 10716 I art     : Explicit concurrent mark sweep GC freed 31(1152B) AllocSpace objects, 0(0B) LOS objects, 23% free, 52MB/68MB, paused 426us total 18.637ms
08-06 06:13:20.799 10629 10716 I art     : Starting a blocking GC Explicit
08-06 06:13:20.816 10629 10716 I art     : Explicit concurrent mark sweep GC freed 10(384B) AllocSpace objects, 0(0B) LOS objects, 23% free, 52MB/68MB, paused 367us total 17.453ms
08-06 06:13:20.824 10629 10716 I art     : Starting a blocking GC Explicit
08-06 06:13:20.842 10629 10716 I art     : Explicit concurrent mark sweep GC freed 3(96B) AllocSpace objects, 0(0B) LOS objects, 23% free, 52MB/68MB, paused 360us total 17.246ms
08-06 06:13:21.054 13866 13882 I PeriodicStatsRunner: PeriodicStatsRunner.call():175 call()
08-06 06:13:21.055 13866 13882 I PeriodicStatsRunner: PeriodicStatsRunner.call():179 No submit PeriodicStats since input started.
08-06 06:13:21.074   380   380 W SurfaceFlinger: couldn't log to binary event log: overflow.
08-06 06:13:21.102 10629 11112 I art     : Starting a blocking GC Explicit
08-06 06:13:21.123 10629 11112 I art     : Explicit concurrent mark sweep GC freed 1451(87KB) AllocSpace objects, 1(20KB) LOS objects, 23% free, 52MB/68MB, paused 405us total 20.403ms
08-06 06:13:21.132 10629 11112 I art     : Starting a blocking GC Explicit
08-06 06:13:21.150 10629 11112 I art     : Explicit concurrent mark sweep GC freed 1672(107KB) AllocSpace objects, 3(400KB) LOS objects, 23% free, 52MB/68MB, paused 399us total 18.232ms
08-06 06:13:21.158 10629 11112 I art     : Starting a blocking GC Explicit
08-06 06:13:21.176 10629 11112 I art     : Explicit concurrent mark sweep GC freed 3(96B) AllocSpace objects, 0(0B) LOS objects, 23% free, 52MB/68MB, paused 424us total 18.343ms
08-06 06:13:21.185 10629 11112 I art     : Starting a blocking GC Explicit
08-06 06:13:21.204 10629 11112 I art     : Explicit concurrent mark sweep GC freed 3(96B) AllocSpace objects, 0(0B) LOS objects, 23% free, 52MB/68MB, paused 430us total 19.548ms
08-06 06:13:21.213 10629 11112 I art     : Starting a blocking GC Explicit
08-06 06:13:21.233 10629 11112 I art     : Explicit concurrent mark sweep GC freed 3(96B) AllocSpace objects, 0(0B) LOS objects, 23% free, 52MB/68MB, paused 411us total 19.677ms
08-06 06:13:21.519 10629 10640 I art     : Starting a blocking GC Explicit
08-06 06:13:21.545 10629 10640 I art     : Explicit concurrent mark sweep GC freed 1341(78KB) AllocSpace objects, 1(20KB) LOS objects, 23% free, 52MB/68MB, paused 462us total 25.694ms
08-06 06:13:21.559 10629 10640 I art     : Starting a blocking GC Explicit
08-06 06:13:21.581 10629 10640 I art     : Explicit concurrent mark sweep GC freed 20(704B) AllocSpace objects, 0(0B) LOS objects, 23% free, 52MB/68MB, paused 421us total 21.606ms
08-06 06:13:21.589 10629 10640 I art     : Starting a blocking GC Explicit
08-06 06:13:21.610 10629 10640 I art     : Explicit concurrent mark sweep GC freed 3(96B) AllocSpace objects, 0(0B) LOS objects, 23% free, 52MB/68MB, paused 419us total 20.111ms
08-06 06:13:21.618 10629 10640 I art     : Starting a blocking GC Explicit
08-06 06:13:21.639 10629 10640 I art     : Explicit concurrent mark sweep GC freed 3(96B) AllocSpace objects, 0(0B) LOS objects, 23% free, 52MB/68MB, paused 512us total 20.555ms
08-06 06:13:21.648 10629 10640 I art     : Starting a blocking GC Explicit
08-06 06:13:21.669 10629 10640 I art     : Explicit concurrent mark sweep GC freed 3(96B) AllocSpace objects, 0(0B) LOS objects, 23% free, 52MB/68MB, paused 409us total 20.467ms
08-06 06:13:21.959 10629 11773 I art     : Starting a blocking GC Explicit
08-06 06:13:21.981 10629 11773 I art     : Explicit concurrent mark sweep GC freed 1340(78KB) AllocSpace objects, 1(20KB) LOS objects, 23% free, 52MB/68MB, paused 434us total 22.297ms
08-06 06:13:21.990 10629 11773 I art     : Starting a blocking GC Explicit
08-06 06:13:22.011 10629 11773 I art     : Explicit concurrent mark sweep GC freed 228(13KB) AllocSpace objects, 0(0B) LOS objects, 23% free, 52MB/68MB, paused 501us total 20.172ms
08-06 06:13:22.019 10629 11773 I art     : Starting a blocking GC Explicit
08-06 06:13:22.038 10629 11773 I art     : Explicit concurrent mark sweep GC freed 70(3KB) AllocSpace objects, 0(0B) LOS objects, 23% free, 52MB/68MB, paused 477us total 18.926ms
08-06 06:13:22.046 10629 11773 I art     : Starting a blocking GC Explicit
08-06 06:13:22.065 10629 11773 I art     : Explicit concurrent mark sweep GC freed 45(1568B) AllocSpace objects, 0(0B) LOS objects, 23% free, 52MB/68MB, paused 488us total 18.724ms
08-06 06:13:22.073 10629 11773 I art     : Starting a blocking GC Explicit
08-06 06:13:22.092 10629 11773 I art     : Explicit concurrent mark sweep GC freed 206(8KB) AllocSpace objects, 0(0B) LOS objects, 23% free, 52MB/68MB, paused 536us total 18.669ms
08-06 06:13:22.140 10629 12114 W OneSignal: OneSignalRestClient: POST Error thrown from network stack. 
08-06 06:13:22.140 10629 12114 W OneSignal: java.io.IOException: unexpected end of stream on Connection{api.onesignal.com:443, proxy=HTTP@192.168.2.12:8080 hostAddress=192.168.2.12 cipherSuite=TLS_ECDHE_RSA_WITH_AES_128_GCM_SHA256 protocol=http/1.1} (recycle count=0)
08-06 06:13:22.140 10629 12114 W OneSignal: 	at com.android.okhttp.internal.http.HttpConnection.readResponse(HttpConnection.java:210)
08-06 06:13:22.140 10629 12114 W OneSignal: 	at com.android.okhttp.internal.http.HttpTransport.readResponseHeaders(HttpTransport.java:80)
08-06 06:13:22.140 10629 12114 W OneSignal: 	at com.android.okhttp.internal.http.HttpEngine.readNetworkResponse(HttpEngine.java:904)
08-06 06:13:22.140 10629 12114 W OneSignal: 	at com.android.okhttp.internal.http.HttpEngine.readResponse(HttpEngine.java:788)
08-06 06:13:22.140 10629 12114 W OneSignal: 	at com.android.okhttp.internal.huc.HttpURLConnectionImpl.execute(HttpURLConnectionImpl.java:439)
08-06 06:13:22.140 10629 12114 W OneSignal: 	at com.android.okhttp.internal.huc.HttpURLConnectionImpl.getResponse(HttpURLConnectionImpl.java:384)
08-06 06:13:22.140 10629 12114 W OneSignal: 	at com.android.okhttp.internal.huc.HttpURLConnectionImpl.getResponseCode(HttpURLConnectionImpl.java:497)
08-06 06:13:22.140 10629 12114 W OneSignal: 	at com.android.okhttp.internal.huc.DelegatingHttpsURLConnection.getResponseCode(DelegatingHttpsURLConnection.java:105)
08-06 06:13:22.140 10629 12114 W OneSignal: 	at com.android.okhttp.internal.huc.HttpsURLConnectionImpl.getResponseCode(HttpsURLConnectionImpl.java)
08-06 06:13:22.140 10629 12114 W OneSignal: 	at com.onesignal.OneSignalRestClient.startHTTPConnection(OneSignalRestClient.java:180)
08-06 06:13:22.140 10629 12114 W OneSignal: 	at com.onesignal.OneSignalRestClient.access$100(OneSignalRestClient.java:44)
08-06 06:13:22.140 10629 12114 W OneSignal: 	at com.onesignal.OneSignalRestClient$4.run(OneSignalRestClient.java:110)
08-06 06:13:22.140 10629 12114 W OneSignal: 	at java.lang.Thread.run(Thread.java:818)
08-06 06:13:22.140 10629 12114 W OneSignal: Caused by: java.io.EOFException: \n not found: size=0 content=...
08-06 06:13:22.140 10629 12114 W OneSignal: 	at com.android.okhttp.okio.RealBufferedSource.readUtf8LineStrict(RealBufferedSource.java:200)
08-06 06:13:22.140 10629 12114 W OneSignal: 	at com.android.okhttp.internal.http.HttpConnection.readResponse(HttpConnection.java:191)
08-06 06:13:22.140 10629 12114 W OneSignal: 	... 12 more
08-06 06:13:22.141 10629 12115 W OneSignal: Failed last request. statusCode: -1
08-06 06:13:22.141 10629 12115 W OneSignal: response: null
08-06 06:13:22.361 10629 10642 I art     : Starting a blocking GC Explicit
08-06 06:13:22.386 12112 12112 D AndroidRuntime: >>>>>> START com.android.internal.os.RuntimeInit uid 2000 <<<<<<
08-06 06:13:22.387 10629 10642 I art     : Explicit concurrent mark sweep GC freed 3378(215KB) AllocSpace objects, 1(20KB) LOS objects, 23% free, 52MB/68MB, paused 611us total 25.111ms
08-06 06:13:22.395 12112 12112 D AndroidRuntime: CheckJNI is OFF
08-06 06:13:22.399 10629 10642 I art     : Starting a blocking GC Explicit
08-06 06:13:22.418 10629 10642 I art     : Explicit concurrent mark sweep GC freed 63(2304B) AllocSpace objects, 0(0B) LOS objects, 23% free, 52MB/68MB, paused 439us total 19.310ms
08-06 06:13:22.426 10629 10642 I art     : Starting a blocking GC Explicit
08-06 06:13:22.434 12112 12112 D ICU     : No timezone override file found: /data/misc/zoneinfo/current/icu/icu_tzdata.dat
08-06 06:13:22.446 10629 10642 I art     : Explicit concurrent mark sweep GC freed 3(96B) AllocSpace objects, 0(0B) LOS objects, 23% free, 52MB/68MB, paused 432us total 19.251ms
08-06 06:13:22.454 10629 10642 I art     : Starting a blocking GC Explicit
08-06 06:13:22.468 12112 12112 I Radio-JNI: register_android_hardware_Radio DONE
08-06 06:13:22.473 10629 10642 I art     : Explicit concurrent mark sweep GC freed 3(96B) AllocSpace objects, 0(0B) LOS objects, 23% free, 52MB/68MB, paused 431us total 18.623ms
08-06 06:13:22.481 10629 10642 I art     : Starting a blocking GC Explicit
08-06 06:13:22.490 12112 12112 D AndroidRuntime: Calling main entry com.android.commands.input.Input
08-06 06:13:22.491 12112 12112 I Input   : injectKeyEvent: KeyEvent { action=ACTION_DOWN, keyCode=KEYCODE_BACK, scanCode=0, metaState=0, flags=0x0, repeatCount=0, eventTime=857618904, downTime=857618904, deviceId=-1, source=0x101 }
08-06 06:13:22.497 12112 12112 I Input   : injectKeyEvent: KeyEvent { action=ACTION_UP, keyCode=KEYCODE_BACK, scanCode=0, metaState=0, flags=0x0, repeatCount=0, eventTime=857618904, downTime=857618904, deviceId=-1, source=0x101 }
08-06 06:13:22.499 10629 10642 I art     : Explicit concurrent mark sweep GC freed 5(208B) AllocSpace objects, 0(0B) LOS objects, 23% free, 52MB/68MB, paused 563us total 17.721ms
08-06 06:13:22.503 12112 12112 D AndroidRuntime: Shutting down VM
08-06 06:13:22.550 13866 13866 I GoogleInputMethodServic: GoogleInputMethodService.onFinishInput():3138 
08-06 06:13:22.551 13866 13866 I GoogleInputMethodServic: GoogleInputMethodService.onStartInput():1808 
08-06 06:13:22.753 10629 11773 I art     : Starting a blocking GC Explicit
08-06 06:13:22.778 10629 11773 I art     : Explicit concurrent mark sweep GC freed 1548(87KB) AllocSpace objects, 1(20KB) LOS objects, 23% free, 52MB/68MB, paused 418us total 23.850ms
08-06 06:13:22.790 10629 11773 I art     : Starting a blocking GC Explicit
08-06 06:13:22.814 10629 11773 I art     : Explicit concurrent mark sweep GC freed 24(864B) AllocSpace objects, 0(0B) LOS objects, 23% free, 52MB/68MB, paused 473us total 23.501ms
08-06 06:13:22.824 10629 11773 I art     : Starting a blocking GC Explicit
08-06 06:13:22.844 10629 11773 I art     : Explicit concurrent mark sweep GC freed 521(26KB) AllocSpace objects, 0(0B) LOS objects, 23% free, 52MB/68MB, paused 580us total 19.812ms
08-06 06:13:22.853 10629 11773 I art     : Starting a blocking GC Explicit
08-06 06:13:22.871 10629 11773 I art     : Explicit concurrent mark sweep GC freed 549(25KB) AllocSpace objects, 0(0B) LOS objects, 23% free, 52MB/68MB, paused 404us total 18.017ms
08-06 06:13:22.879 10629 11773 I art     : Starting a blocking GC Explicit
08-06 06:13:22.896 10629 11773 I art     : Explicit concurrent mark sweep GC freed 2083(127KB) AllocSpace objects, 2(140KB) LOS objects, 23% free, 51MB/67MB, paused 382us total 16.662ms
08-06 06:13:23.176 10629 11112 I art     : Starting a blocking GC Explicit
08-06 06:13:23.205 10629 11112 I art     : Explicit concurrent mark sweep GC freed 1340(78KB) AllocSpace objects, 1(20KB) LOS objects, 23% free, 51MB/67MB, paused 561us total 29.031ms
08-06 06:13:23.217 10629 11112 I art     : Starting a blocking GC Explicit
08-06 06:13:23.240 10629 11112 I art     : Explicit concurrent mark sweep GC freed 20(704B) AllocSpace objects, 0(0B) LOS objects, 23% free, 51MB/67MB, paused 436us total 22.588ms
08-06 06:13:23.250 10629 11112 I art     : Starting a blocking GC Explicit
08-06 06:13:23.270 10629 11112 I art     : Explicit concurrent mark sweep GC freed 3(96B) AllocSpace objects, 0(0B) LOS objects, 23% free, 51MB/67MB, paused 415us total 19.523ms
08-06 06:13:23.278 10629 11112 I art     : Starting a blocking GC Explicit
08-06 06:13:23.298 10629 11112 I art     : Explicit concurrent mark sweep GC freed 3(96B) AllocSpace objects, 0(0B) LOS objects, 23% free, 51MB/67MB, paused 475us total 19.783ms
08-06 06:13:23.307 10629 11112 I art     : Starting a blocking GC Explicit
08-06 06:13:23.326 10629 11112 I art     : Explicit concurrent mark sweep GC freed 3(96B) AllocSpace objects, 0(0B) LOS objects, 23% free, 51MB/67MB, paused 418us total 19.166ms
08-06 06:13:23.625 10629 10716 I art     : Starting a blocking GC Explicit
08-06 06:13:23.651 10629 10716 I art     : Explicit concurrent mark sweep GC freed 1338(78KB) AllocSpace objects, 1(20KB) LOS objects, 23% free, 51MB/67MB, paused 452us total 26.020ms
08-06 06:13:23.664 10629 10716 I art     : Starting a blocking GC Explicit
08-06 06:13:23.683 10629 10716 I art     : Explicit concurrent mark sweep GC freed 20(704B) AllocSpace objects, 0(0B) LOS objects, 23% free, 51MB/67MB, paused 409us total 19.234ms
08-06 06:13:23.692 10629 10716 I art     : Starting a blocking GC Explicit
08-06 06:13:23.711 10629 10716 I art     : Explicit concurrent mark sweep GC freed 3(96B) AllocSpace objects, 0(0B) LOS objects, 23% free, 51MB/67MB, paused 398us total 19.226ms
08-06 06:13:23.720 10629 10716 I art     : Starting a blocking GC Explicit
08-06 06:13:23.739 10629 10716 I art     : Explicit concurrent mark sweep GC freed 3(96B) AllocSpace objects, 0(0B) LOS objects, 23% free, 51MB/67MB, paused 477us total 18.662ms
08-06 06:13:23.748 10629 10716 I art     : Starting a blocking GC Explicit
08-06 06:13:23.766 10629 10716 I art     : Explicit concurrent mark sweep GC freed 3(96B) AllocSpace objects, 0(0B) LOS objects, 23% free, 51MB/67MB, paused 419us total 17.744ms
08-06 06:13:24.031 10629 10640 I art     : Starting a blocking GC Explicit
08-06 06:13:24.050 10629 10640 I art     : Explicit concurrent mark sweep GC freed 1338(78KB) AllocSpace objects, 1(20KB) LOS objects, 23% free, 51MB/67MB, paused 418us total 19.207ms
08-06 06:13:24.059 10629 10640 I art     : Starting a blocking GC Explicit
08-06 06:13:24.078 10629 10640 I art     : Explicit concurrent mark sweep GC freed 20(704B) AllocSpace objects, 0(0B) LOS objects, 23% free, 51MB/67MB, paused 449us total 19.169ms
08-06 06:13:24.087 10629 10640 I art     : Starting a blocking GC Explicit
08-06 06:13:24.106 10629 10640 I art     : Explicit concurrent mark sweep GC freed 3(96B) AllocSpace objects, 0(0B) LOS objects, 23% free, 51MB/67MB, paused 415us total 19.008ms
08-06 06:13:24.114 10629 10640 I art     : Starting a blocking GC Explicit
08-06 06:13:24.132 10629 10640 I art     : Explicit concurrent mark sweep GC freed 3(96B) AllocSpace objects, 0(0B) LOS objects, 23% free, 51MB/67MB, paused 415us total 18.021ms
08-06 06:13:24.141 10629 10640 I art     : Starting a blocking GC Explicit
08-06 06:13:24.155 12167 12167 D AndroidRuntime: >>>>>> START com.android.internal.os.RuntimeInit uid 2000 <<<<<<
08-06 06:13:24.159 10629 10640 I art     : Explicit concurrent mark sweep GC freed 3(96B) AllocSpace objects, 0(0B) LOS objects, 23% free, 51MB/67MB, paused 462us total 18.123ms
08-06 06:13:24.160 12167 12167 D AndroidRuntime: CheckJNI is OFF
08-06 06:13:24.194 12167 12167 D ICU     : No timezone override file found: /data/misc/zoneinfo/current/icu/icu_tzdata.dat
08-06 06:13:24.227 12167 12167 I Radio-JNI: register_android_hardware_Radio DONE
08-06 06:13:24.249 12167 12167 D AndroidRuntime: Calling main entry com.android.commands.input.Input
08-06 06:13:24.251 12167 12167 I Input   : injectMotionEvent: MotionEvent { action=ACTION_DOWN, actionButton=0, id[0]=0, x[0]=337.0, y[0]=1104.0, toolType[0]=TOOL_TYPE_UNKNOWN, buttonState=0, metaState=0, flags=0x0, edgeFlags=0x0, pointerCount=1, historySize=0, eventTime=857620664, downTime=857620664, deviceId=0, source=0x1002 }
08-06 06:13:24.260 12167 12167 I Input   : injectMotionEvent: MotionEvent { action=ACTION_UP, actionButton=0, id[0]=0, x[0]=337.0, y[0]=1104.0, toolType[0]=TOOL_TYPE_UNKNOWN, buttonState=0, metaState=0, flags=0x0, edgeFlags=0x0, pointerCount=1, historySize=0, eventTime=857620664, downTime=857620664, deviceId=0, source=0x1002 }
08-06 06:13:24.262   918   929 I ActivityManager: START u0 {cmp=baseline.appteam.nith.hillffair/.activities.BattleDayActivity} from uid 10697 on display 0
08-06 06:13:24.272 12167 12167 D AndroidRuntime: Shutting down VM
08-06 06:13:24.339 13866 13866 I GoogleInputMethodServic: GoogleInputMethodService.onFinishInput():3138 
08-06 06:13:24.340 13866 13866 I GoogleInputMethodServic: GoogleInputMethodService.onStartInput():1808 
08-06 06:13:24.357   918   936 I ActivityManager: Displayed baseline.appteam.nith.hillffair/.activities.BattleDayActivity: +85ms
08-06 06:13:24.403 10629 11773 I art     : Starting a blocking GC Explicit
08-06 06:13:24.421 10629 11773 I art     : Explicit concurrent mark sweep GC freed 6361(383KB) AllocSpace objects, 1(20KB) LOS objects, 23% free, 52MB/68MB, paused 429us total 17.596ms
08-06 06:13:24.429 10629 11773 I art     : Starting a blocking GC Explicit
08-06 06:13:24.446 10629 11773 I art     : Explicit concurrent mark sweep GC freed 258(11KB) AllocSpace objects, 0(0B) LOS objects, 23% free, 52MB/68MB, paused 421us total 16.834ms
08-06 06:13:24.453 10629 11773 I art     : Starting a blocking GC Explicit
08-06 06:13:24.471 10629 11773 I art     : Explicit concurrent mark sweep GC freed 21(768B) AllocSpace objects, 0(0B) LOS objects, 23% free, 52MB/68MB, paused 424us total 16.875ms
08-06 06:13:24.478 10629 11773 I art     : Starting a blocking GC Explicit
08-06 06:13:24.496 10629 11773 I art     : Explicit concurrent mark sweep GC freed 3(96B) AllocSpace objects, 0(0B) LOS objects, 23% free, 52MB/68MB, paused 409us total 17.044ms
08-06 06:13:24.503 10629 11773 I art     : Starting a blocking GC Explicit
08-06 06:13:24.520 10629 11773 I art     : Explicit concurrent mark sweep GC freed 3(96B) AllocSpace objects, 0(0B) LOS objects, 23% free, 52MB/68MB, paused 456us total 16.687ms
08-06 06:13:24.593   380   380 W SurfaceFlinger: couldn't log to binary event log: overflow.
08-06 06:13:24.766 10629 10642 I art     : Starting a blocking GC Explicit
08-06 06:13:24.785 10629 10642 I art     : Explicit concurrent mark sweep GC freed 1422(83KB) AllocSpace objects, 1(20KB) LOS objects, 23% free, 52MB/68MB, paused 461us total 18.205ms
08-06 06:13:24.793 10629 10642 I art     : Starting a blocking GC Explicit
08-06 06:13:24.813 10629 10642 I art     : Explicit concurrent mark sweep GC freed 34(1216B) AllocSpace objects, 0(0B) LOS objects, 23% free, 52MB/68MB, paused 437us total 19.238ms
08-06 06:13:24.821 10629 10642 I art     : Starting a blocking GC Explicit
08-06 06:13:24.840 10629 10642 I art     : Explicit concurrent mark sweep GC freed 10(352B) AllocSpace objects, 0(0B) LOS objects, 23% free, 52MB/68MB, paused 466us total 18.919ms
08-06 06:13:24.848 10629 10642 I art     : Starting a blocking GC Explicit
08-06 06:13:24.867 10629 10642 I art     : Explicit concurrent mark sweep GC freed 11(416B) AllocSpace objects, 0(0B) LOS objects, 23% free, 52MB/68MB, paused 507us total 18.993ms
08-06 06:13:24.876 10629 10642 I art     : Starting a blocking GC Explicit
08-06 06:13:24.895 10629 10642 I art     : Explicit concurrent mark sweep GC freed 12(432B) AllocSpace objects, 0(0B) LOS objects, 23% free, 52MB/68MB, paused 495us total 19.221ms
08-06 06:13:25.118 10629 12192 D OkHttp  : --> GET https://api-hillfair-2k16.herokuapp.com/api/app/events/special http/1.1
08-06 06:13:25.152 10629 12192 D OkHttp  : <-- 200 OK https://api-hillfair-2k16.herokuapp.com/api/app/events/special (33ms, 554-byte body)
08-06 06:13:25.176 10629 10716 I art     : Starting a blocking GC Explicit
08-06 06:13:25.195 10629 10629 I NAPPA_EXPERIMENTATION: MetricNetworkRequestExecutionTime: REQUEST_DURATION_SYSTEM='898',REQUEST_DURATION_OKHTTP='34',REQUEST_SYNCHRONOUS='FALSE',RESPONSE_CODE='200',RESPONSE_METHOD='GET',RESPONSE_LENGTH_OKHTTP='554',RESPONSE_LENGTH_HEADER='554',REQUEST_PROTOCOL='http/1.1',REQUEST_URL='https://api-hillfair-2k16.herokuapp.com/api/app/events/special',
08-06 06:13:25.196 10629 10716 I art     : Explicit concurrent mark sweep GC freed 4216(247KB) AllocSpace objects, 4(220KB) LOS objects, 23% free, 52MB/68MB, paused 504us total 20.454ms
08-06 06:13:25.204 10629 10716 I art     : Starting a blocking GC Explicit
08-06 06:13:25.222 10629 10716 I art     : Explicit concurrent mark sweep GC freed 1581(176KB) AllocSpace objects, 0(0B) LOS objects, 23% free, 52MB/68MB, paused 640us total 18.017ms
08-06 06:13:25.230 10629 10716 I art     : Starting a blocking GC Explicit
08-06 06:13:25.248 10629 10716 I art     : Explicit concurrent mark sweep GC freed 249(8KB) AllocSpace objects, 0(0B) LOS objects, 23% free, 52MB/68MB, paused 430us total 17.922ms
08-06 06:13:25.256 10629 10716 I art     : Starting a blocking GC Explicit
08-06 06:13:25.273 10629 10716 I art     : Explicit concurrent mark sweep GC freed 36(1600B) AllocSpace objects, 0(0B) LOS objects, 23% free, 52MB/68MB, paused 414us total 17.307ms
08-06 06:13:25.282 10629 10716 I art     : Starting a blocking GC Explicit
08-06 06:13:25.300 10629 10716 I art     : Explicit concurrent mark sweep GC freed 3(96B) AllocSpace objects, 0(0B) LOS objects, 23% free, 52MB/68MB, paused 459us total 18.306ms
08-06 06:13:25.578 10629 11112 I art     : Starting a blocking GC Explicit
08-06 06:13:25.603 10629 11112 I art     : Explicit concurrent mark sweep GC freed 1340(78KB) AllocSpace objects, 1(20KB) LOS objects, 23% free, 52MB/68MB, paused 482us total 24.401ms
08-06 06:13:25.614 10629 11112 I art     : Starting a blocking GC Explicit
08-06 06:13:25.635 10629 11112 I art     : Explicit concurrent mark sweep GC freed 20(704B) AllocSpace objects, 0(0B) LOS objects, 23% free, 52MB/68MB, paused 502us total 20.524ms
08-06 06:13:25.643 10629 11112 I art     : Starting a blocking GC Explicit
08-06 06:13:25.664 10629 11112 I art     : Explicit concurrent mark sweep GC freed 3(96B) AllocSpace objects, 0(0B) LOS objects, 23% free, 52MB/68MB, paused 488us total 20.505ms
08-06 06:13:25.673 10629 11112 I art     : Starting a blocking GC Explicit
08-06 06:13:25.694 10629 11112 I art     : Explicit concurrent mark sweep GC freed 3(96B) AllocSpace objects, 0(0B) LOS objects, 23% free, 52MB/68MB, paused 449us total 20.660ms
08-06 06:13:25.703 10629 11112 I art     : Starting a blocking GC Explicit
08-06 06:13:25.723 10629 11112 I art     : Explicit concurrent mark sweep GC freed 3(96B) AllocSpace objects, 0(0B) LOS objects, 23% free, 52MB/68MB, paused 429us total 20.053ms
08-06 06:13:25.766 13866 13882 I PeriodicStatsRunner: PeriodicStatsRunner.call():175 call()
08-06 06:13:25.766 13866 13882 I PeriodicStatsRunner: PeriodicStatsRunner.call():179 No submit PeriodicStats since input started.
08-06 06:13:26.026 10629 10642 I art     : Starting a blocking GC Explicit
08-06 06:13:26.055 10629 10642 I art     : Explicit concurrent mark sweep GC freed 1340(78KB) AllocSpace objects, 1(20KB) LOS objects, 23% free, 52MB/68MB, paused 510us total 28.648ms
08-06 06:13:26.068 10629 10642 I art     : Starting a blocking GC Explicit
08-06 06:13:26.089 10629 10642 I art     : Explicit concurrent mark sweep GC freed 20(704B) AllocSpace objects, 0(0B) LOS objects, 23% free, 52MB/68MB, paused 485us total 20.812ms
08-06 06:13:26.098 10629 10642 I art     : Starting a blocking GC Explicit
08-06 06:13:26.118 10629 10642 I art     : Explicit concurrent mark sweep GC freed 3(96B) AllocSpace objects, 0(0B) LOS objects, 23% free, 52MB/68MB, paused 422us total 20.167ms
08-06 06:13:26.127 10629 10642 I art     : Starting a blocking GC Explicit
08-06 06:13:26.148 10629 10642 I art     : Explicit concurrent mark sweep GC freed 3(96B) AllocSpace objects, 0(0B) LOS objects, 23% free, 52MB/68MB, paused 453us total 20.521ms
08-06 06:13:26.156 10629 10642 I art     : Starting a blocking GC Explicit
08-06 06:13:26.177 10629 10642 I art     : Explicit concurrent mark sweep GC freed 3(96B) AllocSpace objects, 0(0B) LOS objects, 23% free, 52MB/68MB, paused 533us total 20.544ms
08-06 06:13:26.504 10629 10640 I art     : Starting a blocking GC Explicit
08-06 06:13:26.531 10629 10640 I art     : Explicit concurrent mark sweep GC freed 1340(78KB) AllocSpace objects, 1(20KB) LOS objects, 23% free, 52MB/68MB, paused 589us total 26.066ms
08-06 06:13:26.544 10629 10640 I art     : Starting a blocking GC Explicit
08-06 06:13:26.564 10629 10640 I art     : Explicit concurrent mark sweep GC freed 20(704B) AllocSpace objects, 0(0B) LOS objects, 23% free, 52MB/68MB, paused 415us total 19.660ms
08-06 06:13:26.572 10629 10640 I art     : Starting a blocking GC Explicit
08-06 06:13:26.592 10629 10640 I art     : Explicit concurrent mark sweep GC freed 3(96B) AllocSpace objects, 0(0B) LOS objects, 23% free, 52MB/68MB, paused 432us total 19.901ms
08-06 06:13:26.601 10629 10640 I art     : Starting a blocking GC Explicit
08-06 06:13:26.621 10629 10640 I art     : Explicit concurrent mark sweep GC freed 3(96B) AllocSpace objects, 0(0B) LOS objects, 23% free, 52MB/68MB, paused 438us total 20.532ms
08-06 06:13:26.630 10629 10640 I art     : Starting a blocking GC Explicit
08-06 06:13:26.652 10629 10640 I art     : Explicit concurrent mark sweep GC freed 3(96B) AllocSpace objects, 0(0B) LOS objects, 23% free, 52MB/68MB, paused 439us total 21.183ms
08-06 06:13:26.967 10629 11773 I art     : Starting a blocking GC Explicit
08-06 06:13:26.995 10629 11773 I art     : Explicit concurrent mark sweep GC freed 1340(78KB) AllocSpace objects, 1(20KB) LOS objects, 23% free, 52MB/68MB, paused 593us total 27.413ms
08-06 06:13:27.006 10629 11773 I art     : Starting a blocking GC Explicit
08-06 06:13:27.027 10629 11773 I art     : Explicit concurrent mark sweep GC freed 20(704B) AllocSpace objects, 0(0B) LOS objects, 23% free, 52MB/68MB, paused 497us total 20.517ms
08-06 06:13:27.036 10629 11773 I art     : Starting a blocking GC Explicit
08-06 06:13:27.057 10629 11773 I art     : Explicit concurrent mark sweep GC freed 3(96B) AllocSpace objects, 0(0B) LOS objects, 23% free, 52MB/68MB, paused 432us total 20.784ms
08-06 06:13:27.065 10629 11773 I art     : Starting a blocking GC Explicit
08-06 06:13:27.086 10629 11773 I art     : Explicit concurrent mark sweep GC freed 3(96B) AllocSpace objects, 0(0B) LOS objects, 23% free, 52MB/68MB, paused 446us total 20.673ms
08-06 06:13:27.095 10629 11773 I art     : Starting a blocking GC Explicit
08-06 06:13:27.116 10629 11773 I art     : Explicit concurrent mark sweep GC freed 3(96B) AllocSpace objects, 0(0B) LOS objects, 23% free, 52MB/68MB, paused 443us total 20.714ms
08-06 06:13:27.433 10629 10716 I art     : Starting a blocking GC Explicit
08-06 06:13:27.459 10629 10716 I art     : Explicit concurrent mark sweep GC freed 1340(78KB) AllocSpace objects, 1(20KB) LOS objects, 23% free, 52MB/68MB, paused 478us total 25.460ms
08-06 06:13:27.471 10629 10716 I art     : Starting a blocking GC Explicit
08-06 06:13:27.492 10629 10716 I art     : Explicit concurrent mark sweep GC freed 20(704B) AllocSpace objects, 0(0B) LOS objects, 23% free, 52MB/68MB, paused 437us total 20.767ms
08-06 06:13:27.500 10629 10716 I art     : Starting a blocking GC Explicit
08-06 06:13:27.521 10629 10716 I art     : Explicit concurrent mark sweep GC freed 3(96B) AllocSpace objects, 0(0B) LOS objects, 23% free, 52MB/68MB, paused 440us total 20.646ms
08-06 06:13:27.530 10629 10716 I art     : Starting a blocking GC Explicit
08-06 06:13:27.551 10629 10716 I art     : Explicit concurrent mark sweep GC freed 3(96B) AllocSpace objects, 0(0B) LOS objects, 23% free, 52MB/68MB, paused 447us total 20.470ms
08-06 06:13:27.552 13866 13882 I PeriodicStatsRunner: PeriodicStatsRunner.call():175 call()
08-06 06:13:27.552 13866 13882 I PeriodicStatsRunner: PeriodicStatsRunner.call():179 No submit PeriodicStats since input started.
08-06 06:13:27.559 10629 10716 I art     : Starting a blocking GC Explicit
08-06 06:13:27.580 10629 10716 I art     : Explicit concurrent mark sweep GC freed 3(96B) AllocSpace objects, 0(0B) LOS objects, 23% free, 52MB/68MB, paused 429us total 20.195ms
08-06 06:13:27.924 10629 11112 I art     : Starting a blocking GC Explicit
08-06 06:13:27.951 10629 11112 I art     : Explicit concurrent mark sweep GC freed 1340(78KB) AllocSpace objects, 1(20KB) LOS objects, 23% free, 52MB/68MB, paused 502us total 26.213ms
08-06 06:13:27.967 10629 11112 I art     : Starting a blocking GC Explicit
08-06 06:13:27.987 10629 11112 I art     : Explicit concurrent mark sweep GC freed 20(704B) AllocSpace objects, 0(0B) LOS objects, 23% free, 52MB/68MB, paused 440us total 20.630ms
08-06 06:13:27.996 10629 11112 I art     : Starting a blocking GC Explicit
08-06 06:13:28.017 10629 11112 I art     : Explicit concurrent mark sweep GC freed 3(96B) AllocSpace objects, 0(0B) LOS objects, 23% free, 52MB/68MB, paused 483us total 20.857ms
08-06 06:13:28.026 10629 11112 I art     : Starting a blocking GC Explicit
08-06 06:13:28.047 10629 11112 I art     : Explicit concurrent mark sweep GC freed 3(96B) AllocSpace objects, 0(0B) LOS objects, 23% free, 52MB/68MB, paused 585us total 20.806ms
08-06 06:13:28.056 10629 11112 I art     : Starting a blocking GC Explicit
08-06 06:13:28.076 10629 11112 I art     : Explicit concurrent mark sweep GC freed 3(96B) AllocSpace objects, 0(0B) LOS objects, 23% free, 52MB/68MB, paused 487us total 20.539ms
08-06 06:13:28.389 10629 10642 I art     : Starting a blocking GC Explicit
08-06 06:13:28.415 10629 10642 I art     : Explicit concurrent mark sweep GC freed 1340(78KB) AllocSpace objects, 1(20KB) LOS objects, 23% free, 52MB/68MB, paused 471us total 25.276ms
08-06 06:13:28.427 10629 10642 I art     : Starting a blocking GC Explicit
08-06 06:13:28.452 10629 10642 I art     : Explicit concurrent mark sweep GC freed 20(704B) AllocSpace objects, 0(0B) LOS objects, 23% free, 52MB/68MB, paused 430us total 24.807ms
08-06 06:13:28.461 10629 10642 I art     : Starting a blocking GC Explicit
08-06 06:13:28.482 10629 10642 I art     : Explicit concurrent mark sweep GC freed 3(96B) AllocSpace objects, 0(0B) LOS objects, 23% free, 52MB/68MB, paused 449us total 20.531ms
08-06 06:13:28.490 10629 10642 I art     : Starting a blocking GC Explicit
08-06 06:13:28.510 10629 10642 I art     : Explicit concurrent mark sweep GC freed 3(96B) AllocSpace objects, 0(0B) LOS objects, 23% free, 52MB/68MB, paused 405us total 19.445ms
08-06 06:13:28.518 10629 10642 I art     : Starting a blocking GC Explicit
08-06 06:13:28.538 10629 10642 I art     : Explicit concurrent mark sweep GC freed 3(96B) AllocSpace objects, 0(0B) LOS objects, 23% free, 52MB/68MB, paused 426us total 19.111ms
08-06 06:13:28.833 10629 10640 I art     : Starting a blocking GC Explicit
08-06 06:13:28.854 10629 10640 I art     : Explicit concurrent mark sweep GC freed 1340(78KB) AllocSpace objects, 1(20KB) LOS objects, 23% free, 52MB/68MB, paused 447us total 20.681ms
08-06 06:13:28.863 10629 10640 I art     : Starting a blocking GC Explicit
08-06 06:13:28.883 10629 10640 I art     : Explicit concurrent mark sweep GC freed 20(704B) AllocSpace objects, 0(0B) LOS objects, 23% free, 52MB/68MB, paused 440us total 20.042ms
08-06 06:13:28.892 10629 10640 I art     : Starting a blocking GC Explicit
08-06 06:13:28.911 10629 10640 I art     : Explicit concurrent mark sweep GC freed 3(96B) AllocSpace objects, 0(0B) LOS objects, 23% free, 52MB/68MB, paused 452us total 19.029ms
08-06 06:13:28.920 10629 10640 I art     : Starting a blocking GC Explicit
08-06 06:13:28.939 10629 10640 I art     : Explicit concurrent mark sweep GC freed 3(96B) AllocSpace objects, 0(0B) LOS objects, 23% free, 52MB/68MB, paused 434us total 18.767ms
08-06 06:13:28.947 10629 10640 I art     : Starting a blocking GC Explicit
08-06 06:13:28.966 10629 10640 I art     : Explicit concurrent mark sweep GC freed 3(96B) AllocSpace objects, 0(0B) LOS objects, 23% free, 52MB/68MB, paused 452us total 19.521ms
08-06 06:13:28.971 12293 12293 D AndroidRuntime: >>>>>> START com.android.internal.os.RuntimeInit uid 2000 <<<<<<
08-06 06:13:28.976 12293 12293 D AndroidRuntime: CheckJNI is OFF
08-06 06:13:29.009 12293 12293 D ICU     : No timezone override file found: /data/misc/zoneinfo/current/icu/icu_tzdata.dat
08-06 06:13:29.042 12293 12293 I Radio-JNI: register_android_hardware_Radio DONE
08-06 06:13:29.063 12293 12293 D AndroidRuntime: Calling main entry com.android.commands.input.Input
08-06 06:13:29.066 12293 12293 I Input   : injectMotionEvent: MotionEvent { action=ACTION_DOWN, actionButton=0, id[0]=0, x[0]=733.0, y[0]=645.0, toolType[0]=TOOL_TYPE_UNKNOWN, buttonState=0, metaState=0, flags=0x0, edgeFlags=0x0, pointerCount=1, historySize=0, eventTime=857625478, downTime=857625478, deviceId=0, source=0x1002 }
08-06 06:13:29.071 12293 12293 I Input   : injectMotionEvent: MotionEvent { action=ACTION_UP, actionButton=0, id[0]=0, x[0]=733.0, y[0]=645.0, toolType[0]=TOOL_TYPE_UNKNOWN, buttonState=0, metaState=0, flags=0x0, edgeFlags=0x0, pointerCount=1, historySize=0, eventTime=857625478, downTime=857625478, deviceId=0, source=0x1002 }
08-06 06:13:29.073   918  5132 I ActivityManager: START u0 {cmp=baseline.appteam.nith.hillffair/.activities.ClubActivity (has extras)} from uid 10697 on display 0
08-06 06:13:29.079 12293 12293 D AndroidRuntime: Shutting down VM
08-06 06:13:29.176   918   936 I ActivityManager: Displayed baseline.appteam.nith.hillffair/.activities.ClubActivity: +96ms
08-06 06:13:29.176 13866 13866 I GoogleInputMethodServic: GoogleInputMethodService.onFinishInput():3138 
08-06 06:13:29.177 13866 13866 I GoogleInputMethodServic: GoogleInputMethodService.onStartInput():1808 
08-06 06:13:29.224 10629 10716 I art     : Starting a blocking GC Explicit
08-06 06:13:29.243 10629 10716 I art     : Explicit concurrent mark sweep GC freed 5309(332KB) AllocSpace objects, 1(20KB) LOS objects, 23% free, 52MB/68MB, paused 460us total 18.924ms
08-06 06:13:29.252 10629 10716 I art     : Starting a blocking GC Explicit
08-06 06:13:29.270 10629 10716 I art     : Explicit concurrent mark sweep GC freed 214(10KB) AllocSpace objects, 0(0B) LOS objects, 23% free, 52MB/68MB, paused 439us total 18.218ms
08-06 06:13:29.278 10629 10716 I art     : Starting a blocking GC Explicit
08-06 06:13:29.297 10629 10716 I art     : Explicit concurrent mark sweep GC freed 3(96B) AllocSpace objects, 0(0B) LOS objects, 23% free, 52MB/68MB, paused 507us total 18.477ms
08-06 06:13:29.305 10629 10716 I art     : Starting a blocking GC Explicit
08-06 06:13:29.323 10629 10716 I art     : Explicit concurrent mark sweep GC freed 3(96B) AllocSpace objects, 0(0B) LOS objects, 23% free, 52MB/68MB, paused 437us total 18.009ms
08-06 06:13:29.331 10629 10716 I art     : Starting a blocking GC Explicit
08-06 06:13:29.340 13866 13882 I PeriodicStatsRunner: PeriodicStatsRunner.call():175 call()
08-06 06:13:29.340 13866 13882 I PeriodicStatsRunner: PeriodicStatsRunner.call():179 No submit PeriodicStats since input started.
08-06 06:13:29.348 10629 10716 I art     : Explicit concurrent mark sweep GC freed 3(96B) AllocSpace objects, 0(0B) LOS objects, 23% free, 52MB/68MB, paused 438us total 17.610ms
08-06 06:13:29.431   380   380 W SurfaceFlinger: couldn't log to binary event log: overflow.
08-06 06:13:29.587 10629 10642 I art     : Starting a blocking GC Explicit
08-06 06:13:29.608 10629 10642 I art     : Explicit concurrent mark sweep GC freed 2267(146KB) AllocSpace objects, 3(140KB) LOS objects, 23% free, 52MB/68MB, paused 690us total 21.323ms
08-06 06:13:29.617 10629 10642 I art     : Starting a blocking GC Explicit
08-06 06:13:29.630 10629 12318 D OkHttp  : --> GET https://api-hillfair-2k16.herokuapp.com/api/app/events/special/event?id=5806551bdcba0f490c70fd1f http/1.1
08-06 06:13:29.637 10629 10642 I art     : Explicit concurrent mark sweep GC freed 2193(85KB) AllocSpace objects, 0(0B) LOS objects, 23% free, 52MB/68MB, paused 585us total 19.803ms
08-06 06:13:29.645 10629 10642 I art     : Starting a blocking GC Explicit
08-06 06:13:29.659  9013  9013 I Atfwd_Sendcmd: AtCmdFwd service not ready - Exhausted retry attempts - :6
08-06 06:13:29.659  9013  9013 I Atfwd_Daemon: result : -1 	 ,Init step :2 	 ,qmiErrorCode: 0
08-06 06:13:29.665 10629 10642 I art     : Explicit concurrent mark sweep GC freed 548(101KB) AllocSpace objects, 1(80KB) LOS objects, 23% free, 52MB/68MB, paused 490us total 19.758ms
08-06 06:13:29.665 10629 12318 D OkHttp  : <-- 200 OK https://api-hillfair-2k16.herokuapp.com/api/app/events/special/event?id=5806551bdcba0f490c70fd1f (35ms, 795-byte body)
08-06 06:13:29.673 10629 10642 I art     : Starting a blocking GC Explicit
08-06 06:13:29.693 10629 10642 I art     : Explicit concurrent mark sweep GC freed 224(36KB) AllocSpace objects, 0(0B) LOS objects, 23% free, 52MB/68MB, paused 470us total 19.689ms
08-06 06:13:29.701 10629 10642 I art     : Starting a blocking GC Explicit
08-06 06:13:29.716 10629 10629 I NAPPA_EXPERIMENTATION: MetricNetworkRequestExecutionTime: REQUEST_DURATION_SYSTEM='608',REQUEST_DURATION_OKHTTP='35',REQUEST_SYNCHRONOUS='FALSE',RESPONSE_CODE='200',RESPONSE_METHOD='GET',RESPONSE_LENGTH_OKHTTP='795',RESPONSE_LENGTH_HEADER='795',REQUEST_PROTOCOL='http/1.1',REQUEST_URL='https://api-hillfair-2k16.herokuapp.com/api/app/events/special/event?id=5806551bdcba0f490c70fd1f',
08-06 06:13:29.721 10629 10642 I art     : Explicit concurrent mark sweep GC freed 556(61KB) AllocSpace objects, 0(0B) LOS objects, 23% free, 52MB/68MB, paused 482us total 19.426ms
08-06 06:13:30.008 10629 10716 I art     : Starting a blocking GC Explicit
08-06 06:13:30.030 10629 10716 I art     : Explicit concurrent mark sweep GC freed 1453(82KB) AllocSpace objects, 1(20KB) LOS objects, 23% free, 52MB/68MB, paused 484us total 21.894ms
08-06 06:13:30.040 10629 10716 I art     : Starting a blocking GC Explicit
08-06 06:13:30.061 10629 10716 I art     : Explicit concurrent mark sweep GC freed 25(864B) AllocSpace objects, 0(0B) LOS objects, 23% free, 52MB/68MB, paused 465us total 21.209ms
08-06 06:13:30.070 10629 10716 I art     : Starting a blocking GC Explicit
08-06 06:13:30.090 10629 10716 I art     : Explicit concurrent mark sweep GC freed 3(96B) AllocSpace objects, 0(0B) LOS objects, 23% free, 52MB/68MB, paused 424us total 19.820ms
08-06 06:13:30.099 10629 10716 I art     : Starting a blocking GC Explicit
08-06 06:13:30.119 10629 10716 I art     : Explicit concurrent mark sweep GC freed 19(656B) AllocSpace objects, 0(0B) LOS objects, 23% free, 52MB/68MB, paused 418us total 20.071ms
08-06 06:13:30.127 10629 10716 I art     : Starting a blocking GC Explicit
08-06 06:13:30.148 10629 10716 I art     : Explicit concurrent mark sweep GC freed 3(96B) AllocSpace objects, 0(0B) LOS objects, 23% free, 52MB/68MB, paused 476us total 20.252ms
08-06 06:13:30.441 10629 10640 I art     : Starting a blocking GC Explicit
08-06 06:13:30.468 10629 10640 I art     : Explicit concurrent mark sweep GC freed 1341(78KB) AllocSpace objects, 1(20KB) LOS objects, 23% free, 52MB/68MB, paused 511us total 26.649ms
08-06 06:13:30.481 10629 10640 I art     : Starting a blocking GC Explicit
08-06 06:13:30.502 10629 10640 I art     : Explicit concurrent mark sweep GC freed 20(704B) AllocSpace objects, 0(0B) LOS objects, 23% free, 52MB/68MB, paused 446us total 21.268ms
08-06 06:13:30.511 10629 10640 I art     : Starting a blocking GC Explicit
08-06 06:13:30.532 10629 10640 I art     : Explicit concurrent mark sweep GC freed 3(96B) AllocSpace objects, 0(0B) LOS objects, 23% free, 52MB/68MB, paused 455us total 20.785ms
08-06 06:13:30.541 10629 10640 I art     : Starting a blocking GC Explicit
08-06 06:13:30.562 10629 10640 I art     : Explicit concurrent mark sweep GC freed 3(96B) AllocSpace objects, 0(0B) LOS objects, 23% free, 52MB/68MB, paused 460us total 21.269ms
08-06 06:13:30.571 10629 10640 I art     : Starting a blocking GC Explicit
08-06 06:13:30.592 10629 10640 I art     : Explicit concurrent mark sweep GC freed 3(96B) AllocSpace objects, 0(0B) LOS objects, 23% free, 52MB/68MB, paused 458us total 21.070ms
08-06 06:13:30.891 10629 11773 I art     : Starting a blocking GC Explicit
08-06 06:13:30.918 10629 11773 I art     : Explicit concurrent mark sweep GC freed 1341(78KB) AllocSpace objects, 1(20KB) LOS objects, 23% free, 52MB/68MB, paused 544us total 26.975ms
08-06 06:13:30.931 10629 11773 I art     : Starting a blocking GC Explicit
08-06 06:13:30.952 10629 11773 I art     : Explicit concurrent mark sweep GC freed 20(704B) AllocSpace objects, 0(0B) LOS objects, 23% free, 52MB/68MB, paused 459us total 21.145ms
08-06 06:13:30.961 10629 11773 I art     : Starting a blocking GC Explicit
08-06 06:13:30.982 10629 11773 I art     : Explicit concurrent mark sweep GC freed 3(96B) AllocSpace objects, 0(0B) LOS objects, 23% free, 52MB/68MB, paused 458us total 20.909ms
08-06 06:13:30.991 10629 11773 I art     : Starting a blocking GC Explicit
08-06 06:13:31.013 10629 11773 I art     : Explicit concurrent mark sweep GC freed 3(96B) AllocSpace objects, 0(0B) LOS objects, 23% free, 52MB/68MB, paused 471us total 21.728ms
08-06 06:13:31.022 10629 11773 I art     : Starting a blocking GC Explicit
08-06 06:13:31.043 10629 11773 I art     : Explicit concurrent mark sweep GC freed 3(96B) AllocSpace objects, 0(0B) LOS objects, 23% free, 52MB/68MB, paused 447us total 20.993ms
08-06 06:13:31.357 10629 11112 I art     : Starting a blocking GC Explicit
08-06 06:13:31.390 10629 11112 I art     : Explicit concurrent mark sweep GC freed 1341(78KB) AllocSpace objects, 1(20KB) LOS objects, 23% free, 52MB/68MB, paused 665us total 32.343ms
08-06 06:13:31.403 10629 11112 I art     : Starting a blocking GC Explicit
08-06 06:13:31.424 10629 11112 I art     : Explicit concurrent mark sweep GC freed 20(704B) AllocSpace objects, 0(0B) LOS objects, 23% free, 52MB/68MB, paused 473us total 20.566ms
08-06 06:13:31.433 10629 11112 I art     : Starting a blocking GC Explicit
08-06 06:13:31.454 10629 11112 I art     : Explicit concurrent mark sweep GC freed 3(96B) AllocSpace objects, 0(0B) LOS objects, 23% free, 52MB/68MB, paused 462us total 20.984ms
08-06 06:13:31.463 10629 11112 I art     : Starting a blocking GC Explicit
08-06 06:13:31.484 10629 11112 I art     : Explicit concurrent mark sweep GC freed 3(96B) AllocSpace objects, 0(0B) LOS objects, 23% free, 52MB/68MB, paused 458us total 21.338ms
08-06 06:13:31.493 10629 11112 I art     : Starting a blocking GC Explicit
08-06 06:13:31.515 10629 11112 I art     : Explicit concurrent mark sweep GC freed 3(96B) AllocSpace objects, 0(0B) LOS objects, 23% free, 52MB/68MB, paused 456us total 21.447ms
08-06 06:13:31.850 10629 10642 I art     : Starting a blocking GC Explicit
08-06 06:13:31.878 10629 10642 I art     : Explicit concurrent mark sweep GC freed 1341(78KB) AllocSpace objects, 1(20KB) LOS objects, 23% free, 52MB/68MB, paused 523us total 27.881ms
08-06 06:13:31.892 10629 10642 I art     : Starting a blocking GC Explicit
08-06 06:13:31.913 10629 10642 I art     : Explicit concurrent mark sweep GC freed 20(704B) AllocSpace objects, 0(0B) LOS objects, 23% free, 52MB/68MB, paused 456us total 21.625ms
08-06 06:13:31.922 10629 10642 I art     : Starting a blocking GC Explicit
08-06 06:13:31.944 10629 10642 I art     : Explicit concurrent mark sweep GC freed 3(96B) AllocSpace objects, 0(0B) LOS objects, 23% free, 52MB/68MB, paused 457us total 21.110ms
08-06 06:13:31.952 10629 10642 I art     : Starting a blocking GC Explicit
08-06 06:13:31.974 10629 10642 I art     : Explicit concurrent mark sweep GC freed 3(96B) AllocSpace objects, 0(0B) LOS objects, 23% free, 52MB/68MB, paused 454us total 21.076ms
08-06 06:13:31.983 10629 10642 I art     : Starting a blocking GC Explicit
08-06 06:13:32.004 10629 10642 I art     : Explicit concurrent mark sweep GC freed 3(96B) AllocSpace objects, 0(0B) LOS objects, 23% free, 52MB/68MB, paused 461us total 21.592ms
08-06 06:13:32.350 10629 10716 I art     : Starting a blocking GC Explicit
08-06 06:13:32.382 10629 10716 I art     : Explicit concurrent mark sweep GC freed 1341(78KB) AllocSpace objects, 1(20KB) LOS objects, 23% free, 52MB/68MB, paused 545us total 30.986ms
08-06 06:13:32.395 10629 10716 I art     : Starting a blocking GC Explicit
08-06 06:13:32.417 10629 10716 I art     : Explicit concurrent mark sweep GC freed 20(704B) AllocSpace objects, 0(0B) LOS objects, 23% free, 52MB/68MB, paused 539us total 21.953ms
08-06 06:13:32.426 10629 10716 I art     : Starting a blocking GC Explicit
08-06 06:13:32.448 10629 10716 I art     : Explicit concurrent mark sweep GC freed 3(96B) AllocSpace objects, 0(0B) LOS objects, 23% free, 52MB/68MB, paused 471us total 21.743ms
08-06 06:13:32.457 10629 10716 I art     : Starting a blocking GC Explicit
08-06 06:13:32.479 10629 10716 I art     : Explicit concurrent mark sweep GC freed 3(96B) AllocSpace objects, 0(0B) LOS objects, 23% free, 52MB/68MB, paused 452us total 21.617ms
08-06 06:13:32.487 10629 10716 I art     : Starting a blocking GC Explicit
08-06 06:13:32.510 10629 10716 I art     : Explicit concurrent mark sweep GC freed 3(96B) AllocSpace objects, 0(0B) LOS objects, 23% free, 52MB/68MB, paused 468us total 21.868ms
08-06 06:13:32.845 10629 10640 I art     : Starting a blocking GC Explicit
08-06 06:13:32.877 10629 10640 I art     : Explicit concurrent mark sweep GC freed 1341(78KB) AllocSpace objects, 1(20KB) LOS objects, 23% free, 52MB/68MB, paused 501us total 31.425ms
08-06 06:13:32.889 10629 10640 I art     : Starting a blocking GC Explicit
08-06 06:13:32.910 10629 10640 I art     : Explicit concurrent mark sweep GC freed 20(704B) AllocSpace objects, 0(0B) LOS objects, 23% free, 52MB/68MB, paused 453us total 21.147ms
08-06 06:13:32.919 10629 10640 I art     : Starting a blocking GC Explicit
08-06 06:13:32.939 10629 10640 I art     : Explicit concurrent mark sweep GC freed 3(96B) AllocSpace objects, 0(0B) LOS objects, 23% free, 52MB/68MB, paused 455us total 20.416ms
08-06 06:13:32.948 10629 10640 I art     : Starting a blocking GC Explicit
08-06 06:13:32.970 10629 10640 I art     : Explicit concurrent mark sweep GC freed 3(96B) AllocSpace objects, 0(0B) LOS objects, 23% free, 52MB/68MB, paused 458us total 21.448ms
08-06 06:13:32.979 10629 10640 I art     : Starting a blocking GC Explicit
08-06 06:13:33.000 10629 10640 I art     : Explicit concurrent mark sweep GC freed 3(96B) AllocSpace objects, 0(0B) LOS objects, 23% free, 52MB/68MB, paused 466us total 21.118ms
08-06 06:13:33.332 10629 11773 I art     : Starting a blocking GC Explicit
08-06 06:13:33.354 10629 11773 I art     : Explicit concurrent mark sweep GC freed 1341(78KB) AllocSpace objects, 1(20KB) LOS objects, 23% free, 52MB/68MB, paused 477us total 21.851ms
08-06 06:13:33.363 10629 11773 I art     : Starting a blocking GC Explicit
08-06 06:13:33.384 10629 11773 I art     : Explicit concurrent mark sweep GC freed 20(704B) AllocSpace objects, 0(0B) LOS objects, 23% free, 52MB/68MB, paused 472us total 20.508ms
08-06 06:13:33.392 10629 11773 I art     : Starting a blocking GC Explicit
08-06 06:13:33.413 10629 11773 I art     : Explicit concurrent mark sweep GC freed 3(96B) AllocSpace objects, 0(0B) LOS objects, 23% free, 52MB/68MB, paused 449us total 19.939ms
08-06 06:13:33.421 10629 11773 I art     : Starting a blocking GC Explicit
08-06 06:13:33.441 10629 11773 I art     : Explicit concurrent mark sweep GC freed 3(96B) AllocSpace objects, 0(0B) LOS objects, 23% free, 52MB/68MB, paused 466us total 20.089ms
08-06 06:13:33.450 10629 11773 I art     : Starting a blocking GC Explicit
08-06 06:13:33.470 10629 11773 I art     : Explicit concurrent mark sweep GC freed 3(96B) AllocSpace objects, 0(0B) LOS objects, 23% free, 52MB/68MB, paused 470us total 20.245ms
08-06 06:13:33.732 12420 12420 D AndroidRuntime: >>>>>> START com.android.internal.os.RuntimeInit uid 2000 <<<<<<
08-06 06:13:33.737 12420 12420 D AndroidRuntime: CheckJNI is OFF
08-06 06:13:33.771 12420 12420 D ICU     : No timezone override file found: /data/misc/zoneinfo/current/icu/icu_tzdata.dat
08-06 06:13:33.778 10629 11112 I art     : Starting a blocking GC Explicit
08-06 06:13:33.800 10629 11112 I art     : Explicit concurrent mark sweep GC freed 1341(78KB) AllocSpace objects, 1(20KB) LOS objects, 23% free, 52MB/68MB, paused 484us total 21.798ms
08-06 06:13:33.806 12420 12420 I Radio-JNI: register_android_hardware_Radio DONE
08-06 06:13:33.808 10629 11112 I art     : Starting a blocking GC Explicit
08-06 06:13:33.828 12420 12420 D AndroidRuntime: Calling main entry com.android.commands.input.Input
08-06 06:13:33.829 10629 11112 I art     : Explicit concurrent mark sweep GC freed 20(704B) AllocSpace objects, 0(0B) LOS objects, 23% free, 52MB/68MB, paused 553us total 20.854ms
08-06 06:13:33.830 12420 12420 I Input   : injectKeyEvent: KeyEvent { action=ACTION_DOWN, keyCode=KEYCODE_BACK, scanCode=0, metaState=0, flags=0x0, repeatCount=0, eventTime=857630243, downTime=857630243, deviceId=-1, source=0x101 }
08-06 06:13:33.838 12420 12420 I Input   : injectKeyEvent: KeyEvent { action=ACTION_UP, keyCode=KEYCODE_BACK, scanCode=0, metaState=0, flags=0x0, repeatCount=0, eventTime=857630243, downTime=857630243, deviceId=-1, source=0x101 }
08-06 06:13:33.838 10629 11112 I art     : Starting a blocking GC Explicit
08-06 06:13:33.844 12420 12420 D AndroidRuntime: Shutting down VM
08-06 06:13:33.857 10629 11112 I art     : Explicit concurrent mark sweep GC freed 135(6KB) AllocSpace objects, 0(0B) LOS objects, 23% free, 52MB/68MB, paused 591us total 18.716ms
08-06 06:13:33.865 10629 11112 I art     : Starting a blocking GC Explicit
08-06 06:13:33.878 13866 13866 I GoogleInputMethodServic: GoogleInputMethodService.onFinishInput():3138 
08-06 06:13:33.879 13866 13866 I GoogleInputMethodServic: GoogleInputMethodService.onStartInput():1808 
08-06 06:13:33.883 10629 11112 I art     : Explicit concurrent mark sweep GC freed 12(368B) AllocSpace objects, 0(0B) LOS objects, 23% free, 52MB/68MB, paused 440us total 18.034ms
08-06 06:13:33.893 10629 11112 I art     : Starting a blocking GC Explicit
08-06 06:13:33.912 10629 11112 I art     : Explicit concurrent mark sweep GC freed 30(1120B) AllocSpace objects, 0(0B) LOS objects, 23% free, 52MB/68MB, paused 416us total 18.809ms
08-06 06:13:34.169   380   380 W SurfaceFlinger: couldn't log to binary event log: overflow.
08-06 06:13:34.173 10629 11773 I art     : Starting a blocking GC Explicit
08-06 06:13:34.177 13866 13882 I PeriodicStatsRunner: PeriodicStatsRunner.call():175 call()
08-06 06:13:34.177 13866 13882 I PeriodicStatsRunner: PeriodicStatsRunner.call():179 No submit PeriodicStats since input started.
08-06 06:13:34.195 10629 11773 I art     : Explicit concurrent mark sweep GC freed 1454(87KB) AllocSpace objects, 1(20KB) LOS objects, 23% free, 52MB/68MB, paused 421us total 21.751ms
08-06 06:13:34.204 10629 11773 I art     : Starting a blocking GC Explicit
08-06 06:13:34.224 10629 11773 I art     : Explicit concurrent mark sweep GC freed 133(6KB) AllocSpace objects, 0(0B) LOS objects, 23% free, 52MB/68MB, paused 456us total 20.433ms
08-06 06:13:34.233 10629 11773 I art     : Starting a blocking GC Explicit
08-06 06:13:34.253 10629 11773 I art     : Explicit concurrent mark sweep GC freed 1545(101KB) AllocSpace objects, 3(400KB) LOS objects, 23% free, 52MB/68MB, paused 428us total 19.848ms
08-06 06:13:34.261 10629 11773 I art     : Starting a blocking GC Explicit
08-06 06:13:34.281 10629 11773 I art     : Explicit concurrent mark sweep GC freed 3(96B) AllocSpace objects, 0(0B) LOS objects, 23% free, 52MB/68MB, paused 446us total 19.721ms
08-06 06:13:34.290 10629 11773 I art     : Starting a blocking GC Explicit
08-06 06:13:34.310 10629 11773 I art     : Explicit concurrent mark sweep GC freed 3(96B) AllocSpace objects, 0(0B) LOS objects, 23% free, 52MB/68MB, paused 448us total 20.276ms
08-06 06:13:34.614 10629 10716 I art     : Starting a blocking GC Explicit
08-06 06:13:34.644 10629 10716 I art     : Explicit concurrent mark sweep GC freed 1341(78KB) AllocSpace objects, 1(20KB) LOS objects, 23% free, 52MB/68MB, paused 527us total 28.982ms
08-06 06:13:34.657 10629 10716 I art     : Starting a blocking GC Explicit
08-06 06:13:34.678 10629 10716 I art     : Explicit concurrent mark sweep GC freed 20(704B) AllocSpace objects, 0(0B) LOS objects, 23% free, 52MB/68MB, paused 480us total 20.854ms
08-06 06:13:34.687 10629 10716 I art     : Starting a blocking GC Explicit
08-06 06:13:34.707 10629 10716 I art     : Explicit concurrent mark sweep GC freed 3(96B) AllocSpace objects, 0(0B) LOS objects, 23% free, 52MB/68MB, paused 585us total 20.261ms
08-06 06:13:34.716 10629 10716 I art     : Starting a blocking GC Explicit
08-06 06:13:34.737 10629 10716 I art     : Explicit concurrent mark sweep GC freed 3(96B) AllocSpace objects, 0(0B) LOS objects, 23% free, 52MB/68MB, paused 452us total 20.783ms
08-06 06:13:34.745 10629 10716 I art     : Starting a blocking GC Explicit
08-06 06:13:34.766 10629 10716 I art     : Explicit concurrent mark sweep GC freed 3(96B) AllocSpace objects, 0(0B) LOS objects, 23% free, 52MB/68MB, paused 446us total 20.704ms
08-06 06:13:35.064 10629 10642 I art     : Starting a blocking GC Explicit
08-06 06:13:35.091 10629 10642 I art     : Explicit concurrent mark sweep GC freed 1340(78KB) AllocSpace objects, 1(20KB) LOS objects, 23% free, 52MB/68MB, paused 599us total 26.191ms
08-06 06:13:35.103 10629 10642 I art     : Starting a blocking GC Explicit
08-06 06:13:35.122 10629 10642 I art     : Explicit concurrent mark sweep GC freed 20(704B) AllocSpace objects, 0(0B) LOS objects, 23% free, 52MB/68MB, paused 461us total 19.397ms
08-06 06:13:35.131 10629 10642 I art     : Starting a blocking GC Explicit
08-06 06:13:35.150 10629 10642 I art     : Explicit concurrent mark sweep GC freed 3(96B) AllocSpace objects, 0(0B) LOS objects, 23% free, 52MB/68MB, paused 444us total 18.837ms
08-06 06:13:35.158 10629 10642 I art     : Starting a blocking GC Explicit
08-06 06:13:35.176 10629 10642 I art     : Explicit concurrent mark sweep GC freed 3(96B) AllocSpace objects, 0(0B) LOS objects, 23% free, 52MB/68MB, paused 444us total 17.979ms
08-06 06:13:35.185 10629 10642 I art     : Starting a blocking GC Explicit
08-06 06:13:35.204 10629 10642 I art     : Explicit concurrent mark sweep GC freed 3(96B) AllocSpace objects, 0(0B) LOS objects, 23% free, 52MB/68MB, paused 436us total 19.313ms
08-06 06:13:35.467 10629 10640 I art     : Starting a blocking GC Explicit
08-06 06:13:35.488 12473 12473 D AndroidRuntime: >>>>>> START com.android.internal.os.RuntimeInit uid 2000 <<<<<<
08-06 06:13:35.488 10629 10640 I art     : Explicit concurrent mark sweep GC freed 1340(78KB) AllocSpace objects, 1(20KB) LOS objects, 23% free, 52MB/68MB, paused 540us total 21.110ms
08-06 06:13:35.493 12473 12473 D AndroidRuntime: CheckJNI is OFF
08-06 06:13:35.497 10629 10640 I art     : Starting a blocking GC Explicit
08-06 06:13:35.515 10629 10640 I art     : Explicit concurrent mark sweep GC freed 20(704B) AllocSpace objects, 0(0B) LOS objects, 23% free, 52MB/68MB, paused 445us total 17.997ms
08-06 06:13:35.523 10629 10640 I art     : Starting a blocking GC Explicit
08-06 06:13:35.528 12473 12473 D ICU     : No timezone override file found: /data/misc/zoneinfo/current/icu/icu_tzdata.dat
08-06 06:13:35.542 10629 10640 I art     : Explicit concurrent mark sweep GC freed 3(96B) AllocSpace objects, 0(0B) LOS objects, 23% free, 52MB/68MB, paused 475us total 19.221ms
08-06 06:13:35.550 10629 10640 I art     : Starting a blocking GC Explicit
08-06 06:13:35.563 12473 12473 I Radio-JNI: register_android_hardware_Radio DONE
08-06 06:13:35.570 10629 10640 I art     : Explicit concurrent mark sweep GC freed 3(96B) AllocSpace objects, 0(0B) LOS objects, 23% free, 52MB/68MB, paused 491us total 19.244ms
08-06 06:13:35.579 10629 10640 I art     : Starting a blocking GC Explicit
08-06 06:13:35.586 12473 12473 D AndroidRuntime: Calling main entry com.android.commands.input.Input
08-06 06:13:35.587 12473 12473 I Input   : injectKeyEvent: KeyEvent { action=ACTION_DOWN, keyCode=KEYCODE_BACK, scanCode=0, metaState=0, flags=0x0, repeatCount=0, eventTime=857632000, downTime=857632000, deviceId=-1, source=0x101 }
08-06 06:13:35.592 12473 12473 I Input   : injectKeyEvent: KeyEvent { action=ACTION_UP, keyCode=KEYCODE_BACK, scanCode=0, metaState=0, flags=0x0, repeatCount=0, eventTime=857632000, downTime=857632000, deviceId=-1, source=0x101 }
08-06 06:13:35.597 10629 10640 I art     : Explicit concurrent mark sweep GC freed 5(208B) AllocSpace objects, 0(0B) LOS objects, 23% free, 52MB/68MB, paused 552us total 18.116ms
08-06 06:13:35.598 12473 12473 D AndroidRuntime: Shutting down VM
08-06 06:13:35.612   918   937 W ProcessCpuTracker: Skipping unknown process pid 12481
08-06 06:13:35.613   918   937 W ProcessCpuTracker: Skipping unknown process pid 12483
08-06 06:13:35.613   918   937 W ProcessCpuTracker: Skipping unknown process pid 12484
08-06 06:13:35.629 13866 13866 I GoogleInputMethodServic: GoogleInputMethodService.onFinishInput():3138 
08-06 06:13:35.630 13866 13866 I GoogleInputMethodServic: GoogleInputMethodService.onStartInput():1808 
08-06 06:13:35.869 10629 10642 I art     : Starting a blocking GC Explicit
08-06 06:13:35.889 10629 10642 I art     : Explicit concurrent mark sweep GC freed 1548(87KB) AllocSpace objects, 1(20KB) LOS objects, 23% free, 52MB/68MB, paused 402us total 19.566ms
08-06 06:13:35.899 10629 10642 I art     : Starting a blocking GC Explicit
08-06 06:13:35.917 10629 10642 I art     : Explicit concurrent mark sweep GC freed 24(864B) AllocSpace objects, 0(0B) LOS objects, 23% free, 52MB/68MB, paused 499us total 18.279ms
08-06 06:13:35.927 10629 10642 I art     : Starting a blocking GC Explicit
08-06 06:13:35.946 10629 10642 I art     : Explicit concurrent mark sweep GC freed 643(31KB) AllocSpace objects, 0(0B) LOS objects, 23% free, 52MB/68MB, paused 410us total 19.029ms
08-06 06:13:35.954 10629 10642 I art     : Starting a blocking GC Explicit
08-06 06:13:35.972 10629 10642 I art     : Explicit concurrent mark sweep GC freed 2089(127KB) AllocSpace objects, 2(140KB) LOS objects, 23% free, 51MB/67MB, paused 430us total 18.049ms
08-06 06:13:35.980 10629 10642 I art     : Starting a blocking GC Explicit
08-06 06:13:35.998 10629 10642 I art     : Explicit concurrent mark sweep GC freed 3(96B) AllocSpace objects, 0(0B) LOS objects, 23% free, 51MB/67MB, paused 438us total 17.851ms
08-06 06:13:36.278 10629 11773 I art     : Starting a blocking GC Explicit
08-06 06:13:36.301 10629 11773 I art     : Explicit concurrent mark sweep GC freed 1340(78KB) AllocSpace objects, 1(20KB) LOS objects, 23% free, 51MB/67MB, paused 506us total 23.136ms
08-06 06:13:36.312 10629 11773 I art     : Starting a blocking GC Explicit
08-06 06:13:36.333 10629 11773 I art     : Explicit concurrent mark sweep GC freed 20(704B) AllocSpace objects, 0(0B) LOS objects, 23% free, 51MB/67MB, paused 469us total 20.298ms
08-06 06:13:36.342 10629 11773 I art     : Starting a blocking GC Explicit
08-06 06:13:36.362 10629 11773 I art     : Explicit concurrent mark sweep GC freed 3(96B) AllocSpace objects, 0(0B) LOS objects, 23% free, 51MB/67MB, paused 470us total 20.021ms
08-06 06:13:36.370 10629 11773 I art     : Starting a blocking GC Explicit
08-06 06:13:36.374   918  3261 D WifiStateMachine: starting scan for "H369AA63323"WPA_PSK with 2412,5180
08-06 06:13:36.390 10629 11773 I art     : Explicit concurrent mark sweep GC freed 3(96B) AllocSpace objects, 0(0B) LOS objects, 23% free, 51MB/67MB, paused 455us total 19.730ms
08-06 06:13:36.399 10629 11773 I art     : Starting a blocking GC Explicit
08-06 06:13:36.419 10629 11773 I art     : Explicit concurrent mark sweep GC freed 3(96B) AllocSpace objects, 0(0B) LOS objects, 23% free, 51MB/67MB, paused 468us total 19.759ms
08-06 06:13:36.709 10629 11112 I art     : Starting a blocking GC Explicit
08-06 06:13:36.734 10629 11112 I art     : Explicit concurrent mark sweep GC freed 1338(78KB) AllocSpace objects, 1(20KB) LOS objects, 23% free, 51MB/67MB, paused 494us total 25.061ms
08-06 06:13:36.746 10629 11112 I art     : Starting a blocking GC Explicit
08-06 06:13:36.770 10629 11112 I art     : Explicit concurrent mark sweep GC freed 20(704B) AllocSpace objects, 0(0B) LOS objects, 23% free, 51MB/67MB, paused 502us total 23.542ms
08-06 06:13:36.780 10629 11112 I art     : Starting a blocking GC Explicit
08-06 06:13:36.800 10629 11112 I art     : Explicit concurrent mark sweep GC freed 3(96B) AllocSpace objects, 0(0B) LOS objects, 23% free, 51MB/67MB, paused 471us total 19.794ms
08-06 06:13:36.809 10629 11112 I art     : Starting a blocking GC Explicit
08-06 06:13:36.828 10629 11112 I art     : Explicit concurrent mark sweep GC freed 3(96B) AllocSpace objects, 0(0B) LOS objects, 23% free, 51MB/67MB, paused 420us total 19.027ms
08-06 06:13:36.836 10629 11112 I art     : Starting a blocking GC Explicit
08-06 06:13:36.855 10629 11112 I art     : Explicit concurrent mark sweep GC freed 3(96B) AllocSpace objects, 0(0B) LOS objects, 23% free, 51MB/67MB, paused 432us total 18.122ms
08-06 06:13:37.117 10629 10716 I art     : Starting a blocking GC Explicit
08-06 06:13:37.137 10629 10716 I art     : Explicit concurrent mark sweep GC freed 1338(78KB) AllocSpace objects, 1(20KB) LOS objects, 23% free, 51MB/67MB, paused 545us total 20.238ms
08-06 06:13:37.146 10629 10716 I art     : Starting a blocking GC Explicit
08-06 06:13:37.166 10629 10716 I art     : Explicit concurrent mark sweep GC freed 20(704B) AllocSpace objects, 0(0B) LOS objects, 23% free, 51MB/67MB, paused 522us total 19.887ms
08-06 06:13:37.174 10629 10716 I art     : Starting a blocking GC Explicit
08-06 06:13:37.194 10629 10716 I art     : Explicit concurrent mark sweep GC freed 3(96B) AllocSpace objects, 0(0B) LOS objects, 23% free, 51MB/67MB, paused 479us total 19.389ms
08-06 06:13:37.203 10629 10716 I art     : Starting a blocking GC Explicit
08-06 06:13:37.222 10629 10716 I art     : Explicit concurrent mark sweep GC freed 3(96B) AllocSpace objects, 0(0B) LOS objects, 23% free, 51MB/67MB, paused 464us total 18.793ms
08-06 06:13:37.230 10629 10716 I art     : Starting a blocking GC Explicit
08-06 06:13:37.249 10629 10716 I art     : Explicit concurrent mark sweep GC freed 3(96B) AllocSpace objects, 0(0B) LOS objects, 23% free, 51MB/67MB, paused 462us total 18.659ms
08-06 06:13:37.261 12526 12526 D AndroidRuntime: >>>>>> START com.android.internal.os.RuntimeInit uid 2000 <<<<<<
08-06 06:13:37.266 12526 12526 D AndroidRuntime: CheckJNI is OFF
08-06 06:13:37.299 12526 12526 D ICU     : No timezone override file found: /data/misc/zoneinfo/current/icu/icu_tzdata.dat
08-06 06:13:37.332 12526 12526 I Radio-JNI: register_android_hardware_Radio DONE
08-06 06:13:37.355 12526 12526 D AndroidRuntime: Calling main entry com.android.commands.input.Input
08-06 06:13:37.357 12526 12526 I Input   : injectMotionEvent: MotionEvent { action=ACTION_DOWN, actionButton=0, id[0]=0, x[0]=1053.0, y[0]=1173.0, toolType[0]=TOOL_TYPE_UNKNOWN, buttonState=0, metaState=0, flags=0x0, edgeFlags=0x0, pointerCount=1, historySize=0, eventTime=857633769, downTime=857633769, deviceId=0, source=0x1002 }
08-06 06:13:37.363 12526 12526 I Input   : injectMotionEvent: MotionEvent { action=ACTION_UP, actionButton=0, id[0]=0, x[0]=1053.0, y[0]=1173.0, toolType[0]=TOOL_TYPE_UNKNOWN, buttonState=0, metaState=0, flags=0x0, edgeFlags=0x0, pointerCount=1, historySize=0, eventTime=857633769, downTime=857633769, deviceId=0, source=0x1002 }
08-06 06:13:37.365   918  3714 I ActivityManager: START u0 {cmp=baseline.appteam.nith.hillffair/.activities.QuizActivity} from uid 10697 on display 0
08-06 06:13:37.372 12526 12526 D AndroidRuntime: Shutting down VM
08-06 06:13:37.491 10629 10642 I art     : Starting a blocking GC Explicit
08-06 06:13:37.495   918   936 I ActivityManager: Displayed baseline.appteam.nith.hillffair/.activities.QuizActivity: +121ms
08-06 06:13:37.496 13866 13866 I GoogleInputMethodServic: GoogleInputMethodService.onFinishInput():3138 
08-06 06:13:37.497 13866 13866 I GoogleInputMethodServic: GoogleInputMethodService.onStartInput():1808 
08-06 06:13:37.514 10629 10642 I art     : Explicit concurrent mark sweep GC freed 2153(142KB) AllocSpace objects, 1(20KB) LOS objects, 23% free, 52MB/68MB, paused 491us total 22.501ms
08-06 06:13:37.524 10629 10642 I art     : Starting a blocking GC Explicit
08-06 06:13:37.542 10629 10642 I art     : Explicit concurrent mark sweep GC freed 183(8KB) AllocSpace objects, 0(0B) LOS objects, 23% free, 52MB/68MB, paused 407us total 17.777ms
08-06 06:13:37.550 10629 10642 I art     : Starting a blocking GC Explicit
08-06 06:13:37.569 10629 10642 I art     : Explicit concurrent mark sweep GC freed 3(96B) AllocSpace objects, 0(0B) LOS objects, 23% free, 52MB/68MB, paused 526us total 18.349ms
08-06 06:13:37.577 10629 10642 I art     : Starting a blocking GC Explicit
08-06 06:13:37.597 10629 10642 I art     : Explicit concurrent mark sweep GC freed 30(1248B) AllocSpace objects, 0(0B) LOS objects, 23% free, 52MB/68MB, paused 533us total 19.802ms
08-06 06:13:37.605 10629 10642 I art     : Starting a blocking GC Explicit
08-06 06:13:37.625 10629 10642 I art     : Explicit concurrent mark sweep GC freed 3(96B) AllocSpace objects, 0(0B) LOS objects, 23% free, 52MB/68MB, paused 407us total 18.836ms
08-06 06:13:37.740   380   380 W SurfaceFlinger: couldn't log to binary event log: overflow.
08-06 06:13:37.885 10629 10642 I art     : Starting a blocking GC Explicit
08-06 06:13:37.908 10629 10642 I art     : Explicit concurrent mark sweep GC freed 1410(82KB) AllocSpace objects, 1(20KB) LOS objects, 23% free, 52MB/68MB, paused 605us total 22.275ms
08-06 06:13:37.918 10629 10642 I art     : Starting a blocking GC Explicit
08-06 06:13:37.939 10629 10642 I art     : Explicit concurrent mark sweep GC freed 20(704B) AllocSpace objects, 0(0B) LOS objects, 23% free, 52MB/68MB, paused 458us total 20.818ms
08-06 06:13:37.948 10629 10642 I art     : Starting a blocking GC Explicit
08-06 06:13:37.969 10629 10642 I art     : Explicit concurrent mark sweep GC freed 3(96B) AllocSpace objects, 0(0B) LOS objects, 23% free, 52MB/68MB, paused 457us total 20.530ms
08-06 06:13:37.977 10629 10642 I art     : Starting a blocking GC Explicit
08-06 06:13:37.999 10629 10642 I art     : Explicit concurrent mark sweep GC freed 3(96B) AllocSpace objects, 0(0B) LOS objects, 23% free, 52MB/68MB, paused 450us total 21.206ms
08-06 06:13:38.008 10629 10642 I art     : Starting a blocking GC Explicit
08-06 06:13:38.028 10629 10642 I art     : Explicit concurrent mark sweep GC freed 3(96B) AllocSpace objects, 0(0B) LOS objects, 23% free, 52MB/68MB, paused 512us total 20.363ms
08-06 06:13:38.309 10629 11773 I art     : Starting a blocking GC Explicit
08-06 06:13:38.332 10629 11773 I art     : Explicit concurrent mark sweep GC freed 1340(78KB) AllocSpace objects, 1(20KB) LOS objects, 23% free, 52MB/68MB, paused 495us total 22.370ms
08-06 06:13:38.343 10629 11773 I art     : Starting a blocking GC Explicit
08-06 06:13:38.365 10629 11773 I art     : Explicit concurrent mark sweep GC freed 20(704B) AllocSpace objects, 0(0B) LOS objects, 23% free, 52MB/68MB, paused 522us total 21.555ms
08-06 06:13:38.374 10629 11773 I art     : Starting a blocking GC Explicit
08-06 06:13:38.394 10629 11773 I art     : Explicit concurrent mark sweep GC freed 3(96B) AllocSpace objects, 0(0B) LOS objects, 23% free, 52MB/68MB, paused 455us total 20.225ms
08-06 06:13:38.403 10629 11773 I art     : Starting a blocking GC Explicit
08-06 06:13:38.423 10629 11773 I art     : Explicit concurrent mark sweep GC freed 3(96B) AllocSpace objects, 0(0B) LOS objects, 23% free, 52MB/68MB, paused 451us total 20.395ms
08-06 06:13:38.432 10629 11773 I art     : Starting a blocking GC Explicit
08-06 06:13:38.453 10629 11773 I art     : Explicit concurrent mark sweep GC freed 3(96B) AllocSpace objects, 0(0B) LOS objects, 23% free, 52MB/68MB, paused 455us total 20.505ms
08-06 06:13:38.740 10629 11112 I art     : Starting a blocking GC Explicit
08-06 06:13:38.766 10629 11112 I art     : Explicit concurrent mark sweep GC freed 1353(78KB) AllocSpace objects, 1(20KB) LOS objects, 23% free, 52MB/68MB, paused 489us total 26.047ms
08-06 06:13:38.779 10629 11112 I art     : Starting a blocking GC Explicit
08-06 06:13:38.803 10629 11112 I art     : Explicit concurrent mark sweep GC freed 34(1136B) AllocSpace objects, 0(0B) LOS objects, 23% free, 52MB/68MB, paused 504us total 23.929ms
08-06 06:13:38.812 10629 11112 I art     : Starting a blocking GC Explicit
08-06 06:13:38.813   918  3188 I hubconnection: sensorhub said: 'set_bias 3: -5.8848, 0.0000, 0.0000'
08-06 06:13:38.833 10629 11112 I art     : Explicit concurrent mark sweep GC freed 3(96B) AllocSpace objects, 0(0B) LOS objects, 23% free, 52MB/68MB, paused 449us total 20.877ms
08-06 06:13:38.842 10629 11112 I art     : Starting a blocking GC Explicit
08-06 06:13:38.863 10629 11112 I art     : Explicit concurrent mark sweep GC freed 3(96B) AllocSpace objects, 0(0B) LOS objects, 23% free, 52MB/68MB, paused 406us total 20.098ms
08-06 06:13:38.871 10629 11112 I art     : Starting a blocking GC Explicit
08-06 06:13:38.879 13866 13882 I PeriodicStatsRunner: PeriodicStatsRunner.call():175 call()
08-06 06:13:38.879 13866 13882 I PeriodicStatsRunner: PeriodicStatsRunner.call():179 No submit PeriodicStats since input started.
08-06 06:13:38.892 10629 11112 I art     : Explicit concurrent mark sweep GC freed 3(96B) AllocSpace objects, 0(0B) LOS objects, 23% free, 52MB/68MB, paused 441us total 20.212ms
08-06 06:13:38.892 10629 10639 I art     : WaitForGcToComplete blocked for 8.520ms for cause HeapTrim
08-06 06:13:39.193 10629 10716 I art     : Starting a blocking GC Explicit
08-06 06:13:39.214 10629 10716 I art     : Explicit concurrent mark sweep GC freed 1363(78KB) AllocSpace objects, 1(20KB) LOS objects, 23% free, 52MB/68MB, paused 417us total 21.376ms
08-06 06:13:39.224 10629 10716 I art     : Starting a blocking GC Explicit
08-06 06:13:39.246 10629 10716 I art     : Explicit concurrent mark sweep GC freed 25(864B) AllocSpace objects, 0(0B) LOS objects, 23% free, 52MB/68MB, paused 471us total 21.351ms
08-06 06:13:39.255 10629 10716 I art     : Starting a blocking GC Explicit
08-06 06:13:39.275 10629 10716 I art     : Explicit concurrent mark sweep GC freed 5(160B) AllocSpace objects, 0(0B) LOS objects, 23% free, 52MB/68MB, paused 553us total 20.219ms
08-06 06:13:39.285 10629 10716 I art     : Starting a blocking GC Explicit
08-06 06:13:39.304 10629 10716 I art     : Explicit concurrent mark sweep GC freed 3(96B) AllocSpace objects, 0(0B) LOS objects, 23% free, 52MB/68MB, paused 470us total 19.092ms
08-06 06:13:39.312 10629 10716 I art     : Starting a blocking GC Explicit
08-06 06:13:39.332 10629 10716 I art     : Explicit concurrent mark sweep GC freed 3(96B) AllocSpace objects, 0(0B) LOS objects, 23% free, 52MB/68MB, paused 405us total 19.782ms
08-06 06:13:39.653 10629 11773 I art     : Starting a blocking GC Explicit
08-06 06:13:39.660  9013  9013 I ServiceManager: Waiting for service AtCmdFwd...
08-06 06:13:39.674 10629 11773 I art     : Explicit concurrent mark sweep GC freed 1340(78KB) AllocSpace objects, 1(20KB) LOS objects, 23% free, 52MB/68MB, paused 492us total 20.837ms
08-06 06:13:39.683 10629 11773 I art     : Starting a blocking GC Explicit
08-06 06:13:39.703 10629 11773 I art     : Explicit concurrent mark sweep GC freed 20(704B) AllocSpace objects, 0(0B) LOS objects, 23% free, 52MB/68MB, paused 465us total 20.026ms
08-06 06:13:39.712 10629 11773 I art     : Starting a blocking GC Explicit
08-06 06:13:39.732 10629 11773 I art     : Explicit concurrent mark sweep GC freed 3(96B) AllocSpace objects, 0(0B) LOS objects, 23% free, 52MB/68MB, paused 475us total 19.956ms
08-06 06:13:39.740 10629 11773 I art     : Starting a blocking GC Explicit
08-06 06:13:39.760 10629 11773 I art     : Explicit concurrent mark sweep GC freed 3(96B) AllocSpace objects, 0(0B) LOS objects, 23% free, 52MB/68MB, paused 434us total 19.605ms
08-06 06:13:39.769 10629 11773 I art     : Starting a blocking GC Explicit
08-06 06:13:39.788 10629 11773 I art     : Explicit concurrent mark sweep GC freed 3(96B) AllocSpace objects, 0(0B) LOS objects, 23% free, 52MB/68MB, paused 441us total 19.628ms
08-06 06:13:40.029 12610 12610 D AndroidRuntime: >>>>>> START com.android.internal.os.RuntimeInit uid 2000 <<<<<<
08-06 06:13:40.034 12610 12610 D AndroidRuntime: CheckJNI is OFF
08-06 06:13:40.067 12610 12610 D ICU     : No timezone override file found: /data/misc/zoneinfo/current/icu/icu_tzdata.dat
08-06 06:13:40.101 12610 12610 I Radio-JNI: register_android_hardware_Radio DONE
08-06 06:13:40.102 10629 10640 I art     : Starting a blocking GC Explicit
08-06 06:13:40.123 12610 12610 D AndroidRuntime: Calling main entry com.android.commands.input.Input
08-06 06:13:40.124 10629 10640 I art     : Explicit concurrent mark sweep GC freed 1340(78KB) AllocSpace objects, 1(20KB) LOS objects, 23% free, 52MB/68MB, paused 470us total 21.133ms
08-06 06:13:40.125 12610 12610 I Input   : injectMotionEvent: MotionEvent { action=ACTION_DOWN, actionButton=0, id[0]=0, x[0]=756.0, y[0]=1530.0, toolType[0]=TOOL_TYPE_UNKNOWN, buttonState=0, metaState=0, flags=0x0, edgeFlags=0x0, pointerCount=1, historySize=0, eventTime=857636538, downTime=857636538, deviceId=0, source=0x1002 }
08-06 06:13:40.131 12610 12610 I Input   : injectMotionEvent: MotionEvent { action=ACTION_UP, actionButton=0, id[0]=0, x[0]=756.0, y[0]=1530.0, toolType[0]=TOOL_TYPE_UNKNOWN, buttonState=0, metaState=0, flags=0x0, edgeFlags=0x0, pointerCount=1, historySize=0, eventTime=857636538, downTime=857636538, deviceId=0, source=0x1002 }
08-06 06:13:40.133 10629 10640 I art     : Starting a blocking GC Explicit
08-06 06:13:40.133 12610 12610 D AndroidRuntime: Shutting down VM
08-06 06:13:40.145   918  3696 I ActivityManager: START u0 {cmp=baseline.appteam.nith.hillffair/.activities.LeaderBoardActivity} from uid 10697 on display 0
08-06 06:13:40.145   512  2967 D audio_hw_primary: out_set_parameters: enter: usecase(1: low-latency-playback) kvpairs: routing=2
08-06 06:13:40.152 10629 10640 I art     : Explicit concurrent mark sweep GC freed 59(5KB) AllocSpace objects, 0(0B) LOS objects, 23% free, 52MB/68MB, paused 482us total 19.543ms
08-06 06:13:40.158   512  2967 D audio_hw_primary: select_devices: out_snd_device(2: speaker) in_snd_device(0: none)
08-06 06:13:40.158   512  2967 D msm8974_platform: platform_send_audio_calibration: sending audio calibration for snd_device(2) acdb_id(15)
08-06 06:13:40.158   512  2967 I soundtrigger: audio_extn_sound_trigger_update_device_status: device 0x2 of type 0 for Event 1
08-06 06:13:40.160 10629 10640 I art     : Starting a blocking GC Explicit
08-06 06:13:40.167   512  2967 D audio_hw_primary: enable_snd_device: snd_device(2: speaker)
08-06 06:13:40.170   512  2967 D audio_hw_primary: enable_audio_route: apply and update mixer path: low-latency-playback speaker
08-06 06:13:40.181 10629 10640 I art     : Explicit concurrent mark sweep GC freed 4006(219KB) AllocSpace objects, 0(0B) LOS objects, 23% free, 52MB/68MB, paused 865us total 20.986ms
08-06 06:13:40.189 10629 10640 I art     : Starting a blocking GC Explicit
08-06 06:13:40.209 10629 10640 I art     : Explicit concurrent mark sweep GC freed 1025(72KB) AllocSpace objects, 0(0B) LOS objects, 23% free, 52MB/68MB, paused 553us total 19.208ms
08-06 06:13:40.217 10629 10640 I art     : Starting a blocking GC Explicit
08-06 06:13:40.237 10629 10640 I art     : Explicit concurrent mark sweep GC freed 69(3KB) AllocSpace objects, 0(0B) LOS objects, 23% free, 52MB/68MB, paused 522us total 19.896ms
08-06 06:13:40.243 10629 10629 E RecyclerView: No adapter attached; skipping layout
08-06 06:13:40.245 10629 10629 E RecyclerView: No adapter attached; skipping layout
08-06 06:13:40.269   918   936 I ActivityManager: Displayed baseline.appteam.nith.hillffair/.activities.LeaderBoardActivity: +115ms
08-06 06:13:40.272 10629 10629 E RecyclerView: No adapter attached; skipping layout
08-06 06:13:40.274 13866 13866 I GoogleInputMethodServic: GoogleInputMethodService.onFinishInput():3138 
08-06 06:13:40.274 13866 13866 I GoogleInputMethodServic: GoogleInputMethodService.onStartInput():1808 
08-06 06:13:40.296 10629 10655 D OpenGLRenderer: endAllStagingAnimators on 0x7f9947c400 (RippleDrawable) with handle 0x7f7bd79f00
08-06 06:13:40.487 10629 11112 I art     : Starting a blocking GC Explicit
08-06 06:13:40.514 10629 11112 I art     : Explicit concurrent mark sweep GC freed 1590(90KB) AllocSpace objects, 1(20KB) LOS objects, 23% free, 52MB/68MB, paused 491us total 26.306ms
08-06 06:13:40.524 10629 11112 I art     : Starting a blocking GC Explicit
08-06 06:13:40.527   380   380 W SurfaceFlinger: couldn't log to binary event log: overflow.
08-06 06:13:40.546 10629 11112 I art     : Explicit concurrent mark sweep GC freed 44(1488B) AllocSpace objects, 0(0B) LOS objects, 23% free, 52MB/68MB, paused 458us total 21.685ms
08-06 06:13:40.554 10629 11112 I art     : Starting a blocking GC Explicit
08-06 06:13:40.572 10629 11112 I art     : Explicit concurrent mark sweep GC freed 5(160B) AllocSpace objects, 0(0B) LOS objects, 23% free, 52MB/68MB, paused 479us total 18.305ms
08-06 06:13:40.580 10629 11112 I art     : Starting a blocking GC Explicit
08-06 06:13:40.599 10629 11112 I art     : Explicit concurrent mark sweep GC freed 4(128B) AllocSpace objects, 0(0B) LOS objects, 23% free, 52MB/68MB, paused 446us total 19.339ms
08-06 06:13:40.607 10629 11112 I art     : Starting a blocking GC Explicit
08-06 06:13:40.626 10629 11112 I art     : Explicit concurrent mark sweep GC freed 5(160B) AllocSpace objects, 0(0B) LOS objects, 23% free, 52MB/68MB, paused 534us total 18.853ms
08-06 06:13:40.630 13866 13882 I PeriodicStatsRunner: PeriodicStatsRunner.call():175 call()
08-06 06:13:40.630 13866 13882 I PeriodicStatsRunner: PeriodicStatsRunner.call():179 No submit PeriodicStats since input started.
08-06 06:13:40.660  9013  9013 I ServiceManager: Waiting for service AtCmdFwd...
08-06 06:13:40.709   512  2967 D audio_hw_primary: disable_audio_route: reset and update mixer path: low-latency-playback speaker
08-06 06:13:40.711   512  2967 D audio_hw_primary: disable_snd_device: snd_device(2: speaker)
08-06 06:13:40.720   512  2967 I soundtrigger: audio_extn_sound_trigger_update_device_status: device 0x2 of type 0 for Event 0
08-06 06:13:40.921 10629 11773 I art     : Starting a blocking GC Explicit
08-06 06:13:40.943 10629 11773 I art     : Explicit concurrent mark sweep GC freed 1538(88KB) AllocSpace objects, 1(20KB) LOS objects, 23% free, 52MB/68MB, paused 496us total 22.203ms
08-06 06:13:40.952 10629 11773 I art     : Starting a blocking GC Explicit
08-06 06:13:40.974 10629 11773 I art     : Explicit concurrent mark sweep GC freed 1031(71KB) AllocSpace objects, 2(120KB) LOS objects, 23% free, 52MB/68MB, paused 753us total 22.203ms
08-06 06:13:40.983 10629 11773 I art     : Starting a blocking GC Explicit
08-06 06:13:40.993 10629 12634 D OkHttp  : --> GET https://api-hillfair-2k16.herokuapp.com/api/app/quiz/leaderboard?from=1 http/1.1
08-06 06:13:41.004 10629 11773 I art     : Explicit concurrent mark sweep GC freed 2157(142KB) AllocSpace objects, 1(80KB) LOS objects, 23% free, 52MB/68MB, paused 519us total 21.070ms
08-06 06:13:41.013 10629 11773 I art     : Starting a blocking GC Explicit
08-06 06:13:41.029 10629 12634 D OkHttp  : <-- 200 OK https://api-hillfair-2k16.herokuapp.com/api/app/quiz/leaderboard?from=1 (36ms, 56744-byte body)
08-06 06:13:41.032 10629 11773 I art     : Explicit concurrent mark sweep GC freed 549(65KB) AllocSpace objects, 0(0B) LOS objects, 23% free, 52MB/68MB, paused 648us total 19.652ms
08-06 06:13:41.040 10629 11773 I art     : Starting a blocking GC Explicit
08-06 06:13:41.061 10629 11773 I art     : Explicit concurrent mark sweep GC freed 330(18KB) AllocSpace objects, 0(0B) LOS objects, 23% free, 52MB/68MB, paused 930us total 20.818ms
08-06 06:13:41.112 10629 10629 I NAPPA_EXPERIMENTATION: MetricNetworkRequestExecutionTime: REQUEST_DURATION_SYSTEM='933',REQUEST_DURATION_OKHTTP='36',REQUEST_SYNCHRONOUS='FALSE',RESPONSE_CODE='200',RESPONSE_METHOD='GET',RESPONSE_LENGTH_OKHTTP='56744',RESPONSE_LENGTH_HEADER='56744',REQUEST_PROTOCOL='http/1.1',REQUEST_URL='https://api-hillfair-2k16.herokuapp.com/api/app/quiz/leaderboard?from=1',
08-06 06:13:41.340 10629 11773 I art     : Starting a blocking GC Explicit
08-06 06:13:41.368 10629 11773 I art     : Explicit concurrent mark sweep GC freed 27283(1272KB) AllocSpace objects, 1(20KB) LOS objects, 23% free, 52MB/68MB, paused 515us total 28.470ms
08-06 06:13:41.381 10629 11773 I art     : Starting a blocking GC Explicit
08-06 06:13:41.404 10629 11773 I art     : Explicit concurrent mark sweep GC freed 87(3KB) AllocSpace objects, 0(0B) LOS objects, 23% free, 52MB/68MB, paused 468us total 23.103ms
08-06 06:13:41.413 10629 11773 I art     : Starting a blocking GC Explicit
08-06 06:13:41.437 10629 11773 I art     : Explicit concurrent mark sweep GC freed 3(96B) AllocSpace objects, 0(0B) LOS objects, 23% free, 52MB/68MB, paused 472us total 22.846ms
08-06 06:13:41.446 10629 11773 I art     : Starting a blocking GC Explicit
08-06 06:13:41.469 10629 11773 I art     : Explicit concurrent mark sweep GC freed 3(96B) AllocSpace objects, 0(0B) LOS objects, 23% free, 52MB/68MB, paused 479us total 23.311ms
08-06 06:13:41.478 10629 11773 I art     : Starting a blocking GC Explicit
08-06 06:13:41.501 10629 11773 I art     : Explicit concurrent mark sweep GC freed 3(96B) AllocSpace objects, 0(0B) LOS objects, 23% free, 52MB/68MB, paused 467us total 22.795ms
08-06 06:13:41.661  9013  9013 I ServiceManager: Waiting for service AtCmdFwd...
08-06 06:13:41.798 10629 10716 I art     : Starting a blocking GC Explicit
08-06 06:13:41.825 10629 10716 I art     : Explicit concurrent mark sweep GC freed 1344(78KB) AllocSpace objects, 1(20KB) LOS objects, 23% free, 52MB/68MB, paused 494us total 26.816ms
08-06 06:13:41.834 10629 10716 I art     : Starting a blocking GC Explicit
08-06 06:13:41.858 10629 10716 I art     : Explicit concurrent mark sweep GC freed 20(704B) AllocSpace objects, 0(0B) LOS objects, 23% free, 52MB/68MB, paused 508us total 23.207ms
08-06 06:13:41.867 10629 10716 I art     : Starting a blocking GC Explicit
08-06 06:13:41.890 10629 10716 I art     : Explicit concurrent mark sweep GC freed 3(96B) AllocSpace objects, 0(0B) LOS objects, 23% free, 52MB/68MB, paused 485us total 22.669ms
08-06 06:13:41.899 10629 10716 I art     : Starting a blocking GC Explicit
08-06 06:13:41.922 10629 10716 I art     : Explicit concurrent mark sweep GC freed 3(96B) AllocSpace objects, 0(0B) LOS objects, 23% free, 52MB/68MB, paused 526us total 23.055ms
08-06 06:13:41.931 10629 10716 I art     : Starting a blocking GC Explicit
08-06 06:13:41.955 10629 10716 I art     : Explicit concurrent mark sweep GC freed 3(96B) AllocSpace objects, 0(0B) LOS objects, 23% free, 52MB/68MB, paused 487us total 23.067ms
08-06 06:13:42.283 10629 10640 I art     : Starting a blocking GC Explicit
08-06 06:13:42.310 10629 10640 I art     : Explicit concurrent mark sweep GC freed 1344(78KB) AllocSpace objects, 1(20KB) LOS objects, 23% free, 52MB/68MB, paused 483us total 27.419ms
08-06 06:13:42.320 10629 10640 I art     : Starting a blocking GC Explicit
08-06 06:13:42.343 10629 10640 I art     : Explicit concurrent mark sweep GC freed 20(704B) AllocSpace objects, 0(0B) LOS objects, 23% free, 52MB/68MB, paused 461us total 23.315ms
08-06 06:13:42.352 10629 10640 I art     : Starting a blocking GC Explicit
08-06 06:13:42.376 10629 10640 I art     : Explicit concurrent mark sweep GC freed 3(96B) AllocSpace objects, 0(0B) LOS objects, 23% free, 52MB/68MB, paused 478us total 23.292ms
08-06 06:13:42.385 10629 10640 I art     : Starting a blocking GC Explicit
08-06 06:13:42.408 10629 10640 I art     : Explicit concurrent mark sweep GC freed 3(96B) AllocSpace objects, 0(0B) LOS objects, 23% free, 52MB/68MB, paused 476us total 23.068ms
08-06 06:13:42.417 10629 10640 I art     : Starting a blocking GC Explicit
08-06 06:13:42.440 10629 10640 I art     : Explicit concurrent mark sweep GC freed 3(96B) AllocSpace objects, 0(0B) LOS objects, 23% free, 52MB/68MB, paused 431us total 22.692ms
08-06 06:13:42.497 13866 13882 I PeriodicStatsRunner: PeriodicStatsRunner.call():175 call()
08-06 06:13:42.498 13866 13882 I PeriodicStatsRunner: PeriodicStatsRunner.call():179 No submit PeriodicStats since input started.
08-06 06:13:42.662  9013  9013 I ServiceManager: Waiting for service AtCmdFwd...
08-06 06:13:42.765 10629 11112 I art     : Starting a blocking GC Explicit
08-06 06:13:42.799 10629 11112 I art     : Explicit concurrent mark sweep GC freed 1344(78KB) AllocSpace objects, 1(20KB) LOS objects, 23% free, 52MB/68MB, paused 595us total 33.702ms
08-06 06:13:42.811 10629 11112 I art     : Starting a blocking GC Explicit
08-06 06:13:42.835 10629 11112 I art     : Explicit concurrent mark sweep GC freed 20(704B) AllocSpace objects, 0(0B) LOS objects, 23% free, 52MB/68MB, paused 488us total 23.406ms
08-06 06:13:42.844 10629 11112 I art     : Starting a blocking GC Explicit
08-06 06:13:42.867 10629 11112 I art     : Explicit concurrent mark sweep GC freed 3(96B) AllocSpace objects, 0(0B) LOS objects, 23% free, 52MB/68MB, paused 542us total 22.916ms
08-06 06:13:42.876 10629 11112 I art     : Starting a blocking GC Explicit
08-06 06:13:42.899 10629 11112 I art     : Explicit concurrent mark sweep GC freed 3(96B) AllocSpace objects, 0(0B) LOS objects, 23% free, 52MB/68MB, paused 477us total 23.199ms
08-06 06:13:42.908 10629 11112 I art     : Starting a blocking GC Explicit
08-06 06:13:42.932 10629 11112 I art     : Explicit concurrent mark sweep GC freed 3(96B) AllocSpace objects, 0(0B) LOS objects, 23% free, 52MB/68MB, paused 525us total 23.240ms
08-06 06:13:43.272 10629 10642 I art     : Starting a blocking GC Explicit
08-06 06:13:43.303 10629 10642 I art     : Explicit concurrent mark sweep GC freed 1344(78KB) AllocSpace objects, 1(20KB) LOS objects, 23% free, 52MB/68MB, paused 531us total 31.096ms
08-06 06:13:43.315 10629 10642 I art     : Starting a blocking GC Explicit
08-06 06:13:43.338 10629 10642 I art     : Explicit concurrent mark sweep GC freed 20(704B) AllocSpace objects, 0(0B) LOS objects, 23% free, 52MB/68MB, paused 483us total 23.480ms
08-06 06:13:43.347 10629 10642 I art     : Starting a blocking GC Explicit
08-06 06:13:43.371 10629 10642 I art     : Explicit concurrent mark sweep GC freed 3(96B) AllocSpace objects, 0(0B) LOS objects, 23% free, 52MB/68MB, paused 482us total 23.241ms
08-06 06:13:43.380 10629 10642 I art     : Starting a blocking GC Explicit
08-06 06:13:43.403 10629 10642 I art     : Explicit concurrent mark sweep GC freed 3(96B) AllocSpace objects, 0(0B) LOS objects, 23% free, 52MB/68MB, paused 487us total 23.106ms
08-06 06:13:43.413 10629 10642 I art     : Starting a blocking GC Explicit
08-06 06:13:43.436 10629 10642 I art     : Explicit concurrent mark sweep GC freed 3(96B) AllocSpace objects, 0(0B) LOS objects, 23% free, 52MB/68MB, paused 472us total 22.877ms
08-06 06:13:43.662  9013  9013 I ServiceManager: Waiting for service AtCmdFwd...
08-06 06:13:43.750 10629 11773 I art     : Starting a blocking GC Explicit
08-06 06:13:43.779 10629 11773 I art     : Explicit concurrent mark sweep GC freed 1344(78KB) AllocSpace objects, 1(20KB) LOS objects, 23% free, 52MB/68MB, paused 530us total 28.775ms
08-06 06:13:43.792 10629 11773 I art     : Starting a blocking GC Explicit
08-06 06:13:43.816 10629 11773 I art     : Explicit concurrent mark sweep GC freed 20(704B) AllocSpace objects, 0(0B) LOS objects, 23% free, 52MB/68MB, paused 458us total 23.555ms
08-06 06:13:43.824 10629 11773 I art     : Starting a blocking GC Explicit
08-06 06:13:43.847 10629 11773 I art     : Explicit concurrent mark sweep GC freed 3(96B) AllocSpace objects, 0(0B) LOS objects, 23% free, 52MB/68MB, paused 584us total 22.199ms
08-06 06:13:43.856 10629 11773 I art     : Starting a blocking GC Explicit
08-06 06:13:43.879 10629 11773 I art     : Explicit concurrent mark sweep GC freed 3(96B) AllocSpace objects, 0(0B) LOS objects, 23% free, 52MB/68MB, paused 476us total 23.272ms
08-06 06:13:43.889 10629 11773 I art     : Starting a blocking GC Explicit
08-06 06:13:43.912 10629 11773 I art     : Explicit concurrent mark sweep GC freed 3(96B) AllocSpace objects, 0(0B) LOS objects, 23% free, 52MB/68MB, paused 467us total 22.810ms
08-06 06:13:44.238 10629 10716 I art     : Starting a blocking GC Explicit
08-06 06:13:44.271 10629 10716 I art     : Explicit concurrent mark sweep GC freed 1344(78KB) AllocSpace objects, 1(20KB) LOS objects, 23% free, 52MB/68MB, paused 521us total 32.628ms
08-06 06:13:44.284 10629 10716 I art     : Starting a blocking GC Explicit
08-06 06:13:44.308 10629 10716 I art     : Explicit concurrent mark sweep GC freed 20(704B) AllocSpace objects, 0(0B) LOS objects, 23% free, 52MB/68MB, paused 484us total 22.990ms
08-06 06:13:44.317 10629 10716 I art     : Starting a blocking GC Explicit
08-06 06:13:44.340 10629 10716 I art     : Explicit concurrent mark sweep GC freed 3(96B) AllocSpace objects, 0(0B) LOS objects, 23% free, 52MB/68MB, paused 473us total 22.917ms
08-06 06:13:44.349 10629 10716 I art     : Starting a blocking GC Explicit
08-06 06:13:44.371 10629 10716 I art     : Explicit concurrent mark sweep GC freed 3(96B) AllocSpace objects, 0(0B) LOS objects, 23% free, 52MB/68MB, paused 467us total 22.337ms
08-06 06:13:44.381 10629 10716 I art     : Starting a blocking GC Explicit
08-06 06:13:44.402 10629 10716 I art     : Explicit concurrent mark sweep GC freed 3(96B) AllocSpace objects, 0(0B) LOS objects, 23% free, 52MB/68MB, paused 451us total 21.534ms
08-06 06:13:44.662  9013  9013 W Atfwd_Sendcmd: AtCmdFwd service not published, waiting... retryCnt : 1
08-06 06:13:44.689 10629 10640 I art     : Starting a blocking GC Explicit
08-06 06:13:44.718 10629 10640 I art     : Explicit concurrent mark sweep GC freed 1344(78KB) AllocSpace objects, 1(20KB) LOS objects, 23% free, 52MB/68MB, paused 523us total 27.832ms
08-06 06:13:44.730 10629 10640 I art     : Starting a blocking GC Explicit
08-06 06:13:44.752 10629 10640 I art     : Explicit concurrent mark sweep GC freed 20(704B) AllocSpace objects, 0(0B) LOS objects, 23% free, 52MB/68MB, paused 454us total 22.123ms
08-06 06:13:44.761 10629 10640 I art     : Starting a blocking GC Explicit
08-06 06:13:44.784 10629 10640 I art     : Explicit concurrent mark sweep GC freed 3(96B) AllocSpace objects, 0(0B) LOS objects, 23% free, 52MB/68MB, paused 467us total 22.295ms
08-06 06:13:44.792 10629 10640 I art     : Starting a blocking GC Explicit
08-06 06:13:44.815 10629 10640 I art     : Explicit concurrent mark sweep GC freed 3(96B) AllocSpace objects, 0(0B) LOS objects, 23% free, 52MB/68MB, paused 474us total 22.181ms
08-06 06:13:44.824 10629 10640 I art     : Starting a blocking GC Explicit
08-06 06:13:44.832 12727 12727 D AndroidRuntime: >>>>>> START com.android.internal.os.RuntimeInit uid 2000 <<<<<<
08-06 06:13:44.837 12727 12727 D AndroidRuntime: CheckJNI is OFF
08-06 06:13:44.846 10629 10640 I art     : Explicit concurrent mark sweep GC freed 3(96B) AllocSpace objects, 0(0B) LOS objects, 23% free, 52MB/68MB, paused 461us total 21.999ms
08-06 06:13:44.871 12727 12727 D ICU     : No timezone override file found: /data/misc/zoneinfo/current/icu/icu_tzdata.dat
08-06 06:13:44.904 12727 12727 I Radio-JNI: register_android_hardware_Radio DONE
08-06 06:13:44.926 12727 12727 D AndroidRuntime: Calling main entry com.android.commands.input.Input
08-06 06:13:44.928 12727 12727 I Input   : injectKeyEvent: KeyEvent { action=ACTION_DOWN, keyCode=KEYCODE_BACK, scanCode=0, metaState=0, flags=0x0, repeatCount=0, eventTime=857641341, downTime=857641341, deviceId=-1, source=0x101 }
08-06 06:13:44.934 12727 12727 I Input   : injectKeyEvent: KeyEvent { action=ACTION_UP, keyCode=KEYCODE_BACK, scanCode=0, metaState=0, flags=0x0, repeatCount=0, eventTime=857641341, downTime=857641341, deviceId=-1, source=0x101 }
08-06 06:13:44.939 12727 12727 D AndroidRuntime: Shutting down VM
08-06 06:13:44.975 13866 13866 I GoogleInputMethodServic: GoogleInputMethodService.onFinishInput():3138 
08-06 06:13:44.976 13866 13866 I GoogleInputMethodServic: GoogleInputMethodService.onStartInput():1808 
08-06 06:13:45.091 10629 10640 I art     : Starting a blocking GC Explicit
08-06 06:13:45.116 10629 10640 I art     : Explicit concurrent mark sweep GC freed 1482(84KB) AllocSpace objects, 1(20KB) LOS objects, 23% free, 52MB/68MB, paused 430us total 25.170ms
08-06 06:13:45.129 10629 10640 I art     : Starting a blocking GC Explicit
08-06 06:13:45.159 10629 10640 I art     : Explicit concurrent mark sweep GC freed 26(944B) AllocSpace objects, 0(0B) LOS objects, 23% free, 52MB/68MB, paused 722us total 29.427ms
08-06 06:13:45.168 10629 10640 I art     : Starting a blocking GC Explicit
08-06 06:13:45.195 10629 10640 I art     : Explicit concurrent mark sweep GC freed 3(96B) AllocSpace objects, 0(0B) LOS objects, 23% free, 52MB/68MB, paused 458us total 26.871ms
08-06 06:13:45.208 10629 10640 I art     : Starting a blocking GC Explicit
08-06 06:13:45.235 10629 10640 I art     : Explicit concurrent mark sweep GC freed 3(96B) AllocSpace objects, 0(0B) LOS objects, 23% free, 52MB/68MB, paused 540us total 26.414ms
08-06 06:13:45.247 10629 10640 I art     : Starting a blocking GC Explicit
08-06 06:13:45.272 10629 10640 I art     : Explicit concurrent mark sweep GC freed 3(96B) AllocSpace objects, 0(0B) LOS objects, 23% free, 52MB/68MB, paused 422us total 24.767ms
08-06 06:13:45.274 13866 13882 I PeriodicStatsRunner: PeriodicStatsRunner.call():175 call()
08-06 06:13:45.274 13866 13882 I PeriodicStatsRunner: PeriodicStatsRunner.call():179 No submit PeriodicStats since input started.
08-06 06:13:45.281   380   380 W SurfaceFlinger: couldn't log to binary event log: overflow.
08-06 06:13:45.537 10629 11773 I art     : Starting a blocking GC Explicit
08-06 06:13:45.563 10629 11773 I art     : Explicit concurrent mark sweep GC freed 1463(87KB) AllocSpace objects, 1(20KB) LOS objects, 23% free, 52MB/68MB, paused 535us total 25.480ms
08-06 06:13:45.577 10629 11773 I art     : Starting a blocking GC Explicit
08-06 06:13:45.599 10629 11773 I art     : Explicit concurrent mark sweep GC freed 4698(269KB) AllocSpace objects, 2(140KB) LOS objects, 23% free, 52MB/68MB, paused 489us total 21.748ms
08-06 06:13:45.608 10629 11773 I art     : Starting a blocking GC Explicit
08-06 06:13:45.629 10629 11773 I art     : Explicit concurrent mark sweep GC freed 3(96B) AllocSpace objects, 0(0B) LOS objects, 23% free, 52MB/68MB, paused 499us total 21.340ms
08-06 06:13:45.638 10629 11773 I art     : Starting a blocking GC Explicit
08-06 06:13:45.660 10629 11773 I art     : Explicit concurrent mark sweep GC freed 3(96B) AllocSpace objects, 0(0B) LOS objects, 23% free, 52MB/68MB, paused 526us total 21.407ms
08-06 06:13:45.669 10629 11773 I art     : Starting a blocking GC Explicit
08-06 06:13:45.690 10629 11773 I art     : Explicit concurrent mark sweep GC freed 3(96B) AllocSpace objects, 0(0B) LOS objects, 23% free, 52MB/68MB, paused 453us total 20.626ms
08-06 06:13:45.981 10629 11112 I art     : Starting a blocking GC Explicit
08-06 06:13:46.009 10629 11112 I art     : Explicit concurrent mark sweep GC freed 1344(78KB) AllocSpace objects, 1(20KB) LOS objects, 23% free, 52MB/68MB, paused 539us total 27.228ms
08-06 06:13:46.022 10629 11112 I art     : Starting a blocking GC Explicit
08-06 06:13:46.045 10629 11112 I art     : Explicit concurrent mark sweep GC freed 20(704B) AllocSpace objects, 0(0B) LOS objects, 23% free, 52MB/68MB, paused 460us total 22.385ms
08-06 06:13:46.054 10629 11112 I art     : Starting a blocking GC Explicit
08-06 06:13:46.075 10629 11112 I art     : Explicit concurrent mark sweep GC freed 3(96B) AllocSpace objects, 0(0B) LOS objects, 23% free, 52MB/68MB, paused 453us total 20.972ms
08-06 06:13:46.084 10629 11112 I art     : Starting a blocking GC Explicit
08-06 06:13:46.105 10629 11112 I art     : Explicit concurrent mark sweep GC freed 3(96B) AllocSpace objects, 0(0B) LOS objects, 23% free, 52MB/68MB, paused 507us total 21.508ms
08-06 06:13:46.115 10629 11112 I art     : Starting a blocking GC Explicit
08-06 06:13:46.135 10629 11112 I art     : Explicit concurrent mark sweep GC freed 3(96B) AllocSpace objects, 0(0B) LOS objects, 23% free, 52MB/68MB, paused 467us total 20.156ms
08-06 06:13:46.222   918  3188 I hubconnection: sensorhub said: 'set_bias 3: -6.2400, 0.0000, 0.0000'
08-06 06:13:46.407 10629 10642 I art     : Starting a blocking GC Explicit
08-06 06:13:46.429 10629 10642 I art     : Explicit concurrent mark sweep GC freed 1343(78KB) AllocSpace objects, 1(20KB) LOS objects, 23% free, 52MB/68MB, paused 501us total 21.594ms
08-06 06:13:46.438 10629 10642 I art     : Starting a blocking GC Explicit
08-06 06:13:46.458 10629 10642 I art     : Explicit concurrent mark sweep GC freed 20(704B) AllocSpace objects, 0(0B) LOS objects, 23% free, 52MB/68MB, paused 470us total 19.962ms
08-06 06:13:46.466 10629 10642 I art     : Starting a blocking GC Explicit
08-06 06:13:46.485 10629 10642 I art     : Explicit concurrent mark sweep GC freed 3(96B) AllocSpace objects, 0(0B) LOS objects, 23% free, 52MB/68MB, paused 458us total 18.990ms
08-06 06:13:46.494 10629 10642 I art     : Starting a blocking GC Explicit
08-06 06:13:46.514 10629 10642 I art     : Explicit concurrent mark sweep GC freed 3(96B) AllocSpace objects, 0(0B) LOS objects, 23% free, 52MB/68MB, paused 475us total 20.107ms
08-06 06:13:46.522 10629 10642 I art     : Starting a blocking GC Explicit
08-06 06:13:46.543 10629 10642 I art     : Explicit concurrent mark sweep GC freed 3(96B) AllocSpace objects, 0(0B) LOS objects, 23% free, 52MB/68MB, paused 511us total 20.140ms
08-06 06:13:46.589 12781 12781 D AndroidRuntime: >>>>>> START com.android.internal.os.RuntimeInit uid 2000 <<<<<<
08-06 06:13:46.594 12781 12781 D AndroidRuntime: CheckJNI is OFF
08-06 06:13:46.628 12781 12781 D ICU     : No timezone override file found: /data/misc/zoneinfo/current/icu/icu_tzdata.dat
08-06 06:13:46.663 12781 12781 I Radio-JNI: register_android_hardware_Radio DONE
08-06 06:13:46.687 12781 12781 D AndroidRuntime: Calling main entry com.android.commands.input.Input
08-06 06:13:46.689 12781 12781 I Input   : injectMotionEvent: MotionEvent { action=ACTION_DOWN, actionButton=0, id[0]=0, x[0]=648.0, y[0]=1050.0, toolType[0]=TOOL_TYPE_UNKNOWN, buttonState=0, metaState=0, flags=0x0, edgeFlags=0x0, pointerCount=1, historySize=0, eventTime=857643101, downTime=857643101, deviceId=0, source=0x1002 }
08-06 06:13:46.694 12781 12781 I Input   : injectMotionEvent: MotionEvent { action=ACTION_UP, actionButton=0, id[0]=0, x[0]=648.0, y[0]=1050.0, toolType[0]=TOOL_TYPE_UNKNOWN, buttonState=0, metaState=0, flags=0x0, edgeFlags=0x0, pointerCount=1, historySize=0, eventTime=857643101, downTime=857643101, deviceId=0, source=0x1002 }
08-06 06:13:46.696 12781 12781 D AndroidRuntime: Shutting down VM
08-06 06:13:46.706   918   928 I ActivityManager: START u0 {cmp=baseline.appteam.nith.hillffair/.activities.InformationActivity} from uid 10697 on display 0
08-06 06:13:46.706   512  2967 D audio_hw_primary: out_set_parameters: enter: usecase(1: low-latency-playback) kvpairs: routing=2
08-06 06:13:46.720   512  2967 D audio_hw_primary: select_devices: out_snd_device(2: speaker) in_snd_device(0: none)
08-06 06:13:46.720   512  2967 D msm8974_platform: platform_send_audio_calibration: sending audio calibration for snd_device(2) acdb_id(15)
08-06 06:13:46.720   512  2967 I soundtrigger: audio_extn_sound_trigger_update_device_status: device 0x2 of type 0 for Event 1
08-06 06:13:46.729   512  2967 D audio_hw_primary: enable_snd_device: snd_device(2: speaker)
08-06 06:13:46.731   512  2967 D audio_hw_primary: enable_audio_route: apply and update mixer path: low-latency-playback speaker
08-06 06:13:46.808 10629 10716 I art     : Starting a blocking GC Explicit
08-06 06:13:46.827 10629 10716 I art     : Explicit concurrent mark sweep GC freed 2347(157KB) AllocSpace objects, 1(20KB) LOS objects, 23% free, 52MB/68MB, paused 536us total 19.377ms
08-06 06:13:46.835 10629 10716 I art     : Starting a blocking GC Explicit
08-06 06:13:46.849   918   936 I ActivityManager: Displayed baseline.appteam.nith.hillffair/.activities.InformationActivity: +131ms
08-06 06:13:46.853 13866 13866 I GoogleInputMethodServic: GoogleInputMethodService.onFinishInput():3138 
08-06 06:13:46.854 13866 13866 I GoogleInputMethodServic: GoogleInputMethodService.onStartInput():1808 
08-06 06:13:46.858 10629 10716 I art     : Explicit concurrent mark sweep GC freed 196(8KB) AllocSpace objects, 0(0B) LOS objects, 23% free, 52MB/68MB, paused 978us total 22.056ms
08-06 06:13:46.868 10629 10716 I art     : Starting a blocking GC Explicit
08-06 06:13:46.872 10629 10655 D OpenGLRenderer: endAllStagingAnimators on 0x7f94bfc800 (RippleDrawable) with handle 0x7f7db431e0
08-06 06:13:46.889 10629 10716 I art     : Explicit concurrent mark sweep GC freed 27(1040B) AllocSpace objects, 0(0B) LOS objects, 23% free, 52MB/68MB, paused 626us total 20.569ms
08-06 06:13:46.898 10629 10716 I art     : Starting a blocking GC Explicit
08-06 06:13:46.917 10629 10716 I art     : Explicit concurrent mark sweep GC freed 24(848B) AllocSpace objects, 0(0B) LOS objects, 23% free, 52MB/68MB, paused 435us total 19.684ms
08-06 06:13:46.925 10629 10716 I art     : Starting a blocking GC Explicit
08-06 06:13:46.944 10629 10716 I art     : Explicit concurrent mark sweep GC freed 7(256B) AllocSpace objects, 0(0B) LOS objects, 23% free, 52MB/68MB, paused 426us total 18.990ms
08-06 06:13:47.083   380   380 W SurfaceFlinger: couldn't log to binary event log: overflow.
08-06 06:13:47.208 10629 10716 I art     : Starting a blocking GC Explicit
08-06 06:13:47.229 10629 10716 I art     : Explicit concurrent mark sweep GC freed 1455(85KB) AllocSpace objects, 1(20KB) LOS objects, 23% free, 52MB/68MB, paused 437us total 21.114ms
08-06 06:13:47.238 10629 10716 I art     : Starting a blocking GC Explicit
08-06 06:13:47.259 10629 10716 I art     : Explicit concurrent mark sweep GC freed 50(1648B) AllocSpace objects, 0(0B) LOS objects, 23% free, 52MB/68MB, paused 422us total 20.512ms
08-06 06:13:47.268 10629 10716 I art     : Starting a blocking GC Explicit
08-06 06:13:47.269   512  2967 D audio_hw_primary: disable_audio_route: reset and update mixer path: low-latency-playback speaker
08-06 06:13:47.269   512  2967 D audio_hw_primary: disable_snd_device: snd_device(2: speaker)
08-06 06:13:47.277   512  2967 I soundtrigger: audio_extn_sound_trigger_update_device_status: device 0x2 of type 0 for Event 0
08-06 06:13:47.288 10629 10716 I art     : Explicit concurrent mark sweep GC freed 3(96B) AllocSpace objects, 0(0B) LOS objects, 23% free, 52MB/68MB, paused 451us total 20.503ms
08-06 06:13:47.297 10629 10716 I art     : Starting a blocking GC Explicit
08-06 06:13:47.318 10629 10716 I art     : Explicit concurrent mark sweep GC freed 3(96B) AllocSpace objects, 0(0B) LOS objects, 23% free, 52MB/68MB, paused 494us total 21.142ms
08-06 06:13:47.327 10629 10716 I art     : Starting a blocking GC Explicit
08-06 06:13:47.348 10629 10716 I art     : Explicit concurrent mark sweep GC freed 3(96B) AllocSpace objects, 0(0B) LOS objects, 23% free, 52MB/68MB, paused 469us total 20.780ms
08-06 06:13:47.628 10629 11112 I art     : Starting a blocking GC Explicit
08-06 06:13:47.660 10629 11112 I art     : Explicit concurrent mark sweep GC freed 1344(78KB) AllocSpace objects, 1(20KB) LOS objects, 23% free, 52MB/68MB, paused 492us total 32.075ms
08-06 06:13:47.673 10629 11112 I art     : Starting a blocking GC Explicit
08-06 06:13:47.695 10629 11112 I art     : Explicit concurrent mark sweep GC freed 20(704B) AllocSpace objects, 0(0B) LOS objects, 23% free, 52MB/68MB, paused 435us total 22.051ms
08-06 06:13:47.704 10629 11112 I art     : Starting a blocking GC Explicit
08-06 06:13:47.725 10629 11112 I art     : Explicit concurrent mark sweep GC freed 3(96B) AllocSpace objects, 0(0B) LOS objects, 23% free, 52MB/68MB, paused 411us total 20.581ms
08-06 06:13:47.733 10629 11112 I art     : Starting a blocking GC Explicit
08-06 06:13:47.755 10629 11112 I art     : Explicit concurrent mark sweep GC freed 3(96B) AllocSpace objects, 0(0B) LOS objects, 23% free, 52MB/68MB, paused 438us total 21.660ms
08-06 06:13:47.764 10629 11112 I art     : Starting a blocking GC Explicit
08-06 06:13:47.786 10629 11112 I art     : Explicit concurrent mark sweep GC freed 3(96B) AllocSpace objects, 0(0B) LOS objects, 23% free, 52MB/68MB, paused 498us total 22.065ms
08-06 06:13:48.087 10629 10640 I art     : Starting a blocking GC Explicit
08-06 06:13:48.123 10629 10640 I art     : Explicit concurrent mark sweep GC freed 1344(78KB) AllocSpace objects, 1(20KB) LOS objects, 23% free, 52MB/68MB, paused 1.053ms total 36.020ms
08-06 06:13:48.139 10629 10640 I art     : Starting a blocking GC Explicit
08-06 06:13:48.161 10629 10640 I art     : Explicit concurrent mark sweep GC freed 20(704B) AllocSpace objects, 0(0B) LOS objects, 23% free, 52MB/68MB, paused 442us total 21.535ms
08-06 06:13:48.169 10629 10640 I art     : Starting a blocking GC Explicit
08-06 06:13:48.191 10629 10640 I art     : Explicit concurrent mark sweep GC freed 3(96B) AllocSpace objects, 0(0B) LOS objects, 23% free, 52MB/68MB, paused 450us total 20.966ms
08-06 06:13:48.199 10629 10640 I art     : Starting a blocking GC Explicit
08-06 06:13:48.222 10629 10640 I art     : Explicit concurrent mark sweep GC freed 3(96B) AllocSpace objects, 0(0B) LOS objects, 23% free, 52MB/68MB, paused 512us total 21.948ms
08-06 06:13:48.231 10629 10640 I art     : Starting a blocking GC Explicit
08-06 06:13:48.253 10629 10640 I art     : Explicit concurrent mark sweep GC freed 3(96B) AllocSpace objects, 0(0B) LOS objects, 23% free, 52MB/68MB, paused 557us total 21.986ms
08-06 06:13:48.577 10629 10716 I art     : Starting a blocking GC Explicit
08-06 06:13:48.601 10629 10716 I art     : Explicit concurrent mark sweep GC freed 1372(79KB) AllocSpace objects, 1(20KB) LOS objects, 23% free, 52MB/68MB, paused 449us total 23.663ms
08-06 06:13:48.610 10629 10716 I art     : Starting a blocking GC Explicit
08-06 06:13:48.633 10629 10716 I art     : Explicit concurrent mark sweep GC freed 22(768B) AllocSpace objects, 0(0B) LOS objects, 23% free, 52MB/68MB, paused 470us total 22.580ms
08-06 06:13:48.643 10629 10716 I art     : Starting a blocking GC Explicit
08-06 06:13:48.663 10629 10716 I art     : Explicit concurrent mark sweep GC freed 3(96B) AllocSpace objects, 0(0B) LOS objects, 23% free, 52MB/68MB, paused 435us total 19.811ms
08-06 06:13:48.672 10629 10716 I art     : Starting a blocking GC Explicit
08-06 06:13:48.692 10629 10716 I art     : Explicit concurrent mark sweep GC freed 3(96B) AllocSpace objects, 0(0B) LOS objects, 23% free, 52MB/68MB, paused 413us total 20.318ms
08-06 06:13:48.701 10629 10716 I art     : Starting a blocking GC Explicit
08-06 06:13:48.722 10629 10716 I art     : Explicit concurrent mark sweep GC freed 3(96B) AllocSpace objects, 0(0B) LOS objects, 23% free, 52MB/68MB, paused 456us total 20.854ms
08-06 06:13:49.058 10629 11112 I art     : Starting a blocking GC Explicit
08-06 06:13:49.089 10629 11112 I art     : Explicit concurrent mark sweep GC freed 1344(78KB) AllocSpace objects, 1(20KB) LOS objects, 23% free, 52MB/68MB, paused 604us total 31.457ms
08-06 06:13:49.102 10629 11112 I art     : Starting a blocking GC Explicit
08-06 06:13:49.124 10629 11112 I art     : Explicit concurrent mark sweep GC freed 20(704B) AllocSpace objects, 0(0B) LOS objects, 23% free, 52MB/68MB, paused 458us total 22.117ms
08-06 06:13:49.133 10629 11112 I art     : Starting a blocking GC Explicit
08-06 06:13:49.155 10629 11112 I art     : Explicit concurrent mark sweep GC freed 3(96B) AllocSpace objects, 0(0B) LOS objects, 23% free, 52MB/68MB, paused 446us total 21.472ms
08-06 06:13:49.163 10629 11112 I art     : Starting a blocking GC Explicit
08-06 06:13:49.185 10629 11112 I art     : Explicit concurrent mark sweep GC freed 3(96B) AllocSpace objects, 0(0B) LOS objects, 23% free, 52MB/68MB, paused 456us total 21.857ms
08-06 06:13:49.194 10629 11112 I art     : Starting a blocking GC Explicit
08-06 06:13:49.216 10629 11112 I art     : Explicit concurrent mark sweep GC freed 3(96B) AllocSpace objects, 0(0B) LOS objects, 23% free, 52MB/68MB, paused 465us total 21.398ms
08-06 06:13:49.527 10629 11773 I art     : Starting a blocking GC Explicit
08-06 06:13:49.555 10629 11773 I art     : Explicit concurrent mark sweep GC freed 1344(78KB) AllocSpace objects, 1(20KB) LOS objects, 23% free, 52MB/68MB, paused 497us total 27.138ms
08-06 06:13:49.567 10629 11773 I art     : Starting a blocking GC Explicit
08-06 06:13:49.592 10629 11773 I art     : Explicit concurrent mark sweep GC freed 20(704B) AllocSpace objects, 0(0B) LOS objects, 23% free, 52MB/68MB, paused 435us total 24.690ms
08-06 06:13:49.601 10629 11773 I art     : Starting a blocking GC Explicit
08-06 06:13:49.623 10629 11773 I art     : Explicit concurrent mark sweep GC freed 3(96B) AllocSpace objects, 0(0B) LOS objects, 23% free, 52MB/68MB, paused 441us total 22.067ms
08-06 06:13:49.632 10629 11773 I art     : Starting a blocking GC Explicit
08-06 06:13:49.654 10629 11773 I art     : Explicit concurrent mark sweep GC freed 3(96B) AllocSpace objects, 0(0B) LOS objects, 23% free, 52MB/68MB, paused 443us total 21.634ms
08-06 06:13:49.663 10629 11773 I art     : Starting a blocking GC Explicit
08-06 06:13:49.663  9013  9013 I ServiceManager: Waiting for service AtCmdFwd...
08-06 06:13:49.685 10629 11773 I art     : Explicit concurrent mark sweep GC freed 3(96B) AllocSpace objects, 0(0B) LOS objects, 23% free, 52MB/68MB, paused 451us total 21.666ms
08-06 06:13:49.976 13866 13882 I PeriodicStatsRunner: PeriodicStatsRunner.call():175 call()
08-06 06:13:49.976 13866 13882 I PeriodicStatsRunner: PeriodicStatsRunner.call():179 No submit PeriodicStats since input started.
08-06 06:13:49.996 10629 10640 I art     : Starting a blocking GC Explicit
08-06 06:13:50.029 10629 10640 I art     : Explicit concurrent mark sweep GC freed 1344(78KB) AllocSpace objects, 1(20KB) LOS objects, 23% free, 52MB/68MB, paused 555us total 32.352ms
08-06 06:13:50.044 10629 10640 I art     : Starting a blocking GC Explicit
08-06 06:13:50.068 10629 10640 I art     : Explicit concurrent mark sweep GC freed 20(704B) AllocSpace objects, 0(0B) LOS objects, 23% free, 52MB/68MB, paused 448us total 23.904ms
08-06 06:13:50.077 10629 10640 I art     : Starting a blocking GC Explicit
08-06 06:13:50.099 10629 10640 I art     : Explicit concurrent mark sweep GC freed 3(96B) AllocSpace objects, 0(0B) LOS objects, 23% free, 52MB/68MB, paused 459us total 21.844ms
08-06 06:13:50.108 10629 10640 I art     : Starting a blocking GC Explicit
08-06 06:13:50.130 10629 10640 I art     : Explicit concurrent mark sweep GC freed 3(96B) AllocSpace objects, 0(0B) LOS objects, 23% free, 52MB/68MB, paused 434us total 21.527ms
08-06 06:13:50.139 10629 10640 I art     : Starting a blocking GC Explicit
08-06 06:13:50.160 10629 10640 I art     : Explicit concurrent mark sweep GC freed 3(96B) AllocSpace objects, 0(0B) LOS objects, 23% free, 52MB/68MB, paused 433us total 21.468ms
08-06 06:13:50.492 10629 10642 I art     : Starting a blocking GC Explicit
08-06 06:13:50.519 10629 10642 I art     : Explicit concurrent mark sweep GC freed 1344(78KB) AllocSpace objects, 1(20KB) LOS objects, 23% free, 52MB/68MB, paused 492us total 26.979ms
08-06 06:13:50.531 10629 10642 I art     : Starting a blocking GC Explicit
08-06 06:13:50.558 10629 10642 I art     : Explicit concurrent mark sweep GC freed 20(704B) AllocSpace objects, 0(0B) LOS objects, 23% free, 52MB/68MB, paused 551us total 26.888ms
08-06 06:13:50.568 10629 10642 I art     : Starting a blocking GC Explicit
08-06 06:13:50.590 10629 10642 I art     : Explicit concurrent mark sweep GC freed 3(96B) AllocSpace objects, 0(0B) LOS objects, 23% free, 52MB/68MB, paused 458us total 21.775ms
08-06 06:13:50.599 10629 10642 I art     : Starting a blocking GC Explicit
08-06 06:13:50.621 10629 10642 I art     : Explicit concurrent mark sweep GC freed 3(96B) AllocSpace objects, 0(0B) LOS objects, 23% free, 52MB/68MB, paused 449us total 21.290ms
08-06 06:13:50.630 10629 10642 I art     : Starting a blocking GC Explicit
08-06 06:13:50.651 10629 10642 I art     : Explicit concurrent mark sweep GC freed 3(96B) AllocSpace objects, 0(0B) LOS objects, 23% free, 52MB/68MB, paused 463us total 21.407ms
08-06 06:13:50.667  9013  9013 I ServiceManager: Waiting for service AtCmdFwd...
08-06 06:13:50.981 10629 10716 I art     : Starting a blocking GC Explicit
08-06 06:13:51.003 10629 10716 I art     : Explicit concurrent mark sweep GC freed 1344(78KB) AllocSpace objects, 1(20KB) LOS objects, 23% free, 52MB/68MB, paused 476us total 21.932ms
08-06 06:13:51.012 10629 10716 I art     : Starting a blocking GC Explicit
08-06 06:13:51.033 10629 10716 I art     : Explicit concurrent mark sweep GC freed 20(704B) AllocSpace objects, 0(0B) LOS objects, 23% free, 52MB/68MB, paused 504us total 20.915ms
08-06 06:13:51.042 10629 10716 I art     : Starting a blocking GC Explicit
08-06 06:13:51.063 10629 10716 I art     : Explicit concurrent mark sweep GC freed 3(96B) AllocSpace objects, 0(0B) LOS objects, 23% free, 52MB/68MB, paused 437us total 21.053ms
08-06 06:13:51.071 10629 10716 I art     : Starting a blocking GC Explicit
08-06 06:13:51.092 10629 10716 I art     : Explicit concurrent mark sweep GC freed 3(96B) AllocSpace objects, 0(0B) LOS objects, 23% free, 52MB/68MB, paused 461us total 20.786ms
08-06 06:13:51.101 10629 10716 I art     : Starting a blocking GC Explicit
08-06 06:13:51.121 10629 10716 I art     : Explicit concurrent mark sweep GC freed 3(96B) AllocSpace objects, 0(0B) LOS objects, 23% free, 52MB/68MB, paused 450us total 20.482ms
08-06 06:13:51.345 12907 12907 D AndroidRuntime: >>>>>> START com.android.internal.os.RuntimeInit uid 2000 <<<<<<
08-06 06:13:51.350 12907 12907 D AndroidRuntime: CheckJNI is OFF
08-06 06:13:51.385 12907 12907 D ICU     : No timezone override file found: /data/misc/zoneinfo/current/icu/icu_tzdata.dat
08-06 06:13:51.418 10629 11112 I art     : Starting a blocking GC Explicit
08-06 06:13:51.419 12907 12907 I Radio-JNI: register_android_hardware_Radio DONE
08-06 06:13:51.441 10629 11112 I art     : Explicit concurrent mark sweep GC freed 1344(78KB) AllocSpace objects, 1(20KB) LOS objects, 23% free, 52MB/68MB, paused 505us total 22.569ms
08-06 06:13:51.442 12907 12907 D AndroidRuntime: Calling main entry com.android.commands.input.Input
08-06 06:13:51.444 12907 12907 I Input   : injectKeyEvent: KeyEvent { action=ACTION_DOWN, keyCode=KEYCODE_BACK, scanCode=0, metaState=0, flags=0x0, repeatCount=0, eventTime=857647857, downTime=857647857, deviceId=-1, source=0x101 }
08-06 06:13:51.450 10629 11112 I art     : Starting a blocking GC Explicit
08-06 06:13:51.450 12907 12907 I Input   : injectKeyEvent: KeyEvent { action=ACTION_UP, keyCode=KEYCODE_BACK, scanCode=0, metaState=0, flags=0x0, repeatCount=0, eventTime=857647857, downTime=857647857, deviceId=-1, source=0x101 }
08-06 06:13:51.456 12907 12907 D AndroidRuntime: Shutting down VM
08-06 06:13:51.471 10629 11112 I art     : Explicit concurrent mark sweep GC freed 117(5KB) AllocSpace objects, 0(0B) LOS objects, 23% free, 52MB/68MB, paused 494us total 20.804ms
08-06 06:13:51.481 10629 11112 I art     : Starting a blocking GC Explicit
08-06 06:13:51.497 13866 13866 I GoogleInputMethodServic: GoogleInputMethodService.onFinishInput():3138 
08-06 06:13:51.498 13866 13866 I GoogleInputMethodServic: GoogleInputMethodService.onStartInput():1808 
08-06 06:13:51.500 10629 11112 I art     : Explicit concurrent mark sweep GC freed 10(320B) AllocSpace objects, 0(0B) LOS objects, 23% free, 52MB/68MB, paused 650us total 18.193ms
08-06 06:13:51.507 10629 11112 I art     : Starting a blocking GC Explicit
08-06 06:13:51.528 10629 11112 I art     : Explicit concurrent mark sweep GC freed 38(1376B) AllocSpace objects, 0(0B) LOS objects, 23% free, 52MB/68MB, paused 498us total 20.714ms
08-06 06:13:51.536 10629 11112 I art     : Starting a blocking GC Explicit
08-06 06:13:51.555 10629 11112 I art     : Explicit concurrent mark sweep GC freed 10(368B) AllocSpace objects, 0(0B) LOS objects, 23% free, 52MB/68MB, paused 465us total 18.484ms
08-06 06:13:51.667  9013  9013 I ServiceManager: Waiting for service AtCmdFwd...
08-06 06:13:51.788   380   380 W SurfaceFlinger: couldn't log to binary event log: overflow.
08-06 06:13:51.831 10629 11773 I art     : Starting a blocking GC Explicit
08-06 06:13:51.853 10629 11773 I art     : Explicit concurrent mark sweep GC freed 1454(87KB) AllocSpace objects, 1(20KB) LOS objects, 23% free, 52MB/68MB, paused 444us total 21.678ms
08-06 06:13:51.854 13866 13882 I PeriodicStatsRunner: PeriodicStatsRunner.call():175 call()
08-06 06:13:51.854 13866 13882 I PeriodicStatsRunner: PeriodicStatsRunner.call():179 No submit PeriodicStats since input started.
08-06 06:13:51.862 10629 11773 I art     : Starting a blocking GC Explicit
08-06 06:13:51.882 10629 11773 I art     : Explicit concurrent mark sweep GC freed 1401(90KB) AllocSpace objects, 1(28KB) LOS objects, 23% free, 52MB/68MB, paused 456us total 20.305ms
08-06 06:13:51.890 10629 11773 I art     : Starting a blocking GC Explicit
08-06 06:13:51.911 10629 11773 I art     : Explicit concurrent mark sweep GC freed 3(96B) AllocSpace objects, 0(0B) LOS objects, 23% free, 52MB/68MB, paused 443us total 20.589ms
08-06 06:13:51.920 10629 11773 I art     : Starting a blocking GC Explicit
08-06 06:13:51.940 10629 11773 I art     : Explicit concurrent mark sweep GC freed 3(96B) AllocSpace objects, 0(0B) LOS objects, 23% free, 52MB/68MB, paused 445us total 20.541ms
08-06 06:13:51.949 10629 11773 I art     : Starting a blocking GC Explicit
08-06 06:13:51.971 10629 11773 I art     : Explicit concurrent mark sweep GC freed 3(96B) AllocSpace objects, 0(0B) LOS objects, 23% free, 52MB/68MB, paused 448us total 21.705ms
08-06 06:13:52.259 10629 10642 I art     : Starting a blocking GC Explicit
08-06 06:13:52.290 10629 10642 I art     : Explicit concurrent mark sweep GC freed 1344(78KB) AllocSpace objects, 1(20KB) LOS objects, 23% free, 52MB/68MB, paused 500us total 31.332ms
08-06 06:13:52.302 10629 10642 I art     : Starting a blocking GC Explicit
08-06 06:13:52.324 10629 10642 I art     : Explicit concurrent mark sweep GC freed 20(704B) AllocSpace objects, 0(0B) LOS objects, 23% free, 52MB/68MB, paused 463us total 21.550ms
08-06 06:13:52.333 10629 10642 I art     : Starting a blocking GC Explicit
08-06 06:13:52.354 10629 10642 I art     : Explicit concurrent mark sweep GC freed 3(96B) AllocSpace objects, 0(0B) LOS objects, 23% free, 52MB/68MB, paused 453us total 20.930ms
08-06 06:13:52.363 10629 10642 I art     : Starting a blocking GC Explicit
08-06 06:13:52.384 10629 10642 I art     : Explicit concurrent mark sweep GC freed 3(96B) AllocSpace objects, 0(0B) LOS objects, 23% free, 52MB/68MB, paused 452us total 21.210ms
08-06 06:13:52.393 10629 10642 I art     : Starting a blocking GC Explicit
08-06 06:13:52.414 10629 10642 I art     : Explicit concurrent mark sweep GC freed 3(96B) AllocSpace objects, 0(0B) LOS objects, 23% free, 52MB/68MB, paused 455us total 21.324ms
08-06 06:13:52.668  9013  9013 I ServiceManager: Waiting for service AtCmdFwd...
08-06 06:13:52.696 10629 10640 I art     : Starting a blocking GC Explicit
08-06 06:13:52.723 10629 10640 I art     : Explicit concurrent mark sweep GC freed 1343(78KB) AllocSpace objects, 1(20KB) LOS objects, 23% free, 52MB/68MB, paused 500us total 26.910ms
08-06 06:13:52.732 10629 10640 I art     : Starting a blocking GC Explicit
08-06 06:13:52.753 10629 10640 I art     : Explicit concurrent mark sweep GC freed 20(704B) AllocSpace objects, 0(0B) LOS objects, 23% free, 52MB/68MB, paused 453us total 20.678ms
08-06 06:13:52.762 10629 10640 I art     : Starting a blocking GC Explicit
08-06 06:13:52.782 10629 10640 I art     : Explicit concurrent mark sweep GC freed 3(96B) AllocSpace objects, 0(0B) LOS objects, 23% free, 52MB/68MB, paused 442us total 19.404ms
08-06 06:13:52.790 10629 10640 I art     : Starting a blocking GC Explicit
08-06 06:13:52.810 10629 10640 I art     : Explicit concurrent mark sweep GC freed 3(96B) AllocSpace objects, 0(0B) LOS objects, 23% free, 52MB/68MB, paused 437us total 19.971ms
08-06 06:13:52.819 10629 10640 I art     : Starting a blocking GC Explicit
08-06 06:13:52.839 10629 10640 I art     : Explicit concurrent mark sweep GC freed 3(96B) AllocSpace objects, 0(0B) LOS objects, 23% free, 52MB/68MB, paused 454us total 20.081ms
08-06 06:13:53.106 12963 12963 D AndroidRuntime: >>>>>> START com.android.internal.os.RuntimeInit uid 2000 <<<<<<
08-06 06:13:53.111 12963 12963 D AndroidRuntime: CheckJNI is OFF
08-06 06:13:53.112 10629 10642 I art     : Starting a blocking GC Explicit
08-06 06:13:53.134 10629 10642 I art     : Explicit concurrent mark sweep GC freed 1350(78KB) AllocSpace objects, 1(20KB) LOS objects, 23% free, 52MB/68MB, paused 460us total 21.918ms
08-06 06:13:53.143 10629 10642 I art     : Starting a blocking GC Explicit
08-06 06:13:53.150 12963 12963 D ICU     : No timezone override file found: /data/misc/zoneinfo/current/icu/icu_tzdata.dat
08-06 06:13:53.163 10629 10642 I art     : Explicit concurrent mark sweep GC freed 24(832B) AllocSpace objects, 0(0B) LOS objects, 23% free, 52MB/68MB, paused 461us total 19.752ms
08-06 06:13:53.171 10629 10642 I art     : Starting a blocking GC Explicit
08-06 06:13:53.183 12963 12963 I Radio-JNI: register_android_hardware_Radio DONE
08-06 06:13:53.190 10629 10642 I art     : Explicit concurrent mark sweep GC freed 6(192B) AllocSpace objects, 0(0B) LOS objects, 23% free, 52MB/68MB, paused 460us total 18.675ms
08-06 06:13:53.198 10629 10642 I art     : Starting a blocking GC Explicit
08-06 06:13:53.204 12963 12963 D AndroidRuntime: Calling main entry com.android.commands.input.Input
08-06 06:13:53.206 12963 12963 I Input   : injectMotionEvent: MotionEvent { action=ACTION_DOWN, actionButton=0, id[0]=0, x[0]=756.0, y[0]=1530.0, toolType[0]=TOOL_TYPE_UNKNOWN, buttonState=0, metaState=0, flags=0x0, edgeFlags=0x0, pointerCount=1, historySize=0, eventTime=857649618, downTime=857649618, deviceId=0, source=0x1002 }
08-06 06:13:53.212 12963 12963 I Input   : injectMotionEvent: MotionEvent { action=ACTION_UP, actionButton=0, id[0]=0, x[0]=756.0, y[0]=1530.0, toolType[0]=TOOL_TYPE_UNKNOWN, buttonState=0, metaState=0, flags=0x0, edgeFlags=0x0, pointerCount=1, historySize=0, eventTime=857649618, downTime=857649618, deviceId=0, source=0x1002 }
08-06 06:13:53.215 12963 12963 D AndroidRuntime: Shutting down VM
08-06 06:13:53.217 10629 10642 I art     : Explicit concurrent mark sweep GC freed 26(864B) AllocSpace objects, 0(0B) LOS objects, 23% free, 52MB/68MB, paused 594us total 19.096ms
08-06 06:13:53.224   918   929 I ActivityManager: START u0 {cmp=baseline.appteam.nith.hillffair/.activities.LeaderBoardActivity} from uid 10697 on display 0
08-06 06:13:53.225 10629 10642 I art     : Starting a blocking GC Explicit
08-06 06:13:53.227   512  2967 D audio_hw_primary: out_set_parameters: enter: usecase(1: low-latency-playback) kvpairs: routing=2
08-06 06:13:53.240   512  2967 D audio_hw_primary: select_devices: out_snd_device(2: speaker) in_snd_device(0: none)
08-06 06:13:53.240   512  2967 D msm8974_platform: platform_send_audio_calibration: sending audio calibration for snd_device(2) acdb_id(15)
08-06 06:13:53.240   512  2967 I soundtrigger: audio_extn_sound_trigger_update_device_status: device 0x2 of type 0 for Event 1
08-06 06:13:53.245 10629 10642 I art     : Explicit concurrent mark sweep GC freed 40(1408B) AllocSpace objects, 0(0B) LOS objects, 23% free, 52MB/68MB, paused 454us total 19.921ms
08-06 06:13:53.250   512  2967 D audio_hw_primary: enable_snd_device: snd_device(2: speaker)
08-06 06:13:53.252   512  2967 D audio_hw_primary: enable_audio_route: apply and update mixer path: low-latency-playback speaker
08-06 06:13:53.333 10629 10629 E RecyclerView: No adapter attached; skipping layout
08-06 06:13:53.336 10629 10629 E RecyclerView: No adapter attached; skipping layout
08-06 06:13:53.354   918   936 I ActivityManager: Displayed baseline.appteam.nith.hillffair/.activities.LeaderBoardActivity: +113ms
08-06 06:13:53.354 13866 13866 I GoogleInputMethodServic: GoogleInputMethodService.onFinishInput():3138 
08-06 06:13:53.355 13866 13866 I GoogleInputMethodServic: GoogleInputMethodService.onStartInput():1808 
08-06 06:13:53.356 10629 10629 E RecyclerView: No adapter attached; skipping layout
08-06 06:13:53.382 10629 10655 D OpenGLRenderer: endAllStagingAnimators on 0x7f9947c400 (RippleDrawable) with handle 0x7f7d9555a0
08-06 06:13:53.495 10629 11773 I art     : Starting a blocking GC Explicit
08-06 06:13:53.517 10629 11773 I art     : Explicit concurrent mark sweep GC freed 6596(401KB) AllocSpace objects, 1(20KB) LOS objects, 23% free, 52MB/68MB, paused 452us total 22.021ms
08-06 06:13:53.530 10629 11773 I art     : Starting a blocking GC Explicit
08-06 06:13:53.560 10629 11773 I art     : Explicit concurrent mark sweep GC freed 278(12KB) AllocSpace objects, 0(0B) LOS objects, 23% free, 52MB/68MB, paused 639us total 30.267ms
08-06 06:13:53.572 10629 11773 I art     : Starting a blocking GC Explicit
08-06 06:13:53.598 10629 11773 I art     : Explicit concurrent mark sweep GC freed 3(96B) AllocSpace objects, 0(0B) LOS objects, 23% free, 52MB/68MB, paused 462us total 26.333ms
08-06 06:13:53.607   380   380 W SurfaceFlinger: couldn't log to binary event log: overflow.
08-06 06:13:53.608 10629 11773 I art     : Starting a blocking GC Explicit
08-06 06:13:53.630 10629 11773 I art     : Explicit concurrent mark sweep GC freed 3(96B) AllocSpace objects, 0(0B) LOS objects, 23% free, 52MB/68MB, paused 453us total 21.922ms
08-06 06:13:53.638 10629 11773 I art     : Starting a blocking GC Explicit
08-06 06:13:53.657 10629 11773 I art     : Explicit concurrent mark sweep GC freed 3(96B) AllocSpace objects, 0(0B) LOS objects, 23% free, 52MB/68MB, paused 659us total 18.829ms
08-06 06:13:53.668  9013  9013 I ServiceManager: Waiting for service AtCmdFwd...
08-06 06:13:53.789   512  2967 D audio_hw_primary: disable_audio_route: reset and update mixer path: low-latency-playback speaker
08-06 06:13:53.791   512  2967 D audio_hw_primary: disable_snd_device: snd_device(2: speaker)
08-06 06:13:53.799   512  2967 I soundtrigger: audio_extn_sound_trigger_update_device_status: device 0x2 of type 0 for Event 0
08-06 06:13:53.943 10629 10642 I art     : Starting a blocking GC Explicit
08-06 06:13:53.966 10629 10642 I art     : Explicit concurrent mark sweep GC freed 1484(86KB) AllocSpace objects, 1(20KB) LOS objects, 23% free, 52MB/68MB, paused 516us total 22.804ms
08-06 06:13:53.976 10629 10642 I art     : Starting a blocking GC Explicit
08-06 06:13:53.997 10629 10642 I art     : Explicit concurrent mark sweep GC freed 70(2368B) AllocSpace objects, 0(0B) LOS objects, 23% free, 52MB/68MB, paused 591us total 21.242ms
08-06 06:13:54.006 10629 10642 I art     : Starting a blocking GC Explicit
08-06 06:13:54.027 10629 10642 I art     : Explicit concurrent mark sweep GC freed 13(480B) AllocSpace objects, 0(0B) LOS objects, 23% free, 52MB/68MB, paused 477us total 21.195ms
08-06 06:13:54.036 10629 10642 I art     : Starting a blocking GC Explicit
08-06 06:13:54.057 10629 10642 I art     : Explicit concurrent mark sweep GC freed 10(352B) AllocSpace objects, 0(0B) LOS objects, 23% free, 52MB/68MB, paused 595us total 20.863ms
08-06 06:13:54.066 10629 10642 I art     : Starting a blocking GC Explicit
08-06 06:13:54.088 10629 10642 I art     : Explicit concurrent mark sweep GC freed 1491(89KB) AllocSpace objects, 2(120KB) LOS objects, 23% free, 53MB/69MB, paused 889us total 21.776ms
08-06 06:13:54.097 10629 12986 D OkHttp  : --> GET https://api-hillfair-2k16.herokuapp.com/api/app/quiz/leaderboard?from=1 http/1.1
08-06 06:13:54.133 10629 12986 D OkHttp  : <-- 200 OK https://api-hillfair-2k16.herokuapp.com/api/app/quiz/leaderboard?from=1 (35ms, 56744-byte body)
08-06 06:13:54.209 10629 10629 I NAPPA_EXPERIMENTATION: MetricNetworkRequestExecutionTime: REQUEST_DURATION_SYSTEM='933',REQUEST_DURATION_OKHTTP='36',REQUEST_SYNCHRONOUS='FALSE',RESPONSE_CODE='200',RESPONSE_METHOD='GET',RESPONSE_LENGTH_OKHTTP='56744',RESPONSE_LENGTH_HEADER='56744',REQUEST_PROTOCOL='http/1.1',REQUEST_URL='https://api-hillfair-2k16.herokuapp.com/api/app/quiz/leaderboard?from=1',
08-06 06:13:54.351 10629 10640 I art     : Starting a blocking GC Explicit
08-06 06:13:54.379 10629 10640 I art     : Explicit concurrent mark sweep GC freed 29761(1471KB) AllocSpace objects, 2(100KB) LOS objects, 23% free, 53MB/69MB, paused 491us total 28.102ms
08-06 06:13:54.391 10629 10640 I art     : Starting a blocking GC Explicit
08-06 06:13:54.413 10629 10640 I art     : Explicit concurrent mark sweep GC freed 148(5KB) AllocSpace objects, 0(0B) LOS objects, 23% free, 53MB/69MB, paused 466us total 22.149ms
08-06 06:13:54.422 10629 10640 I art     : Starting a blocking GC Explicit
08-06 06:13:54.445 10629 10640 I art     : Explicit concurrent mark sweep GC freed 3(96B) AllocSpace objects, 0(0B) LOS objects, 23% free, 53MB/69MB, paused 516us total 23.080ms
08-06 06:13:54.454 10629 10640 I art     : Starting a blocking GC Explicit
08-06 06:13:54.477 10629 10640 I art     : Explicit concurrent mark sweep GC freed 3(96B) AllocSpace objects, 0(0B) LOS objects, 23% free, 53MB/69MB, paused 491us total 22.921ms
08-06 06:13:54.486 10629 10640 I art     : Starting a blocking GC Explicit
08-06 06:13:54.510 10629 10640 I art     : Explicit concurrent mark sweep GC freed 3(96B) AllocSpace objects, 0(0B) LOS objects, 23% free, 53MB/69MB, paused 468us total 23.346ms
08-06 06:13:54.669  9013  9013 W Atfwd_Sendcmd: AtCmdFwd service not published, waiting... retryCnt : 2
08-06 06:13:54.803 10629 11112 I art     : Starting a blocking GC Explicit
08-06 06:13:54.832 10629 11112 I art     : Explicit concurrent mark sweep GC freed 1344(78KB) AllocSpace objects, 1(20KB) LOS objects, 23% free, 53MB/69MB, paused 476us total 28.229ms
08-06 06:13:54.841 10629 11112 I art     : Starting a blocking GC Explicit
08-06 06:13:54.865 10629 11112 I art     : Explicit concurrent mark sweep GC freed 20(704B) AllocSpace objects, 0(0B) LOS objects, 23% free, 53MB/69MB, paused 482us total 23.587ms
08-06 06:13:54.874 10629 11112 I art     : Starting a blocking GC Explicit
08-06 06:13:54.899 10629 11112 I art     : Explicit concurrent mark sweep GC freed 3(96B) AllocSpace objects, 0(0B) LOS objects, 23% free, 53MB/69MB, paused 470us total 24.089ms
08-06 06:13:54.908 10629 11112 I art     : Starting a blocking GC Explicit
08-06 06:13:54.931 10629 11112 I art     : Explicit concurrent mark sweep GC freed 3(96B) AllocSpace objects, 0(0B) LOS objects, 23% free, 53MB/69MB, paused 467us total 23.122ms
08-06 06:13:54.940 10629 11112 I art     : Starting a blocking GC Explicit
08-06 06:13:54.964 10629 11112 I art     : Explicit concurrent mark sweep GC freed 3(96B) AllocSpace objects, 0(0B) LOS objects, 23% free, 53MB/69MB, paused 478us total 23.274ms
08-06 06:13:55.297 10629 11773 I art     : Starting a blocking GC Explicit
08-06 06:13:55.329 10629 11773 I art     : Explicit concurrent mark sweep GC freed 1344(78KB) AllocSpace objects, 1(20KB) LOS objects, 23% free, 53MB/69MB, paused 558us total 32.146ms
08-06 06:13:55.342 10629 11773 I art     : Starting a blocking GC Explicit
08-06 06:13:55.366 10629 11773 I art     : Explicit concurrent mark sweep GC freed 20(704B) AllocSpace objects, 0(0B) LOS objects, 23% free, 53MB/69MB, paused 459us total 22.990ms
08-06 06:13:55.375 10629 11773 I art     : Starting a blocking GC Explicit
08-06 06:13:55.398 10629 11773 I art     : Explicit concurrent mark sweep GC freed 3(96B) AllocSpace objects, 0(0B) LOS objects, 23% free, 53MB/69MB, paused 479us total 23.200ms
08-06 06:13:55.407 10629 11773 I art     : Starting a blocking GC Explicit
08-06 06:13:55.431 10629 11773 I art     : Explicit concurrent mark sweep GC freed 3(96B) AllocSpace objects, 0(0B) LOS objects, 23% free, 53MB/69MB, paused 475us total 23.621ms
08-06 06:13:55.440 10629 11773 I art     : Starting a blocking GC Explicit
08-06 06:13:55.464 10629 11773 I art     : Explicit concurrent mark sweep GC freed 3(96B) AllocSpace objects, 0(0B) LOS objects, 23% free, 53MB/69MB, paused 450us total 22.920ms
08-06 06:13:55.794 10629 10642 I art     : Starting a blocking GC Explicit
08-06 06:13:55.825 10629 10642 I art     : Explicit concurrent mark sweep GC freed 1344(78KB) AllocSpace objects, 1(20KB) LOS objects, 23% free, 53MB/69MB, paused 497us total 31.071ms
08-06 06:13:55.838 10629 10642 I art     : Starting a blocking GC Explicit
08-06 06:13:55.862 10629 10642 I art     : Explicit concurrent mark sweep GC freed 20(704B) AllocSpace objects, 0(0B) LOS objects, 23% free, 53MB/69MB, paused 556us total 23.635ms
08-06 06:13:55.871 10629 10642 I art     : Starting a blocking GC Explicit
08-06 06:13:55.895 10629 10642 I art     : Explicit concurrent mark sweep GC freed 3(96B) AllocSpace objects, 0(0B) LOS objects, 23% free, 53MB/69MB, paused 466us total 23.590ms
08-06 06:13:55.904 10629 10642 I art     : Starting a blocking GC Explicit
08-06 06:13:55.928 10629 10642 I art     : Explicit concurrent mark sweep GC freed 3(96B) AllocSpace objects, 0(0B) LOS objects, 23% free, 53MB/69MB, paused 469us total 23.668ms
08-06 06:13:55.937 10629 10642 I art     : Starting a blocking GC Explicit
08-06 06:13:55.961 10629 10642 I art     : Explicit concurrent mark sweep GC freed 3(96B) AllocSpace objects, 0(0B) LOS objects, 23% free, 53MB/69MB, paused 525us total 23.603ms
08-06 06:13:56.283 10629 10716 I art     : Starting a blocking GC Explicit
08-06 06:13:56.316 10629 10716 I art     : Explicit concurrent mark sweep GC freed 1344(78KB) AllocSpace objects, 1(20KB) LOS objects, 23% free, 53MB/69MB, paused 525us total 33.475ms
08-06 06:13:56.329 10629 10716 I art     : Starting a blocking GC Explicit
08-06 06:13:56.353 10629 10716 I art     : Explicit concurrent mark sweep GC freed 20(704B) AllocSpace objects, 0(0B) LOS objects, 23% free, 53MB/69MB, paused 518us total 24.220ms
08-06 06:13:56.363 10629 10716 I art     : Starting a blocking GC Explicit
08-06 06:13:56.389 10629 10716 I art     : Explicit concurrent mark sweep GC freed 3(96B) AllocSpace objects, 0(0B) LOS objects, 23% free, 53MB/69MB, paused 482us total 26.067ms
08-06 06:13:56.398 10629 10716 I art     : Starting a blocking GC Explicit
08-06 06:13:56.421 10629 10716 I art     : Explicit concurrent mark sweep GC freed 3(96B) AllocSpace objects, 0(0B) LOS objects, 23% free, 53MB/69MB, paused 481us total 23.126ms
08-06 06:13:56.431 10629 10716 I art     : Starting a blocking GC Explicit
08-06 06:13:56.454 10629 10716 I art     : Explicit concurrent mark sweep GC freed 3(96B) AllocSpace objects, 0(0B) LOS objects, 23% free, 53MB/69MB, paused 463us total 23.283ms
08-06 06:13:56.498 13866 13882 I PeriodicStatsRunner: PeriodicStatsRunner.call():175 call()
08-06 06:13:56.498 13866 13882 I PeriodicStatsRunner: PeriodicStatsRunner.call():179 No submit PeriodicStats since input started.
08-06 06:13:56.770 10629 10640 I art     : Starting a blocking GC Explicit
08-06 06:13:56.796 10629 10640 I art     : Explicit concurrent mark sweep GC freed 1344(78KB) AllocSpace objects, 1(20KB) LOS objects, 23% free, 53MB/69MB, paused 516us total 25.766ms
08-06 06:13:56.809 10629 10640 I art     : Starting a blocking GC Explicit
08-06 06:13:56.832 10629 10640 I art     : Explicit concurrent mark sweep GC freed 20(704B) AllocSpace objects, 0(0B) LOS objects, 23% free, 53MB/69MB, paused 482us total 23.185ms
08-06 06:13:56.842 10629 10640 I art     : Starting a blocking GC Explicit
08-06 06:13:56.865 10629 10640 I art     : Explicit concurrent mark sweep GC freed 3(96B) AllocSpace objects, 0(0B) LOS objects, 23% free, 53MB/69MB, paused 478us total 23.502ms
08-06 06:13:56.875 10629 10640 I art     : Starting a blocking GC Explicit
08-06 06:13:56.898 10629 10640 I art     : Explicit concurrent mark sweep GC freed 3(96B) AllocSpace objects, 0(0B) LOS objects, 23% free, 53MB/69MB, paused 470us total 23.204ms
08-06 06:13:56.907 10629 10640 I art     : Starting a blocking GC Explicit
08-06 06:13:56.931 10629 10640 I art     : Explicit concurrent mark sweep GC freed 3(96B) AllocSpace objects, 0(0B) LOS objects, 23% free, 53MB/69MB, paused 492us total 23.725ms
08-06 06:13:57.244 10629 11112 I art     : Starting a blocking GC Explicit
08-06 06:13:57.277 10629 11112 I art     : Explicit concurrent mark sweep GC freed 1344(78KB) AllocSpace objects, 1(20KB) LOS objects, 23% free, 53MB/69MB, paused 514us total 32.217ms
08-06 06:13:57.290 10629 11112 I art     : Starting a blocking GC Explicit
08-06 06:13:57.314 10629 11112 I art     : Explicit concurrent mark sweep GC freed 20(704B) AllocSpace objects, 0(0B) LOS objects, 23% free, 53MB/69MB, paused 485us total 23.915ms
08-06 06:13:57.323 10629 11112 I art     : Starting a blocking GC Explicit
08-06 06:13:57.347 10629 11112 I art     : Explicit concurrent mark sweep GC freed 3(96B) AllocSpace objects, 0(0B) LOS objects, 23% free, 53MB/69MB, paused 474us total 23.597ms
08-06 06:13:57.357 10629 11112 I art     : Starting a blocking GC Explicit
08-06 06:13:57.381 10629 11112 I art     : Explicit concurrent mark sweep GC freed 3(96B) AllocSpace objects, 0(0B) LOS objects, 23% free, 53MB/69MB, paused 476us total 23.758ms
08-06 06:13:57.390 10629 11112 I art     : Starting a blocking GC Explicit
08-06 06:13:57.414 10629 11112 I art     : Explicit concurrent mark sweep GC freed 3(96B) AllocSpace objects, 0(0B) LOS objects, 23% free, 53MB/69MB, paused 483us total 23.591ms
08-06 06:13:57.679 10629 11773 I art     : Starting a blocking GC Explicit
08-06 06:13:57.703 10629 11773 I art     : Explicit concurrent mark sweep GC freed 1344(78KB) AllocSpace objects, 1(20KB) LOS objects, 23% free, 53MB/69MB, paused 502us total 23.646ms
08-06 06:13:57.712 10629 11773 I art     : Starting a blocking GC Explicit
08-06 06:13:57.736 10629 11773 I art     : Explicit concurrent mark sweep GC freed 20(704B) AllocSpace objects, 0(0B) LOS objects, 23% free, 53MB/69MB, paused 521us total 23.112ms
08-06 06:13:57.745 10629 11773 I art     : Starting a blocking GC Explicit
08-06 06:13:57.768 10629 11773 I art     : Explicit concurrent mark sweep GC freed 3(96B) AllocSpace objects, 0(0B) LOS objects, 23% free, 53MB/69MB, paused 481us total 22.902ms
08-06 06:13:57.777 10629 11773 I art     : Starting a blocking GC Explicit
08-06 06:13:57.799 10629 11773 I art     : Explicit concurrent mark sweep GC freed 3(96B) AllocSpace objects, 0(0B) LOS objects, 23% free, 53MB/69MB, paused 470us total 22.244ms
08-06 06:13:57.808 10629 11773 I art     : Starting a blocking GC Explicit
08-06 06:13:57.831 10629 11773 I art     : Explicit concurrent mark sweep GC freed 3(96B) AllocSpace objects, 0(0B) LOS objects, 23% free, 53MB/69MB, paused 494us total 22.563ms
08-06 06:13:57.903 13081 13081 D AndroidRuntime: >>>>>> START com.android.internal.os.RuntimeInit uid 2000 <<<<<<
08-06 06:13:57.909 13081 13081 D AndroidRuntime: CheckJNI is OFF
08-06 06:13:57.948 13081 13081 D ICU     : No timezone override file found: /data/misc/zoneinfo/current/icu/icu_tzdata.dat
08-06 06:13:57.985 13081 13081 I Radio-JNI: register_android_hardware_Radio DONE
08-06 06:13:58.007 13081 13081 D AndroidRuntime: Calling main entry com.android.commands.input.Input
08-06 06:13:58.009 13081 13081 I Input   : injectKeyEvent: KeyEvent { action=ACTION_DOWN, keyCode=KEYCODE_BACK, scanCode=0, metaState=0, flags=0x0, repeatCount=0, eventTime=857654422, downTime=857654422, deviceId=-1, source=0x101 }
08-06 06:13:58.016 13081 13081 I Input   : injectKeyEvent: KeyEvent { action=ACTION_UP, keyCode=KEYCODE_BACK, scanCode=0, metaState=0, flags=0x0, repeatCount=0, eventTime=857654422, downTime=857654422, deviceId=-1, source=0x101 }
08-06 06:13:58.026 13081 13081 D AndroidRuntime: Shutting down VM
08-06 06:13:58.068 13866 13866 I GoogleInputMethodServic: GoogleInputMethodService.onFinishInput():3138 
08-06 06:13:58.068 13866 13866 I GoogleInputMethodServic: GoogleInputMethodService.onStartInput():1808 
08-06 06:13:58.122 10629 11773 I art     : Starting a blocking GC Explicit
08-06 06:13:58.143 10629 11773 I art     : Explicit concurrent mark sweep GC freed 1482(84KB) AllocSpace objects, 1(20KB) LOS objects, 23% free, 53MB/69MB, paused 462us total 20.478ms
08-06 06:13:58.151 10629 11773 I art     : Starting a blocking GC Explicit
08-06 06:13:58.172 10629 11773 I art     : Explicit concurrent mark sweep GC freed 26(944B) AllocSpace objects, 0(0B) LOS objects, 23% free, 53MB/69MB, paused 417us total 20.547ms
08-06 06:13:58.181 10629 11773 I art     : Starting a blocking GC Explicit
08-06 06:13:58.206 10629 11773 I art     : Explicit concurrent mark sweep GC freed 3(96B) AllocSpace objects, 0(0B) LOS objects, 23% free, 53MB/69MB, paused 486us total 24.721ms
08-06 06:13:58.215 10629 11773 I art     : Starting a blocking GC Explicit
08-06 06:13:58.243 10629 11773 I art     : Explicit concurrent mark sweep GC freed 3(96B) AllocSpace objects, 0(0B) LOS objects, 23% free, 53MB/69MB, paused 487us total 27.491ms
08-06 06:13:58.255 10629 11773 I art     : Starting a blocking GC Explicit
08-06 06:13:58.282 10629 11773 I art     : Explicit concurrent mark sweep GC freed 3(96B) AllocSpace objects, 0(0B) LOS objects, 23% free, 53MB/69MB, paused 513us total 25.908ms
08-06 06:13:58.355 13866 13882 I PeriodicStatsRunner: PeriodicStatsRunner.call():175 call()
08-06 06:13:58.355 13866 13882 I PeriodicStatsRunner: PeriodicStatsRunner.call():179 No submit PeriodicStats since input started.
08-06 06:13:58.362   380   380 W SurfaceFlinger: couldn't log to binary event log: overflow.
08-06 06:13:58.535 10629 11773 I art     : Starting a blocking GC Explicit
08-06 06:13:58.565 10629 11773 I art     : Explicit concurrent mark sweep GC freed 1463(87KB) AllocSpace objects, 1(20KB) LOS objects, 23% free, 53MB/69MB, paused 485us total 29.814ms
08-06 06:13:58.576 10629 11773 I art     : Starting a blocking GC Explicit
08-06 06:13:58.599 10629 11773 I art     : Explicit concurrent mark sweep GC freed 4698(269KB) AllocSpace objects, 2(140KB) LOS objects, 23% free, 52MB/68MB, paused 471us total 22.740ms
08-06 06:13:58.608 10629 11773 I art     : Starting a blocking GC Explicit
08-06 06:13:58.630 10629 11773 I art     : Explicit concurrent mark sweep GC freed 3(96B) AllocSpace objects, 0(0B) LOS objects, 23% free, 52MB/68MB, paused 475us total 21.553ms
08-06 06:13:58.638 10629 11773 I art     : Starting a blocking GC Explicit
08-06 06:13:58.660 10629 11773 I art     : Explicit concurrent mark sweep GC freed 3(96B) AllocSpace objects, 0(0B) LOS objects, 23% free, 52MB/68MB, paused 512us total 21.351ms
08-06 06:13:58.669 10629 11773 I art     : Starting a blocking GC Explicit
08-06 06:13:58.690 10629 11773 I art     : Explicit concurrent mark sweep GC freed 3(96B) AllocSpace objects, 0(0B) LOS objects, 23% free, 52MB/68MB, paused 474us total 21.511ms
08-06 06:13:58.992 10629 10640 I art     : Starting a blocking GC Explicit
08-06 06:13:59.016 10629 10640 I art     : Explicit concurrent mark sweep GC freed 1344(78KB) AllocSpace objects, 1(20KB) LOS objects, 23% free, 52MB/68MB, paused 473us total 23.787ms
08-06 06:13:59.025 10629 10640 I art     : Starting a blocking GC Explicit
08-06 06:13:59.047 10629 10640 I art     : Explicit concurrent mark sweep GC freed 20(704B) AllocSpace objects, 0(0B) LOS objects, 23% free, 52MB/68MB, paused 605us total 21.873ms
08-06 06:13:59.056 10629 10640 I art     : Starting a blocking GC Explicit
08-06 06:13:59.078 10629 10640 I art     : Explicit concurrent mark sweep GC freed 3(96B) AllocSpace objects, 0(0B) LOS objects, 23% free, 52MB/68MB, paused 474us total 21.820ms
08-06 06:13:59.087 10629 10640 I art     : Starting a blocking GC Explicit
08-06 06:13:59.108 10629 10640 I art     : Explicit concurrent mark sweep GC freed 3(96B) AllocSpace objects, 0(0B) LOS objects, 23% free, 52MB/68MB, paused 481us total 21.345ms
08-06 06:13:59.117 10629 10640 I art     : Starting a blocking GC Explicit
08-06 06:13:59.139 10629 10640 I art     : Explicit concurrent mark sweep GC freed 3(96B) AllocSpace objects, 0(0B) LOS objects, 23% free, 52MB/68MB, paused 479us total 21.386ms
08-06 06:13:59.407 10629 10642 I art     : Starting a blocking GC Explicit
08-06 06:13:59.434 10629 10642 I art     : Explicit concurrent mark sweep GC freed 1343(78KB) AllocSpace objects, 1(20KB) LOS objects, 23% free, 52MB/68MB, paused 504us total 26.980ms
08-06 06:13:59.444 10629 10642 I art     : Starting a blocking GC Explicit
08-06 06:13:59.465 10629 10642 I art     : Explicit concurrent mark sweep GC freed 20(704B) AllocSpace objects, 0(0B) LOS objects, 23% free, 52MB/68MB, paused 498us total 21.268ms
08-06 06:13:59.474 10629 10642 I art     : Starting a blocking GC Explicit
08-06 06:13:59.494 10629 10642 I art     : Explicit concurrent mark sweep GC freed 3(96B) AllocSpace objects, 0(0B) LOS objects, 23% free, 52MB/68MB, paused 463us total 19.810ms
08-06 06:13:59.503 10629 10642 I art     : Starting a blocking GC Explicit
08-06 06:13:59.523 10629 10642 I art     : Explicit concurrent mark sweep GC freed 3(96B) AllocSpace objects, 0(0B) LOS objects, 23% free, 52MB/68MB, paused 482us total 20.488ms
08-06 06:13:59.532 10629 10642 I art     : Starting a blocking GC Explicit
08-06 06:13:59.553 10629 10642 I art     : Explicit concurrent mark sweep GC freed 3(96B) AllocSpace objects, 0(0B) LOS objects, 23% free, 52MB/68MB, paused 467us total 20.426ms
08-06 06:13:59.690 13134 13134 D AndroidRuntime: >>>>>> START com.android.internal.os.RuntimeInit uid 2000 <<<<<<
08-06 06:13:59.694 13134 13134 D AndroidRuntime: CheckJNI is OFF
08-06 06:13:59.726 13134 13134 D ICU     : No timezone override file found: /data/misc/zoneinfo/current/icu/icu_tzdata.dat
08-06 06:13:59.758 13134 13134 I Radio-JNI: register_android_hardware_Radio DONE
08-06 06:13:59.779 13134 13134 D AndroidRuntime: Calling main entry com.android.commands.input.Input
08-06 06:13:59.781 13134 13134 I Input   : injectKeyEvent: KeyEvent { action=ACTION_DOWN, keyCode=KEYCODE_BACK, scanCode=0, metaState=0, flags=0x0, repeatCount=0, eventTime=857656194, downTime=857656194, deviceId=-1, source=0x101 }
08-06 06:13:59.785 13134 13134 I Input   : injectKeyEvent: KeyEvent { action=ACTION_UP, keyCode=KEYCODE_BACK, scanCode=0, metaState=0, flags=0x0, repeatCount=0, eventTime=857656194, downTime=857656194, deviceId=-1, source=0x101 }
08-06 06:13:59.791 13134 13134 D AndroidRuntime: Shutting down VM
08-06 06:13:59.808 10629 11773 I art     : Starting a blocking GC Explicit
08-06 06:13:59.828 10629 11773 I art     : Explicit concurrent mark sweep GC freed 1504(85KB) AllocSpace objects, 1(20KB) LOS objects, 23% free, 52MB/68MB, paused 491us total 19.561ms
08-06 06:13:59.836 10629 11773 I art     : Starting a blocking GC Explicit
08-06 06:13:59.855 10629 11773 I art     : Explicit concurrent mark sweep GC freed 22(768B) AllocSpace objects, 0(0B) LOS objects, 23% free, 52MB/68MB, paused 436us total 18.719ms
08-06 06:13:59.856 10629 10639 I art     : WaitForGcToComplete blocked for 19.048ms for cause HeapTrim
08-06 06:13:59.864 10629 11773 I art     : Starting a blocking GC Explicit
08-06 06:13:59.877 13866 13866 I GoogleInputMethodServic: GoogleInputMethodService.onFinishInput():3138 
08-06 06:13:59.877 13866 13866 I GoogleInputMethodServic: GoogleInputMethodService.onStartInput():1808 
08-06 06:13:59.888 10629 11773 I art     : Explicit concurrent mark sweep GC freed 57(2016B) AllocSpace objects, 0(0B) LOS objects, 23% free, 52MB/68MB, paused 563us total 23.304ms
08-06 06:13:59.897 10629 11773 I art     : Starting a blocking GC Explicit
08-06 06:13:59.917 10629 11773 I art     : Explicit concurrent mark sweep GC freed 10(336B) AllocSpace objects, 0(0B) LOS objects, 23% free, 52MB/68MB, paused 567us total 19.382ms
08-06 06:13:59.925 10629 11773 I art     : Starting a blocking GC Explicit
08-06 06:13:59.943 10629 11773 I art     : Explicit concurrent mark sweep GC freed 3(96B) AllocSpace objects, 0(0B) LOS objects, 23% free, 52MB/68MB, paused 449us total 18.366ms
08-06 06:14:00.147   380   380 W SurfaceFlinger: couldn't log to binary event log: overflow.
08-06 06:14:00.214 10629 11773 I art     : Starting a blocking GC Explicit
08-06 06:14:00.236 10629 11773 I art     : Explicit concurrent mark sweep GC freed 1461(87KB) AllocSpace objects, 1(20KB) LOS objects, 23% free, 52MB/68MB, paused 524us total 21.633ms
08-06 06:14:00.244 10629 11773 I art     : Starting a blocking GC Explicit
08-06 06:14:00.265 10629 11773 I art     : Explicit concurrent mark sweep GC freed 2096(122KB) AllocSpace objects, 3(340KB) LOS objects, 23% free, 52MB/68MB, paused 463us total 20.765ms
08-06 06:14:00.274 10629 11773 I art     : Starting a blocking GC Explicit
08-06 06:14:00.295 10629 11773 I art     : Explicit concurrent mark sweep GC freed 3(96B) AllocSpace objects, 0(0B) LOS objects, 23% free, 52MB/68MB, paused 470us total 20.457ms
08-06 06:14:00.303 10629 11773 I art     : Starting a blocking GC Explicit
08-06 06:14:00.324 10629 11773 I art     : Explicit concurrent mark sweep GC freed 3(96B) AllocSpace objects, 0(0B) LOS objects, 23% free, 52MB/68MB, paused 463us total 20.631ms
08-06 06:14:00.333 10629 11773 I art     : Starting a blocking GC Explicit
08-06 06:14:00.354 10629 11773 I art     : Explicit concurrent mark sweep GC freed 3(96B) AllocSpace objects, 0(0B) LOS objects, 23% free, 52MB/68MB, paused 517us total 20.617ms
08-06 06:14:00.650 10629 10716 I art     : Starting a blocking GC Explicit
08-06 06:14:00.680 10629 10716 I art     : Explicit concurrent mark sweep GC freed 1344(78KB) AllocSpace objects, 1(20KB) LOS objects, 23% free, 52MB/68MB, paused 658us total 30.227ms
08-06 06:14:00.694 10629 10716 I art     : Starting a blocking GC Explicit
08-06 06:14:00.714 10629 10716 I art     : Explicit concurrent mark sweep GC freed 20(704B) AllocSpace objects, 0(0B) LOS objects, 23% free, 52MB/68MB, paused 471us total 20.064ms
08-06 06:14:00.723 10629 10716 I art     : Starting a blocking GC Explicit
08-06 06:14:00.744 10629 10716 I art     : Explicit concurrent mark sweep GC freed 3(96B) AllocSpace objects, 0(0B) LOS objects, 23% free, 52MB/68MB, paused 462us total 20.771ms
08-06 06:14:00.753 10629 10716 I art     : Starting a blocking GC Explicit
08-06 06:14:00.774 10629 10716 I art     : Explicit concurrent mark sweep GC freed 3(96B) AllocSpace objects, 0(0B) LOS objects, 23% free, 52MB/68MB, paused 461us total 21.097ms
08-06 06:14:00.783 10629 10716 I art     : Starting a blocking GC Explicit
08-06 06:14:00.804 10629 10716 I art     : Explicit concurrent mark sweep GC freed 3(96B) AllocSpace objects, 0(0B) LOS objects, 23% free, 52MB/68MB, paused 534us total 21.159ms
08-06 06:14:01.088 10629 11112 I art     : Starting a blocking GC Explicit
08-06 06:14:01.109 10629 11112 I art     : Explicit concurrent mark sweep GC freed 1341(78KB) AllocSpace objects, 1(20KB) LOS objects, 23% free, 52MB/68MB, paused 483us total 21.145ms
08-06 06:14:01.118 10629 11112 I art     : Starting a blocking GC Explicit
08-06 06:14:01.138 10629 11112 I art     : Explicit concurrent mark sweep GC freed 20(704B) AllocSpace objects, 0(0B) LOS objects, 23% free, 52MB/68MB, paused 539us total 20.094ms
08-06 06:14:01.147 10629 11112 I art     : Starting a blocking GC Explicit
08-06 06:14:01.165 10629 11112 I art     : Explicit concurrent mark sweep GC freed 3(96B) AllocSpace objects, 0(0B) LOS objects, 23% free, 52MB/68MB, paused 453us total 17.841ms
08-06 06:14:01.173 10629 11112 I art     : Starting a blocking GC Explicit
08-06 06:14:01.192 10629 11112 I art     : Explicit concurrent mark sweep GC freed 3(96B) AllocSpace objects, 0(0B) LOS objects, 23% free, 52MB/68MB, paused 457us total 18.762ms
08-06 06:14:01.200 10629 11112 I art     : Starting a blocking GC Explicit
08-06 06:14:01.218 10629 11112 I art     : Explicit concurrent mark sweep GC freed 3(96B) AllocSpace objects, 0(0B) LOS objects, 23% free, 52MB/68MB, paused 458us total 18.313ms
08-06 06:14:01.441 13195 13195 D AndroidRuntime: >>>>>> START com.android.internal.os.RuntimeInit uid 2000 <<<<<<
08-06 06:14:01.446 13195 13195 D AndroidRuntime: CheckJNI is OFF
08-06 06:14:01.480 13195 13195 D ICU     : No timezone override file found: /data/misc/zoneinfo/current/icu/icu_tzdata.dat
08-06 06:14:01.488 10629 10642 I art     : Starting a blocking GC Explicit
08-06 06:14:01.509 10629 10642 I art     : Explicit concurrent mark sweep GC freed 1341(78KB) AllocSpace objects, 1(20KB) LOS objects, 23% free, 52MB/68MB, paused 528us total 20.858ms
08-06 06:14:01.514 13195 13195 I Radio-JNI: register_android_hardware_Radio DONE
08-06 06:14:01.518 10629 10642 I art     : Starting a blocking GC Explicit
08-06 06:14:01.538 13195 13195 D AndroidRuntime: Calling main entry com.android.commands.input.Input
08-06 06:14:01.539 10629 10642 I art     : Explicit concurrent mark sweep GC freed 20(704B) AllocSpace objects, 0(0B) LOS objects, 23% free, 52MB/68MB, paused 551us total 20.928ms
08-06 06:14:01.541 13195 13195 I Input   : injectMotionEvent: MotionEvent { action=ACTION_DOWN, actionButton=0, id[0]=0, x[0]=1053.0, y[0]=1173.0, toolType[0]=TOOL_TYPE_UNKNOWN, buttonState=0, metaState=0, flags=0x0, edgeFlags=0x0, pointerCount=1, historySize=0, eventTime=857657953, downTime=857657953, deviceId=0, source=0x1002 }
08-06 06:14:01.547 13195 13195 I Input   : injectMotionEvent: MotionEvent { action=ACTION_UP, actionButton=0, id[0]=0, x[0]=1053.0, y[0]=1173.0, toolType[0]=TOOL_TYPE_UNKNOWN, buttonState=0, metaState=0, flags=0x0, edgeFlags=0x0, pointerCount=1, historySize=0, eventTime=857657953, downTime=857657953, deviceId=0, source=0x1002 }
08-06 06:14:01.548 10629 10642 I art     : Starting a blocking GC Explicit
08-06 06:14:01.549   918  4400 I ActivityManager: START u0 {cmp=baseline.appteam.nith.hillffair/.activities.QuizActivity} from uid 10697 on display 0
08-06 06:14:01.555 13195 13195 D AndroidRuntime: Shutting down VM
08-06 06:14:01.569 10629 10642 I art     : Explicit concurrent mark sweep GC freed 135(9KB) AllocSpace objects, 0(0B) LOS objects, 23% free, 52MB/68MB, paused 704us total 21.611ms
08-06 06:14:01.577 10629 10642 I art     : Starting a blocking GC Explicit
08-06 06:14:01.597 10629 10642 I art     : Explicit concurrent mark sweep GC freed 558(42KB) AllocSpace objects, 0(0B) LOS objects, 23% free, 52MB/68MB, paused 560us total 19.825ms
08-06 06:14:01.605 10629 10642 I art     : Starting a blocking GC Explicit
08-06 06:14:01.624 10629 10642 I art     : Explicit concurrent mark sweep GC freed 153(6KB) AllocSpace objects, 0(0B) LOS objects, 23% free, 52MB/68MB, paused 696us total 18.144ms
08-06 06:14:01.641   918   936 I ActivityManager: Displayed baseline.appteam.nith.hillffair/.activities.QuizActivity: +86ms
08-06 06:14:01.642 13866 13866 I GoogleInputMethodServic: GoogleInputMethodService.onFinishInput():3138 
08-06 06:14:01.642 13866 13866 I GoogleInputMethodServic: GoogleInputMethodService.onStartInput():1808 
08-06 06:14:01.900   380   380 W SurfaceFlinger: couldn't log to binary event log: overflow.
08-06 06:14:01.903 10629 10716 I art     : Starting a blocking GC Explicit
08-06 06:14:01.928 10629 10716 I art     : Explicit concurrent mark sweep GC freed 1507(84KB) AllocSpace objects, 1(20KB) LOS objects, 23% free, 52MB/68MB, paused 440us total 24.242ms
08-06 06:14:01.937 10629 10716 I art     : Starting a blocking GC Explicit
08-06 06:14:01.957 10629 10716 I art     : Explicit concurrent mark sweep GC freed 26(912B) AllocSpace objects, 0(0B) LOS objects, 23% free, 52MB/68MB, paused 408us total 19.858ms
08-06 06:14:01.964 10629 10716 I art     : Starting a blocking GC Explicit
08-06 06:14:01.983 10629 10716 I art     : Explicit concurrent mark sweep GC freed 3(96B) AllocSpace objects, 0(0B) LOS objects, 23% free, 52MB/68MB, paused 405us total 18.305ms
08-06 06:14:01.991 10629 10716 I art     : Starting a blocking GC Explicit
08-06 06:14:02.011 10629 10716 I art     : Explicit concurrent mark sweep GC freed 65(4KB) AllocSpace objects, 0(0B) LOS objects, 23% free, 52MB/68MB, paused 428us total 19.570ms
08-06 06:14:02.019 10629 10716 I art     : Starting a blocking GC Explicit
08-06 06:14:02.040 10629 10716 I art     : Explicit concurrent mark sweep GC freed 11(400B) AllocSpace objects, 0(0B) LOS objects, 23% free, 52MB/68MB, paused 443us total 20.750ms
08-06 06:14:02.338 10629 10642 I art     : Starting a blocking GC Explicit
08-06 06:14:02.366 10629 10642 I art     : Explicit concurrent mark sweep GC freed 1343(78KB) AllocSpace objects, 1(20KB) LOS objects, 23% free, 52MB/68MB, paused 547us total 27.253ms
08-06 06:14:02.378 10629 10642 I art     : Starting a blocking GC Explicit
08-06 06:14:02.398 10629 10642 I art     : Explicit concurrent mark sweep GC freed 20(704B) AllocSpace objects, 0(0B) LOS objects, 23% free, 52MB/68MB, paused 446us total 20.344ms
08-06 06:14:02.407 10629 10642 I art     : Starting a blocking GC Explicit
08-06 06:14:02.428 10629 10642 I art     : Explicit concurrent mark sweep GC freed 3(96B) AllocSpace objects, 0(0B) LOS objects, 23% free, 52MB/68MB, paused 471us total 21.177ms
08-06 06:14:02.437 10629 10642 I art     : Starting a blocking GC Explicit
08-06 06:14:02.459 10629 10642 I art     : Explicit concurrent mark sweep GC freed 3(96B) AllocSpace objects, 0(0B) LOS objects, 23% free, 52MB/68MB, paused 468us total 22.070ms
08-06 06:14:02.468 10629 10642 I art     : Starting a blocking GC Explicit
08-06 06:14:02.490 10629 10642 I art     : Explicit concurrent mark sweep GC freed 3(96B) AllocSpace objects, 0(0B) LOS objects, 23% free, 52MB/68MB, paused 458us total 21.458ms
08-06 06:14:02.779 10629 11112 I art     : Starting a blocking GC Explicit
08-06 06:14:02.808 10629 11112 I art     : Explicit concurrent mark sweep GC freed 1343(78KB) AllocSpace objects, 1(20KB) LOS objects, 23% free, 52MB/68MB, paused 438us total 28.715ms
08-06 06:14:02.817 10629 11112 I art     : Starting a blocking GC Explicit
08-06 06:14:02.839 10629 11112 I art     : Explicit concurrent mark sweep GC freed 20(704B) AllocSpace objects, 0(0B) LOS objects, 23% free, 52MB/68MB, paused 458us total 21.874ms
08-06 06:14:02.848 10629 11112 I art     : Starting a blocking GC Explicit
08-06 06:14:02.870 10629 11112 I art     : Explicit concurrent mark sweep GC freed 3(96B) AllocSpace objects, 0(0B) LOS objects, 23% free, 52MB/68MB, paused 455us total 21.999ms
08-06 06:14:02.879 10629 11112 I art     : Starting a blocking GC Explicit
08-06 06:14:02.901 10629 11112 I art     : Explicit concurrent mark sweep GC freed 3(96B) AllocSpace objects, 0(0B) LOS objects, 23% free, 52MB/68MB, paused 462us total 21.416ms
08-06 06:14:02.909 10629 11112 I art     : Starting a blocking GC Explicit
08-06 06:14:02.931 10629 11112 I art     : Explicit concurrent mark sweep GC freed 3(96B) AllocSpace objects, 0(0B) LOS objects, 23% free, 52MB/68MB, paused 461us total 21.586ms
08-06 06:14:03.078 13866 13882 I PeriodicStatsRunner: PeriodicStatsRunner.call():175 call()
08-06 06:14:03.078 13866 13882 I PeriodicStatsRunner: PeriodicStatsRunner.call():179 No submit PeriodicStats since input started.
08-06 06:14:03.222 10629 11773 I art     : Starting a blocking GC Explicit
08-06 06:14:03.248 10629 11773 I art     : Explicit concurrent mark sweep GC freed 1348(78KB) AllocSpace objects, 1(20KB) LOS objects, 23% free, 52MB/68MB, paused 463us total 26.253ms
08-06 06:14:03.257 10629 11773 I art     : Starting a blocking GC Explicit
08-06 06:14:03.276 10629 11773 I art     : Explicit concurrent mark sweep GC freed 24(832B) AllocSpace objects, 0(0B) LOS objects, 23% free, 52MB/68MB, paused 399us total 18.814ms
08-06 06:14:03.284 10629 11773 I art     : Starting a blocking GC Explicit
08-06 06:14:03.303 10629 11773 I art     : Explicit concurrent mark sweep GC freed 7(224B) AllocSpace objects, 0(0B) LOS objects, 23% free, 52MB/68MB, paused 403us total 18.852ms
08-06 06:14:03.312 10629 11773 I art     : Starting a blocking GC Explicit
08-06 06:14:03.330 10629 11773 I art     : Explicit concurrent mark sweep GC freed 6(192B) AllocSpace objects, 0(0B) LOS objects, 23% free, 52MB/68MB, paused 449us total 18.740ms
08-06 06:14:03.339 10629 11773 I art     : Starting a blocking GC Explicit
08-06 06:14:03.360 10629 11773 I art     : Explicit concurrent mark sweep GC freed 6(192B) AllocSpace objects, 0(0B) LOS objects, 23% free, 52MB/68MB, paused 484us total 20.781ms
08-06 06:14:03.677 10629 10640 I art     : Starting a blocking GC Explicit
08-06 06:14:03.704 10629 10640 I art     : Explicit concurrent mark sweep GC freed 1352(78KB) AllocSpace objects, 1(20KB) LOS objects, 23% free, 52MB/68MB, paused 521us total 26.813ms
08-06 06:14:03.718 10629 10640 I art     : Starting a blocking GC Explicit
08-06 06:14:03.740 10629 10640 I art     : Explicit concurrent mark sweep GC freed 20(704B) AllocSpace objects, 0(0B) LOS objects, 23% free, 52MB/68MB, paused 450us total 21.137ms
08-06 06:14:03.748 10629 10640 I art     : Starting a blocking GC Explicit
08-06 06:14:03.770 10629 10640 I art     : Explicit concurrent mark sweep GC freed 3(96B) AllocSpace objects, 0(0B) LOS objects, 23% free, 52MB/68MB, paused 451us total 20.942ms
08-06 06:14:03.779 10629 10640 I art     : Starting a blocking GC Explicit
08-06 06:14:03.800 10629 10640 I art     : Explicit concurrent mark sweep GC freed 3(96B) AllocSpace objects, 0(0B) LOS objects, 23% free, 52MB/68MB, paused 430us total 21.133ms
08-06 06:14:03.809 10629 10640 I art     : Starting a blocking GC Explicit
08-06 06:14:03.829 10629 10640 I art     : Explicit concurrent mark sweep GC freed 3(96B) AllocSpace objects, 0(0B) LOS objects, 23% free, 52MB/68MB, paused 451us total 19.810ms
08-06 06:14:04.123 10629 11112 I art     : Starting a blocking GC Explicit
08-06 06:14:04.145 10629 11112 I art     : Explicit concurrent mark sweep GC freed 1343(78KB) AllocSpace objects, 1(20KB) LOS objects, 23% free, 52MB/68MB, paused 470us total 21.567ms
08-06 06:14:04.154 10629 11112 I art     : Starting a blocking GC Explicit
08-06 06:14:04.175 10629 11112 I art     : Explicit concurrent mark sweep GC freed 20(704B) AllocSpace objects, 0(0B) LOS objects, 23% free, 52MB/68MB, paused 494us total 21.259ms
08-06 06:14:04.184 10629 11112 I art     : Starting a blocking GC Explicit
08-06 06:14:04.205 10629 11112 I art     : Explicit concurrent mark sweep GC freed 3(96B) AllocSpace objects, 0(0B) LOS objects, 23% free, 52MB/68MB, paused 459us total 19.927ms
08-06 06:14:04.213 10629 11112 I art     : Starting a blocking GC Explicit
08-06 06:14:04.228 13271 13271 D AndroidRuntime: >>>>>> START com.android.internal.os.RuntimeInit uid 2000 <<<<<<
08-06 06:14:04.232 13271 13271 D AndroidRuntime: CheckJNI is OFF
08-06 06:14:04.234 10629 11112 I art     : Explicit concurrent mark sweep GC freed 3(96B) AllocSpace objects, 0(0B) LOS objects, 23% free, 52MB/68MB, paused 507us total 20.965ms
08-06 06:14:04.242 10629 11112 I art     : Starting a blocking GC Explicit
08-06 06:14:04.263 10629 11112 I art     : Explicit concurrent mark sweep GC freed 3(96B) AllocSpace objects, 0(0B) LOS objects, 23% free, 52MB/68MB, paused 461us total 20.387ms
08-06 06:14:04.268 13271 13271 D ICU     : No timezone override file found: /data/misc/zoneinfo/current/icu/icu_tzdata.dat
08-06 06:14:04.300 13271 13271 I Radio-JNI: register_android_hardware_Radio DONE
08-06 06:14:04.321 13271 13271 D AndroidRuntime: Calling main entry com.android.commands.input.Input
08-06 06:14:04.323 13271 13271 I Input   : injectMotionEvent: MotionEvent { action=ACTION_DOWN, actionButton=0, id[0]=0, x[0]=756.0, y[0]=1530.0, toolType[0]=TOOL_TYPE_UNKNOWN, buttonState=0, metaState=0, flags=0x0, edgeFlags=0x0, pointerCount=1, historySize=0, eventTime=857660736, downTime=857660736, deviceId=0, source=0x1002 }
08-06 06:14:04.329 13271 13271 I Input   : injectMotionEvent: MotionEvent { action=ACTION_UP, actionButton=0, id[0]=0, x[0]=756.0, y[0]=1530.0, toolType[0]=TOOL_TYPE_UNKNOWN, buttonState=0, metaState=0, flags=0x0, edgeFlags=0x0, pointerCount=1, historySize=0, eventTime=857660736, downTime=857660736, deviceId=0, source=0x1002 }
08-06 06:14:04.332 13271 13271 D AndroidRuntime: Shutting down VM
08-06 06:14:04.338   918  5952 I ActivityManager: START u0 {cmp=baseline.appteam.nith.hillffair/.activities.LeaderBoardActivity} from uid 10697 on display 0
08-06 06:14:04.339   512  2967 D audio_hw_primary: out_set_parameters: enter: usecase(1: low-latency-playback) kvpairs: routing=2
08-06 06:14:04.352   512  2967 D audio_hw_primary: select_devices: out_snd_device(2: speaker) in_snd_device(0: none)
08-06 06:14:04.352   512  2967 D msm8974_platform: platform_send_audio_calibration: sending audio calibration for snd_device(2) acdb_id(15)
08-06 06:14:04.353   512  2967 I soundtrigger: audio_extn_sound_trigger_update_device_status: device 0x2 of type 0 for Event 1
08-06 06:14:04.365   512  2967 D audio_hw_primary: enable_snd_device: snd_device(2: speaker)
08-06 06:14:04.367   512  2967 D audio_hw_primary: enable_audio_route: apply and update mixer path: low-latency-playback speaker
08-06 06:14:04.428 10629 10629 E RecyclerView: No adapter attached; skipping layout
08-06 06:14:04.430 10629 10629 E RecyclerView: No adapter attached; skipping layout
08-06 06:14:04.443   918   936 I ActivityManager: Displayed baseline.appteam.nith.hillffair/.activities.LeaderBoardActivity: +91ms
08-06 06:14:04.449 13866 13866 I GoogleInputMethodServic: GoogleInputMethodService.onFinishInput():3138 
08-06 06:14:04.450 10629 10629 E RecyclerView: No adapter attached; skipping layout
08-06 06:14:04.450 13866 13866 I GoogleInputMethodServic: GoogleInputMethodService.onStartInput():1808 
08-06 06:14:04.474 10629 10655 D OpenGLRenderer: endAllStagingAnimators on 0x7f7d832c00 (RippleDrawable) with handle 0x7f7abf6020
08-06 06:14:04.513 10629 10640 I art     : Starting a blocking GC Explicit
08-06 06:14:04.535 10629 10640 I art     : Explicit concurrent mark sweep GC freed 6679(405KB) AllocSpace objects, 1(20KB) LOS objects, 23% free, 52MB/68MB, paused 481us total 21.903ms
08-06 06:14:04.545 10629 10640 I art     : Starting a blocking GC Explicit
08-06 06:14:04.567 10629 10640 I art     : Explicit concurrent mark sweep GC freed 279(12KB) AllocSpace objects, 0(0B) LOS objects, 23% free, 52MB/68MB, paused 545us total 22ms
08-06 06:14:04.576 10629 10640 I art     : Starting a blocking GC Explicit
08-06 06:14:04.597 10629 10640 I art     : Explicit concurrent mark sweep GC freed 3(96B) AllocSpace objects, 0(0B) LOS objects, 23% free, 52MB/68MB, paused 502us total 21.423ms
08-06 06:14:04.605 10629 10640 I art     : Starting a blocking GC Explicit
08-06 06:14:04.628 10629 10640 I art     : Explicit concurrent mark sweep GC freed 3(96B) AllocSpace objects, 0(0B) LOS objects, 23% free, 52MB/68MB, paused 558us total 22.651ms
08-06 06:14:04.638 10629 10640 I art     : Starting a blocking GC Explicit
08-06 06:14:04.664 10629 10640 I art     : Explicit concurrent mark sweep GC freed 3(96B) AllocSpace objects, 0(0B) LOS objects, 23% free, 52MB/68MB, paused 564us total 26.355ms
08-06 06:14:04.669  9013  9013 I ServiceManager: Waiting for service AtCmdFwd...
08-06 06:14:04.702   380   380 W SurfaceFlinger: couldn't log to binary event log: overflow.
08-06 06:14:04.847 10629 13296 D OkHttp  : --> GET https://api-hillfair-2k16.herokuapp.com/api/app/quiz/leaderboard?from=1 http/1.1
08-06 06:14:04.877 13866 13882 I PeriodicStatsRunner: PeriodicStatsRunner.call():175 call()
08-06 06:14:04.877 13866 13882 I PeriodicStatsRunner: PeriodicStatsRunner.call():179 No submit PeriodicStats since input started.
08-06 06:14:04.880 10629 13296 D OkHttp  : <-- 200 OK https://api-hillfair-2k16.herokuapp.com/api/app/quiz/leaderboard?from=1 (32ms, 56744-byte body)
08-06 06:14:04.908   512  2967 D audio_hw_primary: disable_audio_route: reset and update mixer path: low-latency-playback speaker
08-06 06:14:04.909   512  2967 D audio_hw_primary: disable_snd_device: snd_device(2: speaker)
08-06 06:14:04.916   512  2967 I soundtrigger: audio_extn_sound_trigger_update_device_status: device 0x2 of type 0 for Event 0
08-06 06:14:04.942 10629 10716 I art     : Starting a blocking GC Explicit
08-06 06:14:04.954 10629 10629 I NAPPA_EXPERIMENTATION: MetricNetworkRequestExecutionTime: REQUEST_DURATION_SYSTEM='575',REQUEST_DURATION_OKHTTP='33',REQUEST_SYNCHRONOUS='FALSE',RESPONSE_CODE='200',RESPONSE_METHOD='GET',RESPONSE_LENGTH_OKHTTP='56744',RESPONSE_LENGTH_HEADER='56744',REQUEST_PROTOCOL='http/1.1',REQUEST_URL='https://api-hillfair-2k16.herokuapp.com/api/app/quiz/leaderboard?from=1',
08-06 06:14:04.967 10629 10716 I art     : Explicit concurrent mark sweep GC freed 29322(1410KB) AllocSpace objects, 4(220KB) LOS objects, 23% free, 53MB/69MB, paused 513us total 25.177ms
08-06 06:14:04.977 10629 10716 I art     : Starting a blocking GC Explicit
08-06 06:14:05.000 10629 10716 I art     : Explicit concurrent mark sweep GC freed 1674(145KB) AllocSpace objects, 0(0B) LOS objects, 23% free, 53MB/69MB, paused 852us total 22.571ms
08-06 06:14:05.008 10629 10716 I art     : Starting a blocking GC Explicit
08-06 06:14:05.031 10629 10716 I art     : Explicit concurrent mark sweep GC freed 510(17KB) AllocSpace objects, 0(0B) LOS objects, 23% free, 53MB/69MB, paused 498us total 22.379ms
08-06 06:14:05.039 10629 10716 I art     : Starting a blocking GC Explicit
08-06 06:14:05.060 10629 10716 I art     : Explicit concurrent mark sweep GC freed 13(544B) AllocSpace objects, 0(0B) LOS objects, 23% free, 53MB/69MB, paused 437us total 20.475ms
08-06 06:14:05.069 10629 10716 I art     : Starting a blocking GC Explicit
08-06 06:14:05.091 10629 10716 I art     : Explicit concurrent mark sweep GC freed 3(96B) AllocSpace objects, 0(0B) LOS objects, 23% free, 53MB/69MB, paused 489us total 21.588ms
08-06 06:14:05.386 10629 10642 I art     : Starting a blocking GC Explicit
08-06 06:14:05.415 10629 10642 I art     : Explicit concurrent mark sweep GC freed 1344(78KB) AllocSpace objects, 1(20KB) LOS objects, 23% free, 53MB/69MB, paused 547us total 29.122ms
08-06 06:14:05.426 10629 10642 I art     : Starting a blocking GC Explicit
08-06 06:14:05.451 10629 10642 I art     : Explicit concurrent mark sweep GC freed 20(704B) AllocSpace objects, 0(0B) LOS objects, 23% free, 53MB/69MB, paused 574us total 24.074ms
08-06 06:14:05.460 10629 10642 I art     : Starting a blocking GC Explicit
08-06 06:14:05.484 10629 10642 I art     : Explicit concurrent mark sweep GC freed 3(96B) AllocSpace objects, 0(0B) LOS objects, 23% free, 53MB/69MB, paused 495us total 23.493ms
08-06 06:14:05.493 10629 10642 I art     : Starting a blocking GC Explicit
08-06 06:14:05.517 10629 10642 I art     : Explicit concurrent mark sweep GC freed 3(96B) AllocSpace objects, 0(0B) LOS objects, 23% free, 53MB/69MB, paused 483us total 23.649ms
08-06 06:14:05.526 10629 10642 I art     : Starting a blocking GC Explicit
08-06 06:14:05.549 10629 10642 I art     : Explicit concurrent mark sweep GC freed 3(96B) AllocSpace objects, 0(0B) LOS objects, 23% free, 53MB/69MB, paused 498us total 23.224ms
08-06 06:14:05.670  9013  9013 I ServiceManager: Waiting for service AtCmdFwd...
08-06 06:14:05.856 10629 10640 I art     : Starting a blocking GC Explicit
08-06 06:14:05.886 10629 10640 I art     : Explicit concurrent mark sweep GC freed 1344(78KB) AllocSpace objects, 1(20KB) LOS objects, 23% free, 53MB/69MB, paused 538us total 29.336ms
08-06 06:14:05.897 10629 10640 I art     : Starting a blocking GC Explicit
08-06 06:14:05.921 10629 10640 I art     : Explicit concurrent mark sweep GC freed 20(704B) AllocSpace objects, 0(0B) LOS objects, 23% free, 53MB/69MB, paused 485us total 23.887ms
08-06 06:14:05.931 10629 10640 I art     : Starting a blocking GC Explicit
08-06 06:14:05.955 10629 10640 I art     : Explicit concurrent mark sweep GC freed 3(96B) AllocSpace objects, 0(0B) LOS objects, 23% free, 53MB/69MB, paused 533us total 23.879ms
08-06 06:14:05.965 10629 10640 I art     : Starting a blocking GC Explicit
08-06 06:14:05.989 10629 10640 I art     : Explicit concurrent mark sweep GC freed 3(96B) AllocSpace objects, 0(0B) LOS objects, 23% free, 53MB/69MB, paused 481us total 23.942ms
08-06 06:14:05.998 10629 10640 I art     : Starting a blocking GC Explicit
08-06 06:14:06.023 10629 10640 I art     : Explicit concurrent mark sweep GC freed 3(96B) AllocSpace objects, 0(0B) LOS objects, 23% free, 53MB/69MB, paused 482us total 24.127ms
08-06 06:14:06.359 10629 11773 I art     : Starting a blocking GC Explicit
08-06 06:14:06.389 10629 11773 I art     : Explicit concurrent mark sweep GC freed 1344(78KB) AllocSpace objects, 1(20KB) LOS objects, 23% free, 53MB/69MB, paused 532us total 29.881ms
08-06 06:14:06.402 10629 11773 I art     : Starting a blocking GC Explicit
08-06 06:14:06.426 10629 11773 I art     : Explicit concurrent mark sweep GC freed 20(704B) AllocSpace objects, 0(0B) LOS objects, 23% free, 53MB/69MB, paused 480us total 24.077ms
08-06 06:14:06.435 10629 11773 I art     : Starting a blocking GC Explicit
08-06 06:14:06.459 10629 11773 I art     : Explicit concurrent mark sweep GC freed 3(96B) AllocSpace objects, 0(0B) LOS objects, 23% free, 53MB/69MB, paused 483us total 23.890ms
08-06 06:14:06.469 10629 11773 I art     : Starting a blocking GC Explicit
08-06 06:14:06.492 10629 11773 I art     : Explicit concurrent mark sweep GC freed 3(96B) AllocSpace objects, 0(0B) LOS objects, 23% free, 53MB/69MB, paused 485us total 23.078ms
08-06 06:14:06.501 10629 11773 I art     : Starting a blocking GC Explicit
08-06 06:14:06.524 10629 11773 I art     : Explicit concurrent mark sweep GC freed 3(96B) AllocSpace objects, 0(0B) LOS objects, 23% free, 53MB/69MB, paused 480us total 23.242ms
08-06 06:14:06.643 13866 13882 I PeriodicStatsRunner: PeriodicStatsRunner.call():175 call()
08-06 06:14:06.643 13866 13882 I PeriodicStatsRunner: PeriodicStatsRunner.call():179 No submit PeriodicStats since input started.
08-06 06:14:06.670  9013  9013 I ServiceManager: Waiting for service AtCmdFwd...
08-06 06:14:06.851 10629 11112 I art     : Starting a blocking GC Explicit
08-06 06:14:06.882 10629 11112 I art     : Explicit concurrent mark sweep GC freed 1344(78KB) AllocSpace objects, 1(20KB) LOS objects, 23% free, 53MB/69MB, paused 554us total 30.745ms
08-06 06:14:06.894 10629 11112 I art     : Starting a blocking GC Explicit
08-06 06:14:06.919 10629 11112 I art     : Explicit concurrent mark sweep GC freed 20(704B) AllocSpace objects, 0(0B) LOS objects, 23% free, 53MB/69MB, paused 475us total 24.655ms
08-06 06:14:06.929 10629 11112 I art     : Starting a blocking GC Explicit
08-06 06:14:06.953 10629 11112 I art     : Explicit concurrent mark sweep GC freed 3(96B) AllocSpace objects, 0(0B) LOS objects, 23% free, 53MB/69MB, paused 505us total 24.168ms
08-06 06:14:06.963 10629 11112 I art     : Starting a blocking GC Explicit
08-06 06:14:06.986 10629 11112 I art     : Explicit concurrent mark sweep GC freed 3(96B) AllocSpace objects, 0(0B) LOS objects, 23% free, 53MB/69MB, paused 467us total 23.093ms
08-06 06:14:06.995 10629 11112 I art     : Starting a blocking GC Explicit
08-06 06:14:07.018 10629 11112 I art     : Explicit concurrent mark sweep GC freed 3(96B) AllocSpace objects, 0(0B) LOS objects, 23% free, 53MB/69MB, paused 482us total 23.006ms
08-06 06:14:07.322 10629 13364 W OneSignal: OneSignalRestClient: POST Error thrown from network stack. 
08-06 06:14:07.322 10629 13364 W OneSignal: java.io.IOException: unexpected end of stream on Connection{api.onesignal.com:443, proxy=HTTP@192.168.2.12:8080 hostAddress=192.168.2.12 cipherSuite=TLS_ECDHE_RSA_WITH_AES_128_GCM_SHA256 protocol=http/1.1} (recycle count=0)
08-06 06:14:07.322 10629 13364 W OneSignal: 	at com.android.okhttp.internal.http.HttpConnection.readResponse(HttpConnection.java:210)
08-06 06:14:07.322 10629 13364 W OneSignal: 	at com.android.okhttp.internal.http.HttpTransport.readResponseHeaders(HttpTransport.java:80)
08-06 06:14:07.322 10629 13364 W OneSignal: 	at com.android.okhttp.internal.http.HttpEngine.readNetworkResponse(HttpEngine.java:904)
08-06 06:14:07.322 10629 13364 W OneSignal: 	at com.android.okhttp.internal.http.HttpEngine.readResponse(HttpEngine.java:788)
08-06 06:14:07.322 10629 13364 W OneSignal: 	at com.android.okhttp.internal.huc.HttpURLConnectionImpl.execute(HttpURLConnectionImpl.java:439)
08-06 06:14:07.322 10629 13364 W OneSignal: 	at com.android.okhttp.internal.huc.HttpURLConnectionImpl.getResponse(HttpURLConnectionImpl.java:384)
08-06 06:14:07.322 10629 13364 W OneSignal: 	at com.android.okhttp.internal.huc.HttpURLConnectionImpl.getResponseCode(HttpURLConnectionImpl.java:497)
08-06 06:14:07.322 10629 13364 W OneSignal: 	at com.android.okhttp.internal.huc.DelegatingHttpsURLConnection.getResponseCode(DelegatingHttpsURLConnection.java:105)
08-06 06:14:07.322 10629 13364 W OneSignal: 	at com.android.okhttp.internal.huc.HttpsURLConnectionImpl.getResponseCode(HttpsURLConnectionImpl.java)
08-06 06:14:07.322 10629 13364 W OneSignal: 	at com.onesignal.OneSignalRestClient.startHTTPConnection(OneSignalRestClient.java:180)
08-06 06:14:07.322 10629 13364 W OneSignal: 	at com.onesignal.OneSignalRestClient.access$100(OneSignalRestClient.java:44)
08-06 06:14:07.322 10629 13364 W OneSignal: 	at com.onesignal.OneSignalRestClient$4.run(OneSignalRestClient.java:110)
08-06 06:14:07.322 10629 13364 W OneSignal: 	at java.lang.Thread.run(Thread.java:818)
08-06 06:14:07.322 10629 13364 W OneSignal: Caused by: java.io.EOFException: \n not found: size=0 content=...
08-06 06:14:07.322 10629 13364 W OneSignal: 	at com.android.okhttp.okio.RealBufferedSource.readUtf8LineStrict(RealBufferedSource.java:200)
08-06 06:14:07.322 10629 13364 W OneSignal: 	at com.android.okhttp.internal.http.HttpConnection.readResponse(HttpConnection.java:191)
08-06 06:14:07.322 10629 13364 W OneSignal: 	... 12 more
08-06 06:14:07.323 10629 13373 W OneSignal: Failed last request. statusCode: -1
08-06 06:14:07.323 10629 13373 W OneSignal: response: null
08-06 06:14:07.342 10629 10716 I art     : Starting a blocking GC Explicit
08-06 06:14:07.371 10629 10716 I art     : Explicit concurrent mark sweep GC freed 3891(242KB) AllocSpace objects, 1(20KB) LOS objects, 23% free, 53MB/69MB, paused 512us total 28.511ms
08-06 06:14:07.380 10629 10716 I art     : Starting a blocking GC Explicit
08-06 06:14:07.404 10629 10716 I art     : Explicit concurrent mark sweep GC freed 96(3KB) AllocSpace objects, 0(0B) LOS objects, 23% free, 53MB/69MB, paused 490us total 23.965ms
08-06 06:14:07.414 10629 10716 I art     : Starting a blocking GC Explicit
08-06 06:14:07.438 10629 10716 I art     : Explicit concurrent mark sweep GC freed 3(96B) AllocSpace objects, 0(0B) LOS objects, 23% free, 53MB/69MB, paused 511us total 24.108ms
08-06 06:14:07.447 10629 10716 I art     : Starting a blocking GC Explicit
08-06 06:14:07.471 10629 10716 I art     : Explicit concurrent mark sweep GC freed 3(96B) AllocSpace objects, 0(0B) LOS objects, 23% free, 53MB/69MB, paused 493us total 23.211ms
08-06 06:14:07.480 10629 10716 I art     : Starting a blocking GC Explicit
08-06 06:14:07.504 10629 10716 I art     : Explicit concurrent mark sweep GC freed 16(704B) AllocSpace objects, 0(0B) LOS objects, 23% free, 53MB/69MB, paused 472us total 23.501ms
08-06 06:14:07.671  9013  9013 I ServiceManager: Waiting for service AtCmdFwd...
08-06 06:14:07.809 10629 10642 I art     : Starting a blocking GC Explicit
08-06 06:14:07.835 10629 10642 I art     : Explicit concurrent mark sweep GC freed 1358(78KB) AllocSpace objects, 1(20KB) LOS objects, 23% free, 53MB/69MB, paused 531us total 25.929ms
08-06 06:14:07.848 10629 10642 I art     : Starting a blocking GC Explicit
08-06 06:14:07.872 10629 10642 I art     : Explicit concurrent mark sweep GC freed 20(704B) AllocSpace objects, 0(0B) LOS objects, 23% free, 53MB/69MB, paused 446us total 23.563ms
08-06 06:14:07.882 10629 10642 I art     : Starting a blocking GC Explicit
08-06 06:14:07.906 10629 10642 I art     : Explicit concurrent mark sweep GC freed 3(96B) AllocSpace objects, 0(0B) LOS objects, 23% free, 53MB/69MB, paused 472us total 23.754ms
08-06 06:14:07.915 10629 10642 I art     : Starting a blocking GC Explicit
08-06 06:14:07.939 10629 10642 I art     : Explicit concurrent mark sweep GC freed 3(96B) AllocSpace objects, 0(0B) LOS objects, 23% free, 53MB/69MB, paused 477us total 23.644ms
08-06 06:14:07.948 10629 10642 I art     : Starting a blocking GC Explicit
08-06 06:14:07.972 10629 10642 I art     : Explicit concurrent mark sweep GC freed 3(96B) AllocSpace objects, 0(0B) LOS objects, 23% free, 53MB/69MB, paused 490us total 23.325ms
08-06 06:14:08.279 10629 10640 I art     : Starting a blocking GC Explicit
08-06 06:14:08.309 10629 10640 I art     : Explicit concurrent mark sweep GC freed 1344(78KB) AllocSpace objects, 1(20KB) LOS objects, 23% free, 53MB/69MB, paused 521us total 30.020ms
08-06 06:14:08.323 10629 10640 I art     : Starting a blocking GC Explicit
08-06 06:14:08.346 10629 10640 I art     : Explicit concurrent mark sweep GC freed 20(704B) AllocSpace objects, 0(0B) LOS objects, 23% free, 53MB/69MB, paused 477us total 23.236ms
08-06 06:14:08.355 10629 10640 I art     : Starting a blocking GC Explicit
08-06 06:14:08.379 10629 10640 I art     : Explicit concurrent mark sweep GC freed 3(96B) AllocSpace objects, 0(0B) LOS objects, 23% free, 53MB/69MB, paused 477us total 23.306ms
08-06 06:14:08.388 10629 10640 I art     : Starting a blocking GC Explicit
08-06 06:14:08.413 10629 10640 I art     : Explicit concurrent mark sweep GC freed 3(96B) AllocSpace objects, 0(0B) LOS objects, 23% free, 53MB/69MB, paused 480us total 24.036ms
08-06 06:14:08.422 10629 10640 I art     : Starting a blocking GC Explicit
08-06 06:14:08.445 10629 10640 I art     : Explicit concurrent mark sweep GC freed 3(96B) AllocSpace objects, 0(0B) LOS objects, 23% free, 53MB/69MB, paused 458us total 23.023ms
08-06 06:14:08.548 29577 29674 W FirebaseInstanceId: Token retrieval failed: SERVICE_NOT_AVAILABLE. Will retry token retrieval
08-06 06:14:08.671  9013  9013 I ServiceManager: Waiting for service AtCmdFwd...
08-06 06:14:08.731 10629 11773 I art     : Starting a blocking GC Explicit
08-06 06:14:08.755 10629 11773 I art     : Explicit concurrent mark sweep GC freed 1344(78KB) AllocSpace objects, 1(20KB) LOS objects, 23% free, 53MB/69MB, paused 478us total 23.386ms
08-06 06:14:08.764 10629 11773 I art     : Starting a blocking GC Explicit
08-06 06:14:08.788 10629 11773 I art     : Explicit concurrent mark sweep GC freed 20(704B) AllocSpace objects, 0(0B) LOS objects, 23% free, 53MB/69MB, paused 506us total 23.937ms
08-06 06:14:08.797 10629 11773 I art     : Starting a blocking GC Explicit
08-06 06:14:08.820 10629 11773 I art     : Explicit concurrent mark sweep GC freed 3(96B) AllocSpace objects, 0(0B) LOS objects, 23% free, 53MB/69MB, paused 477us total 22.214ms
08-06 06:14:08.829 10629 11773 I art     : Starting a blocking GC Explicit
08-06 06:14:08.851 10629 11773 I art     : Explicit concurrent mark sweep GC freed 3(96B) AllocSpace objects, 0(0B) LOS objects, 23% free, 53MB/69MB, paused 478us total 22.527ms
08-06 06:14:08.860 10629 11773 I art     : Starting a blocking GC Explicit
08-06 06:14:08.883 10629 11773 I art     : Explicit concurrent mark sweep GC freed 3(96B) AllocSpace objects, 0(0B) LOS objects, 23% free, 53MB/69MB, paused 496us total 22.395ms
08-06 06:14:09.042 13394 13394 D AndroidRuntime: >>>>>> START com.android.internal.os.RuntimeInit uid 2000 <<<<<<
08-06 06:14:09.048 13394 13394 D AndroidRuntime: CheckJNI is OFF
08-06 06:14:09.082 13394 13394 D ICU     : No timezone override file found: /data/misc/zoneinfo/current/icu/icu_tzdata.dat
08-06 06:14:09.114 13394 13394 I Radio-JNI: register_android_hardware_Radio DONE
08-06 06:14:09.136 13394 13394 D AndroidRuntime: Calling main entry com.android.commands.input.Input
08-06 06:14:09.137 13394 13394 I Input   : injectKeyEvent: KeyEvent { action=ACTION_DOWN, keyCode=KEYCODE_BACK, scanCode=0, metaState=0, flags=0x0, repeatCount=0, eventTime=857665550, downTime=857665550, deviceId=-1, source=0x101 }
08-06 06:14:09.142 13394 13394 I Input   : injectKeyEvent: KeyEvent { action=ACTION_UP, keyCode=KEYCODE_BACK, scanCode=0, metaState=0, flags=0x0, repeatCount=0, eventTime=857665550, downTime=857665550, deviceId=-1, source=0x101 }
08-06 06:14:09.146 13394 13394 D AndroidRuntime: Shutting down VM
08-06 06:14:09.166 10629 10640 I art     : Starting a blocking GC Explicit
08-06 06:14:09.188 13866 13866 I GoogleInputMethodServic: GoogleInputMethodService.onFinishInput():3138 
08-06 06:14:09.188 13866 13866 I GoogleInputMethodServic: GoogleInputMethodService.onStartInput():1808 
08-06 06:14:09.189 10629 10640 I art     : Explicit concurrent mark sweep GC freed 1447(83KB) AllocSpace objects, 1(20KB) LOS objects, 23% free, 53MB/69MB, paused 630us total 22.109ms
08-06 06:14:09.197 10629 10640 I art     : Starting a blocking GC Explicit
08-06 06:14:09.219 10629 10640 I art     : Explicit concurrent mark sweep GC freed 54(1968B) AllocSpace objects, 0(0B) LOS objects, 23% free, 53MB/69MB, paused 473us total 22.213ms
08-06 06:14:09.228 10629 10640 I art     : Starting a blocking GC Explicit
08-06 06:14:09.249 10629 10640 I art     : Explicit concurrent mark sweep GC freed 10(352B) AllocSpace objects, 0(0B) LOS objects, 23% free, 53MB/69MB, paused 419us total 19.783ms
08-06 06:14:09.257 10629 10640 I art     : Starting a blocking GC Explicit
08-06 06:14:09.277 10629 10640 I art     : Explicit concurrent mark sweep GC freed 3(96B) AllocSpace objects, 0(0B) LOS objects, 23% free, 53MB/69MB, paused 427us total 19.671ms
08-06 06:14:09.285 10629 10640 I art     : Starting a blocking GC Explicit
08-06 06:14:09.306 10629 10640 I art     : Explicit concurrent mark sweep GC freed 3(96B) AllocSpace objects, 0(0B) LOS objects, 23% free, 53MB/69MB, paused 447us total 20.636ms
08-06 06:14:09.450 13866 13882 I PeriodicStatsRunner: PeriodicStatsRunner.call():175 call()
08-06 06:14:09.451 13866 13882 I PeriodicStatsRunner: PeriodicStatsRunner.call():179 No submit PeriodicStats since input started.
08-06 06:14:09.474   380   380 W SurfaceFlinger: couldn't log to binary event log: overflow.
08-06 06:14:09.561 10629 10640 I art     : Starting a blocking GC Explicit
08-06 06:14:09.585 10629 10640 I art     : Explicit concurrent mark sweep GC freed 1463(87KB) AllocSpace objects, 1(20KB) LOS objects, 23% free, 53MB/69MB, paused 484us total 23.245ms
08-06 06:14:09.593 10629 10640 I art     : Starting a blocking GC Explicit
08-06 06:14:09.616 10629 10640 I art     : Explicit concurrent mark sweep GC freed 4698(269KB) AllocSpace objects, 2(140KB) LOS objects, 23% free, 52MB/68MB, paused 541us total 22.767ms
08-06 06:14:09.625 10629 10640 I art     : Starting a blocking GC Explicit
08-06 06:14:09.647 10629 10640 I art     : Explicit concurrent mark sweep GC freed 3(96B) AllocSpace objects, 0(0B) LOS objects, 23% free, 52MB/68MB, paused 529us total 21.384ms
08-06 06:14:09.655 10629 10640 I art     : Starting a blocking GC Explicit
08-06 06:14:09.672  9013  9013 W Atfwd_Sendcmd: AtCmdFwd service not published, waiting... retryCnt : 3
08-06 06:14:09.677 10629 10640 I art     : Explicit concurrent mark sweep GC freed 3(96B) AllocSpace objects, 0(0B) LOS objects, 23% free, 52MB/68MB, paused 538us total 21.425ms
08-06 06:14:09.686 10629 10640 I art     : Starting a blocking GC Explicit
08-06 06:14:09.708 10629 10640 I art     : Explicit concurrent mark sweep GC freed 3(96B) AllocSpace objects, 0(0B) LOS objects, 23% free, 52MB/68MB, paused 481us total 22.105ms
08-06 06:14:10.012 10629 10642 I art     : Starting a blocking GC Explicit
08-06 06:14:10.044 10629 10642 I art     : Explicit concurrent mark sweep GC freed 1344(78KB) AllocSpace objects, 1(20KB) LOS objects, 23% free, 52MB/68MB, paused 565us total 31.516ms
08-06 06:14:10.060 10629 10642 I art     : Starting a blocking GC Explicit
08-06 06:14:10.087 10629 10642 I art     : Explicit concurrent mark sweep GC freed 20(704B) AllocSpace objects, 0(0B) LOS objects, 23% free, 52MB/68MB, paused 496us total 26.835ms
08-06 06:14:10.097 10629 10642 I art     : Starting a blocking GC Explicit
08-06 06:14:10.119 10629 10642 I art     : Explicit concurrent mark sweep GC freed 3(96B) AllocSpace objects, 0(0B) LOS objects, 23% free, 52MB/68MB, paused 468us total 22.221ms
08-06 06:14:10.128 10629 10642 I art     : Starting a blocking GC Explicit
08-06 06:14:10.150 10629 10642 I art     : Explicit concurrent mark sweep GC freed 3(96B) AllocSpace objects, 0(0B) LOS objects, 23% free, 52MB/68MB, paused 476us total 21.666ms
08-06 06:14:10.159 10629 10642 I art     : Starting a blocking GC Explicit
08-06 06:14:10.181 10629 10642 I art     : Explicit concurrent mark sweep GC freed 3(96B) AllocSpace objects, 0(0B) LOS objects, 23% free, 52MB/68MB, paused 491us total 22.176ms
08-06 06:14:10.461 10629 11112 I art     : Starting a blocking GC Explicit
08-06 06:14:10.483 10629 11112 I art     : Explicit concurrent mark sweep GC freed 1343(78KB) AllocSpace objects, 1(20KB) LOS objects, 23% free, 52MB/68MB, paused 482us total 22.173ms
08-06 06:14:10.492 10629 11112 I art     : Starting a blocking GC Explicit
08-06 06:14:10.514 10629 11112 I art     : Explicit concurrent mark sweep GC freed 20(704B) AllocSpace objects, 0(0B) LOS objects, 23% free, 52MB/68MB, paused 484us total 22.018ms
08-06 06:14:10.523 10629 11112 I art     : Starting a blocking GC Explicit
08-06 06:14:10.544 10629 11112 I art     : Explicit concurrent mark sweep GC freed 3(96B) AllocSpace objects, 0(0B) LOS objects, 23% free, 52MB/68MB, paused 453us total 21.306ms
08-06 06:14:10.553 10629 11112 I art     : Starting a blocking GC Explicit
08-06 06:14:10.573 10629 11112 I art     : Explicit concurrent mark sweep GC freed 3(96B) AllocSpace objects, 0(0B) LOS objects, 23% free, 52MB/68MB, paused 455us total 20.138ms
08-06 06:14:10.582 10629 11112 I art     : Starting a blocking GC Explicit
08-06 06:14:10.603 10629 11112 I art     : Explicit concurrent mark sweep GC freed 3(96B) AllocSpace objects, 0(0B) LOS objects, 23% free, 52MB/68MB, paused 464us total 20.898ms
08-06 06:14:10.803 13455 13455 D AndroidRuntime: >>>>>> START com.android.internal.os.RuntimeInit uid 2000 <<<<<<
08-06 06:14:10.809 13455 13455 D AndroidRuntime: CheckJNI is OFF
08-06 06:14:10.844 13455 13455 D ICU     : No timezone override file found: /data/misc/zoneinfo/current/icu/icu_tzdata.dat
08-06 06:14:10.876 13455 13455 I Radio-JNI: register_android_hardware_Radio DONE
08-06 06:14:10.878 10629 10640 I art     : Starting a blocking GC Explicit
08-06 06:14:10.899 13455 13455 D AndroidRuntime: Calling main entry com.android.commands.input.Input
08-06 06:14:10.900 10629 10640 I art     : Explicit concurrent mark sweep GC freed 1358(78KB) AllocSpace objects, 1(20KB) LOS objects, 23% free, 52MB/68MB, paused 496us total 21.633ms
08-06 06:14:10.902 13455 13455 I Input   : injectKeyEvent: KeyEvent { action=ACTION_DOWN, keyCode=KEYCODE_BACK, scanCode=0, metaState=0, flags=0x0, repeatCount=0, eventTime=857667314, downTime=857667314, deviceId=-1, source=0x101 }
08-06 06:14:10.908 13455 13455 I Input   : injectKeyEvent: KeyEvent { action=ACTION_UP, keyCode=KEYCODE_BACK, scanCode=0, metaState=0, flags=0x0, repeatCount=0, eventTime=857667314, downTime=857667314, deviceId=-1, source=0x101 }
08-06 06:14:10.909 10629 10640 I art     : Starting a blocking GC Explicit
08-06 06:14:10.918 13455 13455 D AndroidRuntime: Shutting down VM
08-06 06:14:10.930 10629 10640 I art     : Explicit concurrent mark sweep GC freed 42(1504B) AllocSpace objects, 0(0B) LOS objects, 23% free, 52MB/68MB, paused 480us total 20.403ms
08-06 06:14:10.938 10629 10640 I art     : Starting a blocking GC Explicit
08-06 06:14:10.958 10629 10640 I art     : Explicit concurrent mark sweep GC freed 127(5KB) AllocSpace objects, 0(0B) LOS objects, 23% free, 52MB/68MB, paused 471us total 19.918ms
08-06 06:14:10.967 10629 10640 I art     : Starting a blocking GC Explicit
08-06 06:14:10.985 10629 10640 I art     : Explicit concurrent mark sweep GC freed 5(160B) AllocSpace objects, 0(0B) LOS objects, 23% free, 52MB/68MB, paused 437us total 18.685ms
08-06 06:14:10.996 10629 10640 I art     : Starting a blocking GC Explicit
08-06 06:14:11.006 13866 13866 I GoogleInputMethodServic: GoogleInputMethodService.onFinishInput():3138 
08-06 06:14:11.007 13866 13866 I GoogleInputMethodServic: GoogleInputMethodService.onStartInput():1808 
08-06 06:14:11.017 10629 10640 I art     : Explicit concurrent mark sweep GC freed 56(1984B) AllocSpace objects, 0(0B) LOS objects, 23% free, 52MB/68MB, paused 444us total 20.418ms
08-06 06:14:11.275 10629 10716 I art     : Starting a blocking GC Explicit
08-06 06:14:11.276   380   380 W SurfaceFlinger: couldn't log to binary event log: overflow.
08-06 06:14:11.302 10629 10716 I art     : Explicit concurrent mark sweep GC freed 1462(87KB) AllocSpace objects, 1(20KB) LOS objects, 23% free, 52MB/68MB, paused 434us total 26.789ms
08-06 06:14:11.310 10629 10716 I art     : Starting a blocking GC Explicit
08-06 06:14:11.330 10629 10716 I art     : Explicit concurrent mark sweep GC freed 156(7KB) AllocSpace objects, 0(0B) LOS objects, 23% free, 52MB/68MB, paused 465us total 19.189ms
08-06 06:14:11.338 10629 10716 I art     : Starting a blocking GC Explicit
08-06 06:14:11.357 10629 10716 I art     : Explicit concurrent mark sweep GC freed 1928(114KB) AllocSpace objects, 2(180KB) LOS objects, 23% free, 52MB/68MB, paused 453us total 19.337ms
08-06 06:14:11.365 10629 10716 I art     : Starting a blocking GC Explicit
08-06 06:14:11.384 10629 10716 I art     : Explicit concurrent mark sweep GC freed 3(96B) AllocSpace objects, 0(0B) LOS objects, 23% free, 52MB/68MB, paused 457us total 18.965ms
08-06 06:14:11.393 10629 10716 I art     : Starting a blocking GC Explicit
08-06 06:14:11.414 10629 10716 I art     : Explicit concurrent mark sweep GC freed 3(96B) AllocSpace objects, 0(0B) LOS objects, 23% free, 52MB/68MB, paused 479us total 20.918ms
08-06 06:14:11.700 10629 11112 I art     : Starting a blocking GC Explicit
08-06 06:14:11.726 10629 11112 I art     : Explicit concurrent mark sweep GC freed 1343(78KB) AllocSpace objects, 1(20KB) LOS objects, 23% free, 52MB/68MB, paused 515us total 25.646ms
08-06 06:14:11.738 10629 11112 I art     : Starting a blocking GC Explicit
08-06 06:14:11.759 10629 11112 I art     : Explicit concurrent mark sweep GC freed 20(704B) AllocSpace objects, 0(0B) LOS objects, 23% free, 52MB/68MB, paused 471us total 21.666ms
08-06 06:14:11.768 10629 11112 I art     : Starting a blocking GC Explicit
08-06 06:14:11.790 10629 11112 I art     : Explicit concurrent mark sweep GC freed 3(96B) AllocSpace objects, 0(0B) LOS objects, 23% free, 52MB/68MB, paused 484us total 21.075ms
08-06 06:14:11.798 10629 11112 I art     : Starting a blocking GC Explicit
08-06 06:14:11.820 10629 11112 I art     : Explicit concurrent mark sweep GC freed 3(96B) AllocSpace objects, 0(0B) LOS objects, 23% free, 52MB/68MB, paused 469us total 21.073ms
08-06 06:14:11.829 10629 11112 I art     : Starting a blocking GC Explicit
08-06 06:14:11.850 10629 11112 I art     : Explicit concurrent mark sweep GC freed 3(96B) AllocSpace objects, 0(0B) LOS objects, 23% free, 52MB/68MB, paused 479us total 21.356ms
08-06 06:14:12.138 10629 10642 I art     : Starting a blocking GC Explicit
08-06 06:14:12.160 10629 10642 I art     : Explicit concurrent mark sweep GC freed 1341(78KB) AllocSpace objects, 1(20KB) LOS objects, 23% free, 52MB/68MB, paused 463us total 21.959ms
08-06 06:14:12.175 10629 10642 I art     : Starting a blocking GC Explicit
08-06 06:14:12.196 10629 10642 I art     : Explicit concurrent mark sweep GC freed 20(704B) AllocSpace objects, 0(0B) LOS objects, 23% free, 52MB/68MB, paused 461us total 20.799ms
08-06 06:14:12.204 10629 10642 I art     : Starting a blocking GC Explicit
08-06 06:14:12.224 10629 10642 I art     : Explicit concurrent mark sweep GC freed 3(96B) AllocSpace objects, 0(0B) LOS objects, 23% free, 52MB/68MB, paused 463us total 19.447ms
08-06 06:14:12.232 10629 10642 I art     : Starting a blocking GC Explicit
08-06 06:14:12.252 10629 10642 I art     : Explicit concurrent mark sweep GC freed 3(96B) AllocSpace objects, 0(0B) LOS objects, 23% free, 52MB/68MB, paused 455us total 19.371ms
08-06 06:14:12.260 10629 10642 I art     : Starting a blocking GC Explicit
08-06 06:14:12.280 10629 10642 I art     : Explicit concurrent mark sweep GC freed 3(96B) AllocSpace objects, 0(0B) LOS objects, 23% free, 52MB/68MB, paused 497us total 19.827ms
08-06 06:14:12.556 10629 11773 I art     : Starting a blocking GC Explicit
08-06 06:14:12.565 13513 13513 D AndroidRuntime: >>>>>> START com.android.internal.os.RuntimeInit uid 2000 <<<<<<
08-06 06:14:12.570 13513 13513 D AndroidRuntime: CheckJNI is OFF
08-06 06:14:12.577 10629 11773 I art     : Explicit concurrent mark sweep GC freed 1362(79KB) AllocSpace objects, 1(20KB) LOS objects, 23% free, 52MB/68MB, paused 513us total 21.730ms
08-06 06:14:12.586 10629 11773 I art     : Starting a blocking GC Explicit
08-06 06:14:12.605 13513 13513 D ICU     : No timezone override file found: /data/misc/zoneinfo/current/icu/icu_tzdata.dat
08-06 06:14:12.606 10629 11773 I art     : Explicit concurrent mark sweep GC freed 36(1216B) AllocSpace objects, 0(0B) LOS objects, 23% free, 52MB/68MB, paused 492us total 19.827ms
08-06 06:14:12.615 10629 11773 I art     : Starting a blocking GC Explicit
08-06 06:14:12.634 10629 11773 I art     : Explicit concurrent mark sweep GC freed 3(96B) AllocSpace objects, 0(0B) LOS objects, 23% free, 52MB/68MB, paused 481us total 19.439ms
08-06 06:14:12.641 13513 13513 I Radio-JNI: register_android_hardware_Radio DONE
08-06 06:14:12.643 10629 11773 I art     : Starting a blocking GC Explicit
08-06 06:14:12.663 10629 11773 I art     : Explicit concurrent mark sweep GC freed 3(96B) AllocSpace objects, 0(0B) LOS objects, 23% free, 52MB/68MB, paused 501us total 20.084ms
08-06 06:14:12.663 13513 13513 D AndroidRuntime: Calling main entry com.android.commands.input.Input
08-06 06:14:12.665 13513 13513 I Input   : injectMotionEvent: MotionEvent { action=ACTION_DOWN, actionButton=0, id[0]=0, x[0]=1084.0, y[0]=2213.0, toolType[0]=TOOL_TYPE_UNKNOWN, buttonState=0, metaState=0, flags=0x0, edgeFlags=0x0, pointerCount=1, historySize=0, eventTime=857669078, downTime=857669078, deviceId=0, source=0x1002 }
08-06 06:14:12.670 13513 13513 I Input   : injectMotionEvent: MotionEvent { action=ACTION_UP, actionButton=0, id[0]=0, x[0]=1084.0, y[0]=2213.0, toolType[0]=TOOL_TYPE_UNKNOWN, buttonState=0, metaState=0, flags=0x0, edgeFlags=0x0, pointerCount=1, historySize=0, eventTime=857669078, downTime=857669078, deviceId=0, source=0x1002 }
08-06 06:14:12.671 10629 11773 I art     : Starting a blocking GC Explicit
08-06 06:14:12.672   918  3670 I ActivityManager: START u0 {cmp=baseline.appteam.nith.hillffair/.activities.EventActivity} from uid 10697 on display 0
08-06 06:14:12.678 13513 13513 D AndroidRuntime: Shutting down VM
08-06 06:14:12.693 10629 11773 I art     : Explicit concurrent mark sweep GC freed 161(18KB) AllocSpace objects, 0(0B) LOS objects, 23% free, 52MB/68MB, paused 1.402ms total 21.859ms
08-06 06:14:12.847 13866 13866 I GoogleInputMethodServic: GoogleInputMethodService.onFinishInput():3138 
08-06 06:14:12.848 13866 13866 I GoogleInputMethodServic: GoogleInputMethodService.onStartInput():1808 
08-06 06:14:12.894   918   936 I ActivityManager: Displayed baseline.appteam.nith.hillffair/.activities.EventActivity: +215ms
08-06 06:14:12.942 10629 10642 I art     : Starting a blocking GC Explicit
08-06 06:14:12.962 10629 10642 I art     : Explicit concurrent mark sweep GC freed 6038(352KB) AllocSpace objects, 1(20KB) LOS objects, 23% free, 52MB/68MB, paused 571us total 19.783ms
08-06 06:14:12.970 10629 10642 I art     : Starting a blocking GC Explicit
08-06 06:14:12.993 10629 10642 I art     : Explicit concurrent mark sweep GC freed 253(10KB) AllocSpace objects, 0(0B) LOS objects, 23% free, 52MB/68MB, paused 520us total 22.361ms
08-06 06:14:13.003 10629 10642 I art     : Starting a blocking GC Explicit
08-06 06:14:13.026 10629 10642 I art     : Explicit concurrent mark sweep GC freed 3(96B) AllocSpace objects, 0(0B) LOS objects, 23% free, 52MB/68MB, paused 496us total 22.450ms
08-06 06:14:13.037 10629 10642 I art     : Starting a blocking GC Explicit
08-06 06:14:13.060 10629 10642 I art     : Explicit concurrent mark sweep GC freed 3(96B) AllocSpace objects, 0(0B) LOS objects, 23% free, 52MB/68MB, paused 492us total 22.456ms
08-06 06:14:13.070 10629 10642 I art     : Starting a blocking GC Explicit
08-06 06:14:13.091 10629 10642 I art     : Explicit concurrent mark sweep GC freed 3(96B) AllocSpace objects, 0(0B) LOS objects, 23% free, 52MB/68MB, paused 497us total 20.342ms
08-06 06:14:13.161   380   380 W SurfaceFlinger: couldn't log to binary event log: overflow.
08-06 06:14:13.370 10629 11112 I art     : Starting a blocking GC Explicit
08-06 06:14:13.392 10629 11112 I art     : Explicit concurrent mark sweep GC freed 1437(84KB) AllocSpace objects, 1(20KB) LOS objects, 23% free, 52MB/68MB, paused 512us total 21.927ms
08-06 06:14:13.401 10629 11112 I art     : Starting a blocking GC Explicit
08-06 06:14:13.423 10629 11112 I art     : Explicit concurrent mark sweep GC freed 42(1472B) AllocSpace objects, 0(0B) LOS objects, 23% free, 52MB/68MB, paused 582us total 21.438ms
08-06 06:14:13.432 10629 11112 I art     : Starting a blocking GC Explicit
08-06 06:14:13.452 10629 11112 I art     : Explicit concurrent mark sweep GC freed 13(480B) AllocSpace objects, 0(0B) LOS objects, 23% free, 52MB/68MB, paused 505us total 20.339ms
08-06 06:14:13.461 10629 11112 I art     : Starting a blocking GC Explicit
08-06 06:14:13.482 10629 11112 I art     : Explicit concurrent mark sweep GC freed 13(480B) AllocSpace objects, 0(0B) LOS objects, 23% free, 52MB/68MB, paused 461us total 20.762ms
08-06 06:14:13.490 10629 11112 I art     : Starting a blocking GC Explicit
08-06 06:14:13.512 10629 11112 I art     : Explicit concurrent mark sweep GC freed 10(352B) AllocSpace objects, 0(0B) LOS objects, 23% free, 52MB/68MB, paused 511us total 21.090ms
08-06 06:14:13.552 10629 13537 D OkHttp  : --> GET https://api-hillfair-2k16.herokuapp.com/api/app/club http/1.1
08-06 06:14:13.582 10629 13537 D OkHttp  : <-- 200 OK https://api-hillfair-2k16.herokuapp.com/api/app/club (30ms, 1870-byte body)
08-06 06:14:13.598 10629 10629 I NAPPA_EXPERIMENTATION: MetricNetworkRequestExecutionTime: REQUEST_DURATION_SYSTEM='891',REQUEST_DURATION_OKHTTP='30',REQUEST_SYNCHRONOUS='FALSE',RESPONSE_CODE='200',RESPONSE_METHOD='GET',RESPONSE_LENGTH_OKHTTP='1870',RESPONSE_LENGTH_HEADER='1870',REQUEST_PROTOCOL='http/1.1',REQUEST_URL='https://api-hillfair-2k16.herokuapp.com/api/app/club',
08-06 06:14:13.779 10629 11773 I art     : Starting a blocking GC Explicit
08-06 06:14:13.808 10629 11773 I art     : Explicit concurrent mark sweep GC freed 7072(557KB) AllocSpace objects, 4(220KB) LOS objects, 23% free, 53MB/69MB, paused 609us total 28.758ms
08-06 06:14:13.816 10629 11773 I art     : Starting a blocking GC Explicit
08-06 06:14:13.837 10629 11773 I art     : Explicit concurrent mark sweep GC freed 1253(143KB) AllocSpace objects, 0(0B) LOS objects, 23% free, 53MB/69MB, paused 606us total 20.405ms
08-06 06:14:13.845 10629 11773 I art     : Starting a blocking GC Explicit
08-06 06:14:13.865 10629 11773 I art     : Explicit concurrent mark sweep GC freed 12(384B) AllocSpace objects, 0(0B) LOS objects, 23% free, 53MB/69MB, paused 573us total 20.109ms
08-06 06:14:13.873 10629 11773 I art     : Starting a blocking GC Explicit
08-06 06:14:13.895 10629 11773 I art     : Explicit concurrent mark sweep GC freed 3(96B) AllocSpace objects, 0(0B) LOS objects, 23% free, 53MB/69MB, paused 609us total 21.319ms
08-06 06:14:13.904 10629 11773 I art     : Starting a blocking GC Explicit
08-06 06:14:13.927 10629 11773 I art     : Explicit concurrent mark sweep GC freed 3(96B) AllocSpace objects, 0(0B) LOS objects, 23% free, 53MB/69MB, paused 711us total 22.902ms
08-06 06:14:14.188 13866 13882 I PeriodicStatsRunner: PeriodicStatsRunner.call():175 call()
08-06 06:14:14.189 13866 13882 I PeriodicStatsRunner: PeriodicStatsRunner.call():179 No submit PeriodicStats since input started.
08-06 06:14:14.228 10629 10716 I art     : Starting a blocking GC Explicit
08-06 06:14:14.254 10629 10716 I art     : Explicit concurrent mark sweep GC freed 9189(447KB) AllocSpace objects, 1(20KB) LOS objects, 23% free, 53MB/69MB, paused 661us total 25.696ms
08-06 06:14:14.269 10629 10716 I art     : Starting a blocking GC Explicit
08-06 06:14:14.291 10629 10716 I art     : Explicit concurrent mark sweep GC freed 464(73KB) AllocSpace objects, 0(0B) LOS objects, 23% free, 53MB/69MB, paused 636us total 21.596ms
08-06 06:14:14.299 10629 10716 I art     : Starting a blocking GC Explicit
08-06 06:14:14.320 10629 10716 I art     : Explicit concurrent mark sweep GC freed 56(37KB) AllocSpace objects, 0(0B) LOS objects, 23% free, 53MB/69MB, paused 489us total 20.634ms
08-06 06:14:14.328 10629 10716 I art     : Starting a blocking GC Explicit
08-06 06:14:14.349 10629 10716 I art     : Explicit concurrent mark sweep GC freed 12(384B) AllocSpace objects, 0(0B) LOS objects, 23% free, 53MB/69MB, paused 472us total 20.424ms
08-06 06:14:14.357 10629 10716 I art     : Starting a blocking GC Explicit
08-06 06:14:14.380 10629 10716 I art     : Explicit concurrent mark sweep GC freed 3(96B) AllocSpace objects, 0(0B) LOS objects, 23% free, 53MB/69MB, paused 523us total 22.433ms
08-06 06:14:14.468   518   646 I ThermalEngine: ACTION: GPU - Setting GPU[0] to 450000000
08-06 06:14:14.696 10629 11773 I art     : Starting a blocking GC Explicit
08-06 06:14:14.737 10629 11773 I art     : Explicit concurrent mark sweep GC freed 1344(78KB) AllocSpace objects, 1(20KB) LOS objects, 23% free, 53MB/69MB, paused 812us total 40.560ms
08-06 06:14:14.754 10629 11773 I art     : Starting a blocking GC Explicit
08-06 06:14:14.786 10629 11773 I art     : Explicit concurrent mark sweep GC freed 20(704B) AllocSpace objects, 0(0B) LOS objects, 23% free, 53MB/69MB, paused 736us total 32.012ms
08-06 06:14:14.798 10629 11773 I art     : Starting a blocking GC Explicit
08-06 06:14:14.830 10629 11773 I art     : Explicit concurrent mark sweep GC freed 3(96B) AllocSpace objects, 0(0B) LOS objects, 23% free, 53MB/69MB, paused 714us total 32.119ms
08-06 06:14:14.842 10629 11773 I art     : Starting a blocking GC Explicit
08-06 06:14:14.874 10629 11773 I art     : Explicit concurrent mark sweep GC freed 3(96B) AllocSpace objects, 0(0B) LOS objects, 23% free, 53MB/69MB, paused 723us total 31.197ms
08-06 06:14:14.885 10629 11773 I art     : Starting a blocking GC Explicit
08-06 06:14:14.918 10629 11773 I art     : Explicit concurrent mark sweep GC freed 3(96B) AllocSpace objects, 0(0B) LOS objects, 23% free, 53MB/69MB, paused 805us total 32.193ms
08-06 06:14:15.266 10629 11112 I art     : Starting a blocking GC Explicit
08-06 06:14:15.307 10629 11112 I art     : Explicit concurrent mark sweep GC freed 1344(78KB) AllocSpace objects, 1(20KB) LOS objects, 23% free, 53MB/69MB, paused 795us total 40.877ms
08-06 06:14:15.321 10629 11112 I art     : Starting a blocking GC Explicit
08-06 06:14:15.352 10629 11112 I art     : Explicit concurrent mark sweep GC freed 20(704B) AllocSpace objects, 0(0B) LOS objects, 23% free, 53MB/69MB, paused 737us total 31.336ms
08-06 06:14:15.364 10629 11112 I art     : Starting a blocking GC Explicit
08-06 06:14:15.397 10629 11112 I art     : Explicit concurrent mark sweep GC freed 3(96B) AllocSpace objects, 0(0B) LOS objects, 23% free, 53MB/69MB, paused 803us total 32.252ms
08-06 06:14:15.408 10629 11112 I art     : Starting a blocking GC Explicit
08-06 06:14:15.441 10629 11112 I art     : Explicit concurrent mark sweep GC freed 3(96B) AllocSpace objects, 0(0B) LOS objects, 23% free, 53MB/69MB, paused 703us total 32.242ms
08-06 06:14:15.453 10629 11112 I art     : Starting a blocking GC Explicit
08-06 06:14:15.484 10629 11112 I art     : Explicit concurrent mark sweep GC freed 3(96B) AllocSpace objects, 0(0B) LOS objects, 23% free, 53MB/69MB, paused 743us total 31.070ms
08-06 06:14:15.821 10629 10642 I art     : Starting a blocking GC Explicit
08-06 06:14:15.858 10629 10642 I art     : Explicit concurrent mark sweep GC freed 1344(78KB) AllocSpace objects, 1(20KB) LOS objects, 23% free, 53MB/69MB, paused 822us total 37.392ms
08-06 06:14:15.873 10629 10642 I art     : Starting a blocking GC Explicit
08-06 06:14:15.909 10629 10642 I art     : Explicit concurrent mark sweep GC freed 20(704B) AllocSpace objects, 0(0B) LOS objects, 23% free, 53MB/69MB, paused 732us total 36.146ms
08-06 06:14:15.921 10629 10642 I art     : Starting a blocking GC Explicit
08-06 06:14:15.952 10629 10642 I art     : Explicit concurrent mark sweep GC freed 3(96B) AllocSpace objects, 0(0B) LOS objects, 23% free, 53MB/69MB, paused 721us total 30.778ms
08-06 06:14:15.964 10629 10642 I art     : Starting a blocking GC Explicit
08-06 06:14:15.996 10629 10642 I art     : Explicit concurrent mark sweep GC freed 3(96B) AllocSpace objects, 0(0B) LOS objects, 23% free, 53MB/69MB, paused 728us total 32.067ms
08-06 06:14:16.007 13866 13882 I PeriodicStatsRunner: PeriodicStatsRunner.call():175 call()
08-06 06:14:16.007 13866 13882 I PeriodicStatsRunner: PeriodicStatsRunner.call():179 No submit PeriodicStats since input started.
08-06 06:14:16.008 10629 10642 I art     : Starting a blocking GC Explicit
08-06 06:14:16.036 10629 10642 I art     : Explicit concurrent mark sweep GC freed 3(96B) AllocSpace objects, 0(0B) LOS objects, 23% free, 53MB/69MB, paused 682us total 28.074ms
08-06 06:14:16.389 10629 10640 I art     : Starting a blocking GC Explicit
08-06 06:14:16.429 10629 10640 I art     : Explicit concurrent mark sweep GC freed 1344(78KB) AllocSpace objects, 1(20KB) LOS objects, 23% free, 53MB/69MB, paused 781us total 38.972ms
08-06 06:14:16.444 10629 10640 I art     : Starting a blocking GC Explicit
08-06 06:14:16.473   518   646 I ThermalEngine: ACTION: GPU - Setting GPU[0] to 510000000
08-06 06:14:16.478 10629 10640 I art     : Explicit concurrent mark sweep GC freed 20(704B) AllocSpace objects, 0(0B) LOS objects, 23% free, 53MB/69MB, paused 723us total 33.767ms
08-06 06:14:16.490 10629 10640 I art     : Starting a blocking GC Explicit
08-06 06:14:16.519 10629 10640 I art     : Explicit concurrent mark sweep GC freed 3(96B) AllocSpace objects, 0(0B) LOS objects, 23% free, 53MB/69MB, paused 568us total 28.726ms
08-06 06:14:16.528 10629 10640 I art     : Starting a blocking GC Explicit
08-06 06:14:16.551 10629 10640 I art     : Explicit concurrent mark sweep GC freed 3(96B) AllocSpace objects, 0(0B) LOS objects, 23% free, 53MB/69MB, paused 509us total 22.996ms
08-06 06:14:16.561 10629 10640 I art     : Starting a blocking GC Explicit
08-06 06:14:16.584 10629 10640 I art     : Explicit concurrent mark sweep GC freed 3(96B) AllocSpace objects, 0(0B) LOS objects, 23% free, 53MB/69MB, paused 523us total 23.177ms
08-06 06:14:16.907 10629 10716 I art     : Starting a blocking GC Explicit
08-06 06:14:16.936 10629 10716 I art     : Explicit concurrent mark sweep GC freed 1365(79KB) AllocSpace objects, 1(20KB) LOS objects, 23% free, 53MB/69MB, paused 553us total 28.802ms
08-06 06:14:16.947 10629 10716 I art     : Starting a blocking GC Explicit
08-06 06:14:16.971 10629 10716 I art     : Explicit concurrent mark sweep GC freed 36(1216B) AllocSpace objects, 0(0B) LOS objects, 23% free, 53MB/69MB, paused 515us total 23.787ms
08-06 06:14:16.981 10629 10716 I art     : Starting a blocking GC Explicit
08-06 06:14:17.005 10629 10716 I art     : Explicit concurrent mark sweep GC freed 3(96B) AllocSpace objects, 0(0B) LOS objects, 23% free, 53MB/69MB, paused 586us total 23.836ms
08-06 06:14:17.014 10629 10716 I art     : Starting a blocking GC Explicit
08-06 06:14:17.037 10629 10716 I art     : Explicit concurrent mark sweep GC freed 3(96B) AllocSpace objects, 0(0B) LOS objects, 23% free, 53MB/69MB, paused 573us total 22.923ms
08-06 06:14:17.046 10629 10716 I art     : Starting a blocking GC Explicit
08-06 06:14:17.070 10629 10716 I art     : Explicit concurrent mark sweep GC freed 3(96B) AllocSpace objects, 0(0B) LOS objects, 23% free, 53MB/69MB, paused 519us total 23.756ms
08-06 06:14:17.396 10629 11773 I art     : Starting a blocking GC Explicit
08-06 06:14:17.426 10629 11773 I art     : Explicit concurrent mark sweep GC freed 1344(78KB) AllocSpace objects, 1(20KB) LOS objects, 23% free, 53MB/69MB, paused 560us total 29.437ms
08-06 06:14:17.438 10629 11773 I art     : Starting a blocking GC Explicit
08-06 06:14:17.462 10629 11773 I art     : Explicit concurrent mark sweep GC freed 20(704B) AllocSpace objects, 0(0B) LOS objects, 23% free, 53MB/69MB, paused 515us total 23.659ms
08-06 06:14:17.471 10629 11773 I art     : Starting a blocking GC Explicit
08-06 06:14:17.495 10629 11773 I art     : Explicit concurrent mark sweep GC freed 3(96B) AllocSpace objects, 0(0B) LOS objects, 23% free, 53MB/69MB, paused 514us total 23.604ms
08-06 06:14:17.504 10629 11773 I art     : Starting a blocking GC Explicit
08-06 06:14:17.528 10629 11773 I art     : Explicit concurrent mark sweep GC freed 3(96B) AllocSpace objects, 0(0B) LOS objects, 23% free, 53MB/69MB, paused 519us total 23.115ms
08-06 06:14:17.537 10629 11773 I art     : Starting a blocking GC Explicit
08-06 06:14:17.561 10629 11773 I art     : Explicit concurrent mark sweep GC freed 3(96B) AllocSpace objects, 0(0B) LOS objects, 23% free, 53MB/69MB, paused 516us total 23.748ms
08-06 06:14:17.848 13866 13882 I PeriodicStatsRunner: PeriodicStatsRunner.call():175 call()
08-06 06:14:17.848 13866 13882 I PeriodicStatsRunner: PeriodicStatsRunner.call():179 No submit PeriodicStats since input started.
08-06 06:14:17.868 10629 10642 I art     : Starting a blocking GC Explicit
08-06 06:14:17.891 10629 10642 I art     : Explicit concurrent mark sweep GC freed 1344(78KB) AllocSpace objects, 1(20KB) LOS objects, 23% free, 53MB/69MB, paused 521us total 22.561ms
08-06 06:14:17.900 10629 10642 I art     : Starting a blocking GC Explicit
08-06 06:14:17.923 10629 10642 I art     : Explicit concurrent mark sweep GC freed 38(1376B) AllocSpace objects, 0(0B) LOS objects, 23% free, 53MB/69MB, paused 526us total 23.439ms
08-06 06:14:17.933 10629 10642 I art     : Starting a blocking GC Explicit
08-06 06:14:17.957 10629 10642 I art     : Explicit concurrent mark sweep GC freed 3(96B) AllocSpace objects, 0(0B) LOS objects, 23% free, 53MB/69MB, paused 508us total 23.637ms
08-06 06:14:17.966 10629 10642 I art     : Starting a blocking GC Explicit
08-06 06:14:17.989 10629 10642 I art     : Explicit concurrent mark sweep GC freed 3(96B) AllocSpace objects, 0(0B) LOS objects, 23% free, 53MB/69MB, paused 510us total 23.439ms
08-06 06:14:17.999 10629 10642 I art     : Starting a blocking GC Explicit
08-06 06:14:18.021 10629 10642 I art     : Explicit concurrent mark sweep GC freed 3(96B) AllocSpace objects, 0(0B) LOS objects, 23% free, 53MB/69MB, paused 484us total 22.081ms
08-06 06:14:18.334 10629 10640 I art     : Starting a blocking GC Explicit
08-06 06:14:18.363 10629 10640 I art     : Explicit concurrent mark sweep GC freed 1344(78KB) AllocSpace objects, 1(20KB) LOS objects, 23% free, 53MB/69MB, paused 548us total 29.147ms
08-06 06:14:18.376 10629 10640 I art     : Starting a blocking GC Explicit
08-06 06:14:18.402 10629 10640 I art     : Explicit concurrent mark sweep GC freed 20(704B) AllocSpace objects, 0(0B) LOS objects, 23% free, 53MB/69MB, paused 518us total 26.130ms
08-06 06:14:18.411 10629 10640 I art     : Starting a blocking GC Explicit
08-06 06:14:18.435 10629 10640 I art     : Explicit concurrent mark sweep GC freed 3(96B) AllocSpace objects, 0(0B) LOS objects, 23% free, 53MB/69MB, paused 518us total 23.811ms
08-06 06:14:18.445 10629 10640 I art     : Starting a blocking GC Explicit
08-06 06:14:18.468 10629 10640 I art     : Explicit concurrent mark sweep GC freed 3(96B) AllocSpace objects, 0(0B) LOS objects, 23% free, 53MB/69MB, paused 540us total 23.241ms
08-06 06:14:18.477 10629 10640 I art     : Starting a blocking GC Explicit
08-06 06:14:18.501 10629 10640 I art     : Explicit concurrent mark sweep GC freed 3(96B) AllocSpace objects, 0(0B) LOS objects, 23% free, 53MB/69MB, paused 474us total 23.209ms
08-06 06:14:18.814 10629 10716 I art     : Starting a blocking GC Explicit
08-06 06:14:18.847 10629 10716 I art     : Explicit concurrent mark sweep GC freed 1344(78KB) AllocSpace objects, 1(20KB) LOS objects, 23% free, 53MB/69MB, paused 572us total 32.598ms
08-06 06:14:18.859 10629 10716 I art     : Starting a blocking GC Explicit
08-06 06:14:18.884 10629 10716 I art     : Explicit concurrent mark sweep GC freed 20(704B) AllocSpace objects, 0(0B) LOS objects, 23% free, 53MB/69MB, paused 494us total 24.045ms
08-06 06:14:18.893 10629 10716 I art     : Starting a blocking GC Explicit
08-06 06:14:18.917 10629 10716 I art     : Explicit concurrent mark sweep GC freed 3(96B) AllocSpace objects, 0(0B) LOS objects, 23% free, 53MB/69MB, paused 645us total 23.837ms
08-06 06:14:18.926 10629 10716 I art     : Starting a blocking GC Explicit
08-06 06:14:18.950 10629 10716 I art     : Explicit concurrent mark sweep GC freed 3(96B) AllocSpace objects, 0(0B) LOS objects, 23% free, 53MB/69MB, paused 519us total 23.780ms
08-06 06:14:18.959 10629 10716 I art     : Starting a blocking GC Explicit
08-06 06:14:18.983 10629 10716 I art     : Explicit concurrent mark sweep GC freed 3(96B) AllocSpace objects, 0(0B) LOS objects, 23% free, 53MB/69MB, paused 521us total 23.182ms
08-06 06:14:19.292 10629 11773 I art     : Starting a blocking GC Explicit
08-06 06:14:19.322 10629 11773 I art     : Explicit concurrent mark sweep GC freed 1344(78KB) AllocSpace objects, 1(20KB) LOS objects, 23% free, 53MB/69MB, paused 636us total 29.515ms
08-06 06:14:19.334 10629 11773 I art     : Starting a blocking GC Explicit
08-06 06:14:19.358 10629 11773 I art     : Explicit concurrent mark sweep GC freed 20(704B) AllocSpace objects, 0(0B) LOS objects, 23% free, 53MB/69MB, paused 520us total 22.724ms
08-06 06:14:19.367 10629 11773 I art     : Starting a blocking GC Explicit
08-06 06:14:19.389 10629 11773 I art     : Explicit concurrent mark sweep GC freed 3(96B) AllocSpace objects, 0(0B) LOS objects, 23% free, 53MB/69MB, paused 528us total 22.507ms
08-06 06:14:19.399 10629 11773 I art     : Starting a blocking GC Explicit
08-06 06:14:19.422 10629 11773 I art     : Explicit concurrent mark sweep GC freed 3(96B) AllocSpace objects, 0(0B) LOS objects, 23% free, 53MB/69MB, paused 519us total 23.503ms
08-06 06:14:19.431 10629 11773 I art     : Starting a blocking GC Explicit
08-06 06:14:19.455 10629 11773 I art     : Explicit concurrent mark sweep GC freed 3(96B) AllocSpace objects, 0(0B) LOS objects, 23% free, 53MB/69MB, paused 513us total 23.108ms
08-06 06:14:19.761 10629 11112 I art     : Starting a blocking GC Explicit
08-06 06:14:19.791 10629 11112 I art     : Explicit concurrent mark sweep GC freed 1344(78KB) AllocSpace objects, 1(20KB) LOS objects, 23% free, 53MB/69MB, paused 554us total 29.555ms
08-06 06:14:19.804 10629 11112 I art     : Starting a blocking GC Explicit
08-06 06:14:19.829 10629 11112 I art     : Explicit concurrent mark sweep GC freed 20(704B) AllocSpace objects, 0(0B) LOS objects, 23% free, 53MB/69MB, paused 517us total 24.970ms
08-06 06:14:19.838 10629 11112 I art     : Starting a blocking GC Explicit
08-06 06:14:19.862 10629 11112 I art     : Explicit concurrent mark sweep GC freed 3(96B) AllocSpace objects, 0(0B) LOS objects, 23% free, 53MB/69MB, paused 498us total 23.188ms
08-06 06:14:19.871 10629 11112 I art     : Starting a blocking GC Explicit
08-06 06:14:19.895 10629 11112 I art     : Explicit concurrent mark sweep GC freed 3(96B) AllocSpace objects, 0(0B) LOS objects, 23% free, 53MB/69MB, paused 518us total 24.232ms
08-06 06:14:19.904 10629 11112 I art     : Starting a blocking GC Explicit
08-06 06:14:19.928 10629 11112 I art     : Explicit concurrent mark sweep GC freed 3(96B) AllocSpace objects, 0(0B) LOS objects, 23% free, 53MB/69MB, paused 543us total 23.248ms
08-06 06:14:20.247 10629 10642 I art     : Starting a blocking GC Explicit
08-06 06:14:20.276 10629 10642 I art     : Explicit concurrent mark sweep GC freed 1344(78KB) AllocSpace objects, 1(20KB) LOS objects, 23% free, 53MB/69MB, paused 599us total 29.495ms
08-06 06:14:20.288 10629 10642 I art     : Starting a blocking GC Explicit
08-06 06:14:20.312 10629 10642 I art     : Explicit concurrent mark sweep GC freed 20(704B) AllocSpace objects, 0(0B) LOS objects, 23% free, 53MB/69MB, paused 514us total 23.819ms
08-06 06:14:20.313 10629 10639 I art     : WaitForGcToComplete blocked for 5.268ms for cause HeapTrim
08-06 06:14:20.321 10629 10642 I art     : Starting a blocking GC Explicit
08-06 06:14:20.345 10629 10642 I art     : Explicit concurrent mark sweep GC freed 3(96B) AllocSpace objects, 0(0B) LOS objects, 23% free, 53MB/69MB, paused 515us total 22.943ms
08-06 06:14:20.354 10629 10642 I art     : Starting a blocking GC Explicit
08-06 06:14:20.378 10629 10642 I art     : Explicit concurrent mark sweep GC freed 3(96B) AllocSpace objects, 0(0B) LOS objects, 23% free, 53MB/69MB, paused 555us total 23.868ms
08-06 06:14:20.387 10629 10642 I art     : Starting a blocking GC Explicit
08-06 06:14:20.411 10629 10642 I art     : Explicit concurrent mark sweep GC freed 3(96B) AllocSpace objects, 0(0B) LOS objects, 23% free, 53MB/69MB, paused 530us total 23.723ms
08-06 06:14:20.724 10629 10640 I art     : Starting a blocking GC Explicit
08-06 06:14:20.755 10629 10640 I art     : Explicit concurrent mark sweep GC freed 1344(78KB) AllocSpace objects, 1(20KB) LOS objects, 23% free, 53MB/69MB, paused 564us total 30.151ms
08-06 06:14:20.767 10629 10640 I art     : Starting a blocking GC Explicit
08-06 06:14:20.791 10629 10640 I art     : Explicit concurrent mark sweep GC freed 20(704B) AllocSpace objects, 0(0B) LOS objects, 23% free, 53MB/69MB, paused 505us total 23.760ms
08-06 06:14:20.800 10629 10640 I art     : Starting a blocking GC Explicit
08-06 06:14:20.824 10629 10640 I art     : Explicit concurrent mark sweep GC freed 3(96B) AllocSpace objects, 0(0B) LOS objects, 23% free, 53MB/69MB, paused 517us total 23.772ms
08-06 06:14:20.833 10629 10640 I art     : Starting a blocking GC Explicit
08-06 06:14:20.857 10629 10640 I art     : Explicit concurrent mark sweep GC freed 3(96B) AllocSpace objects, 0(0B) LOS objects, 23% free, 53MB/69MB, paused 587us total 23.430ms
08-06 06:14:20.866 10629 10640 I art     : Starting a blocking GC Explicit
08-06 06:14:20.890 10629 10640 I art     : Explicit concurrent mark sweep GC freed 3(96B) AllocSpace objects, 0(0B) LOS objects, 23% free, 53MB/69MB, paused 515us total 23.705ms
08-06 06:14:21.160 10629 10716 I art     : Starting a blocking GC Explicit
08-06 06:14:21.184 10629 10716 I art     : Explicit concurrent mark sweep GC freed 1344(78KB) AllocSpace objects, 1(20KB) LOS objects, 23% free, 53MB/69MB, paused 531us total 23.520ms
08-06 06:14:21.193 10629 10716 I art     : Starting a blocking GC Explicit
08-06 06:14:21.216 10629 10716 I art     : Explicit concurrent mark sweep GC freed 20(704B) AllocSpace objects, 0(0B) LOS objects, 23% free, 53MB/69MB, paused 531us total 22.643ms
08-06 06:14:21.225 10629 10716 I art     : Starting a blocking GC Explicit
08-06 06:14:21.247 10629 10716 I art     : Explicit concurrent mark sweep GC freed 3(96B) AllocSpace objects, 0(0B) LOS objects, 23% free, 53MB/69MB, paused 559us total 22.057ms
08-06 06:14:21.255 10629 10716 I art     : Starting a blocking GC Explicit
08-06 06:14:21.278 10629 10716 I art     : Explicit concurrent mark sweep GC freed 3(96B) AllocSpace objects, 0(0B) LOS objects, 23% free, 53MB/69MB, paused 570us total 22.741ms
08-06 06:14:21.287 10629 10716 I art     : Starting a blocking GC Explicit
08-06 06:14:21.309 10629 10716 I art     : Explicit concurrent mark sweep GC freed 3(96B) AllocSpace objects, 0(0B) LOS objects, 23% free, 53MB/69MB, paused 500us total 21.980ms
08-06 06:14:21.392 13713 13713 D AndroidRuntime: >>>>>> START com.android.internal.os.RuntimeInit uid 2000 <<<<<<
08-06 06:14:21.398 13713 13713 D AndroidRuntime: CheckJNI is OFF
08-06 06:14:21.437 13713 13713 D ICU     : No timezone override file found: /data/misc/zoneinfo/current/icu/icu_tzdata.dat
08-06 06:14:21.472 13713 13713 I Radio-JNI: register_android_hardware_Radio DONE
08-06 06:14:21.494 13713 13713 D AndroidRuntime: Calling main entry com.android.commands.input.Input
08-06 06:14:21.497 13713 13713 I Input   : injectMotionEvent: MotionEvent { action=ACTION_DOWN, actionButton=0, id[0]=0, x[0]=369.0, y[0]=554.0, toolType[0]=TOOL_TYPE_UNKNOWN, buttonState=0, metaState=0, flags=0x0, edgeFlags=0x0, pointerCount=1, historySize=0, eventTime=857677910, downTime=857677910, deviceId=0, source=0x1002 }
08-06 06:14:21.501 13713 13713 I Input   : injectMotionEvent: MotionEvent { action=ACTION_UP, actionButton=0, id[0]=0, x[0]=369.0, y[0]=554.0, toolType[0]=TOOL_TYPE_UNKNOWN, buttonState=0, metaState=0, flags=0x0, edgeFlags=0x0, pointerCount=1, historySize=0, eventTime=857677910, downTime=857677910, deviceId=0, source=0x1002 }
08-06 06:14:21.502   918  5481 I ActivityManager: START u0 {cmp=baseline.appteam.nith.hillffair/.activities.ClubActivity (has extras)} from uid 10697 on display 0
08-06 06:14:21.509 13713 13713 D AndroidRuntime: Shutting down VM
08-06 06:14:21.587 10629 11112 I art     : Starting a blocking GC Explicit
08-06 06:14:21.595 13866 13866 I GoogleInputMethodServic: GoogleInputMethodService.onFinishInput():3138 
08-06 06:14:21.595 13866 13866 I GoogleInputMethodServic: GoogleInputMethodService.onStartInput():1808 
08-06 06:14:21.596   918   936 I ActivityManager: Displayed baseline.appteam.nith.hillffair/.activities.ClubActivity: +85ms
08-06 06:14:21.611 10629 11112 I art     : Explicit concurrent mark sweep GC freed 5115(307KB) AllocSpace objects, 1(20KB) LOS objects, 22% free, 53MB/69MB, paused 553us total 23.471ms
08-06 06:14:21.621 10629 11112 I art     : Starting a blocking GC Explicit
08-06 06:14:21.647 10629 11112 I art     : Explicit concurrent mark sweep GC freed 289(15KB) AllocSpace objects, 0(0B) LOS objects, 23% free, 53MB/69MB, paused 513us total 24.843ms
08-06 06:14:21.657 10629 11112 I art     : Starting a blocking GC Explicit
08-06 06:14:21.677 10629 11112 I art     : Explicit concurrent mark sweep GC freed 3(96B) AllocSpace objects, 0(0B) LOS objects, 23% free, 53MB/69MB, paused 536us total 20.650ms
08-06 06:14:21.686 10629 11112 I art     : Starting a blocking GC Explicit
08-06 06:14:21.708 10629 11112 I art     : Explicit concurrent mark sweep GC freed 3(96B) AllocSpace objects, 0(0B) LOS objects, 23% free, 53MB/69MB, paused 543us total 22.418ms
08-06 06:14:21.717 10629 11112 I art     : Starting a blocking GC Explicit
08-06 06:14:21.740 10629 11112 I art     : Explicit concurrent mark sweep GC freed 3(96B) AllocSpace objects, 0(0B) LOS objects, 23% free, 53MB/69MB, paused 516us total 23.135ms
08-06 06:14:21.855   380   380 W SurfaceFlinger: couldn't log to binary event log: overflow.
08-06 06:14:21.997 10629 10640 I art     : Starting a blocking GC Explicit
08-06 06:14:22.020 10629 10640 I art     : Explicit concurrent mark sweep GC freed 1455(84KB) AllocSpace objects, 1(20KB) LOS objects, 23% free, 53MB/69MB, paused 558us total 22.989ms
08-06 06:14:22.029 10629 10640 I art     : Starting a blocking GC Explicit
08-06 06:14:22.050 10629 10640 I art     : Explicit concurrent mark sweep GC freed 30(1088B) AllocSpace objects, 0(0B) LOS objects, 23% free, 53MB/69MB, paused 541us total 21.575ms
08-06 06:14:22.059 10629 10640 I art     : Starting a blocking GC Explicit
08-06 06:14:22.082 10629 10640 I art     : Explicit concurrent mark sweep GC freed 13(480B) AllocSpace objects, 0(0B) LOS objects, 23% free, 53MB/69MB, paused 614us total 22.656ms
08-06 06:14:22.090 10629 10640 I art     : Starting a blocking GC Explicit
08-06 06:14:22.113 10629 10640 I art     : Explicit concurrent mark sweep GC freed 13(480B) AllocSpace objects, 0(0B) LOS objects, 23% free, 53MB/69MB, paused 544us total 22.761ms
08-06 06:14:22.122 10629 10640 I art     : Starting a blocking GC Explicit
08-06 06:14:22.145 10629 10640 I art     : Explicit concurrent mark sweep GC freed 13(480B) AllocSpace objects, 0(0B) LOS objects, 23% free, 53MB/69MB, paused 556us total 23.095ms
08-06 06:14:22.363 10629 13746 D OkHttp  : --> GET https://api-hillfair-2k16.herokuapp.com/api/app/club/PR%20Club http/1.1
08-06 06:14:22.398 10629 13746 D OkHttp  : <-- 200 OK https://api-hillfair-2k16.herokuapp.com/api/app/club/PR%20Club (34ms, 979-byte body)
08-06 06:14:22.427 10629 10640 I art     : Starting a blocking GC Explicit
08-06 06:14:22.453 10629 10640 I art     : Explicit concurrent mark sweep GC freed 4231(253KB) AllocSpace objects, 4(220KB) LOS objects, 22% free, 53MB/69MB, paused 625us total 26.014ms
08-06 06:14:22.457 10629 10629 I NAPPA_EXPERIMENTATION: MetricNetworkRequestExecutionTime: REQUEST_DURATION_SYSTEM='922',REQUEST_DURATION_OKHTTP='35',REQUEST_SYNCHRONOUS='FALSE',RESPONSE_CODE='200',RESPONSE_METHOD='GET',RESPONSE_LENGTH_OKHTTP='979',RESPONSE_LENGTH_HEADER='979',REQUEST_PROTOCOL='http/1.1',REQUEST_URL='https://api-hillfair-2k16.herokuapp.com/api/app/club/PR%20Club',
08-06 06:14:22.463 10629 10640 I art     : Starting a blocking GC Explicit
08-06 06:14:22.485 10629 10640 I art     : Explicit concurrent mark sweep GC freed 1568(202KB) AllocSpace objects, 0(0B) LOS objects, 22% free, 53MB/69MB, paused 574us total 21.784ms
08-06 06:14:22.493 10629 10640 I art     : Starting a blocking GC Explicit
08-06 06:14:22.515 10629 10640 I art     : Explicit concurrent mark sweep GC freed 70(11KB) AllocSpace objects, 0(0B) LOS objects, 22% free, 53MB/69MB, paused 481us total 22.164ms
08-06 06:14:22.523 10629 10640 I art     : Starting a blocking GC Explicit
08-06 06:14:22.544 10629 10640 I art     : Explicit concurrent mark sweep GC freed 6(192B) AllocSpace objects, 0(0B) LOS objects, 22% free, 53MB/69MB, paused 475us total 20.975ms
08-06 06:14:22.553 10629 10640 I art     : Starting a blocking GC Explicit
08-06 06:14:22.576 10629 10640 I art     : Explicit concurrent mark sweep GC freed 3(96B) AllocSpace objects, 0(0B) LOS objects, 22% free, 53MB/69MB, paused 485us total 22.965ms
08-06 06:14:22.856 10629 10640 I art     : Starting a blocking GC Explicit
08-06 06:14:22.880 10629 10640 I art     : Explicit concurrent mark sweep GC freed 1344(78KB) AllocSpace objects, 1(20KB) LOS objects, 22% free, 53MB/69MB, paused 515us total 24.400ms
08-06 06:14:22.889 10629 10640 I art     : Starting a blocking GC Explicit
08-06 06:14:22.914 10629 10640 I art     : Explicit concurrent mark sweep GC freed 36(1280B) AllocSpace objects, 0(0B) LOS objects, 22% free, 53MB/69MB, paused 544us total 24.414ms
08-06 06:14:22.923 10629 10640 I art     : Starting a blocking GC Explicit
08-06 06:14:22.947 10629 10640 I art     : Explicit concurrent mark sweep GC freed 3(96B) AllocSpace objects, 0(0B) LOS objects, 22% free, 53MB/69MB, paused 533us total 23.805ms
08-06 06:14:22.957 10629 10640 I art     : Starting a blocking GC Explicit
08-06 06:14:22.982 10629 10640 I art     : Explicit concurrent mark sweep GC freed 3(96B) AllocSpace objects, 0(0B) LOS objects, 22% free, 53MB/69MB, paused 521us total 24.869ms
08-06 06:14:22.991 10629 10640 I art     : Starting a blocking GC Explicit
08-06 06:14:23.016 10629 10640 I art     : Explicit concurrent mark sweep GC freed 3(96B) AllocSpace objects, 0(0B) LOS objects, 22% free, 53MB/69MB, paused 585us total 24.196ms
08-06 06:14:23.312 10629 11773 I art     : Starting a blocking GC Explicit
08-06 06:14:23.343 10629 11773 I art     : Explicit concurrent mark sweep GC freed 1344(78KB) AllocSpace objects, 1(20KB) LOS objects, 22% free, 53MB/69MB, paused 586us total 30.914ms
08-06 06:14:23.359 10629 11773 I art     : Starting a blocking GC Explicit
08-06 06:14:23.384 10629 11773 I art     : Explicit concurrent mark sweep GC freed 20(704B) AllocSpace objects, 0(0B) LOS objects, 22% free, 53MB/69MB, paused 529us total 24.341ms
08-06 06:14:23.393 10629 11773 I art     : Starting a blocking GC Explicit
08-06 06:14:23.417 10629 11773 I art     : Explicit concurrent mark sweep GC freed 3(96B) AllocSpace objects, 0(0B) LOS objects, 22% free, 53MB/69MB, paused 610us total 24.197ms
08-06 06:14:23.426 10629 11773 I art     : Starting a blocking GC Explicit
08-06 06:14:23.451 10629 11773 I art     : Explicit concurrent mark sweep GC freed 3(96B) AllocSpace objects, 0(0B) LOS objects, 22% free, 53MB/69MB, paused 538us total 24.700ms
08-06 06:14:23.461 10629 11773 I art     : Starting a blocking GC Explicit
08-06 06:14:23.486 10629 11773 I art     : Explicit concurrent mark sweep GC freed 3(96B) AllocSpace objects, 0(0B) LOS objects, 22% free, 53MB/69MB, paused 628us total 24.780ms
08-06 06:14:23.804 10629 10716 I art     : Starting a blocking GC Explicit
08-06 06:14:23.838 10629 10716 I art     : Explicit concurrent mark sweep GC freed 1344(78KB) AllocSpace objects, 1(20KB) LOS objects, 22% free, 53MB/69MB, paused 616us total 34.013ms
08-06 06:14:23.851 10629 10716 I art     : Starting a blocking GC Explicit
08-06 06:14:23.877 10629 10716 I art     : Explicit concurrent mark sweep GC freed 20(704B) AllocSpace objects, 0(0B) LOS objects, 22% free, 53MB/69MB, paused 533us total 25.408ms
08-06 06:14:23.886 10629 10716 I art     : Starting a blocking GC Explicit
08-06 06:14:23.911 10629 10716 I art     : Explicit concurrent mark sweep GC freed 3(96B) AllocSpace objects, 0(0B) LOS objects, 22% free, 53MB/69MB, paused 525us total 25.146ms
08-06 06:14:23.921 10629 10716 I art     : Starting a blocking GC Explicit
08-06 06:14:23.946 10629 10716 I art     : Explicit concurrent mark sweep GC freed 3(96B) AllocSpace objects, 0(0B) LOS objects, 22% free, 53MB/69MB, paused 519us total 24.796ms
08-06 06:14:23.955 10629 10716 I art     : Starting a blocking GC Explicit
08-06 06:14:23.979 10629 10716 I art     : Explicit concurrent mark sweep GC freed 3(96B) AllocSpace objects, 0(0B) LOS objects, 22% free, 53MB/69MB, paused 513us total 24.242ms
08-06 06:14:24.306 10629 11112 I art     : Starting a blocking GC Explicit
08-06 06:14:24.340 10629 11112 I art     : Explicit concurrent mark sweep GC freed 1344(78KB) AllocSpace objects, 1(20KB) LOS objects, 22% free, 53MB/69MB, paused 564us total 32.474ms
08-06 06:14:24.352 10629 11112 I art     : Starting a blocking GC Explicit
08-06 06:14:24.378 10629 11112 I art     : Explicit concurrent mark sweep GC freed 20(704B) AllocSpace objects, 0(0B) LOS objects, 22% free, 53MB/69MB, paused 585us total 24.957ms
08-06 06:14:24.387 10629 11112 I art     : Starting a blocking GC Explicit
08-06 06:14:24.411 10629 11112 I art     : Explicit concurrent mark sweep GC freed 3(96B) AllocSpace objects, 0(0B) LOS objects, 22% free, 53MB/69MB, paused 547us total 24.145ms
08-06 06:14:24.421 10629 11112 I art     : Starting a blocking GC Explicit
08-06 06:14:24.445 10629 11112 I art     : Explicit concurrent mark sweep GC freed 3(96B) AllocSpace objects, 0(0B) LOS objects, 22% free, 53MB/69MB, paused 534us total 24.492ms
08-06 06:14:24.455 10629 11112 I art     : Starting a blocking GC Explicit
08-06 06:14:24.480 10629 11112 I art     : Explicit concurrent mark sweep GC freed 3(96B) AllocSpace objects, 0(0B) LOS objects, 22% free, 53MB/69MB, paused 542us total 24.748ms
08-06 06:14:24.672  9013  9013 I ServiceManager: Waiting for service AtCmdFwd...
08-06 06:14:24.826 10629 10642 I art     : Starting a blocking GC Explicit
08-06 06:14:24.860 10629 10642 I art     : Explicit concurrent mark sweep GC freed 1344(78KB) AllocSpace objects, 1(20KB) LOS objects, 22% free, 53MB/69MB, paused 574us total 33.561ms
08-06 06:14:24.872 10629 10642 I art     : Starting a blocking GC Explicit
08-06 06:14:24.897 10629 10642 I art     : Explicit concurrent mark sweep GC freed 20(704B) AllocSpace objects, 0(0B) LOS objects, 22% free, 53MB/69MB, paused 545us total 24.066ms
08-06 06:14:24.906 10629 10642 I art     : Starting a blocking GC Explicit
08-06 06:14:24.931 10629 10642 I art     : Explicit concurrent mark sweep GC freed 3(96B) AllocSpace objects, 0(0B) LOS objects, 22% free, 53MB/69MB, paused 524us total 24.744ms
08-06 06:14:24.940 10629 10642 I art     : Starting a blocking GC Explicit
08-06 06:14:24.965 10629 10642 I art     : Explicit concurrent mark sweep GC freed 3(96B) AllocSpace objects, 0(0B) LOS objects, 22% free, 53MB/69MB, paused 571us total 24.658ms
08-06 06:14:24.974 10629 10642 I art     : Starting a blocking GC Explicit
08-06 06:14:24.999 10629 10642 I art     : Explicit concurrent mark sweep GC freed 3(96B) AllocSpace objects, 0(0B) LOS objects, 22% free, 53MB/69MB, paused 542us total 24.579ms
08-06 06:14:25.324 10629 10640 I art     : Starting a blocking GC Explicit
08-06 06:14:25.359 10629 10640 I art     : Explicit concurrent mark sweep GC freed 1365(79KB) AllocSpace objects, 1(20KB) LOS objects, 22% free, 53MB/69MB, paused 572us total 34.504ms
08-06 06:14:25.361 10629 10639 I art     : WaitForGcToComplete blocked for 14.955ms for cause HeapTrim
08-06 06:14:25.372 10629 10640 I art     : Starting a blocking GC Explicit
08-06 06:14:25.398 10629 10640 I art     : Explicit concurrent mark sweep GC freed 36(1216B) AllocSpace objects, 0(0B) LOS objects, 22% free, 53MB/69MB, paused 548us total 25.598ms
08-06 06:14:25.407 10629 10640 I art     : Starting a blocking GC Explicit
08-06 06:14:25.432 10629 10640 I art     : Explicit concurrent mark sweep GC freed 3(96B) AllocSpace objects, 0(0B) LOS objects, 22% free, 53MB/69MB, paused 598us total 24.832ms
08-06 06:14:25.442 10629 10640 I art     : Starting a blocking GC Explicit
08-06 06:14:25.467 10629 10640 I art     : Explicit concurrent mark sweep GC freed 3(96B) AllocSpace objects, 0(0B) LOS objects, 22% free, 53MB/69MB, paused 524us total 24.559ms
08-06 06:14:25.476 10629 10640 I art     : Starting a blocking GC Explicit
08-06 06:14:25.500 10629 10640 I art     : Explicit concurrent mark sweep GC freed 3(96B) AllocSpace objects, 0(0B) LOS objects, 22% free, 53MB/69MB, paused 523us total 24.004ms
08-06 06:14:25.673  9013  9013 I ServiceManager: Waiting for service AtCmdFwd...
08-06 06:14:25.835 10629 11773 I art     : Starting a blocking GC Explicit
08-06 06:14:25.859 10629 11773 I art     : Explicit concurrent mark sweep GC freed 1344(78KB) AllocSpace objects, 1(20KB) LOS objects, 22% free, 53MB/69MB, paused 538us total 24.220ms
08-06 06:14:25.868 10629 11773 I art     : Starting a blocking GC Explicit
08-06 06:14:25.893 10629 11773 I art     : Explicit concurrent mark sweep GC freed 20(704B) AllocSpace objects, 0(0B) LOS objects, 22% free, 53MB/69MB, paused 509us total 24.181ms
08-06 06:14:25.902 10629 11773 I art     : Starting a blocking GC Explicit
08-06 06:14:25.925 10629 11773 I art     : Explicit concurrent mark sweep GC freed 3(96B) AllocSpace objects, 0(0B) LOS objects, 22% free, 53MB/69MB, paused 539us total 23.133ms
08-06 06:14:25.934 10629 11773 I art     : Starting a blocking GC Explicit
08-06 06:14:25.957 10629 11773 I art     : Explicit concurrent mark sweep GC freed 3(96B) AllocSpace objects, 0(0B) LOS objects, 22% free, 53MB/69MB, paused 558us total 23.068ms
08-06 06:14:25.966 10629 11773 I art     : Starting a blocking GC Explicit
08-06 06:14:25.989 10629 11773 I art     : Explicit concurrent mark sweep GC freed 3(96B) AllocSpace objects, 0(0B) LOS objects, 22% free, 53MB/69MB, paused 518us total 22.970ms
08-06 06:14:26.189 13835 13835 D AndroidRuntime: >>>>>> START com.android.internal.os.RuntimeInit uid 2000 <<<<<<
08-06 06:14:26.195 13835 13835 D AndroidRuntime: CheckJNI is OFF
08-06 06:14:26.228 13835 13835 D ICU     : No timezone override file found: /data/misc/zoneinfo/current/icu/icu_tzdata.dat
08-06 06:14:26.261 13835 13835 I Radio-JNI: register_android_hardware_Radio DONE
08-06 06:14:26.283 13835 13835 D AndroidRuntime: Calling main entry com.android.commands.input.Input
08-06 06:14:26.285 13835 13835 I Input   : injectKeyEvent: KeyEvent { action=ACTION_DOWN, keyCode=KEYCODE_BACK, scanCode=0, metaState=0, flags=0x0, repeatCount=0, eventTime=857682698, downTime=857682698, deviceId=-1, source=0x101 }
08-06 06:14:26.289 10629 10716 I art     : Starting a blocking GC Explicit
08-06 06:14:26.291 13835 13835 I Input   : injectKeyEvent: KeyEvent { action=ACTION_UP, keyCode=KEYCODE_BACK, scanCode=0, metaState=0, flags=0x0, repeatCount=0, eventTime=857682698, downTime=857682698, deviceId=-1, source=0x101 }
08-06 06:14:26.297 13835 13835 D AndroidRuntime: Shutting down VM
08-06 06:14:26.313 10629 10716 I art     : Explicit concurrent mark sweep GC freed 1480(84KB) AllocSpace objects, 1(20KB) LOS objects, 22% free, 53MB/69MB, paused 534us total 23.888ms
08-06 06:14:26.322 10629 10716 I art     : Starting a blocking GC Explicit
08-06 06:14:26.337 13866 13866 I GoogleInputMethodServic: GoogleInputMethodService.onFinishInput():3138 
08-06 06:14:26.338 13866 13866 I GoogleInputMethodServic: GoogleInputMethodService.onStartInput():1808 
08-06 06:14:26.343 10629 10716 I art     : Explicit concurrent mark sweep GC freed 30(1024B) AllocSpace objects, 0(0B) LOS objects, 22% free, 53MB/69MB, paused 754us total 20.715ms
08-06 06:14:26.352 10629 10716 I art     : Starting a blocking GC Explicit
08-06 06:14:26.373 10629 10716 I art     : Explicit concurrent mark sweep GC freed 38(1376B) AllocSpace objects, 0(0B) LOS objects, 22% free, 53MB/69MB, paused 529us total 21.596ms
08-06 06:14:26.383 10629 10716 I art     : Starting a blocking GC Explicit
08-06 06:14:26.404 10629 10716 I art     : Explicit concurrent mark sweep GC freed 10(384B) AllocSpace objects, 0(0B) LOS objects, 22% free, 53MB/69MB, paused 493us total 21.248ms
08-06 06:14:26.412 10629 10716 I art     : Starting a blocking GC Explicit
08-06 06:14:26.433 10629 10716 I art     : Explicit concurrent mark sweep GC freed 3(96B) AllocSpace objects, 0(0B) LOS objects, 22% free, 53MB/69MB, paused 455us total 20.300ms
08-06 06:14:26.599 13866 13882 I PeriodicStatsRunner: PeriodicStatsRunner.call():175 call()
08-06 06:14:26.599 13866 13882 I PeriodicStatsRunner: PeriodicStatsRunner.call():179 No submit PeriodicStats since input started.
08-06 06:14:26.625   380   380 W SurfaceFlinger: couldn't log to binary event log: overflow.
08-06 06:14:26.674  9013  9013 I ServiceManager: Waiting for service AtCmdFwd...
08-06 06:14:26.696 10629 10716 I art     : Starting a blocking GC Explicit
08-06 06:14:26.720 10629 10716 I art     : Explicit concurrent mark sweep GC freed 1453(86KB) AllocSpace objects, 1(20KB) LOS objects, 22% free, 53MB/69MB, paused 591us total 23.861ms
08-06 06:14:26.729 10629 10716 I art     : Starting a blocking GC Explicit
08-06 06:14:26.751 10629 10716 I art     : Explicit concurrent mark sweep GC freed 1671(107KB) AllocSpace objects, 3(184KB) LOS objects, 23% free, 53MB/69MB, paused 494us total 22.089ms
08-06 06:14:26.760 10629 10716 I art     : Starting a blocking GC Explicit
08-06 06:14:26.782 10629 10716 I art     : Explicit concurrent mark sweep GC freed 3(96B) AllocSpace objects, 0(0B) LOS objects, 23% free, 53MB/69MB, paused 524us total 21.995ms
08-06 06:14:26.791 10629 10716 I art     : Starting a blocking GC Explicit
08-06 06:14:26.816 10629 10716 I art     : Explicit concurrent mark sweep GC freed 3(96B) AllocSpace objects, 0(0B) LOS objects, 23% free, 53MB/69MB, paused 521us total 24.047ms
08-06 06:14:26.825 10629 10716 I art     : Starting a blocking GC Explicit
08-06 06:14:26.849 10629 10716 I art     : Explicit concurrent mark sweep GC freed 3(96B) AllocSpace objects, 0(0B) LOS objects, 23% free, 53MB/69MB, paused 522us total 23.697ms
08-06 06:14:27.159 10629 10642 I art     : Starting a blocking GC Explicit
08-06 06:14:27.191 10629 10642 I art     : Explicit concurrent mark sweep GC freed 1344(78KB) AllocSpace objects, 1(20KB) LOS objects, 23% free, 53MB/69MB, paused 552us total 31.470ms
08-06 06:14:27.203 10629 10642 I art     : Starting a blocking GC Explicit
08-06 06:14:27.228 10629 10642 I art     : Explicit concurrent mark sweep GC freed 20(704B) AllocSpace objects, 0(0B) LOS objects, 23% free, 53MB/69MB, paused 541us total 24.291ms
08-06 06:14:27.237 10629 10642 I art     : Starting a blocking GC Explicit
08-06 06:14:27.261 10629 10642 I art     : Explicit concurrent mark sweep GC freed 3(96B) AllocSpace objects, 0(0B) LOS objects, 23% free, 53MB/69MB, paused 518us total 24.068ms
08-06 06:14:27.271 10629 10642 I art     : Starting a blocking GC Explicit
08-06 06:14:27.295 10629 10642 I art     : Explicit concurrent mark sweep GC freed 3(96B) AllocSpace objects, 0(0B) LOS objects, 23% free, 53MB/69MB, paused 523us total 23.925ms
08-06 06:14:27.305 10629 10642 I art     : Starting a blocking GC Explicit
08-06 06:14:27.329 10629 10642 I art     : Explicit concurrent mark sweep GC freed 3(96B) AllocSpace objects, 0(0B) LOS objects, 23% free, 53MB/69MB, paused 519us total 23.964ms
08-06 06:14:27.611 10629 11112 I art     : Starting a blocking GC Explicit
08-06 06:14:27.636 10629 11112 I art     : Explicit concurrent mark sweep GC freed 1344(78KB) AllocSpace objects, 1(20KB) LOS objects, 23% free, 53MB/69MB, paused 539us total 23.907ms
08-06 06:14:27.645 10629 11112 I art     : Starting a blocking GC Explicit
08-06 06:14:27.668 10629 11112 I art     : Explicit concurrent mark sweep GC freed 20(704B) AllocSpace objects, 0(0B) LOS objects, 23% free, 53MB/69MB, paused 549us total 23.105ms
08-06 06:14:27.674  9013  9013 I ServiceManager: Waiting for service AtCmdFwd...
08-06 06:14:27.677 10629 11112 I art     : Starting a blocking GC Explicit
08-06 06:14:27.700 10629 11112 I art     : Explicit concurrent mark sweep GC freed 3(96B) AllocSpace objects, 0(0B) LOS objects, 23% free, 53MB/69MB, paused 524us total 23.231ms
08-06 06:14:27.710 10629 11112 I art     : Starting a blocking GC Explicit
08-06 06:14:27.733 10629 11112 I art     : Explicit concurrent mark sweep GC freed 3(96B) AllocSpace objects, 0(0B) LOS objects, 23% free, 53MB/69MB, paused 528us total 22.708ms
08-06 06:14:27.741 10629 11112 I art     : Starting a blocking GC Explicit
08-06 06:14:27.764 10629 11112 I art     : Explicit concurrent mark sweep GC freed 3(96B) AllocSpace objects, 0(0B) LOS objects, 23% free, 53MB/69MB, paused 516us total 22.377ms
08-06 06:14:27.955 13903 13903 D AndroidRuntime: >>>>>> START com.android.internal.os.RuntimeInit uid 2000 <<<<<<
08-06 06:14:27.960 13903 13903 D AndroidRuntime: CheckJNI is OFF
08-06 06:14:27.991 13903 13903 D ICU     : No timezone override file found: /data/misc/zoneinfo/current/icu/icu_tzdata.dat
08-06 06:14:28.023 13903 13903 I Radio-JNI: register_android_hardware_Radio DONE
08-06 06:14:28.040 10629 10640 I art     : Starting a blocking GC Explicit
08-06 06:14:28.046 13903 13903 D AndroidRuntime: Calling main entry com.android.commands.input.Input
08-06 06:14:28.048 13903 13903 I Input   : injectMotionEvent: MotionEvent { action=ACTION_DOWN, actionButton=0, id[0]=0, x[0]=1012.0, y[0]=1152.0, toolType[0]=TOOL_TYPE_UNKNOWN, buttonState=0, metaState=0, flags=0x0, edgeFlags=0x0, pointerCount=1, historySize=0, eventTime=857684461, downTime=857684461, deviceId=0, source=0x1002 }
08-06 06:14:28.053 13903 13903 I Input   : injectMotionEvent: MotionEvent { action=ACTION_UP, actionButton=0, id[0]=0, x[0]=1012.0, y[0]=1152.0, toolType[0]=TOOL_TYPE_UNKNOWN, buttonState=0, metaState=0, flags=0x0, edgeFlags=0x0, pointerCount=1, historySize=0, eventTime=857684461, downTime=857684461, deviceId=0, source=0x1002 }
08-06 06:14:28.054   918  4400 I ActivityManager: START u0 {cmp=baseline.appteam.nith.hillffair/.activities.ClubActivity (has extras)} from uid 10697 on display 0
08-06 06:14:28.060 13903 13903 D AndroidRuntime: Shutting down VM
08-06 06:14:28.064 10629 10640 I art     : Explicit concurrent mark sweep GC freed 1369(79KB) AllocSpace objects, 1(20KB) LOS objects, 23% free, 53MB/69MB, paused 635us total 23.831ms
08-06 06:14:28.074 10629 10640 I art     : Starting a blocking GC Explicit
08-06 06:14:28.097 10629 10640 I art     : Explicit concurrent mark sweep GC freed 3312(200KB) AllocSpace objects, 0(0B) LOS objects, 23% free, 53MB/69MB, paused 790us total 22.808ms
08-06 06:14:28.106 10629 10640 I art     : Starting a blocking GC Explicit
08-06 06:14:28.127 10629 10640 I art     : Explicit concurrent mark sweep GC freed 173(19KB) AllocSpace objects, 0(0B) LOS objects, 23% free, 53MB/69MB, paused 594us total 20.811ms
08-06 06:14:28.136 10629 10640 I art     : Starting a blocking GC Explicit
08-06 06:14:28.148 13866 13866 I GoogleInputMethodServic: GoogleInputMethodService.onFinishInput():3138 
08-06 06:14:28.148   918   936 I ActivityManager: Displayed baseline.appteam.nith.hillffair/.activities.ClubActivity: +88ms
08-06 06:14:28.149 13866 13866 I GoogleInputMethodServic: GoogleInputMethodService.onStartInput():1808 
08-06 06:14:28.160 10629 10640 I art     : Explicit concurrent mark sweep GC freed 232(9KB) AllocSpace objects, 0(0B) LOS objects, 22% free, 53MB/69MB, paused 712us total 24.294ms
08-06 06:14:28.171 10629 10640 I art     : Starting a blocking GC Explicit
08-06 06:14:28.195 10629 10640 I art     : Explicit concurrent mark sweep GC freed 84(5KB) AllocSpace objects, 0(0B) LOS objects, 22% free, 53MB/69MB, paused 609us total 23.154ms
08-06 06:14:28.395   380   380 W SurfaceFlinger: couldn't log to binary event log: overflow.
08-06 06:14:28.466 10629 11773 I art     : Starting a blocking GC Explicit
08-06 06:14:28.488 10629 11773 I art     : Explicit concurrent mark sweep GC freed 1350(78KB) AllocSpace objects, 1(20KB) LOS objects, 22% free, 53MB/69MB, paused 568us total 21.885ms
08-06 06:14:28.498 10629 11773 I art     : Starting a blocking GC Explicit
08-06 06:14:28.521 10629 11773 I art     : Explicit concurrent mark sweep GC freed 113(6KB) AllocSpace objects, 0(0B) LOS objects, 22% free, 53MB/69MB, paused 545us total 22.988ms
08-06 06:14:28.530 10629 11773 I art     : Starting a blocking GC Explicit
08-06 06:14:28.552 10629 11773 I art     : Explicit concurrent mark sweep GC freed 21(816B) AllocSpace objects, 0(0B) LOS objects, 22% free, 53MB/69MB, paused 508us total 21.294ms
08-06 06:14:28.560 10629 11773 I art     : Starting a blocking GC Explicit
08-06 06:14:28.583 10629 11773 I art     : Explicit concurrent mark sweep GC freed 13(480B) AllocSpace objects, 0(0B) LOS objects, 22% free, 53MB/69MB, paused 568us total 22.168ms
08-06 06:14:28.591 10629 11773 I art     : Starting a blocking GC Explicit
08-06 06:14:28.613 10629 11773 I art     : Explicit concurrent mark sweep GC freed 12(432B) AllocSpace objects, 0(0B) LOS objects, 22% free, 53MB/69MB, paused 577us total 22.040ms
08-06 06:14:28.675  9013  9013 I ServiceManager: Waiting for service AtCmdFwd...
08-06 06:14:28.889 10629 10640 I art     : Starting a blocking GC Explicit
08-06 06:14:28.907 10629 13933 D OkHttp  : --> GET https://api-hillfair-2k16.herokuapp.com/api/app/club/Design%20and%20Decoration%20Club http/1.1
08-06 06:14:28.915 10629 10640 I art     : Explicit concurrent mark sweep GC freed 3970(212KB) AllocSpace objects, 3(140KB) LOS objects, 22% free, 53MB/69MB, paused 665us total 25.849ms
08-06 06:14:28.924 10629 10640 I art     : Starting a blocking GC Explicit
08-06 06:14:28.944 10629 13933 D OkHttp  : <-- 200 OK https://api-hillfair-2k16.herokuapp.com/api/app/club/Design%20and%20Decoration%20Club (36ms, 760-byte body)
08-06 06:14:28.948 10629 10640 I art     : Explicit concurrent mark sweep GC freed 1135(140KB) AllocSpace objects, 1(80KB) LOS objects, 22% free, 53MB/69MB, paused 594us total 23.668ms
08-06 06:14:28.956 10629 10640 I art     : Starting a blocking GC Explicit
08-06 06:14:28.979 10629 10640 I art     : Explicit concurrent mark sweep GC freed 102(16KB) AllocSpace objects, 0(0B) LOS objects, 22% free, 53MB/69MB, paused 552us total 22.190ms
08-06 06:14:28.987 10629 10640 I art     : Starting a blocking GC Explicit
08-06 06:14:28.997 10629 10629 I NAPPA_EXPERIMENTATION: MetricNetworkRequestExecutionTime: REQUEST_DURATION_SYSTEM='908',REQUEST_DURATION_OKHTTP='37',REQUEST_SYNCHRONOUS='FALSE',RESPONSE_CODE='200',RESPONSE_METHOD='GET',RESPONSE_LENGTH_OKHTTP='760',RESPONSE_LENGTH_HEADER='760',REQUEST_PROTOCOL='http/1.1',REQUEST_URL='https://api-hillfair-2k16.herokuapp.com/api/app/club/Design%20and%20Decoration%20Club',
08-06 06:14:29.009 10629 10640 I art     : Explicit concurrent mark sweep GC freed 572(64KB) AllocSpace objects, 0(0B) LOS objects, 22% free, 53MB/69MB, paused 548us total 21.718ms
08-06 06:14:29.017 10629 10640 I art     : Starting a blocking GC Explicit
08-06 06:14:29.039 10629 10640 I art     : Explicit concurrent mark sweep GC freed 130(25KB) AllocSpace objects, 0(0B) LOS objects, 22% free, 53MB/69MB, paused 594us total 21.679ms
08-06 06:14:29.324 10629 10642 I art     : Starting a blocking GC Explicit
08-06 06:14:29.350 10629 10642 I art     : Explicit concurrent mark sweep GC freed 1348(80KB) AllocSpace objects, 1(20KB) LOS objects, 22% free, 53MB/69MB, paused 538us total 25.760ms
08-06 06:14:29.360 10629 10642 I art     : Starting a blocking GC Explicit
08-06 06:14:29.384 10629 10642 I art     : Explicit concurrent mark sweep GC freed 20(704B) AllocSpace objects, 0(0B) LOS objects, 22% free, 53MB/69MB, paused 554us total 23.650ms
08-06 06:14:29.393 10629 10642 I art     : Starting a blocking GC Explicit
08-06 06:14:29.417 10629 10642 I art     : Explicit concurrent mark sweep GC freed 19(656B) AllocSpace objects, 0(0B) LOS objects, 22% free, 53MB/69MB, paused 538us total 23.815ms
08-06 06:14:29.426 10629 10642 I art     : Starting a blocking GC Explicit
08-06 06:14:29.450 10629 10642 I art     : Explicit concurrent mark sweep GC freed 3(96B) AllocSpace objects, 0(0B) LOS objects, 22% free, 53MB/69MB, paused 531us total 23.937ms
08-06 06:14:29.459 10629 10642 I art     : Starting a blocking GC Explicit
08-06 06:14:29.484 10629 10642 I art     : Explicit concurrent mark sweep GC freed 3(96B) AllocSpace objects, 0(0B) LOS objects, 22% free, 53MB/69MB, paused 544us total 24.652ms
08-06 06:14:29.675  9013  9013 W Atfwd_Sendcmd: AtCmdFwd service not published, waiting... retryCnt : 4
08-06 06:14:29.763 10629 10640 I art     : Starting a blocking GC Explicit
08-06 06:14:29.794 10629 10640 I art     : Explicit concurrent mark sweep GC freed 1365(79KB) AllocSpace objects, 1(20KB) LOS objects, 22% free, 53MB/69MB, paused 567us total 31.231ms
08-06 06:14:29.807 10629 10640 I art     : Starting a blocking GC Explicit
08-06 06:14:29.836 10629 10640 I art     : Explicit concurrent mark sweep GC freed 36(1216B) AllocSpace objects, 0(0B) LOS objects, 22% free, 53MB/69MB, paused 526us total 28.475ms
08-06 06:14:29.845 10629 10640 I art     : Starting a blocking GC Explicit
08-06 06:14:29.871 10629 10640 I art     : Explicit concurrent mark sweep GC freed 3(96B) AllocSpace objects, 0(0B) LOS objects, 22% free, 53MB/69MB, paused 533us total 25.460ms
08-06 06:14:29.880 10629 10640 I art     : Starting a blocking GC Explicit
08-06 06:14:29.905 10629 10640 I art     : Explicit concurrent mark sweep GC freed 3(96B) AllocSpace objects, 0(0B) LOS objects, 22% free, 53MB/69MB, paused 529us total 24.590ms
08-06 06:14:29.914 10629 10640 I art     : Starting a blocking GC Explicit
08-06 06:14:29.939 10629 10640 I art     : Explicit concurrent mark sweep GC freed 3(96B) AllocSpace objects, 0(0B) LOS objects, 22% free, 53MB/69MB, paused 514us total 24.413ms
08-06 06:14:30.266 10629 11773 I art     : Starting a blocking GC Explicit
08-06 06:14:30.302 10629 11773 I art     : Explicit concurrent mark sweep GC freed 1344(78KB) AllocSpace objects, 1(20KB) LOS objects, 22% free, 53MB/69MB, paused 577us total 35.337ms
08-06 06:14:30.316 10629 11773 I art     : Starting a blocking GC Explicit
08-06 06:14:30.341 10629 11773 I art     : Explicit concurrent mark sweep GC freed 20(704B) AllocSpace objects, 0(0B) LOS objects, 22% free, 53MB/69MB, paused 538us total 24.117ms
08-06 06:14:30.350 10629 11773 I art     : Starting a blocking GC Explicit
08-06 06:14:30.374 10629 11773 I art     : Explicit concurrent mark sweep GC freed 3(96B) AllocSpace objects, 0(0B) LOS objects, 22% free, 53MB/69MB, paused 523us total 24.127ms
08-06 06:14:30.383 10629 11773 I art     : Starting a blocking GC Explicit
08-06 06:14:30.408 10629 11773 I art     : Explicit concurrent mark sweep GC freed 3(96B) AllocSpace objects, 0(0B) LOS objects, 22% free, 53MB/69MB, paused 536us total 24.548ms
08-06 06:14:30.408 10629 10639 I art     : WaitForGcToComplete blocked for 9.773ms for cause HeapTrim
08-06 06:14:30.417 10629 11773 I art     : Starting a blocking GC Explicit
08-06 06:14:30.443 10629 11773 I art     : Explicit concurrent mark sweep GC freed 3(96B) AllocSpace objects, 0(0B) LOS objects, 22% free, 53MB/69MB, paused 565us total 25.305ms
08-06 06:14:30.754 10629 10716 I art     : Starting a blocking GC Explicit
08-06 06:14:30.785 10629 10716 I art     : Explicit concurrent mark sweep GC freed 1344(78KB) AllocSpace objects, 1(20KB) LOS objects, 22% free, 53MB/69MB, paused 613us total 31.454ms
08-06 06:14:30.800 10629 10716 I art     : Starting a blocking GC Explicit
08-06 06:14:30.824 10629 10716 I art     : Explicit concurrent mark sweep GC freed 20(704B) AllocSpace objects, 0(0B) LOS objects, 22% free, 53MB/69MB, paused 535us total 23.841ms
08-06 06:14:30.833 10629 10716 I art     : Starting a blocking GC Explicit
08-06 06:14:30.857 10629 10716 I art     : Explicit concurrent mark sweep GC freed 3(96B) AllocSpace objects, 0(0B) LOS objects, 22% free, 53MB/69MB, paused 563us total 24.595ms
08-06 06:14:30.867 10629 10716 I art     : Starting a blocking GC Explicit
08-06 06:14:30.891 10629 10716 I art     : Explicit concurrent mark sweep GC freed 3(96B) AllocSpace objects, 0(0B) LOS objects, 22% free, 53MB/69MB, paused 542us total 24.599ms
08-06 06:14:30.901 10629 10716 I art     : Starting a blocking GC Explicit
08-06 06:14:30.926 10629 10716 I art     : Explicit concurrent mark sweep GC freed 3(96B) AllocSpace objects, 0(0B) LOS objects, 22% free, 53MB/69MB, paused 531us total 25.240ms
08-06 06:14:31.228 10629 11112 I art     : Starting a blocking GC Explicit
08-06 06:14:31.256 10629 11112 I art     : Explicit concurrent mark sweep GC freed 1344(78KB) AllocSpace objects, 1(20KB) LOS objects, 22% free, 53MB/69MB, paused 540us total 27.355ms
08-06 06:14:31.271 10629 11112 I art     : Starting a blocking GC Explicit
08-06 06:14:31.295 10629 11112 I art     : Explicit concurrent mark sweep GC freed 20(704B) AllocSpace objects, 0(0B) LOS objects, 22% free, 53MB/69MB, paused 528us total 23.643ms
08-06 06:14:31.304 10629 11112 I art     : Starting a blocking GC Explicit
08-06 06:14:31.328 10629 11112 I art     : Explicit concurrent mark sweep GC freed 3(96B) AllocSpace objects, 0(0B) LOS objects, 22% free, 53MB/69MB, paused 545us total 24.066ms
08-06 06:14:31.337 10629 11112 I art     : Starting a blocking GC Explicit
08-06 06:14:31.338 13866 13882 I PeriodicStatsRunner: PeriodicStatsRunner.call():175 call()
08-06 06:14:31.338 13866 13882 I PeriodicStatsRunner: PeriodicStatsRunner.call():179 No submit PeriodicStats since input started.
08-06 06:14:31.361 10629 11112 I art     : Explicit concurrent mark sweep GC freed 3(96B) AllocSpace objects, 0(0B) LOS objects, 22% free, 53MB/69MB, paused 518us total 23.832ms
08-06 06:14:31.371 10629 11112 I art     : Starting a blocking GC Explicit
08-06 06:14:31.395 10629 11112 I art     : Explicit concurrent mark sweep GC freed 3(96B) AllocSpace objects, 0(0B) LOS objects, 22% free, 53MB/69MB, paused 535us total 24.481ms
08-06 06:14:31.720 10629 10642 I art     : Starting a blocking GC Explicit
08-06 06:14:31.752 10629 10642 I art     : Explicit concurrent mark sweep GC freed 1344(78KB) AllocSpace objects, 1(20KB) LOS objects, 22% free, 53MB/69MB, paused 572us total 31.322ms
08-06 06:14:31.763 10629 10642 I art     : Starting a blocking GC Explicit
08-06 06:14:31.788 10629 10642 I art     : Explicit concurrent mark sweep GC freed 20(704B) AllocSpace objects, 0(0B) LOS objects, 22% free, 53MB/69MB, paused 560us total 25.276ms
08-06 06:14:31.798 10629 10642 I art     : Starting a blocking GC Explicit
08-06 06:14:31.823 10629 10642 I art     : Explicit concurrent mark sweep GC freed 3(96B) AllocSpace objects, 0(0B) LOS objects, 22% free, 53MB/69MB, paused 519us total 24.654ms
08-06 06:14:31.832 10629 10642 I art     : Starting a blocking GC Explicit
08-06 06:14:31.856 10629 10642 I art     : Explicit concurrent mark sweep GC freed 3(96B) AllocSpace objects, 0(0B) LOS objects, 22% free, 53MB/69MB, paused 536us total 24.411ms
08-06 06:14:31.866 10629 10642 I art     : Starting a blocking GC Explicit
08-06 06:14:31.891 10629 10642 I art     : Explicit concurrent mark sweep GC freed 3(96B) AllocSpace objects, 0(0B) LOS objects, 22% free, 53MB/69MB, paused 530us total 25.434ms
08-06 06:14:32.217 10629 10640 I art     : Starting a blocking GC Explicit
08-06 06:14:32.248 10629 10640 I art     : Explicit concurrent mark sweep GC freed 1344(78KB) AllocSpace objects, 1(20KB) LOS objects, 22% free, 53MB/69MB, paused 778us total 31.248ms
08-06 06:14:32.259 10629 10640 I art     : Starting a blocking GC Explicit
08-06 06:14:32.285 10629 10640 I art     : Explicit concurrent mark sweep GC freed 20(704B) AllocSpace objects, 0(0B) LOS objects, 22% free, 53MB/69MB, paused 537us total 25.027ms
08-06 06:14:32.294 10629 10640 I art     : Starting a blocking GC Explicit
08-06 06:14:32.318 10629 10640 I art     : Explicit concurrent mark sweep GC freed 3(96B) AllocSpace objects, 0(0B) LOS objects, 22% free, 53MB/69MB, paused 518us total 23.856ms
08-06 06:14:32.327 10629 10640 I art     : Starting a blocking GC Explicit
08-06 06:14:32.351 10629 10640 I art     : Explicit concurrent mark sweep GC freed 3(96B) AllocSpace objects, 0(0B) LOS objects, 22% free, 53MB/69MB, paused 495us total 23.987ms
08-06 06:14:32.360 10629 10640 I art     : Starting a blocking GC Explicit
08-06 06:14:32.383 10629 10640 I art     : Explicit concurrent mark sweep GC freed 3(96B) AllocSpace objects, 0(0B) LOS objects, 22% free, 53MB/69MB, paused 525us total 22.175ms
08-06 06:14:32.680 10629 11773 I art     : Starting a blocking GC Explicit
08-06 06:14:32.709 10629 11773 I art     : Explicit concurrent mark sweep GC freed 1344(78KB) AllocSpace objects, 1(20KB) LOS objects, 22% free, 53MB/69MB, paused 569us total 28.577ms
08-06 06:14:32.718 10629 11773 I art     : Starting a blocking GC Explicit
08-06 06:14:32.743 10629 11773 I art     : Explicit concurrent mark sweep GC freed 20(704B) AllocSpace objects, 0(0B) LOS objects, 22% free, 53MB/69MB, paused 523us total 24.020ms
08-06 06:14:32.752 10629 11773 I art     : Starting a blocking GC Explicit
08-06 06:14:32.759 14032 14032 D AndroidRuntime: >>>>>> START com.android.internal.os.RuntimeInit uid 2000 <<<<<<
08-06 06:14:32.763 14032 14032 D AndroidRuntime: CheckJNI is OFF
08-06 06:14:32.775 10629 11773 I art     : Explicit concurrent mark sweep GC freed 3(96B) AllocSpace objects, 0(0B) LOS objects, 22% free, 53MB/69MB, paused 562us total 23.394ms
08-06 06:14:32.784 10629 11773 I art     : Starting a blocking GC Explicit
08-06 06:14:32.799 14032 14032 D ICU     : No timezone override file found: /data/misc/zoneinfo/current/icu/icu_tzdata.dat
08-06 06:14:32.807 10629 11773 I art     : Explicit concurrent mark sweep GC freed 3(96B) AllocSpace objects, 0(0B) LOS objects, 22% free, 53MB/69MB, paused 618us total 23.475ms
08-06 06:14:32.816 10629 11773 I art     : Starting a blocking GC Explicit
08-06 06:14:32.833 14032 14032 I Radio-JNI: register_android_hardware_Radio DONE
08-06 06:14:32.840 10629 11773 I art     : Explicit concurrent mark sweep GC freed 3(96B) AllocSpace objects, 0(0B) LOS objects, 22% free, 53MB/69MB, paused 567us total 23.488ms
08-06 06:14:32.855 14032 14032 D AndroidRuntime: Calling main entry com.android.commands.input.Input
08-06 06:14:32.857 14032 14032 I Input   : injectKeyEvent: KeyEvent { action=ACTION_DOWN, keyCode=KEYCODE_BACK, scanCode=0, metaState=0, flags=0x0, repeatCount=0, eventTime=857689270, downTime=857689270, deviceId=-1, source=0x101 }
08-06 06:14:32.861 14032 14032 I Input   : injectKeyEvent: KeyEvent { action=ACTION_UP, keyCode=KEYCODE_BACK, scanCode=0, metaState=0, flags=0x0, repeatCount=0, eventTime=857689270, downTime=857689270, deviceId=-1, source=0x101 }
08-06 06:14:32.866 14032 14032 D AndroidRuntime: Shutting down VM
08-06 06:14:32.904 13866 13866 I GoogleInputMethodServic: GoogleInputMethodService.onFinishInput():3138 
08-06 06:14:32.905 13866 13866 I GoogleInputMethodServic: GoogleInputMethodService.onStartInput():1808 
08-06 06:14:33.098 10629 10640 I art     : Starting a blocking GC Explicit
08-06 06:14:33.128 10629 10640 I art     : Explicit concurrent mark sweep GC freed 1526(86KB) AllocSpace objects, 1(20KB) LOS objects, 22% free, 53MB/69MB, paused 538us total 29.909ms
08-06 06:14:33.139 10629 10640 I art     : Starting a blocking GC Explicit
08-06 06:14:33.148 13866 13882 I PeriodicStatsRunner: PeriodicStatsRunner.call():175 call()
08-06 06:14:33.149 13866 13882 I PeriodicStatsRunner: PeriodicStatsRunner.call():179 No submit PeriodicStats since input started.
08-06 06:14:33.164 10629 10640 I art     : Explicit concurrent mark sweep GC freed 26(944B) AllocSpace objects, 0(0B) LOS objects, 22% free, 53MB/69MB, paused 515us total 25.628ms
08-06 06:14:33.176 10629 10640 I art     : Starting a blocking GC Explicit
08-06 06:14:33.202 10629 10640 I art     : Explicit concurrent mark sweep GC freed 3(96B) AllocSpace objects, 0(0B) LOS objects, 22% free, 53MB/69MB, paused 550us total 25.921ms
08-06 06:14:33.213 10629 10640 I art     : Starting a blocking GC Explicit
08-06 06:14:33.232   380   380 W SurfaceFlinger: couldn't log to binary event log: overflow.
08-06 06:14:33.239 10629 10640 I art     : Explicit concurrent mark sweep GC freed 90(7KB) AllocSpace objects, 0(0B) LOS objects, 22% free, 53MB/69MB, paused 626us total 25.586ms
08-06 06:14:33.250 10629 10640 I art     : Starting a blocking GC Explicit
08-06 06:14:33.271 10629 10640 I art     : Explicit concurrent mark sweep GC freed 25(1200B) AllocSpace objects, 0(0B) LOS objects, 22% free, 53MB/69MB, paused 507us total 20.764ms
08-06 06:14:33.568 10629 11773 I art     : Starting a blocking GC Explicit
08-06 06:14:33.599 10629 11773 I art     : Explicit concurrent mark sweep GC freed 2995(185KB) AllocSpace objects, 4(200KB) LOS objects, 23% free, 53MB/69MB, paused 612us total 30.721ms
08-06 06:14:33.611 10629 11773 I art     : Starting a blocking GC Explicit
08-06 06:14:33.635 10629 11773 I art     : Explicit concurrent mark sweep GC freed 20(704B) AllocSpace objects, 0(0B) LOS objects, 23% free, 53MB/69MB, paused 605us total 24.125ms
08-06 06:14:33.644 10629 11773 I art     : Starting a blocking GC Explicit
08-06 06:14:33.668 10629 11773 I art     : Explicit concurrent mark sweep GC freed 3(96B) AllocSpace objects, 0(0B) LOS objects, 23% free, 53MB/69MB, paused 536us total 24.013ms
08-06 06:14:33.677 10629 11773 I art     : Starting a blocking GC Explicit
08-06 06:14:33.702 10629 11773 I art     : Explicit concurrent mark sweep GC freed 3(96B) AllocSpace objects, 0(0B) LOS objects, 23% free, 53MB/69MB, paused 524us total 24.291ms
08-06 06:14:33.711 10629 11773 I art     : Starting a blocking GC Explicit
08-06 06:14:33.736 10629 11773 I art     : Explicit concurrent mark sweep GC freed 3(96B) AllocSpace objects, 0(0B) LOS objects, 23% free, 53MB/69MB, paused 624us total 24.152ms
08-06 06:14:34.024 10629 11112 I art     : Starting a blocking GC Explicit
08-06 06:14:34.052 10629 11112 I art     : Explicit concurrent mark sweep GC freed 1344(78KB) AllocSpace objects, 1(20KB) LOS objects, 23% free, 53MB/69MB, paused 584us total 27.830ms
08-06 06:14:34.065 10629 11112 I art     : Starting a blocking GC Explicit
08-06 06:14:34.090 10629 11112 I art     : Explicit concurrent mark sweep GC freed 20(704B) AllocSpace objects, 0(0B) LOS objects, 23% free, 53MB/69MB, paused 543us total 24.452ms
08-06 06:14:34.099 10629 11112 I art     : Starting a blocking GC Explicit
08-06 06:14:34.122 10629 11112 I art     : Explicit concurrent mark sweep GC freed 3(96B) AllocSpace objects, 0(0B) LOS objects, 23% free, 53MB/69MB, paused 503us total 22.056ms
08-06 06:14:34.130 10629 11112 I art     : Starting a blocking GC Explicit
08-06 06:14:34.153 10629 11112 I art     : Explicit concurrent mark sweep GC freed 3(96B) AllocSpace objects, 0(0B) LOS objects, 23% free, 53MB/69MB, paused 548us total 22.806ms
08-06 06:14:34.162 10629 11112 I art     : Starting a blocking GC Explicit
08-06 06:14:34.185 10629 11112 I art     : Explicit concurrent mark sweep GC freed 3(96B) AllocSpace objects, 0(0B) LOS objects, 23% free, 53MB/69MB, paused 534us total 22.441ms
08-06 06:14:34.461 10629 10716 I art     : Starting a blocking GC Explicit
08-06 06:14:34.485 10629 10716 I art     : Explicit concurrent mark sweep GC freed 1344(78KB) AllocSpace objects, 1(20KB) LOS objects, 23% free, 53MB/69MB, paused 556us total 24.120ms
08-06 06:14:34.494 10629 10716 I art     : Starting a blocking GC Explicit
08-06 06:14:34.517 14086 14086 D AndroidRuntime: >>>>>> START com.android.internal.os.RuntimeInit uid 2000 <<<<<<
08-06 06:14:34.519 10629 10716 I art     : Explicit concurrent mark sweep GC freed 20(704B) AllocSpace objects, 0(0B) LOS objects, 23% free, 53MB/69MB, paused 605us total 24.044ms
08-06 06:14:34.522 14086 14086 D AndroidRuntime: CheckJNI is OFF
08-06 06:14:34.528 10629 10716 I art     : Starting a blocking GC Explicit
08-06 06:14:34.550 10629 10716 I art     : Explicit concurrent mark sweep GC freed 3(96B) AllocSpace objects, 0(0B) LOS objects, 23% free, 53MB/69MB, paused 529us total 22.127ms
08-06 06:14:34.558 14086 14086 D ICU     : No timezone override file found: /data/misc/zoneinfo/current/icu/icu_tzdata.dat
08-06 06:14:34.559 10629 10716 I art     : Starting a blocking GC Explicit
08-06 06:14:34.582 10629 10716 I art     : Explicit concurrent mark sweep GC freed 3(96B) AllocSpace objects, 0(0B) LOS objects, 23% free, 53MB/69MB, paused 531us total 22.668ms
08-06 06:14:34.590 10629 10716 I art     : Starting a blocking GC Explicit
08-06 06:14:34.593 14086 14086 I Radio-JNI: register_android_hardware_Radio DONE
08-06 06:14:34.614 10629 10716 I art     : Explicit concurrent mark sweep GC freed 3(96B) AllocSpace objects, 0(0B) LOS objects, 23% free, 53MB/69MB, paused 521us total 22.916ms
08-06 06:14:34.615 14086 14086 D AndroidRuntime: Calling main entry com.android.commands.input.Input
08-06 06:14:34.617 14086 14086 I Input   : injectMotionEvent: MotionEvent { action=ACTION_DOWN, actionButton=0, id[0]=0, x[0]=255.0, y[0]=1845.0, toolType[0]=TOOL_TYPE_UNKNOWN, buttonState=0, metaState=0, flags=0x0, edgeFlags=0x0, pointerCount=1, historySize=0, eventTime=857691029, downTime=857691029, deviceId=0, source=0x1002 }
08-06 06:14:34.623 14086 14086 I Input   : injectMotionEvent: MotionEvent { action=ACTION_UP, actionButton=0, id[0]=0, x[0]=255.0, y[0]=1845.0, toolType[0]=TOOL_TYPE_UNKNOWN, buttonState=0, metaState=0, flags=0x0, edgeFlags=0x0, pointerCount=1, historySize=0, eventTime=857691029, downTime=857691029, deviceId=0, source=0x1002 }
08-06 06:14:34.625   918  5132 I ActivityManager: START u0 {cmp=baseline.appteam.nith.hillffair/.activities.ClubActivity (has extras)} from uid 10697 on display 0
08-06 06:14:34.631 14086 14086 D AndroidRuntime: Shutting down VM
08-06 06:14:34.728   918   936 I ActivityManager: Displayed baseline.appteam.nith.hillffair/.activities.ClubActivity: +96ms
08-06 06:14:34.729 13866 13866 I GoogleInputMethodServic: GoogleInputMethodService.onFinishInput():3138 
08-06 06:14:34.729 13866 13866 I GoogleInputMethodServic: GoogleInputMethodService.onStartInput():1808 
08-06 06:14:34.873 10629 10640 I art     : Starting a blocking GC Explicit
08-06 06:14:34.897 10629 10640 I art     : Explicit concurrent mark sweep GC freed 4996(308KB) AllocSpace objects, 1(20KB) LOS objects, 22% free, 53MB/69MB, paused 546us total 23.507ms
08-06 06:14:34.906 10629 10640 I art     : Starting a blocking GC Explicit
08-06 06:14:34.927 10629 10640 I art     : Explicit concurrent mark sweep GC freed 218(10KB) AllocSpace objects, 0(0B) LOS objects, 22% free, 53MB/69MB, paused 595us total 21.041ms
08-06 06:14:34.936 10629 10640 I art     : Starting a blocking GC Explicit
08-06 06:14:34.957 10629 10640 I art     : Explicit concurrent mark sweep GC freed 3(96B) AllocSpace objects, 0(0B) LOS objects, 22% free, 53MB/69MB, paused 588us total 21.313ms
08-06 06:14:34.965 10629 10640 I art     : Starting a blocking GC Explicit
08-06 06:14:34.968   380   380 W SurfaceFlinger: couldn't log to binary event log: overflow.
08-06 06:14:34.986 10629 10640 I art     : Explicit concurrent mark sweep GC freed 3(96B) AllocSpace objects, 0(0B) LOS objects, 22% free, 53MB/69MB, paused 528us total 21.053ms
08-06 06:14:34.995 10629 10640 I art     : Starting a blocking GC Explicit
08-06 06:14:35.016 10629 10640 I art     : Explicit concurrent mark sweep GC freed 3(96B) AllocSpace objects, 0(0B) LOS objects, 22% free, 53MB/69MB, paused 564us total 20.789ms
08-06 06:14:35.293 10629 14109 D OkHttp  : --> GET https://api-hillfair-2k16.herokuapp.com/api/app/club/Technical%20Committee http/1.1
08-06 06:14:35.304 10629 11112 I art     : Starting a blocking GC Explicit
08-06 06:14:35.330 10629 14109 D OkHttp  : <-- 200 OK https://api-hillfair-2k16.herokuapp.com/api/app/club/Technical%20Committee (36ms, 1171-byte body)
08-06 06:14:35.331 10629 11112 I art     : Explicit concurrent mark sweep GC freed 4078(218KB) AllocSpace objects, 4(220KB) LOS objects, 22% free, 53MB/69MB, paused 621us total 26.215ms
08-06 06:14:35.340 10629 11112 I art     : Starting a blocking GC Explicit
08-06 06:14:35.365 10629 11112 I art     : Explicit concurrent mark sweep GC freed 1187(154KB) AllocSpace objects, 0(0B) LOS objects, 22% free, 53MB/69MB, paused 586us total 25.126ms
08-06 06:14:35.374 10629 10629 I NAPPA_EXPERIMENTATION: MetricNetworkRequestExecutionTime: REQUEST_DURATION_SYSTEM='718',REQUEST_DURATION_OKHTTP='36',REQUEST_SYNCHRONOUS='FALSE',RESPONSE_CODE='200',RESPONSE_METHOD='GET',RESPONSE_LENGTH_OKHTTP='1171',RESPONSE_LENGTH_HEADER='1171',REQUEST_PROTOCOL='http/1.1',REQUEST_URL='https://api-hillfair-2k16.herokuapp.com/api/app/club/Technical%20Committee',
08-06 06:14:35.375 10629 11112 I art     : Starting a blocking GC Explicit
08-06 06:14:35.398 10629 11112 I art     : Explicit concurrent mark sweep GC freed 293(73KB) AllocSpace objects, 0(0B) LOS objects, 22% free, 53MB/69MB, paused 638us total 23.460ms
08-06 06:14:35.407 10629 11112 I art     : Starting a blocking GC Explicit
08-06 06:14:35.430 10629 11112 I art     : Explicit concurrent mark sweep GC freed 408(21KB) AllocSpace objects, 0(0B) LOS objects, 22% free, 53MB/69MB, paused 559us total 22.365ms
08-06 06:14:35.438 10629 11112 I art     : Starting a blocking GC Explicit
08-06 06:14:35.462 10629 11112 I art     : Explicit concurrent mark sweep GC freed 27(800B) AllocSpace objects, 0(0B) LOS objects, 22% free, 53MB/69MB, paused 539us total 22.928ms
08-06 06:14:35.462 10629 10639 I art     : WaitForGcToComplete blocked for 18.423ms for cause HeapTrim
08-06 06:14:35.749 10629 11773 I art     : Starting a blocking GC Explicit
08-06 06:14:35.774 10629 11773 I art     : Explicit concurrent mark sweep GC freed 1344(78KB) AllocSpace objects, 1(20KB) LOS objects, 22% free, 53MB/69MB, paused 563us total 24.658ms
08-06 06:14:35.783 10629 11773 I art     : Starting a blocking GC Explicit
08-06 06:14:35.808 10629 11773 I art     : Explicit concurrent mark sweep GC freed 36(1264B) AllocSpace objects, 0(0B) LOS objects, 22% free, 53MB/69MB, paused 556us total 24.671ms
08-06 06:14:35.817 10629 11773 I art     : Starting a blocking GC Explicit
08-06 06:14:35.842 10629 11773 I art     : Explicit concurrent mark sweep GC freed 3(96B) AllocSpace objects, 0(0B) LOS objects, 22% free, 53MB/69MB, paused 551us total 25.053ms
08-06 06:14:35.852 10629 11773 I art     : Starting a blocking GC Explicit
08-06 06:14:35.876 10629 11773 I art     : Explicit concurrent mark sweep GC freed 3(96B) AllocSpace objects, 0(0B) LOS objects, 22% free, 53MB/69MB, paused 610us total 24.740ms
08-06 06:14:35.886 10629 11773 I art     : Starting a blocking GC Explicit
08-06 06:14:35.911 10629 11773 I art     : Explicit concurrent mark sweep GC freed 3(96B) AllocSpace objects, 0(0B) LOS objects, 22% free, 53MB/69MB, paused 565us total 25.112ms
08-06 06:14:36.193 10629 10640 I art     : Starting a blocking GC Explicit
08-06 06:14:36.228 10629 10640 I art     : Explicit concurrent mark sweep GC freed 1345(78KB) AllocSpace objects, 1(20KB) LOS objects, 22% free, 53MB/69MB, paused 748us total 34.065ms
08-06 06:14:36.240 10629 10640 I art     : Starting a blocking GC Explicit
08-06 06:14:36.266 10629 10640 I art     : Explicit concurrent mark sweep GC freed 20(704B) AllocSpace objects, 0(0B) LOS objects, 22% free, 53MB/69MB, paused 569us total 25.435ms
08-06 06:14:36.276 10629 10640 I art     : Starting a blocking GC Explicit
08-06 06:14:36.301 10629 10640 I art     : Explicit concurrent mark sweep GC freed 3(96B) AllocSpace objects, 0(0B) LOS objects, 22% free, 53MB/69MB, paused 541us total 25.541ms
08-06 06:14:36.311 10629 10640 I art     : Starting a blocking GC Explicit
08-06 06:14:36.336 10629 10640 I art     : Explicit concurrent mark sweep GC freed 3(96B) AllocSpace objects, 0(0B) LOS objects, 22% free, 53MB/69MB, paused 557us total 25.181ms
08-06 06:14:36.346 10629 10640 I art     : Starting a blocking GC Explicit
08-06 06:14:36.372 10629 10640 I art     : Explicit concurrent mark sweep GC freed 3(96B) AllocSpace objects, 0(0B) LOS objects, 22% free, 53MB/69MB, paused 556us total 25.792ms
08-06 06:14:36.402   918  3261 D WifiStateMachine: starting scan for "H369AA63323"WPA_PSK with 2412,5180
08-06 06:14:36.507   518   646 I ThermalEngine: ACTION: GPU - Setting GPU[0] to 450000000
08-06 06:14:36.693 10629 10642 I art     : Starting a blocking GC Explicit
08-06 06:14:36.737 10629 10642 I art     : Explicit concurrent mark sweep GC freed 1344(78KB) AllocSpace objects, 1(20KB) LOS objects, 22% free, 53MB/69MB, paused 789us total 43.713ms
08-06 06:14:36.752 10629 10642 I art     : Starting a blocking GC Explicit
08-06 06:14:36.785 10629 10642 I art     : Explicit concurrent mark sweep GC freed 20(704B) AllocSpace objects, 0(0B) LOS objects, 22% free, 53MB/69MB, paused 756us total 32.463ms
08-06 06:14:36.797 10629 10642 I art     : Starting a blocking GC Explicit
08-06 06:14:36.832 10629 10642 I art     : Explicit concurrent mark sweep GC freed 3(96B) AllocSpace objects, 0(0B) LOS objects, 22% free, 53MB/69MB, paused 743us total 34.241ms
08-06 06:14:36.844 10629 10642 I art     : Starting a blocking GC Explicit
08-06 06:14:36.879 10629 10642 I art     : Explicit concurrent mark sweep GC freed 3(96B) AllocSpace objects, 0(0B) LOS objects, 22% free, 53MB/69MB, paused 764us total 34.759ms
08-06 06:14:36.891 10629 10642 I art     : Starting a blocking GC Explicit
08-06 06:14:36.924 10629 10642 I art     : Explicit concurrent mark sweep GC freed 3(96B) AllocSpace objects, 0(0B) LOS objects, 22% free, 53MB/69MB, paused 755us total 32.784ms
08-06 06:14:37.269 10629 11112 I art     : Starting a blocking GC Explicit
08-06 06:14:37.307 10629 11112 I art     : Explicit concurrent mark sweep GC freed 1344(78KB) AllocSpace objects, 1(20KB) LOS objects, 22% free, 53MB/69MB, paused 778us total 37.235ms
08-06 06:14:37.321 10629 11112 I art     : Starting a blocking GC Explicit
08-06 06:14:37.357 10629 11112 I art     : Explicit concurrent mark sweep GC freed 20(704B) AllocSpace objects, 0(0B) LOS objects, 22% free, 53MB/69MB, paused 818us total 35.366ms
08-06 06:14:37.369 10629 11112 I art     : Starting a blocking GC Explicit
08-06 06:14:37.402 10629 11112 I art     : Explicit concurrent mark sweep GC freed 3(96B) AllocSpace objects, 0(0B) LOS objects, 22% free, 53MB/69MB, paused 745us total 32.978ms
08-06 06:14:37.415 10629 11112 I art     : Starting a blocking GC Explicit
08-06 06:14:37.449 10629 11112 I art     : Explicit concurrent mark sweep GC freed 3(96B) AllocSpace objects, 0(0B) LOS objects, 22% free, 53MB/69MB, paused 761us total 34.468ms
08-06 06:14:37.461 10629 11112 I art     : Starting a blocking GC Explicit
08-06 06:14:37.496 10629 11112 I art     : Explicit concurrent mark sweep GC freed 3(96B) AllocSpace objects, 0(0B) LOS objects, 22% free, 53MB/69MB, paused 705us total 34.066ms
08-06 06:14:37.511   518   646 I ThermalEngine: ACTION: GPU - Setting GPU[0] to 510000000
08-06 06:14:37.814 10629 10716 I art     : Starting a blocking GC Explicit
08-06 06:14:37.846 10629 10716 I art     : Explicit concurrent mark sweep GC freed 1344(78KB) AllocSpace objects, 1(20KB) LOS objects, 22% free, 53MB/69MB, paused 590us total 31.534ms
08-06 06:14:37.859 10629 10716 I art     : Starting a blocking GC Explicit
08-06 06:14:37.883 10629 10716 I art     : Explicit concurrent mark sweep GC freed 20(704B) AllocSpace objects, 0(0B) LOS objects, 22% free, 53MB/69MB, paused 540us total 24.168ms
08-06 06:14:37.893 10629 10716 I art     : Starting a blocking GC Explicit
08-06 06:14:37.905 13866 13882 I PeriodicStatsRunner: PeriodicStatsRunner.call():175 call()
08-06 06:14:37.905 13866 13882 I PeriodicStatsRunner: PeriodicStatsRunner.call():179 No submit PeriodicStats since input started.
08-06 06:14:37.918 10629 10716 I art     : Explicit concurrent mark sweep GC freed 3(96B) AllocSpace objects, 0(0B) LOS objects, 22% free, 53MB/69MB, paused 574us total 24.789ms
08-06 06:14:37.927 10629 10716 I art     : Starting a blocking GC Explicit
08-06 06:14:37.952 10629 10716 I art     : Explicit concurrent mark sweep GC freed 3(96B) AllocSpace objects, 0(0B) LOS objects, 22% free, 53MB/69MB, paused 556us total 24.964ms
08-06 06:14:37.961 10629 10716 I art     : Starting a blocking GC Explicit
08-06 06:14:37.987 10629 10716 I art     : Explicit concurrent mark sweep GC freed 3(96B) AllocSpace objects, 0(0B) LOS objects, 22% free, 53MB/69MB, paused 614us total 25.273ms
08-06 06:14:38.304 10629 11773 I art     : Starting a blocking GC Explicit
08-06 06:14:38.336 10629 11773 I art     : Explicit concurrent mark sweep GC freed 1344(78KB) AllocSpace objects, 1(20KB) LOS objects, 22% free, 53MB/69MB, paused 594us total 31.777ms
08-06 06:14:38.350 10629 11773 I art     : Starting a blocking GC Explicit
08-06 06:14:38.376 10629 11773 I art     : Explicit concurrent mark sweep GC freed 20(704B) AllocSpace objects, 0(0B) LOS objects, 22% free, 53MB/69MB, paused 549us total 26.541ms
08-06 06:14:38.386 10629 11773 I art     : Starting a blocking GC Explicit
08-06 06:14:38.411 10629 11773 I art     : Explicit concurrent mark sweep GC freed 3(96B) AllocSpace objects, 0(0B) LOS objects, 22% free, 53MB/69MB, paused 562us total 24.983ms
08-06 06:14:38.420 10629 11773 I art     : Starting a blocking GC Explicit
08-06 06:14:38.446 10629 11773 I art     : Explicit concurrent mark sweep GC freed 3(96B) AllocSpace objects, 0(0B) LOS objects, 22% free, 53MB/69MB, paused 558us total 25.252ms
08-06 06:14:38.455 10629 11773 I art     : Starting a blocking GC Explicit
08-06 06:14:38.481 10629 11773 I art     : Explicit concurrent mark sweep GC freed 3(96B) AllocSpace objects, 0(0B) LOS objects, 22% free, 53MB/69MB, paused 558us total 25.185ms
08-06 06:14:38.793 10629 10640 I art     : Starting a blocking GC Explicit
08-06 06:14:38.824 10629 10640 I art     : Explicit concurrent mark sweep GC freed 1344(78KB) AllocSpace objects, 1(20KB) LOS objects, 22% free, 53MB/69MB, paused 615us total 31.211ms
08-06 06:14:38.835 10629 10640 I art     : Starting a blocking GC Explicit
08-06 06:14:38.860 10629 10640 I art     : Explicit concurrent mark sweep GC freed 20(704B) AllocSpace objects, 0(0B) LOS objects, 22% free, 53MB/69MB, paused 530us total 24.754ms
08-06 06:14:38.870 10629 10640 I art     : Starting a blocking GC Explicit
08-06 06:14:38.893 10629 10640 I art     : Explicit concurrent mark sweep GC freed 3(96B) AllocSpace objects, 0(0B) LOS objects, 22% free, 53MB/69MB, paused 792us total 23.380ms
08-06 06:14:38.902 10629 10640 I art     : Starting a blocking GC Explicit
08-06 06:14:38.925 10629 10640 I art     : Explicit concurrent mark sweep GC freed 3(96B) AllocSpace objects, 0(0B) LOS objects, 22% free, 53MB/69MB, paused 588us total 22.694ms
08-06 06:14:38.934 10629 10640 I art     : Starting a blocking GC Explicit
08-06 06:14:38.957 10629 10640 I art     : Explicit concurrent mark sweep GC freed 3(96B) AllocSpace objects, 0(0B) LOS objects, 22% free, 53MB/69MB, paused 610us total 23.060ms
08-06 06:14:39.258 10629 10642 I art     : Starting a blocking GC Explicit
08-06 06:14:39.288 10629 10642 I art     : Explicit concurrent mark sweep GC freed 1344(78KB) AllocSpace objects, 1(20KB) LOS objects, 22% free, 53MB/69MB, paused 581us total 29.667ms
08-06 06:14:39.298 10629 10642 I art     : Starting a blocking GC Explicit
08-06 06:14:39.298 14202 14202 D AndroidRuntime: >>>>>> START com.android.internal.os.RuntimeInit uid 2000 <<<<<<
08-06 06:14:39.303 14202 14202 D AndroidRuntime: CheckJNI is OFF
08-06 06:14:39.323 10629 10642 I art     : Explicit concurrent mark sweep GC freed 20(704B) AllocSpace objects, 0(0B) LOS objects, 22% free, 53MB/69MB, paused 553us total 24.467ms
08-06 06:14:39.331 10629 10642 I art     : Starting a blocking GC Explicit
08-06 06:14:39.340 14202 14202 D ICU     : No timezone override file found: /data/misc/zoneinfo/current/icu/icu_tzdata.dat
08-06 06:14:39.355 10629 10642 I art     : Explicit concurrent mark sweep GC freed 3(96B) AllocSpace objects, 0(0B) LOS objects, 22% free, 53MB/69MB, paused 563us total 23.469ms
08-06 06:14:39.364 10629 10642 I art     : Starting a blocking GC Explicit
08-06 06:14:39.376 14202 14202 I Radio-JNI: register_android_hardware_Radio DONE
08-06 06:14:39.387 10629 10642 I art     : Explicit concurrent mark sweep GC freed 3(96B) AllocSpace objects, 0(0B) LOS objects, 22% free, 53MB/69MB, paused 580us total 23.453ms
08-06 06:14:39.396 10629 10642 I art     : Starting a blocking GC Explicit
08-06 06:14:39.398 14202 14202 D AndroidRuntime: Calling main entry com.android.commands.input.Input
08-06 06:14:39.400 14202 14202 I Input   : injectKeyEvent: KeyEvent { action=ACTION_DOWN, keyCode=KEYCODE_BACK, scanCode=0, metaState=0, flags=0x0, repeatCount=0, eventTime=857695813, downTime=857695813, deviceId=-1, source=0x101 }
08-06 06:14:39.405 14202 14202 I Input   : injectKeyEvent: KeyEvent { action=ACTION_UP, keyCode=KEYCODE_BACK, scanCode=0, metaState=0, flags=0x0, repeatCount=0, eventTime=857695813, downTime=857695813, deviceId=-1, source=0x101 }
08-06 06:14:39.412 14202 14202 D AndroidRuntime: Shutting down VM
08-06 06:14:39.419 10629 10642 I art     : Explicit concurrent mark sweep GC freed 94(4KB) AllocSpace objects, 0(0B) LOS objects, 22% free, 53MB/69MB, paused 720us total 22.899ms
08-06 06:14:39.448 13866 13866 I GoogleInputMethodServic: GoogleInputMethodService.onFinishInput():3138 
08-06 06:14:39.449 13866 13866 I GoogleInputMethodServic: GoogleInputMethodService.onStartInput():1808 
08-06 06:14:39.704 10629 10642 I art     : Starting a blocking GC Explicit
08-06 06:14:39.729 13866 13882 I PeriodicStatsRunner: PeriodicStatsRunner.call():175 call()
08-06 06:14:39.730 13866 13882 I PeriodicStatsRunner: PeriodicStatsRunner.call():179 No submit PeriodicStats since input started.
08-06 06:14:39.732 10629 10642 I art     : Explicit concurrent mark sweep GC freed 1435(81KB) AllocSpace objects, 1(20KB) LOS objects, 22% free, 53MB/69MB, paused 511us total 27.715ms
08-06 06:14:39.740   380   380 W SurfaceFlinger: couldn't log to binary event log: overflow.
08-06 06:14:39.743 10629 10642 I art     : Starting a blocking GC Explicit
08-06 06:14:39.767 10629 10642 I art     : Explicit concurrent mark sweep GC freed 132(9KB) AllocSpace objects, 0(0B) LOS objects, 22% free, 53MB/69MB, paused 555us total 24.211ms
08-06 06:14:39.776 10629 10642 I art     : Starting a blocking GC Explicit
08-06 06:14:39.797 10629 10642 I art     : Explicit concurrent mark sweep GC freed 116(6KB) AllocSpace objects, 0(0B) LOS objects, 22% free, 53MB/69MB, paused 584us total 21.747ms
08-06 06:14:39.806 10629 10642 I art     : Starting a blocking GC Explicit
08-06 06:14:39.828 10629 10642 I art     : Explicit concurrent mark sweep GC freed 1543(102KB) AllocSpace objects, 3(180KB) LOS objects, 22% free, 53MB/69MB, paused 529us total 22.349ms
08-06 06:14:39.837 10629 10642 I art     : Starting a blocking GC Explicit
08-06 06:14:39.859 10629 10642 I art     : Explicit concurrent mark sweep GC freed 3(96B) AllocSpace objects, 0(0B) LOS objects, 22% free, 53MB/69MB, paused 619us total 22.377ms
08-06 06:14:40.151 10629 10716 I art     : Starting a blocking GC Explicit
08-06 06:14:40.182 10629 10716 I art     : Explicit concurrent mark sweep GC freed 1344(78KB) AllocSpace objects, 1(20KB) LOS objects, 22% free, 53MB/69MB, paused 612us total 30.942ms
08-06 06:14:40.194 10629 10716 I art     : Starting a blocking GC Explicit
08-06 06:14:40.219 10629 10716 I art     : Explicit concurrent mark sweep GC freed 20(704B) AllocSpace objects, 0(0B) LOS objects, 22% free, 53MB/69MB, paused 553us total 24.917ms
08-06 06:14:40.229 10629 10716 I art     : Starting a blocking GC Explicit
08-06 06:14:40.254 10629 10716 I art     : Explicit concurrent mark sweep GC freed 3(96B) AllocSpace objects, 0(0B) LOS objects, 22% free, 53MB/69MB, paused 555us total 25.482ms
08-06 06:14:40.264 10629 10716 I art     : Starting a blocking GC Explicit
08-06 06:14:40.289 10629 10716 I art     : Explicit concurrent mark sweep GC freed 3(96B) AllocSpace objects, 0(0B) LOS objects, 22% free, 53MB/69MB, paused 565us total 25.244ms
08-06 06:14:40.299 10629 10716 I art     : Starting a blocking GC Explicit
08-06 06:14:40.324 10629 10716 I art     : Explicit concurrent mark sweep GC freed 3(96B) AllocSpace objects, 0(0B) LOS objects, 22% free, 53MB/69MB, paused 557us total 24.801ms
08-06 06:14:40.610 10629 11112 I art     : Starting a blocking GC Explicit
08-06 06:14:40.641 10629 11112 I art     : Explicit concurrent mark sweep GC freed 1344(78KB) AllocSpace objects, 1(20KB) LOS objects, 22% free, 53MB/69MB, paused 562us total 30.492ms
08-06 06:14:40.655 10629 11112 I art     : Starting a blocking GC Explicit
08-06 06:14:40.683 10629 11112 I art     : Explicit concurrent mark sweep GC freed 20(704B) AllocSpace objects, 0(0B) LOS objects, 22% free, 53MB/69MB, paused 578us total 27.471ms
08-06 06:14:40.692 10629 11112 I art     : Starting a blocking GC Explicit
08-06 06:14:40.715 10629 11112 I art     : Explicit concurrent mark sweep GC freed 3(96B) AllocSpace objects, 0(0B) LOS objects, 22% free, 53MB/69MB, paused 536us total 22.618ms
08-06 06:14:40.723 10629 11112 I art     : Starting a blocking GC Explicit
08-06 06:14:40.746 10629 11112 I art     : Explicit concurrent mark sweep GC freed 3(96B) AllocSpace objects, 0(0B) LOS objects, 22% free, 53MB/69MB, paused 548us total 22.436ms
08-06 06:14:40.755 10629 11112 I art     : Starting a blocking GC Explicit
08-06 06:14:40.778 10629 11112 I art     : Explicit concurrent mark sweep GC freed 3(96B) AllocSpace objects, 0(0B) LOS objects, 22% free, 53MB/69MB, paused 556us total 23.333ms
08-06 06:14:41.053 10629 11773 I art     : Starting a blocking GC Explicit
08-06 06:14:41.069 14256 14256 D AndroidRuntime: >>>>>> START com.android.internal.os.RuntimeInit uid 2000 <<<<<<
08-06 06:14:41.076 14256 14256 D AndroidRuntime: CheckJNI is OFF
08-06 06:14:41.083 10629 11773 I art     : Explicit concurrent mark sweep GC freed 1344(78KB) AllocSpace objects, 1(20KB) LOS objects, 22% free, 53MB/69MB, paused 730us total 29.635ms
08-06 06:14:41.095 10629 11773 I art     : Starting a blocking GC Explicit
08-06 06:14:41.114 14256 14256 D ICU     : No timezone override file found: /data/misc/zoneinfo/current/icu/icu_tzdata.dat
08-06 06:14:41.118 10629 11773 I art     : Explicit concurrent mark sweep GC freed 23(800B) AllocSpace objects, 0(0B) LOS objects, 22% free, 53MB/69MB, paused 553us total 22.936ms
08-06 06:14:41.127 10629 11773 I art     : Starting a blocking GC Explicit
08-06 06:14:41.149 14256 14256 I Radio-JNI: register_android_hardware_Radio DONE
08-06 06:14:41.151 10629 11773 I art     : Explicit concurrent mark sweep GC freed 13(608B) AllocSpace objects, 0(0B) LOS objects, 22% free, 53MB/69MB, paused 559us total 23.180ms
08-06 06:14:41.159 10629 11773 I art     : Starting a blocking GC Explicit
08-06 06:14:41.172 14256 14256 D AndroidRuntime: Calling main entry com.android.commands.input.Input
08-06 06:14:41.174 14256 14256 I Input   : injectMotionEvent: MotionEvent { action=ACTION_DOWN, actionButton=0, id[0]=0, x[0]=255.0, y[0]=1845.0, toolType[0]=TOOL_TYPE_UNKNOWN, buttonState=0, metaState=0, flags=0x0, edgeFlags=0x0, pointerCount=1, historySize=0, eventTime=857697586, downTime=857697586, deviceId=0, source=0x1002 }
08-06 06:14:41.179 14256 14256 I Input   : injectMotionEvent: MotionEvent { action=ACTION_UP, actionButton=0, id[0]=0, x[0]=255.0, y[0]=1845.0, toolType[0]=TOOL_TYPE_UNKNOWN, buttonState=0, metaState=0, flags=0x0, edgeFlags=0x0, pointerCount=1, historySize=0, eventTime=857697586, downTime=857697586, deviceId=0, source=0x1002 }
08-06 06:14:41.181   918  5132 I ActivityManager: START u0 {cmp=baseline.appteam.nith.hillffair/.activities.ClubActivity (has extras)} from uid 10697 on display 0
08-06 06:14:41.182 10629 11773 I art     : Explicit concurrent mark sweep GC freed 17(528B) AllocSpace objects, 0(0B) LOS objects, 22% free, 53MB/69MB, paused 733us total 22.675ms
08-06 06:14:41.187 14256 14256 D AndroidRuntime: Shutting down VM
08-06 06:14:41.191 10629 11773 I art     : Starting a blocking GC Explicit
08-06 06:14:41.217 10629 11773 I art     : Explicit concurrent mark sweep GC freed 2475(129KB) AllocSpace objects, 0(0B) LOS objects, 22% free, 53MB/69MB, paused 896us total 25.741ms
08-06 06:14:41.278 10629 10629 I NAPPA_EXPERIMENTATION: MetricNetworkRequestExecutionTime: REQUEST_DURATION_SYSTEM='64',REQUEST_DURATION_OKHTTP='36',REQUEST_SYNCHRONOUS='FALSE',RESPONSE_CODE='200',RESPONSE_METHOD='GET',RESPONSE_LENGTH_OKHTTP='1171',RESPONSE_LENGTH_HEADER='-2',REQUEST_PROTOCOL='http/1.1',REQUEST_URL='https://api-hillfair-2k16.herokuapp.com/api/app/club/Technical%20Committee',
08-06 06:14:41.286 13866 13866 I GoogleInputMethodServic: GoogleInputMethodService.onFinishInput():3138 
08-06 06:14:41.286   918   936 I ActivityManager: Displayed baseline.appteam.nith.hillffair/.activities.ClubActivity: +98ms
08-06 06:14:41.287 13866 13866 I GoogleInputMethodServic: GoogleInputMethodService.onStartInput():1808 
08-06 06:14:41.474 10629 11773 I art     : Starting a blocking GC Explicit
08-06 06:14:41.509 10629 11773 I art     : Explicit concurrent mark sweep GC freed 3414(293KB) AllocSpace objects, 1(20KB) LOS objects, 22% free, 53MB/69MB, paused 597us total 34.915ms
08-06 06:14:41.521 10629 11773 I art     : Starting a blocking GC Explicit
08-06 06:14:41.525   380   380 W SurfaceFlinger: couldn't log to binary event log: overflow.
08-06 06:14:41.547 10629 11773 I art     : Explicit concurrent mark sweep GC freed 150(5KB) AllocSpace objects, 0(0B) LOS objects, 22% free, 53MB/69MB, paused 595us total 25.643ms
08-06 06:14:41.556 10629 11773 I art     : Starting a blocking GC Explicit
08-06 06:14:41.578 10629 11773 I art     : Explicit concurrent mark sweep GC freed 3(96B) AllocSpace objects, 0(0B) LOS objects, 22% free, 53MB/69MB, paused 502us total 21.367ms
08-06 06:14:41.586 10629 11773 I art     : Starting a blocking GC Explicit
08-06 06:14:41.607 10629 11773 I art     : Explicit concurrent mark sweep GC freed 3(96B) AllocSpace objects, 0(0B) LOS objects, 22% free, 53MB/69MB, paused 583us total 20.981ms
08-06 06:14:41.618 10629 11773 I art     : Starting a blocking GC Explicit
08-06 06:14:41.641 10629 11773 I art     : Explicit concurrent mark sweep GC freed 3(96B) AllocSpace objects, 0(0B) LOS objects, 22% free, 53MB/69MB, paused 495us total 22.839ms
08-06 06:14:41.921 10629 10716 I art     : Starting a blocking GC Explicit
08-06 06:14:41.953 10629 10716 I art     : Explicit concurrent mark sweep GC freed 1444(84KB) AllocSpace objects, 1(20KB) LOS objects, 22% free, 53MB/69MB, paused 622us total 31.472ms
08-06 06:14:41.966 10629 10716 I art     : Starting a blocking GC Explicit
08-06 06:14:41.995 10629 10716 I art     : Explicit concurrent mark sweep GC freed 36(1264B) AllocSpace objects, 0(0B) LOS objects, 22% free, 53MB/69MB, paused 569us total 28.236ms
08-06 06:14:42.004 10629 10716 I art     : Starting a blocking GC Explicit
08-06 06:14:42.030 10629 10716 I art     : Explicit concurrent mark sweep GC freed 3(96B) AllocSpace objects, 0(0B) LOS objects, 22% free, 53MB/69MB, paused 555us total 25.672ms
08-06 06:14:42.040 10629 10716 I art     : Starting a blocking GC Explicit
08-06 06:14:42.066 10629 10716 I art     : Explicit concurrent mark sweep GC freed 3(96B) AllocSpace objects, 0(0B) LOS objects, 22% free, 53MB/69MB, paused 559us total 25.670ms
08-06 06:14:42.075 10629 10716 I art     : Starting a blocking GC Explicit
08-06 06:14:42.100 10629 10716 I art     : Explicit concurrent mark sweep GC freed 3(96B) AllocSpace objects, 0(0B) LOS objects, 22% free, 53MB/69MB, paused 538us total 24.484ms
08-06 06:14:42.407 10629 11773 I art     : Starting a blocking GC Explicit
08-06 06:14:42.442 10629 11773 I art     : Explicit concurrent mark sweep GC freed 1344(78KB) AllocSpace objects, 1(20KB) LOS objects, 22% free, 53MB/69MB, paused 598us total 34.629ms
08-06 06:14:42.455 10629 11773 I art     : Starting a blocking GC Explicit
08-06 06:14:42.481 10629 11773 I art     : Explicit concurrent mark sweep GC freed 20(704B) AllocSpace objects, 0(0B) LOS objects, 22% free, 53MB/69MB, paused 566us total 25.800ms
08-06 06:14:42.490 10629 11773 I art     : Starting a blocking GC Explicit
08-06 06:14:42.515 10629 11773 I art     : Explicit concurrent mark sweep GC freed 3(96B) AllocSpace objects, 0(0B) LOS objects, 22% free, 53MB/69MB, paused 544us total 24.951ms
08-06 06:14:42.525 10629 11773 I art     : Starting a blocking GC Explicit
08-06 06:14:42.550 10629 11773 I art     : Explicit concurrent mark sweep GC freed 3(96B) AllocSpace objects, 0(0B) LOS objects, 22% free, 53MB/69MB, paused 554us total 25.079ms
08-06 06:14:42.559 10629 11773 I art     : Starting a blocking GC Explicit
08-06 06:14:42.585 10629 11773 I art     : Explicit concurrent mark sweep GC freed 3(96B) AllocSpace objects, 0(0B) LOS objects, 22% free, 53MB/69MB, paused 571us total 25.369ms
08-06 06:14:42.872 10629 11112 I art     : Starting a blocking GC Explicit
08-06 06:14:42.902 10629 11112 I art     : Explicit concurrent mark sweep GC freed 1344(78KB) AllocSpace objects, 1(20KB) LOS objects, 22% free, 53MB/69MB, paused 649us total 29.736ms
08-06 06:14:42.915 10629 11112 I art     : Starting a blocking GC Explicit
08-06 06:14:42.940 10629 11112 I art     : Explicit concurrent mark sweep GC freed 20(704B) AllocSpace objects, 0(0B) LOS objects, 22% free, 53MB/69MB, paused 561us total 25.122ms
08-06 06:14:42.949 10629 11112 I art     : Starting a blocking GC Explicit
08-06 06:14:42.974 10629 11112 I art     : Explicit concurrent mark sweep GC freed 3(96B) AllocSpace objects, 0(0B) LOS objects, 22% free, 53MB/69MB, paused 570us total 24.966ms
08-06 06:14:42.984 10629 11112 I art     : Starting a blocking GC Explicit
08-06 06:14:43.009 10629 11112 I art     : Explicit concurrent mark sweep GC freed 3(96B) AllocSpace objects, 0(0B) LOS objects, 22% free, 53MB/69MB, paused 552us total 25.007ms
08-06 06:14:43.018 10629 11112 I art     : Starting a blocking GC Explicit
08-06 06:14:43.044 10629 11112 I art     : Explicit concurrent mark sweep GC freed 3(96B) AllocSpace objects, 0(0B) LOS objects, 22% free, 53MB/69MB, paused 563us total 25.600ms
08-06 06:14:43.362 10629 10642 I art     : Starting a blocking GC Explicit
08-06 06:14:43.397 10629 10642 I art     : Explicit concurrent mark sweep GC freed 1344(78KB) AllocSpace objects, 1(20KB) LOS objects, 22% free, 53MB/69MB, paused 677us total 35.089ms
08-06 06:14:43.412 10629 10642 I art     : Starting a blocking GC Explicit
08-06 06:14:43.443 10629 10642 I art     : Explicit concurrent mark sweep GC freed 20(704B) AllocSpace objects, 0(0B) LOS objects, 22% free, 53MB/69MB, paused 608us total 30.751ms
08-06 06:14:43.454 10629 10642 I art     : Starting a blocking GC Explicit
08-06 06:14:43.479 10629 10642 I art     : Explicit concurrent mark sweep GC freed 3(96B) AllocSpace objects, 0(0B) LOS objects, 22% free, 53MB/69MB, paused 580us total 25.545ms
08-06 06:14:43.489 10629 10642 I art     : Starting a blocking GC Explicit
08-06 06:14:43.514 10629 10642 I art     : Explicit concurrent mark sweep GC freed 3(96B) AllocSpace objects, 0(0B) LOS objects, 22% free, 53MB/69MB, paused 557us total 25.021ms
08-06 06:14:43.524 10629 10642 I art     : Starting a blocking GC Explicit
08-06 06:14:43.549 10629 10642 I art     : Explicit concurrent mark sweep GC freed 3(96B) AllocSpace objects, 0(0B) LOS objects, 22% free, 53MB/69MB, paused 562us total 25.135ms
08-06 06:14:43.894 10629 10640 I art     : Starting a blocking GC Explicit
08-06 06:14:43.928 10629 10640 I art     : Explicit concurrent mark sweep GC freed 1344(78KB) AllocSpace objects, 1(20KB) LOS objects, 22% free, 53MB/69MB, paused 785us total 33.891ms
08-06 06:14:43.940 10629 10640 I art     : Starting a blocking GC Explicit
08-06 06:14:43.966 10629 10640 I art     : Explicit concurrent mark sweep GC freed 20(704B) AllocSpace objects, 0(0B) LOS objects, 22% free, 53MB/69MB, paused 550us total 25.699ms
08-06 06:14:43.976 10629 10640 I art     : Starting a blocking GC Explicit
08-06 06:14:44.001 10629 10640 I art     : Explicit concurrent mark sweep GC freed 3(96B) AllocSpace objects, 0(0B) LOS objects, 22% free, 53MB/69MB, paused 531us total 25.238ms
08-06 06:14:44.010 10629 10640 I art     : Starting a blocking GC Explicit
08-06 06:14:44.036 10629 10640 I art     : Explicit concurrent mark sweep GC freed 3(96B) AllocSpace objects, 0(0B) LOS objects, 22% free, 53MB/69MB, paused 551us total 25.386ms
08-06 06:14:44.045 10629 10640 I art     : Starting a blocking GC Explicit
08-06 06:14:44.071 10629 10640 I art     : Explicit concurrent mark sweep GC freed 3(96B) AllocSpace objects, 0(0B) LOS objects, 22% free, 53MB/69MB, paused 560us total 25.884ms
08-06 06:14:44.393 10629 10716 I art     : Starting a blocking GC Explicit
08-06 06:14:44.426 10629 10716 I art     : Explicit concurrent mark sweep GC freed 1344(78KB) AllocSpace objects, 1(20KB) LOS objects, 22% free, 53MB/69MB, paused 597us total 31.945ms
08-06 06:14:44.438 10629 10716 I art     : Starting a blocking GC Explicit
08-06 06:14:44.449 13866 13882 I PeriodicStatsRunner: PeriodicStatsRunner.call():175 call()
08-06 06:14:44.449 13866 13882 I PeriodicStatsRunner: PeriodicStatsRunner.call():179 No submit PeriodicStats since input started.
08-06 06:14:44.464 10629 10716 I art     : Explicit concurrent mark sweep GC freed 20(704B) AllocSpace objects, 0(0B) LOS objects, 22% free, 53MB/69MB, paused 548us total 25.396ms
08-06 06:14:44.474 10629 10716 I art     : Starting a blocking GC Explicit
08-06 06:14:44.499 10629 10716 I art     : Explicit concurrent mark sweep GC freed 3(96B) AllocSpace objects, 0(0B) LOS objects, 22% free, 53MB/69MB, paused 555us total 25.667ms
08-06 06:14:44.509 10629 10716 I art     : Starting a blocking GC Explicit
08-06 06:14:44.534 10629 10716 I art     : Explicit concurrent mark sweep GC freed 3(96B) AllocSpace objects, 0(0B) LOS objects, 22% free, 53MB/69MB, paused 543us total 25.171ms
08-06 06:14:44.544 10629 10716 I art     : Starting a blocking GC Explicit
08-06 06:14:44.570 10629 10716 I art     : Explicit concurrent mark sweep GC freed 3(96B) AllocSpace objects, 0(0B) LOS objects, 22% free, 53MB/69MB, paused 556us total 25.576ms
08-06 06:14:44.902 10629 11773 I art     : Starting a blocking GC Explicit
08-06 06:14:44.938 10629 11773 I art     : Explicit concurrent mark sweep GC freed 1344(78KB) AllocSpace objects, 1(20KB) LOS objects, 22% free, 53MB/69MB, paused 655us total 35.499ms
08-06 06:14:44.951 10629 11773 I art     : Starting a blocking GC Explicit
08-06 06:14:44.976 10629 11773 I art     : Explicit concurrent mark sweep GC freed 20(704B) AllocSpace objects, 0(0B) LOS objects, 22% free, 53MB/69MB, paused 541us total 25.055ms
08-06 06:14:44.986 10629 11773 I art     : Starting a blocking GC Explicit
08-06 06:14:45.012 10629 11773 I art     : Explicit concurrent mark sweep GC freed 3(96B) AllocSpace objects, 0(0B) LOS objects, 22% free, 53MB/69MB, paused 556us total 25.829ms
08-06 06:14:45.021 10629 11773 I art     : Starting a blocking GC Explicit
08-06 06:14:45.047 10629 11773 I art     : Explicit concurrent mark sweep GC freed 3(96B) AllocSpace objects, 0(0B) LOS objects, 22% free, 53MB/69MB, paused 643us total 25.718ms
08-06 06:14:45.057 10629 11773 I art     : Starting a blocking GC Explicit
08-06 06:14:45.082 10629 11773 I art     : Explicit concurrent mark sweep GC freed 3(96B) AllocSpace objects, 0(0B) LOS objects, 22% free, 53MB/69MB, paused 557us total 25.568ms
08-06 06:14:45.406 10629 11112 I art     : Starting a blocking GC Explicit
08-06 06:14:45.436 10629 11112 I art     : Explicit concurrent mark sweep GC freed 1344(78KB) AllocSpace objects, 1(20KB) LOS objects, 22% free, 53MB/69MB, paused 548us total 30.523ms
08-06 06:14:45.446 10629 11112 I art     : Starting a blocking GC Explicit
08-06 06:14:45.468 10629 11112 I art     : Explicit concurrent mark sweep GC freed 20(704B) AllocSpace objects, 0(0B) LOS objects, 22% free, 53MB/69MB, paused 524us total 21.523ms
08-06 06:14:45.476 10629 11112 I art     : Starting a blocking GC Explicit
08-06 06:14:45.500 10629 11112 I art     : Explicit concurrent mark sweep GC freed 3(96B) AllocSpace objects, 0(0B) LOS objects, 22% free, 53MB/69MB, paused 563us total 23.387ms
08-06 06:14:45.509 10629 11112 I art     : Starting a blocking GC Explicit
08-06 06:14:45.532 10629 11112 I art     : Explicit concurrent mark sweep GC freed 3(96B) AllocSpace objects, 0(0B) LOS objects, 22% free, 53MB/69MB, paused 575us total 22.940ms
08-06 06:14:45.541 10629 11112 I art     : Starting a blocking GC Explicit
08-06 06:14:45.564 10629 11112 I art     : Explicit concurrent mark sweep GC freed 3(96B) AllocSpace objects, 0(0B) LOS objects, 22% free, 53MB/69MB, paused 543us total 23.680ms
08-06 06:14:45.842 14371 14371 D AndroidRuntime: >>>>>> START com.android.internal.os.RuntimeInit uid 2000 <<<<<<
08-06 06:14:45.847 14371 14371 D AndroidRuntime: CheckJNI is OFF
08-06 06:14:45.875 10629 10642 I art     : Starting a blocking GC Explicit
08-06 06:14:45.883 14371 14371 D ICU     : No timezone override file found: /data/misc/zoneinfo/current/icu/icu_tzdata.dat
08-06 06:14:45.901 10629 10642 I art     : Explicit concurrent mark sweep GC freed 1344(78KB) AllocSpace objects, 1(20KB) LOS objects, 22% free, 53MB/69MB, paused 611us total 25.355ms
08-06 06:14:45.911 10629 10642 I art     : Starting a blocking GC Explicit
08-06 06:14:45.918 14371 14371 I Radio-JNI: register_android_hardware_Radio DONE
08-06 06:14:45.932 10629 10642 I art     : Explicit concurrent mark sweep GC freed 20(704B) AllocSpace objects, 0(0B) LOS objects, 22% free, 53MB/69MB, paused 528us total 20.384ms
08-06 06:14:45.939 14371 14371 D AndroidRuntime: Calling main entry com.android.commands.input.Input
08-06 06:14:45.940 10629 10642 I art     : Starting a blocking GC Explicit
08-06 06:14:45.940 14371 14371 I Input   : injectKeyEvent: KeyEvent { action=ACTION_DOWN, keyCode=KEYCODE_BACK, scanCode=0, metaState=0, flags=0x0, repeatCount=0, eventTime=857702353, downTime=857702353, deviceId=-1, source=0x101 }
08-06 06:14:45.945 14371 14371 I Input   : injectKeyEvent: KeyEvent { action=ACTION_UP, keyCode=KEYCODE_BACK, scanCode=0, metaState=0, flags=0x0, repeatCount=0, eventTime=857702353, downTime=857702353, deviceId=-1, source=0x101 }
08-06 06:14:45.953 14371 14371 D AndroidRuntime: Shutting down VM
08-06 06:14:45.961 10629 10642 I art     : Explicit concurrent mark sweep GC freed 137(6KB) AllocSpace objects, 0(0B) LOS objects, 22% free, 53MB/69MB, paused 559us total 21.242ms
08-06 06:14:45.970 10629 10642 I art     : Starting a blocking GC Explicit
08-06 06:14:45.984 13866 13866 I GoogleInputMethodServic: GoogleInputMethodService.onFinishInput():3138 
08-06 06:14:45.984 13866 13866 I GoogleInputMethodServic: GoogleInputMethodService.onStartInput():1808 
08-06 06:14:45.990 10629 10642 I art     : Explicit concurrent mark sweep GC freed 15(512B) AllocSpace objects, 0(0B) LOS objects, 22% free, 53MB/69MB, paused 493us total 20.355ms
08-06 06:14:45.998 10629 10642 I art     : Starting a blocking GC Explicit
08-06 06:14:46.021 10629 10642 I art     : Explicit concurrent mark sweep GC freed 38(1376B) AllocSpace objects, 0(0B) LOS objects, 22% free, 53MB/69MB, paused 511us total 21.897ms
08-06 06:14:46.277 10629 10716 I art     : Starting a blocking GC Explicit
08-06 06:14:46.287 13866 13882 I PeriodicStatsRunner: PeriodicStatsRunner.call():175 call()
08-06 06:14:46.287 13866 13882 I PeriodicStatsRunner: PeriodicStatsRunner.call():179 No submit PeriodicStats since input started.
08-06 06:14:46.297   380   380 W SurfaceFlinger: couldn't log to binary event log: overflow.
08-06 06:14:46.301 10629 10716 I art     : Explicit concurrent mark sweep GC freed 1437(86KB) AllocSpace objects, 1(20KB) LOS objects, 22% free, 53MB/69MB, paused 538us total 23.489ms
08-06 06:14:46.311 10629 10716 I art     : Starting a blocking GC Explicit
08-06 06:14:46.334 10629 10716 I art     : Explicit concurrent mark sweep GC freed 43(1840B) AllocSpace objects, 0(0B) LOS objects, 22% free, 53MB/69MB, paused 519us total 21.200ms
08-06 06:14:46.342 10629 10716 I art     : Starting a blocking GC Explicit
08-06 06:14:46.365 10629 10716 I art     : Explicit concurrent mark sweep GC freed 1654(108KB) AllocSpace objects, 3(180KB) LOS objects, 22% free, 53MB/69MB, paused 541us total 23.073ms
08-06 06:14:46.374 10629 10716 I art     : Starting a blocking GC Explicit
08-06 06:14:46.397 10629 10716 I art     : Explicit concurrent mark sweep GC freed 3(96B) AllocSpace objects, 0(0B) LOS objects, 22% free, 53MB/69MB, paused 633us total 23.103ms
08-06 06:14:46.406 10629 10716 I art     : Starting a blocking GC Explicit
08-06 06:14:46.430 10629 10716 I art     : Explicit concurrent mark sweep GC freed 3(96B) AllocSpace objects, 0(0B) LOS objects, 22% free, 53MB/69MB, paused 547us total 23.879ms
08-06 06:14:46.712 10629 11773 I art     : Starting a blocking GC Explicit
08-06 06:14:46.748 10629 11773 I art     : Explicit concurrent mark sweep GC freed 1344(78KB) AllocSpace objects, 1(20KB) LOS objects, 22% free, 53MB/69MB, paused 746us total 34.962ms
08-06 06:14:46.760 10629 11773 I art     : Starting a blocking GC Explicit
08-06 06:14:46.787 10629 11773 I art     : Explicit concurrent mark sweep GC freed 20(704B) AllocSpace objects, 0(0B) LOS objects, 22% free, 53MB/69MB, paused 617us total 26.707ms
08-06 06:14:46.797 10629 11773 I art     : Starting a blocking GC Explicit
08-06 06:14:46.822 10629 11773 I art     : Explicit concurrent mark sweep GC freed 3(96B) AllocSpace objects, 0(0B) LOS objects, 22% free, 53MB/69MB, paused 545us total 24.724ms
08-06 06:14:46.831 10629 11773 I art     : Starting a blocking GC Explicit
08-06 06:14:46.856 10629 11773 I art     : Explicit concurrent mark sweep GC freed 3(96B) AllocSpace objects, 0(0B) LOS objects, 22% free, 53MB/69MB, paused 560us total 24.851ms
08-06 06:14:46.865 10629 11773 I art     : Starting a blocking GC Explicit
08-06 06:14:46.890 10629 11773 I art     : Explicit concurrent mark sweep GC freed 3(96B) AllocSpace objects, 0(0B) LOS objects, 22% free, 53MB/69MB, paused 545us total 24.078ms
08-06 06:14:47.183 10629 10640 I art     : Starting a blocking GC Explicit
08-06 06:14:47.209 10629 10640 I art     : Explicit concurrent mark sweep GC freed 1344(78KB) AllocSpace objects, 1(20KB) LOS objects, 22% free, 53MB/69MB, paused 581us total 26.393ms
08-06 06:14:47.219 10629 10640 I art     : Starting a blocking GC Explicit
08-06 06:14:47.241 10629 10640 I art     : Explicit concurrent mark sweep GC freed 20(704B) AllocSpace objects, 0(0B) LOS objects, 22% free, 53MB/69MB, paused 529us total 21.361ms
08-06 06:14:47.249 10629 10640 I art     : Starting a blocking GC Explicit
08-06 06:14:47.271 10629 10640 I art     : Explicit concurrent mark sweep GC freed 3(96B) AllocSpace objects, 0(0B) LOS objects, 22% free, 53MB/69MB, paused 554us total 22.174ms
08-06 06:14:47.280 10629 10640 I art     : Starting a blocking GC Explicit
08-06 06:14:47.303 10629 10640 I art     : Explicit concurrent mark sweep GC freed 3(96B) AllocSpace objects, 0(0B) LOS objects, 22% free, 53MB/69MB, paused 544us total 23.060ms
08-06 06:14:47.312 10629 10640 I art     : Starting a blocking GC Explicit
08-06 06:14:47.336 10629 10640 I art     : Explicit concurrent mark sweep GC freed 3(96B) AllocSpace objects, 0(0B) LOS objects, 22% free, 53MB/69MB, paused 556us total 23.145ms
08-06 06:14:47.597 14424 14424 D AndroidRuntime: >>>>>> START com.android.internal.os.RuntimeInit uid 2000 <<<<<<
08-06 06:14:47.602 14424 14424 D AndroidRuntime: CheckJNI is OFF
08-06 06:14:47.614 10629 11112 I art     : Starting a blocking GC Explicit
08-06 06:14:47.638 14424 14424 D ICU     : No timezone override file found: /data/misc/zoneinfo/current/icu/icu_tzdata.dat
08-06 06:14:47.638 10629 11112 I art     : Explicit concurrent mark sweep GC freed 1344(78KB) AllocSpace objects, 1(20KB) LOS objects, 22% free, 53MB/69MB, paused 597us total 24.221ms
08-06 06:14:47.648 10629 11112 I art     : Starting a blocking GC Explicit
08-06 06:14:47.671 10629 11112 I art     : Explicit concurrent mark sweep GC freed 20(704B) AllocSpace objects, 0(0B) LOS objects, 22% free, 53MB/69MB, paused 570us total 23.377ms
08-06 06:14:47.676 14424 14424 I Radio-JNI: register_android_hardware_Radio DONE
08-06 06:14:47.680 10629 11112 I art     : Starting a blocking GC Explicit
08-06 06:14:47.698 14424 14424 D AndroidRuntime: Calling main entry com.android.commands.input.Input
08-06 06:14:47.699 14424 14424 I Input   : injectMotionEvent: MotionEvent { action=ACTION_DOWN, actionButton=0, id[0]=0, x[0]=369.0, y[0]=554.0, toolType[0]=TOOL_TYPE_UNKNOWN, buttonState=0, metaState=0, flags=0x0, edgeFlags=0x0, pointerCount=1, historySize=0, eventTime=857704112, downTime=857704112, deviceId=0, source=0x1002 }
08-06 06:14:47.702 10629 11112 I art     : Explicit concurrent mark sweep GC freed 3(96B) AllocSpace objects, 0(0B) LOS objects, 22% free, 53MB/69MB, paused 558us total 21.949ms
08-06 06:14:47.705 14424 14424 I Input   : injectMotionEvent: MotionEvent { action=ACTION_UP, actionButton=0, id[0]=0, x[0]=369.0, y[0]=554.0, toolType[0]=TOOL_TYPE_UNKNOWN, buttonState=0, metaState=0, flags=0x0, edgeFlags=0x0, pointerCount=1, historySize=0, eventTime=857704112, downTime=857704112, deviceId=0, source=0x1002 }
08-06 06:14:47.707   918  6111 I ActivityManager: START u0 {cmp=baseline.appteam.nith.hillffair/.activities.ClubActivity (has extras)} from uid 10697 on display 0
08-06 06:14:47.710 10629 11112 I art     : Starting a blocking GC Explicit
08-06 06:14:47.716 14424 14424 D AndroidRuntime: Shutting down VM
08-06 06:14:47.732 10629 11112 I art     : Explicit concurrent mark sweep GC freed 134(9KB) AllocSpace objects, 0(0B) LOS objects, 22% free, 53MB/69MB, paused 567us total 21.870ms
08-06 06:14:47.741 10629 11112 I art     : Starting a blocking GC Explicit
08-06 06:14:47.765 10629 11112 I art     : Explicit concurrent mark sweep GC freed 3558(262KB) AllocSpace objects, 0(0B) LOS objects, 22% free, 53MB/69MB, paused 568us total 23.729ms
08-06 06:14:47.810 10629 10629 I NAPPA_EXPERIMENTATION: MetricNetworkRequestExecutionTime: REQUEST_DURATION_SYSTEM='61',REQUEST_DURATION_OKHTTP='35',REQUEST_SYNCHRONOUS='FALSE',RESPONSE_CODE='200',RESPONSE_METHOD='GET',RESPONSE_LENGTH_OKHTTP='979',RESPONSE_LENGTH_HEADER='-2',REQUEST_PROTOCOL='http/1.1',REQUEST_URL='https://api-hillfair-2k16.herokuapp.com/api/app/club/PR%20Club',
08-06 06:14:47.815   918   936 I ActivityManager: Displayed baseline.appteam.nith.hillffair/.activities.ClubActivity: +99ms
08-06 06:14:47.816 13866 13866 I GoogleInputMethodServic: GoogleInputMethodService.onFinishInput():3138 
08-06 06:14:47.818 13866 13866 I GoogleInputMethodServic: GoogleInputMethodService.onStartInput():1808 
08-06 06:14:48.028 10629 11112 I art     : Starting a blocking GC Explicit
08-06 06:14:48.049   380   380 W SurfaceFlinger: couldn't log to binary event log: overflow.
08-06 06:14:48.059 10629 11112 I art     : Explicit concurrent mark sweep GC freed 2253(150KB) AllocSpace objects, 1(20KB) LOS objects, 22% free, 53MB/69MB, paused 700us total 31.311ms
08-06 06:14:48.069 10629 11112 I art     : Starting a blocking GC Explicit
08-06 06:14:48.090 10629 11112 I art     : Explicit concurrent mark sweep GC freed 93(3KB) AllocSpace objects, 0(0B) LOS objects, 22% free, 53MB/69MB, paused 499us total 20.963ms
08-06 06:14:48.098 10629 11112 I art     : Starting a blocking GC Explicit
08-06 06:14:48.120 10629 11112 I art     : Explicit concurrent mark sweep GC freed 3(96B) AllocSpace objects, 0(0B) LOS objects, 22% free, 53MB/69MB, paused 504us total 21.363ms
08-06 06:14:48.128 10629 11112 I art     : Starting a blocking GC Explicit
08-06 06:14:48.150 10629 11112 I art     : Explicit concurrent mark sweep GC freed 3(96B) AllocSpace objects, 0(0B) LOS objects, 22% free, 53MB/69MB, paused 577us total 21.441ms
08-06 06:14:48.159 10629 11112 I art     : Starting a blocking GC Explicit
08-06 06:14:48.183 10629 11112 I art     : Explicit concurrent mark sweep GC freed 3(96B) AllocSpace objects, 0(0B) LOS objects, 22% free, 53MB/69MB, paused 677us total 24.063ms
08-06 06:14:48.472 10629 10640 I art     : Starting a blocking GC Explicit
08-06 06:14:48.499 10629 10640 I art     : Explicit concurrent mark sweep GC freed 1444(84KB) AllocSpace objects, 1(20KB) LOS objects, 22% free, 53MB/69MB, paused 680us total 26.809ms
08-06 06:14:48.511 10629 10640 I art     : Starting a blocking GC Explicit
08-06 06:14:48.534 10629 10640 I art     : Explicit concurrent mark sweep GC freed 20(704B) AllocSpace objects, 0(0B) LOS objects, 22% free, 53MB/69MB, paused 520us total 23.445ms
08-06 06:14:48.543 10629 10640 I art     : Starting a blocking GC Explicit
08-06 06:14:48.567 10629 10640 I art     : Explicit concurrent mark sweep GC freed 19(656B) AllocSpace objects, 0(0B) LOS objects, 22% free, 53MB/69MB, paused 542us total 24.066ms
08-06 06:14:48.577 10629 10640 I art     : Starting a blocking GC Explicit
08-06 06:14:48.601 10629 10640 I art     : Explicit concurrent mark sweep GC freed 3(96B) AllocSpace objects, 0(0B) LOS objects, 22% free, 53MB/69MB, paused 554us total 24.450ms
08-06 06:14:48.610 10629 10640 I art     : Starting a blocking GC Explicit
08-06 06:14:48.636 10629 10640 I art     : Explicit concurrent mark sweep GC freed 3(96B) AllocSpace objects, 0(0B) LOS objects, 22% free, 53MB/69MB, paused 565us total 25.142ms
08-06 06:14:48.936 10629 10716 I art     : Starting a blocking GC Explicit
08-06 06:14:48.966 10629 10716 I art     : Explicit concurrent mark sweep GC freed 1344(78KB) AllocSpace objects, 1(20KB) LOS objects, 22% free, 53MB/69MB, paused 580us total 29.900ms
08-06 06:14:48.976 10629 10716 I art     : Starting a blocking GC Explicit
08-06 06:14:49.001 10629 10716 I art     : Explicit concurrent mark sweep GC freed 20(704B) AllocSpace objects, 0(0B) LOS objects, 22% free, 53MB/69MB, paused 565us total 24.959ms
08-06 06:14:49.010 10629 10716 I art     : Starting a blocking GC Explicit
08-06 06:14:49.035 10629 10716 I art     : Explicit concurrent mark sweep GC freed 3(96B) AllocSpace objects, 0(0B) LOS objects, 22% free, 53MB/69MB, paused 564us total 25.022ms
08-06 06:14:49.045 10629 10716 I art     : Starting a blocking GC Explicit
08-06 06:14:49.071 10629 10716 I art     : Explicit concurrent mark sweep GC freed 3(96B) AllocSpace objects, 0(0B) LOS objects, 22% free, 53MB/69MB, paused 591us total 25.521ms
08-06 06:14:49.080 10629 10716 I art     : Starting a blocking GC Explicit
08-06 06:14:49.106 10629 10716 I art     : Explicit concurrent mark sweep GC freed 3(96B) AllocSpace objects, 0(0B) LOS objects, 22% free, 53MB/69MB, paused 578us total 25.582ms
08-06 06:14:49.393 10629 10642 I art     : Starting a blocking GC Explicit
08-06 06:14:49.424 10629 10642 I art     : Explicit concurrent mark sweep GC freed 1344(78KB) AllocSpace objects, 1(20KB) LOS objects, 22% free, 53MB/69MB, paused 601us total 31.040ms
08-06 06:14:49.433 10629 10642 I art     : Starting a blocking GC Explicit
08-06 06:14:49.459 10629 10642 I art     : Explicit concurrent mark sweep GC freed 20(704B) AllocSpace objects, 0(0B) LOS objects, 22% free, 53MB/69MB, paused 580us total 25.656ms
08-06 06:14:49.469 10629 10642 I art     : Starting a blocking GC Explicit
08-06 06:14:49.495 10629 10642 I art     : Explicit concurrent mark sweep GC freed 3(96B) AllocSpace objects, 0(0B) LOS objects, 22% free, 53MB/69MB, paused 577us total 25.809ms
08-06 06:14:49.505 10629 10642 I art     : Starting a blocking GC Explicit
08-06 06:14:49.531 10629 10642 I art     : Explicit concurrent mark sweep GC freed 3(96B) AllocSpace objects, 0(0B) LOS objects, 22% free, 53MB/69MB, paused 564us total 25.699ms
08-06 06:14:49.531   518   646 I ThermalEngine: ACTION: GPU - Setting GPU[0] to 450000000
08-06 06:14:49.544 10629 10642 I art     : Starting a blocking GC Explicit
08-06 06:14:49.577 10629 10642 I art     : Explicit concurrent mark sweep GC freed 3(96B) AllocSpace objects, 0(0B) LOS objects, 22% free, 53MB/69MB, paused 832us total 33.045ms
08-06 06:14:49.676  9013  9013 I ServiceManager: Waiting for service AtCmdFwd...
08-06 06:14:49.797   918  1210 D NetlinkSocketObserver: NeighborEvent{elapsedMs=1841093672, 192.168.2.254, [7C3953A63323], RTM_NEWNEIGH, NUD_PROBE}
08-06 06:14:49.913 10629 11773 I art     : Starting a blocking GC Explicit
08-06 06:14:49.957 10629 11773 I art     : Explicit concurrent mark sweep GC freed 1344(78KB) AllocSpace objects, 1(20KB) LOS objects, 22% free, 53MB/69MB, paused 868us total 42.517ms
08-06 06:14:49.976 10629 11773 I art     : Starting a blocking GC Explicit
08-06 06:14:50.010 10629 11773 I art     : Explicit concurrent mark sweep GC freed 20(704B) AllocSpace objects, 0(0B) LOS objects, 22% free, 53MB/69MB, paused 775us total 33.593ms
08-06 06:14:50.022 10629 11773 I art     : Starting a blocking GC Explicit
08-06 06:14:50.056 10629 11773 I art     : Explicit concurrent mark sweep GC freed 3(96B) AllocSpace objects, 0(0B) LOS objects, 22% free, 53MB/69MB, paused 790us total 34.073ms
08-06 06:14:50.068 10629 11773 I art     : Starting a blocking GC Explicit
08-06 06:14:50.102 10629 11773 I art     : Explicit concurrent mark sweep GC freed 3(96B) AllocSpace objects, 0(0B) LOS objects, 22% free, 53MB/69MB, paused 756us total 33.612ms
08-06 06:14:50.114 10629 11773 I art     : Starting a blocking GC Explicit
08-06 06:14:50.149 10629 11773 I art     : Explicit concurrent mark sweep GC freed 3(96B) AllocSpace objects, 0(0B) LOS objects, 22% free, 53MB/69MB, paused 765us total 34.603ms
08-06 06:14:50.510 10629 11112 I art     : Starting a blocking GC Explicit
08-06 06:14:50.534   518   646 I ThermalEngine: ACTION: GPU - Setting GPU[0] to 510000000
08-06 06:14:50.548 10629 11112 I art     : Explicit concurrent mark sweep GC freed 1344(78KB) AllocSpace objects, 1(20KB) LOS objects, 22% free, 53MB/69MB, paused 806us total 37.484ms
08-06 06:14:50.563 10629 11112 I art     : Starting a blocking GC Explicit
08-06 06:14:50.590 10629 11112 I art     : Explicit concurrent mark sweep GC freed 20(704B) AllocSpace objects, 0(0B) LOS objects, 22% free, 53MB/69MB, paused 525us total 26.625ms
08-06 06:14:50.599 10629 11112 I art     : Starting a blocking GC Explicit
08-06 06:14:50.624 10629 11112 I art     : Explicit concurrent mark sweep GC freed 3(96B) AllocSpace objects, 0(0B) LOS objects, 22% free, 53MB/69MB, paused 568us total 24.872ms
08-06 06:14:50.633 10629 11112 I art     : Starting a blocking GC Explicit
08-06 06:14:50.659 10629 11112 I art     : Explicit concurrent mark sweep GC freed 3(96B) AllocSpace objects, 0(0B) LOS objects, 22% free, 53MB/69MB, paused 579us total 25.632ms
08-06 06:14:50.669 10629 11112 I art     : Starting a blocking GC Explicit
08-06 06:14:50.677  9013  9013 I ServiceManager: Waiting for service AtCmdFwd...
08-06 06:14:50.694 10629 11112 I art     : Explicit concurrent mark sweep GC freed 3(96B) AllocSpace objects, 0(0B) LOS objects, 22% free, 53MB/69MB, paused 530us total 24.889ms
08-06 06:14:50.984 13866 13882 I PeriodicStatsRunner: PeriodicStatsRunner.call():175 call()
08-06 06:14:50.985 13866 13882 I PeriodicStatsRunner: PeriodicStatsRunner.call():179 No submit PeriodicStats since input started.
08-06 06:14:51.023 10629 10640 I art     : Starting a blocking GC Explicit
08-06 06:14:51.055 10629 10640 I art     : Explicit concurrent mark sweep GC freed 1344(78KB) AllocSpace objects, 1(20KB) LOS objects, 22% free, 53MB/69MB, paused 592us total 31.648ms
08-06 06:14:51.071 10629 10640 I art     : Starting a blocking GC Explicit
08-06 06:14:51.096 10629 10640 I art     : Explicit concurrent mark sweep GC freed 20(704B) AllocSpace objects, 0(0B) LOS objects, 22% free, 53MB/69MB, paused 582us total 25.046ms
08-06 06:14:51.106 10629 10640 I art     : Starting a blocking GC Explicit
08-06 06:14:51.131 10629 10640 I art     : Explicit concurrent mark sweep GC freed 3(96B) AllocSpace objects, 0(0B) LOS objects, 22% free, 53MB/69MB, paused 567us total 25.173ms
08-06 06:14:51.140 10629 10640 I art     : Starting a blocking GC Explicit
08-06 06:14:51.166 10629 10640 I art     : Explicit concurrent mark sweep GC freed 3(96B) AllocSpace objects, 0(0B) LOS objects, 22% free, 53MB/69MB, paused 624us total 25.322ms
08-06 06:14:51.175 10629 10640 I art     : Starting a blocking GC Explicit
08-06 06:14:51.200 10629 10640 I art     : Explicit concurrent mark sweep GC freed 3(96B) AllocSpace objects, 0(0B) LOS objects, 22% free, 53MB/69MB, paused 536us total 24.628ms
08-06 06:14:51.531 10629 10716 I art     : Starting a blocking GC Explicit
08-06 06:14:51.566 10629 10716 I art     : Explicit concurrent mark sweep GC freed 1344(78KB) AllocSpace objects, 1(20KB) LOS objects, 22% free, 53MB/69MB, paused 798us total 34.541ms
08-06 06:14:51.578 10629 10716 I art     : Starting a blocking GC Explicit
08-06 06:14:51.604 10629 10716 I art     : Explicit concurrent mark sweep GC freed 20(704B) AllocSpace objects, 0(0B) LOS objects, 22% free, 53MB/69MB, paused 576us total 24.971ms
08-06 06:14:51.613 10629 10716 I art     : Starting a blocking GC Explicit
08-06 06:14:51.638 10629 10716 I art     : Explicit concurrent mark sweep GC freed 3(96B) AllocSpace objects, 0(0B) LOS objects, 22% free, 53MB/69MB, paused 563us total 25.128ms
08-06 06:14:51.647 10629 10716 I art     : Starting a blocking GC Explicit
08-06 06:14:51.672 10629 10716 I art     : Explicit concurrent mark sweep GC freed 3(96B) AllocSpace objects, 0(0B) LOS objects, 22% free, 53MB/69MB, paused 532us total 24.463ms
08-06 06:14:51.677  9013  9013 I ServiceManager: Waiting for service AtCmdFwd...
08-06 06:14:51.681 10629 10716 I art     : Starting a blocking GC Explicit
08-06 06:14:51.706 10629 10716 I art     : Explicit concurrent mark sweep GC freed 3(96B) AllocSpace objects, 0(0B) LOS objects, 22% free, 53MB/69MB, paused 579us total 24.145ms
08-06 06:14:52.018 10629 10642 I art     : Starting a blocking GC Explicit
08-06 06:14:52.044 10629 10642 I art     : Explicit concurrent mark sweep GC freed 1344(78KB) AllocSpace objects, 1(20KB) LOS objects, 22% free, 53MB/69MB, paused 588us total 25.458ms
08-06 06:14:52.053 10629 10642 I art     : Starting a blocking GC Explicit
08-06 06:14:52.078 10629 10642 I art     : Explicit concurrent mark sweep GC freed 20(704B) AllocSpace objects, 0(0B) LOS objects, 22% free, 53MB/69MB, paused 580us total 24.847ms
08-06 06:14:52.088 10629 10642 I art     : Starting a blocking GC Explicit
08-06 06:14:52.112 10629 10642 I art     : Explicit concurrent mark sweep GC freed 3(96B) AllocSpace objects, 0(0B) LOS objects, 22% free, 53MB/69MB, paused 565us total 23.774ms
08-06 06:14:52.121 10629 10642 I art     : Starting a blocking GC Explicit
08-06 06:14:52.145 10629 10642 I art     : Explicit concurrent mark sweep GC freed 3(96B) AllocSpace objects, 0(0B) LOS objects, 22% free, 53MB/69MB, paused 563us total 23.496ms
08-06 06:14:52.153 10629 10642 I art     : Starting a blocking GC Explicit
08-06 06:14:52.177 10629 10642 I art     : Explicit concurrent mark sweep GC freed 3(96B) AllocSpace objects, 0(0B) LOS objects, 22% free, 53MB/69MB, paused 621us total 23.359ms
08-06 06:14:52.372 14539 14539 D AndroidRuntime: >>>>>> START com.android.internal.os.RuntimeInit uid 2000 <<<<<<
08-06 06:14:52.378 14539 14539 D AndroidRuntime: CheckJNI is OFF
08-06 06:14:52.411 14539 14539 D ICU     : No timezone override file found: /data/misc/zoneinfo/current/icu/icu_tzdata.dat
08-06 06:14:52.443 14539 14539 I Radio-JNI: register_android_hardware_Radio DONE
08-06 06:14:52.464 14539 14539 D AndroidRuntime: Calling main entry com.android.commands.input.Input
08-06 06:14:52.466 14539 14539 I Input   : injectKeyEvent: KeyEvent { action=ACTION_DOWN, keyCode=KEYCODE_BACK, scanCode=0, metaState=0, flags=0x0, repeatCount=0, eventTime=857708879, downTime=857708879, deviceId=-1, source=0x101 }
08-06 06:14:52.470 14539 14539 I Input   : injectKeyEvent: KeyEvent { action=ACTION_UP, keyCode=KEYCODE_BACK, scanCode=0, metaState=0, flags=0x0, repeatCount=0, eventTime=857708879, downTime=857708879, deviceId=-1, source=0x101 }
08-06 06:14:52.476 14539 14539 D AndroidRuntime: Shutting down VM
08-06 06:14:52.500 10629 10642 I art     : Starting a blocking GC Explicit
08-06 06:14:52.518 13866 13866 I GoogleInputMethodServic: GoogleInputMethodService.onFinishInput():3138 
08-06 06:14:52.520 13866 13866 I GoogleInputMethodServic: GoogleInputMethodService.onStartInput():1808 
08-06 06:14:52.525 10629 10642 I art     : Explicit concurrent mark sweep GC freed 1489(84KB) AllocSpace objects, 1(20KB) LOS objects, 22% free, 53MB/69MB, paused 752us total 25.381ms
08-06 06:14:52.535 10629 10642 I art     : Starting a blocking GC Explicit
08-06 06:14:52.561 10629 10642 I art     : Explicit concurrent mark sweep GC freed 55(1984B) AllocSpace objects, 0(0B) LOS objects, 22% free, 53MB/69MB, paused 732us total 26.404ms
08-06 06:14:52.570 10629 10642 I art     : Starting a blocking GC Explicit
08-06 06:14:52.593 10629 10642 I art     : Explicit concurrent mark sweep GC freed 10(384B) AllocSpace objects, 0(0B) LOS objects, 22% free, 53MB/69MB, paused 497us total 21.633ms
08-06 06:14:52.601 10629 10642 I art     : Starting a blocking GC Explicit
08-06 06:14:52.621 10629 10642 I art     : Explicit concurrent mark sweep GC freed 3(96B) AllocSpace objects, 0(0B) LOS objects, 22% free, 53MB/69MB, paused 535us total 20.617ms
08-06 06:14:52.631 10629 10642 I art     : Starting a blocking GC Explicit
08-06 06:14:52.654 10629 10642 I art     : Explicit concurrent mark sweep GC freed 3(96B) AllocSpace objects, 0(0B) LOS objects, 22% free, 53MB/69MB, paused 494us total 22.749ms
08-06 06:14:52.678  9013  9013 I ServiceManager: Waiting for service AtCmdFwd...
08-06 06:14:52.817 13866 13882 I PeriodicStatsRunner: PeriodicStatsRunner.call():175 call()
08-06 06:14:52.817 13866 13882 I PeriodicStatsRunner: PeriodicStatsRunner.call():179 No submit PeriodicStats since input started.
08-06 06:14:52.821   380   380 W SurfaceFlinger: couldn't log to binary event log: overflow.
08-06 06:14:52.909 10629 10642 I art     : Starting a blocking GC Explicit
08-06 06:14:52.935 10629 10642 I art     : Explicit concurrent mark sweep GC freed 1453(86KB) AllocSpace objects, 1(20KB) LOS objects, 22% free, 53MB/69MB, paused 571us total 25.473ms
08-06 06:14:52.944 10629 10642 I art     : Starting a blocking GC Explicit
08-06 06:14:52.969 10629 10642 I art     : Explicit concurrent mark sweep GC freed 1671(107KB) AllocSpace objects, 3(184KB) LOS objects, 22% free, 53MB/69MB, paused 559us total 24.314ms
08-06 06:14:52.978 10629 10642 I art     : Starting a blocking GC Explicit
08-06 06:14:53.004 10629 10642 I art     : Explicit concurrent mark sweep GC freed 3(96B) AllocSpace objects, 0(0B) LOS objects, 22% free, 53MB/69MB, paused 581us total 25.133ms
08-06 06:14:53.013 10629 10642 I art     : Starting a blocking GC Explicit
08-06 06:14:53.037 10629 10642 I art     : Explicit concurrent mark sweep GC freed 3(96B) AllocSpace objects, 0(0B) LOS objects, 22% free, 53MB/69MB, paused 697us total 23.921ms
08-06 06:14:53.046 10629 10642 I art     : Starting a blocking GC Explicit
08-06 06:14:53.071 10629 10642 I art     : Explicit concurrent mark sweep GC freed 3(96B) AllocSpace objects, 0(0B) LOS objects, 22% free, 53MB/69MB, paused 561us total 24.548ms
08-06 06:14:53.356 10629 10716 I art     : Starting a blocking GC Explicit
08-06 06:14:53.390 10629 10716 I art     : Explicit concurrent mark sweep GC freed 1344(78KB) AllocSpace objects, 1(20KB) LOS objects, 22% free, 53MB/69MB, paused 617us total 33.578ms
08-06 06:14:53.403 10629 10716 I art     : Starting a blocking GC Explicit
08-06 06:14:53.428 10629 10716 I art     : Explicit concurrent mark sweep GC freed 20(704B) AllocSpace objects, 0(0B) LOS objects, 22% free, 53MB/69MB, paused 607us total 24.680ms
08-06 06:14:53.437 10629 10716 I art     : Starting a blocking GC Explicit
08-06 06:14:53.462 10629 10716 I art     : Explicit concurrent mark sweep GC freed 3(96B) AllocSpace objects, 0(0B) LOS objects, 22% free, 53MB/69MB, paused 567us total 24.962ms
08-06 06:14:53.472 10629 10716 I art     : Starting a blocking GC Explicit
08-06 06:14:53.497 10629 10716 I art     : Explicit concurrent mark sweep GC freed 3(96B) AllocSpace objects, 0(0B) LOS objects, 22% free, 53MB/69MB, paused 648us total 25.124ms
08-06 06:14:53.507 10629 10716 I art     : Starting a blocking GC Explicit
08-06 06:14:53.532 10629 10716 I art     : Explicit concurrent mark sweep GC freed 3(96B) AllocSpace objects, 0(0B) LOS objects, 22% free, 53MB/69MB, paused 602us total 24.837ms
08-06 06:14:53.678  9013  9013 I ServiceManager: Waiting for service AtCmdFwd...
08-06 06:14:53.813 10629 11112 I art     : Starting a blocking GC Explicit
08-06 06:14:53.838 10629 11112 I art     : Explicit concurrent mark sweep GC freed 1344(78KB) AllocSpace objects, 1(20KB) LOS objects, 22% free, 53MB/69MB, paused 624us total 24.766ms
08-06 06:14:53.847 10629 11112 I art     : Starting a blocking GC Explicit
08-06 06:14:53.871 10629 11112 I art     : Explicit concurrent mark sweep GC freed 20(704B) AllocSpace objects, 0(0B) LOS objects, 22% free, 53MB/69MB, paused 598us total 23.806ms
08-06 06:14:53.880 10629 11112 I art     : Starting a blocking GC Explicit
08-06 06:14:53.903 10629 11112 I art     : Explicit concurrent mark sweep GC freed 3(96B) AllocSpace objects, 0(0B) LOS objects, 22% free, 53MB/69MB, paused 559us total 22.670ms
08-06 06:14:53.912 10629 11112 I art     : Starting a blocking GC Explicit
08-06 06:14:53.935 10629 11112 I art     : Explicit concurrent mark sweep GC freed 3(96B) AllocSpace objects, 0(0B) LOS objects, 22% free, 53MB/69MB, paused 568us total 23.165ms
08-06 06:14:53.944 10629 11112 I art     : Starting a blocking GC Explicit
08-06 06:14:53.968 10629 11112 I art     : Explicit concurrent mark sweep GC freed 3(96B) AllocSpace objects, 0(0B) LOS objects, 22% free, 53MB/69MB, paused 598us total 23.721ms
08-06 06:14:54.146 14603 14603 D AndroidRuntime: >>>>>> START com.android.internal.os.RuntimeInit uid 2000 <<<<<<
08-06 06:14:54.151 14603 14603 D AndroidRuntime: CheckJNI is OFF
08-06 06:14:54.184 14603 14603 D ICU     : No timezone override file found: /data/misc/zoneinfo/current/icu/icu_tzdata.dat
08-06 06:14:54.218 14603 14603 I Radio-JNI: register_android_hardware_Radio DONE
08-06 06:14:54.241 14603 14603 D AndroidRuntime: Calling main entry com.android.commands.input.Input
08-06 06:14:54.241 10629 11773 I art     : Starting a blocking GC Explicit
08-06 06:14:54.242 14603 14603 I Input   : injectKeyEvent: KeyEvent { action=ACTION_DOWN, keyCode=KEYCODE_BACK, scanCode=0, metaState=0, flags=0x0, repeatCount=0, eventTime=857710655, downTime=857710655, deviceId=-1, source=0x101 }
08-06 06:14:54.248 14603 14603 I Input   : injectKeyEvent: KeyEvent { action=ACTION_UP, keyCode=KEYCODE_BACK, scanCode=0, metaState=0, flags=0x0, repeatCount=0, eventTime=857710655, downTime=857710655, deviceId=-1, source=0x101 }
08-06 06:14:54.254 14603 14603 D AndroidRuntime: Shutting down VM
08-06 06:14:54.265 10629 11773 I art     : Explicit concurrent mark sweep GC freed 1388(80KB) AllocSpace objects, 1(20KB) LOS objects, 22% free, 53MB/69MB, paused 810us total 23.633ms
08-06 06:14:54.274 10629 11773 I art     : Starting a blocking GC Explicit
08-06 06:14:54.297 10629 11773 I art     : Explicit concurrent mark sweep GC freed 161(7KB) AllocSpace objects, 0(0B) LOS objects, 22% free, 53MB/69MB, paused 928us total 22.673ms
08-06 06:14:54.297 13866 13866 I GoogleInputMethodServic: GoogleInputMethodService.onFinishInput():3138 
08-06 06:14:54.298 13866 13866 I GoogleInputMethodServic: GoogleInputMethodService.onStartInput():1808 
08-06 06:14:54.307 10629 11773 I art     : Starting a blocking GC Explicit
08-06 06:14:54.331 10629 11773 I art     : Explicit concurrent mark sweep GC freed 64(2256B) AllocSpace objects, 0(0B) LOS objects, 22% free, 53MB/69MB, paused 517us total 23.977ms
08-06 06:14:54.339 10629 11773 I art     : Starting a blocking GC Explicit
08-06 06:14:54.360 10629 11773 I art     : Explicit concurrent mark sweep GC freed 7(256B) AllocSpace objects, 0(0B) LOS objects, 22% free, 53MB/69MB, paused 488us total 19.955ms
08-06 06:14:54.368 10629 11773 I art     : Starting a blocking GC Explicit
08-06 06:14:54.389 10629 11773 I art     : Explicit concurrent mark sweep GC freed 3(96B) AllocSpace objects, 0(0B) LOS objects, 22% free, 53MB/69MB, paused 489us total 21.004ms
08-06 06:14:54.654 10629 11773 I art     : Starting a blocking GC Explicit
08-06 06:14:54.679 10629 11773 I art     : Explicit concurrent mark sweep GC freed 2977(154KB) AllocSpace objects, 1(20KB) LOS objects, 22% free, 53MB/69MB, paused 629us total 24.395ms
08-06 06:14:54.679  9013  9013 W Atfwd_Sendcmd: AtCmdFwd service not published, waiting... retryCnt : 5
08-06 06:14:54.688 10629 11773 I art     : Starting a blocking GC Explicit
08-06 06:14:54.711 10629 11773 I art     : Explicit concurrent mark sweep GC freed 2849(180KB) AllocSpace objects, 2(140KB) LOS objects, 23% free, 53MB/69MB, paused 553us total 22.822ms
08-06 06:14:54.720 10629 11773 I art     : Starting a blocking GC Explicit
08-06 06:14:54.742 10629 11773 I art     : Explicit concurrent mark sweep GC freed 3(96B) AllocSpace objects, 0(0B) LOS objects, 23% free, 53MB/69MB, paused 562us total 22.498ms
08-06 06:14:54.751 10629 11773 I art     : Starting a blocking GC Explicit
08-06 06:14:54.774 10629 11773 I art     : Explicit concurrent mark sweep GC freed 3(96B) AllocSpace objects, 0(0B) LOS objects, 23% free, 53MB/69MB, paused 561us total 22.754ms
08-06 06:14:54.783 10629 11773 I art     : Starting a blocking GC Explicit
08-06 06:14:54.806 10629 11773 I art     : Explicit concurrent mark sweep GC freed 3(96B) AllocSpace objects, 0(0B) LOS objects, 23% free, 53MB/69MB, paused 559us total 22.656ms
08-06 06:14:55.105 10629 10716 I art     : Starting a blocking GC Explicit
08-06 06:14:55.138 10629 10716 I art     : Explicit concurrent mark sweep GC freed 1344(78KB) AllocSpace objects, 1(20KB) LOS objects, 23% free, 53MB/69MB, paused 671us total 32.369ms
08-06 06:14:55.150 10629 10716 I art     : Starting a blocking GC Explicit
08-06 06:14:55.173 10629 10716 I art     : Explicit concurrent mark sweep GC freed 20(704B) AllocSpace objects, 0(0B) LOS objects, 23% free, 53MB/69MB, paused 551us total 22.703ms
08-06 06:14:55.182 10629 10716 I art     : Starting a blocking GC Explicit
08-06 06:14:55.206 10629 10716 I art     : Explicit concurrent mark sweep GC freed 3(96B) AllocSpace objects, 0(0B) LOS objects, 23% free, 53MB/69MB, paused 587us total 23.624ms
08-06 06:14:55.215 10629 10716 I art     : Starting a blocking GC Explicit
08-06 06:14:55.238 10629 10716 I art     : Explicit concurrent mark sweep GC freed 3(96B) AllocSpace objects, 0(0B) LOS objects, 23% free, 53MB/69MB, paused 548us total 23.252ms
08-06 06:14:55.248 10629 10716 I art     : Starting a blocking GC Explicit
08-06 06:14:55.270 10629 10716 I art     : Explicit concurrent mark sweep GC freed 3(96B) AllocSpace objects, 0(0B) LOS objects, 23% free, 53MB/69MB, paused 551us total 22.165ms
08-06 06:14:55.566 10629 11112 I art     : Starting a blocking GC Explicit
08-06 06:14:55.589 10629 11112 I art     : Explicit concurrent mark sweep GC freed 1341(78KB) AllocSpace objects, 1(20KB) LOS objects, 23% free, 53MB/69MB, paused 564us total 22.929ms
08-06 06:14:55.598 10629 11112 I art     : Starting a blocking GC Explicit
08-06 06:14:55.621 10629 11112 I art     : Explicit concurrent mark sweep GC freed 20(704B) AllocSpace objects, 0(0B) LOS objects, 23% free, 53MB/69MB, paused 565us total 22.598ms
08-06 06:14:55.630 10629 11112 I art     : Starting a blocking GC Explicit
08-06 06:14:55.652 10629 11112 I art     : Explicit concurrent mark sweep GC freed 3(96B) AllocSpace objects, 0(0B) LOS objects, 23% free, 53MB/69MB, paused 557us total 21.576ms
08-06 06:14:55.660 10629 11112 I art     : Starting a blocking GC Explicit
08-06 06:14:55.682 10629 11112 I art     : Explicit concurrent mark sweep GC freed 3(96B) AllocSpace objects, 0(0B) LOS objects, 23% free, 53MB/69MB, paused 628us total 21.502ms
08-06 06:14:55.691 10629 11112 I art     : Starting a blocking GC Explicit
08-06 06:14:55.712 10629 11112 I art     : Explicit concurrent mark sweep GC freed 3(96B) AllocSpace objects, 0(0B) LOS objects, 23% free, 53MB/69MB, paused 536us total 21.617ms
08-06 06:14:55.911 14681 14681 D AndroidRuntime: >>>>>> START com.android.internal.os.RuntimeInit uid 2000 <<<<<<
08-06 06:14:55.917 14681 14681 D AndroidRuntime: CheckJNI is OFF
08-06 06:14:55.948 14681 14681 D ICU     : No timezone override file found: /data/misc/zoneinfo/current/icu/icu_tzdata.dat
08-06 06:14:55.981 14681 14681 I Radio-JNI: register_android_hardware_Radio DONE
08-06 06:14:55.991 10629 10642 I art     : Starting a blocking GC Explicit
08-06 06:14:56.004 14681 14681 D AndroidRuntime: Calling main entry com.android.commands.input.Input
08-06 06:14:56.006 14681 14681 I Input   : injectMotionEvent: MotionEvent { action=ACTION_DOWN, actionButton=0, id[0]=0, x[0]=1084.0, y[0]=2213.0, toolType[0]=TOOL_TYPE_UNKNOWN, buttonState=0, metaState=0, flags=0x0, edgeFlags=0x0, pointerCount=1, historySize=0, eventTime=857712419, downTime=857712419, deviceId=0, source=0x1002 }
08-06 06:14:56.011 14681 14681 I Input   : injectMotionEvent: MotionEvent { action=ACTION_UP, actionButton=0, id[0]=0, x[0]=1084.0, y[0]=2213.0, toolType[0]=TOOL_TYPE_UNKNOWN, buttonState=0, metaState=0, flags=0x0, edgeFlags=0x0, pointerCount=1, historySize=0, eventTime=857712419, downTime=857712419, deviceId=0, source=0x1002 }
08-06 06:14:56.013   918  3670 I ActivityManager: START u0 {cmp=baseline.appteam.nith.hillffair/.activities.EventActivity} from uid 10697 on display 0
08-06 06:14:56.014 10629 10642 I art     : Explicit concurrent mark sweep GC freed 1344(78KB) AllocSpace objects, 1(20KB) LOS objects, 23% free, 53MB/69MB, paused 789us total 23.187ms
08-06 06:14:56.019 14681 14681 D AndroidRuntime: Shutting down VM
08-06 06:14:56.023 10629 10642 I art     : Starting a blocking GC Explicit
08-06 06:14:56.048 10629 10642 I art     : Explicit concurrent mark sweep GC freed 3903(206KB) AllocSpace objects, 0(0B) LOS objects, 23% free, 53MB/69MB, paused 970us total 24.041ms
08-06 06:14:56.057 10629 10642 I art     : Starting a blocking GC Explicit
08-06 06:14:56.079 10629 10642 I art     : Explicit concurrent mark sweep GC freed 1430(156KB) AllocSpace objects, 0(0B) LOS objects, 23% free, 53MB/69MB, paused 956us total 21.297ms
08-06 06:14:56.087 10629 10642 I art     : Starting a blocking GC Explicit
08-06 06:14:56.100 10629 10629 I NAPPA_EXPERIMENTATION: MetricNetworkRequestExecutionTime: REQUEST_DURATION_SYSTEM='55',REQUEST_DURATION_OKHTTP='30',REQUEST_SYNCHRONOUS='FALSE',RESPONSE_CODE='200',RESPONSE_METHOD='GET',RESPONSE_LENGTH_OKHTTP='1870',RESPONSE_LENGTH_HEADER='-2',REQUEST_PROTOCOL='http/1.1',REQUEST_URL='https://api-hillfair-2k16.herokuapp.com/api/app/club',
08-06 06:14:56.101 13866 13866 I GoogleInputMethodServic: GoogleInputMethodService.onFinishInput():3138 
08-06 06:14:56.101 13866 13866 I GoogleInputMethodServic: GoogleInputMethodService.onStartInput():1808 
08-06 06:14:56.108 10629 10642 I art     : Explicit concurrent mark sweep GC freed 544(43KB) AllocSpace objects, 0(0B) LOS objects, 23% free, 53MB/69MB, paused 749us total 20.837ms
08-06 06:14:56.117 10629 10642 I art     : Starting a blocking GC Explicit
08-06 06:14:56.138 10629 10642 I art     : Explicit concurrent mark sweep GC freed 408(15KB) AllocSpace objects, 0(0B) LOS objects, 23% free, 53MB/69MB, paused 667us total 21.380ms
08-06 06:14:56.149   918   936 I ActivityManager: Displayed baseline.appteam.nith.hillffair/.activities.EventActivity: +129ms
08-06 06:14:56.405   918  3261 D WifiStateMachine: starting scan for "H369AA63323"WPA_PSK with 2412,5180
08-06 06:14:56.407 10629 10642 I art     : Starting a blocking GC Explicit
08-06 06:14:56.419   380   380 W SurfaceFlinger: couldn't log to binary event log: overflow.
08-06 06:14:56.441 10629 10642 I art     : Explicit concurrent mark sweep GC freed 1581(86KB) AllocSpace objects, 1(20KB) LOS objects, 23% free, 53MB/69MB, paused 1.028ms total 33.774ms
08-06 06:14:56.451 10629 10642 I art     : Starting a blocking GC Explicit
08-06 06:14:56.470 10629 10642 I art     : Explicit concurrent mark sweep GC freed 20(704B) AllocSpace objects, 0(0B) LOS objects, 23% free, 53MB/69MB, paused 516us total 19.556ms
08-06 06:14:56.478 10629 10642 I art     : Starting a blocking GC Explicit
08-06 06:14:56.499 10629 10642 I art     : Explicit concurrent mark sweep GC freed 3(96B) AllocSpace objects, 0(0B) LOS objects, 23% free, 53MB/69MB, paused 502us total 20.724ms
08-06 06:14:56.508 10629 10642 I art     : Starting a blocking GC Explicit
08-06 06:14:56.529 10629 10642 I art     : Explicit concurrent mark sweep GC freed 70(4KB) AllocSpace objects, 0(0B) LOS objects, 23% free, 53MB/69MB, paused 532us total 21.024ms
08-06 06:14:56.537 10629 10642 I art     : Starting a blocking GC Explicit
08-06 06:14:56.560 10629 10642 I art     : Explicit concurrent mark sweep GC freed 6(192B) AllocSpace objects, 0(0B) LOS objects, 23% free, 53MB/69MB, paused 517us total 22.277ms
08-06 06:14:56.846 10629 11112 I art     : Starting a blocking GC Explicit
08-06 06:14:56.878 10629 11112 I art     : Explicit concurrent mark sweep GC freed 1344(78KB) AllocSpace objects, 1(20KB) LOS objects, 23% free, 53MB/69MB, paused 597us total 32.205ms
08-06 06:14:56.888 10629 11112 I art     : Starting a blocking GC Explicit
08-06 06:14:56.912 10629 11112 I art     : Explicit concurrent mark sweep GC freed 20(704B) AllocSpace objects, 0(0B) LOS objects, 23% free, 53MB/69MB, paused 566us total 24.085ms
08-06 06:14:56.921 10629 11112 I art     : Starting a blocking GC Explicit
08-06 06:14:56.945 10629 11112 I art     : Explicit concurrent mark sweep GC freed 3(96B) AllocSpace objects, 0(0B) LOS objects, 23% free, 53MB/69MB, paused 557us total 23.453ms
08-06 06:14:56.954 10629 11112 I art     : Starting a blocking GC Explicit
08-06 06:14:56.979 10629 11112 I art     : Explicit concurrent mark sweep GC freed 3(96B) AllocSpace objects, 0(0B) LOS objects, 23% free, 53MB/69MB, paused 642us total 24.580ms
08-06 06:14:56.988 10629 11112 I art     : Starting a blocking GC Explicit
08-06 06:14:57.012 10629 11112 I art     : Explicit concurrent mark sweep GC freed 3(96B) AllocSpace objects, 0(0B) LOS objects, 23% free, 53MB/69MB, paused 555us total 23.493ms
08-06 06:14:57.311 10629 10640 I art     : Starting a blocking GC Explicit
08-06 06:14:57.343 10629 10640 I art     : Explicit concurrent mark sweep GC freed 1344(78KB) AllocSpace objects, 1(20KB) LOS objects, 23% free, 53MB/69MB, paused 622us total 30.863ms
08-06 06:14:57.355 10629 10640 I art     : Starting a blocking GC Explicit
08-06 06:14:57.380 10629 10640 I art     : Explicit concurrent mark sweep GC freed 20(704B) AllocSpace objects, 0(0B) LOS objects, 23% free, 53MB/69MB, paused 566us total 24.599ms
08-06 06:14:57.390 10629 10640 I art     : Starting a blocking GC Explicit
08-06 06:14:57.414 10629 10640 I art     : Explicit concurrent mark sweep GC freed 3(96B) AllocSpace objects, 0(0B) LOS objects, 23% free, 53MB/69MB, paused 573us total 24.552ms
08-06 06:14:57.424 10629 10640 I art     : Starting a blocking GC Explicit
08-06 06:14:57.448 10629 10640 I art     : Explicit concurrent mark sweep GC freed 3(96B) AllocSpace objects, 0(0B) LOS objects, 23% free, 53MB/69MB, paused 569us total 24.214ms
08-06 06:14:57.457 10629 10640 I art     : Starting a blocking GC Explicit
08-06 06:14:57.482 10629 10640 I art     : Explicit concurrent mark sweep GC freed 3(96B) AllocSpace objects, 0(0B) LOS objects, 23% free, 53MB/69MB, paused 562us total 24.420ms
08-06 06:14:57.519 13866 13882 I PeriodicStatsRunner: PeriodicStatsRunner.call():175 call()
08-06 06:14:57.519 13866 13882 I PeriodicStatsRunner: PeriodicStatsRunner.call():179 No submit PeriodicStats since input started.
08-06 06:14:57.548   518   646 I ThermalEngine: ACTION: GPU - Setting GPU[0] to 450000000
08-06 06:14:57.789 10629 11773 I art     : Starting a blocking GC Explicit
08-06 06:14:57.835 10629 11773 I art     : Explicit concurrent mark sweep GC freed 1344(78KB) AllocSpace objects, 1(20KB) LOS objects, 23% free, 53MB/69MB, paused 896us total 44.930ms
08-06 06:14:57.852 10629 11773 I art     : Starting a blocking GC Explicit
08-06 06:14:57.888 10629 11773 I art     : Explicit concurrent mark sweep GC freed 20(704B) AllocSpace objects, 0(0B) LOS objects, 23% free, 53MB/69MB, paused 849us total 35.829ms
08-06 06:14:57.900 10629 11773 I art     : Starting a blocking GC Explicit
08-06 06:14:57.933 10629 11773 I art     : Explicit concurrent mark sweep GC freed 3(96B) AllocSpace objects, 0(0B) LOS objects, 23% free, 53MB/69MB, paused 780us total 33.105ms
08-06 06:14:57.945 10629 11773 I art     : Starting a blocking GC Explicit
08-06 06:14:57.978 10629 11773 I art     : Explicit concurrent mark sweep GC freed 3(96B) AllocSpace objects, 0(0B) LOS objects, 23% free, 53MB/69MB, paused 819us total 32.538ms
08-06 06:14:57.990 10629 11773 I art     : Starting a blocking GC Explicit
08-06 06:14:58.021 10629 11773 I art     : Explicit concurrent mark sweep GC freed 3(96B) AllocSpace objects, 0(0B) LOS objects, 23% free, 53MB/69MB, paused 729us total 30.861ms
08-06 06:14:58.371 10629 10716 I art     : Starting a blocking GC Explicit
08-06 06:14:58.403 10629 10716 I art     : Explicit concurrent mark sweep GC freed 1344(78KB) AllocSpace objects, 1(20KB) LOS objects, 23% free, 53MB/69MB, paused 760us total 32.320ms
08-06 06:14:58.415 10629 10716 I art     : Starting a blocking GC Explicit
08-06 06:14:58.448 10629 10716 I art     : Explicit concurrent mark sweep GC freed 20(704B) AllocSpace objects, 0(0B) LOS objects, 23% free, 53MB/69MB, paused 820us total 32.565ms
08-06 06:14:58.460 10629 10716 I art     : Starting a blocking GC Explicit
08-06 06:14:58.491 10629 10716 I art     : Explicit concurrent mark sweep GC freed 3(96B) AllocSpace objects, 0(0B) LOS objects, 23% free, 53MB/69MB, paused 748us total 31.480ms
08-06 06:14:58.503 10629 10716 I art     : Starting a blocking GC Explicit
08-06 06:14:58.535 10629 10716 I art     : Explicit concurrent mark sweep GC freed 3(96B) AllocSpace objects, 0(0B) LOS objects, 23% free, 53MB/69MB, paused 772us total 31.393ms
08-06 06:14:58.547 10629 10716 I art     : Starting a blocking GC Explicit
08-06 06:14:58.579 10629 10716 I art     : Explicit concurrent mark sweep GC freed 3(96B) AllocSpace objects, 0(0B) LOS objects, 23% free, 53MB/69MB, paused 789us total 32.104ms
08-06 06:14:58.924 10629 10642 I art     : Starting a blocking GC Explicit
08-06 06:14:58.964 10629 10642 I art     : Explicit concurrent mark sweep GC freed 1344(78KB) AllocSpace objects, 1(20KB) LOS objects, 23% free, 53MB/69MB, paused 805us total 39.432ms
08-06 06:14:58.978 10629 10642 I art     : Starting a blocking GC Explicit
08-06 06:14:59.011 10629 10642 I art     : Explicit concurrent mark sweep GC freed 20(704B) AllocSpace objects, 0(0B) LOS objects, 23% free, 53MB/69MB, paused 792us total 32.057ms
08-06 06:14:59.023 10629 10642 I art     : Starting a blocking GC Explicit
08-06 06:14:59.056 10629 10642 I art     : Explicit concurrent mark sweep GC freed 3(96B) AllocSpace objects, 0(0B) LOS objects, 23% free, 53MB/69MB, paused 781us total 33.262ms
08-06 06:14:59.068 10629 10642 I art     : Starting a blocking GC Explicit
08-06 06:14:59.100 10629 10642 I art     : Explicit concurrent mark sweep GC freed 3(96B) AllocSpace objects, 0(0B) LOS objects, 23% free, 53MB/69MB, paused 780us total 31.618ms
08-06 06:14:59.112 10629 10642 I art     : Starting a blocking GC Explicit
08-06 06:14:59.142 10629 10642 I art     : Explicit concurrent mark sweep GC freed 3(96B) AllocSpace objects, 0(0B) LOS objects, 23% free, 53MB/69MB, paused 757us total 30.067ms
08-06 06:14:59.308 13866 13882 I PeriodicStatsRunner: PeriodicStatsRunner.call():175 call()
08-06 06:14:59.308 13866 13882 I PeriodicStatsRunner: PeriodicStatsRunner.call():179 No submit PeriodicStats since input started.
08-06 06:14:59.479 10629 11112 I art     : Starting a blocking GC Explicit
08-06 06:14:59.515 10629 11112 I art     : Explicit concurrent mark sweep GC freed 1344(78KB) AllocSpace objects, 1(20KB) LOS objects, 23% free, 53MB/69MB, paused 813us total 35.962ms
08-06 06:14:59.529 10629 11112 I art     : Starting a blocking GC Explicit
08-06 06:14:59.551   518   646 I ThermalEngine: ACTION: GPU - Setting GPU[0] to 510000000
08-06 06:14:59.561 10629 11112 I art     : Explicit concurrent mark sweep GC freed 20(704B) AllocSpace objects, 0(0B) LOS objects, 23% free, 53MB/69MB, paused 790us total 32.017ms
08-06 06:14:59.573 10629 11112 I art     : Starting a blocking GC Explicit
08-06 06:14:59.601 10629 11112 I art     : Explicit concurrent mark sweep GC freed 3(96B) AllocSpace objects, 0(0B) LOS objects, 23% free, 53MB/69MB, paused 718us total 27.756ms
08-06 06:14:59.610 10629 11112 I art     : Starting a blocking GC Explicit
08-06 06:14:59.635 10629 11112 I art     : Explicit concurrent mark sweep GC freed 3(96B) AllocSpace objects, 0(0B) LOS objects, 23% free, 53MB/69MB, paused 547us total 24.004ms
08-06 06:14:59.644 10629 11112 I art     : Starting a blocking GC Explicit
08-06 06:14:59.668 10629 11112 I art     : Explicit concurrent mark sweep GC freed 3(96B) AllocSpace objects, 0(0B) LOS objects, 23% free, 53MB/69MB, paused 592us total 24.121ms
08-06 06:14:59.988 10629 10640 I art     : Starting a blocking GC Explicit
08-06 06:15:00.018 10629 10640 I art     : Explicit concurrent mark sweep GC freed 1344(78KB) AllocSpace objects, 1(20KB) LOS objects, 23% free, 53MB/69MB, paused 528us total 29.889ms
08-06 06:15:00.027 10629 10640 I art     : Starting a blocking GC Explicit
08-06 06:15:00.049 10629 10640 I art     : Explicit concurrent mark sweep GC freed 20(704B) AllocSpace objects, 0(0B) LOS objects, 23% free, 53MB/69MB, paused 502us total 22.293ms
08-06 06:15:00.058 10629 10640 I art     : Starting a blocking GC Explicit
08-06 06:15:00.079 10629 10640 I art     : Explicit concurrent mark sweep GC freed 3(96B) AllocSpace objects, 0(0B) LOS objects, 23% free, 53MB/69MB, paused 506us total 20.672ms
08-06 06:15:00.087 10629 10640 I art     : Starting a blocking GC Explicit
08-06 06:15:00.110 10629 10640 I art     : Explicit concurrent mark sweep GC freed 3(96B) AllocSpace objects, 0(0B) LOS objects, 23% free, 53MB/69MB, paused 554us total 22.478ms
08-06 06:15:00.119 10629 10640 I art     : Starting a blocking GC Explicit
08-06 06:15:00.142 10629 10640 I art     : Explicit concurrent mark sweep GC freed 3(96B) AllocSpace objects, 0(0B) LOS objects, 23% free, 53MB/69MB, paused 554us total 22.981ms
08-06 06:15:00.421 10629 11773 I art     : Starting a blocking GC Explicit
08-06 06:15:00.445 10629 11773 I art     : Explicit concurrent mark sweep GC freed 1344(78KB) AllocSpace objects, 1(20KB) LOS objects, 23% free, 53MB/69MB, paused 572us total 23.815ms
08-06 06:15:00.454 10629 11773 I art     : Starting a blocking GC Explicit
08-06 06:15:00.478 10629 11773 I art     : Explicit concurrent mark sweep GC freed 20(704B) AllocSpace objects, 0(0B) LOS objects, 23% free, 53MB/69MB, paused 593us total 24.124ms
08-06 06:15:00.487 10629 11773 I art     : Starting a blocking GC Explicit
08-06 06:15:00.511 10629 11773 I art     : Explicit concurrent mark sweep GC freed 3(96B) AllocSpace objects, 0(0B) LOS objects, 23% free, 53MB/69MB, paused 569us total 23.177ms
08-06 06:15:00.520 10629 11773 I art     : Starting a blocking GC Explicit
08-06 06:15:00.543 10629 11773 I art     : Explicit concurrent mark sweep GC freed 3(96B) AllocSpace objects, 0(0B) LOS objects, 23% free, 53MB/69MB, paused 565us total 23.082ms
08-06 06:15:00.552 10629 11773 I art     : Starting a blocking GC Explicit
08-06 06:15:00.575 10629 11773 I art     : Explicit concurrent mark sweep GC freed 3(96B) AllocSpace objects, 0(0B) LOS objects, 23% free, 53MB/69MB, paused 572us total 22.719ms
08-06 06:15:00.731 14863 14863 D AndroidRuntime: >>>>>> START com.android.internal.os.RuntimeInit uid 2000 <<<<<<
08-06 06:15:00.737 14863 14863 D AndroidRuntime: CheckJNI is OFF
08-06 06:15:00.769 14863 14863 D ICU     : No timezone override file found: /data/misc/zoneinfo/current/icu/icu_tzdata.dat
08-06 06:15:00.802 14863 14863 I Radio-JNI: register_android_hardware_Radio DONE
08-06 06:15:00.824 14863 14863 D AndroidRuntime: Calling main entry com.android.commands.input.Input
08-06 06:15:00.825 14863 14863 I Input   : injectMotionEvent: MotionEvent { action=ACTION_DOWN, actionButton=0, id[0]=0, x[0]=255.0, y[0]=1845.0, toolType[0]=TOOL_TYPE_UNKNOWN, buttonState=0, metaState=0, flags=0x0, edgeFlags=0x0, pointerCount=1, historySize=0, eventTime=857717238, downTime=857717238, deviceId=0, source=0x1002 }
08-06 06:15:00.829 14863 14863 I Input   : injectMotionEvent: MotionEvent { action=ACTION_UP, actionButton=0, id[0]=0, x[0]=255.0, y[0]=1845.0, toolType[0]=TOOL_TYPE_UNKNOWN, buttonState=0, metaState=0, flags=0x0, edgeFlags=0x0, pointerCount=1, historySize=0, eventTime=857717238, downTime=857717238, deviceId=0, source=0x1002 }
08-06 06:15:00.831   918  3696 I ActivityManager: START u0 {cmp=baseline.appteam.nith.hillffair/.activities.ClubActivity (has extras)} from uid 10697 on display 0
08-06 06:15:00.839 14863 14863 D AndroidRuntime: Shutting down VM
08-06 06:15:00.883 10629 10640 I art     : Starting a blocking GC Explicit
08-06 06:15:00.906 10629 10640 I art     : Explicit concurrent mark sweep GC freed 5039(365KB) AllocSpace objects, 1(20KB) LOS objects, 22% free, 53MB/69MB, paused 544us total 22.900ms
08-06 06:15:00.915 10629 10640 I art     : Starting a blocking GC Explicit
08-06 06:15:00.920 10629 10629 I NAPPA_EXPERIMENTATION: MetricNetworkRequestExecutionTime: REQUEST_DURATION_SYSTEM='55',REQUEST_DURATION_OKHTTP='36',REQUEST_SYNCHRONOUS='FALSE',RESPONSE_CODE='200',RESPONSE_METHOD='GET',RESPONSE_LENGTH_OKHTTP='1171',RESPONSE_LENGTH_HEADER='-2',REQUEST_PROTOCOL='http/1.1',REQUEST_URL='https://api-hillfair-2k16.herokuapp.com/api/app/club/Technical%20Committee',
08-06 06:15:00.938 10629 10640 I art     : Explicit concurrent mark sweep GC freed 829(56KB) AllocSpace objects, 0(0B) LOS objects, 22% free, 53MB/69MB, paused 674us total 23.085ms
08-06 06:15:00.939   918   936 I ActivityManager: Displayed baseline.appteam.nith.hillffair/.activities.ClubActivity: +99ms
08-06 06:15:00.940 13866 13866 I GoogleInputMethodServic: GoogleInputMethodService.onFinishInput():3138 
08-06 06:15:00.940 13866 13866 I GoogleInputMethodServic: GoogleInputMethodService.onStartInput():1808 
08-06 06:15:00.948 10629 10640 I art     : Starting a blocking GC Explicit
08-06 06:15:00.971 10629 10640 I art     : Explicit concurrent mark sweep GC freed 77(2896B) AllocSpace objects, 0(0B) LOS objects, 22% free, 53MB/69MB, paused 551us total 23.332ms
08-06 06:15:00.980 10629 10640 I art     : Starting a blocking GC Explicit
08-06 06:15:01.001 10629 10640 I art     : Explicit concurrent mark sweep GC freed 7(240B) AllocSpace objects, 0(0B) LOS objects, 22% free, 53MB/69MB, paused 517us total 20.909ms
08-06 06:15:01.010 10629 10640 I art     : Starting a blocking GC Explicit
08-06 06:15:01.032 10629 10640 I art     : Explicit concurrent mark sweep GC freed 3(96B) AllocSpace objects, 0(0B) LOS objects, 22% free, 53MB/69MB, paused 557us total 21.766ms
08-06 06:15:01.102 13866 13882 I PeriodicStatsRunner: PeriodicStatsRunner.call():175 call()
08-06 06:15:01.102 13866 13882 I PeriodicStatsRunner: PeriodicStatsRunner.call():179 No submit PeriodicStats since input started.
08-06 06:15:01.198   380   380 W SurfaceFlinger: couldn't log to binary event log: overflow.
08-06 06:15:01.295 10629 11773 I art     : Starting a blocking GC Explicit
08-06 06:15:01.320 10629 11773 I art     : Explicit concurrent mark sweep GC freed 1344(78KB) AllocSpace objects, 1(20KB) LOS objects, 22% free, 53MB/69MB, paused 578us total 24.629ms
08-06 06:15:01.330 10629 11773 I art     : Starting a blocking GC Explicit
08-06 06:15:01.355 10629 11773 I art     : Explicit concurrent mark sweep GC freed 117(6KB) AllocSpace objects, 0(0B) LOS objects, 22% free, 53MB/69MB, paused 610us total 25.252ms
08-06 06:15:01.363 10629 11773 I art     : Starting a blocking GC Explicit
08-06 06:15:01.386 10629 11773 I art     : Explicit concurrent mark sweep GC freed 4(128B) AllocSpace objects, 0(0B) LOS objects, 22% free, 53MB/69MB, paused 573us total 22.074ms
08-06 06:15:01.394 10629 11773 I art     : Starting a blocking GC Explicit
08-06 06:15:01.418 10629 11773 I art     : Explicit concurrent mark sweep GC freed 19(656B) AllocSpace objects, 0(0B) LOS objects, 22% free, 53MB/69MB, paused 602us total 23.180ms
08-06 06:15:01.427 10629 11773 I art     : Starting a blocking GC Explicit
08-06 06:15:01.450 10629 11773 I art     : Explicit concurrent mark sweep GC freed 3(96B) AllocSpace objects, 0(0B) LOS objects, 22% free, 53MB/69MB, paused 579us total 23.623ms
08-06 06:15:01.755 10629 10716 I art     : Starting a blocking GC Explicit
08-06 06:15:01.789 10629 10716 I art     : Explicit concurrent mark sweep GC freed 1344(78KB) AllocSpace objects, 1(20KB) LOS objects, 22% free, 53MB/69MB, paused 749us total 33.774ms
08-06 06:15:01.805 10629 10716 I art     : Starting a blocking GC Explicit
08-06 06:15:01.831 10629 10716 I art     : Explicit concurrent mark sweep GC freed 20(704B) AllocSpace objects, 0(0B) LOS objects, 22% free, 53MB/69MB, paused 585us total 25.228ms
08-06 06:15:01.840 10629 10716 I art     : Starting a blocking GC Explicit
08-06 06:15:01.865 10629 10716 I art     : Explicit concurrent mark sweep GC freed 3(96B) AllocSpace objects, 0(0B) LOS objects, 22% free, 53MB/69MB, paused 583us total 24.494ms
08-06 06:15:01.874 10629 10716 I art     : Starting a blocking GC Explicit
08-06 06:15:01.900 10629 10716 I art     : Explicit concurrent mark sweep GC freed 3(96B) AllocSpace objects, 0(0B) LOS objects, 22% free, 53MB/69MB, paused 584us total 24.962ms
08-06 06:15:01.900 10629 10639 I art     : WaitForGcToComplete blocked for 21.129ms for cause HeapTrim
08-06 06:15:01.909 10629 10716 I art     : Starting a blocking GC Explicit
08-06 06:15:01.934 10629 10716 I art     : Explicit concurrent mark sweep GC freed 3(96B) AllocSpace objects, 0(0B) LOS objects, 22% free, 53MB/69MB, paused 589us total 24.341ms
08-06 06:15:02.240 10629 10640 I art     : Starting a blocking GC Explicit
08-06 06:15:02.271 10629 10640 I art     : Explicit concurrent mark sweep GC freed 1344(78KB) AllocSpace objects, 1(20KB) LOS objects, 22% free, 53MB/69MB, paused 586us total 30.165ms
08-06 06:15:02.280 10629 10640 I art     : Starting a blocking GC Explicit
08-06 06:15:02.306 10629 10640 I art     : Explicit concurrent mark sweep GC freed 20(704B) AllocSpace objects, 0(0B) LOS objects, 22% free, 53MB/69MB, paused 585us total 25.051ms
08-06 06:15:02.315 10629 10640 I art     : Starting a blocking GC Explicit
08-06 06:15:02.340 10629 10640 I art     : Explicit concurrent mark sweep GC freed 3(96B) AllocSpace objects, 0(0B) LOS objects, 22% free, 53MB/69MB, paused 582us total 25.206ms
08-06 06:15:02.350 10629 10640 I art     : Starting a blocking GC Explicit
08-06 06:15:02.376 10629 10640 I art     : Explicit concurrent mark sweep GC freed 3(96B) AllocSpace objects, 0(0B) LOS objects, 22% free, 53MB/69MB, paused 596us total 25.847ms
08-06 06:15:02.385 10629 10640 I art     : Starting a blocking GC Explicit
08-06 06:15:02.410 10629 10640 I art     : Explicit concurrent mark sweep GC freed 3(96B) AllocSpace objects, 0(0B) LOS objects, 22% free, 53MB/69MB, paused 573us total 24.711ms
08-06 06:15:02.725 10629 11112 I art     : Starting a blocking GC Explicit
08-06 06:15:02.756 10629 11112 I art     : Explicit concurrent mark sweep GC freed 1344(78KB) AllocSpace objects, 1(20KB) LOS objects, 22% free, 53MB/69MB, paused 635us total 31.305ms
08-06 06:15:02.769 10629 11112 I art     : Starting a blocking GC Explicit
08-06 06:15:02.796 10629 11112 I art     : Explicit concurrent mark sweep GC freed 20(704B) AllocSpace objects, 0(0B) LOS objects, 22% free, 53MB/69MB, paused 587us total 26.551ms
08-06 06:15:02.806 10629 11112 I art     : Starting a blocking GC Explicit
08-06 06:15:02.831 10629 11112 I art     : Explicit concurrent mark sweep GC freed 3(96B) AllocSpace objects, 0(0B) LOS objects, 22% free, 53MB/69MB, paused 596us total 25.524ms
08-06 06:15:02.841 10629 11112 I art     : Starting a blocking GC Explicit
08-06 06:15:02.867 10629 11112 I art     : Explicit concurrent mark sweep GC freed 3(96B) AllocSpace objects, 0(0B) LOS objects, 22% free, 53MB/69MB, paused 585us total 25.470ms
08-06 06:15:02.876 10629 11112 I art     : Starting a blocking GC Explicit
08-06 06:15:02.901 10629 11112 I art     : Explicit concurrent mark sweep GC freed 3(96B) AllocSpace objects, 0(0B) LOS objects, 22% free, 53MB/69MB, paused 589us total 24.778ms
08-06 06:15:03.215 10629 10642 I art     : Starting a blocking GC Explicit
08-06 06:15:03.247 10629 10642 I art     : Explicit concurrent mark sweep GC freed 1344(78KB) AllocSpace objects, 1(20KB) LOS objects, 22% free, 53MB/69MB, paused 634us total 31.497ms
08-06 06:15:03.260 10629 10642 I art     : Starting a blocking GC Explicit
08-06 06:15:03.286 10629 10642 I art     : Explicit concurrent mark sweep GC freed 20(704B) AllocSpace objects, 0(0B) LOS objects, 22% free, 53MB/69MB, paused 587us total 25.626ms
08-06 06:15:03.295 10629 10642 I art     : Starting a blocking GC Explicit
08-06 06:15:03.321 10629 10642 I art     : Explicit concurrent mark sweep GC freed 3(96B) AllocSpace objects, 0(0B) LOS objects, 22% free, 53MB/69MB, paused 596us total 25.271ms
08-06 06:15:03.330 10629 10642 I art     : Starting a blocking GC Explicit
08-06 06:15:03.356 10629 10642 I art     : Explicit concurrent mark sweep GC freed 3(96B) AllocSpace objects, 0(0B) LOS objects, 22% free, 53MB/69MB, paused 583us total 25.148ms
08-06 06:15:03.365 10629 10642 I art     : Starting a blocking GC Explicit
08-06 06:15:03.391 10629 10642 I art     : Explicit concurrent mark sweep GC freed 3(96B) AllocSpace objects, 0(0B) LOS objects, 22% free, 53MB/69MB, paused 666us total 25.345ms
08-06 06:15:03.720 10629 11773 I art     : Starting a blocking GC Explicit
08-06 06:15:03.758 10629 11773 I art     : Explicit concurrent mark sweep GC freed 1344(78KB) AllocSpace objects, 1(20KB) LOS objects, 22% free, 53MB/69MB, paused 775us total 37.422ms
08-06 06:15:03.771 10629 11773 I art     : Starting a blocking GC Explicit
08-06 06:15:03.800 10629 11773 I art     : Explicit concurrent mark sweep GC freed 20(704B) AllocSpace objects, 0(0B) LOS objects, 22% free, 53MB/69MB, paused 584us total 28.800ms
08-06 06:15:03.809 10629 11773 I art     : Starting a blocking GC Explicit
08-06 06:15:03.834 10629 11773 I art     : Explicit concurrent mark sweep GC freed 3(96B) AllocSpace objects, 0(0B) LOS objects, 22% free, 53MB/69MB, paused 542us total 24.957ms
08-06 06:15:03.844 10629 11773 I art     : Starting a blocking GC Explicit
08-06 06:15:03.869 10629 11773 I art     : Explicit concurrent mark sweep GC freed 3(96B) AllocSpace objects, 0(0B) LOS objects, 22% free, 53MB/69MB, paused 590us total 25.089ms
08-06 06:15:03.878 10629 11773 I art     : Starting a blocking GC Explicit
08-06 06:15:03.903 10629 11773 I art     : Explicit concurrent mark sweep GC freed 3(96B) AllocSpace objects, 0(0B) LOS objects, 22% free, 53MB/69MB, paused 589us total 24.655ms
08-06 06:15:04.233 10629 10716 I art     : Starting a blocking GC Explicit
08-06 06:15:04.264 10629 10716 I art     : Explicit concurrent mark sweep GC freed 1344(78KB) AllocSpace objects, 1(20KB) LOS objects, 22% free, 53MB/69MB, paused 642us total 30.919ms
08-06 06:15:04.277 10629 10716 I art     : Starting a blocking GC Explicit
08-06 06:15:04.303 10629 10716 I art     : Explicit concurrent mark sweep GC freed 20(704B) AllocSpace objects, 0(0B) LOS objects, 22% free, 53MB/69MB, paused 719us total 25.447ms
08-06 06:15:04.313 10629 10716 I art     : Starting a blocking GC Explicit
08-06 06:15:04.338 10629 10716 I art     : Explicit concurrent mark sweep GC freed 3(96B) AllocSpace objects, 0(0B) LOS objects, 22% free, 53MB/69MB, paused 595us total 25.458ms
08-06 06:15:04.348 10629 10716 I art     : Starting a blocking GC Explicit
08-06 06:15:04.373 10629 10716 I art     : Explicit concurrent mark sweep GC freed 3(96B) AllocSpace objects, 0(0B) LOS objects, 22% free, 53MB/69MB, paused 603us total 25.337ms
08-06 06:15:04.383 10629 10716 I art     : Starting a blocking GC Explicit
08-06 06:15:04.408 10629 10716 I art     : Explicit concurrent mark sweep GC freed 3(96B) AllocSpace objects, 0(0B) LOS objects, 22% free, 53MB/69MB, paused 596us total 25.348ms
08-06 06:15:04.733 10629 10640 I art     : Starting a blocking GC Explicit
08-06 06:15:04.764 10629 10640 I art     : Explicit concurrent mark sweep GC freed 1344(78KB) AllocSpace objects, 1(20KB) LOS objects, 22% free, 53MB/69MB, paused 635us total 30.981ms
08-06 06:15:04.775 10629 10640 I art     : Starting a blocking GC Explicit
08-06 06:15:04.801 10629 10640 I art     : Explicit concurrent mark sweep GC freed 20(704B) AllocSpace objects, 0(0B) LOS objects, 22% free, 53MB/69MB, paused 582us total 25.035ms
08-06 06:15:04.810 10629 10640 I art     : Starting a blocking GC Explicit
08-06 06:15:04.836 10629 10640 I art     : Explicit concurrent mark sweep GC freed 3(96B) AllocSpace objects, 0(0B) LOS objects, 22% free, 53MB/69MB, paused 581us total 25.346ms
08-06 06:15:04.845 10629 10640 I art     : Starting a blocking GC Explicit
08-06 06:15:04.870 10629 10640 I art     : Explicit concurrent mark sweep GC freed 3(96B) AllocSpace objects, 0(0B) LOS objects, 22% free, 53MB/69MB, paused 590us total 24.545ms
08-06 06:15:04.879 10629 10640 I art     : Starting a blocking GC Explicit
08-06 06:15:04.904 10629 10640 I art     : Explicit concurrent mark sweep GC freed 3(96B) AllocSpace objects, 0(0B) LOS objects, 22% free, 53MB/69MB, paused 591us total 24.873ms
08-06 06:15:05.212 10629 11112 I art     : Starting a blocking GC Explicit
08-06 06:15:05.237 10629 11112 I art     : Explicit concurrent mark sweep GC freed 1365(79KB) AllocSpace objects, 1(20KB) LOS objects, 22% free, 53MB/69MB, paused 647us total 24.946ms
08-06 06:15:05.247 10629 11112 I art     : Starting a blocking GC Explicit
08-06 06:15:05.266   918  1210 D NetlinkSocketObserver: NeighborEvent{elapsedMs=1841109141, 192.168.2.254, [7C3953A63323], RTM_NEWNEIGH, NUD_STALE}
08-06 06:15:05.270 10629 11112 I art     : Explicit concurrent mark sweep GC freed 36(1216B) AllocSpace objects, 0(0B) LOS objects, 22% free, 53MB/69MB, paused 555us total 23.207ms
08-06 06:15:05.279 10629 11112 I art     : Starting a blocking GC Explicit
08-06 06:15:05.302 10629 11112 I art     : Explicit concurrent mark sweep GC freed 3(96B) AllocSpace objects, 0(0B) LOS objects, 22% free, 53MB/69MB, paused 566us total 23.094ms
08-06 06:15:05.311 10629 11112 I art     : Starting a blocking GC Explicit
08-06 06:15:05.334 10629 11112 I art     : Explicit concurrent mark sweep GC freed 3(96B) AllocSpace objects, 0(0B) LOS objects, 22% free, 53MB/69MB, paused 578us total 23.148ms
08-06 06:15:05.343 10629 11112 I art     : Starting a blocking GC Explicit
08-06 06:15:05.367 10629 11112 I art     : Explicit concurrent mark sweep GC freed 3(96B) AllocSpace objects, 0(0B) LOS objects, 22% free, 53MB/69MB, paused 670us total 23.556ms
08-06 06:15:05.517 14991 14991 D AndroidRuntime: >>>>>> START com.android.internal.os.RuntimeInit uid 2000 <<<<<<
08-06 06:15:05.524 14991 14991 D AndroidRuntime: CheckJNI is OFF
08-06 06:15:05.558 14991 14991 D ICU     : No timezone override file found: /data/misc/zoneinfo/current/icu/icu_tzdata.dat
08-06 06:15:05.590 14991 14991 I Radio-JNI: register_android_hardware_Radio DONE
08-06 06:15:05.611 14991 14991 D AndroidRuntime: Calling main entry com.android.commands.input.Input
08-06 06:15:05.613 14991 14991 I Input   : injectKeyEvent: KeyEvent { action=ACTION_DOWN, keyCode=KEYCODE_BACK, scanCode=0, metaState=0, flags=0x0, repeatCount=0, eventTime=857722026, downTime=857722026, deviceId=-1, source=0x101 }
08-06 06:15:05.617 14991 14991 I Input   : injectKeyEvent: KeyEvent { action=ACTION_UP, keyCode=KEYCODE_BACK, scanCode=0, metaState=0, flags=0x0, repeatCount=0, eventTime=857722026, downTime=857722026, deviceId=-1, source=0x101 }
08-06 06:15:05.623 14991 14991 D AndroidRuntime: Shutting down VM
08-06 06:15:05.660 13866 13866 I GoogleInputMethodServic: GoogleInputMethodService.onFinishInput():3138 
08-06 06:15:05.660 10629 11112 I art     : Starting a blocking GC Explicit
08-06 06:15:05.661 13866 13866 I GoogleInputMethodServic: GoogleInputMethodService.onStartInput():1808 
08-06 06:15:05.685 10629 11112 I art     : Explicit concurrent mark sweep GC freed 1518(85KB) AllocSpace objects, 1(20KB) LOS objects, 22% free, 53MB/69MB, paused 682us total 24.848ms
08-06 06:15:05.695 10629 11112 I art     : Starting a blocking GC Explicit
08-06 06:15:05.719 10629 11112 I art     : Explicit concurrent mark sweep GC freed 30(1040B) AllocSpace objects, 0(0B) LOS objects, 22% free, 53MB/69MB, paused 613us total 24.024ms
08-06 06:15:05.728 10629 11112 I art     : Starting a blocking GC Explicit
08-06 06:15:05.748 10629 11112 I art     : Explicit concurrent mark sweep GC freed 6(224B) AllocSpace objects, 0(0B) LOS objects, 22% free, 53MB/69MB, paused 533us total 20.609ms
08-06 06:15:05.757 10629 11112 I art     : Starting a blocking GC Explicit
08-06 06:15:05.778 10629 11112 I art     : Explicit concurrent mark sweep GC freed 3(96B) AllocSpace objects, 0(0B) LOS objects, 22% free, 53MB/69MB, paused 491us total 21.196ms
08-06 06:15:05.787 10629 11112 I art     : Starting a blocking GC Explicit
08-06 06:15:05.809 10629 11112 I art     : Explicit concurrent mark sweep GC freed 3(96B) AllocSpace objects, 0(0B) LOS objects, 22% free, 53MB/69MB, paused 873us total 21.907ms
08-06 06:15:05.942 13866 13882 I PeriodicStatsRunner: PeriodicStatsRunner.call():175 call()
08-06 06:15:05.942 13866 13882 I PeriodicStatsRunner: PeriodicStatsRunner.call():179 No submit PeriodicStats since input started.
08-06 06:15:05.952   380   380 W SurfaceFlinger: couldn't log to binary event log: overflow.
08-06 06:15:06.067 10629 11112 I art     : Starting a blocking GC Explicit
08-06 06:15:06.092 10629 11112 I art     : Explicit concurrent mark sweep GC freed 1453(86KB) AllocSpace objects, 1(20KB) LOS objects, 22% free, 53MB/69MB, paused 588us total 24.519ms
08-06 06:15:06.101 10629 11112 I art     : Starting a blocking GC Explicit
08-06 06:15:06.126 10629 11112 I art     : Explicit concurrent mark sweep GC freed 1566(104KB) AllocSpace objects, 2(68KB) LOS objects, 23% free, 53MB/69MB, paused 558us total 24.036ms
08-06 06:15:06.135 10629 11112 I art     : Starting a blocking GC Explicit
08-06 06:15:06.159 10629 11112 I art     : Explicit concurrent mark sweep GC freed 3(96B) AllocSpace objects, 0(0B) LOS objects, 23% free, 53MB/69MB, paused 564us total 24.120ms
08-06 06:15:06.168 10629 11112 I art     : Starting a blocking GC Explicit
08-06 06:15:06.192 10629 11112 I art     : Explicit concurrent mark sweep GC freed 3(96B) AllocSpace objects, 0(0B) LOS objects, 23% free, 53MB/69MB, paused 616us total 23.812ms
08-06 06:15:06.201 10629 11112 I art     : Starting a blocking GC Explicit
08-06 06:15:06.226 10629 11112 I art     : Explicit concurrent mark sweep GC freed 3(96B) AllocSpace objects, 0(0B) LOS objects, 23% free, 53MB/69MB, paused 565us total 23.957ms
08-06 06:15:06.533 10629 10640 I art     : Starting a blocking GC Explicit
08-06 06:15:06.564 10629 10640 I art     : Explicit concurrent mark sweep GC freed 1344(78KB) AllocSpace objects, 1(20KB) LOS objects, 23% free, 53MB/69MB, paused 609us total 31.030ms
08-06 06:15:06.578 10629 10640 I art     : Starting a blocking GC Explicit
08-06 06:15:06.602 10629 10640 I art     : Explicit concurrent mark sweep GC freed 20(704B) AllocSpace objects, 0(0B) LOS objects, 23% free, 53MB/69MB, paused 571us total 24.212ms
08-06 06:15:06.611 10629 10640 I art     : Starting a blocking GC Explicit
08-06 06:15:06.635 10629 10640 I art     : Explicit concurrent mark sweep GC freed 3(96B) AllocSpace objects, 0(0B) LOS objects, 23% free, 53MB/69MB, paused 668us total 23.760ms
08-06 06:15:06.645 10629 10640 I art     : Starting a blocking GC Explicit
08-06 06:15:06.669 10629 10640 I art     : Explicit concurrent mark sweep GC freed 3(96B) AllocSpace objects, 0(0B) LOS objects, 23% free, 53MB/69MB, paused 574us total 23.999ms
08-06 06:15:06.678 10629 10640 I art     : Starting a blocking GC Explicit
08-06 06:15:06.701 10629 10640 I art     : Explicit concurrent mark sweep GC freed 3(96B) AllocSpace objects, 0(0B) LOS objects, 23% free, 53MB/69MB, paused 565us total 23.299ms
08-06 06:15:06.970 10629 11773 I art     : Starting a blocking GC Explicit
08-06 06:15:06.995 10629 11773 I art     : Explicit concurrent mark sweep GC freed 1344(78KB) AllocSpace objects, 1(20KB) LOS objects, 23% free, 53MB/69MB, paused 584us total 24.265ms
08-06 06:15:07.004 10629 11773 I art     : Starting a blocking GC Explicit
08-06 06:15:07.028 10629 11773 I art     : Explicit concurrent mark sweep GC freed 20(704B) AllocSpace objects, 0(0B) LOS objects, 23% free, 53MB/69MB, paused 623us total 23.777ms
08-06 06:15:07.037 10629 11773 I art     : Starting a blocking GC Explicit
08-06 06:15:07.060 10629 11773 I art     : Explicit concurrent mark sweep GC freed 3(96B) AllocSpace objects, 0(0B) LOS objects, 23% free, 53MB/69MB, paused 579us total 23.220ms
08-06 06:15:07.069 10629 11773 I art     : Starting a blocking GC Explicit
08-06 06:15:07.092 10629 11773 I art     : Explicit concurrent mark sweep GC freed 3(96B) AllocSpace objects, 0(0B) LOS objects, 23% free, 53MB/69MB, paused 567us total 22.574ms
08-06 06:15:07.100 10629 11773 I art     : Starting a blocking GC Explicit
08-06 06:15:07.123 10629 11773 I art     : Explicit concurrent mark sweep GC freed 3(96B) AllocSpace objects, 0(0B) LOS objects, 23% free, 53MB/69MB, paused 573us total 22.793ms
08-06 06:15:07.292 15047 15047 D AndroidRuntime: >>>>>> START com.android.internal.os.RuntimeInit uid 2000 <<<<<<
08-06 06:15:07.298 15047 15047 D AndroidRuntime: CheckJNI is OFF
08-06 06:15:07.331 15047 15047 D ICU     : No timezone override file found: /data/misc/zoneinfo/current/icu/icu_tzdata.dat
08-06 06:15:07.364 15047 15047 I Radio-JNI: register_android_hardware_Radio DONE
08-06 06:15:07.386 15047 15047 D AndroidRuntime: Calling main entry com.android.commands.input.Input
08-06 06:15:07.387 15047 15047 I Input   : injectKeyEvent: KeyEvent { action=ACTION_DOWN, keyCode=KEYCODE_BACK, scanCode=0, metaState=0, flags=0x0, repeatCount=0, eventTime=857723800, downTime=857723800, deviceId=-1, source=0x101 }
08-06 06:15:07.391 15047 15047 I Input   : injectKeyEvent: KeyEvent { action=ACTION_UP, keyCode=KEYCODE_BACK, scanCode=0, metaState=0, flags=0x0, repeatCount=0, eventTime=857723800, downTime=857723800, deviceId=-1, source=0x101 }
08-06 06:15:07.396 15047 15047 D AndroidRuntime: Shutting down VM
08-06 06:15:07.422 10629 11773 I art     : Starting a blocking GC Explicit
08-06 06:15:07.431 13866 13866 I GoogleInputMethodServic: GoogleInputMethodService.onFinishInput():3138 
08-06 06:15:07.433 13866 13866 I GoogleInputMethodServic: GoogleInputMethodService.onStartInput():1808 
08-06 06:15:07.444 10629 11773 I art     : Explicit concurrent mark sweep GC freed 1538(86KB) AllocSpace objects, 1(20KB) LOS objects, 23% free, 53MB/69MB, paused 544us total 22.584ms
08-06 06:15:07.453 10629 11773 I art     : Starting a blocking GC Explicit
08-06 06:15:07.476 10629 11773 I art     : Explicit concurrent mark sweep GC freed 39(1360B) AllocSpace objects, 0(0B) LOS objects, 23% free, 53MB/69MB, paused 549us total 22.423ms
08-06 06:15:07.484 10629 11773 I art     : Starting a blocking GC Explicit
08-06 06:15:07.503 10629 11773 I art     : Explicit concurrent mark sweep GC freed 3(96B) AllocSpace objects, 0(0B) LOS objects, 23% free, 53MB/69MB, paused 503us total 19.677ms
08-06 06:15:07.512 10629 11773 I art     : Starting a blocking GC Explicit
08-06 06:15:07.533 10629 11773 I art     : Explicit concurrent mark sweep GC freed 3(96B) AllocSpace objects, 0(0B) LOS objects, 23% free, 53MB/69MB, paused 553us total 20.931ms
08-06 06:15:07.541 10629 11773 I art     : Starting a blocking GC Explicit
08-06 06:15:07.564 10629 11773 I art     : Explicit concurrent mark sweep GC freed 3(96B) AllocSpace objects, 0(0B) LOS objects, 23% free, 53MB/69MB, paused 510us total 22.114ms
08-06 06:15:07.820 10629 11773 I art     : Starting a blocking GC Explicit
08-06 06:15:07.846 10629 11773 I art     : Explicit concurrent mark sweep GC freed 2020(110KB) AllocSpace objects, 1(20KB) LOS objects, 23% free, 53MB/69MB, paused 599us total 25.664ms
08-06 06:15:07.857 10629 11773 I art     : Starting a blocking GC Explicit
08-06 06:15:07.880 10629 11773 I art     : Explicit concurrent mark sweep GC freed 2678(174KB) AllocSpace objects, 1(28KB) LOS objects, 23% free, 53MB/69MB, paused 588us total 23.198ms
08-06 06:15:07.890 10629 11773 I art     : Starting a blocking GC Explicit
08-06 06:15:07.912 10629 11773 I art     : Explicit concurrent mark sweep GC freed 3(96B) AllocSpace objects, 0(0B) LOS objects, 23% free, 53MB/69MB, paused 558us total 22.253ms
08-06 06:15:07.921 10629 11773 I art     : Starting a blocking GC Explicit
08-06 06:15:07.944 10629 11773 I art     : Explicit concurrent mark sweep GC freed 3(96B) AllocSpace objects, 0(0B) LOS objects, 23% free, 53MB/69MB, paused 588us total 22.571ms
08-06 06:15:07.953 10629 11773 I art     : Starting a blocking GC Explicit
08-06 06:15:07.977 10629 11773 I art     : Explicit concurrent mark sweep GC freed 3(96B) AllocSpace objects, 0(0B) LOS objects, 23% free, 53MB/69MB, paused 678us total 23.481ms
08-06 06:15:08.274 10629 10642 I art     : Starting a blocking GC Explicit
08-06 06:15:08.301 10629 10642 I art     : Explicit concurrent mark sweep GC freed 1344(78KB) AllocSpace objects, 1(20KB) LOS objects, 23% free, 53MB/69MB, paused 629us total 26.445ms
08-06 06:15:08.313 10629 10642 I art     : Starting a blocking GC Explicit
08-06 06:15:08.337 10629 10642 I art     : Explicit concurrent mark sweep GC freed 20(704B) AllocSpace objects, 0(0B) LOS objects, 23% free, 53MB/69MB, paused 566us total 23.627ms
08-06 06:15:08.346 10629 10642 I art     : Starting a blocking GC Explicit
08-06 06:15:08.369 10629 10642 I art     : Explicit concurrent mark sweep GC freed 3(96B) AllocSpace objects, 0(0B) LOS objects, 23% free, 53MB/69MB, paused 563us total 22.940ms
08-06 06:15:08.378 10629 10642 I art     : Starting a blocking GC Explicit
08-06 06:15:08.400 10629 10642 I art     : Explicit concurrent mark sweep GC freed 3(96B) AllocSpace objects, 0(0B) LOS objects, 23% free, 53MB/69MB, paused 515us total 22.268ms
08-06 06:15:08.409 10629 10642 I art     : Starting a blocking GC Explicit
08-06 06:15:08.433 10629 10642 I art     : Explicit concurrent mark sweep GC freed 3(96B) AllocSpace objects, 0(0B) LOS objects, 23% free, 53MB/69MB, paused 580us total 23.282ms
08-06 06:15:08.719 10629 10716 I art     : Starting a blocking GC Explicit
08-06 06:15:08.743 10629 10716 I art     : Explicit concurrent mark sweep GC freed 1341(78KB) AllocSpace objects, 1(20KB) LOS objects, 23% free, 53MB/69MB, paused 612us total 22.971ms
08-06 06:15:08.752 10629 10716 I art     : Starting a blocking GC Explicit
08-06 06:15:08.774 10629 10716 I art     : Explicit concurrent mark sweep GC freed 20(704B) AllocSpace objects, 0(0B) LOS objects, 23% free, 53MB/69MB, paused 592us total 22.687ms
08-06 06:15:08.783 10629 10716 I art     : Starting a blocking GC Explicit
08-06 06:15:08.806 10629 10716 I art     : Explicit concurrent mark sweep GC freed 3(96B) AllocSpace objects, 0(0B) LOS objects, 23% free, 53MB/69MB, paused 559us total 22.130ms
08-06 06:15:08.814 10629 10716 I art     : Starting a blocking GC Explicit
08-06 06:15:08.836 10629 10716 I art     : Explicit concurrent mark sweep GC freed 3(96B) AllocSpace objects, 0(0B) LOS objects, 23% free, 53MB/69MB, paused 561us total 21.939ms
08-06 06:15:08.845 10629 10716 I art     : Starting a blocking GC Explicit
08-06 06:15:08.868 10629 10716 I art     : Explicit concurrent mark sweep GC freed 3(96B) AllocSpace objects, 0(0B) LOS objects, 23% free, 53MB/69MB, paused 591us total 22.272ms
08-06 06:15:09.105 15131 15131 D AndroidRuntime: >>>>>> START com.android.internal.os.RuntimeInit uid 2000 <<<<<<
08-06 06:15:09.110 15131 15131 D AndroidRuntime: CheckJNI is OFF
08-06 06:15:09.144 15131 15131 D ICU     : No timezone override file found: /data/misc/zoneinfo/current/icu/icu_tzdata.dat
08-06 06:15:09.157 10629 11112 I art     : Starting a blocking GC Explicit
08-06 06:15:09.179 15131 15131 I Radio-JNI: register_android_hardware_Radio DONE
08-06 06:15:09.181 10629 11112 I art     : Explicit concurrent mark sweep GC freed 1341(78KB) AllocSpace objects, 1(20KB) LOS objects, 23% free, 53MB/69MB, paused 618us total 23.162ms
08-06 06:15:09.190 10629 11112 I art     : Starting a blocking GC Explicit
08-06 06:15:09.202 15131 15131 D AndroidRuntime: Calling main entry com.android.commands.am.Am
08-06 06:15:09.212 10629 11112 I art     : Explicit concurrent mark sweep GC freed 20(704B) AllocSpace objects, 0(0B) LOS objects, 23% free, 53MB/69MB, paused 542us total 21.790ms
08-06 06:15:09.212  3167  3167 I Trepn   : Trepn 6.2s: Received intent: com.quicinc.trepn.stop_profiling
08-06 06:15:09.221 10629 11112 I art     : Starting a blocking GC Explicit
08-06 06:15:09.242 10629 11112 I art     : Explicit concurrent mark sweep GC freed 3(96B) AllocSpace objects, 0(0B) LOS objects, 23% free, 53MB/69MB, paused 510us total 21.037ms
08-06 06:15:09.250 10629 11112 I art     : Starting a blocking GC Explicit
08-06 06:15:09.258  3167  3167 I Trepn   : Trepn 6.2s: Trepn has Stopped Profiling.
08-06 06:15:09.271 10629 11112 I art     : Explicit concurrent mark sweep GC freed 3(96B) AllocSpace objects, 0(0B) LOS objects, 23% free, 53MB/69MB, paused 557us total 20.775ms
08-06 06:15:09.280 10629 11112 I art     : Starting a blocking GC Explicit
08-06 06:15:09.301 10629 11112 I art     : Explicit concurrent mark sweep GC freed 3(96B) AllocSpace objects, 0(0B) LOS objects, 23% free, 53MB/69MB, paused 556us total 20.591ms
08-06 06:15:09.484 15131 15131 D AndroidRuntime: Shutting down VM
08-06 06:15:09.487   918  3714 W AppOps  : Finishing op nesting under-run: uid 10078 pkg com.quicinc.trepn code 24 time=0 duration=0 nesting=0
08-06 06:15:09.588 10629 10640 I art     : Starting a blocking GC Explicit
08-06 06:15:09.612 10629 10640 I art     : Explicit concurrent mark sweep GC freed 1341(78KB) AllocSpace objects, 1(20KB) LOS objects, 23% free, 53MB/69MB, paused 552us total 23.181ms
08-06 06:15:09.623 10629 10640 I art     : Starting a blocking GC Explicit
08-06 06:15:09.647 10629 10640 I art     : Explicit concurrent mark sweep GC freed 20(704B) AllocSpace objects, 0(0B) LOS objects, 23% free, 53MB/69MB, paused 720us total 23.634ms
08-06 06:15:09.656 10629 10640 I art     : Starting a blocking GC Explicit
08-06 06:15:09.681 10629 10640 I art     : Explicit concurrent mark sweep GC freed 3(96B) AllocSpace objects, 0(0B) LOS objects, 23% free, 53MB/69MB, paused 570us total 24.085ms
08-06 06:15:09.690 10629 10640 I art     : Starting a blocking GC Explicit
08-06 06:15:09.713 10629 10640 I art     : Explicit concurrent mark sweep GC freed 3(96B) AllocSpace objects, 0(0B) LOS objects, 23% free, 53MB/69MB, paused 538us total 22.884ms
08-06 06:15:09.722 10629 10640 I art     : Starting a blocking GC Explicit
08-06 06:15:09.744 10629 10640 I art     : Explicit concurrent mark sweep GC freed 3(96B) AllocSpace objects, 0(0B) LOS objects, 23% free, 53MB/69MB, paused 540us total 21.974ms
08-06 06:15:10.007 10629 10642 I art     : Starting a blocking GC Explicit
08-06 06:15:10.030 10629 10642 I art     : Explicit concurrent mark sweep GC freed 1341(78KB) AllocSpace objects, 1(20KB) LOS objects, 23% free, 53MB/69MB, paused 650us total 23.181ms
08-06 06:15:10.040 10629 10642 I art     : Starting a blocking GC Explicit
08-06 06:15:10.061 10629 10642 I art     : Explicit concurrent mark sweep GC freed 38(1376B) AllocSpace objects, 0(0B) LOS objects, 23% free, 53MB/69MB, paused 507us total 21.126ms
08-06 06:15:10.070 10629 10642 I art     : Starting a blocking GC Explicit
08-06 06:15:10.092 10629 10642 I art     : Explicit concurrent mark sweep GC freed 3(96B) AllocSpace objects, 0(0B) LOS objects, 23% free, 53MB/69MB, paused 557us total 21.339ms
08-06 06:15:10.101 10629 10642 I art     : Starting a blocking GC Explicit
08-06 06:15:10.122 10629 10642 I art     : Explicit concurrent mark sweep GC freed 3(96B) AllocSpace objects, 0(0B) LOS objects, 23% free, 53MB/69MB, paused 599us total 21.520ms
08-06 06:15:10.131 10629 10642 I art     : Starting a blocking GC Explicit
08-06 06:15:10.153 10629 10642 I art     : Explicit concurrent mark sweep GC freed 3(96B) AllocSpace objects, 0(0B) LOS objects, 23% free, 53MB/69MB, paused 633us total 21.141ms
08-06 06:15:10.667 13866 13882 I PeriodicStatsRunner: PeriodicStatsRunner.call():175 call()
08-06 06:15:10.667 13866 13882 I PeriodicStatsRunner: PeriodicStatsRunner.call():179 No submit PeriodicStats since input started.
