--------- beginning of main
08-06 05:23:57.649 32067 32067 I ServiceManager: Waiting for service AtCmdFwd...
08-06 05:23:57.953   322   322 D AndroidRuntime: >>>>>> START com.android.internal.os.RuntimeInit uid 2000 <<<<<<
08-06 05:23:57.960   322   322 D AndroidRuntime: CheckJNI is OFF
08-06 05:23:57.993   322   322 D ICU     : No timezone override file found: /data/misc/zoneinfo/current/icu/icu_tzdata.dat
08-06 05:23:58.025   322   322 I Radio-JNI: register_android_hardware_Radio DONE
08-06 05:23:58.044   322   322 D AndroidRuntime: Calling main entry com.android.commands.monkey.Monkey
--------- beginning of system
08-06 05:23:58.063   918   931 W BroadcastQueue: Skipping deliver [background] BroadcastRecord{22b4543 u-1 android.net.conn.CONNECTIVITY_CHANGE} to ReceiverList{5917c0 322 (unknown name)/2000/u-1 remote:e734dfd}: process crashing
08-06 05:23:58.074   918  3670 I ActivityManager: START u0 {act=android.intent.action.MAIN cat=[android.intent.category.LAUNCHER] flg=0x10200000 cmp=baseline.appteam.nith.hillffair/.activities.SplashActivity} from uid 2000 on display 0
08-06 05:23:58.114   356   356 I art     : Late-enabling -Xcheck:jni
08-06 05:23:58.118   918  6110 I ActivityManager: Start proc 356:baseline.appteam.nith.hillffair/u0a697 for activity baseline.appteam.nith.hillffair/.activities.SplashActivity
08-06 05:23:58.137   322   322 I art     : System.exit called, status: 0
08-06 05:23:58.137   322   322 I AndroidRuntime: VM exiting with result code 0.
08-06 05:23:58.182 16458  6583 I PBSessionCacheImpl: Deleted sessionId[72384646105454640] from persistence.
08-06 05:23:58.191 16458 16488 W SearchServiceCore: Abort, client detached.
08-06 05:23:58.191 16458 16488 I MicroDetectionState: Should stop hotword detection immediately - true
08-06 05:23:58.257   356   356 W System  : ClassLoader referenced unknown path: /data/app/baseline.appteam.nith.hillffair-1/lib/arm64
08-06 05:23:58.332   356   356 W OneSignal: GCM Library detected, please upgrade to Firebase FCM library as GCM is deprecated!
08-06 05:23:58.429   356   356 W art     : Before Android 4.1, method android.graphics.PorterDuffColorFilter androidx.vectordrawable.graphics.drawable.VectorDrawableCompat.updateTintFilter(android.graphics.PorterDuffColorFilter, android.content.res.ColorStateList, android.graphics.PorterDuff$Mode) would have incorrectly overridden the package-private method in android.graphics.drawable.Drawable
08-06 05:23:58.457   356   356 I art     : Rejecting re-init on previously-failed class java.lang.Class<androidx.core.view.ViewCompat$2>
08-06 05:23:58.457   356   356 I art     : Rejecting re-init on previously-failed class java.lang.Class<androidx.core.view.ViewCompat$2>
08-06 05:23:58.512   356   405 D OpenGLRenderer: Use EGL_SWAP_BEHAVIOR_PRESERVED: true
08-06 05:23:58.554   356   405 I Adreno  : QUALCOMM build                   : fcf4852, I1af360237c
08-06 05:23:58.554   356   405 I Adreno  : Build Date                       : 09/23/15
08-06 05:23:58.554   356   405 I Adreno  : OpenGL ES Shader Compiler Version: XE031.05.13.02
08-06 05:23:58.554   356   405 I Adreno  : Local Branch                     : mybranch14465806
08-06 05:23:58.554   356   405 I Adreno  : Remote Branch                    : quic/LA.BF64.1.2.9_v2
08-06 05:23:58.554   356   405 I Adreno  : Remote Branch                    : NONE
08-06 05:23:58.554   356   405 I Adreno  : Reconstruct Branch               : NOTHING
08-06 05:23:58.563   356   405 I OpenGLRenderer: Initialized EGL, version 1.4
08-06 05:23:58.604 13866 13866 I GoogleInputMethodServic: GoogleInputMethodService.onFinishInput():3138 
08-06 05:23:58.606 13866 13866 I GoogleInputMethodServic: GoogleInputMethodService.onStartInput():1808 
08-06 05:23:58.648   918   936 I ActivityManager: Displayed baseline.appteam.nith.hillffair/.activities.SplashActivity: +566ms
08-06 05:23:58.649 32067 32067 W Atfwd_Sendcmd: AtCmdFwd service not published, waiting... retryCnt : 1
08-06 05:23:59.224   356   433 W GCM     : GCM SDK is deprecated, baseline.appteam.nith.hillffair should update to use FCM
08-06 05:23:59.480 24365 32102 W Conscrypt: Could not set socket write timeout: java.net.SocketException: Socket closed
08-06 05:23:59.481 24365 32102 E art     : invalid stream - problem with parameter iterator in /data/app/com.google.android.gms-2/base.apk:classes3.dex for method void com.google.android.gms.org.conscrypt.ConscryptFileDescriptorSocket.setSoWriteTimeout(int)
08-06 05:23:59.482 24365 32102 W Conscrypt: 	at com.google.android.gms.org.conscrypt.Platform.setSocketWriteTimeout(:com.google.android.gms@202614019@20.26.14 (040400-320008519):2)
08-06 05:23:59.482 24365 32102 W Conscrypt: 	at com.google.android.gms.org.conscrypt.ConscryptFileDescriptorSocket.setSoWriteTimeout(:com.google.android.gms@202614019@20.26.14 (040400-320008519))
08-06 05:23:59.511 24365 32102 W Conscrypt: Could not set socket write timeout: java.net.SocketException: Socket closed
08-06 05:23:59.511 24365 32102 E art     : invalid stream - problem with parameter iterator in /data/app/com.google.android.gms-2/base.apk:classes3.dex for method void com.google.android.gms.org.conscrypt.ConscryptFileDescriptorSocket.setSoWriteTimeout(int)
08-06 05:23:59.512 24365 32102 W Conscrypt: 	at com.google.android.gms.org.conscrypt.Platform.setSocketWriteTimeout(:com.google.android.gms@202614019@20.26.14 (040400-320008519):2)
08-06 05:23:59.512 24365 32102 W Conscrypt: 	at com.google.android.gms.org.conscrypt.ConscryptFileDescriptorSocket.setSoWriteTimeout(:com.google.android.gms@202614019@20.26.14 (040400-320008519))
08-06 05:23:59.575 24365 32102 W Conscrypt: Could not set socket write timeout: java.net.SocketException: Socket closed
08-06 05:23:59.576 24365 32102 E art     : invalid stream - problem with parameter iterator in /data/app/com.google.android.gms-2/base.apk:classes3.dex for method void com.google.android.gms.org.conscrypt.ConscryptFileDescriptorSocket.setSoWriteTimeout(int)
08-06 05:23:59.576 24365 32102 W Conscrypt: 	at com.google.android.gms.org.conscrypt.Platform.setSocketWriteTimeout(:com.google.android.gms@202614019@20.26.14 (040400-320008519):2)
08-06 05:23:59.576 24365 32102 W Conscrypt: 	at com.google.android.gms.org.conscrypt.ConscryptFileDescriptorSocket.setSoWriteTimeout(:com.google.android.gms@202614019@20.26.14 (040400-320008519))
08-06 05:23:59.594 24365 32102 W Conscrypt: Could not set socket write timeout: java.net.SocketException: Socket closed
08-06 05:23:59.594 24365 32102 E art     : invalid stream - problem with parameter iterator in /data/app/com.google.android.gms-2/base.apk:classes3.dex for method void com.google.android.gms.org.conscrypt.ConscryptFileDescriptorSocket.setSoWriteTimeout(int)
08-06 05:23:59.595 24365 32102 W Conscrypt: 	at com.google.android.gms.org.conscrypt.Platform.setSocketWriteTimeout(:com.google.android.gms@202614019@20.26.14 (040400-320008519):2)
08-06 05:23:59.595 24365 32102 W Conscrypt: 	at com.google.android.gms.org.conscrypt.ConscryptFileDescriptorSocket.setSoWriteTimeout(:com.google.android.gms@202614019@20.26.14 (040400-320008519))
08-06 05:23:59.689   447   447 D AndroidRuntime: >>>>>> START com.android.internal.os.RuntimeInit uid 2000 <<<<<<
08-06 05:23:59.696   447   447 D AndroidRuntime: CheckJNI is OFF
08-06 05:23:59.728   447   447 D ICU     : No timezone override file found: /data/misc/zoneinfo/current/icu/icu_tzdata.dat
08-06 05:23:59.761   447   447 I Radio-JNI: register_android_hardware_Radio DONE
08-06 05:23:59.774   356   433 E OneSignal: Error Getting GCM Token
08-06 05:23:59.774   356   433 E OneSignal: java.io.IOException: INVALID_SENDER
08-06 05:23:59.774   356   433 E OneSignal: 	at com.google.android.gms.gcm.GoogleCloudMessaging.zzd(Unknown Source)
08-06 05:23:59.774   356   433 E OneSignal: 	at com.google.android.gms.gcm.GoogleCloudMessaging.register(Unknown Source)
08-06 05:23:59.774   356   433 E OneSignal: 	at com.onesignal.PushRegistratorGCM.getToken(PushRegistratorGCM.java:42)
08-06 05:23:59.774   356   433 E OneSignal: 	at com.onesignal.PushRegistratorAbstractGoogle.attemptRegistration(PushRegistratorAbstractGoogle.java:97)
08-06 05:23:59.774   356   433 E OneSignal: 	at com.onesignal.PushRegistratorAbstractGoogle.access$100(PushRegistratorAbstractGoogle.java:37)
08-06 05:23:59.774   356   433 E OneSignal: 	at com.onesignal.PushRegistratorAbstractGoogle$1.run(PushRegistratorAbstractGoogle.java:84)
08-06 05:23:59.774   356   433 E OneSignal: 	at java.lang.Thread.run(Thread.java:818)
08-06 05:23:59.778   447   447 D AndroidRuntime: Calling main entry com.android.commands.am.Am
08-06 05:23:59.795 24365 32102 I NetworkScheduler.Stats: Task com.google.android.apps.gcs/ started execution. cause:1 exec_start_elapsed_seconds: 1838043 [CONTEXT service_id=218 ]
08-06 05:23:59.795   356   460 I art     : Rejecting re-init on previously-failed class java.lang.Class<com.onesignal.OneSignalChromeTab$OneSignalCustomTabsServiceConnection>
08-06 05:23:59.796   356   460 I art     : Rejecting re-init on previously-failed class java.lang.Class<com.onesignal.OneSignalChromeTab$OneSignalCustomTabsServiceConnection>
08-06 05:23:59.799  3167  3167 I Trepn   : Trepn 6.2s: Received intent: com.quicinc.trepn.start_profiling
08-06 05:23:59.809 17637   463 W Gcs.WfaEliRefreshTask: [28490] afk.b: NULL eligibility response.
08-06 05:23:59.819 24365 32102 I NetworkScheduler.Stats: Task com.google.android.apps.gcs/ finished executing. cause:1 result: 3 elapsed_millis: 28 uptime_millis: 28 exec_start_elapsed_seconds: 1838043 [CONTEXT service_id=218 ]
08-06 05:23:59.865  3167  3167 W FileUtils: Failed to chmod(/storage/emulated/0/trepn/Trepn_2020.08.06_052359.db): android.system.ErrnoException: chmod failed: EPERM (Operation not permitted)
08-06 05:23:59.933  3167  3167 I Trepn   : Trepn 6.2s: Trepn has Started Profiling.
08-06 05:23:59.934   447   447 D AndroidRuntime: Shutting down VM
08-06 05:23:59.994   918  3714 I ActivityManager: START u0 {cmp=baseline.appteam.nith.hillffair/.activities.WelcomeActivity} from uid 10697 on display 0
08-06 05:24:00.017   918  3670 I ActivityManager: START u0 {cmp=baseline.appteam.nith.hillffair/.activities.HomeActivity} from uid 10697 on display 0
08-06 05:24:00.029   918  3670 W ActivityManager: Duplicate finish request for ActivityRecord{e3c6e76 u0 baseline.appteam.nith.hillffair/.activities.WelcomeActivity t4356 f}
08-06 05:24:00.328   356   369 I art     : Starting a blocking GC Explicit
08-06 05:24:00.352   356   369 I art     : Explicit concurrent mark sweep GC freed 1587(296KB) AllocSpace objects, 0(0B) LOS objects, 25% free, 47MB/63MB, paused 395us total 24.104ms
08-06 05:24:00.358   356   369 I art     : Starting a blocking GC Explicit
08-06 05:24:00.370   356   369 I art     : Explicit concurrent mark sweep GC freed 446(108KB) AllocSpace objects, 0(0B) LOS objects, 25% free, 47MB/63MB, paused 299us total 11.492ms
08-06 05:24:00.375   356   369 I art     : Starting a blocking GC Explicit
08-06 05:24:00.387   356   369 I art     : Explicit concurrent mark sweep GC freed 267(11KB) AllocSpace objects, 0(0B) LOS objects, 25% free, 47MB/63MB, paused 274us total 11.646ms
08-06 05:24:00.393   356   369 I art     : Starting a blocking GC Explicit
08-06 05:24:00.403   356   369 I art     : Explicit concurrent mark sweep GC freed 45(2480B) AllocSpace objects, 0(0B) LOS objects, 25% free, 47MB/63MB, paused 146us total 10.207ms
08-06 05:24:00.409   356   369 I art     : Starting a blocking GC Explicit
08-06 05:24:00.420   356   369 I art     : Explicit concurrent mark sweep GC freed 3(96B) AllocSpace objects, 0(0B) LOS objects, 25% free, 47MB/63MB, paused 144us total 10.081ms
08-06 05:24:00.477   918   936 I ActivityManager: Displayed baseline.appteam.nith.hillffair/.activities.HomeActivity: +405ms (total +474ms)
08-06 05:24:00.477 13866 13866 I GoogleInputMethodServic: GoogleInputMethodService.onFinishInput():3138 
08-06 05:24:00.478 13866 13866 I GoogleInputMethodServic: GoogleInputMethodService.onStartInput():1808 
08-06 05:24:00.681   356   547 I art     : Starting a blocking GC Explicit
08-06 05:24:00.701   356   547 I art     : Explicit concurrent mark sweep GC freed 1617(126KB) AllocSpace objects, 1(20KB) LOS objects, 24% free, 48MB/64MB, paused 192us total 18.685ms
08-06 05:24:00.709   356   547 I art     : Starting a blocking GC Explicit
08-06 05:24:00.723   356   547 I art     : Explicit concurrent mark sweep GC freed 1027(71KB) AllocSpace objects, 0(0B) LOS objects, 25% free, 47MB/63MB, paused 157us total 13.929ms
08-06 05:24:00.726   380   380 W SurfaceFlinger: couldn't log to binary event log: overflow.
08-06 05:24:00.732   356   547 I art     : Starting a blocking GC Explicit
08-06 05:24:00.743   356   547 I art     : Explicit concurrent mark sweep GC freed 3(96B) AllocSpace objects, 0(0B) LOS objects, 25% free, 47MB/63MB, paused 134us total 11.378ms
08-06 05:24:00.749   356   547 I art     : Starting a blocking GC Explicit
08-06 05:24:00.760   356   547 I art     : Explicit concurrent mark sweep GC freed 3(96B) AllocSpace objects, 0(0B) LOS objects, 25% free, 47MB/63MB, paused 132us total 10.422ms
08-06 05:24:00.765   356   547 I art     : Starting a blocking GC Explicit
08-06 05:24:00.776   356   547 I art     : Explicit concurrent mark sweep GC freed 3(96B) AllocSpace objects, 0(0B) LOS objects, 25% free, 47MB/63MB, paused 136us total 10.311ms
08-06 05:24:01.065   356   368 I art     : Starting a blocking GC Explicit
08-06 05:24:01.080   356   368 I art     : Explicit concurrent mark sweep GC freed 2022(113KB) AllocSpace objects, 1(20KB) LOS objects, 25% free, 47MB/63MB, paused 171us total 13.993ms
08-06 05:24:01.087   356   368 I art     : Starting a blocking GC Explicit
08-06 05:24:01.099   356   368 I art     : Explicit concurrent mark sweep GC freed 908(59KB) AllocSpace objects, 0(0B) LOS objects, 25% free, 47MB/63MB, paused 159us total 12.055ms
08-06 05:24:01.105   356   368 I art     : Starting a blocking GC Explicit
08-06 05:24:01.117   356   368 I art     : Explicit concurrent mark sweep GC freed 3(96B) AllocSpace objects, 0(0B) LOS objects, 25% free, 47MB/63MB, paused 160us total 11.648ms
08-06 05:24:01.123   356   368 I art     : Starting a blocking GC Explicit
08-06 05:24:01.135   356   368 I art     : Explicit concurrent mark sweep GC freed 3(96B) AllocSpace objects, 0(0B) LOS objects, 25% free, 47MB/63MB, paused 153us total 11.369ms
08-06 05:24:01.141   356   368 I art     : Starting a blocking GC Explicit
08-06 05:24:01.152   356   368 I art     : Explicit concurrent mark sweep GC freed 3(96B) AllocSpace objects, 0(0B) LOS objects, 25% free, 47MB/63MB, paused 153us total 11.331ms
08-06 05:24:01.453   356   547 I art     : Starting a blocking GC Explicit
08-06 05:24:01.470   356   547 I art     : Explicit concurrent mark sweep GC freed 1342(78KB) AllocSpace objects, 1(20KB) LOS objects, 25% free, 47MB/63MB, paused 155us total 15.984ms
08-06 05:24:01.476   356   547 I art     : Starting a blocking GC Explicit
08-06 05:24:01.489   356   547 I art     : Explicit concurrent mark sweep GC freed 20(704B) AllocSpace objects, 0(0B) LOS objects, 25% free, 47MB/63MB, paused 152us total 12.497ms
08-06 05:24:01.496   356   547 I art     : Starting a blocking GC Explicit
08-06 05:24:01.507   356   547 I art     : Explicit concurrent mark sweep GC freed 3(96B) AllocSpace objects, 0(0B) LOS objects, 25% free, 47MB/63MB, paused 151us total 11.595ms
08-06 05:24:01.513   356   547 I art     : Starting a blocking GC Explicit
08-06 05:24:01.525   356   547 I art     : Explicit concurrent mark sweep GC freed 3(96B) AllocSpace objects, 0(0B) LOS objects, 25% free, 47MB/63MB, paused 155us total 11.468ms
08-06 05:24:01.531   356   547 I art     : Starting a blocking GC Explicit
08-06 05:24:01.543   356   547 I art     : Explicit concurrent mark sweep GC freed 3(96B) AllocSpace objects, 0(0B) LOS objects, 25% free, 47MB/63MB, paused 151us total 11.646ms
08-06 05:24:01.851   356   369 I art     : Starting a blocking GC Explicit
08-06 05:24:01.867   356   369 I art     : Explicit concurrent mark sweep GC freed 1341(78KB) AllocSpace objects, 1(20KB) LOS objects, 25% free, 47MB/63MB, paused 188us total 15.949ms
08-06 05:24:01.878   356   369 I art     : Starting a blocking GC Explicit
08-06 05:24:01.889   356   369 I art     : Explicit concurrent mark sweep GC freed 20(704B) AllocSpace objects, 0(0B) LOS objects, 25% free, 47MB/63MB, paused 158us total 11.363ms
08-06 05:24:01.895   356   369 I art     : Starting a blocking GC Explicit
08-06 05:24:01.907   356   369 I art     : Explicit concurrent mark sweep GC freed 3(96B) AllocSpace objects, 0(0B) LOS objects, 25% free, 47MB/63MB, paused 161us total 11.387ms
08-06 05:24:01.913   356   369 I art     : Starting a blocking GC Explicit
08-06 05:24:01.925   356   369 I art     : Explicit concurrent mark sweep GC freed 3(96B) AllocSpace objects, 0(0B) LOS objects, 25% free, 47MB/63MB, paused 151us total 11.438ms
08-06 05:24:01.931   356   369 I art     : Starting a blocking GC Explicit
08-06 05:24:01.942   356   369 I art     : Explicit concurrent mark sweep GC freed 3(96B) AllocSpace objects, 0(0B) LOS objects, 25% free, 47MB/63MB, paused 157us total 11.465ms
08-06 05:24:02.250   356   368 I art     : Starting a blocking GC Explicit
08-06 05:24:02.271   356   368 I art     : Explicit concurrent mark sweep GC freed 1339(78KB) AllocSpace objects, 1(20KB) LOS objects, 25% free, 47MB/63MB, paused 194us total 20.482ms
08-06 05:24:02.282   356   368 I art     : Starting a blocking GC Explicit
08-06 05:24:02.298   356   368 I art     : Explicit concurrent mark sweep GC freed 20(704B) AllocSpace objects, 0(0B) LOS objects, 25% free, 47MB/63MB, paused 171us total 15.017ms
08-06 05:24:02.305   356   368 I art     : Starting a blocking GC Explicit
08-06 05:24:02.317   356   368 I art     : Explicit concurrent mark sweep GC freed 3(96B) AllocSpace objects, 0(0B) LOS objects, 25% free, 47MB/63MB, paused 161us total 12.044ms
08-06 05:24:02.323   356   368 I art     : Starting a blocking GC Explicit
08-06 05:24:02.336   356   368 I art     : Explicit concurrent mark sweep GC freed 3(96B) AllocSpace objects, 0(0B) LOS objects, 25% free, 47MB/63MB, paused 148us total 11.993ms
08-06 05:24:02.343   356   368 I art     : Starting a blocking GC Explicit
08-06 05:24:02.354   356   368 I art     : Explicit concurrent mark sweep GC freed 3(96B) AllocSpace objects, 0(0B) LOS objects, 25% free, 47MB/63MB, paused 180us total 11.627ms
08-06 05:24:02.648   356   547 I art     : Starting a blocking GC Explicit
08-06 05:24:02.663   356   547 I art     : Explicit concurrent mark sweep GC freed 1339(78KB) AllocSpace objects, 1(20KB) LOS objects, 25% free, 47MB/63MB, paused 182us total 14.291ms
08-06 05:24:02.669   356   547 I art     : Starting a blocking GC Explicit
08-06 05:24:02.682   356   547 I art     : Explicit concurrent mark sweep GC freed 20(704B) AllocSpace objects, 0(0B) LOS objects, 25% free, 47MB/63MB, paused 164us total 12.392ms
08-06 05:24:02.688   356   547 I art     : Starting a blocking GC Explicit
08-06 05:24:02.700   356   547 I art     : Explicit concurrent mark sweep GC freed 3(96B) AllocSpace objects, 0(0B) LOS objects, 25% free, 47MB/63MB, paused 156us total 12.007ms
08-06 05:24:02.707   356   547 I art     : Starting a blocking GC Explicit
08-06 05:24:02.719   356   547 I art     : Explicit concurrent mark sweep GC freed 3(96B) AllocSpace objects, 0(0B) LOS objects, 25% free, 47MB/63MB, paused 166us total 11.886ms
08-06 05:24:02.725   356   547 I art     : Starting a blocking GC Explicit
08-06 05:24:02.737   356   547 I art     : Explicit concurrent mark sweep GC freed 3(96B) AllocSpace objects, 0(0B) LOS objects, 25% free, 47MB/63MB, paused 159us total 11.780ms
08-06 05:24:03.031   356   369 I art     : Starting a blocking GC Explicit
08-06 05:24:03.046   356   369 I art     : Explicit concurrent mark sweep GC freed 1339(78KB) AllocSpace objects, 1(20KB) LOS objects, 25% free, 47MB/63MB, paused 186us total 14.517ms
08-06 05:24:03.053   356   369 I art     : Starting a blocking GC Explicit
08-06 05:24:03.066   356   369 I art     : Explicit concurrent mark sweep GC freed 20(704B) AllocSpace objects, 0(0B) LOS objects, 25% free, 47MB/63MB, paused 161us total 12.576ms
08-06 05:24:03.072   356   369 I art     : Starting a blocking GC Explicit
08-06 05:24:03.084   356   369 I art     : Explicit concurrent mark sweep GC freed 3(96B) AllocSpace objects, 0(0B) LOS objects, 25% free, 47MB/63MB, paused 155us total 12.077ms
08-06 05:24:03.091   356   369 I art     : Starting a blocking GC Explicit
08-06 05:24:03.102   356   369 I art     : Explicit concurrent mark sweep GC freed 3(96B) AllocSpace objects, 0(0B) LOS objects, 25% free, 47MB/63MB, paused 153us total 11.274ms
08-06 05:24:03.108   356   369 I art     : Starting a blocking GC Explicit
08-06 05:24:03.120   356   369 I art     : Explicit concurrent mark sweep GC freed 3(96B) AllocSpace objects, 0(0B) LOS objects, 25% free, 47MB/63MB, paused 162us total 11.256ms
08-06 05:24:03.430   356   368 I art     : Starting a blocking GC Explicit
08-06 05:24:03.447   356   368 I art     : Explicit concurrent mark sweep GC freed 1339(78KB) AllocSpace objects, 1(20KB) LOS objects, 25% free, 47MB/63MB, paused 209us total 16.515ms
08-06 05:24:03.456   356   368 I art     : Starting a blocking GC Explicit
08-06 05:24:03.469   356   368 I art     : Explicit concurrent mark sweep GC freed 20(704B) AllocSpace objects, 0(0B) LOS objects, 25% free, 47MB/63MB, paused 157us total 12.212ms
08-06 05:24:03.475   356   368 I art     : Starting a blocking GC Explicit
08-06 05:24:03.487   356   368 I art     : Explicit concurrent mark sweep GC freed 3(96B) AllocSpace objects, 0(0B) LOS objects, 25% free, 47MB/63MB, paused 167us total 11.776ms
08-06 05:24:03.493   356   368 I art     : Starting a blocking GC Explicit
08-06 05:24:03.505   356   368 I art     : Explicit concurrent mark sweep GC freed 3(96B) AllocSpace objects, 0(0B) LOS objects, 25% free, 47MB/63MB, paused 150us total 11.668ms
08-06 05:24:03.511   356   368 I art     : Starting a blocking GC Explicit
08-06 05:24:03.523   356   368 I art     : Explicit concurrent mark sweep GC freed 3(96B) AllocSpace objects, 0(0B) LOS objects, 25% free, 47MB/63MB, paused 136us total 11.605ms
08-06 05:24:03.650 32067 32067 I ServiceManager: Waiting for service AtCmdFwd...
08-06 05:24:03.802   356   547 I art     : Starting a blocking GC Explicit
08-06 05:24:03.819   356   547 I art     : Explicit concurrent mark sweep GC freed 1338(78KB) AllocSpace objects, 1(20KB) LOS objects, 25% free, 47MB/63MB, paused 196us total 16.975ms
08-06 05:24:03.829   356   547 I art     : Starting a blocking GC Explicit
08-06 05:24:03.842   356   547 I art     : Explicit concurrent mark sweep GC freed 20(704B) AllocSpace objects, 0(0B) LOS objects, 25% free, 47MB/63MB, paused 165us total 12.267ms
08-06 05:24:03.848   356   547 I art     : Starting a blocking GC Explicit
08-06 05:24:03.860   356   547 I art     : Explicit concurrent mark sweep GC freed 3(96B) AllocSpace objects, 0(0B) LOS objects, 25% free, 47MB/63MB, paused 156us total 11.478ms
08-06 05:24:03.867   356   547 I art     : Starting a blocking GC Explicit
08-06 05:24:03.878   356   547 I art     : Explicit concurrent mark sweep GC freed 3(96B) AllocSpace objects, 0(0B) LOS objects, 25% free, 47MB/63MB, paused 151us total 11.393ms
08-06 05:24:03.884   356   547 I art     : Starting a blocking GC Explicit
08-06 05:24:03.896   356   547 I art     : Explicit concurrent mark sweep GC freed 3(96B) AllocSpace objects, 0(0B) LOS objects, 25% free, 47MB/63MB, paused 150us total 11.626ms
08-06 05:24:04.165   356   369 I art     : Starting a blocking GC Explicit
08-06 05:24:04.179   356   369 I art     : Explicit concurrent mark sweep GC freed 1339(78KB) AllocSpace objects, 1(20KB) LOS objects, 25% free, 47MB/63MB, paused 191us total 14.128ms
08-06 05:24:04.187   356   369 I art     : Starting a blocking GC Explicit
08-06 05:24:04.198   356   369 I art     : Explicit concurrent mark sweep GC freed 20(704B) AllocSpace objects, 0(0B) LOS objects, 25% free, 47MB/63MB, paused 153us total 10.674ms
08-06 05:24:04.204   356   369 I art     : Starting a blocking GC Explicit
08-06 05:24:04.215   356   369 I art     : Explicit concurrent mark sweep GC freed 3(96B) AllocSpace objects, 0(0B) LOS objects, 25% free, 47MB/63MB, paused 152us total 11.021ms
08-06 05:24:04.221   356   369 I art     : Starting a blocking GC Explicit
08-06 05:24:04.231   356   369 I art     : Explicit concurrent mark sweep GC freed 3(96B) AllocSpace objects, 0(0B) LOS objects, 25% free, 47MB/63MB, paused 133us total 10.230ms
08-06 05:24:04.237   356   369 I art     : Starting a blocking GC Explicit
08-06 05:24:04.248   356   369 I art     : Explicit concurrent mark sweep GC freed 3(96B) AllocSpace objects, 0(0B) LOS objects, 25% free, 47MB/63MB, paused 155us total 11.114ms
08-06 05:24:04.556   356   368 I art     : Starting a blocking GC Explicit
08-06 05:24:04.557   918  1210 D NetlinkSocketObserver: NeighborEvent{elapsedMs=1838048432, 192.168.2.254, [7C3953A63323], RTM_NEWNEIGH, NUD_REACHABLE}
08-06 05:24:04.570   356   368 I art     : Explicit concurrent mark sweep GC freed 1339(78KB) AllocSpace objects, 1(20KB) LOS objects, 25% free, 47MB/63MB, paused 213us total 13.976ms
08-06 05:24:04.578   356   368 I art     : Starting a blocking GC Explicit
08-06 05:24:04.590   356   368 I art     : Explicit concurrent mark sweep GC freed 20(704B) AllocSpace objects, 0(0B) LOS objects, 25% free, 47MB/63MB, paused 153us total 11.815ms
08-06 05:24:04.596   356   368 I art     : Starting a blocking GC Explicit
08-06 05:24:04.606   356   368 I art     : Explicit concurrent mark sweep GC freed 3(96B) AllocSpace objects, 0(0B) LOS objects, 25% free, 47MB/63MB, paused 148us total 10.454ms
08-06 05:24:04.612   356   368 I art     : Starting a blocking GC Explicit
08-06 05:24:04.622   356   368 I art     : Explicit concurrent mark sweep GC freed 3(96B) AllocSpace objects, 0(0B) LOS objects, 25% free, 47MB/63MB, paused 141us total 10.400ms
08-06 05:24:04.628   356   368 I art     : Starting a blocking GC Explicit
08-06 05:24:04.638   356   368 I art     : Explicit concurrent mark sweep GC freed 3(96B) AllocSpace objects, 0(0B) LOS objects, 25% free, 47MB/63MB, paused 145us total 10.090ms
08-06 05:24:04.650 32067 32067 I ServiceManager: Waiting for service AtCmdFwd...
08-06 05:24:04.865   748   748 D AndroidRuntime: >>>>>> START com.android.internal.os.RuntimeInit uid 2000 <<<<<<
08-06 05:24:04.869   748   748 D AndroidRuntime: CheckJNI is OFF
08-06 05:24:04.895   748   748 D ICU     : No timezone override file found: /data/misc/zoneinfo/current/icu/icu_tzdata.dat
08-06 05:24:04.920   748   748 I Radio-JNI: register_android_hardware_Radio DONE
08-06 05:24:04.930   356   752 W OneSignal: OneSignalRestClient: POST Error thrown from network stack. 
08-06 05:24:04.930   356   752 W OneSignal: java.io.IOException: unexpected end of stream on Connection{api.onesignal.com:443, proxy=HTTP@192.168.2.12:8080 hostAddress=192.168.2.12 cipherSuite=TLS_ECDHE_RSA_WITH_AES_128_GCM_SHA256 protocol=http/1.1} (recycle count=1)
08-06 05:24:04.930   356   752 W OneSignal: 	at com.android.okhttp.internal.http.HttpConnection.readResponse(HttpConnection.java:210)
08-06 05:24:04.930   356   752 W OneSignal: 	at com.android.okhttp.internal.http.HttpTransport.readResponseHeaders(HttpTransport.java:80)
08-06 05:24:04.930   356   752 W OneSignal: 	at com.android.okhttp.internal.http.HttpEngine.readNetworkResponse(HttpEngine.java:904)
08-06 05:24:04.930   356   752 W OneSignal: 	at com.android.okhttp.internal.http.HttpEngine.readResponse(HttpEngine.java:788)
08-06 05:24:04.930   356   752 W OneSignal: 	at com.android.okhttp.internal.huc.HttpURLConnectionImpl.execute(HttpURLConnectionImpl.java:439)
08-06 05:24:04.930   356   752 W OneSignal: 	at com.android.okhttp.internal.huc.HttpURLConnectionImpl.getResponse(HttpURLConnectionImpl.java:384)
08-06 05:24:04.930   356   752 W OneSignal: 	at com.android.okhttp.internal.huc.HttpURLConnectionImpl.getResponseCode(HttpURLConnectionImpl.java:497)
08-06 05:24:04.930   356   752 W OneSignal: 	at com.android.okhttp.internal.huc.DelegatingHttpsURLConnection.getResponseCode(DelegatingHttpsURLConnection.java:105)
08-06 05:24:04.930   356   752 W OneSignal: 	at com.android.okhttp.internal.huc.HttpsURLConnectionImpl.getResponseCode(HttpsURLConnectionImpl.java)
08-06 05:24:04.930   356   752 W OneSignal: 	at com.onesignal.OneSignalRestClient.startHTTPConnection(OneSignalRestClient.java:180)
08-06 05:24:04.930   356   752 W OneSignal: 	at com.onesignal.OneSignalRestClient.access$100(OneSignalRestClient.java:44)
08-06 05:24:04.930   356   752 W OneSignal: 	at com.onesignal.OneSignalRestClient$4.run(OneSignalRestClient.java:110)
08-06 05:24:04.930   356   752 W OneSignal: 	at java.lang.Thread.run(Thread.java:818)
08-06 05:24:04.930   356   752 W OneSignal: Caused by: java.io.EOFException: \n not found: size=0 content=...
08-06 05:24:04.930   356   752 W OneSignal: 	at com.android.okhttp.okio.RealBufferedSource.readUtf8LineStrict(RealBufferedSource.java:200)
08-06 05:24:04.930   356   752 W OneSignal: 	at com.android.okhttp.internal.http.HttpConnection.readResponse(HttpConnection.java:191)
08-06 05:24:04.930   356   752 W OneSignal: 	... 12 more
08-06 05:24:04.931   356   771 W OneSignal: Failed last request. statusCode: -1
08-06 05:24:04.931   356   771 W OneSignal: response: null
08-06 05:24:04.937   748   748 D AndroidRuntime: Calling main entry com.android.commands.input.Input
08-06 05:24:04.938   748   748 I Input   : injectMotionEvent: MotionEvent { action=ACTION_DOWN, actionButton=0, id[0]=0, x[0]=337.0, y[0]=1104.0, toolType[0]=TOOL_TYPE_UNKNOWN, buttonState=0, metaState=0, flags=0x0, edgeFlags=0x0, pointerCount=1, historySize=0, eventTime=854661351, downTime=854661351, deviceId=0, source=0x1002 }
08-06 05:24:04.943   748   748 I Input   : injectMotionEvent: MotionEvent { action=ACTION_UP, actionButton=0, id[0]=0, x[0]=337.0, y[0]=1104.0, toolType[0]=TOOL_TYPE_UNKNOWN, buttonState=0, metaState=0, flags=0x0, edgeFlags=0x0, pointerCount=1, historySize=0, eventTime=854661351, downTime=854661351, deviceId=0, source=0x1002 }
08-06 05:24:04.945   918  3696 I ActivityManager: START u0 {cmp=baseline.appteam.nith.hillffair/.activities.BattleDayActivity} from uid 10697 on display 0
08-06 05:24:04.951   748   748 D AndroidRuntime: Shutting down VM
08-06 05:24:04.958   356   547 I art     : Starting a blocking GC Explicit
08-06 05:24:04.971   356   547 I art     : Explicit concurrent mark sweep GC freed 2483(219KB) AllocSpace objects, 1(20KB) LOS objects, 24% free, 48MB/64MB, paused 370us total 12.514ms
08-06 05:24:04.977   356   547 I art     : Starting a blocking GC Explicit
08-06 05:24:04.992   356   547 I art     : Explicit concurrent mark sweep GC freed 739(81KB) AllocSpace objects, 0(0B) LOS objects, 24% free, 48MB/64MB, paused 2.497ms total 14.693ms
08-06 05:24:04.999   356   547 I art     : Starting a blocking GC Explicit
08-06 05:24:05.013   356   547 I art     : Explicit concurrent mark sweep GC freed 5740(307KB) AllocSpace objects, 0(0B) LOS objects, 24% free, 48MB/64MB, paused 756us total 14.664ms
08-06 05:24:05.020   356   547 I art     : Starting a blocking GC Explicit
08-06 05:24:05.034   356   547 I art     : Explicit concurrent mark sweep GC freed 625(51KB) AllocSpace objects, 0(0B) LOS objects, 24% free, 48MB/64MB, paused 282us total 14.127ms
08-06 05:24:05.040   356   547 I art     : Starting a blocking GC Explicit
08-06 05:24:05.052   356   547 I art     : Explicit concurrent mark sweep GC freed 63(5KB) AllocSpace objects, 0(0B) LOS objects, 24% free, 48MB/64MB, paused 316us total 11.942ms
08-06 05:24:05.053 13866 13866 I GoogleInputMethodServic: GoogleInputMethodService.onFinishInput():3138 
08-06 05:24:05.054 13866 13866 I GoogleInputMethodServic: GoogleInputMethodService.onStartInput():1808 
08-06 05:24:05.080   918   936 I ActivityManager: Displayed baseline.appteam.nith.hillffair/.activities.BattleDayActivity: +128ms
08-06 05:24:05.285   356   547 I art     : Starting a blocking GC Explicit
08-06 05:24:05.303   356   547 I art     : Explicit concurrent mark sweep GC freed 1478(83KB) AllocSpace objects, 1(20KB) LOS objects, 24% free, 48MB/64MB, paused 221us total 17.424ms
08-06 05:24:05.310   356   547 I art     : Starting a blocking GC Explicit
08-06 05:24:05.325   356   547 I art     : Explicit concurrent mark sweep GC freed 34(1168B) AllocSpace objects, 0(0B) LOS objects, 24% free, 48MB/64MB, paused 219us total 15.104ms
08-06 05:24:05.334   356   547 I art     : Starting a blocking GC Explicit
08-06 05:24:05.338   380   380 W SurfaceFlinger: couldn't log to binary event log: overflow.
08-06 05:24:05.351   356   547 I art     : Explicit concurrent mark sweep GC freed 3(96B) AllocSpace objects, 0(0B) LOS objects, 24% free, 48MB/64MB, paused 316us total 16.128ms
08-06 05:24:05.359   356   547 I art     : Starting a blocking GC Explicit
08-06 05:24:05.371   356   547 I art     : Explicit concurrent mark sweep GC freed 3(96B) AllocSpace objects, 0(0B) LOS objects, 24% free, 48MB/64MB, paused 182us total 11.631ms
08-06 05:24:05.378   356   547 I art     : Starting a blocking GC Explicit
08-06 05:24:05.389   356   547 I art     : Explicit concurrent mark sweep GC freed 3(96B) AllocSpace objects, 0(0B) LOS objects, 24% free, 48MB/64MB, paused 175us total 11.354ms
08-06 05:24:05.651 32067 32067 I ServiceManager: Waiting for service AtCmdFwd...
08-06 05:24:05.658   356   547 I art     : Starting a blocking GC Explicit
08-06 05:24:05.673   356   547 I art     : Explicit concurrent mark sweep GC freed 1497(91KB) AllocSpace objects, 1(20KB) LOS objects, 24% free, 48MB/64MB, paused 209us total 15.256ms
08-06 05:24:05.680   356   547 I art     : Starting a blocking GC Explicit
08-06 05:24:05.694   356   547 I art     : Explicit concurrent mark sweep GC freed 50(1680B) AllocSpace objects, 0(0B) LOS objects, 24% free, 48MB/64MB, paused 208us total 13.637ms
08-06 05:24:05.701   356   547 I art     : Starting a blocking GC Explicit
08-06 05:24:05.713   356   547 I art     : Explicit concurrent mark sweep GC freed 7(272B) AllocSpace objects, 0(0B) LOS objects, 24% free, 48MB/64MB, paused 214us total 12.599ms
08-06 05:24:05.719   356   547 I art     : Starting a blocking GC Explicit
08-06 05:24:05.731   356   547 I art     : Explicit concurrent mark sweep GC freed 12(432B) AllocSpace objects, 0(0B) LOS objects, 24% free, 48MB/64MB, paused 238us total 11.692ms
08-06 05:24:05.736   356   547 I art     : Starting a blocking GC Explicit
08-06 05:24:05.748   356   547 I art     : Explicit concurrent mark sweep GC freed 9(336B) AllocSpace objects, 0(0B) LOS objects, 24% free, 48MB/64MB, paused 187us total 11.905ms
08-06 05:24:05.859   356   778 D OkHttp  : --> GET https://api-hillfair-2k16.herokuapp.com/api/app/events/special http/1.1
08-06 05:24:05.898   356   778 D OkHttp  : <-- 200 OK https://api-hillfair-2k16.herokuapp.com/api/app/events/special (38ms, 554-byte body)
08-06 05:24:05.949   356   356 I NAPPA_EXPERIMENTATION: MetricNetworkRequestExecutionTime: REQUEST_DURATION_SYSTEM='939',REQUEST_DURATION_OKHTTP='36',REQUEST_SYNCHRONOUS='FALSE',RESPONSE_CODE='200',RESPONSE_METHOD='GET',RESPONSE_LENGTH_OKHTTP='554',RESPONSE_LENGTH_HEADER='554',REQUEST_PROTOCOL='http/1.1',REQUEST_URL='https://api-hillfair-2k16.herokuapp.com/api/app/events/special',
08-06 05:24:06.011   356   369 I art     : Starting a blocking GC Explicit
08-06 05:24:06.030   356   369 I art     : Explicit concurrent mark sweep GC freed 5691(365KB) AllocSpace objects, 4(220KB) LOS objects, 24% free, 48MB/64MB, paused 429us total 19.006ms
08-06 05:24:06.037   356   369 I art     : Starting a blocking GC Explicit
08-06 05:24:06.052   356   369 I art     : Explicit concurrent mark sweep GC freed 1285(132KB) AllocSpace objects, 0(0B) LOS objects, 24% free, 48MB/64MB, paused 320us total 14.532ms
08-06 05:24:06.058   356   369 I art     : Starting a blocking GC Explicit
08-06 05:24:06.071   356   369 I art     : Explicit concurrent mark sweep GC freed 22(928B) AllocSpace objects, 0(0B) LOS objects, 24% free, 48MB/64MB, paused 274us total 12.552ms
08-06 05:24:06.077   356   369 I art     : Starting a blocking GC Explicit
08-06 05:24:06.088   356   369 I art     : Explicit concurrent mark sweep GC freed 3(96B) AllocSpace objects, 0(0B) LOS objects, 24% free, 48MB/64MB, paused 250us total 11.528ms
08-06 05:24:06.094   356   369 I art     : Starting a blocking GC Explicit
08-06 05:24:06.106   356   369 I art     : Explicit concurrent mark sweep GC freed 3(96B) AllocSpace objects, 0(0B) LOS objects, 24% free, 48MB/64MB, paused 266us total 12.289ms
08-06 05:24:06.382   356   368 I art     : Starting a blocking GC Explicit
08-06 05:24:06.403   356   368 I art     : Explicit concurrent mark sweep GC freed 1342(78KB) AllocSpace objects, 1(20KB) LOS objects, 24% free, 48MB/64MB, paused 329us total 20.808ms
08-06 05:24:06.414   356   368 I art     : Starting a blocking GC Explicit
08-06 05:24:06.432   356   368 I art     : Explicit concurrent mark sweep GC freed 20(704B) AllocSpace objects, 0(0B) LOS objects, 24% free, 48MB/64MB, paused 312us total 18.412ms
08-06 05:24:06.442   356   368 I art     : Starting a blocking GC Explicit
08-06 05:24:06.458   356   368 I art     : Explicit concurrent mark sweep GC freed 7131(282KB) AllocSpace objects, 0(0B) LOS objects, 24% free, 48MB/64MB, paused 487us total 15.291ms
08-06 05:24:06.465   356   368 I art     : Starting a blocking GC Explicit
08-06 05:24:06.478   356   368 I art     : Explicit concurrent mark sweep GC freed 431(15KB) AllocSpace objects, 0(0B) LOS objects, 24% free, 48MB/64MB, paused 270us total 13.197ms
08-06 05:24:06.484   356   368 I art     : Starting a blocking GC Explicit
08-06 05:24:06.497   356   368 I art     : Explicit concurrent mark sweep GC freed 37(1504B) AllocSpace objects, 0(0B) LOS objects, 24% free, 48MB/64MB, paused 288us total 12.708ms
08-06 05:24:06.651 32067 32067 I ServiceManager: Waiting for service AtCmdFwd...
08-06 05:24:06.738   356   547 I art     : Starting a blocking GC Explicit
08-06 05:24:06.753   356   547 I art     : Explicit concurrent mark sweep GC freed 2068(272KB) AllocSpace objects, 1(20KB) LOS objects, 23% free, 52MB/68MB, paused 221us total 14.969ms
08-06 05:24:06.759   356   547 I art     : Starting a blocking GC Explicit
08-06 05:24:06.773   356   547 I art     : Explicit concurrent mark sweep GC freed 111(3KB) AllocSpace objects, 0(0B) LOS objects, 23% free, 52MB/68MB, paused 212us total 13.920ms
08-06 05:24:06.780   356   547 I art     : Starting a blocking GC Explicit
08-06 05:24:06.794   356   547 I art     : Explicit concurrent mark sweep GC freed 3(96B) AllocSpace objects, 0(0B) LOS objects, 23% free, 52MB/68MB, paused 227us total 14.091ms
08-06 05:24:06.801   356   547 I art     : Starting a blocking GC Explicit
08-06 05:24:06.814   356   547 I art     : Explicit concurrent mark sweep GC freed 3(96B) AllocSpace objects, 0(0B) LOS objects, 23% free, 52MB/68MB, paused 213us total 13.660ms
08-06 05:24:06.821   356   547 I art     : Starting a blocking GC Explicit
08-06 05:24:06.834   356   547 I art     : Explicit concurrent mark sweep GC freed 3(96B) AllocSpace objects, 0(0B) LOS objects, 23% free, 52MB/68MB, paused 215us total 13.505ms
08-06 05:24:07.103   356   369 I art     : Starting a blocking GC Explicit
08-06 05:24:07.119   356   369 I art     : Explicit concurrent mark sweep GC freed 1340(78KB) AllocSpace objects, 1(20KB) LOS objects, 23% free, 52MB/68MB, paused 240us total 16.157ms
08-06 05:24:07.132   356   369 I art     : Starting a blocking GC Explicit
08-06 05:24:07.146   356   369 I art     : Explicit concurrent mark sweep GC freed 20(704B) AllocSpace objects, 0(0B) LOS objects, 23% free, 52MB/68MB, paused 219us total 13.884ms
08-06 05:24:07.153   356   369 I art     : Starting a blocking GC Explicit
08-06 05:24:07.167   356   369 I art     : Explicit concurrent mark sweep GC freed 3(96B) AllocSpace objects, 0(0B) LOS objects, 23% free, 52MB/68MB, paused 252us total 13.845ms
08-06 05:24:07.173   356   369 I art     : Starting a blocking GC Explicit
08-06 05:24:07.187   356   369 I art     : Explicit concurrent mark sweep GC freed 3(96B) AllocSpace objects, 0(0B) LOS objects, 23% free, 52MB/68MB, paused 238us total 13.640ms
08-06 05:24:07.193   356   369 I art     : Starting a blocking GC Explicit
08-06 05:24:07.207   356   369 I art     : Explicit concurrent mark sweep GC freed 3(96B) AllocSpace objects, 0(0B) LOS objects, 23% free, 52MB/68MB, paused 235us total 13.640ms
08-06 05:24:07.534   356   368 I art     : Starting a blocking GC Explicit
08-06 05:24:07.556   356   368 I art     : Explicit concurrent mark sweep GC freed 1340(78KB) AllocSpace objects, 1(20KB) LOS objects, 23% free, 52MB/68MB, paused 290us total 21.317ms
08-06 05:24:07.566   356   368 I art     : Starting a blocking GC Explicit
08-06 05:24:07.585   356   368 I art     : Explicit concurrent mark sweep GC freed 20(704B) AllocSpace objects, 0(0B) LOS objects, 23% free, 52MB/68MB, paused 279us total 18.680ms
08-06 05:24:07.592   356   368 I art     : Starting a blocking GC Explicit
08-06 05:24:07.607   356   368 I art     : Explicit concurrent mark sweep GC freed 3(96B) AllocSpace objects, 0(0B) LOS objects, 23% free, 52MB/68MB, paused 288us total 14.422ms
08-06 05:24:07.613   356   368 I art     : Starting a blocking GC Explicit
08-06 05:24:07.628   356   368 I art     : Explicit concurrent mark sweep GC freed 3(96B) AllocSpace objects, 0(0B) LOS objects, 23% free, 52MB/68MB, paused 361us total 14.364ms
08-06 05:24:07.634   356   368 I art     : Starting a blocking GC Explicit
08-06 05:24:07.648   356   368 I art     : Explicit concurrent mark sweep GC freed 3(96B) AllocSpace objects, 0(0B) LOS objects, 23% free, 52MB/68MB, paused 211us total 13.520ms
08-06 05:24:07.652 32067 32067 I ServiceManager: Waiting for service AtCmdFwd...
08-06 05:24:07.948   356   547 I art     : Starting a blocking GC Explicit
08-06 05:24:07.967   356   547 I art     : Explicit concurrent mark sweep GC freed 1340(78KB) AllocSpace objects, 1(20KB) LOS objects, 23% free, 52MB/68MB, paused 256us total 18.496ms
08-06 05:24:07.978   356   547 I art     : Starting a blocking GC Explicit
08-06 05:24:07.994   356   547 I art     : Explicit concurrent mark sweep GC freed 20(704B) AllocSpace objects, 0(0B) LOS objects, 23% free, 52MB/68MB, paused 217us total 15.984ms
08-06 05:24:08.001   356   547 I art     : Starting a blocking GC Explicit
08-06 05:24:08.015   356   547 I art     : Explicit concurrent mark sweep GC freed 3(96B) AllocSpace objects, 0(0B) LOS objects, 23% free, 52MB/68MB, paused 221us total 14.527ms
08-06 05:24:08.022   356   547 I art     : Starting a blocking GC Explicit
08-06 05:24:08.037   356   547 I art     : Explicit concurrent mark sweep GC freed 3(96B) AllocSpace objects, 0(0B) LOS objects, 23% free, 52MB/68MB, paused 218us total 14.222ms
08-06 05:24:08.043   356   547 I art     : Starting a blocking GC Explicit
08-06 05:24:08.057   356   547 I art     : Explicit concurrent mark sweep GC freed 3(96B) AllocSpace objects, 0(0B) LOS objects, 23% free, 52MB/68MB, paused 271us total 13.653ms
08-06 05:24:08.342   356   369 I art     : Starting a blocking GC Explicit
08-06 05:24:08.367   356   369 I art     : Explicit concurrent mark sweep GC freed 1340(78KB) AllocSpace objects, 1(20KB) LOS objects, 23% free, 52MB/68MB, paused 303us total 23.599ms
08-06 05:24:08.375   356   369 I art     : Starting a blocking GC Explicit
08-06 05:24:08.390   356   369 I art     : Explicit concurrent mark sweep GC freed 20(704B) AllocSpace objects, 0(0B) LOS objects, 23% free, 52MB/68MB, paused 221us total 14.332ms
08-06 05:24:08.397   356   369 I art     : Starting a blocking GC Explicit
08-06 05:24:08.411   356   369 I art     : Explicit concurrent mark sweep GC freed 3(96B) AllocSpace objects, 0(0B) LOS objects, 23% free, 52MB/68MB, paused 205us total 13.615ms
08-06 05:24:08.417   356   369 I art     : Starting a blocking GC Explicit
08-06 05:24:08.431   356   369 I art     : Explicit concurrent mark sweep GC freed 3(96B) AllocSpace objects, 0(0B) LOS objects, 23% free, 52MB/68MB, paused 206us total 13.760ms
08-06 05:24:08.437   356   369 I art     : Starting a blocking GC Explicit
08-06 05:24:08.451   356   369 I art     : Explicit concurrent mark sweep GC freed 3(96B) AllocSpace objects, 0(0B) LOS objects, 23% free, 52MB/68MB, paused 235us total 13.595ms
08-06 05:24:08.652 32067 32067 W Atfwd_Sendcmd: AtCmdFwd service not published, waiting... retryCnt : 2
08-06 05:24:08.754   356   368 I art     : Starting a blocking GC Explicit
08-06 05:24:08.774   356   368 I art     : Explicit concurrent mark sweep GC freed 1340(78KB) AllocSpace objects, 1(20KB) LOS objects, 23% free, 52MB/68MB, paused 249us total 19.685ms
08-06 05:24:08.783   356   368 I art     : Starting a blocking GC Explicit
08-06 05:24:08.798   356   368 I art     : Explicit concurrent mark sweep GC freed 20(704B) AllocSpace objects, 0(0B) LOS objects, 23% free, 52MB/68MB, paused 212us total 14.566ms
08-06 05:24:08.805   356   368 I art     : Starting a blocking GC Explicit
08-06 05:24:08.819   356   368 I art     : Explicit concurrent mark sweep GC freed 3(96B) AllocSpace objects, 0(0B) LOS objects, 23% free, 52MB/68MB, paused 251us total 14.137ms
08-06 05:24:08.825   356   368 I art     : Starting a blocking GC Explicit
08-06 05:24:08.840   356   368 I art     : Explicit concurrent mark sweep GC freed 3(96B) AllocSpace objects, 0(0B) LOS objects, 23% free, 52MB/68MB, paused 215us total 14.343ms
08-06 05:24:08.847   356   368 I art     : Starting a blocking GC Explicit
08-06 05:24:08.861   356   368 I art     : Explicit concurrent mark sweep GC freed 3(96B) AllocSpace objects, 0(0B) LOS objects, 23% free, 52MB/68MB, paused 199us total 14.102ms
08-06 05:24:09.172   356   547 I art     : Starting a blocking GC Explicit
08-06 05:24:09.196   356   547 I art     : Explicit concurrent mark sweep GC freed 1340(78KB) AllocSpace objects, 1(20KB) LOS objects, 23% free, 52MB/68MB, paused 259us total 23.285ms
08-06 05:24:09.206   356   547 I art     : Starting a blocking GC Explicit
08-06 05:24:09.224   356   547 I art     : Explicit concurrent mark sweep GC freed 20(704B) AllocSpace objects, 0(0B) LOS objects, 23% free, 52MB/68MB, paused 219us total 17.100ms
08-06 05:24:09.230   356   547 I art     : Starting a blocking GC Explicit
08-06 05:24:09.245   356   547 I art     : Explicit concurrent mark sweep GC freed 3(96B) AllocSpace objects, 0(0B) LOS objects, 23% free, 52MB/68MB, paused 220us total 14.462ms
08-06 05:24:09.252   356   547 I art     : Starting a blocking GC Explicit
08-06 05:24:09.266   356   547 I art     : Explicit concurrent mark sweep GC freed 3(96B) AllocSpace objects, 0(0B) LOS objects, 23% free, 52MB/68MB, paused 200us total 14.300ms
08-06 05:24:09.273   356   547 I art     : Starting a blocking GC Explicit
08-06 05:24:09.287   356   547 I art     : Explicit concurrent mark sweep GC freed 3(96B) AllocSpace objects, 0(0B) LOS objects, 23% free, 52MB/68MB, paused 212us total 13.751ms
08-06 05:24:09.596   356   369 I art     : Starting a blocking GC Explicit
08-06 05:24:09.621   356   369 I art     : Explicit concurrent mark sweep GC freed 1340(78KB) AllocSpace objects, 1(20KB) LOS objects, 23% free, 52MB/68MB, paused 301us total 24.936ms
08-06 05:24:09.633   356   369 I art     : Starting a blocking GC Explicit
08-06 05:24:09.651   356   369 I art     : Explicit concurrent mark sweep GC freed 20(704B) AllocSpace objects, 0(0B) LOS objects, 23% free, 52MB/68MB, paused 250us total 17.706ms
08-06 05:24:09.660   356   369 I art     : Starting a blocking GC Explicit
08-06 05:24:09.674   356   369 I art     : Explicit concurrent mark sweep GC freed 3(96B) AllocSpace objects, 0(0B) LOS objects, 23% free, 52MB/68MB, paused 214us total 14.532ms
08-06 05:24:09.681   356   369 I art     : Starting a blocking GC Explicit
08-06 05:24:09.695   356   369 I art     : Explicit concurrent mark sweep GC freed 3(96B) AllocSpace objects, 0(0B) LOS objects, 23% free, 52MB/68MB, paused 214us total 14.116ms
08-06 05:24:09.703   356   369 I art     : Starting a blocking GC Explicit
08-06 05:24:09.716   356   369 I art     : Explicit concurrent mark sweep GC freed 3(96B) AllocSpace objects, 0(0B) LOS objects, 23% free, 52MB/68MB, paused 212us total 13.580ms
08-06 05:24:10.043   356   368 I art     : Starting a blocking GC Explicit
08-06 05:24:10.067   356   368 I art     : Explicit concurrent mark sweep GC freed 1340(78KB) AllocSpace objects, 1(20KB) LOS objects, 23% free, 52MB/68MB, paused 285us total 23.357ms
08-06 05:24:10.078   356   368 I art     : Starting a blocking GC Explicit
08-06 05:24:10.093   356   368 I art     : Explicit concurrent mark sweep GC freed 20(704B) AllocSpace objects, 0(0B) LOS objects, 23% free, 52MB/68MB, paused 218us total 14.632ms
08-06 05:24:10.100   356   368 I art     : Starting a blocking GC Explicit
08-06 05:24:10.114   356   368 I art     : Explicit concurrent mark sweep GC freed 3(96B) AllocSpace objects, 0(0B) LOS objects, 23% free, 52MB/68MB, paused 201us total 14.321ms
08-06 05:24:10.121   356   368 I art     : Starting a blocking GC Explicit
08-06 05:24:10.135   356   368 I art     : Explicit concurrent mark sweep GC freed 3(96B) AllocSpace objects, 0(0B) LOS objects, 23% free, 52MB/68MB, paused 211us total 13.572ms
08-06 05:24:10.142   356   368 I art     : Starting a blocking GC Explicit
08-06 05:24:10.155   356   368 I art     : Explicit concurrent mark sweep GC freed 3(96B) AllocSpace objects, 0(0B) LOS objects, 23% free, 52MB/68MB, paused 203us total 13.657ms
08-06 05:24:10.459   356   547 I art     : Starting a blocking GC Explicit
