--------- beginning of main
08-06 17:20:02.054 23691 23691 D AndroidRuntime: >>>>>> START com.android.internal.os.RuntimeInit uid 2000 <<<<<<
08-06 17:20:02.061 23691 23691 D AndroidRuntime: CheckJNI is OFF
08-06 17:20:02.088 23691 23691 D ICU     : No timezone override file found: /data/misc/zoneinfo/current/icu/icu_tzdata.dat
08-06 17:20:02.117 23691 23691 I Radio-JNI: register_android_hardware_Radio DONE
08-06 17:20:02.134 23691 23691 D AndroidRuntime: Calling main entry com.android.commands.monkey.Monkey
--------- beginning of system
08-06 17:20:02.149   918   931 W BroadcastQueue: Skipping deliver [background] BroadcastRecord{9c99ef1 u-1 android.net.conn.CONNECTIVITY_CHANGE} to ReceiverList{7ad4157 23691 (unknown name)/2000/u-1 remote:b47987b}: process crashing
08-06 17:20:02.159   918  3359 I ActivityManager: START u0 {act=android.intent.action.MAIN cat=[android.intent.category.LAUNCHER] flg=0x10200000 cmp=baseline.appteam.nith.hillffair/.activities.SplashActivity} from uid 2000 on display 0
08-06 17:20:02.199 23700 23700 I art     : Late-enabling -Xcheck:jni
08-06 17:20:02.199   918  3670 I ActivityManager: Start proc 23700:baseline.appteam.nith.hillffair/u0a697 for activity baseline.appteam.nith.hillffair/.activities.SplashActivity
08-06 17:20:02.206 23691 23691 I art     : System.exit called, status: 0
08-06 17:20:02.207 23691 23691 I AndroidRuntime: VM exiting with result code 0.
08-06 17:20:02.268 26121 10711 I PBSessionCacheImpl: Deleted sessionId[114882969641334449] from persistence.
08-06 17:20:02.275 26121 26151 W SearchServiceCore: Abort, client detached.
08-06 17:20:02.276 26121 26151 I MicroDetectionState: Should stop hotword detection immediately - true
08-06 17:20:02.277 23700 23700 W System  : ClassLoader referenced unknown path: /data/app/baseline.appteam.nith.hillffair-1/lib/arm64
08-06 17:20:02.359 23700 23700 W OneSignal: GCM Library detected, please upgrade to Firebase FCM library as GCM is deprecated!
08-06 17:20:02.463 23700 23700 W art     : Before Android 4.1, method android.graphics.PorterDuffColorFilter androidx.vectordrawable.graphics.drawable.VectorDrawableCompat.updateTintFilter(android.graphics.PorterDuffColorFilter, android.content.res.ColorStateList, android.graphics.PorterDuff$Mode) would have incorrectly overridden the package-private method in android.graphics.drawable.Drawable
08-06 17:20:02.513 23700 23700 I art     : Rejecting re-init on previously-failed class java.lang.Class<androidx.core.view.ViewCompat$2>
08-06 17:20:02.513 23700 23700 I art     : Rejecting re-init on previously-failed class java.lang.Class<androidx.core.view.ViewCompat$2>
08-06 17:20:02.577 23700 23726 D OpenGLRenderer: Use EGL_SWAP_BEHAVIOR_PRESERVED: true
08-06 17:20:02.619 23700 23726 I Adreno  : QUALCOMM build                   : fcf4852, I1af360237c
08-06 17:20:02.619 23700 23726 I Adreno  : Build Date                       : 09/23/15
08-06 17:20:02.619 23700 23726 I Adreno  : OpenGL ES Shader Compiler Version: XE031.05.13.02
08-06 17:20:02.619 23700 23726 I Adreno  : Local Branch                     : mybranch14465806
08-06 17:20:02.619 23700 23726 I Adreno  : Remote Branch                    : quic/LA.BF64.1.2.9_v2
08-06 17:20:02.619 23700 23726 I Adreno  : Remote Branch                    : NONE
08-06 17:20:02.619 23700 23726 I Adreno  : Reconstruct Branch               : NOTHING
08-06 17:20:02.624 23700 23726 I OpenGLRenderer: Initialized EGL, version 1.4
08-06 17:20:02.685 13866 13866 I GoogleInputMethodServic: GoogleInputMethodService.onFinishInput():3138 
08-06 17:20:02.686 13866 13866 I GoogleInputMethodServic: GoogleInputMethodService.onStartInput():1808 
08-06 17:20:02.735   918   936 I ActivityManager: Displayed baseline.appteam.nith.hillffair/.activities.SplashActivity: +568ms
08-06 17:20:02.820 23700 23733 W GCM     : GCM SDK is deprecated, baseline.appteam.nith.hillffair should update to use FCM
08-06 17:20:02.861 24365 14427 W Conscrypt: Could not set socket write timeout: java.net.SocketException: Socket closed
08-06 17:20:02.862 24365 14427 E art     : invalid stream - problem with parameter iterator in /data/app/com.google.android.gms-2/base.apk:classes3.dex for method void com.google.android.gms.org.conscrypt.ConscryptFileDescriptorSocket.setSoWriteTimeout(int)
08-06 17:20:02.862 24365 14427 W Conscrypt: 	at com.google.android.gms.org.conscrypt.Platform.setSocketWriteTimeout(:com.google.android.gms@202614019@20.26.14 (040400-320008519):2)
08-06 17:20:02.862 24365 14427 W Conscrypt: 	at com.google.android.gms.org.conscrypt.ConscryptFileDescriptorSocket.setSoWriteTimeout(:com.google.android.gms@202614019@20.26.14 (040400-320008519))
08-06 17:20:02.879 24365 14427 W Conscrypt: Could not set socket write timeout: java.net.SocketException: Socket closed
08-06 17:20:02.880 24365 14427 E art     : invalid stream - problem with parameter iterator in /data/app/com.google.android.gms-2/base.apk:classes3.dex for method void com.google.android.gms.org.conscrypt.ConscryptFileDescriptorSocket.setSoWriteTimeout(int)
08-06 17:20:02.880 24365 14427 W Conscrypt: 	at com.google.android.gms.org.conscrypt.Platform.setSocketWriteTimeout(:com.google.android.gms@202614019@20.26.14 (040400-320008519):2)
08-06 17:20:02.880 24365 14427 W Conscrypt: 	at com.google.android.gms.org.conscrypt.ConscryptFileDescriptorSocket.setSoWriteTimeout(:com.google.android.gms@202614019@20.26.14 (040400-320008519))
08-06 17:20:02.948 24365 14427 W Conscrypt: Could not set socket write timeout: java.net.SocketException: Socket closed
08-06 17:20:02.949 24365 14427 E art     : invalid stream - problem with parameter iterator in /data/app/com.google.android.gms-2/base.apk:classes3.dex for method void com.google.android.gms.org.conscrypt.ConscryptFileDescriptorSocket.setSoWriteTimeout(int)
08-06 17:20:02.949 24365 14427 W Conscrypt: 	at com.google.android.gms.org.conscrypt.Platform.setSocketWriteTimeout(:com.google.android.gms@202614019@20.26.14 (040400-320008519):2)
08-06 17:20:02.949 24365 14427 W Conscrypt: 	at com.google.android.gms.org.conscrypt.ConscryptFileDescriptorSocket.setSoWriteTimeout(:com.google.android.gms@202614019@20.26.14 (040400-320008519))
08-06 17:20:02.967 24365 14427 W Conscrypt: Could not set socket write timeout: java.net.SocketException: Socket closed
08-06 17:20:02.967 24365 14427 E art     : invalid stream - problem with parameter iterator in /data/app/com.google.android.gms-2/base.apk:classes3.dex for method void com.google.android.gms.org.conscrypt.ConscryptFileDescriptorSocket.setSoWriteTimeout(int)
08-06 17:20:02.968 24365 14427 W Conscrypt: 	at com.google.android.gms.org.conscrypt.Platform.setSocketWriteTimeout(:com.google.android.gms@202614019@20.26.14 (040400-320008519):2)
08-06 17:20:02.968 24365 14427 W Conscrypt: 	at com.google.android.gms.org.conscrypt.ConscryptFileDescriptorSocket.setSoWriteTimeout(:com.google.android.gms@202614019@20.26.14 (040400-320008519))
08-06 17:20:03.182 23700 23733 E OneSignal: Error Getting GCM Token
08-06 17:20:03.182 23700 23733 E OneSignal: java.io.IOException: INVALID_SENDER
08-06 17:20:03.182 23700 23733 E OneSignal: 	at com.google.android.gms.gcm.GoogleCloudMessaging.zzd(Unknown Source)
08-06 17:20:03.182 23700 23733 E OneSignal: 	at com.google.android.gms.gcm.GoogleCloudMessaging.register(Unknown Source)
08-06 17:20:03.182 23700 23733 E OneSignal: 	at com.onesignal.PushRegistratorGCM.getToken(PushRegistratorGCM.java:42)
08-06 17:20:03.182 23700 23733 E OneSignal: 	at com.onesignal.PushRegistratorAbstractGoogle.attemptRegistration(PushRegistratorAbstractGoogle.java:97)
08-06 17:20:03.182 23700 23733 E OneSignal: 	at com.onesignal.PushRegistratorAbstractGoogle.access$100(PushRegistratorAbstractGoogle.java:37)
08-06 17:20:03.182 23700 23733 E OneSignal: 	at com.onesignal.PushRegistratorAbstractGoogle$1.run(PushRegistratorAbstractGoogle.java:84)
08-06 17:20:03.182 23700 23733 E OneSignal: 	at java.lang.Thread.run(Thread.java:818)
08-06 17:20:03.186 24365 14427 I NetworkScheduler.Stats: Task com.google.android.apps.gcs/ started execution. cause:1 exec_start_elapsed_seconds: 1881007 [CONTEXT service_id=218 ]
08-06 17:20:03.187  6242 23739 W Gcs.WfaEliRefreshTask: [29538] afk.b: NULL eligibility response.
08-06 17:20:03.191 24365 14427 I NetworkScheduler.Stats: Task com.google.android.apps.gcs/ finished executing. cause:1 result: 3 elapsed_millis: 9 uptime_millis: 9 exec_start_elapsed_seconds: 1881007 [CONTEXT service_id=218 ]
08-06 17:20:03.200 23700 23738 I art     : Rejecting re-init on previously-failed class java.lang.Class<com.onesignal.OneSignalChromeTab$OneSignalCustomTabsServiceConnection>
08-06 17:20:03.200 23700 23738 I art     : Rejecting re-init on previously-failed class java.lang.Class<com.onesignal.OneSignalChromeTab$OneSignalCustomTabsServiceConnection>
08-06 17:20:03.206   918   930 I UsageStatsService: User[0] Flushing usage stats to disk
08-06 17:20:03.777 23750 23750 D AndroidRuntime: >>>>>> START com.android.internal.os.RuntimeInit uid 2000 <<<<<<
08-06 17:20:03.784 23750 23750 D AndroidRuntime: CheckJNI is OFF
08-06 17:20:03.810 23750 23750 D ICU     : No timezone override file found: /data/misc/zoneinfo/current/icu/icu_tzdata.dat
08-06 17:20:03.840 23750 23750 I Radio-JNI: register_android_hardware_Radio DONE
08-06 17:20:03.856 23750 23750 D AndroidRuntime: Calling main entry com.android.commands.am.Am
08-06 17:20:03.870 26540 26540 I Trepn   : Trepn 6.2s: Received intent: com.quicinc.trepn.start_profiling
08-06 17:20:04.015 26540 26540 W FileUtils: Failed to chmod(/storage/emulated/0/trepn/Trepn_2020.08.06_172003.db): android.system.ErrnoException: chmod failed: EPERM (Operation not permitted)
08-06 17:20:04.058   918  6112 I ActivityManager: START u0 {cmp=baseline.appteam.nith.hillffair/.activities.WelcomeActivity} from uid 10697 on display 0
08-06 17:20:04.099   918  5952 I ActivityManager: START u0 {cmp=baseline.appteam.nith.hillffair/.activities.HomeActivity} from uid 10697 on display 0
08-06 17:20:04.106   918  6112 W ActivityManager: Duplicate finish request for ActivityRecord{1c095c2 u0 baseline.appteam.nith.hillffair/.activities.WelcomeActivity t4455 f}
08-06 17:20:04.148 26540 26540 I Trepn   : Trepn 6.2s: Trepn has Started Profiling.
08-06 17:20:04.149 23750 23750 D AndroidRuntime: Shutting down VM
08-06 17:20:04.398   918  3261 D WifiStateMachine: starting scan for "H369AA63323"WPA_PSK with 2412,5180
08-06 17:20:04.637 23700 23736 I art     : Starting a blocking GC Explicit
08-06 17:20:04.653 23700 23736 I art     : Explicit concurrent mark sweep GC freed 3428(539KB) AllocSpace objects, 0(0B) LOS objects, 24% free, 48MB/64MB, paused 376us total 16.014ms
08-06 17:20:04.661 23700 23736 I art     : Starting a blocking GC Explicit
08-06 17:20:04.673 23700 23736 I art     : Explicit concurrent mark sweep GC freed 403(53KB) AllocSpace objects, 0(0B) LOS objects, 24% free, 48MB/64MB, paused 161us total 11.837ms
08-06 17:20:04.679 23700 23736 I art     : Starting a blocking GC Explicit
08-06 17:20:04.679 13866 13866 I GoogleInputMethodServic: GoogleInputMethodService.onFinishInput():3138 
08-06 17:20:04.680 13866 13866 I GoogleInputMethodServic: GoogleInputMethodService.onStartInput():1808 
08-06 17:20:04.680   918   936 I ActivityManager: Displayed baseline.appteam.nith.hillffair/.activities.HomeActivity: +517ms (total +601ms)
08-06 17:20:04.690 23700 23736 I art     : Explicit concurrent mark sweep GC freed 93(3KB) AllocSpace objects, 0(0B) LOS objects, 24% free, 48MB/64MB, paused 152us total 10.865ms
08-06 17:20:04.696 23700 23736 I art     : Starting a blocking GC Explicit
08-06 17:20:04.711 23700 23736 I art     : Explicit concurrent mark sweep GC freed 9(288B) AllocSpace objects, 0(0B) LOS objects, 24% free, 48MB/64MB, paused 152us total 14.815ms
08-06 17:20:04.717 23700 23736 I art     : Starting a blocking GC Explicit
08-06 17:20:04.739 23700 23736 I art     : Explicit concurrent mark sweep GC freed 86(5KB) AllocSpace objects, 0(0B) LOS objects, 24% free, 48MB/64MB, paused 257us total 20.914ms
08-06 17:20:04.927   380   380 W SurfaceFlinger: couldn't log to binary event log: overflow.
08-06 17:20:05.039 23700 23713 I art     : Starting a blocking GC Explicit
08-06 17:20:05.054 23700 23713 I art     : Explicit concurrent mark sweep GC freed 1777(101KB) AllocSpace objects, 1(20KB) LOS objects, 24% free, 48MB/64MB, paused 909us total 15.425ms
08-06 17:20:05.062 23700 23713 I art     : Starting a blocking GC Explicit
08-06 17:20:05.076 23700 23713 I art     : Explicit concurrent mark sweep GC freed 1267(83KB) AllocSpace objects, 0(0B) LOS objects, 25% free, 47MB/63MB, paused 141us total 13.432ms
08-06 17:20:05.081 23700 23713 I art     : Starting a blocking GC Explicit
08-06 17:20:05.091 23700 23713 I art     : Explicit concurrent mark sweep GC freed 14(656B) AllocSpace objects, 0(0B) LOS objects, 25% free, 47MB/63MB, paused 133us total 10.060ms
08-06 17:20:05.097 23700 23713 I art     : Starting a blocking GC Explicit
08-06 17:20:05.107 23700 23713 I art     : Explicit concurrent mark sweep GC freed 883(58KB) AllocSpace objects, 0(0B) LOS objects, 25% free, 47MB/63MB, paused 180us total 9.800ms
08-06 17:20:05.113 23700 23713 I art     : Starting a blocking GC Explicit
08-06 17:20:05.123 23700 23713 I art     : Explicit concurrent mark sweep GC freed 3(96B) AllocSpace objects, 0(0B) LOS objects, 25% free, 47MB/63MB, paused 145us total 9.813ms
08-06 17:20:05.396 23700 23712 I art     : Starting a blocking GC Explicit
08-06 17:20:05.411 23700 23712 I art     : Explicit concurrent mark sweep GC freed 1342(78KB) AllocSpace objects, 1(20KB) LOS objects, 25% free, 47MB/63MB, paused 192us total 14.565ms
08-06 17:20:05.418 23700 23712 I art     : Starting a blocking GC Explicit
08-06 17:20:05.431 23700 23712 I art     : Explicit concurrent mark sweep GC freed 20(704B) AllocSpace objects, 0(0B) LOS objects, 25% free, 47MB/63MB, paused 175us total 12.520ms
08-06 17:20:05.438 23700 23712 I art     : Starting a blocking GC Explicit
08-06 17:20:05.450 23700 23712 I art     : Explicit concurrent mark sweep GC freed 3(96B) AllocSpace objects, 0(0B) LOS objects, 25% free, 47MB/63MB, paused 154us total 11.476ms
08-06 17:20:05.456 23700 23712 I art     : Starting a blocking GC Explicit
08-06 17:20:05.467 23700 23712 I art     : Explicit concurrent mark sweep GC freed 3(96B) AllocSpace objects, 0(0B) LOS objects, 25% free, 47MB/63MB, paused 152us total 11.373ms
08-06 17:20:05.473 23700 23712 I art     : Starting a blocking GC Explicit
08-06 17:20:05.484 23700 23712 I art     : Explicit concurrent mark sweep GC freed 3(96B) AllocSpace objects, 0(0B) LOS objects, 25% free, 47MB/63MB, paused 156us total 11.089ms
08-06 17:20:05.797 23700 23736 I art     : Starting a blocking GC Explicit
08-06 17:20:05.812 23700 23736 I art     : Explicit concurrent mark sweep GC freed 1342(78KB) AllocSpace objects, 1(20KB) LOS objects, 25% free, 47MB/63MB, paused 185us total 14.407ms
08-06 17:20:05.819 23700 23736 I art     : Starting a blocking GC Explicit
08-06 17:20:05.831 23700 23736 I art     : Explicit concurrent mark sweep GC freed 20(704B) AllocSpace objects, 0(0B) LOS objects, 25% free, 47MB/63MB, paused 166us total 12.571ms
08-06 17:20:05.838 23700 23736 I art     : Starting a blocking GC Explicit
08-06 17:20:05.850 23700 23736 I art     : Explicit concurrent mark sweep GC freed 3(96B) AllocSpace objects, 0(0B) LOS objects, 25% free, 47MB/63MB, paused 142us total 11.406ms
08-06 17:20:05.856 23700 23736 I art     : Starting a blocking GC Explicit
08-06 17:20:05.868 23700 23736 I art     : Explicit concurrent mark sweep GC freed 3(96B) AllocSpace objects, 0(0B) LOS objects, 25% free, 47MB/63MB, paused 142us total 11.460ms
08-06 17:20:05.874 23700 23736 I art     : Starting a blocking GC Explicit
08-06 17:20:05.885 23700 23736 I art     : Explicit concurrent mark sweep GC freed 3(96B) AllocSpace objects, 0(0B) LOS objects, 25% free, 47MB/63MB, paused 137us total 11.265ms
08-06 17:20:06.165   518   646 I ThermalEngine: ACTION: GPU - Setting GPU[0] to 510000000
08-06 17:20:06.198 23700 23713 I art     : Starting a blocking GC Explicit
08-06 17:20:06.217 23700 23713 I art     : Explicit concurrent mark sweep GC freed 1340(78KB) AllocSpace objects, 1(20KB) LOS objects, 25% free, 47MB/63MB, paused 252us total 19.176ms
08-06 17:20:06.228 23700 23713 I art     : Starting a blocking GC Explicit
08-06 17:20:06.246 23700 23713 I art     : Explicit concurrent mark sweep GC freed 20(704B) AllocSpace objects, 0(0B) LOS objects, 25% free, 47MB/63MB, paused 196us total 17.433ms
08-06 17:20:06.254 23700 23713 I art     : Starting a blocking GC Explicit
08-06 17:20:06.269 23700 23713 I art     : Explicit concurrent mark sweep GC freed 3(96B) AllocSpace objects, 0(0B) LOS objects, 25% free, 47MB/63MB, paused 203us total 15.089ms
08-06 17:20:06.277 23700 23713 I art     : Starting a blocking GC Explicit
08-06 17:20:06.292 23700 23713 I art     : Explicit concurrent mark sweep GC freed 3(96B) AllocSpace objects, 0(0B) LOS objects, 25% free, 47MB/63MB, paused 198us total 14.417ms
08-06 17:20:06.300 23700 23713 I art     : Starting a blocking GC Explicit
08-06 17:20:06.314 23700 23713 I art     : Explicit concurrent mark sweep GC freed 3(96B) AllocSpace objects, 0(0B) LOS objects, 25% free, 47MB/63MB, paused 192us total 14.527ms
08-06 17:20:06.637 23700 23712 I art     : Starting a blocking GC Explicit
08-06 17:20:06.659 23700 23712 I art     : Explicit concurrent mark sweep GC freed 1339(78KB) AllocSpace objects, 1(20KB) LOS objects, 25% free, 47MB/63MB, paused 232us total 21.761ms
08-06 17:20:06.670 23700 23712 I art     : Starting a blocking GC Explicit
08-06 17:20:06.685 23700 23712 I art     : Explicit concurrent mark sweep GC freed 20(704B) AllocSpace objects, 0(0B) LOS objects, 25% free, 47MB/63MB, paused 200us total 15.003ms
08-06 17:20:06.693 23700 23712 I art     : Starting a blocking GC Explicit
08-06 17:20:06.708 23700 23712 I art     : Explicit concurrent mark sweep GC freed 3(96B) AllocSpace objects, 0(0B) LOS objects, 25% free, 47MB/63MB, paused 195us total 15.197ms
08-06 17:20:06.716 23700 23712 I art     : Starting a blocking GC Explicit
08-06 17:20:06.731 23700 23712 I art     : Explicit concurrent mark sweep GC freed 3(96B) AllocSpace objects, 0(0B) LOS objects, 25% free, 47MB/63MB, paused 205us total 14.873ms
08-06 17:20:06.739 23700 23712 I art     : Starting a blocking GC Explicit
08-06 17:20:06.754 23700 23712 I art     : Explicit concurrent mark sweep GC freed 3(96B) AllocSpace objects, 0(0B) LOS objects, 25% free, 47MB/63MB, paused 204us total 14.999ms
08-06 17:20:07.052 23700 23736 I art     : Starting a blocking GC Explicit
08-06 17:20:07.071 23700 23736 I art     : Explicit concurrent mark sweep GC freed 1339(78KB) AllocSpace objects, 1(20KB) LOS objects, 25% free, 47MB/63MB, paused 224us total 18.423ms
08-06 17:20:07.083 23700 23736 I art     : Starting a blocking GC Explicit
08-06 17:20:07.101 23700 23736 I art     : Explicit concurrent mark sweep GC freed 20(704B) AllocSpace objects, 0(0B) LOS objects, 25% free, 47MB/63MB, paused 224us total 17.894ms
08-06 17:20:07.111 23700 23736 I art     : Starting a blocking GC Explicit
08-06 17:20:07.126 23700 23736 I art     : Explicit concurrent mark sweep GC freed 3(96B) AllocSpace objects, 0(0B) LOS objects, 25% free, 47MB/63MB, paused 195us total 15.292ms
08-06 17:20:07.134 23700 23736 I art     : Starting a blocking GC Explicit
08-06 17:20:07.149 23700 23736 I art     : Explicit concurrent mark sweep GC freed 3(96B) AllocSpace objects, 0(0B) LOS objects, 25% free, 47MB/63MB, paused 204us total 14.864ms
08-06 17:20:07.157 23700 23736 I art     : Starting a blocking GC Explicit
08-06 17:20:07.173 23700 23736 I art     : Explicit concurrent mark sweep GC freed 3(96B) AllocSpace objects, 0(0B) LOS objects, 25% free, 47MB/63MB, paused 204us total 15.159ms
08-06 17:20:07.470 23700 23713 I art     : Starting a blocking GC Explicit
08-06 17:20:07.486 23700 23713 I art     : Explicit concurrent mark sweep GC freed 1339(78KB) AllocSpace objects, 1(20KB) LOS objects, 25% free, 47MB/63MB, paused 207us total 15.718ms
08-06 17:20:07.497 23700 23713 I art     : Starting a blocking GC Explicit
08-06 17:20:07.515 23700 23713 I art     : Explicit concurrent mark sweep GC freed 20(704B) AllocSpace objects, 0(0B) LOS objects, 25% free, 47MB/63MB, paused 223us total 17.727ms
08-06 17:20:07.525 23700 23713 I art     : Starting a blocking GC Explicit
08-06 17:20:07.540 23700 23713 I art     : Explicit concurrent mark sweep GC freed 3(96B) AllocSpace objects, 0(0B) LOS objects, 25% free, 47MB/63MB, paused 183us total 15.032ms
08-06 17:20:07.548 23700 23713 I art     : Starting a blocking GC Explicit
08-06 17:20:07.563 23700 23713 I art     : Explicit concurrent mark sweep GC freed 3(96B) AllocSpace objects, 0(0B) LOS objects, 25% free, 47MB/63MB, paused 189us total 14.641ms
08-06 17:20:07.570 23700 23713 I art     : Starting a blocking GC Explicit
08-06 17:20:07.585 23700 23713 I art     : Explicit concurrent mark sweep GC freed 3(96B) AllocSpace objects, 0(0B) LOS objects, 25% free, 47MB/63MB, paused 205us total 14.774ms
08-06 17:20:07.897 23700 23712 I art     : Starting a blocking GC Explicit
08-06 17:20:07.920 23700 23712 I art     : Explicit concurrent mark sweep GC freed 1339(78KB) AllocSpace objects, 1(20KB) LOS objects, 25% free, 47MB/63MB, paused 268us total 22.294ms
08-06 17:20:07.928   918  1210 D NetlinkSocketObserver: NeighborEvent{elapsedMs=1881011802, 192.168.2.254, [7C3953A63323], RTM_NEWNEIGH, NUD_REACHABLE}
08-06 17:20:07.932 23700 23712 I art     : Starting a blocking GC Explicit
08-06 17:20:07.948 23700 23712 I art     : Explicit concurrent mark sweep GC freed 20(704B) AllocSpace objects, 0(0B) LOS objects, 25% free, 47MB/63MB, paused 208us total 15.822ms
08-06 17:20:07.956 23700 23712 I art     : Starting a blocking GC Explicit
08-06 17:20:07.971 23700 23712 I art     : Explicit concurrent mark sweep GC freed 3(96B) AllocSpace objects, 0(0B) LOS objects, 25% free, 47MB/63MB, paused 205us total 14.693ms
08-06 17:20:07.978 23700 23712 I art     : Starting a blocking GC Explicit
08-06 17:20:07.993 23700 23712 I art     : Explicit concurrent mark sweep GC freed 3(96B) AllocSpace objects, 0(0B) LOS objects, 25% free, 47MB/63MB, paused 204us total 14.734ms
08-06 17:20:08.001 23700 23712 I art     : Starting a blocking GC Explicit
08-06 17:20:08.016 23700 23712 I art     : Explicit concurrent mark sweep GC freed 3(96B) AllocSpace objects, 0(0B) LOS objects, 25% free, 47MB/63MB, paused 207us total 15.014ms
08-06 17:20:08.277 23700 23736 I art     : Starting a blocking GC Explicit
08-06 17:20:08.292 23700 23736 I art     : Explicit concurrent mark sweep GC freed 1618(94KB) AllocSpace objects, 1(20KB) LOS objects, 25% free, 47MB/63MB, paused 229us total 14.409ms
08-06 17:20:08.300 23700 23736 I art     : Starting a blocking GC Explicit
08-06 17:20:08.315 23700 23736 I art     : Explicit concurrent mark sweep GC freed 25(912B) AllocSpace objects, 0(0B) LOS objects, 25% free, 47MB/63MB, paused 246us total 14.862ms
08-06 17:20:08.322 23700 23736 I art     : Starting a blocking GC Explicit
08-06 17:20:08.337 23700 23736 I art     : Explicit concurrent mark sweep GC freed 3(96B) AllocSpace objects, 0(0B) LOS objects, 25% free, 47MB/63MB, paused 252us total 14.907ms
08-06 17:20:08.345 23700 23736 I art     : Starting a blocking GC Explicit
08-06 17:20:08.359 23700 23882 W OneSignal: OneSignalRestClient: POST Error thrown from network stack. 
08-06 17:20:08.359 23700 23882 W OneSignal: java.io.IOException: unexpected end of stream on Connection{api.onesignal.com:443, proxy=HTTP@192.168.2.12:8080 hostAddress=192.168.2.12 cipherSuite=TLS_ECDHE_RSA_WITH_AES_128_GCM_SHA256 protocol=http/1.1} (recycle count=1)
08-06 17:20:08.359 23700 23882 W OneSignal: 	at com.android.okhttp.internal.http.HttpConnection.readResponse(HttpConnection.java:210)
08-06 17:20:08.359 23700 23882 W OneSignal: 	at com.android.okhttp.internal.http.HttpTransport.readResponseHeaders(HttpTransport.java:80)
08-06 17:20:08.359 23700 23882 W OneSignal: 	at com.android.okhttp.internal.http.HttpEngine.readNetworkResponse(HttpEngine.java:904)
08-06 17:20:08.359 23700 23882 W OneSignal: 	at com.android.okhttp.internal.http.HttpEngine.readResponse(HttpEngine.java:788)
08-06 17:20:08.359 23700 23882 W OneSignal: 	at com.android.okhttp.internal.huc.HttpURLConnectionImpl.execute(HttpURLConnectionImpl.java:439)
08-06 17:20:08.359 23700 23882 W OneSignal: 	at com.android.okhttp.internal.huc.HttpURLConnectionImpl.getResponse(HttpURLConnectionImpl.java:384)
08-06 17:20:08.359 23700 23882 W OneSignal: 	at com.android.okhttp.internal.huc.HttpURLConnectionImpl.getResponseCode(HttpURLConnectionImpl.java:497)
08-06 17:20:08.359 23700 23882 W OneSignal: 	at com.android.okhttp.internal.huc.DelegatingHttpsURLConnection.getResponseCode(DelegatingHttpsURLConnection.java:105)
08-06 17:20:08.359 23700 23882 W OneSignal: 	at com.android.okhttp.internal.huc.HttpsURLConnectionImpl.getResponseCode(HttpsURLConnectionImpl.java)
08-06 17:20:08.359 23700 23882 W OneSignal: 	at com.onesignal.OneSignalRestClient.startHTTPConnection(OneSignalRestClient.java:180)
08-06 17:20:08.359 23700 23882 W OneSignal: 	at com.onesignal.OneSignalRestClient.access$100(OneSignalRestClient.java:44)
08-06 17:20:08.359 23700 23882 W OneSignal: 	at com.onesignal.OneSignalRestClient$4.run(OneSignalRestClient.java:110)
08-06 17:20:08.359 23700 23882 W OneSignal: 	at java.lang.Thread.run(Thread.java:818)
08-06 17:20:08.359 23700 23882 W OneSignal: Caused by: java.io.EOFException: \n not found: size=0 content=...
08-06 17:20:08.359 23700 23882 W OneSignal: 	at com.android.okhttp.okio.RealBufferedSource.readUtf8LineStrict(RealBufferedSource.java:200)
08-06 17:20:08.359 23700 23882 W OneSignal: 	at com.android.okhttp.internal.http.HttpConnection.readResponse(HttpConnection.java:191)
08-06 17:20:08.359 23700 23882 W OneSignal: 	... 12 more
08-06 17:20:08.361 23700 23736 I art     : Explicit concurrent mark sweep GC freed 124(41KB) AllocSpace objects, 0(0B) LOS objects, 25% free, 47MB/63MB, paused 551us total 15.257ms
08-06 17:20:08.361 23700 23885 W OneSignal: Failed last request. statusCode: -1
08-06 17:20:08.361 23700 23885 W OneSignal: response: null
08-06 17:20:08.368 23700 23736 I art     : Starting a blocking GC Explicit
08-06 17:20:08.383 23700 23736 I art     : Explicit concurrent mark sweep GC freed 246(18KB) AllocSpace objects, 0(0B) LOS objects, 25% free, 47MB/63MB, paused 195us total 14.533ms
08-06 17:20:08.692 23700 23713 I art     : Starting a blocking GC Explicit
08-06 17:20:08.708 23700 23713 I art     : Explicit concurrent mark sweep GC freed 1339(78KB) AllocSpace objects, 1(20KB) LOS objects, 25% free, 47MB/63MB, paused 203us total 15.864ms
08-06 17:20:08.719 23700 23713 I art     : Starting a blocking GC Explicit
08-06 17:20:08.734 23700 23713 I art     : Explicit concurrent mark sweep GC freed 20(704B) AllocSpace objects, 0(0B) LOS objects, 25% free, 47MB/63MB, paused 197us total 15.040ms
08-06 17:20:08.742 23700 23713 I art     : Starting a blocking GC Explicit
08-06 17:20:08.756 23700 23713 I art     : Explicit concurrent mark sweep GC freed 3(96B) AllocSpace objects, 0(0B) LOS objects, 25% free, 47MB/63MB, paused 195us total 14.105ms
08-06 17:20:08.764 23700 23713 I art     : Starting a blocking GC Explicit
08-06 17:20:08.779 23700 23713 I art     : Explicit concurrent mark sweep GC freed 3(96B) AllocSpace objects, 0(0B) LOS objects, 25% free, 47MB/63MB, paused 192us total 14.562ms
08-06 17:20:08.787 23700 23713 I art     : Starting a blocking GC Explicit
08-06 17:20:08.801 23700 23713 I art     : Explicit concurrent mark sweep GC freed 3(96B) AllocSpace objects, 0(0B) LOS objects, 25% free, 47MB/63MB, paused 191us total 14.625ms
08-06 17:20:09.048 23700 23712 I art     : Starting a blocking GC Explicit
08-06 17:20:09.064 23700 23712 I art     : Explicit concurrent mark sweep GC freed 1339(78KB) AllocSpace objects, 1(20KB) LOS objects, 25% free, 47MB/63MB, paused 216us total 15.394ms
08-06 17:20:09.071 23700 23712 I art     : Starting a blocking GC Explicit
08-06 17:20:09.086 23700 23712 I art     : Explicit concurrent mark sweep GC freed 20(704B) AllocSpace objects, 0(0B) LOS objects, 25% free, 47MB/63MB, paused 219us total 14.700ms
08-06 17:20:09.094 23700 23712 I art     : Starting a blocking GC Explicit
08-06 17:20:09.109 23700 23712 I art     : Explicit concurrent mark sweep GC freed 3(96B) AllocSpace objects, 0(0B) LOS objects, 25% free, 47MB/63MB, paused 211us total 14.783ms
08-06 17:20:09.117 23700 23712 I art     : Starting a blocking GC Explicit
08-06 17:20:09.132 23700 23712 I art     : Explicit concurrent mark sweep GC freed 3(96B) AllocSpace objects, 0(0B) LOS objects, 25% free, 47MB/63MB, paused 219us total 14.747ms
08-06 17:20:09.139 23700 23712 I art     : Starting a blocking GC Explicit
08-06 17:20:09.154 23700 23712 I art     : Explicit concurrent mark sweep GC freed 3(96B) AllocSpace objects, 0(0B) LOS objects, 25% free, 47MB/63MB, paused 211us total 13.897ms
08-06 17:20:09.329 23898 23898 D AndroidRuntime: >>>>>> START com.android.internal.os.RuntimeInit uid 2000 <<<<<<
08-06 17:20:09.334 23898 23898 D AndroidRuntime: CheckJNI is OFF
08-06 17:20:09.368 23898 23898 D ICU     : No timezone override file found: /data/misc/zoneinfo/current/icu/icu_tzdata.dat
08-06 17:20:09.399 23898 23898 I Radio-JNI: register_android_hardware_Radio DONE
08-06 17:20:09.420 23898 23898 D AndroidRuntime: Calling main entry com.android.commands.input.Input
08-06 17:20:09.421 23898 23898 I Input   : injectMotionEvent: MotionEvent { action=ACTION_DOWN, actionButton=0, id[0]=0, x[0]=337.0, y[0]=1104.0, toolType[0]=TOOL_TYPE_UNKNOWN, buttonState=0, metaState=0, flags=0x0, edgeFlags=0x0, pointerCount=1, historySize=0, eventTime=897625834, downTime=897625834, deviceId=0, source=0x1002 }
08-06 17:20:09.426 23898 23898 I Input   : injectMotionEvent: MotionEvent { action=ACTION_UP, actionButton=0, id[0]=0, x[0]=337.0, y[0]=1104.0, toolType[0]=TOOL_TYPE_UNKNOWN, buttonState=0, metaState=0, flags=0x0, edgeFlags=0x0, pointerCount=1, historySize=0, eventTime=897625834, downTime=897625834, deviceId=0, source=0x1002 }
08-06 17:20:09.428   918  4413 I ActivityManager: START u0 {cmp=baseline.appteam.nith.hillffair/.activities.BattleDayActivity} from uid 10697 on display 0
08-06 17:20:09.435 23898 23898 D AndroidRuntime: Shutting down VM
08-06 17:20:09.457 23700 23736 I art     : Starting a blocking GC Explicit
08-06 17:20:09.480 23700 23736 I art     : Explicit concurrent mark sweep GC freed 2376(203KB) AllocSpace objects, 1(20KB) LOS objects, 24% free, 48MB/64MB, paused 2.232ms total 23.350ms
08-06 17:20:09.488 23700 23736 I art     : Starting a blocking GC Explicit
08-06 17:20:09.508 23700 23736 I art     : Explicit concurrent mark sweep GC freed 6013(330KB) AllocSpace objects, 0(0B) LOS objects, 24% free, 48MB/64MB, paused 1.162ms total 19.520ms
08-06 17:20:09.516 23700 23736 I art     : Starting a blocking GC Explicit
08-06 17:20:09.533 23700 23736 I art     : Explicit concurrent mark sweep GC freed 543(44KB) AllocSpace objects, 0(0B) LOS objects, 24% free, 48MB/64MB, paused 322us total 16.635ms
08-06 17:20:09.541 23700 23736 I art     : Starting a blocking GC Explicit
08-06 17:20:09.556 23700 23736 I art     : Explicit concurrent mark sweep GC freed 36(1360B) AllocSpace objects, 0(0B) LOS objects, 24% free, 48MB/64MB, paused 433us total 14.418ms
08-06 17:20:09.557 13866 13866 I GoogleInputMethodServic: GoogleInputMethodService.onFinishInput():3138 
08-06 17:20:09.558 13866 13866 I GoogleInputMethodServic: GoogleInputMethodService.onStartInput():1808 
08-06 17:20:09.563 23700 23736 I art     : Starting a blocking GC Explicit
08-06 17:20:09.580 23700 23736 I art     : Explicit concurrent mark sweep GC freed 210(13KB) AllocSpace objects, 0(0B) LOS objects, 24% free, 48MB/64MB, paused 713us total 15.251ms
08-06 17:20:09.591   918   936 I ActivityManager: Displayed baseline.appteam.nith.hillffair/.activities.BattleDayActivity: +155ms
08-06 17:20:09.845   380   380 W SurfaceFlinger: couldn't log to binary event log: overflow.
08-06 17:20:09.857 23700 23736 I art     : Starting a blocking GC Explicit
08-06 17:20:09.874 23700 23736 I art     : Explicit concurrent mark sweep GC freed 1383(81KB) AllocSpace objects, 1(20KB) LOS objects, 24% free, 48MB/64MB, paused 236us total 17.488ms
08-06 17:20:09.882 23700 23736 I art     : Starting a blocking GC Explicit
08-06 17:20:09.896 23700 23736 I art     : Explicit concurrent mark sweep GC freed 24(832B) AllocSpace objects, 0(0B) LOS objects, 24% free, 48MB/64MB, paused 244us total 14.376ms
08-06 17:20:09.904 23700 23736 I art     : Starting a blocking GC Explicit
08-06 17:20:09.918 23700 23736 I art     : Explicit concurrent mark sweep GC freed 3(96B) AllocSpace objects, 0(0B) LOS objects, 24% free, 48MB/64MB, paused 224us total 14.372ms
08-06 17:20:09.925 23700 23736 I art     : Starting a blocking GC Explicit
08-06 17:20:09.941 23700 23736 I art     : Explicit concurrent mark sweep GC freed 3(96B) AllocSpace objects, 0(0B) LOS objects, 24% free, 48MB/64MB, paused 230us total 14.842ms
08-06 17:20:09.948 23700 23736 I art     : Starting a blocking GC Explicit
08-06 17:20:09.964 23700 23736 I art     : Explicit concurrent mark sweep GC freed 3(96B) AllocSpace objects, 0(0B) LOS objects, 24% free, 48MB/64MB, paused 230us total 15.314ms
08-06 17:20:10.253 23700 23712 I art     : Starting a blocking GC Explicit
08-06 17:20:10.271 23700 23712 I art     : Explicit concurrent mark sweep GC freed 1512(91KB) AllocSpace objects, 1(20KB) LOS objects, 24% free, 48MB/64MB, paused 267us total 17.529ms
08-06 17:20:10.279 23700 23712 I art     : Starting a blocking GC Explicit
08-06 17:20:10.297 23700 23712 I art     : Explicit concurrent mark sweep GC freed 2449(127KB) AllocSpace objects, 2(120KB) LOS objects, 24% free, 48MB/64MB, paused 491us total 17.552ms
08-06 17:20:10.304 23700 23931 D OkHttp  : --> GET https://api-hillfair-2k16.herokuapp.com/api/app/events/special http/1.1
08-06 17:20:10.306 23700 23712 I art     : Starting a blocking GC Explicit
08-06 17:20:10.321 23700 23712 I art     : Explicit concurrent mark sweep GC freed 1139(122KB) AllocSpace objects, 1(80KB) LOS objects, 24% free, 48MB/64MB, paused 274us total 15.181ms
08-06 17:20:10.329 23700 23712 I art     : Starting a blocking GC Explicit
08-06 17:20:10.344 23700 23712 I art     : Explicit concurrent mark sweep GC freed 29(3KB) AllocSpace objects, 0(0B) LOS objects, 24% free, 48MB/64MB, paused 260us total 15.340ms
08-06 17:20:10.350 23700 23931 D OkHttp  : <-- 200 OK https://api-hillfair-2k16.herokuapp.com/api/app/events/special (46ms, 554-byte body)
08-06 17:20:10.353 23700 23712 I art     : Starting a blocking GC Explicit
08-06 17:20:10.370 23700 23712 I art     : Explicit concurrent mark sweep GC freed 223(36KB) AllocSpace objects, 0(0B) LOS objects, 24% free, 48MB/64MB, paused 289us total 16.752ms
08-06 17:20:10.400 23700 23700 I NAPPA_EXPERIMENTATION: MetricNetworkRequestExecutionTime: REQUEST_DURATION_SYSTEM='898',REQUEST_DURATION_OKHTTP='44',REQUEST_SYNCHRONOUS='FALSE',RESPONSE_CODE='200',RESPONSE_METHOD='GET',RESPONSE_LENGTH_OKHTTP='554',RESPONSE_LENGTH_HEADER='554',REQUEST_PROTOCOL='http/1.1',REQUEST_URL='https://api-hillfair-2k16.herokuapp.com/api/app/events/special',
08-06 17:20:10.626 23700 23713 I art     : Starting a blocking GC Explicit
08-06 17:20:10.645 23700 23713 I art     : Explicit concurrent mark sweep GC freed 3053(204KB) AllocSpace objects, 1(20KB) LOS objects, 24% free, 48MB/64MB, paused 390us total 19.219ms
08-06 17:20:10.655 23700 23713 I art     : Starting a blocking GC Explicit
08-06 17:20:10.673 23700 23713 I art     : Explicit concurrent mark sweep GC freed 144(5KB) AllocSpace objects, 0(0B) LOS objects, 24% free, 48MB/64MB, paused 374us total 17.679ms
08-06 17:20:10.681 23700 23713 I art     : Starting a blocking GC Explicit
08-06 17:20:10.699 23700 23713 I art     : Explicit concurrent mark sweep GC freed 3(96B) AllocSpace objects, 0(0B) LOS objects, 24% free, 48MB/64MB, paused 384us total 17.637ms
08-06 17:20:10.708 23700 23713 I art     : Starting a blocking GC Explicit
08-06 17:20:10.726 23700 23713 I art     : Explicit concurrent mark sweep GC freed 3(96B) AllocSpace objects, 0(0B) LOS objects, 24% free, 48MB/64MB, paused 356us total 17.940ms
08-06 17:20:10.734 23700 23713 I art     : Starting a blocking GC Explicit
08-06 17:20:10.752 23700 23713 I art     : Explicit concurrent mark sweep GC freed 3(96B) AllocSpace objects, 0(0B) LOS objects, 24% free, 48MB/64MB, paused 384us total 17.658ms
08-06 17:20:11.028 23700 23712 I art     : Starting a blocking GC Explicit
08-06 17:20:11.047 23700 23712 I art     : Explicit concurrent mark sweep GC freed 9412(480KB) AllocSpace objects, 1(20KB) LOS objects, 23% free, 52MB/68MB, paused 341us total 18.697ms
08-06 17:20:11.055 23700 23712 I art     : Starting a blocking GC Explicit
08-06 17:20:11.070 23700 23712 I art     : Explicit concurrent mark sweep GC freed 276(10KB) AllocSpace objects, 0(0B) LOS objects, 23% free, 52MB/68MB, paused 304us total 14.930ms
08-06 17:20:11.077 23700 23712 I art     : Starting a blocking GC Explicit
08-06 17:20:11.093 23700 23712 I art     : Explicit concurrent mark sweep GC freed 41(47KB) AllocSpace objects, 0(0B) LOS objects, 23% free, 52MB/68MB, paused 288us total 15.286ms
08-06 17:20:11.100 23700 23712 I art     : Starting a blocking GC Explicit
08-06 17:20:11.116 23700 23712 I art     : Explicit concurrent mark sweep GC freed 38(37KB) AllocSpace objects, 0(0B) LOS objects, 23% free, 52MB/68MB, paused 419us total 15.593ms
08-06 17:20:11.124 23700 23712 I art     : Starting a blocking GC Explicit
08-06 17:20:11.139 23700 23712 I art     : Explicit concurrent mark sweep GC freed 13(416B) AllocSpace objects, 0(0B) LOS objects, 23% free, 52MB/68MB, paused 253us total 14.826ms
08-06 17:20:11.450 23700 23713 I art     : Starting a blocking GC Explicit
08-06 17:20:11.475 23700 23713 I art     : Explicit concurrent mark sweep GC freed 1340(78KB) AllocSpace objects, 1(20KB) LOS objects, 23% free, 52MB/68MB, paused 333us total 24.764ms
08-06 17:20:11.488 23700 23713 I art     : Starting a blocking GC Explicit
08-06 17:20:11.507 23700 23713 I art     : Explicit concurrent mark sweep GC freed 20(704B) AllocSpace objects, 0(0B) LOS objects, 23% free, 52MB/68MB, paused 454us total 18.734ms
08-06 17:20:11.515 23700 23713 I art     : Starting a blocking GC Explicit
08-06 17:20:11.533 23700 23713 I art     : Explicit concurrent mark sweep GC freed 3(96B) AllocSpace objects, 0(0B) LOS objects, 23% free, 52MB/68MB, paused 268us total 17.695ms
08-06 17:20:11.541 23700 23713 I art     : Starting a blocking GC Explicit
08-06 17:20:11.559 23700 23713 I art     : Explicit concurrent mark sweep GC freed 3(96B) AllocSpace objects, 0(0B) LOS objects, 23% free, 52MB/68MB, paused 313us total 17.676ms
08-06 17:20:11.568 23700 23713 I art     : Starting a blocking GC Explicit
08-06 17:20:11.586 23700 23713 I art     : Explicit concurrent mark sweep GC freed 3(96B) AllocSpace objects, 0(0B) LOS objects, 23% free, 52MB/68MB, paused 284us total 17.865ms
08-06 17:20:11.918 23700 23736 I art     : Starting a blocking GC Explicit
08-06 17:20:11.943 23700 23736 I art     : Explicit concurrent mark sweep GC freed 1340(78KB) AllocSpace objects, 1(20KB) LOS objects, 23% free, 52MB/68MB, paused 402us total 24.688ms
08-06 17:20:11.955 23700 23736 I art     : Starting a blocking GC Explicit
08-06 17:20:11.973 23700 23736 I art     : Explicit concurrent mark sweep GC freed 20(704B) AllocSpace objects, 0(0B) LOS objects, 23% free, 52MB/68MB, paused 279us total 18.245ms
08-06 17:20:11.981 23700 23736 I art     : Starting a blocking GC Explicit
08-06 17:20:11.999 23700 23736 I art     : Explicit concurrent mark sweep GC freed 3(96B) AllocSpace objects, 0(0B) LOS objects, 23% free, 52MB/68MB, paused 288us total 17.661ms
08-06 17:20:12.007 23700 23736 I art     : Starting a blocking GC Explicit
08-06 17:20:12.026 23700 23736 I art     : Explicit concurrent mark sweep GC freed 3(96B) AllocSpace objects, 0(0B) LOS objects, 23% free, 52MB/68MB, paused 280us total 18.111ms
08-06 17:20:12.034 23700 23736 I art     : Starting a blocking GC Explicit
08-06 17:20:12.053 23700 23736 I art     : Explicit concurrent mark sweep GC freed 3(96B) AllocSpace objects, 0(0B) LOS objects, 23% free, 52MB/68MB, paused 325us total 18.210ms
08-06 17:20:12.175   518   646 I ThermalEngine: ACTION: GPU - Setting GPU[0] to 450000000
08-06 17:20:12.285 26121 26151 I WorkerManager: dispose()
08-06 17:20:12.297 26121 26151 W ThreadPoolDumper: Queue length for executor EventBus is now 11. Perhaps some tasks are too long, or the pool is too small.
08-06 17:20:12.391 23700 23712 I art     : Starting a blocking GC Explicit
08-06 17:20:12.421 23700 23712 I art     : Explicit concurrent mark sweep GC freed 1340(78KB) AllocSpace objects, 1(20KB) LOS objects, 23% free, 52MB/68MB, paused 376us total 29.385ms
08-06 17:20:12.432 23700 23712 I art     : Starting a blocking GC Explicit
08-06 17:20:12.454 23700 23712 I art     : Explicit concurrent mark sweep GC freed 20(704B) AllocSpace objects, 0(0B) LOS objects, 23% free, 52MB/68MB, paused 384us total 21.909ms
08-06 17:20:12.464 23700 23712 I art     : Starting a blocking GC Explicit
08-06 17:20:12.487 23700 23712 I art     : Explicit concurrent mark sweep GC freed 3(96B) AllocSpace objects, 0(0B) LOS objects, 23% free, 52MB/68MB, paused 434us total 22.640ms
08-06 17:20:12.498 23700 23712 I art     : Starting a blocking GC Explicit
08-06 17:20:12.520 23700 23712 I art     : Explicit concurrent mark sweep GC freed 3(96B) AllocSpace objects, 0(0B) LOS objects, 23% free, 52MB/68MB, paused 385us total 22.295ms
08-06 17:20:12.531 23700 23712 I art     : Starting a blocking GC Explicit
08-06 17:20:12.555 23700 23712 I art     : Explicit concurrent mark sweep GC freed 3(96B) AllocSpace objects, 0(0B) LOS objects, 23% free, 52MB/68MB, paused 383us total 24.043ms
08-06 17:20:12.866 23700 23713 I art     : Starting a blocking GC Explicit
08-06 17:20:12.896 23700 23713 I art     : Explicit concurrent mark sweep GC freed 1340(78KB) AllocSpace objects, 1(20KB) LOS objects, 23% free, 52MB/68MB, paused 387us total 30.257ms
08-06 17:20:12.910 23700 23713 I art     : Starting a blocking GC Explicit
08-06 17:20:12.938 23700 23713 I art     : Explicit concurrent mark sweep GC freed 20(704B) AllocSpace objects, 0(0B) LOS objects, 23% free, 52MB/68MB, paused 419us total 27.289ms
08-06 17:20:12.949 23700 23713 I art     : Starting a blocking GC Explicit
08-06 17:20:12.972 23700 23713 I art     : Explicit concurrent mark sweep GC freed 3(96B) AllocSpace objects, 0(0B) LOS objects, 23% free, 52MB/68MB, paused 394us total 23.135ms
08-06 17:20:12.983 23700 23713 I art     : Starting a blocking GC Explicit
08-06 17:20:13.008 23700 23713 I art     : Explicit concurrent mark sweep GC freed 3(96B) AllocSpace objects, 0(0B) LOS objects, 23% free, 52MB/68MB, paused 415us total 24.219ms
08-06 17:20:13.018 23700 23713 I art     : Starting a blocking GC Explicit
08-06 17:20:13.042 23700 23713 I art     : Explicit concurrent mark sweep GC freed 3(96B) AllocSpace objects, 0(0B) LOS objects, 23% free, 52MB/68MB, paused 387us total 23.530ms
08-06 17:20:13.346 23700 23736 I art     : Starting a blocking GC Explicit
08-06 17:20:13.377 23700 23736 I art     : Explicit concurrent mark sweep GC freed 1340(78KB) AllocSpace objects, 1(20KB) LOS objects, 23% free, 52MB/68MB, paused 382us total 30.380ms
08-06 17:20:13.388 23700 23736 I art     : Starting a blocking GC Explicit
08-06 17:20:13.411 23700 23736 I art     : Explicit concurrent mark sweep GC freed 20(704B) AllocSpace objects, 0(0B) LOS objects, 23% free, 52MB/68MB, paused 391us total 23.527ms
08-06 17:20:13.422 23700 23736 I art     : Starting a blocking GC Explicit
08-06 17:20:13.446 23700 23736 I art     : Explicit concurrent mark sweep GC freed 3(96B) AllocSpace objects, 0(0B) LOS objects, 23% free, 52MB/68MB, paused 387us total 23.287ms
08-06 17:20:13.457 23700 23736 I art     : Starting a blocking GC Explicit
08-06 17:20:13.481 23700 23736 I art     : Explicit concurrent mark sweep GC freed 3(96B) AllocSpace objects, 0(0B) LOS objects, 23% free, 52MB/68MB, paused 373us total 23.701ms
08-06 17:20:13.492 23700 23736 I art     : Starting a blocking GC Explicit
08-06 17:20:13.515 23700 23736 I art     : Explicit concurrent mark sweep GC freed 3(96B) AllocSpace objects, 0(0B) LOS objects, 23% free, 52MB/68MB, paused 368us total 23.087ms
08-06 17:20:13.850 23700 23712 I art     : Starting a blocking GC Explicit
08-06 17:20:13.882 23700 23712 I art     : Explicit concurrent mark sweep GC freed 1340(78KB) AllocSpace objects, 1(20KB) LOS objects, 23% free, 52MB/68MB, paused 410us total 31.157ms
08-06 17:20:13.894 23700 23712 I art     : Starting a blocking GC Explicit
08-06 17:20:13.916 23700 23712 I art     : Explicit concurrent mark sweep GC freed 20(704B) AllocSpace objects, 0(0B) LOS objects, 23% free, 52MB/68MB, paused 381us total 22.300ms
08-06 17:20:13.927 23700 23712 I art     : Starting a blocking GC Explicit
08-06 17:20:13.950 23700 23712 I art     : Explicit concurrent mark sweep GC freed 3(96B) AllocSpace objects, 0(0B) LOS objects, 23% free, 52MB/68MB, paused 375us total 22.242ms
08-06 17:20:13.961 23700 23712 I art     : Starting a blocking GC Explicit
08-06 17:20:13.984 23700 23712 I art     : Explicit concurrent mark sweep GC freed 3(96B) AllocSpace objects, 0(0B) LOS objects, 23% free, 52MB/68MB, paused 385us total 23.366ms
08-06 17:20:13.995 23700 23712 I art     : Starting a blocking GC Explicit
08-06 17:20:14.019 23700 23712 I art     : Explicit concurrent mark sweep GC freed 3(96B) AllocSpace objects, 0(0B) LOS objects, 23% free, 52MB/68MB, paused 379us total 22.876ms
08-06 17:20:14.346 23700 23713 I art     : Starting a blocking GC Explicit
08-06 17:20:14.373 23700 23713 I art     : Explicit concurrent mark sweep GC freed 1340(78KB) AllocSpace objects, 1(20KB) LOS objects, 23% free, 52MB/68MB, paused 409us total 26.106ms
08-06 17:20:14.388 23700 23713 I art     : Starting a blocking GC Explicit
08-06 17:20:14.412 23700 23713 I art     : Explicit concurrent mark sweep GC freed 20(704B) AllocSpace objects, 0(0B) LOS objects, 23% free, 52MB/68MB, paused 383us total 23.498ms
08-06 17:20:14.422 23700 23713 I art     : Starting a blocking GC Explicit
08-06 17:20:14.447 23700 23713 I art     : Explicit concurrent mark sweep GC freed 3(96B) AllocSpace objects, 0(0B) LOS objects, 23% free, 52MB/68MB, paused 392us total 24.224ms
08-06 17:20:14.458 23700 23713 I art     : Starting a blocking GC Explicit
08-06 17:20:14.481 23700 23713 I art     : Explicit concurrent mark sweep GC freed 3(96B) AllocSpace objects, 0(0B) LOS objects, 23% free, 52MB/68MB, paused 363us total 22.602ms
08-06 17:20:14.491 23700 23713 I art     : Starting a blocking GC Explicit
08-06 17:20:14.515 23700 23713 I art     : Explicit concurrent mark sweep GC freed 3(96B) AllocSpace objects, 0(0B) LOS objects, 23% free, 52MB/68MB, paused 369us total 23.538ms
08-06 17:20:14.826 23700 23736 I art     : Starting a blocking GC Explicit
08-06 17:20:14.853 23700 23736 I art     : Explicit concurrent mark sweep GC freed 1340(78KB) AllocSpace objects, 1(20KB) LOS objects, 23% free, 52MB/68MB, paused 373us total 26.752ms
08-06 17:20:14.867 23700 23736 I art     : Starting a blocking GC Explicit
08-06 17:20:14.890 23700 23736 I art     : Explicit concurrent mark sweep GC freed 20(704B) AllocSpace objects, 0(0B) LOS objects, 23% free, 52MB/68MB, paused 390us total 22.778ms
08-06 17:20:14.900 23700 23736 I art     : Starting a blocking GC Explicit
08-06 17:20:14.924 23700 23736 I art     : Explicit concurrent mark sweep GC freed 3(96B) AllocSpace objects, 0(0B) LOS objects, 23% free, 52MB/68MB, paused 386us total 23.935ms
08-06 17:20:14.935 23700 23736 I art     : Starting a blocking GC Explicit
08-06 17:20:14.959 23700 23736 I art     : Explicit concurrent mark sweep GC freed 3(96B) AllocSpace objects, 0(0B) LOS objects, 23% free, 52MB/68MB, paused 372us total 23.845ms
08-06 17:20:14.970 23700 23736 I art     : Starting a blocking GC Explicit
08-06 17:20:14.993 23700 23736 I art     : Explicit concurrent mark sweep GC freed 3(96B) AllocSpace objects, 0(0B) LOS objects, 23% free, 52MB/68MB, paused 367us total 22.357ms
08-06 17:20:15.325 23700 23712 I art     : Starting a blocking GC Explicit
08-06 17:20:15.351 23700 23712 I art     : Explicit concurrent mark sweep GC freed 1340(78KB) AllocSpace objects, 1(20KB) LOS objects, 23% free, 52MB/68MB, paused 390us total 25.906ms
08-06 17:20:15.364 23700 23712 I art     : Starting a blocking GC Explicit
08-06 17:20:15.387 23700 23712 I art     : Explicit concurrent mark sweep GC freed 20(704B) AllocSpace objects, 0(0B) LOS objects, 23% free, 52MB/68MB, paused 532us total 22.706ms
08-06 17:20:15.398 23700 23712 I art     : Starting a blocking GC Explicit
08-06 17:20:15.420 23700 23712 I art     : Explicit concurrent mark sweep GC freed 3(96B) AllocSpace objects, 0(0B) LOS objects, 23% free, 52MB/68MB, paused 381us total 22.294ms
08-06 17:20:15.431 23700 23712 I art     : Starting a blocking GC Explicit
08-06 17:20:15.454 23700 23712 I art     : Explicit concurrent mark sweep GC freed 3(96B) AllocSpace objects, 0(0B) LOS objects, 23% free, 52MB/68MB, paused 362us total 22.369ms
08-06 17:20:15.464 23700 23712 I art     : Starting a blocking GC Explicit
08-06 17:20:15.489 23700 23712 I art     : Explicit concurrent mark sweep GC freed 3(96B) AllocSpace objects, 0(0B) LOS objects, 23% free, 52MB/68MB, paused 396us total 23.824ms
08-06 17:20:15.799 23700 23713 I art     : Starting a blocking GC Explicit
08-06 17:20:15.828 23700 23713 I art     : Explicit concurrent mark sweep GC freed 1340(78KB) AllocSpace objects, 1(20KB) LOS objects, 23% free, 52MB/68MB, paused 418us total 28.738ms
08-06 17:20:15.842 23700 23713 I art     : Starting a blocking GC Explicit
08-06 17:20:15.866 23700 23713 I art     : Explicit concurrent mark sweep GC freed 20(704B) AllocSpace objects, 0(0B) LOS objects, 23% free, 52MB/68MB, paused 383us total 24.446ms
08-06 17:20:15.877 23700 23713 I art     : Starting a blocking GC Explicit
08-06 17:20:15.902 23700 23713 I art     : Explicit concurrent mark sweep GC freed 3(96B) AllocSpace objects, 0(0B) LOS objects, 23% free, 52MB/68MB, paused 386us total 24.292ms
08-06 17:20:15.913 23700 23713 I art     : Starting a blocking GC Explicit
08-06 17:20:15.937 23700 23713 I art     : Explicit concurrent mark sweep GC freed 3(96B) AllocSpace objects, 0(0B) LOS objects, 23% free, 52MB/68MB, paused 514us total 24.161ms
08-06 17:20:15.948 23700 23713 I art     : Starting a blocking GC Explicit
08-06 17:20:15.972 23700 23713 I art     : Explicit concurrent mark sweep GC freed 3(96B) AllocSpace objects, 0(0B) LOS objects, 23% free, 52MB/68MB, paused 386us total 23.889ms
08-06 17:20:16.184   518   646 I ThermalEngine: ACTION: GPU - Setting GPU[0] to 510000000
08-06 17:20:16.304 23700 23736 I art     : Starting a blocking GC Explicit
08-06 17:20:16.327 23700 23736 I art     : Explicit concurrent mark sweep GC freed 1340(78KB) AllocSpace objects, 1(20KB) LOS objects, 23% free, 52MB/68MB, paused 304us total 22.330ms
08-06 17:20:16.338 23700 23736 I art     : Starting a blocking GC Explicit
08-06 17:20:16.357 23700 23736 I art     : Explicit concurrent mark sweep GC freed 20(704B) AllocSpace objects, 0(0B) LOS objects, 23% free, 52MB/68MB, paused 331us total 18.829ms
08-06 17:20:16.366 23700 23736 I art     : Starting a blocking GC Explicit
08-06 17:20:16.383 23700 23736 I art     : Explicit concurrent mark sweep GC freed 3(96B) AllocSpace objects, 0(0B) LOS objects, 23% free, 52MB/68MB, paused 287us total 17.571ms
08-06 17:20:16.392 23700 23736 I art     : Starting a blocking GC Explicit
08-06 17:20:16.408 23700 23736 I art     : Explicit concurrent mark sweep GC freed 3(96B) AllocSpace objects, 0(0B) LOS objects, 23% free, 52MB/68MB, paused 265us total 16.659ms
08-06 17:20:16.416 23700 23736 I art     : Starting a blocking GC Explicit
08-06 17:20:16.433 23700 23736 I art     : Explicit concurrent mark sweep GC freed 3(96B) AllocSpace objects, 0(0B) LOS objects, 23% free, 52MB/68MB, paused 268us total 16.122ms
08-06 17:20:16.742 23700 23712 I art     : Starting a blocking GC Explicit
08-06 17:20:16.765 23700 23712 I art     : Explicit concurrent mark sweep GC freed 1340(78KB) AllocSpace objects, 1(20KB) LOS objects, 23% free, 52MB/68MB, paused 298us total 22.338ms
08-06 17:20:16.776 23700 23712 I art     : Starting a blocking GC Explicit
08-06 17:20:16.797 23700 23712 I art     : Explicit concurrent mark sweep GC freed 20(704B) AllocSpace objects, 0(0B) LOS objects, 23% free, 52MB/68MB, paused 349us total 20.832ms
08-06 17:20:16.805 23700 23712 I art     : Starting a blocking GC Explicit
08-06 17:20:16.823 23700 23712 I art     : Explicit concurrent mark sweep GC freed 3(96B) AllocSpace objects, 0(0B) LOS objects, 23% free, 52MB/68MB, paused 283us total 17.206ms
08-06 17:20:16.831 23700 23712 I art     : Starting a blocking GC Explicit
08-06 17:20:16.849 23700 23712 I art     : Explicit concurrent mark sweep GC freed 3(96B) AllocSpace objects, 0(0B) LOS objects, 23% free, 52MB/68MB, paused 276us total 17.606ms
08-06 17:20:16.857 23700 23712 I art     : Starting a blocking GC Explicit
08-06 17:20:16.875 23700 23712 I art     : Explicit concurrent mark sweep GC freed 3(96B) AllocSpace objects, 0(0B) LOS objects, 23% free, 52MB/68MB, paused 278us total 17.143ms
08-06 17:20:17.175 23700 23713 I art     : Starting a blocking GC Explicit
08-06 17:20:17.197 23700 23713 I art     : Explicit concurrent mark sweep GC freed 1340(78KB) AllocSpace objects, 1(20KB) LOS objects, 23% free, 52MB/68MB, paused 416us total 22.409ms
08-06 17:20:17.207 23700 23713 I art     : Starting a blocking GC Explicit
08-06 17:20:17.225 23700 23713 I art     : Explicit concurrent mark sweep GC freed 20(704B) AllocSpace objects, 0(0B) LOS objects, 23% free, 52MB/68MB, paused 287us total 17.964ms
08-06 17:20:17.234 23700 23713 I art     : Starting a blocking GC Explicit
08-06 17:20:17.252 23700 23713 I art     : Explicit concurrent mark sweep GC freed 3(96B) AllocSpace objects, 0(0B) LOS objects, 23% free, 52MB/68MB, paused 285us total 18.226ms
08-06 17:20:17.260 23700 23713 I art     : Starting a blocking GC Explicit
08-06 17:20:17.278 23700 23713 I art     : Explicit concurrent mark sweep GC freed 3(96B) AllocSpace objects, 0(0B) LOS objects, 23% free, 52MB/68MB, paused 268us total 17.349ms
08-06 17:20:17.287 23700 23713 I art     : Starting a blocking GC Explicit
08-06 17:20:17.304 23700 23713 I art     : Explicit concurrent mark sweep GC freed 3(96B) AllocSpace objects, 0(0B) LOS objects, 23% free, 52MB/68MB, paused 265us total 16.816ms
08-06 17:20:17.612 23700 23736 I art     : Starting a blocking GC Explicit
08-06 17:20:17.635 23700 23736 I art     : Explicit concurrent mark sweep GC freed 1340(78KB) AllocSpace objects, 1(20KB) LOS objects, 23% free, 52MB/68MB, paused 301us total 22.421ms
08-06 17:20:17.646 23700 23736 I art     : Starting a blocking GC Explicit
08-06 17:20:17.668 23700 23736 I art     : Explicit concurrent mark sweep GC freed 20(704B) AllocSpace objects, 0(0B) LOS objects, 23% free, 52MB/68MB, paused 299us total 21.179ms
08-06 17:20:17.678 23700 23736 I art     : Starting a blocking GC Explicit
08-06 17:20:17.695 23700 23736 I art     : Explicit concurrent mark sweep GC freed 3(96B) AllocSpace objects, 0(0B) LOS objects, 23% free, 52MB/68MB, paused 281us total 16.900ms
08-06 17:20:17.704 23700 23736 I art     : Starting a blocking GC Explicit
08-06 17:20:17.720 23700 23736 I art     : Explicit concurrent mark sweep GC freed 3(96B) AllocSpace objects, 0(0B) LOS objects, 23% free, 52MB/68MB, paused 269us total 16.249ms
08-06 17:20:17.728 23700 23736 I art     : Starting a blocking GC Explicit
08-06 17:20:17.745 23700 23736 I art     : Explicit concurrent mark sweep GC freed 3(96B) AllocSpace objects, 0(0B) LOS objects, 23% free, 52MB/68MB, paused 263us total 16.111ms
08-06 17:20:18.018 23700 23712 I art     : Starting a blocking GC Explicit
08-06 17:20:18.039 23700 23712 I art     : Explicit concurrent mark sweep GC freed 1340(78KB) AllocSpace objects, 1(20KB) LOS objects, 23% free, 52MB/68MB, paused 322us total 21.299ms
08-06 17:20:18.048 23700 23712 I art     : Starting a blocking GC Explicit
08-06 17:20:18.065 23700 23712 I art     : Explicit concurrent mark sweep GC freed 20(704B) AllocSpace objects, 0(0B) LOS objects, 23% free, 52MB/68MB, paused 291us total 17.260ms
08-06 17:20:18.074 23700 23712 I art     : Starting a blocking GC Explicit
08-06 17:20:18.091 23700 23712 I art     : Explicit concurrent mark sweep GC freed 3(96B) AllocSpace objects, 0(0B) LOS objects, 23% free, 52MB/68MB, paused 280us total 17.055ms
08-06 17:20:18.099 23700 23712 I art     : Starting a blocking GC Explicit
08-06 17:20:18.116 23700 23712 I art     : Explicit concurrent mark sweep GC freed 3(96B) AllocSpace objects, 0(0B) LOS objects, 23% free, 52MB/68MB, paused 284us total 16.931ms
08-06 17:20:18.119 24125 24125 D AndroidRuntime: >>>>>> START com.android.internal.os.RuntimeInit uid 2000 <<<<<<
08-06 17:20:18.124 24125 24125 D AndroidRuntime: CheckJNI is OFF
08-06 17:20:18.124 23700 23712 I art     : Starting a blocking GC Explicit
08-06 17:20:18.141 23700 23712 I art     : Explicit concurrent mark sweep GC freed 3(96B) AllocSpace objects, 0(0B) LOS objects, 23% free, 52MB/68MB, paused 283us total 16.742ms
08-06 17:20:18.160 24125 24125 D ICU     : No timezone override file found: /data/misc/zoneinfo/current/icu/icu_tzdata.dat
08-06 17:20:18.192 24125 24125 I Radio-JNI: register_android_hardware_Radio DONE
08-06 17:20:18.214 24125 24125 D AndroidRuntime: Calling main entry com.android.commands.input.Input
08-06 17:20:18.216 24125 24125 I Input   : injectMotionEvent: MotionEvent { action=ACTION_DOWN, actionButton=0, id[0]=0, x[0]=733.0, y[0]=645.0, toolType[0]=TOOL_TYPE_UNKNOWN, buttonState=0, metaState=0, flags=0x0, edgeFlags=0x0, pointerCount=1, historySize=0, eventTime=897634628, downTime=897634628, deviceId=0, source=0x1002 }
08-06 17:20:18.221 24125 24125 I Input   : injectMotionEvent: MotionEvent { action=ACTION_UP, actionButton=0, id[0]=0, x[0]=733.0, y[0]=645.0, toolType[0]=TOOL_TYPE_UNKNOWN, buttonState=0, metaState=0, flags=0x0, edgeFlags=0x0, pointerCount=1, historySize=0, eventTime=897634628, downTime=897634628, deviceId=0, source=0x1002 }
08-06 17:20:18.223   918   929 I ActivityManager: START u0 {cmp=baseline.appteam.nith.hillffair/.activities.ClubActivity (has extras)} from uid 10697 on display 0
08-06 17:20:18.229 24125 24125 D AndroidRuntime: Shutting down VM
08-06 17:20:18.333 13866 13866 I GoogleInputMethodServic: GoogleInputMethodService.onFinishInput():3138 
08-06 17:20:18.333   918   936 I ActivityManager: Displayed baseline.appteam.nith.hillffair/.activities.ClubActivity: +104ms
08-06 17:20:18.334 13866 13866 I GoogleInputMethodServic: GoogleInputMethodService.onStartInput():1808 
08-06 17:20:18.386 23700 23712 I art     : Starting a blocking GC Explicit
08-06 17:20:18.403 23700 23712 I art     : Explicit concurrent mark sweep GC freed 5272(328KB) AllocSpace objects, 1(20KB) LOS objects, 23% free, 52MB/68MB, paused 323us total 17.226ms
08-06 17:20:18.411 23700 23712 I art     : Starting a blocking GC Explicit
08-06 17:20:18.428 23700 23712 I art     : Explicit concurrent mark sweep GC freed 213(9KB) AllocSpace objects, 0(0B) LOS objects, 23% free, 52MB/68MB, paused 306us total 16.431ms
08-06 17:20:18.436 23700 23712 I art     : Starting a blocking GC Explicit
08-06 17:20:18.456 23700 23712 I art     : Explicit concurrent mark sweep GC freed 3(96B) AllocSpace objects, 0(0B) LOS objects, 23% free, 52MB/68MB, paused 337us total 19.915ms
08-06 17:20:18.465 23700 23712 I art     : Starting a blocking GC Explicit
08-06 17:20:18.484 23700 23712 I art     : Explicit concurrent mark sweep GC freed 3(96B) AllocSpace objects, 0(0B) LOS objects, 23% free, 52MB/68MB, paused 341us total 19.020ms
08-06 17:20:18.495 23700 23712 I art     : Starting a blocking GC Explicit
08-06 17:20:18.516 23700 23712 I art     : Explicit concurrent mark sweep GC freed 3(96B) AllocSpace objects, 0(0B) LOS objects, 23% free, 52MB/68MB, paused 374us total 21.220ms
08-06 17:20:18.590   380   380 W SurfaceFlinger: couldn't log to binary event log: overflow.
08-06 17:20:18.756 23700 23736 I art     : Starting a blocking GC Explicit
08-06 17:20:18.788 23700 23736 I art     : Explicit concurrent mark sweep GC freed 2336(151KB) AllocSpace objects, 3(140KB) LOS objects, 23% free, 52MB/68MB, paused 766us total 31.711ms
08-06 17:20:18.796 23700 23736 I art     : Starting a blocking GC Explicit
08-06 17:20:18.803 23700 24150 D OkHttp  : --> GET https://api-hillfair-2k16.herokuapp.com/api/app/events/special/event?id=5806551bdcba0f490c70fd1f http/1.1
08-06 17:20:18.816 23700 23736 I art     : Explicit concurrent mark sweep GC freed 2247(129KB) AllocSpace objects, 1(80KB) LOS objects, 23% free, 52MB/68MB, paused 365us total 18.917ms
08-06 17:20:18.824 23700 23736 I art     : Starting a blocking GC Explicit
08-06 17:20:18.837 23700 24150 D OkHttp  : <-- 200 OK https://api-hillfair-2k16.herokuapp.com/api/app/events/special/event?id=5806551bdcba0f490c70fd1f (33ms, 795-byte body)
08-06 17:20:18.842 23700 23736 I art     : Explicit concurrent mark sweep GC freed 617(91KB) AllocSpace objects, 0(0B) LOS objects, 23% free, 52MB/68MB, paused 935us total 17.460ms
08-06 17:20:18.849 23700 23736 I art     : Starting a blocking GC Explicit
08-06 17:20:18.866 23700 23736 I art     : Explicit concurrent mark sweep GC freed 67(2864B) AllocSpace objects, 0(0B) LOS objects, 23% free, 52MB/68MB, paused 322us total 16.905ms
08-06 17:20:18.875 23700 23736 I art     : Starting a blocking GC Explicit
08-06 17:20:18.893 23700 23736 I art     : Explicit concurrent mark sweep GC freed 84(5KB) AllocSpace objects, 0(0B) LOS objects, 23% free, 52MB/68MB, paused 290us total 17.839ms
08-06 17:20:18.908 23700 23700 I NAPPA_EXPERIMENTATION: MetricNetworkRequestExecutionTime: REQUEST_DURATION_SYSTEM='636',REQUEST_DURATION_OKHTTP='34',REQUEST_SYNCHRONOUS='FALSE',RESPONSE_CODE='200',RESPONSE_METHOD='GET',RESPONSE_LENGTH_OKHTTP='795',RESPONSE_LENGTH_HEADER='795',REQUEST_PROTOCOL='http/1.1',REQUEST_URL='https://api-hillfair-2k16.herokuapp.com/api/app/events/special/event?id=5806551bdcba0f490c70fd1f',
08-06 17:20:19.174 23700 23736 I art     : Starting a blocking GC Explicit
08-06 17:20:19.191   518   646 I ThermalEngine: ACTION: GPU - Setting GPU[0] to 450000000
08-06 17:20:19.197 23700 23736 I art     : Explicit concurrent mark sweep GC freed 1909(162KB) AllocSpace objects, 1(20KB) LOS objects, 23% free, 52MB/68MB, paused 525us total 23.114ms
08-06 17:20:19.208 23700 23736 I art     : Starting a blocking GC Explicit
08-06 17:20:19.232 23700 23736 I art     : Explicit concurrent mark sweep GC freed 68(2272B) AllocSpace objects, 0(0B) LOS objects, 23% free, 52MB/68MB, paused 385us total 23.704ms
08-06 17:20:19.242 23700 23736 I art     : Starting a blocking GC Explicit
08-06 17:20:19.266 23700 23736 I art     : Explicit concurrent mark sweep GC freed 3(96B) AllocSpace objects, 0(0B) LOS objects, 23% free, 52MB/68MB, paused 453us total 23.313ms
08-06 17:20:19.276 23700 23736 I art     : Starting a blocking GC Explicit
08-06 17:20:19.299 23700 23736 I art     : Explicit concurrent mark sweep GC freed 3(96B) AllocSpace objects, 0(0B) LOS objects, 23% free, 52MB/68MB, paused 458us total 22.397ms
08-06 17:20:19.310 23700 23736 I art     : Starting a blocking GC Explicit
08-06 17:20:19.333 23700 23736 I art     : Explicit concurrent mark sweep GC freed 3(96B) AllocSpace objects, 0(0B) LOS objects, 23% free, 52MB/68MB, paused 394us total 22.642ms
08-06 17:20:19.619 23700 23713 I art     : Starting a blocking GC Explicit
08-06 17:20:19.651 23700 23713 I art     : Explicit concurrent mark sweep GC freed 1361(78KB) AllocSpace objects, 1(20KB) LOS objects, 23% free, 52MB/68MB, paused 441us total 31.933ms
08-06 17:20:19.664 23700 23713 I art     : Starting a blocking GC Explicit
08-06 17:20:19.688 23700 23713 I art     : Explicit concurrent mark sweep GC freed 20(704B) AllocSpace objects, 0(0B) LOS objects, 23% free, 52MB/68MB, paused 420us total 24.200ms
08-06 17:20:19.699 23700 23713 I art     : Starting a blocking GC Explicit
08-06 17:20:19.723 23700 23713 I art     : Explicit concurrent mark sweep GC freed 3(96B) AllocSpace objects, 0(0B) LOS objects, 23% free, 52MB/68MB, paused 415us total 23.116ms
08-06 17:20:19.734 23700 23713 I art     : Starting a blocking GC Explicit
08-06 17:20:19.758 23700 23713 I art     : Explicit concurrent mark sweep GC freed 3(96B) AllocSpace objects, 0(0B) LOS objects, 23% free, 52MB/68MB, paused 425us total 24.137ms
08-06 17:20:19.769 23700 23713 I art     : Starting a blocking GC Explicit
08-06 17:20:19.793 23700 23713 I art     : Explicit concurrent mark sweep GC freed 3(96B) AllocSpace objects, 0(0B) LOS objects, 23% free, 52MB/68MB, paused 408us total 23.640ms
08-06 17:20:20.125 23700 23736 I art     : Starting a blocking GC Explicit
08-06 17:20:20.158 23700 23736 I art     : Explicit concurrent mark sweep GC freed 1343(78KB) AllocSpace objects, 1(20KB) LOS objects, 23% free, 52MB/68MB, paused 465us total 32.458ms
08-06 17:20:20.171 23700 23736 I art     : Starting a blocking GC Explicit
08-06 17:20:20.197 23700 23736 I art     : Explicit concurrent mark sweep GC freed 20(704B) AllocSpace objects, 0(0B) LOS objects, 23% free, 52MB/68MB, paused 504us total 25.653ms
08-06 17:20:20.208 23700 23736 I art     : Starting a blocking GC Explicit
08-06 17:20:20.234 23700 23736 I art     : Explicit concurrent mark sweep GC freed 3(96B) AllocSpace objects, 0(0B) LOS objects, 23% free, 52MB/68MB, paused 417us total 25.743ms
08-06 17:20:20.245 23700 23736 I art     : Starting a blocking GC Explicit
08-06 17:20:20.271 23700 23736 I art     : Explicit concurrent mark sweep GC freed 3(96B) AllocSpace objects, 0(0B) LOS objects, 23% free, 52MB/68MB, paused 420us total 25.718ms
08-06 17:20:20.282 23700 23736 I art     : Starting a blocking GC Explicit
08-06 17:20:20.306 23700 23736 I art     : Explicit concurrent mark sweep GC freed 3(96B) AllocSpace objects, 0(0B) LOS objects, 23% free, 52MB/68MB, paused 406us total 23.884ms
08-06 17:20:20.639 23700 23712 I art     : Starting a blocking GC Explicit
08-06 17:20:20.673 23700 23712 I art     : Explicit concurrent mark sweep GC freed 1343(78KB) AllocSpace objects, 1(20KB) LOS objects, 23% free, 52MB/68MB, paused 460us total 34.180ms
08-06 17:20:20.689 23700 23712 I art     : Starting a blocking GC Explicit
08-06 17:20:20.715 23700 23712 I art     : Explicit concurrent mark sweep GC freed 20(704B) AllocSpace objects, 0(0B) LOS objects, 23% free, 52MB/68MB, paused 423us total 25.284ms
08-06 17:20:20.726 23700 23712 I art     : Starting a blocking GC Explicit
08-06 17:20:20.739 16668 16668 I ServiceManager: Waiting for service AtCmdFwd...
08-06 17:20:20.752 23700 23712 I art     : Explicit concurrent mark sweep GC freed 3(96B) AllocSpace objects, 0(0B) LOS objects, 23% free, 52MB/68MB, paused 491us total 25.689ms
08-06 17:20:20.763 23700 23712 I art     : Starting a blocking GC Explicit
08-06 17:20:20.789 23700 23712 I art     : Explicit concurrent mark sweep GC freed 3(96B) AllocSpace objects, 0(0B) LOS objects, 23% free, 52MB/68MB, paused 423us total 25.678ms
08-06 17:20:20.800 23700 23712 I art     : Starting a blocking GC Explicit
08-06 17:20:20.824 23700 23712 I art     : Explicit concurrent mark sweep GC freed 3(96B) AllocSpace objects, 0(0B) LOS objects, 23% free, 52MB/68MB, paused 401us total 24.187ms
08-06 17:20:21.161 23700 23713 I art     : Starting a blocking GC Explicit
08-06 17:20:21.195 23700 23713 I art     : Explicit concurrent mark sweep GC freed 1343(78KB) AllocSpace objects, 1(20KB) LOS objects, 23% free, 52MB/68MB, paused 459us total 33.004ms
08-06 17:20:21.209 23700 23713 I art     : Starting a blocking GC Explicit
08-06 17:20:21.235 23700 23713 I art     : Explicit concurrent mark sweep GC freed 20(704B) AllocSpace objects, 0(0B) LOS objects, 23% free, 52MB/68MB, paused 395us total 24.881ms
08-06 17:20:21.245 23700 23713 I art     : Starting a blocking GC Explicit
08-06 17:20:21.271 23700 23713 I art     : Explicit concurrent mark sweep GC freed 3(96B) AllocSpace objects, 0(0B) LOS objects, 23% free, 52MB/68MB, paused 430us total 25.451ms
08-06 17:20:21.282 23700 23713 I art     : Starting a blocking GC Explicit
08-06 17:20:21.308 23700 23713 I art     : Explicit concurrent mark sweep GC freed 3(96B) AllocSpace objects, 0(0B) LOS objects, 23% free, 52MB/68MB, paused 488us total 25.643ms
08-06 17:20:21.319 23700 23713 I art     : Starting a blocking GC Explicit
08-06 17:20:21.343 23700 23713 I art     : Explicit concurrent mark sweep GC freed 3(96B) AllocSpace objects, 0(0B) LOS objects, 23% free, 52MB/68MB, paused 429us total 24.067ms
08-06 17:20:21.680 23700 23736 I art     : Starting a blocking GC Explicit
08-06 17:20:21.708 23700 23736 I art     : Explicit concurrent mark sweep GC freed 1343(78KB) AllocSpace objects, 1(20KB) LOS objects, 23% free, 52MB/68MB, paused 476us total 28.126ms
08-06 17:20:21.723 23700 23736 I art     : Starting a blocking GC Explicit
08-06 17:20:21.740 16668 16668 I ServiceManager: Waiting for service AtCmdFwd...
08-06 17:20:21.747 23700 23736 I art     : Explicit concurrent mark sweep GC freed 20(704B) AllocSpace objects, 0(0B) LOS objects, 23% free, 52MB/68MB, paused 467us total 24.572ms
08-06 17:20:21.758 23700 23736 I art     : Starting a blocking GC Explicit
08-06 17:20:21.784 23700 23736 I art     : Explicit concurrent mark sweep GC freed 3(96B) AllocSpace objects, 0(0B) LOS objects, 23% free, 52MB/68MB, paused 420us total 25.555ms
08-06 17:20:21.795 23700 23736 I art     : Starting a blocking GC Explicit
08-06 17:20:21.820 23700 23736 I art     : Explicit concurrent mark sweep GC freed 3(96B) AllocSpace objects, 0(0B) LOS objects, 23% free, 52MB/68MB, paused 438us total 24.458ms
08-06 17:20:21.831 23700 23736 I art     : Starting a blocking GC Explicit
08-06 17:20:21.857 23700 23736 I art     : Explicit concurrent mark sweep GC freed 3(96B) AllocSpace objects, 0(0B) LOS objects, 23% free, 52MB/68MB, paused 498us total 25.814ms
08-06 17:20:22.171 23700 23712 I art     : Starting a blocking GC Explicit
08-06 17:20:22.200 23700 23712 I art     : Explicit concurrent mark sweep GC freed 1343(78KB) AllocSpace objects, 1(20KB) LOS objects, 23% free, 52MB/68MB, paused 443us total 28.330ms
08-06 17:20:22.214 23700 23712 I art     : Starting a blocking GC Explicit
08-06 17:20:22.238 23700 23712 I art     : Explicit concurrent mark sweep GC freed 20(704B) AllocSpace objects, 0(0B) LOS objects, 23% free, 52MB/68MB, paused 409us total 23.970ms
08-06 17:20:22.249 23700 23712 I art     : Starting a blocking GC Explicit
08-06 17:20:22.273 23700 23712 I art     : Explicit concurrent mark sweep GC freed 3(96B) AllocSpace objects, 0(0B) LOS objects, 23% free, 52MB/68MB, paused 419us total 23.473ms
08-06 17:20:22.283 23700 23712 I art     : Starting a blocking GC Explicit
08-06 17:20:22.308 23700 23712 I art     : Explicit concurrent mark sweep GC freed 3(96B) AllocSpace objects, 0(0B) LOS objects, 23% free, 52MB/68MB, paused 425us total 24.646ms
08-06 17:20:22.319 23700 23712 I art     : Starting a blocking GC Explicit
08-06 17:20:22.346 23700 23712 I art     : Explicit concurrent mark sweep GC freed 3(96B) AllocSpace objects, 0(0B) LOS objects, 23% free, 52MB/68MB, paused 420us total 25.927ms
08-06 17:20:22.709 23700 23713 I art     : Starting a blocking GC Explicit
08-06 17:20:22.742 16668 16668 I ServiceManager: Waiting for service AtCmdFwd...
08-06 17:20:22.743 23700 23713 I art     : Explicit concurrent mark sweep GC freed 1343(78KB) AllocSpace objects, 1(20KB) LOS objects, 23% free, 52MB/68MB, paused 445us total 33.616ms
08-06 17:20:22.760 23700 23713 I art     : Starting a blocking GC Explicit
08-06 17:20:22.785 23700 23713 I art     : Explicit concurrent mark sweep GC freed 20(704B) AllocSpace objects, 0(0B) LOS objects, 23% free, 52MB/68MB, paused 456us total 25.195ms
08-06 17:20:22.796 23700 23713 I art     : Starting a blocking GC Explicit
08-06 17:20:22.822 23700 23713 I art     : Explicit concurrent mark sweep GC freed 3(96B) AllocSpace objects, 0(0B) LOS objects, 23% free, 52MB/68MB, paused 430us total 25.363ms
08-06 17:20:22.833 23700 23713 I art     : Starting a blocking GC Explicit
08-06 17:20:22.859 23700 23713 I art     : Explicit concurrent mark sweep GC freed 3(96B) AllocSpace objects, 0(0B) LOS objects, 23% free, 52MB/68MB, paused 406us total 26.073ms
08-06 17:20:22.870 23700 23713 I art     : Starting a blocking GC Explicit
08-06 17:20:22.896 23700 23713 I art     : Explicit concurrent mark sweep GC freed 3(96B) AllocSpace objects, 0(0B) LOS objects, 23% free, 52MB/68MB, paused 424us total 25.389ms
08-06 17:20:23.227 23700 23736 I art     : Starting a blocking GC Explicit
08-06 17:20:23.257 23700 23736 I art     : Explicit concurrent mark sweep GC freed 1343(78KB) AllocSpace objects, 1(20KB) LOS objects, 23% free, 52MB/68MB, paused 449us total 29.401ms
08-06 17:20:23.270 23700 23736 I art     : Starting a blocking GC Explicit
08-06 17:20:23.295 23700 23736 I art     : Explicit concurrent mark sweep GC freed 20(704B) AllocSpace objects, 0(0B) LOS objects, 23% free, 52MB/68MB, paused 407us total 24.592ms
08-06 17:20:23.306 23700 23736 I art     : Starting a blocking GC Explicit
08-06 17:20:23.332 23700 23736 I art     : Explicit concurrent mark sweep GC freed 3(96B) AllocSpace objects, 0(0B) LOS objects, 23% free, 52MB/68MB, paused 416us total 25.536ms
08-06 17:20:23.343 23700 23736 I art     : Starting a blocking GC Explicit
08-06 17:20:23.369 23700 23736 I art     : Explicit concurrent mark sweep GC freed 3(96B) AllocSpace objects, 0(0B) LOS objects, 23% free, 52MB/68MB, paused 413us total 25.765ms
08-06 17:20:23.380 23700 23736 I art     : Starting a blocking GC Explicit
08-06 17:20:23.408 23700 23736 I art     : Explicit concurrent mark sweep GC freed 189(12KB) AllocSpace objects, 0(0B) LOS objects, 23% free, 52MB/68MB, paused 494us total 27.804ms
08-06 17:20:23.618 23700 24262 W OneSignal: OneSignalRestClient: POST Error thrown from network stack. 
08-06 17:20:23.618 23700 24262 W OneSignal: java.io.IOException: unexpected end of stream on Connection{api.onesignal.com:443, proxy=HTTP@192.168.2.12:8080 hostAddress=192.168.2.12 cipherSuite=TLS_ECDHE_RSA_WITH_AES_128_GCM_SHA256 protocol=http/1.1} (recycle count=0)
08-06 17:20:23.618 23700 24262 W OneSignal: 	at com.android.okhttp.internal.http.HttpConnection.readResponse(HttpConnection.java:210)
08-06 17:20:23.618 23700 24262 W OneSignal: 	at com.android.okhttp.internal.http.HttpTransport.readResponseHeaders(HttpTransport.java:80)
08-06 17:20:23.618 23700 24262 W OneSignal: 	at com.android.okhttp.internal.http.HttpEngine.readNetworkResponse(HttpEngine.java:904)
08-06 17:20:23.618 23700 24262 W OneSignal: 	at com.android.okhttp.internal.http.HttpEngine.readResponse(HttpEngine.java:788)
08-06 17:20:23.618 23700 24262 W OneSignal: 	at com.android.okhttp.internal.huc.HttpURLConnectionImpl.execute(HttpURLConnectionImpl.java:439)
08-06 17:20:23.618 23700 24262 W OneSignal: 	at com.android.okhttp.internal.huc.HttpURLConnectionImpl.getResponse(HttpURLConnectionImpl.java:384)
08-06 17:20:23.618 23700 24262 W OneSignal: 	at com.android.okhttp.internal.huc.HttpURLConnectionImpl.getResponseCode(HttpURLConnectionImpl.java:497)
08-06 17:20:23.618 23700 24262 W OneSignal: 	at com.android.okhttp.internal.huc.DelegatingHttpsURLConnection.getResponseCode(DelegatingHttpsURLConnection.java:105)
08-06 17:20:23.618 23700 24262 W OneSignal: 	at com.android.okhttp.internal.huc.HttpsURLConnectionImpl.getResponseCode(HttpsURLConnectionImpl.java)
08-06 17:20:23.618 23700 24262 W OneSignal: 	at com.onesignal.OneSignalRestClient.startHTTPConnection(OneSignalRestClient.java:180)
08-06 17:20:23.618 23700 24262 W OneSignal: 	at com.onesignal.OneSignalRestClient.access$100(OneSignalRestClient.java:44)
08-06 17:20:23.618 23700 24262 W OneSignal: 	at com.onesignal.OneSignalRestClient$4.run(OneSignalRestClient.java:110)
08-06 17:20:23.618 23700 24262 W OneSignal: 	at java.lang.Thread.run(Thread.java:818)
08-06 17:20:23.618 23700 24262 W OneSignal: Caused by: java.io.EOFException: \n not found: size=0 content=...
08-06 17:20:23.618 23700 24262 W OneSignal: 	at com.android.okhttp.okio.RealBufferedSource.readUtf8LineStrict(RealBufferedSource.java:200)
08-06 17:20:23.618 23700 24262 W OneSignal: 	at com.android.okhttp.internal.http.HttpConnection.readResponse(HttpConnection.java:191)
08-06 17:20:23.618 23700 24262 W OneSignal: 	... 12 more
08-06 17:20:23.619 23700 24273 W OneSignal: Failed last request. statusCode: -1
08-06 17:20:23.619 23700 24273 W OneSignal: response: null
08-06 17:20:23.707 23700 23712 I art     : Starting a blocking GC Explicit
08-06 17:20:23.738 23700 23712 I art     : Explicit concurrent mark sweep GC freed 3720(230KB) AllocSpace objects, 1(20KB) LOS objects, 23% free, 52MB/68MB, paused 471us total 30.830ms
08-06 17:20:23.744 16668 16668 I ServiceManager: Waiting for service AtCmdFwd...
08-06 17:20:23.752 23700 23712 I art     : Starting a blocking GC Explicit
08-06 17:20:23.778 23700 23712 I art     : Explicit concurrent mark sweep GC freed 67(2432B) AllocSpace objects, 0(0B) LOS objects, 23% free, 52MB/68MB, paused 452us total 25.621ms
08-06 17:20:23.788 23700 23712 I art     : Starting a blocking GC Explicit
08-06 17:20:23.814 23700 23712 I art     : Explicit concurrent mark sweep GC freed 3(96B) AllocSpace objects, 0(0B) LOS objects, 23% free, 52MB/68MB, paused 423us total 25.473ms
08-06 17:20:23.825 23700 23712 I art     : Starting a blocking GC Explicit
08-06 17:20:23.851 23700 23712 I art     : Explicit concurrent mark sweep GC freed 3(96B) AllocSpace objects, 0(0B) LOS objects, 23% free, 52MB/68MB, paused 421us total 26.012ms
08-06 17:20:23.862 23700 23712 I art     : Starting a blocking GC Explicit
08-06 17:20:23.888 23700 23712 I art     : Explicit concurrent mark sweep GC freed 3(96B) AllocSpace objects, 0(0B) LOS objects, 23% free, 52MB/68MB, paused 417us total 25.679ms
08-06 17:20:24.242 23700 23713 I art     : Starting a blocking GC Explicit
08-06 17:20:24.275 23700 23713 I art     : Explicit concurrent mark sweep GC freed 1343(78KB) AllocSpace objects, 1(20KB) LOS objects, 23% free, 52MB/68MB, paused 437us total 32.966ms
08-06 17:20:24.291 23700 23713 I art     : Starting a blocking GC Explicit
08-06 17:20:24.317 23700 23713 I art     : Explicit concurrent mark sweep GC freed 20(704B) AllocSpace objects, 0(0B) LOS objects, 23% free, 52MB/68MB, paused 415us total 25.062ms
08-06 17:20:24.328 23700 23713 I art     : Starting a blocking GC Explicit
08-06 17:20:24.354 23700 23713 I art     : Explicit concurrent mark sweep GC freed 3(96B) AllocSpace objects, 0(0B) LOS objects, 23% free, 52MB/68MB, paused 413us total 26.077ms
08-06 17:20:24.365 23700 23713 I art     : Starting a blocking GC Explicit
08-06 17:20:24.391 23700 23713 I art     : Explicit concurrent mark sweep GC freed 3(96B) AllocSpace objects, 0(0B) LOS objects, 23% free, 52MB/68MB, paused 415us total 25.758ms
08-06 17:20:24.402   918  3261 D WifiStateMachine: starting scan for "H369AA63323"WPA_PSK with 2412,5180
08-06 17:20:24.402 23700 23713 I art     : Starting a blocking GC Explicit
08-06 17:20:24.426 23700 23713 I art     : Explicit concurrent mark sweep GC freed 3(96B) AllocSpace objects, 0(0B) LOS objects, 23% free, 52MB/68MB, paused 445us total 23.598ms
08-06 17:20:24.744 16668 16668 I ServiceManager: Waiting for service AtCmdFwd...
08-06 17:20:24.760 23700 23736 I art     : Starting a blocking GC Explicit
08-06 17:20:24.792 23700 23736 I art     : Explicit concurrent mark sweep GC freed 1343(78KB) AllocSpace objects, 1(20KB) LOS objects, 23% free, 52MB/68MB, paused 448us total 32.231ms
08-06 17:20:24.806 23700 23736 I art     : Starting a blocking GC Explicit
08-06 17:20:24.832 23700 23736 I art     : Explicit concurrent mark sweep GC freed 20(704B) AllocSpace objects, 0(0B) LOS objects, 23% free, 52MB/68MB, paused 420us total 25.551ms
08-06 17:20:24.843 23700 23736 I art     : Starting a blocking GC Explicit
08-06 17:20:24.869 23700 23736 I art     : Explicit concurrent mark sweep GC freed 3(96B) AllocSpace objects, 0(0B) LOS objects, 23% free, 52MB/68MB, paused 415us total 25.790ms
08-06 17:20:24.880 23700 23736 I art     : Starting a blocking GC Explicit
08-06 17:20:24.905 23700 23736 I art     : Explicit concurrent mark sweep GC freed 3(96B) AllocSpace objects, 0(0B) LOS objects, 23% free, 52MB/68MB, paused 401us total 24.933ms
08-06 17:20:24.916 23700 23736 I art     : Starting a blocking GC Explicit
08-06 17:20:24.941 23700 23736 I art     : Explicit concurrent mark sweep GC freed 3(96B) AllocSpace objects, 0(0B) LOS objects, 23% free, 52MB/68MB, paused 415us total 25.408ms
08-06 17:20:24.947   918  1210 D NetlinkSocketObserver: NeighborEvent{elapsedMs=1881028821, 192.168.2.254, [7C3953A63323], RTM_NEWNEIGH, NUD_STALE}
08-06 17:20:25.264 23700 23712 I art     : Starting a blocking GC Explicit
08-06 17:20:25.295 23700 23712 I art     : Explicit concurrent mark sweep GC freed 1343(78KB) AllocSpace objects, 1(20KB) LOS objects, 23% free, 52MB/68MB, paused 431us total 30ms
08-06 17:20:25.308 23700 23712 I art     : Starting a blocking GC Explicit
08-06 17:20:25.335 23700 23712 I art     : Explicit concurrent mark sweep GC freed 20(704B) AllocSpace objects, 0(0B) LOS objects, 23% free, 52MB/68MB, paused 431us total 26.869ms
08-06 17:20:25.346 23700 23712 I art     : Starting a blocking GC Explicit
08-06 17:20:25.373 23700 23712 I art     : Explicit concurrent mark sweep GC freed 3(96B) AllocSpace objects, 0(0B) LOS objects, 23% free, 52MB/68MB, paused 419us total 26.105ms
08-06 17:20:25.384 23700 23712 I art     : Starting a blocking GC Explicit
08-06 17:20:25.409 23700 23712 I art     : Explicit concurrent mark sweep GC freed 3(96B) AllocSpace objects, 0(0B) LOS objects, 23% free, 52MB/68MB, paused 421us total 24.730ms
08-06 17:20:25.420 23700 23712 I art     : Starting a blocking GC Explicit
08-06 17:20:25.445 23700 23712 I art     : Explicit concurrent mark sweep GC freed 3(96B) AllocSpace objects, 0(0B) LOS objects, 23% free, 52MB/68MB, paused 426us total 25.393ms
08-06 17:20:25.745 16668 16668 W Atfwd_Sendcmd: AtCmdFwd service not published, waiting... retryCnt : 5
08-06 17:20:25.756 23700 23713 I art     : Starting a blocking GC Explicit
08-06 17:20:25.787 23700 23713 I art     : Explicit concurrent mark sweep GC freed 1343(78KB) AllocSpace objects, 1(20KB) LOS objects, 23% free, 52MB/68MB, paused 448us total 30.507ms
08-06 17:20:25.801 23700 23713 I art     : Starting a blocking GC Explicit
08-06 17:20:25.827 23700 23713 I art     : Explicit concurrent mark sweep GC freed 20(704B) AllocSpace objects, 0(0B) LOS objects, 23% free, 52MB/68MB, paused 579us total 26.175ms
08-06 17:20:25.838 23700 23713 I art     : Starting a blocking GC Explicit
08-06 17:20:25.864 23700 23713 I art     : Explicit concurrent mark sweep GC freed 3(96B) AllocSpace objects, 0(0B) LOS objects, 23% free, 52MB/68MB, paused 418us total 26.112ms
08-06 17:20:25.875 23700 23713 I art     : Starting a blocking GC Explicit
08-06 17:20:25.900 23700 23713 I art     : Explicit concurrent mark sweep GC freed 3(96B) AllocSpace objects, 0(0B) LOS objects, 23% free, 52MB/68MB, paused 398us total 24.469ms
08-06 17:20:25.911 23700 23713 I art     : Starting a blocking GC Explicit
08-06 17:20:25.937 23700 23713 I art     : Explicit concurrent mark sweep GC freed 3(96B) AllocSpace objects, 0(0B) LOS objects, 23% free, 52MB/68MB, paused 431us total 25.212ms
08-06 17:20:26.243 23700 23736 I art     : Starting a blocking GC Explicit
08-06 17:20:26.271 23700 23736 I art     : Explicit concurrent mark sweep GC freed 1343(78KB) AllocSpace objects, 1(20KB) LOS objects, 23% free, 52MB/68MB, paused 430us total 27.969ms
08-06 17:20:26.284 23700 23736 I art     : Starting a blocking GC Explicit
08-06 17:20:26.308 23700 23736 I art     : Explicit concurrent mark sweep GC freed 20(704B) AllocSpace objects, 0(0B) LOS objects, 23% free, 52MB/68MB, paused 411us total 23.979ms
08-06 17:20:26.319 23700 23736 I art     : Starting a blocking GC Explicit
08-06 17:20:26.343 23700 23736 I art     : Explicit concurrent mark sweep GC freed 3(96B) AllocSpace objects, 0(0B) LOS objects, 23% free, 52MB/68MB, paused 408us total 23.606ms
08-06 17:20:26.353 23700 23736 I art     : Starting a blocking GC Explicit
08-06 17:20:26.378 23700 23736 I art     : Explicit concurrent mark sweep GC freed 3(96B) AllocSpace objects, 0(0B) LOS objects, 23% free, 52MB/68MB, paused 414us total 24.342ms
08-06 17:20:26.389 23700 23736 I art     : Starting a blocking GC Explicit
08-06 17:20:26.415 23700 23736 I art     : Explicit concurrent mark sweep GC freed 3(96B) AllocSpace objects, 0(0B) LOS objects, 23% free, 52MB/68MB, paused 410us total 25.912ms
08-06 17:20:26.723 23700 23712 I art     : Starting a blocking GC Explicit
08-06 17:20:26.751 23700 23712 I art     : Explicit concurrent mark sweep GC freed 1343(78KB) AllocSpace objects, 1(20KB) LOS objects, 23% free, 52MB/68MB, paused 443us total 27.329ms
08-06 17:20:26.764 23700 23712 I art     : Starting a blocking GC Explicit
08-06 17:20:26.790 23700 23712 I art     : Explicit concurrent mark sweep GC freed 20(704B) AllocSpace objects, 0(0B) LOS objects, 23% free, 52MB/68MB, paused 452us total 26.237ms
08-06 17:20:26.801 23700 23712 I art     : Starting a blocking GC Explicit
08-06 17:20:26.827 23700 23712 I art     : Explicit concurrent mark sweep GC freed 3(96B) AllocSpace objects, 0(0B) LOS objects, 23% free, 52MB/68MB, paused 486us total 25.959ms
08-06 17:20:26.838 23700 23712 I art     : Starting a blocking GC Explicit
08-06 17:20:26.863 23700 23712 I art     : Explicit concurrent mark sweep GC freed 3(96B) AllocSpace objects, 0(0B) LOS objects, 23% free, 52MB/68MB, paused 422us total 24.187ms
08-06 17:20:26.874 23700 23712 I art     : Starting a blocking GC Explicit
08-06 17:20:26.900 23700 23712 I art     : Explicit concurrent mark sweep GC freed 3(96B) AllocSpace objects, 0(0B) LOS objects, 23% free, 52MB/68MB, paused 435us total 25.595ms
08-06 17:20:27.223 23700 23713 I art     : Starting a blocking GC Explicit
08-06 17:20:27.252 23700 23713 I art     : Explicit concurrent mark sweep GC freed 1343(78KB) AllocSpace objects, 1(20KB) LOS objects, 23% free, 52MB/68MB, paused 432us total 28.762ms
08-06 17:20:27.265 23700 23713 I art     : Starting a blocking GC Explicit
08-06 17:20:27.291 23700 23713 I art     : Explicit concurrent mark sweep GC freed 20(704B) AllocSpace objects, 0(0B) LOS objects, 23% free, 52MB/68MB, paused 470us total 25.997ms
08-06 17:20:27.302 23700 23713 I art     : Starting a blocking GC Explicit
08-06 17:20:27.328 23700 23713 I art     : Explicit concurrent mark sweep GC freed 3(96B) AllocSpace objects, 0(0B) LOS objects, 23% free, 52MB/68MB, paused 415us total 26.085ms
08-06 17:20:27.339 23700 23713 I art     : Starting a blocking GC Explicit
08-06 17:20:27.364 23700 23713 I art     : Explicit concurrent mark sweep GC freed 3(96B) AllocSpace objects, 0(0B) LOS objects, 23% free, 52MB/68MB, paused 392us total 24.193ms
08-06 17:20:27.375 23700 23713 I art     : Starting a blocking GC Explicit
08-06 17:20:27.401 23700 23713 I art     : Explicit concurrent mark sweep GC freed 3(96B) AllocSpace objects, 0(0B) LOS objects, 23% free, 52MB/68MB, paused 429us total 25.857ms
08-06 17:20:27.729 23700 23736 I art     : Starting a blocking GC Explicit
08-06 17:20:27.755 23700 23736 I art     : Explicit concurrent mark sweep GC freed 1343(78KB) AllocSpace objects, 1(20KB) LOS objects, 23% free, 52MB/68MB, paused 458us total 25.884ms
08-06 17:20:27.755 23700 23711 I art     : WaitForGcToComplete blocked for 11.933ms for cause HeapTrim
08-06 17:20:27.766 23700 23736 I art     : Starting a blocking GC Explicit
08-06 17:20:27.790 23700 23736 I art     : Explicit concurrent mark sweep GC freed 20(704B) AllocSpace objects, 0(0B) LOS objects, 23% free, 52MB/68MB, paused 400us total 24ms
08-06 17:20:27.801 23700 23736 I art     : Starting a blocking GC Explicit
08-06 17:20:27.827 23700 23736 I art     : Explicit concurrent mark sweep GC freed 3(96B) AllocSpace objects, 0(0B) LOS objects, 23% free, 52MB/68MB, paused 466us total 26.188ms
08-06 17:20:27.838 23700 23736 I art     : Starting a blocking GC Explicit
08-06 17:20:27.863 23700 23736 I art     : Explicit concurrent mark sweep GC freed 3(96B) AllocSpace objects, 0(0B) LOS objects, 23% free, 52MB/68MB, paused 409us total 24.306ms
08-06 17:20:27.874 23700 23736 I art     : Starting a blocking GC Explicit
08-06 17:20:27.900 23700 23736 I art     : Explicit concurrent mark sweep GC freed 3(96B) AllocSpace objects, 0(0B) LOS objects, 23% free, 52MB/68MB, paused 425us total 25.588ms
08-06 17:20:28.219 23700 23712 I art     : Starting a blocking GC Explicit
08-06 17:20:28.249 23700 23712 I art     : Explicit concurrent mark sweep GC freed 1343(78KB) AllocSpace objects, 1(20KB) LOS objects, 23% free, 52MB/68MB, paused 436us total 28.981ms
08-06 17:20:28.259 23700 23712 I art     : Starting a blocking GC Explicit
08-06 17:20:28.286 23700 23712 I art     : Explicit concurrent mark sweep GC freed 20(704B) AllocSpace objects, 0(0B) LOS objects, 23% free, 52MB/68MB, paused 430us total 26.065ms
08-06 17:20:28.297 23700 23712 I art     : Starting a blocking GC Explicit
08-06 17:20:28.323 23700 23712 I art     : Explicit concurrent mark sweep GC freed 3(96B) AllocSpace objects, 0(0B) LOS objects, 23% free, 52MB/68MB, paused 420us total 25.424ms
08-06 17:20:28.334 23700 23712 I art     : Starting a blocking GC Explicit
08-06 17:20:28.358 23700 23712 I art     : Explicit concurrent mark sweep GC freed 3(96B) AllocSpace objects, 0(0B) LOS objects, 23% free, 52MB/68MB, paused 417us total 24.009ms
08-06 17:20:28.369 23700 23712 I art     : Starting a blocking GC Explicit
08-06 17:20:28.395 23700 23712 I art     : Explicit concurrent mark sweep GC freed 3(96B) AllocSpace objects, 0(0B) LOS objects, 23% free, 52MB/68MB, paused 472us total 25.632ms
08-06 17:20:28.717 23700 23713 I art     : Starting a blocking GC Explicit
08-06 17:20:28.746 23700 23713 I art     : Explicit concurrent mark sweep GC freed 1343(78KB) AllocSpace objects, 1(20KB) LOS objects, 23% free, 52MB/68MB, paused 439us total 28.739ms
08-06 17:20:28.758 23700 23713 I art     : Starting a blocking GC Explicit
08-06 17:20:28.782 23700 23713 I art     : Explicit concurrent mark sweep GC freed 20(704B) AllocSpace objects, 0(0B) LOS objects, 23% free, 52MB/68MB, paused 410us total 23.934ms
08-06 17:20:28.794 23700 23713 I art     : Starting a blocking GC Explicit
08-06 17:20:28.820 23700 23713 I art     : Explicit concurrent mark sweep GC freed 3(96B) AllocSpace objects, 0(0B) LOS objects, 23% free, 52MB/68MB, paused 413us total 25.897ms
08-06 17:20:28.831 23700 23713 I art     : Starting a blocking GC Explicit
08-06 17:20:28.856 23700 23713 I art     : Explicit concurrent mark sweep GC freed 3(96B) AllocSpace objects, 0(0B) LOS objects, 23% free, 52MB/68MB, paused 411us total 24.505ms
08-06 17:20:28.867 23700 23713 I art     : Starting a blocking GC Explicit
08-06 17:20:28.893 23700 23713 I art     : Explicit concurrent mark sweep GC freed 3(96B) AllocSpace objects, 0(0B) LOS objects, 23% free, 52MB/68MB, paused 409us total 25.825ms
08-06 17:20:29.208 23700 23736 I art     : Starting a blocking GC Explicit
08-06 17:20:29.238 23700 23736 I art     : Explicit concurrent mark sweep GC freed 1343(78KB) AllocSpace objects, 1(20KB) LOS objects, 23% free, 52MB/68MB, paused 474us total 29.218ms
08-06 17:20:29.251 23700 23736 I art     : Starting a blocking GC Explicit
08-06 17:20:29.276 23700 23736 I art     : Explicit concurrent mark sweep GC freed 20(704B) AllocSpace objects, 0(0B) LOS objects, 23% free, 52MB/68MB, paused 406us total 24.125ms
08-06 17:20:29.286 23700 23736 I art     : Starting a blocking GC Explicit
08-06 17:20:29.311 23700 23736 I art     : Explicit concurrent mark sweep GC freed 3(96B) AllocSpace objects, 0(0B) LOS objects, 23% free, 52MB/68MB, paused 399us total 24.118ms
08-06 17:20:29.322 23700 23736 I art     : Starting a blocking GC Explicit
08-06 17:20:29.347 23700 23736 I art     : Explicit concurrent mark sweep GC freed 3(96B) AllocSpace objects, 0(0B) LOS objects, 23% free, 52MB/68MB, paused 430us total 24.915ms
08-06 17:20:29.358 23700 23736 I art     : Starting a blocking GC Explicit
08-06 17:20:29.384 23700 23736 I art     : Explicit concurrent mark sweep GC freed 3(96B) AllocSpace objects, 0(0B) LOS objects, 23% free, 52MB/68MB, paused 424us total 25.728ms
08-06 17:20:29.709 23700 23712 I art     : Starting a blocking GC Explicit
08-06 17:20:29.740 23700 23712 I art     : Explicit concurrent mark sweep GC freed 1343(78KB) AllocSpace objects, 1(20KB) LOS objects, 23% free, 52MB/68MB, paused 447us total 30.601ms
08-06 17:20:29.753 23700 23712 I art     : Starting a blocking GC Explicit
08-06 17:20:29.779 23700 23712 I art     : Explicit concurrent mark sweep GC freed 20(704B) AllocSpace objects, 0(0B) LOS objects, 23% free, 52MB/68MB, paused 425us total 25.691ms
08-06 17:20:29.790 23700 23712 I art     : Starting a blocking GC Explicit
08-06 17:20:29.815 23700 23712 I art     : Explicit concurrent mark sweep GC freed 3(96B) AllocSpace objects, 0(0B) LOS objects, 23% free, 52MB/68MB, paused 416us total 23.956ms
08-06 17:20:29.825 23700 23712 I art     : Starting a blocking GC Explicit
08-06 17:20:29.851 23700 23712 I art     : Explicit concurrent mark sweep GC freed 3(96B) AllocSpace objects, 0(0B) LOS objects, 23% free, 52MB/68MB, paused 421us total 24.982ms
08-06 17:20:29.862 23700 23712 I art     : Starting a blocking GC Explicit
08-06 17:20:29.887 23700 23712 I art     : Explicit concurrent mark sweep GC freed 3(96B) AllocSpace objects, 0(0B) LOS objects, 23% free, 52MB/68MB, paused 452us total 25.482ms
08-06 17:20:30.211 23700 23713 I art     : Starting a blocking GC Explicit
08-06 17:20:30.243 23700 23713 I art     : Explicit concurrent mark sweep GC freed 1343(78KB) AllocSpace objects, 1(20KB) LOS objects, 23% free, 52MB/68MB, paused 439us total 31.824ms
08-06 17:20:30.257 23700 23713 I art     : Starting a blocking GC Explicit
08-06 17:20:30.282 23700 23713 I art     : Explicit concurrent mark sweep GC freed 20(704B) AllocSpace objects, 0(0B) LOS objects, 23% free, 52MB/68MB, paused 420us total 25.529ms
08-06 17:20:30.294 23700 23713 I art     : Starting a blocking GC Explicit
08-06 17:20:30.319 23700 23713 I art     : Explicit concurrent mark sweep GC freed 3(96B) AllocSpace objects, 0(0B) LOS objects, 23% free, 52MB/68MB, paused 433us total 24.973ms
08-06 17:20:30.330 23700 23713 I art     : Starting a blocking GC Explicit
08-06 17:20:30.356 23700 23713 I art     : Explicit concurrent mark sweep GC freed 3(96B) AllocSpace objects, 0(0B) LOS objects, 23% free, 52MB/68MB, paused 414us total 25.704ms
08-06 17:20:30.367 23700 23713 I art     : Starting a blocking GC Explicit
08-06 17:20:30.393 23700 23713 I art     : Explicit concurrent mark sweep GC freed 3(96B) AllocSpace objects, 0(0B) LOS objects, 23% free, 52MB/68MB, paused 421us total 25.631ms
08-06 17:20:30.675 23700 23736 I art     : Starting a blocking GC Explicit
08-06 17:20:30.702 23700 23736 I art     : Explicit concurrent mark sweep GC freed 1343(78KB) AllocSpace objects, 1(20KB) LOS objects, 23% free, 52MB/68MB, paused 425us total 26.220ms
08-06 17:20:30.715 23700 23736 I art     : Starting a blocking GC Explicit
08-06 17:20:30.739 23700 23736 I art     : Explicit concurrent mark sweep GC freed 20(704B) AllocSpace objects, 0(0B) LOS objects, 23% free, 52MB/68MB, paused 417us total 23.080ms
08-06 17:20:30.749 23700 23736 I art     : Starting a blocking GC Explicit
08-06 17:20:30.772 23700 23736 I art     : Explicit concurrent mark sweep GC freed 3(96B) AllocSpace objects, 0(0B) LOS objects, 23% free, 52MB/68MB, paused 427us total 22.748ms
08-06 17:20:30.783 23700 23736 I art     : Starting a blocking GC Explicit
08-06 17:20:30.807 23700 23736 I art     : Explicit concurrent mark sweep GC freed 3(96B) AllocSpace objects, 0(0B) LOS objects, 23% free, 52MB/68MB, paused 471us total 24.548ms
08-06 17:20:30.818 23700 23736 I art     : Starting a blocking GC Explicit
08-06 17:20:30.843 23700 23736 I art     : Explicit concurrent mark sweep GC freed 3(96B) AllocSpace objects, 0(0B) LOS objects, 23% free, 52MB/68MB, paused 426us total 25.006ms
08-06 17:20:31.054 24424 24424 D AndroidRuntime: >>>>>> START com.android.internal.os.RuntimeInit uid 2000 <<<<<<
08-06 17:20:31.060 24424 24424 D AndroidRuntime: CheckJNI is OFF
08-06 17:20:31.100 24424 24424 D ICU     : No timezone override file found: /data/misc/zoneinfo/current/icu/icu_tzdata.dat
08-06 17:20:31.143 24424 24424 I Radio-JNI: register_android_hardware_Radio DONE
08-06 17:20:31.160 23700 23712 I art     : Starting a blocking GC Explicit
08-06 17:20:31.172 24424 24424 D AndroidRuntime: Calling main entry com.android.commands.input.Input
08-06 17:20:31.175 24424 24424 I Input   : injectKeyEvent: KeyEvent { action=ACTION_DOWN, keyCode=KEYCODE_BACK, scanCode=0, metaState=0, flags=0x0, repeatCount=0, eventTime=897647588, downTime=897647588, deviceId=-1, source=0x101 }
08-06 17:20:31.184 23700 23712 I art     : Explicit concurrent mark sweep GC freed 1344(78KB) AllocSpace objects, 1(20KB) LOS objects, 23% free, 52MB/68MB, paused 506us total 24.542ms
08-06 17:20:31.185 24424 24424 I Input   : injectKeyEvent: KeyEvent { action=ACTION_UP, keyCode=KEYCODE_BACK, scanCode=0, metaState=0, flags=0x0, repeatCount=0, eventTime=897647588, downTime=897647588, deviceId=-1, source=0x101 }
08-06 17:20:31.191 24424 24424 D AndroidRuntime: Shutting down VM
08-06 17:20:31.195 23700 23712 I art     : Starting a blocking GC Explicit
08-06 17:20:31.218 23700 23712 I art     : Explicit concurrent mark sweep GC freed 165(7KB) AllocSpace objects, 0(0B) LOS objects, 23% free, 52MB/68MB, paused 406us total 22.804ms
08-06 17:20:31.228 23700 23712 I art     : Starting a blocking GC Explicit
08-06 17:20:31.231 13866 13866 I GoogleInputMethodServic: GoogleInputMethodService.onFinishInput():3138 
08-06 17:20:31.232 13866 13866 I GoogleInputMethodServic: GoogleInputMethodService.onStartInput():1808 
08-06 17:20:31.249 23700 23712 I art     : Explicit concurrent mark sweep GC freed 29(1104B) AllocSpace objects, 0(0B) LOS objects, 23% free, 52MB/68MB, paused 473us total 20.608ms
08-06 17:20:31.259 23700 23712 I art     : Starting a blocking GC Explicit
08-06 17:20:31.280 23700 23712 I art     : Explicit concurrent mark sweep GC freed 11(384B) AllocSpace objects, 0(0B) LOS objects, 23% free, 52MB/68MB, paused 393us total 20.841ms
08-06 17:20:31.291 23700 23712 I art     : Starting a blocking GC Explicit
08-06 17:20:31.311 23700 23712 I art     : Explicit concurrent mark sweep GC freed 4(144B) AllocSpace objects, 0(0B) LOS objects, 23% free, 52MB/68MB, paused 381us total 20.477ms
08-06 17:20:31.536   380   380 W SurfaceFlinger: couldn't log to binary event log: overflow.
08-06 17:20:31.593 23700 23713 I art     : Starting a blocking GC Explicit
08-06 17:20:31.617 23700 23713 I art     : Explicit concurrent mark sweep GC freed 1453(87KB) AllocSpace objects, 1(20KB) LOS objects, 23% free, 52MB/68MB, paused 441us total 23.598ms
08-06 17:20:31.627 23700 23713 I art     : Starting a blocking GC Explicit
08-06 17:20:31.648 23700 23713 I art     : Explicit concurrent mark sweep GC freed 1672(107KB) AllocSpace objects, 3(400KB) LOS objects, 23% free, 52MB/68MB, paused 393us total 20.997ms
08-06 17:20:31.658 23700 23713 I art     : Starting a blocking GC Explicit
08-06 17:20:31.679 23700 23713 I art     : Explicit concurrent mark sweep GC freed 3(96B) AllocSpace objects, 0(0B) LOS objects, 23% free, 52MB/68MB, paused 394us total 20.260ms
08-06 17:20:31.688 23700 23713 I art     : Starting a blocking GC Explicit
08-06 17:20:31.709 23700 23713 I art     : Explicit concurrent mark sweep GC freed 3(96B) AllocSpace objects, 0(0B) LOS objects, 23% free, 52MB/68MB, paused 392us total 20.427ms
08-06 17:20:31.719 23700 23713 I art     : Starting a blocking GC Explicit
08-06 17:20:31.740 23700 23713 I art     : Explicit concurrent mark sweep GC freed 3(96B) AllocSpace objects, 0(0B) LOS objects, 23% free, 52MB/68MB, paused 396us total 20.701ms
08-06 17:20:32.014 23700 23736 I art     : Starting a blocking GC Explicit
08-06 17:20:32.038 23700 23736 I art     : Explicit concurrent mark sweep GC freed 1343(78KB) AllocSpace objects, 1(20KB) LOS objects, 23% free, 52MB/68MB, paused 412us total 23.509ms
08-06 17:20:32.048 23700 23736 I art     : Starting a blocking GC Explicit
08-06 17:20:32.071 23700 23736 I art     : Explicit concurrent mark sweep GC freed 20(704B) AllocSpace objects, 0(0B) LOS objects, 23% free, 52MB/68MB, paused 404us total 22.168ms
08-06 17:20:32.081 23700 23736 I art     : Starting a blocking GC Explicit
08-06 17:20:32.104 23700 23736 I art     : Explicit concurrent mark sweep GC freed 3(96B) AllocSpace objects, 0(0B) LOS objects, 23% free, 52MB/68MB, paused 381us total 22.502ms
08-06 17:20:32.114 23700 23736 I art     : Starting a blocking GC Explicit
08-06 17:20:32.137 23700 23736 I art     : Explicit concurrent mark sweep GC freed 3(96B) AllocSpace objects, 0(0B) LOS objects, 23% free, 52MB/68MB, paused 449us total 22.960ms
08-06 17:20:32.148 23700 23736 I art     : Starting a blocking GC Explicit
08-06 17:20:32.170 23700 23736 I art     : Explicit concurrent mark sweep GC freed 3(96B) AllocSpace objects, 0(0B) LOS objects, 23% free, 52MB/68MB, paused 403us total 22.242ms
08-06 17:20:32.463 23700 24467 I art     : Starting a blocking GC Explicit
08-06 17:20:32.486 23700 24467 I art     : Explicit concurrent mark sweep GC freed 1342(78KB) AllocSpace objects, 1(20KB) LOS objects, 23% free, 52MB/68MB, paused 432us total 22.927ms
08-06 17:20:32.497 23700 24467 I art     : Starting a blocking GC Explicit
08-06 17:20:32.520 23700 24467 I art     : Explicit concurrent mark sweep GC freed 20(704B) AllocSpace objects, 0(0B) LOS objects, 23% free, 52MB/68MB, paused 402us total 23.019ms
08-06 17:20:32.530 23700 24467 I art     : Starting a blocking GC Explicit
08-06 17:20:32.552 23700 24467 I art     : Explicit concurrent mark sweep GC freed 3(96B) AllocSpace objects, 0(0B) LOS objects, 23% free, 52MB/68MB, paused 411us total 21.497ms
08-06 17:20:32.562 23700 24467 I art     : Starting a blocking GC Explicit
08-06 17:20:32.584 23700 24467 I art     : Explicit concurrent mark sweep GC freed 3(96B) AllocSpace objects, 0(0B) LOS objects, 23% free, 52MB/68MB, paused 413us total 22.054ms
08-06 17:20:32.595 23700 24467 I art     : Starting a blocking GC Explicit
08-06 17:20:32.617 23700 24467 I art     : Explicit concurrent mark sweep GC freed 3(96B) AllocSpace objects, 0(0B) LOS objects, 23% free, 52MB/68MB, paused 404us total 21.470ms
08-06 17:20:32.899 23700 23712 I art     : Starting a blocking GC Explicit
08-06 17:20:32.926 23700 23712 I art     : Explicit concurrent mark sweep GC freed 1342(78KB) AllocSpace objects, 1(20KB) LOS objects, 23% free, 52MB/68MB, paused 442us total 26.382ms
08-06 17:20:32.940 23700 23712 I art     : Starting a blocking GC Explicit
08-06 17:20:32.965 23700 23712 I art     : Explicit concurrent mark sweep GC freed 20(704B) AllocSpace objects, 0(0B) LOS objects, 23% free, 52MB/68MB, paused 479us total 25.510ms
08-06 17:20:32.975 24499 24499 D AndroidRuntime: >>>>>> START com.android.internal.os.RuntimeInit uid 2000 <<<<<<
08-06 17:20:32.976 23700 23712 I art     : Starting a blocking GC Explicit
08-06 17:20:32.982 24499 24499 D AndroidRuntime: CheckJNI is OFF
08-06 17:20:33.000 23700 23712 I art     : Explicit concurrent mark sweep GC freed 3(96B) AllocSpace objects, 0(0B) LOS objects, 23% free, 52MB/68MB, paused 442us total 23.984ms
08-06 17:20:33.011 23700 23712 I art     : Starting a blocking GC Explicit
08-06 17:20:33.029 24499 24499 D ICU     : No timezone override file found: /data/misc/zoneinfo/current/icu/icu_tzdata.dat
08-06 17:20:33.033 23700 23712 I art     : Explicit concurrent mark sweep GC freed 3(96B) AllocSpace objects, 0(0B) LOS objects, 23% free, 52MB/68MB, paused 428us total 21.766ms
08-06 17:20:33.044 23700 23712 I art     : Starting a blocking GC Explicit
08-06 17:20:33.067 23700 23712 I art     : Explicit concurrent mark sweep GC freed 3(96B) AllocSpace objects, 0(0B) LOS objects, 23% free, 52MB/68MB, paused 520us total 23.025ms
08-06 17:20:33.077 24499 24499 I Radio-JNI: register_android_hardware_Radio DONE
08-06 17:20:33.105 24499 24499 D AndroidRuntime: Calling main entry com.android.commands.input.Input
08-06 17:20:33.108 24499 24499 I Input   : injectMotionEvent: MotionEvent { action=ACTION_DOWN, actionButton=0, id[0]=0, x[0]=733.0, y[0]=1370.0, toolType[0]=TOOL_TYPE_UNKNOWN, buttonState=0, metaState=0, flags=0x0, edgeFlags=0x0, pointerCount=1, historySize=0, eventTime=897649520, downTime=897649520, deviceId=0, source=0x1002 }
08-06 17:20:33.114 24499 24499 I Input   : injectMotionEvent: MotionEvent { action=ACTION_UP, actionButton=0, id[0]=0, x[0]=733.0, y[0]=1370.0, toolType[0]=TOOL_TYPE_UNKNOWN, buttonState=0, metaState=0, flags=0x0, edgeFlags=0x0, pointerCount=1, historySize=0, eventTime=897649520, downTime=897649520, deviceId=0, source=0x1002 }
08-06 17:20:33.115   918  3696 I ActivityManager: START u0 {cmp=baseline.appteam.nith.hillffair/.activities.ClubActivity (has extras)} from uid 10697 on display 0
08-06 17:20:33.122 24499 24499 D AndroidRuntime: Shutting down VM
08-06 17:20:33.234   918   936 I ActivityManager: Displayed baseline.appteam.nith.hillffair/.activities.ClubActivity: +111ms
08-06 17:20:33.234 13866 13866 I GoogleInputMethodServic: GoogleInputMethodService.onFinishInput():3138 
08-06 17:20:33.235 13866 13866 I GoogleInputMethodServic: GoogleInputMethodService.onStartInput():1808 
08-06 17:20:33.343 23700 23712 I art     : Starting a blocking GC Explicit
08-06 17:20:33.368 23700 23712 I art     : Explicit concurrent mark sweep GC freed 4978(290KB) AllocSpace objects, 1(20KB) LOS objects, 23% free, 52MB/68MB, paused 658us total 24.555ms
08-06 17:20:33.382 23700 23712 I art     : Starting a blocking GC Explicit
08-06 17:20:33.412 23700 23712 I art     : Explicit concurrent mark sweep GC freed 211(9KB) AllocSpace objects, 0(0B) LOS objects, 23% free, 52MB/68MB, paused 516us total 29.610ms
08-06 17:20:33.427 23700 23712 I art     : Starting a blocking GC Explicit
08-06 17:20:33.457 23700 23712 I art     : Explicit concurrent mark sweep GC freed 3(96B) AllocSpace objects, 0(0B) LOS objects, 23% free, 52MB/68MB, paused 471us total 29.506ms
08-06 17:20:33.467 23700 23712 I art     : Starting a blocking GC Explicit
08-06 17:20:33.495 23700 23712 I art     : Explicit concurrent mark sweep GC freed 3(96B) AllocSpace objects, 0(0B) LOS objects, 23% free, 52MB/68MB, paused 512us total 27.087ms
08-06 17:20:33.498   380   380 W SurfaceFlinger: couldn't log to binary event log: overflow.
08-06 17:20:33.507 23700 23712 I art     : Starting a blocking GC Explicit
08-06 17:20:33.531 23700 23712 I art     : Explicit concurrent mark sweep GC freed 3(96B) AllocSpace objects, 0(0B) LOS objects, 23% free, 52MB/68MB, paused 454us total 23.708ms
08-06 17:20:33.824 23700 23712 I art     : Starting a blocking GC Explicit
08-06 17:20:33.849 23700 23712 I art     : Explicit concurrent mark sweep GC freed 1484(85KB) AllocSpace objects, 1(20KB) LOS objects, 23% free, 52MB/68MB, paused 492us total 24.602ms
08-06 17:20:33.860 23700 23712 I art     : Starting a blocking GC Explicit
08-06 17:20:33.884 23700 23712 I art     : Explicit concurrent mark sweep GC freed 56(1920B) AllocSpace objects, 0(0B) LOS objects, 23% free, 52MB/68MB, paused 539us total 23.911ms
08-06 17:20:33.896 23700 23712 I art     : Starting a blocking GC Explicit
08-06 17:20:33.919 23700 23712 I art     : Explicit concurrent mark sweep GC freed 13(480B) AllocSpace objects, 0(0B) LOS objects, 23% free, 52MB/68MB, paused 474us total 22.768ms
08-06 17:20:33.929 23700 23712 I art     : Starting a blocking GC Explicit
08-06 17:20:33.954 23700 23712 I art     : Explicit concurrent mark sweep GC freed 1071(74KB) AllocSpace objects, 2(120KB) LOS objects, 23% free, 52MB/68MB, paused 752us total 24.081ms
08-06 17:20:33.964 23700 23712 I art     : Starting a blocking GC Explicit
08-06 17:20:33.967 23700 24525 D OkHttp  : --> GET https://api-hillfair-2k16.herokuapp.com/api/app/events/special/event?id=580655cddcba0f490c70fdd0 http/1.1
08-06 17:20:33.988 23700 23712 I art     : Explicit concurrent mark sweep GC freed 2372(166KB) AllocSpace objects, 1(80KB) LOS objects, 23% free, 52MB/68MB, paused 576us total 23.533ms
08-06 17:20:34.002 23700 24525 D OkHttp  : <-- 200 OK https://api-hillfair-2k16.herokuapp.com/api/app/events/special/event?id=580655cddcba0f490c70fdd0 (34ms, 721-byte body)
08-06 17:20:34.044 23700 23700 I NAPPA_EXPERIMENTATION: MetricNetworkRequestExecutionTime: REQUEST_DURATION_SYSTEM='891',REQUEST_DURATION_OKHTTP='35',REQUEST_SYNCHRONOUS='FALSE',RESPONSE_CODE='200',RESPONSE_METHOD='GET',RESPONSE_LENGTH_OKHTTP='721',RESPONSE_LENGTH_HEADER='721',REQUEST_PROTOCOL='http/1.1',REQUEST_URL='https://api-hillfair-2k16.herokuapp.com/api/app/events/special/event?id=580655cddcba0f490c70fdd0',
08-06 17:20:34.275 23700 23736 I art     : Starting a blocking GC Explicit
08-06 17:20:34.301 23700 23736 I art     : Explicit concurrent mark sweep GC freed 2275(212KB) AllocSpace objects, 1(20KB) LOS objects, 23% free, 52MB/68MB, paused 435us total 25.176ms
08-06 17:20:34.312 23700 23736 I art     : Starting a blocking GC Explicit
08-06 17:20:34.335 23700 23736 I art     : Explicit concurrent mark sweep GC freed 94(3KB) AllocSpace objects, 0(0B) LOS objects, 23% free, 52MB/68MB, paused 426us total 23.545ms
08-06 17:20:34.346 23700 23736 I art     : Starting a blocking GC Explicit
08-06 17:20:34.370 23700 23736 I art     : Explicit concurrent mark sweep GC freed 3(96B) AllocSpace objects, 0(0B) LOS objects, 23% free, 52MB/68MB, paused 428us total 23ms
08-06 17:20:34.380 23700 23736 I art     : Starting a blocking GC Explicit
08-06 17:20:34.404 23700 23736 I art     : Explicit concurrent mark sweep GC freed 3(96B) AllocSpace objects, 0(0B) LOS objects, 23% free, 52MB/68MB, paused 431us total 23.032ms
08-06 17:20:34.414 23700 23736 I art     : Starting a blocking GC Explicit
08-06 17:20:34.438 23700 23736 I art     : Explicit concurrent mark sweep GC freed 3(96B) AllocSpace objects, 0(0B) LOS objects, 23% free, 52MB/68MB, paused 466us total 23.327ms
08-06 17:20:34.727 23700 23713 I art     : Starting a blocking GC Explicit
08-06 17:20:34.760 23700 23713 I art     : Explicit concurrent mark sweep GC freed 1359(78KB) AllocSpace objects, 1(20KB) LOS objects, 23% free, 52MB/68MB, paused 493us total 33.299ms
08-06 17:20:34.776 23700 23713 I art     : Starting a blocking GC Explicit
08-06 17:20:34.805 23700 23713 I art     : Explicit concurrent mark sweep GC freed 20(704B) AllocSpace objects, 0(0B) LOS objects, 23% free, 52MB/68MB, paused 440us total 28.316ms
08-06 17:20:34.818 23700 23713 I art     : Starting a blocking GC Explicit
08-06 17:20:34.844 23700 23713 I art     : Explicit concurrent mark sweep GC freed 3(96B) AllocSpace objects, 0(0B) LOS objects, 23% free, 52MB/68MB, paused 437us total 26.412ms
08-06 17:20:34.855 23700 23713 I art     : Starting a blocking GC Explicit
08-06 17:20:34.882 23700 23713 I art     : Explicit concurrent mark sweep GC freed 3(96B) AllocSpace objects, 0(0B) LOS objects, 23% free, 52MB/68MB, paused 472us total 26.577ms
08-06 17:20:34.893 23700 23713 I art     : Starting a blocking GC Explicit
08-06 17:20:34.920 23700 23713 I art     : Explicit concurrent mark sweep GC freed 3(96B) AllocSpace objects, 0(0B) LOS objects, 23% free, 52MB/68MB, paused 436us total 26.625ms
08-06 17:20:35.274 23700 24467 I art     : Starting a blocking GC Explicit
08-06 17:20:35.306 23700 24467 I art     : Explicit concurrent mark sweep GC freed 1343(78KB) AllocSpace objects, 1(20KB) LOS objects, 23% free, 52MB/68MB, paused 485us total 31.337ms
08-06 17:20:35.321 23700 24467 I art     : Starting a blocking GC Explicit
08-06 17:20:35.349 23700 24467 I art     : Explicit concurrent mark sweep GC freed 20(704B) AllocSpace objects, 0(0B) LOS objects, 23% free, 52MB/68MB, paused 458us total 27.781ms
08-06 17:20:35.361 23700 24467 I art     : Starting a blocking GC Explicit
08-06 17:20:35.387 23700 24467 I art     : Explicit concurrent mark sweep GC freed 3(96B) AllocSpace objects, 0(0B) LOS objects, 23% free, 52MB/68MB, paused 495us total 26.539ms
08-06 17:20:35.399 23700 24467 I art     : Starting a blocking GC Explicit
08-06 17:20:35.425 23700 24467 I art     : Explicit concurrent mark sweep GC freed 3(96B) AllocSpace objects, 0(0B) LOS objects, 23% free, 52MB/68MB, paused 431us total 25.700ms
08-06 17:20:35.435 23700 24467 I art     : Starting a blocking GC Explicit
08-06 17:20:35.460 23700 24467 I art     : Explicit concurrent mark sweep GC freed 3(96B) AllocSpace objects, 0(0B) LOS objects, 23% free, 52MB/68MB, paused 446us total 24.876ms
08-06 17:20:35.785 23700 23736 I art     : Starting a blocking GC Explicit
08-06 17:20:35.817 23700 23736 I art     : Explicit concurrent mark sweep GC freed 1343(78KB) AllocSpace objects, 1(20KB) LOS objects, 23% free, 52MB/68MB, paused 454us total 31.735ms
08-06 17:20:35.831 23700 23736 I art     : Starting a blocking GC Explicit
08-06 17:20:35.858 23700 23736 I art     : Explicit concurrent mark sweep GC freed 20(704B) AllocSpace objects, 0(0B) LOS objects, 23% free, 52MB/68MB, paused 480us total 26.547ms
08-06 17:20:35.869 23700 23736 I art     : Starting a blocking GC Explicit
08-06 17:20:35.895 23700 23736 I art     : Explicit concurrent mark sweep GC freed 3(96B) AllocSpace objects, 0(0B) LOS objects, 23% free, 52MB/68MB, paused 442us total 25.987ms
08-06 17:20:35.906 23700 23736 I art     : Starting a blocking GC Explicit
08-06 17:20:35.932 23700 23736 I art     : Explicit concurrent mark sweep GC freed 3(96B) AllocSpace objects, 0(0B) LOS objects, 23% free, 52MB/68MB, paused 426us total 25.749ms
08-06 17:20:35.943 23700 23736 I art     : Starting a blocking GC Explicit
08-06 17:20:35.968 23700 23736 I art     : Explicit concurrent mark sweep GC freed 3(96B) AllocSpace objects, 0(0B) LOS objects, 23% free, 52MB/68MB, paused 438us total 24.832ms
08-06 17:20:36.313 23700 23712 I art     : Starting a blocking GC Explicit
08-06 17:20:36.347 23700 23712 I art     : Explicit concurrent mark sweep GC freed 1343(78KB) AllocSpace objects, 1(20KB) LOS objects, 23% free, 52MB/68MB, paused 511us total 33.977ms
08-06 17:20:36.360 23700 23712 I art     : Starting a blocking GC Explicit
08-06 17:20:36.385 23700 23712 I art     : Explicit concurrent mark sweep GC freed 20(704B) AllocSpace objects, 0(0B) LOS objects, 23% free, 52MB/68MB, paused 447us total 24.432ms
08-06 17:20:36.396 23700 23712 I art     : Starting a blocking GC Explicit
08-06 17:20:36.421 23700 23712 I art     : Explicit concurrent mark sweep GC freed 3(96B) AllocSpace objects, 0(0B) LOS objects, 23% free, 52MB/68MB, paused 442us total 24.684ms
08-06 17:20:36.432 23700 23712 I art     : Starting a blocking GC Explicit
08-06 17:20:36.456 23700 23712 I art     : Explicit concurrent mark sweep GC freed 3(96B) AllocSpace objects, 0(0B) LOS objects, 23% free, 52MB/68MB, paused 443us total 24.377ms
08-06 17:20:36.467 23700 23712 I art     : Starting a blocking GC Explicit
08-06 17:20:36.493 23700 23712 I art     : Explicit concurrent mark sweep GC freed 3(96B) AllocSpace objects, 0(0B) LOS objects, 23% free, 52MB/68MB, paused 461us total 25.885ms
08-06 17:20:36.817 23700 23713 I art     : Starting a blocking GC Explicit
08-06 17:20:36.848 23700 23713 I art     : Explicit concurrent mark sweep GC freed 1343(78KB) AllocSpace objects, 1(20KB) LOS objects, 23% free, 52MB/68MB, paused 482us total 30.430ms
08-06 17:20:36.861 23700 23713 I art     : Starting a blocking GC Explicit
08-06 17:20:36.888 23700 23713 I art     : Explicit concurrent mark sweep GC freed 20(704B) AllocSpace objects, 0(0B) LOS objects, 23% free, 52MB/68MB, paused 458us total 26.896ms
08-06 17:20:36.899 23700 23713 I art     : Starting a blocking GC Explicit
08-06 17:20:36.926 23700 23713 I art     : Explicit concurrent mark sweep GC freed 3(96B) AllocSpace objects, 0(0B) LOS objects, 23% free, 52MB/68MB, paused 433us total 26.670ms
08-06 17:20:36.937 23700 23713 I art     : Starting a blocking GC Explicit
08-06 17:20:36.962 23700 23713 I art     : Explicit concurrent mark sweep GC freed 3(96B) AllocSpace objects, 0(0B) LOS objects, 23% free, 52MB/68MB, paused 419us total 24.793ms
08-06 17:20:36.973 23700 23713 I art     : Starting a blocking GC Explicit
08-06 17:20:37.000 23700 23713 I art     : Explicit concurrent mark sweep GC freed 3(96B) AllocSpace objects, 0(0B) LOS objects, 23% free, 52MB/68MB, paused 446us total 26.774ms
08-06 17:20:37.316 23700 24467 I art     : Starting a blocking GC Explicit
08-06 17:20:37.347 23700 24467 I art     : Explicit concurrent mark sweep GC freed 1343(78KB) AllocSpace objects, 1(20KB) LOS objects, 23% free, 52MB/68MB, paused 523us total 29.758ms
08-06 17:20:37.361 23700 24467 I art     : Starting a blocking GC Explicit
08-06 17:20:37.385 23700 24467 I art     : Explicit concurrent mark sweep GC freed 20(704B) AllocSpace objects, 0(0B) LOS objects, 23% free, 52MB/68MB, paused 484us total 23.687ms
08-06 17:20:37.396 23700 24467 I art     : Starting a blocking GC Explicit
08-06 17:20:37.419 23700 24467 I art     : Explicit concurrent mark sweep GC freed 3(96B) AllocSpace objects, 0(0B) LOS objects, 23% free, 52MB/68MB, paused 445us total 22.871ms
08-06 17:20:37.430 23700 24467 I art     : Starting a blocking GC Explicit
08-06 17:20:37.454 23700 24467 I art     : Explicit concurrent mark sweep GC freed 3(96B) AllocSpace objects, 0(0B) LOS objects, 23% free, 52MB/68MB, paused 488us total 23.951ms
08-06 17:20:37.465 23700 24467 I art     : Starting a blocking GC Explicit
08-06 17:20:37.490 23700 24467 I art     : Explicit concurrent mark sweep GC freed 3(96B) AllocSpace objects, 0(0B) LOS objects, 23% free, 52MB/68MB, paused 486us total 24.632ms
08-06 17:20:37.800 23700 23736 I art     : Starting a blocking GC Explicit
08-06 17:20:37.827 23700 23736 I art     : Explicit concurrent mark sweep GC freed 1343(78KB) AllocSpace objects, 1(20KB) LOS objects, 23% free, 52MB/68MB, paused 449us total 27.023ms
08-06 17:20:37.838 23700 23736 I art     : Starting a blocking GC Explicit
08-06 17:20:37.862 23700 23736 I art     : Explicit concurrent mark sweep GC freed 20(704B) AllocSpace objects, 0(0B) LOS objects, 23% free, 52MB/68MB, paused 446us total 24.304ms
08-06 17:20:37.873 23700 23736 I art     : Starting a blocking GC Explicit
08-06 17:20:37.898 23700 23736 I art     : Explicit concurrent mark sweep GC freed 3(96B) AllocSpace objects, 0(0B) LOS objects, 23% free, 52MB/68MB, paused 448us total 25.042ms
08-06 17:20:37.910 23700 23736 I art     : Starting a blocking GC Explicit
08-06 17:20:37.910 24628 24628 D AndroidRuntime: >>>>>> START com.android.internal.os.RuntimeInit uid 2000 <<<<<<
08-06 17:20:37.916 24628 24628 D AndroidRuntime: CheckJNI is OFF
08-06 17:20:37.935 23700 23736 I art     : Explicit concurrent mark sweep GC freed 3(96B) AllocSpace objects, 0(0B) LOS objects, 23% free, 52MB/68MB, paused 448us total 24.723ms
08-06 17:20:37.935 23700 23711 I art     : WaitForGcToComplete blocked for 9.131ms for cause HeapTrim
08-06 17:20:37.945 23700 23736 I art     : Starting a blocking GC Explicit
08-06 17:20:37.963 24628 24628 D ICU     : No timezone override file found: /data/misc/zoneinfo/current/icu/icu_tzdata.dat
08-06 17:20:37.970 23700 23736 I art     : Explicit concurrent mark sweep GC freed 3(96B) AllocSpace objects, 0(0B) LOS objects, 23% free, 52MB/68MB, paused 446us total 24.507ms
08-06 17:20:38.009 24628 24628 I Radio-JNI: register_android_hardware_Radio DONE
08-06 17:20:38.038 24628 24628 D AndroidRuntime: Calling main entry com.android.commands.input.Input
08-06 17:20:38.040 24628 24628 I Input   : injectKeyEvent: KeyEvent { action=ACTION_DOWN, keyCode=KEYCODE_BACK, scanCode=0, metaState=0, flags=0x0, repeatCount=0, eventTime=897654453, downTime=897654453, deviceId=-1, source=0x101 }
08-06 17:20:38.046 24628 24628 I Input   : injectKeyEvent: KeyEvent { action=ACTION_UP, keyCode=KEYCODE_BACK, scanCode=0, metaState=0, flags=0x0, repeatCount=0, eventTime=897654453, downTime=897654453, deviceId=-1, source=0x101 }
08-06 17:20:38.054 24628 24628 D AndroidRuntime: Shutting down VM
08-06 17:20:38.104 13866 13866 I GoogleInputMethodServic: GoogleInputMethodService.onFinishInput():3138 
08-06 17:20:38.105 13866 13866 I GoogleInputMethodServic: GoogleInputMethodService.onStartInput():1808 
08-06 17:20:38.249 23700 23736 I art     : Starting a blocking GC Explicit
08-06 17:20:38.276 23700 23736 I art     : Explicit concurrent mark sweep GC freed 1513(85KB) AllocSpace objects, 1(20KB) LOS objects, 23% free, 52MB/68MB, paused 456us total 26.874ms
08-06 17:20:38.290 23700 23736 I art     : Starting a blocking GC Explicit
08-06 17:20:38.313 23700 23736 I art     : Explicit concurrent mark sweep GC freed 26(944B) AllocSpace objects, 0(0B) LOS objects, 23% free, 52MB/68MB, paused 422us total 22.128ms
08-06 17:20:38.323 23700 23736 I art     : Starting a blocking GC Explicit
08-06 17:20:38.347 23700 23736 I art     : Explicit concurrent mark sweep GC freed 3(96B) AllocSpace objects, 0(0B) LOS objects, 23% free, 52MB/68MB, paused 515us total 23.314ms
08-06 17:20:38.361 23700 23736 I art     : Starting a blocking GC Explicit
08-06 17:20:38.389 23700 23736 I art     : Explicit concurrent mark sweep GC freed 3(96B) AllocSpace objects, 0(0B) LOS objects, 23% free, 52MB/68MB, paused 450us total 28.126ms
08-06 17:20:38.400 23700 23736 I art     : Starting a blocking GC Explicit
08-06 17:20:38.410   380   380 W SurfaceFlinger: couldn't log to binary event log: overflow.
08-06 17:20:38.425 23700 23736 I art     : Explicit concurrent mark sweep GC freed 110(8KB) AllocSpace objects, 0(0B) LOS objects, 23% free, 52MB/68MB, paused 415us total 24.533ms
08-06 17:20:38.725 23700 24467 I art     : Starting a blocking GC Explicit
08-06 17:20:38.752 23700 24467 I art     : Explicit concurrent mark sweep GC freed 1349(78KB) AllocSpace objects, 1(20KB) LOS objects, 23% free, 52MB/68MB, paused 496us total 26.615ms
08-06 17:20:38.763 23700 24467 I art     : Starting a blocking GC Explicit
08-06 17:20:38.787 23700 24467 I art     : Explicit concurrent mark sweep GC freed 1668(106KB) AllocSpace objects, 3(400KB) LOS objects, 23% free, 52MB/68MB, paused 445us total 23.968ms
08-06 17:20:38.798 23700 24467 I art     : Starting a blocking GC Explicit
08-06 17:20:38.821 23700 24467 I art     : Explicit concurrent mark sweep GC freed 3(96B) AllocSpace objects, 0(0B) LOS objects, 23% free, 52MB/68MB, paused 437us total 23.541ms
08-06 17:20:38.832 23700 24467 I art     : Starting a blocking GC Explicit
08-06 17:20:38.856 23700 24467 I art     : Explicit concurrent mark sweep GC freed 3(96B) AllocSpace objects, 0(0B) LOS objects, 23% free, 52MB/68MB, paused 457us total 23.289ms
08-06 17:20:38.866 23700 24467 I art     : Starting a blocking GC Explicit
08-06 17:20:38.890 23700 24467 I art     : Explicit concurrent mark sweep GC freed 3(96B) AllocSpace objects, 0(0B) LOS objects, 23% free, 52MB/68MB, paused 441us total 23.260ms
08-06 17:20:39.189 23700 23712 I art     : Starting a blocking GC Explicit
08-06 17:20:39.220 23700 23712 I art     : Explicit concurrent mark sweep GC freed 1343(78KB) AllocSpace objects, 1(20KB) LOS objects, 23% free, 52MB/68MB, paused 477us total 30.995ms
08-06 17:20:39.233 23700 23712 I art     : Starting a blocking GC Explicit
08-06 17:20:39.258 23700 23712 I art     : Explicit concurrent mark sweep GC freed 20(704B) AllocSpace objects, 0(0B) LOS objects, 23% free, 52MB/68MB, paused 482us total 23.956ms
08-06 17:20:39.268 23700 23712 I art     : Starting a blocking GC Explicit
08-06 17:20:39.292 23700 23712 I art     : Explicit concurrent mark sweep GC freed 3(96B) AllocSpace objects, 0(0B) LOS objects, 23% free, 52MB/68MB, paused 524us total 23.201ms
08-06 17:20:39.303 23700 23712 I art     : Starting a blocking GC Explicit
08-06 17:20:39.326 23700 23712 I art     : Explicit concurrent mark sweep GC freed 3(96B) AllocSpace objects, 0(0B) LOS objects, 23% free, 52MB/68MB, paused 428us total 22.683ms
08-06 17:20:39.336 23700 23712 I art     : Starting a blocking GC Explicit
08-06 17:20:39.358 23700 23712 I art     : Explicit concurrent mark sweep GC freed 3(96B) AllocSpace objects, 0(0B) LOS objects, 23% free, 52MB/68MB, paused 452us total 22.167ms
08-06 17:20:39.647 23700 23713 I art     : Starting a blocking GC Explicit
08-06 17:20:39.671 23700 23713 I art     : Explicit concurrent mark sweep GC freed 1342(78KB) AllocSpace objects, 1(20KB) LOS objects, 23% free, 52MB/68MB, paused 440us total 23.719ms
08-06 17:20:39.682 23700 23713 I art     : Starting a blocking GC Explicit
08-06 17:20:39.706 23700 23713 I art     : Explicit concurrent mark sweep GC freed 20(704B) AllocSpace objects, 0(0B) LOS objects, 23% free, 52MB/68MB, paused 433us total 22.965ms
08-06 17:20:39.717 23700 23713 I art     : Starting a blocking GC Explicit
08-06 17:20:39.741 23700 23713 I art     : Explicit concurrent mark sweep GC freed 3(96B) AllocSpace objects, 0(0B) LOS objects, 23% free, 52MB/68MB, paused 419us total 23.697ms
08-06 17:20:39.751 23700 23713 I art     : Starting a blocking GC Explicit
08-06 17:20:39.775 23700 23713 I art     : Explicit concurrent mark sweep GC freed 3(96B) AllocSpace objects, 0(0B) LOS objects, 23% free, 52MB/68MB, paused 448us total 23.501ms
08-06 17:20:39.786 23700 23713 I art     : Starting a blocking GC Explicit
08-06 17:20:39.810 23700 23713 I art     : Explicit concurrent mark sweep GC freed 3(96B) AllocSpace objects, 0(0B) LOS objects, 23% free, 52MB/68MB, paused 450us total 23.889ms
08-06 17:20:39.829 24683 24683 D AndroidRuntime: >>>>>> START com.android.internal.os.RuntimeInit uid 2000 <<<<<<
08-06 17:20:39.835 24683 24683 D AndroidRuntime: CheckJNI is OFF
08-06 17:20:39.878 24683 24683 D ICU     : No timezone override file found: /data/misc/zoneinfo/current/icu/icu_tzdata.dat
08-06 17:20:39.924 24683 24683 I Radio-JNI: register_android_hardware_Radio DONE
08-06 17:20:39.954 24683 24683 D AndroidRuntime: Calling main entry com.android.commands.input.Input
08-06 17:20:39.959 24683 24683 I Input   : injectMotionEvent: MotionEvent { action=ACTION_DOWN, actionButton=0, id[0]=0, x[0]=733.0, y[0]=1957.0, toolType[0]=TOOL_TYPE_UNKNOWN, buttonState=0, metaState=0, flags=0x0, edgeFlags=0x0, pointerCount=1, historySize=0, eventTime=897656370, downTime=897656370, deviceId=0, source=0x1002 }
08-06 17:20:39.969 24683 24683 I Input   : injectMotionEvent: MotionEvent { action=ACTION_UP, actionButton=0, id[0]=0, x[0]=733.0, y[0]=1957.0, toolType[0]=TOOL_TYPE_UNKNOWN, buttonState=0, metaState=0, flags=0x0, edgeFlags=0x0, pointerCount=1, historySize=0, eventTime=897656370, downTime=897656370, deviceId=0, source=0x1002 }
08-06 17:20:39.971   918  3696 I ActivityManager: START u0 {cmp=baseline.appteam.nith.hillffair/.activities.ClubActivity (has extras)} from uid 10697 on display 0
08-06 17:20:39.979 24683 24683 D AndroidRuntime: Shutting down VM
08-06 17:20:40.086 13866 13866 I GoogleInputMethodServic: GoogleInputMethodService.onFinishInput():3138 
08-06 17:20:40.087 13866 13866 I GoogleInputMethodServic: GoogleInputMethodService.onStartInput():1808 
08-06 17:20:40.088   918   936 I ActivityManager: Displayed baseline.appteam.nith.hillffair/.activities.ClubActivity: +106ms
08-06 17:20:40.116 23700 23712 I art     : Starting a blocking GC Explicit
08-06 17:20:40.141 23700 23712 I art     : Explicit concurrent mark sweep GC freed 5047(296KB) AllocSpace objects, 1(20KB) LOS objects, 23% free, 52MB/68MB, paused 479us total 24.209ms
08-06 17:20:40.151 23700 23712 I art     : Starting a blocking GC Explicit
08-06 17:20:40.173 23700 23712 I art     : Explicit concurrent mark sweep GC freed 211(9KB) AllocSpace objects, 0(0B) LOS objects, 23% free, 52MB/68MB, paused 482us total 21.919ms
08-06 17:20:40.185 23700 23712 I art     : Starting a blocking GC Explicit
08-06 17:20:40.210 23700 23712 I art     : Explicit concurrent mark sweep GC freed 3(96B) AllocSpace objects, 0(0B) LOS objects, 23% free, 52MB/68MB, paused 518us total 25.471ms
08-06 17:20:40.222 23700 23712 I art     : Starting a blocking GC Explicit
08-06 17:20:40.249 23700 23712 I art     : Explicit concurrent mark sweep GC freed 3(96B) AllocSpace objects, 0(0B) LOS objects, 23% free, 52MB/68MB, paused 500us total 26.614ms
08-06 17:20:40.261 23700 23712 I art     : Starting a blocking GC Explicit
08-06 17:20:40.288 23700 23712 I art     : Explicit concurrent mark sweep GC freed 3(96B) AllocSpace objects, 0(0B) LOS objects, 23% free, 52MB/68MB, paused 495us total 26.688ms
08-06 17:20:40.346   380   380 W SurfaceFlinger: couldn't log to binary event log: overflow.
08-06 17:20:40.573 23700 23713 I art     : Starting a blocking GC Explicit
08-06 17:20:40.598 23700 23713 I art     : Explicit concurrent mark sweep GC freed 1466(85KB) AllocSpace objects, 1(20KB) LOS objects, 23% free, 52MB/68MB, paused 791us total 25.019ms
08-06 17:20:40.609 23700 23713 I art     : Starting a blocking GC Explicit
08-06 17:20:40.632 23700 23713 I art     : Explicit concurrent mark sweep GC freed 42(1472B) AllocSpace objects, 0(0B) LOS objects, 23% free, 52MB/68MB, paused 659us total 23.149ms
08-06 17:20:40.643 23700 23713 I art     : Starting a blocking GC Explicit
08-06 17:20:40.666 23700 23713 I art     : Explicit concurrent mark sweep GC freed 14(528B) AllocSpace objects, 0(0B) LOS objects, 23% free, 52MB/68MB, paused 466us total 23.388ms
08-06 17:20:40.677 23700 23713 I art     : Starting a blocking GC Explicit
08-06 17:20:40.700 23700 23713 I art     : Explicit concurrent mark sweep GC freed 15(544B) AllocSpace objects, 0(0B) LOS objects, 23% free, 52MB/68MB, paused 483us total 23.075ms
08-06 17:20:40.711 23700 23713 I art     : Starting a blocking GC Explicit
08-06 17:20:40.735 23700 23713 I art     : Explicit concurrent mark sweep GC freed 13(480B) AllocSpace objects, 0(0B) LOS objects, 23% free, 52MB/68MB, paused 490us total 23.598ms
08-06 17:20:40.824 23700 24712 D OkHttp  : --> GET https://api-hillfair-2k16.herokuapp.com/api/app/events/special/event?id=58065620dcba0f490c70fe09 http/1.1
08-06 17:20:40.859 23700 24712 D OkHttp  : <-- 200 OK https://api-hillfair-2k16.herokuapp.com/api/app/events/special/event?id=58065620dcba0f490c70fe09 (35ms, 682-byte body)
08-06 17:20:40.914 23700 23700 I NAPPA_EXPERIMENTATION: MetricNetworkRequestExecutionTime: REQUEST_DURATION_SYSTEM='904',REQUEST_DURATION_OKHTTP='35',REQUEST_SYNCHRONOUS='FALSE',RESPONSE_CODE='200',RESPONSE_METHOD='GET',RESPONSE_LENGTH_OKHTTP='682',RESPONSE_LENGTH_HEADER='682',REQUEST_PROTOCOL='http/1.1',REQUEST_URL='https://api-hillfair-2k16.herokuapp.com/api/app/events/special/event?id=58065620dcba0f490c70fe09',
08-06 17:20:41.024 23700 23713 I art     : Starting a blocking GC Explicit
08-06 17:20:41.051 23700 23713 I art     : Explicit concurrent mark sweep GC freed 4804(338KB) AllocSpace objects, 4(220KB) LOS objects, 23% free, 52MB/68MB, paused 491us total 27.516ms
08-06 17:20:41.062 23700 23713 I art     : Starting a blocking GC Explicit
08-06 17:20:41.086 23700 23713 I art     : Explicit concurrent mark sweep GC freed 1035(119KB) AllocSpace objects, 0(0B) LOS objects, 23% free, 52MB/68MB, paused 457us total 23.830ms
08-06 17:20:41.097 23700 23713 I art     : Starting a blocking GC Explicit
08-06 17:20:41.121 23700 23713 I art     : Explicit concurrent mark sweep GC freed 3(96B) AllocSpace objects, 0(0B) LOS objects, 23% free, 52MB/68MB, paused 446us total 23.407ms
08-06 17:20:41.132 23700 23713 I art     : Starting a blocking GC Explicit
08-06 17:20:41.155 23700 23713 I art     : Explicit concurrent mark sweep GC freed 3(96B) AllocSpace objects, 0(0B) LOS objects, 23% free, 52MB/68MB, paused 463us total 23.609ms
08-06 17:20:41.166 23700 23713 I art     : Starting a blocking GC Explicit
08-06 17:20:41.190 23700 23713 I art     : Explicit concurrent mark sweep GC freed 3(96B) AllocSpace objects, 0(0B) LOS objects, 23% free, 52MB/68MB, paused 455us total 23.833ms
08-06 17:20:41.487 23700 24467 I art     : Starting a blocking GC Explicit
08-06 17:20:41.519 23700 24467 I art     : Explicit concurrent mark sweep GC freed 1343(78KB) AllocSpace objects, 1(20KB) LOS objects, 23% free, 52MB/68MB, paused 539us total 32.014ms
08-06 17:20:41.532 23700 24467 I art     : Starting a blocking GC Explicit
08-06 17:20:41.558 23700 24467 I art     : Explicit concurrent mark sweep GC freed 36(1264B) AllocSpace objects, 0(0B) LOS objects, 23% free, 52MB/68MB, paused 487us total 25.329ms
08-06 17:20:41.569 23700 24467 I art     : Starting a blocking GC Explicit
08-06 17:20:41.594 23700 24467 I art     : Explicit concurrent mark sweep GC freed 3(96B) AllocSpace objects, 0(0B) LOS objects, 23% free, 52MB/68MB, paused 487us total 25.566ms
08-06 17:20:41.606 23700 24467 I art     : Starting a blocking GC Explicit
08-06 17:20:41.632 23700 24467 I art     : Explicit concurrent mark sweep GC freed 3(96B) AllocSpace objects, 0(0B) LOS objects, 23% free, 52MB/68MB, paused 489us total 25.711ms
08-06 17:20:41.643 23700 24467 I art     : Starting a blocking GC Explicit
08-06 17:20:41.670 23700 24467 I art     : Explicit concurrent mark sweep GC freed 3(96B) AllocSpace objects, 0(0B) LOS objects, 23% free, 52MB/68MB, paused 496us total 26.881ms
08-06 17:20:41.996 23700 23736 I art     : Starting a blocking GC Explicit
08-06 17:20:42.028 23700 23736 I art     : Explicit concurrent mark sweep GC freed 1343(78KB) AllocSpace objects, 1(20KB) LOS objects, 23% free, 52MB/68MB, paused 513us total 31.443ms
08-06 17:20:42.041 23700 23736 I art     : Starting a blocking GC Explicit
08-06 17:20:42.069 23700 23736 I art     : Explicit concurrent mark sweep GC freed 20(704B) AllocSpace objects, 0(0B) LOS objects, 23% free, 52MB/68MB, paused 490us total 26.960ms
08-06 17:20:42.080 23700 23736 I art     : Starting a blocking GC Explicit
08-06 17:20:42.106 23700 23736 I art     : Explicit concurrent mark sweep GC freed 3(96B) AllocSpace objects, 0(0B) LOS objects, 23% free, 52MB/68MB, paused 469us total 26.195ms
08-06 17:20:42.117 23700 23736 I art     : Starting a blocking GC Explicit
08-06 17:20:42.145 23700 23736 I art     : Explicit concurrent mark sweep GC freed 3(96B) AllocSpace objects, 0(0B) LOS objects, 23% free, 52MB/68MB, paused 475us total 27.415ms
08-06 17:20:42.156 23700 23736 I art     : Starting a blocking GC Explicit
08-06 17:20:42.184 23700 23736 I art     : Explicit concurrent mark sweep GC freed 3(96B) AllocSpace objects, 0(0B) LOS objects, 23% free, 52MB/68MB, paused 477us total 26.951ms
08-06 17:20:42.475 23700 23712 I art     : Starting a blocking GC Explicit
08-06 17:20:42.501 23700 23712 I art     : Explicit concurrent mark sweep GC freed 1343(78KB) AllocSpace objects, 1(20KB) LOS objects, 23% free, 52MB/68MB, paused 484us total 25.126ms
08-06 17:20:42.511 23700 23712 I art     : Starting a blocking GC Explicit
08-06 17:20:42.535 23700 23712 I art     : Explicit concurrent mark sweep GC freed 20(704B) AllocSpace objects, 0(0B) LOS objects, 23% free, 52MB/68MB, paused 479us total 23.928ms
08-06 17:20:42.546 23700 23712 I art     : Starting a blocking GC Explicit
08-06 17:20:42.571 23700 23712 I art     : Explicit concurrent mark sweep GC freed 3(96B) AllocSpace objects, 0(0B) LOS objects, 23% free, 52MB/68MB, paused 482us total 24.075ms
08-06 17:20:42.581 23700 23712 I art     : Starting a blocking GC Explicit
08-06 17:20:42.607 23700 23712 I art     : Explicit concurrent mark sweep GC freed 3(96B) AllocSpace objects, 0(0B) LOS objects, 23% free, 52MB/68MB, paused 549us total 25.066ms
08-06 17:20:42.618 23700 23712 I art     : Starting a blocking GC Explicit
08-06 17:20:42.643 23700 23712 I art     : Explicit concurrent mark sweep GC freed 3(96B) AllocSpace objects, 0(0B) LOS objects, 23% free, 52MB/68MB, paused 495us total 25.612ms
08-06 17:20:42.797 24765 24765 D AndroidRuntime: >>>>>> START com.android.internal.os.RuntimeInit uid 2000 <<<<<<
08-06 17:20:42.804 24765 24765 D AndroidRuntime: CheckJNI is OFF
08-06 17:20:42.845 24765 24765 D ICU     : No timezone override file found: /data/misc/zoneinfo/current/icu/icu_tzdata.dat
08-06 17:20:42.887 24765 24765 I Radio-JNI: register_android_hardware_Radio DONE
08-06 17:20:42.915 24765 24765 D AndroidRuntime: Calling main entry com.android.commands.input.Input
08-06 17:20:42.917 24765 24765 I Input   : injectKeyEvent: KeyEvent { action=ACTION_DOWN, keyCode=KEYCODE_BACK, scanCode=0, metaState=0, flags=0x0, repeatCount=0, eventTime=897659330, downTime=897659330, deviceId=-1, source=0x101 }
08-06 17:20:42.922 24765 24765 I Input   : injectKeyEvent: KeyEvent { action=ACTION_UP, keyCode=KEYCODE_BACK, scanCode=0, metaState=0, flags=0x0, repeatCount=0, eventTime=897659330, downTime=897659330, deviceId=-1, source=0x101 }
08-06 17:20:42.928 24765 24765 D AndroidRuntime: Shutting down VM
08-06 17:20:42.954 23700 23713 I art     : Starting a blocking GC Explicit
08-06 17:20:42.972 13866 13866 I GoogleInputMethodServic: GoogleInputMethodService.onFinishInput():3138 
08-06 17:20:42.972 13866 13866 I GoogleInputMethodServic: GoogleInputMethodService.onStartInput():1808 
08-06 17:20:42.978 23700 23713 I art     : Explicit concurrent mark sweep GC freed 1485(84KB) AllocSpace objects, 1(20KB) LOS objects, 23% free, 52MB/68MB, paused 504us total 24.032ms
08-06 17:20:42.978 23700 23711 I art     : WaitForGcToComplete blocked for 8.047ms for cause HeapTrim
08-06 17:20:42.990 23700 23713 I art     : Starting a blocking GC Explicit
08-06 17:20:43.013 23700 23713 I art     : Explicit concurrent mark sweep GC freed 47(1728B) AllocSpace objects, 0(0B) LOS objects, 23% free, 52MB/68MB, paused 440us total 22.277ms
08-06 17:20:43.023 23700 23713 I art     : Starting a blocking GC Explicit
08-06 17:20:43.045 23700 23713 I art     : Explicit concurrent mark sweep GC freed 10(384B) AllocSpace objects, 0(0B) LOS objects, 23% free, 52MB/68MB, paused 442us total 21.462ms
08-06 17:20:43.055 23700 23713 I art     : Starting a blocking GC Explicit
08-06 17:20:43.076 23700 23713 I art     : Explicit concurrent mark sweep GC freed 3(96B) AllocSpace objects, 0(0B) LOS objects, 23% free, 52MB/68MB, paused 446us total 21.364ms
08-06 17:20:43.087 23700 23713 I art     : Starting a blocking GC Explicit
08-06 17:20:43.109 23700 23713 I art     : Explicit concurrent mark sweep GC freed 3(96B) AllocSpace objects, 0(0B) LOS objects, 23% free, 52MB/68MB, paused 449us total 22.148ms
08-06 17:20:43.281   380   380 W SurfaceFlinger: couldn't log to binary event log: overflow.
08-06 17:20:43.386 23700 23712 I art     : Starting a blocking GC Explicit
08-06 17:20:43.413 23700 23712 I art     : Explicit concurrent mark sweep GC freed 1452(87KB) AllocSpace objects, 1(20KB) LOS objects, 23% free, 52MB/68MB, paused 484us total 26.529ms
08-06 17:20:43.426 23700 23712 I art     : Starting a blocking GC Explicit
08-06 17:20:43.450 23700 23712 I art     : Explicit concurrent mark sweep GC freed 1672(106KB) AllocSpace objects, 3(400KB) LOS objects, 23% free, 51MB/67MB, paused 486us total 24.443ms
08-06 17:20:43.461 23700 23712 I art     : Starting a blocking GC Explicit
08-06 17:20:43.486 23700 23712 I art     : Explicit concurrent mark sweep GC freed 3(96B) AllocSpace objects, 0(0B) LOS objects, 23% free, 51MB/67MB, paused 474us total 23.955ms
08-06 17:20:43.497 23700 23712 I art     : Starting a blocking GC Explicit
08-06 17:20:43.521 23700 23712 I art     : Explicit concurrent mark sweep GC freed 3(96B) AllocSpace objects, 0(0B) LOS objects, 23% free, 51MB/67MB, paused 484us total 24.059ms
08-06 17:20:43.532 23700 23712 I art     : Starting a blocking GC Explicit
08-06 17:20:43.557 23700 23712 I art     : Explicit concurrent mark sweep GC freed 3(96B) AllocSpace objects, 0(0B) LOS objects, 23% free, 51MB/67MB, paused 465us total 24.212ms
08-06 17:20:43.857 23700 23713 I art     : Starting a blocking GC Explicit
08-06 17:20:43.888 23700 23713 I art     : Explicit concurrent mark sweep GC freed 1343(78KB) AllocSpace objects, 1(20KB) LOS objects, 23% free, 51MB/67MB, paused 550us total 31.231ms
08-06 17:20:43.902 23700 23713 I art     : Starting a blocking GC Explicit
08-06 17:20:43.926 23700 23713 I art     : Explicit concurrent mark sweep GC freed 20(704B) AllocSpace objects, 0(0B) LOS objects, 23% free, 51MB/67MB, paused 485us total 24.165ms
08-06 17:20:43.937 23700 23713 I art     : Starting a blocking GC Explicit
08-06 17:20:43.961 23700 23713 I art     : Explicit concurrent mark sweep GC freed 3(96B) AllocSpace objects, 0(0B) LOS objects, 23% free, 51MB/67MB, paused 459us total 24.233ms
08-06 17:20:43.972 23700 23713 I art     : Starting a blocking GC Explicit
08-06 17:20:43.997 23700 23713 I art     : Explicit concurrent mark sweep GC freed 3(96B) AllocSpace objects, 0(0B) LOS objects, 23% free, 51MB/67MB, paused 537us total 24.614ms
08-06 17:20:44.008 23700 23713 I art     : Starting a blocking GC Explicit
08-06 17:20:44.032 23700 23713 I art     : Explicit concurrent mark sweep GC freed 3(96B) AllocSpace objects, 0(0B) LOS objects, 23% free, 51MB/67MB, paused 448us total 24.094ms
08-06 17:20:44.305 23700 24467 I art     : Starting a blocking GC Explicit
08-06 17:20:44.330 23700 24467 I art     : Explicit concurrent mark sweep GC freed 1342(78KB) AllocSpace objects, 1(20KB) LOS objects, 23% free, 51MB/67MB, paused 513us total 24.815ms
08-06 17:20:44.344 23700 24467 I art     : Starting a blocking GC Explicit
08-06 17:20:44.368 23700 24467 I art     : Explicit concurrent mark sweep GC freed 20(704B) AllocSpace objects, 0(0B) LOS objects, 23% free, 51MB/67MB, paused 488us total 24.339ms
08-06 17:20:44.379 23700 24467 I art     : Starting a blocking GC Explicit
08-06 17:20:44.402 23700 24467 I art     : Explicit concurrent mark sweep GC freed 3(96B) AllocSpace objects, 0(0B) LOS objects, 23% free, 51MB/67MB, paused 485us total 22.902ms
08-06 17:20:44.403   918  3261 D WifiStateMachine: starting scan for "H369AA63323"WPA_PSK with 2412,5180
08-06 17:20:44.412 23700 24467 I art     : Starting a blocking GC Explicit
08-06 17:20:44.435 23700 24467 I art     : Explicit concurrent mark sweep GC freed 3(96B) AllocSpace objects, 0(0B) LOS objects, 23% free, 51MB/67MB, paused 511us total 22.815ms
08-06 17:20:44.446 23700 24467 I art     : Starting a blocking GC Explicit
08-06 17:20:44.469 23700 24467 I art     : Explicit concurrent mark sweep GC freed 3(96B) AllocSpace objects, 0(0B) LOS objects, 23% free, 51MB/67MB, paused 490us total 22.846ms
08-06 17:20:44.720 24820 24820 D AndroidRuntime: >>>>>> START com.android.internal.os.RuntimeInit uid 2000 <<<<<<
08-06 17:20:44.726 24820 24820 D AndroidRuntime: CheckJNI is OFF
08-06 17:20:44.750 23700 23736 I art     : Starting a blocking GC Explicit
08-06 17:20:44.772 24820 24820 D ICU     : No timezone override file found: /data/misc/zoneinfo/current/icu/icu_tzdata.dat
08-06 17:20:44.775 23700 23736 I art     : Explicit concurrent mark sweep GC freed 1342(78KB) AllocSpace objects, 1(20KB) LOS objects, 23% free, 51MB/67MB, paused 499us total 24.368ms
08-06 17:20:44.785 23700 23736 I art     : Starting a blocking GC Explicit
08-06 17:20:44.810 23700 23736 I art     : Explicit concurrent mark sweep GC freed 20(704B) AllocSpace objects, 0(0B) LOS objects, 23% free, 51MB/67MB, paused 490us total 24.741ms
08-06 17:20:44.820 24820 24820 I Radio-JNI: register_android_hardware_Radio DONE
08-06 17:20:44.821 23700 23736 I art     : Starting a blocking GC Explicit
08-06 17:20:44.845 23700 23736 I art     : Explicit concurrent mark sweep GC freed 3(96B) AllocSpace objects, 0(0B) LOS objects, 23% free, 51MB/67MB, paused 459us total 23.956ms
08-06 17:20:44.850 24820 24820 D AndroidRuntime: Calling main entry com.android.commands.input.Input
08-06 17:20:44.852 24820 24820 I Input   : injectMotionEvent: MotionEvent { action=ACTION_DOWN, actionButton=0, id[0]=0, x[0]=733.0, y[0]=1957.0, toolType[0]=TOOL_TYPE_UNKNOWN, buttonState=0, metaState=0, flags=0x0, edgeFlags=0x0, pointerCount=1, historySize=0, eventTime=897661265, downTime=897661265, deviceId=0, source=0x1002 }
08-06 17:20:44.856 23700 23736 I art     : Starting a blocking GC Explicit
08-06 17:20:44.861 24820 24820 I Input   : injectMotionEvent: MotionEvent { action=ACTION_UP, actionButton=0, id[0]=0, x[0]=733.0, y[0]=1957.0, toolType[0]=TOOL_TYPE_UNKNOWN, buttonState=0, metaState=0, flags=0x0, edgeFlags=0x0, pointerCount=1, historySize=0, eventTime=897661265, downTime=897661265, deviceId=0, source=0x1002 }
08-06 17:20:44.863   918  5132 I ActivityManager: START u0 {cmp=baseline.appteam.nith.hillffair/.activities.ClubActivity (has extras)} from uid 10697 on display 0
08-06 17:20:44.870 24820 24820 D AndroidRuntime: Shutting down VM
08-06 17:20:44.882 23700 23736 I art     : Explicit concurrent mark sweep GC freed 79(4KB) AllocSpace objects, 0(0B) LOS objects, 23% free, 51MB/67MB, paused 596us total 26.273ms
08-06 17:20:44.893 23700 23736 I art     : Starting a blocking GC Explicit
08-06 17:20:44.920 23700 23736 I art     : Explicit concurrent mark sweep GC freed 3404(216KB) AllocSpace objects, 0(0B) LOS objects, 23% free, 52MB/68MB, paused 1.544ms total 27.320ms
08-06 17:20:44.976 13866 13866 I GoogleInputMethodServic: GoogleInputMethodService.onFinishInput():3138 
08-06 17:20:44.976   918   936 I ActivityManager: Displayed baseline.appteam.nith.hillffair/.activities.ClubActivity: +105ms
08-06 17:20:44.977 13866 13866 I GoogleInputMethodServic: GoogleInputMethodService.onStartInput():1808 
08-06 17:20:45.186 23700 23713 I art     : Starting a blocking GC Explicit
08-06 17:20:45.209 23700 23713 I art     : Explicit concurrent mark sweep GC freed 1978(119KB) AllocSpace objects, 1(20KB) LOS objects, 23% free, 52MB/68MB, paused 501us total 23.009ms
08-06 17:20:45.219 23700 23713 I art     : Starting a blocking GC Explicit
08-06 17:20:45.233   380   380 W SurfaceFlinger: couldn't log to binary event log: overflow.
08-06 17:20:45.242 23700 23713 I art     : Explicit concurrent mark sweep GC freed 57(2736B) AllocSpace objects, 0(0B) LOS objects, 23% free, 52MB/68MB, paused 495us total 22ms
08-06 17:20:45.252 23700 23713 I art     : Starting a blocking GC Explicit
08-06 17:20:45.273 23700 23713 I art     : Explicit concurrent mark sweep GC freed 3(96B) AllocSpace objects, 0(0B) LOS objects, 23% free, 52MB/68MB, paused 485us total 21.507ms
08-06 17:20:45.283 23700 23713 I art     : Starting a blocking GC Explicit
08-06 17:20:45.305 23700 23713 I art     : Explicit concurrent mark sweep GC freed 3(96B) AllocSpace objects, 0(0B) LOS objects, 23% free, 52MB/68MB, paused 487us total 21.335ms
08-06 17:20:45.315 23700 23713 I art     : Starting a blocking GC Explicit
08-06 17:20:45.337 23700 23713 I art     : Explicit concurrent mark sweep GC freed 3(96B) AllocSpace objects, 0(0B) LOS objects, 23% free, 52MB/68MB, paused 507us total 21.734ms
08-06 17:20:45.626 23700 24467 I art     : Starting a blocking GC Explicit
08-06 17:20:45.652 23700 24467 I art     : Explicit concurrent mark sweep GC freed 1493(86KB) AllocSpace objects, 1(20KB) LOS objects, 23% free, 52MB/68MB, paused 575us total 25.411ms
08-06 17:20:45.663 23700 24467 I art     : Starting a blocking GC Explicit
08-06 17:20:45.687 23700 24467 I art     : Explicit concurrent mark sweep GC freed 65(2240B) AllocSpace objects, 0(0B) LOS objects, 23% free, 52MB/68MB, paused 537us total 24.602ms
08-06 17:20:45.698 23700 24467 I art     : Starting a blocking GC Explicit
08-06 17:20:45.724 23700 24467 I art     : Explicit concurrent mark sweep GC freed 1063(73KB) AllocSpace objects, 2(120KB) LOS objects, 23% free, 52MB/68MB, paused 910us total 25.406ms
08-06 17:20:45.734 23700 24467 I art     : Starting a blocking GC Explicit
08-06 17:20:45.737 23700 24853 D OkHttp  : --> GET https://api-hillfair-2k16.herokuapp.com/api/app/events/special/event?id=58065620dcba0f490c70fe09 http/1.1
08-06 17:20:45.759 23700 24467 I art     : Explicit concurrent mark sweep GC freed 2331(159KB) AllocSpace objects, 1(80KB) LOS objects, 23% free, 52MB/68MB, paused 579us total 24.870ms
08-06 17:20:45.770 23700 24467 I art     : Starting a blocking GC Explicit
08-06 17:20:45.773 23700 24853 D OkHttp  : <-- 200 OK https://api-hillfair-2k16.herokuapp.com/api/app/events/special/event?id=58065620dcba0f490c70fe09 (35ms, 682-byte body)
08-06 17:20:45.795 23700 24467 I art     : Explicit concurrent mark sweep GC freed 319(49KB) AllocSpace objects, 0(0B) LOS objects, 23% free, 52MB/68MB, paused 590us total 24.743ms
08-06 17:20:45.820 23700 23700 I NAPPA_EXPERIMENTATION: MetricNetworkRequestExecutionTime: REQUEST_DURATION_SYSTEM='912',REQUEST_DURATION_OKHTTP='35',REQUEST_SYNCHRONOUS='FALSE',RESPONSE_CODE='200',RESPONSE_METHOD='GET',RESPONSE_LENGTH_OKHTTP='682',RESPONSE_LENGTH_HEADER='682',REQUEST_PROTOCOL='http/1.1',REQUEST_URL='https://api-hillfair-2k16.herokuapp.com/api/app/events/special/event?id=58065620dcba0f490c70fe09',
08-06 17:20:46.090 23700 24467 I art     : Starting a blocking GC Explicit
08-06 17:20:46.116 23700 24467 I art     : Explicit concurrent mark sweep GC freed 2023(144KB) AllocSpace objects, 1(20KB) LOS objects, 23% free, 52MB/68MB, paused 501us total 25.975ms
08-06 17:20:46.127 23700 24467 I art     : Starting a blocking GC Explicit
08-06 17:20:46.152 23700 24467 I art     : Explicit concurrent mark sweep GC freed 69(2304B) AllocSpace objects, 0(0B) LOS objects, 23% free, 52MB/68MB, paused 478us total 24.710ms
08-06 17:20:46.164 23700 24467 I art     : Starting a blocking GC Explicit
08-06 17:20:46.189 23700 24467 I art     : Explicit concurrent mark sweep GC freed 3(96B) AllocSpace objects, 0(0B) LOS objects, 23% free, 52MB/68MB, paused 506us total 24.754ms
08-06 17:20:46.200 23700 24467 I art     : Starting a blocking GC Explicit
08-06 17:20:46.224 23700 24467 I art     : Explicit concurrent mark sweep GC freed 19(656B) AllocSpace objects, 0(0B) LOS objects, 23% free, 52MB/68MB, paused 506us total 23.271ms
08-06 17:20:46.234 23700 24467 I art     : Starting a blocking GC Explicit
08-06 17:20:46.259 23700 24467 I art     : Explicit concurrent mark sweep GC freed 3(96B) AllocSpace objects, 0(0B) LOS objects, 23% free, 52MB/68MB, paused 504us total 25.045ms
08-06 17:20:46.557 23700 23713 I art     : Starting a blocking GC Explicit
08-06 17:20:46.588 23700 23713 I art     : Explicit concurrent mark sweep GC freed 1343(78KB) AllocSpace objects, 1(20KB) LOS objects, 23% free, 52MB/68MB, paused 543us total 30.244ms
08-06 17:20:46.600 23700 23713 I art     : Starting a blocking GC Explicit
08-06 17:20:46.628 23700 23713 I art     : Explicit concurrent mark sweep GC freed 20(704B) AllocSpace objects, 0(0B) LOS objects, 23% free, 52MB/68MB, paused 527us total 27.866ms
08-06 17:20:46.640 23700 23713 I art     : Starting a blocking GC Explicit
08-06 17:20:46.665 23700 23713 I art     : Explicit concurrent mark sweep GC freed 3(96B) AllocSpace objects, 0(0B) LOS objects, 23% free, 52MB/68MB, paused 472us total 25.398ms
08-06 17:20:46.677 23700 23713 I art     : Starting a blocking GC Explicit
08-06 17:20:46.705 23700 23713 I art     : Explicit concurrent mark sweep GC freed 3(96B) AllocSpace objects, 0(0B) LOS objects, 23% free, 52MB/68MB, paused 505us total 27.848ms
08-06 17:20:46.716 23700 23713 I art     : Starting a blocking GC Explicit
08-06 17:20:46.744 23700 23713 I art     : Explicit concurrent mark sweep GC freed 3(96B) AllocSpace objects, 0(0B) LOS objects, 23% free, 52MB/68MB, paused 502us total 27.837ms
08-06 17:20:47.084 23700 23712 I art     : Starting a blocking GC Explicit
08-06 17:20:47.112 23700 23712 I art     : Explicit concurrent mark sweep GC freed 1343(78KB) AllocSpace objects, 1(20KB) LOS objects, 23% free, 52MB/68MB, paused 499us total 28.295ms
08-06 17:20:47.123 23700 23712 I art     : Starting a blocking GC Explicit
08-06 17:20:47.147 23700 23712 I art     : Explicit concurrent mark sweep GC freed 20(704B) AllocSpace objects, 0(0B) LOS objects, 23% free, 52MB/68MB, paused 576us total 23.840ms
08-06 17:20:47.157 23700 23712 I art     : Starting a blocking GC Explicit
08-06 17:20:47.181 23700 23712 I art     : Explicit concurrent mark sweep GC freed 3(96B) AllocSpace objects, 0(0B) LOS objects, 23% free, 52MB/68MB, paused 511us total 23.774ms
08-06 17:20:47.192 23700 23712 I art     : Starting a blocking GC Explicit
08-06 17:20:47.216 23700 23712 I art     : Explicit concurrent mark sweep GC freed 3(96B) AllocSpace objects, 0(0B) LOS objects, 23% free, 52MB/68MB, paused 509us total 23.830ms
08-06 17:20:47.226 23700 23712 I art     : Starting a blocking GC Explicit
08-06 17:20:47.252 23700 23712 I art     : Explicit concurrent mark sweep GC freed 3(96B) AllocSpace objects, 0(0B) LOS objects, 23% free, 52MB/68MB, paused 518us total 25.018ms
08-06 17:20:47.565 23700 23736 I art     : Starting a blocking GC Explicit
08-06 17:20:47.593 23700 23736 I art     : Explicit concurrent mark sweep GC freed 1343(78KB) AllocSpace objects, 1(20KB) LOS objects, 23% free, 52MB/68MB, paused 553us total 28.002ms
08-06 17:20:47.606 23700 23736 I art     : Starting a blocking GC Explicit
08-06 17:20:47.632 23700 23736 I art     : Explicit concurrent mark sweep GC freed 20(704B) AllocSpace objects, 0(0B) LOS objects, 23% free, 52MB/68MB, paused 523us total 25.637ms
08-06 17:20:47.643 23700 23736 I art     : Starting a blocking GC Explicit
08-06 17:20:47.651 24905 24905 D AndroidRuntime: >>>>>> START com.android.internal.os.RuntimeInit uid 2000 <<<<<<
08-06 17:20:47.657 24905 24905 D AndroidRuntime: CheckJNI is OFF
08-06 17:20:47.670 23700 23736 I art     : Explicit concurrent mark sweep GC freed 3(96B) AllocSpace objects, 0(0B) LOS objects, 23% free, 52MB/68MB, paused 510us total 26.151ms
08-06 17:20:47.680 23700 23736 I art     : Starting a blocking GC Explicit
08-06 17:20:47.703 24905 24905 D ICU     : No timezone override file found: /data/misc/zoneinfo/current/icu/icu_tzdata.dat
08-06 17:20:47.706 23700 23736 I art     : Explicit concurrent mark sweep GC freed 3(96B) AllocSpace objects, 0(0B) LOS objects, 23% free, 52MB/68MB, paused 529us total 25.294ms
08-06 17:20:47.717 23700 23736 I art     : Starting a blocking GC Explicit
08-06 17:20:47.743 23700 23736 I art     : Explicit concurrent mark sweep GC freed 3(96B) AllocSpace objects, 0(0B) LOS objects, 23% free, 52MB/68MB, paused 502us total 25.278ms
08-06 17:20:47.751 24905 24905 I Radio-JNI: register_android_hardware_Radio DONE
08-06 17:20:47.780 24905 24905 D AndroidRuntime: Calling main entry com.android.commands.input.Input
08-06 17:20:47.782 24905 24905 I Input   : injectKeyEvent: KeyEvent { action=ACTION_DOWN, keyCode=KEYCODE_BACK, scanCode=0, metaState=0, flags=0x0, repeatCount=0, eventTime=897664195, downTime=897664195, deviceId=-1, source=0x101 }
08-06 17:20:47.788 24905 24905 I Input   : injectKeyEvent: KeyEvent { action=ACTION_UP, keyCode=KEYCODE_BACK, scanCode=0, metaState=0, flags=0x0, repeatCount=0, eventTime=897664195, downTime=897664195, deviceId=-1, source=0x101 }
08-06 17:20:47.794 24905 24905 D AndroidRuntime: Shutting down VM
08-06 17:20:47.829 13866 13866 I GoogleInputMethodServic: GoogleInputMethodService.onFinishInput():3138 
08-06 17:20:47.830 13866 13866 I GoogleInputMethodServic: GoogleInputMethodService.onStartInput():1808 
08-06 17:20:48.021 23700 23713 I art     : Starting a blocking GC Explicit
08-06 17:20:48.052 23700 23713 I art     : Explicit concurrent mark sweep GC freed 1513(85KB) AllocSpace objects, 1(20KB) LOS objects, 23% free, 52MB/68MB, paused 501us total 30.695ms
08-06 17:20:48.065 23700 23713 I art     : Starting a blocking GC Explicit
08-06 17:20:48.093 23700 23713 I art     : Explicit concurrent mark sweep GC freed 26(944B) AllocSpace objects, 0(0B) LOS objects, 23% free, 52MB/68MB, paused 526us total 27.973ms
08-06 17:20:48.106 23700 23713 I art     : Starting a blocking GC Explicit
08-06 17:20:48.131 23700 23713 I art     : Explicit concurrent mark sweep GC freed 3(96B) AllocSpace objects, 0(0B) LOS objects, 23% free, 52MB/68MB, paused 468us total 25.341ms
08-06 17:20:48.136   380   380 W SurfaceFlinger: couldn't log to binary event log: overflow.
08-06 17:20:48.143 23700 23713 I art     : Starting a blocking GC Explicit
08-06 17:20:48.167 23700 23713 I art     : Explicit concurrent mark sweep GC freed 112(8KB) AllocSpace objects, 0(0B) LOS objects, 23% free, 52MB/68MB, paused 489us total 23.790ms
08-06 17:20:48.178 23700 23713 I art     : Starting a blocking GC Explicit
08-06 17:20:48.201 23700 23713 I art     : Explicit concurrent mark sweep GC freed 1655(106KB) AllocSpace objects, 3(400KB) LOS objects, 23% free, 52MB/68MB, paused 468us total 22.816ms
08-06 17:20:48.510 23700 23712 I art     : Starting a blocking GC Explicit
08-06 17:20:48.546 23700 23712 I art     : Explicit concurrent mark sweep GC freed 1343(78KB) AllocSpace objects, 1(20KB) LOS objects, 23% free, 52MB/68MB, paused 601us total 35.593ms
08-06 17:20:48.562 23700 23712 I art     : Starting a blocking GC Explicit
08-06 17:20:48.587 23700 23712 I art     : Explicit concurrent mark sweep GC freed 20(704B) AllocSpace objects, 0(0B) LOS objects, 23% free, 52MB/68MB, paused 610us total 24.688ms
08-06 17:20:48.598 23700 23712 I art     : Starting a blocking GC Explicit
08-06 17:20:48.623 23700 23712 I art     : Explicit concurrent mark sweep GC freed 3(96B) AllocSpace objects, 0(0B) LOS objects, 23% free, 52MB/68MB, paused 511us total 24.413ms
08-06 17:20:48.634 23700 23712 I art     : Starting a blocking GC Explicit
08-06 17:20:48.658 23700 23712 I art     : Explicit concurrent mark sweep GC freed 3(96B) AllocSpace objects, 0(0B) LOS objects, 23% free, 52MB/68MB, paused 512us total 24.171ms
08-06 17:20:48.669 23700 23712 I art     : Starting a blocking GC Explicit
08-06 17:20:48.693 23700 23712 I art     : Explicit concurrent mark sweep GC freed 3(96B) AllocSpace objects, 0(0B) LOS objects, 23% free, 52MB/68MB, paused 504us total 23.947ms
08-06 17:20:48.995 23700 23736 I art     : Starting a blocking GC Explicit
08-06 17:20:49.025 23700 23736 I art     : Explicit concurrent mark sweep GC freed 1342(78KB) AllocSpace objects, 1(20KB) LOS objects, 23% free, 52MB/68MB, paused 505us total 30.112ms
08-06 17:20:49.040 23700 23736 I art     : Starting a blocking GC Explicit
08-06 17:20:49.064 23700 23736 I art     : Explicit concurrent mark sweep GC freed 20(704B) AllocSpace objects, 0(0B) LOS objects, 23% free, 52MB/68MB, paused 473us total 23.481ms
08-06 17:20:49.075 23700 23736 I art     : Starting a blocking GC Explicit
08-06 17:20:49.098 23700 23736 I art     : Explicit concurrent mark sweep GC freed 3(96B) AllocSpace objects, 0(0B) LOS objects, 23% free, 52MB/68MB, paused 494us total 23.283ms
08-06 17:20:49.109 23700 23736 I art     : Starting a blocking GC Explicit
08-06 17:20:49.132 23700 23736 I art     : Explicit concurrent mark sweep GC freed 3(96B) AllocSpace objects, 0(0B) LOS objects, 23% free, 52MB/68MB, paused 492us total 22.996ms
08-06 17:20:49.143 23700 23736 I art     : Starting a blocking GC Explicit
08-06 17:20:49.166 23700 23736 I art     : Explicit concurrent mark sweep GC freed 3(96B) AllocSpace objects, 0(0B) LOS objects, 23% free, 52MB/68MB, paused 501us total 23.603ms
08-06 17:20:49.457 23700 23712 I art     : Starting a blocking GC Explicit
08-06 17:20:49.481 23700 23712 I art     : Explicit concurrent mark sweep GC freed 1342(78KB) AllocSpace objects, 1(20KB) LOS objects, 23% free, 52MB/68MB, paused 527us total 23.894ms
08-06 17:20:49.491 23700 23712 I art     : Starting a blocking GC Explicit
08-06 17:20:49.515 23700 23712 I art     : Explicit concurrent mark sweep GC freed 38(1376B) AllocSpace objects, 0(0B) LOS objects, 23% free, 52MB/68MB, paused 520us total 23.424ms
08-06 17:20:49.525 23700 23712 I art     : Starting a blocking GC Explicit
08-06 17:20:49.549 23700 23712 I art     : Explicit concurrent mark sweep GC freed 3(96B) AllocSpace objects, 0(0B) LOS objects, 23% free, 52MB/68MB, paused 501us total 23.273ms
08-06 17:20:49.559 23700 23712 I art     : Starting a blocking GC Explicit
08-06 17:20:49.584 23700 23712 I art     : Explicit concurrent mark sweep GC freed 3(96B) AllocSpace objects, 0(0B) LOS objects, 23% free, 52MB/68MB, paused 533us total 24.066ms
08-06 17:20:49.594 24958 24958 D AndroidRuntime: >>>>>> START com.android.internal.os.RuntimeInit uid 2000 <<<<<<
08-06 17:20:49.595 23700 23712 I art     : Starting a blocking GC Explicit
08-06 17:20:49.601 24958 24958 D AndroidRuntime: CheckJNI is OFF
08-06 17:20:49.620 23700 23712 I art     : Explicit concurrent mark sweep GC freed 3(96B) AllocSpace objects, 0(0B) LOS objects, 23% free, 52MB/68MB, paused 518us total 24.895ms
08-06 17:20:49.648 24958 24958 D ICU     : No timezone override file found: /data/misc/zoneinfo/current/icu/icu_tzdata.dat
08-06 17:20:49.693 24958 24958 I Radio-JNI: register_android_hardware_Radio DONE
08-06 17:20:49.722 24958 24958 D AndroidRuntime: Calling main entry com.android.commands.input.Input
08-06 17:20:49.725 24958 24958 I Input   : injectMotionEvent: MotionEvent { action=ACTION_DOWN, actionButton=0, id[0]=0, x[0]=733.0, y[0]=645.0, toolType[0]=TOOL_TYPE_UNKNOWN, buttonState=0, metaState=0, flags=0x0, edgeFlags=0x0, pointerCount=1, historySize=0, eventTime=897666137, downTime=897666137, deviceId=0, source=0x1002 }
08-06 17:20:49.731 24958 24958 I Input   : injectMotionEvent: MotionEvent { action=ACTION_UP, actionButton=0, id[0]=0, x[0]=733.0, y[0]=645.0, toolType[0]=TOOL_TYPE_UNKNOWN, buttonState=0, metaState=0, flags=0x0, edgeFlags=0x0, pointerCount=1, historySize=0, eventTime=897666137, downTime=897666137, deviceId=0, source=0x1002 }
08-06 17:20:49.733   918  6111 I ActivityManager: START u0 {cmp=baseline.appteam.nith.hillffair/.activities.ClubActivity (has extras)} from uid 10697 on display 0
08-06 17:20:49.740 24958 24958 D AndroidRuntime: Shutting down VM
08-06 17:20:49.816   918  3188 I hubconnection: sensorhub said: 'set_bias 3: -4.8960, 0.0000, 0.0000'
08-06 17:20:49.855   918   936 I ActivityManager: Displayed baseline.appteam.nith.hillffair/.activities.ClubActivity: +114ms
08-06 17:20:49.858 13866 13866 I GoogleInputMethodServic: GoogleInputMethodService.onFinishInput():3138 
08-06 17:20:49.859 13866 13866 I GoogleInputMethodServic: GoogleInputMethodService.onStartInput():1808 
08-06 17:20:49.898 23700 23736 I art     : Starting a blocking GC Explicit
08-06 17:20:49.922 23700 23736 I art     : Explicit concurrent mark sweep GC freed 5286(330KB) AllocSpace objects, 1(20KB) LOS objects, 23% free, 52MB/68MB, paused 536us total 23.156ms
08-06 17:20:49.932 23700 23736 I art     : Starting a blocking GC Explicit
08-06 17:20:49.961 23700 23736 I art     : Explicit concurrent mark sweep GC freed 209(9KB) AllocSpace objects, 0(0B) LOS objects, 23% free, 52MB/68MB, paused 682us total 28.508ms
08-06 17:20:49.973 23700 23736 I art     : Starting a blocking GC Explicit
08-06 17:20:50.001 23700 23736 I art     : Explicit concurrent mark sweep GC freed 3(96B) AllocSpace objects, 0(0B) LOS objects, 23% free, 52MB/68MB, paused 598us total 27.312ms
08-06 17:20:50.013 23700 23736 I art     : Starting a blocking GC Explicit
08-06 17:20:50.043 23700 23736 I art     : Explicit concurrent mark sweep GC freed 3(96B) AllocSpace objects, 0(0B) LOS objects, 23% free, 52MB/68MB, paused 707us total 29.080ms
08-06 17:20:50.057 23700 23736 I art     : Starting a blocking GC Explicit
08-06 17:20:50.088 23700 23736 I art     : Explicit concurrent mark sweep GC freed 3(96B) AllocSpace objects, 0(0B) LOS objects, 23% free, 52MB/68MB, paused 588us total 30.214ms
08-06 17:20:50.106   380   380 W SurfaceFlinger: couldn't log to binary event log: overflow.
08-06 17:20:50.389 23700 23713 I art     : Starting a blocking GC Explicit
08-06 17:20:50.416 23700 23713 I art     : Explicit concurrent mark sweep GC freed 1474(85KB) AllocSpace objects, 1(20KB) LOS objects, 23% free, 52MB/68MB, paused 566us total 25.998ms
08-06 17:20:50.427 23700 23713 I art     : Starting a blocking GC Explicit
08-06 17:20:50.453 23700 24983 D OkHttp  : --> GET https://api-hillfair-2k16.herokuapp.com/api/app/events/special/event?id=5806551bdcba0f490c70fd1f http/1.1
08-06 17:20:50.453 23700 23713 I art     : Explicit concurrent mark sweep GC freed 2548(130KB) AllocSpace objects, 2(120KB) LOS objects, 23% free, 52MB/68MB, paused 763us total 26.534ms
08-06 17:20:50.464 23700 23713 I art     : Starting a blocking GC Explicit
08-06 17:20:50.485 23700 24983 D OkHttp  : <-- 200 OK https://api-hillfair-2k16.herokuapp.com/api/app/events/special/event?id=5806551bdcba0f490c70fd1f (31ms, 795-byte body)
08-06 17:20:50.489 23700 23713 I art     : Explicit concurrent mark sweep GC freed 1142(145KB) AllocSpace objects, 1(80KB) LOS objects, 23% free, 52MB/68MB, paused 571us total 24.251ms
08-06 17:20:50.499 23700 23713 I art     : Starting a blocking GC Explicit
08-06 17:20:50.523 23700 23713 I art     : Explicit concurrent mark sweep GC freed 183(12KB) AllocSpace objects, 0(0B) LOS objects, 23% free, 52MB/68MB, paused 577us total 23.302ms
08-06 17:20:50.525 23700 23700 I NAPPA_EXPERIMENTATION: MetricNetworkRequestExecutionTime: REQUEST_DURATION_SYSTEM='751',REQUEST_DURATION_OKHTTP='31',REQUEST_SYNCHRONOUS='FALSE',RESPONSE_CODE='200',RESPONSE_METHOD='GET',RESPONSE_LENGTH_OKHTTP='795',RESPONSE_LENGTH_HEADER='795',REQUEST_PROTOCOL='http/1.1',REQUEST_URL='https://api-hillfair-2k16.herokuapp.com/api/app/events/special/event?id=5806551bdcba0f490c70fd1f',
08-06 17:20:50.533 23700 23713 I art     : Starting a blocking GC Explicit
08-06 17:20:50.557 23700 23713 I art     : Explicit concurrent mark sweep GC freed 558(62KB) AllocSpace objects, 0(0B) LOS objects, 23% free, 52MB/68MB, paused 816us total 23.985ms
08-06 17:20:50.745 16668 16668 I Atfwd_Sendcmd: AtCmdFwd service not ready - Exhausted retry attempts - :6
08-06 17:20:50.746 16668 16668 I Atfwd_Daemon: result : -1 	 ,Init step :2 	 ,qmiErrorCode: 0
08-06 17:20:50.856 23700 24467 I art     : Starting a blocking GC Explicit
08-06 17:20:50.883 23700 24467 I art     : Explicit concurrent mark sweep GC freed 1389(79KB) AllocSpace objects, 1(20KB) LOS objects, 23% free, 52MB/68MB, paused 548us total 26.602ms
08-06 17:20:50.894 23700 24467 I art     : Starting a blocking GC Explicit
08-06 17:20:50.919 23700 24467 I art     : Explicit concurrent mark sweep GC freed 20(704B) AllocSpace objects, 0(0B) LOS objects, 23% free, 52MB/68MB, paused 540us total 25.154ms
08-06 17:20:50.930 23700 24467 I art     : Starting a blocking GC Explicit
08-06 17:20:50.955 23700 24467 I art     : Explicit concurrent mark sweep GC freed 19(656B) AllocSpace objects, 0(0B) LOS objects, 23% free, 52MB/68MB, paused 543us total 24.677ms
08-06 17:20:50.966 23700 24467 I art     : Starting a blocking GC Explicit
08-06 17:20:50.992 23700 24467 I art     : Explicit concurrent mark sweep GC freed 3(96B) AllocSpace objects, 0(0B) LOS objects, 23% free, 52MB/68MB, paused 539us total 25.432ms
08-06 17:20:51.003 23700 24467 I art     : Starting a blocking GC Explicit
08-06 17:20:51.029 23700 24467 I art     : Explicit concurrent mark sweep GC freed 3(96B) AllocSpace objects, 0(0B) LOS objects, 23% free, 52MB/68MB, paused 543us total 25.906ms
08-06 17:20:51.350 23700 23736 I art     : Starting a blocking GC Explicit
08-06 17:20:51.387 23700 23736 I art     : Explicit concurrent mark sweep GC freed 1343(78KB) AllocSpace objects, 1(20KB) LOS objects, 23% free, 52MB/68MB, paused 693us total 35.713ms
08-06 17:20:51.403 23700 23736 I art     : Starting a blocking GC Explicit
08-06 17:20:51.436 23700 23736 I art     : Explicit concurrent mark sweep GC freed 20(704B) AllocSpace objects, 0(0B) LOS objects, 23% free, 52MB/68MB, paused 691us total 32.485ms
08-06 17:20:51.452 23700 23736 I art     : Starting a blocking GC Explicit
08-06 17:20:51.485 23700 23736 I art     : Explicit concurrent mark sweep GC freed 3(96B) AllocSpace objects, 0(0B) LOS objects, 23% free, 52MB/68MB, paused 711us total 32.755ms
08-06 17:20:51.501 23700 23736 I art     : Starting a blocking GC Explicit
08-06 17:20:51.534 23700 23736 I art     : Explicit concurrent mark sweep GC freed 3(96B) AllocSpace objects, 0(0B) LOS objects, 23% free, 52MB/68MB, paused 676us total 32.757ms
08-06 17:20:51.551 23700 23736 I art     : Starting a blocking GC Explicit
08-06 17:20:51.584 23700 23736 I art     : Explicit concurrent mark sweep GC freed 3(96B) AllocSpace objects, 0(0B) LOS objects, 23% free, 52MB/68MB, paused 749us total 32.663ms
08-06 17:20:51.957 23700 23713 I art     : Starting a blocking GC Explicit
08-06 17:20:52.002 23700 23713 I art     : Explicit concurrent mark sweep GC freed 1343(78KB) AllocSpace objects, 1(20KB) LOS objects, 23% free, 52MB/68MB, paused 836us total 45.216ms
08-06 17:20:52.023 23700 23713 I art     : Starting a blocking GC Explicit
08-06 17:20:52.062 23700 23713 I art     : Explicit concurrent mark sweep GC freed 20(704B) AllocSpace objects, 0(0B) LOS objects, 23% free, 52MB/68MB, paused 1.149ms total 39.038ms
08-06 17:20:52.082 23700 23713 I art     : Starting a blocking GC Explicit
08-06 17:20:52.117 23700 23713 I art     : Explicit concurrent mark sweep GC freed 3(96B) AllocSpace objects, 0(0B) LOS objects, 23% free, 52MB/68MB, paused 674us total 34.620ms
08-06 17:20:52.133 23700 23713 I art     : Starting a blocking GC Explicit
08-06 17:20:52.166 23700 23713 I art     : Explicit concurrent mark sweep GC freed 3(96B) AllocSpace objects, 0(0B) LOS objects, 23% free, 52MB/68MB, paused 680us total 32.285ms
08-06 17:20:52.182 23700 23713 I art     : Starting a blocking GC Explicit
08-06 17:20:52.215 23700 23713 I art     : Explicit concurrent mark sweep GC freed 3(96B) AllocSpace objects, 0(0B) LOS objects, 23% free, 52MB/68MB, paused 1.121ms total 32.996ms
08-06 17:20:52.240   518   646 I ThermalEngine: ACTION: GPU - Setting GPU[0] to 390000000
08-06 17:20:52.541 23700 23712 I art     : Starting a blocking GC Explicit
08-06 17:20:52.581 23700 23712 I art     : Explicit concurrent mark sweep GC freed 1343(78KB) AllocSpace objects, 1(20KB) LOS objects, 23% free, 52MB/68MB, paused 1.080ms total 39.723ms
08-06 17:20:52.597 23700 23712 I art     : Starting a blocking GC Explicit
08-06 17:20:52.630 23700 23712 I art     : Explicit concurrent mark sweep GC freed 20(704B) AllocSpace objects, 0(0B) LOS objects, 23% free, 52MB/68MB, paused 723us total 32.776ms
08-06 17:20:52.647 23700 23712 I art     : Starting a blocking GC Explicit
08-06 17:20:52.679 23700 23712 I art     : Explicit concurrent mark sweep GC freed 3(96B) AllocSpace objects, 0(0B) LOS objects, 23% free, 52MB/68MB, paused 777us total 32.541ms
08-06 17:20:52.696 23700 23712 I art     : Starting a blocking GC Explicit
08-06 17:20:52.729 23700 23712 I art     : Explicit concurrent mark sweep GC freed 3(96B) AllocSpace objects, 0(0B) LOS objects, 23% free, 52MB/68MB, paused 825us total 33.153ms
08-06 17:20:52.745 23700 23712 I art     : Starting a blocking GC Explicit
08-06 17:20:52.779 23700 23712 I art     : Explicit concurrent mark sweep GC freed 3(96B) AllocSpace objects, 0(0B) LOS objects, 23% free, 52MB/68MB, paused 855us total 32.886ms
08-06 17:20:53.111 23700 24467 I art     : Starting a blocking GC Explicit
08-06 17:20:53.156 23700 24467 I art     : Explicit concurrent mark sweep GC freed 1343(78KB) AllocSpace objects, 1(20KB) LOS objects, 23% free, 52MB/68MB, paused 1.460ms total 44.473ms
08-06 17:20:53.176 23700 24467 I art     : Starting a blocking GC Explicit
08-06 17:20:53.215 23700 24467 I art     : Explicit concurrent mark sweep GC freed 20(704B) AllocSpace objects, 0(0B) LOS objects, 23% free, 52MB/68MB, paused 822us total 38.475ms
08-06 17:20:53.235 23700 24467 I art     : Starting a blocking GC Explicit
08-06 17:20:53.246   518   646 I ThermalEngine: ACTION: GPU - Setting GPU[0] to 450000000
08-06 17:20:53.272 23700 24467 I art     : Explicit concurrent mark sweep GC freed 3(96B) AllocSpace objects, 0(0B) LOS objects, 23% free, 52MB/68MB, paused 764us total 36.709ms
08-06 17:20:53.287 23700 24467 I art     : Starting a blocking GC Explicit
08-06 17:20:53.313 23700 24467 I art     : Explicit concurrent mark sweep GC freed 3(96B) AllocSpace objects, 0(0B) LOS objects, 23% free, 52MB/68MB, paused 534us total 25.905ms
08-06 17:20:53.324 23700 24467 I art     : Starting a blocking GC Explicit
08-06 17:20:53.353 23700 24467 I art     : Explicit concurrent mark sweep GC freed 3(96B) AllocSpace objects, 0(0B) LOS objects, 23% free, 52MB/68MB, paused 551us total 28.004ms
08-06 17:20:53.685 23700 23736 I art     : Starting a blocking GC Explicit
08-06 17:20:53.717 23700 23736 I art     : Explicit concurrent mark sweep GC freed 1629(95KB) AllocSpace objects, 1(20KB) LOS objects, 23% free, 52MB/68MB, paused 639us total 31.790ms
08-06 17:20:53.731 23700 23736 I art     : Starting a blocking GC Explicit
08-06 17:20:53.759 23700 23736 I art     : Explicit concurrent mark sweep GC freed 31(1504B) AllocSpace objects, 0(0B) LOS objects, 23% free, 52MB/68MB, paused 603us total 27.688ms
08-06 17:20:53.770 23700 23736 I art     : Starting a blocking GC Explicit
08-06 17:20:53.799 23700 23736 I art     : Explicit concurrent mark sweep GC freed 1828(72KB) AllocSpace objects, 0(0B) LOS objects, 23% free, 52MB/68MB, paused 640us total 28.366ms
08-06 17:20:53.810 23700 23736 I art     : Starting a blocking GC Explicit
08-06 17:20:53.839 23700 23736 I art     : Explicit concurrent mark sweep GC freed 105(4KB) AllocSpace objects, 0(0B) LOS objects, 23% free, 52MB/68MB, paused 589us total 28.866ms
08-06 17:20:53.842 23700 25066 W OneSignal: OneSignalRestClient: POST Error thrown from network stack. 
08-06 17:20:53.842 23700 25066 W OneSignal: java.io.IOException: unexpected end of stream on Connection{api.onesignal.com:443, proxy=HTTP@192.168.2.12:8080 hostAddress=192.168.2.12 cipherSuite=TLS_ECDHE_RSA_WITH_AES_128_GCM_SHA256 protocol=http/1.1} (recycle count=0)
08-06 17:20:53.842 23700 25066 W OneSignal: 	at com.android.okhttp.internal.http.HttpConnection.readResponse(HttpConnection.java:210)
08-06 17:20:53.842 23700 25066 W OneSignal: 	at com.android.okhttp.internal.http.HttpTransport.readResponseHeaders(HttpTransport.java:80)
08-06 17:20:53.842 23700 25066 W OneSignal: 	at com.android.okhttp.internal.http.HttpEngine.readNetworkResponse(HttpEngine.java:904)
08-06 17:20:53.842 23700 25066 W OneSignal: 	at com.android.okhttp.internal.http.HttpEngine.readResponse(HttpEngine.java:788)
08-06 17:20:53.842 23700 25066 W OneSignal: 	at com.android.okhttp.internal.huc.HttpURLConnectionImpl.execute(HttpURLConnectionImpl.java:439)
08-06 17:20:53.842 23700 25066 W OneSignal: 	at com.android.okhttp.internal.huc.HttpURLConnectionImpl.getResponse(HttpURLConnectionImpl.java:384)
08-06 17:20:53.842 23700 25066 W OneSignal: 	at com.android.okhttp.internal.huc.HttpURLConnectionImpl.getResponseCode(HttpURLConnectionImpl.java:497)
08-06 17:20:53.842 23700 25066 W OneSignal: 	at com.android.okhttp.internal.huc.DelegatingHttpsURLConnection.getResponseCode(DelegatingHttpsURLConnection.java:105)
08-06 17:20:53.842 23700 25066 W OneSignal: 	at com.android.okhttp.internal.huc.HttpsURLConnectionImpl.getResponseCode(HttpsURLConnectionImpl.java)
08-06 17:20:53.842 23700 25066 W OneSignal: 	at com.onesignal.OneSignalRestClient.startHTTPConnection(OneSignalRestClient.java:180)
08-06 17:20:53.842 23700 25066 W OneSignal: 	at com.onesignal.OneSignalRestClient.access$100(OneSignalRestClient.java:44)
08-06 17:20:53.842 23700 25066 W OneSignal: 	at com.onesignal.OneSignalRestClient$4.run(OneSignalRestClient.java:110)
08-06 17:20:53.842 23700 25066 W OneSignal: 	at java.lang.Thread.run(Thread.java:818)
08-06 17:20:53.842 23700 25066 W OneSignal: Caused by: java.io.EOFException: \n not found: size=0 content=...
08-06 17:20:53.842 23700 25066 W OneSignal: 	at com.android.okhttp.okio.RealBufferedSource.readUtf8LineStrict(RealBufferedSource.java:200)
08-06 17:20:53.842 23700 25066 W OneSignal: 	at com.android.okhttp.internal.http.HttpConnection.readResponse(HttpConnection.java:191)
08-06 17:20:53.842 23700 25066 W OneSignal: 	... 12 more
08-06 17:20:53.844 23700 25067 W OneSignal: Failed last request. statusCode: -1
08-06 17:20:53.844 23700 25067 W OneSignal: response: null
08-06 17:20:53.850 23700 23736 I art     : Starting a blocking GC Explicit
08-06 17:20:53.877 23700 23736 I art     : Explicit concurrent mark sweep GC freed 379(71KB) AllocSpace objects, 0(0B) LOS objects, 23% free, 52MB/68MB, paused 726us total 26.791ms
08-06 17:20:54.164 23700 23713 I art     : Starting a blocking GC Explicit
08-06 17:20:54.197 23700 23713 I art     : Explicit concurrent mark sweep GC freed 1347(78KB) AllocSpace objects, 1(20KB) LOS objects, 23% free, 52MB/68MB, paused 596us total 31.996ms
08-06 17:20:54.209 23700 23713 I art     : Starting a blocking GC Explicit
08-06 17:20:54.236 23700 23713 I art     : Explicit concurrent mark sweep GC freed 20(704B) AllocSpace objects, 0(0B) LOS objects, 23% free, 52MB/68MB, paused 548us total 26.102ms
08-06 17:20:54.247 23700 23713 I art     : Starting a blocking GC Explicit
08-06 17:20:54.273 23700 23713 I art     : Explicit concurrent mark sweep GC freed 3(96B) AllocSpace objects, 0(0B) LOS objects, 23% free, 52MB/68MB, paused 531us total 26.173ms
08-06 17:20:54.284 23700 23713 I art     : Starting a blocking GC Explicit
08-06 17:20:54.311 23700 23713 I art     : Explicit concurrent mark sweep GC freed 3(96B) AllocSpace objects, 0(0B) LOS objects, 23% free, 52MB/68MB, paused 532us total 26.292ms
08-06 17:20:54.322 23700 23713 I art     : Starting a blocking GC Explicit
08-06 17:20:54.348 23700 23713 I art     : Explicit concurrent mark sweep GC freed 3(96B) AllocSpace objects, 0(0B) LOS objects, 23% free, 52MB/68MB, paused 542us total 26.075ms
08-06 17:20:54.557 25068 25068 D AndroidRuntime: >>>>>> START com.android.internal.os.RuntimeInit uid 2000 <<<<<<
08-06 17:20:54.564 25068 25068 D AndroidRuntime: CheckJNI is OFF
08-06 17:20:54.607 25068 25068 D ICU     : No timezone override file found: /data/misc/zoneinfo/current/icu/icu_tzdata.dat
08-06 17:20:54.649 25068 25068 I Radio-JNI: register_android_hardware_Radio DONE
08-06 17:20:54.678 25068 25068 D AndroidRuntime: Calling main entry com.android.commands.input.Input
08-06 17:20:54.680 25068 25068 I Input   : injectKeyEvent: KeyEvent { action=ACTION_DOWN, keyCode=KEYCODE_BACK, scanCode=0, metaState=0, flags=0x0, repeatCount=0, eventTime=897671093, downTime=897671093, deviceId=-1, source=0x101 }
08-06 17:20:54.685 25068 25068 I Input   : injectKeyEvent: KeyEvent { action=ACTION_UP, keyCode=KEYCODE_BACK, scanCode=0, metaState=0, flags=0x0, repeatCount=0, eventTime=897671093, downTime=897671093, deviceId=-1, source=0x101 }
08-06 17:20:54.691 25068 25068 D AndroidRuntime: Shutting down VM
08-06 17:20:54.693 23700 23736 I art     : Starting a blocking GC Explicit
08-06 17:20:54.719 23700 23736 I art     : Explicit concurrent mark sweep GC freed 1484(84KB) AllocSpace objects, 1(20KB) LOS objects, 23% free, 52MB/68MB, paused 575us total 25.720ms
08-06 17:20:54.730 23700 23736 I art     : Starting a blocking GC Explicit
08-06 17:20:54.735 13866 13866 I GoogleInputMethodServic: GoogleInputMethodService.onFinishInput():3138 
08-06 17:20:54.736 13866 13866 I GoogleInputMethodServic: GoogleInputMethodService.onStartInput():1808 
08-06 17:20:54.753 23700 23736 I art     : Explicit concurrent mark sweep GC freed 42(1584B) AllocSpace objects, 0(0B) LOS objects, 23% free, 52MB/68MB, paused 513us total 22.604ms
08-06 17:20:54.763 23700 23736 I art     : Starting a blocking GC Explicit
08-06 17:20:54.786 23700 23736 I art     : Explicit concurrent mark sweep GC freed 13(432B) AllocSpace objects, 0(0B) LOS objects, 23% free, 52MB/68MB, paused 524us total 22.564ms
08-06 17:20:54.797 23700 23736 I art     : Starting a blocking GC Explicit
08-06 17:20:54.819 23700 23736 I art     : Explicit concurrent mark sweep GC freed 6(224B) AllocSpace objects, 0(0B) LOS objects, 23% free, 52MB/68MB, paused 482us total 22.419ms
08-06 17:20:54.830 23700 23736 I art     : Starting a blocking GC Explicit
08-06 17:20:54.853 23700 23736 I art     : Explicit concurrent mark sweep GC freed 3(96B) AllocSpace objects, 0(0B) LOS objects, 23% free, 52MB/68MB, paused 480us total 23.316ms
08-06 17:20:55.026   380   380 W SurfaceFlinger: couldn't log to binary event log: overflow.
08-06 17:20:55.138 23700 23713 I art     : Starting a blocking GC Explicit
08-06 17:20:55.164 23700 23713 I art     : Explicit concurrent mark sweep GC freed 1452(87KB) AllocSpace objects, 1(20KB) LOS objects, 23% free, 52MB/68MB, paused 551us total 26.220ms
08-06 17:20:55.175 23700 23713 I art     : Starting a blocking GC Explicit
08-06 17:20:55.201 23700 23713 I art     : Explicit concurrent mark sweep GC freed 1672(107KB) AllocSpace objects, 3(400KB) LOS objects, 23% free, 52MB/68MB, paused 521us total 25.120ms
08-06 17:20:55.211 23700 23713 I art     : Starting a blocking GC Explicit
08-06 17:20:55.236 23700 23713 I art     : Explicit concurrent mark sweep GC freed 3(96B) AllocSpace objects, 0(0B) LOS objects, 23% free, 52MB/68MB, paused 511us total 24.625ms
08-06 17:20:55.247 23700 23713 I art     : Starting a blocking GC Explicit
08-06 17:20:55.272 23700 23713 I art     : Explicit concurrent mark sweep GC freed 3(96B) AllocSpace objects, 0(0B) LOS objects, 23% free, 52MB/68MB, paused 564us total 24.910ms
08-06 17:20:55.283 23700 23713 I art     : Starting a blocking GC Explicit
08-06 17:20:55.308 23700 23713 I art     : Explicit concurrent mark sweep GC freed 3(96B) AllocSpace objects, 0(0B) LOS objects, 23% free, 52MB/68MB, paused 529us total 24.400ms
08-06 17:20:55.628 23700 23712 I art     : Starting a blocking GC Explicit
08-06 17:20:55.663 23700 23712 I art     : Explicit concurrent mark sweep GC freed 1343(78KB) AllocSpace objects, 1(20KB) LOS objects, 23% free, 52MB/68MB, paused 582us total 34.558ms
08-06 17:20:55.679 23700 23712 I art     : Starting a blocking GC Explicit
08-06 17:20:55.704 23700 23712 I art     : Explicit concurrent mark sweep GC freed 20(704B) AllocSpace objects, 0(0B) LOS objects, 23% free, 52MB/68MB, paused 536us total 24.669ms
08-06 17:20:55.716 23700 23712 I art     : Starting a blocking GC Explicit
08-06 17:20:55.740 23700 23712 I art     : Explicit concurrent mark sweep GC freed 3(96B) AllocSpace objects, 0(0B) LOS objects, 23% free, 52MB/68MB, paused 531us total 23.739ms
08-06 17:20:55.751 23700 23712 I art     : Starting a blocking GC Explicit
08-06 17:20:55.776 23700 23712 I art     : Explicit concurrent mark sweep GC freed 3(96B) AllocSpace objects, 0(0B) LOS objects, 23% free, 52MB/68MB, paused 599us total 25.143ms
08-06 17:20:55.787 23700 23712 I art     : Starting a blocking GC Explicit
08-06 17:20:55.812 23700 23712 I art     : Explicit concurrent mark sweep GC freed 3(96B) AllocSpace objects, 0(0B) LOS objects, 23% free, 52MB/68MB, paused 539us total 25.034ms
08-06 17:20:56.093 23700 24467 I art     : Starting a blocking GC Explicit
08-06 17:20:56.118 23700 24467 I art     : Explicit concurrent mark sweep GC freed 1342(78KB) AllocSpace objects, 1(20KB) LOS objects, 23% free, 52MB/68MB, paused 557us total 24.847ms
08-06 17:20:56.129 23700 24467 I art     : Starting a blocking GC Explicit
08-06 17:20:56.154 23700 24467 I art     : Explicit concurrent mark sweep GC freed 20(704B) AllocSpace objects, 0(0B) LOS objects, 23% free, 52MB/68MB, paused 537us total 24.478ms
08-06 17:20:56.165 23700 24467 I art     : Starting a blocking GC Explicit
08-06 17:20:56.189 23700 24467 I art     : Explicit concurrent mark sweep GC freed 3(96B) AllocSpace objects, 0(0B) LOS objects, 23% free, 52MB/68MB, paused 556us total 23.927ms
08-06 17:20:56.200 23700 24467 I art     : Starting a blocking GC Explicit
08-06 17:20:56.224 23700 24467 I art     : Explicit concurrent mark sweep GC freed 3(96B) AllocSpace objects, 0(0B) LOS objects, 23% free, 52MB/68MB, paused 537us total 23.806ms
08-06 17:20:56.234 23700 24467 I art     : Starting a blocking GC Explicit
08-06 17:20:56.259 23700 24467 I art     : Explicit concurrent mark sweep GC freed 3(96B) AllocSpace objects, 0(0B) LOS objects, 23% free, 52MB/68MB, paused 559us total 24.373ms
08-06 17:20:56.483 25122 25122 D AndroidRuntime: >>>>>> START com.android.internal.os.RuntimeInit uid 2000 <<<<<<
08-06 17:20:56.489 25122 25122 D AndroidRuntime: CheckJNI is OFF
08-06 17:20:56.530 25122 25122 D ICU     : No timezone override file found: /data/misc/zoneinfo/current/icu/icu_tzdata.dat
08-06 17:20:56.573 25122 25122 I Radio-JNI: register_android_hardware_Radio DONE
08-06 17:20:56.583 23700 23736 I art     : Starting a blocking GC Explicit
08-06 17:20:56.602 25122 25122 D AndroidRuntime: Calling main entry com.android.commands.input.Input
08-06 17:20:56.604 25122 25122 I Input   : injectKeyEvent: KeyEvent { action=ACTION_DOWN, keyCode=KEYCODE_BACK, scanCode=0, metaState=0, flags=0x0, repeatCount=0, eventTime=897673017, downTime=897673017, deviceId=-1, source=0x101 }
08-06 17:20:56.609 23700 23736 I art     : Explicit concurrent mark sweep GC freed 1342(78KB) AllocSpace objects, 1(20KB) LOS objects, 23% free, 52MB/68MB, paused 531us total 25.552ms
08-06 17:20:56.612 25122 25122 I Input   : injectKeyEvent: KeyEvent { action=ACTION_UP, keyCode=KEYCODE_BACK, scanCode=0, metaState=0, flags=0x0, repeatCount=0, eventTime=897673017, downTime=897673017, deviceId=-1, source=0x101 }
08-06 17:20:56.618 25122 25122 D AndroidRuntime: Shutting down VM
08-06 17:20:56.620 23700 23736 I art     : Starting a blocking GC Explicit
08-06 17:20:56.644 23700 23736 I art     : Explicit concurrent mark sweep GC freed 167(7KB) AllocSpace objects, 0(0B) LOS objects, 23% free, 52MB/68MB, paused 535us total 23.771ms
08-06 17:20:56.655 23700 23736 I art     : Starting a blocking GC Explicit
08-06 17:20:56.659 13866 13866 I GoogleInputMethodServic: GoogleInputMethodService.onFinishInput():3138 
08-06 17:20:56.659 13866 13866 I GoogleInputMethodServic: GoogleInputMethodService.onStartInput():1808 
08-06 17:20:56.677 23700 23736 I art     : Explicit concurrent mark sweep GC freed 61(2144B) AllocSpace objects, 0(0B) LOS objects, 23% free, 52MB/68MB, paused 602us total 22.158ms
08-06 17:20:56.688 23700 23736 I art     : Starting a blocking GC Explicit
08-06 17:20:56.711 23700 23736 I art     : Explicit concurrent mark sweep GC freed 12(432B) AllocSpace objects, 0(0B) LOS objects, 23% free, 52MB/68MB, paused 492us total 22.671ms
08-06 17:20:56.721 23700 23736 I art     : Starting a blocking GC Explicit
08-06 17:20:56.743 23700 23736 I art     : Explicit concurrent mark sweep GC freed 3(96B) AllocSpace objects, 0(0B) LOS objects, 23% free, 52MB/68MB, paused 498us total 21.532ms
08-06 17:20:57.033 23700 23712 I art     : Starting a blocking GC Explicit
08-06 17:20:57.059 23700 23712 I art     : Explicit concurrent mark sweep GC freed 2406(129KB) AllocSpace objects, 1(20KB) LOS objects, 23% free, 52MB/68MB, paused 713us total 25.712ms
08-06 17:20:57.073 23700 23712 I art     : Starting a blocking GC Explicit
08-06 17:20:57.096 23700 23712 I art     : Explicit concurrent mark sweep GC freed 2100(127KB) AllocSpace objects, 2(140KB) LOS objects, 23% free, 51MB/67MB, paused 543us total 22.675ms
08-06 17:20:57.106 23700 23712 I art     : Starting a blocking GC Explicit
08-06 17:20:57.129 23700 23712 I art     : Explicit concurrent mark sweep GC freed 3(96B) AllocSpace objects, 0(0B) LOS objects, 23% free, 51MB/67MB, paused 530us total 22.615ms
08-06 17:20:57.140 23700 23712 I art     : Starting a blocking GC Explicit
08-06 17:20:57.162 23700 23712 I art     : Explicit concurrent mark sweep GC freed 3(96B) AllocSpace objects, 0(0B) LOS objects, 23% free, 51MB/67MB, paused 529us total 22.620ms
08-06 17:20:57.173 23700 23712 I art     : Starting a blocking GC Explicit
08-06 17:20:57.196 23700 23712 I art     : Explicit concurrent mark sweep GC freed 3(96B) AllocSpace objects, 0(0B) LOS objects, 23% free, 51MB/67MB, paused 531us total 23.359ms
08-06 17:20:57.499 23700 23713 I art     : Starting a blocking GC Explicit
08-06 17:20:57.532 23700 23713 I art     : Explicit concurrent mark sweep GC freed 1342(78KB) AllocSpace objects, 1(20KB) LOS objects, 23% free, 51MB/67MB, paused 579us total 33.264ms
08-06 17:20:57.546 23700 23713 I art     : Starting a blocking GC Explicit
08-06 17:20:57.571 23700 23713 I art     : Explicit concurrent mark sweep GC freed 20(704B) AllocSpace objects, 0(0B) LOS objects, 23% free, 51MB/67MB, paused 522us total 24.039ms
08-06 17:20:57.581 23700 23713 I art     : Starting a blocking GC Explicit
08-06 17:20:57.605 23700 23713 I art     : Explicit concurrent mark sweep GC freed 3(96B) AllocSpace objects, 0(0B) LOS objects, 23% free, 51MB/67MB, paused 520us total 23.745ms
08-06 17:20:57.616 23700 23713 I art     : Starting a blocking GC Explicit
08-06 17:20:57.640 23700 23713 I art     : Explicit concurrent mark sweep GC freed 3(96B) AllocSpace objects, 0(0B) LOS objects, 23% free, 51MB/67MB, paused 510us total 23.586ms
08-06 17:20:57.651 23700 23713 I art     : Starting a blocking GC Explicit
08-06 17:20:57.675 23700 23713 I art     : Explicit concurrent mark sweep GC freed 3(96B) AllocSpace objects, 0(0B) LOS objects, 23% free, 51MB/67MB, paused 529us total 23.772ms
08-06 17:20:57.970 23700 24467 I art     : Starting a blocking GC Explicit
08-06 17:20:57.998 23700 24467 I art     : Explicit concurrent mark sweep GC freed 1340(78KB) AllocSpace objects, 1(20KB) LOS objects, 23% free, 51MB/67MB, paused 625us total 27.385ms
08-06 17:20:58.009 23700 24467 I art     : Starting a blocking GC Explicit
08-06 17:20:58.032 23700 24467 I art     : Explicit concurrent mark sweep GC freed 20(704B) AllocSpace objects, 0(0B) LOS objects, 23% free, 51MB/67MB, paused 555us total 23.127ms
08-06 17:20:58.043 23700 24467 I art     : Starting a blocking GC Explicit
08-06 17:20:58.066 23700 24467 I art     : Explicit concurrent mark sweep GC freed 3(96B) AllocSpace objects, 0(0B) LOS objects, 23% free, 51MB/67MB, paused 540us total 23.023ms
08-06 17:20:58.076 23700 24467 I art     : Starting a blocking GC Explicit
08-06 17:20:58.099 23700 24467 I art     : Explicit concurrent mark sweep GC freed 3(96B) AllocSpace objects, 0(0B) LOS objects, 23% free, 51MB/67MB, paused 547us total 22.506ms
08-06 17:20:58.110 23700 24467 I art     : Starting a blocking GC Explicit
08-06 17:20:58.133 23700 24467 I art     : Explicit concurrent mark sweep GC freed 3(96B) AllocSpace objects, 0(0B) LOS objects, 23% free, 51MB/67MB, paused 540us total 23.133ms
08-06 17:20:58.408 25179 25179 D AndroidRuntime: >>>>>> START com.android.internal.os.RuntimeInit uid 2000 <<<<<<
08-06 17:20:58.414 25179 25179 D AndroidRuntime: CheckJNI is OFF
08-06 17:20:58.451 23700 23736 I art     : Starting a blocking GC Explicit
08-06 17:20:58.457 25179 25179 D ICU     : No timezone override file found: /data/misc/zoneinfo/current/icu/icu_tzdata.dat
08-06 17:20:58.475 23700 23736 I art     : Explicit concurrent mark sweep GC freed 1340(78KB) AllocSpace objects, 1(20KB) LOS objects, 23% free, 51MB/67MB, paused 606us total 23.834ms
08-06 17:20:58.485 23700 23736 I art     : Starting a blocking GC Explicit
08-06 17:20:58.501 25179 25179 I Radio-JNI: register_android_hardware_Radio DONE
08-06 17:20:58.510 23700 23736 I art     : Explicit concurrent mark sweep GC freed 20(704B) AllocSpace objects, 0(0B) LOS objects, 23% free, 51MB/67MB, paused 625us total 24.438ms
08-06 17:20:58.521 23700 23736 I art     : Starting a blocking GC Explicit
08-06 17:20:58.531 25179 25179 D AndroidRuntime: Calling main entry com.android.commands.input.Input
08-06 17:20:58.533 25179 25179 I Input   : injectMotionEvent: MotionEvent { action=ACTION_DOWN, actionButton=0, id[0]=0, x[0]=337.0, y[0]=1104.0, toolType[0]=TOOL_TYPE_UNKNOWN, buttonState=0, metaState=0, flags=0x0, edgeFlags=0x0, pointerCount=1, historySize=0, eventTime=897674946, downTime=897674946, deviceId=0, source=0x1002 }
08-06 17:20:58.540 25179 25179 I Input   : injectMotionEvent: MotionEvent { action=ACTION_UP, actionButton=0, id[0]=0, x[0]=337.0, y[0]=1104.0, toolType[0]=TOOL_TYPE_UNKNOWN, buttonState=0, metaState=0, flags=0x0, edgeFlags=0x0, pointerCount=1, historySize=0, eventTime=897674946, downTime=897674946, deviceId=0, source=0x1002 }
08-06 17:20:58.542   918  6111 I ActivityManager: START u0 {cmp=baseline.appteam.nith.hillffair/.activities.BattleDayActivity} from uid 10697 on display 0
08-06 17:20:58.544 23700 23736 I art     : Explicit concurrent mark sweep GC freed 6(192B) AllocSpace objects, 0(0B) LOS objects, 23% free, 51MB/67MB, paused 638us total 23.174ms
08-06 17:20:58.552 25179 25179 D AndroidRuntime: Shutting down VM
08-06 17:20:58.554 23700 23736 I art     : Starting a blocking GC Explicit
08-06 17:20:58.578 23700 23736 I art     : Explicit concurrent mark sweep GC freed 1187(69KB) AllocSpace objects, 0(0B) LOS objects, 23% free, 51MB/67MB, paused 1.174ms total 23.393ms
08-06 17:20:58.588 23700 23736 I art     : Starting a blocking GC Explicit
08-06 17:20:58.613 23700 23736 I art     : Explicit concurrent mark sweep GC freed 3827(235KB) AllocSpace objects, 0(0B) LOS objects, 23% free, 51MB/67MB, paused 656us total 24.134ms
08-06 17:20:58.641 13866 13866 I GoogleInputMethodServic: GoogleInputMethodService.onFinishInput():3138 
08-06 17:20:58.642 13866 13866 I GoogleInputMethodServic: GoogleInputMethodService.onStartInput():1808 
08-06 17:20:58.662   918   936 I ActivityManager: Displayed baseline.appteam.nith.hillffair/.activities.BattleDayActivity: +110ms
08-06 17:20:58.902 23700 24467 I art     : Starting a blocking GC Explicit
08-06 17:20:58.914   380   380 W SurfaceFlinger: couldn't log to binary event log: overflow.
08-06 17:20:58.934 23700 24467 I art     : Explicit concurrent mark sweep GC freed 1579(88KB) AllocSpace objects, 1(20KB) LOS objects, 23% free, 52MB/68MB, paused 568us total 31.278ms
08-06 17:20:58.944 23700 24467 I art     : Starting a blocking GC Explicit
08-06 17:20:58.966 23700 24467 I art     : Explicit concurrent mark sweep GC freed 32(1104B) AllocSpace objects, 0(0B) LOS objects, 23% free, 52MB/68MB, paused 552us total 21.374ms
08-06 17:20:58.975 23700 24467 I art     : Starting a blocking GC Explicit
08-06 17:20:58.998 23700 24467 I art     : Explicit concurrent mark sweep GC freed 3(96B) AllocSpace objects, 0(0B) LOS objects, 23% free, 52MB/68MB, paused 644us total 22.014ms
08-06 17:20:59.009 23700 24467 I art     : Starting a blocking GC Explicit
08-06 17:20:59.032 23700 24467 I art     : Explicit concurrent mark sweep GC freed 3(96B) AllocSpace objects, 0(0B) LOS objects, 23% free, 52MB/68MB, paused 633us total 22.912ms
08-06 17:20:59.043 23700 24467 I art     : Starting a blocking GC Explicit
08-06 17:20:59.067 23700 24467 I art     : Explicit concurrent mark sweep GC freed 76(5KB) AllocSpace objects, 0(0B) LOS objects, 23% free, 52MB/68MB, paused 735us total 24.373ms
08-06 17:20:59.357 23700 25208 D OkHttp  : --> GET https://api-hillfair-2k16.herokuapp.com/api/app/events/special http/1.1
08-06 17:20:59.358 23700 23713 I art     : Starting a blocking GC Explicit
08-06 17:20:59.386 23700 23713 I art     : Explicit concurrent mark sweep GC freed 3998(213KB) AllocSpace objects, 4(220KB) LOS objects, 23% free, 52MB/68MB, paused 852us total 27.066ms
08-06 17:20:59.393 23700 25208 D OkHttp  : <-- 200 OK https://api-hillfair-2k16.herokuapp.com/api/app/events/special (35ms, 554-byte body)
08-06 17:20:59.396 23700 23713 I art     : Starting a blocking GC Explicit
08-06 17:20:59.422 23700 23713 I art     : Explicit concurrent mark sweep GC freed 1193(151KB) AllocSpace objects, 0(0B) LOS objects, 23% free, 52MB/68MB, paused 595us total 24.911ms
08-06 17:20:59.432 23700 23700 I NAPPA_EXPERIMENTATION: MetricNetworkRequestExecutionTime: REQUEST_DURATION_SYSTEM='850',REQUEST_DURATION_OKHTTP='36',REQUEST_SYNCHRONOUS='FALSE',RESPONSE_CODE='200',RESPONSE_METHOD='GET',RESPONSE_LENGTH_OKHTTP='554',RESPONSE_LENGTH_HEADER='554',REQUEST_PROTOCOL='http/1.1',REQUEST_URL='https://api-hillfair-2k16.herokuapp.com/api/app/events/special',
08-06 17:20:59.432 23700 23713 I art     : Starting a blocking GC Explicit
08-06 17:20:59.456 23700 23713 I art     : Explicit concurrent mark sweep GC freed 175(40KB) AllocSpace objects, 0(0B) LOS objects, 23% free, 52MB/68MB, paused 852us total 23.405ms
08-06 17:20:59.466 23700 23713 I art     : Starting a blocking GC Explicit
08-06 17:20:59.492 23700 23713 I art     : Explicit concurrent mark sweep GC freed 698(29KB) AllocSpace objects, 0(0B) LOS objects, 23% free, 52MB/68MB, paused 641us total 25.144ms
08-06 17:20:59.502 23700 23713 I art     : Starting a blocking GC Explicit
08-06 17:20:59.526 23700 23713 I art     : Explicit concurrent mark sweep GC freed 62(2512B) AllocSpace objects, 0(0B) LOS objects, 23% free, 52MB/68MB, paused 521us total 23.388ms
08-06 17:20:59.833 23700 24467 I art     : Starting a blocking GC Explicit
08-06 17:20:59.864 23700 24467 I art     : Explicit concurrent mark sweep GC freed 1348(78KB) AllocSpace objects, 1(20KB) LOS objects, 23% free, 52MB/68MB, paused 590us total 30.614ms
08-06 17:20:59.877 23700 24467 I art     : Starting a blocking GC Explicit
08-06 17:20:59.903 23700 24467 I art     : Explicit concurrent mark sweep GC freed 20(704B) AllocSpace objects, 0(0B) LOS objects, 23% free, 52MB/68MB, paused 568us total 25.625ms
08-06 17:20:59.914 23700 24467 I art     : Starting a blocking GC Explicit
08-06 17:20:59.940 23700 24467 I art     : Explicit concurrent mark sweep GC freed 3(96B) AllocSpace objects, 0(0B) LOS objects, 23% free, 52MB/68MB, paused 559us total 25.476ms
08-06 17:20:59.951 23700 24467 I art     : Starting a blocking GC Explicit
08-06 17:20:59.977 23700 24467 I art     : Explicit concurrent mark sweep GC freed 3(96B) AllocSpace objects, 0(0B) LOS objects, 23% free, 52MB/68MB, paused 562us total 25.820ms
08-06 17:20:59.988 23700 24467 I art     : Starting a blocking GC Explicit
08-06 17:21:00.012 23700 24467 I art     : Explicit concurrent mark sweep GC freed 3(96B) AllocSpace objects, 0(0B) LOS objects, 23% free, 52MB/68MB, paused 575us total 24.528ms
08-06 17:21:00.261   518   646 I ThermalEngine: ACTION: GPU - Setting GPU[0] to 390000000
08-06 17:21:00.322 23700 23712 I art     : Starting a blocking GC Explicit
08-06 17:21:00.361 23700 23712 I art     : Explicit concurrent mark sweep GC freed 1342(78KB) AllocSpace objects, 1(20KB) LOS objects, 23% free, 52MB/68MB, paused 885us total 38.279ms
08-06 17:21:00.380 23700 23712 I art     : Starting a blocking GC Explicit
08-06 17:21:00.415 23700 23712 I art     : Explicit concurrent mark sweep GC freed 20(704B) AllocSpace objects, 0(0B) LOS objects, 23% free, 52MB/68MB, paused 745us total 34.359ms
08-06 17:21:00.431 23700 23712 I art     : Starting a blocking GC Explicit
08-06 17:21:00.464 23700 23712 I art     : Explicit concurrent mark sweep GC freed 3(96B) AllocSpace objects, 0(0B) LOS objects, 23% free, 52MB/68MB, paused 746us total 32.085ms
08-06 17:21:00.480 23700 23712 I art     : Starting a blocking GC Explicit
08-06 17:21:00.512 23700 23712 I art     : Explicit concurrent mark sweep GC freed 3(96B) AllocSpace objects, 0(0B) LOS objects, 23% free, 52MB/68MB, paused 1.029ms total 31.423ms
08-06 17:21:00.528 23700 23712 I art     : Starting a blocking GC Explicit
08-06 17:21:00.559 23700 23712 I art     : Explicit concurrent mark sweep GC freed 3(96B) AllocSpace objects, 0(0B) LOS objects, 23% free, 52MB/68MB, paused 820us total 31.338ms
08-06 17:21:00.902 23700 23736 I art     : Starting a blocking GC Explicit
08-06 17:21:00.945 23700 23736 I art     : Explicit concurrent mark sweep GC freed 1342(78KB) AllocSpace objects, 1(20KB) LOS objects, 23% free, 52MB/68MB, paused 845us total 42.544ms
08-06 17:21:00.964 23700 23736 I art     : Starting a blocking GC Explicit
08-06 17:21:00.997 23700 23736 I art     : Explicit concurrent mark sweep GC freed 20(704B) AllocSpace objects, 0(0B) LOS objects, 23% free, 52MB/68MB, paused 738us total 32.490ms
08-06 17:21:01.013 23700 23736 I art     : Starting a blocking GC Explicit
08-06 17:21:01.045 23700 23736 I art     : Explicit concurrent mark sweep GC freed 3(96B) AllocSpace objects, 0(0B) LOS objects, 23% free, 52MB/68MB, paused 740us total 31.753ms
08-06 17:21:01.061 23700 23736 I art     : Starting a blocking GC Explicit
08-06 17:21:01.094 23700 23736 I art     : Explicit concurrent mark sweep GC freed 3(96B) AllocSpace objects, 0(0B) LOS objects, 23% free, 52MB/68MB, paused 734us total 32.271ms
08-06 17:21:01.110 23700 23736 I art     : Starting a blocking GC Explicit
08-06 17:21:01.143 23700 23736 I art     : Explicit concurrent mark sweep GC freed 3(96B) AllocSpace objects, 0(0B) LOS objects, 23% free, 52MB/68MB, paused 742us total 31.973ms
08-06 17:21:01.495 23700 23713 I art     : Starting a blocking GC Explicit
08-06 17:21:01.530 23700 23713 I art     : Explicit concurrent mark sweep GC freed 1342(78KB) AllocSpace objects, 1(20KB) LOS objects, 23% free, 52MB/68MB, paused 883us total 35.023ms
08-06 17:21:01.546 23700 23713 I art     : Starting a blocking GC Explicit
08-06 17:21:01.576 23700 23713 I art     : Explicit concurrent mark sweep GC freed 20(704B) AllocSpace objects, 0(0B) LOS objects, 23% free, 52MB/68MB, paused 736us total 29.775ms
08-06 17:21:01.591 23700 23713 I art     : Starting a blocking GC Explicit
08-06 17:21:01.624 23700 23713 I art     : Explicit concurrent mark sweep GC freed 3(96B) AllocSpace objects, 0(0B) LOS objects, 23% free, 52MB/68MB, paused 725us total 31.974ms
08-06 17:21:01.640 23700 23713 I art     : Starting a blocking GC Explicit
08-06 17:21:01.673 23700 23713 I art     : Explicit concurrent mark sweep GC freed 3(96B) AllocSpace objects, 0(0B) LOS objects, 23% free, 52MB/68MB, paused 736us total 32.190ms
08-06 17:21:01.689 23700 23713 I art     : Starting a blocking GC Explicit
08-06 17:21:01.722 23700 23713 I art     : Explicit concurrent mark sweep GC freed 3(96B) AllocSpace objects, 0(0B) LOS objects, 23% free, 52MB/68MB, paused 762us total 32.305ms
08-06 17:21:02.068 23700 24467 I art     : Starting a blocking GC Explicit
08-06 17:21:02.113 23700 24467 I art     : Explicit concurrent mark sweep GC freed 1342(78KB) AllocSpace objects, 1(20KB) LOS objects, 23% free, 52MB/68MB, paused 1.514ms total 44.735ms
08-06 17:21:02.133 23700 24467 I art     : Starting a blocking GC Explicit
08-06 17:21:02.164 23700 24467 I art     : Explicit concurrent mark sweep GC freed 20(704B) AllocSpace objects, 0(0B) LOS objects, 23% free, 52MB/68MB, paused 738us total 30.671ms
08-06 17:21:02.179 23700 24467 I art     : Starting a blocking GC Explicit
08-06 17:21:02.211 23700 24467 I art     : Explicit concurrent mark sweep GC freed 3(96B) AllocSpace objects, 0(0B) LOS objects, 23% free, 52MB/68MB, paused 760us total 31.857ms
08-06 17:21:02.228 23700 24467 I art     : Starting a blocking GC Explicit
08-06 17:21:02.260 23700 24467 I art     : Explicit concurrent mark sweep GC freed 3(96B) AllocSpace objects, 0(0B) LOS objects, 23% free, 52MB/68MB, paused 854us total 32.485ms
08-06 17:21:02.265   518   646 I ThermalEngine: ACTION: GPU - Setting GPU[0] to 450000000
08-06 17:21:02.274 23700 24467 I art     : Starting a blocking GC Explicit
08-06 17:21:02.300 23700 24467 I art     : Explicit concurrent mark sweep GC freed 3(96B) AllocSpace objects, 0(0B) LOS objects, 23% free, 52MB/68MB, paused 577us total 25.215ms
08-06 17:21:02.635 23700 23712 I art     : Starting a blocking GC Explicit
08-06 17:21:02.668 23700 23712 I art     : Explicit concurrent mark sweep GC freed 1342(78KB) AllocSpace objects, 1(20KB) LOS objects, 23% free, 52MB/68MB, paused 659us total 32.610ms
08-06 17:21:02.685 23700 23712 I art     : Starting a blocking GC Explicit
08-06 17:21:02.711 23700 23712 I art     : Explicit concurrent mark sweep GC freed 20(704B) AllocSpace objects, 0(0B) LOS objects, 23% free, 52MB/68MB, paused 533us total 25.520ms
08-06 17:21:02.722 23700 23712 I art     : Starting a blocking GC Explicit
08-06 17:21:02.749 23700 23712 I art     : Explicit concurrent mark sweep GC freed 3(96B) AllocSpace objects, 0(0B) LOS objects, 23% free, 52MB/68MB, paused 586us total 26.817ms
08-06 17:21:02.760 23700 23712 I art     : Starting a blocking GC Explicit
08-06 17:21:02.787 23700 23712 I art     : Explicit concurrent mark sweep GC freed 3(96B) AllocSpace objects, 0(0B) LOS objects, 23% free, 52MB/68MB, paused 577us total 26.674ms
08-06 17:21:02.798 23700 23712 I art     : Starting a blocking GC Explicit
08-06 17:21:02.823 23700 23712 I art     : Explicit concurrent mark sweep GC freed 3(96B) AllocSpace objects, 0(0B) LOS objects, 23% free, 52MB/68MB, paused 579us total 24.731ms
08-06 17:21:03.146 23700 23736 I art     : Starting a blocking GC Explicit
08-06 17:21:03.175 23700 23736 I art     : Explicit concurrent mark sweep GC freed 1342(78KB) AllocSpace objects, 1(20KB) LOS objects, 23% free, 52MB/68MB, paused 597us total 28.692ms
08-06 17:21:03.186 23700 23736 I art     : Starting a blocking GC Explicit
08-06 17:21:03.212 23700 23736 I art     : Explicit concurrent mark sweep GC freed 20(704B) AllocSpace objects, 0(0B) LOS objects, 23% free, 52MB/68MB, paused 537us total 25.887ms
08-06 17:21:03.223 23700 23736 I art     : Starting a blocking GC Explicit
08-06 17:21:03.250 23700 23736 I art     : Explicit concurrent mark sweep GC freed 3(96B) AllocSpace objects, 0(0B) LOS objects, 23% free, 52MB/68MB, paused 571us total 26.507ms
08-06 17:21:03.261 23700 23736 I art     : Starting a blocking GC Explicit
08-06 17:21:03.288 23700 23736 I art     : Explicit concurrent mark sweep GC freed 3(96B) AllocSpace objects, 0(0B) LOS objects, 23% free, 52MB/68MB, paused 624us total 26.648ms
08-06 17:21:03.299 23700 23736 I art     : Starting a blocking GC Explicit
08-06 17:21:03.324 23700 23736 I art     : Explicit concurrent mark sweep GC freed 3(96B) AllocSpace objects, 0(0B) LOS objects, 23% free, 52MB/68MB, paused 574us total 25.131ms
08-06 17:21:03.367 25291 25291 D AndroidRuntime: >>>>>> START com.android.internal.os.RuntimeInit uid 2000 <<<<<<
08-06 17:21:03.374 25291 25291 D AndroidRuntime: CheckJNI is OFF
08-06 17:21:03.421 25291 25291 D ICU     : No timezone override file found: /data/misc/zoneinfo/current/icu/icu_tzdata.dat
08-06 17:21:03.471 25291 25291 I Radio-JNI: register_android_hardware_Radio DONE
08-06 17:21:03.501 25291 25291 D AndroidRuntime: Calling main entry com.android.commands.input.Input
08-06 17:21:03.504 25291 25291 I Input   : injectMotionEvent: MotionEvent { action=ACTION_DOWN, actionButton=0, id[0]=0, x[0]=733.0, y[0]=645.0, toolType[0]=TOOL_TYPE_UNKNOWN, buttonState=0, metaState=0, flags=0x0, edgeFlags=0x0, pointerCount=1, historySize=0, eventTime=897679916, downTime=897679916, deviceId=0, source=0x1002 }
08-06 17:21:03.508 25291 25291 I Input   : injectMotionEvent: MotionEvent { action=ACTION_UP, actionButton=0, id[0]=0, x[0]=733.0, y[0]=645.0, toolType[0]=TOOL_TYPE_UNKNOWN, buttonState=0, metaState=0, flags=0x0, edgeFlags=0x0, pointerCount=1, historySize=0, eventTime=897679916, downTime=897679916, deviceId=0, source=0x1002 }
08-06 17:21:03.510   918  6110 I ActivityManager: START u0 {cmp=baseline.appteam.nith.hillffair/.activities.ClubActivity (has extras)} from uid 10697 on display 0
08-06 17:21:03.520 25291 25291 D AndroidRuntime: Shutting down VM
08-06 17:21:03.611   918   936 I ActivityManager: Displayed baseline.appteam.nith.hillffair/.activities.ClubActivity: +90ms
08-06 17:21:03.611 13866 13866 I GoogleInputMethodServic: GoogleInputMethodService.onFinishInput():3138 
08-06 17:21:03.612 13866 13866 I GoogleInputMethodServic: GoogleInputMethodService.onStartInput():1808 
08-06 17:21:03.635 23700 24467 I art     : Starting a blocking GC Explicit
08-06 17:21:03.663 23700 24467 I art     : Explicit concurrent mark sweep GC freed 5303(332KB) AllocSpace objects, 1(20KB) LOS objects, 23% free, 52MB/68MB, paused 615us total 27.123ms
08-06 17:21:03.675 23700 24467 I art     : Starting a blocking GC Explicit
08-06 17:21:03.698 23700 24467 I art     : Explicit concurrent mark sweep GC freed 220(10KB) AllocSpace objects, 0(0B) LOS objects, 23% free, 52MB/68MB, paused 588us total 22.611ms
08-06 17:21:03.708 23700 24467 I art     : Starting a blocking GC Explicit
08-06 17:21:03.734 23700 24467 I art     : Explicit concurrent mark sweep GC freed 3(96B) AllocSpace objects, 0(0B) LOS objects, 23% free, 52MB/68MB, paused 679us total 25.799ms
08-06 17:21:03.746 23700 24467 I art     : Starting a blocking GC Explicit
08-06 17:21:03.775 23700 24467 I art     : Explicit concurrent mark sweep GC freed 3(96B) AllocSpace objects, 0(0B) LOS objects, 23% free, 52MB/68MB, paused 637us total 27.880ms
08-06 17:21:03.787 23700 24467 I art     : Starting a blocking GC Explicit
08-06 17:21:03.815 23700 24467 I art     : Explicit concurrent mark sweep GC freed 3(96B) AllocSpace objects, 0(0B) LOS objects, 23% free, 52MB/68MB, paused 709us total 28.120ms
08-06 17:21:03.869   380   380 W SurfaceFlinger: couldn't log to binary event log: overflow.
08-06 17:21:04.102 23700 23713 I art     : Starting a blocking GC Explicit
08-06 17:21:04.129 23700 23713 I art     : Explicit concurrent mark sweep GC freed 1467(85KB) AllocSpace objects, 1(20KB) LOS objects, 23% free, 52MB/68MB, paused 638us total 26.714ms
08-06 17:21:04.140 23700 23713 I art     : Starting a blocking GC Explicit
08-06 17:21:04.167 23700 23713 I art     : Explicit concurrent mark sweep GC freed 41(1456B) AllocSpace objects, 0(0B) LOS objects, 23% free, 52MB/68MB, paused 626us total 26.104ms
08-06 17:21:04.177 23700 23713 I art     : Starting a blocking GC Explicit
08-06 17:21:04.203 23700 23713 I art     : Explicit concurrent mark sweep GC freed 15(544B) AllocSpace objects, 0(0B) LOS objects, 23% free, 52MB/68MB, paused 636us total 25.412ms
08-06 17:21:04.214 23700 23713 I art     : Starting a blocking GC Explicit
08-06 17:21:04.239 23700 23713 I art     : Explicit concurrent mark sweep GC freed 16(608B) AllocSpace objects, 0(0B) LOS objects, 23% free, 52MB/68MB, paused 598us total 24.983ms
08-06 17:21:04.250 23700 23713 I art     : Starting a blocking GC Explicit
08-06 17:21:04.275 23700 23713 I art     : Explicit concurrent mark sweep GC freed 15(544B) AllocSpace objects, 0(0B) LOS objects, 23% free, 52MB/68MB, paused 586us total 24.569ms
08-06 17:21:04.375 23700 25324 D OkHttp  : --> GET https://api-hillfair-2k16.herokuapp.com/api/app/events/special/event?id=5806551bdcba0f490c70fd1f http/1.1
08-06 17:21:04.406   918  3261 D WifiStateMachine: starting scan for "H369AA63323"WPA_PSK with 2412,5180
08-06 17:21:04.409 23700 25324 D OkHttp  : <-- 200 OK https://api-hillfair-2k16.herokuapp.com/api/app/events/special/event?id=5806551bdcba0f490c70fd1f (34ms, 795-byte body)
08-06 17:21:04.472 23700 23700 I NAPPA_EXPERIMENTATION: MetricNetworkRequestExecutionTime: REQUEST_DURATION_SYSTEM='921',REQUEST_DURATION_OKHTTP='34',REQUEST_SYNCHRONOUS='FALSE',RESPONSE_CODE='200',RESPONSE_METHOD='GET',RESPONSE_LENGTH_OKHTTP='795',RESPONSE_LENGTH_HEADER='795',REQUEST_PROTOCOL='http/1.1',REQUEST_URL='https://api-hillfair-2k16.herokuapp.com/api/app/events/special/event?id=5806551bdcba0f490c70fd1f',
08-06 17:21:04.574 23700 23712 I art     : Starting a blocking GC Explicit
08-06 17:21:04.603 23700 23712 I art     : Explicit concurrent mark sweep GC freed 4774(311KB) AllocSpace objects, 4(220KB) LOS objects, 23% free, 52MB/68MB, paused 614us total 28.642ms
08-06 17:21:04.615 23700 23712 I art     : Starting a blocking GC Explicit
08-06 17:21:04.637   918  3188 I hubconnection: sensorhub said: 'set_bias 3: -5.7600, 0.0000, 0.0000'
08-06 17:21:04.640 23700 23712 I art     : Explicit concurrent mark sweep GC freed 1040(119KB) AllocSpace objects, 0(0B) LOS objects, 23% free, 52MB/68MB, paused 590us total 24.403ms
08-06 17:21:04.651 23700 23712 I art     : Starting a blocking GC Explicit
08-06 17:21:04.676 23700 23712 I art     : Explicit concurrent mark sweep GC freed 3(96B) AllocSpace objects, 0(0B) LOS objects, 23% free, 52MB/68MB, paused 610us total 24.990ms
08-06 17:21:04.687 23700 23712 I art     : Starting a blocking GC Explicit
08-06 17:21:04.713 23700 23712 I art     : Explicit concurrent mark sweep GC freed 3(96B) AllocSpace objects, 0(0B) LOS objects, 23% free, 52MB/68MB, paused 611us total 25.998ms
08-06 17:21:04.724 23700 23712 I art     : Starting a blocking GC Explicit
08-06 17:21:04.750 23700 23712 I art     : Explicit concurrent mark sweep GC freed 3(96B) AllocSpace objects, 0(0B) LOS objects, 23% free, 52MB/68MB, paused 612us total 25.904ms
08-06 17:21:05.054 23700 23713 I art     : Starting a blocking GC Explicit
08-06 17:21:05.085 23700 23713 I art     : Explicit concurrent mark sweep GC freed 1343(78KB) AllocSpace objects, 1(20KB) LOS objects, 23% free, 52MB/68MB, paused 629us total 31.003ms
08-06 17:21:05.099 23700 23713 I art     : Starting a blocking GC Explicit
08-06 17:21:05.125 23700 23713 I art     : Explicit concurrent mark sweep GC freed 36(1264B) AllocSpace objects, 0(0B) LOS objects, 23% free, 52MB/68MB, paused 577us total 26.064ms
08-06 17:21:05.136 23700 23713 I art     : Starting a blocking GC Explicit
08-06 17:21:05.163 23700 23713 I art     : Explicit concurrent mark sweep GC freed 3(96B) AllocSpace objects, 0(0B) LOS objects, 23% free, 52MB/68MB, paused 577us total 26.955ms
08-06 17:21:05.174 23700 23713 I art     : Starting a blocking GC Explicit
08-06 17:21:05.202 23700 23713 I art     : Explicit concurrent mark sweep GC freed 3(96B) AllocSpace objects, 0(0B) LOS objects, 23% free, 52MB/68MB, paused 590us total 27.246ms
08-06 17:21:05.213 23700 23713 I art     : Starting a blocking GC Explicit
08-06 17:21:05.243 23700 23713 I art     : Explicit concurrent mark sweep GC freed 3(96B) AllocSpace objects, 0(0B) LOS objects, 23% free, 52MB/68MB, paused 598us total 29.214ms
08-06 17:21:05.574 23700 23712 I art     : Starting a blocking GC Explicit
08-06 17:21:05.610 23700 23712 I art     : Explicit concurrent mark sweep GC freed 1343(78KB) AllocSpace objects, 1(20KB) LOS objects, 23% free, 52MB/68MB, paused 649us total 35.985ms
08-06 17:21:05.624 23700 23712 I art     : Starting a blocking GC Explicit
08-06 17:21:05.652 23700 23712 I art     : Explicit concurrent mark sweep GC freed 20(704B) AllocSpace objects, 0(0B) LOS objects, 23% free, 52MB/68MB, paused 691us total 28.258ms
08-06 17:21:05.664 23700 23712 I art     : Starting a blocking GC Explicit
08-06 17:21:05.689 23700 23712 I art     : Explicit concurrent mark sweep GC freed 3(96B) AllocSpace objects, 0(0B) LOS objects, 23% free, 52MB/68MB, paused 570us total 24.719ms
08-06 17:21:05.691 25366 25366 I art     : Late-enabling -Xcheck:jni
08-06 17:21:05.691   918   918 I ActivityManager: Start proc 25366:nappatfpr.com.newsblur/u0a704 for service nappatfpr.com.newsblur/.service.NBSyncService
08-06 17:21:05.700 23700 23712 I art     : Starting a blocking GC Explicit
08-06 17:21:05.724 23700 23712 I art     : Explicit concurrent mark sweep GC freed 3(96B) AllocSpace objects, 0(0B) LOS objects, 23% free, 52MB/68MB, paused 551us total 23.305ms
08-06 17:21:05.735 23700 23712 I art     : Starting a blocking GC Explicit
08-06 17:21:05.759 23700 23712 I art     : Explicit concurrent mark sweep GC freed 3(96B) AllocSpace objects, 0(0B) LOS objects, 23% free, 52MB/68MB, paused 582us total 23.770ms
08-06 17:21:05.767 25366 25366 W System  : ClassLoader referenced unknown path: /data/app/nappatfpr.com.newsblur-1/lib/arm64
08-06 17:21:05.804   918  5132 I ActivityManager: Killing 15793:com.google.android.talk/u0a53 (adj 15): empty #17
08-06 17:21:06.063 23700 23736 I art     : Starting a blocking GC Explicit
08-06 17:21:06.098 23700 23736 I art     : Explicit concurrent mark sweep GC freed 1343(78KB) AllocSpace objects, 1(20KB) LOS objects, 23% free, 52MB/68MB, paused 697us total 34.357ms
08-06 17:21:06.111 23700 23736 I art     : Starting a blocking GC Explicit
08-06 17:21:06.140 23700 23736 I art     : Explicit concurrent mark sweep GC freed 20(704B) AllocSpace objects, 0(0B) LOS objects, 23% free, 52MB/68MB, paused 588us total 28.471ms
08-06 17:21:06.151 23700 23736 I art     : Starting a blocking GC Explicit
08-06 17:21:06.180 23700 23736 I art     : Explicit concurrent mark sweep GC freed 3(96B) AllocSpace objects, 0(0B) LOS objects, 23% free, 52MB/68MB, paused 601us total 28.691ms
08-06 17:21:06.191 23700 23736 I art     : Starting a blocking GC Explicit
08-06 17:21:06.220 23700 23736 I art     : Explicit concurrent mark sweep GC freed 3(96B) AllocSpace objects, 0(0B) LOS objects, 23% free, 52MB/68MB, paused 595us total 28.785ms
08-06 17:21:06.232 23700 23736 I art     : Starting a blocking GC Explicit
08-06 17:21:06.262 23700 23736 I art     : Explicit concurrent mark sweep GC freed 3(96B) AllocSpace objects, 0(0B) LOS objects, 23% free, 52MB/68MB, paused 591us total 29.445ms
08-06 17:21:06.582 23700 24467 I art     : Starting a blocking GC Explicit
08-06 17:21:06.613 23700 24467 I art     : Explicit concurrent mark sweep GC freed 1343(78KB) AllocSpace objects, 1(20KB) LOS objects, 23% free, 52MB/68MB, paused 653us total 31.239ms
08-06 17:21:06.631 23700 24467 I art     : Starting a blocking GC Explicit
08-06 17:21:06.659 23700 24467 I art     : Explicit concurrent mark sweep GC freed 20(704B) AllocSpace objects, 0(0B) LOS objects, 23% free, 52MB/68MB, paused 609us total 27.698ms
08-06 17:21:06.670 23700 24467 I art     : Starting a blocking GC Explicit
08-06 17:21:06.700 23700 24467 I art     : Explicit concurrent mark sweep GC freed 3(96B) AllocSpace objects, 0(0B) LOS objects, 23% free, 52MB/68MB, paused 606us total 29.376ms
08-06 17:21:06.711 23700 24467 I art     : Starting a blocking GC Explicit
08-06 17:21:06.740 23700 24467 I art     : Explicit concurrent mark sweep GC freed 3(96B) AllocSpace objects, 0(0B) LOS objects, 23% free, 52MB/68MB, paused 618us total 28.015ms
08-06 17:21:06.751 23700 24467 I art     : Starting a blocking GC Explicit
08-06 17:21:06.779 23700 24467 I art     : Explicit concurrent mark sweep GC freed 3(96B) AllocSpace objects, 0(0B) LOS objects, 23% free, 52MB/68MB, paused 604us total 27.507ms
08-06 17:21:07.106 23700 23713 I art     : Starting a blocking GC Explicit
08-06 17:21:07.139 23700 23713 I art     : Explicit concurrent mark sweep GC freed 1343(78KB) AllocSpace objects, 1(20KB) LOS objects, 23% free, 52MB/68MB, paused 581us total 32.750ms
08-06 17:21:07.150 23700 23713 I art     : Starting a blocking GC Explicit
08-06 17:21:07.179 23700 23713 I art     : Explicit concurrent mark sweep GC freed 20(704B) AllocSpace objects, 0(0B) LOS objects, 23% free, 52MB/68MB, paused 595us total 28.650ms
08-06 17:21:07.191 23700 23713 I art     : Starting a blocking GC Explicit
08-06 17:21:07.220 23700 23713 I art     : Explicit concurrent mark sweep GC freed 3(96B) AllocSpace objects, 0(0B) LOS objects, 23% free, 52MB/68MB, paused 583us total 29.262ms
08-06 17:21:07.232 23700 23713 I art     : Starting a blocking GC Explicit
08-06 17:21:07.261 23700 23713 I art     : Explicit concurrent mark sweep GC freed 3(96B) AllocSpace objects, 0(0B) LOS objects, 23% free, 52MB/68MB, paused 597us total 29.114ms
08-06 17:21:07.272 23700 23713 I art     : Starting a blocking GC Explicit
08-06 17:21:07.302 23700 23713 I art     : Explicit concurrent mark sweep GC freed 3(96B) AllocSpace objects, 0(0B) LOS objects, 23% free, 52MB/68MB, paused 598us total 29.353ms
08-06 17:21:07.634 23700 23712 I art     : Starting a blocking GC Explicit
08-06 17:21:07.663 23700 23712 I art     : Explicit concurrent mark sweep GC freed 1343(78KB) AllocSpace objects, 1(20KB) LOS objects, 23% free, 52MB/68MB, paused 620us total 28.267ms
08-06 17:21:07.674 23700 23712 I art     : Starting a blocking GC Explicit
08-06 17:21:07.701 23700 23712 I art     : Explicit concurrent mark sweep GC freed 20(704B) AllocSpace objects, 0(0B) LOS objects, 23% free, 52MB/68MB, paused 593us total 26.859ms
08-06 17:21:07.712 23700 23712 I art     : Starting a blocking GC Explicit
08-06 17:21:07.740 23700 23712 I art     : Explicit concurrent mark sweep GC freed 3(96B) AllocSpace objects, 0(0B) LOS objects, 23% free, 52MB/68MB, paused 597us total 27.544ms
08-06 17:21:07.751 23700 23712 I art     : Starting a blocking GC Explicit
08-06 17:21:07.777 23700 23712 I art     : Explicit concurrent mark sweep GC freed 3(96B) AllocSpace objects, 0(0B) LOS objects, 23% free, 52MB/68MB, paused 672us total 25.595ms
08-06 17:21:07.788 23700 23712 I art     : Starting a blocking GC Explicit
08-06 17:21:07.814 23700 23712 I art     : Explicit concurrent mark sweep GC freed 3(96B) AllocSpace objects, 0(0B) LOS objects, 23% free, 52MB/68MB, paused 578us total 25.315ms
08-06 17:21:08.136 23700 23736 I art     : Starting a blocking GC Explicit
08-06 17:21:08.168 23700 23736 I art     : Explicit concurrent mark sweep GC freed 1343(78KB) AllocSpace objects, 1(20KB) LOS objects, 23% free, 52MB/68MB, paused 648us total 31.482ms
08-06 17:21:08.179 23700 23736 I art     : Starting a blocking GC Explicit
08-06 17:21:08.208 23700 23736 I art     : Explicit concurrent mark sweep GC freed 20(704B) AllocSpace objects, 0(0B) LOS objects, 23% free, 52MB/68MB, paused 582us total 28.541ms
08-06 17:21:08.219 23700 23736 I art     : Starting a blocking GC Explicit
08-06 17:21:08.247 23700 23736 I art     : Explicit concurrent mark sweep GC freed 3(96B) AllocSpace objects, 0(0B) LOS objects, 23% free, 52MB/68MB, paused 615us total 27.109ms
08-06 17:21:08.258 23700 23736 I art     : Starting a blocking GC Explicit
08-06 17:21:08.285 23700 23736 I art     : Explicit concurrent mark sweep GC freed 3(96B) AllocSpace objects, 0(0B) LOS objects, 23% free, 52MB/68MB, paused 625us total 27.143ms
08-06 17:21:08.296 23700 23736 I art     : Starting a blocking GC Explicit
08-06 17:21:08.325 23700 23736 I art     : Explicit concurrent mark sweep GC freed 3(96B) AllocSpace objects, 0(0B) LOS objects, 23% free, 52MB/68MB, paused 663us total 28.098ms
08-06 17:21:08.334 25421 25421 D AndroidRuntime: >>>>>> START com.android.internal.os.RuntimeInit uid 2000 <<<<<<
08-06 17:21:08.340 25421 25421 D AndroidRuntime: CheckJNI is OFF
08-06 17:21:08.384 25421 25421 D ICU     : No timezone override file found: /data/misc/zoneinfo/current/icu/icu_tzdata.dat
08-06 17:21:08.430 25421 25421 I Radio-JNI: register_android_hardware_Radio DONE
08-06 17:21:08.461 25421 25421 D AndroidRuntime: Calling main entry com.android.commands.input.Input
08-06 17:21:08.464 25421 25421 I Input   : injectKeyEvent: KeyEvent { action=ACTION_DOWN, keyCode=KEYCODE_BACK, scanCode=0, metaState=0, flags=0x0, repeatCount=0, eventTime=897684877, downTime=897684877, deviceId=-1, source=0x101 }
08-06 17:21:08.471 25421 25421 I Input   : injectKeyEvent: KeyEvent { action=ACTION_UP, keyCode=KEYCODE_BACK, scanCode=0, metaState=0, flags=0x0, repeatCount=0, eventTime=897684877, downTime=897684877, deviceId=-1, source=0x101 }
08-06 17:21:08.477 25421 25421 D AndroidRuntime: Shutting down VM
08-06 17:21:08.514 13866 13866 I GoogleInputMethodServic: GoogleInputMethodService.onFinishInput():3138 
08-06 17:21:08.515 13866 13866 I GoogleInputMethodServic: GoogleInputMethodService.onStartInput():1808 
08-06 17:21:08.616 23700 23736 I art     : Starting a blocking GC Explicit
08-06 17:21:08.642 23700 23736 I art     : Explicit concurrent mark sweep GC freed 1513(85KB) AllocSpace objects, 1(20KB) LOS objects, 23% free, 52MB/68MB, paused 544us total 26.049ms
08-06 17:21:08.655 23700 23736 I art     : Starting a blocking GC Explicit
08-06 17:21:08.685 23700 23736 I art     : Explicit concurrent mark sweep GC freed 26(944B) AllocSpace objects, 0(0B) LOS objects, 23% free, 52MB/68MB, paused 590us total 30.124ms
08-06 17:21:08.685 23700 23711 I art     : WaitForGcToComplete blocked for 21.766ms for cause HeapTrim
08-06 17:21:08.697 23700 23736 I art     : Starting a blocking GC Explicit
08-06 17:21:08.727 23700 23736 I art     : Explicit concurrent mark sweep GC freed 3(96B) AllocSpace objects, 0(0B) LOS objects, 23% free, 52MB/68MB, paused 567us total 29.040ms
08-06 17:21:08.741 23700 23736 I art     : Starting a blocking GC Explicit
08-06 17:21:08.772 23700 23736 I art     : Explicit concurrent mark sweep GC freed 3(96B) AllocSpace objects, 0(0B) LOS objects, 23% free, 52MB/68MB, paused 567us total 30.325ms
08-06 17:21:08.785 23700 23736 I art     : Starting a blocking GC Explicit
08-06 17:21:08.807   380   380 W SurfaceFlinger: couldn't log to binary event log: overflow.
08-06 17:21:08.810 23700 23736 I art     : Explicit concurrent mark sweep GC freed 89(7KB) AllocSpace objects, 0(0B) LOS objects, 23% free, 52MB/68MB, paused 679us total 25.516ms
08-06 17:21:09.112 23700 23713 I art     : Starting a blocking GC Explicit
08-06 17:21:09.151 23700 23713 I art     : Explicit concurrent mark sweep GC freed 1366(79KB) AllocSpace objects, 1(20KB) LOS objects, 23% free, 52MB/68MB, paused 704us total 38.243ms
08-06 17:21:09.169 23700 23713 I art     : Starting a blocking GC Explicit
08-06 17:21:09.196 23700 23713 I art     : Explicit concurrent mark sweep GC freed 1672(107KB) AllocSpace objects, 3(400KB) LOS objects, 23% free, 52MB/68MB, paused 589us total 26.323ms
08-06 17:21:09.207 23700 23713 I art     : Starting a blocking GC Explicit
08-06 17:21:09.233 23700 23713 I art     : Explicit concurrent mark sweep GC freed 3(96B) AllocSpace objects, 0(0B) LOS objects, 23% free, 52MB/68MB, paused 588us total 26.166ms
08-06 17:21:09.244 23700 23713 I art     : Starting a blocking GC Explicit
08-06 17:21:09.271 23700 23713 I art     : Explicit concurrent mark sweep GC freed 3(96B) AllocSpace objects, 0(0B) LOS objects, 23% free, 52MB/68MB, paused 555us total 26.537ms
08-06 17:21:09.282 23700 23713 I art     : Starting a blocking GC Explicit
08-06 17:21:09.309 23700 23713 I art     : Explicit concurrent mark sweep GC freed 3(96B) AllocSpace objects, 0(0B) LOS objects, 23% free, 52MB/68MB, paused 590us total 26.379ms
08-06 17:21:09.611 23700 23712 I art     : Starting a blocking GC Explicit
08-06 17:21:09.643 23700 23712 I art     : Explicit concurrent mark sweep GC freed 1343(78KB) AllocSpace objects, 1(20KB) LOS objects, 23% free, 52MB/68MB, paused 727us total 31.710ms
08-06 17:21:09.657 23700 23712 I art     : Starting a blocking GC Explicit
08-06 17:21:09.683 23700 23712 I art     : Explicit concurrent mark sweep GC freed 20(704B) AllocSpace objects, 0(0B) LOS objects, 23% free, 52MB/68MB, paused 597us total 25.693ms
08-06 17:21:09.694 23700 23712 I art     : Starting a blocking GC Explicit
08-06 17:21:09.719 23700 23712 I art     : Explicit concurrent mark sweep GC freed 3(96B) AllocSpace objects, 0(0B) LOS objects, 23% free, 52MB/68MB, paused 613us total 24.427ms
08-06 17:21:09.730 23700 23712 I art     : Starting a blocking GC Explicit
08-06 17:21:09.753 23700 23712 I art     : Explicit concurrent mark sweep GC freed 3(96B) AllocSpace objects, 0(0B) LOS objects, 23% free, 52MB/68MB, paused 566us total 22.701ms
08-06 17:21:09.763 23700 23712 I art     : Starting a blocking GC Explicit
08-06 17:21:09.788 23700 23712 I art     : Explicit concurrent mark sweep GC freed 3(96B) AllocSpace objects, 0(0B) LOS objects, 23% free, 52MB/68MB, paused 642us total 24.174ms
08-06 17:21:10.083 23700 25454 I art     : Starting a blocking GC Explicit
08-06 17:21:10.114 23700 25454 I art     : Explicit concurrent mark sweep GC freed 1342(78KB) AllocSpace objects, 1(20KB) LOS objects, 23% free, 52MB/68MB, paused 628us total 30.882ms
08-06 17:21:10.127 23700 25454 I art     : Starting a blocking GC Explicit
08-06 17:21:10.154 23700 25454 I art     : Explicit concurrent mark sweep GC freed 20(704B) AllocSpace objects, 0(0B) LOS objects, 23% free, 52MB/68MB, paused 609us total 26.386ms
08-06 17:21:10.165 23700 25454 I art     : Starting a blocking GC Explicit
08-06 17:21:10.192 23700 25454 I art     : Explicit concurrent mark sweep GC freed 3(96B) AllocSpace objects, 0(0B) LOS objects, 23% free, 52MB/68MB, paused 591us total 26.242ms
08-06 17:21:10.203 23700 25454 I art     : Starting a blocking GC Explicit
08-06 17:21:10.229 23700 25454 I art     : Explicit concurrent mark sweep GC freed 3(96B) AllocSpace objects, 0(0B) LOS objects, 23% free, 52MB/68MB, paused 612us total 26.452ms
08-06 17:21:10.240 23700 25454 I art     : Starting a blocking GC Explicit
08-06 17:21:10.261 25475 25475 D AndroidRuntime: >>>>>> START com.android.internal.os.RuntimeInit uid 2000 <<<<<<
08-06 17:21:10.267 23700 25454 I art     : Explicit concurrent mark sweep GC freed 3(96B) AllocSpace objects, 0(0B) LOS objects, 23% free, 52MB/68MB, paused 681us total 26.306ms
08-06 17:21:10.268 25475 25475 D AndroidRuntime: CheckJNI is OFF
08-06 17:21:10.312 25475 25475 D ICU     : No timezone override file found: /data/misc/zoneinfo/current/icu/icu_tzdata.dat
08-06 17:21:10.357 25475 25475 I Radio-JNI: register_android_hardware_Radio DONE
08-06 17:21:10.387 25475 25475 D AndroidRuntime: Calling main entry com.android.commands.input.Input
08-06 17:21:10.389 25475 25475 I Input   : injectKeyEvent: KeyEvent { action=ACTION_DOWN, keyCode=KEYCODE_BACK, scanCode=0, metaState=0, flags=0x0, repeatCount=0, eventTime=897686802, downTime=897686802, deviceId=-1, source=0x101 }
08-06 17:21:10.396 25475 25475 I Input   : injectKeyEvent: KeyEvent { action=ACTION_UP, keyCode=KEYCODE_BACK, scanCode=0, metaState=0, flags=0x0, repeatCount=0, eventTime=897686802, downTime=897686802, deviceId=-1, source=0x101 }
08-06 17:21:10.402 25475 25475 D AndroidRuntime: Shutting down VM
08-06 17:21:10.449 13866 13866 I GoogleInputMethodServic: GoogleInputMethodService.onFinishInput():3138 
08-06 17:21:10.449 13866 13866 I GoogleInputMethodServic: GoogleInputMethodService.onStartInput():1808 
08-06 17:21:10.549 23700 23712 I art     : Starting a blocking GC Explicit
08-06 17:21:10.579 23700 23712 I art     : Explicit concurrent mark sweep GC freed 1565(87KB) AllocSpace objects, 1(20KB) LOS objects, 23% free, 52MB/68MB, paused 550us total 29.296ms
08-06 17:21:10.593 23700 23712 I art     : Starting a blocking GC Explicit
08-06 17:21:10.623 23700 23712 I art     : Explicit concurrent mark sweep GC freed 38(1296B) AllocSpace objects, 0(0B) LOS objects, 23% free, 52MB/68MB, paused 598us total 29.355ms
08-06 17:21:10.635 23700 23712 I art     : Starting a blocking GC Explicit
08-06 17:21:10.665 23700 23712 I art     : Explicit concurrent mark sweep GC freed 3(96B) AllocSpace objects, 0(0B) LOS objects, 23% free, 52MB/68MB, paused 652us total 28.984ms
08-06 17:21:10.678 23700 23712 I art     : Starting a blocking GC Explicit
08-06 17:21:10.709 23700 23712 I art     : Explicit concurrent mark sweep GC freed 3(96B) AllocSpace objects, 0(0B) LOS objects, 23% free, 52MB/68MB, paused 569us total 29.793ms
08-06 17:21:10.722 23700 23712 I art     : Starting a blocking GC Explicit
08-06 17:21:10.750 23700 23712 I art     : Explicit concurrent mark sweep GC freed 3(96B) AllocSpace objects, 0(0B) LOS objects, 23% free, 52MB/68MB, paused 541us total 26.995ms
08-06 17:21:11.040 23700 25454 I art     : Starting a blocking GC Explicit
08-06 17:21:11.072 23700 25454 I art     : Explicit concurrent mark sweep GC freed 1982(109KB) AllocSpace objects, 1(20KB) LOS objects, 23% free, 52MB/68MB, paused 614us total 31.538ms
08-06 17:21:11.086 23700 25454 I art     : Starting a blocking GC Explicit
08-06 17:21:11.112 23700 25454 I art     : Explicit concurrent mark sweep GC freed 2106(128KB) AllocSpace objects, 2(140KB) LOS objects, 23% free, 52MB/68MB, paused 562us total 25.572ms
08-06 17:21:11.123 23700 25454 I art     : Starting a blocking GC Explicit
08-06 17:21:11.148 23700 25454 I art     : Explicit concurrent mark sweep GC freed 3(96B) AllocSpace objects, 0(0B) LOS objects, 23% free, 52MB/68MB, paused 629us total 24.420ms
08-06 17:21:11.159 23700 25454 I art     : Starting a blocking GC Explicit
08-06 17:21:11.184 23700 25454 I art     : Explicit concurrent mark sweep GC freed 3(96B) AllocSpace objects, 0(0B) LOS objects, 23% free, 52MB/68MB, paused 565us total 24.824ms
08-06 17:21:11.195 23700 25454 I art     : Starting a blocking GC Explicit
08-06 17:21:11.220 23700 25454 I art     : Explicit concurrent mark sweep GC freed 3(96B) AllocSpace objects, 0(0B) LOS objects, 23% free, 52MB/68MB, paused 565us total 25.244ms
08-06 17:21:11.523 23700 24467 I art     : Starting a blocking GC Explicit
08-06 17:21:11.553 23700 24467 I art     : Explicit concurrent mark sweep GC freed 1342(78KB) AllocSpace objects, 1(20KB) LOS objects, 23% free, 52MB/68MB, paused 621us total 29.440ms
08-06 17:21:11.567 23700 24467 I art     : Starting a blocking GC Explicit
08-06 17:21:11.591 23700 24467 I art     : Explicit concurrent mark sweep GC freed 20(704B) AllocSpace objects, 0(0B) LOS objects, 23% free, 52MB/68MB, paused 634us total 23.860ms
08-06 17:21:11.602 23700 24467 I art     : Starting a blocking GC Explicit
08-06 17:21:11.627 23700 24467 I art     : Explicit concurrent mark sweep GC freed 3(96B) AllocSpace objects, 0(0B) LOS objects, 23% free, 52MB/68MB, paused 578us total 24.958ms
08-06 17:21:11.638 23700 24467 I art     : Starting a blocking GC Explicit
08-06 17:21:11.661 23700 24467 I art     : Explicit concurrent mark sweep GC freed 3(96B) AllocSpace objects, 0(0B) LOS objects, 23% free, 52MB/68MB, paused 580us total 23.547ms
08-06 17:21:11.672 23700 24467 I art     : Starting a blocking GC Explicit
08-06 17:21:11.696 23700 24467 I art     : Explicit concurrent mark sweep GC freed 3(96B) AllocSpace objects, 0(0B) LOS objects, 23% free, 52MB/68MB, paused 608us total 23.289ms
08-06 17:21:11.985 23700 23713 I art     : Starting a blocking GC Explicit
08-06 17:21:12.013 23700 23713 I art     : Explicit concurrent mark sweep GC freed 1340(78KB) AllocSpace objects, 1(20KB) LOS objects, 23% free, 52MB/68MB, paused 586us total 27.589ms
08-06 17:21:12.024 23700 23713 I art     : Starting a blocking GC Explicit
08-06 17:21:12.049 23700 23713 I art     : Explicit concurrent mark sweep GC freed 20(704B) AllocSpace objects, 0(0B) LOS objects, 23% free, 52MB/68MB, paused 604us total 24.364ms
08-06 17:21:12.059 23700 23713 I art     : Starting a blocking GC Explicit
08-06 17:21:12.085 23700 23713 I art     : Explicit concurrent mark sweep GC freed 3(96B) AllocSpace objects, 0(0B) LOS objects, 23% free, 52MB/68MB, paused 600us total 25.176ms
08-06 17:21:12.096 23700 23713 I art     : Starting a blocking GC Explicit
08-06 17:21:12.122 23700 23713 I art     : Explicit concurrent mark sweep GC freed 3(96B) AllocSpace objects, 0(0B) LOS objects, 23% free, 52MB/68MB, paused 604us total 25.674ms
08-06 17:21:12.133 23700 23713 I art     : Starting a blocking GC Explicit
08-06 17:21:12.158 23700 23713 I art     : Explicit concurrent mark sweep GC freed 3(96B) AllocSpace objects, 0(0B) LOS objects, 23% free, 52MB/68MB, paused 609us total 24.732ms
08-06 17:21:12.177 25528 25528 D AndroidRuntime: >>>>>> START com.android.internal.os.RuntimeInit uid 2000 <<<<<<
08-06 17:21:12.183 25528 25528 D AndroidRuntime: CheckJNI is OFF
08-06 17:21:12.228 25528 25528 D ICU     : No timezone override file found: /data/misc/zoneinfo/current/icu/icu_tzdata.dat
08-06 17:21:12.278 25528 25528 I Radio-JNI: register_android_hardware_Radio DONE
08-06 17:21:12.308 25528 25528 D AndroidRuntime: Calling main entry com.android.commands.input.Input
08-06 17:21:12.310 25528 25528 I Input   : injectMotionEvent: MotionEvent { action=ACTION_DOWN, actionButton=0, id[0]=0, x[0]=1053.0, y[0]=1173.0, toolType[0]=TOOL_TYPE_UNKNOWN, buttonState=0, metaState=0, flags=0x0, edgeFlags=0x0, pointerCount=1, historySize=0, eventTime=897688723, downTime=897688723, deviceId=0, source=0x1002 }
08-06 17:21:12.315 25528 25528 I Input   : injectMotionEvent: MotionEvent { action=ACTION_UP, actionButton=0, id[0]=0, x[0]=1053.0, y[0]=1173.0, toolType[0]=TOOL_TYPE_UNKNOWN, buttonState=0, metaState=0, flags=0x0, edgeFlags=0x0, pointerCount=1, historySize=0, eventTime=897688723, downTime=897688723, deviceId=0, source=0x1002 }
08-06 17:21:12.317   918  3670 I ActivityManager: START u0 {cmp=baseline.appteam.nith.hillffair/.activities.QuizActivity} from uid 10697 on display 0
08-06 17:21:12.324 25528 25528 D AndroidRuntime: Shutting down VM
08-06 17:21:12.449 23700 25454 I art     : Starting a blocking GC Explicit
08-06 17:21:12.461   918   936 I ActivityManager: Displayed baseline.appteam.nith.hillffair/.activities.QuizActivity: +136ms
08-06 17:21:12.464 13866 13866 I GoogleInputMethodServic: GoogleInputMethodService.onFinishInput():3138 
08-06 17:21:12.465 13866 13866 I GoogleInputMethodServic: GoogleInputMethodService.onStartInput():1808 
08-06 17:21:12.473 23700 25454 I art     : Explicit concurrent mark sweep GC freed 2148(141KB) AllocSpace objects, 1(20KB) LOS objects, 23% free, 52MB/68MB, paused 578us total 24.061ms
08-06 17:21:12.486 23700 25454 I art     : Starting a blocking GC Explicit
08-06 17:21:12.512 23700 25454 I art     : Explicit concurrent mark sweep GC freed 185(8KB) AllocSpace objects, 0(0B) LOS objects, 23% free, 52MB/68MB, paused 572us total 25.152ms
08-06 17:21:12.522 23700 25454 I art     : Starting a blocking GC Explicit
08-06 17:21:12.544 23700 25454 I art     : Explicit concurrent mark sweep GC freed 35(1504B) AllocSpace objects, 0(0B) LOS objects, 23% free, 52MB/68MB, paused 523us total 22.221ms
08-06 17:21:12.556 23700 25454 I art     : Starting a blocking GC Explicit
08-06 17:21:12.579 23700 25454 I art     : Explicit concurrent mark sweep GC freed 3(96B) AllocSpace objects, 0(0B) LOS objects, 23% free, 52MB/68MB, paused 521us total 23.515ms
08-06 17:21:12.590 23700 25454 I art     : Starting a blocking GC Explicit
08-06 17:21:12.618 23700 25454 I art     : Explicit concurrent mark sweep GC freed 3(96B) AllocSpace objects, 0(0B) LOS objects, 23% free, 52MB/68MB, paused 577us total 27.552ms
08-06 17:21:12.695   380   380 W SurfaceFlinger: couldn't log to binary event log: overflow.
08-06 17:21:12.896 23700 23736 I art     : Starting a blocking GC Explicit
08-06 17:21:12.923 23700 23736 I art     : Explicit concurrent mark sweep GC freed 1412(82KB) AllocSpace objects, 1(20KB) LOS objects, 23% free, 52MB/68MB, paused 565us total 26.287ms
08-06 17:21:12.935 23700 23736 I art     : Starting a blocking GC Explicit
08-06 17:21:12.960 23700 23736 I art     : Explicit concurrent mark sweep GC freed 20(704B) AllocSpace objects, 0(0B) LOS objects, 23% free, 52MB/68MB, paused 555us total 25.335ms
08-06 17:21:12.971 23700 23736 I art     : Starting a blocking GC Explicit
08-06 17:21:12.997 23700 23736 I art     : Explicit concurrent mark sweep GC freed 3(96B) AllocSpace objects, 0(0B) LOS objects, 23% free, 52MB/68MB, paused 656us total 25.830ms
08-06 17:21:13.008 23700 23736 I art     : Starting a blocking GC Explicit
08-06 17:21:13.034 23700 23736 I art     : Explicit concurrent mark sweep GC freed 3(96B) AllocSpace objects, 0(0B) LOS objects, 23% free, 52MB/68MB, paused 554us total 25.909ms
08-06 17:21:13.045 23700 23736 I art     : Starting a blocking GC Explicit
08-06 17:21:13.072 23700 23736 I art     : Explicit concurrent mark sweep GC freed 3(96B) AllocSpace objects, 0(0B) LOS objects, 23% free, 52MB/68MB, paused 552us total 26.335ms
08-06 17:21:13.288   518   646 I ThermalEngine: ACTION: GPU - Setting GPU[0] to 390000000
08-06 17:21:13.384 23700 24467 I art     : Starting a blocking GC Explicit
08-06 17:21:13.428 23700 24467 I art     : Explicit concurrent mark sweep GC freed 1342(78KB) AllocSpace objects, 1(20KB) LOS objects, 23% free, 52MB/68MB, paused 873us total 43.097ms
08-06 17:21:13.448 23700 24467 I art     : Starting a blocking GC Explicit
08-06 17:21:13.481 23700 24467 I art     : Explicit concurrent mark sweep GC freed 20(704B) AllocSpace objects, 0(0B) LOS objects, 23% free, 52MB/68MB, paused 803us total 32.818ms
08-06 17:21:13.497 23700 24467 I art     : Starting a blocking GC Explicit
08-06 17:21:13.531 23700 24467 I art     : Explicit concurrent mark sweep GC freed 3(96B) AllocSpace objects, 0(0B) LOS objects, 23% free, 52MB/68MB, paused 856us total 32.865ms
08-06 17:21:13.547 23700 24467 I art     : Starting a blocking GC Explicit
08-06 17:21:13.581 23700 24467 I art     : Explicit concurrent mark sweep GC freed 3(96B) AllocSpace objects, 0(0B) LOS objects, 23% free, 52MB/68MB, paused 794us total 32.910ms
08-06 17:21:13.597 23700 24467 I art     : Starting a blocking GC Explicit
08-06 17:21:13.630 23700 24467 I art     : Explicit concurrent mark sweep GC freed 3(96B) AllocSpace objects, 0(0B) LOS objects, 23% free, 52MB/68MB, paused 903us total 32.856ms
08-06 17:21:13.950 23700 23713 I art     : Starting a blocking GC Explicit
08-06 17:21:13.999 23700 23713 I art     : Explicit concurrent mark sweep GC freed 1345(78KB) AllocSpace objects, 1(20KB) LOS objects, 23% free, 52MB/68MB, paused 3.162ms total 48.478ms
08-06 17:21:14.015 23700 23713 I art     : Starting a blocking GC Explicit
08-06 17:21:14.049 23700 23713 I art     : Explicit concurrent mark sweep GC freed 28(960B) AllocSpace objects, 0(0B) LOS objects, 23% free, 52MB/68MB, paused 954us total 33.694ms
08-06 17:21:14.065 23700 23713 I art     : Starting a blocking GC Explicit
08-06 17:21:14.096 23700 23713 I art     : Explicit concurrent mark sweep GC freed 7(224B) AllocSpace objects, 0(0B) LOS objects, 23% free, 52MB/68MB, paused 788us total 31.255ms
08-06 17:21:14.113 23700 23713 I art     : Starting a blocking GC Explicit
08-06 17:21:14.148 23700 23713 I art     : Explicit concurrent mark sweep GC freed 10(320B) AllocSpace objects, 0(0B) LOS objects, 23% free, 52MB/68MB, paused 1.268ms total 34.866ms
08-06 17:21:14.164 23700 23713 I art     : Starting a blocking GC Explicit
08-06 17:21:14.197 23700 23713 I art     : Explicit concurrent mark sweep GC freed 8(256B) AllocSpace objects, 0(0B) LOS objects, 23% free, 52MB/68MB, paused 1.046ms total 33.207ms
08-06 17:21:14.512 23700 23736 I art     : Starting a blocking GC Explicit
08-06 17:21:14.553 23700 23736 I art     : Explicit concurrent mark sweep GC freed 1345(78KB) AllocSpace objects, 1(20KB) LOS objects, 23% free, 52MB/68MB, paused 1.661ms total 40.677ms
08-06 17:21:14.571 23700 23736 I art     : Starting a blocking GC Explicit
08-06 17:21:14.603 23700 23736 I art     : Explicit concurrent mark sweep GC freed 20(704B) AllocSpace objects, 0(0B) LOS objects, 23% free, 52MB/68MB, paused 855us total 31.968ms
08-06 17:21:14.618 23700 23736 I art     : Starting a blocking GC Explicit
08-06 17:21:14.650 23700 23736 I art     : Explicit concurrent mark sweep GC freed 3(96B) AllocSpace objects, 0(0B) LOS objects, 23% free, 52MB/68MB, paused 909us total 30.954ms
08-06 17:21:14.665 23700 23736 I art     : Starting a blocking GC Explicit
08-06 17:21:14.697 23700 23736 I art     : Explicit concurrent mark sweep GC freed 3(96B) AllocSpace objects, 0(0B) LOS objects, 23% free, 52MB/68MB, paused 988us total 31.707ms
08-06 17:21:14.713 23700 23736 I art     : Starting a blocking GC Explicit
08-06 17:21:14.745 23700 23736 I art     : Explicit concurrent mark sweep GC freed 3(96B) AllocSpace objects, 0(0B) LOS objects, 23% free, 52MB/68MB, paused 835us total 31.399ms
08-06 17:21:15.063 23700 24467 I art     : Starting a blocking GC Explicit
08-06 17:21:15.101 23700 24467 I art     : Explicit concurrent mark sweep GC freed 1342(78KB) AllocSpace objects, 1(20KB) LOS objects, 23% free, 52MB/68MB, paused 1.092ms total 37.473ms
08-06 17:21:15.117 23700 24467 I art     : Starting a blocking GC Explicit
08-06 17:21:15.149 23700 24467 I art     : Explicit concurrent mark sweep GC freed 20(704B) AllocSpace objects, 0(0B) LOS objects, 23% free, 52MB/68MB, paused 962us total 31.269ms
08-06 17:21:15.165 23700 24467 I art     : Starting a blocking GC Explicit
08-06 17:21:15.197 23700 24467 I art     : Explicit concurrent mark sweep GC freed 3(96B) AllocSpace objects, 0(0B) LOS objects, 23% free, 52MB/68MB, paused 885us total 31.607ms
08-06 17:21:15.213 23700 24467 I art     : Starting a blocking GC Explicit
08-06 17:21:15.213 25602 25602 D AndroidRuntime: >>>>>> START com.android.internal.os.RuntimeInit uid 2000 <<<<<<
08-06 17:21:15.220 25602 25602 D AndroidRuntime: CheckJNI is OFF
08-06 17:21:15.245 23700 24467 I art     : Explicit concurrent mark sweep GC freed 3(96B) AllocSpace objects, 0(0B) LOS objects, 23% free, 52MB/68MB, paused 961us total 31.441ms
08-06 17:21:15.260 23700 24467 I art     : Starting a blocking GC Explicit
08-06 17:21:15.274 25602 25602 D ICU     : No timezone override file found: /data/misc/zoneinfo/current/icu/icu_tzdata.dat
08-06 17:21:15.292 23700 24467 I art     : Explicit concurrent mark sweep GC freed 3(96B) AllocSpace objects, 0(0B) LOS objects, 23% free, 52MB/68MB, paused 982us total 32.099ms
08-06 17:21:15.319 25602 25602 I Radio-JNI: register_android_hardware_Radio DONE
08-06 17:21:15.351 25602 25602 D AndroidRuntime: Calling main entry com.android.commands.input.Input
08-06 17:21:15.353 25602 25602 I Input   : injectMotionEvent: MotionEvent { action=ACTION_DOWN, actionButton=0, id[0]=0, x[0]=756.0, y[0]=1530.0, toolType[0]=TOOL_TYPE_UNKNOWN, buttonState=0, metaState=0, flags=0x0, edgeFlags=0x0, pointerCount=1, historySize=0, eventTime=897691765, downTime=897691765, deviceId=0, source=0x1002 }
08-06 17:21:15.359 25602 25602 I Input   : injectMotionEvent: MotionEvent { action=ACTION_UP, actionButton=0, id[0]=0, x[0]=756.0, y[0]=1530.0, toolType[0]=TOOL_TYPE_UNKNOWN, buttonState=0, metaState=0, flags=0x0, edgeFlags=0x0, pointerCount=1, historySize=0, eventTime=897691765, downTime=897691765, deviceId=0, source=0x1002 }
08-06 17:21:15.361 25602 25602 D AndroidRuntime: Shutting down VM
08-06 17:21:15.370   918  3359 I ActivityManager: START u0 {cmp=baseline.appteam.nith.hillffair/.activities.LeaderBoardActivity} from uid 10697 on display 0
08-06 17:21:15.372   512  2967 D audio_hw_primary: out_set_parameters: enter: usecase(1: low-latency-playback) kvpairs: routing=2
08-06 17:21:15.385   512  2967 D audio_hw_primary: select_devices: out_snd_device(2: speaker) in_snd_device(0: none)
08-06 17:21:15.385   512  2967 D msm8974_platform: platform_send_audio_calibration: sending audio calibration for snd_device(2) acdb_id(15)
08-06 17:21:15.385   512  2967 I soundtrigger: audio_extn_sound_trigger_update_device_status: device 0x2 of type 0 for Event 1
08-06 17:21:15.402   512  2967 D audio_hw_primary: enable_snd_device: snd_device(2: speaker)
08-06 17:21:15.407   512  2967 D audio_hw_primary: enable_audio_route: apply and update mixer path: low-latency-playback speaker
08-06 17:21:15.546 23700 23700 E RecyclerView: No adapter attached; skipping layout
08-06 17:21:15.550 23700 23700 E RecyclerView: No adapter attached; skipping layout
08-06 17:21:15.596   918   936 I ActivityManager: Displayed baseline.appteam.nith.hillffair/.activities.LeaderBoardActivity: +209ms
08-06 17:21:15.597 13866 13866 I GoogleInputMethodServic: GoogleInputMethodService.onFinishInput():3138 
08-06 17:21:15.598 13866 13866 I GoogleInputMethodServic: GoogleInputMethodService.onStartInput():1808 
08-06 17:21:15.607 23700 23700 E RecyclerView: No adapter attached; skipping layout
08-06 17:21:15.631 23700 23712 I art     : Starting a blocking GC Explicit
08-06 17:21:15.663 23700 23726 D OpenGLRenderer: endAllStagingAnimators on 0x7f8291a800 (RippleDrawable) with handle 0x7f99f13280
08-06 17:21:15.677 23700 23712 I art     : Explicit concurrent mark sweep GC freed 6485(381KB) AllocSpace objects, 1(20KB) LOS objects, 23% free, 52MB/68MB, paused 1.542ms total 45.793ms
08-06 17:21:15.694 23700 23712 I art     : Starting a blocking GC Explicit
08-06 17:21:15.724 23700 23712 I art     : Explicit concurrent mark sweep GC freed 270(11KB) AllocSpace objects, 0(0B) LOS objects, 23% free, 52MB/68MB, paused 819us total 29.454ms
08-06 17:21:15.741 23700 23712 I art     : Starting a blocking GC Explicit
08-06 17:21:15.749 16668 16670 E QC-QMI  : qmi_client [16668] 633: failed to locate client data
08-06 17:21:15.750   519   519 E QC-QMI  : qmuxd: RX on fd=18 returned error=0 errno[2:No such file or directory]
08-06 17:21:15.750   519   519 E QC-QMI  : QMUX qmux_client_id=633 not found in qmux client list, unable to remove
08-06 17:21:15.751 16668 16668 I Atfwd_Daemon: Stop the daemon....
08-06 17:21:15.769 25638 25638 W ATFWD-daemon: type=1400 audit(0.0:740314): avc: denied { read write } for name="diag" dev="tmpfs" ino=1296 scontext=u:r:atfwd:s0 tcontext=u:object_r:diag_device:s0 tclass=chr_file permissive=0
08-06 17:21:15.775 23700 23712 I art     : Explicit concurrent mark sweep GC freed 13(416B) AllocSpace objects, 0(0B) LOS objects, 23% free, 52MB/68MB, paused 933us total 33.280ms
08-06 17:21:15.780 25638 25638 I libmdmdetect: ESOC framework not supported
08-06 17:21:15.781 25638 25638 I libmdmdetect: Found internal modem: modem
08-06 17:21:15.781 25638 25638 E Diag_Lib:  Diag_LSM_Init: Failed to open handle to diag driver, error = 13
08-06 17:21:15.787 25638 25638 I Atfwd_Daemon: result : 255 	 ,Init step :0 	 ,qmiErrorCode: 0
08-06 17:21:15.787 25638 25638 I Atfwd_Daemon: result : 0 	 ,Init step :1 	 ,qmiErrorCode: 0
08-06 17:21:15.788 25638 25638 I ServiceManager: Waiting for service AtCmdFwd...
08-06 17:21:15.792 23700 23712 I art     : Starting a blocking GC Explicit
08-06 17:21:15.824 23700 23712 I art     : Explicit concurrent mark sweep GC freed 3(96B) AllocSpace objects, 0(0B) LOS objects, 23% free, 52MB/68MB, paused 940us total 32.125ms
08-06 17:21:15.841 23700 23712 I art     : Starting a blocking GC Explicit
08-06 17:21:15.848   380   380 W SurfaceFlinger: couldn't log to binary event log: overflow.
08-06 17:21:15.872 23700 23712 I art     : Explicit concurrent mark sweep GC freed 3(96B) AllocSpace objects, 0(0B) LOS objects, 23% free, 52MB/68MB, paused 939us total 30.910ms
08-06 17:21:15.939   512  2967 D audio_hw_primary: disable_audio_route: reset and update mixer path: low-latency-playback speaker
08-06 17:21:15.939   512  2967 D audio_hw_primary: disable_snd_device: snd_device(2: speaker)
08-06 17:21:15.947   512  2967 I soundtrigger: audio_extn_sound_trigger_update_device_status: device 0x2 of type 0 for Event 0
08-06 17:21:16.190 23700 23712 I art     : Starting a blocking GC Explicit
08-06 17:21:16.225 23700 23712 I art     : Explicit concurrent mark sweep GC freed 1848(102KB) AllocSpace objects, 1(20KB) LOS objects, 23% free, 52MB/68MB, paused 1.437ms total 34.892ms
08-06 17:21:16.242 23700 23712 I art     : Starting a blocking GC Explicit
08-06 17:21:16.262 23700 25627 D OkHttp  : --> GET https://api-hillfair-2k16.herokuapp.com/api/app/quiz/leaderboard?from=1 http/1.1
08-06 17:21:16.274 23700 23712 I art     : Explicit concurrent mark sweep GC freed 2332(121KB) AllocSpace objects, 2(120KB) LOS objects, 23% free, 52MB/68MB, paused 1.017ms total 31.364ms
08-06 17:21:16.289 23700 23712 I art     : Starting a blocking GC Explicit
08-06 17:21:16.300 23700 25627 D OkHttp  : <-- 200 OK https://api-hillfair-2k16.herokuapp.com/api/app/quiz/leaderboard?from=1 (37ms, 56744-byte body)
08-06 17:21:16.323 23700 23712 I art     : Explicit concurrent mark sweep GC freed 5741(353KB) AllocSpace objects, 1(80KB) LOS objects, 23% free, 52MB/68MB, paused 1.250ms total 34.217ms
08-06 17:21:16.340 23700 23712 I art     : Starting a blocking GC Explicit
08-06 17:21:16.375 23700 23712 I art     : Explicit concurrent mark sweep GC freed 15074(697KB) AllocSpace objects, 0(0B) LOS objects, 23% free, 52MB/68MB, paused 1.176ms total 34.877ms
08-06 17:21:16.390 23700 23712 I art     : Starting a blocking GC Explicit
08-06 17:21:16.400 23700 23700 I NAPPA_EXPERIMENTATION: MetricNetworkRequestExecutionTime: REQUEST_DURATION_SYSTEM='960',REQUEST_DURATION_OKHTTP='37',REQUEST_SYNCHRONOUS='FALSE',RESPONSE_CODE='200',RESPONSE_METHOD='GET',RESPONSE_LENGTH_OKHTTP='56744',RESPONSE_LENGTH_HEADER='56744',REQUEST_PROTOCOL='http/1.1',REQUEST_URL='https://api-hillfair-2k16.herokuapp.com/api/app/quiz/leaderboard?from=1',
08-06 17:21:16.423 23700 23712 I art     : Explicit concurrent mark sweep GC freed 5425(263KB) AllocSpace objects, 0(0B) LOS objects, 23% free, 52MB/68MB, paused 1.359ms total 32.537ms
08-06 17:21:16.734 23700 23736 I art     : Starting a blocking GC Explicit
08-06 17:21:16.779 23700 23736 I art     : Explicit concurrent mark sweep GC freed 2440(122KB) AllocSpace objects, 1(20KB) LOS objects, 23% free, 52MB/68MB, paused 1.186ms total 44.004ms
08-06 17:21:16.789 25638 25638 I ServiceManager: Waiting for service AtCmdFwd...
08-06 17:21:16.799 23700 23736 I art     : Starting a blocking GC Explicit
08-06 17:21:16.835 23700 23736 I art     : Explicit concurrent mark sweep GC freed 49(2080B) AllocSpace objects, 0(0B) LOS objects, 23% free, 52MB/68MB, paused 845us total 35.927ms
08-06 17:21:16.852 23700 23736 I art     : Starting a blocking GC Explicit
08-06 17:21:16.888 23700 23736 I art     : Explicit concurrent mark sweep GC freed 3(96B) AllocSpace objects, 0(0B) LOS objects, 23% free, 52MB/68MB, paused 947us total 36.385ms
08-06 17:21:16.905 23700 23736 I art     : Starting a blocking GC Explicit
08-06 17:21:16.942 23700 23736 I art     : Explicit concurrent mark sweep GC freed 3(96B) AllocSpace objects, 0(0B) LOS objects, 23% free, 52MB/68MB, paused 829us total 36.265ms
08-06 17:21:16.959 23700 23736 I art     : Starting a blocking GC Explicit
08-06 17:21:16.995 23700 23736 I art     : Explicit concurrent mark sweep GC freed 3(96B) AllocSpace objects, 0(0B) LOS objects, 23% free, 52MB/68MB, paused 805us total 36.150ms
08-06 17:21:17.319 23700 24467 I art     : Starting a blocking GC Explicit
08-06 17:21:17.371 23700 24467 I art     : Explicit concurrent mark sweep GC freed 1347(78KB) AllocSpace objects, 1(20KB) LOS objects, 23% free, 52MB/68MB, paused 1.634ms total 51.271ms
08-06 17:21:17.392 23700 24467 I art     : Starting a blocking GC Explicit
08-06 17:21:17.429 23700 24467 I art     : Explicit concurrent mark sweep GC freed 20(704B) AllocSpace objects, 0(0B) LOS objects, 23% free, 52MB/68MB, paused 1.024ms total 36.015ms
08-06 17:21:17.445 23700 24467 I art     : Starting a blocking GC Explicit
08-06 17:21:17.482 23700 24467 I art     : Explicit concurrent mark sweep GC freed 3(96B) AllocSpace objects, 0(0B) LOS objects, 23% free, 52MB/68MB, paused 817us total 36.603ms
08-06 17:21:17.499 23700 24467 I art     : Starting a blocking GC Explicit
08-06 17:21:17.536 23700 24467 I art     : Explicit concurrent mark sweep GC freed 3(96B) AllocSpace objects, 0(0B) LOS objects, 23% free, 52MB/68MB, paused 814us total 36.057ms
08-06 17:21:17.552 23700 24467 I art     : Starting a blocking GC Explicit
08-06 17:21:17.589 23700 24467 I art     : Explicit concurrent mark sweep GC freed 3(96B) AllocSpace objects, 0(0B) LOS objects, 23% free, 52MB/68MB, paused 973us total 36.655ms
08-06 17:21:17.789 25638 25638 I ServiceManager: Waiting for service AtCmdFwd...
08-06 17:21:17.926 23700 23712 I art     : Starting a blocking GC Explicit
08-06 17:21:17.976 23700 23712 I art     : Explicit concurrent mark sweep GC freed 1347(78KB) AllocSpace objects, 1(20KB) LOS objects, 23% free, 52MB/68MB, paused 961us total 48.841ms
08-06 17:21:17.996 23700 23712 I art     : Starting a blocking GC Explicit
08-06 17:21:18.039 23700 23712 I art     : Explicit concurrent mark sweep GC freed 20(704B) AllocSpace objects, 0(0B) LOS objects, 23% free, 52MB/68MB, paused 1.107ms total 42.927ms
08-06 17:21:18.060 23700 23712 I art     : Starting a blocking GC Explicit
08-06 17:21:18.097 23700 23712 I art     : Explicit concurrent mark sweep GC freed 3(96B) AllocSpace objects, 0(0B) LOS objects, 23% free, 52MB/68MB, paused 983us total 37.289ms
08-06 17:21:18.114 23700 23712 I art     : Starting a blocking GC Explicit
08-06 17:21:18.150 23700 23712 I art     : Explicit concurrent mark sweep GC freed 3(96B) AllocSpace objects, 0(0B) LOS objects, 23% free, 52MB/68MB, paused 966us total 35.646ms
08-06 17:21:18.168 23700 23712 I art     : Starting a blocking GC Explicit
08-06 17:21:18.205 23700 23712 I art     : Explicit concurrent mark sweep GC freed 3(96B) AllocSpace objects, 0(0B) LOS objects, 23% free, 52MB/68MB, paused 811us total 36.455ms
08-06 17:21:18.295   518   646 I ThermalEngine: ACTION: GPU - Setting GPU[0] to 450000000
08-06 17:21:18.527 23700 23713 I art     : Starting a blocking GC Explicit
08-06 17:21:18.561 23700 23713 I art     : Explicit concurrent mark sweep GC freed 1347(78KB) AllocSpace objects, 1(20KB) LOS objects, 23% free, 52MB/68MB, paused 630us total 33.414ms
08-06 17:21:18.574 23700 23713 I art     : Starting a blocking GC Explicit
08-06 17:21:18.605 23700 23713 I art     : Explicit concurrent mark sweep GC freed 20(704B) AllocSpace objects, 0(0B) LOS objects, 23% free, 52MB/68MB, paused 597us total 31.139ms
08-06 17:21:18.618 23700 23713 I art     : Starting a blocking GC Explicit
08-06 17:21:18.649 23700 23713 I art     : Explicit concurrent mark sweep GC freed 3(96B) AllocSpace objects, 0(0B) LOS objects, 23% free, 52MB/68MB, paused 609us total 31.061ms
08-06 17:21:18.661 23700 23713 I art     : Starting a blocking GC Explicit
08-06 17:21:18.692 23700 23713 I art     : Explicit concurrent mark sweep GC freed 3(96B) AllocSpace objects, 0(0B) LOS objects, 23% free, 52MB/68MB, paused 610us total 31.353ms
08-06 17:21:18.705 23700 23713 I art     : Starting a blocking GC Explicit
08-06 17:21:18.736 23700 23713 I art     : Explicit concurrent mark sweep GC freed 3(96B) AllocSpace objects, 0(0B) LOS objects, 23% free, 52MB/68MB, paused 591us total 31.348ms
08-06 17:21:18.790 25638 25638 I ServiceManager: Waiting for service AtCmdFwd...
08-06 17:21:19.073 23700 25454 I art     : Starting a blocking GC Explicit
08-06 17:21:19.113 23700 25454 I art     : Explicit concurrent mark sweep GC freed 1360(79KB) AllocSpace objects, 1(20KB) LOS objects, 23% free, 52MB/68MB, paused 660us total 39.729ms
08-06 17:21:19.130 23700 25454 I art     : Starting a blocking GC Explicit
08-06 17:21:19.158 23700 25454 I art     : Explicit concurrent mark sweep GC freed 34(1136B) AllocSpace objects, 0(0B) LOS objects, 23% free, 52MB/68MB, paused 590us total 28.443ms
08-06 17:21:19.170 23700 25454 I art     : Starting a blocking GC Explicit
08-06 17:21:19.202 23700 25454 I art     : Explicit concurrent mark sweep GC freed 3(96B) AllocSpace objects, 0(0B) LOS objects, 23% free, 52MB/68MB, paused 583us total 31.570ms
08-06 17:21:19.214 23700 25454 I art     : Starting a blocking GC Explicit
08-06 17:21:19.244 23700 25454 I art     : Explicit concurrent mark sweep GC freed 3(96B) AllocSpace objects, 0(0B) LOS objects, 23% free, 52MB/68MB, paused 582us total 30.365ms
08-06 17:21:19.256 23700 25454 I art     : Starting a blocking GC Explicit
08-06 17:21:19.286 23700 25454 I art     : Explicit concurrent mark sweep GC freed 3(96B) AllocSpace objects, 0(0B) LOS objects, 23% free, 52MB/68MB, paused 578us total 29.208ms
08-06 17:21:19.633 23700 23736 I art     : Starting a blocking GC Explicit
08-06 17:21:19.664 23700 23736 I art     : Explicit concurrent mark sweep GC freed 1347(78KB) AllocSpace objects, 1(20KB) LOS objects, 23% free, 52MB/68MB, paused 600us total 30.621ms
08-06 17:21:19.675 23700 23736 I art     : Starting a blocking GC Explicit
08-06 17:21:19.703 23700 23736 I art     : Explicit concurrent mark sweep GC freed 20(704B) AllocSpace objects, 0(0B) LOS objects, 23% free, 52MB/68MB, paused 592us total 27.140ms
08-06 17:21:19.714 23700 23736 I art     : Starting a blocking GC Explicit
08-06 17:21:19.742 23700 23736 I art     : Explicit concurrent mark sweep GC freed 3(96B) AllocSpace objects, 0(0B) LOS objects, 23% free, 52MB/68MB, paused 593us total 28.114ms
08-06 17:21:19.754 23700 23736 I art     : Starting a blocking GC Explicit
08-06 17:21:19.782 23700 23736 I art     : Explicit concurrent mark sweep GC freed 3(96B) AllocSpace objects, 0(0B) LOS objects, 23% free, 52MB/68MB, paused 598us total 28.420ms
08-06 17:21:19.791 25638 25638 I ServiceManager: Waiting for service AtCmdFwd...
08-06 17:21:19.794 23700 23736 I art     : Starting a blocking GC Explicit
08-06 17:21:19.824 23700 23736 I art     : Explicit concurrent mark sweep GC freed 3(96B) AllocSpace objects, 0(0B) LOS objects, 23% free, 52MB/68MB, paused 607us total 30.268ms
08-06 17:21:20.149 23700 24467 I art     : Starting a blocking GC Explicit
08-06 17:21:20.167 25714 25714 D AndroidRuntime: >>>>>> START com.android.internal.os.RuntimeInit uid 2000 <<<<<<
08-06 17:21:20.173 25714 25714 D AndroidRuntime: CheckJNI is OFF
08-06 17:21:20.182 23700 24467 I art     : Explicit concurrent mark sweep GC freed 1347(78KB) AllocSpace objects, 1(20KB) LOS objects, 23% free, 52MB/68MB, paused 659us total 32.388ms
08-06 17:21:20.194 23700 24467 I art     : Starting a blocking GC Explicit
08-06 17:21:20.219 25714 25714 D ICU     : No timezone override file found: /data/misc/zoneinfo/current/icu/icu_tzdata.dat
08-06 17:21:20.222 23700 24467 I art     : Explicit concurrent mark sweep GC freed 20(704B) AllocSpace objects, 0(0B) LOS objects, 23% free, 52MB/68MB, paused 626us total 27.818ms
08-06 17:21:20.233 23700 24467 I art     : Starting a blocking GC Explicit
08-06 17:21:20.260 23700 24467 I art     : Explicit concurrent mark sweep GC freed 3(96B) AllocSpace objects, 0(0B) LOS objects, 23% free, 52MB/68MB, paused 636us total 26.920ms
08-06 17:21:20.266 25714 25714 I Radio-JNI: register_android_hardware_Radio DONE
08-06 17:21:20.271 23700 24467 I art     : Starting a blocking GC Explicit
08-06 17:21:20.296 25714 25714 D AndroidRuntime: Calling main entry com.android.commands.input.Input
08-06 17:21:20.297 25714 25714 I Input   : injectKeyEvent: KeyEvent { action=ACTION_DOWN, keyCode=KEYCODE_BACK, scanCode=0, metaState=0, flags=0x0, repeatCount=0, eventTime=897696711, downTime=897696711, deviceId=-1, source=0x101 }
08-06 17:21:20.301 23700 24467 I art     : Explicit concurrent mark sweep GC freed 3(96B) AllocSpace objects, 0(0B) LOS objects, 23% free, 52MB/68MB, paused 604us total 29.121ms
08-06 17:21:20.304 25714 25714 I Input   : injectKeyEvent: KeyEvent { action=ACTION_UP, keyCode=KEYCODE_BACK, scanCode=0, metaState=0, flags=0x0, repeatCount=0, eventTime=897696711, downTime=897696711, deviceId=-1, source=0x101 }
08-06 17:21:20.310 25714 25714 D AndroidRuntime: Shutting down VM
08-06 17:21:20.312 23700 24467 I art     : Starting a blocking GC Explicit
08-06 17:21:20.338 23700 24467 I art     : Explicit concurrent mark sweep GC freed 105(5KB) AllocSpace objects, 0(0B) LOS objects, 23% free, 52MB/68MB, paused 570us total 26.223ms
08-06 17:21:20.350 13866 13866 I GoogleInputMethodServic: GoogleInputMethodService.onFinishInput():3138 
08-06 17:21:20.351 13866 13866 I GoogleInputMethodServic: GoogleInputMethodService.onStartInput():1808 
08-06 17:21:20.633 23700 23712 I art     : Starting a blocking GC Explicit
08-06 17:21:20.636   380   380 W SurfaceFlinger: couldn't log to binary event log: overflow.
08-06 17:21:20.664 23700 23712 I art     : Explicit concurrent mark sweep GC freed 1502(88KB) AllocSpace objects, 1(20KB) LOS objects, 23% free, 52MB/68MB, paused 847us total 30.803ms
08-06 17:21:20.674 23700 23712 I art     : Starting a blocking GC Explicit
08-06 17:21:20.699 23700 23712 I art     : Explicit concurrent mark sweep GC freed 136(6KB) AllocSpace objects, 0(0B) LOS objects, 23% free, 52MB/68MB, paused 605us total 25.371ms
08-06 17:21:20.710 23700 23712 I art     : Starting a blocking GC Explicit
08-06 17:21:20.737 23700 23712 I art     : Explicit concurrent mark sweep GC freed 4572(263KB) AllocSpace objects, 2(140KB) LOS objects, 23% free, 52MB/68MB, paused 579us total 26.157ms
08-06 17:21:20.747 23700 23712 I art     : Starting a blocking GC Explicit
08-06 17:21:20.774 23700 23712 I art     : Explicit concurrent mark sweep GC freed 3(96B) AllocSpace objects, 0(0B) LOS objects, 23% free, 52MB/68MB, paused 588us total 26.131ms
08-06 17:21:20.785 23700 23712 I art     : Starting a blocking GC Explicit
08-06 17:21:20.791 25638 25638 W Atfwd_Sendcmd: AtCmdFwd service not published, waiting... retryCnt : 1
08-06 17:21:20.811 23700 23712 I art     : Explicit concurrent mark sweep GC freed 3(96B) AllocSpace objects, 0(0B) LOS objects, 23% free, 52MB/68MB, paused 593us total 25.927ms
08-06 17:21:20.940   918  3188 I hubconnection: sensorhub said: 'set_bias 3: -5.5008, 0.0000, 0.0000'
08-06 17:21:21.112 23700 23713 I art     : Starting a blocking GC Explicit
08-06 17:21:21.145 23700 23713 I art     : Explicit concurrent mark sweep GC freed 1347(78KB) AllocSpace objects, 1(20KB) LOS objects, 23% free, 52MB/68MB, paused 638us total 32.828ms
08-06 17:21:21.163 23700 23713 I art     : Starting a blocking GC Explicit
08-06 17:21:21.193 23700 23713 I art     : Explicit concurrent mark sweep GC freed 20(704B) AllocSpace objects, 0(0B) LOS objects, 23% free, 52MB/68MB, paused 590us total 30.367ms
08-06 17:21:21.205 23700 23713 I art     : Starting a blocking GC Explicit
08-06 17:21:21.233 23700 23713 I art     : Explicit concurrent mark sweep GC freed 3(96B) AllocSpace objects, 0(0B) LOS objects, 23% free, 52MB/68MB, paused 576us total 26.890ms
08-06 17:21:21.244 23700 23713 I art     : Starting a blocking GC Explicit
08-06 17:21:21.271 23700 23713 I art     : Explicit concurrent mark sweep GC freed 3(96B) AllocSpace objects, 0(0B) LOS objects, 23% free, 52MB/68MB, paused 585us total 27.165ms
08-06 17:21:21.282 23700 23713 I art     : Starting a blocking GC Explicit
08-06 17:21:21.309 23700 23713 I art     : Explicit concurrent mark sweep GC freed 3(96B) AllocSpace objects, 0(0B) LOS objects, 23% free, 52MB/68MB, paused 581us total 26.808ms
08-06 17:21:21.620 23700 23736 I art     : Starting a blocking GC Explicit
08-06 17:21:21.648 23700 23736 I art     : Explicit concurrent mark sweep GC freed 1346(78KB) AllocSpace objects, 1(20KB) LOS objects, 23% free, 52MB/68MB, paused 626us total 27.191ms
08-06 17:21:21.659 23700 23736 I art     : Starting a blocking GC Explicit
08-06 17:21:21.684 23700 23736 I art     : Explicit concurrent mark sweep GC freed 20(704B) AllocSpace objects, 0(0B) LOS objects, 23% free, 52MB/68MB, paused 626us total 25.176ms
08-06 17:21:21.695 23700 23736 I art     : Starting a blocking GC Explicit
08-06 17:21:21.720 23700 23736 I art     : Explicit concurrent mark sweep GC freed 3(96B) AllocSpace objects, 0(0B) LOS objects, 23% free, 52MB/68MB, paused 573us total 25.233ms
08-06 17:21:21.731 23700 23736 I art     : Starting a blocking GC Explicit
08-06 17:21:21.757 23700 23736 I art     : Explicit concurrent mark sweep GC freed 3(96B) AllocSpace objects, 0(0B) LOS objects, 23% free, 52MB/68MB, paused 659us total 25.959ms
08-06 17:21:21.768 23700 23736 I art     : Starting a blocking GC Explicit
08-06 17:21:21.794 23700 23736 I art     : Explicit concurrent mark sweep GC freed 3(96B) AllocSpace objects, 0(0B) LOS objects, 23% free, 52MB/68MB, paused 592us total 25.632ms
08-06 17:21:22.084 25767 25767 D AndroidRuntime: >>>>>> START com.android.internal.os.RuntimeInit uid 2000 <<<<<<
08-06 17:21:22.090 25767 25767 D AndroidRuntime: CheckJNI is OFF
08-06 17:21:22.106 23700 23736 I art     : Starting a blocking GC Explicit
08-06 17:21:22.132 23700 23736 I art     : Explicit concurrent mark sweep GC freed 1369(79KB) AllocSpace objects, 1(20KB) LOS objects, 23% free, 52MB/68MB, paused 670us total 25.675ms
08-06 17:21:22.133 25767 25767 D ICU     : No timezone override file found: /data/misc/zoneinfo/current/icu/icu_tzdata.dat
08-06 17:21:22.143 23700 23736 I art     : Starting a blocking GC Explicit
08-06 17:21:22.168 23700 23736 I art     : Explicit concurrent mark sweep GC freed 24(832B) AllocSpace objects, 0(0B) LOS objects, 23% free, 52MB/68MB, paused 577us total 25.140ms
08-06 17:21:22.175 25767 25767 I Radio-JNI: register_android_hardware_Radio DONE
08-06 17:21:22.179 23700 23736 I art     : Starting a blocking GC Explicit
08-06 17:21:22.202 23700 23736 I art     : Explicit concurrent mark sweep GC freed 4(128B) AllocSpace objects, 0(0B) LOS objects, 23% free, 52MB/68MB, paused 551us total 23.487ms
08-06 17:21:22.204 25767 25767 D AndroidRuntime: Calling main entry com.android.commands.input.Input
08-06 17:21:22.206 25767 25767 I Input   : injectMotionEvent: MotionEvent { action=ACTION_DOWN, actionButton=0, id[0]=0, x[0]=648.0, y[0]=1050.0, toolType[0]=TOOL_TYPE_UNKNOWN, buttonState=0, metaState=0, flags=0x0, edgeFlags=0x0, pointerCount=1, historySize=0, eventTime=897698618, downTime=897698618, deviceId=0, source=0x1002 }
08-06 17:21:22.211 25767 25767 I Input   : injectMotionEvent: MotionEvent { action=ACTION_UP, actionButton=0, id[0]=0, x[0]=648.0, y[0]=1050.0, toolType[0]=TOOL_TYPE_UNKNOWN, buttonState=0, metaState=0, flags=0x0, edgeFlags=0x0, pointerCount=1, historySize=0, eventTime=897698618, downTime=897698618, deviceId=0, source=0x1002 }
08-06 17:21:22.213 23700 23736 I art     : Starting a blocking GC Explicit
08-06 17:21:22.215 25767 25767 D AndroidRuntime: Shutting down VM
08-06 17:21:22.225   918  6112 I ActivityManager: START u0 {cmp=baseline.appteam.nith.hillffair/.activities.InformationActivity} from uid 10697 on display 0
08-06 17:21:22.227   512  2967 D audio_hw_primary: out_set_parameters: enter: usecase(1: low-latency-playback) kvpairs: routing=2
08-06 17:21:22.239 23700 23736 I art     : Explicit concurrent mark sweep GC freed 58(5KB) AllocSpace objects, 0(0B) LOS objects, 23% free, 52MB/68MB, paused 615us total 25.907ms
08-06 17:21:22.240   512  2967 D audio_hw_primary: select_devices: out_snd_device(2: speaker) in_snd_device(0: none)
08-06 17:21:22.240   512  2967 D msm8974_platform: platform_send_audio_calibration: sending audio calibration for snd_device(2) acdb_id(15)
08-06 17:21:22.240   512  2967 I soundtrigger: audio_extn_sound_trigger_update_device_status: device 0x2 of type 0 for Event 1
08-06 17:21:22.249   512  2967 D audio_hw_primary: enable_snd_device: snd_device(2: speaker)
08-06 17:21:22.250 23700 23736 I art     : Starting a blocking GC Explicit
08-06 17:21:22.252   512  2967 D audio_hw_primary: enable_audio_route: apply and update mixer path: low-latency-playback speaker
08-06 17:21:22.275 23700 23736 I art     : Explicit concurrent mark sweep GC freed 773(59KB) AllocSpace objects, 0(0B) LOS objects, 23% free, 52MB/68MB, paused 861us total 24.787ms
08-06 17:21:22.383 13866 13866 I GoogleInputMethodServic: GoogleInputMethodService.onFinishInput():3138 
08-06 17:21:22.384   918   936 I ActivityManager: Displayed baseline.appteam.nith.hillffair/.activities.InformationActivity: +148ms
08-06 17:21:22.384 13866 13866 I GoogleInputMethodServic: GoogleInputMethodService.onStartInput():1808 
08-06 17:21:22.421 23700 23726 D OpenGLRenderer: endAllStagingAnimators on 0x7f812e5000 (RippleDrawable) with handle 0x7f9a1f69e0
08-06 17:21:22.560 23700 24467 I art     : Starting a blocking GC Explicit
08-06 17:21:22.590 23700 24467 I art     : Explicit concurrent mark sweep GC freed 1682(98KB) AllocSpace objects, 1(20KB) LOS objects, 23% free, 52MB/68MB, paused 731us total 29.388ms
08-06 17:21:22.602 23700 24467 I art     : Starting a blocking GC Explicit
08-06 17:21:22.622   380   380 W SurfaceFlinger: couldn't log to binary event log: overflow.
08-06 17:21:22.630 23700 24467 I art     : Explicit concurrent mark sweep GC freed 57(2128B) AllocSpace objects, 0(0B) LOS objects, 23% free, 52MB/68MB, paused 549us total 28.257ms
08-06 17:21:22.641 23700 24467 I art     : Starting a blocking GC Explicit
08-06 17:21:22.665 23700 24467 I art     : Explicit concurrent mark sweep GC freed 5(160B) AllocSpace objects, 0(0B) LOS objects, 23% free, 52MB/68MB, paused 559us total 23.448ms
08-06 17:21:22.675 23700 24467 I art     : Starting a blocking GC Explicit
08-06 17:21:22.699 23700 24467 I art     : Explicit concurrent mark sweep GC freed 5(160B) AllocSpace objects, 0(0B) LOS objects, 23% free, 52MB/68MB, paused 522us total 23.280ms
08-06 17:21:22.710 23700 24467 I art     : Starting a blocking GC Explicit
08-06 17:21:22.736 23700 24467 I art     : Explicit concurrent mark sweep GC freed 5(160B) AllocSpace objects, 0(0B) LOS objects, 23% free, 52MB/68MB, paused 574us total 25.062ms
08-06 17:21:22.790   512  2967 D audio_hw_primary: disable_audio_route: reset and update mixer path: low-latency-playback speaker
08-06 17:21:22.790   512  2967 D audio_hw_primary: disable_snd_device: snd_device(2: speaker)
08-06 17:21:22.798   512  2967 I soundtrigger: audio_extn_sound_trigger_update_device_status: device 0x2 of type 0 for Event 0
08-06 17:21:23.035 23700 23712 I art     : Starting a blocking GC Explicit
08-06 17:21:23.071 23700 23712 I art     : Explicit concurrent mark sweep GC freed 1493(86KB) AllocSpace objects, 1(20KB) LOS objects, 23% free, 52MB/68MB, paused 629us total 36.472ms
08-06 17:21:23.085 23700 23712 I art     : Starting a blocking GC Explicit
08-06 17:21:23.112 23700 23712 I art     : Explicit concurrent mark sweep GC freed 28(960B) AllocSpace objects, 0(0B) LOS objects, 23% free, 52MB/68MB, paused 596us total 27.064ms
08-06 17:21:23.123 23700 23712 I art     : Starting a blocking GC Explicit
08-06 17:21:23.151 23700 23712 I art     : Explicit concurrent mark sweep GC freed 3(96B) AllocSpace objects, 0(0B) LOS objects, 23% free, 52MB/68MB, paused 576us total 27.430ms
08-06 17:21:23.162 23700 23712 I art     : Starting a blocking GC Explicit
08-06 17:21:23.190 23700 23712 I art     : Explicit concurrent mark sweep GC freed 3(96B) AllocSpace objects, 0(0B) LOS objects, 23% free, 52MB/68MB, paused 575us total 27.877ms
08-06 17:21:23.202 23700 23712 I art     : Starting a blocking GC Explicit
08-06 17:21:23.229 23700 23712 I art     : Explicit concurrent mark sweep GC freed 3(96B) AllocSpace objects, 0(0B) LOS objects, 23% free, 52MB/68MB, paused 592us total 27.037ms
08-06 17:21:23.306   518   646 I ThermalEngine: ACTION: GPU - Setting GPU[0] to 390000000
08-06 17:21:23.547 23700 23713 I art     : Starting a blocking GC Explicit
08-06 17:21:23.590 23700 23713 I art     : Explicit concurrent mark sweep GC freed 1347(78KB) AllocSpace objects, 1(20KB) LOS objects, 23% free, 52MB/68MB, paused 1.060ms total 42.446ms
08-06 17:21:23.610 23700 23713 I art     : Starting a blocking GC Explicit
08-06 17:21:23.652 23700 23713 I art     : Explicit concurrent mark sweep GC freed 20(704B) AllocSpace objects, 0(0B) LOS objects, 23% free, 52MB/68MB, paused 1.355ms total 41.510ms
08-06 17:21:23.672 23700 23713 I art     : Starting a blocking GC Explicit
08-06 17:21:23.707 23700 23713 I art     : Explicit concurrent mark sweep GC freed 3(96B) AllocSpace objects, 0(0B) LOS objects, 23% free, 52MB/68MB, paused 937us total 34.779ms
08-06 17:21:23.724 23700 23713 I art     : Starting a blocking GC Explicit
08-06 17:21:23.759 23700 23713 I art     : Explicit concurrent mark sweep GC freed 3(96B) AllocSpace objects, 0(0B) LOS objects, 23% free, 52MB/68MB, paused 922us total 34.737ms
08-06 17:21:23.776 23700 23713 I art     : Starting a blocking GC Explicit
08-06 17:21:23.812 23700 23713 I art     : Explicit concurrent mark sweep GC freed 3(96B) AllocSpace objects, 0(0B) LOS objects, 23% free, 52MB/68MB, paused 995us total 35.596ms
08-06 17:21:24.133 23700 25454 I art     : Starting a blocking GC Explicit
08-06 17:21:24.169 23700 25454 I art     : Explicit concurrent mark sweep GC freed 1377(79KB) AllocSpace objects, 1(20KB) LOS objects, 23% free, 52MB/68MB, paused 1.050ms total 36.205ms
08-06 17:21:24.185 23700 25454 I art     : Starting a blocking GC Explicit
08-06 17:21:24.219 23700 25454 I art     : Explicit concurrent mark sweep GC freed 20(704B) AllocSpace objects, 0(0B) LOS objects, 23% free, 52MB/68MB, paused 961us total 33.607ms
08-06 17:21:24.236 23700 25454 I art     : Starting a blocking GC Explicit
08-06 17:21:24.270 23700 25454 I art     : Explicit concurrent mark sweep GC freed 3(96B) AllocSpace objects, 0(0B) LOS objects, 23% free, 52MB/68MB, paused 796us total 33.907ms
08-06 17:21:24.287 23700 25454 I art     : Starting a blocking GC Explicit
08-06 17:21:24.322 23700 25454 I art     : Explicit concurrent mark sweep GC freed 3(96B) AllocSpace objects, 0(0B) LOS objects, 23% free, 52MB/68MB, paused 782us total 34.379ms
08-06 17:21:24.338 23700 25454 I art     : Starting a blocking GC Explicit
08-06 17:21:24.372 23700 25454 I art     : Explicit concurrent mark sweep GC freed 3(96B) AllocSpace objects, 0(0B) LOS objects, 23% free, 52MB/68MB, paused 778us total 33.608ms
08-06 17:21:24.714 23700 24467 I art     : Starting a blocking GC Explicit
08-06 17:21:24.757 23700 24467 I art     : Explicit concurrent mark sweep GC freed 1347(78KB) AllocSpace objects, 1(20KB) LOS objects, 23% free, 52MB/68MB, paused 899us total 42.508ms
08-06 17:21:24.777 23700 24467 I art     : Starting a blocking GC Explicit
08-06 17:21:24.819 23700 24467 I art     : Explicit concurrent mark sweep GC freed 20(704B) AllocSpace objects, 0(0B) LOS objects, 23% free, 52MB/68MB, paused 1.031ms total 41.551ms
08-06 17:21:24.840 23700 24467 I art     : Starting a blocking GC Explicit
08-06 17:21:24.876 23700 24467 I art     : Explicit concurrent mark sweep GC freed 3(96B) AllocSpace objects, 0(0B) LOS objects, 23% free, 52MB/68MB, paused 762us total 35.586ms
08-06 17:21:24.892 23700 24467 I art     : Starting a blocking GC Explicit
08-06 17:21:24.901 19219 19244 E YouTube : Error in sending SendDeviceContextRequest.
08-06 17:21:24.901 19219 19244 E YouTube : aeag: java.util.concurrent.ExecutionException: bwj
08-06 17:21:24.901 19219 19244 E YouTube : 	at adzy.b(PG:19)
08-06 17:21:24.901 19219 19244 E YouTube : 	at akfb.a(PG:163)
08-06 17:21:24.901 19219 19244 E YouTube : 	at abdc.a(PG:4)
08-06 17:21:24.901 19219 19244 E YouTube : 	at com.google.android.libraries.youtube.common.backgroundtask.workmanager.BackgroundTaskWorker.i(PG:7)
08-06 17:21:24.901 19219 19244 E YouTube : 	at bih.run(PG:1)
08-06 17:21:24.901 19219 19244 E YouTube : 	at java.util.concurrent.Executors$RunnableAdapter.call(Executors.java:423)
08-06 17:21:24.901 19219 19244 E YouTube : 	at java.util.concurrent.FutureTask.run(FutureTask.java:237)
08-06 17:21:24.901 19219 19244 E YouTube : 	at java.util.concurrent.ScheduledThreadPoolExecutor$ScheduledFutureTask.run(ScheduledThreadPoolExecutor.java:269)
08-06 17:21:24.901 19219 19244 E YouTube : 	at java.util.concurrent.ThreadPoolExecutor.runWorker(ThreadPoolExecutor.java:1113)
08-06 17:21:24.901 19219 19244 E YouTube : 	at java.util.concurrent.ThreadPoolExecutor$Worker.run(ThreadPoolExecutor.java:588)
08-06 17:21:24.901 19219 19244 E YouTube : 	at abgr.run(PG:12)
08-06 17:21:24.901 19219 19244 E YouTube : 	at java.lang.Thread.run(Thread.java:818)
08-06 17:21:24.901 19219 19244 E YouTube : Caused by: java.util.concurrent.ExecutionException: bwj
08-06 17:21:24.901 19219 19244 E YouTube : 	at asbb.a(PG:127)
08-06 17:21:24.901 19219 19244 E YouTube : 	at asbb.get(PG:83)
08-06 17:21:24.901 19219 19244 E YouTube : 	at adzy.b(PG:18)
08-06 17:21:24.901 19219 19244 E YouTube : 	... 11 more
08-06 17:21:24.901 19219 19244 E YouTube : Caused by: bwj
08-06 17:21:24.901 19219 19244 E YouTube : 	at abpp.run(Unknown Source)
08-06 17:21:24.901 19219 19244 E YouTube : 	... 4 more
08-06 17:21:24.901 19219 19244 E YouTube : Caused by: bljc: Exception in CronetUrlRequest: net::ERR_CONNECTION_CLOSED, ErrorCode=5, InternalErrorCode=-100, Retryable=true
08-06 17:21:24.901 19219 19244 E YouTube : 	at org.chromium.net.impl.CronetUrlRequest.onError(PG:55)
08-06 17:21:24.926 23700 24467 I art     : Explicit concurrent mark sweep GC freed 3(96B) AllocSpace objects, 0(0B) LOS objects, 23% free, 52MB/68MB, paused 1.064ms total 33.111ms
08-06 17:21:24.937   918  4413 I ActivityManager: Killing 8081:nappagreedy.com.newsblur/u0a701 (adj 15): empty #17
08-06 17:21:24.942 23700 24467 I art     : Starting a blocking GC Explicit
08-06 17:21:24.975 23700 24467 I art     : Explicit concurrent mark sweep GC freed 3(96B) AllocSpace objects, 0(0B) LOS objects, 23% free, 52MB/68MB, paused 929us total 32.127ms
08-06 17:21:25.331 23700 23736 I art     : Starting a blocking GC Explicit
08-06 17:21:25.373 23700 23736 I art     : Explicit concurrent mark sweep GC freed 1347(78KB) AllocSpace objects, 1(20KB) LOS objects, 23% free, 52MB/68MB, paused 1.261ms total 41.330ms
08-06 17:21:25.393 23700 23736 I art     : Starting a blocking GC Explicit
08-06 17:21:25.431 23700 23736 I art     : Explicit concurrent mark sweep GC freed 20(704B) AllocSpace objects, 0(0B) LOS objects, 23% free, 52MB/68MB, paused 799us total 38.112ms
08-06 17:21:25.448 23700 23736 I art     : Starting a blocking GC Explicit
08-06 17:21:25.482 23700 23736 I art     : Explicit concurrent mark sweep GC freed 3(96B) AllocSpace objects, 0(0B) LOS objects, 23% free, 52MB/68MB, paused 790us total 34.084ms
08-06 17:21:25.499 23700 23736 I art     : Starting a blocking GC Explicit
08-06 17:21:25.534 23700 23736 I art     : Explicit concurrent mark sweep GC freed 3(96B) AllocSpace objects, 0(0B) LOS objects, 23% free, 52MB/68MB, paused 852us total 34.672ms
08-06 17:21:25.551 23700 23736 I art     : Starting a blocking GC Explicit
08-06 17:21:25.585 23700 23736 I art     : Explicit concurrent mark sweep GC freed 3(96B) AllocSpace objects, 0(0B) LOS objects, 23% free, 52MB/68MB, paused 785us total 34.085ms
08-06 17:21:25.792 25638 25638 I ServiceManager: Waiting for service AtCmdFwd...
08-06 17:21:25.954 23700 23712 I art     : Starting a blocking GC Explicit
08-06 17:21:26.002 23700 23712 I art     : Explicit concurrent mark sweep GC freed 1347(78KB) AllocSpace objects, 1(20KB) LOS objects, 23% free, 52MB/68MB, paused 1.633ms total 47.364ms
08-06 17:21:26.022 23700 23712 I art     : Starting a blocking GC Explicit
08-06 17:21:26.059 23700 23712 I art     : Explicit concurrent mark sweep GC freed 20(704B) AllocSpace objects, 0(0B) LOS objects, 23% free, 52MB/68MB, paused 875us total 37.002ms
08-06 17:21:26.076 23700 23712 I art     : Starting a blocking GC Explicit
08-06 17:21:26.111 23700 23712 I art     : Explicit concurrent mark sweep GC freed 3(96B) AllocSpace objects, 0(0B) LOS objects, 23% free, 52MB/68MB, paused 1.168ms total 34.960ms
08-06 17:21:26.128 23700 23712 I art     : Starting a blocking GC Explicit
08-06 17:21:26.162 23700 23712 I art     : Explicit concurrent mark sweep GC freed 3(96B) AllocSpace objects, 0(0B) LOS objects, 23% free, 52MB/68MB, paused 803us total 34.382ms
08-06 17:21:26.179 23700 23712 I art     : Starting a blocking GC Explicit
08-06 17:21:26.214 23700 23712 I art     : Explicit concurrent mark sweep GC freed 3(96B) AllocSpace objects, 0(0B) LOS objects, 23% free, 52MB/68MB, paused 778us total 34.338ms
08-06 17:21:26.314   518   646 I ThermalEngine: ACTION: GPU - Setting GPU[0] to 450000000
08-06 17:21:26.556 23700 23713 I art     : Starting a blocking GC Explicit
08-06 17:21:26.587 23700 23713 I art     : Explicit concurrent mark sweep GC freed 1347(78KB) AllocSpace objects, 1(20KB) LOS objects, 23% free, 52MB/68MB, paused 644us total 29.875ms
08-06 17:21:26.600 23700 23713 I art     : Starting a blocking GC Explicit
08-06 17:21:26.629 23700 23713 I art     : Explicit concurrent mark sweep GC freed 20(704B) AllocSpace objects, 0(0B) LOS objects, 23% free, 52MB/68MB, paused 602us total 28.422ms
08-06 17:21:26.640 23700 23713 I art     : Starting a blocking GC Explicit
08-06 17:21:26.669 23700 23713 I art     : Explicit concurrent mark sweep GC freed 3(96B) AllocSpace objects, 0(0B) LOS objects, 23% free, 52MB/68MB, paused 594us total 28.830ms
08-06 17:21:26.680 23700 23713 I art     : Starting a blocking GC Explicit
08-06 17:21:26.707 23700 23713 I art     : Explicit concurrent mark sweep GC freed 3(96B) AllocSpace objects, 0(0B) LOS objects, 23% free, 52MB/68MB, paused 641us total 26.875ms
08-06 17:21:26.718 23700 23713 I art     : Starting a blocking GC Explicit
08-06 17:21:26.747 23700 23713 I art     : Explicit concurrent mark sweep GC freed 3(96B) AllocSpace objects, 0(0B) LOS objects, 23% free, 52MB/68MB, paused 608us total 28.062ms
08-06 17:21:26.793 25638 25638 I ServiceManager: Waiting for service AtCmdFwd...
08-06 17:21:27.006 25867 25867 D AndroidRuntime: >>>>>> START com.android.internal.os.RuntimeInit uid 2000 <<<<<<
08-06 17:21:27.012 25867 25867 D AndroidRuntime: CheckJNI is OFF
08-06 17:21:27.057 25867 25867 D ICU     : No timezone override file found: /data/misc/zoneinfo/current/icu/icu_tzdata.dat
08-06 17:21:27.068 23700 25454 I art     : Starting a blocking GC Explicit
08-06 17:21:27.097 23700 25454 I art     : Explicit concurrent mark sweep GC freed 1347(78KB) AllocSpace objects, 1(20KB) LOS objects, 23% free, 52MB/68MB, paused 619us total 28.403ms
08-06 17:21:27.101 25867 25867 I Radio-JNI: register_android_hardware_Radio DONE
08-06 17:21:27.108 23700 25454 I art     : Starting a blocking GC Explicit
08-06 17:21:27.132 25867 25867 D AndroidRuntime: Calling main entry com.android.commands.input.Input
08-06 17:21:27.134 25867 25867 I Input   : injectKeyEvent: KeyEvent { action=ACTION_DOWN, keyCode=KEYCODE_BACK, scanCode=0, metaState=0, flags=0x0, repeatCount=0, eventTime=897703547, downTime=897703547, deviceId=-1, source=0x101 }
08-06 17:21:27.137 23700 25454 I art     : Explicit concurrent mark sweep GC freed 20(704B) AllocSpace objects, 0(0B) LOS objects, 23% free, 52MB/68MB, paused 727us total 28.576ms
08-06 17:21:27.141 25867 25867 I Input   : injectKeyEvent: KeyEvent { action=ACTION_UP, keyCode=KEYCODE_BACK, scanCode=0, metaState=0, flags=0x0, repeatCount=0, eventTime=897703547, downTime=897703547, deviceId=-1, source=0x101 }
08-06 17:21:27.148 23700 25454 I art     : Starting a blocking GC Explicit
08-06 17:21:27.148 25867 25867 D AndroidRuntime: Shutting down VM
08-06 17:21:27.173 23700 25454 I art     : Explicit concurrent mark sweep GC freed 105(5KB) AllocSpace objects, 0(0B) LOS objects, 23% free, 52MB/68MB, paused 569us total 24.786ms
08-06 17:21:27.183 23700 25454 I art     : Starting a blocking GC Explicit
08-06 17:21:27.188 13866 13866 I GoogleInputMethodServic: GoogleInputMethodService.onFinishInput():3138 
08-06 17:21:27.189 13866 13866 I GoogleInputMethodServic: GoogleInputMethodService.onStartInput():1808 
08-06 17:21:27.209 23700 25454 I art     : Explicit concurrent mark sweep GC freed 38(1376B) AllocSpace objects, 0(0B) LOS objects, 23% free, 52MB/68MB, paused 709us total 25.330ms
08-06 17:21:27.220 23700 25454 I art     : Starting a blocking GC Explicit
08-06 17:21:27.244 23700 25454 I art     : Explicit concurrent mark sweep GC freed 12(432B) AllocSpace objects, 0(0B) LOS objects, 23% free, 52MB/68MB, paused 535us total 23.211ms
08-06 17:21:27.493   380   380 W SurfaceFlinger: couldn't log to binary event log: overflow.
08-06 17:21:27.527 23700 25454 I art     : Starting a blocking GC Explicit
08-06 17:21:27.553 23700 25454 I art     : Explicit concurrent mark sweep GC freed 1457(87KB) AllocSpace objects, 1(20KB) LOS objects, 23% free, 52MB/68MB, paused 561us total 25.789ms
08-06 17:21:27.563 23700 25454 I art     : Starting a blocking GC Explicit
08-06 17:21:27.589 23700 25454 I art     : Explicit concurrent mark sweep GC freed 1401(90KB) AllocSpace objects, 1(28KB) LOS objects, 23% free, 52MB/68MB, paused 570us total 25.799ms
08-06 17:21:27.600 23700 25454 I art     : Starting a blocking GC Explicit
08-06 17:21:27.626 23700 25454 I art     : Explicit concurrent mark sweep GC freed 3(96B) AllocSpace objects, 0(0B) LOS objects, 23% free, 52MB/68MB, paused 597us total 25.590ms
08-06 17:21:27.637 23700 25454 I art     : Starting a blocking GC Explicit
08-06 17:21:27.663 23700 25454 I art     : Explicit concurrent mark sweep GC freed 3(96B) AllocSpace objects, 0(0B) LOS objects, 23% free, 52MB/68MB, paused 561us total 25.976ms
08-06 17:21:27.674 23700 25454 I art     : Starting a blocking GC Explicit
08-06 17:21:27.701 23700 25454 I art     : Explicit concurrent mark sweep GC freed 3(96B) AllocSpace objects, 0(0B) LOS objects, 23% free, 52MB/68MB, paused 598us total 26.751ms
08-06 17:21:27.793 25638 25638 I ServiceManager: Waiting for service AtCmdFwd...
08-06 17:21:28.007 23700 23713 I art     : Starting a blocking GC Explicit
08-06 17:21:28.036 23700 23713 I art     : Explicit concurrent mark sweep GC freed 1347(78KB) AllocSpace objects, 1(20KB) LOS objects, 23% free, 52MB/68MB, paused 598us total 29.253ms
08-06 17:21:28.050 23700 23713 I art     : Starting a blocking GC Explicit
08-06 17:21:28.077 23700 23713 I art     : Explicit concurrent mark sweep GC freed 20(704B) AllocSpace objects, 0(0B) LOS objects, 23% free, 52MB/68MB, paused 671us total 27.166ms
08-06 17:21:28.088 23700 23713 I art     : Starting a blocking GC Explicit
08-06 17:21:28.116 23700 23713 I art     : Explicit concurrent mark sweep GC freed 3(96B) AllocSpace objects, 0(0B) LOS objects, 23% free, 52MB/68MB, paused 571us total 27.078ms
08-06 17:21:28.127 23700 23713 I art     : Starting a blocking GC Explicit
08-06 17:21:28.154 23700 23713 I art     : Explicit concurrent mark sweep GC freed 3(96B) AllocSpace objects, 0(0B) LOS objects, 23% free, 52MB/68MB, paused 543us total 26.399ms
08-06 17:21:28.165 23700 23713 I art     : Starting a blocking GC Explicit
08-06 17:21:28.192 23700 23713 I art     : Explicit concurrent mark sweep GC freed 3(96B) AllocSpace objects, 0(0B) LOS objects, 23% free, 52MB/68MB, paused 583us total 26.817ms
08-06 17:21:28.495 23700 23712 I art     : Starting a blocking GC Explicit
08-06 17:21:28.523 23700 23712 I art     : Explicit concurrent mark sweep GC freed 1346(78KB) AllocSpace objects, 1(20KB) LOS objects, 23% free, 52MB/68MB, paused 674us total 27.835ms
08-06 17:21:28.539 23700 23712 I art     : Starting a blocking GC Explicit
08-06 17:21:28.565 23700 23712 I art     : Explicit concurrent mark sweep GC freed 20(704B) AllocSpace objects, 0(0B) LOS objects, 23% free, 52MB/68MB, paused 570us total 25.594ms
08-06 17:21:28.576 23700 23712 I art     : Starting a blocking GC Explicit
08-06 17:21:28.602 23700 23712 I art     : Explicit concurrent mark sweep GC freed 3(96B) AllocSpace objects, 0(0B) LOS objects, 23% free, 52MB/68MB, paused 585us total 25.593ms
08-06 17:21:28.613 23700 23712 I art     : Starting a blocking GC Explicit
08-06 17:21:28.638 23700 23712 I art     : Explicit concurrent mark sweep GC freed 3(96B) AllocSpace objects, 0(0B) LOS objects, 23% free, 52MB/68MB, paused 579us total 25.461ms
08-06 17:21:28.649 23700 23712 I art     : Starting a blocking GC Explicit
08-06 17:21:28.675 23700 23712 I art     : Explicit concurrent mark sweep GC freed 3(96B) AllocSpace objects, 0(0B) LOS objects, 23% free, 52MB/68MB, paused 581us total 25.975ms
08-06 17:21:28.794 25638 25638 I ServiceManager: Waiting for service AtCmdFwd...
08-06 17:21:28.941 25920 25920 D AndroidRuntime: >>>>>> START com.android.internal.os.RuntimeInit uid 2000 <<<<<<
08-06 17:21:28.947 25920 25920 D AndroidRuntime: CheckJNI is OFF
08-06 17:21:28.989 25920 25920 D ICU     : No timezone override file found: /data/misc/zoneinfo/current/icu/icu_tzdata.dat
08-06 17:21:28.993 23700 23712 I art     : Starting a blocking GC Explicit
08-06 17:21:29.020 23700 23712 I art     : Explicit concurrent mark sweep GC freed 1374(79KB) AllocSpace objects, 1(20KB) LOS objects, 23% free, 52MB/68MB, paused 566us total 26.705ms
08-06 17:21:29.031 23700 23712 I art     : Starting a blocking GC Explicit
08-06 17:21:29.032 25920 25920 I Radio-JNI: register_android_hardware_Radio DONE
08-06 17:21:29.056 23700 23712 I art     : Explicit concurrent mark sweep GC freed 20(704B) AllocSpace objects, 0(0B) LOS objects, 23% free, 52MB/68MB, paused 585us total 24.868ms
08-06 17:21:29.062 25920 25920 D AndroidRuntime: Calling main entry com.android.commands.input.Input
08-06 17:21:29.064 25920 25920 I Input   : injectMotionEvent: MotionEvent { action=ACTION_DOWN, actionButton=0, id[0]=0, x[0]=756.0, y[0]=1530.0, toolType[0]=TOOL_TYPE_UNKNOWN, buttonState=0, metaState=0, flags=0x0, edgeFlags=0x0, pointerCount=1, historySize=0, eventTime=897705476, downTime=897705476, deviceId=0, source=0x1002 }
08-06 17:21:29.067 23700 23712 I art     : Starting a blocking GC Explicit
08-06 17:21:29.069 25920 25920 I Input   : injectMotionEvent: MotionEvent { action=ACTION_UP, actionButton=0, id[0]=0, x[0]=756.0, y[0]=1530.0, toolType[0]=TOOL_TYPE_UNKNOWN, buttonState=0, metaState=0, flags=0x0, edgeFlags=0x0, pointerCount=1, historySize=0, eventTime=897705476, downTime=897705476, deviceId=0, source=0x1002 }
08-06 17:21:29.072 25920 25920 D AndroidRuntime: Shutting down VM
08-06 17:21:29.081   918  5132 I ActivityManager: START u0 {cmp=baseline.appteam.nith.hillffair/.activities.LeaderBoardActivity} from uid 10697 on display 0
08-06 17:21:29.085   512  2967 D audio_hw_primary: out_set_parameters: enter: usecase(1: low-latency-playback) kvpairs: routing=2
08-06 17:21:29.095 23700 23712 I art     : Explicit concurrent mark sweep GC freed 49(1648B) AllocSpace objects, 0(0B) LOS objects, 23% free, 52MB/68MB, paused 1.121ms total 28.274ms
08-06 17:21:29.098   512  2967 D audio_hw_primary: select_devices: out_snd_device(2: speaker) in_snd_device(0: none)
08-06 17:21:29.098   512  2967 D msm8974_platform: platform_send_audio_calibration: sending audio calibration for snd_device(2) acdb_id(15)
08-06 17:21:29.098   512  2967 I soundtrigger: audio_extn_sound_trigger_update_device_status: device 0x2 of type 0 for Event 1
08-06 17:21:29.106 23700 23712 I art     : Starting a blocking GC Explicit
08-06 17:21:29.108   512  2967 D audio_hw_primary: enable_snd_device: snd_device(2: speaker)
08-06 17:21:29.111   512  2967 D audio_hw_primary: enable_audio_route: apply and update mixer path: low-latency-playback speaker
08-06 17:21:29.131 23700 23712 I art     : Explicit concurrent mark sweep GC freed 497(32KB) AllocSpace objects, 0(0B) LOS objects, 23% free, 52MB/68MB, paused 991us total 24.569ms
08-06 17:21:29.142 23700 23712 I art     : Starting a blocking GC Explicit
08-06 17:21:29.168 23700 23712 I art     : Explicit concurrent mark sweep GC freed 4646(283KB) AllocSpace objects, 0(0B) LOS objects, 23% free, 52MB/68MB, paused 862us total 26.363ms
08-06 17:21:29.192 23700 23700 E RecyclerView: No adapter attached; skipping layout
08-06 17:21:29.194 23700 23700 E RecyclerView: No adapter attached; skipping layout
08-06 17:21:29.212   918   936 I ActivityManager: Displayed baseline.appteam.nith.hillffair/.activities.LeaderBoardActivity: +120ms
08-06 17:21:29.213 13866 13866 I GoogleInputMethodServic: GoogleInputMethodService.onFinishInput():3138 
08-06 17:21:29.214 13866 13866 I GoogleInputMethodServic: GoogleInputMethodService.onStartInput():1808 
08-06 17:21:29.218 23700 23700 E RecyclerView: No adapter attached; skipping layout
08-06 17:21:29.232 23700 23726 D OpenGLRenderer: endAllStagingAnimators on 0x7f8291a800 (RippleDrawable) with handle 0x7f9a1f6a00
08-06 17:21:29.457 23700 25454 I art     : Starting a blocking GC Explicit
08-06 17:21:29.463   380   380 W SurfaceFlinger: couldn't log to binary event log: overflow.
08-06 17:21:29.486 23700 25454 I art     : Explicit concurrent mark sweep GC freed 1705(95KB) AllocSpace objects, 1(20KB) LOS objects, 23% free, 52MB/68MB, paused 700us total 28.500ms
08-06 17:21:29.498 23700 25454 I art     : Starting a blocking GC Explicit
08-06 17:21:29.521 23700 25454 I art     : Explicit concurrent mark sweep GC freed 42(1424B) AllocSpace objects, 0(0B) LOS objects, 23% free, 52MB/68MB, paused 586us total 23.123ms
08-06 17:21:29.531 23700 25454 I art     : Starting a blocking GC Explicit
08-06 17:21:29.557 23700 25454 I art     : Explicit concurrent mark sweep GC freed 5(160B) AllocSpace objects, 0(0B) LOS objects, 23% free, 52MB/68MB, paused 621us total 25.012ms
08-06 17:21:29.568 23700 25454 I art     : Starting a blocking GC Explicit
08-06 17:21:29.594 23700 25454 I art     : Explicit concurrent mark sweep GC freed 81(5KB) AllocSpace objects, 0(0B) LOS objects, 23% free, 52MB/68MB, paused 669us total 26.339ms
08-06 17:21:29.607 23700 25454 I art     : Starting a blocking GC Explicit
08-06 17:21:29.633 23700 25454 I art     : Explicit concurrent mark sweep GC freed 86(3KB) AllocSpace objects, 0(0B) LOS objects, 23% free, 52MB/68MB, paused 593us total 26.139ms
08-06 17:21:29.659   512  2967 D audio_hw_primary: disable_audio_route: reset and update mixer path: low-latency-playback speaker
08-06 17:21:29.660   512  2967 D audio_hw_primary: disable_snd_device: snd_device(2: speaker)
08-06 17:21:29.668   512  2967 I soundtrigger: audio_extn_sound_trigger_update_device_status: device 0x2 of type 0 for Event 0
08-06 17:21:29.775 23700 25948 D OkHttp  : --> GET https://api-hillfair-2k16.herokuapp.com/api/app/quiz/leaderboard?from=1 http/1.1
08-06 17:21:29.795 25638 25638 I ServiceManager: Waiting for service AtCmdFwd...
08-06 17:21:29.808 23700 25948 D OkHttp  : <-- 200 OK https://api-hillfair-2k16.herokuapp.com/api/app/quiz/leaderboard?from=1 (33ms, 56744-byte body)
08-06 17:21:29.914 23700 23700 I NAPPA_EXPERIMENTATION: MetricNetworkRequestExecutionTime: REQUEST_DURATION_SYSTEM='775',REQUEST_DURATION_OKHTTP='33',REQUEST_SYNCHRONOUS='FALSE',RESPONSE_CODE='200',RESPONSE_METHOD='GET',RESPONSE_LENGTH_OKHTTP='56744',RESPONSE_LENGTH_HEADER='56744',REQUEST_PROTOCOL='http/1.1',REQUEST_URL='https://api-hillfair-2k16.herokuapp.com/api/app/quiz/leaderboard?from=1',
08-06 17:21:29.923 23700 25454 I art     : Starting a blocking GC Explicit
08-06 17:21:29.955 23700 25454 I art     : Explicit concurrent mark sweep GC freed 29613(1419KB) AllocSpace objects, 4(220KB) LOS objects, 23% free, 53MB/69MB, paused 1.150ms total 32.040ms
08-06 17:21:29.967 23700 25454 I art     : Starting a blocking GC Explicit
08-06 17:21:29.996 23700 25454 I art     : Explicit concurrent mark sweep GC freed 1694(145KB) AllocSpace objects, 0(0B) LOS objects, 23% free, 53MB/69MB, paused 687us total 29.296ms
08-06 17:21:30.008 23700 25454 I art     : Starting a blocking GC Explicit
08-06 17:21:30.034 23700 25454 I art     : Explicit concurrent mark sweep GC freed 101(3KB) AllocSpace objects, 0(0B) LOS objects, 23% free, 53MB/69MB, paused 564us total 25.752ms
08-06 17:21:30.046 23700 25454 I art     : Starting a blocking GC Explicit
08-06 17:21:30.075 23700 25454 I art     : Explicit concurrent mark sweep GC freed 5(192B) AllocSpace objects, 0(0B) LOS objects, 23% free, 53MB/69MB, paused 595us total 28.251ms
08-06 17:21:30.086 23700 25454 I art     : Starting a blocking GC Explicit
08-06 17:21:30.115 23700 25454 I art     : Explicit concurrent mark sweep GC freed 3(96B) AllocSpace objects, 0(0B) LOS objects, 23% free, 53MB/69MB, paused 615us total 28.441ms
08-06 17:21:30.321   518   646 I ThermalEngine: ACTION: GPU - Setting GPU[0] to 390000000
08-06 17:21:30.432 23700 23713 I art     : Starting a blocking GC Explicit
08-06 17:21:30.483 23700 23713 I art     : Explicit concurrent mark sweep GC freed 1347(78KB) AllocSpace objects, 1(20KB) LOS objects, 23% free, 53MB/69MB, paused 1.469ms total 50.448ms
08-06 17:21:30.503 23700 23713 I art     : Starting a blocking GC Explicit
08-06 17:21:30.540 23700 23713 I art     : Explicit concurrent mark sweep GC freed 20(704B) AllocSpace objects, 0(0B) LOS objects, 23% free, 53MB/69MB, paused 961us total 36.537ms
08-06 17:21:30.558 23700 23713 I art     : Starting a blocking GC Explicit
08-06 17:21:30.595 23700 23713 I art     : Explicit concurrent mark sweep GC freed 3(96B) AllocSpace objects, 0(0B) LOS objects, 23% free, 53MB/69MB, paused 1.146ms total 37.024ms
08-06 17:21:30.613 23700 23713 I art     : Starting a blocking GC Explicit
08-06 17:21:30.651 23700 23713 I art     : Explicit concurrent mark sweep GC freed 3(96B) AllocSpace objects, 0(0B) LOS objects, 23% free, 53MB/69MB, paused 893us total 37.481ms
08-06 17:21:30.668 23700 23713 I art     : Starting a blocking GC Explicit
08-06 17:21:30.706 23700 23713 I art     : Explicit concurrent mark sweep GC freed 3(96B) AllocSpace objects, 0(0B) LOS objects, 23% free, 53MB/69MB, paused 993us total 36.740ms
08-06 17:21:30.796 25638 25638 W Atfwd_Sendcmd: AtCmdFwd service not published, waiting... retryCnt : 2
08-06 17:21:31.045 23700 23712 I art     : Starting a blocking GC Explicit
08-06 17:21:31.094 23700 23712 I art     : Explicit concurrent mark sweep GC freed 1347(78KB) AllocSpace objects, 1(20KB) LOS objects, 23% free, 53MB/69MB, paused 950us total 48.721ms
08-06 17:21:31.116 23700 23712 I art     : Starting a blocking GC Explicit
08-06 17:21:31.153 23700 23712 I art     : Explicit concurrent mark sweep GC freed 20(704B) AllocSpace objects, 0(0B) LOS objects, 23% free, 53MB/69MB, paused 933us total 37.185ms
08-06 17:21:31.171 23700 23712 I art     : Starting a blocking GC Explicit
08-06 17:21:31.209 23700 23712 I art     : Explicit concurrent mark sweep GC freed 3(96B) AllocSpace objects, 0(0B) LOS objects, 23% free, 53MB/69MB, paused 984us total 37.252ms
08-06 17:21:31.226 23700 23712 I art     : Starting a blocking GC Explicit
08-06 17:21:31.265 23700 23712 I art     : Explicit concurrent mark sweep GC freed 3(96B) AllocSpace objects, 0(0B) LOS objects, 23% free, 53MB/69MB, paused 948us total 38.017ms
08-06 17:21:31.286 23700 23712 I art     : Starting a blocking GC Explicit
08-06 17:21:31.324 23700 23712 I art     : Explicit concurrent mark sweep GC freed 3(96B) AllocSpace objects, 0(0B) LOS objects, 23% free, 53MB/69MB, paused 835us total 38.277ms
08-06 17:21:31.670 23700 23736 I art     : Starting a blocking GC Explicit
08-06 17:21:31.723 23700 23736 I art     : Explicit concurrent mark sweep GC freed 1347(78KB) AllocSpace objects, 1(20KB) LOS objects, 23% free, 53MB/69MB, paused 1.133ms total 52.267ms
08-06 17:21:31.744 23700 23736 I art     : Starting a blocking GC Explicit
08-06 17:21:31.783 23700 23736 I art     : Explicit concurrent mark sweep GC freed 20(704B) AllocSpace objects, 0(0B) LOS objects, 23% free, 53MB/69MB, paused 833us total 38.339ms
08-06 17:21:31.801 23700 23736 I art     : Starting a blocking GC Explicit
08-06 17:21:31.838 23700 23736 I art     : Explicit concurrent mark sweep GC freed 3(96B) AllocSpace objects, 0(0B) LOS objects, 23% free, 53MB/69MB, paused 1.084ms total 37.035ms
08-06 17:21:31.855 23700 23736 I art     : Starting a blocking GC Explicit
08-06 17:21:31.893 23700 23736 I art     : Explicit concurrent mark sweep GC freed 3(96B) AllocSpace objects, 0(0B) LOS objects, 23% free, 53MB/69MB, paused 834us total 37.128ms
08-06 17:21:31.910 23700 23736 I art     : Starting a blocking GC Explicit
08-06 17:21:31.948 23700 23736 I art     : Explicit concurrent mark sweep GC freed 3(96B) AllocSpace objects, 0(0B) LOS objects, 23% free, 53MB/69MB, paused 1.060ms total 37.415ms
08-06 17:21:32.300 23700 24467 I art     : Starting a blocking GC Explicit
08-06 17:21:32.348 23700 24467 I art     : Explicit concurrent mark sweep GC freed 1347(78KB) AllocSpace objects, 1(20KB) LOS objects, 23% free, 53MB/69MB, paused 1.480ms total 47.035ms
08-06 17:21:32.369 23700 24467 I art     : Starting a blocking GC Explicit
08-06 17:21:32.406 23700 24467 I art     : Explicit concurrent mark sweep GC freed 20(704B) AllocSpace objects, 0(0B) LOS objects, 23% free, 53MB/69MB, paused 1.122ms total 36.810ms
08-06 17:21:32.427 23700 24467 I art     : Starting a blocking GC Explicit
08-06 17:21:32.472 23700 24467 I art     : Explicit concurrent mark sweep GC freed 3(96B) AllocSpace objects, 0(0B) LOS objects, 23% free, 53MB/69MB, paused 1.409ms total 44.355ms
08-06 17:21:32.493 23700 24467 I art     : Starting a blocking GC Explicit
08-06 17:21:32.531 23700 24467 I art     : Explicit concurrent mark sweep GC freed 3(96B) AllocSpace objects, 0(0B) LOS objects, 23% free, 53MB/69MB, paused 870us total 37.658ms
08-06 17:21:32.548 23700 24467 I art     : Starting a blocking GC Explicit
08-06 17:21:32.586 23700 24467 I art     : Explicit concurrent mark sweep GC freed 3(96B) AllocSpace objects, 0(0B) LOS objects, 23% free, 53MB/69MB, paused 840us total 36.709ms
08-06 17:21:32.939 23700 25454 I art     : Starting a blocking GC Explicit
08-06 17:21:32.985 23700 25454 I art     : Explicit concurrent mark sweep GC freed 1347(78KB) AllocSpace objects, 1(20KB) LOS objects, 23% free, 53MB/69MB, paused 903us total 45.114ms
08-06 17:21:33.006 23700 25454 I art     : Starting a blocking GC Explicit
08-06 17:21:33.051 23700 25454 I art     : Explicit concurrent mark sweep GC freed 20(704B) AllocSpace objects, 0(0B) LOS objects, 23% free, 53MB/69MB, paused 1.503ms total 44.615ms
08-06 17:21:33.072 23700 25454 I art     : Starting a blocking GC Explicit
08-06 17:21:33.117 23700 25454 I art     : Explicit concurrent mark sweep GC freed 3(96B) AllocSpace objects, 0(0B) LOS objects, 23% free, 53MB/69MB, paused 887us total 43.375ms
08-06 17:21:33.138 23700 25454 I art     : Starting a blocking GC Explicit
08-06 17:21:33.176 23700 25454 I art     : Explicit concurrent mark sweep GC freed 3(96B) AllocSpace objects, 0(0B) LOS objects, 23% free, 53MB/69MB, paused 831us total 38.142ms
08-06 17:21:33.194 23700 25454 I art     : Starting a blocking GC Explicit
08-06 17:21:33.231 23700 25454 I art     : Explicit concurrent mark sweep GC freed 3(96B) AllocSpace objects, 0(0B) LOS objects, 23% free, 53MB/69MB, paused 870us total 36.989ms
08-06 17:21:33.325   518   646 I ThermalEngine: ACTION: GPU - Setting GPU[0] to 450000000
08-06 17:21:33.525 23700 23713 I art     : Starting a blocking GC Explicit
08-06 17:21:33.560 23700 23713 I art     : Explicit concurrent mark sweep GC freed 1347(78KB) AllocSpace objects, 1(20KB) LOS objects, 23% free, 53MB/69MB, paused 692us total 34.805ms
08-06 17:21:33.576 23700 23713 I art     : Starting a blocking GC Explicit
08-06 17:21:33.606 23700 23713 I art     : Explicit concurrent mark sweep GC freed 20(704B) AllocSpace objects, 0(0B) LOS objects, 23% free, 53MB/69MB, paused 619us total 30.274ms
08-06 17:21:33.617 23700 23713 I art     : Starting a blocking GC Explicit
08-06 17:21:33.647 23700 23713 I art     : Explicit concurrent mark sweep GC freed 3(96B) AllocSpace objects, 0(0B) LOS objects, 23% free, 53MB/69MB, paused 727us total 29.523ms
08-06 17:21:33.659 23700 23713 I art     : Starting a blocking GC Explicit
08-06 17:21:33.690 23700 23713 I art     : Explicit concurrent mark sweep GC freed 3(96B) AllocSpace objects, 0(0B) LOS objects, 23% free, 53MB/69MB, paused 650us total 30.453ms
08-06 17:21:33.702 23700 23713 I art     : Starting a blocking GC Explicit
08-06 17:21:33.733 23700 23713 I art     : Explicit concurrent mark sweep GC freed 3(96B) AllocSpace objects, 0(0B) LOS objects, 23% free, 53MB/69MB, paused 618us total 31.172ms
08-06 17:21:33.871 26024 26024 D AndroidRuntime: >>>>>> START com.android.internal.os.RuntimeInit uid 2000 <<<<<<
08-06 17:21:33.877 26024 26024 D AndroidRuntime: CheckJNI is OFF
08-06 17:21:33.920 26024 26024 D ICU     : No timezone override file found: /data/misc/zoneinfo/current/icu/icu_tzdata.dat
08-06 17:21:33.962 26024 26024 I Radio-JNI: register_android_hardware_Radio DONE
08-06 17:21:33.990 26024 26024 D AndroidRuntime: Calling main entry com.android.commands.input.Input
08-06 17:21:33.992 26024 26024 I Input   : injectKeyEvent: KeyEvent { action=ACTION_DOWN, keyCode=KEYCODE_BACK, scanCode=0, metaState=0, flags=0x0, repeatCount=0, eventTime=897710405, downTime=897710405, deviceId=-1, source=0x101 }
08-06 17:21:33.998 26024 26024 I Input   : injectKeyEvent: KeyEvent { action=ACTION_UP, keyCode=KEYCODE_BACK, scanCode=0, metaState=0, flags=0x0, repeatCount=0, eventTime=897710405, downTime=897710405, deviceId=-1, source=0x101 }
08-06 17:21:34.003 26024 26024 D AndroidRuntime: Shutting down VM
08-06 17:21:34.045 13866 13866 I GoogleInputMethodServic: GoogleInputMethodService.onFinishInput():3138 
08-06 17:21:34.046 13866 13866 I GoogleInputMethodServic: GoogleInputMethodService.onStartInput():1808 
08-06 17:21:34.062 23700 23713 I art     : Starting a blocking GC Explicit
08-06 17:21:34.092 23700 23713 I art     : Explicit concurrent mark sweep GC freed 1497(85KB) AllocSpace objects, 1(20KB) LOS objects, 23% free, 53MB/69MB, paused 558us total 29.775ms
08-06 17:21:34.103 23700 23713 I art     : Starting a blocking GC Explicit
08-06 17:21:34.128 23700 23713 I art     : Explicit concurrent mark sweep GC freed 40(1376B) AllocSpace objects, 0(0B) LOS objects, 23% free, 53MB/69MB, paused 690us total 24.759ms
08-06 17:21:34.140 23700 23713 I art     : Starting a blocking GC Explicit
08-06 17:21:34.168 23700 23713 I art     : Explicit concurrent mark sweep GC freed 3(96B) AllocSpace objects, 0(0B) LOS objects, 23% free, 53MB/69MB, paused 558us total 28.247ms
08-06 17:21:34.181 23700 23713 I art     : Starting a blocking GC Explicit
08-06 17:21:34.214 23700 23713 I art     : Explicit concurrent mark sweep GC freed 3(96B) AllocSpace objects, 0(0B) LOS objects, 23% free, 53MB/69MB, paused 632us total 32.512ms
08-06 17:21:34.228 23700 23713 I art     : Starting a blocking GC Explicit
08-06 17:21:34.263 23700 23713 I art     : Explicit concurrent mark sweep GC freed 3(96B) AllocSpace objects, 0(0B) LOS objects, 23% free, 53MB/69MB, paused 656us total 34.233ms
08-06 17:21:34.333   380   380 W SurfaceFlinger: couldn't log to binary event log: overflow.
08-06 17:21:34.546 23700 23713 I art     : Starting a blocking GC Explicit
08-06 17:21:34.583 23700 23713 I art     : Explicit concurrent mark sweep GC freed 1466(87KB) AllocSpace objects, 1(20KB) LOS objects, 23% free, 53MB/69MB, paused 778us total 36.750ms
08-06 17:21:34.598 23700 23713 I art     : Starting a blocking GC Explicit
08-06 17:21:34.626 23700 23713 I art     : Explicit concurrent mark sweep GC freed 4698(269KB) AllocSpace objects, 2(140KB) LOS objects, 23% free, 52MB/68MB, paused 588us total 28.171ms
08-06 17:21:34.637 23700 23713 I art     : Starting a blocking GC Explicit
08-06 17:21:34.664 23700 23713 I art     : Explicit concurrent mark sweep GC freed 3(96B) AllocSpace objects, 0(0B) LOS objects, 23% free, 52MB/68MB, paused 571us total 26.744ms
08-06 17:21:34.676 23700 23713 I art     : Starting a blocking GC Explicit
08-06 17:21:34.704 23700 23713 I art     : Explicit concurrent mark sweep GC freed 3(96B) AllocSpace objects, 0(0B) LOS objects, 23% free, 52MB/68MB, paused 695us total 27.753ms
08-06 17:21:34.715 23700 23713 I art     : Starting a blocking GC Explicit
08-06 17:21:34.743 23700 23713 I art     : Explicit concurrent mark sweep GC freed 3(96B) AllocSpace objects, 0(0B) LOS objects, 23% free, 52MB/68MB, paused 586us total 27.356ms
08-06 17:21:35.052 23700 25454 I art     : Starting a blocking GC Explicit
08-06 17:21:35.084 23700 25454 I art     : Explicit concurrent mark sweep GC freed 1347(78KB) AllocSpace objects, 1(20KB) LOS objects, 23% free, 52MB/68MB, paused 617us total 31.913ms
08-06 17:21:35.098 23700 25454 I art     : Starting a blocking GC Explicit
08-06 17:21:35.126 23700 25454 I art     : Explicit concurrent mark sweep GC freed 20(704B) AllocSpace objects, 0(0B) LOS objects, 23% free, 52MB/68MB, paused 590us total 27.357ms
08-06 17:21:35.137 23700 25454 I art     : Starting a blocking GC Explicit
08-06 17:21:35.165 23700 25454 I art     : Explicit concurrent mark sweep GC freed 3(96B) AllocSpace objects, 0(0B) LOS objects, 23% free, 52MB/68MB, paused 548us total 27.115ms
08-06 17:21:35.176 23700 25454 I art     : Starting a blocking GC Explicit
08-06 17:21:35.203 23700 25454 I art     : Explicit concurrent mark sweep GC freed 3(96B) AllocSpace objects, 0(0B) LOS objects, 23% free, 52MB/68MB, paused 585us total 27.262ms
08-06 17:21:35.215 23700 25454 I art     : Starting a blocking GC Explicit
08-06 17:21:35.241 23700 25454 I art     : Explicit concurrent mark sweep GC freed 3(96B) AllocSpace objects, 0(0B) LOS objects, 23% free, 52MB/68MB, paused 550us total 26.206ms
08-06 17:21:35.528 23700 23736 I art     : Starting a blocking GC Explicit
08-06 17:21:35.560 23700 23736 I art     : Explicit concurrent mark sweep GC freed 1346(78KB) AllocSpace objects, 1(20KB) LOS objects, 23% free, 52MB/68MB, paused 596us total 31.144ms
08-06 17:21:35.571 23700 23736 I art     : Starting a blocking GC Explicit
08-06 17:21:35.598 23700 23736 I art     : Explicit concurrent mark sweep GC freed 20(704B) AllocSpace objects, 0(0B) LOS objects, 23% free, 52MB/68MB, paused 614us total 26.794ms
08-06 17:21:35.609 23700 23736 I art     : Starting a blocking GC Explicit
08-06 17:21:35.640 23700 23736 I art     : Explicit concurrent mark sweep GC freed 6(192B) AllocSpace objects, 0(0B) LOS objects, 23% free, 52MB/68MB, paused 610us total 30.690ms
08-06 17:21:35.653 23700 23736 I art     : Starting a blocking GC Explicit
08-06 17:21:35.680 23700 23736 I art     : Explicit concurrent mark sweep GC freed 7(224B) AllocSpace objects, 0(0B) LOS objects, 23% free, 52MB/68MB, paused 639us total 26.704ms
08-06 17:21:35.691 23700 23736 I art     : Starting a blocking GC Explicit
08-06 17:21:35.717 23700 23736 I art     : Explicit concurrent mark sweep GC freed 7(224B) AllocSpace objects, 0(0B) LOS objects, 23% free, 52MB/68MB, paused 662us total 25.884ms
08-06 17:21:35.763   918  3188 I hubconnection: sensorhub said: 'set_bias 3: -6.2400, 0.0000, 0.0000'
08-06 17:21:35.789 26078 26078 D AndroidRuntime: >>>>>> START com.android.internal.os.RuntimeInit uid 2000 <<<<<<
08-06 17:21:35.795 26078 26078 D AndroidRuntime: CheckJNI is OFF
08-06 17:21:35.839 26078 26078 D ICU     : No timezone override file found: /data/misc/zoneinfo/current/icu/icu_tzdata.dat
08-06 17:21:35.886 26078 26078 I Radio-JNI: register_android_hardware_Radio DONE
08-06 17:21:35.914 26078 26078 D AndroidRuntime: Calling main entry com.android.commands.input.Input
08-06 17:21:35.915 26078 26078 I Input   : injectKeyEvent: KeyEvent { action=ACTION_DOWN, keyCode=KEYCODE_BACK, scanCode=0, metaState=0, flags=0x0, repeatCount=0, eventTime=897712328, downTime=897712328, deviceId=-1, source=0x101 }
08-06 17:21:35.923 26078 26078 I Input   : injectKeyEvent: KeyEvent { action=ACTION_UP, keyCode=KEYCODE_BACK, scanCode=0, metaState=0, flags=0x0, repeatCount=0, eventTime=897712328, downTime=897712328, deviceId=-1, source=0x101 }
08-06 17:21:35.929 26078 26078 D AndroidRuntime: Shutting down VM
08-06 17:21:35.963 13866 13866 I GoogleInputMethodServic: GoogleInputMethodService.onFinishInput():3138 
08-06 17:21:35.964 13866 13866 I GoogleInputMethodServic: GoogleInputMethodService.onStartInput():1808 
08-06 17:21:36.024 23700 23713 I art     : Starting a blocking GC Explicit
08-06 17:21:36.050 23700 23713 I art     : Explicit concurrent mark sweep GC freed 1567(87KB) AllocSpace objects, 1(20KB) LOS objects, 23% free, 52MB/68MB, paused 576us total 24.913ms
08-06 17:21:36.062 23700 23713 I art     : Starting a blocking GC Explicit
08-06 17:21:36.089 23700 23713 I art     : Explicit concurrent mark sweep GC freed 24(864B) AllocSpace objects, 0(0B) LOS objects, 23% free, 52MB/68MB, paused 569us total 26.994ms
08-06 17:21:36.102 23700 23713 I art     : Starting a blocking GC Explicit
08-06 17:21:36.133 23700 23713 I art     : Explicit concurrent mark sweep GC freed 3(96B) AllocSpace objects, 0(0B) LOS objects, 23% free, 52MB/68MB, paused 584us total 29.862ms
08-06 17:21:36.146 23700 23713 I art     : Starting a blocking GC Explicit
08-06 17:21:36.178 23700 23713 I art     : Explicit concurrent mark sweep GC freed 3(96B) AllocSpace objects, 0(0B) LOS objects, 23% free, 52MB/68MB, paused 907us total 31.132ms
08-06 17:21:36.190 23700 23713 I art     : Starting a blocking GC Explicit
08-06 17:21:36.220 23700 23713 I art     : Explicit concurrent mark sweep GC freed 3(96B) AllocSpace objects, 0(0B) LOS objects, 23% free, 52MB/68MB, paused 544us total 29.295ms
08-06 17:21:36.269   380   380 W SurfaceFlinger: couldn't log to binary event log: overflow.
08-06 17:21:36.515 23700 23713 I art     : Starting a blocking GC Explicit
08-06 17:21:36.550 23700 23713 I art     : Explicit concurrent mark sweep GC freed 1464(87KB) AllocSpace objects, 1(20KB) LOS objects, 23% free, 52MB/68MB, paused 669us total 34.857ms
08-06 17:21:36.565 23700 23713 I art     : Starting a blocking GC Explicit
08-06 17:21:36.592 23700 23713 I art     : Explicit concurrent mark sweep GC freed 2096(122KB) AllocSpace objects, 3(340KB) LOS objects, 23% free, 52MB/68MB, paused 596us total 27.240ms
08-06 17:21:36.603 23700 23713 I art     : Starting a blocking GC Explicit
08-06 17:21:36.630 23700 23713 I art     : Explicit concurrent mark sweep GC freed 3(96B) AllocSpace objects, 0(0B) LOS objects, 23% free, 52MB/68MB, paused 588us total 26.401ms
08-06 17:21:36.641 23700 23713 I art     : Starting a blocking GC Explicit
08-06 17:21:36.667 23700 23713 I art     : Explicit concurrent mark sweep GC freed 3(96B) AllocSpace objects, 0(0B) LOS objects, 23% free, 52MB/68MB, paused 593us total 26.225ms
08-06 17:21:36.679 23700 23713 I art     : Starting a blocking GC Explicit
08-06 17:21:36.705 23700 23713 I art     : Explicit concurrent mark sweep GC freed 3(96B) AllocSpace objects, 0(0B) LOS objects, 23% free, 52MB/68MB, paused 604us total 26.344ms
08-06 17:21:37.015 23700 25454 I art     : Starting a blocking GC Explicit
08-06 17:21:37.047 23700 25454 I art     : Explicit concurrent mark sweep GC freed 1346(78KB) AllocSpace objects, 1(20KB) LOS objects, 23% free, 52MB/68MB, paused 618us total 31.578ms
08-06 17:21:37.061 23700 25454 I art     : Starting a blocking GC Explicit
08-06 17:21:37.089 23700 25454 I art     : Explicit concurrent mark sweep GC freed 20(704B) AllocSpace objects, 0(0B) LOS objects, 23% free, 52MB/68MB, paused 837us total 27.448ms
08-06 17:21:37.100 23700 25454 I art     : Starting a blocking GC Explicit
08-06 17:21:37.127 23700 25454 I art     : Explicit concurrent mark sweep GC freed 3(96B) AllocSpace objects, 0(0B) LOS objects, 23% free, 52MB/68MB, paused 659us total 26.417ms
08-06 17:21:37.138 23700 25454 I art     : Starting a blocking GC Explicit
08-06 17:21:37.164 23700 25454 I art     : Explicit concurrent mark sweep GC freed 3(96B) AllocSpace objects, 0(0B) LOS objects, 23% free, 52MB/68MB, paused 562us total 25.744ms
08-06 17:21:37.175 23700 25454 I art     : Starting a blocking GC Explicit
08-06 17:21:37.201 23700 25454 I art     : Explicit concurrent mark sweep GC freed 3(96B) AllocSpace objects, 0(0B) LOS objects, 23% free, 52MB/68MB, paused 568us total 25.592ms
08-06 17:21:37.340   518   646 I ThermalEngine: ACTION: GPU - Setting GPU[0] to 390000000
08-06 17:21:37.514 23700 24467 I art     : Starting a blocking GC Explicit
08-06 17:21:37.550 23700 24467 I art     : Explicit concurrent mark sweep GC freed 1344(78KB) AllocSpace objects, 1(20KB) LOS objects, 23% free, 52MB/68MB, paused 959us total 35.869ms
08-06 17:21:37.566 23700 24467 I art     : Starting a blocking GC Explicit
08-06 17:21:37.598 23700 24467 I art     : Explicit concurrent mark sweep GC freed 20(704B) AllocSpace objects, 0(0B) LOS objects, 23% free, 52MB/68MB, paused 945us total 31.562ms
08-06 17:21:37.614 23700 24467 I art     : Starting a blocking GC Explicit
08-06 17:21:37.647 23700 24467 I art     : Explicit concurrent mark sweep GC freed 3(96B) AllocSpace objects, 0(0B) LOS objects, 23% free, 52MB/68MB, paused 1.133ms total 32.746ms
08-06 17:21:37.663 23700 24467 I art     : Starting a blocking GC Explicit
08-06 17:21:37.695 23700 24467 I art     : Explicit concurrent mark sweep GC freed 3(96B) AllocSpace objects, 0(0B) LOS objects, 23% free, 52MB/68MB, paused 917us total 31.537ms
08-06 17:21:37.711 23700 24467 I art     : Starting a blocking GC Explicit
08-06 17:21:37.743 23700 24467 I art     : Explicit concurrent mark sweep GC freed 3(96B) AllocSpace objects, 0(0B) LOS objects, 23% free, 52MB/68MB, paused 908us total 31.632ms
08-06 17:21:37.809 26168 26168 D AndroidRuntime: >>>>>> START com.android.internal.os.RuntimeInit uid 2000 <<<<<<
08-06 17:21:37.815 26168 26168 D AndroidRuntime: CheckJNI is OFF
08-06 17:21:37.883 26168 26168 D ICU     : No timezone override file found: /data/misc/zoneinfo/current/icu/icu_tzdata.dat
08-06 17:21:37.931 26168 26168 I Radio-JNI: register_android_hardware_Radio DONE
08-06 17:21:37.963 26168 26168 D AndroidRuntime: Calling main entry com.android.commands.input.Input
08-06 17:21:37.966 26168 26168 I Input   : injectMotionEvent: MotionEvent { action=ACTION_DOWN, actionButton=0, id[0]=0, x[0]=1053.0, y[0]=1173.0, toolType[0]=TOOL_TYPE_UNKNOWN, buttonState=0, metaState=0, flags=0x0, edgeFlags=0x0, pointerCount=1, historySize=0, eventTime=897714378, downTime=897714378, deviceId=0, source=0x1002 }
08-06 17:21:37.973 26168 26168 I Input   : injectMotionEvent: MotionEvent { action=ACTION_UP, actionButton=0, id[0]=0, x[0]=1053.0, y[0]=1173.0, toolType[0]=TOOL_TYPE_UNKNOWN, buttonState=0, metaState=0, flags=0x0, edgeFlags=0x0, pointerCount=1, historySize=0, eventTime=897714378, downTime=897714378, deviceId=0, source=0x1002 }
08-06 17:21:37.975   918  3670 I ActivityManager: START u0 {cmp=baseline.appteam.nith.hillffair/.activities.QuizActivity} from uid 10697 on display 0
08-06 17:21:37.984 26168 26168 D AndroidRuntime: Shutting down VM
08-06 17:21:38.075 23700 23736 I art     : Starting a blocking GC Explicit
08-06 17:21:38.113 23700 23736 I art     : Explicit concurrent mark sweep GC freed 2073(130KB) AllocSpace objects, 1(20KB) LOS objects, 23% free, 52MB/68MB, paused 1.052ms total 37.718ms
08-06 17:21:38.124   918   936 I ActivityManager: Displayed baseline.appteam.nith.hillffair/.activities.QuizActivity: +138ms
08-06 17:21:38.125 13866 13866 I GoogleInputMethodServic: GoogleInputMethodService.onFinishInput():3138 
08-06 17:21:38.127 13866 13866 I GoogleInputMethodServic: GoogleInputMethodService.onStartInput():1808 
08-06 17:21:38.132 23700 23736 I art     : Starting a blocking GC Explicit
08-06 17:21:38.169 23700 23736 I art     : Explicit concurrent mark sweep GC freed 231(10KB) AllocSpace objects, 0(0B) LOS objects, 23% free, 52MB/68MB, paused 825us total 37.048ms
08-06 17:21:38.183 23700 23736 I art     : Starting a blocking GC Explicit
08-06 17:21:38.212 23700 23736 I art     : Explicit concurrent mark sweep GC freed 34(1392B) AllocSpace objects, 0(0B) LOS objects, 23% free, 52MB/68MB, paused 865us total 29.255ms
08-06 17:21:38.228 23700 23736 I art     : Starting a blocking GC Explicit
08-06 17:21:38.261 23700 23736 I art     : Explicit concurrent mark sweep GC freed 3(96B) AllocSpace objects, 0(0B) LOS objects, 23% free, 52MB/68MB, paused 1.293ms total 32.610ms
08-06 17:21:38.282 23700 23736 I art     : Starting a blocking GC Explicit
08-06 17:21:38.330 23700 23736 I art     : Explicit concurrent mark sweep GC freed 3(96B) AllocSpace objects, 0(0B) LOS objects, 23% free, 52MB/68MB, paused 1.503ms total 47.600ms
08-06 17:21:38.372   380   380 W SurfaceFlinger: couldn't log to binary event log: overflow.
08-06 17:21:38.666 23700 23713 I art     : Starting a blocking GC Explicit
08-06 17:21:38.712 23700 23713 I art     : Explicit concurrent mark sweep GC freed 1416(83KB) AllocSpace objects, 1(20KB) LOS objects, 23% free, 52MB/68MB, paused 1.144ms total 45.183ms
08-06 17:21:38.731 23700 23713 I art     : Starting a blocking GC Explicit
08-06 17:21:38.765 23700 23713 I art     : Explicit concurrent mark sweep GC freed 20(704B) AllocSpace objects, 0(0B) LOS objects, 23% free, 52MB/68MB, paused 806us total 33.949ms
08-06 17:21:38.782 23700 23713 I art     : Starting a blocking GC Explicit
08-06 17:21:38.816 23700 23713 I art     : Explicit concurrent mark sweep GC freed 3(96B) AllocSpace objects, 0(0B) LOS objects, 23% free, 52MB/68MB, paused 798us total 33.929ms
08-06 17:21:38.833 23700 23713 I art     : Starting a blocking GC Explicit
08-06 17:21:38.867 23700 23713 I art     : Explicit concurrent mark sweep GC freed 3(96B) AllocSpace objects, 0(0B) LOS objects, 23% free, 52MB/68MB, paused 809us total 34.051ms
08-06 17:21:38.884 23700 23713 I art     : Starting a blocking GC Explicit
08-06 17:21:38.919 23700 23713 I art     : Explicit concurrent mark sweep GC freed 270(14KB) AllocSpace objects, 0(0B) LOS objects, 23% free, 52MB/68MB, paused 1.082ms total 35.030ms
08-06 17:21:39.083 23700 26216 W OneSignal: OneSignalRestClient: POST Error thrown from network stack. 
08-06 17:21:39.083 23700 26216 W OneSignal: java.io.IOException: unexpected end of stream on Connection{api.onesignal.com:443, proxy=HTTP@192.168.2.12:8080 hostAddress=192.168.2.12 cipherSuite=TLS_ECDHE_RSA_WITH_AES_128_GCM_SHA256 protocol=http/1.1} (recycle count=0)
08-06 17:21:39.083 23700 26216 W OneSignal: 	at com.android.okhttp.internal.http.HttpConnection.readResponse(HttpConnection.java:210)
08-06 17:21:39.083 23700 26216 W OneSignal: 	at com.android.okhttp.internal.http.HttpTransport.readResponseHeaders(HttpTransport.java:80)
08-06 17:21:39.083 23700 26216 W OneSignal: 	at com.android.okhttp.internal.http.HttpEngine.readNetworkResponse(HttpEngine.java:904)
08-06 17:21:39.083 23700 26216 W OneSignal: 	at com.android.okhttp.internal.http.HttpEngine.readResponse(HttpEngine.java:788)
08-06 17:21:39.083 23700 26216 W OneSignal: 	at com.android.okhttp.internal.huc.HttpURLConnectionImpl.execute(HttpURLConnectionImpl.java:439)
08-06 17:21:39.083 23700 26216 W OneSignal: 	at com.android.okhttp.internal.huc.HttpURLConnectionImpl.getResponse(HttpURLConnectionImpl.java:384)
08-06 17:21:39.083 23700 26216 W OneSignal: 	at com.android.okhttp.internal.huc.HttpURLConnectionImpl.getResponseCode(HttpURLConnectionImpl.java:497)
08-06 17:21:39.083 23700 26216 W OneSignal: 	at com.android.okhttp.internal.huc.DelegatingHttpsURLConnection.getResponseCode(DelegatingHttpsURLConnection.java:105)
08-06 17:21:39.083 23700 26216 W OneSignal: 	at com.android.okhttp.internal.huc.HttpsURLConnectionImpl.getResponseCode(HttpsURLConnectionImpl.java)
08-06 17:21:39.083 23700 26216 W OneSignal: 	at com.onesignal.OneSignalRestClient.startHTTPConnection(OneSignalRestClient.java:180)
08-06 17:21:39.083 23700 26216 W OneSignal: 	at com.onesignal.OneSignalRestClient.access$100(OneSignalRestClient.java:44)
08-06 17:21:39.083 23700 26216 W OneSignal: 	at com.onesignal.OneSignalRestClient$4.run(OneSignalRestClient.java:110)
08-06 17:21:39.083 23700 26216 W OneSignal: 	at java.lang.Thread.run(Thread.java:818)
08-06 17:21:39.083 23700 26216 W OneSignal: Caused by: java.io.EOFException: \n not found: size=0 content=...
08-06 17:21:39.083 23700 26216 W OneSignal: 	at com.android.okhttp.okio.RealBufferedSource.readUtf8LineStrict(RealBufferedSource.java:200)
08-06 17:21:39.083 23700 26216 W OneSignal: 	at com.android.okhttp.internal.http.HttpConnection.readResponse(HttpConnection.java:191)
08-06 17:21:39.083 23700 26216 W OneSignal: 	... 12 more
08-06 17:21:39.084 23700 26221 W OneSignal: Failed last request. statusCode: -1
08-06 17:21:39.084 23700 26221 W OneSignal: response: null
08-06 17:21:39.229 23700 23736 I art     : Starting a blocking GC Explicit
08-06 17:21:39.275 23700 23736 I art     : Explicit concurrent mark sweep GC freed 3707(230KB) AllocSpace objects, 1(20KB) LOS objects, 23% free, 52MB/68MB, paused 1.223ms total 45.804ms
08-06 17:21:39.299 23700 23736 I art     : Starting a blocking GC Explicit
08-06 17:21:39.334 23700 23736 I art     : Explicit concurrent mark sweep GC freed 90(3KB) AllocSpace objects, 0(0B) LOS objects, 23% free, 52MB/68MB, paused 920us total 34.428ms
08-06 17:21:39.350 23700 23736 I art     : Starting a blocking GC Explicit
08-06 17:21:39.385 23700 23736 I art     : Explicit concurrent mark sweep GC freed 3(96B) AllocSpace objects, 0(0B) LOS objects, 23% free, 52MB/68MB, paused 1.039ms total 34.266ms
08-06 17:21:39.402 23700 23736 I art     : Starting a blocking GC Explicit
08-06 17:21:39.436 23700 23736 I art     : Explicit concurrent mark sweep GC freed 3(96B) AllocSpace objects, 0(0B) LOS objects, 23% free, 52MB/68MB, paused 818us total 34.437ms
08-06 17:21:39.453 23700 23736 I art     : Starting a blocking GC Explicit
08-06 17:21:39.488 23700 23736 I art     : Explicit concurrent mark sweep GC freed 3(96B) AllocSpace objects, 0(0B) LOS objects, 23% free, 52MB/68MB, paused 1.124ms total 34.158ms
08-06 17:21:39.839 23700 24467 I art     : Starting a blocking GC Explicit
08-06 17:21:39.875 23700 24467 I art     : Explicit concurrent mark sweep GC freed 1372(79KB) AllocSpace objects, 1(20KB) LOS objects, 23% free, 52MB/68MB, paused 1.108ms total 36.151ms
08-06 17:21:39.893 23700 24467 I art     : Starting a blocking GC Explicit
08-06 17:21:39.926 23700 24467 I art     : Explicit concurrent mark sweep GC freed 24(832B) AllocSpace objects, 0(0B) LOS objects, 23% free, 52MB/68MB, paused 1.041ms total 32.612ms
08-06 17:21:39.943 23700 24467 I art     : Starting a blocking GC Explicit
08-06 17:21:39.975 23700 24467 I art     : Explicit concurrent mark sweep GC freed 3(96B) AllocSpace objects, 0(0B) LOS objects, 23% free, 52MB/68MB, paused 872us total 31.774ms
08-06 17:21:39.990 23700 24467 I art     : Starting a blocking GC Explicit
08-06 17:21:40.024 23700 24467 I art     : Explicit concurrent mark sweep GC freed 3(96B) AllocSpace objects, 0(0B) LOS objects, 23% free, 52MB/68MB, paused 893us total 33.588ms
08-06 17:21:40.041 23700 24467 I art     : Starting a blocking GC Explicit
08-06 17:21:40.076 23700 24467 I art     : Explicit concurrent mark sweep GC freed 3(96B) AllocSpace objects, 0(0B) LOS objects, 23% free, 52MB/68MB, paused 1.016ms total 34.322ms
08-06 17:21:40.397 23700 23736 I art     : Starting a blocking GC Explicit
08-06 17:21:40.436 23700 23736 I art     : Explicit concurrent mark sweep GC freed 1346(78KB) AllocSpace objects, 1(20KB) LOS objects, 23% free, 52MB/68MB, paused 1.071ms total 38.398ms
08-06 17:21:40.453 23700 23736 I art     : Starting a blocking GC Explicit
08-06 17:21:40.485 23700 23736 I art     : Explicit concurrent mark sweep GC freed 20(704B) AllocSpace objects, 0(0B) LOS objects, 23% free, 52MB/68MB, paused 929us total 31.954ms
08-06 17:21:40.500 23700 23736 I art     : Starting a blocking GC Explicit
08-06 17:21:40.533 23700 23736 I art     : Explicit concurrent mark sweep GC freed 3(96B) AllocSpace objects, 0(0B) LOS objects, 23% free, 52MB/68MB, paused 902us total 32.121ms
08-06 17:21:40.549 23700 23736 I art     : Starting a blocking GC Explicit
08-06 17:21:40.583 23700 23736 I art     : Explicit concurrent mark sweep GC freed 3(96B) AllocSpace objects, 0(0B) LOS objects, 23% free, 52MB/68MB, paused 910us total 33.155ms
08-06 17:21:40.599 23700 23736 I art     : Starting a blocking GC Explicit
08-06 17:21:40.632 23700 23736 I art     : Explicit concurrent mark sweep GC freed 3(96B) AllocSpace objects, 0(0B) LOS objects, 23% free, 52MB/68MB, paused 907us total 32.977ms
08-06 17:21:40.797 25638 25638 I ServiceManager: Waiting for service AtCmdFwd...
08-06 17:21:40.883 26238 26238 D AndroidRuntime: >>>>>> START com.android.internal.os.RuntimeInit uid 2000 <<<<<<
08-06 17:21:40.889 26238 26238 D AndroidRuntime: CheckJNI is OFF
08-06 17:21:40.944 26238 26238 D ICU     : No timezone override file found: /data/misc/zoneinfo/current/icu/icu_tzdata.dat
08-06 17:21:40.954 23700 23712 I art     : Starting a blocking GC Explicit
08-06 17:21:40.992 23700 23712 I art     : Explicit concurrent mark sweep GC freed 1359(79KB) AllocSpace objects, 1(20KB) LOS objects, 23% free, 52MB/68MB, paused 1.236ms total 37.944ms
08-06 17:21:40.993 26238 26238 I Radio-JNI: register_android_hardware_Radio DONE
08-06 17:21:41.008 23700 23712 I art     : Starting a blocking GC Explicit
08-06 17:21:41.027 26238 26238 D AndroidRuntime: Calling main entry com.android.commands.input.Input
08-06 17:21:41.030 26238 26238 I Input   : injectMotionEvent: MotionEvent { action=ACTION_DOWN, actionButton=0, id[0]=0, x[0]=756.0, y[0]=1530.0, toolType[0]=TOOL_TYPE_UNKNOWN, buttonState=0, metaState=0, flags=0x0, edgeFlags=0x0, pointerCount=1, historySize=0, eventTime=897717442, downTime=897717442, deviceId=0, source=0x1002 }
08-06 17:21:41.036 26238 26238 I Input   : injectMotionEvent: MotionEvent { action=ACTION_UP, actionButton=0, id[0]=0, x[0]=756.0, y[0]=1530.0, toolType[0]=TOOL_TYPE_UNKNOWN, buttonState=0, metaState=0, flags=0x0, edgeFlags=0x0, pointerCount=1, historySize=0, eventTime=897717442, downTime=897717442, deviceId=0, source=0x1002 }
08-06 17:21:41.039 26238 26238 D AndroidRuntime: Shutting down VM
08-06 17:21:41.043 23700 23712 I art     : Explicit concurrent mark sweep GC freed 63(2192B) AllocSpace objects, 0(0B) LOS objects, 23% free, 52MB/68MB, paused 1.284ms total 34.207ms
08-06 17:21:41.049   918  3714 I ActivityManager: START u0 {cmp=baseline.appteam.nith.hillffair/.activities.LeaderBoardActivity} from uid 10697 on display 0
08-06 17:21:41.051   512  2967 D audio_hw_primary: out_set_parameters: enter: usecase(1: low-latency-playback) kvpairs: routing=2
08-06 17:21:41.063 23700 23712 I art     : Starting a blocking GC Explicit
08-06 17:21:41.064   512  2967 D audio_hw_primary: select_devices: out_snd_device(2: speaker) in_snd_device(0: none)
08-06 17:21:41.064   512  2967 D msm8974_platform: platform_send_audio_calibration: sending audio calibration for snd_device(2) acdb_id(15)
08-06 17:21:41.064   512  2967 I soundtrigger: audio_extn_sound_trigger_update_device_status: device 0x2 of type 0 for Event 1
08-06 17:21:41.078   512  2967 D audio_hw_primary: enable_snd_device: snd_device(2: speaker)
08-06 17:21:41.080   512  2967 D audio_hw_primary: enable_audio_route: apply and update mixer path: low-latency-playback speaker
08-06 17:21:41.098 23700 23712 I art     : Explicit concurrent mark sweep GC freed 508(32KB) AllocSpace objects, 0(0B) LOS objects, 23% free, 52MB/68MB, paused 1.444ms total 35.149ms
08-06 17:21:41.113 23700 23712 I art     : Starting a blocking GC Explicit
08-06 17:21:41.147 23700 23712 I art     : Explicit concurrent mark sweep GC freed 4716(276KB) AllocSpace objects, 0(0B) LOS objects, 23% free, 52MB/68MB, paused 1.106ms total 33.508ms
08-06 17:21:41.162 23700 23712 I art     : Starting a blocking GC Explicit
08-06 17:21:41.170 23700 23700 E RecyclerView: No adapter attached; skipping layout
08-06 17:21:41.173 23700 23700 E RecyclerView: No adapter attached; skipping layout
08-06 17:21:41.197 23700 23712 I art     : Explicit concurrent mark sweep GC freed 230(21KB) AllocSpace objects, 0(0B) LOS objects, 23% free, 52MB/68MB, paused 1.600ms total 34.234ms
08-06 17:21:41.200 13866 13866 I GoogleInputMethodServic: GoogleInputMethodService.onFinishInput():3138 
08-06 17:21:41.200   918   936 I ActivityManager: Displayed baseline.appteam.nith.hillffair/.activities.LeaderBoardActivity: +137ms
08-06 17:21:41.200 13866 13866 I GoogleInputMethodServic: GoogleInputMethodService.onStartInput():1808 
08-06 17:21:41.203 23700 23700 E RecyclerView: No adapter attached; skipping layout
08-06 17:21:41.233 23700 23726 D OpenGLRenderer: endAllStagingAnimators on 0x7f8291b400 (RippleDrawable) with handle 0x7f7d6e9e60
08-06 17:21:41.451   380   380 W SurfaceFlinger: couldn't log to binary event log: overflow.
08-06 17:21:41.552 23700 23712 I art     : Starting a blocking GC Explicit
08-06 17:21:41.596 23700 23712 I art     : Explicit concurrent mark sweep GC freed 1562(91KB) AllocSpace objects, 1(20KB) LOS objects, 23% free, 52MB/68MB, paused 1.372ms total 43.472ms
08-06 17:21:41.613 23700 23712 I art     : Starting a blocking GC Explicit
08-06 17:21:41.618   512  2967 D audio_hw_primary: disable_audio_route: reset and update mixer path: low-latency-playback speaker
08-06 17:21:41.621   512  2967 D audio_hw_primary: disable_snd_device: snd_device(2: speaker)
08-06 17:21:41.630   512  2967 I soundtrigger: audio_extn_sound_trigger_update_device_status: device 0x2 of type 0 for Event 0
08-06 17:21:41.649 23700 23712 I art     : Explicit concurrent mark sweep GC freed 69(2400B) AllocSpace objects, 0(0B) LOS objects, 23% free, 52MB/68MB, paused 1.071ms total 35.729ms
08-06 17:21:41.665 23700 23712 I art     : Starting a blocking GC Explicit
08-06 17:21:41.699 23700 23712 I art     : Explicit concurrent mark sweep GC freed 20(736B) AllocSpace objects, 0(0B) LOS objects, 23% free, 52MB/68MB, paused 1.099ms total 34.107ms
08-06 17:21:41.715 23700 23712 I art     : Starting a blocking GC Explicit
08-06 17:21:41.750 23700 23712 I art     : Explicit concurrent mark sweep GC freed 18(672B) AllocSpace objects, 0(0B) LOS objects, 23% free, 52MB/68MB, paused 1.025ms total 34.137ms
08-06 17:21:41.766 23700 23712 I art     : Starting a blocking GC Explicit
08-06 17:21:41.797 25638 25638 I ServiceManager: Waiting for service AtCmdFwd...
08-06 17:21:41.800 23700 23712 I art     : Explicit concurrent mark sweep GC freed 18(672B) AllocSpace objects, 0(0B) LOS objects, 23% free, 52MB/68MB, paused 1.070ms total 33.716ms
08-06 17:21:41.856 23700 26272 D OkHttp  : --> GET https://api-hillfair-2k16.herokuapp.com/api/app/quiz/leaderboard?from=1 http/1.1
08-06 17:21:41.887 23700 26272 D OkHttp  : <-- 200 OK https://api-hillfair-2k16.herokuapp.com/api/app/quiz/leaderboard?from=1 (31ms, 56744-byte body)
08-06 17:21:41.978 23700 23700 I NAPPA_EXPERIMENTATION: MetricNetworkRequestExecutionTime: REQUEST_DURATION_SYSTEM='870',REQUEST_DURATION_OKHTTP='31',REQUEST_SYNCHRONOUS='FALSE',RESPONSE_CODE='200',RESPONSE_METHOD='GET',RESPONSE_LENGTH_OKHTTP='56744',RESPONSE_LENGTH_HEADER='56744',REQUEST_PROTOCOL='http/1.1',REQUEST_URL='https://api-hillfair-2k16.herokuapp.com/api/app/quiz/leaderboard?from=1',
08-06 17:21:42.110 23700 23736 I art     : Starting a blocking GC Explicit
08-06 17:21:42.152 23700 23736 I art     : Explicit concurrent mark sweep GC freed 30293(1445KB) AllocSpace objects, 4(220KB) LOS objects, 23% free, 53MB/69MB, paused 1.053ms total 41.462ms
08-06 17:21:42.170 23700 23736 I art     : Starting a blocking GC Explicit
08-06 17:21:42.207 23700 23736 I art     : Explicit concurrent mark sweep GC freed 1062(120KB) AllocSpace objects, 0(0B) LOS objects, 23% free, 53MB/69MB, paused 943us total 37.268ms
08-06 17:21:42.225 23700 23736 I art     : Starting a blocking GC Explicit
08-06 17:21:42.262 23700 23736 I art     : Explicit concurrent mark sweep GC freed 3(96B) AllocSpace objects, 0(0B) LOS objects, 23% free, 53MB/69MB, paused 858us total 37.424ms
08-06 17:21:42.280 23700 23736 I art     : Starting a blocking GC Explicit
08-06 17:21:42.317 23700 23736 I art     : Explicit concurrent mark sweep GC freed 3(96B) AllocSpace objects, 0(0B) LOS objects, 23% free, 53MB/69MB, paused 1.013ms total 37.046ms
08-06 17:21:42.335 23700 23736 I art     : Starting a blocking GC Explicit
08-06 17:21:42.372 23700 23736 I art     : Explicit concurrent mark sweep GC freed 3(96B) AllocSpace objects, 0(0B) LOS objects, 23% free, 53MB/69MB, paused 850us total 37.055ms
08-06 17:21:42.706 23700 23713 I art     : Starting a blocking GC Explicit
08-06 17:21:42.752 23700 23713 I art     : Explicit concurrent mark sweep GC freed 1347(78KB) AllocSpace objects, 1(20KB) LOS objects, 23% free, 53MB/69MB, paused 980us total 45.263ms
08-06 17:21:42.773 23700 23713 I art     : Starting a blocking GC Explicit
08-06 17:21:42.798 25638 25638 I ServiceManager: Waiting for service AtCmdFwd...
08-06 17:21:42.815 23700 23713 I art     : Explicit concurrent mark sweep GC freed 20(704B) AllocSpace objects, 0(0B) LOS objects, 23% free, 53MB/69MB, paused 825us total 41.072ms
08-06 17:21:42.833 23700 23713 I art     : Starting a blocking GC Explicit
08-06 17:21:42.870 23700 23713 I art     : Explicit concurrent mark sweep GC freed 3(96B) AllocSpace objects, 0(0B) LOS objects, 23% free, 53MB/69MB, paused 867us total 37.347ms
08-06 17:21:42.888 23700 23713 I art     : Starting a blocking GC Explicit
08-06 17:21:42.926 23700 23713 I art     : Explicit concurrent mark sweep GC freed 3(96B) AllocSpace objects, 0(0B) LOS objects, 23% free, 53MB/69MB, paused 825us total 37.601ms
08-06 17:21:42.943 23700 23713 I art     : Starting a blocking GC Explicit
08-06 17:21:42.982 23700 23713 I art     : Explicit concurrent mark sweep GC freed 3(96B) AllocSpace objects, 0(0B) LOS objects, 23% free, 53MB/69MB, paused 1.036ms total 38.299ms
08-06 17:21:43.337 23700 24467 I art     : Starting a blocking GC Explicit
08-06 17:21:43.391 23700 24467 I art     : Explicit concurrent mark sweep GC freed 1347(78KB) AllocSpace objects, 1(20KB) LOS objects, 23% free, 53MB/69MB, paused 1.177ms total 53.848ms
08-06 17:21:43.413 23700 24467 I art     : Starting a blocking GC Explicit
08-06 17:21:43.455 23700 24467 I art     : Explicit concurrent mark sweep GC freed 20(704B) AllocSpace objects, 0(0B) LOS objects, 23% free, 53MB/69MB, paused 872us total 41.428ms
08-06 17:21:43.472 23700 24467 I art     : Starting a blocking GC Explicit
08-06 17:21:43.510 23700 24467 I art     : Explicit concurrent mark sweep GC freed 3(96B) AllocSpace objects, 0(0B) LOS objects, 23% free, 53MB/69MB, paused 1.045ms total 37.743ms
08-06 17:21:43.528 23700 24467 I art     : Starting a blocking GC Explicit
08-06 17:21:43.566 23700 24467 I art     : Explicit concurrent mark sweep GC freed 3(96B) AllocSpace objects, 0(0B) LOS objects, 23% free, 53MB/69MB, paused 843us total 37.399ms
08-06 17:21:43.583 23700 24467 I art     : Starting a blocking GC Explicit
08-06 17:21:43.621 23700 24467 I art     : Explicit concurrent mark sweep GC freed 3(96B) AllocSpace objects, 0(0B) LOS objects, 23% free, 53MB/69MB, paused 866us total 37.315ms
08-06 17:21:43.798 25638 25638 I ServiceManager: Waiting for service AtCmdFwd...
08-06 17:21:43.949 23700 25454 I art     : Starting a blocking GC Explicit
08-06 17:21:43.987 23700 25454 I art     : Explicit concurrent mark sweep GC freed 1347(78KB) AllocSpace objects, 1(20KB) LOS objects, 23% free, 53MB/69MB, paused 945us total 36.881ms
08-06 17:21:44.004 23700 25454 I art     : Starting a blocking GC Explicit
08-06 17:21:44.044 23700 25454 I art     : Explicit concurrent mark sweep GC freed 38(1376B) AllocSpace objects, 0(0B) LOS objects, 23% free, 53MB/69MB, paused 844us total 40.045ms
08-06 17:21:44.061 23700 25454 I art     : Starting a blocking GC Explicit
08-06 17:21:44.099 23700 25454 I art     : Explicit concurrent mark sweep GC freed 6(208B) AllocSpace objects, 0(0B) LOS objects, 23% free, 53MB/69MB, paused 966us total 37.378ms
08-06 17:21:44.116 23700 25454 I art     : Starting a blocking GC Explicit
08-06 17:21:44.154 23700 25454 I art     : Explicit concurrent mark sweep GC freed 3(96B) AllocSpace objects, 0(0B) LOS objects, 23% free, 53MB/69MB, paused 837us total 37.333ms
08-06 17:21:44.171 23700 25454 I art     : Starting a blocking GC Explicit
08-06 17:21:44.209 23700 25454 I art     : Explicit concurrent mark sweep GC freed 3(96B) AllocSpace objects, 0(0B) LOS objects, 23% free, 53MB/69MB, paused 1.035ms total 37.613ms
08-06 17:21:44.352   518   646 I ThermalEngine: ACTION: GPU - Setting GPU[0] to 450000000
08-06 17:21:44.411   918  3261 D WifiStateMachine: starting scan for "H369AA63323"WPA_PSK with 2412,5180
08-06 17:21:44.542 23700 23713 I art     : Starting a blocking GC Explicit
08-06 17:21:44.581 23700 23713 I art     : Explicit concurrent mark sweep GC freed 1347(78KB) AllocSpace objects, 1(20KB) LOS objects, 23% free, 53MB/69MB, paused 688us total 37.861ms
08-06 17:21:44.598 23700 23713 I art     : Starting a blocking GC Explicit
08-06 17:21:44.629 23700 23713 I art     : Explicit concurrent mark sweep GC freed 20(704B) AllocSpace objects, 0(0B) LOS objects, 23% free, 53MB/69MB, paused 600us total 30.316ms
08-06 17:21:44.641 23700 23713 I art     : Starting a blocking GC Explicit
08-06 17:21:44.673 23700 23713 I art     : Explicit concurrent mark sweep GC freed 3(96B) AllocSpace objects, 0(0B) LOS objects, 23% free, 53MB/69MB, paused 624us total 31.944ms
08-06 17:21:44.686 23700 23713 I art     : Starting a blocking GC Explicit
08-06 17:21:44.718 23700 23713 I art     : Explicit concurrent mark sweep GC freed 3(96B) AllocSpace objects, 0(0B) LOS objects, 23% free, 53MB/69MB, paused 608us total 31.779ms
08-06 17:21:44.731 23700 23713 I art     : Starting a blocking GC Explicit
08-06 17:21:44.763 23700 23713 I art     : Explicit concurrent mark sweep GC freed 3(96B) AllocSpace objects, 0(0B) LOS objects, 23% free, 53MB/69MB, paused 592us total 31.858ms
08-06 17:21:44.799 25638 25638 I ServiceManager: Waiting for service AtCmdFwd...
08-06 17:21:45.093 23700 24467 I art     : Starting a blocking GC Explicit
08-06 17:21:45.134 23700 24467 I art     : Explicit concurrent mark sweep GC freed 1347(78KB) AllocSpace objects, 1(20KB) LOS objects, 23% free, 53MB/69MB, paused 671us total 39.647ms
08-06 17:21:45.150 23700 24467 I art     : Starting a blocking GC Explicit
08-06 17:21:45.185 23700 24467 I art     : Explicit concurrent mark sweep GC freed 20(704B) AllocSpace objects, 0(0B) LOS objects, 23% free, 53MB/69MB, paused 635us total 34.449ms
08-06 17:21:45.197 23700 24467 I art     : Starting a blocking GC Explicit
08-06 17:21:45.229 23700 24467 I art     : Explicit concurrent mark sweep GC freed 3(96B) AllocSpace objects, 0(0B) LOS objects, 23% free, 53MB/69MB, paused 619us total 31.753ms
08-06 17:21:45.241 23700 24467 I art     : Starting a blocking GC Explicit
08-06 17:21:45.271 23700 24467 I art     : Explicit concurrent mark sweep GC freed 3(96B) AllocSpace objects, 0(0B) LOS objects, 23% free, 53MB/69MB, paused 572us total 29.881ms
08-06 17:21:45.283 23700 24467 I art     : Starting a blocking GC Explicit
08-06 17:21:45.313 23700 24467 I art     : Explicit concurrent mark sweep GC freed 3(96B) AllocSpace objects, 0(0B) LOS objects, 23% free, 53MB/69MB, paused 606us total 29.603ms
08-06 17:21:45.628 23700 23712 I art     : Starting a blocking GC Explicit
08-06 17:21:45.662 23700 23712 I art     : Explicit concurrent mark sweep GC freed 1347(78KB) AllocSpace objects, 1(20KB) LOS objects, 23% free, 53MB/69MB, paused 641us total 34.084ms
08-06 17:21:45.674 23700 23712 I art     : Starting a blocking GC Explicit
08-06 17:21:45.705 23700 23712 I art     : Explicit concurrent mark sweep GC freed 20(704B) AllocSpace objects, 0(0B) LOS objects, 23% free, 53MB/69MB, paused 621us total 30.875ms
08-06 17:21:45.717 23700 23712 I art     : Starting a blocking GC Explicit
08-06 17:21:45.749 23700 23712 I art     : Explicit concurrent mark sweep GC freed 3(96B) AllocSpace objects, 0(0B) LOS objects, 23% free, 53MB/69MB, paused 636us total 31.094ms
08-06 17:21:45.760 23700 23712 I art     : Starting a blocking GC Explicit
08-06 17:21:45.791 23700 23712 I art     : Explicit concurrent mark sweep GC freed 3(96B) AllocSpace objects, 0(0B) LOS objects, 23% free, 53MB/69MB, paused 635us total 30.747ms
08-06 17:21:45.800 25638 25638 W Atfwd_Sendcmd: AtCmdFwd service not published, waiting... retryCnt : 3
08-06 17:21:45.803 23700 23712 I art     : Starting a blocking GC Explicit
08-06 17:21:45.833 23700 23712 I art     : Explicit concurrent mark sweep GC freed 7(224B) AllocSpace objects, 0(0B) LOS objects, 23% free, 53MB/69MB, paused 588us total 29.566ms
08-06 17:21:45.850 26345 26345 D AndroidRuntime: >>>>>> START com.android.internal.os.RuntimeInit uid 2000 <<<<<<
08-06 17:21:45.857 26345 26345 D AndroidRuntime: CheckJNI is OFF
08-06 17:21:45.901 26345 26345 D ICU     : No timezone override file found: /data/misc/zoneinfo/current/icu/icu_tzdata.dat
08-06 17:21:45.948 26345 26345 I Radio-JNI: register_android_hardware_Radio DONE
08-06 17:21:45.980 26345 26345 D AndroidRuntime: Calling main entry com.android.commands.input.Input
08-06 17:21:45.985 26345 26345 I Input   : injectKeyEvent: KeyEvent { action=ACTION_DOWN, keyCode=KEYCODE_BACK, scanCode=0, metaState=0, flags=0x0, repeatCount=0, eventTime=897722397, downTime=897722397, deviceId=-1, source=0x101 }
08-06 17:21:45.995 26345 26345 I Input   : injectKeyEvent: KeyEvent { action=ACTION_UP, keyCode=KEYCODE_BACK, scanCode=0, metaState=0, flags=0x0, repeatCount=0, eventTime=897722397, downTime=897722397, deviceId=-1, source=0x101 }
08-06 17:21:46.002 26345 26345 D AndroidRuntime: Shutting down VM
08-06 17:21:46.041 13866 13866 I GoogleInputMethodServic: GoogleInputMethodService.onFinishInput():3138 
08-06 17:21:46.042 13866 13866 I GoogleInputMethodServic: GoogleInputMethodService.onStartInput():1808 
08-06 17:21:46.134 23700 23712 I art     : Starting a blocking GC Explicit
08-06 17:21:46.163 23700 23712 I art     : Explicit concurrent mark sweep GC freed 1501(85KB) AllocSpace objects, 1(20KB) LOS objects, 23% free, 53MB/69MB, paused 545us total 29.073ms
08-06 17:21:46.176 23700 23712 I art     : Starting a blocking GC Explicit
08-06 17:21:46.211 23700 23712 I art     : Explicit concurrent mark sweep GC freed 42(1456B) AllocSpace objects, 0(0B) LOS objects, 23% free, 53MB/69MB, paused 588us total 34.597ms
08-06 17:21:46.227 23700 23712 I art     : Starting a blocking GC Explicit
08-06 17:21:46.261 23700 23712 I art     : Explicit concurrent mark sweep GC freed 3(96B) AllocSpace objects, 0(0B) LOS objects, 23% free, 53MB/69MB, paused 602us total 34.260ms
08-06 17:21:46.276 23700 23712 I art     : Starting a blocking GC Explicit
08-06 17:21:46.310 23700 23712 I art     : Explicit concurrent mark sweep GC freed 3(96B) AllocSpace objects, 0(0B) LOS objects, 23% free, 53MB/69MB, paused 588us total 34.133ms
08-06 17:21:46.322 23700 23712 I art     : Starting a blocking GC Explicit
08-06 17:21:46.329   380   380 W SurfaceFlinger: couldn't log to binary event log: overflow.
08-06 17:21:46.353 23700 23712 I art     : Explicit concurrent mark sweep GC freed 121(9KB) AllocSpace objects, 0(0B) LOS objects, 23% free, 53MB/69MB, paused 552us total 30.322ms
08-06 17:21:46.637 23700 23736 I art     : Starting a blocking GC Explicit
08-06 17:21:46.674 23700 23736 I art     : Explicit concurrent mark sweep GC freed 1352(78KB) AllocSpace objects, 1(20KB) LOS objects, 23% free, 53MB/69MB, paused 642us total 36.718ms
08-06 17:21:46.690 23700 23736 I art     : Starting a blocking GC Explicit
08-06 17:21:46.719 23700 23736 I art     : Explicit concurrent mark sweep GC freed 4694(269KB) AllocSpace objects, 2(140KB) LOS objects, 23% free, 52MB/68MB, paused 596us total 29.278ms
08-06 17:21:46.731 23700 23736 I art     : Starting a blocking GC Explicit
08-06 17:21:46.758 23700 23736 I art     : Explicit concurrent mark sweep GC freed 3(96B) AllocSpace objects, 0(0B) LOS objects, 23% free, 52MB/68MB, paused 590us total 27.309ms
08-06 17:21:46.769 23700 23736 I art     : Starting a blocking GC Explicit
08-06 17:21:46.797 23700 23736 I art     : Explicit concurrent mark sweep GC freed 3(96B) AllocSpace objects, 0(0B) LOS objects, 23% free, 52MB/68MB, paused 588us total 26.983ms
08-06 17:21:46.808 23700 23736 I art     : Starting a blocking GC Explicit
08-06 17:21:46.836 23700 23736 I art     : Explicit concurrent mark sweep GC freed 3(96B) AllocSpace objects, 0(0B) LOS objects, 23% free, 52MB/68MB, paused 595us total 27.780ms
08-06 17:21:47.142 23700 23713 I art     : Starting a blocking GC Explicit
08-06 17:21:47.175 23700 23713 I art     : Explicit concurrent mark sweep GC freed 1347(78KB) AllocSpace objects, 1(20KB) LOS objects, 23% free, 52MB/68MB, paused 629us total 32.669ms
08-06 17:21:47.188 23700 23713 I art     : Starting a blocking GC Explicit
08-06 17:21:47.216 23700 23713 I art     : Explicit concurrent mark sweep GC freed 20(704B) AllocSpace objects, 0(0B) LOS objects, 23% free, 52MB/68MB, paused 596us total 27.539ms
08-06 17:21:47.227 23700 23713 I art     : Starting a blocking GC Explicit
08-06 17:21:47.254 23700 23713 I art     : Explicit concurrent mark sweep GC freed 3(96B) AllocSpace objects, 0(0B) LOS objects, 23% free, 52MB/68MB, paused 580us total 26.314ms
08-06 17:21:47.266 23700 23713 I art     : Starting a blocking GC Explicit
08-06 17:21:47.291 23700 23713 I art     : Explicit concurrent mark sweep GC freed 3(96B) AllocSpace objects, 0(0B) LOS objects, 23% free, 52MB/68MB, paused 598us total 25.616ms
08-06 17:21:47.302 23700 23713 I art     : Starting a blocking GC Explicit
08-06 17:21:47.328 23700 23713 I art     : Explicit concurrent mark sweep GC freed 3(96B) AllocSpace objects, 0(0B) LOS objects, 23% free, 52MB/68MB, paused 586us total 25.644ms
08-06 17:21:47.625 23700 25454 I art     : Starting a blocking GC Explicit
08-06 17:21:47.661 23700 25454 I art     : Explicit concurrent mark sweep GC freed 1349(78KB) AllocSpace objects, 1(20KB) LOS objects, 23% free, 52MB/68MB, paused 676us total 35.838ms
08-06 17:21:47.672 23700 25454 I art     : Starting a blocking GC Explicit
08-06 17:21:47.698 23700 25454 I art     : Explicit concurrent mark sweep GC freed 25(864B) AllocSpace objects, 0(0B) LOS objects, 23% free, 52MB/68MB, paused 728us total 25.710ms
08-06 17:21:47.709 23700 25454 I art     : Starting a blocking GC Explicit
08-06 17:21:47.734 23700 25454 I art     : Explicit concurrent mark sweep GC freed 8(256B) AllocSpace objects, 0(0B) LOS objects, 23% free, 52MB/68MB, paused 585us total 24.769ms
08-06 17:21:47.745 23700 25454 I art     : Starting a blocking GC Explicit
08-06 17:21:47.769 26398 26398 D AndroidRuntime: >>>>>> START com.android.internal.os.RuntimeInit uid 2000 <<<<<<
08-06 17:21:47.772 23700 25454 I art     : Explicit concurrent mark sweep GC freed 7(224B) AllocSpace objects, 0(0B) LOS objects, 23% free, 52MB/68MB, paused 616us total 26.959ms
08-06 17:21:47.775 26398 26398 D AndroidRuntime: CheckJNI is OFF
08-06 17:21:47.784 23700 25454 I art     : Starting a blocking GC Explicit
08-06 17:21:47.811 23700 25454 I art     : Explicit concurrent mark sweep GC freed 7(224B) AllocSpace objects, 0(0B) LOS objects, 23% free, 52MB/68MB, paused 619us total 26.843ms
08-06 17:21:47.822 26398 26398 D ICU     : No timezone override file found: /data/misc/zoneinfo/current/icu/icu_tzdata.dat
08-06 17:21:47.864 26398 26398 I Radio-JNI: register_android_hardware_Radio DONE
08-06 17:21:47.892 26398 26398 D AndroidRuntime: Calling main entry com.android.commands.input.Input
08-06 17:21:47.893 26398 26398 I Input   : injectKeyEvent: KeyEvent { action=ACTION_DOWN, keyCode=KEYCODE_BACK, scanCode=0, metaState=0, flags=0x0, repeatCount=0, eventTime=897724306, downTime=897724306, deviceId=-1, source=0x101 }
08-06 17:21:47.900 26398 26398 I Input   : injectKeyEvent: KeyEvent { action=ACTION_UP, keyCode=KEYCODE_BACK, scanCode=0, metaState=0, flags=0x0, repeatCount=0, eventTime=897724306, downTime=897724306, deviceId=-1, source=0x101 }
08-06 17:21:47.906 26398 26398 D AndroidRuntime: Shutting down VM
08-06 17:21:47.942 13866 13866 I GoogleInputMethodServic: GoogleInputMethodService.onFinishInput():3138 
08-06 17:21:47.943 13866 13866 I GoogleInputMethodServic: GoogleInputMethodService.onStartInput():1808 
08-06 17:21:48.093 23700 23736 I art     : Starting a blocking GC Explicit
08-06 17:21:48.119 23700 23736 I art     : Explicit concurrent mark sweep GC freed 1554(87KB) AllocSpace objects, 1(20KB) LOS objects, 23% free, 52MB/68MB, paused 696us total 26.259ms
08-06 17:21:48.130 23700 23736 I art     : Starting a blocking GC Explicit
08-06 17:21:48.156 23700 23736 I art     : Explicit concurrent mark sweep GC freed 24(864B) AllocSpace objects, 0(0B) LOS objects, 23% free, 52MB/68MB, paused 527us total 25.525ms
08-06 17:21:48.167 23700 23736 I art     : Starting a blocking GC Explicit
08-06 17:21:48.195 23700 23736 I art     : Explicit concurrent mark sweep GC freed 3(96B) AllocSpace objects, 0(0B) LOS objects, 23% free, 52MB/68MB, paused 588us total 27.649ms
08-06 17:21:48.206 23700 23736 I art     : Starting a blocking GC Explicit
08-06 17:21:48.234 23700 23736 I art     : Explicit concurrent mark sweep GC freed 3(96B) AllocSpace objects, 0(0B) LOS objects, 23% free, 52MB/68MB, paused 645us total 27.304ms
08-06 17:21:48.244 23700 23736 I art     : Starting a blocking GC Explicit
08-06 17:21:48.248   380   380 W SurfaceFlinger: couldn't log to binary event log: overflow.
08-06 17:21:48.270 23700 23736 I art     : Explicit concurrent mark sweep GC freed 117(8KB) AllocSpace objects, 0(0B) LOS objects, 23% free, 52MB/68MB, paused 602us total 25.481ms
08-06 17:21:48.577 23700 23713 I art     : Starting a blocking GC Explicit
08-06 17:21:48.610 23700 23713 I art     : Explicit concurrent mark sweep GC freed 3405(199KB) AllocSpace objects, 3(200KB) LOS objects, 23% free, 52MB/68MB, paused 709us total 32.574ms
08-06 17:21:48.628 23700 23713 I art     : Starting a blocking GC Explicit
08-06 17:21:48.655 23700 23713 I art     : Explicit concurrent mark sweep GC freed 20(704B) AllocSpace objects, 0(0B) LOS objects, 23% free, 52MB/68MB, paused 609us total 26.098ms
08-06 17:21:48.666 23700 23713 I art     : Starting a blocking GC Explicit
08-06 17:21:48.693 23700 23713 I art     : Explicit concurrent mark sweep GC freed 3(96B) AllocSpace objects, 0(0B) LOS objects, 23% free, 52MB/68MB, paused 590us total 26.688ms
08-06 17:21:48.704 23700 23713 I art     : Starting a blocking GC Explicit
08-06 17:21:48.731 23700 23713 I art     : Explicit concurrent mark sweep GC freed 3(96B) AllocSpace objects, 0(0B) LOS objects, 23% free, 52MB/68MB, paused 625us total 26.438ms
08-06 17:21:48.742 23700 23713 I art     : Starting a blocking GC Explicit
08-06 17:21:48.768 23700 23713 I art     : Explicit concurrent mark sweep GC freed 3(96B) AllocSpace objects, 0(0B) LOS objects, 23% free, 52MB/68MB, paused 601us total 26.271ms
08-06 17:21:49.073 23700 23712 I art     : Starting a blocking GC Explicit
08-06 17:21:49.110 23700 23712 I art     : Explicit concurrent mark sweep GC freed 1344(78KB) AllocSpace objects, 1(20KB) LOS objects, 23% free, 52MB/68MB, paused 669us total 36.199ms
08-06 17:21:49.125 23700 23712 I art     : Starting a blocking GC Explicit
08-06 17:21:49.151 23700 23712 I art     : Explicit concurrent mark sweep GC freed 20(704B) AllocSpace objects, 0(0B) LOS objects, 23% free, 52MB/68MB, paused 574us total 25.589ms
08-06 17:21:49.162 23700 23712 I art     : Starting a blocking GC Explicit
08-06 17:21:49.187 23700 23712 I art     : Explicit concurrent mark sweep GC freed 3(96B) AllocSpace objects, 0(0B) LOS objects, 23% free, 52MB/68MB, paused 667us total 25.166ms
08-06 17:21:49.198 23700 23712 I art     : Starting a blocking GC Explicit
08-06 17:21:49.224 23700 23712 I art     : Explicit concurrent mark sweep GC freed 3(96B) AllocSpace objects, 0(0B) LOS objects, 23% free, 52MB/68MB, paused 630us total 24.885ms
08-06 17:21:49.234 23700 23712 I art     : Starting a blocking GC Explicit
08-06 17:21:49.260 23700 23712 I art     : Explicit concurrent mark sweep GC freed 3(96B) AllocSpace objects, 0(0B) LOS objects, 23% free, 52MB/68MB, paused 595us total 25.259ms
08-06 17:21:49.358   518   646 I ThermalEngine: ACTION: GPU - Setting GPU[0] to 390000000
08-06 17:21:49.572 23700 24467 I art     : Starting a blocking GC Explicit
08-06 17:21:49.607 23700 24467 I art     : Explicit concurrent mark sweep GC freed 1344(78KB) AllocSpace objects, 1(20KB) LOS objects, 23% free, 52MB/68MB, paused 1.176ms total 35.076ms
08-06 17:21:49.627 23700 24467 I art     : Starting a blocking GC Explicit
08-06 17:21:49.660 23700 24467 I art     : Explicit concurrent mark sweep GC freed 20(704B) AllocSpace objects, 0(0B) LOS objects, 23% free, 52MB/68MB, paused 935us total 32.970ms
08-06 17:21:49.676 23700 24467 I art     : Starting a blocking GC Explicit
08-06 17:21:49.709 23700 24467 I art     : Explicit concurrent mark sweep GC freed 3(96B) AllocSpace objects, 0(0B) LOS objects, 23% free, 52MB/68MB, paused 954us total 32.104ms
08-06 17:21:49.725 23700 24467 I art     : Starting a blocking GC Explicit
08-06 17:21:49.757 23700 24467 I art     : Explicit concurrent mark sweep GC freed 3(96B) AllocSpace objects, 0(0B) LOS objects, 23% free, 52MB/68MB, paused 985us total 31.968ms
08-06 17:21:49.763 26451 26451 D AndroidRuntime: >>>>>> START com.android.internal.os.RuntimeInit uid 2000 <<<<<<
08-06 17:21:49.770 26451 26451 D AndroidRuntime: CheckJNI is OFF
08-06 17:21:49.774 23700 24467 I art     : Starting a blocking GC Explicit
08-06 17:21:49.806 23700 24467 I art     : Explicit concurrent mark sweep GC freed 3(96B) AllocSpace objects, 0(0B) LOS objects, 23% free, 52MB/68MB, paused 993us total 31.699ms
08-06 17:21:49.826 26451 26451 D ICU     : No timezone override file found: /data/misc/zoneinfo/current/icu/icu_tzdata.dat
08-06 17:21:49.871 26451 26451 I Radio-JNI: register_android_hardware_Radio DONE
08-06 17:21:49.903 26451 26451 D AndroidRuntime: Calling main entry com.android.commands.input.Input
08-06 17:21:49.907 26451 26451 I Input   : injectMotionEvent: MotionEvent { action=ACTION_DOWN, actionButton=0, id[0]=0, x[0]=1084.0, y[0]=2213.0, toolType[0]=TOOL_TYPE_UNKNOWN, buttonState=0, metaState=0, flags=0x0, edgeFlags=0x0, pointerCount=1, historySize=0, eventTime=897726319, downTime=897726319, deviceId=0, source=0x1002 }
08-06 17:21:49.913 26451 26451 I Input   : injectMotionEvent: MotionEvent { action=ACTION_UP, actionButton=0, id[0]=0, x[0]=1084.0, y[0]=2213.0, toolType[0]=TOOL_TYPE_UNKNOWN, buttonState=0, metaState=0, flags=0x0, edgeFlags=0x0, pointerCount=1, historySize=0, eventTime=897726319, downTime=897726319, deviceId=0, source=0x1002 }
08-06 17:21:49.916   918  3670 I ActivityManager: START u0 {cmp=baseline.appteam.nith.hillffair/.activities.EventActivity} from uid 10697 on display 0
08-06 17:21:49.927 26451 26451 D AndroidRuntime: Shutting down VM
08-06 17:21:50.025 13866 13866 I GoogleInputMethodServic: GoogleInputMethodService.onFinishInput():3138 
08-06 17:21:50.026 13866 13866 I GoogleInputMethodServic: GoogleInputMethodService.onStartInput():1808 
08-06 17:21:50.062   918   936 I ActivityManager: Displayed baseline.appteam.nith.hillffair/.activities.EventActivity: +135ms
08-06 17:21:50.125 23700 23736 I art     : Starting a blocking GC Explicit
08-06 17:21:50.161 23700 23736 I art     : Explicit concurrent mark sweep GC freed 6170(370KB) AllocSpace objects, 1(20KB) LOS objects, 23% free, 52MB/68MB, paused 1.568ms total 35.410ms
08-06 17:21:50.161 23700 23711 I art     : WaitForGcToComplete blocked for 27.513ms for cause HeapTrim
08-06 17:21:50.181 23700 23736 I art     : Starting a blocking GC Explicit
08-06 17:21:50.224 23700 23736 I art     : Explicit concurrent mark sweep GC freed 266(11KB) AllocSpace objects, 0(0B) LOS objects, 23% free, 52MB/68MB, paused 1.685ms total 42.693ms
08-06 17:21:50.248 23700 23736 I art     : Starting a blocking GC Explicit
08-06 17:21:50.296 23700 23736 I art     : Explicit concurrent mark sweep GC freed 3(96B) AllocSpace objects, 0(0B) LOS objects, 23% free, 52MB/68MB, paused 1.628ms total 47.120ms
08-06 17:21:50.301   380   380 W SurfaceFlinger: couldn't log to binary event log: overflow.
08-06 17:21:50.316 23700 23736 I art     : Starting a blocking GC Explicit
08-06 17:21:50.346 23700 23736 I art     : Explicit concurrent mark sweep GC freed 3(96B) AllocSpace objects, 0(0B) LOS objects, 23% free, 52MB/68MB, paused 1.027ms total 30.447ms
08-06 17:21:50.360 23700 23736 I art     : Starting a blocking GC Explicit
08-06 17:21:50.394 23700 23736 I art     : Explicit concurrent mark sweep GC freed 3(96B) AllocSpace objects, 0(0B) LOS objects, 23% free, 52MB/68MB, paused 906us total 33.289ms
08-06 17:21:50.713 23700 25454 I art     : Starting a blocking GC Explicit
08-06 17:21:50.751 23700 25454 I art     : Explicit concurrent mark sweep GC freed 2407(153KB) AllocSpace objects, 3(140KB) LOS objects, 23% free, 52MB/68MB, paused 1.706ms total 37.331ms
08-06 17:21:50.767 23700 25454 I art     : Starting a blocking GC Explicit
08-06 17:21:50.770 23700 26479 D OkHttp  : --> GET https://api-hillfair-2k16.herokuapp.com/api/app/club http/1.1
08-06 17:21:50.799 23700 25454 I art     : Explicit concurrent mark sweep GC freed 2322(138KB) AllocSpace objects, 1(80KB) LOS objects, 23% free, 52MB/68MB, paused 1.008ms total 31.993ms
08-06 17:21:50.804 23700 26479 D OkHttp  : <-- 200 OK https://api-hillfair-2k16.herokuapp.com/api/app/club (33ms, 1870-byte body)
08-06 17:21:50.815 23700 25454 I art     : Starting a blocking GC Explicit
08-06 17:21:50.819 23700 23700 I NAPPA_EXPERIMENTATION: MetricNetworkRequestExecutionTime: REQUEST_DURATION_SYSTEM='850',REQUEST_DURATION_OKHTTP='34',REQUEST_SYNCHRONOUS='FALSE',RESPONSE_CODE='200',RESPONSE_METHOD='GET',RESPONSE_LENGTH_OKHTTP='1870',RESPONSE_LENGTH_HEADER='1870',REQUEST_PROTOCOL='http/1.1',REQUEST_URL='https://api-hillfair-2k16.herokuapp.com/api/app/club',
08-06 17:21:50.850 23700 25454 I art     : Explicit concurrent mark sweep GC freed 1257(148KB) AllocSpace objects, 0(0B) LOS objects, 23% free, 52MB/68MB, paused 1.504ms total 34.316ms
08-06 17:21:50.866 23700 25454 I art     : Starting a blocking GC Explicit
08-06 17:21:50.902 23700 25454 I art     : Explicit concurrent mark sweep GC freed 1266(49KB) AllocSpace objects, 0(0B) LOS objects, 23% free, 53MB/69MB, paused 2.028ms total 36.146ms
08-06 17:21:50.918 23700 25454 I art     : Starting a blocking GC Explicit
08-06 17:21:50.954 23700 25454 I art     : Explicit concurrent mark sweep GC freed 227(11KB) AllocSpace objects, 0(0B) LOS objects, 23% free, 52MB/68MB, paused 1.651ms total 35.388ms
08-06 17:21:51.265 23700 23712 I art     : Starting a blocking GC Explicit
08-06 17:21:51.312 23700 23712 I art     : Explicit concurrent mark sweep GC freed 2361(285KB) AllocSpace objects, 1(20KB) LOS objects, 23% free, 53MB/69MB, paused 1.378ms total 46.514ms
08-06 17:21:51.333 23700 23712 I art     : Starting a blocking GC Explicit
08-06 17:21:51.373 23700 23712 I art     : Explicit concurrent mark sweep GC freed 64(2112B) AllocSpace objects, 0(0B) LOS objects, 23% free, 53MB/69MB, paused 1.081ms total 39.819ms
08-06 17:21:51.390 23700 23712 I art     : Starting a blocking GC Explicit
08-06 17:21:51.428 23700 23712 I art     : Explicit concurrent mark sweep GC freed 3(96B) AllocSpace objects, 0(0B) LOS objects, 23% free, 53MB/69MB, paused 1.253ms total 37.310ms
08-06 17:21:51.445 23700 23712 I art     : Starting a blocking GC Explicit
08-06 17:21:51.484 23700 23712 I art     : Explicit concurrent mark sweep GC freed 7419(293KB) AllocSpace objects, 0(0B) LOS objects, 23% free, 53MB/69MB, paused 1.259ms total 38.962ms
08-06 17:21:51.500 23700 23712 I art     : Starting a blocking GC Explicit
08-06 17:21:51.538 23700 23712 I art     : Explicit concurrent mark sweep GC freed 318(27KB) AllocSpace objects, 0(0B) LOS objects, 23% free, 53MB/69MB, paused 1.447ms total 37.262ms
08-06 17:21:51.858 23700 23712 I art     : Starting a blocking GC Explicit
08-06 17:21:51.903 23700 23712 I art     : Explicit concurrent mark sweep GC freed 1923(236KB) AllocSpace objects, 1(20KB) LOS objects, 23% free, 53MB/69MB, paused 1.059ms total 44.412ms
08-06 17:21:51.924 23700 23712 I art     : Starting a blocking GC Explicit
08-06 17:21:51.968 23700 23712 I art     : Explicit concurrent mark sweep GC freed 61(2016B) AllocSpace objects, 0(0B) LOS objects, 23% free, 53MB/69MB, paused 974us total 43.266ms
08-06 17:21:51.988 23700 23712 I art     : Starting a blocking GC Explicit
08-06 17:21:52.025 23700 23712 I art     : Explicit concurrent mark sweep GC freed 3(96B) AllocSpace objects, 0(0B) LOS objects, 23% free, 53MB/69MB, paused 905us total 36.768ms
08-06 17:21:52.043 23700 23712 I art     : Starting a blocking GC Explicit
08-06 17:21:52.087 23700 23712 I art     : Explicit concurrent mark sweep GC freed 3(96B) AllocSpace objects, 0(0B) LOS objects, 23% free, 53MB/69MB, paused 1.063ms total 43.717ms
08-06 17:21:52.108 23700 23712 I art     : Starting a blocking GC Explicit
08-06 17:21:52.146 23700 23712 I art     : Explicit concurrent mark sweep GC freed 3(96B) AllocSpace objects, 0(0B) LOS objects, 23% free, 53MB/69MB, paused 909us total 37.365ms
08-06 17:21:52.507 23700 25454 I art     : Starting a blocking GC Explicit
08-06 17:21:52.558 23700 25454 I art     : Explicit concurrent mark sweep GC freed 1347(78KB) AllocSpace objects, 1(20KB) LOS objects, 23% free, 53MB/69MB, paused 2.121ms total 51.136ms
08-06 17:21:52.580 23700 25454 I art     : Starting a blocking GC Explicit
08-06 17:21:52.618 23700 25454 I art     : Explicit concurrent mark sweep GC freed 20(704B) AllocSpace objects, 0(0B) LOS objects, 23% free, 53MB/69MB, paused 1.103ms total 37.750ms
08-06 17:21:52.635 23700 25454 I art     : Starting a blocking GC Explicit
08-06 17:21:52.672 23700 25454 I art     : Explicit concurrent mark sweep GC freed 3(96B) AllocSpace objects, 0(0B) LOS objects, 23% free, 53MB/69MB, paused 903us total 36.671ms
08-06 17:21:52.689 23700 25454 I art     : Starting a blocking GC Explicit
08-06 17:21:52.728 23700 25454 I art     : Explicit concurrent mark sweep GC freed 3(96B) AllocSpace objects, 0(0B) LOS objects, 23% free, 53MB/69MB, paused 1.201ms total 37.881ms
08-06 17:21:52.748 23700 25454 I art     : Starting a blocking GC Explicit
08-06 17:21:52.790 23700 25454 I art     : Explicit concurrent mark sweep GC freed 3(96B) AllocSpace objects, 0(0B) LOS objects, 23% free, 53MB/69MB, paused 1.225ms total 40.707ms
08-06 17:21:53.149 23700 24467 I art     : Starting a blocking GC Explicit
08-06 17:21:53.189 23700 24467 I art     : Explicit concurrent mark sweep GC freed 1347(78KB) AllocSpace objects, 1(20KB) LOS objects, 23% free, 53MB/69MB, paused 1.056ms total 39.620ms
08-06 17:21:53.206 23700 24467 I art     : Starting a blocking GC Explicit
08-06 17:21:53.243 23700 24467 I art     : Explicit concurrent mark sweep GC freed 20(704B) AllocSpace objects, 0(0B) LOS objects, 23% free, 53MB/69MB, paused 899us total 36.575ms
08-06 17:21:53.260 23700 24467 I art     : Starting a blocking GC Explicit
08-06 17:21:53.298 23700 24467 I art     : Explicit concurrent mark sweep GC freed 3(96B) AllocSpace objects, 0(0B) LOS objects, 23% free, 53MB/69MB, paused 1.308ms total 37.536ms
08-06 17:21:53.315 23700 24467 I art     : Starting a blocking GC Explicit
08-06 17:21:53.352 23700 24467 I art     : Explicit concurrent mark sweep GC freed 3(96B) AllocSpace objects, 0(0B) LOS objects, 23% free, 53MB/69MB, paused 920us total 36.737ms
08-06 17:21:53.369 23700 24467 I art     : Starting a blocking GC Explicit
08-06 17:21:53.407 23700 24467 I art     : Explicit concurrent mark sweep GC freed 3(96B) AllocSpace objects, 0(0B) LOS objects, 23% free, 53MB/69MB, paused 979us total 37.566ms
08-06 17:21:53.745 23700 23713 I art     : Starting a blocking GC Explicit
08-06 17:21:53.798 23700 23713 I art     : Explicit concurrent mark sweep GC freed 1347(78KB) AllocSpace objects, 1(20KB) LOS objects, 23% free, 53MB/69MB, paused 1.128ms total 52.506ms
08-06 17:21:53.818 23700 23713 I art     : Starting a blocking GC Explicit
08-06 17:21:53.856 23700 23713 I art     : Explicit concurrent mark sweep GC freed 20(704B) AllocSpace objects, 0(0B) LOS objects, 23% free, 53MB/69MB, paused 914us total 37.644ms
08-06 17:21:53.873 23700 23713 I art     : Starting a blocking GC Explicit
08-06 17:21:53.910 23700 23713 I art     : Explicit concurrent mark sweep GC freed 3(96B) AllocSpace objects, 0(0B) LOS objects, 23% free, 53MB/69MB, paused 968us total 36.901ms
08-06 17:21:53.927 23700 23713 I art     : Starting a blocking GC Explicit
08-06 17:21:53.964 23700 23713 I art     : Explicit concurrent mark sweep GC freed 3(96B) AllocSpace objects, 0(0B) LOS objects, 23% free, 53MB/69MB, paused 910us total 36.430ms
08-06 17:21:53.981 23700 23713 I art     : Starting a blocking GC Explicit
08-06 17:21:54.019 23700 23713 I art     : Explicit concurrent mark sweep GC freed 3(96B) AllocSpace objects, 0(0B) LOS objects, 23% free, 53MB/69MB, paused 1.233ms total 37.081ms
08-06 17:21:54.352 23700 23736 I art     : Starting a blocking GC Explicit
08-06 17:21:54.366   518   646 I ThermalEngine: ACTION: GPU - Setting GPU[0] to 450000000
08-06 17:21:54.397 23700 23736 I art     : Explicit concurrent mark sweep GC freed 1347(78KB) AllocSpace objects, 1(20KB) LOS objects, 23% free, 53MB/69MB, paused 673us total 44.568ms
08-06 17:21:54.412 23700 23736 I art     : Starting a blocking GC Explicit
08-06 17:21:54.441 23700 23736 I art     : Explicit concurrent mark sweep GC freed 20(704B) AllocSpace objects, 0(0B) LOS objects, 23% free, 53MB/69MB, paused 648us total 28.808ms
08-06 17:21:54.453 23700 23736 I art     : Starting a blocking GC Explicit
08-06 17:21:54.482 23700 23736 I art     : Explicit concurrent mark sweep GC freed 3(96B) AllocSpace objects, 0(0B) LOS objects, 23% free, 53MB/69MB, paused 660us total 29.549ms
08-06 17:21:54.494 23700 23736 I art     : Starting a blocking GC Explicit
08-06 17:21:54.522 23700 23736 I art     : Explicit concurrent mark sweep GC freed 3(96B) AllocSpace objects, 0(0B) LOS objects, 23% free, 53MB/69MB, paused 640us total 28.078ms
08-06 17:21:54.534 23700 23736 I art     : Starting a blocking GC Explicit
08-06 17:21:54.563 23700 23736 I art     : Explicit concurrent mark sweep GC freed 3(96B) AllocSpace objects, 0(0B) LOS objects, 23% free, 53MB/69MB, paused 653us total 28.820ms
08-06 17:21:54.942 23700 23712 I art     : Starting a blocking GC Explicit
08-06 17:21:54.981 23700 23712 I art     : Explicit concurrent mark sweep GC freed 1347(78KB) AllocSpace objects, 1(20KB) LOS objects, 23% free, 53MB/69MB, paused 736us total 38.557ms
08-06 17:21:54.999 23700 23712 I art     : Starting a blocking GC Explicit
08-06 17:21:55.033 23700 23712 I art     : Explicit concurrent mark sweep GC freed 20(704B) AllocSpace objects, 0(0B) LOS objects, 23% free, 53MB/69MB, paused 676us total 33.555ms
08-06 17:21:55.045 23700 23712 I art     : Starting a blocking GC Explicit
08-06 17:21:55.077 23700 23712 I art     : Explicit concurrent mark sweep GC freed 3(96B) AllocSpace objects, 0(0B) LOS objects, 23% free, 53MB/69MB, paused 776us total 32.085ms
08-06 17:21:55.089 23700 23712 I art     : Starting a blocking GC Explicit
08-06 17:21:55.119 23700 23712 I art     : Explicit concurrent mark sweep GC freed 3(96B) AllocSpace objects, 0(0B) LOS objects, 23% free, 53MB/69MB, paused 620us total 29.716ms
08-06 17:21:55.131 23700 23712 I art     : Starting a blocking GC Explicit
08-06 17:21:55.163 23700 23712 I art     : Explicit concurrent mark sweep GC freed 3(96B) AllocSpace objects, 0(0B) LOS objects, 23% free, 53MB/69MB, paused 671us total 31.588ms
08-06 17:21:55.500 23700 25454 I art     : Starting a blocking GC Explicit
08-06 17:21:55.536 23700 25454 I art     : Explicit concurrent mark sweep GC freed 1347(78KB) AllocSpace objects, 1(20KB) LOS objects, 23% free, 53MB/69MB, paused 722us total 36.398ms
08-06 17:21:55.551 23700 25454 I art     : Starting a blocking GC Explicit
08-06 17:21:55.588 23700 25454 I art     : Explicit concurrent mark sweep GC freed 20(704B) AllocSpace objects, 0(0B) LOS objects, 23% free, 53MB/69MB, paused 828us total 36.572ms
08-06 17:21:55.602 23700 25454 I art     : Starting a blocking GC Explicit
08-06 17:21:55.635 23700 25454 I art     : Explicit concurrent mark sweep GC freed 3(96B) AllocSpace objects, 0(0B) LOS objects, 23% free, 53MB/69MB, paused 690us total 32.527ms
08-06 17:21:55.647 23700 25454 I art     : Starting a blocking GC Explicit
08-06 17:21:55.679 23700 25454 I art     : Explicit concurrent mark sweep GC freed 3(96B) AllocSpace objects, 0(0B) LOS objects, 23% free, 53MB/69MB, paused 672us total 32.163ms
08-06 17:21:55.691 23700 25454 I art     : Starting a blocking GC Explicit
08-06 17:21:55.721 23700 25454 I art     : Explicit concurrent mark sweep GC freed 3(96B) AllocSpace objects, 0(0B) LOS objects, 23% free, 53MB/69MB, paused 605us total 30.284ms
08-06 17:21:56.036 23700 24467 I art     : Starting a blocking GC Explicit
08-06 17:21:56.074 23700 24467 I art     : Explicit concurrent mark sweep GC freed 1347(78KB) AllocSpace objects, 1(20KB) LOS objects, 23% free, 53MB/69MB, paused 732us total 37.746ms
08-06 17:21:56.091 23700 24467 I art     : Starting a blocking GC Explicit
08-06 17:21:56.121 23700 24467 I art     : Explicit concurrent mark sweep GC freed 20(704B) AllocSpace objects, 0(0B) LOS objects, 23% free, 53MB/69MB, paused 616us total 29.765ms
08-06 17:21:56.132 23700 24467 I art     : Starting a blocking GC Explicit
08-06 17:21:56.164 23700 24467 I art     : Explicit concurrent mark sweep GC freed 3(96B) AllocSpace objects, 0(0B) LOS objects, 23% free, 53MB/69MB, paused 666us total 31.553ms
08-06 17:21:56.176 23700 24467 I art     : Starting a blocking GC Explicit
08-06 17:21:56.208 23700 24467 I art     : Explicit concurrent mark sweep GC freed 3(96B) AllocSpace objects, 0(0B) LOS objects, 23% free, 53MB/69MB, paused 676us total 32.027ms
08-06 17:21:56.220 23700 24467 I art     : Starting a blocking GC Explicit
08-06 17:21:56.251 23700 24467 I art     : Explicit concurrent mark sweep GC freed 3(96B) AllocSpace objects, 0(0B) LOS objects, 23% free, 53MB/69MB, paused 659us total 30.640ms
08-06 17:21:56.588 23700 23713 I art     : Starting a blocking GC Explicit
08-06 17:21:56.629 23700 23713 I art     : Explicit concurrent mark sweep GC freed 1347(78KB) AllocSpace objects, 1(20KB) LOS objects, 23% free, 53MB/69MB, paused 769us total 40.761ms
08-06 17:21:56.644 23700 23713 I art     : Starting a blocking GC Explicit
08-06 17:21:56.676 23700 23713 I art     : Explicit concurrent mark sweep GC freed 20(704B) AllocSpace objects, 0(0B) LOS objects, 23% free, 53MB/69MB, paused 686us total 32.447ms
08-06 17:21:56.688 23700 23713 I art     : Starting a blocking GC Explicit
08-06 17:21:56.720 23700 23713 I art     : Explicit concurrent mark sweep GC freed 3(96B) AllocSpace objects, 0(0B) LOS objects, 23% free, 53MB/69MB, paused 621us total 31.996ms
08-06 17:21:56.732 23700 23713 I art     : Starting a blocking GC Explicit
08-06 17:21:56.762 23700 23713 I art     : Explicit concurrent mark sweep GC freed 3(96B) AllocSpace objects, 0(0B) LOS objects, 23% free, 53MB/69MB, paused 677us total 29.740ms
08-06 17:21:56.774 23700 23713 I art     : Starting a blocking GC Explicit
08-06 17:21:56.806 23700 23713 I art     : Explicit concurrent mark sweep GC freed 3(96B) AllocSpace objects, 0(0B) LOS objects, 23% free, 53MB/69MB, paused 675us total 31.693ms
08-06 17:21:57.131 23700 23736 I art     : Starting a blocking GC Explicit
08-06 17:21:57.168 23700 23736 I art     : Explicit concurrent mark sweep GC freed 1347(78KB) AllocSpace objects, 1(20KB) LOS objects, 23% free, 53MB/69MB, paused 767us total 36.687ms
08-06 17:21:57.182 23700 23736 I art     : Starting a blocking GC Explicit
08-06 17:21:57.212 23700 23736 I art     : Explicit concurrent mark sweep GC freed 20(704B) AllocSpace objects, 0(0B) LOS objects, 23% free, 53MB/69MB, paused 652us total 29.719ms
08-06 17:21:57.223 23700 23736 I art     : Starting a blocking GC Explicit
08-06 17:21:57.253 23700 23736 I art     : Explicit concurrent mark sweep GC freed 3(96B) AllocSpace objects, 0(0B) LOS objects, 23% free, 53MB/69MB, paused 663us total 29.720ms
08-06 17:21:57.265 23700 23736 I art     : Starting a blocking GC Explicit
08-06 17:21:57.298 23700 23736 I art     : Explicit concurrent mark sweep GC freed 3(96B) AllocSpace objects, 0(0B) LOS objects, 23% free, 53MB/69MB, paused 717us total 32.507ms
08-06 17:21:57.310 23700 23736 I art     : Starting a blocking GC Explicit
08-06 17:21:57.341 23700 23736 I art     : Explicit concurrent mark sweep GC freed 3(96B) AllocSpace objects, 0(0B) LOS objects, 23% free, 53MB/69MB, paused 695us total 30.749ms
08-06 17:21:57.696 23700 23712 I art     : Starting a blocking GC Explicit
08-06 17:21:57.735 23700 23712 I art     : Explicit concurrent mark sweep GC freed 1347(78KB) AllocSpace objects, 1(20KB) LOS objects, 23% free, 53MB/69MB, paused 648us total 37.952ms
08-06 17:21:57.750 23700 23712 I art     : Starting a blocking GC Explicit
08-06 17:21:57.779 23700 23712 I art     : Explicit concurrent mark sweep GC freed 20(704B) AllocSpace objects, 0(0B) LOS objects, 23% free, 53MB/69MB, paused 654us total 28.780ms
08-06 17:21:57.790 23700 23712 I art     : Starting a blocking GC Explicit
08-06 17:21:57.819 23700 23712 I art     : Explicit concurrent mark sweep GC freed 3(96B) AllocSpace objects, 0(0B) LOS objects, 23% free, 53MB/69MB, paused 651us total 28.690ms
08-06 17:21:57.831 23700 23712 I art     : Starting a blocking GC Explicit
08-06 17:21:57.863 23700 23712 I art     : Explicit concurrent mark sweep GC freed 3(96B) AllocSpace objects, 0(0B) LOS objects, 23% free, 53MB/69MB, paused 676us total 31.602ms
08-06 17:21:57.875 23700 23712 I art     : Starting a blocking GC Explicit
08-06 17:21:57.906 23700 23712 I art     : Explicit concurrent mark sweep GC freed 3(96B) AllocSpace objects, 0(0B) LOS objects, 23% free, 53MB/69MB, paused 673us total 31.344ms
08-06 17:21:58.248 23700 25454 I art     : Starting a blocking GC Explicit
08-06 17:21:58.278 23700 25454 I art     : Explicit concurrent mark sweep GC freed 1347(78KB) AllocSpace objects, 1(20KB) LOS objects, 23% free, 53MB/69MB, paused 749us total 29.073ms
08-06 17:21:58.289 23700 25454 I art     : Starting a blocking GC Explicit
08-06 17:21:58.318 23700 25454 I art     : Explicit concurrent mark sweep GC freed 20(704B) AllocSpace objects, 0(0B) LOS objects, 23% free, 53MB/69MB, paused 719us total 28.553ms
08-06 17:21:58.329 23700 25454 I art     : Starting a blocking GC Explicit
08-06 17:21:58.357 23700 25454 I art     : Explicit concurrent mark sweep GC freed 3(96B) AllocSpace objects, 0(0B) LOS objects, 23% free, 53MB/69MB, paused 727us total 27.489ms
08-06 17:21:58.368 23700 25454 I art     : Starting a blocking GC Explicit
08-06 17:21:58.397 23700 25454 I art     : Explicit concurrent mark sweep GC freed 3(96B) AllocSpace objects, 0(0B) LOS objects, 23% free, 53MB/69MB, paused 741us total 28.301ms
08-06 17:21:58.408 23700 25454 I art     : Starting a blocking GC Explicit
08-06 17:21:58.438 23700 25454 I art     : Explicit concurrent mark sweep GC freed 3(96B) AllocSpace objects, 0(0B) LOS objects, 23% free, 53MB/69MB, paused 721us total 29.386ms
08-06 17:21:58.712 26642 26642 D AndroidRuntime: >>>>>> START com.android.internal.os.RuntimeInit uid 2000 <<<<<<
08-06 17:21:58.718 26642 26642 D AndroidRuntime: CheckJNI is OFF
08-06 17:21:58.761 26642 26642 D ICU     : No timezone override file found: /data/misc/zoneinfo/current/icu/icu_tzdata.dat
08-06 17:21:58.790 23700 24467 I art     : Starting a blocking GC Explicit
08-06 17:21:58.804 26642 26642 I Radio-JNI: register_android_hardware_Radio DONE
08-06 17:21:58.820 23700 24467 I art     : Explicit concurrent mark sweep GC freed 1347(78KB) AllocSpace objects, 1(20KB) LOS objects, 23% free, 53MB/69MB, paused 677us total 29.144ms
08-06 17:21:58.831 23700 24467 I art     : Starting a blocking GC Explicit
08-06 17:21:58.834 26642 26642 D AndroidRuntime: Calling main entry com.android.commands.input.Input
08-06 17:21:58.836 26642 26642 I Input   : injectMotionEvent: MotionEvent { action=ACTION_DOWN, actionButton=0, id[0]=0, x[0]=369.0, y[0]=554.0, toolType[0]=TOOL_TYPE_UNKNOWN, buttonState=0, metaState=0, flags=0x0, edgeFlags=0x0, pointerCount=1, historySize=0, eventTime=897735248, downTime=897735248, deviceId=0, source=0x1002 }
08-06 17:21:58.841 26642 26642 I Input   : injectMotionEvent: MotionEvent { action=ACTION_UP, actionButton=0, id[0]=0, x[0]=369.0, y[0]=554.0, toolType[0]=TOOL_TYPE_UNKNOWN, buttonState=0, metaState=0, flags=0x0, edgeFlags=0x0, pointerCount=1, historySize=0, eventTime=897735248, downTime=897735248, deviceId=0, source=0x1002 }
08-06 17:21:58.842   918  3359 I ActivityManager: START u0 {cmp=baseline.appteam.nith.hillffair/.activities.ClubActivity (has extras)} from uid 10697 on display 0
08-06 17:21:58.848 26642 26642 D AndroidRuntime: Shutting down VM
08-06 17:21:58.859 23700 24467 I art     : Explicit concurrent mark sweep GC freed 89(5KB) AllocSpace objects, 0(0B) LOS objects, 23% free, 53MB/69MB, paused 780us total 27.964ms
08-06 17:21:58.871 23700 24467 I art     : Starting a blocking GC Explicit
08-06 17:21:58.899 23700 24467 I art     : Explicit concurrent mark sweep GC freed 3486(215KB) AllocSpace objects, 0(0B) LOS objects, 23% free, 53MB/69MB, paused 893us total 28.296ms
08-06 17:21:58.910 23700 24467 I art     : Starting a blocking GC Explicit
08-06 17:21:58.938 23700 24467 I art     : Explicit concurrent mark sweep GC freed 290(14KB) AllocSpace objects, 0(0B) LOS objects, 23% free, 53MB/69MB, paused 1.197ms total 27.812ms
08-06 17:21:58.950 23700 24467 I art     : Starting a blocking GC Explicit
08-06 17:21:58.958   918   936 I ActivityManager: Displayed baseline.appteam.nith.hillffair/.activities.ClubActivity: +108ms
08-06 17:21:58.958 13866 13866 I GoogleInputMethodServic: GoogleInputMethodService.onFinishInput():3138 
08-06 17:21:58.959 13866 13866 I GoogleInputMethodServic: GoogleInputMethodService.onStartInput():1808 
08-06 17:21:58.978 23700 24467 I art     : Explicit concurrent mark sweep GC freed 183(8KB) AllocSpace objects, 0(0B) LOS objects, 23% free, 53MB/69MB, paused 810us total 28.003ms
08-06 17:21:59.206   380   380 W SurfaceFlinger: couldn't log to binary event log: overflow.
08-06 17:21:59.284 23700 23713 I art     : Starting a blocking GC Explicit
08-06 17:21:59.313 23700 23713 I art     : Explicit concurrent mark sweep GC freed 1364(79KB) AllocSpace objects, 1(20KB) LOS objects, 23% free, 53MB/69MB, paused 697us total 28.640ms
08-06 17:21:59.324 23700 23713 I art     : Starting a blocking GC Explicit
08-06 17:21:59.363 23700 23713 I art     : Explicit concurrent mark sweep GC freed 123(6KB) AllocSpace objects, 0(0B) LOS objects, 23% free, 53MB/69MB, paused 832us total 38.420ms
08-06 17:21:59.375 23700 23713 I art     : Starting a blocking GC Explicit
08-06 17:21:59.404 23700 23713 I art     : Explicit concurrent mark sweep GC freed 17(640B) AllocSpace objects, 0(0B) LOS objects, 23% free, 53MB/69MB, paused 761us total 28.997ms
08-06 17:21:59.415 23700 23713 I art     : Starting a blocking GC Explicit
08-06 17:21:59.444 23700 23713 I art     : Explicit concurrent mark sweep GC freed 19(672B) AllocSpace objects, 0(0B) LOS objects, 23% free, 53MB/69MB, paused 719us total 28.385ms
08-06 17:21:59.455 23700 23713 I art     : Starting a blocking GC Explicit
08-06 17:21:59.484 23700 23713 I art     : Explicit concurrent mark sweep GC freed 33(1488B) AllocSpace objects, 0(0B) LOS objects, 23% free, 53MB/69MB, paused 723us total 28.585ms
08-06 17:21:59.572 23700 26666 D OkHttp  : --> GET https://api-hillfair-2k16.herokuapp.com/api/app/club/PR%20Club http/1.1
08-06 17:21:59.603 23700 26666 D OkHttp  : <-- 200 OK https://api-hillfair-2k16.herokuapp.com/api/app/club/PR%20Club (30ms, 979-byte body)
08-06 17:21:59.646 23700 23700 I NAPPA_EXPERIMENTATION: MetricNetworkRequestExecutionTime: REQUEST_DURATION_SYSTEM='764',REQUEST_DURATION_OKHTTP='30',REQUEST_SYNCHRONOUS='FALSE',RESPONSE_CODE='200',RESPONSE_METHOD='GET',RESPONSE_LENGTH_OKHTTP='979',RESPONSE_LENGTH_HEADER='979',REQUEST_PROTOCOL='http/1.1',REQUEST_URL='https://api-hillfair-2k16.herokuapp.com/api/app/club/PR%20Club',
08-06 17:21:59.782 23700 24467 I art     : Starting a blocking GC Explicit
08-06 17:21:59.815 23700 24467 I art     : Explicit concurrent mark sweep GC freed 4812(346KB) AllocSpace objects, 4(220KB) LOS objects, 22% free, 53MB/69MB, paused 662us total 32.463ms
08-06 17:21:59.827 23700 24467 I art     : Starting a blocking GC Explicit
08-06 17:21:59.856 23700 24467 I art     : Explicit concurrent mark sweep GC freed 1033(119KB) AllocSpace objects, 0(0B) LOS objects, 22% free, 53MB/69MB, paused 640us total 28.603ms
08-06 17:21:59.868 23700 24467 I art     : Starting a blocking GC Explicit
08-06 17:21:59.896 23700 24467 I art     : Explicit concurrent mark sweep GC freed 3(96B) AllocSpace objects, 0(0B) LOS objects, 22% free, 53MB/69MB, paused 644us total 28.289ms
08-06 17:21:59.908 23700 24467 I art     : Starting a blocking GC Explicit
08-06 17:21:59.938 23700 24467 I art     : Explicit concurrent mark sweep GC freed 3(96B) AllocSpace objects, 0(0B) LOS objects, 22% free, 53MB/69MB, paused 766us total 29.654ms
08-06 17:21:59.950 23700 24467 I art     : Starting a blocking GC Explicit
08-06 17:21:59.979 23700 24467 I art     : Explicit concurrent mark sweep GC freed 3(96B) AllocSpace objects, 0(0B) LOS objects, 22% free, 53MB/69MB, paused 695us total 28.718ms
08-06 17:22:00.289 23700 24467 I art     : Starting a blocking GC Explicit
08-06 17:22:00.330 23700 24467 I art     : Explicit concurrent mark sweep GC freed 1347(78KB) AllocSpace objects, 1(20KB) LOS objects, 22% free, 53MB/69MB, paused 693us total 40.787ms
08-06 17:22:00.346 23700 24467 I art     : Starting a blocking GC Explicit
08-06 17:22:00.376 23700 24467 I art     : Explicit concurrent mark sweep GC freed 36(1264B) AllocSpace objects, 0(0B) LOS objects, 22% free, 53MB/69MB, paused 671us total 29.507ms
08-06 17:22:00.387 23700 24467 I art     : Starting a blocking GC Explicit
08-06 17:22:00.418 23700 24467 I art     : Explicit concurrent mark sweep GC freed 3(96B) AllocSpace objects, 0(0B) LOS objects, 22% free, 53MB/69MB, paused 712us total 29.908ms
08-06 17:22:00.429 23700 24467 I art     : Starting a blocking GC Explicit
08-06 17:22:00.460 23700 24467 I art     : Explicit concurrent mark sweep GC freed 3(96B) AllocSpace objects, 0(0B) LOS objects, 22% free, 53MB/69MB, paused 670us total 30.709ms
08-06 17:22:00.472 23700 24467 I art     : Starting a blocking GC Explicit
08-06 17:22:00.505 23700 24467 I art     : Explicit concurrent mark sweep GC freed 3(96B) AllocSpace objects, 0(0B) LOS objects, 22% free, 53MB/69MB, paused 694us total 32.608ms
08-06 17:22:00.800 25638 25638 I ServiceManager: Waiting for service AtCmdFwd...
08-06 17:22:00.848 23700 23712 I art     : Starting a blocking GC Explicit
08-06 17:22:00.889 23700 23712 I art     : Explicit concurrent mark sweep GC freed 1347(78KB) AllocSpace objects, 1(20KB) LOS objects, 22% free, 53MB/69MB, paused 793us total 40.188ms
08-06 17:22:00.903 23700 23712 I art     : Starting a blocking GC Explicit
08-06 17:22:00.937 23700 23712 I art     : Explicit concurrent mark sweep GC freed 20(704B) AllocSpace objects, 0(0B) LOS objects, 22% free, 53MB/69MB, paused 853us total 33.860ms
08-06 17:22:00.949 23700 23712 I art     : Starting a blocking GC Explicit
08-06 17:22:00.983 23700 23712 I art     : Explicit concurrent mark sweep GC freed 3(96B) AllocSpace objects, 0(0B) LOS objects, 22% free, 53MB/69MB, paused 697us total 33.322ms
08-06 17:22:00.995 23700 23712 I art     : Starting a blocking GC Explicit
08-06 17:22:01.027 23700 23712 I art     : Explicit concurrent mark sweep GC freed 3(96B) AllocSpace objects, 0(0B) LOS objects, 22% free, 53MB/69MB, paused 683us total 31.614ms
08-06 17:22:01.039 23700 23712 I art     : Starting a blocking GC Explicit
08-06 17:22:01.073 23700 23712 I art     : Explicit concurrent mark sweep GC freed 3(96B) AllocSpace objects, 0(0B) LOS objects, 22% free, 53MB/69MB, paused 695us total 33.897ms
08-06 17:22:01.400 23700 23736 I art     : Starting a blocking GC Explicit
08-06 17:22:01.431 23700 23736 I art     : Explicit concurrent mark sweep GC freed 1347(78KB) AllocSpace objects, 1(20KB) LOS objects, 22% free, 53MB/69MB, paused 701us total 30.258ms
08-06 17:22:01.443 23700 23736 I art     : Starting a blocking GC Explicit
08-06 17:22:01.477 23700 23736 I art     : Explicit concurrent mark sweep GC freed 20(704B) AllocSpace objects, 0(0B) LOS objects, 22% free, 53MB/69MB, paused 662us total 33.407ms
08-06 17:22:01.488 23700 23736 I art     : Starting a blocking GC Explicit
08-06 17:22:01.521 23700 23736 I art     : Explicit concurrent mark sweep GC freed 3(96B) AllocSpace objects, 0(0B) LOS objects, 22% free, 53MB/69MB, paused 691us total 32.457ms
08-06 17:22:01.533 23700 23736 I art     : Starting a blocking GC Explicit
08-06 17:22:01.567 23700 23736 I art     : Explicit concurrent mark sweep GC freed 3(96B) AllocSpace objects, 0(0B) LOS objects, 22% free, 53MB/69MB, paused 681us total 33.344ms
08-06 17:22:01.579 23700 23736 I art     : Starting a blocking GC Explicit
08-06 17:22:01.612 23700 23736 I art     : Explicit concurrent mark sweep GC freed 3(96B) AllocSpace objects, 0(0B) LOS objects, 22% free, 53MB/69MB, paused 661us total 32.943ms
08-06 17:22:01.801 25638 25638 I ServiceManager: Waiting for service AtCmdFwd...
08-06 17:22:01.949 23700 25454 I art     : Starting a blocking GC Explicit
08-06 17:22:01.992 23700 25454 I art     : Explicit concurrent mark sweep GC freed 1347(78KB) AllocSpace objects, 1(20KB) LOS objects, 22% free, 53MB/69MB, paused 718us total 42.387ms
08-06 17:22:02.009 23700 25454 I art     : Starting a blocking GC Explicit
08-06 17:22:02.042 23700 25454 I art     : Explicit concurrent mark sweep GC freed 20(704B) AllocSpace objects, 0(0B) LOS objects, 22% free, 53MB/69MB, paused 672us total 32.613ms
08-06 17:22:02.053 23700 25454 I art     : Starting a blocking GC Explicit
08-06 17:22:02.084 23700 25454 I art     : Explicit concurrent mark sweep GC freed 3(96B) AllocSpace objects, 0(0B) LOS objects, 22% free, 53MB/69MB, paused 664us total 30.752ms
08-06 17:22:02.096 23700 25454 I art     : Starting a blocking GC Explicit
08-06 17:22:02.128 23700 25454 I art     : Explicit concurrent mark sweep GC freed 3(96B) AllocSpace objects, 0(0B) LOS objects, 22% free, 53MB/69MB, paused 671us total 31.029ms
08-06 17:22:02.140 23700 25454 I art     : Starting a blocking GC Explicit
08-06 17:22:02.173 23700 25454 I art     : Explicit concurrent mark sweep GC freed 3(96B) AllocSpace objects, 0(0B) LOS objects, 22% free, 53MB/69MB, paused 685us total 33.424ms
08-06 17:22:02.517 23700 23713 I art     : Starting a blocking GC Explicit
08-06 17:22:02.556 23700 23713 I art     : Explicit concurrent mark sweep GC freed 1347(78KB) AllocSpace objects, 1(20KB) LOS objects, 22% free, 53MB/69MB, paused 847us total 38.616ms
08-06 17:22:02.573 23700 23713 I art     : Starting a blocking GC Explicit
08-06 17:22:02.605 23700 23713 I art     : Explicit concurrent mark sweep GC freed 20(704B) AllocSpace objects, 0(0B) LOS objects, 22% free, 53MB/69MB, paused 674us total 32.437ms
08-06 17:22:02.617 23700 23713 I art     : Starting a blocking GC Explicit
08-06 17:22:02.651 23700 23713 I art     : Explicit concurrent mark sweep GC freed 3(96B) AllocSpace objects, 0(0B) LOS objects, 22% free, 53MB/69MB, paused 765us total 33.511ms
08-06 17:22:02.663 23700 23713 I art     : Starting a blocking GC Explicit
08-06 17:22:02.698 23700 23713 I art     : Explicit concurrent mark sweep GC freed 3(96B) AllocSpace objects, 0(0B) LOS objects, 22% free, 53MB/69MB, paused 710us total 34.058ms
08-06 17:22:02.710 23700 23713 I art     : Starting a blocking GC Explicit
08-06 17:22:02.742 23700 23713 I art     : Explicit concurrent mark sweep GC freed 3(96B) AllocSpace objects, 0(0B) LOS objects, 22% free, 53MB/69MB, paused 712us total 31.652ms
08-06 17:22:02.802 25638 25638 I ServiceManager: Waiting for service AtCmdFwd...
08-06 17:22:03.097 23700 24467 I art     : Starting a blocking GC Explicit
08-06 17:22:03.130 23700 24467 I art     : Explicit concurrent mark sweep GC freed 1347(78KB) AllocSpace objects, 1(20KB) LOS objects, 22% free, 53MB/69MB, paused 712us total 33.198ms
08-06 17:22:03.141 23700 24467 I art     : Starting a blocking GC Explicit
08-06 17:22:03.171 23700 24467 I art     : Explicit concurrent mark sweep GC freed 20(704B) AllocSpace objects, 0(0B) LOS objects, 22% free, 53MB/69MB, paused 685us total 29.644ms
08-06 17:22:03.183 23700 24467 I art     : Starting a blocking GC Explicit
08-06 17:22:03.215 23700 24467 I art     : Explicit concurrent mark sweep GC freed 3(96B) AllocSpace objects, 0(0B) LOS objects, 22% free, 53MB/69MB, paused 681us total 31.365ms
08-06 17:22:03.226 23700 24467 I art     : Starting a blocking GC Explicit
08-06 17:22:03.258 23700 24467 I art     : Explicit concurrent mark sweep GC freed 3(96B) AllocSpace objects, 0(0B) LOS objects, 22% free, 53MB/69MB, paused 851us total 31.046ms
08-06 17:22:03.270 23700 24467 I art     : Starting a blocking GC Explicit
08-06 17:22:03.301 23700 24467 I art     : Explicit concurrent mark sweep GC freed 3(96B) AllocSpace objects, 0(0B) LOS objects, 22% free, 53MB/69MB, paused 684us total 30.976ms
08-06 17:22:03.610 23700 23712 I art     : Starting a blocking GC Explicit
08-06 17:22:03.646 23700 23712 I art     : Explicit concurrent mark sweep GC freed 1347(78KB) AllocSpace objects, 1(20KB) LOS objects, 22% free, 53MB/69MB, paused 801us total 35.028ms
08-06 17:22:03.654 26752 26752 D AndroidRuntime: >>>>>> START com.android.internal.os.RuntimeInit uid 2000 <<<<<<
08-06 17:22:03.661 26752 26752 D AndroidRuntime: CheckJNI is OFF
08-06 17:22:03.661 23700 23712 I art     : Starting a blocking GC Explicit
08-06 17:22:03.693 23700 23712 I art     : Explicit concurrent mark sweep GC freed 20(704B) AllocSpace objects, 0(0B) LOS objects, 22% free, 53MB/69MB, paused 733us total 31.197ms
08-06 17:22:03.704 23700 23712 I art     : Starting a blocking GC Explicit
08-06 17:22:03.709 26752 26752 D ICU     : No timezone override file found: /data/misc/zoneinfo/current/icu/icu_tzdata.dat
08-06 17:22:03.735 23700 23712 I art     : Explicit concurrent mark sweep GC freed 3(96B) AllocSpace objects, 0(0B) LOS objects, 22% free, 53MB/69MB, paused 725us total 30.704ms
08-06 17:22:03.747 23700 23712 I art     : Starting a blocking GC Explicit
08-06 17:22:03.758 26752 26752 I Radio-JNI: register_android_hardware_Radio DONE
08-06 17:22:03.778 23700 23712 I art     : Explicit concurrent mark sweep GC freed 3(96B) AllocSpace objects, 0(0B) LOS objects, 22% free, 53MB/69MB, paused 777us total 30.863ms
08-06 17:22:03.788 26752 26752 D AndroidRuntime: Calling main entry com.android.commands.input.Input
08-06 17:22:03.790 26752 26752 I Input   : injectKeyEvent: KeyEvent { action=ACTION_DOWN, keyCode=KEYCODE_BACK, scanCode=0, metaState=0, flags=0x0, repeatCount=0, eventTime=897740203, downTime=897740203, deviceId=-1, source=0x101 }
08-06 17:22:03.790 23700 23712 I art     : Starting a blocking GC Explicit
08-06 17:22:03.796 26752 26752 I Input   : injectKeyEvent: KeyEvent { action=ACTION_UP, keyCode=KEYCODE_BACK, scanCode=0, metaState=0, flags=0x0, repeatCount=0, eventTime=897740203, downTime=897740203, deviceId=-1, source=0x101 }
08-06 17:22:03.801 26752 26752 D AndroidRuntime: Shutting down VM
08-06 17:22:03.802 25638 25638 I ServiceManager: Waiting for service AtCmdFwd...
08-06 17:22:03.818 23700 23712 I art     : Explicit concurrent mark sweep GC freed 139(6KB) AllocSpace objects, 0(0B) LOS objects, 22% free, 53MB/69MB, paused 713us total 28.282ms
08-06 17:22:03.840 13866 13866 I GoogleInputMethodServic: GoogleInputMethodService.onFinishInput():3138 
08-06 17:22:03.840 13866 13866 I GoogleInputMethodServic: GoogleInputMethodService.onStartInput():1808 
08-06 17:22:04.124 23700 23736 I art     : Starting a blocking GC Explicit
08-06 17:22:04.131   380   380 W SurfaceFlinger: couldn't log to binary event log: overflow.
08-06 17:22:04.157 23700 23736 I art     : Explicit concurrent mark sweep GC freed 1500(88KB) AllocSpace objects, 1(20KB) LOS objects, 22% free, 53MB/69MB, paused 964us total 32.747ms
08-06 17:22:04.168 23700 23736 I art     : Starting a blocking GC Explicit
08-06 17:22:04.196 23700 23736 I art     : Explicit concurrent mark sweep GC freed 27(976B) AllocSpace objects, 0(0B) LOS objects, 22% free, 53MB/69MB, paused 676us total 27.685ms
08-06 17:22:04.207 23700 23736 I art     : Starting a blocking GC Explicit
08-06 17:22:04.237 23700 23736 I art     : Explicit concurrent mark sweep GC freed 1654(107KB) AllocSpace objects, 3(184KB) LOS objects, 23% free, 53MB/69MB, paused 645us total 29.557ms
08-06 17:22:04.248 23700 23736 I art     : Starting a blocking GC Explicit
08-06 17:22:04.278 23700 23736 I art     : Explicit concurrent mark sweep GC freed 3(96B) AllocSpace objects, 0(0B) LOS objects, 23% free, 53MB/69MB, paused 696us total 29.596ms
08-06 17:22:04.290 23700 23736 I art     : Starting a blocking GC Explicit
08-06 17:22:04.319 23700 23736 I art     : Explicit concurrent mark sweep GC freed 3(96B) AllocSpace objects, 0(0B) LOS objects, 23% free, 53MB/69MB, paused 668us total 29.172ms
08-06 17:22:04.414   918  3261 D WifiStateMachine: starting scan for "H369AA63323"WPA_PSK with 2412,5180
08-06 17:22:04.639 23700 25454 I art     : Starting a blocking GC Explicit
08-06 17:22:04.682 23700 25454 I art     : Explicit concurrent mark sweep GC freed 1368(79KB) AllocSpace objects, 1(20KB) LOS objects, 23% free, 53MB/69MB, paused 754us total 42.492ms
08-06 17:22:04.698 23700 25454 I art     : Starting a blocking GC Explicit
08-06 17:22:04.733 23700 25454 I art     : Explicit concurrent mark sweep GC freed 36(1216B) AllocSpace objects, 0(0B) LOS objects, 23% free, 53MB/69MB, paused 678us total 34.164ms
08-06 17:22:04.745 23700 25454 I art     : Starting a blocking GC Explicit
08-06 17:22:04.775 23700 25454 I art     : Explicit concurrent mark sweep GC freed 3(96B) AllocSpace objects, 0(0B) LOS objects, 23% free, 53MB/69MB, paused 634us total 28.967ms
08-06 17:22:04.786 23700 25454 I art     : Starting a blocking GC Explicit
08-06 17:22:04.803 25638 25638 I ServiceManager: Waiting for service AtCmdFwd...
08-06 17:22:04.816 23700 25454 I art     : Explicit concurrent mark sweep GC freed 3(96B) AllocSpace objects, 0(0B) LOS objects, 23% free, 53MB/69MB, paused 642us total 29.277ms
08-06 17:22:04.827 23700 25454 I art     : Starting a blocking GC Explicit
08-06 17:22:04.857 23700 25454 I art     : Explicit concurrent mark sweep GC freed 3(96B) AllocSpace objects, 0(0B) LOS objects, 23% free, 53MB/69MB, paused 720us total 29.493ms
08-06 17:22:05.160 23700 24467 I art     : Starting a blocking GC Explicit
08-06 17:22:05.194 23700 24467 I art     : Explicit concurrent mark sweep GC freed 1347(78KB) AllocSpace objects, 1(20KB) LOS objects, 23% free, 53MB/69MB, paused 665us total 33.415ms
08-06 17:22:05.205 23700 24467 I art     : Starting a blocking GC Explicit
08-06 17:22:05.234 23700 24467 I art     : Explicit concurrent mark sweep GC freed 20(704B) AllocSpace objects, 0(0B) LOS objects, 23% free, 53MB/69MB, paused 675us total 28.296ms
08-06 17:22:05.245 23700 24467 I art     : Starting a blocking GC Explicit
08-06 17:22:05.273 23700 24467 I art     : Explicit concurrent mark sweep GC freed 3(96B) AllocSpace objects, 0(0B) LOS objects, 23% free, 53MB/69MB, paused 714us total 27.804ms
08-06 17:22:05.284 23700 24467 I art     : Starting a blocking GC Explicit
08-06 17:22:05.313 23700 24467 I art     : Explicit concurrent mark sweep GC freed 3(96B) AllocSpace objects, 0(0B) LOS objects, 23% free, 53MB/69MB, paused 711us total 28.782ms
08-06 17:22:05.325 23700 24467 I art     : Starting a blocking GC Explicit
08-06 17:22:05.353 23700 24467 I art     : Explicit concurrent mark sweep GC freed 3(96B) AllocSpace objects, 0(0B) LOS objects, 23% free, 53MB/69MB, paused 674us total 28.270ms
08-06 17:22:05.590 26799 26799 D AndroidRuntime: >>>>>> START com.android.internal.os.RuntimeInit uid 2000 <<<<<<
08-06 17:22:05.596 26799 26799 D AndroidRuntime: CheckJNI is OFF
08-06 17:22:05.639 26799 26799 D ICU     : No timezone override file found: /data/misc/zoneinfo/current/icu/icu_tzdata.dat
08-06 17:22:05.682 26799 26799 I Radio-JNI: register_android_hardware_Radio DONE
08-06 17:22:05.683 23700 23713 I art     : Starting a blocking GC Explicit
08-06 17:22:05.712 26799 26799 D AndroidRuntime: Calling main entry com.android.commands.input.Input
08-06 17:22:05.713 23700 23713 I art     : Explicit concurrent mark sweep GC freed 1347(78KB) AllocSpace objects, 1(20KB) LOS objects, 23% free, 53MB/69MB, paused 682us total 29.964ms
08-06 17:22:05.714 26799 26799 I Input   : injectMotionEvent: MotionEvent { action=ACTION_DOWN, actionButton=0, id[0]=0, x[0]=1012.0, y[0]=1152.0, toolType[0]=TOOL_TYPE_UNKNOWN, buttonState=0, metaState=0, flags=0x0, edgeFlags=0x0, pointerCount=1, historySize=0, eventTime=897742126, downTime=897742126, deviceId=0, source=0x1002 }
08-06 17:22:05.719 26799 26799 I Input   : injectMotionEvent: MotionEvent { action=ACTION_UP, actionButton=0, id[0]=0, x[0]=1012.0, y[0]=1152.0, toolType[0]=TOOL_TYPE_UNKNOWN, buttonState=0, metaState=0, flags=0x0, edgeFlags=0x0, pointerCount=1, historySize=0, eventTime=897742126, downTime=897742126, deviceId=0, source=0x1002 }
08-06 17:22:05.720   918  3714 I ActivityManager: START u0 {cmp=baseline.appteam.nith.hillffair/.activities.ClubActivity (has extras)} from uid 10697 on display 0
08-06 17:22:05.724 23700 23713 I art     : Starting a blocking GC Explicit
08-06 17:22:05.728 26799 26799 D AndroidRuntime: Shutting down VM
08-06 17:22:05.753 23700 23713 I art     : Explicit concurrent mark sweep GC freed 335(20KB) AllocSpace objects, 0(0B) LOS objects, 23% free, 53MB/69MB, paused 1.038ms total 29.149ms
08-06 17:22:05.765 23700 23713 I art     : Starting a blocking GC Explicit
08-06 17:22:05.796 23700 23713 I art     : Explicit concurrent mark sweep GC freed 3183(201KB) AllocSpace objects, 0(0B) LOS objects, 23% free, 53MB/69MB, paused 829us total 30.678ms
08-06 17:22:05.803 25638 25638 W Atfwd_Sendcmd: AtCmdFwd service not published, waiting... retryCnt : 4
08-06 17:22:05.807 23700 23713 I art     : Starting a blocking GC Explicit
08-06 17:22:05.831   918   936 I ActivityManager: Displayed baseline.appteam.nith.hillffair/.activities.ClubActivity: +102ms
08-06 17:22:05.831 13866 13866 I GoogleInputMethodServic: GoogleInputMethodService.onFinishInput():3138 
08-06 17:22:05.832 13866 13866 I GoogleInputMethodServic: GoogleInputMethodService.onStartInput():1808 
08-06 17:22:05.836 23700 23713 I art     : Explicit concurrent mark sweep GC freed 284(12KB) AllocSpace objects, 0(0B) LOS objects, 22% free, 53MB/69MB, paused 1.426ms total 29.012ms
08-06 17:22:05.847 23700 23713 I art     : Starting a blocking GC Explicit
08-06 17:22:05.875 23700 23713 I art     : Explicit concurrent mark sweep GC freed 25(1072B) AllocSpace objects, 0(0B) LOS objects, 22% free, 53MB/69MB, paused 668us total 28.277ms
08-06 17:22:06.084   380   380 W SurfaceFlinger: couldn't log to binary event log: overflow.
08-06 17:22:06.168 23700 23736 I art     : Starting a blocking GC Explicit
08-06 17:22:06.199 23700 23736 I art     : Explicit concurrent mark sweep GC freed 1353(78KB) AllocSpace objects, 1(20KB) LOS objects, 22% free, 53MB/69MB, paused 768us total 30.136ms
08-06 17:22:06.212 23700 23736 I art     : Starting a blocking GC Explicit
08-06 17:22:06.245 23700 23736 I art     : Explicit concurrent mark sweep GC freed 125(6KB) AllocSpace objects, 0(0B) LOS objects, 22% free, 53MB/69MB, paused 731us total 32.677ms
08-06 17:22:06.256 23700 23736 I art     : Starting a blocking GC Explicit
08-06 17:22:06.284 23700 23736 I art     : Explicit concurrent mark sweep GC freed 14(512B) AllocSpace objects, 0(0B) LOS objects, 22% free, 53MB/69MB, paused 654us total 28.299ms
08-06 17:22:06.295 23700 23736 I art     : Starting a blocking GC Explicit
08-06 17:22:06.324 23700 23736 I art     : Explicit concurrent mark sweep GC freed 16(608B) AllocSpace objects, 0(0B) LOS objects, 22% free, 53MB/69MB, paused 711us total 28.884ms
08-06 17:22:06.335 23700 23736 I art     : Starting a blocking GC Explicit
08-06 17:22:06.365 23700 23736 I art     : Explicit concurrent mark sweep GC freed 15(544B) AllocSpace objects, 0(0B) LOS objects, 22% free, 53MB/69MB, paused 709us total 29.433ms
08-06 17:22:06.388   518   646 I ThermalEngine: ACTION: GPU - Setting GPU[0] to 390000000
08-06 17:22:06.432 23700 26828 D OkHttp  : --> GET https://api-hillfair-2k16.herokuapp.com/api/app/club/Design%20and%20Decoration%20Club http/1.1
08-06 17:22:06.459 23700 26828 D OkHttp  : <-- 200 OK https://api-hillfair-2k16.herokuapp.com/api/app/club/Design%20and%20Decoration%20Club (26ms, 760-byte body)
08-06 17:22:06.503 23700 23700 I NAPPA_EXPERIMENTATION: MetricNetworkRequestExecutionTime: REQUEST_DURATION_SYSTEM='744',REQUEST_DURATION_OKHTTP='27',REQUEST_SYNCHRONOUS='FALSE',RESPONSE_CODE='200',RESPONSE_METHOD='GET',RESPONSE_LENGTH_OKHTTP='760',RESPONSE_LENGTH_HEADER='760',REQUEST_PROTOCOL='http/1.1',REQUEST_URL='https://api-hillfair-2k16.herokuapp.com/api/app/club/Design%20and%20Decoration%20Club',
08-06 17:22:06.680 23700 23713 I art     : Starting a blocking GC Explicit
08-06 17:22:06.723 23700 23713 I art     : Explicit concurrent mark sweep GC freed 4806(338KB) AllocSpace objects, 4(220KB) LOS objects, 22% free, 53MB/69MB, paused 1.428ms total 42.629ms
08-06 17:22:06.741 23700 23713 I art     : Starting a blocking GC Explicit
08-06 17:22:06.778 23700 23713 I art     : Explicit concurrent mark sweep GC freed 1031(119KB) AllocSpace objects, 0(0B) LOS objects, 22% free, 53MB/69MB, paused 1.017ms total 37.262ms
08-06 17:22:06.796 23700 23713 I art     : Starting a blocking GC Explicit
08-06 17:22:06.834 23700 23713 I art     : Explicit concurrent mark sweep GC freed 3(96B) AllocSpace objects, 0(0B) LOS objects, 22% free, 53MB/69MB, paused 948us total 37.557ms
08-06 17:22:06.852 23700 23713 I art     : Starting a blocking GC Explicit
08-06 17:22:06.892 23700 23713 I art     : Explicit concurrent mark sweep GC freed 3(96B) AllocSpace objects, 0(0B) LOS objects, 22% free, 53MB/69MB, paused 1.056ms total 39.542ms
08-06 17:22:06.909 23700 23713 I art     : Starting a blocking GC Explicit
08-06 17:22:06.947 23700 23713 I art     : Explicit concurrent mark sweep GC freed 19(656B) AllocSpace objects, 0(0B) LOS objects, 22% free, 53MB/69MB, paused 975us total 37.452ms
08-06 17:22:07.290 23700 23736 I art     : Starting a blocking GC Explicit
08-06 17:22:07.338 23700 23736 I art     : Explicit concurrent mark sweep GC freed 1347(78KB) AllocSpace objects, 1(20KB) LOS objects, 22% free, 53MB/69MB, paused 1.031ms total 46.862ms
08-06 17:22:07.359 23700 23736 I art     : Starting a blocking GC Explicit
08-06 17:22:07.399 23700 23736 I art     : Explicit concurrent mark sweep GC freed 20(704B) AllocSpace objects, 0(0B) LOS objects, 22% free, 53MB/69MB, paused 1.203ms total 40.091ms
08-06 17:22:07.417 23700 23736 I art     : Starting a blocking GC Explicit
08-06 17:22:07.456 23700 23736 I art     : Explicit concurrent mark sweep GC freed 3(96B) AllocSpace objects, 0(0B) LOS objects, 22% free, 53MB/69MB, paused 920us total 38.753ms
08-06 17:22:07.477 23700 23736 I art     : Starting a blocking GC Explicit
08-06 17:22:07.520 23700 23736 I art     : Explicit concurrent mark sweep GC freed 3(96B) AllocSpace objects, 0(0B) LOS objects, 22% free, 53MB/69MB, paused 1.023ms total 42.879ms
08-06 17:22:07.538 23700 23736 I art     : Starting a blocking GC Explicit
08-06 17:22:07.577 23700 23736 I art     : Explicit concurrent mark sweep GC freed 3(96B) AllocSpace objects, 0(0B) LOS objects, 22% free, 53MB/69MB, paused 1.143ms total 39.100ms
08-06 17:22:07.953 23700 23712 I art     : Starting a blocking GC Explicit
08-06 17:22:08.003 23700 23712 I art     : Explicit concurrent mark sweep GC freed 1347(78KB) AllocSpace objects, 1(20KB) LOS objects, 22% free, 53MB/69MB, paused 1.195ms total 48.658ms
08-06 17:22:08.024 23700 23712 I art     : Starting a blocking GC Explicit
08-06 17:22:08.070 23700 23712 I art     : Explicit concurrent mark sweep GC freed 20(704B) AllocSpace objects, 0(0B) LOS objects, 22% free, 53MB/69MB, paused 1.136ms total 45.623ms
08-06 17:22:08.091 23700 23712 I art     : Starting a blocking GC Explicit
08-06 17:22:08.131 23700 23712 I art     : Explicit concurrent mark sweep GC freed 3(96B) AllocSpace objects, 0(0B) LOS objects, 22% free, 53MB/69MB, paused 974us total 39.386ms
08-06 17:22:08.149 23700 23712 I art     : Starting a blocking GC Explicit
08-06 17:22:08.188 23700 23712 I art     : Explicit concurrent mark sweep GC freed 3(96B) AllocSpace objects, 0(0B) LOS objects, 22% free, 53MB/69MB, paused 1.136ms total 38.829ms
08-06 17:22:08.206 23700 23712 I art     : Starting a blocking GC Explicit
08-06 17:22:08.245 23700 23712 I art     : Explicit concurrent mark sweep GC freed 3(96B) AllocSpace objects, 0(0B) LOS objects, 22% free, 53MB/69MB, paused 999us total 39.342ms
08-06 17:22:08.595 23700 25454 I art     : Starting a blocking GC Explicit
08-06 17:22:08.642 23700 25454 I art     : Explicit concurrent mark sweep GC freed 1347(78KB) AllocSpace objects, 1(20KB) LOS objects, 22% free, 53MB/69MB, paused 1.124ms total 46.572ms
08-06 17:22:08.662 23700 25454 I art     : Starting a blocking GC Explicit
08-06 17:22:08.700 23700 25454 I art     : Explicit concurrent mark sweep GC freed 20(704B) AllocSpace objects, 0(0B) LOS objects, 22% free, 53MB/69MB, paused 1.063ms total 38.351ms
08-06 17:22:08.718 23700 25454 I art     : Starting a blocking GC Explicit
08-06 17:22:08.757 23700 25454 I art     : Explicit concurrent mark sweep GC freed 3(96B) AllocSpace objects, 0(0B) LOS objects, 22% free, 53MB/69MB, paused 1.095ms total 38.941ms
08-06 17:22:08.774 23700 25454 I art     : Starting a blocking GC Explicit
08-06 17:22:08.814 23700 25454 I art     : Explicit concurrent mark sweep GC freed 3(96B) AllocSpace objects, 0(0B) LOS objects, 22% free, 53MB/69MB, paused 943us total 38.832ms
08-06 17:22:08.831 23700 25454 I art     : Starting a blocking GC Explicit
08-06 17:22:08.870 23700 25454 I art     : Explicit concurrent mark sweep GC freed 3(96B) AllocSpace objects, 0(0B) LOS objects, 22% free, 53MB/69MB, paused 973us total 38.755ms
08-06 17:22:09.206 23700 24467 I art     : Starting a blocking GC Explicit
08-06 17:22:09.258 23700 24467 I art     : Explicit concurrent mark sweep GC freed 1347(78KB) AllocSpace objects, 1(20KB) LOS objects, 22% free, 53MB/69MB, paused 1.285ms total 51.327ms
08-06 17:22:09.278 23700 24467 I art     : Starting a blocking GC Explicit
08-06 17:22:09.318 23700 24467 I art     : Explicit concurrent mark sweep GC freed 20(704B) AllocSpace objects, 0(0B) LOS objects, 22% free, 53MB/69MB, paused 920us total 38.855ms
08-06 17:22:09.339 23700 24467 I art     : Starting a blocking GC Explicit
08-06 17:22:09.382 23700 24467 I art     : Explicit concurrent mark sweep GC freed 3(96B) AllocSpace objects, 0(0B) LOS objects, 22% free, 53MB/69MB, paused 967us total 42.589ms
08-06 17:22:09.400 23700 24467 I art     : Starting a blocking GC Explicit
08-06 17:22:09.439 23700 24467 I art     : Explicit concurrent mark sweep GC freed 3(96B) AllocSpace objects, 0(0B) LOS objects, 22% free, 53MB/69MB, paused 1.021ms total 39.102ms
08-06 17:22:09.457 23700 24467 I art     : Starting a blocking GC Explicit
08-06 17:22:09.495 23700 24467 I art     : Explicit concurrent mark sweep GC freed 3(96B) AllocSpace objects, 0(0B) LOS objects, 22% free, 53MB/69MB, paused 922us total 38.260ms
08-06 17:22:09.851 23700 23713 I art     : Starting a blocking GC Explicit
08-06 17:22:09.904 23700 23713 I art     : Explicit concurrent mark sweep GC freed 1347(78KB) AllocSpace objects, 1(20KB) LOS objects, 22% free, 53MB/69MB, paused 1.061ms total 52.435ms
08-06 17:22:09.926 23700 23713 I art     : Starting a blocking GC Explicit
08-06 17:22:09.966 23700 23713 I art     : Explicit concurrent mark sweep GC freed 20(704B) AllocSpace objects, 0(0B) LOS objects, 22% free, 53MB/69MB, paused 1.098ms total 39.111ms
08-06 17:22:09.983 23700 23713 I art     : Starting a blocking GC Explicit
08-06 17:22:10.021 23700 23713 I art     : Explicit concurrent mark sweep GC freed 3(96B) AllocSpace objects, 0(0B) LOS objects, 22% free, 53MB/69MB, paused 1.015ms total 37.535ms
08-06 17:22:10.037 23700 23713 I art     : Starting a blocking GC Explicit
08-06 17:22:10.074 23700 23713 I art     : Explicit concurrent mark sweep GC freed 3(96B) AllocSpace objects, 0(0B) LOS objects, 22% free, 53MB/69MB, paused 992us total 36.450ms
08-06 17:22:10.091 23700 23713 I art     : Starting a blocking GC Explicit
08-06 17:22:10.128 23700 23713 I art     : Explicit concurrent mark sweep GC freed 3(96B) AllocSpace objects, 0(0B) LOS objects, 22% free, 53MB/69MB, paused 1.093ms total 37.333ms
08-06 17:22:10.394   518   646 I ThermalEngine: ACTION: GPU - Setting GPU[0] to 450000000
08-06 17:22:10.449 23700 23736 I art     : Starting a blocking GC Explicit
08-06 17:22:10.485 23700 23736 I art     : Explicit concurrent mark sweep GC freed 1347(78KB) AllocSpace objects, 1(20KB) LOS objects, 22% free, 53MB/69MB, paused 732us total 35.807ms
08-06 17:22:10.503 23700 23736 I art     : Starting a blocking GC Explicit
08-06 17:22:10.533 23700 23736 I art     : Explicit concurrent mark sweep GC freed 20(704B) AllocSpace objects, 0(0B) LOS objects, 22% free, 53MB/69MB, paused 681us total 29.724ms
08-06 17:22:10.545 23700 23736 I art     : Starting a blocking GC Explicit
08-06 17:22:10.575 23700 23736 I art     : Explicit concurrent mark sweep GC freed 3(96B) AllocSpace objects, 0(0B) LOS objects, 22% free, 53MB/69MB, paused 704us total 30.717ms
08-06 17:22:10.587 23700 23736 I art     : Starting a blocking GC Explicit
08-06 17:22:10.595 26900 26900 D AndroidRuntime: >>>>>> START com.android.internal.os.RuntimeInit uid 2000 <<<<<<
08-06 17:22:10.601 26900 26900 D AndroidRuntime: CheckJNI is OFF
08-06 17:22:10.619 23700 23736 I art     : Explicit concurrent mark sweep GC freed 3(96B) AllocSpace objects, 0(0B) LOS objects, 22% free, 53MB/69MB, paused 704us total 31.312ms
08-06 17:22:10.630 23700 23736 I art     : Starting a blocking GC Explicit
08-06 17:22:10.649 26900 26900 D ICU     : No timezone override file found: /data/misc/zoneinfo/current/icu/icu_tzdata.dat
08-06 17:22:10.662 23700 23736 I art     : Explicit concurrent mark sweep GC freed 3(96B) AllocSpace objects, 0(0B) LOS objects, 22% free, 53MB/69MB, paused 770us total 31.460ms
08-06 17:22:10.697 26900 26900 I Radio-JNI: register_android_hardware_Radio DONE
08-06 17:22:10.727 26900 26900 D AndroidRuntime: Calling main entry com.android.commands.input.Input
08-06 17:22:10.729 26900 26900 I Input   : injectKeyEvent: KeyEvent { action=ACTION_DOWN, keyCode=KEYCODE_BACK, scanCode=0, metaState=0, flags=0x0, repeatCount=0, eventTime=897747142, downTime=897747142, deviceId=-1, source=0x101 }
08-06 17:22:10.735 26900 26900 I Input   : injectKeyEvent: KeyEvent { action=ACTION_UP, keyCode=KEYCODE_BACK, scanCode=0, metaState=0, flags=0x0, repeatCount=0, eventTime=897747142, downTime=897747142, deviceId=-1, source=0x101 }
08-06 17:22:10.742 26900 26900 D AndroidRuntime: Shutting down VM
08-06 17:22:10.786 13866 13866 I GoogleInputMethodServic: GoogleInputMethodService.onFinishInput():3138 
08-06 17:22:10.788 13866 13866 I GoogleInputMethodServic: GoogleInputMethodService.onStartInput():1808 
08-06 17:22:10.952 23700 23713 I art     : Starting a blocking GC Explicit
08-06 17:22:10.989 23700 23713 I art     : Explicit concurrent mark sweep GC freed 1528(86KB) AllocSpace objects, 1(20KB) LOS objects, 22% free, 53MB/69MB, paused 674us total 37.158ms
08-06 17:22:11.004 23700 23713 I art     : Starting a blocking GC Explicit
08-06 17:22:11.039 23700 23713 I art     : Explicit concurrent mark sweep GC freed 26(960B) AllocSpace objects, 0(0B) LOS objects, 22% free, 53MB/69MB, paused 620us total 34.830ms
08-06 17:22:11.055 23700 23713 I art     : Starting a blocking GC Explicit
08-06 17:22:11.086 23700 23713 I art     : Explicit concurrent mark sweep GC freed 3(96B) AllocSpace objects, 0(0B) LOS objects, 22% free, 53MB/69MB, paused 682us total 31.254ms
08-06 17:22:11.089   380   380 W SurfaceFlinger: couldn't log to binary event log: overflow.
08-06 17:22:11.100 23700 23713 I art     : Starting a blocking GC Explicit
08-06 17:22:11.128 23700 23713 I art     : Explicit concurrent mark sweep GC freed 112(8KB) AllocSpace objects, 0(0B) LOS objects, 22% free, 53MB/69MB, paused 717us total 27.300ms
08-06 17:22:11.139 23700 23713 I art     : Starting a blocking GC Explicit
08-06 17:22:11.168 23700 23713 I art     : Explicit concurrent mark sweep GC freed 1654(107KB) AllocSpace objects, 3(180KB) LOS objects, 23% free, 53MB/69MB, paused 736us total 28.415ms
08-06 17:22:11.471 23700 24467 I art     : Starting a blocking GC Explicit
08-06 17:22:11.510 23700 24467 I art     : Explicit concurrent mark sweep GC freed 1347(78KB) AllocSpace objects, 1(20KB) LOS objects, 23% free, 53MB/69MB, paused 783us total 38.254ms
08-06 17:22:11.525 23700 24467 I art     : Starting a blocking GC Explicit
08-06 17:22:11.555 23700 24467 I art     : Explicit concurrent mark sweep GC freed 20(704B) AllocSpace objects, 0(0B) LOS objects, 23% free, 53MB/69MB, paused 686us total 30.008ms
08-06 17:22:11.567 23700 24467 I art     : Starting a blocking GC Explicit
08-06 17:22:11.597 23700 24467 I art     : Explicit concurrent mark sweep GC freed 3(96B) AllocSpace objects, 0(0B) LOS objects, 23% free, 53MB/69MB, paused 830us total 30.263ms
08-06 17:22:11.609 23700 24467 I art     : Starting a blocking GC Explicit
08-06 17:22:11.639 23700 24467 I art     : Explicit concurrent mark sweep GC freed 3(96B) AllocSpace objects, 0(0B) LOS objects, 23% free, 53MB/69MB, paused 714us total 30.312ms
08-06 17:22:11.651 23700 24467 I art     : Starting a blocking GC Explicit
08-06 17:22:11.682 23700 24467 I art     : Explicit concurrent mark sweep GC freed 3(96B) AllocSpace objects, 0(0B) LOS objects, 23% free, 53MB/69MB, paused 678us total 30.658ms
08-06 17:22:11.997 23700 25454 I art     : Starting a blocking GC Explicit
08-06 17:22:12.027 23700 25454 I art     : Explicit concurrent mark sweep GC freed 1347(78KB) AllocSpace objects, 1(20KB) LOS objects, 23% free, 53MB/69MB, paused 692us total 29.664ms
08-06 17:22:12.038 23700 25454 I art     : Starting a blocking GC Explicit
08-06 17:22:12.068 23700 25454 I art     : Explicit concurrent mark sweep GC freed 20(720B) AllocSpace objects, 0(0B) LOS objects, 23% free, 53MB/69MB, paused 726us total 29ms
08-06 17:22:12.079 23700 25454 I art     : Starting a blocking GC Explicit
08-06 17:22:12.107 23700 25454 I art     : Explicit concurrent mark sweep GC freed 3(96B) AllocSpace objects, 0(0B) LOS objects, 23% free, 53MB/69MB, paused 808us total 27.742ms
08-06 17:22:12.118 23700 25454 I art     : Starting a blocking GC Explicit
08-06 17:22:12.147 23700 25454 I art     : Explicit concurrent mark sweep GC freed 3(96B) AllocSpace objects, 0(0B) LOS objects, 23% free, 53MB/69MB, paused 748us total 28.756ms
08-06 17:22:12.158 23700 25454 I art     : Starting a blocking GC Explicit
08-06 17:22:12.188 23700 25454 I art     : Explicit concurrent mark sweep GC freed 3(96B) AllocSpace objects, 0(0B) LOS objects, 23% free, 53MB/69MB, paused 696us total 29.794ms
08-06 17:22:12.505 23700 23712 I art     : Starting a blocking GC Explicit
08-06 17:22:12.523 26954 26954 D AndroidRuntime: >>>>>> START com.android.internal.os.RuntimeInit uid 2000 <<<<<<
08-06 17:22:12.528 26954 26954 D AndroidRuntime: CheckJNI is OFF
08-06 17:22:12.537 23700 23712 I art     : Explicit concurrent mark sweep GC freed 1347(78KB) AllocSpace objects, 1(20KB) LOS objects, 23% free, 53MB/69MB, paused 731us total 32.146ms
08-06 17:22:12.549 23700 23712 I art     : Starting a blocking GC Explicit
08-06 17:22:12.573 26954 26954 D ICU     : No timezone override file found: /data/misc/zoneinfo/current/icu/icu_tzdata.dat
08-06 17:22:12.578 23700 23712 I art     : Explicit concurrent mark sweep GC freed 20(704B) AllocSpace objects, 0(0B) LOS objects, 23% free, 53MB/69MB, paused 730us total 29.124ms
08-06 17:22:12.590 23700 23712 I art     : Starting a blocking GC Explicit
08-06 17:22:12.618 26954 26954 I Radio-JNI: register_android_hardware_Radio DONE
08-06 17:22:12.620 23700 23712 I art     : Explicit concurrent mark sweep GC freed 3(96B) AllocSpace objects, 0(0B) LOS objects, 23% free, 53MB/69MB, paused 728us total 29.693ms
08-06 17:22:12.631 23700 23712 I art     : Starting a blocking GC Explicit
08-06 17:22:12.649 26954 26954 D AndroidRuntime: Calling main entry com.android.commands.input.Input
08-06 17:22:12.651 26954 26954 I Input   : injectMotionEvent: MotionEvent { action=ACTION_DOWN, actionButton=0, id[0]=0, x[0]=255.0, y[0]=1845.0, toolType[0]=TOOL_TYPE_UNKNOWN, buttonState=0, metaState=0, flags=0x0, edgeFlags=0x0, pointerCount=1, historySize=0, eventTime=897749063, downTime=897749063, deviceId=0, source=0x1002 }
08-06 17:22:12.658 26954 26954 I Input   : injectMotionEvent: MotionEvent { action=ACTION_UP, actionButton=0, id[0]=0, x[0]=255.0, y[0]=1845.0, toolType[0]=TOOL_TYPE_UNKNOWN, buttonState=0, metaState=0, flags=0x0, edgeFlags=0x0, pointerCount=1, historySize=0, eventTime=897749063, downTime=897749063, deviceId=0, source=0x1002 }
08-06 17:22:12.660   918  6110 I ActivityManager: START u0 {cmp=baseline.appteam.nith.hillffair/.activities.ClubActivity (has extras)} from uid 10697 on display 0
08-06 17:22:12.661 23700 23712 I art     : Explicit concurrent mark sweep GC freed 3(96B) AllocSpace objects, 0(0B) LOS objects, 23% free, 53MB/69MB, paused 935us total 29.569ms
08-06 17:22:12.668 26954 26954 D AndroidRuntime: Shutting down VM
08-06 17:22:12.673 23700 23712 I art     : Starting a blocking GC Explicit
08-06 17:22:12.701 23700 23712 I art     : Explicit concurrent mark sweep GC freed 2246(128KB) AllocSpace objects, 0(0B) LOS objects, 22% free, 53MB/69MB, paused 1.036ms total 27.871ms
08-06 17:22:12.762 13866 13866 I GoogleInputMethodServic: GoogleInputMethodService.onFinishInput():3138 
08-06 17:22:12.762 13866 13866 I GoogleInputMethodServic: GoogleInputMethodService.onStartInput():1808 
08-06 17:22:12.763   918   936 I ActivityManager: Displayed baseline.appteam.nith.hillffair/.activities.ClubActivity: +96ms
08-06 17:22:12.992   380   380 W SurfaceFlinger: couldn't log to binary event log: overflow.
08-06 17:22:12.999 23700 25454 I art     : Starting a blocking GC Explicit
08-06 17:22:13.029 23700 25454 I art     : Explicit concurrent mark sweep GC freed 2879(186KB) AllocSpace objects, 1(20KB) LOS objects, 22% free, 53MB/69MB, paused 684us total 30.228ms
08-06 17:22:13.040 23700 25454 I art     : Starting a blocking GC Explicit
08-06 17:22:13.067 23700 25454 I art     : Explicit concurrent mark sweep GC freed 91(3KB) AllocSpace objects, 0(0B) LOS objects, 22% free, 53MB/69MB, paused 679us total 26.228ms
08-06 17:22:13.077 23700 25454 I art     : Starting a blocking GC Explicit
08-06 17:22:13.106 23700 25454 I art     : Explicit concurrent mark sweep GC freed 3(96B) AllocSpace objects, 0(0B) LOS objects, 22% free, 53MB/69MB, paused 735us total 27.962ms
08-06 17:22:13.118 23700 25454 I art     : Starting a blocking GC Explicit
08-06 17:22:13.150 23700 25454 I art     : Explicit concurrent mark sweep GC freed 107(5KB) AllocSpace objects, 0(0B) LOS objects, 22% free, 53MB/69MB, paused 891us total 32.013ms
08-06 17:22:13.161 23700 25454 I art     : Starting a blocking GC Explicit
08-06 17:22:13.189 23700 25454 I art     : Explicit concurrent mark sweep GC freed 15(560B) AllocSpace objects, 0(0B) LOS objects, 22% free, 53MB/69MB, paused 716us total 28.035ms
08-06 17:22:13.481 23700 24467 I art     : Starting a blocking GC Explicit
08-06 17:22:13.496 23700 26978 D OkHttp  : --> GET https://api-hillfair-2k16.herokuapp.com/api/app/club/Technical%20Committee http/1.1
08-06 17:22:13.514 23700 24467 I art     : Explicit concurrent mark sweep GC freed 3978(213KB) AllocSpace objects, 3(140KB) LOS objects, 22% free, 54MB/70MB, paused 765us total 31.883ms
08-06 17:22:13.526 23700 24467 I art     : Starting a blocking GC Explicit
08-06 17:22:13.529 23700 26978 D OkHttp  : <-- 200 OK https://api-hillfair-2k16.herokuapp.com/api/app/club/Technical%20Committee (32ms, 1171-byte body)
08-06 17:22:13.555 23700 24467 I art     : Explicit concurrent mark sweep GC freed 1182(154KB) AllocSpace objects, 1(80KB) LOS objects, 22% free, 53MB/69MB, paused 730us total 29.370ms
08-06 17:22:13.566 23700 24467 I art     : Starting a blocking GC Explicit
08-06 17:22:13.576 23700 23700 I NAPPA_EXPERIMENTATION: MetricNetworkRequestExecutionTime: REQUEST_DURATION_SYSTEM='875',REQUEST_DURATION_OKHTTP='32',REQUEST_SYNCHRONOUS='FALSE',RESPONSE_CODE='200',RESPONSE_METHOD='GET',RESPONSE_LENGTH_OKHTTP='1171',RESPONSE_LENGTH_HEADER='1171',REQUEST_PROTOCOL='http/1.1',REQUEST_URL='https://api-hillfair-2k16.herokuapp.com/api/app/club/Technical%20Committee',
08-06 17:22:13.597 23700 24467 I art     : Explicit concurrent mark sweep GC freed 283(32KB) AllocSpace objects, 0(0B) LOS objects, 22% free, 53MB/69MB, paused 933us total 30.268ms
08-06 17:22:13.608 23700 24467 I art     : Starting a blocking GC Explicit
08-06 17:22:13.637 23700 24467 I art     : Explicit concurrent mark sweep GC freed 456(63KB) AllocSpace objects, 0(0B) LOS objects, 22% free, 53MB/69MB, paused 735us total 28.850ms
08-06 17:22:13.649 23700 24467 I art     : Starting a blocking GC Explicit
08-06 17:22:13.679 23700 24467 I art     : Explicit concurrent mark sweep GC freed 36(1152B) AllocSpace objects, 0(0B) LOS objects, 22% free, 53MB/69MB, paused 669us total 30.465ms
08-06 17:22:13.987 23700 23713 I art     : Starting a blocking GC Explicit
08-06 17:22:14.019 23700 23713 I art     : Explicit concurrent mark sweep GC freed 1347(78KB) AllocSpace objects, 1(20KB) LOS objects, 22% free, 53MB/69MB, paused 724us total 32.074ms
08-06 17:22:14.034 23700 23713 I art     : Starting a blocking GC Explicit
08-06 17:22:14.063 23700 23713 I art     : Explicit concurrent mark sweep GC freed 36(1264B) AllocSpace objects, 0(0B) LOS objects, 22% free, 53MB/69MB, paused 670us total 28.998ms
08-06 17:22:14.074 23700 23713 I art     : Starting a blocking GC Explicit
08-06 17:22:14.104 23700 23713 I art     : Explicit concurrent mark sweep GC freed 3(96B) AllocSpace objects, 0(0B) LOS objects, 22% free, 53MB/69MB, paused 684us total 29.524ms
08-06 17:22:14.115 23700 23713 I art     : Starting a blocking GC Explicit
08-06 17:22:14.147 23700 23713 I art     : Explicit concurrent mark sweep GC freed 3(96B) AllocSpace objects, 0(0B) LOS objects, 22% free, 53MB/69MB, paused 702us total 31.168ms
08-06 17:22:14.158 23700 23713 I art     : Starting a blocking GC Explicit
08-06 17:22:14.189 23700 23713 I art     : Explicit concurrent mark sweep GC freed 3(96B) AllocSpace objects, 0(0B) LOS objects, 22% free, 53MB/69MB, paused 715us total 30.618ms
08-06 17:22:14.406   518   646 I ThermalEngine: ACTION: GPU - Setting GPU[0] to 390000000
08-06 17:22:14.528 23700 23736 I art     : Starting a blocking GC Explicit
08-06 17:22:14.571 23700 23736 I art     : Explicit concurrent mark sweep GC freed 1348(78KB) AllocSpace objects, 1(20KB) LOS objects, 22% free, 53MB/69MB, paused 1.067ms total 42.473ms
08-06 17:22:14.589 23700 23736 I art     : Starting a blocking GC Explicit
08-06 17:22:14.630 23700 23736 I art     : Explicit concurrent mark sweep GC freed 20(704B) AllocSpace objects, 0(0B) LOS objects, 22% free, 53MB/69MB, paused 1.376ms total 40.617ms
08-06 17:22:14.652 23700 23736 I art     : Starting a blocking GC Explicit
08-06 17:22:14.693 23700 23736 I art     : Explicit concurrent mark sweep GC freed 3(96B) AllocSpace objects, 0(0B) LOS objects, 22% free, 53MB/69MB, paused 1.001ms total 40.561ms
08-06 17:22:14.711 23700 23736 I art     : Starting a blocking GC Explicit
08-06 17:22:14.751 23700 23736 I art     : Explicit concurrent mark sweep GC freed 3(96B) AllocSpace objects, 0(0B) LOS objects, 22% free, 53MB/69MB, paused 1.350ms total 40.097ms
08-06 17:22:14.769 23700 23736 I art     : Starting a blocking GC Explicit
08-06 17:22:14.811 23700 23736 I art     : Explicit concurrent mark sweep GC freed 3(96B) AllocSpace objects, 0(0B) LOS objects, 22% free, 53MB/69MB, paused 1.397ms total 40.867ms
08-06 17:22:15.172 23700 25454 I art     : Starting a blocking GC Explicit
08-06 17:22:15.221 23700 25454 I art     : Explicit concurrent mark sweep GC freed 1347(78KB) AllocSpace objects, 1(20KB) LOS objects, 22% free, 53MB/69MB, paused 1.706ms total 48.530ms
08-06 17:22:15.240 23700 25454 I art     : Starting a blocking GC Explicit
08-06 17:22:15.280 23700 25454 I art     : Explicit concurrent mark sweep GC freed 20(720B) AllocSpace objects, 0(0B) LOS objects, 22% free, 53MB/69MB, paused 1.075ms total 39.789ms
08-06 17:22:15.298 23700 25454 I art     : Starting a blocking GC Explicit
08-06 17:22:15.339 23700 25454 I art     : Explicit concurrent mark sweep GC freed 3(96B) AllocSpace objects, 0(0B) LOS objects, 22% free, 53MB/69MB, paused 1.159ms total 39.844ms
08-06 17:22:15.356 23700 25454 I art     : Starting a blocking GC Explicit
08-06 17:22:15.396 23700 25454 I art     : Explicit concurrent mark sweep GC freed 3(96B) AllocSpace objects, 0(0B) LOS objects, 22% free, 53MB/69MB, paused 994us total 39.393ms
08-06 17:22:15.414 23700 25454 I art     : Starting a blocking GC Explicit
08-06 17:22:15.454 23700 25454 I art     : Explicit concurrent mark sweep GC freed 3(96B) AllocSpace objects, 0(0B) LOS objects, 22% free, 53MB/69MB, paused 978us total 39.382ms
08-06 17:22:15.807 23700 24467 I art     : Starting a blocking GC Explicit
08-06 17:22:15.855 23700 24467 I art     : Explicit concurrent mark sweep GC freed 1347(78KB) AllocSpace objects, 1(20KB) LOS objects, 22% free, 53MB/69MB, paused 1.265ms total 47.201ms
08-06 17:22:15.877 23700 24467 I art     : Starting a blocking GC Explicit
08-06 17:22:15.920 23700 24467 I art     : Explicit concurrent mark sweep GC freed 20(704B) AllocSpace objects, 0(0B) LOS objects, 22% free, 53MB/69MB, paused 1.237ms total 42.725ms
08-06 17:22:15.938 23700 24467 I art     : Starting a blocking GC Explicit
08-06 17:22:15.977 23700 24467 I art     : Explicit concurrent mark sweep GC freed 3(96B) AllocSpace objects, 0(0B) LOS objects, 22% free, 53MB/69MB, paused 1.084ms total 39.293ms
08-06 17:22:15.995 23700 24467 I art     : Starting a blocking GC Explicit
08-06 17:22:16.034 23700 24467 I art     : Explicit concurrent mark sweep GC freed 3(96B) AllocSpace objects, 0(0B) LOS objects, 22% free, 53MB/69MB, paused 1.130ms total 39.136ms
08-06 17:22:16.052 23700 24467 I art     : Starting a blocking GC Explicit
08-06 17:22:16.092 23700 24467 I art     : Explicit concurrent mark sweep GC freed 3(96B) AllocSpace objects, 0(0B) LOS objects, 22% free, 53MB/69MB, paused 1.042ms total 39.478ms
08-06 17:22:16.430 23700 23712 I art     : Starting a blocking GC Explicit
08-06 17:22:16.490 23700 23712 I art     : Explicit concurrent mark sweep GC freed 1360(79KB) AllocSpace objects, 1(20KB) LOS objects, 22% free, 53MB/69MB, paused 2.302ms total 58.875ms
08-06 17:22:16.507 23700 23712 I art     : Starting a blocking GC Explicit
08-06 17:22:16.548 23700 23712 I art     : Explicit concurrent mark sweep GC freed 34(1136B) AllocSpace objects, 0(0B) LOS objects, 22% free, 53MB/69MB, paused 1.159ms total 39.761ms
08-06 17:22:16.548 23700 23711 I art     : WaitForGcToComplete blocked for 37.775ms for cause HeapTrim
08-06 17:22:16.565 23700 23712 I art     : Starting a blocking GC Explicit
08-06 17:22:16.606 23700 23712 I art     : Explicit concurrent mark sweep GC freed 3(96B) AllocSpace objects, 0(0B) LOS objects, 22% free, 53MB/69MB, paused 1.227ms total 39.975ms
08-06 17:22:16.623 23700 23712 I art     : Starting a blocking GC Explicit
08-06 17:22:16.663 23700 23712 I art     : Explicit concurrent mark sweep GC freed 3(96B) AllocSpace objects, 0(0B) LOS objects, 22% free, 53MB/69MB, paused 1.093ms total 39.677ms
08-06 17:22:16.681 23700 23712 I art     : Starting a blocking GC Explicit
08-06 17:22:16.722 23700 23712 I art     : Explicit concurrent mark sweep GC freed 3(96B) AllocSpace objects, 0(0B) LOS objects, 22% free, 53MB/69MB, paused 1.058ms total 40.097ms
08-06 17:22:17.068 23700 23713 I art     : Starting a blocking GC Explicit
08-06 17:22:17.107 23700 23713 I art     : Explicit concurrent mark sweep GC freed 1347(78KB) AllocSpace objects, 1(20KB) LOS objects, 22% free, 53MB/69MB, paused 1.056ms total 38.150ms
08-06 17:22:17.124 23700 23713 I art     : Starting a blocking GC Explicit
08-06 17:22:17.162 23700 23713 I art     : Explicit concurrent mark sweep GC freed 20(704B) AllocSpace objects, 0(0B) LOS objects, 22% free, 53MB/69MB, paused 1.054ms total 38.108ms
08-06 17:22:17.179 23700 23713 I art     : Starting a blocking GC Explicit
08-06 17:22:17.215 23700 23713 I art     : Explicit concurrent mark sweep GC freed 3(96B) AllocSpace objects, 0(0B) LOS objects, 22% free, 53MB/69MB, paused 1.088ms total 35.105ms
08-06 17:22:17.231 23700 23713 I art     : Starting a blocking GC Explicit
08-06 17:22:17.268 23700 23713 I art     : Explicit concurrent mark sweep GC freed 3(96B) AllocSpace objects, 0(0B) LOS objects, 22% free, 53MB/69MB, paused 1.255ms total 37.048ms
08-06 17:22:17.285 23700 23713 I art     : Starting a blocking GC Explicit
08-06 17:22:17.323 23700 23713 I art     : Explicit concurrent mark sweep GC freed 3(96B) AllocSpace objects, 0(0B) LOS objects, 22% free, 53MB/69MB, paused 1.078ms total 37.755ms
08-06 17:22:17.409   518   646 I ThermalEngine: ACTION: GPU - Setting GPU[0] to 450000000
08-06 17:22:17.525 27052 27052 D AndroidRuntime: >>>>>> START com.android.internal.os.RuntimeInit uid 2000 <<<<<<
08-06 17:22:17.531 27052 27052 D AndroidRuntime: CheckJNI is OFF
08-06 17:22:17.571 27052 27052 D ICU     : No timezone override file found: /data/misc/zoneinfo/current/icu/icu_tzdata.dat
08-06 17:22:17.614 27052 27052 I Radio-JNI: register_android_hardware_Radio DONE
08-06 17:22:17.630 23700 23736 I art     : Starting a blocking GC Explicit
08-06 17:22:17.643 27052 27052 D AndroidRuntime: Calling main entry com.android.commands.input.Input
08-06 17:22:17.645 27052 27052 I Input   : injectKeyEvent: KeyEvent { action=ACTION_DOWN, keyCode=KEYCODE_BACK, scanCode=0, metaState=0, flags=0x0, repeatCount=0, eventTime=897754058, downTime=897754058, deviceId=-1, source=0x101 }
08-06 17:22:17.650 27052 27052 I Input   : injectKeyEvent: KeyEvent { action=ACTION_UP, keyCode=KEYCODE_BACK, scanCode=0, metaState=0, flags=0x0, repeatCount=0, eventTime=897754058, downTime=897754058, deviceId=-1, source=0x101 }
08-06 17:22:17.656 27052 27052 D AndroidRuntime: Shutting down VM
08-06 17:22:17.660 23700 23736 I art     : Explicit concurrent mark sweep GC freed 1364(79KB) AllocSpace objects, 1(20KB) LOS objects, 22% free, 53MB/69MB, paused 787us total 30.632ms
08-06 17:22:17.672 23700 23736 I art     : Starting a blocking GC Explicit
08-06 17:22:17.689 13866 13866 I GoogleInputMethodServic: GoogleInputMethodService.onFinishInput():3138 
08-06 17:22:17.689 13866 13866 I GoogleInputMethodServic: GoogleInputMethodService.onStartInput():1808 
08-06 17:22:17.702 23700 23736 I art     : Explicit concurrent mark sweep GC freed 151(6KB) AllocSpace objects, 0(0B) LOS objects, 22% free, 53MB/69MB, paused 731us total 29.307ms
08-06 17:22:17.713 23700 23736 I art     : Starting a blocking GC Explicit
08-06 17:22:17.741 23700 23736 I art     : Explicit concurrent mark sweep GC freed 39(1280B) AllocSpace objects, 0(0B) LOS objects, 22% free, 53MB/69MB, paused 685us total 28.345ms
08-06 17:22:17.753 23700 23736 I art     : Starting a blocking GC Explicit
08-06 17:22:17.779 23700 23736 I art     : Explicit concurrent mark sweep GC freed 6(224B) AllocSpace objects, 0(0B) LOS objects, 22% free, 53MB/69MB, paused 651us total 26.335ms
08-06 17:22:17.790 23700 23736 I art     : Starting a blocking GC Explicit
08-06 17:22:17.818 23700 23736 I art     : Explicit concurrent mark sweep GC freed 3(96B) AllocSpace objects, 0(0B) LOS objects, 22% free, 53MB/69MB, paused 671us total 27.234ms
08-06 17:22:17.996   380   380 W SurfaceFlinger: couldn't log to binary event log: overflow.
08-06 17:22:18.107 23700 25454 I art     : Starting a blocking GC Explicit
08-06 17:22:18.138 23700 25454 I art     : Explicit concurrent mark sweep GC freed 1457(87KB) AllocSpace objects, 1(20KB) LOS objects, 22% free, 53MB/69MB, paused 775us total 31.448ms
08-06 17:22:18.150 23700 25454 I art     : Starting a blocking GC Explicit
08-06 17:22:18.185 23700 25454 I art     : Explicit concurrent mark sweep GC freed 1670(108KB) AllocSpace objects, 3(180KB) LOS objects, 22% free, 53MB/69MB, paused 706us total 34.210ms
08-06 17:22:18.196 23700 25454 I art     : Starting a blocking GC Explicit
08-06 17:22:18.227 23700 25454 I art     : Explicit concurrent mark sweep GC freed 3(96B) AllocSpace objects, 0(0B) LOS objects, 22% free, 53MB/69MB, paused 784us total 30.800ms
08-06 17:22:18.239 23700 25454 I art     : Starting a blocking GC Explicit
08-06 17:22:18.270 23700 25454 I art     : Explicit concurrent mark sweep GC freed 3(96B) AllocSpace objects, 0(0B) LOS objects, 22% free, 53MB/69MB, paused 698us total 30.892ms
08-06 17:22:18.282 23700 25454 I art     : Starting a blocking GC Explicit
08-06 17:22:18.313 23700 25454 I art     : Explicit concurrent mark sweep GC freed 3(96B) AllocSpace objects, 0(0B) LOS objects, 22% free, 53MB/69MB, paused 703us total 30.693ms
08-06 17:22:18.628 23700 23712 I art     : Starting a blocking GC Explicit
08-06 17:22:18.668 23700 23712 I art     : Explicit concurrent mark sweep GC freed 1347(78KB) AllocSpace objects, 1(20KB) LOS objects, 22% free, 53MB/69MB, paused 752us total 40.175ms
08-06 17:22:18.683 23700 23712 I art     : Starting a blocking GC Explicit
08-06 17:22:18.714 23700 23712 I art     : Explicit concurrent mark sweep GC freed 20(704B) AllocSpace objects, 0(0B) LOS objects, 22% free, 53MB/69MB, paused 703us total 31.063ms
08-06 17:22:18.726 23700 23712 I art     : Starting a blocking GC Explicit
08-06 17:22:18.757 23700 23712 I art     : Explicit concurrent mark sweep GC freed 3(96B) AllocSpace objects, 0(0B) LOS objects, 22% free, 53MB/69MB, paused 843us total 30.725ms
08-06 17:22:18.769 23700 23712 I art     : Starting a blocking GC Explicit
08-06 17:22:18.800 23700 23712 I art     : Explicit concurrent mark sweep GC freed 3(96B) AllocSpace objects, 0(0B) LOS objects, 22% free, 53MB/69MB, paused 689us total 30.561ms
08-06 17:22:18.812 23700 23712 I art     : Starting a blocking GC Explicit
08-06 17:22:18.843 23700 23712 I art     : Explicit concurrent mark sweep GC freed 3(96B) AllocSpace objects, 0(0B) LOS objects, 22% free, 53MB/69MB, paused 698us total 30.995ms
08-06 17:22:19.141 23700 23713 I art     : Starting a blocking GC Explicit
08-06 17:22:19.177 23700 23713 I art     : Explicit concurrent mark sweep GC freed 1347(78KB) AllocSpace objects, 1(20KB) LOS objects, 22% free, 53MB/69MB, paused 736us total 35.644ms
08-06 17:22:19.193 23700 23713 I art     : Starting a blocking GC Explicit
08-06 17:22:19.223 23700 23713 I art     : Explicit concurrent mark sweep GC freed 20(704B) AllocSpace objects, 0(0B) LOS objects, 22% free, 53MB/69MB, paused 707us total 29.404ms
08-06 17:22:19.234 23700 23713 I art     : Starting a blocking GC Explicit
08-06 17:22:19.264 23700 23713 I art     : Explicit concurrent mark sweep GC freed 3(96B) AllocSpace objects, 0(0B) LOS objects, 22% free, 53MB/69MB, paused 690us total 29.218ms
08-06 17:22:19.275 23700 23713 I art     : Starting a blocking GC Explicit
08-06 17:22:19.308 23700 23713 I art     : Explicit concurrent mark sweep GC freed 3(96B) AllocSpace objects, 0(0B) LOS objects, 22% free, 53MB/69MB, paused 793us total 31.969ms
08-06 17:22:19.319 23700 23713 I art     : Starting a blocking GC Explicit
08-06 17:22:19.351 23700 23713 I art     : Explicit concurrent mark sweep GC freed 3(96B) AllocSpace objects, 0(0B) LOS objects, 22% free, 53MB/69MB, paused 723us total 31.308ms
08-06 17:22:19.454 27103 27103 D AndroidRuntime: >>>>>> START com.android.internal.os.RuntimeInit uid 2000 <<<<<<
08-06 17:22:19.461 27103 27103 D AndroidRuntime: CheckJNI is OFF
08-06 17:22:19.506 27103 27103 D ICU     : No timezone override file found: /data/misc/zoneinfo/current/icu/icu_tzdata.dat
08-06 17:22:19.548 27103 27103 I Radio-JNI: register_android_hardware_Radio DONE
08-06 17:22:19.576 27103 27103 D AndroidRuntime: Calling main entry com.android.commands.input.Input
08-06 17:22:19.578 27103 27103 I Input   : injectMotionEvent: MotionEvent { action=ACTION_DOWN, actionButton=0, id[0]=0, x[0]=255.0, y[0]=1845.0, toolType[0]=TOOL_TYPE_UNKNOWN, buttonState=0, metaState=0, flags=0x0, edgeFlags=0x0, pointerCount=1, historySize=0, eventTime=897755991, downTime=897755991, deviceId=0, source=0x1002 }
08-06 17:22:19.584 27103 27103 I Input   : injectMotionEvent: MotionEvent { action=ACTION_UP, actionButton=0, id[0]=0, x[0]=255.0, y[0]=1845.0, toolType[0]=TOOL_TYPE_UNKNOWN, buttonState=0, metaState=0, flags=0x0, edgeFlags=0x0, pointerCount=1, historySize=0, eventTime=897755991, downTime=897755991, deviceId=0, source=0x1002 }
08-06 17:22:19.585   918  4413 I ActivityManager: START u0 {cmp=baseline.appteam.nith.hillffair/.activities.ClubActivity (has extras)} from uid 10697 on display 0
08-06 17:22:19.598 27103 27103 D AndroidRuntime: Shutting down VM
08-06 17:22:19.680 23700 23736 I art     : Starting a blocking GC Explicit
08-06 17:22:19.701 23700 23700 I NAPPA_EXPERIMENTATION: MetricNetworkRequestExecutionTime: REQUEST_DURATION_SYSTEM='64',REQUEST_DURATION_OKHTTP='32',REQUEST_SYNCHRONOUS='FALSE',RESPONSE_CODE='200',RESPONSE_METHOD='GET',RESPONSE_LENGTH_OKHTTP='1171',RESPONSE_LENGTH_HEADER='-2',REQUEST_PROTOCOL='http/1.1',REQUEST_URL='https://api-hillfair-2k16.herokuapp.com/api/app/club/Technical%20Committee',
08-06 17:22:19.707   918   936 I ActivityManager: Displayed baseline.appteam.nith.hillffair/.activities.ClubActivity: +109ms
08-06 17:22:19.708 13866 13866 I GoogleInputMethodServic: GoogleInputMethodService.onFinishInput():3138 
08-06 17:22:19.709 13866 13866 I GoogleInputMethodServic: GoogleInputMethodService.onStartInput():1808 
08-06 17:22:19.712 23700 23736 I art     : Explicit concurrent mark sweep GC freed 5689(412KB) AllocSpace objects, 1(20KB) LOS objects, 22% free, 53MB/69MB, paused 1.100ms total 31.530ms
08-06 17:22:19.724 23700 23736 I art     : Starting a blocking GC Explicit
08-06 17:22:19.752 23700 23736 I art     : Explicit concurrent mark sweep GC freed 343(16KB) AllocSpace objects, 0(0B) LOS objects, 22% free, 53MB/69MB, paused 649us total 27.649ms
08-06 17:22:19.763 23700 23736 I art     : Starting a blocking GC Explicit
08-06 17:22:19.790 23700 23736 I art     : Explicit concurrent mark sweep GC freed 10(336B) AllocSpace objects, 0(0B) LOS objects, 22% free, 53MB/69MB, paused 653us total 26.771ms
08-06 17:22:19.801 23700 23736 I art     : Starting a blocking GC Explicit
08-06 17:22:19.828 23700 23736 I art     : Explicit concurrent mark sweep GC freed 3(96B) AllocSpace objects, 0(0B) LOS objects, 22% free, 53MB/69MB, paused 671us total 26.949ms
08-06 17:22:19.839 23700 23736 I art     : Starting a blocking GC Explicit
08-06 17:22:19.866 23700 23736 I art     : Explicit concurrent mark sweep GC freed 3(96B) AllocSpace objects, 0(0B) LOS objects, 22% free, 53MB/69MB, paused 644us total 26.675ms
08-06 17:22:19.948   380   380 W SurfaceFlinger: couldn't log to binary event log: overflow.
08-06 17:22:20.143 23700 24467 I art     : Starting a blocking GC Explicit
08-06 17:22:20.174 23700 24467 I art     : Explicit concurrent mark sweep GC freed 1447(84KB) AllocSpace objects, 1(20KB) LOS objects, 22% free, 53MB/69MB, paused 726us total 30.409ms
08-06 17:22:20.185 23700 24467 I art     : Starting a blocking GC Explicit
08-06 17:22:20.215 23700 24467 I art     : Explicit concurrent mark sweep GC freed 36(1264B) AllocSpace objects, 0(0B) LOS objects, 22% free, 53MB/69MB, paused 717us total 29.486ms
08-06 17:22:20.227 23700 24467 I art     : Starting a blocking GC Explicit
08-06 17:22:20.258 23700 24467 I art     : Explicit concurrent mark sweep GC freed 3(96B) AllocSpace objects, 0(0B) LOS objects, 22% free, 53MB/69MB, paused 775us total 30.347ms
08-06 17:22:20.270 23700 24467 I art     : Starting a blocking GC Explicit
08-06 17:22:20.301 23700 24467 I art     : Explicit concurrent mark sweep GC freed 3(96B) AllocSpace objects, 0(0B) LOS objects, 22% free, 53MB/69MB, paused 719us total 31.345ms
08-06 17:22:20.313 23700 24467 I art     : Starting a blocking GC Explicit
08-06 17:22:20.345 23700 24467 I art     : Explicit concurrent mark sweep GC freed 3(96B) AllocSpace objects, 0(0B) LOS objects, 22% free, 53MB/69MB, paused 729us total 31.555ms
08-06 17:22:20.417   518   646 I ThermalEngine: ACTION: GPU - Setting GPU[0] to 390000000
08-06 17:22:20.660 23700 25454 I art     : Starting a blocking GC Explicit
08-06 17:22:20.715 23700 25454 I art     : Explicit concurrent mark sweep GC freed 1347(78KB) AllocSpace objects, 1(20KB) LOS objects, 22% free, 53MB/69MB, paused 1.515ms total 54.843ms
08-06 17:22:20.738 23700 25454 I art     : Starting a blocking GC Explicit
08-06 17:22:20.777 23700 25454 I art     : Explicit concurrent mark sweep GC freed 20(704B) AllocSpace objects, 0(0B) LOS objects, 22% free, 53MB/69MB, paused 1.006ms total 38.868ms
08-06 17:22:20.794 23700 25454 I art     : Starting a blocking GC Explicit
08-06 17:22:20.834 23700 25454 I art     : Explicit concurrent mark sweep GC freed 3(96B) AllocSpace objects, 0(0B) LOS objects, 22% free, 53MB/69MB, paused 1.021ms total 39.750ms
08-06 17:22:20.852 23700 25454 I art     : Starting a blocking GC Explicit
08-06 17:22:20.892 23700 25454 I art     : Explicit concurrent mark sweep GC freed 3(96B) AllocSpace objects, 0(0B) LOS objects, 22% free, 53MB/69MB, paused 1.308ms total 39.718ms
08-06 17:22:20.910 23700 25454 I art     : Starting a blocking GC Explicit
08-06 17:22:20.950 23700 25454 I art     : Explicit concurrent mark sweep GC freed 3(96B) AllocSpace objects, 0(0B) LOS objects, 22% free, 53MB/69MB, paused 1.450ms total 39.917ms
08-06 17:22:21.293 23700 23736 I art     : Starting a blocking GC Explicit
08-06 17:22:21.337 23700 23736 I art     : Explicit concurrent mark sweep GC freed 1347(78KB) AllocSpace objects, 1(20KB) LOS objects, 22% free, 53MB/69MB, paused 1.004ms total 42.509ms
08-06 17:22:21.354 23700 23736 I art     : Starting a blocking GC Explicit
08-06 17:22:21.394 23700 23736 I art     : Explicit concurrent mark sweep GC freed 20(704B) AllocSpace objects, 0(0B) LOS objects, 22% free, 53MB/69MB, paused 1.297ms total 39.717ms
08-06 17:22:21.416 23700 23736 I art     : Starting a blocking GC Explicit
08-06 17:22:21.461 23700 23736 I art     : Explicit concurrent mark sweep GC freed 3(96B) AllocSpace objects, 0(0B) LOS objects, 22% free, 53MB/69MB, paused 1.059ms total 45.137ms
08-06 17:22:21.479 23700 23736 I art     : Starting a blocking GC Explicit
08-06 17:22:21.519 23700 23736 I art     : Explicit concurrent mark sweep GC freed 3(96B) AllocSpace objects, 0(0B) LOS objects, 22% free, 53MB/69MB, paused 1.185ms total 39.458ms
08-06 17:22:21.537 23700 23736 I art     : Starting a blocking GC Explicit
08-06 17:22:21.577 23700 23736 I art     : Explicit concurrent mark sweep GC freed 3(96B) AllocSpace objects, 0(0B) LOS objects, 22% free, 53MB/69MB, paused 1.111ms total 39.973ms
08-06 17:22:21.934 23700 23712 I art     : Starting a blocking GC Explicit
08-06 17:22:21.992 23700 23712 I art     : Explicit concurrent mark sweep GC freed 1347(78KB) AllocSpace objects, 1(20KB) LOS objects, 22% free, 53MB/69MB, paused 1.854ms total 58.031ms
08-06 17:22:22.011 23700 23712 I art     : Starting a blocking GC Explicit
08-06 17:22:22.051 23700 23712 I art     : Explicit concurrent mark sweep GC freed 20(720B) AllocSpace objects, 0(0B) LOS objects, 22% free, 53MB/69MB, paused 1.036ms total 39.779ms
08-06 17:22:22.069 23700 23712 I art     : Starting a blocking GC Explicit
08-06 17:22:22.110 23700 23712 I art     : Explicit concurrent mark sweep GC freed 3(96B) AllocSpace objects, 0(0B) LOS objects, 22% free, 53MB/69MB, paused 1.312ms total 40.263ms
08-06 17:22:22.127 23700 23712 I art     : Starting a blocking GC Explicit
08-06 17:22:22.167 23700 23712 I art     : Explicit concurrent mark sweep GC freed 3(96B) AllocSpace objects, 0(0B) LOS objects, 22% free, 53MB/69MB, paused 1ms total 39.088ms
08-06 17:22:22.188 23700 23712 I art     : Starting a blocking GC Explicit
08-06 17:22:22.232 23700 23712 I art     : Explicit concurrent mark sweep GC freed 3(96B) AllocSpace objects, 0(0B) LOS objects, 22% free, 53MB/69MB, paused 1.111ms total 42.784ms
08-06 17:22:22.577 23700 23713 I art     : Starting a blocking GC Explicit
08-06 17:22:22.626 23700 23713 I art     : Explicit concurrent mark sweep GC freed 1347(78KB) AllocSpace objects, 1(20KB) LOS objects, 22% free, 53MB/69MB, paused 1.138ms total 47.573ms
08-06 17:22:22.647 23700 23713 I art     : Starting a blocking GC Explicit
08-06 17:22:22.691 23700 23713 I art     : Explicit concurrent mark sweep GC freed 20(704B) AllocSpace objects, 0(0B) LOS objects, 22% free, 53MB/69MB, paused 1.027ms total 43.729ms
08-06 17:22:22.709 23700 23713 I art     : Starting a blocking GC Explicit
08-06 17:22:22.749 23700 23713 I art     : Explicit concurrent mark sweep GC freed 3(96B) AllocSpace objects, 0(0B) LOS objects, 22% free, 53MB/69MB, paused 1.167ms total 39.872ms
08-06 17:22:22.767 23700 23713 I art     : Starting a blocking GC Explicit
08-06 17:22:22.806 23700 23713 I art     : Explicit concurrent mark sweep GC freed 3(96B) AllocSpace objects, 0(0B) LOS objects, 22% free, 53MB/69MB, paused 995us total 38.822ms
08-06 17:22:22.824 23700 23713 I art     : Starting a blocking GC Explicit
08-06 17:22:22.866 23700 23713 I art     : Explicit concurrent mark sweep GC freed 3(96B) AllocSpace objects, 0(0B) LOS objects, 22% free, 53MB/69MB, paused 1.162ms total 41.393ms
08-06 17:22:23.195   918  3188 I hubconnection: sensorhub said: 'set_bias 3: -5.7600, 0.0000, 0.0000'
08-06 17:22:23.213 23700 24467 I art     : Starting a blocking GC Explicit
08-06 17:22:23.267 23700 24467 I art     : Explicit concurrent mark sweep GC freed 1347(78KB) AllocSpace objects, 1(20KB) LOS objects, 22% free, 53MB/69MB, paused 1.568ms total 53.562ms
08-06 17:22:23.285 23700 24467 I art     : Starting a blocking GC Explicit
08-06 17:22:23.324 23700 24467 I art     : Explicit concurrent mark sweep GC freed 20(704B) AllocSpace objects, 0(0B) LOS objects, 22% free, 53MB/69MB, paused 1.041ms total 39.492ms
08-06 17:22:23.342 23700 24467 I art     : Starting a blocking GC Explicit
08-06 17:22:23.382 23700 24467 I art     : Explicit concurrent mark sweep GC freed 3(96B) AllocSpace objects, 0(0B) LOS objects, 22% free, 53MB/69MB, paused 1.091ms total 39.131ms
08-06 17:22:23.399 23700 24467 I art     : Starting a blocking GC Explicit
08-06 17:22:23.420   518   646 I ThermalEngine: ACTION: GPU - Setting GPU[0] to 450000000
08-06 17:22:23.436 23700 24467 I art     : Explicit concurrent mark sweep GC freed 3(96B) AllocSpace objects, 0(0B) LOS objects, 22% free, 53MB/69MB, paused 684us total 36.135ms
08-06 17:22:23.447 23700 24467 I art     : Starting a blocking GC Explicit
08-06 17:22:23.479 23700 24467 I art     : Explicit concurrent mark sweep GC freed 3(96B) AllocSpace objects, 0(0B) LOS objects, 22% free, 53MB/69MB, paused 672us total 31.378ms
08-06 17:22:23.819 23700 25454 I art     : Starting a blocking GC Explicit
08-06 17:22:23.858 23700 25454 I art     : Explicit concurrent mark sweep GC freed 1347(78KB) AllocSpace objects, 1(20KB) LOS objects, 22% free, 53MB/69MB, paused 897us total 38.843ms
08-06 17:22:23.871 23700 25454 I art     : Starting a blocking GC Explicit
08-06 17:22:23.902 23700 25454 I art     : Explicit concurrent mark sweep GC freed 20(704B) AllocSpace objects, 0(0B) LOS objects, 22% free, 53MB/69MB, paused 663us total 31.126ms
08-06 17:22:23.913 23700 25454 I art     : Starting a blocking GC Explicit
08-06 17:22:23.943 23700 25454 I art     : Explicit concurrent mark sweep GC freed 3(96B) AllocSpace objects, 0(0B) LOS objects, 22% free, 53MB/69MB, paused 729us total 29.816ms
08-06 17:22:23.955 23700 25454 I art     : Starting a blocking GC Explicit
08-06 17:22:23.985 23700 25454 I art     : Explicit concurrent mark sweep GC freed 3(96B) AllocSpace objects, 0(0B) LOS objects, 22% free, 53MB/69MB, paused 727us total 29.481ms
08-06 17:22:23.996 23700 25454 I art     : Starting a blocking GC Explicit
08-06 17:22:24.029 23700 25454 I art     : Explicit concurrent mark sweep GC freed 3(96B) AllocSpace objects, 0(0B) LOS objects, 22% free, 53MB/69MB, paused 747us total 32.104ms
08-06 17:22:24.352 23700 23736 I art     : Starting a blocking GC Explicit
08-06 17:22:24.389 23700 23736 I art     : Explicit concurrent mark sweep GC freed 1347(78KB) AllocSpace objects, 1(20KB) LOS objects, 22% free, 53MB/69MB, paused 850us total 37.051ms
08-06 17:22:24.405 23700 23736 I art     : Starting a blocking GC Explicit
08-06 17:22:24.409 27207 27207 D AndroidRuntime: >>>>>> START com.android.internal.os.RuntimeInit uid 2000 <<<<<<
08-06 17:22:24.415 27207 27207 D AndroidRuntime: CheckJNI is OFF
08-06 17:22:24.417   918  3261 D WifiStateMachine: starting scan for "H369AA63323"WPA_PSK with 2412,5180
08-06 17:22:24.436 23700 23736 I art     : Explicit concurrent mark sweep GC freed 20(704B) AllocSpace objects, 0(0B) LOS objects, 22% free, 53MB/69MB, paused 701us total 30.418ms
08-06 17:22:24.447 23700 23736 I art     : Starting a blocking GC Explicit
08-06 17:22:24.461 27207 27207 D ICU     : No timezone override file found: /data/misc/zoneinfo/current/icu/icu_tzdata.dat
08-06 17:22:24.479 23700 23736 I art     : Explicit concurrent mark sweep GC freed 3(96B) AllocSpace objects, 0(0B) LOS objects, 22% free, 53MB/69MB, paused 783us total 31.344ms
08-06 17:22:24.490 23700 23736 I art     : Starting a blocking GC Explicit
08-06 17:22:24.505 27207 27207 I Radio-JNI: register_android_hardware_Radio DONE
08-06 17:22:24.522 23700 23736 I art     : Explicit concurrent mark sweep GC freed 3(96B) AllocSpace objects, 0(0B) LOS objects, 22% free, 53MB/69MB, paused 756us total 31.103ms
08-06 17:22:24.533 23700 23736 I art     : Starting a blocking GC Explicit
08-06 17:22:24.535 27207 27207 D AndroidRuntime: Calling main entry com.android.commands.input.Input
08-06 17:22:24.537 27207 27207 I Input   : injectKeyEvent: KeyEvent { action=ACTION_DOWN, keyCode=KEYCODE_BACK, scanCode=0, metaState=0, flags=0x0, repeatCount=0, eventTime=897760950, downTime=897760950, deviceId=-1, source=0x101 }
08-06 17:22:24.543 27207 27207 I Input   : injectKeyEvent: KeyEvent { action=ACTION_UP, keyCode=KEYCODE_BACK, scanCode=0, metaState=0, flags=0x0, repeatCount=0, eventTime=897760950, downTime=897760950, deviceId=-1, source=0x101 }
08-06 17:22:24.548 27207 27207 D AndroidRuntime: Shutting down VM
08-06 17:22:24.563 23700 23736 I art     : Explicit concurrent mark sweep GC freed 134(5KB) AllocSpace objects, 0(0B) LOS objects, 22% free, 53MB/69MB, paused 758us total 29.359ms
08-06 17:22:24.592 13866 13866 I GoogleInputMethodServic: GoogleInputMethodService.onFinishInput():3138 
08-06 17:22:24.593 13866 13866 I GoogleInputMethodServic: GoogleInputMethodService.onStartInput():1808 
08-06 17:22:24.870 23700 23712 I art     : Starting a blocking GC Explicit
08-06 17:22:24.903   380   380 W SurfaceFlinger: couldn't log to binary event log: overflow.
08-06 17:22:24.903 23700 23712 I art     : Explicit concurrent mark sweep GC freed 1398(80KB) AllocSpace objects, 1(20KB) LOS objects, 22% free, 53MB/69MB, paused 714us total 32.719ms
08-06 17:22:24.915 23700 23712 I art     : Starting a blocking GC Explicit
08-06 17:22:24.944 23700 23712 I art     : Explicit concurrent mark sweep GC freed 135(9KB) AllocSpace objects, 0(0B) LOS objects, 22% free, 53MB/69MB, paused 700us total 27.864ms
08-06 17:22:24.955 23700 23712 I art     : Starting a blocking GC Explicit
08-06 17:22:24.983 23700 23712 I art     : Explicit concurrent mark sweep GC freed 1654(108KB) AllocSpace objects, 3(180KB) LOS objects, 22% free, 53MB/69MB, paused 694us total 28.283ms
08-06 17:22:24.994 23700 23712 I art     : Starting a blocking GC Explicit
08-06 17:22:25.024 23700 23712 I art     : Explicit concurrent mark sweep GC freed 3(96B) AllocSpace objects, 0(0B) LOS objects, 22% free, 53MB/69MB, paused 715us total 29.468ms
08-06 17:22:25.035 23700 23712 I art     : Starting a blocking GC Explicit
08-06 17:22:25.066 23700 23712 I art     : Explicit concurrent mark sweep GC freed 3(96B) AllocSpace objects, 0(0B) LOS objects, 22% free, 53MB/69MB, paused 710us total 30.695ms
08-06 17:22:25.378 23700 23713 I art     : Starting a blocking GC Explicit
08-06 17:22:25.422 23700 23713 I art     : Explicit concurrent mark sweep GC freed 1347(78KB) AllocSpace objects, 1(20KB) LOS objects, 22% free, 53MB/69MB, paused 821us total 43.717ms
08-06 17:22:25.438 23700 23713 I art     : Starting a blocking GC Explicit
08-06 17:22:25.469 23700 23713 I art     : Explicit concurrent mark sweep GC freed 20(704B) AllocSpace objects, 0(0B) LOS objects, 22% free, 53MB/69MB, paused 682us total 30.563ms
08-06 17:22:25.481 23700 23713 I art     : Starting a blocking GC Explicit
08-06 17:22:25.512 23700 23713 I art     : Explicit concurrent mark sweep GC freed 3(96B) AllocSpace objects, 0(0B) LOS objects, 22% free, 53MB/69MB, paused 789us total 31.010ms
08-06 17:22:25.524 23700 23713 I art     : Starting a blocking GC Explicit
08-06 17:22:25.555 23700 23713 I art     : Explicit concurrent mark sweep GC freed 3(96B) AllocSpace objects, 0(0B) LOS objects, 22% free, 53MB/69MB, paused 723us total 30.644ms
08-06 17:22:25.567 23700 23713 I art     : Starting a blocking GC Explicit
08-06 17:22:25.598 23700 23713 I art     : Explicit concurrent mark sweep GC freed 3(96B) AllocSpace objects, 0(0B) LOS objects, 22% free, 53MB/69MB, paused 886us total 30.428ms
08-06 17:22:25.749 19219 19372 E GoogleConversionReporter: Error sending ping
08-06 17:22:25.749 19219 19372 E GoogleConversionReporter: bljc: Exception in CronetUrlRequest: net::ERR_CONNECTION_CLOSED, ErrorCode=5, InternalErrorCode=-100, Retryable=true
08-06 17:22:25.749 19219 19372 E GoogleConversionReporter: 	at org.chromium.net.impl.CronetUrlRequest.onError(PG:55)
08-06 17:22:25.803 25638 25638 I ServiceManager: Waiting for service AtCmdFwd...
08-06 17:22:25.911 23700 25454 I art     : Starting a blocking GC Explicit
08-06 17:22:25.947 23700 25454 I art     : Explicit concurrent mark sweep GC freed 1347(78KB) AllocSpace objects, 1(20KB) LOS objects, 22% free, 53MB/69MB, paused 784us total 35.685ms
08-06 17:22:25.961 23700 25454 I art     : Starting a blocking GC Explicit
08-06 17:22:25.992 23700 25454 I art     : Explicit concurrent mark sweep GC freed 20(704B) AllocSpace objects, 0(0B) LOS objects, 22% free, 53MB/69MB, paused 722us total 30.306ms
08-06 17:22:26.003 23700 25454 I art     : Starting a blocking GC Explicit
08-06 17:22:26.033 23700 25454 I art     : Explicit concurrent mark sweep GC freed 3(96B) AllocSpace objects, 0(0B) LOS objects, 22% free, 53MB/69MB, paused 730us total 29.050ms
08-06 17:22:26.045 23700 25454 I art     : Starting a blocking GC Explicit
08-06 17:22:26.074 23700 25454 I art     : Explicit concurrent mark sweep GC freed 3(96B) AllocSpace objects, 0(0B) LOS objects, 22% free, 53MB/69MB, paused 701us total 28.916ms
08-06 17:22:26.085 23700 25454 I art     : Starting a blocking GC Explicit
08-06 17:22:26.114 23700 25454 I art     : Explicit concurrent mark sweep GC freed 3(96B) AllocSpace objects, 0(0B) LOS objects, 22% free, 53MB/69MB, paused 686us total 29.167ms
08-06 17:22:26.332 27254 27254 D AndroidRuntime: >>>>>> START com.android.internal.os.RuntimeInit uid 2000 <<<<<<
08-06 17:22:26.338 27254 27254 D AndroidRuntime: CheckJNI is OFF
08-06 17:22:26.382 27254 27254 D ICU     : No timezone override file found: /data/misc/zoneinfo/current/icu/icu_tzdata.dat
08-06 17:22:26.424 27254 27254 I Radio-JNI: register_android_hardware_Radio DONE
08-06 17:22:26.429 23700 23736 I art     : Starting a blocking GC Explicit
08-06 17:22:26.454 27254 27254 D AndroidRuntime: Calling main entry com.android.commands.input.Input
08-06 17:22:26.456 27254 27254 I Input   : injectMotionEvent: MotionEvent { action=ACTION_DOWN, actionButton=0, id[0]=0, x[0]=369.0, y[0]=554.0, toolType[0]=TOOL_TYPE_UNKNOWN, buttonState=0, metaState=0, flags=0x0, edgeFlags=0x0, pointerCount=1, historySize=0, eventTime=897762869, downTime=897762869, deviceId=0, source=0x1002 }
08-06 17:22:26.462 23700 23736 I art     : Explicit concurrent mark sweep GC freed 1347(78KB) AllocSpace objects, 1(20KB) LOS objects, 22% free, 53MB/69MB, paused 765us total 33.025ms
08-06 17:22:26.465 27254 27254 I Input   : injectMotionEvent: MotionEvent { action=ACTION_UP, actionButton=0, id[0]=0, x[0]=369.0, y[0]=554.0, toolType[0]=TOOL_TYPE_UNKNOWN, buttonState=0, metaState=0, flags=0x0, edgeFlags=0x0, pointerCount=1, historySize=0, eventTime=897762869, downTime=897762869, deviceId=0, source=0x1002 }
08-06 17:22:26.467   918  6111 I ActivityManager: START u0 {cmp=baseline.appteam.nith.hillffair/.activities.ClubActivity (has extras)} from uid 10697 on display 0
08-06 17:22:26.473 23700 23736 I art     : Starting a blocking GC Explicit
08-06 17:22:26.475 27254 27254 D AndroidRuntime: Shutting down VM
08-06 17:22:26.504 23700 23736 I art     : Explicit concurrent mark sweep GC freed 347(20KB) AllocSpace objects, 0(0B) LOS objects, 22% free, 53MB/69MB, paused 1.096ms total 30.433ms
08-06 17:22:26.516 23700 23736 I art     : Starting a blocking GC Explicit
08-06 17:22:26.547 23700 23736 I art     : Explicit concurrent mark sweep GC freed 3378(259KB) AllocSpace objects, 0(0B) LOS objects, 22% free, 53MB/69MB, paused 695us total 30.767ms
08-06 17:22:26.558 23700 23736 I art     : Starting a blocking GC Explicit
08-06 17:22:26.577 23700 23700 I NAPPA_EXPERIMENTATION: MetricNetworkRequestExecutionTime: REQUEST_DURATION_SYSTEM='67',REQUEST_DURATION_OKHTTP='30',REQUEST_SYNCHRONOUS='FALSE',RESPONSE_CODE='200',RESPONSE_METHOD='GET',RESPONSE_LENGTH_OKHTTP='979',RESPONSE_LENGTH_HEADER='-2',REQUEST_PROTOCOL='http/1.1',REQUEST_URL='https://api-hillfair-2k16.herokuapp.com/api/app/club/PR%20Club',
08-06 17:22:26.583   918   936 I ActivityManager: Displayed baseline.appteam.nith.hillffair/.activities.ClubActivity: +108ms
08-06 17:22:26.584 13866 13866 I GoogleInputMethodServic: GoogleInputMethodService.onFinishInput():3138 
08-06 17:22:26.584 13866 13866 I GoogleInputMethodServic: GoogleInputMethodService.onStartInput():1808 
08-06 17:22:26.587 23700 23736 I art     : Explicit concurrent mark sweep GC freed 826(58KB) AllocSpace objects, 0(0B) LOS objects, 22% free, 53MB/69MB, paused 799us total 28.784ms
08-06 17:22:26.599 23700 23736 I art     : Starting a blocking GC Explicit
08-06 17:22:26.629 23700 23736 I art     : Explicit concurrent mark sweep GC freed 142(8KB) AllocSpace objects, 0(0B) LOS objects, 22% free, 53MB/69MB, paused 710us total 28.923ms
08-06 17:22:26.804 25638 25638 I ServiceManager: Waiting for service AtCmdFwd...
08-06 17:22:26.848   380   380 W SurfaceFlinger: couldn't log to binary event log: overflow.
08-06 17:22:26.936 23700 24467 I art     : Starting a blocking GC Explicit
08-06 17:22:26.965 23700 24467 I art     : Explicit concurrent mark sweep GC freed 1441(83KB) AllocSpace objects, 1(20KB) LOS objects, 22% free, 53MB/69MB, paused 703us total 28.087ms
08-06 17:22:26.975 23700 24467 I art     : Starting a blocking GC Explicit
08-06 17:22:27.002 23700 24467 I art     : Explicit concurrent mark sweep GC freed 30(1104B) AllocSpace objects, 0(0B) LOS objects, 22% free, 53MB/69MB, paused 677us total 26.032ms
08-06 17:22:27.002 23700 23711 I art     : WaitForGcToComplete blocked for 9.644ms for cause HeapTrim
08-06 17:22:27.012 23700 24467 I art     : Starting a blocking GC Explicit
08-06 17:22:27.039 23700 24467 I art     : Explicit concurrent mark sweep GC freed 19(656B) AllocSpace objects, 0(0B) LOS objects, 22% free, 53MB/69MB, paused 667us total 26.763ms
08-06 17:22:27.050 23700 24467 I art     : Starting a blocking GC Explicit
08-06 17:22:27.078 23700 24467 I art     : Explicit concurrent mark sweep GC freed 3(96B) AllocSpace objects, 0(0B) LOS objects, 22% free, 53MB/69MB, paused 742us total 27.474ms
08-06 17:22:27.088 23700 24467 I art     : Starting a blocking GC Explicit
08-06 17:22:27.117 23700 24467 I art     : Explicit concurrent mark sweep GC freed 3(96B) AllocSpace objects, 0(0B) LOS objects, 22% free, 53MB/69MB, paused 786us total 28.657ms
08-06 17:22:27.419 23700 23736 I art     : Starting a blocking GC Explicit
08-06 17:22:27.431   518   646 I ThermalEngine: ACTION: GPU - Setting GPU[0] to 390000000
08-06 17:22:27.464 23700 23736 I art     : Explicit concurrent mark sweep GC freed 1347(78KB) AllocSpace objects, 1(20KB) LOS objects, 22% free, 53MB/69MB, paused 1.030ms total 44.531ms
08-06 17:22:27.482 23700 23736 I art     : Starting a blocking GC Explicit
08-06 17:22:27.521 23700 23736 I art     : Explicit concurrent mark sweep GC freed 20(704B) AllocSpace objects, 0(0B) LOS objects, 22% free, 53MB/69MB, paused 1.124ms total 38.402ms
08-06 17:22:27.538 23700 23736 I art     : Starting a blocking GC Explicit
08-06 17:22:27.579 23700 23736 I art     : Explicit concurrent mark sweep GC freed 3(96B) AllocSpace objects, 0(0B) LOS objects, 22% free, 53MB/69MB, paused 1.138ms total 39.850ms
08-06 17:22:27.596 23700 23736 I art     : Starting a blocking GC Explicit
08-06 17:22:27.636 23700 23736 I art     : Explicit concurrent mark sweep GC freed 3(96B) AllocSpace objects, 0(0B) LOS objects, 22% free, 53MB/69MB, paused 1.031ms total 39.203ms
08-06 17:22:27.654 23700 23736 I art     : Starting a blocking GC Explicit
08-06 17:22:27.694 23700 23736 I art     : Explicit concurrent mark sweep GC freed 3(96B) AllocSpace objects, 0(0B) LOS objects, 22% free, 53MB/69MB, paused 1.019ms total 39.841ms
08-06 17:22:27.805 25638 25638 I ServiceManager: Waiting for service AtCmdFwd...
08-06 17:22:28.020 23700 25454 I art     : Starting a blocking GC Explicit
08-06 17:22:28.069 23700 25454 I art     : Explicit concurrent mark sweep GC freed 1347(78KB) AllocSpace objects, 1(20KB) LOS objects, 22% free, 53MB/69MB, paused 1.718ms total 48.654ms
08-06 17:22:28.091 23700 25454 I art     : Starting a blocking GC Explicit
08-06 17:22:28.139 23700 25454 I art     : Explicit concurrent mark sweep GC freed 20(704B) AllocSpace objects, 0(0B) LOS objects, 22% free, 53MB/69MB, paused 1.343ms total 47.397ms
08-06 17:22:28.161 23700 25454 I art     : Starting a blocking GC Explicit
08-06 17:22:28.202 23700 25454 I art     : Explicit concurrent mark sweep GC freed 3(96B) AllocSpace objects, 0(0B) LOS objects, 22% free, 53MB/69MB, paused 1.013ms total 40.678ms
08-06 17:22:28.220 23700 25454 I art     : Starting a blocking GC Explicit
08-06 17:22:28.261 23700 25454 I art     : Explicit concurrent mark sweep GC freed 3(96B) AllocSpace objects, 0(0B) LOS objects, 22% free, 53MB/69MB, paused 1.378ms total 40.628ms
08-06 17:22:28.282 23700 25454 I art     : Starting a blocking GC Explicit
08-06 17:22:28.325 23700 25454 I art     : Explicit concurrent mark sweep GC freed 3(96B) AllocSpace objects, 0(0B) LOS objects, 22% free, 53MB/69MB, paused 1.129ms total 42.141ms
08-06 17:22:28.669 23700 23712 I art     : Starting a blocking GC Explicit
08-06 17:22:28.718 23700 23712 I art     : Explicit concurrent mark sweep GC freed 1347(78KB) AllocSpace objects, 1(20KB) LOS objects, 22% free, 53MB/69MB, paused 1.170ms total 48.325ms
08-06 17:22:28.739 23700 23712 I art     : Starting a blocking GC Explicit
08-06 17:22:28.779 23700 23712 I art     : Explicit concurrent mark sweep GC freed 20(704B) AllocSpace objects, 0(0B) LOS objects, 22% free, 53MB/69MB, paused 1.150ms total 39.982ms
08-06 17:22:28.797 23700 23712 I art     : Starting a blocking GC Explicit
08-06 17:22:28.805 25638 25638 I ServiceManager: Waiting for service AtCmdFwd...
08-06 17:22:28.837 23700 23712 I art     : Explicit concurrent mark sweep GC freed 3(96B) AllocSpace objects, 0(0B) LOS objects, 22% free, 53MB/69MB, paused 1.019ms total 39.706ms
08-06 17:22:28.859 23700 23712 I art     : Starting a blocking GC Explicit
08-06 17:22:28.903 23700 23712 I art     : Explicit concurrent mark sweep GC freed 3(96B) AllocSpace objects, 0(0B) LOS objects, 22% free, 53MB/69MB, paused 1.039ms total 43.043ms
08-06 17:22:28.920 23700 23712 I art     : Starting a blocking GC Explicit
08-06 17:22:28.960 23700 23712 I art     : Explicit concurrent mark sweep GC freed 3(96B) AllocSpace objects, 0(0B) LOS objects, 22% free, 53MB/69MB, paused 1.063ms total 39.451ms
08-06 17:22:29.329 23700 23713 I art     : Starting a blocking GC Explicit
08-06 17:22:29.379 23700 23713 I art     : Explicit concurrent mark sweep GC freed 1347(78KB) AllocSpace objects, 1(20KB) LOS objects, 22% free, 53MB/69MB, paused 1.222ms total 48.385ms
08-06 17:22:29.397 23700 23713 I art     : Starting a blocking GC Explicit
08-06 17:22:29.437 23700 23713 I art     : Explicit concurrent mark sweep GC freed 20(704B) AllocSpace objects, 0(0B) LOS objects, 22% free, 53MB/69MB, paused 1.175ms total 39.422ms
08-06 17:22:29.454 23700 23713 I art     : Starting a blocking GC Explicit
08-06 17:22:29.495 23700 23713 I art     : Explicit concurrent mark sweep GC freed 3(96B) AllocSpace objects, 0(0B) LOS objects, 22% free, 53MB/69MB, paused 1.118ms total 40.405ms
08-06 17:22:29.513 23700 23713 I art     : Starting a blocking GC Explicit
08-06 17:22:29.553 23700 23713 I art     : Explicit concurrent mark sweep GC freed 3(96B) AllocSpace objects, 0(0B) LOS objects, 22% free, 53MB/69MB, paused 1.028ms total 39.926ms
08-06 17:22:29.571 23700 23713 I art     : Starting a blocking GC Explicit
08-06 17:22:29.612 23700 23713 I art     : Explicit concurrent mark sweep GC freed 3(96B) AllocSpace objects, 0(0B) LOS objects, 22% free, 53MB/69MB, paused 1.044ms total 40.369ms
08-06 17:22:29.806 25638 25638 I ServiceManager: Waiting for service AtCmdFwd...
08-06 17:22:29.967 23700 24467 I art     : Starting a blocking GC Explicit
08-06 17:22:30.021 23700 24467 I art     : Explicit concurrent mark sweep GC freed 1368(79KB) AllocSpace objects, 1(20KB) LOS objects, 22% free, 53MB/69MB, paused 1.426ms total 53.505ms
08-06 17:22:30.046 23700 24467 I art     : Starting a blocking GC Explicit
08-06 17:22:30.085 23700 24467 I art     : Explicit concurrent mark sweep GC freed 36(1216B) AllocSpace objects, 0(0B) LOS objects, 22% free, 53MB/69MB, paused 1.085ms total 38.220ms
08-06 17:22:30.102 23700 24467 I art     : Starting a blocking GC Explicit
08-06 17:22:30.142 23700 24467 I art     : Explicit concurrent mark sweep GC freed 3(96B) AllocSpace objects, 0(0B) LOS objects, 22% free, 53MB/69MB, paused 1.012ms total 38.982ms
08-06 17:22:30.160 23700 24467 I art     : Starting a blocking GC Explicit
08-06 17:22:30.200 23700 24467 I art     : Explicit concurrent mark sweep GC freed 3(96B) AllocSpace objects, 0(0B) LOS objects, 22% free, 53MB/69MB, paused 1.087ms total 39.983ms
08-06 17:22:30.218 23700 24467 I art     : Starting a blocking GC Explicit
08-06 17:22:30.258 23700 24467 I art     : Explicit concurrent mark sweep GC freed 3(96B) AllocSpace objects, 0(0B) LOS objects, 22% free, 53MB/69MB, paused 1.183ms total 39.274ms
08-06 17:22:30.438   518   646 I ThermalEngine: ACTION: GPU - Setting GPU[0] to 450000000
08-06 17:22:30.597 23700 23736 I art     : Starting a blocking GC Explicit
08-06 17:22:30.639 23700 23736 I art     : Explicit concurrent mark sweep GC freed 1347(78KB) AllocSpace objects, 1(20KB) LOS objects, 22% free, 53MB/69MB, paused 767us total 42.489ms
08-06 17:22:30.655 23700 23736 I art     : Starting a blocking GC Explicit
08-06 17:22:30.689 23700 23736 I art     : Explicit concurrent mark sweep GC freed 20(704B) AllocSpace objects, 0(0B) LOS objects, 22% free, 53MB/69MB, paused 738us total 33.904ms
08-06 17:22:30.701 23700 23736 I art     : Starting a blocking GC Explicit
08-06 17:22:30.733 23700 23736 I art     : Explicit concurrent mark sweep GC freed 3(96B) AllocSpace objects, 0(0B) LOS objects, 22% free, 53MB/69MB, paused 727us total 32.551ms
08-06 17:22:30.745 23700 23736 I art     : Starting a blocking GC Explicit
08-06 17:22:30.775 23700 23736 I art     : Explicit concurrent mark sweep GC freed 3(96B) AllocSpace objects, 0(0B) LOS objects, 22% free, 53MB/69MB, paused 667us total 29.766ms
08-06 17:22:30.786 23700 23736 I art     : Starting a blocking GC Explicit
08-06 17:22:30.807 25638 25638 W Atfwd_Sendcmd: AtCmdFwd service not published, waiting... retryCnt : 5
08-06 17:22:30.816 23700 23736 I art     : Explicit concurrent mark sweep GC freed 3(96B) AllocSpace objects, 0(0B) LOS objects, 22% free, 53MB/69MB, paused 705us total 29.140ms
08-06 17:22:31.145 23700 25454 I art     : Starting a blocking GC Explicit
08-06 17:22:31.183 23700 25454 I art     : Explicit concurrent mark sweep GC freed 1347(78KB) AllocSpace objects, 1(20KB) LOS objects, 22% free, 53MB/69MB, paused 819us total 37.353ms
08-06 17:22:31.198 23700 25454 I art     : Starting a blocking GC Explicit
08-06 17:22:31.231 23700 25454 I art     : Explicit concurrent mark sweep GC freed 20(704B) AllocSpace objects, 0(0B) LOS objects, 22% free, 53MB/69MB, paused 750us total 32.992ms
08-06 17:22:31.243 23700 25454 I art     : Starting a blocking GC Explicit
08-06 17:22:31.274 23700 25454 I art     : Explicit concurrent mark sweep GC freed 3(96B) AllocSpace objects, 0(0B) LOS objects, 22% free, 53MB/69MB, paused 691us total 30.388ms
08-06 17:22:31.285 23700 25454 I art     : Starting a blocking GC Explicit
08-06 17:22:31.296 27355 27355 D AndroidRuntime: >>>>>> START com.android.internal.os.RuntimeInit uid 2000 <<<<<<
08-06 17:22:31.301 27355 27355 D AndroidRuntime: CheckJNI is OFF
08-06 17:22:31.315 23700 25454 I art     : Explicit concurrent mark sweep GC freed 3(96B) AllocSpace objects, 0(0B) LOS objects, 22% free, 53MB/69MB, paused 705us total 29.519ms
08-06 17:22:31.326 23700 25454 I art     : Starting a blocking GC Explicit
08-06 17:22:31.346 27355 27355 D ICU     : No timezone override file found: /data/misc/zoneinfo/current/icu/icu_tzdata.dat
08-06 17:22:31.356 23700 25454 I art     : Explicit concurrent mark sweep GC freed 3(96B) AllocSpace objects, 0(0B) LOS objects, 22% free, 53MB/69MB, paused 722us total 29.703ms
08-06 17:22:31.391 27355 27355 I Radio-JNI: register_android_hardware_Radio DONE
08-06 17:22:31.420 27355 27355 D AndroidRuntime: Calling main entry com.android.commands.input.Input
08-06 17:22:31.422 27355 27355 I Input   : injectKeyEvent: KeyEvent { action=ACTION_DOWN, keyCode=KEYCODE_BACK, scanCode=0, metaState=0, flags=0x0, repeatCount=0, eventTime=897767835, downTime=897767835, deviceId=-1, source=0x101 }
08-06 17:22:31.428 27355 27355 I Input   : injectKeyEvent: KeyEvent { action=ACTION_UP, keyCode=KEYCODE_BACK, scanCode=0, metaState=0, flags=0x0, repeatCount=0, eventTime=897767835, downTime=897767835, deviceId=-1, source=0x101 }
08-06 17:22:31.433 27355 27355 D AndroidRuntime: Shutting down VM
08-06 17:22:31.477 13866 13866 I GoogleInputMethodServic: GoogleInputMethodService.onFinishInput():3138 
08-06 17:22:31.478 13866 13866 I GoogleInputMethodServic: GoogleInputMethodService.onStartInput():1808 
08-06 17:22:31.645 23700 23736 I art     : Starting a blocking GC Explicit
08-06 17:22:31.681 23700 23736 I art     : Explicit concurrent mark sweep GC freed 1528(86KB) AllocSpace objects, 1(20KB) LOS objects, 22% free, 53MB/69MB, paused 782us total 36.206ms
08-06 17:22:31.696 23700 23736 I art     : Starting a blocking GC Explicit
08-06 17:22:31.730 23700 23736 I art     : Explicit concurrent mark sweep GC freed 26(944B) AllocSpace objects, 0(0B) LOS objects, 22% free, 53MB/69MB, paused 686us total 33.186ms
08-06 17:22:31.745 23700 23736 I art     : Starting a blocking GC Explicit
08-06 17:22:31.776 23700 23736 I art     : Explicit concurrent mark sweep GC freed 3(96B) AllocSpace objects, 0(0B) LOS objects, 22% free, 53MB/69MB, paused 701us total 31.636ms
08-06 17:22:31.777   380   380 W SurfaceFlinger: couldn't log to binary event log: overflow.
08-06 17:22:31.789 23700 23736 I art     : Starting a blocking GC Explicit
08-06 17:22:31.818 23700 23736 I art     : Explicit concurrent mark sweep GC freed 112(8KB) AllocSpace objects, 0(0B) LOS objects, 22% free, 53MB/69MB, paused 741us total 29.046ms
08-06 17:22:31.829 23700 23736 I art     : Starting a blocking GC Explicit
08-06 17:22:31.859 23700 23736 I art     : Explicit concurrent mark sweep GC freed 1654(107KB) AllocSpace objects, 3(184KB) LOS objects, 22% free, 53MB/69MB, paused 710us total 29.693ms
08-06 17:22:32.169 23700 25454 I art     : Starting a blocking GC Explicit
08-06 17:22:32.213 23700 25454 I art     : Explicit concurrent mark sweep GC freed 1347(78KB) AllocSpace objects, 1(20KB) LOS objects, 22% free, 53MB/69MB, paused 808us total 43.104ms
08-06 17:22:32.230 23700 25454 I art     : Starting a blocking GC Explicit
08-06 17:22:32.264 23700 25454 I art     : Explicit concurrent mark sweep GC freed 20(704B) AllocSpace objects, 0(0B) LOS objects, 22% free, 53MB/69MB, paused 709us total 33.511ms
08-06 17:22:32.275 23700 25454 I art     : Starting a blocking GC Explicit
08-06 17:22:32.307 23700 25454 I art     : Explicit concurrent mark sweep GC freed 3(96B) AllocSpace objects, 0(0B) LOS objects, 22% free, 53MB/69MB, paused 708us total 30.995ms
08-06 17:22:32.318 23700 25454 I art     : Starting a blocking GC Explicit
08-06 17:22:32.349 23700 25454 I art     : Explicit concurrent mark sweep GC freed 3(96B) AllocSpace objects, 0(0B) LOS objects, 22% free, 53MB/69MB, paused 714us total 29.865ms
08-06 17:22:32.360 23700 25454 I art     : Starting a blocking GC Explicit
08-06 17:22:32.389 23700 25454 I art     : Explicit concurrent mark sweep GC freed 3(96B) AllocSpace objects, 0(0B) LOS objects, 22% free, 53MB/69MB, paused 709us total 28.851ms
08-06 17:22:32.713 23700 23712 I art     : Starting a blocking GC Explicit
08-06 17:22:32.744 23700 23712 I art     : Explicit concurrent mark sweep GC freed 1347(78KB) AllocSpace objects, 1(20KB) LOS objects, 22% free, 53MB/69MB, paused 728us total 30.419ms
08-06 17:22:32.756 23700 23712 I art     : Starting a blocking GC Explicit
08-06 17:22:32.786 23700 23712 I art     : Explicit concurrent mark sweep GC freed 20(704B) AllocSpace objects, 0(0B) LOS objects, 22% free, 53MB/69MB, paused 725us total 29.498ms
08-06 17:22:32.797 23700 23712 I art     : Starting a blocking GC Explicit
08-06 17:22:32.826 23700 23712 I art     : Explicit concurrent mark sweep GC freed 3(96B) AllocSpace objects, 0(0B) LOS objects, 22% free, 53MB/69MB, paused 710us total 28.917ms
08-06 17:22:32.838 23700 23712 I art     : Starting a blocking GC Explicit
08-06 17:22:32.867 23700 23712 I art     : Explicit concurrent mark sweep GC freed 3(96B) AllocSpace objects, 0(0B) LOS objects, 22% free, 53MB/69MB, paused 802us total 29.289ms
08-06 17:22:32.879 23700 23712 I art     : Starting a blocking GC Explicit
08-06 17:22:32.908 23700 23712 I art     : Explicit concurrent mark sweep GC freed 3(96B) AllocSpace objects, 0(0B) LOS objects, 22% free, 53MB/69MB, paused 740us total 29.446ms
08-06 17:22:33.203 23700 24467 I art     : Starting a blocking GC Explicit
08-06 17:22:33.217 27417 27417 D AndroidRuntime: >>>>>> START com.android.internal.os.RuntimeInit uid 2000 <<<<<<
08-06 17:22:33.223 27417 27417 D AndroidRuntime: CheckJNI is OFF
08-06 17:22:33.238 23700 24467 I art     : Explicit concurrent mark sweep GC freed 1347(78KB) AllocSpace objects, 1(20KB) LOS objects, 22% free, 53MB/69MB, paused 810us total 34.513ms
08-06 17:22:33.250 23700 24467 I art     : Starting a blocking GC Explicit
08-06 17:22:33.270 27417 27417 D ICU     : No timezone override file found: /data/misc/zoneinfo/current/icu/icu_tzdata.dat
08-06 17:22:33.280 23700 24467 I art     : Explicit concurrent mark sweep GC freed 20(704B) AllocSpace objects, 0(0B) LOS objects, 22% free, 53MB/69MB, paused 732us total 29.570ms
08-06 17:22:33.291 23700 24467 I art     : Starting a blocking GC Explicit
08-06 17:22:33.314 27417 27417 I Radio-JNI: register_android_hardware_Radio DONE
08-06 17:22:33.322 23700 24467 I art     : Explicit concurrent mark sweep GC freed 3(96B) AllocSpace objects, 0(0B) LOS objects, 22% free, 53MB/69MB, paused 793us total 30.560ms
08-06 17:22:33.334 23700 24467 I art     : Starting a blocking GC Explicit
08-06 17:22:33.344 27417 27417 D AndroidRuntime: Calling main entry com.android.commands.input.Input
08-06 17:22:33.345 27417 27417 I Input   : injectKeyEvent: KeyEvent { action=ACTION_DOWN, keyCode=KEYCODE_BACK, scanCode=0, metaState=0, flags=0x0, repeatCount=0, eventTime=897769758, downTime=897769758, deviceId=-1, source=0x101 }
08-06 17:22:33.353 27417 27417 I Input   : injectKeyEvent: KeyEvent { action=ACTION_UP, keyCode=KEYCODE_BACK, scanCode=0, metaState=0, flags=0x0, repeatCount=0, eventTime=897769758, downTime=897769758, deviceId=-1, source=0x101 }
08-06 17:22:33.359 27417 27417 D AndroidRuntime: Shutting down VM
08-06 17:22:33.363 23700 24467 I art     : Explicit concurrent mark sweep GC freed 26(896B) AllocSpace objects, 0(0B) LOS objects, 22% free, 53MB/69MB, paused 740us total 29.279ms
08-06 17:22:33.374 23700 24467 I art     : Starting a blocking GC Explicit
08-06 17:22:33.401 23700 24467 I art     : Explicit concurrent mark sweep GC freed 127(6KB) AllocSpace objects, 0(0B) LOS objects, 22% free, 53MB/69MB, paused 690us total 26.302ms
08-06 17:22:33.404 13866 13866 I GoogleInputMethodServic: GoogleInputMethodService.onFinishInput():3138 
08-06 17:22:33.405 13866 13866 I GoogleInputMethodServic: GoogleInputMethodService.onStartInput():1808 
08-06 17:22:33.710 23700 23712 I art     : Starting a blocking GC Explicit
08-06 17:22:33.741 23700 23712 I art     : Explicit concurrent mark sweep GC freed 3041(156KB) AllocSpace objects, 1(20KB) LOS objects, 22% free, 53MB/69MB, paused 754us total 30.864ms
08-06 17:22:33.752 23700 23712 I art     : Starting a blocking GC Explicit
08-06 17:22:33.779 23700 23712 I art     : Explicit concurrent mark sweep GC freed 2863(181KB) AllocSpace objects, 2(140KB) LOS objects, 23% free, 53MB/69MB, paused 705us total 26.207ms
08-06 17:22:33.790 23700 23712 I art     : Starting a blocking GC Explicit
08-06 17:22:33.818 23700 23712 I art     : Explicit concurrent mark sweep GC freed 3(96B) AllocSpace objects, 0(0B) LOS objects, 23% free, 53MB/69MB, paused 733us total 27.875ms
08-06 17:22:33.829 23700 23712 I art     : Starting a blocking GC Explicit
08-06 17:22:33.858 23700 23712 I art     : Explicit concurrent mark sweep GC freed 3(96B) AllocSpace objects, 0(0B) LOS objects, 23% free, 53MB/69MB, paused 735us total 28.360ms
08-06 17:22:33.869 23700 23712 I art     : Starting a blocking GC Explicit
08-06 17:22:33.899 23700 23712 I art     : Explicit concurrent mark sweep GC freed 3(96B) AllocSpace objects, 0(0B) LOS objects, 23% free, 53MB/69MB, paused 727us total 29.137ms
08-06 17:22:34.222 23700 24467 I art     : Starting a blocking GC Explicit
08-06 17:22:34.263 23700 24467 I art     : Explicit concurrent mark sweep GC freed 1347(78KB) AllocSpace objects, 1(20KB) LOS objects, 23% free, 53MB/69MB, paused 817us total 40.465ms
08-06 17:22:34.279 23700 24467 I art     : Starting a blocking GC Explicit
08-06 17:22:34.311 23700 24467 I art     : Explicit concurrent mark sweep GC freed 20(704B) AllocSpace objects, 0(0B) LOS objects, 23% free, 53MB/69MB, paused 801us total 32.124ms
08-06 17:22:34.323 23700 24467 I art     : Starting a blocking GC Explicit
08-06 17:22:34.352 23700 24467 I art     : Explicit concurrent mark sweep GC freed 3(96B) AllocSpace objects, 0(0B) LOS objects, 23% free, 53MB/69MB, paused 701us total 28.335ms
08-06 17:22:34.363 23700 24467 I art     : Starting a blocking GC Explicit
08-06 17:22:34.391 23700 24467 I art     : Explicit concurrent mark sweep GC freed 3(96B) AllocSpace objects, 0(0B) LOS objects, 23% free, 53MB/69MB, paused 721us total 28.116ms
08-06 17:22:34.403 23700 24467 I art     : Starting a blocking GC Explicit
08-06 17:22:34.432 23700 24467 I art     : Explicit concurrent mark sweep GC freed 3(96B) AllocSpace objects, 0(0B) LOS objects, 23% free, 53MB/69MB, paused 842us total 29.181ms
08-06 17:22:34.446   518   646 I ThermalEngine: ACTION: GPU - Setting GPU[0] to 390000000
08-06 17:22:34.756 23700 23713 I art     : Starting a blocking GC Explicit
08-06 17:22:34.798 23700 23713 I art     : Explicit concurrent mark sweep GC freed 1344(78KB) AllocSpace objects, 1(20KB) LOS objects, 23% free, 53MB/69MB, paused 1.486ms total 41.581ms
08-06 17:22:34.816 23700 23713 I art     : Starting a blocking GC Explicit
08-06 17:22:34.851 23700 23713 I art     : Explicit concurrent mark sweep GC freed 20(704B) AllocSpace objects, 0(0B) LOS objects, 23% free, 53MB/69MB, paused 1.119ms total 34.842ms
08-06 17:22:34.868 23700 23713 I art     : Starting a blocking GC Explicit
08-06 17:22:34.903 23700 23713 I art     : Explicit concurrent mark sweep GC freed 3(96B) AllocSpace objects, 0(0B) LOS objects, 23% free, 53MB/69MB, paused 1.060ms total 34.927ms
08-06 17:22:34.919 23700 23713 I art     : Starting a blocking GC Explicit
08-06 17:22:34.955 23700 23713 I art     : Explicit concurrent mark sweep GC freed 3(96B) AllocSpace objects, 0(0B) LOS objects, 23% free, 53MB/69MB, paused 1.165ms total 35.368ms
08-06 17:22:34.972 23700 23713 I art     : Starting a blocking GC Explicit
08-06 17:22:35.007 23700 23713 I art     : Explicit concurrent mark sweep GC freed 3(96B) AllocSpace objects, 0(0B) LOS objects, 23% free, 53MB/69MB, paused 1.135ms total 34.893ms
08-06 17:22:35.247 27462 27462 D AndroidRuntime: >>>>>> START com.android.internal.os.RuntimeInit uid 2000 <<<<<<
08-06 17:22:35.253 27462 27462 D AndroidRuntime: CheckJNI is OFF
08-06 17:22:35.305 27462 27462 D ICU     : No timezone override file found: /data/misc/zoneinfo/current/icu/icu_tzdata.dat
08-06 17:22:35.322 23700 23736 I art     : Starting a blocking GC Explicit
08-06 17:22:35.351 27462 27462 I Radio-JNI: register_android_hardware_Radio DONE
08-06 17:22:35.359 23700 23736 I art     : Explicit concurrent mark sweep GC freed 1344(78KB) AllocSpace objects, 1(20KB) LOS objects, 23% free, 53MB/69MB, paused 1.399ms total 36.468ms
08-06 17:22:35.376 23700 23736 I art     : Starting a blocking GC Explicit
08-06 17:22:35.385 27462 27462 D AndroidRuntime: Calling main entry com.android.commands.input.Input
08-06 17:22:35.387 27462 27462 I Input   : injectMotionEvent: MotionEvent { action=ACTION_DOWN, actionButton=0, id[0]=0, x[0]=1084.0, y[0]=2213.0, toolType[0]=TOOL_TYPE_UNKNOWN, buttonState=0, metaState=0, flags=0x0, edgeFlags=0x0, pointerCount=1, historySize=0, eventTime=897771800, downTime=897771800, deviceId=0, source=0x1002 }
08-06 17:22:35.394 27462 27462 I Input   : injectMotionEvent: MotionEvent { action=ACTION_UP, actionButton=0, id[0]=0, x[0]=1084.0, y[0]=2213.0, toolType[0]=TOOL_TYPE_UNKNOWN, buttonState=0, metaState=0, flags=0x0, edgeFlags=0x0, pointerCount=1, historySize=0, eventTime=897771800, downTime=897771800, deviceId=0, source=0x1002 }
08-06 17:22:35.396   918  6110 I ActivityManager: START u0 {cmp=baseline.appteam.nith.hillffair/.activities.EventActivity} from uid 10697 on display 0
08-06 17:22:35.406 27462 27462 D AndroidRuntime: Shutting down VM
08-06 17:22:35.411 23700 23736 I art     : Explicit concurrent mark sweep GC freed 38(1296B) AllocSpace objects, 0(0B) LOS objects, 23% free, 53MB/69MB, paused 1.218ms total 34.638ms
08-06 17:22:35.428 23700 23736 I art     : Starting a blocking GC Explicit
08-06 17:22:35.463 23700 23736 I art     : Explicit concurrent mark sweep GC freed 5042(309KB) AllocSpace objects, 0(0B) LOS objects, 23% free, 53MB/69MB, paused 1.631ms total 34.732ms
08-06 17:22:35.479 23700 23736 I art     : Starting a blocking GC Explicit
08-06 17:22:35.503 23700 23700 I NAPPA_EXPERIMENTATION: MetricNetworkRequestExecutionTime: REQUEST_DURATION_SYSTEM='57',REQUEST_DURATION_OKHTTP='34',REQUEST_SYNCHRONOUS='FALSE',RESPONSE_CODE='200',RESPONSE_METHOD='GET',RESPONSE_LENGTH_OKHTTP='1870',RESPONSE_LENGTH_HEADER='-2',REQUEST_PROTOCOL='http/1.1',REQUEST_URL='https://api-hillfair-2k16.herokuapp.com/api/app/club',
08-06 17:22:35.506 13866 13866 I GoogleInputMethodServic: GoogleInputMethodService.onFinishInput():3138 
08-06 17:22:35.507 13866 13866 I GoogleInputMethodServic: GoogleInputMethodService.onStartInput():1808 
08-06 17:22:35.513 23700 23736 I art     : Explicit concurrent mark sweep GC freed 771(93KB) AllocSpace objects, 0(0B) LOS objects, 23% free, 53MB/69MB, paused 1.150ms total 33.770ms
08-06 17:22:35.528 23700 23736 I art     : Starting a blocking GC Explicit
08-06 17:22:35.562 23700 23736 I art     : Explicit concurrent mark sweep GC freed 443(17KB) AllocSpace objects, 0(0B) LOS objects, 23% free, 53MB/69MB, paused 1.178ms total 33.674ms
08-06 17:22:35.578   918   936 I ActivityManager: Displayed baseline.appteam.nith.hillffair/.activities.EventActivity: +171ms
08-06 17:22:35.831   380   380 W SurfaceFlinger: couldn't log to binary event log: overflow.
08-06 17:22:35.908 23700 23713 I art     : Starting a blocking GC Explicit
08-06 17:22:35.948 23700 23713 I art     : Explicit concurrent mark sweep GC freed 1577(86KB) AllocSpace objects, 1(20KB) LOS objects, 23% free, 53MB/69MB, paused 1.051ms total 38.577ms
08-06 17:22:35.966 23700 23713 I art     : Starting a blocking GC Explicit
08-06 17:22:36.004 23700 23713 I art     : Explicit concurrent mark sweep GC freed 92(5KB) AllocSpace objects, 0(0B) LOS objects, 23% free, 53MB/69MB, paused 1.061ms total 37.057ms
08-06 17:22:36.020 23700 23713 I art     : Starting a blocking GC Explicit
08-06 17:22:36.058 23700 23713 I art     : Explicit concurrent mark sweep GC freed 3(96B) AllocSpace objects, 0(0B) LOS objects, 23% free, 53MB/69MB, paused 1.302ms total 37.527ms
08-06 17:22:36.076 23700 23713 I art     : Starting a blocking GC Explicit
08-06 17:22:36.115 23700 23713 I art     : Explicit concurrent mark sweep GC freed 3(96B) AllocSpace objects, 0(0B) LOS objects, 23% free, 53MB/69MB, paused 1.187ms total 38.242ms
08-06 17:22:36.132 23700 23713 I art     : Starting a blocking GC Explicit
08-06 17:22:36.170 23700 23713 I art     : Explicit concurrent mark sweep GC freed 3(96B) AllocSpace objects, 0(0B) LOS objects, 23% free, 53MB/69MB, paused 1.059ms total 37.691ms
08-06 17:22:36.518 23700 24467 I art     : Starting a blocking GC Explicit
08-06 17:22:36.565 23700 24467 I art     : Explicit concurrent mark sweep GC freed 1347(78KB) AllocSpace objects, 1(20KB) LOS objects, 23% free, 53MB/69MB, paused 1.197ms total 45.767ms
08-06 17:22:36.586 23700 24467 I art     : Starting a blocking GC Explicit
08-06 17:22:36.626 23700 24467 I art     : Explicit concurrent mark sweep GC freed 20(704B) AllocSpace objects, 0(0B) LOS objects, 23% free, 53MB/69MB, paused 1.009ms total 39.755ms
08-06 17:22:36.644 23700 24467 I art     : Starting a blocking GC Explicit
08-06 17:22:36.682 23700 24467 I art     : Explicit concurrent mark sweep GC freed 3(96B) AllocSpace objects, 0(0B) LOS objects, 23% free, 53MB/69MB, paused 1.041ms total 38.011ms
08-06 17:22:36.700 23700 24467 I art     : Starting a blocking GC Explicit
08-06 17:22:36.745 23700 24467 I art     : Explicit concurrent mark sweep GC freed 3(96B) AllocSpace objects, 0(0B) LOS objects, 23% free, 53MB/69MB, paused 1.032ms total 44.382ms
08-06 17:22:36.763 23700 24467 I art     : Starting a blocking GC Explicit
08-06 17:22:36.801 23700 24467 I art     : Explicit concurrent mark sweep GC freed 3(96B) AllocSpace objects, 0(0B) LOS objects, 23% free, 53MB/69MB, paused 1.050ms total 38.024ms
08-06 17:22:37.178 23700 25454 I art     : Starting a blocking GC Explicit
08-06 17:22:37.227 23700 25454 I art     : Explicit concurrent mark sweep GC freed 1347(78KB) AllocSpace objects, 1(20KB) LOS objects, 23% free, 53MB/69MB, paused 1.418ms total 49.042ms
08-06 17:22:37.228 23700 23711 I art     : WaitForGcToComplete blocked for 14.543ms for cause HeapTrim
08-06 17:22:37.247 23700 25454 I art     : Starting a blocking GC Explicit
08-06 17:22:37.287 23700 25454 I art     : Explicit concurrent mark sweep GC freed 20(704B) AllocSpace objects, 0(0B) LOS objects, 23% free, 53MB/69MB, paused 1.110ms total 39.782ms
08-06 17:22:37.308 23700 25454 I art     : Starting a blocking GC Explicit
08-06 17:22:37.348 23700 25454 I art     : Explicit concurrent mark sweep GC freed 3(96B) AllocSpace objects, 0(0B) LOS objects, 23% free, 53MB/69MB, paused 1.218ms total 38.953ms
08-06 17:22:37.365 23700 25454 I art     : Starting a blocking GC Explicit
08-06 17:22:37.404 23700 25454 I art     : Explicit concurrent mark sweep GC freed 3(96B) AllocSpace objects, 0(0B) LOS objects, 23% free, 53MB/69MB, paused 1.018ms total 38.084ms
08-06 17:22:37.425 23700 25454 I art     : Starting a blocking GC Explicit
08-06 17:22:37.464 23700 25454 I art     : Explicit concurrent mark sweep GC freed 3(96B) AllocSpace objects, 0(0B) LOS objects, 23% free, 53MB/69MB, paused 1ms total 38.691ms
08-06 17:22:37.823 23700 23736 I art     : Starting a blocking GC Explicit
08-06 17:22:37.870 23700 23736 I art     : Explicit concurrent mark sweep GC freed 1347(78KB) AllocSpace objects, 1(20KB) LOS objects, 23% free, 53MB/69MB, paused 1.353ms total 46.074ms
08-06 17:22:37.892 23700 23736 I art     : Starting a blocking GC Explicit
08-06 17:22:37.935 23700 23736 I art     : Explicit concurrent mark sweep GC freed 20(704B) AllocSpace objects, 0(0B) LOS objects, 23% free, 53MB/69MB, paused 1.058ms total 43.356ms
08-06 17:22:37.953 23700 23736 I art     : Starting a blocking GC Explicit
08-06 17:22:37.992 23700 23736 I art     : Explicit concurrent mark sweep GC freed 3(96B) AllocSpace objects, 0(0B) LOS objects, 23% free, 53MB/69MB, paused 1.025ms total 38.176ms
08-06 17:22:38.009 23700 23736 I art     : Starting a blocking GC Explicit
08-06 17:22:38.049 23700 23736 I art     : Explicit concurrent mark sweep GC freed 3(96B) AllocSpace objects, 0(0B) LOS objects, 23% free, 53MB/69MB, paused 1.210ms total 39.305ms
08-06 17:22:38.067 23700 23736 I art     : Starting a blocking GC Explicit
08-06 17:22:38.105 23700 23736 I art     : Explicit concurrent mark sweep GC freed 3(96B) AllocSpace objects, 0(0B) LOS objects, 23% free, 53MB/69MB, paused 1.040ms total 37.978ms
08-06 17:22:38.443 23700 23712 I art     : Starting a blocking GC Explicit
08-06 17:22:38.452   518   646 I ThermalEngine: ACTION: GPU - Setting GPU[0] to 450000000
08-06 17:22:38.482 23700 23712 I art     : Explicit concurrent mark sweep GC freed 1347(78KB) AllocSpace objects, 1(20KB) LOS objects, 23% free, 53MB/69MB, paused 712us total 38.266ms
08-06 17:22:38.494 23700 23712 I art     : Starting a blocking GC Explicit
08-06 17:22:38.524 23700 23712 I art     : Explicit concurrent mark sweep GC freed 20(704B) AllocSpace objects, 0(0B) LOS objects, 23% free, 53MB/69MB, paused 729us total 30.062ms
08-06 17:22:38.535 23700 23712 I art     : Starting a blocking GC Explicit
08-06 17:22:38.568 23700 23712 I art     : Explicit concurrent mark sweep GC freed 3(96B) AllocSpace objects, 0(0B) LOS objects, 23% free, 53MB/69MB, paused 782us total 32.250ms
08-06 17:22:38.580 23700 23712 I art     : Starting a blocking GC Explicit
08-06 17:22:38.612 23700 23712 I art     : Explicit concurrent mark sweep GC freed 3(96B) AllocSpace objects, 0(0B) LOS objects, 23% free, 53MB/69MB, paused 741us total 31.901ms
08-06 17:22:38.624 23700 23712 I art     : Starting a blocking GC Explicit
08-06 17:22:38.657 23700 23712 I art     : Explicit concurrent mark sweep GC freed 3(96B) AllocSpace objects, 0(0B) LOS objects, 23% free, 53MB/69MB, paused 764us total 32.397ms
08-06 17:22:38.999 23700 23713 I art     : Starting a blocking GC Explicit
08-06 17:22:39.043 23700 23713 I art     : Explicit concurrent mark sweep GC freed 1347(78KB) AllocSpace objects, 1(20KB) LOS objects, 23% free, 53MB/69MB, paused 775us total 43.734ms
08-06 17:22:39.060 23700 23713 I art     : Starting a blocking GC Explicit
08-06 17:22:39.092 23700 23713 I art     : Explicit concurrent mark sweep GC freed 20(704B) AllocSpace objects, 0(0B) LOS objects, 23% free, 53MB/69MB, paused 712us total 31.976ms
08-06 17:22:39.104 23700 23713 I art     : Starting a blocking GC Explicit
08-06 17:22:39.137 23700 23713 I art     : Explicit concurrent mark sweep GC freed 3(96B) AllocSpace objects, 0(0B) LOS objects, 23% free, 53MB/69MB, paused 728us total 32.537ms
08-06 17:22:39.149 23700 23713 I art     : Starting a blocking GC Explicit
08-06 17:22:39.182 23700 23713 I art     : Explicit concurrent mark sweep GC freed 3(96B) AllocSpace objects, 0(0B) LOS objects, 23% free, 53MB/69MB, paused 764us total 33.168ms
08-06 17:22:39.194 23700 23713 I art     : Starting a blocking GC Explicit
08-06 17:22:39.226 23700 23713 I art     : Explicit concurrent mark sweep GC freed 3(96B) AllocSpace objects, 0(0B) LOS objects, 23% free, 53MB/69MB, paused 740us total 32ms
08-06 17:22:39.546 23700 24467 I art     : Starting a blocking GC Explicit
08-06 17:22:39.586 23700 24467 I art     : Explicit concurrent mark sweep GC freed 1347(78KB) AllocSpace objects, 1(20KB) LOS objects, 23% free, 53MB/69MB, paused 745us total 38.944ms
08-06 17:22:39.601 23700 24467 I art     : Starting a blocking GC Explicit
08-06 17:22:39.634 23700 24467 I art     : Explicit concurrent mark sweep GC freed 20(704B) AllocSpace objects, 0(0B) LOS objects, 23% free, 53MB/69MB, paused 719us total 32.788ms
08-06 17:22:39.645 23700 24467 I art     : Starting a blocking GC Explicit
08-06 17:22:39.675 23700 24467 I art     : Explicit concurrent mark sweep GC freed 3(96B) AllocSpace objects, 0(0B) LOS objects, 23% free, 53MB/69MB, paused 714us total 29.676ms
08-06 17:22:39.687 23700 24467 I art     : Starting a blocking GC Explicit
08-06 17:22:39.715 23700 24467 I art     : Explicit concurrent mark sweep GC freed 3(96B) AllocSpace objects, 0(0B) LOS objects, 23% free, 53MB/69MB, paused 746us total 27.684ms
08-06 17:22:39.726 23700 24467 I art     : Starting a blocking GC Explicit
08-06 17:22:39.755 23700 24467 I art     : Explicit concurrent mark sweep GC freed 3(96B) AllocSpace objects, 0(0B) LOS objects, 23% free, 53MB/69MB, paused 731us total 28.065ms
08-06 17:22:40.080 23700 25454 I art     : Starting a blocking GC Explicit
08-06 17:22:40.115 23700 25454 I art     : Explicit concurrent mark sweep GC freed 1347(78KB) AllocSpace objects, 1(20KB) LOS objects, 23% free, 53MB/69MB, paused 791us total 35.045ms
08-06 17:22:40.130 23700 25454 I art     : Starting a blocking GC Explicit
08-06 17:22:40.163 23700 25454 I art     : Explicit concurrent mark sweep GC freed 20(704B) AllocSpace objects, 0(0B) LOS objects, 23% free, 53MB/69MB, paused 768us total 32.132ms
08-06 17:22:40.174 23700 25454 I art     : Starting a blocking GC Explicit
08-06 17:22:40.193 27567 27567 D AndroidRuntime: >>>>>> START com.android.internal.os.RuntimeInit uid 2000 <<<<<<
08-06 17:22:40.199 27567 27567 D AndroidRuntime: CheckJNI is OFF
08-06 17:22:40.205 23700 25454 I art     : Explicit concurrent mark sweep GC freed 3(96B) AllocSpace objects, 0(0B) LOS objects, 23% free, 53MB/69MB, paused 829us total 30.417ms
08-06 17:22:40.217 23700 25454 I art     : Starting a blocking GC Explicit
08-06 17:22:40.245 27567 27567 D ICU     : No timezone override file found: /data/misc/zoneinfo/current/icu/icu_tzdata.dat
08-06 17:22:40.247 23700 25454 I art     : Explicit concurrent mark sweep GC freed 3(96B) AllocSpace objects, 0(0B) LOS objects, 23% free, 53MB/69MB, paused 832us total 29.617ms
08-06 17:22:40.259 23700 25454 I art     : Starting a blocking GC Explicit
08-06 17:22:40.290 23700 25454 I art     : Explicit concurrent mark sweep GC freed 3(96B) AllocSpace objects, 0(0B) LOS objects, 23% free, 53MB/69MB, paused 843us total 30.688ms
08-06 17:22:40.292 27567 27567 I Radio-JNI: register_android_hardware_Radio DONE
08-06 17:22:40.322 27567 27567 D AndroidRuntime: Calling main entry com.android.commands.input.Input
08-06 17:22:40.324 27567 27567 I Input   : injectMotionEvent: MotionEvent { action=ACTION_DOWN, actionButton=0, id[0]=0, x[0]=255.0, y[0]=1845.0, toolType[0]=TOOL_TYPE_UNKNOWN, buttonState=0, metaState=0, flags=0x0, edgeFlags=0x0, pointerCount=1, historySize=0, eventTime=897776737, downTime=897776737, deviceId=0, source=0x1002 }
08-06 17:22:40.330 27567 27567 I Input   : injectMotionEvent: MotionEvent { action=ACTION_UP, actionButton=0, id[0]=0, x[0]=255.0, y[0]=1845.0, toolType[0]=TOOL_TYPE_UNKNOWN, buttonState=0, metaState=0, flags=0x0, edgeFlags=0x0, pointerCount=1, historySize=0, eventTime=897776737, downTime=897776737, deviceId=0, source=0x1002 }
08-06 17:22:40.331   918  3961 I ActivityManager: START u0 {cmp=baseline.appteam.nith.hillffair/.activities.ClubActivity (has extras)} from uid 10697 on display 0
08-06 17:22:40.340 27567 27567 D AndroidRuntime: Shutting down VM
08-06 17:22:40.431 23700 23700 I NAPPA_EXPERIMENTATION: MetricNetworkRequestExecutionTime: REQUEST_DURATION_SYSTEM='61',REQUEST_DURATION_OKHTTP='32',REQUEST_SYNCHRONOUS='FALSE',RESPONSE_CODE='200',RESPONSE_METHOD='GET',RESPONSE_LENGTH_OKHTTP='1171',RESPONSE_LENGTH_HEADER='-2',REQUEST_PROTOCOL='http/1.1',REQUEST_URL='https://api-hillfair-2k16.herokuapp.com/api/app/club/Technical%20Committee',
08-06 17:22:40.457   918   936 I ActivityManager: Displayed baseline.appteam.nith.hillffair/.activities.ClubActivity: +116ms
08-06 17:22:40.457 13866 13866 I GoogleInputMethodServic: GoogleInputMethodService.onFinishInput():3138 
08-06 17:22:40.458 13866 13866 I GoogleInputMethodServic: GoogleInputMethodService.onStartInput():1808 
08-06 17:22:40.579 23700 23712 I art     : Starting a blocking GC Explicit
08-06 17:22:40.615 23700 23712 I art     : Explicit concurrent mark sweep GC freed 5671(412KB) AllocSpace objects, 1(20KB) LOS objects, 22% free, 53MB/69MB, paused 749us total 35.627ms
08-06 17:22:40.629 23700 23712 I art     : Starting a blocking GC Explicit
08-06 17:22:40.661 23700 23712 I art     : Explicit concurrent mark sweep GC freed 278(12KB) AllocSpace objects, 0(0B) LOS objects, 22% free, 53MB/69MB, paused 715us total 31.987ms
08-06 17:22:40.674 23700 23712 I art     : Starting a blocking GC Explicit
08-06 17:22:40.686   380   380 W SurfaceFlinger: couldn't log to binary event log: overflow.
08-06 17:22:40.704 23700 23712 I art     : Explicit concurrent mark sweep GC freed 3(96B) AllocSpace objects, 0(0B) LOS objects, 22% free, 53MB/69MB, paused 732us total 29.914ms
08-06 17:22:40.715 23700 23712 I art     : Starting a blocking GC Explicit
08-06 17:22:40.741 23700 23712 I art     : Explicit concurrent mark sweep GC freed 3(96B) AllocSpace objects, 0(0B) LOS objects, 22% free, 53MB/69MB, paused 757us total 26.499ms
08-06 17:22:40.752 23700 23712 I art     : Starting a blocking GC Explicit
08-06 17:22:40.780 23700 23712 I art     : Explicit concurrent mark sweep GC freed 3(96B) AllocSpace objects, 0(0B) LOS objects, 22% free, 53MB/69MB, paused 710us total 27.463ms
08-06 17:22:41.093 23700 23713 I art     : Starting a blocking GC Explicit
08-06 17:22:41.132 23700 23713 I art     : Explicit concurrent mark sweep GC freed 1445(84KB) AllocSpace objects, 1(20KB) LOS objects, 22% free, 53MB/69MB, paused 785us total 38.479ms
08-06 17:22:41.146 23700 23713 I art     : Starting a blocking GC Explicit
08-06 17:22:41.178 23700 23713 I art     : Explicit concurrent mark sweep GC freed 36(1264B) AllocSpace objects, 0(0B) LOS objects, 22% free, 53MB/69MB, paused 788us total 31.596ms
08-06 17:22:41.190 23700 23713 I art     : Starting a blocking GC Explicit
08-06 17:22:41.222 23700 23713 I art     : Explicit concurrent mark sweep GC freed 3(96B) AllocSpace objects, 0(0B) LOS objects, 22% free, 53MB/69MB, paused 770us total 31.106ms
08-06 17:22:41.233 23700 23713 I art     : Starting a blocking GC Explicit
08-06 17:22:41.265 23700 23713 I art     : Explicit concurrent mark sweep GC freed 3(96B) AllocSpace objects, 0(0B) LOS objects, 22% free, 53MB/69MB, paused 758us total 31.329ms
08-06 17:22:41.277 23700 23713 I art     : Starting a blocking GC Explicit
08-06 17:22:41.308 23700 23713 I art     : Explicit concurrent mark sweep GC freed 3(96B) AllocSpace objects, 0(0B) LOS objects, 22% free, 53MB/69MB, paused 792us total 31.209ms
08-06 17:22:41.623 23700 23736 I art     : Starting a blocking GC Explicit
08-06 17:22:41.665 23700 23736 I art     : Explicit concurrent mark sweep GC freed 1347(78KB) AllocSpace objects, 1(20KB) LOS objects, 22% free, 53MB/69MB, paused 822us total 40.874ms
08-06 17:22:41.679 23700 23736 I art     : Starting a blocking GC Explicit
08-06 17:22:41.710 23700 23736 I art     : Explicit concurrent mark sweep GC freed 20(704B) AllocSpace objects, 0(0B) LOS objects, 22% free, 53MB/69MB, paused 749us total 31.253ms
08-06 17:22:41.722 23700 23736 I art     : Starting a blocking GC Explicit
08-06 17:22:41.753 23700 23736 I art     : Explicit concurrent mark sweep GC freed 3(96B) AllocSpace objects, 0(0B) LOS objects, 22% free, 53MB/69MB, paused 753us total 31.301ms
08-06 17:22:41.765 23700 23736 I art     : Starting a blocking GC Explicit
08-06 17:22:41.797 23700 23736 I art     : Explicit concurrent mark sweep GC freed 3(96B) AllocSpace objects, 0(0B) LOS objects, 22% free, 53MB/69MB, paused 723us total 31.113ms
08-06 17:22:41.808 23700 23736 I art     : Starting a blocking GC Explicit
08-06 17:22:41.840 23700 23736 I art     : Explicit concurrent mark sweep GC freed 3(96B) AllocSpace objects, 0(0B) LOS objects, 22% free, 53MB/69MB, paused 755us total 31.285ms
08-06 17:22:42.158 23700 24467 I art     : Starting a blocking GC Explicit
08-06 17:22:42.197 23700 24467 I art     : Explicit concurrent mark sweep GC freed 1368(79KB) AllocSpace objects, 1(20KB) LOS objects, 22% free, 53MB/69MB, paused 793us total 39.068ms
08-06 17:22:42.211 23700 24467 I art     : Starting a blocking GC Explicit
08-06 17:22:42.245 23700 24467 I art     : Explicit concurrent mark sweep GC freed 36(1216B) AllocSpace objects, 0(0B) LOS objects, 22% free, 53MB/69MB, paused 766us total 34.088ms
08-06 17:22:42.257 23700 24467 I art     : Starting a blocking GC Explicit
08-06 17:22:42.290 23700 24467 I art     : Explicit concurrent mark sweep GC freed 3(96B) AllocSpace objects, 0(0B) LOS objects, 22% free, 53MB/69MB, paused 755us total 32.652ms
08-06 17:22:42.302 23700 24467 I art     : Starting a blocking GC Explicit
08-06 17:22:42.336 23700 24467 I art     : Explicit concurrent mark sweep GC freed 3(96B) AllocSpace objects, 0(0B) LOS objects, 22% free, 53MB/69MB, paused 720us total 33.869ms
08-06 17:22:42.349 23700 24467 I art     : Starting a blocking GC Explicit
08-06 17:22:42.383 23700 24467 I art     : Explicit concurrent mark sweep GC freed 3(96B) AllocSpace objects, 0(0B) LOS objects, 22% free, 53MB/69MB, paused 773us total 33.981ms
08-06 17:22:42.724 23700 23712 I art     : Starting a blocking GC Explicit
08-06 17:22:42.766 23700 23712 I art     : Explicit concurrent mark sweep GC freed 1347(78KB) AllocSpace objects, 1(20KB) LOS objects, 22% free, 53MB/69MB, paused 865us total 41.399ms
08-06 17:22:42.782 23700 23712 I art     : Starting a blocking GC Explicit
08-06 17:22:42.816 23700 23712 I art     : Explicit concurrent mark sweep GC freed 20(720B) AllocSpace objects, 0(0B) LOS objects, 22% free, 53MB/69MB, paused 761us total 33.817ms
08-06 17:22:42.828 23700 23712 I art     : Starting a blocking GC Explicit
08-06 17:22:42.863 23700 23712 I art     : Explicit concurrent mark sweep GC freed 3(96B) AllocSpace objects, 0(0B) LOS objects, 22% free, 53MB/69MB, paused 769us total 33.969ms
08-06 17:22:42.875 23700 23712 I art     : Starting a blocking GC Explicit
08-06 17:22:42.907 23700 23712 I art     : Explicit concurrent mark sweep GC freed 3(96B) AllocSpace objects, 0(0B) LOS objects, 22% free, 53MB/69MB, paused 910us total 32.258ms
08-06 17:22:42.919 23700 23712 I art     : Starting a blocking GC Explicit
08-06 17:22:42.953 23700 23712 I art     : Explicit concurrent mark sweep GC freed 3(96B) AllocSpace objects, 0(0B) LOS objects, 22% free, 53MB/69MB, paused 883us total 33.789ms
08-06 17:22:43.299 23700 25454 I art     : Starting a blocking GC Explicit
08-06 17:22:43.342 23700 25454 I art     : Explicit concurrent mark sweep GC freed 1347(78KB) AllocSpace objects, 1(20KB) LOS objects, 22% free, 53MB/69MB, paused 841us total 42.614ms
08-06 17:22:43.361 23700 25454 I art     : Starting a blocking GC Explicit
08-06 17:22:43.397 23700 25454 I art     : Explicit concurrent mark sweep GC freed 20(704B) AllocSpace objects, 0(0B) LOS objects, 22% free, 53MB/69MB, paused 807us total 35.689ms
08-06 17:22:43.409 23700 25454 I art     : Starting a blocking GC Explicit
08-06 17:22:43.444 23700 25454 I art     : Explicit concurrent mark sweep GC freed 3(96B) AllocSpace objects, 0(0B) LOS objects, 22% free, 53MB/69MB, paused 757us total 34.106ms
08-06 17:22:43.456 23700 25454 I art     : Starting a blocking GC Explicit
08-06 17:22:43.490 23700 25454 I art     : Explicit concurrent mark sweep GC freed 3(96B) AllocSpace objects, 0(0B) LOS objects, 22% free, 53MB/69MB, paused 752us total 34.402ms
08-06 17:22:43.502 23700 25454 I art     : Starting a blocking GC Explicit
08-06 17:22:43.535 23700 25454 I art     : Explicit concurrent mark sweep GC freed 3(96B) AllocSpace objects, 0(0B) LOS objects, 22% free, 53MB/69MB, paused 762us total 32.786ms
08-06 17:22:43.852 23700 23713 I art     : Starting a blocking GC Explicit
08-06 17:22:43.891 23700 23713 I art     : Explicit concurrent mark sweep GC freed 1347(78KB) AllocSpace objects, 1(20KB) LOS objects, 22% free, 53MB/69MB, paused 756us total 38.335ms
08-06 17:22:43.903 23700 23713 I art     : Starting a blocking GC Explicit
08-06 17:22:43.938 23700 23713 I art     : Explicit concurrent mark sweep GC freed 20(704B) AllocSpace objects, 0(0B) LOS objects, 22% free, 53MB/69MB, paused 784us total 34.444ms
08-06 17:22:43.950 23700 23713 I art     : Starting a blocking GC Explicit
08-06 17:22:43.985 23700 23713 I art     : Explicit concurrent mark sweep GC freed 3(96B) AllocSpace objects, 0(0B) LOS objects, 22% free, 53MB/69MB, paused 764us total 34.315ms
08-06 17:22:43.997 23700 23713 I art     : Starting a blocking GC Explicit
08-06 17:22:44.030 23700 23713 I art     : Explicit concurrent mark sweep GC freed 3(96B) AllocSpace objects, 0(0B) LOS objects, 22% free, 53MB/69MB, paused 767us total 33.564ms
08-06 17:22:44.043 23700 23713 I art     : Starting a blocking GC Explicit
08-06 17:22:44.077 23700 23713 I art     : Explicit concurrent mark sweep GC freed 3(96B) AllocSpace objects, 0(0B) LOS objects, 22% free, 53MB/69MB, paused 764us total 33.945ms
08-06 17:22:44.409 23700 23736 I art     : Starting a blocking GC Explicit
08-06 17:22:44.418   918  3261 D WifiStateMachine: starting scan for "H369AA63323"WPA_PSK with 2412,5180
08-06 17:22:44.449 23700 23736 I art     : Explicit concurrent mark sweep GC freed 1347(78KB) AllocSpace objects, 1(20KB) LOS objects, 22% free, 53MB/69MB, paused 834us total 39.623ms
08-06 17:22:44.465 23700 23736 I art     : Starting a blocking GC Explicit
08-06 17:22:44.496 23700 23736 I art     : Explicit concurrent mark sweep GC freed 20(704B) AllocSpace objects, 0(0B) LOS objects, 22% free, 53MB/69MB, paused 751us total 31.403ms
08-06 17:22:44.508 23700 23736 I art     : Starting a blocking GC Explicit
08-06 17:22:44.539 23700 23736 I art     : Explicit concurrent mark sweep GC freed 3(96B) AllocSpace objects, 0(0B) LOS objects, 22% free, 53MB/69MB, paused 817us total 31.196ms
08-06 17:22:44.552 23700 23736 I art     : Starting a blocking GC Explicit
08-06 17:22:44.582 23700 23736 I art     : Explicit concurrent mark sweep GC freed 3(96B) AllocSpace objects, 0(0B) LOS objects, 22% free, 53MB/69MB, paused 749us total 30.119ms
08-06 17:22:44.593 23700 23736 I art     : Starting a blocking GC Explicit
08-06 17:22:44.620 23700 23736 I art     : Explicit concurrent mark sweep GC freed 3(96B) AllocSpace objects, 0(0B) LOS objects, 22% free, 53MB/69MB, paused 671us total 27.154ms
08-06 17:22:44.944 23700 25454 I art     : Starting a blocking GC Explicit
08-06 17:22:44.982 23700 25454 I art     : Explicit concurrent mark sweep GC freed 1347(78KB) AllocSpace objects, 1(20KB) LOS objects, 22% free, 53MB/69MB, paused 807us total 37.340ms
08-06 17:22:44.995 23700 25454 I art     : Starting a blocking GC Explicit
08-06 17:22:45.028 23700 25454 I art     : Explicit concurrent mark sweep GC freed 38(1376B) AllocSpace objects, 0(0B) LOS objects, 22% free, 53MB/69MB, paused 796us total 32.450ms
08-06 17:22:45.040 23700 25454 I art     : Starting a blocking GC Explicit
08-06 17:22:45.072 23700 25454 I art     : Explicit concurrent mark sweep GC freed 3(96B) AllocSpace objects, 0(0B) LOS objects, 22% free, 53MB/69MB, paused 776us total 31.568ms
08-06 17:22:45.084 23700 25454 I art     : Starting a blocking GC Explicit
08-06 17:22:45.114 23700 25454 I art     : Explicit concurrent mark sweep GC freed 3(96B) AllocSpace objects, 0(0B) LOS objects, 22% free, 53MB/69MB, paused 716us total 30.477ms
08-06 17:22:45.126 23700 25454 I art     : Starting a blocking GC Explicit
08-06 17:22:45.158 23700 25454 I art     : Explicit concurrent mark sweep GC freed 3(96B) AllocSpace objects, 0(0B) LOS objects, 22% free, 53MB/69MB, paused 799us total 31.532ms
08-06 17:22:45.161 27671 27671 D AndroidRuntime: >>>>>> START com.android.internal.os.RuntimeInit uid 2000 <<<<<<
08-06 17:22:45.167 27671 27671 D AndroidRuntime: CheckJNI is OFF
08-06 17:22:45.212 27671 27671 D ICU     : No timezone override file found: /data/misc/zoneinfo/current/icu/icu_tzdata.dat
08-06 17:22:45.258 27671 27671 I Radio-JNI: register_android_hardware_Radio DONE
08-06 17:22:45.287 27671 27671 D AndroidRuntime: Calling main entry com.android.commands.input.Input
08-06 17:22:45.290 27671 27671 I Input   : injectKeyEvent: KeyEvent { action=ACTION_DOWN, keyCode=KEYCODE_BACK, scanCode=0, metaState=0, flags=0x0, repeatCount=0, eventTime=897781703, downTime=897781703, deviceId=-1, source=0x101 }
08-06 17:22:45.297 27671 27671 I Input   : injectKeyEvent: KeyEvent { action=ACTION_UP, keyCode=KEYCODE_BACK, scanCode=0, metaState=0, flags=0x0, repeatCount=0, eventTime=897781703, downTime=897781703, deviceId=-1, source=0x101 }
08-06 17:22:45.302 27671 27671 D AndroidRuntime: Shutting down VM
08-06 17:22:45.354 13866 13866 I GoogleInputMethodServic: GoogleInputMethodService.onFinishInput():3138 
08-06 17:22:45.356 13866 13866 I GoogleInputMethodServic: GoogleInputMethodService.onStartInput():1808 
08-06 17:22:45.448 23700 23736 I art     : Starting a blocking GC Explicit
08-06 17:22:45.477 23700 23736 I art     : Explicit concurrent mark sweep GC freed 1528(86KB) AllocSpace objects, 1(20KB) LOS objects, 22% free, 53MB/69MB, paused 691us total 28.256ms
08-06 17:22:45.490 23700 23736 I art     : Starting a blocking GC Explicit
08-06 17:22:45.517 23700 23736 I art     : Explicit concurrent mark sweep GC freed 26(944B) AllocSpace objects, 0(0B) LOS objects, 22% free, 53MB/69MB, paused 782us total 27.505ms
08-06 17:22:45.529 23700 23736 I art     : Starting a blocking GC Explicit
08-06 17:22:45.557 23700 23736 I art     : Explicit concurrent mark sweep GC freed 3(96B) AllocSpace objects, 0(0B) LOS objects, 22% free, 53MB/69MB, paused 762us total 27.771ms
08-06 17:22:45.569 23700 23736 I art     : Starting a blocking GC Explicit
08-06 17:22:45.598 23700 23736 I art     : Explicit concurrent mark sweep GC freed 3(96B) AllocSpace objects, 0(0B) LOS objects, 22% free, 53MB/69MB, paused 749us total 28.426ms
08-06 17:22:45.609 23700 23736 I art     : Starting a blocking GC Explicit
08-06 17:22:45.637 23700 23736 I art     : Explicit concurrent mark sweep GC freed 3(96B) AllocSpace objects, 0(0B) LOS objects, 22% free, 53MB/69MB, paused 845us total 28.182ms
08-06 17:22:45.674   380   380 W SurfaceFlinger: couldn't log to binary event log: overflow.
08-06 17:22:45.947 23700 23736 I art     : Starting a blocking GC Explicit
08-06 17:22:45.979 23700 23736 I art     : Explicit concurrent mark sweep GC freed 1456(87KB) AllocSpace objects, 1(20KB) LOS objects, 22% free, 53MB/69MB, paused 763us total 31.825ms
08-06 17:22:45.991 23700 23736 I art     : Starting a blocking GC Explicit
08-06 17:22:46.022 23700 23736 I art     : Explicit concurrent mark sweep GC freed 1566(104KB) AllocSpace objects, 2(68KB) LOS objects, 23% free, 53MB/69MB, paused 846us total 30.878ms
08-06 17:22:46.034 23700 23736 I art     : Starting a blocking GC Explicit
08-06 17:22:46.065 23700 23736 I art     : Explicit concurrent mark sweep GC freed 3(96B) AllocSpace objects, 0(0B) LOS objects, 23% free, 53MB/69MB, paused 746us total 30.719ms
08-06 17:22:46.077 23700 23736 I art     : Starting a blocking GC Explicit
08-06 17:22:46.104 23700 23736 I art     : Explicit concurrent mark sweep GC freed 3(96B) AllocSpace objects, 0(0B) LOS objects, 23% free, 53MB/69MB, paused 687us total 27.495ms
08-06 17:22:46.115 23700 23736 I art     : Starting a blocking GC Explicit
08-06 17:22:46.144 23700 23736 I art     : Explicit concurrent mark sweep GC freed 3(96B) AllocSpace objects, 0(0B) LOS objects, 23% free, 53MB/69MB, paused 723us total 28.159ms
08-06 17:22:46.456 23700 25454 I art     : Starting a blocking GC Explicit
08-06 17:22:46.492 23700 25454 I art     : Explicit concurrent mark sweep GC freed 1347(78KB) AllocSpace objects, 1(20KB) LOS objects, 23% free, 53MB/69MB, paused 754us total 35.908ms
08-06 17:22:46.504 23700 25454 I art     : Starting a blocking GC Explicit
08-06 17:22:46.534 23700 25454 I art     : Explicit concurrent mark sweep GC freed 20(704B) AllocSpace objects, 0(0B) LOS objects, 23% free, 53MB/69MB, paused 704us total 29.856ms
08-06 17:22:46.545 23700 25454 I art     : Starting a blocking GC Explicit
08-06 17:22:46.575 23700 25454 I art     : Explicit concurrent mark sweep GC freed 3(96B) AllocSpace objects, 0(0B) LOS objects, 23% free, 53MB/69MB, paused 770us total 29.066ms
08-06 17:22:46.587 23700 25454 I art     : Starting a blocking GC Explicit
08-06 17:22:46.615 23700 25454 I art     : Explicit concurrent mark sweep GC freed 3(96B) AllocSpace objects, 0(0B) LOS objects, 23% free, 53MB/69MB, paused 744us total 28.247ms
08-06 17:22:46.626 23700 25454 I art     : Starting a blocking GC Explicit
08-06 17:22:46.655 23700 25454 I art     : Explicit concurrent mark sweep GC freed 3(96B) AllocSpace objects, 0(0B) LOS objects, 23% free, 53MB/69MB, paused 744us total 28.208ms
08-06 17:22:46.958 23700 23713 I art     : Starting a blocking GC Explicit
08-06 17:22:46.992 23700 23713 I art     : Explicit concurrent mark sweep GC freed 1347(78KB) AllocSpace objects, 1(20KB) LOS objects, 23% free, 53MB/69MB, paused 826us total 33.836ms
08-06 17:22:47.007 23700 23713 I art     : Starting a blocking GC Explicit
08-06 17:22:47.038 23700 23713 I art     : Explicit concurrent mark sweep GC freed 20(704B) AllocSpace objects, 0(0B) LOS objects, 23% free, 53MB/69MB, paused 781us total 31.181ms
08-06 17:22:47.050 23700 23713 I art     : Starting a blocking GC Explicit
08-06 17:22:47.080 23700 23713 I art     : Explicit concurrent mark sweep GC freed 3(96B) AllocSpace objects, 0(0B) LOS objects, 23% free, 53MB/69MB, paused 755us total 29.922ms
08-06 17:22:47.091 27726 27726 D AndroidRuntime: >>>>>> START com.android.internal.os.RuntimeInit uid 2000 <<<<<<
08-06 17:22:47.092 23700 23713 I art     : Starting a blocking GC Explicit
08-06 17:22:47.098 27726 27726 D AndroidRuntime: CheckJNI is OFF
08-06 17:22:47.124 23700 23713 I art     : Explicit concurrent mark sweep GC freed 3(96B) AllocSpace objects, 0(0B) LOS objects, 23% free, 53MB/69MB, paused 765us total 30.834ms
08-06 17:22:47.135 23700 23713 I art     : Starting a blocking GC Explicit
08-06 17:22:47.146 27726 27726 D ICU     : No timezone override file found: /data/misc/zoneinfo/current/icu/icu_tzdata.dat
08-06 17:22:47.166 23700 23713 I art     : Explicit concurrent mark sweep GC freed 3(96B) AllocSpace objects, 0(0B) LOS objects, 23% free, 53MB/69MB, paused 725us total 30.622ms
08-06 17:22:47.194 27726 27726 I Radio-JNI: register_android_hardware_Radio DONE
08-06 17:22:47.223 27726 27726 D AndroidRuntime: Calling main entry com.android.commands.input.Input
08-06 17:22:47.225 27726 27726 I Input   : injectKeyEvent: KeyEvent { action=ACTION_DOWN, keyCode=KEYCODE_BACK, scanCode=0, metaState=0, flags=0x0, repeatCount=0, eventTime=897783638, downTime=897783638, deviceId=-1, source=0x101 }
08-06 17:22:47.231 27726 27726 I Input   : injectKeyEvent: KeyEvent { action=ACTION_UP, keyCode=KEYCODE_BACK, scanCode=0, metaState=0, flags=0x0, repeatCount=0, eventTime=897783638, downTime=897783638, deviceId=-1, source=0x101 }
08-06 17:22:47.238 27726 27726 D AndroidRuntime: Shutting down VM
08-06 17:22:47.286 13866 13866 I GoogleInputMethodServic: GoogleInputMethodService.onFinishInput():3138 
08-06 17:22:47.287 13866 13866 I GoogleInputMethodServic: GoogleInputMethodService.onStartInput():1808 
08-06 17:22:47.454 23700 23713 I art     : Starting a blocking GC Explicit
08-06 17:22:47.483 23700 23713 I art     : Explicit concurrent mark sweep GC freed 1556(87KB) AllocSpace objects, 1(20KB) LOS objects, 23% free, 53MB/69MB, paused 742us total 28.886ms
08-06 17:22:47.494 23700 23713 I art     : Starting a blocking GC Explicit
08-06 17:22:47.521 23700 23713 I art     : Explicit concurrent mark sweep GC freed 24(864B) AllocSpace objects, 0(0B) LOS objects, 23% free, 53MB/69MB, paused 705us total 27.501ms
08-06 17:22:47.532 23700 23713 I art     : Starting a blocking GC Explicit
08-06 17:22:47.563 23700 23713 I art     : Explicit concurrent mark sweep GC freed 3(96B) AllocSpace objects, 0(0B) LOS objects, 23% free, 53MB/69MB, paused 752us total 30.207ms
08-06 17:22:47.576 23700 23713 I art     : Starting a blocking GC Explicit
08-06 17:22:47.605 23700 23713 I art     : Explicit concurrent mark sweep GC freed 528(26KB) AllocSpace objects, 0(0B) LOS objects, 23% free, 53MB/69MB, paused 775us total 28.873ms
08-06 17:22:47.617 23700 23713 I art     : Starting a blocking GC Explicit
08-06 17:22:47.645 23700 23713 I art     : Explicit concurrent mark sweep GC freed 154(5KB) AllocSpace objects, 0(0B) LOS objects, 23% free, 53MB/69MB, paused 764us total 27.901ms
08-06 17:22:47.962 23700 25454 I art     : Starting a blocking GC Explicit
08-06 17:22:47.997 23700 25454 I art     : Explicit concurrent mark sweep GC freed 4005(252KB) AllocSpace objects, 2(48KB) LOS objects, 23% free, 53MB/69MB, paused 813us total 35.375ms
08-06 17:22:48.012 23700 25454 I art     : Starting a blocking GC Explicit
08-06 17:22:48.041 23700 25454 I art     : Explicit concurrent mark sweep GC freed 20(704B) AllocSpace objects, 0(0B) LOS objects, 23% free, 53MB/69MB, paused 744us total 29.195ms
08-06 17:22:48.053 23700 25454 I art     : Starting a blocking GC Explicit
08-06 17:22:48.082 23700 25454 I art     : Explicit concurrent mark sweep GC freed 3(96B) AllocSpace objects, 0(0B) LOS objects, 23% free, 53MB/69MB, paused 748us total 28.889ms
08-06 17:22:48.093 23700 25454 I art     : Starting a blocking GC Explicit
08-06 17:22:48.122 23700 25454 I art     : Explicit concurrent mark sweep GC freed 3(96B) AllocSpace objects, 0(0B) LOS objects, 23% free, 53MB/69MB, paused 747us total 28.537ms
08-06 17:22:48.134 23700 25454 I art     : Starting a blocking GC Explicit
08-06 17:22:48.163 23700 25454 I art     : Explicit concurrent mark sweep GC freed 3(96B) AllocSpace objects, 0(0B) LOS objects, 23% free, 53MB/69MB, paused 737us total 28.810ms
08-06 17:22:48.474   518   646 I ThermalEngine: ACTION: GPU - Setting GPU[0] to 390000000
08-06 17:22:48.498 23700 24467 I art     : Starting a blocking GC Explicit
08-06 17:22:48.536 23700 24467 I art     : Explicit concurrent mark sweep GC freed 1344(78KB) AllocSpace objects, 1(20KB) LOS objects, 23% free, 53MB/69MB, paused 1.208ms total 37.374ms
08-06 17:22:48.553 23700 24467 I art     : Starting a blocking GC Explicit
08-06 17:22:48.588 23700 24467 I art     : Explicit concurrent mark sweep GC freed 20(704B) AllocSpace objects, 0(0B) LOS objects, 23% free, 53MB/69MB, paused 1.236ms total 34.785ms
08-06 17:22:48.604 23700 24467 I art     : Starting a blocking GC Explicit
08-06 17:22:48.638 23700 24467 I art     : Explicit concurrent mark sweep GC freed 3(96B) AllocSpace objects, 0(0B) LOS objects, 23% free, 53MB/69MB, paused 1.109ms total 33.917ms
08-06 17:22:48.655 23700 24467 I art     : Starting a blocking GC Explicit
08-06 17:22:48.691 23700 24467 I art     : Explicit concurrent mark sweep GC freed 3(96B) AllocSpace objects, 0(0B) LOS objects, 23% free, 53MB/69MB, paused 1.300ms total 36.295ms
08-06 17:22:48.708 23700 24467 I art     : Starting a blocking GC Explicit
08-06 17:22:48.743 23700 24467 I art     : Explicit concurrent mark sweep GC freed 3(96B) AllocSpace objects, 0(0B) LOS objects, 23% free, 53MB/69MB, paused 1.152ms total 34.561ms
08-06 17:22:49.072 23700 23712 I art     : Starting a blocking GC Explicit
08-06 17:22:49.111 23700 23712 I art     : Explicit concurrent mark sweep GC freed 1344(78KB) AllocSpace objects, 1(20KB) LOS objects, 23% free, 53MB/69MB, paused 1.158ms total 38.559ms
08-06 17:22:49.128 23700 23712 I art     : Starting a blocking GC Explicit
08-06 17:22:49.164 23700 23712 I art     : Explicit concurrent mark sweep GC freed 20(704B) AllocSpace objects, 0(0B) LOS objects, 23% free, 53MB/69MB, paused 1.156ms total 35.270ms
08-06 17:22:49.181 23700 23712 I art     : Starting a blocking GC Explicit
08-06 17:22:49.194 27783 27783 D AndroidRuntime: >>>>>> START com.android.internal.os.RuntimeInit uid 2000 <<<<<<
08-06 17:22:49.200 27783 27783 D AndroidRuntime: CheckJNI is OFF
08-06 17:22:49.217 23700 23712 I art     : Explicit concurrent mark sweep GC freed 3(96B) AllocSpace objects, 0(0B) LOS objects, 23% free, 53MB/69MB, paused 1.170ms total 36.044ms
08-06 17:22:49.233 23700 23712 I art     : Starting a blocking GC Explicit
08-06 17:22:49.258 27783 27783 D ICU     : No timezone override file found: /data/misc/zoneinfo/current/icu/icu_tzdata.dat
08-06 17:22:49.268 23700 23712 I art     : Explicit concurrent mark sweep GC freed 3(96B) AllocSpace objects, 0(0B) LOS objects, 23% free, 53MB/69MB, paused 1.229ms total 34.582ms
08-06 17:22:49.285 23700 23712 I art     : Starting a blocking GC Explicit
08-06 17:22:49.304 27783 27783 I Radio-JNI: register_android_hardware_Radio DONE
08-06 17:22:49.320 23700 23712 I art     : Explicit concurrent mark sweep GC freed 3(96B) AllocSpace objects, 0(0B) LOS objects, 23% free, 53MB/69MB, paused 1.165ms total 35.102ms
08-06 17:22:49.336 27783 27783 D AndroidRuntime: Calling main entry com.android.commands.am.Am
08-06 17:22:49.343 26540 26540 I Trepn   : Trepn 6.2s: Received intent: com.quicinc.trepn.stop_profiling
08-06 17:22:49.375 26540 26540 I Trepn   : Trepn 6.2s: Trepn has Stopped Profiling.
08-06 17:22:49.563 27783 27783 D AndroidRuntime: Shutting down VM
08-06 17:22:49.568   918  5132 W AppOps  : Finishing op nesting under-run: uid 10078 pkg com.quicinc.trepn code 24 time=0 duration=0 nesting=0
08-06 17:22:49.645 23700 23736 I art     : Starting a blocking GC Explicit
08-06 17:22:49.681 23700 23736 I art     : Explicit concurrent mark sweep GC freed 1344(78KB) AllocSpace objects, 1(20KB) LOS objects, 23% free, 53MB/69MB, paused 1.069ms total 36.217ms
08-06 17:22:49.700 23700 23736 I art     : Starting a blocking GC Explicit
08-06 17:22:49.737 23700 23736 I art     : Explicit concurrent mark sweep GC freed 20(704B) AllocSpace objects, 0(0B) LOS objects, 23% free, 53MB/69MB, paused 1.034ms total 36.655ms
08-06 17:22:49.758 23700 23736 I art     : Starting a blocking GC Explicit
08-06 17:22:49.797 23700 23736 I art     : Explicit concurrent mark sweep GC freed 3(96B) AllocSpace objects, 0(0B) LOS objects, 23% free, 53MB/69MB, paused 1.220ms total 38.649ms
08-06 17:22:49.815 23700 23736 I art     : Starting a blocking GC Explicit
08-06 17:22:49.849 23700 23736 I art     : Explicit concurrent mark sweep GC freed 3(96B) AllocSpace objects, 0(0B) LOS objects, 23% free, 53MB/69MB, paused 1.122ms total 33.827ms
08-06 17:22:49.865 23700 23736 I art     : Starting a blocking GC Explicit
08-06 17:22:49.900 23700 23736 I art     : Explicit concurrent mark sweep GC freed 3(96B) AllocSpace objects, 0(0B) LOS objects, 23% free, 53MB/69MB, paused 1.218ms total 34.889ms
08-06 17:22:51.477   518   646 I ThermalEngine: ACTION: GPU - Setting GPU[0] to 450000000
