08-06 13:02:43.700   380   380 W SurfaceFlinger: couldn't log to binary event log: overflow.
08-06 13:02:43.701 28492 28514 I art     : Starting a blocking GC Explicit
08-06 13:02:43.722 28492 28514 I art     : Explicit concurrent mark sweep GC freed 109(8KB) AllocSpace objects, 0(0B) LOS objects, 23% free, 52MB/68MB, paused 375us total 19.593ms
08-06 13:02:43.995 28492 28604 I art     : Starting a blocking GC Explicit
08-06 13:02:44.018 28492 28604 I art     : Explicit concurrent mark sweep GC freed 1456(84KB) AllocSpace objects, 1(20KB) LOS objects, 23% free, 52MB/68MB, paused 415us total 22.601ms
08-06 13:02:44.030 28492 28604 I art     : Starting a blocking GC Explicit
08-06 13:02:44.049 28492 28604 I art     : Explicit concurrent mark sweep GC freed 1562(100KB) AllocSpace objects, 3(400KB) LOS objects, 23% free, 52MB/68MB, paused 374us total 19.274ms
08-06 13:02:44.057 28492 28604 I art     : Starting a blocking GC Explicit
08-06 13:02:44.076 28492 28604 I art     : Explicit concurrent mark sweep GC freed 3(96B) AllocSpace objects, 0(0B) LOS objects, 23% free, 52MB/68MB, paused 373us total 18.627ms
08-06 13:02:44.085 28492 28604 I art     : Starting a blocking GC Explicit
08-06 13:02:44.104 28492 28604 I art     : Explicit concurrent mark sweep GC freed 3(96B) AllocSpace objects, 0(0B) LOS objects, 23% free, 52MB/68MB, paused 342us total 18.795ms
08-06 13:02:44.112 28492 28604 I art     : Starting a blocking GC Explicit
08-06 13:02:44.131 28492 28604 I art     : Explicit concurrent mark sweep GC freed 3(96B) AllocSpace objects, 0(0B) LOS objects, 23% free, 52MB/68MB, paused 379us total 19.060ms
08-06 13:02:44.429 28492 28605 I art     : Starting a blocking GC Explicit
08-06 13:02:44.450 28492 28605 I art     : Explicit concurrent mark sweep GC freed 1343(78KB) AllocSpace objects, 1(20KB) LOS objects, 23% free, 52MB/68MB, paused 548us total 20.864ms
08-06 13:02:44.464 28492 28605 I art     : Starting a blocking GC Explicit
08-06 13:02:44.482 28492 28605 I art     : Explicit concurrent mark sweep GC freed 20(704B) AllocSpace objects, 0(0B) LOS objects, 23% free, 52MB/68MB, paused 359us total 18.297ms
08-06 13:02:44.491 28492 28605 I art     : Starting a blocking GC Explicit
08-06 13:02:44.509 28492 28605 I art     : Explicit concurrent mark sweep GC freed 3(96B) AllocSpace objects, 0(0B) LOS objects, 23% free, 52MB/68MB, paused 348us total 18.573ms
08-06 13:02:44.518 28492 28605 I art     : Starting a blocking GC Explicit
08-06 13:02:44.538 28492 28605 I art     : Explicit concurrent mark sweep GC freed 3(96B) AllocSpace objects, 0(0B) LOS objects, 23% free, 52MB/68MB, paused 372us total 19.453ms
08-06 13:02:44.546 28492 28605 I art     : Starting a blocking GC Explicit
08-06 13:02:44.565 28492 28605 I art     : Explicit concurrent mark sweep GC freed 3(96B) AllocSpace objects, 0(0B) LOS objects, 23% free, 52MB/68MB, paused 405us total 18.697ms
08-06 13:02:44.833 28492 28513 I art     : Starting a blocking GC Explicit
08-06 13:02:44.853 28492 28513 I art     : Explicit concurrent mark sweep GC freed 1342(78KB) AllocSpace objects, 1(20KB) LOS objects, 23% free, 52MB/68MB, paused 376us total 19.110ms
08-06 13:02:44.861 28492 28513 I art     : Starting a blocking GC Explicit
08-06 13:02:44.880 28492 28513 I art     : Explicit concurrent mark sweep GC freed 20(704B) AllocSpace objects, 0(0B) LOS objects, 23% free, 52MB/68MB, paused 386us total 18.882ms
08-06 13:02:44.889 28492 28513 I art     : Starting a blocking GC Explicit
08-06 13:02:44.908 28492 28513 I art     : Explicit concurrent mark sweep GC freed 3(96B) AllocSpace objects, 0(0B) LOS objects, 23% free, 52MB/68MB, paused 357us total 19.239ms
08-06 13:02:44.916 28492 28513 I art     : Starting a blocking GC Explicit
08-06 13:02:44.935 28492 28513 I art     : Explicit concurrent mark sweep GC freed 3(96B) AllocSpace objects, 0(0B) LOS objects, 23% free, 52MB/68MB, paused 369us total 18.081ms
08-06 13:02:44.943 28492 28513 I art     : Starting a blocking GC Explicit
08-06 13:02:44.961 28492 28513 I art     : Explicit concurrent mark sweep GC freed 3(96B) AllocSpace objects, 0(0B) LOS objects, 23% free, 52MB/68MB, paused 356us total 17.913ms
08-06 13:02:45.022 29698 29698 D AndroidRuntime: >>>>>> START com.android.internal.os.RuntimeInit uid 2000 <<<<<<
08-06 13:02:45.027 29698 29698 D AndroidRuntime: CheckJNI is OFF
08-06 13:02:45.064 29698 29698 D ICU     : No timezone override file found: /data/misc/zoneinfo/current/icu/icu_tzdata.dat
08-06 13:02:45.101 29698 29698 I Radio-JNI: register_android_hardware_Radio DONE
08-06 13:02:45.123 29698 29698 D AndroidRuntime: Calling main entry com.android.commands.input.Input
08-06 13:02:45.125 29698 29698 I Input   : injectMotionEvent: MotionEvent { action=ACTION_DOWN, actionButton=0, id[0]=0, x[0]=733.0, y[0]=1957.0, toolType[0]=TOOL_TYPE_UNKNOWN, buttonState=0, metaState=0, flags=0x0, edgeFlags=0x0, pointerCount=1, historySize=0, eventTime=882181538, downTime=882181538, deviceId=0, source=0x1002 }
08-06 13:02:45.129 29698 29698 I Input   : injectMotionEvent: MotionEvent { action=ACTION_UP, actionButton=0, id[0]=0, x[0]=733.0, y[0]=1957.0, toolType[0]=TOOL_TYPE_UNKNOWN, buttonState=0, metaState=0, flags=0x0, edgeFlags=0x0, pointerCount=1, historySize=0, eventTime=882181538, downTime=882181538, deviceId=0, source=0x1002 }
08-06 13:02:45.131   918  6110 I ActivityManager: START u0 {cmp=baseline.appteam.nith.hillffair/.activities.ClubActivity (has extras)} from uid 10697 on display 0
08-06 13:02:45.137 29698 29698 D AndroidRuntime: Shutting down VM
08-06 13:02:45.223   918   936 I ActivityManager: Displayed baseline.appteam.nith.hillffair/.activities.ClubActivity: +85ms
08-06 13:02:45.223 13866 13866 I GoogleInputMethodServic: GoogleInputMethodService.onFinishInput():3138 
08-06 13:02:45.223 13866 13866 I GoogleInputMethodServic: GoogleInputMethodService.onStartInput():1808 
08-06 13:02:45.230 28492 28513 I art     : Starting a blocking GC Explicit
08-06 13:02:45.250 28492 28513 I art     : Explicit concurrent mark sweep GC freed 5220(327KB) AllocSpace objects, 1(20KB) LOS objects, 23% free, 52MB/68MB, paused 410us total 20.014ms
08-06 13:02:45.258 28492 28513 I art     : Starting a blocking GC Explicit
08-06 13:02:45.275 28492 28513 I art     : Explicit concurrent mark sweep GC freed 237(11KB) AllocSpace objects, 0(0B) LOS objects, 23% free, 52MB/68MB, paused 429us total 17.011ms
08-06 13:02:45.282 28492 28513 I art     : Starting a blocking GC Explicit
08-06 13:02:45.301 28492 28513 I art     : Explicit concurrent mark sweep GC freed 52(4KB) AllocSpace objects, 0(0B) LOS objects, 23% free, 52MB/68MB, paused 365us total 17.945ms
08-06 13:02:45.309 28492 28513 I art     : Starting a blocking GC Explicit
08-06 13:02:45.326 28492 28513 I art     : Explicit concurrent mark sweep GC freed 3(96B) AllocSpace objects, 0(0B) LOS objects, 23% free, 52MB/68MB, paused 369us total 17.407ms
08-06 13:02:45.334 28492 28513 I art     : Starting a blocking GC Explicit
08-06 13:02:45.357 28492 28513 I art     : Explicit concurrent mark sweep GC freed 3(96B) AllocSpace objects, 0(0B) LOS objects, 23% free, 52MB/68MB, paused 559us total 22.569ms
08-06 13:02:45.470   380   380 W SurfaceFlinger: couldn't log to binary event log: overflow.
08-06 13:02:45.589 28492 28604 I art     : Starting a blocking GC Explicit
08-06 13:02:45.612 28492 28604 I art     : Explicit concurrent mark sweep GC freed 1434(83KB) AllocSpace objects, 1(20KB) LOS objects, 23% free, 52MB/68MB, paused 453us total 23.071ms
08-06 13:02:45.623 28492 28604 I art     : Starting a blocking GC Explicit
08-06 13:02:45.646 28492 28604 I art     : Explicit concurrent mark sweep GC freed 37(1392B) AllocSpace objects, 0(0B) LOS objects, 23% free, 52MB/68MB, paused 427us total 22.245ms
08-06 13:02:45.655 28492 28604 I art     : Starting a blocking GC Explicit
08-06 13:02:45.673 28492 28604 I art     : Explicit concurrent mark sweep GC freed 13(480B) AllocSpace objects, 0(0B) LOS objects, 23% free, 52MB/68MB, paused 414us total 17.884ms
08-06 13:02:45.681 28492 28604 I art     : Starting a blocking GC Explicit
08-06 13:02:45.700 28492 28604 I art     : Explicit concurrent mark sweep GC freed 1096(74KB) AllocSpace objects, 0(0B) LOS objects, 23% free, 52MB/68MB, paused 631us total 19.078ms
08-06 13:02:45.708 28492 28604 I art     : Starting a blocking GC Explicit
08-06 13:02:45.712 28492 29730 D OkHttp  : --> GET https://api-hillfair-2k16.herokuapp.com/api/app/events/special/event?id=58065620dcba0f490c70fe09 http/1.1
08-06 13:02:45.726 28492 28604 I art     : Explicit concurrent mark sweep GC freed 2353(166KB) AllocSpace objects, 3(200KB) LOS objects, 23% free, 52MB/68MB, paused 425us total 18.417ms
08-06 13:02:45.745 28492 29730 D OkHttp  : <-- 200 OK https://api-hillfair-2k16.herokuapp.com/api/app/events/special/event?id=58065620dcba0f490c70fe09 (33ms, 682-byte body)
08-06 13:02:45.803 28492 28492 I NAPPA_EXPERIMENTATION: MetricNetworkRequestExecutionTime: REQUEST_DURATION_SYSTEM='636',REQUEST_DURATION_OKHTTP='33',REQUEST_SYNCHRONOUS='FALSE',RESPONSE_CODE='200',RESPONSE_METHOD='GET',RESPONSE_LENGTH_OKHTTP='682',RESPONSE_LENGTH_HEADER='682',REQUEST_PROTOCOL='http/1.1',REQUEST_URL='https://api-hillfair-2k16.herokuapp.com/api/app/events/special/event?id=58065620dcba0f490c70fe09',
08-06 13:02:46.010 28492 28513 I art     : Starting a blocking GC Explicit
08-06 13:02:46.031 28492 28513 I art     : Explicit concurrent mark sweep GC freed 2255(184KB) AllocSpace objects, 1(20KB) LOS objects, 23% free, 52MB/68MB, paused 375us total 21.019ms
08-06 13:02:46.040 28492 28513 I art     : Starting a blocking GC Explicit
08-06 13:02:46.061 28492 28513 I art     : Explicit concurrent mark sweep GC freed 99(3KB) AllocSpace objects, 0(0B) LOS objects, 23% free, 52MB/68MB, paused 385us total 20.326ms
08-06 13:02:46.069 28492 28513 I art     : Starting a blocking GC Explicit
08-06 13:02:46.090 28492 28513 I art     : Explicit concurrent mark sweep GC freed 3(96B) AllocSpace objects, 0(0B) LOS objects, 23% free, 52MB/68MB, paused 438us total 20.127ms
08-06 13:02:46.098 28492 28513 I art     : Starting a blocking GC Explicit
08-06 13:02:46.118 28492 28513 I art     : Explicit concurrent mark sweep GC freed 3(96B) AllocSpace objects, 0(0B) LOS objects, 23% free, 52MB/68MB, paused 426us total 19.231ms
08-06 13:02:46.126 28492 28513 I art     : Starting a blocking GC Explicit
08-06 13:02:46.145 28492 28513 I art     : Explicit concurrent mark sweep GC freed 3(96B) AllocSpace objects, 0(0B) LOS objects, 23% free, 52MB/68MB, paused 352us total 18.676ms
08-06 13:02:46.414 28492 28604 I art     : Starting a blocking GC Explicit
08-06 13:02:46.441 28492 28604 I art     : Explicit concurrent mark sweep GC freed 1343(78KB) AllocSpace objects, 1(20KB) LOS objects, 23% free, 52MB/68MB, paused 426us total 25.974ms
08-06 13:02:46.455 28492 28604 I art     : Starting a blocking GC Explicit
08-06 13:02:46.478 28492 28604 I art     : Explicit concurrent mark sweep GC freed 36(1264B) AllocSpace objects, 0(0B) LOS objects, 23% free, 52MB/68MB, paused 403us total 23.193ms
08-06 13:02:46.487 28492 28604 I art     : Starting a blocking GC Explicit
08-06 13:02:46.507 28492 28604 I art     : Explicit concurrent mark sweep GC freed 3(96B) AllocSpace objects, 0(0B) LOS objects, 23% free, 52MB/68MB, paused 407us total 20.385ms
08-06 13:02:46.516 28492 28604 I art     : Starting a blocking GC Explicit
08-06 13:02:46.536 28492 28604 I art     : Explicit concurrent mark sweep GC freed 3(96B) AllocSpace objects, 0(0B) LOS objects, 23% free, 52MB/68MB, paused 393us total 20.141ms
08-06 13:02:46.545 28492 28604 I art     : Starting a blocking GC Explicit
08-06 13:02:46.565 28492 28604 I art     : Explicit concurrent mark sweep GC freed 3(96B) AllocSpace objects, 0(0B) LOS objects, 23% free, 52MB/68MB, paused 408us total 19.896ms
08-06 13:02:46.849 28492 28513 I art     : Starting a blocking GC Explicit
08-06 13:02:46.871 28492 28513 I art     : Explicit concurrent mark sweep GC freed 1343(78KB) AllocSpace objects, 1(20KB) LOS objects, 23% free, 52MB/68MB, paused 392us total 21.247ms
08-06 13:02:46.879 28492 28513 I art     : Starting a blocking GC Explicit
08-06 13:02:46.900 28492 28513 I art     : Explicit concurrent mark sweep GC freed 20(704B) AllocSpace objects, 0(0B) LOS objects, 23% free, 52MB/68MB, paused 454us total 20.686ms
08-06 13:02:46.909 28492 28513 I art     : Starting a blocking GC Explicit
08-06 13:02:46.929 28492 28513 I art     : Explicit concurrent mark sweep GC freed 3(96B) AllocSpace objects, 0(0B) LOS objects, 23% free, 52MB/68MB, paused 391us total 20.245ms
08-06 13:02:46.938 28492 28513 I art     : Starting a blocking GC Explicit
08-06 13:02:46.958 28492 28513 I art     : Explicit concurrent mark sweep GC freed 3(96B) AllocSpace objects, 0(0B) LOS objects, 23% free, 52MB/68MB, paused 380us total 20.065ms
08-06 13:02:46.967 28492 28513 I art     : Starting a blocking GC Explicit
08-06 13:02:46.988 28492 28513 I art     : Explicit concurrent mark sweep GC freed 3(96B) AllocSpace objects, 0(0B) LOS objects, 23% free, 52MB/68MB, paused 394us total 20.581ms
08-06 13:02:47.302 28492 28514 I art     : Starting a blocking GC Explicit
08-06 13:02:47.330 28492 28514 I art     : Explicit concurrent mark sweep GC freed 1343(78KB) AllocSpace objects, 1(20KB) LOS objects, 23% free, 52MB/68MB, paused 405us total 27.562ms
08-06 13:02:47.341 28492 28514 I art     : Starting a blocking GC Explicit
08-06 13:02:47.362 28492 28514 I art     : Explicit concurrent mark sweep GC freed 20(704B) AllocSpace objects, 0(0B) LOS objects, 23% free, 52MB/68MB, paused 400us total 20.176ms
08-06 13:02:47.370 28492 28514 I art     : Starting a blocking GC Explicit
08-06 13:02:47.391 28492 28514 I art     : Explicit concurrent mark sweep GC freed 3(96B) AllocSpace objects, 0(0B) LOS objects, 23% free, 52MB/68MB, paused 384us total 19.953ms
08-06 13:02:47.399 28492 28514 I art     : Starting a blocking GC Explicit
08-06 13:02:47.418 28492 28514 I art     : Explicit concurrent mark sweep GC freed 3(96B) AllocSpace objects, 0(0B) LOS objects, 23% free, 52MB/68MB, paused 374us total 19.034ms
08-06 13:02:47.427 28492 28514 I art     : Starting a blocking GC Explicit
08-06 13:02:47.445 28492 28514 I art     : Explicit concurrent mark sweep GC freed 3(96B) AllocSpace objects, 0(0B) LOS objects, 23% free, 52MB/68MB, paused 367us total 18.251ms
08-06 13:02:47.761 28492 28605 I art     : Starting a blocking GC Explicit
08-06 13:02:47.783 28492 28605 I art     : Explicit concurrent mark sweep GC freed 1343(78KB) AllocSpace objects, 1(20KB) LOS objects, 23% free, 52MB/68MB, paused 434us total 21.525ms
08-06 13:02:47.798 28492 28605 I art     : Starting a blocking GC Explicit
08-06 13:02:47.817 28492 28605 I art     : Explicit concurrent mark sweep GC freed 20(704B) AllocSpace objects, 0(0B) LOS objects, 23% free, 52MB/68MB, paused 460us total 18.862ms
08-06 13:02:47.825 28492 28605 I art     : Starting a blocking GC Explicit
08-06 13:02:47.834 29785 29785 D AndroidRuntime: >>>>>> START com.android.internal.os.RuntimeInit uid 2000 <<<<<<
08-06 13:02:47.838 29785 29785 D AndroidRuntime: CheckJNI is OFF
08-06 13:02:47.845 28492 28605 I art     : Explicit concurrent mark sweep GC freed 3(96B) AllocSpace objects, 0(0B) LOS objects, 23% free, 52MB/68MB, paused 408us total 19.606ms
08-06 13:02:47.853 28492 28605 I art     : Starting a blocking GC Explicit
08-06 13:02:47.872 28492 28605 I art     : Explicit concurrent mark sweep GC freed 3(96B) AllocSpace objects, 0(0B) LOS objects, 23% free, 52MB/68MB, paused 393us total 18.963ms
08-06 13:02:47.873 29785 29785 D ICU     : No timezone override file found: /data/misc/zoneinfo/current/icu/icu_tzdata.dat
08-06 13:02:47.881 28492 28605 I art     : Starting a blocking GC Explicit
08-06 13:02:47.901 28492 28605 I art     : Explicit concurrent mark sweep GC freed 3(96B) AllocSpace objects, 0(0B) LOS objects, 23% free, 52MB/68MB, paused 389us total 19.766ms
08-06 13:02:47.910 29785 29785 I Radio-JNI: register_android_hardware_Radio DONE
08-06 13:02:47.932 29785 29785 D AndroidRuntime: Calling main entry com.android.commands.input.Input
08-06 13:02:47.933 29785 29785 I Input   : injectKeyEvent: KeyEvent { action=ACTION_DOWN, keyCode=KEYCODE_BACK, scanCode=0, metaState=0, flags=0x0, repeatCount=0, eventTime=882184346, downTime=882184346, deviceId=-1, source=0x101 }
08-06 13:02:47.939 29785 29785 I Input   : injectKeyEvent: KeyEvent { action=ACTION_UP, keyCode=KEYCODE_BACK, scanCode=0, metaState=0, flags=0x0, repeatCount=0, eventTime=882184346, downTime=882184346, deviceId=-1, source=0x101 }
08-06 13:02:47.944 29785 29785 D AndroidRuntime: Shutting down VM
08-06 13:02:47.981 13866 13866 I GoogleInputMethodServic: GoogleInputMethodService.onFinishInput():3138 
08-06 13:02:47.981 13866 13866 I GoogleInputMethodServic: GoogleInputMethodService.onStartInput():1808 
08-06 13:02:48.161 28492 28604 I art     : Starting a blocking GC Explicit
08-06 13:02:48.185 28492 28604 I art     : Explicit concurrent mark sweep GC freed 1513(85KB) AllocSpace objects, 1(20KB) LOS objects, 23% free, 52MB/68MB, paused 389us total 23.790ms
08-06 13:02:48.196 28492 28604 I art     : Starting a blocking GC Explicit
08-06 13:02:48.219 28492 28604 I art     : Explicit concurrent mark sweep GC freed 26(944B) AllocSpace objects, 0(0B) LOS objects, 23% free, 52MB/68MB, paused 383us total 23.363ms
08-06 13:02:48.230 28492 28604 I art     : Starting a blocking GC Explicit
08-06 13:02:48.252 28492 28604 I art     : Explicit concurrent mark sweep GC freed 3(96B) AllocSpace objects, 0(0B) LOS objects, 23% free, 52MB/68MB, paused 432us total 22.578ms
08-06 13:02:48.263 28492 28604 I art     : Starting a blocking GC Explicit
08-06 13:02:48.283 28492 28604 I art     : Explicit concurrent mark sweep GC freed 3(96B) AllocSpace objects, 0(0B) LOS objects, 23% free, 52MB/68MB, paused 385us total 19.829ms
08-06 13:02:48.288   380   380 W SurfaceFlinger: couldn't log to binary event log: overflow.
08-06 13:02:48.293 28492 28604 I art     : Starting a blocking GC Explicit
08-06 13:02:48.312 28492 28604 I art     : Explicit concurrent mark sweep GC freed 109(8KB) AllocSpace objects, 0(0B) LOS objects, 23% free, 52MB/68MB, paused 348us total 17.902ms
08-06 13:02:48.598 28492 28605 I art     : Starting a blocking GC Explicit
08-06 13:02:48.624 28492 28605 I art     : Explicit concurrent mark sweep GC freed 1456(84KB) AllocSpace objects, 1(20KB) LOS objects, 23% free, 52MB/68MB, paused 419us total 25.221ms
08-06 13:02:48.636 28492 28605 I art     : Starting a blocking GC Explicit
08-06 13:02:48.656 28492 28605 I art     : Explicit concurrent mark sweep GC freed 1562(100KB) AllocSpace objects, 3(400KB) LOS objects, 23% free, 52MB/68MB, paused 391us total 19.756ms
08-06 13:02:48.665 28492 28605 I art     : Starting a blocking GC Explicit
08-06 13:02:48.684 28492 28605 I art     : Explicit concurrent mark sweep GC freed 3(96B) AllocSpace objects, 0(0B) LOS objects, 23% free, 52MB/68MB, paused 388us total 19.540ms
08-06 13:02:48.693 28492 28605 I art     : Starting a blocking GC Explicit
08-06 13:02:48.713 28492 28605 I art     : Explicit concurrent mark sweep GC freed 3(96B) AllocSpace objects, 0(0B) LOS objects, 23% free, 52MB/68MB, paused 397us total 19.721ms
08-06 13:02:48.722 28492 28605 I art     : Starting a blocking GC Explicit
08-06 13:02:48.741 28492 28605 I art     : Explicit concurrent mark sweep GC freed 3(96B) AllocSpace objects, 0(0B) LOS objects, 23% free, 52MB/68MB, paused 384us total 19.300ms
08-06 13:02:49.040 28492 28514 I art     : Starting a blocking GC Explicit
08-06 13:02:49.065 28492 28514 I art     : Explicit concurrent mark sweep GC freed 1344(78KB) AllocSpace objects, 1(20KB) LOS objects, 23% free, 52MB/68MB, paused 414us total 24.434ms
08-06 13:02:49.077 28492 28514 I art     : Starting a blocking GC Explicit
08-06 13:02:49.099 28492 28514 I art     : Explicit concurrent mark sweep GC freed 20(704B) AllocSpace objects, 0(0B) LOS objects, 23% free, 52MB/68MB, paused 437us total 21.939ms
08-06 13:02:49.108 28492 28514 I art     : Starting a blocking GC Explicit
08-06 13:02:49.128 28492 28514 I art     : Explicit concurrent mark sweep GC freed 3(96B) AllocSpace objects, 0(0B) LOS objects, 23% free, 52MB/68MB, paused 388us total 19.819ms
08-06 13:02:49.137 28492 28514 I art     : Starting a blocking GC Explicit
08-06 13:02:49.156 28492 28514 I art     : Explicit concurrent mark sweep GC freed 3(96B) AllocSpace objects, 0(0B) LOS objects, 23% free, 52MB/68MB, paused 397us total 19.235ms
08-06 13:02:49.165 28492 28514 I art     : Starting a blocking GC Explicit
08-06 13:02:49.183 28492 28514 I art     : Explicit concurrent mark sweep GC freed 3(96B) AllocSpace objects, 0(0B) LOS objects, 23% free, 52MB/68MB, paused 357us total 18.276ms
08-06 13:02:49.332 29105 29105 I ServiceManager: Waiting for service AtCmdFwd...
08-06 13:02:49.468 28492 29818 I art     : Starting a blocking GC Explicit
08-06 13:02:49.488 28492 29818 I art     : Explicit concurrent mark sweep GC freed 1342(78KB) AllocSpace objects, 1(20KB) LOS objects, 23% free, 52MB/68MB, paused 406us total 19.787ms
08-06 13:02:49.497 28492 29818 I art     : Starting a blocking GC Explicit
08-06 13:02:49.516 28492 29818 I art     : Explicit concurrent mark sweep GC freed 20(704B) AllocSpace objects, 0(0B) LOS objects, 23% free, 52MB/68MB, paused 396us total 19.367ms
08-06 13:02:49.525 28492 29818 I art     : Starting a blocking GC Explicit
08-06 13:02:49.544 28492 29818 I art     : Explicit concurrent mark sweep GC freed 3(96B) AllocSpace objects, 0(0B) LOS objects, 23% free, 52MB/68MB, paused 400us total 19.165ms
08-06 13:02:49.552 28492 29818 I art     : Starting a blocking GC Explicit
08-06 13:02:49.571 28492 29818 I art     : Explicit concurrent mark sweep GC freed 3(96B) AllocSpace objects, 0(0B) LOS objects, 23% free, 52MB/68MB, paused 390us total 18.378ms
08-06 13:02:49.579 28492 29818 I art     : Starting a blocking GC Explicit
08-06 13:02:49.587 29841 29841 D AndroidRuntime: >>>>>> START com.android.internal.os.RuntimeInit uid 2000 <<<<<<
08-06 13:02:49.592 29841 29841 D AndroidRuntime: CheckJNI is OFF
08-06 13:02:49.598 28492 29818 I art     : Explicit concurrent mark sweep GC freed 3(96B) AllocSpace objects, 0(0B) LOS objects, 23% free, 52MB/68MB, paused 416us total 18.924ms
08-06 13:02:49.626 29841 29841 D ICU     : No timezone override file found: /data/misc/zoneinfo/current/icu/icu_tzdata.dat
08-06 13:02:49.658 29841 29841 I Radio-JNI: register_android_hardware_Radio DONE
08-06 13:02:49.679 29841 29841 D AndroidRuntime: Calling main entry com.android.commands.input.Input
08-06 13:02:49.681 29841 29841 I Input   : injectMotionEvent: MotionEvent { action=ACTION_DOWN, actionButton=0, id[0]=0, x[0]=733.0, y[0]=645.0, toolType[0]=TOOL_TYPE_UNKNOWN, buttonState=0, metaState=0, flags=0x0, edgeFlags=0x0, pointerCount=1, historySize=0, eventTime=882186094, downTime=882186094, deviceId=0, source=0x1002 }
08-06 13:02:49.688 29841 29841 I Input   : injectMotionEvent: MotionEvent { action=ACTION_UP, actionButton=0, id[0]=0, x[0]=733.0, y[0]=645.0, toolType[0]=TOOL_TYPE_UNKNOWN, buttonState=0, metaState=0, flags=0x0, edgeFlags=0x0, pointerCount=1, historySize=0, eventTime=882186094, downTime=882186094, deviceId=0, source=0x1002 }
08-06 13:02:49.691   918  6111 I ActivityManager: START u0 {cmp=baseline.appteam.nith.hillffair/.activities.ClubActivity (has extras)} from uid 10697 on display 0
08-06 13:02:49.701 29841 29841 D AndroidRuntime: Shutting down VM
08-06 13:02:49.788 13866 13866 I GoogleInputMethodServic: GoogleInputMethodService.onFinishInput():3138 
08-06 13:02:49.789 13866 13866 I GoogleInputMethodServic: GoogleInputMethodService.onStartInput():1808 
08-06 13:02:49.796   918   936 I ActivityManager: Displayed baseline.appteam.nith.hillffair/.activities.ClubActivity: +95ms
08-06 13:02:49.845 28492 29818 I art     : Starting a blocking GC Explicit
08-06 13:02:49.865 28492 29818 I art     : Explicit concurrent mark sweep GC freed 5289(331KB) AllocSpace objects, 1(20KB) LOS objects, 23% free, 52MB/68MB, paused 401us total 19.194ms
08-06 13:02:49.873 28492 29818 I art     : Starting a blocking GC Explicit
08-06 13:02:49.891 28492 29818 I art     : Explicit concurrent mark sweep GC freed 211(9KB) AllocSpace objects, 0(0B) LOS objects, 23% free, 52MB/68MB, paused 420us total 18.013ms
08-06 13:02:49.899 28492 29818 I art     : Starting a blocking GC Explicit
08-06 13:02:49.918 28492 29818 I art     : Explicit concurrent mark sweep GC freed 3(96B) AllocSpace objects, 0(0B) LOS objects, 23% free, 52MB/68MB, paused 744us total 18.513ms
08-06 13:02:49.927 28492 29818 I art     : Starting a blocking GC Explicit
08-06 13:02:49.949 28492 29818 I art     : Explicit concurrent mark sweep GC freed 3(96B) AllocSpace objects, 0(0B) LOS objects, 23% free, 52MB/68MB, paused 405us total 21.394ms
08-06 13:02:49.958 28492 29818 I art     : Starting a blocking GC Explicit
08-06 13:02:49.982 28492 29818 I art     : Explicit concurrent mark sweep GC freed 3(96B) AllocSpace objects, 0(0B) LOS objects, 23% free, 52MB/68MB, paused 406us total 22.956ms
08-06 13:02:50.040   380   380 W SurfaceFlinger: couldn't log to binary event log: overflow.
08-06 13:02:50.228 28492 29818 I art     : Starting a blocking GC Explicit
08-06 13:02:50.247 28492 29818 I art     : Explicit concurrent mark sweep GC freed 1454(84KB) AllocSpace objects, 1(20KB) LOS objects, 23% free, 52MB/68MB, paused 451us total 19.517ms
08-06 13:02:50.256 28492 29818 I art     : Starting a blocking GC Explicit
08-06 13:02:50.276 28492 29818 I art     : Explicit concurrent mark sweep GC freed 35(1232B) AllocSpace objects, 0(0B) LOS objects, 23% free, 52MB/68MB, paused 507us total 20.118ms
08-06 13:02:50.284 28492 29818 I art     : Starting a blocking GC Explicit
08-06 13:02:50.304 28492 29818 I art     : Explicit concurrent mark sweep GC freed 9(336B) AllocSpace objects, 0(0B) LOS objects, 23% free, 52MB/68MB, paused 484us total 19.325ms
08-06 13:02:50.312 28492 29818 I art     : Starting a blocking GC Explicit
08-06 13:02:50.331 28492 29818 I art     : Explicit concurrent mark sweep GC freed 13(480B) AllocSpace objects, 0(0B) LOS objects, 23% free, 52MB/68MB, paused 424us total 19.316ms
08-06 13:02:50.333 29105 29105 I ServiceManager: Waiting for service AtCmdFwd...
08-06 13:02:50.340 28492 29818 I art     : Starting a blocking GC Explicit
08-06 13:02:50.359 28492 29818 I art     : Explicit concurrent mark sweep GC freed 12(432B) AllocSpace objects, 0(0B) LOS objects, 23% free, 52MB/68MB, paused 501us total 19.236ms
08-06 13:02:50.526 28492 29866 D OkHttp  : --> GET https://api-hillfair-2k16.herokuapp.com/api/app/events/special/event?id=5806551bdcba0f490c70fd1f http/1.1
08-06 13:02:50.559 28492 29866 D OkHttp  : <-- 200 OK https://api-hillfair-2k16.herokuapp.com/api/app/events/special/event?id=5806551bdcba0f490c70fd1f (32ms, 795-byte body)
08-06 13:02:50.609 28492 28492 I NAPPA_EXPERIMENTATION: MetricNetworkRequestExecutionTime: REQUEST_DURATION_SYSTEM='885',REQUEST_DURATION_OKHTTP='33',REQUEST_SYNCHRONOUS='FALSE',RESPONSE_CODE='200',RESPONSE_METHOD='GET',RESPONSE_LENGTH_OKHTTP='795',RESPONSE_LENGTH_HEADER='795',REQUEST_PROTOCOL='http/1.1',REQUEST_URL='https://api-hillfair-2k16.herokuapp.com/api/app/events/special/event?id=5806551bdcba0f490c70fd1f',
08-06 13:02:50.628 28492 29818 I art     : Starting a blocking GC Explicit
08-06 13:02:50.651 28492 29818 I art     : Explicit concurrent mark sweep GC freed 4782(311KB) AllocSpace objects, 4(220KB) LOS objects, 23% free, 52MB/68MB, paused 401us total 22.637ms
08-06 13:02:50.656   518   646 I ThermalEngine: ACTION: GPU - Setting GPU[0] to 450000000
08-06 13:02:50.666 28492 29818 I art     : Starting a blocking GC Explicit
08-06 13:02:50.692 28492 29818 I art     : Explicit concurrent mark sweep GC freed 1048(120KB) AllocSpace objects, 0(0B) LOS objects, 23% free, 52MB/68MB, paused 565us total 25.367ms
08-06 13:02:50.704 28492 29818 I art     : Starting a blocking GC Explicit
08-06 13:02:50.729 28492 29818 I art     : Explicit concurrent mark sweep GC freed 3(96B) AllocSpace objects, 0(0B) LOS objects, 23% free, 52MB/68MB, paused 531us total 25.254ms
08-06 13:02:50.740 28492 29818 I art     : Starting a blocking GC Explicit
08-06 13:02:50.765 28492 29818 I art     : Explicit concurrent mark sweep GC freed 3(96B) AllocSpace objects, 0(0B) LOS objects, 23% free, 52MB/68MB, paused 532us total 24.905ms
08-06 13:02:50.776 28492 29818 I art     : Starting a blocking GC Explicit
08-06 13:02:50.801 28492 29818 I art     : Explicit concurrent mark sweep GC freed 3(96B) AllocSpace objects, 0(0B) LOS objects, 23% free, 52MB/68MB, paused 527us total 24.812ms
08-06 13:02:51.101 28492 28604 I art     : Starting a blocking GC Explicit
08-06 13:02:51.129 28492 28604 I art     : Explicit concurrent mark sweep GC freed 1343(78KB) AllocSpace objects, 1(20KB) LOS objects, 23% free, 52MB/68MB, paused 619us total 27.764ms
08-06 13:02:51.142 28492 28604 I art     : Starting a blocking GC Explicit
08-06 13:02:51.169 28492 28604 I art     : Explicit concurrent mark sweep GC freed 36(1264B) AllocSpace objects, 0(0B) LOS objects, 23% free, 52MB/68MB, paused 555us total 26.119ms
08-06 13:02:51.180 28492 28604 I art     : Starting a blocking GC Explicit
08-06 13:02:51.206 28492 28604 I art     : Explicit concurrent mark sweep GC freed 3(96B) AllocSpace objects, 0(0B) LOS objects, 23% free, 52MB/68MB, paused 543us total 25.681ms
08-06 13:02:51.217 28492 28604 I art     : Starting a blocking GC Explicit
08-06 13:02:51.243 28492 28604 I art     : Explicit concurrent mark sweep GC freed 3(96B) AllocSpace objects, 0(0B) LOS objects, 23% free, 52MB/68MB, paused 543us total 26.064ms
08-06 13:02:51.254 28492 28604 I art     : Starting a blocking GC Explicit
08-06 13:02:51.280 28492 28604 I art     : Explicit concurrent mark sweep GC freed 3(96B) AllocSpace objects, 0(0B) LOS objects, 23% free, 52MB/68MB, paused 554us total 25.323ms
08-06 13:02:51.333 29105 29105 I ServiceManager: Waiting for service AtCmdFwd...
08-06 13:02:51.618 28492 28514 I art     : Starting a blocking GC Explicit
08-06 13:02:51.649 28492 28514 I art     : Explicit concurrent mark sweep GC freed 1343(78KB) AllocSpace objects, 1(20KB) LOS objects, 23% free, 52MB/68MB, paused 548us total 30.205ms
08-06 13:02:51.662 28492 28514 I art     : Starting a blocking GC Explicit
08-06 13:02:51.690 28492 28514 I art     : Explicit concurrent mark sweep GC freed 20(704B) AllocSpace objects, 0(0B) LOS objects, 23% free, 52MB/68MB, paused 560us total 28.273ms
08-06 13:02:51.701 28492 28514 I art     : Starting a blocking GC Explicit
08-06 13:02:51.730 28492 28514 I art     : Explicit concurrent mark sweep GC freed 3(96B) AllocSpace objects, 0(0B) LOS objects, 23% free, 52MB/68MB, paused 543us total 27.974ms
08-06 13:02:51.741 28492 28514 I art     : Starting a blocking GC Explicit
08-06 13:02:51.769 28492 28514 I art     : Explicit concurrent mark sweep GC freed 3(96B) AllocSpace objects, 0(0B) LOS objects, 23% free, 52MB/68MB, paused 542us total 27.934ms
08-06 13:02:51.780 28492 28514 I art     : Starting a blocking GC Explicit
08-06 13:02:51.808 28492 28514 I art     : Explicit concurrent mark sweep GC freed 3(96B) AllocSpace objects, 0(0B) LOS objects, 23% free, 52MB/68MB, paused 524us total 27.607ms
08-06 13:02:52.147 28492 29818 I art     : Starting a blocking GC Explicit
08-06 13:02:52.182 28492 29818 I art     : Explicit concurrent mark sweep GC freed 1343(78KB) AllocSpace objects, 1(20KB) LOS objects, 23% free, 52MB/68MB, paused 577us total 33.855ms
08-06 13:02:52.195 28492 29818 I art     : Starting a blocking GC Explicit
08-06 13:02:52.223 28492 29818 I art     : Explicit concurrent mark sweep GC freed 20(704B) AllocSpace objects, 0(0B) LOS objects, 23% free, 52MB/68MB, paused 565us total 27.566ms
08-06 13:02:52.234 28492 29818 I art     : Starting a blocking GC Explicit
08-06 13:02:52.262 28492 29818 I art     : Explicit concurrent mark sweep GC freed 3(96B) AllocSpace objects, 0(0B) LOS objects, 23% free, 52MB/68MB, paused 552us total 27.845ms
08-06 13:02:52.274 28492 29818 I art     : Starting a blocking GC Explicit
08-06 13:02:52.302 28492 29818 I art     : Explicit concurrent mark sweep GC freed 3(96B) AllocSpace objects, 0(0B) LOS objects, 23% free, 52MB/68MB, paused 553us total 28.152ms
08-06 13:02:52.313 28492 29818 I art     : Starting a blocking GC Explicit
08-06 13:02:52.334 29105 29105 I ServiceManager: Waiting for service AtCmdFwd...
08-06 13:02:52.340 28492 29818 I art     : Explicit concurrent mark sweep GC freed 3(96B) AllocSpace objects, 0(0B) LOS objects, 23% free, 52MB/68MB, paused 539us total 26.671ms
08-06 13:02:52.671 28492 28513 I art     : Starting a blocking GC Explicit
08-06 13:02:52.705 28492 28513 I art     : Explicit concurrent mark sweep GC freed 1343(78KB) AllocSpace objects, 1(20KB) LOS objects, 23% free, 52MB/68MB, paused 586us total 33.679ms
08-06 13:02:52.720 28492 28513 I art     : Starting a blocking GC Explicit
08-06 13:02:52.746 28492 28513 I art     : Explicit concurrent mark sweep GC freed 20(704B) AllocSpace objects, 0(0B) LOS objects, 23% free, 52MB/68MB, paused 560us total 26.315ms
08-06 13:02:52.758 28492 28513 I art     : Starting a blocking GC Explicit
08-06 13:02:52.785 28492 28513 I art     : Explicit concurrent mark sweep GC freed 3(96B) AllocSpace objects, 0(0B) LOS objects, 23% free, 52MB/68MB, paused 566us total 27.517ms
08-06 13:02:52.797 28492 28513 I art     : Starting a blocking GC Explicit
08-06 13:02:52.825 28492 28513 I art     : Explicit concurrent mark sweep GC freed 3(96B) AllocSpace objects, 0(0B) LOS objects, 23% free, 52MB/68MB, paused 564us total 27.856ms
08-06 13:02:52.836 28492 28513 I art     : Starting a blocking GC Explicit
08-06 13:02:52.863 28492 28513 I art     : Explicit concurrent mark sweep GC freed 3(96B) AllocSpace objects, 0(0B) LOS objects, 23% free, 52MB/68MB, paused 562us total 26.583ms
08-06 13:02:53.193 28492 28605 I art     : Starting a blocking GC Explicit
08-06 13:02:53.225 28492 28605 I art     : Explicit concurrent mark sweep GC freed 1343(78KB) AllocSpace objects, 1(20KB) LOS objects, 23% free, 52MB/68MB, paused 600us total 31.966ms
08-06 13:02:53.238 28492 28605 I art     : Starting a blocking GC Explicit
08-06 13:02:53.267 28492 28605 I art     : Explicit concurrent mark sweep GC freed 20(704B) AllocSpace objects, 0(0B) LOS objects, 23% free, 52MB/68MB, paused 715us total 28.741ms
08-06 13:02:53.278 28492 28605 I art     : Starting a blocking GC Explicit
08-06 13:02:53.307 28492 28605 I art     : Explicit concurrent mark sweep GC freed 3(96B) AllocSpace objects, 0(0B) LOS objects, 23% free, 52MB/68MB, paused 607us total 28.178ms
08-06 13:02:53.318 28492 28605 I art     : Starting a blocking GC Explicit
08-06 13:02:53.335 29105 29105 I ServiceManager: Waiting for service AtCmdFwd...
08-06 13:02:53.345 28492 28605 I art     : Explicit concurrent mark sweep GC freed 3(96B) AllocSpace objects, 0(0B) LOS objects, 23% free, 52MB/68MB, paused 539us total 26.495ms
08-06 13:02:53.356 28492 28605 I art     : Starting a blocking GC Explicit
08-06 13:02:53.384 28492 28605 I art     : Explicit concurrent mark sweep GC freed 3(96B) AllocSpace objects, 0(0B) LOS objects, 23% free, 52MB/68MB, paused 557us total 27.990ms
08-06 13:02:53.663   518   646 I ThermalEngine: ACTION: GPU - Setting GPU[0] to 510000000
08-06 13:02:53.715 28492 28604 I art     : Starting a blocking GC Explicit
08-06 13:02:53.741 28492 28604 I art     : Explicit concurrent mark sweep GC freed 1343(78KB) AllocSpace objects, 1(20KB) LOS objects, 23% free, 52MB/68MB, paused 430us total 26.311ms
08-06 13:02:53.753 28492 28604 I art     : Starting a blocking GC Explicit
08-06 13:02:53.777 28492 28604 I art     : Explicit concurrent mark sweep GC freed 20(704B) AllocSpace objects, 0(0B) LOS objects, 23% free, 52MB/68MB, paused 388us total 23.364ms
08-06 13:02:53.785 28492 28604 I art     : Starting a blocking GC Explicit
08-06 13:02:53.806 28492 28604 I art     : Explicit concurrent mark sweep GC freed 3(96B) AllocSpace objects, 0(0B) LOS objects, 23% free, 52MB/68MB, paused 404us total 20.420ms
08-06 13:02:53.814 28492 28604 I art     : Starting a blocking GC Explicit
08-06 13:02:53.835 28492 28604 I art     : Explicit concurrent mark sweep GC freed 3(96B) AllocSpace objects, 0(0B) LOS objects, 23% free, 52MB/68MB, paused 407us total 20.753ms
08-06 13:02:53.844 28492 28604 I art     : Starting a blocking GC Explicit
08-06 13:02:53.865 28492 28604 I art     : Explicit concurrent mark sweep GC freed 3(96B) AllocSpace objects, 0(0B) LOS objects, 23% free, 52MB/68MB, paused 403us total 20.617ms
08-06 13:02:54.124 28492 28514 I art     : Starting a blocking GC Explicit
08-06 13:02:54.145 28492 28514 I art     : Explicit concurrent mark sweep GC freed 1343(78KB) AllocSpace objects, 1(20KB) LOS objects, 23% free, 52MB/68MB, paused 411us total 20.725ms
08-06 13:02:54.154 28492 28514 I art     : Starting a blocking GC Explicit
08-06 13:02:54.175 28492 28514 I art     : Explicit concurrent mark sweep GC freed 20(704B) AllocSpace objects, 0(0B) LOS objects, 23% free, 52MB/68MB, paused 408us total 20.299ms
08-06 13:02:54.183 28492 28514 I art     : Starting a blocking GC Explicit
08-06 13:02:54.203 28492 28514 I art     : Explicit concurrent mark sweep GC freed 3(96B) AllocSpace objects, 0(0B) LOS objects, 23% free, 52MB/68MB, paused 410us total 20.059ms
08-06 13:02:54.212 28492 28514 I art     : Starting a blocking GC Explicit
08-06 13:02:54.232 28492 28514 I art     : Explicit concurrent mark sweep GC freed 3(96B) AllocSpace objects, 0(0B) LOS objects, 23% free, 52MB/68MB, paused 411us total 19.914ms
08-06 13:02:54.240 28492 28514 I art     : Starting a blocking GC Explicit
08-06 13:02:54.261 28492 28514 I art     : Explicit concurrent mark sweep GC freed 3(96B) AllocSpace objects, 0(0B) LOS objects, 23% free, 52MB/68MB, paused 419us total 20.114ms
08-06 13:02:54.335 29105 29105 W Atfwd_Sendcmd: AtCmdFwd service not published, waiting... retryCnt : 3
08-06 13:02:54.398 29959 29959 D AndroidRuntime: >>>>>> START com.android.internal.os.RuntimeInit uid 2000 <<<<<<
08-06 13:02:54.405 29959 29959 D AndroidRuntime: CheckJNI is OFF
08-06 13:02:54.441 29959 29959 D ICU     : No timezone override file found: /data/misc/zoneinfo/current/icu/icu_tzdata.dat
08-06 13:02:54.473 29959 29959 I Radio-JNI: register_android_hardware_Radio DONE
08-06 13:02:54.495 29959 29959 D AndroidRuntime: Calling main entry com.android.commands.input.Input
08-06 13:02:54.497 29959 29959 I Input   : injectKeyEvent: KeyEvent { action=ACTION_DOWN, keyCode=KEYCODE_BACK, scanCode=0, metaState=0, flags=0x0, repeatCount=0, eventTime=882190910, downTime=882190910, deviceId=-1, source=0x101 }
08-06 13:02:54.504 29959 29959 I Input   : injectKeyEvent: KeyEvent { action=ACTION_UP, keyCode=KEYCODE_BACK, scanCode=0, metaState=0, flags=0x0, repeatCount=0, eventTime=882190910, downTime=882190910, deviceId=-1, source=0x101 }
08-06 13:02:54.523 29959 29959 D AndroidRuntime: Shutting down VM
08-06 13:02:54.558 28492 28514 I art     : Starting a blocking GC Explicit
08-06 13:02:54.566 13866 13866 I GoogleInputMethodServic: GoogleInputMethodService.onFinishInput():3138 
08-06 13:02:54.567 13866 13866 I GoogleInputMethodServic: GoogleInputMethodService.onStartInput():1808 
08-06 13:02:54.579 28492 28514 I art     : Explicit concurrent mark sweep GC freed 1506(85KB) AllocSpace objects, 1(20KB) LOS objects, 23% free, 52MB/68MB, paused 552us total 20.214ms
08-06 13:02:54.587 28492 28514 I art     : Starting a blocking GC Explicit
08-06 13:02:54.608 28492 28514 I art     : Explicit concurrent mark sweep GC freed 30(1040B) AllocSpace objects, 0(0B) LOS objects, 23% free, 52MB/68MB, paused 407us total 20.500ms
08-06 13:02:54.617 28492 28514 I art     : Starting a blocking GC Explicit
08-06 13:02:54.636 28492 28514 I art     : Explicit concurrent mark sweep GC freed 6(224B) AllocSpace objects, 0(0B) LOS objects, 23% free, 52MB/68MB, paused 362us total 18.303ms
08-06 13:02:54.644 28492 28514 I art     : Starting a blocking GC Explicit
08-06 13:02:54.661 28492 28514 I art     : Explicit concurrent mark sweep GC freed 3(96B) AllocSpace objects, 0(0B) LOS objects, 23% free, 52MB/68MB, paused 422us total 17.298ms
08-06 13:02:54.669 28492 28514 I art     : Starting a blocking GC Explicit
08-06 13:02:54.690 28492 28514 I art     : Explicit concurrent mark sweep GC freed 3(96B) AllocSpace objects, 0(0B) LOS objects, 23% free, 52MB/68MB, paused 392us total 20.214ms
08-06 13:02:54.861   380   380 W SurfaceFlinger: couldn't log to binary event log: overflow.
08-06 13:02:54.945 28492 29818 I art     : Starting a blocking GC Explicit
08-06 13:02:54.965 28492 29818 I art     : Explicit concurrent mark sweep GC freed 1452(87KB) AllocSpace objects, 1(20KB) LOS objects, 23% free, 52MB/68MB, paused 394us total 19.559ms
08-06 13:02:54.973 28492 29818 I art     : Starting a blocking GC Explicit
08-06 13:02:54.994 28492 29818 I art     : Explicit concurrent mark sweep GC freed 1672(107KB) AllocSpace objects, 3(400KB) LOS objects, 23% free, 52MB/68MB, paused 423us total 19.941ms
08-06 13:02:55.002 28492 29818 I art     : Starting a blocking GC Explicit
08-06 13:02:55.022 28492 29818 I art     : Explicit concurrent mark sweep GC freed 3(96B) AllocSpace objects, 0(0B) LOS objects, 23% free, 52MB/68MB, paused 400us total 19.763ms
08-06 13:02:55.030 28492 29818 I art     : Starting a blocking GC Explicit
08-06 13:02:55.050 28492 29818 I art     : Explicit concurrent mark sweep GC freed 3(96B) AllocSpace objects, 0(0B) LOS objects, 23% free, 52MB/68MB, paused 409us total 19.875ms
08-06 13:02:55.059 28492 29818 I art     : Starting a blocking GC Explicit
08-06 13:02:55.079 28492 29818 I art     : Explicit concurrent mark sweep GC freed 3(96B) AllocSpace objects, 0(0B) LOS objects, 23% free, 52MB/68MB, paused 404us total 19.689ms
08-06 13:02:55.357 28492 28605 I art     : Starting a blocking GC Explicit
08-06 13:02:55.383 28492 28605 I art     : Explicit concurrent mark sweep GC freed 1705(97KB) AllocSpace objects, 1(20KB) LOS objects, 23% free, 52MB/68MB, paused 500us total 25.618ms
08-06 13:02:55.394 28492 28605 I art     : Starting a blocking GC Explicit
08-06 13:02:55.415 28492 28605 I art     : Explicit concurrent mark sweep GC freed 1768(70KB) AllocSpace objects, 0(0B) LOS objects, 23% free, 52MB/68MB, paused 449us total 20.316ms
08-06 13:02:55.423 28492 28605 I art     : Starting a blocking GC Explicit
08-06 13:02:55.438 28492 30009 W OneSignal: OneSignalRestClient: POST Error thrown from network stack. 
08-06 13:02:55.438 28492 30009 W OneSignal: java.io.IOException: unexpected end of stream on Connection{api.onesignal.com:443, proxy=HTTP@192.168.2.12:8080 hostAddress=192.168.2.12 cipherSuite=TLS_ECDHE_RSA_WITH_AES_128_GCM_SHA256 protocol=http/1.1} (recycle count=0)
08-06 13:02:55.438 28492 30009 W OneSignal: 	at com.android.okhttp.internal.http.HttpConnection.readResponse(HttpConnection.java:210)
08-06 13:02:55.438 28492 30009 W OneSignal: 	at com.android.okhttp.internal.http.HttpTransport.readResponseHeaders(HttpTransport.java:80)
08-06 13:02:55.438 28492 30009 W OneSignal: 	at com.android.okhttp.internal.http.HttpEngine.readNetworkResponse(HttpEngine.java:904)
08-06 13:02:55.438 28492 30009 W OneSignal: 	at com.android.okhttp.internal.http.HttpEngine.readResponse(HttpEngine.java:788)
08-06 13:02:55.438 28492 30009 W OneSignal: 	at com.android.okhttp.internal.huc.HttpURLConnectionImpl.execute(HttpURLConnectionImpl.java:439)
08-06 13:02:55.438 28492 30009 W OneSignal: 	at com.android.okhttp.internal.huc.HttpURLConnectionImpl.getResponse(HttpURLConnectionImpl.java:384)
08-06 13:02:55.438 28492 30009 W OneSignal: 	at com.android.okhttp.internal.huc.HttpURLConnectionImpl.getResponseCode(HttpURLConnectionImpl.java:497)
08-06 13:02:55.438 28492 30009 W OneSignal: 	at com.android.okhttp.internal.huc.DelegatingHttpsURLConnection.getResponseCode(DelegatingHttpsURLConnection.java:105)
08-06 13:02:55.438 28492 30009 W OneSignal: 	at com.android.okhttp.internal.huc.HttpsURLConnectionImpl.getResponseCode(HttpsURLConnectionImpl.java)
08-06 13:02:55.438 28492 30009 W OneSignal: 	at com.onesignal.OneSignalRestClient.startHTTPConnection(OneSignalRestClient.java:180)
08-06 13:02:55.438 28492 30009 W OneSignal: 	at com.onesignal.OneSignalRestClient.access$100(OneSignalRestClient.java:44)
08-06 13:02:55.438 28492 30009 W OneSignal: 	at com.onesignal.OneSignalRestClient$4.run(OneSignalRestClient.java:110)
08-06 13:02:55.438 28492 30009 W OneSignal: 	at java.lang.Thread.run(Thread.java:818)
08-06 13:02:55.438 28492 30009 W OneSignal: Caused by: java.io.EOFException: \n not found: size=0 content=...
08-06 13:02:55.438 28492 30009 W OneSignal: 	at com.android.okhttp.okio.RealBufferedSource.readUtf8LineStrict(RealBufferedSource.java:200)
08-06 13:02:55.438 28492 30009 W OneSignal: 	at com.android.okhttp.internal.http.HttpConnection.readResponse(HttpConnection.java:191)
08-06 13:02:55.438 28492 30009 W OneSignal: 	... 12 more
08-06 13:02:55.439 28492 30014 W OneSignal: Failed last request. statusCode: -1
08-06 13:02:55.439 28492 30014 W OneSignal: response: null
08-06 13:02:55.443 28492 28605 I art     : Explicit concurrent mark sweep GC freed 326(53KB) AllocSpace objects, 0(0B) LOS objects, 23% free, 52MB/68MB, paused 432us total 19.600ms
08-06 13:02:55.451 28492 28605 I art     : Starting a blocking GC Explicit
08-06 13:02:55.471 28492 28605 I art     : Explicit concurrent mark sweep GC freed 244(25KB) AllocSpace objects, 0(0B) LOS objects, 23% free, 52MB/68MB, paused 385us total 19.159ms
08-06 13:02:55.479 28492 28605 I art     : Starting a blocking GC Explicit
08-06 13:02:55.499 28492 28605 I art     : Explicit concurrent mark sweep GC freed 3(96B) AllocSpace objects, 0(0B) LOS objects, 23% free, 52MB/68MB, paused 403us total 19.738ms
08-06 13:02:55.783 28492 28513 I art     : Starting a blocking GC Explicit
08-06 13:02:55.804 28492 28513 I art     : Explicit concurrent mark sweep GC freed 1342(78KB) AllocSpace objects, 1(20KB) LOS objects, 23% free, 52MB/68MB, paused 422us total 20.158ms
08-06 13:02:55.812 28492 28513 I art     : Starting a blocking GC Explicit
08-06 13:02:55.832 28492 28513 I art     : Explicit concurrent mark sweep GC freed 20(704B) AllocSpace objects, 0(0B) LOS objects, 23% free, 52MB/68MB, paused 420us total 19.888ms
08-06 13:02:55.841 28492 28513 I art     : Starting a blocking GC Explicit
08-06 13:02:55.860 28492 28513 I art     : Explicit concurrent mark sweep GC freed 3(96B) AllocSpace objects, 0(0B) LOS objects, 23% free, 52MB/68MB, paused 398us total 18.663ms
08-06 13:02:55.868 28492 28513 I art     : Starting a blocking GC Explicit
08-06 13:02:55.887 28492 28513 I art     : Explicit concurrent mark sweep GC freed 3(96B) AllocSpace objects, 0(0B) LOS objects, 23% free, 52MB/68MB, paused 442us total 18.901ms
08-06 13:02:55.895 28492 28513 I art     : Starting a blocking GC Explicit
08-06 13:02:55.915 28492 28513 I art     : Explicit concurrent mark sweep GC freed 3(96B) AllocSpace objects, 0(0B) LOS objects, 23% free, 52MB/68MB, paused 411us total 19.012ms
08-06 13:02:56.182 28492 28604 I art     : Starting a blocking GC Explicit
08-06 13:02:56.185 30025 30025 D AndroidRuntime: >>>>>> START com.android.internal.os.RuntimeInit uid 2000 <<<<<<
08-06 13:02:56.190 30025 30025 D AndroidRuntime: CheckJNI is OFF
08-06 13:02:56.203 28492 28604 I art     : Explicit concurrent mark sweep GC freed 1342(78KB) AllocSpace objects, 1(20KB) LOS objects, 23% free, 52MB/68MB, paused 501us total 20.580ms
08-06 13:02:56.211 28492 28604 I art     : Starting a blocking GC Explicit
08-06 13:02:56.227 30025 30025 D ICU     : No timezone override file found: /data/misc/zoneinfo/current/icu/icu_tzdata.dat
08-06 13:02:56.231 28492 28604 I art     : Explicit concurrent mark sweep GC freed 20(704B) AllocSpace objects, 0(0B) LOS objects, 23% free, 52MB/68MB, paused 467us total 18.990ms
08-06 13:02:56.239 28492 28604 I art     : Starting a blocking GC Explicit
08-06 13:02:56.257 28492 28604 I art     : Explicit concurrent mark sweep GC freed 3(96B) AllocSpace objects, 0(0B) LOS objects, 23% free, 52MB/68MB, paused 441us total 17.790ms
08-06 13:02:56.262 30025 30025 I Radio-JNI: register_android_hardware_Radio DONE
08-06 13:02:56.265 28492 28604 I art     : Starting a blocking GC Explicit
08-06 13:02:56.283 30025 30025 D AndroidRuntime: Calling main entry com.android.commands.input.Input
08-06 13:02:56.283 28492 28604 I art     : Explicit concurrent mark sweep GC freed 3(96B) AllocSpace objects, 0(0B) LOS objects, 23% free, 52MB/68MB, paused 392us total 18.075ms
08-06 13:02:56.285 30025 30025 I Input   : injectKeyEvent: KeyEvent { action=ACTION_DOWN, keyCode=KEYCODE_BACK, scanCode=0, metaState=0, flags=0x0, repeatCount=0, eventTime=882192698, downTime=882192698, deviceId=-1, source=0x101 }
08-06 13:02:56.292 28492 28604 I art     : Starting a blocking GC Explicit
08-06 13:02:56.294 30025 30025 I Input   : injectKeyEvent: KeyEvent { action=ACTION_UP, keyCode=KEYCODE_BACK, scanCode=0, metaState=0, flags=0x0, repeatCount=0, eventTime=882192698, downTime=882192698, deviceId=-1, source=0x101 }
08-06 13:02:56.301 30025 30025 D AndroidRuntime: Shutting down VM
08-06 13:02:56.310 28492 28604 I art     : Explicit concurrent mark sweep GC freed 139(6KB) AllocSpace objects, 0(0B) LOS objects, 23% free, 52MB/68MB, paused 424us total 18.080ms
08-06 13:02:56.338 13866 13866 I GoogleInputMethodServic: GoogleInputMethodService.onFinishInput():3138 
08-06 13:02:56.338 13866 13866 I GoogleInputMethodServic: GoogleInputMethodService.onStartInput():1808 
08-06 13:02:56.572 28492 28604 I art     : Starting a blocking GC Explicit
08-06 13:02:56.595 28492 28604 I art     : Explicit concurrent mark sweep GC freed 1416(80KB) AllocSpace objects, 1(20KB) LOS objects, 23% free, 52MB/68MB, paused 411us total 23.043ms
08-06 13:02:56.606 28492 28604 I art     : Starting a blocking GC Explicit
