--------- beginning of main
08-06 13:02:03.681 28483 28483 D AndroidRuntime: >>>>>> START com.android.internal.os.RuntimeInit uid 2000 <<<<<<
08-06 13:02:03.688 28483 28483 D AndroidRuntime: CheckJNI is OFF
08-06 13:02:03.725 28483 28483 D ICU     : No timezone override file found: /data/misc/zoneinfo/current/icu/icu_tzdata.dat
08-06 13:02:03.759 28483 28483 I Radio-JNI: register_android_hardware_Radio DONE
08-06 13:02:03.776 28483 28483 D AndroidRuntime: Calling main entry com.android.commands.monkey.Monkey
--------- beginning of system
08-06 13:02:03.794   918   931 W BroadcastQueue: Skipping deliver [background] BroadcastRecord{e962160 u-1 android.net.conn.CONNECTIVITY_CHANGE} to ReceiverList{e4386de 28483 (unknown name)/2000/u-1 remote:f60c392}: process crashing
08-06 13:02:03.805   918  3961 I ActivityManager: START u0 {act=android.intent.action.MAIN cat=[android.intent.category.LAUNCHER] flg=0x10200000 cmp=baseline.appteam.nith.hillffair/.activities.SplashActivity} from uid 2000 on display 0
08-06 13:02:03.846 28492 28492 I art     : Late-enabling -Xcheck:jni
08-06 13:02:03.847   918  6111 I ActivityManager: Start proc 28492:baseline.appteam.nith.hillffair/u0a697 for activity baseline.appteam.nith.hillffair/.activities.SplashActivity
08-06 13:02:03.852 28483 28483 I art     : System.exit called, status: 0
08-06 13:02:03.852 28483 28483 I AndroidRuntime: VM exiting with result code 0.
08-06 13:02:03.913 16458 28535 I PBSessionCacheImpl: Deleted sessionId[72384646105454640] from persistence.
08-06 13:02:03.922 16458 16488 W SearchServiceCore: Abort, client detached.
08-06 13:02:03.922 16458 16488 I MicroDetectionState: Should stop hotword detection immediately - true
08-06 13:02:03.925 28492 28492 W System  : ClassLoader referenced unknown path: /data/app/baseline.appteam.nith.hillffair-1/lib/arm64
08-06 13:02:04.000 28492 28492 W OneSignal: GCM Library detected, please upgrade to Firebase FCM library as GCM is deprecated!
08-06 13:02:04.106 28492 28492 W art     : Before Android 4.1, method android.graphics.PorterDuffColorFilter androidx.vectordrawable.graphics.drawable.VectorDrawableCompat.updateTintFilter(android.graphics.PorterDuffColorFilter, android.content.res.ColorStateList, android.graphics.PorterDuff$Mode) would have incorrectly overridden the package-private method in android.graphics.drawable.Drawable
08-06 13:02:04.142 28492 28492 I art     : Rejecting re-init on previously-failed class java.lang.Class<androidx.core.view.ViewCompat$2>
08-06 13:02:04.142 28492 28492 I art     : Rejecting re-init on previously-failed class java.lang.Class<androidx.core.view.ViewCompat$2>
08-06 13:02:04.207 28492 28525 D OpenGLRenderer: Use EGL_SWAP_BEHAVIOR_PRESERVED: true
08-06 13:02:04.268 28492 28525 I Adreno  : QUALCOMM build                   : fcf4852, I1af360237c
08-06 13:02:04.268 28492 28525 I Adreno  : Build Date                       : 09/23/15
08-06 13:02:04.268 28492 28525 I Adreno  : OpenGL ES Shader Compiler Version: XE031.05.13.02
08-06 13:02:04.268 28492 28525 I Adreno  : Local Branch                     : mybranch14465806
08-06 13:02:04.268 28492 28525 I Adreno  : Remote Branch                    : quic/LA.BF64.1.2.9_v2
08-06 13:02:04.268 28492 28525 I Adreno  : Remote Branch                    : NONE
08-06 13:02:04.268 28492 28525 I Adreno  : Reconstruct Branch               : NOTHING
08-06 13:02:04.281 28492 28525 I OpenGLRenderer: Initialized EGL, version 1.4
08-06 13:02:04.352 13866 13866 I GoogleInputMethodServic: GoogleInputMethodService.onFinishInput():3138 
08-06 13:02:04.352 13866 13866 I GoogleInputMethodServic: GoogleInputMethodService.onStartInput():1808 
08-06 13:02:04.412   918   936 I ActivityManager: Displayed baseline.appteam.nith.hillffair/.activities.SplashActivity: +599ms
08-06 13:02:04.534 28492 28534 W GCM     : GCM SDK is deprecated, baseline.appteam.nith.hillffair should update to use FCM
08-06 13:02:04.583 24365 31017 W Conscrypt: Could not set socket write timeout: java.net.SocketException: Socket closed
08-06 13:02:04.583 24365 31017 E art     : invalid stream - problem with parameter iterator in /data/app/com.google.android.gms-2/base.apk:classes3.dex for method void com.google.android.gms.org.conscrypt.ConscryptFileDescriptorSocket.setSoWriteTimeout(int)
08-06 13:02:04.584 24365 31017 W Conscrypt: 	at com.google.android.gms.org.conscrypt.Platform.setSocketWriteTimeout(:com.google.android.gms@202614019@20.26.14 (040400-320008519):2)
08-06 13:02:04.584 24365 31017 W Conscrypt: 	at com.google.android.gms.org.conscrypt.ConscryptFileDescriptorSocket.setSoWriteTimeout(:com.google.android.gms@202614019@20.26.14 (040400-320008519))
08-06 13:02:04.604 24365 31017 W Conscrypt: Could not set socket write timeout: java.net.SocketException: Socket closed
08-06 13:02:04.605 24365 31017 E art     : invalid stream - problem with parameter iterator in /data/app/com.google.android.gms-2/base.apk:classes3.dex for method void com.google.android.gms.org.conscrypt.ConscryptFileDescriptorSocket.setSoWriteTimeout(int)
08-06 13:02:04.605 24365 31017 W Conscrypt: 	at com.google.android.gms.org.conscrypt.Platform.setSocketWriteTimeout(:com.google.android.gms@202614019@20.26.14 (040400-320008519):2)
08-06 13:02:04.605 24365 31017 W Conscrypt: 	at com.google.android.gms.org.conscrypt.ConscryptFileDescriptorSocket.setSoWriteTimeout(:com.google.android.gms@202614019@20.26.14 (040400-320008519))
08-06 13:02:04.672 24365 31017 W Conscrypt: Could not set socket write timeout: java.net.SocketException: Socket closed
08-06 13:02:04.672 24365 31017 E art     : invalid stream - problem with parameter iterator in /data/app/com.google.android.gms-2/base.apk:classes3.dex for method void com.google.android.gms.org.conscrypt.ConscryptFileDescriptorSocket.setSoWriteTimeout(int)
08-06 13:02:04.673 24365 31017 W Conscrypt: 	at com.google.android.gms.org.conscrypt.Platform.setSocketWriteTimeout(:com.google.android.gms@202614019@20.26.14 (040400-320008519):2)
08-06 13:02:04.673 24365 31017 W Conscrypt: 	at com.google.android.gms.org.conscrypt.ConscryptFileDescriptorSocket.setSoWriteTimeout(:com.google.android.gms@202614019@20.26.14 (040400-320008519))
08-06 13:02:04.689 24365 31017 W Conscrypt: Could not set socket write timeout: java.net.SocketException: Socket closed
08-06 13:02:04.689 24365 31017 E art     : invalid stream - problem with parameter iterator in /data/app/com.google.android.gms-2/base.apk:classes3.dex for method void com.google.android.gms.org.conscrypt.ConscryptFileDescriptorSocket.setSoWriteTimeout(int)
08-06 13:02:04.690 24365 31017 W Conscrypt: 	at com.google.android.gms.org.conscrypt.Platform.setSocketWriteTimeout(:com.google.android.gms@202614019@20.26.14 (040400-320008519):2)
08-06 13:02:04.690 24365 31017 W Conscrypt: 	at com.google.android.gms.org.conscrypt.ConscryptFileDescriptorSocket.setSoWriteTimeout(:com.google.android.gms@202614019@20.26.14 (040400-320008519))
08-06 13:02:04.866 28492 28534 E OneSignal: Error Getting GCM Token
08-06 13:02:04.866 28492 28534 E OneSignal: java.io.IOException: INVALID_SENDER
08-06 13:02:04.866 28492 28534 E OneSignal: 	at com.google.android.gms.gcm.GoogleCloudMessaging.zzd(Unknown Source)
08-06 13:02:04.866 28492 28534 E OneSignal: 	at com.google.android.gms.gcm.GoogleCloudMessaging.register(Unknown Source)
08-06 13:02:04.866 28492 28534 E OneSignal: 	at com.onesignal.PushRegistratorGCM.getToken(PushRegistratorGCM.java:42)
08-06 13:02:04.866 28492 28534 E OneSignal: 	at com.onesignal.PushRegistratorAbstractGoogle.attemptRegistration(PushRegistratorAbstractGoogle.java:97)
08-06 13:02:04.866 28492 28534 E OneSignal: 	at com.onesignal.PushRegistratorAbstractGoogle.access$100(PushRegistratorAbstractGoogle.java:37)
08-06 13:02:04.866 28492 28534 E OneSignal: 	at com.onesignal.PushRegistratorAbstractGoogle$1.run(PushRegistratorAbstractGoogle.java:84)
08-06 13:02:04.866 28492 28534 E OneSignal: 	at java.lang.Thread.run(Thread.java:818)
08-06 13:02:04.883 28492 28541 I art     : Rejecting re-init on previously-failed class java.lang.Class<com.onesignal.OneSignalChromeTab$OneSignalCustomTabsServiceConnection>
08-06 13:02:04.883 28492 28541 I art     : Rejecting re-init on previously-failed class java.lang.Class<com.onesignal.OneSignalChromeTab$OneSignalCustomTabsServiceConnection>
08-06 13:02:04.913 24365  4184 I NetworkScheduler.Stats: Task com.google.android.gms/com.google.android.gms.clearcut.uploader.QosUploaderService started execution. cause:1 exec_start_elapsed_seconds: 1865528 [CONTEXT service_id=218 ]
08-06 13:02:04.943 24365  4184 I NetworkScheduler.Stats: Task com.google.android.gms/com.google.android.gms.clearcut.uploader.QosUploaderService finished executing. cause:1 result: 1 elapsed_millis: 62 uptime_millis: 62 exec_start_elapsed_seconds: 1865528 [CONTEXT service_id=218 ]
08-06 13:02:05.426 28550 28550 D AndroidRuntime: >>>>>> START com.android.internal.os.RuntimeInit uid 2000 <<<<<<
08-06 13:02:05.433 28550 28550 D AndroidRuntime: CheckJNI is OFF
08-06 13:02:05.469 28550 28550 D ICU     : No timezone override file found: /data/misc/zoneinfo/current/icu/icu_tzdata.dat
08-06 13:02:05.507 28550 28550 I Radio-JNI: register_android_hardware_Radio DONE
08-06 13:02:05.523 28550 28550 D AndroidRuntime: Calling main entry com.android.commands.am.Am
08-06 13:02:05.533 14970 14970 I Trepn   : Trepn 6.2s: Received intent: com.quicinc.trepn.start_profiling
08-06 13:02:05.675 14970 14970 W FileUtils: Failed to chmod(/storage/emulated/0/trepn/Trepn_2020.08.06_130205.db): android.system.ErrnoException: chmod failed: EPERM (Operation not permitted)
08-06 13:02:05.682   918  3359 I ActivityManager: START u0 {cmp=baseline.appteam.nith.hillffair/.activities.WelcomeActivity} from uid 10697 on display 0
08-06 13:02:05.717   918  3714 I ActivityManager: START u0 {cmp=baseline.appteam.nith.hillffair/.activities.HomeActivity} from uid 10697 on display 0
08-06 13:02:05.725   918   929 W ActivityManager: Duplicate finish request for ActivityRecord{c258884 u0 baseline.appteam.nith.hillffair/.activities.WelcomeActivity t4400 f}
08-06 13:02:05.801 14970 14970 I Trepn   : Trepn 6.2s: Trepn has Started Profiling.
08-06 13:02:05.802 28550 28550 D AndroidRuntime: Shutting down VM
08-06 13:02:06.210 28492 28513 I art     : Starting a blocking GC Explicit
08-06 13:02:06.226 28492 28513 I art     : Explicit concurrent mark sweep GC freed 3234(539KB) AllocSpace objects, 0(0B) LOS objects, 24% free, 48MB/64MB, paused 618us total 15.416ms
08-06 13:02:06.231   918   936 I ActivityManager: Displayed baseline.appteam.nith.hillffair/.activities.HomeActivity: +455ms (total +534ms)
08-06 13:02:06.231 13866 13866 I GoogleInputMethodServic: GoogleInputMethodService.onFinishInput():3138 
08-06 13:02:06.232 13866 13866 I GoogleInputMethodServic: GoogleInputMethodService.onStartInput():1808 
08-06 13:02:06.233 28492 28513 I art     : Starting a blocking GC Explicit
08-06 13:02:06.243 28492 28513 I art     : Explicit concurrent mark sweep GC freed 470(47KB) AllocSpace objects, 0(0B) LOS objects, 24% free, 48MB/64MB, paused 147us total 10.343ms
08-06 13:02:06.249 28492 28513 I art     : Starting a blocking GC Explicit
08-06 13:02:06.262 28492 28513 I art     : Explicit concurrent mark sweep GC freed 25(960B) AllocSpace objects, 0(0B) LOS objects, 24% free, 48MB/64MB, paused 193us total 12.823ms
08-06 13:02:06.268 28492 28513 I art     : Starting a blocking GC Explicit
08-06 13:02:06.279 28492 28513 I art     : Explicit concurrent mark sweep GC freed 38(1312B) AllocSpace objects, 0(0B) LOS objects, 24% free, 48MB/64MB, paused 141us total 11.275ms
08-06 13:02:06.286 28492 28513 I art     : Starting a blocking GC Explicit
08-06 13:02:06.297 28492 28513 I art     : Explicit concurrent mark sweep GC freed 68(5KB) AllocSpace objects, 0(0B) LOS objects, 24% free, 48MB/64MB, paused 135us total 10.912ms
08-06 13:02:06.492   380   380 W SurfaceFlinger: couldn't log to binary event log: overflow.
08-06 13:02:06.625 28492 28514 I art     : Starting a blocking GC Explicit
08-06 13:02:06.648 28492 28514 I art     : Explicit concurrent mark sweep GC freed 2972(182KB) AllocSpace objects, 1(20KB) LOS objects, 25% free, 47MB/63MB, paused 252us total 22.981ms
08-06 13:02:06.656 28492 28514 I art     : Starting a blocking GC Explicit
08-06 13:02:06.669 28492 28514 I art     : Explicit concurrent mark sweep GC freed 59(2240B) AllocSpace objects, 0(0B) LOS objects, 25% free, 47MB/63MB, paused 177us total 13.079ms
08-06 13:02:06.676 28492 28514 I art     : Starting a blocking GC Explicit
08-06 13:02:06.688 28492 28514 I art     : Explicit concurrent mark sweep GC freed 886(58KB) AllocSpace objects, 0(0B) LOS objects, 25% free, 47MB/63MB, paused 150us total 11.368ms
08-06 13:02:06.694 28492 28514 I art     : Starting a blocking GC Explicit
08-06 13:02:06.705 28492 28514 I art     : Explicit concurrent mark sweep GC freed 3(96B) AllocSpace objects, 0(0B) LOS objects, 25% free, 47MB/63MB, paused 139us total 10.920ms
08-06 13:02:06.711 28492 28514 I art     : Starting a blocking GC Explicit
08-06 13:02:06.722 28492 28514 I art     : Explicit concurrent mark sweep GC freed 3(96B) AllocSpace objects, 0(0B) LOS objects, 25% free, 47MB/63MB, paused 142us total 10.396ms
08-06 13:02:06.993 28492 28604 I art     : Starting a blocking GC Explicit
08-06 13:02:07.008 28492 28604 I art     : Explicit concurrent mark sweep GC freed 1341(78KB) AllocSpace objects, 1(20KB) LOS objects, 25% free, 47MB/63MB, paused 182us total 14.665ms
08-06 13:02:07.014 28492 28604 I art     : Starting a blocking GC Explicit
08-06 13:02:07.027 28492 28604 I art     : Explicit concurrent mark sweep GC freed 20(704B) AllocSpace objects, 0(0B) LOS objects, 25% free, 47MB/63MB, paused 198us total 12.716ms
08-06 13:02:07.033 28492 28604 I art     : Starting a blocking GC Explicit
08-06 13:02:07.045 28492 28604 I art     : Explicit concurrent mark sweep GC freed 3(96B) AllocSpace objects, 0(0B) LOS objects, 25% free, 47MB/63MB, paused 145us total 11.922ms
08-06 13:02:07.052 28492 28604 I art     : Starting a blocking GC Explicit
08-06 13:02:07.063 28492 28604 I art     : Explicit concurrent mark sweep GC freed 3(96B) AllocSpace objects, 0(0B) LOS objects, 25% free, 47MB/63MB, paused 142us total 10.848ms
08-06 13:02:07.069 28492 28604 I art     : Starting a blocking GC Explicit
08-06 13:02:07.080 28492 28604 I art     : Explicit concurrent mark sweep GC freed 3(96B) AllocSpace objects, 0(0B) LOS objects, 25% free, 47MB/63MB, paused 153us total 11.231ms
08-06 13:02:07.371 28492 28605 I art     : Starting a blocking GC Explicit
08-06 13:02:07.388 28492 28605 I art     : Explicit concurrent mark sweep GC freed 1342(78KB) AllocSpace objects, 1(20KB) LOS objects, 25% free, 47MB/63MB, paused 185us total 17.002ms
08-06 13:02:07.398 28492 28605 I art     : Starting a blocking GC Explicit
08-06 13:02:07.410 28492 28605 I art     : Explicit concurrent mark sweep GC freed 20(704B) AllocSpace objects, 0(0B) LOS objects, 25% free, 47MB/63MB, paused 147us total 12.442ms
08-06 13:02:07.417 28492 28605 I art     : Starting a blocking GC Explicit
08-06 13:02:07.429 28492 28605 I art     : Explicit concurrent mark sweep GC freed 3(96B) AllocSpace objects, 0(0B) LOS objects, 25% free, 47MB/63MB, paused 154us total 11.927ms
08-06 13:02:07.435 28492 28605 I art     : Starting a blocking GC Explicit
08-06 13:02:07.447 28492 28605 I art     : Explicit concurrent mark sweep GC freed 3(96B) AllocSpace objects, 0(0B) LOS objects, 25% free, 47MB/63MB, paused 177us total 11.781ms
08-06 13:02:07.453 28492 28605 I art     : Starting a blocking GC Explicit
08-06 13:02:07.464 28492 28605 I art     : Explicit concurrent mark sweep GC freed 3(96B) AllocSpace objects, 0(0B) LOS objects, 25% free, 47MB/63MB, paused 136us total 11.208ms
08-06 13:02:07.759 28492 28513 I art     : Starting a blocking GC Explicit
08-06 13:02:07.772 28492 28513 I art     : Explicit concurrent mark sweep GC freed 1340(78KB) AllocSpace objects, 1(20KB) LOS objects, 25% free, 47MB/63MB, paused 159us total 13.449ms
08-06 13:02:07.779 28492 28513 I art     : Starting a blocking GC Explicit
08-06 13:02:07.791 28492 28513 I art     : Explicit concurrent mark sweep GC freed 20(704B) AllocSpace objects, 0(0B) LOS objects, 25% free, 47MB/63MB, paused 145us total 11.981ms
08-06 13:02:07.797 28492 28513 I art     : Starting a blocking GC Explicit
08-06 13:02:07.810 28492 28513 I art     : Explicit concurrent mark sweep GC freed 3(96B) AllocSpace objects, 0(0B) LOS objects, 25% free, 47MB/63MB, paused 148us total 12.030ms
08-06 13:02:07.816 28492 28513 I art     : Starting a blocking GC Explicit
08-06 13:02:07.828 28492 28513 I art     : Explicit concurrent mark sweep GC freed 3(96B) AllocSpace objects, 0(0B) LOS objects, 25% free, 47MB/63MB, paused 151us total 11.536ms
08-06 13:02:07.834 28492 28513 I art     : Starting a blocking GC Explicit
08-06 13:02:07.846 28492 28513 I art     : Explicit concurrent mark sweep GC freed 3(96B) AllocSpace objects, 0(0B) LOS objects, 25% free, 47MB/63MB, paused 144us total 11.802ms
08-06 13:02:08.157 28492 28514 I art     : Starting a blocking GC Explicit
08-06 13:02:08.175 28492 28514 I art     : Explicit concurrent mark sweep GC freed 1339(78KB) AllocSpace objects, 1(20KB) LOS objects, 25% free, 47MB/63MB, paused 209us total 17.279ms
08-06 13:02:08.185 28492 28514 I art     : Starting a blocking GC Explicit
08-06 13:02:08.200 28492 28514 I art     : Explicit concurrent mark sweep GC freed 20(704B) AllocSpace objects, 0(0B) LOS objects, 25% free, 47MB/63MB, paused 159us total 14.986ms
08-06 13:02:08.206 28492 28514 I art     : Starting a blocking GC Explicit
08-06 13:02:08.218 28492 28514 I art     : Explicit concurrent mark sweep GC freed 3(96B) AllocSpace objects, 0(0B) LOS objects, 25% free, 47MB/63MB, paused 156us total 12.054ms
08-06 13:02:08.225 28492 28514 I art     : Starting a blocking GC Explicit
08-06 13:02:08.237 28492 28514 I art     : Explicit concurrent mark sweep GC freed 3(96B) AllocSpace objects, 0(0B) LOS objects, 25% free, 47MB/63MB, paused 191us total 11.836ms
08-06 13:02:08.244 28492 28514 I art     : Starting a blocking GC Explicit
08-06 13:02:08.255 28492 28514 I art     : Explicit concurrent mark sweep GC freed 3(96B) AllocSpace objects, 0(0B) LOS objects, 25% free, 47MB/63MB, paused 146us total 11.245ms
08-06 13:02:08.549 28492 28604 I art     : Starting a blocking GC Explicit
08-06 13:02:08.565 28492 28604 I art     : Explicit concurrent mark sweep GC freed 1339(78KB) AllocSpace objects, 1(20KB) LOS objects, 25% free, 47MB/63MB, paused 191us total 15.735ms
08-06 13:02:08.575 28492 28604 I art     : Starting a blocking GC Explicit
08-06 13:02:08.588 28492 28604 I art     : Explicit concurrent mark sweep GC freed 20(704B) AllocSpace objects, 0(0B) LOS objects, 25% free, 47MB/63MB, paused 153us total 12.118ms
08-06 13:02:08.594 28492 28604 I art     : Starting a blocking GC Explicit
08-06 13:02:08.606 28492 28604 I art     : Explicit concurrent mark sweep GC freed 3(96B) AllocSpace objects, 0(0B) LOS objects, 25% free, 47MB/63MB, paused 153us total 11.820ms
08-06 13:02:08.612 28492 28604 I art     : Starting a blocking GC Explicit
08-06 13:02:08.624 28492 28604 I art     : Explicit concurrent mark sweep GC freed 3(96B) AllocSpace objects, 0(0B) LOS objects, 25% free, 47MB/63MB, paused 155us total 11.675ms
08-06 13:02:08.630 28492 28604 I art     : Starting a blocking GC Explicit
08-06 13:02:08.641 28492 28604 I art     : Explicit concurrent mark sweep GC freed 3(96B) AllocSpace objects, 0(0B) LOS objects, 25% free, 47MB/63MB, paused 152us total 11.237ms
08-06 13:02:08.962 28492 28605 I art     : Starting a blocking GC Explicit
08-06 13:02:08.977 28492 28605 I art     : Explicit concurrent mark sweep GC freed 1339(78KB) AllocSpace objects, 1(20KB) LOS objects, 25% free, 47MB/63MB, paused 182us total 14.519ms
08-06 13:02:08.987 28492 28605 I art     : Starting a blocking GC Explicit
08-06 13:02:09.000 28492 28605 I art     : Explicit concurrent mark sweep GC freed 20(704B) AllocSpace objects, 0(0B) LOS objects, 25% free, 47MB/63MB, paused 135us total 12.510ms
08-06 13:02:09.005 28492 28605 I art     : Starting a blocking GC Explicit
08-06 13:02:09.016 28492 28605 I art     : Explicit concurrent mark sweep GC freed 3(96B) AllocSpace objects, 0(0B) LOS objects, 25% free, 47MB/63MB, paused 139us total 10.940ms
08-06 13:02:09.022 28492 28605 I art     : Starting a blocking GC Explicit
08-06 13:02:09.034 28492 28605 I art     : Explicit concurrent mark sweep GC freed 3(96B) AllocSpace objects, 0(0B) LOS objects, 25% free, 47MB/63MB, paused 144us total 11.403ms
08-06 13:02:09.040 28492 28605 I art     : Starting a blocking GC Explicit
08-06 13:02:09.051 28492 28605 I art     : Explicit concurrent mark sweep GC freed 3(96B) AllocSpace objects, 0(0B) LOS objects, 25% free, 47MB/63MB, paused 141us total 11.420ms
08-06 13:02:09.355 28492 28513 I art     : Starting a blocking GC Explicit
08-06 13:02:09.372 28492 28513 I art     : Explicit concurrent mark sweep GC freed 1339(78KB) AllocSpace objects, 1(20KB) LOS objects, 25% free, 47MB/63MB, paused 168us total 16.245ms
08-06 13:02:09.378 28492 28513 I art     : Starting a blocking GC Explicit
08-06 13:02:09.391 28492 28513 I art     : Explicit concurrent mark sweep GC freed 20(704B) AllocSpace objects, 0(0B) LOS objects, 25% free, 47MB/63MB, paused 146us total 11.980ms
08-06 13:02:09.397 28492 28513 I art     : Starting a blocking GC Explicit
08-06 13:02:09.409 28492 28513 I art     : Explicit concurrent mark sweep GC freed 3(96B) AllocSpace objects, 0(0B) LOS objects, 25% free, 47MB/63MB, paused 148us total 11.566ms
08-06 13:02:09.415 28492 28513 I art     : Starting a blocking GC Explicit
08-06 13:02:09.427 28492 28513 I art     : Explicit concurrent mark sweep GC freed 3(96B) AllocSpace objects, 0(0B) LOS objects, 25% free, 47MB/63MB, paused 245us total 11.502ms
08-06 13:02:09.433 28492 28513 I art     : Starting a blocking GC Explicit
08-06 13:02:09.444 28492 28513 I art     : Explicit concurrent mark sweep GC freed 3(96B) AllocSpace objects, 0(0B) LOS objects, 25% free, 47MB/63MB, paused 135us total 11.300ms
08-06 13:02:09.647   918  1210 D NetlinkSocketObserver: NeighborEvent{elapsedMs=1865533521, 192.168.2.254, [7C3953A63323], RTM_NEWNEIGH, NUD_REACHABLE}
08-06 13:02:09.754 28492 28514 I art     : Starting a blocking GC Explicit
08-06 13:02:09.767 28492 28514 I art     : Explicit concurrent mark sweep GC freed 1338(78KB) AllocSpace objects, 1(20KB) LOS objects, 25% free, 47MB/63MB, paused 278us total 12.721ms
08-06 13:02:09.773 28492 28514 I art     : Starting a blocking GC Explicit
08-06 13:02:09.784 28492 28514 I art     : Explicit concurrent mark sweep GC freed 20(704B) AllocSpace objects, 0(0B) LOS objects, 25% free, 47MB/63MB, paused 150us total 10.702ms
08-06 13:02:09.790 28492 28514 I art     : Starting a blocking GC Explicit
08-06 13:02:09.800 28492 28514 I art     : Explicit concurrent mark sweep GC freed 3(96B) AllocSpace objects, 0(0B) LOS objects, 25% free, 47MB/63MB, paused 137us total 9.619ms
08-06 13:02:09.805 28492 28514 I art     : Starting a blocking GC Explicit
08-06 13:02:09.815 28492 28514 I art     : Explicit concurrent mark sweep GC freed 3(96B) AllocSpace objects, 0(0B) LOS objects, 25% free, 47MB/63MB, paused 138us total 9.783ms
08-06 13:02:09.820 28492 28514 I art     : Starting a blocking GC Explicit
08-06 13:02:09.830 28492 28514 I art     : Explicit concurrent mark sweep GC freed 3(96B) AllocSpace objects, 0(0B) LOS objects, 25% free, 47MB/63MB, paused 134us total 9.648ms
08-06 13:02:09.973 28492 28701 W OneSignal: OneSignalRestClient: POST Error thrown from network stack. 
08-06 13:02:09.973 28492 28701 W OneSignal: java.io.IOException: unexpected end of stream on Connection{api.onesignal.com:443, proxy=HTTP@192.168.2.12:8080 hostAddress=192.168.2.12 cipherSuite=TLS_ECDHE_RSA_WITH_AES_128_GCM_SHA256 protocol=http/1.1} (recycle count=1)
08-06 13:02:09.973 28492 28701 W OneSignal: 	at com.android.okhttp.internal.http.HttpConnection.readResponse(HttpConnection.java:210)
08-06 13:02:09.973 28492 28701 W OneSignal: 	at com.android.okhttp.internal.http.HttpTransport.readResponseHeaders(HttpTransport.java:80)
08-06 13:02:09.973 28492 28701 W OneSignal: 	at com.android.okhttp.internal.http.HttpEngine.readNetworkResponse(HttpEngine.java:904)
08-06 13:02:09.973 28492 28701 W OneSignal: 	at com.android.okhttp.internal.http.HttpEngine.readResponse(HttpEngine.java:788)
08-06 13:02:09.973 28492 28701 W OneSignal: 	at com.android.okhttp.internal.huc.HttpURLConnectionImpl.execute(HttpURLConnectionImpl.java:439)
08-06 13:02:09.973 28492 28701 W OneSignal: 	at com.android.okhttp.internal.huc.HttpURLConnectionImpl.getResponse(HttpURLConnectionImpl.java:384)
08-06 13:02:09.973 28492 28701 W OneSignal: 	at com.android.okhttp.internal.huc.HttpURLConnectionImpl.getResponseCode(HttpURLConnectionImpl.java:497)
08-06 13:02:09.973 28492 28701 W OneSignal: 	at com.android.okhttp.internal.huc.DelegatingHttpsURLConnection.getResponseCode(DelegatingHttpsURLConnection.java:105)
08-06 13:02:09.973 28492 28701 W OneSignal: 	at com.android.okhttp.internal.huc.HttpsURLConnectionImpl.getResponseCode(HttpsURLConnectionImpl.java)
08-06 13:02:09.973 28492 28701 W OneSignal: 	at com.onesignal.OneSignalRestClient.startHTTPConnection(OneSignalRestClient.java:180)
08-06 13:02:09.973 28492 28701 W OneSignal: 	at com.onesignal.OneSignalRestClient.access$100(OneSignalRestClient.java:44)
08-06 13:02:09.973 28492 28701 W OneSignal: 	at com.onesignal.OneSignalRestClient$4.run(OneSignalRestClient.java:110)
08-06 13:02:09.973 28492 28701 W OneSignal: 	at java.lang.Thread.run(Thread.java:818)
08-06 13:02:09.973 28492 28701 W OneSignal: Caused by: java.io.EOFException: \n not found: size=0 content=...
08-06 13:02:09.973 28492 28701 W OneSignal: 	at com.android.okhttp.okio.RealBufferedSource.readUtf8LineStrict(RealBufferedSource.java:200)
08-06 13:02:09.973 28492 28701 W OneSignal: 	at com.android.okhttp.internal.http.HttpConnection.readResponse(HttpConnection.java:191)
08-06 13:02:09.973 28492 28701 W OneSignal: 	... 12 more
08-06 13:02:09.974 28492 28704 W OneSignal: Failed last request. statusCode: -1
08-06 13:02:09.974 28492 28704 W OneSignal: response: null
08-06 13:02:10.090 28492 28604 I art     : Starting a blocking GC Explicit
08-06 13:02:10.112 28492 28604 I art     : Explicit concurrent mark sweep GC freed 1903(152KB) AllocSpace objects, 1(20KB) LOS objects, 25% free, 47MB/63MB, paused 216us total 21.153ms
08-06 13:02:10.121 28492 28604 I art     : Starting a blocking GC Explicit
08-06 13:02:10.133 28492 28604 I art     : Explicit concurrent mark sweep GC freed 30(1168B) AllocSpace objects, 0(0B) LOS objects, 25% free, 47MB/63MB, paused 159us total 12.429ms
08-06 13:02:10.140 28492 28604 I art     : Starting a blocking GC Explicit
08-06 13:02:10.151 28492 28604 I art     : Explicit concurrent mark sweep GC freed 3(96B) AllocSpace objects, 0(0B) LOS objects, 25% free, 47MB/63MB, paused 145us total 11.197ms
08-06 13:02:10.157 28492 28604 I art     : Starting a blocking GC Explicit
08-06 13:02:10.169 28492 28604 I art     : Explicit concurrent mark sweep GC freed 3(96B) AllocSpace objects, 0(0B) LOS objects, 25% free, 47MB/63MB, paused 151us total 11.044ms
08-06 13:02:10.175 28492 28604 I art     : Starting a blocking GC Explicit
08-06 13:02:10.186 28492 28604 I art     : Explicit concurrent mark sweep GC freed 3(96B) AllocSpace objects, 0(0B) LOS objects, 25% free, 47MB/63MB, paused 155us total 11.617ms
08-06 13:02:10.490 28492 28605 I art     : Starting a blocking GC Explicit
08-06 13:02:10.504 28492 28605 I art     : Explicit concurrent mark sweep GC freed 1339(78KB) AllocSpace objects, 1(20KB) LOS objects, 25% free, 47MB/63MB, paused 182us total 13.506ms
08-06 13:02:10.511 28492 28605 I art     : Starting a blocking GC Explicit
08-06 13:02:10.523 28492 28605 I art     : Explicit concurrent mark sweep GC freed 20(704B) AllocSpace objects, 0(0B) LOS objects, 25% free, 47MB/63MB, paused 162us total 12.170ms
08-06 13:02:10.529 28492 28605 I art     : Starting a blocking GC Explicit
08-06 13:02:10.542 28492 28605 I art     : Explicit concurrent mark sweep GC freed 3(96B) AllocSpace objects, 0(0B) LOS objects, 25% free, 47MB/63MB, paused 150us total 11.905ms
08-06 13:02:10.547 28492 28605 I art     : Starting a blocking GC Explicit
08-06 13:02:10.559 28492 28605 I art     : Explicit concurrent mark sweep GC freed 3(96B) AllocSpace objects, 0(0B) LOS objects, 25% free, 47MB/63MB, paused 140us total 10.906ms
08-06 13:02:10.564 28492 28605 I art     : Starting a blocking GC Explicit
08-06 13:02:10.576 28492 28605 I art     : Explicit concurrent mark sweep GC freed 3(96B) AllocSpace objects, 0(0B) LOS objects, 25% free, 47MB/63MB, paused 157us total 11.055ms
08-06 13:02:10.772 28725 28725 D AndroidRuntime: >>>>>> START com.android.internal.os.RuntimeInit uid 2000 <<<<<<
08-06 13:02:10.776 28725 28725 D AndroidRuntime: CheckJNI is OFF
08-06 13:02:10.800 28725 28725 D ICU     : No timezone override file found: /data/misc/zoneinfo/current/icu/icu_tzdata.dat
08-06 13:02:10.825 28725 28725 I Radio-JNI: register_android_hardware_Radio DONE
08-06 13:02:10.841 28725 28725 D AndroidRuntime: Calling main entry com.android.commands.input.Input
08-06 13:02:10.842 28725 28725 I Input   : injectMotionEvent: MotionEvent { action=ACTION_DOWN, actionButton=0, id[0]=0, x[0]=337.0, y[0]=1104.0, toolType[0]=TOOL_TYPE_UNKNOWN, buttonState=0, metaState=0, flags=0x0, edgeFlags=0x0, pointerCount=1, historySize=0, eventTime=882147255, downTime=882147255, deviceId=0, source=0x1002 }
08-06 13:02:10.846 28725 28725 I Input   : injectMotionEvent: MotionEvent { action=ACTION_UP, actionButton=0, id[0]=0, x[0]=337.0, y[0]=1104.0, toolType[0]=TOOL_TYPE_UNKNOWN, buttonState=0, metaState=0, flags=0x0, edgeFlags=0x0, pointerCount=1, historySize=0, eventTime=882147255, downTime=882147255, deviceId=0, source=0x1002 }
08-06 13:02:10.847   918  3670 I ActivityManager: START u0 {cmp=baseline.appteam.nith.hillffair/.activities.BattleDayActivity} from uid 10697 on display 0
08-06 13:02:10.854 28725 28725 D AndroidRuntime: Shutting down VM
08-06 13:02:10.869 28492 28605 I art     : Starting a blocking GC Explicit
08-06 13:02:10.882 28492 28605 I art     : Explicit concurrent mark sweep GC freed 2360(200KB) AllocSpace objects, 1(20KB) LOS objects, 24% free, 48MB/64MB, paused 712us total 13.377ms
08-06 13:02:10.888 28492 28605 I art     : Starting a blocking GC Explicit
08-06 13:02:10.904 28492 28605 I art     : Explicit concurrent mark sweep GC freed 2053(124KB) AllocSpace objects, 0(0B) LOS objects, 24% free, 48MB/64MB, paused 859us total 15.146ms
08-06 13:02:10.910 28492 28605 I art     : Starting a blocking GC Explicit
08-06 13:02:10.926 28492 28605 I art     : Explicit concurrent mark sweep GC freed 4416(243KB) AllocSpace objects, 0(0B) LOS objects, 24% free, 48MB/64MB, paused 313us total 15.692ms
08-06 13:02:10.931 28492 28605 I art     : Starting a blocking GC Explicit
08-06 13:02:10.943 28492 28605 I art     : Explicit concurrent mark sweep GC freed 126(11KB) AllocSpace objects, 0(0B) LOS objects, 24% free, 48MB/64MB, paused 189us total 11.403ms
08-06 13:02:10.949 28492 28605 I art     : Starting a blocking GC Explicit
08-06 13:02:10.955 13866 13866 I GoogleInputMethodServic: GoogleInputMethodService.onFinishInput():3138 
08-06 13:02:10.956 13866 13866 I GoogleInputMethodServic: GoogleInputMethodService.onStartInput():1808 
08-06 13:02:10.960 28492 28605 I art     : Explicit concurrent mark sweep GC freed 66(2384B) AllocSpace objects, 0(0B) LOS objects, 24% free, 48MB/64MB, paused 184us total 11.366ms
08-06 13:02:10.991   918   936 I ActivityManager: Displayed baseline.appteam.nith.hillffair/.activities.BattleDayActivity: +136ms
08-06 13:02:11.201 28492 28514 I art     : Starting a blocking GC Explicit
08-06 13:02:11.219 28492 28514 I art     : Explicit concurrent mark sweep GC freed 1533(92KB) AllocSpace objects, 1(20KB) LOS objects, 24% free, 48MB/64MB, paused 223us total 16.886ms
08-06 13:02:11.226 28492 28514 I art     : Starting a blocking GC Explicit
08-06 13:02:11.241 28492 28514 I art     : Explicit concurrent mark sweep GC freed 32(1104B) AllocSpace objects, 0(0B) LOS objects, 24% free, 48MB/64MB, paused 192us total 14.923ms
08-06 13:02:11.248 28492 28514 I art     : Starting a blocking GC Explicit
08-06 13:02:11.250   380   380 W SurfaceFlinger: couldn't log to binary event log: overflow.
08-06 13:02:11.262 28492 28514 I art     : Explicit concurrent mark sweep GC freed 3(96B) AllocSpace objects, 0(0B) LOS objects, 24% free, 48MB/64MB, paused 207us total 14.274ms
08-06 13:02:11.268 28492 28514 I art     : Starting a blocking GC Explicit
08-06 13:02:11.281 28492 28514 I art     : Explicit concurrent mark sweep GC freed 3(96B) AllocSpace objects, 0(0B) LOS objects, 24% free, 48MB/64MB, paused 195us total 12.014ms
08-06 13:02:11.286 28492 28514 I art     : Starting a blocking GC Explicit
08-06 13:02:11.298 28492 28514 I art     : Explicit concurrent mark sweep GC freed 3(96B) AllocSpace objects, 0(0B) LOS objects, 24% free, 48MB/64MB, paused 199us total 11.263ms
08-06 13:02:11.572 28492 28513 I art     : Starting a blocking GC Explicit
08-06 13:02:11.587 28492 28513 I art     : Explicit concurrent mark sweep GC freed 1498(91KB) AllocSpace objects, 1(20KB) LOS objects, 24% free, 48MB/64MB, paused 328us total 15.246ms
08-06 13:02:11.594 28492 28513 I art     : Starting a blocking GC Explicit
08-06 13:02:11.607 28492 28513 I art     : Explicit concurrent mark sweep GC freed 51(1728B) AllocSpace objects, 0(0B) LOS objects, 24% free, 48MB/64MB, paused 323us total 13.367ms
08-06 13:02:11.613 28492 28513 I art     : Starting a blocking GC Explicit
08-06 13:02:11.625 28492 28513 I art     : Explicit concurrent mark sweep GC freed 8(288B) AllocSpace objects, 0(0B) LOS objects, 24% free, 48MB/64MB, paused 184us total 11.841ms
08-06 13:02:11.631 28492 28513 I art     : Starting a blocking GC Explicit
08-06 13:02:11.643 28492 28513 I art     : Explicit concurrent mark sweep GC freed 8(288B) AllocSpace objects, 0(0B) LOS objects, 24% free, 48MB/64MB, paused 174us total 11.350ms
08-06 13:02:11.648 28492 28513 I art     : Starting a blocking GC Explicit
08-06 13:02:11.660 28492 28513 I art     : Explicit concurrent mark sweep GC freed 8(288B) AllocSpace objects, 0(0B) LOS objects, 24% free, 48MB/64MB, paused 181us total 11.317ms
08-06 13:02:11.715 28492 28748 D OkHttp  : --> GET https://api-hillfair-2k16.herokuapp.com/api/app/events/special http/1.1
08-06 13:02:11.753 28492 28748 D OkHttp  : <-- 200 OK https://api-hillfair-2k16.herokuapp.com/api/app/events/special (37ms, 554-byte body)
08-06 13:02:11.803 28492 28492 I NAPPA_EXPERIMENTATION: MetricNetworkRequestExecutionTime: REQUEST_DURATION_SYSTEM='893',REQUEST_DURATION_OKHTTP='37',REQUEST_SYNCHRONOUS='FALSE',RESPONSE_CODE='200',RESPONSE_METHOD='GET',RESPONSE_LENGTH_OKHTTP='554',RESPONSE_LENGTH_HEADER='554',REQUEST_PROTOCOL='http/1.1',REQUEST_URL='https://api-hillfair-2k16.herokuapp.com/api/app/events/special',
08-06 13:02:11.918 28492 28605 I art     : Starting a blocking GC Explicit
08-06 13:02:11.934 28492 28605 I art     : Explicit concurrent mark sweep GC freed 5871(375KB) AllocSpace objects, 4(220KB) LOS objects, 24% free, 48MB/64MB, paused 296us total 15.743ms
08-06 13:02:11.941 28492 28605 I art     : Starting a blocking GC Explicit
08-06 13:02:11.954 28492 28605 I art     : Explicit concurrent mark sweep GC freed 1106(122KB) AllocSpace objects, 0(0B) LOS objects, 24% free, 48MB/64MB, paused 262us total 13.292ms
08-06 13:02:11.960 28492 28605 I art     : Starting a blocking GC Explicit
08-06 13:02:11.974 28492 28605 I art     : Explicit concurrent mark sweep GC freed 3(96B) AllocSpace objects, 0(0B) LOS objects, 24% free, 48MB/64MB, paused 281us total 13.218ms
08-06 13:02:11.980 28492 28605 I art     : Starting a blocking GC Explicit
08-06 13:02:11.994 28492 28605 I art     : Explicit concurrent mark sweep GC freed 3(96B) AllocSpace objects, 0(0B) LOS objects, 24% free, 48MB/64MB, paused 281us total 13.838ms
08-06 13:02:12.000 28492 28605 I art     : Starting a blocking GC Explicit
08-06 13:02:12.014 28492 28605 I art     : Explicit concurrent mark sweep GC freed 3(96B) AllocSpace objects, 0(0B) LOS objects, 24% free, 48MB/64MB, paused 282us total 13.723ms
08-06 13:02:12.294 28492 28514 I art     : Starting a blocking GC Explicit
08-06 13:02:12.316 28492 28514 I art     : Explicit concurrent mark sweep GC freed 8535(362KB) AllocSpace objects, 1(20KB) LOS objects, 24% free, 48MB/64MB, paused 355us total 21.792ms
08-06 13:02:12.322 28492 28514 I art     : Starting a blocking GC Explicit
08-06 13:02:12.337 28492 28514 I art     : Explicit concurrent mark sweep GC freed 405(14KB) AllocSpace objects, 0(0B) LOS objects, 24% free, 48MB/64MB, paused 298us total 14.824ms
08-06 13:02:12.344 28492 28514 I art     : Starting a blocking GC Explicit
08-06 13:02:12.358 28492 28514 I art     : Explicit concurrent mark sweep GC freed 15(672B) AllocSpace objects, 0(0B) LOS objects, 24% free, 48MB/64MB, paused 296us total 13.250ms
08-06 13:02:12.364 28492 28514 I art     : Starting a blocking GC Explicit
08-06 13:02:12.378 28492 28514 I art     : Explicit concurrent mark sweep GC freed 3(96B) AllocSpace objects, 0(0B) LOS objects, 24% free, 48MB/64MB, paused 282us total 13.488ms
08-06 13:02:12.384 28492 28514 I art     : Starting a blocking GC Explicit
08-06 13:02:12.398 28492 28514 I art     : Explicit concurrent mark sweep GC freed 3(96B) AllocSpace objects, 0(0B) LOS objects, 24% free, 48MB/64MB, paused 276us total 14.127ms
08-06 13:02:12.666 28492 28605 I art     : Starting a blocking GC Explicit
08-06 13:02:12.685 28492 28605 I art     : Explicit concurrent mark sweep GC freed 2068(272KB) AllocSpace objects, 1(20KB) LOS objects, 23% free, 52MB/68MB, paused 255us total 18.137ms
08-06 13:02:12.695 28492 28605 I art     : Starting a blocking GC Explicit
08-06 13:02:12.709 28492 28605 I art     : Explicit concurrent mark sweep GC freed 111(3KB) AllocSpace objects, 0(0B) LOS objects, 23% free, 52MB/68MB, paused 246us total 13.543ms
08-06 13:02:12.715 28492 28605 I art     : Starting a blocking GC Explicit
08-06 13:02:12.729 28492 28605 I art     : Explicit concurrent mark sweep GC freed 3(96B) AllocSpace objects, 0(0B) LOS objects, 23% free, 52MB/68MB, paused 202us total 13.118ms
08-06 13:02:12.735 28492 28605 I art     : Starting a blocking GC Explicit
08-06 13:02:12.748 28492 28605 I art     : Explicit concurrent mark sweep GC freed 3(96B) AllocSpace objects, 0(0B) LOS objects, 23% free, 52MB/68MB, paused 202us total 13.427ms
08-06 13:02:12.754 28492 28605 I art     : Starting a blocking GC Explicit
08-06 13:02:12.768 28492 28605 I art     : Explicit concurrent mark sweep GC freed 3(96B) AllocSpace objects, 0(0B) LOS objects, 23% free, 52MB/68MB, paused 203us total 13.419ms
08-06 13:02:13.072 28492 28514 I art     : Starting a blocking GC Explicit
08-06 13:02:13.093 28492 28514 I art     : Explicit concurrent mark sweep GC freed 1340(78KB) AllocSpace objects, 1(20KB) LOS objects, 23% free, 52MB/68MB, paused 254us total 20.328ms
08-06 13:02:13.103 28492 28514 I art     : Starting a blocking GC Explicit
08-06 13:02:13.122 28492 28514 I art     : Explicit concurrent mark sweep GC freed 20(704B) AllocSpace objects, 0(0B) LOS objects, 23% free, 52MB/68MB, paused 245us total 18.573ms
08-06 13:02:13.130 28492 28514 I art     : Starting a blocking GC Explicit
08-06 13:02:13.145 28492 28514 I art     : Explicit concurrent mark sweep GC freed 3(96B) AllocSpace objects, 0(0B) LOS objects, 23% free, 52MB/68MB, paused 216us total 14.314ms
08-06 13:02:13.151 28492 28514 I art     : Starting a blocking GC Explicit
08-06 13:02:13.167 28492 28514 I art     : Explicit concurrent mark sweep GC freed 3(96B) AllocSpace objects, 0(0B) LOS objects, 23% free, 52MB/68MB, paused 213us total 14.980ms
08-06 13:02:13.173 28492 28514 I art     : Starting a blocking GC Explicit
08-06 13:02:13.187 28492 28514 I art     : Explicit concurrent mark sweep GC freed 3(96B) AllocSpace objects, 0(0B) LOS objects, 23% free, 52MB/68MB, paused 211us total 13.561ms
08-06 13:02:13.502 28492 28604 I art     : Starting a blocking GC Explicit
08-06 13:02:13.526 28492 28604 I art     : Explicit concurrent mark sweep GC freed 1340(78KB) AllocSpace objects, 1(20KB) LOS objects, 23% free, 52MB/68MB, paused 300us total 23.581ms
08-06 13:02:13.537 28492 28604 I art     : Starting a blocking GC Explicit
08-06 13:02:13.552 28492 28604 I art     : Explicit concurrent mark sweep GC freed 20(704B) AllocSpace objects, 0(0B) LOS objects, 23% free, 52MB/68MB, paused 219us total 14.544ms
08-06 13:02:13.559 28492 28604 I art     : Starting a blocking GC Explicit
08-06 13:02:13.573 28492 28604 I art     : Explicit concurrent mark sweep GC freed 3(96B) AllocSpace objects, 0(0B) LOS objects, 23% free, 52MB/68MB, paused 213us total 14.368ms
08-06 13:02:13.580 28492 28604 I art     : Starting a blocking GC Explicit
08-06 13:02:13.594 28492 28604 I art     : Explicit concurrent mark sweep GC freed 3(96B) AllocSpace objects, 0(0B) LOS objects, 23% free, 52MB/68MB, paused 224us total 13.976ms
08-06 13:02:13.601 28492 28604 I art     : Starting a blocking GC Explicit
08-06 13:02:13.616 28492 28604 I art     : Explicit concurrent mark sweep GC freed 3(96B) AllocSpace objects, 0(0B) LOS objects, 23% free, 52MB/68MB, paused 229us total 14.800ms
08-06 13:02:13.932 28492 28513 I art     : Starting a blocking GC Explicit
08-06 13:02:13.953 28492 28513 I art     : Explicit concurrent mark sweep GC freed 1340(78KB) AllocSpace objects, 1(20KB) LOS objects, 23% free, 52MB/68MB, paused 257us total 20.612ms
08-06 13:02:13.964 28492 28513 I art     : Starting a blocking GC Explicit
08-06 13:02:13.982 28492 28513 I art     : Explicit concurrent mark sweep GC freed 20(704B) AllocSpace objects, 0(0B) LOS objects, 23% free, 52MB/68MB, paused 215us total 17.924ms
08-06 13:02:13.989 28492 28513 I art     : Starting a blocking GC Explicit
08-06 13:02:14.003 28492 28513 I art     : Explicit concurrent mark sweep GC freed 3(96B) AllocSpace objects, 0(0B) LOS objects, 23% free, 52MB/68MB, paused 212us total 14.086ms
08-06 13:02:14.010 28492 28513 I art     : Starting a blocking GC Explicit
08-06 13:02:14.024 28492 28513 I art     : Explicit concurrent mark sweep GC freed 3(96B) AllocSpace objects, 0(0B) LOS objects, 23% free, 52MB/68MB, paused 192us total 14.093ms
08-06 13:02:14.030 28492 28513 I art     : Starting a blocking GC Explicit
08-06 13:02:14.044 28492 28513 I art     : Explicit concurrent mark sweep GC freed 3(96B) AllocSpace objects, 0(0B) LOS objects, 23% free, 52MB/68MB, paused 210us total 13.662ms
08-06 13:02:14.371 28492 28605 I art     : Starting a blocking GC Explicit
08-06 13:02:14.393 28492 28605 I art     : Explicit concurrent mark sweep GC freed 1340(78KB) AllocSpace objects, 1(20KB) LOS objects, 23% free, 52MB/68MB, paused 269us total 21.830ms
08-06 13:02:14.405 28492 28605 I art     : Starting a blocking GC Explicit
08-06 13:02:14.420 28492 28605 I art     : Explicit concurrent mark sweep GC freed 20(704B) AllocSpace objects, 0(0B) LOS objects, 23% free, 52MB/68MB, paused 220us total 14.543ms
08-06 13:02:14.426 28492 28605 I art     : Starting a blocking GC Explicit
08-06 13:02:14.440 28492 28605 I art     : Explicit concurrent mark sweep GC freed 3(96B) AllocSpace objects, 0(0B) LOS objects, 23% free, 52MB/68MB, paused 212us total 13.952ms
08-06 13:02:14.447 28492 28605 I art     : Starting a blocking GC Explicit
08-06 13:02:14.461 28492 28605 I art     : Explicit concurrent mark sweep GC freed 3(96B) AllocSpace objects, 0(0B) LOS objects, 23% free, 52MB/68MB, paused 206us total 13.906ms
08-06 13:02:14.461 28492 28512 I art     : WaitForGcToComplete blocked for 14.177ms for cause HeapTrim
08-06 13:02:14.467 28492 28605 I art     : Starting a blocking GC Explicit
08-06 13:02:14.482 28492 28605 I art     : Explicit concurrent mark sweep GC freed 3(96B) AllocSpace objects, 0(0B) LOS objects, 23% free, 52MB/68MB, paused 192us total 14.032ms
08-06 13:02:14.802 28492 28514 I art     : Starting a blocking GC Explicit
08-06 13:02:14.823 28492 28514 I art     : Explicit concurrent mark sweep GC freed 1340(78KB) AllocSpace objects, 1(20KB) LOS objects, 23% free, 52MB/68MB, paused 259us total 20.911ms
08-06 13:02:14.834 28492 28514 I art     : Starting a blocking GC Explicit
08-06 13:02:14.852 28492 28514 I art     : Explicit concurrent mark sweep GC freed 20(704B) AllocSpace objects, 0(0B) LOS objects, 23% free, 52MB/68MB, paused 236us total 17.817ms
08-06 13:02:14.859 28492 28514 I art     : Starting a blocking GC Explicit
08-06 13:02:14.873 28492 28514 I art     : Explicit concurrent mark sweep GC freed 3(96B) AllocSpace objects, 0(0B) LOS objects, 23% free, 52MB/68MB, paused 225us total 14.136ms
08-06 13:02:14.880 28492 28514 I art     : Starting a blocking GC Explicit
08-06 13:02:14.895 28492 28514 I art     : Explicit concurrent mark sweep GC freed 3(96B) AllocSpace objects, 0(0B) LOS objects, 23% free, 52MB/68MB, paused 214us total 14.152ms
08-06 13:02:14.901 28492 28514 I art     : Starting a blocking GC Explicit
08-06 13:02:14.914 28492 28514 I art     : Explicit concurrent mark sweep GC freed 3(96B) AllocSpace objects, 0(0B) LOS objects, 23% free, 52MB/68MB, paused 217us total 13.437ms
08-06 13:02:15.223 28492 28604 I art     : Starting a blocking GC Explicit
08-06 13:02:15.240 28492 28604 I art     : Explicit concurrent mark sweep GC freed 1340(78KB) AllocSpace objects, 1(20KB) LOS objects, 23% free, 52MB/68MB, paused 230us total 16.120ms
08-06 13:02:15.246 28492 28604 I art     : Starting a blocking GC Explicit
08-06 13:02:15.261 28492 28604 I art     : Explicit concurrent mark sweep GC freed 20(704B) AllocSpace objects, 0(0B) LOS objects, 23% free, 52MB/68MB, paused 215us total 14.311ms
08-06 13:02:15.268 28492 28604 I art     : Starting a blocking GC Explicit
08-06 13:02:15.282 28492 28604 I art     : Explicit concurrent mark sweep GC freed 3(96B) AllocSpace objects, 0(0B) LOS objects, 23% free, 52MB/68MB, paused 219us total 14.267ms
08-06 13:02:15.289 28492 28604 I art     : Starting a blocking GC Explicit
08-06 13:02:15.304 28492 28604 I art     : Explicit concurrent mark sweep GC freed 3(96B) AllocSpace objects, 0(0B) LOS objects, 23% free, 52MB/68MB, paused 214us total 14.402ms
08-06 13:02:15.310 28492 28604 I art     : Starting a blocking GC Explicit
08-06 13:02:15.325 28492 28604 I art     : Explicit concurrent mark sweep GC freed 3(96B) AllocSpace objects, 0(0B) LOS objects, 23% free, 52MB/68MB, paused 209us total 14.078ms
08-06 13:02:15.642 28492 28513 I art     : Starting a blocking GC Explicit
08-06 13:02:15.663 28492 28513 I art     : Explicit concurrent mark sweep GC freed 1340(78KB) AllocSpace objects, 1(20KB) LOS objects, 23% free, 52MB/68MB, paused 280us total 20.324ms
08-06 13:02:15.672 28492 28513 I art     : Starting a blocking GC Explicit
08-06 13:02:15.687 28492 28513 I art     : Explicit concurrent mark sweep GC freed 20(704B) AllocSpace objects, 0(0B) LOS objects, 23% free, 52MB/68MB, paused 231us total 14.686ms
08-06 13:02:15.694 28492 28513 I art     : Starting a blocking GC Explicit
08-06 13:02:15.708 28492 28513 I art     : Explicit concurrent mark sweep GC freed 3(96B) AllocSpace objects, 0(0B) LOS objects, 23% free, 52MB/68MB, paused 211us total 14.404ms
08-06 13:02:15.715 28492 28513 I art     : Starting a blocking GC Explicit
08-06 13:02:15.729 28492 28513 I art     : Explicit concurrent mark sweep GC freed 3(96B) AllocSpace objects, 0(0B) LOS objects, 23% free, 52MB/68MB, paused 212us total 13.903ms
08-06 13:02:15.735 28492 28513 I art     : Starting a blocking GC Explicit
08-06 13:02:15.750 28492 28513 I art     : Explicit concurrent mark sweep GC freed 3(96B) AllocSpace objects, 0(0B) LOS objects, 23% free, 52MB/68MB, paused 201us total 13.918ms
08-06 13:02:16.054 28492 28605 I art     : Starting a blocking GC Explicit
08-06 13:02:16.071 28492 28605 I art     : Explicit concurrent mark sweep GC freed 1340(78KB) AllocSpace objects, 1(20KB) LOS objects, 23% free, 52MB/68MB, paused 227us total 16.835ms
08-06 13:02:16.078 28492 28605 I art     : Starting a blocking GC Explicit
08-06 13:02:16.093 28492 28605 I art     : Explicit concurrent mark sweep GC freed 20(704B) AllocSpace objects, 0(0B) LOS objects, 23% free, 52MB/68MB, paused 211us total 14.719ms
08-06 13:02:16.099 28492 28605 I art     : Starting a blocking GC Explicit
08-06 13:02:16.113 28492 28605 I art     : Explicit concurrent mark sweep GC freed 3(96B) AllocSpace objects, 0(0B) LOS objects, 23% free, 52MB/68MB, paused 207us total 13.830ms
08-06 13:02:16.120 28492 28605 I art     : Starting a blocking GC Explicit
08-06 13:02:16.134 28492 28605 I art     : Explicit concurrent mark sweep GC freed 3(96B) AllocSpace objects, 0(0B) LOS objects, 23% free, 52MB/68MB, paused 211us total 13.992ms
08-06 13:02:16.141 28492 28605 I art     : Starting a blocking GC Explicit
08-06 13:02:16.155 28492 28605 I art     : Explicit concurrent mark sweep GC freed 3(96B) AllocSpace objects, 0(0B) LOS objects, 23% free, 52MB/68MB, paused 206us total 14.071ms
08-06 13:02:16.462 28492 28514 I art     : Starting a blocking GC Explicit
08-06 13:02:16.483 28492 28514 I art     : Explicit concurrent mark sweep GC freed 1340(78KB) AllocSpace objects, 1(20KB) LOS objects, 23% free, 52MB/68MB, paused 260us total 19.898ms
08-06 13:02:16.493 28492 28514 I art     : Starting a blocking GC Explicit
08-06 13:02:16.511 28492 28514 I art     : Explicit concurrent mark sweep GC freed 20(704B) AllocSpace objects, 0(0B) LOS objects, 23% free, 52MB/68MB, paused 233us total 17.685ms
08-06 13:02:16.521 28492 28514 I art     : Starting a blocking GC Explicit
08-06 13:02:16.535 28492 28514 I art     : Explicit concurrent mark sweep GC freed 3(96B) AllocSpace objects, 0(0B) LOS objects, 23% free, 52MB/68MB, paused 233us total 14.376ms
08-06 13:02:16.542 28492 28514 I art     : Starting a blocking GC Explicit
08-06 13:02:16.557 28492 28514 I art     : Explicit concurrent mark sweep GC freed 3(96B) AllocSpace objects, 0(0B) LOS objects, 23% free, 52MB/68MB, paused 274us total 14.502ms
08-06 13:02:16.564 28492 28514 I art     : Starting a blocking GC Explicit
08-06 13:02:16.578 28492 28514 I art     : Explicit concurrent mark sweep GC freed 3(96B) AllocSpace objects, 0(0B) LOS objects, 23% free, 52MB/68MB, paused 219us total 13.631ms
08-06 13:02:16.892 28492 28604 I art     : Starting a blocking GC Explicit
08-06 13:02:16.909 28492 28604 I art     : Explicit concurrent mark sweep GC freed 1340(78KB) AllocSpace objects, 1(20KB) LOS objects, 23% free, 52MB/68MB, paused 253us total 16.564ms
08-06 13:02:16.916 28492 28604 I art     : Starting a blocking GC Explicit
08-06 13:02:16.931 28492 28604 I art     : Explicit concurrent mark sweep GC freed 20(704B) AllocSpace objects, 0(0B) LOS objects, 23% free, 52MB/68MB, paused 233us total 15.007ms
08-06 13:02:16.938 28492 28604 I art     : Starting a blocking GC Explicit
08-06 13:02:16.952 28492 28604 I art     : Explicit concurrent mark sweep GC freed 3(96B) AllocSpace objects, 0(0B) LOS objects, 23% free, 52MB/68MB, paused 206us total 14.294ms
08-06 13:02:16.958 28492 28604 I art     : Starting a blocking GC Explicit
08-06 13:02:16.973 28492 28604 I art     : Explicit concurrent mark sweep GC freed 3(96B) AllocSpace objects, 0(0B) LOS objects, 23% free, 52MB/68MB, paused 215us total 14.038ms
08-06 13:02:16.979 28492 28604 I art     : Starting a blocking GC Explicit
08-06 13:02:16.987   918  1210 D NetlinkSocketObserver: NeighborEvent{elapsedMs=1865540861, 192.168.2.254, [7C3953A63323], RTM_NEWNEIGH, NUD_STALE}
08-06 13:02:16.993 28492 28604 I art     : Explicit concurrent mark sweep GC freed 3(96B) AllocSpace objects, 0(0B) LOS objects, 23% free, 52MB/68MB, paused 216us total 13.549ms
08-06 13:02:17.304 28492 28513 I art     : Starting a blocking GC Explicit
08-06 13:02:17.324 28492 28513 I art     : Explicit concurrent mark sweep GC freed 1340(78KB) AllocSpace objects, 1(20KB) LOS objects, 23% free, 52MB/68MB, paused 250us total 19.716ms
08-06 13:02:17.333 28492 28513 I art     : Starting a blocking GC Explicit
08-06 13:02:17.348 28492 28513 I art     : Explicit concurrent mark sweep GC freed 20(704B) AllocSpace objects, 0(0B) LOS objects, 23% free, 52MB/68MB, paused 217us total 14.643ms
08-06 13:02:17.355 28492 28513 I art     : Starting a blocking GC Explicit
08-06 13:02:17.369 28492 28513 I art     : Explicit concurrent mark sweep GC freed 3(96B) AllocSpace objects, 0(0B) LOS objects, 23% free, 52MB/68MB, paused 226us total 13.912ms
08-06 13:02:17.375 28492 28513 I art     : Starting a blocking GC Explicit
08-06 13:02:17.389 28492 28513 I art     : Explicit concurrent mark sweep GC freed 3(96B) AllocSpace objects, 0(0B) LOS objects, 23% free, 52MB/68MB, paused 203us total 13.717ms
08-06 13:02:17.395 28492 28513 I art     : Starting a blocking GC Explicit
08-06 13:02:17.409 28492 28513 I art     : Explicit concurrent mark sweep GC freed 3(96B) AllocSpace objects, 0(0B) LOS objects, 23% free, 52MB/68MB, paused 212us total 13.647ms
08-06 13:02:17.717 28492 28605 I art     : Starting a blocking GC Explicit
08-06 13:02:17.738 28492 28605 I art     : Explicit concurrent mark sweep GC freed 1340(78KB) AllocSpace objects, 1(20KB) LOS objects, 23% free, 52MB/68MB, paused 340us total 20.733ms
08-06 13:02:17.749 28492 28605 I art     : Starting a blocking GC Explicit
08-06 13:02:17.764 28492 28605 I art     : Explicit concurrent mark sweep GC freed 20(704B) AllocSpace objects, 0(0B) LOS objects, 23% free, 52MB/68MB, paused 203us total 14.587ms
08-06 13:02:17.770 28492 28605 I art     : Starting a blocking GC Explicit
08-06 13:02:17.784 28492 28605 I art     : Explicit concurrent mark sweep GC freed 3(96B) AllocSpace objects, 0(0B) LOS objects, 23% free, 52MB/68MB, paused 200us total 13.602ms
08-06 13:02:17.790 28492 28605 I art     : Starting a blocking GC Explicit
08-06 13:02:17.804 28492 28605 I art     : Explicit concurrent mark sweep GC freed 3(96B) AllocSpace objects, 0(0B) LOS objects, 23% free, 52MB/68MB, paused 213us total 13.762ms
08-06 13:02:17.811 28492 28605 I art     : Starting a blocking GC Explicit
08-06 13:02:17.825 28492 28605 I art     : Explicit concurrent mark sweep GC freed 3(96B) AllocSpace objects, 0(0B) LOS objects, 23% free, 52MB/68MB, paused 203us total 14.127ms
08-06 13:02:18.136 28492 28514 I art     : Starting a blocking GC Explicit
08-06 13:02:18.158 28492 28514 I art     : Explicit concurrent mark sweep GC freed 1340(78KB) AllocSpace objects, 1(20KB) LOS objects, 23% free, 52MB/68MB, paused 259us total 21.754ms
08-06 13:02:18.165 28492 28514 I art     : Starting a blocking GC Explicit
08-06 13:02:18.179 28492 28514 I art     : Explicit concurrent mark sweep GC freed 20(704B) AllocSpace objects, 0(0B) LOS objects, 23% free, 52MB/68MB, paused 223us total 14.594ms
08-06 13:02:18.186 28492 28514 I art     : Starting a blocking GC Explicit
08-06 13:02:18.200 28492 28514 I art     : Explicit concurrent mark sweep GC freed 3(96B) AllocSpace objects, 0(0B) LOS objects, 23% free, 52MB/68MB, paused 204us total 13.587ms
08-06 13:02:18.206 28492 28514 I art     : Starting a blocking GC Explicit
08-06 13:02:18.220 28492 28514 I art     : Explicit concurrent mark sweep GC freed 3(96B) AllocSpace objects, 0(0B) LOS objects, 23% free, 52MB/68MB, paused 210us total 13.659ms
08-06 13:02:18.227 28492 28514 I art     : Starting a blocking GC Explicit
08-06 13:02:18.240 28492 28514 I art     : Explicit concurrent mark sweep GC freed 3(96B) AllocSpace objects, 0(0B) LOS objects, 23% free, 52MB/68MB, paused 239us total 13.654ms
08-06 13:02:18.546 28492 28604 I art     : Starting a blocking GC Explicit
08-06 13:02:18.567 28492 28604 I art     : Explicit concurrent mark sweep GC freed 1340(78KB) AllocSpace objects, 1(20KB) LOS objects, 23% free, 52MB/68MB, paused 261us total 20.092ms
08-06 13:02:18.577 28492 28604 I art     : Starting a blocking GC Explicit
08-06 13:02:18.595 28492 28604 I art     : Explicit concurrent mark sweep GC freed 20(704B) AllocSpace objects, 0(0B) LOS objects, 23% free, 52MB/68MB, paused 241us total 17.100ms
08-06 13:02:18.601 28492 28604 I art     : Starting a blocking GC Explicit
08-06 13:02:18.616 28492 28604 I art     : Explicit concurrent mark sweep GC freed 3(96B) AllocSpace objects, 0(0B) LOS objects, 23% free, 52MB/68MB, paused 224us total 14.624ms
08-06 13:02:18.623 28492 28604 I art     : Starting a blocking GC Explicit
08-06 13:02:18.637 28492 28604 I art     : Explicit concurrent mark sweep GC freed 3(96B) AllocSpace objects, 0(0B) LOS objects, 23% free, 52MB/68MB, paused 220us total 14.171ms
08-06 13:02:18.643 28492 28604 I art     : Starting a blocking GC Explicit
08-06 13:02:18.657 28492 28604 I art     : Explicit concurrent mark sweep GC freed 3(96B) AllocSpace objects, 0(0B) LOS objects, 23% free, 52MB/68MB, paused 213us total 13.746ms
08-06 13:02:18.972 28492 28513 I art     : Starting a blocking GC Explicit
08-06 13:02:18.992 28492 28513 I art     : Explicit concurrent mark sweep GC freed 1340(78KB) AllocSpace objects, 1(20KB) LOS objects, 23% free, 52MB/68MB, paused 240us total 20.204ms
08-06 13:02:19.001 28492 28513 I art     : Starting a blocking GC Explicit
08-06 13:02:19.016 28492 28513 I art     : Explicit concurrent mark sweep GC freed 20(704B) AllocSpace objects, 0(0B) LOS objects, 23% free, 52MB/68MB, paused 207us total 14.515ms
08-06 13:02:19.023 28492 28513 I art     : Starting a blocking GC Explicit
08-06 13:02:19.037 28492 28513 I art     : Explicit concurrent mark sweep GC freed 3(96B) AllocSpace objects, 0(0B) LOS objects, 23% free, 52MB/68MB, paused 240us total 13.901ms
08-06 13:02:19.043 28492 28513 I art     : Starting a blocking GC Explicit
08-06 13:02:19.058 28492 28513 I art     : Explicit concurrent mark sweep GC freed 3(96B) AllocSpace objects, 0(0B) LOS objects, 23% free, 52MB/68MB, paused 203us total 14.135ms
08-06 13:02:19.064 28492 28513 I art     : Starting a blocking GC Explicit
08-06 13:02:19.078 28492 28513 I art     : Explicit concurrent mark sweep GC freed 3(96B) AllocSpace objects, 0(0B) LOS objects, 23% free, 52MB/68MB, paused 234us total 13.735ms
08-06 13:02:19.347 28492 28605 I art     : Starting a blocking GC Explicit
08-06 13:02:19.361 28492 28605 I art     : Explicit concurrent mark sweep GC freed 1340(78KB) AllocSpace objects, 1(20KB) LOS objects, 23% free, 52MB/68MB, paused 223us total 14.384ms
08-06 13:02:19.369 28492 28605 I art     : Starting a blocking GC Explicit
08-06 13:02:19.382 28492 28605 I art     : Explicit concurrent mark sweep GC freed 20(704B) AllocSpace objects, 0(0B) LOS objects, 23% free, 52MB/68MB, paused 206us total 13.075ms
08-06 13:02:19.388 28492 28605 I art     : Starting a blocking GC Explicit
08-06 13:02:19.401 28492 28605 I art     : Explicit concurrent mark sweep GC freed 3(96B) AllocSpace objects, 0(0B) LOS objects, 23% free, 52MB/68MB, paused 249us total 13.244ms
08-06 13:02:19.408 28492 28605 I art     : Starting a blocking GC Explicit
08-06 13:02:19.422 28492 28605 I art     : Explicit concurrent mark sweep GC freed 3(96B) AllocSpace objects, 0(0B) LOS objects, 23% free, 52MB/68MB, paused 211us total 13.773ms
08-06 13:02:19.424 28956 28956 D AndroidRuntime: >>>>>> START com.android.internal.os.RuntimeInit uid 2000 <<<<<<
08-06 13:02:19.428 28956 28956 D AndroidRuntime: CheckJNI is OFF
08-06 13:02:19.428 28492 28605 I art     : Starting a blocking GC Explicit
08-06 13:02:19.441 28492 28605 I art     : Explicit concurrent mark sweep GC freed 3(96B) AllocSpace objects, 0(0B) LOS objects, 23% free, 52MB/68MB, paused 209us total 12.985ms
08-06 13:02:19.456 28956 28956 D ICU     : No timezone override file found: /data/misc/zoneinfo/current/icu/icu_tzdata.dat
08-06 13:02:19.481 28956 28956 I Radio-JNI: register_android_hardware_Radio DONE
08-06 13:02:19.497 28956 28956 D AndroidRuntime: Calling main entry com.android.commands.input.Input
08-06 13:02:19.498 28956 28956 I Input   : injectMotionEvent: MotionEvent { action=ACTION_DOWN, actionButton=0, id[0]=0, x[0]=733.0, y[0]=645.0, toolType[0]=TOOL_TYPE_UNKNOWN, buttonState=0, metaState=0, flags=0x0, edgeFlags=0x0, pointerCount=1, historySize=0, eventTime=882155911, downTime=882155911, deviceId=0, source=0x1002 }
08-06 13:02:19.506 28956 28956 I Input   : injectMotionEvent: MotionEvent { action=ACTION_UP, actionButton=0, id[0]=0, x[0]=733.0, y[0]=645.0, toolType[0]=TOOL_TYPE_UNKNOWN, buttonState=0, metaState=0, flags=0x0, edgeFlags=0x0, pointerCount=1, historySize=0, eventTime=882155911, downTime=882155911, deviceId=0, source=0x1002 }
08-06 13:02:19.507   918  3961 I ActivityManager: START u0 {cmp=baseline.appteam.nith.hillffair/.activities.ClubActivity (has extras)} from uid 10697 on display 0
08-06 13:02:19.513 28956 28956 D AndroidRuntime: Shutting down VM
08-06 13:02:19.617   918   936 I ActivityManager: Displayed baseline.appteam.nith.hillffair/.activities.ClubActivity: +103ms
08-06 13:02:19.617 13866 13866 I GoogleInputMethodServic: GoogleInputMethodService.onFinishInput():3138 
08-06 13:02:19.618 13866 13866 I GoogleInputMethodServic: GoogleInputMethodService.onStartInput():1808 
08-06 13:02:19.656 28492 28605 I art     : Starting a blocking GC Explicit
08-06 13:02:19.670 28492 28605 I art     : Explicit concurrent mark sweep GC freed 5210(323KB) AllocSpace objects, 1(20KB) LOS objects, 23% free, 52MB/68MB, paused 247us total 14.104ms
08-06 13:02:19.676 28492 28605 I art     : Starting a blocking GC Explicit
08-06 13:02:19.690 28492 28605 I art     : Explicit concurrent mark sweep GC freed 269(14KB) AllocSpace objects, 0(0B) LOS objects, 23% free, 52MB/68MB, paused 250us total 13.756ms
08-06 13:02:19.697 28492 28605 I art     : Starting a blocking GC Explicit
08-06 13:02:19.710 28492 28605 I art     : Explicit concurrent mark sweep GC freed 9(464B) AllocSpace objects, 0(0B) LOS objects, 23% free, 52MB/68MB, paused 227us total 13.337ms
08-06 13:02:19.717 28492 28605 I art     : Starting a blocking GC Explicit
08-06 13:02:19.731 28492 28605 I art     : Explicit concurrent mark sweep GC freed 3(96B) AllocSpace objects, 0(0B) LOS objects, 23% free, 52MB/68MB, paused 242us total 13.621ms
08-06 13:02:19.738 28492 28605 I art     : Starting a blocking GC Explicit
08-06 13:02:19.752 28492 28605 I art     : Explicit concurrent mark sweep GC freed 3(96B) AllocSpace objects, 0(0B) LOS objects, 23% free, 52MB/68MB, paused 243us total 14.363ms
08-06 13:02:19.893   380   380 W SurfaceFlinger: couldn't log to binary event log: overflow.
08-06 13:02:20.006 28492 28605 I art     : Starting a blocking GC Explicit
08-06 13:02:20.026 28492 28605 I art     : Explicit concurrent mark sweep GC freed 1462(86KB) AllocSpace objects, 1(20KB) LOS objects, 23% free, 52MB/68MB, paused 366us total 19.313ms
08-06 13:02:20.033 28492 28605 I art     : Starting a blocking GC Explicit
08-06 13:02:20.048 28492 28605 I art     : Explicit concurrent mark sweep GC freed 30(1088B) AllocSpace objects, 0(0B) LOS objects, 23% free, 52MB/68MB, paused 299us total 14.600ms
08-06 13:02:20.055 28492 28605 I art     : Starting a blocking GC Explicit
08-06 13:02:20.069 28492 28605 I art     : Explicit concurrent mark sweep GC freed 10(352B) AllocSpace objects, 0(0B) LOS objects, 23% free, 52MB/68MB, paused 241us total 13.939ms
08-06 13:02:20.075 28492 28605 I art     : Starting a blocking GC Explicit
08-06 13:02:20.089 28492 28605 I art     : Explicit concurrent mark sweep GC freed 8(288B) AllocSpace objects, 0(0B) LOS objects, 23% free, 52MB/68MB, paused 272us total 13.522ms
08-06 13:02:20.094 28492 28605 I art     : Starting a blocking GC Explicit
08-06 13:02:20.108 28492 28605 I art     : Explicit concurrent mark sweep GC freed 8(288B) AllocSpace objects, 0(0B) LOS objects, 23% free, 52MB/68MB, paused 233us total 13.133ms
08-06 13:02:20.378 28492 28604 I art     : Starting a blocking GC Explicit
08-06 13:02:20.395 28492 28604 I art     : Explicit concurrent mark sweep GC freed 2065(136KB) AllocSpace objects, 3(140KB) LOS objects, 23% free, 53MB/69MB, paused 598us total 17.201ms
08-06 13:02:20.403 28492 28604 I art     : Starting a blocking GC Explicit
08-06 13:02:20.418 28492 28604 I art     : Explicit concurrent mark sweep GC freed 2073(81KB) AllocSpace objects, 0(0B) LOS objects, 23% free, 53MB/69MB, paused 302us total 15.386ms
08-06 13:02:20.424 28492 28979 D OkHttp  : --> GET https://api-hillfair-2k16.herokuapp.com/api/app/events/special/event?id=5806551bdcba0f490c70fd1f http/1.1
08-06 13:02:20.426 28492 28604 I art     : Starting a blocking GC Explicit
08-06 13:02:20.439 28492 28604 I art     : Explicit concurrent mark sweep GC freed 840(114KB) AllocSpace objects, 1(80KB) LOS objects, 23% free, 53MB/69MB, paused 250us total 13.603ms
08-06 13:02:20.445 28492 28604 I art     : Starting a blocking GC Explicit
08-06 13:02:20.459 28492 28604 I art     : Explicit concurrent mark sweep GC freed 17(672B) AllocSpace objects, 0(0B) LOS objects, 23% free, 53MB/69MB, paused 318us total 13.590ms
08-06 13:02:20.462 28492 28979 D OkHttp  : <-- 200 OK https://api-hillfair-2k16.herokuapp.com/api/app/events/special/event?id=5806551bdcba0f490c70fd1f (37ms, 795-byte body)
08-06 13:02:20.465 28492 28604 I art     : Starting a blocking GC Explicit
08-06 13:02:20.478 28492 28604 I art     : Explicit concurrent mark sweep GC freed 210(36KB) AllocSpace objects, 0(0B) LOS objects, 23% free, 53MB/69MB, paused 228us total 13.315ms
08-06 13:02:20.510 28492 28492 I NAPPA_EXPERIMENTATION: MetricNetworkRequestExecutionTime: REQUEST_DURATION_SYSTEM='963',REQUEST_DURATION_OKHTTP='37',REQUEST_SYNCHRONOUS='FALSE',RESPONSE_CODE='200',RESPONSE_METHOD='GET',RESPONSE_LENGTH_OKHTTP='795',RESPONSE_LENGTH_HEADER='795',REQUEST_PROTOCOL='http/1.1',REQUEST_URL='https://api-hillfair-2k16.herokuapp.com/api/app/events/special/event?id=5806551bdcba0f490c70fd1f',
08-06 13:02:20.751 28492 28513 I art     : Starting a blocking GC Explicit
08-06 13:02:20.769 28492 28513 I art     : Explicit concurrent mark sweep GC freed 2004(168KB) AllocSpace objects, 1(20KB) LOS objects, 23% free, 53MB/69MB, paused 247us total 18.259ms
08-06 13:02:20.777 28492 28513 I art     : Starting a blocking GC Explicit
08-06 13:02:20.793 28492 28513 I art     : Explicit concurrent mark sweep GC freed 70(2336B) AllocSpace objects, 0(0B) LOS objects, 23% free, 53MB/69MB, paused 270us total 16.104ms
08-06 13:02:20.800 28492 28513 I art     : Starting a blocking GC Explicit
08-06 13:02:20.815 28492 28513 I art     : Explicit concurrent mark sweep GC freed 3(96B) AllocSpace objects, 0(0B) LOS objects, 23% free, 53MB/69MB, paused 251us total 14.842ms
08-06 13:02:20.822 28492 28513 I art     : Starting a blocking GC Explicit
08-06 13:02:20.837 28492 28513 I art     : Explicit concurrent mark sweep GC freed 3(96B) AllocSpace objects, 0(0B) LOS objects, 23% free, 53MB/69MB, paused 286us total 14.429ms
08-06 13:02:20.843 28492 28513 I art     : Starting a blocking GC Explicit
08-06 13:02:20.858 28492 28513 I art     : Explicit concurrent mark sweep GC freed 3(96B) AllocSpace objects, 0(0B) LOS objects, 23% free, 53MB/69MB, paused 228us total 14.753ms
08-06 13:02:21.136 28492 28604 I art     : Starting a blocking GC Explicit
08-06 13:02:21.161 28492 28604 I art     : Explicit concurrent mark sweep GC freed 1345(78KB) AllocSpace objects, 1(20KB) LOS objects, 23% free, 53MB/69MB, paused 269us total 24.925ms
08-06 13:02:21.168 28492 28604 I art     : Starting a blocking GC Explicit
08-06 13:02:21.184 28492 28604 I art     : Explicit concurrent mark sweep GC freed 36(1264B) AllocSpace objects, 0(0B) LOS objects, 23% free, 53MB/69MB, paused 235us total 15.369ms
08-06 13:02:21.190 28492 28604 I art     : Starting a blocking GC Explicit
08-06 13:02:21.205 28492 28604 I art     : Explicit concurrent mark sweep GC freed 3(96B) AllocSpace objects, 0(0B) LOS objects, 23% free, 53MB/69MB, paused 237us total 14.393ms
08-06 13:02:21.211 28492 28604 I art     : Starting a blocking GC Explicit
08-06 13:02:21.226 28492 28604 I art     : Explicit concurrent mark sweep GC freed 3(96B) AllocSpace objects, 0(0B) LOS objects, 23% free, 53MB/69MB, paused 231us total 14.527ms
08-06 13:02:21.232 28492 28604 I art     : Starting a blocking GC Explicit
08-06 13:02:21.247 28492 28604 I art     : Explicit concurrent mark sweep GC freed 3(96B) AllocSpace objects, 0(0B) LOS objects, 23% free, 53MB/69MB, paused 250us total 14.633ms
08-06 13:02:21.582 28492 28513 I art     : Starting a blocking GC Explicit
08-06 13:02:21.608   518   646 I ThermalEngine: ACTION: GPU - Setting GPU[0] to 510000000
08-06 13:02:21.609 28492 28513 I art     : Explicit concurrent mark sweep GC freed 1343(78KB) AllocSpace objects, 1(20KB) LOS objects, 23% free, 53MB/69MB, paused 260us total 26.543ms
08-06 13:02:21.622 28492 28513 I art     : Starting a blocking GC Explicit
08-06 13:02:21.640 28492 28513 I art     : Explicit concurrent mark sweep GC freed 20(704B) AllocSpace objects, 0(0B) LOS objects, 23% free, 53MB/69MB, paused 313us total 18.076ms
08-06 13:02:21.648 28492 28513 I art     : Starting a blocking GC Explicit
08-06 13:02:21.667 28492 28513 I art     : Explicit concurrent mark sweep GC freed 3(96B) AllocSpace objects, 0(0B) LOS objects, 23% free, 53MB/69MB, paused 364us total 18.134ms
08-06 13:02:21.675 28492 28513 I art     : Starting a blocking GC Explicit
08-06 13:02:21.693 28492 28513 I art     : Explicit concurrent mark sweep GC freed 3(96B) AllocSpace objects, 0(0B) LOS objects, 23% free, 53MB/69MB, paused 309us total 18.068ms
08-06 13:02:21.701 28492 28513 I art     : Starting a blocking GC Explicit
08-06 13:02:21.719 28492 28513 I art     : Explicit concurrent mark sweep GC freed 3(96B) AllocSpace objects, 0(0B) LOS objects, 23% free, 53MB/69MB, paused 305us total 17.836ms
08-06 13:02:21.722   918  3261 D WifiStateMachine: starting scan for "H369AA63323"WPA_PSK with 2412,5180
08-06 13:02:22.035 28492 28605 I art     : Starting a blocking GC Explicit
08-06 13:02:22.063 28492 28605 I art     : Explicit concurrent mark sweep GC freed 1343(78KB) AllocSpace objects, 1(20KB) LOS objects, 23% free, 53MB/69MB, paused 358us total 28.275ms
08-06 13:02:22.076 28492 28605 I art     : Starting a blocking GC Explicit
08-06 13:02:22.095 28492 28605 I art     : Explicit concurrent mark sweep GC freed 20(704B) AllocSpace objects, 0(0B) LOS objects, 23% free, 53MB/69MB, paused 314us total 18.538ms
08-06 13:02:22.103 28492 28605 I art     : Starting a blocking GC Explicit
08-06 13:02:22.121 28492 28605 I art     : Explicit concurrent mark sweep GC freed 3(96B) AllocSpace objects, 0(0B) LOS objects, 23% free, 53MB/69MB, paused 306us total 18.370ms
08-06 13:02:22.130 28492 28605 I art     : Starting a blocking GC Explicit
08-06 13:02:22.148 28492 28605 I art     : Explicit concurrent mark sweep GC freed 3(96B) AllocSpace objects, 0(0B) LOS objects, 23% free, 53MB/69MB, paused 311us total 18.639ms
08-06 13:02:22.157 28492 28605 I art     : Starting a blocking GC Explicit
08-06 13:02:22.176 28492 28605 I art     : Explicit concurrent mark sweep GC freed 3(96B) AllocSpace objects, 0(0B) LOS objects, 23% free, 53MB/69MB, paused 305us total 18.680ms
08-06 13:02:22.490 28492 28514 I art     : Starting a blocking GC Explicit
08-06 13:02:22.514 28492 28514 I art     : Explicit concurrent mark sweep GC freed 1343(78KB) AllocSpace objects, 1(20KB) LOS objects, 23% free, 53MB/69MB, paused 335us total 23.189ms
08-06 13:02:22.526 28492 28514 I art     : Starting a blocking GC Explicit
08-06 13:02:22.546 28492 28514 I art     : Explicit concurrent mark sweep GC freed 20(704B) AllocSpace objects, 0(0B) LOS objects, 23% free, 53MB/69MB, paused 324us total 19.152ms
08-06 13:02:22.554 28492 28514 I art     : Starting a blocking GC Explicit
08-06 13:02:22.573 28492 28514 I art     : Explicit concurrent mark sweep GC freed 3(96B) AllocSpace objects, 0(0B) LOS objects, 23% free, 53MB/69MB, paused 306us total 18.514ms
08-06 13:02:22.581 28492 28514 I art     : Starting a blocking GC Explicit
08-06 13:02:22.600 28492 28514 I art     : Explicit concurrent mark sweep GC freed 3(96B) AllocSpace objects, 0(0B) LOS objects, 23% free, 53MB/69MB, paused 313us total 18.810ms
08-06 13:02:22.608 28492 28514 I art     : Starting a blocking GC Explicit
08-06 13:02:22.627 28492 28514 I art     : Explicit concurrent mark sweep GC freed 3(96B) AllocSpace objects, 0(0B) LOS objects, 23% free, 53MB/69MB, paused 356us total 18.602ms
08-06 13:02:22.946 28492 28604 I art     : Starting a blocking GC Explicit
08-06 13:02:22.974 28492 28604 I art     : Explicit concurrent mark sweep GC freed 1343(78KB) AllocSpace objects, 1(20KB) LOS objects, 23% free, 53MB/69MB, paused 353us total 28.023ms
08-06 13:02:22.986 28492 28604 I art     : Starting a blocking GC Explicit
08-06 13:02:23.008 28492 28604 I art     : Explicit concurrent mark sweep GC freed 20(704B) AllocSpace objects, 0(0B) LOS objects, 23% free, 53MB/69MB, paused 340us total 21.929ms
08-06 13:02:23.017 28492 28604 I art     : Starting a blocking GC Explicit
08-06 13:02:23.036 28492 28604 I art     : Explicit concurrent mark sweep GC freed 3(96B) AllocSpace objects, 0(0B) LOS objects, 23% free, 53MB/69MB, paused 318us total 19.220ms
08-06 13:02:23.045 28492 28604 I art     : Starting a blocking GC Explicit
08-06 13:02:23.063 28492 28604 I art     : Explicit concurrent mark sweep GC freed 3(96B) AllocSpace objects, 0(0B) LOS objects, 23% free, 53MB/69MB, paused 311us total 18.333ms
08-06 13:02:23.071 28492 28604 I art     : Starting a blocking GC Explicit
08-06 13:02:23.090 28492 28604 I art     : Explicit concurrent mark sweep GC freed 3(96B) AllocSpace objects, 0(0B) LOS objects, 23% free, 53MB/69MB, paused 310us total 18.451ms
08-06 13:02:23.404 28492 28513 I art     : Starting a blocking GC Explicit
08-06 13:02:23.428 28492 28513 I art     : Explicit concurrent mark sweep GC freed 1343(78KB) AllocSpace objects, 1(20KB) LOS objects, 23% free, 53MB/69MB, paused 399us total 23.554ms
08-06 13:02:23.439 28492 28513 I art     : Starting a blocking GC Explicit
08-06 13:02:23.459 28492 28513 I art     : Explicit concurrent mark sweep GC freed 20(704B) AllocSpace objects, 0(0B) LOS objects, 23% free, 53MB/69MB, paused 318us total 19.978ms
08-06 13:02:23.468 28492 28513 I art     : Starting a blocking GC Explicit
08-06 13:02:23.487 28492 28513 I art     : Explicit concurrent mark sweep GC freed 3(96B) AllocSpace objects, 0(0B) LOS objects, 23% free, 53MB/69MB, paused 345us total 19.272ms
08-06 13:02:23.496 28492 28513 I art     : Starting a blocking GC Explicit
08-06 13:02:23.515 28492 28513 I art     : Explicit concurrent mark sweep GC freed 3(96B) AllocSpace objects, 0(0B) LOS objects, 23% free, 53MB/69MB, paused 347us total 18.843ms
08-06 13:02:23.523 28492 28513 I art     : Starting a blocking GC Explicit
08-06 13:02:23.542 28492 28513 I art     : Explicit concurrent mark sweep GC freed 3(96B) AllocSpace objects, 0(0B) LOS objects, 23% free, 53MB/69MB, paused 315us total 18.738ms
08-06 13:02:23.847 28492 28605 I art     : Starting a blocking GC Explicit
08-06 13:02:23.874 28492 28605 I art     : Explicit concurrent mark sweep GC freed 1343(78KB) AllocSpace objects, 1(20KB) LOS objects, 23% free, 53MB/69MB, paused 344us total 27.152ms
08-06 13:02:23.886 28492 28605 I art     : Starting a blocking GC Explicit
08-06 13:02:23.905 28492 28605 I art     : Explicit concurrent mark sweep GC freed 20(704B) AllocSpace objects, 0(0B) LOS objects, 23% free, 53MB/69MB, paused 301us total 18.476ms
08-06 13:02:23.913 28492 28605 I art     : Starting a blocking GC Explicit
08-06 13:02:23.931 28492 28605 I art     : Explicit concurrent mark sweep GC freed 3(96B) AllocSpace objects, 0(0B) LOS objects, 23% free, 53MB/69MB, paused 311us total 18.500ms
08-06 13:02:23.940 28492 28605 I art     : Starting a blocking GC Explicit
08-06 13:02:23.959 28492 28605 I art     : Explicit concurrent mark sweep GC freed 3(96B) AllocSpace objects, 0(0B) LOS objects, 23% free, 53MB/69MB, paused 313us total 19.113ms
08-06 13:02:23.968 28492 28605 I art     : Starting a blocking GC Explicit
08-06 13:02:23.987 28492 28605 I art     : Explicit concurrent mark sweep GC freed 3(96B) AllocSpace objects, 0(0B) LOS objects, 23% free, 53MB/69MB, paused 376us total 18.946ms
08-06 13:02:24.253 21246 21248 E QC-QMI  : qmi_client [21246] 618: failed to locate client data
08-06 13:02:24.255   519   519 E QC-QMI  : qmuxd: RX on fd=18 returned error=0 errno[2:No such file or directory]
08-06 13:02:24.255   519   519 E QC-QMI  : QMUX qmux_client_id=618 not found in qmux client list, unable to remove
08-06 13:02:24.256 21246 21246 I Atfwd_Daemon: Stop the daemon....
08-06 13:02:24.295 28492 28514 I art     : Starting a blocking GC Explicit
08-06 13:02:24.309 29105 29105 W ATFWD-daemon: type=1400 audit(0.0:740175): avc: denied { read write } for name="diag" dev="tmpfs" ino=1296 scontext=u:r:atfwd:s0 tcontext=u:object_r:diag_device:s0 tclass=chr_file permissive=0
08-06 13:02:24.314 28492 28514 I art     : Explicit concurrent mark sweep GC freed 1343(78KB) AllocSpace objects, 1(20KB) LOS objects, 23% free, 53MB/69MB, paused 312us total 18.666ms
08-06 13:02:24.319 29105 29105 I libmdmdetect: ESOC framework not supported
08-06 13:02:24.320 29105 29105 I libmdmdetect: Found internal modem: modem
08-06 13:02:24.320 29105 29105 E Diag_Lib:  Diag_LSM_Init: Failed to open handle to diag driver, error = 13
08-06 13:02:24.322 28492 28514 I art     : Starting a blocking GC Explicit
08-06 13:02:24.325 29105 29105 I Atfwd_Daemon: result : 255 	 ,Init step :0 	 ,qmiErrorCode: 0
08-06 13:02:24.325 29105 29105 I Atfwd_Daemon: result : 0 	 ,Init step :1 	 ,qmiErrorCode: 0
08-06 13:02:24.326 29105 29105 I ServiceManager: Waiting for service AtCmdFwd...
08-06 13:02:24.341 28492 28514 I art     : Explicit concurrent mark sweep GC freed 20(704B) AllocSpace objects, 0(0B) LOS objects, 23% free, 53MB/69MB, paused 324us total 18.874ms
08-06 13:02:24.350 28492 28514 I art     : Starting a blocking GC Explicit
08-06 13:02:24.368 28492 28514 I art     : Explicit concurrent mark sweep GC freed 3(96B) AllocSpace objects, 0(0B) LOS objects, 23% free, 53MB/69MB, paused 316us total 18.294ms
08-06 13:02:24.376 28492 28514 I art     : Starting a blocking GC Explicit
08-06 13:02:24.395 28492 28514 I art     : Explicit concurrent mark sweep GC freed 3(96B) AllocSpace objects, 0(0B) LOS objects, 23% free, 53MB/69MB, paused 310us total 18.212ms
08-06 13:02:24.403 28492 28514 I art     : Starting a blocking GC Explicit
08-06 13:02:24.422 28492 28514 I art     : Explicit concurrent mark sweep GC freed 3(96B) AllocSpace objects, 0(0B) LOS objects, 23% free, 53MB/69MB, paused 317us total 18.804ms
08-06 13:02:24.610   518   646 I ThermalEngine: ACTION: GPU - Setting GPU[0] to 600000000
08-06 13:02:24.732 28492 28604 I art     : Starting a blocking GC Explicit
08-06 13:02:24.751 28492 28604 I art     : Explicit concurrent mark sweep GC freed 1343(78KB) AllocSpace objects, 1(20KB) LOS objects, 23% free, 53MB/69MB, paused 240us total 18.400ms
08-06 13:02:24.757 28492 28604 I art     : Starting a blocking GC Explicit
08-06 13:02:24.773 28492 28604 I art     : Explicit concurrent mark sweep GC freed 20(704B) AllocSpace objects, 0(0B) LOS objects, 23% free, 53MB/69MB, paused 234us total 15.183ms
08-06 13:02:24.780 28492 28604 I art     : Starting a blocking GC Explicit
08-06 13:02:24.795 28492 28604 I art     : Explicit concurrent mark sweep GC freed 3(96B) AllocSpace objects, 0(0B) LOS objects, 23% free, 53MB/69MB, paused 224us total 14.582ms
08-06 13:02:24.801 28492 28604 I art     : Starting a blocking GC Explicit
08-06 13:02:24.816 28492 28604 I art     : Explicit concurrent mark sweep GC freed 3(96B) AllocSpace objects, 0(0B) LOS objects, 23% free, 53MB/69MB, paused 220us total 14.549ms
08-06 13:02:24.822 28492 28604 I art     : Starting a blocking GC Explicit
08-06 13:02:24.837 28492 28604 I art     : Explicit concurrent mark sweep GC freed 3(96B) AllocSpace objects, 0(0B) LOS objects, 23% free, 53MB/69MB, paused 231us total 14.812ms
08-06 13:02:25.164 28492 28513 I art     : Starting a blocking GC Explicit
08-06 13:02:25.190 28492 28513 I art     : Explicit concurrent mark sweep GC freed 3464(168KB) AllocSpace objects, 1(20KB) LOS objects, 23% free, 53MB/69MB, paused 315us total 26.567ms
08-06 13:02:25.198 28492 28513 I art     : Starting a blocking GC Explicit
08-06 13:02:25.214 28492 28513 I art     : Explicit concurrent mark sweep GC freed 130(4KB) AllocSpace objects, 0(0B) LOS objects, 23% free, 53MB/69MB, paused 265us total 15.631ms
08-06 13:02:25.221 28492 28513 I art     : Starting a blocking GC Explicit
08-06 13:02:25.223 28492 29121 W OneSignal: OneSignalRestClient: POST Error thrown from network stack. 
08-06 13:02:25.223 28492 29121 W OneSignal: java.io.IOException: unexpected end of stream on Connection{api.onesignal.com:443, proxy=HTTP@192.168.2.12:8080 hostAddress=192.168.2.12 cipherSuite=TLS_ECDHE_RSA_WITH_AES_128_GCM_SHA256 protocol=http/1.1} (recycle count=0)
08-06 13:02:25.223 28492 29121 W OneSignal: 	at com.android.okhttp.internal.http.HttpConnection.readResponse(HttpConnection.java:210)
08-06 13:02:25.223 28492 29121 W OneSignal: 	at com.android.okhttp.internal.http.HttpTransport.readResponseHeaders(HttpTransport.java:80)
08-06 13:02:25.223 28492 29121 W OneSignal: 	at com.android.okhttp.internal.http.HttpEngine.readNetworkResponse(HttpEngine.java:904)
08-06 13:02:25.223 28492 29121 W OneSignal: 	at com.android.okhttp.internal.http.HttpEngine.readResponse(HttpEngine.java:788)
08-06 13:02:25.223 28492 29121 W OneSignal: 	at com.android.okhttp.internal.huc.HttpURLConnectionImpl.execute(HttpURLConnectionImpl.java:439)
08-06 13:02:25.223 28492 29121 W OneSignal: 	at com.android.okhttp.internal.huc.HttpURLConnectionImpl.getResponse(HttpURLConnectionImpl.java:384)
08-06 13:02:25.223 28492 29121 W OneSignal: 	at com.android.okhttp.internal.huc.HttpURLConnectionImpl.getResponseCode(HttpURLConnectionImpl.java:497)
08-06 13:02:25.223 28492 29121 W OneSignal: 	at com.android.okhttp.internal.huc.DelegatingHttpsURLConnection.getResponseCode(DelegatingHttpsURLConnection.java:105)
08-06 13:02:25.223 28492 29121 W OneSignal: 	at com.android.okhttp.internal.huc.HttpsURLConnectionImpl.getResponseCode(HttpsURLConnectionImpl.java)
08-06 13:02:25.223 28492 29121 W OneSignal: 	at com.onesignal.OneSignalRestClient.startHTTPConnection(OneSignalRestClient.java:180)
08-06 13:02:25.223 28492 29121 W OneSignal: 	at com.onesignal.OneSignalRestClient.access$100(OneSignalRestClient.java:44)
08-06 13:02:25.223 28492 29121 W OneSignal: 	at com.onesignal.OneSignalRestClient$4.run(OneSignalRestClient.java:110)
08-06 13:02:25.223 28492 29121 W OneSignal: 	at java.lang.Thread.run(Thread.java:818)
08-06 13:02:25.223 28492 29121 W OneSignal: Caused by: java.io.EOFException: \n not found: size=0 content=...
08-06 13:02:25.223 28492 29121 W OneSignal: 	at com.android.okhttp.okio.RealBufferedSource.readUtf8LineStrict(RealBufferedSource.java:200)
08-06 13:02:25.223 28492 29121 W OneSignal: 	at com.android.okhttp.internal.http.HttpConnection.readResponse(HttpConnection.java:191)
08-06 13:02:25.223 28492 29121 W OneSignal: 	... 12 more
08-06 13:02:25.224 28492 29130 W OneSignal: Failed last request. statusCode: -1
08-06 13:02:25.224 28492 29130 W OneSignal: response: null
08-06 13:02:25.235 28492 28513 I art     : Explicit concurrent mark sweep GC freed 149(47KB) AllocSpace objects, 0(0B) LOS objects, 23% free, 53MB/69MB, paused 227us total 14.415ms
08-06 13:02:25.242 28492 28513 I art     : Starting a blocking GC Explicit
08-06 13:02:25.256 28492 28513 I art     : Explicit concurrent mark sweep GC freed 237(25KB) AllocSpace objects, 0(0B) LOS objects, 23% free, 53MB/69MB, paused 227us total 14.532ms
08-06 13:02:25.263 28492 28513 I art     : Starting a blocking GC Explicit
08-06 13:02:25.278 28492 28513 I art     : Explicit concurrent mark sweep GC freed 3(96B) AllocSpace objects, 0(0B) LOS objects, 23% free, 53MB/69MB, paused 271us total 14.574ms
08-06 13:02:25.327 29105 29105 I ServiceManager: Waiting for service AtCmdFwd...
08-06 13:02:25.591 28492 28605 I art     : Starting a blocking GC Explicit
08-06 13:02:25.607 28492 28605 I art     : Explicit concurrent mark sweep GC freed 1343(78KB) AllocSpace objects, 1(20KB) LOS objects, 23% free, 53MB/69MB, paused 239us total 16.135ms
08-06 13:02:25.613 28492 28605 I art     : Starting a blocking GC Explicit
08-06 13:02:25.627 28492 28605 I art     : Explicit concurrent mark sweep GC freed 20(704B) AllocSpace objects, 0(0B) LOS objects, 23% free, 53MB/69MB, paused 226us total 13.613ms
08-06 13:02:25.633 28492 28605 I art     : Starting a blocking GC Explicit
08-06 13:02:25.647 28492 28605 I art     : Explicit concurrent mark sweep GC freed 12(432B) AllocSpace objects, 0(0B) LOS objects, 23% free, 53MB/69MB, paused 260us total 14.216ms
08-06 13:02:25.653 28492 28605 I art     : Starting a blocking GC Explicit
08-06 13:02:25.668 28492 28605 I art     : Explicit concurrent mark sweep GC freed 3(96B) AllocSpace objects, 0(0B) LOS objects, 23% free, 53MB/69MB, paused 223us total 14.137ms
08-06 13:02:25.674 28492 28605 I art     : Starting a blocking GC Explicit
08-06 13:02:25.689 28492 28605 I art     : Explicit concurrent mark sweep GC freed 3(96B) AllocSpace objects, 0(0B) LOS objects, 23% free, 53MB/69MB, paused 219us total 14.438ms
08-06 13:02:26.005 28492 28514 I art     : Starting a blocking GC Explicit
08-06 13:02:26.028 28492 28514 I art     : Explicit concurrent mark sweep GC freed 1343(78KB) AllocSpace objects, 1(20KB) LOS objects, 23% free, 53MB/69MB, paused 432us total 22.377ms
08-06 13:02:26.039 28492 28514 I art     : Starting a blocking GC Explicit
08-06 13:02:26.054 28492 28514 I art     : Explicit concurrent mark sweep GC freed 20(704B) AllocSpace objects, 0(0B) LOS objects, 23% free, 53MB/69MB, paused 216us total 15.135ms
08-06 13:02:26.061 28492 28514 I art     : Starting a blocking GC Explicit
08-06 13:02:26.076 28492 28514 I art     : Explicit concurrent mark sweep GC freed 3(96B) AllocSpace objects, 0(0B) LOS objects, 23% free, 53MB/69MB, paused 228us total 15.037ms
08-06 13:02:26.083 28492 28514 I art     : Starting a blocking GC Explicit
08-06 13:02:26.098 28492 28514 I art     : Explicit concurrent mark sweep GC freed 3(96B) AllocSpace objects, 0(0B) LOS objects, 23% free, 53MB/69MB, paused 234us total 14.854ms
08-06 13:02:26.104 28492 28514 I art     : Starting a blocking GC Explicit
08-06 13:02:26.120 28492 28514 I art     : Explicit concurrent mark sweep GC freed 3(96B) AllocSpace objects, 0(0B) LOS objects, 23% free, 53MB/69MB, paused 231us total 14.961ms
08-06 13:02:26.327 29105 29105 I ServiceManager: Waiting for service AtCmdFwd...
08-06 13:02:26.437 28492 28604 I art     : Starting a blocking GC Explicit
08-06 13:02:26.459 28492 28604 I art     : Explicit concurrent mark sweep GC freed 1343(78KB) AllocSpace objects, 1(20KB) LOS objects, 23% free, 53MB/69MB, paused 281us total 21.504ms
08-06 13:02:26.470 28492 28604 I art     : Starting a blocking GC Explicit
08-06 13:02:26.489 28492 28604 I art     : Explicit concurrent mark sweep GC freed 20(704B) AllocSpace objects, 0(0B) LOS objects, 23% free, 53MB/69MB, paused 248us total 18.627ms
08-06 13:02:26.496 28492 28604 I art     : Starting a blocking GC Explicit
08-06 13:02:26.511 28492 28604 I art     : Explicit concurrent mark sweep GC freed 3(96B) AllocSpace objects, 0(0B) LOS objects, 23% free, 53MB/69MB, paused 238us total 15.404ms
08-06 13:02:26.518 28492 28604 I art     : Starting a blocking GC Explicit
08-06 13:02:26.534 28492 28604 I art     : Explicit concurrent mark sweep GC freed 3(96B) AllocSpace objects, 0(0B) LOS objects, 23% free, 53MB/69MB, paused 284us total 15.474ms
08-06 13:02:26.541 28492 28604 I art     : Starting a blocking GC Explicit
08-06 13:02:26.556 28492 28604 I art     : Explicit concurrent mark sweep GC freed 3(96B) AllocSpace objects, 0(0B) LOS objects, 23% free, 53MB/69MB, paused 262us total 14.905ms
08-06 13:02:26.865 28492 28513 I art     : Starting a blocking GC Explicit
08-06 13:02:26.886 28492 28513 I art     : Explicit concurrent mark sweep GC freed 1343(78KB) AllocSpace objects, 1(20KB) LOS objects, 23% free, 53MB/69MB, paused 314us total 21.142ms
08-06 13:02:26.898 28492 28513 I art     : Starting a blocking GC Explicit
08-06 13:02:26.916 28492 28513 I art     : Explicit concurrent mark sweep GC freed 20(704B) AllocSpace objects, 0(0B) LOS objects, 23% free, 53MB/69MB, paused 233us total 17.080ms
08-06 13:02:26.922 28492 28513 I art     : Starting a blocking GC Explicit
08-06 13:02:26.937 28492 28513 I art     : Explicit concurrent mark sweep GC freed 3(96B) AllocSpace objects, 0(0B) LOS objects, 23% free, 53MB/69MB, paused 281us total 15.007ms
08-06 13:02:26.944 28492 28513 I art     : Starting a blocking GC Explicit
08-06 13:02:26.959 28492 28513 I art     : Explicit concurrent mark sweep GC freed 3(96B) AllocSpace objects, 0(0B) LOS objects, 23% free, 53MB/69MB, paused 225us total 14.927ms
08-06 13:02:26.966 28492 28513 I art     : Starting a blocking GC Explicit
08-06 13:02:26.981 28492 28513 I art     : Explicit concurrent mark sweep GC freed 3(96B) AllocSpace objects, 0(0B) LOS objects, 23% free, 53MB/69MB, paused 235us total 14.890ms
08-06 13:02:27.316 28492 28605 I art     : Starting a blocking GC Explicit
08-06 13:02:27.328 29105 29105 I ServiceManager: Waiting for service AtCmdFwd...
08-06 13:02:27.342 28492 28605 I art     : Explicit concurrent mark sweep GC freed 1343(78KB) AllocSpace objects, 1(20KB) LOS objects, 23% free, 53MB/69MB, paused 323us total 26.343ms
08-06 13:02:27.355 28492 28605 I art     : Starting a blocking GC Explicit
08-06 13:02:27.371 28492 28605 I art     : Explicit concurrent mark sweep GC freed 20(704B) AllocSpace objects, 0(0B) LOS objects, 23% free, 53MB/69MB, paused 224us total 15.469ms
08-06 13:02:27.377 28492 28605 I art     : Starting a blocking GC Explicit
08-06 13:02:27.392 28492 28605 I art     : Explicit concurrent mark sweep GC freed 3(96B) AllocSpace objects, 0(0B) LOS objects, 23% free, 53MB/69MB, paused 229us total 14.576ms
08-06 13:02:27.398 28492 28605 I art     : Starting a blocking GC Explicit
08-06 13:02:27.413 28492 28605 I art     : Explicit concurrent mark sweep GC freed 3(96B) AllocSpace objects, 0(0B) LOS objects, 23% free, 53MB/69MB, paused 231us total 14.756ms
08-06 13:02:27.420 28492 28605 I art     : Starting a blocking GC Explicit
08-06 13:02:27.435 28492 28605 I art     : Explicit concurrent mark sweep GC freed 3(96B) AllocSpace objects, 0(0B) LOS objects, 23% free, 53MB/69MB, paused 227us total 14.982ms
08-06 13:02:27.752 28492 28514 I art     : Starting a blocking GC Explicit
08-06 13:02:27.779 28492 28514 I art     : Explicit concurrent mark sweep GC freed 1343(78KB) AllocSpace objects, 1(20KB) LOS objects, 23% free, 53MB/69MB, paused 346us total 26.234ms
08-06 13:02:27.790 28492 28514 I art     : Starting a blocking GC Explicit
08-06 13:02:27.806 28492 28514 I art     : Explicit concurrent mark sweep GC freed 20(704B) AllocSpace objects, 0(0B) LOS objects, 23% free, 53MB/69MB, paused 244us total 16.715ms
08-06 13:02:27.813 28492 28514 I art     : Starting a blocking GC Explicit
08-06 13:02:27.828 28492 28514 I art     : Explicit concurrent mark sweep GC freed 3(96B) AllocSpace objects, 0(0B) LOS objects, 23% free, 53MB/69MB, paused 236us total 14.680ms
08-06 13:02:27.834 28492 28514 I art     : Starting a blocking GC Explicit
08-06 13:02:27.849 28492 28514 I art     : Explicit concurrent mark sweep GC freed 3(96B) AllocSpace objects, 0(0B) LOS objects, 23% free, 53MB/69MB, paused 230us total 14.551ms
08-06 13:02:27.855 28492 28514 I art     : Starting a blocking GC Explicit
08-06 13:02:27.870 28492 28514 I art     : Explicit concurrent mark sweep GC freed 3(96B) AllocSpace objects, 0(0B) LOS objects, 23% free, 53MB/69MB, paused 222us total 14.564ms
08-06 13:02:28.195 28492 28604 I art     : Starting a blocking GC Explicit
08-06 13:02:28.221 28492 28604 I art     : Explicit concurrent mark sweep GC freed 1343(78KB) AllocSpace objects, 1(20KB) LOS objects, 23% free, 53MB/69MB, paused 313us total 25.521ms
08-06 13:02:28.233 28492 28604 I art     : Starting a blocking GC Explicit
08-06 13:02:28.253 28492 28604 I art     : Explicit concurrent mark sweep GC freed 20(704B) AllocSpace objects, 0(0B) LOS objects, 23% free, 53MB/69MB, paused 263us total 19.387ms
08-06 13:02:28.263 28492 28604 I art     : Starting a blocking GC Explicit
08-06 13:02:28.278 28492 28604 I art     : Explicit concurrent mark sweep GC freed 3(96B) AllocSpace objects, 0(0B) LOS objects, 23% free, 53MB/69MB, paused 254us total 15.474ms
08-06 13:02:28.285 28492 28604 I art     : Starting a blocking GC Explicit
08-06 13:02:28.301 28492 28604 I art     : Explicit concurrent mark sweep GC freed 3(96B) AllocSpace objects, 0(0B) LOS objects, 23% free, 53MB/69MB, paused 247us total 15.455ms
08-06 13:02:28.308 28492 28604 I art     : Starting a blocking GC Explicit
08-06 13:02:28.323 28492 28604 I art     : Explicit concurrent mark sweep GC freed 3(96B) AllocSpace objects, 0(0B) LOS objects, 23% free, 53MB/69MB, paused 234us total 15.121ms
08-06 13:02:28.328 29105 29105 I ServiceManager: Waiting for service AtCmdFwd...
08-06 13:02:28.397   918  3188 I hubconnection: sensorhub said: 'set_bias 3: -6.2400, 0.0000, 0.0000'
08-06 13:02:28.637 28492 28513 I art     : Starting a blocking GC Explicit
08-06 13:02:28.659 28492 28513 I art     : Explicit concurrent mark sweep GC freed 1343(78KB) AllocSpace objects, 1(20KB) LOS objects, 23% free, 53MB/69MB, paused 287us total 21.610ms
08-06 13:02:28.669 28492 28513 I art     : Starting a blocking GC Explicit
08-06 13:02:28.687 28492 28513 I art     : Explicit concurrent mark sweep GC freed 20(704B) AllocSpace objects, 0(0B) LOS objects, 23% free, 53MB/69MB, paused 328us total 17.065ms
08-06 13:02:28.694 28492 28513 I art     : Starting a blocking GC Explicit
08-06 13:02:28.709 28492 28513 I art     : Explicit concurrent mark sweep GC freed 3(96B) AllocSpace objects, 0(0B) LOS objects, 23% free, 53MB/69MB, paused 279us total 15.278ms
08-06 13:02:28.716 28492 28513 I art     : Starting a blocking GC Explicit
08-06 13:02:28.731 28492 28513 I art     : Explicit concurrent mark sweep GC freed 3(96B) AllocSpace objects, 0(0B) LOS objects, 23% free, 53MB/69MB, paused 230us total 15.133ms
08-06 13:02:28.738 28492 28513 I art     : Starting a blocking GC Explicit
08-06 13:02:28.752 28492 28513 I art     : Explicit concurrent mark sweep GC freed 3(96B) AllocSpace objects, 0(0B) LOS objects, 23% free, 53MB/69MB, paused 229us total 14.517ms
08-06 13:02:29.056 28492 28605 I art     : Starting a blocking GC Explicit
08-06 13:02:29.078 28492 28605 I art     : Explicit concurrent mark sweep GC freed 1343(78KB) AllocSpace objects, 1(20KB) LOS objects, 23% free, 53MB/69MB, paused 277us total 21.622ms
08-06 13:02:29.089 28492 28605 I art     : Starting a blocking GC Explicit
08-06 13:02:29.108 28492 28605 I art     : Explicit concurrent mark sweep GC freed 20(704B) AllocSpace objects, 0(0B) LOS objects, 23% free, 53MB/69MB, paused 255us total 18.953ms
08-06 13:02:29.117 28492 28605 I art     : Starting a blocking GC Explicit
08-06 13:02:29.132 28492 28605 I art     : Explicit concurrent mark sweep GC freed 3(96B) AllocSpace objects, 0(0B) LOS objects, 23% free, 53MB/69MB, paused 235us total 15.313ms
08-06 13:02:29.139 28492 28605 I art     : Starting a blocking GC Explicit
08-06 13:02:29.155 28492 28605 I art     : Explicit concurrent mark sweep GC freed 3(96B) AllocSpace objects, 0(0B) LOS objects, 23% free, 53MB/69MB, paused 235us total 15.251ms
08-06 13:02:29.161 28492 28605 I art     : Starting a blocking GC Explicit
08-06 13:02:29.177 28492 28605 I art     : Explicit concurrent mark sweep GC freed 3(96B) AllocSpace objects, 0(0B) LOS objects, 23% free, 53MB/69MB, paused 302us total 15.221ms
08-06 13:02:29.328 29105 29105 W Atfwd_Sendcmd: AtCmdFwd service not published, waiting... retryCnt : 1
08-06 13:02:29.474 28492 28514 I art     : Starting a blocking GC Explicit
08-06 13:02:29.500 28492 28514 I art     : Explicit concurrent mark sweep GC freed 1343(78KB) AllocSpace objects, 1(20KB) LOS objects, 23% free, 53MB/69MB, paused 315us total 25.738ms
08-06 13:02:29.512 28492 28514 I art     : Starting a blocking GC Explicit
08-06 13:02:29.527 28492 28514 I art     : Explicit concurrent mark sweep GC freed 20(704B) AllocSpace objects, 0(0B) LOS objects, 23% free, 53MB/69MB, paused 232us total 15.234ms
08-06 13:02:29.534 28492 28514 I art     : Starting a blocking GC Explicit
08-06 13:02:29.549 28492 28514 I art     : Explicit concurrent mark sweep GC freed 3(96B) AllocSpace objects, 0(0B) LOS objects, 23% free, 53MB/69MB, paused 222us total 14.706ms
08-06 13:02:29.555 28492 28514 I art     : Starting a blocking GC Explicit
08-06 13:02:29.570 28492 28514 I art     : Explicit concurrent mark sweep GC freed 3(96B) AllocSpace objects, 0(0B) LOS objects, 23% free, 53MB/69MB, paused 231us total 14.614ms
08-06 13:02:29.576 28492 28514 I art     : Starting a blocking GC Explicit
08-06 13:02:29.591 28492 28514 I art     : Explicit concurrent mark sweep GC freed 3(96B) AllocSpace objects, 0(0B) LOS objects, 23% free, 53MB/69MB, paused 232us total 14.567ms
08-06 13:02:29.907 28492 28604 I art     : Starting a blocking GC Explicit
08-06 13:02:29.932 28492 28604 I art     : Explicit concurrent mark sweep GC freed 1343(78KB) AllocSpace objects, 1(20KB) LOS objects, 23% free, 53MB/69MB, paused 348us total 23.871ms
08-06 13:02:29.942 28492 28604 I art     : Starting a blocking GC Explicit
08-06 13:02:29.959 28492 28604 I art     : Explicit concurrent mark sweep GC freed 20(704B) AllocSpace objects, 0(0B) LOS objects, 23% free, 53MB/69MB, paused 264us total 16.319ms
08-06 13:02:29.966 28492 28604 I art     : Starting a blocking GC Explicit
08-06 13:02:29.981 28492 28604 I art     : Explicit concurrent mark sweep GC freed 3(96B) AllocSpace objects, 0(0B) LOS objects, 23% free, 53MB/69MB, paused 230us total 15.497ms
08-06 13:02:29.989 28492 28604 I art     : Starting a blocking GC Explicit
08-06 13:02:30.003 28492 28604 I art     : Explicit concurrent mark sweep GC freed 3(96B) AllocSpace objects, 0(0B) LOS objects, 23% free, 53MB/69MB, paused 228us total 14.683ms
08-06 13:02:30.010 28492 28604 I art     : Starting a blocking GC Explicit
08-06 13:02:30.025 28492 28604 I art     : Explicit concurrent mark sweep GC freed 3(96B) AllocSpace objects, 0(0B) LOS objects, 23% free, 53MB/69MB, paused 236us total 14.438ms
08-06 13:02:30.341 28492 28513 I art     : Starting a blocking GC Explicit
08-06 13:02:30.359 28492 28513 I art     : Explicit concurrent mark sweep GC freed 1343(78KB) AllocSpace objects, 1(20KB) LOS objects, 23% free, 53MB/69MB, paused 290us total 17.890ms
08-06 13:02:30.370 28492 28513 I art     : Starting a blocking GC Explicit
08-06 13:02:30.388 28492 28513 I art     : Explicit concurrent mark sweep GC freed 20(704B) AllocSpace objects, 0(0B) LOS objects, 23% free, 53MB/69MB, paused 226us total 18.441ms
08-06 13:02:30.395 28492 28513 I art     : Starting a blocking GC Explicit
08-06 13:02:30.411 28492 28513 I art     : Explicit concurrent mark sweep GC freed 3(96B) AllocSpace objects, 0(0B) LOS objects, 23% free, 53MB/69MB, paused 234us total 15.287ms
08-06 13:02:30.417 28492 28513 I art     : Starting a blocking GC Explicit
08-06 13:02:30.433 28492 28513 I art     : Explicit concurrent mark sweep GC freed 3(96B) AllocSpace objects, 0(0B) LOS objects, 23% free, 53MB/69MB, paused 228us total 14.998ms
08-06 13:02:30.439 28492 28513 I art     : Starting a blocking GC Explicit
08-06 13:02:30.454 28492 28513 I art     : Explicit concurrent mark sweep GC freed 3(96B) AllocSpace objects, 0(0B) LOS objects, 23% free, 53MB/69MB, paused 227us total 14.569ms
08-06 13:02:30.765 28492 28605 I art     : Starting a blocking GC Explicit
08-06 13:02:30.784 28492 28605 I art     : Explicit concurrent mark sweep GC freed 1343(78KB) AllocSpace objects, 1(20KB) LOS objects, 23% free, 53MB/69MB, paused 247us total 18.947ms
08-06 13:02:30.791 28492 28605 I art     : Starting a blocking GC Explicit
08-06 13:02:30.807 28492 28605 I art     : Explicit concurrent mark sweep GC freed 20(704B) AllocSpace objects, 0(0B) LOS objects, 23% free, 53MB/69MB, paused 245us total 15.632ms
08-06 13:02:30.814 28492 28605 I art     : Starting a blocking GC Explicit
08-06 13:02:30.830 28492 28605 I art     : Explicit concurrent mark sweep GC freed 3(96B) AllocSpace objects, 0(0B) LOS objects, 23% free, 53MB/69MB, paused 232us total 15.363ms
08-06 13:02:30.837 28492 28605 I art     : Starting a blocking GC Explicit
08-06 13:02:30.852 28492 28605 I art     : Explicit concurrent mark sweep GC freed 3(96B) AllocSpace objects, 0(0B) LOS objects, 23% free, 53MB/69MB, paused 221us total 15.117ms
08-06 13:02:30.859 28492 28605 I art     : Starting a blocking GC Explicit
08-06 13:02:30.874 28492 28605 I art     : Explicit concurrent mark sweep GC freed 3(96B) AllocSpace objects, 0(0B) LOS objects, 23% free, 53MB/69MB, paused 246us total 15.195ms
08-06 13:02:31.196 28492 28514 I art     : Starting a blocking GC Explicit
08-06 13:02:31.219 28492 28514 I art     : Explicit concurrent mark sweep GC freed 1343(78KB) AllocSpace objects, 1(20KB) LOS objects, 23% free, 53MB/69MB, paused 291us total 21.780ms
08-06 13:02:31.229 28492 28514 I art     : Starting a blocking GC Explicit
08-06 13:02:31.245 28492 28514 I art     : Explicit concurrent mark sweep GC freed 20(704B) AllocSpace objects, 0(0B) LOS objects, 23% free, 53MB/69MB, paused 233us total 15.777ms
08-06 13:02:31.252 28492 28514 I art     : Starting a blocking GC Explicit
08-06 13:02:31.267 28492 28514 I art     : Explicit concurrent mark sweep GC freed 3(96B) AllocSpace objects, 0(0B) LOS objects, 23% free, 53MB/69MB, paused 265us total 15.062ms
08-06 13:02:31.274 28492 28514 I art     : Starting a blocking GC Explicit
08-06 13:02:31.289 28492 28514 I art     : Explicit concurrent mark sweep GC freed 3(96B) AllocSpace objects, 0(0B) LOS objects, 23% free, 53MB/69MB, paused 231us total 15.007ms
08-06 13:02:31.295 28492 28514 I art     : Starting a blocking GC Explicit
08-06 13:02:31.310 28492 28514 I art     : Explicit concurrent mark sweep GC freed 3(96B) AllocSpace objects, 0(0B) LOS objects, 23% free, 53MB/69MB, paused 231us total 14.657ms
08-06 13:02:31.621 28492 28604 I art     : Starting a blocking GC Explicit
08-06 13:02:31.637 28492 28604 I art     : Explicit concurrent mark sweep GC freed 1343(78KB) AllocSpace objects, 1(20KB) LOS objects, 23% free, 53MB/69MB, paused 235us total 16.745ms
08-06 13:02:31.644 28492 28604 I art     : Starting a blocking GC Explicit
08-06 13:02:31.660 28492 28604 I art     : Explicit concurrent mark sweep GC freed 20(704B) AllocSpace objects, 0(0B) LOS objects, 23% free, 53MB/69MB, paused 233us total 15.206ms
08-06 13:02:31.666 28492 28604 I art     : Starting a blocking GC Explicit
08-06 13:02:31.682 28492 28604 I art     : Explicit concurrent mark sweep GC freed 3(96B) AllocSpace objects, 0(0B) LOS objects, 23% free, 53MB/69MB, paused 242us total 15.001ms
08-06 13:02:31.688 28492 28604 I art     : Starting a blocking GC Explicit
08-06 13:02:31.703 28492 28604 I art     : Explicit concurrent mark sweep GC freed 3(96B) AllocSpace objects, 0(0B) LOS objects, 23% free, 53MB/69MB, paused 235us total 14.678ms
08-06 13:02:31.709 28492 28604 I art     : Starting a blocking GC Explicit
08-06 13:02:31.724 28492 28604 I art     : Explicit concurrent mark sweep GC freed 3(96B) AllocSpace objects, 0(0B) LOS objects, 23% free, 53MB/69MB, paused 223us total 14.646ms
08-06 13:02:31.973 28492 28513 I art     : Starting a blocking GC Explicit
08-06 13:02:31.988 28492 28513 I art     : Explicit concurrent mark sweep GC freed 1343(78KB) AllocSpace objects, 1(20KB) LOS objects, 23% free, 53MB/69MB, paused 245us total 15.274ms
08-06 13:02:31.995 28492 28513 I art     : Starting a blocking GC Explicit
08-06 13:02:32.010 28492 28513 I art     : Explicit concurrent mark sweep GC freed 20(704B) AllocSpace objects, 0(0B) LOS objects, 23% free, 53MB/69MB, paused 305us total 14.680ms
08-06 13:02:32.017 28492 28513 I art     : Starting a blocking GC Explicit
08-06 13:02:32.031 28492 28513 I art     : Explicit concurrent mark sweep GC freed 3(96B) AllocSpace objects, 0(0B) LOS objects, 23% free, 53MB/69MB, paused 231us total 14.550ms
08-06 13:02:32.038 28492 28513 I art     : Starting a blocking GC Explicit
08-06 13:02:32.052 28492 28513 I art     : Explicit concurrent mark sweep GC freed 3(96B) AllocSpace objects, 0(0B) LOS objects, 23% free, 53MB/69MB, paused 238us total 13.533ms
08-06 13:02:32.058 28492 28513 I art     : Starting a blocking GC Explicit
08-06 13:02:32.072 28492 28513 I art     : Explicit concurrent mark sweep GC freed 3(96B) AllocSpace objects, 0(0B) LOS objects, 23% free, 53MB/69MB, paused 231us total 13.780ms
08-06 13:02:32.131 29282 29282 D AndroidRuntime: >>>>>> START com.android.internal.os.RuntimeInit uid 2000 <<<<<<
08-06 13:02:32.136 29282 29282 D AndroidRuntime: CheckJNI is OFF
08-06 13:02:32.162 29282 29282 D ICU     : No timezone override file found: /data/misc/zoneinfo/current/icu/icu_tzdata.dat
08-06 13:02:32.189 29282 29282 I Radio-JNI: register_android_hardware_Radio DONE
08-06 13:02:32.205 29282 29282 D AndroidRuntime: Calling main entry com.android.commands.input.Input
08-06 13:02:32.207 29282 29282 I Input   : injectKeyEvent: KeyEvent { action=ACTION_DOWN, keyCode=KEYCODE_BACK, scanCode=0, metaState=0, flags=0x0, repeatCount=0, eventTime=882168620, downTime=882168620, deviceId=-1, source=0x101 }
08-06 13:02:32.216 29282 29282 I Input   : injectKeyEvent: KeyEvent { action=ACTION_UP, keyCode=KEYCODE_BACK, scanCode=0, metaState=0, flags=0x0, repeatCount=0, eventTime=882168620, downTime=882168620, deviceId=-1, source=0x101 }
08-06 13:02:32.224 29282 29282 D AndroidRuntime: Shutting down VM
08-06 13:02:32.257 13866 13866 I GoogleInputMethodServic: GoogleInputMethodService.onFinishInput():3138 
08-06 13:02:32.258 13866 13866 I GoogleInputMethodServic: GoogleInputMethodService.onStartInput():1808 
08-06 13:02:32.304 28492 28605 I art     : Starting a blocking GC Explicit
08-06 13:02:32.317 28492 28605 I art     : Explicit concurrent mark sweep GC freed 1518(86KB) AllocSpace objects, 1(20KB) LOS objects, 23% free, 53MB/69MB, paused 243us total 13.326ms
08-06 13:02:32.323 28492 28605 I art     : Starting a blocking GC Explicit
08-06 13:02:32.336 28492 28605 I art     : Explicit concurrent mark sweep GC freed 26(944B) AllocSpace objects, 0(0B) LOS objects, 23% free, 53MB/69MB, paused 237us total 12.943ms
08-06 13:02:32.342 28492 28605 I art     : Starting a blocking GC Explicit
08-06 13:02:32.356 28492 28605 I art     : Explicit concurrent mark sweep GC freed 3(96B) AllocSpace objects, 0(0B) LOS objects, 23% free, 53MB/69MB, paused 206us total 12.977ms
08-06 13:02:32.362 28492 28605 I art     : Starting a blocking GC Explicit
08-06 13:02:32.376 28492 28605 I art     : Explicit concurrent mark sweep GC freed 3(96B) AllocSpace objects, 0(0B) LOS objects, 23% free, 53MB/69MB, paused 222us total 13.398ms
08-06 13:02:32.383 28492 28605 I art     : Starting a blocking GC Explicit
08-06 13:02:32.397 28492 28605 I art     : Explicit concurrent mark sweep GC freed 3(96B) AllocSpace objects, 0(0B) LOS objects, 23% free, 53MB/69MB, paused 214us total 13.760ms
08-06 13:02:32.555   380   380 W SurfaceFlinger: couldn't log to binary event log: overflow.
08-06 13:02:32.625   518   646 I ThermalEngine: ACTION: GPU - Setting GPU[0] to 510000000
08-06 13:02:32.657 28492 28604 I art     : Starting a blocking GC Explicit
08-06 13:02:32.676 28492 28604 I art     : Explicit concurrent mark sweep GC freed 1453(87KB) AllocSpace objects, 1(20KB) LOS objects, 23% free, 53MB/69MB, paused 339us total 19.032ms
08-06 13:02:32.685 28492 28604 I art     : Starting a blocking GC Explicit
08-06 13:02:32.702 28492 28604 I art     : Explicit concurrent mark sweep GC freed 1672(107KB) AllocSpace objects, 3(400KB) LOS objects, 23% free, 52MB/68MB, paused 304us total 16.894ms
08-06 13:02:32.710 28492 28604 I art     : Starting a blocking GC Explicit
08-06 13:02:32.727 28492 28604 I art     : Explicit concurrent mark sweep GC freed 3(96B) AllocSpace objects, 0(0B) LOS objects, 23% free, 52MB/68MB, paused 301us total 16.508ms
08-06 13:02:32.735 28492 28604 I art     : Starting a blocking GC Explicit
08-06 13:02:32.754 28492 28604 I art     : Explicit concurrent mark sweep GC freed 3(96B) AllocSpace objects, 0(0B) LOS objects, 23% free, 52MB/68MB, paused 313us total 18.489ms
08-06 13:02:32.762 28492 28604 I art     : Starting a blocking GC Explicit
08-06 13:02:32.781 28492 28604 I art     : Explicit concurrent mark sweep GC freed 3(96B) AllocSpace objects, 0(0B) LOS objects, 23% free, 52MB/68MB, paused 314us total 18.437ms
08-06 13:02:33.076 28492 28513 I art     : Starting a blocking GC Explicit
08-06 13:02:33.098 28492 28513 I art     : Explicit concurrent mark sweep GC freed 1343(78KB) AllocSpace objects, 1(20KB) LOS objects, 23% free, 52MB/68MB, paused 373us total 20.954ms
08-06 13:02:33.109 28492 28513 I art     : Starting a blocking GC Explicit
08-06 13:02:33.127 28492 28513 I art     : Explicit concurrent mark sweep GC freed 20(704B) AllocSpace objects, 0(0B) LOS objects, 23% free, 52MB/68MB, paused 326us total 18.222ms
08-06 13:02:33.136 28492 28513 I art     : Starting a blocking GC Explicit
08-06 13:02:33.154 28492 28513 I art     : Explicit concurrent mark sweep GC freed 3(96B) AllocSpace objects, 0(0B) LOS objects, 23% free, 52MB/68MB, paused 308us total 18.337ms
08-06 13:02:33.163 28492 28513 I art     : Starting a blocking GC Explicit
08-06 13:02:33.182 28492 28513 I art     : Explicit concurrent mark sweep GC freed 3(96B) AllocSpace objects, 0(0B) LOS objects, 23% free, 52MB/68MB, paused 313us total 18.721ms
08-06 13:02:33.190 28492 28513 I art     : Starting a blocking GC Explicit
08-06 13:02:33.209 28492 28513 I art     : Explicit concurrent mark sweep GC freed 3(96B) AllocSpace objects, 0(0B) LOS objects, 23% free, 52MB/68MB, paused 315us total 18.578ms
08-06 13:02:33.486 28492 28514 I art     : Starting a blocking GC Explicit
08-06 13:02:33.505 28492 28514 I art     : Explicit concurrent mark sweep GC freed 1342(78KB) AllocSpace objects, 1(20KB) LOS objects, 23% free, 52MB/68MB, paused 337us total 18.262ms
08-06 13:02:33.513 28492 28514 I art     : Starting a blocking GC Explicit
08-06 13:02:33.531 28492 28514 I art     : Explicit concurrent mark sweep GC freed 20(704B) AllocSpace objects, 0(0B) LOS objects, 23% free, 52MB/68MB, paused 319us total 18.115ms
08-06 13:02:33.540 28492 28514 I art     : Starting a blocking GC Explicit
08-06 13:02:33.557 28492 28514 I art     : Explicit concurrent mark sweep GC freed 3(96B) AllocSpace objects, 0(0B) LOS objects, 23% free, 52MB/68MB, paused 428us total 17.095ms
08-06 13:02:33.565 28492 28514 I art     : Starting a blocking GC Explicit
08-06 13:02:33.583 28492 28514 I art     : Explicit concurrent mark sweep GC freed 3(96B) AllocSpace objects, 0(0B) LOS objects, 23% free, 52MB/68MB, paused 310us total 17.372ms
08-06 13:02:33.591 28492 28514 I art     : Starting a blocking GC Explicit
08-06 13:02:33.608 28492 28514 I art     : Explicit concurrent mark sweep GC freed 3(96B) AllocSpace objects, 0(0B) LOS objects, 23% free, 52MB/68MB, paused 350us total 17.067ms
08-06 13:02:33.876 29348 29348 D AndroidRuntime: >>>>>> START com.android.internal.os.RuntimeInit uid 2000 <<<<<<
08-06 13:02:33.876 28492 28605 I art     : Starting a blocking GC Explicit
08-06 13:02:33.881 29348 29348 D AndroidRuntime: CheckJNI is OFF
08-06 13:02:33.895 28492 28605 I art     : Explicit concurrent mark sweep GC freed 1342(78KB) AllocSpace objects, 1(20KB) LOS objects, 23% free, 52MB/68MB, paused 335us total 18.390ms
08-06 13:02:33.903 28492 28605 I art     : Starting a blocking GC Explicit
08-06 13:02:33.919 29348 29348 D ICU     : No timezone override file found: /data/misc/zoneinfo/current/icu/icu_tzdata.dat
08-06 13:02:33.921 28492 28605 I art     : Explicit concurrent mark sweep GC freed 20(704B) AllocSpace objects, 0(0B) LOS objects, 23% free, 52MB/68MB, paused 331us total 17.301ms
08-06 13:02:33.929 28492 28605 I art     : Starting a blocking GC Explicit
08-06 13:02:33.946 28492 28605 I art     : Explicit concurrent mark sweep GC freed 3(96B) AllocSpace objects, 0(0B) LOS objects, 23% free, 52MB/68MB, paused 317us total 16.971ms
08-06 13:02:33.953 29348 29348 I Radio-JNI: register_android_hardware_Radio DONE
08-06 13:02:33.954 28492 28605 I art     : Starting a blocking GC Explicit
08-06 13:02:33.971 28492 28605 I art     : Explicit concurrent mark sweep GC freed 3(96B) AllocSpace objects, 0(0B) LOS objects, 23% free, 52MB/68MB, paused 329us total 17.068ms
08-06 13:02:33.975 29348 29348 D AndroidRuntime: Calling main entry com.android.commands.input.Input
08-06 13:02:33.977 29348 29348 I Input   : injectMotionEvent: MotionEvent { action=ACTION_DOWN, actionButton=0, id[0]=0, x[0]=733.0, y[0]=1370.0, toolType[0]=TOOL_TYPE_UNKNOWN, buttonState=0, metaState=0, flags=0x0, edgeFlags=0x0, pointerCount=1, historySize=0, eventTime=882170390, downTime=882170390, deviceId=0, source=0x1002 }
08-06 13:02:33.979 28492 28605 I art     : Starting a blocking GC Explicit
08-06 13:02:33.983 29348 29348 I Input   : injectMotionEvent: MotionEvent { action=ACTION_UP, actionButton=0, id[0]=0, x[0]=733.0, y[0]=1370.0, toolType[0]=TOOL_TYPE_UNKNOWN, buttonState=0, metaState=0, flags=0x0, edgeFlags=0x0, pointerCount=1, historySize=0, eventTime=882170390, downTime=882170390, deviceId=0, source=0x1002 }
08-06 13:02:33.984   918  5952 I ActivityManager: START u0 {cmp=baseline.appteam.nith.hillffair/.activities.ClubActivity (has extras)} from uid 10697 on display 0
08-06 13:02:33.989 29348 29348 D AndroidRuntime: Shutting down VM
08-06 13:02:33.998 28492 28605 I art     : Explicit concurrent mark sweep GC freed 28(896B) AllocSpace objects, 0(0B) LOS objects, 23% free, 52MB/68MB, paused 2.332ms total 18.931ms
08-06 13:02:34.082   918   936 I ActivityManager: Displayed baseline.appteam.nith.hillffair/.activities.ClubActivity: +92ms
08-06 13:02:34.083 13866 13866 I GoogleInputMethodServic: GoogleInputMethodService.onFinishInput():3138 
08-06 13:02:34.084 13866 13866 I GoogleInputMethodServic: GoogleInputMethodService.onStartInput():1808 
08-06 13:02:34.241 28492 28604 I art     : Starting a blocking GC Explicit
08-06 13:02:34.266 28492 28604 I art     : Explicit concurrent mark sweep GC freed 4953(289KB) AllocSpace objects, 1(20KB) LOS objects, 23% free, 52MB/68MB, paused 365us total 24.545ms
08-06 13:02:34.275 28492 28604 I art     : Starting a blocking GC Explicit
08-06 13:02:34.296 28492 28604 I art     : Explicit concurrent mark sweep GC freed 211(9KB) AllocSpace objects, 0(0B) LOS objects, 23% free, 52MB/68MB, paused 368us total 20.437ms
08-06 13:02:34.304 28492 28604 I art     : Starting a blocking GC Explicit
08-06 13:02:34.325 28492 28604 I art     : Explicit concurrent mark sweep GC freed 3(96B) AllocSpace objects, 0(0B) LOS objects, 23% free, 52MB/68MB, paused 582us total 21.052ms
08-06 13:02:34.329 29105 29105 I ServiceManager: Waiting for service AtCmdFwd...
08-06 13:02:34.335 28492 28604 I art     : Starting a blocking GC Explicit
08-06 13:02:34.341   380   380 W SurfaceFlinger: couldn't log to binary event log: overflow.
08-06 13:02:34.358 28492 28604 I art     : Explicit concurrent mark sweep GC freed 3(96B) AllocSpace objects, 0(0B) LOS objects, 23% free, 52MB/68MB, paused 379us total 22.174ms
08-06 13:02:34.367 28492 28604 I art     : Starting a blocking GC Explicit
08-06 13:02:34.382 28492 28604 I art     : Explicit concurrent mark sweep GC freed 3(96B) AllocSpace objects, 0(0B) LOS objects, 23% free, 52MB/68MB, paused 322us total 15.543ms
08-06 13:02:34.653 28492 28513 I art     : Starting a blocking GC Explicit
08-06 13:02:34.673 28492 28513 I art     : Explicit concurrent mark sweep GC freed 1476(85KB) AllocSpace objects, 1(20KB) LOS objects, 23% free, 52MB/68MB, paused 357us total 19.796ms
08-06 13:02:34.682 28492 28513 I art     : Starting a blocking GC Explicit
08-06 13:02:34.700 28492 28513 I art     : Explicit concurrent mark sweep GC freed 50(1728B) AllocSpace objects, 0(0B) LOS objects, 23% free, 52MB/68MB, paused 371us total 17.806ms
08-06 13:02:34.708 28492 28513 I art     : Starting a blocking GC Explicit
08-06 13:02:34.727 28492 28513 I art     : Explicit concurrent mark sweep GC freed 13(480B) AllocSpace objects, 0(0B) LOS objects, 23% free, 52MB/68MB, paused 436us total 18.845ms
08-06 13:02:34.735 28492 28513 I art     : Starting a blocking GC Explicit
08-06 13:02:34.754 28492 28513 I art     : Explicit concurrent mark sweep GC freed 10(352B) AllocSpace objects, 0(0B) LOS objects, 23% free, 52MB/68MB, paused 358us total 18.142ms
08-06 13:02:34.762 28492 28513 I art     : Starting a blocking GC Explicit
08-06 13:02:34.781 28492 28513 I art     : Explicit concurrent mark sweep GC freed 11(416B) AllocSpace objects, 0(0B) LOS objects, 23% free, 52MB/68MB, paused 361us total 18.451ms
08-06 13:02:34.861 28492 29371 D OkHttp  : --> GET https://api-hillfair-2k16.herokuapp.com/api/app/events/special/event?id=580655cddcba0f490c70fdd0 http/1.1
08-06 13:02:34.897 28492 29371 D OkHttp  : <-- 200 OK https://api-hillfair-2k16.herokuapp.com/api/app/events/special/event?id=580655cddcba0f490c70fdd0 (35ms, 721-byte body)
08-06 13:02:34.943 28492 28492 I NAPPA_EXPERIMENTATION: MetricNetworkRequestExecutionTime: REQUEST_DURATION_SYSTEM='925',REQUEST_DURATION_OKHTTP='36',REQUEST_SYNCHRONOUS='FALSE',RESPONSE_CODE='200',RESPONSE_METHOD='GET',RESPONSE_LENGTH_OKHTTP='721',RESPONSE_LENGTH_HEADER='721',REQUEST_PROTOCOL='http/1.1',REQUEST_URL='https://api-hillfair-2k16.herokuapp.com/api/app/events/special/event?id=580655cddcba0f490c70fdd0',
08-06 13:02:35.054 28492 28604 I art     : Starting a blocking GC Explicit
08-06 13:02:35.078 28492 28604 I art     : Explicit concurrent mark sweep GC freed 4785(337KB) AllocSpace objects, 4(220KB) LOS objects, 23% free, 53MB/69MB, paused 655us total 23.541ms
08-06 13:02:35.087 28492 28604 I art     : Starting a blocking GC Explicit
08-06 13:02:35.104 28492 28604 I art     : Explicit concurrent mark sweep GC freed 1033(119KB) AllocSpace objects, 0(0B) LOS objects, 23% free, 52MB/68MB, paused 334us total 17.091ms
08-06 13:02:35.112 28492 28604 I art     : Starting a blocking GC Explicit
08-06 13:02:35.130 28492 28604 I art     : Explicit concurrent mark sweep GC freed 3(96B) AllocSpace objects, 0(0B) LOS objects, 23% free, 52MB/68MB, paused 323us total 17.696ms
08-06 13:02:35.138 28492 28604 I art     : Starting a blocking GC Explicit
08-06 13:02:35.157 28492 28604 I art     : Explicit concurrent mark sweep GC freed 3(96B) AllocSpace objects, 0(0B) LOS objects, 23% free, 52MB/68MB, paused 389us total 18.818ms
08-06 13:02:35.165 28492 28604 I art     : Starting a blocking GC Explicit
08-06 13:02:35.184 28492 28604 I art     : Explicit concurrent mark sweep GC freed 3(96B) AllocSpace objects, 0(0B) LOS objects, 23% free, 52MB/68MB, paused 339us total 18.713ms
08-06 13:02:35.330 29105 29105 I ServiceManager: Waiting for service AtCmdFwd...
08-06 13:02:35.465 28492 28513 I art     : Starting a blocking GC Explicit
08-06 13:02:35.488 28492 28513 I art     : Explicit concurrent mark sweep GC freed 1343(78KB) AllocSpace objects, 1(20KB) LOS objects, 23% free, 52MB/68MB, paused 339us total 22.813ms
08-06 13:02:35.497 28492 28513 I art     : Starting a blocking GC Explicit
08-06 13:02:35.517 28492 28513 I art     : Explicit concurrent mark sweep GC freed 36(1264B) AllocSpace objects, 0(0B) LOS objects, 23% free, 52MB/68MB, paused 409us total 19.605ms
08-06 13:02:35.525 28492 28513 I art     : Starting a blocking GC Explicit
08-06 13:02:35.544 28492 28513 I art     : Explicit concurrent mark sweep GC freed 3(96B) AllocSpace objects, 0(0B) LOS objects, 23% free, 52MB/68MB, paused 332us total 18.823ms
08-06 13:02:35.553 28492 28513 I art     : Starting a blocking GC Explicit
08-06 13:02:35.572 28492 28513 I art     : Explicit concurrent mark sweep GC freed 3(96B) AllocSpace objects, 0(0B) LOS objects, 23% free, 52MB/68MB, paused 320us total 18.607ms
08-06 13:02:35.580 28492 28513 I art     : Starting a blocking GC Explicit
08-06 13:02:35.600 28492 28513 I art     : Explicit concurrent mark sweep GC freed 3(96B) AllocSpace objects, 0(0B) LOS objects, 23% free, 52MB/68MB, paused 340us total 19.636ms
08-06 13:02:35.894 28492 28605 I art     : Starting a blocking GC Explicit
08-06 13:02:35.919 28492 28605 I art     : Explicit concurrent mark sweep GC freed 1343(78KB) AllocSpace objects, 1(20KB) LOS objects, 23% free, 52MB/68MB, paused 435us total 24.756ms
08-06 13:02:35.933 28492 28605 I art     : Starting a blocking GC Explicit
08-06 13:02:35.956 28492 28605 I art     : Explicit concurrent mark sweep GC freed 20(704B) AllocSpace objects, 0(0B) LOS objects, 23% free, 52MB/68MB, paused 363us total 23.168ms
08-06 13:02:35.966 28492 28605 I art     : Starting a blocking GC Explicit
08-06 13:02:35.985 28492 28605 I art     : Explicit concurrent mark sweep GC freed 3(96B) AllocSpace objects, 0(0B) LOS objects, 23% free, 52MB/68MB, paused 351us total 19.451ms
08-06 13:02:35.994 28492 28605 I art     : Starting a blocking GC Explicit
08-06 13:02:36.013 28492 28605 I art     : Explicit concurrent mark sweep GC freed 3(96B) AllocSpace objects, 0(0B) LOS objects, 23% free, 52MB/68MB, paused 338us total 19.113ms
08-06 13:02:36.022 28492 28605 I art     : Starting a blocking GC Explicit
08-06 13:02:36.041 28492 28605 I art     : Explicit concurrent mark sweep GC freed 3(96B) AllocSpace objects, 0(0B) LOS objects, 23% free, 52MB/68MB, paused 345us total 18.987ms
08-06 13:02:36.330 29105 29105 I ServiceManager: Waiting for service AtCmdFwd...
08-06 13:02:36.346 28492 28514 I art     : Starting a blocking GC Explicit
08-06 13:02:36.371 28492 28514 I art     : Explicit concurrent mark sweep GC freed 1343(78KB) AllocSpace objects, 1(20KB) LOS objects, 23% free, 52MB/68MB, paused 469us total 24.408ms
08-06 13:02:36.384 28492 28514 I art     : Starting a blocking GC Explicit
08-06 13:02:36.406 28492 28514 I art     : Explicit concurrent mark sweep GC freed 20(704B) AllocSpace objects, 0(0B) LOS objects, 23% free, 52MB/68MB, paused 343us total 21.179ms
08-06 13:02:36.414 28492 28514 I art     : Starting a blocking GC Explicit
08-06 13:02:36.434 28492 28514 I art     : Explicit concurrent mark sweep GC freed 3(96B) AllocSpace objects, 0(0B) LOS objects, 23% free, 52MB/68MB, paused 336us total 19.310ms
08-06 13:02:36.442 28492 28514 I art     : Starting a blocking GC Explicit
08-06 13:02:36.462 28492 28514 I art     : Explicit concurrent mark sweep GC freed 3(96B) AllocSpace objects, 0(0B) LOS objects, 23% free, 52MB/68MB, paused 333us total 19.543ms
08-06 13:02:36.471 28492 28514 I art     : Starting a blocking GC Explicit
08-06 13:02:36.490 28492 28514 I art     : Explicit concurrent mark sweep GC freed 3(96B) AllocSpace objects, 0(0B) LOS objects, 23% free, 52MB/68MB, paused 337us total 19.487ms
08-06 13:02:36.796 28492 28604 I art     : Starting a blocking GC Explicit
08-06 13:02:36.821 28492 28604 I art     : Explicit concurrent mark sweep GC freed 1343(78KB) AllocSpace objects, 1(20KB) LOS objects, 23% free, 52MB/68MB, paused 373us total 24.161ms
08-06 13:02:36.832 28492 28604 I art     : Starting a blocking GC Explicit
08-06 13:02:36.851 28492 28604 I art     : Explicit concurrent mark sweep GC freed 20(704B) AllocSpace objects, 0(0B) LOS objects, 23% free, 52MB/68MB, paused 339us total 19.453ms
08-06 13:02:36.860 28492 28604 I art     : Starting a blocking GC Explicit
08-06 13:02:36.879 28492 28604 I art     : Explicit concurrent mark sweep GC freed 3(96B) AllocSpace objects, 0(0B) LOS objects, 23% free, 52MB/68MB, paused 354us total 18.962ms
08-06 13:02:36.888 28492 28604 I art     : Starting a blocking GC Explicit
08-06 13:02:36.907 28492 28604 I art     : Explicit concurrent mark sweep GC freed 3(96B) AllocSpace objects, 0(0B) LOS objects, 23% free, 52MB/68MB, paused 353us total 19.230ms
08-06 13:02:36.916 28492 28604 I art     : Starting a blocking GC Explicit
08-06 13:02:36.935 28492 28604 I art     : Explicit concurrent mark sweep GC freed 3(96B) AllocSpace objects, 0(0B) LOS objects, 23% free, 52MB/68MB, paused 345us total 19.302ms
08-06 13:02:37.256 28492 28513 I art     : Starting a blocking GC Explicit
08-06 13:02:37.281 28492 28513 I art     : Explicit concurrent mark sweep GC freed 1343(78KB) AllocSpace objects, 1(20KB) LOS objects, 23% free, 52MB/68MB, paused 365us total 24.020ms
08-06 13:02:37.293 28492 28513 I art     : Starting a blocking GC Explicit
08-06 13:02:37.315 28492 28513 I art     : Explicit concurrent mark sweep GC freed 20(704B) AllocSpace objects, 0(0B) LOS objects, 23% free, 52MB/68MB, paused 329us total 21.904ms
08-06 13:02:37.323 28492 28513 I art     : Starting a blocking GC Explicit
08-06 13:02:37.331 29105 29105 I ServiceManager: Waiting for service AtCmdFwd...
08-06 13:02:37.343 28492 28513 I art     : Explicit concurrent mark sweep GC freed 3(96B) AllocSpace objects, 0(0B) LOS objects, 23% free, 52MB/68MB, paused 328us total 19.384ms
08-06 13:02:37.351 28492 28513 I art     : Starting a blocking GC Explicit
08-06 13:02:37.371 28492 28513 I art     : Explicit concurrent mark sweep GC freed 3(96B) AllocSpace objects, 0(0B) LOS objects, 23% free, 52MB/68MB, paused 338us total 19.004ms
08-06 13:02:37.379 28492 28513 I art     : Starting a blocking GC Explicit
08-06 13:02:37.398 28492 28513 I art     : Explicit concurrent mark sweep GC freed 3(96B) AllocSpace objects, 0(0B) LOS objects, 23% free, 52MB/68MB, paused 325us total 19.111ms
08-06 13:02:37.706 28492 28605 I art     : Starting a blocking GC Explicit
08-06 13:02:37.729 28492 28605 I art     : Explicit concurrent mark sweep GC freed 1343(78KB) AllocSpace objects, 1(20KB) LOS objects, 23% free, 52MB/68MB, paused 385us total 22.396ms
08-06 13:02:37.741 28492 28605 I art     : Starting a blocking GC Explicit
08-06 13:02:37.760 28492 28605 I art     : Explicit concurrent mark sweep GC freed 20(704B) AllocSpace objects, 0(0B) LOS objects, 23% free, 52MB/68MB, paused 339us total 18.931ms
08-06 13:02:37.769 28492 28605 I art     : Starting a blocking GC Explicit
08-06 13:02:37.788 28492 28605 I art     : Explicit concurrent mark sweep GC freed 3(96B) AllocSpace objects, 0(0B) LOS objects, 23% free, 52MB/68MB, paused 323us total 19.170ms
08-06 13:02:37.797 28492 28605 I art     : Starting a blocking GC Explicit
08-06 13:02:37.816 28492 28605 I art     : Explicit concurrent mark sweep GC freed 3(96B) AllocSpace objects, 0(0B) LOS objects, 23% free, 52MB/68MB, paused 341us total 19.529ms
08-06 13:02:37.825 28492 28605 I art     : Starting a blocking GC Explicit
08-06 13:02:37.844 28492 28605 I art     : Explicit concurrent mark sweep GC freed 3(96B) AllocSpace objects, 0(0B) LOS objects, 23% free, 52MB/68MB, paused 333us total 19.366ms
08-06 13:02:38.183 28492 28514 I art     : Starting a blocking GC Explicit
08-06 13:02:38.208 28492 28514 I art     : Explicit concurrent mark sweep GC freed 1343(78KB) AllocSpace objects, 1(20KB) LOS objects, 23% free, 52MB/68MB, paused 359us total 23.996ms
08-06 13:02:38.216 28492 28514 I art     : Starting a blocking GC Explicit
08-06 13:02:38.235 28492 28514 I art     : Explicit concurrent mark sweep GC freed 20(704B) AllocSpace objects, 0(0B) LOS objects, 23% free, 52MB/68MB, paused 561us total 18.973ms
08-06 13:02:38.244 28492 28514 I art     : Starting a blocking GC Explicit
08-06 13:02:38.262 28492 28514 I art     : Explicit concurrent mark sweep GC freed 3(96B) AllocSpace objects, 0(0B) LOS objects, 23% free, 52MB/68MB, paused 324us total 18.103ms
08-06 13:02:38.270 28492 28514 I art     : Starting a blocking GC Explicit
08-06 13:02:38.288 28492 28514 I art     : Explicit concurrent mark sweep GC freed 3(96B) AllocSpace objects, 0(0B) LOS objects, 23% free, 52MB/68MB, paused 312us total 17.728ms
08-06 13:02:38.296 28492 28514 I art     : Starting a blocking GC Explicit
08-06 13:02:38.314 28492 28514 I art     : Explicit concurrent mark sweep GC freed 3(96B) AllocSpace objects, 0(0B) LOS objects, 23% free, 52MB/68MB, paused 359us total 18.061ms
08-06 13:02:38.331 29105 29105 I ServiceManager: Waiting for service AtCmdFwd...
08-06 13:02:38.627 28492 28604 I art     : Starting a blocking GC Explicit
08-06 13:02:38.651 28492 28604 I art     : Explicit concurrent mark sweep GC freed 1343(78KB) AllocSpace objects, 1(20KB) LOS objects, 23% free, 52MB/68MB, paused 401us total 23.446ms
08-06 13:02:38.662 28492 28604 I art     : Starting a blocking GC Explicit
08-06 13:02:38.676 29476 29476 D AndroidRuntime: >>>>>> START com.android.internal.os.RuntimeInit uid 2000 <<<<<<
08-06 13:02:38.681 29476 29476 D AndroidRuntime: CheckJNI is OFF
08-06 13:02:38.682 28492 28604 I art     : Explicit concurrent mark sweep GC freed 20(704B) AllocSpace objects, 0(0B) LOS objects, 23% free, 52MB/68MB, paused 362us total 19.425ms
08-06 13:02:38.690 28492 28604 I art     : Starting a blocking GC Explicit
08-06 13:02:38.708 28492 28604 I art     : Explicit concurrent mark sweep GC freed 3(96B) AllocSpace objects, 0(0B) LOS objects, 23% free, 52MB/68MB, paused 346us total 17.886ms
08-06 13:02:38.716 28492 28604 I art     : Starting a blocking GC Explicit
08-06 13:02:38.718 29476 29476 D ICU     : No timezone override file found: /data/misc/zoneinfo/current/icu/icu_tzdata.dat
08-06 13:02:38.735 28492 28604 I art     : Explicit concurrent mark sweep GC freed 3(96B) AllocSpace objects, 0(0B) LOS objects, 23% free, 52MB/68MB, paused 733us total 18.649ms
08-06 13:02:38.743 28492 28604 I art     : Starting a blocking GC Explicit
08-06 13:02:38.752 29476 29476 I Radio-JNI: register_android_hardware_Radio DONE
08-06 13:02:38.761 28492 28604 I art     : Explicit concurrent mark sweep GC freed 3(96B) AllocSpace objects, 0(0B) LOS objects, 23% free, 52MB/68MB, paused 345us total 18.023ms
08-06 13:02:38.773 29476 29476 D AndroidRuntime: Calling main entry com.android.commands.input.Input
08-06 13:02:38.775 29476 29476 I Input   : injectKeyEvent: KeyEvent { action=ACTION_DOWN, keyCode=KEYCODE_BACK, scanCode=0, metaState=0, flags=0x0, repeatCount=0, eventTime=882175188, downTime=882175188, deviceId=-1, source=0x101 }
08-06 13:02:38.781 29476 29476 I Input   : injectKeyEvent: KeyEvent { action=ACTION_UP, keyCode=KEYCODE_BACK, scanCode=0, metaState=0, flags=0x0, repeatCount=0, eventTime=882175188, downTime=882175188, deviceId=-1, source=0x101 }
08-06 13:02:38.786 29476 29476 D AndroidRuntime: Shutting down VM
08-06 13:02:38.824 13866 13866 I GoogleInputMethodServic: GoogleInputMethodService.onFinishInput():3138 
08-06 13:02:38.824 13866 13866 I GoogleInputMethodServic: GoogleInputMethodService.onStartInput():1808 
08-06 13:02:39.005 28492 28605 I art     : Starting a blocking GC Explicit
08-06 13:02:39.028 28492 28605 I art     : Explicit concurrent mark sweep GC freed 1513(85KB) AllocSpace objects, 1(20KB) LOS objects, 23% free, 52MB/68MB, paused 311us total 22.750ms
08-06 13:02:39.040 28492 28605 I art     : Starting a blocking GC Explicit
08-06 13:02:39.062 28492 28605 I art     : Explicit concurrent mark sweep GC freed 26(944B) AllocSpace objects, 0(0B) LOS objects, 23% free, 52MB/68MB, paused 332us total 21.625ms
08-06 13:02:39.073 28492 28605 I art     : Starting a blocking GC Explicit
08-06 13:02:39.095 28492 28605 I art     : Explicit concurrent mark sweep GC freed 3(96B) AllocSpace objects, 0(0B) LOS objects, 23% free, 52MB/68MB, paused 292us total 21.568ms
08-06 13:02:39.104 28492 28605 I art     : Starting a blocking GC Explicit
08-06 13:02:39.112   380   380 W SurfaceFlinger: couldn't log to binary event log: overflow.
08-06 13:02:39.122 28492 28605 I art     : Explicit concurrent mark sweep GC freed 108(8KB) AllocSpace objects, 0(0B) LOS objects, 23% free, 52MB/68MB, paused 311us total 18.055ms
08-06 13:02:39.131 28492 28605 I art     : Starting a blocking GC Explicit
08-06 13:02:39.150 28492 28605 I art     : Explicit concurrent mark sweep GC freed 11(432B) AllocSpace objects, 0(0B) LOS objects, 23% free, 52MB/68MB, paused 327us total 18.339ms
08-06 13:02:39.332 29105 29105 W Atfwd_Sendcmd: AtCmdFwd service not published, waiting... retryCnt : 2
08-06 13:02:39.424 28492 28604 I art     : Starting a blocking GC Explicit
08-06 13:02:39.446 28492 28604 I art     : Explicit concurrent mark sweep GC freed 2991(184KB) AllocSpace objects, 4(420KB) LOS objects, 23% free, 52MB/68MB, paused 371us total 21.904ms
08-06 13:02:39.458 28492 28604 I art     : Starting a blocking GC Explicit
08-06 13:02:39.477 28492 28604 I art     : Explicit concurrent mark sweep GC freed 20(704B) AllocSpace objects, 0(0B) LOS objects, 23% free, 52MB/68MB, paused 413us total 18.835ms
08-06 13:02:39.485 28492 28604 I art     : Starting a blocking GC Explicit
08-06 13:02:39.505 28492 28604 I art     : Explicit concurrent mark sweep GC freed 3(96B) AllocSpace objects, 0(0B) LOS objects, 23% free, 52MB/68MB, paused 361us total 19.299ms
08-06 13:02:39.513 28492 28604 I art     : Starting a blocking GC Explicit
08-06 13:02:39.532 28492 28604 I art     : Explicit concurrent mark sweep GC freed 3(96B) AllocSpace objects, 0(0B) LOS objects, 23% free, 52MB/68MB, paused 353us total 18.955ms
08-06 13:02:39.541 28492 28604 I art     : Starting a blocking GC Explicit
08-06 13:02:39.560 28492 28604 I art     : Explicit concurrent mark sweep GC freed 3(96B) AllocSpace objects, 0(0B) LOS objects, 23% free, 52MB/68MB, paused 348us total 19.131ms
08-06 13:02:39.847 28492 28514 I art     : Starting a blocking GC Explicit
08-06 13:02:39.871 28492 28514 I art     : Explicit concurrent mark sweep GC freed 1342(78KB) AllocSpace objects, 1(20KB) LOS objects, 23% free, 52MB/68MB, paused 381us total 23.385ms
08-06 13:02:39.882 28492 28514 I art     : Starting a blocking GC Explicit
08-06 13:02:39.905 28492 28514 I art     : Explicit concurrent mark sweep GC freed 20(704B) AllocSpace objects, 0(0B) LOS objects, 23% free, 52MB/68MB, paused 468us total 22.703ms
08-06 13:02:39.915 28492 28514 I art     : Starting a blocking GC Explicit
08-06 13:02:39.934 28492 28514 I art     : Explicit concurrent mark sweep GC freed 3(96B) AllocSpace objects, 0(0B) LOS objects, 23% free, 52MB/68MB, paused 338us total 18.895ms
08-06 13:02:39.943 28492 28514 I art     : Starting a blocking GC Explicit
08-06 13:02:39.961 28492 28514 I art     : Explicit concurrent mark sweep GC freed 3(96B) AllocSpace objects, 0(0B) LOS objects, 23% free, 52MB/68MB, paused 338us total 18.381ms
08-06 13:02:39.970 28492 28514 I art     : Starting a blocking GC Explicit
08-06 13:02:39.988 28492 28514 I art     : Explicit concurrent mark sweep GC freed 3(96B) AllocSpace objects, 0(0B) LOS objects, 23% free, 52MB/68MB, paused 332us total 18.232ms
08-06 13:02:40.252 28492 28513 I art     : Starting a blocking GC Explicit
08-06 13:02:40.275 28492 28513 I art     : Explicit concurrent mark sweep GC freed 1342(78KB) AllocSpace objects, 1(20KB) LOS objects, 23% free, 52MB/68MB, paused 523us total 22.601ms
08-06 13:02:40.288 28492 28513 I art     : Starting a blocking GC Explicit
08-06 13:02:40.306 28492 28513 I art     : Explicit concurrent mark sweep GC freed 20(704B) AllocSpace objects, 0(0B) LOS objects, 23% free, 52MB/68MB, paused 412us total 17.841ms
08-06 13:02:40.314 28492 28513 I art     : Starting a blocking GC Explicit
08-06 13:02:40.333 28492 28513 I art     : Explicit concurrent mark sweep GC freed 3(96B) AllocSpace objects, 0(0B) LOS objects, 23% free, 52MB/68MB, paused 328us total 17.959ms
08-06 13:02:40.341 28492 28513 I art     : Starting a blocking GC Explicit
08-06 13:02:40.359 28492 28513 I art     : Explicit concurrent mark sweep GC freed 3(96B) AllocSpace objects, 0(0B) LOS objects, 23% free, 52MB/68MB, paused 322us total 17.789ms
08-06 13:02:40.367 28492 28513 I art     : Starting a blocking GC Explicit
08-06 13:02:40.384 28492 28513 I art     : Explicit concurrent mark sweep GC freed 3(96B) AllocSpace objects, 0(0B) LOS objects, 23% free, 52MB/68MB, paused 350us total 17.449ms
08-06 13:02:40.453 29529 29529 D AndroidRuntime: >>>>>> START com.android.internal.os.RuntimeInit uid 2000 <<<<<<
08-06 13:02:40.458 29529 29529 D AndroidRuntime: CheckJNI is OFF
08-06 13:02:40.494 29529 29529 D ICU     : No timezone override file found: /data/misc/zoneinfo/current/icu/icu_tzdata.dat
08-06 13:02:40.530 29529 29529 I Radio-JNI: register_android_hardware_Radio DONE
08-06 13:02:40.552 29529 29529 D AndroidRuntime: Calling main entry com.android.commands.input.Input
08-06 13:02:40.554 29529 29529 I Input   : injectMotionEvent: MotionEvent { action=ACTION_DOWN, actionButton=0, id[0]=0, x[0]=733.0, y[0]=1957.0, toolType[0]=TOOL_TYPE_UNKNOWN, buttonState=0, metaState=0, flags=0x0, edgeFlags=0x0, pointerCount=1, historySize=0, eventTime=882176966, downTime=882176966, deviceId=0, source=0x1002 }
08-06 13:02:40.557 29529 29529 I Input   : injectMotionEvent: MotionEvent { action=ACTION_UP, actionButton=0, id[0]=0, x[0]=733.0, y[0]=1957.0, toolType[0]=TOOL_TYPE_UNKNOWN, buttonState=0, metaState=0, flags=0x0, edgeFlags=0x0, pointerCount=1, historySize=0, eventTime=882176966, downTime=882176966, deviceId=0, source=0x1002 }
08-06 13:02:40.559   918  5481 I ActivityManager: START u0 {cmp=baseline.appteam.nith.hillffair/.activities.ClubActivity (has extras)} from uid 10697 on display 0
08-06 13:02:40.567 29529 29529 D AndroidRuntime: Shutting down VM
08-06 13:02:40.640 28492 28514 I art     : Starting a blocking GC Explicit
08-06 13:02:40.650 13866 13866 I GoogleInputMethodServic: GoogleInputMethodService.onFinishInput():3138 
08-06 13:02:40.650   918   936 I ActivityManager: Displayed baseline.appteam.nith.hillffair/.activities.ClubActivity: +83ms
08-06 13:02:40.650 13866 13866 I GoogleInputMethodServic: GoogleInputMethodService.onStartInput():1808 
08-06 13:02:40.659 28492 28514 I art     : Explicit concurrent mark sweep GC freed 4975(291KB) AllocSpace objects, 1(20KB) LOS objects, 23% free, 52MB/68MB, paused 543us total 18.521ms
08-06 13:02:40.667 28492 28514 I art     : Starting a blocking GC Explicit
08-06 13:02:40.686 28492 28514 I art     : Explicit concurrent mark sweep GC freed 272(14KB) AllocSpace objects, 0(0B) LOS objects, 23% free, 52MB/68MB, paused 370us total 18.638ms
08-06 13:02:40.694 28492 28514 I art     : Starting a blocking GC Explicit
08-06 13:02:40.712 28492 28514 I art     : Explicit concurrent mark sweep GC freed 9(464B) AllocSpace objects, 0(0B) LOS objects, 23% free, 52MB/68MB, paused 379us total 16.902ms
08-06 13:02:40.720 28492 28514 I art     : Starting a blocking GC Explicit
08-06 13:02:40.737 28492 28514 I art     : Explicit concurrent mark sweep GC freed 3(96B) AllocSpace objects, 0(0B) LOS objects, 23% free, 52MB/68MB, paused 395us total 17.356ms
08-06 13:02:40.745 28492 28514 I art     : Starting a blocking GC Explicit
08-06 13:02:40.764 28492 28514 I art     : Explicit concurrent mark sweep GC freed 3(96B) AllocSpace objects, 0(0B) LOS objects, 23% free, 52MB/68MB, paused 410us total 18.566ms
08-06 13:02:40.898   380   380 W SurfaceFlinger: couldn't log to binary event log: overflow.
08-06 13:02:41.007 28492 28604 I art     : Starting a blocking GC Explicit
08-06 13:02:41.028 28492 28604 I art     : Explicit concurrent mark sweep GC freed 1435(83KB) AllocSpace objects, 1(20KB) LOS objects, 23% free, 52MB/68MB, paused 421us total 21.200ms
08-06 13:02:41.039 28492 28604 I art     : Starting a blocking GC Explicit
08-06 13:02:41.057 28492 28604 I art     : Explicit concurrent mark sweep GC freed 36(1344B) AllocSpace objects, 0(0B) LOS objects, 23% free, 52MB/68MB, paused 376us total 17.834ms
08-06 13:02:41.066 28492 28604 I art     : Starting a blocking GC Explicit
08-06 13:02:41.084 28492 28604 I art     : Explicit concurrent mark sweep GC freed 13(480B) AllocSpace objects, 0(0B) LOS objects, 23% free, 52MB/68MB, paused 356us total 17.369ms
08-06 13:02:41.092 28492 28604 I art     : Starting a blocking GC Explicit
08-06 13:02:41.109 28492 28604 I art     : Explicit concurrent mark sweep GC freed 10(352B) AllocSpace objects, 0(0B) LOS objects, 23% free, 52MB/68MB, paused 416us total 17.476ms
08-06 13:02:41.117 28492 28604 I art     : Starting a blocking GC Explicit
08-06 13:02:41.135 28492 28604 I art     : Explicit concurrent mark sweep GC freed 11(416B) AllocSpace objects, 0(0B) LOS objects, 23% free, 52MB/68MB, paused 381us total 17.407ms
08-06 13:02:41.312 28492 29590 D OkHttp  : --> GET https://api-hillfair-2k16.herokuapp.com/api/app/events/special/event?id=58065620dcba0f490c70fe09 http/1.1
08-06 13:02:41.349 28492 29590 D OkHttp  : <-- 200 OK https://api-hillfair-2k16.herokuapp.com/api/app/events/special/event?id=58065620dcba0f490c70fe09 (36ms, 682-byte body)
08-06 13:02:41.400 28492 28492 I NAPPA_EXPERIMENTATION: MetricNetworkRequestExecutionTime: REQUEST_DURATION_SYSTEM='806',REQUEST_DURATION_OKHTTP='37',REQUEST_SYNCHRONOUS='FALSE',RESPONSE_CODE='200',RESPONSE_METHOD='GET',RESPONSE_LENGTH_OKHTTP='682',RESPONSE_LENGTH_HEADER='682',REQUEST_PROTOCOL='http/1.1',REQUEST_URL='https://api-hillfair-2k16.herokuapp.com/api/app/events/special/event?id=58065620dcba0f490c70fe09',
08-06 13:02:41.420 28492 28604 I art     : Starting a blocking GC Explicit
08-06 13:02:41.443 28492 28604 I art     : Explicit concurrent mark sweep GC freed 4794(330KB) AllocSpace objects, 4(220KB) LOS objects, 23% free, 52MB/68MB, paused 415us total 22.616ms
08-06 13:02:41.453 28492 28604 I art     : Starting a blocking GC Explicit
08-06 13:02:41.473 28492 28604 I art     : Explicit concurrent mark sweep GC freed 1065(128KB) AllocSpace objects, 0(0B) LOS objects, 23% free, 52MB/68MB, paused 344us total 19.898ms
08-06 13:02:41.483 28492 28604 I art     : Starting a blocking GC Explicit
08-06 13:02:41.501 28492 28604 I art     : Explicit concurrent mark sweep GC freed 6(192B) AllocSpace objects, 0(0B) LOS objects, 23% free, 52MB/68MB, paused 380us total 17.760ms
08-06 13:02:41.509 28492 28604 I art     : Starting a blocking GC Explicit
08-06 13:02:41.528 28492 28604 I art     : Explicit concurrent mark sweep GC freed 3(96B) AllocSpace objects, 0(0B) LOS objects, 23% free, 52MB/68MB, paused 582us total 18.327ms
08-06 13:02:41.536 28492 28604 I art     : Starting a blocking GC Explicit
08-06 13:02:41.554 28492 28604 I art     : Explicit concurrent mark sweep GC freed 3(96B) AllocSpace objects, 0(0B) LOS objects, 23% free, 52MB/68MB, paused 360us total 18.416ms
08-06 13:02:41.843 28492 28514 I art     : Starting a blocking GC Explicit
08-06 13:02:41.863 28492 28514 I art     : Explicit concurrent mark sweep GC freed 1343(78KB) AllocSpace objects, 1(20KB) LOS objects, 23% free, 52MB/68MB, paused 411us total 19.944ms
08-06 13:02:41.872 28492 28514 I art     : Starting a blocking GC Explicit
08-06 13:02:41.891 28492 28514 I art     : Explicit concurrent mark sweep GC freed 36(1264B) AllocSpace objects, 0(0B) LOS objects, 23% free, 52MB/68MB, paused 359us total 19.173ms
08-06 13:02:41.900 28492 28514 I art     : Starting a blocking GC Explicit
08-06 13:02:41.919 28492 28514 I art     : Explicit concurrent mark sweep GC freed 3(96B) AllocSpace objects, 0(0B) LOS objects, 23% free, 52MB/68MB, paused 368us total 19.147ms
08-06 13:02:41.927 28492 28514 I art     : Starting a blocking GC Explicit
08-06 13:02:41.947 28492 28514 I art     : Explicit concurrent mark sweep GC freed 3(96B) AllocSpace objects, 0(0B) LOS objects, 23% free, 52MB/68MB, paused 389us total 19.710ms
08-06 13:02:41.956 28492 28514 I art     : Starting a blocking GC Explicit
08-06 13:02:41.976 28492 28514 I art     : Explicit concurrent mark sweep GC freed 3(96B) AllocSpace objects, 0(0B) LOS objects, 23% free, 52MB/68MB, paused 374us total 19.651ms
08-06 13:02:42.262 28492 28604 I art     : Starting a blocking GC Explicit
08-06 13:02:42.291 28492 28604 I art     : Explicit concurrent mark sweep GC freed 1343(78KB) AllocSpace objects, 1(20KB) LOS objects, 23% free, 52MB/68MB, paused 452us total 28.827ms
08-06 13:02:42.303 28492 28604 I art     : Starting a blocking GC Explicit
08-06 13:02:42.328 28492 28604 I art     : Explicit concurrent mark sweep GC freed 20(704B) AllocSpace objects, 0(0B) LOS objects, 23% free, 52MB/68MB, paused 420us total 24.022ms
08-06 13:02:42.337 28492 28604 I art     : Starting a blocking GC Explicit
08-06 13:02:42.357 28492 28604 I art     : Explicit concurrent mark sweep GC freed 3(96B) AllocSpace objects, 0(0B) LOS objects, 23% free, 52MB/68MB, paused 406us total 19.794ms
08-06 13:02:42.366 28492 28604 I art     : Starting a blocking GC Explicit
08-06 13:02:42.386 28492 28604 I art     : Explicit concurrent mark sweep GC freed 3(96B) AllocSpace objects, 0(0B) LOS objects, 23% free, 52MB/68MB, paused 378us total 20.014ms
08-06 13:02:42.395 28492 28604 I art     : Starting a blocking GC Explicit
08-06 13:02:42.415 28492 28604 I art     : Explicit concurrent mark sweep GC freed 3(96B) AllocSpace objects, 0(0B) LOS objects, 23% free, 52MB/68MB, paused 420us total 19.896ms
08-06 13:02:42.745 28492 28513 I art     : Starting a blocking GC Explicit
08-06 13:02:42.770 28492 28513 I art     : Explicit concurrent mark sweep GC freed 1343(78KB) AllocSpace objects, 1(20KB) LOS objects, 23% free, 52MB/68MB, paused 397us total 24.569ms
08-06 13:02:42.781 28492 28513 I art     : Starting a blocking GC Explicit
08-06 13:02:42.802 28492 28513 I art     : Explicit concurrent mark sweep GC freed 20(704B) AllocSpace objects, 0(0B) LOS objects, 23% free, 52MB/68MB, paused 349us total 20.232ms
08-06 13:02:42.810 28492 28513 I art     : Starting a blocking GC Explicit
08-06 13:02:42.830 28492 28513 I art     : Explicit concurrent mark sweep GC freed 3(96B) AllocSpace objects, 0(0B) LOS objects, 23% free, 52MB/68MB, paused 382us total 19.526ms
08-06 13:02:42.838 28492 28513 I art     : Starting a blocking GC Explicit
08-06 13:02:42.857 28492 28513 I art     : Explicit concurrent mark sweep GC freed 3(96B) AllocSpace objects, 0(0B) LOS objects, 23% free, 52MB/68MB, paused 422us total 18.481ms
08-06 13:02:42.865 28492 28513 I art     : Starting a blocking GC Explicit
08-06 13:02:42.884 28492 28513 I art     : Explicit concurrent mark sweep GC freed 3(96B) AllocSpace objects, 0(0B) LOS objects, 23% free, 52MB/68MB, paused 411us total 18.535ms
08-06 13:02:43.191 28492 28605 I art     : Starting a blocking GC Explicit
08-06 13:02:43.214 28492 28605 I art     : Explicit concurrent mark sweep GC freed 1343(78KB) AllocSpace objects, 1(20KB) LOS objects, 23% free, 52MB/68MB, paused 382us total 23.303ms
08-06 13:02:43.223 28492 28605 I art     : Starting a blocking GC Explicit
08-06 13:02:43.242 28492 28605 I art     : Explicit concurrent mark sweep GC freed 20(704B) AllocSpace objects, 0(0B) LOS objects, 23% free, 52MB/68MB, paused 358us total 19.163ms
08-06 13:02:43.246 29645 29645 D AndroidRuntime: >>>>>> START com.android.internal.os.RuntimeInit uid 2000 <<<<<<
08-06 13:02:43.250 28492 28605 I art     : Starting a blocking GC Explicit
08-06 13:02:43.251 29645 29645 D AndroidRuntime: CheckJNI is OFF
08-06 13:02:43.269 28492 28605 I art     : Explicit concurrent mark sweep GC freed 3(96B) AllocSpace objects, 0(0B) LOS objects, 23% free, 52MB/68MB, paused 362us total 18.174ms
08-06 13:02:43.277 28492 28605 I art     : Starting a blocking GC Explicit
08-06 13:02:43.287 29645 29645 D ICU     : No timezone override file found: /data/misc/zoneinfo/current/icu/icu_tzdata.dat
08-06 13:02:43.295 28492 28605 I art     : Explicit concurrent mark sweep GC freed 3(96B) AllocSpace objects, 0(0B) LOS objects, 23% free, 52MB/68MB, paused 405us total 18.327ms
08-06 13:02:43.303 28492 28605 I art     : Starting a blocking GC Explicit
08-06 13:02:43.321 29645 29645 I Radio-JNI: register_android_hardware_Radio DONE
08-06 13:02:43.322 28492 28605 I art     : Explicit concurrent mark sweep GC freed 3(96B) AllocSpace objects, 0(0B) LOS objects, 23% free, 52MB/68MB, paused 379us total 18.173ms
08-06 13:02:43.343 29645 29645 D AndroidRuntime: Calling main entry com.android.commands.input.Input
08-06 13:02:43.345 29645 29645 I Input   : injectKeyEvent: KeyEvent { action=ACTION_DOWN, keyCode=KEYCODE_BACK, scanCode=0, metaState=0, flags=0x0, repeatCount=0, eventTime=882179758, downTime=882179758, deviceId=-1, source=0x101 }
08-06 13:02:43.350 29645 29645 I Input   : injectKeyEvent: KeyEvent { action=ACTION_UP, keyCode=KEYCODE_BACK, scanCode=0, metaState=0, flags=0x0, repeatCount=0, eventTime=882179758, downTime=882179758, deviceId=-1, source=0x101 }
08-06 13:02:43.355 29645 29645 D AndroidRuntime: Shutting down VM
08-06 13:02:43.392 13866 13866 I GoogleInputMethodServic: GoogleInputMethodService.onFinishInput():3138 
08-06 13:02:43.393 13866 13866 I GoogleInputMethodServic: GoogleInputMethodService.onStartInput():1808 
08-06 13:02:43.573 28492 28514 I art     : Starting a blocking GC Explicit
08-06 13:02:43.597 28492 28514 I art     : Explicit concurrent mark sweep GC freed 1513(85KB) AllocSpace objects, 1(20KB) LOS objects, 23% free, 52MB/68MB, paused 391us total 23.863ms
08-06 13:02:43.607 28492 28514 I art     : Starting a blocking GC Explicit
08-06 13:02:43.631 28492 28514 I art     : Explicit concurrent mark sweep GC freed 26(944B) AllocSpace objects, 0(0B) LOS objects, 23% free, 52MB/68MB, paused 369us total 23.065ms
08-06 13:02:43.641 28492 28514 I art     : Starting a blocking GC Explicit
08-06 13:02:43.663 28492 28514 I art     : Explicit concurrent mark sweep GC freed 3(96B) AllocSpace objects, 0(0B) LOS objects, 23% free, 52MB/68MB, paused 364us total 22.446ms
08-06 13:02:43.673 28492 28514 I art     : Starting a blocking GC Explicit
08-06 13:02:43.693 28492 28514 I art     : Explicit concurrent mark sweep GC freed 3(96B) AllocSpace objects, 0(0B) LOS objects, 23% free, 52MB/68MB, paused 380us total 19.671ms
08-06 13:02:43.700   380   380 W SurfaceFlinger: couldn't log to binary event log: overflow.
08-06 13:02:43.701 28492 28514 I art     : Starting a blocking GC Explicit
08-06 13:02:43.722 28492 28514 I art     : Explicit concurrent mark sweep GC freed 109(8KB) AllocSpace objects, 0(0B) LOS objects, 23% free, 52MB/68MB, paused 375us total 19.593ms
08-06 13:02:43.995 28492 28604 I art     : Starting a blocking GC Explicit
08-06 13:02:44.018 28492 28604 I art     : Explicit concurrent mark sweep GC freed 1456(84KB) AllocSpace objects, 1(20KB) LOS objects, 23% free, 52MB/68MB, paused 415us total 22.601ms
08-06 13:02:44.030 28492 28604 I art     : Starting a blocking GC Explicit
08-06 13:02:44.049 28492 28604 I art     : Explicit concurrent mark sweep GC freed 1562(100KB) AllocSpace objects, 3(400KB) LOS objects, 23% free, 52MB/68MB, paused 374us total 19.274ms
08-06 13:02:44.057 28492 28604 I art     : Starting a blocking GC Explicit
08-06 13:02:44.076 28492 28604 I art     : Explicit concurrent mark sweep GC freed 3(96B) AllocSpace objects, 0(0B) LOS objects, 23% free, 52MB/68MB, paused 373us total 18.627ms
08-06 13:02:44.085 28492 28604 I art     : Starting a blocking GC Explicit
08-06 13:02:44.104 28492 28604 I art     : Explicit concurrent mark sweep GC freed 3(96B) AllocSpace objects, 0(0B) LOS objects, 23% free, 52MB/68MB, paused 342us total 18.795ms
08-06 13:02:44.112 28492 28604 I art     : Starting a blocking GC Explicit
08-06 13:02:44.131 28492 28604 I art     : Explicit concurrent mark sweep GC freed 3(96B) AllocSpace objects, 0(0B) LOS objects, 23% free, 52MB/68MB, paused 379us total 19.060ms
08-06 13:02:44.429 28492 28605 I art     : Starting a blocking GC Explicit
08-06 13:02:44.450 28492 28605 I art     : Explicit concurrent mark sweep GC freed 1343(78KB) AllocSpace objects, 1(20KB) LOS objects, 23% free, 52MB/68MB, paused 548us total 20.864ms
08-06 13:02:44.464 28492 28605 I art     : Starting a blocking GC Explicit
08-06 13:02:44.482 28492 28605 I art     : Explicit concurrent mark sweep GC freed 20(704B) AllocSpace objects, 0(0B) LOS objects, 23% free, 52MB/68MB, paused 359us total 18.297ms
08-06 13:02:44.491 28492 28605 I art     : Starting a blocking GC Explicit
08-06 13:02:44.509 28492 28605 I art     : Explicit concurrent mark sweep GC freed 3(96B) AllocSpace objects, 0(0B) LOS objects, 23% free, 52MB/68MB, paused 348us total 18.573ms
08-06 13:02:44.518 28492 28605 I art     : Starting a blocking GC Explicit
08-06 13:02:44.538 28492 28605 I art     : Explicit concurrent mark sweep GC freed 3(96B) AllocSpace objects, 0(0B) LOS objects, 23% free, 52MB/68MB, paused 372us total 19.453ms
08-06 13:02:44.546 28492 28605 I art     : Starting a blocking GC Explicit
08-06 13:02:44.565 28492 28605 I art     : Explicit concurrent mark sweep GC freed 3(96B) AllocSpace objects, 0(0B) LOS objects, 23% free, 52MB/68MB, paused 405us total 18.697ms
08-06 13:02:44.833 28492 28513 I art     : Starting a blocking GC Explicit
08-06 13:02:44.853 28492 28513 I art     : Explicit concurrent mark sweep GC freed 1342(78KB) AllocSpace objects, 1(20KB) LOS objects, 23% free, 52MB/68MB, paused 376us total 19.110ms
08-06 13:02:44.861 28492 28513 I art     : Starting a blocking GC Explicit
08-06 13:02:44.880 28492 28513 I art     : Explicit concurrent mark sweep GC freed 20(704B) AllocSpace objects, 0(0B) LOS objects, 23% free, 52MB/68MB, paused 386us total 18.882ms
08-06 13:02:44.889 28492 28513 I art     : Starting a blocking GC Explicit
08-06 13:02:44.908 28492 28513 I art     : Explicit concurrent mark sweep GC freed 3(96B) AllocSpace objects, 0(0B) LOS objects, 23% free, 52MB/68MB, paused 357us total 19.239ms
08-06 13:02:44.916 28492 28513 I art     : Starting a blocking GC Explicit
08-06 13:02:44.935 28492 28513 I art     : Explicit concurrent mark sweep GC freed 3(96B) AllocSpace objects, 0(0B) LOS objects, 23% free, 52MB/68MB, paused 369us total 18.081ms
08-06 13:02:44.943 28492 28513 I art     : Starting a blocking GC Explicit
08-06 13:02:44.961 28492 28513 I art     : Explicit concurrent mark sweep GC freed 3(96B) AllocSpace objects, 0(0B) LOS objects, 23% free, 52MB/68MB, paused 356us total 17.913ms
08-06 13:02:45.022 29698 29698 D AndroidRuntime: >>>>>> START com.android.internal.os.RuntimeInit uid 2000 <<<<<<
08-06 13:02:45.027 29698 29698 D AndroidRuntime: CheckJNI is OFF
08-06 13:02:45.064 29698 29698 D ICU     : No timezone override file found: /data/misc/zoneinfo/current/icu/icu_tzdata.dat
08-06 13:02:45.101 29698 29698 I Radio-JNI: register_android_hardware_Radio DONE
08-06 13:02:45.123 29698 29698 D AndroidRuntime: Calling main entry com.android.commands.input.Input
08-06 13:02:45.125 29698 29698 I Input   : injectMotionEvent: MotionEvent { action=ACTION_DOWN, actionButton=0, id[0]=0, x[0]=733.0, y[0]=1957.0, toolType[0]=TOOL_TYPE_UNKNOWN, buttonState=0, metaState=0, flags=0x0, edgeFlags=0x0, pointerCount=1, historySize=0, eventTime=882181538, downTime=882181538, deviceId=0, source=0x1002 }
08-06 13:02:45.129 29698 29698 I Input   : injectMotionEvent: MotionEvent { action=ACTION_UP, actionButton=0, id[0]=0, x[0]=733.0, y[0]=1957.0, toolType[0]=TOOL_TYPE_UNKNOWN, buttonState=0, metaState=0, flags=0x0, edgeFlags=0x0, pointerCount=1, historySize=0, eventTime=882181538, downTime=882181538, deviceId=0, source=0x1002 }
08-06 13:02:45.131   918  6110 I ActivityManager: START u0 {cmp=baseline.appteam.nith.hillffair/.activities.ClubActivity (has extras)} from uid 10697 on display 0
08-06 13:02:45.137 29698 29698 D AndroidRuntime: Shutting down VM
08-06 13:02:45.223   918   936 I ActivityManager: Displayed baseline.appteam.nith.hillffair/.activities.ClubActivity: +85ms
08-06 13:02:45.223 13866 13866 I GoogleInputMethodServic: GoogleInputMethodService.onFinishInput():3138 
08-06 13:02:45.223 13866 13866 I GoogleInputMethodServic: GoogleInputMethodService.onStartInput():1808 
08-06 13:02:45.230 28492 28513 I art     : Starting a blocking GC Explicit
08-06 13:02:45.250 28492 28513 I art     : Explicit concurrent mark sweep GC freed 5220(327KB) AllocSpace objects, 1(20KB) LOS objects, 23% free, 52MB/68MB, paused 410us total 20.014ms
08-06 13:02:45.258 28492 28513 I art     : Starting a blocking GC Explicit
08-06 13:02:45.275 28492 28513 I art     : Explicit concurrent mark sweep GC freed 237(11KB) AllocSpace objects, 0(0B) LOS objects, 23% free, 52MB/68MB, paused 429us total 17.011ms
08-06 13:02:45.282 28492 28513 I art     : Starting a blocking GC Explicit
08-06 13:02:45.301 28492 28513 I art     : Explicit concurrent mark sweep GC freed 52(4KB) AllocSpace objects, 0(0B) LOS objects, 23% free, 52MB/68MB, paused 365us total 17.945ms
08-06 13:02:45.309 28492 28513 I art     : Starting a blocking GC Explicit
08-06 13:02:45.326 28492 28513 I art     : Explicit concurrent mark sweep GC freed 3(96B) AllocSpace objects, 0(0B) LOS objects, 23% free, 52MB/68MB, paused 369us total 17.407ms
08-06 13:02:45.334 28492 28513 I art     : Starting a blocking GC Explicit
08-06 13:02:45.357 28492 28513 I art     : Explicit concurrent mark sweep GC freed 3(96B) AllocSpace objects, 0(0B) LOS objects, 23% free, 52MB/68MB, paused 559us total 22.569ms
08-06 13:02:45.470   380   380 W SurfaceFlinger: couldn't log to binary event log: overflow.
08-06 13:02:45.589 28492 28604 I art     : Starting a blocking GC Explicit
08-06 13:02:45.612 28492 28604 I art     : Explicit concurrent mark sweep GC freed 1434(83KB) AllocSpace objects, 1(20KB) LOS objects, 23% free, 52MB/68MB, paused 453us total 23.071ms
08-06 13:02:45.623 28492 28604 I art     : Starting a blocking GC Explicit
08-06 13:02:45.646 28492 28604 I art     : Explicit concurrent mark sweep GC freed 37(1392B) AllocSpace objects, 0(0B) LOS objects, 23% free, 52MB/68MB, paused 427us total 22.245ms
08-06 13:02:45.655 28492 28604 I art     : Starting a blocking GC Explicit
08-06 13:02:45.673 28492 28604 I art     : Explicit concurrent mark sweep GC freed 13(480B) AllocSpace objects, 0(0B) LOS objects, 23% free, 52MB/68MB, paused 414us total 17.884ms
08-06 13:02:45.681 28492 28604 I art     : Starting a blocking GC Explicit
08-06 13:02:45.700 28492 28604 I art     : Explicit concurrent mark sweep GC freed 1096(74KB) AllocSpace objects, 0(0B) LOS objects, 23% free, 52MB/68MB, paused 631us total 19.078ms
08-06 13:02:45.708 28492 28604 I art     : Starting a blocking GC Explicit
08-06 13:02:45.712 28492 29730 D OkHttp  : --> GET https://api-hillfair-2k16.herokuapp.com/api/app/events/special/event?id=58065620dcba0f490c70fe09 http/1.1
08-06 13:02:45.726 28492 28604 I art     : Explicit concurrent mark sweep GC freed 2353(166KB) AllocSpace objects, 3(200KB) LOS objects, 23% free, 52MB/68MB, paused 425us total 18.417ms
08-06 13:02:45.745 28492 29730 D OkHttp  : <-- 200 OK https://api-hillfair-2k16.herokuapp.com/api/app/events/special/event?id=58065620dcba0f490c70fe09 (33ms, 682-byte body)
08-06 13:02:45.803 28492 28492 I NAPPA_EXPERIMENTATION: MetricNetworkRequestExecutionTime: REQUEST_DURATION_SYSTEM='636',REQUEST_DURATION_OKHTTP='33',REQUEST_SYNCHRONOUS='FALSE',RESPONSE_CODE='200',RESPONSE_METHOD='GET',RESPONSE_LENGTH_OKHTTP='682',RESPONSE_LENGTH_HEADER='682',REQUEST_PROTOCOL='http/1.1',REQUEST_URL='https://api-hillfair-2k16.herokuapp.com/api/app/events/special/event?id=58065620dcba0f490c70fe09',
08-06 13:02:46.010 28492 28513 I art     : Starting a blocking GC Explicit
08-06 13:02:46.031 28492 28513 I art     : Explicit concurrent mark sweep GC freed 2255(184KB) AllocSpace objects, 1(20KB) LOS objects, 23% free, 52MB/68MB, paused 375us total 21.019ms
08-06 13:02:46.040 28492 28513 I art     : Starting a blocking GC Explicit
08-06 13:02:46.061 28492 28513 I art     : Explicit concurrent mark sweep GC freed 99(3KB) AllocSpace objects, 0(0B) LOS objects, 23% free, 52MB/68MB, paused 385us total 20.326ms
08-06 13:02:46.069 28492 28513 I art     : Starting a blocking GC Explicit
08-06 13:02:46.090 28492 28513 I art     : Explicit concurrent mark sweep GC freed 3(96B) AllocSpace objects, 0(0B) LOS objects, 23% free, 52MB/68MB, paused 438us total 20.127ms
08-06 13:02:46.098 28492 28513 I art     : Starting a blocking GC Explicit
08-06 13:02:46.118 28492 28513 I art     : Explicit concurrent mark sweep GC freed 3(96B) AllocSpace objects, 0(0B) LOS objects, 23% free, 52MB/68MB, paused 426us total 19.231ms
08-06 13:02:46.126 28492 28513 I art     : Starting a blocking GC Explicit
08-06 13:02:46.145 28492 28513 I art     : Explicit concurrent mark sweep GC freed 3(96B) AllocSpace objects, 0(0B) LOS objects, 23% free, 52MB/68MB, paused 352us total 18.676ms
08-06 13:02:46.414 28492 28604 I art     : Starting a blocking GC Explicit
08-06 13:02:46.441 28492 28604 I art     : Explicit concurrent mark sweep GC freed 1343(78KB) AllocSpace objects, 1(20KB) LOS objects, 23% free, 52MB/68MB, paused 426us total 25.974ms
08-06 13:02:46.455 28492 28604 I art     : Starting a blocking GC Explicit
08-06 13:02:46.478 28492 28604 I art     : Explicit concurrent mark sweep GC freed 36(1264B) AllocSpace objects, 0(0B) LOS objects, 23% free, 52MB/68MB, paused 403us total 23.193ms
08-06 13:02:46.487 28492 28604 I art     : Starting a blocking GC Explicit
08-06 13:02:46.507 28492 28604 I art     : Explicit concurrent mark sweep GC freed 3(96B) AllocSpace objects, 0(0B) LOS objects, 23% free, 52MB/68MB, paused 407us total 20.385ms
08-06 13:02:46.516 28492 28604 I art     : Starting a blocking GC Explicit
08-06 13:02:46.536 28492 28604 I art     : Explicit concurrent mark sweep GC freed 3(96B) AllocSpace objects, 0(0B) LOS objects, 23% free, 52MB/68MB, paused 393us total 20.141ms
08-06 13:02:46.545 28492 28604 I art     : Starting a blocking GC Explicit
08-06 13:02:46.565 28492 28604 I art     : Explicit concurrent mark sweep GC freed 3(96B) AllocSpace objects, 0(0B) LOS objects, 23% free, 52MB/68MB, paused 408us total 19.896ms
08-06 13:02:46.849 28492 28513 I art     : Starting a blocking GC Explicit
08-06 13:02:46.871 28492 28513 I art     : Explicit concurrent mark sweep GC freed 1343(78KB) AllocSpace objects, 1(20KB) LOS objects, 23% free, 52MB/68MB, paused 392us total 21.247ms
08-06 13:02:46.879 28492 28513 I art     : Starting a blocking GC Explicit
08-06 13:02:46.900 28492 28513 I art     : Explicit concurrent mark sweep GC freed 20(704B) AllocSpace objects, 0(0B) LOS objects, 23% free, 52MB/68MB, paused 454us total 20.686ms
08-06 13:02:46.909 28492 28513 I art     : Starting a blocking GC Explicit
08-06 13:02:46.929 28492 28513 I art     : Explicit concurrent mark sweep GC freed 3(96B) AllocSpace objects, 0(0B) LOS objects, 23% free, 52MB/68MB, paused 391us total 20.245ms
08-06 13:02:46.938 28492 28513 I art     : Starting a blocking GC Explicit
08-06 13:02:46.958 28492 28513 I art     : Explicit concurrent mark sweep GC freed 3(96B) AllocSpace objects, 0(0B) LOS objects, 23% free, 52MB/68MB, paused 380us total 20.065ms
08-06 13:02:46.967 28492 28513 I art     : Starting a blocking GC Explicit
08-06 13:02:46.988 28492 28513 I art     : Explicit concurrent mark sweep GC freed 3(96B) AllocSpace objects, 0(0B) LOS objects, 23% free, 52MB/68MB, paused 394us total 20.581ms
08-06 13:02:47.302 28492 28514 I art     : Starting a blocking GC Explicit
08-06 13:02:47.330 28492 28514 I art     : Explicit concurrent mark sweep GC freed 1343(78KB) AllocSpace objects, 1(20KB) LOS objects, 23% free, 52MB/68MB, paused 405us total 27.562ms
08-06 13:02:47.341 28492 28514 I art     : Starting a blocking GC Explicit
08-06 13:02:47.362 28492 28514 I art     : Explicit concurrent mark sweep GC freed 20(704B) AllocSpace objects, 0(0B) LOS objects, 23% free, 52MB/68MB, paused 400us total 20.176ms
08-06 13:02:47.370 28492 28514 I art     : Starting a blocking GC Explicit
08-06 13:02:47.391 28492 28514 I art     : Explicit concurrent mark sweep GC freed 3(96B) AllocSpace objects, 0(0B) LOS objects, 23% free, 52MB/68MB, paused 384us total 19.953ms
08-06 13:02:47.399 28492 28514 I art     : Starting a blocking GC Explicit
08-06 13:02:47.418 28492 28514 I art     : Explicit concurrent mark sweep GC freed 3(96B) AllocSpace objects, 0(0B) LOS objects, 23% free, 52MB/68MB, paused 374us total 19.034ms
08-06 13:02:47.427 28492 28514 I art     : Starting a blocking GC Explicit
08-06 13:02:47.445 28492 28514 I art     : Explicit concurrent mark sweep GC freed 3(96B) AllocSpace objects, 0(0B) LOS objects, 23% free, 52MB/68MB, paused 367us total 18.251ms
08-06 13:02:47.761 28492 28605 I art     : Starting a blocking GC Explicit
08-06 13:02:47.783 28492 28605 I art     : Explicit concurrent mark sweep GC freed 1343(78KB) AllocSpace objects, 1(20KB) LOS objects, 23% free, 52MB/68MB, paused 434us total 21.525ms
08-06 13:02:47.798 28492 28605 I art     : Starting a blocking GC Explicit
08-06 13:02:47.817 28492 28605 I art     : Explicit concurrent mark sweep GC freed 20(704B) AllocSpace objects, 0(0B) LOS objects, 23% free, 52MB/68MB, paused 460us total 18.862ms
08-06 13:02:47.825 28492 28605 I art     : Starting a blocking GC Explicit
08-06 13:02:47.834 29785 29785 D AndroidRuntime: >>>>>> START com.android.internal.os.RuntimeInit uid 2000 <<<<<<
08-06 13:02:47.838 29785 29785 D AndroidRuntime: CheckJNI is OFF
08-06 13:02:47.845 28492 28605 I art     : Explicit concurrent mark sweep GC freed 3(96B) AllocSpace objects, 0(0B) LOS objects, 23% free, 52MB/68MB, paused 408us total 19.606ms
08-06 13:02:47.853 28492 28605 I art     : Starting a blocking GC Explicit
08-06 13:02:47.872 28492 28605 I art     : Explicit concurrent mark sweep GC freed 3(96B) AllocSpace objects, 0(0B) LOS objects, 23% free, 52MB/68MB, paused 393us total 18.963ms
08-06 13:02:47.873 29785 29785 D ICU     : No timezone override file found: /data/misc/zoneinfo/current/icu/icu_tzdata.dat
08-06 13:02:47.881 28492 28605 I art     : Starting a blocking GC Explicit
08-06 13:02:47.901 28492 28605 I art     : Explicit concurrent mark sweep GC freed 3(96B) AllocSpace objects, 0(0B) LOS objects, 23% free, 52MB/68MB, paused 389us total 19.766ms
08-06 13:02:47.910 29785 29785 I Radio-JNI: register_android_hardware_Radio DONE
08-06 13:02:47.932 29785 29785 D AndroidRuntime: Calling main entry com.android.commands.input.Input
08-06 13:02:47.933 29785 29785 I Input   : injectKeyEvent: KeyEvent { action=ACTION_DOWN, keyCode=KEYCODE_BACK, scanCode=0, metaState=0, flags=0x0, repeatCount=0, eventTime=882184346, downTime=882184346, deviceId=-1, source=0x101 }
08-06 13:02:47.939 29785 29785 I Input   : injectKeyEvent: KeyEvent { action=ACTION_UP, keyCode=KEYCODE_BACK, scanCode=0, metaState=0, flags=0x0, repeatCount=0, eventTime=882184346, downTime=882184346, deviceId=-1, source=0x101 }
08-06 13:02:47.944 29785 29785 D AndroidRuntime: Shutting down VM
08-06 13:02:47.981 13866 13866 I GoogleInputMethodServic: GoogleInputMethodService.onFinishInput():3138 
08-06 13:02:47.981 13866 13866 I GoogleInputMethodServic: GoogleInputMethodService.onStartInput():1808 
08-06 13:02:48.161 28492 28604 I art     : Starting a blocking GC Explicit
08-06 13:02:48.185 28492 28604 I art     : Explicit concurrent mark sweep GC freed 1513(85KB) AllocSpace objects, 1(20KB) LOS objects, 23% free, 52MB/68MB, paused 389us total 23.790ms
08-06 13:02:48.196 28492 28604 I art     : Starting a blocking GC Explicit
08-06 13:02:48.219 28492 28604 I art     : Explicit concurrent mark sweep GC freed 26(944B) AllocSpace objects, 0(0B) LOS objects, 23% free, 52MB/68MB, paused 383us total 23.363ms
08-06 13:02:48.230 28492 28604 I art     : Starting a blocking GC Explicit
08-06 13:02:48.252 28492 28604 I art     : Explicit concurrent mark sweep GC freed 3(96B) AllocSpace objects, 0(0B) LOS objects, 23% free, 52MB/68MB, paused 432us total 22.578ms
08-06 13:02:48.263 28492 28604 I art     : Starting a blocking GC Explicit
08-06 13:02:48.283 28492 28604 I art     : Explicit concurrent mark sweep GC freed 3(96B) AllocSpace objects, 0(0B) LOS objects, 23% free, 52MB/68MB, paused 385us total 19.829ms
08-06 13:02:48.288   380   380 W SurfaceFlinger: couldn't log to binary event log: overflow.
08-06 13:02:48.293 28492 28604 I art     : Starting a blocking GC Explicit
08-06 13:02:48.312 28492 28604 I art     : Explicit concurrent mark sweep GC freed 109(8KB) AllocSpace objects, 0(0B) LOS objects, 23% free, 52MB/68MB, paused 348us total 17.902ms
08-06 13:02:48.598 28492 28605 I art     : Starting a blocking GC Explicit
08-06 13:02:48.624 28492 28605 I art     : Explicit concurrent mark sweep GC freed 1456(84KB) AllocSpace objects, 1(20KB) LOS objects, 23% free, 52MB/68MB, paused 419us total 25.221ms
08-06 13:02:48.636 28492 28605 I art     : Starting a blocking GC Explicit
08-06 13:02:48.656 28492 28605 I art     : Explicit concurrent mark sweep GC freed 1562(100KB) AllocSpace objects, 3(400KB) LOS objects, 23% free, 52MB/68MB, paused 391us total 19.756ms
08-06 13:02:48.665 28492 28605 I art     : Starting a blocking GC Explicit
08-06 13:02:48.684 28492 28605 I art     : Explicit concurrent mark sweep GC freed 3(96B) AllocSpace objects, 0(0B) LOS objects, 23% free, 52MB/68MB, paused 388us total 19.540ms
08-06 13:02:48.693 28492 28605 I art     : Starting a blocking GC Explicit
08-06 13:02:48.713 28492 28605 I art     : Explicit concurrent mark sweep GC freed 3(96B) AllocSpace objects, 0(0B) LOS objects, 23% free, 52MB/68MB, paused 397us total 19.721ms
08-06 13:02:48.722 28492 28605 I art     : Starting a blocking GC Explicit
08-06 13:02:48.741 28492 28605 I art     : Explicit concurrent mark sweep GC freed 3(96B) AllocSpace objects, 0(0B) LOS objects, 23% free, 52MB/68MB, paused 384us total 19.300ms
08-06 13:02:49.040 28492 28514 I art     : Starting a blocking GC Explicit
08-06 13:02:49.065 28492 28514 I art     : Explicit concurrent mark sweep GC freed 1344(78KB) AllocSpace objects, 1(20KB) LOS objects, 23% free, 52MB/68MB, paused 414us total 24.434ms
08-06 13:02:49.077 28492 28514 I art     : Starting a blocking GC Explicit
08-06 13:02:49.099 28492 28514 I art     : Explicit concurrent mark sweep GC freed 20(704B) AllocSpace objects, 0(0B) LOS objects, 23% free, 52MB/68MB, paused 437us total 21.939ms
08-06 13:02:49.108 28492 28514 I art     : Starting a blocking GC Explicit
08-06 13:02:49.128 28492 28514 I art     : Explicit concurrent mark sweep GC freed 3(96B) AllocSpace objects, 0(0B) LOS objects, 23% free, 52MB/68MB, paused 388us total 19.819ms
08-06 13:02:49.137 28492 28514 I art     : Starting a blocking GC Explicit
08-06 13:02:49.156 28492 28514 I art     : Explicit concurrent mark sweep GC freed 3(96B) AllocSpace objects, 0(0B) LOS objects, 23% free, 52MB/68MB, paused 397us total 19.235ms
08-06 13:02:49.165 28492 28514 I art     : Starting a blocking GC Explicit
08-06 13:02:49.183 28492 28514 I art     : Explicit concurrent mark sweep GC freed 3(96B) AllocSpace objects, 0(0B) LOS objects, 23% free, 52MB/68MB, paused 357us total 18.276ms
08-06 13:02:49.332 29105 29105 I ServiceManager: Waiting for service AtCmdFwd...
08-06 13:02:49.468 28492 29818 I art     : Starting a blocking GC Explicit
08-06 13:02:49.488 28492 29818 I art     : Explicit concurrent mark sweep GC freed 1342(78KB) AllocSpace objects, 1(20KB) LOS objects, 23% free, 52MB/68MB, paused 406us total 19.787ms
08-06 13:02:49.497 28492 29818 I art     : Starting a blocking GC Explicit
08-06 13:02:49.516 28492 29818 I art     : Explicit concurrent mark sweep GC freed 20(704B) AllocSpace objects, 0(0B) LOS objects, 23% free, 52MB/68MB, paused 396us total 19.367ms
08-06 13:02:49.525 28492 29818 I art     : Starting a blocking GC Explicit
08-06 13:02:49.544 28492 29818 I art     : Explicit concurrent mark sweep GC freed 3(96B) AllocSpace objects, 0(0B) LOS objects, 23% free, 52MB/68MB, paused 400us total 19.165ms
08-06 13:02:49.552 28492 29818 I art     : Starting a blocking GC Explicit
08-06 13:02:49.571 28492 29818 I art     : Explicit concurrent mark sweep GC freed 3(96B) AllocSpace objects, 0(0B) LOS objects, 23% free, 52MB/68MB, paused 390us total 18.378ms
08-06 13:02:49.579 28492 29818 I art     : Starting a blocking GC Explicit
08-06 13:02:49.587 29841 29841 D AndroidRuntime: >>>>>> START com.android.internal.os.RuntimeInit uid 2000 <<<<<<
08-06 13:02:49.592 29841 29841 D AndroidRuntime: CheckJNI is OFF
08-06 13:02:49.598 28492 29818 I art     : Explicit concurrent mark sweep GC freed 3(96B) AllocSpace objects, 0(0B) LOS objects, 23% free, 52MB/68MB, paused 416us total 18.924ms
08-06 13:02:49.626 29841 29841 D ICU     : No timezone override file found: /data/misc/zoneinfo/current/icu/icu_tzdata.dat
08-06 13:02:49.658 29841 29841 I Radio-JNI: register_android_hardware_Radio DONE
08-06 13:02:49.679 29841 29841 D AndroidRuntime: Calling main entry com.android.commands.input.Input
08-06 13:02:49.681 29841 29841 I Input   : injectMotionEvent: MotionEvent { action=ACTION_DOWN, actionButton=0, id[0]=0, x[0]=733.0, y[0]=645.0, toolType[0]=TOOL_TYPE_UNKNOWN, buttonState=0, metaState=0, flags=0x0, edgeFlags=0x0, pointerCount=1, historySize=0, eventTime=882186094, downTime=882186094, deviceId=0, source=0x1002 }
08-06 13:02:49.688 29841 29841 I Input   : injectMotionEvent: MotionEvent { action=ACTION_UP, actionButton=0, id[0]=0, x[0]=733.0, y[0]=645.0, toolType[0]=TOOL_TYPE_UNKNOWN, buttonState=0, metaState=0, flags=0x0, edgeFlags=0x0, pointerCount=1, historySize=0, eventTime=882186094, downTime=882186094, deviceId=0, source=0x1002 }
08-06 13:02:49.691   918  6111 I ActivityManager: START u0 {cmp=baseline.appteam.nith.hillffair/.activities.ClubActivity (has extras)} from uid 10697 on display 0
08-06 13:02:49.701 29841 29841 D AndroidRuntime: Shutting down VM
08-06 13:02:49.788 13866 13866 I GoogleInputMethodServic: GoogleInputMethodService.onFinishInput():3138 
08-06 13:02:49.789 13866 13866 I GoogleInputMethodServic: GoogleInputMethodService.onStartInput():1808 
08-06 13:02:49.796   918   936 I ActivityManager: Displayed baseline.appteam.nith.hillffair/.activities.ClubActivity: +95ms
08-06 13:02:49.845 28492 29818 I art     : Starting a blocking GC Explicit
08-06 13:02:49.865 28492 29818 I art     : Explicit concurrent mark sweep GC freed 5289(331KB) AllocSpace objects, 1(20KB) LOS objects, 23% free, 52MB/68MB, paused 401us total 19.194ms
08-06 13:02:49.873 28492 29818 I art     : Starting a blocking GC Explicit
08-06 13:02:49.891 28492 29818 I art     : Explicit concurrent mark sweep GC freed 211(9KB) AllocSpace objects, 0(0B) LOS objects, 23% free, 52MB/68MB, paused 420us total 18.013ms
08-06 13:02:49.899 28492 29818 I art     : Starting a blocking GC Explicit
08-06 13:02:49.918 28492 29818 I art     : Explicit concurrent mark sweep GC freed 3(96B) AllocSpace objects, 0(0B) LOS objects, 23% free, 52MB/68MB, paused 744us total 18.513ms
08-06 13:02:49.927 28492 29818 I art     : Starting a blocking GC Explicit
08-06 13:02:49.949 28492 29818 I art     : Explicit concurrent mark sweep GC freed 3(96B) AllocSpace objects, 0(0B) LOS objects, 23% free, 52MB/68MB, paused 405us total 21.394ms
08-06 13:02:49.958 28492 29818 I art     : Starting a blocking GC Explicit
08-06 13:02:49.982 28492 29818 I art     : Explicit concurrent mark sweep GC freed 3(96B) AllocSpace objects, 0(0B) LOS objects, 23% free, 52MB/68MB, paused 406us total 22.956ms
08-06 13:02:50.040   380   380 W SurfaceFlinger: couldn't log to binary event log: overflow.
08-06 13:02:50.228 28492 29818 I art     : Starting a blocking GC Explicit
08-06 13:02:50.247 28492 29818 I art     : Explicit concurrent mark sweep GC freed 1454(84KB) AllocSpace objects, 1(20KB) LOS objects, 23% free, 52MB/68MB, paused 451us total 19.517ms
08-06 13:02:50.256 28492 29818 I art     : Starting a blocking GC Explicit
08-06 13:02:50.276 28492 29818 I art     : Explicit concurrent mark sweep GC freed 35(1232B) AllocSpace objects, 0(0B) LOS objects, 23% free, 52MB/68MB, paused 507us total 20.118ms
08-06 13:02:50.284 28492 29818 I art     : Starting a blocking GC Explicit
08-06 13:02:50.304 28492 29818 I art     : Explicit concurrent mark sweep GC freed 9(336B) AllocSpace objects, 0(0B) LOS objects, 23% free, 52MB/68MB, paused 484us total 19.325ms
08-06 13:02:50.312 28492 29818 I art     : Starting a blocking GC Explicit
08-06 13:02:50.331 28492 29818 I art     : Explicit concurrent mark sweep GC freed 13(480B) AllocSpace objects, 0(0B) LOS objects, 23% free, 52MB/68MB, paused 424us total 19.316ms
08-06 13:02:50.333 29105 29105 I ServiceManager: Waiting for service AtCmdFwd...
08-06 13:02:50.340 28492 29818 I art     : Starting a blocking GC Explicit
08-06 13:02:50.359 28492 29818 I art     : Explicit concurrent mark sweep GC freed 12(432B) AllocSpace objects, 0(0B) LOS objects, 23% free, 52MB/68MB, paused 501us total 19.236ms
08-06 13:02:50.526 28492 29866 D OkHttp  : --> GET https://api-hillfair-2k16.herokuapp.com/api/app/events/special/event?id=5806551bdcba0f490c70fd1f http/1.1
08-06 13:02:50.559 28492 29866 D OkHttp  : <-- 200 OK https://api-hillfair-2k16.herokuapp.com/api/app/events/special/event?id=5806551bdcba0f490c70fd1f (32ms, 795-byte body)
08-06 13:02:50.609 28492 28492 I NAPPA_EXPERIMENTATION: MetricNetworkRequestExecutionTime: REQUEST_DURATION_SYSTEM='885',REQUEST_DURATION_OKHTTP='33',REQUEST_SYNCHRONOUS='FALSE',RESPONSE_CODE='200',RESPONSE_METHOD='GET',RESPONSE_LENGTH_OKHTTP='795',RESPONSE_LENGTH_HEADER='795',REQUEST_PROTOCOL='http/1.1',REQUEST_URL='https://api-hillfair-2k16.herokuapp.com/api/app/events/special/event?id=5806551bdcba0f490c70fd1f',
08-06 13:02:50.628 28492 29818 I art     : Starting a blocking GC Explicit
08-06 13:02:50.651 28492 29818 I art     : Explicit concurrent mark sweep GC freed 4782(311KB) AllocSpace objects, 4(220KB) LOS objects, 23% free, 52MB/68MB, paused 401us total 22.637ms
08-06 13:02:50.656   518   646 I ThermalEngine: ACTION: GPU - Setting GPU[0] to 450000000
08-06 13:02:50.666 28492 29818 I art     : Starting a blocking GC Explicit
08-06 13:02:50.692 28492 29818 I art     : Explicit concurrent mark sweep GC freed 1048(120KB) AllocSpace objects, 0(0B) LOS objects, 23% free, 52MB/68MB, paused 565us total 25.367ms
08-06 13:02:50.704 28492 29818 I art     : Starting a blocking GC Explicit
08-06 13:02:50.729 28492 29818 I art     : Explicit concurrent mark sweep GC freed 3(96B) AllocSpace objects, 0(0B) LOS objects, 23% free, 52MB/68MB, paused 531us total 25.254ms
08-06 13:02:50.740 28492 29818 I art     : Starting a blocking GC Explicit
08-06 13:02:50.765 28492 29818 I art     : Explicit concurrent mark sweep GC freed 3(96B) AllocSpace objects, 0(0B) LOS objects, 23% free, 52MB/68MB, paused 532us total 24.905ms
08-06 13:02:50.776 28492 29818 I art     : Starting a blocking GC Explicit
08-06 13:02:50.801 28492 29818 I art     : Explicit concurrent mark sweep GC freed 3(96B) AllocSpace objects, 0(0B) LOS objects, 23% free, 52MB/68MB, paused 527us total 24.812ms
08-06 13:02:51.101 28492 28604 I art     : Starting a blocking GC Explicit
08-06 13:02:51.129 28492 28604 I art     : Explicit concurrent mark sweep GC freed 1343(78KB) AllocSpace objects, 1(20KB) LOS objects, 23% free, 52MB/68MB, paused 619us total 27.764ms
08-06 13:02:51.142 28492 28604 I art     : Starting a blocking GC Explicit
08-06 13:02:51.169 28492 28604 I art     : Explicit concurrent mark sweep GC freed 36(1264B) AllocSpace objects, 0(0B) LOS objects, 23% free, 52MB/68MB, paused 555us total 26.119ms
08-06 13:02:51.180 28492 28604 I art     : Starting a blocking GC Explicit
08-06 13:02:51.206 28492 28604 I art     : Explicit concurrent mark sweep GC freed 3(96B) AllocSpace objects, 0(0B) LOS objects, 23% free, 52MB/68MB, paused 543us total 25.681ms
08-06 13:02:51.217 28492 28604 I art     : Starting a blocking GC Explicit
08-06 13:02:51.243 28492 28604 I art     : Explicit concurrent mark sweep GC freed 3(96B) AllocSpace objects, 0(0B) LOS objects, 23% free, 52MB/68MB, paused 543us total 26.064ms
08-06 13:02:51.254 28492 28604 I art     : Starting a blocking GC Explicit
08-06 13:02:51.280 28492 28604 I art     : Explicit concurrent mark sweep GC freed 3(96B) AllocSpace objects, 0(0B) LOS objects, 23% free, 52MB/68MB, paused 554us total 25.323ms
08-06 13:02:51.333 29105 29105 I ServiceManager: Waiting for service AtCmdFwd...
08-06 13:02:51.618 28492 28514 I art     : Starting a blocking GC Explicit
08-06 13:02:51.649 28492 28514 I art     : Explicit concurrent mark sweep GC freed 1343(78KB) AllocSpace objects, 1(20KB) LOS objects, 23% free, 52MB/68MB, paused 548us total 30.205ms
08-06 13:02:51.662 28492 28514 I art     : Starting a blocking GC Explicit
08-06 13:02:51.690 28492 28514 I art     : Explicit concurrent mark sweep GC freed 20(704B) AllocSpace objects, 0(0B) LOS objects, 23% free, 52MB/68MB, paused 560us total 28.273ms
08-06 13:02:51.701 28492 28514 I art     : Starting a blocking GC Explicit
08-06 13:02:51.730 28492 28514 I art     : Explicit concurrent mark sweep GC freed 3(96B) AllocSpace objects, 0(0B) LOS objects, 23% free, 52MB/68MB, paused 543us total 27.974ms
08-06 13:02:51.741 28492 28514 I art     : Starting a blocking GC Explicit
08-06 13:02:51.769 28492 28514 I art     : Explicit concurrent mark sweep GC freed 3(96B) AllocSpace objects, 0(0B) LOS objects, 23% free, 52MB/68MB, paused 542us total 27.934ms
08-06 13:02:51.780 28492 28514 I art     : Starting a blocking GC Explicit
08-06 13:02:51.808 28492 28514 I art     : Explicit concurrent mark sweep GC freed 3(96B) AllocSpace objects, 0(0B) LOS objects, 23% free, 52MB/68MB, paused 524us total 27.607ms
08-06 13:02:52.147 28492 29818 I art     : Starting a blocking GC Explicit
08-06 13:02:52.182 28492 29818 I art     : Explicit concurrent mark sweep GC freed 1343(78KB) AllocSpace objects, 1(20KB) LOS objects, 23% free, 52MB/68MB, paused 577us total 33.855ms
08-06 13:02:52.195 28492 29818 I art     : Starting a blocking GC Explicit
08-06 13:02:52.223 28492 29818 I art     : Explicit concurrent mark sweep GC freed 20(704B) AllocSpace objects, 0(0B) LOS objects, 23% free, 52MB/68MB, paused 565us total 27.566ms
08-06 13:02:52.234 28492 29818 I art     : Starting a blocking GC Explicit
08-06 13:02:52.262 28492 29818 I art     : Explicit concurrent mark sweep GC freed 3(96B) AllocSpace objects, 0(0B) LOS objects, 23% free, 52MB/68MB, paused 552us total 27.845ms
08-06 13:02:52.274 28492 29818 I art     : Starting a blocking GC Explicit
08-06 13:02:52.302 28492 29818 I art     : Explicit concurrent mark sweep GC freed 3(96B) AllocSpace objects, 0(0B) LOS objects, 23% free, 52MB/68MB, paused 553us total 28.152ms
08-06 13:02:52.313 28492 29818 I art     : Starting a blocking GC Explicit
08-06 13:02:52.334 29105 29105 I ServiceManager: Waiting for service AtCmdFwd...
08-06 13:02:52.340 28492 29818 I art     : Explicit concurrent mark sweep GC freed 3(96B) AllocSpace objects, 0(0B) LOS objects, 23% free, 52MB/68MB, paused 539us total 26.671ms
08-06 13:02:52.671 28492 28513 I art     : Starting a blocking GC Explicit
08-06 13:02:52.705 28492 28513 I art     : Explicit concurrent mark sweep GC freed 1343(78KB) AllocSpace objects, 1(20KB) LOS objects, 23% free, 52MB/68MB, paused 586us total 33.679ms
08-06 13:02:52.720 28492 28513 I art     : Starting a blocking GC Explicit
08-06 13:02:52.746 28492 28513 I art     : Explicit concurrent mark sweep GC freed 20(704B) AllocSpace objects, 0(0B) LOS objects, 23% free, 52MB/68MB, paused 560us total 26.315ms
08-06 13:02:52.758 28492 28513 I art     : Starting a blocking GC Explicit
08-06 13:02:52.785 28492 28513 I art     : Explicit concurrent mark sweep GC freed 3(96B) AllocSpace objects, 0(0B) LOS objects, 23% free, 52MB/68MB, paused 566us total 27.517ms
08-06 13:02:52.797 28492 28513 I art     : Starting a blocking GC Explicit
08-06 13:02:52.825 28492 28513 I art     : Explicit concurrent mark sweep GC freed 3(96B) AllocSpace objects, 0(0B) LOS objects, 23% free, 52MB/68MB, paused 564us total 27.856ms
08-06 13:02:52.836 28492 28513 I art     : Starting a blocking GC Explicit
08-06 13:02:52.863 28492 28513 I art     : Explicit concurrent mark sweep GC freed 3(96B) AllocSpace objects, 0(0B) LOS objects, 23% free, 52MB/68MB, paused 562us total 26.583ms
08-06 13:02:53.193 28492 28605 I art     : Starting a blocking GC Explicit
08-06 13:02:53.225 28492 28605 I art     : Explicit concurrent mark sweep GC freed 1343(78KB) AllocSpace objects, 1(20KB) LOS objects, 23% free, 52MB/68MB, paused 600us total 31.966ms
08-06 13:02:53.238 28492 28605 I art     : Starting a blocking GC Explicit
08-06 13:02:53.267 28492 28605 I art     : Explicit concurrent mark sweep GC freed 20(704B) AllocSpace objects, 0(0B) LOS objects, 23% free, 52MB/68MB, paused 715us total 28.741ms
08-06 13:02:53.278 28492 28605 I art     : Starting a blocking GC Explicit
08-06 13:02:53.307 28492 28605 I art     : Explicit concurrent mark sweep GC freed 3(96B) AllocSpace objects, 0(0B) LOS objects, 23% free, 52MB/68MB, paused 607us total 28.178ms
08-06 13:02:53.318 28492 28605 I art     : Starting a blocking GC Explicit
08-06 13:02:53.335 29105 29105 I ServiceManager: Waiting for service AtCmdFwd...
08-06 13:02:53.345 28492 28605 I art     : Explicit concurrent mark sweep GC freed 3(96B) AllocSpace objects, 0(0B) LOS objects, 23% free, 52MB/68MB, paused 539us total 26.495ms
08-06 13:02:53.356 28492 28605 I art     : Starting a blocking GC Explicit
08-06 13:02:53.384 28492 28605 I art     : Explicit concurrent mark sweep GC freed 3(96B) AllocSpace objects, 0(0B) LOS objects, 23% free, 52MB/68MB, paused 557us total 27.990ms
08-06 13:02:53.663   518   646 I ThermalEngine: ACTION: GPU - Setting GPU[0] to 510000000
08-06 13:02:53.715 28492 28604 I art     : Starting a blocking GC Explicit
08-06 13:02:53.741 28492 28604 I art     : Explicit concurrent mark sweep GC freed 1343(78KB) AllocSpace objects, 1(20KB) LOS objects, 23% free, 52MB/68MB, paused 430us total 26.311ms
08-06 13:02:53.753 28492 28604 I art     : Starting a blocking GC Explicit
08-06 13:02:53.777 28492 28604 I art     : Explicit concurrent mark sweep GC freed 20(704B) AllocSpace objects, 0(0B) LOS objects, 23% free, 52MB/68MB, paused 388us total 23.364ms
08-06 13:02:53.785 28492 28604 I art     : Starting a blocking GC Explicit
08-06 13:02:53.806 28492 28604 I art     : Explicit concurrent mark sweep GC freed 3(96B) AllocSpace objects, 0(0B) LOS objects, 23% free, 52MB/68MB, paused 404us total 20.420ms
08-06 13:02:53.814 28492 28604 I art     : Starting a blocking GC Explicit
08-06 13:02:53.835 28492 28604 I art     : Explicit concurrent mark sweep GC freed 3(96B) AllocSpace objects, 0(0B) LOS objects, 23% free, 52MB/68MB, paused 407us total 20.753ms
08-06 13:02:53.844 28492 28604 I art     : Starting a blocking GC Explicit
08-06 13:02:53.865 28492 28604 I art     : Explicit concurrent mark sweep GC freed 3(96B) AllocSpace objects, 0(0B) LOS objects, 23% free, 52MB/68MB, paused 403us total 20.617ms
08-06 13:02:54.124 28492 28514 I art     : Starting a blocking GC Explicit
08-06 13:02:54.145 28492 28514 I art     : Explicit concurrent mark sweep GC freed 1343(78KB) AllocSpace objects, 1(20KB) LOS objects, 23% free, 52MB/68MB, paused 411us total 20.725ms
08-06 13:02:54.154 28492 28514 I art     : Starting a blocking GC Explicit
08-06 13:02:54.175 28492 28514 I art     : Explicit concurrent mark sweep GC freed 20(704B) AllocSpace objects, 0(0B) LOS objects, 23% free, 52MB/68MB, paused 408us total 20.299ms
08-06 13:02:54.183 28492 28514 I art     : Starting a blocking GC Explicit
08-06 13:02:54.203 28492 28514 I art     : Explicit concurrent mark sweep GC freed 3(96B) AllocSpace objects, 0(0B) LOS objects, 23% free, 52MB/68MB, paused 410us total 20.059ms
08-06 13:02:54.212 28492 28514 I art     : Starting a blocking GC Explicit
08-06 13:02:54.232 28492 28514 I art     : Explicit concurrent mark sweep GC freed 3(96B) AllocSpace objects, 0(0B) LOS objects, 23% free, 52MB/68MB, paused 411us total 19.914ms
08-06 13:02:54.240 28492 28514 I art     : Starting a blocking GC Explicit
08-06 13:02:54.261 28492 28514 I art     : Explicit concurrent mark sweep GC freed 3(96B) AllocSpace objects, 0(0B) LOS objects, 23% free, 52MB/68MB, paused 419us total 20.114ms
08-06 13:02:54.335 29105 29105 W Atfwd_Sendcmd: AtCmdFwd service not published, waiting... retryCnt : 3
08-06 13:02:54.398 29959 29959 D AndroidRuntime: >>>>>> START com.android.internal.os.RuntimeInit uid 2000 <<<<<<
08-06 13:02:54.405 29959 29959 D AndroidRuntime: CheckJNI is OFF
08-06 13:02:54.441 29959 29959 D ICU     : No timezone override file found: /data/misc/zoneinfo/current/icu/icu_tzdata.dat
08-06 13:02:54.473 29959 29959 I Radio-JNI: register_android_hardware_Radio DONE
08-06 13:02:54.495 29959 29959 D AndroidRuntime: Calling main entry com.android.commands.input.Input
08-06 13:02:54.497 29959 29959 I Input   : injectKeyEvent: KeyEvent { action=ACTION_DOWN, keyCode=KEYCODE_BACK, scanCode=0, metaState=0, flags=0x0, repeatCount=0, eventTime=882190910, downTime=882190910, deviceId=-1, source=0x101 }
08-06 13:02:54.504 29959 29959 I Input   : injectKeyEvent: KeyEvent { action=ACTION_UP, keyCode=KEYCODE_BACK, scanCode=0, metaState=0, flags=0x0, repeatCount=0, eventTime=882190910, downTime=882190910, deviceId=-1, source=0x101 }
08-06 13:02:54.523 29959 29959 D AndroidRuntime: Shutting down VM
08-06 13:02:54.558 28492 28514 I art     : Starting a blocking GC Explicit
08-06 13:02:54.566 13866 13866 I GoogleInputMethodServic: GoogleInputMethodService.onFinishInput():3138 
08-06 13:02:54.567 13866 13866 I GoogleInputMethodServic: GoogleInputMethodService.onStartInput():1808 
08-06 13:02:54.579 28492 28514 I art     : Explicit concurrent mark sweep GC freed 1506(85KB) AllocSpace objects, 1(20KB) LOS objects, 23% free, 52MB/68MB, paused 552us total 20.214ms
08-06 13:02:54.587 28492 28514 I art     : Starting a blocking GC Explicit
08-06 13:02:54.608 28492 28514 I art     : Explicit concurrent mark sweep GC freed 30(1040B) AllocSpace objects, 0(0B) LOS objects, 23% free, 52MB/68MB, paused 407us total 20.500ms
08-06 13:02:54.617 28492 28514 I art     : Starting a blocking GC Explicit
08-06 13:02:54.636 28492 28514 I art     : Explicit concurrent mark sweep GC freed 6(224B) AllocSpace objects, 0(0B) LOS objects, 23% free, 52MB/68MB, paused 362us total 18.303ms
08-06 13:02:54.644 28492 28514 I art     : Starting a blocking GC Explicit
08-06 13:02:54.661 28492 28514 I art     : Explicit concurrent mark sweep GC freed 3(96B) AllocSpace objects, 0(0B) LOS objects, 23% free, 52MB/68MB, paused 422us total 17.298ms
08-06 13:02:54.669 28492 28514 I art     : Starting a blocking GC Explicit
08-06 13:02:54.690 28492 28514 I art     : Explicit concurrent mark sweep GC freed 3(96B) AllocSpace objects, 0(0B) LOS objects, 23% free, 52MB/68MB, paused 392us total 20.214ms
08-06 13:02:54.861   380   380 W SurfaceFlinger: couldn't log to binary event log: overflow.
08-06 13:02:54.945 28492 29818 I art     : Starting a blocking GC Explicit
08-06 13:02:54.965 28492 29818 I art     : Explicit concurrent mark sweep GC freed 1452(87KB) AllocSpace objects, 1(20KB) LOS objects, 23% free, 52MB/68MB, paused 394us total 19.559ms
08-06 13:02:54.973 28492 29818 I art     : Starting a blocking GC Explicit
08-06 13:02:54.994 28492 29818 I art     : Explicit concurrent mark sweep GC freed 1672(107KB) AllocSpace objects, 3(400KB) LOS objects, 23% free, 52MB/68MB, paused 423us total 19.941ms
08-06 13:02:55.002 28492 29818 I art     : Starting a blocking GC Explicit
08-06 13:02:55.022 28492 29818 I art     : Explicit concurrent mark sweep GC freed 3(96B) AllocSpace objects, 0(0B) LOS objects, 23% free, 52MB/68MB, paused 400us total 19.763ms
08-06 13:02:55.030 28492 29818 I art     : Starting a blocking GC Explicit
08-06 13:02:55.050 28492 29818 I art     : Explicit concurrent mark sweep GC freed 3(96B) AllocSpace objects, 0(0B) LOS objects, 23% free, 52MB/68MB, paused 409us total 19.875ms
08-06 13:02:55.059 28492 29818 I art     : Starting a blocking GC Explicit
08-06 13:02:55.079 28492 29818 I art     : Explicit concurrent mark sweep GC freed 3(96B) AllocSpace objects, 0(0B) LOS objects, 23% free, 52MB/68MB, paused 404us total 19.689ms
08-06 13:02:55.357 28492 28605 I art     : Starting a blocking GC Explicit
08-06 13:02:55.383 28492 28605 I art     : Explicit concurrent mark sweep GC freed 1705(97KB) AllocSpace objects, 1(20KB) LOS objects, 23% free, 52MB/68MB, paused 500us total 25.618ms
08-06 13:02:55.394 28492 28605 I art     : Starting a blocking GC Explicit
08-06 13:02:55.415 28492 28605 I art     : Explicit concurrent mark sweep GC freed 1768(70KB) AllocSpace objects, 0(0B) LOS objects, 23% free, 52MB/68MB, paused 449us total 20.316ms
08-06 13:02:55.423 28492 28605 I art     : Starting a blocking GC Explicit
08-06 13:02:55.438 28492 30009 W OneSignal: OneSignalRestClient: POST Error thrown from network stack. 
08-06 13:02:55.438 28492 30009 W OneSignal: java.io.IOException: unexpected end of stream on Connection{api.onesignal.com:443, proxy=HTTP@192.168.2.12:8080 hostAddress=192.168.2.12 cipherSuite=TLS_ECDHE_RSA_WITH_AES_128_GCM_SHA256 protocol=http/1.1} (recycle count=0)
08-06 13:02:55.438 28492 30009 W OneSignal: 	at com.android.okhttp.internal.http.HttpConnection.readResponse(HttpConnection.java:210)
08-06 13:02:55.438 28492 30009 W OneSignal: 	at com.android.okhttp.internal.http.HttpTransport.readResponseHeaders(HttpTransport.java:80)
08-06 13:02:55.438 28492 30009 W OneSignal: 	at com.android.okhttp.internal.http.HttpEngine.readNetworkResponse(HttpEngine.java:904)
08-06 13:02:55.438 28492 30009 W OneSignal: 	at com.android.okhttp.internal.http.HttpEngine.readResponse(HttpEngine.java:788)
08-06 13:02:55.438 28492 30009 W OneSignal: 	at com.android.okhttp.internal.huc.HttpURLConnectionImpl.execute(HttpURLConnectionImpl.java:439)
08-06 13:02:55.438 28492 30009 W OneSignal: 	at com.android.okhttp.internal.huc.HttpURLConnectionImpl.getResponse(HttpURLConnectionImpl.java:384)
08-06 13:02:55.438 28492 30009 W OneSignal: 	at com.android.okhttp.internal.huc.HttpURLConnectionImpl.getResponseCode(HttpURLConnectionImpl.java:497)
08-06 13:02:55.438 28492 30009 W OneSignal: 	at com.android.okhttp.internal.huc.DelegatingHttpsURLConnection.getResponseCode(DelegatingHttpsURLConnection.java:105)
08-06 13:02:55.438 28492 30009 W OneSignal: 	at com.android.okhttp.internal.huc.HttpsURLConnectionImpl.getResponseCode(HttpsURLConnectionImpl.java)
08-06 13:02:55.438 28492 30009 W OneSignal: 	at com.onesignal.OneSignalRestClient.startHTTPConnection(OneSignalRestClient.java:180)
08-06 13:02:55.438 28492 30009 W OneSignal: 	at com.onesignal.OneSignalRestClient.access$100(OneSignalRestClient.java:44)
08-06 13:02:55.438 28492 30009 W OneSignal: 	at com.onesignal.OneSignalRestClient$4.run(OneSignalRestClient.java:110)
08-06 13:02:55.438 28492 30009 W OneSignal: 	at java.lang.Thread.run(Thread.java:818)
08-06 13:02:55.438 28492 30009 W OneSignal: Caused by: java.io.EOFException: \n not found: size=0 content=...
08-06 13:02:55.438 28492 30009 W OneSignal: 	at com.android.okhttp.okio.RealBufferedSource.readUtf8LineStrict(RealBufferedSource.java:200)
08-06 13:02:55.438 28492 30009 W OneSignal: 	at com.android.okhttp.internal.http.HttpConnection.readResponse(HttpConnection.java:191)
08-06 13:02:55.438 28492 30009 W OneSignal: 	... 12 more
08-06 13:02:55.439 28492 30014 W OneSignal: Failed last request. statusCode: -1
08-06 13:02:55.439 28492 30014 W OneSignal: response: null
08-06 13:02:55.443 28492 28605 I art     : Explicit concurrent mark sweep GC freed 326(53KB) AllocSpace objects, 0(0B) LOS objects, 23% free, 52MB/68MB, paused 432us total 19.600ms
08-06 13:02:55.451 28492 28605 I art     : Starting a blocking GC Explicit
08-06 13:02:55.471 28492 28605 I art     : Explicit concurrent mark sweep GC freed 244(25KB) AllocSpace objects, 0(0B) LOS objects, 23% free, 52MB/68MB, paused 385us total 19.159ms
08-06 13:02:55.479 28492 28605 I art     : Starting a blocking GC Explicit
08-06 13:02:55.499 28492 28605 I art     : Explicit concurrent mark sweep GC freed 3(96B) AllocSpace objects, 0(0B) LOS objects, 23% free, 52MB/68MB, paused 403us total 19.738ms
08-06 13:02:55.783 28492 28513 I art     : Starting a blocking GC Explicit
08-06 13:02:55.804 28492 28513 I art     : Explicit concurrent mark sweep GC freed 1342(78KB) AllocSpace objects, 1(20KB) LOS objects, 23% free, 52MB/68MB, paused 422us total 20.158ms
08-06 13:02:55.812 28492 28513 I art     : Starting a blocking GC Explicit
08-06 13:02:55.832 28492 28513 I art     : Explicit concurrent mark sweep GC freed 20(704B) AllocSpace objects, 0(0B) LOS objects, 23% free, 52MB/68MB, paused 420us total 19.888ms
08-06 13:02:55.841 28492 28513 I art     : Starting a blocking GC Explicit
08-06 13:02:55.860 28492 28513 I art     : Explicit concurrent mark sweep GC freed 3(96B) AllocSpace objects, 0(0B) LOS objects, 23% free, 52MB/68MB, paused 398us total 18.663ms
08-06 13:02:55.868 28492 28513 I art     : Starting a blocking GC Explicit
08-06 13:02:55.887 28492 28513 I art     : Explicit concurrent mark sweep GC freed 3(96B) AllocSpace objects, 0(0B) LOS objects, 23% free, 52MB/68MB, paused 442us total 18.901ms
08-06 13:02:55.895 28492 28513 I art     : Starting a blocking GC Explicit
08-06 13:02:55.915 28492 28513 I art     : Explicit concurrent mark sweep GC freed 3(96B) AllocSpace objects, 0(0B) LOS objects, 23% free, 52MB/68MB, paused 411us total 19.012ms
08-06 13:02:56.182 28492 28604 I art     : Starting a blocking GC Explicit
08-06 13:02:56.185 30025 30025 D AndroidRuntime: >>>>>> START com.android.internal.os.RuntimeInit uid 2000 <<<<<<
08-06 13:02:56.190 30025 30025 D AndroidRuntime: CheckJNI is OFF
08-06 13:02:56.203 28492 28604 I art     : Explicit concurrent mark sweep GC freed 1342(78KB) AllocSpace objects, 1(20KB) LOS objects, 23% free, 52MB/68MB, paused 501us total 20.580ms
08-06 13:02:56.211 28492 28604 I art     : Starting a blocking GC Explicit
08-06 13:02:56.227 30025 30025 D ICU     : No timezone override file found: /data/misc/zoneinfo/current/icu/icu_tzdata.dat
08-06 13:02:56.231 28492 28604 I art     : Explicit concurrent mark sweep GC freed 20(704B) AllocSpace objects, 0(0B) LOS objects, 23% free, 52MB/68MB, paused 467us total 18.990ms
08-06 13:02:56.239 28492 28604 I art     : Starting a blocking GC Explicit
08-06 13:02:56.257 28492 28604 I art     : Explicit concurrent mark sweep GC freed 3(96B) AllocSpace objects, 0(0B) LOS objects, 23% free, 52MB/68MB, paused 441us total 17.790ms
08-06 13:02:56.262 30025 30025 I Radio-JNI: register_android_hardware_Radio DONE
08-06 13:02:56.265 28492 28604 I art     : Starting a blocking GC Explicit
08-06 13:02:56.283 30025 30025 D AndroidRuntime: Calling main entry com.android.commands.input.Input
08-06 13:02:56.283 28492 28604 I art     : Explicit concurrent mark sweep GC freed 3(96B) AllocSpace objects, 0(0B) LOS objects, 23% free, 52MB/68MB, paused 392us total 18.075ms
08-06 13:02:56.285 30025 30025 I Input   : injectKeyEvent: KeyEvent { action=ACTION_DOWN, keyCode=KEYCODE_BACK, scanCode=0, metaState=0, flags=0x0, repeatCount=0, eventTime=882192698, downTime=882192698, deviceId=-1, source=0x101 }
08-06 13:02:56.292 28492 28604 I art     : Starting a blocking GC Explicit
08-06 13:02:56.294 30025 30025 I Input   : injectKeyEvent: KeyEvent { action=ACTION_UP, keyCode=KEYCODE_BACK, scanCode=0, metaState=0, flags=0x0, repeatCount=0, eventTime=882192698, downTime=882192698, deviceId=-1, source=0x101 }
08-06 13:02:56.301 30025 30025 D AndroidRuntime: Shutting down VM
08-06 13:02:56.310 28492 28604 I art     : Explicit concurrent mark sweep GC freed 139(6KB) AllocSpace objects, 0(0B) LOS objects, 23% free, 52MB/68MB, paused 424us total 18.080ms
08-06 13:02:56.338 13866 13866 I GoogleInputMethodServic: GoogleInputMethodService.onFinishInput():3138 
08-06 13:02:56.338 13866 13866 I GoogleInputMethodServic: GoogleInputMethodService.onStartInput():1808 
08-06 13:02:56.572 28492 28604 I art     : Starting a blocking GC Explicit
08-06 13:02:56.595 28492 28604 I art     : Explicit concurrent mark sweep GC freed 1416(80KB) AllocSpace objects, 1(20KB) LOS objects, 23% free, 52MB/68MB, paused 411us total 23.043ms
08-06 13:02:56.606 28492 28604 I art     : Starting a blocking GC Explicit
08-06 13:02:56.626 28492 28604 I art     : Explicit concurrent mark sweep GC freed 24(864B) AllocSpace objects, 0(0B) LOS objects, 23% free, 52MB/68MB, paused 403us total 19.070ms
08-06 13:02:56.634 28492 28604 I art     : Starting a blocking GC Explicit
08-06 13:02:56.653 28492 28604 I art     : Explicit concurrent mark sweep GC freed 1064(51KB) AllocSpace objects, 0(0B) LOS objects, 23% free, 52MB/68MB, paused 372us total 18.608ms
08-06 13:02:56.661 28492 28604 I art     : Starting a blocking GC Explicit
08-06 13:02:56.679 28492 28604 I art     : Explicit concurrent mark sweep GC freed 144(7KB) AllocSpace objects, 0(0B) LOS objects, 23% free, 52MB/68MB, paused 397us total 17.791ms
08-06 13:02:56.687 28492 28604 I art     : Starting a blocking GC Explicit
08-06 13:02:56.704 28492 28604 I art     : Explicit concurrent mark sweep GC freed 1945(120KB) AllocSpace objects, 2(140KB) LOS objects, 23% free, 51MB/67MB, paused 392us total 17.444ms
08-06 13:02:56.990 28492 29818 I art     : Starting a blocking GC Explicit
08-06 13:02:57.014 28492 29818 I art     : Explicit concurrent mark sweep GC freed 1342(78KB) AllocSpace objects, 1(20KB) LOS objects, 23% free, 51MB/67MB, paused 444us total 24.310ms
08-06 13:02:57.026 28492 29818 I art     : Starting a blocking GC Explicit
08-06 13:02:57.049 28492 29818 I art     : Explicit concurrent mark sweep GC freed 20(704B) AllocSpace objects, 0(0B) LOS objects, 23% free, 51MB/67MB, paused 443us total 23.164ms
08-06 13:02:57.060 28492 29818 I art     : Starting a blocking GC Explicit
08-06 13:02:57.079 28492 29818 I art     : Explicit concurrent mark sweep GC freed 3(96B) AllocSpace objects, 0(0B) LOS objects, 23% free, 51MB/67MB, paused 409us total 19.218ms
08-06 13:02:57.088 28492 29818 I art     : Starting a blocking GC Explicit
08-06 13:02:57.107 28492 29818 I art     : Explicit concurrent mark sweep GC freed 3(96B) AllocSpace objects, 0(0B) LOS objects, 23% free, 51MB/67MB, paused 488us total 19.167ms
08-06 13:02:57.115 28492 29818 I art     : Starting a blocking GC Explicit
08-06 13:02:57.135 28492 29818 I art     : Explicit concurrent mark sweep GC freed 3(96B) AllocSpace objects, 0(0B) LOS objects, 23% free, 51MB/67MB, paused 467us total 19.193ms
08-06 13:02:57.424 28492 28514 I art     : Starting a blocking GC Explicit
08-06 13:02:57.449 28492 28514 I art     : Explicit concurrent mark sweep GC freed 1340(78KB) AllocSpace objects, 1(20KB) LOS objects, 23% free, 51MB/67MB, paused 413us total 25.014ms
08-06 13:02:57.458 28492 28514 I art     : Starting a blocking GC Explicit
08-06 13:02:57.477 28492 28514 I art     : Explicit concurrent mark sweep GC freed 20(704B) AllocSpace objects, 0(0B) LOS objects, 23% free, 51MB/67MB, paused 419us total 18.435ms
08-06 13:02:57.485 28492 28514 I art     : Starting a blocking GC Explicit
08-06 13:02:57.504 28492 28514 I art     : Explicit concurrent mark sweep GC freed 3(96B) AllocSpace objects, 0(0B) LOS objects, 23% free, 51MB/67MB, paused 386us total 18.400ms
08-06 13:02:57.512 28492 28514 I art     : Starting a blocking GC Explicit
08-06 13:02:57.531 28492 28514 I art     : Explicit concurrent mark sweep GC freed 3(96B) AllocSpace objects, 0(0B) LOS objects, 23% free, 51MB/67MB, paused 395us total 18.388ms
08-06 13:02:57.539 28492 28514 I art     : Starting a blocking GC Explicit
08-06 13:02:57.558 28492 28514 I art     : Explicit concurrent mark sweep GC freed 3(96B) AllocSpace objects, 0(0B) LOS objects, 23% free, 51MB/67MB, paused 407us total 18.014ms
08-06 13:02:57.827 28492 28605 I art     : Starting a blocking GC Explicit
08-06 13:02:57.846 28492 28605 I art     : Explicit concurrent mark sweep GC freed 1340(78KB) AllocSpace objects, 1(20KB) LOS objects, 23% free, 51MB/67MB, paused 414us total 19.525ms
08-06 13:02:57.855 28492 28605 I art     : Starting a blocking GC Explicit
08-06 13:02:57.874 28492 28605 I art     : Explicit concurrent mark sweep GC freed 20(704B) AllocSpace objects, 0(0B) LOS objects, 23% free, 51MB/67MB, paused 402us total 18.681ms
08-06 13:02:57.882 28492 28605 I art     : Starting a blocking GC Explicit
08-06 13:02:57.901 28492 28605 I art     : Explicit concurrent mark sweep GC freed 3(96B) AllocSpace objects, 0(0B) LOS objects, 23% free, 51MB/67MB, paused 416us total 18.665ms
08-06 13:02:57.910 28492 28605 I art     : Starting a blocking GC Explicit
08-06 13:02:57.928 28492 28605 I art     : Explicit concurrent mark sweep GC freed 3(96B) AllocSpace objects, 0(0B) LOS objects, 23% free, 51MB/67MB, paused 406us total 17.851ms
08-06 13:02:57.936 28492 28605 I art     : Starting a blocking GC Explicit
08-06 13:02:57.954 28492 28605 I art     : Explicit concurrent mark sweep GC freed 3(96B) AllocSpace objects, 0(0B) LOS objects, 23% free, 51MB/67MB, paused 413us total 17.947ms
08-06 13:02:57.965 30078 30078 D AndroidRuntime: >>>>>> START com.android.internal.os.RuntimeInit uid 2000 <<<<<<
08-06 13:02:57.970 30078 30078 D AndroidRuntime: CheckJNI is OFF
08-06 13:02:58.003 30078 30078 D ICU     : No timezone override file found: /data/misc/zoneinfo/current/icu/icu_tzdata.dat
08-06 13:02:58.037 30078 30078 I Radio-JNI: register_android_hardware_Radio DONE
08-06 13:02:58.059 30078 30078 D AndroidRuntime: Calling main entry com.android.commands.input.Input
08-06 13:02:58.061 30078 30078 I Input   : injectMotionEvent: MotionEvent { action=ACTION_DOWN, actionButton=0, id[0]=0, x[0]=337.0, y[0]=1104.0, toolType[0]=TOOL_TYPE_UNKNOWN, buttonState=0, metaState=0, flags=0x0, edgeFlags=0x0, pointerCount=1, historySize=0, eventTime=882194474, downTime=882194474, deviceId=0, source=0x1002 }
08-06 13:02:58.067 30078 30078 I Input   : injectMotionEvent: MotionEvent { action=ACTION_UP, actionButton=0, id[0]=0, x[0]=337.0, y[0]=1104.0, toolType[0]=TOOL_TYPE_UNKNOWN, buttonState=0, metaState=0, flags=0x0, edgeFlags=0x0, pointerCount=1, historySize=0, eventTime=882194474, downTime=882194474, deviceId=0, source=0x1002 }
08-06 13:02:58.069   918  5952 I ActivityManager: START u0 {cmp=baseline.appteam.nith.hillffair/.activities.BattleDayActivity} from uid 10697 on display 0
08-06 13:02:58.076 30078 30078 D AndroidRuntime: Shutting down VM
08-06 13:02:58.155 13866 13866 I GoogleInputMethodServic: GoogleInputMethodService.onFinishInput():3138 
08-06 13:02:58.156 13866 13866 I GoogleInputMethodServic: GoogleInputMethodService.onStartInput():1808 
08-06 13:02:58.182   918   936 I ActivityManager: Displayed baseline.appteam.nith.hillffair/.activities.BattleDayActivity: +106ms
08-06 13:02:58.216 28492 28513 I art     : Starting a blocking GC Explicit
08-06 13:02:58.236 28492 28513 I art     : Explicit concurrent mark sweep GC freed 6366(383KB) AllocSpace objects, 1(20KB) LOS objects, 23% free, 52MB/68MB, paused 425us total 19.950ms
08-06 13:02:58.244 28492 28513 I art     : Starting a blocking GC Explicit
08-06 13:02:58.263 28492 28513 I art     : Explicit concurrent mark sweep GC freed 260(11KB) AllocSpace objects, 0(0B) LOS objects, 23% free, 52MB/68MB, paused 448us total 18.507ms
08-06 13:02:58.272 28492 28513 I art     : Starting a blocking GC Explicit
08-06 13:02:58.289 28492 28513 I art     : Explicit concurrent mark sweep GC freed 3(96B) AllocSpace objects, 0(0B) LOS objects, 23% free, 52MB/68MB, paused 450us total 17.541ms
08-06 13:02:58.297 28492 28513 I art     : Starting a blocking GC Explicit
08-06 13:02:58.315 28492 28513 I art     : Explicit concurrent mark sweep GC freed 3(96B) AllocSpace objects, 0(0B) LOS objects, 23% free, 52MB/68MB, paused 405us total 17.255ms
08-06 13:02:58.324 28492 28513 I art     : Starting a blocking GC Explicit
08-06 13:02:58.345 28492 28513 I art     : Explicit concurrent mark sweep GC freed 3(96B) AllocSpace objects, 0(0B) LOS objects, 23% free, 52MB/68MB, paused 471us total 20.236ms
08-06 13:02:58.587 28492 28604 I art     : Starting a blocking GC Explicit
08-06 13:02:58.609 28492 28604 I art     : Explicit concurrent mark sweep GC freed 3291(190KB) AllocSpace objects, 3(140KB) LOS objects, 23% free, 52MB/68MB, paused 763us total 21.502ms
08-06 13:02:58.618 28492 28604 I art     : Starting a blocking GC Explicit
08-06 13:02:58.618 28492 30103 D OkHttp  : --> GET https://api-hillfair-2k16.herokuapp.com/api/app/events/special http/1.1
08-06 13:02:58.637 28492 28604 I art     : Explicit concurrent mark sweep GC freed 1660(140KB) AllocSpace objects, 1(80KB) LOS objects, 23% free, 52MB/68MB, paused 538us total 18.907ms
08-06 13:02:58.645 28492 28604 I art     : Starting a blocking GC Explicit
08-06 13:02:58.653 28492 30103 D OkHttp  : <-- 200 OK https://api-hillfair-2k16.herokuapp.com/api/app/events/special (34ms, 554-byte body)
08-06 13:02:58.664 28492 28604 I art     : Explicit concurrent mark sweep GC freed 180(34KB) AllocSpace objects, 0(0B) LOS objects, 23% free, 52MB/68MB, paused 428us total 18.525ms
08-06 13:02:58.672 28492 28604 I art     : Starting a blocking GC Explicit
08-06 13:02:58.690 28492 28604 I art     : Explicit concurrent mark sweep GC freed 94(3KB) AllocSpace objects, 0(0B) LOS objects, 23% free, 52MB/68MB, paused 497us total 18.186ms
08-06 13:02:58.698 28492 28604 I art     : Starting a blocking GC Explicit
08-06 13:02:58.701 28492 28492 I NAPPA_EXPERIMENTATION: MetricNetworkRequestExecutionTime: REQUEST_DURATION_SYSTEM='595',REQUEST_DURATION_OKHTTP='34',REQUEST_SYNCHRONOUS='FALSE',RESPONSE_CODE='200',RESPONSE_METHOD='GET',RESPONSE_LENGTH_OKHTTP='554',RESPONSE_LENGTH_HEADER='554',REQUEST_PROTOCOL='http/1.1',REQUEST_URL='https://api-hillfair-2k16.herokuapp.com/api/app/events/special',
08-06 13:02:58.717 28492 28604 I art     : Explicit concurrent mark sweep GC freed 451(53KB) AllocSpace objects, 0(0B) LOS objects, 23% free, 52MB/68MB, paused 521us total 18.778ms
08-06 13:02:59.005 28492 28604 I art     : Starting a blocking GC Explicit
08-06 13:02:59.032 28492 28604 I art     : Explicit concurrent mark sweep GC freed 1751(93KB) AllocSpace objects, 1(20KB) LOS objects, 23% free, 52MB/68MB, paused 468us total 26.266ms
08-06 13:02:59.043 28492 28604 I art     : Starting a blocking GC Explicit
08-06 13:02:59.064 28492 28604 I art     : Explicit concurrent mark sweep GC freed 55(2528B) AllocSpace objects, 0(0B) LOS objects, 23% free, 52MB/68MB, paused 424us total 20.333ms
08-06 13:02:59.072 28492 28604 I art     : Starting a blocking GC Explicit
08-06 13:02:59.092 28492 28604 I art     : Explicit concurrent mark sweep GC freed 3(96B) AllocSpace objects, 0(0B) LOS objects, 23% free, 52MB/68MB, paused 482us total 19.798ms
08-06 13:02:59.101 28492 28604 I art     : Starting a blocking GC Explicit
08-06 13:02:59.121 28492 28604 I art     : Explicit concurrent mark sweep GC freed 3(96B) AllocSpace objects, 0(0B) LOS objects, 23% free, 52MB/68MB, paused 430us total 20.312ms
08-06 13:02:59.131 28492 28604 I art     : Starting a blocking GC Explicit
08-06 13:02:59.151 28492 28604 I art     : Explicit concurrent mark sweep GC freed 3(96B) AllocSpace objects, 0(0B) LOS objects, 23% free, 52MB/68MB, paused 432us total 19.955ms
08-06 13:02:59.438 28492 28513 I art     : Starting a blocking GC Explicit
08-06 13:02:59.467 28492 28513 I art     : Explicit concurrent mark sweep GC freed 1342(78KB) AllocSpace objects, 1(20KB) LOS objects, 23% free, 52MB/68MB, paused 503us total 28.029ms
08-06 13:02:59.480 28492 28513 I art     : Starting a blocking GC Explicit
08-06 13:02:59.501 28492 28513 I art     : Explicit concurrent mark sweep GC freed 20(704B) AllocSpace objects, 0(0B) LOS objects, 23% free, 52MB/68MB, paused 448us total 20.682ms
08-06 13:02:59.507   918  3188 I hubconnection: sensorhub said: 'set_bias 3: -5.7408, 0.0000, 0.0000'
08-06 13:02:59.509 28492 28513 I art     : Starting a blocking GC Explicit
08-06 13:02:59.530 28492 28513 I art     : Explicit concurrent mark sweep GC freed 3(96B) AllocSpace objects, 0(0B) LOS objects, 23% free, 52MB/68MB, paused 429us total 20.280ms
08-06 13:02:59.538 28492 28513 I art     : Starting a blocking GC Explicit
08-06 13:02:59.559 28492 28513 I art     : Explicit concurrent mark sweep GC freed 3(96B) AllocSpace objects, 0(0B) LOS objects, 23% free, 52MB/68MB, paused 438us total 20.678ms
08-06 13:02:59.568 28492 28513 I art     : Starting a blocking GC Explicit
08-06 13:02:59.588 28492 28513 I art     : Explicit concurrent mark sweep GC freed 3(96B) AllocSpace objects, 0(0B) LOS objects, 23% free, 52MB/68MB, paused 433us total 20.073ms
08-06 13:02:59.675   518   646 I ThermalEngine: ACTION: GPU - Setting GPU[0] to 450000000
08-06 13:02:59.886 28492 29818 I art     : Starting a blocking GC Explicit
08-06 13:02:59.923 28492 29818 I art     : Explicit concurrent mark sweep GC freed 1342(78KB) AllocSpace objects, 1(20KB) LOS objects, 23% free, 52MB/68MB, paused 665us total 36.588ms
08-06 13:02:59.939 28492 29818 I art     : Starting a blocking GC Explicit
08-06 13:02:59.967 28492 29818 I art     : Explicit concurrent mark sweep GC freed 20(704B) AllocSpace objects, 0(0B) LOS objects, 23% free, 52MB/68MB, paused 742us total 27.490ms
08-06 13:02:59.978 28492 29818 I art     : Starting a blocking GC Explicit
08-06 13:03:00.006 28492 29818 I art     : Explicit concurrent mark sweep GC freed 3(96B) AllocSpace objects, 0(0B) LOS objects, 23% free, 52MB/68MB, paused 598us total 26.910ms
08-06 13:03:00.017 28492 29818 I art     : Starting a blocking GC Explicit
08-06 13:03:00.041 28492 29818 I art     : Explicit concurrent mark sweep GC freed 3(96B) AllocSpace objects, 0(0B) LOS objects, 23% free, 52MB/68MB, paused 542us total 24.079ms
08-06 13:03:00.052 28492 29818 I art     : Starting a blocking GC Explicit
08-06 13:03:00.074 28492 29818 I art     : Explicit concurrent mark sweep GC freed 3(96B) AllocSpace objects, 0(0B) LOS objects, 23% free, 52MB/68MB, paused 523us total 22.385ms
08-06 13:03:00.401 28492 28514 I art     : Starting a blocking GC Explicit
08-06 13:03:00.433 28492 28514 I art     : Explicit concurrent mark sweep GC freed 1342(78KB) AllocSpace objects, 1(20KB) LOS objects, 23% free, 52MB/68MB, paused 596us total 31.716ms
08-06 13:03:00.447 28492 28514 I art     : Starting a blocking GC Explicit
08-06 13:03:00.477 28492 28514 I art     : Explicit concurrent mark sweep GC freed 20(704B) AllocSpace objects, 0(0B) LOS objects, 23% free, 52MB/68MB, paused 720us total 29.387ms
08-06 13:03:00.488 28492 28514 I art     : Starting a blocking GC Explicit
08-06 13:03:00.516 28492 28514 I art     : Explicit concurrent mark sweep GC freed 3(96B) AllocSpace objects, 0(0B) LOS objects, 23% free, 52MB/68MB, paused 587us total 27.848ms
08-06 13:03:00.528 28492 28514 I art     : Starting a blocking GC Explicit
08-06 13:03:00.553 28492 28514 I art     : Explicit concurrent mark sweep GC freed 3(96B) AllocSpace objects, 0(0B) LOS objects, 23% free, 52MB/68MB, paused 532us total 25.237ms
08-06 13:03:00.564 28492 28514 I art     : Starting a blocking GC Explicit
08-06 13:03:00.592 28492 28514 I art     : Explicit concurrent mark sweep GC freed 3(96B) AllocSpace objects, 0(0B) LOS objects, 23% free, 52MB/68MB, paused 564us total 27.502ms
08-06 13:03:00.931 28492 28605 I art     : Starting a blocking GC Explicit
08-06 13:03:00.964 28492 28605 I art     : Explicit concurrent mark sweep GC freed 1342(78KB) AllocSpace objects, 1(20KB) LOS objects, 23% free, 52MB/68MB, paused 626us total 33.548ms
08-06 13:03:00.978 28492 28605 I art     : Starting a blocking GC Explicit
08-06 13:03:01.006 28492 28605 I art     : Explicit concurrent mark sweep GC freed 20(704B) AllocSpace objects, 0(0B) LOS objects, 23% free, 52MB/68MB, paused 580us total 27.740ms
08-06 13:03:01.017 28492 28605 I art     : Starting a blocking GC Explicit
08-06 13:03:01.044 28492 28605 I art     : Explicit concurrent mark sweep GC freed 3(96B) AllocSpace objects, 0(0B) LOS objects, 23% free, 52MB/68MB, paused 575us total 26.539ms
08-06 13:03:01.055 28492 28605 I art     : Starting a blocking GC Explicit
08-06 13:03:01.083 28492 28605 I art     : Explicit concurrent mark sweep GC freed 3(96B) AllocSpace objects, 0(0B) LOS objects, 23% free, 52MB/68MB, paused 586us total 27.782ms
08-06 13:03:01.094 28492 28605 I art     : Starting a blocking GC Explicit
08-06 13:03:01.122 28492 28605 I art     : Explicit concurrent mark sweep GC freed 3(96B) AllocSpace objects, 0(0B) LOS objects, 23% free, 52MB/68MB, paused 596us total 27.602ms
08-06 13:03:01.475 28492 28604 I art     : Starting a blocking GC Explicit
08-06 13:03:01.510 28492 28604 I art     : Explicit concurrent mark sweep GC freed 1342(78KB) AllocSpace objects, 1(20KB) LOS objects, 23% free, 52MB/68MB, paused 627us total 35.248ms
08-06 13:03:01.526 28492 28604 I art     : Starting a blocking GC Explicit
08-06 13:03:01.553 28492 28604 I art     : Explicit concurrent mark sweep GC freed 20(704B) AllocSpace objects, 0(0B) LOS objects, 23% free, 52MB/68MB, paused 561us total 26.710ms
08-06 13:03:01.564 28492 28604 I art     : Starting a blocking GC Explicit
08-06 13:03:01.590 28492 28604 I art     : Explicit concurrent mark sweep GC freed 3(96B) AllocSpace objects, 0(0B) LOS objects, 23% free, 52MB/68MB, paused 566us total 25.124ms
08-06 13:03:01.601 28492 28604 I art     : Starting a blocking GC Explicit
08-06 13:03:01.626 28492 28604 I art     : Explicit concurrent mark sweep GC freed 3(96B) AllocSpace objects, 0(0B) LOS objects, 23% free, 52MB/68MB, paused 580us total 24.809ms
08-06 13:03:01.637 28492 28604 I art     : Starting a blocking GC Explicit
08-06 13:03:01.662 28492 28604 I art     : Explicit concurrent mark sweep GC freed 3(96B) AllocSpace objects, 0(0B) LOS objects, 23% free, 52MB/68MB, paused 556us total 24.871ms
08-06 13:03:01.678   518   646 I ThermalEngine: ACTION: GPU - Setting GPU[0] to 510000000
08-06 13:03:01.726   918  3261 D WifiStateMachine: starting scan for "H369AA63323"WPA_PSK with 2412,5180
08-06 13:03:01.993 28492 28513 I art     : Starting a blocking GC Explicit
08-06 13:03:02.023 28492 28513 I art     : Explicit concurrent mark sweep GC freed 1342(78KB) AllocSpace objects, 1(20KB) LOS objects, 23% free, 52MB/68MB, paused 509us total 29.701ms
08-06 13:03:02.036 28492 28513 I art     : Starting a blocking GC Explicit
08-06 13:03:02.059 28492 28513 I art     : Explicit concurrent mark sweep GC freed 20(704B) AllocSpace objects, 0(0B) LOS objects, 23% free, 52MB/68MB, paused 421us total 22.370ms
08-06 13:03:02.068 28492 28513 I art     : Starting a blocking GC Explicit
08-06 13:03:02.088 28492 28513 I art     : Explicit concurrent mark sweep GC freed 3(96B) AllocSpace objects, 0(0B) LOS objects, 23% free, 52MB/68MB, paused 435us total 20.381ms
08-06 13:03:02.097 28492 28513 I art     : Starting a blocking GC Explicit
08-06 13:03:02.117 28492 28513 I art     : Explicit concurrent mark sweep GC freed 3(96B) AllocSpace objects, 0(0B) LOS objects, 23% free, 52MB/68MB, paused 455us total 20.123ms
08-06 13:03:02.126 28492 28513 I art     : Starting a blocking GC Explicit
08-06 13:03:02.146 28492 28513 I art     : Explicit concurrent mark sweep GC freed 3(96B) AllocSpace objects, 0(0B) LOS objects, 23% free, 52MB/68MB, paused 431us total 20.361ms
08-06 13:03:02.437 28492 29818 I art     : Starting a blocking GC Explicit
08-06 13:03:02.458 28492 29818 I art     : Explicit concurrent mark sweep GC freed 1342(78KB) AllocSpace objects, 1(20KB) LOS objects, 23% free, 52MB/68MB, paused 456us total 20.572ms
08-06 13:03:02.466 28492 29818 I art     : Starting a blocking GC Explicit
08-06 13:03:02.486 28492 29818 I art     : Explicit concurrent mark sweep GC freed 20(704B) AllocSpace objects, 0(0B) LOS objects, 23% free, 52MB/68MB, paused 431us total 19.572ms
08-06 13:03:02.494 28492 29818 I art     : Starting a blocking GC Explicit
08-06 13:03:02.514 28492 29818 I art     : Explicit concurrent mark sweep GC freed 3(96B) AllocSpace objects, 0(0B) LOS objects, 23% free, 52MB/68MB, paused 438us total 19.287ms
08-06 13:03:02.522 28492 29818 I art     : Starting a blocking GC Explicit
08-06 13:03:02.542 28492 29818 I art     : Explicit concurrent mark sweep GC freed 3(96B) AllocSpace objects, 0(0B) LOS objects, 23% free, 52MB/68MB, paused 426us total 19.357ms
08-06 13:03:02.550 28492 29818 I art     : Starting a blocking GC Explicit
08-06 13:03:02.570 28492 29818 I art     : Explicit concurrent mark sweep GC freed 3(96B) AllocSpace objects, 0(0B) LOS objects, 23% free, 52MB/68MB, paused 431us total 19.399ms
08-06 13:03:02.748 30197 30197 D AndroidRuntime: >>>>>> START com.android.internal.os.RuntimeInit uid 2000 <<<<<<
08-06 13:03:02.754 30197 30197 D AndroidRuntime: CheckJNI is OFF
08-06 13:03:02.788 30197 30197 D ICU     : No timezone override file found: /data/misc/zoneinfo/current/icu/icu_tzdata.dat
08-06 13:03:02.820 30197 30197 I Radio-JNI: register_android_hardware_Radio DONE
08-06 13:03:02.842 30197 30197 D AndroidRuntime: Calling main entry com.android.commands.input.Input
08-06 13:03:02.844 30197 30197 I Input   : injectMotionEvent: MotionEvent { action=ACTION_DOWN, actionButton=0, id[0]=0, x[0]=733.0, y[0]=645.0, toolType[0]=TOOL_TYPE_UNKNOWN, buttonState=0, metaState=0, flags=0x0, edgeFlags=0x0, pointerCount=1, historySize=0, eventTime=882199257, downTime=882199257, deviceId=0, source=0x1002 }
08-06 13:03:02.849 30197 30197 I Input   : injectMotionEvent: MotionEvent { action=ACTION_UP, actionButton=0, id[0]=0, x[0]=733.0, y[0]=645.0, toolType[0]=TOOL_TYPE_UNKNOWN, buttonState=0, metaState=0, flags=0x0, edgeFlags=0x0, pointerCount=1, historySize=0, eventTime=882199257, downTime=882199257, deviceId=0, source=0x1002 }
08-06 13:03:02.850   918  4400 I ActivityManager: START u0 {cmp=baseline.appteam.nith.hillffair/.activities.ClubActivity (has extras)} from uid 10697 on display 0
08-06 13:03:02.853 28492 28514 I art     : Starting a blocking GC Explicit
08-06 13:03:02.858 30197 30197 D AndroidRuntime: Shutting down VM
08-06 13:03:02.875 28492 28514 I art     : Explicit concurrent mark sweep GC freed 1499(92KB) AllocSpace objects, 1(20KB) LOS objects, 23% free, 52MB/68MB, paused 717us total 21.473ms
08-06 13:03:02.883 28492 28514 I art     : Starting a blocking GC Explicit
08-06 13:03:02.904 28492 28514 I art     : Explicit concurrent mark sweep GC freed 3549(229KB) AllocSpace objects, 0(0B) LOS objects, 23% free, 52MB/68MB, paused 531us total 20.634ms
08-06 13:03:02.912 28492 28514 I art     : Starting a blocking GC Explicit
08-06 13:03:02.930 28492 28514 I art     : Explicit concurrent mark sweep GC freed 323(13KB) AllocSpace objects, 0(0B) LOS objects, 23% free, 52MB/68MB, paused 664us total 17.963ms
08-06 13:03:02.938 28492 28514 I art     : Starting a blocking GC Explicit
08-06 13:03:02.941   918   936 I ActivityManager: Displayed baseline.appteam.nith.hillffair/.activities.ClubActivity: +83ms
08-06 13:03:02.943 13866 13866 I GoogleInputMethodServic: GoogleInputMethodService.onFinishInput():3138 
08-06 13:03:02.944 13866 13866 I GoogleInputMethodServic: GoogleInputMethodService.onStartInput():1808 
08-06 13:03:02.957 28492 28514 I art     : Explicit concurrent mark sweep GC freed 70(2672B) AllocSpace objects, 0(0B) LOS objects, 23% free, 52MB/68MB, paused 489us total 18.319ms
08-06 13:03:02.966 28492 28514 I art     : Starting a blocking GC Explicit
08-06 13:03:02.985 28492 28514 I art     : Explicit concurrent mark sweep GC freed 12(464B) AllocSpace objects, 0(0B) LOS objects, 23% free, 52MB/68MB, paused 446us total 18.615ms
08-06 13:03:03.196   380   380 W SurfaceFlinger: couldn't log to binary event log: overflow.
08-06 13:03:03.241 28492 29818 I art     : Starting a blocking GC Explicit
08-06 13:03:03.261 28492 29818 I art     : Explicit concurrent mark sweep GC freed 1420(83KB) AllocSpace objects, 1(20KB) LOS objects, 23% free, 52MB/68MB, paused 432us total 19.786ms
08-06 13:03:03.269 28492 29818 I art     : Starting a blocking GC Explicit
08-06 13:03:03.289 28492 29818 I art     : Explicit concurrent mark sweep GC freed 20(704B) AllocSpace objects, 0(0B) LOS objects, 23% free, 52MB/68MB, paused 441us total 19.003ms
08-06 13:03:03.298 28492 29818 I art     : Starting a blocking GC Explicit
08-06 13:03:03.317 28492 29818 I art     : Explicit concurrent mark sweep GC freed 3(96B) AllocSpace objects, 0(0B) LOS objects, 23% free, 52MB/68MB, paused 483us total 19.534ms
08-06 13:03:03.327 28492 29818 I art     : Starting a blocking GC Explicit
08-06 13:03:03.351 28492 29818 I art     : Explicit concurrent mark sweep GC freed 110(6KB) AllocSpace objects, 0(0B) LOS objects, 23% free, 52MB/68MB, paused 483us total 23.960ms
08-06 13:03:03.360 28492 29818 I art     : Starting a blocking GC Explicit
08-06 13:03:03.380 28492 29818 I art     : Explicit concurrent mark sweep GC freed 13(480B) AllocSpace objects, 0(0B) LOS objects, 23% free, 52MB/68MB, paused 474us total 20.467ms
08-06 13:03:03.426 28492 30228 D OkHttp  : --> GET https://api-hillfair-2k16.herokuapp.com/api/app/events/special/event?id=5806551bdcba0f490c70fd1f http/1.1
08-06 13:03:03.460 28492 30228 D OkHttp  : <-- 200 OK https://api-hillfair-2k16.herokuapp.com/api/app/events/special/event?id=5806551bdcba0f490c70fd1f (33ms, 795-byte body)
08-06 13:03:03.538 28492 28492 I NAPPA_EXPERIMENTATION: MetricNetworkRequestExecutionTime: REQUEST_DURATION_SYSTEM='652',REQUEST_DURATION_OKHTTP='34',REQUEST_SYNCHRONOUS='FALSE',RESPONSE_CODE='200',RESPONSE_METHOD='GET',RESPONSE_LENGTH_OKHTTP='795',RESPONSE_LENGTH_HEADER='795',REQUEST_PROTOCOL='http/1.1',REQUEST_URL='https://api-hillfair-2k16.herokuapp.com/api/app/events/special/event?id=5806551bdcba0f490c70fd1f',
08-06 13:03:03.667 28492 28513 I art     : Starting a blocking GC Explicit
08-06 13:03:03.690 28492 28513 I art     : Explicit concurrent mark sweep GC freed 4767(310KB) AllocSpace objects, 4(220KB) LOS objects, 23% free, 53MB/69MB, paused 580us total 22.867ms
08-06 13:03:03.699 28492 28513 I art     : Starting a blocking GC Explicit
08-06 13:03:03.720 28492 28513 I art     : Explicit concurrent mark sweep GC freed 1036(119KB) AllocSpace objects, 0(0B) LOS objects, 23% free, 52MB/68MB, paused 441us total 20.426ms
08-06 13:03:03.728 28492 28513 I art     : Starting a blocking GC Explicit
08-06 13:03:03.749 28492 28513 I art     : Explicit concurrent mark sweep GC freed 3(96B) AllocSpace objects, 0(0B) LOS objects, 23% free, 52MB/68MB, paused 445us total 20.290ms
08-06 13:03:03.757 28492 28513 I art     : Starting a blocking GC Explicit
08-06 13:03:03.778 28492 28513 I art     : Explicit concurrent mark sweep GC freed 3(96B) AllocSpace objects, 0(0B) LOS objects, 23% free, 52MB/68MB, paused 458us total 20.353ms
08-06 13:03:03.786 28492 28513 I art     : Starting a blocking GC Explicit
08-06 13:03:03.807 28492 28513 I art     : Explicit concurrent mark sweep GC freed 3(96B) AllocSpace objects, 0(0B) LOS objects, 23% free, 52MB/68MB, paused 486us total 20.319ms
08-06 13:03:04.088 28492 28513 I art     : Starting a blocking GC Explicit
08-06 13:03:04.114 28492 28513 I art     : Explicit concurrent mark sweep GC freed 1343(78KB) AllocSpace objects, 1(20KB) LOS objects, 23% free, 52MB/68MB, paused 499us total 25.514ms
08-06 13:03:04.125 28492 28513 I art     : Starting a blocking GC Explicit
08-06 13:03:04.147 28492 28513 I art     : Explicit concurrent mark sweep GC freed 36(1264B) AllocSpace objects, 0(0B) LOS objects, 23% free, 52MB/68MB, paused 484us total 21.727ms
08-06 13:03:04.155 28492 28513 I art     : Starting a blocking GC Explicit
08-06 13:03:04.178 28492 28513 I art     : Explicit concurrent mark sweep GC freed 3(96B) AllocSpace objects, 0(0B) LOS objects, 23% free, 52MB/68MB, paused 484us total 21.958ms
08-06 13:03:04.187 28492 28513 I art     : Starting a blocking GC Explicit
08-06 13:03:04.208 28492 28513 I art     : Explicit concurrent mark sweep GC freed 3(96B) AllocSpace objects, 0(0B) LOS objects, 23% free, 52MB/68MB, paused 459us total 21.471ms
08-06 13:03:04.217 28492 28513 I art     : Starting a blocking GC Explicit
08-06 13:03:04.239 28492 28513 I art     : Explicit concurrent mark sweep GC freed 3(96B) AllocSpace objects, 0(0B) LOS objects, 23% free, 52MB/68MB, paused 456us total 21.740ms
08-06 13:03:04.537 28492 28604 I art     : Starting a blocking GC Explicit
08-06 13:03:04.571 28492 28604 I art     : Explicit concurrent mark sweep GC freed 1343(78KB) AllocSpace objects, 1(20KB) LOS objects, 23% free, 52MB/68MB, paused 715us total 33.330ms
08-06 13:03:04.586 28492 28604 I art     : Starting a blocking GC Explicit
08-06 13:03:04.607 28492 28604 I art     : Explicit concurrent mark sweep GC freed 20(704B) AllocSpace objects, 0(0B) LOS objects, 23% free, 52MB/68MB, paused 443us total 20.898ms
08-06 13:03:04.616 28492 28604 I art     : Starting a blocking GC Explicit
08-06 13:03:04.637 28492 28604 I art     : Explicit concurrent mark sweep GC freed 3(96B) AllocSpace objects, 0(0B) LOS objects, 23% free, 52MB/68MB, paused 543us total 21.258ms
08-06 13:03:04.646 28492 28604 I art     : Starting a blocking GC Explicit
08-06 13:03:04.668 28492 28604 I art     : Explicit concurrent mark sweep GC freed 3(96B) AllocSpace objects, 0(0B) LOS objects, 23% free, 52MB/68MB, paused 471us total 21.535ms
08-06 13:03:04.677 28492 28604 I art     : Starting a blocking GC Explicit
08-06 13:03:04.691   518   646 I ThermalEngine: ACTION: GPU - Setting GPU[0] to 450000000
08-06 13:03:04.718 28492 28604 I art     : Explicit concurrent mark sweep GC freed 3(96B) AllocSpace objects, 0(0B) LOS objects, 23% free, 52MB/68MB, paused 630us total 40.850ms
08-06 13:03:05.044 28492 28605 I art     : Starting a blocking GC Explicit
08-06 13:03:05.077 28492 28605 I art     : Explicit concurrent mark sweep GC freed 1343(78KB) AllocSpace objects, 1(20KB) LOS objects, 23% free, 52MB/68MB, paused 706us total 33.090ms
08-06 13:03:05.092 28492 28605 I art     : Starting a blocking GC Explicit
08-06 13:03:05.118 28492 28605 I art     : Explicit concurrent mark sweep GC freed 20(704B) AllocSpace objects, 0(0B) LOS objects, 23% free, 52MB/68MB, paused 609us total 26.324ms
08-06 13:03:05.129 28492 28605 I art     : Starting a blocking GC Explicit
08-06 13:03:05.156 28492 28605 I art     : Explicit concurrent mark sweep GC freed 3(96B) AllocSpace objects, 0(0B) LOS objects, 23% free, 52MB/68MB, paused 602us total 26.357ms
08-06 13:03:05.167 28492 28605 I art     : Starting a blocking GC Explicit
08-06 13:03:05.197 28492 28605 I art     : Explicit concurrent mark sweep GC freed 3(96B) AllocSpace objects, 0(0B) LOS objects, 23% free, 52MB/68MB, paused 624us total 29.447ms
08-06 13:03:05.208 28492 28605 I art     : Starting a blocking GC Explicit
08-06 13:03:05.237 28492 28605 I art     : Explicit concurrent mark sweep GC freed 3(96B) AllocSpace objects, 0(0B) LOS objects, 23% free, 52MB/68MB, paused 633us total 28.194ms
08-06 13:03:05.550 28492 29818 I art     : Starting a blocking GC Explicit
08-06 13:03:05.583 28492 29818 I art     : Explicit concurrent mark sweep GC freed 1343(78KB) AllocSpace objects, 1(20KB) LOS objects, 23% free, 52MB/68MB, paused 641us total 31.989ms
08-06 13:03:05.594 28492 29818 I art     : Starting a blocking GC Explicit
08-06 13:03:05.623 28492 29818 I art     : Explicit concurrent mark sweep GC freed 20(704B) AllocSpace objects, 0(0B) LOS objects, 23% free, 52MB/68MB, paused 610us total 28.333ms
08-06 13:03:05.635 28492 29818 I art     : Starting a blocking GC Explicit
08-06 13:03:05.664 28492 29818 I art     : Explicit concurrent mark sweep GC freed 3(96B) AllocSpace objects, 0(0B) LOS objects, 23% free, 52MB/68MB, paused 614us total 29.268ms
08-06 13:03:05.675 28492 29818 I art     : Starting a blocking GC Explicit
08-06 13:03:05.689   518   646 I ThermalEngine: ACTION: GPU - Setting GPU[0] to 510000000
08-06 13:03:05.703 28492 29818 I art     : Explicit concurrent mark sweep GC freed 3(96B) AllocSpace objects, 0(0B) LOS objects, 23% free, 52MB/68MB, paused 605us total 26.798ms
08-06 13:03:05.714 28492 29818 I art     : Starting a blocking GC Explicit
08-06 13:03:05.740 28492 29818 I art     : Explicit concurrent mark sweep GC freed 3(96B) AllocSpace objects, 0(0B) LOS objects, 23% free, 52MB/68MB, paused 487us total 25.667ms
08-06 13:03:06.075 28492 28514 I art     : Starting a blocking GC Explicit
08-06 13:03:06.100 28492 28514 I art     : Explicit concurrent mark sweep GC freed 1343(78KB) AllocSpace objects, 1(20KB) LOS objects, 23% free, 52MB/68MB, paused 465us total 24.375ms
08-06 13:03:06.109 28492 28514 I art     : Starting a blocking GC Explicit
08-06 13:03:06.130 28492 28514 I art     : Explicit concurrent mark sweep GC freed 20(704B) AllocSpace objects, 0(0B) LOS objects, 23% free, 52MB/68MB, paused 436us total 21.206ms
08-06 13:03:06.139 28492 28514 I art     : Starting a blocking GC Explicit
08-06 13:03:06.161 28492 28514 I art     : Explicit concurrent mark sweep GC freed 3(96B) AllocSpace objects, 0(0B) LOS objects, 23% free, 52MB/68MB, paused 452us total 21.677ms
08-06 13:03:06.170 28492 28514 I art     : Starting a blocking GC Explicit
08-06 13:03:06.191 28492 28514 I art     : Explicit concurrent mark sweep GC freed 3(96B) AllocSpace objects, 0(0B) LOS objects, 23% free, 52MB/68MB, paused 432us total 20.634ms
08-06 13:03:06.199 28492 28514 I art     : Starting a blocking GC Explicit
08-06 13:03:06.220 28492 28514 I art     : Explicit concurrent mark sweep GC freed 3(96B) AllocSpace objects, 0(0B) LOS objects, 23% free, 52MB/68MB, paused 440us total 20.971ms
08-06 13:03:06.534 28492 28513 I art     : Starting a blocking GC Explicit
08-06 13:03:06.566 28492 28513 I art     : Explicit concurrent mark sweep GC freed 1343(78KB) AllocSpace objects, 1(20KB) LOS objects, 23% free, 52MB/68MB, paused 519us total 31.511ms
08-06 13:03:06.580 28492 28513 I art     : Starting a blocking GC Explicit
08-06 13:03:06.603 28492 28513 I art     : Explicit concurrent mark sweep GC freed 20(704B) AllocSpace objects, 0(0B) LOS objects, 23% free, 52MB/68MB, paused 450us total 22.125ms
08-06 13:03:06.611 28492 28513 I art     : Starting a blocking GC Explicit
08-06 13:03:06.632 28492 28513 I art     : Explicit concurrent mark sweep GC freed 3(96B) AllocSpace objects, 0(0B) LOS objects, 23% free, 52MB/68MB, paused 452us total 20.639ms
08-06 13:03:06.641 28492 28513 I art     : Starting a blocking GC Explicit
08-06 13:03:06.662 28492 28513 I art     : Explicit concurrent mark sweep GC freed 3(96B) AllocSpace objects, 0(0B) LOS objects, 23% free, 52MB/68MB, paused 449us total 21.402ms
08-06 13:03:06.671 28492 28513 I art     : Starting a blocking GC Explicit
08-06 13:03:06.692 28492 28513 I art     : Explicit concurrent mark sweep GC freed 3(96B) AllocSpace objects, 0(0B) LOS objects, 23% free, 52MB/68MB, paused 453us total 21.207ms
08-06 13:03:07.005 28492 28604 I art     : Starting a blocking GC Explicit
08-06 13:03:07.035 28492 28604 I art     : Explicit concurrent mark sweep GC freed 1343(78KB) AllocSpace objects, 1(20KB) LOS objects, 23% free, 52MB/68MB, paused 672us total 29.318ms
08-06 13:03:07.048 28492 28604 I art     : Starting a blocking GC Explicit
08-06 13:03:07.069 28492 28604 I art     : Explicit concurrent mark sweep GC freed 20(704B) AllocSpace objects, 0(0B) LOS objects, 23% free, 52MB/68MB, paused 438us total 20.625ms
08-06 13:03:07.077 28492 28604 I art     : Starting a blocking GC Explicit
08-06 13:03:07.098 28492 28604 I art     : Explicit concurrent mark sweep GC freed 3(96B) AllocSpace objects, 0(0B) LOS objects, 23% free, 52MB/68MB, paused 447us total 20.983ms
08-06 13:03:07.107 28492 28604 I art     : Starting a blocking GC Explicit
08-06 13:03:07.128 28492 28604 I art     : Explicit concurrent mark sweep GC freed 3(96B) AllocSpace objects, 0(0B) LOS objects, 23% free, 52MB/68MB, paused 446us total 20.521ms
08-06 13:03:07.137 28492 28604 I art     : Starting a blocking GC Explicit
08-06 13:03:07.157 28492 28604 I art     : Explicit concurrent mark sweep GC freed 3(96B) AllocSpace objects, 0(0B) LOS objects, 23% free, 52MB/68MB, paused 442us total 19.915ms
08-06 13:03:07.454 28492 28605 I art     : Starting a blocking GC Explicit
08-06 13:03:07.476 28492 28605 I art     : Explicit concurrent mark sweep GC freed 1343(78KB) AllocSpace objects, 1(20KB) LOS objects, 23% free, 52MB/68MB, paused 478us total 21.586ms
08-06 13:03:07.485 28492 28605 I art     : Starting a blocking GC Explicit
08-06 13:03:07.506 28492 28605 I art     : Explicit concurrent mark sweep GC freed 20(704B) AllocSpace objects, 0(0B) LOS objects, 23% free, 52MB/68MB, paused 467us total 20.709ms
08-06 13:03:07.514 28492 28605 I art     : Starting a blocking GC Explicit
08-06 13:03:07.535 28492 28605 I art     : Explicit concurrent mark sweep GC freed 3(96B) AllocSpace objects, 0(0B) LOS objects, 23% free, 52MB/68MB, paused 524us total 20.491ms
08-06 13:03:07.537 30320 30320 D AndroidRuntime: >>>>>> START com.android.internal.os.RuntimeInit uid 2000 <<<<<<
08-06 13:03:07.542 30320 30320 D AndroidRuntime: CheckJNI is OFF
08-06 13:03:07.544 28492 28605 I art     : Starting a blocking GC Explicit
08-06 13:03:07.563 28492 28605 I art     : Explicit concurrent mark sweep GC freed 3(96B) AllocSpace objects, 0(0B) LOS objects, 23% free, 52MB/68MB, paused 442us total 18.468ms
08-06 13:03:07.571 28492 28605 I art     : Starting a blocking GC Explicit
08-06 13:03:07.576 30320 30320 D ICU     : No timezone override file found: /data/misc/zoneinfo/current/icu/icu_tzdata.dat
08-06 13:03:07.591 28492 28605 I art     : Explicit concurrent mark sweep GC freed 3(96B) AllocSpace objects, 0(0B) LOS objects, 23% free, 52MB/68MB, paused 483us total 19.723ms
08-06 13:03:07.611 30320 30320 I Radio-JNI: register_android_hardware_Radio DONE
08-06 13:03:07.632 30320 30320 D AndroidRuntime: Calling main entry com.android.commands.input.Input
08-06 13:03:07.635 30320 30320 I Input   : injectKeyEvent: KeyEvent { action=ACTION_DOWN, keyCode=KEYCODE_BACK, scanCode=0, metaState=0, flags=0x0, repeatCount=0, eventTime=882204048, downTime=882204048, deviceId=-1, source=0x101 }
08-06 13:03:07.641 30320 30320 I Input   : injectKeyEvent: KeyEvent { action=ACTION_UP, keyCode=KEYCODE_BACK, scanCode=0, metaState=0, flags=0x0, repeatCount=0, eventTime=882204048, downTime=882204048, deviceId=-1, source=0x101 }
08-06 13:03:07.647 30320 30320 D AndroidRuntime: Shutting down VM
08-06 13:03:07.689 13866 13866 I GoogleInputMethodServic: GoogleInputMethodService.onFinishInput():3138 
08-06 13:03:07.690 13866 13866 I GoogleInputMethodServic: GoogleInputMethodService.onStartInput():1808 
08-06 13:03:07.834 28492 28604 I art     : Starting a blocking GC Explicit
08-06 13:03:07.857 28492 28604 I art     : Explicit concurrent mark sweep GC freed 1512(85KB) AllocSpace objects, 1(20KB) LOS objects, 23% free, 52MB/68MB, paused 504us total 22.741ms
08-06 13:03:07.868 28492 28604 I art     : Starting a blocking GC Explicit
08-06 13:03:07.889 28492 28604 I art     : Explicit concurrent mark sweep GC freed 26(944B) AllocSpace objects, 0(0B) LOS objects, 23% free, 52MB/68MB, paused 451us total 20.032ms
08-06 13:03:07.897 28492 28604 I art     : Starting a blocking GC Explicit
08-06 13:03:07.917 28492 28604 I art     : Explicit concurrent mark sweep GC freed 3(96B) AllocSpace objects, 0(0B) LOS objects, 23% free, 52MB/68MB, paused 417us total 19.897ms
08-06 13:03:07.925 28492 28604 I art     : Starting a blocking GC Explicit
08-06 13:03:07.946 28492 28604 I art     : Explicit concurrent mark sweep GC freed 3(96B) AllocSpace objects, 0(0B) LOS objects, 23% free, 52MB/68MB, paused 521us total 20.691ms
08-06 13:03:07.958 28492 28604 I art     : Starting a blocking GC Explicit
08-06 13:03:07.975   380   380 W SurfaceFlinger: couldn't log to binary event log: overflow.
08-06 13:03:07.979 28492 28604 I art     : Explicit concurrent mark sweep GC freed 89(7KB) AllocSpace objects, 0(0B) LOS objects, 23% free, 52MB/68MB, paused 513us total 20.956ms
08-06 13:03:08.259 28492 28605 I art     : Starting a blocking GC Explicit
08-06 13:03:08.286 28492 28605 I art     : Explicit concurrent mark sweep GC freed 1366(79KB) AllocSpace objects, 1(20KB) LOS objects, 23% free, 52MB/68MB, paused 500us total 26.845ms
08-06 13:03:08.299 28492 28605 I art     : Starting a blocking GC Explicit
08-06 13:03:08.321 28492 28605 I art     : Explicit concurrent mark sweep GC freed 1672(107KB) AllocSpace objects, 3(400KB) LOS objects, 23% free, 52MB/68MB, paused 447us total 22.338ms
08-06 13:03:08.330 28492 28605 I art     : Starting a blocking GC Explicit
08-06 13:03:08.351 28492 28605 I art     : Explicit concurrent mark sweep GC freed 3(96B) AllocSpace objects, 0(0B) LOS objects, 23% free, 52MB/68MB, paused 458us total 20.741ms
08-06 13:03:08.360 28492 28605 I art     : Starting a blocking GC Explicit
08-06 13:03:08.380 28492 28605 I art     : Explicit concurrent mark sweep GC freed 3(96B) AllocSpace objects, 0(0B) LOS objects, 23% free, 52MB/68MB, paused 449us total 20.533ms
08-06 13:03:08.389 28492 28605 I art     : Starting a blocking GC Explicit
08-06 13:03:08.410 28492 28605 I art     : Explicit concurrent mark sweep GC freed 3(96B) AllocSpace objects, 0(0B) LOS objects, 23% free, 52MB/68MB, paused 451us total 20.770ms
08-06 13:03:08.701 28492 29818 I art     : Starting a blocking GC Explicit
08-06 13:03:08.733 28492 29818 I art     : Explicit concurrent mark sweep GC freed 1343(78KB) AllocSpace objects, 1(20KB) LOS objects, 23% free, 52MB/68MB, paused 545us total 31.013ms
08-06 13:03:08.746 28492 29818 I art     : Starting a blocking GC Explicit
08-06 13:03:08.768 28492 29818 I art     : Explicit concurrent mark sweep GC freed 20(704B) AllocSpace objects, 0(0B) LOS objects, 23% free, 52MB/68MB, paused 504us total 21.417ms
08-06 13:03:08.777 28492 29818 I art     : Starting a blocking GC Explicit
08-06 13:03:08.797 28492 29818 I art     : Explicit concurrent mark sweep GC freed 3(96B) AllocSpace objects, 0(0B) LOS objects, 23% free, 52MB/68MB, paused 477us total 20.475ms
08-06 13:03:08.806 28492 29818 I art     : Starting a blocking GC Explicit
08-06 13:03:08.827 28492 29818 I art     : Explicit concurrent mark sweep GC freed 3(96B) AllocSpace objects, 0(0B) LOS objects, 23% free, 52MB/68MB, paused 487us total 21.047ms
08-06 13:03:08.836 28492 29818 I art     : Starting a blocking GC Explicit
08-06 13:03:08.857 28492 29818 I art     : Explicit concurrent mark sweep GC freed 3(96B) AllocSpace objects, 0(0B) LOS objects, 23% free, 52MB/68MB, paused 476us total 20.693ms
08-06 13:03:09.115 28492 28514 I art     : Starting a blocking GC Explicit
08-06 13:03:09.136 28492 28514 I art     : Explicit concurrent mark sweep GC freed 1342(78KB) AllocSpace objects, 1(20KB) LOS objects, 23% free, 52MB/68MB, paused 467us total 20.734ms
08-06 13:03:09.144 28492 28514 I art     : Starting a blocking GC Explicit
08-06 13:03:09.164 28492 28514 I art     : Explicit concurrent mark sweep GC freed 20(704B) AllocSpace objects, 0(0B) LOS objects, 23% free, 52MB/68MB, paused 458us total 19.942ms
08-06 13:03:09.173 28492 28514 I art     : Starting a blocking GC Explicit
08-06 13:03:09.193 28492 28514 I art     : Explicit concurrent mark sweep GC freed 3(96B) AllocSpace objects, 0(0B) LOS objects, 23% free, 52MB/68MB, paused 445us total 20.321ms
08-06 13:03:09.202 28492 28514 I art     : Starting a blocking GC Explicit
08-06 13:03:09.222 28492 28514 I art     : Explicit concurrent mark sweep GC freed 3(96B) AllocSpace objects, 0(0B) LOS objects, 23% free, 52MB/68MB, paused 449us total 19.456ms
08-06 13:03:09.230 28492 28514 I art     : Starting a blocking GC Explicit
08-06 13:03:09.250 28492 28514 I art     : Explicit concurrent mark sweep GC freed 3(96B) AllocSpace objects, 0(0B) LOS objects, 23% free, 52MB/68MB, paused 454us total 19.627ms
08-06 13:03:09.305 30374 30374 D AndroidRuntime: >>>>>> START com.android.internal.os.RuntimeInit uid 2000 <<<<<<
08-06 13:03:09.310 30374 30374 D AndroidRuntime: CheckJNI is OFF
08-06 13:03:09.336 29105 29105 I ServiceManager: Waiting for service AtCmdFwd...
08-06 13:03:09.349 30374 30374 D ICU     : No timezone override file found: /data/misc/zoneinfo/current/icu/icu_tzdata.dat
08-06 13:03:09.383 30374 30374 I Radio-JNI: register_android_hardware_Radio DONE
08-06 13:03:09.405 30374 30374 D AndroidRuntime: Calling main entry com.android.commands.input.Input
08-06 13:03:09.407 30374 30374 I Input   : injectKeyEvent: KeyEvent { action=ACTION_DOWN, keyCode=KEYCODE_BACK, scanCode=0, metaState=0, flags=0x0, repeatCount=0, eventTime=882205820, downTime=882205820, deviceId=-1, source=0x101 }
08-06 13:03:09.413 30374 30374 I Input   : injectKeyEvent: KeyEvent { action=ACTION_UP, keyCode=KEYCODE_BACK, scanCode=0, metaState=0, flags=0x0, repeatCount=0, eventTime=882205820, downTime=882205820, deviceId=-1, source=0x101 }
08-06 13:03:09.419 30374 30374 D AndroidRuntime: Shutting down VM
08-06 13:03:09.456 13866 13866 I GoogleInputMethodServic: GoogleInputMethodService.onFinishInput():3138 
08-06 13:03:09.457 13866 13866 I GoogleInputMethodServic: GoogleInputMethodService.onStartInput():1808 
08-06 13:03:09.516 28492 29818 I art     : Starting a blocking GC Explicit
08-06 13:03:09.535 28492 29818 I art     : Explicit concurrent mark sweep GC freed 1552(87KB) AllocSpace objects, 1(20KB) LOS objects, 23% free, 52MB/68MB, paused 405us total 18.219ms
08-06 13:03:09.542 28492 29818 I art     : Starting a blocking GC Explicit
08-06 13:03:09.561 28492 29818 I art     : Explicit concurrent mark sweep GC freed 24(864B) AllocSpace objects, 0(0B) LOS objects, 23% free, 52MB/68MB, paused 433us total 18.784ms
08-06 13:03:09.570 28492 29818 I art     : Starting a blocking GC Explicit
08-06 13:03:09.591 28492 29818 I art     : Explicit concurrent mark sweep GC freed 3(96B) AllocSpace objects, 0(0B) LOS objects, 23% free, 52MB/68MB, paused 448us total 20.660ms
08-06 13:03:09.600 28492 29818 I art     : Starting a blocking GC Explicit
08-06 13:03:09.622 28492 29818 I art     : Explicit concurrent mark sweep GC freed 3(96B) AllocSpace objects, 0(0B) LOS objects, 23% free, 52MB/68MB, paused 437us total 21.592ms
08-06 13:03:09.632 28492 29818 I art     : Starting a blocking GC Explicit
08-06 13:03:09.657 28492 29818 I art     : Explicit concurrent mark sweep GC freed 3(96B) AllocSpace objects, 0(0B) LOS objects, 23% free, 52MB/68MB, paused 467us total 25.187ms
08-06 13:03:09.922 28492 29818 I art     : Starting a blocking GC Explicit
08-06 13:03:09.944 28492 29818 I art     : Explicit concurrent mark sweep GC freed 1982(109KB) AllocSpace objects, 1(20KB) LOS objects, 23% free, 52MB/68MB, paused 536us total 21.795ms
08-06 13:03:09.953 28492 29818 I art     : Starting a blocking GC Explicit
08-06 13:03:09.974 28492 29818 I art     : Explicit concurrent mark sweep GC freed 2106(128KB) AllocSpace objects, 2(140KB) LOS objects, 23% free, 52MB/68MB, paused 446us total 20.355ms
08-06 13:03:09.982 28492 29818 I art     : Starting a blocking GC Explicit
08-06 13:03:10.002 28492 29818 I art     : Explicit concurrent mark sweep GC freed 3(96B) AllocSpace objects, 0(0B) LOS objects, 23% free, 52MB/68MB, paused 444us total 19.460ms
08-06 13:03:10.011 28492 29818 I art     : Starting a blocking GC Explicit
08-06 13:03:10.031 28492 29818 I art     : Explicit concurrent mark sweep GC freed 3(96B) AllocSpace objects, 0(0B) LOS objects, 23% free, 52MB/68MB, paused 446us total 19.871ms
08-06 13:03:10.039 28492 29818 I art     : Starting a blocking GC Explicit
08-06 13:03:10.060 28492 29818 I art     : Explicit concurrent mark sweep GC freed 3(96B) AllocSpace objects, 0(0B) LOS objects, 23% free, 52MB/68MB, paused 460us total 20.118ms
08-06 13:03:10.337 29105 29105 I ServiceManager: Waiting for service AtCmdFwd...
08-06 13:03:10.347 28492 28513 I art     : Starting a blocking GC Explicit
08-06 13:03:10.372 28492 28513 I art     : Explicit concurrent mark sweep GC freed 1342(78KB) AllocSpace objects, 1(20KB) LOS objects, 23% free, 52MB/68MB, paused 506us total 24.732ms
08-06 13:03:10.384 28492 28513 I art     : Starting a blocking GC Explicit
08-06 13:03:10.408 28492 28513 I art     : Explicit concurrent mark sweep GC freed 20(704B) AllocSpace objects, 0(0B) LOS objects, 23% free, 52MB/68MB, paused 461us total 23.756ms
08-06 13:03:10.417 28492 28513 I art     : Starting a blocking GC Explicit
08-06 13:03:10.437 28492 28513 I art     : Explicit concurrent mark sweep GC freed 3(96B) AllocSpace objects, 0(0B) LOS objects, 23% free, 52MB/68MB, paused 523us total 19.519ms
08-06 13:03:10.446 28492 28513 I art     : Starting a blocking GC Explicit
08-06 13:03:10.465 28492 28513 I art     : Explicit concurrent mark sweep GC freed 3(96B) AllocSpace objects, 0(0B) LOS objects, 23% free, 52MB/68MB, paused 443us total 19.396ms
08-06 13:03:10.474 28492 28513 I art     : Starting a blocking GC Explicit
08-06 13:03:10.493 28492 28513 I art     : Explicit concurrent mark sweep GC freed 3(96B) AllocSpace objects, 0(0B) LOS objects, 23% free, 52MB/68MB, paused 448us total 19.302ms
08-06 13:03:10.766 28492 28604 I art     : Starting a blocking GC Explicit
08-06 13:03:10.786 28492 28604 I art     : Explicit concurrent mark sweep GC freed 1340(78KB) AllocSpace objects, 1(20KB) LOS objects, 23% free, 52MB/68MB, paused 462us total 19.555ms
08-06 13:03:10.795 28492 28604 I art     : Starting a blocking GC Explicit
08-06 13:03:10.814 28492 28604 I art     : Explicit concurrent mark sweep GC freed 20(704B) AllocSpace objects, 0(0B) LOS objects, 23% free, 52MB/68MB, paused 453us total 19.613ms
08-06 13:03:10.823 28492 28604 I art     : Starting a blocking GC Explicit
08-06 13:03:10.841 28492 28604 I art     : Explicit concurrent mark sweep GC freed 3(96B) AllocSpace objects, 0(0B) LOS objects, 23% free, 52MB/68MB, paused 454us total 18.592ms
08-06 13:03:10.850 28492 28604 I art     : Starting a blocking GC Explicit
08-06 13:03:10.868 28492 28604 I art     : Explicit concurrent mark sweep GC freed 3(96B) AllocSpace objects, 0(0B) LOS objects, 23% free, 52MB/68MB, paused 454us total 18.719ms
08-06 13:03:10.877 28492 28604 I art     : Starting a blocking GC Explicit
08-06 13:03:10.895 28492 28604 I art     : Explicit concurrent mark sweep GC freed 3(96B) AllocSpace objects, 0(0B) LOS objects, 23% free, 52MB/68MB, paused 453us total 18.275ms
08-06 13:03:11.083 30431 30431 D AndroidRuntime: >>>>>> START com.android.internal.os.RuntimeInit uid 2000 <<<<<<
08-06 13:03:11.088 30431 30431 D AndroidRuntime: CheckJNI is OFF
08-06 13:03:11.120 30431 30431 D ICU     : No timezone override file found: /data/misc/zoneinfo/current/icu/icu_tzdata.dat
08-06 13:03:11.153 30431 30431 I Radio-JNI: register_android_hardware_Radio DONE
08-06 13:03:11.168 28492 28514 I art     : Starting a blocking GC Explicit
08-06 13:03:11.175 30431 30431 D AndroidRuntime: Calling main entry com.android.commands.input.Input
08-06 13:03:11.177 30431 30431 I Input   : injectMotionEvent: MotionEvent { action=ACTION_DOWN, actionButton=0, id[0]=0, x[0]=1053.0, y[0]=1173.0, toolType[0]=TOOL_TYPE_UNKNOWN, buttonState=0, metaState=0, flags=0x0, edgeFlags=0x0, pointerCount=1, historySize=0, eventTime=882207590, downTime=882207590, deviceId=0, source=0x1002 }
08-06 13:03:11.181 30431 30431 I Input   : injectMotionEvent: MotionEvent { action=ACTION_UP, actionButton=0, id[0]=0, x[0]=1053.0, y[0]=1173.0, toolType[0]=TOOL_TYPE_UNKNOWN, buttonState=0, metaState=0, flags=0x0, edgeFlags=0x0, pointerCount=1, historySize=0, eventTime=882207590, downTime=882207590, deviceId=0, source=0x1002 }
08-06 13:03:11.183   918  5481 I ActivityManager: START u0 {cmp=baseline.appteam.nith.hillffair/.activities.QuizActivity} from uid 10697 on display 0
08-06 13:03:11.188 28492 28514 I art     : Explicit concurrent mark sweep GC freed 1344(82KB) AllocSpace objects, 1(20KB) LOS objects, 23% free, 52MB/68MB, paused 610us total 19.760ms
08-06 13:03:11.189 30431 30431 D AndroidRuntime: Shutting down VM
08-06 13:03:11.197 28492 28514 I art     : Starting a blocking GC Explicit
08-06 13:03:11.217 28492 28514 I art     : Explicit concurrent mark sweep GC freed 489(41KB) AllocSpace objects, 0(0B) LOS objects, 23% free, 52MB/68MB, paused 723us total 20.446ms
08-06 13:03:11.228 28492 28514 I art     : Starting a blocking GC Explicit
08-06 13:03:11.248 28492 28514 I art     : Explicit concurrent mark sweep GC freed 333(20KB) AllocSpace objects, 0(0B) LOS objects, 23% free, 52MB/68MB, paused 632us total 20.385ms
08-06 13:03:11.256 28492 28514 I art     : Starting a blocking GC Explicit
08-06 13:03:11.274 28492 28514 I art     : Explicit concurrent mark sweep GC freed 124(4KB) AllocSpace objects, 0(0B) LOS objects, 23% free, 52MB/68MB, paused 499us total 17.854ms
08-06 13:03:11.286 28492 28514 I art     : Starting a blocking GC Explicit
08-06 13:03:11.304 28492 28514 I art     : Explicit concurrent mark sweep GC freed 26(928B) AllocSpace objects, 0(0B) LOS objects, 23% free, 52MB/68MB, paused 461us total 18.208ms
08-06 13:03:11.316   918   936 I ActivityManager: Displayed baseline.appteam.nith.hillffair/.activities.QuizActivity: +126ms
08-06 13:03:11.317 13866 13866 I GoogleInputMethodServic: GoogleInputMethodService.onFinishInput():3138 
08-06 13:03:11.318 13866 13866 I GoogleInputMethodServic: GoogleInputMethodService.onStartInput():1808 
08-06 13:03:11.337 29105 29105 I ServiceManager: Waiting for service AtCmdFwd...
08-06 13:03:11.563   380   380 W SurfaceFlinger: couldn't log to binary event log: overflow.
08-06 13:03:11.565 28492 28605 I art     : Starting a blocking GC Explicit
08-06 13:03:11.584 28492 28605 I art     : Explicit concurrent mark sweep GC freed 1396(80KB) AllocSpace objects, 1(20KB) LOS objects, 23% free, 52MB/68MB, paused 417us total 18.393ms
08-06 13:03:11.592 28492 28605 I art     : Starting a blocking GC Explicit
08-06 13:03:11.610 28492 28605 I art     : Explicit concurrent mark sweep GC freed 45(1632B) AllocSpace objects, 0(0B) LOS objects, 23% free, 52MB/68MB, paused 442us total 17.789ms
08-06 13:03:11.617 28492 28605 I art     : Starting a blocking GC Explicit
08-06 13:03:11.635 28492 28605 I art     : Explicit concurrent mark sweep GC freed 3(96B) AllocSpace objects, 0(0B) LOS objects, 23% free, 52MB/68MB, paused 404us total 17.665ms
08-06 13:03:11.643 28492 28605 I art     : Starting a blocking GC Explicit
08-06 13:03:11.663 28492 28605 I art     : Explicit concurrent mark sweep GC freed 3(96B) AllocSpace objects, 0(0B) LOS objects, 23% free, 52MB/68MB, paused 514us total 19.880ms
08-06 13:03:11.672 28492 28605 I art     : Starting a blocking GC Explicit
08-06 13:03:11.691 28492 28605 I art     : Explicit concurrent mark sweep GC freed 65(4KB) AllocSpace objects, 0(0B) LOS objects, 23% free, 52MB/68MB, paused 446us total 19.138ms
08-06 13:03:11.700   518   646 I ThermalEngine: ACTION: GPU - Setting GPU[0] to 450000000
08-06 13:03:11.989 28492 28604 I art     : Starting a blocking GC Explicit
08-06 13:03:12.025 28492 28604 I art     : Explicit concurrent mark sweep GC freed 1363(79KB) AllocSpace objects, 1(20KB) LOS objects, 23% free, 52MB/68MB, paused 582us total 35.952ms
08-06 13:03:12.036 28492 28604 I art     : Starting a blocking GC Explicit
08-06 13:03:12.062 28492 28604 I art     : Explicit concurrent mark sweep GC freed 34(1136B) AllocSpace objects, 0(0B) LOS objects, 23% free, 52MB/68MB, paused 592us total 26.125ms
08-06 13:03:12.073 28492 28604 I art     : Starting a blocking GC Explicit
08-06 13:03:12.100 28492 28604 I art     : Explicit concurrent mark sweep GC freed 3(96B) AllocSpace objects, 0(0B) LOS objects, 23% free, 52MB/68MB, paused 545us total 26.117ms
08-06 13:03:12.111 28492 28604 I art     : Starting a blocking GC Explicit
08-06 13:03:12.137 28492 28604 I art     : Explicit concurrent mark sweep GC freed 3(96B) AllocSpace objects, 0(0B) LOS objects, 23% free, 52MB/68MB, paused 651us total 26.064ms
08-06 13:03:12.148 28492 28604 I art     : Starting a blocking GC Explicit
08-06 13:03:12.175 28492 28604 I art     : Explicit concurrent mark sweep GC freed 3(96B) AllocSpace objects, 0(0B) LOS objects, 23% free, 52MB/68MB, paused 581us total 26.438ms
08-06 13:03:12.338 29105 29105 I ServiceManager: Waiting for service AtCmdFwd...
08-06 13:03:12.482 28492 29818 I art     : Starting a blocking GC Explicit
08-06 13:03:12.519 28492 29818 I art     : Explicit concurrent mark sweep GC freed 1342(78KB) AllocSpace objects, 1(20KB) LOS objects, 23% free, 52MB/68MB, paused 712us total 36.320ms
08-06 13:03:12.536 28492 29818 I art     : Starting a blocking GC Explicit
08-06 13:03:12.562 28492 29818 I art     : Explicit concurrent mark sweep GC freed 20(704B) AllocSpace objects, 0(0B) LOS objects, 23% free, 52MB/68MB, paused 556us total 25.299ms
08-06 13:03:12.573 28492 29818 I art     : Starting a blocking GC Explicit
08-06 13:03:12.599 28492 29818 I art     : Explicit concurrent mark sweep GC freed 3(96B) AllocSpace objects, 0(0B) LOS objects, 23% free, 52MB/68MB, paused 568us total 26.118ms
08-06 13:03:12.610 28492 29818 I art     : Starting a blocking GC Explicit
08-06 13:03:12.637 28492 29818 I art     : Explicit concurrent mark sweep GC freed 3(96B) AllocSpace objects, 0(0B) LOS objects, 23% free, 52MB/68MB, paused 575us total 26.068ms
08-06 13:03:12.648 28492 29818 I art     : Starting a blocking GC Explicit
08-06 13:03:12.674 28492 29818 I art     : Explicit concurrent mark sweep GC freed 3(96B) AllocSpace objects, 0(0B) LOS objects, 23% free, 52MB/68MB, paused 555us total 25.763ms
08-06 13:03:12.982 28492 28604 I art     : Starting a blocking GC Explicit
08-06 13:03:13.009 28492 28604 I art     : Explicit concurrent mark sweep GC freed 1363(79KB) AllocSpace objects, 1(20KB) LOS objects, 23% free, 52MB/68MB, paused 672us total 26.730ms
08-06 13:03:13.020 28492 28604 I art     : Starting a blocking GC Explicit
08-06 13:03:13.043 28492 28604 I art     : Explicit concurrent mark sweep GC freed 25(864B) AllocSpace objects, 0(0B) LOS objects, 23% free, 52MB/68MB, paused 573us total 22.887ms
08-06 13:03:13.053 28492 28604 I art     : Starting a blocking GC Explicit
08-06 13:03:13.078 28492 28604 I art     : Explicit concurrent mark sweep GC freed 7(224B) AllocSpace objects, 0(0B) LOS objects, 23% free, 52MB/68MB, paused 634us total 24.311ms
08-06 13:03:13.089 28492 28604 I art     : Starting a blocking GC Explicit
08-06 13:03:13.115 28492 28604 I art     : Explicit concurrent mark sweep GC freed 3(96B) AllocSpace objects, 0(0B) LOS objects, 23% free, 52MB/68MB, paused 568us total 25.693ms
08-06 13:03:13.126 28492 28604 I art     : Starting a blocking GC Explicit
08-06 13:03:13.151 28492 28604 I art     : Explicit concurrent mark sweep GC freed 3(96B) AllocSpace objects, 0(0B) LOS objects, 23% free, 52MB/68MB, paused 559us total 25.047ms
08-06 13:03:13.339 29105 29105 I ServiceManager: Waiting for service AtCmdFwd...
08-06 13:03:13.490 28492 28605 I art     : Starting a blocking GC Explicit
08-06 13:03:13.515 28492 28605 I art     : Explicit concurrent mark sweep GC freed 1342(78KB) AllocSpace objects, 1(20KB) LOS objects, 23% free, 52MB/68MB, paused 613us total 25.550ms
08-06 13:03:13.526 28492 28605 I art     : Starting a blocking GC Explicit
08-06 13:03:13.553 28492 28605 I art     : Explicit concurrent mark sweep GC freed 20(704B) AllocSpace objects, 0(0B) LOS objects, 23% free, 52MB/68MB, paused 608us total 26.701ms
08-06 13:03:13.564 28492 28605 I art     : Starting a blocking GC Explicit
08-06 13:03:13.591 28492 28605 I art     : Explicit concurrent mark sweep GC freed 3(96B) AllocSpace objects, 0(0B) LOS objects, 23% free, 52MB/68MB, paused 602us total 26.711ms
08-06 13:03:13.602 28492 28605 I art     : Starting a blocking GC Explicit
08-06 13:03:13.628 28492 28605 I art     : Explicit concurrent mark sweep GC freed 3(96B) AllocSpace objects, 0(0B) LOS objects, 23% free, 52MB/68MB, paused 579us total 25.713ms
08-06 13:03:13.639 28492 28605 I art     : Starting a blocking GC Explicit
08-06 13:03:13.666 28492 28605 I art     : Explicit concurrent mark sweep GC freed 3(96B) AllocSpace objects, 0(0B) LOS objects, 23% free, 52MB/68MB, paused 660us total 26.262ms
08-06 13:03:13.981 30515 30515 D AndroidRuntime: >>>>>> START com.android.internal.os.RuntimeInit uid 2000 <<<<<<
08-06 13:03:13.988 30515 30515 D AndroidRuntime: CheckJNI is OFF
08-06 13:03:14.003 28492 28514 I art     : Starting a blocking GC Explicit
08-06 13:03:14.030 28492 28514 I art     : Explicit concurrent mark sweep GC freed 1342(78KB) AllocSpace objects, 1(20KB) LOS objects, 23% free, 52MB/68MB, paused 617us total 26.185ms
08-06 13:03:14.035 30515 30515 D ICU     : No timezone override file found: /data/misc/zoneinfo/current/icu/icu_tzdata.dat
08-06 13:03:14.041 28492 28514 I art     : Starting a blocking GC Explicit
08-06 13:03:14.067 28492 28514 I art     : Explicit concurrent mark sweep GC freed 20(704B) AllocSpace objects, 0(0B) LOS objects, 23% free, 52MB/68MB, paused 695us total 25.505ms
08-06 13:03:14.078 28492 28514 I art     : Starting a blocking GC Explicit
08-06 13:03:14.082 30515 30515 I Radio-JNI: register_android_hardware_Radio DONE
08-06 13:03:14.105 28492 28514 I art     : Explicit concurrent mark sweep GC freed 3(96B) AllocSpace objects, 0(0B) LOS objects, 23% free, 52MB/68MB, paused 561us total 26.464ms
08-06 13:03:14.112 30515 30515 D AndroidRuntime: Calling main entry com.android.commands.input.Input
08-06 13:03:14.114 30515 30515 I Input   : injectMotionEvent: MotionEvent { action=ACTION_DOWN, actionButton=0, id[0]=0, x[0]=756.0, y[0]=1530.0, toolType[0]=TOOL_TYPE_UNKNOWN, buttonState=0, metaState=0, flags=0x0, edgeFlags=0x0, pointerCount=1, historySize=0, eventTime=882210526, downTime=882210526, deviceId=0, source=0x1002 }
08-06 13:03:14.115 28492 28514 I art     : Starting a blocking GC Explicit
08-06 13:03:14.120 30515 30515 I Input   : injectMotionEvent: MotionEvent { action=ACTION_UP, actionButton=0, id[0]=0, x[0]=756.0, y[0]=1530.0, toolType[0]=TOOL_TYPE_UNKNOWN, buttonState=0, metaState=0, flags=0x0, edgeFlags=0x0, pointerCount=1, historySize=0, eventTime=882210526, downTime=882210526, deviceId=0, source=0x1002 }
08-06 13:03:14.123 30515 30515 D AndroidRuntime: Shutting down VM
08-06 13:03:14.137   918  6112 I ActivityManager: START u0 {cmp=baseline.appteam.nith.hillffair/.activities.LeaderBoardActivity} from uid 10697 on display 0
08-06 13:03:14.138   512  2967 D audio_hw_primary: out_set_parameters: enter: usecase(1: low-latency-playback) kvpairs: routing=2
08-06 13:03:14.141 28492 28514 I art     : Explicit concurrent mark sweep GC freed 41(5KB) AllocSpace objects, 0(0B) LOS objects, 23% free, 52MB/68MB, paused 833us total 25.160ms
08-06 13:03:14.151   512  2967 D audio_hw_primary: select_devices: out_snd_device(2: speaker) in_snd_device(0: none)
08-06 13:03:14.151   512  2967 D msm8974_platform: platform_send_audio_calibration: sending audio calibration for snd_device(2) acdb_id(15)
08-06 13:03:14.151   512  2967 I soundtrigger: audio_extn_sound_trigger_update_device_status: device 0x2 of type 0 for Event 1
08-06 13:03:14.153 28492 28514 I art     : Starting a blocking GC Explicit
08-06 13:03:14.167   512  2967 D audio_hw_primary: enable_snd_device: snd_device(2: speaker)
08-06 13:03:14.169   512  2967 D audio_hw_primary: enable_audio_route: apply and update mixer path: low-latency-playback speaker
08-06 13:03:14.179 28492 28514 I art     : Explicit concurrent mark sweep GC freed 745(44KB) AllocSpace objects, 0(0B) LOS objects, 23% free, 52MB/68MB, paused 994us total 26.213ms
08-06 13:03:14.277 28492 28492 E RecyclerView: No adapter attached; skipping layout
08-06 13:03:14.280 28492 28492 E RecyclerView: No adapter attached; skipping layout
08-06 13:03:14.313   918   936 I ActivityManager: Displayed baseline.appteam.nith.hillffair/.activities.LeaderBoardActivity: +165ms
08-06 13:03:14.315 13866 13866 I GoogleInputMethodServic: GoogleInputMethodService.onFinishInput():3138 
08-06 13:03:14.316 28492 28492 E RecyclerView: No adapter attached; skipping layout
08-06 13:03:14.318 13866 13866 I GoogleInputMethodServic: GoogleInputMethodService.onStartInput():1808 
08-06 13:03:14.339 29105 29105 W Atfwd_Sendcmd: AtCmdFwd service not published, waiting... retryCnt : 4
08-06 13:03:14.357 28492 28525 D OpenGLRenderer: endAllStagingAnimators on 0x7f825cf800 (RippleDrawable) with handle 0x7f7d692540
08-06 13:03:14.460 28492 28513 I art     : Starting a blocking GC Explicit
08-06 13:03:14.499 28492 28513 I art     : Explicit concurrent mark sweep GC freed 5839(337KB) AllocSpace objects, 1(20KB) LOS objects, 23% free, 52MB/68MB, paused 841us total 38.036ms
08-06 13:03:14.514 28492 28513 I art     : Starting a blocking GC Explicit
08-06 13:03:14.542 28492 28513 I art     : Explicit concurrent mark sweep GC freed 140(5KB) AllocSpace objects, 0(0B) LOS objects, 23% free, 52MB/68MB, paused 632us total 28.264ms
08-06 13:03:14.556 28492 28513 I art     : Starting a blocking GC Explicit
08-06 13:03:14.562   380   380 W SurfaceFlinger: couldn't log to binary event log: overflow.
08-06 13:03:14.587 28492 28513 I art     : Explicit concurrent mark sweep GC freed 6(192B) AllocSpace objects, 0(0B) LOS objects, 23% free, 52MB/68MB, paused 661us total 31.026ms
08-06 13:03:14.598 28492 28513 I art     : Starting a blocking GC Explicit
08-06 13:03:14.622 28492 28513 I art     : Explicit concurrent mark sweep GC freed 6(192B) AllocSpace objects, 0(0B) LOS objects, 23% free, 52MB/68MB, paused 590us total 23.495ms
08-06 13:03:14.632 28492 28513 I art     : Starting a blocking GC Explicit
08-06 13:03:14.657 28492 28513 I art     : Explicit concurrent mark sweep GC freed 4(128B) AllocSpace objects, 0(0B) LOS objects, 23% free, 52MB/68MB, paused 603us total 24.222ms
08-06 13:03:14.699 28492 30538 D OkHttp  : --> GET https://api-hillfair-2k16.herokuapp.com/api/app/quiz/leaderboard?from=1 http/1.1
08-06 13:03:14.718   512  2967 D audio_hw_primary: disable_audio_route: reset and update mixer path: low-latency-playback speaker
08-06 13:03:14.719   512  2967 D audio_hw_primary: disable_snd_device: snd_device(2: speaker)
08-06 13:03:14.727   512  2967 I soundtrigger: audio_extn_sound_trigger_update_device_status: device 0x2 of type 0 for Event 0
08-06 13:03:14.730 28492 30538 D OkHttp  : <-- 200 OK https://api-hillfair-2k16.herokuapp.com/api/app/quiz/leaderboard?from=1 (31ms, 56744-byte body)
08-06 13:03:14.834 28492 28492 I NAPPA_EXPERIMENTATION: MetricNetworkRequestExecutionTime: REQUEST_DURATION_SYSTEM='645',REQUEST_DURATION_OKHTTP='31',REQUEST_SYNCHRONOUS='FALSE',RESPONSE_CODE='200',RESPONSE_METHOD='GET',RESPONSE_LENGTH_OKHTTP='56744',RESPONSE_LENGTH_HEADER='56744',REQUEST_PROTOCOL='http/1.1',REQUEST_URL='https://api-hillfair-2k16.herokuapp.com/api/app/quiz/leaderboard?from=1',
08-06 13:03:14.939 28492 28513 I art     : Starting a blocking GC Explicit
08-06 13:03:14.971 28492 28513 I art     : Explicit concurrent mark sweep GC freed 30414(1459KB) AllocSpace objects, 4(220KB) LOS objects, 23% free, 53MB/69MB, paused 646us total 31.824ms
08-06 13:03:14.983 28492 28513 I art     : Starting a blocking GC Explicit
08-06 13:03:15.012 28492 28513 I art     : Explicit concurrent mark sweep GC freed 1058(120KB) AllocSpace objects, 0(0B) LOS objects, 23% free, 53MB/69MB, paused 611us total 28.566ms
08-06 13:03:15.023 28492 28513 I art     : Starting a blocking GC Explicit
08-06 13:03:15.052 28492 28513 I art     : Explicit concurrent mark sweep GC freed 3(96B) AllocSpace objects, 0(0B) LOS objects, 23% free, 53MB/69MB, paused 625us total 28.095ms
08-06 13:03:15.063 28492 28513 I art     : Starting a blocking GC Explicit
08-06 13:03:15.092 28492 28513 I art     : Explicit concurrent mark sweep GC freed 3(96B) AllocSpace objects, 0(0B) LOS objects, 23% free, 53MB/69MB, paused 619us total 29.195ms
08-06 13:03:15.104 28492 28513 I art     : Starting a blocking GC Explicit
08-06 13:03:15.134 28492 28513 I art     : Explicit concurrent mark sweep GC freed 3(96B) AllocSpace objects, 0(0B) LOS objects, 23% free, 53MB/69MB, paused 606us total 28.822ms
08-06 13:03:15.443 28492 28514 I art     : Starting a blocking GC Explicit
08-06 13:03:15.479 28492 28514 I art     : Explicit concurrent mark sweep GC freed 1347(78KB) AllocSpace objects, 1(20KB) LOS objects, 23% free, 53MB/69MB, paused 725us total 35.122ms
08-06 13:03:15.492 28492 28514 I art     : Starting a blocking GC Explicit
08-06 13:03:15.522 28492 28514 I art     : Explicit concurrent mark sweep GC freed 20(704B) AllocSpace objects, 0(0B) LOS objects, 23% free, 53MB/69MB, paused 627us total 29.101ms
08-06 13:03:15.534 28492 28514 I art     : Starting a blocking GC Explicit
08-06 13:03:15.562 28492 28514 I art     : Explicit concurrent mark sweep GC freed 3(96B) AllocSpace objects, 0(0B) LOS objects, 23% free, 53MB/69MB, paused 619us total 28.625ms
08-06 13:03:15.574 28492 28514 I art     : Starting a blocking GC Explicit
08-06 13:03:15.602 28492 28514 I art     : Explicit concurrent mark sweep GC freed 3(96B) AllocSpace objects, 0(0B) LOS objects, 23% free, 53MB/69MB, paused 617us total 28.087ms
08-06 13:03:15.614 28492 28514 I art     : Starting a blocking GC Explicit
08-06 13:03:15.643 28492 28514 I art     : Explicit concurrent mark sweep GC freed 3(96B) AllocSpace objects, 0(0B) LOS objects, 23% free, 53MB/69MB, paused 611us total 28.776ms
08-06 13:03:15.950 28492 28604 I art     : Starting a blocking GC Explicit
08-06 13:03:15.990 28492 28604 I art     : Explicit concurrent mark sweep GC freed 1347(78KB) AllocSpace objects, 1(20KB) LOS objects, 23% free, 53MB/69MB, paused 705us total 39.791ms
08-06 13:03:16.005 28492 28604 I art     : Starting a blocking GC Explicit
08-06 13:03:16.038 28492 28604 I art     : Explicit concurrent mark sweep GC freed 20(704B) AllocSpace objects, 0(0B) LOS objects, 23% free, 53MB/69MB, paused 645us total 32.122ms
08-06 13:03:16.049 28492 28604 I art     : Starting a blocking GC Explicit
08-06 13:03:16.078 28492 28604 I art     : Explicit concurrent mark sweep GC freed 3(96B) AllocSpace objects, 0(0B) LOS objects, 23% free, 53MB/69MB, paused 658us total 28.674ms
08-06 13:03:16.089 28492 28604 I art     : Starting a blocking GC Explicit
08-06 13:03:16.119 28492 28604 I art     : Explicit concurrent mark sweep GC freed 3(96B) AllocSpace objects, 0(0B) LOS objects, 23% free, 53MB/69MB, paused 622us total 29ms
08-06 13:03:16.130 28492 28604 I art     : Starting a blocking GC Explicit
08-06 13:03:16.159 28492 28604 I art     : Explicit concurrent mark sweep GC freed 3(96B) AllocSpace objects, 0(0B) LOS objects, 23% free, 53MB/69MB, paused 605us total 28.466ms
08-06 13:03:16.499 28492 28605 I art     : Starting a blocking GC Explicit
08-06 13:03:16.539 28492 28605 I art     : Explicit concurrent mark sweep GC freed 1347(78KB) AllocSpace objects, 1(20KB) LOS objects, 23% free, 53MB/69MB, paused 731us total 40.154ms
08-06 13:03:16.555 28492 28605 I art     : Starting a blocking GC Explicit
08-06 13:03:16.586 28492 28605 I art     : Explicit concurrent mark sweep GC freed 20(704B) AllocSpace objects, 0(0B) LOS objects, 23% free, 53MB/69MB, paused 615us total 30.567ms
08-06 13:03:16.598 28492 28605 I art     : Starting a blocking GC Explicit
08-06 13:03:16.630 28492 28605 I art     : Explicit concurrent mark sweep GC freed 3(96B) AllocSpace objects, 0(0B) LOS objects, 23% free, 53MB/69MB, paused 631us total 31.579ms
08-06 13:03:16.642 28492 28605 I art     : Starting a blocking GC Explicit
08-06 13:03:16.671 28492 28605 I art     : Explicit concurrent mark sweep GC freed 3(96B) AllocSpace objects, 0(0B) LOS objects, 23% free, 53MB/69MB, paused 698us total 29.312ms
08-06 13:03:16.683 28492 28605 I art     : Starting a blocking GC Explicit
08-06 13:03:16.711 28492 28605 I art     : Explicit concurrent mark sweep GC freed 3(96B) AllocSpace objects, 0(0B) LOS objects, 23% free, 53MB/69MB, paused 606us total 27.961ms
08-06 13:03:17.043 28492 29818 I art     : Starting a blocking GC Explicit
08-06 13:03:17.080 28492 29818 I art     : Explicit concurrent mark sweep GC freed 1347(78KB) AllocSpace objects, 1(20KB) LOS objects, 23% free, 53MB/69MB, paused 711us total 36.068ms
08-06 13:03:17.093 28492 29818 I art     : Starting a blocking GC Explicit
08-06 13:03:17.125 28492 29818 I art     : Explicit concurrent mark sweep GC freed 20(704B) AllocSpace objects, 0(0B) LOS objects, 23% free, 53MB/69MB, paused 630us total 31.573ms
08-06 13:03:17.137 28492 29818 I art     : Starting a blocking GC Explicit
08-06 13:03:17.166 28492 29818 I art     : Explicit concurrent mark sweep GC freed 3(96B) AllocSpace objects, 0(0B) LOS objects, 23% free, 53MB/69MB, paused 625us total 28.820ms
08-06 13:03:17.178 28492 29818 I art     : Starting a blocking GC Explicit
08-06 13:03:17.209 28492 29818 I art     : Explicit concurrent mark sweep GC freed 3(96B) AllocSpace objects, 0(0B) LOS objects, 23% free, 53MB/69MB, paused 618us total 30.919ms
08-06 13:03:17.221 28492 29818 I art     : Starting a blocking GC Explicit
08-06 13:03:17.252 28492 29818 I art     : Explicit concurrent mark sweep GC freed 3(96B) AllocSpace objects, 0(0B) LOS objects, 23% free, 53MB/69MB, paused 624us total 31.296ms
08-06 13:03:17.292   918  3188 I hubconnection: sensorhub said: 'set_bias 3: -6.0000, 0.0000, 0.0000'
08-06 13:03:17.587 28492 28513 I art     : Starting a blocking GC Explicit
08-06 13:03:17.626 28492 28513 I art     : Explicit concurrent mark sweep GC freed 1347(78KB) AllocSpace objects, 1(20KB) LOS objects, 23% free, 53MB/69MB, paused 684us total 37.973ms
08-06 13:03:17.643 28492 28513 I art     : Starting a blocking GC Explicit
08-06 13:03:17.673 28492 28513 I art     : Explicit concurrent mark sweep GC freed 20(704B) AllocSpace objects, 0(0B) LOS objects, 23% free, 53MB/69MB, paused 645us total 29.909ms
08-06 13:03:17.685 28492 28513 I art     : Starting a blocking GC Explicit
08-06 13:03:17.710   518   646 I ThermalEngine: ACTION: GPU - Setting GPU[0] to 510000000
08-06 13:03:17.715 28492 28513 I art     : Explicit concurrent mark sweep GC freed 3(96B) AllocSpace objects, 0(0B) LOS objects, 23% free, 53MB/69MB, paused 625us total 30.478ms
08-06 13:03:17.727 28492 28513 I art     : Starting a blocking GC Explicit
08-06 13:03:17.757 28492 28513 I art     : Explicit concurrent mark sweep GC freed 3(96B) AllocSpace objects, 0(0B) LOS objects, 23% free, 53MB/69MB, paused 490us total 28.877ms
08-06 13:03:17.766 28492 28513 I art     : Starting a blocking GC Explicit
08-06 13:03:17.789 28492 28513 I art     : Explicit concurrent mark sweep GC freed 3(96B) AllocSpace objects, 0(0B) LOS objects, 23% free, 53MB/69MB, paused 452us total 22.459ms
08-06 13:03:18.106 28492 28514 I art     : Starting a blocking GC Explicit
08-06 13:03:18.134 28492 28514 I art     : Explicit concurrent mark sweep GC freed 1347(78KB) AllocSpace objects, 1(20KB) LOS objects, 23% free, 53MB/69MB, paused 512us total 27.180ms
08-06 13:03:18.146 28492 28514 I art     : Starting a blocking GC Explicit
08-06 13:03:18.168 28492 28514 I art     : Explicit concurrent mark sweep GC freed 20(704B) AllocSpace objects, 0(0B) LOS objects, 23% free, 53MB/69MB, paused 463us total 22.648ms
08-06 13:03:18.178 28492 28514 I art     : Starting a blocking GC Explicit
08-06 13:03:18.201 28492 28514 I art     : Explicit concurrent mark sweep GC freed 3(96B) AllocSpace objects, 0(0B) LOS objects, 23% free, 53MB/69MB, paused 469us total 23.161ms
08-06 13:03:18.210 28492 28514 I art     : Starting a blocking GC Explicit
08-06 13:03:18.233 28492 28514 I art     : Explicit concurrent mark sweep GC freed 3(96B) AllocSpace objects, 0(0B) LOS objects, 23% free, 53MB/69MB, paused 462us total 22.909ms
08-06 13:03:18.243 28492 28514 I art     : Starting a blocking GC Explicit
08-06 13:03:18.266 28492 28514 I art     : Explicit concurrent mark sweep GC freed 3(96B) AllocSpace objects, 0(0B) LOS objects, 23% free, 53MB/69MB, paused 476us total 23.624ms
08-06 13:03:18.538 28492 28604 I art     : Starting a blocking GC Explicit
08-06 13:03:18.561 28492 28604 I art     : Explicit concurrent mark sweep GC freed 1347(78KB) AllocSpace objects, 1(20KB) LOS objects, 23% free, 53MB/69MB, paused 494us total 22.948ms
08-06 13:03:18.570 28492 28604 I art     : Starting a blocking GC Explicit
08-06 13:03:18.593 28492 28604 I art     : Explicit concurrent mark sweep GC freed 20(704B) AllocSpace objects, 0(0B) LOS objects, 23% free, 53MB/69MB, paused 490us total 22.653ms
08-06 13:03:18.602 28492 28604 I art     : Starting a blocking GC Explicit
08-06 13:03:18.625 28492 28604 I art     : Explicit concurrent mark sweep GC freed 3(96B) AllocSpace objects, 0(0B) LOS objects, 23% free, 53MB/69MB, paused 469us total 22.395ms
08-06 13:03:18.633 28492 28604 I art     : Starting a blocking GC Explicit
08-06 13:03:18.655 28492 28604 I art     : Explicit concurrent mark sweep GC freed 3(96B) AllocSpace objects, 0(0B) LOS objects, 23% free, 53MB/69MB, paused 463us total 21.272ms
08-06 13:03:18.664 28492 28604 I art     : Starting a blocking GC Explicit
08-06 13:03:18.686 28492 28604 I art     : Explicit concurrent mark sweep GC freed 3(96B) AllocSpace objects, 0(0B) LOS objects, 23% free, 53MB/69MB, paused 479us total 21.780ms
08-06 13:03:18.835 30621 30621 D AndroidRuntime: >>>>>> START com.android.internal.os.RuntimeInit uid 2000 <<<<<<
08-06 13:03:18.841 30621 30621 D AndroidRuntime: CheckJNI is OFF
08-06 13:03:18.875 30621 30621 D ICU     : No timezone override file found: /data/misc/zoneinfo/current/icu/icu_tzdata.dat
08-06 13:03:18.908 30621 30621 I Radio-JNI: register_android_hardware_Radio DONE
08-06 13:03:18.929 30621 30621 D AndroidRuntime: Calling main entry com.android.commands.input.Input
08-06 13:03:18.931 30621 30621 I Input   : injectKeyEvent: KeyEvent { action=ACTION_DOWN, keyCode=KEYCODE_BACK, scanCode=0, metaState=0, flags=0x0, repeatCount=0, eventTime=882215344, downTime=882215344, deviceId=-1, source=0x101 }
08-06 13:03:18.936 30621 30621 I Input   : injectKeyEvent: KeyEvent { action=ACTION_UP, keyCode=KEYCODE_BACK, scanCode=0, metaState=0, flags=0x0, repeatCount=0, eventTime=882215344, downTime=882215344, deviceId=-1, source=0x101 }
08-06 13:03:18.942 30621 30621 D AndroidRuntime: Shutting down VM
08-06 13:03:18.977 13866 13866 I GoogleInputMethodServic: GoogleInputMethodService.onFinishInput():3138 
08-06 13:03:18.977 13866 13866 I GoogleInputMethodServic: GoogleInputMethodService.onStartInput():1808 
08-06 13:03:18.991 28492 28604 I art     : Starting a blocking GC Explicit
08-06 13:03:19.018 28492 28604 I art     : Explicit concurrent mark sweep GC freed 1484(84KB) AllocSpace objects, 1(20KB) LOS objects, 23% free, 53MB/69MB, paused 515us total 26.972ms
08-06 13:03:19.026 28492 28604 I art     : Starting a blocking GC Explicit
08-06 13:03:19.045 28492 28604 I art     : Explicit concurrent mark sweep GC freed 26(944B) AllocSpace objects, 0(0B) LOS objects, 23% free, 53MB/69MB, paused 418us total 18.719ms
08-06 13:03:19.053 28492 28604 I art     : Starting a blocking GC Explicit
08-06 13:03:19.073 28492 28604 I art     : Explicit concurrent mark sweep GC freed 3(96B) AllocSpace objects, 0(0B) LOS objects, 23% free, 53MB/69MB, paused 419us total 19.168ms
08-06 13:03:19.081 28492 28604 I art     : Starting a blocking GC Explicit
08-06 13:03:19.101 28492 28604 I art     : Explicit concurrent mark sweep GC freed 3(96B) AllocSpace objects, 0(0B) LOS objects, 23% free, 53MB/69MB, paused 452us total 19.500ms
08-06 13:03:19.110 28492 28604 I art     : Starting a blocking GC Explicit
08-06 13:03:19.132 28492 28604 I art     : Explicit concurrent mark sweep GC freed 3(96B) AllocSpace objects, 0(0B) LOS objects, 23% free, 53MB/69MB, paused 449us total 22.355ms
08-06 13:03:19.287   380   380 W SurfaceFlinger: couldn't log to binary event log: overflow.
08-06 13:03:19.404 28492 28514 I art     : Starting a blocking GC Explicit
08-06 13:03:19.428 28492 28514 I art     : Explicit concurrent mark sweep GC freed 1504(89KB) AllocSpace objects, 1(20KB) LOS objects, 23% free, 53MB/69MB, paused 473us total 23.596ms
08-06 13:03:19.437 28492 28514 I art     : Starting a blocking GC Explicit
08-06 13:03:19.459 28492 28514 I art     : Explicit concurrent mark sweep GC freed 4698(269KB) AllocSpace objects, 2(140KB) LOS objects, 23% free, 52MB/68MB, paused 477us total 22.112ms
08-06 13:03:19.468 28492 28514 I art     : Starting a blocking GC Explicit
08-06 13:03:19.488 28492 28514 I art     : Explicit concurrent mark sweep GC freed 3(96B) AllocSpace objects, 0(0B) LOS objects, 23% free, 52MB/68MB, paused 467us total 20.578ms
08-06 13:03:19.497 28492 28514 I art     : Starting a blocking GC Explicit
08-06 13:03:19.518 28492 28514 I art     : Explicit concurrent mark sweep GC freed 3(96B) AllocSpace objects, 0(0B) LOS objects, 23% free, 52MB/68MB, paused 468us total 21.175ms
08-06 13:03:19.527 28492 28514 I art     : Starting a blocking GC Explicit
08-06 13:03:19.549 28492 28514 I art     : Explicit concurrent mark sweep GC freed 3(96B) AllocSpace objects, 0(0B) LOS objects, 23% free, 52MB/68MB, paused 455us total 21.274ms
08-06 13:03:19.838 28492 29818 I art     : Starting a blocking GC Explicit
08-06 13:03:19.870 28492 29818 I art     : Explicit concurrent mark sweep GC freed 1347(78KB) AllocSpace objects, 1(20KB) LOS objects, 23% free, 52MB/68MB, paused 525us total 32.220ms
08-06 13:03:19.883 28492 29818 I art     : Starting a blocking GC Explicit
08-06 13:03:19.905 28492 29818 I art     : Explicit concurrent mark sweep GC freed 20(704B) AllocSpace objects, 0(0B) LOS objects, 23% free, 52MB/68MB, paused 464us total 21.763ms
08-06 13:03:19.913 28492 29818 I art     : Starting a blocking GC Explicit
08-06 13:03:19.933 28492 29818 I art     : Explicit concurrent mark sweep GC freed 3(96B) AllocSpace objects, 0(0B) LOS objects, 23% free, 52MB/68MB, paused 462us total 20.114ms
08-06 13:03:19.942 28492 29818 I art     : Starting a blocking GC Explicit
08-06 13:03:19.963 28492 29818 I art     : Explicit concurrent mark sweep GC freed 3(96B) AllocSpace objects, 0(0B) LOS objects, 23% free, 52MB/68MB, paused 464us total 20.823ms
08-06 13:03:19.972 28492 29818 I art     : Starting a blocking GC Explicit
08-06 13:03:19.993 28492 29818 I art     : Explicit concurrent mark sweep GC freed 3(96B) AllocSpace objects, 0(0B) LOS objects, 23% free, 52MB/68MB, paused 465us total 21.101ms
08-06 13:03:20.267 28492 28605 I art     : Starting a blocking GC Explicit
08-06 13:03:20.288 28492 28605 I art     : Explicit concurrent mark sweep GC freed 1346(78KB) AllocSpace objects, 1(20KB) LOS objects, 23% free, 52MB/68MB, paused 560us total 21.414ms
08-06 13:03:20.297 28492 28605 I art     : Starting a blocking GC Explicit
08-06 13:03:20.317 28492 28605 I art     : Explicit concurrent mark sweep GC freed 20(704B) AllocSpace objects, 0(0B) LOS objects, 23% free, 52MB/68MB, paused 525us total 19.492ms
08-06 13:03:20.325 28492 28605 I art     : Starting a blocking GC Explicit
08-06 13:03:20.345 28492 28605 I art     : Explicit concurrent mark sweep GC freed 3(96B) AllocSpace objects, 0(0B) LOS objects, 23% free, 52MB/68MB, paused 457us total 20.341ms
08-06 13:03:20.354 28492 28605 I art     : Starting a blocking GC Explicit
08-06 13:03:20.374 28492 28605 I art     : Explicit concurrent mark sweep GC freed 3(96B) AllocSpace objects, 0(0B) LOS objects, 23% free, 52MB/68MB, paused 487us total 19.954ms
08-06 13:03:20.382 28492 28605 I art     : Starting a blocking GC Explicit
08-06 13:03:20.403 28492 28605 I art     : Explicit concurrent mark sweep GC freed 3(96B) AllocSpace objects, 0(0B) LOS objects, 23% free, 52MB/68MB, paused 468us total 20.103ms
08-06 13:03:20.598 30679 30679 D AndroidRuntime: >>>>>> START com.android.internal.os.RuntimeInit uid 2000 <<<<<<
08-06 13:03:20.604 30679 30679 D AndroidRuntime: CheckJNI is OFF
08-06 13:03:20.636 30679 30679 D ICU     : No timezone override file found: /data/misc/zoneinfo/current/icu/icu_tzdata.dat
08-06 13:03:20.668 30679 30679 I Radio-JNI: register_android_hardware_Radio DONE
08-06 13:03:20.689 30679 30679 D AndroidRuntime: Calling main entry com.android.commands.input.Input
08-06 13:03:20.690 28492 28604 I art     : Starting a blocking GC Explicit
08-06 13:03:20.691 30679 30679 I Input   : injectMotionEvent: MotionEvent { action=ACTION_DOWN, actionButton=0, id[0]=0, x[0]=648.0, y[0]=1050.0, toolType[0]=TOOL_TYPE_UNKNOWN, buttonState=0, metaState=0, flags=0x0, edgeFlags=0x0, pointerCount=1, historySize=0, eventTime=882217103, downTime=882217103, deviceId=0, source=0x1002 }
08-06 13:03:20.695 30679 30679 I Input   : injectMotionEvent: MotionEvent { action=ACTION_UP, actionButton=0, id[0]=0, x[0]=648.0, y[0]=1050.0, toolType[0]=TOOL_TYPE_UNKNOWN, buttonState=0, metaState=0, flags=0x0, edgeFlags=0x0, pointerCount=1, historySize=0, eventTime=882217103, downTime=882217103, deviceId=0, source=0x1002 }
08-06 13:03:20.697 30679 30679 D AndroidRuntime: Shutting down VM
08-06 13:03:20.710   512  2967 D audio_hw_primary: out_set_parameters: enter: usecase(1: low-latency-playback) kvpairs: routing=2
08-06 13:03:20.717 28492 28604 I art     : Explicit concurrent mark sweep GC freed 1408(80KB) AllocSpace objects, 1(20KB) LOS objects, 23% free, 52MB/68MB, paused 6.939ms total 26.500ms
08-06 13:03:20.717   918  3714 I ActivityManager: START u0 {cmp=baseline.appteam.nith.hillffair/.activities.InformationActivity} from uid 10697 on display 0
08-06 13:03:20.725   512  2967 D audio_hw_primary: select_devices: out_snd_device(2: speaker) in_snd_device(0: none)
08-06 13:03:20.725   512  2967 D msm8974_platform: platform_send_audio_calibration: sending audio calibration for snd_device(2) acdb_id(15)
08-06 13:03:20.725 28492 28604 I art     : Starting a blocking GC Explicit
08-06 13:03:20.725   512  2967 I soundtrigger: audio_extn_sound_trigger_update_device_status: device 0x2 of type 0 for Event 1
08-06 13:03:20.737   512  2967 D audio_hw_primary: enable_snd_device: snd_device(2: speaker)
08-06 13:03:20.739   512  2967 D audio_hw_primary: enable_audio_route: apply and update mixer path: low-latency-playback speaker
08-06 13:03:20.746 28492 28604 I art     : Explicit concurrent mark sweep GC freed 502(35KB) AllocSpace objects, 0(0B) LOS objects, 23% free, 52MB/68MB, paused 578us total 20.727ms
08-06 13:03:20.754 28492 28604 I art     : Starting a blocking GC Explicit
08-06 13:03:20.774 28492 28604 I art     : Explicit concurrent mark sweep GC freed 406(40KB) AllocSpace objects, 0(0B) LOS objects, 23% free, 52MB/68MB, paused 576us total 19.518ms
08-06 13:03:20.781 28492 28604 I art     : Starting a blocking GC Explicit
08-06 13:03:20.801 28492 28604 I art     : Explicit concurrent mark sweep GC freed 147(6KB) AllocSpace objects, 0(0B) LOS objects, 23% free, 52MB/68MB, paused 467us total 19.301ms
08-06 13:03:20.809 28492 28604 I art     : Starting a blocking GC Explicit
08-06 13:03:20.828 28492 28604 I art     : Explicit concurrent mark sweep GC freed 97(3KB) AllocSpace objects, 0(0B) LOS objects, 23% free, 52MB/68MB, paused 511us total 19.370ms
08-06 13:03:20.852   918   936 I ActivityManager: Displayed baseline.appteam.nith.hillffair/.activities.InformationActivity: +123ms
08-06 13:03:20.852 13866 13866 I GoogleInputMethodServic: GoogleInputMethodService.onFinishInput():3138 
08-06 13:03:20.852 13866 13866 I GoogleInputMethodServic: GoogleInputMethodService.onStartInput():1808 
08-06 13:03:20.872 28492 28525 D OpenGLRenderer: endAllStagingAnimators on 0x7f81119c00 (RippleDrawable) with handle 0x7f7d6922c0
08-06 13:03:21.097 28492 28605 I art     : Starting a blocking GC Explicit
08-06 13:03:21.107   380   380 W SurfaceFlinger: couldn't log to binary event log: overflow.
08-06 13:03:21.122 28492 28605 I art     : Explicit concurrent mark sweep GC freed 1402(80KB) AllocSpace objects, 1(20KB) LOS objects, 23% free, 52MB/68MB, paused 431us total 24.802ms
08-06 13:03:21.129 28492 28605 I art     : Starting a blocking GC Explicit
08-06 13:03:21.147 28492 28605 I art     : Explicit concurrent mark sweep GC freed 36(1232B) AllocSpace objects, 0(0B) LOS objects, 23% free, 52MB/68MB, paused 408us total 17.672ms
08-06 13:03:21.155 28492 28605 I art     : Starting a blocking GC Explicit
08-06 13:03:21.174 28492 28605 I art     : Explicit concurrent mark sweep GC freed 3(96B) AllocSpace objects, 0(0B) LOS objects, 23% free, 52MB/68MB, paused 401us total 18.500ms
08-06 13:03:21.182 28492 28605 I art     : Starting a blocking GC Explicit
08-06 13:03:21.200 28492 28605 I art     : Explicit concurrent mark sweep GC freed 3(96B) AllocSpace objects, 0(0B) LOS objects, 23% free, 52MB/68MB, paused 399us total 18.296ms
08-06 13:03:21.208 28492 28605 I art     : Starting a blocking GC Explicit
08-06 13:03:21.227 28492 28605 I art     : Explicit concurrent mark sweep GC freed 100(6KB) AllocSpace objects, 0(0B) LOS objects, 23% free, 52MB/68MB, paused 438us total 19.159ms
08-06 13:03:21.279   512  2967 D audio_hw_primary: disable_audio_route: reset and update mixer path: low-latency-playback speaker
08-06 13:03:21.280   512  2967 D audio_hw_primary: disable_snd_device: snd_device(2: speaker)
08-06 13:03:21.288   512  2967 I soundtrigger: audio_extn_sound_trigger_update_device_status: device 0x2 of type 0 for Event 0
08-06 13:03:21.523 28492 28604 I art     : Starting a blocking GC Explicit
08-06 13:03:21.550 28492 28604 I art     : Explicit concurrent mark sweep GC freed 1364(79KB) AllocSpace objects, 1(20KB) LOS objects, 23% free, 52MB/68MB, paused 503us total 27.429ms
08-06 13:03:21.562 28492 28604 I art     : Starting a blocking GC Explicit
08-06 13:03:21.585 28492 28604 I art     : Explicit concurrent mark sweep GC freed 20(704B) AllocSpace objects, 0(0B) LOS objects, 23% free, 52MB/68MB, paused 453us total 22.259ms
08-06 13:03:21.594 28492 28604 I art     : Starting a blocking GC Explicit
08-06 13:03:21.616 28492 28604 I art     : Explicit concurrent mark sweep GC freed 3(96B) AllocSpace objects, 0(0B) LOS objects, 23% free, 52MB/68MB, paused 463us total 21.608ms
08-06 13:03:21.625 28492 28604 I art     : Starting a blocking GC Explicit
08-06 13:03:21.648 28492 28604 I art     : Explicit concurrent mark sweep GC freed 3(96B) AllocSpace objects, 0(0B) LOS objects, 23% free, 52MB/68MB, paused 508us total 22.520ms
08-06 13:03:21.657 28492 28604 I art     : Starting a blocking GC Explicit
08-06 13:03:21.679 28492 28604 I art     : Explicit concurrent mark sweep GC freed 3(96B) AllocSpace objects, 0(0B) LOS objects, 23% free, 52MB/68MB, paused 471us total 21.804ms
08-06 13:03:21.719   518   646 I ThermalEngine: ACTION: GPU - Setting GPU[0] to 450000000
08-06 13:03:21.727   918  3261 D WifiStateMachine: starting scan for "H369AA63323"WPA_PSK with 2412,5180
08-06 13:03:21.986 28492 29818 I art     : Starting a blocking GC Explicit
08-06 13:03:22.024 28492 29818 I art     : Explicit concurrent mark sweep GC freed 1347(78KB) AllocSpace objects, 1(20KB) LOS objects, 23% free, 52MB/68MB, paused 672us total 37.988ms
08-06 13:03:22.040 28492 29818 I art     : Starting a blocking GC Explicit
08-06 13:03:22.068 28492 29818 I art     : Explicit concurrent mark sweep GC freed 20(704B) AllocSpace objects, 0(0B) LOS objects, 23% free, 52MB/68MB, paused 633us total 27.789ms
08-06 13:03:22.079 28492 29818 I art     : Starting a blocking GC Explicit
08-06 13:03:22.107 28492 29818 I art     : Explicit concurrent mark sweep GC freed 3(96B) AllocSpace objects, 0(0B) LOS objects, 23% free, 52MB/68MB, paused 592us total 27.141ms
08-06 13:03:22.118 28492 29818 I art     : Starting a blocking GC Explicit
08-06 13:03:22.145 28492 29818 I art     : Explicit concurrent mark sweep GC freed 3(96B) AllocSpace objects, 0(0B) LOS objects, 23% free, 52MB/68MB, paused 589us total 27.472ms
08-06 13:03:22.157 28492 29818 I art     : Starting a blocking GC Explicit
08-06 13:03:22.185 28492 29818 I art     : Explicit concurrent mark sweep GC freed 3(96B) AllocSpace objects, 0(0B) LOS objects, 23% free, 52MB/68MB, paused 590us total 27.912ms
08-06 13:03:22.518 28492 28605 I art     : Starting a blocking GC Explicit
08-06 13:03:22.546 28492 28605 I art     : Explicit concurrent mark sweep GC freed 1368(79KB) AllocSpace objects, 1(20KB) LOS objects, 23% free, 52MB/68MB, paused 562us total 27.564ms
08-06 13:03:22.558 28492 28605 I art     : Starting a blocking GC Explicit
08-06 13:03:22.584 28492 28605 I art     : Explicit concurrent mark sweep GC freed 24(832B) AllocSpace objects, 0(0B) LOS objects, 23% free, 52MB/68MB, paused 605us total 26.269ms
08-06 13:03:22.596 28492 28605 I art     : Starting a blocking GC Explicit
08-06 13:03:22.624 28492 28605 I art     : Explicit concurrent mark sweep GC freed 8(256B) AllocSpace objects, 0(0B) LOS objects, 23% free, 52MB/68MB, paused 595us total 27.685ms
08-06 13:03:22.635 28492 28605 I art     : Starting a blocking GC Explicit
08-06 13:03:22.661 28492 28605 I art     : Explicit concurrent mark sweep GC freed 3(96B) AllocSpace objects, 0(0B) LOS objects, 23% free, 52MB/68MB, paused 558us total 25.724ms
08-06 13:03:22.672 28492 28605 I art     : Starting a blocking GC Explicit
08-06 13:03:22.700 28492 28605 I art     : Explicit concurrent mark sweep GC freed 3(96B) AllocSpace objects, 0(0B) LOS objects, 23% free, 52MB/68MB, paused 657us total 27.234ms
08-06 13:03:23.036 28492 28514 I art     : Starting a blocking GC Explicit
08-06 13:03:23.071 28492 28514 I art     : Explicit concurrent mark sweep GC freed 1347(78KB) AllocSpace objects, 1(20KB) LOS objects, 23% free, 52MB/68MB, paused 675us total 34.793ms
08-06 13:03:23.085 28492 28514 I art     : Starting a blocking GC Explicit
08-06 13:03:23.115 28492 28514 I art     : Explicit concurrent mark sweep GC freed 20(704B) AllocSpace objects, 0(0B) LOS objects, 23% free, 52MB/68MB, paused 633us total 29.676ms
08-06 13:03:23.127 28492 28514 I art     : Starting a blocking GC Explicit
08-06 13:03:23.155 28492 28514 I art     : Explicit concurrent mark sweep GC freed 3(96B) AllocSpace objects, 0(0B) LOS objects, 23% free, 52MB/68MB, paused 614us total 28.296ms
08-06 13:03:23.166 28492 28514 I art     : Starting a blocking GC Explicit
08-06 13:03:23.197 28492 28514 I art     : Explicit concurrent mark sweep GC freed 3(96B) AllocSpace objects, 0(0B) LOS objects, 23% free, 52MB/68MB, paused 765us total 30.440ms
08-06 13:03:23.209 28492 28514 I art     : Starting a blocking GC Explicit
08-06 13:03:23.238 28492 28514 I art     : Explicit concurrent mark sweep GC freed 3(96B) AllocSpace objects, 0(0B) LOS objects, 23% free, 52MB/68MB, paused 648us total 29.397ms
08-06 13:03:23.575 28492 28604 I art     : Starting a blocking GC Explicit
08-06 13:03:23.614 28492 28604 I art     : Explicit concurrent mark sweep GC freed 1347(78KB) AllocSpace objects, 1(20KB) LOS objects, 23% free, 52MB/68MB, paused 679us total 38.401ms
08-06 13:03:23.628 28492 28604 I art     : Starting a blocking GC Explicit
08-06 13:03:23.656 28492 28604 I art     : Explicit concurrent mark sweep GC freed 20(704B) AllocSpace objects, 0(0B) LOS objects, 23% free, 52MB/68MB, paused 630us total 27.828ms
08-06 13:03:23.667 28492 28604 I art     : Starting a blocking GC Explicit
08-06 13:03:23.697 28492 28604 I art     : Explicit concurrent mark sweep GC freed 3(96B) AllocSpace objects, 0(0B) LOS objects, 23% free, 52MB/68MB, paused 713us total 29.959ms
08-06 13:03:23.709 28492 28604 I art     : Starting a blocking GC Explicit
08-06 13:03:23.739 28492 28604 I art     : Explicit concurrent mark sweep GC freed 3(96B) AllocSpace objects, 0(0B) LOS objects, 23% free, 52MB/68MB, paused 584us total 29.802ms
08-06 13:03:23.750 28492 28604 I art     : Starting a blocking GC Explicit
08-06 13:03:23.779 28492 28604 I art     : Explicit concurrent mark sweep GC freed 3(96B) AllocSpace objects, 0(0B) LOS objects, 23% free, 52MB/68MB, paused 634us total 28.136ms
08-06 13:03:24.110 28492 29818 I art     : Starting a blocking GC Explicit
08-06 13:03:24.149 28492 29818 I art     : Explicit concurrent mark sweep GC freed 1347(78KB) AllocSpace objects, 1(20KB) LOS objects, 23% free, 52MB/68MB, paused 749us total 39.072ms
08-06 13:03:24.165 28492 29818 I art     : Starting a blocking GC Explicit
08-06 13:03:24.194 28492 29818 I art     : Explicit concurrent mark sweep GC freed 20(704B) AllocSpace objects, 0(0B) LOS objects, 23% free, 52MB/68MB, paused 605us total 29.143ms
08-06 13:03:24.206 28492 29818 I art     : Starting a blocking GC Explicit
08-06 13:03:24.236 28492 29818 I art     : Explicit concurrent mark sweep GC freed 3(96B) AllocSpace objects, 0(0B) LOS objects, 23% free, 52MB/68MB, paused 610us total 29.628ms
08-06 13:03:24.247 28492 29818 I art     : Starting a blocking GC Explicit
08-06 13:03:24.277 28492 29818 I art     : Explicit concurrent mark sweep GC freed 3(96B) AllocSpace objects, 0(0B) LOS objects, 23% free, 52MB/68MB, paused 595us total 29.232ms
08-06 13:03:24.288 28492 29818 I art     : Starting a blocking GC Explicit
08-06 13:03:24.318 28492 29818 I art     : Explicit concurrent mark sweep GC freed 3(96B) AllocSpace objects, 0(0B) LOS objects, 23% free, 52MB/68MB, paused 726us total 28.991ms
08-06 13:03:24.658 28492 28513 I art     : Starting a blocking GC Explicit
08-06 13:03:24.688 28492 28513 I art     : Explicit concurrent mark sweep GC freed 1347(78KB) AllocSpace objects, 1(20KB) LOS objects, 23% free, 52MB/68MB, paused 624us total 29.870ms
08-06 13:03:24.700 28492 28513 I art     : Starting a blocking GC Explicit
08-06 13:03:24.727 28492 28513 I art     : Explicit concurrent mark sweep GC freed 20(704B) AllocSpace objects, 0(0B) LOS objects, 23% free, 52MB/68MB, paused 659us total 27.096ms
08-06 13:03:24.738 28492 28513 I art     : Starting a blocking GC Explicit
08-06 13:03:24.766 28492 28513 I art     : Explicit concurrent mark sweep GC freed 3(96B) AllocSpace objects, 0(0B) LOS objects, 23% free, 52MB/68MB, paused 593us total 27.074ms
08-06 13:03:24.777 28492 28513 I art     : Starting a blocking GC Explicit
08-06 13:03:24.806 28492 28513 I art     : Explicit concurrent mark sweep GC freed 3(96B) AllocSpace objects, 0(0B) LOS objects, 23% free, 52MB/68MB, paused 606us total 29.031ms
08-06 13:03:24.818 28492 28513 I art     : Starting a blocking GC Explicit
08-06 13:03:24.848 28492 28513 I art     : Explicit concurrent mark sweep GC freed 3(96B) AllocSpace objects, 0(0B) LOS objects, 23% free, 52MB/68MB, paused 663us total 29.599ms
08-06 13:03:25.135 28492 28605 I art     : Starting a blocking GC Explicit
08-06 13:03:25.167 28492 28605 I art     : Explicit concurrent mark sweep GC freed 1347(78KB) AllocSpace objects, 1(20KB) LOS objects, 23% free, 52MB/68MB, paused 633us total 31.719ms
08-06 13:03:25.182 28492 28605 I art     : Starting a blocking GC Explicit
08-06 13:03:25.209 28492 28605 I art     : Explicit concurrent mark sweep GC freed 20(704B) AllocSpace objects, 0(0B) LOS objects, 23% free, 52MB/68MB, paused 595us total 26.531ms
08-06 13:03:25.219 28492 28605 I art     : Starting a blocking GC Explicit
08-06 13:03:25.246 28492 28605 I art     : Explicit concurrent mark sweep GC freed 3(96B) AllocSpace objects, 0(0B) LOS objects, 23% free, 52MB/68MB, paused 608us total 25.980ms
08-06 13:03:25.257 28492 28605 I art     : Starting a blocking GC Explicit
08-06 13:03:25.283 28492 28605 I art     : Explicit concurrent mark sweep GC freed 3(96B) AllocSpace objects, 0(0B) LOS objects, 23% free, 52MB/68MB, paused 607us total 26.438ms
08-06 13:03:25.294 28492 28605 I art     : Starting a blocking GC Explicit
08-06 13:03:25.322 28492 28605 I art     : Explicit concurrent mark sweep GC freed 3(96B) AllocSpace objects, 0(0B) LOS objects, 23% free, 52MB/68MB, paused 614us total 27.475ms
08-06 13:03:25.519 30792 30792 D AndroidRuntime: >>>>>> START com.android.internal.os.RuntimeInit uid 2000 <<<<<<
08-06 13:03:25.526 30792 30792 D AndroidRuntime: CheckJNI is OFF
08-06 13:03:25.567 30792 30792 D ICU     : No timezone override file found: /data/misc/zoneinfo/current/icu/icu_tzdata.dat
08-06 13:03:25.609 30792 30792 I Radio-JNI: register_android_hardware_Radio DONE
08-06 13:03:25.639 30792 30792 D AndroidRuntime: Calling main entry com.android.commands.input.Input
08-06 13:03:25.641 30792 30792 I Input   : injectKeyEvent: KeyEvent { action=ACTION_DOWN, keyCode=KEYCODE_BACK, scanCode=0, metaState=0, flags=0x0, repeatCount=0, eventTime=882222054, downTime=882222054, deviceId=-1, source=0x101 }
08-06 13:03:25.645 30792 30792 I Input   : injectKeyEvent: KeyEvent { action=ACTION_UP, keyCode=KEYCODE_BACK, scanCode=0, metaState=0, flags=0x0, repeatCount=0, eventTime=882222054, downTime=882222054, deviceId=-1, source=0x101 }
08-06 13:03:25.647 28492 28514 I art     : Starting a blocking GC Explicit
08-06 13:03:25.652 30792 30792 D AndroidRuntime: Shutting down VM
08-06 13:03:25.673 28492 28514 I art     : Explicit concurrent mark sweep GC freed 1446(83KB) AllocSpace objects, 1(20KB) LOS objects, 23% free, 52MB/68MB, paused 606us total 26.066ms
08-06 13:03:25.684 28492 28514 I art     : Starting a blocking GC Explicit
08-06 13:03:25.690 13866 13866 I GoogleInputMethodServic: GoogleInputMethodService.onFinishInput():3138 
08-06 13:03:25.691 13866 13866 I GoogleInputMethodServic: GoogleInputMethodService.onStartInput():1808 
08-06 13:03:25.708 28492 28514 I art     : Explicit concurrent mark sweep GC freed 56(2080B) AllocSpace objects, 0(0B) LOS objects, 23% free, 52MB/68MB, paused 585us total 24.166ms
08-06 13:03:25.720 28492 28514 I art     : Starting a blocking GC Explicit
08-06 13:03:25.726   518   646 I ThermalEngine: ACTION: GPU - Setting GPU[0] to 510000000
08-06 13:03:25.745 28492 28514 I art     : Explicit concurrent mark sweep GC freed 13(448B) AllocSpace objects, 0(0B) LOS objects, 23% free, 52MB/68MB, paused 600us total 25.097ms
08-06 13:03:25.755 28492 28514 I art     : Starting a blocking GC Explicit
08-06 13:03:25.777 28492 28514 I art     : Explicit concurrent mark sweep GC freed 3(96B) AllocSpace objects, 0(0B) LOS objects, 23% free, 52MB/68MB, paused 526us total 21.534ms
08-06 13:03:25.785 28492 28514 I art     : Starting a blocking GC Explicit
08-06 13:03:25.808 28492 28514 I art     : Explicit concurrent mark sweep GC freed 3(96B) AllocSpace objects, 0(0B) LOS objects, 23% free, 52MB/68MB, paused 457us total 21.950ms
08-06 13:03:25.977   380   380 W SurfaceFlinger: couldn't log to binary event log: overflow.
08-06 13:03:26.062 28492 28604 I art     : Starting a blocking GC Explicit
08-06 13:03:26.083 28492 28604 I art     : Explicit concurrent mark sweep GC freed 1457(87KB) AllocSpace objects, 1(20KB) LOS objects, 23% free, 52MB/68MB, paused 438us total 20.541ms
08-06 13:03:26.091 28492 28604 I art     : Starting a blocking GC Explicit
08-06 13:03:26.112 28492 28604 I art     : Explicit concurrent mark sweep GC freed 1401(90KB) AllocSpace objects, 1(28KB) LOS objects, 23% free, 52MB/68MB, paused 491us total 20.862ms
08-06 13:03:26.121 28492 28604 I art     : Starting a blocking GC Explicit
08-06 13:03:26.142 28492 28604 I art     : Explicit concurrent mark sweep GC freed 3(96B) AllocSpace objects, 0(0B) LOS objects, 23% free, 52MB/68MB, paused 446us total 20.692ms
08-06 13:03:26.142 28492 28512 I art     : WaitForGcToComplete blocked for 19.905ms for cause HeapTrim
08-06 13:03:26.150 28492 28604 I art     : Starting a blocking GC Explicit
08-06 13:03:26.171 28492 28604 I art     : Explicit concurrent mark sweep GC freed 3(96B) AllocSpace objects, 0(0B) LOS objects, 23% free, 52MB/68MB, paused 446us total 20.571ms
08-06 13:03:26.180 28492 28604 I art     : Starting a blocking GC Explicit
08-06 13:03:26.201 28492 28604 I art     : Explicit concurrent mark sweep GC freed 3(96B) AllocSpace objects, 0(0B) LOS objects, 23% free, 52MB/68MB, paused 455us total 21.160ms
08-06 13:03:26.493 28492 28605 I art     : Starting a blocking GC Explicit
08-06 13:03:26.519 28492 28605 I art     : Explicit concurrent mark sweep GC freed 1347(78KB) AllocSpace objects, 1(20KB) LOS objects, 23% free, 52MB/68MB, paused 636us total 24.949ms
08-06 13:03:26.530 28492 28605 I art     : Starting a blocking GC Explicit
08-06 13:03:26.552 28492 28605 I art     : Explicit concurrent mark sweep GC freed 20(704B) AllocSpace objects, 0(0B) LOS objects, 23% free, 52MB/68MB, paused 449us total 21.209ms
08-06 13:03:26.561 28492 28605 I art     : Starting a blocking GC Explicit
08-06 13:03:26.582 28492 28605 I art     : Explicit concurrent mark sweep GC freed 3(96B) AllocSpace objects, 0(0B) LOS objects, 23% free, 52MB/68MB, paused 452us total 21.330ms
08-06 13:03:26.591 28492 28605 I art     : Starting a blocking GC Explicit
08-06 13:03:26.612 28492 28605 I art     : Explicit concurrent mark sweep GC freed 3(96B) AllocSpace objects, 0(0B) LOS objects, 23% free, 52MB/68MB, paused 439us total 21.095ms
08-06 13:03:26.621 28492 28605 I art     : Starting a blocking GC Explicit
08-06 13:03:26.643 28492 28605 I art     : Explicit concurrent mark sweep GC freed 3(96B) AllocSpace objects, 0(0B) LOS objects, 23% free, 52MB/68MB, paused 445us total 21.598ms
08-06 13:03:26.944 28492 29818 I art     : Starting a blocking GC Explicit
08-06 13:03:26.966 28492 29818 I art     : Explicit concurrent mark sweep GC freed 1346(78KB) AllocSpace objects, 1(20KB) LOS objects, 23% free, 52MB/68MB, paused 445us total 21.821ms
08-06 13:03:26.975 28492 29818 I art     : Starting a blocking GC Explicit
08-06 13:03:26.996 28492 29818 I art     : Explicit concurrent mark sweep GC freed 20(704B) AllocSpace objects, 0(0B) LOS objects, 23% free, 52MB/68MB, paused 466us total 20.813ms
08-06 13:03:27.005 28492 29818 I art     : Starting a blocking GC Explicit
08-06 13:03:27.026 28492 29818 I art     : Explicit concurrent mark sweep GC freed 3(96B) AllocSpace objects, 0(0B) LOS objects, 23% free, 52MB/68MB, paused 445us total 20.733ms
08-06 13:03:27.034 28492 29818 I art     : Starting a blocking GC Explicit
08-06 13:03:27.055 28492 29818 I art     : Explicit concurrent mark sweep GC freed 3(96B) AllocSpace objects, 0(0B) LOS objects, 23% free, 52MB/68MB, paused 430us total 20.271ms
08-06 13:03:27.063 28492 29818 I art     : Starting a blocking GC Explicit
08-06 13:03:27.083 28492 29818 I art     : Explicit concurrent mark sweep GC freed 3(96B) AllocSpace objects, 0(0B) LOS objects, 23% free, 52MB/68MB, paused 442us total 19.844ms
08-06 13:03:27.315 30856 30856 D AndroidRuntime: >>>>>> START com.android.internal.os.RuntimeInit uid 2000 <<<<<<
08-06 13:03:27.321 30856 30856 D AndroidRuntime: CheckJNI is OFF
08-06 13:03:27.357 30856 30856 D ICU     : No timezone override file found: /data/misc/zoneinfo/current/icu/icu_tzdata.dat
08-06 13:03:27.379 28492 28605 I art     : Starting a blocking GC Explicit
08-06 13:03:27.390 30856 30856 I Radio-JNI: register_android_hardware_Radio DONE
08-06 13:03:27.400 28492 28605 I art     : Explicit concurrent mark sweep GC freed 1361(78KB) AllocSpace objects, 1(20KB) LOS objects, 23% free, 52MB/68MB, paused 517us total 20.940ms
08-06 13:03:27.409 28492 28605 I art     : Starting a blocking GC Explicit
08-06 13:03:27.413 30856 30856 D AndroidRuntime: Calling main entry com.android.commands.input.Input
08-06 13:03:27.415 30856 30856 I Input   : injectMotionEvent: MotionEvent { action=ACTION_DOWN, actionButton=0, id[0]=0, x[0]=756.0, y[0]=1530.0, toolType[0]=TOOL_TYPE_UNKNOWN, buttonState=0, metaState=0, flags=0x0, edgeFlags=0x0, pointerCount=1, historySize=0, eventTime=882223827, downTime=882223827, deviceId=0, source=0x1002 }
08-06 13:03:27.420 30856 30856 I Input   : injectMotionEvent: MotionEvent { action=ACTION_UP, actionButton=0, id[0]=0, x[0]=756.0, y[0]=1530.0, toolType[0]=TOOL_TYPE_UNKNOWN, buttonState=0, metaState=0, flags=0x0, edgeFlags=0x0, pointerCount=1, historySize=0, eventTime=882223827, downTime=882223827, deviceId=0, source=0x1002 }
08-06 13:03:27.422 30856 30856 D AndroidRuntime: Shutting down VM
08-06 13:03:27.431 28492 28605 I art     : Explicit concurrent mark sweep GC freed 49(1760B) AllocSpace objects, 0(0B) LOS objects, 23% free, 52MB/68MB, paused 693us total 21.141ms
08-06 13:03:27.431   918  6112 I ActivityManager: START u0 {cmp=baseline.appteam.nith.hillffair/.activities.LeaderBoardActivity} from uid 10697 on display 0
08-06 13:03:27.434   512  2967 D audio_hw_primary: out_set_parameters: enter: usecase(1: low-latency-playback) kvpairs: routing=2
08-06 13:03:27.441 28492 28605 I art     : Starting a blocking GC Explicit
08-06 13:03:27.447   512  2967 D audio_hw_primary: select_devices: out_snd_device(2: speaker) in_snd_device(0: none)
08-06 13:03:27.447   512  2967 D msm8974_platform: platform_send_audio_calibration: sending audio calibration for snd_device(2) acdb_id(15)
08-06 13:03:27.447   512  2967 I soundtrigger: audio_extn_sound_trigger_update_device_status: device 0x2 of type 0 for Event 1
08-06 13:03:27.460   512  2967 D audio_hw_primary: enable_snd_device: snd_device(2: speaker)
08-06 13:03:27.460 28492 28605 I art     : Explicit concurrent mark sweep GC freed 68(2384B) AllocSpace objects, 0(0B) LOS objects, 23% free, 52MB/68MB, paused 468us total 19.026ms
08-06 13:03:27.462   512  2967 D audio_hw_primary: enable_audio_route: apply and update mixer path: low-latency-playback speaker
08-06 13:03:27.468 28492 28605 I art     : Starting a blocking GC Explicit
08-06 13:03:27.490 28492 28605 I art     : Explicit concurrent mark sweep GC freed 4586(255KB) AllocSpace objects, 0(0B) LOS objects, 23% free, 52MB/68MB, paused 897us total 21.746ms
08-06 13:03:27.498 28492 28605 I art     : Starting a blocking GC Explicit
08-06 13:03:27.518 28492 28605 I art     : Explicit concurrent mark sweep GC freed 595(63KB) AllocSpace objects, 0(0B) LOS objects, 23% free, 52MB/68MB, paused 607us total 19.416ms
08-06 13:03:27.536 28492 28492 E RecyclerView: No adapter attached; skipping layout
08-06 13:03:27.538 28492 28492 E RecyclerView: No adapter attached; skipping layout
08-06 13:03:27.553   918   936 I ActivityManager: Displayed baseline.appteam.nith.hillffair/.activities.LeaderBoardActivity: +104ms
08-06 13:03:27.553 13866 13866 I GoogleInputMethodServic: GoogleInputMethodService.onFinishInput():3138 
08-06 13:03:27.554 13866 13866 I GoogleInputMethodServic: GoogleInputMethodService.onStartInput():1808 
08-06 13:03:27.554 28492 28492 E RecyclerView: No adapter attached; skipping layout
08-06 13:03:27.574 28492 28525 D OpenGLRenderer: endAllStagingAnimators on 0x7f825cf800 (RippleDrawable) with handle 0x7f80459520
08-06 13:03:27.784 28492 29818 I art     : Starting a blocking GC Explicit
08-06 13:03:27.809 28492 29818 I art     : Explicit concurrent mark sweep GC freed 1623(92KB) AllocSpace objects, 1(20KB) LOS objects, 23% free, 53MB/69MB, paused 501us total 25.498ms
08-06 13:03:27.814   380   380 W SurfaceFlinger: couldn't log to binary event log: overflow.
08-06 13:03:27.820 28492 29818 I art     : Starting a blocking GC Explicit
08-06 13:03:27.841 28492 29818 I art     : Explicit concurrent mark sweep GC freed 48(1616B) AllocSpace objects, 0(0B) LOS objects, 23% free, 53MB/69MB, paused 459us total 20.019ms
08-06 13:03:27.848 28492 29818 I art     : Starting a blocking GC Explicit
08-06 13:03:27.867 28492 29818 I art     : Explicit concurrent mark sweep GC freed 3(96B) AllocSpace objects, 0(0B) LOS objects, 23% free, 53MB/69MB, paused 497us total 18.110ms
08-06 13:03:27.874 28492 29818 I art     : Starting a blocking GC Explicit
08-06 13:03:27.894 28492 29818 I art     : Explicit concurrent mark sweep GC freed 3(96B) AllocSpace objects, 0(0B) LOS objects, 23% free, 53MB/69MB, paused 533us total 18.974ms
08-06 13:03:27.902 28492 29818 I art     : Starting a blocking GC Explicit
08-06 13:03:27.921 28492 29818 I art     : Explicit concurrent mark sweep GC freed 3(96B) AllocSpace objects, 0(0B) LOS objects, 23% free, 53MB/69MB, paused 447us total 18.835ms
08-06 13:03:27.998   512  2967 D audio_hw_primary: disable_audio_route: reset and update mixer path: low-latency-playback speaker
08-06 13:03:27.999   512  2967 D audio_hw_primary: disable_snd_device: snd_device(2: speaker)
08-06 13:03:28.002 28492 30879 D OkHttp  : --> GET https://api-hillfair-2k16.herokuapp.com/api/app/quiz/leaderboard?from=1 http/1.1
08-06 13:03:28.007   512  2967 I soundtrigger: audio_extn_sound_trigger_update_device_status: device 0x2 of type 0 for Event 0
08-06 13:03:28.040 28492 30879 D OkHttp  : <-- 200 OK https://api-hillfair-2k16.herokuapp.com/api/app/quiz/leaderboard?from=1 (37ms, 56744-byte body)
08-06 13:03:28.148 28492 28492 I NAPPA_EXPERIMENTATION: MetricNetworkRequestExecutionTime: REQUEST_DURATION_SYSTEM='664',REQUEST_DURATION_OKHTTP='38',REQUEST_SYNCHRONOUS='FALSE',RESPONSE_CODE='200',RESPONSE_METHOD='GET',RESPONSE_LENGTH_OKHTTP='56744',RESPONSE_LENGTH_HEADER='56744',REQUEST_PROTOCOL='http/1.1',REQUEST_URL='https://api-hillfair-2k16.herokuapp.com/api/app/quiz/leaderboard?from=1',
08-06 13:03:28.179 28492 28513 I art     : Starting a blocking GC Explicit
08-06 13:03:28.220 28492 28513 I art     : Explicit concurrent mark sweep GC freed 30354(1450KB) AllocSpace objects, 4(220KB) LOS objects, 23% free, 53MB/69MB, paused 2.823ms total 41.226ms
08-06 13:03:28.230 28492 28513 I art     : Starting a blocking GC Explicit
08-06 13:03:28.252 28492 28513 I art     : Explicit concurrent mark sweep GC freed 1129(122KB) AllocSpace objects, 0(0B) LOS objects, 23% free, 53MB/69MB, paused 430us total 21.565ms
08-06 13:03:28.260 28492 28513 I art     : Starting a blocking GC Explicit
08-06 13:03:28.283 28492 28513 I art     : Explicit concurrent mark sweep GC freed 5(192B) AllocSpace objects, 0(0B) LOS objects, 23% free, 53MB/69MB, paused 483us total 22.034ms
08-06 13:03:28.291 28492 28513 I art     : Starting a blocking GC Explicit
08-06 13:03:28.314 28492 28513 I art     : Explicit concurrent mark sweep GC freed 3(96B) AllocSpace objects, 0(0B) LOS objects, 23% free, 53MB/69MB, paused 465us total 22.566ms
08-06 13:03:28.323 28492 28513 I art     : Starting a blocking GC Explicit
08-06 13:03:28.347 28492 28513 I art     : Explicit concurrent mark sweep GC freed 3(96B) AllocSpace objects, 0(0B) LOS objects, 23% free, 53MB/69MB, paused 664us total 23.752ms
08-06 13:03:28.637 28492 29818 I art     : Starting a blocking GC Explicit
08-06 13:03:28.670 28492 29818 I art     : Explicit concurrent mark sweep GC freed 1347(78KB) AllocSpace objects, 1(20KB) LOS objects, 23% free, 53MB/69MB, paused 519us total 32.137ms
08-06 13:03:28.683 28492 29818 I art     : Starting a blocking GC Explicit
08-06 13:03:28.707 28492 29818 I art     : Explicit concurrent mark sweep GC freed 20(704B) AllocSpace objects, 0(0B) LOS objects, 23% free, 53MB/69MB, paused 565us total 24.131ms
08-06 13:03:28.716 28492 29818 I art     : Starting a blocking GC Explicit
08-06 13:03:28.733   518   646 I ThermalEngine: ACTION: GPU - Setting GPU[0] to 450000000
08-06 13:03:28.743 28492 29818 I art     : Explicit concurrent mark sweep GC freed 3(96B) AllocSpace objects, 0(0B) LOS objects, 23% free, 53MB/69MB, paused 648us total 26.439ms
08-06 13:03:28.754 28492 29818 I art     : Starting a blocking GC Explicit
08-06 13:03:28.784 28492 29818 I art     : Explicit concurrent mark sweep GC freed 3(96B) AllocSpace objects, 0(0B) LOS objects, 23% free, 53MB/69MB, paused 626us total 29.291ms
08-06 13:03:28.796 28492 29818 I art     : Starting a blocking GC Explicit
08-06 13:03:28.826 28492 29818 I art     : Explicit concurrent mark sweep GC freed 3(96B) AllocSpace objects, 0(0B) LOS objects, 23% free, 53MB/69MB, paused 627us total 29.837ms
08-06 13:03:29.167 28492 28514 I art     : Starting a blocking GC Explicit
08-06 13:03:29.205 28492 28514 I art     : Explicit concurrent mark sweep GC freed 1347(78KB) AllocSpace objects, 1(20KB) LOS objects, 23% free, 53MB/69MB, paused 715us total 37.266ms
08-06 13:03:29.219 28492 28514 I art     : Starting a blocking GC Explicit
08-06 13:03:29.254 28492 28514 I art     : Explicit concurrent mark sweep GC freed 20(704B) AllocSpace objects, 0(0B) LOS objects, 23% free, 53MB/69MB, paused 628us total 34.819ms
08-06 13:03:29.266 28492 28514 I art     : Starting a blocking GC Explicit
08-06 13:03:29.298 28492 28514 I art     : Explicit concurrent mark sweep GC freed 3(96B) AllocSpace objects, 0(0B) LOS objects, 23% free, 53MB/69MB, paused 633us total 31.867ms
08-06 13:03:29.310 28492 28514 I art     : Starting a blocking GC Explicit
08-06 13:03:29.342 28492 28514 I art     : Explicit concurrent mark sweep GC freed 3(96B) AllocSpace objects, 0(0B) LOS objects, 23% free, 53MB/69MB, paused 669us total 32.066ms
08-06 13:03:29.354 28492 28514 I art     : Starting a blocking GC Explicit
08-06 13:03:29.384 28492 28514 I art     : Explicit concurrent mark sweep GC freed 3(96B) AllocSpace objects, 0(0B) LOS objects, 23% free, 53MB/69MB, paused 709us total 29.819ms
08-06 13:03:29.727 28492 28604 I art     : Starting a blocking GC Explicit
08-06 13:03:29.766 28492 28604 I art     : Explicit concurrent mark sweep GC freed 1347(78KB) AllocSpace objects, 1(20KB) LOS objects, 23% free, 53MB/69MB, paused 696us total 38.332ms
08-06 13:03:29.780 28492 28604 I art     : Starting a blocking GC Explicit
08-06 13:03:29.812 28492 28604 I art     : Explicit concurrent mark sweep GC freed 20(704B) AllocSpace objects, 0(0B) LOS objects, 23% free, 53MB/69MB, paused 653us total 31.363ms
08-06 13:03:29.824 28492 28604 I art     : Starting a blocking GC Explicit
08-06 13:03:29.856 28492 28604 I art     : Explicit concurrent mark sweep GC freed 3(96B) AllocSpace objects, 0(0B) LOS objects, 23% free, 53MB/69MB, paused 673us total 32.144ms
08-06 13:03:29.868 28492 28604 I art     : Starting a blocking GC Explicit
08-06 13:03:29.900 28492 28604 I art     : Explicit concurrent mark sweep GC freed 3(96B) AllocSpace objects, 0(0B) LOS objects, 23% free, 53MB/69MB, paused 655us total 31.232ms
08-06 13:03:29.911 28492 28604 I art     : Starting a blocking GC Explicit
08-06 13:03:29.944 28492 28604 I art     : Explicit concurrent mark sweep GC freed 3(96B) AllocSpace objects, 0(0B) LOS objects, 23% free, 53MB/69MB, paused 679us total 32.021ms
08-06 13:03:30.282 28492 28605 I art     : Starting a blocking GC Explicit
08-06 13:03:30.320 28492 28605 I art     : Explicit concurrent mark sweep GC freed 1347(78KB) AllocSpace objects, 1(20KB) LOS objects, 23% free, 53MB/69MB, paused 699us total 37.080ms
08-06 13:03:30.333 28492 28605 I art     : Starting a blocking GC Explicit
08-06 13:03:30.363 28492 28605 I art     : Explicit concurrent mark sweep GC freed 20(704B) AllocSpace objects, 0(0B) LOS objects, 23% free, 53MB/69MB, paused 636us total 29.386ms
08-06 13:03:30.375 28492 28605 I art     : Starting a blocking GC Explicit
08-06 13:03:30.407 28492 28605 I art     : Explicit concurrent mark sweep GC freed 3(96B) AllocSpace objects, 0(0B) LOS objects, 23% free, 53MB/69MB, paused 727us total 32.027ms
08-06 13:03:30.419 28492 28605 I art     : Starting a blocking GC Explicit
08-06 13:03:30.452 28492 28605 I art     : Explicit concurrent mark sweep GC freed 3(96B) AllocSpace objects, 0(0B) LOS objects, 23% free, 53MB/69MB, paused 657us total 32.287ms
08-06 13:03:30.464 28492 28605 I art     : Starting a blocking GC Explicit
08-06 13:03:30.495 28492 28605 I art     : Explicit concurrent mark sweep GC freed 3(96B) AllocSpace objects, 0(0B) LOS objects, 23% free, 53MB/69MB, paused 626us total 30.539ms
08-06 13:03:30.632   918  3188 I hubconnection: sensorhub said: 'set_bias 3: -6.2400, 0.0000, 0.0000'
08-06 13:03:30.854 28492 28513 I art     : Starting a blocking GC Explicit
08-06 13:03:30.896 28492 28513 I art     : Explicit concurrent mark sweep GC freed 1347(78KB) AllocSpace objects, 1(20KB) LOS objects, 23% free, 53MB/69MB, paused 775us total 41.472ms
08-06 13:03:30.911 28492 28513 I art     : Starting a blocking GC Explicit
08-06 13:03:30.947 28492 28513 I art     : Explicit concurrent mark sweep GC freed 20(704B) AllocSpace objects, 0(0B) LOS objects, 23% free, 53MB/69MB, paused 692us total 36.288ms
08-06 13:03:30.960 28492 28513 I art     : Starting a blocking GC Explicit
08-06 13:03:30.991 28492 28513 I art     : Explicit concurrent mark sweep GC freed 3(96B) AllocSpace objects, 0(0B) LOS objects, 23% free, 53MB/69MB, paused 701us total 30.861ms
08-06 13:03:31.002 28492 28513 I art     : Starting a blocking GC Explicit
08-06 13:03:31.034 28492 28513 I art     : Explicit concurrent mark sweep GC freed 3(96B) AllocSpace objects, 0(0B) LOS objects, 23% free, 53MB/69MB, paused 660us total 31.424ms
08-06 13:03:31.046 28492 28513 I art     : Starting a blocking GC Explicit
08-06 13:03:31.079 28492 28513 I art     : Explicit concurrent mark sweep GC freed 3(96B) AllocSpace objects, 0(0B) LOS objects, 23% free, 53MB/69MB, paused 655us total 32.151ms
08-06 13:03:31.417 28492 29818 I art     : Starting a blocking GC Explicit
08-06 13:03:31.455 28492 29818 I art     : Explicit concurrent mark sweep GC freed 1347(78KB) AllocSpace objects, 1(20KB) LOS objects, 23% free, 53MB/69MB, paused 662us total 37.827ms
08-06 13:03:31.470 28492 29818 I art     : Starting a blocking GC Explicit
08-06 13:03:31.501 28492 29818 I art     : Explicit concurrent mark sweep GC freed 20(704B) AllocSpace objects, 0(0B) LOS objects, 23% free, 53MB/69MB, paused 672us total 31.176ms
08-06 13:03:31.513 28492 29818 I art     : Starting a blocking GC Explicit
08-06 13:03:31.545 28492 29818 I art     : Explicit concurrent mark sweep GC freed 3(96B) AllocSpace objects, 0(0B) LOS objects, 23% free, 53MB/69MB, paused 642us total 31.684ms
08-06 13:03:31.557 28492 29818 I art     : Starting a blocking GC Explicit
08-06 13:03:31.589 28492 29818 I art     : Explicit concurrent mark sweep GC freed 3(96B) AllocSpace objects, 0(0B) LOS objects, 23% free, 53MB/69MB, paused 621us total 31.746ms
08-06 13:03:31.601 28492 29818 I art     : Starting a blocking GC Explicit
08-06 13:03:31.630 28492 29818 I art     : Explicit concurrent mark sweep GC freed 3(96B) AllocSpace objects, 0(0B) LOS objects, 23% free, 53MB/69MB, paused 594us total 28.740ms
08-06 13:03:31.738   518   646 I ThermalEngine: ACTION: GPU - Setting GPU[0] to 510000000
08-06 13:03:31.918 28492 28514 I art     : Starting a blocking GC Explicit
08-06 13:03:31.952 28492 28514 I art     : Explicit concurrent mark sweep GC freed 1347(78KB) AllocSpace objects, 1(20KB) LOS objects, 23% free, 53MB/69MB, paused 684us total 33.952ms
08-06 13:03:31.968 28492 28514 I art     : Starting a blocking GC Explicit
08-06 13:03:31.998 28492 28514 I art     : Explicit concurrent mark sweep GC freed 20(704B) AllocSpace objects, 0(0B) LOS objects, 23% free, 53MB/69MB, paused 706us total 29.479ms
08-06 13:03:32.010 28492 28514 I art     : Starting a blocking GC Explicit
08-06 13:03:32.040 28492 28514 I art     : Explicit concurrent mark sweep GC freed 3(96B) AllocSpace objects, 0(0B) LOS objects, 23% free, 53MB/69MB, paused 685us total 29.794ms
08-06 13:03:32.051 28492 28514 I art     : Starting a blocking GC Explicit
08-06 13:03:32.082 28492 28514 I art     : Explicit concurrent mark sweep GC freed 3(96B) AllocSpace objects, 0(0B) LOS objects, 23% free, 53MB/69MB, paused 661us total 30.917ms
08-06 13:03:32.094 28492 28514 I art     : Starting a blocking GC Explicit
08-06 13:03:32.124 28492 28514 I art     : Explicit concurrent mark sweep GC freed 3(96B) AllocSpace objects, 0(0B) LOS objects, 23% free, 53MB/69MB, paused 670us total 29.309ms
08-06 13:03:32.238 30961 30961 D AndroidRuntime: >>>>>> START com.android.internal.os.RuntimeInit uid 2000 <<<<<<
08-06 13:03:32.246 30961 30961 D AndroidRuntime: CheckJNI is OFF
08-06 13:03:32.294 30961 30961 D ICU     : No timezone override file found: /data/misc/zoneinfo/current/icu/icu_tzdata.dat
08-06 13:03:32.339 30961 30961 I Radio-JNI: register_android_hardware_Radio DONE
08-06 13:03:32.367 30961 30961 D AndroidRuntime: Calling main entry com.android.commands.input.Input
08-06 13:03:32.369 30961 30961 I Input   : injectKeyEvent: KeyEvent { action=ACTION_DOWN, keyCode=KEYCODE_BACK, scanCode=0, metaState=0, flags=0x0, repeatCount=0, eventTime=882228782, downTime=882228782, deviceId=-1, source=0x101 }
08-06 13:03:32.374 30961 30961 I Input   : injectKeyEvent: KeyEvent { action=ACTION_UP, keyCode=KEYCODE_BACK, scanCode=0, metaState=0, flags=0x0, repeatCount=0, eventTime=882228782, downTime=882228782, deviceId=-1, source=0x101 }
08-06 13:03:32.380 30961 30961 D AndroidRuntime: Shutting down VM
08-06 13:03:32.417 13866 13866 I GoogleInputMethodServic: GoogleInputMethodService.onFinishInput():3138 
08-06 13:03:32.418 13866 13866 I GoogleInputMethodServic: GoogleInputMethodService.onStartInput():1808 
08-06 13:03:32.446 28492 29818 I art     : Starting a blocking GC Explicit
08-06 13:03:32.475 28492 29818 I art     : Explicit concurrent mark sweep GC freed 1485(84KB) AllocSpace objects, 1(20KB) LOS objects, 23% free, 53MB/69MB, paused 587us total 28.571ms
08-06 13:03:32.485 28492 29818 I art     : Starting a blocking GC Explicit
08-06 13:03:32.510 28492 29818 I art     : Explicit concurrent mark sweep GC freed 26(944B) AllocSpace objects, 0(0B) LOS objects, 23% free, 53MB/69MB, paused 555us total 24.356ms
08-06 13:03:32.520 28492 29818 I art     : Starting a blocking GC Explicit
08-06 13:03:32.545 28492 29818 I art     : Explicit concurrent mark sweep GC freed 3(96B) AllocSpace objects, 0(0B) LOS objects, 23% free, 53MB/69MB, paused 571us total 24.708ms
08-06 13:03:32.556 28492 29818 I art     : Starting a blocking GC Explicit
08-06 13:03:32.583 28492 29818 I art     : Explicit concurrent mark sweep GC freed 3(96B) AllocSpace objects, 0(0B) LOS objects, 23% free, 53MB/69MB, paused 669us total 26.739ms
08-06 13:03:32.595 28492 29818 I art     : Starting a blocking GC Explicit
08-06 13:03:32.621 28492 29818 I art     : Explicit concurrent mark sweep GC freed 3(96B) AllocSpace objects, 0(0B) LOS objects, 23% free, 53MB/69MB, paused 559us total 25.756ms
08-06 13:03:32.718   380   380 W SurfaceFlinger: couldn't log to binary event log: overflow.
08-06 13:03:32.887 28492 29818 I art     : Starting a blocking GC Explicit
08-06 13:03:32.912 28492 29818 I art     : Explicit concurrent mark sweep GC freed 1466(87KB) AllocSpace objects, 1(20KB) LOS objects, 23% free, 53MB/69MB, paused 488us total 24.840ms
08-06 13:03:32.921 28492 29818 I art     : Starting a blocking GC Explicit
08-06 13:03:32.944 28492 29818 I art     : Explicit concurrent mark sweep GC freed 4698(269KB) AllocSpace objects, 2(140KB) LOS objects, 23% free, 52MB/68MB, paused 431us total 22.432ms
08-06 13:03:32.952 28492 29818 I art     : Starting a blocking GC Explicit
08-06 13:03:32.974 28492 29818 I art     : Explicit concurrent mark sweep GC freed 3(96B) AllocSpace objects, 0(0B) LOS objects, 23% free, 52MB/68MB, paused 465us total 21.572ms
08-06 13:03:32.983 28492 29818 I art     : Starting a blocking GC Explicit
08-06 13:03:33.005 28492 29818 I art     : Explicit concurrent mark sweep GC freed 3(96B) AllocSpace objects, 0(0B) LOS objects, 23% free, 52MB/68MB, paused 477us total 21.439ms
08-06 13:03:33.013 28492 29818 I art     : Starting a blocking GC Explicit
08-06 13:03:33.035 28492 29818 I art     : Explicit concurrent mark sweep GC freed 3(96B) AllocSpace objects, 0(0B) LOS objects, 23% free, 52MB/68MB, paused 475us total 21.253ms
08-06 13:03:33.336 28492 28513 I art     : Starting a blocking GC Explicit
08-06 13:03:33.361 28492 28513 I art     : Explicit concurrent mark sweep GC freed 1347(78KB) AllocSpace objects, 1(20KB) LOS objects, 23% free, 52MB/68MB, paused 544us total 25.082ms
08-06 13:03:33.372 28492 28513 I art     : Starting a blocking GC Explicit
08-06 13:03:33.394 28492 28513 I art     : Explicit concurrent mark sweep GC freed 20(704B) AllocSpace objects, 0(0B) LOS objects, 23% free, 52MB/68MB, paused 468us total 21.129ms
08-06 13:03:33.402 28492 28513 I art     : Starting a blocking GC Explicit
08-06 13:03:33.424 28492 28513 I art     : Explicit concurrent mark sweep GC freed 3(96B) AllocSpace objects, 0(0B) LOS objects, 23% free, 52MB/68MB, paused 473us total 21.844ms
08-06 13:03:33.433 28492 28513 I art     : Starting a blocking GC Explicit
08-06 13:03:33.456 28492 28513 I art     : Explicit concurrent mark sweep GC freed 3(96B) AllocSpace objects, 0(0B) LOS objects, 23% free, 52MB/68MB, paused 470us total 21.942ms
08-06 13:03:33.464 28492 28513 I art     : Starting a blocking GC Explicit
08-06 13:03:33.487 28492 28513 I art     : Explicit concurrent mark sweep GC freed 3(96B) AllocSpace objects, 0(0B) LOS objects, 23% free, 52MB/68MB, paused 470us total 21.839ms
08-06 13:03:33.756 28492 28605 I art     : Starting a blocking GC Explicit
08-06 13:03:33.778 28492 28605 I art     : Explicit concurrent mark sweep GC freed 1346(78KB) AllocSpace objects, 1(20KB) LOS objects, 23% free, 52MB/68MB, paused 496us total 21.667ms
08-06 13:03:33.787 28492 28605 I art     : Starting a blocking GC Explicit
08-06 13:03:33.809 28492 28605 I art     : Explicit concurrent mark sweep GC freed 20(704B) AllocSpace objects, 0(0B) LOS objects, 23% free, 52MB/68MB, paused 493us total 21.364ms
08-06 13:03:33.817 28492 28605 I art     : Starting a blocking GC Explicit
08-06 13:03:33.839 28492 28605 I art     : Explicit concurrent mark sweep GC freed 3(96B) AllocSpace objects, 0(0B) LOS objects, 23% free, 52MB/68MB, paused 490us total 21.185ms
08-06 13:03:33.847 28492 28605 I art     : Starting a blocking GC Explicit
08-06 13:03:33.868 28492 28605 I art     : Explicit concurrent mark sweep GC freed 3(96B) AllocSpace objects, 0(0B) LOS objects, 23% free, 52MB/68MB, paused 498us total 20.135ms
08-06 13:03:33.876 28492 28605 I art     : Starting a blocking GC Explicit
08-06 13:03:33.897 28492 28605 I art     : Explicit concurrent mark sweep GC freed 3(96B) AllocSpace objects, 0(0B) LOS objects, 23% free, 52MB/68MB, paused 504us total 20.517ms
08-06 13:03:34.060 31016 31016 D AndroidRuntime: >>>>>> START com.android.internal.os.RuntimeInit uid 2000 <<<<<<
08-06 13:03:34.065 31016 31016 D AndroidRuntime: CheckJNI is OFF
08-06 13:03:34.097 31016 31016 D ICU     : No timezone override file found: /data/misc/zoneinfo/current/icu/icu_tzdata.dat
08-06 13:03:34.128 31016 31016 I Radio-JNI: register_android_hardware_Radio DONE
08-06 13:03:34.149 31016 31016 D AndroidRuntime: Calling main entry com.android.commands.input.Input
08-06 13:03:34.151 31016 31016 I Input   : injectKeyEvent: KeyEvent { action=ACTION_DOWN, keyCode=KEYCODE_BACK, scanCode=0, metaState=0, flags=0x0, repeatCount=0, eventTime=882230564, downTime=882230564, deviceId=-1, source=0x101 }
08-06 13:03:34.155 31016 31016 I Input   : injectKeyEvent: KeyEvent { action=ACTION_UP, keyCode=KEYCODE_BACK, scanCode=0, metaState=0, flags=0x0, repeatCount=0, eventTime=882230564, downTime=882230564, deviceId=-1, source=0x101 }
08-06 13:03:34.161 31016 31016 D AndroidRuntime: Shutting down VM
08-06 13:03:34.186 28492 28605 I art     : Starting a blocking GC Explicit
08-06 13:03:34.207 28492 28605 I art     : Explicit concurrent mark sweep GC freed 1510(85KB) AllocSpace objects, 1(20KB) LOS objects, 23% free, 52MB/68MB, paused 532us total 20.893ms
08-06 13:03:34.215 28492 28605 I art     : Starting a blocking GC Explicit
08-06 13:03:34.235 28492 28605 I art     : Explicit concurrent mark sweep GC freed 21(736B) AllocSpace objects, 0(0B) LOS objects, 23% free, 52MB/68MB, paused 436us total 18.995ms
08-06 13:03:34.245 28492 28605 I art     : Starting a blocking GC Explicit
08-06 13:03:34.256 13866 13866 I GoogleInputMethodServic: GoogleInputMethodService.onFinishInput():3138 
08-06 13:03:34.257 13866 13866 I GoogleInputMethodServic: GoogleInputMethodService.onStartInput():1808 
08-06 13:03:34.265 28492 28605 I art     : Explicit concurrent mark sweep GC freed 53(1760B) AllocSpace objects, 0(0B) LOS objects, 23% free, 52MB/68MB, paused 494us total 20.370ms
08-06 13:03:34.275 28492 28605 I art     : Starting a blocking GC Explicit
08-06 13:03:34.294 28492 28605 I art     : Explicit concurrent mark sweep GC freed 8(368B) AllocSpace objects, 0(0B) LOS objects, 23% free, 52MB/68MB, paused 416us total 18.983ms
08-06 13:03:34.302 28492 28605 I art     : Starting a blocking GC Explicit
08-06 13:03:34.320 28492 28605 I art     : Explicit concurrent mark sweep GC freed 7(256B) AllocSpace objects, 0(0B) LOS objects, 23% free, 52MB/68MB, paused 464us total 18.249ms
08-06 13:03:34.339 29105 29105 I ServiceManager: Waiting for service AtCmdFwd...
08-06 13:03:34.520   380   380 W SurfaceFlinger: couldn't log to binary event log: overflow.
08-06 13:03:34.579 28492 28514 I art     : Starting a blocking GC Explicit
08-06 13:03:34.601 28492 28514 I art     : Explicit concurrent mark sweep GC freed 1464(87KB) AllocSpace objects, 1(20KB) LOS objects, 23% free, 52MB/68MB, paused 505us total 21.596ms
08-06 13:03:34.610 28492 28514 I art     : Starting a blocking GC Explicit
08-06 13:03:34.630 28492 28514 I art     : Explicit concurrent mark sweep GC freed 2096(122KB) AllocSpace objects, 3(340KB) LOS objects, 23% free, 52MB/68MB, paused 459us total 20.207ms
08-06 13:03:34.638 28492 28514 I art     : Starting a blocking GC Explicit
08-06 13:03:34.657 28492 28514 I art     : Explicit concurrent mark sweep GC freed 3(96B) AllocSpace objects, 0(0B) LOS objects, 23% free, 52MB/68MB, paused 468us total 18.688ms
08-06 13:03:34.666 28492 28514 I art     : Starting a blocking GC Explicit
08-06 13:03:34.687 28492 28514 I art     : Explicit concurrent mark sweep GC freed 3(96B) AllocSpace objects, 0(0B) LOS objects, 23% free, 52MB/68MB, paused 592us total 20.730ms
08-06 13:03:34.695 28492 28514 I art     : Starting a blocking GC Explicit
08-06 13:03:34.716 28492 28514 I art     : Explicit concurrent mark sweep GC freed 3(96B) AllocSpace objects, 0(0B) LOS objects, 23% free, 52MB/68MB, paused 483us total 20.847ms
08-06 13:03:34.745   518   646 I ThermalEngine: ACTION: GPU - Setting GPU[0] to 450000000
08-06 13:03:35.028 28492 29818 I art     : Starting a blocking GC Explicit
08-06 13:03:35.062 28492 29818 I art     : Explicit concurrent mark sweep GC freed 1359(79KB) AllocSpace objects, 1(20KB) LOS objects, 23% free, 52MB/68MB, paused 806us total 33.705ms
08-06 13:03:35.076 28492 29818 I art     : Starting a blocking GC Explicit
08-06 13:03:35.103 28492 29818 I art     : Explicit concurrent mark sweep GC freed 34(1136B) AllocSpace objects, 0(0B) LOS objects, 23% free, 52MB/68MB, paused 617us total 26.383ms
08-06 13:03:35.114 28492 29818 I art     : Starting a blocking GC Explicit
08-06 13:03:35.141 28492 29818 I art     : Explicit concurrent mark sweep GC freed 3(96B) AllocSpace objects, 0(0B) LOS objects, 23% free, 52MB/68MB, paused 604us total 26.206ms
08-06 13:03:35.152 28492 29818 I art     : Starting a blocking GC Explicit
08-06 13:03:35.178 28492 29818 I art     : Explicit concurrent mark sweep GC freed 3(96B) AllocSpace objects, 0(0B) LOS objects, 23% free, 52MB/68MB, paused 686us total 25.983ms
08-06 13:03:35.189 28492 29818 I art     : Starting a blocking GC Explicit
08-06 13:03:35.215 28492 29818 I art     : Explicit concurrent mark sweep GC freed 3(96B) AllocSpace objects, 0(0B) LOS objects, 23% free, 52MB/68MB, paused 610us total 25.492ms
08-06 13:03:35.340 29105 29105 I ServiceManager: Waiting for service AtCmdFwd...
08-06 13:03:35.514 28492 28604 I art     : Starting a blocking GC Explicit
08-06 13:03:35.540 28492 28604 I art     : Explicit concurrent mark sweep GC freed 1344(78KB) AllocSpace objects, 1(20KB) LOS objects, 23% free, 52MB/68MB, paused 625us total 25.869ms
08-06 13:03:35.551 28492 28604 I art     : Starting a blocking GC Explicit
08-06 13:03:35.576 28492 28604 I art     : Explicit concurrent mark sweep GC freed 20(704B) AllocSpace objects, 0(0B) LOS objects, 23% free, 52MB/68MB, paused 616us total 25.012ms
08-06 13:03:35.587 28492 28604 I art     : Starting a blocking GC Explicit
08-06 13:03:35.612 28492 28604 I art     : Explicit concurrent mark sweep GC freed 3(96B) AllocSpace objects, 0(0B) LOS objects, 23% free, 52MB/68MB, paused 594us total 25.100ms
08-06 13:03:35.623 28492 28604 I art     : Starting a blocking GC Explicit
08-06 13:03:35.649 28492 28604 I art     : Explicit concurrent mark sweep GC freed 3(96B) AllocSpace objects, 0(0B) LOS objects, 23% free, 52MB/68MB, paused 640us total 25.458ms
08-06 13:03:35.659 28492 28604 I art     : Starting a blocking GC Explicit
08-06 13:03:35.685 28492 28604 I art     : Explicit concurrent mark sweep GC freed 3(96B) AllocSpace objects, 0(0B) LOS objects, 23% free, 52MB/68MB, paused 623us total 25.055ms
08-06 13:03:35.948 31072 31072 D AndroidRuntime: >>>>>> START com.android.internal.os.RuntimeInit uid 2000 <<<<<<
08-06 13:03:35.955 31072 31072 D AndroidRuntime: CheckJNI is OFF
08-06 13:03:35.999 31072 31072 D ICU     : No timezone override file found: /data/misc/zoneinfo/current/icu/icu_tzdata.dat
08-06 13:03:36.005 28492 28513 I art     : Starting a blocking GC Explicit
08-06 13:03:36.032 28492 28513 I art     : Explicit concurrent mark sweep GC freed 1344(78KB) AllocSpace objects, 1(20KB) LOS objects, 23% free, 52MB/68MB, paused 638us total 25.784ms
08-06 13:03:36.043 28492 28513 I art     : Starting a blocking GC Explicit
08-06 13:03:36.045 31072 31072 I Radio-JNI: register_android_hardware_Radio DONE
08-06 13:03:36.070 28492 28513 I art     : Explicit concurrent mark sweep GC freed 20(704B) AllocSpace objects, 0(0B) LOS objects, 23% free, 52MB/68MB, paused 630us total 26.390ms
08-06 13:03:36.074 31072 31072 D AndroidRuntime: Calling main entry com.android.commands.input.Input
08-06 13:03:36.076 31072 31072 I Input   : injectMotionEvent: MotionEvent { action=ACTION_DOWN, actionButton=0, id[0]=0, x[0]=1053.0, y[0]=1173.0, toolType[0]=TOOL_TYPE_UNKNOWN, buttonState=0, metaState=0, flags=0x0, edgeFlags=0x0, pointerCount=1, historySize=0, eventTime=882232489, downTime=882232489, deviceId=0, source=0x1002 }
08-06 13:03:36.081 28492 28513 I art     : Starting a blocking GC Explicit
08-06 13:03:36.083 31072 31072 I Input   : injectMotionEvent: MotionEvent { action=ACTION_UP, actionButton=0, id[0]=0, x[0]=1053.0, y[0]=1173.0, toolType[0]=TOOL_TYPE_UNKNOWN, buttonState=0, metaState=0, flags=0x0, edgeFlags=0x0, pointerCount=1, historySize=0, eventTime=882232489, downTime=882232489, deviceId=0, source=0x1002 }
08-06 13:03:36.085   918  4413 I ActivityManager: START u0 {cmp=baseline.appteam.nith.hillffair/.activities.QuizActivity} from uid 10697 on display 0
08-06 13:03:36.093 31072 31072 D AndroidRuntime: Shutting down VM
08-06 13:03:36.106 28492 28513 I art     : Explicit concurrent mark sweep GC freed 69(4KB) AllocSpace objects, 0(0B) LOS objects, 23% free, 52MB/68MB, paused 727us total 25.182ms
08-06 13:03:36.117 28492 28513 I art     : Starting a blocking GC Explicit
08-06 13:03:36.142 28492 28513 I art     : Explicit concurrent mark sweep GC freed 580(45KB) AllocSpace objects, 0(0B) LOS objects, 23% free, 52MB/68MB, paused 675us total 24.551ms
08-06 13:03:36.152 28492 28513 I art     : Starting a blocking GC Explicit
08-06 13:03:36.177 28492 28513 I art     : Explicit concurrent mark sweep GC freed 168(7KB) AllocSpace objects, 0(0B) LOS objects, 23% free, 52MB/68MB, paused 680us total 24.405ms
08-06 13:03:36.205   918   936 I ActivityManager: Displayed baseline.appteam.nith.hillffair/.activities.QuizActivity: +111ms
08-06 13:03:36.205 13866 13866 I GoogleInputMethodServic: GoogleInputMethodService.onFinishInput():3138 
08-06 13:03:36.205 13866 13866 I GoogleInputMethodServic: GoogleInputMethodService.onStartInput():1808 
08-06 13:03:36.340 29105 29105 I ServiceManager: Waiting for service AtCmdFwd...
08-06 13:03:36.450 28492 28514 I art     : Starting a blocking GC Explicit
08-06 13:03:36.456   380   380 W SurfaceFlinger: couldn't log to binary event log: overflow.
08-06 13:03:36.474 28492 28514 I art     : Explicit concurrent mark sweep GC freed 1511(84KB) AllocSpace objects, 1(20KB) LOS objects, 23% free, 52MB/68MB, paused 566us total 24.037ms
08-06 13:03:36.474 28492 28512 I art     : WaitForGcToComplete blocked for 18.800ms for cause HeapTrim
08-06 13:03:36.484 28492 28514 I art     : Starting a blocking GC Explicit
08-06 13:03:36.507 28492 28514 I art     : Explicit concurrent mark sweep GC freed 26(912B) AllocSpace objects, 0(0B) LOS objects, 23% free, 52MB/68MB, paused 613us total 22.637ms
08-06 13:03:36.518 28492 28514 I art     : Starting a blocking GC Explicit
08-06 13:03:36.541 28492 28514 I art     : Explicit concurrent mark sweep GC freed 3(96B) AllocSpace objects, 0(0B) LOS objects, 23% free, 52MB/68MB, paused 547us total 23.108ms
08-06 13:03:36.552 28492 28514 I art     : Starting a blocking GC Explicit
08-06 13:03:36.575 28492 28514 I art     : Explicit concurrent mark sweep GC freed 70(4KB) AllocSpace objects, 0(0B) LOS objects, 23% free, 52MB/68MB, paused 648us total 23.399ms
08-06 13:03:36.585 28492 28514 I art     : Starting a blocking GC Explicit
08-06 13:03:36.609 28492 28514 I art     : Explicit concurrent mark sweep GC freed 6(192B) AllocSpace objects, 0(0B) LOS objects, 23% free, 52MB/68MB, paused 548us total 23.216ms
08-06 13:03:36.901 28492 29818 I art     : Starting a blocking GC Explicit
08-06 13:03:36.933 28492 29818 I art     : Explicit concurrent mark sweep GC freed 1346(78KB) AllocSpace objects, 1(20KB) LOS objects, 23% free, 52MB/68MB, paused 642us total 31.381ms
08-06 13:03:36.947 28492 29818 I art     : Starting a blocking GC Explicit
08-06 13:03:36.978 28492 29818 I art     : Explicit concurrent mark sweep GC freed 20(704B) AllocSpace objects, 0(0B) LOS objects, 23% free, 52MB/68MB, paused 631us total 30.790ms
08-06 13:03:36.989 28492 29818 I art     : Starting a blocking GC Explicit
08-06 13:03:37.015 28492 29818 I art     : Explicit concurrent mark sweep GC freed 3(96B) AllocSpace objects, 0(0B) LOS objects, 23% free, 52MB/68MB, paused 606us total 26.378ms
08-06 13:03:37.027 28492 29818 I art     : Starting a blocking GC Explicit
08-06 13:03:37.054 28492 29818 I art     : Explicit concurrent mark sweep GC freed 3(96B) AllocSpace objects, 0(0B) LOS objects, 23% free, 52MB/68MB, paused 597us total 27.348ms
08-06 13:03:37.065 28492 29818 I art     : Starting a blocking GC Explicit
08-06 13:03:37.093 28492 29818 I art     : Explicit concurrent mark sweep GC freed 3(96B) AllocSpace objects, 0(0B) LOS objects, 23% free, 52MB/68MB, paused 590us total 26.935ms
08-06 13:03:37.341 29105 29105 I ServiceManager: Waiting for service AtCmdFwd...
08-06 13:03:37.400 28492 28604 I art     : Starting a blocking GC Explicit
08-06 13:03:37.436 28492 28604 I art     : Explicit concurrent mark sweep GC freed 1346(78KB) AllocSpace objects, 1(20KB) LOS objects, 23% free, 52MB/68MB, paused 652us total 35.677ms
08-06 13:03:37.450 28492 28604 I art     : Starting a blocking GC Explicit
08-06 13:03:37.478 28492 28604 I art     : Explicit concurrent mark sweep GC freed 20(704B) AllocSpace objects, 0(0B) LOS objects, 23% free, 52MB/68MB, paused 637us total 27.657ms
08-06 13:03:37.489 28492 28604 I art     : Starting a blocking GC Explicit
08-06 13:03:37.516 28492 28604 I art     : Explicit concurrent mark sweep GC freed 3(96B) AllocSpace objects, 0(0B) LOS objects, 23% free, 52MB/68MB, paused 610us total 27.048ms
08-06 13:03:37.527 28492 28604 I art     : Starting a blocking GC Explicit
08-06 13:03:37.555 28492 28604 I art     : Explicit concurrent mark sweep GC freed 3(96B) AllocSpace objects, 0(0B) LOS objects, 23% free, 52MB/68MB, paused 618us total 27.321ms
08-06 13:03:37.566 28492 28604 I art     : Starting a blocking GC Explicit
08-06 13:03:37.592 28492 28604 I art     : Explicit concurrent mark sweep GC freed 3(96B) AllocSpace objects, 0(0B) LOS objects, 23% free, 52MB/68MB, paused 612us total 26.019ms
08-06 13:03:37.905 28492 28604 I art     : Starting a blocking GC Explicit
08-06 13:03:37.934 28492 28604 I art     : Explicit concurrent mark sweep GC freed 1369(79KB) AllocSpace objects, 1(20KB) LOS objects, 23% free, 52MB/68MB, paused 664us total 28.814ms
08-06 13:03:37.946 28492 28604 I art     : Starting a blocking GC Explicit
08-06 13:03:37.972 28492 28604 I art     : Explicit concurrent mark sweep GC freed 25(864B) AllocSpace objects, 0(0B) LOS objects, 23% free, 52MB/68MB, paused 619us total 25.450ms
08-06 13:03:37.982 28492 28604 I art     : Starting a blocking GC Explicit
08-06 13:03:38.009 28492 28604 I art     : Explicit concurrent mark sweep GC freed 5(160B) AllocSpace objects, 0(0B) LOS objects, 23% free, 52MB/68MB, paused 636us total 26.918ms
08-06 13:03:38.021 28492 28604 I art     : Starting a blocking GC Explicit
08-06 13:03:38.048 28492 28604 I art     : Explicit concurrent mark sweep GC freed 3(96B) AllocSpace objects, 0(0B) LOS objects, 23% free, 52MB/68MB, paused 631us total 26.611ms
08-06 13:03:38.059 28492 28604 I art     : Starting a blocking GC Explicit
08-06 13:03:38.087 28492 28604 I art     : Explicit concurrent mark sweep GC freed 3(96B) AllocSpace objects, 0(0B) LOS objects, 23% free, 52MB/68MB, paused 720us total 28.114ms
08-06 13:03:38.342 29105 29105 I ServiceManager: Waiting for service AtCmdFwd...
08-06 13:03:38.412 28492 28605 I art     : Starting a blocking GC Explicit
08-06 13:03:38.439 28492 28605 I art     : Explicit concurrent mark sweep GC freed 1346(78KB) AllocSpace objects, 1(20KB) LOS objects, 23% free, 52MB/68MB, paused 628us total 26.647ms
08-06 13:03:38.450 28492 28605 I art     : Starting a blocking GC Explicit
08-06 13:03:38.479 28492 28605 I art     : Explicit concurrent mark sweep GC freed 20(704B) AllocSpace objects, 0(0B) LOS objects, 23% free, 52MB/68MB, paused 708us total 28.088ms
08-06 13:03:38.490 28492 28605 I art     : Starting a blocking GC Explicit
08-06 13:03:38.518 28492 28605 I art     : Explicit concurrent mark sweep GC freed 3(96B) AllocSpace objects, 0(0B) LOS objects, 23% free, 52MB/68MB, paused 631us total 28.181ms
08-06 13:03:38.529 28492 28605 I art     : Starting a blocking GC Explicit
08-06 13:03:38.557 28492 28605 I art     : Explicit concurrent mark sweep GC freed 3(96B) AllocSpace objects, 0(0B) LOS objects, 23% free, 52MB/68MB, paused 697us total 27.178ms
08-06 13:03:38.568 28492 28605 I art     : Starting a blocking GC Explicit
08-06 13:03:38.596 28492 28605 I art     : Explicit concurrent mark sweep GC freed 3(96B) AllocSpace objects, 0(0B) LOS objects, 23% free, 52MB/68MB, paused 618us total 27.132ms
08-06 13:03:38.879 31150 31150 D AndroidRuntime: >>>>>> START com.android.internal.os.RuntimeInit uid 2000 <<<<<<
08-06 13:03:38.885 31150 31150 D AndroidRuntime: CheckJNI is OFF
08-06 13:03:38.928 31150 31150 D ICU     : No timezone override file found: /data/misc/zoneinfo/current/icu/icu_tzdata.dat
08-06 13:03:38.929 28492 28513 I art     : Starting a blocking GC Explicit
08-06 13:03:38.955 28492 28513 I art     : Explicit concurrent mark sweep GC freed 1346(78KB) AllocSpace objects, 1(20KB) LOS objects, 23% free, 52MB/68MB, paused 648us total 26.567ms
08-06 13:03:38.967 28492 28513 I art     : Starting a blocking GC Explicit
08-06 13:03:38.971 31150 31150 I Radio-JNI: register_android_hardware_Radio DONE
08-06 13:03:38.993 28492 28513 I art     : Explicit concurrent mark sweep GC freed 20(704B) AllocSpace objects, 0(0B) LOS objects, 23% free, 52MB/68MB, paused 639us total 26.028ms
08-06 13:03:39.001 31150 31150 D AndroidRuntime: Calling main entry com.android.commands.input.Input
08-06 13:03:39.003 31150 31150 I Input   : injectMotionEvent: MotionEvent { action=ACTION_DOWN, actionButton=0, id[0]=0, x[0]=756.0, y[0]=1530.0, toolType[0]=TOOL_TYPE_UNKNOWN, buttonState=0, metaState=0, flags=0x0, edgeFlags=0x0, pointerCount=1, historySize=0, eventTime=882235415, downTime=882235415, deviceId=0, source=0x1002 }
08-06 13:03:39.004 28492 28513 I art     : Starting a blocking GC Explicit
08-06 13:03:39.010 31150 31150 I Input   : injectMotionEvent: MotionEvent { action=ACTION_UP, actionButton=0, id[0]=0, x[0]=756.0, y[0]=1530.0, toolType[0]=TOOL_TYPE_UNKNOWN, buttonState=0, metaState=0, flags=0x0, edgeFlags=0x0, pointerCount=1, historySize=0, eventTime=882235415, downTime=882235415, deviceId=0, source=0x1002 }
08-06 13:03:39.012 31150 31150 D AndroidRuntime: Shutting down VM
08-06 13:03:39.028   918  3670 I ActivityManager: START u0 {cmp=baseline.appteam.nith.hillffair/.activities.LeaderBoardActivity} from uid 10697 on display 0
08-06 13:03:39.029   512  2967 D audio_hw_primary: out_set_parameters: enter: usecase(1: low-latency-playback) kvpairs: routing=2
08-06 13:03:39.030 28492 28513 I art     : Explicit concurrent mark sweep GC freed 34(1200B) AllocSpace objects, 0(0B) LOS objects, 23% free, 52MB/68MB, paused 720us total 25.211ms
08-06 13:03:39.042   512  2967 D audio_hw_primary: select_devices: out_snd_device(2: speaker) in_snd_device(0: none)
08-06 13:03:39.042   512  2967 D msm8974_platform: platform_send_audio_calibration: sending audio calibration for snd_device(2) acdb_id(15)
08-06 13:03:39.042 28492 28513 I art     : Starting a blocking GC Explicit
08-06 13:03:39.042   512  2967 I soundtrigger: audio_extn_sound_trigger_update_device_status: device 0x2 of type 0 for Event 1
08-06 13:03:39.054   512  2967 D audio_hw_primary: enable_snd_device: snd_device(2: speaker)
08-06 13:03:39.056   512  2967 D audio_hw_primary: enable_audio_route: apply and update mixer path: low-latency-playback speaker
08-06 13:03:39.069 28492 28513 I art     : Explicit concurrent mark sweep GC freed 769(41KB) AllocSpace objects, 0(0B) LOS objects, 23% free, 52MB/68MB, paused 1.073ms total 27.223ms
08-06 13:03:39.081 28492 28513 I art     : Starting a blocking GC Explicit
08-06 13:03:39.109 28492 28513 I art     : Explicit concurrent mark sweep GC freed 4424(273KB) AllocSpace objects, 0(0B) LOS objects, 23% free, 52MB/68MB, paused 692us total 27.357ms
08-06 13:03:39.132 28492 28492 E RecyclerView: No adapter attached; skipping layout
08-06 13:03:39.138 28492 28492 E RecyclerView: No adapter attached; skipping layout
08-06 13:03:39.152   918   936 I ActivityManager: Displayed baseline.appteam.nith.hillffair/.activities.LeaderBoardActivity: +111ms
08-06 13:03:39.153 13866 13866 I GoogleInputMethodServic: GoogleInputMethodService.onFinishInput():3138 
08-06 13:03:39.153 28492 28492 E RecyclerView: No adapter attached; skipping layout
08-06 13:03:39.154 13866 13866 I GoogleInputMethodServic: GoogleInputMethodService.onStartInput():1808 
08-06 13:03:39.178 28492 28525 D OpenGLRenderer: endAllStagingAnimators on 0x7f7d8bf000 (RippleDrawable) with handle 0x7f7d735080
08-06 13:03:39.342 29105 29105 W Atfwd_Sendcmd: AtCmdFwd service not published, waiting... retryCnt : 5
08-06 13:03:39.392   380   380 W SurfaceFlinger: couldn't log to binary event log: overflow.
08-06 13:03:39.395 28492 28514 I art     : Starting a blocking GC Explicit
08-06 13:03:39.422 28492 28514 I art     : Explicit concurrent mark sweep GC freed 1699(99KB) AllocSpace objects, 1(20KB) LOS objects, 23% free, 52MB/68MB, paused 655us total 27.253ms
08-06 13:03:39.433 28492 28514 I art     : Starting a blocking GC Explicit
08-06 13:03:39.458 28492 28514 I art     : Explicit concurrent mark sweep GC freed 44(1488B) AllocSpace objects, 0(0B) LOS objects, 23% free, 52MB/68MB, paused 679us total 24.579ms
08-06 13:03:39.468 28492 28514 I art     : Starting a blocking GC Explicit
08-06 13:03:39.494 28492 28514 I art     : Explicit concurrent mark sweep GC freed 5(160B) AllocSpace objects, 0(0B) LOS objects, 23% free, 52MB/68MB, paused 693us total 25.343ms
08-06 13:03:39.505 28492 28514 I art     : Starting a blocking GC Explicit
08-06 13:03:39.532 28492 28514 I art     : Explicit concurrent mark sweep GC freed 59(4KB) AllocSpace objects, 0(0B) LOS objects, 23% free, 53MB/69MB, paused 870us total 27.218ms
08-06 13:03:39.545 28492 28514 I art     : Starting a blocking GC Explicit
08-06 13:03:39.572 28492 28514 I art     : Explicit concurrent mark sweep GC freed 102(4KB) AllocSpace objects, 0(0B) LOS objects, 23% free, 52MB/68MB, paused 706us total 26.829ms
08-06 13:03:39.598   512  2967 D audio_hw_primary: disable_audio_route: reset and update mixer path: low-latency-playback speaker
08-06 13:03:39.599   512  2967 D audio_hw_primary: disable_snd_device: snd_device(2: speaker)
08-06 13:03:39.607   512  2967 I soundtrigger: audio_extn_sound_trigger_update_device_status: device 0x2 of type 0 for Event 0
08-06 13:03:39.871 28492 28605 I art     : Starting a blocking GC Explicit
08-06 13:03:39.887 28492 31177 D OkHttp  : --> GET https://api-hillfair-2k16.herokuapp.com/api/app/quiz/leaderboard?from=1 http/1.1
08-06 13:03:39.901 28492 28605 I art     : Explicit concurrent mark sweep GC freed 3900(210KB) AllocSpace objects, 4(220KB) LOS objects, 23% free, 53MB/69MB, paused 730us total 29.793ms
08-06 13:03:39.911 28492 28605 I art     : Starting a blocking GC Explicit
08-06 13:03:39.918 28492 31177 D OkHttp  : <-- 200 OK https://api-hillfair-2k16.herokuapp.com/api/app/quiz/leaderboard?from=1 (31ms, 56744-byte body)
08-06 13:03:39.940 28492 28605 I art     : Explicit concurrent mark sweep GC freed 1264(153KB) AllocSpace objects, 0(0B) LOS objects, 23% free, 53MB/69MB, paused 719us total 27.814ms
08-06 13:03:39.950 28492 28605 I art     : Starting a blocking GC Explicit
08-06 13:03:39.978 28492 28605 I art     : Explicit concurrent mark sweep GC freed 11687(536KB) AllocSpace objects, 0(0B) LOS objects, 23% free, 53MB/69MB, paused 771us total 27.398ms
08-06 13:03:39.989 28492 28605 I art     : Starting a blocking GC Explicit
08-06 13:03:40.017 28492 28605 I art     : Explicit concurrent mark sweep GC freed 13041(584KB) AllocSpace objects, 0(0B) LOS objects, 23% free, 53MB/69MB, paused 682us total 27.199ms
08-06 13:03:40.027 28492 28492 I NAPPA_EXPERIMENTATION: MetricNetworkRequestExecutionTime: REQUEST_DURATION_SYSTEM='951',REQUEST_DURATION_OKHTTP='31',REQUEST_SYNCHRONOUS='FALSE',RESPONSE_CODE='200',RESPONSE_METHOD='GET',RESPONSE_LENGTH_OKHTTP='56744',RESPONSE_LENGTH_HEADER='56744',REQUEST_PROTOCOL='http/1.1',REQUEST_URL='https://api-hillfair-2k16.herokuapp.com/api/app/quiz/leaderboard?from=1',
08-06 13:03:40.027 28492 28605 I art     : Starting a blocking GC Explicit
08-06 13:03:40.054 28492 28605 I art     : Explicit concurrent mark sweep GC freed 245(31KB) AllocSpace objects, 0(0B) LOS objects, 23% free, 53MB/69MB, paused 936us total 26.937ms
08-06 13:03:40.341 28492 28513 I art     : Starting a blocking GC Explicit
08-06 13:03:40.382 28492 28513 I art     : Explicit concurrent mark sweep GC freed 2632(130KB) AllocSpace objects, 1(20KB) LOS objects, 23% free, 53MB/69MB, paused 688us total 40.101ms
08-06 13:03:40.396 28492 28513 I art     : Starting a blocking GC Explicit
08-06 13:03:40.428 28492 28513 I art     : Explicit concurrent mark sweep GC freed 77(2944B) AllocSpace objects, 0(0B) LOS objects, 23% free, 53MB/69MB, paused 670us total 31.538ms
08-06 13:03:40.439 28492 28513 I art     : Starting a blocking GC Explicit
08-06 13:03:40.470 28492 28513 I art     : Explicit concurrent mark sweep GC freed 3(96B) AllocSpace objects, 0(0B) LOS objects, 23% free, 53MB/69MB, paused 744us total 29.868ms
08-06 13:03:40.482 28492 28513 I art     : Starting a blocking GC Explicit
08-06 13:03:40.512 28492 28513 I art     : Explicit concurrent mark sweep GC freed 362(19KB) AllocSpace objects, 0(0B) LOS objects, 23% free, 53MB/69MB, paused 693us total 29.893ms
08-06 13:03:40.524 28492 28513 I art     : Starting a blocking GC Explicit
08-06 13:03:40.554 28492 28513 I art     : Explicit concurrent mark sweep GC freed 14(896B) AllocSpace objects, 0(0B) LOS objects, 23% free, 53MB/69MB, paused 694us total 29.515ms
08-06 13:03:40.614 28492 31210 W OneSignal: OneSignalRestClient: POST Error thrown from network stack. 
08-06 13:03:40.614 28492 31210 W OneSignal: java.io.IOException: unexpected end of stream on Connection{api.onesignal.com:443, proxy=HTTP@192.168.2.12:8080 hostAddress=192.168.2.12 cipherSuite=TLS_ECDHE_RSA_WITH_AES_128_GCM_SHA256 protocol=http/1.1} (recycle count=0)
08-06 13:03:40.614 28492 31210 W OneSignal: 	at com.android.okhttp.internal.http.HttpConnection.readResponse(HttpConnection.java:210)
08-06 13:03:40.614 28492 31210 W OneSignal: 	at com.android.okhttp.internal.http.HttpTransport.readResponseHeaders(HttpTransport.java:80)
08-06 13:03:40.614 28492 31210 W OneSignal: 	at com.android.okhttp.internal.http.HttpEngine.readNetworkResponse(HttpEngine.java:904)
08-06 13:03:40.614 28492 31210 W OneSignal: 	at com.android.okhttp.internal.http.HttpEngine.readResponse(HttpEngine.java:788)
08-06 13:03:40.614 28492 31210 W OneSignal: 	at com.android.okhttp.internal.huc.HttpURLConnectionImpl.execute(HttpURLConnectionImpl.java:439)
08-06 13:03:40.614 28492 31210 W OneSignal: 	at com.android.okhttp.internal.huc.HttpURLConnectionImpl.getResponse(HttpURLConnectionImpl.java:384)
08-06 13:03:40.614 28492 31210 W OneSignal: 	at com.android.okhttp.internal.huc.HttpURLConnectionImpl.getResponseCode(HttpURLConnectionImpl.java:497)
08-06 13:03:40.614 28492 31210 W OneSignal: 	at com.android.okhttp.internal.huc.DelegatingHttpsURLConnection.getResponseCode(DelegatingHttpsURLConnection.java:105)
08-06 13:03:40.614 28492 31210 W OneSignal: 	at com.android.okhttp.internal.huc.HttpsURLConnectionImpl.getResponseCode(HttpsURLConnectionImpl.java)
08-06 13:03:40.614 28492 31210 W OneSignal: 	at com.onesignal.OneSignalRestClient.startHTTPConnection(OneSignalRestClient.java:180)
08-06 13:03:40.614 28492 31210 W OneSignal: 	at com.onesignal.OneSignalRestClient.access$100(OneSignalRestClient.java:44)
08-06 13:03:40.614 28492 31210 W OneSignal: 	at com.onesignal.OneSignalRestClient$4.run(OneSignalRestClient.java:110)
08-06 13:03:40.614 28492 31210 W OneSignal: 	at java.lang.Thread.run(Thread.java:818)
08-06 13:03:40.614 28492 31210 W OneSignal: Caused by: java.io.EOFException: \n not found: size=0 content=...
08-06 13:03:40.614 28492 31210 W OneSignal: 	at com.android.okhttp.okio.RealBufferedSource.readUtf8LineStrict(RealBufferedSource.java:200)
08-06 13:03:40.614 28492 31210 W OneSignal: 	at com.android.okhttp.internal.http.HttpConnection.readResponse(HttpConnection.java:191)
08-06 13:03:40.614 28492 31210 W OneSignal: 	... 12 more
08-06 13:03:40.615 28492 31211 W OneSignal: Failed last request. statusCode: -1
08-06 13:03:40.615 28492 31211 W OneSignal: response: null
08-06 13:03:40.868 28492 29818 I art     : Starting a blocking GC Explicit
08-06 13:03:40.906 28492 29818 I art     : Explicit concurrent mark sweep GC freed 3627(225KB) AllocSpace objects, 1(20KB) LOS objects, 23% free, 53MB/69MB, paused 650us total 37.739ms
08-06 13:03:40.922 28492 29818 I art     : Starting a blocking GC Explicit
08-06 13:03:40.955 28492 29818 I art     : Explicit concurrent mark sweep GC freed 67(2432B) AllocSpace objects, 0(0B) LOS objects, 23% free, 53MB/69MB, paused 659us total 32.182ms
08-06 13:03:40.967 28492 29818 I art     : Starting a blocking GC Explicit
08-06 13:03:40.999 28492 29818 I art     : Explicit concurrent mark sweep GC freed 3(96B) AllocSpace objects, 0(0B) LOS objects, 23% free, 53MB/69MB, paused 655us total 32.434ms
08-06 13:03:41.011 28492 29818 I art     : Starting a blocking GC Explicit
08-06 13:03:41.042 28492 29818 I art     : Explicit concurrent mark sweep GC freed 3(96B) AllocSpace objects, 0(0B) LOS objects, 23% free, 53MB/69MB, paused 643us total 30.814ms
08-06 13:03:41.054 28492 29818 I art     : Starting a blocking GC Explicit
08-06 13:03:41.086 28492 29818 I art     : Explicit concurrent mark sweep GC freed 3(96B) AllocSpace objects, 0(0B) LOS objects, 23% free, 53MB/69MB, paused 652us total 31.828ms
08-06 13:03:41.429 28492 28605 I art     : Starting a blocking GC Explicit
08-06 13:03:41.471 28492 28605 I art     : Explicit concurrent mark sweep GC freed 1360(79KB) AllocSpace objects, 1(20KB) LOS objects, 23% free, 53MB/69MB, paused 678us total 41.678ms
08-06 13:03:41.485 28492 28605 I art     : Starting a blocking GC Explicit
08-06 13:03:41.519 28492 28605 I art     : Explicit concurrent mark sweep GC freed 34(1136B) AllocSpace objects, 0(0B) LOS objects, 23% free, 53MB/69MB, paused 602us total 33.402ms
08-06 13:03:41.519 28492 28512 I art     : WaitForGcToComplete blocked for 11.344ms for cause HeapTrim
08-06 13:03:41.531 28492 28605 I art     : Starting a blocking GC Explicit
08-06 13:03:41.562 28492 28605 I art     : Explicit concurrent mark sweep GC freed 3(96B) AllocSpace objects, 0(0B) LOS objects, 23% free, 53MB/69MB, paused 628us total 31.333ms
08-06 13:03:41.574 28492 28605 I art     : Starting a blocking GC Explicit
08-06 13:03:41.607 28492 28605 I art     : Explicit concurrent mark sweep GC freed 3(96B) AllocSpace objects, 0(0B) LOS objects, 23% free, 53MB/69MB, paused 621us total 32.124ms
08-06 13:03:41.619 28492 28605 I art     : Starting a blocking GC Explicit
08-06 13:03:41.649 28492 28605 I art     : Explicit concurrent mark sweep GC freed 3(96B) AllocSpace objects, 0(0B) LOS objects, 23% free, 53MB/69MB, paused 620us total 30.203ms
08-06 13:03:41.728   918  3261 D WifiStateMachine: starting scan for "H369AA63323"WPA_PSK with 2412,5180
08-06 13:03:41.973 28492 28604 I art     : Starting a blocking GC Explicit
08-06 13:03:42.013 28492 28604 I art     : Explicit concurrent mark sweep GC freed 1347(78KB) AllocSpace objects, 1(20KB) LOS objects, 23% free, 53MB/69MB, paused 720us total 39.151ms
08-06 13:03:42.031 28492 28604 I art     : Starting a blocking GC Explicit
08-06 13:03:42.061 28492 28604 I art     : Explicit concurrent mark sweep GC freed 20(704B) AllocSpace objects, 0(0B) LOS objects, 23% free, 53MB/69MB, paused 629us total 29.475ms
08-06 13:03:42.072 28492 28604 I art     : Starting a blocking GC Explicit
08-06 13:03:42.104 28492 28604 I art     : Explicit concurrent mark sweep GC freed 3(96B) AllocSpace objects, 0(0B) LOS objects, 23% free, 53MB/69MB, paused 629us total 31.853ms
08-06 13:03:42.116 28492 28604 I art     : Starting a blocking GC Explicit
08-06 13:03:42.148 28492 28604 I art     : Explicit concurrent mark sweep GC freed 3(96B) AllocSpace objects, 0(0B) LOS objects, 23% free, 53MB/69MB, paused 661us total 31.996ms
08-06 13:03:42.160 28492 28604 I art     : Starting a blocking GC Explicit
08-06 13:03:42.191 28492 28604 I art     : Explicit concurrent mark sweep GC freed 3(96B) AllocSpace objects, 0(0B) LOS objects, 23% free, 53MB/69MB, paused 616us total 30.210ms
08-06 13:03:42.523 28492 28514 I art     : Starting a blocking GC Explicit
08-06 13:03:42.563 28492 28514 I art     : Explicit concurrent mark sweep GC freed 1347(78KB) AllocSpace objects, 1(20KB) LOS objects, 23% free, 53MB/69MB, paused 689us total 39.025ms
08-06 13:03:42.574 28492 28514 I art     : Starting a blocking GC Explicit
08-06 13:03:42.607 28492 28514 I art     : Explicit concurrent mark sweep GC freed 20(704B) AllocSpace objects, 0(0B) LOS objects, 23% free, 53MB/69MB, paused 637us total 32.052ms
08-06 13:03:42.619 28492 28514 I art     : Starting a blocking GC Explicit
08-06 13:03:42.651 28492 28514 I art     : Explicit concurrent mark sweep GC freed 3(96B) AllocSpace objects, 0(0B) LOS objects, 23% free, 53MB/69MB, paused 591us total 32.172ms
08-06 13:03:42.663 28492 28514 I art     : Starting a blocking GC Explicit
08-06 13:03:42.695 28492 28514 I art     : Explicit concurrent mark sweep GC freed 3(96B) AllocSpace objects, 0(0B) LOS objects, 23% free, 53MB/69MB, paused 612us total 31.231ms
08-06 13:03:42.706 28492 28514 I art     : Starting a blocking GC Explicit
08-06 13:03:42.739 28492 28514 I art     : Explicit concurrent mark sweep GC freed 3(96B) AllocSpace objects, 0(0B) LOS objects, 23% free, 53MB/69MB, paused 636us total 32.538ms
08-06 13:03:43.075 28492 28513 I art     : Starting a blocking GC Explicit
08-06 13:03:43.111 28492 28513 I art     : Explicit concurrent mark sweep GC freed 1347(78KB) AllocSpace objects, 1(20KB) LOS objects, 23% free, 53MB/69MB, paused 686us total 36.391ms
08-06 13:03:43.126 28492 28513 I art     : Starting a blocking GC Explicit
08-06 13:03:43.163 28492 28513 I art     : Explicit concurrent mark sweep GC freed 20(704B) AllocSpace objects, 0(0B) LOS objects, 23% free, 53MB/69MB, paused 656us total 36.628ms
08-06 13:03:43.176 28492 28513 I art     : Starting a blocking GC Explicit
08-06 13:03:43.209 28492 28513 I art     : Explicit concurrent mark sweep GC freed 3(96B) AllocSpace objects, 0(0B) LOS objects, 23% free, 53MB/69MB, paused 658us total 31.986ms
08-06 13:03:43.221 28492 28513 I art     : Starting a blocking GC Explicit
08-06 13:03:43.252 28492 28513 I art     : Explicit concurrent mark sweep GC freed 3(96B) AllocSpace objects, 0(0B) LOS objects, 23% free, 53MB/69MB, paused 630us total 30.771ms
08-06 13:03:43.264 28492 28513 I art     : Starting a blocking GC Explicit
08-06 13:03:43.292 28492 28513 I art     : Explicit concurrent mark sweep GC freed 3(96B) AllocSpace objects, 0(0B) LOS objects, 23% free, 53MB/69MB, paused 574us total 28.412ms
08-06 13:03:43.611 28492 29818 I art     : Starting a blocking GC Explicit
08-06 13:03:43.644 28492 29818 I art     : Explicit concurrent mark sweep GC freed 1347(78KB) AllocSpace objects, 1(20KB) LOS objects, 23% free, 53MB/69MB, paused 627us total 33.512ms
08-06 13:03:43.656 28492 29818 I art     : Starting a blocking GC Explicit
08-06 13:03:43.686 28492 29818 I art     : Explicit concurrent mark sweep GC freed 20(704B) AllocSpace objects, 0(0B) LOS objects, 23% free, 53MB/69MB, paused 634us total 30.019ms
08-06 13:03:43.698 28492 29818 I art     : Starting a blocking GC Explicit
08-06 13:03:43.728 28492 29818 I art     : Explicit concurrent mark sweep GC freed 3(96B) AllocSpace objects, 0(0B) LOS objects, 23% free, 53MB/69MB, paused 648us total 30.329ms
08-06 13:03:43.740 28492 29818 I art     : Starting a blocking GC Explicit
08-06 13:03:43.763   518   646 I ThermalEngine: ACTION: GPU - Setting GPU[0] to 510000000
08-06 13:03:43.770 28492 29818 I art     : Explicit concurrent mark sweep GC freed 3(96B) AllocSpace objects, 0(0B) LOS objects, 23% free, 53MB/69MB, paused 635us total 29.363ms
08-06 13:03:43.781 28492 29818 I art     : Starting a blocking GC Explicit
08-06 13:03:43.808 28492 29818 I art     : Explicit concurrent mark sweep GC freed 3(96B) AllocSpace objects, 0(0B) LOS objects, 23% free, 53MB/69MB, paused 531us total 26.849ms
08-06 13:03:43.817 31262 31262 D AndroidRuntime: >>>>>> START com.android.internal.os.RuntimeInit uid 2000 <<<<<<
08-06 13:03:43.822 31262 31262 D AndroidRuntime: CheckJNI is OFF
08-06 13:03:43.855 31262 31262 D ICU     : No timezone override file found: /data/misc/zoneinfo/current/icu/icu_tzdata.dat
08-06 13:03:43.889 31262 31262 I Radio-JNI: register_android_hardware_Radio DONE
08-06 13:03:43.911 31262 31262 D AndroidRuntime: Calling main entry com.android.commands.input.Input
08-06 13:03:43.912 31262 31262 I Input   : injectKeyEvent: KeyEvent { action=ACTION_DOWN, keyCode=KEYCODE_BACK, scanCode=0, metaState=0, flags=0x0, repeatCount=0, eventTime=882240325, downTime=882240325, deviceId=-1, source=0x101 }
08-06 13:03:43.919 31262 31262 I Input   : injectKeyEvent: KeyEvent { action=ACTION_UP, keyCode=KEYCODE_BACK, scanCode=0, metaState=0, flags=0x0, repeatCount=0, eventTime=882240325, downTime=882240325, deviceId=-1, source=0x101 }
08-06 13:03:43.924 31262 31262 D AndroidRuntime: Shutting down VM
08-06 13:03:43.972 13866 13866 I GoogleInputMethodServic: GoogleInputMethodService.onFinishInput():3138 
08-06 13:03:43.972 13866 13866 I GoogleInputMethodServic: GoogleInputMethodService.onStartInput():1808 
08-06 13:03:44.056 28492 29818 I art     : Starting a blocking GC Explicit
08-06 13:03:44.080 28492 29818 I art     : Explicit concurrent mark sweep GC freed 1484(84KB) AllocSpace objects, 1(20KB) LOS objects, 23% free, 53MB/69MB, paused 421us total 24.224ms
08-06 13:03:44.091 28492 29818 I art     : Starting a blocking GC Explicit
08-06 13:03:44.115 28492 29818 I art     : Explicit concurrent mark sweep GC freed 26(944B) AllocSpace objects, 0(0B) LOS objects, 23% free, 53MB/69MB, paused 419us total 23.776ms
08-06 13:03:44.127 28492 29818 I art     : Starting a blocking GC Explicit
08-06 13:03:44.157 28492 29818 I art     : Explicit concurrent mark sweep GC freed 3(96B) AllocSpace objects, 0(0B) LOS objects, 23% free, 53MB/69MB, paused 691us total 30.335ms
08-06 13:03:44.166 28492 29818 I art     : Starting a blocking GC Explicit
08-06 13:03:44.192 28492 29818 I art     : Explicit concurrent mark sweep GC freed 3(96B) AllocSpace objects, 0(0B) LOS objects, 23% free, 53MB/69MB, paused 455us total 25.413ms
08-06 13:03:44.203 28492 29818 I art     : Starting a blocking GC Explicit
08-06 13:03:44.230 28492 29818 I art     : Explicit concurrent mark sweep GC freed 3(96B) AllocSpace objects, 0(0B) LOS objects, 23% free, 53MB/69MB, paused 420us total 26.978ms
08-06 13:03:44.264   380   380 W SurfaceFlinger: couldn't log to binary event log: overflow.
08-06 13:03:44.527 28492 28604 I art     : Starting a blocking GC Explicit
08-06 13:03:44.561 28492 28604 I art     : Explicit concurrent mark sweep GC freed 1466(87KB) AllocSpace objects, 1(20KB) LOS objects, 23% free, 53MB/69MB, paused 940us total 33.939ms
08-06 13:03:44.575 28492 28604 I art     : Starting a blocking GC Explicit
08-06 13:03:44.600 28492 28604 I art     : Explicit concurrent mark sweep GC freed 4698(269KB) AllocSpace objects, 2(140KB) LOS objects, 23% free, 52MB/68MB, paused 477us total 24.852ms
08-06 13:03:44.609 28492 28604 I art     : Starting a blocking GC Explicit
08-06 13:03:44.631 28492 28604 I art     : Explicit concurrent mark sweep GC freed 3(96B) AllocSpace objects, 0(0B) LOS objects, 23% free, 52MB/68MB, paused 464us total 22.018ms
08-06 13:03:44.640 28492 28604 I art     : Starting a blocking GC Explicit
08-06 13:03:44.662 28492 28604 I art     : Explicit concurrent mark sweep GC freed 3(96B) AllocSpace objects, 0(0B) LOS objects, 23% free, 52MB/68MB, paused 462us total 21.550ms
08-06 13:03:44.671 28492 28604 I art     : Starting a blocking GC Explicit
08-06 13:03:44.693 28492 28604 I art     : Explicit concurrent mark sweep GC freed 3(96B) AllocSpace objects, 0(0B) LOS objects, 23% free, 52MB/68MB, paused 513us total 22.033ms
08-06 13:03:44.989 28492 28605 I art     : Starting a blocking GC Explicit
08-06 13:03:45.022 28492 28605 I art     : Explicit concurrent mark sweep GC freed 1347(78KB) AllocSpace objects, 1(20KB) LOS objects, 23% free, 52MB/68MB, paused 514us total 32.696ms
08-06 13:03:45.037 28492 28605 I art     : Starting a blocking GC Explicit
08-06 13:03:45.059 28492 28605 I art     : Explicit concurrent mark sweep GC freed 20(704B) AllocSpace objects, 0(0B) LOS objects, 23% free, 52MB/68MB, paused 478us total 21.188ms
08-06 13:03:45.067 28492 28605 I art     : Starting a blocking GC Explicit
08-06 13:03:45.089 28492 28605 I art     : Explicit concurrent mark sweep GC freed 3(96B) AllocSpace objects, 0(0B) LOS objects, 23% free, 52MB/68MB, paused 465us total 21.381ms
08-06 13:03:45.098 28492 28605 I art     : Starting a blocking GC Explicit
08-06 13:03:45.120 28492 28605 I art     : Explicit concurrent mark sweep GC freed 3(96B) AllocSpace objects, 0(0B) LOS objects, 23% free, 52MB/68MB, paused 459us total 22.305ms
08-06 13:03:45.129 28492 28605 I art     : Starting a blocking GC Explicit
08-06 13:03:45.151 28492 28605 I art     : Explicit concurrent mark sweep GC freed 3(96B) AllocSpace objects, 0(0B) LOS objects, 23% free, 52MB/68MB, paused 459us total 21.486ms
08-06 13:03:45.419 28492 28514 I art     : Starting a blocking GC Explicit
08-06 13:03:45.441 28492 28514 I art     : Explicit concurrent mark sweep GC freed 1346(78KB) AllocSpace objects, 1(20KB) LOS objects, 23% free, 52MB/68MB, paused 488us total 22.108ms
08-06 13:03:45.450 28492 28514 I art     : Starting a blocking GC Explicit
08-06 13:03:45.472 28492 28514 I art     : Explicit concurrent mark sweep GC freed 20(704B) AllocSpace objects, 0(0B) LOS objects, 23% free, 52MB/68MB, paused 476us total 21.251ms
08-06 13:03:45.480 28492 28514 I art     : Starting a blocking GC Explicit
08-06 13:03:45.501 28492 28514 I art     : Explicit concurrent mark sweep GC freed 3(96B) AllocSpace objects, 0(0B) LOS objects, 23% free, 52MB/68MB, paused 470us total 20.616ms
08-06 13:03:45.510 28492 28514 I art     : Starting a blocking GC Explicit
08-06 13:03:45.531 28492 28514 I art     : Explicit concurrent mark sweep GC freed 3(96B) AllocSpace objects, 0(0B) LOS objects, 23% free, 52MB/68MB, paused 465us total 20.692ms
08-06 13:03:45.539 28492 28514 I art     : Starting a blocking GC Explicit
08-06 13:03:45.560 28492 28514 I art     : Explicit concurrent mark sweep GC freed 3(96B) AllocSpace objects, 0(0B) LOS objects, 23% free, 52MB/68MB, paused 525us total 20.557ms
08-06 13:03:45.580 31326 31326 D AndroidRuntime: >>>>>> START com.android.internal.os.RuntimeInit uid 2000 <<<<<<
08-06 13:03:45.585 31326 31326 D AndroidRuntime: CheckJNI is OFF
08-06 13:03:45.618 31326 31326 D ICU     : No timezone override file found: /data/misc/zoneinfo/current/icu/icu_tzdata.dat
08-06 13:03:45.650 31326 31326 I Radio-JNI: register_android_hardware_Radio DONE
08-06 13:03:45.671 31326 31326 D AndroidRuntime: Calling main entry com.android.commands.input.Input
08-06 13:03:45.673 31326 31326 I Input   : injectKeyEvent: KeyEvent { action=ACTION_DOWN, keyCode=KEYCODE_BACK, scanCode=0, metaState=0, flags=0x0, repeatCount=0, eventTime=882242086, downTime=882242086, deviceId=-1, source=0x101 }
08-06 13:03:45.679 31326 31326 I Input   : injectKeyEvent: KeyEvent { action=ACTION_UP, keyCode=KEYCODE_BACK, scanCode=0, metaState=0, flags=0x0, repeatCount=0, eventTime=882242086, downTime=882242086, deviceId=-1, source=0x101 }
08-06 13:03:45.687 31326 31326 D AndroidRuntime: Shutting down VM
08-06 13:03:45.773 13866 13866 I GoogleInputMethodServic: GoogleInputMethodService.onFinishInput():3138 
08-06 13:03:45.774 13866 13866 I GoogleInputMethodServic: GoogleInputMethodService.onStartInput():1808 
08-06 13:03:45.820 28492 28513 I art     : Starting a blocking GC Explicit
08-06 13:03:45.840 28492 28513 I art     : Explicit concurrent mark sweep GC freed 1582(88KB) AllocSpace objects, 1(20KB) LOS objects, 23% free, 52MB/68MB, paused 408us total 19.270ms
08-06 13:03:45.848 28492 28513 I art     : Starting a blocking GC Explicit
08-06 13:03:45.867 28492 28513 I art     : Explicit concurrent mark sweep GC freed 40(1376B) AllocSpace objects, 0(0B) LOS objects, 23% free, 52MB/68MB, paused 444us total 19.250ms
08-06 13:03:45.875 28492 28513 I art     : Starting a blocking GC Explicit
08-06 13:03:45.894 28492 28513 I art     : Explicit concurrent mark sweep GC freed 3(96B) AllocSpace objects, 0(0B) LOS objects, 23% free, 52MB/68MB, paused 407us total 18.393ms
08-06 13:03:45.903 28492 28513 I art     : Starting a blocking GC Explicit
08-06 13:03:45.922 28492 28513 I art     : Explicit concurrent mark sweep GC freed 3(96B) AllocSpace objects, 0(0B) LOS objects, 23% free, 52MB/68MB, paused 396us total 19.220ms
08-06 13:03:45.931 28492 28513 I art     : Starting a blocking GC Explicit
08-06 13:03:45.952 28492 28513 I art     : Explicit concurrent mark sweep GC freed 3(96B) AllocSpace objects, 0(0B) LOS objects, 23% free, 52MB/68MB, paused 405us total 20.909ms
08-06 13:03:46.050   380   380 W SurfaceFlinger: couldn't log to binary event log: overflow.
08-06 13:03:46.205 28492 28605 I art     : Starting a blocking GC Explicit
08-06 13:03:46.228 28492 28605 I art     : Explicit concurrent mark sweep GC freed 1461(87KB) AllocSpace objects, 1(20KB) LOS objects, 23% free, 52MB/68MB, paused 465us total 22.773ms
08-06 13:03:46.237 28492 28605 I art     : Starting a blocking GC Explicit
08-06 13:03:46.258 28492 28605 I art     : Explicit concurrent mark sweep GC freed 2078(121KB) AllocSpace objects, 2(180KB) LOS objects, 23% free, 52MB/68MB, paused 429us total 21.381ms
08-06 13:03:46.267 28492 28605 I art     : Starting a blocking GC Explicit
08-06 13:03:46.287 28492 28605 I art     : Explicit concurrent mark sweep GC freed 3(96B) AllocSpace objects, 0(0B) LOS objects, 23% free, 52MB/68MB, paused 526us total 20.174ms
08-06 13:03:46.296 28492 28605 I art     : Starting a blocking GC Explicit
08-06 13:03:46.317 28492 28605 I art     : Explicit concurrent mark sweep GC freed 3(96B) AllocSpace objects, 0(0B) LOS objects, 23% free, 52MB/68MB, paused 582us total 21.265ms
08-06 13:03:46.326 28492 28605 I art     : Starting a blocking GC Explicit
08-06 13:03:46.347 28492 28605 I art     : Explicit concurrent mark sweep GC freed 3(96B) AllocSpace objects, 0(0B) LOS objects, 23% free, 52MB/68MB, paused 489us total 20.995ms
08-06 13:03:46.642 28492 28604 I art     : Starting a blocking GC Explicit
08-06 13:03:46.673 28492 28604 I art     : Explicit concurrent mark sweep GC freed 1346(78KB) AllocSpace objects, 1(20KB) LOS objects, 23% free, 52MB/68MB, paused 547us total 31.149ms
08-06 13:03:46.689 28492 28604 I art     : Starting a blocking GC Explicit
08-06 13:03:46.708 28492 28604 I art     : Explicit concurrent mark sweep GC freed 20(704B) AllocSpace objects, 0(0B) LOS objects, 23% free, 52MB/68MB, paused 489us total 18.831ms
08-06 13:03:46.716 28492 28604 I art     : Starting a blocking GC Explicit
08-06 13:03:46.735 28492 28604 I art     : Explicit concurrent mark sweep GC freed 3(96B) AllocSpace objects, 0(0B) LOS objects, 23% free, 52MB/68MB, paused 425us total 19.006ms
08-06 13:03:46.743 28492 28604 I art     : Starting a blocking GC Explicit
08-06 13:03:46.761 28492 28604 I art     : Explicit concurrent mark sweep GC freed 3(96B) AllocSpace objects, 0(0B) LOS objects, 23% free, 52MB/68MB, paused 424us total 18.231ms
08-06 13:03:46.768   518   646 I ThermalEngine: ACTION: GPU - Setting GPU[0] to 450000000
08-06 13:03:46.770 28492 28604 I art     : Starting a blocking GC Explicit
08-06 13:03:46.794 28492 28604 I art     : Explicit concurrent mark sweep GC freed 3(96B) AllocSpace objects, 0(0B) LOS objects, 23% free, 52MB/68MB, paused 574us total 23.617ms
08-06 13:03:47.060 28492 28514 I art     : Starting a blocking GC Explicit
08-06 13:03:47.084 28492 28514 I art     : Explicit concurrent mark sweep GC freed 1344(78KB) AllocSpace objects, 1(20KB) LOS objects, 23% free, 52MB/68MB, paused 597us total 23.614ms
08-06 13:03:47.094 28492 28514 I art     : Starting a blocking GC Explicit
08-06 13:03:47.118 28492 28514 I art     : Explicit concurrent mark sweep GC freed 20(704B) AllocSpace objects, 0(0B) LOS objects, 23% free, 52MB/68MB, paused 603us total 23.893ms
08-06 13:03:47.129 28492 28514 I art     : Starting a blocking GC Explicit
08-06 13:03:47.153 28492 28514 I art     : Explicit concurrent mark sweep GC freed 3(96B) AllocSpace objects, 0(0B) LOS objects, 23% free, 52MB/68MB, paused 603us total 24.234ms
08-06 13:03:47.164 28492 28514 I art     : Starting a blocking GC Explicit
08-06 13:03:47.188 28492 28514 I art     : Explicit concurrent mark sweep GC freed 3(96B) AllocSpace objects, 0(0B) LOS objects, 23% free, 52MB/68MB, paused 606us total 24.216ms
08-06 13:03:47.199 28492 28514 I art     : Starting a blocking GC Explicit
08-06 13:03:47.224 28492 28514 I art     : Explicit concurrent mark sweep GC freed 3(96B) AllocSpace objects, 0(0B) LOS objects, 23% free, 52MB/68MB, paused 618us total 24.980ms
08-06 13:03:47.447 31380 31380 D AndroidRuntime: >>>>>> START com.android.internal.os.RuntimeInit uid 2000 <<<<<<
08-06 13:03:47.453 31380 31380 D AndroidRuntime: CheckJNI is OFF
08-06 13:03:47.495 31380 31380 D ICU     : No timezone override file found: /data/misc/zoneinfo/current/icu/icu_tzdata.dat
08-06 13:03:47.537 31380 31380 I Radio-JNI: register_android_hardware_Radio DONE
08-06 13:03:47.561 28492 29818 I art     : Starting a blocking GC Explicit
08-06 13:03:47.567 31380 31380 D AndroidRuntime: Calling main entry com.android.commands.input.Input
08-06 13:03:47.569 31380 31380 I Input   : injectMotionEvent: MotionEvent { action=ACTION_DOWN, actionButton=0, id[0]=0, x[0]=1084.0, y[0]=2213.0, toolType[0]=TOOL_TYPE_UNKNOWN, buttonState=0, metaState=0, flags=0x0, edgeFlags=0x0, pointerCount=1, historySize=0, eventTime=882243982, downTime=882243982, deviceId=0, source=0x1002 }
08-06 13:03:47.574 31380 31380 I Input   : injectMotionEvent: MotionEvent { action=ACTION_UP, actionButton=0, id[0]=0, x[0]=1084.0, y[0]=2213.0, toolType[0]=TOOL_TYPE_UNKNOWN, buttonState=0, metaState=0, flags=0x0, edgeFlags=0x0, pointerCount=1, historySize=0, eventTime=882243982, downTime=882243982, deviceId=0, source=0x1002 }
08-06 13:03:47.576   918  3670 I ActivityManager: START u0 {cmp=baseline.appteam.nith.hillffair/.activities.EventActivity} from uid 10697 on display 0
08-06 13:03:47.582 31380 31380 D AndroidRuntime: Shutting down VM
08-06 13:03:47.587 28492 29818 I art     : Explicit concurrent mark sweep GC freed 1363(82KB) AllocSpace objects, 1(20KB) LOS objects, 23% free, 52MB/68MB, paused 642us total 25.493ms
08-06 13:03:47.599 28492 29818 I art     : Starting a blocking GC Explicit
08-06 13:03:47.625 28492 29818 I art     : Explicit concurrent mark sweep GC freed 4191(227KB) AllocSpace objects, 0(0B) LOS objects, 23% free, 52MB/68MB, paused 1.129ms total 26.032ms
08-06 13:03:47.636 28492 29818 I art     : Starting a blocking GC Explicit
08-06 13:03:47.661 28492 29818 I art     : Explicit concurrent mark sweep GC freed 656(59KB) AllocSpace objects, 0(0B) LOS objects, 23% free, 52MB/68MB, paused 693us total 25.183ms
08-06 13:03:47.671 28492 29818 I art     : Starting a blocking GC Explicit
08-06 13:03:47.681 13866 13866 I GoogleInputMethodServic: GoogleInputMethodService.onFinishInput():3138 
08-06 13:03:47.682 13866 13866 I GoogleInputMethodServic: GoogleInputMethodService.onStartInput():1808 
08-06 13:03:47.696 28492 29818 I art     : Explicit concurrent mark sweep GC freed 140(5KB) AllocSpace objects, 0(0B) LOS objects, 23% free, 52MB/68MB, paused 751us total 24.966ms
08-06 13:03:47.701   918   936 I ActivityManager: Displayed baseline.appteam.nith.hillffair/.activities.EventActivity: +118ms
08-06 13:03:47.708 28492 29818 I art     : Starting a blocking GC Explicit
08-06 13:03:47.735 28492 29818 I art     : Explicit concurrent mark sweep GC freed 36(1664B) AllocSpace objects, 0(0B) LOS objects, 23% free, 52MB/68MB, paused 860us total 26.592ms
08-06 13:03:47.952   380   380 W SurfaceFlinger: couldn't log to binary event log: overflow.
08-06 13:03:48.039 28492 28514 I art     : Starting a blocking GC Explicit
08-06 13:03:48.065 28492 28514 I art     : Explicit concurrent mark sweep GC freed 1413(83KB) AllocSpace objects, 1(20KB) LOS objects, 23% free, 52MB/68MB, paused 669us total 25.927ms
08-06 13:03:48.078 28492 28514 I art     : Starting a blocking GC Explicit
08-06 13:03:48.103 28492 28514 I art     : Explicit concurrent mark sweep GC freed 98(5KB) AllocSpace objects, 0(0B) LOS objects, 23% free, 52MB/68MB, paused 723us total 25.117ms
08-06 13:03:48.113 28492 28514 I art     : Starting a blocking GC Explicit
08-06 13:03:48.138 28492 28514 I art     : Explicit concurrent mark sweep GC freed 14(528B) AllocSpace objects, 0(0B) LOS objects, 23% free, 52MB/68MB, paused 1.118ms total 24.936ms
08-06 13:03:48.149 28492 28514 I art     : Starting a blocking GC Explicit
08-06 13:03:48.175 28492 28514 I art     : Explicit concurrent mark sweep GC freed 15(544B) AllocSpace objects, 0(0B) LOS objects, 23% free, 52MB/68MB, paused 666us total 25.489ms
08-06 13:03:48.186 28492 28514 I art     : Starting a blocking GC Explicit
08-06 13:03:48.211 28492 28514 I art     : Explicit concurrent mark sweep GC freed 13(480B) AllocSpace objects, 0(0B) LOS objects, 23% free, 52MB/68MB, paused 666us total 24.891ms
08-06 13:03:48.480 28492 31414 D OkHttp  : --> GET https://api-hillfair-2k16.herokuapp.com/api/app/club http/1.1
08-06 13:03:48.512 28492 31414 D OkHttp  : <-- 200 OK https://api-hillfair-2k16.herokuapp.com/api/app/club (31ms, 1870-byte body)
08-06 13:03:48.514 28492 28513 I art     : Starting a blocking GC Explicit
08-06 13:03:48.520 28492 28492 I NAPPA_EXPERIMENTATION: MetricNetworkRequestExecutionTime: REQUEST_DURATION_SYSTEM='901',REQUEST_DURATION_OKHTTP='32',REQUEST_SYNCHRONOUS='FALSE',RESPONSE_CODE='200',RESPONSE_METHOD='GET',RESPONSE_LENGTH_OKHTTP='1870',RESPONSE_LENGTH_HEADER='1870',REQUEST_PROTOCOL='http/1.1',REQUEST_URL='https://api-hillfair-2k16.herokuapp.com/api/app/club',
08-06 13:03:48.543 28492 28513 I art     : Explicit concurrent mark sweep GC freed 4410(276KB) AllocSpace objects, 4(220KB) LOS objects, 23% free, 53MB/69MB, paused 942us total 28.509ms
08-06 13:03:48.554 28492 28513 I art     : Starting a blocking GC Explicit
08-06 13:03:48.583 28492 28513 I art     : Explicit concurrent mark sweep GC freed 1890(173KB) AllocSpace objects, 0(0B) LOS objects, 23% free, 53MB/69MB, paused 3.406ms total 29.014ms
08-06 13:03:48.595 28492 28513 I art     : Starting a blocking GC Explicit
08-06 13:03:48.623 28492 28513 I art     : Explicit concurrent mark sweep GC freed 956(41KB) AllocSpace objects, 0(0B) LOS objects, 23% free, 53MB/69MB, paused 963us total 27.470ms
08-06 13:03:48.633 28492 28513 I art     : Starting a blocking GC Explicit
08-06 13:03:48.662 28492 28513 I art     : Explicit concurrent mark sweep GC freed 120(4KB) AllocSpace objects, 0(0B) LOS objects, 23% free, 53MB/69MB, paused 1.041ms total 29.068ms
08-06 13:03:48.673 28492 28513 I art     : Starting a blocking GC Explicit
08-06 13:03:48.702 28492 28513 I art     : Explicit concurrent mark sweep GC freed 494(63KB) AllocSpace objects, 0(0B) LOS objects, 23% free, 53MB/69MB, paused 1.068ms total 28.393ms
08-06 13:03:48.995 28492 28605 I art     : Starting a blocking GC Explicit
08-06 13:03:49.031 28492 28605 I art     : Explicit concurrent mark sweep GC freed 1851(213KB) AllocSpace objects, 1(20KB) LOS objects, 23% free, 53MB/69MB, paused 856us total 35.917ms
08-06 13:03:49.044 28492 28605 I art     : Starting a blocking GC Explicit
08-06 13:03:49.075 28492 28605 I art     : Explicit concurrent mark sweep GC freed 4163(170KB) AllocSpace objects, 0(0B) LOS objects, 23% free, 53MB/69MB, paused 1.250ms total 30.535ms
08-06 13:03:49.087 28492 28605 I art     : Starting a blocking GC Explicit
08-06 13:03:49.117 28492 28605 I art     : Explicit concurrent mark sweep GC freed 3395(127KB) AllocSpace objects, 0(0B) LOS objects, 23% free, 53MB/69MB, paused 809us total 29.802ms
08-06 13:03:49.128 28492 28605 I art     : Starting a blocking GC Explicit
08-06 13:03:49.157 28492 28605 I art     : Explicit concurrent mark sweep GC freed 103(3KB) AllocSpace objects, 0(0B) LOS objects, 23% free, 53MB/69MB, paused 861us total 28.673ms
08-06 13:03:49.168 28492 28605 I art     : Starting a blocking GC Explicit
08-06 13:03:49.198 28492 28605 I art     : Explicit concurrent mark sweep GC freed 580(118KB) AllocSpace objects, 0(0B) LOS objects, 23% free, 53MB/69MB, paused 993us total 29.375ms
08-06 13:03:49.552 28492 28604 I art     : Starting a blocking GC Explicit
08-06 13:03:49.589 28492 28604 I art     : Explicit concurrent mark sweep GC freed 1501(148KB) AllocSpace objects, 1(20KB) LOS objects, 23% free, 53MB/69MB, paused 774us total 36.076ms
08-06 13:03:49.602 28492 28604 I art     : Starting a blocking GC Explicit
08-06 13:03:49.634 28492 28604 I art     : Explicit concurrent mark sweep GC freed 39(1312B) AllocSpace objects, 0(0B) LOS objects, 23% free, 53MB/69MB, paused 699us total 31.713ms
08-06 13:03:49.646 28492 28604 I art     : Starting a blocking GC Explicit
08-06 13:03:49.678 28492 28604 I art     : Explicit concurrent mark sweep GC freed 3(96B) AllocSpace objects, 0(0B) LOS objects, 23% free, 53MB/69MB, paused 696us total 31.621ms
08-06 13:03:49.689 28492 28604 I art     : Starting a blocking GC Explicit
08-06 13:03:49.719 28492 28604 I art     : Explicit concurrent mark sweep GC freed 3(96B) AllocSpace objects, 0(0B) LOS objects, 23% free, 53MB/69MB, paused 699us total 30.152ms
08-06 13:03:49.731 28492 28604 I art     : Starting a blocking GC Explicit
08-06 13:03:49.764 28492 28604 I art     : Explicit concurrent mark sweep GC freed 3(96B) AllocSpace objects, 0(0B) LOS objects, 23% free, 53MB/69MB, paused 697us total 32.156ms
08-06 13:03:50.109 28492 28605 I art     : Starting a blocking GC Explicit
08-06 13:03:50.151 28492 28605 I art     : Explicit concurrent mark sweep GC freed 1347(78KB) AllocSpace objects, 1(20KB) LOS objects, 23% free, 53MB/69MB, paused 787us total 41.872ms
08-06 13:03:50.167 28492 28605 I art     : Starting a blocking GC Explicit
08-06 13:03:50.196 28492 28605 I art     : Explicit concurrent mark sweep GC freed 20(704B) AllocSpace objects, 0(0B) LOS objects, 23% free, 53MB/69MB, paused 664us total 29.050ms
08-06 13:03:50.207 28492 28605 I art     : Starting a blocking GC Explicit
08-06 13:03:50.238 28492 28605 I art     : Explicit concurrent mark sweep GC freed 3(96B) AllocSpace objects, 0(0B) LOS objects, 23% free, 53MB/69MB, paused 711us total 30.747ms
08-06 13:03:50.250 28492 28605 I art     : Starting a blocking GC Explicit
08-06 13:03:50.281 28492 28605 I art     : Explicit concurrent mark sweep GC freed 3(96B) AllocSpace objects, 0(0B) LOS objects, 23% free, 53MB/69MB, paused 685us total 30.961ms
08-06 13:03:50.293 28492 28605 I art     : Starting a blocking GC Explicit
08-06 13:03:50.324 28492 28605 I art     : Explicit concurrent mark sweep GC freed 3(96B) AllocSpace objects, 0(0B) LOS objects, 23% free, 53MB/69MB, paused 658us total 30.838ms
08-06 13:03:50.673 28492 28513 I art     : Starting a blocking GC Explicit
08-06 13:03:50.707 28492 28513 I art     : Explicit concurrent mark sweep GC freed 1368(79KB) AllocSpace objects, 1(20KB) LOS objects, 23% free, 53MB/69MB, paused 705us total 34.210ms
08-06 13:03:50.720 28492 28513 I art     : Starting a blocking GC Explicit
08-06 13:03:50.751 28492 28513 I art     : Explicit concurrent mark sweep GC freed 36(1216B) AllocSpace objects, 0(0B) LOS objects, 23% free, 53MB/69MB, paused 697us total 30.375ms
08-06 13:03:50.763 28492 28513 I art     : Starting a blocking GC Explicit
08-06 13:03:50.795 28492 28513 I art     : Explicit concurrent mark sweep GC freed 3(96B) AllocSpace objects, 0(0B) LOS objects, 23% free, 53MB/69MB, paused 676us total 31.933ms
08-06 13:03:50.807 28492 28513 I art     : Starting a blocking GC Explicit
08-06 13:03:50.838 28492 28513 I art     : Explicit concurrent mark sweep GC freed 3(96B) AllocSpace objects, 0(0B) LOS objects, 23% free, 53MB/69MB, paused 673us total 30.607ms
08-06 13:03:50.849 28492 28513 I art     : Starting a blocking GC Explicit
08-06 13:03:50.882 28492 28513 I art     : Explicit concurrent mark sweep GC freed 3(96B) AllocSpace objects, 0(0B) LOS objects, 23% free, 53MB/69MB, paused 680us total 32.077ms
08-06 13:03:51.215 28492 28514 I art     : Starting a blocking GC Explicit
08-06 13:03:51.254 28492 28514 I art     : Explicit concurrent mark sweep GC freed 1347(78KB) AllocSpace objects, 1(20KB) LOS objects, 23% free, 53MB/69MB, paused 724us total 37.965ms
08-06 13:03:51.268 28492 28514 I art     : Starting a blocking GC Explicit
08-06 13:03:51.299 28492 28514 I art     : Explicit concurrent mark sweep GC freed 20(704B) AllocSpace objects, 0(0B) LOS objects, 23% free, 53MB/69MB, paused 646us total 30.784ms
08-06 13:03:51.311 28492 28514 I art     : Starting a blocking GC Explicit
08-06 13:03:51.342 28492 28514 I art     : Explicit concurrent mark sweep GC freed 3(96B) AllocSpace objects, 0(0B) LOS objects, 23% free, 53MB/69MB, paused 658us total 31.046ms
08-06 13:03:51.354 28492 28514 I art     : Starting a blocking GC Explicit
08-06 13:03:51.386 28492 28514 I art     : Explicit concurrent mark sweep GC freed 3(96B) AllocSpace objects, 0(0B) LOS objects, 23% free, 53MB/69MB, paused 703us total 31.846ms
08-06 13:03:51.398 28492 28514 I art     : Starting a blocking GC Explicit
08-06 13:03:51.429 28492 28514 I art     : Explicit concurrent mark sweep GC freed 3(96B) AllocSpace objects, 0(0B) LOS objects, 23% free, 53MB/69MB, paused 663us total 30.408ms
08-06 13:03:51.765 28492 29818 I art     : Starting a blocking GC Explicit
08-06 13:03:51.805 28492 29818 I art     : Explicit concurrent mark sweep GC freed 1347(78KB) AllocSpace objects, 1(20KB) LOS objects, 23% free, 53MB/69MB, paused 733us total 39.607ms
08-06 13:03:51.822 28492 29818 I art     : Starting a blocking GC Explicit
08-06 13:03:51.858 28492 29818 I art     : Explicit concurrent mark sweep GC freed 20(704B) AllocSpace objects, 0(0B) LOS objects, 23% free, 53MB/69MB, paused 948us total 35.054ms
08-06 13:03:51.870 28492 29818 I art     : Starting a blocking GC Explicit
08-06 13:03:51.902 28492 29818 I art     : Explicit concurrent mark sweep GC freed 3(96B) AllocSpace objects, 0(0B) LOS objects, 23% free, 53MB/69MB, paused 690us total 31.969ms
08-06 13:03:51.914 28492 29818 I art     : Starting a blocking GC Explicit
08-06 13:03:51.944 28492 29818 I art     : Explicit concurrent mark sweep GC freed 3(96B) AllocSpace objects, 0(0B) LOS objects, 23% free, 53MB/69MB, paused 645us total 29.172ms
08-06 13:03:51.955 28492 29818 I art     : Starting a blocking GC Explicit
08-06 13:03:51.988 28492 29818 I art     : Explicit concurrent mark sweep GC freed 3(96B) AllocSpace objects, 0(0B) LOS objects, 23% free, 53MB/69MB, paused 703us total 32.256ms
08-06 13:03:52.338 28492 28604 I art     : Starting a blocking GC Explicit
08-06 13:03:52.376 28492 28604 I art     : Explicit concurrent mark sweep GC freed 1347(78KB) AllocSpace objects, 1(20KB) LOS objects, 23% free, 53MB/69MB, paused 745us total 37.755ms
08-06 13:03:52.392 28492 28604 I art     : Starting a blocking GC Explicit
08-06 13:03:52.422 28492 28604 I art     : Explicit concurrent mark sweep GC freed 20(704B) AllocSpace objects, 0(0B) LOS objects, 23% free, 53MB/69MB, paused 656us total 30.019ms
08-06 13:03:52.434 28492 28604 I art     : Starting a blocking GC Explicit
08-06 13:03:52.465 28492 28604 I art     : Explicit concurrent mark sweep GC freed 3(96B) AllocSpace objects, 0(0B) LOS objects, 23% free, 53MB/69MB, paused 698us total 30.872ms
08-06 13:03:52.477 28492 28604 I art     : Starting a blocking GC Explicit
08-06 13:03:52.509 28492 28604 I art     : Explicit concurrent mark sweep GC freed 3(96B) AllocSpace objects, 0(0B) LOS objects, 23% free, 53MB/69MB, paused 718us total 31.836ms
08-06 13:03:52.521 28492 28604 I art     : Starting a blocking GC Explicit
08-06 13:03:52.550 28492 28604 I art     : Explicit concurrent mark sweep GC freed 3(96B) AllocSpace objects, 0(0B) LOS objects, 23% free, 53MB/69MB, paused 641us total 29.030ms
08-06 13:03:52.878 28492 28605 I art     : Starting a blocking GC Explicit
08-06 13:03:52.921 28492 28605 I art     : Explicit concurrent mark sweep GC freed 1347(78KB) AllocSpace objects, 1(20KB) LOS objects, 23% free, 53MB/69MB, paused 725us total 42.910ms
08-06 13:03:52.938 28492 28605 I art     : Starting a blocking GC Explicit
08-06 13:03:52.970 28492 28605 I art     : Explicit concurrent mark sweep GC freed 20(704B) AllocSpace objects, 0(0B) LOS objects, 23% free, 53MB/69MB, paused 640us total 31.142ms
08-06 13:03:52.981 28492 28605 I art     : Starting a blocking GC Explicit
08-06 13:03:53.013 28492 28605 I art     : Explicit concurrent mark sweep GC freed 3(96B) AllocSpace objects, 0(0B) LOS objects, 23% free, 53MB/69MB, paused 691us total 31.615ms
08-06 13:03:53.025 28492 28605 I art     : Starting a blocking GC Explicit
08-06 13:03:53.055 28492 28605 I art     : Explicit concurrent mark sweep GC freed 3(96B) AllocSpace objects, 0(0B) LOS objects, 23% free, 53MB/69MB, paused 637us total 29.840ms
08-06 13:03:53.067 28492 28605 I art     : Starting a blocking GC Explicit
08-06 13:03:53.098 28492 28605 I art     : Explicit concurrent mark sweep GC freed 3(96B) AllocSpace objects, 0(0B) LOS objects, 23% free, 53MB/69MB, paused 714us total 30.904ms
08-06 13:03:53.425 28492 28513 I art     : Starting a blocking GC Explicit
08-06 13:03:53.459 28492 28513 I art     : Explicit concurrent mark sweep GC freed 1347(78KB) AllocSpace objects, 1(20KB) LOS objects, 23% free, 53MB/69MB, paused 739us total 33.964ms
08-06 13:03:53.472 28492 28513 I art     : Starting a blocking GC Explicit
08-06 13:03:53.504 28492 28513 I art     : Explicit concurrent mark sweep GC freed 20(704B) AllocSpace objects, 0(0B) LOS objects, 23% free, 53MB/69MB, paused 673us total 31.152ms
08-06 13:03:53.516 28492 28513 I art     : Starting a blocking GC Explicit
08-06 13:03:53.547 28492 28513 I art     : Explicit concurrent mark sweep GC freed 3(96B) AllocSpace objects, 0(0B) LOS objects, 23% free, 53MB/69MB, paused 718us total 30.989ms
08-06 13:03:53.558 28492 28513 I art     : Starting a blocking GC Explicit
08-06 13:03:53.589 28492 28513 I art     : Explicit concurrent mark sweep GC freed 3(96B) AllocSpace objects, 0(0B) LOS objects, 23% free, 53MB/69MB, paused 697us total 30.350ms
08-06 13:03:53.601 28492 28513 I art     : Starting a blocking GC Explicit
08-06 13:03:53.633 28492 28513 I art     : Explicit concurrent mark sweep GC freed 3(96B) AllocSpace objects, 0(0B) LOS objects, 23% free, 53MB/69MB, paused 677us total 31.692ms
08-06 13:03:53.779   518   646 I ThermalEngine: ACTION: GPU - Setting GPU[0] to 510000000
08-06 13:03:53.953 28492 28514 I art     : Starting a blocking GC Explicit
08-06 13:03:53.982 28492 28514 I art     : Explicit concurrent mark sweep GC freed 1347(78KB) AllocSpace objects, 1(20KB) LOS objects, 23% free, 53MB/69MB, paused 544us total 29.347ms
08-06 13:03:53.995 28492 28514 I art     : Starting a blocking GC Explicit
08-06 13:03:54.023 28492 28514 I art     : Explicit concurrent mark sweep GC freed 20(704B) AllocSpace objects, 0(0B) LOS objects, 23% free, 53MB/69MB, paused 509us total 27.886ms
08-06 13:03:54.033 28492 28514 I art     : Starting a blocking GC Explicit
08-06 13:03:54.055 28492 28514 I art     : Explicit concurrent mark sweep GC freed 3(96B) AllocSpace objects, 0(0B) LOS objects, 23% free, 53MB/69MB, paused 465us total 22.278ms
08-06 13:03:54.064 28492 28514 I art     : Starting a blocking GC Explicit
08-06 13:03:54.087 28492 28514 I art     : Explicit concurrent mark sweep GC freed 3(96B) AllocSpace objects, 0(0B) LOS objects, 23% free, 53MB/69MB, paused 563us total 22.746ms
08-06 13:03:54.096 28492 28514 I art     : Starting a blocking GC Explicit
08-06 13:03:54.119 28492 28514 I art     : Explicit concurrent mark sweep GC freed 3(96B) AllocSpace objects, 0(0B) LOS objects, 23% free, 53MB/69MB, paused 501us total 23.318ms
08-06 13:03:54.445 28492 29818 I art     : Starting a blocking GC Explicit
08-06 13:03:54.474 28492 29818 I art     : Explicit concurrent mark sweep GC freed 1347(78KB) AllocSpace objects, 1(20KB) LOS objects, 23% free, 53MB/69MB, paused 543us total 29.037ms
08-06 13:03:54.487 28492 29818 I art     : Starting a blocking GC Explicit
08-06 13:03:54.511 28492 29818 I art     : Explicit concurrent mark sweep GC freed 20(704B) AllocSpace objects, 0(0B) LOS objects, 23% free, 53MB/69MB, paused 511us total 23.849ms
08-06 13:03:54.520 28492 29818 I art     : Starting a blocking GC Explicit
08-06 13:03:54.543 28492 29818 I art     : Explicit concurrent mark sweep GC freed 3(96B) AllocSpace objects, 0(0B) LOS objects, 23% free, 53MB/69MB, paused 486us total 22.882ms
08-06 13:03:54.552 28492 29818 I art     : Starting a blocking GC Explicit
08-06 13:03:54.576 28492 29818 I art     : Explicit concurrent mark sweep GC freed 3(96B) AllocSpace objects, 0(0B) LOS objects, 23% free, 53MB/69MB, paused 502us total 23.699ms
08-06 13:03:54.585 28492 29818 I art     : Starting a blocking GC Explicit
08-06 13:03:54.609 28492 29818 I art     : Explicit concurrent mark sweep GC freed 3(96B) AllocSpace objects, 0(0B) LOS objects, 23% free, 53MB/69MB, paused 499us total 22.934ms
08-06 13:03:54.927 28492 28604 I art     : Starting a blocking GC Explicit
08-06 13:03:54.959 28492 28604 I art     : Explicit concurrent mark sweep GC freed 1347(78KB) AllocSpace objects, 1(20KB) LOS objects, 23% free, 53MB/69MB, paused 529us total 31.376ms
08-06 13:03:54.971 28492 28604 I art     : Starting a blocking GC Explicit
08-06 13:03:54.995 28492 28604 I art     : Explicit concurrent mark sweep GC freed 20(704B) AllocSpace objects, 0(0B) LOS objects, 23% free, 53MB/69MB, paused 511us total 23.525ms
08-06 13:03:55.004 28492 28604 I art     : Starting a blocking GC Explicit
08-06 13:03:55.027 28492 28604 I art     : Explicit concurrent mark sweep GC freed 3(96B) AllocSpace objects, 0(0B) LOS objects, 23% free, 53MB/69MB, paused 636us total 23.131ms
08-06 13:03:55.036 28492 28604 I art     : Starting a blocking GC Explicit
08-06 13:03:55.059 28492 28604 I art     : Explicit concurrent mark sweep GC freed 3(96B) AllocSpace objects, 0(0B) LOS objects, 23% free, 53MB/69MB, paused 493us total 23.121ms
08-06 13:03:55.068 28492 28604 I art     : Starting a blocking GC Explicit
08-06 13:03:55.092 28492 28604 I art     : Explicit concurrent mark sweep GC freed 3(96B) AllocSpace objects, 0(0B) LOS objects, 23% free, 53MB/69MB, paused 501us total 23.213ms
08-06 13:03:55.418 28492 28605 I art     : Starting a blocking GC Explicit
08-06 13:03:55.452 28492 28605 I art     : Explicit concurrent mark sweep GC freed 1347(78KB) AllocSpace objects, 1(20KB) LOS objects, 23% free, 53MB/69MB, paused 539us total 34.069ms
08-06 13:03:55.465 28492 28605 I art     : Starting a blocking GC Explicit
08-06 13:03:55.489 28492 28605 I art     : Explicit concurrent mark sweep GC freed 20(704B) AllocSpace objects, 0(0B) LOS objects, 23% free, 53MB/69MB, paused 492us total 23.723ms
08-06 13:03:55.498 28492 28605 I art     : Starting a blocking GC Explicit
08-06 13:03:55.521 28492 28605 I art     : Explicit concurrent mark sweep GC freed 3(96B) AllocSpace objects, 0(0B) LOS objects, 23% free, 53MB/69MB, paused 480us total 22.534ms
08-06 13:03:55.530 28492 28605 I art     : Starting a blocking GC Explicit
08-06 13:03:55.554 28492 28605 I art     : Explicit concurrent mark sweep GC freed 3(96B) AllocSpace objects, 0(0B) LOS objects, 23% free, 53MB/69MB, paused 503us total 23.506ms
08-06 13:03:55.563 28492 28605 I art     : Starting a blocking GC Explicit
08-06 13:03:55.586 28492 28605 I art     : Explicit concurrent mark sweep GC freed 3(96B) AllocSpace objects, 0(0B) LOS objects, 23% free, 53MB/69MB, paused 502us total 23.106ms
08-06 13:03:55.905 28492 28513 I art     : Starting a blocking GC Explicit
08-06 13:03:55.929 28492 28513 I art     : Explicit concurrent mark sweep GC freed 1347(78KB) AllocSpace objects, 1(20KB) LOS objects, 23% free, 53MB/69MB, paused 524us total 23.216ms
08-06 13:03:55.938 28492 28513 I art     : Starting a blocking GC Explicit
08-06 13:03:55.961 28492 28513 I art     : Explicit concurrent mark sweep GC freed 20(704B) AllocSpace objects, 0(0B) LOS objects, 23% free, 53MB/69MB, paused 495us total 22.512ms
08-06 13:03:55.970 28492 28513 I art     : Starting a blocking GC Explicit
08-06 13:03:55.992 28492 28513 I art     : Explicit concurrent mark sweep GC freed 3(96B) AllocSpace objects, 0(0B) LOS objects, 23% free, 53MB/69MB, paused 505us total 22.152ms
08-06 13:03:56.001 28492 28513 I art     : Starting a blocking GC Explicit
08-06 13:03:56.022 28492 28513 I art     : Explicit concurrent mark sweep GC freed 3(96B) AllocSpace objects, 0(0B) LOS objects, 23% free, 53MB/69MB, paused 494us total 21.604ms
08-06 13:03:56.031 28492 28513 I art     : Starting a blocking GC Explicit
08-06 13:03:56.053 28492 28513 I art     : Explicit concurrent mark sweep GC freed 3(96B) AllocSpace objects, 0(0B) LOS objects, 23% free, 53MB/69MB, paused 504us total 21.952ms
08-06 13:03:56.245 31581 31581 D AndroidRuntime: >>>>>> START com.android.internal.os.RuntimeInit uid 2000 <<<<<<
08-06 13:03:56.252 31581 31581 D AndroidRuntime: CheckJNI is OFF
08-06 13:03:56.285 31581 31581 D ICU     : No timezone override file found: /data/misc/zoneinfo/current/icu/icu_tzdata.dat
08-06 13:03:56.316 31581 31581 I Radio-JNI: register_android_hardware_Radio DONE
08-06 13:03:56.338 31581 31581 D AndroidRuntime: Calling main entry com.android.commands.input.Input
08-06 13:03:56.340 31581 31581 I Input   : injectMotionEvent: MotionEvent { action=ACTION_DOWN, actionButton=0, id[0]=0, x[0]=369.0, y[0]=554.0, toolType[0]=TOOL_TYPE_UNKNOWN, buttonState=0, metaState=0, flags=0x0, edgeFlags=0x0, pointerCount=1, historySize=0, eventTime=882252752, downTime=882252752, deviceId=0, source=0x1002 }
08-06 13:03:56.344 31581 31581 I Input   : injectMotionEvent: MotionEvent { action=ACTION_UP, actionButton=0, id[0]=0, x[0]=369.0, y[0]=554.0, toolType[0]=TOOL_TYPE_UNKNOWN, buttonState=0, metaState=0, flags=0x0, edgeFlags=0x0, pointerCount=1, historySize=0, eventTime=882252752, downTime=882252752, deviceId=0, source=0x1002 }
08-06 13:03:56.345   918  4413 I ActivityManager: START u0 {cmp=baseline.appteam.nith.hillffair/.activities.ClubActivity (has extras)} from uid 10697 on display 0
08-06 13:03:56.351 31581 31581 D AndroidRuntime: Shutting down VM
08-06 13:03:56.378 28492 28605 I art     : Starting a blocking GC Explicit
08-06 13:03:56.403 28492 28605 I art     : Explicit concurrent mark sweep GC freed 4892(297KB) AllocSpace objects, 1(20KB) LOS objects, 22% free, 53MB/69MB, paused 603us total 24.499ms
08-06 13:03:56.411 28492 28605 I art     : Starting a blocking GC Explicit
08-06 13:03:56.433 28492 28605 I art     : Explicit concurrent mark sweep GC freed 312(14KB) AllocSpace objects, 0(0B) LOS objects, 22% free, 53MB/69MB, paused 742us total 22.206ms
08-06 13:03:56.442 28492 28605 I art     : Starting a blocking GC Explicit
08-06 13:03:56.445   918   936 I ActivityManager: Displayed baseline.appteam.nith.hillffair/.activities.ClubActivity: +94ms
08-06 13:03:56.447 13866 13866 I GoogleInputMethodServic: GoogleInputMethodService.onFinishInput():3138 
08-06 13:03:56.448 13866 13866 I GoogleInputMethodServic: GoogleInputMethodService.onStartInput():1808 
08-06 13:03:56.466 28492 28605 I art     : Explicit concurrent mark sweep GC freed 181(9KB) AllocSpace objects, 0(0B) LOS objects, 22% free, 53MB/69MB, paused 892us total 23.868ms
08-06 13:03:56.476 28492 28605 I art     : Starting a blocking GC Explicit
08-06 13:03:56.497 28492 28605 I art     : Explicit concurrent mark sweep GC freed 24(1040B) AllocSpace objects, 0(0B) LOS objects, 22% free, 53MB/69MB, paused 556us total 20.777ms
08-06 13:03:56.505 28492 28605 I art     : Starting a blocking GC Explicit
08-06 13:03:56.526 28492 28605 I art     : Explicit concurrent mark sweep GC freed 3(96B) AllocSpace objects, 0(0B) LOS objects, 22% free, 53MB/69MB, paused 501us total 20.803ms
08-06 13:03:56.678   380   380 W SurfaceFlinger: couldn't log to binary event log: overflow.
08-06 13:03:56.781 28492 28513 I art     : Starting a blocking GC Explicit
08-06 13:03:56.805 28492 28513 I art     : Explicit concurrent mark sweep GC freed 1347(78KB) AllocSpace objects, 1(20KB) LOS objects, 22% free, 53MB/69MB, paused 566us total 24.514ms
08-06 13:03:56.816 28492 28513 I art     : Starting a blocking GC Explicit
08-06 13:03:56.841 28492 28513 I art     : Explicit concurrent mark sweep GC freed 131(7KB) AllocSpace objects, 0(0B) LOS objects, 22% free, 53MB/69MB, paused 551us total 24.227ms
08-06 13:03:56.849 28492 28513 I art     : Starting a blocking GC Explicit
08-06 13:03:56.869 28492 31606 D OkHttp  : --> GET https://api-hillfair-2k16.herokuapp.com/api/app/club/PR%20Club http/1.1
08-06 13:03:56.873 28492 28513 I art     : Explicit concurrent mark sweep GC freed 2577(132KB) AllocSpace objects, 2(120KB) LOS objects, 22% free, 53MB/69MB, paused 665us total 23.454ms
08-06 13:03:56.881 28492 28513 I art     : Starting a blocking GC Explicit
08-06 13:03:56.903 28492 31606 D OkHttp  : <-- 200 OK https://api-hillfair-2k16.herokuapp.com/api/app/club/PR%20Club (33ms, 979-byte body)
08-06 13:03:56.903 28492 28513 I art     : Explicit concurrent mark sweep GC freed 997(119KB) AllocSpace objects, 1(80KB) LOS objects, 22% free, 53MB/69MB, paused 643us total 21.899ms
08-06 13:03:56.912 28492 28513 I art     : Starting a blocking GC Explicit
08-06 13:03:56.933 28492 28513 I art     : Explicit concurrent mark sweep GC freed 186(34KB) AllocSpace objects, 0(0B) LOS objects, 22% free, 53MB/69MB, paused 555us total 21.509ms
08-06 13:03:56.945 28492 28492 I NAPPA_EXPERIMENTATION: MetricNetworkRequestExecutionTime: REQUEST_DURATION_SYSTEM='559',REQUEST_DURATION_OKHTTP='34',REQUEST_SYNCHRONOUS='FALSE',RESPONSE_CODE='200',RESPONSE_METHOD='GET',RESPONSE_LENGTH_OKHTTP='979',RESPONSE_LENGTH_HEADER='979',REQUEST_PROTOCOL='http/1.1',REQUEST_URL='https://api-hillfair-2k16.herokuapp.com/api/app/club/PR%20Club',
08-06 13:03:57.213 28492 28514 I art     : Starting a blocking GC Explicit
08-06 13:03:57.237 28492 28514 I art     : Explicit concurrent mark sweep GC freed 1997(177KB) AllocSpace objects, 1(20KB) LOS objects, 22% free, 53MB/69MB, paused 580us total 24.432ms
08-06 13:03:57.246 28492 28514 I art     : Starting a blocking GC Explicit
08-06 13:03:57.268 28492 28514 I art     : Explicit concurrent mark sweep GC freed 64(2112B) AllocSpace objects, 0(0B) LOS objects, 22% free, 53MB/69MB, paused 522us total 21.927ms
08-06 13:03:57.277 28492 28514 I art     : Starting a blocking GC Explicit
08-06 13:03:57.299 28492 28514 I art     : Explicit concurrent mark sweep GC freed 3(96B) AllocSpace objects, 0(0B) LOS objects, 22% free, 53MB/69MB, paused 478us total 21.836ms
08-06 13:03:57.308 28492 28514 I art     : Starting a blocking GC Explicit
08-06 13:03:57.330 28492 28514 I art     : Explicit concurrent mark sweep GC freed 3(96B) AllocSpace objects, 0(0B) LOS objects, 22% free, 53MB/69MB, paused 474us total 22.552ms
08-06 13:03:57.339 28492 28514 I art     : Starting a blocking GC Explicit
08-06 13:03:57.363 28492 28514 I art     : Explicit concurrent mark sweep GC freed 19(656B) AllocSpace objects, 0(0B) LOS objects, 22% free, 53MB/69MB, paused 480us total 23.140ms
08-06 13:03:57.655 28492 28605 I art     : Starting a blocking GC Explicit
08-06 13:03:57.692 28492 28605 I art     : Explicit concurrent mark sweep GC freed 1347(78KB) AllocSpace objects, 1(20KB) LOS objects, 22% free, 53MB/69MB, paused 558us total 36.421ms
08-06 13:03:57.705 28492 28605 I art     : Starting a blocking GC Explicit
08-06 13:03:57.732 28492 28605 I art     : Explicit concurrent mark sweep GC freed 20(704B) AllocSpace objects, 0(0B) LOS objects, 22% free, 53MB/69MB, paused 533us total 26.640ms
08-06 13:03:57.741 28492 28605 I art     : Starting a blocking GC Explicit
08-06 13:03:57.766 28492 28605 I art     : Explicit concurrent mark sweep GC freed 3(96B) AllocSpace objects, 0(0B) LOS objects, 22% free, 53MB/69MB, paused 529us total 24.778ms
08-06 13:03:57.775 28492 28605 I art     : Starting a blocking GC Explicit
08-06 13:03:57.787   518   646 I ThermalEngine: ACTION: GPU - Setting GPU[0] to 450000000
08-06 13:03:57.804 28492 28605 I art     : Explicit concurrent mark sweep GC freed 3(96B) AllocSpace objects, 0(0B) LOS objects, 22% free, 53MB/69MB, paused 706us total 29.060ms
08-06 13:03:57.816 28492 28605 I art     : Starting a blocking GC Explicit
08-06 13:03:57.846 28492 28605 I art     : Explicit concurrent mark sweep GC freed 3(96B) AllocSpace objects, 0(0B) LOS objects, 22% free, 53MB/69MB, paused 705us total 29.609ms
08-06 13:03:58.191 28492 28604 I art     : Starting a blocking GC Explicit
08-06 13:03:58.236 28492 28604 I art     : Explicit concurrent mark sweep GC freed 1347(78KB) AllocSpace objects, 1(20KB) LOS objects, 22% free, 53MB/69MB, paused 744us total 43.623ms
08-06 13:03:58.253 28492 28604 I art     : Starting a blocking GC Explicit
08-06 13:03:58.287 28492 28604 I art     : Explicit concurrent mark sweep GC freed 20(704B) AllocSpace objects, 0(0B) LOS objects, 22% free, 53MB/69MB, paused 852us total 34.344ms
08-06 13:03:58.299 28492 28604 I art     : Starting a blocking GC Explicit
08-06 13:03:58.333 28492 28604 I art     : Explicit concurrent mark sweep GC freed 3(96B) AllocSpace objects, 0(0B) LOS objects, 22% free, 53MB/69MB, paused 730us total 33.262ms
08-06 13:03:58.345 28492 28604 I art     : Starting a blocking GC Explicit
08-06 13:03:58.378 28492 28604 I art     : Explicit concurrent mark sweep GC freed 3(96B) AllocSpace objects, 0(0B) LOS objects, 22% free, 53MB/69MB, paused 746us total 33.140ms
08-06 13:03:58.390 28492 28604 I art     : Starting a blocking GC Explicit
08-06 13:03:58.422 28492 28604 I art     : Explicit concurrent mark sweep GC freed 3(96B) AllocSpace objects, 0(0B) LOS objects, 22% free, 53MB/69MB, paused 678us total 31.461ms
08-06 13:03:58.767 28492 28513 I art     : Starting a blocking GC Explicit
08-06 13:03:58.802 28492 28513 I art     : Explicit concurrent mark sweep GC freed 1368(79KB) AllocSpace objects, 1(20KB) LOS objects, 22% free, 53MB/69MB, paused 695us total 35.416ms
08-06 13:03:58.814 28492 28513 I art     : Starting a blocking GC Explicit
08-06 13:03:58.845 28492 28513 I art     : Explicit concurrent mark sweep GC freed 36(1216B) AllocSpace objects, 0(0B) LOS objects, 22% free, 53MB/69MB, paused 697us total 30.615ms
08-06 13:03:58.857 28492 28513 I art     : Starting a blocking GC Explicit
08-06 13:03:58.890 28492 28513 I art     : Explicit concurrent mark sweep GC freed 3(96B) AllocSpace objects, 0(0B) LOS objects, 22% free, 53MB/69MB, paused 718us total 33.076ms
08-06 13:03:58.902 28492 28513 I art     : Starting a blocking GC Explicit
08-06 13:03:58.935 28492 28513 I art     : Explicit concurrent mark sweep GC freed 3(96B) AllocSpace objects, 0(0B) LOS objects, 22% free, 53MB/69MB, paused 703us total 32.697ms
08-06 13:03:58.947 28492 28513 I art     : Starting a blocking GC Explicit
08-06 13:03:58.981 28492 28513 I art     : Explicit concurrent mark sweep GC freed 3(96B) AllocSpace objects, 0(0B) LOS objects, 22% free, 53MB/69MB, paused 709us total 33.356ms
08-06 13:03:59.314 28492 29818 I art     : Starting a blocking GC Explicit
08-06 13:03:59.353 28492 29818 I art     : Explicit concurrent mark sweep GC freed 1347(78KB) AllocSpace objects, 1(20KB) LOS objects, 22% free, 53MB/69MB, paused 706us total 37.936ms
08-06 13:03:59.370 28492 29818 I art     : Starting a blocking GC Explicit
08-06 13:03:59.401 28492 29818 I art     : Explicit concurrent mark sweep GC freed 20(704B) AllocSpace objects, 0(0B) LOS objects, 22% free, 53MB/69MB, paused 660us total 30.663ms
08-06 13:03:59.412 28492 29818 I art     : Starting a blocking GC Explicit
08-06 13:03:59.446 28492 29818 I art     : Explicit concurrent mark sweep GC freed 3(96B) AllocSpace objects, 0(0B) LOS objects, 22% free, 53MB/69MB, paused 695us total 32.940ms
08-06 13:03:59.457 28492 29818 I art     : Starting a blocking GC Explicit
08-06 13:03:59.491 28492 29818 I art     : Explicit concurrent mark sweep GC freed 3(96B) AllocSpace objects, 0(0B) LOS objects, 22% free, 53MB/69MB, paused 702us total 33ms
08-06 13:03:59.503 28492 29818 I art     : Starting a blocking GC Explicit
08-06 13:03:59.534 28492 29818 I art     : Explicit concurrent mark sweep GC freed 3(96B) AllocSpace objects, 0(0B) LOS objects, 22% free, 53MB/69MB, paused 685us total 30.746ms
08-06 13:03:59.859 28492 28514 I art     : Starting a blocking GC Explicit
08-06 13:03:59.897 28492 28514 I art     : Explicit concurrent mark sweep GC freed 1347(78KB) AllocSpace objects, 1(20KB) LOS objects, 22% free, 53MB/69MB, paused 689us total 37.507ms
08-06 13:03:59.909 28492 28514 I art     : Starting a blocking GC Explicit
08-06 13:03:59.942 28492 28514 I art     : Explicit concurrent mark sweep GC freed 20(704B) AllocSpace objects, 0(0B) LOS objects, 22% free, 53MB/69MB, paused 689us total 32.613ms
08-06 13:03:59.954 28492 28514 I art     : Starting a blocking GC Explicit
08-06 13:03:59.987 28492 28514 I art     : Explicit concurrent mark sweep GC freed 3(96B) AllocSpace objects, 0(0B) LOS objects, 22% free, 53MB/69MB, paused 791us total 33.124ms
08-06 13:03:59.999 28492 28514 I art     : Starting a blocking GC Explicit
08-06 13:04:00.030 28492 28514 I art     : Explicit concurrent mark sweep GC freed 3(96B) AllocSpace objects, 0(0B) LOS objects, 22% free, 53MB/69MB, paused 687us total 30.915ms
08-06 13:04:00.042 28492 28514 I art     : Starting a blocking GC Explicit
08-06 13:04:00.071 28492 28514 I art     : Explicit concurrent mark sweep GC freed 3(96B) AllocSpace objects, 0(0B) LOS objects, 22% free, 53MB/69MB, paused 642us total 28.738ms
08-06 13:04:00.397 28492 28605 I art     : Starting a blocking GC Explicit
08-06 13:04:00.438 28492 28605 I art     : Explicit concurrent mark sweep GC freed 1347(78KB) AllocSpace objects, 1(20KB) LOS objects, 22% free, 53MB/69MB, paused 729us total 40.036ms
08-06 13:04:00.452 28492 28605 I art     : Starting a blocking GC Explicit
08-06 13:04:00.486 28492 28605 I art     : Explicit concurrent mark sweep GC freed 20(704B) AllocSpace objects, 0(0B) LOS objects, 22% free, 53MB/69MB, paused 700us total 33.513ms
08-06 13:04:00.498 28492 28605 I art     : Starting a blocking GC Explicit
08-06 13:04:00.531 28492 28605 I art     : Explicit concurrent mark sweep GC freed 3(96B) AllocSpace objects, 0(0B) LOS objects, 22% free, 53MB/69MB, paused 650us total 32.566ms
08-06 13:04:00.543 28492 28605 I art     : Starting a blocking GC Explicit
08-06 13:04:00.575 28492 28605 I art     : Explicit concurrent mark sweep GC freed 3(96B) AllocSpace objects, 0(0B) LOS objects, 22% free, 53MB/69MB, paused 713us total 32.510ms
08-06 13:04:00.587 28492 28605 I art     : Starting a blocking GC Explicit
08-06 13:04:00.619 28492 28605 I art     : Explicit concurrent mark sweep GC freed 3(96B) AllocSpace objects, 0(0B) LOS objects, 22% free, 53MB/69MB, paused 648us total 31.097ms
08-06 13:04:00.794   518   646 I ThermalEngine: ACTION: GPU - Setting GPU[0] to 510000000
08-06 13:04:00.921 28492 28604 I art     : Starting a blocking GC Explicit
08-06 13:04:00.947 28492 28604 I art     : Explicit concurrent mark sweep GC freed 1347(78KB) AllocSpace objects, 1(20KB) LOS objects, 22% free, 53MB/69MB, paused 535us total 24.954ms
08-06 13:04:00.956 28492 28604 I art     : Starting a blocking GC Explicit
08-06 13:04:00.979 28492 28604 I art     : Explicit concurrent mark sweep GC freed 20(704B) AllocSpace objects, 0(0B) LOS objects, 22% free, 53MB/69MB, paused 526us total 23.511ms
08-06 13:04:00.988 28492 28604 I art     : Starting a blocking GC Explicit
08-06 13:04:01.011 28492 28604 I art     : Explicit concurrent mark sweep GC freed 3(96B) AllocSpace objects, 0(0B) LOS objects, 22% free, 53MB/69MB, paused 508us total 22.581ms
08-06 13:04:01.020 28492 28604 I art     : Starting a blocking GC Explicit
08-06 13:04:01.044 28492 28604 I art     : Explicit concurrent mark sweep GC freed 3(96B) AllocSpace objects, 0(0B) LOS objects, 22% free, 53MB/69MB, paused 530us total 23.431ms
08-06 13:04:01.053 28492 28604 I art     : Starting a blocking GC Explicit
08-06 13:04:01.076 28492 28604 I art     : Explicit concurrent mark sweep GC freed 3(96B) AllocSpace objects, 0(0B) LOS objects, 22% free, 53MB/69MB, paused 580us total 23.244ms
08-06 13:04:01.079 31688 31688 D AndroidRuntime: >>>>>> START com.android.internal.os.RuntimeInit uid 2000 <<<<<<
08-06 13:04:01.084 31688 31688 D AndroidRuntime: CheckJNI is OFF
08-06 13:04:01.117 31688 31688 D ICU     : No timezone override file found: /data/misc/zoneinfo/current/icu/icu_tzdata.dat
08-06 13:04:01.149 31688 31688 I Radio-JNI: register_android_hardware_Radio DONE
08-06 13:04:01.171 31688 31688 D AndroidRuntime: Calling main entry com.android.commands.input.Input
08-06 13:04:01.172 31688 31688 I Input   : injectKeyEvent: KeyEvent { action=ACTION_DOWN, keyCode=KEYCODE_BACK, scanCode=0, metaState=0, flags=0x0, repeatCount=0, eventTime=882257585, downTime=882257585, deviceId=-1, source=0x101 }
08-06 13:04:01.179 31688 31688 I Input   : injectKeyEvent: KeyEvent { action=ACTION_UP, keyCode=KEYCODE_BACK, scanCode=0, metaState=0, flags=0x0, repeatCount=0, eventTime=882257585, downTime=882257585, deviceId=-1, source=0x101 }
08-06 13:04:01.185 31688 31688 D AndroidRuntime: Shutting down VM
08-06 13:04:01.226 13866 13866 I GoogleInputMethodServic: GoogleInputMethodService.onFinishInput():3138 
08-06 13:04:01.227 13866 13866 I GoogleInputMethodServic: GoogleInputMethodService.onStartInput():1808 
08-06 13:04:01.329 28492 28605 I art     : Starting a blocking GC Explicit
08-06 13:04:01.356 28492 28605 I art     : Explicit concurrent mark sweep GC freed 1529(86KB) AllocSpace objects, 1(20KB) LOS objects, 22% free, 53MB/69MB, paused 584us total 26.172ms
08-06 13:04:01.366 28492 28605 I art     : Starting a blocking GC Explicit
08-06 13:04:01.393 28492 28605 I art     : Explicit concurrent mark sweep GC freed 41(1504B) AllocSpace objects, 0(0B) LOS objects, 22% free, 53MB/69MB, paused 559us total 27.506ms
08-06 13:04:01.403 28492 28605 I art     : Starting a blocking GC Explicit
08-06 13:04:01.429 28492 28605 I art     : Explicit concurrent mark sweep GC freed 3(96B) AllocSpace objects, 0(0B) LOS objects, 22% free, 53MB/69MB, paused 498us total 25.692ms
08-06 13:04:01.440 28492 28605 I art     : Starting a blocking GC Explicit
08-06 13:04:01.465 28492 28605 I art     : Explicit concurrent mark sweep GC freed 3(96B) AllocSpace objects, 0(0B) LOS objects, 22% free, 53MB/69MB, paused 536us total 25.235ms
08-06 13:04:01.478 28492 28605 I art     : Starting a blocking GC Explicit
08-06 13:04:01.508 28492 28605 I art     : Explicit concurrent mark sweep GC freed 3(96B) AllocSpace objects, 0(0B) LOS objects, 22% free, 53MB/69MB, paused 653us total 29.826ms
08-06 13:04:01.532   380   380 W SurfaceFlinger: couldn't log to binary event log: overflow.
08-06 13:04:01.730   918  3261 D WifiStateMachine: starting scan for "H369AA63323"WPA_PSK with 2412,5180
08-06 13:04:01.771 28492 28513 I art     : Starting a blocking GC Explicit
08-06 13:04:01.799 28492 28513 I art     : Explicit concurrent mark sweep GC freed 1456(87KB) AllocSpace objects, 1(20KB) LOS objects, 22% free, 53MB/69MB, paused 740us total 27.909ms
08-06 13:04:01.815 28492 28513 I art     : Starting a blocking GC Explicit
08-06 13:04:01.838 28492 28513 I art     : Explicit concurrent mark sweep GC freed 1671(107KB) AllocSpace objects, 3(184KB) LOS objects, 23% free, 53MB/69MB, paused 517us total 22.827ms
08-06 13:04:01.847 28492 28513 I art     : Starting a blocking GC Explicit
08-06 13:04:01.869 28492 28513 I art     : Explicit concurrent mark sweep GC freed 3(96B) AllocSpace objects, 0(0B) LOS objects, 23% free, 53MB/69MB, paused 492us total 22.161ms
08-06 13:04:01.869 28492 28512 I art     : WaitForGcToComplete blocked for 22.369ms for cause HeapTrim
08-06 13:04:01.877 28492 28513 I art     : Starting a blocking GC Explicit
08-06 13:04:01.900 28492 28513 I art     : Explicit concurrent mark sweep GC freed 3(96B) AllocSpace objects, 0(0B) LOS objects, 23% free, 53MB/69MB, paused 498us total 22.387ms
08-06 13:04:01.909 28492 28513 I art     : Starting a blocking GC Explicit
08-06 13:04:01.932 28492 28513 I art     : Explicit concurrent mark sweep GC freed 3(96B) AllocSpace objects, 0(0B) LOS objects, 23% free, 53MB/69MB, paused 518us total 23.168ms
08-06 13:04:02.221 28492 28604 I art     : Starting a blocking GC Explicit
08-06 13:04:02.250 28492 28604 I art     : Explicit concurrent mark sweep GC freed 1347(78KB) AllocSpace objects, 1(20KB) LOS objects, 23% free, 53MB/69MB, paused 615us total 29.358ms
08-06 13:04:02.261 28492 28604 I art     : Starting a blocking GC Explicit
08-06 13:04:02.285 28492 28604 I art     : Explicit concurrent mark sweep GC freed 20(704B) AllocSpace objects, 0(0B) LOS objects, 23% free, 53MB/69MB, paused 500us total 23.571ms
08-06 13:04:02.294 28492 28604 I art     : Starting a blocking GC Explicit
08-06 13:04:02.318 28492 28604 I art     : Explicit concurrent mark sweep GC freed 3(96B) AllocSpace objects, 0(0B) LOS objects, 23% free, 53MB/69MB, paused 527us total 23.653ms
08-06 13:04:02.327 28492 28604 I art     : Starting a blocking GC Explicit
08-06 13:04:02.350 28492 28604 I art     : Explicit concurrent mark sweep GC freed 3(96B) AllocSpace objects, 0(0B) LOS objects, 23% free, 53MB/69MB, paused 516us total 23.443ms
08-06 13:04:02.360 28492 28604 I art     : Starting a blocking GC Explicit
08-06 13:04:02.384 28492 28604 I art     : Explicit concurrent mark sweep GC freed 3(96B) AllocSpace objects, 0(0B) LOS objects, 23% free, 53MB/69MB, paused 518us total 23.866ms
08-06 13:04:02.652 28492 28514 I art     : Starting a blocking GC Explicit
08-06 13:04:02.681 28492 28514 I art     : Explicit concurrent mark sweep GC freed 1347(78KB) AllocSpace objects, 1(20KB) LOS objects, 23% free, 53MB/69MB, paused 575us total 28.956ms
08-06 13:04:02.692 28492 28514 I art     : Starting a blocking GC Explicit
08-06 13:04:02.717 28492 28514 I art     : Explicit concurrent mark sweep GC freed 20(704B) AllocSpace objects, 0(0B) LOS objects, 23% free, 53MB/69MB, paused 805us total 24.139ms
08-06 13:04:02.725 28492 28514 I art     : Starting a blocking GC Explicit
08-06 13:04:02.748 28492 28514 I art     : Explicit concurrent mark sweep GC freed 3(96B) AllocSpace objects, 0(0B) LOS objects, 23% free, 53MB/69MB, paused 523us total 22.581ms
08-06 13:04:02.757 28492 28514 I art     : Starting a blocking GC Explicit
08-06 13:04:02.779 28492 28514 I art     : Explicit concurrent mark sweep GC freed 3(96B) AllocSpace objects, 0(0B) LOS objects, 23% free, 53MB/69MB, paused 517us total 22.137ms
08-06 13:04:02.788 28492 28514 I art     : Starting a blocking GC Explicit
08-06 13:04:02.810 28492 28514 I art     : Explicit concurrent mark sweep GC freed 3(96B) AllocSpace objects, 0(0B) LOS objects, 23% free, 53MB/69MB, paused 524us total 22.350ms
08-06 13:04:02.840 31749 31749 D AndroidRuntime: >>>>>> START com.android.internal.os.RuntimeInit uid 2000 <<<<<<
08-06 13:04:02.845 31749 31749 D AndroidRuntime: CheckJNI is OFF
08-06 13:04:02.879 31749 31749 D ICU     : No timezone override file found: /data/misc/zoneinfo/current/icu/icu_tzdata.dat
08-06 13:04:02.914 31749 31749 I Radio-JNI: register_android_hardware_Radio DONE
08-06 13:04:02.936 31749 31749 D AndroidRuntime: Calling main entry com.android.commands.input.Input
08-06 13:04:02.938 31749 31749 I Input   : injectMotionEvent: MotionEvent { action=ACTION_DOWN, actionButton=0, id[0]=0, x[0]=1012.0, y[0]=1152.0, toolType[0]=TOOL_TYPE_UNKNOWN, buttonState=0, metaState=0, flags=0x0, edgeFlags=0x0, pointerCount=1, historySize=0, eventTime=882259351, downTime=882259351, deviceId=0, source=0x1002 }
08-06 13:04:02.945 31749 31749 I Input   : injectMotionEvent: MotionEvent { action=ACTION_UP, actionButton=0, id[0]=0, x[0]=1012.0, y[0]=1152.0, toolType[0]=TOOL_TYPE_UNKNOWN, buttonState=0, metaState=0, flags=0x0, edgeFlags=0x0, pointerCount=1, historySize=0, eventTime=882259351, downTime=882259351, deviceId=0, source=0x1002 }
08-06 13:04:02.947   918  3670 I ActivityManager: START u0 {cmp=baseline.appteam.nith.hillffair/.activities.ClubActivity (has extras)} from uid 10697 on display 0
08-06 13:04:02.957 31749 31749 D AndroidRuntime: Shutting down VM
08-06 13:04:02.972   918   937 W ProcessCpuTracker: Skipping unknown process pid 31768
08-06 13:04:03.035   918   936 I ActivityManager: Displayed baseline.appteam.nith.hillffair/.activities.ClubActivity: +77ms
08-06 13:04:03.037 13866 13866 I GoogleInputMethodServic: GoogleInputMethodService.onFinishInput():3138 
08-06 13:04:03.037 13866 13866 I GoogleInputMethodServic: GoogleInputMethodService.onStartInput():1808 
08-06 13:04:03.067 28492 29818 I art     : Starting a blocking GC Explicit
08-06 13:04:03.089 28492 29818 I art     : Explicit concurrent mark sweep GC freed 4879(298KB) AllocSpace objects, 1(20KB) LOS objects, 22% free, 53MB/69MB, paused 527us total 21.834ms
08-06 13:04:03.097 28492 29818 I art     : Starting a blocking GC Explicit
08-06 13:04:03.120 28492 29818 I art     : Explicit concurrent mark sweep GC freed 285(15KB) AllocSpace objects, 0(0B) LOS objects, 22% free, 53MB/69MB, paused 521us total 22.185ms
08-06 13:04:03.129 28492 29818 I art     : Starting a blocking GC Explicit
08-06 13:04:03.151 28492 29818 I art     : Explicit concurrent mark sweep GC freed 9(464B) AllocSpace objects, 0(0B) LOS objects, 22% free, 53MB/69MB, paused 536us total 22.501ms
08-06 13:04:03.161 28492 29818 I art     : Starting a blocking GC Explicit
08-06 13:04:03.191 28492 29818 I art     : Explicit concurrent mark sweep GC freed 3(96B) AllocSpace objects, 0(0B) LOS objects, 22% free, 53MB/69MB, paused 575us total 29.667ms
08-06 13:04:03.201 28492 29818 I art     : Starting a blocking GC Explicit
08-06 13:04:03.228 28492 29818 I art     : Explicit concurrent mark sweep GC freed 3(96B) AllocSpace objects, 0(0B) LOS objects, 22% free, 53MB/69MB, paused 563us total 26.269ms
08-06 13:04:03.285   380   380 W SurfaceFlinger: couldn't log to binary event log: overflow.
08-06 13:04:03.489 28492 28513 I art     : Starting a blocking GC Explicit
08-06 13:04:03.514 28492 28513 I art     : Explicit concurrent mark sweep GC freed 1468(85KB) AllocSpace objects, 1(20KB) LOS objects, 22% free, 53MB/69MB, paused 646us total 25.458ms
08-06 13:04:03.524 28492 28513 I art     : Starting a blocking GC Explicit
08-06 13:04:03.548 28492 28513 I art     : Explicit concurrent mark sweep GC freed 61(2416B) AllocSpace objects, 0(0B) LOS objects, 22% free, 53MB/69MB, paused 563us total 23.894ms
08-06 13:04:03.557 28492 28513 I art     : Starting a blocking GC Explicit
08-06 13:04:03.581 28492 28513 I art     : Explicit concurrent mark sweep GC freed 29(992B) AllocSpace objects, 0(0B) LOS objects, 22% free, 53MB/69MB, paused 543us total 23.737ms
08-06 13:04:03.590 28492 28513 I art     : Starting a blocking GC Explicit
08-06 13:04:03.614 28492 28513 I art     : Explicit concurrent mark sweep GC freed 13(480B) AllocSpace objects, 0(0B) LOS objects, 22% free, 53MB/69MB, paused 547us total 23.644ms
08-06 13:04:03.623 28492 28513 I art     : Starting a blocking GC Explicit
08-06 13:04:03.647 28492 28513 I art     : Explicit concurrent mark sweep GC freed 13(480B) AllocSpace objects, 0(0B) LOS objects, 22% free, 53MB/69MB, paused 630us total 23.476ms
08-06 13:04:03.740 28492 31778 D OkHttp  : --> GET https://api-hillfair-2k16.herokuapp.com/api/app/club/Design%20and%20Decoration%20Club http/1.1
08-06 13:04:03.777 28492 31778 D OkHttp  : <-- 200 OK https://api-hillfair-2k16.herokuapp.com/api/app/club/Design%20and%20Decoration%20Club (36ms, 760-byte body)
08-06 13:04:03.800   518   646 I ThermalEngine: ACTION: GPU - Setting GPU[0] to 450000000
08-06 13:04:03.837 28492 28492 I NAPPA_EXPERIMENTATION: MetricNetworkRequestExecutionTime: REQUEST_DURATION_SYSTEM='851',REQUEST_DURATION_OKHTTP='37',REQUEST_SYNCHRONOUS='FALSE',RESPONSE_CODE='200',RESPONSE_METHOD='GET',RESPONSE_LENGTH_OKHTTP='760',RESPONSE_LENGTH_HEADER='760',REQUEST_PROTOCOL='http/1.1',REQUEST_URL='https://api-hillfair-2k16.herokuapp.com/api/app/club/Design%20and%20Decoration%20Club',
08-06 13:04:03.945 28492 29818 I art     : Starting a blocking GC Explicit
08-06 13:04:03.978 28492 29818 I art     : Explicit concurrent mark sweep GC freed 4814(339KB) AllocSpace objects, 4(220KB) LOS objects, 22% free, 54MB/70MB, paused 701us total 32.364ms
08-06 13:04:03.990 28492 29818 I art     : Starting a blocking GC Explicit
08-06 13:04:04.021 28492 29818 I art     : Explicit concurrent mark sweep GC freed 1037(119KB) AllocSpace objects, 0(0B) LOS objects, 22% free, 53MB/69MB, paused 809us total 31.031ms
08-06 13:04:04.033 28492 29818 I art     : Starting a blocking GC Explicit
08-06 13:04:04.063 28492 29818 I art     : Explicit concurrent mark sweep GC freed 3(96B) AllocSpace objects, 0(0B) LOS objects, 22% free, 53MB/69MB, paused 684us total 29.694ms
08-06 13:04:04.074 28492 29818 I art     : Starting a blocking GC Explicit
08-06 13:04:04.104 28492 29818 I art     : Explicit concurrent mark sweep GC freed 3(96B) AllocSpace objects, 0(0B) LOS objects, 22% free, 53MB/69MB, paused 825us total 29.279ms
08-06 13:04:04.116 28492 29818 I art     : Starting a blocking GC Explicit
08-06 13:04:04.145 28492 29818 I art     : Explicit concurrent mark sweep GC freed 3(96B) AllocSpace objects, 0(0B) LOS objects, 22% free, 53MB/69MB, paused 678us total 29.587ms
08-06 13:04:04.343 29105 29105 I Atfwd_Sendcmd: AtCmdFwd service not ready - Exhausted retry attempts - :6
08-06 13:04:04.343 29105 29105 I Atfwd_Daemon: result : -1 	 ,Init step :2 	 ,qmiErrorCode: 0
08-06 13:04:04.451 28492 28514 I art     : Starting a blocking GC Explicit
08-06 13:04:04.494 28492 28514 I art     : Explicit concurrent mark sweep GC freed 1347(78KB) AllocSpace objects, 1(20KB) LOS objects, 22% free, 53MB/69MB, paused 777us total 43.065ms
08-06 13:04:04.513 28492 28514 I art     : Starting a blocking GC Explicit
08-06 13:04:04.545 28492 28514 I art     : Explicit concurrent mark sweep GC freed 36(1264B) AllocSpace objects, 0(0B) LOS objects, 22% free, 53MB/69MB, paused 677us total 31.927ms
08-06 13:04:04.557 28492 28514 I art     : Starting a blocking GC Explicit
08-06 13:04:04.591 28492 28514 I art     : Explicit concurrent mark sweep GC freed 3(96B) AllocSpace objects, 0(0B) LOS objects, 22% free, 53MB/69MB, paused 693us total 33.855ms
08-06 13:04:04.603 28492 28514 I art     : Starting a blocking GC Explicit
08-06 13:04:04.637 28492 28514 I art     : Explicit concurrent mark sweep GC freed 3(96B) AllocSpace objects, 0(0B) LOS objects, 22% free, 53MB/69MB, paused 869us total 34.039ms
08-06 13:04:04.649 28492 28514 I art     : Starting a blocking GC Explicit
08-06 13:04:04.683 28492 28514 I art     : Explicit concurrent mark sweep GC freed 3(96B) AllocSpace objects, 0(0B) LOS objects, 22% free, 53MB/69MB, paused 712us total 33.404ms
08-06 13:04:05.029 28492 28513 I art     : Starting a blocking GC Explicit
08-06 13:04:05.066 28492 28513 I art     : Explicit concurrent mark sweep GC freed 1347(78KB) AllocSpace objects, 1(20KB) LOS objects, 22% free, 53MB/69MB, paused 750us total 36.726ms
08-06 13:04:05.081 28492 28513 I art     : Starting a blocking GC Explicit
08-06 13:04:05.116 28492 28513 I art     : Explicit concurrent mark sweep GC freed 20(704B) AllocSpace objects, 0(0B) LOS objects, 22% free, 53MB/69MB, paused 731us total 34.637ms
08-06 13:04:05.128 28492 28513 I art     : Starting a blocking GC Explicit
08-06 13:04:05.162 28492 28513 I art     : Explicit concurrent mark sweep GC freed 3(96B) AllocSpace objects, 0(0B) LOS objects, 22% free, 53MB/69MB, paused 703us total 33.628ms
08-06 13:04:05.174 28492 28513 I art     : Starting a blocking GC Explicit
08-06 13:04:05.208 28492 28513 I art     : Explicit concurrent mark sweep GC freed 3(96B) AllocSpace objects, 0(0B) LOS objects, 22% free, 53MB/69MB, paused 759us total 33.651ms
08-06 13:04:05.220 28492 28513 I art     : Starting a blocking GC Explicit
08-06 13:04:05.253 28492 28513 I art     : Explicit concurrent mark sweep GC freed 3(96B) AllocSpace objects, 0(0B) LOS objects, 22% free, 53MB/69MB, paused 670us total 31.796ms
08-06 13:04:05.588 28492 28605 I art     : Starting a blocking GC Explicit
08-06 13:04:05.624 28492 28605 I art     : Explicit concurrent mark sweep GC freed 1347(78KB) AllocSpace objects, 1(20KB) LOS objects, 22% free, 53MB/69MB, paused 691us total 35.556ms
08-06 13:04:05.636 28492 28605 I art     : Starting a blocking GC Explicit
08-06 13:04:05.667 28492 28605 I art     : Explicit concurrent mark sweep GC freed 20(704B) AllocSpace objects, 0(0B) LOS objects, 22% free, 53MB/69MB, paused 765us total 31.016ms
08-06 13:04:05.679 28492 28605 I art     : Starting a blocking GC Explicit
08-06 13:04:05.712 28492 28605 I art     : Explicit concurrent mark sweep GC freed 3(96B) AllocSpace objects, 0(0B) LOS objects, 22% free, 53MB/69MB, paused 724us total 33.198ms
08-06 13:04:05.724 28492 28605 I art     : Starting a blocking GC Explicit
08-06 13:04:05.757 28492 28605 I art     : Explicit concurrent mark sweep GC freed 3(96B) AllocSpace objects, 0(0B) LOS objects, 22% free, 53MB/69MB, paused 820us total 32.689ms
08-06 13:04:05.770 28492 28605 I art     : Starting a blocking GC Explicit
08-06 13:04:05.804 28492 28605 I art     : Explicit concurrent mark sweep GC freed 3(96B) AllocSpace objects, 0(0B) LOS objects, 22% free, 53MB/69MB, paused 695us total 33.706ms
08-06 13:04:06.148 28492 28604 I art     : Starting a blocking GC Explicit
08-06 13:04:06.192 28492 28604 I art     : Explicit concurrent mark sweep GC freed 1347(78KB) AllocSpace objects, 1(20KB) LOS objects, 22% free, 53MB/69MB, paused 755us total 43.711ms
08-06 13:04:06.210 28492 28604 I art     : Starting a blocking GC Explicit
08-06 13:04:06.243 28492 28604 I art     : Explicit concurrent mark sweep GC freed 20(704B) AllocSpace objects, 0(0B) LOS objects, 22% free, 53MB/69MB, paused 747us total 32.055ms
08-06 13:04:06.254 28492 28604 I art     : Starting a blocking GC Explicit
08-06 13:04:06.288 28492 28604 I art     : Explicit concurrent mark sweep GC freed 3(96B) AllocSpace objects, 0(0B) LOS objects, 22% free, 53MB/69MB, paused 752us total 33.571ms
08-06 13:04:06.300 28492 28604 I art     : Starting a blocking GC Explicit
08-06 13:04:06.334 28492 28604 I art     : Explicit concurrent mark sweep GC freed 3(96B) AllocSpace objects, 0(0B) LOS objects, 22% free, 53MB/69MB, paused 720us total 33.627ms
08-06 13:04:06.346 28492 28604 I art     : Starting a blocking GC Explicit
08-06 13:04:06.379 28492 28604 I art     : Explicit concurrent mark sweep GC freed 3(96B) AllocSpace objects, 0(0B) LOS objects, 22% free, 53MB/69MB, paused 702us total 32.557ms
08-06 13:04:06.728 28492 29818 I art     : Starting a blocking GC Explicit
08-06 13:04:06.766 28492 29818 I art     : Explicit concurrent mark sweep GC freed 1347(78KB) AllocSpace objects, 1(20KB) LOS objects, 22% free, 53MB/69MB, paused 726us total 36.899ms
08-06 13:04:06.780 28492 29818 I art     : Starting a blocking GC Explicit
08-06 13:04:06.817 28492 29818 I art     : Explicit concurrent mark sweep GC freed 20(704B) AllocSpace objects, 0(0B) LOS objects, 22% free, 53MB/69MB, paused 743us total 36.408ms
08-06 13:04:06.830 28492 29818 I art     : Starting a blocking GC Explicit
08-06 13:04:06.862 28492 29818 I art     : Explicit concurrent mark sweep GC freed 3(96B) AllocSpace objects, 0(0B) LOS objects, 22% free, 53MB/69MB, paused 712us total 32.346ms
08-06 13:04:06.874 28492 29818 I art     : Starting a blocking GC Explicit
08-06 13:04:06.909 28492 29818 I art     : Explicit concurrent mark sweep GC freed 3(96B) AllocSpace objects, 0(0B) LOS objects, 22% free, 53MB/69MB, paused 696us total 34.024ms
08-06 13:04:06.909 28492 28512 I art     : WaitForGcToComplete blocked for 8.227ms for cause HeapTrim
08-06 13:04:06.921 28492 29818 I art     : Starting a blocking GC Explicit
08-06 13:04:06.955 28492 29818 I art     : Explicit concurrent mark sweep GC freed 3(96B) AllocSpace objects, 0(0B) LOS objects, 22% free, 53MB/69MB, paused 679us total 33.442ms
08-06 13:04:07.301 28492 28514 I art     : Starting a blocking GC Explicit
08-06 13:04:07.336 28492 28514 I art     : Explicit concurrent mark sweep GC freed 1347(78KB) AllocSpace objects, 1(20KB) LOS objects, 22% free, 53MB/69MB, paused 735us total 33.899ms
08-06 13:04:07.351 28492 28514 I art     : Starting a blocking GC Explicit
08-06 13:04:07.383 28492 28514 I art     : Explicit concurrent mark sweep GC freed 20(704B) AllocSpace objects, 0(0B) LOS objects, 22% free, 53MB/69MB, paused 714us total 32.161ms
08-06 13:04:07.395 28492 28514 I art     : Starting a blocking GC Explicit
08-06 13:04:07.428 28492 28514 I art     : Explicit concurrent mark sweep GC freed 3(96B) AllocSpace objects, 0(0B) LOS objects, 22% free, 53MB/69MB, paused 881us total 32.223ms
08-06 13:04:07.440 28492 28514 I art     : Starting a blocking GC Explicit
08-06 13:04:07.470 28492 28514 I art     : Explicit concurrent mark sweep GC freed 3(96B) AllocSpace objects, 0(0B) LOS objects, 22% free, 53MB/69MB, paused 691us total 30.610ms
08-06 13:04:07.482 28492 28514 I art     : Starting a blocking GC Explicit
08-06 13:04:07.514 28492 28514 I art     : Explicit concurrent mark sweep GC freed 3(96B) AllocSpace objects, 0(0B) LOS objects, 22% free, 53MB/69MB, paused 706us total 31.710ms
08-06 13:04:07.773 31861 31861 D AndroidRuntime: >>>>>> START com.android.internal.os.RuntimeInit uid 2000 <<<<<<
08-06 13:04:07.779 31861 31861 D AndroidRuntime: CheckJNI is OFF
08-06 13:04:07.822 31861 31861 D ICU     : No timezone override file found: /data/misc/zoneinfo/current/icu/icu_tzdata.dat
08-06 13:04:07.841 28492 28513 I art     : Starting a blocking GC Explicit
08-06 13:04:07.870 31861 31861 I Radio-JNI: register_android_hardware_Radio DONE
08-06 13:04:07.874 28492 28513 I art     : Explicit concurrent mark sweep GC freed 1347(78KB) AllocSpace objects, 1(20KB) LOS objects, 22% free, 53MB/69MB, paused 740us total 33.007ms
08-06 13:04:07.886 28492 28513 I art     : Starting a blocking GC Explicit
08-06 13:04:07.901 31861 31861 D AndroidRuntime: Calling main entry com.android.commands.input.Input
08-06 13:04:07.903 31861 31861 I Input   : injectKeyEvent: KeyEvent { action=ACTION_DOWN, keyCode=KEYCODE_BACK, scanCode=0, metaState=0, flags=0x0, repeatCount=0, eventTime=882264316, downTime=882264316, deviceId=-1, source=0x101 }
08-06 13:04:07.909 31861 31861 I Input   : injectKeyEvent: KeyEvent { action=ACTION_UP, keyCode=KEYCODE_BACK, scanCode=0, metaState=0, flags=0x0, repeatCount=0, eventTime=882264316, downTime=882264316, deviceId=-1, source=0x101 }
08-06 13:04:07.914 31861 31861 D AndroidRuntime: Shutting down VM
08-06 13:04:07.916 28492 28513 I art     : Explicit concurrent mark sweep GC freed 22(816B) AllocSpace objects, 0(0B) LOS objects, 22% free, 53MB/69MB, paused 869us total 29.932ms
08-06 13:04:07.927 28492 28513 I art     : Starting a blocking GC Explicit
08-06 13:04:07.947 13866 13866 I GoogleInputMethodServic: GoogleInputMethodService.onFinishInput():3138 
08-06 13:04:07.947 13866 13866 I GoogleInputMethodServic: GoogleInputMethodService.onStartInput():1808 
08-06 13:04:07.954 28492 28513 I art     : Explicit concurrent mark sweep GC freed 147(6KB) AllocSpace objects, 0(0B) LOS objects, 22% free, 53MB/69MB, paused 696us total 26.385ms
08-06 13:04:07.966 28492 28513 I art     : Starting a blocking GC Explicit
08-06 13:04:07.993 28492 28513 I art     : Explicit concurrent mark sweep GC freed 38(1376B) AllocSpace objects, 0(0B) LOS objects, 22% free, 53MB/69MB, paused 720us total 27.565ms
08-06 13:04:08.005 28492 28513 I art     : Starting a blocking GC Explicit
08-06 13:04:08.031 28492 28513 I art     : Explicit concurrent mark sweep GC freed 10(384B) AllocSpace objects, 0(0B) LOS objects, 22% free, 53MB/69MB, paused 621us total 26.384ms
08-06 13:04:08.255   380   380 W SurfaceFlinger: couldn't log to binary event log: overflow.
08-06 13:04:08.326 28492 28513 I art     : Starting a blocking GC Explicit
08-06 13:04:08.357 28492 28513 I art     : Explicit concurrent mark sweep GC freed 1456(87KB) AllocSpace objects, 1(20KB) LOS objects, 22% free, 53MB/69MB, paused 666us total 30.754ms
08-06 13:04:08.368 28492 28513 I art     : Starting a blocking GC Explicit
08-06 13:04:08.399 28492 28513 I art     : Explicit concurrent mark sweep GC freed 1671(107KB) AllocSpace objects, 3(180KB) LOS objects, 22% free, 53MB/69MB, paused 711us total 30.446ms
08-06 13:04:08.411 28492 28513 I art     : Starting a blocking GC Explicit
08-06 13:04:08.441 28492 28513 I art     : Explicit concurrent mark sweep GC freed 3(96B) AllocSpace objects, 0(0B) LOS objects, 22% free, 53MB/69MB, paused 675us total 30.147ms
08-06 13:04:08.453 28492 28513 I art     : Starting a blocking GC Explicit
08-06 13:04:08.484 28492 28513 I art     : Explicit concurrent mark sweep GC freed 3(96B) AllocSpace objects, 0(0B) LOS objects, 22% free, 53MB/69MB, paused 684us total 30.156ms
08-06 13:04:08.495 28492 28513 I art     : Starting a blocking GC Explicit
08-06 13:04:08.525 28492 28513 I art     : Explicit concurrent mark sweep GC freed 3(96B) AllocSpace objects, 0(0B) LOS objects, 22% free, 53MB/69MB, paused 698us total 29.574ms
08-06 13:04:08.824 28492 28604 I art     : Starting a blocking GC Explicit
08-06 13:04:08.855 28492 28604 I art     : Explicit concurrent mark sweep GC freed 1347(78KB) AllocSpace objects, 1(20KB) LOS objects, 22% free, 53MB/69MB, paused 722us total 31.290ms
08-06 13:04:08.867 28492 28604 I art     : Starting a blocking GC Explicit
08-06 13:04:08.898 28492 28604 I art     : Explicit concurrent mark sweep GC freed 20(704B) AllocSpace objects, 0(0B) LOS objects, 22% free, 53MB/69MB, paused 746us total 30.370ms
08-06 13:04:08.910 28492 28604 I art     : Starting a blocking GC Explicit
08-06 13:04:08.941 28492 28604 I art     : Explicit concurrent mark sweep GC freed 3(96B) AllocSpace objects, 0(0B) LOS objects, 22% free, 53MB/69MB, paused 699us total 30.229ms
08-06 13:04:08.952 28492 28604 I art     : Starting a blocking GC Explicit
08-06 13:04:08.982 28492 28604 I art     : Explicit concurrent mark sweep GC freed 3(96B) AllocSpace objects, 0(0B) LOS objects, 22% free, 53MB/69MB, paused 684us total 29.863ms
08-06 13:04:08.994 28492 28604 I art     : Starting a blocking GC Explicit
08-06 13:04:09.024 28492 28604 I art     : Explicit concurrent mark sweep GC freed 3(96B) AllocSpace objects, 0(0B) LOS objects, 22% free, 53MB/69MB, paused 691us total 30.071ms
08-06 13:04:09.307 28492 28605 I art     : Starting a blocking GC Explicit
08-06 13:04:09.337 28492 28605 I art     : Explicit concurrent mark sweep GC freed 1347(78KB) AllocSpace objects, 1(20KB) LOS objects, 22% free, 53MB/69MB, paused 692us total 29.551ms
08-06 13:04:09.344 29105 29105 I ServiceManager: Waiting for service AtCmdFwd...
08-06 13:04:09.348 28492 28605 I art     : Starting a blocking GC Explicit
08-06 13:04:09.377 28492 28605 I art     : Explicit concurrent mark sweep GC freed 20(704B) AllocSpace objects, 0(0B) LOS objects, 22% free, 53MB/69MB, paused 760us total 29.074ms
08-06 13:04:09.389 28492 28605 I art     : Starting a blocking GC Explicit
08-06 13:04:09.417 28492 28605 I art     : Explicit concurrent mark sweep GC freed 3(96B) AllocSpace objects, 0(0B) LOS objects, 22% free, 53MB/69MB, paused 746us total 28.051ms
08-06 13:04:09.428 28492 28605 I art     : Starting a blocking GC Explicit
08-06 13:04:09.457 28492 28605 I art     : Explicit concurrent mark sweep GC freed 3(96B) AllocSpace objects, 0(0B) LOS objects, 22% free, 53MB/69MB, paused 775us total 28.851ms
08-06 13:04:09.469 28492 28605 I art     : Starting a blocking GC Explicit
08-06 13:04:09.497 28492 28605 I art     : Explicit concurrent mark sweep GC freed 3(96B) AllocSpace objects, 0(0B) LOS objects, 22% free, 53MB/69MB, paused 735us total 28.074ms
08-06 13:04:09.704 31908 31908 D AndroidRuntime: >>>>>> START com.android.internal.os.RuntimeInit uid 2000 <<<<<<
08-06 13:04:09.710 31908 31908 D AndroidRuntime: CheckJNI is OFF
08-06 13:04:09.750 31908 31908 D ICU     : No timezone override file found: /data/misc/zoneinfo/current/icu/icu_tzdata.dat
08-06 13:04:09.792 31908 31908 I Radio-JNI: register_android_hardware_Radio DONE
08-06 13:04:09.814 28492 29818 I art     : Starting a blocking GC Explicit
08-06 13:04:09.822 31908 31908 D AndroidRuntime: Calling main entry com.android.commands.input.Input
08-06 13:04:09.824 31908 31908 I Input   : injectMotionEvent: MotionEvent { action=ACTION_DOWN, actionButton=0, id[0]=0, x[0]=255.0, y[0]=1845.0, toolType[0]=TOOL_TYPE_UNKNOWN, buttonState=0, metaState=0, flags=0x0, edgeFlags=0x0, pointerCount=1, historySize=0, eventTime=882266237, downTime=882266237, deviceId=0, source=0x1002 }
08-06 13:04:09.828 31908 31908 I Input   : injectMotionEvent: MotionEvent { action=ACTION_UP, actionButton=0, id[0]=0, x[0]=255.0, y[0]=1845.0, toolType[0]=TOOL_TYPE_UNKNOWN, buttonState=0, metaState=0, flags=0x0, edgeFlags=0x0, pointerCount=1, historySize=0, eventTime=882266237, downTime=882266237, deviceId=0, source=0x1002 }
08-06 13:04:09.830   918  6029 I ActivityManager: START u0 {cmp=baseline.appteam.nith.hillffair/.activities.ClubActivity (has extras)} from uid 10697 on display 0
08-06 13:04:09.836 31908 31908 D AndroidRuntime: Shutting down VM
08-06 13:04:09.844 28492 29818 I art     : Explicit concurrent mark sweep GC freed 1372(79KB) AllocSpace objects, 1(20KB) LOS objects, 22% free, 53MB/69MB, paused 713us total 28.990ms
08-06 13:04:09.855 28492 29818 I art     : Starting a blocking GC Explicit
08-06 13:04:09.883 28492 29818 I art     : Explicit concurrent mark sweep GC freed 3356(204KB) AllocSpace objects, 0(0B) LOS objects, 22% free, 53MB/69MB, paused 1.115ms total 27.853ms
08-06 13:04:09.894 28492 29818 I art     : Starting a blocking GC Explicit
08-06 13:04:09.922 28492 29818 I art     : Explicit concurrent mark sweep GC freed 382(29KB) AllocSpace objects, 0(0B) LOS objects, 22% free, 53MB/69MB, paused 1.141ms total 27.689ms
08-06 13:04:09.933 28492 29818 I art     : Starting a blocking GC Explicit
08-06 13:04:09.934   918   936 I ActivityManager: Displayed baseline.appteam.nith.hillffair/.activities.ClubActivity: +97ms
08-06 13:04:09.934 13866 13866 I GoogleInputMethodServic: GoogleInputMethodService.onFinishInput():3138 
08-06 13:04:09.935 13866 13866 I GoogleInputMethodServic: GoogleInputMethodService.onStartInput():1808 
08-06 13:04:09.961 28492 29818 I art     : Explicit concurrent mark sweep GC freed 98(4KB) AllocSpace objects, 0(0B) LOS objects, 22% free, 53MB/69MB, paused 723us total 28.251ms
08-06 13:04:09.974 28492 29818 I art     : Starting a blocking GC Explicit
08-06 13:04:10.001 28492 29818 I art     : Explicit concurrent mark sweep GC freed 18(672B) AllocSpace objects, 0(0B) LOS objects, 22% free, 53MB/69MB, paused 724us total 26.605ms
08-06 13:04:10.207   380   380 W SurfaceFlinger: couldn't log to binary event log: overflow.
08-06 13:04:10.303 28492 29818 I art     : Starting a blocking GC Explicit
08-06 13:04:10.334 28492 29818 I art     : Explicit concurrent mark sweep GC freed 1452(84KB) AllocSpace objects, 1(20KB) LOS objects, 22% free, 53MB/69MB, paused 717us total 30.607ms
08-06 13:04:10.344 29105 29105 I ServiceManager: Waiting for service AtCmdFwd...
08-06 13:04:10.345 28492 29818 I art     : Starting a blocking GC Explicit
08-06 13:04:10.374 28492 29818 I art     : Explicit concurrent mark sweep GC freed 31(1120B) AllocSpace objects, 0(0B) LOS objects, 22% free, 53MB/69MB, paused 739us total 27.930ms
08-06 13:04:10.385 28492 29818 I art     : Starting a blocking GC Explicit
08-06 13:04:10.414 28492 29818 I art     : Explicit concurrent mark sweep GC freed 16(608B) AllocSpace objects, 0(0B) LOS objects, 22% free, 53MB/69MB, paused 744us total 29.114ms
08-06 13:04:10.426 28492 29818 I art     : Starting a blocking GC Explicit
08-06 13:04:10.456 28492 29818 I art     : Explicit concurrent mark sweep GC freed 15(544B) AllocSpace objects, 0(0B) LOS objects, 22% free, 53MB/69MB, paused 757us total 30.055ms
08-06 13:04:10.467 28492 29818 I art     : Starting a blocking GC Explicit
08-06 13:04:10.499 28492 29818 I art     : Explicit concurrent mark sweep GC freed 2383(125KB) AllocSpace objects, 3(200KB) LOS objects, 22% free, 54MB/70MB, paused 968us total 31.267ms
08-06 13:04:10.504 28492 31942 D OkHttp  : --> GET https://api-hillfair-2k16.herokuapp.com/api/app/club/Technical%20Committee http/1.1
08-06 13:04:10.540 28492 31942 D OkHttp  : <-- 200 OK https://api-hillfair-2k16.herokuapp.com/api/app/club/Technical%20Committee (35ms, 1171-byte body)
08-06 13:04:10.595 28492 28492 I NAPPA_EXPERIMENTATION: MetricNetworkRequestExecutionTime: REQUEST_DURATION_SYSTEM='723',REQUEST_DURATION_OKHTTP='36',REQUEST_SYNCHRONOUS='FALSE',RESPONSE_CODE='200',RESPONSE_METHOD='GET',RESPONSE_LENGTH_OKHTTP='1171',RESPONSE_LENGTH_HEADER='1171',REQUEST_PROTOCOL='http/1.1',REQUEST_URL='https://api-hillfair-2k16.herokuapp.com/api/app/club/Technical%20Committee',
08-06 13:04:10.802 28492 28514 I art     : Starting a blocking GC Explicit
08-06 13:04:10.836 28492 28514 I art     : Explicit concurrent mark sweep GC freed 3358(332KB) AllocSpace objects, 1(20KB) LOS objects, 22% free, 54MB/70MB, paused 733us total 32.776ms
08-06 13:04:10.848 28492 28514 I art     : Starting a blocking GC Explicit
08-06 13:04:10.876 28492 28514 I art     : Explicit concurrent mark sweep GC freed 113(4KB) AllocSpace objects, 0(0B) LOS objects, 22% free, 54MB/70MB, paused 801us total 27.640ms
08-06 13:04:10.887 28492 28514 I art     : Starting a blocking GC Explicit
08-06 13:04:10.916 28492 28514 I art     : Explicit concurrent mark sweep GC freed 3(96B) AllocSpace objects, 0(0B) LOS objects, 22% free, 54MB/70MB, paused 717us total 29.214ms
08-06 13:04:10.928 28492 28514 I art     : Starting a blocking GC Explicit
08-06 13:04:10.959 28492 28514 I art     : Explicit concurrent mark sweep GC freed 3(96B) AllocSpace objects, 0(0B) LOS objects, 22% free, 54MB/70MB, paused 663us total 30.265ms
08-06 13:04:10.970 28492 28514 I art     : Starting a blocking GC Explicit
08-06 13:04:11.000 28492 28514 I art     : Explicit concurrent mark sweep GC freed 3(96B) AllocSpace objects, 0(0B) LOS objects, 22% free, 54MB/70MB, paused 717us total 29.079ms
08-06 13:04:11.307 28492 29818 I art     : Starting a blocking GC Explicit
08-06 13:04:11.345 29105 29105 I ServiceManager: Waiting for service AtCmdFwd...
08-06 13:04:11.350 28492 29818 I art     : Explicit concurrent mark sweep GC freed 1364(79KB) AllocSpace objects, 1(20KB) LOS objects, 22% free, 54MB/70MB, paused 855us total 42.169ms
08-06 13:04:11.364 28492 29818 I art     : Starting a blocking GC Explicit
08-06 13:04:11.396 28492 29818 I art     : Explicit concurrent mark sweep GC freed 20(704B) AllocSpace objects, 0(0B) LOS objects, 22% free, 54MB/70MB, paused 714us total 31.775ms
08-06 13:04:11.408 28492 29818 I art     : Starting a blocking GC Explicit
08-06 13:04:11.441 28492 29818 I art     : Explicit concurrent mark sweep GC freed 3(96B) AllocSpace objects, 0(0B) LOS objects, 22% free, 54MB/70MB, paused 729us total 33.088ms
08-06 13:04:11.453 28492 29818 I art     : Starting a blocking GC Explicit
08-06 13:04:11.487 28492 29818 I art     : Explicit concurrent mark sweep GC freed 3(96B) AllocSpace objects, 0(0B) LOS objects, 22% free, 54MB/70MB, paused 804us total 33.515ms
08-06 13:04:11.499 28492 29818 I art     : Starting a blocking GC Explicit
08-06 13:04:11.534 28492 29818 I art     : Explicit concurrent mark sweep GC freed 3(96B) AllocSpace objects, 0(0B) LOS objects, 22% free, 54MB/70MB, paused 834us total 34.157ms
08-06 13:04:11.879 28492 28605 I art     : Starting a blocking GC Explicit
08-06 13:04:11.921 28492 28605 I art     : Explicit concurrent mark sweep GC freed 1347(78KB) AllocSpace objects, 1(20KB) LOS objects, 22% free, 54MB/70MB, paused 786us total 41.794ms
08-06 13:04:11.936 28492 28605 I art     : Starting a blocking GC Explicit
08-06 13:04:11.969 28492 28605 I art     : Explicit concurrent mark sweep GC freed 20(704B) AllocSpace objects, 0(0B) LOS objects, 22% free, 54MB/70MB, paused 737us total 32.889ms
08-06 13:04:11.969 28492 28512 I art     : WaitForGcToComplete blocked for 13.806ms for cause HeapTrim
08-06 13:04:11.981 28492 28605 I art     : Starting a blocking GC Explicit
08-06 13:04:12.015 28492 28605 I art     : Explicit concurrent mark sweep GC freed 3(96B) AllocSpace objects, 0(0B) LOS objects, 22% free, 54MB/70MB, paused 751us total 34.018ms
08-06 13:04:12.028 28492 28605 I art     : Starting a blocking GC Explicit
08-06 13:04:12.062 28492 28605 I art     : Explicit concurrent mark sweep GC freed 3(96B) AllocSpace objects, 0(0B) LOS objects, 22% free, 54MB/70MB, paused 722us total 34.236ms
08-06 13:04:12.074 28492 28605 I art     : Starting a blocking GC Explicit
08-06 13:04:12.108 28492 28605 I art     : Explicit concurrent mark sweep GC freed 3(96B) AllocSpace objects, 0(0B) LOS objects, 22% free, 54MB/70MB, paused 762us total 34.067ms
08-06 13:04:12.345 29105 29105 I ServiceManager: Waiting for service AtCmdFwd...
08-06 13:04:12.447 28492 28513 I art     : Starting a blocking GC Explicit
08-06 13:04:12.486 28492 28513 I art     : Explicit concurrent mark sweep GC freed 1347(78KB) AllocSpace objects, 1(20KB) LOS objects, 22% free, 54MB/70MB, paused 760us total 39.003ms
08-06 13:04:12.501 28492 28513 I art     : Starting a blocking GC Explicit
08-06 13:04:12.540 28492 28513 I art     : Explicit concurrent mark sweep GC freed 20(704B) AllocSpace objects, 0(0B) LOS objects, 22% free, 54MB/70MB, paused 815us total 38.484ms
08-06 13:04:12.551 28492 28513 I art     : Starting a blocking GC Explicit
08-06 13:04:12.584 28492 28513 I art     : Explicit concurrent mark sweep GC freed 3(96B) AllocSpace objects, 0(0B) LOS objects, 22% free, 54MB/70MB, paused 720us total 32.067ms
08-06 13:04:12.596 28492 28513 I art     : Starting a blocking GC Explicit
08-06 13:04:12.630 28492 28513 I art     : Explicit concurrent mark sweep GC freed 3(96B) AllocSpace objects, 0(0B) LOS objects, 22% free, 54MB/70MB, paused 736us total 33.930ms
08-06 13:04:12.642 28492 28513 I art     : Starting a blocking GC Explicit
08-06 13:04:12.677 28492 28513 I art     : Explicit concurrent mark sweep GC freed 3(96B) AllocSpace objects, 0(0B) LOS objects, 22% free, 54MB/70MB, paused 806us total 34.948ms
08-06 13:04:13.023 28492 28604 I art     : Starting a blocking GC Explicit
08-06 13:04:13.070 28492 28604 I art     : Explicit concurrent mark sweep GC freed 1347(78KB) AllocSpace objects, 1(20KB) LOS objects, 22% free, 54MB/70MB, paused 823us total 45.892ms
08-06 13:04:13.085 28492 28604 I art     : Starting a blocking GC Explicit
08-06 13:04:13.120 28492 28604 I art     : Explicit concurrent mark sweep GC freed 20(704B) AllocSpace objects, 0(0B) LOS objects, 22% free, 54MB/70MB, paused 738us total 34.406ms
08-06 13:04:13.132 28492 28604 I art     : Starting a blocking GC Explicit
08-06 13:04:13.167 28492 28604 I art     : Explicit concurrent mark sweep GC freed 3(96B) AllocSpace objects, 0(0B) LOS objects, 22% free, 54MB/70MB, paused 839us total 34.600ms
08-06 13:04:13.179 28492 28604 I art     : Starting a blocking GC Explicit
08-06 13:04:13.211 28492 28604 I art     : Explicit concurrent mark sweep GC freed 3(96B) AllocSpace objects, 0(0B) LOS objects, 22% free, 54MB/70MB, paused 693us total 31.662ms
08-06 13:04:13.223 28492 28604 I art     : Starting a blocking GC Explicit
08-06 13:04:13.258 28492 28604 I art     : Explicit concurrent mark sweep GC freed 3(96B) AllocSpace objects, 0(0B) LOS objects, 22% free, 54MB/70MB, paused 730us total 34.545ms
08-06 13:04:13.346 29105 29105 I ServiceManager: Waiting for service AtCmdFwd...
08-06 13:04:13.600 28492 28514 I art     : Starting a blocking GC Explicit
08-06 13:04:13.645 28492 28514 I art     : Explicit concurrent mark sweep GC freed 1347(78KB) AllocSpace objects, 1(20KB) LOS objects, 22% free, 54MB/70MB, paused 783us total 44.578ms
08-06 13:04:13.660 28492 28514 I art     : Starting a blocking GC Explicit
08-06 13:04:13.692 28492 28514 I art     : Explicit concurrent mark sweep GC freed 20(704B) AllocSpace objects, 0(0B) LOS objects, 22% free, 54MB/70MB, paused 760us total 32.093ms
08-06 13:04:13.704 28492 28514 I art     : Starting a blocking GC Explicit
08-06 13:04:13.739 28492 28514 I art     : Explicit concurrent mark sweep GC freed 3(96B) AllocSpace objects, 0(0B) LOS objects, 22% free, 54MB/70MB, paused 762us total 34.301ms
08-06 13:04:13.751 28492 28514 I art     : Starting a blocking GC Explicit
08-06 13:04:13.786 28492 28514 I art     : Explicit concurrent mark sweep GC freed 3(96B) AllocSpace objects, 0(0B) LOS objects, 22% free, 54MB/70MB, paused 734us total 34.703ms
08-06 13:04:13.798 28492 28514 I art     : Starting a blocking GC Explicit
08-06 13:04:13.830 28492 28514 I art     : Explicit concurrent mark sweep GC freed 3(96B) AllocSpace objects, 0(0B) LOS objects, 22% free, 54MB/70MB, paused 725us total 31.972ms
08-06 13:04:14.168 28492 29818 I art     : Starting a blocking GC Explicit
08-06 13:04:14.202 28492 29818 I art     : Explicit concurrent mark sweep GC freed 1347(78KB) AllocSpace objects, 1(20KB) LOS objects, 22% free, 54MB/70MB, paused 803us total 33.087ms
08-06 13:04:14.217 28492 29818 I art     : Starting a blocking GC Explicit
08-06 13:04:14.250 28492 29818 I art     : Explicit concurrent mark sweep GC freed 20(704B) AllocSpace objects, 0(0B) LOS objects, 22% free, 54MB/70MB, paused 736us total 32.433ms
08-06 13:04:14.262 28492 29818 I art     : Starting a blocking GC Explicit
08-06 13:04:14.294 28492 29818 I art     : Explicit concurrent mark sweep GC freed 3(96B) AllocSpace objects, 0(0B) LOS objects, 22% free, 54MB/70MB, paused 706us total 32.560ms
08-06 13:04:14.306 28492 29818 I art     : Starting a blocking GC Explicit
08-06 13:04:14.338 28492 29818 I art     : Explicit concurrent mark sweep GC freed 3(96B) AllocSpace objects, 0(0B) LOS objects, 22% free, 54MB/70MB, paused 772us total 31.283ms
08-06 13:04:14.346 29105 29105 W Atfwd_Sendcmd: AtCmdFwd service not published, waiting... retryCnt : 1
08-06 13:04:14.349 28492 29818 I art     : Starting a blocking GC Explicit
08-06 13:04:14.382 28492 29818 I art     : Explicit concurrent mark sweep GC freed 3(96B) AllocSpace objects, 0(0B) LOS objects, 22% free, 54MB/70MB, paused 737us total 32.356ms
08-06 13:04:14.633 32022 32022 D AndroidRuntime: >>>>>> START com.android.internal.os.RuntimeInit uid 2000 <<<<<<
08-06 13:04:14.639 32022 32022 D AndroidRuntime: CheckJNI is OFF
08-06 13:04:14.683 32022 32022 D ICU     : No timezone override file found: /data/misc/zoneinfo/current/icu/icu_tzdata.dat
08-06 13:04:14.710 28492 28605 I art     : Starting a blocking GC Explicit
08-06 13:04:14.725 32022 32022 I Radio-JNI: register_android_hardware_Radio DONE
08-06 13:04:14.742 28492 28605 I art     : Explicit concurrent mark sweep GC freed 1347(78KB) AllocSpace objects, 1(20KB) LOS objects, 22% free, 54MB/70MB, paused 725us total 31.071ms
08-06 13:04:14.754 28492 28605 I art     : Starting a blocking GC Explicit
08-06 13:04:14.756 32022 32022 D AndroidRuntime: Calling main entry com.android.commands.input.Input
08-06 13:04:14.758 32022 32022 I Input   : injectKeyEvent: KeyEvent { action=ACTION_DOWN, keyCode=KEYCODE_BACK, scanCode=0, metaState=0, flags=0x0, repeatCount=0, eventTime=882271171, downTime=882271171, deviceId=-1, source=0x101 }
08-06 13:04:14.764 32022 32022 I Input   : injectKeyEvent: KeyEvent { action=ACTION_UP, keyCode=KEYCODE_BACK, scanCode=0, metaState=0, flags=0x0, repeatCount=0, eventTime=882271171, downTime=882271171, deviceId=-1, source=0x101 }
08-06 13:04:14.771 32022 32022 D AndroidRuntime: Shutting down VM
08-06 13:04:14.783 28492 28605 I art     : Explicit concurrent mark sweep GC freed 151(6KB) AllocSpace objects, 0(0B) LOS objects, 22% free, 54MB/70MB, paused 722us total 28.784ms
08-06 13:04:14.794 28492 28605 I art     : Starting a blocking GC Explicit
08-06 13:04:14.805 13866 13866 I GoogleInputMethodServic: GoogleInputMethodService.onFinishInput():3138 
08-06 13:04:14.807 13866 13866 I GoogleInputMethodServic: GoogleInputMethodService.onStartInput():1808 
08-06 13:04:14.816   518   646 I ThermalEngine: ACTION: GPU - Setting GPU[0] to 510000000
08-06 13:04:14.822 28492 28605 I art     : Explicit concurrent mark sweep GC freed 27(1104B) AllocSpace objects, 0(0B) LOS objects, 22% free, 54MB/70MB, paused 680us total 27.693ms
08-06 13:04:14.833 28492 28605 I art     : Starting a blocking GC Explicit
08-06 13:04:14.861 28492 28605 I art     : Explicit concurrent mark sweep GC freed 46(1696B) AllocSpace objects, 0(0B) LOS objects, 22% free, 54MB/70MB, paused 556us total 27.763ms
08-06 13:04:14.870 28492 28605 I art     : Starting a blocking GC Explicit
08-06 13:04:14.892 28492 28605 I art     : Explicit concurrent mark sweep GC freed 20(656B) AllocSpace objects, 0(0B) LOS objects, 22% free, 54MB/70MB, paused 540us total 21.619ms
08-06 13:04:15.129   380   380 W SurfaceFlinger: couldn't log to binary event log: overflow.
08-06 13:04:15.158 28492 28605 I art     : Starting a blocking GC Explicit
08-06 13:04:15.183 28492 28605 I art     : Explicit concurrent mark sweep GC freed 1456(87KB) AllocSpace objects, 1(20KB) LOS objects, 22% free, 54MB/70MB, paused 504us total 24.558ms
08-06 13:04:15.191 28492 28605 I art     : Starting a blocking GC Explicit
08-06 13:04:15.214 28492 28605 I art     : Explicit concurrent mark sweep GC freed 1670(108KB) AllocSpace objects, 3(180KB) LOS objects, 22% free, 53MB/69MB, paused 497us total 22.300ms
08-06 13:04:15.222 28492 28605 I art     : Starting a blocking GC Explicit
08-06 13:04:15.246 28492 28605 I art     : Explicit concurrent mark sweep GC freed 3(96B) AllocSpace objects, 0(0B) LOS objects, 22% free, 53MB/69MB, paused 523us total 23.564ms
08-06 13:04:15.255 28492 28605 I art     : Starting a blocking GC Explicit
08-06 13:04:15.279 28492 28605 I art     : Explicit concurrent mark sweep GC freed 3(96B) AllocSpace objects, 0(0B) LOS objects, 22% free, 53MB/69MB, paused 509us total 23.590ms
08-06 13:04:15.288 28492 28605 I art     : Starting a blocking GC Explicit
08-06 13:04:15.313 28492 28605 I art     : Explicit concurrent mark sweep GC freed 3(96B) AllocSpace objects, 0(0B) LOS objects, 22% free, 53MB/69MB, paused 521us total 24.796ms
08-06 13:04:15.616 28492 28513 I art     : Starting a blocking GC Explicit
08-06 13:04:15.651 28492 28513 I art     : Explicit concurrent mark sweep GC freed 1347(78KB) AllocSpace objects, 1(20KB) LOS objects, 22% free, 53MB/69MB, paused 553us total 34.485ms
08-06 13:04:15.664 28492 28513 I art     : Starting a blocking GC Explicit
08-06 13:04:15.689 28492 28513 I art     : Explicit concurrent mark sweep GC freed 20(704B) AllocSpace objects, 0(0B) LOS objects, 22% free, 53MB/69MB, paused 517us total 24.656ms
08-06 13:04:15.698 28492 28513 I art     : Starting a blocking GC Explicit
08-06 13:04:15.723 28492 28513 I art     : Explicit concurrent mark sweep GC freed 3(96B) AllocSpace objects, 0(0B) LOS objects, 22% free, 53MB/69MB, paused 520us total 24.454ms
08-06 13:04:15.732 28492 28513 I art     : Starting a blocking GC Explicit
08-06 13:04:15.756 28492 28513 I art     : Explicit concurrent mark sweep GC freed 3(96B) AllocSpace objects, 0(0B) LOS objects, 22% free, 53MB/69MB, paused 512us total 24.165ms
08-06 13:04:15.766 28492 28513 I art     : Starting a blocking GC Explicit
08-06 13:04:15.791 28492 28513 I art     : Explicit concurrent mark sweep GC freed 3(96B) AllocSpace objects, 0(0B) LOS objects, 22% free, 53MB/69MB, paused 538us total 24.675ms
08-06 13:04:16.082 28492 28604 I art     : Starting a blocking GC Explicit
08-06 13:04:16.106 28492 28604 I art     : Explicit concurrent mark sweep GC freed 1347(78KB) AllocSpace objects, 1(20KB) LOS objects, 22% free, 53MB/69MB, paused 564us total 24.514ms
08-06 13:04:16.115 28492 28604 I art     : Starting a blocking GC Explicit
08-06 13:04:16.139 28492 28604 I art     : Explicit concurrent mark sweep GC freed 20(704B) AllocSpace objects, 0(0B) LOS objects, 22% free, 53MB/69MB, paused 564us total 23.837ms
08-06 13:04:16.148 28492 28604 I art     : Starting a blocking GC Explicit
08-06 13:04:16.172 28492 28604 I art     : Explicit concurrent mark sweep GC freed 3(96B) AllocSpace objects, 0(0B) LOS objects, 22% free, 53MB/69MB, paused 545us total 23.167ms
08-06 13:04:16.181 28492 28604 I art     : Starting a blocking GC Explicit
08-06 13:04:16.204 28492 28604 I art     : Explicit concurrent mark sweep GC freed 3(96B) AllocSpace objects, 0(0B) LOS objects, 22% free, 53MB/69MB, paused 614us total 23.221ms
08-06 13:04:16.213 28492 28604 I art     : Starting a blocking GC Explicit
08-06 13:04:16.237 28492 28604 I art     : Explicit concurrent mark sweep GC freed 3(96B) AllocSpace objects, 0(0B) LOS objects, 22% free, 53MB/69MB, paused 616us total 23.655ms
08-06 13:04:16.433 32078 32078 D AndroidRuntime: >>>>>> START com.android.internal.os.RuntimeInit uid 2000 <<<<<<
08-06 13:04:16.438 32078 32078 D AndroidRuntime: CheckJNI is OFF
08-06 13:04:16.473 32078 32078 D ICU     : No timezone override file found: /data/misc/zoneinfo/current/icu/icu_tzdata.dat
08-06 13:04:16.507 32078 32078 I Radio-JNI: register_android_hardware_Radio DONE
08-06 13:04:16.511 28492 29818 I art     : Starting a blocking GC Explicit
08-06 13:04:16.529 32078 32078 D AndroidRuntime: Calling main entry com.android.commands.input.Input
08-06 13:04:16.530 32078 32078 I Input   : injectMotionEvent: MotionEvent { action=ACTION_DOWN, actionButton=0, id[0]=0, x[0]=255.0, y[0]=1845.0, toolType[0]=TOOL_TYPE_UNKNOWN, buttonState=0, metaState=0, flags=0x0, edgeFlags=0x0, pointerCount=1, historySize=0, eventTime=882272943, downTime=882272943, deviceId=0, source=0x1002 }
08-06 13:04:16.534 32078 32078 I Input   : injectMotionEvent: MotionEvent { action=ACTION_UP, actionButton=0, id[0]=0, x[0]=255.0, y[0]=1845.0, toolType[0]=TOOL_TYPE_UNKNOWN, buttonState=0, metaState=0, flags=0x0, edgeFlags=0x0, pointerCount=1, historySize=0, eventTime=882272943, downTime=882272943, deviceId=0, source=0x1002 }
08-06 13:04:16.535 28492 29818 I art     : Explicit concurrent mark sweep GC freed 1347(78KB) AllocSpace objects, 1(20KB) LOS objects, 22% free, 53MB/69MB, paused 475us total 23.568ms
08-06 13:04:16.536   918  3359 I ActivityManager: START u0 {cmp=baseline.appteam.nith.hillffair/.activities.ClubActivity (has extras)} from uid 10697 on display 0
08-06 13:04:16.543 32078 32078 D AndroidRuntime: Shutting down VM
08-06 13:04:16.544 28492 29818 I art     : Starting a blocking GC Explicit
08-06 13:04:16.569 28492 29818 I art     : Explicit concurrent mark sweep GC freed 339(25KB) AllocSpace objects, 0(0B) LOS objects, 22% free, 53MB/69MB, paused 775us total 24.590ms
08-06 13:04:16.577 28492 29818 I art     : Starting a blocking GC Explicit
08-06 13:04:16.601 28492 29818 I art     : Explicit concurrent mark sweep GC freed 3420(252KB) AllocSpace objects, 0(0B) LOS objects, 22% free, 53MB/69MB, paused 586us total 23.804ms
08-06 13:04:16.609 28492 29818 I art     : Starting a blocking GC Explicit
08-06 13:04:16.628 28492 28492 I NAPPA_EXPERIMENTATION: MetricNetworkRequestExecutionTime: REQUEST_DURATION_SYSTEM='54',REQUEST_DURATION_OKHTTP='36',REQUEST_SYNCHRONOUS='FALSE',RESPONSE_CODE='200',RESPONSE_METHOD='GET',RESPONSE_LENGTH_OKHTTP='1171',RESPONSE_LENGTH_HEADER='-2',REQUEST_PROTOCOL='http/1.1',REQUEST_URL='https://api-hillfair-2k16.herokuapp.com/api/app/club/Technical%20Committee',
08-06 13:04:16.632 28492 29818 I art     : Explicit concurrent mark sweep GC freed 369(32KB) AllocSpace objects, 0(0B) LOS objects, 22% free, 54MB/70MB, paused 789us total 22.481ms
08-06 13:04:16.635   918   936 I ActivityManager: Displayed baseline.appteam.nith.hillffair/.activities.ClubActivity: +91ms
08-06 13:04:16.636 13866 13866 I GoogleInputMethodServic: GoogleInputMethodService.onFinishInput():3138 
08-06 13:04:16.637 13866 13866 I GoogleInputMethodServic: GoogleInputMethodService.onStartInput():1808 
08-06 13:04:16.640 28492 29818 I art     : Starting a blocking GC Explicit
08-06 13:04:16.665 28492 29818 I art     : Explicit concurrent mark sweep GC freed 526(38KB) AllocSpace objects, 0(0B) LOS objects, 22% free, 54MB/70MB, paused 620us total 24.455ms
08-06 13:04:16.823   518   646 I ThermalEngine: ACTION: GPU - Setting GPU[0] to 450000000
08-06 13:04:16.891   380   380 W SurfaceFlinger: couldn't log to binary event log: overflow.
08-06 13:04:16.969 28492 28604 I art     : Starting a blocking GC Explicit
08-06 13:04:16.998 28492 28604 I art     : Explicit concurrent mark sweep GC freed 1396(80KB) AllocSpace objects, 1(20KB) LOS objects, 22% free, 54MB/70MB, paused 679us total 29.223ms
08-06 13:04:17.010 28492 28604 I art     : Starting a blocking GC Explicit
08-06 13:04:17.048 28492 28604 I art     : Explicit concurrent mark sweep GC freed 119(6KB) AllocSpace objects, 0(0B) LOS objects, 22% free, 54MB/70MB, paused 711us total 38.036ms
08-06 13:04:17.049 28492 28512 I art     : WaitForGcToComplete blocked for 32.961ms for cause HeapTrim
08-06 13:04:17.060 28492 28604 I art     : Starting a blocking GC Explicit
08-06 13:04:17.089 28492 28604 I art     : Explicit concurrent mark sweep GC freed 4(128B) AllocSpace objects, 0(0B) LOS objects, 22% free, 54MB/70MB, paused 716us total 29.277ms
08-06 13:04:17.101 28492 28604 I art     : Starting a blocking GC Explicit
08-06 13:04:17.131 28492 28604 I art     : Explicit concurrent mark sweep GC freed 3(96B) AllocSpace objects, 0(0B) LOS objects, 22% free, 54MB/70MB, paused 663us total 29.878ms
08-06 13:04:17.143 28492 28604 I art     : Starting a blocking GC Explicit
08-06 13:04:17.172 28492 28604 I art     : Explicit concurrent mark sweep GC freed 3(96B) AllocSpace objects, 0(0B) LOS objects, 22% free, 54MB/70MB, paused 718us total 29.163ms
08-06 13:04:17.488 28492 29818 I art     : Starting a blocking GC Explicit
08-06 13:04:17.526 28492 29818 I art     : Explicit concurrent mark sweep GC freed 1347(78KB) AllocSpace objects, 1(20KB) LOS objects, 22% free, 54MB/70MB, paused 766us total 37.041ms
08-06 13:04:17.538 28492 29818 I art     : Starting a blocking GC Explicit
08-06 13:04:17.569 28492 29818 I art     : Explicit concurrent mark sweep GC freed 36(1264B) AllocSpace objects, 0(0B) LOS objects, 22% free, 54MB/70MB, paused 716us total 31.009ms
08-06 13:04:17.581 28492 29818 I art     : Starting a blocking GC Explicit
08-06 13:04:17.612 28492 29818 I art     : Explicit concurrent mark sweep GC freed 3(96B) AllocSpace objects, 0(0B) LOS objects, 22% free, 54MB/70MB, paused 758us total 30.600ms
08-06 13:04:17.624 28492 29818 I art     : Starting a blocking GC Explicit
08-06 13:04:17.655 28492 29818 I art     : Explicit concurrent mark sweep GC freed 3(96B) AllocSpace objects, 0(0B) LOS objects, 22% free, 54MB/70MB, paused 705us total 30.709ms
08-06 13:04:17.666 28492 29818 I art     : Starting a blocking GC Explicit
08-06 13:04:17.698 28492 29818 I art     : Explicit concurrent mark sweep GC freed 3(96B) AllocSpace objects, 0(0B) LOS objects, 22% free, 54MB/70MB, paused 738us total 31.778ms
08-06 13:04:18.018 28492 28605 I art     : Starting a blocking GC Explicit
08-06 13:04:18.057 28492 28605 I art     : Explicit concurrent mark sweep GC freed 1347(78KB) AllocSpace objects, 1(20KB) LOS objects, 22% free, 54MB/70MB, paused 752us total 38.939ms
08-06 13:04:18.073 28492 28605 I art     : Starting a blocking GC Explicit
08-06 13:04:18.105 28492 28605 I art     : Explicit concurrent mark sweep GC freed 20(704B) AllocSpace objects, 0(0B) LOS objects, 22% free, 54MB/70MB, paused 718us total 31.597ms
08-06 13:04:18.117 28492 28605 I art     : Starting a blocking GC Explicit
08-06 13:04:18.148 28492 28605 I art     : Explicit concurrent mark sweep GC freed 3(96B) AllocSpace objects, 0(0B) LOS objects, 22% free, 54MB/70MB, paused 761us total 31.265ms
08-06 13:04:18.160 28492 28605 I art     : Starting a blocking GC Explicit
08-06 13:04:18.193 28492 28605 I art     : Explicit concurrent mark sweep GC freed 3(96B) AllocSpace objects, 0(0B) LOS objects, 22% free, 54MB/70MB, paused 695us total 32.352ms
08-06 13:04:18.205 28492 28605 I art     : Starting a blocking GC Explicit
08-06 13:04:18.240 28492 28605 I art     : Explicit concurrent mark sweep GC freed 3(96B) AllocSpace objects, 0(0B) LOS objects, 22% free, 54MB/70MB, paused 716us total 34.658ms
08-06 13:04:18.569 28492 28514 I art     : Starting a blocking GC Explicit
08-06 13:04:18.610 28492 28514 I art     : Explicit concurrent mark sweep GC freed 1347(78KB) AllocSpace objects, 1(20KB) LOS objects, 22% free, 54MB/70MB, paused 795us total 40.578ms
08-06 13:04:18.625 28492 28514 I art     : Starting a blocking GC Explicit
08-06 13:04:18.659 28492 28514 I art     : Explicit concurrent mark sweep GC freed 20(704B) AllocSpace objects, 0(0B) LOS objects, 22% free, 54MB/70MB, paused 749us total 33.469ms
08-06 13:04:18.671 28492 28514 I art     : Starting a blocking GC Explicit
08-06 13:04:18.704 28492 28514 I art     : Explicit concurrent mark sweep GC freed 3(96B) AllocSpace objects, 0(0B) LOS objects, 22% free, 54MB/70MB, paused 757us total 32.680ms
08-06 13:04:18.716 28492 28514 I art     : Starting a blocking GC Explicit
08-06 13:04:18.751 28492 28514 I art     : Explicit concurrent mark sweep GC freed 3(96B) AllocSpace objects, 0(0B) LOS objects, 22% free, 54MB/70MB, paused 750us total 34.882ms
08-06 13:04:18.764 28492 28514 I art     : Starting a blocking GC Explicit
08-06 13:04:18.798 28492 28514 I art     : Explicit concurrent mark sweep GC freed 3(96B) AllocSpace objects, 0(0B) LOS objects, 22% free, 54MB/70MB, paused 741us total 34.182ms
08-06 13:04:19.130 28492 28604 I art     : Starting a blocking GC Explicit
08-06 13:04:19.175 28492 28604 I art     : Explicit concurrent mark sweep GC freed 1347(78KB) AllocSpace objects, 1(20KB) LOS objects, 22% free, 54MB/70MB, paused 833us total 44.459ms
08-06 13:04:19.192 28492 28604 I art     : Starting a blocking GC Explicit
08-06 13:04:19.226 28492 28604 I art     : Explicit concurrent mark sweep GC freed 20(704B) AllocSpace objects, 0(0B) LOS objects, 22% free, 54MB/70MB, paused 768us total 34.058ms
08-06 13:04:19.239 28492 28604 I art     : Starting a blocking GC Explicit
08-06 13:04:19.273 28492 28604 I art     : Explicit concurrent mark sweep GC freed 3(96B) AllocSpace objects, 0(0B) LOS objects, 22% free, 54MB/70MB, paused 675us total 34.229ms
08-06 13:04:19.285 28492 28604 I art     : Starting a blocking GC Explicit
08-06 13:04:19.318 28492 28604 I art     : Explicit concurrent mark sweep GC freed 3(96B) AllocSpace objects, 0(0B) LOS objects, 22% free, 54MB/70MB, paused 746us total 32.256ms
08-06 13:04:19.330 28492 28604 I art     : Starting a blocking GC Explicit
08-06 13:04:19.347 29105 29105 I ServiceManager: Waiting for service AtCmdFwd...
08-06 13:04:19.364 28492 28604 I art     : Explicit concurrent mark sweep GC freed 3(96B) AllocSpace objects, 0(0B) LOS objects, 22% free, 54MB/70MB, paused 739us total 33.739ms
08-06 13:04:19.700 28492 28513 I art     : Starting a blocking GC Explicit
08-06 13:04:19.741 28492 28513 I art     : Explicit concurrent mark sweep GC freed 1347(78KB) AllocSpace objects, 1(20KB) LOS objects, 22% free, 54MB/70MB, paused 774us total 40.654ms
08-06 13:04:19.755 28492 28513 I art     : Starting a blocking GC Explicit
08-06 13:04:19.790 28492 28513 I art     : Explicit concurrent mark sweep GC freed 20(704B) AllocSpace objects, 0(0B) LOS objects, 22% free, 54MB/70MB, paused 730us total 34.341ms
08-06 13:04:19.802 28492 28513 I art     : Starting a blocking GC Explicit
08-06 13:04:19.835 28492 28513 I art     : Explicit concurrent mark sweep GC freed 3(96B) AllocSpace objects, 0(0B) LOS objects, 22% free, 54MB/70MB, paused 739us total 33.158ms
08-06 13:04:19.848 28492 28513 I art     : Starting a blocking GC Explicit
08-06 13:04:19.883 28492 28513 I art     : Explicit concurrent mark sweep GC freed 3(96B) AllocSpace objects, 0(0B) LOS objects, 22% free, 54MB/70MB, paused 727us total 34.746ms
08-06 13:04:19.895 28492 28513 I art     : Starting a blocking GC Explicit
08-06 13:04:19.929 28492 28513 I art     : Explicit concurrent mark sweep GC freed 3(96B) AllocSpace objects, 0(0B) LOS objects, 22% free, 54MB/70MB, paused 698us total 33.648ms
08-06 13:04:20.266 28492 29818 I art     : Starting a blocking GC Explicit
08-06 13:04:20.308 28492 29818 I art     : Explicit concurrent mark sweep GC freed 1347(78KB) AllocSpace objects, 1(20KB) LOS objects, 22% free, 54MB/70MB, paused 964us total 42.259ms
08-06 13:04:20.325 28492 29818 I art     : Starting a blocking GC Explicit
08-06 13:04:20.348 29105 29105 I ServiceManager: Waiting for service AtCmdFwd...
08-06 13:04:20.358 28492 29818 I art     : Explicit concurrent mark sweep GC freed 20(704B) AllocSpace objects, 0(0B) LOS objects, 22% free, 54MB/70MB, paused 764us total 33ms
08-06 13:04:20.370 28492 29818 I art     : Starting a blocking GC Explicit
08-06 13:04:20.405 28492 29818 I art     : Explicit concurrent mark sweep GC freed 3(96B) AllocSpace objects, 0(0B) LOS objects, 22% free, 54MB/70MB, paused 727us total 34.204ms
08-06 13:04:20.417 28492 29818 I art     : Starting a blocking GC Explicit
08-06 13:04:20.452 28492 29818 I art     : Explicit concurrent mark sweep GC freed 3(96B) AllocSpace objects, 0(0B) LOS objects, 22% free, 54MB/70MB, paused 699us total 34.632ms
08-06 13:04:20.464 28492 29818 I art     : Starting a blocking GC Explicit
08-06 13:04:20.499 28492 29818 I art     : Explicit concurrent mark sweep GC freed 3(96B) AllocSpace objects, 0(0B) LOS objects, 22% free, 54MB/70MB, paused 750us total 34.665ms
08-06 13:04:20.837 28492 28605 I art     : Starting a blocking GC Explicit
08-06 13:04:20.868 28492 28605 I art     : Explicit concurrent mark sweep GC freed 1347(78KB) AllocSpace objects, 1(20KB) LOS objects, 22% free, 54MB/70MB, paused 769us total 31.598ms
08-06 13:04:20.880 28492 28605 I art     : Starting a blocking GC Explicit
08-06 13:04:20.913 28492 28605 I art     : Explicit concurrent mark sweep GC freed 20(704B) AllocSpace objects, 0(0B) LOS objects, 22% free, 54MB/70MB, paused 761us total 32.571ms
08-06 13:04:20.925 28492 28605 I art     : Starting a blocking GC Explicit
08-06 13:04:20.957 28492 28605 I art     : Explicit concurrent mark sweep GC freed 3(96B) AllocSpace objects, 0(0B) LOS objects, 22% free, 54MB/70MB, paused 768us total 31.405ms
08-06 13:04:20.968 28492 28605 I art     : Starting a blocking GC Explicit
08-06 13:04:21.002 28492 28605 I art     : Explicit concurrent mark sweep GC freed 3(96B) AllocSpace objects, 0(0B) LOS objects, 22% free, 54MB/70MB, paused 727us total 32.978ms
08-06 13:04:21.014 28492 28605 I art     : Starting a blocking GC Explicit
08-06 13:04:21.046 28492 28605 I art     : Explicit concurrent mark sweep GC freed 3(96B) AllocSpace objects, 0(0B) LOS objects, 22% free, 54MB/70MB, paused 737us total 31.943ms
08-06 13:04:21.333 32185 32185 D AndroidRuntime: >>>>>> START com.android.internal.os.RuntimeInit uid 2000 <<<<<<
08-06 13:04:21.339 32185 32185 D AndroidRuntime: CheckJNI is OFF
08-06 13:04:21.348 29105 29105 I ServiceManager: Waiting for service AtCmdFwd...
08-06 13:04:21.363 28492 28514 I art     : Starting a blocking GC Explicit
08-06 13:04:21.384 32185 32185 D ICU     : No timezone override file found: /data/misc/zoneinfo/current/icu/icu_tzdata.dat
08-06 13:04:21.395 28492 28514 I art     : Explicit concurrent mark sweep GC freed 1347(78KB) AllocSpace objects, 1(20KB) LOS objects, 22% free, 54MB/70MB, paused 744us total 30.991ms
08-06 13:04:21.406 28492 28514 I art     : Starting a blocking GC Explicit
08-06 13:04:21.428 32185 32185 I Radio-JNI: register_android_hardware_Radio DONE
08-06 13:04:21.438 28492 28514 I art     : Explicit concurrent mark sweep GC freed 20(704B) AllocSpace objects, 0(0B) LOS objects, 22% free, 54MB/70MB, paused 789us total 31.237ms
08-06 13:04:21.449 28492 28514 I art     : Starting a blocking GC Explicit
08-06 13:04:21.458 32185 32185 D AndroidRuntime: Calling main entry com.android.commands.input.Input
08-06 13:04:21.460 32185 32185 I Input   : injectKeyEvent: KeyEvent { action=ACTION_DOWN, keyCode=KEYCODE_BACK, scanCode=0, metaState=0, flags=0x0, repeatCount=0, eventTime=882277873, downTime=882277873, deviceId=-1, source=0x101 }
08-06 13:04:21.466 32185 32185 I Input   : injectKeyEvent: KeyEvent { action=ACTION_UP, keyCode=KEYCODE_BACK, scanCode=0, metaState=0, flags=0x0, repeatCount=0, eventTime=882277873, downTime=882277873, deviceId=-1, source=0x101 }
08-06 13:04:21.473 32185 32185 D AndroidRuntime: Shutting down VM
08-06 13:04:21.480 28492 28514 I art     : Explicit concurrent mark sweep GC freed 91(3KB) AllocSpace objects, 0(0B) LOS objects, 22% free, 54MB/70MB, paused 835us total 29.840ms
08-06 13:04:21.491 28492 28514 I art     : Starting a blocking GC Explicit
08-06 13:04:21.515 13866 13866 I GoogleInputMethodServic: GoogleInputMethodService.onFinishInput():3138 
08-06 13:04:21.515 13866 13866 I GoogleInputMethodServic: GoogleInputMethodService.onStartInput():1808 
08-06 13:04:21.519 28492 28514 I art     : Explicit concurrent mark sweep GC freed 60(2720B) AllocSpace objects, 0(0B) LOS objects, 22% free, 54MB/70MB, paused 700us total 28.020ms
08-06 13:04:21.532 28492 28514 I art     : Starting a blocking GC Explicit
08-06 13:04:21.558 28492 28514 I art     : Explicit concurrent mark sweep GC freed 38(1376B) AllocSpace objects, 0(0B) LOS objects, 22% free, 54MB/70MB, paused 807us total 26.773ms
08-06 13:04:21.732   918  3261 D WifiStateMachine: starting scan for "H369AA63323"WPA_PSK with 2412,5180
08-06 13:04:21.830   518   646 I ThermalEngine: ACTION: GPU - Setting GPU[0] to 510000000
08-06 13:04:21.836 28492 28514 I art     : Starting a blocking GC Explicit
08-06 13:04:21.836   380   380 W SurfaceFlinger: couldn't log to binary event log: overflow.
08-06 13:04:21.863 28492 28514 I art     : Explicit concurrent mark sweep GC freed 1455(86KB) AllocSpace objects, 1(20KB) LOS objects, 22% free, 54MB/70MB, paused 656us total 27.666ms
08-06 13:04:21.875 28492 28514 I art     : Starting a blocking GC Explicit
08-06 13:04:21.899 28492 28514 I art     : Explicit concurrent mark sweep GC freed 158(7KB) AllocSpace objects, 0(0B) LOS objects, 22% free, 54MB/70MB, paused 545us total 24.097ms
08-06 13:04:21.907 28492 28514 I art     : Starting a blocking GC Explicit
08-06 13:04:21.931 28492 28514 I art     : Explicit concurrent mark sweep GC freed 1524(101KB) AllocSpace objects, 3(180KB) LOS objects, 22% free, 53MB/69MB, paused 540us total 23.203ms
08-06 13:04:21.940 28492 28514 I art     : Starting a blocking GC Explicit
08-06 13:04:21.963 28492 28514 I art     : Explicit concurrent mark sweep GC freed 3(96B) AllocSpace objects, 0(0B) LOS objects, 22% free, 53MB/69MB, paused 529us total 23.241ms
08-06 13:04:21.972 28492 28514 I art     : Starting a blocking GC Explicit
08-06 13:04:21.995 28492 28514 I art     : Explicit concurrent mark sweep GC freed 3(96B) AllocSpace objects, 0(0B) LOS objects, 22% free, 53MB/69MB, paused 536us total 23.195ms
08-06 13:04:22.290 28492 29818 I art     : Starting a blocking GC Explicit
08-06 13:04:22.318 28492 29818 I art     : Explicit concurrent mark sweep GC freed 1347(78KB) AllocSpace objects, 1(20KB) LOS objects, 22% free, 53MB/69MB, paused 654us total 27.694ms
08-06 13:04:22.331 28492 29818 I art     : Starting a blocking GC Explicit
08-06 13:04:22.349 29105 29105 I ServiceManager: Waiting for service AtCmdFwd...
08-06 13:04:22.357 28492 29818 I art     : Explicit concurrent mark sweep GC freed 20(704B) AllocSpace objects, 0(0B) LOS objects, 22% free, 53MB/69MB, paused 677us total 25.595ms
08-06 13:04:22.366 28492 29818 I art     : Starting a blocking GC Explicit
08-06 13:04:22.391 28492 29818 I art     : Explicit concurrent mark sweep GC freed 3(96B) AllocSpace objects, 0(0B) LOS objects, 22% free, 53MB/69MB, paused 535us total 24.360ms
08-06 13:04:22.400 28492 29818 I art     : Starting a blocking GC Explicit
08-06 13:04:22.425 28492 29818 I art     : Explicit concurrent mark sweep GC freed 3(96B) AllocSpace objects, 0(0B) LOS objects, 22% free, 53MB/69MB, paused 487us total 24.468ms
08-06 13:04:22.434 28492 29818 I art     : Starting a blocking GC Explicit
08-06 13:04:22.460 28492 29818 I art     : Explicit concurrent mark sweep GC freed 3(96B) AllocSpace objects, 0(0B) LOS objects, 22% free, 53MB/69MB, paused 544us total 25.429ms
08-06 13:04:22.763 28492 28604 I art     : Starting a blocking GC Explicit
08-06 13:04:22.788 28492 28604 I art     : Explicit concurrent mark sweep GC freed 1347(78KB) AllocSpace objects, 1(20KB) LOS objects, 22% free, 53MB/69MB, paused 577us total 25.174ms
08-06 13:04:22.797 28492 28604 I art     : Starting a blocking GC Explicit
08-06 13:04:22.821 28492 28604 I art     : Explicit concurrent mark sweep GC freed 20(704B) AllocSpace objects, 0(0B) LOS objects, 22% free, 53MB/69MB, paused 551us total 23.292ms
08-06 13:04:22.830 28492 28604 I art     : Starting a blocking GC Explicit
08-06 13:04:22.834   518   646 I ThermalEngine: ACTION: GPU - Setting GPU[0] to 450000000
08-06 13:04:22.860 28492 28604 I art     : Explicit concurrent mark sweep GC freed 3(96B) AllocSpace objects, 0(0B) LOS objects, 22% free, 53MB/69MB, paused 729us total 29.896ms
08-06 13:04:22.871 28492 28604 I art     : Starting a blocking GC Explicit
08-06 13:04:22.900 28492 28604 I art     : Explicit concurrent mark sweep GC freed 3(96B) AllocSpace objects, 0(0B) LOS objects, 22% free, 53MB/69MB, paused 733us total 29.068ms
08-06 13:04:22.912 28492 28604 I art     : Starting a blocking GC Explicit
08-06 13:04:22.941 28492 28604 I art     : Explicit concurrent mark sweep GC freed 3(96B) AllocSpace objects, 0(0B) LOS objects, 22% free, 53MB/69MB, paused 748us total 28.990ms
08-06 13:04:23.232 32239 32239 D AndroidRuntime: >>>>>> START com.android.internal.os.RuntimeInit uid 2000 <<<<<<
08-06 13:04:23.239 32239 32239 D AndroidRuntime: CheckJNI is OFF
08-06 13:04:23.269 28492 28513 I art     : Starting a blocking GC Explicit
08-06 13:04:23.286 32239 32239 D ICU     : No timezone override file found: /data/misc/zoneinfo/current/icu/icu_tzdata.dat
08-06 13:04:23.301 28492 28513 I art     : Explicit concurrent mark sweep GC freed 1347(78KB) AllocSpace objects, 1(20KB) LOS objects, 22% free, 53MB/69MB, paused 763us total 32.066ms
08-06 13:04:23.313 28492 28513 I art     : Starting a blocking GC Explicit
08-06 13:04:23.332 32239 32239 I Radio-JNI: register_android_hardware_Radio DONE
08-06 13:04:23.343 28492 28513 I art     : Explicit concurrent mark sweep GC freed 20(704B) AllocSpace objects, 0(0B) LOS objects, 22% free, 53MB/69MB, paused 727us total 29.534ms
08-06 13:04:23.350 29105 29105 I ServiceManager: Waiting for service AtCmdFwd...
08-06 13:04:23.355 28492 28513 I art     : Starting a blocking GC Explicit
08-06 13:04:23.362 32239 32239 D AndroidRuntime: Calling main entry com.android.commands.input.Input
08-06 13:04:23.364 32239 32239 I Input   : injectMotionEvent: MotionEvent { action=ACTION_DOWN, actionButton=0, id[0]=0, x[0]=369.0, y[0]=554.0, toolType[0]=TOOL_TYPE_UNKNOWN, buttonState=0, metaState=0, flags=0x0, edgeFlags=0x0, pointerCount=1, historySize=0, eventTime=882279776, downTime=882279776, deviceId=0, source=0x1002 }
08-06 13:04:23.370 32239 32239 I Input   : injectMotionEvent: MotionEvent { action=ACTION_UP, actionButton=0, id[0]=0, x[0]=369.0, y[0]=554.0, toolType[0]=TOOL_TYPE_UNKNOWN, buttonState=0, metaState=0, flags=0x0, edgeFlags=0x0, pointerCount=1, historySize=0, eventTime=882279776, downTime=882279776, deviceId=0, source=0x1002 }
08-06 13:04:23.372   918  3359 I ActivityManager: START u0 {cmp=baseline.appteam.nith.hillffair/.activities.ClubActivity (has extras)} from uid 10697 on display 0
08-06 13:04:23.380 32239 32239 D AndroidRuntime: Shutting down VM
08-06 13:04:23.384 28492 28513 I art     : Explicit concurrent mark sweep GC freed 28(896B) AllocSpace objects, 0(0B) LOS objects, 22% free, 53MB/69MB, paused 761us total 28.825ms
08-06 13:04:23.396 28492 28513 I art     : Starting a blocking GC Explicit
08-06 13:04:23.430 28492 28513 I art     : Explicit concurrent mark sweep GC freed 3457(233KB) AllocSpace objects, 0(0B) LOS objects, 22% free, 53MB/69MB, paused 4.189ms total 33.754ms
08-06 13:04:23.441 28492 28513 I art     : Starting a blocking GC Explicit
08-06 13:04:23.469 28492 28513 I art     : Explicit concurrent mark sweep GC freed 446(58KB) AllocSpace objects, 0(0B) LOS objects, 22% free, 54MB/70MB, paused 1.119ms total 27.784ms
08-06 13:04:23.478 28492 28492 I NAPPA_EXPERIMENTATION: MetricNetworkRequestExecutionTime: REQUEST_DURATION_SYSTEM='61',REQUEST_DURATION_OKHTTP='34',REQUEST_SYNCHRONOUS='FALSE',RESPONSE_CODE='200',RESPONSE_METHOD='GET',RESPONSE_LENGTH_OKHTTP='979',RESPONSE_LENGTH_HEADER='-2',REQUEST_PROTOCOL='http/1.1',REQUEST_URL='https://api-hillfair-2k16.herokuapp.com/api/app/club/PR%20Club',
08-06 13:04:23.485   918   936 I ActivityManager: Displayed baseline.appteam.nith.hillffair/.activities.ClubActivity: +104ms
08-06 13:04:23.486 13866 13866 I GoogleInputMethodServic: GoogleInputMethodService.onFinishInput():3138 
08-06 13:04:23.487 13866 13866 I GoogleInputMethodServic: GoogleInputMethodService.onStartInput():1808 
08-06 13:04:23.739   380   380 W SurfaceFlinger: couldn't log to binary event log: overflow.
08-06 13:04:23.771 28492 28604 I art     : Starting a blocking GC Explicit
08-06 13:04:23.800 28492 28604 I art     : Explicit concurrent mark sweep GC freed 2042(131KB) AllocSpace objects, 1(20KB) LOS objects, 22% free, 54MB/70MB, paused 719us total 28.289ms
08-06 13:04:23.811 28492 28604 I art     : Starting a blocking GC Explicit
08-06 13:04:23.842 28492 28604 I art     : Explicit concurrent mark sweep GC freed 70(2416B) AllocSpace objects, 0(0B) LOS objects, 22% free, 54MB/70MB, paused 806us total 31.119ms
08-06 13:04:23.854 28492 28604 I art     : Starting a blocking GC Explicit
08-06 13:04:23.887 28492 28604 I art     : Explicit concurrent mark sweep GC freed 103(5KB) AllocSpace objects, 0(0B) LOS objects, 22% free, 54MB/70MB, paused 750us total 32.606ms
08-06 13:04:23.898 28492 28604 I art     : Starting a blocking GC Explicit
08-06 13:04:23.927 28492 28604 I art     : Explicit concurrent mark sweep GC freed 3(96B) AllocSpace objects, 0(0B) LOS objects, 22% free, 54MB/70MB, paused 807us total 28.898ms
08-06 13:04:23.938 28492 28604 I art     : Starting a blocking GC Explicit
08-06 13:04:23.968 28492 28604 I art     : Explicit concurrent mark sweep GC freed 19(656B) AllocSpace objects, 0(0B) LOS objects, 22% free, 54MB/70MB, paused 770us total 29.299ms
08-06 13:04:24.285 28492 28513 I art     : Starting a blocking GC Explicit
08-06 13:04:24.324 28492 28513 I art     : Explicit concurrent mark sweep GC freed 1347(78KB) AllocSpace objects, 1(20KB) LOS objects, 22% free, 54MB/70MB, paused 786us total 38.323ms
08-06 13:04:24.337 28492 28513 I art     : Starting a blocking GC Explicit
08-06 13:04:24.350 29105 29105 W Atfwd_Sendcmd: AtCmdFwd service not published, waiting... retryCnt : 2
08-06 13:04:24.369 28492 28513 I art     : Explicit concurrent mark sweep GC freed 20(704B) AllocSpace objects, 0(0B) LOS objects, 22% free, 54MB/70MB, paused 726us total 31.569ms
08-06 13:04:24.381 28492 28513 I art     : Starting a blocking GC Explicit
08-06 13:04:24.412 28492 28513 I art     : Explicit concurrent mark sweep GC freed 3(96B) AllocSpace objects, 0(0B) LOS objects, 22% free, 54MB/70MB, paused 737us total 30.617ms
08-06 13:04:24.424 28492 28513 I art     : Starting a blocking GC Explicit
08-06 13:04:24.456 28492 28513 I art     : Explicit concurrent mark sweep GC freed 3(96B) AllocSpace objects, 0(0B) LOS objects, 22% free, 54MB/70MB, paused 727us total 31.514ms
08-06 13:04:24.467 28492 28513 I art     : Starting a blocking GC Explicit
08-06 13:04:24.499 28492 28513 I art     : Explicit concurrent mark sweep GC freed 3(96B) AllocSpace objects, 0(0B) LOS objects, 22% free, 54MB/70MB, paused 727us total 31.517ms
08-06 13:04:24.807 28492 29818 I art     : Starting a blocking GC Explicit
08-06 13:04:24.850 28492 29818 I art     : Explicit concurrent mark sweep GC freed 1347(78KB) AllocSpace objects, 1(20KB) LOS objects, 22% free, 54MB/70MB, paused 1.487ms total 42.077ms
08-06 13:04:24.862 28492 29818 I art     : Starting a blocking GC Explicit
08-06 13:04:24.893 28492 29818 I art     : Explicit concurrent mark sweep GC freed 20(704B) AllocSpace objects, 0(0B) LOS objects, 22% free, 54MB/70MB, paused 724us total 30.978ms
08-06 13:04:24.905 28492 29818 I art     : Starting a blocking GC Explicit
08-06 13:04:24.936 28492 29818 I art     : Explicit concurrent mark sweep GC freed 3(96B) AllocSpace objects, 0(0B) LOS objects, 22% free, 54MB/70MB, paused 736us total 30.827ms
08-06 13:04:24.948 28492 29818 I art     : Starting a blocking GC Explicit
08-06 13:04:24.978 28492 29818 I art     : Explicit concurrent mark sweep GC freed 3(96B) AllocSpace objects, 0(0B) LOS objects, 22% free, 54MB/70MB, paused 701us total 30.675ms
08-06 13:04:24.990 28492 29818 I art     : Starting a blocking GC Explicit
08-06 13:04:25.022 28492 29818 I art     : Explicit concurrent mark sweep GC freed 3(96B) AllocSpace objects, 0(0B) LOS objects, 22% free, 54MB/70MB, paused 733us total 31.608ms
08-06 13:04:25.365 28492 28514 I art     : Starting a blocking GC Explicit
08-06 13:04:25.405 28492 28514 I art     : Explicit concurrent mark sweep GC freed 1347(78KB) AllocSpace objects, 1(20KB) LOS objects, 22% free, 54MB/70MB, paused 816us total 39.209ms
08-06 13:04:25.420 28492 28514 I art     : Starting a blocking GC Explicit
08-06 13:04:25.458 28492 28514 I art     : Explicit concurrent mark sweep GC freed 20(704B) AllocSpace objects, 0(0B) LOS objects, 22% free, 54MB/70MB, paused 887us total 37.355ms
08-06 13:04:25.470 28492 28514 I art     : Starting a blocking GC Explicit
08-06 13:04:25.505 28492 28514 I art     : Explicit concurrent mark sweep GC freed 3(96B) AllocSpace objects, 0(0B) LOS objects, 22% free, 54MB/70MB, paused 769us total 34.719ms
08-06 13:04:25.517 28492 28514 I art     : Starting a blocking GC Explicit
08-06 13:04:25.552 28492 28514 I art     : Explicit concurrent mark sweep GC freed 3(96B) AllocSpace objects, 0(0B) LOS objects, 22% free, 54MB/70MB, paused 818us total 34.534ms
08-06 13:04:25.564 28492 28514 I art     : Starting a blocking GC Explicit
08-06 13:04:25.597 28492 28514 I art     : Explicit concurrent mark sweep GC freed 3(96B) AllocSpace objects, 0(0B) LOS objects, 22% free, 54MB/70MB, paused 804us total 32.720ms
08-06 13:04:25.922 28492 28605 I art     : Starting a blocking GC Explicit
08-06 13:04:25.964 28492 28605 I art     : Explicit concurrent mark sweep GC freed 1347(78KB) AllocSpace objects, 1(20KB) LOS objects, 22% free, 54MB/70MB, paused 839us total 41.519ms
08-06 13:04:25.981 28492 28605 I art     : Starting a blocking GC Explicit
08-06 13:04:26.021 28492 28605 I art     : Explicit concurrent mark sweep GC freed 20(704B) AllocSpace objects, 0(0B) LOS objects, 22% free, 54MB/70MB, paused 790us total 39.843ms
08-06 13:04:26.036 28492 28605 I art     : Starting a blocking GC Explicit
08-06 13:04:26.070 28492 28605 I art     : Explicit concurrent mark sweep GC freed 3(96B) AllocSpace objects, 0(0B) LOS objects, 22% free, 54MB/70MB, paused 717us total 33.998ms
08-06 13:04:26.082 28492 28605 I art     : Starting a blocking GC Explicit
08-06 13:04:26.117 28492 28605 I art     : Explicit concurrent mark sweep GC freed 3(96B) AllocSpace objects, 0(0B) LOS objects, 22% free, 54MB/70MB, paused 806us total 34.888ms
08-06 13:04:26.129 28492 28605 I art     : Starting a blocking GC Explicit
08-06 13:04:26.164 28492 28605 I art     : Explicit concurrent mark sweep GC freed 3(96B) AllocSpace objects, 0(0B) LOS objects, 22% free, 54MB/70MB, paused 757us total 34.226ms
08-06 13:04:26.511 28492 28604 I art     : Starting a blocking GC Explicit
08-06 13:04:26.554 28492 28604 I art     : Explicit concurrent mark sweep GC freed 1347(78KB) AllocSpace objects, 1(20KB) LOS objects, 22% free, 54MB/70MB, paused 857us total 42.508ms
08-06 13:04:26.572 28492 28604 I art     : Starting a blocking GC Explicit
08-06 13:04:26.606 28492 28604 I art     : Explicit concurrent mark sweep GC freed 20(704B) AllocSpace objects, 0(0B) LOS objects, 22% free, 54MB/70MB, paused 777us total 34.361ms
08-06 13:04:26.618 28492 28604 I art     : Starting a blocking GC Explicit
08-06 13:04:26.654 28492 28604 I art     : Explicit concurrent mark sweep GC freed 3(96B) AllocSpace objects, 0(0B) LOS objects, 22% free, 54MB/70MB, paused 772us total 34.885ms
08-06 13:04:26.666 28492 28604 I art     : Starting a blocking GC Explicit
08-06 13:04:26.702 28492 28604 I art     : Explicit concurrent mark sweep GC freed 3(96B) AllocSpace objects, 0(0B) LOS objects, 22% free, 54MB/70MB, paused 725us total 36.421ms
08-06 13:04:26.714 28492 28604 I art     : Starting a blocking GC Explicit
08-06 13:04:26.749 28492 28604 I art     : Explicit concurrent mark sweep GC freed 3(96B) AllocSpace objects, 0(0B) LOS objects, 22% free, 54MB/70MB, paused 790us total 34.626ms
08-06 13:04:27.078 28492 28513 I art     : Starting a blocking GC Explicit
08-06 13:04:27.120 28492 28513 I art     : Explicit concurrent mark sweep GC freed 1347(78KB) AllocSpace objects, 1(20KB) LOS objects, 22% free, 54MB/70MB, paused 801us total 41.297ms
08-06 13:04:27.135 28492 28513 I art     : Starting a blocking GC Explicit
08-06 13:04:27.173 28492 28513 I art     : Explicit concurrent mark sweep GC freed 20(704B) AllocSpace objects, 0(0B) LOS objects, 22% free, 54MB/70MB, paused 723us total 37.869ms
08-06 13:04:27.185 28492 28513 I art     : Starting a blocking GC Explicit
08-06 13:04:27.218 28492 28513 I art     : Explicit concurrent mark sweep GC freed 3(96B) AllocSpace objects, 0(0B) LOS objects, 22% free, 54MB/70MB, paused 791us total 32.834ms
08-06 13:04:27.230 28492 28513 I art     : Starting a blocking GC Explicit
08-06 13:04:27.264 28492 28513 I art     : Explicit concurrent mark sweep GC freed 3(96B) AllocSpace objects, 0(0B) LOS objects, 22% free, 54MB/70MB, paused 834us total 34.070ms
08-06 13:04:27.277 28492 28513 I art     : Starting a blocking GC Explicit
08-06 13:04:27.310 28492 28513 I art     : Explicit concurrent mark sweep GC freed 3(96B) AllocSpace objects, 0(0B) LOS objects, 22% free, 54MB/70MB, paused 711us total 33.346ms
08-06 13:04:27.656 28492 29818 I art     : Starting a blocking GC Explicit
08-06 13:04:27.692 28492 29818 I art     : Explicit concurrent mark sweep GC freed 1347(78KB) AllocSpace objects, 1(20KB) LOS objects, 22% free, 54MB/70MB, paused 723us total 36.099ms
08-06 13:04:27.704 28492 29818 I art     : Starting a blocking GC Explicit
08-06 13:04:27.735 28492 29818 I art     : Explicit concurrent mark sweep GC freed 20(704B) AllocSpace objects, 0(0B) LOS objects, 22% free, 54MB/70MB, paused 727us total 30.804ms
08-06 13:04:27.747 28492 29818 I art     : Starting a blocking GC Explicit
08-06 13:04:27.778 28492 29818 I art     : Explicit concurrent mark sweep GC freed 3(96B) AllocSpace objects, 0(0B) LOS objects, 22% free, 54MB/70MB, paused 800us total 31.536ms
08-06 13:04:27.790 28492 29818 I art     : Starting a blocking GC Explicit
08-06 13:04:27.822 28492 29818 I art     : Explicit concurrent mark sweep GC freed 3(96B) AllocSpace objects, 0(0B) LOS objects, 22% free, 54MB/70MB, paused 752us total 31.226ms
08-06 13:04:27.834 28492 29818 I art     : Starting a blocking GC Explicit
08-06 13:04:27.842   518   646 I ThermalEngine: ACTION: GPU - Setting GPU[0] to 510000000
08-06 13:04:27.865 28492 29818 I art     : Explicit concurrent mark sweep GC freed 3(96B) AllocSpace objects, 0(0B) LOS objects, 22% free, 54MB/70MB, paused 738us total 31.584ms
08-06 13:04:28.097 32344 32344 D AndroidRuntime: >>>>>> START com.android.internal.os.RuntimeInit uid 2000 <<<<<<
08-06 13:04:28.102 32344 32344 D AndroidRuntime: CheckJNI is OFF
08-06 13:04:28.135 32344 32344 D ICU     : No timezone override file found: /data/misc/zoneinfo/current/icu/icu_tzdata.dat
08-06 13:04:28.168 28492 28514 I art     : Starting a blocking GC Explicit
08-06 13:04:28.169 32344 32344 I Radio-JNI: register_android_hardware_Radio DONE
08-06 13:04:28.191 32344 32344 D AndroidRuntime: Calling main entry com.android.commands.input.Input
08-06 13:04:28.193 28492 28514 I art     : Explicit concurrent mark sweep GC freed 1368(79KB) AllocSpace objects, 1(20KB) LOS objects, 22% free, 54MB/70MB, paused 630us total 24.963ms
08-06 13:04:28.193 32344 32344 I Input   : injectKeyEvent: KeyEvent { action=ACTION_DOWN, keyCode=KEYCODE_BACK, scanCode=0, metaState=0, flags=0x0, repeatCount=0, eventTime=882284606, downTime=882284606, deviceId=-1, source=0x101 }
08-06 13:04:28.198 32344 32344 I Input   : injectKeyEvent: KeyEvent { action=ACTION_UP, keyCode=KEYCODE_BACK, scanCode=0, metaState=0, flags=0x0, repeatCount=0, eventTime=882284606, downTime=882284606, deviceId=-1, source=0x101 }
08-06 13:04:28.202 28492 28514 I art     : Starting a blocking GC Explicit
08-06 13:04:28.204 32344 32344 D AndroidRuntime: Shutting down VM
08-06 13:04:28.224 28492 28514 I art     : Explicit concurrent mark sweep GC freed 179(7KB) AllocSpace objects, 0(0B) LOS objects, 22% free, 54MB/70MB, paused 521us total 22.469ms
08-06 13:04:28.233 28492 28514 I art     : Starting a blocking GC Explicit
08-06 13:04:28.237 13866 13866 I GoogleInputMethodServic: GoogleInputMethodService.onFinishInput():3138 
08-06 13:04:28.237 13866 13866 I GoogleInputMethodServic: GoogleInputMethodService.onStartInput():1808 
08-06 13:04:28.254 28492 28514 I art     : Explicit concurrent mark sweep GC freed 31(1216B) AllocSpace objects, 0(0B) LOS objects, 22% free, 54MB/70MB, paused 563us total 21.097ms
08-06 13:04:28.264 28492 28514 I art     : Starting a blocking GC Explicit
08-06 13:04:28.287 28492 28514 I art     : Explicit concurrent mark sweep GC freed 17(560B) AllocSpace objects, 0(0B) LOS objects, 22% free, 54MB/70MB, paused 746us total 23.180ms
08-06 13:04:28.297 28492 28514 I art     : Starting a blocking GC Explicit
08-06 13:04:28.317 28492 28514 I art     : Explicit concurrent mark sweep GC freed 6(224B) AllocSpace objects, 0(0B) LOS objects, 22% free, 54MB/70MB, paused 547us total 20.225ms
08-06 13:04:28.542   380   380 W SurfaceFlinger: couldn't log to binary event log: overflow.
08-06 13:04:28.583 28492 28514 I art     : Starting a blocking GC Explicit
08-06 13:04:28.608 28492 28514 I art     : Explicit concurrent mark sweep GC freed 1456(87KB) AllocSpace objects, 1(20KB) LOS objects, 22% free, 54MB/70MB, paused 645us total 25.249ms
08-06 13:04:28.617 28492 28514 I art     : Starting a blocking GC Explicit
08-06 13:04:28.642 28492 28514 I art     : Explicit concurrent mark sweep GC freed 1671(107KB) AllocSpace objects, 3(184KB) LOS objects, 22% free, 53MB/69MB, paused 550us total 24.015ms
08-06 13:04:28.651 28492 28514 I art     : Starting a blocking GC Explicit
08-06 13:04:28.675 28492 28514 I art     : Explicit concurrent mark sweep GC freed 3(96B) AllocSpace objects, 0(0B) LOS objects, 22% free, 53MB/69MB, paused 547us total 23.791ms
08-06 13:04:28.684 28492 28514 I art     : Starting a blocking GC Explicit
08-06 13:04:28.708 28492 28514 I art     : Explicit concurrent mark sweep GC freed 3(96B) AllocSpace objects, 0(0B) LOS objects, 22% free, 53MB/69MB, paused 560us total 24.107ms
08-06 13:04:28.717 28492 28514 I art     : Starting a blocking GC Explicit
08-06 13:04:28.742 28492 28514 I art     : Explicit concurrent mark sweep GC freed 3(96B) AllocSpace objects, 0(0B) LOS objects, 22% free, 53MB/69MB, paused 559us total 24.479ms
08-06 13:04:29.038 28492 28604 I art     : Starting a blocking GC Explicit
08-06 13:04:29.072 28492 28604 I art     : Explicit concurrent mark sweep GC freed 1347(78KB) AllocSpace objects, 1(20KB) LOS objects, 22% free, 53MB/69MB, paused 729us total 33.417ms
08-06 13:04:29.083 28492 28604 I art     : Starting a blocking GC Explicit
08-06 13:04:29.108 28492 28604 I art     : Explicit concurrent mark sweep GC freed 20(704B) AllocSpace objects, 0(0B) LOS objects, 22% free, 53MB/69MB, paused 566us total 25.191ms
08-06 13:04:29.118 28492 28604 I art     : Starting a blocking GC Explicit
08-06 13:04:29.143 28492 28604 I art     : Explicit concurrent mark sweep GC freed 3(96B) AllocSpace objects, 0(0B) LOS objects, 22% free, 53MB/69MB, paused 553us total 24.848ms
08-06 13:04:29.152 28492 28604 I art     : Starting a blocking GC Explicit
08-06 13:04:29.178 28492 28604 I art     : Explicit concurrent mark sweep GC freed 3(96B) AllocSpace objects, 0(0B) LOS objects, 22% free, 53MB/69MB, paused 600us total 25.451ms
08-06 13:04:29.187 28492 28604 I art     : Starting a blocking GC Explicit
08-06 13:04:29.212 28492 28604 I art     : Explicit concurrent mark sweep GC freed 3(96B) AllocSpace objects, 0(0B) LOS objects, 22% free, 53MB/69MB, paused 519us total 24.209ms
08-06 13:04:29.503 28492 29818 I art     : Starting a blocking GC Explicit
08-06 13:04:29.528 28492 29818 I art     : Explicit concurrent mark sweep GC freed 1347(78KB) AllocSpace objects, 1(20KB) LOS objects, 22% free, 53MB/69MB, paused 550us total 24.826ms
08-06 13:04:29.537 28492 29818 I art     : Starting a blocking GC Explicit
08-06 13:04:29.561 28492 29818 I art     : Explicit concurrent mark sweep GC freed 20(704B) AllocSpace objects, 0(0B) LOS objects, 22% free, 53MB/69MB, paused 531us total 23.316ms
08-06 13:04:29.570 28492 29818 I art     : Starting a blocking GC Explicit
08-06 13:04:29.593 28492 29818 I art     : Explicit concurrent mark sweep GC freed 3(96B) AllocSpace objects, 0(0B) LOS objects, 22% free, 53MB/69MB, paused 523us total 23.201ms
08-06 13:04:29.602 28492 29818 I art     : Starting a blocking GC Explicit
08-06 13:04:29.625 28492 29818 I art     : Explicit concurrent mark sweep GC freed 3(96B) AllocSpace objects, 0(0B) LOS objects, 22% free, 53MB/69MB, paused 527us total 22.798ms
08-06 13:04:29.634 28492 29818 I art     : Starting a blocking GC Explicit
08-06 13:04:29.657 28492 29818 I art     : Explicit concurrent mark sweep GC freed 3(96B) AllocSpace objects, 0(0B) LOS objects, 22% free, 53MB/69MB, paused 558us total 23.194ms
08-06 13:04:29.865 32398 32398 D AndroidRuntime: >>>>>> START com.android.internal.os.RuntimeInit uid 2000 <<<<<<
08-06 13:04:29.870 32398 32398 D AndroidRuntime: CheckJNI is OFF
08-06 13:04:29.902 32398 32398 D ICU     : No timezone override file found: /data/misc/zoneinfo/current/icu/icu_tzdata.dat
08-06 13:04:29.935 32398 32398 I Radio-JNI: register_android_hardware_Radio DONE
08-06 13:04:29.940 28492 28513 I art     : Starting a blocking GC Explicit
08-06 13:04:29.958 32398 32398 D AndroidRuntime: Calling main entry com.android.commands.input.Input
08-06 13:04:29.960 32398 32398 I Input   : injectKeyEvent: KeyEvent { action=ACTION_DOWN, keyCode=KEYCODE_BACK, scanCode=0, metaState=0, flags=0x0, repeatCount=0, eventTime=882286373, downTime=882286373, deviceId=-1, source=0x101 }
08-06 13:04:29.965 28492 28513 I art     : Explicit concurrent mark sweep GC freed 1347(78KB) AllocSpace objects, 1(20KB) LOS objects, 22% free, 53MB/69MB, paused 491us total 24.495ms
08-06 13:04:29.965 32398 32398 I Input   : injectKeyEvent: KeyEvent { action=ACTION_UP, keyCode=KEYCODE_BACK, scanCode=0, metaState=0, flags=0x0, repeatCount=0, eventTime=882286373, downTime=882286373, deviceId=-1, source=0x101 }
08-06 13:04:29.971 32398 32398 D AndroidRuntime: Shutting down VM
08-06 13:04:29.974 28492 28513 I art     : Starting a blocking GC Explicit
08-06 13:04:29.996 28492 28513 I art     : Explicit concurrent mark sweep GC freed 167(7KB) AllocSpace objects, 0(0B) LOS objects, 22% free, 53MB/69MB, paused 486us total 21.653ms
08-06 13:04:30.000 13866 13866 I GoogleInputMethodServic: GoogleInputMethodService.onFinishInput():3138 
08-06 13:04:30.001 13866 13866 I GoogleInputMethodServic: GoogleInputMethodService.onStartInput():1808 
08-06 13:04:30.004 28492 28513 I art     : Starting a blocking GC Explicit
08-06 13:04:30.025 28492 28513 I art     : Explicit concurrent mark sweep GC freed 62(2160B) AllocSpace objects, 0(0B) LOS objects, 22% free, 53MB/69MB, paused 491us total 21.767ms
08-06 13:04:30.035 28492 28513 I art     : Starting a blocking GC Explicit
08-06 13:04:30.055 28492 28513 I art     : Explicit concurrent mark sweep GC freed 10(384B) AllocSpace objects, 0(0B) LOS objects, 22% free, 53MB/69MB, paused 513us total 20.226ms
08-06 13:04:30.064 28492 28513 I art     : Starting a blocking GC Explicit
08-06 13:04:30.084 28492 28513 I art     : Explicit concurrent mark sweep GC freed 3(96B) AllocSpace objects, 0(0B) LOS objects, 22% free, 53MB/69MB, paused 465us total 19.691ms
08-06 13:04:30.342 28492 28514 I art     : Starting a blocking GC Explicit
08-06 13:04:30.367 28492 28514 I art     : Explicit concurrent mark sweep GC freed 2980(154KB) AllocSpace objects, 1(20KB) LOS objects, 22% free, 53MB/69MB, paused 563us total 24.617ms
08-06 13:04:30.375 28492 28514 I art     : Starting a blocking GC Explicit
08-06 13:04:30.398 28492 28514 I art     : Explicit concurrent mark sweep GC freed 2849(180KB) AllocSpace objects, 2(140KB) LOS objects, 23% free, 53MB/69MB, paused 594us total 22.575ms
08-06 13:04:30.407 28492 28514 I art     : Starting a blocking GC Explicit
08-06 13:04:30.429 28492 28514 I art     : Explicit concurrent mark sweep GC freed 3(96B) AllocSpace objects, 0(0B) LOS objects, 23% free, 53MB/69MB, paused 546us total 22.199ms
08-06 13:04:30.438 28492 28514 I art     : Starting a blocking GC Explicit
08-06 13:04:30.461 28492 28514 I art     : Explicit concurrent mark sweep GC freed 3(96B) AllocSpace objects, 0(0B) LOS objects, 23% free, 53MB/69MB, paused 538us total 22.328ms
08-06 13:04:30.470 28492 28514 I art     : Starting a blocking GC Explicit
08-06 13:04:30.494 28492 28514 I art     : Explicit concurrent mark sweep GC freed 3(96B) AllocSpace objects, 0(0B) LOS objects, 23% free, 53MB/69MB, paused 563us total 23.545ms
08-06 13:04:30.800 28492 29818 I art     : Starting a blocking GC Explicit
08-06 13:04:30.832 28492 29818 I art     : Explicit concurrent mark sweep GC freed 1347(78KB) AllocSpace objects, 1(20KB) LOS objects, 23% free, 53MB/69MB, paused 670us total 31.860ms
08-06 13:04:30.844 28492 29818 I art     : Starting a blocking GC Explicit
08-06 13:04:30.849   518   646 I ThermalEngine: ACTION: GPU - Setting GPU[0] to 450000000
08-06 13:04:30.873 28492 29818 I art     : Explicit concurrent mark sweep GC freed 20(704B) AllocSpace objects, 0(0B) LOS objects, 23% free, 53MB/69MB, paused 740us total 28.885ms
08-06 13:04:30.884 28492 29818 I art     : Starting a blocking GC Explicit
08-06 13:04:30.913 28492 29818 I art     : Explicit concurrent mark sweep GC freed 3(96B) AllocSpace objects, 0(0B) LOS objects, 23% free, 53MB/69MB, paused 706us total 28.372ms
08-06 13:04:30.924 28492 29818 I art     : Starting a blocking GC Explicit
08-06 13:04:30.954 28492 29818 I art     : Explicit concurrent mark sweep GC freed 3(96B) AllocSpace objects, 0(0B) LOS objects, 23% free, 53MB/69MB, paused 716us total 29.282ms
08-06 13:04:30.965 28492 29818 I art     : Starting a blocking GC Explicit
08-06 13:04:30.994 28492 29818 I art     : Explicit concurrent mark sweep GC freed 3(96B) AllocSpace objects, 0(0B) LOS objects, 23% free, 53MB/69MB, paused 719us total 28.666ms
08-06 13:04:31.296 28492 28604 I art     : Starting a blocking GC Explicit
08-06 13:04:31.325 28492 28604 I art     : Explicit concurrent mark sweep GC freed 1344(78KB) AllocSpace objects, 1(20KB) LOS objects, 23% free, 53MB/69MB, paused 755us total 28.430ms
08-06 13:04:31.336 28492 28604 I art     : Starting a blocking GC Explicit
08-06 13:04:31.364 28492 28604 I art     : Explicit concurrent mark sweep GC freed 20(704B) AllocSpace objects, 0(0B) LOS objects, 23% free, 53MB/69MB, paused 741us total 27.987ms
08-06 13:04:31.375 28492 28604 I art     : Starting a blocking GC Explicit
08-06 13:04:31.403 28492 28604 I art     : Explicit concurrent mark sweep GC freed 3(96B) AllocSpace objects, 0(0B) LOS objects, 23% free, 53MB/69MB, paused 724us total 26.998ms
08-06 13:04:31.414 28492 28604 I art     : Starting a blocking GC Explicit
08-06 13:04:31.441 28492 28604 I art     : Explicit concurrent mark sweep GC freed 3(96B) AllocSpace objects, 0(0B) LOS objects, 23% free, 53MB/69MB, paused 733us total 26.830ms
08-06 13:04:31.452 28492 28604 I art     : Starting a blocking GC Explicit
08-06 13:04:31.480 28492 28604 I art     : Explicit concurrent mark sweep GC freed 3(96B) AllocSpace objects, 0(0B) LOS objects, 23% free, 53MB/69MB, paused 686us total 27.268ms
08-06 13:04:31.745 32448 32448 D AndroidRuntime: >>>>>> START com.android.internal.os.RuntimeInit uid 2000 <<<<<<
08-06 13:04:31.752 32448 32448 D AndroidRuntime: CheckJNI is OFF
08-06 13:04:31.795 32448 32448 D ICU     : No timezone override file found: /data/misc/zoneinfo/current/icu/icu_tzdata.dat
08-06 13:04:31.806 28492 28513 I art     : Starting a blocking GC Explicit
08-06 13:04:31.835 28492 28513 I art     : Explicit concurrent mark sweep GC freed 1344(78KB) AllocSpace objects, 1(20KB) LOS objects, 23% free, 53MB/69MB, paused 746us total 28.064ms
08-06 13:04:31.839 32448 32448 I Radio-JNI: register_android_hardware_Radio DONE
08-06 13:04:31.846 28492 28513 I art     : Starting a blocking GC Explicit
08-06 13:04:31.869 32448 32448 D AndroidRuntime: Calling main entry com.android.commands.input.Input
08-06 13:04:31.871 32448 32448 I Input   : injectMotionEvent: MotionEvent { action=ACTION_DOWN, actionButton=0, id[0]=0, x[0]=1084.0, y[0]=2213.0, toolType[0]=TOOL_TYPE_UNKNOWN, buttonState=0, metaState=0, flags=0x0, edgeFlags=0x0, pointerCount=1, historySize=0, eventTime=882288283, downTime=882288283, deviceId=0, source=0x1002 }
08-06 13:04:31.875 28492 28513 I art     : Explicit concurrent mark sweep GC freed 20(704B) AllocSpace objects, 0(0B) LOS objects, 23% free, 53MB/69MB, paused 965us total 28.248ms
08-06 13:04:31.877 32448 32448 I Input   : injectMotionEvent: MotionEvent { action=ACTION_UP, actionButton=0, id[0]=0, x[0]=1084.0, y[0]=2213.0, toolType[0]=TOOL_TYPE_UNKNOWN, buttonState=0, metaState=0, flags=0x0, edgeFlags=0x0, pointerCount=1, historySize=0, eventTime=882288283, downTime=882288283, deviceId=0, source=0x1002 }
08-06 13:04:31.879   918  6029 I ActivityManager: START u0 {cmp=baseline.appteam.nith.hillffair/.activities.EventActivity} from uid 10697 on display 0
08-06 13:04:31.886 28492 28513 I art     : Starting a blocking GC Explicit
08-06 13:04:31.889 32448 32448 D AndroidRuntime: Shutting down VM
08-06 13:04:31.914 28492 28513 I art     : Explicit concurrent mark sweep GC freed 1270(84KB) AllocSpace objects, 0(0B) LOS objects, 23% free, 53MB/69MB, paused 1.167ms total 28.389ms
08-06 13:04:31.925 28492 28513 I art     : Starting a blocking GC Explicit
08-06 13:04:31.955 28492 28513 I art     : Explicit concurrent mark sweep GC freed 4014(276KB) AllocSpace objects, 0(0B) LOS objects, 23% free, 53MB/69MB, paused 694us total 29.255ms
08-06 13:04:31.965 28492 28513 I art     : Starting a blocking GC Explicit
08-06 13:04:31.970 28492 28492 I NAPPA_EXPERIMENTATION: MetricNetworkRequestExecutionTime: REQUEST_DURATION_SYSTEM='52',REQUEST_DURATION_OKHTTP='32',REQUEST_SYNCHRONOUS='FALSE',RESPONSE_CODE='200',RESPONSE_METHOD='GET',RESPONSE_LENGTH_OKHTTP='1870',RESPONSE_LENGTH_HEADER='-2',REQUEST_PROTOCOL='http/1.1',REQUEST_URL='https://api-hillfair-2k16.herokuapp.com/api/app/club',
08-06 13:04:31.971 13866 13866 I GoogleInputMethodServic: GoogleInputMethodService.onFinishInput():3138 
08-06 13:04:31.972 13866 13866 I GoogleInputMethodServic: GoogleInputMethodService.onStartInput():1808 
08-06 13:04:31.993 28492 28513 I art     : Explicit concurrent mark sweep GC freed 752(51KB) AllocSpace objects, 0(0B) LOS objects, 23% free, 53MB/69MB, paused 1.142ms total 27.263ms
08-06 13:04:32.028   918   936 I ActivityManager: Displayed baseline.appteam.nith.hillffair/.activities.EventActivity: +139ms
08-06 13:04:32.289   380   380 W SurfaceFlinger: couldn't log to binary event log: overflow.
08-06 13:04:32.305 28492 28514 I art     : Starting a blocking GC Explicit
08-06 13:04:32.346 28492 28514 I art     : Explicit concurrent mark sweep GC freed 1800(94KB) AllocSpace objects, 1(20KB) LOS objects, 22% free, 53MB/69MB, paused 743us total 41.022ms
08-06 13:04:32.357 28492 28514 I art     : Starting a blocking GC Explicit
08-06 13:04:32.381 28492 28514 I art     : Explicit concurrent mark sweep GC freed 49(2048B) AllocSpace objects, 0(0B) LOS objects, 22% free, 53MB/69MB, paused 660us total 24.412ms
08-06 13:04:32.392 28492 28514 I art     : Starting a blocking GC Explicit
08-06 13:04:32.419 28492 28514 I art     : Explicit concurrent mark sweep GC freed 68(4KB) AllocSpace objects, 0(0B) LOS objects, 22% free, 53MB/69MB, paused 733us total 26.407ms
08-06 13:04:32.429 28492 28514 I art     : Starting a blocking GC Explicit
08-06 13:04:32.454 28492 28514 I art     : Explicit concurrent mark sweep GC freed 8(304B) AllocSpace objects, 0(0B) LOS objects, 22% free, 53MB/69MB, paused 676us total 24.742ms
08-06 13:04:32.464 28492 28514 I art     : Starting a blocking GC Explicit
08-06 13:04:32.491 28492 28514 I art     : Explicit concurrent mark sweep GC freed 3(96B) AllocSpace objects, 0(0B) LOS objects, 22% free, 53MB/69MB, paused 721us total 26.555ms
08-06 13:04:32.782 28492 28605 I art     : Starting a blocking GC Explicit
08-06 13:04:32.811 28492 28605 I art     : Explicit concurrent mark sweep GC freed 1347(78KB) AllocSpace objects, 1(20KB) LOS objects, 22% free, 53MB/69MB, paused 712us total 28.101ms
08-06 13:04:32.821 28492 28605 I art     : Starting a blocking GC Explicit
08-06 13:04:32.851 28492 28605 I art     : Explicit concurrent mark sweep GC freed 20(704B) AllocSpace objects, 0(0B) LOS objects, 22% free, 53MB/69MB, paused 717us total 28.854ms
08-06 13:04:32.862 28492 28605 I art     : Starting a blocking GC Explicit
08-06 13:04:32.891 28492 28605 I art     : Explicit concurrent mark sweep GC freed 3(96B) AllocSpace objects, 0(0B) LOS objects, 22% free, 53MB/69MB, paused 821us total 29.137ms
08-06 13:04:32.903 28492 28605 I art     : Starting a blocking GC Explicit
08-06 13:04:32.932 28492 28605 I art     : Explicit concurrent mark sweep GC freed 3(96B) AllocSpace objects, 0(0B) LOS objects, 22% free, 53MB/69MB, paused 738us total 29.480ms
08-06 13:04:32.944 28492 28605 I art     : Starting a blocking GC Explicit
08-06 13:04:32.974 28492 28605 I art     : Explicit concurrent mark sweep GC freed 3(96B) AllocSpace objects, 0(0B) LOS objects, 22% free, 53MB/69MB, paused 731us total 29.600ms
08-06 13:04:33.290 28492 28604 I art     : Starting a blocking GC Explicit
08-06 13:04:33.334 28492 28604 I art     : Explicit concurrent mark sweep GC freed 1347(78KB) AllocSpace objects, 1(20KB) LOS objects, 22% free, 53MB/69MB, paused 1.031ms total 42.780ms
08-06 13:04:33.350 28492 28604 I art     : Starting a blocking GC Explicit
08-06 13:04:33.380 28492 28604 I art     : Explicit concurrent mark sweep GC freed 20(704B) AllocSpace objects, 0(0B) LOS objects, 22% free, 53MB/69MB, paused 711us total 30.108ms
08-06 13:04:33.391 28492 28604 I art     : Starting a blocking GC Explicit
08-06 13:04:33.422 28492 28604 I art     : Explicit concurrent mark sweep GC freed 3(96B) AllocSpace objects, 0(0B) LOS objects, 22% free, 53MB/69MB, paused 742us total 30.463ms
08-06 13:04:33.434 28492 28604 I art     : Starting a blocking GC Explicit
08-06 13:04:33.464 28492 28604 I art     : Explicit concurrent mark sweep GC freed 3(96B) AllocSpace objects, 0(0B) LOS objects, 22% free, 53MB/69MB, paused 774us total 29.790ms
08-06 13:04:33.476 28492 28604 I art     : Starting a blocking GC Explicit
08-06 13:04:33.506 28492 28604 I art     : Explicit concurrent mark sweep GC freed 3(96B) AllocSpace objects, 0(0B) LOS objects, 22% free, 53MB/69MB, paused 748us total 30.273ms
08-06 13:04:33.851 28492 28513 I art     : Starting a blocking GC Explicit
08-06 13:04:33.890 28492 28513 I art     : Explicit concurrent mark sweep GC freed 1347(78KB) AllocSpace objects, 1(20KB) LOS objects, 22% free, 53MB/69MB, paused 776us total 38.811ms
08-06 13:04:33.905 28492 28513 I art     : Starting a blocking GC Explicit
08-06 13:04:33.936 28492 28513 I art     : Explicit concurrent mark sweep GC freed 20(704B) AllocSpace objects, 0(0B) LOS objects, 22% free, 53MB/69MB, paused 746us total 30.898ms
08-06 13:04:33.948 28492 28513 I art     : Starting a blocking GC Explicit
08-06 13:04:33.979 28492 28513 I art     : Explicit concurrent mark sweep GC freed 3(96B) AllocSpace objects, 0(0B) LOS objects, 22% free, 53MB/69MB, paused 759us total 30.356ms
08-06 13:04:33.991 28492 28513 I art     : Starting a blocking GC Explicit
08-06 13:04:34.021 28492 28513 I art     : Explicit concurrent mark sweep GC freed 3(96B) AllocSpace objects, 0(0B) LOS objects, 22% free, 53MB/69MB, paused 716us total 30.009ms
08-06 13:04:34.033 28492 28513 I art     : Starting a blocking GC Explicit
08-06 13:04:34.063 28492 28513 I art     : Explicit concurrent mark sweep GC freed 3(96B) AllocSpace objects, 0(0B) LOS objects, 22% free, 53MB/69MB, paused 737us total 29.807ms
08-06 13:04:34.350 29105 29105 I ServiceManager: Waiting for service AtCmdFwd...
08-06 13:04:34.410 28492 29818 I art     : Starting a blocking GC Explicit
08-06 13:04:34.453 28492 29818 I art     : Explicit concurrent mark sweep GC freed 1347(78KB) AllocSpace objects, 1(20KB) LOS objects, 22% free, 53MB/69MB, paused 840us total 42.292ms
08-06 13:04:34.468 28492 29818 I art     : Starting a blocking GC Explicit
08-06 13:04:34.501 28492 29818 I art     : Explicit concurrent mark sweep GC freed 20(704B) AllocSpace objects, 0(0B) LOS objects, 22% free, 53MB/69MB, paused 762us total 32.889ms
08-06 13:04:34.513 28492 29818 I art     : Starting a blocking GC Explicit
08-06 13:04:34.546 28492 29818 I art     : Explicit concurrent mark sweep GC freed 3(96B) AllocSpace objects, 0(0B) LOS objects, 22% free, 53MB/69MB, paused 733us total 32.016ms
08-06 13:04:34.558 28492 29818 I art     : Starting a blocking GC Explicit
08-06 13:04:34.590 28492 29818 I art     : Explicit concurrent mark sweep GC freed 3(96B) AllocSpace objects, 0(0B) LOS objects, 22% free, 53MB/69MB, paused 726us total 31.771ms
08-06 13:04:34.602 28492 29818 I art     : Starting a blocking GC Explicit
08-06 13:04:34.635 28492 29818 I art     : Explicit concurrent mark sweep GC freed 3(96B) AllocSpace objects, 0(0B) LOS objects, 22% free, 53MB/69MB, paused 719us total 33.157ms
08-06 13:04:34.969 28492 28514 I art     : Starting a blocking GC Explicit
08-06 13:04:35.014 28492 28514 I art     : Explicit concurrent mark sweep GC freed 1347(78KB) AllocSpace objects, 1(20KB) LOS objects, 22% free, 53MB/69MB, paused 858us total 44.631ms
08-06 13:04:35.031 28492 28514 I art     : Starting a blocking GC Explicit
08-06 13:04:35.063 28492 28514 I art     : Explicit concurrent mark sweep GC freed 20(704B) AllocSpace objects, 0(0B) LOS objects, 22% free, 53MB/69MB, paused 769us total 31.930ms
08-06 13:04:35.075 28492 28514 I art     : Starting a blocking GC Explicit
08-06 13:04:35.108 28492 28514 I art     : Explicit concurrent mark sweep GC freed 3(96B) AllocSpace objects, 0(0B) LOS objects, 22% free, 53MB/69MB, paused 790us total 33.186ms
08-06 13:04:35.120 28492 28514 I art     : Starting a blocking GC Explicit
08-06 13:04:35.152 28492 28514 I art     : Explicit concurrent mark sweep GC freed 3(96B) AllocSpace objects, 0(0B) LOS objects, 22% free, 53MB/69MB, paused 747us total 31.167ms
08-06 13:04:35.164 28492 28514 I art     : Starting a blocking GC Explicit
08-06 13:04:35.197 28492 28514 I art     : Explicit concurrent mark sweep GC freed 3(96B) AllocSpace objects, 0(0B) LOS objects, 22% free, 53MB/69MB, paused 765us total 32.742ms
08-06 13:04:35.351 29105 29105 I ServiceManager: Waiting for service AtCmdFwd...
08-06 13:04:35.527 28492 28605 I art     : Starting a blocking GC Explicit
08-06 13:04:35.567 28492 28605 I art     : Explicit concurrent mark sweep GC freed 1347(78KB) AllocSpace objects, 1(20KB) LOS objects, 22% free, 53MB/69MB, paused 791us total 39.328ms
08-06 13:04:35.581 28492 28605 I art     : Starting a blocking GC Explicit
08-06 13:04:35.614 28492 28605 I art     : Explicit concurrent mark sweep GC freed 20(704B) AllocSpace objects, 0(0B) LOS objects, 22% free, 53MB/69MB, paused 811us total 32.827ms
08-06 13:04:35.626 28492 28605 I art     : Starting a blocking GC Explicit
08-06 13:04:35.659 28492 28605 I art     : Explicit concurrent mark sweep GC freed 3(96B) AllocSpace objects, 0(0B) LOS objects, 22% free, 53MB/69MB, paused 771us total 32.258ms
08-06 13:04:35.671 28492 28605 I art     : Starting a blocking GC Explicit
08-06 13:04:35.704 28492 28605 I art     : Explicit concurrent mark sweep GC freed 3(96B) AllocSpace objects, 0(0B) LOS objects, 22% free, 53MB/69MB, paused 746us total 32.665ms
08-06 13:04:35.716 28492 28605 I art     : Starting a blocking GC Explicit
08-06 13:04:35.748 28492 28605 I art     : Explicit concurrent mark sweep GC freed 3(96B) AllocSpace objects, 0(0B) LOS objects, 22% free, 53MB/69MB, paused 746us total 31.883ms
08-06 13:04:36.099 28492 28604 I art     : Starting a blocking GC Explicit
08-06 13:04:36.137 28492 28604 I art     : Explicit concurrent mark sweep GC freed 1347(78KB) AllocSpace objects, 1(20KB) LOS objects, 22% free, 53MB/69MB, paused 895us total 38.459ms
08-06 13:04:36.149 28492 28604 I art     : Starting a blocking GC Explicit
08-06 13:04:36.176 28492 28604 I art     : Explicit concurrent mark sweep GC freed 20(704B) AllocSpace objects, 0(0B) LOS objects, 22% free, 53MB/69MB, paused 738us total 26.916ms
08-06 13:04:36.187 28492 28604 I art     : Starting a blocking GC Explicit
08-06 13:04:36.215 28492 28604 I art     : Explicit concurrent mark sweep GC freed 3(96B) AllocSpace objects, 0(0B) LOS objects, 22% free, 53MB/69MB, paused 752us total 27.944ms
08-06 13:04:36.226 28492 28604 I art     : Starting a blocking GC Explicit
08-06 13:04:36.255 28492 28604 I art     : Explicit concurrent mark sweep GC freed 3(96B) AllocSpace objects, 0(0B) LOS objects, 22% free, 53MB/69MB, paused 788us total 28.342ms
08-06 13:04:36.266 28492 28604 I art     : Starting a blocking GC Explicit
08-06 13:04:36.297 28492 28604 I art     : Explicit concurrent mark sweep GC freed 3(96B) AllocSpace objects, 0(0B) LOS objects, 22% free, 53MB/69MB, paused 847us total 30.777ms
08-06 13:04:36.352 29105 29105 I ServiceManager: Waiting for service AtCmdFwd...
08-06 13:04:36.620 28492 28513 I art     : Starting a blocking GC Explicit
08-06 13:04:36.655 28492 28513 I art     : Explicit concurrent mark sweep GC freed 1347(78KB) AllocSpace objects, 1(20KB) LOS objects, 22% free, 53MB/69MB, paused 818us total 34.366ms
08-06 13:04:36.671 32559 32559 D AndroidRuntime: >>>>>> START com.android.internal.os.RuntimeInit uid 2000 <<<<<<
08-06 13:04:36.672 28492 28513 I art     : Starting a blocking GC Explicit
08-06 13:04:36.678 32559 32559 D AndroidRuntime: CheckJNI is OFF
08-06 13:04:36.702 28492 28513 I art     : Explicit concurrent mark sweep GC freed 20(704B) AllocSpace objects, 0(0B) LOS objects, 22% free, 53MB/69MB, paused 753us total 29.358ms
08-06 13:04:36.713 28492 28513 I art     : Starting a blocking GC Explicit
08-06 13:04:36.725 32559 32559 D ICU     : No timezone override file found: /data/misc/zoneinfo/current/icu/icu_tzdata.dat
08-06 13:04:36.743 28492 28513 I art     : Explicit concurrent mark sweep GC freed 3(96B) AllocSpace objects, 0(0B) LOS objects, 22% free, 53MB/69MB, paused 742us total 29.701ms
08-06 13:04:36.754 28492 28513 I art     : Starting a blocking GC Explicit
08-06 13:04:36.773 32559 32559 I Radio-JNI: register_android_hardware_Radio DONE
08-06 13:04:36.784 28492 28513 I art     : Explicit concurrent mark sweep GC freed 3(96B) AllocSpace objects, 0(0B) LOS objects, 22% free, 53MB/69MB, paused 801us total 29.830ms
08-06 13:04:36.796 28492 28513 I art     : Starting a blocking GC Explicit
08-06 13:04:36.802 32559 32559 D AndroidRuntime: Calling main entry com.android.commands.input.Input
08-06 13:04:36.804 32559 32559 I Input   : injectMotionEvent: MotionEvent { action=ACTION_DOWN, actionButton=0, id[0]=0, x[0]=255.0, y[0]=1845.0, toolType[0]=TOOL_TYPE_UNKNOWN, buttonState=0, metaState=0, flags=0x0, edgeFlags=0x0, pointerCount=1, historySize=0, eventTime=882293217, downTime=882293217, deviceId=0, source=0x1002 }
08-06 13:04:36.811 32559 32559 I Input   : injectMotionEvent: MotionEvent { action=ACTION_UP, actionButton=0, id[0]=0, x[0]=255.0, y[0]=1845.0, toolType[0]=TOOL_TYPE_UNKNOWN, buttonState=0, metaState=0, flags=0x0, edgeFlags=0x0, pointerCount=1, historySize=0, eventTime=882293217, downTime=882293217, deviceId=0, source=0x1002 }
08-06 13:04:36.814   918  5952 I ActivityManager: START u0 {cmp=baseline.appteam.nith.hillffair/.activities.ClubActivity (has extras)} from uid 10697 on display 0
08-06 13:04:36.824 28492 28513 I art     : Explicit concurrent mark sweep GC freed 3(96B) AllocSpace objects, 0(0B) LOS objects, 22% free, 53MB/69MB, paused 939us total 27.825ms
08-06 13:04:36.828 32559 32559 D AndroidRuntime: Shutting down VM
08-06 13:04:36.841   918   937 W ProcessCpuTracker: Skipping unknown process pid 32571
08-06 13:04:36.842   918   937 W ProcessCpuTracker: Skipping unknown process pid 32572
08-06 13:04:36.859   518   646 I ThermalEngine: ACTION: GPU - Setting GPU[0] to 510000000
08-06 13:04:36.920 28492 28492 I NAPPA_EXPERIMENTATION: MetricNetworkRequestExecutionTime: REQUEST_DURATION_SYSTEM='55',REQUEST_DURATION_OKHTTP='36',REQUEST_SYNCHRONOUS='FALSE',RESPONSE_CODE='200',RESPONSE_METHOD='GET',RESPONSE_LENGTH_OKHTTP='1171',RESPONSE_LENGTH_HEADER='-2',REQUEST_PROTOCOL='http/1.1',REQUEST_URL='https://api-hillfair-2k16.herokuapp.com/api/app/club/Technical%20Committee',
08-06 13:04:36.928   918   936 I ActivityManager: Displayed baseline.appteam.nith.hillffair/.activities.ClubActivity: +102ms
08-06 13:04:36.928 13866 13866 I GoogleInputMethodServic: GoogleInputMethodService.onFinishInput():3138 
08-06 13:04:36.929 13866 13866 I GoogleInputMethodServic: GoogleInputMethodService.onStartInput():1808 
08-06 13:04:37.095 28492 28605 I art     : Starting a blocking GC Explicit
08-06 13:04:37.129 28492 28605 I art     : Explicit concurrent mark sweep GC freed 5750(415KB) AllocSpace objects, 1(20KB) LOS objects, 22% free, 53MB/69MB, paused 686us total 33.229ms
08-06 13:04:37.141 28492 28605 I art     : Starting a blocking GC Explicit
08-06 13:04:37.169   380   380 W SurfaceFlinger: couldn't log to binary event log: overflow.
08-06 13:04:37.173 28492 28605 I art     : Explicit concurrent mark sweep GC freed 282(12KB) AllocSpace objects, 0(0B) LOS objects, 22% free, 53MB/69MB, paused 592us total 31.415ms
08-06 13:04:37.184 28492 28605 I art     : Starting a blocking GC Explicit
08-06 13:04:37.205 28492 28605 I art     : Explicit concurrent mark sweep GC freed 3(96B) AllocSpace objects, 0(0B) LOS objects, 22% free, 53MB/69MB, paused 502us total 21.298ms
08-06 13:04:37.214 28492 28605 I art     : Starting a blocking GC Explicit
08-06 13:04:37.234 28492 28605 I art     : Explicit concurrent mark sweep GC freed 3(96B) AllocSpace objects, 0(0B) LOS objects, 22% free, 53MB/69MB, paused 503us total 20.301ms
08-06 13:04:37.244 28492 28605 I art     : Starting a blocking GC Explicit
08-06 13:04:37.266 28492 28605 I art     : Explicit concurrent mark sweep GC freed 3(96B) AllocSpace objects, 0(0B) LOS objects, 22% free, 53MB/69MB, paused 600us total 21.699ms
08-06 13:04:37.352 29105 29105 I ServiceManager: Waiting for service AtCmdFwd...
08-06 13:04:37.551 28492 28604 I art     : Starting a blocking GC Explicit
08-06 13:04:37.583 28492 28604 I art     : Explicit concurrent mark sweep GC freed 1445(84KB) AllocSpace objects, 1(20KB) LOS objects, 22% free, 53MB/69MB, paused 638us total 31.274ms
08-06 13:04:37.596 28492 28604 I art     : Starting a blocking GC Explicit
08-06 13:04:37.622 28492 28604 I art     : Explicit concurrent mark sweep GC freed 36(1264B) AllocSpace objects, 0(0B) LOS objects, 22% free, 53MB/69MB, paused 593us total 25.615ms
08-06 13:04:37.631 28492 28604 I art     : Starting a blocking GC Explicit
08-06 13:04:37.657 28492 28604 I art     : Explicit concurrent mark sweep GC freed 3(96B) AllocSpace objects, 0(0B) LOS objects, 22% free, 53MB/69MB, paused 606us total 25.308ms
08-06 13:04:37.666 28492 28604 I art     : Starting a blocking GC Explicit
08-06 13:04:37.692 28492 28604 I art     : Explicit concurrent mark sweep GC freed 3(96B) AllocSpace objects, 0(0B) LOS objects, 22% free, 53MB/69MB, paused 579us total 25.269ms
08-06 13:04:37.701 28492 28604 I art     : Starting a blocking GC Explicit
08-06 13:04:37.726 28492 28604 I art     : Explicit concurrent mark sweep GC freed 3(96B) AllocSpace objects, 0(0B) LOS objects, 22% free, 53MB/69MB, paused 594us total 25.163ms
08-06 13:04:37.863   518   646 I ThermalEngine: ACTION: GPU - Setting GPU[0] to 450000000
08-06 13:04:38.037 28492 28513 I art     : Starting a blocking GC Explicit
08-06 13:04:38.082 28492 28513 I art     : Explicit concurrent mark sweep GC freed 1347(78KB) AllocSpace objects, 1(20KB) LOS objects, 22% free, 53MB/69MB, paused 864us total 43.959ms
08-06 13:04:38.097 28492 28513 I art     : Starting a blocking GC Explicit
08-06 13:04:38.130 28492 28513 I art     : Explicit concurrent mark sweep GC freed 20(704B) AllocSpace objects, 0(0B) LOS objects, 22% free, 53MB/69MB, paused 755us total 32.593ms
08-06 13:04:38.142 28492 28513 I art     : Starting a blocking GC Explicit
08-06 13:04:38.173 28492 28513 I art     : Explicit concurrent mark sweep GC freed 3(96B) AllocSpace objects, 0(0B) LOS objects, 22% free, 53MB/69MB, paused 752us total 31.109ms
08-06 13:04:38.185 28492 28513 I art     : Starting a blocking GC Explicit
08-06 13:04:38.216 28492 28513 I art     : Explicit concurrent mark sweep GC freed 3(96B) AllocSpace objects, 0(0B) LOS objects, 22% free, 53MB/69MB, paused 757us total 31.111ms
08-06 13:04:38.228 28492 28513 I art     : Starting a blocking GC Explicit
08-06 13:04:38.259 28492 28513 I art     : Explicit concurrent mark sweep GC freed 3(96B) AllocSpace objects, 0(0B) LOS objects, 22% free, 53MB/69MB, paused 733us total 30.787ms
08-06 13:04:38.353 29105 29105 I ServiceManager: Waiting for service AtCmdFwd...
08-06 13:04:38.569 28492 28605 I art     : Starting a blocking GC Explicit
08-06 13:04:38.612 28492 28605 I art     : Explicit concurrent mark sweep GC freed 1347(78KB) AllocSpace objects, 1(20KB) LOS objects, 22% free, 53MB/69MB, paused 765us total 43.095ms
08-06 13:04:38.628 28492 28605 I art     : Starting a blocking GC Explicit
08-06 13:04:38.661 28492 28605 I art     : Explicit concurrent mark sweep GC freed 20(704B) AllocSpace objects, 0(0B) LOS objects, 22% free, 53MB/69MB, paused 860us total 32.798ms
08-06 13:04:38.672 28492 28605 I art     : Starting a blocking GC Explicit
08-06 13:04:38.707 28492 28605 I art     : Explicit concurrent mark sweep GC freed 3(96B) AllocSpace objects, 0(0B) LOS objects, 22% free, 53MB/69MB, paused 766us total 34.108ms
08-06 13:04:38.719 28492 28605 I art     : Starting a blocking GC Explicit
08-06 13:04:38.751 28492 28605 I art     : Explicit concurrent mark sweep GC freed 3(96B) AllocSpace objects, 0(0B) LOS objects, 22% free, 53MB/69MB, paused 753us total 31.732ms
08-06 13:04:38.763 28492 28605 I art     : Starting a blocking GC Explicit
08-06 13:04:38.800 28492 28605 I art     : Explicit concurrent mark sweep GC freed 3(96B) AllocSpace objects, 0(0B) LOS objects, 22% free, 53MB/69MB, paused 785us total 37.157ms
08-06 13:04:39.131 28492 28514 I art     : Starting a blocking GC Explicit
08-06 13:04:39.171 28492 28514 I art     : Explicit concurrent mark sweep GC freed 1347(78KB) AllocSpace objects, 1(20KB) LOS objects, 22% free, 53MB/69MB, paused 862us total 39.549ms
08-06 13:04:39.184 28492 28514 I art     : Starting a blocking GC Explicit
08-06 13:04:39.219 28492 28514 I art     : Explicit concurrent mark sweep GC freed 20(704B) AllocSpace objects, 0(0B) LOS objects, 22% free, 53MB/69MB, paused 873us total 34.768ms
08-06 13:04:39.234 28492 28514 I art     : Starting a blocking GC Explicit
08-06 13:04:39.268 28492 28514 I art     : Explicit concurrent mark sweep GC freed 3(96B) AllocSpace objects, 0(0B) LOS objects, 22% free, 53MB/69MB, paused 862us total 34.170ms
08-06 13:04:39.280 28492 28514 I art     : Starting a blocking GC Explicit
08-06 13:04:39.314 28492 28514 I art     : Explicit concurrent mark sweep GC freed 3(96B) AllocSpace objects, 0(0B) LOS objects, 22% free, 53MB/69MB, paused 753us total 33.601ms
08-06 13:04:39.326 28492 28514 I art     : Starting a blocking GC Explicit
08-06 13:04:39.353 29105 29105 W Atfwd_Sendcmd: AtCmdFwd service not published, waiting... retryCnt : 3
08-06 13:04:39.360 28492 28514 I art     : Explicit concurrent mark sweep GC freed 3(96B) AllocSpace objects, 0(0B) LOS objects, 22% free, 53MB/69MB, paused 738us total 33.769ms
08-06 13:04:39.723 28492 29818 I art     : Starting a blocking GC Explicit
08-06 13:04:39.767 28492 29818 I art     : Explicit concurrent mark sweep GC freed 1347(78KB) AllocSpace objects, 1(20KB) LOS objects, 22% free, 53MB/69MB, paused 961us total 44.192ms
08-06 13:04:39.782 28492 29818 I art     : Starting a blocking GC Explicit
08-06 13:04:39.818 28492 29818 I art     : Explicit concurrent mark sweep GC freed 20(704B) AllocSpace objects, 0(0B) LOS objects, 22% free, 53MB/69MB, paused 763us total 35.626ms
08-06 13:04:39.830 28492 29818 I art     : Starting a blocking GC Explicit
08-06 13:04:39.863 28492 29818 I art     : Explicit concurrent mark sweep GC freed 3(96B) AllocSpace objects, 0(0B) LOS objects, 22% free, 53MB/69MB, paused 737us total 33.148ms
08-06 13:04:39.875 28492 29818 I art     : Starting a blocking GC Explicit
08-06 13:04:39.908 28492 29818 I art     : Explicit concurrent mark sweep GC freed 3(96B) AllocSpace objects, 0(0B) LOS objects, 22% free, 53MB/69MB, paused 859us total 32.321ms
08-06 13:04:39.920 28492 29818 I art     : Starting a blocking GC Explicit
08-06 13:04:39.954 28492 29818 I art     : Explicit concurrent mark sweep GC freed 3(96B) AllocSpace objects, 0(0B) LOS objects, 22% free, 53MB/69MB, paused 776us total 33.899ms
08-06 13:04:40.347 28492 28604 I art     : Starting a blocking GC Explicit
08-06 13:04:40.391 28492 28604 I art     : Explicit concurrent mark sweep GC freed 1368(79KB) AllocSpace objects, 1(20KB) LOS objects, 22% free, 53MB/69MB, paused 806us total 43.664ms
08-06 13:04:40.404 28492 28604 I art     : Starting a blocking GC Explicit
08-06 13:04:40.438 28492 28604 I art     : Explicit concurrent mark sweep GC freed 36(1216B) AllocSpace objects, 0(0B) LOS objects, 22% free, 53MB/69MB, paused 806us total 33.902ms
08-06 13:04:40.450 28492 28604 I art     : Starting a blocking GC Explicit
08-06 13:04:40.484 28492 28604 I art     : Explicit concurrent mark sweep GC freed 3(96B) AllocSpace objects, 0(0B) LOS objects, 22% free, 53MB/69MB, paused 782us total 33.866ms
08-06 13:04:40.496 28492 28604 I art     : Starting a blocking GC Explicit
08-06 13:04:40.529 28492 28604 I art     : Explicit concurrent mark sweep GC freed 3(96B) AllocSpace objects, 0(0B) LOS objects, 22% free, 53MB/69MB, paused 778us total 32.497ms
08-06 13:04:40.541 28492 28604 I art     : Starting a blocking GC Explicit
08-06 13:04:40.575 28492 28604 I art     : Explicit concurrent mark sweep GC freed 3(96B) AllocSpace objects, 0(0B) LOS objects, 22% free, 53MB/69MB, paused 805us total 33.018ms
08-06 13:04:40.869   518   646 I ThermalEngine: ACTION: GPU - Setting GPU[0] to 510000000
08-06 13:04:40.908 28492 28513 I art     : Starting a blocking GC Explicit
08-06 13:04:40.940 28492 28513 I art     : Explicit concurrent mark sweep GC freed 1347(78KB) AllocSpace objects, 1(20KB) LOS objects, 22% free, 53MB/69MB, paused 618us total 32.349ms
08-06 13:04:40.953 28492 28513 I art     : Starting a blocking GC Explicit
08-06 13:04:40.984 28492 28513 I art     : Explicit concurrent mark sweep GC freed 20(704B) AllocSpace objects, 0(0B) LOS objects, 22% free, 53MB/69MB, paused 556us total 30.561ms
08-06 13:04:40.995 28492 28513 I art     : Starting a blocking GC Explicit
08-06 13:04:41.021 28492 28513 I art     : Explicit concurrent mark sweep GC freed 3(96B) AllocSpace objects, 0(0B) LOS objects, 22% free, 53MB/69MB, paused 547us total 25.400ms
08-06 13:04:41.030 28492 28513 I art     : Starting a blocking GC Explicit
08-06 13:04:41.055 28492 28513 I art     : Explicit concurrent mark sweep GC freed 3(96B) AllocSpace objects, 0(0B) LOS objects, 22% free, 53MB/69MB, paused 538us total 24.666ms
08-06 13:04:41.064 28492 28513 I art     : Starting a blocking GC Explicit
08-06 13:04:41.088 28492 28513 I art     : Explicit concurrent mark sweep GC freed 3(96B) AllocSpace objects, 0(0B) LOS objects, 22% free, 53MB/69MB, paused 549us total 23.600ms
08-06 13:04:41.350 28492 28605 I art     : Starting a blocking GC Explicit
08-06 13:04:41.377 28492 28605 I art     : Explicit concurrent mark sweep GC freed 1347(78KB) AllocSpace objects, 1(20KB) LOS objects, 22% free, 53MB/69MB, paused 623us total 25.795ms
08-06 13:04:41.386 28492 28605 I art     : Starting a blocking GC Explicit
08-06 13:04:41.411 28492 28605 I art     : Explicit concurrent mark sweep GC freed 20(704B) AllocSpace objects, 0(0B) LOS objects, 22% free, 53MB/69MB, paused 580us total 24.594ms
08-06 13:04:41.420 28492 28605 I art     : Starting a blocking GC Explicit
08-06 13:04:41.444 28492 28605 I art     : Explicit concurrent mark sweep GC freed 3(96B) AllocSpace objects, 0(0B) LOS objects, 22% free, 53MB/69MB, paused 551us total 23.234ms
08-06 13:04:41.453 28492 28605 I art     : Starting a blocking GC Explicit
08-06 13:04:41.476 28492 28605 I art     : Explicit concurrent mark sweep GC freed 3(96B) AllocSpace objects, 0(0B) LOS objects, 22% free, 53MB/69MB, paused 623us total 23.268ms
08-06 13:04:41.485 28492 28605 I art     : Starting a blocking GC Explicit
08-06 13:04:41.501 32665 32665 D AndroidRuntime: >>>>>> START com.android.internal.os.RuntimeInit uid 2000 <<<<<<
08-06 13:04:41.506 32665 32665 D AndroidRuntime: CheckJNI is OFF
08-06 13:04:41.509 28492 28605 I art     : Explicit concurrent mark sweep GC freed 3(96B) AllocSpace objects, 0(0B) LOS objects, 22% free, 53MB/69MB, paused 594us total 23.884ms
08-06 13:04:41.539 32665 32665 D ICU     : No timezone override file found: /data/misc/zoneinfo/current/icu/icu_tzdata.dat
08-06 13:04:41.572 32665 32665 I Radio-JNI: register_android_hardware_Radio DONE
08-06 13:04:41.594 32665 32665 D AndroidRuntime: Calling main entry com.android.commands.input.Input
08-06 13:04:41.595 32665 32665 I Input   : injectKeyEvent: KeyEvent { action=ACTION_DOWN, keyCode=KEYCODE_BACK, scanCode=0, metaState=0, flags=0x0, repeatCount=0, eventTime=882298008, downTime=882298008, deviceId=-1, source=0x101 }
08-06 13:04:41.601 32665 32665 I Input   : injectKeyEvent: KeyEvent { action=ACTION_UP, keyCode=KEYCODE_BACK, scanCode=0, metaState=0, flags=0x0, repeatCount=0, eventTime=882298008, downTime=882298008, deviceId=-1, source=0x101 }
08-06 13:04:41.607 32665 32665 D AndroidRuntime: Shutting down VM
08-06 13:04:41.661 13866 13866 I GoogleInputMethodServic: GoogleInputMethodService.onFinishInput():3138 
08-06 13:04:41.662 13866 13866 I GoogleInputMethodServic: GoogleInputMethodService.onStartInput():1808 
08-06 13:04:41.736   918  3261 D WifiStateMachine: starting scan for "H369AA63323"WPA_PSK with 2412,5180
08-06 13:04:41.764 28492 28513 I art     : Starting a blocking GC Explicit
08-06 13:04:41.787 28492 28513 I art     : Explicit concurrent mark sweep GC freed 1528(86KB) AllocSpace objects, 1(20KB) LOS objects, 22% free, 53MB/69MB, paused 589us total 23.077ms
08-06 13:04:41.796 28492 28513 I art     : Starting a blocking GC Explicit
08-06 13:04:41.819 28492 28513 I art     : Explicit concurrent mark sweep GC freed 26(944B) AllocSpace objects, 0(0B) LOS objects, 22% free, 53MB/69MB, paused 600us total 22.543ms
08-06 13:04:41.828 28492 28513 I art     : Starting a blocking GC Explicit
08-06 13:04:41.850 28492 28513 I art     : Explicit concurrent mark sweep GC freed 3(96B) AllocSpace objects, 0(0B) LOS objects, 22% free, 53MB/69MB, paused 482us total 22.376ms
08-06 13:04:41.859 28492 28513 I art     : Starting a blocking GC Explicit
08-06 13:04:41.882 28492 28513 I art     : Explicit concurrent mark sweep GC freed 3(96B) AllocSpace objects, 0(0B) LOS objects, 22% free, 53MB/69MB, paused 482us total 23.036ms
08-06 13:04:41.891 28492 28513 I art     : Starting a blocking GC Explicit
08-06 13:04:41.913 28492 28513 I art     : Explicit concurrent mark sweep GC freed 3(96B) AllocSpace objects, 0(0B) LOS objects, 22% free, 53MB/69MB, paused 525us total 22.489ms
08-06 13:04:41.973   380   380 W SurfaceFlinger: couldn't log to binary event log: overflow.
08-06 13:04:42.200 28492 28513 I art     : Starting a blocking GC Explicit
08-06 13:04:42.232 28492 28513 I art     : Explicit concurrent mark sweep GC freed 1456(87KB) AllocSpace objects, 1(20KB) LOS objects, 22% free, 53MB/69MB, paused 596us total 31.589ms
08-06 13:04:42.245 28492 28513 I art     : Starting a blocking GC Explicit
08-06 13:04:42.270 28492 28513 I art     : Explicit concurrent mark sweep GC freed 1670(108KB) AllocSpace objects, 3(180KB) LOS objects, 22% free, 53MB/69MB, paused 535us total 24.208ms
08-06 13:04:42.279 28492 28513 I art     : Starting a blocking GC Explicit
08-06 13:04:42.303 28492 28513 I art     : Explicit concurrent mark sweep GC freed 3(96B) AllocSpace objects, 0(0B) LOS objects, 22% free, 53MB/69MB, paused 560us total 24.012ms
08-06 13:04:42.312 28492 28513 I art     : Starting a blocking GC Explicit
08-06 13:04:42.336 28492 28513 I art     : Explicit concurrent mark sweep GC freed 3(96B) AllocSpace objects, 0(0B) LOS objects, 22% free, 53MB/69MB, paused 546us total 23.987ms
08-06 13:04:42.345 28492 28513 I art     : Starting a blocking GC Explicit
08-06 13:04:42.370 28492 28513 I art     : Explicit concurrent mark sweep GC freed 3(96B) AllocSpace objects, 0(0B) LOS objects, 22% free, 53MB/69MB, paused 547us total 24.746ms
08-06 13:04:42.679 28492 28514 I art     : Starting a blocking GC Explicit
08-06 13:04:42.707 28492 28514 I art     : Explicit concurrent mark sweep GC freed 1347(78KB) AllocSpace objects, 1(20KB) LOS objects, 22% free, 53MB/69MB, paused 743us total 27.820ms
08-06 13:04:42.717 28492 28514 I art     : Starting a blocking GC Explicit
08-06 13:04:42.741 28492 28514 I art     : Explicit concurrent mark sweep GC freed 20(704B) AllocSpace objects, 0(0B) LOS objects, 22% free, 53MB/69MB, paused 567us total 24.416ms
08-06 13:04:42.750 28492 28514 I art     : Starting a blocking GC Explicit
08-06 13:04:42.775 28492 28514 I art     : Explicit concurrent mark sweep GC freed 3(96B) AllocSpace objects, 0(0B) LOS objects, 22% free, 53MB/69MB, paused 569us total 24.340ms
08-06 13:04:42.784 28492 28514 I art     : Starting a blocking GC Explicit
08-06 13:04:42.809 28492 28514 I art     : Explicit concurrent mark sweep GC freed 3(96B) AllocSpace objects, 0(0B) LOS objects, 22% free, 53MB/69MB, paused 598us total 24.282ms
08-06 13:04:42.818 28492 28514 I art     : Starting a blocking GC Explicit
08-06 13:04:42.841 28492 28514 I art     : Explicit concurrent mark sweep GC freed 3(96B) AllocSpace objects, 0(0B) LOS objects, 22% free, 53MB/69MB, paused 526us total 22.787ms
08-06 13:04:42.873   518   646 I ThermalEngine: ACTION: GPU - Setting GPU[0] to 450000000
08-06 13:04:43.129 28492 28605 I art     : Starting a blocking GC Explicit
08-06 13:04:43.164 28492 28605 I art     : Explicit concurrent mark sweep GC freed 1347(78KB) AllocSpace objects, 1(20KB) LOS objects, 22% free, 53MB/69MB, paused 774us total 34.590ms
08-06 13:04:43.176 28492 28605 I art     : Starting a blocking GC Explicit
08-06 13:04:43.207 28492 28605 I art     : Explicit concurrent mark sweep GC freed 20(704B) AllocSpace objects, 0(0B) LOS objects, 22% free, 53MB/69MB, paused 826us total 31.008ms
08-06 13:04:43.219 28492 28605 I art     : Starting a blocking GC Explicit
08-06 13:04:43.251 28492 28605 I art     : Explicit concurrent mark sweep GC freed 3(96B) AllocSpace objects, 0(0B) LOS objects, 22% free, 53MB/69MB, paused 723us total 31.699ms
08-06 13:04:43.262 28492 28605 I art     : Starting a blocking GC Explicit
08-06 13:04:43.293 28492 28605 I art     : Explicit concurrent mark sweep GC freed 3(96B) AllocSpace objects, 0(0B) LOS objects, 22% free, 53MB/69MB, paused 770us total 30.608ms
08-06 13:04:43.305 28492 28605 I art     : Starting a blocking GC Explicit
08-06 13:04:43.336 28492 28605 I art     : Explicit concurrent mark sweep GC freed 3(96B) AllocSpace objects, 0(0B) LOS objects, 22% free, 53MB/69MB, paused 756us total 30.741ms
08-06 13:04:43.397 32726 32726 D AndroidRuntime: >>>>>> START com.android.internal.os.RuntimeInit uid 2000 <<<<<<
08-06 13:04:43.403 32726 32726 D AndroidRuntime: CheckJNI is OFF
08-06 13:04:43.451 32726 32726 D ICU     : No timezone override file found: /data/misc/zoneinfo/current/icu/icu_tzdata.dat
08-06 13:04:43.501 32726 32726 I Radio-JNI: register_android_hardware_Radio DONE
08-06 13:04:43.531 32726 32726 D AndroidRuntime: Calling main entry com.android.commands.input.Input
08-06 13:04:43.533 32726 32726 I Input   : injectKeyEvent: KeyEvent { action=ACTION_DOWN, keyCode=KEYCODE_BACK, scanCode=0, metaState=0, flags=0x0, repeatCount=0, eventTime=882299946, downTime=882299946, deviceId=-1, source=0x101 }
08-06 13:04:43.538 32726 32726 I Input   : injectKeyEvent: KeyEvent { action=ACTION_UP, keyCode=KEYCODE_BACK, scanCode=0, metaState=0, flags=0x0, repeatCount=0, eventTime=882299946, downTime=882299946, deviceId=-1, source=0x101 }
08-06 13:04:43.545 32726 32726 D AndroidRuntime: Shutting down VM
08-06 13:04:43.587 13866 13866 I GoogleInputMethodServic: GoogleInputMethodService.onFinishInput():3138 
08-06 13:04:43.588 13866 13866 I GoogleInputMethodServic: GoogleInputMethodService.onStartInput():1808 
08-06 13:04:43.649 28492 28605 I art     : Starting a blocking GC Explicit
08-06 13:04:43.675 28492 28605 I art     : Explicit concurrent mark sweep GC freed 1556(87KB) AllocSpace objects, 1(20KB) LOS objects, 22% free, 53MB/69MB, paused 679us total 26.014ms
08-06 13:04:43.690 28492 28605 I art     : Starting a blocking GC Explicit
08-06 13:04:43.726 28492 28605 I art     : Explicit concurrent mark sweep GC freed 24(864B) AllocSpace objects, 0(0B) LOS objects, 22% free, 53MB/69MB, paused 674us total 35.063ms
08-06 13:04:43.741 28492 28605 I art     : Starting a blocking GC Explicit
08-06 13:04:43.775 28492 28605 I art     : Explicit concurrent mark sweep GC freed 3(96B) AllocSpace objects, 0(0B) LOS objects, 22% free, 53MB/69MB, paused 669us total 33.988ms
08-06 13:04:43.789 28492 28605 I art     : Starting a blocking GC Explicit
08-06 13:04:43.821 28492 28605 I art     : Explicit concurrent mark sweep GC freed 3(96B) AllocSpace objects, 0(0B) LOS objects, 22% free, 53MB/69MB, paused 715us total 31.471ms
08-06 13:04:43.833 28492 28605 I art     : Starting a blocking GC Explicit
08-06 13:04:43.865 28492 28605 I art     : Explicit concurrent mark sweep GC freed 3(96B) AllocSpace objects, 0(0B) LOS objects, 22% free, 53MB/69MB, paused 795us total 31.359ms
08-06 13:04:44.171 28492 28604 I art     : Starting a blocking GC Explicit
08-06 13:04:44.202 28492 28604 I art     : Explicit concurrent mark sweep GC freed 2023(111KB) AllocSpace objects, 1(20KB) LOS objects, 22% free, 53MB/69MB, paused 741us total 30.245ms
08-06 13:04:44.213 28492 28604 I art     : Starting a blocking GC Explicit
08-06 13:04:44.242 28492 28604 I art     : Explicit concurrent mark sweep GC freed 2678(174KB) AllocSpace objects, 1(28KB) LOS objects, 23% free, 53MB/69MB, paused 752us total 28.977ms
08-06 13:04:44.254 28492 28604 I art     : Starting a blocking GC Explicit
08-06 13:04:44.283 28492 28604 I art     : Explicit concurrent mark sweep GC freed 3(96B) AllocSpace objects, 0(0B) LOS objects, 23% free, 53MB/69MB, paused 750us total 28.567ms
08-06 13:04:44.294 28492 28604 I art     : Starting a blocking GC Explicit
08-06 13:04:44.323 28492 28604 I art     : Explicit concurrent mark sweep GC freed 3(96B) AllocSpace objects, 0(0B) LOS objects, 23% free, 53MB/69MB, paused 751us total 28.401ms
08-06 13:04:44.334 28492 28604 I art     : Starting a blocking GC Explicit
08-06 13:04:44.363 28492 28604 I art     : Explicit concurrent mark sweep GC freed 3(96B) AllocSpace objects, 0(0B) LOS objects, 23% free, 53MB/69MB, paused 741us total 28.805ms
08-06 13:04:44.677 28492 29818 I art     : Starting a blocking GC Explicit
08-06 13:04:44.718 28492 29818 I art     : Explicit concurrent mark sweep GC freed 1347(78KB) AllocSpace objects, 1(20KB) LOS objects, 23% free, 53MB/69MB, paused 964us total 40.338ms
08-06 13:04:44.734 28492 29818 I art     : Starting a blocking GC Explicit
08-06 13:04:44.763 28492 29818 I art     : Explicit concurrent mark sweep GC freed 20(704B) AllocSpace objects, 0(0B) LOS objects, 23% free, 53MB/69MB, paused 730us total 28.291ms
08-06 13:04:44.774 28492 29818 I art     : Starting a blocking GC Explicit
08-06 13:04:44.802 28492 29818 I art     : Explicit concurrent mark sweep GC freed 3(96B) AllocSpace objects, 0(0B) LOS objects, 23% free, 53MB/69MB, paused 736us total 27.340ms
08-06 13:04:44.814 28492 29818 I art     : Starting a blocking GC Explicit
08-06 13:04:44.840 28492 29818 I art     : Explicit concurrent mark sweep GC freed 3(96B) AllocSpace objects, 0(0B) LOS objects, 23% free, 53MB/69MB, paused 682us total 26.526ms
08-06 13:04:44.851 28492 29818 I art     : Starting a blocking GC Explicit
08-06 13:04:44.878 28492 29818 I art     : Explicit concurrent mark sweep GC freed 3(96B) AllocSpace objects, 0(0B) LOS objects, 23% free, 53MB/69MB, paused 753us total 26.713ms
08-06 13:04:45.177 28492 28513 I art     : Starting a blocking GC Explicit
08-06 13:04:45.206 28492 28513 I art     : Explicit concurrent mark sweep GC freed 1344(78KB) AllocSpace objects, 1(20KB) LOS objects, 23% free, 53MB/69MB, paused 739us total 28.673ms
08-06 13:04:45.217 28492 28513 I art     : Starting a blocking GC Explicit
08-06 13:04:45.245 28492 28513 I art     : Explicit concurrent mark sweep GC freed 20(704B) AllocSpace objects, 0(0B) LOS objects, 23% free, 53MB/69MB, paused 737us total 28.125ms
08-06 13:04:45.257 28492 28513 I art     : Starting a blocking GC Explicit
08-06 13:04:45.285 28492 28513 I art     : Explicit concurrent mark sweep GC freed 3(96B) AllocSpace objects, 0(0B) LOS objects, 23% free, 53MB/69MB, paused 767us total 27.798ms
08-06 13:04:45.296 28492 28513 I art     : Starting a blocking GC Explicit
08-06 13:04:45.325 28492 28513 I art     : Explicit concurrent mark sweep GC freed 3(96B) AllocSpace objects, 0(0B) LOS objects, 23% free, 53MB/69MB, paused 713us total 28.749ms
08-06 13:04:45.336 28492 28513 I art     : Starting a blocking GC Explicit
08-06 13:04:45.366 28492 28513 I art     : Explicit concurrent mark sweep GC freed 3(96B) AllocSpace objects, 0(0B) LOS objects, 23% free, 53MB/69MB, paused 777us total 29.534ms
08-06 13:04:45.388   362   362 D AndroidRuntime: >>>>>> START com.android.internal.os.RuntimeInit uid 2000 <<<<<<
08-06 13:04:45.394   362   362 D AndroidRuntime: CheckJNI is OFF
08-06 13:04:45.440   362   362 D ICU     : No timezone override file found: /data/misc/zoneinfo/current/icu/icu_tzdata.dat
08-06 13:04:45.489   362   362 I Radio-JNI: register_android_hardware_Radio DONE
08-06 13:04:45.519   362   362 D AndroidRuntime: Calling main entry com.android.commands.am.Am
08-06 13:04:45.528 14970 14970 I Trepn   : Trepn 6.2s: Received intent: com.quicinc.trepn.stop_profiling
08-06 13:04:45.557 14970 14970 I Trepn   : Trepn 6.2s: Trepn has Stopped Profiling.
08-06 13:04:45.661   362   362 D AndroidRuntime: Shutting down VM
08-06 13:04:45.664   918  6111 W AppOps  : Finishing op nesting under-run: uid 10078 pkg com.quicinc.trepn code 24 time=0 duration=0 nesting=0
08-06 13:04:45.677 28492 28514 I art     : Starting a blocking GC Explicit
08-06 13:04:45.703 28492 28514 I art     : Explicit concurrent mark sweep GC freed 1344(78KB) AllocSpace objects, 1(20KB) LOS objects, 23% free, 53MB/69MB, paused 677us total 26.122ms
08-06 13:04:45.713 28492 28514 I art     : Starting a blocking GC Explicit
08-06 13:04:45.739 28492 28514 I art     : Explicit concurrent mark sweep GC freed 20(704B) AllocSpace objects, 0(0B) LOS objects, 23% free, 53MB/69MB, paused 738us total 25.733ms
08-06 13:04:45.751 28492 28514 I art     : Starting a blocking GC Explicit
08-06 13:04:45.781 28492 28514 I art     : Explicit concurrent mark sweep GC freed 3(96B) AllocSpace objects, 0(0B) LOS objects, 23% free, 53MB/69MB, paused 753us total 30.111ms
08-06 13:04:45.792 28492 28514 I art     : Starting a blocking GC Explicit
08-06 13:04:45.825 28492 28514 I art     : Explicit concurrent mark sweep GC freed 3(96B) AllocSpace objects, 0(0B) LOS objects, 23% free, 53MB/69MB, paused 767us total 31.769ms
08-06 13:04:45.836 28492 28514 I art     : Starting a blocking GC Explicit
08-06 13:04:45.868 28492 28514 I art     : Explicit concurrent mark sweep GC freed 3(96B) AllocSpace objects, 0(0B) LOS objects, 23% free, 53MB/69MB, paused 787us total 31.706ms
08-06 13:04:46.166 28492 28605 I art     : Starting a blocking GC Explicit
08-06 13:04:46.194 28492 28605 I art     : Explicit concurrent mark sweep GC freed 1344(78KB) AllocSpace objects, 1(20KB) LOS objects, 23% free, 53MB/69MB, paused 804us total 27.916ms
08-06 13:04:46.206 28492 28605 I art     : Starting a blocking GC Explicit
08-06 13:04:46.233 28492 28605 I art     : Explicit concurrent mark sweep GC freed 20(704B) AllocSpace objects, 0(0B) LOS objects, 23% free, 53MB/69MB, paused 699us total 26.687ms
08-06 13:04:46.244 28492 28605 I art     : Starting a blocking GC Explicit
08-06 13:04:46.271 28492 28605 I art     : Explicit concurrent mark sweep GC freed 3(96B) AllocSpace objects, 0(0B) LOS objects, 23% free, 53MB/69MB, paused 686us total 26.713ms
08-06 13:04:46.282 28492 28605 I art     : Starting a blocking GC Explicit
08-06 13:04:46.310 28492 28605 I art     : Explicit concurrent mark sweep GC freed 3(96B) AllocSpace objects, 0(0B) LOS objects, 23% free, 53MB/69MB, paused 707us total 27.265ms
08-06 13:04:46.321 28492 28605 I art     : Starting a blocking GC Explicit
08-06 13:04:46.348 28492 28605 I art     : Explicit concurrent mark sweep GC freed 3(96B) AllocSpace objects, 0(0B) LOS objects, 23% free, 53MB/69MB, paused 889us total 26.471ms
