--------- beginning of main
08-06 05:23:57.649 32067 32067 I ServiceManager: Waiting for service AtCmdFwd...
08-06 05:23:57.953   322   322 D AndroidRuntime: >>>>>> START com.android.internal.os.RuntimeInit uid 2000 <<<<<<
08-06 05:23:57.960   322   322 D AndroidRuntime: CheckJNI is OFF
08-06 05:23:57.993   322   322 D ICU     : No timezone override file found: /data/misc/zoneinfo/current/icu/icu_tzdata.dat
08-06 05:23:58.025   322   322 I Radio-JNI: register_android_hardware_Radio DONE
08-06 05:23:58.044   322   322 D AndroidRuntime: Calling main entry com.android.commands.monkey.Monkey
--------- beginning of system
08-06 05:23:58.063   918   931 W BroadcastQueue: Skipping deliver [background] BroadcastRecord{22b4543 u-1 android.net.conn.CONNECTIVITY_CHANGE} to ReceiverList{5917c0 322 (unknown name)/2000/u-1 remote:e734dfd}: process crashing
08-06 05:23:58.074   918  3670 I ActivityManager: START u0 {act=android.intent.action.MAIN cat=[android.intent.category.LAUNCHER] flg=0x10200000 cmp=baseline.appteam.nith.hillffair/.activities.SplashActivity} from uid 2000 on display 0
08-06 05:23:58.114   356   356 I art     : Late-enabling -Xcheck:jni
08-06 05:23:58.118   918  6110 I ActivityManager: Start proc 356:baseline.appteam.nith.hillffair/u0a697 for activity baseline.appteam.nith.hillffair/.activities.SplashActivity
08-06 05:23:58.137   322   322 I art     : System.exit called, status: 0
08-06 05:23:58.137   322   322 I AndroidRuntime: VM exiting with result code 0.
08-06 05:23:58.182 16458  6583 I PBSessionCacheImpl: Deleted sessionId[72384646105454640] from persistence.
08-06 05:23:58.191 16458 16488 W SearchServiceCore: Abort, client detached.
08-06 05:23:58.191 16458 16488 I MicroDetectionState: Should stop hotword detection immediately - true
08-06 05:23:58.257   356   356 W System  : ClassLoader referenced unknown path: /data/app/baseline.appteam.nith.hillffair-1/lib/arm64
08-06 05:23:58.332   356   356 W OneSignal: GCM Library detected, please upgrade to Firebase FCM library as GCM is deprecated!
08-06 05:23:58.429   356   356 W art     : Before Android 4.1, method android.graphics.PorterDuffColorFilter androidx.vectordrawable.graphics.drawable.VectorDrawableCompat.updateTintFilter(android.graphics.PorterDuffColorFilter, android.content.res.ColorStateList, android.graphics.PorterDuff$Mode) would have incorrectly overridden the package-private method in android.graphics.drawable.Drawable
08-06 05:23:58.457   356   356 I art     : Rejecting re-init on previously-failed class java.lang.Class<androidx.core.view.ViewCompat$2>
08-06 05:23:58.457   356   356 I art     : Rejecting re-init on previously-failed class java.lang.Class<androidx.core.view.ViewCompat$2>
08-06 05:23:58.512   356   405 D OpenGLRenderer: Use EGL_SWAP_BEHAVIOR_PRESERVED: true
08-06 05:23:58.554   356   405 I Adreno  : QUALCOMM build                   : fcf4852, I1af360237c
08-06 05:23:58.554   356   405 I Adreno  : Build Date                       : 09/23/15
08-06 05:23:58.554   356   405 I Adreno  : OpenGL ES Shader Compiler Version: XE031.05.13.02
08-06 05:23:58.554   356   405 I Adreno  : Local Branch                     : mybranch14465806
08-06 05:23:58.554   356   405 I Adreno  : Remote Branch                    : quic/LA.BF64.1.2.9_v2
08-06 05:23:58.554   356   405 I Adreno  : Remote Branch                    : NONE
08-06 05:23:58.554   356   405 I Adreno  : Reconstruct Branch               : NOTHING
08-06 05:23:58.563   356   405 I OpenGLRenderer: Initialized EGL, version 1.4
08-06 05:23:58.604 13866 13866 I GoogleInputMethodServic: GoogleInputMethodService.onFinishInput():3138 
08-06 05:23:58.606 13866 13866 I GoogleInputMethodServic: GoogleInputMethodService.onStartInput():1808 
08-06 05:23:58.648   918   936 I ActivityManager: Displayed baseline.appteam.nith.hillffair/.activities.SplashActivity: +566ms
08-06 05:23:58.649 32067 32067 W Atfwd_Sendcmd: AtCmdFwd service not published, waiting... retryCnt : 1
08-06 05:23:59.224   356   433 W GCM     : GCM SDK is deprecated, baseline.appteam.nith.hillffair should update to use FCM
08-06 05:23:59.480 24365 32102 W Conscrypt: Could not set socket write timeout: java.net.SocketException: Socket closed
08-06 05:23:59.481 24365 32102 E art     : invalid stream - problem with parameter iterator in /data/app/com.google.android.gms-2/base.apk:classes3.dex for method void com.google.android.gms.org.conscrypt.ConscryptFileDescriptorSocket.setSoWriteTimeout(int)
08-06 05:23:59.482 24365 32102 W Conscrypt: 	at com.google.android.gms.org.conscrypt.Platform.setSocketWriteTimeout(:com.google.android.gms@202614019@20.26.14 (040400-320008519):2)
08-06 05:23:59.482 24365 32102 W Conscrypt: 	at com.google.android.gms.org.conscrypt.ConscryptFileDescriptorSocket.setSoWriteTimeout(:com.google.android.gms@202614019@20.26.14 (040400-320008519))
08-06 05:23:59.511 24365 32102 W Conscrypt: Could not set socket write timeout: java.net.SocketException: Socket closed
08-06 05:23:59.511 24365 32102 E art     : invalid stream - problem with parameter iterator in /data/app/com.google.android.gms-2/base.apk:classes3.dex for method void com.google.android.gms.org.conscrypt.ConscryptFileDescriptorSocket.setSoWriteTimeout(int)
08-06 05:23:59.512 24365 32102 W Conscrypt: 	at com.google.android.gms.org.conscrypt.Platform.setSocketWriteTimeout(:com.google.android.gms@202614019@20.26.14 (040400-320008519):2)
08-06 05:23:59.512 24365 32102 W Conscrypt: 	at com.google.android.gms.org.conscrypt.ConscryptFileDescriptorSocket.setSoWriteTimeout(:com.google.android.gms@202614019@20.26.14 (040400-320008519))
08-06 05:23:59.575 24365 32102 W Conscrypt: Could not set socket write timeout: java.net.SocketException: Socket closed
08-06 05:23:59.576 24365 32102 E art     : invalid stream - problem with parameter iterator in /data/app/com.google.android.gms-2/base.apk:classes3.dex for method void com.google.android.gms.org.conscrypt.ConscryptFileDescriptorSocket.setSoWriteTimeout(int)
08-06 05:23:59.576 24365 32102 W Conscrypt: 	at com.google.android.gms.org.conscrypt.Platform.setSocketWriteTimeout(:com.google.android.gms@202614019@20.26.14 (040400-320008519):2)
08-06 05:23:59.576 24365 32102 W Conscrypt: 	at com.google.android.gms.org.conscrypt.ConscryptFileDescriptorSocket.setSoWriteTimeout(:com.google.android.gms@202614019@20.26.14 (040400-320008519))
08-06 05:23:59.594 24365 32102 W Conscrypt: Could not set socket write timeout: java.net.SocketException: Socket closed
08-06 05:23:59.594 24365 32102 E art     : invalid stream - problem with parameter iterator in /data/app/com.google.android.gms-2/base.apk:classes3.dex for method void com.google.android.gms.org.conscrypt.ConscryptFileDescriptorSocket.setSoWriteTimeout(int)
08-06 05:23:59.595 24365 32102 W Conscrypt: 	at com.google.android.gms.org.conscrypt.Platform.setSocketWriteTimeout(:com.google.android.gms@202614019@20.26.14 (040400-320008519):2)
08-06 05:23:59.595 24365 32102 W Conscrypt: 	at com.google.android.gms.org.conscrypt.ConscryptFileDescriptorSocket.setSoWriteTimeout(:com.google.android.gms@202614019@20.26.14 (040400-320008519))
08-06 05:23:59.689   447   447 D AndroidRuntime: >>>>>> START com.android.internal.os.RuntimeInit uid 2000 <<<<<<
08-06 05:23:59.696   447   447 D AndroidRuntime: CheckJNI is OFF
08-06 05:23:59.728   447   447 D ICU     : No timezone override file found: /data/misc/zoneinfo/current/icu/icu_tzdata.dat
08-06 05:23:59.761   447   447 I Radio-JNI: register_android_hardware_Radio DONE
08-06 05:23:59.774   356   433 E OneSignal: Error Getting GCM Token
08-06 05:23:59.774   356   433 E OneSignal: java.io.IOException: INVALID_SENDER
08-06 05:23:59.774   356   433 E OneSignal: 	at com.google.android.gms.gcm.GoogleCloudMessaging.zzd(Unknown Source)
08-06 05:23:59.774   356   433 E OneSignal: 	at com.google.android.gms.gcm.GoogleCloudMessaging.register(Unknown Source)
08-06 05:23:59.774   356   433 E OneSignal: 	at com.onesignal.PushRegistratorGCM.getToken(PushRegistratorGCM.java:42)
08-06 05:23:59.774   356   433 E OneSignal: 	at com.onesignal.PushRegistratorAbstractGoogle.attemptRegistration(PushRegistratorAbstractGoogle.java:97)
08-06 05:23:59.774   356   433 E OneSignal: 	at com.onesignal.PushRegistratorAbstractGoogle.access$100(PushRegistratorAbstractGoogle.java:37)
08-06 05:23:59.774   356   433 E OneSignal: 	at com.onesignal.PushRegistratorAbstractGoogle$1.run(PushRegistratorAbstractGoogle.java:84)
08-06 05:23:59.774   356   433 E OneSignal: 	at java.lang.Thread.run(Thread.java:818)
08-06 05:23:59.778   447   447 D AndroidRuntime: Calling main entry com.android.commands.am.Am
08-06 05:23:59.795 24365 32102 I NetworkScheduler.Stats: Task com.google.android.apps.gcs/ started execution. cause:1 exec_start_elapsed_seconds: 1838043 [CONTEXT service_id=218 ]
08-06 05:23:59.795   356   460 I art     : Rejecting re-init on previously-failed class java.lang.Class<com.onesignal.OneSignalChromeTab$OneSignalCustomTabsServiceConnection>
08-06 05:23:59.796   356   460 I art     : Rejecting re-init on previously-failed class java.lang.Class<com.onesignal.OneSignalChromeTab$OneSignalCustomTabsServiceConnection>
08-06 05:23:59.799  3167  3167 I Trepn   : Trepn 6.2s: Received intent: com.quicinc.trepn.start_profiling
08-06 05:23:59.809 17637   463 W Gcs.WfaEliRefreshTask: [28490] afk.b: NULL eligibility response.
08-06 05:23:59.819 24365 32102 I NetworkScheduler.Stats: Task com.google.android.apps.gcs/ finished executing. cause:1 result: 3 elapsed_millis: 28 uptime_millis: 28 exec_start_elapsed_seconds: 1838043 [CONTEXT service_id=218 ]
08-06 05:23:59.865  3167  3167 W FileUtils: Failed to chmod(/storage/emulated/0/trepn/Trepn_2020.08.06_052359.db): android.system.ErrnoException: chmod failed: EPERM (Operation not permitted)
08-06 05:23:59.933  3167  3167 I Trepn   : Trepn 6.2s: Trepn has Started Profiling.
08-06 05:23:59.934   447   447 D AndroidRuntime: Shutting down VM
08-06 05:23:59.994   918  3714 I ActivityManager: START u0 {cmp=baseline.appteam.nith.hillffair/.activities.WelcomeActivity} from uid 10697 on display 0
08-06 05:24:00.017   918  3670 I ActivityManager: START u0 {cmp=baseline.appteam.nith.hillffair/.activities.HomeActivity} from uid 10697 on display 0
08-06 05:24:00.029   918  3670 W ActivityManager: Duplicate finish request for ActivityRecord{e3c6e76 u0 baseline.appteam.nith.hillffair/.activities.WelcomeActivity t4356 f}
08-06 05:24:00.328   356   369 I art     : Starting a blocking GC Explicit
08-06 05:24:00.352   356   369 I art     : Explicit concurrent mark sweep GC freed 1587(296KB) AllocSpace objects, 0(0B) LOS objects, 25% free, 47MB/63MB, paused 395us total 24.104ms
08-06 05:24:00.358   356   369 I art     : Starting a blocking GC Explicit
08-06 05:24:00.370   356   369 I art     : Explicit concurrent mark sweep GC freed 446(108KB) AllocSpace objects, 0(0B) LOS objects, 25% free, 47MB/63MB, paused 299us total 11.492ms
08-06 05:24:00.375   356   369 I art     : Starting a blocking GC Explicit
08-06 05:24:00.387   356   369 I art     : Explicit concurrent mark sweep GC freed 267(11KB) AllocSpace objects, 0(0B) LOS objects, 25% free, 47MB/63MB, paused 274us total 11.646ms
08-06 05:24:00.393   356   369 I art     : Starting a blocking GC Explicit
08-06 05:24:00.403   356   369 I art     : Explicit concurrent mark sweep GC freed 45(2480B) AllocSpace objects, 0(0B) LOS objects, 25% free, 47MB/63MB, paused 146us total 10.207ms
08-06 05:24:00.409   356   369 I art     : Starting a blocking GC Explicit
08-06 05:24:00.420   356   369 I art     : Explicit concurrent mark sweep GC freed 3(96B) AllocSpace objects, 0(0B) LOS objects, 25% free, 47MB/63MB, paused 144us total 10.081ms
08-06 05:24:00.477   918   936 I ActivityManager: Displayed baseline.appteam.nith.hillffair/.activities.HomeActivity: +405ms (total +474ms)
08-06 05:24:00.477 13866 13866 I GoogleInputMethodServic: GoogleInputMethodService.onFinishInput():3138 
08-06 05:24:00.478 13866 13866 I GoogleInputMethodServic: GoogleInputMethodService.onStartInput():1808 
08-06 05:24:00.681   356   547 I art     : Starting a blocking GC Explicit
08-06 05:24:00.701   356   547 I art     : Explicit concurrent mark sweep GC freed 1617(126KB) AllocSpace objects, 1(20KB) LOS objects, 24% free, 48MB/64MB, paused 192us total 18.685ms
08-06 05:24:00.709   356   547 I art     : Starting a blocking GC Explicit
08-06 05:24:00.723   356   547 I art     : Explicit concurrent mark sweep GC freed 1027(71KB) AllocSpace objects, 0(0B) LOS objects, 25% free, 47MB/63MB, paused 157us total 13.929ms
08-06 05:24:00.726   380   380 W SurfaceFlinger: couldn't log to binary event log: overflow.
08-06 05:24:00.732   356   547 I art     : Starting a blocking GC Explicit
08-06 05:24:00.743   356   547 I art     : Explicit concurrent mark sweep GC freed 3(96B) AllocSpace objects, 0(0B) LOS objects, 25% free, 47MB/63MB, paused 134us total 11.378ms
08-06 05:24:00.749   356   547 I art     : Starting a blocking GC Explicit
08-06 05:24:00.760   356   547 I art     : Explicit concurrent mark sweep GC freed 3(96B) AllocSpace objects, 0(0B) LOS objects, 25% free, 47MB/63MB, paused 132us total 10.422ms
08-06 05:24:00.765   356   547 I art     : Starting a blocking GC Explicit
08-06 05:24:00.776   356   547 I art     : Explicit concurrent mark sweep GC freed 3(96B) AllocSpace objects, 0(0B) LOS objects, 25% free, 47MB/63MB, paused 136us total 10.311ms
08-06 05:24:01.065   356   368 I art     : Starting a blocking GC Explicit
08-06 05:24:01.080   356   368 I art     : Explicit concurrent mark sweep GC freed 2022(113KB) AllocSpace objects, 1(20KB) LOS objects, 25% free, 47MB/63MB, paused 171us total 13.993ms
08-06 05:24:01.087   356   368 I art     : Starting a blocking GC Explicit
08-06 05:24:01.099   356   368 I art     : Explicit concurrent mark sweep GC freed 908(59KB) AllocSpace objects, 0(0B) LOS objects, 25% free, 47MB/63MB, paused 159us total 12.055ms
08-06 05:24:01.105   356   368 I art     : Starting a blocking GC Explicit
08-06 05:24:01.117   356   368 I art     : Explicit concurrent mark sweep GC freed 3(96B) AllocSpace objects, 0(0B) LOS objects, 25% free, 47MB/63MB, paused 160us total 11.648ms
08-06 05:24:01.123   356   368 I art     : Starting a blocking GC Explicit
08-06 05:24:01.135   356   368 I art     : Explicit concurrent mark sweep GC freed 3(96B) AllocSpace objects, 0(0B) LOS objects, 25% free, 47MB/63MB, paused 153us total 11.369ms
08-06 05:24:01.141   356   368 I art     : Starting a blocking GC Explicit
08-06 05:24:01.152   356   368 I art     : Explicit concurrent mark sweep GC freed 3(96B) AllocSpace objects, 0(0B) LOS objects, 25% free, 47MB/63MB, paused 153us total 11.331ms
08-06 05:24:01.453   356   547 I art     : Starting a blocking GC Explicit
08-06 05:24:01.470   356   547 I art     : Explicit concurrent mark sweep GC freed 1342(78KB) AllocSpace objects, 1(20KB) LOS objects, 25% free, 47MB/63MB, paused 155us total 15.984ms
08-06 05:24:01.476   356   547 I art     : Starting a blocking GC Explicit
08-06 05:24:01.489   356   547 I art     : Explicit concurrent mark sweep GC freed 20(704B) AllocSpace objects, 0(0B) LOS objects, 25% free, 47MB/63MB, paused 152us total 12.497ms
08-06 05:24:01.496   356   547 I art     : Starting a blocking GC Explicit
08-06 05:24:01.507   356   547 I art     : Explicit concurrent mark sweep GC freed 3(96B) AllocSpace objects, 0(0B) LOS objects, 25% free, 47MB/63MB, paused 151us total 11.595ms
08-06 05:24:01.513   356   547 I art     : Starting a blocking GC Explicit
08-06 05:24:01.525   356   547 I art     : Explicit concurrent mark sweep GC freed 3(96B) AllocSpace objects, 0(0B) LOS objects, 25% free, 47MB/63MB, paused 155us total 11.468ms
08-06 05:24:01.531   356   547 I art     : Starting a blocking GC Explicit
08-06 05:24:01.543   356   547 I art     : Explicit concurrent mark sweep GC freed 3(96B) AllocSpace objects, 0(0B) LOS objects, 25% free, 47MB/63MB, paused 151us total 11.646ms
08-06 05:24:01.851   356   369 I art     : Starting a blocking GC Explicit
08-06 05:24:01.867   356   369 I art     : Explicit concurrent mark sweep GC freed 1341(78KB) AllocSpace objects, 1(20KB) LOS objects, 25% free, 47MB/63MB, paused 188us total 15.949ms
08-06 05:24:01.878   356   369 I art     : Starting a blocking GC Explicit
08-06 05:24:01.889   356   369 I art     : Explicit concurrent mark sweep GC freed 20(704B) AllocSpace objects, 0(0B) LOS objects, 25% free, 47MB/63MB, paused 158us total 11.363ms
08-06 05:24:01.895   356   369 I art     : Starting a blocking GC Explicit
08-06 05:24:01.907   356   369 I art     : Explicit concurrent mark sweep GC freed 3(96B) AllocSpace objects, 0(0B) LOS objects, 25% free, 47MB/63MB, paused 161us total 11.387ms
08-06 05:24:01.913   356   369 I art     : Starting a blocking GC Explicit
08-06 05:24:01.925   356   369 I art     : Explicit concurrent mark sweep GC freed 3(96B) AllocSpace objects, 0(0B) LOS objects, 25% free, 47MB/63MB, paused 151us total 11.438ms
08-06 05:24:01.931   356   369 I art     : Starting a blocking GC Explicit
08-06 05:24:01.942   356   369 I art     : Explicit concurrent mark sweep GC freed 3(96B) AllocSpace objects, 0(0B) LOS objects, 25% free, 47MB/63MB, paused 157us total 11.465ms
08-06 05:24:02.250   356   368 I art     : Starting a blocking GC Explicit
08-06 05:24:02.271   356   368 I art     : Explicit concurrent mark sweep GC freed 1339(78KB) AllocSpace objects, 1(20KB) LOS objects, 25% free, 47MB/63MB, paused 194us total 20.482ms
08-06 05:24:02.282   356   368 I art     : Starting a blocking GC Explicit
08-06 05:24:02.298   356   368 I art     : Explicit concurrent mark sweep GC freed 20(704B) AllocSpace objects, 0(0B) LOS objects, 25% free, 47MB/63MB, paused 171us total 15.017ms
08-06 05:24:02.305   356   368 I art     : Starting a blocking GC Explicit
08-06 05:24:02.317   356   368 I art     : Explicit concurrent mark sweep GC freed 3(96B) AllocSpace objects, 0(0B) LOS objects, 25% free, 47MB/63MB, paused 161us total 12.044ms
08-06 05:24:02.323   356   368 I art     : Starting a blocking GC Explicit
08-06 05:24:02.336   356   368 I art     : Explicit concurrent mark sweep GC freed 3(96B) AllocSpace objects, 0(0B) LOS objects, 25% free, 47MB/63MB, paused 148us total 11.993ms
08-06 05:24:02.343   356   368 I art     : Starting a blocking GC Explicit
08-06 05:24:02.354   356   368 I art     : Explicit concurrent mark sweep GC freed 3(96B) AllocSpace objects, 0(0B) LOS objects, 25% free, 47MB/63MB, paused 180us total 11.627ms
08-06 05:24:02.648   356   547 I art     : Starting a blocking GC Explicit
08-06 05:24:02.663   356   547 I art     : Explicit concurrent mark sweep GC freed 1339(78KB) AllocSpace objects, 1(20KB) LOS objects, 25% free, 47MB/63MB, paused 182us total 14.291ms
08-06 05:24:02.669   356   547 I art     : Starting a blocking GC Explicit
08-06 05:24:02.682   356   547 I art     : Explicit concurrent mark sweep GC freed 20(704B) AllocSpace objects, 0(0B) LOS objects, 25% free, 47MB/63MB, paused 164us total 12.392ms
08-06 05:24:02.688   356   547 I art     : Starting a blocking GC Explicit
08-06 05:24:02.700   356   547 I art     : Explicit concurrent mark sweep GC freed 3(96B) AllocSpace objects, 0(0B) LOS objects, 25% free, 47MB/63MB, paused 156us total 12.007ms
08-06 05:24:02.707   356   547 I art     : Starting a blocking GC Explicit
08-06 05:24:02.719   356   547 I art     : Explicit concurrent mark sweep GC freed 3(96B) AllocSpace objects, 0(0B) LOS objects, 25% free, 47MB/63MB, paused 166us total 11.886ms
08-06 05:24:02.725   356   547 I art     : Starting a blocking GC Explicit
08-06 05:24:02.737   356   547 I art     : Explicit concurrent mark sweep GC freed 3(96B) AllocSpace objects, 0(0B) LOS objects, 25% free, 47MB/63MB, paused 159us total 11.780ms
08-06 05:24:03.031   356   369 I art     : Starting a blocking GC Explicit
08-06 05:24:03.046   356   369 I art     : Explicit concurrent mark sweep GC freed 1339(78KB) AllocSpace objects, 1(20KB) LOS objects, 25% free, 47MB/63MB, paused 186us total 14.517ms
08-06 05:24:03.053   356   369 I art     : Starting a blocking GC Explicit
08-06 05:24:03.066   356   369 I art     : Explicit concurrent mark sweep GC freed 20(704B) AllocSpace objects, 0(0B) LOS objects, 25% free, 47MB/63MB, paused 161us total 12.576ms
08-06 05:24:03.072   356   369 I art     : Starting a blocking GC Explicit
08-06 05:24:03.084   356   369 I art     : Explicit concurrent mark sweep GC freed 3(96B) AllocSpace objects, 0(0B) LOS objects, 25% free, 47MB/63MB, paused 155us total 12.077ms
08-06 05:24:03.091   356   369 I art     : Starting a blocking GC Explicit
08-06 05:24:03.102   356   369 I art     : Explicit concurrent mark sweep GC freed 3(96B) AllocSpace objects, 0(0B) LOS objects, 25% free, 47MB/63MB, paused 153us total 11.274ms
08-06 05:24:03.108   356   369 I art     : Starting a blocking GC Explicit
08-06 05:24:03.120   356   369 I art     : Explicit concurrent mark sweep GC freed 3(96B) AllocSpace objects, 0(0B) LOS objects, 25% free, 47MB/63MB, paused 162us total 11.256ms
08-06 05:24:03.430   356   368 I art     : Starting a blocking GC Explicit
08-06 05:24:03.447   356   368 I art     : Explicit concurrent mark sweep GC freed 1339(78KB) AllocSpace objects, 1(20KB) LOS objects, 25% free, 47MB/63MB, paused 209us total 16.515ms
08-06 05:24:03.456   356   368 I art     : Starting a blocking GC Explicit
08-06 05:24:03.469   356   368 I art     : Explicit concurrent mark sweep GC freed 20(704B) AllocSpace objects, 0(0B) LOS objects, 25% free, 47MB/63MB, paused 157us total 12.212ms
08-06 05:24:03.475   356   368 I art     : Starting a blocking GC Explicit
08-06 05:24:03.487   356   368 I art     : Explicit concurrent mark sweep GC freed 3(96B) AllocSpace objects, 0(0B) LOS objects, 25% free, 47MB/63MB, paused 167us total 11.776ms
08-06 05:24:03.493   356   368 I art     : Starting a blocking GC Explicit
08-06 05:24:03.505   356   368 I art     : Explicit concurrent mark sweep GC freed 3(96B) AllocSpace objects, 0(0B) LOS objects, 25% free, 47MB/63MB, paused 150us total 11.668ms
08-06 05:24:03.511   356   368 I art     : Starting a blocking GC Explicit
08-06 05:24:03.523   356   368 I art     : Explicit concurrent mark sweep GC freed 3(96B) AllocSpace objects, 0(0B) LOS objects, 25% free, 47MB/63MB, paused 136us total 11.605ms
08-06 05:24:03.650 32067 32067 I ServiceManager: Waiting for service AtCmdFwd...
08-06 05:24:03.802   356   547 I art     : Starting a blocking GC Explicit
08-06 05:24:03.819   356   547 I art     : Explicit concurrent mark sweep GC freed 1338(78KB) AllocSpace objects, 1(20KB) LOS objects, 25% free, 47MB/63MB, paused 196us total 16.975ms
08-06 05:24:03.829   356   547 I art     : Starting a blocking GC Explicit
08-06 05:24:03.842   356   547 I art     : Explicit concurrent mark sweep GC freed 20(704B) AllocSpace objects, 0(0B) LOS objects, 25% free, 47MB/63MB, paused 165us total 12.267ms
08-06 05:24:03.848   356   547 I art     : Starting a blocking GC Explicit
08-06 05:24:03.860   356   547 I art     : Explicit concurrent mark sweep GC freed 3(96B) AllocSpace objects, 0(0B) LOS objects, 25% free, 47MB/63MB, paused 156us total 11.478ms
08-06 05:24:03.867   356   547 I art     : Starting a blocking GC Explicit
08-06 05:24:03.878   356   547 I art     : Explicit concurrent mark sweep GC freed 3(96B) AllocSpace objects, 0(0B) LOS objects, 25% free, 47MB/63MB, paused 151us total 11.393ms
08-06 05:24:03.884   356   547 I art     : Starting a blocking GC Explicit
08-06 05:24:03.896   356   547 I art     : Explicit concurrent mark sweep GC freed 3(96B) AllocSpace objects, 0(0B) LOS objects, 25% free, 47MB/63MB, paused 150us total 11.626ms
08-06 05:24:04.165   356   369 I art     : Starting a blocking GC Explicit
08-06 05:24:04.179   356   369 I art     : Explicit concurrent mark sweep GC freed 1339(78KB) AllocSpace objects, 1(20KB) LOS objects, 25% free, 47MB/63MB, paused 191us total 14.128ms
08-06 05:24:04.187   356   369 I art     : Starting a blocking GC Explicit
08-06 05:24:04.198   356   369 I art     : Explicit concurrent mark sweep GC freed 20(704B) AllocSpace objects, 0(0B) LOS objects, 25% free, 47MB/63MB, paused 153us total 10.674ms
08-06 05:24:04.204   356   369 I art     : Starting a blocking GC Explicit
08-06 05:24:04.215   356   369 I art     : Explicit concurrent mark sweep GC freed 3(96B) AllocSpace objects, 0(0B) LOS objects, 25% free, 47MB/63MB, paused 152us total 11.021ms
08-06 05:24:04.221   356   369 I art     : Starting a blocking GC Explicit
08-06 05:24:04.231   356   369 I art     : Explicit concurrent mark sweep GC freed 3(96B) AllocSpace objects, 0(0B) LOS objects, 25% free, 47MB/63MB, paused 133us total 10.230ms
08-06 05:24:04.237   356   369 I art     : Starting a blocking GC Explicit
08-06 05:24:04.248   356   369 I art     : Explicit concurrent mark sweep GC freed 3(96B) AllocSpace objects, 0(0B) LOS objects, 25% free, 47MB/63MB, paused 155us total 11.114ms
08-06 05:24:04.556   356   368 I art     : Starting a blocking GC Explicit
08-06 05:24:04.557   918  1210 D NetlinkSocketObserver: NeighborEvent{elapsedMs=1838048432, 192.168.2.254, [7C3953A63323], RTM_NEWNEIGH, NUD_REACHABLE}
08-06 05:24:04.570   356   368 I art     : Explicit concurrent mark sweep GC freed 1339(78KB) AllocSpace objects, 1(20KB) LOS objects, 25% free, 47MB/63MB, paused 213us total 13.976ms
08-06 05:24:04.578   356   368 I art     : Starting a blocking GC Explicit
08-06 05:24:04.590   356   368 I art     : Explicit concurrent mark sweep GC freed 20(704B) AllocSpace objects, 0(0B) LOS objects, 25% free, 47MB/63MB, paused 153us total 11.815ms
08-06 05:24:04.596   356   368 I art     : Starting a blocking GC Explicit
08-06 05:24:04.606   356   368 I art     : Explicit concurrent mark sweep GC freed 3(96B) AllocSpace objects, 0(0B) LOS objects, 25% free, 47MB/63MB, paused 148us total 10.454ms
08-06 05:24:04.612   356   368 I art     : Starting a blocking GC Explicit
08-06 05:24:04.622   356   368 I art     : Explicit concurrent mark sweep GC freed 3(96B) AllocSpace objects, 0(0B) LOS objects, 25% free, 47MB/63MB, paused 141us total 10.400ms
08-06 05:24:04.628   356   368 I art     : Starting a blocking GC Explicit
08-06 05:24:04.638   356   368 I art     : Explicit concurrent mark sweep GC freed 3(96B) AllocSpace objects, 0(0B) LOS objects, 25% free, 47MB/63MB, paused 145us total 10.090ms
08-06 05:24:04.650 32067 32067 I ServiceManager: Waiting for service AtCmdFwd...
08-06 05:24:04.865   748   748 D AndroidRuntime: >>>>>> START com.android.internal.os.RuntimeInit uid 2000 <<<<<<
08-06 05:24:04.869   748   748 D AndroidRuntime: CheckJNI is OFF
08-06 05:24:04.895   748   748 D ICU     : No timezone override file found: /data/misc/zoneinfo/current/icu/icu_tzdata.dat
08-06 05:24:04.920   748   748 I Radio-JNI: register_android_hardware_Radio DONE
08-06 05:24:04.930   356   752 W OneSignal: OneSignalRestClient: POST Error thrown from network stack. 
08-06 05:24:04.930   356   752 W OneSignal: java.io.IOException: unexpected end of stream on Connection{api.onesignal.com:443, proxy=HTTP@192.168.2.12:8080 hostAddress=192.168.2.12 cipherSuite=TLS_ECDHE_RSA_WITH_AES_128_GCM_SHA256 protocol=http/1.1} (recycle count=1)
08-06 05:24:04.930   356   752 W OneSignal: 	at com.android.okhttp.internal.http.HttpConnection.readResponse(HttpConnection.java:210)
08-06 05:24:04.930   356   752 W OneSignal: 	at com.android.okhttp.internal.http.HttpTransport.readResponseHeaders(HttpTransport.java:80)
08-06 05:24:04.930   356   752 W OneSignal: 	at com.android.okhttp.internal.http.HttpEngine.readNetworkResponse(HttpEngine.java:904)
08-06 05:24:04.930   356   752 W OneSignal: 	at com.android.okhttp.internal.http.HttpEngine.readResponse(HttpEngine.java:788)
08-06 05:24:04.930   356   752 W OneSignal: 	at com.android.okhttp.internal.huc.HttpURLConnectionImpl.execute(HttpURLConnectionImpl.java:439)
08-06 05:24:04.930   356   752 W OneSignal: 	at com.android.okhttp.internal.huc.HttpURLConnectionImpl.getResponse(HttpURLConnectionImpl.java:384)
08-06 05:24:04.930   356   752 W OneSignal: 	at com.android.okhttp.internal.huc.HttpURLConnectionImpl.getResponseCode(HttpURLConnectionImpl.java:497)
08-06 05:24:04.930   356   752 W OneSignal: 	at com.android.okhttp.internal.huc.DelegatingHttpsURLConnection.getResponseCode(DelegatingHttpsURLConnection.java:105)
08-06 05:24:04.930   356   752 W OneSignal: 	at com.android.okhttp.internal.huc.HttpsURLConnectionImpl.getResponseCode(HttpsURLConnectionImpl.java)
08-06 05:24:04.930   356   752 W OneSignal: 	at com.onesignal.OneSignalRestClient.startHTTPConnection(OneSignalRestClient.java:180)
08-06 05:24:04.930   356   752 W OneSignal: 	at com.onesignal.OneSignalRestClient.access$100(OneSignalRestClient.java:44)
08-06 05:24:04.930   356   752 W OneSignal: 	at com.onesignal.OneSignalRestClient$4.run(OneSignalRestClient.java:110)
08-06 05:24:04.930   356   752 W OneSignal: 	at java.lang.Thread.run(Thread.java:818)
08-06 05:24:04.930   356   752 W OneSignal: Caused by: java.io.EOFException: \n not found: size=0 content=...
08-06 05:24:04.930   356   752 W OneSignal: 	at com.android.okhttp.okio.RealBufferedSource.readUtf8LineStrict(RealBufferedSource.java:200)
08-06 05:24:04.930   356   752 W OneSignal: 	at com.android.okhttp.internal.http.HttpConnection.readResponse(HttpConnection.java:191)
08-06 05:24:04.930   356   752 W OneSignal: 	... 12 more
08-06 05:24:04.931   356   771 W OneSignal: Failed last request. statusCode: -1
08-06 05:24:04.931   356   771 W OneSignal: response: null
08-06 05:24:04.937   748   748 D AndroidRuntime: Calling main entry com.android.commands.input.Input
08-06 05:24:04.938   748   748 I Input   : injectMotionEvent: MotionEvent { action=ACTION_DOWN, actionButton=0, id[0]=0, x[0]=337.0, y[0]=1104.0, toolType[0]=TOOL_TYPE_UNKNOWN, buttonState=0, metaState=0, flags=0x0, edgeFlags=0x0, pointerCount=1, historySize=0, eventTime=854661351, downTime=854661351, deviceId=0, source=0x1002 }
08-06 05:24:04.943   748   748 I Input   : injectMotionEvent: MotionEvent { action=ACTION_UP, actionButton=0, id[0]=0, x[0]=337.0, y[0]=1104.0, toolType[0]=TOOL_TYPE_UNKNOWN, buttonState=0, metaState=0, flags=0x0, edgeFlags=0x0, pointerCount=1, historySize=0, eventTime=854661351, downTime=854661351, deviceId=0, source=0x1002 }
08-06 05:24:04.945   918  3696 I ActivityManager: START u0 {cmp=baseline.appteam.nith.hillffair/.activities.BattleDayActivity} from uid 10697 on display 0
08-06 05:24:04.951   748   748 D AndroidRuntime: Shutting down VM
08-06 05:24:04.958   356   547 I art     : Starting a blocking GC Explicit
08-06 05:24:04.971   356   547 I art     : Explicit concurrent mark sweep GC freed 2483(219KB) AllocSpace objects, 1(20KB) LOS objects, 24% free, 48MB/64MB, paused 370us total 12.514ms
08-06 05:24:04.977   356   547 I art     : Starting a blocking GC Explicit
08-06 05:24:04.992   356   547 I art     : Explicit concurrent mark sweep GC freed 739(81KB) AllocSpace objects, 0(0B) LOS objects, 24% free, 48MB/64MB, paused 2.497ms total 14.693ms
08-06 05:24:04.999   356   547 I art     : Starting a blocking GC Explicit
08-06 05:24:05.013   356   547 I art     : Explicit concurrent mark sweep GC freed 5740(307KB) AllocSpace objects, 0(0B) LOS objects, 24% free, 48MB/64MB, paused 756us total 14.664ms
08-06 05:24:05.020   356   547 I art     : Starting a blocking GC Explicit
08-06 05:24:05.034   356   547 I art     : Explicit concurrent mark sweep GC freed 625(51KB) AllocSpace objects, 0(0B) LOS objects, 24% free, 48MB/64MB, paused 282us total 14.127ms
08-06 05:24:05.040   356   547 I art     : Starting a blocking GC Explicit
08-06 05:24:05.052   356   547 I art     : Explicit concurrent mark sweep GC freed 63(5KB) AllocSpace objects, 0(0B) LOS objects, 24% free, 48MB/64MB, paused 316us total 11.942ms
08-06 05:24:05.053 13866 13866 I GoogleInputMethodServic: GoogleInputMethodService.onFinishInput():3138 
08-06 05:24:05.054 13866 13866 I GoogleInputMethodServic: GoogleInputMethodService.onStartInput():1808 
08-06 05:24:05.080   918   936 I ActivityManager: Displayed baseline.appteam.nith.hillffair/.activities.BattleDayActivity: +128ms
08-06 05:24:05.285   356   547 I art     : Starting a blocking GC Explicit
08-06 05:24:05.303   356   547 I art     : Explicit concurrent mark sweep GC freed 1478(83KB) AllocSpace objects, 1(20KB) LOS objects, 24% free, 48MB/64MB, paused 221us total 17.424ms
08-06 05:24:05.310   356   547 I art     : Starting a blocking GC Explicit
08-06 05:24:05.325   356   547 I art     : Explicit concurrent mark sweep GC freed 34(1168B) AllocSpace objects, 0(0B) LOS objects, 24% free, 48MB/64MB, paused 219us total 15.104ms
08-06 05:24:05.334   356   547 I art     : Starting a blocking GC Explicit
08-06 05:24:05.338   380   380 W SurfaceFlinger: couldn't log to binary event log: overflow.
08-06 05:24:05.351   356   547 I art     : Explicit concurrent mark sweep GC freed 3(96B) AllocSpace objects, 0(0B) LOS objects, 24% free, 48MB/64MB, paused 316us total 16.128ms
08-06 05:24:05.359   356   547 I art     : Starting a blocking GC Explicit
08-06 05:24:05.371   356   547 I art     : Explicit concurrent mark sweep GC freed 3(96B) AllocSpace objects, 0(0B) LOS objects, 24% free, 48MB/64MB, paused 182us total 11.631ms
08-06 05:24:05.378   356   547 I art     : Starting a blocking GC Explicit
08-06 05:24:05.389   356   547 I art     : Explicit concurrent mark sweep GC freed 3(96B) AllocSpace objects, 0(0B) LOS objects, 24% free, 48MB/64MB, paused 175us total 11.354ms
08-06 05:24:05.651 32067 32067 I ServiceManager: Waiting for service AtCmdFwd...
08-06 05:24:05.658   356   547 I art     : Starting a blocking GC Explicit
08-06 05:24:05.673   356   547 I art     : Explicit concurrent mark sweep GC freed 1497(91KB) AllocSpace objects, 1(20KB) LOS objects, 24% free, 48MB/64MB, paused 209us total 15.256ms
08-06 05:24:05.680   356   547 I art     : Starting a blocking GC Explicit
08-06 05:24:05.694   356   547 I art     : Explicit concurrent mark sweep GC freed 50(1680B) AllocSpace objects, 0(0B) LOS objects, 24% free, 48MB/64MB, paused 208us total 13.637ms
08-06 05:24:05.701   356   547 I art     : Starting a blocking GC Explicit
08-06 05:24:05.713   356   547 I art     : Explicit concurrent mark sweep GC freed 7(272B) AllocSpace objects, 0(0B) LOS objects, 24% free, 48MB/64MB, paused 214us total 12.599ms
08-06 05:24:05.719   356   547 I art     : Starting a blocking GC Explicit
08-06 05:24:05.731   356   547 I art     : Explicit concurrent mark sweep GC freed 12(432B) AllocSpace objects, 0(0B) LOS objects, 24% free, 48MB/64MB, paused 238us total 11.692ms
08-06 05:24:05.736   356   547 I art     : Starting a blocking GC Explicit
08-06 05:24:05.748   356   547 I art     : Explicit concurrent mark sweep GC freed 9(336B) AllocSpace objects, 0(0B) LOS objects, 24% free, 48MB/64MB, paused 187us total 11.905ms
08-06 05:24:05.859   356   778 D OkHttp  : --> GET https://api-hillfair-2k16.herokuapp.com/api/app/events/special http/1.1
08-06 05:24:05.898   356   778 D OkHttp  : <-- 200 OK https://api-hillfair-2k16.herokuapp.com/api/app/events/special (38ms, 554-byte body)
08-06 05:24:05.949   356   356 I NAPPA_EXPERIMENTATION: MetricNetworkRequestExecutionTime: REQUEST_DURATION_SYSTEM='939',REQUEST_DURATION_OKHTTP='36',REQUEST_SYNCHRONOUS='FALSE',RESPONSE_CODE='200',RESPONSE_METHOD='GET',RESPONSE_LENGTH_OKHTTP='554',RESPONSE_LENGTH_HEADER='554',REQUEST_PROTOCOL='http/1.1',REQUEST_URL='https://api-hillfair-2k16.herokuapp.com/api/app/events/special',
08-06 05:24:06.011   356   369 I art     : Starting a blocking GC Explicit
08-06 05:24:06.030   356   369 I art     : Explicit concurrent mark sweep GC freed 5691(365KB) AllocSpace objects, 4(220KB) LOS objects, 24% free, 48MB/64MB, paused 429us total 19.006ms
08-06 05:24:06.037   356   369 I art     : Starting a blocking GC Explicit
08-06 05:24:06.052   356   369 I art     : Explicit concurrent mark sweep GC freed 1285(132KB) AllocSpace objects, 0(0B) LOS objects, 24% free, 48MB/64MB, paused 320us total 14.532ms
08-06 05:24:06.058   356   369 I art     : Starting a blocking GC Explicit
08-06 05:24:06.071   356   369 I art     : Explicit concurrent mark sweep GC freed 22(928B) AllocSpace objects, 0(0B) LOS objects, 24% free, 48MB/64MB, paused 274us total 12.552ms
08-06 05:24:06.077   356   369 I art     : Starting a blocking GC Explicit
08-06 05:24:06.088   356   369 I art     : Explicit concurrent mark sweep GC freed 3(96B) AllocSpace objects, 0(0B) LOS objects, 24% free, 48MB/64MB, paused 250us total 11.528ms
08-06 05:24:06.094   356   369 I art     : Starting a blocking GC Explicit
08-06 05:24:06.106   356   369 I art     : Explicit concurrent mark sweep GC freed 3(96B) AllocSpace objects, 0(0B) LOS objects, 24% free, 48MB/64MB, paused 266us total 12.289ms
08-06 05:24:06.382   356   368 I art     : Starting a blocking GC Explicit
08-06 05:24:06.403   356   368 I art     : Explicit concurrent mark sweep GC freed 1342(78KB) AllocSpace objects, 1(20KB) LOS objects, 24% free, 48MB/64MB, paused 329us total 20.808ms
08-06 05:24:06.414   356   368 I art     : Starting a blocking GC Explicit
08-06 05:24:06.432   356   368 I art     : Explicit concurrent mark sweep GC freed 20(704B) AllocSpace objects, 0(0B) LOS objects, 24% free, 48MB/64MB, paused 312us total 18.412ms
08-06 05:24:06.442   356   368 I art     : Starting a blocking GC Explicit
08-06 05:24:06.458   356   368 I art     : Explicit concurrent mark sweep GC freed 7131(282KB) AllocSpace objects, 0(0B) LOS objects, 24% free, 48MB/64MB, paused 487us total 15.291ms
08-06 05:24:06.465   356   368 I art     : Starting a blocking GC Explicit
08-06 05:24:06.478   356   368 I art     : Explicit concurrent mark sweep GC freed 431(15KB) AllocSpace objects, 0(0B) LOS objects, 24% free, 48MB/64MB, paused 270us total 13.197ms
08-06 05:24:06.484   356   368 I art     : Starting a blocking GC Explicit
08-06 05:24:06.497   356   368 I art     : Explicit concurrent mark sweep GC freed 37(1504B) AllocSpace objects, 0(0B) LOS objects, 24% free, 48MB/64MB, paused 288us total 12.708ms
08-06 05:24:06.651 32067 32067 I ServiceManager: Waiting for service AtCmdFwd...
08-06 05:24:06.738   356   547 I art     : Starting a blocking GC Explicit
08-06 05:24:06.753   356   547 I art     : Explicit concurrent mark sweep GC freed 2068(272KB) AllocSpace objects, 1(20KB) LOS objects, 23% free, 52MB/68MB, paused 221us total 14.969ms
08-06 05:24:06.759   356   547 I art     : Starting a blocking GC Explicit
08-06 05:24:06.773   356   547 I art     : Explicit concurrent mark sweep GC freed 111(3KB) AllocSpace objects, 0(0B) LOS objects, 23% free, 52MB/68MB, paused 212us total 13.920ms
08-06 05:24:06.780   356   547 I art     : Starting a blocking GC Explicit
08-06 05:24:06.794   356   547 I art     : Explicit concurrent mark sweep GC freed 3(96B) AllocSpace objects, 0(0B) LOS objects, 23% free, 52MB/68MB, paused 227us total 14.091ms
08-06 05:24:06.801   356   547 I art     : Starting a blocking GC Explicit
08-06 05:24:06.814   356   547 I art     : Explicit concurrent mark sweep GC freed 3(96B) AllocSpace objects, 0(0B) LOS objects, 23% free, 52MB/68MB, paused 213us total 13.660ms
08-06 05:24:06.821   356   547 I art     : Starting a blocking GC Explicit
08-06 05:24:06.834   356   547 I art     : Explicit concurrent mark sweep GC freed 3(96B) AllocSpace objects, 0(0B) LOS objects, 23% free, 52MB/68MB, paused 215us total 13.505ms
08-06 05:24:07.103   356   369 I art     : Starting a blocking GC Explicit
08-06 05:24:07.119   356   369 I art     : Explicit concurrent mark sweep GC freed 1340(78KB) AllocSpace objects, 1(20KB) LOS objects, 23% free, 52MB/68MB, paused 240us total 16.157ms
08-06 05:24:07.132   356   369 I art     : Starting a blocking GC Explicit
08-06 05:24:07.146   356   369 I art     : Explicit concurrent mark sweep GC freed 20(704B) AllocSpace objects, 0(0B) LOS objects, 23% free, 52MB/68MB, paused 219us total 13.884ms
08-06 05:24:07.153   356   369 I art     : Starting a blocking GC Explicit
08-06 05:24:07.167   356   369 I art     : Explicit concurrent mark sweep GC freed 3(96B) AllocSpace objects, 0(0B) LOS objects, 23% free, 52MB/68MB, paused 252us total 13.845ms
08-06 05:24:07.173   356   369 I art     : Starting a blocking GC Explicit
08-06 05:24:07.187   356   369 I art     : Explicit concurrent mark sweep GC freed 3(96B) AllocSpace objects, 0(0B) LOS objects, 23% free, 52MB/68MB, paused 238us total 13.640ms
08-06 05:24:07.193   356   369 I art     : Starting a blocking GC Explicit
08-06 05:24:07.207   356   369 I art     : Explicit concurrent mark sweep GC freed 3(96B) AllocSpace objects, 0(0B) LOS objects, 23% free, 52MB/68MB, paused 235us total 13.640ms
08-06 05:24:07.534   356   368 I art     : Starting a blocking GC Explicit
08-06 05:24:07.556   356   368 I art     : Explicit concurrent mark sweep GC freed 1340(78KB) AllocSpace objects, 1(20KB) LOS objects, 23% free, 52MB/68MB, paused 290us total 21.317ms
08-06 05:24:07.566   356   368 I art     : Starting a blocking GC Explicit
08-06 05:24:07.585   356   368 I art     : Explicit concurrent mark sweep GC freed 20(704B) AllocSpace objects, 0(0B) LOS objects, 23% free, 52MB/68MB, paused 279us total 18.680ms
08-06 05:24:07.592   356   368 I art     : Starting a blocking GC Explicit
08-06 05:24:07.607   356   368 I art     : Explicit concurrent mark sweep GC freed 3(96B) AllocSpace objects, 0(0B) LOS objects, 23% free, 52MB/68MB, paused 288us total 14.422ms
08-06 05:24:07.613   356   368 I art     : Starting a blocking GC Explicit
08-06 05:24:07.628   356   368 I art     : Explicit concurrent mark sweep GC freed 3(96B) AllocSpace objects, 0(0B) LOS objects, 23% free, 52MB/68MB, paused 361us total 14.364ms
08-06 05:24:07.634   356   368 I art     : Starting a blocking GC Explicit
08-06 05:24:07.648   356   368 I art     : Explicit concurrent mark sweep GC freed 3(96B) AllocSpace objects, 0(0B) LOS objects, 23% free, 52MB/68MB, paused 211us total 13.520ms
08-06 05:24:07.652 32067 32067 I ServiceManager: Waiting for service AtCmdFwd...
08-06 05:24:07.948   356   547 I art     : Starting a blocking GC Explicit
08-06 05:24:07.967   356   547 I art     : Explicit concurrent mark sweep GC freed 1340(78KB) AllocSpace objects, 1(20KB) LOS objects, 23% free, 52MB/68MB, paused 256us total 18.496ms
08-06 05:24:07.978   356   547 I art     : Starting a blocking GC Explicit
08-06 05:24:07.994   356   547 I art     : Explicit concurrent mark sweep GC freed 20(704B) AllocSpace objects, 0(0B) LOS objects, 23% free, 52MB/68MB, paused 217us total 15.984ms
08-06 05:24:08.001   356   547 I art     : Starting a blocking GC Explicit
08-06 05:24:08.015   356   547 I art     : Explicit concurrent mark sweep GC freed 3(96B) AllocSpace objects, 0(0B) LOS objects, 23% free, 52MB/68MB, paused 221us total 14.527ms
08-06 05:24:08.022   356   547 I art     : Starting a blocking GC Explicit
08-06 05:24:08.037   356   547 I art     : Explicit concurrent mark sweep GC freed 3(96B) AllocSpace objects, 0(0B) LOS objects, 23% free, 52MB/68MB, paused 218us total 14.222ms
08-06 05:24:08.043   356   547 I art     : Starting a blocking GC Explicit
08-06 05:24:08.057   356   547 I art     : Explicit concurrent mark sweep GC freed 3(96B) AllocSpace objects, 0(0B) LOS objects, 23% free, 52MB/68MB, paused 271us total 13.653ms
08-06 05:24:08.342   356   369 I art     : Starting a blocking GC Explicit
08-06 05:24:08.367   356   369 I art     : Explicit concurrent mark sweep GC freed 1340(78KB) AllocSpace objects, 1(20KB) LOS objects, 23% free, 52MB/68MB, paused 303us total 23.599ms
08-06 05:24:08.375   356   369 I art     : Starting a blocking GC Explicit
08-06 05:24:08.390   356   369 I art     : Explicit concurrent mark sweep GC freed 20(704B) AllocSpace objects, 0(0B) LOS objects, 23% free, 52MB/68MB, paused 221us total 14.332ms
08-06 05:24:08.397   356   369 I art     : Starting a blocking GC Explicit
08-06 05:24:08.411   356   369 I art     : Explicit concurrent mark sweep GC freed 3(96B) AllocSpace objects, 0(0B) LOS objects, 23% free, 52MB/68MB, paused 205us total 13.615ms
08-06 05:24:08.417   356   369 I art     : Starting a blocking GC Explicit
08-06 05:24:08.431   356   369 I art     : Explicit concurrent mark sweep GC freed 3(96B) AllocSpace objects, 0(0B) LOS objects, 23% free, 52MB/68MB, paused 206us total 13.760ms
08-06 05:24:08.437   356   369 I art     : Starting a blocking GC Explicit
08-06 05:24:08.451   356   369 I art     : Explicit concurrent mark sweep GC freed 3(96B) AllocSpace objects, 0(0B) LOS objects, 23% free, 52MB/68MB, paused 235us total 13.595ms
08-06 05:24:08.652 32067 32067 W Atfwd_Sendcmd: AtCmdFwd service not published, waiting... retryCnt : 2
08-06 05:24:08.754   356   368 I art     : Starting a blocking GC Explicit
08-06 05:24:08.774   356   368 I art     : Explicit concurrent mark sweep GC freed 1340(78KB) AllocSpace objects, 1(20KB) LOS objects, 23% free, 52MB/68MB, paused 249us total 19.685ms
08-06 05:24:08.783   356   368 I art     : Starting a blocking GC Explicit
08-06 05:24:08.798   356   368 I art     : Explicit concurrent mark sweep GC freed 20(704B) AllocSpace objects, 0(0B) LOS objects, 23% free, 52MB/68MB, paused 212us total 14.566ms
08-06 05:24:08.805   356   368 I art     : Starting a blocking GC Explicit
08-06 05:24:08.819   356   368 I art     : Explicit concurrent mark sweep GC freed 3(96B) AllocSpace objects, 0(0B) LOS objects, 23% free, 52MB/68MB, paused 251us total 14.137ms
08-06 05:24:08.825   356   368 I art     : Starting a blocking GC Explicit
08-06 05:24:08.840   356   368 I art     : Explicit concurrent mark sweep GC freed 3(96B) AllocSpace objects, 0(0B) LOS objects, 23% free, 52MB/68MB, paused 215us total 14.343ms
08-06 05:24:08.847   356   368 I art     : Starting a blocking GC Explicit
08-06 05:24:08.861   356   368 I art     : Explicit concurrent mark sweep GC freed 3(96B) AllocSpace objects, 0(0B) LOS objects, 23% free, 52MB/68MB, paused 199us total 14.102ms
08-06 05:24:09.172   356   547 I art     : Starting a blocking GC Explicit
08-06 05:24:09.196   356   547 I art     : Explicit concurrent mark sweep GC freed 1340(78KB) AllocSpace objects, 1(20KB) LOS objects, 23% free, 52MB/68MB, paused 259us total 23.285ms
08-06 05:24:09.206   356   547 I art     : Starting a blocking GC Explicit
08-06 05:24:09.224   356   547 I art     : Explicit concurrent mark sweep GC freed 20(704B) AllocSpace objects, 0(0B) LOS objects, 23% free, 52MB/68MB, paused 219us total 17.100ms
08-06 05:24:09.230   356   547 I art     : Starting a blocking GC Explicit
08-06 05:24:09.245   356   547 I art     : Explicit concurrent mark sweep GC freed 3(96B) AllocSpace objects, 0(0B) LOS objects, 23% free, 52MB/68MB, paused 220us total 14.462ms
08-06 05:24:09.252   356   547 I art     : Starting a blocking GC Explicit
08-06 05:24:09.266   356   547 I art     : Explicit concurrent mark sweep GC freed 3(96B) AllocSpace objects, 0(0B) LOS objects, 23% free, 52MB/68MB, paused 200us total 14.300ms
08-06 05:24:09.273   356   547 I art     : Starting a blocking GC Explicit
08-06 05:24:09.287   356   547 I art     : Explicit concurrent mark sweep GC freed 3(96B) AllocSpace objects, 0(0B) LOS objects, 23% free, 52MB/68MB, paused 212us total 13.751ms
08-06 05:24:09.596   356   369 I art     : Starting a blocking GC Explicit
08-06 05:24:09.621   356   369 I art     : Explicit concurrent mark sweep GC freed 1340(78KB) AllocSpace objects, 1(20KB) LOS objects, 23% free, 52MB/68MB, paused 301us total 24.936ms
08-06 05:24:09.633   356   369 I art     : Starting a blocking GC Explicit
08-06 05:24:09.651   356   369 I art     : Explicit concurrent mark sweep GC freed 20(704B) AllocSpace objects, 0(0B) LOS objects, 23% free, 52MB/68MB, paused 250us total 17.706ms
08-06 05:24:09.660   356   369 I art     : Starting a blocking GC Explicit
08-06 05:24:09.674   356   369 I art     : Explicit concurrent mark sweep GC freed 3(96B) AllocSpace objects, 0(0B) LOS objects, 23% free, 52MB/68MB, paused 214us total 14.532ms
08-06 05:24:09.681   356   369 I art     : Starting a blocking GC Explicit
08-06 05:24:09.695   356   369 I art     : Explicit concurrent mark sweep GC freed 3(96B) AllocSpace objects, 0(0B) LOS objects, 23% free, 52MB/68MB, paused 214us total 14.116ms
08-06 05:24:09.703   356   369 I art     : Starting a blocking GC Explicit
08-06 05:24:09.716   356   369 I art     : Explicit concurrent mark sweep GC freed 3(96B) AllocSpace objects, 0(0B) LOS objects, 23% free, 52MB/68MB, paused 212us total 13.580ms
08-06 05:24:10.043   356   368 I art     : Starting a blocking GC Explicit
08-06 05:24:10.067   356   368 I art     : Explicit concurrent mark sweep GC freed 1340(78KB) AllocSpace objects, 1(20KB) LOS objects, 23% free, 52MB/68MB, paused 285us total 23.357ms
08-06 05:24:10.078   356   368 I art     : Starting a blocking GC Explicit
08-06 05:24:10.093   356   368 I art     : Explicit concurrent mark sweep GC freed 20(704B) AllocSpace objects, 0(0B) LOS objects, 23% free, 52MB/68MB, paused 218us total 14.632ms
08-06 05:24:10.100   356   368 I art     : Starting a blocking GC Explicit
08-06 05:24:10.114   356   368 I art     : Explicit concurrent mark sweep GC freed 3(96B) AllocSpace objects, 0(0B) LOS objects, 23% free, 52MB/68MB, paused 201us total 14.321ms
08-06 05:24:10.121   356   368 I art     : Starting a blocking GC Explicit
08-06 05:24:10.135   356   368 I art     : Explicit concurrent mark sweep GC freed 3(96B) AllocSpace objects, 0(0B) LOS objects, 23% free, 52MB/68MB, paused 211us total 13.572ms
08-06 05:24:10.142   356   368 I art     : Starting a blocking GC Explicit
08-06 05:24:10.155   356   368 I art     : Explicit concurrent mark sweep GC freed 3(96B) AllocSpace objects, 0(0B) LOS objects, 23% free, 52MB/68MB, paused 203us total 13.657ms
08-06 05:24:10.459   356   547 I art     : Starting a blocking GC Explicit
08-06 05:24:10.478   356   547 I art     : Explicit concurrent mark sweep GC freed 1340(78KB) AllocSpace objects, 1(20KB) LOS objects, 23% free, 52MB/68MB, paused 253us total 18.677ms
08-06 05:24:10.489   356   547 I art     : Starting a blocking GC Explicit
08-06 05:24:10.503   356   547 I art     : Explicit concurrent mark sweep GC freed 20(704B) AllocSpace objects, 0(0B) LOS objects, 23% free, 52MB/68MB, paused 217us total 14.237ms
08-06 05:24:10.510   356   547 I art     : Starting a blocking GC Explicit
08-06 05:24:10.524   356   547 I art     : Explicit concurrent mark sweep GC freed 3(96B) AllocSpace objects, 0(0B) LOS objects, 23% free, 52MB/68MB, paused 235us total 14.219ms
08-06 05:24:10.531   356   547 I art     : Starting a blocking GC Explicit
08-06 05:24:10.545   356   547 I art     : Explicit concurrent mark sweep GC freed 3(96B) AllocSpace objects, 0(0B) LOS objects, 23% free, 52MB/68MB, paused 210us total 13.833ms
08-06 05:24:10.552   356   547 I art     : Starting a blocking GC Explicit
08-06 05:24:10.566   356   547 I art     : Explicit concurrent mark sweep GC freed 3(96B) AllocSpace objects, 0(0B) LOS objects, 23% free, 52MB/68MB, paused 217us total 13.669ms
08-06 05:24:10.873   356   369 I art     : Starting a blocking GC Explicit
08-06 05:24:10.893   356   369 I art     : Explicit concurrent mark sweep GC freed 1340(78KB) AllocSpace objects, 1(20KB) LOS objects, 23% free, 52MB/68MB, paused 247us total 19.582ms
08-06 05:24:10.901   356   369 I art     : Starting a blocking GC Explicit
08-06 05:24:10.915   356   369 I art     : Explicit concurrent mark sweep GC freed 20(704B) AllocSpace objects, 0(0B) LOS objects, 23% free, 52MB/68MB, paused 208us total 14.350ms
08-06 05:24:10.922   356   369 I art     : Starting a blocking GC Explicit
08-06 05:24:10.937   356   369 I art     : Explicit concurrent mark sweep GC freed 3(96B) AllocSpace objects, 0(0B) LOS objects, 23% free, 52MB/68MB, paused 262us total 14.207ms
08-06 05:24:10.943   356   369 I art     : Starting a blocking GC Explicit
08-06 05:24:10.957   356   369 I art     : Explicit concurrent mark sweep GC freed 3(96B) AllocSpace objects, 0(0B) LOS objects, 23% free, 52MB/68MB, paused 274us total 13.586ms
08-06 05:24:10.963   356   369 I art     : Starting a blocking GC Explicit
08-06 05:24:10.977   356   369 I art     : Explicit concurrent mark sweep GC freed 3(96B) AllocSpace objects, 0(0B) LOS objects, 23% free, 52MB/68MB, paused 208us total 13.955ms
08-06 05:24:11.291   356   368 I art     : Starting a blocking GC Explicit
08-06 05:24:11.308   356   368 I art     : Explicit concurrent mark sweep GC freed 1340(78KB) AllocSpace objects, 1(20KB) LOS objects, 23% free, 52MB/68MB, paused 232us total 16.187ms
08-06 05:24:11.315   356   368 I art     : Starting a blocking GC Explicit
08-06 05:24:11.329   356   368 I art     : Explicit concurrent mark sweep GC freed 20(704B) AllocSpace objects, 0(0B) LOS objects, 23% free, 52MB/68MB, paused 234us total 14.495ms
08-06 05:24:11.336   356   368 I art     : Starting a blocking GC Explicit
08-06 05:24:11.351   356   368 I art     : Explicit concurrent mark sweep GC freed 3(96B) AllocSpace objects, 0(0B) LOS objects, 23% free, 52MB/68MB, paused 215us total 14.410ms
08-06 05:24:11.357   356   368 I art     : Starting a blocking GC Explicit
08-06 05:24:11.372   356   368 I art     : Explicit concurrent mark sweep GC freed 3(96B) AllocSpace objects, 0(0B) LOS objects, 23% free, 52MB/68MB, paused 242us total 14.005ms
08-06 05:24:11.378   356   368 I art     : Starting a blocking GC Explicit
08-06 05:24:11.392   356   368 I art     : Explicit concurrent mark sweep GC freed 3(96B) AllocSpace objects, 0(0B) LOS objects, 23% free, 52MB/68MB, paused 198us total 13.987ms
08-06 05:24:11.723   356   547 I art     : Starting a blocking GC Explicit
08-06 05:24:11.745   356   547 I art     : Explicit concurrent mark sweep GC freed 1340(78KB) AllocSpace objects, 1(20KB) LOS objects, 23% free, 52MB/68MB, paused 279us total 21.133ms
08-06 05:24:11.755   356   547 I art     : Starting a blocking GC Explicit
08-06 05:24:11.773   356   547 I art     : Explicit concurrent mark sweep GC freed 20(704B) AllocSpace objects, 0(0B) LOS objects, 23% free, 52MB/68MB, paused 230us total 17.765ms
08-06 05:24:11.780   356   547 I art     : Starting a blocking GC Explicit
08-06 05:24:11.795   356   547 I art     : Explicit concurrent mark sweep GC freed 3(96B) AllocSpace objects, 0(0B) LOS objects, 23% free, 52MB/68MB, paused 253us total 14.226ms
08-06 05:24:11.801   356   547 I art     : Starting a blocking GC Explicit
08-06 05:24:11.816   356   547 I art     : Explicit concurrent mark sweep GC freed 3(96B) AllocSpace objects, 0(0B) LOS objects, 23% free, 52MB/68MB, paused 210us total 14.113ms
08-06 05:24:11.822   356   547 I art     : Starting a blocking GC Explicit
08-06 05:24:11.836   356   547 I art     : Explicit concurrent mark sweep GC freed 3(96B) AllocSpace objects, 0(0B) LOS objects, 23% free, 52MB/68MB, paused 201us total 13.639ms
08-06 05:24:12.150   356   369 I art     : Starting a blocking GC Explicit
08-06 05:24:12.172   356   369 I art     : Explicit concurrent mark sweep GC freed 1340(78KB) AllocSpace objects, 1(20KB) LOS objects, 23% free, 52MB/68MB, paused 316us total 21.191ms
08-06 05:24:12.183   356   369 I art     : Starting a blocking GC Explicit
08-06 05:24:12.197   356   369 I art     : Explicit concurrent mark sweep GC freed 20(704B) AllocSpace objects, 0(0B) LOS objects, 23% free, 52MB/68MB, paused 236us total 13.975ms
08-06 05:24:12.203   356   369 I art     : Starting a blocking GC Explicit
08-06 05:24:12.217   356   369 I art     : Explicit concurrent mark sweep GC freed 3(96B) AllocSpace objects, 0(0B) LOS objects, 23% free, 52MB/68MB, paused 270us total 13.473ms
08-06 05:24:12.223   356   369 I art     : Starting a blocking GC Explicit
08-06 05:24:12.237   356   369 I art     : Explicit concurrent mark sweep GC freed 3(96B) AllocSpace objects, 0(0B) LOS objects, 23% free, 52MB/68MB, paused 214us total 14.185ms
08-06 05:24:12.244   356   369 I art     : Starting a blocking GC Explicit
08-06 05:24:12.258   356   369 I art     : Explicit concurrent mark sweep GC freed 3(96B) AllocSpace objects, 0(0B) LOS objects, 23% free, 52MB/68MB, paused 241us total 13.893ms
08-06 05:24:12.576   356   368 I art     : Starting a blocking GC Explicit
08-06 05:24:12.601   356   368 I art     : Explicit concurrent mark sweep GC freed 1340(78KB) AllocSpace objects, 1(20KB) LOS objects, 23% free, 52MB/68MB, paused 275us total 24.462ms
08-06 05:24:12.613   356   368 I art     : Starting a blocking GC Explicit
08-06 05:24:12.630   356   368 I art     : Explicit concurrent mark sweep GC freed 20(704B) AllocSpace objects, 0(0B) LOS objects, 23% free, 52MB/68MB, paused 215us total 17.275ms
08-06 05:24:12.637   356   368 I art     : Starting a blocking GC Explicit
08-06 05:24:12.651   356   368 I art     : Explicit concurrent mark sweep GC freed 3(96B) AllocSpace objects, 0(0B) LOS objects, 23% free, 52MB/68MB, paused 203us total 14.013ms
08-06 05:24:12.657   356   368 I art     : Starting a blocking GC Explicit
08-06 05:24:12.672   356   368 I art     : Explicit concurrent mark sweep GC freed 3(96B) AllocSpace objects, 0(0B) LOS objects, 23% free, 52MB/68MB, paused 199us total 14.015ms
08-06 05:24:12.679   356   368 I art     : Starting a blocking GC Explicit
08-06 05:24:12.693   356   368 I art     : Explicit concurrent mark sweep GC freed 3(96B) AllocSpace objects, 0(0B) LOS objects, 23% free, 52MB/68MB, paused 209us total 13.642ms
08-06 05:24:12.981   356   547 I art     : Starting a blocking GC Explicit
08-06 05:24:13.001   356   547 I art     : Explicit concurrent mark sweep GC freed 1340(78KB) AllocSpace objects, 1(20KB) LOS objects, 23% free, 52MB/68MB, paused 315us total 19.284ms
08-06 05:24:13.011   356   547 I art     : Starting a blocking GC Explicit
08-06 05:24:13.026   356   547 I art     : Explicit concurrent mark sweep GC freed 20(704B) AllocSpace objects, 0(0B) LOS objects, 23% free, 52MB/68MB, paused 219us total 14.231ms
08-06 05:24:13.032   356   547 I art     : Starting a blocking GC Explicit
08-06 05:24:13.047   356   547 I art     : Explicit concurrent mark sweep GC freed 3(96B) AllocSpace objects, 0(0B) LOS objects, 23% free, 52MB/68MB, paused 227us total 14.390ms
08-06 05:24:13.054   356   547 I art     : Starting a blocking GC Explicit
08-06 05:24:13.068   356   547 I art     : Explicit concurrent mark sweep GC freed 3(96B) AllocSpace objects, 0(0B) LOS objects, 23% free, 52MB/68MB, paused 222us total 14.021ms
08-06 05:24:13.074   356   547 I art     : Starting a blocking GC Explicit
08-06 05:24:13.089   356   547 I art     : Explicit concurrent mark sweep GC freed 3(96B) AllocSpace objects, 0(0B) LOS objects, 23% free, 52MB/68MB, paused 217us total 14.204ms
08-06 05:24:13.334   356   369 I art     : Starting a blocking GC Explicit
08-06 05:24:13.349   356   369 I art     : Explicit concurrent mark sweep GC freed 1340(78KB) AllocSpace objects, 1(20KB) LOS objects, 23% free, 52MB/68MB, paused 241us total 14.340ms
08-06 05:24:13.356   356   369 I art     : Starting a blocking GC Explicit
08-06 05:24:13.369   356   369 I art     : Explicit concurrent mark sweep GC freed 20(704B) AllocSpace objects, 0(0B) LOS objects, 23% free, 52MB/68MB, paused 211us total 13.662ms
08-06 05:24:13.376   356   369 I art     : Starting a blocking GC Explicit
08-06 05:24:13.389   356   369 I art     : Explicit concurrent mark sweep GC freed 3(96B) AllocSpace objects, 0(0B) LOS objects, 23% free, 52MB/68MB, paused 225us total 13.261ms
08-06 05:24:13.395   356   369 I art     : Starting a blocking GC Explicit
08-06 05:24:13.409   356   369 I art     : Explicit concurrent mark sweep GC freed 3(96B) AllocSpace objects, 0(0B) LOS objects, 23% free, 52MB/68MB, paused 214us total 13.550ms
08-06 05:24:13.415   356   369 I art     : Starting a blocking GC Explicit
08-06 05:24:13.428   356   369 I art     : Explicit concurrent mark sweep GC freed 3(96B) AllocSpace objects, 0(0B) LOS objects, 23% free, 52MB/68MB, paused 213us total 12.923ms
08-06 05:24:13.553  1039  1039 D AndroidRuntime: >>>>>> START com.android.internal.os.RuntimeInit uid 2000 <<<<<<
08-06 05:24:13.562  1039  1039 D AndroidRuntime: CheckJNI is OFF
08-06 05:24:13.592  1039  1039 D ICU     : No timezone override file found: /data/misc/zoneinfo/current/icu/icu_tzdata.dat
08-06 05:24:13.618  1039  1039 I Radio-JNI: register_android_hardware_Radio DONE
08-06 05:24:13.634  1039  1039 D AndroidRuntime: Calling main entry com.android.commands.input.Input
08-06 05:24:13.635  1039  1039 I Input   : injectMotionEvent: MotionEvent { action=ACTION_DOWN, actionButton=0, id[0]=0, x[0]=733.0, y[0]=645.0, toolType[0]=TOOL_TYPE_UNKNOWN, buttonState=0, metaState=0, flags=0x0, edgeFlags=0x0, pointerCount=1, historySize=0, eventTime=854670048, downTime=854670048, deviceId=0, source=0x1002 }
08-06 05:24:13.640  1039  1039 I Input   : injectMotionEvent: MotionEvent { action=ACTION_UP, actionButton=0, id[0]=0, x[0]=733.0, y[0]=645.0, toolType[0]=TOOL_TYPE_UNKNOWN, buttonState=0, metaState=0, flags=0x0, edgeFlags=0x0, pointerCount=1, historySize=0, eventTime=854670048, downTime=854670048, deviceId=0, source=0x1002 }
08-06 05:24:13.643   918  3359 I ActivityManager: START u0 {cmp=baseline.appteam.nith.hillffair/.activities.ClubActivity (has extras)} from uid 10697 on display 0
08-06 05:24:13.649  1039  1039 D AndroidRuntime: Shutting down VM
08-06 05:24:13.709   356   368 I art     : Starting a blocking GC Explicit
08-06 05:24:13.723   356   368 I art     : Explicit concurrent mark sweep GC freed 5083(321KB) AllocSpace objects, 1(20KB) LOS objects, 23% free, 52MB/68MB, paused 237us total 13.800ms
08-06 05:24:13.730   356   368 I art     : Starting a blocking GC Explicit
08-06 05:24:13.744 13866 13866 I GoogleInputMethodServic: GoogleInputMethodService.onFinishInput():3138 
08-06 05:24:13.744 13866 13866 I GoogleInputMethodServic: GoogleInputMethodService.onStartInput():1808 
08-06 05:24:13.744   918   936 I ActivityManager: Displayed baseline.appteam.nith.hillffair/.activities.ClubActivity: +96ms
08-06 05:24:13.745   356   368 I art     : Explicit concurrent mark sweep GC freed 369(15KB) AllocSpace objects, 0(0B) LOS objects, 23% free, 52MB/68MB, paused 500us total 15.488ms
08-06 05:24:13.752   356   368 I art     : Starting a blocking GC Explicit
08-06 05:24:13.768   356   368 I art     : Explicit concurrent mark sweep GC freed 25(1056B) AllocSpace objects, 0(0B) LOS objects, 23% free, 52MB/68MB, paused 247us total 15.886ms
08-06 05:24:13.775   356   368 I art     : Starting a blocking GC Explicit
08-06 05:24:13.789   356   368 I art     : Explicit concurrent mark sweep GC freed 9(304B) AllocSpace objects, 0(0B) LOS objects, 23% free, 52MB/68MB, paused 248us total 13.229ms
08-06 05:24:13.794   356   368 I art     : Starting a blocking GC Explicit
08-06 05:24:13.808   356   368 I art     : Explicit concurrent mark sweep GC freed 3(96B) AllocSpace objects, 0(0B) LOS objects, 23% free, 52MB/68MB, paused 277us total 13.202ms
08-06 05:24:13.988   380   380 W SurfaceFlinger: couldn't log to binary event log: overflow.
08-06 05:24:14.020   356  1074 I art     : Starting a blocking GC Explicit
08-06 05:24:14.033   356  1074 I art     : Explicit concurrent mark sweep GC freed 1343(78KB) AllocSpace objects, 1(20KB) LOS objects, 23% free, 52MB/68MB, paused 228us total 13.208ms
08-06 05:24:14.039   356  1074 I art     : Starting a blocking GC Explicit
08-06 05:24:14.052   356  1074 I art     : Explicit concurrent mark sweep GC freed 20(704B) AllocSpace objects, 0(0B) LOS objects, 23% free, 52MB/68MB, paused 247us total 12.677ms
08-06 05:24:14.058   356  1074 I art     : Starting a blocking GC Explicit
08-06 05:24:14.072   356  1074 I art     : Explicit concurrent mark sweep GC freed 3(96B) AllocSpace objects, 0(0B) LOS objects, 23% free, 52MB/68MB, paused 227us total 13.163ms
08-06 05:24:14.078   356  1074 I art     : Starting a blocking GC Explicit
08-06 05:24:14.091   356  1074 I art     : Explicit concurrent mark sweep GC freed 3(96B) AllocSpace objects, 0(0B) LOS objects, 23% free, 52MB/68MB, paused 229us total 13.388ms
08-06 05:24:14.098   356  1074 I art     : Starting a blocking GC Explicit
08-06 05:24:14.112   356  1074 I art     : Explicit concurrent mark sweep GC freed 94(5KB) AllocSpace objects, 0(0B) LOS objects, 23% free, 52MB/68MB, paused 275us total 13.721ms
08-06 05:24:14.402   356   547 I art     : Starting a blocking GC Explicit
08-06 05:24:14.421   356   547 I art     : Explicit concurrent mark sweep GC freed 1421(82KB) AllocSpace objects, 1(20KB) LOS objects, 23% free, 52MB/68MB, paused 312us total 18.618ms
08-06 05:24:14.429   356   547 I art     : Starting a blocking GC Explicit
08-06 05:24:14.445   356   547 I art     : Explicit concurrent mark sweep GC freed 1062(72KB) AllocSpace objects, 1(80KB) LOS objects, 23% free, 53MB/69MB, paused 369us total 15.341ms
08-06 05:24:14.451   356   547 I art     : Starting a blocking GC Explicit
08-06 05:24:14.459   356  1073 D OkHttp  : --> GET https://api-hillfair-2k16.herokuapp.com/api/app/events/special/event?id=5806551bdcba0f490c70fd1f http/1.1
08-06 05:24:14.466   356   547 I art     : Explicit concurrent mark sweep GC freed 2295(151KB) AllocSpace objects, 2(120KB) LOS objects, 23% free, 53MB/69MB, paused 271us total 14.344ms
08-06 05:24:14.472   356   547 I art     : Starting a blocking GC Explicit
08-06 05:24:14.486   356   547 I art     : Explicit concurrent mark sweep GC freed 245(28KB) AllocSpace objects, 0(0B) LOS objects, 23% free, 53MB/69MB, paused 263us total 13.515ms
08-06 05:24:14.491   356   547 I art     : Starting a blocking GC Explicit
08-06 05:24:14.493   356  1073 D OkHttp  : <-- 200 OK https://api-hillfair-2k16.herokuapp.com/api/app/events/special/event?id=5806551bdcba0f490c70fd1f (33ms, 795-byte body)
08-06 05:24:14.505   356   547 I art     : Explicit concurrent mark sweep GC freed 173(35KB) AllocSpace objects, 0(0B) LOS objects, 23% free, 53MB/69MB, paused 228us total 13.370ms
08-06 05:24:14.540   356   356 I NAPPA_EXPERIMENTATION: MetricNetworkRequestExecutionTime: REQUEST_DURATION_SYSTEM='855',REQUEST_DURATION_OKHTTP='34',REQUEST_SYNCHRONOUS='FALSE',RESPONSE_CODE='200',RESPONSE_METHOD='GET',RESPONSE_LENGTH_OKHTTP='795',RESPONSE_LENGTH_HEADER='795',REQUEST_PROTOCOL='http/1.1',REQUEST_URL='https://api-hillfair-2k16.herokuapp.com/api/app/events/special/event?id=5806551bdcba0f490c70fd1f',
08-06 05:24:14.778   356   368 I art     : Starting a blocking GC Explicit
08-06 05:24:14.796   356   368 I art     : Explicit concurrent mark sweep GC freed 2041(170KB) AllocSpace objects, 1(20KB) LOS objects, 23% free, 53MB/69MB, paused 284us total 18.417ms
08-06 05:24:14.803   356   368 I art     : Starting a blocking GC Explicit
08-06 05:24:14.819   356   368 I art     : Explicit concurrent mark sweep GC freed 72(2400B) AllocSpace objects, 0(0B) LOS objects, 23% free, 53MB/69MB, paused 233us total 15.986ms
08-06 05:24:14.827   356   368 I art     : Starting a blocking GC Explicit
08-06 05:24:14.840   356   368 I art     : Explicit concurrent mark sweep GC freed 3(96B) AllocSpace objects, 0(0B) LOS objects, 23% free, 53MB/69MB, paused 219us total 13.320ms
08-06 05:24:14.846   356   368 I art     : Starting a blocking GC Explicit
08-06 05:24:14.859   356   368 I art     : Explicit concurrent mark sweep GC freed 3(96B) AllocSpace objects, 0(0B) LOS objects, 23% free, 53MB/69MB, paused 199us total 12.756ms
08-06 05:24:14.865   356   368 I art     : Starting a blocking GC Explicit
08-06 05:24:14.878   356   368 I art     : Explicit concurrent mark sweep GC freed 3(96B) AllocSpace objects, 0(0B) LOS objects, 23% free, 53MB/69MB, paused 218us total 12.874ms
08-06 05:24:15.144   356   368 I art     : Starting a blocking GC Explicit
08-06 05:24:15.166   356   368 I art     : Explicit concurrent mark sweep GC freed 1342(78KB) AllocSpace objects, 1(20KB) LOS objects, 23% free, 53MB/69MB, paused 277us total 21.076ms
08-06 05:24:15.175   356   368 I art     : Starting a blocking GC Explicit
08-06 05:24:15.190   356   368 I art     : Explicit concurrent mark sweep GC freed 36(1264B) AllocSpace objects, 0(0B) LOS objects, 23% free, 53MB/69MB, paused 234us total 15.357ms
08-06 05:24:15.197   356   368 I art     : Starting a blocking GC Explicit
08-06 05:24:15.212   356   368 I art     : Explicit concurrent mark sweep GC freed 3(96B) AllocSpace objects, 0(0B) LOS objects, 23% free, 53MB/69MB, paused 274us total 14.738ms
08-06 05:24:15.219   356   368 I art     : Starting a blocking GC Explicit
08-06 05:24:15.233   356   368 I art     : Explicit concurrent mark sweep GC freed 3(96B) AllocSpace objects, 0(0B) LOS objects, 23% free, 53MB/69MB, paused 241us total 14.398ms
08-06 05:24:15.240   356   368 I art     : Starting a blocking GC Explicit
08-06 05:24:15.254   356   368 I art     : Explicit concurrent mark sweep GC freed 3(96B) AllocSpace objects, 0(0B) LOS objects, 23% free, 53MB/69MB, paused 228us total 14.473ms
08-06 05:24:15.565   356   369 I art     : Starting a blocking GC Explicit
08-06 05:24:15.589   356   369 I art     : Explicit concurrent mark sweep GC freed 1341(78KB) AllocSpace objects, 1(20KB) LOS objects, 23% free, 53MB/69MB, paused 286us total 24.115ms
08-06 05:24:15.600   356   369 I art     : Starting a blocking GC Explicit
08-06 05:24:15.615   356   369 I art     : Explicit concurrent mark sweep GC freed 20(704B) AllocSpace objects, 0(0B) LOS objects, 23% free, 53MB/69MB, paused 237us total 15.114ms
08-06 05:24:15.622   356   369 I art     : Starting a blocking GC Explicit
08-06 05:24:15.637   356   369 I art     : Explicit concurrent mark sweep GC freed 3(96B) AllocSpace objects, 0(0B) LOS objects, 23% free, 53MB/69MB, paused 257us total 14.997ms
08-06 05:24:15.644   356   369 I art     : Starting a blocking GC Explicit
08-06 05:24:15.659   356   369 I art     : Explicit concurrent mark sweep GC freed 3(96B) AllocSpace objects, 0(0B) LOS objects, 23% free, 53MB/69MB, paused 229us total 14.916ms
08-06 05:24:15.666   356   369 I art     : Starting a blocking GC Explicit
08-06 05:24:15.681   356   369 I art     : Explicit concurrent mark sweep GC freed 3(96B) AllocSpace objects, 0(0B) LOS objects, 23% free, 53MB/69MB, paused 232us total 15.056ms
08-06 05:24:15.931   918  3261 D WifiStateMachine: starting scan for "H369AA63323"WPA_PSK with 2412,5180
08-06 05:24:16.006   356   547 I art     : Starting a blocking GC Explicit
08-06 05:24:16.028   356   547 I art     : Explicit concurrent mark sweep GC freed 1341(78KB) AllocSpace objects, 1(20KB) LOS objects, 23% free, 53MB/69MB, paused 316us total 21.756ms
08-06 05:24:16.039   356   547 I art     : Starting a blocking GC Explicit
08-06 05:24:16.053   356   547 I art     : Explicit concurrent mark sweep GC freed 20(704B) AllocSpace objects, 0(0B) LOS objects, 23% free, 53MB/69MB, paused 222us total 14.411ms
08-06 05:24:16.060   356   547 I art     : Starting a blocking GC Explicit
08-06 05:24:16.075   356   547 I art     : Explicit concurrent mark sweep GC freed 3(96B) AllocSpace objects, 0(0B) LOS objects, 23% free, 53MB/69MB, paused 224us total 14.468ms
08-06 05:24:16.081   356   547 I art     : Starting a blocking GC Explicit
08-06 05:24:16.096   356   547 I art     : Explicit concurrent mark sweep GC freed 3(96B) AllocSpace objects, 0(0B) LOS objects, 23% free, 53MB/69MB, paused 239us total 14.946ms
08-06 05:24:16.103   356   547 I art     : Starting a blocking GC Explicit
08-06 05:24:16.118   356   547 I art     : Explicit concurrent mark sweep GC freed 3(96B) AllocSpace objects, 0(0B) LOS objects, 23% free, 53MB/69MB, paused 232us total 15.106ms
08-06 05:24:16.433   356  1074 I art     : Starting a blocking GC Explicit
08-06 05:24:16.455   356  1074 I art     : Explicit concurrent mark sweep GC freed 1341(78KB) AllocSpace objects, 1(20KB) LOS objects, 23% free, 53MB/69MB, paused 275us total 21.036ms
08-06 05:24:16.464   356  1074 I art     : Starting a blocking GC Explicit
08-06 05:24:16.480   356  1074 I art     : Explicit concurrent mark sweep GC freed 20(704B) AllocSpace objects, 0(0B) LOS objects, 23% free, 53MB/69MB, paused 243us total 15.386ms
08-06 05:24:16.487   356  1074 I art     : Starting a blocking GC Explicit
08-06 05:24:16.502   356  1074 I art     : Explicit concurrent mark sweep GC freed 3(96B) AllocSpace objects, 0(0B) LOS objects, 23% free, 53MB/69MB, paused 227us total 14.580ms
08-06 05:24:16.508   356  1074 I art     : Starting a blocking GC Explicit
08-06 05:24:16.523   356  1074 I art     : Explicit concurrent mark sweep GC freed 3(96B) AllocSpace objects, 0(0B) LOS objects, 23% free, 53MB/69MB, paused 225us total 14.592ms
08-06 05:24:16.530   356  1074 I art     : Starting a blocking GC Explicit
08-06 05:24:16.544   356  1074 I art     : Explicit concurrent mark sweep GC freed 3(96B) AllocSpace objects, 0(0B) LOS objects, 23% free, 53MB/69MB, paused 225us total 14.523ms
08-06 05:24:16.842   356   368 I art     : Starting a blocking GC Explicit
08-06 05:24:16.867   356   368 I art     : Explicit concurrent mark sweep GC freed 1341(78KB) AllocSpace objects, 1(20KB) LOS objects, 23% free, 53MB/69MB, paused 295us total 24.822ms
08-06 05:24:16.878   356   368 I art     : Starting a blocking GC Explicit
08-06 05:24:16.894   356   368 I art     : Explicit concurrent mark sweep GC freed 20(704B) AllocSpace objects, 0(0B) LOS objects, 23% free, 53MB/69MB, paused 277us total 15.163ms
08-06 05:24:16.901   356   368 I art     : Starting a blocking GC Explicit
08-06 05:24:16.915   356   368 I art     : Explicit concurrent mark sweep GC freed 3(96B) AllocSpace objects, 0(0B) LOS objects, 23% free, 53MB/69MB, paused 220us total 14.583ms
08-06 05:24:16.922   356   368 I art     : Starting a blocking GC Explicit
08-06 05:24:16.937   356   368 I art     : Explicit concurrent mark sweep GC freed 3(96B) AllocSpace objects, 0(0B) LOS objects, 23% free, 53MB/69MB, paused 282us total 14.497ms
08-06 05:24:16.943   356   368 I art     : Starting a blocking GC Explicit
08-06 05:24:16.958   356   368 I art     : Explicit concurrent mark sweep GC freed 3(96B) AllocSpace objects, 0(0B) LOS objects, 23% free, 53MB/69MB, paused 222us total 14.720ms
08-06 05:24:17.276   356   369 I art     : Starting a blocking GC Explicit
08-06 05:24:17.299   356   369 I art     : Explicit concurrent mark sweep GC freed 1341(78KB) AllocSpace objects, 1(20KB) LOS objects, 23% free, 53MB/69MB, paused 286us total 21.820ms
08-06 05:24:17.309   356   369 I art     : Starting a blocking GC Explicit
08-06 05:24:17.328   356   369 I art     : Explicit concurrent mark sweep GC freed 20(704B) AllocSpace objects, 0(0B) LOS objects, 23% free, 53MB/69MB, paused 256us total 18.642ms
08-06 05:24:17.335   356   369 I art     : Starting a blocking GC Explicit
08-06 05:24:17.351   356   369 I art     : Explicit concurrent mark sweep GC freed 3(96B) AllocSpace objects, 0(0B) LOS objects, 23% free, 53MB/69MB, paused 283us total 15.281ms
08-06 05:24:17.358   356   369 I art     : Starting a blocking GC Explicit
08-06 05:24:17.373   356   369 I art     : Explicit concurrent mark sweep GC freed 3(96B) AllocSpace objects, 0(0B) LOS objects, 23% free, 53MB/69MB, paused 227us total 14.838ms
08-06 05:24:17.379   356   369 I art     : Starting a blocking GC Explicit
08-06 05:24:17.395   356   369 I art     : Explicit concurrent mark sweep GC freed 3(96B) AllocSpace objects, 0(0B) LOS objects, 23% free, 53MB/69MB, paused 258us total 15.108ms
08-06 05:24:17.715   356   547 I art     : Starting a blocking GC Explicit
08-06 05:24:17.737   356   547 I art     : Explicit concurrent mark sweep GC freed 1341(78KB) AllocSpace objects, 1(20KB) LOS objects, 23% free, 53MB/69MB, paused 399us total 21.662ms
08-06 05:24:17.748   356   547 I art     : Starting a blocking GC Explicit
08-06 05:24:17.767   356   547 I art     : Explicit concurrent mark sweep GC freed 20(704B) AllocSpace objects, 0(0B) LOS objects, 23% free, 53MB/69MB, paused 265us total 18.970ms
08-06 05:24:17.774   356   547 I art     : Starting a blocking GC Explicit
08-06 05:24:17.790   356   547 I art     : Explicit concurrent mark sweep GC freed 3(96B) AllocSpace objects, 0(0B) LOS objects, 23% free, 53MB/69MB, paused 231us total 15.355ms
08-06 05:24:17.797   356   547 I art     : Starting a blocking GC Explicit
08-06 05:24:17.812   356   547 I art     : Explicit concurrent mark sweep GC freed 3(96B) AllocSpace objects, 0(0B) LOS objects, 23% free, 53MB/69MB, paused 232us total 15.520ms
08-06 05:24:17.819   356   547 I art     : Starting a blocking GC Explicit
08-06 05:24:17.834   356   547 I art     : Explicit concurrent mark sweep GC freed 3(96B) AllocSpace objects, 0(0B) LOS objects, 23% free, 53MB/69MB, paused 237us total 14.397ms
08-06 05:24:18.147   356  1074 I art     : Starting a blocking GC Explicit
08-06 05:24:18.171   356  1074 I art     : Explicit concurrent mark sweep GC freed 1341(78KB) AllocSpace objects, 1(20KB) LOS objects, 23% free, 53MB/69MB, paused 358us total 23.225ms
08-06 05:24:18.182   356  1074 I art     : Starting a blocking GC Explicit
08-06 05:24:18.197   356  1074 I art     : Explicit concurrent mark sweep GC freed 20(704B) AllocSpace objects, 0(0B) LOS objects, 23% free, 53MB/69MB, paused 241us total 15.434ms
08-06 05:24:18.204   356  1074 I art     : Starting a blocking GC Explicit
08-06 05:24:18.219   356  1074 I art     : Explicit concurrent mark sweep GC freed 3(96B) AllocSpace objects, 0(0B) LOS objects, 23% free, 53MB/69MB, paused 220us total 15.105ms
08-06 05:24:18.226   356  1074 I art     : Starting a blocking GC Explicit
08-06 05:24:18.240   356  1074 I art     : Explicit concurrent mark sweep GC freed 3(96B) AllocSpace objects, 0(0B) LOS objects, 23% free, 53MB/69MB, paused 220us total 14.446ms
08-06 05:24:18.247   356  1074 I art     : Starting a blocking GC Explicit
08-06 05:24:18.262   356  1074 I art     : Explicit concurrent mark sweep GC freed 3(96B) AllocSpace objects, 0(0B) LOS objects, 23% free, 53MB/69MB, paused 224us total 14.543ms
08-06 05:24:18.577   356   368 I art     : Starting a blocking GC Explicit
08-06 05:24:18.593   356   368 I art     : Explicit concurrent mark sweep GC freed 1341(78KB) AllocSpace objects, 1(20KB) LOS objects, 23% free, 53MB/69MB, paused 243us total 15.515ms
08-06 05:24:18.600   356   368 I art     : Starting a blocking GC Explicit
08-06 05:24:18.613   356   368 I art     : Explicit concurrent mark sweep GC freed 20(704B) AllocSpace objects, 0(0B) LOS objects, 23% free, 53MB/69MB, paused 206us total 12.506ms
08-06 05:24:18.618   356   368 I art     : Starting a blocking GC Explicit
08-06 05:24:18.631   356   368 I art     : Explicit concurrent mark sweep GC freed 3(96B) AllocSpace objects, 0(0B) LOS objects, 23% free, 53MB/69MB, paused 224us total 12.246ms
08-06 05:24:18.637   356   368 I art     : Starting a blocking GC Explicit
08-06 05:24:18.650   356   368 I art     : Explicit concurrent mark sweep GC freed 3(96B) AllocSpace objects, 0(0B) LOS objects, 23% free, 53MB/69MB, paused 218us total 13.494ms
08-06 05:24:18.653 32067 32067 I ServiceManager: Waiting for service AtCmdFwd...
08-06 05:24:18.656   356   368 I art     : Starting a blocking GC Explicit
08-06 05:24:18.670   356   368 I art     : Explicit concurrent mark sweep GC freed 12(432B) AllocSpace objects, 0(0B) LOS objects, 23% free, 53MB/69MB, paused 213us total 13.307ms
08-06 05:24:18.978   356   369 I art     : Starting a blocking GC Explicit
08-06 05:24:19.000   356   369 I art     : Explicit concurrent mark sweep GC freed 1341(78KB) AllocSpace objects, 1(20KB) LOS objects, 23% free, 53MB/69MB, paused 283us total 21.640ms
08-06 05:24:19.011   356   369 I art     : Starting a blocking GC Explicit
08-06 05:24:19.028   356   369 I art     : Explicit concurrent mark sweep GC freed 20(704B) AllocSpace objects, 0(0B) LOS objects, 23% free, 53MB/69MB, paused 235us total 16.286ms
08-06 05:24:19.035   356   369 I art     : Starting a blocking GC Explicit
08-06 05:24:19.050   356   369 I art     : Explicit concurrent mark sweep GC freed 3(96B) AllocSpace objects, 0(0B) LOS objects, 23% free, 53MB/69MB, paused 228us total 14.978ms
08-06 05:24:19.056   356   369 I art     : Starting a blocking GC Explicit
08-06 05:24:19.067   918  1210 D NetlinkSocketObserver: NeighborEvent{elapsedMs=1838062942, 192.168.2.254, [7C3953A63323], RTM_NEWNEIGH, NUD_STALE}
08-06 05:24:19.071   356   369 I art     : Explicit concurrent mark sweep GC freed 3(96B) AllocSpace objects, 0(0B) LOS objects, 23% free, 53MB/69MB, paused 230us total 14.763ms
08-06 05:24:19.078   356   369 I art     : Starting a blocking GC Explicit
08-06 05:24:19.093   356   369 I art     : Explicit concurrent mark sweep GC freed 3(96B) AllocSpace objects, 0(0B) LOS objects, 23% free, 53MB/69MB, paused 226us total 15.107ms
08-06 05:24:19.397   356  1074 I art     : Starting a blocking GC Explicit
08-06 05:24:19.420   356  1074 I art     : Explicit concurrent mark sweep GC freed 1341(78KB) AllocSpace objects, 1(20KB) LOS objects, 23% free, 53MB/69MB, paused 260us total 22.285ms
08-06 05:24:19.427   356  1074 I art     : Starting a blocking GC Explicit
08-06 05:24:19.443   356  1074 I art     : Explicit concurrent mark sweep GC freed 20(704B) AllocSpace objects, 0(0B) LOS objects, 23% free, 53MB/69MB, paused 222us total 15.775ms
08-06 05:24:19.449   356  1074 I art     : Starting a blocking GC Explicit
08-06 05:24:19.464   356  1074 I art     : Explicit concurrent mark sweep GC freed 3(96B) AllocSpace objects, 0(0B) LOS objects, 23% free, 53MB/69MB, paused 222us total 14.498ms
08-06 05:24:19.471   356  1074 I art     : Starting a blocking GC Explicit
08-06 05:24:19.485   356  1074 I art     : Explicit concurrent mark sweep GC freed 3(96B) AllocSpace objects, 0(0B) LOS objects, 23% free, 53MB/69MB, paused 217us total 14.360ms
08-06 05:24:19.492   356  1074 I art     : Starting a blocking GC Explicit
08-06 05:24:19.506   356  1074 I art     : Explicit concurrent mark sweep GC freed 3(96B) AllocSpace objects, 0(0B) LOS objects, 23% free, 53MB/69MB, paused 223us total 14.404ms
08-06 05:24:19.654 32067 32067 I ServiceManager: Waiting for service AtCmdFwd...
08-06 05:24:19.817   356   547 I art     : Starting a blocking GC Explicit
08-06 05:24:19.842   356   547 I art     : Explicit concurrent mark sweep GC freed 1341(78KB) AllocSpace objects, 1(20KB) LOS objects, 23% free, 53MB/69MB, paused 279us total 24.413ms
08-06 05:24:19.852   356   547 I art     : Starting a blocking GC Explicit
08-06 05:24:19.870   356   547 I art     : Explicit concurrent mark sweep GC freed 20(704B) AllocSpace objects, 0(0B) LOS objects, 23% free, 53MB/69MB, paused 238us total 17.595ms
08-06 05:24:19.877   356   547 I art     : Starting a blocking GC Explicit
08-06 05:24:19.893   356   547 I art     : Explicit concurrent mark sweep GC freed 3(96B) AllocSpace objects, 0(0B) LOS objects, 23% free, 53MB/69MB, paused 239us total 15.300ms
08-06 05:24:19.899   356   547 I art     : Starting a blocking GC Explicit
08-06 05:24:19.914   356   547 I art     : Explicit concurrent mark sweep GC freed 3(96B) AllocSpace objects, 0(0B) LOS objects, 23% free, 53MB/69MB, paused 234us total 14.763ms
08-06 05:24:19.921   356   547 I art     : Starting a blocking GC Explicit
08-06 05:24:19.936   356   547 I art     : Explicit concurrent mark sweep GC freed 3(96B) AllocSpace objects, 0(0B) LOS objects, 23% free, 53MB/69MB, paused 230us total 14.550ms
08-06 05:24:20.204   356  1243 W OneSignal: OneSignalRestClient: POST Error thrown from network stack. 
08-06 05:24:20.204   356  1243 W OneSignal: java.io.IOException: unexpected end of stream on Connection{api.onesignal.com:443, proxy=HTTP@192.168.2.12:8080 hostAddress=192.168.2.12 cipherSuite=TLS_ECDHE_RSA_WITH_AES_128_GCM_SHA256 protocol=http/1.1} (recycle count=0)
08-06 05:24:20.204   356  1243 W OneSignal: 	at com.android.okhttp.internal.http.HttpConnection.readResponse(HttpConnection.java:210)
08-06 05:24:20.204   356  1243 W OneSignal: 	at com.android.okhttp.internal.http.HttpTransport.readResponseHeaders(HttpTransport.java:80)
08-06 05:24:20.204   356  1243 W OneSignal: 	at com.android.okhttp.internal.http.HttpEngine.readNetworkResponse(HttpEngine.java:904)
08-06 05:24:20.204   356  1243 W OneSignal: 	at com.android.okhttp.internal.http.HttpEngine.readResponse(HttpEngine.java:788)
08-06 05:24:20.204   356  1243 W OneSignal: 	at com.android.okhttp.internal.huc.HttpURLConnectionImpl.execute(HttpURLConnectionImpl.java:439)
08-06 05:24:20.204   356  1243 W OneSignal: 	at com.android.okhttp.internal.huc.HttpURLConnectionImpl.getResponse(HttpURLConnectionImpl.java:384)
08-06 05:24:20.204   356  1243 W OneSignal: 	at com.android.okhttp.internal.huc.HttpURLConnectionImpl.getResponseCode(HttpURLConnectionImpl.java:497)
08-06 05:24:20.204   356  1243 W OneSignal: 	at com.android.okhttp.internal.huc.DelegatingHttpsURLConnection.getResponseCode(DelegatingHttpsURLConnection.java:105)
08-06 05:24:20.204   356  1243 W OneSignal: 	at com.android.okhttp.internal.huc.HttpsURLConnectionImpl.getResponseCode(HttpsURLConnectionImpl.java)
08-06 05:24:20.204   356  1243 W OneSignal: 	at com.onesignal.OneSignalRestClient.startHTTPConnection(OneSignalRestClient.java:180)
08-06 05:24:20.204   356  1243 W OneSignal: 	at com.onesignal.OneSignalRestClient.access$100(OneSignalRestClient.java:44)
08-06 05:24:20.204   356  1243 W OneSignal: 	at com.onesignal.OneSignalRestClient$4.run(OneSignalRestClient.java:110)
08-06 05:24:20.204   356  1243 W OneSignal: 	at java.lang.Thread.run(Thread.java:818)
08-06 05:24:20.204   356  1243 W OneSignal: Caused by: java.io.EOFException: \n not found: size=0 content=...
08-06 05:24:20.204   356  1243 W OneSignal: 	at com.android.okhttp.okio.RealBufferedSource.readUtf8LineStrict(RealBufferedSource.java:200)
08-06 05:24:20.204   356  1243 W OneSignal: 	at com.android.okhttp.internal.http.HttpConnection.readResponse(HttpConnection.java:191)
08-06 05:24:20.204   356  1243 W OneSignal: 	... 12 more
08-06 05:24:20.205   356  1254 W OneSignal: Failed last request. statusCode: -1
08-06 05:24:20.205   356  1254 W OneSignal: response: null
08-06 05:24:20.240   356   368 I art     : Starting a blocking GC Explicit
08-06 05:24:20.260   356   368 I art     : Explicit concurrent mark sweep GC freed 3897(242KB) AllocSpace objects, 1(20KB) LOS objects, 23% free, 52MB/68MB, paused 275us total 18.925ms
08-06 05:24:20.271   356   368 I art     : Starting a blocking GC Explicit
08-06 05:24:20.287   356   368 I art     : Explicit concurrent mark sweep GC freed 73(2704B) AllocSpace objects, 0(0B) LOS objects, 23% free, 52MB/68MB, paused 228us total 16.605ms
08-06 05:24:20.294   356   368 I art     : Starting a blocking GC Explicit
08-06 05:24:20.309   356   368 I art     : Explicit concurrent mark sweep GC freed 3(96B) AllocSpace objects, 0(0B) LOS objects, 23% free, 52MB/68MB, paused 228us total 14.777ms
08-06 05:24:20.316   356   368 I art     : Starting a blocking GC Explicit
08-06 05:24:20.331   356   368 I art     : Explicit concurrent mark sweep GC freed 3(96B) AllocSpace objects, 0(0B) LOS objects, 23% free, 52MB/68MB, paused 233us total 15.243ms
08-06 05:24:20.338   356   368 I art     : Starting a blocking GC Explicit
08-06 05:24:20.352   356   368 I art     : Explicit concurrent mark sweep GC freed 3(96B) AllocSpace objects, 0(0B) LOS objects, 23% free, 52MB/68MB, paused 229us total 14.640ms
08-06 05:24:20.653   356   369 I art     : Starting a blocking GC Explicit
08-06 05:24:20.656 32067 32067 I ServiceManager: Waiting for service AtCmdFwd...
08-06 05:24:20.675   356   369 I art     : Explicit concurrent mark sweep GC freed 1341(78KB) AllocSpace objects, 1(20KB) LOS objects, 23% free, 52MB/68MB, paused 245us total 21.773ms
08-06 05:24:20.682   356   369 I art     : Starting a blocking GC Explicit
08-06 05:24:20.697   356   369 I art     : Explicit concurrent mark sweep GC freed 20(704B) AllocSpace objects, 0(0B) LOS objects, 23% free, 52MB/68MB, paused 259us total 14.660ms
08-06 05:24:20.703   356   369 I art     : Starting a blocking GC Explicit
08-06 05:24:20.718   356   369 I art     : Explicit concurrent mark sweep GC freed 3(96B) AllocSpace objects, 0(0B) LOS objects, 23% free, 52MB/68MB, paused 211us total 14.606ms
08-06 05:24:20.725   356   369 I art     : Starting a blocking GC Explicit
08-06 05:24:20.739   356   369 I art     : Explicit concurrent mark sweep GC freed 3(96B) AllocSpace objects, 0(0B) LOS objects, 23% free, 52MB/68MB, paused 227us total 14.482ms
08-06 05:24:20.746   356   369 I art     : Starting a blocking GC Explicit
08-06 05:24:20.760   356   369 I art     : Explicit concurrent mark sweep GC freed 3(96B) AllocSpace objects, 0(0B) LOS objects, 23% free, 52MB/68MB, paused 226us total 14.562ms
08-06 05:24:21.073   356  1074 I art     : Starting a blocking GC Explicit
08-06 05:24:21.095   356  1074 I art     : Explicit concurrent mark sweep GC freed 1341(78KB) AllocSpace objects, 1(20KB) LOS objects, 23% free, 52MB/68MB, paused 270us total 21.731ms
08-06 05:24:21.106   356  1074 I art     : Starting a blocking GC Explicit
08-06 05:24:21.125   356  1074 I art     : Explicit concurrent mark sweep GC freed 20(704B) AllocSpace objects, 0(0B) LOS objects, 23% free, 52MB/68MB, paused 225us total 18.953ms
08-06 05:24:21.132   356  1074 I art     : Starting a blocking GC Explicit
08-06 05:24:21.148   356  1074 I art     : Explicit concurrent mark sweep GC freed 3(96B) AllocSpace objects, 0(0B) LOS objects, 23% free, 52MB/68MB, paused 237us total 15.395ms
08-06 05:24:21.154   356  1074 I art     : Starting a blocking GC Explicit
08-06 05:24:21.170   356  1074 I art     : Explicit concurrent mark sweep GC freed 3(96B) AllocSpace objects, 0(0B) LOS objects, 23% free, 52MB/68MB, paused 255us total 15.004ms
08-06 05:24:21.176   356  1074 I art     : Starting a blocking GC Explicit
08-06 05:24:21.191   356  1074 I art     : Explicit concurrent mark sweep GC freed 3(96B) AllocSpace objects, 0(0B) LOS objects, 23% free, 52MB/68MB, paused 231us total 14.632ms
08-06 05:24:21.503   356   547 I art     : Starting a blocking GC Explicit
08-06 05:24:21.525   356   547 I art     : Explicit concurrent mark sweep GC freed 1341(78KB) AllocSpace objects, 1(20KB) LOS objects, 23% free, 52MB/68MB, paused 281us total 21.732ms
08-06 05:24:21.536   356   547 I art     : Starting a blocking GC Explicit
08-06 05:24:21.554   356   547 I art     : Explicit concurrent mark sweep GC freed 20(704B) AllocSpace objects, 0(0B) LOS objects, 23% free, 52MB/68MB, paused 235us total 18.585ms
08-06 05:24:21.561   356   547 I art     : Starting a blocking GC Explicit
08-06 05:24:21.577   356   547 I art     : Explicit concurrent mark sweep GC freed 3(96B) AllocSpace objects, 0(0B) LOS objects, 23% free, 52MB/68MB, paused 374us total 15.305ms
08-06 05:24:21.584   356   547 I art     : Starting a blocking GC Explicit
08-06 05:24:21.598   356   547 I art     : Explicit concurrent mark sweep GC freed 3(96B) AllocSpace objects, 0(0B) LOS objects, 23% free, 52MB/68MB, paused 232us total 14.449ms
08-06 05:24:21.605   356   547 I art     : Starting a blocking GC Explicit
08-06 05:24:21.619   356   547 I art     : Explicit concurrent mark sweep GC freed 3(96B) AllocSpace objects, 0(0B) LOS objects, 23% free, 52MB/68MB, paused 224us total 14.158ms
08-06 05:24:21.656 32067 32067 I ServiceManager: Waiting for service AtCmdFwd...
08-06 05:24:21.916   356   368 I art     : Starting a blocking GC Explicit
08-06 05:24:21.938   356   368 I art     : Explicit concurrent mark sweep GC freed 1341(78KB) AllocSpace objects, 1(20KB) LOS objects, 23% free, 52MB/68MB, paused 323us total 21.539ms
08-06 05:24:21.948   356   368 I art     : Starting a blocking GC Explicit
08-06 05:24:21.963   356   368 I art     : Explicit concurrent mark sweep GC freed 20(704B) AllocSpace objects, 0(0B) LOS objects, 23% free, 52MB/68MB, paused 237us total 15.348ms
08-06 05:24:21.970   356   368 I art     : Starting a blocking GC Explicit
08-06 05:24:21.985   356   368 I art     : Explicit concurrent mark sweep GC freed 3(96B) AllocSpace objects, 0(0B) LOS objects, 23% free, 52MB/68MB, paused 218us total 14.980ms
08-06 05:24:21.992   356   368 I art     : Starting a blocking GC Explicit
08-06 05:24:22.007   356   368 I art     : Explicit concurrent mark sweep GC freed 3(96B) AllocSpace objects, 0(0B) LOS objects, 23% free, 52MB/68MB, paused 289us total 14.642ms
08-06 05:24:22.013   356   368 I art     : Starting a blocking GC Explicit
08-06 05:24:22.028   356   368 I art     : Explicit concurrent mark sweep GC freed 3(96B) AllocSpace objects, 0(0B) LOS objects, 23% free, 52MB/68MB, paused 213us total 14.585ms
08-06 05:24:22.355   356   369 I art     : Starting a blocking GC Explicit
08-06 05:24:22.378   356   369 I art     : Explicit concurrent mark sweep GC freed 1341(78KB) AllocSpace objects, 1(20KB) LOS objects, 23% free, 52MB/68MB, paused 508us total 22.457ms
08-06 05:24:22.390   356   369 I art     : Starting a blocking GC Explicit
08-06 05:24:22.405   356   369 I art     : Explicit concurrent mark sweep GC freed 20(704B) AllocSpace objects, 0(0B) LOS objects, 23% free, 52MB/68MB, paused 249us total 15.430ms
08-06 05:24:22.412   356   369 I art     : Starting a blocking GC Explicit
08-06 05:24:22.428   356   369 I art     : Explicit concurrent mark sweep GC freed 3(96B) AllocSpace objects, 0(0B) LOS objects, 23% free, 52MB/68MB, paused 232us total 15.285ms
08-06 05:24:22.434   356   369 I art     : Starting a blocking GC Explicit
08-06 05:24:22.449   356   369 I art     : Explicit concurrent mark sweep GC freed 3(96B) AllocSpace objects, 0(0B) LOS objects, 23% free, 52MB/68MB, paused 234us total 14.886ms
08-06 05:24:22.456   356   369 I art     : Starting a blocking GC Explicit
08-06 05:24:22.471   356   369 I art     : Explicit concurrent mark sweep GC freed 3(96B) AllocSpace objects, 0(0B) LOS objects, 23% free, 52MB/68MB, paused 230us total 15.013ms
08-06 05:24:22.657 32067 32067 I ServiceManager: Waiting for service AtCmdFwd...
08-06 05:24:22.773   356  1074 I art     : Starting a blocking GC Explicit
08-06 05:24:22.794   356  1074 I art     : Explicit concurrent mark sweep GC freed 1341(78KB) AllocSpace objects, 1(20KB) LOS objects, 23% free, 52MB/68MB, paused 276us total 20.893ms
08-06 05:24:22.803   356  1074 I art     : Starting a blocking GC Explicit
08-06 05:24:22.819   356  1074 I art     : Explicit concurrent mark sweep GC freed 20(704B) AllocSpace objects, 0(0B) LOS objects, 23% free, 52MB/68MB, paused 236us total 15.523ms
08-06 05:24:22.826   356  1074 I art     : Starting a blocking GC Explicit
08-06 05:24:22.841   356  1074 I art     : Explicit concurrent mark sweep GC freed 3(96B) AllocSpace objects, 0(0B) LOS objects, 23% free, 52MB/68MB, paused 267us total 15.050ms
08-06 05:24:22.848   356  1074 I art     : Starting a blocking GC Explicit
08-06 05:24:22.863   356  1074 I art     : Explicit concurrent mark sweep GC freed 3(96B) AllocSpace objects, 0(0B) LOS objects, 23% free, 52MB/68MB, paused 230us total 14.912ms
08-06 05:24:22.870   356  1074 I art     : Starting a blocking GC Explicit
08-06 05:24:22.885   356  1074 I art     : Explicit concurrent mark sweep GC freed 3(96B) AllocSpace objects, 0(0B) LOS objects, 23% free, 52MB/68MB, paused 235us total 14.914ms
08-06 05:24:23.192   356   547 I art     : Starting a blocking GC Explicit
08-06 05:24:23.210   356   547 I art     : Explicit concurrent mark sweep GC freed 1341(78KB) AllocSpace objects, 1(20KB) LOS objects, 23% free, 52MB/68MB, paused 252us total 17.457ms
08-06 05:24:23.217   356   547 I art     : Starting a blocking GC Explicit
08-06 05:24:23.232   356   547 I art     : Explicit concurrent mark sweep GC freed 20(704B) AllocSpace objects, 0(0B) LOS objects, 23% free, 52MB/68MB, paused 244us total 15.013ms
08-06 05:24:23.239   356   547 I art     : Starting a blocking GC Explicit
08-06 05:24:23.255   356   547 I art     : Explicit concurrent mark sweep GC freed 3(96B) AllocSpace objects, 0(0B) LOS objects, 23% free, 52MB/68MB, paused 277us total 15.263ms
08-06 05:24:23.262   356   547 I art     : Starting a blocking GC Explicit
08-06 05:24:23.277   356   547 I art     : Explicit concurrent mark sweep GC freed 3(96B) AllocSpace objects, 0(0B) LOS objects, 23% free, 52MB/68MB, paused 355us total 15.049ms
08-06 05:24:23.284   356   547 I art     : Starting a blocking GC Explicit
08-06 05:24:23.299   356   547 I art     : Explicit concurrent mark sweep GC freed 3(96B) AllocSpace objects, 0(0B) LOS objects, 23% free, 52MB/68MB, paused 248us total 15.034ms
08-06 05:24:23.615   356   368 I art     : Starting a blocking GC Explicit
08-06 05:24:23.632   356   368 I art     : Explicit concurrent mark sweep GC freed 1341(78KB) AllocSpace objects, 1(20KB) LOS objects, 23% free, 52MB/68MB, paused 257us total 17.040ms
08-06 05:24:23.639   356   368 I art     : Starting a blocking GC Explicit
08-06 05:24:23.655   356   368 I art     : Explicit concurrent mark sweep GC freed 20(704B) AllocSpace objects, 0(0B) LOS objects, 23% free, 52MB/68MB, paused 230us total 15.621ms
08-06 05:24:23.658 32067 32067 W Atfwd_Sendcmd: AtCmdFwd service not published, waiting... retryCnt : 3
08-06 05:24:23.662   356   368 I art     : Starting a blocking GC Explicit
08-06 05:24:23.677   356   368 I art     : Explicit concurrent mark sweep GC freed 3(96B) AllocSpace objects, 0(0B) LOS objects, 23% free, 52MB/68MB, paused 233us total 15.152ms
08-06 05:24:23.684   356   368 I art     : Starting a blocking GC Explicit
08-06 05:24:23.699   356   368 I art     : Explicit concurrent mark sweep GC freed 3(96B) AllocSpace objects, 0(0B) LOS objects, 23% free, 52MB/68MB, paused 230us total 15.200ms
08-06 05:24:23.706   356   368 I art     : Starting a blocking GC Explicit
08-06 05:24:23.721   356   368 I art     : Explicit concurrent mark sweep GC freed 3(96B) AllocSpace objects, 0(0B) LOS objects, 23% free, 52MB/68MB, paused 234us total 14.998ms
08-06 05:24:24.018   356   369 I art     : Starting a blocking GC Explicit
08-06 05:24:24.035   356   369 I art     : Explicit concurrent mark sweep GC freed 1341(78KB) AllocSpace objects, 1(20KB) LOS objects, 23% free, 52MB/68MB, paused 258us total 16.698ms
08-06 05:24:24.042   356   369 I art     : Starting a blocking GC Explicit
08-06 05:24:24.058   356   369 I art     : Explicit concurrent mark sweep GC freed 20(704B) AllocSpace objects, 0(0B) LOS objects, 23% free, 52MB/68MB, paused 234us total 15.411ms
08-06 05:24:24.065   356   369 I art     : Starting a blocking GC Explicit
08-06 05:24:24.080   356   369 I art     : Explicit concurrent mark sweep GC freed 3(96B) AllocSpace objects, 0(0B) LOS objects, 23% free, 52MB/68MB, paused 239us total 15.142ms
08-06 05:24:24.087   356   369 I art     : Starting a blocking GC Explicit
08-06 05:24:24.102   356   369 I art     : Explicit concurrent mark sweep GC freed 3(96B) AllocSpace objects, 0(0B) LOS objects, 23% free, 52MB/68MB, paused 230us total 15.397ms
08-06 05:24:24.109   356   369 I art     : Starting a blocking GC Explicit
08-06 05:24:24.125   356   369 I art     : Explicit concurrent mark sweep GC freed 3(96B) AllocSpace objects, 0(0B) LOS objects, 23% free, 52MB/68MB, paused 234us total 15.140ms
08-06 05:24:24.415   356  1074 I art     : Starting a blocking GC Explicit
08-06 05:24:24.437   356  1074 I art     : Explicit concurrent mark sweep GC freed 1341(78KB) AllocSpace objects, 1(20KB) LOS objects, 23% free, 52MB/68MB, paused 434us total 21.529ms
08-06 05:24:24.444   356  1074 I art     : Starting a blocking GC Explicit
08-06 05:24:24.459   356  1074 I art     : Explicit concurrent mark sweep GC freed 20(704B) AllocSpace objects, 0(0B) LOS objects, 23% free, 52MB/68MB, paused 225us total 15.535ms
08-06 05:24:24.467   356  1074 I art     : Starting a blocking GC Explicit
08-06 05:24:24.481   356  1074 I art     : Explicit concurrent mark sweep GC freed 3(96B) AllocSpace objects, 0(0B) LOS objects, 23% free, 52MB/68MB, paused 229us total 14.317ms
08-06 05:24:24.488   356  1074 I art     : Starting a blocking GC Explicit
08-06 05:24:24.502   356  1074 I art     : Explicit concurrent mark sweep GC freed 3(96B) AllocSpace objects, 0(0B) LOS objects, 23% free, 52MB/68MB, paused 223us total 14.541ms
08-06 05:24:24.509   356  1074 I art     : Starting a blocking GC Explicit
08-06 05:24:24.524   356  1074 I art     : Explicit concurrent mark sweep GC freed 3(96B) AllocSpace objects, 0(0B) LOS objects, 23% free, 52MB/68MB, paused 227us total 14.661ms
08-06 05:24:24.863   356   547 I art     : Starting a blocking GC Explicit
08-06 05:24:24.888   356   547 I art     : Explicit concurrent mark sweep GC freed 1341(78KB) AllocSpace objects, 1(20KB) LOS objects, 23% free, 52MB/68MB, paused 261us total 25.222ms
08-06 05:24:24.895   356   547 I art     : Starting a blocking GC Explicit
08-06 05:24:24.911   356   547 I art     : Explicit concurrent mark sweep GC freed 20(704B) AllocSpace objects, 0(0B) LOS objects, 23% free, 52MB/68MB, paused 238us total 15.724ms
08-06 05:24:24.918   356   547 I art     : Starting a blocking GC Explicit
08-06 05:24:24.932   356   547 I art     : Explicit concurrent mark sweep GC freed 3(96B) AllocSpace objects, 0(0B) LOS objects, 23% free, 52MB/68MB, paused 235us total 14.405ms
08-06 05:24:24.939   356   547 I art     : Starting a blocking GC Explicit
08-06 05:24:24.954   356   547 I art     : Explicit concurrent mark sweep GC freed 3(96B) AllocSpace objects, 0(0B) LOS objects, 23% free, 52MB/68MB, paused 233us total 14.564ms
08-06 05:24:24.960   356   547 I art     : Starting a blocking GC Explicit
08-06 05:24:24.975   356   547 I art     : Explicit concurrent mark sweep GC freed 3(96B) AllocSpace objects, 0(0B) LOS objects, 23% free, 52MB/68MB, paused 290us total 14.491ms
08-06 05:24:25.302   356   368 I art     : Starting a blocking GC Explicit
08-06 05:24:25.326   356   368 I art     : Explicit concurrent mark sweep GC freed 1341(78KB) AllocSpace objects, 1(20KB) LOS objects, 23% free, 52MB/68MB, paused 271us total 23.459ms
08-06 05:24:25.337   356   368 I art     : Starting a blocking GC Explicit
08-06 05:24:25.353   356   368 I art     : Explicit concurrent mark sweep GC freed 20(704B) AllocSpace objects, 0(0B) LOS objects, 23% free, 52MB/68MB, paused 235us total 15.512ms
08-06 05:24:25.359   356   368 I art     : Starting a blocking GC Explicit
08-06 05:24:25.375   356   368 I art     : Explicit concurrent mark sweep GC freed 3(96B) AllocSpace objects, 0(0B) LOS objects, 23% free, 52MB/68MB, paused 235us total 14.910ms
08-06 05:24:25.381   356   368 I art     : Starting a blocking GC Explicit
08-06 05:24:25.396   356   368 I art     : Explicit concurrent mark sweep GC freed 3(96B) AllocSpace objects, 0(0B) LOS objects, 23% free, 52MB/68MB, paused 264us total 14.806ms
08-06 05:24:25.403   356   368 I art     : Starting a blocking GC Explicit
08-06 05:24:25.418   356   368 I art     : Explicit concurrent mark sweep GC freed 3(96B) AllocSpace objects, 0(0B) LOS objects, 23% free, 52MB/68MB, paused 274us total 15.014ms
08-06 05:24:25.725   356   369 I art     : Starting a blocking GC Explicit
08-06 05:24:25.742   356   369 I art     : Explicit concurrent mark sweep GC freed 1341(78KB) AllocSpace objects, 1(20KB) LOS objects, 23% free, 52MB/68MB, paused 260us total 17.058ms
08-06 05:24:25.749   356   369 I art     : Starting a blocking GC Explicit
08-06 05:24:25.765   356   369 I art     : Explicit concurrent mark sweep GC freed 20(704B) AllocSpace objects, 0(0B) LOS objects, 23% free, 52MB/68MB, paused 236us total 15.312ms
08-06 05:24:25.771   356   369 I art     : Starting a blocking GC Explicit
08-06 05:24:25.787   356   369 I art     : Explicit concurrent mark sweep GC freed 3(96B) AllocSpace objects, 0(0B) LOS objects, 23% free, 52MB/68MB, paused 287us total 15.051ms
08-06 05:24:25.793   356   369 I art     : Starting a blocking GC Explicit
08-06 05:24:25.809   356   369 I art     : Explicit concurrent mark sweep GC freed 3(96B) AllocSpace objects, 0(0B) LOS objects, 23% free, 52MB/68MB, paused 246us total 15.107ms
08-06 05:24:25.815   356   369 I art     : Starting a blocking GC Explicit
08-06 05:24:25.831   356   369 I art     : Explicit concurrent mark sweep GC freed 3(96B) AllocSpace objects, 0(0B) LOS objects, 23% free, 52MB/68MB, paused 240us total 15.073ms
08-06 05:24:26.092   356  1074 I art     : Starting a blocking GC Explicit
08-06 05:24:26.107   356  1074 I art     : Explicit concurrent mark sweep GC freed 1341(78KB) AllocSpace objects, 1(20KB) LOS objects, 23% free, 52MB/68MB, paused 266us total 15.356ms
08-06 05:24:26.114   356  1074 I art     : Starting a blocking GC Explicit
08-06 05:24:26.129   356  1074 I art     : Explicit concurrent mark sweep GC freed 20(704B) AllocSpace objects, 0(0B) LOS objects, 23% free, 52MB/68MB, paused 230us total 14.447ms
08-06 05:24:26.135   356  1074 I art     : Starting a blocking GC Explicit
08-06 05:24:26.149   356  1074 I art     : Explicit concurrent mark sweep GC freed 3(96B) AllocSpace objects, 0(0B) LOS objects, 23% free, 52MB/68MB, paused 226us total 14.026ms
08-06 05:24:26.155   356  1074 I art     : Starting a blocking GC Explicit
08-06 05:24:26.170   356  1074 I art     : Explicit concurrent mark sweep GC freed 3(96B) AllocSpace objects, 0(0B) LOS objects, 23% free, 52MB/68MB, paused 217us total 14.156ms
08-06 05:24:26.176   356  1074 I art     : Starting a blocking GC Explicit
08-06 05:24:26.190   356  1074 I art     : Explicit concurrent mark sweep GC freed 3(96B) AllocSpace objects, 0(0B) LOS objects, 23% free, 52MB/68MB, paused 232us total 13.824ms
08-06 05:24:26.254  1388  1388 D AndroidRuntime: >>>>>> START com.android.internal.os.RuntimeInit uid 2000 <<<<<<
08-06 05:24:26.258  1388  1388 D AndroidRuntime: CheckJNI is OFF
08-06 05:24:26.284  1388  1388 D ICU     : No timezone override file found: /data/misc/zoneinfo/current/icu/icu_tzdata.dat
08-06 05:24:26.310  1388  1388 I Radio-JNI: register_android_hardware_Radio DONE
08-06 05:24:26.326  1388  1388 D AndroidRuntime: Calling main entry com.android.commands.input.Input
08-06 05:24:26.328  1388  1388 I Input   : injectKeyEvent: KeyEvent { action=ACTION_DOWN, keyCode=KEYCODE_BACK, scanCode=0, metaState=0, flags=0x0, repeatCount=0, eventTime=854682741, downTime=854682741, deviceId=-1, source=0x101 }
08-06 05:24:26.340  1388  1388 I Input   : injectKeyEvent: KeyEvent { action=ACTION_UP, keyCode=KEYCODE_BACK, scanCode=0, metaState=0, flags=0x0, repeatCount=0, eventTime=854682741, downTime=854682741, deviceId=-1, source=0x101 }
08-06 05:24:26.347  1388  1388 D AndroidRuntime: Shutting down VM
08-06 05:24:26.391 13866 13866 I GoogleInputMethodServic: GoogleInputMethodService.onFinishInput():3138 
08-06 05:24:26.392 13866 13866 I GoogleInputMethodServic: GoogleInputMethodService.onStartInput():1808 
08-06 05:24:26.427   356   547 I art     : Starting a blocking GC Explicit
08-06 05:24:26.441   356   547 I art     : Explicit concurrent mark sweep GC freed 1516(86KB) AllocSpace objects, 1(20KB) LOS objects, 23% free, 52MB/68MB, paused 218us total 13.860ms
08-06 05:24:26.447   356   547 I art     : Starting a blocking GC Explicit
08-06 05:24:26.460   356   547 I art     : Explicit concurrent mark sweep GC freed 26(944B) AllocSpace objects, 0(0B) LOS objects, 23% free, 52MB/68MB, paused 215us total 12.979ms
08-06 05:24:26.467   356   547 I art     : Starting a blocking GC Explicit
08-06 05:24:26.480   356   547 I art     : Explicit concurrent mark sweep GC freed 3(96B) AllocSpace objects, 0(0B) LOS objects, 23% free, 52MB/68MB, paused 237us total 13.425ms
08-06 05:24:26.486   356   547 I art     : Starting a blocking GC Explicit
08-06 05:24:26.500   356   547 I art     : Explicit concurrent mark sweep GC freed 3(96B) AllocSpace objects, 0(0B) LOS objects, 23% free, 52MB/68MB, paused 266us total 13.951ms
08-06 05:24:26.508   356   547 I art     : Starting a blocking GC Explicit
08-06 05:24:26.522   356   547 I art     : Explicit concurrent mark sweep GC freed 3(96B) AllocSpace objects, 0(0B) LOS objects, 23% free, 52MB/68MB, paused 229us total 13.889ms
08-06 05:24:26.701   380   380 W SurfaceFlinger: couldn't log to binary event log: overflow.
08-06 05:24:26.769   356   368 I art     : Starting a blocking GC Explicit
08-06 05:24:26.785   356   368 I art     : Explicit concurrent mark sweep GC freed 1450(87KB) AllocSpace objects, 1(20KB) LOS objects, 23% free, 52MB/68MB, paused 239us total 15.605ms
08-06 05:24:26.791   356   368 I art     : Starting a blocking GC Explicit
08-06 05:24:26.806   356   368 I art     : Explicit concurrent mark sweep GC freed 1672(107KB) AllocSpace objects, 3(400KB) LOS objects, 23% free, 52MB/68MB, paused 239us total 14.550ms
08-06 05:24:26.812   356   368 I art     : Starting a blocking GC Explicit
08-06 05:24:26.828   356   368 I art     : Explicit concurrent mark sweep GC freed 3(96B) AllocSpace objects, 0(0B) LOS objects, 23% free, 52MB/68MB, paused 243us total 14.920ms
08-06 05:24:26.834   356   368 I art     : Starting a blocking GC Explicit
08-06 05:24:26.849   356   368 I art     : Explicit concurrent mark sweep GC freed 3(96B) AllocSpace objects, 0(0B) LOS objects, 23% free, 52MB/68MB, paused 238us total 14.901ms
08-06 05:24:26.856   356   368 I art     : Starting a blocking GC Explicit
08-06 05:24:26.871   356   368 I art     : Explicit concurrent mark sweep GC freed 3(96B) AllocSpace objects, 0(0B) LOS objects, 23% free, 52MB/68MB, paused 223us total 14.687ms
08-06 05:24:27.147   356   369 I art     : Starting a blocking GC Explicit
08-06 05:24:27.173   356   369 I art     : Explicit concurrent mark sweep GC freed 1341(78KB) AllocSpace objects, 1(20KB) LOS objects, 23% free, 52MB/68MB, paused 308us total 25.362ms
08-06 05:24:27.185   356   369 I art     : Starting a blocking GC Explicit
08-06 05:24:27.204   356   369 I art     : Explicit concurrent mark sweep GC freed 20(704B) AllocSpace objects, 0(0B) LOS objects, 23% free, 52MB/68MB, paused 315us total 18.639ms
08-06 05:24:27.214   356   369 I art     : Starting a blocking GC Explicit
08-06 05:24:27.229   356   369 I art     : Explicit concurrent mark sweep GC freed 3(96B) AllocSpace objects, 0(0B) LOS objects, 23% free, 52MB/68MB, paused 307us total 14.922ms
08-06 05:24:27.237   356   369 I art     : Starting a blocking GC Explicit
08-06 05:24:27.252   356   369 I art     : Explicit concurrent mark sweep GC freed 3(96B) AllocSpace objects, 0(0B) LOS objects, 23% free, 52MB/68MB, paused 238us total 14.769ms
08-06 05:24:27.259   356   369 I art     : Starting a blocking GC Explicit
08-06 05:24:27.273   356   369 I art     : Explicit concurrent mark sweep GC freed 3(96B) AllocSpace objects, 0(0B) LOS objects, 23% free, 52MB/68MB, paused 230us total 13.995ms
08-06 05:24:27.544   356  1074 I art     : Starting a blocking GC Explicit
08-06 05:24:27.565   356  1074 I art     : Explicit concurrent mark sweep GC freed 1340(78KB) AllocSpace objects, 1(20KB) LOS objects, 23% free, 52MB/68MB, paused 271us total 21.195ms
08-06 05:24:27.575   356  1074 I art     : Starting a blocking GC Explicit
08-06 05:24:27.589   356  1074 I art     : Explicit concurrent mark sweep GC freed 20(704B) AllocSpace objects, 0(0B) LOS objects, 23% free, 52MB/68MB, paused 213us total 14.013ms
08-06 05:24:27.596   356  1074 I art     : Starting a blocking GC Explicit
08-06 05:24:27.610   356  1074 I art     : Explicit concurrent mark sweep GC freed 3(96B) AllocSpace objects, 0(0B) LOS objects, 23% free, 52MB/68MB, paused 219us total 13.082ms
08-06 05:24:27.616   356  1074 I art     : Starting a blocking GC Explicit
08-06 05:24:27.629   356  1074 I art     : Explicit concurrent mark sweep GC freed 3(96B) AllocSpace objects, 0(0B) LOS objects, 23% free, 52MB/68MB, paused 230us total 13.469ms
08-06 05:24:27.636   356  1074 I art     : Starting a blocking GC Explicit
08-06 05:24:27.648   356  1074 I art     : Explicit concurrent mark sweep GC freed 3(96B) AllocSpace objects, 0(0B) LOS objects, 23% free, 52MB/68MB, paused 219us total 12.693ms
08-06 05:24:27.883  1454  1454 D AndroidRuntime: >>>>>> START com.android.internal.os.RuntimeInit uid 2000 <<<<<<
08-06 05:24:27.887  1454  1454 D AndroidRuntime: CheckJNI is OFF
08-06 05:24:27.890   356   547 I art     : Starting a blocking GC Explicit
08-06 05:24:27.905   356   547 I art     : Explicit concurrent mark sweep GC freed 1340(78KB) AllocSpace objects, 1(20KB) LOS objects, 23% free, 52MB/68MB, paused 255us total 14.772ms
08-06 05:24:27.911   356   547 I art     : Starting a blocking GC Explicit
08-06 05:24:27.919  1454  1454 D ICU     : No timezone override file found: /data/misc/zoneinfo/current/icu/icu_tzdata.dat
08-06 05:24:27.925   356   547 I art     : Explicit concurrent mark sweep GC freed 20(704B) AllocSpace objects, 0(0B) LOS objects, 23% free, 52MB/68MB, paused 260us total 13.759ms
08-06 05:24:27.931   356   547 I art     : Starting a blocking GC Explicit
08-06 05:24:27.943  1454  1454 I Radio-JNI: register_android_hardware_Radio DONE
08-06 05:24:27.944   356   547 I art     : Explicit concurrent mark sweep GC freed 3(96B) AllocSpace objects, 0(0B) LOS objects, 23% free, 52MB/68MB, paused 243us total 12.613ms
08-06 05:24:27.950   356   547 I art     : Starting a blocking GC Explicit
08-06 05:24:27.960  1454  1454 D AndroidRuntime: Calling main entry com.android.commands.input.Input
08-06 05:24:27.961  1454  1454 I Input   : injectMotionEvent: MotionEvent { action=ACTION_DOWN, actionButton=0, id[0]=0, x[0]=733.0, y[0]=1370.0, toolType[0]=TOOL_TYPE_UNKNOWN, buttonState=0, metaState=0, flags=0x0, edgeFlags=0x0, pointerCount=1, historySize=0, eventTime=854684374, downTime=854684374, deviceId=0, source=0x1002 }
08-06 05:24:27.963   356   547 I art     : Explicit concurrent mark sweep GC freed 3(96B) AllocSpace objects, 0(0B) LOS objects, 23% free, 52MB/68MB, paused 231us total 12.906ms
08-06 05:24:27.967  1454  1454 I Input   : injectMotionEvent: MotionEvent { action=ACTION_UP, actionButton=0, id[0]=0, x[0]=733.0, y[0]=1370.0, toolType[0]=TOOL_TYPE_UNKNOWN, buttonState=0, metaState=0, flags=0x0, edgeFlags=0x0, pointerCount=1, historySize=0, eventTime=854684374, downTime=854684374, deviceId=0, source=0x1002 }
08-06 05:24:27.968   918  6110 I ActivityManager: START u0 {cmp=baseline.appteam.nith.hillffair/.activities.ClubActivity (has extras)} from uid 10697 on display 0
08-06 05:24:27.969   356   547 I art     : Starting a blocking GC Explicit
08-06 05:24:27.976  1454  1454 D AndroidRuntime: Shutting down VM
08-06 05:24:27.983   356   547 I art     : Explicit concurrent mark sweep GC freed 53(2544B) AllocSpace objects, 0(0B) LOS objects, 23% free, 52MB/68MB, paused 381us total 13.950ms
08-06 05:24:28.058 13866 13866 I GoogleInputMethodServic: GoogleInputMethodService.onFinishInput():3138 
08-06 05:24:28.058   918   936 I ActivityManager: Displayed baseline.appteam.nith.hillffair/.activities.ClubActivity: +83ms
08-06 05:24:28.059 13866 13866 I GoogleInputMethodServic: GoogleInputMethodService.onStartInput():1808 
08-06 05:24:28.221   356  1074 I art     : Starting a blocking GC Explicit
08-06 05:24:28.243   356  1074 I art     : Explicit concurrent mark sweep GC freed 4924(287KB) AllocSpace objects, 1(20KB) LOS objects, 23% free, 52MB/68MB, paused 300us total 21.158ms
08-06 05:24:28.250   356  1074 I art     : Starting a blocking GC Explicit
08-06 05:24:28.269   356  1074 I art     : Explicit concurrent mark sweep GC freed 209(9KB) AllocSpace objects, 0(0B) LOS objects, 23% free, 52MB/68MB, paused 297us total 18.501ms
08-06 05:24:28.278   356  1074 I art     : Starting a blocking GC Explicit
08-06 05:24:28.297   356  1074 I art     : Explicit concurrent mark sweep GC freed 3(96B) AllocSpace objects, 0(0B) LOS objects, 23% free, 52MB/68MB, paused 312us total 18.455ms
08-06 05:24:28.303   380   380 W SurfaceFlinger: couldn't log to binary event log: overflow.
08-06 05:24:28.306   356  1074 I art     : Starting a blocking GC Explicit
08-06 05:24:28.322   356  1074 I art     : Explicit concurrent mark sweep GC freed 3(96B) AllocSpace objects, 0(0B) LOS objects, 23% free, 52MB/68MB, paused 277us total 15.873ms
08-06 05:24:28.329   356  1074 I art     : Starting a blocking GC Explicit
08-06 05:24:28.342   356  1074 I art     : Explicit concurrent mark sweep GC freed 3(96B) AllocSpace objects, 0(0B) LOS objects, 23% free, 52MB/68MB, paused 245us total 13.306ms
08-06 05:24:28.537   518   646 I ThermalEngine: ACTION: GPU - Setting GPU[0] to 510000000
08-06 05:24:28.613   356   547 I art     : Starting a blocking GC Explicit
08-06 05:24:28.633   356   547 I art     : Explicit concurrent mark sweep GC freed 1474(85KB) AllocSpace objects, 1(20KB) LOS objects, 23% free, 52MB/68MB, paused 375us total 19.538ms
08-06 05:24:28.642   356   547 I art     : Starting a blocking GC Explicit
08-06 05:24:28.661   356   547 I art     : Explicit concurrent mark sweep GC freed 50(1728B) AllocSpace objects, 0(0B) LOS objects, 23% free, 52MB/68MB, paused 374us total 19.110ms
08-06 05:24:28.670   356   547 I art     : Starting a blocking GC Explicit
08-06 05:24:28.689   356   547 I art     : Explicit concurrent mark sweep GC freed 13(480B) AllocSpace objects, 0(0B) LOS objects, 23% free, 52MB/68MB, paused 376us total 18.973ms
08-06 05:24:28.697   356   547 I art     : Starting a blocking GC Explicit
08-06 05:24:28.716   356   547 I art     : Explicit concurrent mark sweep GC freed 10(352B) AllocSpace objects, 0(0B) LOS objects, 23% free, 52MB/68MB, paused 364us total 18.390ms
08-06 05:24:28.724   356   547 I art     : Starting a blocking GC Explicit
08-06 05:24:28.743   356   547 I art     : Explicit concurrent mark sweep GC freed 11(416B) AllocSpace objects, 0(0B) LOS objects, 23% free, 52MB/68MB, paused 358us total 18.977ms
08-06 05:24:28.792   356  1477 D OkHttp  : --> GET https://api-hillfair-2k16.herokuapp.com/api/app/events/special/event?id=580655cddcba0f490c70fdd0 http/1.1
08-06 05:24:28.828   356  1477 D OkHttp  : <-- 200 OK https://api-hillfair-2k16.herokuapp.com/api/app/events/special/event?id=580655cddcba0f490c70fdd0 (35ms, 721-byte body)
08-06 05:24:28.889   356   356 I NAPPA_EXPERIMENTATION: MetricNetworkRequestExecutionTime: REQUEST_DURATION_SYSTEM='889',REQUEST_DURATION_OKHTTP='36',REQUEST_SYNCHRONOUS='FALSE',RESPONSE_CODE='200',RESPONSE_METHOD='GET',RESPONSE_LENGTH_OKHTTP='721',RESPONSE_LENGTH_HEADER='721',REQUEST_PROTOCOL='http/1.1',REQUEST_URL='https://api-hillfair-2k16.herokuapp.com/api/app/events/special/event?id=580655cddcba0f490c70fdd0',
08-06 05:24:29.024   356   368 I art     : Starting a blocking GC Explicit
08-06 05:24:29.046   356   368 I art     : Explicit concurrent mark sweep GC freed 4779(337KB) AllocSpace objects, 4(220KB) LOS objects, 23% free, 52MB/68MB, paused 346us total 21.661ms
08-06 05:24:29.055   356   368 I art     : Starting a blocking GC Explicit
08-06 05:24:29.074   356   368 I art     : Explicit concurrent mark sweep GC freed 1031(119KB) AllocSpace objects, 0(0B) LOS objects, 23% free, 52MB/68MB, paused 311us total 18.791ms
08-06 05:24:29.083   356   368 I art     : Starting a blocking GC Explicit
08-06 05:24:29.102   356   368 I art     : Explicit concurrent mark sweep GC freed 3(96B) AllocSpace objects, 0(0B) LOS objects, 23% free, 52MB/68MB, paused 332us total 19.415ms
08-06 05:24:29.111   356   368 I art     : Starting a blocking GC Explicit
08-06 05:24:29.130   356   368 I art     : Explicit concurrent mark sweep GC freed 3(96B) AllocSpace objects, 0(0B) LOS objects, 23% free, 52MB/68MB, paused 334us total 18.965ms
08-06 05:24:29.139   356   368 I art     : Starting a blocking GC Explicit
08-06 05:24:29.157   356   368 I art     : Explicit concurrent mark sweep GC freed 3(96B) AllocSpace objects, 0(0B) LOS objects, 23% free, 52MB/68MB, paused 320us total 18.398ms
08-06 05:24:29.454   356  1074 I art     : Starting a blocking GC Explicit
08-06 05:24:29.478   356  1074 I art     : Explicit concurrent mark sweep GC freed 1341(78KB) AllocSpace objects, 1(20KB) LOS objects, 23% free, 52MB/68MB, paused 391us total 23.931ms
08-06 05:24:29.490   356  1074 I art     : Starting a blocking GC Explicit
08-06 05:24:29.511   356  1074 I art     : Explicit concurrent mark sweep GC freed 36(1264B) AllocSpace objects, 0(0B) LOS objects, 23% free, 52MB/68MB, paused 333us total 21.512ms
08-06 05:24:29.520   356  1074 I art     : Starting a blocking GC Explicit
08-06 05:24:29.540   356  1074 I art     : Explicit concurrent mark sweep GC freed 3(96B) AllocSpace objects, 0(0B) LOS objects, 23% free, 52MB/68MB, paused 326us total 19.701ms
08-06 05:24:29.549   356  1074 I art     : Starting a blocking GC Explicit
08-06 05:24:29.569   356  1074 I art     : Explicit concurrent mark sweep GC freed 3(96B) AllocSpace objects, 0(0B) LOS objects, 23% free, 52MB/68MB, paused 333us total 19.612ms
08-06 05:24:29.577   356  1074 I art     : Starting a blocking GC Explicit
08-06 05:24:29.597   356  1074 I art     : Explicit concurrent mark sweep GC freed 3(96B) AllocSpace objects, 0(0B) LOS objects, 23% free, 52MB/68MB, paused 398us total 19.420ms
08-06 05:24:29.897   356   547 I art     : Starting a blocking GC Explicit
08-06 05:24:29.918   356   547 I art     : Explicit concurrent mark sweep GC freed 1341(78KB) AllocSpace objects, 1(20KB) LOS objects, 23% free, 52MB/68MB, paused 411us total 20.593ms
08-06 05:24:29.929   356   547 I art     : Starting a blocking GC Explicit
08-06 05:24:29.952   356   547 I art     : Explicit concurrent mark sweep GC freed 20(704B) AllocSpace objects, 0(0B) LOS objects, 23% free, 52MB/68MB, paused 338us total 22.754ms
08-06 05:24:29.961   356   547 I art     : Starting a blocking GC Explicit
08-06 05:24:29.981   356   547 I art     : Explicit concurrent mark sweep GC freed 3(96B) AllocSpace objects, 0(0B) LOS objects, 23% free, 52MB/68MB, paused 343us total 19.697ms
08-06 05:24:29.990   356   547 I art     : Starting a blocking GC Explicit
08-06 05:24:30.010   356   547 I art     : Explicit concurrent mark sweep GC freed 3(96B) AllocSpace objects, 0(0B) LOS objects, 23% free, 52MB/68MB, paused 341us total 19.548ms
08-06 05:24:30.018   356   547 I art     : Starting a blocking GC Explicit
08-06 05:24:30.037   356   547 I art     : Explicit concurrent mark sweep GC freed 3(96B) AllocSpace objects, 0(0B) LOS objects, 23% free, 52MB/68MB, paused 369us total 19.223ms
08-06 05:24:30.357   356   368 I art     : Starting a blocking GC Explicit
08-06 05:24:30.382   356   368 I art     : Explicit concurrent mark sweep GC freed 1341(78KB) AllocSpace objects, 1(20KB) LOS objects, 23% free, 52MB/68MB, paused 353us total 24.242ms
08-06 05:24:30.393   356   368 I art     : Starting a blocking GC Explicit
08-06 05:24:30.413   356   368 I art     : Explicit concurrent mark sweep GC freed 20(704B) AllocSpace objects, 0(0B) LOS objects, 23% free, 52MB/68MB, paused 339us total 19.595ms
08-06 05:24:30.422   356   368 I art     : Starting a blocking GC Explicit
08-06 05:24:30.440   356   368 I art     : Explicit concurrent mark sweep GC freed 3(96B) AllocSpace objects, 0(0B) LOS objects, 23% free, 52MB/68MB, paused 332us total 18.686ms
08-06 05:24:30.449   356   368 I art     : Starting a blocking GC Explicit
08-06 05:24:30.468   356   368 I art     : Explicit concurrent mark sweep GC freed 3(96B) AllocSpace objects, 0(0B) LOS objects, 23% free, 52MB/68MB, paused 336us total 19.231ms
08-06 05:24:30.477   356   368 I art     : Starting a blocking GC Explicit
08-06 05:24:30.496   356   368 I art     : Explicit concurrent mark sweep GC freed 3(96B) AllocSpace objects, 0(0B) LOS objects, 23% free, 52MB/68MB, paused 337us total 19.143ms
08-06 05:24:30.819   356   369 I art     : Starting a blocking GC Explicit
08-06 05:24:30.842   356   369 I art     : Explicit concurrent mark sweep GC freed 1341(78KB) AllocSpace objects, 1(20KB) LOS objects, 23% free, 52MB/68MB, paused 420us total 22.800ms
08-06 05:24:30.854   356   369 I art     : Starting a blocking GC Explicit
08-06 05:24:30.874   356   369 I art     : Explicit concurrent mark sweep GC freed 20(704B) AllocSpace objects, 0(0B) LOS objects, 23% free, 52MB/68MB, paused 334us total 19.673ms
08-06 05:24:30.882   356   369 I art     : Starting a blocking GC Explicit
08-06 05:24:30.902   356   369 I art     : Explicit concurrent mark sweep GC freed 3(96B) AllocSpace objects, 0(0B) LOS objects, 23% free, 52MB/68MB, paused 343us total 19.246ms
08-06 05:24:30.910   356   369 I art     : Starting a blocking GC Explicit
08-06 05:24:30.930   356   369 I art     : Explicit concurrent mark sweep GC freed 3(96B) AllocSpace objects, 0(0B) LOS objects, 23% free, 52MB/68MB, paused 334us total 19.618ms
08-06 05:24:30.939   356   369 I art     : Starting a blocking GC Explicit
08-06 05:24:30.958   356   369 I art     : Explicit concurrent mark sweep GC freed 3(96B) AllocSpace objects, 0(0B) LOS objects, 23% free, 52MB/68MB, paused 342us total 18.790ms
08-06 05:24:31.268   356  1074 I art     : Starting a blocking GC Explicit
08-06 05:24:31.291   356  1074 I art     : Explicit concurrent mark sweep GC freed 1341(78KB) AllocSpace objects, 1(20KB) LOS objects, 23% free, 52MB/68MB, paused 363us total 22.587ms
08-06 05:24:31.302   356  1074 I art     : Starting a blocking GC Explicit
08-06 05:24:31.322   356  1074 I art     : Explicit concurrent mark sweep GC freed 20(704B) AllocSpace objects, 0(0B) LOS objects, 23% free, 52MB/68MB, paused 359us total 19.575ms
08-06 05:24:31.331   356  1074 I art     : Starting a blocking GC Explicit
08-06 05:24:31.350   356  1074 I art     : Explicit concurrent mark sweep GC freed 3(96B) AllocSpace objects, 0(0B) LOS objects, 23% free, 52MB/68MB, paused 324us total 19.383ms
08-06 05:24:31.359   356  1074 I art     : Starting a blocking GC Explicit
08-06 05:24:31.378   356  1074 I art     : Explicit concurrent mark sweep GC freed 3(96B) AllocSpace objects, 0(0B) LOS objects, 23% free, 52MB/68MB, paused 327us total 19.428ms
08-06 05:24:31.387   356  1074 I art     : Starting a blocking GC Explicit
08-06 05:24:31.406   356  1074 I art     : Explicit concurrent mark sweep GC freed 3(96B) AllocSpace objects, 0(0B) LOS objects, 23% free, 52MB/68MB, paused 321us total 18.607ms
08-06 05:24:31.717   356   547 I art     : Starting a blocking GC Explicit
08-06 05:24:31.742   356   547 I art     : Explicit concurrent mark sweep GC freed 1341(78KB) AllocSpace objects, 1(20KB) LOS objects, 23% free, 52MB/68MB, paused 378us total 24.478ms
08-06 05:24:31.754   356   547 I art     : Starting a blocking GC Explicit
08-06 05:24:31.775   356   547 I art     : Explicit concurrent mark sweep GC freed 20(704B) AllocSpace objects, 0(0B) LOS objects, 23% free, 52MB/68MB, paused 341us total 20.894ms
08-06 05:24:31.783   356   547 I art     : Starting a blocking GC Explicit
08-06 05:24:31.803   356   547 I art     : Explicit concurrent mark sweep GC freed 3(96B) AllocSpace objects, 0(0B) LOS objects, 23% free, 52MB/68MB, paused 338us total 19.652ms
08-06 05:24:31.812   356   547 I art     : Starting a blocking GC Explicit
08-06 05:24:31.831   356   547 I art     : Explicit concurrent mark sweep GC freed 3(96B) AllocSpace objects, 0(0B) LOS objects, 23% free, 52MB/68MB, paused 362us total 18.992ms
08-06 05:24:31.840   356   547 I art     : Starting a blocking GC Explicit
08-06 05:24:31.859   356   547 I art     : Explicit concurrent mark sweep GC freed 3(96B) AllocSpace objects, 0(0B) LOS objects, 23% free, 52MB/68MB, paused 347us total 18.583ms
08-06 05:24:32.177   356   368 I art     : Starting a blocking GC Explicit
08-06 05:24:32.204   356   368 I art     : Explicit concurrent mark sweep GC freed 1341(78KB) AllocSpace objects, 1(20KB) LOS objects, 23% free, 52MB/68MB, paused 412us total 25.940ms
08-06 05:24:32.218   356   368 I art     : Starting a blocking GC Explicit
08-06 05:24:32.238   356   368 I art     : Explicit concurrent mark sweep GC freed 20(704B) AllocSpace objects, 0(0B) LOS objects, 23% free, 52MB/68MB, paused 321us total 19.219ms
08-06 05:24:32.246   356   368 I art     : Starting a blocking GC Explicit
08-06 05:24:32.264   356   368 I art     : Explicit concurrent mark sweep GC freed 3(96B) AllocSpace objects, 0(0B) LOS objects, 23% free, 52MB/68MB, paused 313us total 17.945ms
08-06 05:24:32.272   356   368 I art     : Starting a blocking GC Explicit
08-06 05:24:32.291   356   368 I art     : Explicit concurrent mark sweep GC freed 3(96B) AllocSpace objects, 0(0B) LOS objects, 23% free, 52MB/68MB, paused 332us total 18.243ms
08-06 05:24:32.299   356   368 I art     : Starting a blocking GC Explicit
08-06 05:24:32.318   356   368 I art     : Explicit concurrent mark sweep GC freed 3(96B) AllocSpace objects, 0(0B) LOS objects, 23% free, 52MB/68MB, paused 330us total 18.238ms
08-06 05:24:32.619   356   369 I art     : Starting a blocking GC Explicit
08-06 05:24:32.644   356   369 I art     : Explicit concurrent mark sweep GC freed 1341(78KB) AllocSpace objects, 1(20KB) LOS objects, 23% free, 52MB/68MB, paused 500us total 24.629ms
08-06 05:24:32.645  1585  1585 D AndroidRuntime: >>>>>> START com.android.internal.os.RuntimeInit uid 2000 <<<<<<
08-06 05:24:32.651  1585  1585 D AndroidRuntime: CheckJNI is OFF
08-06 05:24:32.654   356   369 I art     : Starting a blocking GC Explicit
08-06 05:24:32.673   356   369 I art     : Explicit concurrent mark sweep GC freed 20(704B) AllocSpace objects, 0(0B) LOS objects, 23% free, 52MB/68MB, paused 348us total 18.951ms
08-06 05:24:32.683   356   369 I art     : Starting a blocking GC Explicit
08-06 05:24:32.690  1585  1585 D ICU     : No timezone override file found: /data/misc/zoneinfo/current/icu/icu_tzdata.dat
08-06 05:24:32.701   356   369 I art     : Explicit concurrent mark sweep GC freed 3(96B) AllocSpace objects, 0(0B) LOS objects, 23% free, 52MB/68MB, paused 349us total 18.140ms
08-06 05:24:32.709   356   369 I art     : Starting a blocking GC Explicit
08-06 05:24:32.725  1585  1585 I Radio-JNI: register_android_hardware_Radio DONE
08-06 05:24:32.727   356   369 I art     : Explicit concurrent mark sweep GC freed 3(96B) AllocSpace objects, 0(0B) LOS objects, 23% free, 52MB/68MB, paused 383us total 17.945ms
08-06 05:24:32.735   356   369 I art     : Starting a blocking GC Explicit
08-06 05:24:32.747  1585  1585 D AndroidRuntime: Calling main entry com.android.commands.input.Input
08-06 05:24:32.749  1585  1585 I Input   : injectKeyEvent: KeyEvent { action=ACTION_DOWN, keyCode=KEYCODE_BACK, scanCode=0, metaState=0, flags=0x0, repeatCount=0, eventTime=854689162, downTime=854689162, deviceId=-1, source=0x101 }
08-06 05:24:32.753   356   369 I art     : Explicit concurrent mark sweep GC freed 3(96B) AllocSpace objects, 0(0B) LOS objects, 23% free, 52MB/68MB, paused 316us total 17.910ms
08-06 05:24:32.755  1585  1585 I Input   : injectKeyEvent: KeyEvent { action=ACTION_UP, keyCode=KEYCODE_BACK, scanCode=0, metaState=0, flags=0x0, repeatCount=0, eventTime=854689162, downTime=854689162, deviceId=-1, source=0x101 }
08-06 05:24:32.762  1585  1585 D AndroidRuntime: Shutting down VM
08-06 05:24:32.795 13866 13866 I GoogleInputMethodServic: GoogleInputMethodService.onFinishInput():3138 
08-06 05:24:32.796 13866 13866 I GoogleInputMethodServic: GoogleInputMethodService.onStartInput():1808 
08-06 05:24:32.988   356   368 I art     : Starting a blocking GC Explicit
08-06 05:24:33.006   356   368 I art     : Explicit concurrent mark sweep GC freed 1511(85KB) AllocSpace objects, 1(20KB) LOS objects, 23% free, 52MB/68MB, paused 320us total 17.659ms
08-06 05:24:33.014   356   368 I art     : Starting a blocking GC Explicit
08-06 05:24:33.032   356   368 I art     : Explicit concurrent mark sweep GC freed 26(944B) AllocSpace objects, 0(0B) LOS objects, 23% free, 52MB/68MB, paused 332us total 17.158ms
08-06 05:24:33.039   356   368 I art     : Starting a blocking GC Explicit
08-06 05:24:33.056   356   368 I art     : Explicit concurrent mark sweep GC freed 3(96B) AllocSpace objects, 0(0B) LOS objects, 23% free, 52MB/68MB, paused 308us total 16.748ms
08-06 05:24:33.064   356   368 I art     : Starting a blocking GC Explicit
08-06 05:24:33.081   356   368 I art     : Explicit concurrent mark sweep GC freed 3(96B) AllocSpace objects, 0(0B) LOS objects, 23% free, 52MB/68MB, paused 294us total 16.770ms
08-06 05:24:33.089   356   368 I art     : Starting a blocking GC Explicit
08-06 05:24:33.090   380   380 W SurfaceFlinger: couldn't log to binary event log: overflow.
08-06 05:24:33.107   356   368 I art     : Explicit concurrent mark sweep GC freed 111(8KB) AllocSpace objects, 0(0B) LOS objects, 23% free, 52MB/68MB, paused 316us total 17.475ms
08-06 05:24:33.369   356   369 I art     : Starting a blocking GC Explicit
08-06 05:24:33.390   356   369 I art     : Explicit concurrent mark sweep GC freed 2994(184KB) AllocSpace objects, 4(420KB) LOS objects, 23% free, 52MB/68MB, paused 368us total 20.701ms
08-06 05:24:33.402   356   369 I art     : Starting a blocking GC Explicit
08-06 05:24:33.422   356   369 I art     : Explicit concurrent mark sweep GC freed 20(704B) AllocSpace objects, 0(0B) LOS objects, 23% free, 52MB/68MB, paused 343us total 19.495ms
08-06 05:24:33.430   356   369 I art     : Starting a blocking GC Explicit
08-06 05:24:33.450   356   369 I art     : Explicit concurrent mark sweep GC freed 3(96B) AllocSpace objects, 0(0B) LOS objects, 23% free, 52MB/68MB, paused 349us total 19.185ms
08-06 05:24:33.459   356   369 I art     : Starting a blocking GC Explicit
08-06 05:24:33.478   356   369 I art     : Explicit concurrent mark sweep GC freed 3(96B) AllocSpace objects, 0(0B) LOS objects, 23% free, 52MB/68MB, paused 360us total 18.763ms
08-06 05:24:33.486   356   369 I art     : Starting a blocking GC Explicit
08-06 05:24:33.505   356   369 I art     : Explicit concurrent mark sweep GC freed 3(96B) AllocSpace objects, 0(0B) LOS objects, 23% free, 52MB/68MB, paused 331us total 18.909ms
08-06 05:24:33.796   356  1074 I art     : Starting a blocking GC Explicit
08-06 05:24:33.824   356  1074 I art     : Explicit concurrent mark sweep GC freed 1340(78KB) AllocSpace objects, 1(20KB) LOS objects, 23% free, 52MB/68MB, paused 352us total 27.015ms
08-06 05:24:33.836   356  1074 I art     : Starting a blocking GC Explicit
08-06 05:24:33.857   356  1074 I art     : Explicit concurrent mark sweep GC freed 20(704B) AllocSpace objects, 0(0B) LOS objects, 23% free, 52MB/68MB, paused 400us total 20.804ms
08-06 05:24:33.865   356  1074 I art     : Starting a blocking GC Explicit
08-06 05:24:33.884   356  1074 I art     : Explicit concurrent mark sweep GC freed 3(96B) AllocSpace objects, 0(0B) LOS objects, 23% free, 52MB/68MB, paused 341us total 18.680ms
08-06 05:24:33.893   356  1074 I art     : Starting a blocking GC Explicit
08-06 05:24:33.912   356  1074 I art     : Explicit concurrent mark sweep GC freed 3(96B) AllocSpace objects, 0(0B) LOS objects, 23% free, 52MB/68MB, paused 336us total 18.855ms
08-06 05:24:33.921   356  1074 I art     : Starting a blocking GC Explicit
08-06 05:24:33.940   356  1074 I art     : Explicit concurrent mark sweep GC freed 3(96B) AllocSpace objects, 0(0B) LOS objects, 23% free, 52MB/68MB, paused 340us total 18.801ms
08-06 05:24:34.195   356   547 I art     : Starting a blocking GC Explicit
08-06 05:24:34.216   356   547 I art     : Explicit concurrent mark sweep GC freed 1340(78KB) AllocSpace objects, 1(20KB) LOS objects, 23% free, 52MB/68MB, paused 389us total 20.440ms
08-06 05:24:34.230   356   547 I art     : Starting a blocking GC Explicit
08-06 05:24:34.248   356   547 I art     : Explicit concurrent mark sweep GC freed 20(704B) AllocSpace objects, 0(0B) LOS objects, 23% free, 52MB/68MB, paused 366us total 17.750ms
08-06 05:24:34.256   356   547 I art     : Starting a blocking GC Explicit
08-06 05:24:34.274   356   547 I art     : Explicit concurrent mark sweep GC freed 3(96B) AllocSpace objects, 0(0B) LOS objects, 23% free, 52MB/68MB, paused 339us total 17.779ms
08-06 05:24:34.282   356   547 I art     : Starting a blocking GC Explicit
08-06 05:24:34.301   356   547 I art     : Explicit concurrent mark sweep GC freed 3(96B) AllocSpace objects, 0(0B) LOS objects, 23% free, 52MB/68MB, paused 346us total 18.132ms
08-06 05:24:34.309   356   547 I art     : Starting a blocking GC Explicit
08-06 05:24:34.327   356   547 I art     : Explicit concurrent mark sweep GC freed 3(96B) AllocSpace objects, 0(0B) LOS objects, 23% free, 52MB/68MB, paused 401us total 17.943ms
08-06 05:24:34.430  1639  1639 D AndroidRuntime: >>>>>> START com.android.internal.os.RuntimeInit uid 2000 <<<<<<
08-06 05:24:34.438  1639  1639 D AndroidRuntime: CheckJNI is OFF
08-06 05:24:34.473  1639  1639 D ICU     : No timezone override file found: /data/misc/zoneinfo/current/icu/icu_tzdata.dat
08-06 05:24:34.506  1639  1639 I Radio-JNI: register_android_hardware_Radio DONE
08-06 05:24:34.527  1639  1639 D AndroidRuntime: Calling main entry com.android.commands.input.Input
08-06 05:24:34.529  1639  1639 I Input   : injectMotionEvent: MotionEvent { action=ACTION_DOWN, actionButton=0, id[0]=0, x[0]=733.0, y[0]=1957.0, toolType[0]=TOOL_TYPE_UNKNOWN, buttonState=0, metaState=0, flags=0x0, edgeFlags=0x0, pointerCount=1, historySize=0, eventTime=854690942, downTime=854690942, deviceId=0, source=0x1002 }
08-06 05:24:34.535  1639  1639 I Input   : injectMotionEvent: MotionEvent { action=ACTION_UP, actionButton=0, id[0]=0, x[0]=733.0, y[0]=1957.0, toolType[0]=TOOL_TYPE_UNKNOWN, buttonState=0, metaState=0, flags=0x0, edgeFlags=0x0, pointerCount=1, historySize=0, eventTime=854690942, downTime=854690942, deviceId=0, source=0x1002 }
08-06 05:24:34.537   918  5952 I ActivityManager: START u0 {cmp=baseline.appteam.nith.hillffair/.activities.ClubActivity (has extras)} from uid 10697 on display 0
08-06 05:24:34.548  1639  1639 D AndroidRuntime: Shutting down VM
08-06 05:24:34.609   356   547 I art     : Starting a blocking GC Explicit
08-06 05:24:34.628   356   547 I art     : Explicit concurrent mark sweep GC freed 4785(283KB) AllocSpace objects, 1(20KB) LOS objects, 23% free, 52MB/68MB, paused 400us total 18.703ms
08-06 05:24:34.637   356   547 I art     : Starting a blocking GC Explicit
08-06 05:24:34.655   918   936 I ActivityManager: Displayed baseline.appteam.nith.hillffair/.activities.ClubActivity: +105ms
08-06 05:24:34.656 13866 13866 I GoogleInputMethodServic: GoogleInputMethodService.onFinishInput():3138 
08-06 05:24:34.656   356   547 I art     : Explicit concurrent mark sweep GC freed 349(14KB) AllocSpace objects, 0(0B) LOS objects, 23% free, 52MB/68MB, paused 393us total 19.285ms
08-06 05:24:34.656 13866 13866 I GoogleInputMethodServic: GoogleInputMethodService.onStartInput():1808 
08-06 05:24:34.665   356   547 I art     : Starting a blocking GC Explicit
08-06 05:24:34.687   356   547 I art     : Explicit concurrent mark sweep GC freed 37(1488B) AllocSpace objects, 0(0B) LOS objects, 23% free, 52MB/68MB, paused 443us total 21.031ms
08-06 05:24:34.695   356   547 I art     : Starting a blocking GC Explicit
08-06 05:24:34.712   356   547 I art     : Explicit concurrent mark sweep GC freed 51(2496B) AllocSpace objects, 0(0B) LOS objects, 23% free, 52MB/68MB, paused 453us total 16.800ms
08-06 05:24:34.720   356   547 I art     : Starting a blocking GC Explicit
08-06 05:24:34.737   356   547 I art     : Explicit concurrent mark sweep GC freed 43(3KB) AllocSpace objects, 0(0B) LOS objects, 23% free, 52MB/68MB, paused 478us total 17.214ms
08-06 05:24:34.909   380   380 W SurfaceFlinger: couldn't log to binary event log: overflow.
08-06 05:24:35.000   356   368 I art     : Starting a blocking GC Explicit
08-06 05:24:35.019   356   368 I art     : Explicit concurrent mark sweep GC freed 1342(78KB) AllocSpace objects, 1(20KB) LOS objects, 23% free, 52MB/68MB, paused 355us total 18.416ms
08-06 05:24:35.028   356   368 I art     : Starting a blocking GC Explicit
08-06 05:24:35.048   356   368 I art     : Explicit concurrent mark sweep GC freed 121(6KB) AllocSpace objects, 0(0B) LOS objects, 23% free, 52MB/68MB, paused 464us total 20.389ms
08-06 05:24:35.057   356   368 I art     : Starting a blocking GC Explicit
08-06 05:24:35.075   356   368 I art     : Explicit concurrent mark sweep GC freed 11(384B) AllocSpace objects, 0(0B) LOS objects, 23% free, 52MB/68MB, paused 438us total 17.638ms
08-06 05:24:35.083   356   368 I art     : Starting a blocking GC Explicit
08-06 05:24:35.101   356   368 I art     : Explicit concurrent mark sweep GC freed 11(416B) AllocSpace objects, 0(0B) LOS objects, 23% free, 52MB/68MB, paused 376us total 18.172ms
08-06 05:24:35.110   356   368 I art     : Starting a blocking GC Explicit
08-06 05:24:35.129   356   368 I art     : Explicit concurrent mark sweep GC freed 893(66KB) AllocSpace objects, 2(120KB) LOS objects, 23% free, 52MB/68MB, paused 691us total 19.257ms
08-06 05:24:35.147   356  1673 D OkHttp  : --> GET https://api-hillfair-2k16.herokuapp.com/api/app/events/special/event?id=58065620dcba0f490c70fe09 http/1.1
08-06 05:24:35.184   356  1673 D OkHttp  : <-- 200 OK https://api-hillfair-2k16.herokuapp.com/api/app/events/special/event?id=58065620dcba0f490c70fe09 (37ms, 682-byte body)
08-06 05:24:35.245   356   356 I NAPPA_EXPERIMENTATION: MetricNetworkRequestExecutionTime: REQUEST_DURATION_SYSTEM='665',REQUEST_DURATION_OKHTTP='37',REQUEST_SYNCHRONOUS='FALSE',RESPONSE_CODE='200',RESPONSE_METHOD='GET',RESPONSE_LENGTH_OKHTTP='682',RESPONSE_LENGTH_HEADER='682',REQUEST_PROTOCOL='http/1.1',REQUEST_URL='https://api-hillfair-2k16.herokuapp.com/api/app/events/special/event?id=58065620dcba0f490c70fe09',
08-06 05:24:35.400   356   547 I art     : Starting a blocking GC Explicit
08-06 05:24:35.422   356   547 I art     : Explicit concurrent mark sweep GC freed 4496(346KB) AllocSpace objects, 2(100KB) LOS objects, 23% free, 52MB/68MB, paused 373us total 21.396ms
08-06 05:24:35.431   356   547 I art     : Starting a blocking GC Explicit
08-06 05:24:35.450   356   547 I art     : Explicit concurrent mark sweep GC freed 439(44KB) AllocSpace objects, 0(0B) LOS objects, 23% free, 52MB/68MB, paused 364us total 19.166ms
08-06 05:24:35.458   356   547 I art     : Starting a blocking GC Explicit
08-06 05:24:35.478   356   547 I art     : Explicit concurrent mark sweep GC freed 3(96B) AllocSpace objects, 0(0B) LOS objects, 23% free, 52MB/68MB, paused 403us total 19.068ms
08-06 05:24:35.486   356   547 I art     : Starting a blocking GC Explicit
08-06 05:24:35.505   356   547 I art     : Explicit concurrent mark sweep GC freed 3(96B) AllocSpace objects, 0(0B) LOS objects, 23% free, 52MB/68MB, paused 364us total 18.702ms
08-06 05:24:35.514   356   547 I art     : Starting a blocking GC Explicit
08-06 05:24:35.533   356   547 I art     : Explicit concurrent mark sweep GC freed 3(96B) AllocSpace objects, 0(0B) LOS objects, 23% free, 52MB/68MB, paused 361us total 19.257ms
08-06 05:24:35.824   356   547 I art     : Starting a blocking GC Explicit
08-06 05:24:35.853   356   547 I art     : Explicit concurrent mark sweep GC freed 1341(78KB) AllocSpace objects, 1(20KB) LOS objects, 23% free, 52MB/68MB, paused 395us total 29.095ms
08-06 05:24:35.854   356   367 I art     : WaitForGcToComplete blocked for 10.911ms for cause HeapTrim
08-06 05:24:35.865   356   547 I art     : Starting a blocking GC Explicit
08-06 05:24:35.889   356   547 I art     : Explicit concurrent mark sweep GC freed 36(1264B) AllocSpace objects, 0(0B) LOS objects, 23% free, 52MB/68MB, paused 359us total 23.110ms
08-06 05:24:35.897   356   547 I art     : Starting a blocking GC Explicit
08-06 05:24:35.917   356   547 I art     : Explicit concurrent mark sweep GC freed 3(96B) AllocSpace objects, 0(0B) LOS objects, 23% free, 52MB/68MB, paused 398us total 19.936ms
08-06 05:24:35.926   356   547 I art     : Starting a blocking GC Explicit
08-06 05:24:35.932   918  3261 D WifiStateMachine: starting scan for "H369AA63323"WPA_PSK with 2412,5180
08-06 05:24:35.945   356   547 I art     : Explicit concurrent mark sweep GC freed 3(96B) AllocSpace objects, 0(0B) LOS objects, 23% free, 52MB/68MB, paused 359us total 18.758ms
08-06 05:24:35.954   356   547 I art     : Starting a blocking GC Explicit
08-06 05:24:35.973   356   547 I art     : Explicit concurrent mark sweep GC freed 3(96B) AllocSpace objects, 0(0B) LOS objects, 23% free, 52MB/68MB, paused 362us total 19.335ms
08-06 05:24:36.267   356   369 I art     : Starting a blocking GC Explicit
08-06 05:24:36.297   356   369 I art     : Explicit concurrent mark sweep GC freed 1341(78KB) AllocSpace objects, 1(20KB) LOS objects, 23% free, 52MB/68MB, paused 427us total 29.348ms
08-06 05:24:36.310   356   369 I art     : Starting a blocking GC Explicit
08-06 05:24:36.334   356   369 I art     : Explicit concurrent mark sweep GC freed 20(704B) AllocSpace objects, 0(0B) LOS objects, 23% free, 52MB/68MB, paused 387us total 23.785ms
08-06 05:24:36.344   356   369 I art     : Starting a blocking GC Explicit
08-06 05:24:36.364   356   369 I art     : Explicit concurrent mark sweep GC freed 3(96B) AllocSpace objects, 0(0B) LOS objects, 23% free, 52MB/68MB, paused 387us total 19.977ms
08-06 05:24:36.373   356   369 I art     : Starting a blocking GC Explicit
08-06 05:24:36.392   356   369 I art     : Explicit concurrent mark sweep GC freed 3(96B) AllocSpace objects, 0(0B) LOS objects, 23% free, 52MB/68MB, paused 342us total 18.896ms
08-06 05:24:36.401   356   369 I art     : Starting a blocking GC Explicit
08-06 05:24:36.420   356   369 I art     : Explicit concurrent mark sweep GC freed 3(96B) AllocSpace objects, 0(0B) LOS objects, 23% free, 52MB/68MB, paused 364us total 19.274ms
08-06 05:24:36.754   356   368 I art     : Starting a blocking GC Explicit
08-06 05:24:36.782   356   368 I art     : Explicit concurrent mark sweep GC freed 1341(78KB) AllocSpace objects, 1(20KB) LOS objects, 23% free, 52MB/68MB, paused 366us total 27.065ms
08-06 05:24:36.795   356   368 I art     : Starting a blocking GC Explicit
08-06 05:24:36.814   356   368 I art     : Explicit concurrent mark sweep GC freed 20(704B) AllocSpace objects, 0(0B) LOS objects, 23% free, 52MB/68MB, paused 393us total 18.708ms
08-06 05:24:36.822   356   368 I art     : Starting a blocking GC Explicit
08-06 05:24:36.841   356   368 I art     : Explicit concurrent mark sweep GC freed 3(96B) AllocSpace objects, 0(0B) LOS objects, 23% free, 52MB/68MB, paused 346us total 18.746ms
08-06 05:24:36.850   356   368 I art     : Starting a blocking GC Explicit
08-06 05:24:36.869   356   368 I art     : Explicit concurrent mark sweep GC freed 3(96B) AllocSpace objects, 0(0B) LOS objects, 23% free, 52MB/68MB, paused 347us total 18.673ms
08-06 05:24:36.877   356   368 I art     : Starting a blocking GC Explicit
08-06 05:24:36.896   356   368 I art     : Explicit concurrent mark sweep GC freed 3(96B) AllocSpace objects, 0(0B) LOS objects, 23% free, 52MB/68MB, paused 345us total 18.705ms
08-06 05:24:37.184   356  1074 I art     : Starting a blocking GC Explicit
08-06 05:24:37.192  1733  1733 D AndroidRuntime: >>>>>> START com.android.internal.os.RuntimeInit uid 2000 <<<<<<
08-06 05:24:37.196  1733  1733 D AndroidRuntime: CheckJNI is OFF
08-06 05:24:37.204   356  1074 I art     : Explicit concurrent mark sweep GC freed 1341(78KB) AllocSpace objects, 1(20KB) LOS objects, 23% free, 52MB/68MB, paused 369us total 20.094ms
08-06 05:24:37.213   356  1074 I art     : Starting a blocking GC Explicit
08-06 05:24:37.232   356  1074 I art     : Explicit concurrent mark sweep GC freed 20(704B) AllocSpace objects, 0(0B) LOS objects, 23% free, 52MB/68MB, paused 357us total 19.220ms
08-06 05:24:37.233  1733  1733 D ICU     : No timezone override file found: /data/misc/zoneinfo/current/icu/icu_tzdata.dat
08-06 05:24:37.240   356  1074 I art     : Starting a blocking GC Explicit
08-06 05:24:37.260   356  1074 I art     : Explicit concurrent mark sweep GC freed 3(96B) AllocSpace objects, 0(0B) LOS objects, 23% free, 52MB/68MB, paused 371us total 19.012ms
08-06 05:24:37.268   356  1074 I art     : Starting a blocking GC Explicit
08-06 05:24:37.269  1733  1733 I Radio-JNI: register_android_hardware_Radio DONE
08-06 05:24:37.286   356  1074 I art     : Explicit concurrent mark sweep GC freed 3(96B) AllocSpace objects, 0(0B) LOS objects, 23% free, 52MB/68MB, paused 347us total 17.542ms
08-06 05:24:37.290  1733  1733 D AndroidRuntime: Calling main entry com.android.commands.input.Input
08-06 05:24:37.292  1733  1733 I Input   : injectKeyEvent: KeyEvent { action=ACTION_DOWN, keyCode=KEYCODE_BACK, scanCode=0, metaState=0, flags=0x0, repeatCount=0, eventTime=854693705, downTime=854693705, deviceId=-1, source=0x101 }
08-06 05:24:37.294   356  1074 I art     : Starting a blocking GC Explicit
08-06 05:24:37.297  1733  1733 I Input   : injectKeyEvent: KeyEvent { action=ACTION_UP, keyCode=KEYCODE_BACK, scanCode=0, metaState=0, flags=0x0, repeatCount=0, eventTime=854693705, downTime=854693705, deviceId=-1, source=0x101 }
08-06 05:24:37.303  1733  1733 D AndroidRuntime: Shutting down VM
08-06 05:24:37.311   356  1074 I art     : Explicit concurrent mark sweep GC freed 130(5KB) AllocSpace objects, 0(0B) LOS objects, 23% free, 52MB/68MB, paused 379us total 16.798ms
08-06 05:24:37.338 13866 13866 I GoogleInputMethodServic: GoogleInputMethodService.onFinishInput():3138 
08-06 05:24:37.338 13866 13866 I GoogleInputMethodServic: GoogleInputMethodService.onStartInput():1808 
08-06 05:24:37.570   356   369 I art     : Starting a blocking GC Explicit
08-06 05:24:37.593   356   369 I art     : Explicit concurrent mark sweep GC freed 1384(79KB) AllocSpace objects, 1(20KB) LOS objects, 23% free, 52MB/68MB, paused 358us total 22.615ms
08-06 05:24:37.603   356   369 I art     : Starting a blocking GC Explicit
08-06 05:24:37.626   356   369 I art     : Explicit concurrent mark sweep GC freed 26(944B) AllocSpace objects, 0(0B) LOS objects, 23% free, 52MB/68MB, paused 356us total 22.859ms
08-06 05:24:37.635   356   369 I art     : Starting a blocking GC Explicit
08-06 05:24:37.645   380   380 W SurfaceFlinger: couldn't log to binary event log: overflow.
08-06 05:24:37.654   356   369 I art     : Explicit concurrent mark sweep GC freed 90(7KB) AllocSpace objects, 0(0B) LOS objects, 23% free, 52MB/68MB, paused 359us total 18.768ms
08-06 05:24:37.663   356   369 I art     : Starting a blocking GC Explicit
08-06 05:24:37.682   356   369 I art     : Explicit concurrent mark sweep GC freed 25(1200B) AllocSpace objects, 0(0B) LOS objects, 23% free, 52MB/68MB, paused 353us total 18.931ms
08-06 05:24:37.690   356   369 I art     : Starting a blocking GC Explicit
08-06 05:24:37.708   356   369 I art     : Explicit concurrent mark sweep GC freed 1655(106KB) AllocSpace objects, 3(400KB) LOS objects, 23% free, 52MB/68MB, paused 345us total 17.430ms
08-06 05:24:37.979   356   368 I art     : Starting a blocking GC Explicit
08-06 05:24:38.002   356   368 I art     : Explicit concurrent mark sweep GC freed 1341(78KB) AllocSpace objects, 1(20KB) LOS objects, 23% free, 52MB/68MB, paused 377us total 22.741ms
08-06 05:24:38.013   356   368 I art     : Starting a blocking GC Explicit
08-06 05:24:38.033   356   368 I art     : Explicit concurrent mark sweep GC freed 20(704B) AllocSpace objects, 0(0B) LOS objects, 23% free, 52MB/68MB, paused 351us total 19.386ms
08-06 05:24:38.042   356   368 I art     : Starting a blocking GC Explicit
08-06 05:24:38.061   356   368 I art     : Explicit concurrent mark sweep GC freed 3(96B) AllocSpace objects, 0(0B) LOS objects, 23% free, 52MB/68MB, paused 376us total 18.831ms
08-06 05:24:38.069   356   368 I art     : Starting a blocking GC Explicit
08-06 05:24:38.088   356   368 I art     : Explicit concurrent mark sweep GC freed 3(96B) AllocSpace objects, 0(0B) LOS objects, 23% free, 52MB/68MB, paused 348us total 18.984ms
08-06 05:24:38.097   356   368 I art     : Starting a blocking GC Explicit
08-06 05:24:38.116   356   368 I art     : Explicit concurrent mark sweep GC freed 3(96B) AllocSpace objects, 0(0B) LOS objects, 23% free, 52MB/68MB, paused 340us total 18.271ms
08-06 05:24:38.396   356  1074 I art     : Starting a blocking GC Explicit
08-06 05:24:38.419   356  1074 I art     : Explicit concurrent mark sweep GC freed 1340(78KB) AllocSpace objects, 1(20KB) LOS objects, 23% free, 52MB/68MB, paused 380us total 22.180ms
08-06 05:24:38.430   356  1074 I art     : Starting a blocking GC Explicit
08-06 05:24:38.449   356  1074 I art     : Explicit concurrent mark sweep GC freed 20(704B) AllocSpace objects, 0(0B) LOS objects, 23% free, 52MB/68MB, paused 351us total 19.142ms
08-06 05:24:38.458   356  1074 I art     : Starting a blocking GC Explicit
08-06 05:24:38.478   356  1074 I art     : Explicit concurrent mark sweep GC freed 3(96B) AllocSpace objects, 0(0B) LOS objects, 23% free, 52MB/68MB, paused 363us total 19.520ms
08-06 05:24:38.486   356  1074 I art     : Starting a blocking GC Explicit
08-06 05:24:38.506   356  1074 I art     : Explicit concurrent mark sweep GC freed 3(96B) AllocSpace objects, 0(0B) LOS objects, 23% free, 52MB/68MB, paused 345us total 19.189ms
08-06 05:24:38.514   356  1074 I art     : Starting a blocking GC Explicit
08-06 05:24:38.533   356  1074 I art     : Explicit concurrent mark sweep GC freed 3(96B) AllocSpace objects, 0(0B) LOS objects, 23% free, 52MB/68MB, paused 334us total 17.974ms
08-06 05:24:38.659 32067 32067 I ServiceManager: Waiting for service AtCmdFwd...
08-06 05:24:38.800   356   547 I art     : Starting a blocking GC Explicit
08-06 05:24:38.819   356   547 I art     : Explicit concurrent mark sweep GC freed 1340(78KB) AllocSpace objects, 1(20KB) LOS objects, 23% free, 52MB/68MB, paused 381us total 19.535ms
08-06 05:24:38.828   356   547 I art     : Starting a blocking GC Explicit
08-06 05:24:38.847   356   547 I art     : Explicit concurrent mark sweep GC freed 20(704B) AllocSpace objects, 0(0B) LOS objects, 23% free, 52MB/68MB, paused 447us total 18.906ms
08-06 05:24:38.856   356   547 I art     : Starting a blocking GC Explicit
08-06 05:24:38.875   356   547 I art     : Explicit concurrent mark sweep GC freed 3(96B) AllocSpace objects, 0(0B) LOS objects, 23% free, 52MB/68MB, paused 372us total 18.910ms
08-06 05:24:38.883   356   547 I art     : Starting a blocking GC Explicit
08-06 05:24:38.902   356   547 I art     : Explicit concurrent mark sweep GC freed 3(96B) AllocSpace objects, 0(0B) LOS objects, 23% free, 52MB/68MB, paused 373us total 18.431ms
08-06 05:24:38.910   356   547 I art     : Starting a blocking GC Explicit
08-06 05:24:38.929   356   547 I art     : Explicit concurrent mark sweep GC freed 3(96B) AllocSpace objects, 0(0B) LOS objects, 23% free, 52MB/68MB, paused 363us total 18.516ms
08-06 05:24:38.951  1791  1791 D AndroidRuntime: >>>>>> START com.android.internal.os.RuntimeInit uid 2000 <<<<<<
08-06 05:24:38.956  1791  1791 D AndroidRuntime: CheckJNI is OFF
08-06 05:24:38.989  1791  1791 D ICU     : No timezone override file found: /data/misc/zoneinfo/current/icu/icu_tzdata.dat
08-06 05:24:39.022  1791  1791 I Radio-JNI: register_android_hardware_Radio DONE
08-06 05:24:39.047  1791  1791 D AndroidRuntime: Calling main entry com.android.commands.input.Input
08-06 05:24:39.049  1791  1791 I Input   : injectMotionEvent: MotionEvent { action=ACTION_DOWN, actionButton=0, id[0]=0, x[0]=733.0, y[0]=1957.0, toolType[0]=TOOL_TYPE_UNKNOWN, buttonState=0, metaState=0, flags=0x0, edgeFlags=0x0, pointerCount=1, historySize=0, eventTime=854695462, downTime=854695462, deviceId=0, source=0x1002 }
08-06 05:24:39.061  1791  1791 I Input   : injectMotionEvent: MotionEvent { action=ACTION_UP, actionButton=0, id[0]=0, x[0]=733.0, y[0]=1957.0, toolType[0]=TOOL_TYPE_UNKNOWN, buttonState=0, metaState=0, flags=0x0, edgeFlags=0x0, pointerCount=1, historySize=0, eventTime=854695462, downTime=854695462, deviceId=0, source=0x1002 }
08-06 05:24:39.062   918  3359 I ActivityManager: START u0 {cmp=baseline.appteam.nith.hillffair/.activities.ClubActivity (has extras)} from uid 10697 on display 0
08-06 05:24:39.071  1791  1791 D AndroidRuntime: Shutting down VM
08-06 05:24:39.152   918   936 I ActivityManager: Displayed baseline.appteam.nith.hillffair/.activities.ClubActivity: +80ms
08-06 05:24:39.153 13866 13866 I GoogleInputMethodServic: GoogleInputMethodService.onFinishInput():3138 
08-06 05:24:39.153 13866 13866 I GoogleInputMethodServic: GoogleInputMethodService.onStartInput():1808 
08-06 05:24:39.180   356   368 I art     : Starting a blocking GC Explicit
08-06 05:24:39.201   356   368 I art     : Explicit concurrent mark sweep GC freed 5220(327KB) AllocSpace objects, 1(20KB) LOS objects, 23% free, 52MB/68MB, paused 375us total 20.820ms
08-06 05:24:39.211   356   368 I art     : Starting a blocking GC Explicit
08-06 05:24:39.227   356   368 I art     : Explicit concurrent mark sweep GC freed 283(15KB) AllocSpace objects, 0(0B) LOS objects, 23% free, 52MB/68MB, paused 377us total 16.693ms
08-06 05:24:39.235   356   368 I art     : Starting a blocking GC Explicit
08-06 05:24:39.255   356   368 I art     : Explicit concurrent mark sweep GC freed 9(464B) AllocSpace objects, 0(0B) LOS objects, 23% free, 52MB/68MB, paused 368us total 19.556ms
08-06 05:24:39.264   356   368 I art     : Starting a blocking GC Explicit
08-06 05:24:39.286   356   368 I art     : Explicit concurrent mark sweep GC freed 3(96B) AllocSpace objects, 0(0B) LOS objects, 23% free, 52MB/68MB, paused 451us total 21.426ms
08-06 05:24:39.295   356   368 I art     : Starting a blocking GC Explicit
08-06 05:24:39.314   356   368 I art     : Explicit concurrent mark sweep GC freed 3(96B) AllocSpace objects, 0(0B) LOS objects, 23% free, 52MB/68MB, paused 435us total 18.883ms
08-06 05:24:39.415   380   380 W SurfaceFlinger: couldn't log to binary event log: overflow.
08-06 05:24:39.568   356   547 I art     : Starting a blocking GC Explicit
08-06 05:24:39.587   356   547 I art     : Explicit concurrent mark sweep GC freed 1446(84KB) AllocSpace objects, 1(20KB) LOS objects, 23% free, 52MB/68MB, paused 383us total 18.595ms
08-06 05:24:39.595   356   547 I art     : Starting a blocking GC Explicit
08-06 05:24:39.615   356   547 I art     : Explicit concurrent mark sweep GC freed 29(1040B) AllocSpace objects, 0(0B) LOS objects, 23% free, 52MB/68MB, paused 464us total 19.625ms
08-06 05:24:39.623   356   547 I art     : Starting a blocking GC Explicit
08-06 05:24:39.642   356   547 I art     : Explicit concurrent mark sweep GC freed 11(416B) AllocSpace objects, 0(0B) LOS objects, 23% free, 52MB/68MB, paused 407us total 18.655ms
08-06 05:24:39.650   356   547 I art     : Starting a blocking GC Explicit
08-06 05:24:39.659 32067 32067 I ServiceManager: Waiting for service AtCmdFwd...
08-06 05:24:39.669   356   547 I art     : Explicit concurrent mark sweep GC freed 13(480B) AllocSpace objects, 0(0B) LOS objects, 23% free, 52MB/68MB, paused 399us total 18.759ms
08-06 05:24:39.677   356   547 I art     : Starting a blocking GC Explicit
08-06 05:24:39.696   356   547 I art     : Explicit concurrent mark sweep GC freed 10(352B) AllocSpace objects, 0(0B) LOS objects, 23% free, 52MB/68MB, paused 408us total 18.977ms
08-06 05:24:39.957   356  1820 D OkHttp  : --> GET https://api-hillfair-2k16.herokuapp.com/api/app/events/special/event?id=58065620dcba0f490c70fe09 http/1.1
08-06 05:24:39.990   356  1820 D OkHttp  : <-- 200 OK https://api-hillfair-2k16.herokuapp.com/api/app/events/special/event?id=58065620dcba0f490c70fe09 (31ms, 682-byte body)
08-06 05:24:39.997   356   368 I art     : Starting a blocking GC Explicit
08-06 05:24:40.019   356   368 I art     : Explicit concurrent mark sweep GC freed 4208(248KB) AllocSpace objects, 4(220KB) LOS objects, 23% free, 52MB/68MB, paused 408us total 21.961ms
08-06 05:24:40.028   356   368 I art     : Starting a blocking GC Explicit
08-06 05:24:40.048   356   368 I art     : Explicit concurrent mark sweep GC freed 1019(119KB) AllocSpace objects, 0(0B) LOS objects, 23% free, 52MB/68MB, paused 456us total 20.175ms
08-06 05:24:40.057   356   368 I art     : Starting a blocking GC Explicit
08-06 05:24:40.066   356   356 I NAPPA_EXPERIMENTATION: MetricNetworkRequestExecutionTime: REQUEST_DURATION_SYSTEM='973',REQUEST_DURATION_OKHTTP='31',REQUEST_SYNCHRONOUS='FALSE',RESPONSE_CODE='200',RESPONSE_METHOD='GET',RESPONSE_LENGTH_OKHTTP='682',RESPONSE_LENGTH_HEADER='682',REQUEST_PROTOCOL='http/1.1',REQUEST_URL='https://api-hillfair-2k16.herokuapp.com/api/app/events/special/event?id=58065620dcba0f490c70fe09',
08-06 05:24:40.075   356   368 I art     : Explicit concurrent mark sweep GC freed 537(60KB) AllocSpace objects, 0(0B) LOS objects, 23% free, 52MB/68MB, paused 413us total 18.371ms
08-06 05:24:40.084   356   368 I art     : Starting a blocking GC Explicit
08-06 05:24:40.103   356   368 I art     : Explicit concurrent mark sweep GC freed 109(4KB) AllocSpace objects, 0(0B) LOS objects, 23% free, 52MB/68MB, paused 346us total 19.271ms
08-06 05:24:40.111   356   368 I art     : Starting a blocking GC Explicit
08-06 05:24:40.130   356   368 I art     : Explicit concurrent mark sweep GC freed 4(128B) AllocSpace objects, 0(0B) LOS objects, 23% free, 52MB/68MB, paused 366us total 18.477ms
08-06 05:24:40.414   356   547 I art     : Starting a blocking GC Explicit
08-06 05:24:40.436   356   547 I art     : Explicit concurrent mark sweep GC freed 1341(78KB) AllocSpace objects, 1(20KB) LOS objects, 23% free, 52MB/68MB, paused 375us total 21.023ms
08-06 05:24:40.445   356   547 I art     : Starting a blocking GC Explicit
08-06 05:24:40.465   356   547 I art     : Explicit concurrent mark sweep GC freed 20(704B) AllocSpace objects, 0(0B) LOS objects, 23% free, 52MB/68MB, paused 369us total 19.762ms
08-06 05:24:40.473   356   547 I art     : Starting a blocking GC Explicit
08-06 05:24:40.493   356   547 I art     : Explicit concurrent mark sweep GC freed 19(656B) AllocSpace objects, 0(0B) LOS objects, 23% free, 52MB/68MB, paused 366us total 19.783ms
08-06 05:24:40.502   356   547 I art     : Starting a blocking GC Explicit
08-06 05:24:40.523   356   547 I art     : Explicit concurrent mark sweep GC freed 3(96B) AllocSpace objects, 0(0B) LOS objects, 23% free, 52MB/68MB, paused 456us total 21.051ms
08-06 05:24:40.533   356   547 I art     : Starting a blocking GC Explicit
08-06 05:24:40.552   356   547 I art     : Explicit concurrent mark sweep GC freed 3(96B) AllocSpace objects, 0(0B) LOS objects, 23% free, 52MB/68MB, paused 379us total 19.582ms
08-06 05:24:40.660 32067 32067 I ServiceManager: Waiting for service AtCmdFwd...
08-06 05:24:40.857   356  1074 I art     : Starting a blocking GC Explicit
08-06 05:24:40.882   356  1074 I art     : Explicit concurrent mark sweep GC freed 1341(78KB) AllocSpace objects, 1(20KB) LOS objects, 23% free, 52MB/68MB, paused 406us total 25.095ms
08-06 05:24:40.894   356  1074 I art     : Starting a blocking GC Explicit
08-06 05:24:40.915   356  1074 I art     : Explicit concurrent mark sweep GC freed 20(704B) AllocSpace objects, 0(0B) LOS objects, 23% free, 52MB/68MB, paused 416us total 20.787ms
08-06 05:24:40.915   356   367 I art     : WaitForGcToComplete blocked for 21.047ms for cause HeapTrim
08-06 05:24:40.924   356  1074 I art     : Starting a blocking GC Explicit
08-06 05:24:40.945   356  1074 I art     : Explicit concurrent mark sweep GC freed 3(96B) AllocSpace objects, 0(0B) LOS objects, 23% free, 52MB/68MB, paused 365us total 20.410ms
08-06 05:24:40.953   356  1074 I art     : Starting a blocking GC Explicit
08-06 05:24:40.974   356  1074 I art     : Explicit concurrent mark sweep GC freed 3(96B) AllocSpace objects, 0(0B) LOS objects, 23% free, 52MB/68MB, paused 385us total 20.716ms
08-06 05:24:40.983   356  1074 I art     : Starting a blocking GC Explicit
08-06 05:24:41.004   356  1074 I art     : Explicit concurrent mark sweep GC freed 3(96B) AllocSpace objects, 0(0B) LOS objects, 23% free, 52MB/68MB, paused 372us total 20.352ms
08-06 05:24:41.308   356   369 I art     : Starting a blocking GC Explicit
08-06 05:24:41.330   356   369 I art     : Explicit concurrent mark sweep GC freed 1341(78KB) AllocSpace objects, 1(20KB) LOS objects, 23% free, 52MB/68MB, paused 365us total 22.078ms
08-06 05:24:41.339   356   369 I art     : Starting a blocking GC Explicit
08-06 05:24:41.359   356   369 I art     : Explicit concurrent mark sweep GC freed 20(720B) AllocSpace objects, 0(0B) LOS objects, 23% free, 52MB/68MB, paused 394us total 19.375ms
08-06 05:24:41.367   356   369 I art     : Starting a blocking GC Explicit
08-06 05:24:41.386   356   369 I art     : Explicit concurrent mark sweep GC freed 3(96B) AllocSpace objects, 0(0B) LOS objects, 23% free, 52MB/68MB, paused 383us total 19.068ms
08-06 05:24:41.394   356   369 I art     : Starting a blocking GC Explicit
08-06 05:24:41.414   356   369 I art     : Explicit concurrent mark sweep GC freed 3(96B) AllocSpace objects, 0(0B) LOS objects, 23% free, 52MB/68MB, paused 427us total 19.246ms
08-06 05:24:41.422   356   369 I art     : Starting a blocking GC Explicit
08-06 05:24:41.441   356   369 I art     : Explicit concurrent mark sweep GC freed 3(96B) AllocSpace objects, 0(0B) LOS objects, 23% free, 52MB/68MB, paused 388us total 19.072ms
08-06 05:24:41.660 32067 32067 I ServiceManager: Waiting for service AtCmdFwd...
08-06 05:24:41.735  1876  1876 D AndroidRuntime: >>>>>> START com.android.internal.os.RuntimeInit uid 2000 <<<<<<
08-06 05:24:41.740  1876  1876 D AndroidRuntime: CheckJNI is OFF
08-06 05:24:41.743   356   368 I art     : Starting a blocking GC Explicit
08-06 05:24:41.763   356   368 I art     : Explicit concurrent mark sweep GC freed 1341(78KB) AllocSpace objects, 1(20KB) LOS objects, 23% free, 52MB/68MB, paused 392us total 20.196ms
08-06 05:24:41.772   356   368 I art     : Starting a blocking GC Explicit
08-06 05:24:41.779  1876  1876 D ICU     : No timezone override file found: /data/misc/zoneinfo/current/icu/icu_tzdata.dat
08-06 05:24:41.793   356   368 I art     : Explicit concurrent mark sweep GC freed 20(704B) AllocSpace objects, 0(0B) LOS objects, 23% free, 52MB/68MB, paused 389us total 20.540ms
08-06 05:24:41.800   356   368 I art     : Starting a blocking GC Explicit
08-06 05:24:41.812  1876  1876 I Radio-JNI: register_android_hardware_Radio DONE
08-06 05:24:41.818   356   368 I art     : Explicit concurrent mark sweep GC freed 3(96B) AllocSpace objects, 0(0B) LOS objects, 23% free, 52MB/68MB, paused 419us total 17.762ms
08-06 05:24:41.826   356   368 I art     : Starting a blocking GC Explicit
08-06 05:24:41.833  1876  1876 D AndroidRuntime: Calling main entry com.android.commands.input.Input
08-06 05:24:41.835  1876  1876 I Input   : injectKeyEvent: KeyEvent { action=ACTION_DOWN, keyCode=KEYCODE_BACK, scanCode=0, metaState=0, flags=0x0, repeatCount=0, eventTime=854698248, downTime=854698248, deviceId=-1, source=0x101 }
08-06 05:24:41.839  1876  1876 I Input   : injectKeyEvent: KeyEvent { action=ACTION_UP, keyCode=KEYCODE_BACK, scanCode=0, metaState=0, flags=0x0, repeatCount=0, eventTime=854698248, downTime=854698248, deviceId=-1, source=0x101 }
08-06 05:24:41.844   356   368 I art     : Explicit concurrent mark sweep GC freed 4(128B) AllocSpace objects, 0(0B) LOS objects, 23% free, 52MB/68MB, paused 421us total 17.635ms
08-06 05:24:41.845  1876  1876 D AndroidRuntime: Shutting down VM
08-06 05:24:41.852   356   368 I art     : Starting a blocking GC Explicit
08-06 05:24:41.870   356   368 I art     : Explicit concurrent mark sweep GC freed 143(6KB) AllocSpace objects, 0(0B) LOS objects, 23% free, 52MB/68MB, paused 358us total 18.007ms
08-06 05:24:41.890 13866 13866 I GoogleInputMethodServic: GoogleInputMethodService.onFinishInput():3138 
08-06 05:24:41.891 13866 13866 I GoogleInputMethodServic: GoogleInputMethodService.onStartInput():1808 
08-06 05:24:42.144   356   369 I art     : Starting a blocking GC Explicit
08-06 05:24:42.168   356   369 I art     : Explicit concurrent mark sweep GC freed 1370(79KB) AllocSpace objects, 1(20KB) LOS objects, 23% free, 52MB/68MB, paused 372us total 23.547ms
08-06 05:24:42.180   356   369 I art     : Starting a blocking GC Explicit
08-06 05:24:42.199   356   369 I art     : Explicit concurrent mark sweep GC freed 26(944B) AllocSpace objects, 0(0B) LOS objects, 23% free, 52MB/68MB, paused 369us total 18.989ms
08-06 05:24:42.200   380   380 W SurfaceFlinger: couldn't log to binary event log: overflow.
08-06 05:24:42.208   356   369 I art     : Starting a blocking GC Explicit
08-06 05:24:42.227   356   369 I art     : Explicit concurrent mark sweep GC freed 112(8KB) AllocSpace objects, 0(0B) LOS objects, 23% free, 52MB/68MB, paused 415us total 19.163ms
08-06 05:24:42.235   356   369 I art     : Starting a blocking GC Explicit
08-06 05:24:42.253   356   369 I art     : Explicit concurrent mark sweep GC freed 1655(106KB) AllocSpace objects, 3(400KB) LOS objects, 23% free, 52MB/68MB, paused 363us total 17.656ms
08-06 05:24:42.261   356   369 I art     : Starting a blocking GC Explicit
08-06 05:24:42.279   356   369 I art     : Explicit concurrent mark sweep GC freed 3(96B) AllocSpace objects, 0(0B) LOS objects, 23% free, 52MB/68MB, paused 359us total 18.434ms
08-06 05:24:42.555   356   547 I art     : Starting a blocking GC Explicit
08-06 05:24:42.578   356   547 I art     : Explicit concurrent mark sweep GC freed 1341(78KB) AllocSpace objects, 1(20KB) LOS objects, 23% free, 52MB/68MB, paused 476us total 22.381ms
08-06 05:24:42.590   356   547 I art     : Starting a blocking GC Explicit
08-06 05:24:42.611   356   547 I art     : Explicit concurrent mark sweep GC freed 20(704B) AllocSpace objects, 0(0B) LOS objects, 23% free, 52MB/68MB, paused 393us total 19.966ms
08-06 05:24:42.619   356   547 I art     : Starting a blocking GC Explicit
08-06 05:24:42.639   356   547 I art     : Explicit concurrent mark sweep GC freed 3(96B) AllocSpace objects, 0(0B) LOS objects, 23% free, 52MB/68MB, paused 385us total 20.004ms
08-06 05:24:42.648   356   547 I art     : Starting a blocking GC Explicit
08-06 05:24:42.661 32067 32067 I ServiceManager: Waiting for service AtCmdFwd...
08-06 05:24:42.668   356   547 I art     : Explicit concurrent mark sweep GC freed 3(96B) AllocSpace objects, 0(0B) LOS objects, 23% free, 52MB/68MB, paused 426us total 19.623ms
08-06 05:24:42.677   356   547 I art     : Starting a blocking GC Explicit
08-06 05:24:42.696   356   547 I art     : Explicit concurrent mark sweep GC freed 3(96B) AllocSpace objects, 0(0B) LOS objects, 23% free, 52MB/68MB, paused 382us total 18.832ms
08-06 05:24:42.984   356   368 I art     : Starting a blocking GC Explicit
08-06 05:24:43.009   356   368 I art     : Explicit concurrent mark sweep GC freed 1340(78KB) AllocSpace objects, 1(20KB) LOS objects, 23% free, 52MB/68MB, paused 415us total 24.631ms
08-06 05:24:43.021   356   368 I art     : Starting a blocking GC Explicit
08-06 05:24:43.042   356   368 I art     : Explicit concurrent mark sweep GC freed 20(704B) AllocSpace objects, 0(0B) LOS objects, 23% free, 52MB/68MB, paused 374us total 20.755ms
08-06 05:24:43.051   356   368 I art     : Starting a blocking GC Explicit
08-06 05:24:43.070   356   368 I art     : Explicit concurrent mark sweep GC freed 3(96B) AllocSpace objects, 0(0B) LOS objects, 23% free, 52MB/68MB, paused 363us total 19.228ms
08-06 05:24:43.079   356   368 I art     : Starting a blocking GC Explicit
08-06 05:24:43.098   356   368 I art     : Explicit concurrent mark sweep GC freed 3(96B) AllocSpace objects, 0(0B) LOS objects, 23% free, 52MB/68MB, paused 430us total 18.320ms
08-06 05:24:43.106   356   368 I art     : Starting a blocking GC Explicit
08-06 05:24:43.124   356   368 I art     : Explicit concurrent mark sweep GC freed 3(96B) AllocSpace objects, 0(0B) LOS objects, 23% free, 52MB/68MB, paused 382us total 17.384ms
08-06 05:24:43.391   356  1074 I art     : Starting a blocking GC Explicit
08-06 05:24:43.410   356  1074 I art     : Explicit concurrent mark sweep GC freed 1340(78KB) AllocSpace objects, 1(20KB) LOS objects, 23% free, 52MB/68MB, paused 384us total 19.313ms
08-06 05:24:43.419   356  1074 I art     : Starting a blocking GC Explicit
08-06 05:24:43.438   356  1074 I art     : Explicit concurrent mark sweep GC freed 20(704B) AllocSpace objects, 0(0B) LOS objects, 23% free, 52MB/68MB, paused 390us total 19.254ms
08-06 05:24:43.447   356  1074 I art     : Starting a blocking GC Explicit
08-06 05:24:43.466   356  1074 I art     : Explicit concurrent mark sweep GC freed 3(96B) AllocSpace objects, 0(0B) LOS objects, 23% free, 52MB/68MB, paused 383us total 18.506ms
08-06 05:24:43.474   356  1074 I art     : Starting a blocking GC Explicit
08-06 05:24:43.492   356  1074 I art     : Explicit concurrent mark sweep GC freed 3(96B) AllocSpace objects, 0(0B) LOS objects, 23% free, 52MB/68MB, paused 365us total 18.386ms
08-06 05:24:43.498  1932  1932 D AndroidRuntime: >>>>>> START com.android.internal.os.RuntimeInit uid 2000 <<<<<<
08-06 05:24:43.501   356  1074 I art     : Starting a blocking GC Explicit
08-06 05:24:43.503  1932  1932 D AndroidRuntime: CheckJNI is OFF
08-06 05:24:43.520   356  1074 I art     : Explicit concurrent mark sweep GC freed 3(96B) AllocSpace objects, 0(0B) LOS objects, 23% free, 52MB/68MB, paused 392us total 18.584ms
08-06 05:24:43.540  1932  1932 D ICU     : No timezone override file found: /data/misc/zoneinfo/current/icu/icu_tzdata.dat
08-06 05:24:43.573  1932  1932 I Radio-JNI: register_android_hardware_Radio DONE
08-06 05:24:43.595  1932  1932 D AndroidRuntime: Calling main entry com.android.commands.input.Input
08-06 05:24:43.597  1932  1932 I Input   : injectMotionEvent: MotionEvent { action=ACTION_DOWN, actionButton=0, id[0]=0, x[0]=733.0, y[0]=645.0, toolType[0]=TOOL_TYPE_UNKNOWN, buttonState=0, metaState=0, flags=0x0, edgeFlags=0x0, pointerCount=1, historySize=0, eventTime=854700009, downTime=854700009, deviceId=0, source=0x1002 }
08-06 05:24:43.604  1932  1932 I Input   : injectMotionEvent: MotionEvent { action=ACTION_UP, actionButton=0, id[0]=0, x[0]=733.0, y[0]=645.0, toolType[0]=TOOL_TYPE_UNKNOWN, buttonState=0, metaState=0, flags=0x0, edgeFlags=0x0, pointerCount=1, historySize=0, eventTime=854700009, downTime=854700009, deviceId=0, source=0x1002 }
08-06 05:24:43.606   918  6111 I ActivityManager: START u0 {cmp=baseline.appteam.nith.hillffair/.activities.ClubActivity (has extras)} from uid 10697 on display 0
08-06 05:24:43.616  1932  1932 D AndroidRuntime: Shutting down VM
08-06 05:24:43.661 32067 32067 W Atfwd_Sendcmd: AtCmdFwd service not published, waiting... retryCnt : 4
08-06 05:24:43.727   918   936 I ActivityManager: Displayed baseline.appteam.nith.hillffair/.activities.ClubActivity: +110ms
08-06 05:24:43.727 13866 13866 I GoogleInputMethodServic: GoogleInputMethodService.onFinishInput():3138 
08-06 05:24:43.728 13866 13866 I GoogleInputMethodServic: GoogleInputMethodService.onStartInput():1808 
08-06 05:24:43.764   356   368 I art     : Starting a blocking GC Explicit
08-06 05:24:43.784   356   368 I art     : Explicit concurrent mark sweep GC freed 5287(330KB) AllocSpace objects, 1(20KB) LOS objects, 23% free, 52MB/68MB, paused 394us total 19.273ms
08-06 05:24:43.791   356   368 I art     : Starting a blocking GC Explicit
08-06 05:24:43.810   356   368 I art     : Explicit concurrent mark sweep GC freed 211(9KB) AllocSpace objects, 0(0B) LOS objects, 23% free, 52MB/68MB, paused 390us total 18.193ms
08-06 05:24:43.818   356   368 I art     : Starting a blocking GC Explicit
08-06 05:24:43.836   356   368 I art     : Explicit concurrent mark sweep GC freed 3(96B) AllocSpace objects, 0(0B) LOS objects, 23% free, 52MB/68MB, paused 425us total 18.181ms
08-06 05:24:43.844   356   368 I art     : Starting a blocking GC Explicit
08-06 05:24:43.865   356   368 I art     : Explicit concurrent mark sweep GC freed 3(96B) AllocSpace objects, 0(0B) LOS objects, 23% free, 52MB/68MB, paused 475us total 20.853ms
08-06 05:24:43.876   356   368 I art     : Starting a blocking GC Explicit
08-06 05:24:43.897   356   368 I art     : Explicit concurrent mark sweep GC freed 3(96B) AllocSpace objects, 0(0B) LOS objects, 23% free, 52MB/68MB, paused 469us total 21.465ms
08-06 05:24:43.969   380   380 W SurfaceFlinger: couldn't log to binary event log: overflow.
08-06 05:24:44.151   356   547 I art     : Starting a blocking GC Explicit
08-06 05:24:44.171   356   547 I art     : Explicit concurrent mark sweep GC freed 1451(84KB) AllocSpace objects, 1(20KB) LOS objects, 23% free, 52MB/68MB, paused 432us total 20.516ms
08-06 05:24:44.180   356   547 I art     : Starting a blocking GC Explicit
08-06 05:24:44.200   356   547 I art     : Explicit concurrent mark sweep GC freed 32(1152B) AllocSpace objects, 0(0B) LOS objects, 23% free, 52MB/68MB, paused 437us total 19.328ms
08-06 05:24:44.208   356   547 I art     : Starting a blocking GC Explicit
08-06 05:24:44.228   356   547 I art     : Explicit concurrent mark sweep GC freed 558(51KB) AllocSpace objects, 0(0B) LOS objects, 23% free, 52MB/68MB, paused 590us total 19.467ms
08-06 05:24:44.236   356   547 I art     : Starting a blocking GC Explicit
08-06 05:24:44.257   356   547 I art     : Explicit concurrent mark sweep GC freed 1999(79KB) AllocSpace objects, 2(120KB) LOS objects, 23% free, 52MB/68MB, paused 439us total 20.331ms
08-06 05:24:44.261   356  1957 D OkHttp  : --> GET https://api-hillfair-2k16.herokuapp.com/api/app/events/special/event?id=5806551bdcba0f490c70fd1f http/1.1
08-06 05:24:44.264   356   547 I art     : Starting a blocking GC Explicit
08-06 05:24:44.283   356   547 I art     : Explicit concurrent mark sweep GC freed 994(119KB) AllocSpace objects, 1(80KB) LOS objects, 23% free, 52MB/68MB, paused 424us total 18.823ms
08-06 05:24:44.293   356  1957 D OkHttp  : <-- 200 OK https://api-hillfair-2k16.herokuapp.com/api/app/events/special/event?id=5806551bdcba0f490c70fd1f (31ms, 795-byte body)
08-06 05:24:44.338   356   356 I NAPPA_EXPERIMENTATION: MetricNetworkRequestExecutionTime: REQUEST_DURATION_SYSTEM='685',REQUEST_DURATION_OKHTTP='31',REQUEST_SYNCHRONOUS='FALSE',RESPONSE_CODE='200',RESPONSE_METHOD='GET',RESPONSE_LENGTH_OKHTTP='795',RESPONSE_LENGTH_HEADER='795',REQUEST_PROTOCOL='http/1.1',REQUEST_URL='https://api-hillfair-2k16.herokuapp.com/api/app/events/special/event?id=5806551bdcba0f490c70fd1f',
08-06 05:24:44.557   356  1074 I art     : Starting a blocking GC Explicit
08-06 05:24:44.579   356  1074 I art     : Explicit concurrent mark sweep GC freed 2158(176KB) AllocSpace objects, 1(20KB) LOS objects, 23% free, 52MB/68MB, paused 397us total 21.377ms
08-06 05:24:44.588   356  1074 I art     : Starting a blocking GC Explicit
08-06 05:24:44.609   356  1074 I art     : Explicit concurrent mark sweep GC freed 97(3KB) AllocSpace objects, 0(0B) LOS objects, 23% free, 52MB/68MB, paused 443us total 20.886ms
08-06 05:24:44.618   356  1074 I art     : Starting a blocking GC Explicit
08-06 05:24:44.638   356  1074 I art     : Explicit concurrent mark sweep GC freed 3(96B) AllocSpace objects, 0(0B) LOS objects, 23% free, 52MB/68MB, paused 434us total 19.542ms
08-06 05:24:44.646   356  1074 I art     : Starting a blocking GC Explicit
08-06 05:24:44.666   356  1074 I art     : Explicit concurrent mark sweep GC freed 3(96B) AllocSpace objects, 0(0B) LOS objects, 23% free, 52MB/68MB, paused 404us total 19.409ms
08-06 05:24:44.675   356  1074 I art     : Starting a blocking GC Explicit
08-06 05:24:44.695   356  1074 I art     : Explicit concurrent mark sweep GC freed 3(96B) AllocSpace objects, 0(0B) LOS objects, 23% free, 52MB/68MB, paused 397us total 19.927ms
08-06 05:24:44.967   356   369 I art     : Starting a blocking GC Explicit
08-06 05:24:44.988   356   369 I art     : Explicit concurrent mark sweep GC freed 1341(78KB) AllocSpace objects, 1(20KB) LOS objects, 23% free, 52MB/68MB, paused 457us total 21.022ms
08-06 05:24:44.997   356   369 I art     : Starting a blocking GC Explicit
08-06 05:24:45.017   356   369 I art     : Explicit concurrent mark sweep GC freed 36(1264B) AllocSpace objects, 0(0B) LOS objects, 23% free, 52MB/68MB, paused 436us total 20.440ms
08-06 05:24:45.026   356   369 I art     : Starting a blocking GC Explicit
08-06 05:24:45.047   356   369 I art     : Explicit concurrent mark sweep GC freed 3(96B) AllocSpace objects, 0(0B) LOS objects, 23% free, 52MB/68MB, paused 492us total 20.838ms
08-06 05:24:45.056   356   369 I art     : Starting a blocking GC Explicit
08-06 05:24:45.076   356   369 I art     : Explicit concurrent mark sweep GC freed 3(96B) AllocSpace objects, 0(0B) LOS objects, 23% free, 52MB/68MB, paused 408us total 20.503ms
08-06 05:24:45.085   356   369 I art     : Starting a blocking GC Explicit
08-06 05:24:45.106   356   369 I art     : Explicit concurrent mark sweep GC freed 3(96B) AllocSpace objects, 0(0B) LOS objects, 23% free, 52MB/68MB, paused 394us total 20.930ms
08-06 05:24:45.407   356   368 I art     : Starting a blocking GC Explicit
08-06 05:24:45.434   356   368 I art     : Explicit concurrent mark sweep GC freed 1341(78KB) AllocSpace objects, 1(20KB) LOS objects, 23% free, 52MB/68MB, paused 551us total 27.550ms
08-06 05:24:45.446   356   368 I art     : Starting a blocking GC Explicit
08-06 05:24:45.467   356   368 I art     : Explicit concurrent mark sweep GC freed 20(704B) AllocSpace objects, 0(0B) LOS objects, 23% free, 52MB/68MB, paused 451us total 20.581ms
08-06 05:24:45.476   356   368 I art     : Starting a blocking GC Explicit
08-06 05:24:45.497   356   368 I art     : Explicit concurrent mark sweep GC freed 3(96B) AllocSpace objects, 0(0B) LOS objects, 23% free, 52MB/68MB, paused 485us total 20.953ms
08-06 05:24:45.506   356   368 I art     : Starting a blocking GC Explicit
08-06 05:24:45.527   356   368 I art     : Explicit concurrent mark sweep GC freed 3(96B) AllocSpace objects, 0(0B) LOS objects, 23% free, 52MB/68MB, paused 479us total 20.950ms
08-06 05:24:45.536   356   368 I art     : Starting a blocking GC Explicit
08-06 05:24:45.557   356   368 I art     : Explicit concurrent mark sweep GC freed 3(96B) AllocSpace objects, 0(0B) LOS objects, 23% free, 52MB/68MB, paused 395us total 20.742ms
08-06 05:24:45.871   356  1074 I art     : Starting a blocking GC Explicit
08-06 05:24:45.900   356  1074 I art     : Explicit concurrent mark sweep GC freed 1341(78KB) AllocSpace objects, 1(20KB) LOS objects, 23% free, 52MB/68MB, paused 470us total 28.327ms
08-06 05:24:45.913   356  1074 I art     : Starting a blocking GC Explicit
08-06 05:24:45.934   356  1074 I art     : Explicit concurrent mark sweep GC freed 20(704B) AllocSpace objects, 0(0B) LOS objects, 23% free, 52MB/68MB, paused 472us total 20.862ms
08-06 05:24:45.943   356  1074 I art     : Starting a blocking GC Explicit
08-06 05:24:45.963   356  1074 I art     : Explicit concurrent mark sweep GC freed 3(96B) AllocSpace objects, 0(0B) LOS objects, 23% free, 52MB/68MB, paused 398us total 19.993ms
08-06 05:24:45.963   356   367 I art     : WaitForGcToComplete blocked for 18.525ms for cause HeapTrim
08-06 05:24:45.972   356  1074 I art     : Starting a blocking GC Explicit
08-06 05:24:45.992   356  1074 I art     : Explicit concurrent mark sweep GC freed 3(96B) AllocSpace objects, 0(0B) LOS objects, 23% free, 52MB/68MB, paused 432us total 20.247ms
08-06 05:24:46.001   356  1074 I art     : Starting a blocking GC Explicit
08-06 05:24:46.022   356  1074 I art     : Explicit concurrent mark sweep GC freed 3(96B) AllocSpace objects, 0(0B) LOS objects, 23% free, 52MB/68MB, paused 385us total 20.723ms
08-06 05:24:46.341   356   547 I art     : Starting a blocking GC Explicit
08-06 05:24:46.371   356   547 I art     : Explicit concurrent mark sweep GC freed 1341(78KB) AllocSpace objects, 1(20KB) LOS objects, 23% free, 52MB/68MB, paused 436us total 29.196ms
08-06 05:24:46.383   356   547 I art     : Starting a blocking GC Explicit
08-06 05:24:46.404   356   547 I art     : Explicit concurrent mark sweep GC freed 20(704B) AllocSpace objects, 0(0B) LOS objects, 23% free, 52MB/68MB, paused 399us total 20.927ms
08-06 05:24:46.413   356   547 I art     : Starting a blocking GC Explicit
08-06 05:24:46.434   356   547 I art     : Explicit concurrent mark sweep GC freed 3(96B) AllocSpace objects, 0(0B) LOS objects, 23% free, 52MB/68MB, paused 406us total 20.427ms
08-06 05:24:46.443   356   547 I art     : Starting a blocking GC Explicit
08-06 05:24:46.463   356   547 I art     : Explicit concurrent mark sweep GC freed 3(96B) AllocSpace objects, 0(0B) LOS objects, 23% free, 52MB/68MB, paused 400us total 20.474ms
08-06 05:24:46.472   356   547 I art     : Starting a blocking GC Explicit
08-06 05:24:46.493   356   547 I art     : Explicit concurrent mark sweep GC freed 3(96B) AllocSpace objects, 0(0B) LOS objects, 23% free, 52MB/68MB, paused 410us total 20.446ms
08-06 05:24:46.824   356   369 I art     : Starting a blocking GC Explicit
08-06 05:24:46.853   356   369 I art     : Explicit concurrent mark sweep GC freed 1341(78KB) AllocSpace objects, 1(20KB) LOS objects, 23% free, 52MB/68MB, paused 447us total 28.578ms
08-06 05:24:46.865   356   369 I art     : Starting a blocking GC Explicit
08-06 05:24:46.886   356   369 I art     : Explicit concurrent mark sweep GC freed 20(704B) AllocSpace objects, 0(0B) LOS objects, 23% free, 52MB/68MB, paused 415us total 20.670ms
08-06 05:24:46.895   356   369 I art     : Starting a blocking GC Explicit
08-06 05:24:46.916   356   369 I art     : Explicit concurrent mark sweep GC freed 3(96B) AllocSpace objects, 0(0B) LOS objects, 23% free, 52MB/68MB, paused 406us total 20.666ms
08-06 05:24:46.925   356   369 I art     : Starting a blocking GC Explicit
08-06 05:24:46.946   356   369 I art     : Explicit concurrent mark sweep GC freed 3(96B) AllocSpace objects, 0(0B) LOS objects, 23% free, 52MB/68MB, paused 419us total 20.855ms
08-06 05:24:46.955   356   369 I art     : Starting a blocking GC Explicit
08-06 05:24:46.975   356   369 I art     : Explicit concurrent mark sweep GC freed 3(96B) AllocSpace objects, 0(0B) LOS objects, 23% free, 52MB/68MB, paused 394us total 20.492ms
08-06 05:24:47.279   356   368 I art     : Starting a blocking GC Explicit
08-06 05:24:47.305   356   368 I art     : Explicit concurrent mark sweep GC freed 1341(78KB) AllocSpace objects, 1(20KB) LOS objects, 23% free, 52MB/68MB, paused 440us total 25.791ms
08-06 05:24:47.317   356   368 I art     : Starting a blocking GC Explicit
08-06 05:24:47.343   356   368 I art     : Explicit concurrent mark sweep GC freed 20(704B) AllocSpace objects, 0(0B) LOS objects, 23% free, 52MB/68MB, paused 540us total 25.104ms
08-06 05:24:47.354   356   368 I art     : Starting a blocking GC Explicit
08-06 05:24:47.375   356   368 I art     : Explicit concurrent mark sweep GC freed 3(96B) AllocSpace objects, 0(0B) LOS objects, 23% free, 52MB/68MB, paused 396us total 20.752ms
08-06 05:24:47.384   356   368 I art     : Starting a blocking GC Explicit
08-06 05:24:47.405   356   368 I art     : Explicit concurrent mark sweep GC freed 3(96B) AllocSpace objects, 0(0B) LOS objects, 23% free, 52MB/68MB, paused 405us total 20.925ms
08-06 05:24:47.414   356   368 I art     : Starting a blocking GC Explicit
08-06 05:24:47.435   356   368 I art     : Explicit concurrent mark sweep GC freed 3(96B) AllocSpace objects, 0(0B) LOS objects, 23% free, 52MB/68MB, paused 397us total 20.645ms
08-06 05:24:47.758   356  1074 I art     : Starting a blocking GC Explicit
08-06 05:24:47.788   356  1074 I art     : Explicit concurrent mark sweep GC freed 1341(78KB) AllocSpace objects, 1(20KB) LOS objects, 23% free, 52MB/68MB, paused 465us total 29.507ms
08-06 05:24:47.800   356  1074 I art     : Starting a blocking GC Explicit
08-06 05:24:47.822   356  1074 I art     : Explicit concurrent mark sweep GC freed 20(704B) AllocSpace objects, 0(0B) LOS objects, 23% free, 52MB/68MB, paused 408us total 20.959ms
08-06 05:24:47.830   356  1074 I art     : Starting a blocking GC Explicit
08-06 05:24:47.851   356  1074 I art     : Explicit concurrent mark sweep GC freed 3(96B) AllocSpace objects, 0(0B) LOS objects, 23% free, 52MB/68MB, paused 388us total 19.932ms
08-06 05:24:47.859   356  1074 I art     : Starting a blocking GC Explicit
08-06 05:24:47.879   356  1074 I art     : Explicit concurrent mark sweep GC freed 3(96B) AllocSpace objects, 0(0B) LOS objects, 23% free, 52MB/68MB, paused 370us total 19.603ms
08-06 05:24:47.887   356  1074 I art     : Starting a blocking GC Explicit
08-06 05:24:47.907   356  1074 I art     : Explicit concurrent mark sweep GC freed 3(96B) AllocSpace objects, 0(0B) LOS objects, 23% free, 52MB/68MB, paused 382us total 19.028ms
08-06 05:24:48.214   356   547 I art     : Starting a blocking GC Explicit
08-06 05:24:48.238   356   547 I art     : Explicit concurrent mark sweep GC freed 1341(78KB) AllocSpace objects, 1(20KB) LOS objects, 23% free, 52MB/68MB, paused 420us total 23.715ms
08-06 05:24:48.247   356   547 I art     : Starting a blocking GC Explicit
08-06 05:24:48.268   356   547 I art     : Explicit concurrent mark sweep GC freed 20(704B) AllocSpace objects, 0(0B) LOS objects, 23% free, 52MB/68MB, paused 466us total 20.464ms
08-06 05:24:48.276   356   547 I art     : Starting a blocking GC Explicit
08-06 05:24:48.286  2057  2057 D AndroidRuntime: >>>>>> START com.android.internal.os.RuntimeInit uid 2000 <<<<<<
08-06 05:24:48.291  2057  2057 D AndroidRuntime: CheckJNI is OFF
08-06 05:24:48.296   356   547 I art     : Explicit concurrent mark sweep GC freed 3(96B) AllocSpace objects, 0(0B) LOS objects, 23% free, 52MB/68MB, paused 452us total 19.760ms
08-06 05:24:48.304   356   547 I art     : Starting a blocking GC Explicit
08-06 05:24:48.324   356   547 I art     : Explicit concurrent mark sweep GC freed 3(96B) AllocSpace objects, 0(0B) LOS objects, 23% free, 52MB/68MB, paused 430us total 19.054ms
08-06 05:24:48.325  2057  2057 D ICU     : No timezone override file found: /data/misc/zoneinfo/current/icu/icu_tzdata.dat
08-06 05:24:48.332   356   547 I art     : Starting a blocking GC Explicit
08-06 05:24:48.351   356   547 I art     : Explicit concurrent mark sweep GC freed 3(96B) AllocSpace objects, 0(0B) LOS objects, 23% free, 52MB/68MB, paused 412us total 19.122ms
08-06 05:24:48.361  2057  2057 I Radio-JNI: register_android_hardware_Radio DONE
08-06 05:24:48.383  2057  2057 D AndroidRuntime: Calling main entry com.android.commands.input.Input
08-06 05:24:48.384  2057  2057 I Input   : injectKeyEvent: KeyEvent { action=ACTION_DOWN, keyCode=KEYCODE_BACK, scanCode=0, metaState=0, flags=0x0, repeatCount=0, eventTime=854704797, downTime=854704797, deviceId=-1, source=0x101 }
08-06 05:24:48.391  2057  2057 I Input   : injectKeyEvent: KeyEvent { action=ACTION_UP, keyCode=KEYCODE_BACK, scanCode=0, metaState=0, flags=0x0, repeatCount=0, eventTime=854704797, downTime=854704797, deviceId=-1, source=0x101 }
08-06 05:24:48.397  2057  2057 D AndroidRuntime: Shutting down VM
08-06 05:24:48.434 13866 13866 I GoogleInputMethodServic: GoogleInputMethodService.onFinishInput():3138 
08-06 05:24:48.435 13866 13866 I GoogleInputMethodServic: GoogleInputMethodService.onStartInput():1808 
08-06 05:24:48.597   356   369 I art     : Starting a blocking GC Explicit
08-06 05:24:48.618   356   369 I art     : Explicit concurrent mark sweep GC freed 1511(85KB) AllocSpace objects, 1(20KB) LOS objects, 23% free, 52MB/68MB, paused 375us total 20.188ms
08-06 05:24:48.626   356   369 I art     : Starting a blocking GC Explicit
08-06 05:24:48.645   356   369 I art     : Explicit concurrent mark sweep GC freed 26(944B) AllocSpace objects, 0(0B) LOS objects, 23% free, 52MB/68MB, paused 386us total 18.856ms
08-06 05:24:48.654   356   369 I art     : Starting a blocking GC Explicit
08-06 05:24:48.673   356   369 I art     : Explicit concurrent mark sweep GC freed 3(96B) AllocSpace objects, 0(0B) LOS objects, 23% free, 52MB/68MB, paused 382us total 18.761ms
08-06 05:24:48.682   356   369 I art     : Starting a blocking GC Explicit
08-06 05:24:48.700   356   369 I art     : Explicit concurrent mark sweep GC freed 3(96B) AllocSpace objects, 0(0B) LOS objects, 23% free, 52MB/68MB, paused 357us total 18.527ms
08-06 05:24:48.708   356   369 I art     : Starting a blocking GC Explicit
08-06 05:24:48.728   356   369 I art     : Explicit concurrent mark sweep GC freed 3(96B) AllocSpace objects, 0(0B) LOS objects, 23% free, 52MB/68MB, paused 401us total 18.517ms
08-06 05:24:48.740   380   380 W SurfaceFlinger: couldn't log to binary event log: overflow.
08-06 05:24:48.988   356  1074 I art     : Starting a blocking GC Explicit
08-06 05:24:49.013   356  1074 I art     : Explicit concurrent mark sweep GC freed 1450(87KB) AllocSpace objects, 1(20KB) LOS objects, 23% free, 52MB/68MB, paused 429us total 24.615ms
08-06 05:24:49.025   356  1074 I art     : Starting a blocking GC Explicit
08-06 05:24:49.046   356  1074 I art     : Explicit concurrent mark sweep GC freed 1672(107KB) AllocSpace objects, 3(400KB) LOS objects, 23% free, 52MB/68MB, paused 412us total 20.408ms
08-06 05:24:49.055   356  1074 I art     : Starting a blocking GC Explicit
08-06 05:24:49.075   356  1074 I art     : Explicit concurrent mark sweep GC freed 3(96B) AllocSpace objects, 0(0B) LOS objects, 23% free, 52MB/68MB, paused 394us total 19.938ms
08-06 05:24:49.083   356  1074 I art     : Starting a blocking GC Explicit
08-06 05:24:49.103   356  1074 I art     : Explicit concurrent mark sweep GC freed 3(96B) AllocSpace objects, 0(0B) LOS objects, 23% free, 52MB/68MB, paused 395us total 19.804ms
08-06 05:24:49.112   356  1074 I art     : Starting a blocking GC Explicit
08-06 05:24:49.132   356  1074 I art     : Explicit concurrent mark sweep GC freed 3(96B) AllocSpace objects, 0(0B) LOS objects, 23% free, 52MB/68MB, paused 399us total 20.285ms
08-06 05:24:49.418   356   368 I art     : Starting a blocking GC Explicit
08-06 05:24:49.442   356   368 I art     : Explicit concurrent mark sweep GC freed 1341(78KB) AllocSpace objects, 1(20KB) LOS objects, 23% free, 52MB/68MB, paused 422us total 23.549ms
08-06 05:24:49.454   356   368 I art     : Starting a blocking GC Explicit
08-06 05:24:49.474   356   368 I art     : Explicit concurrent mark sweep GC freed 20(704B) AllocSpace objects, 0(0B) LOS objects, 23% free, 52MB/68MB, paused 402us total 19.813ms
08-06 05:24:49.483   356   368 I art     : Starting a blocking GC Explicit
08-06 05:24:49.503   356   368 I art     : Explicit concurrent mark sweep GC freed 3(96B) AllocSpace objects, 0(0B) LOS objects, 23% free, 52MB/68MB, paused 403us total 20.081ms
08-06 05:24:49.512   356   368 I art     : Starting a blocking GC Explicit
08-06 05:24:49.532   356   368 I art     : Explicit concurrent mark sweep GC freed 3(96B) AllocSpace objects, 0(0B) LOS objects, 23% free, 52MB/68MB, paused 402us total 20.070ms
08-06 05:24:49.541   356   368 I art     : Starting a blocking GC Explicit
08-06 05:24:49.561   356   368 I art     : Explicit concurrent mark sweep GC freed 3(96B) AllocSpace objects, 0(0B) LOS objects, 23% free, 52MB/68MB, paused 398us total 20.206ms
08-06 05:24:49.824   356   547 I art     : Starting a blocking GC Explicit
08-06 05:24:49.849   356   547 I art     : Explicit concurrent mark sweep GC freed 1340(78KB) AllocSpace objects, 1(20KB) LOS objects, 23% free, 52MB/68MB, paused 505us total 24.023ms
08-06 05:24:49.861   356   547 I art     : Starting a blocking GC Explicit
08-06 05:24:49.880   356   547 I art     : Explicit concurrent mark sweep GC freed 20(704B) AllocSpace objects, 0(0B) LOS objects, 23% free, 52MB/68MB, paused 418us total 19.060ms
08-06 05:24:49.889   356   547 I art     : Starting a blocking GC Explicit
08-06 05:24:49.909   356   547 I art     : Explicit concurrent mark sweep GC freed 3(96B) AllocSpace objects, 0(0B) LOS objects, 23% free, 52MB/68MB, paused 410us total 19.587ms
08-06 05:24:49.917   356   547 I art     : Starting a blocking GC Explicit
08-06 05:24:49.936   356   547 I art     : Explicit concurrent mark sweep GC freed 3(96B) AllocSpace objects, 0(0B) LOS objects, 23% free, 52MB/68MB, paused 403us total 19.050ms
08-06 05:24:49.944   356   547 I art     : Starting a blocking GC Explicit
08-06 05:24:49.964   356   547 I art     : Explicit concurrent mark sweep GC freed 3(96B) AllocSpace objects, 0(0B) LOS objects, 23% free, 52MB/68MB, paused 390us total 18.858ms
08-06 05:24:50.067  2112  2112 D AndroidRuntime: >>>>>> START com.android.internal.os.RuntimeInit uid 2000 <<<<<<
08-06 05:24:50.074  2112  2112 D AndroidRuntime: CheckJNI is OFF
08-06 05:24:50.111  2112  2112 D ICU     : No timezone override file found: /data/misc/zoneinfo/current/icu/icu_tzdata.dat
08-06 05:24:50.145  2112  2112 I Radio-JNI: register_android_hardware_Radio DONE
08-06 05:24:50.166  2112  2112 D AndroidRuntime: Calling main entry com.android.commands.input.Input
08-06 05:24:50.168  2112  2112 I Input   : injectKeyEvent: KeyEvent { action=ACTION_DOWN, keyCode=KEYCODE_BACK, scanCode=0, metaState=0, flags=0x0, repeatCount=0, eventTime=854706581, downTime=854706581, deviceId=-1, source=0x101 }
08-06 05:24:50.172  2112  2112 I Input   : injectKeyEvent: KeyEvent { action=ACTION_UP, keyCode=KEYCODE_BACK, scanCode=0, metaState=0, flags=0x0, repeatCount=0, eventTime=854706581, downTime=854706581, deviceId=-1, source=0x101 }
08-06 05:24:50.176  2112  2112 D AndroidRuntime: Shutting down VM
08-06 05:24:50.218 13866 13866 I GoogleInputMethodServic: GoogleInputMethodService.onFinishInput():3138 
08-06 05:24:50.219 13866 13866 I GoogleInputMethodServic: GoogleInputMethodService.onStartInput():1808 
08-06 05:24:50.245   356   368 I art     : Starting a blocking GC Explicit
08-06 05:24:50.265   356   368 I art     : Explicit concurrent mark sweep GC freed 1761(100KB) AllocSpace objects, 1(20KB) LOS objects, 23% free, 52MB/68MB, paused 525us total 20.735ms
08-06 05:24:50.273   356   368 I art     : Starting a blocking GC Explicit
08-06 05:24:50.290   356   368 I art     : Explicit concurrent mark sweep GC freed 110(5KB) AllocSpace objects, 0(0B) LOS objects, 23% free, 52MB/68MB, paused 419us total 17.083ms
08-06 05:24:50.298   356   368 I art     : Starting a blocking GC Explicit
08-06 05:24:50.316   356   368 I art     : Explicit concurrent mark sweep GC freed 26(832B) AllocSpace objects, 0(0B) LOS objects, 23% free, 52MB/68MB, paused 406us total 17.800ms
08-06 05:24:50.324   356   368 I art     : Starting a blocking GC Explicit
08-06 05:24:50.342   356   368 I art     : Explicit concurrent mark sweep GC freed 1699(67KB) AllocSpace objects, 0(0B) LOS objects, 23% free, 52MB/68MB, paused 534us total 17.652ms
08-06 05:24:50.350   356   368 I art     : Starting a blocking GC Explicit
08-06 05:24:50.370   356   368 I art     : Explicit concurrent mark sweep GC freed 199(7KB) AllocSpace objects, 0(0B) LOS objects, 23% free, 52MB/68MB, paused 444us total 20.142ms
08-06 05:24:50.382   356  2145 W OneSignal: OneSignalRestClient: POST Error thrown from network stack. 
08-06 05:24:50.382   356  2145 W OneSignal: java.io.IOException: unexpected end of stream on Connection{api.onesignal.com:443, proxy=HTTP@192.168.2.12:8080 hostAddress=192.168.2.12 cipherSuite=TLS_ECDHE_RSA_WITH_AES_128_GCM_SHA256 protocol=http/1.1} (recycle count=0)
08-06 05:24:50.382   356  2145 W OneSignal: 	at com.android.okhttp.internal.http.HttpConnection.readResponse(HttpConnection.java:210)
08-06 05:24:50.382   356  2145 W OneSignal: 	at com.android.okhttp.internal.http.HttpTransport.readResponseHeaders(HttpTransport.java:80)
08-06 05:24:50.382   356  2145 W OneSignal: 	at com.android.okhttp.internal.http.HttpEngine.readNetworkResponse(HttpEngine.java:904)
08-06 05:24:50.382   356  2145 W OneSignal: 	at com.android.okhttp.internal.http.HttpEngine.readResponse(HttpEngine.java:788)
08-06 05:24:50.382   356  2145 W OneSignal: 	at com.android.okhttp.internal.huc.HttpURLConnectionImpl.execute(HttpURLConnectionImpl.java:439)
08-06 05:24:50.382   356  2145 W OneSignal: 	at com.android.okhttp.internal.huc.HttpURLConnectionImpl.getResponse(HttpURLConnectionImpl.java:384)
08-06 05:24:50.382   356  2145 W OneSignal: 	at com.android.okhttp.internal.huc.HttpURLConnectionImpl.getResponseCode(HttpURLConnectionImpl.java:497)
08-06 05:24:50.382   356  2145 W OneSignal: 	at com.android.okhttp.internal.huc.DelegatingHttpsURLConnection.getResponseCode(DelegatingHttpsURLConnection.java:105)
08-06 05:24:50.382   356  2145 W OneSignal: 	at com.android.okhttp.internal.huc.HttpsURLConnectionImpl.getResponseCode(HttpsURLConnectionImpl.java)
08-06 05:24:50.382   356  2145 W OneSignal: 	at com.onesignal.OneSignalRestClient.startHTTPConnection(OneSignalRestClient.java:180)
08-06 05:24:50.382   356  2145 W OneSignal: 	at com.onesignal.OneSignalRestClient.access$100(OneSignalRestClient.java:44)
08-06 05:24:50.382   356  2145 W OneSignal: 	at com.onesignal.OneSignalRestClient$4.run(OneSignalRestClient.java:110)
08-06 05:24:50.382   356  2145 W OneSignal: 	at java.lang.Thread.run(Thread.java:818)
08-06 05:24:50.382   356  2145 W OneSignal: Caused by: java.io.EOFException: \n not found: size=0 content=...
08-06 05:24:50.382   356  2145 W OneSignal: 	at com.android.okhttp.okio.RealBufferedSource.readUtf8LineStrict(RealBufferedSource.java:200)
08-06 05:24:50.382   356  2145 W OneSignal: 	at com.android.okhttp.internal.http.HttpConnection.readResponse(HttpConnection.java:191)
08-06 05:24:50.382   356  2145 W OneSignal: 	... 12 more
08-06 05:24:50.383   356  2146 W OneSignal: Failed last request. statusCode: -1
08-06 05:24:50.383   356  2146 W OneSignal: response: null
08-06 05:24:50.610   356   369 I art     : Starting a blocking GC Explicit
08-06 05:24:50.632   356   369 I art     : Explicit concurrent mark sweep GC freed 2792(201KB) AllocSpace objects, 1(20KB) LOS objects, 23% free, 52MB/68MB, paused 417us total 21.401ms
08-06 05:24:50.645   356   369 I art     : Starting a blocking GC Explicit
08-06 05:24:50.664   356   369 I art     : Explicit concurrent mark sweep GC freed 2104(128KB) AllocSpace objects, 2(140KB) LOS objects, 23% free, 51MB/67MB, paused 414us total 18.810ms
08-06 05:24:50.672   356   369 I art     : Starting a blocking GC Explicit
08-06 05:24:50.691   356   369 I art     : Explicit concurrent mark sweep GC freed 3(96B) AllocSpace objects, 0(0B) LOS objects, 23% free, 51MB/67MB, paused 387us total 18.588ms
08-06 05:24:50.699   356   369 I art     : Starting a blocking GC Explicit
08-06 05:24:50.718   356   369 I art     : Explicit concurrent mark sweep GC freed 3(96B) AllocSpace objects, 0(0B) LOS objects, 23% free, 51MB/67MB, paused 420us total 18.425ms
08-06 05:24:50.726   356   369 I art     : Starting a blocking GC Explicit
08-06 05:24:50.744   356   369 I art     : Explicit concurrent mark sweep GC freed 3(96B) AllocSpace objects, 0(0B) LOS objects, 23% free, 51MB/67MB, paused 400us total 18.102ms
08-06 05:24:51.027   356  1074 I art     : Starting a blocking GC Explicit
08-06 05:24:51.049   356  1074 I art     : Explicit concurrent mark sweep GC freed 1340(78KB) AllocSpace objects, 1(20KB) LOS objects, 23% free, 51MB/67MB, paused 426us total 21.870ms
08-06 05:24:51.062   356  1074 I art     : Starting a blocking GC Explicit
08-06 05:24:51.081   356  1074 I art     : Explicit concurrent mark sweep GC freed 20(704B) AllocSpace objects, 0(0B) LOS objects, 23% free, 51MB/67MB, paused 413us total 19.275ms
08-06 05:24:51.090   356  1074 I art     : Starting a blocking GC Explicit
08-06 05:24:51.109   356  1074 I art     : Explicit concurrent mark sweep GC freed 3(96B) AllocSpace objects, 0(0B) LOS objects, 23% free, 51MB/67MB, paused 398us total 19.182ms
08-06 05:24:51.118   356  1074 I art     : Starting a blocking GC Explicit
08-06 05:24:51.137   356  1074 I art     : Explicit concurrent mark sweep GC freed 3(96B) AllocSpace objects, 0(0B) LOS objects, 23% free, 51MB/67MB, paused 429us total 19.207ms
08-06 05:24:51.146   356  1074 I art     : Starting a blocking GC Explicit
08-06 05:24:51.165   356  1074 I art     : Explicit concurrent mark sweep GC freed 3(96B) AllocSpace objects, 0(0B) LOS objects, 23% free, 51MB/67MB, paused 422us total 18.775ms
08-06 05:24:51.457   356   547 I art     : Starting a blocking GC Explicit
08-06 05:24:51.477   356   547 I art     : Explicit concurrent mark sweep GC freed 1338(78KB) AllocSpace objects, 1(20KB) LOS objects, 23% free, 51MB/67MB, paused 466us total 19.101ms
08-06 05:24:51.485   356   547 I art     : Starting a blocking GC Explicit
08-06 05:24:51.504   356   547 I art     : Explicit concurrent mark sweep GC freed 20(704B) AllocSpace objects, 0(0B) LOS objects, 23% free, 51MB/67MB, paused 420us total 18.099ms
08-06 05:24:51.512   356   547 I art     : Starting a blocking GC Explicit
08-06 05:24:51.530   356   547 I art     : Explicit concurrent mark sweep GC freed 3(96B) AllocSpace objects, 0(0B) LOS objects, 23% free, 51MB/67MB, paused 414us total 17.969ms
08-06 05:24:51.538   356   547 I art     : Starting a blocking GC Explicit
08-06 05:24:51.556   356   547 I art     : Explicit concurrent mark sweep GC freed 3(96B) AllocSpace objects, 0(0B) LOS objects, 23% free, 51MB/67MB, paused 430us total 17.854ms
08-06 05:24:51.564   356   547 I art     : Starting a blocking GC Explicit
08-06 05:24:51.582   356   547 I art     : Explicit concurrent mark sweep GC freed 3(96B) AllocSpace objects, 0(0B) LOS objects, 23% free, 51MB/67MB, paused 415us total 17.760ms
08-06 05:24:51.822  2177  2177 D AndroidRuntime: >>>>>> START com.android.internal.os.RuntimeInit uid 2000 <<<<<<
08-06 05:24:51.827  2177  2177 D AndroidRuntime: CheckJNI is OFF
08-06 05:24:51.852   356   368 I art     : Starting a blocking GC Explicit
08-06 05:24:51.862  2177  2177 D ICU     : No timezone override file found: /data/misc/zoneinfo/current/icu/icu_tzdata.dat
08-06 05:24:51.871   356   368 I art     : Explicit concurrent mark sweep GC freed 1338(78KB) AllocSpace objects, 1(20KB) LOS objects, 23% free, 51MB/67MB, paused 467us total 18.844ms
08-06 05:24:51.880   356   368 I art     : Starting a blocking GC Explicit
08-06 05:24:51.896  2177  2177 I Radio-JNI: register_android_hardware_Radio DONE
08-06 05:24:51.898   356   368 I art     : Explicit concurrent mark sweep GC freed 20(704B) AllocSpace objects, 0(0B) LOS objects, 23% free, 51MB/67MB, paused 425us total 18.131ms
08-06 05:24:51.906   356   368 I art     : Starting a blocking GC Explicit
08-06 05:24:51.920  2177  2177 D AndroidRuntime: Calling main entry com.android.commands.input.Input
08-06 05:24:51.922  2177  2177 I Input   : injectMotionEvent: MotionEvent { action=ACTION_DOWN, actionButton=0, id[0]=0, x[0]=337.0, y[0]=1104.0, toolType[0]=TOOL_TYPE_UNKNOWN, buttonState=0, metaState=0, flags=0x0, edgeFlags=0x0, pointerCount=1, historySize=0, eventTime=854708334, downTime=854708334, deviceId=0, source=0x1002 }
08-06 05:24:51.925   356   368 I art     : Explicit concurrent mark sweep GC freed 3(96B) AllocSpace objects, 0(0B) LOS objects, 23% free, 51MB/67MB, paused 559us total 18.286ms
08-06 05:24:51.929  2177  2177 I Input   : injectMotionEvent: MotionEvent { action=ACTION_UP, actionButton=0, id[0]=0, x[0]=337.0, y[0]=1104.0, toolType[0]=TOOL_TYPE_UNKNOWN, buttonState=0, metaState=0, flags=0x0, edgeFlags=0x0, pointerCount=1, historySize=0, eventTime=854708334, downTime=854708334, deviceId=0, source=0x1002 }
08-06 05:24:51.931   918  3670 I ActivityManager: START u0 {cmp=baseline.appteam.nith.hillffair/.activities.BattleDayActivity} from uid 10697 on display 0
08-06 05:24:51.934   356   368 I art     : Starting a blocking GC Explicit
08-06 05:24:51.938  2177  2177 D AndroidRuntime: Shutting down VM
08-06 05:24:51.955   356   368 I art     : Explicit concurrent mark sweep GC freed 174(25KB) AllocSpace objects, 0(0B) LOS objects, 23% free, 51MB/67MB, paused 1.094ms total 21.236ms
08-06 05:24:51.963   356   368 I art     : Starting a blocking GC Explicit
08-06 05:24:51.981   356   368 I art     : Explicit concurrent mark sweep GC freed 4598(268KB) AllocSpace objects, 0(0B) LOS objects, 23% free, 52MB/68MB, paused 497us total 18.217ms
08-06 05:24:52.017 13866 13866 I GoogleInputMethodServic: GoogleInputMethodService.onFinishInput():3138 
08-06 05:24:52.018 13866 13866 I GoogleInputMethodServic: GoogleInputMethodService.onStartInput():1808 
08-06 05:24:52.040   918   936 I ActivityManager: Displayed baseline.appteam.nith.hillffair/.activities.BattleDayActivity: +102ms
08-06 05:24:52.231   356   368 I art     : Starting a blocking GC Explicit
08-06 05:24:52.254   356   368 I art     : Explicit concurrent mark sweep GC freed 1820(99KB) AllocSpace objects, 1(20KB) LOS objects, 23% free, 52MB/68MB, paused 426us total 22.836ms
08-06 05:24:52.264   356   368 I art     : Starting a blocking GC Explicit
08-06 05:24:52.288   356   368 I art     : Explicit concurrent mark sweep GC freed 34(1184B) AllocSpace objects, 0(0B) LOS objects, 23% free, 52MB/68MB, paused 426us total 22.948ms
08-06 05:24:52.294   380   380 W SurfaceFlinger: couldn't log to binary event log: overflow.
08-06 05:24:52.296   356   368 I art     : Starting a blocking GC Explicit
08-06 05:24:52.314   356   368 I art     : Explicit concurrent mark sweep GC freed 3(96B) AllocSpace objects, 0(0B) LOS objects, 23% free, 52MB/68MB, paused 417us total 17.535ms
08-06 05:24:52.322   356   368 I art     : Starting a blocking GC Explicit
08-06 05:24:52.339   356   368 I art     : Explicit concurrent mark sweep GC freed 3(96B) AllocSpace objects, 0(0B) LOS objects, 23% free, 52MB/68MB, paused 408us total 17.053ms
08-06 05:24:52.348   356   368 I art     : Starting a blocking GC Explicit
08-06 05:24:52.365   356   368 I art     : Explicit concurrent mark sweep GC freed 3(96B) AllocSpace objects, 0(0B) LOS objects, 23% free, 52MB/68MB, paused 411us total 17.141ms
08-06 05:24:52.648   356   547 I art     : Starting a blocking GC Explicit
08-06 05:24:52.668   356   547 I art     : Explicit concurrent mark sweep GC freed 1458(85KB) AllocSpace objects, 1(20KB) LOS objects, 23% free, 52MB/68MB, paused 467us total 20.003ms
08-06 05:24:52.677   356   547 I art     : Starting a blocking GC Explicit
08-06 05:24:52.697   356   547 I art     : Explicit concurrent mark sweep GC freed 57(1952B) AllocSpace objects, 0(0B) LOS objects, 23% free, 52MB/68MB, paused 1.119ms total 19.967ms
08-06 05:24:52.705   356   547 I art     : Starting a blocking GC Explicit
08-06 05:24:52.724   356   547 I art     : Explicit concurrent mark sweep GC freed 524(49KB) AllocSpace objects, 0(0B) LOS objects, 23% free, 52MB/68MB, paused 532us total 19.182ms
08-06 05:24:52.732   356   547 I art     : Starting a blocking GC Explicit
08-06 05:24:52.752   356   547 I art     : Explicit concurrent mark sweep GC freed 2030(81KB) AllocSpace objects, 2(120KB) LOS objects, 23% free, 52MB/68MB, paused 506us total 19.033ms
08-06 05:24:52.755   356  2200 D OkHttp  : --> GET https://api-hillfair-2k16.herokuapp.com/api/app/events/special http/1.1
08-06 05:24:52.760   356   547 I art     : Starting a blocking GC Explicit
08-06 05:24:52.779   356   547 I art     : Explicit concurrent mark sweep GC freed 990(118KB) AllocSpace objects, 1(80KB) LOS objects, 23% free, 52MB/68MB, paused 552us total 19.110ms
08-06 05:24:52.788   356  2200 D OkHttp  : <-- 200 OK https://api-hillfair-2k16.herokuapp.com/api/app/events/special (32ms, 554-byte body)
08-06 05:24:52.846   356   356 I NAPPA_EXPERIMENTATION: MetricNetworkRequestExecutionTime: REQUEST_DURATION_SYSTEM='878',REQUEST_DURATION_OKHTTP='32',REQUEST_SYNCHRONOUS='FALSE',RESPONSE_CODE='200',RESPONSE_METHOD='GET',RESPONSE_LENGTH_OKHTTP='554',RESPONSE_LENGTH_HEADER='554',REQUEST_PROTOCOL='http/1.1',REQUEST_URL='https://api-hillfair-2k16.herokuapp.com/api/app/events/special',
08-06 05:24:53.049   356  1074 I art     : Starting a blocking GC Explicit
08-06 05:24:53.079   356  1074 I art     : Explicit concurrent mark sweep GC freed 2375(179KB) AllocSpace objects, 1(20KB) LOS objects, 23% free, 52MB/68MB, paused 474us total 29.457ms
08-06 05:24:53.091   356  1074 I art     : Starting a blocking GC Explicit
08-06 05:24:53.115   356  1074 I art     : Explicit concurrent mark sweep GC freed 129(5KB) AllocSpace objects, 0(0B) LOS objects, 23% free, 52MB/68MB, paused 431us total 23.252ms
08-06 05:24:53.124   356  1074 I art     : Starting a blocking GC Explicit
08-06 05:24:53.145   356  1074 I art     : Explicit concurrent mark sweep GC freed 3(96B) AllocSpace objects, 0(0B) LOS objects, 23% free, 52MB/68MB, paused 435us total 20.617ms
08-06 05:24:53.154   356  1074 I art     : Starting a blocking GC Explicit
08-06 05:24:53.174   356  1074 I art     : Explicit concurrent mark sweep GC freed 3(96B) AllocSpace objects, 0(0B) LOS objects, 23% free, 52MB/68MB, paused 440us total 20.469ms
08-06 05:24:53.183   356  1074 I art     : Starting a blocking GC Explicit
08-06 05:24:53.203   356  1074 I art     : Explicit concurrent mark sweep GC freed 3(96B) AllocSpace objects, 0(0B) LOS objects, 23% free, 52MB/68MB, paused 434us total 19.875ms
08-06 05:24:53.502   356   368 I art     : Starting a blocking GC Explicit
08-06 05:24:53.527   356   368 I art     : Explicit concurrent mark sweep GC freed 1340(78KB) AllocSpace objects, 1(20KB) LOS objects, 23% free, 52MB/68MB, paused 630us total 24.765ms
08-06 05:24:53.538   356   368 I art     : Starting a blocking GC Explicit
08-06 05:24:53.559   356   368 I art     : Explicit concurrent mark sweep GC freed 20(704B) AllocSpace objects, 0(0B) LOS objects, 23% free, 52MB/68MB, paused 441us total 20.550ms
08-06 05:24:53.568   356   368 I art     : Starting a blocking GC Explicit
08-06 05:24:53.589   356   368 I art     : Explicit concurrent mark sweep GC freed 3(96B) AllocSpace objects, 0(0B) LOS objects, 23% free, 52MB/68MB, paused 439us total 20.614ms
08-06 05:24:53.598   356   368 I art     : Starting a blocking GC Explicit
08-06 05:24:53.619   356   368 I art     : Explicit concurrent mark sweep GC freed 3(96B) AllocSpace objects, 0(0B) LOS objects, 23% free, 52MB/68MB, paused 437us total 20.959ms
08-06 05:24:53.628   356   368 I art     : Starting a blocking GC Explicit
08-06 05:24:53.648   356   368 I art     : Explicit concurrent mark sweep GC freed 3(96B) AllocSpace objects, 0(0B) LOS objects, 23% free, 52MB/68MB, paused 424us total 20.143ms
08-06 05:24:53.959   356   547 I art     : Starting a blocking GC Explicit
08-06 05:24:53.981   356   547 I art     : Explicit concurrent mark sweep GC freed 1340(78KB) AllocSpace objects, 1(20KB) LOS objects, 23% free, 52MB/68MB, paused 468us total 21.786ms
08-06 05:24:53.993   356   547 I art     : Starting a blocking GC Explicit
08-06 05:24:54.014   356   547 I art     : Explicit concurrent mark sweep GC freed 20(704B) AllocSpace objects, 0(0B) LOS objects, 23% free, 52MB/68MB, paused 428us total 20.544ms
08-06 05:24:54.022   356   547 I art     : Starting a blocking GC Explicit
08-06 05:24:54.042   356   547 I art     : Explicit concurrent mark sweep GC freed 3(96B) AllocSpace objects, 0(0B) LOS objects, 23% free, 52MB/68MB, paused 436us total 19.804ms
08-06 05:24:54.051   356   547 I art     : Starting a blocking GC Explicit
08-06 05:24:54.071   356   547 I art     : Explicit concurrent mark sweep GC freed 3(96B) AllocSpace objects, 0(0B) LOS objects, 23% free, 52MB/68MB, paused 468us total 19.879ms
08-06 05:24:54.080   356   547 I art     : Starting a blocking GC Explicit
08-06 05:24:54.100   356   547 I art     : Explicit concurrent mark sweep GC freed 3(96B) AllocSpace objects, 0(0B) LOS objects, 23% free, 52MB/68MB, paused 432us total 20.148ms
08-06 05:24:54.430   356   369 I art     : Starting a blocking GC Explicit
08-06 05:24:54.459   356   369 I art     : Explicit concurrent mark sweep GC freed 1340(78KB) AllocSpace objects, 1(20KB) LOS objects, 23% free, 52MB/68MB, paused 507us total 28.499ms
08-06 05:24:54.474   356   369 I art     : Starting a blocking GC Explicit
08-06 05:24:54.499   356   369 I art     : Explicit concurrent mark sweep GC freed 20(704B) AllocSpace objects, 0(0B) LOS objects, 23% free, 52MB/68MB, paused 544us total 25.059ms
08-06 05:24:54.510   356   369 I art     : Starting a blocking GC Explicit
08-06 05:24:54.531   356   369 I art     : Explicit concurrent mark sweep GC freed 3(96B) AllocSpace objects, 0(0B) LOS objects, 23% free, 52MB/68MB, paused 434us total 20.520ms
08-06 05:24:54.540   356   369 I art     : Starting a blocking GC Explicit
08-06 05:24:54.560   356   369 I art     : Explicit concurrent mark sweep GC freed 3(96B) AllocSpace objects, 0(0B) LOS objects, 23% free, 52MB/68MB, paused 434us total 20.284ms
08-06 05:24:54.569   356   369 I art     : Starting a blocking GC Explicit
08-06 05:24:54.589   356   369 I art     : Explicit concurrent mark sweep GC freed 3(96B) AllocSpace objects, 0(0B) LOS objects, 23% free, 52MB/68MB, paused 427us total 19.900ms
08-06 05:24:54.915   356  1074 I art     : Starting a blocking GC Explicit
08-06 05:24:54.944   356  1074 I art     : Explicit concurrent mark sweep GC freed 1340(78KB) AllocSpace objects, 1(20KB) LOS objects, 23% free, 52MB/68MB, paused 487us total 28.611ms
08-06 05:24:54.958   356  1074 I art     : Starting a blocking GC Explicit
08-06 05:24:54.960   918  3188 I hubconnection: sensorhub said: 'set_bias 3: -5.7600, 0.0000, 0.0000'
08-06 05:24:54.978   356  1074 I art     : Explicit concurrent mark sweep GC freed 20(704B) AllocSpace objects, 0(0B) LOS objects, 23% free, 52MB/68MB, paused 465us total 19.878ms
08-06 05:24:54.987   356  1074 I art     : Starting a blocking GC Explicit
08-06 05:24:55.006   356  1074 I art     : Explicit concurrent mark sweep GC freed 3(96B) AllocSpace objects, 0(0B) LOS objects, 23% free, 52MB/68MB, paused 418us total 19.780ms
08-06 05:24:55.015   356  1074 I art     : Starting a blocking GC Explicit
08-06 05:24:55.036   356  1074 I art     : Explicit concurrent mark sweep GC freed 3(96B) AllocSpace objects, 0(0B) LOS objects, 23% free, 52MB/68MB, paused 436us total 20.522ms
08-06 05:24:55.045   356  1074 I art     : Starting a blocking GC Explicit
08-06 05:24:55.065   356  1074 I art     : Explicit concurrent mark sweep GC freed 3(96B) AllocSpace objects, 0(0B) LOS objects, 23% free, 52MB/68MB, paused 442us total 20.480ms
08-06 05:24:55.400   356   368 I art     : Starting a blocking GC Explicit
08-06 05:24:55.425   356   368 I art     : Explicit concurrent mark sweep GC freed 1340(78KB) AllocSpace objects, 1(20KB) LOS objects, 23% free, 52MB/68MB, paused 475us total 25.235ms
08-06 05:24:55.437   356   368 I art     : Starting a blocking GC Explicit
08-06 05:24:55.458   356   368 I art     : Explicit concurrent mark sweep GC freed 20(704B) AllocSpace objects, 0(0B) LOS objects, 23% free, 52MB/68MB, paused 408us total 20.147ms
08-06 05:24:55.466   356   368 I art     : Starting a blocking GC Explicit
08-06 05:24:55.487   356   368 I art     : Explicit concurrent mark sweep GC freed 3(96B) AllocSpace objects, 0(0B) LOS objects, 23% free, 52MB/68MB, paused 432us total 20.120ms
08-06 05:24:55.495   356   368 I art     : Starting a blocking GC Explicit
08-06 05:24:55.516   356   368 I art     : Explicit concurrent mark sweep GC freed 3(96B) AllocSpace objects, 0(0B) LOS objects, 23% free, 52MB/68MB, paused 436us total 20.663ms
08-06 05:24:55.525   356   368 I art     : Starting a blocking GC Explicit
08-06 05:24:55.545   356   368 I art     : Explicit concurrent mark sweep GC freed 3(96B) AllocSpace objects, 0(0B) LOS objects, 23% free, 52MB/68MB, paused 423us total 20.028ms
08-06 05:24:55.861   356   547 I art     : Starting a blocking GC Explicit
08-06 05:24:55.887   356   547 I art     : Explicit concurrent mark sweep GC freed 1340(78KB) AllocSpace objects, 1(20KB) LOS objects, 23% free, 52MB/68MB, paused 491us total 25.825ms
08-06 05:24:55.899   356   547 I art     : Starting a blocking GC Explicit
08-06 05:24:55.919   356   547 I art     : Explicit concurrent mark sweep GC freed 20(704B) AllocSpace objects, 0(0B) LOS objects, 23% free, 52MB/68MB, paused 431us total 20.247ms
08-06 05:24:55.928   356   547 I art     : Starting a blocking GC Explicit
08-06 05:24:55.936   918  3261 D WifiStateMachine: starting scan for "H369AA63323"WPA_PSK with 2412,5180
08-06 05:24:55.948   356   547 I art     : Explicit concurrent mark sweep GC freed 3(96B) AllocSpace objects, 0(0B) LOS objects, 23% free, 52MB/68MB, paused 455us total 19.901ms
08-06 05:24:55.957   356   547 I art     : Starting a blocking GC Explicit
08-06 05:24:55.977   356   547 I art     : Explicit concurrent mark sweep GC freed 3(96B) AllocSpace objects, 0(0B) LOS objects, 23% free, 52MB/68MB, paused 517us total 20.463ms
08-06 05:24:55.987   356   547 I art     : Starting a blocking GC Explicit
08-06 05:24:56.006   356   547 I art     : Explicit concurrent mark sweep GC freed 3(96B) AllocSpace objects, 0(0B) LOS objects, 23% free, 52MB/68MB, paused 404us total 19.037ms
08-06 05:24:56.296   356   369 I art     : Starting a blocking GC Explicit
08-06 05:24:56.317   356   369 I art     : Explicit concurrent mark sweep GC freed 1340(78KB) AllocSpace objects, 1(20KB) LOS objects, 23% free, 52MB/68MB, paused 426us total 20.733ms
08-06 05:24:56.325   356   369 I art     : Starting a blocking GC Explicit
08-06 05:24:56.345   356   369 I art     : Explicit concurrent mark sweep GC freed 20(704B) AllocSpace objects, 0(0B) LOS objects, 23% free, 52MB/68MB, paused 427us total 19.511ms
08-06 05:24:56.353   356   369 I art     : Starting a blocking GC Explicit
08-06 05:24:56.373   356   369 I art     : Explicit concurrent mark sweep GC freed 3(96B) AllocSpace objects, 0(0B) LOS objects, 23% free, 52MB/68MB, paused 437us total 19.543ms
08-06 05:24:56.382   356   369 I art     : Starting a blocking GC Explicit
08-06 05:24:56.401   356   369 I art     : Explicit concurrent mark sweep GC freed 3(96B) AllocSpace objects, 0(0B) LOS objects, 23% free, 52MB/68MB, paused 429us total 19.056ms
08-06 05:24:56.410   356   369 I art     : Starting a blocking GC Explicit
08-06 05:24:56.429   356   369 I art     : Explicit concurrent mark sweep GC freed 3(96B) AllocSpace objects, 0(0B) LOS objects, 23% free, 52MB/68MB, paused 426us total 18.968ms
08-06 05:24:56.609  2296  2296 D AndroidRuntime: >>>>>> START com.android.internal.os.RuntimeInit uid 2000 <<<<<<
08-06 05:24:56.614  2296  2296 D AndroidRuntime: CheckJNI is OFF
08-06 05:24:56.646  2296  2296 D ICU     : No timezone override file found: /data/misc/zoneinfo/current/icu/icu_tzdata.dat
08-06 05:24:56.679  2296  2296 I Radio-JNI: register_android_hardware_Radio DONE
08-06 05:24:56.700  2296  2296 D AndroidRuntime: Calling main entry com.android.commands.input.Input
08-06 05:24:56.702  2296  2296 I Input   : injectMotionEvent: MotionEvent { action=ACTION_DOWN, actionButton=0, id[0]=0, x[0]=733.0, y[0]=645.0, toolType[0]=TOOL_TYPE_UNKNOWN, buttonState=0, metaState=0, flags=0x0, edgeFlags=0x0, pointerCount=1, historySize=0, eventTime=854713114, downTime=854713114, deviceId=0, source=0x1002 }
08-06 05:24:56.706  2296  2296 I Input   : injectMotionEvent: MotionEvent { action=ACTION_UP, actionButton=0, id[0]=0, x[0]=733.0, y[0]=645.0, toolType[0]=TOOL_TYPE_UNKNOWN, buttonState=0, metaState=0, flags=0x0, edgeFlags=0x0, pointerCount=1, historySize=0, eventTime=854713114, downTime=854713114, deviceId=0, source=0x1002 }
08-06 05:24:56.707   918  6110 I ActivityManager: START u0 {cmp=baseline.appteam.nith.hillffair/.activities.ClubActivity (has extras)} from uid 10697 on display 0
08-06 05:24:56.713  2296  2296 D AndroidRuntime: Shutting down VM
08-06 05:24:56.735   356   369 I art     : Starting a blocking GC Explicit
08-06 05:24:56.760   356   369 I art     : Explicit concurrent mark sweep GC freed 5027(319KB) AllocSpace objects, 1(20KB) LOS objects, 23% free, 52MB/68MB, paused 530us total 23.933ms
08-06 05:24:56.768   356   369 I art     : Starting a blocking GC Explicit
08-06 05:24:56.787   356   369 I art     : Explicit concurrent mark sweep GC freed 237(10KB) AllocSpace objects, 0(0B) LOS objects, 23% free, 52MB/68MB, paused 797us total 18.753ms
08-06 05:24:56.797   356   369 I art     : Starting a blocking GC Explicit
08-06 05:24:56.805 13866 13866 I GoogleInputMethodServic: GoogleInputMethodService.onFinishInput():3138 
08-06 05:24:56.806   918   936 I ActivityManager: Displayed baseline.appteam.nith.hillffair/.activities.ClubActivity: +92ms
08-06 05:24:56.806 13866 13866 I GoogleInputMethodServic: GoogleInputMethodService.onStartInput():1808 
08-06 05:24:56.815   356   369 I art     : Explicit concurrent mark sweep GC freed 161(6KB) AllocSpace objects, 0(0B) LOS objects, 23% free, 52MB/68MB, paused 548us total 18.481ms
08-06 05:24:56.825   356   369 I art     : Starting a blocking GC Explicit
08-06 05:24:56.845   356   369 I art     : Explicit concurrent mark sweep GC freed 86(5KB) AllocSpace objects, 0(0B) LOS objects, 23% free, 52MB/68MB, paused 450us total 19.594ms
08-06 05:24:56.853   356   369 I art     : Starting a blocking GC Explicit
08-06 05:24:56.871   356   369 I art     : Explicit concurrent mark sweep GC freed 14(720B) AllocSpace objects, 0(0B) LOS objects, 23% free, 52MB/68MB, paused 432us total 17.970ms
08-06 05:24:57.050   380   380 W SurfaceFlinger: couldn't log to binary event log: overflow.
08-06 05:24:57.125   356   368 I art     : Starting a blocking GC Explicit
08-06 05:24:57.145   356   368 I art     : Explicit concurrent mark sweep GC freed 1341(78KB) AllocSpace objects, 1(20KB) LOS objects, 23% free, 52MB/68MB, paused 437us total 19.056ms
08-06 05:24:57.153   356   368 I art     : Starting a blocking GC Explicit
08-06 05:24:57.173   356   368 I art     : Explicit concurrent mark sweep GC freed 109(6KB) AllocSpace objects, 0(0B) LOS objects, 23% free, 52MB/68MB, paused 443us total 19.856ms
08-06 05:24:57.182   356   368 I art     : Starting a blocking GC Explicit
08-06 05:24:57.203   356   368 I art     : Explicit concurrent mark sweep GC freed 26(1392B) AllocSpace objects, 0(0B) LOS objects, 23% free, 52MB/68MB, paused 434us total 20.565ms
08-06 05:24:57.211   356   368 I art     : Starting a blocking GC Explicit
08-06 05:24:57.230   356   368 I art     : Explicit concurrent mark sweep GC freed 10(352B) AllocSpace objects, 0(0B) LOS objects, 23% free, 52MB/68MB, paused 457us total 18.899ms
08-06 05:24:57.238   356   368 I art     : Starting a blocking GC Explicit
08-06 05:24:57.257   356   368 I art     : Explicit concurrent mark sweep GC freed 11(416B) AllocSpace objects, 0(0B) LOS objects, 23% free, 52MB/68MB, paused 468us total 18.989ms
08-06 05:24:57.472   356  2329 D OkHttp  : --> GET https://api-hillfair-2k16.herokuapp.com/api/app/events/special/event?id=5806551bdcba0f490c70fd1f http/1.1
08-06 05:24:57.506   356  2329 D OkHttp  : <-- 200 OK https://api-hillfair-2k16.herokuapp.com/api/app/events/special/event?id=5806551bdcba0f490c70fd1f (34ms, 795-byte body)
08-06 05:24:57.531   356   369 I art     : Starting a blocking GC Explicit
08-06 05:24:57.552   356   356 I NAPPA_EXPERIMENTATION: MetricNetworkRequestExecutionTime: REQUEST_DURATION_SYSTEM='808',REQUEST_DURATION_OKHTTP='34',REQUEST_SYNCHRONOUS='FALSE',RESPONSE_CODE='200',RESPONSE_METHOD='GET',RESPONSE_LENGTH_OKHTTP='795',RESPONSE_LENGTH_HEADER='795',REQUEST_PROTOCOL='http/1.1',REQUEST_URL='https://api-hillfair-2k16.herokuapp.com/api/app/events/special/event?id=5806551bdcba0f490c70fd1f',
08-06 05:24:57.553   356   369 I art     : Explicit concurrent mark sweep GC freed 4280(252KB) AllocSpace objects, 4(220KB) LOS objects, 23% free, 52MB/68MB, paused 476us total 22.023ms
08-06 05:24:57.562   356   369 I art     : Starting a blocking GC Explicit
08-06 05:24:57.584   356   369 I art     : Explicit concurrent mark sweep GC freed 1510(177KB) AllocSpace objects, 0(0B) LOS objects, 23% free, 52MB/68MB, paused 433us total 21.549ms
08-06 05:24:57.592   356   369 I art     : Starting a blocking GC Explicit
08-06 05:24:57.611   356   369 I art     : Explicit concurrent mark sweep GC freed 55(1824B) AllocSpace objects, 0(0B) LOS objects, 23% free, 52MB/68MB, paused 436us total 19.067ms
08-06 05:24:57.619   356   369 I art     : Starting a blocking GC Explicit
08-06 05:24:57.638   356   369 I art     : Explicit concurrent mark sweep GC freed 3(96B) AllocSpace objects, 0(0B) LOS objects, 23% free, 52MB/68MB, paused 486us total 18.692ms
08-06 05:24:57.647   356   369 I art     : Starting a blocking GC Explicit
08-06 05:24:57.668   356   369 I art     : Explicit concurrent mark sweep GC freed 3(96B) AllocSpace objects, 0(0B) LOS objects, 23% free, 52MB/68MB, paused 524us total 20.865ms
08-06 05:24:57.968   356   547 I art     : Starting a blocking GC Explicit
08-06 05:24:57.989   356   547 I art     : Explicit concurrent mark sweep GC freed 1341(78KB) AllocSpace objects, 1(20KB) LOS objects, 23% free, 52MB/68MB, paused 457us total 21.343ms
08-06 05:24:57.998   356   547 I art     : Starting a blocking GC Explicit
08-06 05:24:58.019   356   547 I art     : Explicit concurrent mark sweep GC freed 36(1264B) AllocSpace objects, 0(0B) LOS objects, 23% free, 52MB/68MB, paused 563us total 21.153ms
08-06 05:24:58.028   356   547 I art     : Starting a blocking GC Explicit
08-06 05:24:58.050   356   547 I art     : Explicit concurrent mark sweep GC freed 3(96B) AllocSpace objects, 0(0B) LOS objects, 23% free, 52MB/68MB, paused 454us total 21.085ms
08-06 05:24:58.058   356   547 I art     : Starting a blocking GC Explicit
08-06 05:24:58.080   356   547 I art     : Explicit concurrent mark sweep GC freed 3(96B) AllocSpace objects, 0(0B) LOS objects, 23% free, 52MB/68MB, paused 451us total 21.055ms
08-06 05:24:58.089   356   547 I art     : Starting a blocking GC Explicit
08-06 05:24:58.110   356   547 I art     : Explicit concurrent mark sweep GC freed 3(96B) AllocSpace objects, 0(0B) LOS objects, 23% free, 52MB/68MB, paused 451us total 21.600ms
08-06 05:24:58.408   356   369 I art     : Starting a blocking GC Explicit
08-06 05:24:58.431   356   369 I art     : Explicit concurrent mark sweep GC freed 1341(78KB) AllocSpace objects, 1(20KB) LOS objects, 23% free, 52MB/68MB, paused 496us total 22.794ms
08-06 05:24:58.443   356   369 I art     : Starting a blocking GC Explicit
08-06 05:24:58.465   356   369 I art     : Explicit concurrent mark sweep GC freed 20(704B) AllocSpace objects, 0(0B) LOS objects, 23% free, 52MB/68MB, paused 499us total 21.215ms
08-06 05:24:58.474   356   369 I art     : Starting a blocking GC Explicit
08-06 05:24:58.495   356   369 I art     : Explicit concurrent mark sweep GC freed 3(96B) AllocSpace objects, 0(0B) LOS objects, 23% free, 52MB/68MB, paused 509us total 20.973ms
08-06 05:24:58.504   356   369 I art     : Starting a blocking GC Explicit
08-06 05:24:58.526   356   369 I art     : Explicit concurrent mark sweep GC freed 3(96B) AllocSpace objects, 0(0B) LOS objects, 23% free, 52MB/68MB, paused 449us total 21.674ms
08-06 05:24:58.535   356   369 I art     : Starting a blocking GC Explicit
08-06 05:24:58.557   356   369 I art     : Explicit concurrent mark sweep GC freed 3(96B) AllocSpace objects, 0(0B) LOS objects, 23% free, 52MB/68MB, paused 421us total 21.247ms
08-06 05:24:58.875   356  1074 I art     : Starting a blocking GC Explicit
08-06 05:24:58.902   356  1074 I art     : Explicit concurrent mark sweep GC freed 1341(78KB) AllocSpace objects, 1(20KB) LOS objects, 23% free, 52MB/68MB, paused 492us total 26.885ms
08-06 05:24:58.914   356  1074 I art     : Starting a blocking GC Explicit
08-06 05:24:58.937   356  1074 I art     : Explicit concurrent mark sweep GC freed 20(704B) AllocSpace objects, 0(0B) LOS objects, 23% free, 52MB/68MB, paused 525us total 22.768ms
08-06 05:24:58.945   356  1074 I art     : Starting a blocking GC Explicit
08-06 05:24:58.967   356  1074 I art     : Explicit concurrent mark sweep GC freed 3(96B) AllocSpace objects, 0(0B) LOS objects, 23% free, 52MB/68MB, paused 520us total 21.261ms
08-06 05:24:58.976   356  1074 I art     : Starting a blocking GC Explicit
08-06 05:24:58.998   356  1074 I art     : Explicit concurrent mark sweep GC freed 3(96B) AllocSpace objects, 0(0B) LOS objects, 23% free, 52MB/68MB, paused 512us total 21.668ms
08-06 05:24:59.007   356  1074 I art     : Starting a blocking GC Explicit
08-06 05:24:59.028   356  1074 I art     : Explicit concurrent mark sweep GC freed 3(96B) AllocSpace objects, 0(0B) LOS objects, 23% free, 52MB/68MB, paused 532us total 21.374ms
08-06 05:24:59.351   356   368 I art     : Starting a blocking GC Explicit
08-06 05:24:59.381   356   368 I art     : Explicit concurrent mark sweep GC freed 1341(78KB) AllocSpace objects, 1(20KB) LOS objects, 23% free, 52MB/68MB, paused 571us total 29.692ms
08-06 05:24:59.394   356   368 I art     : Starting a blocking GC Explicit
08-06 05:24:59.416   356   368 I art     : Explicit concurrent mark sweep GC freed 20(704B) AllocSpace objects, 0(0B) LOS objects, 23% free, 52MB/68MB, paused 439us total 21.297ms
08-06 05:24:59.424   356   368 I art     : Starting a blocking GC Explicit
08-06 05:24:59.446   356   368 I art     : Explicit concurrent mark sweep GC freed 3(96B) AllocSpace objects, 0(0B) LOS objects, 23% free, 52MB/68MB, paused 444us total 21.274ms
08-06 05:24:59.455   356   368 I art     : Starting a blocking GC Explicit
08-06 05:24:59.477   356   368 I art     : Explicit concurrent mark sweep GC freed 3(96B) AllocSpace objects, 0(0B) LOS objects, 23% free, 52MB/68MB, paused 448us total 21.738ms
08-06 05:24:59.486   356   368 I art     : Starting a blocking GC Explicit
08-06 05:24:59.507   356   368 I art     : Explicit concurrent mark sweep GC freed 3(96B) AllocSpace objects, 0(0B) LOS objects, 23% free, 52MB/68MB, paused 479us total 21.627ms
08-06 05:24:59.810   356   547 I art     : Starting a blocking GC Explicit
08-06 05:24:59.840   356   547 I art     : Explicit concurrent mark sweep GC freed 1341(78KB) AllocSpace objects, 1(20KB) LOS objects, 23% free, 52MB/68MB, paused 565us total 30.030ms
08-06 05:24:59.852   356   547 I art     : Starting a blocking GC Explicit
08-06 05:24:59.873   356   547 I art     : Explicit concurrent mark sweep GC freed 20(704B) AllocSpace objects, 0(0B) LOS objects, 23% free, 52MB/68MB, paused 468us total 20.871ms
08-06 05:24:59.882   356   547 I art     : Starting a blocking GC Explicit
08-06 05:24:59.903   356   547 I art     : Explicit concurrent mark sweep GC freed 3(96B) AllocSpace objects, 0(0B) LOS objects, 23% free, 52MB/68MB, paused 539us total 21.248ms
08-06 05:24:59.912   356   547 I art     : Starting a blocking GC Explicit
08-06 05:24:59.934   356   547 I art     : Explicit concurrent mark sweep GC freed 3(96B) AllocSpace objects, 0(0B) LOS objects, 23% free, 52MB/68MB, paused 462us total 21.199ms
08-06 05:24:59.943   356   547 I art     : Starting a blocking GC Explicit
08-06 05:24:59.964   356   547 I art     : Explicit concurrent mark sweep GC freed 3(96B) AllocSpace objects, 0(0B) LOS objects, 23% free, 52MB/68MB, paused 462us total 21.365ms
08-06 05:25:00.037   918   931 I ProcessStatsService: Prepared write state in 11ms
08-06 05:25:00.050   918   930 I ProcessStatsService: Pruning old procstats: /data/system/procstats/state-2020-08-05-02-18-03.bin
08-06 05:25:00.239   356   369 I art     : Starting a blocking GC Explicit
08-06 05:25:00.261   356   369 I art     : Explicit concurrent mark sweep GC freed 1341(78KB) AllocSpace objects, 1(20KB) LOS objects, 23% free, 52MB/68MB, paused 467us total 22.108ms
08-06 05:25:00.271   356   369 I art     : Starting a blocking GC Explicit
08-06 05:25:00.293   356   369 I art     : Explicit concurrent mark sweep GC freed 20(704B) AllocSpace objects, 0(0B) LOS objects, 23% free, 52MB/68MB, paused 458us total 22.120ms
08-06 05:25:00.302   356   369 I art     : Starting a blocking GC Explicit
08-06 05:25:00.324   356   369 I art     : Explicit concurrent mark sweep GC freed 3(96B) AllocSpace objects, 0(0B) LOS objects, 23% free, 52MB/68MB, paused 465us total 21.610ms
08-06 05:25:00.332   356   369 I art     : Starting a blocking GC Explicit
08-06 05:25:00.353   356   369 I art     : Explicit concurrent mark sweep GC freed 3(96B) AllocSpace objects, 0(0B) LOS objects, 23% free, 52MB/68MB, paused 439us total 20.976ms
08-06 05:25:00.362   356   369 I art     : Starting a blocking GC Explicit
08-06 05:25:00.385   356   369 I art     : Explicit concurrent mark sweep GC freed 3(96B) AllocSpace objects, 0(0B) LOS objects, 23% free, 52MB/68MB, paused 527us total 21.919ms
08-06 05:25:00.710   356  1074 I art     : Starting a blocking GC Explicit
08-06 05:25:00.737   356  1074 I art     : Explicit concurrent mark sweep GC freed 1341(78KB) AllocSpace objects, 1(20KB) LOS objects, 23% free, 52MB/68MB, paused 591us total 26.686ms
08-06 05:25:00.749   356  1074 I art     : Starting a blocking GC Explicit
08-06 05:25:00.771   356  1074 I art     : Explicit concurrent mark sweep GC freed 20(704B) AllocSpace objects, 0(0B) LOS objects, 23% free, 52MB/68MB, paused 450us total 21.814ms
08-06 05:25:00.780   356  1074 I art     : Starting a blocking GC Explicit
08-06 05:25:00.801   356  1074 I art     : Explicit concurrent mark sweep GC freed 3(96B) AllocSpace objects, 0(0B) LOS objects, 23% free, 52MB/68MB, paused 450us total 21.077ms
08-06 05:25:00.810   356  1074 I art     : Starting a blocking GC Explicit
08-06 05:25:00.831   356  1074 I art     : Explicit concurrent mark sweep GC freed 3(96B) AllocSpace objects, 0(0B) LOS objects, 23% free, 52MB/68MB, paused 446us total 21.361ms
08-06 05:25:00.840   356  1074 I art     : Starting a blocking GC Explicit
08-06 05:25:00.863   356  1074 I art     : Explicit concurrent mark sweep GC freed 3(96B) AllocSpace objects, 0(0B) LOS objects, 23% free, 52MB/68MB, paused 448us total 22.372ms
08-06 05:25:01.126   356   368 I art     : Starting a blocking GC Explicit
08-06 05:25:01.148   356   368 I art     : Explicit concurrent mark sweep GC freed 1341(78KB) AllocSpace objects, 1(20KB) LOS objects, 23% free, 52MB/68MB, paused 500us total 21.955ms
08-06 05:25:01.156   356   368 I art     : Starting a blocking GC Explicit
08-06 05:25:01.178   356   368 I art     : Explicit concurrent mark sweep GC freed 20(704B) AllocSpace objects, 0(0B) LOS objects, 23% free, 52MB/68MB, paused 523us total 20.921ms
08-06 05:25:01.187   356   368 I art     : Starting a blocking GC Explicit
08-06 05:25:01.208   356   368 I art     : Explicit concurrent mark sweep GC freed 3(96B) AllocSpace objects, 0(0B) LOS objects, 23% free, 52MB/68MB, paused 707us total 21.034ms
08-06 05:25:01.216   356   368 I art     : Starting a blocking GC Explicit
08-06 05:25:01.237   356   368 I art     : Explicit concurrent mark sweep GC freed 3(96B) AllocSpace objects, 0(0B) LOS objects, 23% free, 52MB/68MB, paused 501us total 20.179ms
08-06 05:25:01.245   356   368 I art     : Starting a blocking GC Explicit
08-06 05:25:01.266   356   368 I art     : Explicit concurrent mark sweep GC freed 3(96B) AllocSpace objects, 0(0B) LOS objects, 23% free, 52MB/68MB, paused 499us total 20.058ms
08-06 05:25:01.407  2427  2427 D AndroidRuntime: >>>>>> START com.android.internal.os.RuntimeInit uid 2000 <<<<<<
08-06 05:25:01.417  2427  2427 D AndroidRuntime: CheckJNI is OFF
08-06 05:25:01.449  2427  2427 D ICU     : No timezone override file found: /data/misc/zoneinfo/current/icu/icu_tzdata.dat
08-06 05:25:01.482  2427  2427 I Radio-JNI: register_android_hardware_Radio DONE
08-06 05:25:01.503  2427  2427 D AndroidRuntime: Calling main entry com.android.commands.input.Input
08-06 05:25:01.505  2427  2427 I Input   : injectKeyEvent: KeyEvent { action=ACTION_DOWN, keyCode=KEYCODE_BACK, scanCode=0, metaState=0, flags=0x0, repeatCount=0, eventTime=854717918, downTime=854717918, deviceId=-1, source=0x101 }
08-06 05:25:01.510  2427  2427 I Input   : injectKeyEvent: KeyEvent { action=ACTION_UP, keyCode=KEYCODE_BACK, scanCode=0, metaState=0, flags=0x0, repeatCount=0, eventTime=854717918, downTime=854717918, deviceId=-1, source=0x101 }
08-06 05:25:01.518  2427  2427 D AndroidRuntime: Shutting down VM
08-06 05:25:01.561   356   547 I art     : Starting a blocking GC Explicit
08-06 05:25:01.565 13866 13866 I GoogleInputMethodServic: GoogleInputMethodService.onFinishInput():3138 
08-06 05:25:01.566 13866 13866 I GoogleInputMethodServic: GoogleInputMethodService.onStartInput():1808 
08-06 05:25:01.582   356   547 I art     : Explicit concurrent mark sweep GC freed 1504(85KB) AllocSpace objects, 1(20KB) LOS objects, 23% free, 52MB/68MB, paused 517us total 20.416ms
08-06 05:25:01.594   356   547 I art     : Starting a blocking GC Explicit
08-06 05:25:01.613   356   547 I art     : Explicit concurrent mark sweep GC freed 31(1088B) AllocSpace objects, 0(0B) LOS objects, 23% free, 52MB/68MB, paused 412us total 18.407ms
08-06 05:25:01.621   356   547 I art     : Starting a blocking GC Explicit
08-06 05:25:01.640   356   547 I art     : Explicit concurrent mark sweep GC freed 5(176B) AllocSpace objects, 0(0B) LOS objects, 23% free, 52MB/68MB, paused 435us total 18.238ms
08-06 05:25:01.648   356   547 I art     : Starting a blocking GC Explicit
08-06 05:25:01.667   356   547 I art     : Explicit concurrent mark sweep GC freed 3(96B) AllocSpace objects, 0(0B) LOS objects, 23% free, 52MB/68MB, paused 462us total 19.352ms
08-06 05:25:01.675   356   547 I art     : Starting a blocking GC Explicit
08-06 05:25:01.697   356   547 I art     : Explicit concurrent mark sweep GC freed 3(96B) AllocSpace objects, 0(0B) LOS objects, 23% free, 52MB/68MB, paused 546us total 21.162ms
08-06 05:25:01.855   380   380 W SurfaceFlinger: couldn't log to binary event log: overflow.
08-06 05:25:01.952   356  1074 I art     : Starting a blocking GC Explicit
08-06 05:25:01.974   356  1074 I art     : Explicit concurrent mark sweep GC freed 1450(87KB) AllocSpace objects, 1(20KB) LOS objects, 23% free, 52MB/68MB, paused 454us total 21.530ms
08-06 05:25:01.982   356  1074 I art     : Starting a blocking GC Explicit
08-06 05:25:02.003   356  1074 I art     : Explicit concurrent mark sweep GC freed 1672(107KB) AllocSpace objects, 3(400KB) LOS objects, 23% free, 52MB/68MB, paused 412us total 20.413ms
08-06 05:25:02.012   356  1074 I art     : Starting a blocking GC Explicit
08-06 05:25:02.032   356  1074 I art     : Explicit concurrent mark sweep GC freed 3(96B) AllocSpace objects, 0(0B) LOS objects, 23% free, 52MB/68MB, paused 436us total 20.148ms
08-06 05:25:02.041   356  1074 I art     : Starting a blocking GC Explicit
08-06 05:25:02.061   356  1074 I art     : Explicit concurrent mark sweep GC freed 3(96B) AllocSpace objects, 0(0B) LOS objects, 23% free, 52MB/68MB, paused 433us total 20.507ms
08-06 05:25:02.070   356  1074 I art     : Starting a blocking GC Explicit
08-06 05:25:02.091   356  1074 I art     : Explicit concurrent mark sweep GC freed 3(96B) AllocSpace objects, 0(0B) LOS objects, 23% free, 52MB/68MB, paused 448us total 20.568ms
08-06 05:25:02.380   356   368 I art     : Starting a blocking GC Explicit
08-06 05:25:02.411   356   368 I art     : Explicit concurrent mark sweep GC freed 1341(78KB) AllocSpace objects, 1(20KB) LOS objects, 23% free, 52MB/68MB, paused 535us total 31.283ms
08-06 05:25:02.423   356   368 I art     : Starting a blocking GC Explicit
08-06 05:25:02.445   356   368 I art     : Explicit concurrent mark sweep GC freed 20(704B) AllocSpace objects, 0(0B) LOS objects, 23% free, 52MB/68MB, paused 446us total 21.040ms
08-06 05:25:02.453   356   368 I art     : Starting a blocking GC Explicit
08-06 05:25:02.473   356   368 I art     : Explicit concurrent mark sweep GC freed 3(96B) AllocSpace objects, 0(0B) LOS objects, 23% free, 52MB/68MB, paused 439us total 20.050ms
08-06 05:25:02.482   356   368 I art     : Starting a blocking GC Explicit
08-06 05:25:02.503   356   368 I art     : Explicit concurrent mark sweep GC freed 3(96B) AllocSpace objects, 0(0B) LOS objects, 23% free, 52MB/68MB, paused 449us total 20.394ms
08-06 05:25:02.511   356   368 I art     : Starting a blocking GC Explicit
08-06 05:25:02.532   356   368 I art     : Explicit concurrent mark sweep GC freed 3(96B) AllocSpace objects, 0(0B) LOS objects, 23% free, 52MB/68MB, paused 450us total 20.232ms
08-06 05:25:02.819   356   547 I art     : Starting a blocking GC Explicit
08-06 05:25:02.841   356   547 I art     : Explicit concurrent mark sweep GC freed 1340(78KB) AllocSpace objects, 1(20KB) LOS objects, 23% free, 52MB/68MB, paused 464us total 20.882ms
08-06 05:25:02.849   356   547 I art     : Starting a blocking GC Explicit
08-06 05:25:02.869   356   547 I art     : Explicit concurrent mark sweep GC freed 20(704B) AllocSpace objects, 0(0B) LOS objects, 23% free, 52MB/68MB, paused 471us total 20.154ms
08-06 05:25:02.878   356   547 I art     : Starting a blocking GC Explicit
08-06 05:25:02.898   356   547 I art     : Explicit concurrent mark sweep GC freed 3(96B) AllocSpace objects, 0(0B) LOS objects, 23% free, 52MB/68MB, paused 450us total 19.681ms
08-06 05:25:02.906   356   547 I art     : Starting a blocking GC Explicit
08-06 05:25:02.926   356   547 I art     : Explicit concurrent mark sweep GC freed 3(96B) AllocSpace objects, 0(0B) LOS objects, 23% free, 52MB/68MB, paused 458us total 19.804ms
08-06 05:25:02.935   356   547 I art     : Starting a blocking GC Explicit
08-06 05:25:02.954   356   547 I art     : Explicit concurrent mark sweep GC freed 3(96B) AllocSpace objects, 0(0B) LOS objects, 23% free, 52MB/68MB, paused 451us total 19.470ms
08-06 05:25:03.172  2500  2500 D AndroidRuntime: >>>>>> START com.android.internal.os.RuntimeInit uid 2000 <<<<<<
08-06 05:25:03.177  2500  2500 D AndroidRuntime: CheckJNI is OFF
08-06 05:25:03.211  2500  2500 D ICU     : No timezone override file found: /data/misc/zoneinfo/current/icu/icu_tzdata.dat
08-06 05:25:03.234   356   369 I art     : Starting a blocking GC Explicit
08-06 05:25:03.245  2500  2500 I Radio-JNI: register_android_hardware_Radio DONE
08-06 05:25:03.254   356   369 I art     : Explicit concurrent mark sweep GC freed 1340(78KB) AllocSpace objects, 1(20KB) LOS objects, 23% free, 52MB/68MB, paused 490us total 20.273ms
08-06 05:25:03.263   356   369 I art     : Starting a blocking GC Explicit
08-06 05:25:03.268  2500  2500 D AndroidRuntime: Calling main entry com.android.commands.input.Input
08-06 05:25:03.269  2500  2500 I Input   : injectKeyEvent: KeyEvent { action=ACTION_DOWN, keyCode=KEYCODE_BACK, scanCode=0, metaState=0, flags=0x0, repeatCount=0, eventTime=854719682, downTime=854719682, deviceId=-1, source=0x101 }
08-06 05:25:03.274  2500  2500 I Input   : injectKeyEvent: KeyEvent { action=ACTION_UP, keyCode=KEYCODE_BACK, scanCode=0, metaState=0, flags=0x0, repeatCount=0, eventTime=854719682, downTime=854719682, deviceId=-1, source=0x101 }
08-06 05:25:03.280  2500  2500 D AndroidRuntime: Shutting down VM
08-06 05:25:03.283   356   369 I art     : Explicit concurrent mark sweep GC freed 43(1504B) AllocSpace objects, 0(0B) LOS objects, 23% free, 52MB/68MB, paused 460us total 19.670ms
08-06 05:25:03.291   356   369 I art     : Starting a blocking GC Explicit
08-06 05:25:03.309   356   369 I art     : Explicit concurrent mark sweep GC freed 127(6KB) AllocSpace objects, 0(0B) LOS objects, 23% free, 52MB/68MB, paused 425us total 17.931ms
08-06 05:25:03.317   356   369 I art     : Starting a blocking GC Explicit
08-06 05:25:03.317 13866 13866 I GoogleInputMethodServic: GoogleInputMethodService.onFinishInput():3138 
08-06 05:25:03.317 13866 13866 I GoogleInputMethodServic: GoogleInputMethodService.onStartInput():1808 
08-06 05:25:03.334   356   369 I art     : Explicit concurrent mark sweep GC freed 62(2176B) AllocSpace objects, 0(0B) LOS objects, 23% free, 52MB/68MB, paused 520us total 17.567ms
08-06 05:25:03.343   356   369 I art     : Starting a blocking GC Explicit
08-06 05:25:03.361   356   369 I art     : Explicit concurrent mark sweep GC freed 11(400B) AllocSpace objects, 0(0B) LOS objects, 23% free, 52MB/68MB, paused 411us total 18.142ms
08-06 05:25:03.621   356   369 I art     : Starting a blocking GC Explicit
08-06 05:25:03.643   356   369 I art     : Explicit concurrent mark sweep GC freed 1980(109KB) AllocSpace objects, 1(20KB) LOS objects, 23% free, 52MB/68MB, paused 417us total 22.077ms
08-06 05:25:03.650   356   369 I art     : Starting a blocking GC Explicit
08-06 05:25:03.661 32067 32067 I ServiceManager: Waiting for service AtCmdFwd...
08-06 05:25:03.668   356   369 I art     : Explicit concurrent mark sweep GC freed 2107(128KB) AllocSpace objects, 2(140KB) LOS objects, 23% free, 52MB/68MB, paused 447us total 17.370ms
08-06 05:25:03.676   356   369 I art     : Starting a blocking GC Explicit
08-06 05:25:03.694   356   369 I art     : Explicit concurrent mark sweep GC freed 3(96B) AllocSpace objects, 0(0B) LOS objects, 23% free, 52MB/68MB, paused 450us total 18.240ms
08-06 05:25:03.702   356   369 I art     : Starting a blocking GC Explicit
08-06 05:25:03.721   356   369 I art     : Explicit concurrent mark sweep GC freed 3(96B) AllocSpace objects, 0(0B) LOS objects, 23% free, 52MB/68MB, paused 441us total 18.700ms
08-06 05:25:03.730   356   369 I art     : Starting a blocking GC Explicit
08-06 05:25:03.749   356   369 I art     : Explicit concurrent mark sweep GC freed 3(96B) AllocSpace objects, 0(0B) LOS objects, 23% free, 52MB/68MB, paused 454us total 19.248ms
08-06 05:25:04.039   356   368 I art     : Starting a blocking GC Explicit
08-06 05:25:04.067   356   368 I art     : Explicit concurrent mark sweep GC freed 1340(78KB) AllocSpace objects, 1(20KB) LOS objects, 23% free, 52MB/68MB, paused 502us total 27.451ms
08-06 05:25:04.081   356   368 I art     : Starting a blocking GC Explicit
08-06 05:25:04.102   356   368 I art     : Explicit concurrent mark sweep GC freed 20(704B) AllocSpace objects, 0(0B) LOS objects, 23% free, 52MB/68MB, paused 449us total 20.015ms
08-06 05:25:04.110   356   368 I art     : Starting a blocking GC Explicit
08-06 05:25:04.130   356   368 I art     : Explicit concurrent mark sweep GC freed 3(96B) AllocSpace objects, 0(0B) LOS objects, 23% free, 52MB/68MB, paused 447us total 19.607ms
08-06 05:25:04.139   356   368 I art     : Starting a blocking GC Explicit
08-06 05:25:04.158   356   368 I art     : Explicit concurrent mark sweep GC freed 3(96B) AllocSpace objects, 0(0B) LOS objects, 23% free, 52MB/68MB, paused 432us total 19.590ms
08-06 05:25:04.167   356   368 I art     : Starting a blocking GC Explicit
08-06 05:25:04.187   356   368 I art     : Explicit concurrent mark sweep GC freed 3(96B) AllocSpace objects, 0(0B) LOS objects, 23% free, 52MB/68MB, paused 440us total 19.239ms
08-06 05:25:04.484   356  1074 I art     : Starting a blocking GC Explicit
08-06 05:25:04.507   356  1074 I art     : Explicit concurrent mark sweep GC freed 1338(78KB) AllocSpace objects, 1(20KB) LOS objects, 23% free, 52MB/68MB, paused 495us total 23.083ms
08-06 05:25:04.518   356  1074 I art     : Starting a blocking GC Explicit
08-06 05:25:04.538   356  1074 I art     : Explicit concurrent mark sweep GC freed 20(704B) AllocSpace objects, 0(0B) LOS objects, 23% free, 52MB/68MB, paused 482us total 19.339ms
08-06 05:25:04.547   356  1074 I art     : Starting a blocking GC Explicit
08-06 05:25:04.565   356  1074 I art     : Explicit concurrent mark sweep GC freed 3(96B) AllocSpace objects, 0(0B) LOS objects, 23% free, 52MB/68MB, paused 454us total 18.408ms
08-06 05:25:04.573   356  1074 I art     : Starting a blocking GC Explicit
08-06 05:25:04.592   356  1074 I art     : Explicit concurrent mark sweep GC freed 3(96B) AllocSpace objects, 0(0B) LOS objects, 23% free, 52MB/68MB, paused 443us total 18.554ms
08-06 05:25:04.601   356  1074 I art     : Starting a blocking GC Explicit
08-06 05:25:04.620   356  1074 I art     : Explicit concurrent mark sweep GC freed 3(96B) AllocSpace objects, 0(0B) LOS objects, 23% free, 52MB/68MB, paused 471us total 18.715ms
08-06 05:25:04.662 32067 32067 I ServiceManager: Waiting for service AtCmdFwd...
08-06 05:25:04.886   356   547 I art     : Starting a blocking GC Explicit
08-06 05:25:04.906   356   547 I art     : Explicit concurrent mark sweep GC freed 1338(78KB) AllocSpace objects, 1(20KB) LOS objects, 23% free, 52MB/68MB, paused 474us total 19.951ms
08-06 05:25:04.915   356   547 I art     : Starting a blocking GC Explicit
08-06 05:25:04.934   356   547 I art     : Explicit concurrent mark sweep GC freed 20(704B) AllocSpace objects, 0(0B) LOS objects, 23% free, 52MB/68MB, paused 458us total 19.519ms
08-06 05:25:04.943   356   547 I art     : Starting a blocking GC Explicit
08-06 05:25:04.947  2559  2559 D AndroidRuntime: >>>>>> START com.android.internal.os.RuntimeInit uid 2000 <<<<<<
08-06 05:25:04.952  2559  2559 D AndroidRuntime: CheckJNI is OFF
08-06 05:25:04.962   356   547 I art     : Explicit concurrent mark sweep GC freed 3(96B) AllocSpace objects, 0(0B) LOS objects, 23% free, 52MB/68MB, paused 451us total 18.895ms
08-06 05:25:04.970   356   547 I art     : Starting a blocking GC Explicit
08-06 05:25:04.988  2559  2559 D ICU     : No timezone override file found: /data/misc/zoneinfo/current/icu/icu_tzdata.dat
08-06 05:25:04.989   356   547 I art     : Explicit concurrent mark sweep GC freed 3(96B) AllocSpace objects, 0(0B) LOS objects, 23% free, 52MB/68MB, paused 497us total 18.261ms
08-06 05:25:04.997   356   547 I art     : Starting a blocking GC Explicit
08-06 05:25:05.015   356   547 I art     : Explicit concurrent mark sweep GC freed 3(96B) AllocSpace objects, 0(0B) LOS objects, 23% free, 52MB/68MB, paused 471us total 18.403ms
08-06 05:25:05.025  2559  2559 I Radio-JNI: register_android_hardware_Radio DONE
08-06 05:25:05.047  2559  2559 D AndroidRuntime: Calling main entry com.android.commands.input.Input
08-06 05:25:05.048  2559  2559 I Input   : injectMotionEvent: MotionEvent { action=ACTION_DOWN, actionButton=0, id[0]=0, x[0]=1053.0, y[0]=1173.0, toolType[0]=TOOL_TYPE_UNKNOWN, buttonState=0, metaState=0, flags=0x0, edgeFlags=0x0, pointerCount=1, historySize=0, eventTime=854721461, downTime=854721461, deviceId=0, source=0x1002 }
08-06 05:25:05.053  2559  2559 I Input   : injectMotionEvent: MotionEvent { action=ACTION_UP, actionButton=0, id[0]=0, x[0]=1053.0, y[0]=1173.0, toolType[0]=TOOL_TYPE_UNKNOWN, buttonState=0, metaState=0, flags=0x0, edgeFlags=0x0, pointerCount=1, historySize=0, eventTime=854721461, downTime=854721461, deviceId=0, source=0x1002 }
08-06 05:25:05.055   918   929 I ActivityManager: START u0 {cmp=baseline.appteam.nith.hillffair/.activities.QuizActivity} from uid 10697 on display 0
08-06 05:25:05.062  2559  2559 D AndroidRuntime: Shutting down VM
08-06 05:25:05.203 13866 13866 I GoogleInputMethodServic: GoogleInputMethodService.onFinishInput():3138 
08-06 05:25:05.204 13866 13866 I GoogleInputMethodServic: GoogleInputMethodService.onStartInput():1808 
08-06 05:25:05.206   918   936 I ActivityManager: Displayed baseline.appteam.nith.hillffair/.activities.QuizActivity: +144ms
08-06 05:25:05.262   356  1074 I art     : Starting a blocking GC Explicit
08-06 05:25:05.283   356  1074 I art     : Explicit concurrent mark sweep GC freed 2171(142KB) AllocSpace objects, 1(20KB) LOS objects, 23% free, 52MB/68MB, paused 424us total 20.841ms
08-06 05:25:05.292   356  1074 I art     : Starting a blocking GC Explicit
08-06 05:25:05.314   356  1074 I art     : Explicit concurrent mark sweep GC freed 192(8KB) AllocSpace objects, 0(0B) LOS objects, 23% free, 52MB/68MB, paused 435us total 22.222ms
08-06 05:25:05.323   356  1074 I art     : Starting a blocking GC Explicit
08-06 05:25:05.347   356  1074 I art     : Explicit concurrent mark sweep GC freed 3(96B) AllocSpace objects, 0(0B) LOS objects, 23% free, 52MB/68MB, paused 593us total 23.885ms
08-06 05:25:05.357   356  1074 I art     : Starting a blocking GC Explicit
08-06 05:25:05.381   356  1074 I art     : Explicit concurrent mark sweep GC freed 3(96B) AllocSpace objects, 0(0B) LOS objects, 23% free, 52MB/68MB, paused 456us total 24.016ms
08-06 05:25:05.391   356  1074 I art     : Starting a blocking GC Explicit
08-06 05:25:05.415   356  1074 I art     : Explicit concurrent mark sweep GC freed 3(96B) AllocSpace objects, 0(0B) LOS objects, 23% free, 52MB/68MB, paused 448us total 23.356ms
08-06 05:25:05.458   380   380 W SurfaceFlinger: couldn't log to binary event log: overflow.
08-06 05:25:05.662 32067 32067 I ServiceManager: Waiting for service AtCmdFwd...
08-06 05:25:05.682   356  1074 I art     : Starting a blocking GC Explicit
08-06 05:25:05.705   356  1074 I art     : Explicit concurrent mark sweep GC freed 1411(82KB) AllocSpace objects, 1(20KB) LOS objects, 23% free, 52MB/68MB, paused 436us total 22.550ms
08-06 05:25:05.716   356  1074 I art     : Starting a blocking GC Explicit
08-06 05:25:05.737   356  1074 I art     : Explicit concurrent mark sweep GC freed 41(1488B) AllocSpace objects, 0(0B) LOS objects, 23% free, 52MB/68MB, paused 541us total 20.732ms
08-06 05:25:05.745   356  1074 I art     : Starting a blocking GC Explicit
08-06 05:25:05.766   356  1074 I art     : Explicit concurrent mark sweep GC freed 3(96B) AllocSpace objects, 0(0B) LOS objects, 23% free, 52MB/68MB, paused 444us total 20.735ms
08-06 05:25:05.775   356  1074 I art     : Starting a blocking GC Explicit
08-06 05:25:05.795   356  1074 I art     : Explicit concurrent mark sweep GC freed 3(96B) AllocSpace objects, 0(0B) LOS objects, 23% free, 52MB/68MB, paused 461us total 20.363ms
08-06 05:25:05.804   356  1074 I art     : Starting a blocking GC Explicit
08-06 05:25:05.825   356  1074 I art     : Explicit concurrent mark sweep GC freed 3(96B) AllocSpace objects, 0(0B) LOS objects, 23% free, 52MB/68MB, paused 437us total 20.446ms
08-06 05:25:06.123   356   547 I art     : Starting a blocking GC Explicit
08-06 05:25:06.149   356   547 I art     : Explicit concurrent mark sweep GC freed 1353(78KB) AllocSpace objects, 1(20KB) LOS objects, 23% free, 52MB/68MB, paused 492us total 25.716ms
08-06 05:25:06.161   356   547 I art     : Starting a blocking GC Explicit
08-06 05:25:06.184   356   547 I art     : Explicit concurrent mark sweep GC freed 34(1136B) AllocSpace objects, 0(0B) LOS objects, 23% free, 52MB/68MB, paused 446us total 23.238ms
08-06 05:25:06.193   356   547 I art     : Starting a blocking GC Explicit
08-06 05:25:06.214   356   547 I art     : Explicit concurrent mark sweep GC freed 3(96B) AllocSpace objects, 0(0B) LOS objects, 23% free, 52MB/68MB, paused 444us total 20.990ms
08-06 05:25:06.223   356   547 I art     : Starting a blocking GC Explicit
08-06 05:25:06.244   356   547 I art     : Explicit concurrent mark sweep GC freed 3(96B) AllocSpace objects, 0(0B) LOS objects, 23% free, 52MB/68MB, paused 443us total 20.454ms
08-06 05:25:06.253   356   547 I art     : Starting a blocking GC Explicit
08-06 05:25:06.273   356   547 I art     : Explicit concurrent mark sweep GC freed 3(96B) AllocSpace objects, 0(0B) LOS objects, 23% free, 52MB/68MB, paused 436us total 20.585ms
08-06 05:25:06.577   356   369 I art     : Starting a blocking GC Explicit
08-06 05:25:06.603   356   369 I art     : Explicit concurrent mark sweep GC freed 1340(78KB) AllocSpace objects, 1(20KB) LOS objects, 23% free, 52MB/68MB, paused 462us total 25.733ms
08-06 05:25:06.603   356   367 I art     : WaitForGcToComplete blocked for 21.000ms for cause HeapTrim
08-06 05:25:06.615   356   369 I art     : Starting a blocking GC Explicit
08-06 05:25:06.636   356   369 I art     : Explicit concurrent mark sweep GC freed 20(704B) AllocSpace objects, 0(0B) LOS objects, 23% free, 52MB/68MB, paused 436us total 21.134ms
08-06 05:25:06.645   356   369 I art     : Starting a blocking GC Explicit
08-06 05:25:06.663 32067 32067 I ServiceManager: Waiting for service AtCmdFwd...
08-06 05:25:06.666   356   369 I art     : Explicit concurrent mark sweep GC freed 3(96B) AllocSpace objects, 0(0B) LOS objects, 23% free, 52MB/68MB, paused 454us total 20.604ms
08-06 05:25:06.675   356   369 I art     : Starting a blocking GC Explicit
08-06 05:25:06.696   356   369 I art     : Explicit concurrent mark sweep GC freed 3(96B) AllocSpace objects, 0(0B) LOS objects, 23% free, 52MB/68MB, paused 441us total 21.310ms
08-06 05:25:06.705   356   369 I art     : Starting a blocking GC Explicit
08-06 05:25:06.730   356   369 I art     : Explicit concurrent mark sweep GC freed 6(192B) AllocSpace objects, 0(0B) LOS objects, 23% free, 52MB/68MB, paused 662us total 24.894ms
08-06 05:25:07.040   356   547 I art     : Starting a blocking GC Explicit
08-06 05:25:07.061   356   547 I art     : Explicit concurrent mark sweep GC freed 1367(79KB) AllocSpace objects, 1(20KB) LOS objects, 23% free, 52MB/68MB, paused 455us total 21.344ms
08-06 05:25:07.073   356   547 I art     : Starting a blocking GC Explicit
08-06 05:25:07.093   356   547 I art     : Explicit concurrent mark sweep GC freed 20(704B) AllocSpace objects, 0(0B) LOS objects, 23% free, 52MB/68MB, paused 456us total 20.416ms
08-06 05:25:07.102   356   547 I art     : Starting a blocking GC Explicit
08-06 05:25:07.123   356   547 I art     : Explicit concurrent mark sweep GC freed 3(96B) AllocSpace objects, 0(0B) LOS objects, 23% free, 52MB/68MB, paused 431us total 20.609ms
08-06 05:25:07.131   356   547 I art     : Starting a blocking GC Explicit
08-06 05:25:07.152   356   547 I art     : Explicit concurrent mark sweep GC freed 3(96B) AllocSpace objects, 0(0B) LOS objects, 23% free, 52MB/68MB, paused 445us total 20.381ms
08-06 05:25:07.161   356   547 I art     : Starting a blocking GC Explicit
08-06 05:25:07.182   356   547 I art     : Explicit concurrent mark sweep GC freed 3(96B) AllocSpace objects, 0(0B) LOS objects, 23% free, 52MB/68MB, paused 426us total 20.139ms
08-06 05:25:07.457   356   369 I art     : Starting a blocking GC Explicit
08-06 05:25:07.478   356   369 I art     : Explicit concurrent mark sweep GC freed 1340(78KB) AllocSpace objects, 1(20KB) LOS objects, 23% free, 52MB/68MB, paused 509us total 20.771ms
08-06 05:25:07.487   356   369 I art     : Starting a blocking GC Explicit
08-06 05:25:07.507   356   369 I art     : Explicit concurrent mark sweep GC freed 20(704B) AllocSpace objects, 0(0B) LOS objects, 23% free, 52MB/68MB, paused 466us total 20.370ms
08-06 05:25:07.515   356   369 I art     : Starting a blocking GC Explicit
08-06 05:25:07.535   356   369 I art     : Explicit concurrent mark sweep GC freed 3(96B) AllocSpace objects, 0(0B) LOS objects, 23% free, 52MB/68MB, paused 450us total 19.117ms
08-06 05:25:07.543   356   369 I art     : Starting a blocking GC Explicit
08-06 05:25:07.563   356   369 I art     : Explicit concurrent mark sweep GC freed 3(96B) AllocSpace objects, 0(0B) LOS objects, 23% free, 52MB/68MB, paused 419us total 19.917ms
08-06 05:25:07.571   356   369 I art     : Starting a blocking GC Explicit
08-06 05:25:07.591   356   369 I art     : Explicit concurrent mark sweep GC freed 3(96B) AllocSpace objects, 0(0B) LOS objects, 23% free, 52MB/68MB, paused 444us total 19.352ms
08-06 05:25:07.664 32067 32067 I ServiceManager: Waiting for service AtCmdFwd...
08-06 05:25:07.755  2639  2639 D AndroidRuntime: >>>>>> START com.android.internal.os.RuntimeInit uid 2000 <<<<<<
08-06 05:25:07.761  2639  2639 D AndroidRuntime: CheckJNI is OFF
08-06 05:25:07.795  2639  2639 D ICU     : No timezone override file found: /data/misc/zoneinfo/current/icu/icu_tzdata.dat
08-06 05:25:07.828  2639  2639 I Radio-JNI: register_android_hardware_Radio DONE
08-06 05:25:07.849  2639  2639 D AndroidRuntime: Calling main entry com.android.commands.input.Input
08-06 05:25:07.851  2639  2639 I Input   : injectMotionEvent: MotionEvent { action=ACTION_DOWN, actionButton=0, id[0]=0, x[0]=756.0, y[0]=1530.0, toolType[0]=TOOL_TYPE_UNKNOWN, buttonState=0, metaState=0, flags=0x0, edgeFlags=0x0, pointerCount=1, historySize=0, eventTime=854724263, downTime=854724263, deviceId=0, source=0x1002 }
08-06 05:25:07.856  2639  2639 I Input   : injectMotionEvent: MotionEvent { action=ACTION_UP, actionButton=0, id[0]=0, x[0]=756.0, y[0]=1530.0, toolType[0]=TOOL_TYPE_UNKNOWN, buttonState=0, metaState=0, flags=0x0, edgeFlags=0x0, pointerCount=1, historySize=0, eventTime=854724263, downTime=854724263, deviceId=0, source=0x1002 }
08-06 05:25:07.858  2639  2639 D AndroidRuntime: Shutting down VM
08-06 05:25:07.866   918  3696 I ActivityManager: START u0 {cmp=baseline.appteam.nith.hillffair/.activities.LeaderBoardActivity} from uid 10697 on display 0
08-06 05:25:07.867   512  2967 D audio_hw_primary: out_set_parameters: enter: usecase(1: low-latency-playback) kvpairs: routing=2
08-06 05:25:07.880   512  2967 D audio_hw_primary: select_devices: out_snd_device(2: speaker) in_snd_device(0: none)
08-06 05:25:07.880   512  2967 D msm8974_platform: platform_send_audio_calibration: sending audio calibration for snd_device(2) acdb_id(15)
08-06 05:25:07.881   512  2967 I soundtrigger: audio_extn_sound_trigger_update_device_status: device 0x2 of type 0 for Event 1
08-06 05:25:07.890   512  2967 D audio_hw_primary: enable_snd_device: snd_device(2: speaker)
08-06 05:25:07.892   512  2967 D audio_hw_primary: enable_audio_route: apply and update mixer path: low-latency-playback speaker
08-06 05:25:07.902   356   547 I art     : Starting a blocking GC Explicit
08-06 05:25:07.923   356   547 I art     : Explicit concurrent mark sweep GC freed 6095(364KB) AllocSpace objects, 1(20KB) LOS objects, 23% free, 52MB/68MB, paused 605us total 20.793ms
08-06 05:25:07.932   356   547 I art     : Starting a blocking GC Explicit
08-06 05:25:07.951   356   547 I art     : Explicit concurrent mark sweep GC freed 408(17KB) AllocSpace objects, 0(0B) LOS objects, 23% free, 52MB/68MB, paused 517us total 19.332ms
08-06 05:25:07.959   356   547 I art     : Starting a blocking GC Explicit
08-06 05:25:07.979   356   547 I art     : Explicit concurrent mark sweep GC freed 20(1040B) AllocSpace objects, 0(0B) LOS objects, 23% free, 52MB/68MB, paused 540us total 19.242ms
08-06 05:25:07.987   356   547 I art     : Starting a blocking GC Explicit
08-06 05:25:07.991   356   356 E RecyclerView: No adapter attached; skipping layout
08-06 05:25:07.993   356   356 E RecyclerView: No adapter attached; skipping layout
08-06 05:25:08.010   356   547 I art     : Explicit concurrent mark sweep GC freed 176(8KB) AllocSpace objects, 0(0B) LOS objects, 23% free, 52MB/68MB, paused 590us total 22.344ms
08-06 05:25:08.020   356   547 I art     : Starting a blocking GC Explicit
08-06 05:25:08.022 13866 13866 I GoogleInputMethodServic: GoogleInputMethodService.onFinishInput():3138 
08-06 05:25:08.022   356   356 E RecyclerView: No adapter attached; skipping layout
08-06 05:25:08.022   918   936 I ActivityManager: Displayed baseline.appteam.nith.hillffair/.activities.LeaderBoardActivity: +144ms
08-06 05:25:08.023 13866 13866 I GoogleInputMethodServic: GoogleInputMethodService.onStartInput():1808 
08-06 05:25:08.042   356   547 I art     : Explicit concurrent mark sweep GC freed 39(1760B) AllocSpace objects, 0(0B) LOS objects, 23% free, 52MB/68MB, paused 475us total 21.632ms
08-06 05:25:08.051   356   405 D OpenGLRenderer: endAllStagingAnimators on 0x7f99475400 (RippleDrawable) with handle 0x7f7bcc9280
08-06 05:25:08.270   380   380 W SurfaceFlinger: couldn't log to binary event log: overflow.
08-06 05:25:08.316   356  1074 I art     : Starting a blocking GC Explicit
08-06 05:25:08.335   356  1074 I art     : Explicit concurrent mark sweep GC freed 1366(79KB) AllocSpace objects, 1(20KB) LOS objects, 23% free, 52MB/68MB, paused 432us total 19.080ms
08-06 05:25:08.343   356  1074 I art     : Starting a blocking GC Explicit
08-06 05:25:08.363   356  1074 I art     : Explicit concurrent mark sweep GC freed 30(1024B) AllocSpace objects, 0(0B) LOS objects, 23% free, 52MB/68MB, paused 444us total 19.235ms
08-06 05:25:08.371   356  1074 I art     : Starting a blocking GC Explicit
08-06 05:25:08.392   356  1074 I art     : Explicit concurrent mark sweep GC freed 3(96B) AllocSpace objects, 0(0B) LOS objects, 23% free, 52MB/68MB, paused 484us total 20.172ms
08-06 05:25:08.402   356  1074 I art     : Starting a blocking GC Explicit
08-06 05:25:08.425   356  1074 I art     : Explicit concurrent mark sweep GC freed 104(6KB) AllocSpace objects, 0(0B) LOS objects, 23% free, 52MB/68MB, paused 501us total 22.741ms
08-06 05:25:08.429   512  2967 D audio_hw_primary: disable_audio_route: reset and update mixer path: low-latency-playback speaker
08-06 05:25:08.430   512  2967 D audio_hw_primary: disable_snd_device: snd_device(2: speaker)
08-06 05:25:08.433   356  1074 I art     : Starting a blocking GC Explicit
08-06 05:25:08.438   512  2967 I soundtrigger: audio_extn_sound_trigger_update_device_status: device 0x2 of type 0 for Event 0
08-06 05:25:08.454   356  1074 I art     : Explicit concurrent mark sweep GC freed 29(992B) AllocSpace objects, 0(0B) LOS objects, 23% free, 52MB/68MB, paused 431us total 20.607ms
08-06 05:25:08.633   356  2672 D OkHttp  : --> GET https://api-hillfair-2k16.herokuapp.com/api/app/quiz/leaderboard?from=1 http/1.1
08-06 05:25:08.664 32067 32067 W Atfwd_Sendcmd: AtCmdFwd service not published, waiting... retryCnt : 5
08-06 05:25:08.673   356  2672 D OkHttp  : <-- 200 OK https://api-hillfair-2k16.herokuapp.com/api/app/quiz/leaderboard?from=1 (39ms, 56744-byte body)
08-06 05:25:08.727   356   547 I art     : Starting a blocking GC Explicit
08-06 05:25:08.731   356   356 I NAPPA_EXPERIMENTATION: MetricNetworkRequestExecutionTime: REQUEST_DURATION_SYSTEM='824',REQUEST_DURATION_OKHTTP='40',REQUEST_SYNCHRONOUS='FALSE',RESPONSE_CODE='200',RESPONSE_METHOD='GET',RESPONSE_LENGTH_OKHTTP='56744',RESPONSE_LENGTH_HEADER='56744',REQUEST_PROTOCOL='http/1.1',REQUEST_URL='https://api-hillfair-2k16.herokuapp.com/api/app/quiz/leaderboard?from=1',
08-06 05:25:08.756   356   547 I art     : Explicit concurrent mark sweep GC freed 28945(1379KB) AllocSpace objects, 4(220KB) LOS objects, 23% free, 53MB/69MB, paused 1.182ms total 29.203ms
08-06 05:25:08.765   356   547 I art     : Starting a blocking GC Explicit
08-06 05:25:08.787   356   547 I art     : Explicit concurrent mark sweep GC freed 2042(180KB) AllocSpace objects, 0(0B) LOS objects, 23% free, 52MB/68MB, paused 868us total 21.352ms
08-06 05:25:08.795   356   547 I art     : Starting a blocking GC Explicit
08-06 05:25:08.816   356   547 I art     : Explicit concurrent mark sweep GC freed 294(11KB) AllocSpace objects, 0(0B) LOS objects, 23% free, 52MB/68MB, paused 526us total 20.719ms
08-06 05:25:08.825   356   547 I art     : Starting a blocking GC Explicit
08-06 05:25:08.846   356   547 I art     : Explicit concurrent mark sweep GC freed 108(3KB) AllocSpace objects, 0(0B) LOS objects, 23% free, 52MB/68MB, paused 403us total 20.491ms
08-06 05:25:08.854   356   547 I art     : Starting a blocking GC Explicit
08-06 05:25:08.876   356   547 I art     : Explicit concurrent mark sweep GC freed 3(96B) AllocSpace objects, 0(0B) LOS objects, 23% free, 52MB/68MB, paused 455us total 21.954ms
08-06 05:25:09.167   356   368 I art     : Starting a blocking GC Explicit
08-06 05:25:09.198   356   368 I art     : Explicit concurrent mark sweep GC freed 1341(78KB) AllocSpace objects, 1(20KB) LOS objects, 23% free, 52MB/68MB, paused 845us total 30.542ms
08-06 05:25:09.210   356   368 I art     : Starting a blocking GC Explicit
08-06 05:25:09.233   356   368 I art     : Explicit concurrent mark sweep GC freed 20(704B) AllocSpace objects, 0(0B) LOS objects, 23% free, 52MB/68MB, paused 456us total 22.726ms
08-06 05:25:09.242   356   368 I art     : Starting a blocking GC Explicit
08-06 05:25:09.265   356   368 I art     : Explicit concurrent mark sweep GC freed 3(96B) AllocSpace objects, 0(0B) LOS objects, 23% free, 52MB/68MB, paused 447us total 22.788ms
08-06 05:25:09.274   356   368 I art     : Starting a blocking GC Explicit
08-06 05:25:09.297   356   368 I art     : Explicit concurrent mark sweep GC freed 3(96B) AllocSpace objects, 0(0B) LOS objects, 23% free, 52MB/68MB, paused 587us total 22.681ms
08-06 05:25:09.306   356   368 I art     : Starting a blocking GC Explicit
08-06 05:25:09.330   356   368 I art     : Explicit concurrent mark sweep GC freed 3(96B) AllocSpace objects, 0(0B) LOS objects, 23% free, 52MB/68MB, paused 520us total 23.607ms
08-06 05:25:09.604   518   646 I ThermalEngine: ACTION: GPU - Setting GPU[0] to 450000000
08-06 05:25:09.627   356  1074 I art     : Starting a blocking GC Explicit
08-06 05:25:09.664   356  1074 I art     : Explicit concurrent mark sweep GC freed 1344(78KB) AllocSpace objects, 1(20KB) LOS objects, 23% free, 52MB/68MB, paused 736us total 35.600ms
08-06 05:25:09.678   356  1074 I art     : Starting a blocking GC Explicit
08-06 05:25:09.709   356  1074 I art     : Explicit concurrent mark sweep GC freed 20(704B) AllocSpace objects, 0(0B) LOS objects, 23% free, 52MB/68MB, paused 641us total 31.017ms
08-06 05:25:09.721   356  1074 I art     : Starting a blocking GC Explicit
08-06 05:25:09.753   356  1074 I art     : Explicit concurrent mark sweep GC freed 3(96B) AllocSpace objects, 0(0B) LOS objects, 23% free, 52MB/68MB, paused 612us total 31.413ms
08-06 05:25:09.765   356  1074 I art     : Starting a blocking GC Explicit
08-06 05:25:09.796   356  1074 I art     : Explicit concurrent mark sweep GC freed 3(96B) AllocSpace objects, 0(0B) LOS objects, 23% free, 52MB/68MB, paused 710us total 30.590ms
08-06 05:25:09.808   356  1074 I art     : Starting a blocking GC Explicit
08-06 05:25:09.840   356  1074 I art     : Explicit concurrent mark sweep GC freed 3(96B) AllocSpace objects, 0(0B) LOS objects, 23% free, 52MB/68MB, paused 610us total 31.519ms
08-06 05:25:10.172   356   369 I art     : Starting a blocking GC Explicit
08-06 05:25:10.212   356   369 I art     : Explicit concurrent mark sweep GC freed 1344(78KB) AllocSpace objects, 1(20KB) LOS objects, 23% free, 52MB/68MB, paused 666us total 39.244ms
08-06 05:25:10.227   356   369 I art     : Starting a blocking GC Explicit
08-06 05:25:10.259   356   369 I art     : Explicit concurrent mark sweep GC freed 20(704B) AllocSpace objects, 0(0B) LOS objects, 23% free, 52MB/68MB, paused 600us total 32.260ms
08-06 05:25:10.271   356   369 I art     : Starting a blocking GC Explicit
08-06 05:25:10.302   356   369 I art     : Explicit concurrent mark sweep GC freed 3(96B) AllocSpace objects, 0(0B) LOS objects, 23% free, 52MB/68MB, paused 639us total 30.982ms
08-06 05:25:10.315   356   369 I art     : Starting a blocking GC Explicit
08-06 05:25:10.347   356   369 I art     : Explicit concurrent mark sweep GC freed 3(96B) AllocSpace objects, 0(0B) LOS objects, 23% free, 52MB/68MB, paused 624us total 31.804ms
08-06 05:25:10.359   356   369 I art     : Starting a blocking GC Explicit
08-06 05:25:10.390   356   369 I art     : Explicit concurrent mark sweep GC freed 3(96B) AllocSpace objects, 0(0B) LOS objects, 23% free, 52MB/68MB, paused 640us total 30.622ms
08-06 05:25:10.728   356   547 I art     : Starting a blocking GC Explicit
08-06 05:25:10.769   356   547 I art     : Explicit concurrent mark sweep GC freed 1344(78KB) AllocSpace objects, 1(20KB) LOS objects, 23% free, 52MB/68MB, paused 696us total 40.696ms
08-06 05:25:10.784   356   547 I art     : Starting a blocking GC Explicit
08-06 05:25:10.816   356   547 I art     : Explicit concurrent mark sweep GC freed 20(704B) AllocSpace objects, 0(0B) LOS objects, 23% free, 52MB/68MB, paused 586us total 31.342ms
08-06 05:25:10.828   356   547 I art     : Starting a blocking GC Explicit
08-06 05:25:10.860   356   547 I art     : Explicit concurrent mark sweep GC freed 3(96B) AllocSpace objects, 0(0B) LOS objects, 23% free, 52MB/68MB, paused 628us total 31.474ms
08-06 05:25:10.872   356   547 I art     : Starting a blocking GC Explicit
08-06 05:25:10.901   356   547 I art     : Explicit concurrent mark sweep GC freed 3(96B) AllocSpace objects, 0(0B) LOS objects, 23% free, 52MB/68MB, paused 704us total 29.113ms
08-06 05:25:10.913   356   547 I art     : Starting a blocking GC Explicit
08-06 05:25:10.945   356   547 I art     : Explicit concurrent mark sweep GC freed 3(96B) AllocSpace objects, 0(0B) LOS objects, 23% free, 52MB/68MB, paused 623us total 31.408ms
08-06 05:25:11.281   356   368 I art     : Starting a blocking GC Explicit
08-06 05:25:11.320   356   368 I art     : Explicit concurrent mark sweep GC freed 1344(78KB) AllocSpace objects, 1(20KB) LOS objects, 23% free, 52MB/68MB, paused 657us total 38.565ms
08-06 05:25:11.335   356   368 I art     : Starting a blocking GC Explicit
08-06 05:25:11.367   356   368 I art     : Explicit concurrent mark sweep GC freed 20(704B) AllocSpace objects, 0(0B) LOS objects, 23% free, 52MB/68MB, paused 678us total 31.998ms
08-06 05:25:11.379   356   368 I art     : Starting a blocking GC Explicit
08-06 05:25:11.410   356   368 I art     : Explicit concurrent mark sweep GC freed 3(96B) AllocSpace objects, 0(0B) LOS objects, 23% free, 52MB/68MB, paused 622us total 30.674ms
08-06 05:25:11.422   356   368 I art     : Starting a blocking GC Explicit
08-06 05:25:11.453   356   368 I art     : Explicit concurrent mark sweep GC freed 3(96B) AllocSpace objects, 0(0B) LOS objects, 23% free, 52MB/68MB, paused 605us total 31.434ms
08-06 05:25:11.465   356   368 I art     : Starting a blocking GC Explicit
08-06 05:25:11.497   356   368 I art     : Explicit concurrent mark sweep GC freed 3(96B) AllocSpace objects, 0(0B) LOS objects, 23% free, 52MB/68MB, paused 615us total 30.849ms
08-06 05:25:11.607   518   646 I ThermalEngine: ACTION: GPU - Setting GPU[0] to 510000000
08-06 05:25:11.828   356  1074 I art     : Starting a blocking GC Explicit
08-06 05:25:11.857   356  1074 I art     : Explicit concurrent mark sweep GC freed 1344(78KB) AllocSpace objects, 1(20KB) LOS objects, 23% free, 52MB/68MB, paused 461us total 28.698ms
08-06 05:25:11.870   356  1074 I art     : Starting a blocking GC Explicit
08-06 05:25:11.892   356  1074 I art     : Explicit concurrent mark sweep GC freed 20(704B) AllocSpace objects, 0(0B) LOS objects, 23% free, 52MB/68MB, paused 439us total 21.964ms
08-06 05:25:11.901   356  1074 I art     : Starting a blocking GC Explicit
08-06 05:25:11.924   356  1074 I art     : Explicit concurrent mark sweep GC freed 3(96B) AllocSpace objects, 0(0B) LOS objects, 23% free, 52MB/68MB, paused 457us total 23.243ms
08-06 05:25:11.934   356  1074 I art     : Starting a blocking GC Explicit
08-06 05:25:11.957   356  1074 I art     : Explicit concurrent mark sweep GC freed 3(96B) AllocSpace objects, 0(0B) LOS objects, 23% free, 52MB/68MB, paused 562us total 23.406ms
08-06 05:25:11.967   356  1074 I art     : Starting a blocking GC Explicit
08-06 05:25:11.990   356  1074 I art     : Explicit concurrent mark sweep GC freed 3(96B) AllocSpace objects, 0(0B) LOS objects, 23% free, 52MB/68MB, paused 446us total 22.836ms
08-06 05:25:12.256   356   369 I art     : Starting a blocking GC Explicit
08-06 05:25:12.280   356   369 I art     : Explicit concurrent mark sweep GC freed 1344(78KB) AllocSpace objects, 1(20KB) LOS objects, 23% free, 52MB/68MB, paused 471us total 23.100ms
08-06 05:25:12.289   356   369 I art     : Starting a blocking GC Explicit
08-06 05:25:12.311   356   369 I art     : Explicit concurrent mark sweep GC freed 20(704B) AllocSpace objects, 0(0B) LOS objects, 23% free, 52MB/68MB, paused 466us total 21.622ms
08-06 05:25:12.319   356   369 I art     : Starting a blocking GC Explicit
08-06 05:25:12.341   356   369 I art     : Explicit concurrent mark sweep GC freed 3(96B) AllocSpace objects, 0(0B) LOS objects, 23% free, 52MB/68MB, paused 468us total 21.727ms
08-06 05:25:12.350   356   369 I art     : Starting a blocking GC Explicit
08-06 05:25:12.372   356   369 I art     : Explicit concurrent mark sweep GC freed 3(96B) AllocSpace objects, 0(0B) LOS objects, 23% free, 52MB/68MB, paused 448us total 21.291ms
08-06 05:25:12.380   356   369 I art     : Starting a blocking GC Explicit
08-06 05:25:12.402   356   369 I art     : Explicit concurrent mark sweep GC freed 3(96B) AllocSpace objects, 0(0B) LOS objects, 23% free, 52MB/68MB, paused 468us total 21.684ms
08-06 05:25:12.560  2755  2755 D AndroidRuntime: >>>>>> START com.android.internal.os.RuntimeInit uid 2000 <<<<<<
08-06 05:25:12.566  2755  2755 D AndroidRuntime: CheckJNI is OFF
08-06 05:25:12.599  2755  2755 D ICU     : No timezone override file found: /data/misc/zoneinfo/current/icu/icu_tzdata.dat
08-06 05:25:12.631  2755  2755 I Radio-JNI: register_android_hardware_Radio DONE
08-06 05:25:12.652  2755  2755 D AndroidRuntime: Calling main entry com.android.commands.input.Input
08-06 05:25:12.654  2755  2755 I Input   : injectKeyEvent: KeyEvent { action=ACTION_DOWN, keyCode=KEYCODE_BACK, scanCode=0, metaState=0, flags=0x0, repeatCount=0, eventTime=854729067, downTime=854729067, deviceId=-1, source=0x101 }
08-06 05:25:12.658  2755  2755 I Input   : injectKeyEvent: KeyEvent { action=ACTION_UP, keyCode=KEYCODE_BACK, scanCode=0, metaState=0, flags=0x0, repeatCount=0, eventTime=854729067, downTime=854729067, deviceId=-1, source=0x101 }
08-06 05:25:12.664  2755  2755 D AndroidRuntime: Shutting down VM
08-06 05:25:12.699   356   547 I art     : Starting a blocking GC Explicit
08-06 05:25:12.703 13866 13866 I GoogleInputMethodServic: GoogleInputMethodService.onFinishInput():3138 
08-06 05:25:12.704 13866 13866 I GoogleInputMethodServic: GoogleInputMethodService.onStartInput():1808 
08-06 05:25:12.726   356   547 I art     : Explicit concurrent mark sweep GC freed 1481(84KB) AllocSpace objects, 1(20KB) LOS objects, 23% free, 52MB/68MB, paused 805us total 26.015ms
08-06 05:25:12.737   356   547 I art     : Starting a blocking GC Explicit
08-06 05:25:12.758   356   547 I art     : Explicit concurrent mark sweep GC freed 27(976B) AllocSpace objects, 0(0B) LOS objects, 23% free, 52MB/68MB, paused 448us total 20.087ms
08-06 05:25:12.766   356   547 I art     : Starting a blocking GC Explicit
08-06 05:25:12.785   356   547 I art     : Explicit concurrent mark sweep GC freed 3(96B) AllocSpace objects, 0(0B) LOS objects, 23% free, 52MB/68MB, paused 407us total 19.238ms
08-06 05:25:12.793   356   547 I art     : Starting a blocking GC Explicit
08-06 05:25:12.813   356   547 I art     : Explicit concurrent mark sweep GC freed 3(96B) AllocSpace objects, 0(0B) LOS objects, 23% free, 52MB/68MB, paused 453us total 19.611ms
08-06 05:25:12.822   356   547 I art     : Starting a blocking GC Explicit
08-06 05:25:12.844   356   547 I art     : Explicit concurrent mark sweep GC freed 3(96B) AllocSpace objects, 0(0B) LOS objects, 23% free, 52MB/68MB, paused 457us total 22.393ms
08-06 05:25:12.999   380   380 W SurfaceFlinger: couldn't log to binary event log: overflow.
08-06 05:25:13.100   356   368 I art     : Starting a blocking GC Explicit
08-06 05:25:13.123   356   368 I art     : Explicit concurrent mark sweep GC freed 1463(87KB) AllocSpace objects, 1(20KB) LOS objects, 23% free, 52MB/68MB, paused 470us total 22.894ms
08-06 05:25:13.132   356   368 I art     : Starting a blocking GC Explicit
08-06 05:25:13.153   356   368 I art     : Explicit concurrent mark sweep GC freed 4698(269KB) AllocSpace objects, 2(140KB) LOS objects, 23% free, 52MB/68MB, paused 453us total 20.504ms
08-06 05:25:13.161   356   368 I art     : Starting a blocking GC Explicit
08-06 05:25:13.182   356   368 I art     : Explicit concurrent mark sweep GC freed 3(96B) AllocSpace objects, 0(0B) LOS objects, 23% free, 52MB/68MB, paused 481us total 20.700ms
08-06 05:25:13.191   356   368 I art     : Starting a blocking GC Explicit
08-06 05:25:13.212   356   368 I art     : Explicit concurrent mark sweep GC freed 3(96B) AllocSpace objects, 0(0B) LOS objects, 23% free, 52MB/68MB, paused 465us total 21.066ms
08-06 05:25:13.221   356   368 I art     : Starting a blocking GC Explicit
08-06 05:25:13.242   356   368 I art     : Explicit concurrent mark sweep GC freed 3(96B) AllocSpace objects, 0(0B) LOS objects, 23% free, 52MB/68MB, paused 453us total 20.959ms
08-06 05:25:13.528   356   547 I art     : Starting a blocking GC Explicit
08-06 05:25:13.551   356   547 I art     : Explicit concurrent mark sweep GC freed 1344(78KB) AllocSpace objects, 1(20KB) LOS objects, 23% free, 52MB/68MB, paused 504us total 22.824ms
08-06 05:25:13.564   356   547 I art     : Starting a blocking GC Explicit
08-06 05:25:13.588   356   547 I art     : Explicit concurrent mark sweep GC freed 20(704B) AllocSpace objects, 0(0B) LOS objects, 23% free, 52MB/68MB, paused 502us total 23.081ms
08-06 05:25:13.597   356   547 I art     : Starting a blocking GC Explicit
08-06 05:25:13.618   356   547 I art     : Explicit concurrent mark sweep GC freed 3(96B) AllocSpace objects, 0(0B) LOS objects, 23% free, 52MB/68MB, paused 471us total 21.449ms
08-06 05:25:13.627   356   547 I art     : Starting a blocking GC Explicit
08-06 05:25:13.649   356   547 I art     : Explicit concurrent mark sweep GC freed 3(96B) AllocSpace objects, 0(0B) LOS objects, 23% free, 52MB/68MB, paused 458us total 21.198ms
08-06 05:25:13.657   356   547 I art     : Starting a blocking GC Explicit
08-06 05:25:13.678   356   547 I art     : Explicit concurrent mark sweep GC freed 3(96B) AllocSpace objects, 0(0B) LOS objects, 23% free, 52MB/68MB, paused 455us total 20.753ms
08-06 05:25:13.955   356  1074 I art     : Starting a blocking GC Explicit
08-06 05:25:13.977   356  1074 I art     : Explicit concurrent mark sweep GC freed 1343(78KB) AllocSpace objects, 1(20KB) LOS objects, 23% free, 52MB/68MB, paused 477us total 21.597ms
08-06 05:25:13.986   356  1074 I art     : Starting a blocking GC Explicit
08-06 05:25:14.006   356  1074 I art     : Explicit concurrent mark sweep GC freed 20(704B) AllocSpace objects, 0(0B) LOS objects, 23% free, 52MB/68MB, paused 515us total 20.386ms
08-06 05:25:14.014   356  1074 I art     : Starting a blocking GC Explicit
08-06 05:25:14.035   356  1074 I art     : Explicit concurrent mark sweep GC freed 3(96B) AllocSpace objects, 0(0B) LOS objects, 23% free, 52MB/68MB, paused 453us total 20.081ms
08-06 05:25:14.043   356  1074 I art     : Starting a blocking GC Explicit
08-06 05:25:14.064   356  1074 I art     : Explicit concurrent mark sweep GC freed 3(96B) AllocSpace objects, 0(0B) LOS objects, 23% free, 52MB/68MB, paused 486us total 20.160ms
08-06 05:25:14.072   356  1074 I art     : Starting a blocking GC Explicit
08-06 05:25:14.092   356  1074 I art     : Explicit concurrent mark sweep GC freed 3(96B) AllocSpace objects, 0(0B) LOS objects, 23% free, 52MB/68MB, paused 462us total 19.931ms
08-06 05:25:14.309  2818  2818 D AndroidRuntime: >>>>>> START com.android.internal.os.RuntimeInit uid 2000 <<<<<<
08-06 05:25:14.314  2818  2818 D AndroidRuntime: CheckJNI is OFF
08-06 05:25:14.349  2818  2818 D ICU     : No timezone override file found: /data/misc/zoneinfo/current/icu/icu_tzdata.dat
08-06 05:25:14.372   356   369 I art     : Starting a blocking GC Explicit
08-06 05:25:14.382  2818  2818 I Radio-JNI: register_android_hardware_Radio DONE
08-06 05:25:14.394   356   369 I art     : Explicit concurrent mark sweep GC freed 1354(78KB) AllocSpace objects, 1(20KB) LOS objects, 23% free, 52MB/68MB, paused 461us total 21.483ms
08-06 05:25:14.402   356   369 I art     : Starting a blocking GC Explicit
08-06 05:25:14.406  2818  2818 D AndroidRuntime: Calling main entry com.android.commands.input.Input
08-06 05:25:14.408  2818  2818 I Input   : injectMotionEvent: MotionEvent { action=ACTION_DOWN, actionButton=0, id[0]=0, x[0]=648.0, y[0]=1050.0, toolType[0]=TOOL_TYPE_UNKNOWN, buttonState=0, metaState=0, flags=0x0, edgeFlags=0x0, pointerCount=1, historySize=0, eventTime=854730821, downTime=854730821, deviceId=0, source=0x1002 }
08-06 05:25:14.412  2818  2818 I Input   : injectMotionEvent: MotionEvent { action=ACTION_UP, actionButton=0, id[0]=0, x[0]=648.0, y[0]=1050.0, toolType[0]=TOOL_TYPE_UNKNOWN, buttonState=0, metaState=0, flags=0x0, edgeFlags=0x0, pointerCount=1, historySize=0, eventTime=854730821, downTime=854730821, deviceId=0, source=0x1002 }
08-06 05:25:14.414  2818  2818 D AndroidRuntime: Shutting down VM
08-06 05:25:14.420   918  3670 I ActivityManager: START u0 {cmp=baseline.appteam.nith.hillffair/.activities.InformationActivity} from uid 10697 on display 0
08-06 05:25:14.420   512  2967 D audio_hw_primary: out_set_parameters: enter: usecase(1: low-latency-playback) kvpairs: routing=2
08-06 05:25:14.425   356   369 I art     : Explicit concurrent mark sweep GC freed 59(6KB) AllocSpace objects, 0(0B) LOS objects, 23% free, 52MB/68MB, paused 478us total 22.861ms
08-06 05:25:14.433   356   369 I art     : Starting a blocking GC Explicit
08-06 05:25:14.433   512  2967 D audio_hw_primary: select_devices: out_snd_device(2: speaker) in_snd_device(0: none)
08-06 05:25:14.433   512  2967 D msm8974_platform: platform_send_audio_calibration: sending audio calibration for snd_device(2) acdb_id(15)
08-06 05:25:14.433   512  2967 I soundtrigger: audio_extn_sound_trigger_update_device_status: device 0x2 of type 0 for Event 1
08-06 05:25:14.443   512  2967 D audio_hw_primary: enable_snd_device: snd_device(2: speaker)
08-06 05:25:14.445   512  2967 D audio_hw_primary: enable_audio_route: apply and update mixer path: low-latency-playback speaker
08-06 05:25:14.453   356   369 I art     : Explicit concurrent mark sweep GC freed 367(22KB) AllocSpace objects, 0(0B) LOS objects, 23% free, 52MB/68MB, paused 567us total 19.690ms
08-06 05:25:14.462   356   369 I art     : Starting a blocking GC Explicit
08-06 05:25:14.484   356   369 I art     : Explicit concurrent mark sweep GC freed 478(45KB) AllocSpace objects, 0(0B) LOS objects, 23% free, 52MB/68MB, paused 622us total 21.456ms
08-06 05:25:14.492   356   369 I art     : Starting a blocking GC Explicit
08-06 05:25:14.512   356   369 I art     : Explicit concurrent mark sweep GC freed 173(9KB) AllocSpace objects, 0(0B) LOS objects, 23% free, 52MB/68MB, paused 469us total 19.868ms
08-06 05:25:14.559   918   936 I ActivityManager: Displayed baseline.appteam.nith.hillffair/.activities.InformationActivity: +123ms
08-06 05:25:14.560 13866 13866 I GoogleInputMethodServic: GoogleInputMethodService.onFinishInput():3138 
08-06 05:25:14.562 13866 13866 I GoogleInputMethodServic: GoogleInputMethodService.onStartInput():1808 
08-06 05:25:14.584   356   405 D OpenGLRenderer: endAllStagingAnimators on 0x7f9942a000 (RippleDrawable) with handle 0x7f7fe5c040
08-06 05:25:14.757   356   368 I art     : Starting a blocking GC Explicit
08-06 05:25:14.788   356   368 I art     : Explicit concurrent mark sweep GC freed 1512(84KB) AllocSpace objects, 1(20KB) LOS objects, 23% free, 52MB/68MB, paused 504us total 30.019ms
08-06 05:25:14.801   356   368 I art     : Starting a blocking GC Explicit
08-06 05:25:14.818   380   380 W SurfaceFlinger: couldn't log to binary event log: overflow.
08-06 05:25:14.832   356   368 I art     : Explicit concurrent mark sweep GC freed 52(1728B) AllocSpace objects, 0(0B) LOS objects, 23% free, 52MB/68MB, paused 1.004ms total 30.615ms
08-06 05:25:14.843   356   368 I art     : Starting a blocking GC Explicit
08-06 05:25:14.861   356   368 I art     : Explicit concurrent mark sweep GC freed 3(96B) AllocSpace objects, 0(0B) LOS objects, 23% free, 52MB/68MB, paused 391us total 18.387ms
08-06 05:25:14.870   356   368 I art     : Starting a blocking GC Explicit
08-06 05:25:14.888   356   368 I art     : Explicit concurrent mark sweep GC freed 3(96B) AllocSpace objects, 0(0B) LOS objects, 23% free, 52MB/68MB, paused 397us total 18.405ms
08-06 05:25:14.896   356   368 I art     : Starting a blocking GC Explicit
08-06 05:25:14.915   356   368 I art     : Explicit concurrent mark sweep GC freed 3(96B) AllocSpace objects, 0(0B) LOS objects, 23% free, 52MB/68MB, paused 446us total 19.018ms
08-06 05:25:14.979   512  2967 D audio_hw_primary: disable_audio_route: reset and update mixer path: low-latency-playback speaker
08-06 05:25:14.980   512  2967 D audio_hw_primary: disable_snd_device: snd_device(2: speaker)
08-06 05:25:14.987   512  2967 I soundtrigger: audio_extn_sound_trigger_update_device_status: device 0x2 of type 0 for Event 0
08-06 05:25:15.179   356   369 I art     : Starting a blocking GC Explicit
08-06 05:25:15.203   356   369 I art     : Explicit concurrent mark sweep GC freed 1442(84KB) AllocSpace objects, 1(20KB) LOS objects, 23% free, 52MB/68MB, paused 462us total 23.025ms
08-06 05:25:15.212   356   369 I art     : Starting a blocking GC Explicit
08-06 05:25:15.234   356   369 I art     : Explicit concurrent mark sweep GC freed 36(1216B) AllocSpace objects, 0(0B) LOS objects, 23% free, 52MB/68MB, paused 453us total 22.071ms
08-06 05:25:15.243   356   369 I art     : Starting a blocking GC Explicit
08-06 05:25:15.264   356   369 I art     : Explicit concurrent mark sweep GC freed 3(96B) AllocSpace objects, 0(0B) LOS objects, 23% free, 52MB/68MB, paused 417us total 21.429ms
08-06 05:25:15.273   356   369 I art     : Starting a blocking GC Explicit
08-06 05:25:15.295   356   369 I art     : Explicit concurrent mark sweep GC freed 3(96B) AllocSpace objects, 0(0B) LOS objects, 23% free, 52MB/68MB, paused 461us total 21.777ms
08-06 05:25:15.305   356   369 I art     : Starting a blocking GC Explicit
08-06 05:25:15.327   356   369 I art     : Explicit concurrent mark sweep GC freed 3(96B) AllocSpace objects, 0(0B) LOS objects, 23% free, 52MB/68MB, paused 532us total 22.138ms
08-06 05:25:15.622   356  1074 I art     : Starting a blocking GC Explicit
08-06 05:25:15.653   356  1074 I art     : Explicit concurrent mark sweep GC freed 1344(78KB) AllocSpace objects, 1(20KB) LOS objects, 23% free, 52MB/68MB, paused 464us total 30.545ms
08-06 05:25:15.665   356  1074 I art     : Starting a blocking GC Explicit
08-06 05:25:15.689   356  1074 I art     : Explicit concurrent mark sweep GC freed 20(704B) AllocSpace objects, 0(0B) LOS objects, 23% free, 52MB/68MB, paused 452us total 23.795ms
08-06 05:25:15.698   356  1074 I art     : Starting a blocking GC Explicit
08-06 05:25:15.720   356  1074 I art     : Explicit concurrent mark sweep GC freed 3(96B) AllocSpace objects, 0(0B) LOS objects, 23% free, 52MB/68MB, paused 530us total 21.609ms
08-06 05:25:15.729   356  1074 I art     : Starting a blocking GC Explicit
08-06 05:25:15.751   356  1074 I art     : Explicit concurrent mark sweep GC freed 3(96B) AllocSpace objects, 0(0B) LOS objects, 23% free, 52MB/68MB, paused 437us total 21.587ms
08-06 05:25:15.759   356  1074 I art     : Starting a blocking GC Explicit
08-06 05:25:15.781   356  1074 I art     : Explicit concurrent mark sweep GC freed 3(96B) AllocSpace objects, 0(0B) LOS objects, 23% free, 52MB/68MB, paused 446us total 21.283ms
08-06 05:25:15.938   918  3261 D WifiStateMachine: starting scan for "H369AA63323"WPA_PSK with 2412,5180
08-06 05:25:16.069   356   547 I art     : Starting a blocking GC Explicit
08-06 05:25:16.096   356   547 I art     : Explicit concurrent mark sweep GC freed 1345(78KB) AllocSpace objects, 1(20KB) LOS objects, 23% free, 52MB/68MB, paused 471us total 26.300ms
08-06 05:25:16.108   356   547 I art     : Starting a blocking GC Explicit
08-06 05:25:16.132   356   547 I art     : Explicit concurrent mark sweep GC freed 24(832B) AllocSpace objects, 0(0B) LOS objects, 23% free, 52MB/68MB, paused 450us total 23.314ms
08-06 05:25:16.140   356   547 I art     : Starting a blocking GC Explicit
08-06 05:25:16.161   356   547 I art     : Explicit concurrent mark sweep GC freed 7(224B) AllocSpace objects, 0(0B) LOS objects, 23% free, 52MB/68MB, paused 433us total 20.087ms
08-06 05:25:16.170   356   547 I art     : Starting a blocking GC Explicit
08-06 05:25:16.190   356   547 I art     : Explicit concurrent mark sweep GC freed 8(256B) AllocSpace objects, 0(0B) LOS objects, 23% free, 52MB/68MB, paused 407us total 20.280ms
08-06 05:25:16.199   356   547 I art     : Starting a blocking GC Explicit
08-06 05:25:16.220   356   547 I art     : Explicit concurrent mark sweep GC freed 6(192B) AllocSpace objects, 0(0B) LOS objects, 23% free, 52MB/68MB, paused 511us total 20.906ms
08-06 05:25:16.570   356   368 I art     : Starting a blocking GC Explicit
08-06 05:25:16.604   356   368 I art     : Explicit concurrent mark sweep GC freed 1357(78KB) AllocSpace objects, 1(20KB) LOS objects, 23% free, 52MB/68MB, paused 831us total 33.585ms
08-06 05:25:16.618   356   368 I art     : Starting a blocking GC Explicit
08-06 05:25:16.640   356   368 I art     : Explicit concurrent mark sweep GC freed 20(704B) AllocSpace objects, 0(0B) LOS objects, 23% free, 52MB/68MB, paused 450us total 21.862ms
08-06 05:25:16.648   356   368 I art     : Starting a blocking GC Explicit
08-06 05:25:16.670   356   368 I art     : Explicit concurrent mark sweep GC freed 3(96B) AllocSpace objects, 0(0B) LOS objects, 23% free, 52MB/68MB, paused 449us total 21.321ms
08-06 05:25:16.679   356   368 I art     : Starting a blocking GC Explicit
08-06 05:25:16.701   356   368 I art     : Explicit concurrent mark sweep GC freed 3(96B) AllocSpace objects, 0(0B) LOS objects, 23% free, 52MB/68MB, paused 442us total 22.347ms
08-06 05:25:16.710   356   368 I art     : Starting a blocking GC Explicit
08-06 05:25:16.732   356   368 I art     : Explicit concurrent mark sweep GC freed 3(96B) AllocSpace objects, 0(0B) LOS objects, 23% free, 52MB/68MB, paused 491us total 21.375ms
08-06 05:25:17.040   356   547 I art     : Starting a blocking GC Explicit
08-06 05:25:17.064   356   547 I art     : Explicit concurrent mark sweep GC freed 1344(78KB) AllocSpace objects, 1(20KB) LOS objects, 23% free, 52MB/68MB, paused 482us total 24.281ms
08-06 05:25:17.077   356   547 I art     : Starting a blocking GC Explicit
08-06 05:25:17.098   356   547 I art     : Explicit concurrent mark sweep GC freed 20(704B) AllocSpace objects, 0(0B) LOS objects, 23% free, 52MB/68MB, paused 489us total 21.457ms
08-06 05:25:17.107   356   547 I art     : Starting a blocking GC Explicit
08-06 05:25:17.129   356   547 I art     : Explicit concurrent mark sweep GC freed 3(96B) AllocSpace objects, 0(0B) LOS objects, 23% free, 52MB/68MB, paused 465us total 21.524ms
08-06 05:25:17.138   356   547 I art     : Starting a blocking GC Explicit
08-06 05:25:17.160   356   547 I art     : Explicit concurrent mark sweep GC freed 3(96B) AllocSpace objects, 0(0B) LOS objects, 23% free, 52MB/68MB, paused 453us total 21.988ms
08-06 05:25:17.169   356   547 I art     : Starting a blocking GC Explicit
08-06 05:25:17.191   356   547 I art     : Explicit concurrent mark sweep GC freed 3(96B) AllocSpace objects, 0(0B) LOS objects, 23% free, 52MB/68MB, paused 466us total 21.782ms
08-06 05:25:17.514   356   369 I art     : Starting a blocking GC Explicit
08-06 05:25:17.545   356   369 I art     : Explicit concurrent mark sweep GC freed 1344(78KB) AllocSpace objects, 1(20KB) LOS objects, 23% free, 52MB/68MB, paused 558us total 30.875ms
08-06 05:25:17.558   356   369 I art     : Starting a blocking GC Explicit
08-06 05:25:17.581   356   369 I art     : Explicit concurrent mark sweep GC freed 20(704B) AllocSpace objects, 0(0B) LOS objects, 23% free, 52MB/68MB, paused 457us total 21.863ms
08-06 05:25:17.590   356   369 I art     : Starting a blocking GC Explicit
08-06 05:25:17.611   356   369 I art     : Explicit concurrent mark sweep GC freed 3(96B) AllocSpace objects, 0(0B) LOS objects, 23% free, 52MB/68MB, paused 450us total 21.522ms
08-06 05:25:17.620   356   369 I art     : Starting a blocking GC Explicit
08-06 05:25:17.642   356   369 I art     : Explicit concurrent mark sweep GC freed 3(96B) AllocSpace objects, 0(0B) LOS objects, 23% free, 52MB/68MB, paused 466us total 21.596ms
08-06 05:25:17.651   356   369 I art     : Starting a blocking GC Explicit
08-06 05:25:17.673   356   369 I art     : Explicit concurrent mark sweep GC freed 3(96B) AllocSpace objects, 0(0B) LOS objects, 23% free, 52MB/68MB, paused 447us total 21.946ms
08-06 05:25:18.013   356  1074 I art     : Starting a blocking GC Explicit
08-06 05:25:18.042   356  1074 I art     : Explicit concurrent mark sweep GC freed 1344(78KB) AllocSpace objects, 1(20KB) LOS objects, 23% free, 52MB/68MB, paused 458us total 28.693ms
08-06 05:25:18.051   356  1074 I art     : Starting a blocking GC Explicit
08-06 05:25:18.073   356  1074 I art     : Explicit concurrent mark sweep GC freed 20(704B) AllocSpace objects, 0(0B) LOS objects, 23% free, 52MB/68MB, paused 447us total 21.487ms
08-06 05:25:18.081   356  1074 I art     : Starting a blocking GC Explicit
08-06 05:25:18.103   356  1074 I art     : Explicit concurrent mark sweep GC freed 3(96B) AllocSpace objects, 0(0B) LOS objects, 23% free, 52MB/68MB, paused 420us total 20.988ms
08-06 05:25:18.111   356  1074 I art     : Starting a blocking GC Explicit
08-06 05:25:18.133   356  1074 I art     : Explicit concurrent mark sweep GC freed 3(96B) AllocSpace objects, 0(0B) LOS objects, 23% free, 52MB/68MB, paused 476us total 21.452ms
08-06 05:25:18.142   356  1074 I art     : Starting a blocking GC Explicit
08-06 05:25:18.164   356  1074 I art     : Explicit concurrent mark sweep GC freed 3(96B) AllocSpace objects, 0(0B) LOS objects, 23% free, 52MB/68MB, paused 452us total 21.390ms
08-06 05:25:18.489   356   368 I art     : Starting a blocking GC Explicit
08-06 05:25:18.517   356   368 I art     : Explicit concurrent mark sweep GC freed 1344(78KB) AllocSpace objects, 1(20KB) LOS objects, 23% free, 52MB/68MB, paused 486us total 28.163ms
08-06 05:25:18.530   356   368 I art     : Starting a blocking GC Explicit
08-06 05:25:18.552   356   368 I art     : Explicit concurrent mark sweep GC freed 20(704B) AllocSpace objects, 0(0B) LOS objects, 23% free, 52MB/68MB, paused 457us total 22.303ms
08-06 05:25:18.561   356   368 I art     : Starting a blocking GC Explicit
08-06 05:25:18.583   356   368 I art     : Explicit concurrent mark sweep GC freed 3(96B) AllocSpace objects, 0(0B) LOS objects, 23% free, 52MB/68MB, paused 433us total 22.022ms
08-06 05:25:18.592   356   368 I art     : Starting a blocking GC Explicit
08-06 05:25:18.614   356   368 I art     : Explicit concurrent mark sweep GC freed 3(96B) AllocSpace objects, 0(0B) LOS objects, 23% free, 52MB/68MB, paused 451us total 21.451ms
08-06 05:25:18.623   356   368 I art     : Starting a blocking GC Explicit
08-06 05:25:18.644   356   368 I art     : Explicit concurrent mark sweep GC freed 3(96B) AllocSpace objects, 0(0B) LOS objects, 23% free, 52MB/68MB, paused 436us total 21.181ms
08-06 05:25:18.925   356   547 I art     : Starting a blocking GC Explicit
08-06 05:25:18.947   356   547 I art     : Explicit concurrent mark sweep GC freed 1344(78KB) AllocSpace objects, 1(20KB) LOS objects, 23% free, 52MB/68MB, paused 526us total 21.604ms
08-06 05:25:18.956   356   547 I art     : Starting a blocking GC Explicit
08-06 05:25:18.976   356   547 I art     : Explicit concurrent mark sweep GC freed 20(704B) AllocSpace objects, 0(0B) LOS objects, 23% free, 52MB/68MB, paused 440us total 19.440ms
08-06 05:25:18.984   356   547 I art     : Starting a blocking GC Explicit
08-06 05:25:19.004   356   547 I art     : Explicit concurrent mark sweep GC freed 3(96B) AllocSpace objects, 0(0B) LOS objects, 23% free, 52MB/68MB, paused 454us total 19.895ms
08-06 05:25:19.013   356   547 I art     : Starting a blocking GC Explicit
08-06 05:25:19.034   356   547 I art     : Explicit concurrent mark sweep GC freed 3(96B) AllocSpace objects, 0(0B) LOS objects, 23% free, 52MB/68MB, paused 469us total 20.978ms
08-06 05:25:19.043   356   547 I art     : Starting a blocking GC Explicit
08-06 05:25:19.063   356   547 I art     : Explicit concurrent mark sweep GC freed 3(96B) AllocSpace objects, 0(0B) LOS objects, 23% free, 52MB/68MB, paused 483us total 20.397ms
08-06 05:25:19.102  2933  2933 D AndroidRuntime: >>>>>> START com.android.internal.os.RuntimeInit uid 2000 <<<<<<
08-06 05:25:19.107  2933  2933 D AndroidRuntime: CheckJNI is OFF
08-06 05:25:19.140  2933  2933 D ICU     : No timezone override file found: /data/misc/zoneinfo/current/icu/icu_tzdata.dat
08-06 05:25:19.178  2933  2933 I Radio-JNI: register_android_hardware_Radio DONE
08-06 05:25:19.201  2933  2933 D AndroidRuntime: Calling main entry com.android.commands.input.Input
08-06 05:25:19.202  2933  2933 I Input   : injectKeyEvent: KeyEvent { action=ACTION_DOWN, keyCode=KEYCODE_BACK, scanCode=0, metaState=0, flags=0x0, repeatCount=0, eventTime=854735615, downTime=854735615, deviceId=-1, source=0x101 }
08-06 05:25:19.217  2933  2933 I Input   : injectKeyEvent: KeyEvent { action=ACTION_UP, keyCode=KEYCODE_BACK, scanCode=0, metaState=0, flags=0x0, repeatCount=0, eventTime=854735615, downTime=854735615, deviceId=-1, source=0x101 }
08-06 05:25:19.223  2933  2933 D AndroidRuntime: Shutting down VM
08-06 05:25:19.265 13866 13866 I GoogleInputMethodServic: GoogleInputMethodService.onFinishInput():3138 
08-06 05:25:19.266 13866 13866 I GoogleInputMethodServic: GoogleInputMethodService.onStartInput():1808 
08-06 05:25:19.328   356   369 I art     : Starting a blocking GC Explicit
08-06 05:25:19.349   356   369 I art     : Explicit concurrent mark sweep GC freed 1484(84KB) AllocSpace objects, 1(20KB) LOS objects, 23% free, 52MB/68MB, paused 417us total 20.492ms
08-06 05:25:19.358   356   369 I art     : Starting a blocking GC Explicit
08-06 05:25:19.380   356   369 I art     : Explicit concurrent mark sweep GC freed 26(944B) AllocSpace objects, 0(0B) LOS objects, 23% free, 52MB/68MB, paused 444us total 22.399ms
08-06 05:25:19.389   356   369 I art     : Starting a blocking GC Explicit
08-06 05:25:19.414   356   369 I art     : Explicit concurrent mark sweep GC freed 3(96B) AllocSpace objects, 0(0B) LOS objects, 23% free, 52MB/68MB, paused 516us total 24.408ms
08-06 05:25:19.423   356   369 I art     : Starting a blocking GC Explicit
08-06 05:25:19.450   356   369 I art     : Explicit concurrent mark sweep GC freed 3(96B) AllocSpace objects, 0(0B) LOS objects, 23% free, 52MB/68MB, paused 463us total 27.259ms
08-06 05:25:19.460   356   369 I art     : Starting a blocking GC Explicit
08-06 05:25:19.486   356   369 I art     : Explicit concurrent mark sweep GC freed 3(96B) AllocSpace objects, 0(0B) LOS objects, 23% free, 52MB/68MB, paused 444us total 25.560ms
08-06 05:25:19.572   380   380 W SurfaceFlinger: couldn't log to binary event log: overflow.
08-06 05:25:19.734   356   369 I art     : Starting a blocking GC Explicit
08-06 05:25:19.760   356   369 I art     : Explicit concurrent mark sweep GC freed 1454(87KB) AllocSpace objects, 1(20KB) LOS objects, 23% free, 52MB/68MB, paused 466us total 26.479ms
08-06 05:25:19.769   356   369 I art     : Starting a blocking GC Explicit
08-06 05:25:19.791   356   369 I art     : Explicit concurrent mark sweep GC freed 1401(90KB) AllocSpace objects, 1(28KB) LOS objects, 23% free, 52MB/68MB, paused 452us total 21.619ms
08-06 05:25:19.800   356   369 I art     : Starting a blocking GC Explicit
08-06 05:25:19.821   356   369 I art     : Explicit concurrent mark sweep GC freed 3(96B) AllocSpace objects, 0(0B) LOS objects, 23% free, 52MB/68MB, paused 438us total 20.916ms
08-06 05:25:19.830   356   369 I art     : Starting a blocking GC Explicit
08-06 05:25:19.851   356   369 I art     : Explicit concurrent mark sweep GC freed 3(96B) AllocSpace objects, 0(0B) LOS objects, 23% free, 52MB/68MB, paused 485us total 21.077ms
08-06 05:25:19.860   356   369 I art     : Starting a blocking GC Explicit
08-06 05:25:19.882   356   369 I art     : Explicit concurrent mark sweep GC freed 3(96B) AllocSpace objects, 0(0B) LOS objects, 23% free, 52MB/68MB, paused 454us total 21.583ms
08-06 05:25:20.181   356  1074 I art     : Starting a blocking GC Explicit
08-06 05:25:20.207   356  1074 I art     : Explicit concurrent mark sweep GC freed 1344(78KB) AllocSpace objects, 1(20KB) LOS objects, 23% free, 52MB/68MB, paused 489us total 25.481ms
08-06 05:25:20.218   356  1074 I art     : Starting a blocking GC Explicit
08-06 05:25:20.240   356  1074 I art     : Explicit concurrent mark sweep GC freed 20(704B) AllocSpace objects, 0(0B) LOS objects, 23% free, 52MB/68MB, paused 449us total 21.051ms
08-06 05:25:20.249   356  1074 I art     : Starting a blocking GC Explicit
08-06 05:25:20.270   356  1074 I art     : Explicit concurrent mark sweep GC freed 3(96B) AllocSpace objects, 0(0B) LOS objects, 23% free, 52MB/68MB, paused 441us total 20.910ms
08-06 05:25:20.279   356  1074 I art     : Starting a blocking GC Explicit
08-06 05:25:20.300   356  1074 I art     : Explicit concurrent mark sweep GC freed 3(96B) AllocSpace objects, 0(0B) LOS objects, 23% free, 52MB/68MB, paused 437us total 20.966ms
08-06 05:25:20.309   356  1074 I art     : Starting a blocking GC Explicit
08-06 05:25:20.330   356  1074 I art     : Explicit concurrent mark sweep GC freed 3(96B) AllocSpace objects, 0(0B) LOS objects, 23% free, 52MB/68MB, paused 427us total 21.362ms
08-06 05:25:20.607   356   368 I art     : Starting a blocking GC Explicit
08-06 05:25:20.632   356   368 I art     : Explicit concurrent mark sweep GC freed 1343(78KB) AllocSpace objects, 1(20KB) LOS objects, 23% free, 52MB/68MB, paused 447us total 25.531ms
08-06 05:25:20.641   356   368 I art     : Starting a blocking GC Explicit
08-06 05:25:20.661   356   368 I art     : Explicit concurrent mark sweep GC freed 20(704B) AllocSpace objects, 0(0B) LOS objects, 23% free, 52MB/68MB, paused 446us total 20.333ms
08-06 05:25:20.670   356   368 I art     : Starting a blocking GC Explicit
08-06 05:25:20.691   356   368 I art     : Explicit concurrent mark sweep GC freed 3(96B) AllocSpace objects, 0(0B) LOS objects, 23% free, 52MB/68MB, paused 439us total 20.159ms
08-06 05:25:20.699   356   368 I art     : Starting a blocking GC Explicit
08-06 05:25:20.719   356   368 I art     : Explicit concurrent mark sweep GC freed 3(96B) AllocSpace objects, 0(0B) LOS objects, 23% free, 52MB/68MB, paused 453us total 19.819ms
08-06 05:25:20.728   356   368 I art     : Starting a blocking GC Explicit
08-06 05:25:20.749   356   368 I art     : Explicit concurrent mark sweep GC freed 3(96B) AllocSpace objects, 0(0B) LOS objects, 23% free, 52MB/68MB, paused 463us total 20.583ms
08-06 05:25:20.902  3002  3002 D AndroidRuntime: >>>>>> START com.android.internal.os.RuntimeInit uid 2000 <<<<<<
08-06 05:25:20.907  3002  3002 D AndroidRuntime: CheckJNI is OFF
08-06 05:25:20.938  3002  3002 D ICU     : No timezone override file found: /data/misc/zoneinfo/current/icu/icu_tzdata.dat
08-06 05:25:20.969  3002  3002 I Radio-JNI: register_android_hardware_Radio DONE
08-06 05:25:20.989  3002  3002 D AndroidRuntime: Calling main entry com.android.commands.input.Input
08-06 05:25:20.990  3002  3002 I Input   : injectMotionEvent: MotionEvent { action=ACTION_DOWN, actionButton=0, id[0]=0, x[0]=756.0, y[0]=1530.0, toolType[0]=TOOL_TYPE_UNKNOWN, buttonState=0, metaState=0, flags=0x0, edgeFlags=0x0, pointerCount=1, historySize=0, eventTime=854737403, downTime=854737403, deviceId=0, source=0x1002 }
08-06 05:25:20.994  3002  3002 I Input   : injectMotionEvent: MotionEvent { action=ACTION_UP, actionButton=0, id[0]=0, x[0]=756.0, y[0]=1530.0, toolType[0]=TOOL_TYPE_UNKNOWN, buttonState=0, metaState=0, flags=0x0, edgeFlags=0x0, pointerCount=1, historySize=0, eventTime=854737403, downTime=854737403, deviceId=0, source=0x1002 }
08-06 05:25:20.995  3002  3002 D AndroidRuntime: Shutting down VM
08-06 05:25:21.009   918  3696 I ActivityManager: START u0 {cmp=baseline.appteam.nith.hillffair/.activities.LeaderBoardActivity} from uid 10697 on display 0
08-06 05:25:21.012   512  2967 D audio_hw_primary: out_set_parameters: enter: usecase(1: low-latency-playback) kvpairs: routing=2
08-06 05:25:21.024   356   547 I art     : Starting a blocking GC Explicit
08-06 05:25:21.025   512  2967 D audio_hw_primary: select_devices: out_snd_device(2: speaker) in_snd_device(0: none)
08-06 05:25:21.025   512  2967 D msm8974_platform: platform_send_audio_calibration: sending audio calibration for snd_device(2) acdb_id(15)
08-06 05:25:21.026   512  2967 I soundtrigger: audio_extn_sound_trigger_update_device_status: device 0x2 of type 0 for Event 1
08-06 05:25:21.035   512  2967 D audio_hw_primary: enable_snd_device: snd_device(2: speaker)
08-06 05:25:21.038   512  2967 D audio_hw_primary: enable_audio_route: apply and update mixer path: low-latency-playback speaker
08-06 05:25:21.044   356   547 I art     : Explicit concurrent mark sweep GC freed 1754(98KB) AllocSpace objects, 1(20KB) LOS objects, 23% free, 52MB/68MB, paused 532us total 19.977ms
08-06 05:25:21.053   356   547 I art     : Starting a blocking GC Explicit
08-06 05:25:21.076   356   547 I art     : Explicit concurrent mark sweep GC freed 4660(281KB) AllocSpace objects, 0(0B) LOS objects, 23% free, 52MB/68MB, paused 704us total 23.219ms
08-06 05:25:21.084   356   547 I art     : Starting a blocking GC Explicit
08-06 05:25:21.103   356   547 I art     : Explicit concurrent mark sweep GC freed 246(22KB) AllocSpace objects, 0(0B) LOS objects, 23% free, 52MB/68MB, paused 487us total 18.345ms
08-06 05:25:21.110   356   547 I art     : Starting a blocking GC Explicit
08-06 05:25:21.119   356   356 E RecyclerView: No adapter attached; skipping layout
08-06 05:25:21.122   356   356 E RecyclerView: No adapter attached; skipping layout
08-06 05:25:21.132   356   547 I art     : Explicit concurrent mark sweep GC freed 136(5KB) AllocSpace objects, 0(0B) LOS objects, 23% free, 52MB/68MB, paused 563us total 21.423ms
08-06 05:25:21.136   918   936 I ActivityManager: Displayed baseline.appteam.nith.hillffair/.activities.LeaderBoardActivity: +111ms
08-06 05:25:21.137 13866 13866 I GoogleInputMethodServic: GoogleInputMethodService.onFinishInput():3138 
08-06 05:25:21.139 13866 13866 I GoogleInputMethodServic: GoogleInputMethodService.onStartInput():1808 
08-06 05:25:21.139   356   356 E RecyclerView: No adapter attached; skipping layout
08-06 05:25:21.140   356   547 I art     : Starting a blocking GC Explicit
08-06 05:25:21.161   356   547 I art     : Explicit concurrent mark sweep GC freed 60(2432B) AllocSpace objects, 0(0B) LOS objects, 23% free, 52MB/68MB, paused 479us total 20.234ms
08-06 05:25:21.162   356   405 D OpenGLRenderer: endAllStagingAnimators on 0x7f99475400 (RippleDrawable) with handle 0x7f99f06e20
08-06 05:25:21.424   380   380 W SurfaceFlinger: couldn't log to binary event log: overflow.
08-06 05:25:21.453   356   368 I art     : Starting a blocking GC Explicit
08-06 05:25:21.473   356   368 I art     : Explicit concurrent mark sweep GC freed 1431(84KB) AllocSpace objects, 1(20KB) LOS objects, 23% free, 52MB/68MB, paused 477us total 19.735ms
08-06 05:25:21.481   356   368 I art     : Starting a blocking GC Explicit
08-06 05:25:21.500   356   368 I art     : Explicit concurrent mark sweep GC freed 32(1088B) AllocSpace objects, 0(0B) LOS objects, 23% free, 52MB/68MB, paused 436us total 18.856ms
08-06 05:25:21.508   356   368 I art     : Starting a blocking GC Explicit
08-06 05:25:21.529   356   368 I art     : Explicit concurrent mark sweep GC freed 72(4KB) AllocSpace objects, 0(0B) LOS objects, 23% free, 52MB/68MB, paused 454us total 20.411ms
08-06 05:25:21.539   356   368 I art     : Starting a blocking GC Explicit
08-06 05:25:21.561   356   368 I art     : Explicit concurrent mark sweep GC freed 43(1904B) AllocSpace objects, 0(0B) LOS objects, 23% free, 52MB/68MB, paused 441us total 21.077ms
08-06 05:25:21.569   356   368 I art     : Starting a blocking GC Explicit
08-06 05:25:21.569   512  2967 D audio_hw_primary: disable_audio_route: reset and update mixer path: low-latency-playback speaker
08-06 05:25:21.570   512  2967 D audio_hw_primary: disable_snd_device: snd_device(2: speaker)
08-06 05:25:21.577   512  2967 I soundtrigger: audio_extn_sound_trigger_update_device_status: device 0x2 of type 0 for Event 0
08-06 05:25:21.587   356   368 I art     : Explicit concurrent mark sweep GC freed 26(864B) AllocSpace objects, 0(0B) LOS objects, 23% free, 52MB/68MB, paused 484us total 18.528ms
08-06 05:25:21.866   356   547 I art     : Starting a blocking GC Explicit
08-06 05:25:21.888   356   547 I art     : Explicit concurrent mark sweep GC freed 1400(80KB) AllocSpace objects, 1(20KB) LOS objects, 23% free, 52MB/68MB, paused 528us total 22.364ms
08-06 05:25:21.897   356   547 I art     : Starting a blocking GC Explicit
08-06 05:25:21.918   356   547 I art     : Explicit concurrent mark sweep GC freed 788(60KB) AllocSpace objects, 2(120KB) LOS objects, 23% free, 53MB/69MB, paused 653us total 20.859ms
08-06 05:25:21.927   356   547 I art     : Starting a blocking GC Explicit
08-06 05:25:21.945   356  3035 D OkHttp  : --> GET https://api-hillfair-2k16.herokuapp.com/api/app/quiz/leaderboard?from=1 http/1.1
08-06 05:25:21.948   356   547 I art     : Explicit concurrent mark sweep GC freed 2125(83KB) AllocSpace objects, 0(0B) LOS objects, 23% free, 53MB/69MB, paused 554us total 20.958ms
08-06 05:25:21.956   356   547 I art     : Starting a blocking GC Explicit
08-06 05:25:21.978   356   547 I art     : Explicit concurrent mark sweep GC freed 689(106KB) AllocSpace objects, 1(80KB) LOS objects, 23% free, 53MB/69MB, paused 488us total 21.266ms
08-06 05:25:21.984   356  3035 D OkHttp  : <-- 200 OK https://api-hillfair-2k16.herokuapp.com/api/app/quiz/leaderboard?from=1 (39ms, 56744-byte body)
08-06 05:25:21.986   356   547 I art     : Starting a blocking GC Explicit
08-06 05:25:22.007   356   547 I art     : Explicit concurrent mark sweep GC freed 2383(137KB) AllocSpace objects, 0(0B) LOS objects, 23% free, 53MB/69MB, paused 605us total 20.590ms
08-06 05:25:22.076   356   356 I NAPPA_EXPERIMENTATION: MetricNetworkRequestExecutionTime: REQUEST_DURATION_SYSTEM='1012',REQUEST_DURATION_OKHTTP='39',REQUEST_SYNCHRONOUS='FALSE',RESPONSE_CODE='200',RESPONSE_METHOD='GET',RESPONSE_LENGTH_OKHTTP='56744',RESPONSE_LENGTH_HEADER='56744',REQUEST_PROTOCOL='http/1.1',REQUEST_URL='https://api-hillfair-2k16.herokuapp.com/api/app/quiz/leaderboard?from=1',
08-06 05:25:22.281   356   547 I art     : Starting a blocking GC Explicit
08-06 05:25:22.312   356   547 I art     : Explicit concurrent mark sweep GC freed 25341(1177KB) AllocSpace objects, 1(20KB) LOS objects, 23% free, 53MB/69MB, paused 523us total 30.807ms
08-06 05:25:22.328   356   547 I art     : Starting a blocking GC Explicit
08-06 05:25:22.352   356   547 I art     : Explicit concurrent mark sweep GC freed 102(3KB) AllocSpace objects, 0(0B) LOS objects, 23% free, 53MB/69MB, paused 520us total 23.464ms
08-06 05:25:22.361   356   547 I art     : Starting a blocking GC Explicit
08-06 05:25:22.384   356   547 I art     : Explicit concurrent mark sweep GC freed 3(96B) AllocSpace objects, 0(0B) LOS objects, 23% free, 53MB/69MB, paused 464us total 22.818ms
08-06 05:25:22.393   356   547 I art     : Starting a blocking GC Explicit
08-06 05:25:22.417   356   547 I art     : Explicit concurrent mark sweep GC freed 3(96B) AllocSpace objects, 0(0B) LOS objects, 23% free, 53MB/69MB, paused 485us total 23.806ms
08-06 05:25:22.427   356   547 I art     : Starting a blocking GC Explicit
08-06 05:25:22.450   356   547 I art     : Explicit concurrent mark sweep GC freed 3(96B) AllocSpace objects, 0(0B) LOS objects, 23% free, 53MB/69MB, paused 463us total 23.191ms
08-06 05:25:22.629   518   646 I ThermalEngine: ACTION: GPU - Setting GPU[0] to 450000000
08-06 05:25:22.753   356   368 I art     : Starting a blocking GC Explicit
08-06 05:25:22.790   356   368 I art     : Explicit concurrent mark sweep GC freed 1344(78KB) AllocSpace objects, 1(20KB) LOS objects, 23% free, 53MB/69MB, paused 688us total 36.772ms
08-06 05:25:22.803   356   368 I art     : Starting a blocking GC Explicit
08-06 05:25:22.836   356   368 I art     : Explicit concurrent mark sweep GC freed 20(704B) AllocSpace objects, 0(0B) LOS objects, 23% free, 53MB/69MB, paused 636us total 31.904ms
08-06 05:25:22.848   356   368 I art     : Starting a blocking GC Explicit
08-06 05:25:22.880   356   368 I art     : Explicit concurrent mark sweep GC freed 3(96B) AllocSpace objects, 0(0B) LOS objects, 23% free, 53MB/69MB, paused 649us total 31.850ms
08-06 05:25:22.892   356   368 I art     : Starting a blocking GC Explicit
08-06 05:25:22.924   356   368 I art     : Explicit concurrent mark sweep GC freed 3(96B) AllocSpace objects, 0(0B) LOS objects, 23% free, 53MB/69MB, paused 624us total 32.059ms
08-06 05:25:22.936   356   368 I art     : Starting a blocking GC Explicit
08-06 05:25:22.968   356   368 I art     : Explicit concurrent mark sweep GC freed 3(96B) AllocSpace objects, 0(0B) LOS objects, 23% free, 53MB/69MB, paused 659us total 31.660ms
08-06 05:25:23.323   356   369 I art     : Starting a blocking GC Explicit
08-06 05:25:23.362   356   369 I art     : Explicit concurrent mark sweep GC freed 1344(78KB) AllocSpace objects, 1(20KB) LOS objects, 23% free, 53MB/69MB, paused 666us total 38.367ms
08-06 05:25:23.377   356   369 I art     : Starting a blocking GC Explicit
08-06 05:25:23.408   356   369 I art     : Explicit concurrent mark sweep GC freed 20(704B) AllocSpace objects, 0(0B) LOS objects, 23% free, 53MB/69MB, paused 654us total 30.735ms
08-06 05:25:23.420   356   369 I art     : Starting a blocking GC Explicit
08-06 05:25:23.451   356   369 I art     : Explicit concurrent mark sweep GC freed 3(96B) AllocSpace objects, 0(0B) LOS objects, 23% free, 53MB/69MB, paused 578us total 31.345ms
08-06 05:25:23.463   356   369 I art     : Starting a blocking GC Explicit
08-06 05:25:23.494   356   369 I art     : Explicit concurrent mark sweep GC freed 3(96B) AllocSpace objects, 0(0B) LOS objects, 23% free, 53MB/69MB, paused 637us total 30.835ms
08-06 05:25:23.507   356   369 I art     : Starting a blocking GC Explicit
08-06 05:25:23.538   356   369 I art     : Explicit concurrent mark sweep GC freed 3(96B) AllocSpace objects, 0(0B) LOS objects, 23% free, 53MB/69MB, paused 611us total 31.093ms
08-06 05:25:23.874   356  1074 I art     : Starting a blocking GC Explicit
08-06 05:25:23.915   356  1074 I art     : Explicit concurrent mark sweep GC freed 1344(78KB) AllocSpace objects, 1(20KB) LOS objects, 23% free, 53MB/69MB, paused 695us total 40.509ms
08-06 05:25:23.930   356  1074 I art     : Starting a blocking GC Explicit
08-06 05:25:23.962   356  1074 I art     : Explicit concurrent mark sweep GC freed 20(704B) AllocSpace objects, 0(0B) LOS objects, 23% free, 53MB/69MB, paused 704us total 30.983ms
08-06 05:25:23.973   356  1074 I art     : Starting a blocking GC Explicit
08-06 05:25:24.006   356  1074 I art     : Explicit concurrent mark sweep GC freed 3(96B) AllocSpace objects, 0(0B) LOS objects, 23% free, 53MB/69MB, paused 634us total 32.052ms
08-06 05:25:24.018   356  1074 I art     : Starting a blocking GC Explicit
08-06 05:25:24.050   356  1074 I art     : Explicit concurrent mark sweep GC freed 3(96B) AllocSpace objects, 0(0B) LOS objects, 23% free, 53MB/69MB, paused 626us total 31.531ms
08-06 05:25:24.062   356  1074 I art     : Starting a blocking GC Explicit
08-06 05:25:24.091   356  1074 I art     : Explicit concurrent mark sweep GC freed 3(96B) AllocSpace objects, 0(0B) LOS objects, 23% free, 53MB/69MB, paused 627us total 29.520ms
08-06 05:25:24.423   356   547 I art     : Starting a blocking GC Explicit
08-06 05:25:24.463   356   547 I art     : Explicit concurrent mark sweep GC freed 1344(78KB) AllocSpace objects, 1(20KB) LOS objects, 23% free, 53MB/69MB, paused 883us total 39.319ms
08-06 05:25:24.481   356   547 I art     : Starting a blocking GC Explicit
08-06 05:25:24.518   356   547 I art     : Explicit concurrent mark sweep GC freed 20(704B) AllocSpace objects, 0(0B) LOS objects, 23% free, 53MB/69MB, paused 728us total 36.779ms
08-06 05:25:24.533   356   547 I art     : Starting a blocking GC Explicit
08-06 05:25:24.565   356   547 I art     : Explicit concurrent mark sweep GC freed 3(96B) AllocSpace objects, 0(0B) LOS objects, 23% free, 53MB/69MB, paused 685us total 32.315ms
08-06 05:25:24.577   356   547 I art     : Starting a blocking GC Explicit
08-06 05:25:24.610   356   547 I art     : Explicit concurrent mark sweep GC freed 3(96B) AllocSpace objects, 0(0B) LOS objects, 23% free, 53MB/69MB, paused 624us total 31.888ms
08-06 05:25:24.622   356   547 I art     : Starting a blocking GC Explicit
08-06 05:25:24.631   518   646 I ThermalEngine: ACTION: GPU - Setting GPU[0] to 510000000
08-06 05:25:24.653   356   547 I art     : Explicit concurrent mark sweep GC freed 3(96B) AllocSpace objects, 0(0B) LOS objects, 23% free, 53MB/69MB, paused 636us total 31.017ms
08-06 05:25:24.981   356   368 I art     : Starting a blocking GC Explicit
08-06 05:25:25.014   356   368 I art     : Explicit concurrent mark sweep GC freed 1344(78KB) AllocSpace objects, 1(20KB) LOS objects, 23% free, 53MB/69MB, paused 541us total 33.408ms
08-06 05:25:25.029   356   368 I art     : Starting a blocking GC Explicit
08-06 05:25:25.057   356   368 I art     : Explicit concurrent mark sweep GC freed 20(704B) AllocSpace objects, 0(0B) LOS objects, 23% free, 53MB/69MB, paused 466us total 27.257ms
08-06 05:25:25.066   356   368 I art     : Starting a blocking GC Explicit
08-06 05:25:25.090   356   368 I art     : Explicit concurrent mark sweep GC freed 3(96B) AllocSpace objects, 0(0B) LOS objects, 23% free, 53MB/69MB, paused 475us total 23.707ms
08-06 05:25:25.099   356   368 I art     : Starting a blocking GC Explicit
08-06 05:25:25.122   356   368 I art     : Explicit concurrent mark sweep GC freed 3(96B) AllocSpace objects, 0(0B) LOS objects, 23% free, 53MB/69MB, paused 466us total 23.020ms
08-06 05:25:25.132   356   368 I art     : Starting a blocking GC Explicit
08-06 05:25:25.154   356   368 I art     : Explicit concurrent mark sweep GC freed 3(96B) AllocSpace objects, 0(0B) LOS objects, 23% free, 53MB/69MB, paused 443us total 22.666ms
08-06 05:25:25.419   356   369 I art     : Starting a blocking GC Explicit
08-06 05:25:25.442   356   369 I art     : Explicit concurrent mark sweep GC freed 1344(78KB) AllocSpace objects, 1(20KB) LOS objects, 23% free, 53MB/69MB, paused 478us total 23.286ms
08-06 05:25:25.451   356   369 I art     : Starting a blocking GC Explicit
08-06 05:25:25.474   356   369 I art     : Explicit concurrent mark sweep GC freed 20(704B) AllocSpace objects, 0(0B) LOS objects, 23% free, 53MB/69MB, paused 477us total 22.971ms
08-06 05:25:25.484   356   369 I art     : Starting a blocking GC Explicit
08-06 05:25:25.506   356   369 I art     : Explicit concurrent mark sweep GC freed 3(96B) AllocSpace objects, 0(0B) LOS objects, 23% free, 53MB/69MB, paused 453us total 21.810ms
08-06 05:25:25.514   356   369 I art     : Starting a blocking GC Explicit
08-06 05:25:25.536   356   369 I art     : Explicit concurrent mark sweep GC freed 3(96B) AllocSpace objects, 0(0B) LOS objects, 23% free, 53MB/69MB, paused 468us total 21.788ms
08-06 05:25:25.545   356   369 I art     : Starting a blocking GC Explicit
08-06 05:25:25.568   356   369 I art     : Explicit concurrent mark sweep GC freed 3(96B) AllocSpace objects, 0(0B) LOS objects, 23% free, 53MB/69MB, paused 517us total 22.395ms
08-06 05:25:25.678  3118  3118 D AndroidRuntime: >>>>>> START com.android.internal.os.RuntimeInit uid 2000 <<<<<<
08-06 05:25:25.684  3118  3118 D AndroidRuntime: CheckJNI is OFF
08-06 05:25:25.720  3118  3118 D ICU     : No timezone override file found: /data/misc/zoneinfo/current/icu/icu_tzdata.dat
08-06 05:25:25.753  3118  3118 I Radio-JNI: register_android_hardware_Radio DONE
08-06 05:25:25.774  3118  3118 D AndroidRuntime: Calling main entry com.android.commands.input.Input
08-06 05:25:25.776  3118  3118 I Input   : injectKeyEvent: KeyEvent { action=ACTION_DOWN, keyCode=KEYCODE_BACK, scanCode=0, metaState=0, flags=0x0, repeatCount=0, eventTime=854742189, downTime=854742189, deviceId=-1, source=0x101 }
08-06 05:25:25.782  3118  3118 I Input   : injectKeyEvent: KeyEvent { action=ACTION_UP, keyCode=KEYCODE_BACK, scanCode=0, metaState=0, flags=0x0, repeatCount=0, eventTime=854742189, downTime=854742189, deviceId=-1, source=0x101 }
08-06 05:25:25.786  3118  3118 D AndroidRuntime: Shutting down VM
08-06 05:25:25.823 13866 13866 I GoogleInputMethodServic: GoogleInputMethodService.onFinishInput():3138 
08-06 05:25:25.824 13866 13866 I GoogleInputMethodServic: GoogleInputMethodService.onStartInput():1808 
08-06 05:25:25.861   356  1074 I art     : Starting a blocking GC Explicit
08-06 05:25:25.880   356  1074 I art     : Explicit concurrent mark sweep GC freed 1482(84KB) AllocSpace objects, 1(20KB) LOS objects, 23% free, 53MB/69MB, paused 417us total 19.510ms
08-06 05:25:25.888   356  1074 I art     : Starting a blocking GC Explicit
08-06 05:25:25.908   356  1074 I art     : Explicit concurrent mark sweep GC freed 26(944B) AllocSpace objects, 0(0B) LOS objects, 23% free, 53MB/69MB, paused 629us total 19.112ms
08-06 05:25:25.916   356  1074 I art     : Starting a blocking GC Explicit
08-06 05:25:25.937   356  1074 I art     : Explicit concurrent mark sweep GC freed 3(96B) AllocSpace objects, 0(0B) LOS objects, 23% free, 53MB/69MB, paused 468us total 20.607ms
08-06 05:25:25.946   356  1074 I art     : Starting a blocking GC Explicit
08-06 05:25:25.969   356  1074 I art     : Explicit concurrent mark sweep GC freed 3(96B) AllocSpace objects, 0(0B) LOS objects, 23% free, 53MB/69MB, paused 560us total 23.123ms
08-06 05:25:25.978   356  1074 I art     : Starting a blocking GC Explicit
08-06 05:25:25.999   356  1074 I art     : Explicit concurrent mark sweep GC freed 3(96B) AllocSpace objects, 0(0B) LOS objects, 23% free, 53MB/69MB, paused 650us total 21.478ms
08-06 05:25:26.076   918  3188 I hubconnection: sensorhub said: 'set_bias 3: -6.2400, 0.0000, 0.0000'
08-06 05:25:26.128   380   380 W SurfaceFlinger: couldn't log to binary event log: overflow.
08-06 05:25:26.252   356   368 I art     : Starting a blocking GC Explicit
08-06 05:25:26.275   356   368 I art     : Explicit concurrent mark sweep GC freed 1463(87KB) AllocSpace objects, 1(20KB) LOS objects, 23% free, 53MB/69MB, paused 478us total 22.966ms
08-06 05:25:26.284   356   368 I art     : Starting a blocking GC Explicit
08-06 05:25:26.306   356   368 I art     : Explicit concurrent mark sweep GC freed 4698(269KB) AllocSpace objects, 2(140KB) LOS objects, 23% free, 52MB/68MB, paused 464us total 21.777ms
08-06 05:25:26.315   356   368 I art     : Starting a blocking GC Explicit
08-06 05:25:26.336   356   368 I art     : Explicit concurrent mark sweep GC freed 3(96B) AllocSpace objects, 0(0B) LOS objects, 23% free, 52MB/68MB, paused 489us total 20.684ms
08-06 05:25:26.345   356   368 I art     : Starting a blocking GC Explicit
08-06 05:25:26.367   356   368 I art     : Explicit concurrent mark sweep GC freed 3(96B) AllocSpace objects, 0(0B) LOS objects, 23% free, 52MB/68MB, paused 466us total 21.567ms
08-06 05:25:26.375   356   368 I art     : Starting a blocking GC Explicit
08-06 05:25:26.397   356   368 I art     : Explicit concurrent mark sweep GC freed 3(96B) AllocSpace objects, 0(0B) LOS objects, 23% free, 52MB/68MB, paused 576us total 21.441ms
08-06 05:25:26.687   356   369 I art     : Starting a blocking GC Explicit
08-06 05:25:26.712   356   369 I art     : Explicit concurrent mark sweep GC freed 1344(78KB) AllocSpace objects, 1(20KB) LOS objects, 23% free, 52MB/68MB, paused 491us total 25.193ms
08-06 05:25:26.724   356   369 I art     : Starting a blocking GC Explicit
08-06 05:25:26.746   356   369 I art     : Explicit concurrent mark sweep GC freed 20(704B) AllocSpace objects, 0(0B) LOS objects, 23% free, 52MB/68MB, paused 455us total 21.983ms
08-06 05:25:26.755   356   369 I art     : Starting a blocking GC Explicit
08-06 05:25:26.777   356   369 I art     : Explicit concurrent mark sweep GC freed 3(96B) AllocSpace objects, 0(0B) LOS objects, 23% free, 52MB/68MB, paused 561us total 21.776ms
08-06 05:25:26.786   356   369 I art     : Starting a blocking GC Explicit
08-06 05:25:26.807   356   369 I art     : Explicit concurrent mark sweep GC freed 3(96B) AllocSpace objects, 0(0B) LOS objects, 23% free, 52MB/68MB, paused 481us total 21.118ms
08-06 05:25:26.816   356   369 I art     : Starting a blocking GC Explicit
08-06 05:25:26.836   356   369 I art     : Explicit concurrent mark sweep GC freed 3(96B) AllocSpace objects, 0(0B) LOS objects, 23% free, 52MB/68MB, paused 443us total 20.464ms
08-06 05:25:27.117   356   547 I art     : Starting a blocking GC Explicit
08-06 05:25:27.139   356   547 I art     : Explicit concurrent mark sweep GC freed 1343(78KB) AllocSpace objects, 1(20KB) LOS objects, 23% free, 52MB/68MB, paused 469us total 21.388ms
08-06 05:25:27.148   356   547 I art     : Starting a blocking GC Explicit
08-06 05:25:27.170   356   547 I art     : Explicit concurrent mark sweep GC freed 20(704B) AllocSpace objects, 0(0B) LOS objects, 23% free, 52MB/68MB, paused 458us total 21.384ms
08-06 05:25:27.178   356   547 I art     : Starting a blocking GC Explicit
08-06 05:25:27.199   356   547 I art     : Explicit concurrent mark sweep GC freed 3(96B) AllocSpace objects, 0(0B) LOS objects, 23% free, 52MB/68MB, paused 454us total 20.650ms
08-06 05:25:27.207   356   547 I art     : Starting a blocking GC Explicit
08-06 05:25:27.228   356   547 I art     : Explicit concurrent mark sweep GC freed 3(96B) AllocSpace objects, 0(0B) LOS objects, 23% free, 52MB/68MB, paused 475us total 20.123ms
08-06 05:25:27.236   356   547 I art     : Starting a blocking GC Explicit
08-06 05:25:27.257   356   547 I art     : Explicit concurrent mark sweep GC freed 3(96B) AllocSpace objects, 0(0B) LOS objects, 23% free, 52MB/68MB, paused 463us total 20.274ms
08-06 05:25:27.449  3184  3184 D AndroidRuntime: >>>>>> START com.android.internal.os.RuntimeInit uid 2000 <<<<<<
08-06 05:25:27.455  3184  3184 D AndroidRuntime: CheckJNI is OFF
08-06 05:25:27.484  3184  3184 D ICU     : No timezone override file found: /data/misc/zoneinfo/current/icu/icu_tzdata.dat
08-06 05:25:27.515  3184  3184 I Radio-JNI: register_android_hardware_Radio DONE
08-06 05:25:27.535  3184  3184 D AndroidRuntime: Calling main entry com.android.commands.input.Input
08-06 05:25:27.537  3184  3184 I Input   : injectKeyEvent: KeyEvent { action=ACTION_DOWN, keyCode=KEYCODE_BACK, scanCode=0, metaState=0, flags=0x0, repeatCount=0, eventTime=854743950, downTime=854743950, deviceId=-1, source=0x101 }
08-06 05:25:27.540   356   369 I art     : Starting a blocking GC Explicit
08-06 05:25:27.542  3184  3184 I Input   : injectKeyEvent: KeyEvent { action=ACTION_UP, keyCode=KEYCODE_BACK, scanCode=0, metaState=0, flags=0x0, repeatCount=0, eventTime=854743950, downTime=854743950, deviceId=-1, source=0x101 }
08-06 05:25:27.546  3184  3184 D AndroidRuntime: Shutting down VM
08-06 05:25:27.561   356   369 I art     : Explicit concurrent mark sweep GC freed 1378(79KB) AllocSpace objects, 1(20KB) LOS objects, 23% free, 52MB/68MB, paused 515us total 21.304ms
08-06 05:25:27.570   356   369 I art     : Starting a blocking GC Explicit
08-06 05:25:27.591   356   369 I art     : Explicit concurrent mark sweep GC freed 146(6KB) AllocSpace objects, 0(0B) LOS objects, 23% free, 52MB/68MB, paused 501us total 20.454ms
08-06 05:25:27.599   356   369 I art     : Starting a blocking GC Explicit
08-06 05:25:27.620   356   369 I art     : Explicit concurrent mark sweep GC freed 4(128B) AllocSpace objects, 0(0B) LOS objects, 23% free, 52MB/68MB, paused 722us total 20.446ms
08-06 05:25:27.627 13866 13866 I GoogleInputMethodServic: GoogleInputMethodService.onFinishInput():3138 
08-06 05:25:27.628 13866 13866 I GoogleInputMethodServic: GoogleInputMethodService.onStartInput():1808 
08-06 05:25:27.630   356   369 I art     : Starting a blocking GC Explicit
08-06 05:25:27.650   356   369 I art     : Explicit concurrent mark sweep GC freed 58(2048B) AllocSpace objects, 0(0B) LOS objects, 23% free, 52MB/68MB, paused 440us total 20.009ms
08-06 05:25:27.658   356   369 I art     : Starting a blocking GC Explicit
08-06 05:25:27.677   356   369 I art     : Explicit concurrent mark sweep GC freed 8(272B) AllocSpace objects, 0(0B) LOS objects, 23% free, 52MB/68MB, paused 544us total 18.639ms
08-06 05:25:27.913   380   380 W SurfaceFlinger: couldn't log to binary event log: overflow.
08-06 05:25:27.943   356  1074 I art     : Starting a blocking GC Explicit
08-06 05:25:27.965   356  1074 I art     : Explicit concurrent mark sweep GC freed 1462(87KB) AllocSpace objects, 1(20KB) LOS objects, 23% free, 52MB/68MB, paused 465us total 21.845ms
08-06 05:25:27.974   356  1074 I art     : Starting a blocking GC Explicit
08-06 05:25:27.995   356  1074 I art     : Explicit concurrent mark sweep GC freed 2096(122KB) AllocSpace objects, 3(340KB) LOS objects, 23% free, 52MB/68MB, paused 466us total 20.657ms
08-06 05:25:28.003   356  1074 I art     : Starting a blocking GC Explicit
08-06 05:25:28.024   356  1074 I art     : Explicit concurrent mark sweep GC freed 3(96B) AllocSpace objects, 0(0B) LOS objects, 23% free, 52MB/68MB, paused 460us total 20.611ms
08-06 05:25:28.033   356  1074 I art     : Starting a blocking GC Explicit
08-06 05:25:28.054   356  1074 I art     : Explicit concurrent mark sweep GC freed 3(96B) AllocSpace objects, 0(0B) LOS objects, 23% free, 52MB/68MB, paused 462us total 20.026ms
08-06 05:25:28.062   356  1074 I art     : Starting a blocking GC Explicit
08-06 05:25:28.083   356  1074 I art     : Explicit concurrent mark sweep GC freed 3(96B) AllocSpace objects, 0(0B) LOS objects, 23% free, 52MB/68MB, paused 479us total 20.561ms
08-06 05:25:28.370   356   368 I art     : Starting a blocking GC Explicit
08-06 05:25:28.396   356   368 I art     : Explicit concurrent mark sweep GC freed 1343(78KB) AllocSpace objects, 1(20KB) LOS objects, 23% free, 52MB/68MB, paused 507us total 26.410ms
08-06 05:25:28.409   356   368 I art     : Starting a blocking GC Explicit
08-06 05:25:28.434   356   368 I art     : Explicit concurrent mark sweep GC freed 20(704B) AllocSpace objects, 0(0B) LOS objects, 23% free, 52MB/68MB, paused 514us total 25.011ms
08-06 05:25:28.445   356   368 I art     : Starting a blocking GC Explicit
08-06 05:25:28.466   356   368 I art     : Explicit concurrent mark sweep GC freed 3(96B) AllocSpace objects, 0(0B) LOS objects, 23% free, 52MB/68MB, paused 474us total 20.961ms
08-06 05:25:28.475   356   368 I art     : Starting a blocking GC Explicit
08-06 05:25:28.496   356   368 I art     : Explicit concurrent mark sweep GC freed 3(96B) AllocSpace objects, 0(0B) LOS objects, 23% free, 52MB/68MB, paused 456us total 21.243ms
08-06 05:25:28.505   356   368 I art     : Starting a blocking GC Explicit
08-06 05:25:28.527   356   368 I art     : Explicit concurrent mark sweep GC freed 3(96B) AllocSpace objects, 0(0B) LOS objects, 23% free, 52MB/68MB, paused 473us total 21.279ms
08-06 05:25:28.641   518   646 I ThermalEngine: ACTION: GPU - Setting GPU[0] to 450000000
08-06 05:25:28.812   356   369 I art     : Starting a blocking GC Explicit
08-06 05:25:28.833   356   369 I art     : Explicit concurrent mark sweep GC freed 1341(78KB) AllocSpace objects, 1(20KB) LOS objects, 23% free, 52MB/68MB, paused 496us total 20.579ms
08-06 05:25:28.842   356   369 I art     : Starting a blocking GC Explicit
08-06 05:25:28.862   356   369 I art     : Explicit concurrent mark sweep GC freed 20(704B) AllocSpace objects, 0(0B) LOS objects, 23% free, 52MB/68MB, paused 467us total 19.553ms
08-06 05:25:28.870   356   369 I art     : Starting a blocking GC Explicit
08-06 05:25:28.889   356   369 I art     : Explicit concurrent mark sweep GC freed 7(224B) AllocSpace objects, 0(0B) LOS objects, 23% free, 52MB/68MB, paused 430us total 19.339ms
08-06 05:25:28.898   356   369 I art     : Starting a blocking GC Explicit
08-06 05:25:28.917   356   369 I art     : Explicit concurrent mark sweep GC freed 12(576B) AllocSpace objects, 0(0B) LOS objects, 23% free, 52MB/68MB, paused 463us total 19.475ms
08-06 05:25:28.926   356   369 I art     : Starting a blocking GC Explicit
08-06 05:25:28.945   356   369 I art     : Explicit concurrent mark sweep GC freed 17(528B) AllocSpace objects, 0(0B) LOS objects, 23% free, 52MB/68MB, paused 453us total 19.403ms
08-06 05:25:29.175  3274  3274 D AndroidRuntime: >>>>>> START com.android.internal.os.RuntimeInit uid 2000 <<<<<<
08-06 05:25:29.179  3274  3274 D AndroidRuntime: CheckJNI is OFF
08-06 05:25:29.214  3274  3274 D ICU     : No timezone override file found: /data/misc/zoneinfo/current/icu/icu_tzdata.dat
08-06 05:25:29.222   356   547 I art     : Starting a blocking GC Explicit
08-06 05:25:29.243   356   547 I art     : Explicit concurrent mark sweep GC freed 1341(78KB) AllocSpace objects, 1(20KB) LOS objects, 23% free, 52MB/68MB, paused 488us total 20.367ms
08-06 05:25:29.248  3274  3274 I Radio-JNI: register_android_hardware_Radio DONE
08-06 05:25:29.252   356   547 I art     : Starting a blocking GC Explicit
08-06 05:25:29.271  3274  3274 D AndroidRuntime: Calling main entry com.android.commands.input.Input
08-06 05:25:29.273   356   547 I art     : Explicit concurrent mark sweep GC freed 20(704B) AllocSpace objects, 0(0B) LOS objects, 23% free, 52MB/68MB, paused 511us total 20.877ms
08-06 05:25:29.273  3274  3274 I Input   : injectMotionEvent: MotionEvent { action=ACTION_DOWN, actionButton=0, id[0]=0, x[0]=1053.0, y[0]=1173.0, toolType[0]=TOOL_TYPE_UNKNOWN, buttonState=0, metaState=0, flags=0x0, edgeFlags=0x0, pointerCount=1, historySize=0, eventTime=854745685, downTime=854745685, deviceId=0, source=0x1002 }
08-06 05:25:29.280  3274  3274 I Input   : injectMotionEvent: MotionEvent { action=ACTION_UP, actionButton=0, id[0]=0, x[0]=1053.0, y[0]=1173.0, toolType[0]=TOOL_TYPE_UNKNOWN, buttonState=0, metaState=0, flags=0x0, edgeFlags=0x0, pointerCount=1, historySize=0, eventTime=854745685, downTime=854745685, deviceId=0, source=0x1002 }
08-06 05:25:29.281   356   547 I art     : Starting a blocking GC Explicit
08-06 05:25:29.283   918  3696 I ActivityManager: START u0 {cmp=baseline.appteam.nith.hillffair/.activities.QuizActivity} from uid 10697 on display 0
08-06 05:25:29.294  3274  3274 D AndroidRuntime: Shutting down VM
08-06 05:25:29.302   356   547 I art     : Explicit concurrent mark sweep GC freed 63(4KB) AllocSpace objects, 0(0B) LOS objects, 23% free, 52MB/68MB, paused 641us total 20.421ms
08-06 05:25:29.311   356   547 I art     : Starting a blocking GC Explicit
08-06 05:25:29.331   356   547 I art     : Explicit concurrent mark sweep GC freed 585(45KB) AllocSpace objects, 0(0B) LOS objects, 23% free, 52MB/68MB, paused 440us total 19.433ms
08-06 05:25:29.340   356   547 I art     : Starting a blocking GC Explicit
08-06 05:25:29.359   356   547 I art     : Explicit concurrent mark sweep GC freed 162(7KB) AllocSpace objects, 0(0B) LOS objects, 23% free, 52MB/68MB, paused 432us total 18.660ms
08-06 05:25:29.391   918   936 I ActivityManager: Displayed baseline.appteam.nith.hillffair/.activities.QuizActivity: +99ms
08-06 05:25:29.391 13866 13866 I GoogleInputMethodServic: GoogleInputMethodService.onFinishInput():3138 
08-06 05:25:29.392 13866 13866 I GoogleInputMethodServic: GoogleInputMethodService.onStartInput():1808 
08-06 05:25:29.624   356  1074 I art     : Starting a blocking GC Explicit
08-06 05:25:29.649   380   380 W SurfaceFlinger: couldn't log to binary event log: overflow.
08-06 05:25:29.656   356  1074 I art     : Explicit concurrent mark sweep GC freed 1515(85KB) AllocSpace objects, 1(20KB) LOS objects, 23% free, 52MB/68MB, paused 490us total 31.900ms
08-06 05:25:29.670   356  1074 I art     : Starting a blocking GC Explicit
08-06 05:25:29.688   356  1074 I art     : Explicit concurrent mark sweep GC freed 26(912B) AllocSpace objects, 0(0B) LOS objects, 23% free, 52MB/68MB, paused 409us total 18.110ms
08-06 05:25:29.696   356  1074 I art     : Starting a blocking GC Explicit
08-06 05:25:29.714   356  1074 I art     : Explicit concurrent mark sweep GC freed 3(96B) AllocSpace objects, 0(0B) LOS objects, 23% free, 52MB/68MB, paused 419us total 18.278ms
08-06 05:25:29.722   356  1074 I art     : Starting a blocking GC Explicit
08-06 05:25:29.740   356  1074 I art     : Explicit concurrent mark sweep GC freed 3(96B) AllocSpace objects, 0(0B) LOS objects, 23% free, 52MB/68MB, paused 411us total 18.248ms
08-06 05:25:29.749   356  1074 I art     : Starting a blocking GC Explicit
08-06 05:25:29.768   356  1074 I art     : Explicit concurrent mark sweep GC freed 70(4KB) AllocSpace objects, 0(0B) LOS objects, 23% free, 52MB/68MB, paused 431us total 19.080ms
08-06 05:25:30.057   356   369 I art     : Starting a blocking GC Explicit
08-06 05:25:30.084   356   369 I art     : Explicit concurrent mark sweep GC freed 1346(78KB) AllocSpace objects, 1(20KB) LOS objects, 23% free, 52MB/68MB, paused 474us total 26.921ms
08-06 05:25:30.097   356   369 I art     : Starting a blocking GC Explicit
08-06 05:25:30.123   356   369 I art     : Explicit concurrent mark sweep GC freed 20(704B) AllocSpace objects, 0(0B) LOS objects, 23% free, 52MB/68MB, paused 496us total 26.457ms
08-06 05:25:30.133   356   369 I art     : Starting a blocking GC Explicit
08-06 05:25:30.154   356   369 I art     : Explicit concurrent mark sweep GC freed 3(96B) AllocSpace objects, 0(0B) LOS objects, 23% free, 52MB/68MB, paused 412us total 21.334ms
08-06 05:25:30.164   356   369 I art     : Starting a blocking GC Explicit
08-06 05:25:30.185   356   369 I art     : Explicit concurrent mark sweep GC freed 3(96B) AllocSpace objects, 0(0B) LOS objects, 23% free, 52MB/68MB, paused 428us total 20.814ms
08-06 05:25:30.193   356   369 I art     : Starting a blocking GC Explicit
08-06 05:25:30.215   356   369 I art     : Explicit concurrent mark sweep GC freed 3(96B) AllocSpace objects, 0(0B) LOS objects, 23% free, 52MB/68MB, paused 439us total 21.321ms
08-06 05:25:30.497   356   547 I art     : Starting a blocking GC Explicit
08-06 05:25:30.523   356   547 I art     : Explicit concurrent mark sweep GC freed 1343(78KB) AllocSpace objects, 1(20KB) LOS objects, 23% free, 52MB/68MB, paused 485us total 25.666ms
08-06 05:25:30.535   356   547 I art     : Starting a blocking GC Explicit
08-06 05:25:30.557   356   547 I art     : Explicit concurrent mark sweep GC freed 20(704B) AllocSpace objects, 0(0B) LOS objects, 23% free, 52MB/68MB, paused 597us total 22.043ms
08-06 05:25:30.566   356   547 I art     : Starting a blocking GC Explicit
08-06 05:25:30.588   356   547 I art     : Explicit concurrent mark sweep GC freed 3(96B) AllocSpace objects, 0(0B) LOS objects, 23% free, 52MB/68MB, paused 451us total 21.674ms
08-06 05:25:30.597   356   547 I art     : Starting a blocking GC Explicit
08-06 05:25:30.619   356   547 I art     : Explicit concurrent mark sweep GC freed 3(96B) AllocSpace objects, 0(0B) LOS objects, 23% free, 52MB/68MB, paused 450us total 21.881ms
08-06 05:25:30.628   356   547 I art     : Starting a blocking GC Explicit
08-06 05:25:30.651   356   547 I art     : Explicit concurrent mark sweep GC freed 3(96B) AllocSpace objects, 0(0B) LOS objects, 23% free, 52MB/68MB, paused 598us total 22.628ms
08-06 05:25:30.957   356   368 I art     : Starting a blocking GC Explicit
08-06 05:25:30.987   356   368 I art     : Explicit concurrent mark sweep GC freed 1350(78KB) AllocSpace objects, 1(20KB) LOS objects, 23% free, 52MB/68MB, paused 549us total 29.243ms
08-06 05:25:30.998   356   368 I art     : Starting a blocking GC Explicit
08-06 05:25:31.023   356   368 I art     : Explicit concurrent mark sweep GC freed 24(832B) AllocSpace objects, 0(0B) LOS objects, 23% free, 52MB/68MB, paused 586us total 24.845ms
08-06 05:25:31.034   356   368 I art     : Starting a blocking GC Explicit
08-06 05:25:31.059   356   368 I art     : Explicit concurrent mark sweep GC freed 7(224B) AllocSpace objects, 0(0B) LOS objects, 23% free, 52MB/68MB, paused 560us total 24.503ms
08-06 05:25:31.070   356   368 I art     : Starting a blocking GC Explicit
08-06 05:25:31.096   356   368 I art     : Explicit concurrent mark sweep GC freed 7(224B) AllocSpace objects, 0(0B) LOS objects, 23% free, 52MB/68MB, paused 582us total 25.706ms
08-06 05:25:31.107   356   368 I art     : Starting a blocking GC Explicit
08-06 05:25:31.134   356   368 I art     : Explicit concurrent mark sweep GC freed 8(256B) AllocSpace objects, 0(0B) LOS objects, 23% free, 52MB/68MB, paused 570us total 26.340ms
08-06 05:25:31.475   356   369 I art     : Starting a blocking GC Explicit
08-06 05:25:31.512   356   369 I art     : Explicit concurrent mark sweep GC freed 1349(78KB) AllocSpace objects, 1(20KB) LOS objects, 23% free, 52MB/68MB, paused 612us total 36.583ms
08-06 05:25:31.527   356   369 I art     : Starting a blocking GC Explicit
08-06 05:25:31.553   356   369 I art     : Explicit concurrent mark sweep GC freed 20(704B) AllocSpace objects, 0(0B) LOS objects, 23% free, 52MB/68MB, paused 578us total 25.427ms
08-06 05:25:31.564   356   369 I art     : Starting a blocking GC Explicit
08-06 05:25:31.589   356   369 I art     : Explicit concurrent mark sweep GC freed 3(96B) AllocSpace objects, 0(0B) LOS objects, 23% free, 52MB/68MB, paused 615us total 24.858ms
08-06 05:25:31.600   356   369 I art     : Starting a blocking GC Explicit
08-06 05:25:31.625   356   369 I art     : Explicit concurrent mark sweep GC freed 3(96B) AllocSpace objects, 0(0B) LOS objects, 23% free, 52MB/68MB, paused 612us total 25.423ms
08-06 05:25:31.636   356   369 I art     : Starting a blocking GC Explicit
08-06 05:25:31.662   356   369 I art     : Explicit concurrent mark sweep GC freed 3(96B) AllocSpace objects, 0(0B) LOS objects, 23% free, 52MB/68MB, paused 629us total 25.415ms
08-06 05:25:31.975   356   547 I art     : Starting a blocking GC Explicit
08-06 05:25:32.008   356   547 I art     : Explicit concurrent mark sweep GC freed 1343(78KB) AllocSpace objects, 1(20KB) LOS objects, 23% free, 52MB/68MB, paused 802us total 32.788ms
08-06 05:25:32.024   356   547 I art     : Starting a blocking GC Explicit
08-06 05:25:32.051   356   547 I art     : Explicit concurrent mark sweep GC freed 20(704B) AllocSpace objects, 0(0B) LOS objects, 23% free, 52MB/68MB, paused 634us total 27.003ms
08-06 05:25:32.062   356   547 I art     : Starting a blocking GC Explicit
08-06 05:25:32.077  3364  3364 D AndroidRuntime: >>>>>> START com.android.internal.os.RuntimeInit uid 2000 <<<<<<
08-06 05:25:32.083  3364  3364 D AndroidRuntime: CheckJNI is OFF
08-06 05:25:32.090   356   547 I art     : Explicit concurrent mark sweep GC freed 3(96B) AllocSpace objects, 0(0B) LOS objects, 23% free, 52MB/68MB, paused 660us total 27.324ms
08-06 05:25:32.101   356   547 I art     : Starting a blocking GC Explicit
08-06 05:25:32.128   356   547 I art     : Explicit concurrent mark sweep GC freed 3(96B) AllocSpace objects, 0(0B) LOS objects, 23% free, 52MB/68MB, paused 638us total 26.645ms
08-06 05:25:32.130  3364  3364 D ICU     : No timezone override file found: /data/misc/zoneinfo/current/icu/icu_tzdata.dat
08-06 05:25:32.139   356   547 I art     : Starting a blocking GC Explicit
08-06 05:25:32.165   356   547 I art     : Explicit concurrent mark sweep GC freed 3(96B) AllocSpace objects, 0(0B) LOS objects, 23% free, 52MB/68MB, paused 595us total 26.095ms
08-06 05:25:32.178  3364  3364 I Radio-JNI: register_android_hardware_Radio DONE
08-06 05:25:32.207  3364  3364 D AndroidRuntime: Calling main entry com.android.commands.input.Input
08-06 05:25:32.209  3364  3364 I Input   : injectMotionEvent: MotionEvent { action=ACTION_DOWN, actionButton=0, id[0]=0, x[0]=756.0, y[0]=1530.0, toolType[0]=TOOL_TYPE_UNKNOWN, buttonState=0, metaState=0, flags=0x0, edgeFlags=0x0, pointerCount=1, historySize=0, eventTime=854748622, downTime=854748622, deviceId=0, source=0x1002 }
08-06 05:25:32.215  3364  3364 I Input   : injectMotionEvent: MotionEvent { action=ACTION_UP, actionButton=0, id[0]=0, x[0]=756.0, y[0]=1530.0, toolType[0]=TOOL_TYPE_UNKNOWN, buttonState=0, metaState=0, flags=0x0, edgeFlags=0x0, pointerCount=1, historySize=0, eventTime=854748622, downTime=854748622, deviceId=0, source=0x1002 }
08-06 05:25:32.217  3364  3364 D AndroidRuntime: Shutting down VM
08-06 05:25:32.238   918  4400 I ActivityManager: START u0 {cmp=baseline.appteam.nith.hillffair/.activities.LeaderBoardActivity} from uid 10697 on display 0
08-06 05:25:32.240   512  2967 D audio_hw_primary: out_set_parameters: enter: usecase(1: low-latency-playback) kvpairs: routing=2
08-06 05:25:32.253   512  2967 D audio_hw_primary: select_devices: out_snd_device(2: speaker) in_snd_device(0: none)
08-06 05:25:32.253   512  2967 D msm8974_platform: platform_send_audio_calibration: sending audio calibration for snd_device(2) acdb_id(15)
08-06 05:25:32.254   512  2967 I soundtrigger: audio_extn_sound_trigger_update_device_status: device 0x2 of type 0 for Event 1
08-06 05:25:32.267   512  2967 D audio_hw_primary: enable_snd_device: snd_device(2: speaker)
08-06 05:25:32.269   512  2967 D audio_hw_primary: enable_audio_route: apply and update mixer path: low-latency-playback speaker
08-06 05:25:32.325   356   356 E RecyclerView: No adapter attached; skipping layout
08-06 05:25:32.331   356   356 E RecyclerView: No adapter attached; skipping layout
08-06 05:25:32.349   918   936 I ActivityManager: Displayed baseline.appteam.nith.hillffair/.activities.LeaderBoardActivity: +99ms
08-06 05:25:32.350 13866 13866 I GoogleInputMethodServic: GoogleInputMethodService.onFinishInput():3138 
08-06 05:25:32.350   356   356 E RecyclerView: No adapter attached; skipping layout
08-06 05:25:32.351 13866 13866 I GoogleInputMethodServic: GoogleInputMethodService.onStartInput():1808 
08-06 05:25:32.389   356   405 D OpenGLRenderer: endAllStagingAnimators on 0x7f801cb400 (RippleDrawable) with handle 0x7f7f29e200
08-06 05:25:32.448   356   368 I art     : Starting a blocking GC Explicit
08-06 05:25:32.474   356   368 I art     : Explicit concurrent mark sweep GC freed 6672(403KB) AllocSpace objects, 1(20KB) LOS objects, 23% free, 52MB/68MB, paused 629us total 26.585ms
08-06 05:25:32.487   356   368 I art     : Starting a blocking GC Explicit
08-06 05:25:32.518   356   368 I art     : Explicit concurrent mark sweep GC freed 275(11KB) AllocSpace objects, 0(0B) LOS objects, 23% free, 52MB/68MB, paused 886us total 30.381ms
08-06 05:25:32.531   356   368 I art     : Starting a blocking GC Explicit
08-06 05:25:32.562   356   368 I art     : Explicit concurrent mark sweep GC freed 6(192B) AllocSpace objects, 0(0B) LOS objects, 23% free, 52MB/68MB, paused 627us total 30.408ms
08-06 05:25:32.575   356   368 I art     : Starting a blocking GC Explicit
08-06 05:25:32.602   380   380 W SurfaceFlinger: couldn't log to binary event log: overflow.
08-06 05:25:32.606   356   368 I art     : Explicit concurrent mark sweep GC freed 6(192B) AllocSpace objects, 0(0B) LOS objects, 23% free, 52MB/68MB, paused 703us total 30.998ms
08-06 05:25:32.619   356   368 I art     : Starting a blocking GC Explicit
08-06 05:25:32.643   356   368 I art     : Explicit concurrent mark sweep GC freed 5(160B) AllocSpace objects, 0(0B) LOS objects, 23% free, 52MB/68MB, paused 606us total 24.190ms
08-06 05:25:32.819   512  2967 D audio_hw_primary: disable_audio_route: reset and update mixer path: low-latency-playback speaker
08-06 05:25:32.820   512  2967 D audio_hw_primary: disable_snd_device: snd_device(2: speaker)
08-06 05:25:32.829   512  2967 I soundtrigger: audio_extn_sound_trigger_update_device_status: device 0x2 of type 0 for Event 0
08-06 05:25:32.943   356   547 I art     : Starting a blocking GC Explicit
08-06 05:25:32.971   356   547 I art     : Explicit concurrent mark sweep GC freed 1536(88KB) AllocSpace objects, 1(20KB) LOS objects, 23% free, 52MB/68MB, paused 768us total 27.705ms
08-06 05:25:32.982   356   547 I art     : Starting a blocking GC Explicit
08-06 05:25:33.008   356   547 I art     : Explicit concurrent mark sweep GC freed 63(2160B) AllocSpace objects, 0(0B) LOS objects, 23% free, 52MB/68MB, paused 677us total 26.126ms
08-06 05:25:33.019   356   547 I art     : Starting a blocking GC Explicit
08-06 05:25:33.047   356   547 I art     : Explicit concurrent mark sweep GC freed 14(496B) AllocSpace objects, 0(0B) LOS objects, 23% free, 52MB/68MB, paused 757us total 27.148ms
08-06 05:25:33.058   356   547 I art     : Starting a blocking GC Explicit
08-06 05:25:33.085   356   547 I art     : Explicit concurrent mark sweep GC freed 899(66KB) AllocSpace objects, 2(120KB) LOS objects, 23% free, 53MB/69MB, paused 922us total 26.904ms
08-06 05:25:33.096   356   547 I art     : Starting a blocking GC Explicit
08-06 05:25:33.104   356  3387 D OkHttp  : --> GET https://api-hillfair-2k16.herokuapp.com/api/app/quiz/leaderboard?from=1 http/1.1
08-06 05:25:33.123   356   547 I art     : Explicit concurrent mark sweep GC freed 2251(132KB) AllocSpace objects, 1(80KB) LOS objects, 23% free, 53MB/69MB, paused 651us total 26.759ms
08-06 05:25:33.139   356  3387 D OkHttp  : <-- 200 OK https://api-hillfair-2k16.herokuapp.com/api/app/quiz/leaderboard?from=1 (35ms, 56744-byte body)
08-06 05:25:33.237   356   356 I NAPPA_EXPERIMENTATION: MetricNetworkRequestExecutionTime: REQUEST_DURATION_SYSTEM='950',REQUEST_DURATION_OKHTTP='35',REQUEST_SYNCHRONOUS='FALSE',RESPONSE_CODE='200',RESPONSE_METHOD='GET',RESPONSE_LENGTH_OKHTTP='56744',RESPONSE_LENGTH_HEADER='56744',REQUEST_PROTOCOL='http/1.1',REQUEST_URL='https://api-hillfair-2k16.herokuapp.com/api/app/quiz/leaderboard?from=1',
08-06 05:25:33.407   356  1074 I art     : Starting a blocking GC Explicit
08-06 05:25:33.441   356  1074 I art     : Explicit concurrent mark sweep GC freed 28097(1363KB) AllocSpace objects, 1(20KB) LOS objects, 23% free, 53MB/69MB, paused 764us total 33.893ms
08-06 05:25:33.455   356  1074 I art     : Starting a blocking GC Explicit
08-06 05:25:33.484   356  1074 I art     : Explicit concurrent mark sweep GC freed 127(4KB) AllocSpace objects, 0(0B) LOS objects, 23% free, 53MB/69MB, paused 629us total 28.879ms
08-06 05:25:33.495   356  1074 I art     : Starting a blocking GC Explicit
08-06 05:25:33.524   356  1074 I art     : Explicit concurrent mark sweep GC freed 3(96B) AllocSpace objects, 0(0B) LOS objects, 23% free, 53MB/69MB, paused 623us total 28.128ms
08-06 05:25:33.535   356  1074 I art     : Starting a blocking GC Explicit
08-06 05:25:33.564   356  1074 I art     : Explicit concurrent mark sweep GC freed 3(96B) AllocSpace objects, 0(0B) LOS objects, 23% free, 53MB/69MB, paused 634us total 29.020ms
08-06 05:25:33.576   356  1074 I art     : Starting a blocking GC Explicit
08-06 05:25:33.606   356  1074 I art     : Explicit concurrent mark sweep GC freed 3(96B) AllocSpace objects, 0(0B) LOS objects, 23% free, 53MB/69MB, paused 632us total 29.230ms
08-06 05:25:33.664 32067 32067 I Atfwd_Sendcmd: AtCmdFwd service not ready - Exhausted retry attempts - :6
08-06 05:25:33.664 32067 32067 I Atfwd_Daemon: result : -1 	 ,Init step :2 	 ,qmiErrorCode: 0
08-06 05:25:33.908   356   547 I art     : Starting a blocking GC Explicit
08-06 05:25:33.943   356   547 I art     : Explicit concurrent mark sweep GC freed 1344(78KB) AllocSpace objects, 1(20KB) LOS objects, 23% free, 53MB/69MB, paused 681us total 35.202ms
08-06 05:25:33.959   356   547 I art     : Starting a blocking GC Explicit
08-06 05:25:33.989   356   547 I art     : Explicit concurrent mark sweep GC freed 20(704B) AllocSpace objects, 0(0B) LOS objects, 23% free, 53MB/69MB, paused 650us total 30.036ms
08-06 05:25:34.001   356   547 I art     : Starting a blocking GC Explicit
08-06 05:25:34.034   356   547 I art     : Explicit concurrent mark sweep GC freed 3(96B) AllocSpace objects, 0(0B) LOS objects, 23% free, 53MB/69MB, paused 654us total 32.299ms
08-06 05:25:34.046   356   547 I art     : Starting a blocking GC Explicit
08-06 05:25:34.079   356   547 I art     : Explicit concurrent mark sweep GC freed 3(96B) AllocSpace objects, 0(0B) LOS objects, 23% free, 53MB/69MB, paused 664us total 32.247ms
08-06 05:25:34.091   356   547 I art     : Starting a blocking GC Explicit
08-06 05:25:34.122   356   547 I art     : Explicit concurrent mark sweep GC freed 3(96B) AllocSpace objects, 0(0B) LOS objects, 23% free, 53MB/69MB, paused 650us total 31.562ms
08-06 05:25:34.448   356   369 I art     : Starting a blocking GC Explicit
08-06 05:25:34.485   356   369 I art     : Explicit concurrent mark sweep GC freed 1344(78KB) AllocSpace objects, 1(20KB) LOS objects, 23% free, 53MB/69MB, paused 666us total 36.891ms
08-06 05:25:34.498   356   369 I art     : Starting a blocking GC Explicit
08-06 05:25:34.531   356   369 I art     : Explicit concurrent mark sweep GC freed 20(704B) AllocSpace objects, 0(0B) LOS objects, 23% free, 53MB/69MB, paused 650us total 32.401ms
08-06 05:25:34.543   356   369 I art     : Starting a blocking GC Explicit
08-06 05:25:34.575   356   369 I art     : Explicit concurrent mark sweep GC freed 3(96B) AllocSpace objects, 0(0B) LOS objects, 23% free, 53MB/69MB, paused 651us total 31.763ms
08-06 05:25:34.587   356   369 I art     : Starting a blocking GC Explicit
08-06 05:25:34.619   356   369 I art     : Explicit concurrent mark sweep GC freed 3(96B) AllocSpace objects, 0(0B) LOS objects, 23% free, 53MB/69MB, paused 659us total 31.196ms
08-06 05:25:34.631   356   369 I art     : Starting a blocking GC Explicit
08-06 05:25:34.663   356   369 I art     : Explicit concurrent mark sweep GC freed 3(96B) AllocSpace objects, 0(0B) LOS objects, 23% free, 53MB/69MB, paused 667us total 31.998ms
08-06 05:25:35.004   356   368 I art     : Starting a blocking GC Explicit
08-06 05:25:35.045   356   368 I art     : Explicit concurrent mark sweep GC freed 1344(78KB) AllocSpace objects, 1(20KB) LOS objects, 23% free, 53MB/69MB, paused 675us total 40.016ms
08-06 05:25:35.060   356   368 I art     : Starting a blocking GC Explicit
08-06 05:25:35.090   356   368 I art     : Explicit concurrent mark sweep GC freed 20(704B) AllocSpace objects, 0(0B) LOS objects, 23% free, 53MB/69MB, paused 587us total 29.951ms
08-06 05:25:35.102   356   368 I art     : Starting a blocking GC Explicit
08-06 05:25:35.135   356   368 I art     : Explicit concurrent mark sweep GC freed 3(96B) AllocSpace objects, 0(0B) LOS objects, 23% free, 53MB/69MB, paused 647us total 32.622ms
08-06 05:25:35.147   356   368 I art     : Starting a blocking GC Explicit
08-06 05:25:35.180   356   368 I art     : Explicit concurrent mark sweep GC freed 3(96B) AllocSpace objects, 0(0B) LOS objects, 23% free, 53MB/69MB, paused 643us total 32.179ms
08-06 05:25:35.192   356   368 I art     : Starting a blocking GC Explicit
08-06 05:25:35.223   356   368 I art     : Explicit concurrent mark sweep GC freed 3(96B) AllocSpace objects, 0(0B) LOS objects, 23% free, 53MB/69MB, paused 640us total 30.771ms
08-06 05:25:35.566   356  1074 I art     : Starting a blocking GC Explicit
08-06 05:25:35.597   356  1074 I art     : Explicit concurrent mark sweep GC freed 1723(98KB) AllocSpace objects, 1(20KB) LOS objects, 23% free, 53MB/69MB, paused 687us total 30.486ms
08-06 05:25:35.608   356  1074 I art     : Starting a blocking GC Explicit
08-06 05:25:35.639   356  1074 I art     : Explicit concurrent mark sweep GC freed 1922(75KB) AllocSpace objects, 0(0B) LOS objects, 23% free, 53MB/69MB, paused 747us total 29.910ms
08-06 05:25:35.650   356  1074 I art     : Starting a blocking GC Explicit
08-06 05:25:35.653   518   646 I ThermalEngine: ACTION: GPU - Setting GPU[0] to 510000000
08-06 05:25:35.664   356  3455 W OneSignal: OneSignalRestClient: POST Error thrown from network stack. 
08-06 05:25:35.664   356  3455 W OneSignal: java.io.IOException: unexpected end of stream on Connection{api.onesignal.com:443, proxy=HTTP@192.168.2.12:8080 hostAddress=192.168.2.12 cipherSuite=TLS_ECDHE_RSA_WITH_AES_128_GCM_SHA256 protocol=http/1.1} (recycle count=0)
08-06 05:25:35.664   356  3455 W OneSignal: 	at com.android.okhttp.internal.http.HttpConnection.readResponse(HttpConnection.java:210)
08-06 05:25:35.664   356  3455 W OneSignal: 	at com.android.okhttp.internal.http.HttpTransport.readResponseHeaders(HttpTransport.java:80)
08-06 05:25:35.664   356  3455 W OneSignal: 	at com.android.okhttp.internal.http.HttpEngine.readNetworkResponse(HttpEngine.java:904)
08-06 05:25:35.664   356  3455 W OneSignal: 	at com.android.okhttp.internal.http.HttpEngine.readResponse(HttpEngine.java:788)
08-06 05:25:35.664   356  3455 W OneSignal: 	at com.android.okhttp.internal.huc.HttpURLConnectionImpl.execute(HttpURLConnectionImpl.java:439)
08-06 05:25:35.664   356  3455 W OneSignal: 	at com.android.okhttp.internal.huc.HttpURLConnectionImpl.getResponse(HttpURLConnectionImpl.java:384)
08-06 05:25:35.664   356  3455 W OneSignal: 	at com.android.okhttp.internal.huc.HttpURLConnectionImpl.getResponseCode(HttpURLConnectionImpl.java:497)
08-06 05:25:35.664   356  3455 W OneSignal: 	at com.android.okhttp.internal.huc.DelegatingHttpsURLConnection.getResponseCode(DelegatingHttpsURLConnection.java:105)
08-06 05:25:35.664   356  3455 W OneSignal: 	at com.android.okhttp.internal.huc.HttpsURLConnectionImpl.getResponseCode(HttpsURLConnectionImpl.java)
08-06 05:25:35.664   356  3455 W OneSignal: 	at com.onesignal.OneSignalRestClient.startHTTPConnection(OneSignalRestClient.java:180)
08-06 05:25:35.664   356  3455 W OneSignal: 	at com.onesignal.OneSignalRestClient.access$100(OneSignalRestClient.java:44)
08-06 05:25:35.664   356  3455 W OneSignal: 	at com.onesignal.OneSignalRestClient$4.run(OneSignalRestClient.java:110)
08-06 05:25:35.664   356  3455 W OneSignal: 	at java.lang.Thread.run(Thread.java:818)
08-06 05:25:35.664   356  3455 W OneSignal: Caused by: java.io.EOFException: \n not found: size=0 content=...
08-06 05:25:35.664   356  3455 W OneSignal: 	at com.android.okhttp.okio.RealBufferedSource.readUtf8LineStrict(RealBufferedSource.java:200)
08-06 05:25:35.664   356  3455 W OneSignal: 	at com.android.okhttp.internal.http.HttpConnection.readResponse(HttpConnection.java:191)
08-06 05:25:35.664   356  3455 W OneSignal: 	... 12 more
08-06 05:25:35.664   356  3460 W OneSignal: Failed last request. statusCode: -1
08-06 05:25:35.664   356  3460 W OneSignal: response: null
08-06 05:25:35.680   356  1074 I art     : Explicit concurrent mark sweep GC freed 213(49KB) AllocSpace objects, 0(0B) LOS objects, 23% free, 53MB/69MB, paused 653us total 29.580ms
08-06 05:25:35.691   356  1074 I art     : Starting a blocking GC Explicit
08-06 05:25:35.716   356  1074 I art     : Explicit concurrent mark sweep GC freed 237(25KB) AllocSpace objects, 0(0B) LOS objects, 23% free, 53MB/69MB, paused 458us total 24.436ms
08-06 05:25:35.725   356  1074 I art     : Starting a blocking GC Explicit
08-06 05:25:35.749   356  1074 I art     : Explicit concurrent mark sweep GC freed 3(96B) AllocSpace objects, 0(0B) LOS objects, 23% free, 53MB/69MB, paused 462us total 23.853ms
08-06 05:25:35.942   918  3261 D WifiStateMachine: starting scan for "H369AA63323"WPA_PSK with 2412,5180
08-06 05:25:36.079   356   547 I art     : Starting a blocking GC Explicit
08-06 05:25:36.112   356   547 I art     : Explicit concurrent mark sweep GC freed 1344(78KB) AllocSpace objects, 1(20KB) LOS objects, 23% free, 53MB/69MB, paused 548us total 32.973ms
08-06 05:25:36.126   356   547 I art     : Starting a blocking GC Explicit
08-06 05:25:36.153   356   547 I art     : Explicit concurrent mark sweep GC freed 20(704B) AllocSpace objects, 0(0B) LOS objects, 23% free, 53MB/69MB, paused 436us total 26.070ms
08-06 05:25:36.162   356   547 I art     : Starting a blocking GC Explicit
08-06 05:25:36.186   356   547 I art     : Explicit concurrent mark sweep GC freed 3(96B) AllocSpace objects, 0(0B) LOS objects, 23% free, 53MB/69MB, paused 471us total 23.620ms
08-06 05:25:36.195   356   547 I art     : Starting a blocking GC Explicit
08-06 05:25:36.219   356   547 I art     : Explicit concurrent mark sweep GC freed 3(96B) AllocSpace objects, 0(0B) LOS objects, 23% free, 53MB/69MB, paused 452us total 23.291ms
08-06 05:25:36.228   356   547 I art     : Starting a blocking GC Explicit
08-06 05:25:36.252   356   547 I art     : Explicit concurrent mark sweep GC freed 3(96B) AllocSpace objects, 0(0B) LOS objects, 23% free, 53MB/69MB, paused 465us total 23.511ms
08-06 05:25:36.556   356   369 I art     : Starting a blocking GC Explicit
08-06 05:25:36.580   356   369 I art     : Explicit concurrent mark sweep GC freed 1344(78KB) AllocSpace objects, 1(20KB) LOS objects, 23% free, 53MB/69MB, paused 476us total 23.560ms
08-06 05:25:36.589   356   369 I art     : Starting a blocking GC Explicit
08-06 05:25:36.612   356   369 I art     : Explicit concurrent mark sweep GC freed 20(704B) AllocSpace objects, 0(0B) LOS objects, 23% free, 53MB/69MB, paused 468us total 22.577ms
08-06 05:25:36.620   356   369 I art     : Starting a blocking GC Explicit
08-06 05:25:36.642   356   369 I art     : Explicit concurrent mark sweep GC freed 3(96B) AllocSpace objects, 0(0B) LOS objects, 23% free, 53MB/69MB, paused 486us total 21.786ms
08-06 05:25:36.651   356   369 I art     : Starting a blocking GC Explicit
08-06 05:25:36.674   356   369 I art     : Explicit concurrent mark sweep GC freed 3(96B) AllocSpace objects, 0(0B) LOS objects, 23% free, 53MB/69MB, paused 493us total 22.101ms
08-06 05:25:36.682   356   369 I art     : Starting a blocking GC Explicit
08-06 05:25:36.705   356   369 I art     : Explicit concurrent mark sweep GC freed 3(96B) AllocSpace objects, 0(0B) LOS objects, 23% free, 53MB/69MB, paused 465us total 21.907ms
08-06 05:25:36.888  3476  3476 D AndroidRuntime: >>>>>> START com.android.internal.os.RuntimeInit uid 2000 <<<<<<
08-06 05:25:36.893  3476  3476 D AndroidRuntime: CheckJNI is OFF
08-06 05:25:36.924  3476  3476 D ICU     : No timezone override file found: /data/misc/zoneinfo/current/icu/icu_tzdata.dat
08-06 05:25:36.957  3476  3476 I Radio-JNI: register_android_hardware_Radio DONE
08-06 05:25:36.979  3476  3476 D AndroidRuntime: Calling main entry com.android.commands.input.Input
08-06 05:25:36.981  3476  3476 I Input   : injectKeyEvent: KeyEvent { action=ACTION_DOWN, keyCode=KEYCODE_BACK, scanCode=0, metaState=0, flags=0x0, repeatCount=0, eventTime=854753394, downTime=854753394, deviceId=-1, source=0x101 }
08-06 05:25:36.986  3476  3476 I Input   : injectKeyEvent: KeyEvent { action=ACTION_UP, keyCode=KEYCODE_BACK, scanCode=0, metaState=0, flags=0x0, repeatCount=0, eventTime=854753394, downTime=854753394, deviceId=-1, source=0x101 }
08-06 05:25:36.991  3476  3476 D AndroidRuntime: Shutting down VM
08-06 05:25:37.018   356   368 I art     : Starting a blocking GC Explicit
08-06 05:25:37.031 13866 13866 I GoogleInputMethodServic: GoogleInputMethodService.onFinishInput():3138 
08-06 05:25:37.032 13866 13866 I GoogleInputMethodServic: GoogleInputMethodService.onStartInput():1808 
08-06 05:25:37.042   356   368 I art     : Explicit concurrent mark sweep GC freed 1463(83KB) AllocSpace objects, 1(20KB) LOS objects, 23% free, 53MB/69MB, paused 489us total 24.121ms
08-06 05:25:37.054   356   368 I art     : Starting a blocking GC Explicit
08-06 05:25:37.078   356   368 I art     : Explicit concurrent mark sweep GC freed 41(1520B) AllocSpace objects, 0(0B) LOS objects, 23% free, 53MB/69MB, paused 440us total 23.343ms
08-06 05:25:37.086   356   368 I art     : Starting a blocking GC Explicit
08-06 05:25:37.105   356   368 I art     : Explicit concurrent mark sweep GC freed 7(256B) AllocSpace objects, 0(0B) LOS objects, 23% free, 53MB/69MB, paused 416us total 19.282ms
08-06 05:25:37.114   356   368 I art     : Starting a blocking GC Explicit
08-06 05:25:37.134   356   368 I art     : Explicit concurrent mark sweep GC freed 3(96B) AllocSpace objects, 0(0B) LOS objects, 23% free, 53MB/69MB, paused 438us total 19.946ms
08-06 05:25:37.142   356   368 I art     : Starting a blocking GC Explicit
08-06 05:25:37.165   356   368 I art     : Explicit concurrent mark sweep GC freed 3(96B) AllocSpace objects, 0(0B) LOS objects, 23% free, 53MB/69MB, paused 414us total 23.143ms
08-06 05:25:37.322   380   380 W SurfaceFlinger: couldn't log to binary event log: overflow.
08-06 05:25:37.424   356  1074 I art     : Starting a blocking GC Explicit
08-06 05:25:37.450   356  1074 I art     : Explicit concurrent mark sweep GC freed 1463(87KB) AllocSpace objects, 1(20KB) LOS objects, 23% free, 53MB/69MB, paused 491us total 25.604ms
08-06 05:25:37.459   356  1074 I art     : Starting a blocking GC Explicit
08-06 05:25:37.482   356  1074 I art     : Explicit concurrent mark sweep GC freed 4698(269KB) AllocSpace objects, 2(140KB) LOS objects, 23% free, 52MB/68MB, paused 461us total 22.914ms
08-06 05:25:37.491   356  1074 I art     : Starting a blocking GC Explicit
08-06 05:25:37.513   356  1074 I art     : Explicit concurrent mark sweep GC freed 3(96B) AllocSpace objects, 0(0B) LOS objects, 23% free, 52MB/68MB, paused 462us total 21.766ms
08-06 05:25:37.522   356  1074 I art     : Starting a blocking GC Explicit
08-06 05:25:37.544   356  1074 I art     : Explicit concurrent mark sweep GC freed 3(96B) AllocSpace objects, 0(0B) LOS objects, 23% free, 52MB/68MB, paused 503us total 21.763ms
08-06 05:25:37.553   356  1074 I art     : Starting a blocking GC Explicit
08-06 05:25:37.575   356  1074 I art     : Explicit concurrent mark sweep GC freed 3(96B) AllocSpace objects, 0(0B) LOS objects, 23% free, 52MB/68MB, paused 485us total 21.467ms
08-06 05:25:37.875   356   547 I art     : Starting a blocking GC Explicit
08-06 05:25:37.903   356   547 I art     : Explicit concurrent mark sweep GC freed 1344(78KB) AllocSpace objects, 1(20KB) LOS objects, 23% free, 52MB/68MB, paused 488us total 27.913ms
08-06 05:25:37.917   356   547 I art     : Starting a blocking GC Explicit
08-06 05:25:37.939   356   547 I art     : Explicit concurrent mark sweep GC freed 20(704B) AllocSpace objects, 0(0B) LOS objects, 23% free, 52MB/68MB, paused 460us total 22.420ms
08-06 05:25:37.948   356   547 I art     : Starting a blocking GC Explicit
08-06 05:25:37.971   356   547 I art     : Explicit concurrent mark sweep GC freed 3(96B) AllocSpace objects, 0(0B) LOS objects, 23% free, 52MB/68MB, paused 514us total 22.360ms
08-06 05:25:37.980   356   547 I art     : Starting a blocking GC Explicit
08-06 05:25:38.002   356   547 I art     : Explicit concurrent mark sweep GC freed 3(96B) AllocSpace objects, 0(0B) LOS objects, 23% free, 52MB/68MB, paused 477us total 21.549ms
08-06 05:25:38.011   356   547 I art     : Starting a blocking GC Explicit
08-06 05:25:38.033   356   547 I art     : Explicit concurrent mark sweep GC freed 3(96B) AllocSpace objects, 0(0B) LOS objects, 23% free, 52MB/68MB, paused 455us total 21.259ms
08-06 05:25:38.317   356   368 I art     : Starting a blocking GC Explicit
08-06 05:25:38.339   356   368 I art     : Explicit concurrent mark sweep GC freed 1343(78KB) AllocSpace objects, 1(20KB) LOS objects, 23% free, 52MB/68MB, paused 536us total 21.653ms
08-06 05:25:38.348   356   368 I art     : Starting a blocking GC Explicit
08-06 05:25:38.368   356   368 I art     : Explicit concurrent mark sweep GC freed 20(704B) AllocSpace objects, 0(0B) LOS objects, 23% free, 52MB/68MB, paused 439us total 19.311ms
08-06 05:25:38.376   356   368 I art     : Starting a blocking GC Explicit
08-06 05:25:38.397   356   368 I art     : Explicit concurrent mark sweep GC freed 3(96B) AllocSpace objects, 0(0B) LOS objects, 23% free, 52MB/68MB, paused 462us total 20.561ms
08-06 05:25:38.405   356   368 I art     : Starting a blocking GC Explicit
08-06 05:25:38.426   356   368 I art     : Explicit concurrent mark sweep GC freed 3(96B) AllocSpace objects, 0(0B) LOS objects, 23% free, 52MB/68MB, paused 466us total 20.416ms
08-06 05:25:38.434   356   368 I art     : Starting a blocking GC Explicit
08-06 05:25:38.455   356   368 I art     : Explicit concurrent mark sweep GC freed 3(96B) AllocSpace objects, 0(0B) LOS objects, 23% free, 52MB/68MB, paused 478us total 20.755ms
08-06 05:25:38.654  3530  3530 D AndroidRuntime: >>>>>> START com.android.internal.os.RuntimeInit uid 2000 <<<<<<
08-06 05:25:38.659  3530  3530 D AndroidRuntime: CheckJNI is OFF
08-06 05:25:38.693  3530  3530 D ICU     : No timezone override file found: /data/misc/zoneinfo/current/icu/icu_tzdata.dat
08-06 05:25:38.725  3530  3530 I Radio-JNI: register_android_hardware_Radio DONE
08-06 05:25:38.727   356   368 I art     : Starting a blocking GC Explicit
08-06 05:25:38.748  3530  3530 D AndroidRuntime: Calling main entry com.android.commands.input.Input
08-06 05:25:38.750   356   368 I art     : Explicit concurrent mark sweep GC freed 1360(78KB) AllocSpace objects, 1(20KB) LOS objects, 23% free, 52MB/68MB, paused 523us total 22.537ms
08-06 05:25:38.750  3530  3530 I Input   : injectKeyEvent: KeyEvent { action=ACTION_DOWN, keyCode=KEYCODE_BACK, scanCode=0, metaState=0, flags=0x0, repeatCount=0, eventTime=854755163, downTime=854755163, deviceId=-1, source=0x101 }
08-06 05:25:38.754  3530  3530 I Input   : injectKeyEvent: KeyEvent { action=ACTION_UP, keyCode=KEYCODE_BACK, scanCode=0, metaState=0, flags=0x0, repeatCount=0, eventTime=854755163, downTime=854755163, deviceId=-1, source=0x101 }
08-06 05:25:38.758   356   368 I art     : Starting a blocking GC Explicit
08-06 05:25:38.759  3530  3530 D AndroidRuntime: Shutting down VM
08-06 05:25:38.780   356   368 I art     : Explicit concurrent mark sweep GC freed 43(1552B) AllocSpace objects, 0(0B) LOS objects, 23% free, 52MB/68MB, paused 413us total 21.847ms
08-06 05:25:38.788   356   368 I art     : Starting a blocking GC Explicit
08-06 05:25:38.808   356   368 I art     : Explicit concurrent mark sweep GC freed 127(5KB) AllocSpace objects, 0(0B) LOS objects, 23% free, 52MB/68MB, paused 551us total 19.870ms
08-06 05:25:38.817   356   368 I art     : Starting a blocking GC Explicit
08-06 05:25:38.836   356   368 I art     : Explicit concurrent mark sweep GC freed 4(128B) AllocSpace objects, 0(0B) LOS objects, 23% free, 52MB/68MB, paused 458us total 18.805ms
08-06 05:25:38.847   356   368 I art     : Starting a blocking GC Explicit
08-06 05:25:38.856 13866 13866 I GoogleInputMethodServic: GoogleInputMethodService.onFinishInput():3138 
08-06 05:25:38.858 13866 13866 I GoogleInputMethodServic: GoogleInputMethodService.onStartInput():1808 
08-06 05:25:38.869   356   368 I art     : Explicit concurrent mark sweep GC freed 54(1920B) AllocSpace objects, 0(0B) LOS objects, 23% free, 52MB/68MB, paused 470us total 22.574ms
08-06 05:25:39.124   380   380 W SurfaceFlinger: couldn't log to binary event log: overflow.
08-06 05:25:39.150   356   369 I art     : Starting a blocking GC Explicit
08-06 05:25:39.173   356   369 I art     : Explicit concurrent mark sweep GC freed 1465(87KB) AllocSpace objects, 1(20KB) LOS objects, 23% free, 52MB/68MB, paused 570us total 22.425ms
08-06 05:25:39.182   356   369 I art     : Starting a blocking GC Explicit
08-06 05:25:39.203   356   369 I art     : Explicit concurrent mark sweep GC freed 2078(121KB) AllocSpace objects, 2(180KB) LOS objects, 23% free, 52MB/68MB, paused 442us total 20.508ms
08-06 05:25:39.211   356   369 I art     : Starting a blocking GC Explicit
08-06 05:25:39.232   356   369 I art     : Explicit concurrent mark sweep GC freed 3(96B) AllocSpace objects, 0(0B) LOS objects, 23% free, 52MB/68MB, paused 470us total 20.020ms
08-06 05:25:39.240   356   369 I art     : Starting a blocking GC Explicit
08-06 05:25:39.261   356   369 I art     : Explicit concurrent mark sweep GC freed 3(96B) AllocSpace objects, 0(0B) LOS objects, 23% free, 52MB/68MB, paused 457us total 20.794ms
08-06 05:25:39.270   356   369 I art     : Starting a blocking GC Explicit
08-06 05:25:39.292   356   369 I art     : Explicit concurrent mark sweep GC freed 3(96B) AllocSpace objects, 0(0B) LOS objects, 23% free, 52MB/68MB, paused 461us total 21.168ms
08-06 05:25:39.577   356   547 I art     : Starting a blocking GC Explicit
08-06 05:25:39.604   356   547 I art     : Explicit concurrent mark sweep GC freed 1343(78KB) AllocSpace objects, 1(20KB) LOS objects, 23% free, 52MB/68MB, paused 506us total 26.460ms
08-06 05:25:39.616   356   547 I art     : Starting a blocking GC Explicit
08-06 05:25:39.642   356   547 I art     : Explicit concurrent mark sweep GC freed 20(704B) AllocSpace objects, 0(0B) LOS objects, 23% free, 52MB/68MB, paused 440us total 25.151ms
08-06 05:25:39.650   356   547 I art     : Starting a blocking GC Explicit
08-06 05:25:39.672   356   547 I art     : Explicit concurrent mark sweep GC freed 3(96B) AllocSpace objects, 0(0B) LOS objects, 23% free, 52MB/68MB, paused 507us total 21.310ms
08-06 05:25:39.681   356   547 I art     : Starting a blocking GC Explicit
08-06 05:25:39.702   356   547 I art     : Explicit concurrent mark sweep GC freed 3(96B) AllocSpace objects, 0(0B) LOS objects, 23% free, 52MB/68MB, paused 452us total 20.627ms
08-06 05:25:39.711   356   547 I art     : Starting a blocking GC Explicit
08-06 05:25:39.732   356   547 I art     : Explicit concurrent mark sweep GC freed 3(96B) AllocSpace objects, 0(0B) LOS objects, 23% free, 52MB/68MB, paused 451us total 20.869ms
08-06 05:25:40.031   356  1074 I art     : Starting a blocking GC Explicit
08-06 05:25:40.053   356  1074 I art     : Explicit concurrent mark sweep GC freed 1341(78KB) AllocSpace objects, 1(20KB) LOS objects, 23% free, 52MB/68MB, paused 468us total 21.380ms
08-06 05:25:40.062   356  1074 I art     : Starting a blocking GC Explicit
08-06 05:25:40.083   356  1074 I art     : Explicit concurrent mark sweep GC freed 41(1712B) AllocSpace objects, 0(0B) LOS objects, 23% free, 52MB/68MB, paused 511us total 21.117ms
08-06 05:25:40.091   356  1074 I art     : Starting a blocking GC Explicit
08-06 05:25:40.112   356  1074 I art     : Explicit concurrent mark sweep GC freed 19(608B) AllocSpace objects, 0(0B) LOS objects, 23% free, 52MB/68MB, paused 480us total 19.895ms
08-06 05:25:40.120   356  1074 I art     : Starting a blocking GC Explicit
08-06 05:25:40.140   356  1074 I art     : Explicit concurrent mark sweep GC freed 3(96B) AllocSpace objects, 0(0B) LOS objects, 23% free, 52MB/68MB, paused 449us total 20.054ms
08-06 05:25:40.149   356  1074 I art     : Starting a blocking GC Explicit
08-06 05:25:40.168   356  1074 I art     : Explicit concurrent mark sweep GC freed 3(96B) AllocSpace objects, 0(0B) LOS objects, 23% free, 52MB/68MB, paused 445us total 19.488ms
08-06 05:25:40.402  3587  3587 D AndroidRuntime: >>>>>> START com.android.internal.os.RuntimeInit uid 2000 <<<<<<
08-06 05:25:40.407  3587  3587 D AndroidRuntime: CheckJNI is OFF
08-06 05:25:40.441  3587  3587 D ICU     : No timezone override file found: /data/misc/zoneinfo/current/icu/icu_tzdata.dat
08-06 05:25:40.444   356   368 I art     : Starting a blocking GC Explicit
08-06 05:25:40.465   356   368 I art     : Explicit concurrent mark sweep GC freed 1341(78KB) AllocSpace objects, 1(20KB) LOS objects, 23% free, 52MB/68MB, paused 474us total 21.077ms
08-06 05:25:40.474   356   368 I art     : Starting a blocking GC Explicit
08-06 05:25:40.478  3587  3587 I Radio-JNI: register_android_hardware_Radio DONE
08-06 05:25:40.495   356   368 I art     : Explicit concurrent mark sweep GC freed 20(704B) AllocSpace objects, 0(0B) LOS objects, 23% free, 52MB/68MB, paused 463us total 20.294ms
08-06 05:25:40.501  3587  3587 D AndroidRuntime: Calling main entry com.android.commands.input.Input
08-06 05:25:40.503  3587  3587 I Input   : injectMotionEvent: MotionEvent { action=ACTION_DOWN, actionButton=0, id[0]=0, x[0]=1084.0, y[0]=2213.0, toolType[0]=TOOL_TYPE_UNKNOWN, buttonState=0, metaState=0, flags=0x0, edgeFlags=0x0, pointerCount=1, historySize=0, eventTime=854756916, downTime=854756916, deviceId=0, source=0x1002 }
08-06 05:25:40.503   356   368 I art     : Starting a blocking GC Explicit
08-06 05:25:40.511  3587  3587 I Input   : injectMotionEvent: MotionEvent { action=ACTION_UP, actionButton=0, id[0]=0, x[0]=1084.0, y[0]=2213.0, toolType[0]=TOOL_TYPE_UNKNOWN, buttonState=0, metaState=0, flags=0x0, edgeFlags=0x0, pointerCount=1, historySize=0, eventTime=854756916, downTime=854756916, deviceId=0, source=0x1002 }
08-06 05:25:40.514   918   929 I ActivityManager: START u0 {cmp=baseline.appteam.nith.hillffair/.activities.EventActivity} from uid 10697 on display 0
08-06 05:25:40.522  3587  3587 D AndroidRuntime: Shutting down VM
08-06 05:25:40.523   356   368 I art     : Explicit concurrent mark sweep GC freed 20(4KB) AllocSpace objects, 0(0B) LOS objects, 23% free, 52MB/68MB, paused 528us total 19.357ms
08-06 05:25:40.531   356   368 I art     : Starting a blocking GC Explicit
08-06 05:25:40.553   356   368 I art     : Explicit concurrent mark sweep GC freed 4470(256KB) AllocSpace objects, 0(0B) LOS objects, 23% free, 52MB/68MB, paused 831us total 21.576ms
08-06 05:25:40.561   356   368 I art     : Starting a blocking GC Explicit
08-06 05:25:40.581   356   368 I art     : Explicit concurrent mark sweep GC freed 342(29KB) AllocSpace objects, 0(0B) LOS objects, 23% free, 52MB/68MB, paused 580us total 18.980ms
08-06 05:25:40.598 13866 13866 I GoogleInputMethodServic: GoogleInputMethodService.onFinishInput():3138 
08-06 05:25:40.599 13866 13866 I GoogleInputMethodServic: GoogleInputMethodService.onStartInput():1808 
08-06 05:25:40.622   918   936 I ActivityManager: Displayed baseline.appteam.nith.hillffair/.activities.EventActivity: +99ms
08-06 05:25:40.832   356   369 I art     : Starting a blocking GC Explicit
08-06 05:25:40.858   356   369 I art     : Explicit concurrent mark sweep GC freed 1583(90KB) AllocSpace objects, 1(20KB) LOS objects, 23% free, 52MB/68MB, paused 563us total 25.614ms
08-06 05:25:40.860   380   380 W SurfaceFlinger: couldn't log to binary event log: overflow.
08-06 05:25:40.870   356   369 I art     : Starting a blocking GC Explicit
08-06 05:25:40.890   356   369 I art     : Explicit concurrent mark sweep GC freed 32(1104B) AllocSpace objects, 0(0B) LOS objects, 23% free, 52MB/68MB, paused 488us total 19.237ms
08-06 05:25:40.898   356   369 I art     : Starting a blocking GC Explicit
08-06 05:25:40.917   356   369 I art     : Explicit concurrent mark sweep GC freed 3(96B) AllocSpace objects, 0(0B) LOS objects, 23% free, 52MB/68MB, paused 519us total 18.606ms
08-06 05:25:40.925   356   369 I art     : Starting a blocking GC Explicit
08-06 05:25:40.944   356   369 I art     : Explicit concurrent mark sweep GC freed 3(96B) AllocSpace objects, 0(0B) LOS objects, 23% free, 52MB/68MB, paused 449us total 18.789ms
08-06 05:25:40.952   356   369 I art     : Starting a blocking GC Explicit
08-06 05:25:40.971   356   369 I art     : Explicit concurrent mark sweep GC freed 3(96B) AllocSpace objects, 0(0B) LOS objects, 23% free, 52MB/68MB, paused 455us total 19.175ms
08-06 05:25:41.267   356  1074 I art     : Starting a blocking GC Explicit
08-06 05:25:41.290   356  1074 I art     : Explicit concurrent mark sweep GC freed 1467(85KB) AllocSpace objects, 1(20KB) LOS objects, 23% free, 52MB/68MB, paused 518us total 22.401ms
08-06 05:25:41.299   356  1074 I art     : Starting a blocking GC Explicit
08-06 05:25:41.320   356  1074 I art     : Explicit concurrent mark sweep GC freed 62(2112B) AllocSpace objects, 0(0B) LOS objects, 23% free, 52MB/68MB, paused 491us total 21.097ms
08-06 05:25:41.330   356  1074 I art     : Starting a blocking GC Explicit
08-06 05:25:41.350   356  1074 I art     : Explicit concurrent mark sweep GC freed 13(480B) AllocSpace objects, 0(0B) LOS objects, 23% free, 52MB/68MB, paused 507us total 20.107ms
08-06 05:25:41.358   356  1074 I art     : Starting a blocking GC Explicit
08-06 05:25:41.380   356  1074 I art     : Explicit concurrent mark sweep GC freed 891(65KB) AllocSpace objects, 2(120KB) LOS objects, 23% free, 52MB/68MB, paused 693us total 21.099ms
08-06 05:25:41.388   356  1074 I art     : Starting a blocking GC Explicit
08-06 05:25:41.402   356  3613 D OkHttp  : --> GET https://api-hillfair-2k16.herokuapp.com/api/app/club http/1.1
08-06 05:25:41.410   356  1074 I art     : Explicit concurrent mark sweep GC freed 2142(129KB) AllocSpace objects, 1(80KB) LOS objects, 23% free, 52MB/68MB, paused 526us total 21.309ms
08-06 05:25:41.433   356  3613 D OkHttp  : <-- 200 OK https://api-hillfair-2k16.herokuapp.com/api/app/club (30ms, 1870-byte body)
08-06 05:25:41.444   356   356 I NAPPA_EXPERIMENTATION: MetricNetworkRequestExecutionTime: REQUEST_DURATION_SYSTEM='897',REQUEST_DURATION_OKHTTP='30',REQUEST_SYNCHRONOUS='FALSE',RESPONSE_CODE='200',RESPONSE_METHOD='GET',RESPONSE_LENGTH_OKHTTP='1870',RESPONSE_LENGTH_HEADER='1870',REQUEST_PROTOCOL='http/1.1',REQUEST_URL='https://api-hillfair-2k16.herokuapp.com/api/app/club',
08-06 05:25:41.665   518   646 I ThermalEngine: ACTION: GPU - Setting GPU[0] to 450000000
08-06 05:25:41.702   356   547 I art     : Starting a blocking GC Explicit
08-06 05:25:41.732   356   547 I art     : Explicit concurrent mark sweep GC freed 5015(495KB) AllocSpace objects, 1(20KB) LOS objects, 23% free, 53MB/69MB, paused 774us total 30.050ms
08-06 05:25:41.744   356   547 I art     : Starting a blocking GC Explicit
08-06 05:25:41.772   356   547 I art     : Explicit concurrent mark sweep GC freed 292(10KB) AllocSpace objects, 0(0B) LOS objects, 23% free, 53MB/69MB, paused 821us total 27.813ms
08-06 05:25:41.783   356   547 I art     : Starting a blocking GC Explicit
08-06 05:25:41.811   356   547 I art     : Explicit concurrent mark sweep GC freed 3(96B) AllocSpace objects, 0(0B) LOS objects, 23% free, 53MB/69MB, paused 823us total 27.697ms
08-06 05:25:41.822   356   547 I art     : Starting a blocking GC Explicit
08-06 05:25:41.852   356   547 I art     : Explicit concurrent mark sweep GC freed 3(96B) AllocSpace objects, 0(0B) LOS objects, 23% free, 53MB/69MB, paused 799us total 29.266ms
08-06 05:25:41.863   356   547 I art     : Starting a blocking GC Explicit
08-06 05:25:41.893   356   547 I art     : Explicit concurrent mark sweep GC freed 3(96B) AllocSpace objects, 0(0B) LOS objects, 23% free, 53MB/69MB, paused 819us total 29.472ms
08-06 05:25:42.190   356   369 I art     : Starting a blocking GC Explicit
08-06 05:25:42.220   356   369 I art     : Explicit concurrent mark sweep GC freed 9396(480KB) AllocSpace objects, 1(20KB) LOS objects, 23% free, 53MB/69MB, paused 697us total 29.504ms
08-06 05:25:42.231   356   369 I art     : Starting a blocking GC Explicit
08-06 05:25:42.257   356   369 I art     : Explicit concurrent mark sweep GC freed 302(78KB) AllocSpace objects, 0(0B) LOS objects, 23% free, 53MB/69MB, paused 636us total 25.518ms
08-06 05:25:42.267   356   369 I art     : Starting a blocking GC Explicit
08-06 05:25:42.292   356   369 I art     : Explicit concurrent mark sweep GC freed 18(576B) AllocSpace objects, 0(0B) LOS objects, 23% free, 53MB/69MB, paused 655us total 24.804ms
08-06 05:25:42.303   356   369 I art     : Starting a blocking GC Explicit
08-06 05:25:42.331   356   369 I art     : Explicit concurrent mark sweep GC freed 3(96B) AllocSpace objects, 0(0B) LOS objects, 23% free, 53MB/69MB, paused 668us total 28.163ms
08-06 05:25:42.342   356   369 I art     : Starting a blocking GC Explicit
08-06 05:25:42.371   356   369 I art     : Explicit concurrent mark sweep GC freed 3(96B) AllocSpace objects, 0(0B) LOS objects, 23% free, 53MB/69MB, paused 685us total 28.003ms
08-06 05:25:42.706   356   368 I art     : Starting a blocking GC Explicit
08-06 05:25:42.740   356   368 I art     : Explicit concurrent mark sweep GC freed 1344(78KB) AllocSpace objects, 1(20KB) LOS objects, 23% free, 53MB/69MB, paused 679us total 33.914ms
08-06 05:25:42.752   356   368 I art     : Starting a blocking GC Explicit
08-06 05:25:42.784   356   368 I art     : Explicit concurrent mark sweep GC freed 20(704B) AllocSpace objects, 0(0B) LOS objects, 23% free, 53MB/69MB, paused 710us total 31.838ms
08-06 05:25:42.796   356   368 I art     : Starting a blocking GC Explicit
08-06 05:25:42.828   356   368 I art     : Explicit concurrent mark sweep GC freed 3(96B) AllocSpace objects, 0(0B) LOS objects, 23% free, 53MB/69MB, paused 722us total 31.791ms
08-06 05:25:42.840   356   368 I art     : Starting a blocking GC Explicit
08-06 05:25:42.872   356   368 I art     : Explicit concurrent mark sweep GC freed 3(96B) AllocSpace objects, 0(0B) LOS objects, 23% free, 53MB/69MB, paused 683us total 31.903ms
08-06 05:25:42.884   356   368 I art     : Starting a blocking GC Explicit
08-06 05:25:42.915   356   368 I art     : Explicit concurrent mark sweep GC freed 3(96B) AllocSpace objects, 0(0B) LOS objects, 23% free, 53MB/69MB, paused 687us total 31.102ms
08-06 05:25:42.916   356   367 I art     : WaitForGcToComplete blocked for 11.809ms for cause HeapTrim
08-06 05:25:43.248   356  1074 I art     : Starting a blocking GC Explicit
08-06 05:25:43.290   356  1074 I art     : Explicit concurrent mark sweep GC freed 1344(78KB) AllocSpace objects, 1(20KB) LOS objects, 23% free, 53MB/69MB, paused 721us total 41.531ms
08-06 05:25:43.305   356  1074 I art     : Starting a blocking GC Explicit
08-06 05:25:43.336   356  1074 I art     : Explicit concurrent mark sweep GC freed 20(704B) AllocSpace objects, 0(0B) LOS objects, 23% free, 53MB/69MB, paused 663us total 30.196ms
08-06 05:25:43.348   356  1074 I art     : Starting a blocking GC Explicit
08-06 05:25:43.380   356  1074 I art     : Explicit concurrent mark sweep GC freed 3(96B) AllocSpace objects, 0(0B) LOS objects, 23% free, 53MB/69MB, paused 672us total 32.338ms
08-06 05:25:43.392   356  1074 I art     : Starting a blocking GC Explicit
08-06 05:25:43.424   356  1074 I art     : Explicit concurrent mark sweep GC freed 3(96B) AllocSpace objects, 0(0B) LOS objects, 23% free, 53MB/69MB, paused 713us total 31.743ms
08-06 05:25:43.436   356  1074 I art     : Starting a blocking GC Explicit
08-06 05:25:43.467   356  1074 I art     : Explicit concurrent mark sweep GC freed 3(96B) AllocSpace objects, 0(0B) LOS objects, 23% free, 53MB/69MB, paused 701us total 30.096ms
08-06 05:25:43.665 32067 32067 I ServiceManager: Waiting for service AtCmdFwd...
08-06 05:25:43.811   356   547 I art     : Starting a blocking GC Explicit
08-06 05:25:43.850   356   547 I art     : Explicit concurrent mark sweep GC freed 1344(78KB) AllocSpace objects, 1(20KB) LOS objects, 23% free, 53MB/69MB, paused 772us total 37.970ms
08-06 05:25:43.864   356   547 I art     : Starting a blocking GC Explicit
08-06 05:25:43.896   356   547 I art     : Explicit concurrent mark sweep GC freed 20(704B) AllocSpace objects, 0(0B) LOS objects, 23% free, 53MB/69MB, paused 653us total 32.002ms
08-06 05:25:43.908   356   547 I art     : Starting a blocking GC Explicit
08-06 05:25:43.940   356   547 I art     : Explicit concurrent mark sweep GC freed 3(96B) AllocSpace objects, 0(0B) LOS objects, 23% free, 53MB/69MB, paused 649us total 32.154ms
08-06 05:25:43.952   356   547 I art     : Starting a blocking GC Explicit
08-06 05:25:43.984   356   547 I art     : Explicit concurrent mark sweep GC freed 3(96B) AllocSpace objects, 0(0B) LOS objects, 23% free, 53MB/69MB, paused 692us total 31.671ms
08-06 05:25:43.996   356   547 I art     : Starting a blocking GC Explicit
08-06 05:25:44.028   356   547 I art     : Explicit concurrent mark sweep GC freed 3(96B) AllocSpace objects, 0(0B) LOS objects, 23% free, 53MB/69MB, paused 720us total 31.901ms
08-06 05:25:44.361   356   369 I art     : Starting a blocking GC Explicit
08-06 05:25:44.400   356   369 I art     : Explicit concurrent mark sweep GC freed 1365(79KB) AllocSpace objects, 1(20KB) LOS objects, 23% free, 53MB/69MB, paused 743us total 38.571ms
08-06 05:25:44.417   356   369 I art     : Starting a blocking GC Explicit
08-06 05:25:44.451   356   369 I art     : Explicit concurrent mark sweep GC freed 36(1216B) AllocSpace objects, 0(0B) LOS objects, 23% free, 53MB/69MB, paused 681us total 33.656ms
08-06 05:25:44.463   356   369 I art     : Starting a blocking GC Explicit
08-06 05:25:44.495   356   369 I art     : Explicit concurrent mark sweep GC freed 3(96B) AllocSpace objects, 0(0B) LOS objects, 23% free, 53MB/69MB, paused 664us total 31.716ms
08-06 05:25:44.507   356   369 I art     : Starting a blocking GC Explicit
08-06 05:25:44.539   356   369 I art     : Explicit concurrent mark sweep GC freed 3(96B) AllocSpace objects, 0(0B) LOS objects, 23% free, 53MB/69MB, paused 666us total 31.984ms
08-06 05:25:44.551   356   369 I art     : Starting a blocking GC Explicit
08-06 05:25:44.583   356   369 I art     : Explicit concurrent mark sweep GC freed 3(96B) AllocSpace objects, 0(0B) LOS objects, 23% free, 53MB/69MB, paused 682us total 31.725ms
08-06 05:25:44.666 32067 32067 I ServiceManager: Waiting for service AtCmdFwd...
08-06 05:25:44.670   518   646 I ThermalEngine: ACTION: GPU - Setting GPU[0] to 510000000
08-06 05:25:44.913   356   368 I art     : Starting a blocking GC Explicit
08-06 05:25:44.944   356   368 I art     : Explicit concurrent mark sweep GC freed 1344(78KB) AllocSpace objects, 1(20KB) LOS objects, 23% free, 53MB/69MB, paused 489us total 30.821ms
08-06 05:25:44.953   356   368 I art     : Starting a blocking GC Explicit
08-06 05:25:44.975   356   368 I art     : Explicit concurrent mark sweep GC freed 20(704B) AllocSpace objects, 0(0B) LOS objects, 23% free, 53MB/69MB, paused 491us total 22.049ms
08-06 05:25:44.984   356   368 I art     : Starting a blocking GC Explicit
08-06 05:25:45.006   356   368 I art     : Explicit concurrent mark sweep GC freed 3(96B) AllocSpace objects, 0(0B) LOS objects, 23% free, 53MB/69MB, paused 460us total 21.620ms
08-06 05:25:45.014   356   368 I art     : Starting a blocking GC Explicit
08-06 05:25:45.037   356   368 I art     : Explicit concurrent mark sweep GC freed 3(96B) AllocSpace objects, 0(0B) LOS objects, 23% free, 53MB/69MB, paused 487us total 22.844ms
08-06 05:25:45.046   356   368 I art     : Starting a blocking GC Explicit
08-06 05:25:45.070   356   368 I art     : Explicit concurrent mark sweep GC freed 3(96B) AllocSpace objects, 0(0B) LOS objects, 23% free, 53MB/69MB, paused 499us total 23.006ms
08-06 05:25:45.380   356  1074 I art     : Starting a blocking GC Explicit
08-06 05:25:45.409   356  1074 I art     : Explicit concurrent mark sweep GC freed 1344(78KB) AllocSpace objects, 1(20KB) LOS objects, 23% free, 53MB/69MB, paused 533us total 28.142ms
08-06 05:25:45.421   356  1074 I art     : Starting a blocking GC Explicit
08-06 05:25:45.444   356  1074 I art     : Explicit concurrent mark sweep GC freed 20(704B) AllocSpace objects, 0(0B) LOS objects, 23% free, 53MB/69MB, paused 511us total 23.193ms
08-06 05:25:45.453   356  1074 I art     : Starting a blocking GC Explicit
08-06 05:25:45.477   356  1074 I art     : Explicit concurrent mark sweep GC freed 3(96B) AllocSpace objects, 0(0B) LOS objects, 23% free, 53MB/69MB, paused 520us total 23.912ms
08-06 05:25:45.487   356  1074 I art     : Starting a blocking GC Explicit
08-06 05:25:45.510   356  1074 I art     : Explicit concurrent mark sweep GC freed 3(96B) AllocSpace objects, 0(0B) LOS objects, 23% free, 53MB/69MB, paused 470us total 22.938ms
08-06 05:25:45.519   356  1074 I art     : Starting a blocking GC Explicit
08-06 05:25:45.542   356  1074 I art     : Explicit concurrent mark sweep GC freed 3(96B) AllocSpace objects, 0(0B) LOS objects, 23% free, 53MB/69MB, paused 501us total 22.660ms
08-06 05:25:45.667 32067 32067 I ServiceManager: Waiting for service AtCmdFwd...
08-06 05:25:45.842   356   547 I art     : Starting a blocking GC Explicit
08-06 05:25:45.869   356   547 I art     : Explicit concurrent mark sweep GC freed 1344(78KB) AllocSpace objects, 1(20KB) LOS objects, 23% free, 53MB/69MB, paused 549us total 26.722ms
08-06 05:25:45.881   356   547 I art     : Starting a blocking GC Explicit
08-06 05:25:45.904   356   547 I art     : Explicit concurrent mark sweep GC freed 20(704B) AllocSpace objects, 0(0B) LOS objects, 23% free, 53MB/69MB, paused 474us total 22.680ms
08-06 05:25:45.914   356   547 I art     : Starting a blocking GC Explicit
08-06 05:25:45.938   356   547 I art     : Explicit concurrent mark sweep GC freed 3(96B) AllocSpace objects, 0(0B) LOS objects, 23% free, 53MB/69MB, paused 535us total 23.745ms
08-06 05:25:45.947   356   547 I art     : Starting a blocking GC Explicit
08-06 05:25:45.971   356   547 I art     : Explicit concurrent mark sweep GC freed 3(96B) AllocSpace objects, 0(0B) LOS objects, 23% free, 53MB/69MB, paused 503us total 23.689ms
08-06 05:25:45.980   356   547 I art     : Starting a blocking GC Explicit
08-06 05:25:46.004   356   547 I art     : Explicit concurrent mark sweep GC freed 3(96B) AllocSpace objects, 0(0B) LOS objects, 23% free, 53MB/69MB, paused 493us total 23.763ms
08-06 05:25:46.316   356   369 I art     : Starting a blocking GC Explicit
08-06 05:25:46.345   356   369 I art     : Explicit concurrent mark sweep GC freed 1344(78KB) AllocSpace objects, 1(20KB) LOS objects, 23% free, 53MB/69MB, paused 546us total 28.902ms
08-06 05:25:46.358   356   369 I art     : Starting a blocking GC Explicit
08-06 05:25:46.381   356   369 I art     : Explicit concurrent mark sweep GC freed 20(704B) AllocSpace objects, 0(0B) LOS objects, 23% free, 53MB/69MB, paused 470us total 23.220ms
08-06 05:25:46.390   356   369 I art     : Starting a blocking GC Explicit
08-06 05:25:46.413   356   369 I art     : Explicit concurrent mark sweep GC freed 3(96B) AllocSpace objects, 0(0B) LOS objects, 23% free, 53MB/69MB, paused 467us total 22.318ms
08-06 05:25:46.422   356   369 I art     : Starting a blocking GC Explicit
08-06 05:25:46.446   356   369 I art     : Explicit concurrent mark sweep GC freed 3(96B) AllocSpace objects, 0(0B) LOS objects, 23% free, 53MB/69MB, paused 503us total 23.540ms
08-06 05:25:46.455   356   369 I art     : Starting a blocking GC Explicit
08-06 05:25:46.479   356   369 I art     : Explicit concurrent mark sweep GC freed 3(96B) AllocSpace objects, 0(0B) LOS objects, 23% free, 53MB/69MB, paused 501us total 23.459ms
08-06 05:25:46.668 32067 32067 I ServiceManager: Waiting for service AtCmdFwd...
08-06 05:25:46.794   356   368 I art     : Starting a blocking GC Explicit
08-06 05:25:46.823   356   368 I art     : Explicit concurrent mark sweep GC freed 1344(78KB) AllocSpace objects, 1(20KB) LOS objects, 23% free, 53MB/69MB, paused 542us total 28.727ms
08-06 05:25:46.836   356   368 I art     : Starting a blocking GC Explicit
08-06 05:25:46.859   356   368 I art     : Explicit concurrent mark sweep GC freed 20(704B) AllocSpace objects, 0(0B) LOS objects, 23% free, 53MB/69MB, paused 516us total 23.355ms
08-06 05:25:46.868   356   368 I art     : Starting a blocking GC Explicit
08-06 05:25:46.891   356   368 I art     : Explicit concurrent mark sweep GC freed 3(96B) AllocSpace objects, 0(0B) LOS objects, 23% free, 53MB/69MB, paused 496us total 22.781ms
08-06 05:25:46.901   356   368 I art     : Starting a blocking GC Explicit
08-06 05:25:46.924   356   368 I art     : Explicit concurrent mark sweep GC freed 3(96B) AllocSpace objects, 0(0B) LOS objects, 23% free, 53MB/69MB, paused 516us total 23.180ms
08-06 05:25:46.933   356   368 I art     : Starting a blocking GC Explicit
08-06 05:25:46.957   356   368 I art     : Explicit concurrent mark sweep GC freed 3(96B) AllocSpace objects, 0(0B) LOS objects, 23% free, 53MB/69MB, paused 508us total 23.146ms
08-06 05:25:47.262   356  1074 I art     : Starting a blocking GC Explicit
08-06 05:25:47.291   356  1074 I art     : Explicit concurrent mark sweep GC freed 1344(78KB) AllocSpace objects, 1(20KB) LOS objects, 23% free, 53MB/69MB, paused 546us total 28.450ms
08-06 05:25:47.303   356  1074 I art     : Starting a blocking GC Explicit
08-06 05:25:47.327   356  1074 I art     : Explicit concurrent mark sweep GC freed 20(704B) AllocSpace objects, 0(0B) LOS objects, 23% free, 53MB/69MB, paused 544us total 23.879ms
08-06 05:25:47.337   356  1074 I art     : Starting a blocking GC Explicit
08-06 05:25:47.360   356  1074 I art     : Explicit concurrent mark sweep GC freed 3(96B) AllocSpace objects, 0(0B) LOS objects, 23% free, 53MB/69MB, paused 512us total 23.570ms
08-06 05:25:47.370   356  1074 I art     : Starting a blocking GC Explicit
08-06 05:25:47.393   356  1074 I art     : Explicit concurrent mark sweep GC freed 3(96B) AllocSpace objects, 0(0B) LOS objects, 23% free, 53MB/69MB, paused 506us total 23.228ms
08-06 05:25:47.402   356  1074 I art     : Starting a blocking GC Explicit
08-06 05:25:47.425   356  1074 I art     : Explicit concurrent mark sweep GC freed 3(96B) AllocSpace objects, 0(0B) LOS objects, 23% free, 53MB/69MB, paused 501us total 22.676ms
08-06 05:25:47.668 32067 32067 I ServiceManager: Waiting for service AtCmdFwd...
08-06 05:25:47.746   356   547 I art     : Starting a blocking GC Explicit
08-06 05:25:47.778   356   547 I art     : Explicit concurrent mark sweep GC freed 1344(78KB) AllocSpace objects, 1(20KB) LOS objects, 23% free, 53MB/69MB, paused 651us total 30.066ms
08-06 05:25:47.790   356   547 I art     : Starting a blocking GC Explicit
08-06 05:25:47.814   356   547 I art     : Explicit concurrent mark sweep GC freed 20(704B) AllocSpace objects, 0(0B) LOS objects, 23% free, 53MB/69MB, paused 492us total 24.134ms
08-06 05:25:47.823   356   547 I art     : Starting a blocking GC Explicit
08-06 05:25:47.847   356   547 I art     : Explicit concurrent mark sweep GC freed 3(96B) AllocSpace objects, 0(0B) LOS objects, 23% free, 53MB/69MB, paused 583us total 23.612ms
08-06 05:25:47.856   356   547 I art     : Starting a blocking GC Explicit
08-06 05:25:47.879   356   547 I art     : Explicit concurrent mark sweep GC freed 3(96B) AllocSpace objects, 0(0B) LOS objects, 23% free, 53MB/69MB, paused 473us total 22.948ms
08-06 05:25:47.888   356   547 I art     : Starting a blocking GC Explicit
08-06 05:25:47.912   356   547 I art     : Explicit concurrent mark sweep GC freed 3(96B) AllocSpace objects, 0(0B) LOS objects, 23% free, 53MB/69MB, paused 488us total 23.221ms
08-06 05:25:48.239   356   369 I art     : Starting a blocking GC Explicit
08-06 05:25:48.268   356   369 I art     : Explicit concurrent mark sweep GC freed 1344(78KB) AllocSpace objects, 1(20KB) LOS objects, 23% free, 53MB/69MB, paused 588us total 29.113ms
08-06 05:25:48.281   356   369 I art     : Starting a blocking GC Explicit
08-06 05:25:48.304   356   369 I art     : Explicit concurrent mark sweep GC freed 20(704B) AllocSpace objects, 0(0B) LOS objects, 23% free, 53MB/69MB, paused 483us total 22.611ms
08-06 05:25:48.304   356   367 I art     : WaitForGcToComplete blocked for 14.012ms for cause HeapTrim
08-06 05:25:48.313   356   369 I art     : Starting a blocking GC Explicit
08-06 05:25:48.336   356   369 I art     : Explicit concurrent mark sweep GC freed 3(96B) AllocSpace objects, 0(0B) LOS objects, 23% free, 53MB/69MB, paused 484us total 22.897ms
08-06 05:25:48.345   356   369 I art     : Starting a blocking GC Explicit
08-06 05:25:48.369   356   369 I art     : Explicit concurrent mark sweep GC freed 3(96B) AllocSpace objects, 0(0B) LOS objects, 23% free, 53MB/69MB, paused 496us total 23.586ms
08-06 05:25:48.378   356   369 I art     : Starting a blocking GC Explicit
08-06 05:25:48.401   356   369 I art     : Explicit concurrent mark sweep GC freed 3(96B) AllocSpace objects, 0(0B) LOS objects, 23% free, 53MB/69MB, paused 484us total 22.646ms
08-06 05:25:48.669 32067 32067 W Atfwd_Sendcmd: AtCmdFwd service not published, waiting... retryCnt : 1
08-06 05:25:48.709   356   368 I art     : Starting a blocking GC Explicit
08-06 05:25:48.738   356   368 I art     : Explicit concurrent mark sweep GC freed 1344(78KB) AllocSpace objects, 1(20KB) LOS objects, 23% free, 53MB/69MB, paused 607us total 28.875ms
08-06 05:25:48.751   356   368 I art     : Starting a blocking GC Explicit
08-06 05:25:48.774   356   368 I art     : Explicit concurrent mark sweep GC freed 20(704B) AllocSpace objects, 0(0B) LOS objects, 23% free, 53MB/69MB, paused 486us total 22.324ms
08-06 05:25:48.783   356   368 I art     : Starting a blocking GC Explicit
08-06 05:25:48.805   356   368 I art     : Explicit concurrent mark sweep GC freed 3(96B) AllocSpace objects, 0(0B) LOS objects, 23% free, 53MB/69MB, paused 490us total 22.151ms
08-06 05:25:48.814   356   368 I art     : Starting a blocking GC Explicit
08-06 05:25:48.835   356   368 I art     : Explicit concurrent mark sweep GC freed 3(96B) AllocSpace objects, 0(0B) LOS objects, 23% free, 53MB/69MB, paused 503us total 21.107ms
08-06 05:25:48.844   356   368 I art     : Starting a blocking GC Explicit
08-06 05:25:48.866   356   368 I art     : Explicit concurrent mark sweep GC freed 3(96B) AllocSpace objects, 0(0B) LOS objects, 23% free, 53MB/69MB, paused 493us total 22.008ms
08-06 05:25:49.184  3825  3825 D AndroidRuntime: >>>>>> START com.android.internal.os.RuntimeInit uid 2000 <<<<<<
08-06 05:25:49.184   356  1074 I art     : Starting a blocking GC Explicit
08-06 05:25:49.191  3825  3825 D AndroidRuntime: CheckJNI is OFF
08-06 05:25:49.213   356  1074 I art     : Explicit concurrent mark sweep GC freed 1344(78KB) AllocSpace objects, 1(20KB) LOS objects, 23% free, 53MB/69MB, paused 527us total 28.783ms
08-06 05:25:49.222   356  1074 I art     : Starting a blocking GC Explicit
08-06 05:25:49.232  3825  3825 D ICU     : No timezone override file found: /data/misc/zoneinfo/current/icu/icu_tzdata.dat
08-06 05:25:49.246   356  1074 I art     : Explicit concurrent mark sweep GC freed 20(704B) AllocSpace objects, 0(0B) LOS objects, 23% free, 53MB/69MB, paused 549us total 23.584ms
08-06 05:25:49.255   356  1074 I art     : Starting a blocking GC Explicit
08-06 05:25:49.267  3825  3825 I Radio-JNI: register_android_hardware_Radio DONE
08-06 05:25:49.276   356  1074 I art     : Explicit concurrent mark sweep GC freed 3(96B) AllocSpace objects, 0(0B) LOS objects, 23% free, 53MB/69MB, paused 486us total 21.624ms
08-06 05:25:49.285   356  1074 I art     : Starting a blocking GC Explicit
08-06 05:25:49.289  3825  3825 D AndroidRuntime: Calling main entry com.android.commands.input.Input
08-06 05:25:49.290  3825  3825 I Input   : injectMotionEvent: MotionEvent { action=ACTION_DOWN, actionButton=0, id[0]=0, x[0]=369.0, y[0]=554.0, toolType[0]=TOOL_TYPE_UNKNOWN, buttonState=0, metaState=0, flags=0x0, edgeFlags=0x0, pointerCount=1, historySize=0, eventTime=854765703, downTime=854765703, deviceId=0, source=0x1002 }
08-06 05:25:49.295  3825  3825 I Input   : injectMotionEvent: MotionEvent { action=ACTION_UP, actionButton=0, id[0]=0, x[0]=369.0, y[0]=554.0, toolType[0]=TOOL_TYPE_UNKNOWN, buttonState=0, metaState=0, flags=0x0, edgeFlags=0x0, pointerCount=1, historySize=0, eventTime=854765703, downTime=854765703, deviceId=0, source=0x1002 }
08-06 05:25:49.296   918  4413 I ActivityManager: START u0 {cmp=baseline.appteam.nith.hillffair/.activities.ClubActivity (has extras)} from uid 10697 on display 0
08-06 05:25:49.306   356  1074 I art     : Explicit concurrent mark sweep GC freed 3(96B) AllocSpace objects, 0(0B) LOS objects, 23% free, 53MB/69MB, paused 599us total 20.131ms
08-06 05:25:49.307  3825  3825 D AndroidRuntime: Shutting down VM
08-06 05:25:49.315   356  1074 I art     : Starting a blocking GC Explicit
08-06 05:25:49.338   356  1074 I art     : Explicit concurrent mark sweep GC freed 3383(199KB) AllocSpace objects, 0(0B) LOS objects, 22% free, 53MB/69MB, paused 926us total 23.563ms
08-06 05:25:49.391   918   936 I ActivityManager: Displayed baseline.appteam.nith.hillffair/.activities.ClubActivity: +84ms
08-06 05:25:49.392 13866 13866 I GoogleInputMethodServic: GoogleInputMethodService.onFinishInput():3138 
08-06 05:25:49.392 13866 13866 I GoogleInputMethodServic: GoogleInputMethodService.onStartInput():1808 
08-06 05:25:49.598   356  1074 I art     : Starting a blocking GC Explicit
08-06 05:25:49.628   356  1074 I art     : Explicit concurrent mark sweep GC freed 1949(119KB) AllocSpace objects, 1(20KB) LOS objects, 22% free, 53MB/69MB, paused 537us total 29.352ms
08-06 05:25:49.639   356  1074 I art     : Starting a blocking GC Explicit
08-06 05:25:49.652   380   380 W SurfaceFlinger: couldn't log to binary event log: overflow.
08-06 05:25:49.667   356  1074 I art     : Explicit concurrent mark sweep GC freed 76(3KB) AllocSpace objects, 0(0B) LOS objects, 22% free, 53MB/69MB, paused 764us total 27.399ms
08-06 05:25:49.675   356  1074 I art     : Starting a blocking GC Explicit
08-06 05:25:49.696   356  1074 I art     : Explicit concurrent mark sweep GC freed 3(96B) AllocSpace objects, 0(0B) LOS objects, 22% free, 53MB/69MB, paused 489us total 21.032ms
08-06 05:25:49.705   356  1074 I art     : Starting a blocking GC Explicit
08-06 05:25:49.725   356  1074 I art     : Explicit concurrent mark sweep GC freed 3(96B) AllocSpace objects, 0(0B) LOS objects, 22% free, 53MB/69MB, paused 488us total 20.653ms
08-06 05:25:49.734   356  1074 I art     : Starting a blocking GC Explicit
08-06 05:25:49.757   356  1074 I art     : Explicit concurrent mark sweep GC freed 3(96B) AllocSpace objects, 0(0B) LOS objects, 22% free, 53MB/69MB, paused 566us total 22.734ms
08-06 05:25:50.047   356   547 I art     : Starting a blocking GC Explicit
08-06 05:25:50.072   356   547 I art     : Explicit concurrent mark sweep GC freed 1506(86KB) AllocSpace objects, 1(20KB) LOS objects, 22% free, 53MB/69MB, paused 517us total 24.816ms
08-06 05:25:50.082   356   547 I art     : Starting a blocking GC Explicit
08-06 05:25:50.105   356   547 I art     : Explicit concurrent mark sweep GC freed 64(2176B) AllocSpace objects, 0(0B) LOS objects, 22% free, 53MB/69MB, paused 508us total 23.052ms
08-06 05:25:50.114   356   547 I art     : Starting a blocking GC Explicit
08-06 05:25:50.138   356   547 I art     : Explicit concurrent mark sweep GC freed 12(432B) AllocSpace objects, 0(0B) LOS objects, 22% free, 53MB/69MB, paused 559us total 23.293ms
08-06 05:25:50.147   356   547 I art     : Starting a blocking GC Explicit
08-06 05:25:50.170   356   547 I art     : Explicit concurrent mark sweep GC freed 199(9KB) AllocSpace objects, 0(0B) LOS objects, 22% free, 53MB/69MB, paused 810us total 23.418ms
08-06 05:25:50.179   356   547 I art     : Starting a blocking GC Explicit
08-06 05:25:50.204   356   547 I art     : Explicit concurrent mark sweep GC freed 2322(120KB) AllocSpace objects, 2(120KB) LOS objects, 22% free, 53MB/69MB, paused 722us total 23.935ms
08-06 05:25:50.208   356  3848 D OkHttp  : --> GET https://api-hillfair-2k16.herokuapp.com/api/app/club/PR%20Club http/1.1
08-06 05:25:50.242   356  3848 D OkHttp  : <-- 200 OK https://api-hillfair-2k16.herokuapp.com/api/app/club/PR%20Club (33ms, 979-byte body)
08-06 05:25:50.303   356   356 I NAPPA_EXPERIMENTATION: MetricNetworkRequestExecutionTime: REQUEST_DURATION_SYSTEM='970',REQUEST_DURATION_OKHTTP='34',REQUEST_SYNCHRONOUS='FALSE',RESPONSE_CODE='200',RESPONSE_METHOD='GET',RESPONSE_LENGTH_OKHTTP='979',RESPONSE_LENGTH_HEADER='979',REQUEST_PROTOCOL='http/1.1',REQUEST_URL='https://api-hillfair-2k16.herokuapp.com/api/app/club/PR%20Club',
08-06 05:25:50.482   356  1074 I art     : Starting a blocking GC Explicit
08-06 05:25:50.508   356  1074 I art     : Explicit concurrent mark sweep GC freed 3193(330KB) AllocSpace objects, 2(100KB) LOS objects, 22% free, 53MB/69MB, paused 651us total 26.241ms
08-06 05:25:50.518   356  1074 I art     : Starting a blocking GC Explicit
08-06 05:25:50.543   356  1074 I art     : Explicit concurrent mark sweep GC freed 117(6KB) AllocSpace objects, 0(0B) LOS objects, 22% free, 53MB/69MB, paused 512us total 24.936ms
08-06 05:25:50.552   356  1074 I art     : Starting a blocking GC Explicit
08-06 05:25:50.577   356  1074 I art     : Explicit concurrent mark sweep GC freed 3(96B) AllocSpace objects, 0(0B) LOS objects, 22% free, 53MB/69MB, paused 578us total 24.002ms
08-06 05:25:50.586   356  1074 I art     : Starting a blocking GC Explicit
08-06 05:25:50.609   356  1074 I art     : Explicit concurrent mark sweep GC freed 3(96B) AllocSpace objects, 0(0B) LOS objects, 22% free, 53MB/69MB, paused 520us total 23.723ms
08-06 05:25:50.618   356  1074 I art     : Starting a blocking GC Explicit
08-06 05:25:50.643   356  1074 I art     : Explicit concurrent mark sweep GC freed 3(96B) AllocSpace objects, 0(0B) LOS objects, 22% free, 53MB/69MB, paused 532us total 24.462ms
08-06 05:25:50.934   356  1074 I art     : Starting a blocking GC Explicit
08-06 05:25:50.969   356  1074 I art     : Explicit concurrent mark sweep GC freed 1344(78KB) AllocSpace objects, 1(20KB) LOS objects, 22% free, 53MB/69MB, paused 650us total 34.880ms
08-06 05:25:50.983   356  1074 I art     : Starting a blocking GC Explicit
08-06 05:25:51.008   356  1074 I art     : Explicit concurrent mark sweep GC freed 36(1264B) AllocSpace objects, 0(0B) LOS objects, 22% free, 53MB/69MB, paused 533us total 24.846ms
08-06 05:25:51.018   356  1074 I art     : Starting a blocking GC Explicit
08-06 05:25:51.043   356  1074 I art     : Explicit concurrent mark sweep GC freed 3(96B) AllocSpace objects, 0(0B) LOS objects, 22% free, 53MB/69MB, paused 527us total 24.674ms
08-06 05:25:51.052   356  1074 I art     : Starting a blocking GC Explicit
08-06 05:25:51.077   356  1074 I art     : Explicit concurrent mark sweep GC freed 3(96B) AllocSpace objects, 0(0B) LOS objects, 22% free, 53MB/69MB, paused 517us total 24.327ms
08-06 05:25:51.086   356  1074 I art     : Starting a blocking GC Explicit
08-06 05:25:51.110   356  1074 I art     : Explicit concurrent mark sweep GC freed 3(96B) AllocSpace objects, 0(0B) LOS objects, 22% free, 53MB/69MB, paused 527us total 24.526ms
08-06 05:25:51.444   356   368 I art     : Starting a blocking GC Explicit
08-06 05:25:51.481   356   368 I art     : Explicit concurrent mark sweep GC freed 1344(78KB) AllocSpace objects, 1(20KB) LOS objects, 22% free, 53MB/69MB, paused 734us total 36.324ms
08-06 05:25:51.497   356   368 I art     : Starting a blocking GC Explicit
08-06 05:25:51.519   356   368 I art     : Explicit concurrent mark sweep GC freed 20(704B) AllocSpace objects, 0(0B) LOS objects, 22% free, 53MB/69MB, paused 510us total 22.427ms
08-06 05:25:51.528   356   368 I art     : Starting a blocking GC Explicit
08-06 05:25:51.552   356   368 I art     : Explicit concurrent mark sweep GC freed 3(96B) AllocSpace objects, 0(0B) LOS objects, 22% free, 53MB/69MB, paused 506us total 23.355ms
08-06 05:25:51.561   356   368 I art     : Starting a blocking GC Explicit
08-06 05:25:51.585   356   368 I art     : Explicit concurrent mark sweep GC freed 3(96B) AllocSpace objects, 0(0B) LOS objects, 22% free, 53MB/69MB, paused 568us total 24.268ms
08-06 05:25:51.595   356   368 I art     : Starting a blocking GC Explicit
08-06 05:25:51.619   356   368 I art     : Explicit concurrent mark sweep GC freed 3(96B) AllocSpace objects, 0(0B) LOS objects, 22% free, 53MB/69MB, paused 478us total 24.234ms
08-06 05:25:51.942   356   547 I art     : Starting a blocking GC Explicit
08-06 05:25:51.976   356   547 I art     : Explicit concurrent mark sweep GC freed 1344(78KB) AllocSpace objects, 1(20KB) LOS objects, 22% free, 53MB/69MB, paused 565us total 33.578ms
08-06 05:25:51.989   356   547 I art     : Starting a blocking GC Explicit
08-06 05:25:52.013   356   547 I art     : Explicit concurrent mark sweep GC freed 20(704B) AllocSpace objects, 0(0B) LOS objects, 22% free, 53MB/69MB, paused 538us total 23.974ms
08-06 05:25:52.022   356   547 I art     : Starting a blocking GC Explicit
08-06 05:25:52.046   356   547 I art     : Explicit concurrent mark sweep GC freed 3(96B) AllocSpace objects, 0(0B) LOS objects, 22% free, 53MB/69MB, paused 517us total 23.737ms
08-06 05:25:52.055   356   547 I art     : Starting a blocking GC Explicit
08-06 05:25:52.080   356   547 I art     : Explicit concurrent mark sweep GC freed 3(96B) AllocSpace objects, 0(0B) LOS objects, 22% free, 53MB/69MB, paused 530us total 24.477ms
08-06 05:25:52.089   356   547 I art     : Starting a blocking GC Explicit
08-06 05:25:52.114   356   547 I art     : Explicit concurrent mark sweep GC freed 3(96B) AllocSpace objects, 0(0B) LOS objects, 22% free, 53MB/69MB, paused 531us total 24.832ms
08-06 05:25:52.458   356   369 I art     : Starting a blocking GC Explicit
08-06 05:25:52.496   356   369 I art     : Explicit concurrent mark sweep GC freed 1344(78KB) AllocSpace objects, 1(20KB) LOS objects, 22% free, 53MB/69MB, paused 566us total 37.056ms
08-06 05:25:52.505   356   369 I art     : Starting a blocking GC Explicit
08-06 05:25:52.530   356   369 I art     : Explicit concurrent mark sweep GC freed 20(704B) AllocSpace objects, 0(0B) LOS objects, 22% free, 53MB/69MB, paused 516us total 24.520ms
08-06 05:25:52.539   356   369 I art     : Starting a blocking GC Explicit
08-06 05:25:52.563   356   369 I art     : Explicit concurrent mark sweep GC freed 3(96B) AllocSpace objects, 0(0B) LOS objects, 22% free, 53MB/69MB, paused 518us total 23.805ms
08-06 05:25:52.572   356   369 I art     : Starting a blocking GC Explicit
08-06 05:25:52.597   356   369 I art     : Explicit concurrent mark sweep GC freed 3(96B) AllocSpace objects, 0(0B) LOS objects, 22% free, 53MB/69MB, paused 641us total 24.783ms
08-06 05:25:52.606   356   369 I art     : Starting a blocking GC Explicit
08-06 05:25:52.630   356   369 I art     : Explicit concurrent mark sweep GC freed 3(96B) AllocSpace objects, 0(0B) LOS objects, 22% free, 53MB/69MB, paused 522us total 23.671ms
08-06 05:25:52.952   356  1074 I art     : Starting a blocking GC Explicit
08-06 05:25:52.983   356  1074 I art     : Explicit concurrent mark sweep GC freed 1365(79KB) AllocSpace objects, 1(20KB) LOS objects, 22% free, 53MB/69MB, paused 543us total 29.997ms
08-06 05:25:52.994   356  1074 I art     : Starting a blocking GC Explicit
08-06 05:25:53.019   356  1074 I art     : Explicit concurrent mark sweep GC freed 36(1216B) AllocSpace objects, 0(0B) LOS objects, 22% free, 53MB/69MB, paused 503us total 24.862ms
08-06 05:25:53.029   356  1074 I art     : Starting a blocking GC Explicit
08-06 05:25:53.054   356  1074 I art     : Explicit concurrent mark sweep GC freed 3(96B) AllocSpace objects, 0(0B) LOS objects, 22% free, 53MB/69MB, paused 502us total 24.638ms
08-06 05:25:53.063   356  1074 I art     : Starting a blocking GC Explicit
08-06 05:25:53.088   356  1074 I art     : Explicit concurrent mark sweep GC freed 3(96B) AllocSpace objects, 0(0B) LOS objects, 22% free, 53MB/69MB, paused 501us total 24.450ms
08-06 05:25:53.097   356  1074 I art     : Starting a blocking GC Explicit
08-06 05:25:53.121   356  1074 I art     : Explicit concurrent mark sweep GC freed 3(96B) AllocSpace objects, 0(0B) LOS objects, 22% free, 53MB/69MB, paused 486us total 23.987ms
08-06 05:25:53.443   356   368 I art     : Starting a blocking GC Explicit
08-06 05:25:53.473   356   368 I art     : Explicit concurrent mark sweep GC freed 1344(78KB) AllocSpace objects, 1(20KB) LOS objects, 22% free, 53MB/69MB, paused 545us total 29.785ms
08-06 05:25:53.486   356   368 I art     : Starting a blocking GC Explicit
08-06 05:25:53.511   356   368 I art     : Explicit concurrent mark sweep GC freed 20(704B) AllocSpace objects, 0(0B) LOS objects, 22% free, 53MB/69MB, paused 500us total 24.728ms
08-06 05:25:53.520   356   368 I art     : Starting a blocking GC Explicit
08-06 05:25:53.544   356   368 I art     : Explicit concurrent mark sweep GC freed 3(96B) AllocSpace objects, 0(0B) LOS objects, 22% free, 53MB/69MB, paused 506us total 23.865ms
08-06 05:25:53.553   356   368 I art     : Starting a blocking GC Explicit
08-06 05:25:53.578   356   368 I art     : Explicit concurrent mark sweep GC freed 3(96B) AllocSpace objects, 0(0B) LOS objects, 22% free, 53MB/69MB, paused 475us total 23.886ms
08-06 05:25:53.586   356   368 I art     : Starting a blocking GC Explicit
08-06 05:25:53.609   356   368 I art     : Explicit concurrent mark sweep GC freed 3(96B) AllocSpace objects, 0(0B) LOS objects, 22% free, 53MB/69MB, paused 503us total 22.504ms
08-06 05:25:53.669 32067 32067 I ServiceManager: Waiting for service AtCmdFwd...
08-06 05:25:53.918   356   547 I art     : Starting a blocking GC Explicit
08-06 05:25:53.943   356   547 I art     : Explicit concurrent mark sweep GC freed 1344(78KB) AllocSpace objects, 1(20KB) LOS objects, 22% free, 53MB/69MB, paused 522us total 24.386ms
08-06 05:25:53.952   356   547 I art     : Starting a blocking GC Explicit
08-06 05:25:53.974   356   547 I art     : Explicit concurrent mark sweep GC freed 20(704B) AllocSpace objects, 0(0B) LOS objects, 22% free, 53MB/69MB, paused 521us total 21.517ms
08-06 05:25:53.981  3969  3969 D AndroidRuntime: >>>>>> START com.android.internal.os.RuntimeInit uid 2000 <<<<<<
08-06 05:25:53.982   356   547 I art     : Starting a blocking GC Explicit
08-06 05:25:53.986  3969  3969 D AndroidRuntime: CheckJNI is OFF
08-06 05:25:54.004   356   547 I art     : Explicit concurrent mark sweep GC freed 3(96B) AllocSpace objects, 0(0B) LOS objects, 22% free, 53MB/69MB, paused 494us total 21.492ms
08-06 05:25:54.013   356   547 I art     : Starting a blocking GC Explicit
08-06 05:25:54.022  3969  3969 D ICU     : No timezone override file found: /data/misc/zoneinfo/current/icu/icu_tzdata.dat
08-06 05:25:54.036   356   547 I art     : Explicit concurrent mark sweep GC freed 3(96B) AllocSpace objects, 0(0B) LOS objects, 22% free, 53MB/69MB, paused 530us total 22.602ms
08-06 05:25:54.044   356   547 I art     : Starting a blocking GC Explicit
08-06 05:25:54.057  3969  3969 I Radio-JNI: register_android_hardware_Radio DONE
08-06 05:25:54.067   356   547 I art     : Explicit concurrent mark sweep GC freed 3(96B) AllocSpace objects, 0(0B) LOS objects, 22% free, 53MB/69MB, paused 533us total 22.597ms
08-06 05:25:54.079  3969  3969 D AndroidRuntime: Calling main entry com.android.commands.input.Input
08-06 05:25:54.081  3969  3969 I Input   : injectKeyEvent: KeyEvent { action=ACTION_DOWN, keyCode=KEYCODE_BACK, scanCode=0, metaState=0, flags=0x0, repeatCount=0, eventTime=854770494, downTime=854770494, deviceId=-1, source=0x101 }
08-06 05:25:54.088  3969  3969 I Input   : injectKeyEvent: KeyEvent { action=ACTION_UP, keyCode=KEYCODE_BACK, scanCode=0, metaState=0, flags=0x0, repeatCount=0, eventTime=854770494, downTime=854770494, deviceId=-1, source=0x101 }
08-06 05:25:54.094  3969  3969 D AndroidRuntime: Shutting down VM
08-06 05:25:54.130 13866 13866 I GoogleInputMethodServic: GoogleInputMethodService.onFinishInput():3138 
08-06 05:25:54.131 13866 13866 I GoogleInputMethodServic: GoogleInputMethodService.onStartInput():1808 
08-06 05:25:54.309   356  1074 I art     : Starting a blocking GC Explicit
08-06 05:25:54.340   356  1074 I art     : Explicit concurrent mark sweep GC freed 1526(86KB) AllocSpace objects, 1(20KB) LOS objects, 22% free, 53MB/69MB, paused 496us total 30.122ms
08-06 05:25:54.352   356  1074 I art     : Starting a blocking GC Explicit
08-06 05:25:54.382   356  1074 I art     : Explicit concurrent mark sweep GC freed 26(944B) AllocSpace objects, 0(0B) LOS objects, 22% free, 53MB/69MB, paused 573us total 29.103ms
08-06 05:25:54.392   356  1074 I art     : Starting a blocking GC Explicit
08-06 05:25:54.418   356  1074 I art     : Explicit concurrent mark sweep GC freed 3(96B) AllocSpace objects, 0(0B) LOS objects, 22% free, 53MB/69MB, paused 486us total 25.605ms
08-06 05:25:54.423   380   380 W SurfaceFlinger: couldn't log to binary event log: overflow.
08-06 05:25:54.427   356  1074 I art     : Starting a blocking GC Explicit
08-06 05:25:54.451   356  1074 I art     : Explicit concurrent mark sweep GC freed 109(8KB) AllocSpace objects, 0(0B) LOS objects, 22% free, 53MB/69MB, paused 471us total 22.793ms
08-06 05:25:54.459   356  1074 I art     : Starting a blocking GC Explicit
08-06 05:25:54.483   356  1074 I art     : Explicit concurrent mark sweep GC freed 116(6KB) AllocSpace objects, 0(0B) LOS objects, 22% free, 53MB/69MB, paused 483us total 23.124ms
08-06 05:25:54.670 32067 32067 I ServiceManager: Waiting for service AtCmdFwd...
08-06 05:25:54.777   356   369 I art     : Starting a blocking GC Explicit
08-06 05:25:54.806   356   369 I art     : Explicit concurrent mark sweep GC freed 2885(179KB) AllocSpace objects, 4(204KB) LOS objects, 23% free, 53MB/69MB, paused 571us total 28.754ms
08-06 05:25:54.817   356   369 I art     : Starting a blocking GC Explicit
08-06 05:25:54.841   356   369 I art     : Explicit concurrent mark sweep GC freed 20(704B) AllocSpace objects, 0(0B) LOS objects, 23% free, 53MB/69MB, paused 513us total 24.004ms
08-06 05:25:54.851   356   369 I art     : Starting a blocking GC Explicit
08-06 05:25:54.875   356   369 I art     : Explicit concurrent mark sweep GC freed 3(96B) AllocSpace objects, 0(0B) LOS objects, 23% free, 53MB/69MB, paused 519us total 23.937ms
08-06 05:25:54.884   356   369 I art     : Starting a blocking GC Explicit
08-06 05:25:54.908   356   369 I art     : Explicit concurrent mark sweep GC freed 3(96B) AllocSpace objects, 0(0B) LOS objects, 23% free, 53MB/69MB, paused 519us total 24.068ms
08-06 05:25:54.918   356   369 I art     : Starting a blocking GC Explicit
08-06 05:25:54.942   356   369 I art     : Explicit concurrent mark sweep GC freed 3(96B) AllocSpace objects, 0(0B) LOS objects, 23% free, 53MB/69MB, paused 519us total 23.698ms
08-06 05:25:55.222   356  1074 I art     : Starting a blocking GC Explicit
08-06 05:25:55.245   356  1074 I art     : Explicit concurrent mark sweep GC freed 1344(78KB) AllocSpace objects, 1(20KB) LOS objects, 23% free, 53MB/69MB, paused 509us total 22.753ms
08-06 05:25:55.255   356  1074 I art     : Starting a blocking GC Explicit
08-06 05:25:55.278   356  1074 I art     : Explicit concurrent mark sweep GC freed 29(1040B) AllocSpace objects, 0(0B) LOS objects, 23% free, 53MB/69MB, paused 507us total 22.997ms
08-06 05:25:55.287   356  1074 I art     : Starting a blocking GC Explicit
08-06 05:25:55.310   356  1074 I art     : Explicit concurrent mark sweep GC freed 12(432B) AllocSpace objects, 0(0B) LOS objects, 23% free, 53MB/69MB, paused 551us total 23.203ms
08-06 05:25:55.319   356  1074 I art     : Starting a blocking GC Explicit
08-06 05:25:55.342   356  1074 I art     : Explicit concurrent mark sweep GC freed 3(96B) AllocSpace objects, 0(0B) LOS objects, 23% free, 53MB/69MB, paused 462us total 22.102ms
08-06 05:25:55.350   356  1074 I art     : Starting a blocking GC Explicit
08-06 05:25:55.372   356  1074 I art     : Explicit concurrent mark sweep GC freed 3(96B) AllocSpace objects, 0(0B) LOS objects, 23% free, 53MB/69MB, paused 498us total 21.464ms
08-06 05:25:55.646   356   368 I art     : Starting a blocking GC Explicit
08-06 05:25:55.670 32067 32067 I ServiceManager: Waiting for service AtCmdFwd...
08-06 05:25:55.670   356   368 I art     : Explicit concurrent mark sweep GC freed 1344(78KB) AllocSpace objects, 1(20KB) LOS objects, 23% free, 53MB/69MB, paused 515us total 23.625ms
08-06 05:25:55.679   356   368 I art     : Starting a blocking GC Explicit
08-06 05:25:55.703   356   368 I art     : Explicit concurrent mark sweep GC freed 20(704B) AllocSpace objects, 0(0B) LOS objects, 23% free, 53MB/69MB, paused 586us total 23.246ms
08-06 05:25:55.712   356   368 I art     : Starting a blocking GC Explicit
08-06 05:25:55.735   356   368 I art     : Explicit concurrent mark sweep GC freed 3(96B) AllocSpace objects, 0(0B) LOS objects, 23% free, 53MB/69MB, paused 524us total 22.478ms
08-06 05:25:55.740  4025  4025 D AndroidRuntime: >>>>>> START com.android.internal.os.RuntimeInit uid 2000 <<<<<<
08-06 05:25:55.744   356   368 I art     : Starting a blocking GC Explicit
08-06 05:25:55.745  4025  4025 D AndroidRuntime: CheckJNI is OFF
08-06 05:25:55.766   356   368 I art     : Explicit concurrent mark sweep GC freed 3(96B) AllocSpace objects, 0(0B) LOS objects, 23% free, 53MB/69MB, paused 508us total 22.272ms
08-06 05:25:55.775   356   368 I art     : Starting a blocking GC Explicit
08-06 05:25:55.782  4025  4025 D ICU     : No timezone override file found: /data/misc/zoneinfo/current/icu/icu_tzdata.dat
08-06 05:25:55.798   356   368 I art     : Explicit concurrent mark sweep GC freed 3(96B) AllocSpace objects, 0(0B) LOS objects, 23% free, 53MB/69MB, paused 573us total 22.727ms
08-06 05:25:55.818  4025  4025 I Radio-JNI: register_android_hardware_Radio DONE
08-06 05:25:55.840  4025  4025 D AndroidRuntime: Calling main entry com.android.commands.input.Input
08-06 05:25:55.842  4025  4025 I Input   : injectMotionEvent: MotionEvent { action=ACTION_DOWN, actionButton=0, id[0]=0, x[0]=1012.0, y[0]=1152.0, toolType[0]=TOOL_TYPE_UNKNOWN, buttonState=0, metaState=0, flags=0x0, edgeFlags=0x0, pointerCount=1, historySize=0, eventTime=854772255, downTime=854772255, deviceId=0, source=0x1002 }
08-06 05:25:55.847  4025  4025 I Input   : injectMotionEvent: MotionEvent { action=ACTION_UP, actionButton=0, id[0]=0, x[0]=1012.0, y[0]=1152.0, toolType[0]=TOOL_TYPE_UNKNOWN, buttonState=0, metaState=0, flags=0x0, edgeFlags=0x0, pointerCount=1, historySize=0, eventTime=854772255, downTime=854772255, deviceId=0, source=0x1002 }
08-06 05:25:55.849   918  4413 I ActivityManager: START u0 {cmp=baseline.appteam.nith.hillffair/.activities.ClubActivity (has extras)} from uid 10697 on display 0
08-06 05:25:55.856  4025  4025 D AndroidRuntime: Shutting down VM
08-06 05:25:55.945   918  3261 D WifiStateMachine: starting scan for "H369AA63323"WPA_PSK with 2412,5180
08-06 05:25:55.958   918   936 I ActivityManager: Displayed baseline.appteam.nith.hillffair/.activities.ClubActivity: +101ms
08-06 05:25:55.959 13866 13866 I GoogleInputMethodServic: GoogleInputMethodService.onFinishInput():3138 
08-06 05:25:55.960 13866 13866 I GoogleInputMethodServic: GoogleInputMethodService.onStartInput():1808 
08-06 05:25:56.049   356  4004 I art     : Starting a blocking GC Explicit
08-06 05:25:56.077   356  4004 I art     : Explicit concurrent mark sweep GC freed 4951(303KB) AllocSpace objects, 1(20KB) LOS objects, 22% free, 53MB/69MB, paused 565us total 27.373ms
08-06 05:25:56.088   356  4004 I art     : Starting a blocking GC Explicit
08-06 05:25:56.118   356  4004 I art     : Explicit concurrent mark sweep GC freed 216(10KB) AllocSpace objects, 0(0B) LOS objects, 22% free, 53MB/69MB, paused 542us total 29.447ms
08-06 05:25:56.129   356  4004 I art     : Starting a blocking GC Explicit
08-06 05:25:56.155   356  4004 I art     : Explicit concurrent mark sweep GC freed 3(96B) AllocSpace objects, 0(0B) LOS objects, 22% free, 53MB/69MB, paused 555us total 25.606ms
08-06 05:25:56.166   356  4004 I art     : Starting a blocking GC Explicit
08-06 05:25:56.192   356  4004 I art     : Explicit concurrent mark sweep GC freed 3(96B) AllocSpace objects, 0(0B) LOS objects, 22% free, 53MB/69MB, paused 591us total 26.046ms
08-06 05:25:56.192   380   380 W SurfaceFlinger: couldn't log to binary event log: overflow.
08-06 05:25:56.204   356  4004 I art     : Starting a blocking GC Explicit
08-06 05:25:56.226   356  4004 I art     : Explicit concurrent mark sweep GC freed 3(96B) AllocSpace objects, 0(0B) LOS objects, 22% free, 53MB/69MB, paused 542us total 21.695ms
08-06 05:25:56.515   356  4004 I art     : Starting a blocking GC Explicit
08-06 05:25:56.541   356  4004 I art     : Explicit concurrent mark sweep GC freed 1483(85KB) AllocSpace objects, 1(20KB) LOS objects, 22% free, 53MB/69MB, paused 571us total 25.210ms
08-06 05:25:56.551   356  4004 I art     : Starting a blocking GC Explicit
08-06 05:25:56.574   356  4004 I art     : Explicit concurrent mark sweep GC freed 52(1792B) AllocSpace objects, 0(0B) LOS objects, 22% free, 53MB/69MB, paused 542us total 22.751ms
08-06 05:25:56.583   356  4004 I art     : Starting a blocking GC Explicit
08-06 05:25:56.605   356  4004 I art     : Explicit concurrent mark sweep GC freed 13(480B) AllocSpace objects, 0(0B) LOS objects, 22% free, 53MB/69MB, paused 543us total 22.668ms
08-06 05:25:56.614   356  4004 I art     : Starting a blocking GC Explicit
08-06 05:25:56.638   356  4004 I art     : Explicit concurrent mark sweep GC freed 928(67KB) AllocSpace objects, 2(120KB) LOS objects, 22% free, 54MB/70MB, paused 818us total 23.670ms
08-06 05:25:56.647   356  4004 I art     : Starting a blocking GC Explicit
08-06 05:25:56.661   356  4048 D OkHttp  : --> GET https://api-hillfair-2k16.herokuapp.com/api/app/club/Design%20and%20Decoration%20Club http/1.1
08-06 05:25:56.669   356  4004 I art     : Explicit concurrent mark sweep GC freed 2166(136KB) AllocSpace objects, 1(80KB) LOS objects, 22% free, 53MB/69MB, paused 578us total 22.481ms
08-06 05:25:56.670 32067 32067 I ServiceManager: Waiting for service AtCmdFwd...
08-06 05:25:56.693   518   646 I ThermalEngine: ACTION: GPU - Setting GPU[0] to 450000000
08-06 05:25:56.694   356  4048 D OkHttp  : <-- 200 OK https://api-hillfair-2k16.herokuapp.com/api/app/club/Design%20and%20Decoration%20Club (33ms, 760-byte body)
08-06 05:25:56.746   356   356 I NAPPA_EXPERIMENTATION: MetricNetworkRequestExecutionTime: REQUEST_DURATION_SYSTEM='863',REQUEST_DURATION_OKHTTP='33',REQUEST_SYNCHRONOUS='FALSE',RESPONSE_CODE='200',RESPONSE_METHOD='GET',RESPONSE_LENGTH_OKHTTP='760',RESPONSE_LENGTH_HEADER='760',REQUEST_PROTOCOL='http/1.1',REQUEST_URL='https://api-hillfair-2k16.herokuapp.com/api/app/club/Design%20and%20Decoration%20Club',
08-06 05:25:56.970   356   369 I art     : Starting a blocking GC Explicit
08-06 05:25:57.002   356   369 I art     : Explicit concurrent mark sweep GC freed 2643(251KB) AllocSpace objects, 1(20KB) LOS objects, 22% free, 53MB/69MB, paused 707us total 32.032ms
08-06 05:25:57.014   356   369 I art     : Starting a blocking GC Explicit
08-06 05:25:57.047   356   369 I art     : Explicit concurrent mark sweep GC freed 102(3KB) AllocSpace objects, 0(0B) LOS objects, 22% free, 53MB/69MB, paused 1.917ms total 32.244ms
08-06 05:25:57.059   356   369 I art     : Starting a blocking GC Explicit
08-06 05:25:57.089   356   369 I art     : Explicit concurrent mark sweep GC freed 3(96B) AllocSpace objects, 0(0B) LOS objects, 22% free, 53MB/69MB, paused 702us total 29.687ms
08-06 05:25:57.100   356   369 I art     : Starting a blocking GC Explicit
08-06 05:25:57.130   356   369 I art     : Explicit concurrent mark sweep GC freed 3(96B) AllocSpace objects, 0(0B) LOS objects, 22% free, 53MB/69MB, paused 668us total 29.495ms
08-06 05:25:57.142   356   369 I art     : Starting a blocking GC Explicit
08-06 05:25:57.171   356   369 I art     : Explicit concurrent mark sweep GC freed 19(656B) AllocSpace objects, 0(0B) LOS objects, 22% free, 53MB/69MB, paused 682us total 29.047ms
08-06 05:25:57.484   356   368 I art     : Starting a blocking GC Explicit
08-06 05:25:57.528   356   368 I art     : Explicit concurrent mark sweep GC freed 1344(78KB) AllocSpace objects, 1(20KB) LOS objects, 22% free, 53MB/69MB, paused 916us total 43.986ms
08-06 05:25:57.544   356   368 I art     : Starting a blocking GC Explicit
08-06 05:25:57.578   356   368 I art     : Explicit concurrent mark sweep GC freed 41(1712B) AllocSpace objects, 0(0B) LOS objects, 22% free, 53MB/69MB, paused 821us total 33.248ms
08-06 05:25:57.590   356   368 I art     : Starting a blocking GC Explicit
08-06 05:25:57.623   356   368 I art     : Explicit concurrent mark sweep GC freed 19(608B) AllocSpace objects, 0(0B) LOS objects, 22% free, 53MB/69MB, paused 704us total 33.543ms
08-06 05:25:57.636   356   368 I art     : Starting a blocking GC Explicit
08-06 05:25:57.669   356   368 I art     : Explicit concurrent mark sweep GC freed 3(96B) AllocSpace objects, 0(0B) LOS objects, 22% free, 53MB/69MB, paused 712us total 32.844ms
08-06 05:25:57.671 32067 32067 I ServiceManager: Waiting for service AtCmdFwd...
08-06 05:25:57.681   356   368 I art     : Starting a blocking GC Explicit
08-06 05:25:57.715   356   368 I art     : Explicit concurrent mark sweep GC freed 3(96B) AllocSpace objects, 0(0B) LOS objects, 22% free, 53MB/69MB, paused 763us total 33.708ms
08-06 05:25:58.057   356  4004 I art     : Starting a blocking GC Explicit
08-06 05:25:58.099   356  4004 I art     : Explicit concurrent mark sweep GC freed 1344(78KB) AllocSpace objects, 1(20KB) LOS objects, 22% free, 53MB/69MB, paused 819us total 42.096ms
08-06 05:25:58.116   356  4004 I art     : Starting a blocking GC Explicit
08-06 05:25:58.150   356  4004 I art     : Explicit concurrent mark sweep GC freed 20(704B) AllocSpace objects, 0(0B) LOS objects, 22% free, 53MB/69MB, paused 721us total 34.077ms
08-06 05:25:58.163   356  4004 I art     : Starting a blocking GC Explicit
08-06 05:25:58.197   356  4004 I art     : Explicit concurrent mark sweep GC freed 3(96B) AllocSpace objects, 0(0B) LOS objects, 22% free, 53MB/69MB, paused 797us total 34.084ms
08-06 05:25:58.209   356  4004 I art     : Starting a blocking GC Explicit
08-06 05:25:58.242   356  4004 I art     : Explicit concurrent mark sweep GC freed 3(96B) AllocSpace objects, 0(0B) LOS objects, 22% free, 53MB/69MB, paused 703us total 32.679ms
08-06 05:25:58.254   356  4004 I art     : Starting a blocking GC Explicit
08-06 05:25:58.288   356  4004 I art     : Explicit concurrent mark sweep GC freed 3(96B) AllocSpace objects, 0(0B) LOS objects, 22% free, 53MB/69MB, paused 721us total 33.727ms
08-06 05:25:58.638   356   547 I art     : Starting a blocking GC Explicit
08-06 05:25:58.672 32067 32067 W Atfwd_Sendcmd: AtCmdFwd service not published, waiting... retryCnt : 2
08-06 05:25:58.681   356   547 I art     : Explicit concurrent mark sweep GC freed 1344(78KB) AllocSpace objects, 1(20KB) LOS objects, 22% free, 53MB/69MB, paused 737us total 42.747ms
08-06 05:25:58.698   356   547 I art     : Starting a blocking GC Explicit
08-06 05:25:58.734   356   547 I art     : Explicit concurrent mark sweep GC freed 20(704B) AllocSpace objects, 0(0B) LOS objects, 22% free, 53MB/69MB, paused 684us total 35.291ms
08-06 05:25:58.746   356   547 I art     : Starting a blocking GC Explicit
08-06 05:25:58.780   356   547 I art     : Explicit concurrent mark sweep GC freed 3(96B) AllocSpace objects, 0(0B) LOS objects, 22% free, 53MB/69MB, paused 643us total 33.794ms
08-06 05:25:58.792   356   547 I art     : Starting a blocking GC Explicit
08-06 05:25:58.825   356   547 I art     : Explicit concurrent mark sweep GC freed 3(96B) AllocSpace objects, 0(0B) LOS objects, 22% free, 53MB/69MB, paused 650us total 32.987ms
08-06 05:25:58.838   356   547 I art     : Starting a blocking GC Explicit
08-06 05:25:58.871   356   547 I art     : Explicit concurrent mark sweep GC freed 3(96B) AllocSpace objects, 0(0B) LOS objects, 22% free, 53MB/69MB, paused 688us total 33.406ms
08-06 05:25:59.214   356  1074 I art     : Starting a blocking GC Explicit
08-06 05:25:59.259   356  1074 I art     : Explicit concurrent mark sweep GC freed 1344(78KB) AllocSpace objects, 1(20KB) LOS objects, 22% free, 53MB/69MB, paused 841us total 44.663ms
08-06 05:25:59.275   356  1074 I art     : Starting a blocking GC Explicit
08-06 05:25:59.311   356  1074 I art     : Explicit concurrent mark sweep GC freed 20(704B) AllocSpace objects, 0(0B) LOS objects, 22% free, 53MB/69MB, paused 743us total 35.284ms
08-06 05:25:59.323   356  1074 I art     : Starting a blocking GC Explicit
08-06 05:25:59.357   356  1074 I art     : Explicit concurrent mark sweep GC freed 3(96B) AllocSpace objects, 0(0B) LOS objects, 22% free, 53MB/69MB, paused 788us total 33.803ms
08-06 05:25:59.369   356  1074 I art     : Starting a blocking GC Explicit
08-06 05:25:59.403   356  1074 I art     : Explicit concurrent mark sweep GC freed 3(96B) AllocSpace objects, 0(0B) LOS objects, 22% free, 53MB/69MB, paused 685us total 33.539ms
08-06 05:25:59.415   356  1074 I art     : Starting a blocking GC Explicit
08-06 05:25:59.447   356  1074 I art     : Explicit concurrent mark sweep GC freed 3(96B) AllocSpace objects, 0(0B) LOS objects, 22% free, 53MB/69MB, paused 783us total 31.704ms
08-06 05:25:59.696   518   646 I ThermalEngine: ACTION: GPU - Setting GPU[0] to 510000000
08-06 05:25:59.792   356   369 I art     : Starting a blocking GC Explicit
08-06 05:25:59.823   356   369 I art     : Explicit concurrent mark sweep GC freed 1344(78KB) AllocSpace objects, 1(20KB) LOS objects, 22% free, 53MB/69MB, paused 554us total 31.158ms
08-06 05:25:59.836   356   369 I art     : Starting a blocking GC Explicit
08-06 05:25:59.861   356   369 I art     : Explicit concurrent mark sweep GC freed 20(704B) AllocSpace objects, 0(0B) LOS objects, 22% free, 53MB/69MB, paused 500us total 24.923ms
08-06 05:25:59.870   356   369 I art     : Starting a blocking GC Explicit
08-06 05:25:59.895   356   369 I art     : Explicit concurrent mark sweep GC freed 3(96B) AllocSpace objects, 0(0B) LOS objects, 22% free, 53MB/69MB, paused 527us total 24.826ms
08-06 05:25:59.905   356   369 I art     : Starting a blocking GC Explicit
08-06 05:25:59.930   356   369 I art     : Explicit concurrent mark sweep GC freed 3(96B) AllocSpace objects, 0(0B) LOS objects, 22% free, 53MB/69MB, paused 492us total 24.977ms
08-06 05:25:59.939   356   369 I art     : Starting a blocking GC Explicit
08-06 05:25:59.962   356   369 I art     : Explicit concurrent mark sweep GC freed 3(96B) AllocSpace objects, 0(0B) LOS objects, 22% free, 53MB/69MB, paused 487us total 22.520ms
08-06 05:26:00.223   356   368 I art     : Starting a blocking GC Explicit
08-06 05:26:00.247   356   368 I art     : Explicit concurrent mark sweep GC freed 1344(78KB) AllocSpace objects, 1(20KB) LOS objects, 22% free, 53MB/69MB, paused 520us total 23.634ms
08-06 05:26:00.255   356   368 I art     : Starting a blocking GC Explicit
08-06 05:26:00.276   356   368 I art     : Explicit concurrent mark sweep GC freed 20(704B) AllocSpace objects, 0(0B) LOS objects, 22% free, 53MB/69MB, paused 487us total 20.805ms
08-06 05:26:00.284   356   368 I art     : Starting a blocking GC Explicit
08-06 05:26:00.306   356   368 I art     : Explicit concurrent mark sweep GC freed 3(96B) AllocSpace objects, 0(0B) LOS objects, 22% free, 53MB/69MB, paused 490us total 21.387ms
08-06 05:26:00.314   356   368 I art     : Starting a blocking GC Explicit
08-06 05:26:00.336   356   368 I art     : Explicit concurrent mark sweep GC freed 3(96B) AllocSpace objects, 0(0B) LOS objects, 22% free, 53MB/69MB, paused 495us total 21.319ms
08-06 05:26:00.345   356   368 I art     : Starting a blocking GC Explicit
08-06 05:26:00.368   356   368 I art     : Explicit concurrent mark sweep GC freed 3(96B) AllocSpace objects, 0(0B) LOS objects, 22% free, 53MB/69MB, paused 574us total 23.169ms
08-06 05:26:00.516  4134  4134 D AndroidRuntime: >>>>>> START com.android.internal.os.RuntimeInit uid 2000 <<<<<<
08-06 05:26:00.521  4134  4134 D AndroidRuntime: CheckJNI is OFF
08-06 05:26:00.557  4134  4134 D ICU     : No timezone override file found: /data/misc/zoneinfo/current/icu/icu_tzdata.dat
08-06 05:26:00.589  4134  4134 I Radio-JNI: register_android_hardware_Radio DONE
08-06 05:26:00.610  4134  4134 D AndroidRuntime: Calling main entry com.android.commands.input.Input
08-06 05:26:00.612  4134  4134 I Input   : injectKeyEvent: KeyEvent { action=ACTION_DOWN, keyCode=KEYCODE_BACK, scanCode=0, metaState=0, flags=0x0, repeatCount=0, eventTime=854777025, downTime=854777025, deviceId=-1, source=0x101 }
08-06 05:26:00.616  4134  4134 I Input   : injectKeyEvent: KeyEvent { action=ACTION_UP, keyCode=KEYCODE_BACK, scanCode=0, metaState=0, flags=0x0, repeatCount=0, eventTime=854777025, downTime=854777025, deviceId=-1, source=0x101 }
08-06 05:26:00.622  4134  4134 D AndroidRuntime: Shutting down VM
08-06 05:26:00.658 13866 13866 I GoogleInputMethodServic: GoogleInputMethodService.onFinishInput():3138 
08-06 05:26:00.658 13866 13866 I GoogleInputMethodServic: GoogleInputMethodService.onStartInput():1808 
08-06 05:26:00.659   356   368 I art     : Starting a blocking GC Explicit
08-06 05:26:00.682   356   368 I art     : Explicit concurrent mark sweep GC freed 1525(85KB) AllocSpace objects, 1(20KB) LOS objects, 22% free, 53MB/69MB, paused 514us total 23.571ms
08-06 05:26:00.692   356   368 I art     : Starting a blocking GC Explicit
08-06 05:26:00.715   356   368 I art     : Explicit concurrent mark sweep GC freed 27(992B) AllocSpace objects, 0(0B) LOS objects, 22% free, 53MB/69MB, paused 475us total 23.018ms
08-06 05:26:00.724   356   368 I art     : Starting a blocking GC Explicit
08-06 05:26:00.745   356   368 I art     : Explicit concurrent mark sweep GC freed 3(96B) AllocSpace objects, 0(0B) LOS objects, 22% free, 53MB/69MB, paused 503us total 20.836ms
08-06 05:26:00.753   356   368 I art     : Starting a blocking GC Explicit
08-06 05:26:00.774   356   368 I art     : Explicit concurrent mark sweep GC freed 3(96B) AllocSpace objects, 0(0B) LOS objects, 22% free, 53MB/69MB, paused 455us total 20.717ms
08-06 05:26:00.783   356   368 I art     : Starting a blocking GC Explicit
08-06 05:26:00.807   356   368 I art     : Explicit concurrent mark sweep GC freed 3(96B) AllocSpace objects, 0(0B) LOS objects, 22% free, 53MB/69MB, paused 520us total 24.081ms
08-06 05:26:00.947   380   380 W SurfaceFlinger: couldn't log to binary event log: overflow.
08-06 05:26:01.076   356  1074 I art     : Starting a blocking GC Explicit
08-06 05:26:01.101   356  1074 I art     : Explicit concurrent mark sweep GC freed 1453(86KB) AllocSpace objects, 1(20KB) LOS objects, 22% free, 53MB/69MB, paused 524us total 24.922ms
08-06 05:26:01.110   356  1074 I art     : Starting a blocking GC Explicit
08-06 05:26:01.132   356  1074 I art     : Explicit concurrent mark sweep GC freed 1671(107KB) AllocSpace objects, 3(180KB) LOS objects, 22% free, 53MB/69MB, paused 529us total 21.689ms
08-06 05:26:01.140   356  1074 I art     : Starting a blocking GC Explicit
08-06 05:26:01.163   356  1074 I art     : Explicit concurrent mark sweep GC freed 3(96B) AllocSpace objects, 0(0B) LOS objects, 22% free, 53MB/69MB, paused 514us total 22.189ms
08-06 05:26:01.172   356  1074 I art     : Starting a blocking GC Explicit
08-06 05:26:01.196   356  1074 I art     : Explicit concurrent mark sweep GC freed 3(96B) AllocSpace objects, 0(0B) LOS objects, 22% free, 53MB/69MB, paused 498us total 23.827ms
08-06 05:26:01.205   356  1074 I art     : Starting a blocking GC Explicit
08-06 05:26:01.229   356  1074 I art     : Explicit concurrent mark sweep GC freed 3(96B) AllocSpace objects, 0(0B) LOS objects, 22% free, 53MB/69MB, paused 492us total 23.605ms
08-06 05:26:01.520   356   547 I art     : Starting a blocking GC Explicit
08-06 05:26:01.555   356   547 I art     : Explicit concurrent mark sweep GC freed 1344(78KB) AllocSpace objects, 1(20KB) LOS objects, 22% free, 53MB/69MB, paused 590us total 34.771ms
08-06 05:26:01.569   356   547 I art     : Starting a blocking GC Explicit
08-06 05:26:01.596   356   547 I art     : Explicit concurrent mark sweep GC freed 20(704B) AllocSpace objects, 0(0B) LOS objects, 22% free, 53MB/69MB, paused 518us total 26.849ms
08-06 05:26:01.605   356   547 I art     : Starting a blocking GC Explicit
08-06 05:26:01.629   356   547 I art     : Explicit concurrent mark sweep GC freed 3(96B) AllocSpace objects, 0(0B) LOS objects, 22% free, 53MB/69MB, paused 475us total 23.543ms
08-06 05:26:01.638   356   547 I art     : Starting a blocking GC Explicit
08-06 05:26:01.662   356   547 I art     : Explicit concurrent mark sweep GC freed 3(96B) AllocSpace objects, 0(0B) LOS objects, 22% free, 53MB/69MB, paused 505us total 23.456ms
08-06 05:26:01.671   356   547 I art     : Starting a blocking GC Explicit
08-06 05:26:01.695   356   547 I art     : Explicit concurrent mark sweep GC freed 3(96B) AllocSpace objects, 0(0B) LOS objects, 22% free, 53MB/69MB, paused 568us total 23.586ms
08-06 05:26:01.971   356   369 I art     : Starting a blocking GC Explicit
08-06 05:26:01.995   356   369 I art     : Explicit concurrent mark sweep GC freed 1344(78KB) AllocSpace objects, 1(20KB) LOS objects, 22% free, 53MB/69MB, paused 529us total 24.175ms
08-06 05:26:02.004   356   369 I art     : Starting a blocking GC Explicit
08-06 05:26:02.028   356   369 I art     : Explicit concurrent mark sweep GC freed 20(704B) AllocSpace objects, 0(0B) LOS objects, 22% free, 53MB/69MB, paused 530us total 23.893ms
08-06 05:26:02.038   356   369 I art     : Starting a blocking GC Explicit
08-06 05:26:02.061   356   369 I art     : Explicit concurrent mark sweep GC freed 3(96B) AllocSpace objects, 0(0B) LOS objects, 22% free, 53MB/69MB, paused 507us total 22.963ms
08-06 05:26:02.070   356   369 I art     : Starting a blocking GC Explicit
08-06 05:26:02.093   356   369 I art     : Explicit concurrent mark sweep GC freed 3(96B) AllocSpace objects, 0(0B) LOS objects, 22% free, 53MB/69MB, paused 506us total 22.810ms
08-06 05:26:02.102   356   369 I art     : Starting a blocking GC Explicit
08-06 05:26:02.125   356   369 I art     : Explicit concurrent mark sweep GC freed 3(96B) AllocSpace objects, 0(0B) LOS objects, 22% free, 53MB/69MB, paused 532us total 23.019ms
08-06 05:26:02.285  4195  4195 D AndroidRuntime: >>>>>> START com.android.internal.os.RuntimeInit uid 2000 <<<<<<
08-06 05:26:02.290  4195  4195 D AndroidRuntime: CheckJNI is OFF
08-06 05:26:02.322  4195  4195 D ICU     : No timezone override file found: /data/misc/zoneinfo/current/icu/icu_tzdata.dat
08-06 05:26:02.355  4195  4195 I Radio-JNI: register_android_hardware_Radio DONE
08-06 05:26:02.378  4195  4195 D AndroidRuntime: Calling main entry com.android.commands.input.Input
08-06 05:26:02.379  4195  4195 I Input   : injectMotionEvent: MotionEvent { action=ACTION_DOWN, actionButton=0, id[0]=0, x[0]=255.0, y[0]=1845.0, toolType[0]=TOOL_TYPE_UNKNOWN, buttonState=0, metaState=0, flags=0x0, edgeFlags=0x0, pointerCount=1, historySize=0, eventTime=854778792, downTime=854778792, deviceId=0, source=0x1002 }
08-06 05:26:02.383  4195  4195 I Input   : injectMotionEvent: MotionEvent { action=ACTION_UP, actionButton=0, id[0]=0, x[0]=255.0, y[0]=1845.0, toolType[0]=TOOL_TYPE_UNKNOWN, buttonState=0, metaState=0, flags=0x0, edgeFlags=0x0, pointerCount=1, historySize=0, eventTime=854778792, downTime=854778792, deviceId=0, source=0x1002 }
08-06 05:26:02.385   918  3670 I ActivityManager: START u0 {cmp=baseline.appteam.nith.hillffair/.activities.ClubActivity (has extras)} from uid 10697 on display 0
08-06 05:26:02.391  4195  4195 D AndroidRuntime: Shutting down VM
08-06 05:26:02.399   356   547 I art     : Starting a blocking GC Explicit
08-06 05:26:02.426   356   547 I art     : Explicit concurrent mark sweep GC freed 4191(240KB) AllocSpace objects, 1(20KB) LOS objects, 22% free, 53MB/69MB, paused 1.057ms total 26.681ms
08-06 05:26:02.436   356   547 I art     : Starting a blocking GC Explicit
08-06 05:26:02.460   356   547 I art     : Explicit concurrent mark sweep GC freed 709(63KB) AllocSpace objects, 0(0B) LOS objects, 22% free, 53MB/69MB, paused 538us total 23.418ms
08-06 05:26:02.468   356   547 I art     : Starting a blocking GC Explicit
08-06 05:26:02.490   918   936 I ActivityManager: Displayed baseline.appteam.nith.hillffair/.activities.ClubActivity: +98ms
08-06 05:26:02.490   356   547 I art     : Explicit concurrent mark sweep GC freed 267(13KB) AllocSpace objects, 0(0B) LOS objects, 22% free, 53MB/69MB, paused 555us total 21.668ms
08-06 05:26:02.490 13866 13866 I GoogleInputMethodServic: GoogleInputMethodService.onFinishInput():3138 
08-06 05:26:02.491 13866 13866 I GoogleInputMethodServic: GoogleInputMethodService.onStartInput():1808 
08-06 05:26:02.499   356   547 I art     : Starting a blocking GC Explicit
08-06 05:26:02.524   356   547 I art     : Explicit concurrent mark sweep GC freed 43(1776B) AllocSpace objects, 0(0B) LOS objects, 22% free, 53MB/69MB, paused 561us total 24.803ms
08-06 05:26:02.533   356   547 I art     : Starting a blocking GC Explicit
08-06 05:26:02.554   356   547 I art     : Explicit concurrent mark sweep GC freed 13(432B) AllocSpace objects, 0(0B) LOS objects, 22% free, 53MB/69MB, paused 508us total 20.915ms
08-06 05:26:02.765   380   380 W SurfaceFlinger: couldn't log to binary event log: overflow.
08-06 05:26:02.838   356   369 I art     : Starting a blocking GC Explicit
08-06 05:26:02.860   356   369 I art     : Explicit concurrent mark sweep GC freed 1344(78KB) AllocSpace objects, 1(20KB) LOS objects, 22% free, 53MB/69MB, paused 535us total 22.173ms
08-06 05:26:02.870   356   369 I art     : Starting a blocking GC Explicit
08-06 05:26:02.894   356   369 I art     : Explicit concurrent mark sweep GC freed 113(6KB) AllocSpace objects, 0(0B) LOS objects, 22% free, 53MB/69MB, paused 596us total 24.466ms
08-06 05:26:02.904   356   369 I art     : Starting a blocking GC Explicit
08-06 05:26:02.928   356   369 I art     : Explicit concurrent mark sweep GC freed 21(816B) AllocSpace objects, 0(0B) LOS objects, 22% free, 53MB/69MB, paused 511us total 23.495ms
08-06 05:26:02.937   356   369 I art     : Starting a blocking GC Explicit
08-06 05:26:02.959   356   369 I art     : Explicit concurrent mark sweep GC freed 13(480B) AllocSpace objects, 0(0B) LOS objects, 22% free, 53MB/69MB, paused 552us total 21.798ms
08-06 05:26:02.967   356   369 I art     : Starting a blocking GC Explicit
08-06 05:26:02.989   356   369 I art     : Explicit concurrent mark sweep GC freed 13(480B) AllocSpace objects, 0(0B) LOS objects, 22% free, 53MB/69MB, paused 529us total 21.969ms
08-06 05:26:03.212   356  4226 D OkHttp  : --> GET https://api-hillfair-2k16.herokuapp.com/api/app/club/Technical%20Committee http/1.1
08-06 05:26:03.246   356  4226 D OkHttp  : <-- 200 OK https://api-hillfair-2k16.herokuapp.com/api/app/club/Technical%20Committee (33ms, 1171-byte body)
08-06 05:26:03.275   356   368 I art     : Starting a blocking GC Explicit
08-06 05:26:03.284   356   356 I NAPPA_EXPERIMENTATION: MetricNetworkRequestExecutionTime: REQUEST_DURATION_SYSTEM='864',REQUEST_DURATION_OKHTTP='34',REQUEST_SYNCHRONOUS='FALSE',RESPONSE_CODE='200',RESPONSE_METHOD='GET',RESPONSE_LENGTH_OKHTTP='1171',RESPONSE_LENGTH_HEADER='1171',REQUEST_PROTOCOL='http/1.1',REQUEST_URL='https://api-hillfair-2k16.herokuapp.com/api/app/club/Technical%20Committee',
08-06 05:26:03.302   356   368 I art     : Explicit concurrent mark sweep GC freed 4395(283KB) AllocSpace objects, 4(220KB) LOS objects, 22% free, 54MB/70MB, paused 743us total 26.527ms
08-06 05:26:03.311   356   368 I art     : Starting a blocking GC Explicit
08-06 05:26:03.334   356   368 I art     : Explicit concurrent mark sweep GC freed 1459(178KB) AllocSpace objects, 0(0B) LOS objects, 22% free, 54MB/70MB, paused 569us total 22.853ms
08-06 05:26:03.344   356   368 I art     : Starting a blocking GC Explicit
08-06 05:26:03.367   356   368 I art     : Explicit concurrent mark sweep GC freed 42(1536B) AllocSpace objects, 0(0B) LOS objects, 22% free, 54MB/70MB, paused 539us total 22.795ms
08-06 05:26:03.376   356   368 I art     : Starting a blocking GC Explicit
08-06 05:26:03.398   356   368 I art     : Explicit concurrent mark sweep GC freed 3(96B) AllocSpace objects, 0(0B) LOS objects, 22% free, 54MB/70MB, paused 500us total 21.679ms
08-06 05:26:03.406   356   368 I art     : Starting a blocking GC Explicit
08-06 05:26:03.430   356   368 I art     : Explicit concurrent mark sweep GC freed 3(96B) AllocSpace objects, 0(0B) LOS objects, 22% free, 54MB/70MB, paused 514us total 23.154ms
08-06 05:26:03.704   518   646 I ThermalEngine: ACTION: GPU - Setting GPU[0] to 450000000
08-06 05:26:03.718   356   369 I art     : Starting a blocking GC Explicit
08-06 05:26:03.751   356   369 I art     : Explicit concurrent mark sweep GC freed 1344(78KB) AllocSpace objects, 1(20KB) LOS objects, 22% free, 54MB/70MB, paused 721us total 32.198ms
08-06 05:26:03.765   356   369 I art     : Starting a blocking GC Explicit
08-06 05:26:03.796   356   369 I art     : Explicit concurrent mark sweep GC freed 36(1264B) AllocSpace objects, 0(0B) LOS objects, 22% free, 54MB/70MB, paused 699us total 30.966ms
08-06 05:26:03.808   356   369 I art     : Starting a blocking GC Explicit
08-06 05:26:03.839   356   369 I art     : Explicit concurrent mark sweep GC freed 3(96B) AllocSpace objects, 0(0B) LOS objects, 22% free, 54MB/70MB, paused 707us total 31.214ms
08-06 05:26:03.851   356   369 I art     : Starting a blocking GC Explicit
08-06 05:26:03.883   356   369 I art     : Explicit concurrent mark sweep GC freed 3(96B) AllocSpace objects, 0(0B) LOS objects, 22% free, 54MB/70MB, paused 705us total 31.491ms
08-06 05:26:03.895   356   369 I art     : Starting a blocking GC Explicit
08-06 05:26:03.926   356   369 I art     : Explicit concurrent mark sweep GC freed 3(96B) AllocSpace objects, 0(0B) LOS objects, 22% free, 54MB/70MB, paused 708us total 31.099ms
08-06 05:26:04.244   356  1074 I art     : Starting a blocking GC Explicit
08-06 05:26:04.281   356  1074 I art     : Explicit concurrent mark sweep GC freed 1345(78KB) AllocSpace objects, 1(20KB) LOS objects, 22% free, 54MB/70MB, paused 702us total 36.411ms
08-06 05:26:04.293   356  1074 I art     : Starting a blocking GC Explicit
08-06 05:26:04.325   356  1074 I art     : Explicit concurrent mark sweep GC freed 20(704B) AllocSpace objects, 0(0B) LOS objects, 22% free, 54MB/70MB, paused 704us total 31.211ms
08-06 05:26:04.337   356  1074 I art     : Starting a blocking GC Explicit
08-06 05:26:04.371   356  1074 I art     : Explicit concurrent mark sweep GC freed 3(96B) AllocSpace objects, 0(0B) LOS objects, 22% free, 54MB/70MB, paused 702us total 33.737ms
08-06 05:26:04.383   356  1074 I art     : Starting a blocking GC Explicit
08-06 05:26:04.418   356  1074 I art     : Explicit concurrent mark sweep GC freed 3(96B) AllocSpace objects, 0(0B) LOS objects, 22% free, 54MB/70MB, paused 739us total 34.858ms
08-06 05:26:04.433   356  1074 I art     : Starting a blocking GC Explicit
08-06 05:26:04.469   356  1074 I art     : Explicit concurrent mark sweep GC freed 3(96B) AllocSpace objects, 0(0B) LOS objects, 22% free, 54MB/70MB, paused 723us total 35.698ms
08-06 05:26:04.807   356   547 I art     : Starting a blocking GC Explicit
08-06 05:26:04.853   356   547 I art     : Explicit concurrent mark sweep GC freed 1344(78KB) AllocSpace objects, 1(20KB) LOS objects, 22% free, 54MB/70MB, paused 875us total 44.794ms
08-06 05:26:04.868   356   547 I art     : Starting a blocking GC Explicit
08-06 05:26:04.901   356   547 I art     : Explicit concurrent mark sweep GC freed 20(704B) AllocSpace objects, 0(0B) LOS objects, 22% free, 54MB/70MB, paused 713us total 32.450ms
08-06 05:26:04.913   356   547 I art     : Starting a blocking GC Explicit
08-06 05:26:04.947   356   547 I art     : Explicit concurrent mark sweep GC freed 3(96B) AllocSpace objects, 0(0B) LOS objects, 22% free, 54MB/70MB, paused 881us total 34.276ms
08-06 05:26:04.960   356   547 I art     : Starting a blocking GC Explicit
08-06 05:26:04.993   356   547 I art     : Explicit concurrent mark sweep GC freed 3(96B) AllocSpace objects, 0(0B) LOS objects, 22% free, 54MB/70MB, paused 698us total 33.189ms
08-06 05:26:05.005   356   547 I art     : Starting a blocking GC Explicit
08-06 05:26:05.040   356   547 I art     : Explicit concurrent mark sweep GC freed 3(96B) AllocSpace objects, 0(0B) LOS objects, 22% free, 54MB/70MB, paused 730us total 34.523ms
08-06 05:26:05.371   356   368 I art     : Starting a blocking GC Explicit
08-06 05:26:05.403   356   368 I art     : Explicit concurrent mark sweep GC freed 1344(78KB) AllocSpace objects, 1(20KB) LOS objects, 22% free, 54MB/70MB, paused 721us total 32.066ms
08-06 05:26:05.415   356   368 I art     : Starting a blocking GC Explicit
08-06 05:26:05.447   356   368 I art     : Explicit concurrent mark sweep GC freed 20(704B) AllocSpace objects, 0(0B) LOS objects, 22% free, 54MB/70MB, paused 855us total 31.529ms
08-06 05:26:05.459   356   368 I art     : Starting a blocking GC Explicit
08-06 05:26:05.492   356   368 I art     : Explicit concurrent mark sweep GC freed 3(96B) AllocSpace objects, 0(0B) LOS objects, 22% free, 54MB/70MB, paused 720us total 32.640ms
08-06 05:26:05.504   356   368 I art     : Starting a blocking GC Explicit
08-06 05:26:05.539   356   368 I art     : Explicit concurrent mark sweep GC freed 3(96B) AllocSpace objects, 0(0B) LOS objects, 22% free, 54MB/70MB, paused 718us total 34.539ms
08-06 05:26:05.552   356   368 I art     : Starting a blocking GC Explicit
08-06 05:26:05.586   356   368 I art     : Explicit concurrent mark sweep GC freed 3(96B) AllocSpace objects, 0(0B) LOS objects, 22% free, 54MB/70MB, paused 729us total 34.471ms
08-06 05:26:05.940   356  4004 I art     : Starting a blocking GC Explicit
08-06 05:26:05.980   356  4004 I art     : Explicit concurrent mark sweep GC freed 1344(78KB) AllocSpace objects, 1(20KB) LOS objects, 22% free, 54MB/70MB, paused 712us total 39.674ms
08-06 05:26:05.992   356  4004 I art     : Starting a blocking GC Explicit
08-06 05:26:06.025   356  4004 I art     : Explicit concurrent mark sweep GC freed 20(704B) AllocSpace objects, 0(0B) LOS objects, 22% free, 54MB/70MB, paused 711us total 32.972ms
08-06 05:26:06.037   356  4004 I art     : Starting a blocking GC Explicit
08-06 05:26:06.072   356  4004 I art     : Explicit concurrent mark sweep GC freed 3(96B) AllocSpace objects, 0(0B) LOS objects, 22% free, 54MB/70MB, paused 729us total 33.992ms
08-06 05:26:06.084   356  4004 I art     : Starting a blocking GC Explicit
08-06 05:26:06.118   356  4004 I art     : Explicit concurrent mark sweep GC freed 3(96B) AllocSpace objects, 0(0B) LOS objects, 22% free, 54MB/70MB, paused 708us total 33.351ms
08-06 05:26:06.130   356  4004 I art     : Starting a blocking GC Explicit
08-06 05:26:06.165   356  4004 I art     : Explicit concurrent mark sweep GC freed 3(96B) AllocSpace objects, 0(0B) LOS objects, 22% free, 54MB/70MB, paused 730us total 34.401ms
08-06 05:26:06.497   356   369 I art     : Starting a blocking GC Explicit
08-06 05:26:06.542   356   369 I art     : Explicit concurrent mark sweep GC freed 1344(78KB) AllocSpace objects, 1(20KB) LOS objects, 22% free, 54MB/70MB, paused 783us total 44.593ms
08-06 05:26:06.557   356   369 I art     : Starting a blocking GC Explicit
08-06 05:26:06.592   356   369 I art     : Explicit concurrent mark sweep GC freed 20(704B) AllocSpace objects, 0(0B) LOS objects, 22% free, 54MB/70MB, paused 743us total 34.371ms
08-06 05:26:06.604   356   369 I art     : Starting a blocking GC Explicit
08-06 05:26:06.637   356   369 I art     : Explicit concurrent mark sweep GC freed 3(96B) AllocSpace objects, 0(0B) LOS objects, 22% free, 54MB/70MB, paused 897us total 33.195ms
08-06 05:26:06.650   356   369 I art     : Starting a blocking GC Explicit
08-06 05:26:06.681   356   369 I art     : Explicit concurrent mark sweep GC freed 3(96B) AllocSpace objects, 0(0B) LOS objects, 22% free, 54MB/70MB, paused 680us total 31.590ms
08-06 05:26:06.694   356   369 I art     : Starting a blocking GC Explicit
08-06 05:26:06.710   518   646 I ThermalEngine: ACTION: GPU - Setting GPU[0] to 510000000
08-06 05:26:06.723   356   369 I art     : Explicit concurrent mark sweep GC freed 3(96B) AllocSpace objects, 0(0B) LOS objects, 22% free, 54MB/70MB, paused 735us total 28.673ms
08-06 05:26:07.044   356  1074 I art     : Starting a blocking GC Explicit
08-06 05:26:07.075   356  1074 I art     : Explicit concurrent mark sweep GC freed 1344(78KB) AllocSpace objects, 1(20KB) LOS objects, 22% free, 54MB/70MB, paused 579us total 30.236ms
08-06 05:26:07.084   356  1074 I art     : Starting a blocking GC Explicit
08-06 05:26:07.100  4309  4309 D AndroidRuntime: >>>>>> START com.android.internal.os.RuntimeInit uid 2000 <<<<<<
08-06 05:26:07.105  4309  4309 D AndroidRuntime: CheckJNI is OFF
08-06 05:26:07.109   356  1074 I art     : Explicit concurrent mark sweep GC freed 20(704B) AllocSpace objects, 0(0B) LOS objects, 22% free, 54MB/70MB, paused 564us total 24.810ms
08-06 05:26:07.118   356  1074 I art     : Starting a blocking GC Explicit
08-06 05:26:07.139  4309  4309 D ICU     : No timezone override file found: /data/misc/zoneinfo/current/icu/icu_tzdata.dat
08-06 05:26:07.141   356  1074 I art     : Explicit concurrent mark sweep GC freed 3(96B) AllocSpace objects, 0(0B) LOS objects, 22% free, 54MB/70MB, paused 560us total 22.708ms
08-06 05:26:07.150   356  1074 I art     : Starting a blocking GC Explicit
08-06 05:26:07.172  4309  4309 I Radio-JNI: register_android_hardware_Radio DONE
08-06 05:26:07.173   356  1074 I art     : Explicit concurrent mark sweep GC freed 3(96B) AllocSpace objects, 0(0B) LOS objects, 22% free, 54MB/70MB, paused 565us total 23.233ms
08-06 05:26:07.182   356  1074 I art     : Starting a blocking GC Explicit
08-06 05:26:07.195  4309  4309 D AndroidRuntime: Calling main entry com.android.commands.input.Input
08-06 05:26:07.196  4309  4309 I Input   : injectKeyEvent: KeyEvent { action=ACTION_DOWN, keyCode=KEYCODE_BACK, scanCode=0, metaState=0, flags=0x0, repeatCount=0, eventTime=854783609, downTime=854783609, deviceId=-1, source=0x101 }
08-06 05:26:07.202  4309  4309 I Input   : injectKeyEvent: KeyEvent { action=ACTION_UP, keyCode=KEYCODE_BACK, scanCode=0, metaState=0, flags=0x0, repeatCount=0, eventTime=854783609, downTime=854783609, deviceId=-1, source=0x101 }
08-06 05:26:07.205   356  1074 I art     : Explicit concurrent mark sweep GC freed 5(208B) AllocSpace objects, 0(0B) LOS objects, 22% free, 54MB/70MB, paused 610us total 23.185ms
08-06 05:26:07.209  4309  4309 D AndroidRuntime: Shutting down VM
08-06 05:26:07.249 13866 13866 I GoogleInputMethodServic: GoogleInputMethodService.onFinishInput():3138 
08-06 05:26:07.249 13866 13866 I GoogleInputMethodServic: GoogleInputMethodService.onStartInput():1808 
08-06 05:26:07.452   356   547 I art     : Starting a blocking GC Explicit
08-06 05:26:07.476   356   547 I art     : Explicit concurrent mark sweep GC freed 1524(85KB) AllocSpace objects, 1(20KB) LOS objects, 22% free, 54MB/70MB, paused 512us total 23.790ms
08-06 05:26:07.485   356   547 I art     : Starting a blocking GC Explicit
08-06 05:26:07.511   356   547 I art     : Explicit concurrent mark sweep GC freed 26(944B) AllocSpace objects, 0(0B) LOS objects, 22% free, 54MB/70MB, paused 603us total 25.694ms
08-06 05:26:07.522   356   547 I art     : Starting a blocking GC Explicit
08-06 05:26:07.545   356   547 I art     : Explicit concurrent mark sweep GC freed 3(96B) AllocSpace objects, 0(0B) LOS objects, 22% free, 54MB/70MB, paused 526us total 22.737ms
08-06 05:26:07.553   380   380 W SurfaceFlinger: couldn't log to binary event log: overflow.
08-06 05:26:07.555   356   547 I art     : Starting a blocking GC Explicit
08-06 05:26:07.579   356   547 I art     : Explicit concurrent mark sweep GC freed 109(8KB) AllocSpace objects, 0(0B) LOS objects, 22% free, 54MB/70MB, paused 513us total 23.588ms
08-06 05:26:07.587   356   547 I art     : Starting a blocking GC Explicit
08-06 05:26:07.609   356   547 I art     : Explicit concurrent mark sweep GC freed 116(6KB) AllocSpace objects, 0(0B) LOS objects, 22% free, 54MB/70MB, paused 505us total 21.663ms
08-06 05:26:07.872   356   368 I art     : Starting a blocking GC Explicit
08-06 05:26:07.901   356   368 I art     : Explicit concurrent mark sweep GC freed 2884(180KB) AllocSpace objects, 4(200KB) LOS objects, 22% free, 53MB/69MB, paused 579us total 28.398ms
08-06 05:26:07.914   356   368 I art     : Starting a blocking GC Explicit
08-06 05:26:07.940   356   368 I art     : Explicit concurrent mark sweep GC freed 22(784B) AllocSpace objects, 0(0B) LOS objects, 22% free, 53MB/69MB, paused 540us total 26.396ms
08-06 05:26:07.950   356   368 I art     : Starting a blocking GC Explicit
08-06 05:26:07.975   356   368 I art     : Explicit concurrent mark sweep GC freed 3(96B) AllocSpace objects, 0(0B) LOS objects, 22% free, 53MB/69MB, paused 538us total 24.898ms
08-06 05:26:07.984   356   368 I art     : Starting a blocking GC Explicit
08-06 05:26:08.009   356   368 I art     : Explicit concurrent mark sweep GC freed 3(96B) AllocSpace objects, 0(0B) LOS objects, 22% free, 53MB/69MB, paused 546us total 25.007ms
08-06 05:26:08.019   356   368 I art     : Starting a blocking GC Explicit
08-06 05:26:08.043   356   368 I art     : Explicit concurrent mark sweep GC freed 3(96B) AllocSpace objects, 0(0B) LOS objects, 22% free, 53MB/69MB, paused 529us total 24.233ms
08-06 05:26:08.331   356   369 I art     : Starting a blocking GC Explicit
08-06 05:26:08.363   356   369 I art     : Explicit concurrent mark sweep GC freed 1344(78KB) AllocSpace objects, 1(20KB) LOS objects, 22% free, 53MB/69MB, paused 571us total 30.785ms
08-06 05:26:08.377   356   369 I art     : Starting a blocking GC Explicit
08-06 05:26:08.403   356   369 I art     : Explicit concurrent mark sweep GC freed 20(704B) AllocSpace objects, 0(0B) LOS objects, 22% free, 53MB/69MB, paused 526us total 25.311ms
08-06 05:26:08.412   356   369 I art     : Starting a blocking GC Explicit
08-06 05:26:08.436   356   369 I art     : Explicit concurrent mark sweep GC freed 3(96B) AllocSpace objects, 0(0B) LOS objects, 22% free, 53MB/69MB, paused 523us total 23.661ms
08-06 05:26:08.445   356   369 I art     : Starting a blocking GC Explicit
08-06 05:26:08.469   356   369 I art     : Explicit concurrent mark sweep GC freed 3(96B) AllocSpace objects, 0(0B) LOS objects, 22% free, 53MB/69MB, paused 550us total 23.322ms
08-06 05:26:08.478   356   369 I art     : Starting a blocking GC Explicit
08-06 05:26:08.501   356   369 I art     : Explicit concurrent mark sweep GC freed 3(96B) AllocSpace objects, 0(0B) LOS objects, 22% free, 53MB/69MB, paused 522us total 22.627ms
08-06 05:26:08.672 32067 32067 I ServiceManager: Waiting for service AtCmdFwd...
08-06 05:26:08.790   356  4004 I art     : Starting a blocking GC Explicit
08-06 05:26:08.815   356  4004 I art     : Explicit concurrent mark sweep GC freed 1357(78KB) AllocSpace objects, 1(20KB) LOS objects, 22% free, 53MB/69MB, paused 546us total 24.340ms
08-06 05:26:08.824   356  4004 I art     : Starting a blocking GC Explicit
08-06 05:26:08.848   356  4004 I art     : Explicit concurrent mark sweep GC freed 34(1136B) AllocSpace objects, 0(0B) LOS objects, 22% free, 53MB/69MB, paused 550us total 23.944ms
08-06 05:26:08.858   356  4004 I art     : Starting a blocking GC Explicit
08-06 05:26:08.860  4364  4364 D AndroidRuntime: >>>>>> START com.android.internal.os.RuntimeInit uid 2000 <<<<<<
08-06 05:26:08.864  4364  4364 D AndroidRuntime: CheckJNI is OFF
08-06 05:26:08.882   356  4004 I art     : Explicit concurrent mark sweep GC freed 3(96B) AllocSpace objects, 0(0B) LOS objects, 22% free, 53MB/69MB, paused 521us total 23.195ms
08-06 05:26:08.890   356  4004 I art     : Starting a blocking GC Explicit
08-06 05:26:08.901  4364  4364 D ICU     : No timezone override file found: /data/misc/zoneinfo/current/icu/icu_tzdata.dat
08-06 05:26:08.914   356  4004 I art     : Explicit concurrent mark sweep GC freed 3(96B) AllocSpace objects, 0(0B) LOS objects, 22% free, 53MB/69MB, paused 507us total 23.142ms
08-06 05:26:08.922   356  4004 I art     : Starting a blocking GC Explicit
08-06 05:26:08.935  4364  4364 I Radio-JNI: register_android_hardware_Radio DONE
08-06 05:26:08.945   356  4004 I art     : Explicit concurrent mark sweep GC freed 3(96B) AllocSpace objects, 0(0B) LOS objects, 22% free, 53MB/69MB, paused 536us total 22.628ms
08-06 05:26:08.957  4364  4364 D AndroidRuntime: Calling main entry com.android.commands.input.Input
08-06 05:26:08.959  4364  4364 I Input   : injectMotionEvent: MotionEvent { action=ACTION_DOWN, actionButton=0, id[0]=0, x[0]=255.0, y[0]=1845.0, toolType[0]=TOOL_TYPE_UNKNOWN, buttonState=0, metaState=0, flags=0x0, edgeFlags=0x0, pointerCount=1, historySize=0, eventTime=854785371, downTime=854785371, deviceId=0, source=0x1002 }
08-06 05:26:08.964  4364  4364 I Input   : injectMotionEvent: MotionEvent { action=ACTION_UP, actionButton=0, id[0]=0, x[0]=255.0, y[0]=1845.0, toolType[0]=TOOL_TYPE_UNKNOWN, buttonState=0, metaState=0, flags=0x0, edgeFlags=0x0, pointerCount=1, historySize=0, eventTime=854785371, downTime=854785371, deviceId=0, source=0x1002 }
08-06 05:26:08.965   918  5132 I ActivityManager: START u0 {cmp=baseline.appteam.nith.hillffair/.activities.ClubActivity (has extras)} from uid 10697 on display 0
08-06 05:26:08.975  4364  4364 D AndroidRuntime: Shutting down VM
08-06 05:26:09.061   356   356 I NAPPA_EXPERIMENTATION: MetricNetworkRequestExecutionTime: REQUEST_DURATION_SYSTEM='60',REQUEST_DURATION_OKHTTP='34',REQUEST_SYNCHRONOUS='FALSE',RESPONSE_CODE='200',RESPONSE_METHOD='GET',RESPONSE_LENGTH_OKHTTP='1171',RESPONSE_LENGTH_HEADER='-2',REQUEST_PROTOCOL='http/1.1',REQUEST_URL='https://api-hillfair-2k16.herokuapp.com/api/app/club/Technical%20Committee',
08-06 05:26:09.068   918   936 I ActivityManager: Displayed baseline.appteam.nith.hillffair/.activities.ClubActivity: +92ms
08-06 05:26:09.068 13866 13866 I GoogleInputMethodServic: GoogleInputMethodService.onFinishInput():3138 
08-06 05:26:09.069 13866 13866 I GoogleInputMethodServic: GoogleInputMethodService.onStartInput():1808 
08-06 05:26:09.197   356   547 I art     : Starting a blocking GC Explicit
08-06 05:26:09.233   356   547 I art     : Explicit concurrent mark sweep GC freed 5758(416KB) AllocSpace objects, 1(20KB) LOS objects, 22% free, 54MB/70MB, paused 589us total 35.402ms
08-06 05:26:09.245   356   547 I art     : Starting a blocking GC Explicit
08-06 05:26:09.274   356   547 I art     : Explicit concurrent mark sweep GC freed 278(12KB) AllocSpace objects, 0(0B) LOS objects, 22% free, 54MB/70MB, paused 873us total 29.018ms
08-06 05:26:09.285   356   547 I art     : Starting a blocking GC Explicit
08-06 05:26:09.315   356   547 I art     : Explicit concurrent mark sweep GC freed 3(96B) AllocSpace objects, 0(0B) LOS objects, 22% free, 54MB/70MB, paused 495us total 29.647ms
08-06 05:26:09.323   380   380 W SurfaceFlinger: couldn't log to binary event log: overflow.
08-06 05:26:09.327   356   547 I art     : Starting a blocking GC Explicit
08-06 05:26:09.351   356   547 I art     : Explicit concurrent mark sweep GC freed 3(96B) AllocSpace objects, 0(0B) LOS objects, 22% free, 54MB/70MB, paused 504us total 23.934ms
08-06 05:26:09.360   356   547 I art     : Starting a blocking GC Explicit
08-06 05:26:09.381   356   547 I art     : Explicit concurrent mark sweep GC freed 3(96B) AllocSpace objects, 0(0B) LOS objects, 22% free, 54MB/70MB, paused 478us total 21.299ms
08-06 05:26:09.666   356   368 I art     : Starting a blocking GC Explicit
08-06 05:26:09.673 32067 32067 I ServiceManager: Waiting for service AtCmdFwd...
08-06 05:26:09.692   356   368 I art     : Explicit concurrent mark sweep GC freed 1444(84KB) AllocSpace objects, 1(20KB) LOS objects, 22% free, 54MB/70MB, paused 539us total 25.632ms
08-06 05:26:09.702   356   368 I art     : Starting a blocking GC Explicit
08-06 05:26:09.717   518   646 I ThermalEngine: ACTION: GPU - Setting GPU[0] to 450000000
08-06 05:26:09.730   356   368 I art     : Explicit concurrent mark sweep GC freed 36(1264B) AllocSpace objects, 0(0B) LOS objects, 22% free, 54MB/70MB, paused 707us total 27.941ms
08-06 05:26:09.742   356   368 I art     : Starting a blocking GC Explicit
08-06 05:26:09.773   356   368 I art     : Explicit concurrent mark sweep GC freed 3(96B) AllocSpace objects, 0(0B) LOS objects, 22% free, 54MB/70MB, paused 782us total 30.915ms
08-06 05:26:09.785   356   368 I art     : Starting a blocking GC Explicit
08-06 05:26:09.816   356   368 I art     : Explicit concurrent mark sweep GC freed 3(96B) AllocSpace objects, 0(0B) LOS objects, 22% free, 54MB/70MB, paused 705us total 30.992ms
08-06 05:26:09.828   356   368 I art     : Starting a blocking GC Explicit
08-06 05:26:09.859   356   368 I art     : Explicit concurrent mark sweep GC freed 3(96B) AllocSpace objects, 0(0B) LOS objects, 22% free, 54MB/70MB, paused 723us total 30.922ms
08-06 05:26:10.168   356  1074 I art     : Starting a blocking GC Explicit
08-06 05:26:10.207   356  1074 I art     : Explicit concurrent mark sweep GC freed 1344(78KB) AllocSpace objects, 1(20KB) LOS objects, 22% free, 54MB/70MB, paused 758us total 38.749ms
08-06 05:26:10.221   356  1074 I art     : Starting a blocking GC Explicit
08-06 05:26:10.253   356  1074 I art     : Explicit concurrent mark sweep GC freed 20(704B) AllocSpace objects, 0(0B) LOS objects, 22% free, 54MB/70MB, paused 720us total 32.112ms
08-06 05:26:10.265   356  1074 I art     : Starting a blocking GC Explicit
08-06 05:26:10.297   356  1074 I art     : Explicit concurrent mark sweep GC freed 3(96B) AllocSpace objects, 0(0B) LOS objects, 22% free, 54MB/70MB, paused 705us total 31.225ms
08-06 05:26:10.309   356  1074 I art     : Starting a blocking GC Explicit
08-06 05:26:10.341   356  1074 I art     : Explicit concurrent mark sweep GC freed 3(96B) AllocSpace objects, 0(0B) LOS objects, 22% free, 54MB/70MB, paused 733us total 31.718ms
08-06 05:26:10.353   356  1074 I art     : Starting a blocking GC Explicit
08-06 05:26:10.384   356  1074 I art     : Explicit concurrent mark sweep GC freed 3(96B) AllocSpace objects, 0(0B) LOS objects, 22% free, 54MB/70MB, paused 713us total 31.218ms
08-06 05:26:10.673 32067 32067 I ServiceManager: Waiting for service AtCmdFwd...
08-06 05:26:10.711   356   369 I art     : Starting a blocking GC Explicit
08-06 05:26:10.756   356   369 I art     : Explicit concurrent mark sweep GC freed 1344(78KB) AllocSpace objects, 1(20KB) LOS objects, 22% free, 54MB/70MB, paused 839us total 44.509ms
08-06 05:26:10.773   356   369 I art     : Starting a blocking GC Explicit
08-06 05:26:10.808   356   369 I art     : Explicit concurrent mark sweep GC freed 20(704B) AllocSpace objects, 0(0B) LOS objects, 22% free, 54MB/70MB, paused 764us total 35.264ms
08-06 05:26:10.821   356   369 I art     : Starting a blocking GC Explicit
08-06 05:26:10.855   356   369 I art     : Explicit concurrent mark sweep GC freed 3(96B) AllocSpace objects, 0(0B) LOS objects, 22% free, 54MB/70MB, paused 736us total 34.339ms
08-06 05:26:10.868   356   369 I art     : Starting a blocking GC Explicit
08-06 05:26:10.901   356   369 I art     : Explicit concurrent mark sweep GC freed 3(96B) AllocSpace objects, 0(0B) LOS objects, 22% free, 54MB/70MB, paused 727us total 33.366ms
08-06 05:26:10.914   356   369 I art     : Starting a blocking GC Explicit
08-06 05:26:10.949   356   369 I art     : Explicit concurrent mark sweep GC freed 3(96B) AllocSpace objects, 0(0B) LOS objects, 22% free, 54MB/70MB, paused 754us total 34.416ms
08-06 05:26:11.293   356   547 I art     : Starting a blocking GC Explicit
08-06 05:26:11.338   356   547 I art     : Explicit concurrent mark sweep GC freed 1344(78KB) AllocSpace objects, 1(20KB) LOS objects, 22% free, 54MB/70MB, paused 797us total 44.272ms
08-06 05:26:11.355   356   547 I art     : Starting a blocking GC Explicit
08-06 05:26:11.390   356   547 I art     : Explicit concurrent mark sweep GC freed 20(704B) AllocSpace objects, 0(0B) LOS objects, 22% free, 54MB/70MB, paused 750us total 34.012ms
08-06 05:26:11.402   356   547 I art     : Starting a blocking GC Explicit
08-06 05:26:11.436   356   547 I art     : Explicit concurrent mark sweep GC freed 3(96B) AllocSpace objects, 0(0B) LOS objects, 22% free, 54MB/70MB, paused 698us total 33.794ms
08-06 05:26:11.448   356   547 I art     : Starting a blocking GC Explicit
08-06 05:26:11.483   356   547 I art     : Explicit concurrent mark sweep GC freed 3(96B) AllocSpace objects, 0(0B) LOS objects, 22% free, 54MB/70MB, paused 833us total 34.192ms
08-06 05:26:11.495   356   547 I art     : Starting a blocking GC Explicit
08-06 05:26:11.530   356   547 I art     : Explicit concurrent mark sweep GC freed 3(96B) AllocSpace objects, 0(0B) LOS objects, 22% free, 54MB/70MB, paused 731us total 34.349ms
08-06 05:26:11.674 32067 32067 I ServiceManager: Waiting for service AtCmdFwd...
08-06 05:26:11.892   356  4004 I art     : Starting a blocking GC Explicit
08-06 05:26:11.931   356  4004 I art     : Explicit concurrent mark sweep GC freed 1344(78KB) AllocSpace objects, 1(20KB) LOS objects, 22% free, 54MB/70MB, paused 805us total 39.037ms
08-06 05:26:11.952   356  4004 I art     : Starting a blocking GC Explicit
08-06 05:26:11.987   356  4004 I art     : Explicit concurrent mark sweep GC freed 20(704B) AllocSpace objects, 0(0B) LOS objects, 22% free, 54MB/70MB, paused 743us total 34.515ms
08-06 05:26:11.999   356  4004 I art     : Starting a blocking GC Explicit
08-06 05:26:12.033   356  4004 I art     : Explicit concurrent mark sweep GC freed 3(96B) AllocSpace objects, 0(0B) LOS objects, 22% free, 54MB/70MB, paused 729us total 33.975ms
08-06 05:26:12.045   356  4004 I art     : Starting a blocking GC Explicit
08-06 05:26:12.080   356  4004 I art     : Explicit concurrent mark sweep GC freed 3(96B) AllocSpace objects, 0(0B) LOS objects, 22% free, 54MB/70MB, paused 728us total 34.334ms
08-06 05:26:12.092   356  4004 I art     : Starting a blocking GC Explicit
08-06 05:26:12.127   356  4004 I art     : Explicit concurrent mark sweep GC freed 3(96B) AllocSpace objects, 0(0B) LOS objects, 22% free, 54MB/70MB, paused 784us total 34.571ms
08-06 05:26:12.462   356   368 I art     : Starting a blocking GC Explicit
08-06 05:26:12.501   356   368 I art     : Explicit concurrent mark sweep GC freed 1344(78KB) AllocSpace objects, 1(20KB) LOS objects, 22% free, 54MB/70MB, paused 740us total 38.193ms
08-06 05:26:12.517   356   368 I art     : Starting a blocking GC Explicit
08-06 05:26:12.553   356   368 I art     : Explicit concurrent mark sweep GC freed 20(704B) AllocSpace objects, 0(0B) LOS objects, 22% free, 54MB/70MB, paused 737us total 36.003ms
08-06 05:26:12.565   356   368 I art     : Starting a blocking GC Explicit
08-06 05:26:12.600   356   368 I art     : Explicit concurrent mark sweep GC freed 3(96B) AllocSpace objects, 0(0B) LOS objects, 22% free, 54MB/70MB, paused 728us total 34.456ms
08-06 05:26:12.612   356   368 I art     : Starting a blocking GC Explicit
08-06 05:26:12.645   356   368 I art     : Explicit concurrent mark sweep GC freed 3(96B) AllocSpace objects, 0(0B) LOS objects, 22% free, 54MB/70MB, paused 684us total 32.543ms
08-06 05:26:12.658   356   368 I art     : Starting a blocking GC Explicit
08-06 05:26:12.675 32067 32067 I ServiceManager: Waiting for service AtCmdFwd...
08-06 05:26:12.692   356   368 I art     : Explicit concurrent mark sweep GC freed 3(96B) AllocSpace objects, 0(0B) LOS objects, 22% free, 54MB/70MB, paused 734us total 34.335ms
08-06 05:26:12.723   518   646 I ThermalEngine: ACTION: GPU - Setting GPU[0] to 510000000
08-06 05:26:13.020   356  1074 I art     : Starting a blocking GC Explicit
08-06 05:26:13.055   356  1074 I art     : Explicit concurrent mark sweep GC freed 1344(78KB) AllocSpace objects, 1(20KB) LOS objects, 22% free, 54MB/70MB, paused 581us total 34.817ms
08-06 05:26:13.068   356  1074 I art     : Starting a blocking GC Explicit
08-06 05:26:13.093   356  1074 I art     : Explicit concurrent mark sweep GC freed 20(704B) AllocSpace objects, 0(0B) LOS objects, 22% free, 54MB/70MB, paused 539us total 25.056ms
08-06 05:26:13.102   356  1074 I art     : Starting a blocking GC Explicit
08-06 05:26:13.129   356  1074 I art     : Explicit concurrent mark sweep GC freed 3(96B) AllocSpace objects, 0(0B) LOS objects, 22% free, 54MB/70MB, paused 541us total 26.098ms
08-06 05:26:13.138   356  1074 I art     : Starting a blocking GC Explicit
08-06 05:26:13.163   356  1074 I art     : Explicit concurrent mark sweep GC freed 3(96B) AllocSpace objects, 0(0B) LOS objects, 22% free, 54MB/70MB, paused 549us total 25.124ms
08-06 05:26:13.173   356  1074 I art     : Starting a blocking GC Explicit
08-06 05:26:13.199   356  1074 I art     : Explicit concurrent mark sweep GC freed 3(96B) AllocSpace objects, 0(0B) LOS objects, 22% free, 54MB/70MB, paused 523us total 25.582ms
08-06 05:26:13.461   356   369 I art     : Starting a blocking GC Explicit
08-06 05:26:13.487   356   369 I art     : Explicit concurrent mark sweep GC freed 1344(78KB) AllocSpace objects, 1(20KB) LOS objects, 22% free, 54MB/70MB, paused 604us total 25.650ms
08-06 05:26:13.497   356   369 I art     : Starting a blocking GC Explicit
08-06 05:26:13.521   356   369 I art     : Explicit concurrent mark sweep GC freed 20(704B) AllocSpace objects, 0(0B) LOS objects, 22% free, 54MB/70MB, paused 554us total 24.322ms
08-06 05:26:13.530   356   369 I art     : Starting a blocking GC Explicit
08-06 05:26:13.554   356   369 I art     : Explicit concurrent mark sweep GC freed 3(96B) AllocSpace objects, 0(0B) LOS objects, 22% free, 54MB/70MB, paused 591us total 24.029ms
08-06 05:26:13.564   356   369 I art     : Starting a blocking GC Explicit
08-06 05:26:13.588   356   369 I art     : Explicit concurrent mark sweep GC freed 3(96B) AllocSpace objects, 0(0B) LOS objects, 22% free, 54MB/70MB, paused 539us total 24.419ms
08-06 05:26:13.598   356   369 I art     : Starting a blocking GC Explicit
08-06 05:26:13.622   356   369 I art     : Explicit concurrent mark sweep GC freed 3(96B) AllocSpace objects, 0(0B) LOS objects, 22% free, 54MB/70MB, paused 529us total 23.724ms
08-06 05:26:13.675  4477  4477 D AndroidRuntime: >>>>>> START com.android.internal.os.RuntimeInit uid 2000 <<<<<<
08-06 05:26:13.675 32067 32067 W Atfwd_Sendcmd: AtCmdFwd service not published, waiting... retryCnt : 3
08-06 05:26:13.680  4477  4477 D AndroidRuntime: CheckJNI is OFF
08-06 05:26:13.715  4477  4477 D ICU     : No timezone override file found: /data/misc/zoneinfo/current/icu/icu_tzdata.dat
08-06 05:26:13.751  4477  4477 I Radio-JNI: register_android_hardware_Radio DONE
08-06 05:26:13.774  4477  4477 D AndroidRuntime: Calling main entry com.android.commands.input.Input
08-06 05:26:13.776  4477  4477 I Input   : injectKeyEvent: KeyEvent { action=ACTION_DOWN, keyCode=KEYCODE_BACK, scanCode=0, metaState=0, flags=0x0, repeatCount=0, eventTime=854790189, downTime=854790189, deviceId=-1, source=0x101 }
08-06 05:26:13.782  4477  4477 I Input   : injectKeyEvent: KeyEvent { action=ACTION_UP, keyCode=KEYCODE_BACK, scanCode=0, metaState=0, flags=0x0, repeatCount=0, eventTime=854790189, downTime=854790189, deviceId=-1, source=0x101 }
08-06 05:26:13.788  4477  4477 D AndroidRuntime: Shutting down VM
08-06 05:26:13.829 13866 13866 I GoogleInputMethodServic: GoogleInputMethodService.onFinishInput():3138 
08-06 05:26:13.830 13866 13866 I GoogleInputMethodServic: GoogleInputMethodService.onStartInput():1808 
08-06 05:26:13.894   356  1074 I art     : Starting a blocking GC Explicit
08-06 05:26:13.916   356  1074 I art     : Explicit concurrent mark sweep GC freed 1526(86KB) AllocSpace objects, 1(20KB) LOS objects, 22% free, 54MB/70MB, paused 481us total 21.707ms
08-06 05:26:13.926   356  1074 I art     : Starting a blocking GC Explicit
08-06 05:26:13.954   356  1074 I art     : Explicit concurrent mark sweep GC freed 26(944B) AllocSpace objects, 0(0B) LOS objects, 22% free, 54MB/70MB, paused 513us total 27.914ms
08-06 05:26:13.964   356  1074 I art     : Starting a blocking GC Explicit
08-06 05:26:13.993   356  1074 I art     : Explicit concurrent mark sweep GC freed 3(96B) AllocSpace objects, 0(0B) LOS objects, 22% free, 54MB/70MB, paused 522us total 28.527ms
08-06 05:26:14.006   356  1074 I art     : Starting a blocking GC Explicit
08-06 05:26:14.038   356  1074 I art     : Explicit concurrent mark sweep GC freed 3(96B) AllocSpace objects, 0(0B) LOS objects, 22% free, 54MB/70MB, paused 562us total 31.466ms
08-06 05:26:14.049   356  1074 I art     : Starting a blocking GC Explicit
08-06 05:26:14.078   356  1074 I art     : Explicit concurrent mark sweep GC freed 3(96B) AllocSpace objects, 0(0B) LOS objects, 22% free, 54MB/70MB, paused 506us total 28.692ms
08-06 05:26:14.127   380   380 W SurfaceFlinger: couldn't log to binary event log: overflow.
08-06 05:26:14.347   356  1074 I art     : Starting a blocking GC Explicit
08-06 05:26:14.377   356  1074 I art     : Explicit concurrent mark sweep GC freed 1453(86KB) AllocSpace objects, 1(20KB) LOS objects, 22% free, 54MB/70MB, paused 595us total 30.140ms
08-06 05:26:14.390   356  1074 I art     : Starting a blocking GC Explicit
08-06 05:26:14.416   356  1074 I art     : Explicit concurrent mark sweep GC freed 1671(108KB) AllocSpace objects, 3(180KB) LOS objects, 22% free, 53MB/69MB, paused 530us total 25.228ms
08-06 05:26:14.425   356  1074 I art     : Starting a blocking GC Explicit
08-06 05:26:14.450   356  1074 I art     : Explicit concurrent mark sweep GC freed 3(96B) AllocSpace objects, 0(0B) LOS objects, 22% free, 53MB/69MB, paused 616us total 24.804ms
08-06 05:26:14.459   356  1074 I art     : Starting a blocking GC Explicit
08-06 05:26:14.484   356  1074 I art     : Explicit concurrent mark sweep GC freed 3(96B) AllocSpace objects, 0(0B) LOS objects, 22% free, 53MB/69MB, paused 517us total 24.532ms
08-06 05:26:14.493   356  1074 I art     : Starting a blocking GC Explicit
08-06 05:26:14.518   356  1074 I art     : Explicit concurrent mark sweep GC freed 3(96B) AllocSpace objects, 0(0B) LOS objects, 22% free, 53MB/69MB, paused 529us total 24.125ms
08-06 05:26:14.811   356   547 I art     : Starting a blocking GC Explicit
08-06 05:26:14.835   356   547 I art     : Explicit concurrent mark sweep GC freed 1344(78KB) AllocSpace objects, 1(20KB) LOS objects, 22% free, 53MB/69MB, paused 521us total 24.073ms
08-06 05:26:14.844   356   547 I art     : Starting a blocking GC Explicit
08-06 05:26:14.870   356   547 I art     : Explicit concurrent mark sweep GC freed 20(704B) AllocSpace objects, 0(0B) LOS objects, 22% free, 53MB/69MB, paused 539us total 25.131ms
08-06 05:26:14.879   356   547 I art     : Starting a blocking GC Explicit
08-06 05:26:14.904   356   547 I art     : Explicit concurrent mark sweep GC freed 3(96B) AllocSpace objects, 0(0B) LOS objects, 22% free, 53MB/69MB, paused 547us total 24.778ms
08-06 05:26:14.913   356   547 I art     : Starting a blocking GC Explicit
08-06 05:26:14.938   356   547 I art     : Explicit concurrent mark sweep GC freed 3(96B) AllocSpace objects, 0(0B) LOS objects, 22% free, 53MB/69MB, paused 543us total 24.395ms
08-06 05:26:14.947   356   547 I art     : Starting a blocking GC Explicit
08-06 05:26:14.972   356   547 I art     : Explicit concurrent mark sweep GC freed 3(96B) AllocSpace objects, 0(0B) LOS objects, 22% free, 53MB/69MB, paused 538us total 24.430ms
08-06 05:26:15.240   356   369 I art     : Starting a blocking GC Explicit
08-06 05:26:15.264   356   369 I art     : Explicit concurrent mark sweep GC freed 1344(78KB) AllocSpace objects, 1(20KB) LOS objects, 22% free, 53MB/69MB, paused 568us total 24.339ms
08-06 05:26:15.274   356   369 I art     : Starting a blocking GC Explicit
08-06 05:26:15.297   356   369 I art     : Explicit concurrent mark sweep GC freed 20(704B) AllocSpace objects, 0(0B) LOS objects, 22% free, 53MB/69MB, paused 564us total 23.226ms
08-06 05:26:15.306   356   369 I art     : Starting a blocking GC Explicit
08-06 05:26:15.330   356   369 I art     : Explicit concurrent mark sweep GC freed 3(96B) AllocSpace objects, 0(0B) LOS objects, 22% free, 53MB/69MB, paused 574us total 23.778ms
08-06 05:26:15.339   356   369 I art     : Starting a blocking GC Explicit
08-06 05:26:15.363   356   369 I art     : Explicit concurrent mark sweep GC freed 3(96B) AllocSpace objects, 0(0B) LOS objects, 22% free, 53MB/69MB, paused 517us total 23.335ms
08-06 05:26:15.372   356   369 I art     : Starting a blocking GC Explicit
08-06 05:26:15.395   356   369 I art     : Explicit concurrent mark sweep GC freed 3(96B) AllocSpace objects, 0(0B) LOS objects, 22% free, 53MB/69MB, paused 535us total 22.831ms
08-06 05:26:15.454  4532  4532 D AndroidRuntime: >>>>>> START com.android.internal.os.RuntimeInit uid 2000 <<<<<<
08-06 05:26:15.459  4532  4532 D AndroidRuntime: CheckJNI is OFF
08-06 05:26:15.493  4532  4532 D ICU     : No timezone override file found: /data/misc/zoneinfo/current/icu/icu_tzdata.dat
08-06 05:26:15.529  4532  4532 I Radio-JNI: register_android_hardware_Radio DONE
08-06 05:26:15.553  4532  4532 D AndroidRuntime: Calling main entry com.android.commands.input.Input
08-06 05:26:15.556  4532  4532 I Input   : injectMotionEvent: MotionEvent { action=ACTION_DOWN, actionButton=0, id[0]=0, x[0]=369.0, y[0]=554.0, toolType[0]=TOOL_TYPE_UNKNOWN, buttonState=0, metaState=0, flags=0x0, edgeFlags=0x0, pointerCount=1, historySize=0, eventTime=854791969, downTime=854791969, deviceId=0, source=0x1002 }
08-06 05:26:15.561  4532  4532 I Input   : injectMotionEvent: MotionEvent { action=ACTION_UP, actionButton=0, id[0]=0, x[0]=369.0, y[0]=554.0, toolType[0]=TOOL_TYPE_UNKNOWN, buttonState=0, metaState=0, flags=0x0, edgeFlags=0x0, pointerCount=1, historySize=0, eventTime=854791969, downTime=854791969, deviceId=0, source=0x1002 }
08-06 05:26:15.563   918  5132 I ActivityManager: START u0 {cmp=baseline.appteam.nith.hillffair/.activities.ClubActivity (has extras)} from uid 10697 on display 0
08-06 05:26:15.572  4532  4532 D AndroidRuntime: Shutting down VM
08-06 05:26:15.648   356   356 I NAPPA_EXPERIMENTATION: MetricNetworkRequestExecutionTime: REQUEST_DURATION_SYSTEM='53',REQUEST_DURATION_OKHTTP='34',REQUEST_SYNCHRONOUS='FALSE',RESPONSE_CODE='200',RESPONSE_METHOD='GET',RESPONSE_LENGTH_OKHTTP='979',RESPONSE_LENGTH_HEADER='-2',REQUEST_PROTOCOL='http/1.1',REQUEST_URL='https://api-hillfair-2k16.herokuapp.com/api/app/club/PR%20Club',
08-06 05:26:15.655   918   936 I ActivityManager: Displayed baseline.appteam.nith.hillffair/.activities.ClubActivity: +82ms
08-06 05:26:15.656 13866 13866 I GoogleInputMethodServic: GoogleInputMethodService.onFinishInput():3138 
08-06 05:26:15.657 13866 13866 I GoogleInputMethodServic: GoogleInputMethodService.onStartInput():1808 
08-06 05:26:15.682   356  4004 I art     : Starting a blocking GC Explicit
08-06 05:26:15.707   356  4004 I art     : Explicit concurrent mark sweep GC freed 5754(413KB) AllocSpace objects, 1(20KB) LOS objects, 22% free, 54MB/70MB, paused 510us total 25.236ms
08-06 05:26:15.716   356  4004 I art     : Starting a blocking GC Explicit
08-06 05:26:15.739   356  4004 I art     : Explicit concurrent mark sweep GC freed 278(12KB) AllocSpace objects, 0(0B) LOS objects, 22% free, 54MB/70MB, paused 503us total 21.825ms
08-06 05:26:15.747   356  4004 I art     : Starting a blocking GC Explicit
08-06 05:26:15.773   356  4004 I art     : Explicit concurrent mark sweep GC freed 3(96B) AllocSpace objects, 0(0B) LOS objects, 22% free, 54MB/70MB, paused 508us total 25.250ms
08-06 05:26:15.783   356  4004 I art     : Starting a blocking GC Explicit
08-06 05:26:15.811   356  4004 I art     : Explicit concurrent mark sweep GC freed 3(96B) AllocSpace objects, 0(0B) LOS objects, 22% free, 54MB/70MB, paused 534us total 27.179ms
08-06 05:26:15.822   356  4004 I art     : Starting a blocking GC Explicit
08-06 05:26:15.852   356  4004 I art     : Explicit concurrent mark sweep GC freed 3(96B) AllocSpace objects, 0(0B) LOS objects, 22% free, 54MB/70MB, paused 550us total 29.655ms
08-06 05:26:15.913   380   380 W SurfaceFlinger: couldn't log to binary event log: overflow.
08-06 05:26:15.945   918  3261 D WifiStateMachine: starting scan for "H369AA63323"WPA_PSK with 2412,5180
08-06 05:26:16.113   356   369 I art     : Starting a blocking GC Explicit
08-06 05:26:16.138   356   369 I art     : Explicit concurrent mark sweep GC freed 1444(84KB) AllocSpace objects, 1(20KB) LOS objects, 22% free, 54MB/70MB, paused 595us total 25.021ms
08-06 05:26:16.147   356   369 I art     : Starting a blocking GC Explicit
08-06 05:26:16.172   356   369 I art     : Explicit concurrent mark sweep GC freed 20(704B) AllocSpace objects, 0(0B) LOS objects, 22% free, 54MB/70MB, paused 551us total 24.367ms
08-06 05:26:16.181   356   369 I art     : Starting a blocking GC Explicit
08-06 05:26:16.205   356   369 I art     : Explicit concurrent mark sweep GC freed 3(96B) AllocSpace objects, 0(0B) LOS objects, 22% free, 54MB/70MB, paused 539us total 24.035ms
08-06 05:26:16.214   356   369 I art     : Starting a blocking GC Explicit
08-06 05:26:16.239   356   369 I art     : Explicit concurrent mark sweep GC freed 3(96B) AllocSpace objects, 0(0B) LOS objects, 22% free, 54MB/70MB, paused 570us total 24.214ms
08-06 05:26:16.248   356   369 I art     : Starting a blocking GC Explicit
08-06 05:26:16.273   356   369 I art     : Explicit concurrent mark sweep GC freed 3(96B) AllocSpace objects, 0(0B) LOS objects, 22% free, 54MB/70MB, paused 546us total 24.076ms
08-06 05:26:16.560   356  4004 I art     : Starting a blocking GC Explicit
08-06 05:26:16.585   356  4004 I art     : Explicit concurrent mark sweep GC freed 1344(78KB) AllocSpace objects, 1(20KB) LOS objects, 22% free, 54MB/70MB, paused 592us total 25.015ms
08-06 05:26:16.594   356  4004 I art     : Starting a blocking GC Explicit
08-06 05:26:16.620   356  4004 I art     : Explicit concurrent mark sweep GC freed 36(1264B) AllocSpace objects, 0(0B) LOS objects, 22% free, 54MB/70MB, paused 543us total 25.020ms
08-06 05:26:16.629   356  4004 I art     : Starting a blocking GC Explicit
08-06 05:26:16.653   356  4004 I art     : Explicit concurrent mark sweep GC freed 3(96B) AllocSpace objects, 0(0B) LOS objects, 22% free, 54MB/70MB, paused 540us total 24.371ms
08-06 05:26:16.662   356  4004 I art     : Starting a blocking GC Explicit
08-06 05:26:16.688   356  4004 I art     : Explicit concurrent mark sweep GC freed 3(96B) AllocSpace objects, 0(0B) LOS objects, 22% free, 54MB/70MB, paused 592us total 25.120ms
08-06 05:26:16.697   356  4004 I art     : Starting a blocking GC Explicit
08-06 05:26:16.723   356  4004 I art     : Explicit concurrent mark sweep GC freed 3(96B) AllocSpace objects, 0(0B) LOS objects, 22% free, 54MB/70MB, paused 534us total 25.281ms
08-06 05:26:16.734   518   646 I ThermalEngine: ACTION: GPU - Setting GPU[0] to 450000000
08-06 05:26:17.037   356   368 I art     : Starting a blocking GC Explicit
08-06 05:26:17.082   356   368 I art     : Explicit concurrent mark sweep GC freed 1344(78KB) AllocSpace objects, 1(20KB) LOS objects, 22% free, 54MB/70MB, paused 824us total 44.470ms
08-06 05:26:17.097   356   368 I art     : Starting a blocking GC Explicit
08-06 05:26:17.133   356   368 I art     : Explicit concurrent mark sweep GC freed 20(704B) AllocSpace objects, 0(0B) LOS objects, 22% free, 54MB/70MB, paused 832us total 35.465ms
08-06 05:26:17.145   356   368 I art     : Starting a blocking GC Explicit
08-06 05:26:17.177   356   368 I art     : Explicit concurrent mark sweep GC freed 3(96B) AllocSpace objects, 0(0B) LOS objects, 22% free, 54MB/70MB, paused 782us total 31.210ms
08-06 05:26:17.189   356   368 I art     : Starting a blocking GC Explicit
08-06 05:26:17.220   356   368 I art     : Explicit concurrent mark sweep GC freed 3(96B) AllocSpace objects, 0(0B) LOS objects, 22% free, 54MB/70MB, paused 727us total 31.078ms
08-06 05:26:17.232   356   368 I art     : Starting a blocking GC Explicit
08-06 05:26:17.267   356   368 I art     : Explicit concurrent mark sweep GC freed 3(96B) AllocSpace objects, 0(0B) LOS objects, 22% free, 54MB/70MB, paused 763us total 34.333ms
08-06 05:26:17.613   356   369 I art     : Starting a blocking GC Explicit
08-06 05:26:17.654   356   369 I art     : Explicit concurrent mark sweep GC freed 1344(78KB) AllocSpace objects, 1(20KB) LOS objects, 22% free, 54MB/70MB, paused 802us total 41.285ms
08-06 05:26:17.669   356   369 I art     : Starting a blocking GC Explicit
08-06 05:26:17.703   356   369 I art     : Explicit concurrent mark sweep GC freed 20(704B) AllocSpace objects, 0(0B) LOS objects, 22% free, 54MB/70MB, paused 742us total 34.264ms
08-06 05:26:17.716   356   369 I art     : Starting a blocking GC Explicit
08-06 05:26:17.750   356   369 I art     : Explicit concurrent mark sweep GC freed 3(96B) AllocSpace objects, 0(0B) LOS objects, 22% free, 54MB/70MB, paused 764us total 34.544ms
08-06 05:26:17.763   356   369 I art     : Starting a blocking GC Explicit
08-06 05:26:17.797   356   369 I art     : Explicit concurrent mark sweep GC freed 3(96B) AllocSpace objects, 0(0B) LOS objects, 22% free, 54MB/70MB, paused 811us total 34.207ms
08-06 05:26:17.809   356   369 I art     : Starting a blocking GC Explicit
08-06 05:26:17.845   356   369 I art     : Explicit concurrent mark sweep GC freed 3(96B) AllocSpace objects, 0(0B) LOS objects, 22% free, 54MB/70MB, paused 776us total 35.092ms
08-06 05:26:18.200   356   547 I art     : Starting a blocking GC Explicit
08-06 05:26:18.238   356   547 I art     : Explicit concurrent mark sweep GC freed 1344(78KB) AllocSpace objects, 1(20KB) LOS objects, 22% free, 54MB/70MB, paused 881us total 37.374ms
08-06 05:26:18.252   356   547 I art     : Starting a blocking GC Explicit
08-06 05:26:18.286   356   547 I art     : Explicit concurrent mark sweep GC freed 20(704B) AllocSpace objects, 0(0B) LOS objects, 22% free, 54MB/70MB, paused 731us total 32.993ms
08-06 05:26:18.298   356   547 I art     : Starting a blocking GC Explicit
08-06 05:26:18.332   356   547 I art     : Explicit concurrent mark sweep GC freed 3(96B) AllocSpace objects, 0(0B) LOS objects, 22% free, 54MB/70MB, paused 757us total 34.045ms
08-06 05:26:18.344   356   547 I art     : Starting a blocking GC Explicit
08-06 05:26:18.379   356   547 I art     : Explicit concurrent mark sweep GC freed 3(96B) AllocSpace objects, 0(0B) LOS objects, 22% free, 54MB/70MB, paused 765us total 34.423ms
08-06 05:26:18.391   356   547 I art     : Starting a blocking GC Explicit
08-06 05:26:18.424   356   547 I art     : Explicit concurrent mark sweep GC freed 3(96B) AllocSpace objects, 0(0B) LOS objects, 22% free, 54MB/70MB, paused 726us total 32.634ms
08-06 05:26:18.772   356  1074 I art     : Starting a blocking GC Explicit
08-06 05:26:18.817   356  1074 I art     : Explicit concurrent mark sweep GC freed 1344(78KB) AllocSpace objects, 1(20KB) LOS objects, 22% free, 54MB/70MB, paused 790us total 43.738ms
08-06 05:26:18.833   356  1074 I art     : Starting a blocking GC Explicit
08-06 05:26:18.866   356  1074 I art     : Explicit concurrent mark sweep GC freed 20(704B) AllocSpace objects, 0(0B) LOS objects, 22% free, 54MB/70MB, paused 758us total 33.109ms
08-06 05:26:18.878   356  1074 I art     : Starting a blocking GC Explicit
08-06 05:26:18.912   356  1074 I art     : Explicit concurrent mark sweep GC freed 3(96B) AllocSpace objects, 0(0B) LOS objects, 22% free, 54MB/70MB, paused 756us total 32.898ms
08-06 05:26:18.924   356  1074 I art     : Starting a blocking GC Explicit
08-06 05:26:18.959   356  1074 I art     : Explicit concurrent mark sweep GC freed 3(96B) AllocSpace objects, 0(0B) LOS objects, 22% free, 54MB/70MB, paused 763us total 34.887ms
08-06 05:26:18.959   356   367 I art     : WaitForGcToComplete blocked for 35.178ms for cause HeapTrim
08-06 05:26:18.971   356  1074 I art     : Starting a blocking GC Explicit
08-06 05:26:19.006   356  1074 I art     : Explicit concurrent mark sweep GC freed 3(96B) AllocSpace objects, 0(0B) LOS objects, 22% free, 54MB/70MB, paused 723us total 34.514ms
08-06 05:26:19.361   356  4004 I art     : Starting a blocking GC Explicit
08-06 05:26:19.406   356  4004 I art     : Explicit concurrent mark sweep GC freed 1344(78KB) AllocSpace objects, 1(20KB) LOS objects, 22% free, 54MB/70MB, paused 827us total 44.892ms
08-06 05:26:19.423   356  4004 I art     : Starting a blocking GC Explicit
08-06 05:26:19.462   356  4004 I art     : Explicit concurrent mark sweep GC freed 20(704B) AllocSpace objects, 0(0B) LOS objects, 22% free, 54MB/70MB, paused 741us total 38.406ms
08-06 05:26:19.474   356  4004 I art     : Starting a blocking GC Explicit
08-06 05:26:19.509   356  4004 I art     : Explicit concurrent mark sweep GC freed 3(96B) AllocSpace objects, 0(0B) LOS objects, 22% free, 54MB/70MB, paused 783us total 34.532ms
08-06 05:26:19.521   356  4004 I art     : Starting a blocking GC Explicit
08-06 05:26:19.555   356  4004 I art     : Explicit concurrent mark sweep GC freed 3(96B) AllocSpace objects, 0(0B) LOS objects, 22% free, 54MB/70MB, paused 745us total 33.563ms
08-06 05:26:19.567   356  4004 I art     : Starting a blocking GC Explicit
08-06 05:26:19.602   356  4004 I art     : Explicit concurrent mark sweep GC freed 3(96B) AllocSpace objects, 0(0B) LOS objects, 22% free, 54MB/70MB, paused 758us total 34.848ms
08-06 05:26:19.742   518   646 I ThermalEngine: ACTION: GPU - Setting GPU[0] to 510000000
08-06 05:26:19.911   356   368 I art     : Starting a blocking GC Explicit
08-06 05:26:19.936   356   368 I art     : Explicit concurrent mark sweep GC freed 1344(78KB) AllocSpace objects, 1(20KB) LOS objects, 22% free, 54MB/70MB, paused 540us total 25.020ms
08-06 05:26:19.945   356   368 I art     : Starting a blocking GC Explicit
08-06 05:26:19.971   356   368 I art     : Explicit concurrent mark sweep GC freed 20(704B) AllocSpace objects, 0(0B) LOS objects, 22% free, 54MB/70MB, paused 554us total 24.912ms
08-06 05:26:19.980   356   368 I art     : Starting a blocking GC Explicit
08-06 05:26:20.004   356   368 I art     : Explicit concurrent mark sweep GC freed 3(96B) AllocSpace objects, 0(0B) LOS objects, 22% free, 54MB/70MB, paused 535us total 23.685ms
08-06 05:26:20.013   356   368 I art     : Starting a blocking GC Explicit
08-06 05:26:20.037   356   368 I art     : Explicit concurrent mark sweep GC freed 3(96B) AllocSpace objects, 0(0B) LOS objects, 22% free, 54MB/70MB, paused 583us total 23.837ms
08-06 05:26:20.046   356   368 I art     : Starting a blocking GC Explicit
08-06 05:26:20.070   356   368 I art     : Explicit concurrent mark sweep GC freed 3(96B) AllocSpace objects, 0(0B) LOS objects, 22% free, 54MB/70MB, paused 556us total 23.762ms
08-06 05:26:20.242  4643  4643 D AndroidRuntime: >>>>>> START com.android.internal.os.RuntimeInit uid 2000 <<<<<<
08-06 05:26:20.247  4643  4643 D AndroidRuntime: CheckJNI is OFF
08-06 05:26:20.280  4643  4643 D ICU     : No timezone override file found: /data/misc/zoneinfo/current/icu/icu_tzdata.dat
08-06 05:26:20.311  4643  4643 I Radio-JNI: register_android_hardware_Radio DONE
08-06 05:26:20.332  4643  4643 D AndroidRuntime: Calling main entry com.android.commands.input.Input
08-06 05:26:20.334  4643  4643 I Input   : injectKeyEvent: KeyEvent { action=ACTION_DOWN, keyCode=KEYCODE_BACK, scanCode=0, metaState=0, flags=0x0, repeatCount=0, eventTime=854796747, downTime=854796747, deviceId=-1, source=0x101 }
08-06 05:26:20.339  4643  4643 I Input   : injectKeyEvent: KeyEvent { action=ACTION_UP, keyCode=KEYCODE_BACK, scanCode=0, metaState=0, flags=0x0, repeatCount=0, eventTime=854796747, downTime=854796747, deviceId=-1, source=0x101 }
08-06 05:26:20.344  4643  4643 D AndroidRuntime: Shutting down VM
08-06 05:26:20.378 13866 13866 I GoogleInputMethodServic: GoogleInputMethodService.onFinishInput():3138 
08-06 05:26:20.378 13866 13866 I GoogleInputMethodServic: GoogleInputMethodService.onStartInput():1808 
08-06 05:26:20.382   356   368 I art     : Starting a blocking GC Explicit
08-06 05:26:20.409   356   368 I art     : Explicit concurrent mark sweep GC freed 1525(85KB) AllocSpace objects, 1(20KB) LOS objects, 22% free, 54MB/70MB, paused 540us total 26.960ms
08-06 05:26:20.418   356   368 I art     : Starting a blocking GC Explicit
08-06 05:26:20.441   356   368 I art     : Explicit concurrent mark sweep GC freed 27(992B) AllocSpace objects, 0(0B) LOS objects, 22% free, 54MB/70MB, paused 496us total 22.156ms
08-06 05:26:20.449   356   368 I art     : Starting a blocking GC Explicit
08-06 05:26:20.470   356   368 I art     : Explicit concurrent mark sweep GC freed 3(96B) AllocSpace objects, 0(0B) LOS objects, 22% free, 54MB/70MB, paused 479us total 20.474ms
08-06 05:26:20.478   356   368 I art     : Starting a blocking GC Explicit
08-06 05:26:20.501   356   368 I art     : Explicit concurrent mark sweep GC freed 3(96B) AllocSpace objects, 0(0B) LOS objects, 22% free, 54MB/70MB, paused 488us total 22.186ms
08-06 05:26:20.510   356   368 I art     : Starting a blocking GC Explicit
08-06 05:26:20.533   356   368 I art     : Explicit concurrent mark sweep GC freed 3(96B) AllocSpace objects, 0(0B) LOS objects, 22% free, 54MB/70MB, paused 549us total 22.962ms
08-06 05:26:20.701   380   380 W SurfaceFlinger: couldn't log to binary event log: overflow.
08-06 05:26:20.796   356   368 I art     : Starting a blocking GC Explicit
08-06 05:26:20.822   356   368 I art     : Explicit concurrent mark sweep GC freed 1453(86KB) AllocSpace objects, 1(20KB) LOS objects, 22% free, 54MB/70MB, paused 571us total 25.666ms
08-06 05:26:20.836   356   368 I art     : Starting a blocking GC Explicit
08-06 05:26:20.859   356   368 I art     : Explicit concurrent mark sweep GC freed 1671(107KB) AllocSpace objects, 3(184KB) LOS objects, 22% free, 53MB/69MB, paused 544us total 23.382ms
08-06 05:26:20.868   356   368 I art     : Starting a blocking GC Explicit
08-06 05:26:20.892   356   368 I art     : Explicit concurrent mark sweep GC freed 3(96B) AllocSpace objects, 0(0B) LOS objects, 22% free, 53MB/69MB, paused 531us total 23.654ms
08-06 05:26:20.901   356   368 I art     : Starting a blocking GC Explicit
08-06 05:26:20.925   356   368 I art     : Explicit concurrent mark sweep GC freed 3(96B) AllocSpace objects, 0(0B) LOS objects, 22% free, 53MB/69MB, paused 576us total 23.791ms
08-06 05:26:20.935   356   368 I art     : Starting a blocking GC Explicit
08-06 05:26:20.959   356   368 I art     : Explicit concurrent mark sweep GC freed 3(96B) AllocSpace objects, 0(0B) LOS objects, 22% free, 53MB/69MB, paused 537us total 24.311ms
08-06 05:26:21.256   356   547 I art     : Starting a blocking GC Explicit
08-06 05:26:21.288   356   547 I art     : Explicit concurrent mark sweep GC freed 1344(78KB) AllocSpace objects, 1(20KB) LOS objects, 22% free, 53MB/69MB, paused 720us total 31.219ms
08-06 05:26:21.300   356   547 I art     : Starting a blocking GC Explicit
08-06 05:26:21.325   356   547 I art     : Explicit concurrent mark sweep GC freed 20(704B) AllocSpace objects, 0(0B) LOS objects, 22% free, 53MB/69MB, paused 552us total 24.387ms
08-06 05:26:21.334   356   547 I art     : Starting a blocking GC Explicit
08-06 05:26:21.359   356   547 I art     : Explicit concurrent mark sweep GC freed 3(96B) AllocSpace objects, 0(0B) LOS objects, 22% free, 53MB/69MB, paused 537us total 24.089ms
08-06 05:26:21.368   356   547 I art     : Starting a blocking GC Explicit
08-06 05:26:21.393   356   547 I art     : Explicit concurrent mark sweep GC freed 3(96B) AllocSpace objects, 0(0B) LOS objects, 22% free, 53MB/69MB, paused 540us total 24.920ms
08-06 05:26:21.402   356   547 I art     : Starting a blocking GC Explicit
08-06 05:26:21.427   356   547 I art     : Explicit concurrent mark sweep GC freed 3(96B) AllocSpace objects, 0(0B) LOS objects, 22% free, 53MB/69MB, paused 544us total 24.182ms
08-06 05:26:21.697   356   369 I art     : Starting a blocking GC Explicit
08-06 05:26:21.721   356   369 I art     : Explicit concurrent mark sweep GC freed 1344(78KB) AllocSpace objects, 1(20KB) LOS objects, 22% free, 53MB/69MB, paused 550us total 23.764ms
08-06 05:26:21.731   356   369 I art     : Starting a blocking GC Explicit
08-06 05:26:21.754   356   369 I art     : Explicit concurrent mark sweep GC freed 20(704B) AllocSpace objects, 0(0B) LOS objects, 22% free, 53MB/69MB, paused 551us total 22.943ms
08-06 05:26:21.763   356   369 I art     : Starting a blocking GC Explicit
08-06 05:26:21.786   356   369 I art     : Explicit concurrent mark sweep GC freed 3(96B) AllocSpace objects, 0(0B) LOS objects, 22% free, 53MB/69MB, paused 551us total 23.163ms
08-06 05:26:21.795   356   369 I art     : Starting a blocking GC Explicit
08-06 05:26:21.818   356   369 I art     : Explicit concurrent mark sweep GC freed 3(96B) AllocSpace objects, 0(0B) LOS objects, 22% free, 53MB/69MB, paused 581us total 23.446ms
08-06 05:26:21.828   356   369 I art     : Starting a blocking GC Explicit
08-06 05:26:21.851   356   369 I art     : Explicit concurrent mark sweep GC freed 3(96B) AllocSpace objects, 0(0B) LOS objects, 22% free, 53MB/69MB, paused 558us total 23.662ms
08-06 05:26:22.000  4695  4695 D AndroidRuntime: >>>>>> START com.android.internal.os.RuntimeInit uid 2000 <<<<<<
08-06 05:26:22.006  4695  4695 D AndroidRuntime: CheckJNI is OFF
08-06 05:26:22.039  4695  4695 D ICU     : No timezone override file found: /data/misc/zoneinfo/current/icu/icu_tzdata.dat
08-06 05:26:22.071  4695  4695 I Radio-JNI: register_android_hardware_Radio DONE
08-06 05:26:22.093  4695  4695 D AndroidRuntime: Calling main entry com.android.commands.input.Input
08-06 05:26:22.095  4695  4695 I Input   : injectKeyEvent: KeyEvent { action=ACTION_DOWN, keyCode=KEYCODE_BACK, scanCode=0, metaState=0, flags=0x0, repeatCount=0, eventTime=854798508, downTime=854798508, deviceId=-1, source=0x101 }
08-06 05:26:22.100  4695  4695 I Input   : injectKeyEvent: KeyEvent { action=ACTION_UP, keyCode=KEYCODE_BACK, scanCode=0, metaState=0, flags=0x0, repeatCount=0, eventTime=854798508, downTime=854798508, deviceId=-1, source=0x101 }
08-06 05:26:22.105  4695  4695 D AndroidRuntime: Shutting down VM
08-06 05:26:22.133   356   369 I art     : Starting a blocking GC Explicit
08-06 05:26:22.147 13866 13866 I GoogleInputMethodServic: GoogleInputMethodService.onFinishInput():3138 
08-06 05:26:22.147 13866 13866 I GoogleInputMethodServic: GoogleInputMethodService.onStartInput():1808 
08-06 05:26:22.158   356   369 I art     : Explicit concurrent mark sweep GC freed 1515(86KB) AllocSpace objects, 1(20KB) LOS objects, 22% free, 53MB/69MB, paused 699us total 24.598ms
08-06 05:26:22.168   356   369 I art     : Starting a blocking GC Explicit
08-06 05:26:22.192   356   369 I art     : Explicit concurrent mark sweep GC freed 97(3KB) AllocSpace objects, 0(0B) LOS objects, 22% free, 53MB/69MB, paused 647us total 23.295ms
08-06 05:26:22.200   356   369 I art     : Starting a blocking GC Explicit
08-06 05:26:22.221   356   369 I art     : Explicit concurrent mark sweep GC freed 5(160B) AllocSpace objects, 0(0B) LOS objects, 22% free, 53MB/69MB, paused 469us total 20.212ms
08-06 05:26:22.229   356   369 I art     : Starting a blocking GC Explicit
08-06 05:26:22.250   356   369 I art     : Explicit concurrent mark sweep GC freed 3(96B) AllocSpace objects, 0(0B) LOS objects, 22% free, 53MB/69MB, paused 509us total 20.232ms
08-06 05:26:22.258   356   369 I art     : Starting a blocking GC Explicit
08-06 05:26:22.282   356   369 I art     : Explicit concurrent mark sweep GC freed 3(96B) AllocSpace objects, 0(0B) LOS objects, 22% free, 53MB/69MB, paused 591us total 24.002ms
08-06 05:26:22.538   356   369 I art     : Starting a blocking GC Explicit
08-06 05:26:22.564   356   369 I art     : Explicit concurrent mark sweep GC freed 2977(154KB) AllocSpace objects, 1(20KB) LOS objects, 22% free, 53MB/69MB, paused 569us total 25.735ms
08-06 05:26:22.573   356   369 I art     : Starting a blocking GC Explicit
08-06 05:26:22.597   356   369 I art     : Explicit concurrent mark sweep GC freed 2849(180KB) AllocSpace objects, 2(140KB) LOS objects, 23% free, 53MB/69MB, paused 554us total 23.430ms
08-06 05:26:22.606   356   369 I art     : Starting a blocking GC Explicit
08-06 05:26:22.629   356   369 I art     : Explicit concurrent mark sweep GC freed 3(96B) AllocSpace objects, 0(0B) LOS objects, 23% free, 53MB/69MB, paused 540us total 22.962ms
08-06 05:26:22.638   356   369 I art     : Starting a blocking GC Explicit
08-06 05:26:22.661   356   369 I art     : Explicit concurrent mark sweep GC freed 3(96B) AllocSpace objects, 0(0B) LOS objects, 23% free, 53MB/69MB, paused 542us total 22.822ms
08-06 05:26:22.670   356   369 I art     : Starting a blocking GC Explicit
08-06 05:26:22.693   356   369 I art     : Explicit concurrent mark sweep GC freed 3(96B) AllocSpace objects, 0(0B) LOS objects, 23% free, 53MB/69MB, paused 544us total 22.893ms
08-06 05:26:22.998   356  1074 I art     : Starting a blocking GC Explicit
08-06 05:26:23.031   356  1074 I art     : Explicit concurrent mark sweep GC freed 1344(78KB) AllocSpace objects, 1(20KB) LOS objects, 23% free, 53MB/69MB, paused 627us total 33.178ms
08-06 05:26:23.048   356  1074 I art     : Starting a blocking GC Explicit
08-06 05:26:23.076   356  1074 I art     : Explicit concurrent mark sweep GC freed 20(704B) AllocSpace objects, 0(0B) LOS objects, 23% free, 53MB/69MB, paused 594us total 27.739ms
08-06 05:26:23.087   356  1074 I art     : Starting a blocking GC Explicit
08-06 05:26:23.111   356  1074 I art     : Explicit concurrent mark sweep GC freed 3(96B) AllocSpace objects, 0(0B) LOS objects, 23% free, 53MB/69MB, paused 541us total 23.296ms
08-06 05:26:23.120   356  1074 I art     : Starting a blocking GC Explicit
08-06 05:26:23.142   356  1074 I art     : Explicit concurrent mark sweep GC freed 3(96B) AllocSpace objects, 0(0B) LOS objects, 23% free, 53MB/69MB, paused 542us total 22.202ms
08-06 05:26:23.151   356  1074 I art     : Starting a blocking GC Explicit
08-06 05:26:23.174   356  1074 I art     : Explicit concurrent mark sweep GC freed 3(96B) AllocSpace objects, 0(0B) LOS objects, 23% free, 53MB/69MB, paused 545us total 22.389ms
08-06 05:26:23.452   356  4004 I art     : Starting a blocking GC Explicit
08-06 05:26:23.480   356  4004 I art     : Explicit concurrent mark sweep GC freed 1341(78KB) AllocSpace objects, 1(20KB) LOS objects, 23% free, 53MB/69MB, paused 889us total 28.310ms
08-06 05:26:23.492   356  4004 I art     : Starting a blocking GC Explicit
08-06 05:26:23.515   356  4004 I art     : Explicit concurrent mark sweep GC freed 20(704B) AllocSpace objects, 0(0B) LOS objects, 23% free, 53MB/69MB, paused 587us total 22.108ms
08-06 05:26:23.524   356  4004 I art     : Starting a blocking GC Explicit
08-06 05:26:23.545   356  4004 I art     : Explicit concurrent mark sweep GC freed 3(96B) AllocSpace objects, 0(0B) LOS objects, 23% free, 53MB/69MB, paused 529us total 20.874ms
08-06 05:26:23.553   356  4004 I art     : Starting a blocking GC Explicit
08-06 05:26:23.575   356  4004 I art     : Explicit concurrent mark sweep GC freed 3(96B) AllocSpace objects, 0(0B) LOS objects, 23% free, 53MB/69MB, paused 521us total 21.639ms
08-06 05:26:23.584   356  4004 I art     : Starting a blocking GC Explicit
08-06 05:26:23.605   356  4004 I art     : Explicit concurrent mark sweep GC freed 3(96B) AllocSpace objects, 0(0B) LOS objects, 23% free, 53MB/69MB, paused 574us total 21.457ms
08-06 05:26:23.747   518   646 I ThermalEngine: ACTION: GPU - Setting GPU[0] to 450000000
08-06 05:26:23.762  4748  4748 D AndroidRuntime: >>>>>> START com.android.internal.os.RuntimeInit uid 2000 <<<<<<
08-06 05:26:23.769  4748  4748 D AndroidRuntime: CheckJNI is OFF
08-06 05:26:23.810  4748  4748 D ICU     : No timezone override file found: /data/misc/zoneinfo/current/icu/icu_tzdata.dat
08-06 05:26:23.852  4748  4748 I Radio-JNI: register_android_hardware_Radio DONE
08-06 05:26:23.881  4748  4748 D AndroidRuntime: Calling main entry com.android.commands.input.Input
08-06 05:26:23.883  4748  4748 I Input   : injectMotionEvent: MotionEvent { action=ACTION_DOWN, actionButton=0, id[0]=0, x[0]=1084.0, y[0]=2213.0, toolType[0]=TOOL_TYPE_UNKNOWN, buttonState=0, metaState=0, flags=0x0, edgeFlags=0x0, pointerCount=1, historySize=0, eventTime=854800295, downTime=854800295, deviceId=0, source=0x1002 }
08-06 05:26:23.887  4748  4748 I Input   : injectMotionEvent: MotionEvent { action=ACTION_UP, actionButton=0, id[0]=0, x[0]=1084.0, y[0]=2213.0, toolType[0]=TOOL_TYPE_UNKNOWN, buttonState=0, metaState=0, flags=0x0, edgeFlags=0x0, pointerCount=1, historySize=0, eventTime=854800295, downTime=854800295, deviceId=0, source=0x1002 }
08-06 05:26:23.889   918  5132 I ActivityManager: START u0 {cmp=baseline.appteam.nith.hillffair/.activities.EventActivity} from uid 10697 on display 0
08-06 05:26:23.898  4748  4748 D AndroidRuntime: Shutting down VM
08-06 05:26:23.902   356  1074 I art     : Starting a blocking GC Explicit
08-06 05:26:23.934   356  1074 I art     : Explicit concurrent mark sweep GC freed 5202(277KB) AllocSpace objects, 1(20KB) LOS objects, 23% free, 53MB/69MB, paused 1.239ms total 31.378ms
08-06 05:26:23.948   356  1074 I art     : Starting a blocking GC Explicit
08-06 05:26:23.974   356  1074 I art     : Explicit concurrent mark sweep GC freed 1475(163KB) AllocSpace objects, 0(0B) LOS objects, 23% free, 53MB/69MB, paused 695us total 26.237ms
08-06 05:26:23.979   356   356 I NAPPA_EXPERIMENTATION: MetricNetworkRequestExecutionTime: REQUEST_DURATION_SYSTEM='47',REQUEST_DURATION_OKHTTP='30',REQUEST_SYNCHRONOUS='FALSE',RESPONSE_CODE='200',RESPONSE_METHOD='GET',RESPONSE_LENGTH_OKHTTP='1870',RESPONSE_LENGTH_HEADER='-2',REQUEST_PROTOCOL='http/1.1',REQUEST_URL='https://api-hillfair-2k16.herokuapp.com/api/app/club',
08-06 05:26:23.980 13866 13866 I GoogleInputMethodServic: GoogleInputMethodService.onFinishInput():3138 
08-06 05:26:23.980 13866 13866 I GoogleInputMethodServic: GoogleInputMethodService.onStartInput():1808 
08-06 05:26:23.985   356  1074 I art     : Starting a blocking GC Explicit
08-06 05:26:24.012   356  1074 I art     : Explicit concurrent mark sweep GC freed 887(56KB) AllocSpace objects, 0(0B) LOS objects, 22% free, 53MB/69MB, paused 1.090ms total 27.145ms
08-06 05:26:24.012   356   367 I art     : WaitForGcToComplete blocked for 6.065ms for cause HeapTrim
08-06 05:26:24.027   356  1074 I art     : Starting a blocking GC Explicit
08-06 05:26:24.041   918   936 I ActivityManager: Displayed baseline.appteam.nith.hillffair/.activities.EventActivity: +141ms
08-06 05:26:24.055   356  1074 I art     : Explicit concurrent mark sweep GC freed 295(10KB) AllocSpace objects, 0(0B) LOS objects, 22% free, 53MB/69MB, paused 749us total 27.338ms
08-06 05:26:24.068   356  1074 I art     : Starting a blocking GC Explicit
08-06 05:26:24.093   356  1074 I art     : Explicit concurrent mark sweep GC freed 12(528B) AllocSpace objects, 0(0B) LOS objects, 22% free, 53MB/69MB, paused 659us total 25.415ms
08-06 05:26:24.281   380   380 W SurfaceFlinger: couldn't log to binary event log: overflow.
08-06 05:26:24.385   356  4004 I art     : Starting a blocking GC Explicit
08-06 05:26:24.413   356  4004 I art     : Explicit concurrent mark sweep GC freed 1413(83KB) AllocSpace objects, 1(20KB) LOS objects, 22% free, 53MB/69MB, paused 691us total 28.166ms
08-06 05:26:24.425   356  4004 I art     : Starting a blocking GC Explicit
08-06 05:26:24.453   356  4004 I art     : Explicit concurrent mark sweep GC freed 20(704B) AllocSpace objects, 0(0B) LOS objects, 22% free, 53MB/69MB, paused 726us total 28.561ms
08-06 05:26:24.465   356  4004 I art     : Starting a blocking GC Explicit
08-06 05:26:24.494   356  4004 I art     : Explicit concurrent mark sweep GC freed 3(96B) AllocSpace objects, 0(0B) LOS objects, 22% free, 53MB/69MB, paused 780us total 28.790ms
08-06 05:26:24.505   356  4004 I art     : Starting a blocking GC Explicit
08-06 05:26:24.534   356  4004 I art     : Explicit concurrent mark sweep GC freed 3(96B) AllocSpace objects, 0(0B) LOS objects, 22% free, 53MB/69MB, paused 708us total 29.184ms
08-06 05:26:24.546   356  4004 I art     : Starting a blocking GC Explicit
08-06 05:26:24.576   356  4004 I art     : Explicit concurrent mark sweep GC freed 3(96B) AllocSpace objects, 0(0B) LOS objects, 22% free, 53MB/69MB, paused 737us total 29.664ms
08-06 05:26:24.890   356  1074 I art     : Starting a blocking GC Explicit
08-06 05:26:24.925   356  1074 I art     : Explicit concurrent mark sweep GC freed 1344(78KB) AllocSpace objects, 1(20KB) LOS objects, 22% free, 53MB/69MB, paused 735us total 34.625ms
08-06 05:26:24.936   356  1074 I art     : Starting a blocking GC Explicit
08-06 05:26:24.966   356  1074 I art     : Explicit concurrent mark sweep GC freed 20(704B) AllocSpace objects, 0(0B) LOS objects, 22% free, 53MB/69MB, paused 743us total 29.381ms
08-06 05:26:24.978   356  1074 I art     : Starting a blocking GC Explicit
08-06 05:26:25.008   356  1074 I art     : Explicit concurrent mark sweep GC freed 3(96B) AllocSpace objects, 0(0B) LOS objects, 22% free, 53MB/69MB, paused 785us total 30.099ms
08-06 05:26:25.020   356  1074 I art     : Starting a blocking GC Explicit
08-06 05:26:25.051   356  1074 I art     : Explicit concurrent mark sweep GC freed 3(96B) AllocSpace objects, 0(0B) LOS objects, 22% free, 53MB/69MB, paused 723us total 30.304ms
08-06 05:26:25.062   356  1074 I art     : Starting a blocking GC Explicit
08-06 05:26:25.092   356  1074 I art     : Explicit concurrent mark sweep GC freed 3(96B) AllocSpace objects, 0(0B) LOS objects, 22% free, 53MB/69MB, paused 731us total 29.710ms
08-06 05:26:25.412   356   369 I art     : Starting a blocking GC Explicit
08-06 05:26:25.448   356   369 I art     : Explicit concurrent mark sweep GC freed 1344(78KB) AllocSpace objects, 1(20KB) LOS objects, 22% free, 53MB/69MB, paused 961us total 36.131ms
08-06 05:26:25.462   356   369 I art     : Starting a blocking GC Explicit
08-06 05:26:25.498   356   369 I art     : Explicit concurrent mark sweep GC freed 20(704B) AllocSpace objects, 0(0B) LOS objects, 22% free, 53MB/69MB, paused 1.126ms total 35.175ms
08-06 05:26:25.510   356   369 I art     : Starting a blocking GC Explicit
08-06 05:26:25.541   356   369 I art     : Explicit concurrent mark sweep GC freed 3(96B) AllocSpace objects, 0(0B) LOS objects, 22% free, 53MB/69MB, paused 748us total 30.934ms
08-06 05:26:25.553   356   369 I art     : Starting a blocking GC Explicit
08-06 05:26:25.587   356   369 I art     : Explicit concurrent mark sweep GC freed 3(96B) AllocSpace objects, 0(0B) LOS objects, 22% free, 53MB/69MB, paused 735us total 33.087ms
08-06 05:26:25.599   356   369 I art     : Starting a blocking GC Explicit
08-06 05:26:25.632   356   369 I art     : Explicit concurrent mark sweep GC freed 3(96B) AllocSpace objects, 0(0B) LOS objects, 22% free, 53MB/69MB, paused 743us total 33.024ms
08-06 05:26:25.972   356   547 I art     : Starting a blocking GC Explicit
08-06 05:26:26.013   356   547 I art     : Explicit concurrent mark sweep GC freed 1344(78KB) AllocSpace objects, 1(20KB) LOS objects, 22% free, 53MB/69MB, paused 732us total 40.238ms
08-06 05:26:26.025   356   547 I art     : Starting a blocking GC Explicit
08-06 05:26:26.058   356   547 I art     : Explicit concurrent mark sweep GC freed 20(704B) AllocSpace objects, 0(0B) LOS objects, 22% free, 53MB/69MB, paused 794us total 32.901ms
08-06 05:26:26.070   356   547 I art     : Starting a blocking GC Explicit
08-06 05:26:26.102   356   547 I art     : Explicit concurrent mark sweep GC freed 3(96B) AllocSpace objects, 0(0B) LOS objects, 22% free, 53MB/69MB, paused 792us total 32.171ms
08-06 05:26:26.114   356   547 I art     : Starting a blocking GC Explicit
08-06 05:26:26.147   356   547 I art     : Explicit concurrent mark sweep GC freed 3(96B) AllocSpace objects, 0(0B) LOS objects, 22% free, 53MB/69MB, paused 748us total 31.972ms
08-06 05:26:26.159   356   547 I art     : Starting a blocking GC Explicit
08-06 05:26:26.192   356   547 I art     : Explicit concurrent mark sweep GC freed 3(96B) AllocSpace objects, 0(0B) LOS objects, 22% free, 53MB/69MB, paused 762us total 32.899ms
08-06 05:26:26.518   356   368 I art     : Starting a blocking GC Explicit
08-06 05:26:26.557   356   368 I art     : Explicit concurrent mark sweep GC freed 1344(78KB) AllocSpace objects, 1(20KB) LOS objects, 22% free, 53MB/69MB, paused 803us total 38.718ms
08-06 05:26:26.572   356   368 I art     : Starting a blocking GC Explicit
08-06 05:26:26.605   356   368 I art     : Explicit concurrent mark sweep GC freed 20(704B) AllocSpace objects, 0(0B) LOS objects, 22% free, 53MB/69MB, paused 871us total 32.815ms
08-06 05:26:26.617   356   368 I art     : Starting a blocking GC Explicit
08-06 05:26:26.648   356   368 I art     : Explicit concurrent mark sweep GC freed 3(96B) AllocSpace objects, 0(0B) LOS objects, 22% free, 53MB/69MB, paused 727us total 31.042ms
08-06 05:26:26.660   356   368 I art     : Starting a blocking GC Explicit
08-06 05:26:26.694   356   368 I art     : Explicit concurrent mark sweep GC freed 3(96B) AllocSpace objects, 0(0B) LOS objects, 22% free, 53MB/69MB, paused 735us total 32.847ms
08-06 05:26:26.706   356   368 I art     : Starting a blocking GC Explicit
08-06 05:26:26.739   356   368 I art     : Explicit concurrent mark sweep GC freed 3(96B) AllocSpace objects, 0(0B) LOS objects, 22% free, 53MB/69MB, paused 738us total 32.949ms
08-06 05:26:27.071   356  4004 I art     : Starting a blocking GC Explicit
08-06 05:26:27.112   356  4004 I art     : Explicit concurrent mark sweep GC freed 1344(78KB) AllocSpace objects, 1(20KB) LOS objects, 22% free, 53MB/69MB, paused 879us total 41.095ms
08-06 05:26:27.130   356  4004 I art     : Starting a blocking GC Explicit
08-06 05:26:27.164   356  4004 I art     : Explicit concurrent mark sweep GC freed 20(704B) AllocSpace objects, 0(0B) LOS objects, 22% free, 53MB/69MB, paused 760us total 33.750ms
08-06 05:26:27.176   356  4004 I art     : Starting a blocking GC Explicit
08-06 05:26:27.209   356  4004 I art     : Explicit concurrent mark sweep GC freed 3(96B) AllocSpace objects, 0(0B) LOS objects, 22% free, 53MB/69MB, paused 783us total 32.566ms
08-06 05:26:27.221   356  4004 I art     : Starting a blocking GC Explicit
08-06 05:26:27.253   356  4004 I art     : Explicit concurrent mark sweep GC freed 3(96B) AllocSpace objects, 0(0B) LOS objects, 22% free, 53MB/69MB, paused 706us total 31.927ms
08-06 05:26:27.265   356  4004 I art     : Starting a blocking GC Explicit
08-06 05:26:27.299   356  4004 I art     : Explicit concurrent mark sweep GC freed 3(96B) AllocSpace objects, 0(0B) LOS objects, 22% free, 53MB/69MB, paused 777us total 33.178ms
08-06 05:26:27.646   356  1074 I art     : Starting a blocking GC Explicit
08-06 05:26:27.689   356  1074 I art     : Explicit concurrent mark sweep GC freed 1344(78KB) AllocSpace objects, 1(20KB) LOS objects, 22% free, 53MB/69MB, paused 980us total 41.979ms
08-06 05:26:27.705   356  1074 I art     : Starting a blocking GC Explicit
08-06 05:26:27.738   356  1074 I art     : Explicit concurrent mark sweep GC freed 20(704B) AllocSpace objects, 0(0B) LOS objects, 22% free, 53MB/69MB, paused 757us total 32.526ms
08-06 05:26:27.750   356  1074 I art     : Starting a blocking GC Explicit
08-06 05:26:27.753   518   646 I ThermalEngine: ACTION: GPU - Setting GPU[0] to 510000000
08-06 05:26:27.782   356  1074 I art     : Explicit concurrent mark sweep GC freed 3(96B) AllocSpace objects, 0(0B) LOS objects, 22% free, 53MB/69MB, paused 758us total 32.249ms
08-06 05:26:27.793   356  1074 I art     : Starting a blocking GC Explicit
08-06 05:26:27.819   356  1074 I art     : Explicit concurrent mark sweep GC freed 3(96B) AllocSpace objects, 0(0B) LOS objects, 22% free, 53MB/69MB, paused 570us total 25.327ms
08-06 05:26:27.828   356  1074 I art     : Starting a blocking GC Explicit
08-06 05:26:27.853   356  1074 I art     : Explicit concurrent mark sweep GC freed 3(96B) AllocSpace objects, 0(0B) LOS objects, 22% free, 53MB/69MB, paused 558us total 24.649ms
08-06 05:26:28.159   356   369 I art     : Starting a blocking GC Explicit
08-06 05:26:28.184   356   369 I art     : Explicit concurrent mark sweep GC freed 1344(78KB) AllocSpace objects, 1(20KB) LOS objects, 22% free, 53MB/69MB, paused 575us total 24.248ms
08-06 05:26:28.193   356   369 I art     : Starting a blocking GC Explicit
08-06 05:26:28.217   356   369 I art     : Explicit concurrent mark sweep GC freed 20(704B) AllocSpace objects, 0(0B) LOS objects, 22% free, 53MB/69MB, paused 591us total 24.089ms
08-06 05:26:28.226   356   369 I art     : Starting a blocking GC Explicit
08-06 05:26:28.249   356   369 I art     : Explicit concurrent mark sweep GC freed 3(96B) AllocSpace objects, 0(0B) LOS objects, 22% free, 53MB/69MB, paused 537us total 22.426ms
08-06 05:26:28.258   356   369 I art     : Starting a blocking GC Explicit
08-06 05:26:28.280   356   369 I art     : Explicit concurrent mark sweep GC freed 3(96B) AllocSpace objects, 0(0B) LOS objects, 22% free, 53MB/69MB, paused 533us total 22.072ms
08-06 05:26:28.289   356   369 I art     : Starting a blocking GC Explicit
08-06 05:26:28.312   356   369 I art     : Explicit concurrent mark sweep GC freed 3(96B) AllocSpace objects, 0(0B) LOS objects, 22% free, 53MB/69MB, paused 636us total 22.857ms
08-06 05:26:28.541  4865  4865 D AndroidRuntime: >>>>>> START com.android.internal.os.RuntimeInit uid 2000 <<<<<<
08-06 05:26:28.546  4865  4865 D AndroidRuntime: CheckJNI is OFF
08-06 05:26:28.578  4865  4865 D ICU     : No timezone override file found: /data/misc/zoneinfo/current/icu/icu_tzdata.dat
08-06 05:26:28.612  4865  4865 I Radio-JNI: register_android_hardware_Radio DONE
08-06 05:26:28.623   356   547 I art     : Starting a blocking GC Explicit
08-06 05:26:28.635  4865  4865 D AndroidRuntime: Calling main entry com.android.commands.input.Input
08-06 05:26:28.636  4865  4865 I Input   : injectMotionEvent: MotionEvent { action=ACTION_DOWN, actionButton=0, id[0]=0, x[0]=255.0, y[0]=1845.0, toolType[0]=TOOL_TYPE_UNKNOWN, buttonState=0, metaState=0, flags=0x0, edgeFlags=0x0, pointerCount=1, historySize=0, eventTime=854805049, downTime=854805049, deviceId=0, source=0x1002 }
08-06 05:26:28.640  4865  4865 I Input   : injectMotionEvent: MotionEvent { action=ACTION_UP, actionButton=0, id[0]=0, x[0]=255.0, y[0]=1845.0, toolType[0]=TOOL_TYPE_UNKNOWN, buttonState=0, metaState=0, flags=0x0, edgeFlags=0x0, pointerCount=1, historySize=0, eventTime=854805049, downTime=854805049, deviceId=0, source=0x1002 }
08-06 05:26:28.642   918  6112 I ActivityManager: START u0 {cmp=baseline.appteam.nith.hillffair/.activities.ClubActivity (has extras)} from uid 10697 on display 0
08-06 05:26:28.648   356   547 I art     : Explicit concurrent mark sweep GC freed 1344(78KB) AllocSpace objects, 1(20KB) LOS objects, 22% free, 53MB/69MB, paused 785us total 24.719ms
08-06 05:26:28.649  4865  4865 D AndroidRuntime: Shutting down VM
08-06 05:26:28.658   356   547 I art     : Starting a blocking GC Explicit
08-06 05:26:28.676 32067 32067 I ServiceManager: Waiting for service AtCmdFwd...
08-06 05:26:28.686   356   547 I art     : Explicit concurrent mark sweep GC freed 3441(232KB) AllocSpace objects, 0(0B) LOS objects, 22% free, 53MB/69MB, paused 3.406ms total 27.211ms
08-06 05:26:28.696   356   547 I art     : Starting a blocking GC Explicit
08-06 05:26:28.718   356   547 I art     : Explicit concurrent mark sweep GC freed 447(63KB) AllocSpace objects, 0(0B) LOS objects, 22% free, 53MB/69MB, paused 552us total 21.832ms
08-06 05:26:28.726   356   547 I art     : Starting a blocking GC Explicit
08-06 05:26:28.742   356   356 I NAPPA_EXPERIMENTATION: MetricNetworkRequestExecutionTime: REQUEST_DURATION_SYSTEM='66',REQUEST_DURATION_OKHTTP='34',REQUEST_SYNCHRONOUS='FALSE',RESPONSE_CODE='200',RESPONSE_METHOD='GET',RESPONSE_LENGTH_OKHTTP='1171',RESPONSE_LENGTH_HEADER='-2',REQUEST_PROTOCOL='http/1.1',REQUEST_URL='https://api-hillfair-2k16.herokuapp.com/api/app/club/Technical%20Committee',
08-06 05:26:28.748   356   547 I art     : Explicit concurrent mark sweep GC freed 667(47KB) AllocSpace objects, 0(0B) LOS objects, 22% free, 53MB/69MB, paused 627us total 22.017ms
08-06 05:26:28.749 13866 13866 I GoogleInputMethodServic: GoogleInputMethodService.onFinishInput():3138 
08-06 05:26:28.750   918   936 I ActivityManager: Displayed baseline.appteam.nith.hillffair/.activities.ClubActivity: +100ms
08-06 05:26:28.750 13866 13866 I GoogleInputMethodServic: GoogleInputMethodService.onStartInput():1808 
08-06 05:26:28.757   356   547 I art     : Starting a blocking GC Explicit
08-06 05:26:28.781   356   547 I art     : Explicit concurrent mark sweep GC freed 132(6KB) AllocSpace objects, 0(0B) LOS objects, 22% free, 53MB/69MB, paused 527us total 23.806ms
08-06 05:26:28.978   380   380 W SurfaceFlinger: couldn't log to binary event log: overflow.
08-06 05:26:29.054   356   369 I art     : Starting a blocking GC Explicit
08-06 05:26:29.077   356   369 I art     : Explicit concurrent mark sweep GC freed 1352(78KB) AllocSpace objects, 1(20KB) LOS objects, 22% free, 53MB/69MB, paused 605us total 22.949ms
08-06 05:26:29.078   356   367 I art     : WaitForGcToComplete blocked for 22.272ms for cause HeapTrim
08-06 05:26:29.087   356   369 I art     : Starting a blocking GC Explicit
08-06 05:26:29.110   356   369 I art     : Explicit concurrent mark sweep GC freed 20(704B) AllocSpace objects, 0(0B) LOS objects, 22% free, 53MB/69MB, paused 562us total 22.893ms
08-06 05:26:29.120   356   369 I art     : Starting a blocking GC Explicit
08-06 05:26:29.144   356   369 I art     : Explicit concurrent mark sweep GC freed 101(5KB) AllocSpace objects, 0(0B) LOS objects, 22% free, 53MB/69MB, paused 620us total 23.928ms
08-06 05:26:29.153   356   369 I art     : Starting a blocking GC Explicit
08-06 05:26:29.175   356   369 I art     : Explicit concurrent mark sweep GC freed 3(96B) AllocSpace objects, 0(0B) LOS objects, 22% free, 53MB/69MB, paused 561us total 22.170ms
08-06 05:26:29.183   356   369 I art     : Starting a blocking GC Explicit
08-06 05:26:29.206   356   369 I art     : Explicit concurrent mark sweep GC freed 3(96B) AllocSpace objects, 0(0B) LOS objects, 22% free, 53MB/69MB, paused 547us total 22.217ms
08-06 05:26:29.493   356  4004 I art     : Starting a blocking GC Explicit
08-06 05:26:29.520   356  4004 I art     : Explicit concurrent mark sweep GC freed 1344(78KB) AllocSpace objects, 1(20KB) LOS objects, 22% free, 53MB/69MB, paused 582us total 27.119ms
08-06 05:26:29.533   356  4004 I art     : Starting a blocking GC Explicit
08-06 05:26:29.557   356  4004 I art     : Explicit concurrent mark sweep GC freed 36(1264B) AllocSpace objects, 0(0B) LOS objects, 22% free, 53MB/69MB, paused 621us total 23.669ms
08-06 05:26:29.566   356  4004 I art     : Starting a blocking GC Explicit
08-06 05:26:29.590   356  4004 I art     : Explicit concurrent mark sweep GC freed 3(96B) AllocSpace objects, 0(0B) LOS objects, 22% free, 53MB/69MB, paused 563us total 23.809ms
08-06 05:26:29.598   356  4004 I art     : Starting a blocking GC Explicit
08-06 05:26:29.623   356  4004 I art     : Explicit concurrent mark sweep GC freed 3(96B) AllocSpace objects, 0(0B) LOS objects, 22% free, 53MB/69MB, paused 570us total 24.288ms
08-06 05:26:29.632   356  4004 I art     : Starting a blocking GC Explicit
08-06 05:26:29.656   356  4004 I art     : Explicit concurrent mark sweep GC freed 3(96B) AllocSpace objects, 0(0B) LOS objects, 22% free, 53MB/69MB, paused 528us total 23.944ms
08-06 05:26:29.676 32067 32067 I ServiceManager: Waiting for service AtCmdFwd...
08-06 05:26:29.934   356   369 I art     : Starting a blocking GC Explicit
08-06 05:26:29.966   356   369 I art     : Explicit concurrent mark sweep GC freed 1344(78KB) AllocSpace objects, 1(20KB) LOS objects, 22% free, 53MB/69MB, paused 614us total 31.196ms
08-06 05:26:29.977   356   369 I art     : Starting a blocking GC Explicit
08-06 05:26:30.003   356   369 I art     : Explicit concurrent mark sweep GC freed 20(704B) AllocSpace objects, 0(0B) LOS objects, 22% free, 53MB/69MB, paused 568us total 25.284ms
08-06 05:26:30.012   356   369 I art     : Starting a blocking GC Explicit
08-06 05:26:30.039   356   369 I art     : Explicit concurrent mark sweep GC freed 3(96B) AllocSpace objects, 0(0B) LOS objects, 22% free, 53MB/69MB, paused 579us total 26.259ms
08-06 05:26:30.048   356   369 I art     : Starting a blocking GC Explicit
08-06 05:26:30.073   356   369 I art     : Explicit concurrent mark sweep GC freed 3(96B) AllocSpace objects, 0(0B) LOS objects, 22% free, 53MB/69MB, paused 555us total 24.852ms
08-06 05:26:30.083   356   369 I art     : Starting a blocking GC Explicit
08-06 05:26:30.108   356   369 I art     : Explicit concurrent mark sweep GC freed 3(96B) AllocSpace objects, 0(0B) LOS objects, 22% free, 53MB/69MB, paused 578us total 25.104ms
08-06 05:26:30.394   356   547 I art     : Starting a blocking GC Explicit
08-06 05:26:30.425   356   547 I art     : Explicit concurrent mark sweep GC freed 1344(78KB) AllocSpace objects, 1(20KB) LOS objects, 22% free, 53MB/69MB, paused 641us total 31.190ms
08-06 05:26:30.436   356   547 I art     : Starting a blocking GC Explicit
08-06 05:26:30.461   356   547 I art     : Explicit concurrent mark sweep GC freed 20(704B) AllocSpace objects, 0(0B) LOS objects, 22% free, 53MB/69MB, paused 568us total 25.011ms
08-06 05:26:30.471   356   547 I art     : Starting a blocking GC Explicit
08-06 05:26:30.497   356   547 I art     : Explicit concurrent mark sweep GC freed 3(96B) AllocSpace objects, 0(0B) LOS objects, 22% free, 53MB/69MB, paused 643us total 25.788ms
08-06 05:26:30.507   356   547 I art     : Starting a blocking GC Explicit
08-06 05:26:30.531   356   547 I art     : Explicit concurrent mark sweep GC freed 3(96B) AllocSpace objects, 0(0B) LOS objects, 22% free, 53MB/69MB, paused 567us total 24.592ms
08-06 05:26:30.540   356   547 I art     : Starting a blocking GC Explicit
08-06 05:26:30.565   356   547 I art     : Explicit concurrent mark sweep GC freed 3(96B) AllocSpace objects, 0(0B) LOS objects, 22% free, 53MB/69MB, paused 582us total 24.630ms
08-06 05:26:30.677 32067 32067 I ServiceManager: Waiting for service AtCmdFwd...
08-06 05:26:30.759   518   646 I ThermalEngine: ACTION: GPU - Setting GPU[0] to 450000000
08-06 05:26:30.902   356  1074 I art     : Starting a blocking GC Explicit
08-06 05:26:30.945   356  1074 I art     : Explicit concurrent mark sweep GC freed 1344(78KB) AllocSpace objects, 1(20KB) LOS objects, 22% free, 53MB/69MB, paused 844us total 42.602ms
08-06 05:26:30.957   356  1074 I art     : Starting a blocking GC Explicit
08-06 05:26:30.992   356  1074 I art     : Explicit concurrent mark sweep GC freed 20(704B) AllocSpace objects, 0(0B) LOS objects, 22% free, 53MB/69MB, paused 790us total 34.370ms
08-06 05:26:31.004   356  1074 I art     : Starting a blocking GC Explicit
08-06 05:26:31.038   356  1074 I art     : Explicit concurrent mark sweep GC freed 3(96B) AllocSpace objects, 0(0B) LOS objects, 22% free, 53MB/69MB, paused 797us total 33.958ms
08-06 05:26:31.051   356  1074 I art     : Starting a blocking GC Explicit
08-06 05:26:31.085   356  1074 I art     : Explicit concurrent mark sweep GC freed 3(96B) AllocSpace objects, 0(0B) LOS objects, 22% free, 53MB/69MB, paused 785us total 34.187ms
08-06 05:26:31.098   356  1074 I art     : Starting a blocking GC Explicit
08-06 05:26:31.131   356  1074 I art     : Explicit concurrent mark sweep GC freed 3(96B) AllocSpace objects, 0(0B) LOS objects, 22% free, 53MB/69MB, paused 796us total 33.599ms
08-06 05:26:31.473   356   368 I art     : Starting a blocking GC Explicit
08-06 05:26:31.517   356   368 I art     : Explicit concurrent mark sweep GC freed 1344(78KB) AllocSpace objects, 1(20KB) LOS objects, 22% free, 53MB/69MB, paused 1.106ms total 42.845ms
08-06 05:26:31.533   356   368 I art     : Starting a blocking GC Explicit
08-06 05:26:31.567   356   368 I art     : Explicit concurrent mark sweep GC freed 20(704B) AllocSpace objects, 0(0B) LOS objects, 22% free, 53MB/69MB, paused 865us total 34.238ms
08-06 05:26:31.579   356   368 I art     : Starting a blocking GC Explicit
08-06 05:26:31.614   356   368 I art     : Explicit concurrent mark sweep GC freed 3(96B) AllocSpace objects, 0(0B) LOS objects, 22% free, 53MB/69MB, paused 768us total 34.081ms
08-06 05:26:31.626   356   368 I art     : Starting a blocking GC Explicit
08-06 05:26:31.660   356   368 I art     : Explicit concurrent mark sweep GC freed 3(96B) AllocSpace objects, 0(0B) LOS objects, 22% free, 53MB/69MB, paused 799us total 33.802ms
08-06 05:26:31.673   356   368 I art     : Starting a blocking GC Explicit
08-06 05:26:31.678 32067 32067 I ServiceManager: Waiting for service AtCmdFwd...
08-06 05:26:31.707   356   368 I art     : Explicit concurrent mark sweep GC freed 3(96B) AllocSpace objects, 0(0B) LOS objects, 22% free, 53MB/69MB, paused 788us total 34.038ms
08-06 05:26:31.761   518   646 I ThermalEngine: ACTION: GPU - Setting GPU[0] to 510000000
08-06 05:26:32.033   356  4004 I art     : Starting a blocking GC Explicit
08-06 05:26:32.065   356  4004 I art     : Explicit concurrent mark sweep GC freed 1344(78KB) AllocSpace objects, 1(20KB) LOS objects, 22% free, 53MB/69MB, paused 625us total 31.319ms
08-06 05:26:32.078   356  4004 I art     : Starting a blocking GC Explicit
08-06 05:26:32.104   356  4004 I art     : Explicit concurrent mark sweep GC freed 20(704B) AllocSpace objects, 0(0B) LOS objects, 22% free, 53MB/69MB, paused 668us total 25.399ms
08-06 05:26:32.113   356  4004 I art     : Starting a blocking GC Explicit
08-06 05:26:32.138   356  4004 I art     : Explicit concurrent mark sweep GC freed 3(96B) AllocSpace objects, 0(0B) LOS objects, 22% free, 53MB/69MB, paused 588us total 25.172ms
08-06 05:26:32.148   356  4004 I art     : Starting a blocking GC Explicit
08-06 05:26:32.173   356  4004 I art     : Explicit concurrent mark sweep GC freed 3(96B) AllocSpace objects, 0(0B) LOS objects, 22% free, 53MB/69MB, paused 573us total 25.255ms
08-06 05:26:32.183   356  4004 I art     : Starting a blocking GC Explicit
08-06 05:26:32.209   356  4004 I art     : Explicit concurrent mark sweep GC freed 3(96B) AllocSpace objects, 0(0B) LOS objects, 22% free, 53MB/69MB, paused 643us total 25.615ms
08-06 05:26:32.522   356   369 I art     : Starting a blocking GC Explicit
08-06 05:26:32.551   356   369 I art     : Explicit concurrent mark sweep GC freed 1344(78KB) AllocSpace objects, 1(20KB) LOS objects, 22% free, 53MB/69MB, paused 588us total 29ms
08-06 05:26:32.561   356   369 I art     : Starting a blocking GC Explicit
08-06 05:26:32.586   356   369 I art     : Explicit concurrent mark sweep GC freed 20(704B) AllocSpace objects, 0(0B) LOS objects, 22% free, 53MB/69MB, paused 566us total 25.716ms
08-06 05:26:32.596   356   369 I art     : Starting a blocking GC Explicit
08-06 05:26:32.621   356   369 I art     : Explicit concurrent mark sweep GC freed 3(96B) AllocSpace objects, 0(0B) LOS objects, 22% free, 53MB/69MB, paused 572us total 25.323ms
08-06 05:26:32.631   356   369 I art     : Starting a blocking GC Explicit
08-06 05:26:32.657   356   369 I art     : Explicit concurrent mark sweep GC freed 3(96B) AllocSpace objects, 0(0B) LOS objects, 22% free, 53MB/69MB, paused 629us total 25.684ms
08-06 05:26:32.666   356   369 I art     : Starting a blocking GC Explicit
08-06 05:26:32.679 32067 32067 I ServiceManager: Waiting for service AtCmdFwd...
08-06 05:26:32.691   356   369 I art     : Explicit concurrent mark sweep GC freed 3(96B) AllocSpace objects, 0(0B) LOS objects, 22% free, 53MB/69MB, paused 683us total 24.739ms
08-06 05:26:32.999   356   547 I art     : Starting a blocking GC Explicit
08-06 05:26:33.030   356   547 I art     : Explicit concurrent mark sweep GC freed 1344(78KB) AllocSpace objects, 1(20KB) LOS objects, 22% free, 53MB/69MB, paused 812us total 30.410ms
08-06 05:26:33.043   356   547 I art     : Starting a blocking GC Explicit
08-06 05:26:33.067   356   547 I art     : Explicit concurrent mark sweep GC freed 20(704B) AllocSpace objects, 0(0B) LOS objects, 22% free, 53MB/69MB, paused 666us total 24.148ms
08-06 05:26:33.076   356   547 I art     : Starting a blocking GC Explicit
08-06 05:26:33.100   356   547 I art     : Explicit concurrent mark sweep GC freed 3(96B) AllocSpace objects, 0(0B) LOS objects, 22% free, 53MB/69MB, paused 580us total 23.383ms
08-06 05:26:33.109   356   547 I art     : Starting a blocking GC Explicit
08-06 05:26:33.133   356   547 I art     : Explicit concurrent mark sweep GC freed 3(96B) AllocSpace objects, 0(0B) LOS objects, 22% free, 53MB/69MB, paused 654us total 23.970ms
08-06 05:26:33.142   356   547 I art     : Starting a blocking GC Explicit
08-06 05:26:33.166   356   547 I art     : Explicit concurrent mark sweep GC freed 3(96B) AllocSpace objects, 0(0B) LOS objects, 22% free, 53MB/69MB, paused 578us total 23.562ms
08-06 05:26:33.339  4978  4978 D AndroidRuntime: >>>>>> START com.android.internal.os.RuntimeInit uid 2000 <<<<<<
08-06 05:26:33.344  4978  4978 D AndroidRuntime: CheckJNI is OFF
08-06 05:26:33.376  4978  4978 D ICU     : No timezone override file found: /data/misc/zoneinfo/current/icu/icu_tzdata.dat
08-06 05:26:33.408  4978  4978 I Radio-JNI: register_android_hardware_Radio DONE
08-06 05:26:33.429  4978  4978 D AndroidRuntime: Calling main entry com.android.commands.input.Input
08-06 05:26:33.431  4978  4978 I Input   : injectKeyEvent: KeyEvent { action=ACTION_DOWN, keyCode=KEYCODE_BACK, scanCode=0, metaState=0, flags=0x0, repeatCount=0, eventTime=854809844, downTime=854809844, deviceId=-1, source=0x101 }
08-06 05:26:33.436  4978  4978 I Input   : injectKeyEvent: KeyEvent { action=ACTION_UP, keyCode=KEYCODE_BACK, scanCode=0, metaState=0, flags=0x0, repeatCount=0, eventTime=854809844, downTime=854809844, deviceId=-1, source=0x101 }
08-06 05:26:33.441  4978  4978 D AndroidRuntime: Shutting down VM
08-06 05:26:33.469   356   547 I art     : Starting a blocking GC Explicit
08-06 05:26:33.472 13866 13866 I GoogleInputMethodServic: GoogleInputMethodService.onFinishInput():3138 
08-06 05:26:33.473 13866 13866 I GoogleInputMethodServic: GoogleInputMethodService.onStartInput():1808 
08-06 05:26:33.493   356   547 I art     : Explicit concurrent mark sweep GC freed 1535(86KB) AllocSpace objects, 1(20KB) LOS objects, 22% free, 53MB/69MB, paused 545us total 24.595ms
08-06 05:26:33.504   356   547 I art     : Starting a blocking GC Explicit
08-06 05:26:33.527   356   547 I art     : Explicit concurrent mark sweep GC freed 50(1680B) AllocSpace objects, 0(0B) LOS objects, 22% free, 53MB/69MB, paused 600us total 23.619ms
08-06 05:26:33.536   356   547 I art     : Starting a blocking GC Explicit
08-06 05:26:33.556   356   547 I art     : Explicit concurrent mark sweep GC freed 6(224B) AllocSpace objects, 0(0B) LOS objects, 22% free, 53MB/69MB, paused 481us total 20.159ms
08-06 05:26:33.564   356   547 I art     : Starting a blocking GC Explicit
08-06 05:26:33.585   356   547 I art     : Explicit concurrent mark sweep GC freed 3(96B) AllocSpace objects, 0(0B) LOS objects, 22% free, 53MB/69MB, paused 519us total 21.214ms
08-06 05:26:33.595   356   547 I art     : Starting a blocking GC Explicit
08-06 05:26:33.617   356   547 I art     : Explicit concurrent mark sweep GC freed 3(96B) AllocSpace objects, 0(0B) LOS objects, 22% free, 53MB/69MB, paused 540us total 21.815ms
08-06 05:26:33.679 32067 32067 W Atfwd_Sendcmd: AtCmdFwd service not published, waiting... retryCnt : 4
08-06 05:26:33.765   380   380 W SurfaceFlinger: couldn't log to binary event log: overflow.
08-06 05:26:33.871   356   369 I art     : Starting a blocking GC Explicit
08-06 05:26:33.895   356   369 I art     : Explicit concurrent mark sweep GC freed 1453(86KB) AllocSpace objects, 1(20KB) LOS objects, 22% free, 53MB/69MB, paused 541us total 24.373ms
08-06 05:26:33.904   356   369 I art     : Starting a blocking GC Explicit
08-06 05:26:33.928   356   369 I art     : Explicit concurrent mark sweep GC freed 1670(108KB) AllocSpace objects, 3(180KB) LOS objects, 22% free, 53MB/69MB, paused 582us total 23.317ms
08-06 05:26:33.936   356   369 I art     : Starting a blocking GC Explicit
08-06 05:26:33.960   356   369 I art     : Explicit concurrent mark sweep GC freed 3(96B) AllocSpace objects, 0(0B) LOS objects, 22% free, 53MB/69MB, paused 556us total 22.920ms
08-06 05:26:33.969   356   369 I art     : Starting a blocking GC Explicit
08-06 05:26:33.992   356   369 I art     : Explicit concurrent mark sweep GC freed 3(96B) AllocSpace objects, 0(0B) LOS objects, 22% free, 53MB/69MB, paused 552us total 23.549ms
08-06 05:26:34.002   356   369 I art     : Starting a blocking GC Explicit
08-06 05:26:34.026   356   369 I art     : Explicit concurrent mark sweep GC freed 3(96B) AllocSpace objects, 0(0B) LOS objects, 22% free, 53MB/69MB, paused 546us total 24.107ms
08-06 05:26:34.314   356  1074 I art     : Starting a blocking GC Explicit
08-06 05:26:34.344   356  1074 I art     : Explicit concurrent mark sweep GC freed 1344(78KB) AllocSpace objects, 1(20KB) LOS objects, 22% free, 53MB/69MB, paused 604us total 30.484ms
08-06 05:26:34.357   356  1074 I art     : Starting a blocking GC Explicit
08-06 05:26:34.387   356  1074 I art     : Explicit concurrent mark sweep GC freed 20(704B) AllocSpace objects, 0(0B) LOS objects, 22% free, 53MB/69MB, paused 567us total 29.565ms
08-06 05:26:34.397   356  1074 I art     : Starting a blocking GC Explicit
08-06 05:26:34.421   356  1074 I art     : Explicit concurrent mark sweep GC freed 3(96B) AllocSpace objects, 0(0B) LOS objects, 22% free, 53MB/69MB, paused 549us total 23.852ms
08-06 05:26:34.431   356  1074 I art     : Starting a blocking GC Explicit
08-06 05:26:34.454   356  1074 I art     : Explicit concurrent mark sweep GC freed 3(96B) AllocSpace objects, 0(0B) LOS objects, 22% free, 53MB/69MB, paused 554us total 23.454ms
08-06 05:26:34.464   356  1074 I art     : Starting a blocking GC Explicit
08-06 05:26:34.488   356  1074 I art     : Explicit concurrent mark sweep GC freed 3(96B) AllocSpace objects, 0(0B) LOS objects, 22% free, 53MB/69MB, paused 646us total 24.022ms
08-06 05:26:34.761   356   368 I art     : Starting a blocking GC Explicit
08-06 05:26:34.786   356   368 I art     : Explicit concurrent mark sweep GC freed 1344(78KB) AllocSpace objects, 1(20KB) LOS objects, 22% free, 53MB/69MB, paused 584us total 24.386ms
08-06 05:26:34.795   356   368 I art     : Starting a blocking GC Explicit
08-06 05:26:34.819   356   368 I art     : Explicit concurrent mark sweep GC freed 20(704B) AllocSpace objects, 0(0B) LOS objects, 22% free, 53MB/69MB, paused 568us total 23.069ms
08-06 05:26:34.828   356   368 I art     : Starting a blocking GC Explicit
08-06 05:26:34.851   356   368 I art     : Explicit concurrent mark sweep GC freed 3(96B) AllocSpace objects, 0(0B) LOS objects, 22% free, 53MB/69MB, paused 597us total 23.511ms
08-06 05:26:34.860   356   368 I art     : Starting a blocking GC Explicit
08-06 05:26:34.884   356   368 I art     : Explicit concurrent mark sweep GC freed 3(96B) AllocSpace objects, 0(0B) LOS objects, 22% free, 53MB/69MB, paused 609us total 23.223ms
08-06 05:26:34.894   356   368 I art     : Starting a blocking GC Explicit
08-06 05:26:34.916   356   368 I art     : Explicit concurrent mark sweep GC freed 3(96B) AllocSpace objects, 0(0B) LOS objects, 22% free, 53MB/69MB, paused 553us total 22.663ms
08-06 05:26:35.100  5033  5033 D AndroidRuntime: >>>>>> START com.android.internal.os.RuntimeInit uid 2000 <<<<<<
08-06 05:26:35.105  5033  5033 D AndroidRuntime: CheckJNI is OFF
08-06 05:26:35.137  5033  5033 D ICU     : No timezone override file found: /data/misc/zoneinfo/current/icu/icu_tzdata.dat
08-06 05:26:35.170  5033  5033 I Radio-JNI: register_android_hardware_Radio DONE
08-06 05:26:35.192  5033  5033 D AndroidRuntime: Calling main entry com.android.commands.input.Input
08-06 05:26:35.194  5033  5033 I Input   : injectKeyEvent: KeyEvent { action=ACTION_DOWN, keyCode=KEYCODE_BACK, scanCode=0, metaState=0, flags=0x0, repeatCount=0, eventTime=854811607, downTime=854811607, deviceId=-1, source=0x101 }
08-06 05:26:35.194   356  4004 I art     : Starting a blocking GC Explicit
08-06 05:26:35.199  5033  5033 I Input   : injectKeyEvent: KeyEvent { action=ACTION_UP, keyCode=KEYCODE_BACK, scanCode=0, metaState=0, flags=0x0, repeatCount=0, eventTime=854811607, downTime=854811607, deviceId=-1, source=0x101 }
08-06 05:26:35.205  5033  5033 D AndroidRuntime: Shutting down VM
08-06 05:26:35.219   356  4004 I art     : Explicit concurrent mark sweep GC freed 1480(84KB) AllocSpace objects, 1(20KB) LOS objects, 22% free, 53MB/69MB, paused 547us total 24.371ms
08-06 05:26:35.228   356  4004 I art     : Starting a blocking GC Explicit
08-06 05:26:35.243 13866 13866 I GoogleInputMethodServic: GoogleInputMethodService.onFinishInput():3138 
08-06 05:26:35.244 13866 13866 I GoogleInputMethodServic: GoogleInputMethodService.onStartInput():1808 
08-06 05:26:35.250   356  4004 I art     : Explicit concurrent mark sweep GC freed 33(1216B) AllocSpace objects, 0(0B) LOS objects, 22% free, 53MB/69MB, paused 549us total 21.585ms
08-06 05:26:35.259   356  4004 I art     : Starting a blocking GC Explicit
08-06 05:26:35.281   356  4004 I art     : Explicit concurrent mark sweep GC freed 63(2224B) AllocSpace objects, 0(0B) LOS objects, 22% free, 53MB/69MB, paused 543us total 21.529ms
08-06 05:26:35.290   356  4004 I art     : Starting a blocking GC Explicit
08-06 05:26:35.312   356  4004 I art     : Explicit concurrent mark sweep GC freed 7(256B) AllocSpace objects, 0(0B) LOS objects, 22% free, 53MB/69MB, paused 484us total 20.908ms
08-06 05:26:35.320   356  4004 I art     : Starting a blocking GC Explicit
08-06 05:26:35.339   356  4004 I art     : Explicit concurrent mark sweep GC freed 3(96B) AllocSpace objects, 0(0B) LOS objects, 22% free, 53MB/69MB, paused 481us total 19.480ms
08-06 05:26:35.593   356  4004 I art     : Starting a blocking GC Explicit
08-06 05:26:35.615   356  4004 I art     : Explicit concurrent mark sweep GC freed 2020(110KB) AllocSpace objects, 1(20KB) LOS objects, 22% free, 53MB/69MB, paused 528us total 22.683ms
08-06 05:26:35.625   356  4004 I art     : Starting a blocking GC Explicit
08-06 05:26:35.649   356  4004 I art     : Explicit concurrent mark sweep GC freed 2678(174KB) AllocSpace objects, 1(28KB) LOS objects, 23% free, 53MB/69MB, paused 559us total 23.914ms
08-06 05:26:35.658   356  4004 I art     : Starting a blocking GC Explicit
08-06 05:26:35.680   356  4004 I art     : Explicit concurrent mark sweep GC freed 3(96B) AllocSpace objects, 0(0B) LOS objects, 23% free, 53MB/69MB, paused 541us total 22.511ms
08-06 05:26:35.689   356  4004 I art     : Starting a blocking GC Explicit
08-06 05:26:35.712   356  4004 I art     : Explicit concurrent mark sweep GC freed 3(96B) AllocSpace objects, 0(0B) LOS objects, 23% free, 53MB/69MB, paused 566us total 22.721ms
08-06 05:26:35.721   356  4004 I art     : Starting a blocking GC Explicit
08-06 05:26:35.744   356  4004 I art     : Explicit concurrent mark sweep GC freed 3(96B) AllocSpace objects, 0(0B) LOS objects, 23% free, 53MB/69MB, paused 556us total 22.869ms
08-06 05:26:35.949   918  3261 D WifiStateMachine: starting scan for "H369AA63323"WPA_PSK with 2412,5180
08-06 05:26:36.042   356   547 I art     : Starting a blocking GC Explicit
08-06 05:26:36.071   356   547 I art     : Explicit concurrent mark sweep GC freed 1344(78KB) AllocSpace objects, 1(20KB) LOS objects, 23% free, 53MB/69MB, paused 622us total 28.517ms
08-06 05:26:36.082   356   547 I art     : Starting a blocking GC Explicit
08-06 05:26:36.105   356   547 I art     : Explicit concurrent mark sweep GC freed 20(704B) AllocSpace objects, 0(0B) LOS objects, 23% free, 53MB/69MB, paused 569us total 23.418ms
08-06 05:26:36.115   356   547 I art     : Starting a blocking GC Explicit
08-06 05:26:36.137   356   547 I art     : Explicit concurrent mark sweep GC freed 3(96B) AllocSpace objects, 0(0B) LOS objects, 23% free, 53MB/69MB, paused 576us total 22.632ms
08-06 05:26:36.147   356   547 I art     : Starting a blocking GC Explicit
08-06 05:26:36.170   356   547 I art     : Explicit concurrent mark sweep GC freed 3(96B) AllocSpace objects, 0(0B) LOS objects, 23% free, 53MB/69MB, paused 618us total 23.026ms
08-06 05:26:36.179   356   547 I art     : Starting a blocking GC Explicit
08-06 05:26:36.202   356   547 I art     : Explicit concurrent mark sweep GC freed 3(96B) AllocSpace objects, 0(0B) LOS objects, 23% free, 53MB/69MB, paused 570us total 23.171ms
08-06 05:26:36.482   356   369 I art     : Starting a blocking GC Explicit
08-06 05:26:36.505   356   369 I art     : Explicit concurrent mark sweep GC freed 1341(78KB) AllocSpace objects, 1(20KB) LOS objects, 23% free, 53MB/69MB, paused 607us total 23.065ms
08-06 05:26:36.514   356   369 I art     : Starting a blocking GC Explicit
08-06 05:26:36.534   356   369 I art     : Explicit concurrent mark sweep GC freed 20(704B) AllocSpace objects, 0(0B) LOS objects, 23% free, 53MB/69MB, paused 571us total 20.203ms
08-06 05:26:36.543   356   369 I art     : Starting a blocking GC Explicit
08-06 05:26:36.564   356   369 I art     : Explicit concurrent mark sweep GC freed 3(96B) AllocSpace objects, 0(0B) LOS objects, 23% free, 53MB/69MB, paused 537us total 20.886ms
08-06 05:26:36.572   356   369 I art     : Starting a blocking GC Explicit
08-06 05:26:36.593   356   369 I art     : Explicit concurrent mark sweep GC freed 3(96B) AllocSpace objects, 0(0B) LOS objects, 23% free, 53MB/69MB, paused 582us total 21.054ms
08-06 05:26:36.602   356   369 I art     : Starting a blocking GC Explicit
08-06 05:26:36.624   356   369 I art     : Explicit concurrent mark sweep GC freed 3(96B) AllocSpace objects, 0(0B) LOS objects, 23% free, 53MB/69MB, paused 568us total 21.858ms
08-06 05:26:36.773   518   646 I ThermalEngine: ACTION: GPU - Setting GPU[0] to 450000000
08-06 05:26:36.933   356  1074 I art     : Starting a blocking GC Explicit
08-06 05:26:36.949  5095  5095 D AndroidRuntime: >>>>>> START com.android.internal.os.RuntimeInit uid 2000 <<<<<<
08-06 05:26:36.955  5095  5095 D AndroidRuntime: CheckJNI is OFF
08-06 05:26:36.964   356  1074 I art     : Explicit concurrent mark sweep GC freed 1341(78KB) AllocSpace objects, 1(20KB) LOS objects, 23% free, 53MB/69MB, paused 786us total 31.097ms
08-06 05:26:36.976   356  1074 I art     : Starting a blocking GC Explicit
08-06 05:26:37.001  5095  5095 D ICU     : No timezone override file found: /data/misc/zoneinfo/current/icu/icu_tzdata.dat
08-06 05:26:37.004   356  1074 I art     : Explicit concurrent mark sweep GC freed 20(704B) AllocSpace objects, 0(0B) LOS objects, 23% free, 53MB/69MB, paused 837us total 27.880ms
08-06 05:26:37.015   356  1074 I art     : Starting a blocking GC Explicit
08-06 05:26:37.044   356  1074 I art     : Explicit concurrent mark sweep GC freed 3(96B) AllocSpace objects, 0(0B) LOS objects, 23% free, 53MB/69MB, paused 834us total 28.606ms
08-06 05:26:37.049  5095  5095 I Radio-JNI: register_android_hardware_Radio DONE
08-06 05:26:37.055   356  1074 I art     : Starting a blocking GC Explicit
08-06 05:26:37.078  5095  5095 D AndroidRuntime: Calling main entry com.android.commands.am.Am
08-06 05:26:37.084   356  1074 I art     : Explicit concurrent mark sweep GC freed 3(96B) AllocSpace objects, 0(0B) LOS objects, 23% free, 53MB/69MB, paused 806us total 28.568ms
08-06 05:26:37.089  3167  3167 I Trepn   : Trepn 6.2s: Received intent: com.quicinc.trepn.stop_profiling
08-06 05:26:37.096   356  1074 I art     : Starting a blocking GC Explicit
08-06 05:26:37.123   356  1074 I art     : Explicit concurrent mark sweep GC freed 3(96B) AllocSpace objects, 0(0B) LOS objects, 23% free, 53MB/69MB, paused 736us total 27.067ms
08-06 05:26:37.139  3167  3167 I Trepn   : Trepn 6.2s: Trepn has Stopped Profiling.
08-06 05:26:37.340  5095  5095 D AndroidRuntime: Shutting down VM
08-06 05:26:37.343   918  3961 W AppOps  : Finishing op nesting under-run: uid 10078 pkg com.quicinc.trepn code 24 time=0 duration=0 nesting=0
08-06 05:26:37.425   356   368 I art     : Starting a blocking GC Explicit
08-06 05:26:37.455   356   368 I art     : Explicit concurrent mark sweep GC freed 1341(78KB) AllocSpace objects, 1(20KB) LOS objects, 23% free, 53MB/69MB, paused 747us total 29.820ms
08-06 05:26:37.469   356   368 I art     : Starting a blocking GC Explicit
08-06 05:26:37.499   356   368 I art     : Explicit concurrent mark sweep GC freed 20(704B) AllocSpace objects, 0(0B) LOS objects, 23% free, 53MB/69MB, paused 761us total 29.567ms
08-06 05:26:37.511   356   368 I art     : Starting a blocking GC Explicit
08-06 05:26:37.543   356   368 I art     : Explicit concurrent mark sweep GC freed 3(96B) AllocSpace objects, 0(0B) LOS objects, 23% free, 53MB/69MB, paused 764us total 31.571ms
08-06 05:26:37.555   356   368 I art     : Starting a blocking GC Explicit
08-06 05:26:37.585   356   368 I art     : Explicit concurrent mark sweep GC freed 3(96B) AllocSpace objects, 0(0B) LOS objects, 23% free, 53MB/69MB, paused 749us total 30.096ms
08-06 05:26:37.597   356   368 I art     : Starting a blocking GC Explicit
08-06 05:26:37.626   356   368 I art     : Explicit concurrent mark sweep GC freed 3(96B) AllocSpace objects, 0(0B) LOS objects, 23% free, 53MB/69MB, paused 711us total 28.837ms
08-06 05:26:37.914   356  4004 I art     : Starting a blocking GC Explicit
08-06 05:26:37.943   356  4004 I art     : Explicit concurrent mark sweep GC freed 1341(78KB) AllocSpace objects, 1(20KB) LOS objects, 23% free, 53MB/69MB, paused 776us total 28.464ms
08-06 05:26:37.954   356  4004 I art     : Starting a blocking GC Explicit
08-06 05:26:37.981   356  4004 I art     : Explicit concurrent mark sweep GC freed 20(704B) AllocSpace objects, 0(0B) LOS objects, 23% free, 53MB/69MB, paused 728us total 26.481ms
08-06 05:26:37.993   356  4004 I art     : Starting a blocking GC Explicit
08-06 05:26:38.019   356  4004 I art     : Explicit concurrent mark sweep GC freed 3(96B) AllocSpace objects, 0(0B) LOS objects, 23% free, 53MB/69MB, paused 684us total 26.539ms
08-06 05:26:38.030   356  4004 I art     : Starting a blocking GC Explicit
08-06 05:26:38.058   356  4004 I art     : Explicit concurrent mark sweep GC freed 3(96B) AllocSpace objects, 0(0B) LOS objects, 23% free, 53MB/69MB, paused 706us total 27.032ms
08-06 05:26:38.069   356  4004 I art     : Starting a blocking GC Explicit
08-06 05:26:38.097   356  4004 I art     : Explicit concurrent mark sweep GC freed 3(96B) AllocSpace objects, 0(0B) LOS objects, 23% free, 53MB/69MB, paused 770us total 27.304ms
08-06 05:26:39.776   518   646 I ThermalEngine: ACTION: GPU - Setting GPU[0] to 510000000
