--------- beginning of main
08-06 13:55:55.428  5524  5524 W Atfwd_Sendcmd: AtCmdFwd service not published, waiting... retryCnt : 1
08-06 13:55:56.075  9663  9663 D AndroidRuntime: >>>>>> START com.android.internal.os.RuntimeInit uid 2000 <<<<<<
08-06 13:55:56.082  9663  9663 D AndroidRuntime: CheckJNI is OFF
08-06 13:55:56.116  9663  9663 D ICU     : No timezone override file found: /data/misc/zoneinfo/current/icu/icu_tzdata.dat
08-06 13:55:56.152  9663  9663 I Radio-JNI: register_android_hardware_Radio DONE
08-06 13:55:56.171  9663  9663 D AndroidRuntime: Calling main entry com.android.commands.monkey.Monkey
--------- beginning of system
08-06 13:55:56.191   918   931 W BroadcastQueue: Skipping deliver [background] BroadcastRecord{b0f4143 u-1 android.net.conn.CONNECTIVITY_CHANGE} to ReceiverList{83363c0 9663 (unknown name)/2000/u-1 remote:95fe9fd}: process crashing
08-06 13:55:56.202   918  6029 I ActivityManager: START u0 {act=android.intent.action.MAIN cat=[android.intent.category.LAUNCHER] flg=0x10200000 cmp=baseline.appteam.nith.hillffair/.activities.SplashActivity} from uid 2000 on display 0
08-06 13:55:56.237   918   929 I ActivityManager: Start proc 9672:baseline.appteam.nith.hillffair/u0a697 for activity baseline.appteam.nith.hillffair/.activities.SplashActivity
08-06 13:55:56.238  9672  9672 I art     : Late-enabling -Xcheck:jni
08-06 13:55:56.256  9663  9663 I art     : System.exit called, status: 0
08-06 13:55:56.256  9663  9663 I AndroidRuntime: VM exiting with result code 0.
08-06 13:55:56.305  9672  9672 W System  : ClassLoader referenced unknown path: /data/app/baseline.appteam.nith.hillffair-1/lib/arm64
08-06 13:55:56.310 16458 28535 I PBSessionCacheImpl: Deleted sessionId[72384646105454640] from persistence.
08-06 13:55:56.319 16458 16488 W SearchServiceCore: Abort, client detached.
08-06 13:55:56.319 16458 16488 I MicroDetectionState: Should stop hotword detection immediately - true
08-06 13:55:56.326  9672  9672 W OneSignal: GCM Library detected, please upgrade to Firebase FCM library as GCM is deprecated!
08-06 13:55:56.366  9672  9672 W art     : Before Android 4.1, method android.graphics.PorterDuffColorFilter androidx.vectordrawable.graphics.drawable.VectorDrawableCompat.updateTintFilter(android.graphics.PorterDuffColorFilter, android.content.res.ColorStateList, android.graphics.PorterDuff$Mode) would have incorrectly overridden the package-private method in android.graphics.drawable.Drawable
08-06 13:55:56.385  9672  9672 I art     : Rejecting re-init on previously-failed class java.lang.Class<androidx.core.view.ViewCompat$2>
08-06 13:55:56.385  9672  9672 I art     : Rejecting re-init on previously-failed class java.lang.Class<androidx.core.view.ViewCompat$2>
08-06 13:55:56.429  9672  9695 D OpenGLRenderer: Use EGL_SWAP_BEHAVIOR_PRESERVED: true
08-06 13:55:56.474  9672  9695 I Adreno  : QUALCOMM build                   : fcf4852, I1af360237c
08-06 13:55:56.474  9672  9695 I Adreno  : Build Date                       : 09/23/15
08-06 13:55:56.474  9672  9695 I Adreno  : OpenGL ES Shader Compiler Version: XE031.05.13.02
08-06 13:55:56.474  9672  9695 I Adreno  : Local Branch                     : mybranch14465806
08-06 13:55:56.474  9672  9695 I Adreno  : Remote Branch                    : quic/LA.BF64.1.2.9_v2
08-06 13:55:56.474  9672  9695 I Adreno  : Remote Branch                    : NONE
08-06 13:55:56.474  9672  9695 I Adreno  : Reconstruct Branch               : NOTHING
08-06 13:55:56.479  9672  9695 I OpenGLRenderer: Initialized EGL, version 1.4
08-06 13:55:56.514 13866 13866 I GoogleInputMethodServic: GoogleInputMethodService.onFinishInput():3138 
08-06 13:55:56.515 13866 13866 I GoogleInputMethodServic: GoogleInputMethodService.onStartInput():1808 
08-06 13:55:56.579   918   936 I ActivityManager: Displayed baseline.appteam.nith.hillffair/.activities.SplashActivity: +368ms
08-06 13:55:56.664  9672  9705 W GCM     : GCM SDK is deprecated, baseline.appteam.nith.hillffair should update to use FCM
08-06 13:55:56.712 24365 14427 W Conscrypt: Could not set socket write timeout: java.net.SocketException: Socket closed
08-06 13:55:56.712 24365 14427 E art     : invalid stream - problem with parameter iterator in /data/app/com.google.android.gms-2/base.apk:classes3.dex for method void com.google.android.gms.org.conscrypt.ConscryptFileDescriptorSocket.setSoWriteTimeout(int)
08-06 13:55:56.713 24365 14427 W Conscrypt: 	at com.google.android.gms.org.conscrypt.Platform.setSocketWriteTimeout(:com.google.android.gms@202614019@20.26.14 (040400-320008519):2)
08-06 13:55:56.713 24365 14427 W Conscrypt: 	at com.google.android.gms.org.conscrypt.ConscryptFileDescriptorSocket.setSoWriteTimeout(:com.google.android.gms@202614019@20.26.14 (040400-320008519))
08-06 13:55:56.731 24365 14427 W Conscrypt: Could not set socket write timeout: java.net.SocketException: Socket closed
08-06 13:55:56.731 24365 14427 E art     : invalid stream - problem with parameter iterator in /data/app/com.google.android.gms-2/base.apk:classes3.dex for method void com.google.android.gms.org.conscrypt.ConscryptFileDescriptorSocket.setSoWriteTimeout(int)
08-06 13:55:56.731 24365 14427 W Conscrypt: 	at com.google.android.gms.org.conscrypt.Platform.setSocketWriteTimeout(:com.google.android.gms@202614019@20.26.14 (040400-320008519):2)
08-06 13:55:56.731 24365 14427 W Conscrypt: 	at com.google.android.gms.org.conscrypt.ConscryptFileDescriptorSocket.setSoWriteTimeout(:com.google.android.gms@202614019@20.26.14 (040400-320008519))
08-06 13:55:56.801 24365 14427 W Conscrypt: Could not set socket write timeout: java.net.SocketException: Socket closed
08-06 13:55:56.801 24365 14427 E art     : invalid stream - problem with parameter iterator in /data/app/com.google.android.gms-2/base.apk:classes3.dex for method void com.google.android.gms.org.conscrypt.ConscryptFileDescriptorSocket.setSoWriteTimeout(int)
08-06 13:55:56.802 24365 14427 W Conscrypt: 	at com.google.android.gms.org.conscrypt.Platform.setSocketWriteTimeout(:com.google.android.gms@202614019@20.26.14 (040400-320008519):2)
08-06 13:55:56.802 24365 14427 W Conscrypt: 	at com.google.android.gms.org.conscrypt.ConscryptFileDescriptorSocket.setSoWriteTimeout(:com.google.android.gms@202614019@20.26.14 (040400-320008519))
08-06 13:55:56.821 24365 14427 W Conscrypt: Could not set socket write timeout: java.net.SocketException: Socket closed
08-06 13:55:56.822 24365 14427 E art     : invalid stream - problem with parameter iterator in /data/app/com.google.android.gms-2/base.apk:classes3.dex for method void com.google.android.gms.org.conscrypt.ConscryptFileDescriptorSocket.setSoWriteTimeout(int)
08-06 13:55:56.822 24365 14427 W Conscrypt: 	at com.google.android.gms.org.conscrypt.Platform.setSocketWriteTimeout(:com.google.android.gms@202614019@20.26.14 (040400-320008519):2)
08-06 13:55:56.822 24365 14427 W Conscrypt: 	at com.google.android.gms.org.conscrypt.ConscryptFileDescriptorSocket.setSoWriteTimeout(:com.google.android.gms@202614019@20.26.14 (040400-320008519))
08-06 13:55:56.988  9672  9705 E OneSignal: Error Getting GCM Token
08-06 13:55:56.988  9672  9705 E OneSignal: java.io.IOException: INVALID_SENDER
08-06 13:55:56.988  9672  9705 E OneSignal: 	at com.google.android.gms.gcm.GoogleCloudMessaging.zzd(Unknown Source)
08-06 13:55:56.988  9672  9705 E OneSignal: 	at com.google.android.gms.gcm.GoogleCloudMessaging.register(Unknown Source)
08-06 13:55:56.988  9672  9705 E OneSignal: 	at com.onesignal.PushRegistratorGCM.getToken(PushRegistratorGCM.java:42)
08-06 13:55:56.988  9672  9705 E OneSignal: 	at com.onesignal.PushRegistratorAbstractGoogle.attemptRegistration(PushRegistratorAbstractGoogle.java:97)
08-06 13:55:56.988  9672  9705 E OneSignal: 	at com.onesignal.PushRegistratorAbstractGoogle.access$100(PushRegistratorAbstractGoogle.java:37)
08-06 13:55:56.988  9672  9705 E OneSignal: 	at com.onesignal.PushRegistratorAbstractGoogle$1.run(PushRegistratorAbstractGoogle.java:84)
08-06 13:55:56.988  9672  9705 E OneSignal: 	at java.lang.Thread.run(Thread.java:818)
08-06 13:55:57.008  9672  9709 I art     : Rejecting re-init on previously-failed class java.lang.Class<com.onesignal.OneSignalChromeTab$OneSignalCustomTabsServiceConnection>
08-06 13:55:57.009  9672  9709 I art     : Rejecting re-init on previously-failed class java.lang.Class<com.onesignal.OneSignalChromeTab$OneSignalCustomTabsServiceConnection>
08-06 13:55:57.046 24365 31017 I NetworkScheduler.Stats: Task com.google.android.gms/com.google.android.gms.clearcut.uploader.QosUploaderService started execution. cause:1 exec_start_elapsed_seconds: 1868760 [CONTEXT service_id=218 ]
08-06 13:55:57.761  9720  9720 D AndroidRuntime: >>>>>> START com.android.internal.os.RuntimeInit uid 2000 <<<<<<
08-06 13:55:57.765  9720  9720 D AndroidRuntime: CheckJNI is OFF
08-06 13:55:57.791  9720  9720 D ICU     : No timezone override file found: /data/misc/zoneinfo/current/icu/icu_tzdata.dat
08-06 13:55:57.817  9720  9720 I Radio-JNI: register_android_hardware_Radio DONE
08-06 13:55:57.833  9720  9720 D AndroidRuntime: Calling main entry com.android.commands.am.Am
08-06 13:55:57.838 14970 14970 I Trepn   : Trepn 6.2s: Received intent: com.quicinc.trepn.start_profiling
08-06 13:55:57.916   918  6111 I ActivityManager: START u0 {cmp=baseline.appteam.nith.hillffair/.activities.WelcomeActivity} from uid 10697 on display 0
08-06 13:55:57.925 14970 14970 W FileUtils: Failed to chmod(/storage/emulated/0/trepn/Trepn_2020.08.06_135557.db): android.system.ErrnoException: chmod failed: EPERM (Operation not permitted)
08-06 13:55:57.939   918  5132 I ActivityManager: START u0 {cmp=baseline.appteam.nith.hillffair/.activities.HomeActivity} from uid 10697 on display 0
08-06 13:55:57.946   918  5952 W ActivityManager: Duplicate finish request for ActivityRecord{4bd1a76 u0 baseline.appteam.nith.hillffair/.activities.WelcomeActivity t4413 f}
08-06 13:55:58.022 14970 14970 I Trepn   : Trepn 6.2s: Trepn has Started Profiling.
08-06 13:55:58.023  9720  9720 D AndroidRuntime: Shutting down VM
08-06 13:55:58.384   918   936 I ActivityManager: Displayed baseline.appteam.nith.hillffair/.activities.HomeActivity: +396ms (total +459ms)
08-06 13:55:58.385 13866 13866 I GoogleInputMethodServic: GoogleInputMethodService.onFinishInput():3138 
08-06 13:55:58.385 13866 13866 I GoogleInputMethodServic: GoogleInputMethodService.onStartInput():1808 
08-06 13:55:58.412  9672  9684 I art     : Starting a blocking GC Explicit
08-06 13:55:58.425  9672  9684 I art     : Explicit concurrent mark sweep GC freed 3429(573KB) AllocSpace objects, 0(0B) LOS objects, 24% free, 48MB/64MB, paused 156us total 13.197ms
08-06 13:55:58.433  9672  9684 I art     : Starting a blocking GC Explicit
08-06 13:55:58.442   918  3359 I AccountManagerService: getTypesVisibleToCaller: isPermitted? true
08-06 13:55:58.445  9672  9684 I art     : Explicit concurrent mark sweep GC freed 395(20KB) AllocSpace objects, 0(0B) LOS objects, 24% free, 48MB/64MB, paused 154us total 12.243ms
08-06 13:55:58.448   918  3670 I AccountManagerService: getTypesVisibleToCaller: isPermitted? true
08-06 13:55:58.451  9672  9684 I art     : Starting a blocking GC Explicit
08-06 13:55:58.453   918   928 I AccountManagerService: getTypesVisibleToCaller: isPermitted? true
08-06 13:55:58.457   918  5132 I AccountManagerService: getTypesVisibleToCaller: isPermitted? true
08-06 13:55:58.462  9672  9684 I art     : Explicit concurrent mark sweep GC freed 9(528B) AllocSpace objects, 0(0B) LOS objects, 24% free, 48MB/64MB, paused 136us total 10.214ms
08-06 13:55:58.464   918   928 I AccountManagerService: getTypesVisibleToCaller: isPermitted? true
08-06 13:55:58.468  9672  9684 I art     : Starting a blocking GC Explicit
08-06 13:55:58.473   918  5132 I AccountManagerService: getTypesVisibleToCaller: isPermitted? true
08-06 13:55:58.478  9672  9684 I art     : Explicit concurrent mark sweep GC freed 988(69KB) AllocSpace objects, 0(0B) LOS objects, 25% free, 47MB/63MB, paused 133us total 9.867ms
08-06 13:55:58.478   918  6111 I AccountManagerService: getTypesVisibleToCaller: isPermitted? true
08-06 13:55:58.483   918  5952 I AccountManagerService: getTypesVisibleToCaller: isPermitted? true
08-06 13:55:58.483  9672  9684 I art     : Starting a blocking GC Explicit
08-06 13:55:58.489   918  6029 I AccountManagerService: getTypesVisibleToCaller: isPermitted? true
08-06 13:55:58.493  9672  9684 I art     : Explicit concurrent mark sweep GC freed 3(96B) AllocSpace objects, 0(0B) LOS objects, 25% free, 47MB/63MB, paused 136us total 9.764ms
08-06 13:55:58.494   918  4413 I AccountManagerService: getTypesVisibleToCaller: isPermitted? true
08-06 13:55:58.500   918   929 I AccountManagerService: getTypesVisibleToCaller: isPermitted? true
08-06 13:55:58.506   918  4400 I AccountManagerService: getTypesVisibleToCaller: isPermitted? true
08-06 13:55:58.511   918  3961 I AccountManagerService: getTypesVisibleToCaller: isPermitted? true
08-06 13:55:58.517   918  6112 I AccountManagerService: getTypesVisibleToCaller: isPermitted? true
08-06 13:55:58.522   918  5481 I AccountManagerService: getTypesVisibleToCaller: isPermitted? true
08-06 13:55:58.527   918   928 I AccountManagerService: getTypesVisibleToCaller: isPermitted? true
08-06 13:55:58.534   918  3714 I AccountManagerService: getTypesVisibleToCaller: isPermitted? true
08-06 13:55:58.541   918  3359 I AccountManagerService: getTypesVisibleToCaller: isPermitted? true
08-06 13:55:58.551   918  5132 I AccountManagerService: getTypesVisibleToCaller: isPermitted? true
08-06 13:55:58.557   918  6029 I AccountManagerService: getTypesVisibleToCaller: isPermitted? true
08-06 13:55:58.562   918  4413 I AccountManagerService: getTypesVisibleToCaller: isPermitted? true
08-06 13:55:58.570   918   929 I AccountManagerService: getTypesVisibleToCaller: isPermitted? true
08-06 13:55:58.575   918  6112 I AccountManagerService: getTypesVisibleToCaller: isPermitted? true
08-06 13:55:58.580   918  5481 I AccountManagerService: getTypesVisibleToCaller: isPermitted? true
08-06 13:55:58.588   918   928 I AccountManagerService: getTypesVisibleToCaller: isPermitted? true
08-06 13:55:58.596   918  3670 I AccountManagerService: getTypesVisibleToCaller: isPermitted? true
08-06 13:55:58.606   918  6111 I AccountManagerService: getTypesVisibleToCaller: isPermitted? true
08-06 13:55:58.612   918  5952 I AccountManagerService: getTypesVisibleToCaller: isPermitted? true
08-06 13:55:58.616   380   380 W SurfaceFlinger: couldn't log to binary event log: overflow.
08-06 13:55:58.640   918  3359 I AccountManagerService: getTypesVisibleToCaller: isPermitted? true
08-06 13:55:58.729 24365  4184 W Conscrypt: Could not set socket write timeout: java.net.SocketException: Socket closed
08-06 13:55:58.729 24365  4184 E art     : invalid stream - problem with parameter iterator in /data/app/com.google.android.gms-2/base.apk:classes3.dex for method void com.google.android.gms.org.conscrypt.ConscryptFileDescriptorSocket.setSoWriteTimeout(int)
08-06 13:55:58.733 24365  4184 W Conscrypt: 	at com.google.android.gms.org.conscrypt.Platform.setSocketWriteTimeout(:com.google.android.gms@202614019@20.26.14 (040400-320008519):2)
08-06 13:55:58.733 24365  4184 W Conscrypt: 	at com.google.android.gms.org.conscrypt.ConscryptFileDescriptorSocket.setSoWriteTimeout(:com.google.android.gms@202614019@20.26.14 (040400-320008519))
08-06 13:55:58.748  9672  9684 I art     : Starting a blocking GC Explicit
08-06 13:55:58.764  9672  9684 I art     : Explicit concurrent mark sweep GC freed 1822(104KB) AllocSpace objects, 1(20KB) LOS objects, 25% free, 47MB/63MB, paused 461us total 16.010ms
08-06 13:55:58.771  9672  9684 I art     : Starting a blocking GC Explicit
08-06 13:55:58.771 24365  4184 W Conscrypt: Could not set socket write timeout: java.net.SocketException: Socket closed
08-06 13:55:58.771 24365  4184 E art     : invalid stream - problem with parameter iterator in /data/app/com.google.android.gms-2/base.apk:classes3.dex for method void com.google.android.gms.org.conscrypt.ConscryptFileDescriptorSocket.setSoWriteTimeout(int)
08-06 13:55:58.771 24365  4184 W Conscrypt: 	at com.google.android.gms.org.conscrypt.Platform.setSocketWriteTimeout(:com.google.android.gms@202614019@20.26.14 (040400-320008519):2)
08-06 13:55:58.771 24365  4184 W Conscrypt: 	at com.google.android.gms.org.conscrypt.ConscryptFileDescriptorSocket.setSoWriteTimeout(:com.google.android.gms@202614019@20.26.14 (040400-320008519))
08-06 13:55:58.783  9672  9684 I art     : Explicit concurrent mark sweep GC freed 212(10KB) AllocSpace objects, 0(0B) LOS objects, 25% free, 47MB/63MB, paused 150us total 12.210ms
08-06 13:55:58.790  9672  9684 I art     : Starting a blocking GC Explicit
08-06 13:55:58.792   918  5481 I AccountManagerService: getTypesVisibleToCaller: isPermitted? true
08-06 13:55:58.800  9672  9684 I art     : Explicit concurrent mark sweep GC freed 117(6KB) AllocSpace objects, 0(0B) LOS objects, 25% free, 47MB/63MB, paused 129us total 9.433ms
08-06 13:55:58.805  9672  9684 I art     : Starting a blocking GC Explicit
08-06 13:55:58.815  9672  9684 I art     : Explicit concurrent mark sweep GC freed 781(53KB) AllocSpace objects, 0(0B) LOS objects, 25% free, 47MB/63MB, paused 145us total 9.593ms
08-06 13:55:58.820  9672  9684 I art     : Starting a blocking GC Explicit
08-06 13:55:58.829  9672  9684 I art     : Explicit concurrent mark sweep GC freed 3(96B) AllocSpace objects, 0(0B) LOS objects, 25% free, 47MB/63MB, paused 127us total 9.166ms
08-06 13:55:58.831 24365  4184 E CCTUploader: Clearcut transport failed to make network request. Use 190 milliseconds.
08-06 13:55:58.831 24365  4184 E CCTUploader: java.io.IOException: unexpected end of stream on Connection{play.googleapis.com:443, proxy=HTTP@192.168.2.12:8080 hostAddress=192.168.2.12 cipherSuite=TLS_AES_256_GCM_SHA384 protocol=http/1.1} (recycle count=0)
08-06 13:55:58.831 24365  4184 E CCTUploader: 	at com.android.okhttp.internal.http.HttpConnection.readResponse(HttpConnection.java:210)
08-06 13:55:58.831 24365  4184 E CCTUploader: 	at com.android.okhttp.internal.http.HttpTransport.readResponseHeaders(HttpTransport.java:80)
08-06 13:55:58.831 24365  4184 E CCTUploader: 	at com.android.okhttp.internal.http.HttpEngine.readNetworkResponse(HttpEngine.java:904)
08-06 13:55:58.831 24365  4184 E CCTUploader: 	at com.android.okhttp.internal.http.HttpEngine.readResponse(HttpEngine.java:788)
08-06 13:55:58.831 24365  4184 E CCTUploader: 	at com.android.okhttp.internal.huc.HttpURLConnectionImpl.execute(HttpURLConnectionImpl.java:439)
08-06 13:55:58.831 24365  4184 E CCTUploader: 	at com.android.okhttp.internal.huc.HttpURLConnectionImpl.getResponse(HttpURLConnectionImpl.java:384)
08-06 13:55:58.831 24365  4184 E CCTUploader: 	at com.android.okhttp.internal.huc.HttpURLConnectionImpl.getResponseCode(HttpURLConnectionImpl.java:497)
08-06 13:55:58.831 24365  4184 E CCTUploader: 	at com.android.okhttp.internal.huc.DelegatingHttpsURLConnection.getResponseCode(DelegatingHttpsURLConnection.java:105)
08-06 13:55:58.831 24365  4184 E CCTUploader: 	at com.android.okhttp.internal.huc.HttpsURLConnectionImpl.getResponseCode(HttpsURLConnectionImpl.java)
08-06 13:55:58.831 24365  4184 E CCTUploader: 	at aboy.a(:com.google.android.gms@202614019@20.26.14 (040400-320008519):29)
08-06 13:55:58.831 24365  4184 E CCTUploader: 	at aboy.execute(:com.google.android.gms@202614019@20.26.14 (040400-320008519):8)
08-06 13:55:58.831 24365  4184 E CCTUploader: 	at aboy.execute(:com.google.android.gms@202614019@20.26.14 (040400-320008519):7)
08-06 13:55:58.831 24365  4184 E CCTUploader: 	at rbc.a(:com.google.android.gms@202614019@20.26.14 (040400-320008519):7)
08-06 13:55:58.831 24365  4184 E CCTUploader: 	at rbc.a(:com.google.android.gms@202614019@20.26.14 (040400-320008519):30)
08-06 13:55:58.831 24365  4184 E CCTUploader: 	at com.google.android.gms.clearcut.uploader.QosUploaderChimeraService.a(:com.google.android.gms@202614019@20.26.14 (040400-320008519):110)
08-06 13:55:58.831 24365  4184 E CCTUploader: 	at com.google.android.gms.clearcut.uploader.QosUploaderChimeraService.a(:com.google.android.gms@202614019@20.26.14 (040400-320008519):2)
08-06 13:55:58.831 24365  4184 E CCTUploader: 	at aegr.call(Unknown Source)
08-06 13:55:58.831 24365  4184 E CCTUploader: 	at java.util.concurrent.FutureTask.run(FutureTask.java:237)
08-06 13:55:58.831 24365  4184 E CCTUploader: 	at skp.b(:com.google.android.gms@202614019@20.26.14 (040400-320008519):12)
08-06 13:55:58.831 24365  4184 E CCTUploader: 	at skp.run(:com.google.android.gms@202614019@20.26.14 (040400-320008519):7)
08-06 13:55:58.831 24365  4184 E CCTUploader: 	at java.util.concurrent.ThreadPoolExecutor.runWorker(ThreadPoolExecutor.java:1113)
08-06 13:55:58.831 24365  4184 E CCTUploader: 	at java.util.concurrent.ThreadPoolExecutor$Worker.run(ThreadPoolExecutor.java:588)
08-06 13:55:58.831 24365  4184 E CCTUploader: 	at sql.run(:com.google.android.gms@202614019@20.26.14 (040400-320008519):0)
08-06 13:55:58.831 24365  4184 E CCTUploader: 	at java.lang.Thread.run(Thread.java:818)
08-06 13:55:58.831 24365  4184 E CCTUploader: Caused by: java.io.EOFException: \n not found: size=0 content=...
08-06 13:55:58.831 24365  4184 E CCTUploader: 	at com.android.okhttp.okio.RealBufferedSource.readUtf8LineStrict(RealBufferedSource.java:200)
08-06 13:55:58.831 24365  4184 E CCTUploader: 	at com.android.okhttp.internal.http.HttpConnection.readResponse(HttpConnection.java:191)
08-06 13:55:58.831 24365  4184 E CCTUploader: 	... 23 more
08-06 13:55:59.091  9672  9685 I art     : Starting a blocking GC Explicit
08-06 13:55:59.104  9672  9685 I art     : Explicit concurrent mark sweep GC freed 1341(78KB) AllocSpace objects, 1(20KB) LOS objects, 25% free, 47MB/63MB, paused 163us total 12.091ms
08-06 13:55:59.110  9672  9685 I art     : Starting a blocking GC Explicit
08-06 13:55:59.120  9672  9685 I art     : Explicit concurrent mark sweep GC freed 20(704B) AllocSpace objects, 0(0B) LOS objects, 25% free, 47MB/63MB, paused 143us total 10.003ms
08-06 13:55:59.125  9672  9685 I art     : Starting a blocking GC Explicit
08-06 13:55:59.136  9672  9685 I art     : Explicit concurrent mark sweep GC freed 3(96B) AllocSpace objects, 0(0B) LOS objects, 25% free, 47MB/63MB, paused 151us total 10.611ms
08-06 13:55:59.141  9672  9685 I art     : Starting a blocking GC Explicit
08-06 13:55:59.151  9672  9685 I art     : Explicit concurrent mark sweep GC freed 3(96B) AllocSpace objects, 0(0B) LOS objects, 25% free, 47MB/63MB, paused 132us total 9.463ms
08-06 13:55:59.156  9672  9685 I art     : Starting a blocking GC Explicit
08-06 13:55:59.166  9672  9685 I art     : Explicit concurrent mark sweep GC freed 3(96B) AllocSpace objects, 0(0B) LOS objects, 25% free, 47MB/63MB, paused 175us total 10.129ms
08-06 13:55:59.378 24365 31017 I NetworkScheduler.Stats: Task com.google.android.gms/com.google.android.gms.clearcut.uploader.QosUploaderService finished executing. cause:1 result: 2 elapsed_millis: 2362 uptime_millis: 2362 exec_start_elapsed_seconds: 1868760 [CONTEXT service_id=218 ]
08-06 13:55:59.430  9672  9760 I art     : Starting a blocking GC Explicit
08-06 13:55:59.442  9672  9760 I art     : Explicit concurrent mark sweep GC freed 1342(78KB) AllocSpace objects, 1(20KB) LOS objects, 25% free, 47MB/63MB, paused 161us total 12.062ms
08-06 13:55:59.449  9672  9760 I art     : Starting a blocking GC Explicit
08-06 13:55:59.459  9672  9760 I art     : Explicit concurrent mark sweep GC freed 20(704B) AllocSpace objects, 0(0B) LOS objects, 25% free, 47MB/63MB, paused 137us total 10.234ms
08-06 13:55:59.465  9672  9760 I art     : Starting a blocking GC Explicit
08-06 13:55:59.475  9672  9760 I art     : Explicit concurrent mark sweep GC freed 3(96B) AllocSpace objects, 0(0B) LOS objects, 25% free, 47MB/63MB, paused 127us total 10.048ms
08-06 13:55:59.480  9672  9760 I art     : Starting a blocking GC Explicit
08-06 13:55:59.490  9672  9760 I art     : Explicit concurrent mark sweep GC freed 3(96B) AllocSpace objects, 0(0B) LOS objects, 25% free, 47MB/63MB, paused 129us total 9.841ms
08-06 13:55:59.496  9672  9760 I art     : Starting a blocking GC Explicit
08-06 13:55:59.506  9672  9760 I art     : Explicit concurrent mark sweep GC freed 3(96B) AllocSpace objects, 0(0B) LOS objects, 25% free, 47MB/63MB, paused 148us total 10.557ms
08-06 13:55:59.804  9672  9684 I art     : Starting a blocking GC Explicit
08-06 13:55:59.821  9672  9684 I art     : Explicit concurrent mark sweep GC freed 1340(78KB) AllocSpace objects, 1(20KB) LOS objects, 25% free, 47MB/63MB, paused 188us total 17.187ms
08-06 13:55:59.831  9672  9684 I art     : Starting a blocking GC Explicit
08-06 13:55:59.846  9672  9684 I art     : Explicit concurrent mark sweep GC freed 20(704B) AllocSpace objects, 0(0B) LOS objects, 25% free, 47MB/63MB, paused 172us total 14.860ms
08-06 13:55:59.855  9672  9684 I art     : Starting a blocking GC Explicit
08-06 13:55:59.867  9672  9684 I art     : Explicit concurrent mark sweep GC freed 3(96B) AllocSpace objects, 0(0B) LOS objects, 25% free, 47MB/63MB, paused 185us total 12.137ms
08-06 13:55:59.873  9672  9684 I art     : Starting a blocking GC Explicit
08-06 13:55:59.885  9672  9684 I art     : Explicit concurrent mark sweep GC freed 3(96B) AllocSpace objects, 0(0B) LOS objects, 25% free, 47MB/63MB, paused 153us total 11.840ms
08-06 13:55:59.892  9672  9684 I art     : Starting a blocking GC Explicit
08-06 13:55:59.903  9672  9684 I art     : Explicit concurrent mark sweep GC freed 3(96B) AllocSpace objects, 0(0B) LOS objects, 25% free, 47MB/63MB, paused 173us total 11.412ms
08-06 13:56:00.171  9672  9685 I art     : Starting a blocking GC Explicit
08-06 13:56:00.186  9672  9685 I art     : Explicit concurrent mark sweep GC freed 1339(78KB) AllocSpace objects, 1(20KB) LOS objects, 25% free, 47MB/63MB, paused 193us total 14.546ms
08-06 13:56:00.195  9672  9685 I art     : Starting a blocking GC Explicit
08-06 13:56:00.208  9672  9685 I art     : Explicit concurrent mark sweep GC freed 20(704B) AllocSpace objects, 0(0B) LOS objects, 25% free, 47MB/63MB, paused 151us total 12.304ms
08-06 13:56:00.213  9672  9685 I art     : Starting a blocking GC Explicit
08-06 13:56:00.224  9672  9685 I art     : Explicit concurrent mark sweep GC freed 3(96B) AllocSpace objects, 0(0B) LOS objects, 25% free, 47MB/63MB, paused 152us total 10.735ms
08-06 13:56:00.230  9672  9685 I art     : Starting a blocking GC Explicit
08-06 13:56:00.241  9672  9685 I art     : Explicit concurrent mark sweep GC freed 3(96B) AllocSpace objects, 0(0B) LOS objects, 25% free, 47MB/63MB, paused 145us total 10.995ms
08-06 13:56:00.247  9672  9685 I art     : Starting a blocking GC Explicit
08-06 13:56:00.258  9672  9685 I art     : Explicit concurrent mark sweep GC freed 3(96B) AllocSpace objects, 0(0B) LOS objects, 25% free, 47MB/63MB, paused 155us total 10.978ms
08-06 13:56:00.428  5524  5524 I ServiceManager: Waiting for service AtCmdFwd...
08-06 13:56:00.540  9672  9760 I art     : Starting a blocking GC Explicit
08-06 13:56:00.554  9672  9760 I art     : Explicit concurrent mark sweep GC freed 1339(78KB) AllocSpace objects, 1(20KB) LOS objects, 25% free, 47MB/63MB, paused 167us total 13.783ms
08-06 13:56:00.561  9672  9760 I art     : Starting a blocking GC Explicit
08-06 13:56:00.573  9672  9760 I art     : Explicit concurrent mark sweep GC freed 20(704B) AllocSpace objects, 0(0B) LOS objects, 25% free, 47MB/63MB, paused 153us total 12.180ms
08-06 13:56:00.580  9672  9760 I art     : Starting a blocking GC Explicit
08-06 13:56:00.592  9672  9760 I art     : Explicit concurrent mark sweep GC freed 3(96B) AllocSpace objects, 0(0B) LOS objects, 25% free, 47MB/63MB, paused 153us total 11.933ms
08-06 13:56:00.598  9672  9760 I art     : Starting a blocking GC Explicit
08-06 13:56:00.610  9672  9760 I art     : Explicit concurrent mark sweep GC freed 3(96B) AllocSpace objects, 0(0B) LOS objects, 25% free, 47MB/63MB, paused 155us total 11.681ms
08-06 13:56:00.616  9672  9760 I art     : Starting a blocking GC Explicit
08-06 13:56:00.628  9672  9760 I art     : Explicit concurrent mark sweep GC freed 3(96B) AllocSpace objects, 0(0B) LOS objects, 25% free, 47MB/63MB, paused 149us total 11.881ms
08-06 13:56:00.928  9672  9684 I art     : Starting a blocking GC Explicit
08-06 13:56:00.942  9672  9684 I art     : Explicit concurrent mark sweep GC freed 1339(78KB) AllocSpace objects, 1(20KB) LOS objects, 25% free, 47MB/63MB, paused 167us total 14.206ms
08-06 13:56:00.949  9672  9684 I art     : Starting a blocking GC Explicit
08-06 13:56:00.961  9672  9684 I art     : Explicit concurrent mark sweep GC freed 20(704B) AllocSpace objects, 0(0B) LOS objects, 25% free, 47MB/63MB, paused 156us total 12.187ms
08-06 13:56:00.968  9672  9684 I art     : Starting a blocking GC Explicit
08-06 13:56:00.980  9672  9684 I art     : Explicit concurrent mark sweep GC freed 3(96B) AllocSpace objects, 0(0B) LOS objects, 25% free, 47MB/63MB, paused 145us total 12.083ms
08-06 13:56:00.986  9672  9684 I art     : Starting a blocking GC Explicit
08-06 13:56:00.998  9672  9684 I art     : Explicit concurrent mark sweep GC freed 3(96B) AllocSpace objects, 0(0B) LOS objects, 25% free, 47MB/63MB, paused 146us total 11.445ms
08-06 13:56:01.004  9672  9684 I art     : Starting a blocking GC Explicit
08-06 13:56:01.015  9672  9684 I art     : Explicit concurrent mark sweep GC freed 3(96B) AllocSpace objects, 0(0B) LOS objects, 25% free, 47MB/63MB, paused 150us total 11.266ms
08-06 13:56:01.301  9672  9685 I art     : Starting a blocking GC Explicit
08-06 13:56:01.319  9672  9685 I art     : Explicit concurrent mark sweep GC freed 1339(78KB) AllocSpace objects, 1(20KB) LOS objects, 25% free, 47MB/63MB, paused 189us total 17.492ms
08-06 13:56:01.328  9672  9685 I art     : Starting a blocking GC Explicit
08-06 13:56:01.340  9672  9685 I art     : Explicit concurrent mark sweep GC freed 20(704B) AllocSpace objects, 0(0B) LOS objects, 25% free, 47MB/63MB, paused 159us total 11.908ms
08-06 13:56:01.347  9672  9685 I art     : Starting a blocking GC Explicit
08-06 13:56:01.359  9672  9685 I art     : Explicit concurrent mark sweep GC freed 3(96B) AllocSpace objects, 0(0B) LOS objects, 25% free, 47MB/63MB, paused 141us total 11.923ms
08-06 13:56:01.365  9672  9685 I art     : Starting a blocking GC Explicit
08-06 13:56:01.376  9672  9685 I art     : Explicit concurrent mark sweep GC freed 3(96B) AllocSpace objects, 0(0B) LOS objects, 25% free, 47MB/63MB, paused 143us total 11.050ms
08-06 13:56:01.382  9672  9685 I art     : Starting a blocking GC Explicit
08-06 13:56:01.394  9672  9685 I art     : Explicit concurrent mark sweep GC freed 3(96B) AllocSpace objects, 0(0B) LOS objects, 25% free, 47MB/63MB, paused 151us total 11.305ms
08-06 13:56:01.429  5524  5524 I ServiceManager: Waiting for service AtCmdFwd...
08-06 13:56:01.691  9672  9760 I art     : Starting a blocking GC Explicit
08-06 13:56:01.705  9672  9760 I art     : Explicit concurrent mark sweep GC freed 1338(78KB) AllocSpace objects, 1(20KB) LOS objects, 25% free, 47MB/63MB, paused 189us total 14ms
08-06 13:56:01.715  9672  9760 I art     : Starting a blocking GC Explicit
08-06 13:56:01.730  9672  9760 I art     : Explicit concurrent mark sweep GC freed 20(704B) AllocSpace objects, 0(0B) LOS objects, 25% free, 47MB/63MB, paused 167us total 15.491ms
08-06 13:56:01.739  9672  9760 I art     : Starting a blocking GC Explicit
08-06 13:56:01.751  9672  9760 I art     : Explicit concurrent mark sweep GC freed 3(96B) AllocSpace objects, 0(0B) LOS objects, 25% free, 47MB/63MB, paused 161us total 11.415ms
08-06 13:56:01.757  9672  9760 I art     : Starting a blocking GC Explicit
08-06 13:56:01.769  9672  9760 I art     : Explicit concurrent mark sweep GC freed 3(96B) AllocSpace objects, 0(0B) LOS objects, 25% free, 47MB/63MB, paused 152us total 11.661ms
08-06 13:56:01.775  9672  9760 I art     : Starting a blocking GC Explicit
08-06 13:56:01.778   918  1210 D NetlinkSocketObserver: NeighborEvent{elapsedMs=1868765652, 192.168.2.254, [7C3953A63323], RTM_NEWNEIGH, NUD_REACHABLE}
08-06 13:56:01.787  9672  9760 I art     : Explicit concurrent mark sweep GC freed 3(96B) AllocSpace objects, 0(0B) LOS objects, 25% free, 47MB/63MB, paused 155us total 11.951ms
08-06 13:56:02.098  9672  9684 I art     : Starting a blocking GC Explicit
08-06 13:56:02.111  9672  9684 I art     : Explicit concurrent mark sweep GC freed 1544(92KB) AllocSpace objects, 1(20KB) LOS objects, 25% free, 47MB/63MB, paused 198us total 12.340ms
08-06 13:56:02.118  9672  9684 I art     : Starting a blocking GC Explicit
08-06 13:56:02.124  9672  9864 W OneSignal: OneSignalRestClient: POST Error thrown from network stack. 
08-06 13:56:02.124  9672  9864 W OneSignal: java.io.IOException: unexpected end of stream on Connection{api.onesignal.com:443, proxy=HTTP@192.168.2.12:8080 hostAddress=192.168.2.12 cipherSuite=TLS_ECDHE_RSA_WITH_AES_128_GCM_SHA256 protocol=http/1.1} (recycle count=1)
08-06 13:56:02.124  9672  9864 W OneSignal: 	at com.android.okhttp.internal.http.HttpConnection.readResponse(HttpConnection.java:210)
08-06 13:56:02.124  9672  9864 W OneSignal: 	at com.android.okhttp.internal.http.HttpTransport.readResponseHeaders(HttpTransport.java:80)
08-06 13:56:02.124  9672  9864 W OneSignal: 	at com.android.okhttp.internal.http.HttpEngine.readNetworkResponse(HttpEngine.java:904)
08-06 13:56:02.124  9672  9864 W OneSignal: 	at com.android.okhttp.internal.http.HttpEngine.readResponse(HttpEngine.java:788)
08-06 13:56:02.124  9672  9864 W OneSignal: 	at com.android.okhttp.internal.huc.HttpURLConnectionImpl.execute(HttpURLConnectionImpl.java:439)
08-06 13:56:02.124  9672  9864 W OneSignal: 	at com.android.okhttp.internal.huc.HttpURLConnectionImpl.getResponse(HttpURLConnectionImpl.java:384)
08-06 13:56:02.124  9672  9864 W OneSignal: 	at com.android.okhttp.internal.huc.HttpURLConnectionImpl.getResponseCode(HttpURLConnectionImpl.java:497)
08-06 13:56:02.124  9672  9864 W OneSignal: 	at com.android.okhttp.internal.huc.DelegatingHttpsURLConnection.getResponseCode(DelegatingHttpsURLConnection.java:105)
08-06 13:56:02.124  9672  9864 W OneSignal: 	at com.android.okhttp.internal.huc.HttpsURLConnectionImpl.getResponseCode(HttpsURLConnectionImpl.java)
08-06 13:56:02.124  9672  9864 W OneSignal: 	at com.onesignal.OneSignalRestClient.startHTTPConnection(OneSignalRestClient.java:180)
08-06 13:56:02.124  9672  9864 W OneSignal: 	at com.onesignal.OneSignalRestClient.access$100(OneSignalRestClient.java:44)
08-06 13:56:02.124  9672  9864 W OneSignal: 	at com.onesignal.OneSignalRestClient$4.run(OneSignalRestClient.java:110)
08-06 13:56:02.124  9672  9864 W OneSignal: 	at java.lang.Thread.run(Thread.java:818)
08-06 13:56:02.124  9672  9864 W OneSignal: Caused by: java.io.EOFException: \n not found: size=0 content=...
08-06 13:56:02.124  9672  9864 W OneSignal: 	at com.android.okhttp.okio.RealBufferedSource.readUtf8LineStrict(RealBufferedSource.java:200)
08-06 13:56:02.124  9672  9864 W OneSignal: 	at com.android.okhttp.internal.http.HttpConnection.readResponse(HttpConnection.java:191)
08-06 13:56:02.124  9672  9864 W OneSignal: 	... 12 more
08-06 13:56:02.125  9672  9869 W OneSignal: Failed last request. statusCode: -1
08-06 13:56:02.125  9672  9869 W OneSignal: response: null
08-06 13:56:02.128  9672  9684 I art     : Explicit concurrent mark sweep GC freed 171(47KB) AllocSpace objects, 0(0B) LOS objects, 25% free, 47MB/63MB, paused 165us total 10.400ms
08-06 13:56:02.134  9672  9684 I art     : Starting a blocking GC Explicit
08-06 13:56:02.144  9672  9684 I art     : Explicit concurrent mark sweep GC freed 221(13KB) AllocSpace objects, 0(0B) LOS objects, 25% free, 47MB/63MB, paused 138us total 9.952ms
08-06 13:56:02.149  9672  9684 I art     : Starting a blocking GC Explicit
08-06 13:56:02.159  9672  9684 I art     : Explicit concurrent mark sweep GC freed 3(96B) AllocSpace objects, 0(0B) LOS objects, 25% free, 47MB/63MB, paused 134us total 9.540ms
08-06 13:56:02.164  9672  9684 I art     : Starting a blocking GC Explicit
08-06 13:56:02.174  9672  9684 I art     : Explicit concurrent mark sweep GC freed 3(96B) AllocSpace objects, 0(0B) LOS objects, 25% free, 47MB/63MB, paused 136us total 9.584ms
08-06 13:56:02.216   918  3261 D WifiStateMachine: starting scan for "H369AA63323"WPA_PSK with 2412,5180
08-06 13:56:02.430  5524  5524 I ServiceManager: Waiting for service AtCmdFwd...
08-06 13:56:02.431  9672  9685 I art     : Starting a blocking GC Explicit
08-06 13:56:02.448  9672  9685 I art     : Explicit concurrent mark sweep GC freed 1339(78KB) AllocSpace objects, 1(20KB) LOS objects, 25% free, 47MB/63MB, paused 204us total 16.658ms
08-06 13:56:02.457  9672  9685 I art     : Starting a blocking GC Explicit
08-06 13:56:02.469  9672  9685 I art     : Explicit concurrent mark sweep GC freed 20(704B) AllocSpace objects, 0(0B) LOS objects, 25% free, 47MB/63MB, paused 148us total 12.029ms
08-06 13:56:02.475  9672  9685 I art     : Starting a blocking GC Explicit
08-06 13:56:02.487  9672  9685 I art     : Explicit concurrent mark sweep GC freed 3(96B) AllocSpace objects, 0(0B) LOS objects, 25% free, 47MB/63MB, paused 152us total 11.929ms
08-06 13:56:02.494  9672  9685 I art     : Starting a blocking GC Explicit
08-06 13:56:02.505  9672  9685 I art     : Explicit concurrent mark sweep GC freed 3(96B) AllocSpace objects, 0(0B) LOS objects, 25% free, 47MB/63MB, paused 146us total 11.674ms
08-06 13:56:02.512  9672  9685 I art     : Starting a blocking GC Explicit
08-06 13:56:02.524  9672  9685 I art     : Explicit concurrent mark sweep GC freed 3(96B) AllocSpace objects, 0(0B) LOS objects, 25% free, 47MB/63MB, paused 153us total 11.772ms
08-06 13:56:02.770  9672  9760 I art     : Starting a blocking GC Explicit
08-06 13:56:02.782  9672  9760 I art     : Explicit concurrent mark sweep GC freed 1339(78KB) AllocSpace objects, 1(20KB) LOS objects, 25% free, 47MB/63MB, paused 159us total 11.460ms
08-06 13:56:02.788  9672  9760 I art     : Starting a blocking GC Explicit
08-06 13:56:02.800  9672  9760 I art     : Explicit concurrent mark sweep GC freed 20(704B) AllocSpace objects, 0(0B) LOS objects, 25% free, 47MB/63MB, paused 162us total 11.321ms
08-06 13:56:02.806  9672  9760 I art     : Starting a blocking GC Explicit
08-06 13:56:02.818  9672  9760 I art     : Explicit concurrent mark sweep GC freed 3(96B) AllocSpace objects, 0(0B) LOS objects, 25% free, 47MB/63MB, paused 186us total 11.874ms
08-06 13:56:02.824  9672  9760 I art     : Starting a blocking GC Explicit
08-06 13:56:02.835  9672  9760 I art     : Explicit concurrent mark sweep GC freed 3(96B) AllocSpace objects, 0(0B) LOS objects, 25% free, 47MB/63MB, paused 151us total 10.900ms
08-06 13:56:02.841  9672  9760 I art     : Starting a blocking GC Explicit
08-06 13:56:02.852  9672  9760 I art     : Explicit concurrent mark sweep GC freed 3(96B) AllocSpace objects, 0(0B) LOS objects, 25% free, 47MB/63MB, paused 152us total 10.738ms
08-06 13:56:02.995  9885  9885 D AndroidRuntime: >>>>>> START com.android.internal.os.RuntimeInit uid 2000 <<<<<<
08-06 13:56:02.999  9885  9885 D AndroidRuntime: CheckJNI is OFF
08-06 13:56:03.027  9885  9885 D ICU     : No timezone override file found: /data/misc/zoneinfo/current/icu/icu_tzdata.dat
08-06 13:56:03.051  9885  9885 I Radio-JNI: register_android_hardware_Radio DONE
08-06 13:56:03.066  9885  9885 D AndroidRuntime: Calling main entry com.android.commands.input.Input
08-06 13:56:03.068  9885  9885 I Input   : injectMotionEvent: MotionEvent { action=ACTION_DOWN, actionButton=0, id[0]=0, x[0]=337.0, y[0]=1104.0, toolType[0]=TOOL_TYPE_UNKNOWN, buttonState=0, metaState=0, flags=0x0, edgeFlags=0x0, pointerCount=1, historySize=0, eventTime=885379481, downTime=885379481, deviceId=0, source=0x1002 }
08-06 13:56:03.075  9885  9885 I Input   : injectMotionEvent: MotionEvent { action=ACTION_UP, actionButton=0, id[0]=0, x[0]=337.0, y[0]=1104.0, toolType[0]=TOOL_TYPE_UNKNOWN, buttonState=0, metaState=0, flags=0x0, edgeFlags=0x0, pointerCount=1, historySize=0, eventTime=885379481, downTime=885379481, deviceId=0, source=0x1002 }
08-06 13:56:03.076   918   928 I ActivityManager: START u0 {cmp=baseline.appteam.nith.hillffair/.activities.BattleDayActivity} from uid 10697 on display 0
08-06 13:56:03.083  9885  9885 D AndroidRuntime: Shutting down VM
08-06 13:56:03.114  9672  9684 I art     : Starting a blocking GC Explicit
08-06 13:56:03.128  9672  9684 I art     : Explicit concurrent mark sweep GC freed 7649(497KB) AllocSpace objects, 1(20KB) LOS objects, 24% free, 48MB/64MB, paused 526us total 14.305ms
08-06 13:56:03.134  9672  9684 I art     : Starting a blocking GC Explicit
08-06 13:56:03.149  9672  9684 I art     : Explicit concurrent mark sweep GC freed 1260(78KB) AllocSpace objects, 0(0B) LOS objects, 24% free, 48MB/64MB, paused 250us total 14.682ms
08-06 13:56:03.156  9672  9684 I art     : Starting a blocking GC Explicit
08-06 13:56:03.168  9672  9684 I art     : Explicit concurrent mark sweep GC freed 45(3KB) AllocSpace objects, 0(0B) LOS objects, 24% free, 48MB/64MB, paused 198us total 11.721ms
08-06 13:56:03.173  9672  9684 I art     : Starting a blocking GC Explicit
08-06 13:56:03.174 13866 13866 I GoogleInputMethodServic: GoogleInputMethodService.onFinishInput():3138 
08-06 13:56:03.175 13866 13866 I GoogleInputMethodServic: GoogleInputMethodService.onStartInput():1808 
08-06 13:56:03.185  9672  9684 I art     : Explicit concurrent mark sweep GC freed 65(2320B) AllocSpace objects, 0(0B) LOS objects, 24% free, 48MB/64MB, paused 195us total 11.240ms
08-06 13:56:03.191  9672  9684 I art     : Starting a blocking GC Explicit
08-06 13:56:03.203  9672  9684 I art     : Explicit concurrent mark sweep GC freed 78(3KB) AllocSpace objects, 0(0B) LOS objects, 24% free, 48MB/64MB, paused 279us total 12.421ms
08-06 13:56:03.206   918   936 I ActivityManager: Displayed baseline.appteam.nith.hillffair/.activities.BattleDayActivity: +121ms
08-06 13:56:03.430  5524  5524 I ServiceManager: Waiting for service AtCmdFwd...
08-06 13:56:03.447   380   380 W SurfaceFlinger: couldn't log to binary event log: overflow.
08-06 13:56:03.465  9672  9684 I art     : Starting a blocking GC Explicit
08-06 13:56:03.479  9672  9684 I art     : Explicit concurrent mark sweep GC freed 1465(89KB) AllocSpace objects, 1(20KB) LOS objects, 24% free, 48MB/64MB, paused 199us total 13.741ms
08-06 13:56:03.485  9672  9684 I art     : Starting a blocking GC Explicit
08-06 13:56:03.498  9672  9684 I art     : Explicit concurrent mark sweep GC freed 24(832B) AllocSpace objects, 0(0B) LOS objects, 24% free, 48MB/64MB, paused 190us total 12.367ms
08-06 13:56:03.504  9672  9684 I art     : Starting a blocking GC Explicit
08-06 13:56:03.516  9672  9684 I art     : Explicit concurrent mark sweep GC freed 3(96B) AllocSpace objects, 0(0B) LOS objects, 24% free, 48MB/64MB, paused 194us total 12.205ms
08-06 13:56:03.523  9672  9684 I art     : Starting a blocking GC Explicit
08-06 13:56:03.535  9672  9684 I art     : Explicit concurrent mark sweep GC freed 3(96B) AllocSpace objects, 0(0B) LOS objects, 24% free, 48MB/64MB, paused 200us total 12.455ms
08-06 13:56:03.541  9672  9684 I art     : Starting a blocking GC Explicit
08-06 13:56:03.554  9672  9684 I art     : Explicit concurrent mark sweep GC freed 3(96B) AllocSpace objects, 0(0B) LOS objects, 24% free, 48MB/64MB, paused 230us total 12.542ms
08-06 13:56:03.671  9672  9918 D OkHttp  : --> GET https://api-hillfair-2k16.herokuapp.com/api/app/events/special http/1.1
08-06 13:56:03.705  9672  9918 D OkHttp  : <-- 200 OK https://api-hillfair-2k16.herokuapp.com/api/app/events/special (33ms, 554-byte body)
08-06 13:56:03.757  9672  9672 I NAPPA_EXPERIMENTATION: MetricNetworkRequestExecutionTime: REQUEST_DURATION_SYSTEM='628',REQUEST_DURATION_OKHTTP='32',REQUEST_SYNCHRONOUS='FALSE',RESPONSE_CODE='200',RESPONSE_METHOD='GET',RESPONSE_LENGTH_OKHTTP='554',RESPONSE_LENGTH_HEADER='554',REQUEST_PROTOCOL='http/1.1',REQUEST_URL='https://api-hillfair-2k16.herokuapp.com/api/app/events/special',
08-06 13:56:03.820  9672  9919 I art     : Starting a blocking GC Explicit
08-06 13:56:03.840  9672  9919 I art     : Explicit concurrent mark sweep GC freed 5847(378KB) AllocSpace objects, 4(220KB) LOS objects, 24% free, 48MB/64MB, paused 462us total 18.838ms
08-06 13:56:03.846  9672  9919 I art     : Starting a blocking GC Explicit
08-06 13:56:03.860  9672  9919 I art     : Explicit concurrent mark sweep GC freed 1260(131KB) AllocSpace objects, 0(0B) LOS objects, 24% free, 48MB/64MB, paused 379us total 13.475ms
08-06 13:56:03.866  9672  9919 I art     : Starting a blocking GC Explicit
08-06 13:56:03.879  9672  9919 I art     : Explicit concurrent mark sweep GC freed 3(96B) AllocSpace objects, 0(0B) LOS objects, 24% free, 48MB/64MB, paused 278us total 12.809ms
08-06 13:56:03.885  9672  9919 I art     : Starting a blocking GC Explicit
08-06 13:56:03.897  9672  9919 I art     : Explicit concurrent mark sweep GC freed 3(96B) AllocSpace objects, 0(0B) LOS objects, 24% free, 48MB/64MB, paused 267us total 11.532ms
08-06 13:56:03.902  9672  9919 I art     : Starting a blocking GC Explicit
08-06 13:56:03.915  9672  9919 I art     : Explicit concurrent mark sweep GC freed 3(96B) AllocSpace objects, 0(0B) LOS objects, 24% free, 48MB/64MB, paused 269us total 12.183ms
08-06 13:56:04.197  9672  9684 I art     : Starting a blocking GC Explicit
08-06 13:56:04.218  9672  9684 I art     : Explicit concurrent mark sweep GC freed 1342(78KB) AllocSpace objects, 1(20KB) LOS objects, 24% free, 48MB/64MB, paused 391us total 20.567ms
08-06 13:56:04.230  9672  9684 I art     : Starting a blocking GC Explicit
08-06 13:56:04.244  9672  9684 I art     : Explicit concurrent mark sweep GC freed 20(704B) AllocSpace objects, 0(0B) LOS objects, 24% free, 48MB/64MB, paused 275us total 14.478ms
08-06 13:56:04.250  9672  9684 I art     : Starting a blocking GC Explicit
08-06 13:56:04.264  9672  9684 I art     : Explicit concurrent mark sweep GC freed 7176(285KB) AllocSpace objects, 0(0B) LOS objects, 24% free, 48MB/64MB, paused 313us total 13.704ms
08-06 13:56:04.271  9672  9684 I art     : Starting a blocking GC Explicit
08-06 13:56:04.283  9672  9684 I art     : Explicit concurrent mark sweep GC freed 423(14KB) AllocSpace objects, 0(0B) LOS objects, 24% free, 48MB/64MB, paused 268us total 12.768ms
08-06 13:56:04.289  9672  9684 I art     : Starting a blocking GC Explicit
08-06 13:56:04.302  9672  9684 I art     : Explicit concurrent mark sweep GC freed 20(752B) AllocSpace objects, 0(0B) LOS objects, 24% free, 48MB/64MB, paused 273us total 12.579ms
08-06 13:56:04.431  5524  5524 I ServiceManager: Waiting for service AtCmdFwd...
08-06 13:56:04.549  9672  9919 I art     : Starting a blocking GC Explicit
08-06 13:56:04.565  9672  9919 I art     : Explicit concurrent mark sweep GC freed 2069(272KB) AllocSpace objects, 1(20KB) LOS objects, 23% free, 52MB/68MB, paused 220us total 15.299ms
08-06 13:56:04.571  9672  9919 I art     : Starting a blocking GC Explicit
08-06 13:56:04.585  9672  9919 I art     : Explicit concurrent mark sweep GC freed 111(3KB) AllocSpace objects, 0(0B) LOS objects, 23% free, 52MB/68MB, paused 213us total 13.781ms
08-06 13:56:04.591  9672  9919 I art     : Starting a blocking GC Explicit
08-06 13:56:04.605  9672  9919 I art     : Explicit concurrent mark sweep GC freed 3(96B) AllocSpace objects, 0(0B) LOS objects, 23% free, 52MB/68MB, paused 207us total 13.649ms
08-06 13:56:04.611  9672  9919 I art     : Starting a blocking GC Explicit
08-06 13:56:04.625  9672  9919 I art     : Explicit concurrent mark sweep GC freed 3(96B) AllocSpace objects, 0(0B) LOS objects, 23% free, 52MB/68MB, paused 244us total 13.527ms
08-06 13:56:04.631  9672  9919 I art     : Starting a blocking GC Explicit
08-06 13:56:04.645  9672  9919 I art     : Explicit concurrent mark sweep GC freed 3(96B) AllocSpace objects, 0(0B) LOS objects, 23% free, 52MB/68MB, paused 210us total 13.461ms
08-06 13:56:04.961  9672  9684 I art     : Starting a blocking GC Explicit
08-06 13:56:04.982  9672  9684 I art     : Explicit concurrent mark sweep GC freed 1340(78KB) AllocSpace objects, 1(20KB) LOS objects, 23% free, 52MB/68MB, paused 261us total 20.541ms
08-06 13:56:04.992  9672  9684 I art     : Starting a blocking GC Explicit
08-06 13:56:05.011  9672  9684 I art     : Explicit concurrent mark sweep GC freed 20(704B) AllocSpace objects, 0(0B) LOS objects, 23% free, 52MB/68MB, paused 238us total 17.898ms
08-06 13:56:05.019  9672  9684 I art     : Starting a blocking GC Explicit
08-06 13:56:05.034  9672  9684 I art     : Explicit concurrent mark sweep GC freed 3(96B) AllocSpace objects, 0(0B) LOS objects, 23% free, 52MB/68MB, paused 214us total 14.368ms
08-06 13:56:05.041  9672  9684 I art     : Starting a blocking GC Explicit
08-06 13:56:05.055  9672  9684 I art     : Explicit concurrent mark sweep GC freed 3(96B) AllocSpace objects, 0(0B) LOS objects, 23% free, 52MB/68MB, paused 257us total 14.252ms
08-06 13:56:05.062  9672  9684 I art     : Starting a blocking GC Explicit
08-06 13:56:05.076  9672  9684 I art     : Explicit concurrent mark sweep GC freed 3(96B) AllocSpace objects, 0(0B) LOS objects, 23% free, 52MB/68MB, paused 204us total 13.730ms
08-06 13:56:05.397  9672  9760 I art     : Starting a blocking GC Explicit
08-06 13:56:05.420  9672  9760 I art     : Explicit concurrent mark sweep GC freed 1340(78KB) AllocSpace objects, 1(20KB) LOS objects, 23% free, 52MB/68MB, paused 259us total 22.612ms
08-06 13:56:05.431  5524  5524 W Atfwd_Sendcmd: AtCmdFwd service not published, waiting... retryCnt : 2
08-06 13:56:05.431  9672  9760 I art     : Starting a blocking GC Explicit
08-06 13:56:05.446  9672  9760 I art     : Explicit concurrent mark sweep GC freed 20(704B) AllocSpace objects, 0(0B) LOS objects, 23% free, 52MB/68MB, paused 214us total 14.751ms
08-06 13:56:05.453  9672  9760 I art     : Starting a blocking GC Explicit
08-06 13:56:05.467  9672  9760 I art     : Explicit concurrent mark sweep GC freed 3(96B) AllocSpace objects, 0(0B) LOS objects, 23% free, 52MB/68MB, paused 208us total 13.726ms
08-06 13:56:05.473  9672  9760 I art     : Starting a blocking GC Explicit
08-06 13:56:05.487  9672  9760 I art     : Explicit concurrent mark sweep GC freed 3(96B) AllocSpace objects, 0(0B) LOS objects, 23% free, 52MB/68MB, paused 229us total 14.069ms
08-06 13:56:05.493  9672  9760 I art     : Starting a blocking GC Explicit
08-06 13:56:05.508  9672  9760 I art     : Explicit concurrent mark sweep GC freed 3(96B) AllocSpace objects, 0(0B) LOS objects, 23% free, 52MB/68MB, paused 206us total 13.961ms
08-06 13:56:05.803  9672  9685 I art     : Starting a blocking GC Explicit
08-06 13:56:05.819  9672  9685 I art     : Explicit concurrent mark sweep GC freed 1340(78KB) AllocSpace objects, 1(20KB) LOS objects, 23% free, 52MB/68MB, paused 248us total 16.080ms
08-06 13:56:05.829  9672  9685 I art     : Starting a blocking GC Explicit
08-06 13:56:05.845  9672  9685 I art     : Explicit concurrent mark sweep GC freed 20(704B) AllocSpace objects, 0(0B) LOS objects, 23% free, 52MB/68MB, paused 241us total 15.921ms
08-06 13:56:05.852  9672  9685 I art     : Starting a blocking GC Explicit
08-06 13:56:05.865  9672  9685 I art     : Explicit concurrent mark sweep GC freed 3(96B) AllocSpace objects, 0(0B) LOS objects, 23% free, 52MB/68MB, paused 216us total 13.410ms
08-06 13:56:05.872  9672  9685 I art     : Starting a blocking GC Explicit
08-06 13:56:05.885  9672  9685 I art     : Explicit concurrent mark sweep GC freed 3(96B) AllocSpace objects, 0(0B) LOS objects, 23% free, 52MB/68MB, paused 215us total 13.619ms
08-06 13:56:05.892  9672  9685 I art     : Starting a blocking GC Explicit
08-06 13:56:05.905  9672  9685 I art     : Explicit concurrent mark sweep GC freed 3(96B) AllocSpace objects, 0(0B) LOS objects, 23% free, 52MB/68MB, paused 206us total 13.225ms
08-06 13:56:06.202  9672  9919 I art     : Starting a blocking GC Explicit
08-06 13:56:06.222  9672  9919 I art     : Explicit concurrent mark sweep GC freed 1340(78KB) AllocSpace objects, 1(20KB) LOS objects, 23% free, 52MB/68MB, paused 260us total 20.473ms
08-06 13:56:06.234  9672  9919 I art     : Starting a blocking GC Explicit
08-06 13:56:06.249  9672  9919 I art     : Explicit concurrent mark sweep GC freed 20(704B) AllocSpace objects, 0(0B) LOS objects, 23% free, 52MB/68MB, paused 217us total 15.475ms
08-06 13:56:06.256  9672  9919 I art     : Starting a blocking GC Explicit
08-06 13:56:06.269  9672  9919 I art     : Explicit concurrent mark sweep GC freed 3(96B) AllocSpace objects, 0(0B) LOS objects, 23% free, 52MB/68MB, paused 216us total 13.321ms
08-06 13:56:06.275  9672  9919 I art     : Starting a blocking GC Explicit
08-06 13:56:06.289  9672  9919 I art     : Explicit concurrent mark sweep GC freed 3(96B) AllocSpace objects, 0(0B) LOS objects, 23% free, 52MB/68MB, paused 225us total 13.636ms
08-06 13:56:06.295  9672  9919 I art     : Starting a blocking GC Explicit
08-06 13:56:06.309  9672  9919 I art     : Explicit concurrent mark sweep GC freed 3(96B) AllocSpace objects, 0(0B) LOS objects, 23% free, 52MB/68MB, paused 225us total 13.732ms
08-06 13:56:06.614  9672  9684 I art     : Starting a blocking GC Explicit
08-06 13:56:06.634  9672  9684 I art     : Explicit concurrent mark sweep GC freed 1340(78KB) AllocSpace objects, 1(20KB) LOS objects, 23% free, 52MB/68MB, paused 268us total 19.785ms
08-06 13:56:06.646  9672  9684 I art     : Starting a blocking GC Explicit
08-06 13:56:06.664  9672  9684 I art     : Explicit concurrent mark sweep GC freed 20(704B) AllocSpace objects, 0(0B) LOS objects, 23% free, 52MB/68MB, paused 246us total 17.502ms
08-06 13:56:06.674  9672  9684 I art     : Starting a blocking GC Explicit
08-06 13:56:06.688  9672  9684 I art     : Explicit concurrent mark sweep GC freed 3(96B) AllocSpace objects, 0(0B) LOS objects, 23% free, 52MB/68MB, paused 225us total 14.444ms
08-06 13:56:06.695  9672  9684 I art     : Starting a blocking GC Explicit
08-06 13:56:06.709  9672  9684 I art     : Explicit concurrent mark sweep GC freed 3(96B) AllocSpace objects, 0(0B) LOS objects, 23% free, 52MB/68MB, paused 222us total 14.377ms
08-06 13:56:06.716  9672  9684 I art     : Starting a blocking GC Explicit
08-06 13:56:06.730  9672  9684 I art     : Explicit concurrent mark sweep GC freed 3(96B) AllocSpace objects, 0(0B) LOS objects, 23% free, 52MB/68MB, paused 224us total 13.857ms
08-06 13:56:07.052  9672  9760 I art     : Starting a blocking GC Explicit
08-06 13:56:07.075  9672  9760 I art     : Explicit concurrent mark sweep GC freed 1340(78KB) AllocSpace objects, 1(20KB) LOS objects, 23% free, 52MB/68MB, paused 260us total 23.185ms
08-06 13:56:07.088  9672  9760 I art     : Starting a blocking GC Explicit
08-06 13:56:07.103  9672  9760 I art     : Explicit concurrent mark sweep GC freed 20(704B) AllocSpace objects, 0(0B) LOS objects, 23% free, 52MB/68MB, paused 208us total 14.616ms
08-06 13:56:07.109  9672  9760 I art     : Starting a blocking GC Explicit
08-06 13:56:07.122  9672  9760 I art     : Explicit concurrent mark sweep GC freed 3(96B) AllocSpace objects, 0(0B) LOS objects, 23% free, 52MB/68MB, paused 212us total 13.445ms
08-06 13:56:07.129  9672  9760 I art     : Starting a blocking GC Explicit
08-06 13:56:07.142  9672  9760 I art     : Explicit concurrent mark sweep GC freed 3(96B) AllocSpace objects, 0(0B) LOS objects, 23% free, 52MB/68MB, paused 244us total 13.322ms
08-06 13:56:07.149  9672  9760 I art     : Starting a blocking GC Explicit
08-06 13:56:07.163  9672  9760 I art     : Explicit concurrent mark sweep GC freed 3(96B) AllocSpace objects, 0(0B) LOS objects, 23% free, 52MB/68MB, paused 217us total 13.943ms
08-06 13:56:07.465  9672  9685 I art     : Starting a blocking GC Explicit
08-06 13:56:07.485  9672  9685 I art     : Explicit concurrent mark sweep GC freed 1340(78KB) AllocSpace objects, 1(20KB) LOS objects, 23% free, 52MB/68MB, paused 249us total 20.265ms
08-06 13:56:07.496  9672  9685 I art     : Starting a blocking GC Explicit
08-06 13:56:07.514  9672  9685 I art     : Explicit concurrent mark sweep GC freed 20(704B) AllocSpace objects, 0(0B) LOS objects, 23% free, 52MB/68MB, paused 240us total 17.822ms
08-06 13:56:07.522  9672  9685 I art     : Starting a blocking GC Explicit
08-06 13:56:07.537  9672  9685 I art     : Explicit concurrent mark sweep GC freed 3(96B) AllocSpace objects, 0(0B) LOS objects, 23% free, 52MB/68MB, paused 232us total 14.232ms
08-06 13:56:07.543  9672  9685 I art     : Starting a blocking GC Explicit
08-06 13:56:07.557  9672  9685 I art     : Explicit concurrent mark sweep GC freed 3(96B) AllocSpace objects, 0(0B) LOS objects, 23% free, 52MB/68MB, paused 217us total 13.789ms
08-06 13:56:07.563  9672  9685 I art     : Starting a blocking GC Explicit
08-06 13:56:07.577  9672  9685 I art     : Explicit concurrent mark sweep GC freed 3(96B) AllocSpace objects, 0(0B) LOS objects, 23% free, 52MB/68MB, paused 231us total 13.347ms
08-06 13:56:07.887  9672  9919 I art     : Starting a blocking GC Explicit
08-06 13:56:07.907  9672  9919 I art     : Explicit concurrent mark sweep GC freed 1340(78KB) AllocSpace objects, 1(20KB) LOS objects, 23% free, 52MB/68MB, paused 384us total 20.052ms
08-06 13:56:07.918  9672  9919 I art     : Starting a blocking GC Explicit
08-06 13:56:07.936  9672  9919 I art     : Explicit concurrent mark sweep GC freed 20(704B) AllocSpace objects, 0(0B) LOS objects, 23% free, 52MB/68MB, paused 243us total 17.571ms
08-06 13:56:07.945  9672  9919 I art     : Starting a blocking GC Explicit
08-06 13:56:07.959  9672  9919 I art     : Explicit concurrent mark sweep GC freed 3(96B) AllocSpace objects, 0(0B) LOS objects, 23% free, 52MB/68MB, paused 224us total 14.654ms
08-06 13:56:07.966  9672  9919 I art     : Starting a blocking GC Explicit
08-06 13:56:07.981  9672  9919 I art     : Explicit concurrent mark sweep GC freed 3(96B) AllocSpace objects, 0(0B) LOS objects, 23% free, 52MB/68MB, paused 219us total 14.307ms
08-06 13:56:07.987  9672  9919 I art     : Starting a blocking GC Explicit
08-06 13:56:08.002  9672  9919 I art     : Explicit concurrent mark sweep GC freed 3(96B) AllocSpace objects, 0(0B) LOS objects, 23% free, 52MB/68MB, paused 219us total 14.040ms
08-06 13:56:08.324   918   930 I UsageStatsService: User[0] Flushing usage stats to disk
08-06 13:56:08.328  9672  9684 I art     : Starting a blocking GC Explicit
08-06 13:56:08.349  9672  9684 I art     : Explicit concurrent mark sweep GC freed 1340(78KB) AllocSpace objects, 1(20KB) LOS objects, 23% free, 52MB/68MB, paused 365us total 20.200ms
08-06 13:56:08.361  9672  9684 I art     : Starting a blocking GC Explicit
08-06 13:56:08.374  9672  9684 I art     : Explicit concurrent mark sweep GC freed 20(704B) AllocSpace objects, 0(0B) LOS objects, 23% free, 52MB/68MB, paused 213us total 12.925ms
08-06 13:56:08.380  9672  9684 I art     : Starting a blocking GC Explicit
08-06 13:56:08.393  9672  9684 I art     : Explicit concurrent mark sweep GC freed 3(96B) AllocSpace objects, 0(0B) LOS objects, 23% free, 52MB/68MB, paused 210us total 12.825ms
08-06 13:56:08.399  9672  9684 I art     : Starting a blocking GC Explicit
08-06 13:56:08.412  9672  9684 I art     : Explicit concurrent mark sweep GC freed 3(96B) AllocSpace objects, 0(0B) LOS objects, 23% free, 52MB/68MB, paused 204us total 12.903ms
08-06 13:56:08.418  9672  9684 I art     : Starting a blocking GC Explicit
08-06 13:56:08.432  9672  9684 I art     : Explicit concurrent mark sweep GC freed 3(96B) AllocSpace objects, 0(0B) LOS objects, 23% free, 52MB/68MB, paused 219us total 13.509ms
08-06 13:56:08.715  9672  9760 I art     : Starting a blocking GC Explicit
08-06 13:56:08.734  9672  9760 I art     : Explicit concurrent mark sweep GC freed 1340(78KB) AllocSpace objects, 1(20KB) LOS objects, 23% free, 52MB/68MB, paused 286us total 19.555ms
08-06 13:56:08.747  9672  9760 I art     : Starting a blocking GC Explicit
08-06 13:56:08.762  9672  9760 I art     : Explicit concurrent mark sweep GC freed 20(704B) AllocSpace objects, 0(0B) LOS objects, 23% free, 52MB/68MB, paused 221us total 14.815ms
08-06 13:56:08.768  9672  9760 I art     : Starting a blocking GC Explicit
08-06 13:56:08.783  9672  9760 I art     : Explicit concurrent mark sweep GC freed 3(96B) AllocSpace objects, 0(0B) LOS objects, 23% free, 52MB/68MB, paused 224us total 14.174ms
08-06 13:56:08.790  9672  9760 I art     : Starting a blocking GC Explicit
08-06 13:56:08.804  9672  9760 I art     : Explicit concurrent mark sweep GC freed 3(96B) AllocSpace objects, 0(0B) LOS objects, 23% free, 52MB/68MB, paused 216us total 13.645ms
08-06 13:56:08.810  9672  9760 I art     : Starting a blocking GC Explicit
08-06 13:56:08.824  9672  9760 I art     : Explicit concurrent mark sweep GC freed 3(96B) AllocSpace objects, 0(0B) LOS objects, 23% free, 52MB/68MB, paused 210us total 13.580ms
08-06 13:56:09.134  9672  9685 I art     : Starting a blocking GC Explicit
08-06 13:56:09.161  9672  9685 I art     : Explicit concurrent mark sweep GC freed 1340(78KB) AllocSpace objects, 1(20KB) LOS objects, 23% free, 52MB/68MB, paused 358us total 27.174ms
08-06 13:56:09.168  9672  9685 I art     : Starting a blocking GC Explicit
08-06 13:56:09.182  9672  9685 I art     : Explicit concurrent mark sweep GC freed 20(704B) AllocSpace objects, 0(0B) LOS objects, 23% free, 52MB/68MB, paused 197us total 13.249ms
08-06 13:56:09.187  9672  9685 I art     : Starting a blocking GC Explicit
08-06 13:56:09.200  9672  9685 I art     : Explicit concurrent mark sweep GC freed 3(96B) AllocSpace objects, 0(0B) LOS objects, 23% free, 52MB/68MB, paused 194us total 12.158ms
08-06 13:56:09.205  9672  9685 I art     : Starting a blocking GC Explicit
08-06 13:56:09.218  9672  9685 I art     : Explicit concurrent mark sweep GC freed 3(96B) AllocSpace objects, 0(0B) LOS objects, 23% free, 52MB/68MB, paused 202us total 12.595ms
08-06 13:56:09.224  9672  9685 I art     : Starting a blocking GC Explicit
08-06 13:56:09.236  9672  9685 I art     : Explicit concurrent mark sweep GC freed 3(96B) AllocSpace objects, 0(0B) LOS objects, 23% free, 52MB/68MB, paused 261us total 12.369ms
08-06 13:56:09.533  9672  9919 I art     : Starting a blocking GC Explicit
08-06 13:56:09.552  9672  9919 I art     : Explicit concurrent mark sweep GC freed 1340(78KB) AllocSpace objects, 1(20KB) LOS objects, 23% free, 52MB/68MB, paused 256us total 19.036ms
08-06 13:56:09.564  9672  9919 I art     : Starting a blocking GC Explicit
08-06 13:56:09.579  9672  9919 I art     : Explicit concurrent mark sweep GC freed 20(704B) AllocSpace objects, 0(0B) LOS objects, 23% free, 52MB/68MB, paused 233us total 14.419ms
08-06 13:56:09.586  9672  9919 I art     : Starting a blocking GC Explicit
08-06 13:56:09.599  9672  9919 I art     : Explicit concurrent mark sweep GC freed 3(96B) AllocSpace objects, 0(0B) LOS objects, 23% free, 52MB/68MB, paused 212us total 13.435ms
08-06 13:56:09.605  9672  9919 I art     : Starting a blocking GC Explicit
08-06 13:56:09.619  9672  9919 I art     : Explicit concurrent mark sweep GC freed 3(96B) AllocSpace objects, 0(0B) LOS objects, 23% free, 52MB/68MB, paused 211us total 13.289ms
08-06 13:56:09.625  9672  9919 I art     : Starting a blocking GC Explicit
08-06 13:56:09.639  9672  9919 I art     : Explicit concurrent mark sweep GC freed 3(96B) AllocSpace objects, 0(0B) LOS objects, 23% free, 52MB/68MB, paused 214us total 13.875ms
08-06 13:56:09.955  9672  9684 I art     : Starting a blocking GC Explicit
08-06 13:56:09.980  9672  9684 I art     : Explicit concurrent mark sweep GC freed 1340(78KB) AllocSpace objects, 1(20KB) LOS objects, 23% free, 52MB/68MB, paused 297us total 24.482ms
08-06 13:56:09.987  9672  9684 I art     : Starting a blocking GC Explicit
08-06 13:56:10.002  9672  9684 I art     : Explicit concurrent mark sweep GC freed 20(704B) AllocSpace objects, 0(0B) LOS objects, 23% free, 52MB/68MB, paused 218us total 14.557ms
08-06 13:56:10.010  9672  9684 I art     : Starting a blocking GC Explicit
08-06 13:56:10.023  9672  9684 I art     : Explicit concurrent mark sweep GC freed 3(96B) AllocSpace objects, 0(0B) LOS objects, 23% free, 52MB/68MB, paused 219us total 13.334ms
08-06 13:56:10.029  9672  9684 I art     : Starting a blocking GC Explicit
08-06 13:56:10.043  9672  9684 I art     : Explicit concurrent mark sweep GC freed 3(96B) AllocSpace objects, 0(0B) LOS objects, 23% free, 52MB/68MB, paused 201us total 13.276ms
08-06 13:56:10.049  9672  9684 I art     : Starting a blocking GC Explicit
08-06 13:56:10.062  9672  9684 I art     : Explicit concurrent mark sweep GC freed 3(96B) AllocSpace objects, 0(0B) LOS objects, 23% free, 52MB/68MB, paused 219us total 13.359ms
08-06 13:56:10.373  9672  9760 I art     : Starting a blocking GC Explicit
08-06 13:56:10.394  9672  9760 I art     : Explicit concurrent mark sweep GC freed 1340(78KB) AllocSpace objects, 1(20KB) LOS objects, 23% free, 52MB/68MB, paused 259us total 20.329ms
08-06 13:56:10.404  9672  9760 I art     : Starting a blocking GC Explicit
08-06 13:56:10.422  9672  9760 I art     : Explicit concurrent mark sweep GC freed 20(704B) AllocSpace objects, 0(0B) LOS objects, 23% free, 52MB/68MB, paused 232us total 17.730ms
08-06 13:56:10.430  9672  9760 I art     : Starting a blocking GC Explicit
08-06 13:56:10.445  9672  9760 I art     : Explicit concurrent mark sweep GC freed 3(96B) AllocSpace objects, 0(0B) LOS objects, 23% free, 52MB/68MB, paused 218us total 14.406ms
08-06 13:56:10.452  9672  9760 I art     : Starting a blocking GC Explicit
08-06 13:56:10.467  9672  9760 I art     : Explicit concurrent mark sweep GC freed 3(96B) AllocSpace objects, 0(0B) LOS objects, 23% free, 52MB/68MB, paused 278us total 14.678ms
08-06 13:56:10.473  9672  9760 I art     : Starting a blocking GC Explicit
08-06 13:56:10.487  9672  9760 I art     : Explicit concurrent mark sweep GC freed 3(96B) AllocSpace objects, 0(0B) LOS objects, 23% free, 52MB/68MB, paused 304us total 13.692ms
08-06 13:56:10.815  9672  9685 I art     : Starting a blocking GC Explicit
08-06 13:56:10.839  9672  9685 I art     : Explicit concurrent mark sweep GC freed 1340(78KB) AllocSpace objects, 1(20KB) LOS objects, 23% free, 52MB/68MB, paused 255us total 23.225ms
08-06 13:56:10.849  9672  9685 I art     : Starting a blocking GC Explicit
08-06 13:56:10.867  9672  9685 I art     : Explicit concurrent mark sweep GC freed 20(704B) AllocSpace objects, 0(0B) LOS objects, 23% free, 52MB/68MB, paused 286us total 17.252ms
08-06 13:56:10.873  9672  9685 I art     : Starting a blocking GC Explicit
08-06 13:56:10.888  9672  9685 I art     : Explicit concurrent mark sweep GC freed 3(96B) AllocSpace objects, 0(0B) LOS objects, 23% free, 52MB/68MB, paused 221us total 14.188ms
08-06 13:56:10.894  9672  9685 I art     : Starting a blocking GC Explicit
08-06 13:56:10.909  9672  9685 I art     : Explicit concurrent mark sweep GC freed 3(96B) AllocSpace objects, 0(0B) LOS objects, 23% free, 52MB/68MB, paused 219us total 14.180ms
08-06 13:56:10.915  9672  9685 I art     : Starting a blocking GC Explicit
08-06 13:56:10.930  9672  9685 I art     : Explicit concurrent mark sweep GC freed 3(96B) AllocSpace objects, 0(0B) LOS objects, 23% free, 52MB/68MB, paused 220us total 14.238ms
08-06 13:56:11.227  9672  9919 I art     : Starting a blocking GC Explicit
08-06 13:56:11.248  9672  9919 I art     : Explicit concurrent mark sweep GC freed 1340(78KB) AllocSpace objects, 1(20KB) LOS objects, 23% free, 52MB/68MB, paused 261us total 20.646ms
08-06 13:56:11.260  9672  9919 I art     : Starting a blocking GC Explicit
08-06 13:56:11.276  9672  9919 I art     : Explicit concurrent mark sweep GC freed 20(704B) AllocSpace objects, 0(0B) LOS objects, 23% free, 52MB/68MB, paused 221us total 15.736ms
08-06 13:56:11.282  9672  9919 I art     : Starting a blocking GC Explicit
08-06 13:56:11.296  9672  9919 I art     : Explicit concurrent mark sweep GC freed 3(96B) AllocSpace objects, 0(0B) LOS objects, 23% free, 52MB/68MB, paused 216us total 13.274ms
08-06 13:56:11.302  9672  9919 I art     : Starting a blocking GC Explicit
08-06 13:56:11.315  9672  9919 I art     : Explicit concurrent mark sweep GC freed 3(96B) AllocSpace objects, 0(0B) LOS objects, 23% free, 52MB/68MB, paused 195us total 13.235ms
08-06 13:56:11.322  9672  9919 I art     : Starting a blocking GC Explicit
08-06 13:56:11.335  9672  9919 I art     : Explicit concurrent mark sweep GC freed 3(96B) AllocSpace objects, 0(0B) LOS objects, 23% free, 52MB/68MB, paused 200us total 12.817ms
08-06 13:56:11.624  9672  9684 I art     : Starting a blocking GC Explicit
08-06 13:56:11.638  9672  9684 I art     : Explicit concurrent mark sweep GC freed 1340(78KB) AllocSpace objects, 1(20KB) LOS objects, 23% free, 52MB/68MB, paused 228us total 14.269ms
08-06 13:56:11.645  9672  9684 I art     : Starting a blocking GC Explicit
08-06 13:56:11.650 10132 10132 D AndroidRuntime: >>>>>> START com.android.internal.os.RuntimeInit uid 2000 <<<<<<
08-06 13:56:11.654 10132 10132 D AndroidRuntime: CheckJNI is OFF
08-06 13:56:11.659  9672  9684 I art     : Explicit concurrent mark sweep GC freed 20(704B) AllocSpace objects, 0(0B) LOS objects, 23% free, 52MB/68MB, paused 267us total 14.018ms
08-06 13:56:11.665  9672  9684 I art     : Starting a blocking GC Explicit
08-06 13:56:11.678  9672  9684 I art     : Explicit concurrent mark sweep GC freed 3(96B) AllocSpace objects, 0(0B) LOS objects, 23% free, 52MB/68MB, paused 221us total 12.836ms
08-06 13:56:11.681 10132 10132 D ICU     : No timezone override file found: /data/misc/zoneinfo/current/icu/icu_tzdata.dat
08-06 13:56:11.684  9672  9684 I art     : Starting a blocking GC Explicit
08-06 13:56:11.698  9672  9684 I art     : Explicit concurrent mark sweep GC freed 3(96B) AllocSpace objects, 0(0B) LOS objects, 23% free, 52MB/68MB, paused 214us total 13.510ms
08-06 13:56:11.704  9672  9684 I art     : Starting a blocking GC Explicit
08-06 13:56:11.707 10132 10132 I Radio-JNI: register_android_hardware_Radio DONE
08-06 13:56:11.717  9672  9684 I art     : Explicit concurrent mark sweep GC freed 3(96B) AllocSpace objects, 0(0B) LOS objects, 23% free, 52MB/68MB, paused 248us total 12.576ms
08-06 13:56:11.723 10132 10132 D AndroidRuntime: Calling main entry com.android.commands.input.Input
08-06 13:56:11.725 10132 10132 I Input   : injectMotionEvent: MotionEvent { action=ACTION_DOWN, actionButton=0, id[0]=0, x[0]=733.0, y[0]=645.0, toolType[0]=TOOL_TYPE_UNKNOWN, buttonState=0, metaState=0, flags=0x0, edgeFlags=0x0, pointerCount=1, historySize=0, eventTime=885388138, downTime=885388138, deviceId=0, source=0x1002 }
08-06 13:56:11.731 10132 10132 I Input   : injectMotionEvent: MotionEvent { action=ACTION_UP, actionButton=0, id[0]=0, x[0]=733.0, y[0]=645.0, toolType[0]=TOOL_TYPE_UNKNOWN, buttonState=0, metaState=0, flags=0x0, edgeFlags=0x0, pointerCount=1, historySize=0, eventTime=885388138, downTime=885388138, deviceId=0, source=0x1002 }
08-06 13:56:11.733   918  3714 I ActivityManager: START u0 {cmp=baseline.appteam.nith.hillffair/.activities.ClubActivity (has extras)} from uid 10697 on display 0
08-06 13:56:11.738 10132 10132 D AndroidRuntime: Shutting down VM
08-06 13:56:11.817 13866 13866 I GoogleInputMethodServic: GoogleInputMethodService.onFinishInput():3138 
08-06 13:56:11.818   918   936 I ActivityManager: Displayed baseline.appteam.nith.hillffair/.activities.ClubActivity: +79ms
08-06 13:56:11.818 13866 13866 I GoogleInputMethodServic: GoogleInputMethodService.onStartInput():1808 
08-06 13:56:11.929  9672  9685 I art     : Starting a blocking GC Explicit
08-06 13:56:11.950  9672  9685 I art     : Explicit concurrent mark sweep GC freed 5269(328KB) AllocSpace objects, 1(20KB) LOS objects, 23% free, 52MB/68MB, paused 335us total 20.159ms
08-06 13:56:11.958  9672  9685 I art     : Starting a blocking GC Explicit
08-06 13:56:11.976  9672  9685 I art     : Explicit concurrent mark sweep GC freed 211(9KB) AllocSpace objects, 0(0B) LOS objects, 23% free, 52MB/68MB, paused 264us total 17.141ms
08-06 13:56:11.984  9672  9685 I art     : Starting a blocking GC Explicit
08-06 13:56:12.001  9672  9685 I art     : Explicit concurrent mark sweep GC freed 3(96B) AllocSpace objects, 0(0B) LOS objects, 23% free, 52MB/68MB, paused 275us total 16.876ms
08-06 13:56:12.008  9672  9685 I art     : Starting a blocking GC Explicit
08-06 13:56:12.026  9672  9685 I art     : Explicit concurrent mark sweep GC freed 3(96B) AllocSpace objects, 0(0B) LOS objects, 23% free, 52MB/68MB, paused 368us total 17.873ms
08-06 13:56:12.036  9672  9685 I art     : Starting a blocking GC Explicit
08-06 13:56:12.054  9672  9685 I art     : Explicit concurrent mark sweep GC freed 3(96B) AllocSpace objects, 0(0B) LOS objects, 23% free, 52MB/68MB, paused 250us total 18.098ms
08-06 13:56:12.062   380   380 W SurfaceFlinger: couldn't log to binary event log: overflow.
08-06 13:56:12.314  9672  9685 I art     : Starting a blocking GC Explicit
08-06 13:56:12.330  9672  9685 I art     : Explicit concurrent mark sweep GC freed 1486(87KB) AllocSpace objects, 1(20KB) LOS objects, 23% free, 52MB/68MB, paused 268us total 16.442ms
08-06 13:56:12.338  9672  9685 I art     : Starting a blocking GC Explicit
08-06 13:56:12.352  9672  9685 I art     : Explicit concurrent mark sweep GC freed 1040(72KB) AllocSpace objects, 1(80KB) LOS objects, 23% free, 52MB/68MB, paused 387us total 14.565ms
08-06 13:56:12.359  9672  9685 I art     : Starting a blocking GC Explicit
08-06 13:56:12.373  9672  9685 I art     : Explicit concurrent mark sweep GC freed 2219(147KB) AllocSpace objects, 2(120KB) LOS objects, 23% free, 52MB/68MB, paused 262us total 14.614ms
08-06 13:56:12.380  9672  9685 I art     : Starting a blocking GC Explicit
08-06 13:56:12.394  9672  9685 I art     : Explicit concurrent mark sweep GC freed 234(27KB) AllocSpace objects, 0(0B) LOS objects, 23% free, 52MB/68MB, paused 247us total 13.615ms
08-06 13:56:12.400  9672  9685 I art     : Starting a blocking GC Explicit
08-06 13:56:12.413  9672  9685 I art     : Explicit concurrent mark sweep GC freed 11(416B) AllocSpace objects, 0(0B) LOS objects, 23% free, 52MB/68MB, paused 224us total 13.337ms
08-06 13:56:12.422  9672 10155 D OkHttp  : --> GET https://api-hillfair-2k16.herokuapp.com/api/app/events/special/event?id=5806551bdcba0f490c70fd1f http/1.1
08-06 13:56:12.461  9672 10155 D OkHttp  : <-- 200 OK https://api-hillfair-2k16.herokuapp.com/api/app/events/special/event?id=5806551bdcba0f490c70fd1f (38ms, 795-byte body)
08-06 13:56:12.512  9672  9672 I NAPPA_EXPERIMENTATION: MetricNetworkRequestExecutionTime: REQUEST_DURATION_SYSTEM='747',REQUEST_DURATION_OKHTTP='39',REQUEST_SYNCHRONOUS='FALSE',RESPONSE_CODE='200',RESPONSE_METHOD='GET',RESPONSE_LENGTH_OKHTTP='795',RESPONSE_LENGTH_HEADER='795',REQUEST_PROTOCOL='http/1.1',REQUEST_URL='https://api-hillfair-2k16.herokuapp.com/api/app/events/special/event?id=5806551bdcba0f490c70fd1f',
08-06 13:56:12.644  9672  9684 I art     : Starting a blocking GC Explicit
08-06 13:56:12.661  9672  9684 I art     : Explicit concurrent mark sweep GC freed 2277(208KB) AllocSpace objects, 1(20KB) LOS objects, 23% free, 52MB/68MB, paused 235us total 17.046ms
08-06 13:56:12.668  9672  9684 I art     : Starting a blocking GC Explicit
08-06 13:56:12.684  9672  9684 I art     : Explicit concurrent mark sweep GC freed 105(3KB) AllocSpace objects, 0(0B) LOS objects, 23% free, 52MB/68MB, paused 236us total 16.050ms
08-06 13:56:12.691  9672  9684 I art     : Starting a blocking GC Explicit
08-06 13:56:12.705  9672  9684 I art     : Explicit concurrent mark sweep GC freed 3(96B) AllocSpace objects, 0(0B) LOS objects, 23% free, 52MB/68MB, paused 231us total 14.746ms
08-06 13:56:12.712  9672  9684 I art     : Starting a blocking GC Explicit
08-06 13:56:12.726  9672  9684 I art     : Explicit concurrent mark sweep GC freed 3(96B) AllocSpace objects, 0(0B) LOS objects, 23% free, 52MB/68MB, paused 234us total 14.552ms
08-06 13:56:12.733  9672  9684 I art     : Starting a blocking GC Explicit
08-06 13:56:12.746  9672  9684 I art     : Explicit concurrent mark sweep GC freed 3(96B) AllocSpace objects, 0(0B) LOS objects, 23% free, 52MB/68MB, paused 218us total 13.454ms
08-06 13:56:12.915   518   646 I ThermalEngine: ACTION: GPU - Setting GPU[0] to 510000000
08-06 13:56:13.025  9672  9919 I art     : Starting a blocking GC Explicit
08-06 13:56:13.045  9672  9919 I art     : Explicit concurrent mark sweep GC freed 1344(78KB) AllocSpace objects, 1(20KB) LOS objects, 23% free, 52MB/68MB, paused 320us total 19.719ms
08-06 13:56:13.054  9672  9919 I art     : Starting a blocking GC Explicit
08-06 13:56:13.073  9672  9919 I art     : Explicit concurrent mark sweep GC freed 36(1264B) AllocSpace objects, 0(0B) LOS objects, 23% free, 52MB/68MB, paused 320us total 18.787ms
08-06 13:56:13.082  9672  9919 I art     : Starting a blocking GC Explicit
08-06 13:56:13.101  9672  9919 I art     : Explicit concurrent mark sweep GC freed 3(96B) AllocSpace objects, 0(0B) LOS objects, 23% free, 52MB/68MB, paused 309us total 18.780ms
08-06 13:56:13.109  9672  9919 I art     : Starting a blocking GC Explicit
08-06 13:56:13.128  9672  9919 I art     : Explicit concurrent mark sweep GC freed 3(96B) AllocSpace objects, 0(0B) LOS objects, 23% free, 52MB/68MB, paused 316us total 18.991ms
08-06 13:56:13.137  9672  9919 I art     : Starting a blocking GC Explicit
08-06 13:56:13.156  9672  9919 I art     : Explicit concurrent mark sweep GC freed 3(96B) AllocSpace objects, 0(0B) LOS objects, 23% free, 52MB/68MB, paused 324us total 19.144ms
08-06 13:56:13.448  9672  9684 I art     : Starting a blocking GC Explicit
08-06 13:56:13.475  9672  9684 I art     : Explicit concurrent mark sweep GC freed 1343(78KB) AllocSpace objects, 1(20KB) LOS objects, 23% free, 52MB/68MB, paused 394us total 26.993ms
08-06 13:56:13.488  9672  9684 I art     : Starting a blocking GC Explicit
08-06 13:56:13.506  9672  9684 I art     : Explicit concurrent mark sweep GC freed 20(704B) AllocSpace objects, 0(0B) LOS objects, 23% free, 52MB/68MB, paused 317us total 18.198ms
08-06 13:56:13.514  9672  9684 I art     : Starting a blocking GC Explicit
08-06 13:56:13.533  9672  9684 I art     : Explicit concurrent mark sweep GC freed 3(96B) AllocSpace objects, 0(0B) LOS objects, 23% free, 52MB/68MB, paused 305us total 18.425ms
08-06 13:56:13.541  9672  9684 I art     : Starting a blocking GC Explicit
08-06 13:56:13.561  9672  9684 I art     : Explicit concurrent mark sweep GC freed 3(96B) AllocSpace objects, 0(0B) LOS objects, 23% free, 52MB/68MB, paused 320us total 19.105ms
08-06 13:56:13.569  9672  9684 I art     : Starting a blocking GC Explicit
08-06 13:56:13.588  9672  9684 I art     : Explicit concurrent mark sweep GC freed 3(96B) AllocSpace objects, 0(0B) LOS objects, 23% free, 52MB/68MB, paused 315us total 18.521ms
08-06 13:56:13.909  9672  9685 I art     : Starting a blocking GC Explicit
08-06 13:56:13.933  9672  9685 I art     : Explicit concurrent mark sweep GC freed 1343(78KB) AllocSpace objects, 1(20KB) LOS objects, 23% free, 52MB/68MB, paused 410us total 23.995ms
08-06 13:56:13.945  9672  9685 I art     : Starting a blocking GC Explicit
08-06 13:56:13.965  9672  9685 I art     : Explicit concurrent mark sweep GC freed 20(704B) AllocSpace objects, 0(0B) LOS objects, 23% free, 52MB/68MB, paused 311us total 20.172ms
08-06 13:56:13.974  9672  9685 I art     : Starting a blocking GC Explicit
08-06 13:56:13.993  9672  9685 I art     : Explicit concurrent mark sweep GC freed 3(96B) AllocSpace objects, 0(0B) LOS objects, 23% free, 52MB/68MB, paused 323us total 19.274ms
08-06 13:56:14.002  9672  9685 I art     : Starting a blocking GC Explicit
08-06 13:56:14.021  9672  9685 I art     : Explicit concurrent mark sweep GC freed 3(96B) AllocSpace objects, 0(0B) LOS objects, 23% free, 52MB/68MB, paused 314us total 18.445ms
08-06 13:56:14.029  9672  9685 I art     : Starting a blocking GC Explicit
08-06 13:56:14.048  9672  9685 I art     : Explicit concurrent mark sweep GC freed 3(96B) AllocSpace objects, 0(0B) LOS objects, 23% free, 52MB/68MB, paused 335us total 18.440ms
08-06 13:56:14.227   918  1210 D NetlinkSocketObserver: NeighborEvent{elapsedMs=1868778102, 192.168.2.254, [7C3953A63323], RTM_NEWNEIGH, NUD_STALE}
08-06 13:56:14.354  9672  9760 I art     : Starting a blocking GC Explicit
08-06 13:56:14.378  9672  9760 I art     : Explicit concurrent mark sweep GC freed 1343(78KB) AllocSpace objects, 1(20KB) LOS objects, 23% free, 52MB/68MB, paused 419us total 23.917ms
08-06 13:56:14.392  9672  9760 I art     : Starting a blocking GC Explicit
08-06 13:56:14.410  9672  9760 I art     : Explicit concurrent mark sweep GC freed 20(704B) AllocSpace objects, 0(0B) LOS objects, 23% free, 52MB/68MB, paused 319us total 18.228ms
08-06 13:56:14.418  9672  9760 I art     : Starting a blocking GC Explicit
08-06 13:56:14.436  9672  9760 I art     : Explicit concurrent mark sweep GC freed 3(96B) AllocSpace objects, 0(0B) LOS objects, 23% free, 52MB/68MB, paused 318us total 17.941ms
08-06 13:56:14.445  9672  9760 I art     : Starting a blocking GC Explicit
08-06 13:56:14.464  9672  9760 I art     : Explicit concurrent mark sweep GC freed 3(96B) AllocSpace objects, 0(0B) LOS objects, 23% free, 52MB/68MB, paused 320us total 18.836ms
08-06 13:56:14.472  9672  9760 I art     : Starting a blocking GC Explicit
08-06 13:56:14.491  9672  9760 I art     : Explicit concurrent mark sweep GC freed 3(96B) AllocSpace objects, 0(0B) LOS objects, 23% free, 52MB/68MB, paused 321us total 18.539ms
08-06 13:56:14.808  9672  9919 I art     : Starting a blocking GC Explicit
08-06 13:56:14.832  9672  9919 I art     : Explicit concurrent mark sweep GC freed 1343(78KB) AllocSpace objects, 1(20KB) LOS objects, 23% free, 52MB/68MB, paused 350us total 23.300ms
08-06 13:56:14.844  9672  9919 I art     : Starting a blocking GC Explicit
08-06 13:56:14.867  9672  9919 I art     : Explicit concurrent mark sweep GC freed 20(704B) AllocSpace objects, 0(0B) LOS objects, 23% free, 52MB/68MB, paused 404us total 22.568ms
08-06 13:56:14.876  9672  9919 I art     : Starting a blocking GC Explicit
08-06 13:56:14.896  9672  9919 I art     : Explicit concurrent mark sweep GC freed 3(96B) AllocSpace objects, 0(0B) LOS objects, 23% free, 52MB/68MB, paused 325us total 19.085ms
08-06 13:56:14.904  9672  9919 I art     : Starting a blocking GC Explicit
08-06 13:56:14.923  9672  9919 I art     : Explicit concurrent mark sweep GC freed 3(96B) AllocSpace objects, 0(0B) LOS objects, 23% free, 52MB/68MB, paused 318us total 18.634ms
08-06 13:56:14.931  9672  9919 I art     : Starting a blocking GC Explicit
08-06 13:56:14.950  9672  9919 I art     : Explicit concurrent mark sweep GC freed 3(96B) AllocSpace objects, 0(0B) LOS objects, 23% free, 52MB/68MB, paused 311us total 18.640ms
08-06 13:56:15.263  9672  9684 I art     : Starting a blocking GC Explicit
08-06 13:56:15.290  9672  9684 I art     : Explicit concurrent mark sweep GC freed 1343(78KB) AllocSpace objects, 1(20KB) LOS objects, 23% free, 52MB/68MB, paused 360us total 26.801ms
08-06 13:56:15.301  9672  9684 I art     : Starting a blocking GC Explicit
08-06 13:56:15.320  9672  9684 I art     : Explicit concurrent mark sweep GC freed 20(704B) AllocSpace objects, 0(0B) LOS objects, 23% free, 52MB/68MB, paused 313us total 18.292ms
08-06 13:56:15.328  9672  9684 I art     : Starting a blocking GC Explicit
08-06 13:56:15.346  9672  9684 I art     : Explicit concurrent mark sweep GC freed 3(96B) AllocSpace objects, 0(0B) LOS objects, 23% free, 52MB/68MB, paused 314us total 18.149ms
08-06 13:56:15.355  9672  9684 I art     : Starting a blocking GC Explicit
08-06 13:56:15.374  9672  9684 I art     : Explicit concurrent mark sweep GC freed 3(96B) AllocSpace objects, 0(0B) LOS objects, 23% free, 52MB/68MB, paused 315us total 19.087ms
08-06 13:56:15.383  9672  9684 I art     : Starting a blocking GC Explicit
08-06 13:56:15.402  9672  9684 I art     : Explicit concurrent mark sweep GC freed 3(96B) AllocSpace objects, 0(0B) LOS objects, 23% free, 52MB/68MB, paused 323us total 19.264ms
08-06 13:56:15.432  5524  5524 I ServiceManager: Waiting for service AtCmdFwd...
08-06 13:56:15.729  9672  9685 I art     : Starting a blocking GC Explicit
08-06 13:56:15.758  9672  9685 I art     : Explicit concurrent mark sweep GC freed 1343(78KB) AllocSpace objects, 1(20KB) LOS objects, 23% free, 52MB/68MB, paused 541us total 28.474ms
08-06 13:56:15.770  9672  9685 I art     : Starting a blocking GC Explicit
08-06 13:56:15.790  9672  9685 I art     : Explicit concurrent mark sweep GC freed 20(704B) AllocSpace objects, 0(0B) LOS objects, 23% free, 52MB/68MB, paused 353us total 19.584ms
08-06 13:56:15.798  9672  9685 I art     : Starting a blocking GC Explicit
08-06 13:56:15.817  9672  9685 I art     : Explicit concurrent mark sweep GC freed 3(96B) AllocSpace objects, 0(0B) LOS objects, 23% free, 52MB/68MB, paused 355us total 18.866ms
08-06 13:56:15.826  9672  9685 I art     : Starting a blocking GC Explicit
08-06 13:56:15.844  9672  9685 I art     : Explicit concurrent mark sweep GC freed 3(96B) AllocSpace objects, 0(0B) LOS objects, 23% free, 52MB/68MB, paused 314us total 18.133ms
08-06 13:56:15.852  9672  9685 I art     : Starting a blocking GC Explicit
08-06 13:56:15.871  9672  9685 I art     : Explicit concurrent mark sweep GC freed 3(96B) AllocSpace objects, 0(0B) LOS objects, 23% free, 52MB/68MB, paused 313us total 18.318ms
08-06 13:56:16.178  9672  9760 I art     : Starting a blocking GC Explicit
08-06 13:56:16.202  9672  9760 I art     : Explicit concurrent mark sweep GC freed 1343(78KB) AllocSpace objects, 1(20KB) LOS objects, 23% free, 52MB/68MB, paused 341us total 23.632ms
08-06 13:56:16.214  9672  9760 I art     : Starting a blocking GC Explicit
08-06 13:56:16.237  9672  9760 I art     : Explicit concurrent mark sweep GC freed 20(704B) AllocSpace objects, 0(0B) LOS objects, 23% free, 52MB/68MB, paused 334us total 22.739ms
08-06 13:56:16.249  9672  9760 I art     : Starting a blocking GC Explicit
08-06 13:56:16.268  9672  9760 I art     : Explicit concurrent mark sweep GC freed 3(96B) AllocSpace objects, 0(0B) LOS objects, 23% free, 52MB/68MB, paused 322us total 18.697ms
08-06 13:56:16.276  9672  9760 I art     : Starting a blocking GC Explicit
08-06 13:56:16.295  9672  9760 I art     : Explicit concurrent mark sweep GC freed 3(96B) AllocSpace objects, 0(0B) LOS objects, 23% free, 52MB/68MB, paused 316us total 18.705ms
08-06 13:56:16.304  9672  9760 I art     : Starting a blocking GC Explicit
08-06 13:56:16.322  9672  9760 I art     : Explicit concurrent mark sweep GC freed 3(96B) AllocSpace objects, 0(0B) LOS objects, 23% free, 52MB/68MB, paused 304us total 18.533ms
08-06 13:56:16.433  5524  5524 I ServiceManager: Waiting for service AtCmdFwd...
08-06 13:56:16.626  9672  9919 I art     : Starting a blocking GC Explicit
08-06 13:56:16.654  9672  9919 I art     : Explicit concurrent mark sweep GC freed 1343(78KB) AllocSpace objects, 1(20KB) LOS objects, 23% free, 52MB/68MB, paused 320us total 27.514ms
08-06 13:56:16.666  9672  9919 I art     : Starting a blocking GC Explicit
08-06 13:56:16.688  9672  9919 I art     : Explicit concurrent mark sweep GC freed 20(704B) AllocSpace objects, 0(0B) LOS objects, 23% free, 52MB/68MB, paused 335us total 21.559ms
08-06 13:56:16.696  9672  9919 I art     : Starting a blocking GC Explicit
08-06 13:56:16.715  9672  9919 I art     : Explicit concurrent mark sweep GC freed 3(96B) AllocSpace objects, 0(0B) LOS objects, 23% free, 52MB/68MB, paused 315us total 18.902ms
08-06 13:56:16.724  9672  9919 I art     : Starting a blocking GC Explicit
08-06 13:56:16.742  9672  9919 I art     : Explicit concurrent mark sweep GC freed 3(96B) AllocSpace objects, 0(0B) LOS objects, 23% free, 52MB/68MB, paused 314us total 18.371ms
08-06 13:56:16.751  9672  9919 I art     : Starting a blocking GC Explicit
08-06 13:56:16.770  9672  9919 I art     : Explicit concurrent mark sweep GC freed 3(96B) AllocSpace objects, 0(0B) LOS objects, 23% free, 52MB/68MB, paused 321us total 18.990ms
08-06 13:56:17.085  9672  9684 I art     : Starting a blocking GC Explicit
08-06 13:56:17.110  9672  9684 I art     : Explicit concurrent mark sweep GC freed 1343(78KB) AllocSpace objects, 1(20KB) LOS objects, 23% free, 52MB/68MB, paused 349us total 23.812ms
08-06 13:56:17.121  9672  9684 I art     : Starting a blocking GC Explicit
08-06 13:56:17.143  9672  9684 I art     : Explicit concurrent mark sweep GC freed 66(5KB) AllocSpace objects, 0(0B) LOS objects, 23% free, 52MB/68MB, paused 329us total 21.121ms
08-06 13:56:17.151  9672  9684 I art     : Starting a blocking GC Explicit
08-06 13:56:17.171  9672  9684 I art     : Explicit concurrent mark sweep GC freed 150(7KB) AllocSpace objects, 0(0B) LOS objects, 23% free, 52MB/68MB, paused 373us total 19.492ms
08-06 13:56:17.179  9672  9684 I art     : Starting a blocking GC Explicit
08-06 13:56:17.198  9672  9684 I art     : Explicit concurrent mark sweep GC freed 8(304B) AllocSpace objects, 0(0B) LOS objects, 23% free, 52MB/68MB, paused 374us total 18.626ms
08-06 13:56:17.207  9672  9684 I art     : Starting a blocking GC Explicit
08-06 13:56:17.226  9672  9684 I art     : Explicit concurrent mark sweep GC freed 3(96B) AllocSpace objects, 0(0B) LOS objects, 23% free, 52MB/68MB, paused 364us total 18.994ms
08-06 13:56:17.395  9672 10292 W OneSignal: OneSignalRestClient: POST Error thrown from network stack. 
08-06 13:56:17.395  9672 10292 W OneSignal: java.io.IOException: unexpected end of stream on Connection{api.onesignal.com:443, proxy=HTTP@192.168.2.12:8080 hostAddress=192.168.2.12 cipherSuite=TLS_ECDHE_RSA_WITH_AES_128_GCM_SHA256 protocol=http/1.1} (recycle count=0)
08-06 13:56:17.395  9672 10292 W OneSignal: 	at com.android.okhttp.internal.http.HttpConnection.readResponse(HttpConnection.java:210)
08-06 13:56:17.395  9672 10292 W OneSignal: 	at com.android.okhttp.internal.http.HttpTransport.readResponseHeaders(HttpTransport.java:80)
08-06 13:56:17.395  9672 10292 W OneSignal: 	at com.android.okhttp.internal.http.HttpEngine.readNetworkResponse(HttpEngine.java:904)
08-06 13:56:17.395  9672 10292 W OneSignal: 	at com.android.okhttp.internal.http.HttpEngine.readResponse(HttpEngine.java:788)
08-06 13:56:17.395  9672 10292 W OneSignal: 	at com.android.okhttp.internal.huc.HttpURLConnectionImpl.execute(HttpURLConnectionImpl.java:439)
08-06 13:56:17.395  9672 10292 W OneSignal: 	at com.android.okhttp.internal.huc.HttpURLConnectionImpl.getResponse(HttpURLConnectionImpl.java:384)
08-06 13:56:17.395  9672 10292 W OneSignal: 	at com.android.okhttp.internal.huc.HttpURLConnectionImpl.getResponseCode(HttpURLConnectionImpl.java:497)
08-06 13:56:17.395  9672 10292 W OneSignal: 	at com.android.okhttp.internal.huc.DelegatingHttpsURLConnection.getResponseCode(DelegatingHttpsURLConnection.java:105)
08-06 13:56:17.395  9672 10292 W OneSignal: 	at com.android.okhttp.internal.huc.HttpsURLConnectionImpl.getResponseCode(HttpsURLConnectionImpl.java)
08-06 13:56:17.395  9672 10292 W OneSignal: 	at com.onesignal.OneSignalRestClient.startHTTPConnection(OneSignalRestClient.java:180)
08-06 13:56:17.395  9672 10292 W OneSignal: 	at com.onesignal.OneSignalRestClient.access$100(OneSignalRestClient.java:44)
08-06 13:56:17.395  9672 10292 W OneSignal: 	at com.onesignal.OneSignalRestClient$4.run(OneSignalRestClient.java:110)
08-06 13:56:17.395  9672 10292 W OneSignal: 	at java.lang.Thread.run(Thread.java:818)
08-06 13:56:17.395  9672 10292 W OneSignal: Caused by: java.io.EOFException: \n not found: size=0 content=...
08-06 13:56:17.395  9672 10292 W OneSignal: 	at com.android.okhttp.okio.RealBufferedSource.readUtf8LineStrict(RealBufferedSource.java:200)
08-06 13:56:17.395  9672 10292 W OneSignal: 	at com.android.okhttp.internal.http.HttpConnection.readResponse(HttpConnection.java:191)
08-06 13:56:17.395  9672 10292 W OneSignal: 	... 12 more
08-06 13:56:17.397  9672 10297 W OneSignal: Failed last request. statusCode: -1
08-06 13:56:17.397  9672 10297 W OneSignal: response: null
08-06 13:56:17.433  5524  5524 I ServiceManager: Waiting for service AtCmdFwd...
08-06 13:56:17.509  9672  9685 I art     : Starting a blocking GC Explicit
08-06 13:56:17.530  9672  9685 I art     : Explicit concurrent mark sweep GC freed 3709(230KB) AllocSpace objects, 1(20KB) LOS objects, 23% free, 52MB/68MB, paused 340us total 20.626ms
08-06 13:56:17.543  9672  9685 I art     : Starting a blocking GC Explicit
08-06 13:56:17.561  9672  9685 I art     : Explicit concurrent mark sweep GC freed 67(2432B) AllocSpace objects, 0(0B) LOS objects, 23% free, 52MB/68MB, paused 365us total 17.987ms
08-06 13:56:17.569  9672  9685 I art     : Starting a blocking GC Explicit
08-06 13:56:17.587  9672  9685 I art     : Explicit concurrent mark sweep GC freed 3(96B) AllocSpace objects, 0(0B) LOS objects, 23% free, 52MB/68MB, paused 373us total 17.801ms
08-06 13:56:17.595  9672  9685 I art     : Starting a blocking GC Explicit
08-06 13:56:17.614  9672  9685 I art     : Explicit concurrent mark sweep GC freed 3(96B) AllocSpace objects, 0(0B) LOS objects, 23% free, 52MB/68MB, paused 308us total 19.117ms
08-06 13:56:17.623  9672  9685 I art     : Starting a blocking GC Explicit
08-06 13:56:17.642  9672  9685 I art     : Explicit concurrent mark sweep GC freed 3(96B) AllocSpace objects, 0(0B) LOS objects, 23% free, 52MB/68MB, paused 322us total 18.856ms
08-06 13:56:17.953  9672  9760 I art     : Starting a blocking GC Explicit
08-06 13:56:17.974  9672  9760 I art     : Explicit concurrent mark sweep GC freed 1343(78KB) AllocSpace objects, 1(20KB) LOS objects, 23% free, 52MB/68MB, paused 353us total 20.787ms
08-06 13:56:17.985  9672  9760 I art     : Starting a blocking GC Explicit
08-06 13:56:18.003  9672  9760 I art     : Explicit concurrent mark sweep GC freed 20(704B) AllocSpace objects, 0(0B) LOS objects, 23% free, 52MB/68MB, paused 350us total 18.720ms
08-06 13:56:18.012  9672  9760 I art     : Starting a blocking GC Explicit
08-06 13:56:18.031  9672  9760 I art     : Explicit concurrent mark sweep GC freed 3(96B) AllocSpace objects, 0(0B) LOS objects, 23% free, 52MB/68MB, paused 318us total 18.808ms
08-06 13:56:18.039  9672  9760 I art     : Starting a blocking GC Explicit
08-06 13:56:18.059  9672  9760 I art     : Explicit concurrent mark sweep GC freed 3(96B) AllocSpace objects, 0(0B) LOS objects, 23% free, 52MB/68MB, paused 331us total 19.145ms
08-06 13:56:18.067  9672  9760 I art     : Starting a blocking GC Explicit
08-06 13:56:18.086  9672  9760 I art     : Explicit concurrent mark sweep GC freed 3(96B) AllocSpace objects, 0(0B) LOS objects, 23% free, 52MB/68MB, paused 310us total 18.781ms
08-06 13:56:18.394  9672  9919 I art     : Starting a blocking GC Explicit
08-06 13:56:18.423  9672  9919 I art     : Explicit concurrent mark sweep GC freed 1343(78KB) AllocSpace objects, 1(20KB) LOS objects, 23% free, 52MB/68MB, paused 373us total 28.194ms
08-06 13:56:18.434  5524  5524 I ServiceManager: Waiting for service AtCmdFwd...
08-06 13:56:18.435  9672  9919 I art     : Starting a blocking GC Explicit
08-06 13:56:18.457  9672  9919 I art     : Explicit concurrent mark sweep GC freed 20(704B) AllocSpace objects, 0(0B) LOS objects, 23% free, 52MB/68MB, paused 365us total 21.786ms
08-06 13:56:18.465  9672  9919 I art     : Starting a blocking GC Explicit
08-06 13:56:18.484  9672  9919 I art     : Explicit concurrent mark sweep GC freed 3(96B) AllocSpace objects, 0(0B) LOS objects, 23% free, 52MB/68MB, paused 314us total 18.850ms
08-06 13:56:18.493  9672  9919 I art     : Starting a blocking GC Explicit
08-06 13:56:18.512  9672  9919 I art     : Explicit concurrent mark sweep GC freed 3(96B) AllocSpace objects, 0(0B) LOS objects, 23% free, 52MB/68MB, paused 305us total 18.294ms
08-06 13:56:18.520  9672  9919 I art     : Starting a blocking GC Explicit
08-06 13:56:18.539  9672  9919 I art     : Explicit concurrent mark sweep GC freed 3(96B) AllocSpace objects, 0(0B) LOS objects, 23% free, 52MB/68MB, paused 315us total 18.428ms
08-06 13:56:18.848  9672  9684 I art     : Starting a blocking GC Explicit
08-06 13:56:18.870  9672  9684 I art     : Explicit concurrent mark sweep GC freed 1343(78KB) AllocSpace objects, 1(20KB) LOS objects, 23% free, 52MB/68MB, paused 356us total 21.911ms
08-06 13:56:18.881  9672  9684 I art     : Starting a blocking GC Explicit
08-06 13:56:18.900  9672  9684 I art     : Explicit concurrent mark sweep GC freed 20(704B) AllocSpace objects, 0(0B) LOS objects, 23% free, 52MB/68MB, paused 322us total 18.998ms
08-06 13:56:18.909  9672  9684 I art     : Starting a blocking GC Explicit
08-06 13:56:18.928   518   646 I ThermalEngine: ACTION: GPU - Setting GPU[0] to 600000000
08-06 13:56:18.928  9672  9684 I art     : Explicit concurrent mark sweep GC freed 3(96B) AllocSpace objects, 0(0B) LOS objects, 23% free, 52MB/68MB, paused 304us total 18.763ms
08-06 13:56:18.936  9672  9684 I art     : Starting a blocking GC Explicit
08-06 13:56:18.956  9672  9684 I art     : Explicit concurrent mark sweep GC freed 3(96B) AllocSpace objects, 0(0B) LOS objects, 23% free, 52MB/68MB, paused 362us total 18.888ms
08-06 13:56:18.964  9672  9684 I art     : Starting a blocking GC Explicit
08-06 13:56:18.981  9672  9684 I art     : Explicit concurrent mark sweep GC freed 3(96B) AllocSpace objects, 0(0B) LOS objects, 23% free, 52MB/68MB, paused 251us total 17.143ms
08-06 13:56:19.304  9672  9685 I art     : Starting a blocking GC Explicit
08-06 13:56:19.323  9672  9685 I art     : Explicit concurrent mark sweep GC freed 1343(78KB) AllocSpace objects, 1(20KB) LOS objects, 23% free, 52MB/68MB, paused 279us total 19.179ms
08-06 13:56:19.334  9672  9685 I art     : Starting a blocking GC Explicit
08-06 13:56:19.350  9672  9685 I art     : Explicit concurrent mark sweep GC freed 20(704B) AllocSpace objects, 0(0B) LOS objects, 23% free, 52MB/68MB, paused 232us total 15.642ms
08-06 13:56:19.356  9672  9685 I art     : Starting a blocking GC Explicit
08-06 13:56:19.372  9672  9685 I art     : Explicit concurrent mark sweep GC freed 3(96B) AllocSpace objects, 0(0B) LOS objects, 23% free, 52MB/68MB, paused 223us total 15.232ms
08-06 13:56:19.378  9672  9685 I art     : Starting a blocking GC Explicit
08-06 13:56:19.393  9672  9685 I art     : Explicit concurrent mark sweep GC freed 3(96B) AllocSpace objects, 0(0B) LOS objects, 23% free, 52MB/68MB, paused 250us total 14.754ms
08-06 13:56:19.400  9672  9685 I art     : Starting a blocking GC Explicit
08-06 13:56:19.415  9672  9685 I art     : Explicit concurrent mark sweep GC freed 3(96B) AllocSpace objects, 0(0B) LOS objects, 23% free, 52MB/68MB, paused 236us total 15.031ms
08-06 13:56:19.435  5524  5524 I ServiceManager: Waiting for service AtCmdFwd...
08-06 13:56:19.725  9672  9760 I art     : Starting a blocking GC Explicit
08-06 13:56:19.746  9672  9760 I art     : Explicit concurrent mark sweep GC freed 1343(78KB) AllocSpace objects, 1(20KB) LOS objects, 23% free, 52MB/68MB, paused 287us total 20.666ms
08-06 13:56:19.756  9672  9760 I art     : Starting a blocking GC Explicit
08-06 13:56:19.771  9672  9760 I art     : Explicit concurrent mark sweep GC freed 20(704B) AllocSpace objects, 0(0B) LOS objects, 23% free, 52MB/68MB, paused 252us total 15.332ms
08-06 13:56:19.778  9672  9760 I art     : Starting a blocking GC Explicit
08-06 13:56:19.793  9672  9760 I art     : Explicit concurrent mark sweep GC freed 3(96B) AllocSpace objects, 0(0B) LOS objects, 23% free, 52MB/68MB, paused 214us total 14.449ms
08-06 13:56:19.799  9672  9760 I art     : Starting a blocking GC Explicit
08-06 13:56:19.814  9672  9760 I art     : Explicit concurrent mark sweep GC freed 3(96B) AllocSpace objects, 0(0B) LOS objects, 23% free, 52MB/68MB, paused 225us total 14.660ms
08-06 13:56:19.821  9672  9760 I art     : Starting a blocking GC Explicit
08-06 13:56:19.835  9672  9760 I art     : Explicit concurrent mark sweep GC freed 3(96B) AllocSpace objects, 0(0B) LOS objects, 23% free, 52MB/68MB, paused 223us total 14.479ms
08-06 13:56:20.132  9672  9919 I art     : Starting a blocking GC Explicit
08-06 13:56:20.154  9672  9919 I art     : Explicit concurrent mark sweep GC freed 1343(78KB) AllocSpace objects, 1(20KB) LOS objects, 23% free, 52MB/68MB, paused 279us total 21.125ms
08-06 13:56:20.165  9672  9919 I art     : Starting a blocking GC Explicit
08-06 13:56:20.184  9672  9919 I art     : Explicit concurrent mark sweep GC freed 20(704B) AllocSpace objects, 0(0B) LOS objects, 23% free, 52MB/68MB, paused 228us total 18.832ms
08-06 13:56:20.191  9672  9919 I art     : Starting a blocking GC Explicit
08-06 13:56:20.207  9672  9919 I art     : Explicit concurrent mark sweep GC freed 3(96B) AllocSpace objects, 0(0B) LOS objects, 23% free, 52MB/68MB, paused 344us total 15.284ms
08-06 13:56:20.214  9672  9919 I art     : Starting a blocking GC Explicit
08-06 13:56:20.229  9672  9919 I art     : Explicit concurrent mark sweep GC freed 3(96B) AllocSpace objects, 0(0B) LOS objects, 23% free, 52MB/68MB, paused 233us total 15.312ms
08-06 13:56:20.236  9672  9919 I art     : Starting a blocking GC Explicit
08-06 13:56:20.251  9672  9919 I art     : Explicit concurrent mark sweep GC freed 3(96B) AllocSpace objects, 0(0B) LOS objects, 23% free, 52MB/68MB, paused 232us total 14.944ms
08-06 13:56:20.435  5524  5524 W Atfwd_Sendcmd: AtCmdFwd service not published, waiting... retryCnt : 3
08-06 13:56:20.553  9672  9684 I art     : Starting a blocking GC Explicit
08-06 13:56:20.575  9672  9684 I art     : Explicit concurrent mark sweep GC freed 1343(78KB) AllocSpace objects, 1(20KB) LOS objects, 23% free, 52MB/68MB, paused 278us total 21.070ms
08-06 13:56:20.587  9672  9684 I art     : Starting a blocking GC Explicit
08-06 13:56:20.605  9672  9684 I art     : Explicit concurrent mark sweep GC freed 20(704B) AllocSpace objects, 0(0B) LOS objects, 23% free, 52MB/68MB, paused 252us total 18.488ms
08-06 13:56:20.612  9672  9684 I art     : Starting a blocking GC Explicit
08-06 13:56:20.628  9672  9684 I art     : Explicit concurrent mark sweep GC freed 3(96B) AllocSpace objects, 0(0B) LOS objects, 23% free, 52MB/68MB, paused 235us total 15.385ms
08-06 13:56:20.634  9672  9684 I art     : Starting a blocking GC Explicit
08-06 13:56:20.650  9672  9684 I art     : Explicit concurrent mark sweep GC freed 3(96B) AllocSpace objects, 0(0B) LOS objects, 23% free, 52MB/68MB, paused 230us total 15.115ms
08-06 13:56:20.656  9672  9684 I art     : Starting a blocking GC Explicit
08-06 13:56:20.671  9672  9684 I art     : Explicit concurrent mark sweep GC freed 3(96B) AllocSpace objects, 0(0B) LOS objects, 23% free, 52MB/68MB, paused 232us total 14.829ms
08-06 13:56:20.982  9672  9685 I art     : Starting a blocking GC Explicit
08-06 13:56:21.004  9672  9685 I art     : Explicit concurrent mark sweep GC freed 1343(78KB) AllocSpace objects, 1(20KB) LOS objects, 23% free, 52MB/68MB, paused 282us total 21.805ms
08-06 13:56:21.015  9672  9685 I art     : Starting a blocking GC Explicit
08-06 13:56:21.032  9672  9685 I art     : Explicit concurrent mark sweep GC freed 20(704B) AllocSpace objects, 0(0B) LOS objects, 23% free, 52MB/68MB, paused 233us total 16.976ms
08-06 13:56:21.039  9672  9685 I art     : Starting a blocking GC Explicit
08-06 13:56:21.054  9672  9685 I art     : Explicit concurrent mark sweep GC freed 3(96B) AllocSpace objects, 0(0B) LOS objects, 23% free, 52MB/68MB, paused 235us total 14.900ms
08-06 13:56:21.061  9672  9685 I art     : Starting a blocking GC Explicit
08-06 13:56:21.076  9672  9685 I art     : Explicit concurrent mark sweep GC freed 3(96B) AllocSpace objects, 0(0B) LOS objects, 23% free, 52MB/68MB, paused 233us total 15.077ms
08-06 13:56:21.082  9672  9685 I art     : Starting a blocking GC Explicit
08-06 13:56:21.097  9672  9685 I art     : Explicit concurrent mark sweep GC freed 3(96B) AllocSpace objects, 0(0B) LOS objects, 23% free, 52MB/68MB, paused 241us total 14.680ms
08-06 13:56:21.393  9672  9760 I art     : Starting a blocking GC Explicit
08-06 13:56:21.408  9672  9760 I art     : Explicit concurrent mark sweep GC freed 1343(78KB) AllocSpace objects, 1(20KB) LOS objects, 23% free, 52MB/68MB, paused 256us total 15.216ms
08-06 13:56:21.414  9672  9760 I art     : Starting a blocking GC Explicit
08-06 13:56:21.428  9672  9760 I art     : Explicit concurrent mark sweep GC freed 20(704B) AllocSpace objects, 0(0B) LOS objects, 23% free, 52MB/68MB, paused 216us total 13.448ms
08-06 13:56:21.434  9672  9760 I art     : Starting a blocking GC Explicit
08-06 13:56:21.447  9672  9760 I art     : Explicit concurrent mark sweep GC freed 12(432B) AllocSpace objects, 0(0B) LOS objects, 23% free, 52MB/68MB, paused 219us total 13.479ms
08-06 13:56:21.453  9672  9760 I art     : Starting a blocking GC Explicit
08-06 13:56:21.467  9672  9760 I art     : Explicit concurrent mark sweep GC freed 3(96B) AllocSpace objects, 0(0B) LOS objects, 23% free, 52MB/68MB, paused 278us total 13.117ms
08-06 13:56:21.472  9672  9760 I art     : Starting a blocking GC Explicit
08-06 13:56:21.486  9672  9760 I art     : Explicit concurrent mark sweep GC freed 3(96B) AllocSpace objects, 0(0B) LOS objects, 23% free, 52MB/68MB, paused 222us total 13.152ms
08-06 13:56:21.788  9672  9919 I art     : Starting a blocking GC Explicit
08-06 13:56:21.810  9672  9919 I art     : Explicit concurrent mark sweep GC freed 1343(78KB) AllocSpace objects, 1(20KB) LOS objects, 23% free, 52MB/68MB, paused 281us total 21.604ms
08-06 13:56:21.821  9672  9919 I art     : Starting a blocking GC Explicit
08-06 13:56:21.841  9672  9919 I art     : Explicit concurrent mark sweep GC freed 20(704B) AllocSpace objects, 0(0B) LOS objects, 23% free, 52MB/68MB, paused 284us total 19.336ms
08-06 13:56:21.851  9672  9919 I art     : Starting a blocking GC Explicit
08-06 13:56:21.867  9672  9919 I art     : Explicit concurrent mark sweep GC freed 3(96B) AllocSpace objects, 0(0B) LOS objects, 23% free, 52MB/68MB, paused 292us total 15.428ms
08-06 13:56:21.874  9672  9919 I art     : Starting a blocking GC Explicit
08-06 13:56:21.889  9672  9919 I art     : Explicit concurrent mark sweep GC freed 3(96B) AllocSpace objects, 0(0B) LOS objects, 23% free, 52MB/68MB, paused 231us total 15.575ms
08-06 13:56:21.897  9672  9919 I art     : Starting a blocking GC Explicit
08-06 13:56:21.911  9672  9919 I art     : Explicit concurrent mark sweep GC freed 3(96B) AllocSpace objects, 0(0B) LOS objects, 23% free, 52MB/68MB, paused 227us total 14.461ms
08-06 13:56:22.217   918  3261 D WifiStateMachine: starting scan for "H369AA63323"WPA_PSK with 2412,5180
08-06 13:56:22.224  9672  9684 I art     : Starting a blocking GC Explicit
08-06 13:56:22.246  9672  9684 I art     : Explicit concurrent mark sweep GC freed 1343(78KB) AllocSpace objects, 1(20KB) LOS objects, 23% free, 52MB/68MB, paused 327us total 21.095ms
08-06 13:56:22.255  9672  9684 I art     : Starting a blocking GC Explicit
08-06 13:56:22.271  9672  9684 I art     : Explicit concurrent mark sweep GC freed 20(704B) AllocSpace objects, 0(0B) LOS objects, 23% free, 52MB/68MB, paused 291us total 15.446ms
08-06 13:56:22.278  9672  9684 I art     : Starting a blocking GC Explicit
08-06 13:56:22.293  9672  9684 I art     : Explicit concurrent mark sweep GC freed 3(96B) AllocSpace objects, 0(0B) LOS objects, 23% free, 52MB/68MB, paused 229us total 14.844ms
08-06 13:56:22.299  9672  9684 I art     : Starting a blocking GC Explicit
08-06 13:56:22.313  9672  9684 I art     : Explicit concurrent mark sweep GC freed 3(96B) AllocSpace objects, 0(0B) LOS objects, 23% free, 52MB/68MB, paused 237us total 14.117ms
08-06 13:56:22.320  9672  9684 I art     : Starting a blocking GC Explicit
08-06 13:56:22.334  9672  9684 I art     : Explicit concurrent mark sweep GC freed 3(96B) AllocSpace objects, 0(0B) LOS objects, 23% free, 52MB/68MB, paused 237us total 14.431ms
08-06 13:56:22.644  9672  9685 I art     : Starting a blocking GC Explicit
08-06 13:56:22.669  9672  9685 I art     : Explicit concurrent mark sweep GC freed 1343(78KB) AllocSpace objects, 1(20KB) LOS objects, 23% free, 52MB/68MB, paused 284us total 24.486ms
08-06 13:56:22.681  9672  9685 I art     : Starting a blocking GC Explicit
08-06 13:56:22.696  9672  9685 I art     : Explicit concurrent mark sweep GC freed 20(704B) AllocSpace objects, 0(0B) LOS objects, 23% free, 52MB/68MB, paused 230us total 14.628ms
08-06 13:56:22.702  9672  9685 I art     : Starting a blocking GC Explicit
08-06 13:56:22.717  9672  9685 I art     : Explicit concurrent mark sweep GC freed 3(96B) AllocSpace objects, 0(0B) LOS objects, 23% free, 52MB/68MB, paused 258us total 14.512ms
08-06 13:56:22.723  9672  9685 I art     : Starting a blocking GC Explicit
08-06 13:56:22.738  9672  9685 I art     : Explicit concurrent mark sweep GC freed 3(96B) AllocSpace objects, 0(0B) LOS objects, 23% free, 52MB/68MB, paused 231us total 14.594ms
08-06 13:56:22.745  9672  9685 I art     : Starting a blocking GC Explicit
08-06 13:56:22.760  9672  9685 I art     : Explicit concurrent mark sweep GC freed 3(96B) AllocSpace objects, 0(0B) LOS objects, 23% free, 52MB/68MB, paused 231us total 14.991ms
08-06 13:56:23.079  9672  9760 I art     : Starting a blocking GC Explicit
08-06 13:56:23.103  9672  9760 I art     : Explicit concurrent mark sweep GC freed 1343(78KB) AllocSpace objects, 1(20KB) LOS objects, 23% free, 52MB/68MB, paused 286us total 24.186ms
08-06 13:56:23.114  9672  9760 I art     : Starting a blocking GC Explicit
08-06 13:56:23.131  9672  9760 I art     : Explicit concurrent mark sweep GC freed 20(704B) AllocSpace objects, 0(0B) LOS objects, 23% free, 52MB/68MB, paused 263us total 16.989ms
08-06 13:56:23.138  9672  9760 I art     : Starting a blocking GC Explicit
08-06 13:56:23.153  9672  9760 I art     : Explicit concurrent mark sweep GC freed 3(96B) AllocSpace objects, 0(0B) LOS objects, 23% free, 52MB/68MB, paused 235us total 15.509ms
08-06 13:56:23.160  9672  9760 I art     : Starting a blocking GC Explicit
08-06 13:56:23.175  9672  9760 I art     : Explicit concurrent mark sweep GC freed 3(96B) AllocSpace objects, 0(0B) LOS objects, 23% free, 52MB/68MB, paused 270us total 14.945ms
08-06 13:56:23.182  9672  9760 I art     : Starting a blocking GC Explicit
08-06 13:56:23.197  9672  9760 I art     : Explicit concurrent mark sweep GC freed 3(96B) AllocSpace objects, 0(0B) LOS objects, 23% free, 52MB/68MB, paused 244us total 14.634ms
08-06 13:56:23.498  9672  9919 I art     : Starting a blocking GC Explicit
08-06 13:56:23.519  9672  9919 I art     : Explicit concurrent mark sweep GC freed 1343(78KB) AllocSpace objects, 1(20KB) LOS objects, 23% free, 52MB/68MB, paused 306us total 21.515ms
08-06 13:56:23.530  9672  9919 I art     : Starting a blocking GC Explicit
08-06 13:56:23.549  9672  9919 I art     : Explicit concurrent mark sweep GC freed 20(704B) AllocSpace objects, 0(0B) LOS objects, 23% free, 52MB/68MB, paused 265us total 18.828ms
08-06 13:56:23.558  9672  9919 I art     : Starting a blocking GC Explicit
08-06 13:56:23.574  9672  9919 I art     : Explicit concurrent mark sweep GC freed 3(96B) AllocSpace objects, 0(0B) LOS objects, 23% free, 52MB/68MB, paused 233us total 15.405ms
08-06 13:56:23.581  9672  9919 I art     : Starting a blocking GC Explicit
08-06 13:56:23.596  9672  9919 I art     : Explicit concurrent mark sweep GC freed 3(96B) AllocSpace objects, 0(0B) LOS objects, 23% free, 52MB/68MB, paused 313us total 15.621ms
08-06 13:56:23.603  9672  9919 I art     : Starting a blocking GC Explicit
08-06 13:56:23.618  9672  9919 I art     : Explicit concurrent mark sweep GC freed 3(96B) AllocSpace objects, 0(0B) LOS objects, 23% free, 52MB/68MB, paused 239us total 14.741ms
08-06 13:56:23.922  9672  9684 I art     : Starting a blocking GC Explicit
08-06 13:56:23.935   518   646 I ThermalEngine: ACTION: GPU - Setting GPU[0] to 510000000
08-06 13:56:23.947  9672  9684 I art     : Explicit concurrent mark sweep GC freed 1343(78KB) AllocSpace objects, 1(20KB) LOS objects, 23% free, 52MB/68MB, paused 381us total 24.812ms
08-06 13:56:23.960  9672  9684 I art     : Starting a blocking GC Explicit
08-06 13:56:23.979  9672  9684 I art     : Explicit concurrent mark sweep GC freed 20(704B) AllocSpace objects, 0(0B) LOS objects, 23% free, 52MB/68MB, paused 304us total 18.697ms
08-06 13:56:23.987  9672  9684 I art     : Starting a blocking GC Explicit
08-06 13:56:24.005  9672  9684 I art     : Explicit concurrent mark sweep GC freed 3(96B) AllocSpace objects, 0(0B) LOS objects, 23% free, 52MB/68MB, paused 300us total 17.819ms
08-06 13:56:24.014  9672  9684 I art     : Starting a blocking GC Explicit
08-06 13:56:24.032  9672  9684 I art     : Explicit concurrent mark sweep GC freed 3(96B) AllocSpace objects, 0(0B) LOS objects, 23% free, 52MB/68MB, paused 298us total 17.347ms
08-06 13:56:24.040  9672  9684 I art     : Starting a blocking GC Explicit
08-06 13:56:24.057  9672  9684 I art     : Explicit concurrent mark sweep GC freed 3(96B) AllocSpace objects, 0(0B) LOS objects, 23% free, 52MB/68MB, paused 325us total 17.665ms
08-06 13:56:24.344  9672  9685 I art     : Starting a blocking GC Explicit
08-06 13:56:24.362  9672  9685 I art     : Explicit concurrent mark sweep GC freed 1343(78KB) AllocSpace objects, 1(20KB) LOS objects, 23% free, 52MB/68MB, paused 333us total 18.278ms
08-06 13:56:24.370  9672  9685 I art     : Starting a blocking GC Explicit
08-06 13:56:24.388  9672  9685 I art     : Explicit concurrent mark sweep GC freed 20(704B) AllocSpace objects, 0(0B) LOS objects, 23% free, 52MB/68MB, paused 325us total 17.800ms
08-06 13:56:24.396  9672  9685 I art     : Starting a blocking GC Explicit
08-06 13:56:24.415  9672  9685 I art     : Explicit concurrent mark sweep GC freed 3(96B) AllocSpace objects, 0(0B) LOS objects, 23% free, 52MB/68MB, paused 320us total 18.460ms
08-06 13:56:24.416 10457 10457 D AndroidRuntime: >>>>>> START com.android.internal.os.RuntimeInit uid 2000 <<<<<<
08-06 13:56:24.422 10457 10457 D AndroidRuntime: CheckJNI is OFF
08-06 13:56:24.424  9672  9685 I art     : Starting a blocking GC Explicit
08-06 13:56:24.442  9672  9685 I art     : Explicit concurrent mark sweep GC freed 3(96B) AllocSpace objects, 0(0B) LOS objects, 23% free, 52MB/68MB, paused 321us total 17.717ms
08-06 13:56:24.449  9672  9685 I art     : Starting a blocking GC Explicit
08-06 13:56:24.458 10457 10457 D ICU     : No timezone override file found: /data/misc/zoneinfo/current/icu/icu_tzdata.dat
08-06 13:56:24.468  9672  9685 I art     : Explicit concurrent mark sweep GC freed 3(96B) AllocSpace objects, 0(0B) LOS objects, 23% free, 52MB/68MB, paused 352us total 18.386ms
08-06 13:56:24.494 10457 10457 I Radio-JNI: register_android_hardware_Radio DONE
08-06 13:56:24.516 10457 10457 D AndroidRuntime: Calling main entry com.android.commands.input.Input
08-06 13:56:24.518 10457 10457 I Input   : injectKeyEvent: KeyEvent { action=ACTION_DOWN, keyCode=KEYCODE_BACK, scanCode=0, metaState=0, flags=0x0, repeatCount=0, eventTime=885400931, downTime=885400931, deviceId=-1, source=0x101 }
08-06 13:56:24.527 10457 10457 I Input   : injectKeyEvent: KeyEvent { action=ACTION_UP, keyCode=KEYCODE_BACK, scanCode=0, metaState=0, flags=0x0, repeatCount=0, eventTime=885400931, downTime=885400931, deviceId=-1, source=0x101 }
08-06 13:56:24.533 10457 10457 D AndroidRuntime: Shutting down VM
08-06 13:56:24.569 13866 13866 I GoogleInputMethodServic: GoogleInputMethodService.onFinishInput():3138 
08-06 13:56:24.569 13866 13866 I GoogleInputMethodServic: GoogleInputMethodService.onStartInput():1808 
08-06 13:56:24.712  9672  9760 I art     : Starting a blocking GC Explicit
08-06 13:56:24.733  9672  9760 I art     : Explicit concurrent mark sweep GC freed 1518(86KB) AllocSpace objects, 1(20KB) LOS objects, 23% free, 52MB/68MB, paused 288us total 21.044ms
08-06 13:56:24.741  9672  9760 I art     : Starting a blocking GC Explicit
08-06 13:56:24.761  9672  9760 I art     : Explicit concurrent mark sweep GC freed 26(944B) AllocSpace objects, 0(0B) LOS objects, 23% free, 52MB/68MB, paused 303us total 19.415ms
08-06 13:56:24.769  9672  9760 I art     : Starting a blocking GC Explicit
08-06 13:56:24.787  9672  9760 I art     : Explicit concurrent mark sweep GC freed 3(96B) AllocSpace objects, 0(0B) LOS objects, 23% free, 52MB/68MB, paused 321us total 17.333ms
08-06 13:56:24.795  9672  9760 I art     : Starting a blocking GC Explicit
08-06 13:56:24.813  9672  9760 I art     : Explicit concurrent mark sweep GC freed 3(96B) AllocSpace objects, 0(0B) LOS objects, 23% free, 52MB/68MB, paused 298us total 17.617ms
08-06 13:56:24.821  9672  9760 I art     : Starting a blocking GC Explicit
08-06 13:56:24.841  9672  9760 I art     : Explicit concurrent mark sweep GC freed 3(96B) AllocSpace objects, 0(0B) LOS objects, 23% free, 52MB/68MB, paused 533us total 19.875ms
08-06 13:56:24.856   380   380 W SurfaceFlinger: couldn't log to binary event log: overflow.
08-06 13:56:25.124  9672  9684 I art     : Starting a blocking GC Explicit
08-06 13:56:25.152  9672  9684 I art     : Explicit concurrent mark sweep GC freed 1453(87KB) AllocSpace objects, 1(20KB) LOS objects, 23% free, 52MB/68MB, paused 371us total 28.101ms
08-06 13:56:25.167  9672  9684 I art     : Starting a blocking GC Explicit
08-06 13:56:25.190  9672  9684 I art     : Explicit concurrent mark sweep GC freed 1672(107KB) AllocSpace objects, 3(400KB) LOS objects, 23% free, 52MB/68MB, paused 393us total 23.362ms
08-06 13:56:25.200  9672  9684 I art     : Starting a blocking GC Explicit
08-06 13:56:25.219  9672  9684 I art     : Explicit concurrent mark sweep GC freed 3(96B) AllocSpace objects, 0(0B) LOS objects, 23% free, 52MB/68MB, paused 315us total 18.769ms
08-06 13:56:25.227  9672  9684 I art     : Starting a blocking GC Explicit
08-06 13:56:25.245  9672  9684 I art     : Explicit concurrent mark sweep GC freed 3(96B) AllocSpace objects, 0(0B) LOS objects, 23% free, 52MB/68MB, paused 312us total 18.058ms
08-06 13:56:25.254  9672  9684 I art     : Starting a blocking GC Explicit
08-06 13:56:25.272  9672  9684 I art     : Explicit concurrent mark sweep GC freed 3(96B) AllocSpace objects, 0(0B) LOS objects, 23% free, 52MB/68MB, paused 310us total 18.079ms
08-06 13:56:25.552  9672  9685 I art     : Starting a blocking GC Explicit
08-06 13:56:25.574  9672  9685 I art     : Explicit concurrent mark sweep GC freed 1344(78KB) AllocSpace objects, 1(20KB) LOS objects, 23% free, 52MB/68MB, paused 350us total 21.856ms
08-06 13:56:25.584  9672  9685 I art     : Starting a blocking GC Explicit
08-06 13:56:25.603  9672  9685 I art     : Explicit concurrent mark sweep GC freed 20(704B) AllocSpace objects, 0(0B) LOS objects, 23% free, 52MB/68MB, paused 324us total 18.759ms
08-06 13:56:25.612  9672  9685 I art     : Starting a blocking GC Explicit
08-06 13:56:25.631  9672  9685 I art     : Explicit concurrent mark sweep GC freed 3(96B) AllocSpace objects, 0(0B) LOS objects, 23% free, 52MB/68MB, paused 314us total 18.541ms
08-06 13:56:25.639  9672  9685 I art     : Starting a blocking GC Explicit
08-06 13:56:25.658  9672  9685 I art     : Explicit concurrent mark sweep GC freed 3(96B) AllocSpace objects, 0(0B) LOS objects, 23% free, 52MB/68MB, paused 315us total 18.657ms
08-06 13:56:25.667  9672  9685 I art     : Starting a blocking GC Explicit
08-06 13:56:25.685  9672  9685 I art     : Explicit concurrent mark sweep GC freed 3(96B) AllocSpace objects, 0(0B) LOS objects, 23% free, 52MB/68MB, paused 305us total 17.691ms
08-06 13:56:25.957  9672  9919 I art     : Starting a blocking GC Explicit
08-06 13:56:25.975  9672  9919 I art     : Explicit concurrent mark sweep GC freed 1342(78KB) AllocSpace objects, 1(20KB) LOS objects, 23% free, 52MB/68MB, paused 324us total 18.245ms
08-06 13:56:25.984  9672  9919 I art     : Starting a blocking GC Explicit
08-06 13:56:26.001  9672  9919 I art     : Explicit concurrent mark sweep GC freed 20(704B) AllocSpace objects, 0(0B) LOS objects, 23% free, 52MB/68MB, paused 299us total 17.123ms
08-06 13:56:26.009  9672  9919 I art     : Starting a blocking GC Explicit
08-06 13:56:26.013   918   918 I ActivityManager: Start proc 10523:nappagreedy.com.newsblur/u0a701 for service nappagreedy.com.newsblur/.service.NBSyncService
08-06 13:56:26.013 10523 10523 I art     : Late-enabling -Xcheck:jni
08-06 13:56:26.025  9672  9919 I art     : Explicit concurrent mark sweep GC freed 3(96B) AllocSpace objects, 0(0B) LOS objects, 23% free, 52MB/68MB, paused 284us total 16.387ms
08-06 13:56:26.033  9672  9919 I art     : Starting a blocking GC Explicit
08-06 13:56:26.049  9672  9919 I art     : Explicit concurrent mark sweep GC freed 3(96B) AllocSpace objects, 0(0B) LOS objects, 23% free, 52MB/68MB, paused 321us total 15.417ms
08-06 13:56:26.050 10523 10523 W System  : ClassLoader referenced unknown path: /data/app/nappagreedy.com.newsblur-1/lib/arm64
08-06 13:56:26.056  9672  9919 I art     : Starting a blocking GC Explicit
08-06 13:56:26.072  9672  9919 I art     : Explicit concurrent mark sweep GC freed 3(96B) AllocSpace objects, 0(0B) LOS objects, 23% free, 52MB/68MB, paused 289us total 16.151ms
08-06 13:56:26.081   918  4400 I ActivityManager: Killing 17073:com.google.android.apps.gcs/u0a11 (adj 15): empty #17
08-06 13:56:26.181 10511 10511 D AndroidRuntime: >>>>>> START com.android.internal.os.RuntimeInit uid 2000 <<<<<<
08-06 13:56:26.187 10511 10511 D AndroidRuntime: CheckJNI is OFF
08-06 13:56:26.222 10511 10511 D ICU     : No timezone override file found: /data/misc/zoneinfo/current/icu/icu_tzdata.dat
08-06 13:56:26.259 10511 10511 I Radio-JNI: register_android_hardware_Radio DONE
08-06 13:56:26.281 10511 10511 D AndroidRuntime: Calling main entry com.android.commands.input.Input
08-06 13:56:26.283 10511 10511 I Input   : injectMotionEvent: MotionEvent { action=ACTION_DOWN, actionButton=0, id[0]=0, x[0]=733.0, y[0]=1370.0, toolType[0]=TOOL_TYPE_UNKNOWN, buttonState=0, metaState=0, flags=0x0, edgeFlags=0x0, pointerCount=1, historySize=0, eventTime=885402696, downTime=885402696, deviceId=0, source=0x1002 }
08-06 13:56:26.290 10511 10511 I Input   : injectMotionEvent: MotionEvent { action=ACTION_UP, actionButton=0, id[0]=0, x[0]=733.0, y[0]=1370.0, toolType[0]=TOOL_TYPE_UNKNOWN, buttonState=0, metaState=0, flags=0x0, edgeFlags=0x0, pointerCount=1, historySize=0, eventTime=885402696, downTime=885402696, deviceId=0, source=0x1002 }
08-06 13:56:26.292   918   928 I ActivityManager: START u0 {cmp=baseline.appteam.nith.hillffair/.activities.ClubActivity (has extras)} from uid 10697 on display 0
08-06 13:56:26.301 10511 10511 D AndroidRuntime: Shutting down VM
08-06 13:56:26.377  9672  9760 I art     : Starting a blocking GC Explicit
08-06 13:56:26.398  9672  9760 I art     : Explicit concurrent mark sweep GC freed 4942(288KB) AllocSpace objects, 1(20KB) LOS objects, 23% free, 52MB/68MB, paused 693us total 20.995ms
08-06 13:56:26.400   918   936 I ActivityManager: Displayed baseline.appteam.nith.hillffair/.activities.ClubActivity: +98ms
08-06 13:56:26.401 13866 13866 I GoogleInputMethodServic: GoogleInputMethodService.onFinishInput():3138 
08-06 13:56:26.402 13866 13866 I GoogleInputMethodServic: GoogleInputMethodService.onStartInput():1808 
08-06 13:56:26.408  9672  9760 I art     : Starting a blocking GC Explicit
08-06 13:56:26.427  9672  9760 I art     : Explicit concurrent mark sweep GC freed 234(10KB) AllocSpace objects, 0(0B) LOS objects, 23% free, 52MB/68MB, paused 426us total 19.461ms
08-06 13:56:26.437  9672  9760 I art     : Starting a blocking GC Explicit
08-06 13:56:26.454  9672  9760 I art     : Explicit concurrent mark sweep GC freed 16(608B) AllocSpace objects, 0(0B) LOS objects, 23% free, 52MB/68MB, paused 323us total 16.987ms
08-06 13:56:26.462  9672  9760 I art     : Starting a blocking GC Explicit
08-06 13:56:26.478  9672  9760 I art     : Explicit concurrent mark sweep GC freed 3(96B) AllocSpace objects, 0(0B) LOS objects, 23% free, 52MB/68MB, paused 332us total 16.161ms
08-06 13:56:26.486  9672  9760 I art     : Starting a blocking GC Explicit
08-06 13:56:26.507  9672  9760 I art     : Explicit concurrent mark sweep GC freed 3(96B) AllocSpace objects, 0(0B) LOS objects, 23% free, 52MB/68MB, paused 358us total 20.539ms
08-06 13:56:26.642   380   380 W SurfaceFlinger: couldn't log to binary event log: overflow.
08-06 13:56:26.757  9672  9919 I art     : Starting a blocking GC Explicit
08-06 13:56:26.773  9672  9919 I art     : Explicit concurrent mark sweep GC freed 1344(78KB) AllocSpace objects, 1(20KB) LOS objects, 23% free, 52MB/68MB, paused 355us total 16.260ms
08-06 13:56:26.780  9672  9919 I art     : Starting a blocking GC Explicit
08-06 13:56:26.798  9672  9919 I art     : Explicit concurrent mark sweep GC freed 121(6KB) AllocSpace objects, 0(0B) LOS objects, 23% free, 52MB/68MB, paused 365us total 17.485ms
08-06 13:56:26.805  9672  9919 I art     : Starting a blocking GC Explicit
08-06 13:56:26.821  9672  9919 I art     : Explicit concurrent mark sweep GC freed 11(384B) AllocSpace objects, 0(0B) LOS objects, 23% free, 52MB/68MB, paused 345us total 15.652ms
08-06 13:56:26.829  9672  9919 I art     : Starting a blocking GC Explicit
08-06 13:56:26.845  9672  9919 I art     : Explicit concurrent mark sweep GC freed 11(416B) AllocSpace objects, 0(0B) LOS objects, 23% free, 52MB/68MB, paused 329us total 16.511ms
08-06 13:56:26.853  9672  9919 I art     : Starting a blocking GC Explicit
08-06 13:56:26.870  9672  9919 I art     : Explicit concurrent mark sweep GC freed 10(352B) AllocSpace objects, 0(0B) LOS objects, 23% free, 52MB/68MB, paused 351us total 16.473ms
08-06 13:56:27.118  9672 10560 D OkHttp  : --> GET https://api-hillfair-2k16.herokuapp.com/api/app/events/special/event?id=580655cddcba0f490c70fdd0 http/1.1
08-06 13:56:27.150  9672 10560 D OkHttp  : <-- 200 OK https://api-hillfair-2k16.herokuapp.com/api/app/events/special/event?id=580655cddcba0f490c70fdd0 (31ms, 721-byte body)
08-06 13:56:27.152  9672 10490 I art     : Starting a blocking GC Explicit
08-06 13:56:27.173  9672 10490 I art     : Explicit concurrent mark sweep GC freed 4149(248KB) AllocSpace objects, 4(220KB) LOS objects, 23% free, 52MB/68MB, paused 382us total 20.721ms
08-06 13:56:27.182  9672 10490 I art     : Starting a blocking GC Explicit
08-06 13:56:27.195  9672  9672 I NAPPA_EXPERIMENTATION: MetricNetworkRequestExecutionTime: REQUEST_DURATION_SYSTEM='866',REQUEST_DURATION_OKHTTP='31',REQUEST_SYNCHRONOUS='FALSE',RESPONSE_CODE='200',RESPONSE_METHOD='GET',RESPONSE_LENGTH_OKHTTP='721',RESPONSE_LENGTH_HEADER='721',REQUEST_PROTOCOL='http/1.1',REQUEST_URL='https://api-hillfair-2k16.herokuapp.com/api/app/events/special/event?id=580655cddcba0f490c70fdd0',
08-06 13:56:27.200  9672 10490 I art     : Explicit concurrent mark sweep GC freed 1246(139KB) AllocSpace objects, 0(0B) LOS objects, 23% free, 52MB/68MB, paused 348us total 18.302ms
08-06 13:56:27.209  9672 10490 I art     : Starting a blocking GC Explicit
08-06 13:56:27.226  9672 10490 I art     : Explicit concurrent mark sweep GC freed 402(48KB) AllocSpace objects, 0(0B) LOS objects, 23% free, 52MB/68MB, paused 409us total 17.619ms
08-06 13:56:27.234  9672 10490 I art     : Starting a blocking GC Explicit
08-06 13:56:27.252  9672 10490 I art     : Explicit concurrent mark sweep GC freed 71(22KB) AllocSpace objects, 0(0B) LOS objects, 23% free, 52MB/68MB, paused 301us total 17.620ms
08-06 13:56:27.252  9672  9683 I art     : WaitForGcToComplete blocked for 6.005ms for cause HeapTrim
08-06 13:56:27.260  9672 10490 I art     : Starting a blocking GC Explicit
08-06 13:56:27.277  9672 10490 I art     : Explicit concurrent mark sweep GC freed 6(192B) AllocSpace objects, 0(0B) LOS objects, 23% free, 52MB/68MB, paused 431us total 17.696ms
08-06 13:56:27.550  9672 10490 I art     : Starting a blocking GC Explicit
08-06 13:56:27.570  9672 10490 I art     : Explicit concurrent mark sweep GC freed 1343(78KB) AllocSpace objects, 1(20KB) LOS objects, 23% free, 52MB/68MB, paused 324us total 19.828ms
08-06 13:56:27.579  9672 10490 I art     : Starting a blocking GC Explicit
08-06 13:56:27.598  9672 10490 I art     : Explicit concurrent mark sweep GC freed 36(1264B) AllocSpace objects, 0(0B) LOS objects, 23% free, 52MB/68MB, paused 364us total 18.676ms
08-06 13:56:27.606  9672 10490 I art     : Starting a blocking GC Explicit
08-06 13:56:27.625  9672 10490 I art     : Explicit concurrent mark sweep GC freed 3(96B) AllocSpace objects, 0(0B) LOS objects, 23% free, 52MB/68MB, paused 316us total 18.505ms
08-06 13:56:27.633  9672 10490 I art     : Starting a blocking GC Explicit
08-06 13:56:27.653  9672 10490 I art     : Explicit concurrent mark sweep GC freed 3(96B) AllocSpace objects, 0(0B) LOS objects, 23% free, 52MB/68MB, paused 337us total 19.198ms
08-06 13:56:27.661  9672 10490 I art     : Starting a blocking GC Explicit
08-06 13:56:27.680  9672 10490 I art     : Explicit concurrent mark sweep GC freed 3(96B) AllocSpace objects, 0(0B) LOS objects, 23% free, 52MB/68MB, paused 330us total 19.170ms
08-06 13:56:27.968  9672  9760 I art     : Starting a blocking GC Explicit
08-06 13:56:27.992  9672  9760 I art     : Explicit concurrent mark sweep GC freed 1343(78KB) AllocSpace objects, 1(20KB) LOS objects, 23% free, 52MB/68MB, paused 365us total 23.951ms
08-06 13:56:28.005  9672  9760 I art     : Starting a blocking GC Explicit
08-06 13:56:28.023  9672  9760 I art     : Explicit concurrent mark sweep GC freed 20(704B) AllocSpace objects, 0(0B) LOS objects, 23% free, 52MB/68MB, paused 323us total 18.705ms
08-06 13:56:28.032  9672  9760 I art     : Starting a blocking GC Explicit
08-06 13:56:28.051  9672  9760 I art     : Explicit concurrent mark sweep GC freed 3(96B) AllocSpace objects, 0(0B) LOS objects, 23% free, 52MB/68MB, paused 326us total 18.874ms
08-06 13:56:28.059  9672  9760 I art     : Starting a blocking GC Explicit
08-06 13:56:28.079  9672  9760 I art     : Explicit concurrent mark sweep GC freed 3(96B) AllocSpace objects, 0(0B) LOS objects, 23% free, 52MB/68MB, paused 365us total 19.388ms
08-06 13:56:28.088  9672  9760 I art     : Starting a blocking GC Explicit
08-06 13:56:28.106  9672  9760 I art     : Explicit concurrent mark sweep GC freed 3(96B) AllocSpace objects, 0(0B) LOS objects, 23% free, 52MB/68MB, paused 339us total 18.685ms
08-06 13:56:28.422  9672  9684 I art     : Starting a blocking GC Explicit
08-06 13:56:28.447  9672  9684 I art     : Explicit concurrent mark sweep GC freed 1343(78KB) AllocSpace objects, 1(20KB) LOS objects, 23% free, 52MB/68MB, paused 356us total 24.082ms
08-06 13:56:28.458  9672  9684 I art     : Starting a blocking GC Explicit
08-06 13:56:28.480  9672  9684 I art     : Explicit concurrent mark sweep GC freed 20(704B) AllocSpace objects, 0(0B) LOS objects, 23% free, 52MB/68MB, paused 332us total 21.753ms
08-06 13:56:28.489  9672  9684 I art     : Starting a blocking GC Explicit
08-06 13:56:28.509  9672  9684 I art     : Explicit concurrent mark sweep GC freed 3(96B) AllocSpace objects, 0(0B) LOS objects, 23% free, 52MB/68MB, paused 335us total 19.602ms
08-06 13:56:28.517  9672  9684 I art     : Starting a blocking GC Explicit
08-06 13:56:28.537  9672  9684 I art     : Explicit concurrent mark sweep GC freed 3(96B) AllocSpace objects, 0(0B) LOS objects, 23% free, 52MB/68MB, paused 338us total 19.031ms
08-06 13:56:28.545  9672  9684 I art     : Starting a blocking GC Explicit
08-06 13:56:28.565  9672  9684 I art     : Explicit concurrent mark sweep GC freed 3(96B) AllocSpace objects, 0(0B) LOS objects, 23% free, 52MB/68MB, paused 322us total 19.395ms
08-06 13:56:28.878  9672  9919 I art     : Starting a blocking GC Explicit
08-06 13:56:28.902  9672  9919 I art     : Explicit concurrent mark sweep GC freed 1343(78KB) AllocSpace objects, 1(20KB) LOS objects, 23% free, 52MB/68MB, paused 329us total 23.457ms
08-06 13:56:28.915  9672  9919 I art     : Starting a blocking GC Explicit
08-06 13:56:28.934  9672  9919 I art     : Explicit concurrent mark sweep GC freed 20(704B) AllocSpace objects, 0(0B) LOS objects, 23% free, 52MB/68MB, paused 324us total 18.711ms
08-06 13:56:28.942  9672  9919 I art     : Starting a blocking GC Explicit
08-06 13:56:28.961  9672  9919 I art     : Explicit concurrent mark sweep GC freed 3(96B) AllocSpace objects, 0(0B) LOS objects, 23% free, 52MB/68MB, paused 334us total 19.010ms
08-06 13:56:28.970  9672  9919 I art     : Starting a blocking GC Explicit
08-06 13:56:28.990  9672  9919 I art     : Explicit concurrent mark sweep GC freed 3(96B) AllocSpace objects, 0(0B) LOS objects, 23% free, 52MB/68MB, paused 340us total 19.327ms
08-06 13:56:28.998  9672  9919 I art     : Starting a blocking GC Explicit
08-06 13:56:29.017  9672  9919 I art     : Explicit concurrent mark sweep GC freed 3(96B) AllocSpace objects, 0(0B) LOS objects, 23% free, 52MB/68MB, paused 358us total 18.739ms
08-06 13:56:29.333  9672  9685 I art     : Starting a blocking GC Explicit
08-06 13:56:29.358  9672  9685 I art     : Explicit concurrent mark sweep GC freed 1343(78KB) AllocSpace objects, 1(20KB) LOS objects, 23% free, 52MB/68MB, paused 340us total 24.688ms
08-06 13:56:29.367  9672  9685 I art     : Starting a blocking GC Explicit
08-06 13:56:29.387  9672  9685 I art     : Explicit concurrent mark sweep GC freed 20(704B) AllocSpace objects, 0(0B) LOS objects, 23% free, 52MB/68MB, paused 322us total 19.585ms
08-06 13:56:29.395  9672  9685 I art     : Starting a blocking GC Explicit
08-06 13:56:29.415  9672  9685 I art     : Explicit concurrent mark sweep GC freed 3(96B) AllocSpace objects, 0(0B) LOS objects, 23% free, 52MB/68MB, paused 334us total 19.387ms
08-06 13:56:29.423  9672  9685 I art     : Starting a blocking GC Explicit
08-06 13:56:29.443  9672  9685 I art     : Explicit concurrent mark sweep GC freed 3(96B) AllocSpace objects, 0(0B) LOS objects, 23% free, 52MB/68MB, paused 334us total 19.395ms
08-06 13:56:29.451  9672  9685 I art     : Starting a blocking GC Explicit
08-06 13:56:29.471  9672  9685 I art     : Explicit concurrent mark sweep GC freed 3(96B) AllocSpace objects, 0(0B) LOS objects, 23% free, 52MB/68MB, paused 326us total 18.823ms
08-06 13:56:29.784  9672 10490 I art     : Starting a blocking GC Explicit
08-06 13:56:29.810  9672 10490 I art     : Explicit concurrent mark sweep GC freed 1343(78KB) AllocSpace objects, 1(20KB) LOS objects, 23% free, 52MB/68MB, paused 383us total 25.864ms
08-06 13:56:29.818  9672 10490 I art     : Starting a blocking GC Explicit
08-06 13:56:29.838  9672 10490 I art     : Explicit concurrent mark sweep GC freed 20(704B) AllocSpace objects, 0(0B) LOS objects, 23% free, 52MB/68MB, paused 320us total 19.415ms
08-06 13:56:29.846  9672 10490 I art     : Starting a blocking GC Explicit
08-06 13:56:29.865  9672 10490 I art     : Explicit concurrent mark sweep GC freed 3(96B) AllocSpace objects, 0(0B) LOS objects, 23% free, 52MB/68MB, paused 323us total 18.868ms
08-06 13:56:29.874  9672 10490 I art     : Starting a blocking GC Explicit
08-06 13:56:29.893  9672 10490 I art     : Explicit concurrent mark sweep GC freed 3(96B) AllocSpace objects, 0(0B) LOS objects, 23% free, 52MB/68MB, paused 332us total 19.060ms
08-06 13:56:29.902  9672 10490 I art     : Starting a blocking GC Explicit
08-06 13:56:29.921  9672 10490 I art     : Explicit concurrent mark sweep GC freed 3(96B) AllocSpace objects, 0(0B) LOS objects, 23% free, 52MB/68MB, paused 339us total 19.163ms
08-06 13:56:30.238  9672  9760 I art     : Starting a blocking GC Explicit
08-06 13:56:30.267  9672  9760 I art     : Explicit concurrent mark sweep GC freed 1343(78KB) AllocSpace objects, 1(20KB) LOS objects, 23% free, 52MB/68MB, paused 352us total 28.587ms
08-06 13:56:30.278  9672  9760 I art     : Starting a blocking GC Explicit
08-06 13:56:30.298  9672  9760 I art     : Explicit concurrent mark sweep GC freed 20(704B) AllocSpace objects, 0(0B) LOS objects, 23% free, 52MB/68MB, paused 346us total 19.221ms
08-06 13:56:30.306  9672  9760 I art     : Starting a blocking GC Explicit
08-06 13:56:30.325  9672  9760 I art     : Explicit concurrent mark sweep GC freed 3(96B) AllocSpace objects, 0(0B) LOS objects, 23% free, 52MB/68MB, paused 327us total 19.194ms
08-06 13:56:30.334  9672  9760 I art     : Starting a blocking GC Explicit
08-06 13:56:30.353  9672  9760 I art     : Explicit concurrent mark sweep GC freed 3(96B) AllocSpace objects, 0(0B) LOS objects, 23% free, 52MB/68MB, paused 329us total 19.261ms
08-06 13:56:30.362  9672  9760 I art     : Starting a blocking GC Explicit
08-06 13:56:30.381  9672  9760 I art     : Explicit concurrent mark sweep GC freed 3(96B) AllocSpace objects, 0(0B) LOS objects, 23% free, 52MB/68MB, paused 324us total 19.061ms
08-06 13:56:30.686  9672  9684 I art     : Starting a blocking GC Explicit
08-06 13:56:30.705  9672  9684 I art     : Explicit concurrent mark sweep GC freed 1343(78KB) AllocSpace objects, 1(20KB) LOS objects, 23% free, 52MB/68MB, paused 346us total 19.648ms
08-06 13:56:30.714  9672  9684 I art     : Starting a blocking GC Explicit
08-06 13:56:30.733  9672  9684 I art     : Explicit concurrent mark sweep GC freed 20(704B) AllocSpace objects, 0(0B) LOS objects, 23% free, 52MB/68MB, paused 336us total 19.212ms
08-06 13:56:30.742  9672  9684 I art     : Starting a blocking GC Explicit
08-06 13:56:30.760  9672  9684 I art     : Explicit concurrent mark sweep GC freed 3(96B) AllocSpace objects, 0(0B) LOS objects, 23% free, 52MB/68MB, paused 342us total 18.004ms
08-06 13:56:30.769  9672  9684 I art     : Starting a blocking GC Explicit
08-06 13:56:30.787  9672  9684 I art     : Explicit concurrent mark sweep GC freed 3(96B) AllocSpace objects, 0(0B) LOS objects, 23% free, 52MB/68MB, paused 364us total 18.574ms
08-06 13:56:30.795  9672  9684 I art     : Starting a blocking GC Explicit
08-06 13:56:30.814  9672  9684 I art     : Explicit concurrent mark sweep GC freed 3(96B) AllocSpace objects, 0(0B) LOS objects, 23% free, 52MB/68MB, paused 380us total 17.937ms
08-06 13:56:30.995 10655 10655 D AndroidRuntime: >>>>>> START com.android.internal.os.RuntimeInit uid 2000 <<<<<<
08-06 13:56:31.000 10655 10655 D AndroidRuntime: CheckJNI is OFF
08-06 13:56:31.033 10655 10655 D ICU     : No timezone override file found: /data/misc/zoneinfo/current/icu/icu_tzdata.dat
08-06 13:56:31.064 10655 10655 I Radio-JNI: register_android_hardware_Radio DONE
08-06 13:56:31.085 10655 10655 D AndroidRuntime: Calling main entry com.android.commands.input.Input
08-06 13:56:31.087 10655 10655 I Input   : injectKeyEvent: KeyEvent { action=ACTION_DOWN, keyCode=KEYCODE_BACK, scanCode=0, metaState=0, flags=0x0, repeatCount=0, eventTime=885407500, downTime=885407500, deviceId=-1, source=0x101 }
08-06 13:56:31.091 10655 10655 I Input   : injectKeyEvent: KeyEvent { action=ACTION_UP, keyCode=KEYCODE_BACK, scanCode=0, metaState=0, flags=0x0, repeatCount=0, eventTime=885407500, downTime=885407500, deviceId=-1, source=0x101 }
08-06 13:56:31.097 10655 10655 D AndroidRuntime: Shutting down VM
08-06 13:56:31.104  9672  9760 I art     : Starting a blocking GC Explicit
08-06 13:56:31.123  9672  9760 I art     : Explicit concurrent mark sweep GC freed 1484(84KB) AllocSpace objects, 1(20KB) LOS objects, 23% free, 52MB/68MB, paused 325us total 18.447ms
08-06 13:56:31.131  9672  9760 I art     : Starting a blocking GC Explicit
08-06 13:56:31.139 13866 13866 I GoogleInputMethodServic: GoogleInputMethodService.onFinishInput():3138 
08-06 13:56:31.139 13866 13866 I GoogleInputMethodServic: GoogleInputMethodService.onStartInput():1808 
08-06 13:56:31.149  9672  9760 I art     : Explicit concurrent mark sweep GC freed 42(1584B) AllocSpace objects, 0(0B) LOS objects, 23% free, 52MB/68MB, paused 482us total 18.152ms
08-06 13:56:31.157  9672  9760 I art     : Starting a blocking GC Explicit
08-06 13:56:31.174  9672  9760 I art     : Explicit concurrent mark sweep GC freed 13(432B) AllocSpace objects, 0(0B) LOS objects, 23% free, 52MB/68MB, paused 300us total 16.342ms
08-06 13:56:31.181  9672  9760 I art     : Starting a blocking GC Explicit
08-06 13:56:31.199  9672  9760 I art     : Explicit concurrent mark sweep GC freed 6(224B) AllocSpace objects, 0(0B) LOS objects, 23% free, 52MB/68MB, paused 296us total 16.806ms
08-06 13:56:31.206  9672  9760 I art     : Starting a blocking GC Explicit
08-06 13:56:31.222  9672  9760 I art     : Explicit concurrent mark sweep GC freed 3(96B) AllocSpace objects, 0(0B) LOS objects, 23% free, 52MB/68MB, paused 299us total 16.050ms
08-06 13:56:31.446   380   380 W SurfaceFlinger: couldn't log to binary event log: overflow.
08-06 13:56:31.484  9672  9685 I art     : Starting a blocking GC Explicit
08-06 13:56:31.501  9672  9685 I art     : Explicit concurrent mark sweep GC freed 1452(87KB) AllocSpace objects, 1(20KB) LOS objects, 23% free, 52MB/68MB, paused 325us total 17.481ms
08-06 13:56:31.509  9672  9685 I art     : Starting a blocking GC Explicit
08-06 13:56:31.528  9672  9685 I art     : Explicit concurrent mark sweep GC freed 1672(106KB) AllocSpace objects, 3(400KB) LOS objects, 23% free, 52MB/68MB, paused 357us total 17.945ms
08-06 13:56:31.535  9672  9685 I art     : Starting a blocking GC Explicit
08-06 13:56:31.553  9672  9685 I art     : Explicit concurrent mark sweep GC freed 3(96B) AllocSpace objects, 0(0B) LOS objects, 23% free, 52MB/68MB, paused 324us total 17.643ms
08-06 13:56:31.562  9672  9685 I art     : Starting a blocking GC Explicit
08-06 13:56:31.580  9672  9685 I art     : Explicit concurrent mark sweep GC freed 3(96B) AllocSpace objects, 0(0B) LOS objects, 23% free, 52MB/68MB, paused 330us total 18.174ms
08-06 13:56:31.589  9672  9685 I art     : Starting a blocking GC Explicit
08-06 13:56:31.607  9672  9685 I art     : Explicit concurrent mark sweep GC freed 3(96B) AllocSpace objects, 0(0B) LOS objects, 23% free, 52MB/68MB, paused 352us total 18.291ms
08-06 13:56:31.887  9672  9684 I art     : Starting a blocking GC Explicit
08-06 13:56:31.911  9672  9684 I art     : Explicit concurrent mark sweep GC freed 1343(78KB) AllocSpace objects, 1(20KB) LOS objects, 23% free, 52MB/68MB, paused 366us total 23.631ms
08-06 13:56:31.924  9672  9684 I art     : Starting a blocking GC Explicit
08-06 13:56:31.947  9672  9684 I art     : Explicit concurrent mark sweep GC freed 20(704B) AllocSpace objects, 0(0B) LOS objects, 23% free, 52MB/68MB, paused 348us total 22.557ms
08-06 13:56:31.956  9672  9684 I art     : Starting a blocking GC Explicit
08-06 13:56:31.975  9672  9684 I art     : Explicit concurrent mark sweep GC freed 3(96B) AllocSpace objects, 0(0B) LOS objects, 23% free, 52MB/68MB, paused 322us total 18.633ms
08-06 13:56:31.983  9672  9684 I art     : Starting a blocking GC Explicit
08-06 13:56:32.003  9672  9684 I art     : Explicit concurrent mark sweep GC freed 3(96B) AllocSpace objects, 0(0B) LOS objects, 23% free, 52MB/68MB, paused 340us total 19.308ms
08-06 13:56:32.012  9672  9684 I art     : Starting a blocking GC Explicit
08-06 13:56:32.031  9672  9684 I art     : Explicit concurrent mark sweep GC freed 3(96B) AllocSpace objects, 0(0B) LOS objects, 23% free, 52MB/68MB, paused 335us total 18.769ms
08-06 13:56:32.322  9672  9919 I art     : Starting a blocking GC Explicit
08-06 13:56:32.349  9672  9919 I art     : Explicit concurrent mark sweep GC freed 1342(78KB) AllocSpace objects, 1(20KB) LOS objects, 23% free, 52MB/68MB, paused 492us total 26.632ms
08-06 13:56:32.361  9672  9919 I art     : Starting a blocking GC Explicit
08-06 13:56:32.378  9672  9919 I art     : Explicit concurrent mark sweep GC freed 20(704B) AllocSpace objects, 0(0B) LOS objects, 23% free, 52MB/68MB, paused 321us total 16.783ms
08-06 13:56:32.385  9672  9919 I art     : Starting a blocking GC Explicit
08-06 13:56:32.403  9672  9919 I art     : Explicit concurrent mark sweep GC freed 3(96B) AllocSpace objects, 0(0B) LOS objects, 23% free, 52MB/68MB, paused 322us total 17.072ms
08-06 13:56:32.410  9672  9919 I art     : Starting a blocking GC Explicit
08-06 13:56:32.427  9672  9919 I art     : Explicit concurrent mark sweep GC freed 3(96B) AllocSpace objects, 0(0B) LOS objects, 23% free, 52MB/68MB, paused 376us total 16.386ms
08-06 13:56:32.434  9672  9919 I art     : Starting a blocking GC Explicit
08-06 13:56:32.451  9672  9919 I art     : Explicit concurrent mark sweep GC freed 3(96B) AllocSpace objects, 0(0B) LOS objects, 23% free, 52MB/68MB, paused 315us total 16.817ms
08-06 13:56:32.702  9672 10490 I art     : Starting a blocking GC Explicit
08-06 13:56:32.719  9672 10490 I art     : Explicit concurrent mark sweep GC freed 1342(78KB) AllocSpace objects, 1(20KB) LOS objects, 23% free, 52MB/68MB, paused 343us total 16.328ms
08-06 13:56:32.726  9672 10490 I art     : Starting a blocking GC Explicit
08-06 13:56:32.726 10718 10718 D AndroidRuntime: >>>>>> START com.android.internal.os.RuntimeInit uid 2000 <<<<<<
08-06 13:56:32.731 10718 10718 D AndroidRuntime: CheckJNI is OFF
08-06 13:56:32.743  9672 10490 I art     : Explicit concurrent mark sweep GC freed 20(704B) AllocSpace objects, 0(0B) LOS objects, 23% free, 52MB/68MB, paused 321us total 16.639ms
08-06 13:56:32.751  9672 10490 I art     : Starting a blocking GC Explicit
08-06 13:56:32.764 10718 10718 D ICU     : No timezone override file found: /data/misc/zoneinfo/current/icu/icu_tzdata.dat
08-06 13:56:32.767  9672 10490 I art     : Explicit concurrent mark sweep GC freed 3(96B) AllocSpace objects, 0(0B) LOS objects, 23% free, 52MB/68MB, paused 363us total 16.116ms
08-06 13:56:32.774  9672 10490 I art     : Starting a blocking GC Explicit
08-06 13:56:32.791  9672 10490 I art     : Explicit concurrent mark sweep GC freed 3(96B) AllocSpace objects, 0(0B) LOS objects, 23% free, 52MB/68MB, paused 332us total 16.419ms
08-06 13:56:32.799 10718 10718 I Radio-JNI: register_android_hardware_Radio DONE
08-06 13:56:32.799  9672 10490 I art     : Starting a blocking GC Explicit
08-06 13:56:32.816  9672 10490 I art     : Explicit concurrent mark sweep GC freed 3(96B) AllocSpace objects, 0(0B) LOS objects, 23% free, 52MB/68MB, paused 322us total 16.754ms
08-06 13:56:32.820 10718 10718 D AndroidRuntime: Calling main entry com.android.commands.input.Input
08-06 13:56:32.822 10718 10718 I Input   : injectMotionEvent: MotionEvent { action=ACTION_DOWN, actionButton=0, id[0]=0, x[0]=733.0, y[0]=1957.0, toolType[0]=TOOL_TYPE_UNKNOWN, buttonState=0, metaState=0, flags=0x0, edgeFlags=0x0, pointerCount=1, historySize=0, eventTime=885409235, downTime=885409235, deviceId=0, source=0x1002 }
08-06 13:56:32.828 10718 10718 I Input   : injectMotionEvent: MotionEvent { action=ACTION_UP, actionButton=0, id[0]=0, x[0]=733.0, y[0]=1957.0, toolType[0]=TOOL_TYPE_UNKNOWN, buttonState=0, metaState=0, flags=0x0, edgeFlags=0x0, pointerCount=1, historySize=0, eventTime=885409235, downTime=885409235, deviceId=0, source=0x1002 }
08-06 13:56:32.830   918  3359 I ActivityManager: START u0 {cmp=baseline.appteam.nith.hillffair/.activities.ClubActivity (has extras)} from uid 10697 on display 0
08-06 13:56:32.838 10718 10718 D AndroidRuntime: Shutting down VM
08-06 13:56:32.927   918   936 I ActivityManager: Displayed baseline.appteam.nith.hillffair/.activities.ClubActivity: +89ms
08-06 13:56:32.928 13866 13866 I GoogleInputMethodServic: GoogleInputMethodService.onFinishInput():3138 
08-06 13:56:32.929 13866 13866 I GoogleInputMethodServic: GoogleInputMethodService.onStartInput():1808 
08-06 13:56:33.051  9672  9685 I art     : Starting a blocking GC Explicit
08-06 13:56:33.071  9672  9685 I art     : Explicit concurrent mark sweep GC freed 5047(296KB) AllocSpace objects, 1(20KB) LOS objects, 23% free, 52MB/68MB, paused 377us total 19.325ms
08-06 13:56:33.079  9672  9685 I art     : Starting a blocking GC Explicit
08-06 13:56:33.097  9672  9685 I art     : Explicit concurrent mark sweep GC freed 211(9KB) AllocSpace objects, 0(0B) LOS objects, 23% free, 52MB/68MB, paused 434us total 17.932ms
08-06 13:56:33.105  9672  9685 I art     : Starting a blocking GC Explicit
08-06 13:56:33.124  9672  9685 I art     : Explicit concurrent mark sweep GC freed 3(96B) AllocSpace objects, 0(0B) LOS objects, 23% free, 52MB/68MB, paused 348us total 18.104ms
08-06 13:56:33.132  9672  9685 I art     : Starting a blocking GC Explicit
08-06 13:56:33.150  9672  9685 I art     : Explicit concurrent mark sweep GC freed 3(96B) AllocSpace objects, 0(0B) LOS objects, 23% free, 52MB/68MB, paused 360us total 18.224ms
08-06 13:56:33.159  9672  9685 I art     : Starting a blocking GC Explicit
08-06 13:56:33.165   380   380 W SurfaceFlinger: couldn't log to binary event log: overflow.
08-06 13:56:33.178  9672  9685 I art     : Explicit concurrent mark sweep GC freed 3(96B) AllocSpace objects, 0(0B) LOS objects, 23% free, 52MB/68MB, paused 371us total 19.400ms
08-06 13:56:33.352  9672 10742 D OkHttp  : --> GET https://api-hillfair-2k16.herokuapp.com/api/app/events/special/event?id=58065620dcba0f490c70fe09 http/1.1
08-06 13:56:33.388  9672 10742 D OkHttp  : <-- 200 OK https://api-hillfair-2k16.herokuapp.com/api/app/events/special/event?id=58065620dcba0f490c70fe09 (35ms, 682-byte body)
08-06 13:56:33.434  9672  9672 I NAPPA_EXPERIMENTATION: MetricNetworkRequestExecutionTime: REQUEST_DURATION_SYSTEM='572',REQUEST_DURATION_OKHTTP='35',REQUEST_SYNCHRONOUS='FALSE',RESPONSE_CODE='200',RESPONSE_METHOD='GET',RESPONSE_LENGTH_OKHTTP='682',RESPONSE_LENGTH_HEADER='682',REQUEST_PROTOCOL='http/1.1',REQUEST_URL='https://api-hillfair-2k16.herokuapp.com/api/app/events/special/event?id=58065620dcba0f490c70fe09',
08-06 13:56:33.459  9672  9760 I art     : Starting a blocking GC Explicit
08-06 13:56:33.481  9672  9760 I art     : Explicit concurrent mark sweep GC freed 4868(334KB) AllocSpace objects, 4(220KB) LOS objects, 23% free, 52MB/68MB, paused 408us total 21.777ms
08-06 13:56:33.491  9672  9760 I art     : Starting a blocking GC Explicit
08-06 13:56:33.511  9672  9760 I art     : Explicit concurrent mark sweep GC freed 1051(127KB) AllocSpace objects, 0(0B) LOS objects, 23% free, 52MB/68MB, paused 361us total 20.053ms
08-06 13:56:33.520  9672  9760 I art     : Starting a blocking GC Explicit
08-06 13:56:33.541  9672  9760 I art     : Explicit concurrent mark sweep GC freed 6(192B) AllocSpace objects, 0(0B) LOS objects, 23% free, 52MB/68MB, paused 338us total 20.355ms
08-06 13:56:33.549  9672  9760 I art     : Starting a blocking GC Explicit
08-06 13:56:33.569  9672  9760 I art     : Explicit concurrent mark sweep GC freed 3(96B) AllocSpace objects, 0(0B) LOS objects, 23% free, 52MB/68MB, paused 323us total 19.584ms
08-06 13:56:33.577  9672  9760 I art     : Starting a blocking GC Explicit
08-06 13:56:33.596  9672  9760 I art     : Explicit concurrent mark sweep GC freed 3(96B) AllocSpace objects, 0(0B) LOS objects, 23% free, 52MB/68MB, paused 344us total 18.497ms
08-06 13:56:33.880  9672 10490 I art     : Starting a blocking GC Explicit
08-06 13:56:33.901  9672 10490 I art     : Explicit concurrent mark sweep GC freed 1343(78KB) AllocSpace objects, 1(20KB) LOS objects, 23% free, 52MB/68MB, paused 370us total 21.004ms
08-06 13:56:33.912  9672 10490 I art     : Starting a blocking GC Explicit
08-06 13:56:33.932  9672 10490 I art     : Explicit concurrent mark sweep GC freed 36(1264B) AllocSpace objects, 0(0B) LOS objects, 23% free, 52MB/68MB, paused 350us total 19.184ms
08-06 13:56:33.940  9672 10490 I art     : Starting a blocking GC Explicit
08-06 13:56:33.959  9672 10490 I art     : Explicit concurrent mark sweep GC freed 3(96B) AllocSpace objects, 0(0B) LOS objects, 23% free, 52MB/68MB, paused 342us total 18.638ms
08-06 13:56:33.967  9672 10490 I art     : Starting a blocking GC Explicit
08-06 13:56:33.986  9672 10490 I art     : Explicit concurrent mark sweep GC freed 3(96B) AllocSpace objects, 0(0B) LOS objects, 23% free, 52MB/68MB, paused 353us total 18.916ms
08-06 13:56:33.994  9672 10490 I art     : Starting a blocking GC Explicit
08-06 13:56:34.015  9672 10490 I art     : Explicit concurrent mark sweep GC freed 3(96B) AllocSpace objects, 0(0B) LOS objects, 23% free, 52MB/68MB, paused 349us total 19.846ms
08-06 13:56:34.312  9672  9919 I art     : Starting a blocking GC Explicit
08-06 13:56:34.339  9672  9919 I art     : Explicit concurrent mark sweep GC freed 1343(78KB) AllocSpace objects, 1(20KB) LOS objects, 23% free, 52MB/68MB, paused 375us total 26.661ms
08-06 13:56:34.348  9672  9919 I art     : Starting a blocking GC Explicit
08-06 13:56:34.368  9672  9919 I art     : Explicit concurrent mark sweep GC freed 20(704B) AllocSpace objects, 0(0B) LOS objects, 23% free, 52MB/68MB, paused 354us total 20.157ms
08-06 13:56:34.377  9672  9919 I art     : Starting a blocking GC Explicit
08-06 13:56:34.397  9672  9919 I art     : Explicit concurrent mark sweep GC freed 3(96B) AllocSpace objects, 0(0B) LOS objects, 23% free, 52MB/68MB, paused 461us total 19.744ms
08-06 13:56:34.405  9672  9919 I art     : Starting a blocking GC Explicit
08-06 13:56:34.425  9672  9919 I art     : Explicit concurrent mark sweep GC freed 3(96B) AllocSpace objects, 0(0B) LOS objects, 23% free, 52MB/68MB, paused 351us total 19.746ms
08-06 13:56:34.434  9672  9919 I art     : Starting a blocking GC Explicit
08-06 13:56:34.454  9672  9919 I art     : Explicit concurrent mark sweep GC freed 3(96B) AllocSpace objects, 0(0B) LOS objects, 23% free, 52MB/68MB, paused 392us total 19.705ms
08-06 13:56:34.783  9672  9685 I art     : Starting a blocking GC Explicit
08-06 13:56:34.812  9672  9685 I art     : Explicit concurrent mark sweep GC freed 1343(78KB) AllocSpace objects, 1(20KB) LOS objects, 23% free, 52MB/68MB, paused 371us total 28.642ms
08-06 13:56:34.821  9672  9685 I art     : Starting a blocking GC Explicit
08-06 13:56:34.841  9672  9685 I art     : Explicit concurrent mark sweep GC freed 20(704B) AllocSpace objects, 0(0B) LOS objects, 23% free, 52MB/68MB, paused 369us total 19.891ms
08-06 13:56:34.849  9672  9685 I art     : Starting a blocking GC Explicit
08-06 13:56:34.869  9672  9685 I art     : Explicit concurrent mark sweep GC freed 3(96B) AllocSpace objects, 0(0B) LOS objects, 23% free, 52MB/68MB, paused 366us total 19.606ms
08-06 13:56:34.877  9672  9685 I art     : Starting a blocking GC Explicit
08-06 13:56:34.897  9672  9685 I art     : Explicit concurrent mark sweep GC freed 3(96B) AllocSpace objects, 0(0B) LOS objects, 23% free, 52MB/68MB, paused 372us total 19.694ms
08-06 13:56:34.906  9672  9685 I art     : Starting a blocking GC Explicit
08-06 13:56:34.927  9672  9685 I art     : Explicit concurrent mark sweep GC freed 3(96B) AllocSpace objects, 0(0B) LOS objects, 23% free, 52MB/68MB, paused 387us total 20.714ms
08-06 13:56:35.212  9672  9684 I art     : Starting a blocking GC Explicit
08-06 13:56:35.232  9672  9684 I art     : Explicit concurrent mark sweep GC freed 1343(78KB) AllocSpace objects, 1(20KB) LOS objects, 23% free, 52MB/68MB, paused 373us total 19.775ms
08-06 13:56:35.240  9672  9684 I art     : Starting a blocking GC Explicit
08-06 13:56:35.260  9672  9684 I art     : Explicit concurrent mark sweep GC freed 20(704B) AllocSpace objects, 0(0B) LOS objects, 23% free, 52MB/68MB, paused 388us total 19.423ms
08-06 13:56:35.268  9672  9684 I art     : Starting a blocking GC Explicit
08-06 13:56:35.287  9672  9684 I art     : Explicit concurrent mark sweep GC freed 3(96B) AllocSpace objects, 0(0B) LOS objects, 23% free, 52MB/68MB, paused 457us total 18.402ms
08-06 13:56:35.295  9672  9684 I art     : Starting a blocking GC Explicit
08-06 13:56:35.314  9672  9684 I art     : Explicit concurrent mark sweep GC freed 3(96B) AllocSpace objects, 0(0B) LOS objects, 23% free, 52MB/68MB, paused 360us total 18.732ms
08-06 13:56:35.322  9672  9684 I art     : Starting a blocking GC Explicit
08-06 13:56:35.341  9672  9684 I art     : Explicit concurrent mark sweep GC freed 3(96B) AllocSpace objects, 0(0B) LOS objects, 23% free, 52MB/68MB, paused 365us total 18.584ms
08-06 13:56:35.436  5524  5524 I ServiceManager: Waiting for service AtCmdFwd...
08-06 13:56:35.526 10796 10796 D AndroidRuntime: >>>>>> START com.android.internal.os.RuntimeInit uid 2000 <<<<<<
08-06 13:56:35.531 10796 10796 D AndroidRuntime: CheckJNI is OFF
08-06 13:56:35.563 10796 10796 D ICU     : No timezone override file found: /data/misc/zoneinfo/current/icu/icu_tzdata.dat
08-06 13:56:35.596 10796 10796 I Radio-JNI: register_android_hardware_Radio DONE
08-06 13:56:35.618 10796 10796 D AndroidRuntime: Calling main entry com.android.commands.input.Input
08-06 13:56:35.619 10796 10796 I Input   : injectKeyEvent: KeyEvent { action=ACTION_DOWN, keyCode=KEYCODE_BACK, scanCode=0, metaState=0, flags=0x0, repeatCount=0, eventTime=885412032, downTime=885412032, deviceId=-1, source=0x101 }
08-06 13:56:35.628 10796 10796 I Input   : injectKeyEvent: KeyEvent { action=ACTION_UP, keyCode=KEYCODE_BACK, scanCode=0, metaState=0, flags=0x0, repeatCount=0, eventTime=885412032, downTime=885412032, deviceId=-1, source=0x101 }
08-06 13:56:35.632 10796 10796 D AndroidRuntime: Shutting down VM
08-06 13:56:35.662  9672  9684 I art     : Starting a blocking GC Explicit
08-06 13:56:35.671 13866 13866 I GoogleInputMethodServic: GoogleInputMethodService.onFinishInput():3138 
08-06 13:56:35.672 13866 13866 I GoogleInputMethodServic: GoogleInputMethodService.onStartInput():1808 
08-06 13:56:35.681  9672  9684 I art     : Explicit concurrent mark sweep GC freed 1502(85KB) AllocSpace objects, 1(20KB) LOS objects, 23% free, 52MB/68MB, paused 357us total 18.789ms
08-06 13:56:35.691  9672  9684 I art     : Starting a blocking GC Explicit
08-06 13:56:35.711  9672  9684 I art     : Explicit concurrent mark sweep GC freed 34(1168B) AllocSpace objects, 0(0B) LOS objects, 23% free, 52MB/68MB, paused 322us total 19.437ms
08-06 13:56:35.719  9672  9684 I art     : Starting a blocking GC Explicit
08-06 13:56:35.738  9672  9684 I art     : Explicit concurrent mark sweep GC freed 6(224B) AllocSpace objects, 0(0B) LOS objects, 23% free, 52MB/68MB, paused 337us total 18.184ms
08-06 13:56:35.746  9672  9684 I art     : Starting a blocking GC Explicit
08-06 13:56:35.763  9672  9684 I art     : Explicit concurrent mark sweep GC freed 3(96B) AllocSpace objects, 0(0B) LOS objects, 23% free, 52MB/68MB, paused 340us total 16.335ms
08-06 13:56:35.770  9672  9684 I art     : Starting a blocking GC Explicit
08-06 13:56:35.788  9672  9684 I art     : Explicit concurrent mark sweep GC freed 3(96B) AllocSpace objects, 0(0B) LOS objects, 23% free, 52MB/68MB, paused 918us total 17.605ms
08-06 13:56:35.967   380   380 W SurfaceFlinger: couldn't log to binary event log: overflow.
08-06 13:56:36.039  9672  9684 I art     : Starting a blocking GC Explicit
08-06 13:56:36.057  9672  9684 I art     : Explicit concurrent mark sweep GC freed 1452(87KB) AllocSpace objects, 1(20KB) LOS objects, 23% free, 52MB/68MB, paused 363us total 17.537ms
08-06 13:56:36.065  9672  9684 I art     : Starting a blocking GC Explicit
08-06 13:56:36.082  9672  9684 I art     : Explicit concurrent mark sweep GC freed 1672(106KB) AllocSpace objects, 3(400KB) LOS objects, 23% free, 51MB/67MB, paused 327us total 17.034ms
08-06 13:56:36.090  9672  9684 I art     : Starting a blocking GC Explicit
08-06 13:56:36.108  9672  9684 I art     : Explicit concurrent mark sweep GC freed 3(96B) AllocSpace objects, 0(0B) LOS objects, 23% free, 51MB/67MB, paused 355us total 18.330ms
08-06 13:56:36.116  9672  9684 I art     : Starting a blocking GC Explicit
08-06 13:56:36.135  9672  9684 I art     : Explicit concurrent mark sweep GC freed 3(96B) AllocSpace objects, 0(0B) LOS objects, 23% free, 51MB/67MB, paused 361us total 18.141ms
08-06 13:56:36.143  9672  9684 I art     : Starting a blocking GC Explicit
08-06 13:56:36.161  9672  9684 I art     : Explicit concurrent mark sweep GC freed 3(96B) AllocSpace objects, 0(0B) LOS objects, 23% free, 51MB/67MB, paused 382us total 18.281ms
08-06 13:56:36.437  5524  5524 I ServiceManager: Waiting for service AtCmdFwd...
08-06 13:56:36.444  9672 10490 I art     : Starting a blocking GC Explicit
08-06 13:56:36.472  9672 10490 I art     : Explicit concurrent mark sweep GC freed 1343(78KB) AllocSpace objects, 1(20KB) LOS objects, 23% free, 51MB/67MB, paused 377us total 27.359ms
08-06 13:56:36.484  9672 10490 I art     : Starting a blocking GC Explicit
08-06 13:56:36.505  9672 10490 I art     : Explicit concurrent mark sweep GC freed 20(704B) AllocSpace objects, 0(0B) LOS objects, 23% free, 51MB/67MB, paused 421us total 20.663ms
08-06 13:56:36.513  9672 10490 I art     : Starting a blocking GC Explicit
08-06 13:56:36.533  9672 10490 I art     : Explicit concurrent mark sweep GC freed 3(96B) AllocSpace objects, 0(0B) LOS objects, 23% free, 51MB/67MB, paused 350us total 19.411ms
08-06 13:56:36.541  9672 10490 I art     : Starting a blocking GC Explicit
08-06 13:56:36.560  9672 10490 I art     : Explicit concurrent mark sweep GC freed 3(96B) AllocSpace objects, 0(0B) LOS objects, 23% free, 51MB/67MB, paused 354us total 18.862ms
08-06 13:56:36.568  9672 10490 I art     : Starting a blocking GC Explicit
08-06 13:56:36.587  9672 10490 I art     : Explicit concurrent mark sweep GC freed 3(96B) AllocSpace objects, 0(0B) LOS objects, 23% free, 51MB/67MB, paused 346us total 18.690ms
08-06 13:56:36.867  9672  9760 I art     : Starting a blocking GC Explicit
08-06 13:56:36.886  9672  9760 I art     : Explicit concurrent mark sweep GC freed 1342(78KB) AllocSpace objects, 1(20KB) LOS objects, 23% free, 51MB/67MB, paused 351us total 19.224ms
08-06 13:56:36.895  9672  9760 I art     : Starting a blocking GC Explicit
08-06 13:56:36.914  9672  9760 I art     : Explicit concurrent mark sweep GC freed 20(704B) AllocSpace objects, 0(0B) LOS objects, 23% free, 51MB/67MB, paused 376us total 18.845ms
08-06 13:56:36.923  9672  9760 I art     : Starting a blocking GC Explicit
08-06 13:56:36.941  9672  9760 I art     : Explicit concurrent mark sweep GC freed 3(96B) AllocSpace objects, 0(0B) LOS objects, 23% free, 51MB/67MB, paused 447us total 17.826ms
08-06 13:56:36.949  9672  9760 I art     : Starting a blocking GC Explicit
08-06 13:56:36.967  9672  9760 I art     : Explicit concurrent mark sweep GC freed 3(96B) AllocSpace objects, 0(0B) LOS objects, 23% free, 51MB/67MB, paused 355us total 17.389ms
08-06 13:56:36.975  9672  9760 I art     : Starting a blocking GC Explicit
08-06 13:56:36.993  9672  9760 I art     : Explicit concurrent mark sweep GC freed 3(96B) AllocSpace objects, 0(0B) LOS objects, 23% free, 51MB/67MB, paused 405us total 18.066ms
08-06 13:56:37.254  9672  9919 I art     : Starting a blocking GC Explicit
08-06 13:56:37.275  9672  9919 I art     : Explicit concurrent mark sweep GC freed 1342(78KB) AllocSpace objects, 1(20KB) LOS objects, 23% free, 51MB/67MB, paused 379us total 20.620ms
08-06 13:56:37.283  9672  9919 I art     : Starting a blocking GC Explicit
08-06 13:56:37.298 10861 10861 D AndroidRuntime: >>>>>> START com.android.internal.os.RuntimeInit uid 2000 <<<<<<
08-06 13:56:37.302  9672  9919 I art     : Explicit concurrent mark sweep GC freed 20(704B) AllocSpace objects, 0(0B) LOS objects, 23% free, 51MB/67MB, paused 368us total 18.721ms
08-06 13:56:37.303 10861 10861 D AndroidRuntime: CheckJNI is OFF
08-06 13:56:37.310  9672  9919 I art     : Starting a blocking GC Explicit
08-06 13:56:37.329  9672  9919 I art     : Explicit concurrent mark sweep GC freed 3(96B) AllocSpace objects, 0(0B) LOS objects, 23% free, 51MB/67MB, paused 368us total 18.014ms
08-06 13:56:37.337  9672  9919 I art     : Starting a blocking GC Explicit
08-06 13:56:37.340 10861 10861 D ICU     : No timezone override file found: /data/misc/zoneinfo/current/icu/icu_tzdata.dat
08-06 13:56:37.355  9672  9919 I art     : Explicit concurrent mark sweep GC freed 3(96B) AllocSpace objects, 0(0B) LOS objects, 23% free, 51MB/67MB, paused 382us total 18.077ms
08-06 13:56:37.356  9672  9683 I art     : WaitForGcToComplete blocked for 6.287ms for cause HeapTrim
08-06 13:56:37.363  9672  9919 I art     : Starting a blocking GC Explicit
08-06 13:56:37.375 10861 10861 I Radio-JNI: register_android_hardware_Radio DONE
08-06 13:56:37.381  9672  9919 I art     : Explicit concurrent mark sweep GC freed 3(96B) AllocSpace objects, 0(0B) LOS objects, 23% free, 51MB/67MB, paused 404us total 17.710ms
08-06 13:56:37.397 10861 10861 D AndroidRuntime: Calling main entry com.android.commands.input.Input
08-06 13:56:37.399 10861 10861 I Input   : injectMotionEvent: MotionEvent { action=ACTION_DOWN, actionButton=0, id[0]=0, x[0]=733.0, y[0]=1957.0, toolType[0]=TOOL_TYPE_UNKNOWN, buttonState=0, metaState=0, flags=0x0, edgeFlags=0x0, pointerCount=1, historySize=0, eventTime=885413811, downTime=885413811, deviceId=0, source=0x1002 }
08-06 13:56:37.404 10861 10861 I Input   : injectMotionEvent: MotionEvent { action=ACTION_UP, actionButton=0, id[0]=0, x[0]=733.0, y[0]=1957.0, toolType[0]=TOOL_TYPE_UNKNOWN, buttonState=0, metaState=0, flags=0x0, edgeFlags=0x0, pointerCount=1, historySize=0, eventTime=885413811, downTime=885413811, deviceId=0, source=0x1002 }
08-06 13:56:37.405   918  6112 I ActivityManager: START u0 {cmp=baseline.appteam.nith.hillffair/.activities.ClubActivity (has extras)} from uid 10697 on display 0
08-06 13:56:37.411 10861 10861 D AndroidRuntime: Shutting down VM
08-06 13:56:37.437  5524  5524 I ServiceManager: Waiting for service AtCmdFwd...
08-06 13:56:37.514   918   936 I ActivityManager: Displayed baseline.appteam.nith.hillffair/.activities.ClubActivity: +102ms
08-06 13:56:37.514 13866 13866 I GoogleInputMethodServic: GoogleInputMethodService.onFinishInput():3138 
08-06 13:56:37.515 13866 13866 I GoogleInputMethodServic: GoogleInputMethodService.onStartInput():1808 
08-06 13:56:37.629  9672  9684 I art     : Starting a blocking GC Explicit
08-06 13:56:37.652  9672  9684 I art     : Explicit concurrent mark sweep GC freed 5300(333KB) AllocSpace objects, 1(20KB) LOS objects, 23% free, 52MB/68MB, paused 461us total 22.604ms
08-06 13:56:37.664  9672  9684 I art     : Starting a blocking GC Explicit
08-06 13:56:37.689  9672  9684 I art     : Explicit concurrent mark sweep GC freed 211(9KB) AllocSpace objects, 0(0B) LOS objects, 23% free, 52MB/68MB, paused 419us total 25.152ms
08-06 13:56:37.699  9672  9684 I art     : Starting a blocking GC Explicit
08-06 13:56:37.723  9672  9684 I art     : Explicit concurrent mark sweep GC freed 3(96B) AllocSpace objects, 0(0B) LOS objects, 23% free, 52MB/68MB, paused 413us total 23.561ms
08-06 13:56:37.733  9672  9684 I art     : Starting a blocking GC Explicit
08-06 13:56:37.756  9672  9684 I art     : Explicit concurrent mark sweep GC freed 3(96B) AllocSpace objects, 0(0B) LOS objects, 23% free, 52MB/68MB, paused 415us total 23.302ms
08-06 13:56:37.765  9672  9684 I art     : Starting a blocking GC Explicit
08-06 13:56:37.769   380   380 W SurfaceFlinger: couldn't log to binary event log: overflow.
08-06 13:56:37.785  9672  9684 I art     : Explicit concurrent mark sweep GC freed 3(96B) AllocSpace objects, 0(0B) LOS objects, 23% free, 52MB/68MB, paused 393us total 19.790ms
08-06 13:56:38.065  9672  9919 I art     : Starting a blocking GC Explicit
08-06 13:56:38.086  9672  9919 I art     : Explicit concurrent mark sweep GC freed 1474(85KB) AllocSpace objects, 1(20KB) LOS objects, 23% free, 52MB/68MB, paused 382us total 20.528ms
08-06 13:56:38.095  9672  9919 I art     : Starting a blocking GC Explicit
08-06 13:56:38.114  9672  9919 I art     : Explicit concurrent mark sweep GC freed 48(1664B) AllocSpace objects, 0(0B) LOS objects, 23% free, 52MB/68MB, paused 399us total 19.136ms
08-06 13:56:38.123  9672  9919 I art     : Starting a blocking GC Explicit
08-06 13:56:38.142  9672  9919 I art     : Explicit concurrent mark sweep GC freed 13(480B) AllocSpace objects, 0(0B) LOS objects, 23% free, 52MB/68MB, paused 405us total 19.247ms
08-06 13:56:38.151  9672  9919 I art     : Starting a blocking GC Explicit
08-06 13:56:38.170  9672  9919 I art     : Explicit concurrent mark sweep GC freed 10(352B) AllocSpace objects, 0(0B) LOS objects, 23% free, 52MB/68MB, paused 556us total 19.427ms
08-06 13:56:38.179  9672  9919 I art     : Starting a blocking GC Explicit
08-06 13:56:38.197  9672  9919 I art     : Explicit concurrent mark sweep GC freed 11(416B) AllocSpace objects, 0(0B) LOS objects, 23% free, 52MB/68MB, paused 446us total 17.835ms
08-06 13:56:38.277  9672 10885 D OkHttp  : --> GET https://api-hillfair-2k16.herokuapp.com/api/app/events/special/event?id=58065620dcba0f490c70fe09 http/1.1
08-06 13:56:38.308  9672 10885 D OkHttp  : <-- 200 OK https://api-hillfair-2k16.herokuapp.com/api/app/events/special/event?id=58065620dcba0f490c70fe09 (31ms, 682-byte body)
08-06 13:56:38.357  9672  9672 I NAPPA_EXPERIMENTATION: MetricNetworkRequestExecutionTime: REQUEST_DURATION_SYSTEM='917',REQUEST_DURATION_OKHTTP='31',REQUEST_SYNCHRONOUS='FALSE',RESPONSE_CODE='200',RESPONSE_METHOD='GET',RESPONSE_LENGTH_OKHTTP='682',RESPONSE_LENGTH_HEADER='682',REQUEST_PROTOCOL='http/1.1',REQUEST_URL='https://api-hillfair-2k16.herokuapp.com/api/app/events/special/event?id=58065620dcba0f490c70fe09',
08-06 13:56:38.438  5524  5524 I ServiceManager: Waiting for service AtCmdFwd...
08-06 13:56:38.479  9672  9760 I art     : Starting a blocking GC Explicit
08-06 13:56:38.502  9672  9760 I art     : Explicit concurrent mark sweep GC freed 4769(309KB) AllocSpace objects, 4(220KB) LOS objects, 23% free, 52MB/68MB, paused 486us total 21.907ms
08-06 13:56:38.512  9672  9760 I art     : Starting a blocking GC Explicit
08-06 13:56:38.532  9672  9760 I art     : Explicit concurrent mark sweep GC freed 1036(119KB) AllocSpace objects, 0(0B) LOS objects, 23% free, 52MB/68MB, paused 383us total 20.637ms
08-06 13:56:38.541  9672  9760 I art     : Starting a blocking GC Explicit
08-06 13:56:38.561  9672  9760 I art     : Explicit concurrent mark sweep GC freed 3(96B) AllocSpace objects, 0(0B) LOS objects, 23% free, 52MB/68MB, paused 373us total 19.066ms
08-06 13:56:38.569  9672  9760 I art     : Starting a blocking GC Explicit
08-06 13:56:38.588  9672  9760 I art     : Explicit concurrent mark sweep GC freed 3(96B) AllocSpace objects, 0(0B) LOS objects, 23% free, 52MB/68MB, paused 345us total 19.288ms
08-06 13:56:38.597  9672  9760 I art     : Starting a blocking GC Explicit
08-06 13:56:38.616  9672  9760 I art     : Explicit concurrent mark sweep GC freed 3(96B) AllocSpace objects, 0(0B) LOS objects, 23% free, 52MB/68MB, paused 417us total 18.999ms
08-06 13:56:38.896  9672  9684 I art     : Starting a blocking GC Explicit
08-06 13:56:38.917  9672  9684 I art     : Explicit concurrent mark sweep GC freed 1343(78KB) AllocSpace objects, 1(20KB) LOS objects, 23% free, 52MB/68MB, paused 531us total 21.160ms
08-06 13:56:38.929  9672  9684 I art     : Starting a blocking GC Explicit
08-06 13:56:38.953  9672  9684 I art     : Explicit concurrent mark sweep GC freed 36(1264B) AllocSpace objects, 0(0B) LOS objects, 23% free, 52MB/68MB, paused 392us total 22.791ms
08-06 13:56:38.961  9672  9684 I art     : Starting a blocking GC Explicit
08-06 13:56:38.982  9672  9684 I art     : Explicit concurrent mark sweep GC freed 3(96B) AllocSpace objects, 0(0B) LOS objects, 23% free, 52MB/68MB, paused 346us total 20.041ms
08-06 13:56:38.991  9672  9684 I art     : Starting a blocking GC Explicit
08-06 13:56:39.010  9672  9684 I art     : Explicit concurrent mark sweep GC freed 3(96B) AllocSpace objects, 0(0B) LOS objects, 23% free, 52MB/68MB, paused 391us total 19.514ms
08-06 13:56:39.019  9672  9684 I art     : Starting a blocking GC Explicit
08-06 13:56:39.039  9672  9684 I art     : Explicit concurrent mark sweep GC freed 3(96B) AllocSpace objects, 0(0B) LOS objects, 23% free, 52MB/68MB, paused 389us total 19.836ms
08-06 13:56:39.343  9672  9685 I art     : Starting a blocking GC Explicit
08-06 13:56:39.369  9672  9685 I art     : Explicit concurrent mark sweep GC freed 1343(78KB) AllocSpace objects, 1(20KB) LOS objects, 23% free, 52MB/68MB, paused 409us total 25.340ms
08-06 13:56:39.381  9672  9685 I art     : Starting a blocking GC Explicit
08-06 13:56:39.406  9672  9685 I art     : Explicit concurrent mark sweep GC freed 20(704B) AllocSpace objects, 0(0B) LOS objects, 23% free, 52MB/68MB, paused 533us total 25.217ms
08-06 13:56:39.417  9672  9685 I art     : Starting a blocking GC Explicit
08-06 13:56:39.438  9672  9685 I art     : Explicit concurrent mark sweep GC freed 3(96B) AllocSpace objects, 0(0B) LOS objects, 23% free, 52MB/68MB, paused 447us total 20.711ms
08-06 13:56:39.438  5524  5524 I ServiceManager: Waiting for service AtCmdFwd...
08-06 13:56:39.447  9672  9685 I art     : Starting a blocking GC Explicit
08-06 13:56:39.467  9672  9685 I art     : Explicit concurrent mark sweep GC freed 3(96B) AllocSpace objects, 0(0B) LOS objects, 23% free, 52MB/68MB, paused 444us total 20.029ms
08-06 13:56:39.475  9672  9685 I art     : Starting a blocking GC Explicit
08-06 13:56:39.495  9672  9685 I art     : Explicit concurrent mark sweep GC freed 3(96B) AllocSpace objects, 0(0B) LOS objects, 23% free, 52MB/68MB, paused 358us total 19.462ms
08-06 13:56:39.798  9672  9760 I art     : Starting a blocking GC Explicit
08-06 13:56:39.818  9672  9760 I art     : Explicit concurrent mark sweep GC freed 1343(78KB) AllocSpace objects, 1(20KB) LOS objects, 23% free, 52MB/68MB, paused 374us total 20.017ms
08-06 13:56:39.827  9672  9760 I art     : Starting a blocking GC Explicit
08-06 13:56:39.847  9672  9760 I art     : Explicit concurrent mark sweep GC freed 20(704B) AllocSpace objects, 0(0B) LOS objects, 23% free, 52MB/68MB, paused 413us total 19.277ms
08-06 13:56:39.855  9672  9760 I art     : Starting a blocking GC Explicit
08-06 13:56:39.874  9672  9760 I art     : Explicit concurrent mark sweep GC freed 3(96B) AllocSpace objects, 0(0B) LOS objects, 23% free, 52MB/68MB, paused 374us total 18.906ms
08-06 13:56:39.882  9672  9760 I art     : Starting a blocking GC Explicit
08-06 13:56:39.902  9672  9760 I art     : Explicit concurrent mark sweep GC freed 3(96B) AllocSpace objects, 0(0B) LOS objects, 23% free, 52MB/68MB, paused 381us total 19.161ms
08-06 13:56:39.910  9672  9760 I art     : Starting a blocking GC Explicit
08-06 13:56:39.929  9672  9760 I art     : Explicit concurrent mark sweep GC freed 3(96B) AllocSpace objects, 0(0B) LOS objects, 23% free, 52MB/68MB, paused 380us total 18.923ms
08-06 13:56:40.098 10941 10941 D AndroidRuntime: >>>>>> START com.android.internal.os.RuntimeInit uid 2000 <<<<<<
08-06 13:56:40.103 10941 10941 D AndroidRuntime: CheckJNI is OFF
08-06 13:56:40.134 10941 10941 D ICU     : No timezone override file found: /data/misc/zoneinfo/current/icu/icu_tzdata.dat
08-06 13:56:40.166 10941 10941 I Radio-JNI: register_android_hardware_Radio DONE
08-06 13:56:40.187 10941 10941 D AndroidRuntime: Calling main entry com.android.commands.input.Input
08-06 13:56:40.189 10941 10941 I Input   : injectKeyEvent: KeyEvent { action=ACTION_DOWN, keyCode=KEYCODE_BACK, scanCode=0, metaState=0, flags=0x0, repeatCount=0, eventTime=885416602, downTime=885416602, deviceId=-1, source=0x101 }
08-06 13:56:40.193 10941 10941 I Input   : injectKeyEvent: KeyEvent { action=ACTION_UP, keyCode=KEYCODE_BACK, scanCode=0, metaState=0, flags=0x0, repeatCount=0, eventTime=885416602, downTime=885416602, deviceId=-1, source=0x101 }
08-06 13:56:40.199 10941 10941 D AndroidRuntime: Shutting down VM
08-06 13:56:40.223  9672  9760 I art     : Starting a blocking GC Explicit
08-06 13:56:40.230 13866 13866 I GoogleInputMethodServic: GoogleInputMethodService.onFinishInput():3138 
08-06 13:56:40.230 13866 13866 I GoogleInputMethodServic: GoogleInputMethodService.onStartInput():1808 
08-06 13:56:40.244  9672  9760 I art     : Explicit concurrent mark sweep GC freed 1506(85KB) AllocSpace objects, 1(20KB) LOS objects, 23% free, 52MB/68MB, paused 375us total 20.751ms
08-06 13:56:40.253  9672  9760 I art     : Starting a blocking GC Explicit
08-06 13:56:40.271  9672  9760 I art     : Explicit concurrent mark sweep GC freed 30(1040B) AllocSpace objects, 0(0B) LOS objects, 23% free, 52MB/68MB, paused 374us total 17.546ms
08-06 13:56:40.280  9672  9760 I art     : Starting a blocking GC Explicit
08-06 13:56:40.297  9672  9760 I art     : Explicit concurrent mark sweep GC freed 6(224B) AllocSpace objects, 0(0B) LOS objects, 23% free, 52MB/68MB, paused 343us total 16.607ms
08-06 13:56:40.304  9672  9760 I art     : Starting a blocking GC Explicit
08-06 13:56:40.322  9672  9760 I art     : Explicit concurrent mark sweep GC freed 3(96B) AllocSpace objects, 0(0B) LOS objects, 23% free, 52MB/68MB, paused 375us total 16.873ms
08-06 13:56:40.330  9672  9760 I art     : Starting a blocking GC Explicit
08-06 13:56:40.348  9672  9760 I art     : Explicit concurrent mark sweep GC freed 3(96B) AllocSpace objects, 0(0B) LOS objects, 23% free, 52MB/68MB, paused 327us total 18.192ms
08-06 13:56:40.439  5524  5524 W Atfwd_Sendcmd: AtCmdFwd service not published, waiting... retryCnt : 4
08-06 13:56:40.522   380   380 W SurfaceFlinger: couldn't log to binary event log: overflow.
08-06 13:56:40.606  9672  9760 I art     : Starting a blocking GC Explicit
08-06 13:56:40.625  9672  9760 I art     : Explicit concurrent mark sweep GC freed 1452(87KB) AllocSpace objects, 1(20KB) LOS objects, 23% free, 52MB/68MB, paused 369us total 18.913ms
08-06 13:56:40.635  9672  9760 I art     : Starting a blocking GC Explicit
08-06 13:56:40.654  9672  9760 I art     : Explicit concurrent mark sweep GC freed 1672(106KB) AllocSpace objects, 3(400KB) LOS objects, 23% free, 52MB/68MB, paused 422us total 19.057ms
08-06 13:56:40.664  9672  9760 I art     : Starting a blocking GC Explicit
08-06 13:56:40.682  9672  9760 I art     : Explicit concurrent mark sweep GC freed 3(96B) AllocSpace objects, 0(0B) LOS objects, 23% free, 52MB/68MB, paused 366us total 17.394ms
08-06 13:56:40.689  9672  9760 I art     : Starting a blocking GC Explicit
08-06 13:56:40.707  9672  9760 I art     : Explicit concurrent mark sweep GC freed 3(96B) AllocSpace objects, 0(0B) LOS objects, 23% free, 52MB/68MB, paused 422us total 17.349ms
08-06 13:56:40.714  9672  9760 I art     : Starting a blocking GC Explicit
08-06 13:56:40.732  9672  9760 I art     : Explicit concurrent mark sweep GC freed 3(96B) AllocSpace objects, 0(0B) LOS objects, 23% free, 52MB/68MB, paused 369us total 17.415ms
08-06 13:56:41.012  9672  9685 I art     : Starting a blocking GC Explicit
08-06 13:56:41.033  9672  9685 I art     : Explicit concurrent mark sweep GC freed 1343(78KB) AllocSpace objects, 1(20KB) LOS objects, 23% free, 52MB/68MB, paused 390us total 20.259ms
08-06 13:56:41.041  9672  9685 I art     : Starting a blocking GC Explicit
08-06 13:56:41.060  9672  9685 I art     : Explicit concurrent mark sweep GC freed 20(704B) AllocSpace objects, 0(0B) LOS objects, 23% free, 52MB/68MB, paused 387us total 18.830ms
08-06 13:56:41.069  9672  9685 I art     : Starting a blocking GC Explicit
08-06 13:56:41.089  9672  9685 I art     : Explicit concurrent mark sweep GC freed 3(96B) AllocSpace objects, 0(0B) LOS objects, 23% free, 52MB/68MB, paused 376us total 19.739ms
08-06 13:56:41.098  9672  9685 I art     : Starting a blocking GC Explicit
08-06 13:56:41.118  9672  9685 I art     : Explicit concurrent mark sweep GC freed 3(96B) AllocSpace objects, 0(0B) LOS objects, 23% free, 52MB/68MB, paused 387us total 19.971ms
08-06 13:56:41.127  9672  9685 I art     : Starting a blocking GC Explicit
08-06 13:56:41.146  9672  9685 I art     : Explicit concurrent mark sweep GC freed 3(96B) AllocSpace objects, 0(0B) LOS objects, 23% free, 52MB/68MB, paused 378us total 19.191ms
08-06 13:56:41.303   918  3188 I hubconnection: sensorhub said: 'set_bias 3: -5.3568, 0.0000, 0.0000'
08-06 13:56:41.427  9672 10490 I art     : Starting a blocking GC Explicit
08-06 13:56:41.450  9672 10490 I art     : Explicit concurrent mark sweep GC freed 1342(78KB) AllocSpace objects, 1(20KB) LOS objects, 23% free, 52MB/68MB, paused 409us total 22.743ms
08-06 13:56:41.459  9672 10490 I art     : Starting a blocking GC Explicit
08-06 13:56:41.477  9672 10490 I art     : Explicit concurrent mark sweep GC freed 20(704B) AllocSpace objects, 0(0B) LOS objects, 23% free, 52MB/68MB, paused 416us total 17.453ms
08-06 13:56:41.484  9672 10490 I art     : Starting a blocking GC Explicit
08-06 13:56:41.502  9672 10490 I art     : Explicit concurrent mark sweep GC freed 3(96B) AllocSpace objects, 0(0B) LOS objects, 23% free, 52MB/68MB, paused 367us total 17.374ms
08-06 13:56:41.510  9672 10490 I art     : Starting a blocking GC Explicit
08-06 13:56:41.528  9672 10490 I art     : Explicit concurrent mark sweep GC freed 3(96B) AllocSpace objects, 0(0B) LOS objects, 23% free, 52MB/68MB, paused 375us total 18.005ms
08-06 13:56:41.536  9672 10490 I art     : Starting a blocking GC Explicit
08-06 13:56:41.554  9672 10490 I art     : Explicit concurrent mark sweep GC freed 3(96B) AllocSpace objects, 0(0B) LOS objects, 23% free, 52MB/68MB, paused 378us total 18.342ms
08-06 13:56:41.825  9672  9684 I art     : Starting a blocking GC Explicit
08-06 13:56:41.849  9672  9684 I art     : Explicit concurrent mark sweep GC freed 1342(78KB) AllocSpace objects, 1(20KB) LOS objects, 23% free, 52MB/68MB, paused 426us total 23.555ms
08-06 13:56:41.860  9672  9684 I art     : Starting a blocking GC Explicit
08-06 13:56:41.868 11002 11002 D AndroidRuntime: >>>>>> START com.android.internal.os.RuntimeInit uid 2000 <<<<<<
08-06 13:56:41.873 11002 11002 D AndroidRuntime: CheckJNI is OFF
08-06 13:56:41.881  9672  9684 I art     : Explicit concurrent mark sweep GC freed 20(704B) AllocSpace objects, 0(0B) LOS objects, 23% free, 52MB/68MB, paused 395us total 20.164ms
08-06 13:56:41.889  9672  9684 I art     : Starting a blocking GC Explicit
08-06 13:56:41.907  9672  9684 I art     : Explicit concurrent mark sweep GC freed 3(96B) AllocSpace objects, 0(0B) LOS objects, 23% free, 52MB/68MB, paused 399us total 17.849ms
08-06 13:56:41.908 11002 11002 D ICU     : No timezone override file found: /data/misc/zoneinfo/current/icu/icu_tzdata.dat
08-06 13:56:41.915  9672  9684 I art     : Starting a blocking GC Explicit
08-06 13:56:41.934  9672  9684 I art     : Explicit concurrent mark sweep GC freed 3(96B) AllocSpace objects, 0(0B) LOS objects, 23% free, 52MB/68MB, paused 411us total 18.436ms
08-06 13:56:41.942  9672  9684 I art     : Starting a blocking GC Explicit
08-06 13:56:41.943 11002 11002 I Radio-JNI: register_android_hardware_Radio DONE
08-06 13:56:41.961  9672  9684 I art     : Explicit concurrent mark sweep GC freed 3(96B) AllocSpace objects, 0(0B) LOS objects, 23% free, 52MB/68MB, paused 372us total 18.670ms
08-06 13:56:41.965   518   646 I ThermalEngine: ACTION: GPU - Setting GPU[0] to 450000000
08-06 13:56:41.965 11002 11002 D AndroidRuntime: Calling main entry com.android.commands.input.Input
08-06 13:56:41.970 11002 11002 I Input   : injectMotionEvent: MotionEvent { action=ACTION_DOWN, actionButton=0, id[0]=0, x[0]=733.0, y[0]=645.0, toolType[0]=TOOL_TYPE_UNKNOWN, buttonState=0, metaState=0, flags=0x0, edgeFlags=0x0, pointerCount=1, historySize=0, eventTime=885418382, downTime=885418382, deviceId=0, source=0x1002 }
08-06 13:56:41.976 11002 11002 I Input   : injectMotionEvent: MotionEvent { action=ACTION_UP, actionButton=0, id[0]=0, x[0]=733.0, y[0]=645.0, toolType[0]=TOOL_TYPE_UNKNOWN, buttonState=0, metaState=0, flags=0x0, edgeFlags=0x0, pointerCount=1, historySize=0, eventTime=885418382, downTime=885418382, deviceId=0, source=0x1002 }
08-06 13:56:41.977   918  3714 I ActivityManager: START u0 {cmp=baseline.appteam.nith.hillffair/.activities.ClubActivity (has extras)} from uid 10697 on display 0
08-06 13:56:41.987 11002 11002 D AndroidRuntime: Shutting down VM
08-06 13:56:42.081 13866 13866 I GoogleInputMethodServic: GoogleInputMethodService.onFinishInput():3138 
08-06 13:56:42.081   918   936 I ActivityManager: Displayed baseline.appteam.nith.hillffair/.activities.ClubActivity: +93ms
08-06 13:56:42.081 13866 13866 I GoogleInputMethodServic: GoogleInputMethodService.onStartInput():1808 
08-06 13:56:42.218   918  3261 D WifiStateMachine: starting scan for "H369AA63323"WPA_PSK with 2412,5180
08-06 13:56:42.235  9672  9684 I art     : Starting a blocking GC Explicit
08-06 13:56:42.265  9672  9684 I art     : Explicit concurrent mark sweep GC freed 5289(331KB) AllocSpace objects, 1(20KB) LOS objects, 23% free, 52MB/68MB, paused 575us total 29.908ms
08-06 13:56:42.277  9672  9684 I art     : Starting a blocking GC Explicit
08-06 13:56:42.305  9672  9684 I art     : Explicit concurrent mark sweep GC freed 211(9KB) AllocSpace objects, 0(0B) LOS objects, 23% free, 52MB/68MB, paused 570us total 27.444ms
08-06 13:56:42.318  9672  9684 I art     : Starting a blocking GC Explicit
08-06 13:56:42.324   380   380 W SurfaceFlinger: couldn't log to binary event log: overflow.
08-06 13:56:42.345  9672  9684 I art     : Explicit concurrent mark sweep GC freed 3(96B) AllocSpace objects, 0(0B) LOS objects, 23% free, 52MB/68MB, paused 533us total 26.742ms
08-06 13:56:42.355  9672  9684 I art     : Starting a blocking GC Explicit
08-06 13:56:42.378  9672  9684 I art     : Explicit concurrent mark sweep GC freed 3(96B) AllocSpace objects, 0(0B) LOS objects, 23% free, 52MB/68MB, paused 528us total 22.139ms
08-06 13:56:42.388  9672  9684 I art     : Starting a blocking GC Explicit
08-06 13:56:42.411  9672  9684 I art     : Explicit concurrent mark sweep GC freed 3(96B) AllocSpace objects, 0(0B) LOS objects, 23% free, 52MB/68MB, paused 532us total 22.684ms
08-06 13:56:42.411  9672  9683 I art     : WaitForGcToComplete blocked for 22.964ms for cause HeapTrim
08-06 13:56:42.586  9672 11026 D OkHttp  : --> GET https://api-hillfair-2k16.herokuapp.com/api/app/events/special/event?id=5806551bdcba0f490c70fd1f http/1.1
08-06 13:56:42.621  9672 11026 D OkHttp  : <-- 200 OK https://api-hillfair-2k16.herokuapp.com/api/app/events/special/event?id=5806551bdcba0f490c70fd1f (35ms, 795-byte body)
08-06 13:56:42.676  9672  9672 I NAPPA_EXPERIMENTATION: MetricNetworkRequestExecutionTime: REQUEST_DURATION_SYSTEM='659',REQUEST_DURATION_OKHTTP='35',REQUEST_SYNCHRONOUS='FALSE',RESPONSE_CODE='200',RESPONSE_METHOD='GET',RESPONSE_LENGTH_OKHTTP='795',RESPONSE_LENGTH_HEADER='795',REQUEST_PROTOCOL='http/1.1',REQUEST_URL='https://api-hillfair-2k16.herokuapp.com/api/app/events/special/event?id=5806551bdcba0f490c70fd1f',
08-06 13:56:42.698  9672  9760 I art     : Starting a blocking GC Explicit
08-06 13:56:42.728  9672  9760 I art     : Explicit concurrent mark sweep GC freed 4873(316KB) AllocSpace objects, 4(220KB) LOS objects, 23% free, 52MB/68MB, paused 581us total 28.895ms
08-06 13:56:42.740  9672  9760 I art     : Starting a blocking GC Explicit
08-06 13:56:42.765  9672  9760 I art     : Explicit concurrent mark sweep GC freed 1044(119KB) AllocSpace objects, 0(0B) LOS objects, 23% free, 52MB/68MB, paused 492us total 24.238ms
08-06 13:56:42.776  9672  9760 I art     : Starting a blocking GC Explicit
08-06 13:56:42.802  9672  9760 I art     : Explicit concurrent mark sweep GC freed 3(96B) AllocSpace objects, 0(0B) LOS objects, 23% free, 52MB/68MB, paused 526us total 25.731ms
08-06 13:56:42.813  9672  9760 I art     : Starting a blocking GC Explicit
08-06 13:56:42.838  9672  9760 I art     : Explicit concurrent mark sweep GC freed 3(96B) AllocSpace objects, 0(0B) LOS objects, 23% free, 52MB/68MB, paused 557us total 24.814ms
08-06 13:56:42.848  9672  9760 I art     : Starting a blocking GC Explicit
08-06 13:56:42.873  9672  9760 I art     : Explicit concurrent mark sweep GC freed 3(96B) AllocSpace objects, 0(0B) LOS objects, 23% free, 52MB/68MB, paused 520us total 24.508ms
08-06 13:56:43.164  9672  9919 I art     : Starting a blocking GC Explicit
08-06 13:56:43.190  9672  9919 I art     : Explicit concurrent mark sweep GC freed 1343(78KB) AllocSpace objects, 1(20KB) LOS objects, 23% free, 52MB/68MB, paused 529us total 25.627ms
08-06 13:56:43.201  9672  9919 I art     : Starting a blocking GC Explicit
08-06 13:56:43.231  9672  9919 I art     : Explicit concurrent mark sweep GC freed 36(1264B) AllocSpace objects, 0(0B) LOS objects, 23% free, 52MB/68MB, paused 505us total 29.460ms
08-06 13:56:43.242  9672  9919 I art     : Starting a blocking GC Explicit
08-06 13:56:43.268  9672  9919 I art     : Explicit concurrent mark sweep GC freed 3(96B) AllocSpace objects, 0(0B) LOS objects, 23% free, 52MB/68MB, paused 560us total 25.834ms
08-06 13:56:43.279  9672  9919 I art     : Starting a blocking GC Explicit
08-06 13:56:43.305  9672  9919 I art     : Explicit concurrent mark sweep GC freed 3(96B) AllocSpace objects, 0(0B) LOS objects, 23% free, 52MB/68MB, paused 535us total 25.808ms
08-06 13:56:43.316  9672  9919 I art     : Starting a blocking GC Explicit
08-06 13:56:43.343  9672  9919 I art     : Explicit concurrent mark sweep GC freed 3(96B) AllocSpace objects, 0(0B) LOS objects, 23% free, 52MB/68MB, paused 502us total 26ms
08-06 13:56:43.650  9672 10490 I art     : Starting a blocking GC Explicit
08-06 13:56:43.685  9672 10490 I art     : Explicit concurrent mark sweep GC freed 1343(78KB) AllocSpace objects, 1(20KB) LOS objects, 23% free, 52MB/68MB, paused 568us total 34.444ms
08-06 13:56:43.701  9672 10490 I art     : Starting a blocking GC Explicit
08-06 13:56:43.729  9672 10490 I art     : Explicit concurrent mark sweep GC freed 20(704B) AllocSpace objects, 0(0B) LOS objects, 23% free, 52MB/68MB, paused 561us total 27.861ms
08-06 13:56:43.741  9672 10490 I art     : Starting a blocking GC Explicit
08-06 13:56:43.769  9672 10490 I art     : Explicit concurrent mark sweep GC freed 3(96B) AllocSpace objects, 0(0B) LOS objects, 23% free, 52MB/68MB, paused 504us total 27.806ms
08-06 13:56:43.780  9672 10490 I art     : Starting a blocking GC Explicit
08-06 13:56:43.809  9672 10490 I art     : Explicit concurrent mark sweep GC freed 3(96B) AllocSpace objects, 0(0B) LOS objects, 23% free, 52MB/68MB, paused 531us total 28.243ms
08-06 13:56:43.820  9672 10490 I art     : Starting a blocking GC Explicit
08-06 13:56:43.847  9672 10490 I art     : Explicit concurrent mark sweep GC freed 3(96B) AllocSpace objects, 0(0B) LOS objects, 23% free, 52MB/68MB, paused 521us total 26.716ms
08-06 13:56:44.013   918  1209 D NetworkMonitor/NetworkAgentInfo [WIFI () - 159]: Checking http://connectivitycheck.gstatic.com/generate_204 on "H369AA63323", 192.168.2.12=192.168.2.12
08-06 13:56:44.108   918  1209 D NetworkMonitor/NetworkAgentInfo [WIFI () - 159]: Probably not a portal: exception java.io.IOException: unexpected end of stream on Connection{connectivitycheck.gstatic.com:80, proxy=HTTP@/192.168.2.12:8080 hostAddress=192.168.2.12 cipherSuite=none protocol=http/1.1} (recycle count=0)
08-06 13:56:44.109   918  3263 D ConnectivityService: NetworkAgentInfo [WIFI () - 159] validation failed
08-06 13:56:44.110   918  3261 E WifiConfigStore:  rewrite network history for "H369AA63323"WPA_PSK
08-06 13:56:44.180  9672  9685 I art     : Starting a blocking GC Explicit
08-06 13:56:44.213  9672  9685 I art     : Explicit concurrent mark sweep GC freed 1343(78KB) AllocSpace objects, 1(20KB) LOS objects, 23% free, 52MB/68MB, paused 580us total 32.756ms
08-06 13:56:44.226  9672  9685 I art     : Starting a blocking GC Explicit
08-06 13:56:44.254  9672  9685 I art     : Explicit concurrent mark sweep GC freed 20(704B) AllocSpace objects, 0(0B) LOS objects, 23% free, 52MB/68MB, paused 548us total 27.390ms
08-06 13:56:44.265  9672  9685 I art     : Starting a blocking GC Explicit
08-06 13:56:44.294  9672  9685 I art     : Explicit concurrent mark sweep GC freed 3(96B) AllocSpace objects, 0(0B) LOS objects, 23% free, 52MB/68MB, paused 526us total 28.098ms
08-06 13:56:44.305  9672  9685 I art     : Starting a blocking GC Explicit
08-06 13:56:44.331  9672  9685 I art     : Explicit concurrent mark sweep GC freed 3(96B) AllocSpace objects, 0(0B) LOS objects, 23% free, 52MB/68MB, paused 518us total 26.360ms
08-06 13:56:44.343  9672  9685 I art     : Starting a blocking GC Explicit
08-06 13:56:44.370  9672  9685 I art     : Explicit concurrent mark sweep GC freed 3(96B) AllocSpace objects, 0(0B) LOS objects, 23% free, 52MB/68MB, paused 538us total 26.705ms
08-06 13:56:44.693  9672  9760 I art     : Starting a blocking GC Explicit
08-06 13:56:44.725  9672  9760 I art     : Explicit concurrent mark sweep GC freed 1343(78KB) AllocSpace objects, 1(20KB) LOS objects, 23% free, 52MB/68MB, paused 572us total 31.991ms
08-06 13:56:44.740  9672  9760 I art     : Starting a blocking GC Explicit
08-06 13:56:44.769  9672  9760 I art     : Explicit concurrent mark sweep GC freed 20(704B) AllocSpace objects, 0(0B) LOS objects, 23% free, 52MB/68MB, paused 550us total 28.465ms
08-06 13:56:44.780  9672  9760 I art     : Starting a blocking GC Explicit
08-06 13:56:44.809  9672  9760 I art     : Explicit concurrent mark sweep GC freed 3(96B) AllocSpace objects, 0(0B) LOS objects, 23% free, 52MB/68MB, paused 549us total 28.446ms
08-06 13:56:44.820  9672  9760 I art     : Starting a blocking GC Explicit
08-06 13:56:44.847  9672  9760 I art     : Explicit concurrent mark sweep GC freed 3(96B) AllocSpace objects, 0(0B) LOS objects, 23% free, 52MB/68MB, paused 525us total 26.351ms
08-06 13:56:44.858  9672  9760 I art     : Starting a blocking GC Explicit
08-06 13:56:44.885  9672  9760 I art     : Explicit concurrent mark sweep GC freed 3(96B) AllocSpace objects, 0(0B) LOS objects, 23% free, 52MB/68MB, paused 532us total 27.203ms
08-06 13:56:45.218  9672  9684 I art     : Starting a blocking GC Explicit
08-06 13:56:45.251  9672  9684 I art     : Explicit concurrent mark sweep GC freed 1343(78KB) AllocSpace objects, 1(20KB) LOS objects, 23% free, 52MB/68MB, paused 567us total 32.527ms
08-06 13:56:45.264  9672  9684 I art     : Starting a blocking GC Explicit
08-06 13:56:45.291  9672  9684 I art     : Explicit concurrent mark sweep GC freed 20(704B) AllocSpace objects, 0(0B) LOS objects, 23% free, 52MB/68MB, paused 554us total 26.684ms
08-06 13:56:45.302  9672  9684 I art     : Starting a blocking GC Explicit
08-06 13:56:45.330  9672  9684 I art     : Explicit concurrent mark sweep GC freed 3(96B) AllocSpace objects, 0(0B) LOS objects, 23% free, 52MB/68MB, paused 529us total 27.170ms
08-06 13:56:45.341  9672  9684 I art     : Starting a blocking GC Explicit
08-06 13:56:45.368  9672  9684 I art     : Explicit concurrent mark sweep GC freed 3(96B) AllocSpace objects, 0(0B) LOS objects, 23% free, 52MB/68MB, paused 586us total 26.747ms
08-06 13:56:45.379  9672  9684 I art     : Starting a blocking GC Explicit
08-06 13:56:45.407  9672  9684 I art     : Explicit concurrent mark sweep GC freed 3(96B) AllocSpace objects, 0(0B) LOS objects, 23% free, 52MB/68MB, paused 707us total 28.112ms
08-06 13:56:45.740  9672  9919 I art     : Starting a blocking GC Explicit
08-06 13:56:45.772  9672  9919 I art     : Explicit concurrent mark sweep GC freed 1343(78KB) AllocSpace objects, 1(20KB) LOS objects, 23% free, 52MB/68MB, paused 577us total 31.655ms
08-06 13:56:45.785  9672  9919 I art     : Starting a blocking GC Explicit
08-06 13:56:45.814  9672  9919 I art     : Explicit concurrent mark sweep GC freed 20(704B) AllocSpace objects, 0(0B) LOS objects, 23% free, 52MB/68MB, paused 554us total 28.620ms
08-06 13:56:45.825  9672  9919 I art     : Starting a blocking GC Explicit
08-06 13:56:45.852  9672  9919 I art     : Explicit concurrent mark sweep GC freed 3(96B) AllocSpace objects, 0(0B) LOS objects, 23% free, 52MB/68MB, paused 544us total 26.391ms
08-06 13:56:45.863  9672  9919 I art     : Starting a blocking GC Explicit
08-06 13:56:45.891  9672  9919 I art     : Explicit concurrent mark sweep GC freed 3(96B) AllocSpace objects, 0(0B) LOS objects, 23% free, 52MB/68MB, paused 537us total 27.786ms
08-06 13:56:45.902  9672  9919 I art     : Starting a blocking GC Explicit
08-06 13:56:45.931  9672  9919 I art     : Explicit concurrent mark sweep GC freed 3(96B) AllocSpace objects, 0(0B) LOS objects, 23% free, 52MB/68MB, paused 543us total 28.392ms
08-06 13:56:45.973   518   646 I ThermalEngine: ACTION: GPU - Setting GPU[0] to 510000000
08-06 13:56:46.253  9672 10490 I art     : Starting a blocking GC Explicit
08-06 13:56:46.274  9672 10490 I art     : Explicit concurrent mark sweep GC freed 1343(78KB) AllocSpace objects, 1(20KB) LOS objects, 23% free, 52MB/68MB, paused 464us total 20.609ms
08-06 13:56:46.283  9672 10490 I art     : Starting a blocking GC Explicit
08-06 13:56:46.303  9672 10490 I art     : Explicit concurrent mark sweep GC freed 20(704B) AllocSpace objects, 0(0B) LOS objects, 23% free, 52MB/68MB, paused 417us total 20.579ms
08-06 13:56:46.312  9672 10490 I art     : Starting a blocking GC Explicit
08-06 13:56:46.332  9672 10490 I art     : Explicit concurrent mark sweep GC freed 3(96B) AllocSpace objects, 0(0B) LOS objects, 23% free, 52MB/68MB, paused 412us total 19.603ms
08-06 13:56:46.340  9672 10490 I art     : Starting a blocking GC Explicit
08-06 13:56:46.360  9672 10490 I art     : Explicit concurrent mark sweep GC freed 3(96B) AllocSpace objects, 0(0B) LOS objects, 23% free, 52MB/68MB, paused 388us total 19.613ms
08-06 13:56:46.368  9672 10490 I art     : Starting a blocking GC Explicit
08-06 13:56:46.388  9672 10490 I art     : Explicit concurrent mark sweep GC freed 3(96B) AllocSpace objects, 0(0B) LOS objects, 23% free, 52MB/68MB, paused 420us total 19.358ms
08-06 13:56:46.631 11121 11121 D AndroidRuntime: >>>>>> START com.android.internal.os.RuntimeInit uid 2000 <<<<<<
08-06 13:56:46.636 11121 11121 D AndroidRuntime: CheckJNI is OFF
08-06 13:56:46.671 11121 11121 D ICU     : No timezone override file found: /data/misc/zoneinfo/current/icu/icu_tzdata.dat
08-06 13:56:46.675  9672  9685 I art     : Starting a blocking GC Explicit
08-06 13:56:46.696  9672  9685 I art     : Explicit concurrent mark sweep GC freed 1343(78KB) AllocSpace objects, 1(20KB) LOS objects, 23% free, 52MB/68MB, paused 424us total 20.424ms
08-06 13:56:46.705  9672  9685 I art     : Starting a blocking GC Explicit
08-06 13:56:46.706 11121 11121 I Radio-JNI: register_android_hardware_Radio DONE
08-06 13:56:46.725  9672  9685 I art     : Explicit concurrent mark sweep GC freed 20(704B) AllocSpace objects, 0(0B) LOS objects, 23% free, 52MB/68MB, paused 405us total 19.872ms
08-06 13:56:46.728 11121 11121 D AndroidRuntime: Calling main entry com.android.commands.input.Input
08-06 13:56:46.730 11121 11121 I Input   : injectKeyEvent: KeyEvent { action=ACTION_DOWN, keyCode=KEYCODE_BACK, scanCode=0, metaState=0, flags=0x0, repeatCount=0, eventTime=885423143, downTime=885423143, deviceId=-1, source=0x101 }
08-06 13:56:46.733  9672  9685 I art     : Starting a blocking GC Explicit
08-06 13:56:46.738 11121 11121 I Input   : injectKeyEvent: KeyEvent { action=ACTION_UP, keyCode=KEYCODE_BACK, scanCode=0, metaState=0, flags=0x0, repeatCount=0, eventTime=885423143, downTime=885423143, deviceId=-1, source=0x101 }
08-06 13:56:46.744 11121 11121 D AndroidRuntime: Shutting down VM
08-06 13:56:46.752  9672  9685 I art     : Explicit concurrent mark sweep GC freed 130(5KB) AllocSpace objects, 0(0B) LOS objects, 23% free, 52MB/68MB, paused 465us total 19.183ms
08-06 13:56:46.761  9672  9685 I art     : Starting a blocking GC Explicit
08-06 13:56:46.779  9672  9685 I art     : Explicit concurrent mark sweep GC freed 17(624B) AllocSpace objects, 0(0B) LOS objects, 23% free, 52MB/68MB, paused 384us total 18.252ms
08-06 13:56:46.787  9672  9685 I art     : Starting a blocking GC Explicit
08-06 13:56:46.788 13866 13866 I GoogleInputMethodServic: GoogleInputMethodService.onFinishInput():3138 
08-06 13:56:46.788 13866 13866 I GoogleInputMethodServic: GoogleInputMethodService.onStartInput():1808 
08-06 13:56:46.805  9672  9685 I art     : Explicit concurrent mark sweep GC freed 29(1104B) AllocSpace objects, 0(0B) LOS objects, 23% free, 52MB/68MB, paused 383us total 17.466ms
08-06 13:56:47.073  9672  9760 I art     : Starting a blocking GC Explicit
08-06 13:56:47.094  9672  9760 I art     : Explicit concurrent mark sweep GC freed 1352(78KB) AllocSpace objects, 1(20KB) LOS objects, 23% free, 52MB/68MB, paused 408us total 20.070ms
08-06 13:56:47.095   380   380 W SurfaceFlinger: couldn't log to binary event log: overflow.
08-06 13:56:47.105  9672  9760 I art     : Starting a blocking GC Explicit
08-06 13:56:47.125  9672  9760 I art     : Explicit concurrent mark sweep GC freed 129(9KB) AllocSpace objects, 0(0B) LOS objects, 23% free, 52MB/68MB, paused 452us total 19.576ms
08-06 13:56:47.133  9672  9760 I art     : Starting a blocking GC Explicit
08-06 13:56:47.151  9672  9760 I art     : Explicit concurrent mark sweep GC freed 1655(107KB) AllocSpace objects, 3(400KB) LOS objects, 23% free, 52MB/68MB, paused 383us total 18.150ms
08-06 13:56:47.159  9672  9760 I art     : Starting a blocking GC Explicit
08-06 13:56:47.177  9672  9760 I art     : Explicit concurrent mark sweep GC freed 3(96B) AllocSpace objects, 0(0B) LOS objects, 23% free, 52MB/68MB, paused 435us total 18.137ms
08-06 13:56:47.186  9672  9760 I art     : Starting a blocking GC Explicit
08-06 13:56:47.205  9672  9760 I art     : Explicit concurrent mark sweep GC freed 3(96B) AllocSpace objects, 0(0B) LOS objects, 23% free, 52MB/68MB, paused 371us total 19.209ms
08-06 13:56:47.495  9672  9684 I art     : Starting a blocking GC Explicit
08-06 13:56:47.518  9672  9684 I art     : Explicit concurrent mark sweep GC freed 1633(95KB) AllocSpace objects, 1(20KB) LOS objects, 23% free, 52MB/68MB, paused 525us total 23.049ms
08-06 13:56:47.530  9672  9684 I art     : Starting a blocking GC Explicit
08-06 13:56:47.551  9672  9684 I art     : Explicit concurrent mark sweep GC freed 1852(73KB) AllocSpace objects, 0(0B) LOS objects, 23% free, 52MB/68MB, paused 482us total 20.783ms
08-06 13:56:47.559  9672  9684 I art     : Starting a blocking GC Explicit
08-06 13:56:47.580  9672  9684 I art     : Explicit concurrent mark sweep GC freed 97(3KB) AllocSpace objects, 0(0B) LOS objects, 23% free, 52MB/68MB, paused 506us total 20.305ms
08-06 13:56:47.588  9672  9684 I art     : Starting a blocking GC Explicit
08-06 13:56:47.593  9672 11165 W OneSignal: OneSignalRestClient: POST Error thrown from network stack. 
08-06 13:56:47.593  9672 11165 W OneSignal: java.io.IOException: unexpected end of stream on Connection{api.onesignal.com:443, proxy=HTTP@192.168.2.12:8080 hostAddress=192.168.2.12 cipherSuite=TLS_ECDHE_RSA_WITH_AES_128_GCM_SHA256 protocol=http/1.1} (recycle count=0)
08-06 13:56:47.593  9672 11165 W OneSignal: 	at com.android.okhttp.internal.http.HttpConnection.readResponse(HttpConnection.java:210)
08-06 13:56:47.593  9672 11165 W OneSignal: 	at com.android.okhttp.internal.http.HttpTransport.readResponseHeaders(HttpTransport.java:80)
08-06 13:56:47.593  9672 11165 W OneSignal: 	at com.android.okhttp.internal.http.HttpEngine.readNetworkResponse(HttpEngine.java:904)
08-06 13:56:47.593  9672 11165 W OneSignal: 	at com.android.okhttp.internal.http.HttpEngine.readResponse(HttpEngine.java:788)
08-06 13:56:47.593  9672 11165 W OneSignal: 	at com.android.okhttp.internal.huc.HttpURLConnectionImpl.execute(HttpURLConnectionImpl.java:439)
08-06 13:56:47.593  9672 11165 W OneSignal: 	at com.android.okhttp.internal.huc.HttpURLConnectionImpl.getResponse(HttpURLConnectionImpl.java:384)
08-06 13:56:47.593  9672 11165 W OneSignal: 	at com.android.okhttp.internal.huc.HttpURLConnectionImpl.getResponseCode(HttpURLConnectionImpl.java:497)
08-06 13:56:47.593  9672 11165 W OneSignal: 	at com.android.okhttp.internal.huc.DelegatingHttpsURLConnection.getResponseCode(DelegatingHttpsURLConnection.java:105)
08-06 13:56:47.593  9672 11165 W OneSignal: 	at com.android.okhttp.internal.huc.HttpsURLConnectionImpl.getResponseCode(HttpsURLConnectionImpl.java)
08-06 13:56:47.593  9672 11165 W OneSignal: 	at com.onesignal.OneSignalRestClient.startHTTPConnection(OneSignalRestClient.java:180)
08-06 13:56:47.593  9672 11165 W OneSignal: 	at com.onesignal.OneSignalRestClient.access$100(OneSignalRestClient.java:44)
08-06 13:56:47.593  9672 11165 W OneSignal: 	at com.onesignal.OneSignalRestClient$4.run(OneSignalRestClient.java:110)
08-06 13:56:47.593  9672 11165 W OneSignal: 	at java.lang.Thread.run(Thread.java:818)
08-06 13:56:47.593  9672 11165 W OneSignal: Caused by: java.io.EOFException: \n not found: size=0 content=...
08-06 13:56:47.593  9672 11165 W OneSignal: 	at com.android.okhttp.okio.RealBufferedSource.readUtf8LineStrict(RealBufferedSource.java:200)
08-06 13:56:47.593  9672 11165 W OneSignal: 	at com.android.okhttp.internal.http.HttpConnection.readResponse(HttpConnection.java:191)
08-06 13:56:47.593  9672 11165 W OneSignal: 	... 12 more
08-06 13:56:47.594  9672 11166 W OneSignal: Failed last request. statusCode: -1
08-06 13:56:47.594  9672 11166 W OneSignal: response: null
08-06 13:56:47.608  9672  9684 I art     : Explicit concurrent mark sweep GC freed 157(47KB) AllocSpace objects, 0(0B) LOS objects, 23% free, 52MB/68MB, paused 371us total 19.511ms
08-06 13:56:47.617  9672  9684 I art     : Starting a blocking GC Explicit
08-06 13:56:47.637  9672  9684 I art     : Explicit concurrent mark sweep GC freed 237(25KB) AllocSpace objects, 0(0B) LOS objects, 23% free, 52MB/68MB, paused 402us total 19.788ms
08-06 13:56:47.926  9672  9685 I art     : Starting a blocking GC Explicit
08-06 13:56:47.955  9672  9685 I art     : Explicit concurrent mark sweep GC freed 1342(78KB) AllocSpace objects, 1(20KB) LOS objects, 23% free, 52MB/68MB, paused 438us total 28.425ms
08-06 13:56:47.966  9672  9685 I art     : Starting a blocking GC Explicit
08-06 13:56:47.986  9672  9685 I art     : Explicit concurrent mark sweep GC freed 20(704B) AllocSpace objects, 0(0B) LOS objects, 23% free, 52MB/68MB, paused 388us total 19.461ms
08-06 13:56:47.995  9672  9685 I art     : Starting a blocking GC Explicit
08-06 13:56:48.014  9672  9685 I art     : Explicit concurrent mark sweep GC freed 3(96B) AllocSpace objects, 0(0B) LOS objects, 23% free, 52MB/68MB, paused 402us total 19.048ms
08-06 13:56:48.022  9672  9685 I art     : Starting a blocking GC Explicit
08-06 13:56:48.041  9672  9685 I art     : Explicit concurrent mark sweep GC freed 3(96B) AllocSpace objects, 0(0B) LOS objects, 23% free, 52MB/68MB, paused 405us total 18.643ms
08-06 13:56:48.049  9672  9685 I art     : Starting a blocking GC Explicit
08-06 13:56:48.068  9672  9685 I art     : Explicit concurrent mark sweep GC freed 3(96B) AllocSpace objects, 0(0B) LOS objects, 23% free, 52MB/68MB, paused 426us total 18.515ms
08-06 13:56:48.335  9672  9919 I art     : Starting a blocking GC Explicit
08-06 13:56:48.356  9672  9919 I art     : Explicit concurrent mark sweep GC freed 1342(78KB) AllocSpace objects, 1(20KB) LOS objects, 23% free, 52MB/68MB, paused 415us total 20.115ms
08-06 13:56:48.364  9672  9919 I art     : Starting a blocking GC Explicit
08-06 13:56:48.383  9672  9919 I art     : Explicit concurrent mark sweep GC freed 20(704B) AllocSpace objects, 0(0B) LOS objects, 23% free, 52MB/68MB, paused 417us total 19.058ms
08-06 13:56:48.392  9672  9919 I art     : Starting a blocking GC Explicit
08-06 13:56:48.394 11177 11177 D AndroidRuntime: >>>>>> START com.android.internal.os.RuntimeInit uid 2000 <<<<<<
08-06 13:56:48.399 11177 11177 D AndroidRuntime: CheckJNI is OFF
08-06 13:56:48.412  9672  9919 I art     : Explicit concurrent mark sweep GC freed 3(96B) AllocSpace objects, 0(0B) LOS objects, 23% free, 52MB/68MB, paused 411us total 19.698ms
08-06 13:56:48.420  9672  9919 I art     : Starting a blocking GC Explicit
08-06 13:56:48.435 11177 11177 D ICU     : No timezone override file found: /data/misc/zoneinfo/current/icu/icu_tzdata.dat
08-06 13:56:48.439  9672  9919 I art     : Explicit concurrent mark sweep GC freed 3(96B) AllocSpace objects, 0(0B) LOS objects, 23% free, 52MB/68MB, paused 409us total 18.903ms
08-06 13:56:48.448  9672  9919 I art     : Starting a blocking GC Explicit
08-06 13:56:48.467  9672  9919 I art     : Explicit concurrent mark sweep GC freed 3(96B) AllocSpace objects, 0(0B) LOS objects, 23% free, 52MB/68MB, paused 438us total 18.796ms
08-06 13:56:48.471 11177 11177 I Radio-JNI: register_android_hardware_Radio DONE
08-06 13:56:48.493 11177 11177 D AndroidRuntime: Calling main entry com.android.commands.input.Input
08-06 13:56:48.495 11177 11177 I Input   : injectKeyEvent: KeyEvent { action=ACTION_DOWN, keyCode=KEYCODE_BACK, scanCode=0, metaState=0, flags=0x0, repeatCount=0, eventTime=885424908, downTime=885424908, deviceId=-1, source=0x101 }
08-06 13:56:48.501 11177 11177 I Input   : injectKeyEvent: KeyEvent { action=ACTION_UP, keyCode=KEYCODE_BACK, scanCode=0, metaState=0, flags=0x0, repeatCount=0, eventTime=885424908, downTime=885424908, deviceId=-1, source=0x101 }
08-06 13:56:48.506 11177 11177 D AndroidRuntime: Shutting down VM
08-06 13:56:48.542 13866 13866 I GoogleInputMethodServic: GoogleInputMethodService.onFinishInput():3138 
08-06 13:56:48.543 13866 13866 I GoogleInputMethodServic: GoogleInputMethodService.onStartInput():1808 
08-06 13:56:48.715  9672  9919 I art     : Starting a blocking GC Explicit
08-06 13:56:48.742  9672  9919 I art     : Explicit concurrent mark sweep GC freed 1552(87KB) AllocSpace objects, 1(20KB) LOS objects, 23% free, 52MB/68MB, paused 425us total 26.769ms
08-06 13:56:48.750  9672  9919 I art     : Starting a blocking GC Explicit
08-06 13:56:48.775  9672  9919 I art     : Explicit concurrent mark sweep GC freed 24(864B) AllocSpace objects, 0(0B) LOS objects, 23% free, 52MB/68MB, paused 397us total 24.696ms
08-06 13:56:48.785  9672  9919 I art     : Starting a blocking GC Explicit
08-06 13:56:48.809  9672  9919 I art     : Explicit concurrent mark sweep GC freed 3(96B) AllocSpace objects, 0(0B) LOS objects, 23% free, 52MB/68MB, paused 405us total 24.404ms
08-06 13:56:48.818  9672  9919 I art     : Starting a blocking GC Explicit
08-06 13:56:48.837  9672  9919 I art     : Explicit concurrent mark sweep GC freed 524(26KB) AllocSpace objects, 0(0B) LOS objects, 23% free, 52MB/68MB, paused 547us total 19.327ms
08-06 13:56:48.848  9672  9919 I art     : Starting a blocking GC Explicit
08-06 13:56:48.865  9672  9919 I art     : Explicit concurrent mark sweep GC freed 546(25KB) AllocSpace objects, 0(0B) LOS objects, 23% free, 52MB/68MB, paused 389us total 16.803ms
08-06 13:56:49.153  9672  9760 I art     : Starting a blocking GC Explicit
08-06 13:56:49.183  9672  9760 I art     : Explicit concurrent mark sweep GC freed 3422(205KB) AllocSpace objects, 3(160KB) LOS objects, 23% free, 51MB/67MB, paused 561us total 29.476ms
08-06 13:56:49.192  9672  9760 I art     : Starting a blocking GC Explicit
08-06 13:56:49.211  9672  9760 I art     : Explicit concurrent mark sweep GC freed 20(704B) AllocSpace objects, 0(0B) LOS objects, 23% free, 51MB/67MB, paused 404us total 19.123ms
08-06 13:56:49.219  9672  9760 I art     : Starting a blocking GC Explicit
08-06 13:56:49.238  9672  9760 I art     : Explicit concurrent mark sweep GC freed 3(96B) AllocSpace objects, 0(0B) LOS objects, 23% free, 51MB/67MB, paused 392us total 18.762ms
08-06 13:56:49.247  9672  9760 I art     : Starting a blocking GC Explicit
08-06 13:56:49.266  9672  9760 I art     : Explicit concurrent mark sweep GC freed 3(96B) AllocSpace objects, 0(0B) LOS objects, 23% free, 51MB/67MB, paused 392us total 19.136ms
08-06 13:56:49.275  9672  9760 I art     : Starting a blocking GC Explicit
08-06 13:56:49.294  9672  9760 I art     : Explicit concurrent mark sweep GC freed 3(96B) AllocSpace objects, 0(0B) LOS objects, 23% free, 51MB/67MB, paused 410us total 19.518ms
08-06 13:56:49.591  9672  9684 I art     : Starting a blocking GC Explicit
08-06 13:56:49.617  9672  9684 I art     : Explicit concurrent mark sweep GC freed 1340(78KB) AllocSpace objects, 1(20KB) LOS objects, 23% free, 51MB/67MB, paused 508us total 25.815ms
08-06 13:56:49.628  9672  9684 I art     : Starting a blocking GC Explicit
08-06 13:56:49.647  9672  9684 I art     : Explicit concurrent mark sweep GC freed 20(704B) AllocSpace objects, 0(0B) LOS objects, 23% free, 51MB/67MB, paused 470us total 18.762ms
08-06 13:56:49.655  9672  9684 I art     : Starting a blocking GC Explicit
08-06 13:56:49.674  9672  9684 I art     : Explicit concurrent mark sweep GC freed 3(96B) AllocSpace objects, 0(0B) LOS objects, 23% free, 51MB/67MB, paused 396us total 18.809ms
08-06 13:56:49.683  9672  9684 I art     : Starting a blocking GC Explicit
08-06 13:56:49.702  9672  9684 I art     : Explicit concurrent mark sweep GC freed 3(96B) AllocSpace objects, 0(0B) LOS objects, 23% free, 51MB/67MB, paused 396us total 19.039ms
08-06 13:56:49.711  9672  9684 I art     : Starting a blocking GC Explicit
08-06 13:56:49.730  9672  9684 I art     : Explicit concurrent mark sweep GC freed 3(96B) AllocSpace objects, 0(0B) LOS objects, 23% free, 51MB/67MB, paused 377us total 19.508ms
08-06 13:56:50.010  9672  9685 I art     : Starting a blocking GC Explicit
08-06 13:56:50.029  9672  9685 I art     : Explicit concurrent mark sweep GC freed 1340(78KB) AllocSpace objects, 1(20KB) LOS objects, 23% free, 51MB/67MB, paused 411us total 19.028ms
08-06 13:56:50.038  9672  9685 I art     : Starting a blocking GC Explicit
08-06 13:56:50.057  9672  9685 I art     : Explicit concurrent mark sweep GC freed 20(704B) AllocSpace objects, 0(0B) LOS objects, 23% free, 51MB/67MB, paused 418us total 18.971ms
08-06 13:56:50.065  9672  9685 I art     : Starting a blocking GC Explicit
08-06 13:56:50.083  9672  9685 I art     : Explicit concurrent mark sweep GC freed 3(96B) AllocSpace objects, 0(0B) LOS objects, 23% free, 51MB/67MB, paused 400us total 17.766ms
08-06 13:56:50.091  9672  9685 I art     : Starting a blocking GC Explicit
08-06 13:56:50.109  9672  9685 I art     : Explicit concurrent mark sweep GC freed 3(96B) AllocSpace objects, 0(0B) LOS objects, 23% free, 51MB/67MB, paused 385us total 17.627ms
08-06 13:56:50.117  9672  9685 I art     : Starting a blocking GC Explicit
08-06 13:56:50.135  9672  9685 I art     : Explicit concurrent mark sweep GC freed 3(96B) AllocSpace objects, 0(0B) LOS objects, 23% free, 51MB/67MB, paused 391us total 17.809ms
08-06 13:56:50.168 11231 11231 D AndroidRuntime: >>>>>> START com.android.internal.os.RuntimeInit uid 2000 <<<<<<
08-06 13:56:50.173 11231 11231 D AndroidRuntime: CheckJNI is OFF
08-06 13:56:50.206 11231 11231 D ICU     : No timezone override file found: /data/misc/zoneinfo/current/icu/icu_tzdata.dat
08-06 13:56:50.240 11231 11231 I Radio-JNI: register_android_hardware_Radio DONE
08-06 13:56:50.263 11231 11231 D AndroidRuntime: Calling main entry com.android.commands.input.Input
08-06 13:56:50.264 11231 11231 I Input   : injectMotionEvent: MotionEvent { action=ACTION_DOWN, actionButton=0, id[0]=0, x[0]=337.0, y[0]=1104.0, toolType[0]=TOOL_TYPE_UNKNOWN, buttonState=0, metaState=0, flags=0x0, edgeFlags=0x0, pointerCount=1, historySize=0, eventTime=885426677, downTime=885426677, deviceId=0, source=0x1002 }
08-06 13:56:50.271 11231 11231 I Input   : injectMotionEvent: MotionEvent { action=ACTION_UP, actionButton=0, id[0]=0, x[0]=337.0, y[0]=1104.0, toolType[0]=TOOL_TYPE_UNKNOWN, buttonState=0, metaState=0, flags=0x0, edgeFlags=0x0, pointerCount=1, historySize=0, eventTime=885426677, downTime=885426677, deviceId=0, source=0x1002 }
08-06 13:56:50.273   918  5132 I ActivityManager: START u0 {cmp=baseline.appteam.nith.hillffair/.activities.BattleDayActivity} from uid 10697 on display 0
08-06 13:56:50.283 11231 11231 D AndroidRuntime: Shutting down VM
08-06 13:56:50.352 13866 13866 I GoogleInputMethodServic: GoogleInputMethodService.onFinishInput():3138 
08-06 13:56:50.353 13866 13866 I GoogleInputMethodServic: GoogleInputMethodService.onStartInput():1808 
08-06 13:56:50.380   918   936 I ActivityManager: Displayed baseline.appteam.nith.hillffair/.activities.BattleDayActivity: +97ms
08-06 13:56:50.388  9672  9919 I art     : Starting a blocking GC Explicit
08-06 13:56:50.415  9672  9919 I art     : Explicit concurrent mark sweep GC freed 6288(377KB) AllocSpace objects, 1(20KB) LOS objects, 23% free, 52MB/68MB, paused 773us total 26.428ms
08-06 13:56:50.424  9672  9919 I art     : Starting a blocking GC Explicit
08-06 13:56:50.441  9672  9919 I art     : Explicit concurrent mark sweep GC freed 271(12KB) AllocSpace objects, 0(0B) LOS objects, 23% free, 52MB/68MB, paused 427us total 16.871ms
08-06 13:56:50.448  9672  9919 I art     : Starting a blocking GC Explicit
08-06 13:56:50.467  9672  9919 I art     : Explicit concurrent mark sweep GC freed 65(4KB) AllocSpace objects, 0(0B) LOS objects, 23% free, 52MB/68MB, paused 504us total 17.897ms
08-06 13:56:50.475  9672  9919 I art     : Starting a blocking GC Explicit
08-06 13:56:50.492  9672  9919 I art     : Explicit concurrent mark sweep GC freed 3(96B) AllocSpace objects, 0(0B) LOS objects, 23% free, 52MB/68MB, paused 412us total 17.231ms
08-06 13:56:50.500  9672  9919 I art     : Starting a blocking GC Explicit
08-06 13:56:50.522  9672  9919 I art     : Explicit concurrent mark sweep GC freed 3(96B) AllocSpace objects, 0(0B) LOS objects, 23% free, 52MB/68MB, paused 542us total 21.155ms
08-06 13:56:50.639   380   380 W SurfaceFlinger: couldn't log to binary event log: overflow.
08-06 13:56:50.768  9672  9760 I art     : Starting a blocking GC Explicit
08-06 13:56:50.789  9672  9760 I art     : Explicit concurrent mark sweep GC freed 1421(83KB) AllocSpace objects, 1(20KB) LOS objects, 23% free, 52MB/68MB, paused 427us total 21.196ms
08-06 13:56:50.798  9672  9760 I art     : Starting a blocking GC Explicit
08-06 13:56:50.817  9672  9760 I art     : Explicit concurrent mark sweep GC freed 29(1024B) AllocSpace objects, 0(0B) LOS objects, 23% free, 52MB/68MB, paused 562us total 18.521ms
08-06 13:56:50.825  9672  9760 I art     : Starting a blocking GC Explicit
08-06 13:56:50.844  9672  9760 I art     : Explicit concurrent mark sweep GC freed 11(416B) AllocSpace objects, 0(0B) LOS objects, 23% free, 52MB/68MB, paused 450us total 18.768ms
08-06 13:56:50.853  9672  9760 I art     : Starting a blocking GC Explicit
08-06 13:56:50.871  9672  9760 I art     : Explicit concurrent mark sweep GC freed 13(480B) AllocSpace objects, 0(0B) LOS objects, 23% free, 52MB/68MB, paused 453us total 18.683ms
08-06 13:56:50.880  9672  9760 I art     : Starting a blocking GC Explicit
08-06 13:56:50.898  9672  9760 I art     : Explicit concurrent mark sweep GC freed 10(352B) AllocSpace objects, 0(0B) LOS objects, 23% free, 52MB/68MB, paused 447us total 18.482ms
08-06 13:56:50.984   518   646 I ThermalEngine: ACTION: GPU - Setting GPU[0] to 450000000
08-06 13:56:51.177  9672 11260 D OkHttp  : --> GET https://api-hillfair-2k16.herokuapp.com/api/app/events/special http/1.1
08-06 13:56:51.194  9672  9919 I art     : Starting a blocking GC Explicit
08-06 13:56:51.209  9672 11260 D OkHttp  : <-- 200 OK https://api-hillfair-2k16.herokuapp.com/api/app/events/special (31ms, 554-byte body)
08-06 13:56:51.221  9672  9919 I art     : Explicit concurrent mark sweep GC freed 4139(244KB) AllocSpace objects, 4(220KB) LOS objects, 23% free, 52MB/68MB, paused 686us total 27.072ms
08-06 13:56:51.232  9672  9919 I art     : Starting a blocking GC Explicit
08-06 13:56:51.257  9672  9919 I art     : Explicit concurrent mark sweep GC freed 1074(121KB) AllocSpace objects, 0(0B) LOS objects, 23% free, 52MB/68MB, paused 688us total 24.335ms
08-06 13:56:51.268  9672  9919 I art     : Starting a blocking GC Explicit
08-06 13:56:51.284  9672  9672 I NAPPA_EXPERIMENTATION: MetricNetworkRequestExecutionTime: REQUEST_DURATION_SYSTEM='971',REQUEST_DURATION_OKHTTP='32',REQUEST_SYNCHRONOUS='FALSE',RESPONSE_CODE='200',RESPONSE_METHOD='GET',RESPONSE_LENGTH_OKHTTP='554',RESPONSE_LENGTH_HEADER='554',REQUEST_PROTOCOL='http/1.1',REQUEST_URL='https://api-hillfair-2k16.herokuapp.com/api/app/events/special',
08-06 13:56:51.292  9672  9919 I art     : Explicit concurrent mark sweep GC freed 92(8KB) AllocSpace objects, 0(0B) LOS objects, 23% free, 52MB/68MB, paused 530us total 23.663ms
08-06 13:56:51.302  9672  9919 I art     : Starting a blocking GC Explicit
08-06 13:56:51.327  9672  9919 I art     : Explicit concurrent mark sweep GC freed 635(54KB) AllocSpace objects, 0(0B) LOS objects, 23% free, 52MB/68MB, paused 731us total 24.173ms
08-06 13:56:51.338  9672  9919 I art     : Starting a blocking GC Explicit
08-06 13:56:51.362  9672  9919 I art     : Explicit concurrent mark sweep GC freed 177(7KB) AllocSpace objects, 0(0B) LOS objects, 23% free, 52MB/68MB, paused 568us total 23.609ms
08-06 13:56:51.671  9672  9684 I art     : Starting a blocking GC Explicit
08-06 13:56:51.702  9672  9684 I art     : Explicit concurrent mark sweep GC freed 1348(78KB) AllocSpace objects, 1(20KB) LOS objects, 23% free, 52MB/68MB, paused 608us total 30.543ms
08-06 13:56:51.714  9672  9684 I art     : Starting a blocking GC Explicit
08-06 13:56:51.740  9672  9684 I art     : Explicit concurrent mark sweep GC freed 20(704B) AllocSpace objects, 0(0B) LOS objects, 23% free, 52MB/68MB, paused 564us total 25.349ms
08-06 13:56:51.751  9672  9684 I art     : Starting a blocking GC Explicit
08-06 13:56:51.777  9672  9684 I art     : Explicit concurrent mark sweep GC freed 3(96B) AllocSpace objects, 0(0B) LOS objects, 23% free, 52MB/68MB, paused 632us total 25.584ms
08-06 13:56:51.788  9672  9684 I art     : Starting a blocking GC Explicit
08-06 13:56:51.813  9672  9684 I art     : Explicit concurrent mark sweep GC freed 3(96B) AllocSpace objects, 0(0B) LOS objects, 23% free, 52MB/68MB, paused 565us total 25.362ms
08-06 13:56:51.824  9672  9684 I art     : Starting a blocking GC Explicit
08-06 13:56:51.850  9672  9684 I art     : Explicit concurrent mark sweep GC freed 3(96B) AllocSpace objects, 0(0B) LOS objects, 23% free, 52MB/68MB, paused 534us total 25.413ms
08-06 13:56:52.193  9672 10490 I art     : Starting a blocking GC Explicit
08-06 13:56:52.229  9672 10490 I art     : Explicit concurrent mark sweep GC freed 1342(78KB) AllocSpace objects, 1(20KB) LOS objects, 23% free, 52MB/68MB, paused 611us total 36.200ms
08-06 13:56:52.246  9672 10490 I art     : Starting a blocking GC Explicit
08-06 13:56:52.273  9672 10490 I art     : Explicit concurrent mark sweep GC freed 20(704B) AllocSpace objects, 0(0B) LOS objects, 23% free, 52MB/68MB, paused 587us total 27.189ms
08-06 13:56:52.284  9672 10490 I art     : Starting a blocking GC Explicit
08-06 13:56:52.312  9672 10490 I art     : Explicit concurrent mark sweep GC freed 3(96B) AllocSpace objects, 0(0B) LOS objects, 23% free, 52MB/68MB, paused 564us total 27.538ms
08-06 13:56:52.323  9672 10490 I art     : Starting a blocking GC Explicit
08-06 13:56:52.351  9672 10490 I art     : Explicit concurrent mark sweep GC freed 3(96B) AllocSpace objects, 0(0B) LOS objects, 23% free, 52MB/68MB, paused 553us total 27.095ms
08-06 13:56:52.362  9672 10490 I art     : Starting a blocking GC Explicit
08-06 13:56:52.388  9672 10490 I art     : Explicit concurrent mark sweep GC freed 3(96B) AllocSpace objects, 0(0B) LOS objects, 23% free, 52MB/68MB, paused 597us total 25.782ms
08-06 13:56:52.723  9672  9685 I art     : Starting a blocking GC Explicit
08-06 13:56:52.754  9672  9685 I art     : Explicit concurrent mark sweep GC freed 1342(78KB) AllocSpace objects, 1(20KB) LOS objects, 23% free, 52MB/68MB, paused 598us total 31.526ms
08-06 13:56:52.769  9672  9685 I art     : Starting a blocking GC Explicit
08-06 13:56:52.795  9672  9685 I art     : Explicit concurrent mark sweep GC freed 20(704B) AllocSpace objects, 0(0B) LOS objects, 23% free, 52MB/68MB, paused 565us total 26.083ms
08-06 13:56:52.806  9672  9685 I art     : Starting a blocking GC Explicit
08-06 13:56:52.834  9672  9685 I art     : Explicit concurrent mark sweep GC freed 3(96B) AllocSpace objects, 0(0B) LOS objects, 23% free, 52MB/68MB, paused 580us total 27.750ms
08-06 13:56:52.846  9672  9685 I art     : Starting a blocking GC Explicit
08-06 13:56:52.872  9672  9685 I art     : Explicit concurrent mark sweep GC freed 3(96B) AllocSpace objects, 0(0B) LOS objects, 23% free, 52MB/68MB, paused 562us total 25.643ms
08-06 13:56:52.883  9672  9685 I art     : Starting a blocking GC Explicit
08-06 13:56:52.910  9672  9685 I art     : Explicit concurrent mark sweep GC freed 3(96B) AllocSpace objects, 0(0B) LOS objects, 23% free, 52MB/68MB, paused 587us total 27.509ms
08-06 13:56:53.244  9672  9760 I art     : Starting a blocking GC Explicit
08-06 13:56:53.276  9672  9760 I art     : Explicit concurrent mark sweep GC freed 1342(78KB) AllocSpace objects, 1(20KB) LOS objects, 23% free, 52MB/68MB, paused 619us total 32.221ms
08-06 13:56:53.289  9672  9760 I art     : Starting a blocking GC Explicit
08-06 13:56:53.317  9672  9760 I art     : Explicit concurrent mark sweep GC freed 20(704B) AllocSpace objects, 0(0B) LOS objects, 23% free, 52MB/68MB, paused 655us total 27.724ms
08-06 13:56:53.328  9672  9760 I art     : Starting a blocking GC Explicit
08-06 13:56:53.354  9672  9760 I art     : Explicit concurrent mark sweep GC freed 3(96B) AllocSpace objects, 0(0B) LOS objects, 23% free, 52MB/68MB, paused 553us total 25.860ms
08-06 13:56:53.366  9672  9760 I art     : Starting a blocking GC Explicit
08-06 13:56:53.394  9672  9760 I art     : Explicit concurrent mark sweep GC freed 3(96B) AllocSpace objects, 0(0B) LOS objects, 23% free, 52MB/68MB, paused 599us total 27.696ms
08-06 13:56:53.405  9672  9760 I art     : Starting a blocking GC Explicit
08-06 13:56:53.433  9672  9760 I art     : Explicit concurrent mark sweep GC freed 3(96B) AllocSpace objects, 0(0B) LOS objects, 23% free, 52MB/68MB, paused 565us total 27.470ms
08-06 13:56:53.764  9672  9919 I art     : Starting a blocking GC Explicit
08-06 13:56:53.795  9672  9919 I art     : Explicit concurrent mark sweep GC freed 1342(78KB) AllocSpace objects, 1(20KB) LOS objects, 23% free, 52MB/68MB, paused 623us total 30.646ms
08-06 13:56:53.809  9672  9919 I art     : Starting a blocking GC Explicit
08-06 13:56:53.836  9672  9919 I art     : Explicit concurrent mark sweep GC freed 20(704B) AllocSpace objects, 0(0B) LOS objects, 23% free, 52MB/68MB, paused 551us total 27.281ms
08-06 13:56:53.848  9672  9919 I art     : Starting a blocking GC Explicit
08-06 13:56:53.875  9672  9919 I art     : Explicit concurrent mark sweep GC freed 3(96B) AllocSpace objects, 0(0B) LOS objects, 23% free, 52MB/68MB, paused 588us total 27.371ms
08-06 13:56:53.886  9672  9919 I art     : Starting a blocking GC Explicit
08-06 13:56:53.914  9672  9919 I art     : Explicit concurrent mark sweep GC freed 3(96B) AllocSpace objects, 0(0B) LOS objects, 23% free, 52MB/68MB, paused 569us total 27.695ms
08-06 13:56:53.926  9672  9919 I art     : Starting a blocking GC Explicit
08-06 13:56:53.954  9672  9919 I art     : Explicit concurrent mark sweep GC freed 3(96B) AllocSpace objects, 0(0B) LOS objects, 23% free, 52MB/68MB, paused 562us total 27.630ms
08-06 13:56:53.992   518   646 I ThermalEngine: ACTION: GPU - Setting GPU[0] to 510000000
08-06 13:56:54.279  9672  9684 I art     : Starting a blocking GC Explicit
08-06 13:56:54.300  9672  9684 I art     : Explicit concurrent mark sweep GC freed 1342(78KB) AllocSpace objects, 1(20KB) LOS objects, 23% free, 52MB/68MB, paused 423us total 20.522ms
08-06 13:56:54.308  9672  9684 I art     : Starting a blocking GC Explicit
08-06 13:56:54.326  9672  9684 I art     : Explicit concurrent mark sweep GC freed 20(704B) AllocSpace objects, 0(0B) LOS objects, 23% free, 52MB/68MB, paused 380us total 17.409ms
08-06 13:56:54.334  9672  9684 I art     : Starting a blocking GC Explicit
08-06 13:56:54.352  9672  9684 I art     : Explicit concurrent mark sweep GC freed 3(96B) AllocSpace objects, 0(0B) LOS objects, 23% free, 52MB/68MB, paused 410us total 18.319ms
08-06 13:56:54.361  9672  9684 I art     : Starting a blocking GC Explicit
08-06 13:56:54.381  9672  9684 I art     : Explicit concurrent mark sweep GC freed 3(96B) AllocSpace objects, 0(0B) LOS objects, 23% free, 52MB/68MB, paused 423us total 19.543ms
08-06 13:56:54.389  9672  9684 I art     : Starting a blocking GC Explicit
08-06 13:56:54.409  9672  9684 I art     : Explicit concurrent mark sweep GC freed 3(96B) AllocSpace objects, 0(0B) LOS objects, 23% free, 52MB/68MB, paused 422us total 19.730ms
08-06 13:56:54.635   918  3188 I hubconnection: sensorhub said: 'set_bias 3: -6.2400, 0.0000, 0.0000'
08-06 13:56:54.687  9672 10490 I art     : Starting a blocking GC Explicit
08-06 13:56:54.708  9672 10490 I art     : Explicit concurrent mark sweep GC freed 1342(78KB) AllocSpace objects, 1(20KB) LOS objects, 23% free, 52MB/68MB, paused 460us total 20.425ms
08-06 13:56:54.717  9672 10490 I art     : Starting a blocking GC Explicit
08-06 13:56:54.737  9672 10490 I art     : Explicit concurrent mark sweep GC freed 20(704B) AllocSpace objects, 0(0B) LOS objects, 23% free, 52MB/68MB, paused 433us total 19.631ms
08-06 13:56:54.745  9672 10490 I art     : Starting a blocking GC Explicit
08-06 13:56:54.765  9672 10490 I art     : Explicit concurrent mark sweep GC freed 3(96B) AllocSpace objects, 0(0B) LOS objects, 23% free, 52MB/68MB, paused 429us total 19.225ms
08-06 13:56:54.773  9672 10490 I art     : Starting a blocking GC Explicit
08-06 13:56:54.792  9672 10490 I art     : Explicit concurrent mark sweep GC freed 3(96B) AllocSpace objects, 0(0B) LOS objects, 23% free, 52MB/68MB, paused 419us total 19.108ms
08-06 13:56:54.801  9672 10490 I art     : Starting a blocking GC Explicit
08-06 13:56:54.820  9672 10490 I art     : Explicit concurrent mark sweep GC freed 3(96B) AllocSpace objects, 0(0B) LOS objects, 23% free, 52MB/68MB, paused 438us total 19.297ms
08-06 13:56:54.975 11347 11347 D AndroidRuntime: >>>>>> START com.android.internal.os.RuntimeInit uid 2000 <<<<<<
08-06 13:56:54.981 11347 11347 D AndroidRuntime: CheckJNI is OFF
08-06 13:56:55.013 11347 11347 D ICU     : No timezone override file found: /data/misc/zoneinfo/current/icu/icu_tzdata.dat
08-06 13:56:55.045 11347 11347 I Radio-JNI: register_android_hardware_Radio DONE
08-06 13:56:55.067 11347 11347 D AndroidRuntime: Calling main entry com.android.commands.input.Input
08-06 13:56:55.069 11347 11347 I Input   : injectMotionEvent: MotionEvent { action=ACTION_DOWN, actionButton=0, id[0]=0, x[0]=733.0, y[0]=645.0, toolType[0]=TOOL_TYPE_UNKNOWN, buttonState=0, metaState=0, flags=0x0, edgeFlags=0x0, pointerCount=1, historySize=0, eventTime=885431482, downTime=885431482, deviceId=0, source=0x1002 }
08-06 13:56:55.074 11347 11347 I Input   : injectMotionEvent: MotionEvent { action=ACTION_UP, actionButton=0, id[0]=0, x[0]=733.0, y[0]=645.0, toolType[0]=TOOL_TYPE_UNKNOWN, buttonState=0, metaState=0, flags=0x0, edgeFlags=0x0, pointerCount=1, historySize=0, eventTime=885431482, downTime=885431482, deviceId=0, source=0x1002 }
08-06 13:56:55.075   918   928 I ActivityManager: START u0 {cmp=baseline.appteam.nith.hillffair/.activities.ClubActivity (has extras)} from uid 10697 on display 0
08-06 13:56:55.082 11347 11347 D AndroidRuntime: Shutting down VM
08-06 13:56:55.106  9672  9684 I art     : Starting a blocking GC Explicit
08-06 13:56:55.127  9672  9684 I art     : Explicit concurrent mark sweep GC freed 4968(317KB) AllocSpace objects, 1(20KB) LOS objects, 23% free, 52MB/68MB, paused 544us total 21.314ms
08-06 13:56:55.135  9672  9684 I art     : Starting a blocking GC Explicit
08-06 13:56:55.154  9672  9684 I art     : Explicit concurrent mark sweep GC freed 295(12KB) AllocSpace objects, 0(0B) LOS objects, 23% free, 52MB/68MB, paused 456us total 18.244ms
08-06 13:56:55.162  9672  9684 I art     : Starting a blocking GC Explicit
08-06 13:56:55.176 13866 13866 I GoogleInputMethodServic: GoogleInputMethodService.onFinishInput():3138 
08-06 13:56:55.177   918   936 I ActivityManager: Displayed baseline.appteam.nith.hillffair/.activities.ClubActivity: +94ms
08-06 13:56:55.177 13866 13866 I GoogleInputMethodServic: GoogleInputMethodService.onStartInput():1808 
08-06 13:56:55.183  9672  9684 I art     : Explicit concurrent mark sweep GC freed 238(11KB) AllocSpace objects, 0(0B) LOS objects, 23% free, 52MB/68MB, paused 587us total 21.423ms
08-06 13:56:55.192  9672  9684 I art     : Starting a blocking GC Explicit
08-06 13:56:55.214  9672  9684 I art     : Explicit concurrent mark sweep GC freed 18(816B) AllocSpace objects, 0(0B) LOS objects, 23% free, 52MB/68MB, paused 429us total 21.561ms
08-06 13:56:55.222  9672  9684 I art     : Starting a blocking GC Explicit
08-06 13:56:55.240  9672  9684 I art     : Explicit concurrent mark sweep GC freed 9(304B) AllocSpace objects, 0(0B) LOS objects, 23% free, 52MB/68MB, paused 434us total 17.943ms
08-06 13:56:55.421   380   380 W SurfaceFlinger: couldn't log to binary event log: overflow.
08-06 13:56:55.491  9672 10490 I art     : Starting a blocking GC Explicit
08-06 13:56:55.510  9672 10490 I art     : Explicit concurrent mark sweep GC freed 1343(78KB) AllocSpace objects, 1(20KB) LOS objects, 23% free, 52MB/68MB, paused 415us total 19.002ms
08-06 13:56:55.518  9672 10490 I art     : Starting a blocking GC Explicit
08-06 13:56:55.537  9672 10490 I art     : Explicit concurrent mark sweep GC freed 20(704B) AllocSpace objects, 0(0B) LOS objects, 23% free, 52MB/68MB, paused 528us total 18.341ms
08-06 13:56:55.545  9672 10490 I art     : Starting a blocking GC Explicit
08-06 13:56:55.568  9672 10490 I art     : Explicit concurrent mark sweep GC freed 2341(126KB) AllocSpace objects, 3(200KB) LOS objects, 23% free, 52MB/68MB, paused 1.006ms total 22.676ms
08-06 13:56:55.576  9672 10490 I art     : Starting a blocking GC Explicit
08-06 13:56:55.578  9672 11380 D OkHttp  : --> GET https://api-hillfair-2k16.herokuapp.com/api/app/events/special/event?id=5806551bdcba0f490c70fd1f http/1.1
08-06 13:56:55.597  9672 10490 I art     : Explicit concurrent mark sweep GC freed 1289(129KB) AllocSpace objects, 0(0B) LOS objects, 23% free, 52MB/68MB, paused 493us total 20.620ms
08-06 13:56:55.605  9672 10490 I art     : Starting a blocking GC Explicit
08-06 13:56:55.611  9672 11380 D OkHttp  : <-- 200 OK https://api-hillfair-2k16.herokuapp.com/api/app/events/special/event?id=5806551bdcba0f490c70fd1f (33ms, 795-byte body)
08-06 13:56:55.624  9672 10490 I art     : Explicit concurrent mark sweep GC freed 177(32KB) AllocSpace objects, 0(0B) LOS objects, 23% free, 52MB/68MB, paused 546us total 19.439ms
08-06 13:56:55.654  9672  9672 I NAPPA_EXPERIMENTATION: MetricNetworkRequestExecutionTime: REQUEST_DURATION_SYSTEM='547',REQUEST_DURATION_OKHTTP='33',REQUEST_SYNCHRONOUS='FALSE',RESPONSE_CODE='200',RESPONSE_METHOD='GET',RESPONSE_LENGTH_OKHTTP='795',RESPONSE_LENGTH_HEADER='795',REQUEST_PROTOCOL='http/1.1',REQUEST_URL='https://api-hillfair-2k16.herokuapp.com/api/app/events/special/event?id=5806551bdcba0f490c70fd1f',
08-06 13:56:55.907  9672  9919 I art     : Starting a blocking GC Explicit
08-06 13:56:55.928  9672  9919 I art     : Explicit concurrent mark sweep GC freed 2023(145KB) AllocSpace objects, 1(20KB) LOS objects, 23% free, 52MB/68MB, paused 471us total 20.756ms
08-06 13:56:55.936  9672  9919 I art     : Starting a blocking GC Explicit
08-06 13:56:55.956  9672  9919 I art     : Explicit concurrent mark sweep GC freed 69(2304B) AllocSpace objects, 0(0B) LOS objects, 23% free, 52MB/68MB, paused 397us total 19.989ms
08-06 13:56:55.965  9672  9919 I art     : Starting a blocking GC Explicit
08-06 13:56:55.984  9672  9919 I art     : Explicit concurrent mark sweep GC freed 3(96B) AllocSpace objects, 0(0B) LOS objects, 23% free, 52MB/68MB, paused 457us total 19.294ms
08-06 13:56:55.993  9672  9919 I art     : Starting a blocking GC Explicit
08-06 13:56:56.013  9672  9919 I art     : Explicit concurrent mark sweep GC freed 3(96B) AllocSpace objects, 0(0B) LOS objects, 23% free, 52MB/68MB, paused 432us total 20.019ms
08-06 13:56:56.022  9672  9919 I art     : Starting a blocking GC Explicit
08-06 13:56:56.042  9672  9919 I art     : Explicit concurrent mark sweep GC freed 3(96B) AllocSpace objects, 0(0B) LOS objects, 23% free, 52MB/68MB, paused 424us total 20.356ms
08-06 13:56:56.341  9672  9760 I art     : Starting a blocking GC Explicit
08-06 13:56:56.371  9672  9760 I art     : Explicit concurrent mark sweep GC freed 1359(78KB) AllocSpace objects, 1(20KB) LOS objects, 23% free, 52MB/68MB, paused 486us total 29.669ms
08-06 13:56:56.383  9672  9760 I art     : Starting a blocking GC Explicit
08-06 13:56:56.405  9672  9760 I art     : Explicit concurrent mark sweep GC freed 20(704B) AllocSpace objects, 0(0B) LOS objects, 23% free, 52MB/68MB, paused 454us total 21.540ms
08-06 13:56:56.413  9672  9760 I art     : Starting a blocking GC Explicit
08-06 13:56:56.435  9672  9760 I art     : Explicit concurrent mark sweep GC freed 3(96B) AllocSpace objects, 0(0B) LOS objects, 23% free, 52MB/68MB, paused 443us total 21.310ms
08-06 13:56:56.444  9672  9760 I art     : Starting a blocking GC Explicit
08-06 13:56:56.465  9672  9760 I art     : Explicit concurrent mark sweep GC freed 3(96B) AllocSpace objects, 0(0B) LOS objects, 23% free, 52MB/68MB, paused 427us total 21.084ms
08-06 13:56:56.474  9672  9760 I art     : Starting a blocking GC Explicit
08-06 13:56:56.495  9672  9760 I art     : Explicit concurrent mark sweep GC freed 3(96B) AllocSpace objects, 0(0B) LOS objects, 23% free, 52MB/68MB, paused 458us total 21.455ms
08-06 13:56:56.797  9672  9685 I art     : Starting a blocking GC Explicit
08-06 13:56:56.829  9672  9685 I art     : Explicit concurrent mark sweep GC freed 1343(78KB) AllocSpace objects, 1(20KB) LOS objects, 23% free, 52MB/68MB, paused 555us total 31.269ms
08-06 13:56:56.842  9672  9685 I art     : Starting a blocking GC Explicit
08-06 13:56:56.864  9672  9685 I art     : Explicit concurrent mark sweep GC freed 20(704B) AllocSpace objects, 0(0B) LOS objects, 23% free, 52MB/68MB, paused 474us total 21.857ms
08-06 13:56:56.873  9672  9685 I art     : Starting a blocking GC Explicit
08-06 13:56:56.894  9672  9685 I art     : Explicit concurrent mark sweep GC freed 3(96B) AllocSpace objects, 0(0B) LOS objects, 23% free, 52MB/68MB, paused 438us total 21.353ms
08-06 13:56:56.903  9672  9685 I art     : Starting a blocking GC Explicit
08-06 13:56:56.924  9672  9685 I art     : Explicit concurrent mark sweep GC freed 3(96B) AllocSpace objects, 0(0B) LOS objects, 23% free, 52MB/68MB, paused 448us total 21.152ms
08-06 13:56:56.933  9672  9685 I art     : Starting a blocking GC Explicit
08-06 13:56:56.955  9672  9685 I art     : Explicit concurrent mark sweep GC freed 3(96B) AllocSpace objects, 0(0B) LOS objects, 23% free, 52MB/68MB, paused 457us total 21.342ms
08-06 13:56:57.001   518   646 I ThermalEngine: ACTION: GPU - Setting GPU[0] to 450000000
08-06 13:56:57.277  9672 10490 I art     : Starting a blocking GC Explicit
08-06 13:56:57.310  9672 10490 I art     : Explicit concurrent mark sweep GC freed 1343(78KB) AllocSpace objects, 1(20KB) LOS objects, 23% free, 52MB/68MB, paused 635us total 32.748ms
08-06 13:56:57.323  9672 10490 I art     : Starting a blocking GC Explicit
08-06 13:56:57.352  9672 10490 I art     : Explicit concurrent mark sweep GC freed 20(704B) AllocSpace objects, 0(0B) LOS objects, 23% free, 52MB/68MB, paused 603us total 28.806ms
08-06 13:56:57.364  9672 10490 I art     : Starting a blocking GC Explicit
08-06 13:56:57.392  9672 10490 I art     : Explicit concurrent mark sweep GC freed 3(96B) AllocSpace objects, 0(0B) LOS objects, 23% free, 52MB/68MB, paused 596us total 28.373ms
08-06 13:56:57.404  9672 10490 I art     : Starting a blocking GC Explicit
08-06 13:56:57.432  9672 10490 I art     : Explicit concurrent mark sweep GC freed 3(96B) AllocSpace objects, 0(0B) LOS objects, 23% free, 52MB/68MB, paused 611us total 28.037ms
08-06 13:56:57.443  9672 10490 I art     : Starting a blocking GC Explicit
08-06 13:56:57.473  9672 10490 I art     : Explicit concurrent mark sweep GC freed 3(96B) AllocSpace objects, 0(0B) LOS objects, 23% free, 52MB/68MB, paused 604us total 29.435ms
08-06 13:56:57.815  9672  9684 I art     : Starting a blocking GC Explicit
08-06 13:56:57.849  9672  9684 I art     : Explicit concurrent mark sweep GC freed 1343(78KB) AllocSpace objects, 1(20KB) LOS objects, 23% free, 52MB/68MB, paused 864us total 33.620ms
08-06 13:56:57.864  9672  9684 I art     : Starting a blocking GC Explicit
08-06 13:56:57.893  9672  9684 I art     : Explicit concurrent mark sweep GC freed 20(704B) AllocSpace objects, 0(0B) LOS objects, 23% free, 52MB/68MB, paused 600us total 28.575ms
08-06 13:56:57.904  9672  9684 I art     : Starting a blocking GC Explicit
08-06 13:56:57.934  9672  9684 I art     : Explicit concurrent mark sweep GC freed 3(96B) AllocSpace objects, 0(0B) LOS objects, 23% free, 52MB/68MB, paused 604us total 29.037ms
08-06 13:56:57.945  9672  9684 I art     : Starting a blocking GC Explicit
08-06 13:56:57.974  9672  9684 I art     : Explicit concurrent mark sweep GC freed 3(96B) AllocSpace objects, 0(0B) LOS objects, 23% free, 52MB/68MB, paused 601us total 29.313ms
08-06 13:56:57.986  9672  9684 I art     : Starting a blocking GC Explicit
08-06 13:56:58.000   518   646 I ThermalEngine: ACTION: GPU - Setting GPU[0] to 510000000
08-06 13:56:58.014  9672  9684 I art     : Explicit concurrent mark sweep GC freed 3(96B) AllocSpace objects, 0(0B) LOS objects, 23% free, 52MB/68MB, paused 647us total 27.506ms
08-06 13:56:58.342  9672  9919 I art     : Starting a blocking GC Explicit
08-06 13:56:58.366  9672  9919 I art     : Explicit concurrent mark sweep GC freed 1343(78KB) AllocSpace objects, 1(20KB) LOS objects, 23% free, 52MB/68MB, paused 466us total 23.672ms
08-06 13:56:58.375  9672  9919 I art     : Starting a blocking GC Explicit
08-06 13:56:58.397  9672  9919 I art     : Explicit concurrent mark sweep GC freed 20(704B) AllocSpace objects, 0(0B) LOS objects, 23% free, 52MB/68MB, paused 447us total 21.697ms
08-06 13:56:58.405  9672  9919 I art     : Starting a blocking GC Explicit
08-06 13:56:58.427  9672  9919 I art     : Explicit concurrent mark sweep GC freed 3(96B) AllocSpace objects, 0(0B) LOS objects, 23% free, 52MB/68MB, paused 485us total 21.817ms
08-06 13:56:58.436  9672  9919 I art     : Starting a blocking GC Explicit
08-06 13:56:58.457  9672  9919 I art     : Explicit concurrent mark sweep GC freed 3(96B) AllocSpace objects, 0(0B) LOS objects, 23% free, 52MB/68MB, paused 520us total 20.534ms
08-06 13:56:58.466  9672  9919 I art     : Starting a blocking GC Explicit
08-06 13:56:58.487  9672  9919 I art     : Explicit concurrent mark sweep GC freed 3(96B) AllocSpace objects, 0(0B) LOS objects, 23% free, 52MB/68MB, paused 535us total 21.011ms
08-06 13:56:58.802  9672  9760 I art     : Starting a blocking GC Explicit
08-06 13:56:58.832  9672  9760 I art     : Explicit concurrent mark sweep GC freed 1343(78KB) AllocSpace objects, 1(20KB) LOS objects, 23% free, 52MB/68MB, paused 481us total 29.868ms
08-06 13:56:58.845  9672  9760 I art     : Starting a blocking GC Explicit
08-06 13:56:58.867  9672  9760 I art     : Explicit concurrent mark sweep GC freed 20(704B) AllocSpace objects, 0(0B) LOS objects, 23% free, 52MB/68MB, paused 536us total 21.956ms
08-06 13:56:58.876  9672  9760 I art     : Starting a blocking GC Explicit
08-06 13:56:58.897  9672  9760 I art     : Explicit concurrent mark sweep GC freed 3(96B) AllocSpace objects, 0(0B) LOS objects, 23% free, 52MB/68MB, paused 457us total 21.395ms
08-06 13:56:58.906  9672  9760 I art     : Starting a blocking GC Explicit
08-06 13:56:58.928  9672  9760 I art     : Explicit concurrent mark sweep GC freed 3(96B) AllocSpace objects, 0(0B) LOS objects, 23% free, 52MB/68MB, paused 445us total 21.813ms
08-06 13:56:58.937  9672  9760 I art     : Starting a blocking GC Explicit
08-06 13:56:58.958  9672  9760 I art     : Explicit concurrent mark sweep GC freed 3(96B) AllocSpace objects, 0(0B) LOS objects, 23% free, 52MB/68MB, paused 446us total 20.799ms
08-06 13:56:59.269  9672  9685 I art     : Starting a blocking GC Explicit
08-06 13:56:59.297  9672  9685 I art     : Explicit concurrent mark sweep GC freed 1343(78KB) AllocSpace objects, 1(20KB) LOS objects, 23% free, 52MB/68MB, paused 531us total 27.123ms
08-06 13:56:59.310  9672  9685 I art     : Starting a blocking GC Explicit
08-06 13:56:59.331  9672  9685 I art     : Explicit concurrent mark sweep GC freed 20(704B) AllocSpace objects, 0(0B) LOS objects, 23% free, 52MB/68MB, paused 419us total 20.196ms
08-06 13:56:59.339  9672  9685 I art     : Starting a blocking GC Explicit
08-06 13:56:59.359  9672  9685 I art     : Explicit concurrent mark sweep GC freed 3(96B) AllocSpace objects, 0(0B) LOS objects, 23% free, 52MB/68MB, paused 417us total 19.524ms
08-06 13:56:59.367  9672  9685 I art     : Starting a blocking GC Explicit
08-06 13:56:59.387  9672  9685 I art     : Explicit concurrent mark sweep GC freed 3(96B) AllocSpace objects, 0(0B) LOS objects, 23% free, 52MB/68MB, paused 574us total 19.450ms
08-06 13:56:59.396  9672  9685 I art     : Starting a blocking GC Explicit
08-06 13:56:59.416  9672  9685 I art     : Explicit concurrent mark sweep GC freed 3(96B) AllocSpace objects, 0(0B) LOS objects, 23% free, 52MB/68MB, paused 470us total 20.004ms
08-06 13:56:59.718  9672 10490 I art     : Starting a blocking GC Explicit
08-06 13:56:59.744  9672 10490 I art     : Explicit concurrent mark sweep GC freed 1343(78KB) AllocSpace objects, 1(20KB) LOS objects, 23% free, 52MB/68MB, paused 479us total 25.453ms
08-06 13:56:59.754  9672 10490 I art     : Starting a blocking GC Explicit
08-06 13:56:59.769 11473 11473 D AndroidRuntime: >>>>>> START com.android.internal.os.RuntimeInit uid 2000 <<<<<<
08-06 13:56:59.774 11473 11473 D AndroidRuntime: CheckJNI is OFF
08-06 13:56:59.774  9672 10490 I art     : Explicit concurrent mark sweep GC freed 20(704B) AllocSpace objects, 0(0B) LOS objects, 23% free, 52MB/68MB, paused 447us total 20.273ms
08-06 13:56:59.782  9672 10490 I art     : Starting a blocking GC Explicit
08-06 13:56:59.801  9672 10490 I art     : Explicit concurrent mark sweep GC freed 3(96B) AllocSpace objects, 0(0B) LOS objects, 23% free, 52MB/68MB, paused 430us total 18.427ms
08-06 13:56:59.807 11473 11473 D ICU     : No timezone override file found: /data/misc/zoneinfo/current/icu/icu_tzdata.dat
08-06 13:56:59.808  9672 10490 I art     : Starting a blocking GC Explicit
08-06 13:56:59.828  9672 10490 I art     : Explicit concurrent mark sweep GC freed 3(96B) AllocSpace objects, 0(0B) LOS objects, 23% free, 52MB/68MB, paused 473us total 18.909ms
08-06 13:56:59.835  9672 10490 I art     : Starting a blocking GC Explicit
08-06 13:56:59.841 11473 11473 I Radio-JNI: register_android_hardware_Radio DONE
08-06 13:56:59.854  9672 10490 I art     : Explicit concurrent mark sweep GC freed 3(96B) AllocSpace objects, 0(0B) LOS objects, 23% free, 52MB/68MB, paused 423us total 18.818ms
08-06 13:56:59.862 11473 11473 D AndroidRuntime: Calling main entry com.android.commands.input.Input
08-06 13:56:59.864 11473 11473 I Input   : injectKeyEvent: KeyEvent { action=ACTION_DOWN, keyCode=KEYCODE_BACK, scanCode=0, metaState=0, flags=0x0, repeatCount=0, eventTime=885436277, downTime=885436277, deviceId=-1, source=0x101 }
08-06 13:56:59.870 11473 11473 I Input   : injectKeyEvent: KeyEvent { action=ACTION_UP, keyCode=KEYCODE_BACK, scanCode=0, metaState=0, flags=0x0, repeatCount=0, eventTime=885436277, downTime=885436277, deviceId=-1, source=0x101 }
08-06 13:56:59.875 11473 11473 D AndroidRuntime: Shutting down VM
08-06 13:56:59.912 13866 13866 I GoogleInputMethodServic: GoogleInputMethodService.onFinishInput():3138 
08-06 13:56:59.913 13866 13866 I GoogleInputMethodServic: GoogleInputMethodService.onStartInput():1808 
08-06 13:57:00.101  9672 10490 I art     : Starting a blocking GC Explicit
08-06 13:57:00.123  9672 10490 I art     : Explicit concurrent mark sweep GC freed 1513(85KB) AllocSpace objects, 1(20KB) LOS objects, 23% free, 52MB/68MB, paused 427us total 21.740ms
08-06 13:57:00.132  9672 10490 I art     : Starting a blocking GC Explicit
08-06 13:57:00.152  9672 10490 I art     : Explicit concurrent mark sweep GC freed 26(944B) AllocSpace objects, 0(0B) LOS objects, 23% free, 52MB/68MB, paused 467us total 19.528ms
08-06 13:57:00.160  9672 10490 I art     : Starting a blocking GC Explicit
08-06 13:57:00.179  9672 10490 I art     : Explicit concurrent mark sweep GC freed 3(96B) AllocSpace objects, 0(0B) LOS objects, 23% free, 52MB/68MB, paused 420us total 19.242ms
08-06 13:57:00.188  9672 10490 I art     : Starting a blocking GC Explicit
08-06 13:57:00.208  9672 10490 I art     : Explicit concurrent mark sweep GC freed 3(96B) AllocSpace objects, 0(0B) LOS objects, 23% free, 52MB/68MB, paused 587us total 19.609ms
08-06 13:57:00.217  9672 10490 I art     : Starting a blocking GC Explicit
08-06 13:57:00.225   380   380 W SurfaceFlinger: couldn't log to binary event log: overflow.
08-06 13:57:00.237  9672 10490 I art     : Explicit concurrent mark sweep GC freed 108(8KB) AllocSpace objects, 0(0B) LOS objects, 23% free, 52MB/68MB, paused 483us total 20.589ms
08-06 13:57:00.439  5524  5524 I ServiceManager: Waiting for service AtCmdFwd...
08-06 13:57:00.529  9672  9684 I art     : Starting a blocking GC Explicit
08-06 13:57:00.557  9672  9684 I art     : Explicit concurrent mark sweep GC freed 1351(78KB) AllocSpace objects, 1(20KB) LOS objects, 23% free, 52MB/68MB, paused 624us total 27.279ms
08-06 13:57:00.569  9672  9684 I art     : Starting a blocking GC Explicit
08-06 13:57:00.589  9672  9684 I art     : Explicit concurrent mark sweep GC freed 1668(107KB) AllocSpace objects, 3(400KB) LOS objects, 23% free, 52MB/68MB, paused 447us total 20.445ms
08-06 13:57:00.598  9672  9684 I art     : Starting a blocking GC Explicit
08-06 13:57:00.618  9672  9684 I art     : Explicit concurrent mark sweep GC freed 3(96B) AllocSpace objects, 0(0B) LOS objects, 23% free, 52MB/68MB, paused 454us total 20.399ms
08-06 13:57:00.627  9672  9684 I art     : Starting a blocking GC Explicit
08-06 13:57:00.648  9672  9684 I art     : Explicit concurrent mark sweep GC freed 3(96B) AllocSpace objects, 0(0B) LOS objects, 23% free, 52MB/68MB, paused 444us total 20.837ms
08-06 13:57:00.657  9672  9684 I art     : Starting a blocking GC Explicit
08-06 13:57:00.678  9672  9684 I art     : Explicit concurrent mark sweep GC freed 3(96B) AllocSpace objects, 0(0B) LOS objects, 23% free, 52MB/68MB, paused 453us total 20.433ms
08-06 13:57:00.971  9672  9685 I art     : Starting a blocking GC Explicit
08-06 13:57:01.000  9672  9685 I art     : Explicit concurrent mark sweep GC freed 1343(78KB) AllocSpace objects, 1(20KB) LOS objects, 23% free, 52MB/68MB, paused 500us total 28.340ms
08-06 13:57:01.011  9672  9685 I art     : Starting a blocking GC Explicit
08-06 13:57:01.032  9672  9685 I art     : Explicit concurrent mark sweep GC freed 20(704B) AllocSpace objects, 0(0B) LOS objects, 23% free, 52MB/68MB, paused 450us total 20.368ms
08-06 13:57:01.040  9672  9685 I art     : Starting a blocking GC Explicit
08-06 13:57:01.061  9672  9685 I art     : Explicit concurrent mark sweep GC freed 3(96B) AllocSpace objects, 0(0B) LOS objects, 23% free, 52MB/68MB, paused 465us total 20.771ms
08-06 13:57:01.070  9672  9685 I art     : Starting a blocking GC Explicit
08-06 13:57:01.091  9672  9685 I art     : Explicit concurrent mark sweep GC freed 3(96B) AllocSpace objects, 0(0B) LOS objects, 23% free, 52MB/68MB, paused 453us total 20.917ms
08-06 13:57:01.100  9672  9685 I art     : Starting a blocking GC Explicit
08-06 13:57:01.119  9672  9685 I art     : Explicit concurrent mark sweep GC freed 3(96B) AllocSpace objects, 0(0B) LOS objects, 23% free, 52MB/68MB, paused 434us total 19.276ms
08-06 13:57:01.396  9672  9919 I art     : Starting a blocking GC Explicit
08-06 13:57:01.417  9672  9919 I art     : Explicit concurrent mark sweep GC freed 1342(78KB) AllocSpace objects, 1(20KB) LOS objects, 23% free, 52MB/68MB, paused 520us total 21.186ms
08-06 13:57:01.426  9672  9919 I art     : Starting a blocking GC Explicit
08-06 13:57:01.441  5524  5524 I ServiceManager: Waiting for service AtCmdFwd...
08-06 13:57:01.446  9672  9919 I art     : Explicit concurrent mark sweep GC freed 20(704B) AllocSpace objects, 0(0B) LOS objects, 23% free, 52MB/68MB, paused 457us total 19.950ms
08-06 13:57:01.454  9672  9919 I art     : Starting a blocking GC Explicit
08-06 13:57:01.475  9672  9919 I art     : Explicit concurrent mark sweep GC freed 3(96B) AllocSpace objects, 0(0B) LOS objects, 23% free, 52MB/68MB, paused 458us total 20.032ms
08-06 13:57:01.483  9672  9919 I art     : Starting a blocking GC Explicit
08-06 13:57:01.502  9672  9919 I art     : Explicit concurrent mark sweep GC freed 3(96B) AllocSpace objects, 0(0B) LOS objects, 23% free, 52MB/68MB, paused 460us total 19.277ms
08-06 13:57:01.511  9672  9919 I art     : Starting a blocking GC Explicit
08-06 13:57:01.523 11527 11527 D AndroidRuntime: >>>>>> START com.android.internal.os.RuntimeInit uid 2000 <<<<<<
08-06 13:57:01.528 11527 11527 D AndroidRuntime: CheckJNI is OFF
08-06 13:57:01.531  9672  9919 I art     : Explicit concurrent mark sweep GC freed 3(96B) AllocSpace objects, 0(0B) LOS objects, 23% free, 52MB/68MB, paused 483us total 19.899ms
08-06 13:57:01.562 11527 11527 D ICU     : No timezone override file found: /data/misc/zoneinfo/current/icu/icu_tzdata.dat
08-06 13:57:01.595 11527 11527 I Radio-JNI: register_android_hardware_Radio DONE
08-06 13:57:01.616 11527 11527 D AndroidRuntime: Calling main entry com.android.commands.input.Input
08-06 13:57:01.618 11527 11527 I Input   : injectKeyEvent: KeyEvent { action=ACTION_DOWN, keyCode=KEYCODE_BACK, scanCode=0, metaState=0, flags=0x0, repeatCount=0, eventTime=885438031, downTime=885438031, deviceId=-1, source=0x101 }
08-06 13:57:01.624 11527 11527 I Input   : injectKeyEvent: KeyEvent { action=ACTION_UP, keyCode=KEYCODE_BACK, scanCode=0, metaState=0, flags=0x0, repeatCount=0, eventTime=885438031, downTime=885438031, deviceId=-1, source=0x101 }
08-06 13:57:01.629 11527 11527 D AndroidRuntime: Shutting down VM
08-06 13:57:01.680 13866 13866 I GoogleInputMethodServic: GoogleInputMethodService.onFinishInput():3138 
08-06 13:57:01.680 13866 13866 I GoogleInputMethodServic: GoogleInputMethodService.onStartInput():1808 
08-06 13:57:01.777  9672  9685 I art     : Starting a blocking GC Explicit
08-06 13:57:01.796  9672  9685 I art     : Explicit concurrent mark sweep GC freed 1552(87KB) AllocSpace objects, 1(20KB) LOS objects, 23% free, 52MB/68MB, paused 423us total 18.733ms
08-06 13:57:01.805  9672  9685 I art     : Starting a blocking GC Explicit
08-06 13:57:01.827  9672  9685 I art     : Explicit concurrent mark sweep GC freed 24(864B) AllocSpace objects, 0(0B) LOS objects, 23% free, 52MB/68MB, paused 468us total 21.670ms
08-06 13:57:01.838  9672  9685 I art     : Starting a blocking GC Explicit
08-06 13:57:01.861  9672  9685 I art     : Explicit concurrent mark sweep GC freed 3(96B) AllocSpace objects, 0(0B) LOS objects, 23% free, 52MB/68MB, paused 412us total 22.992ms
08-06 13:57:01.873  9672  9685 I art     : Starting a blocking GC Explicit
08-06 13:57:01.898  9672  9685 I art     : Explicit concurrent mark sweep GC freed 3(96B) AllocSpace objects, 0(0B) LOS objects, 23% free, 52MB/68MB, paused 734us total 23.959ms
08-06 13:57:01.909  9672  9685 I art     : Starting a blocking GC Explicit
08-06 13:57:01.934  9672  9685 I art     : Explicit concurrent mark sweep GC freed 3(96B) AllocSpace objects, 0(0B) LOS objects, 23% free, 52MB/68MB, paused 485us total 24.277ms
08-06 13:57:02.193  9672  9685 I art     : Starting a blocking GC Explicit
08-06 13:57:02.214  9672  9685 I art     : Explicit concurrent mark sweep GC freed 1982(109KB) AllocSpace objects, 1(20KB) LOS objects, 23% free, 52MB/68MB, paused 465us total 20.826ms
08-06 13:57:02.220   918  3261 D WifiStateMachine: starting scan for "H369AA63323"WPA_PSK with 2412,5180
08-06 13:57:02.223  9672  9685 I art     : Starting a blocking GC Explicit
08-06 13:57:02.243  9672  9685 I art     : Explicit concurrent mark sweep GC freed 2106(128KB) AllocSpace objects, 2(140KB) LOS objects, 23% free, 52MB/68MB, paused 451us total 19.869ms
08-06 13:57:02.251  9672  9685 I art     : Starting a blocking GC Explicit
08-06 13:57:02.271  9672  9685 I art     : Explicit concurrent mark sweep GC freed 3(96B) AllocSpace objects, 0(0B) LOS objects, 23% free, 52MB/68MB, paused 444us total 19.447ms
08-06 13:57:02.279  9672  9685 I art     : Starting a blocking GC Explicit
08-06 13:57:02.298  9672  9685 I art     : Explicit concurrent mark sweep GC freed 3(96B) AllocSpace objects, 0(0B) LOS objects, 23% free, 52MB/68MB, paused 443us total 18.696ms
08-06 13:57:02.307  9672  9685 I art     : Starting a blocking GC Explicit
08-06 13:57:02.326  9672  9685 I art     : Explicit concurrent mark sweep GC freed 3(96B) AllocSpace objects, 0(0B) LOS objects, 23% free, 52MB/68MB, paused 485us total 19.518ms
08-06 13:57:02.441  5524  5524 I ServiceManager: Waiting for service AtCmdFwd...
08-06 13:57:02.618  9672  9919 I art     : Starting a blocking GC Explicit
08-06 13:57:02.639  9672  9919 I art     : Explicit concurrent mark sweep GC freed 1342(78KB) AllocSpace objects, 1(20KB) LOS objects, 23% free, 52MB/68MB, paused 451us total 20.519ms
08-06 13:57:02.651  9672  9919 I art     : Starting a blocking GC Explicit
08-06 13:57:02.671  9672  9919 I art     : Explicit concurrent mark sweep GC freed 20(704B) AllocSpace objects, 0(0B) LOS objects, 23% free, 52MB/68MB, paused 483us total 20.364ms
08-06 13:57:02.680  9672  9919 I art     : Starting a blocking GC Explicit
08-06 13:57:02.700  9672  9919 I art     : Explicit concurrent mark sweep GC freed 3(96B) AllocSpace objects, 0(0B) LOS objects, 23% free, 52MB/68MB, paused 443us total 19.618ms
08-06 13:57:02.708  9672  9919 I art     : Starting a blocking GC Explicit
08-06 13:57:02.728  9672  9919 I art     : Explicit concurrent mark sweep GC freed 3(96B) AllocSpace objects, 0(0B) LOS objects, 23% free, 52MB/68MB, paused 437us total 19.492ms
08-06 13:57:02.737  9672  9919 I art     : Starting a blocking GC Explicit
08-06 13:57:02.756  9672  9919 I art     : Explicit concurrent mark sweep GC freed 3(96B) AllocSpace objects, 0(0B) LOS objects, 23% free, 52MB/68MB, paused 439us total 19.600ms
08-06 13:57:03.010   518   646 I ThermalEngine: ACTION: GPU - Setting GPU[0] to 450000000
08-06 13:57:03.020  9672  9760 I art     : Starting a blocking GC Explicit
08-06 13:57:03.045  9672  9760 I art     : Explicit concurrent mark sweep GC freed 1340(78KB) AllocSpace objects, 1(20KB) LOS objects, 23% free, 52MB/68MB, paused 610us total 25.006ms
08-06 13:57:03.056  9672  9760 I art     : Starting a blocking GC Explicit
08-06 13:57:03.080  9672  9760 I art     : Explicit concurrent mark sweep GC freed 20(704B) AllocSpace objects, 0(0B) LOS objects, 23% free, 52MB/68MB, paused 610us total 24.054ms
08-06 13:57:03.091  9672  9760 I art     : Starting a blocking GC Explicit
08-06 13:57:03.115  9672  9760 I art     : Explicit concurrent mark sweep GC freed 3(96B) AllocSpace objects, 0(0B) LOS objects, 23% free, 52MB/68MB, paused 613us total 23.523ms
08-06 13:57:03.125  9672  9760 I art     : Starting a blocking GC Explicit
08-06 13:57:03.149  9672  9760 I art     : Explicit concurrent mark sweep GC freed 3(96B) AllocSpace objects, 0(0B) LOS objects, 23% free, 52MB/68MB, paused 600us total 23.750ms
08-06 13:57:03.160  9672  9760 I art     : Starting a blocking GC Explicit
08-06 13:57:03.184  9672  9760 I art     : Explicit concurrent mark sweep GC freed 3(96B) AllocSpace objects, 0(0B) LOS objects, 23% free, 52MB/68MB, paused 617us total 23.813ms
08-06 13:57:03.377 11580 11580 D AndroidRuntime: >>>>>> START com.android.internal.os.RuntimeInit uid 2000 <<<<<<
08-06 13:57:03.384 11580 11580 D AndroidRuntime: CheckJNI is OFF
08-06 13:57:03.426 11580 11580 D ICU     : No timezone override file found: /data/misc/zoneinfo/current/icu/icu_tzdata.dat
08-06 13:57:03.442  5524  5524 I ServiceManager: Waiting for service AtCmdFwd...
08-06 13:57:03.468 11580 11580 I Radio-JNI: register_android_hardware_Radio DONE
08-06 13:57:03.497 11580 11580 D AndroidRuntime: Calling main entry com.android.commands.input.Input
08-06 13:57:03.499 11580 11580 I Input   : injectMotionEvent: MotionEvent { action=ACTION_DOWN, actionButton=0, id[0]=0, x[0]=1053.0, y[0]=1173.0, toolType[0]=TOOL_TYPE_UNKNOWN, buttonState=0, metaState=0, flags=0x0, edgeFlags=0x0, pointerCount=1, historySize=0, eventTime=885439912, downTime=885439912, deviceId=0, source=0x1002 }
08-06 13:57:03.504 11580 11580 I Input   : injectMotionEvent: MotionEvent { action=ACTION_UP, actionButton=0, id[0]=0, x[0]=1053.0, y[0]=1173.0, toolType[0]=TOOL_TYPE_UNKNOWN, buttonState=0, metaState=0, flags=0x0, edgeFlags=0x0, pointerCount=1, historySize=0, eventTime=885439912, downTime=885439912, deviceId=0, source=0x1002 }
08-06 13:57:03.506   918  3961 I ActivityManager: START u0 {cmp=baseline.appteam.nith.hillffair/.activities.QuizActivity} from uid 10697 on display 0
08-06 13:57:03.511  9672  9684 I art     : Starting a blocking GC Explicit
08-06 13:57:03.512 11580 11580 D AndroidRuntime: Shutting down VM
08-06 13:57:03.538  9672  9684 I art     : Explicit concurrent mark sweep GC freed 1686(122KB) AllocSpace objects, 1(20KB) LOS objects, 23% free, 52MB/68MB, paused 1.031ms total 26.686ms
08-06 13:57:03.548  9672  9684 I art     : Starting a blocking GC Explicit
08-06 13:57:03.576  9672  9684 I art     : Explicit concurrent mark sweep GC freed 484(21KB) AllocSpace objects, 0(0B) LOS objects, 23% free, 52MB/68MB, paused 733us total 27.530ms
08-06 13:57:03.587  9672  9684 I art     : Starting a blocking GC Explicit
08-06 13:57:03.611  9672  9684 I art     : Explicit concurrent mark sweep GC freed 126(5KB) AllocSpace objects, 0(0B) LOS objects, 23% free, 52MB/68MB, paused 923us total 23.749ms
08-06 13:57:03.622  9672  9684 I art     : Starting a blocking GC Explicit
08-06 13:57:03.648  9672  9684 I art     : Explicit concurrent mark sweep GC freed 30(1056B) AllocSpace objects, 0(0B) LOS objects, 23% free, 52MB/68MB, paused 611us total 25.215ms
08-06 13:57:03.658  9672  9684 I art     : Starting a blocking GC Explicit
08-06 13:57:03.669   918   936 I ActivityManager: Displayed baseline.appteam.nith.hillffair/.activities.QuizActivity: +156ms
08-06 13:57:03.669 13866 13866 I GoogleInputMethodServic: GoogleInputMethodService.onFinishInput():3138 
08-06 13:57:03.670 13866 13866 I GoogleInputMethodServic: GoogleInputMethodService.onStartInput():1808 
08-06 13:57:03.682  9672  9684 I art     : Explicit concurrent mark sweep GC freed 27(1152B) AllocSpace objects, 0(0B) LOS objects, 23% free, 52MB/68MB, paused 630us total 24.036ms
08-06 13:57:03.941   380   380 W SurfaceFlinger: couldn't log to binary event log: overflow.
08-06 13:57:03.984  9672 10490 I art     : Starting a blocking GC Explicit
08-06 13:57:04.009  9672 10490 I art     : Explicit concurrent mark sweep GC freed 1391(80KB) AllocSpace objects, 1(20KB) LOS objects, 23% free, 52MB/68MB, paused 537us total 24.628ms
08-06 13:57:04.019  9672 10490 I art     : Starting a blocking GC Explicit
08-06 13:57:04.043  9672 10490 I art     : Explicit concurrent mark sweep GC freed 96(5KB) AllocSpace objects, 0(0B) LOS objects, 23% free, 52MB/68MB, paused 561us total 23.613ms
08-06 13:57:04.054  9672 10490 I art     : Starting a blocking GC Explicit
08-06 13:57:04.078  9672 10490 I art     : Explicit concurrent mark sweep GC freed 11(400B) AllocSpace objects, 0(0B) LOS objects, 23% free, 52MB/68MB, paused 559us total 23.931ms
08-06 13:57:04.089  9672 10490 I art     : Starting a blocking GC Explicit
08-06 13:57:04.113  9672 10490 I art     : Explicit concurrent mark sweep GC freed 3(96B) AllocSpace objects, 0(0B) LOS objects, 23% free, 52MB/68MB, paused 549us total 23.810ms
08-06 13:57:04.124  9672 10490 I art     : Starting a blocking GC Explicit
08-06 13:57:04.149  9672 10490 I art     : Explicit concurrent mark sweep GC freed 3(96B) AllocSpace objects, 0(0B) LOS objects, 23% free, 52MB/68MB, paused 563us total 25.145ms
08-06 13:57:04.443  5524  5524 I ServiceManager: Waiting for service AtCmdFwd...
08-06 13:57:04.465  9672  9685 I art     : Starting a blocking GC Explicit
08-06 13:57:04.495  9672  9685 I art     : Explicit concurrent mark sweep GC freed 1342(78KB) AllocSpace objects, 1(20KB) LOS objects, 23% free, 52MB/68MB, paused 589us total 30.076ms
08-06 13:57:04.506  9672  9685 I art     : Starting a blocking GC Explicit
08-06 13:57:04.532  9672  9685 I art     : Explicit concurrent mark sweep GC freed 20(704B) AllocSpace objects, 0(0B) LOS objects, 23% free, 52MB/68MB, paused 575us total 25.694ms
08-06 13:57:04.543  9672  9685 I art     : Starting a blocking GC Explicit
08-06 13:57:04.569  9672  9685 I art     : Explicit concurrent mark sweep GC freed 3(96B) AllocSpace objects, 0(0B) LOS objects, 23% free, 52MB/68MB, paused 653us total 25.774ms
08-06 13:57:04.581  9672  9685 I art     : Starting a blocking GC Explicit
08-06 13:57:04.607  9672  9685 I art     : Explicit concurrent mark sweep GC freed 3(96B) AllocSpace objects, 0(0B) LOS objects, 23% free, 52MB/68MB, paused 638us total 25.683ms
08-06 13:57:04.618  9672  9685 I art     : Starting a blocking GC Explicit
08-06 13:57:04.644  9672  9685 I art     : Explicit concurrent mark sweep GC freed 3(96B) AllocSpace objects, 0(0B) LOS objects, 23% free, 52MB/68MB, paused 576us total 25.896ms
08-06 13:57:04.959  9672  9684 I art     : Starting a blocking GC Explicit
08-06 13:57:04.992  9672  9684 I art     : Explicit concurrent mark sweep GC freed 1342(78KB) AllocSpace objects, 1(20KB) LOS objects, 23% free, 52MB/68MB, paused 596us total 32.761ms
08-06 13:57:05.006  9672  9684 I art     : Starting a blocking GC Explicit
08-06 13:57:05.032  9672  9684 I art     : Explicit concurrent mark sweep GC freed 20(704B) AllocSpace objects, 0(0B) LOS objects, 23% free, 52MB/68MB, paused 570us total 26.003ms
08-06 13:57:05.043  9672  9684 I art     : Starting a blocking GC Explicit
08-06 13:57:05.069  9672  9684 I art     : Explicit concurrent mark sweep GC freed 3(96B) AllocSpace objects, 0(0B) LOS objects, 23% free, 52MB/68MB, paused 582us total 25.690ms
08-06 13:57:05.080  9672  9684 I art     : Starting a blocking GC Explicit
08-06 13:57:05.106  9672  9684 I art     : Explicit concurrent mark sweep GC freed 3(96B) AllocSpace objects, 0(0B) LOS objects, 23% free, 52MB/68MB, paused 575us total 26.143ms
08-06 13:57:05.117  9672  9684 I art     : Starting a blocking GC Explicit
08-06 13:57:05.144  9672  9684 I art     : Explicit concurrent mark sweep GC freed 3(96B) AllocSpace objects, 0(0B) LOS objects, 23% free, 52MB/68MB, paused 567us total 25.867ms
08-06 13:57:05.443  5524  5524 W Atfwd_Sendcmd: AtCmdFwd service not published, waiting... retryCnt : 5
08-06 13:57:05.499  9672  9685 I art     : Starting a blocking GC Explicit
08-06 13:57:05.526  9672  9685 I art     : Explicit concurrent mark sweep GC freed 1372(79KB) AllocSpace objects, 1(20KB) LOS objects, 23% free, 52MB/68MB, paused 586us total 26.478ms
08-06 13:57:05.540  9672  9685 I art     : Starting a blocking GC Explicit
08-06 13:57:05.567  9672  9685 I art     : Explicit concurrent mark sweep GC freed 20(704B) AllocSpace objects, 0(0B) LOS objects, 23% free, 52MB/68MB, paused 601us total 27.005ms
08-06 13:57:05.578  9672  9685 I art     : Starting a blocking GC Explicit
08-06 13:57:05.606  9672  9685 I art     : Explicit concurrent mark sweep GC freed 3(96B) AllocSpace objects, 0(0B) LOS objects, 23% free, 52MB/68MB, paused 592us total 27.290ms
08-06 13:57:05.617  9672  9685 I art     : Starting a blocking GC Explicit
08-06 13:57:05.644  9672  9685 I art     : Explicit concurrent mark sweep GC freed 3(96B) AllocSpace objects, 0(0B) LOS objects, 23% free, 52MB/68MB, paused 628us total 26.442ms
08-06 13:57:05.655  9672  9685 I art     : Starting a blocking GC Explicit
08-06 13:57:05.683  9672  9685 I art     : Explicit concurrent mark sweep GC freed 3(96B) AllocSpace objects, 0(0B) LOS objects, 23% free, 52MB/68MB, paused 595us total 27.661ms
08-06 13:57:05.966  9672  9684 I art     : Starting a blocking GC Explicit
08-06 13:57:05.994  9672  9684 I art     : Explicit concurrent mark sweep GC freed 1342(78KB) AllocSpace objects, 1(20KB) LOS objects, 23% free, 52MB/68MB, paused 587us total 27.375ms
08-06 13:57:06.004  9672  9684 I art     : Starting a blocking GC Explicit
08-06 13:57:06.030  9672  9684 I art     : Explicit concurrent mark sweep GC freed 20(704B) AllocSpace objects, 0(0B) LOS objects, 23% free, 52MB/68MB, paused 599us total 25.042ms
08-06 13:57:06.041  9672  9684 I art     : Starting a blocking GC Explicit
08-06 13:57:06.067  9672  9684 I art     : Explicit concurrent mark sweep GC freed 3(96B) AllocSpace objects, 0(0B) LOS objects, 23% free, 52MB/68MB, paused 688us total 26.398ms
08-06 13:57:06.078  9672  9684 I art     : Starting a blocking GC Explicit
08-06 13:57:06.104  9672  9684 I art     : Explicit concurrent mark sweep GC freed 3(96B) AllocSpace objects, 0(0B) LOS objects, 23% free, 52MB/68MB, paused 570us total 25.860ms
08-06 13:57:06.115  9672  9684 I art     : Starting a blocking GC Explicit
08-06 13:57:06.142  9672  9684 I art     : Explicit concurrent mark sweep GC freed 3(96B) AllocSpace objects, 0(0B) LOS objects, 23% free, 52MB/68MB, paused 599us total 26.960ms
08-06 13:57:06.315 11655 11655 D AndroidRuntime: >>>>>> START com.android.internal.os.RuntimeInit uid 2000 <<<<<<
08-06 13:57:06.322 11655 11655 D AndroidRuntime: CheckJNI is OFF
08-06 13:57:06.363 11655 11655 D ICU     : No timezone override file found: /data/misc/zoneinfo/current/icu/icu_tzdata.dat
08-06 13:57:06.404 11655 11655 I Radio-JNI: register_android_hardware_Radio DONE
08-06 13:57:06.433 11655 11655 D AndroidRuntime: Calling main entry com.android.commands.input.Input
08-06 13:57:06.435 11655 11655 I Input   : injectMotionEvent: MotionEvent { action=ACTION_DOWN, actionButton=0, id[0]=0, x[0]=756.0, y[0]=1530.0, toolType[0]=TOOL_TYPE_UNKNOWN, buttonState=0, metaState=0, flags=0x0, edgeFlags=0x0, pointerCount=1, historySize=0, eventTime=885442848, downTime=885442848, deviceId=0, source=0x1002 }
08-06 13:57:06.439 11655 11655 I Input   : injectMotionEvent: MotionEvent { action=ACTION_UP, actionButton=0, id[0]=0, x[0]=756.0, y[0]=1530.0, toolType[0]=TOOL_TYPE_UNKNOWN, buttonState=0, metaState=0, flags=0x0, edgeFlags=0x0, pointerCount=1, historySize=0, eventTime=885442848, downTime=885442848, deviceId=0, source=0x1002 }
08-06 13:57:06.441 11655 11655 D AndroidRuntime: Shutting down VM
08-06 13:57:06.451  9672  9919 I art     : Starting a blocking GC Explicit
08-06 13:57:06.457   918  6029 I ActivityManager: START u0 {cmp=baseline.appteam.nith.hillffair/.activities.LeaderBoardActivity} from uid 10697 on display 0
08-06 13:57:06.459   512  2967 D audio_hw_primary: out_set_parameters: enter: usecase(1: low-latency-playback) kvpairs: routing=2
08-06 13:57:06.472   512  2967 D audio_hw_primary: select_devices: out_snd_device(2: speaker) in_snd_device(0: none)
08-06 13:57:06.472   512  2967 D msm8974_platform: platform_send_audio_calibration: sending audio calibration for snd_device(2) acdb_id(15)
08-06 13:57:06.472   512  2967 I soundtrigger: audio_extn_sound_trigger_update_device_status: device 0x2 of type 0 for Event 1
08-06 13:57:06.484  9672  9919 I art     : Explicit concurrent mark sweep GC freed 1535(96KB) AllocSpace objects, 1(20KB) LOS objects, 23% free, 52MB/68MB, paused 1.393ms total 32.137ms
08-06 13:57:06.488   512  2967 D audio_hw_primary: enable_snd_device: snd_device(2: speaker)
08-06 13:57:06.490   512  2967 D audio_hw_primary: enable_audio_route: apply and update mixer path: low-latency-playback speaker
08-06 13:57:06.495  9672  9919 I art     : Starting a blocking GC Explicit
08-06 13:57:06.521  9672  9919 I art     : Explicit concurrent mark sweep GC freed 4716(273KB) AllocSpace objects, 0(0B) LOS objects, 23% free, 52MB/68MB, paused 883us total 25.955ms
08-06 13:57:06.532  9672  9919 I art     : Starting a blocking GC Explicit
08-06 13:57:06.557  9672  9919 I art     : Explicit concurrent mark sweep GC freed 259(11KB) AllocSpace objects, 0(0B) LOS objects, 23% free, 52MB/68MB, paused 637us total 24.121ms
08-06 13:57:06.567  9672  9919 I art     : Starting a blocking GC Explicit
08-06 13:57:06.593  9672  9672 E RecyclerView: No adapter attached; skipping layout
08-06 13:57:06.593  9672  9919 I art     : Explicit concurrent mark sweep GC freed 14(528B) AllocSpace objects, 0(0B) LOS objects, 23% free, 52MB/68MB, paused 1.043ms total 26.135ms
08-06 13:57:06.595  9672  9672 E RecyclerView: No adapter attached; skipping layout
08-06 13:57:06.604  9672  9919 I art     : Starting a blocking GC Explicit
08-06 13:57:06.624   918   936 I ActivityManager: Displayed baseline.appteam.nith.hillffair/.activities.LeaderBoardActivity: +157ms
08-06 13:57:06.626 13866 13866 I GoogleInputMethodServic: GoogleInputMethodService.onFinishInput():3138 
08-06 13:57:06.628  9672  9672 E RecyclerView: No adapter attached; skipping layout
08-06 13:57:06.628 13866 13866 I GoogleInputMethodServic: GoogleInputMethodService.onStartInput():1808 
08-06 13:57:06.633  9672  9919 I art     : Explicit concurrent mark sweep GC freed 199(8KB) AllocSpace objects, 0(0B) LOS objects, 23% free, 52MB/68MB, paused 663us total 28.764ms
08-06 13:57:06.656  9672  9695 D OpenGLRenderer: endAllStagingAnimators on 0x7f828fc400 (RippleDrawable) with handle 0x7f805bd460
08-06 13:57:06.893   380   380 W SurfaceFlinger: couldn't log to binary event log: overflow.
08-06 13:57:06.933  9672  9919 I art     : Starting a blocking GC Explicit
08-06 13:57:06.957  9672  9919 I art     : Explicit concurrent mark sweep GC freed 1381(80KB) AllocSpace objects, 1(20KB) LOS objects, 23% free, 52MB/68MB, paused 589us total 23.870ms
08-06 13:57:06.967  9672  9919 I art     : Starting a blocking GC Explicit
08-06 13:57:06.991  9672  9919 I art     : Explicit concurrent mark sweep GC freed 38(1296B) AllocSpace objects, 0(0B) LOS objects, 23% free, 52MB/68MB, paused 600us total 23.624ms
08-06 13:57:07.002  9672  9919 I art     : Starting a blocking GC Explicit
08-06 13:57:07.029   512  2967 D audio_hw_primary: disable_audio_route: reset and update mixer path: low-latency-playback speaker
08-06 13:57:07.030  9672  9919 I art     : Explicit concurrent mark sweep GC freed 103(6KB) AllocSpace objects, 0(0B) LOS objects, 23% free, 52MB/68MB, paused 600us total 27.963ms
08-06 13:57:07.031   512  2967 D audio_hw_primary: disable_snd_device: snd_device(2: speaker)
08-06 13:57:07.039   512  2967 I soundtrigger: audio_extn_sound_trigger_update_device_status: device 0x2 of type 0 for Event 0
08-06 13:57:07.040  9672  9919 I art     : Starting a blocking GC Explicit
08-06 13:57:07.065  9672  9919 I art     : Explicit concurrent mark sweep GC freed 30(1024B) AllocSpace objects, 0(0B) LOS objects, 23% free, 52MB/68MB, paused 621us total 24.365ms
08-06 13:57:07.076  9672  9919 I art     : Starting a blocking GC Explicit
08-06 13:57:07.101  9672  9919 I art     : Explicit concurrent mark sweep GC freed 15(560B) AllocSpace objects, 0(0B) LOS objects, 23% free, 52MB/68MB, paused 794us total 25.569ms
08-06 13:57:07.367  9672 11688 D OkHttp  : --> GET https://api-hillfair-2k16.herokuapp.com/api/app/quiz/leaderboard?from=1 http/1.1
08-06 13:57:07.399  9672  9760 I art     : Starting a blocking GC Explicit
08-06 13:57:07.405  9672 11688 D OkHttp  : <-- 200 OK https://api-hillfair-2k16.herokuapp.com/api/app/quiz/leaderboard?from=1 (37ms, 56744-byte body)
08-06 13:57:07.428  9672  9760 I art     : Explicit concurrent mark sweep GC freed 10674(532KB) AllocSpace objects, 4(220KB) LOS objects, 23% free, 52MB/68MB, paused 784us total 29.115ms
08-06 13:57:07.439  9672  9760 I art     : Starting a blocking GC Explicit
08-06 13:57:07.467  9672  9760 I art     : Explicit concurrent mark sweep GC freed 15263(778KB) AllocSpace objects, 0(0B) LOS objects, 23% free, 52MB/68MB, paused 792us total 27.196ms
08-06 13:57:07.477  9672  9760 I art     : Starting a blocking GC Explicit
08-06 13:57:07.484  9672  9672 I NAPPA_EXPERIMENTATION: MetricNetworkRequestExecutionTime: REQUEST_DURATION_SYSTEM='977',REQUEST_DURATION_OKHTTP='37',REQUEST_SYNCHRONOUS='FALSE',RESPONSE_CODE='200',RESPONSE_METHOD='GET',RESPONSE_LENGTH_OKHTTP='56744',RESPONSE_LENGTH_HEADER='56744',REQUEST_PROTOCOL='http/1.1',REQUEST_URL='https://api-hillfair-2k16.herokuapp.com/api/app/quiz/leaderboard?from=1',
08-06 13:57:07.504  9672  9760 I art     : Explicit concurrent mark sweep GC freed 4329(218KB) AllocSpace objects, 0(0B) LOS objects, 23% free, 52MB/68MB, paused 792us total 26.057ms
08-06 13:57:07.514  9672  9760 I art     : Starting a blocking GC Explicit
08-06 13:57:07.541  9672  9760 I art     : Explicit concurrent mark sweep GC freed 554(23KB) AllocSpace objects, 0(0B) LOS objects, 23% free, 52MB/68MB, paused 1.070ms total 26.908ms
08-06 13:57:07.552  9672  9760 I art     : Starting a blocking GC Explicit
08-06 13:57:07.580  9672  9760 I art     : Explicit concurrent mark sweep GC freed 486(19KB) AllocSpace objects, 0(0B) LOS objects, 23% free, 52MB/68MB, paused 623us total 28.034ms
08-06 13:57:07.882  9672  9685 I art     : Starting a blocking GC Explicit
08-06 13:57:07.911  9672  9685 I art     : Explicit concurrent mark sweep GC freed 1451(81KB) AllocSpace objects, 1(20KB) LOS objects, 23% free, 52MB/68MB, paused 624us total 29.307ms
08-06 13:57:07.923  9672  9685 I art     : Starting a blocking GC Explicit
08-06 13:57:07.952  9672  9685 I art     : Explicit concurrent mark sweep GC freed 20(704B) AllocSpace objects, 0(0B) LOS objects, 23% free, 52MB/68MB, paused 593us total 29.171ms
08-06 13:57:07.964  9672  9685 I art     : Starting a blocking GC Explicit
08-06 13:57:07.993  9672  9685 I art     : Explicit concurrent mark sweep GC freed 3(96B) AllocSpace objects, 0(0B) LOS objects, 23% free, 52MB/68MB, paused 613us total 28.732ms
08-06 13:57:08.004  9672  9685 I art     : Starting a blocking GC Explicit
08-06 13:57:08.033  9672  9685 I art     : Explicit concurrent mark sweep GC freed 3(96B) AllocSpace objects, 0(0B) LOS objects, 23% free, 52MB/68MB, paused 597us total 28.642ms
08-06 13:57:08.044  9672  9685 I art     : Starting a blocking GC Explicit
08-06 13:57:08.073  9672  9685 I art     : Explicit concurrent mark sweep GC freed 3(96B) AllocSpace objects, 0(0B) LOS objects, 23% free, 52MB/68MB, paused 613us total 28.043ms
08-06 13:57:08.400  9672  9684 I art     : Starting a blocking GC Explicit
08-06 13:57:08.436  9672  9684 I art     : Explicit concurrent mark sweep GC freed 1347(78KB) AllocSpace objects, 1(20KB) LOS objects, 23% free, 52MB/68MB, paused 646us total 35.086ms
08-06 13:57:08.450  9672  9684 I art     : Starting a blocking GC Explicit
08-06 13:57:08.480  9672  9684 I art     : Explicit concurrent mark sweep GC freed 20(704B) AllocSpace objects, 0(0B) LOS objects, 23% free, 52MB/68MB, paused 626us total 29.862ms
08-06 13:57:08.492  9672  9684 I art     : Starting a blocking GC Explicit
08-06 13:57:08.523  9672  9684 I art     : Explicit concurrent mark sweep GC freed 3(96B) AllocSpace objects, 0(0B) LOS objects, 23% free, 52MB/68MB, paused 596us total 31.097ms
08-06 13:57:08.534  9672  9684 I art     : Starting a blocking GC Explicit
08-06 13:57:08.566  9672  9684 I art     : Explicit concurrent mark sweep GC freed 3(96B) AllocSpace objects, 0(0B) LOS objects, 23% free, 52MB/68MB, paused 631us total 30.962ms
08-06 13:57:08.566  9672  9683 I art     : WaitForGcToComplete blocked for 27.853ms for cause HeapTrim
08-06 13:57:08.577  9672  9684 I art     : Starting a blocking GC Explicit
08-06 13:57:08.609  9672  9684 I art     : Explicit concurrent mark sweep GC freed 3(96B) AllocSpace objects, 0(0B) LOS objects, 23% free, 52MB/68MB, paused 628us total 31.541ms
08-06 13:57:08.935  9672  9760 I art     : Starting a blocking GC Explicit
08-06 13:57:08.974  9672  9760 I art     : Explicit concurrent mark sweep GC freed 1347(78KB) AllocSpace objects, 1(20KB) LOS objects, 23% free, 52MB/68MB, paused 703us total 38.532ms
08-06 13:57:08.990  9672  9760 I art     : Starting a blocking GC Explicit
08-06 13:57:09.019  9672  9760 I art     : Explicit concurrent mark sweep GC freed 20(704B) AllocSpace objects, 0(0B) LOS objects, 23% free, 52MB/68MB, paused 600us total 29.376ms
08-06 13:57:09.031  9672  9760 I art     : Starting a blocking GC Explicit
08-06 13:57:09.062  9672  9760 I art     : Explicit concurrent mark sweep GC freed 3(96B) AllocSpace objects, 0(0B) LOS objects, 23% free, 52MB/68MB, paused 615us total 30.894ms
08-06 13:57:09.074  9672  9760 I art     : Starting a blocking GC Explicit
08-06 13:57:09.104  9672  9760 I art     : Explicit concurrent mark sweep GC freed 3(96B) AllocSpace objects, 0(0B) LOS objects, 23% free, 52MB/68MB, paused 600us total 30.187ms
08-06 13:57:09.116  9672  9760 I art     : Starting a blocking GC Explicit
08-06 13:57:09.142  9672  9760 I art     : Explicit concurrent mark sweep GC freed 3(96B) AllocSpace objects, 0(0B) LOS objects, 23% free, 52MB/68MB, paused 592us total 25.750ms
08-06 13:57:09.474  9672 10490 I art     : Starting a blocking GC Explicit
08-06 13:57:09.509  9672 10490 I art     : Explicit concurrent mark sweep GC freed 1347(78KB) AllocSpace objects, 1(20KB) LOS objects, 23% free, 52MB/68MB, paused 619us total 34.136ms
08-06 13:57:09.520  9672 10490 I art     : Starting a blocking GC Explicit
08-06 13:57:09.552  9672 10490 I art     : Explicit concurrent mark sweep GC freed 20(704B) AllocSpace objects, 0(0B) LOS objects, 23% free, 52MB/68MB, paused 612us total 31.203ms
08-06 13:57:09.564  9672 10490 I art     : Starting a blocking GC Explicit
08-06 13:57:09.595  9672 10490 I art     : Explicit concurrent mark sweep GC freed 3(96B) AllocSpace objects, 0(0B) LOS objects, 23% free, 52MB/68MB, paused 713us total 31.100ms
08-06 13:57:09.607  9672 10490 I art     : Starting a blocking GC Explicit
08-06 13:57:09.636  9672 10490 I art     : Explicit concurrent mark sweep GC freed 3(96B) AllocSpace objects, 0(0B) LOS objects, 23% free, 52MB/68MB, paused 623us total 29.364ms
08-06 13:57:09.648  9672 10490 I art     : Starting a blocking GC Explicit
08-06 13:57:09.679  9672 10490 I art     : Explicit concurrent mark sweep GC freed 3(96B) AllocSpace objects, 0(0B) LOS objects, 23% free, 52MB/68MB, paused 608us total 30.819ms
08-06 13:57:10.007  9672  9919 I art     : Starting a blocking GC Explicit
08-06 13:57:10.048  9672  9919 I art     : Explicit concurrent mark sweep GC freed 1347(78KB) AllocSpace objects, 1(20KB) LOS objects, 23% free, 52MB/68MB, paused 698us total 40.184ms
08-06 13:57:10.062  9672  9919 I art     : Starting a blocking GC Explicit
08-06 13:57:10.093  9672  9919 I art     : Explicit concurrent mark sweep GC freed 20(704B) AllocSpace objects, 0(0B) LOS objects, 23% free, 52MB/68MB, paused 592us total 31.061ms
08-06 13:57:10.105  9672  9919 I art     : Starting a blocking GC Explicit
08-06 13:57:10.135  9672  9919 I art     : Explicit concurrent mark sweep GC freed 3(96B) AllocSpace objects, 0(0B) LOS objects, 23% free, 52MB/68MB, paused 619us total 30.061ms
08-06 13:57:10.147  9672  9919 I art     : Starting a blocking GC Explicit
08-06 13:57:10.178  9672  9919 I art     : Explicit concurrent mark sweep GC freed 3(96B) AllocSpace objects, 0(0B) LOS objects, 23% free, 52MB/68MB, paused 639us total 31.153ms
08-06 13:57:10.190  9672  9919 I art     : Starting a blocking GC Explicit
08-06 13:57:10.222  9672  9919 I art     : Explicit concurrent mark sweep GC freed 3(96B) AllocSpace objects, 0(0B) LOS objects, 23% free, 52MB/68MB, paused 628us total 31.475ms
08-06 13:57:10.569  9672  9685 I art     : Starting a blocking GC Explicit
08-06 13:57:10.608  9672  9685 I art     : Explicit concurrent mark sweep GC freed 1347(78KB) AllocSpace objects, 1(20KB) LOS objects, 23% free, 52MB/68MB, paused 795us total 38.058ms
08-06 13:57:10.623  9672  9685 I art     : Starting a blocking GC Explicit
08-06 13:57:10.654  9672  9685 I art     : Explicit concurrent mark sweep GC freed 20(704B) AllocSpace objects, 0(0B) LOS objects, 23% free, 52MB/68MB, paused 629us total 30.948ms
08-06 13:57:10.665  9672  9685 I art     : Starting a blocking GC Explicit
08-06 13:57:10.695  9672  9685 I art     : Explicit concurrent mark sweep GC freed 3(96B) AllocSpace objects, 0(0B) LOS objects, 23% free, 52MB/68MB, paused 599us total 29.117ms
08-06 13:57:10.706  9672  9685 I art     : Starting a blocking GC Explicit
08-06 13:57:10.733  9672  9685 I art     : Explicit concurrent mark sweep GC freed 3(96B) AllocSpace objects, 0(0B) LOS objects, 23% free, 52MB/68MB, paused 559us total 26.656ms
08-06 13:57:10.744  9672  9685 I art     : Starting a blocking GC Explicit
08-06 13:57:10.772  9672  9685 I art     : Explicit concurrent mark sweep GC freed 3(96B) AllocSpace objects, 0(0B) LOS objects, 23% free, 52MB/68MB, paused 623us total 27.023ms
08-06 13:57:11.022   518   646 I ThermalEngine: ACTION: GPU - Setting GPU[0] to 510000000
08-06 13:57:11.078  9672  9684 I art     : Starting a blocking GC Explicit
08-06 13:57:11.103  9672  9684 I art     : Explicit concurrent mark sweep GC freed 1347(78KB) AllocSpace objects, 1(20KB) LOS objects, 23% free, 52MB/68MB, paused 669us total 24.548ms
08-06 13:57:11.116  9672  9684 I art     : Starting a blocking GC Explicit
08-06 13:57:11.138  9672  9684 I art     : Explicit concurrent mark sweep GC freed 20(704B) AllocSpace objects, 0(0B) LOS objects, 23% free, 52MB/68MB, paused 458us total 22.228ms
08-06 13:57:11.147  9672  9684 I art     : Starting a blocking GC Explicit
08-06 13:57:11.169  9672  9684 I art     : Explicit concurrent mark sweep GC freed 3(96B) AllocSpace objects, 0(0B) LOS objects, 23% free, 52MB/68MB, paused 469us total 21.805ms
08-06 13:57:11.178  9672  9684 I art     : Starting a blocking GC Explicit
08-06 13:57:11.200  9672  9684 I art     : Explicit concurrent mark sweep GC freed 3(96B) AllocSpace objects, 0(0B) LOS objects, 23% free, 52MB/68MB, paused 535us total 22.384ms
08-06 13:57:11.201 11770 11770 D AndroidRuntime: >>>>>> START com.android.internal.os.RuntimeInit uid 2000 <<<<<<
08-06 13:57:11.207 11770 11770 D AndroidRuntime: CheckJNI is OFF
08-06 13:57:11.210  9672  9684 I art     : Starting a blocking GC Explicit
08-06 13:57:11.230  9672  9684 I art     : Explicit concurrent mark sweep GC freed 3(96B) AllocSpace objects, 0(0B) LOS objects, 23% free, 52MB/68MB, paused 462us total 20.648ms
08-06 13:57:11.242 11770 11770 D ICU     : No timezone override file found: /data/misc/zoneinfo/current/icu/icu_tzdata.dat
08-06 13:57:11.274 11770 11770 I Radio-JNI: register_android_hardware_Radio DONE
08-06 13:57:11.296 11770 11770 D AndroidRuntime: Calling main entry com.android.commands.input.Input
08-06 13:57:11.297 11770 11770 I Input   : injectKeyEvent: KeyEvent { action=ACTION_DOWN, keyCode=KEYCODE_BACK, scanCode=0, metaState=0, flags=0x0, repeatCount=0, eventTime=885447710, downTime=885447710, deviceId=-1, source=0x101 }
08-06 13:57:11.303 11770 11770 I Input   : injectKeyEvent: KeyEvent { action=ACTION_UP, keyCode=KEYCODE_BACK, scanCode=0, metaState=0, flags=0x0, repeatCount=0, eventTime=885447710, downTime=885447710, deviceId=-1, source=0x101 }
08-06 13:57:11.308 11770 11770 D AndroidRuntime: Shutting down VM
08-06 13:57:11.349 13866 13866 I GoogleInputMethodServic: GoogleInputMethodService.onFinishInput():3138 
08-06 13:57:11.350 13866 13866 I GoogleInputMethodServic: GoogleInputMethodService.onStartInput():1808 
08-06 13:57:11.487  9672  9684 I art     : Starting a blocking GC Explicit
08-06 13:57:11.511  9672  9684 I art     : Explicit concurrent mark sweep GC freed 1484(84KB) AllocSpace objects, 1(20KB) LOS objects, 23% free, 52MB/68MB, paused 442us total 23.766ms
08-06 13:57:11.519  9672  9684 I art     : Starting a blocking GC Explicit
08-06 13:57:11.541  9672  9684 I art     : Explicit concurrent mark sweep GC freed 26(944B) AllocSpace objects, 0(0B) LOS objects, 23% free, 52MB/68MB, paused 448us total 21.358ms
08-06 13:57:11.550  9672  9684 I art     : Starting a blocking GC Explicit
08-06 13:57:11.571  9672  9684 I art     : Explicit concurrent mark sweep GC freed 3(96B) AllocSpace objects, 0(0B) LOS objects, 23% free, 52MB/68MB, paused 400us total 21.066ms
08-06 13:57:11.582  9672  9684 I art     : Starting a blocking GC Explicit
08-06 13:57:11.605  9672  9684 I art     : Explicit concurrent mark sweep GC freed 3(96B) AllocSpace objects, 0(0B) LOS objects, 23% free, 52MB/68MB, paused 418us total 23.335ms
08-06 13:57:11.617  9672  9684 I art     : Starting a blocking GC Explicit
08-06 13:57:11.637   380   380 W SurfaceFlinger: couldn't log to binary event log: overflow.
08-06 13:57:11.640  9672  9684 I art     : Explicit concurrent mark sweep GC freed 89(6KB) AllocSpace objects, 0(0B) LOS objects, 23% free, 52MB/68MB, paused 854us total 22.772ms
08-06 13:57:11.927  9672 10490 I art     : Starting a blocking GC Explicit
08-06 13:57:11.951  9672 10490 I art     : Explicit concurrent mark sweep GC freed 1380(80KB) AllocSpace objects, 1(20KB) LOS objects, 23% free, 52MB/68MB, paused 463us total 24.316ms
08-06 13:57:11.960  9672 10490 I art     : Starting a blocking GC Explicit
08-06 13:57:11.983  9672 10490 I art     : Explicit concurrent mark sweep GC freed 4698(269KB) AllocSpace objects, 2(140KB) LOS objects, 23% free, 52MB/68MB, paused 444us total 22.162ms
08-06 13:57:11.991  9672 10490 I art     : Starting a blocking GC Explicit
08-06 13:57:12.013  9672 10490 I art     : Explicit concurrent mark sweep GC freed 3(96B) AllocSpace objects, 0(0B) LOS objects, 23% free, 52MB/68MB, paused 459us total 21.185ms
08-06 13:57:12.021  9672 10490 I art     : Starting a blocking GC Explicit
08-06 13:57:12.042  9672 10490 I art     : Explicit concurrent mark sweep GC freed 3(96B) AllocSpace objects, 0(0B) LOS objects, 23% free, 52MB/68MB, paused 438us total 20.657ms
08-06 13:57:12.051  9672 10490 I art     : Starting a blocking GC Explicit
08-06 13:57:12.071  9672 10490 I art     : Explicit concurrent mark sweep GC freed 3(96B) AllocSpace objects, 0(0B) LOS objects, 23% free, 52MB/68MB, paused 428us total 20.495ms
08-06 13:57:12.363  9672  9760 I art     : Starting a blocking GC Explicit
08-06 13:57:12.387  9672  9760 I art     : Explicit concurrent mark sweep GC freed 1347(78KB) AllocSpace objects, 1(20KB) LOS objects, 23% free, 52MB/68MB, paused 490us total 24.262ms
08-06 13:57:12.400  9672  9760 I art     : Starting a blocking GC Explicit
08-06 13:57:12.414   918  3188 I hubconnection: sensorhub said: 'set_bias 3: -5.9808, 0.0000, 0.0000'
08-06 13:57:12.421  9672  9760 I art     : Explicit concurrent mark sweep GC freed 20(704B) AllocSpace objects, 0(0B) LOS objects, 23% free, 52MB/68MB, paused 461us total 21.057ms
08-06 13:57:12.430  9672  9760 I art     : Starting a blocking GC Explicit
08-06 13:57:12.451  9672  9760 I art     : Explicit concurrent mark sweep GC freed 3(96B) AllocSpace objects, 0(0B) LOS objects, 23% free, 52MB/68MB, paused 471us total 21.229ms
08-06 13:57:12.460  9672  9760 I art     : Starting a blocking GC Explicit
08-06 13:57:12.482  9672  9760 I art     : Explicit concurrent mark sweep GC freed 3(96B) AllocSpace objects, 0(0B) LOS objects, 23% free, 52MB/68MB, paused 447us total 21.399ms
08-06 13:57:12.491  9672  9760 I art     : Starting a blocking GC Explicit
08-06 13:57:12.512  9672  9760 I art     : Explicit concurrent mark sweep GC freed 7(224B) AllocSpace objects, 0(0B) LOS objects, 23% free, 52MB/68MB, paused 445us total 21.441ms
08-06 13:57:12.794  9672  9919 I art     : Starting a blocking GC Explicit
08-06 13:57:12.816  9672  9919 I art     : Explicit concurrent mark sweep GC freed 1355(78KB) AllocSpace objects, 1(20KB) LOS objects, 23% free, 52MB/68MB, paused 460us total 21.550ms
08-06 13:57:12.825  9672  9919 I art     : Starting a blocking GC Explicit
08-06 13:57:12.846  9672  9919 I art     : Explicit concurrent mark sweep GC freed 34(1136B) AllocSpace objects, 0(0B) LOS objects, 23% free, 52MB/68MB, paused 458us total 21.211ms
08-06 13:57:12.855  9672  9919 I art     : Starting a blocking GC Explicit
08-06 13:57:12.875  9672  9919 I art     : Explicit concurrent mark sweep GC freed 3(96B) AllocSpace objects, 0(0B) LOS objects, 23% free, 52MB/68MB, paused 449us total 20.370ms
08-06 13:57:12.884  9672  9919 I art     : Starting a blocking GC Explicit
08-06 13:57:12.905  9672  9919 I art     : Explicit concurrent mark sweep GC freed 3(96B) AllocSpace objects, 0(0B) LOS objects, 23% free, 52MB/68MB, paused 456us total 20.384ms
08-06 13:57:12.913  9672  9919 I art     : Starting a blocking GC Explicit
08-06 13:57:12.933  9672  9919 I art     : Explicit concurrent mark sweep GC freed 4(128B) AllocSpace objects, 0(0B) LOS objects, 23% free, 52MB/68MB, paused 441us total 19.503ms
08-06 13:57:12.958 11824 11824 D AndroidRuntime: >>>>>> START com.android.internal.os.RuntimeInit uid 2000 <<<<<<
08-06 13:57:12.963 11824 11824 D AndroidRuntime: CheckJNI is OFF
08-06 13:57:12.994 11824 11824 D ICU     : No timezone override file found: /data/misc/zoneinfo/current/icu/icu_tzdata.dat
08-06 13:57:13.028 11824 11824 I Radio-JNI: register_android_hardware_Radio DONE
08-06 13:57:13.049 11824 11824 D AndroidRuntime: Calling main entry com.android.commands.input.Input
08-06 13:57:13.051 11824 11824 I Input   : injectMotionEvent: MotionEvent { action=ACTION_DOWN, actionButton=0, id[0]=0, x[0]=648.0, y[0]=1050.0, toolType[0]=TOOL_TYPE_UNKNOWN, buttonState=0, metaState=0, flags=0x0, edgeFlags=0x0, pointerCount=1, historySize=0, eventTime=885449464, downTime=885449464, deviceId=0, source=0x1002 }
08-06 13:57:13.057 11824 11824 I Input   : injectMotionEvent: MotionEvent { action=ACTION_UP, actionButton=0, id[0]=0, x[0]=648.0, y[0]=1050.0, toolType[0]=TOOL_TYPE_UNKNOWN, buttonState=0, metaState=0, flags=0x0, edgeFlags=0x0, pointerCount=1, historySize=0, eventTime=885449464, downTime=885449464, deviceId=0, source=0x1002 }
08-06 13:57:13.062 11824 11824 D AndroidRuntime: Shutting down VM
08-06 13:57:13.075   918  6112 I ActivityManager: START u0 {cmp=baseline.appteam.nith.hillffair/.activities.InformationActivity} from uid 10697 on display 0
08-06 13:57:13.078   512  2967 D audio_hw_primary: out_set_parameters: enter: usecase(1: low-latency-playback) kvpairs: routing=2
08-06 13:57:13.091   512  2967 D audio_hw_primary: select_devices: out_snd_device(2: speaker) in_snd_device(0: none)
08-06 13:57:13.091   512  2967 D msm8974_platform: platform_send_audio_calibration: sending audio calibration for snd_device(2) acdb_id(15)
08-06 13:57:13.091   512  2967 I soundtrigger: audio_extn_sound_trigger_update_device_status: device 0x2 of type 0 for Event 1
08-06 13:57:13.101   512  2967 D audio_hw_primary: enable_snd_device: snd_device(2: speaker)
08-06 13:57:13.103   512  2967 D audio_hw_primary: enable_audio_route: apply and update mixer path: low-latency-playback speaker
08-06 13:57:13.183  9672  9760 I art     : Starting a blocking GC Explicit
08-06 13:57:13.202  9672  9760 I art     : Explicit concurrent mark sweep GC freed 2354(157KB) AllocSpace objects, 1(20KB) LOS objects, 23% free, 52MB/68MB, paused 498us total 19.546ms
08-06 13:57:13.211  9672  9760 I art     : Starting a blocking GC Explicit
08-06 13:57:13.223 13866 13866 I GoogleInputMethodServic: GoogleInputMethodService.onFinishInput():3138 
08-06 13:57:13.224 13866 13866 I GoogleInputMethodServic: GoogleInputMethodService.onStartInput():1808 
08-06 13:57:13.225   918   936 I ActivityManager: Displayed baseline.appteam.nith.hillffair/.activities.InformationActivity: +132ms
08-06 13:57:13.234  9672  9760 I art     : Explicit concurrent mark sweep GC freed 206(8KB) AllocSpace objects, 0(0B) LOS objects, 23% free, 52MB/68MB, paused 679us total 23.061ms
08-06 13:57:13.241  9672  9695 D OpenGLRenderer: endAllStagingAnimators on 0x7f82887800 (RippleDrawable) with handle 0x7f7e9630e0
08-06 13:57:13.243  9672  9760 I art     : Starting a blocking GC Explicit
08-06 13:57:13.264  9672  9760 I art     : Explicit concurrent mark sweep GC freed 18(832B) AllocSpace objects, 0(0B) LOS objects, 23% free, 52MB/68MB, paused 422us total 21.130ms
08-06 13:57:13.273  9672  9760 I art     : Starting a blocking GC Explicit
08-06 13:57:13.293  9672  9760 I art     : Explicit concurrent mark sweep GC freed 24(848B) AllocSpace objects, 0(0B) LOS objects, 23% free, 52MB/68MB, paused 432us total 19.522ms
08-06 13:57:13.301  9672  9760 I art     : Starting a blocking GC Explicit
08-06 13:57:13.320  9672  9760 I art     : Explicit concurrent mark sweep GC freed 7(256B) AllocSpace objects, 0(0B) LOS objects, 23% free, 52MB/68MB, paused 410us total 18.600ms
08-06 13:57:13.473   380   380 W SurfaceFlinger: couldn't log to binary event log: overflow.
08-06 13:57:13.576  9672  9685 I art     : Starting a blocking GC Explicit
08-06 13:57:13.597  9672  9685 I art     : Explicit concurrent mark sweep GC freed 1413(83KB) AllocSpace objects, 1(20KB) LOS objects, 23% free, 52MB/68MB, paused 485us total 20.697ms
08-06 13:57:13.606  9672  9685 I art     : Starting a blocking GC Explicit
08-06 13:57:13.626  9672  9685 I art     : Explicit concurrent mark sweep GC freed 52(2192B) AllocSpace objects, 0(0B) LOS objects, 23% free, 52MB/68MB, paused 413us total 20.556ms
08-06 13:57:13.627  9672  9683 I art     : WaitForGcToComplete blocked for 17.079ms for cause HeapTrim
08-06 13:57:13.635  9672  9685 I art     : Starting a blocking GC Explicit
08-06 13:57:13.639   512  2967 D audio_hw_primary: disable_audio_route: reset and update mixer path: low-latency-playback speaker
08-06 13:57:13.640   512  2967 D audio_hw_primary: disable_snd_device: snd_device(2: speaker)
08-06 13:57:13.647   512  2967 I soundtrigger: audio_extn_sound_trigger_update_device_status: device 0x2 of type 0 for Event 0
08-06 13:57:13.655  9672  9685 I art     : Explicit concurrent mark sweep GC freed 19(608B) AllocSpace objects, 0(0B) LOS objects, 23% free, 52MB/68MB, paused 432us total 20.344ms
08-06 13:57:13.664  9672  9685 I art     : Starting a blocking GC Explicit
08-06 13:57:13.685  9672  9685 I art     : Explicit concurrent mark sweep GC freed 3(96B) AllocSpace objects, 0(0B) LOS objects, 23% free, 52MB/68MB, paused 483us total 20.911ms
08-06 13:57:13.694  9672  9685 I art     : Starting a blocking GC Explicit
08-06 13:57:13.715  9672  9685 I art     : Explicit concurrent mark sweep GC freed 3(96B) AllocSpace objects, 0(0B) LOS objects, 23% free, 52MB/68MB, paused 443us total 20.706ms
08-06 13:57:13.999  9672  9919 I art     : Starting a blocking GC Explicit
08-06 13:57:14.025  9672  9919 I art     : Explicit concurrent mark sweep GC freed 1347(78KB) AllocSpace objects, 1(20KB) LOS objects, 23% free, 52MB/68MB, paused 463us total 26.400ms
08-06 13:57:14.030   518   646 I ThermalEngine: ACTION: GPU - Setting GPU[0] to 450000000
08-06 13:57:14.038  9672  9919 I art     : Starting a blocking GC Explicit
08-06 13:57:14.064  9672  9919 I art     : Explicit concurrent mark sweep GC freed 20(704B) AllocSpace objects, 0(0B) LOS objects, 23% free, 52MB/68MB, paused 580us total 26.259ms
08-06 13:57:14.075  9672  9919 I art     : Starting a blocking GC Explicit
08-06 13:57:14.102  9672  9919 I art     : Explicit concurrent mark sweep GC freed 3(96B) AllocSpace objects, 0(0B) LOS objects, 23% free, 52MB/68MB, paused 588us total 26.462ms
08-06 13:57:14.113  9672  9919 I art     : Starting a blocking GC Explicit
08-06 13:57:14.141  9672  9919 I art     : Explicit concurrent mark sweep GC freed 3(96B) AllocSpace objects, 0(0B) LOS objects, 23% free, 52MB/68MB, paused 605us total 27.709ms
08-06 13:57:14.152  9672  9919 I art     : Starting a blocking GC Explicit
08-06 13:57:14.180  9672  9919 I art     : Explicit concurrent mark sweep GC freed 3(96B) AllocSpace objects, 0(0B) LOS objects, 23% free, 52MB/68MB, paused 577us total 27.414ms
08-06 13:57:14.495  9672  9684 I art     : Starting a blocking GC Explicit
08-06 13:57:14.534  9672  9684 I art     : Explicit concurrent mark sweep GC freed 1347(78KB) AllocSpace objects, 1(20KB) LOS objects, 23% free, 52MB/68MB, paused 658us total 38.428ms
08-06 13:57:14.549  9672  9684 I art     : Starting a blocking GC Explicit
08-06 13:57:14.577  9672  9684 I art     : Explicit concurrent mark sweep GC freed 20(704B) AllocSpace objects, 0(0B) LOS objects, 23% free, 52MB/68MB, paused 659us total 27.311ms
08-06 13:57:14.588  9672  9684 I art     : Starting a blocking GC Explicit
08-06 13:57:14.615  9672  9684 I art     : Explicit concurrent mark sweep GC freed 3(96B) AllocSpace objects, 0(0B) LOS objects, 23% free, 52MB/68MB, paused 682us total 27.011ms
08-06 13:57:14.627  9672  9684 I art     : Starting a blocking GC Explicit
08-06 13:57:14.654  9672  9684 I art     : Explicit concurrent mark sweep GC freed 3(96B) AllocSpace objects, 0(0B) LOS objects, 23% free, 52MB/68MB, paused 589us total 26.883ms
08-06 13:57:14.665  9672  9684 I art     : Starting a blocking GC Explicit
08-06 13:57:14.692  9672  9684 I art     : Explicit concurrent mark sweep GC freed 3(96B) AllocSpace objects, 0(0B) LOS objects, 23% free, 52MB/68MB, paused 591us total 27.063ms
08-06 13:57:15.036  9672  9685 I art     : Starting a blocking GC Explicit
08-06 13:57:15.063  9672  9685 I art     : Explicit concurrent mark sweep GC freed 1377(79KB) AllocSpace objects, 1(20KB) LOS objects, 23% free, 52MB/68MB, paused 563us total 26.765ms
08-06 13:57:15.074  9672  9685 I art     : Starting a blocking GC Explicit
08-06 13:57:15.104  9672  9685 I art     : Explicit concurrent mark sweep GC freed 20(704B) AllocSpace objects, 0(0B) LOS objects, 23% free, 52MB/68MB, paused 607us total 28.947ms
08-06 13:57:15.115  9672  9685 I art     : Starting a blocking GC Explicit
08-06 13:57:15.146  9672  9685 I art     : Explicit concurrent mark sweep GC freed 3(96B) AllocSpace objects, 0(0B) LOS objects, 23% free, 52MB/68MB, paused 597us total 30.198ms
08-06 13:57:15.157  9672  9685 I art     : Starting a blocking GC Explicit
08-06 13:57:15.186  9672  9685 I art     : Explicit concurrent mark sweep GC freed 3(96B) AllocSpace objects, 0(0B) LOS objects, 23% free, 52MB/68MB, paused 602us total 29.199ms
08-06 13:57:15.198  9672  9685 I art     : Starting a blocking GC Explicit
08-06 13:57:15.228  9672  9685 I art     : Explicit concurrent mark sweep GC freed 3(96B) AllocSpace objects, 0(0B) LOS objects, 23% free, 52MB/68MB, paused 644us total 29.421ms
08-06 13:57:15.551  9672  9684 I art     : Starting a blocking GC Explicit
08-06 13:57:15.589  9672  9684 I art     : Explicit concurrent mark sweep GC freed 1347(78KB) AllocSpace objects, 1(20KB) LOS objects, 23% free, 52MB/68MB, paused 704us total 38.203ms
08-06 13:57:15.606  9672  9684 I art     : Starting a blocking GC Explicit
08-06 13:57:15.640  9672  9684 I art     : Explicit concurrent mark sweep GC freed 20(704B) AllocSpace objects, 0(0B) LOS objects, 23% free, 52MB/68MB, paused 637us total 33.063ms
08-06 13:57:15.653  9672  9684 I art     : Starting a blocking GC Explicit
08-06 13:57:15.683  9672  9684 I art     : Explicit concurrent mark sweep GC freed 3(96B) AllocSpace objects, 0(0B) LOS objects, 23% free, 52MB/68MB, paused 602us total 29.837ms
08-06 13:57:15.694  9672  9684 I art     : Starting a blocking GC Explicit
08-06 13:57:15.723  9672  9684 I art     : Explicit concurrent mark sweep GC freed 3(96B) AllocSpace objects, 0(0B) LOS objects, 23% free, 52MB/68MB, paused 654us total 29.048ms
08-06 13:57:15.735  9672  9684 I art     : Starting a blocking GC Explicit
08-06 13:57:15.764  9672  9684 I art     : Explicit concurrent mark sweep GC freed 3(96B) AllocSpace objects, 0(0B) LOS objects, 23% free, 52MB/68MB, paused 602us total 28.509ms
08-06 13:57:16.098  9672  9760 I art     : Starting a blocking GC Explicit
08-06 13:57:16.131  9672  9760 I art     : Explicit concurrent mark sweep GC freed 1347(78KB) AllocSpace objects, 1(20KB) LOS objects, 23% free, 52MB/68MB, paused 639us total 32.783ms
08-06 13:57:16.143  9672  9760 I art     : Starting a blocking GC Explicit
08-06 13:57:16.171  9672  9760 I art     : Explicit concurrent mark sweep GC freed 20(704B) AllocSpace objects, 0(0B) LOS objects, 23% free, 52MB/68MB, paused 591us total 27.315ms
08-06 13:57:16.182  9672  9760 I art     : Starting a blocking GC Explicit
08-06 13:57:16.212  9672  9760 I art     : Explicit concurrent mark sweep GC freed 3(96B) AllocSpace objects, 0(0B) LOS objects, 23% free, 52MB/68MB, paused 564us total 29.588ms
08-06 13:57:16.223  9672  9760 I art     : Starting a blocking GC Explicit
08-06 13:57:16.251  9672  9760 I art     : Explicit concurrent mark sweep GC freed 3(96B) AllocSpace objects, 0(0B) LOS objects, 23% free, 52MB/68MB, paused 588us total 27.708ms
08-06 13:57:16.263  9672  9760 I art     : Starting a blocking GC Explicit
08-06 13:57:16.293  9672  9760 I art     : Explicit concurrent mark sweep GC freed 3(96B) AllocSpace objects, 0(0B) LOS objects, 23% free, 52MB/68MB, paused 589us total 29.690ms
08-06 13:57:16.625  9672 10490 I art     : Starting a blocking GC Explicit
08-06 13:57:16.660  9672 10490 I art     : Explicit concurrent mark sweep GC freed 1347(78KB) AllocSpace objects, 1(20KB) LOS objects, 23% free, 52MB/68MB, paused 630us total 34.799ms
08-06 13:57:16.674  9672 10490 I art     : Starting a blocking GC Explicit
08-06 13:57:16.708  9672 10490 I art     : Explicit concurrent mark sweep GC freed 20(704B) AllocSpace objects, 0(0B) LOS objects, 23% free, 52MB/68MB, paused 731us total 33.149ms
08-06 13:57:16.722  9672 10490 I art     : Starting a blocking GC Explicit
08-06 13:57:16.754  9672 10490 I art     : Explicit concurrent mark sweep GC freed 3(96B) AllocSpace objects, 0(0B) LOS objects, 23% free, 52MB/68MB, paused 602us total 32.050ms
08-06 13:57:16.766  9672 10490 I art     : Starting a blocking GC Explicit
08-06 13:57:16.796  9672 10490 I art     : Explicit concurrent mark sweep GC freed 3(96B) AllocSpace objects, 0(0B) LOS objects, 23% free, 52MB/68MB, paused 583us total 29.828ms
08-06 13:57:16.807  9672 10490 I art     : Starting a blocking GC Explicit
08-06 13:57:16.837  9672 10490 I art     : Explicit concurrent mark sweep GC freed 3(96B) AllocSpace objects, 0(0B) LOS objects, 23% free, 52MB/68MB, paused 595us total 28.834ms
08-06 13:57:17.167  9672  9919 I art     : Starting a blocking GC Explicit
08-06 13:57:17.215  9672  9919 I art     : Explicit concurrent mark sweep GC freed 1347(78KB) AllocSpace objects, 1(20KB) LOS objects, 23% free, 52MB/68MB, paused 647us total 46.939ms
08-06 13:57:17.228  9672  9919 I art     : Starting a blocking GC Explicit
08-06 13:57:17.256  9672  9919 I art     : Explicit concurrent mark sweep GC freed 20(704B) AllocSpace objects, 0(0B) LOS objects, 23% free, 52MB/68MB, paused 603us total 27.303ms
08-06 13:57:17.267  9672  9919 I art     : Starting a blocking GC Explicit
08-06 13:57:17.294  9672  9919 I art     : Explicit concurrent mark sweep GC freed 3(96B) AllocSpace objects, 0(0B) LOS objects, 23% free, 52MB/68MB, paused 581us total 26.558ms
08-06 13:57:17.305  9672  9919 I art     : Starting a blocking GC Explicit
08-06 13:57:17.331  9672  9919 I art     : Explicit concurrent mark sweep GC freed 3(96B) AllocSpace objects, 0(0B) LOS objects, 23% free, 52MB/68MB, paused 601us total 25.805ms
08-06 13:57:17.342  9672  9919 I art     : Starting a blocking GC Explicit
08-06 13:57:17.368  9672  9919 I art     : Explicit concurrent mark sweep GC freed 3(96B) AllocSpace objects, 0(0B) LOS objects, 23% free, 52MB/68MB, paused 576us total 25.898ms
08-06 13:57:17.686  9672  9685 I art     : Starting a blocking GC Explicit
08-06 13:57:17.718  9672  9685 I art     : Explicit concurrent mark sweep GC freed 1347(78KB) AllocSpace objects, 1(20KB) LOS objects, 23% free, 52MB/68MB, paused 771us total 31.638ms
08-06 13:57:17.732  9672  9685 I art     : Starting a blocking GC Explicit
08-06 13:57:17.759  9672  9685 I art     : Explicit concurrent mark sweep GC freed 20(704B) AllocSpace objects, 0(0B) LOS objects, 23% free, 52MB/68MB, paused 620us total 26.294ms
08-06 13:57:17.770  9672  9685 I art     : Starting a blocking GC Explicit
08-06 13:57:17.798  9672  9685 I art     : Explicit concurrent mark sweep GC freed 3(96B) AllocSpace objects, 0(0B) LOS objects, 23% free, 52MB/68MB, paused 655us total 28.161ms
08-06 13:57:17.809  9672  9685 I art     : Starting a blocking GC Explicit
08-06 13:57:17.837  9672  9685 I art     : Explicit concurrent mark sweep GC freed 3(96B) AllocSpace objects, 0(0B) LOS objects, 23% free, 52MB/68MB, paused 690us total 27.444ms
08-06 13:57:17.842 11938 11938 D AndroidRuntime: >>>>>> START com.android.internal.os.RuntimeInit uid 2000 <<<<<<
08-06 13:57:17.848 11938 11938 D AndroidRuntime: CheckJNI is OFF
08-06 13:57:17.848  9672  9685 I art     : Starting a blocking GC Explicit
08-06 13:57:17.877  9672  9685 I art     : Explicit concurrent mark sweep GC freed 3(96B) AllocSpace objects, 0(0B) LOS objects, 23% free, 52MB/68MB, paused 667us total 28.280ms
08-06 13:57:17.897 11938 11938 D ICU     : No timezone override file found: /data/misc/zoneinfo/current/icu/icu_tzdata.dat
08-06 13:57:17.941 11938 11938 I Radio-JNI: register_android_hardware_Radio DONE
08-06 13:57:17.971 11938 11938 D AndroidRuntime: Calling main entry com.android.commands.input.Input
08-06 13:57:17.973 11938 11938 I Input   : injectKeyEvent: KeyEvent { action=ACTION_DOWN, keyCode=KEYCODE_BACK, scanCode=0, metaState=0, flags=0x0, repeatCount=0, eventTime=885454386, downTime=885454386, deviceId=-1, source=0x101 }
08-06 13:57:17.979 11938 11938 I Input   : injectKeyEvent: KeyEvent { action=ACTION_UP, keyCode=KEYCODE_BACK, scanCode=0, metaState=0, flags=0x0, repeatCount=0, eventTime=885454386, downTime=885454386, deviceId=-1, source=0x101 }
08-06 13:57:17.985 11938 11938 D AndroidRuntime: Shutting down VM
08-06 13:57:18.025 13866 13866 I GoogleInputMethodServic: GoogleInputMethodService.onFinishInput():3138 
08-06 13:57:18.026 13866 13866 I GoogleInputMethodServic: GoogleInputMethodService.onStartInput():1808 
08-06 13:57:18.037   518   646 I ThermalEngine: ACTION: GPU - Setting GPU[0] to 510000000
08-06 13:57:18.142  9672 10490 I art     : Starting a blocking GC Explicit
08-06 13:57:18.162  9672 10490 I art     : Explicit concurrent mark sweep GC freed 1487(84KB) AllocSpace objects, 1(20KB) LOS objects, 23% free, 52MB/68MB, paused 379us total 20.112ms
08-06 13:57:18.171  9672 10490 I art     : Starting a blocking GC Explicit
08-06 13:57:18.191  9672 10490 I art     : Explicit concurrent mark sweep GC freed 26(944B) AllocSpace objects, 0(0B) LOS objects, 23% free, 52MB/68MB, paused 421us total 20.204ms
08-06 13:57:18.200  9672 10490 I art     : Starting a blocking GC Explicit
08-06 13:57:18.221  9672 10490 I art     : Explicit concurrent mark sweep GC freed 3(96B) AllocSpace objects, 0(0B) LOS objects, 23% free, 52MB/68MB, paused 382us total 20.441ms
08-06 13:57:18.229  9672 10490 I art     : Starting a blocking GC Explicit
08-06 13:57:18.249  9672 10490 I art     : Explicit concurrent mark sweep GC freed 3(96B) AllocSpace objects, 0(0B) LOS objects, 23% free, 52MB/68MB, paused 420us total 20.038ms
08-06 13:57:18.258  9672 10490 I art     : Starting a blocking GC Explicit
08-06 13:57:18.279  9672 10490 I art     : Explicit concurrent mark sweep GC freed 3(96B) AllocSpace objects, 0(0B) LOS objects, 23% free, 52MB/68MB, paused 388us total 20.909ms
08-06 13:57:18.311   380   380 W SurfaceFlinger: couldn't log to binary event log: overflow.
08-06 13:57:18.549  9672  9760 I art     : Starting a blocking GC Explicit
08-06 13:57:18.577  9672  9760 I art     : Explicit concurrent mark sweep GC freed 1457(87KB) AllocSpace objects, 1(20KB) LOS objects, 23% free, 52MB/68MB, paused 507us total 27.527ms
08-06 13:57:18.588  9672  9760 I art     : Starting a blocking GC Explicit
08-06 13:57:18.610  9672  9760 I art     : Explicit concurrent mark sweep GC freed 1401(90KB) AllocSpace objects, 1(28KB) LOS objects, 23% free, 52MB/68MB, paused 443us total 21.675ms
08-06 13:57:18.619  9672  9760 I art     : Starting a blocking GC Explicit
08-06 13:57:18.640  9672  9760 I art     : Explicit concurrent mark sweep GC freed 3(96B) AllocSpace objects, 0(0B) LOS objects, 23% free, 52MB/68MB, paused 450us total 21.063ms
08-06 13:57:18.649  9672  9760 I art     : Starting a blocking GC Explicit
08-06 13:57:18.665   918   918 I ActivityManager: Start proc 11982:com.google.android.youtube/u0a75 for service com.google.android.youtube/androidx.work.impl.background.systemjob.SystemJobService
08-06 13:57:18.668  9672  9760 I art     : Explicit concurrent mark sweep GC freed 3(96B) AllocSpace objects, 0(0B) LOS objects, 23% free, 52MB/68MB, paused 410us total 19.345ms
08-06 13:57:18.668  9672  9683 I art     : WaitForGcToComplete blocked for 12.710ms for cause HeapTrim
08-06 13:57:18.677  9672  9760 I art     : Starting a blocking GC Explicit
08-06 13:57:18.693 11982 11982 W ResourceType: ResTable_typeSpec entry count inconsistent: given 37, previously 42
08-06 13:57:18.693 11982 11982 W ResourceType: ResTable_typeSpec entry count inconsistent: given 2527, previously 2530
08-06 13:57:18.694 11982 11982 W ResourceType: ResTable_typeSpec entry count inconsistent: given 2542, previously 2545
08-06 13:57:18.694 11982 11982 W ResourceType: ResTable_typeSpec entry count inconsistent: given 303, previously 1691
08-06 13:57:18.696  9672  9760 I art     : Explicit concurrent mark sweep GC freed 3(96B) AllocSpace objects, 0(0B) LOS objects, 23% free, 52MB/68MB, paused 385us total 19.164ms
08-06 13:57:18.719 11982 11982 W FileProviderCompat: isPatchingNecessary returned true and in == null: false
08-06 13:57:18.726 11982 11982 W PatchedPackageManager: patching ProviderInfo. Metadata was not null
08-06 13:57:18.726 11982 11982 W PatchedPackageManager: resolveContentProvider flags: 128 ret: ContentProviderInfo{name=com.google.android.youtube.fileprovider className=com.google.android.apps.youtube.app.common.util.MainAppFileProviderCompat}
08-06 13:57:18.827 11982 12004 W YouTube : Fetching the Gservices key 'failsafe_clear_cache_release_13_02' before the end of the bulk initialization
08-06 13:57:18.881 11982 11998 W GooglePlayServicesUtil: Google Play services out of date for com.google.android.youtube.  Requires 202990000 but found 202614019
08-06 13:57:18.904 11982 11998 E linker  : readlink('/proc/self/fd/26') failed: Permission denied [fd=26]
08-06 13:57:18.904 11982 11998 E linker  : warning: unable to get realpath for the library "/data/data/com.google.android.youtube/cache/1592423383555.dex". Will use given name.
08-06 13:57:18.960  9672  9684 I art     : Starting a blocking GC Explicit
08-06 13:57:18.974 11982 12045 E linker  : readlink('/proc/self/fd/27') failed: Permission denied [fd=27]
08-06 13:57:18.975 11982 12045 E linker  : warning: unable to get realpath for the library "/data/app/com.google.android.youtube-1/lib/arm64/libcronet.85.0.4183.18.so". Will use given name.
08-06 13:57:18.978  9672  9684 I art     : Explicit concurrent mark sweep GC freed 1347(78KB) AllocSpace objects, 1(20KB) LOS objects, 23% free, 52MB/68MB, paused 467us total 17.552ms
08-06 13:57:18.985  9672  9684 I art     : Starting a blocking GC Explicit
08-06 13:57:18.991   918  6111 D ConnectivityService: listenForNetwork for Listen from uid/pid:10075/11982 for NetworkRequest [ id=4029, legacyType=-1, [ Capabilities: INTERNET&NOT_RESTRICTED&TRUSTED] ]
08-06 13:57:19.003  9672  9684 I art     : Explicit concurrent mark sweep GC freed 20(704B) AllocSpace objects, 0(0B) LOS objects, 23% free, 52MB/68MB, paused 452us total 17.768ms
08-06 13:57:19.011  9672  9684 I art     : Starting a blocking GC Explicit
08-06 13:57:19.028 11982 12027 E GEL_DELAYED_EVENT_DEBUG: Failed delayed event dispatch, no dispatchers.
08-06 13:57:19.029  9672  9684 I art     : Explicit concurrent mark sweep GC freed 3(96B) AllocSpace objects, 0(0B) LOS objects, 23% free, 52MB/68MB, paused 445us total 17.291ms
08-06 13:57:19.036  9672  9684 I art     : Starting a blocking GC Explicit
08-06 13:57:19.054  9672  9684 I art     : Explicit concurrent mark sweep GC freed 3(96B) AllocSpace objects, 0(0B) LOS objects, 23% free, 52MB/68MB, paused 434us total 17.652ms
08-06 13:57:19.062  9672  9684 I art     : Starting a blocking GC Explicit
08-06 13:57:19.080  9672  9684 I art     : Explicit concurrent mark sweep GC freed 3(96B) AllocSpace objects, 0(0B) LOS objects, 23% free, 52MB/68MB, paused 464us total 17.638ms
08-06 13:57:19.105 11982 12071 E linker  : readlink('/proc/self/fd/43') failed: Permission denied [fd=43]
08-06 13:57:19.105 11982 12071 E linker  : warning: unable to get realpath for the library "/data/data/com.google.android.gms/app_chimera/m/00000039/oat/arm64/DynamiteLoader.odex". Will use given name.
08-06 13:57:19.306   918  6110 I AccountManagerService: getTypesVisibleToCaller: isPermitted? true
08-06 13:57:19.333  9672  9919 I art     : Starting a blocking GC Explicit
08-06 13:57:19.352  9672  9919 I art     : Explicit concurrent mark sweep GC freed 1346(78KB) AllocSpace objects, 1(20KB) LOS objects, 23% free, 52MB/68MB, paused 408us total 18.734ms
08-06 13:57:19.360  9672  9919 I art     : Starting a blocking GC Explicit
08-06 13:57:19.378  9672  9919 I art     : Explicit concurrent mark sweep GC freed 20(704B) AllocSpace objects, 0(0B) LOS objects, 23% free, 52MB/68MB, paused 418us total 17.703ms
08-06 13:57:19.386  9672  9919 I art     : Starting a blocking GC Explicit
08-06 13:57:19.404  9672  9919 I art     : Explicit concurrent mark sweep GC freed 3(96B) AllocSpace objects, 0(0B) LOS objects, 23% free, 52MB/68MB, paused 395us total 17.825ms
08-06 13:57:19.411  9672  9919 I art     : Starting a blocking GC Explicit
08-06 13:57:19.428  9672  9919 I art     : Explicit concurrent mark sweep GC freed 3(96B) AllocSpace objects, 0(0B) LOS objects, 23% free, 52MB/68MB, paused 408us total 17.175ms
08-06 13:57:19.436  9672  9919 I art     : Starting a blocking GC Explicit
08-06 13:57:19.453  9672  9919 I art     : Explicit concurrent mark sweep GC freed 3(96B) AllocSpace objects, 0(0B) LOS objects, 23% free, 52MB/68MB, paused 409us total 17.074ms
08-06 13:57:19.593 12099 12099 D AndroidRuntime: >>>>>> START com.android.internal.os.RuntimeInit uid 2000 <<<<<<
08-06 13:57:19.598 12099 12099 D AndroidRuntime: CheckJNI is OFF
08-06 13:57:19.629 12099 12099 D ICU     : No timezone override file found: /data/misc/zoneinfo/current/icu/icu_tzdata.dat
08-06 13:57:19.659 12099 12099 I Radio-JNI: register_android_hardware_Radio DONE
08-06 13:57:19.680 12099 12099 D AndroidRuntime: Calling main entry com.android.commands.input.Input
08-06 13:57:19.681 12099 12099 I Input   : injectMotionEvent: MotionEvent { action=ACTION_DOWN, actionButton=0, id[0]=0, x[0]=756.0, y[0]=1530.0, toolType[0]=TOOL_TYPE_UNKNOWN, buttonState=0, metaState=0, flags=0x0, edgeFlags=0x0, pointerCount=1, historySize=0, eventTime=885456094, downTime=885456094, deviceId=0, source=0x1002 }
08-06 13:57:19.685 12099 12099 I Input   : injectMotionEvent: MotionEvent { action=ACTION_UP, actionButton=0, id[0]=0, x[0]=756.0, y[0]=1530.0, toolType[0]=TOOL_TYPE_UNKNOWN, buttonState=0, metaState=0, flags=0x0, edgeFlags=0x0, pointerCount=1, historySize=0, eventTime=885456094, downTime=885456094, deviceId=0, source=0x1002 }
08-06 13:57:19.687 12099 12099 D AndroidRuntime: Shutting down VM
08-06 13:57:19.699   918  3714 I ActivityManager: START u0 {cmp=baseline.appteam.nith.hillffair/.activities.LeaderBoardActivity} from uid 10697 on display 0
08-06 13:57:19.700   512  2967 D audio_hw_primary: out_set_parameters: enter: usecase(1: low-latency-playback) kvpairs: routing=2
08-06 13:57:19.705  9672  9760 I art     : Starting a blocking GC Explicit
08-06 13:57:19.715   512  2967 D audio_hw_primary: select_devices: out_snd_device(2: speaker) in_snd_device(0: none)
08-06 13:57:19.715   512  2967 D msm8974_platform: platform_send_audio_calibration: sending audio calibration for snd_device(2) acdb_id(15)
08-06 13:57:19.715   512  2967 I soundtrigger: audio_extn_sound_trigger_update_device_status: device 0x2 of type 0 for Event 1
08-06 13:57:19.724  9672  9760 I art     : Explicit concurrent mark sweep GC freed 1447(81KB) AllocSpace objects, 1(20KB) LOS objects, 23% free, 52MB/68MB, paused 404us total 18.683ms
08-06 13:57:19.725   512  2967 D audio_hw_primary: enable_snd_device: snd_device(2: speaker)
08-06 13:57:19.727   512  2967 D audio_hw_primary: enable_audio_route: apply and update mixer path: low-latency-playback speaker
08-06 13:57:19.732  9672  9760 I art     : Starting a blocking GC Explicit
08-06 13:57:19.754  9672  9760 I art     : Explicit concurrent mark sweep GC freed 4156(224KB) AllocSpace objects, 0(0B) LOS objects, 23% free, 52MB/68MB, paused 980us total 21.347ms
08-06 13:57:19.762  9672  9760 I art     : Starting a blocking GC Explicit
08-06 13:57:19.782  9672  9760 I art     : Explicit concurrent mark sweep GC freed 1028(94KB) AllocSpace objects, 0(0B) LOS objects, 23% free, 52MB/68MB, paused 463us total 19.381ms
08-06 13:57:19.790  9672  9760 I art     : Starting a blocking GC Explicit
08-06 13:57:19.803  9672  9672 E RecyclerView: No adapter attached; skipping layout
08-06 13:57:19.805  9672  9672 E RecyclerView: No adapter attached; skipping layout
08-06 13:57:19.809  9672  9760 I art     : Explicit concurrent mark sweep GC freed 104(4KB) AllocSpace objects, 0(0B) LOS objects, 23% free, 52MB/68MB, paused 697us total 18.554ms
08-06 13:57:19.817  9672  9760 I art     : Starting a blocking GC Explicit
08-06 13:57:19.821 13866 13866 I GoogleInputMethodServic: GoogleInputMethodService.onFinishInput():3138 
08-06 13:57:19.822   918   936 I ActivityManager: Displayed baseline.appteam.nith.hillffair/.activities.LeaderBoardActivity: +108ms
08-06 13:57:19.822 13866 13866 I GoogleInputMethodServic: GoogleInputMethodService.onStartInput():1808 
08-06 13:57:19.826  9672  9672 E RecyclerView: No adapter attached; skipping layout
08-06 13:57:19.836  9672  9695 D OpenGLRenderer: endAllStagingAnimators on 0x7f828fc400 (RippleDrawable) with handle 0x7f805bd500
08-06 13:57:19.836  9672  9760 I art     : Explicit concurrent mark sweep GC freed 176(9KB) AllocSpace objects, 0(0B) LOS objects, 23% free, 52MB/68MB, paused 573us total 19.080ms
08-06 13:57:19.892 11982 12069 I art     : Rejecting re-init on previously-failed class java.lang.Class<qxt>
08-06 13:57:19.895 11982 12069 I art     : Rejecting re-init on previously-failed class java.lang.Class<qxt>
08-06 13:57:19.896 11982 12069 I art     : Rejecting re-init on previously-failed class java.lang.Class<qxt>
08-06 13:57:19.899 11982 12069 I art     : Rejecting re-init on previously-failed class java.lang.Class<qxt>
08-06 13:57:19.901 11982 12069 I art     : Rejecting re-init on previously-failed class java.lang.Class<qxt>
08-06 13:57:19.902 11982 12069 I art     : Rejecting re-init on previously-failed class java.lang.Class<qxt>
08-06 13:57:19.902 11982 12069 I art     : Rejecting re-init on previously-failed class java.lang.Class<qxt>
08-06 13:57:19.903 11982 12069 I art     : Rejecting re-init on previously-failed class java.lang.Class<qxt>
08-06 13:57:19.909 11982 12084 I FA      : App measurement initialized, version: 31021
08-06 13:57:19.909 11982 12084 I FA      : To enable debug logging run: adb shell setprop log.tag.FA VERBOSE
08-06 13:57:19.911 11982 12069 I art     : Rejecting re-init on previously-failed class java.lang.Class<qxt>
08-06 13:57:19.911 11982 12084 I FA      : To enable faster debug mode event logging run:
08-06 13:57:19.911 11982 12084 I FA      :   adb shell setprop debug.firebase.analytics.app com.google.android.youtube
08-06 13:57:19.916 11982 12069 I art     : Rejecting re-init on previously-failed class java.lang.Class<qxt>
08-06 13:57:19.923 11982 12008 W YT.MDX.agyr: CastAppId for type 0 not found. Defaulting to mainCastAppId.
08-06 13:57:20.038 11982 12008 W YT.MDX.agyr: CastAppId for type 0 not found. Defaulting to mainCastAppId.
08-06 13:57:20.041   518   646 I ThermalEngine: ACTION: GPU - Setting GPU[0] to 450000000
08-06 13:57:20.080   380   380 W SurfaceFlinger: couldn't log to binary event log: overflow.
08-06 13:57:20.110  9672  9760 I art     : Starting a blocking GC Explicit
08-06 13:57:20.134  9672  9760 I art     : Explicit concurrent mark sweep GC freed 1374(79KB) AllocSpace objects, 1(20KB) LOS objects, 23% free, 52MB/68MB, paused 602us total 23.562ms
08-06 13:57:20.144  9672  9760 I art     : Starting a blocking GC Explicit
08-06 13:57:20.168  9672  9760 I art     : Explicit concurrent mark sweep GC freed 63(2240B) AllocSpace objects, 0(0B) LOS objects, 23% free, 52MB/68MB, paused 985us total 23.240ms
08-06 13:57:20.178  9672  9760 I art     : Starting a blocking GC Explicit
08-06 13:57:20.201  9672  9760 I art     : Explicit concurrent mark sweep GC freed 3(96B) AllocSpace objects, 0(0B) LOS objects, 23% free, 52MB/68MB, paused 595us total 23.165ms
08-06 13:57:20.212  9672  9760 I art     : Starting a blocking GC Explicit
08-06 13:57:20.237  9672  9760 I art     : Explicit concurrent mark sweep GC freed 790(62KB) AllocSpace objects, 2(120KB) LOS objects, 23% free, 53MB/69MB, paused 790us total 24.741ms
08-06 13:57:20.240 24365 24365 I Herrevad: [1] abng.a: updateListenState
08-06 13:57:20.247  9672  9760 I art     : Starting a blocking GC Explicit
08-06 13:57:20.261  9672 12146 D OkHttp  : --> GET https://api-hillfair-2k16.herokuapp.com/api/app/quiz/leaderboard?from=1 http/1.1
08-06 13:57:20.269   512  2967 D audio_hw_primary: disable_audio_route: reset and update mixer path: low-latency-playback speaker
08-06 13:57:20.271   512  2967 D audio_hw_primary: disable_snd_device: snd_device(2: speaker)
08-06 13:57:20.271  9672  9760 I art     : Explicit concurrent mark sweep GC freed 2128(83KB) AllocSpace objects, 0(0B) LOS objects, 23% free, 53MB/69MB, paused 634us total 24.325ms
08-06 13:57:20.279   512  2967 I soundtrigger: audio_extn_sound_trigger_update_device_status: device 0x2 of type 0 for Event 0
08-06 13:57:20.308  9672 12146 D OkHttp  : <-- 200 OK https://api-hillfair-2k16.herokuapp.com/api/app/quiz/leaderboard?from=1 (46ms, 56744-byte body)
08-06 13:57:20.382  9672  9672 I NAPPA_EXPERIMENTATION: MetricNetworkRequestExecutionTime: REQUEST_DURATION_SYSTEM='632',REQUEST_DURATION_OKHTTP='46',REQUEST_SYNCHRONOUS='FALSE',RESPONSE_CODE='200',RESPONSE_METHOD='GET',RESPONSE_LENGTH_OKHTTP='56744',RESPONSE_LENGTH_HEADER='56744',REQUEST_PROTOCOL='http/1.1',REQUEST_URL='https://api-hillfair-2k16.herokuapp.com/api/app/quiz/leaderboard?from=1',
08-06 13:57:20.547  9672 10490 I art     : Starting a blocking GC Explicit
08-06 13:57:20.582  9672 10490 I art     : Explicit concurrent mark sweep GC freed 28430(1421KB) AllocSpace objects, 2(100KB) LOS objects, 23% free, 53MB/69MB, paused 674us total 34.193ms
08-06 13:57:20.596  9672 10490 I art     : Starting a blocking GC Explicit
08-06 13:57:20.624  9672 10490 I art     : Explicit concurrent mark sweep GC freed 133(5KB) AllocSpace objects, 0(0B) LOS objects, 23% free, 53MB/69MB, paused 613us total 27.900ms
08-06 13:57:20.636  9672 10490 I art     : Starting a blocking GC Explicit
08-06 13:57:20.664  9672 10490 I art     : Explicit concurrent mark sweep GC freed 3(96B) AllocSpace objects, 0(0B) LOS objects, 23% free, 53MB/69MB, paused 613us total 27.927ms
08-06 13:57:20.675  9672 10490 I art     : Starting a blocking GC Explicit
08-06 13:57:20.704  9672 10490 I art     : Explicit concurrent mark sweep GC freed 3(96B) AllocSpace objects, 0(0B) LOS objects, 23% free, 53MB/69MB, paused 619us total 28.413ms
08-06 13:57:20.715  9672 10490 I art     : Starting a blocking GC Explicit
08-06 13:57:20.744  9672 10490 I art     : Explicit concurrent mark sweep GC freed 3(96B) AllocSpace objects, 0(0B) LOS objects, 23% free, 53MB/69MB, paused 613us total 28.318ms
08-06 13:57:21.045  9672  9919 I art     : Starting a blocking GC Explicit
08-06 13:57:21.081  9672  9919 I art     : Explicit concurrent mark sweep GC freed 1347(78KB) AllocSpace objects, 1(20KB) LOS objects, 23% free, 53MB/69MB, paused 661us total 35.309ms
08-06 13:57:21.095  9672  9919 I art     : Starting a blocking GC Explicit
08-06 13:57:21.123  9672  9919 I art     : Explicit concurrent mark sweep GC freed 20(704B) AllocSpace objects, 0(0B) LOS objects, 23% free, 53MB/69MB, paused 631us total 28.035ms
08-06 13:57:21.135  9672  9919 I art     : Starting a blocking GC Explicit
08-06 13:57:21.164  9672  9919 I art     : Explicit concurrent mark sweep GC freed 3(96B) AllocSpace objects, 0(0B) LOS objects, 23% free, 53MB/69MB, paused 634us total 29.537ms
08-06 13:57:21.176  9672  9919 I art     : Starting a blocking GC Explicit
08-06 13:57:21.205  9672  9919 I art     : Explicit concurrent mark sweep GC freed 3(96B) AllocSpace objects, 0(0B) LOS objects, 23% free, 53MB/69MB, paused 639us total 28.719ms
08-06 13:57:21.217  9672  9919 I art     : Starting a blocking GC Explicit
08-06 13:57:21.246  9672  9919 I art     : Explicit concurrent mark sweep GC freed 3(96B) AllocSpace objects, 0(0B) LOS objects, 23% free, 53MB/69MB, paused 624us total 28.902ms
08-06 13:57:21.554  9672  9685 I art     : Starting a blocking GC Explicit
08-06 13:57:21.592  9672  9685 I art     : Explicit concurrent mark sweep GC freed 1347(78KB) AllocSpace objects, 1(20KB) LOS objects, 23% free, 53MB/69MB, paused 680us total 37.483ms
08-06 13:57:21.607  9672  9685 I art     : Starting a blocking GC Explicit
08-06 13:57:21.639  9672  9685 I art     : Explicit concurrent mark sweep GC freed 20(704B) AllocSpace objects, 0(0B) LOS objects, 23% free, 53MB/69MB, paused 654us total 32.008ms
08-06 13:57:21.651  9672  9685 I art     : Starting a blocking GC Explicit
08-06 13:57:21.683  9672  9685 I art     : Explicit concurrent mark sweep GC freed 3(96B) AllocSpace objects, 0(0B) LOS objects, 23% free, 53MB/69MB, paused 641us total 32ms
08-06 13:57:21.695  9672  9685 I art     : Starting a blocking GC Explicit
08-06 13:57:21.725  9672  9685 I art     : Explicit concurrent mark sweep GC freed 3(96B) AllocSpace objects, 0(0B) LOS objects, 23% free, 53MB/69MB, paused 637us total 29.850ms
08-06 13:57:21.737  9672  9685 I art     : Starting a blocking GC Explicit
08-06 13:57:21.769  9672  9685 I art     : Explicit concurrent mark sweep GC freed 3(96B) AllocSpace objects, 0(0B) LOS objects, 23% free, 53MB/69MB, paused 654us total 31.834ms
08-06 13:57:22.098  9672  9760 I art     : Starting a blocking GC Explicit
08-06 13:57:22.136  9672  9760 I art     : Explicit concurrent mark sweep GC freed 1347(78KB) AllocSpace objects, 1(20KB) LOS objects, 23% free, 53MB/69MB, paused 682us total 37.353ms
08-06 13:57:22.151  9672  9760 I art     : Starting a blocking GC Explicit
08-06 13:57:22.186  9672  9760 I art     : Explicit concurrent mark sweep GC freed 20(704B) AllocSpace objects, 0(0B) LOS objects, 23% free, 53MB/69MB, paused 649us total 35.409ms
08-06 13:57:22.201  9672  9760 I art     : Starting a blocking GC Explicit
08-06 13:57:22.236  9672  9760 I art     : Explicit concurrent mark sweep GC freed 3(96B) AllocSpace objects, 0(0B) LOS objects, 23% free, 53MB/69MB, paused 664us total 34.392ms
08-06 13:57:22.248  9672  9760 I art     : Starting a blocking GC Explicit
08-06 13:57:22.281  9672  9760 I art     : Explicit concurrent mark sweep GC freed 3(96B) AllocSpace objects, 0(0B) LOS objects, 23% free, 53MB/69MB, paused 641us total 32.185ms
08-06 13:57:22.293  9672  9760 I art     : Starting a blocking GC Explicit
08-06 13:57:22.323  9672  9760 I art     : Explicit concurrent mark sweep GC freed 3(96B) AllocSpace objects, 0(0B) LOS objects, 23% free, 53MB/69MB, paused 629us total 29.933ms
08-06 13:57:22.669  9672  9684 I art     : Starting a blocking GC Explicit
08-06 13:57:22.708  9672  9684 I art     : Explicit concurrent mark sweep GC freed 1347(78KB) AllocSpace objects, 1(20KB) LOS objects, 23% free, 53MB/69MB, paused 774us total 38.193ms
08-06 13:57:22.722  9672  9684 I art     : Starting a blocking GC Explicit
08-06 13:57:22.753  9672  9684 I art     : Explicit concurrent mark sweep GC freed 20(704B) AllocSpace objects, 0(0B) LOS objects, 23% free, 53MB/69MB, paused 653us total 30.282ms
08-06 13:57:22.764  9672  9684 I art     : Starting a blocking GC Explicit
08-06 13:57:22.796  9672  9684 I art     : Explicit concurrent mark sweep GC freed 3(96B) AllocSpace objects, 0(0B) LOS objects, 23% free, 53MB/69MB, paused 641us total 31.889ms
08-06 13:57:22.808  9672  9684 I art     : Starting a blocking GC Explicit
08-06 13:57:22.840  9672  9684 I art     : Explicit concurrent mark sweep GC freed 3(96B) AllocSpace objects, 0(0B) LOS objects, 23% free, 53MB/69MB, paused 621us total 31.606ms
08-06 13:57:22.852  9672  9684 I art     : Starting a blocking GC Explicit
08-06 13:57:22.884  9672  9684 I art     : Explicit concurrent mark sweep GC freed 3(96B) AllocSpace objects, 0(0B) LOS objects, 23% free, 53MB/69MB, paused 641us total 31.768ms
08-06 13:57:23.219  9672 10490 I art     : Starting a blocking GC Explicit
08-06 13:57:23.254  9672 10490 I art     : Explicit concurrent mark sweep GC freed 1347(78KB) AllocSpace objects, 1(20KB) LOS objects, 23% free, 53MB/69MB, paused 647us total 34.765ms
08-06 13:57:23.269  9672 10490 I art     : Starting a blocking GC Explicit
08-06 13:57:23.302  9672 10490 I art     : Explicit concurrent mark sweep GC freed 20(704B) AllocSpace objects, 0(0B) LOS objects, 23% free, 53MB/69MB, paused 636us total 33.134ms
08-06 13:57:23.316  9672 10490 I art     : Starting a blocking GC Explicit
08-06 13:57:23.347  9672 10490 I art     : Explicit concurrent mark sweep GC freed 3(96B) AllocSpace objects, 0(0B) LOS objects, 23% free, 53MB/69MB, paused 723us total 30.652ms
08-06 13:57:23.359  9672 10490 I art     : Starting a blocking GC Explicit
08-06 13:57:23.391  9672 10490 I art     : Explicit concurrent mark sweep GC freed 3(96B) AllocSpace objects, 0(0B) LOS objects, 23% free, 53MB/69MB, paused 638us total 31.809ms
08-06 13:57:23.403  9672 10490 I art     : Starting a blocking GC Explicit
08-06 13:57:23.435  9672 10490 I art     : Explicit concurrent mark sweep GC freed 3(96B) AllocSpace objects, 0(0B) LOS objects, 23% free, 53MB/69MB, paused 638us total 32.097ms
08-06 13:57:23.752  9672  9919 I art     : Starting a blocking GC Explicit
08-06 13:57:23.777  9672  9919 I art     : Explicit concurrent mark sweep GC freed 1347(78KB) AllocSpace objects, 1(20KB) LOS objects, 23% free, 53MB/69MB, paused 630us total 24.701ms
08-06 13:57:23.788  9672  9919 I art     : Starting a blocking GC Explicit
08-06 13:57:23.815  9672  9919 I art     : Explicit concurrent mark sweep GC freed 20(704B) AllocSpace objects, 0(0B) LOS objects, 23% free, 53MB/69MB, paused 597us total 26.161ms
08-06 13:57:23.826  9672  9919 I art     : Starting a blocking GC Explicit
08-06 13:57:23.854  9672  9919 I art     : Explicit concurrent mark sweep GC freed 3(96B) AllocSpace objects, 0(0B) LOS objects, 23% free, 53MB/69MB, paused 613us total 28.226ms
08-06 13:57:23.866  9672  9919 I art     : Starting a blocking GC Explicit
08-06 13:57:23.866   918  1210 D NetlinkSocketObserver: NeighborEvent{elapsedMs=1868847741, 192.168.2.254, [7C3953A63323], RTM_NEWNEIGH, NUD_PROBE}
08-06 13:57:23.894  9672  9919 I art     : Explicit concurrent mark sweep GC freed 3(96B) AllocSpace objects, 0(0B) LOS objects, 23% free, 53MB/69MB, paused 629us total 28.283ms
08-06 13:57:23.906  9672  9919 I art     : Starting a blocking GC Explicit
08-06 13:57:23.935  9672  9919 I art     : Explicit concurrent mark sweep GC freed 3(96B) AllocSpace objects, 0(0B) LOS objects, 23% free, 53MB/69MB, paused 589us total 28.882ms
08-06 13:57:24.222  9672  9685 I art     : Starting a blocking GC Explicit
08-06 13:57:24.255  9672  9685 I art     : Explicit concurrent mark sweep GC freed 1347(78KB) AllocSpace objects, 1(20KB) LOS objects, 23% free, 53MB/69MB, paused 629us total 32.279ms
08-06 13:57:24.266  9672  9685 I art     : Starting a blocking GC Explicit
08-06 13:57:24.294  9672  9685 I art     : Explicit concurrent mark sweep GC freed 20(704B) AllocSpace objects, 0(0B) LOS objects, 23% free, 53MB/69MB, paused 635us total 27.882ms
08-06 13:57:24.306  9672  9685 I art     : Starting a blocking GC Explicit
08-06 13:57:24.336  9672  9685 I art     : Explicit concurrent mark sweep GC freed 3(96B) AllocSpace objects, 0(0B) LOS objects, 23% free, 53MB/69MB, paused 636us total 30.379ms
08-06 13:57:24.348  9672  9685 I art     : Starting a blocking GC Explicit
08-06 13:57:24.379  9672  9685 I art     : Explicit concurrent mark sweep GC freed 3(96B) AllocSpace objects, 0(0B) LOS objects, 23% free, 53MB/69MB, paused 631us total 30.196ms
08-06 13:57:24.390  9672  9685 I art     : Starting a blocking GC Explicit
08-06 13:57:24.420  9672  9685 I art     : Explicit concurrent mark sweep GC freed 3(96B) AllocSpace objects, 0(0B) LOS objects, 23% free, 53MB/69MB, paused 638us total 29.245ms
08-06 13:57:24.500 12295 12295 D AndroidRuntime: >>>>>> START com.android.internal.os.RuntimeInit uid 2000 <<<<<<
08-06 13:57:24.506 12295 12295 D AndroidRuntime: CheckJNI is OFF
08-06 13:57:24.552 12295 12295 D ICU     : No timezone override file found: /data/misc/zoneinfo/current/icu/icu_tzdata.dat
08-06 13:57:24.596 12295 12295 I Radio-JNI: register_android_hardware_Radio DONE
08-06 13:57:24.625 12295 12295 D AndroidRuntime: Calling main entry com.android.commands.input.Input
08-06 13:57:24.627 12295 12295 I Input   : injectKeyEvent: KeyEvent { action=ACTION_DOWN, keyCode=KEYCODE_BACK, scanCode=0, metaState=0, flags=0x0, repeatCount=0, eventTime=885461040, downTime=885461040, deviceId=-1, source=0x101 }
08-06 13:57:24.634 12295 12295 I Input   : injectKeyEvent: KeyEvent { action=ACTION_UP, keyCode=KEYCODE_BACK, scanCode=0, metaState=0, flags=0x0, repeatCount=0, eventTime=885461040, downTime=885461040, deviceId=-1, source=0x101 }
08-06 13:57:24.640 12295 12295 D AndroidRuntime: Shutting down VM
08-06 13:57:24.675 13866 13866 I GoogleInputMethodServic: GoogleInputMethodService.onFinishInput():3138 
08-06 13:57:24.675 13866 13866 I GoogleInputMethodServic: GoogleInputMethodService.onStartInput():1808 
08-06 13:57:24.734  9672  9760 I art     : Starting a blocking GC Explicit
08-06 13:57:24.760  9672  9760 I art     : Explicit concurrent mark sweep GC freed 1485(84KB) AllocSpace objects, 1(20KB) LOS objects, 23% free, 53MB/69MB, paused 577us total 26.296ms
08-06 13:57:24.771  9672  9760 I art     : Starting a blocking GC Explicit
08-06 13:57:24.800  9672  9760 I art     : Explicit concurrent mark sweep GC freed 26(944B) AllocSpace objects, 0(0B) LOS objects, 23% free, 53MB/69MB, paused 597us total 28.690ms
08-06 13:57:24.813  9672  9760 I art     : Starting a blocking GC Explicit
08-06 13:57:24.846  9672  9760 I art     : Explicit concurrent mark sweep GC freed 3(96B) AllocSpace objects, 0(0B) LOS objects, 23% free, 53MB/69MB, paused 644us total 31.828ms
08-06 13:57:24.857  9672  9760 I art     : Starting a blocking GC Explicit
08-06 13:57:24.886  9672  9760 I art     : Explicit concurrent mark sweep GC freed 3(96B) AllocSpace objects, 0(0B) LOS objects, 23% free, 53MB/69MB, paused 603us total 28.500ms
08-06 13:57:24.898  9672  9760 I art     : Starting a blocking GC Explicit
08-06 13:57:24.925  9672  9760 I art     : Explicit concurrent mark sweep GC freed 3(96B) AllocSpace objects, 0(0B) LOS objects, 23% free, 53MB/69MB, paused 563us total 26.353ms
08-06 13:57:24.969   380   380 W SurfaceFlinger: couldn't log to binary event log: overflow.
08-06 13:57:25.206  9672  9760 I art     : Starting a blocking GC Explicit
08-06 13:57:25.239  9672  9760 I art     : Explicit concurrent mark sweep GC freed 1466(87KB) AllocSpace objects, 1(20KB) LOS objects, 23% free, 53MB/69MB, paused 674us total 32.759ms
08-06 13:57:25.250  9672  9760 I art     : Starting a blocking GC Explicit
08-06 13:57:25.279  9672  9760 I art     : Explicit concurrent mark sweep GC freed 4698(269KB) AllocSpace objects, 2(140KB) LOS objects, 23% free, 52MB/68MB, paused 645us total 28.434ms
08-06 13:57:25.290  9672  9760 I art     : Starting a blocking GC Explicit
08-06 13:57:25.317  9672  9760 I art     : Explicit concurrent mark sweep GC freed 3(96B) AllocSpace objects, 0(0B) LOS objects, 23% free, 52MB/68MB, paused 743us total 26.871ms
08-06 13:57:25.328  9672  9760 I art     : Starting a blocking GC Explicit
08-06 13:57:25.356  9672  9760 I art     : Explicit concurrent mark sweep GC freed 3(96B) AllocSpace objects, 0(0B) LOS objects, 23% free, 52MB/68MB, paused 615us total 26.826ms
08-06 13:57:25.367  9672  9760 I art     : Starting a blocking GC Explicit
08-06 13:57:25.394  9672  9760 I art     : Explicit concurrent mark sweep GC freed 3(96B) AllocSpace objects, 0(0B) LOS objects, 23% free, 52MB/68MB, paused 612us total 27.171ms
08-06 13:57:25.697  9672  9684 I art     : Starting a blocking GC Explicit
08-06 13:57:25.733  9672  9684 I art     : Explicit concurrent mark sweep GC freed 1347(78KB) AllocSpace objects, 1(20KB) LOS objects, 23% free, 52MB/68MB, paused 692us total 34.957ms
08-06 13:57:25.748  9672  9684 I art     : Starting a blocking GC Explicit
08-06 13:57:25.748   918  3188 I hubconnection: sensorhub said: 'set_bias 3: -6.2400, 0.0000, 0.0000'
08-06 13:57:25.775  9672  9684 I art     : Explicit concurrent mark sweep GC freed 20(704B) AllocSpace objects, 0(0B) LOS objects, 23% free, 52MB/68MB, paused 638us total 27.229ms
08-06 13:57:25.786  9672  9684 I art     : Starting a blocking GC Explicit
08-06 13:57:25.814  9672  9684 I art     : Explicit concurrent mark sweep GC freed 3(96B) AllocSpace objects, 0(0B) LOS objects, 23% free, 52MB/68MB, paused 611us total 27.330ms
08-06 13:57:25.825  9672  9684 I art     : Starting a blocking GC Explicit
08-06 13:57:25.852  9672  9684 I art     : Explicit concurrent mark sweep GC freed 3(96B) AllocSpace objects, 0(0B) LOS objects, 23% free, 52MB/68MB, paused 578us total 26.773ms
08-06 13:57:25.863  9672  9684 I art     : Starting a blocking GC Explicit
08-06 13:57:25.889  9672  9684 I art     : Explicit concurrent mark sweep GC freed 3(96B) AllocSpace objects, 0(0B) LOS objects, 23% free, 52MB/68MB, paused 616us total 25.809ms
08-06 13:57:26.183  9672  9685 I art     : Starting a blocking GC Explicit
08-06 13:57:26.211  9672  9685 I art     : Explicit concurrent mark sweep GC freed 1346(78KB) AllocSpace objects, 1(20KB) LOS objects, 23% free, 52MB/68MB, paused 672us total 27.495ms
08-06 13:57:26.227  9672  9685 I art     : Starting a blocking GC Explicit
08-06 13:57:26.253  9672  9685 I art     : Explicit concurrent mark sweep GC freed 20(704B) AllocSpace objects, 0(0B) LOS objects, 23% free, 52MB/68MB, paused 708us total 25.086ms
08-06 13:57:26.264  9672  9685 I art     : Starting a blocking GC Explicit
08-06 13:57:26.291  9672  9685 I art     : Explicit concurrent mark sweep GC freed 6(192B) AllocSpace objects, 0(0B) LOS objects, 23% free, 52MB/68MB, paused 601us total 27.328ms
08-06 13:57:26.303  9672  9685 I art     : Starting a blocking GC Explicit
08-06 13:57:26.332  9672  9685 I art     : Explicit concurrent mark sweep GC freed 7(224B) AllocSpace objects, 0(0B) LOS objects, 23% free, 52MB/68MB, paused 609us total 28.090ms
08-06 13:57:26.343  9672  9685 I art     : Starting a blocking GC Explicit
08-06 13:57:26.370  9672  9685 I art     : Explicit concurrent mark sweep GC freed 8(256B) AllocSpace objects, 0(0B) LOS objects, 23% free, 52MB/68MB, paused 610us total 27.085ms
08-06 13:57:26.442 12351 12351 D AndroidRuntime: >>>>>> START com.android.internal.os.RuntimeInit uid 2000 <<<<<<
08-06 13:57:26.448 12351 12351 D AndroidRuntime: CheckJNI is OFF
08-06 13:57:26.490 12351 12351 D ICU     : No timezone override file found: /data/misc/zoneinfo/current/icu/icu_tzdata.dat
08-06 13:57:26.538 12351 12351 I Radio-JNI: register_android_hardware_Radio DONE
08-06 13:57:26.567 12351 12351 D AndroidRuntime: Calling main entry com.android.commands.input.Input
08-06 13:57:26.568 12351 12351 I Input   : injectKeyEvent: KeyEvent { action=ACTION_DOWN, keyCode=KEYCODE_BACK, scanCode=0, metaState=0, flags=0x0, repeatCount=0, eventTime=885462981, downTime=885462981, deviceId=-1, source=0x101 }
08-06 13:57:26.575 12351 12351 I Input   : injectKeyEvent: KeyEvent { action=ACTION_UP, keyCode=KEYCODE_BACK, scanCode=0, metaState=0, flags=0x0, repeatCount=0, eventTime=885462981, downTime=885462981, deviceId=-1, source=0x101 }
08-06 13:57:26.581 12351 12351 D AndroidRuntime: Shutting down VM
08-06 13:57:26.616 13866 13866 I GoogleInputMethodServic: GoogleInputMethodService.onFinishInput():3138 
08-06 13:57:26.617 13866 13866 I GoogleInputMethodServic: GoogleInputMethodService.onStartInput():1808 
08-06 13:57:26.680  9672  9684 I art     : Starting a blocking GC Explicit
08-06 13:57:26.704  9672  9684 I art     : Explicit concurrent mark sweep GC freed 1564(87KB) AllocSpace objects, 1(20KB) LOS objects, 23% free, 52MB/68MB, paused 616us total 24.394ms
08-06 13:57:26.715  9672  9684 I art     : Starting a blocking GC Explicit
08-06 13:57:26.739  9672  9684 I art     : Explicit concurrent mark sweep GC freed 24(864B) AllocSpace objects, 0(0B) LOS objects, 23% free, 52MB/68MB, paused 568us total 24.016ms
08-06 13:57:26.753  9672  9684 I art     : Starting a blocking GC Explicit
08-06 13:57:26.782  9672  9684 I art     : Explicit concurrent mark sweep GC freed 3(96B) AllocSpace objects, 0(0B) LOS objects, 23% free, 52MB/68MB, paused 599us total 28.636ms
08-06 13:57:26.794  9672  9684 I art     : Starting a blocking GC Explicit
08-06 13:57:26.825  9672  9684 I art     : Explicit concurrent mark sweep GC freed 3(96B) AllocSpace objects, 0(0B) LOS objects, 23% free, 52MB/68MB, paused 839us total 29.899ms
08-06 13:57:26.839  9672  9684 I art     : Starting a blocking GC Explicit
08-06 13:57:26.870  9672  9684 I art     : Explicit concurrent mark sweep GC freed 3(96B) AllocSpace objects, 0(0B) LOS objects, 23% free, 52MB/68MB, paused 561us total 31.250ms
08-06 13:57:26.904   380   380 W SurfaceFlinger: couldn't log to binary event log: overflow.
08-06 13:57:27.157  9672 10490 I art     : Starting a blocking GC Explicit
08-06 13:57:27.189  9672 10490 I art     : Explicit concurrent mark sweep GC freed 1464(87KB) AllocSpace objects, 1(20KB) LOS objects, 23% free, 52MB/68MB, paused 650us total 31.985ms
08-06 13:57:27.200  9672 10490 I art     : Starting a blocking GC Explicit
08-06 13:57:27.227  9672 10490 I art     : Explicit concurrent mark sweep GC freed 2109(123KB) AllocSpace objects, 3(340KB) LOS objects, 23% free, 52MB/68MB, paused 663us total 26.475ms
08-06 13:57:27.238  9672 10490 I art     : Starting a blocking GC Explicit
08-06 13:57:27.264  9672 10490 I art     : Explicit concurrent mark sweep GC freed 17(528B) AllocSpace objects, 0(0B) LOS objects, 23% free, 52MB/68MB, paused 584us total 26.071ms
08-06 13:57:27.275  9672 10490 I art     : Starting a blocking GC Explicit
08-06 13:57:27.301  9672 10490 I art     : Explicit concurrent mark sweep GC freed 3(96B) AllocSpace objects, 0(0B) LOS objects, 23% free, 52MB/68MB, paused 585us total 25.785ms
08-06 13:57:27.312  9672 10490 I art     : Starting a blocking GC Explicit
08-06 13:57:27.339  9672 10490 I art     : Explicit concurrent mark sweep GC freed 3(96B) AllocSpace objects, 0(0B) LOS objects, 23% free, 52MB/68MB, paused 596us total 26.128ms
08-06 13:57:27.644  9672  9760 I art     : Starting a blocking GC Explicit
08-06 13:57:27.675  9672  9760 I art     : Explicit concurrent mark sweep GC freed 1346(78KB) AllocSpace objects, 1(20KB) LOS objects, 23% free, 52MB/68MB, paused 577us total 30.636ms
08-06 13:57:27.689  9672  9760 I art     : Starting a blocking GC Explicit
08-06 13:57:27.715  9672  9760 I art     : Explicit concurrent mark sweep GC freed 20(704B) AllocSpace objects, 0(0B) LOS objects, 23% free, 52MB/68MB, paused 587us total 25.583ms
08-06 13:57:27.725  9672  9760 I art     : Starting a blocking GC Explicit
08-06 13:57:27.752  9672  9760 I art     : Explicit concurrent mark sweep GC freed 3(96B) AllocSpace objects, 0(0B) LOS objects, 23% free, 52MB/68MB, paused 599us total 25.989ms
08-06 13:57:27.763  9672  9760 I art     : Starting a blocking GC Explicit
08-06 13:57:27.788  9672  9760 I art     : Explicit concurrent mark sweep GC freed 3(96B) AllocSpace objects, 0(0B) LOS objects, 23% free, 52MB/68MB, paused 598us total 25.520ms
08-06 13:57:27.800  9672  9760 I art     : Starting a blocking GC Explicit
08-06 13:57:27.825  9672  9760 I art     : Explicit concurrent mark sweep GC freed 3(96B) AllocSpace objects, 0(0B) LOS objects, 23% free, 52MB/68MB, paused 586us total 24.882ms
08-06 13:57:28.116  9672  9685 I art     : Starting a blocking GC Explicit
08-06 13:57:28.146  9672  9685 I art     : Explicit concurrent mark sweep GC freed 1344(78KB) AllocSpace objects, 1(20KB) LOS objects, 23% free, 52MB/68MB, paused 666us total 30.016ms
08-06 13:57:28.158  9672  9685 I art     : Starting a blocking GC Explicit
08-06 13:57:28.183  9672  9685 I art     : Explicit concurrent mark sweep GC freed 20(704B) AllocSpace objects, 0(0B) LOS objects, 23% free, 52MB/68MB, paused 575us total 24.977ms
08-06 13:57:28.194  9672  9685 I art     : Starting a blocking GC Explicit
08-06 13:57:28.221  9672  9685 I art     : Explicit concurrent mark sweep GC freed 3(96B) AllocSpace objects, 0(0B) LOS objects, 23% free, 52MB/68MB, paused 609us total 27.334ms
08-06 13:57:28.232  9672  9685 I art     : Starting a blocking GC Explicit
08-06 13:57:28.259  9672  9685 I art     : Explicit concurrent mark sweep GC freed 3(96B) AllocSpace objects, 0(0B) LOS objects, 23% free, 52MB/68MB, paused 623us total 26.671ms
08-06 13:57:28.270  9672  9685 I art     : Starting a blocking GC Explicit
08-06 13:57:28.297  9672  9685 I art     : Explicit concurrent mark sweep GC freed 3(96B) AllocSpace objects, 0(0B) LOS objects, 23% free, 52MB/68MB, paused 685us total 26.227ms
08-06 13:57:28.373 12406 12406 D AndroidRuntime: >>>>>> START com.android.internal.os.RuntimeInit uid 2000 <<<<<<
08-06 13:57:28.379 12406 12406 D AndroidRuntime: CheckJNI is OFF
08-06 13:57:28.427 12406 12406 D ICU     : No timezone override file found: /data/misc/zoneinfo/current/icu/icu_tzdata.dat
08-06 13:57:28.473 12406 12406 I Radio-JNI: register_android_hardware_Radio DONE
08-06 13:57:28.502 12406 12406 D AndroidRuntime: Calling main entry com.android.commands.input.Input
08-06 13:57:28.505 12406 12406 I Input   : injectMotionEvent: MotionEvent { action=ACTION_DOWN, actionButton=0, id[0]=0, x[0]=1053.0, y[0]=1173.0, toolType[0]=TOOL_TYPE_UNKNOWN, buttonState=0, metaState=0, flags=0x0, edgeFlags=0x0, pointerCount=1, historySize=0, eventTime=885464917, downTime=885464917, deviceId=0, source=0x1002 }
08-06 13:57:28.511 12406 12406 I Input   : injectMotionEvent: MotionEvent { action=ACTION_UP, actionButton=0, id[0]=0, x[0]=1053.0, y[0]=1173.0, toolType[0]=TOOL_TYPE_UNKNOWN, buttonState=0, metaState=0, flags=0x0, edgeFlags=0x0, pointerCount=1, historySize=0, eventTime=885464917, downTime=885464917, deviceId=0, source=0x1002 }
08-06 13:57:28.513   918  5952 I ActivityManager: START u0 {cmp=baseline.appteam.nith.hillffair/.activities.QuizActivity} from uid 10697 on display 0
08-06 13:57:28.523 12406 12406 D AndroidRuntime: Shutting down VM
08-06 13:57:28.606   918   936 I ActivityManager: Displayed baseline.appteam.nith.hillffair/.activities.QuizActivity: +82ms
08-06 13:57:28.607 13866 13866 I GoogleInputMethodServic: GoogleInputMethodService.onFinishInput():3138 
08-06 13:57:28.609 13866 13866 I GoogleInputMethodServic: GoogleInputMethodService.onStartInput():1808 
08-06 13:57:28.622  9672  9684 I art     : Starting a blocking GC Explicit
08-06 13:57:28.651  9672  9684 I art     : Explicit concurrent mark sweep GC freed 2121(132KB) AllocSpace objects, 1(20KB) LOS objects, 23% free, 52MB/68MB, paused 587us total 28.995ms
08-06 13:57:28.661  9672  9684 I art     : Starting a blocking GC Explicit
08-06 13:57:28.685  9672  9684 I art     : Explicit concurrent mark sweep GC freed 187(8KB) AllocSpace objects, 0(0B) LOS objects, 23% free, 52MB/68MB, paused 545us total 22.919ms
08-06 13:57:28.695  9672  9684 I art     : Starting a blocking GC Explicit
08-06 13:57:28.718  9672  9684 I art     : Explicit concurrent mark sweep GC freed 30(1248B) AllocSpace objects, 0(0B) LOS objects, 23% free, 52MB/68MB, paused 546us total 22.852ms
08-06 13:57:28.729  9672  9684 I art     : Starting a blocking GC Explicit
08-06 13:57:28.752  9672  9684 I art     : Explicit concurrent mark sweep GC freed 3(96B) AllocSpace objects, 0(0B) LOS objects, 23% free, 52MB/68MB, paused 555us total 22.991ms
08-06 13:57:28.762  9672  9684 I art     : Starting a blocking GC Explicit
08-06 13:57:28.785  9672  9684 I art     : Explicit concurrent mark sweep GC freed 3(96B) AllocSpace objects, 0(0B) LOS objects, 23% free, 52MB/68MB, paused 581us total 22.695ms
08-06 13:57:28.785  9672  9683 I art     : WaitForGcToComplete blocked for 7.743ms for cause HeapTrim
08-06 13:57:28.856   380   380 W SurfaceFlinger: couldn't log to binary event log: overflow.
08-06 13:57:29.063  9672 10490 I art     : Starting a blocking GC Explicit
08-06 13:57:29.090  9672 10490 I art     : Explicit concurrent mark sweep GC freed 1416(83KB) AllocSpace objects, 1(20KB) LOS objects, 23% free, 52MB/68MB, paused 576us total 26.344ms
08-06 13:57:29.101  9672 10490 I art     : Starting a blocking GC Explicit
08-06 13:57:29.126  9672 10490 I art     : Explicit concurrent mark sweep GC freed 20(704B) AllocSpace objects, 0(0B) LOS objects, 23% free, 52MB/68MB, paused 585us total 25.577ms
08-06 13:57:29.138  9672 10490 I art     : Starting a blocking GC Explicit
08-06 13:57:29.164  9672 10490 I art     : Explicit concurrent mark sweep GC freed 3(96B) AllocSpace objects, 0(0B) LOS objects, 23% free, 52MB/68MB, paused 580us total 26.584ms
08-06 13:57:29.175  9672 10490 I art     : Starting a blocking GC Explicit
08-06 13:57:29.202  9672 10490 I art     : Explicit concurrent mark sweep GC freed 3(96B) AllocSpace objects, 0(0B) LOS objects, 23% free, 52MB/68MB, paused 581us total 26.649ms
08-06 13:57:29.213  9672 10490 I art     : Starting a blocking GC Explicit
08-06 13:57:29.240  9672 10490 I art     : Explicit concurrent mark sweep GC freed 3(96B) AllocSpace objects, 0(0B) LOS objects, 23% free, 52MB/68MB, paused 610us total 26.201ms
08-06 13:57:29.551  9672  9919 I art     : Starting a blocking GC Explicit
08-06 13:57:29.584  9672  9919 I art     : Explicit concurrent mark sweep GC freed 1346(78KB) AllocSpace objects, 1(20KB) LOS objects, 23% free, 52MB/68MB, paused 639us total 31.961ms
08-06 13:57:29.596  9672  9919 I art     : Starting a blocking GC Explicit
08-06 13:57:29.623  9672  9919 I art     : Explicit concurrent mark sweep GC freed 20(704B) AllocSpace objects, 0(0B) LOS objects, 23% free, 52MB/68MB, paused 599us total 27.158ms
08-06 13:57:29.634  9672  9919 I art     : Starting a blocking GC Explicit
08-06 13:57:29.662  9672  9919 I art     : Explicit concurrent mark sweep GC freed 3(96B) AllocSpace objects, 0(0B) LOS objects, 23% free, 52MB/68MB, paused 601us total 27.229ms
08-06 13:57:29.673  9672  9919 I art     : Starting a blocking GC Explicit
08-06 13:57:29.700  9672  9919 I art     : Explicit concurrent mark sweep GC freed 3(96B) AllocSpace objects, 0(0B) LOS objects, 23% free, 52MB/68MB, paused 597us total 26.580ms
08-06 13:57:29.711  9672  9919 I art     : Starting a blocking GC Explicit
08-06 13:57:29.739  9672  9919 I art     : Explicit concurrent mark sweep GC freed 3(96B) AllocSpace objects, 0(0B) LOS objects, 23% free, 52MB/68MB, paused 677us total 27.134ms
08-06 13:57:30.044  9672  9760 I art     : Starting a blocking GC Explicit
08-06 13:57:30.077  9672  9760 I art     : Explicit concurrent mark sweep GC freed 1346(78KB) AllocSpace objects, 1(20KB) LOS objects, 23% free, 52MB/68MB, paused 650us total 32.325ms
08-06 13:57:30.091  9672  9760 I art     : Starting a blocking GC Explicit
08-06 13:57:30.122  9672  9760 I art     : Explicit concurrent mark sweep GC freed 20(704B) AllocSpace objects, 0(0B) LOS objects, 23% free, 52MB/68MB, paused 681us total 30.957ms
08-06 13:57:30.135  9672  9760 I art     : Starting a blocking GC Explicit
08-06 13:57:30.163  9672  9760 I art     : Explicit concurrent mark sweep GC freed 3(96B) AllocSpace objects, 0(0B) LOS objects, 23% free, 52MB/68MB, paused 605us total 27.678ms
08-06 13:57:30.174  9672  9760 I art     : Starting a blocking GC Explicit
08-06 13:57:30.208  9672  9760 I art     : Explicit concurrent mark sweep GC freed 7(224B) AllocSpace objects, 0(0B) LOS objects, 23% free, 52MB/68MB, paused 763us total 32.974ms
08-06 13:57:30.222  9672  9760 I art     : Starting a blocking GC Explicit
08-06 13:57:30.248  9672  9760 I art     : Explicit concurrent mark sweep GC freed 8(256B) AllocSpace objects, 0(0B) LOS objects, 23% free, 52MB/68MB, paused 589us total 25.552ms
08-06 13:57:30.443  5524  5524 I Atfwd_Sendcmd: AtCmdFwd service not ready - Exhausted retry attempts - :6
08-06 13:57:30.444  5524  5524 I Atfwd_Daemon: result : -1 	 ,Init step :2 	 ,qmiErrorCode: 0
08-06 13:57:30.584  9672 10490 I art     : Starting a blocking GC Explicit
08-06 13:57:30.619  9672 10490 I art     : Explicit concurrent mark sweep GC freed 1365(79KB) AllocSpace objects, 1(20KB) LOS objects, 23% free, 52MB/68MB, paused 648us total 34.348ms
08-06 13:57:30.633  9672 10490 I art     : Starting a blocking GC Explicit
08-06 13:57:30.664  9672 10490 I art     : Explicit concurrent mark sweep GC freed 20(704B) AllocSpace objects, 0(0B) LOS objects, 23% free, 52MB/68MB, paused 616us total 30.151ms
08-06 13:57:30.675  9672 10490 I art     : Starting a blocking GC Explicit
08-06 13:57:30.705  9672 10490 I art     : Explicit concurrent mark sweep GC freed 3(96B) AllocSpace objects, 0(0B) LOS objects, 23% free, 52MB/68MB, paused 607us total 29.514ms
08-06 13:57:30.716  9672 10490 I art     : Starting a blocking GC Explicit
08-06 13:57:30.745  9672 10490 I art     : Explicit concurrent mark sweep GC freed 3(96B) AllocSpace objects, 0(0B) LOS objects, 23% free, 52MB/68MB, paused 630us total 28.151ms
08-06 13:57:30.756  9672 10490 I art     : Starting a blocking GC Explicit
08-06 13:57:30.783  9672 10490 I art     : Explicit concurrent mark sweep GC freed 3(96B) AllocSpace objects, 0(0B) LOS objects, 23% free, 52MB/68MB, paused 583us total 26.568ms
08-06 13:57:31.111  9672  9919 I art     : Starting a blocking GC Explicit
08-06 13:57:31.143  9672  9919 I art     : Explicit concurrent mark sweep GC freed 1346(78KB) AllocSpace objects, 1(20KB) LOS objects, 23% free, 52MB/68MB, paused 610us total 31.997ms
08-06 13:57:31.158  9672  9919 I art     : Starting a blocking GC Explicit
08-06 13:57:31.188  9672  9919 I art     : Explicit concurrent mark sweep GC freed 20(704B) AllocSpace objects, 0(0B) LOS objects, 23% free, 52MB/68MB, paused 641us total 30.081ms
08-06 13:57:31.199  9672  9919 I art     : Starting a blocking GC Explicit
08-06 13:57:31.227  9672  9919 I art     : Explicit concurrent mark sweep GC freed 3(96B) AllocSpace objects, 0(0B) LOS objects, 23% free, 52MB/68MB, paused 718us total 27.856ms
08-06 13:57:31.239  9672  9919 I art     : Starting a blocking GC Explicit
08-06 13:57:31.267  9672  9919 I art     : Explicit concurrent mark sweep GC freed 3(96B) AllocSpace objects, 0(0B) LOS objects, 23% free, 52MB/68MB, paused 644us total 27.650ms
08-06 13:57:31.278  9672  9919 I art     : Starting a blocking GC Explicit
08-06 13:57:31.306  9672  9919 I art     : Explicit concurrent mark sweep GC freed 3(96B) AllocSpace objects, 0(0B) LOS objects, 23% free, 52MB/68MB, paused 684us total 27.862ms
08-06 13:57:31.315 12480 12480 D AndroidRuntime: >>>>>> START com.android.internal.os.RuntimeInit uid 2000 <<<<<<
08-06 13:57:31.321 12480 12480 D AndroidRuntime: CheckJNI is OFF
08-06 13:57:31.365 12480 12480 D ICU     : No timezone override file found: /data/misc/zoneinfo/current/icu/icu_tzdata.dat
08-06 13:57:31.411 12480 12480 I Radio-JNI: register_android_hardware_Radio DONE
08-06 13:57:31.443 12480 12480 D AndroidRuntime: Calling main entry com.android.commands.input.Input
08-06 13:57:31.446 12480 12480 I Input   : injectMotionEvent: MotionEvent { action=ACTION_DOWN, actionButton=0, id[0]=0, x[0]=756.0, y[0]=1530.0, toolType[0]=TOOL_TYPE_UNKNOWN, buttonState=0, metaState=0, flags=0x0, edgeFlags=0x0, pointerCount=1, historySize=0, eventTime=885467859, downTime=885467859, deviceId=0, source=0x1002 }
08-06 13:57:31.454 12480 12480 I Input   : injectMotionEvent: MotionEvent { action=ACTION_UP, actionButton=0, id[0]=0, x[0]=756.0, y[0]=1530.0, toolType[0]=TOOL_TYPE_UNKNOWN, buttonState=0, metaState=0, flags=0x0, edgeFlags=0x0, pointerCount=1, historySize=0, eventTime=885467859, downTime=885467859, deviceId=0, source=0x1002 }
08-06 13:57:31.456 12480 12480 D AndroidRuntime: Shutting down VM
08-06 13:57:31.463   918  5132 I ActivityManager: START u0 {cmp=baseline.appteam.nith.hillffair/.activities.LeaderBoardActivity} from uid 10697 on display 0
08-06 13:57:31.464   512  2967 D audio_hw_primary: out_set_parameters: enter: usecase(1: low-latency-playback) kvpairs: routing=2
08-06 13:57:31.477   512  2967 D audio_hw_primary: select_devices: out_snd_device(2: speaker) in_snd_device(0: none)
08-06 13:57:31.477   512  2967 D msm8974_platform: platform_send_audio_calibration: sending audio calibration for snd_device(2) acdb_id(15)
08-06 13:57:31.477   512  2967 I soundtrigger: audio_extn_sound_trigger_update_device_status: device 0x2 of type 0 for Event 1
08-06 13:57:31.488   512  2967 D audio_hw_primary: enable_snd_device: snd_device(2: speaker)
08-06 13:57:31.490   512  2967 D audio_hw_primary: enable_audio_route: apply and update mixer path: low-latency-playback speaker
08-06 13:57:31.556  9672  9672 E RecyclerView: No adapter attached; skipping layout
08-06 13:57:31.559  9672  9672 E RecyclerView: No adapter attached; skipping layout
08-06 13:57:31.577   918   936 I ActivityManager: Displayed baseline.appteam.nith.hillffair/.activities.LeaderBoardActivity: +105ms
08-06 13:57:31.579  9672  9672 E RecyclerView: No adapter attached; skipping layout
08-06 13:57:31.580 13866 13866 I GoogleInputMethodServic: GoogleInputMethodService.onFinishInput():3138 
08-06 13:57:31.580 13866 13866 I GoogleInputMethodServic: GoogleInputMethodService.onStartInput():1808 
08-06 13:57:31.597  9672  9695 D OpenGLRenderer: endAllStagingAnimators on 0x7f7f27d800 (RippleDrawable) with handle 0x7f7ede8220
08-06 13:57:31.606  9672  9684 I art     : Starting a blocking GC Explicit
08-06 13:57:31.633  9672  9684 I art     : Explicit concurrent mark sweep GC freed 6652(402KB) AllocSpace objects, 1(20KB) LOS objects, 23% free, 52MB/68MB, paused 645us total 26.896ms
08-06 13:57:31.646  9672  9684 I art     : Starting a blocking GC Explicit
08-06 13:57:31.670  9672  9684 I art     : Explicit concurrent mark sweep GC freed 283(12KB) AllocSpace objects, 0(0B) LOS objects, 23% free, 52MB/68MB, paused 673us total 24.232ms
08-06 13:57:31.681  9672  9684 I art     : Starting a blocking GC Explicit
08-06 13:57:31.708  9672  9684 I art     : Explicit concurrent mark sweep GC freed 11(416B) AllocSpace objects, 0(0B) LOS objects, 23% free, 52MB/68MB, paused 685us total 26.405ms
08-06 13:57:31.719  9672  9684 I art     : Starting a blocking GC Explicit
08-06 13:57:31.747  9672  9684 I art     : Explicit concurrent mark sweep GC freed 5(160B) AllocSpace objects, 0(0B) LOS objects, 23% free, 52MB/68MB, paused 841us total 27.727ms
08-06 13:57:31.760  9672  9684 I art     : Starting a blocking GC Explicit
08-06 13:57:31.789  9672  9684 I art     : Explicit concurrent mark sweep GC freed 5(160B) AllocSpace objects, 0(0B) LOS objects, 23% free, 52MB/68MB, paused 692us total 29.461ms
08-06 13:57:31.826   380   380 W SurfaceFlinger: couldn't log to binary event log: overflow.
08-06 13:57:32.028   512  2967 D audio_hw_primary: disable_audio_route: reset and update mixer path: low-latency-playback speaker
08-06 13:57:32.030   512  2967 D audio_hw_primary: disable_snd_device: snd_device(2: speaker)
08-06 13:57:32.037   512  2967 I soundtrigger: audio_extn_sound_trigger_update_device_status: device 0x2 of type 0 for Event 0
08-06 13:57:32.089  9672  9684 I art     : Starting a blocking GC Explicit
08-06 13:57:32.117  9672  9684 I art     : Explicit concurrent mark sweep GC freed 1530(88KB) AllocSpace objects, 1(20KB) LOS objects, 23% free, 52MB/68MB, paused 753us total 28.038ms
08-06 13:57:32.129  9672  9684 I art     : Starting a blocking GC Explicit
08-06 13:57:32.156  9672  9684 I art     : Explicit concurrent mark sweep GC freed 54(1856B) AllocSpace objects, 0(0B) LOS objects, 23% free, 52MB/68MB, paused 667us total 26.528ms
08-06 13:57:32.166  9672  9684 I art     : Starting a blocking GC Explicit
08-06 13:57:32.194  9672  9684 I art     : Explicit concurrent mark sweep GC freed 13(480B) AllocSpace objects, 0(0B) LOS objects, 23% free, 52MB/68MB, paused 726us total 26.981ms
08-06 13:57:32.204  9672  9684 I art     : Starting a blocking GC Explicit
08-06 13:57:32.231  9672  9684 I art     : Explicit concurrent mark sweep GC freed 16(608B) AllocSpace objects, 0(0B) LOS objects, 23% free, 52MB/68MB, paused 618us total 26.321ms
08-06 13:57:32.242  9672  9684 I art     : Starting a blocking GC Explicit
08-06 13:57:32.269  9672  9684 I art     : Explicit concurrent mark sweep GC freed 15(544B) AllocSpace objects, 0(0B) LOS objects, 23% free, 52MB/68MB, paused 662us total 26.297ms
08-06 13:57:32.346  9672 12509 D OkHttp  : --> GET https://api-hillfair-2k16.herokuapp.com/api/app/quiz/leaderboard?from=1 http/1.1
08-06 13:57:32.383  9672 12509 D OkHttp  : <-- 200 OK https://api-hillfair-2k16.herokuapp.com/api/app/quiz/leaderboard?from=1 (36ms, 56744-byte body)
08-06 13:57:32.461  9672  9672 I NAPPA_EXPERIMENTATION: MetricNetworkRequestExecutionTime: REQUEST_DURATION_SYSTEM='961',REQUEST_DURATION_OKHTTP='37',REQUEST_SYNCHRONOUS='FALSE',RESPONSE_CODE='200',RESPONSE_METHOD='GET',RESPONSE_LENGTH_OKHTTP='56744',RESPONSE_LENGTH_HEADER='56744',REQUEST_PROTOCOL='http/1.1',REQUEST_URL='https://api-hillfair-2k16.herokuapp.com/api/app/quiz/leaderboard?from=1',
08-06 13:57:32.548  9672  9919 I art     : Starting a blocking GC Explicit
08-06 13:57:32.580  9672  9919 I art     : Explicit concurrent mark sweep GC freed 30306(1445KB) AllocSpace objects, 4(220KB) LOS objects, 23% free, 53MB/69MB, paused 682us total 32.139ms
08-06 13:57:32.592  9672  9919 I art     : Starting a blocking GC Explicit
08-06 13:57:32.620  9672  9919 I art     : Explicit concurrent mark sweep GC freed 1064(120KB) AllocSpace objects, 0(0B) LOS objects, 23% free, 53MB/69MB, paused 633us total 28.094ms
08-06 13:57:32.633  9672  9919 I art     : Starting a blocking GC Explicit
08-06 13:57:32.662  9672  9919 I art     : Explicit concurrent mark sweep GC freed 196(12KB) AllocSpace objects, 0(0B) LOS objects, 23% free, 53MB/69MB, paused 733us total 29.688ms
08-06 13:57:32.674  9672  9919 I art     : Starting a blocking GC Explicit
08-06 13:57:32.704  9672  9919 I art     : Explicit concurrent mark sweep GC freed 8(304B) AllocSpace objects, 0(0B) LOS objects, 23% free, 53MB/69MB, paused 706us total 29.966ms
08-06 13:57:32.716  9672  9919 I art     : Starting a blocking GC Explicit
08-06 13:57:32.746  9672  9919 I art     : Explicit concurrent mark sweep GC freed 95(4KB) AllocSpace objects, 0(0B) LOS objects, 23% free, 53MB/69MB, paused 709us total 29.621ms
08-06 13:57:32.847  9672 12535 W OneSignal: OneSignalRestClient: POST Error thrown from network stack. 
08-06 13:57:32.847  9672 12535 W OneSignal: java.io.IOException: unexpected end of stream on Connection{api.onesignal.com:443, proxy=HTTP@192.168.2.12:8080 hostAddress=192.168.2.12 cipherSuite=TLS_ECDHE_RSA_WITH_AES_128_GCM_SHA256 protocol=http/1.1} (recycle count=0)
08-06 13:57:32.847  9672 12535 W OneSignal: 	at com.android.okhttp.internal.http.HttpConnection.readResponse(HttpConnection.java:210)
08-06 13:57:32.847  9672 12535 W OneSignal: 	at com.android.okhttp.internal.http.HttpTransport.readResponseHeaders(HttpTransport.java:80)
08-06 13:57:32.847  9672 12535 W OneSignal: 	at com.android.okhttp.internal.http.HttpEngine.readNetworkResponse(HttpEngine.java:904)
08-06 13:57:32.847  9672 12535 W OneSignal: 	at com.android.okhttp.internal.http.HttpEngine.readResponse(HttpEngine.java:788)
08-06 13:57:32.847  9672 12535 W OneSignal: 	at com.android.okhttp.internal.huc.HttpURLConnectionImpl.execute(HttpURLConnectionImpl.java:439)
08-06 13:57:32.847  9672 12535 W OneSignal: 	at com.android.okhttp.internal.huc.HttpURLConnectionImpl.getResponse(HttpURLConnectionImpl.java:384)
08-06 13:57:32.847  9672 12535 W OneSignal: 	at com.android.okhttp.internal.huc.HttpURLConnectionImpl.getResponseCode(HttpURLConnectionImpl.java:497)
08-06 13:57:32.847  9672 12535 W OneSignal: 	at com.android.okhttp.internal.huc.DelegatingHttpsURLConnection.getResponseCode(DelegatingHttpsURLConnection.java:105)
08-06 13:57:32.847  9672 12535 W OneSignal: 	at com.android.okhttp.internal.huc.HttpsURLConnectionImpl.getResponseCode(HttpsURLConnectionImpl.java)
08-06 13:57:32.847  9672 12535 W OneSignal: 	at com.onesignal.OneSignalRestClient.startHTTPConnection(OneSignalRestClient.java:180)
08-06 13:57:32.847  9672 12535 W OneSignal: 	at com.onesignal.OneSignalRestClient.access$100(OneSignalRestClient.java:44)
08-06 13:57:32.847  9672 12535 W OneSignal: 	at com.onesignal.OneSignalRestClient$4.run(OneSignalRestClient.java:110)
08-06 13:57:32.847  9672 12535 W OneSignal: 	at java.lang.Thread.run(Thread.java:818)
08-06 13:57:32.847  9672 12535 W OneSignal: Caused by: java.io.EOFException: \n not found: size=0 content=...
08-06 13:57:32.847  9672 12535 W OneSignal: 	at com.android.okhttp.okio.RealBufferedSource.readUtf8LineStrict(RealBufferedSource.java:200)
08-06 13:57:32.847  9672 12535 W OneSignal: 	at com.android.okhttp.internal.http.HttpConnection.readResponse(HttpConnection.java:191)
08-06 13:57:32.847  9672 12535 W OneSignal: 	... 12 more
08-06 13:57:32.849  9672 12536 W OneSignal: Failed last request. statusCode: -1
08-06 13:57:32.849  9672 12536 W OneSignal: response: null
08-06 13:57:33.056  9672  9685 I art     : Starting a blocking GC Explicit
08-06 13:57:33.092  9672  9685 I art     : Explicit concurrent mark sweep GC freed 3610(225KB) AllocSpace objects, 1(20KB) LOS objects, 23% free, 53MB/69MB, paused 687us total 36.173ms
08-06 13:57:33.107  9672  9685 I art     : Starting a blocking GC Explicit
08-06 13:57:33.142  9672  9685 I art     : Explicit concurrent mark sweep GC freed 90(3KB) AllocSpace objects, 0(0B) LOS objects, 23% free, 53MB/69MB, paused 698us total 34.453ms
08-06 13:57:33.155  9672  9685 I art     : Starting a blocking GC Explicit
08-06 13:57:33.186  9672  9685 I art     : Explicit concurrent mark sweep GC freed 3(96B) AllocSpace objects, 0(0B) LOS objects, 23% free, 53MB/69MB, paused 648us total 30.592ms
08-06 13:57:33.198  9672  9685 I art     : Starting a blocking GC Explicit
08-06 13:57:33.231  9672  9685 I art     : Explicit concurrent mark sweep GC freed 3(96B) AllocSpace objects, 0(0B) LOS objects, 23% free, 53MB/69MB, paused 656us total 32.496ms
08-06 13:57:33.243  9672  9685 I art     : Starting a blocking GC Explicit
08-06 13:57:33.276  9672  9685 I art     : Explicit concurrent mark sweep GC freed 3(96B) AllocSpace objects, 0(0B) LOS objects, 23% free, 53MB/69MB, paused 655us total 32.358ms
08-06 13:57:33.618  9672  9684 I art     : Starting a blocking GC Explicit
08-06 13:57:33.659  9672  9684 I art     : Explicit concurrent mark sweep GC freed 1360(79KB) AllocSpace objects, 1(20KB) LOS objects, 23% free, 53MB/69MB, paused 1.055ms total 40.930ms
08-06 13:57:33.672  9672  9684 I art     : Starting a blocking GC Explicit
08-06 13:57:33.703  9672  9684 I art     : Explicit concurrent mark sweep GC freed 34(1136B) AllocSpace objects, 0(0B) LOS objects, 23% free, 53MB/69MB, paused 636us total 30.247ms
08-06 13:57:33.715  9672  9684 I art     : Starting a blocking GC Explicit
08-06 13:57:33.747  9672  9684 I art     : Explicit concurrent mark sweep GC freed 3(96B) AllocSpace objects, 0(0B) LOS objects, 23% free, 53MB/69MB, paused 800us total 32.405ms
08-06 13:57:33.759  9672  9684 I art     : Starting a blocking GC Explicit
08-06 13:57:33.792  9672  9684 I art     : Explicit concurrent mark sweep GC freed 3(96B) AllocSpace objects, 0(0B) LOS objects, 23% free, 53MB/69MB, paused 638us total 32.490ms
08-06 13:57:33.804  9672  9684 I art     : Starting a blocking GC Explicit
08-06 13:57:33.836  9672  9684 I art     : Explicit concurrent mark sweep GC freed 3(96B) AllocSpace objects, 0(0B) LOS objects, 23% free, 53MB/69MB, paused 631us total 31.318ms
08-06 13:57:34.145  9672  9760 I art     : Starting a blocking GC Explicit
08-06 13:57:34.179  9672  9760 I art     : Explicit concurrent mark sweep GC freed 1347(78KB) AllocSpace objects, 1(20KB) LOS objects, 23% free, 53MB/69MB, paused 608us total 33.728ms
08-06 13:57:34.191  9672  9760 I art     : Starting a blocking GC Explicit
08-06 13:57:34.224  9672  9760 I art     : Explicit concurrent mark sweep GC freed 20(704B) AllocSpace objects, 0(0B) LOS objects, 23% free, 53MB/69MB, paused 648us total 32.397ms
08-06 13:57:34.236  9672  9760 I art     : Starting a blocking GC Explicit
08-06 13:57:34.268  9672  9760 I art     : Explicit concurrent mark sweep GC freed 3(96B) AllocSpace objects, 0(0B) LOS objects, 23% free, 53MB/69MB, paused 669us total 32.171ms
08-06 13:57:34.280  9672  9760 I art     : Starting a blocking GC Explicit
08-06 13:57:34.310  9672  9760 I art     : Explicit concurrent mark sweep GC freed 3(96B) AllocSpace objects, 0(0B) LOS objects, 23% free, 53MB/69MB, paused 643us total 29.615ms
08-06 13:57:34.322  9672  9760 I art     : Starting a blocking GC Explicit
08-06 13:57:34.355  9672  9760 I art     : Explicit concurrent mark sweep GC freed 3(96B) AllocSpace objects, 0(0B) LOS objects, 23% free, 53MB/69MB, paused 621us total 32.316ms
08-06 13:57:34.686  9672 10490 I art     : Starting a blocking GC Explicit
08-06 13:57:34.731  9672 10490 I art     : Explicit concurrent mark sweep GC freed 1347(78KB) AllocSpace objects, 1(20KB) LOS objects, 23% free, 53MB/69MB, paused 700us total 44.073ms
08-06 13:57:34.748  9672 10490 I art     : Starting a blocking GC Explicit
08-06 13:57:34.783  9672 10490 I art     : Explicit concurrent mark sweep GC freed 20(704B) AllocSpace objects, 0(0B) LOS objects, 23% free, 53MB/69MB, paused 655us total 34.675ms
08-06 13:57:34.796  9672 10490 I art     : Starting a blocking GC Explicit
08-06 13:57:34.828  9672 10490 I art     : Explicit concurrent mark sweep GC freed 3(96B) AllocSpace objects, 0(0B) LOS objects, 23% free, 53MB/69MB, paused 674us total 31.875ms
08-06 13:57:34.840  9672 10490 I art     : Starting a blocking GC Explicit
08-06 13:57:34.872  9672 10490 I art     : Explicit concurrent mark sweep GC freed 3(96B) AllocSpace objects, 0(0B) LOS objects, 23% free, 53MB/69MB, paused 643us total 31.951ms
08-06 13:57:34.884  9672 10490 I art     : Starting a blocking GC Explicit
08-06 13:57:34.915  9672 10490 I art     : Explicit concurrent mark sweep GC freed 3(96B) AllocSpace objects, 0(0B) LOS objects, 23% free, 53MB/69MB, paused 609us total 30.771ms
08-06 13:57:35.263  9672  9919 I art     : Starting a blocking GC Explicit
08-06 13:57:35.302  9672  9919 I art     : Explicit concurrent mark sweep GC freed 1347(78KB) AllocSpace objects, 1(20KB) LOS objects, 23% free, 53MB/69MB, paused 683us total 39.241ms
08-06 13:57:35.317  9672  9919 I art     : Starting a blocking GC Explicit
08-06 13:57:35.352  9672  9919 I art     : Explicit concurrent mark sweep GC freed 20(704B) AllocSpace objects, 0(0B) LOS objects, 23% free, 53MB/69MB, paused 634us total 34.447ms
08-06 13:57:35.364  9672  9919 I art     : Starting a blocking GC Explicit
08-06 13:57:35.396  9672  9919 I art     : Explicit concurrent mark sweep GC freed 3(96B) AllocSpace objects, 0(0B) LOS objects, 23% free, 53MB/69MB, paused 615us total 31.792ms
08-06 13:57:35.408  9672  9919 I art     : Starting a blocking GC Explicit
08-06 13:57:35.440  9672  9919 I art     : Explicit concurrent mark sweep GC freed 3(96B) AllocSpace objects, 0(0B) LOS objects, 23% free, 53MB/69MB, paused 628us total 32.276ms
08-06 13:57:35.452  9672  9919 I art     : Starting a blocking GC Explicit
08-06 13:57:35.484  9672  9919 I art     : Explicit concurrent mark sweep GC freed 3(96B) AllocSpace objects, 0(0B) LOS objects, 23% free, 53MB/69MB, paused 631us total 31.533ms
08-06 13:57:35.788  9672  9685 I art     : Starting a blocking GC Explicit
08-06 13:57:35.824  9672  9685 I art     : Explicit concurrent mark sweep GC freed 1347(78KB) AllocSpace objects, 1(20KB) LOS objects, 23% free, 53MB/69MB, paused 724us total 35.920ms
08-06 13:57:35.838  9672  9685 I art     : Starting a blocking GC Explicit
08-06 13:57:35.869  9672  9685 I art     : Explicit concurrent mark sweep GC freed 20(704B) AllocSpace objects, 0(0B) LOS objects, 23% free, 53MB/69MB, paused 627us total 30.824ms
08-06 13:57:35.881  9672  9685 I art     : Starting a blocking GC Explicit
08-06 13:57:35.911  9672  9685 I art     : Explicit concurrent mark sweep GC freed 3(96B) AllocSpace objects, 0(0B) LOS objects, 23% free, 53MB/69MB, paused 645us total 30.564ms
08-06 13:57:35.924  9672  9685 I art     : Starting a blocking GC Explicit
08-06 13:57:35.953  9672  9685 I art     : Explicit concurrent mark sweep GC freed 3(96B) AllocSpace objects, 0(0B) LOS objects, 23% free, 53MB/69MB, paused 672us total 29.575ms
08-06 13:57:35.965  9672  9685 I art     : Starting a blocking GC Explicit
08-06 13:57:35.995  9672  9685 I art     : Explicit concurrent mark sweep GC freed 3(96B) AllocSpace objects, 0(0B) LOS objects, 23% free, 53MB/69MB, paused 642us total 29.811ms
08-06 13:57:36.233 12593 12593 D AndroidRuntime: >>>>>> START com.android.internal.os.RuntimeInit uid 2000 <<<<<<
08-06 13:57:36.239 12593 12593 D AndroidRuntime: CheckJNI is OFF
08-06 13:57:36.282 12593 12593 D ICU     : No timezone override file found: /data/misc/zoneinfo/current/icu/icu_tzdata.dat
08-06 13:57:36.315  9672  9684 I art     : Starting a blocking GC Explicit
08-06 13:57:36.324 12593 12593 I Radio-JNI: register_android_hardware_Radio DONE
08-06 13:57:36.344  9672  9684 I art     : Explicit concurrent mark sweep GC freed 1347(78KB) AllocSpace objects, 1(20KB) LOS objects, 23% free, 53MB/69MB, paused 637us total 29.513ms
08-06 13:57:36.354 12593 12593 D AndroidRuntime: Calling main entry com.android.commands.input.Input
08-06 13:57:36.356  9672  9684 I art     : Starting a blocking GC Explicit
08-06 13:57:36.357 12593 12593 I Input   : injectKeyEvent: KeyEvent { action=ACTION_DOWN, keyCode=KEYCODE_BACK, scanCode=0, metaState=0, flags=0x0, repeatCount=0, eventTime=885472770, downTime=885472770, deviceId=-1, source=0x101 }
08-06 13:57:36.363 12593 12593 I Input   : injectKeyEvent: KeyEvent { action=ACTION_UP, keyCode=KEYCODE_BACK, scanCode=0, metaState=0, flags=0x0, repeatCount=0, eventTime=885472770, downTime=885472770, deviceId=-1, source=0x101 }
08-06 13:57:36.370 12593 12593 D AndroidRuntime: Shutting down VM
08-06 13:57:36.384  9672  9684 I art     : Explicit concurrent mark sweep GC freed 111(5KB) AllocSpace objects, 0(0B) LOS objects, 23% free, 53MB/69MB, paused 640us total 27.500ms
08-06 13:57:36.395  9672  9684 I art     : Starting a blocking GC Explicit
08-06 13:57:36.406 13866 13866 I GoogleInputMethodServic: GoogleInputMethodService.onFinishInput():3138 
08-06 13:57:36.407 13866 13866 I GoogleInputMethodServic: GoogleInputMethodService.onStartInput():1808 
08-06 13:57:36.420  9672  9684 I art     : Explicit concurrent mark sweep GC freed 48(1808B) AllocSpace objects, 0(0B) LOS objects, 23% free, 53MB/69MB, paused 747us total 25.494ms
08-06 13:57:36.432  9672  9684 I art     : Starting a blocking GC Explicit
08-06 13:57:36.458  9672  9684 I art     : Explicit concurrent mark sweep GC freed 11(384B) AllocSpace objects, 0(0B) LOS objects, 23% free, 53MB/69MB, paused 573us total 25.646ms
08-06 13:57:36.469  9672  9684 I art     : Starting a blocking GC Explicit
08-06 13:57:36.494  9672  9684 I art     : Explicit concurrent mark sweep GC freed 3(96B) AllocSpace objects, 0(0B) LOS objects, 23% free, 53MB/69MB, paused 584us total 24.704ms
08-06 13:57:36.698   380   380 W SurfaceFlinger: couldn't log to binary event log: overflow.
08-06 13:57:36.784  9672  9684 I art     : Starting a blocking GC Explicit
08-06 13:57:36.814  9672  9684 I art     : Explicit concurrent mark sweep GC freed 1466(87KB) AllocSpace objects, 1(20KB) LOS objects, 23% free, 53MB/69MB, paused 626us total 30.364ms
08-06 13:57:36.826  9672  9684 I art     : Starting a blocking GC Explicit
08-06 13:57:36.855  9672  9684 I art     : Explicit concurrent mark sweep GC freed 4698(269KB) AllocSpace objects, 2(140KB) LOS objects, 23% free, 52MB/68MB, paused 619us total 28.415ms
08-06 13:57:36.866  9672  9684 I art     : Starting a blocking GC Explicit
08-06 13:57:36.894  9672  9684 I art     : Explicit concurrent mark sweep GC freed 3(96B) AllocSpace objects, 0(0B) LOS objects, 23% free, 52MB/68MB, paused 623us total 27.572ms
08-06 13:57:36.905  9672  9684 I art     : Starting a blocking GC Explicit
08-06 13:57:36.933  9672  9684 I art     : Explicit concurrent mark sweep GC freed 3(96B) AllocSpace objects, 0(0B) LOS objects, 23% free, 52MB/68MB, paused 595us total 27.245ms
08-06 13:57:36.944  9672  9684 I art     : Starting a blocking GC Explicit
08-06 13:57:36.971  9672  9684 I art     : Explicit concurrent mark sweep GC freed 3(96B) AllocSpace objects, 0(0B) LOS objects, 23% free, 52MB/68MB, paused 616us total 27.516ms
08-06 13:57:37.271  9672  9919 I art     : Starting a blocking GC Explicit
08-06 13:57:37.311  9672  9919 I art     : Explicit concurrent mark sweep GC freed 1347(78KB) AllocSpace objects, 1(20KB) LOS objects, 23% free, 52MB/68MB, paused 750us total 38.740ms
08-06 13:57:37.324  9672  9919 I art     : Starting a blocking GC Explicit
08-06 13:57:37.352  9672  9919 I art     : Explicit concurrent mark sweep GC freed 20(704B) AllocSpace objects, 0(0B) LOS objects, 23% free, 52MB/68MB, paused 606us total 27.815ms
08-06 13:57:37.363  9672  9919 I art     : Starting a blocking GC Explicit
08-06 13:57:37.390  9672  9919 I art     : Explicit concurrent mark sweep GC freed 3(96B) AllocSpace objects, 0(0B) LOS objects, 23% free, 52MB/68MB, paused 623us total 27.035ms
08-06 13:57:37.402  9672  9919 I art     : Starting a blocking GC Explicit
08-06 13:57:37.429  9672  9919 I art     : Explicit concurrent mark sweep GC freed 3(96B) AllocSpace objects, 0(0B) LOS objects, 23% free, 52MB/68MB, paused 619us total 26.575ms
08-06 13:57:37.440  9672  9919 I art     : Starting a blocking GC Explicit
08-06 13:57:37.467  9672  9919 I art     : Explicit concurrent mark sweep GC freed 3(96B) AllocSpace objects, 0(0B) LOS objects, 23% free, 52MB/68MB, paused 716us total 27.389ms
08-06 13:57:37.756  9672 10490 I art     : Starting a blocking GC Explicit
08-06 13:57:37.786  9672 10490 I art     : Explicit concurrent mark sweep GC freed 1346(78KB) AllocSpace objects, 1(20KB) LOS objects, 23% free, 52MB/68MB, paused 634us total 29.017ms
08-06 13:57:37.797  9672 10490 I art     : Starting a blocking GC Explicit
08-06 13:57:37.824  9672 10490 I art     : Explicit concurrent mark sweep GC freed 20(704B) AllocSpace objects, 0(0B) LOS objects, 23% free, 52MB/68MB, paused 609us total 27.009ms
08-06 13:57:37.835  9672 10490 I art     : Starting a blocking GC Explicit
08-06 13:57:37.862  9672 10490 I art     : Explicit concurrent mark sweep GC freed 3(96B) AllocSpace objects, 0(0B) LOS objects, 23% free, 52MB/68MB, paused 605us total 26.567ms
08-06 13:57:37.873  9672 10490 I art     : Starting a blocking GC Explicit
08-06 13:57:37.900  9672 10490 I art     : Explicit concurrent mark sweep GC freed 3(96B) AllocSpace objects, 0(0B) LOS objects, 23% free, 52MB/68MB, paused 614us total 26.597ms
08-06 13:57:37.911  9672 10490 I art     : Starting a blocking GC Explicit
08-06 13:57:37.936  9672 10490 I art     : Explicit concurrent mark sweep GC freed 3(96B) AllocSpace objects, 0(0B) LOS objects, 23% free, 52MB/68MB, paused 596us total 25.571ms
08-06 13:57:38.161 12645 12645 D AndroidRuntime: >>>>>> START com.android.internal.os.RuntimeInit uid 2000 <<<<<<
08-06 13:57:38.167 12645 12645 D AndroidRuntime: CheckJNI is OFF
08-06 13:57:38.209 12645 12645 D ICU     : No timezone override file found: /data/misc/zoneinfo/current/icu/icu_tzdata.dat
08-06 13:57:38.246  9672  9685 I art     : Starting a blocking GC Explicit
08-06 13:57:38.251 12645 12645 I Radio-JNI: register_android_hardware_Radio DONE
08-06 13:57:38.273  9672  9685 I art     : Explicit concurrent mark sweep GC freed 1374(79KB) AllocSpace objects, 1(20KB) LOS objects, 23% free, 52MB/68MB, paused 602us total 26.276ms
08-06 13:57:38.281 12645 12645 D AndroidRuntime: Calling main entry com.android.commands.input.Input
08-06 13:57:38.283 12645 12645 I Input   : injectKeyEvent: KeyEvent { action=ACTION_DOWN, keyCode=KEYCODE_BACK, scanCode=0, metaState=0, flags=0x0, repeatCount=0, eventTime=885474696, downTime=885474696, deviceId=-1, source=0x101 }
08-06 13:57:38.284  9672  9685 I art     : Starting a blocking GC Explicit
08-06 13:57:38.287 12645 12645 I Input   : injectKeyEvent: KeyEvent { action=ACTION_UP, keyCode=KEYCODE_BACK, scanCode=0, metaState=0, flags=0x0, repeatCount=0, eventTime=885474696, downTime=885474696, deviceId=-1, source=0x101 }
08-06 13:57:38.292 12645 12645 D AndroidRuntime: Shutting down VM
08-06 13:57:38.309  9672  9685 I art     : Explicit concurrent mark sweep GC freed 154(6KB) AllocSpace objects, 0(0B) LOS objects, 23% free, 52MB/68MB, paused 586us total 25.420ms
08-06 13:57:38.319  9672  9685 I art     : Starting a blocking GC Explicit
08-06 13:57:38.325 13866 13866 I GoogleInputMethodServic: GoogleInputMethodService.onFinishInput():3138 
08-06 13:57:38.326 13866 13866 I GoogleInputMethodServic: GoogleInputMethodService.onStartInput():1808 
08-06 13:57:38.344  9672  9685 I art     : Explicit concurrent mark sweep GC freed 65(2272B) AllocSpace objects, 0(0B) LOS objects, 23% free, 52MB/68MB, paused 679us total 24.509ms
08-06 13:57:38.356  9672  9685 I art     : Starting a blocking GC Explicit
08-06 13:57:38.380  9672  9685 I art     : Explicit concurrent mark sweep GC freed 33(1408B) AllocSpace objects, 0(0B) LOS objects, 23% free, 52MB/68MB, paused 669us total 24.296ms
08-06 13:57:38.391  9672  9685 I art     : Starting a blocking GC Explicit
08-06 13:57:38.414  9672  9685 I art     : Explicit concurrent mark sweep GC freed 19(608B) AllocSpace objects, 0(0B) LOS objects, 23% free, 52MB/68MB, paused 566us total 22.644ms
08-06 13:57:38.616   380   380 W SurfaceFlinger: couldn't log to binary event log: overflow.
08-06 13:57:38.699  9672  9685 I art     : Starting a blocking GC Explicit
08-06 13:57:38.728  9672  9685 I art     : Explicit concurrent mark sweep GC freed 1461(87KB) AllocSpace objects, 1(20KB) LOS objects, 23% free, 52MB/68MB, paused 614us total 29.198ms
08-06 13:57:38.739  9672  9685 I art     : Starting a blocking GC Explicit
08-06 13:57:38.766  9672  9685 I art     : Explicit concurrent mark sweep GC freed 2078(121KB) AllocSpace objects, 2(180KB) LOS objects, 23% free, 52MB/68MB, paused 591us total 26.559ms
08-06 13:57:38.777  9672  9685 I art     : Starting a blocking GC Explicit
08-06 13:57:38.804  9672  9685 I art     : Explicit concurrent mark sweep GC freed 3(96B) AllocSpace objects, 0(0B) LOS objects, 23% free, 52MB/68MB, paused 589us total 26.400ms
08-06 13:57:38.815  9672  9685 I art     : Starting a blocking GC Explicit
08-06 13:57:38.842  9672  9685 I art     : Explicit concurrent mark sweep GC freed 3(96B) AllocSpace objects, 0(0B) LOS objects, 23% free, 52MB/68MB, paused 593us total 26.746ms
08-06 13:57:38.853  9672  9685 I art     : Starting a blocking GC Explicit
08-06 13:57:38.880  9672  9685 I art     : Explicit concurrent mark sweep GC freed 3(96B) AllocSpace objects, 0(0B) LOS objects, 23% free, 52MB/68MB, paused 666us total 26.703ms
08-06 13:57:39.169  9672 10490 I art     : Starting a blocking GC Explicit
08-06 13:57:39.203  9672 10490 I art     : Explicit concurrent mark sweep GC freed 1346(78KB) AllocSpace objects, 1(20KB) LOS objects, 23% free, 52MB/68MB, paused 622us total 33.565ms
08-06 13:57:39.204  9672  9683 I art     : WaitForGcToComplete blocked for 23.547ms for cause HeapTrim
08-06 13:57:39.217  9672 10490 I art     : Starting a blocking GC Explicit
08-06 13:57:39.244  9672 10490 I art     : Explicit concurrent mark sweep GC freed 20(704B) AllocSpace objects, 0(0B) LOS objects, 23% free, 52MB/68MB, paused 599us total 26.666ms
08-06 13:57:39.255  9672 10490 I art     : Starting a blocking GC Explicit
08-06 13:57:39.282  9672 10490 I art     : Explicit concurrent mark sweep GC freed 3(96B) AllocSpace objects, 0(0B) LOS objects, 23% free, 52MB/68MB, paused 672us total 26.616ms
08-06 13:57:39.293  9672 10490 I art     : Starting a blocking GC Explicit
08-06 13:57:39.320  9672 10490 I art     : Explicit concurrent mark sweep GC freed 3(96B) AllocSpace objects, 0(0B) LOS objects, 23% free, 52MB/68MB, paused 564us total 26.019ms
08-06 13:57:39.331  9672 10490 I art     : Starting a blocking GC Explicit
08-06 13:57:39.357  9672 10490 I art     : Explicit concurrent mark sweep GC freed 3(96B) AllocSpace objects, 0(0B) LOS objects, 23% free, 52MB/68MB, paused 609us total 26.375ms
08-06 13:57:39.653  9672  9760 I art     : Starting a blocking GC Explicit
08-06 13:57:39.679  9672  9760 I art     : Explicit concurrent mark sweep GC freed 1344(78KB) AllocSpace objects, 1(20KB) LOS objects, 23% free, 52MB/68MB, paused 613us total 25.974ms
08-06 13:57:39.690  9672  9760 I art     : Starting a blocking GC Explicit
08-06 13:57:39.716  9672  9760 I art     : Explicit concurrent mark sweep GC freed 20(704B) AllocSpace objects, 0(0B) LOS objects, 23% free, 52MB/68MB, paused 594us total 25.462ms
08-06 13:57:39.727  9672  9760 I art     : Starting a blocking GC Explicit
08-06 13:57:39.752  9672  9760 I art     : Explicit concurrent mark sweep GC freed 3(96B) AllocSpace objects, 0(0B) LOS objects, 23% free, 52MB/68MB, paused 591us total 25.200ms
08-06 13:57:39.763  9672  9760 I art     : Starting a blocking GC Explicit
08-06 13:57:39.788  9672  9760 I art     : Explicit concurrent mark sweep GC freed 3(96B) AllocSpace objects, 0(0B) LOS objects, 23% free, 52MB/68MB, paused 622us total 24.849ms
08-06 13:57:39.799  9672  9760 I art     : Starting a blocking GC Explicit
08-06 13:57:39.824  9672  9760 I art     : Explicit concurrent mark sweep GC freed 3(96B) AllocSpace objects, 0(0B) LOS objects, 23% free, 52MB/68MB, paused 579us total 24.866ms
08-06 13:57:40.091 12698 12698 D AndroidRuntime: >>>>>> START com.android.internal.os.RuntimeInit uid 2000 <<<<<<
08-06 13:57:40.097 12698 12698 D AndroidRuntime: CheckJNI is OFF
08-06 13:57:40.125  9672  9919 I art     : Starting a blocking GC Explicit
08-06 13:57:40.142 12698 12698 D ICU     : No timezone override file found: /data/misc/zoneinfo/current/icu/icu_tzdata.dat
08-06 13:57:40.152  9672  9919 I art     : Explicit concurrent mark sweep GC freed 1344(78KB) AllocSpace objects, 1(20KB) LOS objects, 23% free, 52MB/68MB, paused 604us total 26.187ms
08-06 13:57:40.163  9672  9919 I art     : Starting a blocking GC Explicit
08-06 13:57:40.185 12698 12698 I Radio-JNI: register_android_hardware_Radio DONE
08-06 13:57:40.189  9672  9919 I art     : Explicit concurrent mark sweep GC freed 20(704B) AllocSpace objects, 0(0B) LOS objects, 23% free, 52MB/68MB, paused 626us total 25.407ms
08-06 13:57:40.200  9672  9919 I art     : Starting a blocking GC Explicit
08-06 13:57:40.215 12698 12698 D AndroidRuntime: Calling main entry com.android.commands.input.Input
08-06 13:57:40.217 12698 12698 I Input   : injectMotionEvent: MotionEvent { action=ACTION_DOWN, actionButton=0, id[0]=0, x[0]=1084.0, y[0]=2213.0, toolType[0]=TOOL_TYPE_UNKNOWN, buttonState=0, metaState=0, flags=0x0, edgeFlags=0x0, pointerCount=1, historySize=0, eventTime=885476630, downTime=885476630, deviceId=0, source=0x1002 }
08-06 13:57:40.225 12698 12698 I Input   : injectMotionEvent: MotionEvent { action=ACTION_UP, actionButton=0, id[0]=0, x[0]=1084.0, y[0]=2213.0, toolType[0]=TOOL_TYPE_UNKNOWN, buttonState=0, metaState=0, flags=0x0, edgeFlags=0x0, pointerCount=1, historySize=0, eventTime=885476630, downTime=885476630, deviceId=0, source=0x1002 }
08-06 13:57:40.225  9672  9919 I art     : Explicit concurrent mark sweep GC freed 4(128B) AllocSpace objects, 0(0B) LOS objects, 23% free, 52MB/68MB, paused 552us total 25.319ms
08-06 13:57:40.227   918  3961 I ActivityManager: START u0 {cmp=baseline.appteam.nith.hillffair/.activities.EventActivity} from uid 10697 on display 0
08-06 13:57:40.234 12698 12698 D AndroidRuntime: Shutting down VM
08-06 13:57:40.236  9672  9919 I art     : Starting a blocking GC Explicit
08-06 13:57:40.262  9672  9919 I art     : Explicit concurrent mark sweep GC freed 284(26KB) AllocSpace objects, 0(0B) LOS objects, 23% free, 52MB/68MB, paused 1.006ms total 25.435ms
08-06 13:57:40.272  9672  9919 I art     : Starting a blocking GC Explicit
08-06 13:57:40.298  9672  9919 I art     : Explicit concurrent mark sweep GC freed 4387(257KB) AllocSpace objects, 0(0B) LOS objects, 23% free, 52MB/68MB, paused 832us total 25.803ms
08-06 13:57:40.325 13866 13866 I GoogleInputMethodServic: GoogleInputMethodService.onFinishInput():3138 
08-06 13:57:40.325 13866 13866 I GoogleInputMethodServic: GoogleInputMethodService.onStartInput():1808 
08-06 13:57:40.350   918   936 I ActivityManager: Displayed baseline.appteam.nith.hillffair/.activities.EventActivity: +114ms
08-06 13:57:40.580  9672 10490 I art     : Starting a blocking GC Explicit
08-06 13:57:40.603   380   380 W SurfaceFlinger: couldn't log to binary event log: overflow.
08-06 13:57:40.612  9672 10490 I art     : Explicit concurrent mark sweep GC freed 1734(96KB) AllocSpace objects, 1(20KB) LOS objects, 23% free, 52MB/68MB, paused 622us total 31.965ms
08-06 13:57:40.624  9672 10490 I art     : Starting a blocking GC Explicit
08-06 13:57:40.647  9672 10490 I art     : Explicit concurrent mark sweep GC freed 32(1104B) AllocSpace objects, 0(0B) LOS objects, 23% free, 52MB/68MB, paused 659us total 22.973ms
08-06 13:57:40.657  9672 10490 I art     : Starting a blocking GC Explicit
08-06 13:57:40.680  9672 10490 I art     : Explicit concurrent mark sweep GC freed 3(96B) AllocSpace objects, 0(0B) LOS objects, 23% free, 52MB/68MB, paused 612us total 22.710ms
08-06 13:57:40.690  9672 10490 I art     : Starting a blocking GC Explicit
08-06 13:57:40.714  9672 10490 I art     : Explicit concurrent mark sweep GC freed 610(53KB) AllocSpace objects, 2(120KB) LOS objects, 23% free, 52MB/68MB, paused 742us total 23.562ms
08-06 13:57:40.724  9672 10490 I art     : Starting a blocking GC Explicit
08-06 13:57:40.740  9672 12731 D OkHttp  : --> GET https://api-hillfair-2k16.herokuapp.com/api/app/club http/1.1
08-06 13:57:40.749  9672 10490 I art     : Explicit concurrent mark sweep GC freed 2129(86KB) AllocSpace objects, 0(0B) LOS objects, 23% free, 53MB/69MB, paused 685us total 24.527ms
08-06 13:57:40.776  9672 12731 D OkHttp  : <-- 200 OK https://api-hillfair-2k16.herokuapp.com/api/app/club (35ms, 1870-byte body)
08-06 13:57:40.788  9672  9672 I NAPPA_EXPERIMENTATION: MetricNetworkRequestExecutionTime: REQUEST_DURATION_SYSTEM='515',REQUEST_DURATION_OKHTTP='36',REQUEST_SYNCHRONOUS='FALSE',RESPONSE_CODE='200',RESPONSE_METHOD='GET',RESPONSE_LENGTH_OKHTTP='1870',RESPONSE_LENGTH_HEADER='1870',REQUEST_PROTOCOL='http/1.1',REQUEST_URL='https://api-hillfair-2k16.herokuapp.com/api/app/club',
08-06 13:57:41.027  9672  9685 I art     : Starting a blocking GC Explicit
08-06 13:57:41.061  9672  9685 I art     : Explicit concurrent mark sweep GC freed 5366(552KB) AllocSpace objects, 2(100KB) LOS objects, 23% free, 53MB/69MB, paused 776us total 33.400ms
08-06 13:57:41.071  9672  9685 I art     : Starting a blocking GC Explicit
08-06 13:57:41.097  9672  9685 I art     : Explicit concurrent mark sweep GC freed 296(12KB) AllocSpace objects, 0(0B) LOS objects, 23% free, 53MB/69MB, paused 803us total 25.352ms
08-06 13:57:41.106   918  1210 D NetlinkSocketObserver: NeighborEvent{elapsedMs=1868864981, 192.168.2.254, [7C3953A63323], RTM_NEWNEIGH, NUD_STALE}
08-06 13:57:41.108  9672  9685 I art     : Starting a blocking GC Explicit
08-06 13:57:41.136  9672  9685 I art     : Explicit concurrent mark sweep GC freed 3(96B) AllocSpace objects, 0(0B) LOS objects, 23% free, 53MB/69MB, paused 813us total 28.009ms
08-06 13:57:41.147  9672  9685 I art     : Starting a blocking GC Explicit
08-06 13:57:41.176  9672  9685 I art     : Explicit concurrent mark sweep GC freed 3(96B) AllocSpace objects, 0(0B) LOS objects, 23% free, 53MB/69MB, paused 773us total 28.214ms
08-06 13:57:41.187  9672  9685 I art     : Starting a blocking GC Explicit
08-06 13:57:41.216  9672  9685 I art     : Explicit concurrent mark sweep GC freed 3(96B) AllocSpace objects, 0(0B) LOS objects, 23% free, 53MB/69MB, paused 801us total 28.393ms
08-06 13:57:41.532  9672 10490 I art     : Starting a blocking GC Explicit
08-06 13:57:41.567  9672 10490 I art     : Explicit concurrent mark sweep GC freed 9268(505KB) AllocSpace objects, 1(20KB) LOS objects, 23% free, 53MB/69MB, paused 746us total 34.731ms
08-06 13:57:41.578  9672 10490 I art     : Starting a blocking GC Explicit
08-06 13:57:41.606  9672 10490 I art     : Explicit concurrent mark sweep GC freed 421(45KB) AllocSpace objects, 0(0B) LOS objects, 23% free, 53MB/69MB, paused 768us total 27.101ms
08-06 13:57:41.616  9672 10490 I art     : Starting a blocking GC Explicit
08-06 13:57:41.642  9672 10490 I art     : Explicit concurrent mark sweep GC freed 25(8KB) AllocSpace objects, 0(0B) LOS objects, 23% free, 53MB/69MB, paused 623us total 25.541ms
08-06 13:57:41.653  9672 10490 I art     : Starting a blocking GC Explicit
08-06 13:57:41.682  9672 10490 I art     : Explicit concurrent mark sweep GC freed 6(192B) AllocSpace objects, 0(0B) LOS objects, 23% free, 53MB/69MB, paused 659us total 28.369ms
08-06 13:57:41.693  9672 10490 I art     : Starting a blocking GC Explicit
08-06 13:57:41.723  9672 10490 I art     : Explicit concurrent mark sweep GC freed 3(96B) AllocSpace objects, 0(0B) LOS objects, 23% free, 53MB/69MB, paused 663us total 29.576ms
08-06 13:57:42.046  9672  9685 I art     : Starting a blocking GC Explicit
08-06 13:57:42.084  9672  9685 I art     : Explicit concurrent mark sweep GC freed 1347(78KB) AllocSpace objects, 1(20KB) LOS objects, 23% free, 53MB/69MB, paused 735us total 37.477ms
08-06 13:57:42.101  9672  9685 I art     : Starting a blocking GC Explicit
08-06 13:57:42.131  9672  9685 I art     : Explicit concurrent mark sweep GC freed 20(704B) AllocSpace objects, 0(0B) LOS objects, 23% free, 53MB/69MB, paused 688us total 30.304ms
08-06 13:57:42.143  9672  9685 I art     : Starting a blocking GC Explicit
08-06 13:57:42.175  9672  9685 I art     : Explicit concurrent mark sweep GC freed 3(96B) AllocSpace objects, 0(0B) LOS objects, 23% free, 53MB/69MB, paused 716us total 31.845ms
08-06 13:57:42.187  9672  9685 I art     : Starting a blocking GC Explicit
08-06 13:57:42.219  9672  9685 I art     : Explicit concurrent mark sweep GC freed 3(96B) AllocSpace objects, 0(0B) LOS objects, 23% free, 53MB/69MB, paused 740us total 31.181ms
08-06 13:57:42.228   918  3261 D WifiStateMachine: starting scan for "H369AA63323"WPA_PSK with 2412,5180
08-06 13:57:42.230  9672  9685 I art     : Starting a blocking GC Explicit
08-06 13:57:42.260  9672  9685 I art     : Explicit concurrent mark sweep GC freed 3(96B) AllocSpace objects, 0(0B) LOS objects, 23% free, 53MB/69MB, paused 718us total 29.595ms
08-06 13:57:42.598  9672  9684 I art     : Starting a blocking GC Explicit
08-06 13:57:42.635  9672  9684 I art     : Explicit concurrent mark sweep GC freed 1347(78KB) AllocSpace objects, 1(20KB) LOS objects, 23% free, 53MB/69MB, paused 722us total 35.790ms
08-06 13:57:42.648  9672  9684 I art     : Starting a blocking GC Explicit
08-06 13:57:42.677  9672  9684 I art     : Explicit concurrent mark sweep GC freed 24(832B) AllocSpace objects, 0(0B) LOS objects, 23% free, 53MB/69MB, paused 746us total 29.150ms
08-06 13:57:42.689  9672  9684 I art     : Starting a blocking GC Explicit
08-06 13:57:42.719  9672  9684 I art     : Explicit concurrent mark sweep GC freed 20(976B) AllocSpace objects, 0(0B) LOS objects, 23% free, 53MB/69MB, paused 665us total 29.751ms
08-06 13:57:42.730  9672  9684 I art     : Starting a blocking GC Explicit
08-06 13:57:42.761  9672  9684 I art     : Explicit concurrent mark sweep GC freed 19(608B) AllocSpace objects, 0(0B) LOS objects, 23% free, 53MB/69MB, paused 677us total 30.574ms
08-06 13:57:42.773  9672  9684 I art     : Starting a blocking GC Explicit
08-06 13:57:42.806  9672  9684 I art     : Explicit concurrent mark sweep GC freed 3(96B) AllocSpace objects, 0(0B) LOS objects, 23% free, 53MB/69MB, paused 712us total 32.100ms
08-06 13:57:43.142  9672  9919 I art     : Starting a blocking GC Explicit
08-06 13:57:43.183  9672  9919 I art     : Explicit concurrent mark sweep GC freed 1347(78KB) AllocSpace objects, 1(20KB) LOS objects, 23% free, 53MB/69MB, paused 718us total 39.706ms
08-06 13:57:43.197  9672  9919 I art     : Starting a blocking GC Explicit
08-06 13:57:43.229  9672  9919 I art     : Explicit concurrent mark sweep GC freed 20(704B) AllocSpace objects, 0(0B) LOS objects, 23% free, 53MB/69MB, paused 677us total 31.369ms
08-06 13:57:43.240  9672  9919 I art     : Starting a blocking GC Explicit
08-06 13:57:43.271  9672  9919 I art     : Explicit concurrent mark sweep GC freed 3(96B) AllocSpace objects, 0(0B) LOS objects, 23% free, 53MB/69MB, paused 714us total 30.886ms
08-06 13:57:43.283  9672  9919 I art     : Starting a blocking GC Explicit
08-06 13:57:43.315  9672  9919 I art     : Explicit concurrent mark sweep GC freed 3(96B) AllocSpace objects, 0(0B) LOS objects, 23% free, 53MB/69MB, paused 695us total 31.879ms
08-06 13:57:43.327  9672  9919 I art     : Starting a blocking GC Explicit
08-06 13:57:43.357  9672  9919 I art     : Explicit concurrent mark sweep GC freed 3(96B) AllocSpace objects, 0(0B) LOS objects, 23% free, 53MB/69MB, paused 748us total 29.303ms
08-06 13:57:43.688  9672  9760 I art     : Starting a blocking GC Explicit
08-06 13:57:43.730  9672  9760 I art     : Explicit concurrent mark sweep GC freed 1347(78KB) AllocSpace objects, 1(20KB) LOS objects, 23% free, 53MB/69MB, paused 780us total 41.594ms
08-06 13:57:43.747  9672  9760 I art     : Starting a blocking GC Explicit
08-06 13:57:43.778  9672  9760 I art     : Explicit concurrent mark sweep GC freed 20(704B) AllocSpace objects, 0(0B) LOS objects, 23% free, 53MB/69MB, paused 742us total 30.808ms
08-06 13:57:43.790  9672  9760 I art     : Starting a blocking GC Explicit
08-06 13:57:43.822  9672  9760 I art     : Explicit concurrent mark sweep GC freed 3(96B) AllocSpace objects, 0(0B) LOS objects, 23% free, 53MB/69MB, paused 700us total 31.893ms
08-06 13:57:43.834  9672  9760 I art     : Starting a blocking GC Explicit
08-06 13:57:43.863  9672  9760 I art     : Explicit concurrent mark sweep GC freed 3(96B) AllocSpace objects, 0(0B) LOS objects, 23% free, 53MB/69MB, paused 659us total 29.257ms
08-06 13:57:43.875  9672  9760 I art     : Starting a blocking GC Explicit
08-06 13:57:43.907  9672  9760 I art     : Explicit concurrent mark sweep GC freed 3(96B) AllocSpace objects, 0(0B) LOS objects, 23% free, 53MB/69MB, paused 740us total 31.828ms
08-06 13:57:44.239  9672 10490 I art     : Starting a blocking GC Explicit
08-06 13:57:44.279  9672 10490 I art     : Explicit concurrent mark sweep GC freed 1347(78KB) AllocSpace objects, 1(20KB) LOS objects, 23% free, 53MB/69MB, paused 788us total 39.092ms
08-06 13:57:44.280  9672  9683 I art     : WaitForGcToComplete blocked for 35.246ms for cause HeapTrim
08-06 13:57:44.294  9672 10490 I art     : Starting a blocking GC Explicit
08-06 13:57:44.329  9672 10490 I art     : Explicit concurrent mark sweep GC freed 20(704B) AllocSpace objects, 0(0B) LOS objects, 23% free, 53MB/69MB, paused 616us total 34.195ms
08-06 13:57:44.340  9672 10490 I art     : Starting a blocking GC Explicit
08-06 13:57:44.371  9672 10490 I art     : Explicit concurrent mark sweep GC freed 3(96B) AllocSpace objects, 0(0B) LOS objects, 23% free, 53MB/69MB, paused 671us total 30.954ms
08-06 13:57:44.383  9672 10490 I art     : Starting a blocking GC Explicit
08-06 13:57:44.415  9672 10490 I art     : Explicit concurrent mark sweep GC freed 3(96B) AllocSpace objects, 0(0B) LOS objects, 23% free, 53MB/69MB, paused 647us total 31.514ms
08-06 13:57:44.427  9672 10490 I art     : Starting a blocking GC Explicit
08-06 13:57:44.458  9672 10490 I art     : Explicit concurrent mark sweep GC freed 3(96B) AllocSpace objects, 0(0B) LOS objects, 23% free, 53MB/69MB, paused 634us total 30.631ms
08-06 13:57:44.796  9672  9685 I art     : Starting a blocking GC Explicit
08-06 13:57:44.838  9672  9685 I art     : Explicit concurrent mark sweep GC freed 1347(78KB) AllocSpace objects, 1(20KB) LOS objects, 23% free, 53MB/69MB, paused 715us total 41.101ms
08-06 13:57:44.854  9672  9685 I art     : Starting a blocking GC Explicit
08-06 13:57:44.890  9672  9685 I art     : Explicit concurrent mark sweep GC freed 20(704B) AllocSpace objects, 0(0B) LOS objects, 23% free, 53MB/69MB, paused 697us total 34.698ms
08-06 13:57:44.901  9672  9685 I art     : Starting a blocking GC Explicit
08-06 13:57:44.933  9672  9685 I art     : Explicit concurrent mark sweep GC freed 3(96B) AllocSpace objects, 0(0B) LOS objects, 23% free, 53MB/69MB, paused 665us total 31.853ms
08-06 13:57:44.945  9672  9685 I art     : Starting a blocking GC Explicit
08-06 13:57:44.975  9672  9685 I art     : Explicit concurrent mark sweep GC freed 3(96B) AllocSpace objects, 0(0B) LOS objects, 23% free, 53MB/69MB, paused 671us total 29.198ms
08-06 13:57:44.986  9672  9685 I art     : Starting a blocking GC Explicit
08-06 13:57:45.018  9672  9685 I art     : Explicit concurrent mark sweep GC freed 3(96B) AllocSpace objects, 0(0B) LOS objects, 23% free, 53MB/69MB, paused 722us total 31.632ms
08-06 13:57:45.359  9672  9684 I art     : Starting a blocking GC Explicit
08-06 13:57:45.396  9672  9684 I art     : Explicit concurrent mark sweep GC freed 1347(78KB) AllocSpace objects, 1(20KB) LOS objects, 23% free, 53MB/69MB, paused 723us total 35.868ms
08-06 13:57:45.409  9672  9684 I art     : Starting a blocking GC Explicit
08-06 13:57:45.441  9672  9684 I art     : Explicit concurrent mark sweep GC freed 20(704B) AllocSpace objects, 0(0B) LOS objects, 23% free, 53MB/69MB, paused 642us total 31.953ms
08-06 13:57:45.453  9672  9684 I art     : Starting a blocking GC Explicit
08-06 13:57:45.484  9672  9684 I art     : Explicit concurrent mark sweep GC freed 3(96B) AllocSpace objects, 0(0B) LOS objects, 23% free, 53MB/69MB, paused 705us total 30.851ms
08-06 13:57:45.496  9672  9684 I art     : Starting a blocking GC Explicit
08-06 13:57:45.528  9672  9684 I art     : Explicit concurrent mark sweep GC freed 3(96B) AllocSpace objects, 0(0B) LOS objects, 23% free, 53MB/69MB, paused 716us total 32.123ms
08-06 13:57:45.540  9672  9684 I art     : Starting a blocking GC Explicit
08-06 13:57:45.571  9672  9684 I art     : Explicit concurrent mark sweep GC freed 3(96B) AllocSpace objects, 0(0B) LOS objects, 23% free, 53MB/69MB, paused 652us total 30.151ms
08-06 13:57:45.901  9672  9919 I art     : Starting a blocking GC Explicit
08-06 13:57:45.943  9672  9919 I art     : Explicit concurrent mark sweep GC freed 1347(78KB) AllocSpace objects, 1(20KB) LOS objects, 23% free, 53MB/69MB, paused 744us total 41.643ms
08-06 13:57:45.958  9672  9919 I art     : Starting a blocking GC Explicit
08-06 13:57:45.990  9672  9919 I art     : Explicit concurrent mark sweep GC freed 20(704B) AllocSpace objects, 0(0B) LOS objects, 23% free, 53MB/69MB, paused 692us total 30.958ms
08-06 13:57:46.001  9672  9919 I art     : Starting a blocking GC Explicit
08-06 13:57:46.033  9672  9919 I art     : Explicit concurrent mark sweep GC freed 3(96B) AllocSpace objects, 0(0B) LOS objects, 23% free, 53MB/69MB, paused 691us total 31.892ms
08-06 13:57:46.045  9672  9919 I art     : Starting a blocking GC Explicit
08-06 13:57:46.076  9672  9919 I art     : Explicit concurrent mark sweep GC freed 3(96B) AllocSpace objects, 0(0B) LOS objects, 23% free, 53MB/69MB, paused 660us total 29.978ms
08-06 13:57:46.081   518   646 I ThermalEngine: ACTION: GPU - Setting GPU[0] to 510000000
08-06 13:57:46.087  9672  9919 I art     : Starting a blocking GC Explicit
08-06 13:57:46.117  9672  9919 I art     : Explicit concurrent mark sweep GC freed 3(96B) AllocSpace objects, 0(0B) LOS objects, 23% free, 53MB/69MB, paused 677us total 29.119ms
08-06 13:57:46.441  9672  9760 I art     : Starting a blocking GC Explicit
08-06 13:57:46.471  9672  9760 I art     : Explicit concurrent mark sweep GC freed 1347(78KB) AllocSpace objects, 1(20KB) LOS objects, 23% free, 53MB/69MB, paused 511us total 29.915ms
08-06 13:57:46.484  9672  9760 I art     : Starting a blocking GC Explicit
08-06 13:57:46.507  9672  9760 I art     : Explicit concurrent mark sweep GC freed 20(704B) AllocSpace objects, 0(0B) LOS objects, 23% free, 53MB/69MB, paused 569us total 23.404ms
08-06 13:57:46.516  9672  9760 I art     : Starting a blocking GC Explicit
08-06 13:57:46.540  9672  9760 I art     : Explicit concurrent mark sweep GC freed 3(96B) AllocSpace objects, 0(0B) LOS objects, 23% free, 53MB/69MB, paused 506us total 23.392ms
08-06 13:57:46.549  9672  9760 I art     : Starting a blocking GC Explicit
08-06 13:57:46.572  9672  9760 I art     : Explicit concurrent mark sweep GC freed 3(96B) AllocSpace objects, 0(0B) LOS objects, 23% free, 53MB/69MB, paused 472us total 22.710ms
08-06 13:57:46.581  9672  9760 I art     : Starting a blocking GC Explicit
08-06 13:57:46.603  9672  9760 I art     : Explicit concurrent mark sweep GC freed 3(96B) AllocSpace objects, 0(0B) LOS objects, 23% free, 53MB/69MB, paused 494us total 22.053ms
08-06 13:57:46.936  9672 10490 I art     : Starting a blocking GC Explicit
08-06 13:57:46.967  9672 10490 I art     : Explicit concurrent mark sweep GC freed 1347(78KB) AllocSpace objects, 1(20KB) LOS objects, 23% free, 53MB/69MB, paused 527us total 30.111ms
08-06 13:57:46.979  9672 10490 I art     : Starting a blocking GC Explicit
08-06 13:57:47.003  9672 10490 I art     : Explicit concurrent mark sweep GC freed 20(704B) AllocSpace objects, 0(0B) LOS objects, 23% free, 53MB/69MB, paused 492us total 24.003ms
08-06 13:57:47.012  9672 10490 I art     : Starting a blocking GC Explicit
08-06 13:57:47.036  9672 10490 I art     : Explicit concurrent mark sweep GC freed 3(96B) AllocSpace objects, 0(0B) LOS objects, 23% free, 53MB/69MB, paused 506us total 23.783ms
08-06 13:57:47.045  9672 10490 I art     : Starting a blocking GC Explicit
08-06 13:57:47.069  9672 10490 I art     : Explicit concurrent mark sweep GC freed 3(96B) AllocSpace objects, 0(0B) LOS objects, 23% free, 53MB/69MB, paused 483us total 23.309ms
08-06 13:57:47.078  9672 10490 I art     : Starting a blocking GC Explicit
08-06 13:57:47.101  9672 10490 I art     : Explicit concurrent mark sweep GC freed 3(96B) AllocSpace objects, 0(0B) LOS objects, 23% free, 53MB/69MB, paused 479us total 22.788ms
08-06 13:57:47.393  9672  9685 I art     : Starting a blocking GC Explicit
08-06 13:57:47.420  9672  9685 I art     : Explicit concurrent mark sweep GC freed 1347(78KB) AllocSpace objects, 1(20KB) LOS objects, 23% free, 53MB/69MB, paused 555us total 26.958ms
08-06 13:57:47.432  9672  9685 I art     : Starting a blocking GC Explicit
08-06 13:57:47.455  9672  9685 I art     : Explicit concurrent mark sweep GC freed 20(704B) AllocSpace objects, 0(0B) LOS objects, 23% free, 53MB/69MB, paused 527us total 22.932ms
08-06 13:57:47.465  9672  9685 I art     : Starting a blocking GC Explicit
08-06 13:57:47.488  9672  9685 I art     : Explicit concurrent mark sweep GC freed 3(96B) AllocSpace objects, 0(0B) LOS objects, 23% free, 53MB/69MB, paused 525us total 23.429ms
08-06 13:57:47.497  9672  9685 I art     : Starting a blocking GC Explicit
08-06 13:57:47.521  9672  9685 I art     : Explicit concurrent mark sweep GC freed 3(96B) AllocSpace objects, 0(0B) LOS objects, 23% free, 53MB/69MB, paused 503us total 23.691ms
08-06 13:57:47.530  9672  9685 I art     : Starting a blocking GC Explicit
08-06 13:57:47.554  9672  9685 I art     : Explicit concurrent mark sweep GC freed 3(96B) AllocSpace objects, 0(0B) LOS objects, 23% free, 53MB/69MB, paused 497us total 23.547ms
08-06 13:57:47.885  9672  9684 I art     : Starting a blocking GC Explicit
08-06 13:57:47.919  9672  9684 I art     : Explicit concurrent mark sweep GC freed 1347(78KB) AllocSpace objects, 1(20KB) LOS objects, 23% free, 53MB/69MB, paused 612us total 31.992ms
08-06 13:57:47.931  9672  9684 I art     : Starting a blocking GC Explicit
08-06 13:57:47.956  9672  9684 I art     : Explicit concurrent mark sweep GC freed 20(704B) AllocSpace objects, 0(0B) LOS objects, 23% free, 53MB/69MB, paused 521us total 24.027ms
08-06 13:57:47.965  9672  9684 I art     : Starting a blocking GC Explicit
08-06 13:57:47.988  9672  9684 I art     : Explicit concurrent mark sweep GC freed 3(96B) AllocSpace objects, 0(0B) LOS objects, 23% free, 53MB/69MB, paused 518us total 23.265ms
08-06 13:57:47.998  9672  9684 I art     : Starting a blocking GC Explicit
08-06 13:57:48.021  9672  9684 I art     : Explicit concurrent mark sweep GC freed 3(96B) AllocSpace objects, 0(0B) LOS objects, 23% free, 53MB/69MB, paused 478us total 23.712ms
08-06 13:57:48.031  9672  9684 I art     : Starting a blocking GC Explicit
08-06 13:57:48.054  9672  9684 I art     : Explicit concurrent mark sweep GC freed 3(96B) AllocSpace objects, 0(0B) LOS objects, 23% free, 53MB/69MB, paused 493us total 23.518ms
08-06 13:57:48.367  9672  9919 I art     : Starting a blocking GC Explicit
08-06 13:57:48.396  9672  9919 I art     : Explicit concurrent mark sweep GC freed 1347(78KB) AllocSpace objects, 1(20KB) LOS objects, 23% free, 53MB/69MB, paused 559us total 28.742ms
08-06 13:57:48.408  9672  9919 I art     : Starting a blocking GC Explicit
08-06 13:57:48.432  9672  9919 I art     : Explicit concurrent mark sweep GC freed 20(704B) AllocSpace objects, 0(0B) LOS objects, 23% free, 53MB/69MB, paused 511us total 23.796ms
08-06 13:57:48.441  9672  9919 I art     : Starting a blocking GC Explicit
08-06 13:57:48.465  9672  9919 I art     : Explicit concurrent mark sweep GC freed 3(96B) AllocSpace objects, 0(0B) LOS objects, 23% free, 53MB/69MB, paused 520us total 23.689ms
08-06 13:57:48.474  9672  9919 I art     : Starting a blocking GC Explicit
08-06 13:57:48.497  9672  9919 I art     : Explicit concurrent mark sweep GC freed 3(96B) AllocSpace objects, 0(0B) LOS objects, 23% free, 53MB/69MB, paused 597us total 22.516ms
08-06 13:57:48.507  9672  9919 I art     : Starting a blocking GC Explicit
08-06 13:57:48.529  9672  9919 I art     : Explicit concurrent mark sweep GC freed 3(96B) AllocSpace objects, 0(0B) LOS objects, 23% free, 53MB/69MB, paused 485us total 21.871ms
08-06 13:57:48.827  9672  9760 I art     : Starting a blocking GC Explicit
08-06 13:57:48.854  9672  9760 I art     : Explicit concurrent mark sweep GC freed 1347(78KB) AllocSpace objects, 1(20KB) LOS objects, 23% free, 53MB/69MB, paused 574us total 26.829ms
08-06 13:57:48.867  9672  9760 I art     : Starting a blocking GC Explicit
08-06 13:57:48.889  9672  9760 I art     : Explicit concurrent mark sweep GC freed 20(704B) AllocSpace objects, 0(0B) LOS objects, 23% free, 53MB/69MB, paused 514us total 22.366ms
08-06 13:57:48.898  9672  9760 I art     : Starting a blocking GC Explicit
08-06 13:57:48.921  9672  9760 I art     : Explicit concurrent mark sweep GC freed 3(96B) AllocSpace objects, 0(0B) LOS objects, 23% free, 53MB/69MB, paused 496us total 22.251ms
08-06 13:57:48.930  9672  9760 I art     : Starting a blocking GC Explicit
08-06 13:57:48.932 12901 12901 D AndroidRuntime: >>>>>> START com.android.internal.os.RuntimeInit uid 2000 <<<<<<
08-06 13:57:48.937 12901 12901 D AndroidRuntime: CheckJNI is OFF
08-06 13:57:48.953  9672  9760 I art     : Explicit concurrent mark sweep GC freed 3(96B) AllocSpace objects, 0(0B) LOS objects, 23% free, 53MB/69MB, paused 513us total 22.438ms
08-06 13:57:48.961  9672  9760 I art     : Starting a blocking GC Explicit
08-06 13:57:48.973 12901 12901 D ICU     : No timezone override file found: /data/misc/zoneinfo/current/icu/icu_tzdata.dat
08-06 13:57:48.984  9672  9760 I art     : Explicit concurrent mark sweep GC freed 3(96B) AllocSpace objects, 0(0B) LOS objects, 23% free, 53MB/69MB, paused 587us total 22.313ms
08-06 13:57:48.998   918   931 I ProcessStatsService: Prepared write state in 8ms
08-06 13:57:49.009 12901 12901 I Radio-JNI: register_android_hardware_Radio DONE
08-06 13:57:49.029 12901 12901 D AndroidRuntime: Calling main entry com.android.commands.input.Input
08-06 13:57:49.031 12901 12901 I Input   : injectMotionEvent: MotionEvent { action=ACTION_DOWN, actionButton=0, id[0]=0, x[0]=369.0, y[0]=554.0, toolType[0]=TOOL_TYPE_UNKNOWN, buttonState=0, metaState=0, flags=0x0, edgeFlags=0x0, pointerCount=1, historySize=0, eventTime=885485444, downTime=885485444, deviceId=0, source=0x1002 }
08-06 13:57:49.036 12901 12901 I Input   : injectMotionEvent: MotionEvent { action=ACTION_UP, actionButton=0, id[0]=0, x[0]=369.0, y[0]=554.0, toolType[0]=TOOL_TYPE_UNKNOWN, buttonState=0, metaState=0, flags=0x0, edgeFlags=0x0, pointerCount=1, historySize=0, eventTime=885485444, downTime=885485444, deviceId=0, source=0x1002 }
08-06 13:57:49.037   918  3714 I ActivityManager: START u0 {cmp=baseline.appteam.nith.hillffair/.activities.ClubActivity (has extras)} from uid 10697 on display 0
08-06 13:57:49.045 12901 12901 D AndroidRuntime: Shutting down VM
08-06 13:57:49.099 11982 12081 W FirebaseInstanceId: Token retrieval failed: SERVICE_NOT_AVAILABLE. Will retry token retrieval
08-06 13:57:49.146   918   936 I ActivityManager: Displayed baseline.appteam.nith.hillffair/.activities.ClubActivity: +99ms
08-06 13:57:49.151 13866 13866 I GoogleInputMethodServic: GoogleInputMethodService.onFinishInput():3138 
08-06 13:57:49.151 13866 13866 I GoogleInputMethodServic: GoogleInputMethodService.onStartInput():1808 
08-06 13:57:49.240  9672 10490 I art     : Starting a blocking GC Explicit
08-06 13:57:49.269  9672 10490 I art     : Explicit concurrent mark sweep GC freed 5182(312KB) AllocSpace objects, 1(20KB) LOS objects, 22% free, 53MB/69MB, paused 611us total 28.555ms
08-06 13:57:49.279  9672 10490 I art     : Starting a blocking GC Explicit
08-06 13:57:49.311  9672 10490 I art     : Explicit concurrent mark sweep GC freed 220(10KB) AllocSpace objects, 0(0B) LOS objects, 22% free, 53MB/69MB, paused 555us total 31.737ms
08-06 13:57:49.322  9672 10490 I art     : Starting a blocking GC Explicit
08-06 13:57:49.351  9672 10490 I art     : Explicit concurrent mark sweep GC freed 3(96B) AllocSpace objects, 0(0B) LOS objects, 22% free, 53MB/69MB, paused 567us total 28.016ms
08-06 13:57:49.351  9672  9683 I art     : WaitForGcToComplete blocked for 21.855ms for cause HeapTrim
08-06 13:57:49.361  9672 10490 I art     : Starting a blocking GC Explicit
08-06 13:57:49.390  9672 10490 I art     : Explicit concurrent mark sweep GC freed 3(96B) AllocSpace objects, 0(0B) LOS objects, 22% free, 53MB/69MB, paused 516us total 28.494ms
08-06 13:57:49.396   380   380 W SurfaceFlinger: couldn't log to binary event log: overflow.
08-06 13:57:49.401  9672 10490 I art     : Starting a blocking GC Explicit
08-06 13:57:49.424  9672 10490 I art     : Explicit concurrent mark sweep GC freed 3(96B) AllocSpace objects, 0(0B) LOS objects, 22% free, 53MB/69MB, paused 512us total 22.365ms
08-06 13:57:49.707  9672  9919 I art     : Starting a blocking GC Explicit
08-06 13:57:49.732  9672  9919 I art     : Explicit concurrent mark sweep GC freed 1493(86KB) AllocSpace objects, 1(20KB) LOS objects, 22% free, 53MB/69MB, paused 549us total 24.906ms
08-06 13:57:49.742  9672  9919 I art     : Starting a blocking GC Explicit
08-06 13:57:49.765  9672  9919 I art     : Explicit concurrent mark sweep GC freed 52(1792B) AllocSpace objects, 0(0B) LOS objects, 22% free, 53MB/69MB, paused 510us total 22.740ms
08-06 13:57:49.773  9672  9919 I art     : Starting a blocking GC Explicit
08-06 13:57:49.797  9672  9919 I art     : Explicit concurrent mark sweep GC freed 11(400B) AllocSpace objects, 0(0B) LOS objects, 22% free, 53MB/69MB, paused 729us total 23.761ms
08-06 13:57:49.806  9672  9919 I art     : Starting a blocking GC Explicit
08-06 13:57:49.830  9672  9919 I art     : Explicit concurrent mark sweep GC freed 701(57KB) AllocSpace objects, 2(120KB) LOS objects, 22% free, 53MB/69MB, paused 659us total 23.260ms
08-06 13:57:49.838  9672  9919 I art     : Starting a blocking GC Explicit
08-06 13:57:49.857  9672 12927 D OkHttp  : --> GET https://api-hillfair-2k16.herokuapp.com/api/app/club/PR%20Club http/1.1
08-06 13:57:49.862  9672  9919 I art     : Explicit concurrent mark sweep GC freed 2097(82KB) AllocSpace objects, 0(0B) LOS objects, 22% free, 53MB/69MB, paused 583us total 23.749ms
08-06 13:57:49.893  9672 12927 D OkHttp  : <-- 200 OK https://api-hillfair-2k16.herokuapp.com/api/app/club/PR%20Club (35ms, 979-byte body)
08-06 13:57:49.949  9672  9672 I NAPPA_EXPERIMENTATION: MetricNetworkRequestExecutionTime: REQUEST_DURATION_SYSTEM='877',REQUEST_DURATION_OKHTTP='36',REQUEST_SYNCHRONOUS='FALSE',RESPONSE_CODE='200',RESPONSE_METHOD='GET',RESPONSE_LENGTH_OKHTTP='979',RESPONSE_LENGTH_HEADER='979',REQUEST_PROTOCOL='http/1.1',REQUEST_URL='https://api-hillfair-2k16.herokuapp.com/api/app/club/PR%20Club',
08-06 13:57:50.090   518   646 I ThermalEngine: ACTION: GPU - Setting GPU[0] to 450000000
08-06 13:57:50.172  9672  9684 I art     : Starting a blocking GC Explicit
08-06 13:57:50.204  9672  9684 I art     : Explicit concurrent mark sweep GC freed 2927(320KB) AllocSpace objects, 2(100KB) LOS objects, 22% free, 53MB/69MB, paused 680us total 31.348ms
08-06 13:57:50.216  9672  9684 I art     : Starting a blocking GC Explicit
08-06 13:57:50.246  9672  9684 I art     : Explicit concurrent mark sweep GC freed 108(5KB) AllocSpace objects, 0(0B) LOS objects, 22% free, 53MB/69MB, paused 673us total 29.791ms
08-06 13:57:50.257  9672  9684 I art     : Starting a blocking GC Explicit
08-06 13:57:50.287  9672  9684 I art     : Explicit concurrent mark sweep GC freed 3(96B) AllocSpace objects, 0(0B) LOS objects, 22% free, 53MB/69MB, paused 856us total 29.354ms
08-06 13:57:50.299  9672  9684 I art     : Starting a blocking GC Explicit
08-06 13:57:50.328  9672  9684 I art     : Explicit concurrent mark sweep GC freed 3(96B) AllocSpace objects, 0(0B) LOS objects, 22% free, 53MB/69MB, paused 688us total 29.378ms
08-06 13:57:50.340  9672  9684 I art     : Starting a blocking GC Explicit
08-06 13:57:50.369  9672  9684 I art     : Explicit concurrent mark sweep GC freed 19(656B) AllocSpace objects, 0(0B) LOS objects, 22% free, 53MB/69MB, paused 679us total 28.829ms
08-06 13:57:50.444  5524  5524 I ServiceManager: Waiting for service AtCmdFwd...
08-06 13:57:50.692  9672 10490 I art     : Starting a blocking GC Explicit
08-06 13:57:50.731  9672 10490 I art     : Explicit concurrent mark sweep GC freed 1347(78KB) AllocSpace objects, 1(20KB) LOS objects, 22% free, 53MB/69MB, paused 751us total 39.229ms
08-06 13:57:50.747  9672 10490 I art     : Starting a blocking GC Explicit
08-06 13:57:50.780  9672 10490 I art     : Explicit concurrent mark sweep GC freed 20(704B) AllocSpace objects, 0(0B) LOS objects, 22% free, 53MB/69MB, paused 704us total 33.294ms
08-06 13:57:50.792  9672 10490 I art     : Starting a blocking GC Explicit
08-06 13:57:50.826  9672 10490 I art     : Explicit concurrent mark sweep GC freed 3(96B) AllocSpace objects, 0(0B) LOS objects, 22% free, 53MB/69MB, paused 713us total 33.270ms
08-06 13:57:50.838  9672 10490 I art     : Starting a blocking GC Explicit
08-06 13:57:50.871  9672 10490 I art     : Explicit concurrent mark sweep GC freed 3(96B) AllocSpace objects, 0(0B) LOS objects, 22% free, 53MB/69MB, paused 708us total 32.431ms
08-06 13:57:50.883  9672 10490 I art     : Starting a blocking GC Explicit
08-06 13:57:50.917  9672 10490 I art     : Explicit concurrent mark sweep GC freed 3(96B) AllocSpace objects, 0(0B) LOS objects, 22% free, 53MB/69MB, paused 702us total 33.694ms
08-06 13:57:51.237  9672  9685 I art     : Starting a blocking GC Explicit
08-06 13:57:51.276  9672  9685 I art     : Explicit concurrent mark sweep GC freed 1349(78KB) AllocSpace objects, 1(20KB) LOS objects, 22% free, 53MB/69MB, paused 862us total 38.616ms
08-06 13:57:51.290  9672  9685 I art     : Starting a blocking GC Explicit
08-06 13:57:51.328  9672  9685 I art     : Explicit concurrent mark sweep GC freed 39(1648B) AllocSpace objects, 0(0B) LOS objects, 22% free, 53MB/69MB, paused 843us total 37.235ms
08-06 13:57:51.341  9672  9685 I art     : Starting a blocking GC Explicit
08-06 13:57:51.374  9672  9685 I art     : Explicit concurrent mark sweep GC freed 19(608B) AllocSpace objects, 0(0B) LOS objects, 22% free, 53MB/69MB, paused 687us total 32.826ms
08-06 13:57:51.386  9672  9685 I art     : Starting a blocking GC Explicit
08-06 13:57:51.419  9672  9685 I art     : Explicit concurrent mark sweep GC freed 3(96B) AllocSpace objects, 0(0B) LOS objects, 22% free, 53MB/69MB, paused 699us total 33.205ms
08-06 13:57:51.431  9672  9685 I art     : Starting a blocking GC Explicit
08-06 13:57:51.445  5524  5524 I ServiceManager: Waiting for service AtCmdFwd...
08-06 13:57:51.462  9672  9685 I art     : Explicit concurrent mark sweep GC freed 3(96B) AllocSpace objects, 0(0B) LOS objects, 22% free, 53MB/69MB, paused 686us total 30.794ms
08-06 13:57:51.790  9672  9919 I art     : Starting a blocking GC Explicit
08-06 13:57:51.832  9672  9919 I art     : Explicit concurrent mark sweep GC freed 1347(78KB) AllocSpace objects, 1(20KB) LOS objects, 22% free, 53MB/69MB, paused 727us total 41.214ms
08-06 13:57:51.846  9672  9919 I art     : Starting a blocking GC Explicit
08-06 13:57:51.879  9672  9919 I art     : Explicit concurrent mark sweep GC freed 20(704B) AllocSpace objects, 0(0B) LOS objects, 22% free, 53MB/69MB, paused 666us total 32.559ms
08-06 13:57:51.891  9672  9919 I art     : Starting a blocking GC Explicit
08-06 13:57:51.924  9672  9919 I art     : Explicit concurrent mark sweep GC freed 3(96B) AllocSpace objects, 0(0B) LOS objects, 22% free, 53MB/69MB, paused 670us total 32.620ms
08-06 13:57:51.936  9672  9919 I art     : Starting a blocking GC Explicit
08-06 13:57:51.969  9672  9919 I art     : Explicit concurrent mark sweep GC freed 3(96B) AllocSpace objects, 0(0B) LOS objects, 22% free, 53MB/69MB, paused 687us total 33.332ms
08-06 13:57:51.981  9672  9919 I art     : Starting a blocking GC Explicit
08-06 13:57:52.015  9672  9919 I art     : Explicit concurrent mark sweep GC freed 3(96B) AllocSpace objects, 0(0B) LOS objects, 22% free, 53MB/69MB, paused 707us total 33.157ms
08-06 13:57:52.339  9672  9760 I art     : Starting a blocking GC Explicit
08-06 13:57:52.377  9672  9760 I art     : Explicit concurrent mark sweep GC freed 1347(78KB) AllocSpace objects, 1(20KB) LOS objects, 22% free, 53MB/69MB, paused 753us total 37.765ms
08-06 13:57:52.394  9672  9760 I art     : Starting a blocking GC Explicit
08-06 13:57:52.426  9672  9760 I art     : Explicit concurrent mark sweep GC freed 20(704B) AllocSpace objects, 0(0B) LOS objects, 22% free, 53MB/69MB, paused 679us total 31.730ms
08-06 13:57:52.438  9672  9760 I art     : Starting a blocking GC Explicit
08-06 13:57:52.445  5524  5524 I ServiceManager: Waiting for service AtCmdFwd...
08-06 13:57:52.471  9672  9760 I art     : Explicit concurrent mark sweep GC freed 3(96B) AllocSpace objects, 0(0B) LOS objects, 22% free, 53MB/69MB, paused 698us total 32.863ms
08-06 13:57:52.483  9672  9760 I art     : Starting a blocking GC Explicit
08-06 13:57:52.517  9672  9760 I art     : Explicit concurrent mark sweep GC freed 3(96B) AllocSpace objects, 0(0B) LOS objects, 22% free, 53MB/69MB, paused 770us total 33.271ms
08-06 13:57:52.529  9672  9760 I art     : Starting a blocking GC Explicit
08-06 13:57:52.563  9672  9760 I art     : Explicit concurrent mark sweep GC freed 3(96B) AllocSpace objects, 0(0B) LOS objects, 22% free, 53MB/69MB, paused 687us total 33.463ms
08-06 13:57:52.880  9672  9684 I art     : Starting a blocking GC Explicit
08-06 13:57:52.918  9672  9684 I art     : Explicit concurrent mark sweep GC freed 1347(78KB) AllocSpace objects, 1(20KB) LOS objects, 22% free, 53MB/69MB, paused 848us total 38.219ms
08-06 13:57:52.932  9672  9684 I art     : Starting a blocking GC Explicit
08-06 13:57:52.963  9672  9684 I art     : Explicit concurrent mark sweep GC freed 20(704B) AllocSpace objects, 0(0B) LOS objects, 22% free, 53MB/69MB, paused 643us total 30.285ms
08-06 13:57:52.974  9672  9684 I art     : Starting a blocking GC Explicit
08-06 13:57:53.005  9672  9684 I art     : Explicit concurrent mark sweep GC freed 3(96B) AllocSpace objects, 0(0B) LOS objects, 22% free, 53MB/69MB, paused 699us total 29.928ms
08-06 13:57:53.016  9672  9684 I art     : Starting a blocking GC Explicit
08-06 13:57:53.047  9672  9684 I art     : Explicit concurrent mark sweep GC freed 3(96B) AllocSpace objects, 0(0B) LOS objects, 22% free, 53MB/69MB, paused 673us total 30.209ms
08-06 13:57:53.058  9672  9684 I art     : Starting a blocking GC Explicit
08-06 13:57:53.089  9672  9684 I art     : Explicit concurrent mark sweep GC freed 3(96B) AllocSpace objects, 0(0B) LOS objects, 22% free, 53MB/69MB, paused 680us total 30.142ms
08-06 13:57:53.391  9672 10490 I art     : Starting a blocking GC Explicit
08-06 13:57:53.425  9672 10490 I art     : Explicit concurrent mark sweep GC freed 1347(78KB) AllocSpace objects, 1(20KB) LOS objects, 22% free, 53MB/69MB, paused 670us total 33.836ms
08-06 13:57:53.437  9672 10490 I art     : Starting a blocking GC Explicit
08-06 13:57:53.446  5524  5524 I ServiceManager: Waiting for service AtCmdFwd...
08-06 13:57:53.467  9672 10490 I art     : Explicit concurrent mark sweep GC freed 20(704B) AllocSpace objects, 0(0B) LOS objects, 22% free, 53MB/69MB, paused 681us total 29.595ms
08-06 13:57:53.478  9672 10490 I art     : Starting a blocking GC Explicit
08-06 13:57:53.509  9672 10490 I art     : Explicit concurrent mark sweep GC freed 3(96B) AllocSpace objects, 0(0B) LOS objects, 22% free, 53MB/69MB, paused 687us total 30.811ms
08-06 13:57:53.521  9672 10490 I art     : Starting a blocking GC Explicit
08-06 13:57:53.552  9672 10490 I art     : Explicit concurrent mark sweep GC freed 3(96B) AllocSpace objects, 0(0B) LOS objects, 22% free, 53MB/69MB, paused 703us total 30.677ms
08-06 13:57:53.563  9672 10490 I art     : Starting a blocking GC Explicit
08-06 13:57:53.595  9672 10490 I art     : Explicit concurrent mark sweep GC freed 3(96B) AllocSpace objects, 0(0B) LOS objects, 22% free, 53MB/69MB, paused 723us total 31.254ms
08-06 13:57:53.818 13017 13017 D AndroidRuntime: >>>>>> START com.android.internal.os.RuntimeInit uid 2000 <<<<<<
08-06 13:57:53.824 13017 13017 D AndroidRuntime: CheckJNI is OFF
08-06 13:57:53.865 13017 13017 D ICU     : No timezone override file found: /data/misc/zoneinfo/current/icu/icu_tzdata.dat
08-06 13:57:53.907 13017 13017 I Radio-JNI: register_android_hardware_Radio DONE
08-06 13:57:53.917  9672  9685 I art     : Starting a blocking GC Explicit
08-06 13:57:53.936 13017 13017 D AndroidRuntime: Calling main entry com.android.commands.input.Input
08-06 13:57:53.938 13017 13017 I Input   : injectKeyEvent: KeyEvent { action=ACTION_DOWN, keyCode=KEYCODE_BACK, scanCode=0, metaState=0, flags=0x0, repeatCount=0, eventTime=885490351, downTime=885490351, deviceId=-1, source=0x101 }
08-06 13:57:53.945 13017 13017 I Input   : injectKeyEvent: KeyEvent { action=ACTION_UP, keyCode=KEYCODE_BACK, scanCode=0, metaState=0, flags=0x0, repeatCount=0, eventTime=885490351, downTime=885490351, deviceId=-1, source=0x101 }
08-06 13:57:53.949  9672  9685 I art     : Explicit concurrent mark sweep GC freed 1349(78KB) AllocSpace objects, 1(20KB) LOS objects, 22% free, 53MB/69MB, paused 912us total 31.698ms
08-06 13:57:53.955 13017 13017 D AndroidRuntime: Shutting down VM
08-06 13:57:53.960  9672  9685 I art     : Starting a blocking GC Explicit
08-06 13:57:53.988  9672  9685 I art     : Explicit concurrent mark sweep GC freed 163(6KB) AllocSpace objects, 0(0B) LOS objects, 22% free, 53MB/69MB, paused 641us total 27.535ms
08-06 13:57:53.992 13866 13866 I GoogleInputMethodServic: GoogleInputMethodService.onFinishInput():3138 
08-06 13:57:53.993 13866 13866 I GoogleInputMethodServic: GoogleInputMethodService.onStartInput():1808 
08-06 13:57:53.998  9672  9685 I art     : Starting a blocking GC Explicit
08-06 13:57:54.027  9672  9685 I art     : Explicit concurrent mark sweep GC freed 39(1408B) AllocSpace objects, 0(0B) LOS objects, 22% free, 53MB/69MB, paused 708us total 28.560ms
08-06 13:57:54.039  9672  9685 I art     : Starting a blocking GC Explicit
08-06 13:57:54.065  9672  9685 I art     : Explicit concurrent mark sweep GC freed 10(384B) AllocSpace objects, 0(0B) LOS objects, 22% free, 53MB/69MB, paused 647us total 25.606ms
08-06 13:57:54.075  9672  9685 I art     : Starting a blocking GC Explicit
08-06 13:57:54.096   518   646 I ThermalEngine: ACTION: GPU - Setting GPU[0] to 510000000
08-06 13:57:54.100  9672  9685 I art     : Explicit concurrent mark sweep GC freed 3(96B) AllocSpace objects, 0(0B) LOS objects, 22% free, 53MB/69MB, paused 645us total 25.113ms
08-06 13:57:54.317   380   380 W SurfaceFlinger: couldn't log to binary event log: overflow.
08-06 13:57:54.376  9672  9684 I art     : Starting a blocking GC Explicit
08-06 13:57:54.402  9672  9684 I art     : Explicit concurrent mark sweep GC freed 1456(87KB) AllocSpace objects, 1(20KB) LOS objects, 22% free, 53MB/69MB, paused 503us total 24.667ms
08-06 13:57:54.402  9672  9683 I art     : WaitForGcToComplete blocked for 12.052ms for cause HeapTrim
08-06 13:57:54.410  9672  9684 I art     : Starting a blocking GC Explicit
08-06 13:57:54.434  9672  9684 I art     : Explicit concurrent mark sweep GC freed 1671(107KB) AllocSpace objects, 3(184KB) LOS objects, 23% free, 53MB/69MB, paused 512us total 23.713ms
08-06 13:57:54.443  9672  9684 I art     : Starting a blocking GC Explicit
08-06 13:57:54.446  5524  5524 I ServiceManager: Waiting for service AtCmdFwd...
08-06 13:57:54.467  9672  9684 I art     : Explicit concurrent mark sweep GC freed 3(96B) AllocSpace objects, 0(0B) LOS objects, 23% free, 53MB/69MB, paused 572us total 23.393ms
08-06 13:57:54.477  9672  9684 I art     : Starting a blocking GC Explicit
08-06 13:57:54.500  9672  9684 I art     : Explicit concurrent mark sweep GC freed 3(96B) AllocSpace objects, 0(0B) LOS objects, 23% free, 53MB/69MB, paused 476us total 22.873ms
08-06 13:57:54.508  9672  9684 I art     : Starting a blocking GC Explicit
08-06 13:57:54.532  9672  9684 I art     : Explicit concurrent mark sweep GC freed 3(96B) AllocSpace objects, 0(0B) LOS objects, 23% free, 53MB/69MB, paused 502us total 23.396ms
08-06 13:57:54.822  9672 10490 I art     : Starting a blocking GC Explicit
08-06 13:57:54.850  9672 10490 I art     : Explicit concurrent mark sweep GC freed 1347(78KB) AllocSpace objects, 1(20KB) LOS objects, 23% free, 53MB/69MB, paused 550us total 27.137ms
08-06 13:57:54.862  9672 10490 I art     : Starting a blocking GC Explicit
08-06 13:57:54.887  9672 10490 I art     : Explicit concurrent mark sweep GC freed 20(704B) AllocSpace objects, 0(0B) LOS objects, 23% free, 53MB/69MB, paused 503us total 24.083ms
08-06 13:57:54.896  9672 10490 I art     : Starting a blocking GC Explicit
08-06 13:57:54.920  9672 10490 I art     : Explicit concurrent mark sweep GC freed 3(96B) AllocSpace objects, 0(0B) LOS objects, 23% free, 53MB/69MB, paused 519us total 24.129ms
08-06 13:57:54.929  9672 10490 I art     : Starting a blocking GC Explicit
08-06 13:57:54.953  9672 10490 I art     : Explicit concurrent mark sweep GC freed 3(96B) AllocSpace objects, 0(0B) LOS objects, 23% free, 53MB/69MB, paused 519us total 23.939ms
08-06 13:57:54.963  9672 10490 I art     : Starting a blocking GC Explicit
08-06 13:57:54.987  9672 10490 I art     : Explicit concurrent mark sweep GC freed 3(96B) AllocSpace objects, 0(0B) LOS objects, 23% free, 53MB/69MB, paused 551us total 23.832ms
08-06 13:57:55.101   518   646 I ThermalEngine: ACTION: GPU - Setting GPU[0] to 450000000
08-06 13:57:55.277  9672  9919 I art     : Starting a blocking GC Explicit
08-06 13:57:55.310  9672  9919 I art     : Explicit concurrent mark sweep GC freed 1347(78KB) AllocSpace objects, 1(20KB) LOS objects, 23% free, 53MB/69MB, paused 776us total 31.590ms
08-06 13:57:55.325  9672  9919 I art     : Starting a blocking GC Explicit
08-06 13:57:55.353  9672  9919 I art     : Explicit concurrent mark sweep GC freed 20(704B) AllocSpace objects, 0(0B) LOS objects, 23% free, 53MB/69MB, paused 692us total 28.169ms
08-06 13:57:55.365  9672  9919 I art     : Starting a blocking GC Explicit
08-06 13:57:55.393  9672  9919 I art     : Explicit concurrent mark sweep GC freed 3(96B) AllocSpace objects, 0(0B) LOS objects, 23% free, 53MB/69MB, paused 670us total 28.438ms
08-06 13:57:55.405  9672  9919 I art     : Starting a blocking GC Explicit
08-06 13:57:55.433  9672  9919 I art     : Explicit concurrent mark sweep GC freed 3(96B) AllocSpace objects, 0(0B) LOS objects, 23% free, 53MB/69MB, paused 691us total 28.596ms
08-06 13:57:55.445  9672  9919 I art     : Starting a blocking GC Explicit
08-06 13:57:55.446  5524  5524 W Atfwd_Sendcmd: AtCmdFwd service not published, waiting... retryCnt : 1
08-06 13:57:55.474  9672  9919 I art     : Explicit concurrent mark sweep GC freed 3(96B) AllocSpace objects, 0(0B) LOS objects, 23% free, 53MB/69MB, paused 688us total 28.641ms
08-06 13:57:55.744 13073 13073 D AndroidRuntime: >>>>>> START com.android.internal.os.RuntimeInit uid 2000 <<<<<<
08-06 13:57:55.750 13073 13073 D AndroidRuntime: CheckJNI is OFF
08-06 13:57:55.795 13073 13073 D ICU     : No timezone override file found: /data/misc/zoneinfo/current/icu/icu_tzdata.dat
08-06 13:57:55.801  9672  9760 I art     : Starting a blocking GC Explicit
08-06 13:57:55.833  9672  9760 I art     : Explicit concurrent mark sweep GC freed 1368(79KB) AllocSpace objects, 1(20KB) LOS objects, 23% free, 53MB/69MB, paused 685us total 31.758ms
08-06 13:57:55.842 13073 13073 I Radio-JNI: register_android_hardware_Radio DONE
08-06 13:57:55.845  9672  9760 I art     : Starting a blocking GC Explicit
08-06 13:57:55.873 13073 13073 D AndroidRuntime: Calling main entry com.android.commands.input.Input
08-06 13:57:55.875 13073 13073 I Input   : injectMotionEvent: MotionEvent { action=ACTION_DOWN, actionButton=0, id[0]=0, x[0]=1012.0, y[0]=1152.0, toolType[0]=TOOL_TYPE_UNKNOWN, buttonState=0, metaState=0, flags=0x0, edgeFlags=0x0, pointerCount=1, historySize=0, eventTime=885492287, downTime=885492287, deviceId=0, source=0x1002 }
08-06 13:57:55.875  9672  9760 I art     : Explicit concurrent mark sweep GC freed 36(1216B) AllocSpace objects, 0(0B) LOS objects, 23% free, 53MB/69MB, paused 745us total 30.473ms
08-06 13:57:55.882 13073 13073 I Input   : injectMotionEvent: MotionEvent { action=ACTION_UP, actionButton=0, id[0]=0, x[0]=1012.0, y[0]=1152.0, toolType[0]=TOOL_TYPE_UNKNOWN, buttonState=0, metaState=0, flags=0x0, edgeFlags=0x0, pointerCount=1, historySize=0, eventTime=885492287, downTime=885492287, deviceId=0, source=0x1002 }
08-06 13:57:55.884   918  5952 I ActivityManager: START u0 {cmp=baseline.appteam.nith.hillffair/.activities.ClubActivity (has extras)} from uid 10697 on display 0
08-06 13:57:55.886  9672  9760 I art     : Starting a blocking GC Explicit
08-06 13:57:55.890 13073 13073 D AndroidRuntime: Shutting down VM
08-06 13:57:55.917  9672  9760 I art     : Explicit concurrent mark sweep GC freed 161(14KB) AllocSpace objects, 0(0B) LOS objects, 23% free, 53MB/69MB, paused 1.066ms total 30.160ms
08-06 13:57:55.927  9672  9760 I art     : Starting a blocking GC Explicit
08-06 13:57:55.956  9672  9760 I art     : Explicit concurrent mark sweep GC freed 3160(198KB) AllocSpace objects, 0(0B) LOS objects, 22% free, 53MB/69MB, paused 741us total 28.803ms
08-06 13:57:55.967  9672  9760 I art     : Starting a blocking GC Explicit
08-06 13:57:55.994 13866 13866 I GoogleInputMethodServic: GoogleInputMethodService.onFinishInput():3138 
08-06 13:57:55.995 13866 13866 I GoogleInputMethodServic: GoogleInputMethodService.onStartInput():1808 
08-06 13:57:55.995   918   936 I ActivityManager: Displayed baseline.appteam.nith.hillffair/.activities.ClubActivity: +103ms
08-06 13:57:55.995  9672  9760 I art     : Explicit concurrent mark sweep GC freed 441(19KB) AllocSpace objects, 0(0B) LOS objects, 22% free, 53MB/69MB, paused 700us total 27.972ms
08-06 13:57:56.264   380   380 W SurfaceFlinger: couldn't log to binary event log: overflow.
08-06 13:57:56.302  9672  9919 I art     : Starting a blocking GC Explicit
08-06 13:57:56.328  9672  9919 I art     : Explicit concurrent mark sweep GC freed 1395(80KB) AllocSpace objects, 1(20KB) LOS objects, 22% free, 53MB/69MB, paused 659us total 25.878ms
08-06 13:57:56.339  9672  9919 I art     : Starting a blocking GC Explicit
08-06 13:57:56.366  9672  9919 I art     : Explicit concurrent mark sweep GC freed 28(976B) AllocSpace objects, 0(0B) LOS objects, 22% free, 53MB/69MB, paused 687us total 26.591ms
08-06 13:57:56.377  9672  9919 I art     : Starting a blocking GC Explicit
08-06 13:57:56.408  9672  9919 I art     : Explicit concurrent mark sweep GC freed 101(5KB) AllocSpace objects, 0(0B) LOS objects, 22% free, 53MB/69MB, paused 920us total 30.363ms
08-06 13:57:56.421  9672  9919 I art     : Starting a blocking GC Explicit
08-06 13:57:56.449  9672  9919 I art     : Explicit concurrent mark sweep GC freed 21(800B) AllocSpace objects, 0(0B) LOS objects, 22% free, 53MB/69MB, paused 713us total 28.288ms
08-06 13:57:56.461  9672  9919 I art     : Starting a blocking GC Explicit
08-06 13:57:56.489  9672  9919 I art     : Explicit concurrent mark sweep GC freed 15(560B) AllocSpace objects, 0(0B) LOS objects, 22% free, 53MB/69MB, paused 787us total 28.718ms
08-06 13:57:56.614  9672 13100 D OkHttp  : --> GET https://api-hillfair-2k16.herokuapp.com/api/app/club/Design%20and%20Decoration%20Club http/1.1
08-06 13:57:56.652  9672 13100 D OkHttp  : <-- 200 OK https://api-hillfair-2k16.herokuapp.com/api/app/club/Design%20and%20Decoration%20Club (37ms, 760-byte body)
08-06 13:57:56.705  9672  9672 I NAPPA_EXPERIMENTATION: MetricNetworkRequestExecutionTime: REQUEST_DURATION_SYSTEM='774',REQUEST_DURATION_OKHTTP='37',REQUEST_SYNCHRONOUS='FALSE',RESPONSE_CODE='200',RESPONSE_METHOD='GET',RESPONSE_LENGTH_OKHTTP='760',RESPONSE_LENGTH_HEADER='760',REQUEST_PROTOCOL='http/1.1',REQUEST_URL='https://api-hillfair-2k16.herokuapp.com/api/app/club/Design%20and%20Decoration%20Club',
08-06 13:57:56.780  9672  9760 I art     : Starting a blocking GC Explicit
08-06 13:57:56.814  9672  9760 I art     : Explicit concurrent mark sweep GC freed 4818(339KB) AllocSpace objects, 4(220KB) LOS objects, 22% free, 53MB/69MB, paused 695us total 34.223ms
08-06 13:57:56.827  9672  9760 I art     : Starting a blocking GC Explicit
08-06 13:57:56.854  9672  9760 I art     : Explicit concurrent mark sweep GC freed 1041(119KB) AllocSpace objects, 0(0B) LOS objects, 22% free, 53MB/69MB, paused 659us total 27.039ms
08-06 13:57:56.865  9672  9760 I art     : Starting a blocking GC Explicit
08-06 13:57:56.894  9672  9760 I art     : Explicit concurrent mark sweep GC freed 3(96B) AllocSpace objects, 0(0B) LOS objects, 22% free, 53MB/69MB, paused 674us total 29.241ms
08-06 13:57:56.906  9672  9760 I art     : Starting a blocking GC Explicit
08-06 13:57:56.935  9672  9760 I art     : Explicit concurrent mark sweep GC freed 3(96B) AllocSpace objects, 0(0B) LOS objects, 22% free, 53MB/69MB, paused 681us total 29.287ms
08-06 13:57:56.947  9672  9760 I art     : Starting a blocking GC Explicit
08-06 13:57:56.976  9672  9760 I art     : Explicit concurrent mark sweep GC freed 3(96B) AllocSpace objects, 0(0B) LOS objects, 22% free, 53MB/69MB, paused 665us total 29.165ms
08-06 13:57:57.277  9672  9685 I art     : Starting a blocking GC Explicit
08-06 13:57:57.315  9672  9685 I art     : Explicit concurrent mark sweep GC freed 1347(78KB) AllocSpace objects, 1(20KB) LOS objects, 22% free, 53MB/69MB, paused 727us total 37.592ms
08-06 13:57:57.330  9672  9685 I art     : Starting a blocking GC Explicit
08-06 13:57:57.361  9672  9685 I art     : Explicit concurrent mark sweep GC freed 36(1264B) AllocSpace objects, 0(0B) LOS objects, 22% free, 53MB/69MB, paused 692us total 30.993ms
08-06 13:57:57.373  9672  9685 I art     : Starting a blocking GC Explicit
08-06 13:57:57.403  9672  9685 I art     : Explicit concurrent mark sweep GC freed 3(96B) AllocSpace objects, 0(0B) LOS objects, 22% free, 53MB/69MB, paused 677us total 30.128ms
08-06 13:57:57.415  9672  9685 I art     : Starting a blocking GC Explicit
08-06 13:57:57.446  9672  9685 I art     : Explicit concurrent mark sweep GC freed 3(96B) AllocSpace objects, 0(0B) LOS objects, 22% free, 53MB/69MB, paused 684us total 31.077ms
08-06 13:57:57.458  9672  9685 I art     : Starting a blocking GC Explicit
08-06 13:57:57.493  9672  9685 I art     : Explicit concurrent mark sweep GC freed 3(96B) AllocSpace objects, 0(0B) LOS objects, 22% free, 53MB/69MB, paused 695us total 33.880ms
08-06 13:57:57.843  9672 10490 I art     : Starting a blocking GC Explicit
08-06 13:57:57.880  9672 10490 I art     : Explicit concurrent mark sweep GC freed 1347(78KB) AllocSpace objects, 1(20KB) LOS objects, 22% free, 53MB/69MB, paused 711us total 36.665ms
08-06 13:57:57.894  9672 10490 I art     : Starting a blocking GC Explicit
08-06 13:57:57.928  9672 10490 I art     : Explicit concurrent mark sweep GC freed 20(704B) AllocSpace objects, 0(0B) LOS objects, 22% free, 53MB/69MB, paused 759us total 33.794ms
08-06 13:57:57.940  9672 10490 I art     : Starting a blocking GC Explicit
08-06 13:57:57.974  9672 10490 I art     : Explicit concurrent mark sweep GC freed 3(96B) AllocSpace objects, 0(0B) LOS objects, 22% free, 53MB/69MB, paused 723us total 33.916ms
08-06 13:57:57.988  9672 10490 I art     : Starting a blocking GC Explicit
08-06 13:57:58.025  9672 10490 I art     : Explicit concurrent mark sweep GC freed 3(96B) AllocSpace objects, 0(0B) LOS objects, 22% free, 53MB/69MB, paused 742us total 36.382ms
08-06 13:57:58.037  9672 10490 I art     : Starting a blocking GC Explicit
08-06 13:57:58.071  9672 10490 I art     : Explicit concurrent mark sweep GC freed 3(96B) AllocSpace objects, 0(0B) LOS objects, 22% free, 53MB/69MB, paused 705us total 33.961ms
08-06 13:57:58.404  9672  9760 I art     : Starting a blocking GC Explicit
08-06 13:57:58.445  9672  9760 I art     : Explicit concurrent mark sweep GC freed 1347(78KB) AllocSpace objects, 1(20KB) LOS objects, 22% free, 53MB/69MB, paused 713us total 40.435ms
08-06 13:57:58.460  9672  9760 I art     : Starting a blocking GC Explicit
08-06 13:57:58.493  9672  9760 I art     : Explicit concurrent mark sweep GC freed 20(704B) AllocSpace objects, 0(0B) LOS objects, 22% free, 53MB/69MB, paused 660us total 32.524ms
08-06 13:57:58.505  9672  9760 I art     : Starting a blocking GC Explicit
08-06 13:57:58.539  9672  9760 I art     : Explicit concurrent mark sweep GC freed 3(96B) AllocSpace objects, 0(0B) LOS objects, 22% free, 53MB/69MB, paused 697us total 33.817ms
08-06 13:57:58.551  9672  9760 I art     : Starting a blocking GC Explicit
08-06 13:57:58.585  9672  9760 I art     : Explicit concurrent mark sweep GC freed 3(96B) AllocSpace objects, 0(0B) LOS objects, 22% free, 53MB/69MB, paused 709us total 33.973ms
08-06 13:57:58.597  9672  9760 I art     : Starting a blocking GC Explicit
08-06 13:57:58.629  9672  9760 I art     : Explicit concurrent mark sweep GC freed 3(96B) AllocSpace objects, 0(0B) LOS objects, 22% free, 53MB/69MB, paused 701us total 31.596ms
08-06 13:57:58.979  9672  9684 I art     : Starting a blocking GC Explicit
08-06 13:57:59.020  9672  9684 I art     : Explicit concurrent mark sweep GC freed 1347(78KB) AllocSpace objects, 1(20KB) LOS objects, 22% free, 53MB/69MB, paused 762us total 40.259ms
08-06 13:57:59.035  9672  9684 I art     : Starting a blocking GC Explicit
08-06 13:57:59.070  9672  9684 I art     : Explicit concurrent mark sweep GC freed 20(704B) AllocSpace objects, 0(0B) LOS objects, 22% free, 53MB/69MB, paused 711us total 34.339ms
08-06 13:57:59.082  9672  9684 I art     : Starting a blocking GC Explicit
08-06 13:57:59.115  9672  9684 I art     : Explicit concurrent mark sweep GC freed 3(96B) AllocSpace objects, 0(0B) LOS objects, 22% free, 53MB/69MB, paused 649us total 32.919ms
08-06 13:57:59.127  9672  9684 I art     : Starting a blocking GC Explicit
08-06 13:57:59.160  9672  9684 I art     : Explicit concurrent mark sweep GC freed 3(96B) AllocSpace objects, 0(0B) LOS objects, 22% free, 53MB/69MB, paused 685us total 32.685ms
08-06 13:57:59.172  9672  9684 I art     : Starting a blocking GC Explicit
08-06 13:57:59.207  9672  9684 I art     : Explicit concurrent mark sweep GC freed 3(96B) AllocSpace objects, 0(0B) LOS objects, 22% free, 53MB/69MB, paused 712us total 34.227ms
08-06 13:57:59.546  9672  9919 I art     : Starting a blocking GC Explicit
08-06 13:57:59.592  9672  9919 I art     : Explicit concurrent mark sweep GC freed 1347(78KB) AllocSpace objects, 1(20KB) LOS objects, 22% free, 53MB/69MB, paused 741us total 44.792ms
08-06 13:57:59.606  9672  9919 I art     : Starting a blocking GC Explicit
08-06 13:57:59.639  9672  9919 I art     : Explicit concurrent mark sweep GC freed 20(704B) AllocSpace objects, 0(0B) LOS objects, 22% free, 53MB/69MB, paused 717us total 32.855ms
08-06 13:57:59.651  9672  9919 I art     : Starting a blocking GC Explicit
08-06 13:57:59.685  9672  9919 I art     : Explicit concurrent mark sweep GC freed 3(96B) AllocSpace objects, 0(0B) LOS objects, 22% free, 53MB/69MB, paused 703us total 33.967ms
08-06 13:57:59.697  9672  9919 I art     : Starting a blocking GC Explicit
08-06 13:57:59.730  9672  9919 I art     : Explicit concurrent mark sweep GC freed 3(96B) AllocSpace objects, 0(0B) LOS objects, 22% free, 53MB/69MB, paused 759us total 32.756ms
08-06 13:57:59.742  9672  9919 I art     : Starting a blocking GC Explicit
08-06 13:57:59.774  9672  9919 I art     : Explicit concurrent mark sweep GC freed 3(96B) AllocSpace objects, 0(0B) LOS objects, 22% free, 53MB/69MB, paused 687us total 31.312ms
08-06 13:58:00.107  9672  9685 I art     : Starting a blocking GC Explicit
08-06 13:58:00.137  9672  9685 I art     : Explicit concurrent mark sweep GC freed 1347(78KB) AllocSpace objects, 1(20KB) LOS objects, 22% free, 53MB/69MB, paused 640us total 29.679ms
08-06 13:58:00.148  9672  9685 I art     : Starting a blocking GC Explicit
08-06 13:58:00.178  9672  9685 I art     : Explicit concurrent mark sweep GC freed 20(704B) AllocSpace objects, 0(0B) LOS objects, 22% free, 53MB/69MB, paused 719us total 29.575ms
08-06 13:58:00.190  9672  9685 I art     : Starting a blocking GC Explicit
08-06 13:58:00.220  9672  9685 I art     : Explicit concurrent mark sweep GC freed 3(96B) AllocSpace objects, 0(0B) LOS objects, 22% free, 53MB/69MB, paused 694us total 29.495ms
08-06 13:58:00.231  9672  9685 I art     : Starting a blocking GC Explicit
08-06 13:58:00.261  9672  9685 I art     : Explicit concurrent mark sweep GC freed 3(96B) AllocSpace objects, 0(0B) LOS objects, 22% free, 53MB/69MB, paused 706us total 29.980ms
08-06 13:58:00.273  9672  9685 I art     : Starting a blocking GC Explicit
08-06 13:58:00.305  9672  9685 I art     : Explicit concurrent mark sweep GC freed 3(96B) AllocSpace objects, 0(0B) LOS objects, 22% free, 53MB/69MB, paused 696us total 31.351ms
08-06 13:58:00.447  5524  5524 I ServiceManager: Waiting for service AtCmdFwd...
08-06 13:58:00.626  9672 10490 I art     : Starting a blocking GC Explicit
08-06 13:58:00.664  9672 10490 I art     : Explicit concurrent mark sweep GC freed 1347(78KB) AllocSpace objects, 1(20KB) LOS objects, 22% free, 53MB/69MB, paused 782us total 37.306ms
08-06 13:58:00.679  9672 10490 I art     : Starting a blocking GC Explicit
08-06 13:58:00.681 13183 13183 D AndroidRuntime: >>>>>> START com.android.internal.os.RuntimeInit uid 2000 <<<<<<
08-06 13:58:00.687 13183 13183 D AndroidRuntime: CheckJNI is OFF
08-06 13:58:00.712  9672 10490 I art     : Explicit concurrent mark sweep GC freed 20(704B) AllocSpace objects, 0(0B) LOS objects, 22% free, 53MB/69MB, paused 705us total 32.303ms
08-06 13:58:00.723  9672 10490 I art     : Starting a blocking GC Explicit
08-06 13:58:00.735 13183 13183 D ICU     : No timezone override file found: /data/misc/zoneinfo/current/icu/icu_tzdata.dat
08-06 13:58:00.754  9672 10490 I art     : Explicit concurrent mark sweep GC freed 3(96B) AllocSpace objects, 0(0B) LOS objects, 22% free, 53MB/69MB, paused 777us total 30.988ms
08-06 13:58:00.767  9672 10490 I art     : Starting a blocking GC Explicit
08-06 13:58:00.782 13183 13183 I Radio-JNI: register_android_hardware_Radio DONE
08-06 13:58:00.798  9672 10490 I art     : Explicit concurrent mark sweep GC freed 3(96B) AllocSpace objects, 0(0B) LOS objects, 22% free, 53MB/69MB, paused 752us total 31.037ms
08-06 13:58:00.810  9672 10490 I art     : Starting a blocking GC Explicit
08-06 13:58:00.811 13183 13183 D AndroidRuntime: Calling main entry com.android.commands.input.Input
08-06 13:58:00.813 13183 13183 I Input   : injectKeyEvent: KeyEvent { action=ACTION_DOWN, keyCode=KEYCODE_BACK, scanCode=0, metaState=0, flags=0x0, repeatCount=0, eventTime=885497226, downTime=885497226, deviceId=-1, source=0x101 }
08-06 13:58:00.820 13183 13183 I Input   : injectKeyEvent: KeyEvent { action=ACTION_UP, keyCode=KEYCODE_BACK, scanCode=0, metaState=0, flags=0x0, repeatCount=0, eventTime=885497226, downTime=885497226, deviceId=-1, source=0x101 }
08-06 13:58:00.826 13183 13183 D AndroidRuntime: Shutting down VM
08-06 13:58:00.839  9672 10490 I art     : Explicit concurrent mark sweep GC freed 134(5KB) AllocSpace objects, 0(0B) LOS objects, 22% free, 53MB/69MB, paused 686us total 28.732ms
08-06 13:58:00.871 13866 13866 I GoogleInputMethodServic: GoogleInputMethodService.onFinishInput():3138 
08-06 13:58:00.872 13866 13866 I GoogleInputMethodServic: GoogleInputMethodService.onStartInput():1808 
08-06 13:58:01.110   518   646 I ThermalEngine: ACTION: GPU - Setting GPU[0] to 510000000
08-06 13:58:01.131  9672 10490 I art     : Starting a blocking GC Explicit
08-06 13:58:01.161  9672 10490 I art     : Explicit concurrent mark sweep GC freed 1397(80KB) AllocSpace objects, 1(20KB) LOS objects, 22% free, 53MB/69MB, paused 566us total 29.826ms
08-06 13:58:01.171  9672 10490 I art     : Starting a blocking GC Explicit
08-06 13:58:01.176   380   380 W SurfaceFlinger: couldn't log to binary event log: overflow.
08-06 13:58:01.195  9672 10490 I art     : Explicit concurrent mark sweep GC freed 134(9KB) AllocSpace objects, 0(0B) LOS objects, 22% free, 53MB/69MB, paused 610us total 24.157ms
08-06 13:58:01.205  9672 10490 I art     : Starting a blocking GC Explicit
08-06 13:58:01.227  9672 10490 I art     : Explicit concurrent mark sweep GC freed 1655(107KB) AllocSpace objects, 3(180KB) LOS objects, 22% free, 53MB/69MB, paused 567us total 21.458ms
08-06 13:58:01.235  9672 10490 I art     : Starting a blocking GC Explicit
08-06 13:58:01.257  9672 10490 I art     : Explicit concurrent mark sweep GC freed 3(96B) AllocSpace objects, 0(0B) LOS objects, 22% free, 53MB/69MB, paused 792us total 21.825ms
08-06 13:58:01.266  9672 10490 I art     : Starting a blocking GC Explicit
08-06 13:58:01.290  9672 10490 I art     : Explicit concurrent mark sweep GC freed 3(96B) AllocSpace objects, 0(0B) LOS objects, 22% free, 53MB/69MB, paused 496us total 23.293ms
08-06 13:58:01.447  5524  5524 I ServiceManager: Waiting for service AtCmdFwd...
08-06 13:58:01.589  9672  9684 I art     : Starting a blocking GC Explicit
08-06 13:58:01.624  9672  9684 I art     : Explicit concurrent mark sweep GC freed 1347(78KB) AllocSpace objects, 1(20KB) LOS objects, 22% free, 53MB/69MB, paused 608us total 35.322ms
08-06 13:58:01.643  9672  9684 I art     : Starting a blocking GC Explicit
08-06 13:58:01.667  9672  9684 I art     : Explicit concurrent mark sweep GC freed 20(704B) AllocSpace objects, 0(0B) LOS objects, 22% free, 53MB/69MB, paused 528us total 23.808ms
08-06 13:58:01.676  9672  9684 I art     : Starting a blocking GC Explicit
08-06 13:58:01.699  9672  9684 I art     : Explicit concurrent mark sweep GC freed 3(96B) AllocSpace objects, 0(0B) LOS objects, 22% free, 53MB/69MB, paused 500us total 22.867ms
08-06 13:58:01.708  9672  9684 I art     : Starting a blocking GC Explicit
08-06 13:58:01.732  9672  9684 I art     : Explicit concurrent mark sweep GC freed 3(96B) AllocSpace objects, 0(0B) LOS objects, 22% free, 53MB/69MB, paused 500us total 23.791ms
08-06 13:58:01.742  9672  9684 I art     : Starting a blocking GC Explicit
08-06 13:58:01.767  9672  9684 I art     : Explicit concurrent mark sweep GC freed 3(96B) AllocSpace objects, 0(0B) LOS objects, 22% free, 53MB/69MB, paused 591us total 25.039ms
08-06 13:58:02.077  9672  9760 I art     : Starting a blocking GC Explicit
08-06 13:58:02.108  9672  9760 I art     : Explicit concurrent mark sweep GC freed 1347(78KB) AllocSpace objects, 1(20KB) LOS objects, 22% free, 53MB/69MB, paused 545us total 30.555ms
08-06 13:58:02.114   518   646 I ThermalEngine: ACTION: GPU - Setting GPU[0] to 450000000
08-06 13:58:02.119  9672  9760 I art     : Starting a blocking GC Explicit
08-06 13:58:02.148  9672  9760 I art     : Explicit concurrent mark sweep GC freed 20(704B) AllocSpace objects, 0(0B) LOS objects, 22% free, 53MB/69MB, paused 726us total 28.322ms
08-06 13:58:02.159  9672  9760 I art     : Starting a blocking GC Explicit
08-06 13:58:02.187  9672  9760 I art     : Explicit concurrent mark sweep GC freed 3(96B) AllocSpace objects, 0(0B) LOS objects, 22% free, 53MB/69MB, paused 836us total 27.991ms
08-06 13:58:02.198  9672  9760 I art     : Starting a blocking GC Explicit
08-06 13:58:02.227  9672  9760 I art     : Explicit concurrent mark sweep GC freed 3(96B) AllocSpace objects, 0(0B) LOS objects, 22% free, 53MB/69MB, paused 739us total 28.214ms
08-06 13:58:02.231   918  3261 D WifiStateMachine: starting scan for "H369AA63323"WPA_PSK with 2412,5180
08-06 13:58:02.238  9672  9760 I art     : Starting a blocking GC Explicit
08-06 13:58:02.267  9672  9760 I art     : Explicit concurrent mark sweep GC freed 3(96B) AllocSpace objects, 0(0B) LOS objects, 22% free, 53MB/69MB, paused 766us total 29.207ms
08-06 13:58:02.448  5524  5524 I ServiceManager: Waiting for service AtCmdFwd...
08-06 13:58:02.568  9672  9919 I art     : Starting a blocking GC Explicit
08-06 13:58:02.603  9672  9919 I art     : Explicit concurrent mark sweep GC freed 1347(78KB) AllocSpace objects, 1(20KB) LOS objects, 22% free, 53MB/69MB, paused 797us total 35.014ms
08-06 13:58:02.611 13237 13237 D AndroidRuntime: >>>>>> START com.android.internal.os.RuntimeInit uid 2000 <<<<<<
08-06 13:58:02.618 13237 13237 D AndroidRuntime: CheckJNI is OFF
08-06 13:58:02.619  9672  9919 I art     : Starting a blocking GC Explicit
08-06 13:58:02.648  9672  9919 I art     : Explicit concurrent mark sweep GC freed 20(704B) AllocSpace objects, 0(0B) LOS objects, 22% free, 53MB/69MB, paused 730us total 28.689ms
08-06 13:58:02.659  9672  9919 I art     : Starting a blocking GC Explicit
08-06 13:58:02.665 13237 13237 D ICU     : No timezone override file found: /data/misc/zoneinfo/current/icu/icu_tzdata.dat
08-06 13:58:02.689  9672  9919 I art     : Explicit concurrent mark sweep GC freed 3(96B) AllocSpace objects, 0(0B) LOS objects, 22% free, 53MB/69MB, paused 715us total 29.575ms
08-06 13:58:02.701  9672  9919 I art     : Starting a blocking GC Explicit
08-06 13:58:02.711 13237 13237 I Radio-JNI: register_android_hardware_Radio DONE
08-06 13:58:02.732  9672  9919 I art     : Explicit concurrent mark sweep GC freed 3(96B) AllocSpace objects, 0(0B) LOS objects, 22% free, 53MB/69MB, paused 703us total 30.432ms
08-06 13:58:02.742 13237 13237 D AndroidRuntime: Calling main entry com.android.commands.input.Input
08-06 13:58:02.743  9672  9919 I art     : Starting a blocking GC Explicit
08-06 13:58:02.745 13237 13237 I Input   : injectMotionEvent: MotionEvent { action=ACTION_DOWN, actionButton=0, id[0]=0, x[0]=255.0, y[0]=1845.0, toolType[0]=TOOL_TYPE_UNKNOWN, buttonState=0, metaState=0, flags=0x0, edgeFlags=0x0, pointerCount=1, historySize=0, eventTime=885499157, downTime=885499157, deviceId=0, source=0x1002 }
08-06 13:58:02.750 13237 13237 I Input   : injectMotionEvent: MotionEvent { action=ACTION_UP, actionButton=0, id[0]=0, x[0]=255.0, y[0]=1845.0, toolType[0]=TOOL_TYPE_UNKNOWN, buttonState=0, metaState=0, flags=0x0, edgeFlags=0x0, pointerCount=1, historySize=0, eventTime=885499157, downTime=885499157, deviceId=0, source=0x1002 }
08-06 13:58:02.752   918  4400 I ActivityManager: START u0 {cmp=baseline.appteam.nith.hillffair/.activities.ClubActivity (has extras)} from uid 10697 on display 0
08-06 13:58:02.759 13237 13237 D AndroidRuntime: Shutting down VM
08-06 13:58:02.772  9672  9919 I art     : Explicit concurrent mark sweep GC freed 120(8KB) AllocSpace objects, 0(0B) LOS objects, 22% free, 53MB/69MB, paused 947us total 28.914ms
08-06 13:58:02.853   918   936 I ActivityManager: Displayed baseline.appteam.nith.hillffair/.activities.ClubActivity: +93ms
08-06 13:58:02.853 13866 13866 I GoogleInputMethodServic: GoogleInputMethodService.onFinishInput():3138 
08-06 13:58:02.854 13866 13866 I GoogleInputMethodServic: GoogleInputMethodService.onStartInput():1808 
08-06 13:58:03.063  9672  9684 I art     : Starting a blocking GC Explicit
08-06 13:58:03.103  9672  9684 I art     : Explicit concurrent mark sweep GC freed 4893(301KB) AllocSpace objects, 1(20KB) LOS objects, 22% free, 53MB/69MB, paused 731us total 39.572ms
08-06 13:58:03.111   380   380 W SurfaceFlinger: couldn't log to binary event log: overflow.
08-06 13:58:03.116  9672  9684 I art     : Starting a blocking GC Explicit
08-06 13:58:03.144  9672  9684 I art     : Explicit concurrent mark sweep GC freed 208(9KB) AllocSpace objects, 0(0B) LOS objects, 22% free, 53MB/69MB, paused 778us total 28.024ms
08-06 13:58:03.155  9672  9684 I art     : Starting a blocking GC Explicit
08-06 13:58:03.182  9672  9684 I art     : Explicit concurrent mark sweep GC freed 3(96B) AllocSpace objects, 0(0B) LOS objects, 22% free, 53MB/69MB, paused 670us total 26.831ms
08-06 13:58:03.193  9672  9684 I art     : Starting a blocking GC Explicit
08-06 13:58:03.221  9672  9684 I art     : Explicit concurrent mark sweep GC freed 93(5KB) AllocSpace objects, 0(0B) LOS objects, 22% free, 53MB/69MB, paused 698us total 27.228ms
08-06 13:58:03.232  9672  9684 I art     : Starting a blocking GC Explicit
08-06 13:58:03.266  9672  9684 I art     : Explicit concurrent mark sweep GC freed 2536(130KB) AllocSpace objects, 3(200KB) LOS objects, 22% free, 54MB/70MB, paused 991us total 33.126ms
08-06 13:58:03.268  9672 13260 D OkHttp  : --> GET https://api-hillfair-2k16.herokuapp.com/api/app/club/Technical%20Committee http/1.1
08-06 13:58:03.301  9672 13260 D OkHttp  : <-- 200 OK https://api-hillfair-2k16.herokuapp.com/api/app/club/Technical%20Committee (32ms, 1171-byte body)
08-06 13:58:03.346  9672  9672 I NAPPA_EXPERIMENTATION: MetricNetworkRequestExecutionTime: REQUEST_DURATION_SYSTEM='555',REQUEST_DURATION_OKHTTP='32',REQUEST_SYNCHRONOUS='FALSE',RESPONSE_CODE='200',RESPONSE_METHOD='GET',RESPONSE_LENGTH_OKHTTP='1171',RESPONSE_LENGTH_HEADER='1171',REQUEST_PROTOCOL='http/1.1',REQUEST_URL='https://api-hillfair-2k16.herokuapp.com/api/app/club/Technical%20Committee',
08-06 13:58:03.448  5524  5524 I ServiceManager: Waiting for service AtCmdFwd...
08-06 13:58:03.565  9672  9684 I art     : Starting a blocking GC Explicit
08-06 13:58:03.597  9672  9684 I art     : Explicit concurrent mark sweep GC freed 3212(327KB) AllocSpace objects, 1(20KB) LOS objects, 22% free, 53MB/69MB, paused 1.007ms total 31.658ms
08-06 13:58:03.609  9672  9684 I art     : Starting a blocking GC Explicit
08-06 13:58:03.641  9672  9684 I art     : Explicit concurrent mark sweep GC freed 107(3KB) AllocSpace objects, 0(0B) LOS objects, 22% free, 53MB/69MB, paused 712us total 31.199ms
08-06 13:58:03.652  9672  9684 I art     : Starting a blocking GC Explicit
08-06 13:58:03.682  9672  9684 I art     : Explicit concurrent mark sweep GC freed 3(96B) AllocSpace objects, 0(0B) LOS objects, 22% free, 53MB/69MB, paused 675us total 29.495ms
08-06 13:58:03.694  9672  9684 I art     : Starting a blocking GC Explicit
08-06 13:58:03.724  9672  9684 I art     : Explicit concurrent mark sweep GC freed 3(96B) AllocSpace objects, 0(0B) LOS objects, 22% free, 53MB/69MB, paused 706us total 29.741ms
08-06 13:58:03.735  9672  9684 I art     : Starting a blocking GC Explicit
08-06 13:58:03.765  9672  9684 I art     : Explicit concurrent mark sweep GC freed 3(96B) AllocSpace objects, 0(0B) LOS objects, 22% free, 53MB/69MB, paused 655us total 29.195ms
08-06 13:58:04.075  9672  9685 I art     : Starting a blocking GC Explicit
08-06 13:58:04.119  9672  9685 I art     : Explicit concurrent mark sweep GC freed 1363(79KB) AllocSpace objects, 1(20KB) LOS objects, 22% free, 53MB/69MB, paused 849us total 43.962ms
08-06 13:58:04.136  9672  9685 I art     : Starting a blocking GC Explicit
08-06 13:58:04.169  9672  9685 I art     : Explicit concurrent mark sweep GC freed 20(704B) AllocSpace objects, 0(0B) LOS objects, 22% free, 53MB/69MB, paused 731us total 32.660ms
08-06 13:58:04.181  9672  9685 I art     : Starting a blocking GC Explicit
08-06 13:58:04.212  9672  9685 I art     : Explicit concurrent mark sweep GC freed 3(96B) AllocSpace objects, 0(0B) LOS objects, 22% free, 53MB/69MB, paused 713us total 31.225ms
08-06 13:58:04.225  9672  9685 I art     : Starting a blocking GC Explicit
08-06 13:58:04.256  9672  9685 I art     : Explicit concurrent mark sweep GC freed 3(96B) AllocSpace objects, 0(0B) LOS objects, 22% free, 53MB/69MB, paused 691us total 30.768ms
08-06 13:58:04.268  9672  9685 I art     : Starting a blocking GC Explicit
08-06 13:58:04.299  9672  9685 I art     : Explicit concurrent mark sweep GC freed 3(96B) AllocSpace objects, 0(0B) LOS objects, 22% free, 53MB/69MB, paused 705us total 31.440ms
08-06 13:58:04.449  5524  5524 I ServiceManager: Waiting for service AtCmdFwd...
08-06 13:58:04.628  9672  9760 I art     : Starting a blocking GC Explicit
08-06 13:58:04.669  9672  9760 I art     : Explicit concurrent mark sweep GC freed 1347(78KB) AllocSpace objects, 1(20KB) LOS objects, 22% free, 53MB/69MB, paused 832us total 40.345ms
08-06 13:58:04.683  9672  9760 I art     : Starting a blocking GC Explicit
08-06 13:58:04.721  9672  9760 I art     : Explicit concurrent mark sweep GC freed 20(704B) AllocSpace objects, 0(0B) LOS objects, 22% free, 53MB/69MB, paused 725us total 37.476ms
08-06 13:58:04.733  9672  9760 I art     : Starting a blocking GC Explicit
08-06 13:58:04.767  9672  9760 I art     : Explicit concurrent mark sweep GC freed 3(96B) AllocSpace objects, 0(0B) LOS objects, 22% free, 53MB/69MB, paused 730us total 33.224ms
08-06 13:58:04.779  9672  9760 I art     : Starting a blocking GC Explicit
08-06 13:58:04.813  9672  9760 I art     : Explicit concurrent mark sweep GC freed 3(96B) AllocSpace objects, 0(0B) LOS objects, 22% free, 53MB/69MB, paused 677us total 34.197ms
08-06 13:58:04.826  9672  9760 I art     : Starting a blocking GC Explicit
08-06 13:58:04.859  9672  9760 I art     : Explicit concurrent mark sweep GC freed 3(96B) AllocSpace objects, 0(0B) LOS objects, 22% free, 53MB/69MB, paused 711us total 33.173ms
08-06 13:58:05.193  9672 10490 I art     : Starting a blocking GC Explicit
08-06 13:58:05.236  9672 10490 I art     : Explicit concurrent mark sweep GC freed 1347(78KB) AllocSpace objects, 1(20KB) LOS objects, 22% free, 53MB/69MB, paused 757us total 41.983ms
08-06 13:58:05.253  9672 10490 I art     : Starting a blocking GC Explicit
08-06 13:58:05.287  9672 10490 I art     : Explicit concurrent mark sweep GC freed 20(704B) AllocSpace objects, 0(0B) LOS objects, 22% free, 53MB/69MB, paused 794us total 33.796ms
08-06 13:58:05.299  9672 10490 I art     : Starting a blocking GC Explicit
08-06 13:58:05.333  9672 10490 I art     : Explicit concurrent mark sweep GC freed 3(96B) AllocSpace objects, 0(0B) LOS objects, 22% free, 53MB/69MB, paused 712us total 34.083ms
08-06 13:58:05.346  9672 10490 I art     : Starting a blocking GC Explicit
08-06 13:58:05.378  9672 10490 I art     : Explicit concurrent mark sweep GC freed 3(96B) AllocSpace objects, 0(0B) LOS objects, 22% free, 53MB/69MB, paused 704us total 31.648ms
08-06 13:58:05.389  9672 10490 I art     : Starting a blocking GC Explicit
08-06 13:58:05.423  9672 10490 I art     : Explicit concurrent mark sweep GC freed 3(96B) AllocSpace objects, 0(0B) LOS objects, 22% free, 53MB/69MB, paused 703us total 33.633ms
08-06 13:58:05.449  5524  5524 W Atfwd_Sendcmd: AtCmdFwd service not published, waiting... retryCnt : 2
08-06 13:58:05.769  9672  9919 I art     : Starting a blocking GC Explicit
08-06 13:58:05.810  9672  9919 I art     : Explicit concurrent mark sweep GC freed 1347(78KB) AllocSpace objects, 1(20KB) LOS objects, 22% free, 53MB/69MB, paused 829us total 40.395ms
08-06 13:58:05.824  9672  9919 I art     : Starting a blocking GC Explicit
08-06 13:58:05.862  9672  9919 I art     : Explicit concurrent mark sweep GC freed 20(704B) AllocSpace objects, 0(0B) LOS objects, 22% free, 53MB/69MB, paused 685us total 36.958ms
08-06 13:58:05.873  9672  9919 I art     : Starting a blocking GC Explicit
08-06 13:58:05.906  9672  9919 I art     : Explicit concurrent mark sweep GC freed 3(96B) AllocSpace objects, 0(0B) LOS objects, 22% free, 53MB/69MB, paused 717us total 32.276ms
08-06 13:58:05.918  9672  9919 I art     : Starting a blocking GC Explicit
08-06 13:58:05.952  9672  9919 I art     : Explicit concurrent mark sweep GC freed 3(96B) AllocSpace objects, 0(0B) LOS objects, 22% free, 53MB/69MB, paused 725us total 34.046ms
08-06 13:58:05.964  9672  9919 I art     : Starting a blocking GC Explicit
08-06 13:58:05.998  9672  9919 I art     : Explicit concurrent mark sweep GC freed 3(96B) AllocSpace objects, 0(0B) LOS objects, 22% free, 53MB/69MB, paused 697us total 33.849ms
08-06 13:58:06.356  9672  9684 I art     : Starting a blocking GC Explicit
08-06 13:58:06.396  9672  9684 I art     : Explicit concurrent mark sweep GC freed 1347(78KB) AllocSpace objects, 1(20KB) LOS objects, 22% free, 53MB/69MB, paused 733us total 39.792ms
08-06 13:58:06.411  9672  9684 I art     : Starting a blocking GC Explicit
08-06 13:58:06.446  9672  9684 I art     : Explicit concurrent mark sweep GC freed 20(704B) AllocSpace objects, 0(0B) LOS objects, 22% free, 53MB/69MB, paused 757us total 34.426ms
08-06 13:58:06.458  9672  9684 I art     : Starting a blocking GC Explicit
08-06 13:58:06.493  9672  9684 I art     : Explicit concurrent mark sweep GC freed 3(96B) AllocSpace objects, 0(0B) LOS objects, 22% free, 53MB/69MB, paused 726us total 35.042ms
08-06 13:58:06.505  9672  9684 I art     : Starting a blocking GC Explicit
08-06 13:58:06.540  9672  9684 I art     : Explicit concurrent mark sweep GC freed 3(96B) AllocSpace objects, 0(0B) LOS objects, 22% free, 53MB/69MB, paused 712us total 34.268ms
08-06 13:58:06.552  9672  9684 I art     : Starting a blocking GC Explicit
08-06 13:58:06.586  9672  9684 I art     : Explicit concurrent mark sweep GC freed 3(96B) AllocSpace objects, 0(0B) LOS objects, 22% free, 53MB/69MB, paused 728us total 33.618ms
08-06 13:58:06.920  9672  9685 I art     : Starting a blocking GC Explicit
08-06 13:58:06.962  9672  9685 I art     : Explicit concurrent mark sweep GC freed 1347(78KB) AllocSpace objects, 1(20KB) LOS objects, 22% free, 53MB/69MB, paused 774us total 41.040ms
08-06 13:58:06.977  9672  9685 I art     : Starting a blocking GC Explicit
08-06 13:58:07.009  9672  9685 I art     : Explicit concurrent mark sweep GC freed 20(704B) AllocSpace objects, 0(0B) LOS objects, 22% free, 53MB/69MB, paused 710us total 32.136ms
08-06 13:58:07.022  9672  9685 I art     : Starting a blocking GC Explicit
08-06 13:58:07.054  9672  9685 I art     : Explicit concurrent mark sweep GC freed 3(96B) AllocSpace objects, 0(0B) LOS objects, 22% free, 53MB/69MB, paused 711us total 31.932ms
08-06 13:58:07.066  9672  9685 I art     : Starting a blocking GC Explicit
08-06 13:58:07.095  9672  9685 I art     : Explicit concurrent mark sweep GC freed 3(96B) AllocSpace objects, 0(0B) LOS objects, 22% free, 53MB/69MB, paused 672us total 29.377ms
08-06 13:58:07.107  9672  9685 I art     : Starting a blocking GC Explicit
08-06 13:58:07.137  9672  9685 I art     : Explicit concurrent mark sweep GC freed 3(96B) AllocSpace objects, 0(0B) LOS objects, 22% free, 53MB/69MB, paused 794us total 29.932ms
08-06 13:58:07.452  9672  9760 I art     : Starting a blocking GC Explicit
08-06 13:58:07.488  9672  9760 I art     : Explicit concurrent mark sweep GC freed 1350(78KB) AllocSpace objects, 1(20KB) LOS objects, 22% free, 53MB/69MB, paused 808us total 35.121ms
08-06 13:58:07.501  9672  9760 I art     : Starting a blocking GC Explicit
08-06 13:58:07.533  9672  9760 I art     : Explicit concurrent mark sweep GC freed 30(1216B) AllocSpace objects, 0(0B) LOS objects, 22% free, 53MB/69MB, paused 746us total 31.765ms
08-06 13:58:07.545  9672  9760 I art     : Starting a blocking GC Explicit
08-06 13:58:07.575 13350 13350 D AndroidRuntime: >>>>>> START com.android.internal.os.RuntimeInit uid 2000 <<<<<<
08-06 13:58:07.578  9672  9760 I art     : Explicit concurrent mark sweep GC freed 17(528B) AllocSpace objects, 0(0B) LOS objects, 22% free, 53MB/69MB, paused 805us total 32.430ms
08-06 13:58:07.581 13350 13350 D AndroidRuntime: CheckJNI is OFF
08-06 13:58:07.590  9672  9760 I art     : Starting a blocking GC Explicit
08-06 13:58:07.621  9672  9760 I art     : Explicit concurrent mark sweep GC freed 3(96B) AllocSpace objects, 0(0B) LOS objects, 22% free, 53MB/69MB, paused 722us total 30.715ms
08-06 13:58:07.626 13350 13350 D ICU     : No timezone override file found: /data/misc/zoneinfo/current/icu/icu_tzdata.dat
08-06 13:58:07.632  9672  9760 I art     : Starting a blocking GC Explicit
08-06 13:58:07.664  9672  9760 I art     : Explicit concurrent mark sweep GC freed 3(96B) AllocSpace objects, 0(0B) LOS objects, 22% free, 53MB/69MB, paused 746us total 31.583ms
08-06 13:58:07.670 13350 13350 I Radio-JNI: register_android_hardware_Radio DONE
08-06 13:58:07.700 13350 13350 D AndroidRuntime: Calling main entry com.android.commands.input.Input
08-06 13:58:07.702 13350 13350 I Input   : injectKeyEvent: KeyEvent { action=ACTION_DOWN, keyCode=KEYCODE_BACK, scanCode=0, metaState=0, flags=0x0, repeatCount=0, eventTime=885504115, downTime=885504115, deviceId=-1, source=0x101 }
08-06 13:58:07.710 13350 13350 I Input   : injectKeyEvent: KeyEvent { action=ACTION_UP, keyCode=KEYCODE_BACK, scanCode=0, metaState=0, flags=0x0, repeatCount=0, eventTime=885504115, downTime=885504115, deviceId=-1, source=0x101 }
08-06 13:58:07.717 13350 13350 D AndroidRuntime: Shutting down VM
08-06 13:58:07.762 13866 13866 I GoogleInputMethodServic: GoogleInputMethodService.onFinishInput():3138 
08-06 13:58:07.763 13866 13866 I GoogleInputMethodServic: GoogleInputMethodService.onStartInput():1808 
08-06 13:58:07.959  9672  9685 I art     : Starting a blocking GC Explicit
08-06 13:58:07.996  9672  9685 I art     : Explicit concurrent mark sweep GC freed 1528(86KB) AllocSpace objects, 1(20KB) LOS objects, 22% free, 53MB/69MB, paused 683us total 36.475ms
08-06 13:58:08.009  9672  9685 I art     : Starting a blocking GC Explicit
08-06 13:58:08.046  9672  9685 I art     : Explicit concurrent mark sweep GC freed 26(944B) AllocSpace objects, 0(0B) LOS objects, 22% free, 53MB/69MB, paused 691us total 36.551ms
08-06 13:58:08.060  9672  9685 I art     : Starting a blocking GC Explicit
08-06 13:58:08.082   380   380 W SurfaceFlinger: couldn't log to binary event log: overflow.
08-06 13:58:08.091  9672  9685 I art     : Explicit concurrent mark sweep GC freed 93(7KB) AllocSpace objects, 0(0B) LOS objects, 22% free, 53MB/69MB, paused 665us total 30.092ms
08-06 13:58:08.103  9672  9685 I art     : Starting a blocking GC Explicit
08-06 13:58:08.123   518   646 I ThermalEngine: ACTION: GPU - Setting GPU[0] to 510000000
08-06 13:58:08.131  9672  9685 I art     : Explicit concurrent mark sweep GC freed 22(944B) AllocSpace objects, 0(0B) LOS objects, 22% free, 53MB/69MB, paused 667us total 27.192ms
08-06 13:58:08.141  9672  9685 I art     : Starting a blocking GC Explicit
08-06 13:58:08.169  9672  9685 I art     : Explicit concurrent mark sweep GC freed 1653(108KB) AllocSpace objects, 3(180KB) LOS objects, 22% free, 53MB/69MB, paused 563us total 27.249ms
08-06 13:58:08.464  9672  9760 I art     : Starting a blocking GC Explicit
08-06 13:58:08.498  9672  9760 I art     : Explicit concurrent mark sweep GC freed 1347(78KB) AllocSpace objects, 1(20KB) LOS objects, 22% free, 53MB/69MB, paused 645us total 34.438ms
08-06 13:58:08.512  9672  9760 I art     : Starting a blocking GC Explicit
08-06 13:58:08.537  9672  9760 I art     : Explicit concurrent mark sweep GC freed 20(704B) AllocSpace objects, 0(0B) LOS objects, 22% free, 53MB/69MB, paused 604us total 24.545ms
08-06 13:58:08.546  9672  9760 I art     : Starting a blocking GC Explicit
08-06 13:58:08.571  9672  9760 I art     : Explicit concurrent mark sweep GC freed 3(96B) AllocSpace objects, 0(0B) LOS objects, 22% free, 53MB/69MB, paused 537us total 24.344ms
08-06 13:58:08.580  9672  9760 I art     : Starting a blocking GC Explicit
08-06 13:58:08.605  9672  9760 I art     : Explicit concurrent mark sweep GC freed 3(96B) AllocSpace objects, 0(0B) LOS objects, 22% free, 53MB/69MB, paused 522us total 24.739ms
08-06 13:58:08.615  9672  9760 I art     : Starting a blocking GC Explicit
08-06 13:58:08.640  9672  9760 I art     : Explicit concurrent mark sweep GC freed 3(96B) AllocSpace objects, 0(0B) LOS objects, 22% free, 53MB/69MB, paused 526us total 24.730ms
08-06 13:58:08.933  9672 10490 I art     : Starting a blocking GC Explicit
08-06 13:58:08.958  9672 10490 I art     : Explicit concurrent mark sweep GC freed 1347(78KB) AllocSpace objects, 1(20KB) LOS objects, 22% free, 53MB/69MB, paused 564us total 24.350ms
08-06 13:58:08.967  9672 10490 I art     : Starting a blocking GC Explicit
08-06 13:58:08.989  9672 10490 I art     : Explicit concurrent mark sweep GC freed 20(704B) AllocSpace objects, 0(0B) LOS objects, 22% free, 53MB/69MB, paused 506us total 21.256ms
08-06 13:58:08.997  9672 10490 I art     : Starting a blocking GC Explicit
08-06 13:58:09.020  9672 10490 I art     : Explicit concurrent mark sweep GC freed 3(96B) AllocSpace objects, 0(0B) LOS objects, 22% free, 53MB/69MB, paused 531us total 22.442ms
08-06 13:58:09.028  9672 10490 I art     : Starting a blocking GC Explicit
08-06 13:58:09.051  9672 10490 I art     : Explicit concurrent mark sweep GC freed 3(96B) AllocSpace objects, 0(0B) LOS objects, 22% free, 53MB/69MB, paused 542us total 22.604ms
08-06 13:58:09.060  9672 10490 I art     : Starting a blocking GC Explicit
08-06 13:58:09.083  9672 10490 I art     : Explicit concurrent mark sweep GC freed 3(96B) AllocSpace objects, 0(0B) LOS objects, 22% free, 53MB/69MB, paused 524us total 23.095ms
08-06 13:58:09.127   518   646 I ThermalEngine: ACTION: GPU - Setting GPU[0] to 450000000
08-06 13:58:09.377  9672  9919 I art     : Starting a blocking GC Explicit
08-06 13:58:09.413  9672  9919 I art     : Explicit concurrent mark sweep GC freed 1347(78KB) AllocSpace objects, 1(20KB) LOS objects, 22% free, 53MB/69MB, paused 800us total 35.627ms
08-06 13:58:09.428  9672  9919 I art     : Starting a blocking GC Explicit
08-06 13:58:09.450 13404 13404 D AndroidRuntime: >>>>>> START com.android.internal.os.RuntimeInit uid 2000 <<<<<<
08-06 13:58:09.456 13404 13404 D AndroidRuntime: CheckJNI is OFF
08-06 13:58:09.459  9672  9919 I art     : Explicit concurrent mark sweep GC freed 20(704B) AllocSpace objects, 0(0B) LOS objects, 22% free, 53MB/69MB, paused 811us total 31.164ms
08-06 13:58:09.471  9672  9919 I art     : Starting a blocking GC Explicit
08-06 13:58:09.500  9672  9919 I art     : Explicit concurrent mark sweep GC freed 3(96B) AllocSpace objects, 0(0B) LOS objects, 22% free, 53MB/69MB, paused 731us total 29.395ms
08-06 13:58:09.502 13404 13404 D ICU     : No timezone override file found: /data/misc/zoneinfo/current/icu/icu_tzdata.dat
08-06 13:58:09.512  9672  9919 I art     : Starting a blocking GC Explicit
08-06 13:58:09.541  9672  9919 I art     : Explicit concurrent mark sweep GC freed 3(96B) AllocSpace objects, 0(0B) LOS objects, 22% free, 53MB/69MB, paused 718us total 29.043ms
08-06 13:58:09.547 13404 13404 I Radio-JNI: register_android_hardware_Radio DONE
08-06 13:58:09.553  9672  9919 I art     : Starting a blocking GC Explicit
08-06 13:58:09.578 13404 13404 D AndroidRuntime: Calling main entry com.android.commands.input.Input
08-06 13:58:09.580 13404 13404 I Input   : injectMotionEvent: MotionEvent { action=ACTION_DOWN, actionButton=0, id[0]=0, x[0]=255.0, y[0]=1845.0, toolType[0]=TOOL_TYPE_UNKNOWN, buttonState=0, metaState=0, flags=0x0, edgeFlags=0x0, pointerCount=1, historySize=0, eventTime=885505993, downTime=885505993, deviceId=0, source=0x1002 }
08-06 13:58:09.584  9672  9919 I art     : Explicit concurrent mark sweep GC freed 3(96B) AllocSpace objects, 0(0B) LOS objects, 22% free, 53MB/69MB, paused 729us total 30.758ms
08-06 13:58:09.587 13404 13404 I Input   : injectMotionEvent: MotionEvent { action=ACTION_UP, actionButton=0, id[0]=0, x[0]=255.0, y[0]=1845.0, toolType[0]=TOOL_TYPE_UNKNOWN, buttonState=0, metaState=0, flags=0x0, edgeFlags=0x0, pointerCount=1, historySize=0, eventTime=885505993, downTime=885505993, deviceId=0, source=0x1002 }
08-06 13:58:09.589   918   928 I ActivityManager: START u0 {cmp=baseline.appteam.nith.hillffair/.activities.ClubActivity (has extras)} from uid 10697 on display 0
08-06 13:58:09.595 13404 13404 D AndroidRuntime: Shutting down VM
08-06 13:58:09.689  9672  9672 I NAPPA_EXPERIMENTATION: MetricNetworkRequestExecutionTime: REQUEST_DURATION_SYSTEM='62',REQUEST_DURATION_OKHTTP='32',REQUEST_SYNCHRONOUS='FALSE',RESPONSE_CODE='200',RESPONSE_METHOD='GET',RESPONSE_LENGTH_OKHTTP='1171',RESPONSE_LENGTH_HEADER='-2',REQUEST_PROTOCOL='http/1.1',REQUEST_URL='https://api-hillfair-2k16.herokuapp.com/api/app/club/Technical%20Committee',
08-06 13:58:09.697   918   936 I ActivityManager: Displayed baseline.appteam.nith.hillffair/.activities.ClubActivity: +101ms
08-06 13:58:09.701 13866 13866 I GoogleInputMethodServic: GoogleInputMethodService.onFinishInput():3138 
08-06 13:58:09.701 13866 13866 I GoogleInputMethodServic: GoogleInputMethodService.onStartInput():1808 
08-06 13:58:09.871  9672  9919 I art     : Starting a blocking GC Explicit
08-06 13:58:09.910  9672  9919 I art     : Explicit concurrent mark sweep GC freed 5761(416KB) AllocSpace objects, 1(20KB) LOS objects, 22% free, 53MB/69MB, paused 695us total 39.117ms
08-06 13:58:09.923  9672  9919 I art     : Starting a blocking GC Explicit
08-06 13:58:09.952   380   380 W SurfaceFlinger: couldn't log to binary event log: overflow.
08-06 13:58:09.959  9672  9919 I art     : Explicit concurrent mark sweep GC freed 278(12KB) AllocSpace objects, 0(0B) LOS objects, 22% free, 53MB/69MB, paused 664us total 35.562ms
08-06 13:58:09.972  9672  9919 I art     : Starting a blocking GC Explicit
08-06 13:58:09.999  9672  9919 I art     : Explicit concurrent mark sweep GC freed 3(96B) AllocSpace objects, 0(0B) LOS objects, 22% free, 53MB/69MB, paused 709us total 25.912ms
08-06 13:58:10.009  9672  9919 I art     : Starting a blocking GC Explicit
08-06 13:58:10.037  9672  9919 I art     : Explicit concurrent mark sweep GC freed 3(96B) AllocSpace objects, 0(0B) LOS objects, 22% free, 53MB/69MB, paused 730us total 27.643ms
08-06 13:58:10.049  9672  9919 I art     : Starting a blocking GC Explicit
08-06 13:58:10.078  9672  9919 I art     : Explicit concurrent mark sweep GC freed 3(96B) AllocSpace objects, 0(0B) LOS objects, 22% free, 53MB/69MB, paused 790us total 28.989ms
08-06 13:58:10.380  9672  9760 I art     : Starting a blocking GC Explicit
08-06 13:58:10.424  9672  9760 I art     : Explicit concurrent mark sweep GC freed 1447(84KB) AllocSpace objects, 1(20KB) LOS objects, 22% free, 53MB/69MB, paused 816us total 43.599ms
08-06 13:58:10.444  9672  9760 I art     : Starting a blocking GC Explicit
08-06 13:58:10.476  9672  9760 I art     : Explicit concurrent mark sweep GC freed 36(1264B) AllocSpace objects, 0(0B) LOS objects, 22% free, 53MB/69MB, paused 726us total 31.635ms
08-06 13:58:10.488  9672  9760 I art     : Starting a blocking GC Explicit
08-06 13:58:10.519  9672  9760 I art     : Explicit concurrent mark sweep GC freed 3(96B) AllocSpace objects, 0(0B) LOS objects, 22% free, 53MB/69MB, paused 699us total 31.664ms
08-06 13:58:10.531  9672  9760 I art     : Starting a blocking GC Explicit
08-06 13:58:10.563  9672  9760 I art     : Explicit concurrent mark sweep GC freed 3(96B) AllocSpace objects, 0(0B) LOS objects, 22% free, 53MB/69MB, paused 715us total 31.917ms
08-06 13:58:10.575  9672  9760 I art     : Starting a blocking GC Explicit
08-06 13:58:10.607  9672  9760 I art     : Explicit concurrent mark sweep GC freed 3(96B) AllocSpace objects, 0(0B) LOS objects, 22% free, 53MB/69MB, paused 727us total 31.126ms
08-06 13:58:10.921  9672  9919 I art     : Starting a blocking GC Explicit
08-06 13:58:10.962  9672  9919 I art     : Explicit concurrent mark sweep GC freed 1347(78KB) AllocSpace objects, 1(20KB) LOS objects, 22% free, 53MB/69MB, paused 804us total 40.859ms
08-06 13:58:10.979  9672  9919 I art     : Starting a blocking GC Explicit
08-06 13:58:11.016  9672  9919 I art     : Explicit concurrent mark sweep GC freed 20(704B) AllocSpace objects, 0(0B) LOS objects, 22% free, 53MB/69MB, paused 730us total 36.840ms
08-06 13:58:11.028  9672  9919 I art     : Starting a blocking GC Explicit
08-06 13:58:11.060  9672  9919 I art     : Explicit concurrent mark sweep GC freed 3(96B) AllocSpace objects, 0(0B) LOS objects, 22% free, 53MB/69MB, paused 721us total 31.497ms
08-06 13:58:11.072  9672  9919 I art     : Starting a blocking GC Explicit
08-06 13:58:11.104  9672  9919 I art     : Explicit concurrent mark sweep GC freed 3(96B) AllocSpace objects, 0(0B) LOS objects, 22% free, 53MB/69MB, paused 730us total 31.587ms
08-06 13:58:11.116  9672  9919 I art     : Starting a blocking GC Explicit
08-06 13:58:11.148  9672  9919 I art     : Explicit concurrent mark sweep GC freed 3(96B) AllocSpace objects, 0(0B) LOS objects, 22% free, 53MB/69MB, paused 751us total 31.824ms
08-06 13:58:11.489  9672  9684 I art     : Starting a blocking GC Explicit
08-06 13:58:11.533  9672  9684 I art     : Explicit concurrent mark sweep GC freed 1347(78KB) AllocSpace objects, 1(20KB) LOS objects, 22% free, 53MB/69MB, paused 785us total 42.954ms
08-06 13:58:11.547  9672  9684 I art     : Starting a blocking GC Explicit
08-06 13:58:11.582  9672  9684 I art     : Explicit concurrent mark sweep GC freed 20(704B) AllocSpace objects, 0(0B) LOS objects, 22% free, 53MB/69MB, paused 745us total 34.552ms
08-06 13:58:11.595  9672  9684 I art     : Starting a blocking GC Explicit
08-06 13:58:11.630  9672  9684 I art     : Explicit concurrent mark sweep GC freed 3(96B) AllocSpace objects, 0(0B) LOS objects, 22% free, 53MB/69MB, paused 752us total 35.092ms
08-06 13:58:11.642  9672  9684 I art     : Starting a blocking GC Explicit
08-06 13:58:11.677  9672  9684 I art     : Explicit concurrent mark sweep GC freed 3(96B) AllocSpace objects, 0(0B) LOS objects, 22% free, 53MB/69MB, paused 824us total 34.735ms
08-06 13:58:11.689  9672  9684 I art     : Starting a blocking GC Explicit
08-06 13:58:11.724  9672  9684 I art     : Explicit concurrent mark sweep GC freed 3(96B) AllocSpace objects, 0(0B) LOS objects, 22% free, 53MB/69MB, paused 745us total 34.642ms
08-06 13:58:12.069  9672  9685 I art     : Starting a blocking GC Explicit
08-06 13:58:12.113  9672  9685 I art     : Explicit concurrent mark sweep GC freed 1347(78KB) AllocSpace objects, 1(20KB) LOS objects, 22% free, 53MB/69MB, paused 817us total 43.555ms
08-06 13:58:12.130  9672  9685 I art     : Starting a blocking GC Explicit
08-06 13:58:12.163  9672  9685 I art     : Explicit concurrent mark sweep GC freed 20(704B) AllocSpace objects, 0(0B) LOS objects, 22% free, 53MB/69MB, paused 742us total 33.509ms
08-06 13:58:12.176  9672  9685 I art     : Starting a blocking GC Explicit
08-06 13:58:12.210  9672  9685 I art     : Explicit concurrent mark sweep GC freed 3(96B) AllocSpace objects, 0(0B) LOS objects, 22% free, 53MB/69MB, paused 724us total 34.227ms
08-06 13:58:12.222  9672  9685 I art     : Starting a blocking GC Explicit
08-06 13:58:12.256  9672  9685 I art     : Explicit concurrent mark sweep GC freed 3(96B) AllocSpace objects, 0(0B) LOS objects, 22% free, 53MB/69MB, paused 753us total 33.657ms
08-06 13:58:12.269  9672  9685 I art     : Starting a blocking GC Explicit
08-06 13:58:12.304  9672  9685 I art     : Explicit concurrent mark sweep GC freed 3(96B) AllocSpace objects, 0(0B) LOS objects, 22% free, 53MB/69MB, paused 709us total 34.979ms
08-06 13:58:12.660  9672 10490 I art     : Starting a blocking GC Explicit
08-06 13:58:12.706  9672 10490 I art     : Explicit concurrent mark sweep GC freed 1347(78KB) AllocSpace objects, 1(20KB) LOS objects, 22% free, 53MB/69MB, paused 755us total 45.143ms
08-06 13:58:12.720  9672 10490 I art     : Starting a blocking GC Explicit
08-06 13:58:12.754  9672 10490 I art     : Explicit concurrent mark sweep GC freed 20(704B) AllocSpace objects, 0(0B) LOS objects, 22% free, 53MB/69MB, paused 723us total 33.250ms
08-06 13:58:12.766  9672 10490 I art     : Starting a blocking GC Explicit
08-06 13:58:12.801  9672 10490 I art     : Explicit concurrent mark sweep GC freed 3(96B) AllocSpace objects, 0(0B) LOS objects, 22% free, 53MB/69MB, paused 730us total 34.719ms
08-06 13:58:12.813  9672 10490 I art     : Starting a blocking GC Explicit
08-06 13:58:12.847  9672 10490 I art     : Explicit concurrent mark sweep GC freed 3(96B) AllocSpace objects, 0(0B) LOS objects, 22% free, 53MB/69MB, paused 774us total 33.783ms
08-06 13:58:12.860  9672 10490 I art     : Starting a blocking GC Explicit
08-06 13:58:12.895  9672 10490 I art     : Explicit concurrent mark sweep GC freed 3(96B) AllocSpace objects, 0(0B) LOS objects, 22% free, 53MB/69MB, paused 718us total 34.578ms
08-06 13:58:13.087   918  1210 D NetlinkSocketObserver: NeighborEvent{elapsedMs=1868896962, 192.168.2.254, [7C3953A63323], RTM_NEWNEIGH, NUD_PROBE}
08-06 13:58:13.245  9672  9760 I art     : Starting a blocking GC Explicit
08-06 13:58:13.292  9672  9760 I art     : Explicit concurrent mark sweep GC freed 1347(78KB) AllocSpace objects, 1(20KB) LOS objects, 22% free, 53MB/69MB, paused 843us total 46.502ms
08-06 13:58:13.309  9672  9760 I art     : Starting a blocking GC Explicit
08-06 13:58:13.345  9672  9760 I art     : Explicit concurrent mark sweep GC freed 20(704B) AllocSpace objects, 0(0B) LOS objects, 22% free, 53MB/69MB, paused 695us total 35.089ms
08-06 13:58:13.357  9672  9760 I art     : Starting a blocking GC Explicit
08-06 13:58:13.391  9672  9760 I art     : Explicit concurrent mark sweep GC freed 3(96B) AllocSpace objects, 0(0B) LOS objects, 22% free, 53MB/69MB, paused 737us total 34.455ms
08-06 13:58:13.404  9672  9760 I art     : Starting a blocking GC Explicit
08-06 13:58:13.437  9672  9760 I art     : Explicit concurrent mark sweep GC freed 3(96B) AllocSpace objects, 0(0B) LOS objects, 22% free, 53MB/69MB, paused 852us total 33.550ms
08-06 13:58:13.450  9672  9760 I art     : Starting a blocking GC Explicit
08-06 13:58:13.484  9672  9760 I art     : Explicit concurrent mark sweep GC freed 3(96B) AllocSpace objects, 0(0B) LOS objects, 22% free, 53MB/69MB, paused 727us total 34.045ms
08-06 13:58:13.808  9672  9919 I art     : Starting a blocking GC Explicit
08-06 13:58:13.848  9672  9919 I art     : Explicit concurrent mark sweep GC freed 1347(78KB) AllocSpace objects, 1(20KB) LOS objects, 22% free, 53MB/69MB, paused 786us total 39.795ms
08-06 13:58:13.860  9672  9919 I art     : Starting a blocking GC Explicit
08-06 13:58:13.889  9672  9919 I art     : Explicit concurrent mark sweep GC freed 20(704B) AllocSpace objects, 0(0B) LOS objects, 22% free, 53MB/69MB, paused 671us total 29.046ms
08-06 13:58:13.900  9672  9919 I art     : Starting a blocking GC Explicit
08-06 13:58:13.930  9672  9919 I art     : Explicit concurrent mark sweep GC freed 3(96B) AllocSpace objects, 0(0B) LOS objects, 22% free, 53MB/69MB, paused 736us total 29.634ms
08-06 13:58:13.941  9672  9919 I art     : Starting a blocking GC Explicit
08-06 13:58:13.971  9672  9919 I art     : Explicit concurrent mark sweep GC freed 3(96B) AllocSpace objects, 0(0B) LOS objects, 22% free, 53MB/69MB, paused 727us total 29.587ms
08-06 13:58:13.983  9672  9919 I art     : Starting a blocking GC Explicit
08-06 13:58:14.015  9672  9919 I art     : Explicit concurrent mark sweep GC freed 3(96B) AllocSpace objects, 0(0B) LOS objects, 22% free, 53MB/69MB, paused 752us total 32.354ms
08-06 13:58:14.369  9672  9684 I art     : Starting a blocking GC Explicit
08-06 13:58:14.388 13521 13521 D AndroidRuntime: >>>>>> START com.android.internal.os.RuntimeInit uid 2000 <<<<<<
08-06 13:58:14.394 13521 13521 D AndroidRuntime: CheckJNI is OFF
08-06 13:58:14.405  9672  9684 I art     : Explicit concurrent mark sweep GC freed 1347(78KB) AllocSpace objects, 1(20KB) LOS objects, 22% free, 53MB/69MB, paused 737us total 34.924ms
08-06 13:58:14.417  9672  9684 I art     : Starting a blocking GC Explicit
08-06 13:58:14.440 13521 13521 D ICU     : No timezone override file found: /data/misc/zoneinfo/current/icu/icu_tzdata.dat
08-06 13:58:14.448  9672  9684 I art     : Explicit concurrent mark sweep GC freed 20(704B) AllocSpace objects, 0(0B) LOS objects, 22% free, 53MB/69MB, paused 811us total 31.243ms
08-06 13:58:14.460  9672  9684 I art     : Starting a blocking GC Explicit
08-06 13:58:14.488 13521 13521 I Radio-JNI: register_android_hardware_Radio DONE
08-06 13:58:14.491  9672  9684 I art     : Explicit concurrent mark sweep GC freed 3(96B) AllocSpace objects, 0(0B) LOS objects, 22% free, 53MB/69MB, paused 801us total 31.565ms
08-06 13:58:14.503  9672  9684 I art     : Starting a blocking GC Explicit
08-06 13:58:14.518 13521 13521 D AndroidRuntime: Calling main entry com.android.commands.input.Input
08-06 13:58:14.520 13521 13521 I Input   : injectKeyEvent: KeyEvent { action=ACTION_DOWN, keyCode=KEYCODE_BACK, scanCode=0, metaState=0, flags=0x0, repeatCount=0, eventTime=885510933, downTime=885510933, deviceId=-1, source=0x101 }
08-06 13:58:14.527 13521 13521 I Input   : injectKeyEvent: KeyEvent { action=ACTION_UP, keyCode=KEYCODE_BACK, scanCode=0, metaState=0, flags=0x0, repeatCount=0, eventTime=885510933, downTime=885510933, deviceId=-1, source=0x101 }
08-06 13:58:14.534  9672  9684 I art     : Explicit concurrent mark sweep GC freed 5(208B) AllocSpace objects, 0(0B) LOS objects, 22% free, 53MB/69MB, paused 773us total 30.411ms
08-06 13:58:14.534 13521 13521 D AndroidRuntime: Shutting down VM
08-06 13:58:14.545  9672  9684 I art     : Starting a blocking GC Explicit
08-06 13:58:14.571  9672  9684 I art     : Explicit concurrent mark sweep GC freed 146(6KB) AllocSpace objects, 0(0B) LOS objects, 22% free, 53MB/69MB, paused 679us total 25.709ms
08-06 13:58:14.578 13866 13866 I GoogleInputMethodServic: GoogleInputMethodService.onFinishInput():3138 
08-06 13:58:14.578 13866 13866 I GoogleInputMethodServic: GoogleInputMethodService.onStartInput():1808 
08-06 13:58:14.868  9672  9684 I art     : Starting a blocking GC Explicit
08-06 13:58:14.889   380   380 W SurfaceFlinger: couldn't log to binary event log: overflow.
08-06 13:58:14.901  9672  9684 I art     : Explicit concurrent mark sweep GC freed 1475(87KB) AllocSpace objects, 1(20KB) LOS objects, 22% free, 53MB/69MB, paused 680us total 32.177ms
08-06 13:58:14.913  9672  9684 I art     : Starting a blocking GC Explicit
08-06 13:58:14.943  9672  9684 I art     : Explicit concurrent mark sweep GC freed 44(1760B) AllocSpace objects, 0(0B) LOS objects, 22% free, 53MB/69MB, paused 710us total 29.809ms
08-06 13:58:14.943  9672  9683 I art     : WaitForGcToComplete blocked for 30.080ms for cause HeapTrim
08-06 13:58:14.954  9672  9684 I art     : Starting a blocking GC Explicit
08-06 13:58:14.983  9672  9684 I art     : Explicit concurrent mark sweep GC freed 1654(108KB) AllocSpace objects, 3(180KB) LOS objects, 22% free, 53MB/69MB, paused 700us total 28.894ms
08-06 13:58:14.995  9672  9684 I art     : Starting a blocking GC Explicit
08-06 13:58:15.026  9672  9684 I art     : Explicit concurrent mark sweep GC freed 3(96B) AllocSpace objects, 0(0B) LOS objects, 22% free, 53MB/69MB, paused 679us total 30.466ms
08-06 13:58:15.038  9672  9684 I art     : Starting a blocking GC Explicit
08-06 13:58:15.069  9672  9684 I art     : Explicit concurrent mark sweep GC freed 3(96B) AllocSpace objects, 0(0B) LOS objects, 22% free, 53MB/69MB, paused 735us total 30.495ms
08-06 13:58:15.136   518   646 I ThermalEngine: ACTION: GPU - Setting GPU[0] to 510000000
08-06 13:58:15.366  9672  9685 I art     : Starting a blocking GC Explicit
08-06 13:58:15.397  9672  9685 I art     : Explicit concurrent mark sweep GC freed 1347(78KB) AllocSpace objects, 1(20KB) LOS objects, 22% free, 53MB/69MB, paused 567us total 30.835ms
08-06 13:58:15.408  9672  9685 I art     : Starting a blocking GC Explicit
08-06 13:58:15.433  9672  9685 I art     : Explicit concurrent mark sweep GC freed 20(704B) AllocSpace objects, 0(0B) LOS objects, 22% free, 53MB/69MB, paused 591us total 24.797ms
08-06 13:58:15.442  9672  9685 I art     : Starting a blocking GC Explicit
08-06 13:58:15.450  5524  5524 I ServiceManager: Waiting for service AtCmdFwd...
08-06 13:58:15.468  9672  9685 I art     : Explicit concurrent mark sweep GC freed 3(96B) AllocSpace objects, 0(0B) LOS objects, 22% free, 53MB/69MB, paused 582us total 25.157ms
08-06 13:58:15.477  9672  9685 I art     : Starting a blocking GC Explicit
08-06 13:58:15.502  9672  9685 I art     : Explicit concurrent mark sweep GC freed 3(96B) AllocSpace objects, 0(0B) LOS objects, 22% free, 53MB/69MB, paused 534us total 24.422ms
08-06 13:58:15.511  9672  9685 I art     : Starting a blocking GC Explicit
08-06 13:58:15.537  9672  9685 I art     : Explicit concurrent mark sweep GC freed 3(96B) AllocSpace objects, 0(0B) LOS objects, 22% free, 53MB/69MB, paused 532us total 25.392ms
08-06 13:58:15.831  9672  9760 I art     : Starting a blocking GC Explicit
08-06 13:58:15.856  9672  9760 I art     : Explicit concurrent mark sweep GC freed 1347(78KB) AllocSpace objects, 1(20KB) LOS objects, 22% free, 53MB/69MB, paused 636us total 24.901ms
08-06 13:58:15.866  9672  9760 I art     : Starting a blocking GC Explicit
08-06 13:58:15.890  9672  9760 I art     : Explicit concurrent mark sweep GC freed 20(704B) AllocSpace objects, 0(0B) LOS objects, 22% free, 53MB/69MB, paused 581us total 23.651ms
08-06 13:58:15.899  9672  9760 I art     : Starting a blocking GC Explicit
08-06 13:58:15.922  9672  9760 I art     : Explicit concurrent mark sweep GC freed 3(96B) AllocSpace objects, 0(0B) LOS objects, 22% free, 53MB/69MB, paused 557us total 23.192ms
08-06 13:58:15.931  9672  9760 I art     : Starting a blocking GC Explicit
08-06 13:58:15.954  9672  9760 I art     : Explicit concurrent mark sweep GC freed 3(96B) AllocSpace objects, 0(0B) LOS objects, 22% free, 53MB/69MB, paused 537us total 22.959ms
08-06 13:58:15.963  9672  9760 I art     : Starting a blocking GC Explicit
08-06 13:58:15.986  9672  9760 I art     : Explicit concurrent mark sweep GC freed 3(96B) AllocSpace objects, 0(0B) LOS objects, 22% free, 53MB/69MB, paused 538us total 23.303ms
08-06 13:58:16.195 13576 13576 D AndroidRuntime: >>>>>> START com.android.internal.os.RuntimeInit uid 2000 <<<<<<
08-06 13:58:16.200 13576 13576 D AndroidRuntime: CheckJNI is OFF
08-06 13:58:16.232 13576 13576 D ICU     : No timezone override file found: /data/misc/zoneinfo/current/icu/icu_tzdata.dat
08-06 13:58:16.265 13576 13576 I Radio-JNI: register_android_hardware_Radio DONE
08-06 13:58:16.274  9672 10490 I art     : Starting a blocking GC Explicit
08-06 13:58:16.287 13576 13576 D AndroidRuntime: Calling main entry com.android.commands.input.Input
08-06 13:58:16.289 13576 13576 I Input   : injectMotionEvent: MotionEvent { action=ACTION_DOWN, actionButton=0, id[0]=0, x[0]=369.0, y[0]=554.0, toolType[0]=TOOL_TYPE_UNKNOWN, buttonState=0, metaState=0, flags=0x0, edgeFlags=0x0, pointerCount=1, historySize=0, eventTime=885512702, downTime=885512702, deviceId=0, source=0x1002 }
08-06 13:58:16.293 13576 13576 I Input   : injectMotionEvent: MotionEvent { action=ACTION_UP, actionButton=0, id[0]=0, x[0]=369.0, y[0]=554.0, toolType[0]=TOOL_TYPE_UNKNOWN, buttonState=0, metaState=0, flags=0x0, edgeFlags=0x0, pointerCount=1, historySize=0, eventTime=885512702, downTime=885512702, deviceId=0, source=0x1002 }
08-06 13:58:16.295   918  4400 I ActivityManager: START u0 {cmp=baseline.appteam.nith.hillffair/.activities.ClubActivity (has extras)} from uid 10697 on display 0
08-06 13:58:16.299  9672 10490 I art     : Explicit concurrent mark sweep GC freed 1347(78KB) AllocSpace objects, 1(20KB) LOS objects, 22% free, 53MB/69MB, paused 681us total 24.216ms
08-06 13:58:16.302 13576 13576 D AndroidRuntime: Shutting down VM
08-06 13:58:16.308  9672 10490 I art     : Starting a blocking GC Explicit
08-06 13:58:16.334  9672 10490 I art     : Explicit concurrent mark sweep GC freed 3051(180KB) AllocSpace objects, 0(0B) LOS objects, 22% free, 53MB/69MB, paused 1.019ms total 25.880ms
08-06 13:58:16.344  9672 10490 I art     : Starting a blocking GC Explicit
08-06 13:58:16.367  9672 10490 I art     : Explicit concurrent mark sweep GC freed 839(111KB) AllocSpace objects, 0(0B) LOS objects, 22% free, 53MB/69MB, paused 536us total 22.284ms
08-06 13:58:16.375  9672 10490 I art     : Starting a blocking GC Explicit
08-06 13:58:16.380  9672  9672 I NAPPA_EXPERIMENTATION: MetricNetworkRequestExecutionTime: REQUEST_DURATION_SYSTEM='51',REQUEST_DURATION_OKHTTP='36',REQUEST_SYNCHRONOUS='FALSE',RESPONSE_CODE='200',RESPONSE_METHOD='GET',RESPONSE_LENGTH_OKHTTP='979',RESPONSE_LENGTH_HEADER='-2',REQUEST_PROTOCOL='http/1.1',REQUEST_URL='https://api-hillfair-2k16.herokuapp.com/api/app/club/PR%20Club',
08-06 13:58:16.397  9672 10490 I art     : Explicit concurrent mark sweep GC freed 630(48KB) AllocSpace objects, 0(0B) LOS objects, 22% free, 53MB/69MB, paused 665us total 21.662ms
08-06 13:58:16.401   918   936 I ActivityManager: Displayed baseline.appteam.nith.hillffair/.activities.ClubActivity: +98ms
08-06 13:58:16.402 13866 13866 I GoogleInputMethodServic: GoogleInputMethodService.onFinishInput():3138 
08-06 13:58:16.402 13866 13866 I GoogleInputMethodServic: GoogleInputMethodService.onStartInput():1808 
08-06 13:58:16.405  9672 10490 I art     : Starting a blocking GC Explicit
08-06 13:58:16.430  9672 10490 I art     : Explicit concurrent mark sweep GC freed 86(3KB) AllocSpace objects, 0(0B) LOS objects, 22% free, 53MB/69MB, paused 517us total 24.408ms
08-06 13:58:16.450  5524  5524 I ServiceManager: Waiting for service AtCmdFwd...
08-06 13:58:16.691   380   380 W SurfaceFlinger: couldn't log to binary event log: overflow.
08-06 13:58:16.725  9672  9919 I art     : Starting a blocking GC Explicit
08-06 13:58:16.747  9672  9919 I art     : Explicit concurrent mark sweep GC freed 1354(78KB) AllocSpace objects, 1(20KB) LOS objects, 22% free, 53MB/69MB, paused 492us total 21.666ms
08-06 13:58:16.755  9672  9919 I art     : Starting a blocking GC Explicit
08-06 13:58:16.778  9672  9919 I art     : Explicit concurrent mark sweep GC freed 20(704B) AllocSpace objects, 0(0B) LOS objects, 22% free, 53MB/69MB, paused 878us total 23.417ms
08-06 13:58:16.788  9672  9919 I art     : Starting a blocking GC Explicit
08-06 13:58:16.817  9672  9919 I art     : Explicit concurrent mark sweep GC freed 102(5KB) AllocSpace objects, 0(0B) LOS objects, 22% free, 53MB/69MB, paused 725us total 28.959ms
08-06 13:58:16.826  9672  9919 I art     : Starting a blocking GC Explicit
08-06 13:58:16.848  9672  9919 I art     : Explicit concurrent mark sweep GC freed 4(128B) AllocSpace objects, 0(0B) LOS objects, 22% free, 53MB/69MB, paused 502us total 22.378ms
08-06 13:58:16.857  9672  9919 I art     : Starting a blocking GC Explicit
08-06 13:58:16.881  9672  9919 I art     : Explicit concurrent mark sweep GC freed 19(656B) AllocSpace objects, 0(0B) LOS objects, 22% free, 53MB/69MB, paused 544us total 23.401ms
08-06 13:58:17.142   518   646 I ThermalEngine: ACTION: GPU - Setting GPU[0] to 450000000
08-06 13:58:17.185  9672 10490 I art     : Starting a blocking GC Explicit
08-06 13:58:17.224  9672 10490 I art     : Explicit concurrent mark sweep GC freed 1347(78KB) AllocSpace objects, 1(20KB) LOS objects, 22% free, 53MB/69MB, paused 804us total 38.203ms
08-06 13:58:17.241  9672 10490 I art     : Starting a blocking GC Explicit
08-06 13:58:17.271  9672 10490 I art     : Explicit concurrent mark sweep GC freed 20(704B) AllocSpace objects, 0(0B) LOS objects, 22% free, 53MB/69MB, paused 673us total 30.442ms
08-06 13:58:17.283  9672 10490 I art     : Starting a blocking GC Explicit
08-06 13:58:17.314  9672 10490 I art     : Explicit concurrent mark sweep GC freed 3(96B) AllocSpace objects, 0(0B) LOS objects, 22% free, 53MB/69MB, paused 710us total 30.862ms
08-06 13:58:17.326  9672 10490 I art     : Starting a blocking GC Explicit
08-06 13:58:17.358  9672 10490 I art     : Explicit concurrent mark sweep GC freed 3(96B) AllocSpace objects, 0(0B) LOS objects, 22% free, 53MB/69MB, paused 750us total 31.921ms
08-06 13:58:17.370  9672 10490 I art     : Starting a blocking GC Explicit
08-06 13:58:17.402  9672 10490 I art     : Explicit concurrent mark sweep GC freed 3(96B) AllocSpace objects, 0(0B) LOS objects, 22% free, 53MB/69MB, paused 717us total 31.550ms
08-06 13:58:17.451  5524  5524 I ServiceManager: Waiting for service AtCmdFwd...
08-06 13:58:17.719  9672  9760 I art     : Starting a blocking GC Explicit
08-06 13:58:17.763  9672  9760 I art     : Explicit concurrent mark sweep GC freed 1347(78KB) AllocSpace objects, 1(20KB) LOS objects, 22% free, 53MB/69MB, paused 836us total 43.527ms
08-06 13:58:17.779  9672  9760 I art     : Starting a blocking GC Explicit
08-06 13:58:17.810  9672  9760 I art     : Explicit concurrent mark sweep GC freed 20(704B) AllocSpace objects, 0(0B) LOS objects, 22% free, 53MB/69MB, paused 737us total 30.833ms
08-06 13:58:17.822  9672  9760 I art     : Starting a blocking GC Explicit
08-06 13:58:17.854  9672  9760 I art     : Explicit concurrent mark sweep GC freed 3(96B) AllocSpace objects, 0(0B) LOS objects, 22% free, 53MB/69MB, paused 738us total 31.570ms
08-06 13:58:17.866  9672  9760 I art     : Starting a blocking GC Explicit
08-06 13:58:17.898  9672  9760 I art     : Explicit concurrent mark sweep GC freed 3(96B) AllocSpace objects, 0(0B) LOS objects, 22% free, 53MB/69MB, paused 722us total 31.839ms
08-06 13:58:17.909  9672  9760 I art     : Starting a blocking GC Explicit
08-06 13:58:17.941  9672  9760 I art     : Explicit concurrent mark sweep GC freed 3(96B) AllocSpace objects, 0(0B) LOS objects, 22% free, 53MB/69MB, paused 724us total 31.678ms
08-06 13:58:18.281  9672  9685 I art     : Starting a blocking GC Explicit
08-06 13:58:18.327  9672  9685 I art     : Explicit concurrent mark sweep GC freed 1347(78KB) AllocSpace objects, 1(20KB) LOS objects, 22% free, 53MB/69MB, paused 780us total 44.718ms
08-06 13:58:18.341  9672  9685 I art     : Starting a blocking GC Explicit
08-06 13:58:18.374  9672  9685 I art     : Explicit concurrent mark sweep GC freed 20(704B) AllocSpace objects, 0(0B) LOS objects, 22% free, 53MB/69MB, paused 768us total 33.280ms
08-06 13:58:18.387  9672  9685 I art     : Starting a blocking GC Explicit
08-06 13:58:18.420  9672  9685 I art     : Explicit concurrent mark sweep GC freed 3(96B) AllocSpace objects, 0(0B) LOS objects, 22% free, 53MB/69MB, paused 754us total 33.454ms
08-06 13:58:18.433  9672  9685 I art     : Starting a blocking GC Explicit
08-06 13:58:18.452  5524  5524 I ServiceManager: Waiting for service AtCmdFwd...
08-06 13:58:18.467  9672  9685 I art     : Explicit concurrent mark sweep GC freed 3(96B) AllocSpace objects, 0(0B) LOS objects, 22% free, 53MB/69MB, paused 870us total 34.277ms
08-06 13:58:18.479  9672  9685 I art     : Starting a blocking GC Explicit
08-06 13:58:18.512  9672  9685 I art     : Explicit concurrent mark sweep GC freed 3(96B) AllocSpace objects, 0(0B) LOS objects, 22% free, 53MB/69MB, paused 738us total 32.079ms
08-06 13:58:18.849  9672  9684 I art     : Starting a blocking GC Explicit
08-06 13:58:18.894  9672  9684 I art     : Explicit concurrent mark sweep GC freed 1347(78KB) AllocSpace objects, 1(20KB) LOS objects, 22% free, 53MB/69MB, paused 778us total 44.364ms
08-06 13:58:18.910  9672  9684 I art     : Starting a blocking GC Explicit
08-06 13:58:18.947  9672  9684 I art     : Explicit concurrent mark sweep GC freed 20(704B) AllocSpace objects, 0(0B) LOS objects, 22% free, 53MB/69MB, paused 738us total 36.913ms
08-06 13:58:18.959  9672  9684 I art     : Starting a blocking GC Explicit
08-06 13:58:18.990  9672  9684 I art     : Explicit concurrent mark sweep GC freed 3(96B) AllocSpace objects, 0(0B) LOS objects, 22% free, 53MB/69MB, paused 700us total 31.255ms
08-06 13:58:19.002  9672  9684 I art     : Starting a blocking GC Explicit
08-06 13:58:19.037  9672  9684 I art     : Explicit concurrent mark sweep GC freed 3(96B) AllocSpace objects, 0(0B) LOS objects, 22% free, 53MB/69MB, paused 829us total 34.407ms
08-06 13:58:19.049  9672  9684 I art     : Starting a blocking GC Explicit
08-06 13:58:19.084  9672  9684 I art     : Explicit concurrent mark sweep GC freed 3(96B) AllocSpace objects, 0(0B) LOS objects, 22% free, 53MB/69MB, paused 754us total 34.598ms
08-06 13:58:19.452  5524  5524 I ServiceManager: Waiting for service AtCmdFwd...
08-06 13:58:19.464  9672  9919 I art     : Starting a blocking GC Explicit
08-06 13:58:19.502  9672  9919 I art     : Explicit concurrent mark sweep GC freed 1347(78KB) AllocSpace objects, 1(20KB) LOS objects, 22% free, 53MB/69MB, paused 686us total 37.506ms
08-06 13:58:19.514  9672  9919 I art     : Starting a blocking GC Explicit
08-06 13:58:19.545  9672  9919 I art     : Explicit concurrent mark sweep GC freed 20(704B) AllocSpace objects, 0(0B) LOS objects, 22% free, 53MB/69MB, paused 724us total 31.518ms
08-06 13:58:19.557  9672  9919 I art     : Starting a blocking GC Explicit
08-06 13:58:19.591  9672  9919 I art     : Explicit concurrent mark sweep GC freed 3(96B) AllocSpace objects, 0(0B) LOS objects, 22% free, 53MB/69MB, paused 742us total 33.228ms
08-06 13:58:19.603  9672  9919 I art     : Starting a blocking GC Explicit
08-06 13:58:19.636  9672  9919 I art     : Explicit concurrent mark sweep GC freed 3(96B) AllocSpace objects, 0(0B) LOS objects, 22% free, 53MB/69MB, paused 761us total 32.866ms
08-06 13:58:19.648  9672  9919 I art     : Starting a blocking GC Explicit
08-06 13:58:19.683  9672  9919 I art     : Explicit concurrent mark sweep GC freed 3(96B) AllocSpace objects, 0(0B) LOS objects, 22% free, 53MB/69MB, paused 763us total 34.269ms
08-06 13:58:20.008  9672 10490 I art     : Starting a blocking GC Explicit
08-06 13:58:20.047  9672 10490 I art     : Explicit concurrent mark sweep GC freed 1347(78KB) AllocSpace objects, 1(20KB) LOS objects, 22% free, 53MB/69MB, paused 773us total 38.674ms
08-06 13:58:20.062  9672 10490 I art     : Starting a blocking GC Explicit
08-06 13:58:20.097  9672 10490 I art     : Explicit concurrent mark sweep GC freed 20(704B) AllocSpace objects, 0(0B) LOS objects, 22% free, 53MB/69MB, paused 782us total 35.361ms
08-06 13:58:20.109  9672 10490 I art     : Starting a blocking GC Explicit
08-06 13:58:20.144  9672 10490 I art     : Explicit concurrent mark sweep GC freed 3(96B) AllocSpace objects, 0(0B) LOS objects, 22% free, 53MB/69MB, paused 750us total 34.577ms
08-06 13:58:20.157  9672 10490 I art     : Starting a blocking GC Explicit
08-06 13:58:20.191  9672 10490 I art     : Explicit concurrent mark sweep GC freed 3(96B) AllocSpace objects, 0(0B) LOS objects, 22% free, 53MB/69MB, paused 760us total 34.387ms
08-06 13:58:20.203  9672 10490 I art     : Starting a blocking GC Explicit
08-06 13:58:20.237  9672 10490 I art     : Explicit concurrent mark sweep GC freed 3(96B) AllocSpace objects, 0(0B) LOS objects, 22% free, 53MB/69MB, paused 746us total 32.998ms
08-06 13:58:20.453  5524  5524 W Atfwd_Sendcmd: AtCmdFwd service not published, waiting... retryCnt : 3
08-06 13:58:20.569  9672  9760 I art     : Starting a blocking GC Explicit
08-06 13:58:20.600  9672  9760 I art     : Explicit concurrent mark sweep GC freed 1368(79KB) AllocSpace objects, 1(20KB) LOS objects, 22% free, 53MB/69MB, paused 891us total 30.628ms
08-06 13:58:20.612  9672  9760 I art     : Starting a blocking GC Explicit
08-06 13:58:20.641  9672  9760 I art     : Explicit concurrent mark sweep GC freed 36(1216B) AllocSpace objects, 0(0B) LOS objects, 22% free, 53MB/69MB, paused 732us total 29.650ms
08-06 13:58:20.653  9672  9760 I art     : Starting a blocking GC Explicit
08-06 13:58:20.683  9672  9760 I art     : Explicit concurrent mark sweep GC freed 3(96B) AllocSpace objects, 0(0B) LOS objects, 22% free, 53MB/69MB, paused 763us total 30.078ms
08-06 13:58:20.695  9672  9760 I art     : Starting a blocking GC Explicit
08-06 13:58:20.727  9672  9760 I art     : Explicit concurrent mark sweep GC freed 3(96B) AllocSpace objects, 0(0B) LOS objects, 22% free, 53MB/69MB, paused 734us total 31.473ms
08-06 13:58:20.739  9672  9760 I art     : Starting a blocking GC Explicit
08-06 13:58:20.772  9672  9760 I art     : Explicit concurrent mark sweep GC freed 3(96B) AllocSpace objects, 0(0B) LOS objects, 22% free, 53MB/69MB, paused 765us total 32.511ms
08-06 13:58:21.073 13681 13681 D AndroidRuntime: >>>>>> START com.android.internal.os.RuntimeInit uid 2000 <<<<<<
08-06 13:58:21.079 13681 13681 D AndroidRuntime: CheckJNI is OFF
08-06 13:58:21.096  9672  9685 I art     : Starting a blocking GC Explicit
08-06 13:58:21.127 13681 13681 D ICU     : No timezone override file found: /data/misc/zoneinfo/current/icu/icu_tzdata.dat
08-06 13:58:21.128  9672  9685 I art     : Explicit concurrent mark sweep GC freed 1347(78KB) AllocSpace objects, 1(20KB) LOS objects, 22% free, 53MB/69MB, paused 873us total 31.903ms
08-06 13:58:21.140  9672  9685 I art     : Starting a blocking GC Explicit
08-06 13:58:21.171  9672  9685 I art     : Explicit concurrent mark sweep GC freed 20(704B) AllocSpace objects, 0(0B) LOS objects, 22% free, 53MB/69MB, paused 797us total 30.772ms
08-06 13:58:21.173 13681 13681 I Radio-JNI: register_android_hardware_Radio DONE
08-06 13:58:21.183  9672  9685 I art     : Starting a blocking GC Explicit
08-06 13:58:21.204 13681 13681 D AndroidRuntime: Calling main entry com.android.commands.input.Input
08-06 13:58:21.206 13681 13681 I Input   : injectKeyEvent: KeyEvent { action=ACTION_DOWN, keyCode=KEYCODE_BACK, scanCode=0, metaState=0, flags=0x0, repeatCount=0, eventTime=885517618, downTime=885517618, deviceId=-1, source=0x101 }
08-06 13:58:21.212 13681 13681 I Input   : injectKeyEvent: KeyEvent { action=ACTION_UP, keyCode=KEYCODE_BACK, scanCode=0, metaState=0, flags=0x0, repeatCount=0, eventTime=885517618, downTime=885517618, deviceId=-1, source=0x101 }
08-06 13:58:21.214  9672  9685 I art     : Explicit concurrent mark sweep GC freed 5(208B) AllocSpace objects, 0(0B) LOS objects, 22% free, 53MB/69MB, paused 920us total 31.417ms
08-06 13:58:21.217 13681 13681 D AndroidRuntime: Shutting down VM
08-06 13:58:21.226  9672  9685 I art     : Starting a blocking GC Explicit
08-06 13:58:21.254  9672  9685 I art     : Explicit concurrent mark sweep GC freed 146(6KB) AllocSpace objects, 0(0B) LOS objects, 22% free, 53MB/69MB, paused 672us total 27.323ms
08-06 13:58:21.259 13866 13866 I GoogleInputMethodServic: GoogleInputMethodService.onFinishInput():3138 
08-06 13:58:21.260 13866 13866 I GoogleInputMethodServic: GoogleInputMethodService.onStartInput():1808 
08-06 13:58:21.265  9672  9685 I art     : Starting a blocking GC Explicit
08-06 13:58:21.293  9672  9685 I art     : Explicit concurrent mark sweep GC freed 39(1408B) AllocSpace objects, 0(0B) LOS objects, 22% free, 53MB/69MB, paused 683us total 28.083ms
08-06 13:58:21.579   380   380 W SurfaceFlinger: couldn't log to binary event log: overflow.
08-06 13:58:21.579  9672  9685 I art     : Starting a blocking GC Explicit
08-06 13:58:21.608  9672  9685 I art     : Explicit concurrent mark sweep GC freed 1459(87KB) AllocSpace objects, 1(20KB) LOS objects, 22% free, 53MB/69MB, paused 721us total 28.671ms
08-06 13:58:21.620  9672  9685 I art     : Starting a blocking GC Explicit
08-06 13:58:21.649  9672  9685 I art     : Explicit concurrent mark sweep GC freed 134(6KB) AllocSpace objects, 0(0B) LOS objects, 22% free, 53MB/69MB, paused 714us total 29.455ms
08-06 13:58:21.661  9672  9685 I art     : Starting a blocking GC Explicit
08-06 13:58:21.690  9672  9685 I art     : Explicit concurrent mark sweep GC freed 1442(96KB) AllocSpace objects, 2(72KB) LOS objects, 22% free, 53MB/69MB, paused 719us total 29.375ms
08-06 13:58:21.702  9672  9685 I art     : Starting a blocking GC Explicit
08-06 13:58:21.733  9672  9685 I art     : Explicit concurrent mark sweep GC freed 3(96B) AllocSpace objects, 0(0B) LOS objects, 22% free, 53MB/69MB, paused 712us total 30.317ms
08-06 13:58:21.744  9672  9685 I art     : Starting a blocking GC Explicit
08-06 13:58:21.775  9672  9685 I art     : Explicit concurrent mark sweep GC freed 3(96B) AllocSpace objects, 0(0B) LOS objects, 22% free, 53MB/69MB, paused 717us total 30.870ms
08-06 13:58:22.085  9672  9919 I art     : Starting a blocking GC Explicit
08-06 13:58:22.123  9672  9919 I art     : Explicit concurrent mark sweep GC freed 1347(78KB) AllocSpace objects, 1(20KB) LOS objects, 22% free, 53MB/69MB, paused 768us total 37.525ms
08-06 13:58:22.137  9672  9919 I art     : Starting a blocking GC Explicit
08-06 13:58:22.168  9672  9919 I art     : Explicit concurrent mark sweep GC freed 20(704B) AllocSpace objects, 0(0B) LOS objects, 22% free, 53MB/69MB, paused 751us total 30.651ms
08-06 13:58:22.180  9672  9919 I art     : Starting a blocking GC Explicit
08-06 13:58:22.210  9672  9919 I art     : Explicit concurrent mark sweep GC freed 3(96B) AllocSpace objects, 0(0B) LOS objects, 22% free, 53MB/69MB, paused 729us total 30.136ms
08-06 13:58:22.222  9672  9919 I art     : Starting a blocking GC Explicit
08-06 13:58:22.232   918  3261 D WifiStateMachine: starting scan for "H369AA63323"WPA_PSK with 2412,5180
08-06 13:58:22.251  9672  9919 I art     : Explicit concurrent mark sweep GC freed 3(96B) AllocSpace objects, 0(0B) LOS objects, 22% free, 53MB/69MB, paused 703us total 29.334ms
08-06 13:58:22.263  9672  9919 I art     : Starting a blocking GC Explicit
08-06 13:58:22.293  9672  9919 I art     : Explicit concurrent mark sweep GC freed 3(96B) AllocSpace objects, 0(0B) LOS objects, 22% free, 53MB/69MB, paused 678us total 29.947ms
08-06 13:58:22.591  9672  9684 I art     : Starting a blocking GC Explicit
08-06 13:58:22.626  9672  9684 I art     : Explicit concurrent mark sweep GC freed 1347(78KB) AllocSpace objects, 1(20KB) LOS objects, 22% free, 53MB/69MB, paused 717us total 34.887ms
08-06 13:58:22.638  9672  9684 I art     : Starting a blocking GC Explicit
08-06 13:58:22.668  9672  9684 I art     : Explicit concurrent mark sweep GC freed 20(704B) AllocSpace objects, 0(0B) LOS objects, 22% free, 53MB/69MB, paused 731us total 29.927ms
08-06 13:58:22.679  9672  9684 I art     : Starting a blocking GC Explicit
08-06 13:58:22.709  9672  9684 I art     : Explicit concurrent mark sweep GC freed 3(96B) AllocSpace objects, 0(0B) LOS objects, 22% free, 53MB/69MB, paused 747us total 29.070ms
08-06 13:58:22.720  9672  9684 I art     : Starting a blocking GC Explicit
08-06 13:58:22.750  9672  9684 I art     : Explicit concurrent mark sweep GC freed 3(96B) AllocSpace objects, 0(0B) LOS objects, 22% free, 53MB/69MB, paused 711us total 29.858ms
08-06 13:58:22.762  9672  9684 I art     : Starting a blocking GC Explicit
08-06 13:58:22.792  9672  9684 I art     : Explicit concurrent mark sweep GC freed 3(96B) AllocSpace objects, 0(0B) LOS objects, 22% free, 53MB/69MB, paused 733us total 29.635ms
08-06 13:58:23.014 13726 13726 D AndroidRuntime: >>>>>> START com.android.internal.os.RuntimeInit uid 2000 <<<<<<
08-06 13:58:23.020 13726 13726 D AndroidRuntime: CheckJNI is OFF
08-06 13:58:23.062 13726 13726 D ICU     : No timezone override file found: /data/misc/zoneinfo/current/icu/icu_tzdata.dat
08-06 13:58:23.104 13726 13726 I Radio-JNI: register_android_hardware_Radio DONE
08-06 13:58:23.110  9672 10490 I art     : Starting a blocking GC Explicit
08-06 13:58:23.134 13726 13726 D AndroidRuntime: Calling main entry com.android.commands.input.Input
08-06 13:58:23.136 13726 13726 I Input   : injectKeyEvent: KeyEvent { action=ACTION_DOWN, keyCode=KEYCODE_BACK, scanCode=0, metaState=0, flags=0x0, repeatCount=0, eventTime=885519549, downTime=885519549, deviceId=-1, source=0x101 }
08-06 13:58:23.140  9672 10490 I art     : Explicit concurrent mark sweep GC freed 1347(78KB) AllocSpace objects, 1(20KB) LOS objects, 22% free, 53MB/69MB, paused 694us total 29.718ms
08-06 13:58:23.142 13726 13726 I Input   : injectKeyEvent: KeyEvent { action=ACTION_UP, keyCode=KEYCODE_BACK, scanCode=0, metaState=0, flags=0x0, repeatCount=0, eventTime=885519549, downTime=885519549, deviceId=-1, source=0x101 }
08-06 13:58:23.149 13726 13726 D AndroidRuntime: Shutting down VM
08-06 13:58:23.151  9672 10490 I art     : Starting a blocking GC Explicit
08-06 13:58:23.179  9672 10490 I art     : Explicit concurrent mark sweep GC freed 167(7KB) AllocSpace objects, 0(0B) LOS objects, 22% free, 53MB/69MB, paused 660us total 27.408ms
08-06 13:58:23.190  9672 10490 I art     : Starting a blocking GC Explicit
08-06 13:58:23.194 13866 13866 I GoogleInputMethodServic: GoogleInputMethodService.onFinishInput():3138 
08-06 13:58:23.194 13866 13866 I GoogleInputMethodServic: GoogleInputMethodService.onStartInput():1808 
08-06 13:58:23.217  9672 10490 I art     : Explicit concurrent mark sweep GC freed 61(2128B) AllocSpace objects, 0(0B) LOS objects, 22% free, 53MB/69MB, paused 838us total 27.029ms
08-06 13:58:23.228  9672 10490 I art     : Starting a blocking GC Explicit
08-06 13:58:23.255  9672 10490 I art     : Explicit concurrent mark sweep GC freed 11(416B) AllocSpace objects, 0(0B) LOS objects, 22% free, 53MB/69MB, paused 640us total 26.689ms
08-06 13:58:23.266  9672 10490 I art     : Starting a blocking GC Explicit
08-06 13:58:23.293  9672 10490 I art     : Explicit concurrent mark sweep GC freed 3(96B) AllocSpace objects, 0(0B) LOS objects, 22% free, 53MB/69MB, paused 692us total 27.612ms
08-06 13:58:23.590  9672  9760 I art     : Starting a blocking GC Explicit
08-06 13:58:23.622  9672  9760 I art     : Explicit concurrent mark sweep GC freed 2980(154KB) AllocSpace objects, 1(20KB) LOS objects, 22% free, 53MB/69MB, paused 728us total 32.204ms
08-06 13:58:23.638  9672  9760 I art     : Starting a blocking GC Explicit
08-06 13:58:23.666  9672  9760 I art     : Explicit concurrent mark sweep GC freed 2858(180KB) AllocSpace objects, 2(140KB) LOS objects, 23% free, 53MB/69MB, paused 702us total 27.759ms
08-06 13:58:23.677  9672  9760 I art     : Starting a blocking GC Explicit
08-06 13:58:23.705  9672  9760 I art     : Explicit concurrent mark sweep GC freed 3(96B) AllocSpace objects, 0(0B) LOS objects, 23% free, 53MB/69MB, paused 701us total 27.753ms
08-06 13:58:23.717  9672  9760 I art     : Starting a blocking GC Explicit
08-06 13:58:23.745  9672  9760 I art     : Explicit concurrent mark sweep GC freed 3(96B) AllocSpace objects, 0(0B) LOS objects, 23% free, 53MB/69MB, paused 710us total 28.239ms
08-06 13:58:23.756  9672  9760 I art     : Starting a blocking GC Explicit
08-06 13:58:23.785  9672  9760 I art     : Explicit concurrent mark sweep GC freed 3(96B) AllocSpace objects, 0(0B) LOS objects, 23% free, 53MB/69MB, paused 773us total 28.288ms
08-06 13:58:24.072  9672  9919 I art     : Starting a blocking GC Explicit
08-06 13:58:24.101  9672  9919 I art     : Explicit concurrent mark sweep GC freed 1347(78KB) AllocSpace objects, 1(20KB) LOS objects, 23% free, 53MB/69MB, paused 703us total 28.841ms
08-06 13:58:24.112  9672  9919 I art     : Starting a blocking GC Explicit
08-06 13:58:24.141  9672  9919 I art     : Explicit concurrent mark sweep GC freed 20(704B) AllocSpace objects, 0(0B) LOS objects, 23% free, 53MB/69MB, paused 694us total 28.822ms
08-06 13:58:24.153  9672  9919 I art     : Starting a blocking GC Explicit
08-06 13:58:24.182  9672  9919 I art     : Explicit concurrent mark sweep GC freed 3(96B) AllocSpace objects, 0(0B) LOS objects, 23% free, 53MB/69MB, paused 745us total 28.666ms
08-06 13:58:24.193  9672  9919 I art     : Starting a blocking GC Explicit
08-06 13:58:24.222  9672  9919 I art     : Explicit concurrent mark sweep GC freed 3(96B) AllocSpace objects, 0(0B) LOS objects, 23% free, 53MB/69MB, paused 712us total 28.402ms
08-06 13:58:24.233  9672  9919 I art     : Starting a blocking GC Explicit
08-06 13:58:24.262  9672  9919 I art     : Explicit concurrent mark sweep GC freed 3(96B) AllocSpace objects, 0(0B) LOS objects, 23% free, 53MB/69MB, paused 717us total 28.529ms
08-06 13:58:24.555  9672  9685 I art     : Starting a blocking GC Explicit
08-06 13:58:24.588  9672  9685 I art     : Explicit concurrent mark sweep GC freed 1344(78KB) AllocSpace objects, 1(20KB) LOS objects, 23% free, 53MB/69MB, paused 923us total 32.761ms
08-06 13:58:24.602  9672  9685 I art     : Starting a blocking GC Explicit
08-06 13:58:24.630  9672  9685 I art     : Explicit concurrent mark sweep GC freed 20(704B) AllocSpace objects, 0(0B) LOS objects, 23% free, 53MB/69MB, paused 712us total 27.631ms
08-06 13:58:24.641  9672  9685 I art     : Starting a blocking GC Explicit
08-06 13:58:24.669  9672  9685 I art     : Explicit concurrent mark sweep GC freed 3(96B) AllocSpace objects, 0(0B) LOS objects, 23% free, 53MB/69MB, paused 733us total 27.765ms
08-06 13:58:24.680  9672  9685 I art     : Starting a blocking GC Explicit
08-06 13:58:24.707  9672  9685 I art     : Explicit concurrent mark sweep GC freed 3(96B) AllocSpace objects, 0(0B) LOS objects, 23% free, 53MB/69MB, paused 787us total 26.891ms
08-06 13:58:24.718  9672  9685 I art     : Starting a blocking GC Explicit
08-06 13:58:24.745  9672  9685 I art     : Explicit concurrent mark sweep GC freed 3(96B) AllocSpace objects, 0(0B) LOS objects, 23% free, 53MB/69MB, paused 704us total 26.763ms
08-06 13:58:24.945 13778 13778 D AndroidRuntime: >>>>>> START com.android.internal.os.RuntimeInit uid 2000 <<<<<<
08-06 13:58:24.952 13778 13778 D AndroidRuntime: CheckJNI is OFF
08-06 13:58:24.993 13778 13778 D ICU     : No timezone override file found: /data/misc/zoneinfo/current/icu/icu_tzdata.dat
08-06 13:58:25.036 13778 13778 I Radio-JNI: register_android_hardware_Radio DONE
08-06 13:58:25.065 13778 13778 D AndroidRuntime: Calling main entry com.android.commands.input.Input
08-06 13:58:25.067 13778 13778 I Input   : injectMotionEvent: MotionEvent { action=ACTION_DOWN, actionButton=0, id[0]=0, x[0]=1084.0, y[0]=2213.0, toolType[0]=TOOL_TYPE_UNKNOWN, buttonState=0, metaState=0, flags=0x0, edgeFlags=0x0, pointerCount=1, historySize=0, eventTime=885521479, downTime=885521479, deviceId=0, source=0x1002 }
08-06 13:58:25.072  9672  9684 I art     : Starting a blocking GC Explicit
08-06 13:58:25.075 13778 13778 I Input   : injectMotionEvent: MotionEvent { action=ACTION_UP, actionButton=0, id[0]=0, x[0]=1084.0, y[0]=2213.0, toolType[0]=TOOL_TYPE_UNKNOWN, buttonState=0, metaState=0, flags=0x0, edgeFlags=0x0, pointerCount=1, historySize=0, eventTime=885521479, downTime=885521479, deviceId=0, source=0x1002 }
08-06 13:58:25.077   918  6112 I ActivityManager: START u0 {cmp=baseline.appteam.nith.hillffair/.activities.EventActivity} from uid 10697 on display 0
08-06 13:58:25.085 13778 13778 D AndroidRuntime: Shutting down VM
08-06 13:58:25.102  9672  9684 I art     : Explicit concurrent mark sweep GC freed 1469(87KB) AllocSpace objects, 1(20KB) LOS objects, 23% free, 53MB/69MB, paused 951us total 29.162ms
08-06 13:58:25.114  9672  9684 I art     : Starting a blocking GC Explicit
08-06 13:58:25.142  9672  9684 I art     : Explicit concurrent mark sweep GC freed 5022(333KB) AllocSpace objects, 0(0B) LOS objects, 23% free, 53MB/69MB, paused 772us total 27.617ms
08-06 13:58:25.154  9672  9684 I art     : Starting a blocking GC Explicit
08-06 13:58:25.171  9672  9672 I NAPPA_EXPERIMENTATION: MetricNetworkRequestExecutionTime: REQUEST_DURATION_SYSTEM='49',REQUEST_DURATION_OKHTTP='36',REQUEST_SYNCHRONOUS='FALSE',RESPONSE_CODE='200',RESPONSE_METHOD='GET',RESPONSE_LENGTH_OKHTTP='1870',RESPONSE_LENGTH_HEADER='-2',REQUEST_PROTOCOL='http/1.1',REQUEST_URL='https://api-hillfair-2k16.herokuapp.com/api/app/club',
08-06 13:58:25.172 13866 13866 I GoogleInputMethodServic: GoogleInputMethodService.onFinishInput():3138 
08-06 13:58:25.172 13866 13866 I GoogleInputMethodServic: GoogleInputMethodService.onStartInput():1808 
08-06 13:58:25.180  9672  9684 I art     : Explicit concurrent mark sweep GC freed 729(63KB) AllocSpace objects, 0(0B) LOS objects, 23% free, 53MB/69MB, paused 742us total 25.504ms
08-06 13:58:25.190  9672  9684 I art     : Starting a blocking GC Explicit
08-06 13:58:25.217  9672  9684 I art     : Explicit concurrent mark sweep GC freed 416(16KB) AllocSpace objects, 0(0B) LOS objects, 23% free, 53MB/69MB, paused 793us total 26.719ms
08-06 13:58:25.229  9672  9684 I art     : Starting a blocking GC Explicit
08-06 13:58:25.231   918   936 I ActivityManager: Displayed baseline.appteam.nith.hillffair/.activities.EventActivity: +145ms
08-06 13:58:25.257  9672  9684 I art     : Explicit concurrent mark sweep GC freed 232(8KB) AllocSpace objects, 0(0B) LOS objects, 23% free, 53MB/69MB, paused 778us total 28.130ms
08-06 13:58:25.467   380   380 W SurfaceFlinger: couldn't log to binary event log: overflow.
08-06 13:58:25.551  9672  9685 I art     : Starting a blocking GC Explicit
08-06 13:58:25.579  9672  9685 I art     : Explicit concurrent mark sweep GC freed 1349(78KB) AllocSpace objects, 1(20KB) LOS objects, 23% free, 53MB/69MB, paused 691us total 28.119ms
08-06 13:58:25.591  9672  9685 I art     : Starting a blocking GC Explicit
08-06 13:58:25.618  9672  9685 I art     : Explicit concurrent mark sweep GC freed 90(5KB) AllocSpace objects, 0(0B) LOS objects, 23% free, 53MB/69MB, paused 692us total 27.141ms
08-06 13:58:25.629  9672  9685 I art     : Starting a blocking GC Explicit
08-06 13:58:25.658  9672  9685 I art     : Explicit concurrent mark sweep GC freed 3(96B) AllocSpace objects, 0(0B) LOS objects, 23% free, 53MB/69MB, paused 761us total 28.339ms
08-06 13:58:25.669  9672  9685 I art     : Starting a blocking GC Explicit
08-06 13:58:25.699  9672  9685 I art     : Explicit concurrent mark sweep GC freed 3(96B) AllocSpace objects, 0(0B) LOS objects, 23% free, 53MB/69MB, paused 825us total 29.726ms
08-06 13:58:25.711  9672  9685 I art     : Starting a blocking GC Explicit
08-06 13:58:25.741  9672  9685 I art     : Explicit concurrent mark sweep GC freed 3(96B) AllocSpace objects, 0(0B) LOS objects, 23% free, 53MB/69MB, paused 724us total 30.382ms
08-06 13:58:26.038  9672  9919 I art     : Starting a blocking GC Explicit
08-06 13:58:26.076  9672  9919 I art     : Explicit concurrent mark sweep GC freed 1347(78KB) AllocSpace objects, 1(20KB) LOS objects, 23% free, 53MB/69MB, paused 824us total 37.578ms
08-06 13:58:26.093  9672  9919 I art     : Starting a blocking GC Explicit
08-06 13:58:26.124  9672  9919 I art     : Explicit concurrent mark sweep GC freed 20(704B) AllocSpace objects, 0(0B) LOS objects, 23% free, 53MB/69MB, paused 741us total 29.980ms
08-06 13:58:26.135  9672  9919 I art     : Starting a blocking GC Explicit
08-06 13:58:26.166  9672  9919 I art     : Explicit concurrent mark sweep GC freed 3(96B) AllocSpace objects, 0(0B) LOS objects, 23% free, 53MB/69MB, paused 737us total 30.256ms
08-06 13:58:26.178  9672  9919 I art     : Starting a blocking GC Explicit
08-06 13:58:26.208  9672  9919 I art     : Explicit concurrent mark sweep GC freed 3(96B) AllocSpace objects, 0(0B) LOS objects, 23% free, 53MB/69MB, paused 778us total 29.947ms
08-06 13:58:26.219  9672  9919 I art     : Starting a blocking GC Explicit
08-06 13:58:26.250  9672  9919 I art     : Explicit concurrent mark sweep GC freed 3(96B) AllocSpace objects, 0(0B) LOS objects, 23% free, 53MB/69MB, paused 740us total 30.557ms
08-06 13:58:26.549  9672 10490 I art     : Starting a blocking GC Explicit
08-06 13:58:26.587  9672 10490 I art     : Explicit concurrent mark sweep GC freed 1347(78KB) AllocSpace objects, 1(20KB) LOS objects, 23% free, 53MB/69MB, paused 751us total 37.651ms
08-06 13:58:26.601  9672 10490 I art     : Starting a blocking GC Explicit
08-06 13:58:26.634  9672 10490 I art     : Explicit concurrent mark sweep GC freed 20(704B) AllocSpace objects, 0(0B) LOS objects, 23% free, 53MB/69MB, paused 745us total 32.814ms
08-06 13:58:26.646  9672 10490 I art     : Starting a blocking GC Explicit
08-06 13:58:26.678  9672 10490 I art     : Explicit concurrent mark sweep GC freed 3(96B) AllocSpace objects, 0(0B) LOS objects, 23% free, 53MB/69MB, paused 797us total 31.835ms
08-06 13:58:26.690  9672 10490 I art     : Starting a blocking GC Explicit
08-06 13:58:26.722  9672 10490 I art     : Explicit concurrent mark sweep GC freed 3(96B) AllocSpace objects, 0(0B) LOS objects, 23% free, 53MB/69MB, paused 745us total 32.143ms
08-06 13:58:26.734  9672 10490 I art     : Starting a blocking GC Explicit
08-06 13:58:26.768  9672 10490 I art     : Explicit concurrent mark sweep GC freed 3(96B) AllocSpace objects, 0(0B) LOS objects, 23% free, 53MB/69MB, paused 771us total 33.231ms
08-06 13:58:27.111  9672  9760 I art     : Starting a blocking GC Explicit
08-06 13:58:27.151  9672  9760 I art     : Explicit concurrent mark sweep GC freed 1347(78KB) AllocSpace objects, 1(20KB) LOS objects, 23% free, 53MB/69MB, paused 768us total 39.422ms
08-06 13:58:27.165  9672  9760 I art     : Starting a blocking GC Explicit
08-06 13:58:27.198  9672  9760 I art     : Explicit concurrent mark sweep GC freed 20(704B) AllocSpace objects, 0(0B) LOS objects, 23% free, 53MB/69MB, paused 793us total 32.698ms
08-06 13:58:27.210  9672  9760 I art     : Starting a blocking GC Explicit
08-06 13:58:27.244  9672  9760 I art     : Explicit concurrent mark sweep GC freed 3(96B) AllocSpace objects, 0(0B) LOS objects, 23% free, 53MB/69MB, paused 738us total 33.289ms
08-06 13:58:27.256  9672  9760 I art     : Starting a blocking GC Explicit
08-06 13:58:27.287  9672  9760 I art     : Explicit concurrent mark sweep GC freed 3(96B) AllocSpace objects, 0(0B) LOS objects, 23% free, 53MB/69MB, paused 819us total 31.407ms
08-06 13:58:27.299  9672  9760 I art     : Starting a blocking GC Explicit
08-06 13:58:27.332  9672  9760 I art     : Explicit concurrent mark sweep GC freed 3(96B) AllocSpace objects, 0(0B) LOS objects, 23% free, 53MB/69MB, paused 746us total 32.634ms
08-06 13:58:27.657  9672  9684 I art     : Starting a blocking GC Explicit
08-06 13:58:27.696  9672  9684 I art     : Explicit concurrent mark sweep GC freed 1347(78KB) AllocSpace objects, 1(20KB) LOS objects, 23% free, 53MB/69MB, paused 792us total 38.519ms
08-06 13:58:27.711  9672  9684 I art     : Starting a blocking GC Explicit
08-06 13:58:27.749  9672  9684 I art     : Explicit concurrent mark sweep GC freed 20(704B) AllocSpace objects, 0(0B) LOS objects, 23% free, 53MB/69MB, paused 826us total 37.624ms
08-06 13:58:27.763  9672  9684 I art     : Starting a blocking GC Explicit
08-06 13:58:27.797  9672  9684 I art     : Explicit concurrent mark sweep GC freed 3(96B) AllocSpace objects, 0(0B) LOS objects, 23% free, 53MB/69MB, paused 858us total 33.538ms
08-06 13:58:27.809  9672  9684 I art     : Starting a blocking GC Explicit
08-06 13:58:27.842  9672  9684 I art     : Explicit concurrent mark sweep GC freed 3(96B) AllocSpace objects, 0(0B) LOS objects, 23% free, 53MB/69MB, paused 755us total 32.974ms
08-06 13:58:27.854  9672  9684 I art     : Starting a blocking GC Explicit
08-06 13:58:27.888  9672  9684 I art     : Explicit concurrent mark sweep GC freed 3(96B) AllocSpace objects, 0(0B) LOS objects, 23% free, 53MB/69MB, paused 798us total 32.955ms
08-06 13:58:27.976   918  3188 I hubconnection: sensorhub said: 'set_bias 3: -5.4912, 0.0000, 0.0000'
08-06 13:58:28.205  9672  9685 I art     : Starting a blocking GC Explicit
08-06 13:58:28.245  9672  9685 I art     : Explicit concurrent mark sweep GC freed 1347(78KB) AllocSpace objects, 1(20KB) LOS objects, 23% free, 53MB/69MB, paused 786us total 40.146ms
08-06 13:58:28.260  9672  9685 I art     : Starting a blocking GC Explicit
08-06 13:58:28.293  9672  9685 I art     : Explicit concurrent mark sweep GC freed 20(704B) AllocSpace objects, 0(0B) LOS objects, 23% free, 53MB/69MB, paused 756us total 32.397ms
08-06 13:58:28.305  9672  9685 I art     : Starting a blocking GC Explicit
08-06 13:58:28.338  9672  9685 I art     : Explicit concurrent mark sweep GC freed 3(96B) AllocSpace objects, 0(0B) LOS objects, 23% free, 53MB/69MB, paused 787us total 32.563ms
08-06 13:58:28.350  9672  9685 I art     : Starting a blocking GC Explicit
08-06 13:58:28.382  9672  9685 I art     : Explicit concurrent mark sweep GC freed 3(96B) AllocSpace objects, 0(0B) LOS objects, 23% free, 53MB/69MB, paused 719us total 32.155ms
08-06 13:58:28.394  9672  9685 I art     : Starting a blocking GC Explicit
08-06 13:58:28.427  9672  9685 I art     : Explicit concurrent mark sweep GC freed 3(96B) AllocSpace objects, 0(0B) LOS objects, 23% free, 53MB/69MB, paused 752us total 32.332ms
08-06 13:58:28.769  9672  9919 I art     : Starting a blocking GC Explicit
08-06 13:58:28.811  9672  9919 I art     : Explicit concurrent mark sweep GC freed 1347(78KB) AllocSpace objects, 1(20KB) LOS objects, 23% free, 53MB/69MB, paused 874us total 40.945ms
08-06 13:58:28.827  9672  9919 I art     : Starting a blocking GC Explicit
08-06 13:58:28.862  9672  9919 I art     : Explicit concurrent mark sweep GC freed 20(704B) AllocSpace objects, 0(0B) LOS objects, 23% free, 53MB/69MB, paused 726us total 34.738ms
08-06 13:58:28.874  9672  9919 I art     : Starting a blocking GC Explicit
08-06 13:58:28.907  9672  9919 I art     : Explicit concurrent mark sweep GC freed 3(96B) AllocSpace objects, 0(0B) LOS objects, 23% free, 53MB/69MB, paused 917us total 33.043ms
08-06 13:58:28.919  9672  9919 I art     : Starting a blocking GC Explicit
08-06 13:58:28.953  9672  9919 I art     : Explicit concurrent mark sweep GC freed 3(96B) AllocSpace objects, 0(0B) LOS objects, 23% free, 53MB/69MB, paused 760us total 33.190ms
08-06 13:58:28.965  9672  9919 I art     : Starting a blocking GC Explicit
08-06 13:58:28.997  9672  9919 I art     : Explicit concurrent mark sweep GC freed 3(96B) AllocSpace objects, 0(0B) LOS objects, 23% free, 53MB/69MB, paused 726us total 31.739ms
08-06 13:58:29.331  9672 10490 I art     : Starting a blocking GC Explicit
08-06 13:58:29.365  9672 10490 I art     : Explicit concurrent mark sweep GC freed 1347(78KB) AllocSpace objects, 1(20KB) LOS objects, 23% free, 53MB/69MB, paused 753us total 33.163ms
08-06 13:58:29.377  9672 10490 I art     : Starting a blocking GC Explicit
08-06 13:58:29.406  9672 10490 I art     : Explicit concurrent mark sweep GC freed 20(704B) AllocSpace objects, 0(0B) LOS objects, 23% free, 53MB/69MB, paused 712us total 29.224ms
08-06 13:58:29.417  9672 10490 I art     : Starting a blocking GC Explicit
08-06 13:58:29.446  9672 10490 I art     : Explicit concurrent mark sweep GC freed 3(96B) AllocSpace objects, 0(0B) LOS objects, 23% free, 53MB/69MB, paused 728us total 28.531ms
08-06 13:58:29.457  9672 10490 I art     : Starting a blocking GC Explicit
08-06 13:58:29.487  9672 10490 I art     : Explicit concurrent mark sweep GC freed 3(96B) AllocSpace objects, 0(0B) LOS objects, 23% free, 53MB/69MB, paused 931us total 29.755ms
08-06 13:58:29.499  9672 10490 I art     : Starting a blocking GC Explicit
08-06 13:58:29.529  9672 10490 I art     : Explicit concurrent mark sweep GC freed 3(96B) AllocSpace objects, 0(0B) LOS objects, 23% free, 53MB/69MB, paused 769us total 29.921ms
08-06 13:58:29.840  9672  9760 I art     : Starting a blocking GC Explicit
08-06 13:58:29.873  9672  9760 I art     : Explicit concurrent mark sweep GC freed 1347(78KB) AllocSpace objects, 1(20KB) LOS objects, 23% free, 53MB/69MB, paused 742us total 32.704ms
08-06 13:58:29.885  9672  9760 I art     : Starting a blocking GC Explicit
08-06 13:58:29.889 13909 13909 D AndroidRuntime: >>>>>> START com.android.internal.os.RuntimeInit uid 2000 <<<<<<
08-06 13:58:29.895 13909 13909 D AndroidRuntime: CheckJNI is OFF
08-06 13:58:29.917  9672  9760 I art     : Explicit concurrent mark sweep GC freed 20(704B) AllocSpace objects, 0(0B) LOS objects, 23% free, 53MB/69MB, paused 742us total 31.043ms
08-06 13:58:29.928  9672  9760 I art     : Starting a blocking GC Explicit
08-06 13:58:29.943 13909 13909 D ICU     : No timezone override file found: /data/misc/zoneinfo/current/icu/icu_tzdata.dat
08-06 13:58:29.959  9672  9760 I art     : Explicit concurrent mark sweep GC freed 3(96B) AllocSpace objects, 0(0B) LOS objects, 23% free, 53MB/69MB, paused 783us total 30.675ms
08-06 13:58:29.970  9672  9760 I art     : Starting a blocking GC Explicit
08-06 13:58:29.991 13909 13909 I Radio-JNI: register_android_hardware_Radio DONE
08-06 13:58:30.000  9672  9760 I art     : Explicit concurrent mark sweep GC freed 3(96B) AllocSpace objects, 0(0B) LOS objects, 23% free, 53MB/69MB, paused 835us total 29.740ms
08-06 13:58:30.012  9672  9760 I art     : Starting a blocking GC Explicit
08-06 13:58:30.022 13909 13909 D AndroidRuntime: Calling main entry com.android.commands.input.Input
08-06 13:58:30.024 13909 13909 I Input   : injectMotionEvent: MotionEvent { action=ACTION_DOWN, actionButton=0, id[0]=0, x[0]=255.0, y[0]=1845.0, toolType[0]=TOOL_TYPE_UNKNOWN, buttonState=0, metaState=0, flags=0x0, edgeFlags=0x0, pointerCount=1, historySize=0, eventTime=885526437, downTime=885526437, deviceId=0, source=0x1002 }
08-06 13:58:30.030 13909 13909 I Input   : injectMotionEvent: MotionEvent { action=ACTION_UP, actionButton=0, id[0]=0, x[0]=255.0, y[0]=1845.0, toolType[0]=TOOL_TYPE_UNKNOWN, buttonState=0, metaState=0, flags=0x0, edgeFlags=0x0, pointerCount=1, historySize=0, eventTime=885526437, downTime=885526437, deviceId=0, source=0x1002 }
08-06 13:58:30.031   918  5481 I ActivityManager: START u0 {cmp=baseline.appteam.nith.hillffair/.activities.ClubActivity (has extras)} from uid 10697 on display 0
08-06 13:58:30.039 13909 13909 D AndroidRuntime: Shutting down VM
08-06 13:58:30.041  9672  9760 I art     : Explicit concurrent mark sweep GC freed 19(608B) AllocSpace objects, 0(0B) LOS objects, 23% free, 53MB/69MB, paused 949us total 28.976ms
08-06 13:58:30.139  9672  9672 I NAPPA_EXPERIMENTATION: MetricNetworkRequestExecutionTime: REQUEST_DURATION_SYSTEM='65',REQUEST_DURATION_OKHTTP='32',REQUEST_SYNCHRONOUS='FALSE',RESPONSE_CODE='200',RESPONSE_METHOD='GET',RESPONSE_LENGTH_OKHTTP='1171',RESPONSE_LENGTH_HEADER='-2',REQUEST_PROTOCOL='http/1.1',REQUEST_URL='https://api-hillfair-2k16.herokuapp.com/api/app/club/Technical%20Committee',
08-06 13:58:30.146   918   936 I ActivityManager: Displayed baseline.appteam.nith.hillffair/.activities.ClubActivity: +105ms
08-06 13:58:30.147 13866 13866 I GoogleInputMethodServic: GoogleInputMethodService.onFinishInput():3138 
08-06 13:58:30.148 13866 13866 I GoogleInputMethodServic: GoogleInputMethodService.onStartInput():1808 
08-06 13:58:30.164   518   646 I ThermalEngine: ACTION: GPU - Setting GPU[0] to 510000000
08-06 13:58:30.317  9672  9919 I art     : Starting a blocking GC Explicit
08-06 13:58:30.346   918  1210 D NetlinkSocketObserver: NeighborEvent{elapsedMs=1868914221, 192.168.2.254, [7C3953A63323], RTM_NEWNEIGH, NUD_STALE}
08-06 13:58:30.348  9672  9919 I art     : Explicit concurrent mark sweep GC freed 5734(415KB) AllocSpace objects, 1(20KB) LOS objects, 22% free, 53MB/69MB, paused 590us total 30.723ms
08-06 13:58:30.358  9672  9919 I art     : Starting a blocking GC Explicit
08-06 13:58:30.386  9672  9919 I art     : Explicit concurrent mark sweep GC freed 282(12KB) AllocSpace objects, 0(0B) LOS objects, 22% free, 53MB/69MB, paused 609us total 27.697ms
08-06 13:58:30.398  9672  9919 I art     : Starting a blocking GC Explicit
08-06 13:58:30.406   380   380 W SurfaceFlinger: couldn't log to binary event log: overflow.
08-06 13:58:30.425  9672  9919 I art     : Explicit concurrent mark sweep GC freed 3(96B) AllocSpace objects, 0(0B) LOS objects, 22% free, 53MB/69MB, paused 520us total 26.808ms
08-06 13:58:30.434  9672  9919 I art     : Starting a blocking GC Explicit
08-06 13:58:30.454  9672  9919 I art     : Explicit concurrent mark sweep GC freed 3(96B) AllocSpace objects, 0(0B) LOS objects, 22% free, 53MB/69MB, paused 552us total 20.718ms
08-06 13:58:30.463  9672  9919 I art     : Starting a blocking GC Explicit
08-06 13:58:30.483  9672  9919 I art     : Explicit concurrent mark sweep GC freed 3(96B) AllocSpace objects, 0(0B) LOS objects, 22% free, 53MB/69MB, paused 509us total 20.607ms
08-06 13:58:30.771  9672 10490 I art     : Starting a blocking GC Explicit
08-06 13:58:30.800  9672 10490 I art     : Explicit concurrent mark sweep GC freed 1445(84KB) AllocSpace objects, 1(20KB) LOS objects, 22% free, 53MB/69MB, paused 613us total 28.603ms
08-06 13:58:30.813  9672 10490 I art     : Starting a blocking GC Explicit
08-06 13:58:30.838  9672 10490 I art     : Explicit concurrent mark sweep GC freed 36(1264B) AllocSpace objects, 0(0B) LOS objects, 22% free, 53MB/69MB, paused 577us total 25.296ms
08-06 13:58:30.847  9672 10490 I art     : Starting a blocking GC Explicit
08-06 13:58:30.873  9672 10490 I art     : Explicit concurrent mark sweep GC freed 3(96B) AllocSpace objects, 0(0B) LOS objects, 22% free, 53MB/69MB, paused 563us total 25.089ms
08-06 13:58:30.882  9672 10490 I art     : Starting a blocking GC Explicit
08-06 13:58:30.908  9672 10490 I art     : Explicit concurrent mark sweep GC freed 3(96B) AllocSpace objects, 0(0B) LOS objects, 22% free, 53MB/69MB, paused 590us total 25.709ms
08-06 13:58:30.918  9672 10490 I art     : Starting a blocking GC Explicit
08-06 13:58:30.943  9672 10490 I art     : Explicit concurrent mark sweep GC freed 3(96B) AllocSpace objects, 0(0B) LOS objects, 22% free, 53MB/69MB, paused 560us total 25.046ms
08-06 13:58:31.167   518   646 I ThermalEngine: ACTION: GPU - Setting GPU[0] to 450000000
08-06 13:58:31.254  9672  9760 I art     : Starting a blocking GC Explicit
08-06 13:58:31.295  9672  9760 I art     : Explicit concurrent mark sweep GC freed 1347(78KB) AllocSpace objects, 1(20KB) LOS objects, 22% free, 53MB/69MB, paused 801us total 40.743ms
08-06 13:58:31.308  9672  9760 I art     : Starting a blocking GC Explicit
08-06 13:58:31.340  9672  9760 I art     : Explicit concurrent mark sweep GC freed 20(704B) AllocSpace objects, 0(0B) LOS objects, 22% free, 53MB/69MB, paused 768us total 30.813ms
08-06 13:58:31.351  9672  9760 I art     : Starting a blocking GC Explicit
08-06 13:58:31.383  9672  9760 I art     : Explicit concurrent mark sweep GC freed 3(96B) AllocSpace objects, 0(0B) LOS objects, 22% free, 53MB/69MB, paused 781us total 30.990ms
08-06 13:58:31.394  9672  9760 I art     : Starting a blocking GC Explicit
08-06 13:58:31.426  9672  9760 I art     : Explicit concurrent mark sweep GC freed 3(96B) AllocSpace objects, 0(0B) LOS objects, 22% free, 53MB/69MB, paused 758us total 31.135ms
08-06 13:58:31.438  9672  9760 I art     : Starting a blocking GC Explicit
08-06 13:58:31.469  9672  9760 I art     : Explicit concurrent mark sweep GC freed 3(96B) AllocSpace objects, 0(0B) LOS objects, 22% free, 53MB/69MB, paused 758us total 31.412ms
08-06 13:58:31.785  9672  9919 I art     : Starting a blocking GC Explicit
08-06 13:58:31.829  9672  9919 I art     : Explicit concurrent mark sweep GC freed 1347(78KB) AllocSpace objects, 1(20KB) LOS objects, 22% free, 53MB/69MB, paused 930us total 43.692ms
08-06 13:58:31.847  9672  9919 I art     : Starting a blocking GC Explicit
08-06 13:58:31.885  9672  9919 I art     : Explicit concurrent mark sweep GC freed 20(704B) AllocSpace objects, 0(0B) LOS objects, 22% free, 53MB/69MB, paused 789us total 37.277ms
08-06 13:58:31.897  9672  9919 I art     : Starting a blocking GC Explicit
08-06 13:58:31.931  9672  9919 I art     : Explicit concurrent mark sweep GC freed 3(96B) AllocSpace objects, 0(0B) LOS objects, 22% free, 53MB/69MB, paused 781us total 34.053ms
08-06 13:58:31.943  9672  9919 I art     : Starting a blocking GC Explicit
08-06 13:58:31.978  9672  9919 I art     : Explicit concurrent mark sweep GC freed 3(96B) AllocSpace objects, 0(0B) LOS objects, 22% free, 53MB/69MB, paused 866us total 34.069ms
08-06 13:58:31.989  9672  9919 I art     : Starting a blocking GC Explicit
08-06 13:58:32.022  9672  9919 I art     : Explicit concurrent mark sweep GC freed 3(96B) AllocSpace objects, 0(0B) LOS objects, 22% free, 53MB/69MB, paused 780us total 32.564ms
08-06 13:58:32.363  9672  9685 I art     : Starting a blocking GC Explicit
08-06 13:58:32.396  9672  9685 I art     : Explicit concurrent mark sweep GC freed 1347(78KB) AllocSpace objects, 1(20KB) LOS objects, 22% free, 53MB/69MB, paused 761us total 33.047ms
08-06 13:58:32.408  9672  9685 I art     : Starting a blocking GC Explicit
08-06 13:58:32.439  9672  9685 I art     : Explicit concurrent mark sweep GC freed 20(704B) AllocSpace objects, 0(0B) LOS objects, 22% free, 53MB/69MB, paused 772us total 30.371ms
08-06 13:58:32.451  9672  9685 I art     : Starting a blocking GC Explicit
08-06 13:58:32.483  9672  9685 I art     : Explicit concurrent mark sweep GC freed 7(224B) AllocSpace objects, 0(0B) LOS objects, 22% free, 53MB/69MB, paused 809us total 31.926ms
08-06 13:58:32.495  9672  9685 I art     : Starting a blocking GC Explicit
08-06 13:58:32.529  9672  9685 I art     : Explicit concurrent mark sweep GC freed 20(976B) AllocSpace objects, 0(0B) LOS objects, 22% free, 53MB/69MB, paused 763us total 33.982ms
08-06 13:58:32.541  9672  9685 I art     : Starting a blocking GC Explicit
08-06 13:58:32.576  9672  9685 I art     : Explicit concurrent mark sweep GC freed 19(608B) AllocSpace objects, 0(0B) LOS objects, 22% free, 53MB/69MB, paused 769us total 34.252ms
08-06 13:58:32.918  9672  9684 I art     : Starting a blocking GC Explicit
08-06 13:58:32.964  9672  9684 I art     : Explicit concurrent mark sweep GC freed 1347(78KB) AllocSpace objects, 1(20KB) LOS objects, 22% free, 53MB/69MB, paused 814us total 45.179ms
08-06 13:58:32.981  9672  9684 I art     : Starting a blocking GC Explicit
08-06 13:58:33.015  9672  9684 I art     : Explicit concurrent mark sweep GC freed 20(704B) AllocSpace objects, 0(0B) LOS objects, 22% free, 53MB/69MB, paused 772us total 34.133ms
08-06 13:58:33.027  9672  9684 I art     : Starting a blocking GC Explicit
08-06 13:58:33.059  9672  9684 I art     : Explicit concurrent mark sweep GC freed 3(96B) AllocSpace objects, 0(0B) LOS objects, 22% free, 53MB/69MB, paused 744us total 31.954ms
08-06 13:58:33.072  9672  9684 I art     : Starting a blocking GC Explicit
08-06 13:58:33.104  9672  9684 I art     : Explicit concurrent mark sweep GC freed 3(96B) AllocSpace objects, 0(0B) LOS objects, 22% free, 53MB/69MB, paused 728us total 31.705ms
08-06 13:58:33.116  9672  9684 I art     : Starting a blocking GC Explicit
08-06 13:58:33.150  9672  9684 I art     : Explicit concurrent mark sweep GC freed 3(96B) AllocSpace objects, 0(0B) LOS objects, 22% free, 53MB/69MB, paused 773us total 34.162ms
08-06 13:58:33.480  9672 10490 I art     : Starting a blocking GC Explicit
08-06 13:58:33.516  9672 10490 I art     : Explicit concurrent mark sweep GC freed 1347(78KB) AllocSpace objects, 1(20KB) LOS objects, 22% free, 53MB/69MB, paused 754us total 35.946ms
08-06 13:58:33.528  9672 10490 I art     : Starting a blocking GC Explicit
08-06 13:58:33.562  9672 10490 I art     : Explicit concurrent mark sweep GC freed 20(704B) AllocSpace objects, 0(0B) LOS objects, 22% free, 53MB/69MB, paused 765us total 33.677ms
08-06 13:58:33.574  9672 10490 I art     : Starting a blocking GC Explicit
08-06 13:58:33.606  9672 10490 I art     : Explicit concurrent mark sweep GC freed 3(96B) AllocSpace objects, 0(0B) LOS objects, 22% free, 53MB/69MB, paused 728us total 31.831ms
08-06 13:58:33.618  9672 10490 I art     : Starting a blocking GC Explicit
08-06 13:58:33.651  9672 10490 I art     : Explicit concurrent mark sweep GC freed 3(96B) AllocSpace objects, 0(0B) LOS objects, 22% free, 53MB/69MB, paused 704us total 32.275ms
08-06 13:58:33.663  9672 10490 I art     : Starting a blocking GC Explicit
08-06 13:58:33.695  9672 10490 I art     : Explicit concurrent mark sweep GC freed 3(96B) AllocSpace objects, 0(0B) LOS objects, 22% free, 53MB/69MB, paused 723us total 32.581ms
08-06 13:58:34.016  9672  9760 I art     : Starting a blocking GC Explicit
08-06 13:58:34.047  9672  9760 I art     : Explicit concurrent mark sweep GC freed 1347(78KB) AllocSpace objects, 1(20KB) LOS objects, 22% free, 53MB/69MB, paused 774us total 30.210ms
08-06 13:58:34.059  9672  9760 I art     : Starting a blocking GC Explicit
08-06 13:58:34.091  9672  9760 I art     : Explicit concurrent mark sweep GC freed 20(704B) AllocSpace objects, 0(0B) LOS objects, 22% free, 53MB/69MB, paused 685us total 31.983ms
08-06 13:58:34.103  9672  9760 I art     : Starting a blocking GC Explicit
08-06 13:58:34.137  9672  9760 I art     : Explicit concurrent mark sweep GC freed 30(1104B) AllocSpace objects, 0(0B) LOS objects, 22% free, 53MB/69MB, paused 771us total 33.902ms
08-06 13:58:34.149  9672  9760 I art     : Starting a blocking GC Explicit
08-06 13:58:34.172   518   646 I ThermalEngine: ACTION: GPU - Setting GPU[0] to 510000000
08-06 13:58:34.182  9672  9760 I art     : Explicit concurrent mark sweep GC freed 3(96B) AllocSpace objects, 0(0B) LOS objects, 22% free, 53MB/69MB, paused 692us total 32.490ms
08-06 13:58:34.194  9672  9760 I art     : Starting a blocking GC Explicit
08-06 13:58:34.222  9672  9760 I art     : Explicit concurrent mark sweep GC freed 3(96B) AllocSpace objects, 0(0B) LOS objects, 22% free, 53MB/69MB, paused 562us total 27.997ms
08-06 13:58:34.490  9672  9685 I art     : Starting a blocking GC Explicit
08-06 13:58:34.515  9672  9685 I art     : Explicit concurrent mark sweep GC freed 1347(78KB) AllocSpace objects, 1(20KB) LOS objects, 22% free, 53MB/69MB, paused 570us total 24.480ms
08-06 13:58:34.524  9672  9685 I art     : Starting a blocking GC Explicit
08-06 13:58:34.548  9672  9685 I art     : Explicit concurrent mark sweep GC freed 20(704B) AllocSpace objects, 0(0B) LOS objects, 22% free, 53MB/69MB, paused 556us total 24.102ms
08-06 13:58:34.557  9672  9685 I art     : Starting a blocking GC Explicit
08-06 13:58:34.580  9672  9685 I art     : Explicit concurrent mark sweep GC freed 3(96B) AllocSpace objects, 0(0B) LOS objects, 22% free, 53MB/69MB, paused 560us total 23.082ms
08-06 13:58:34.589  9672  9685 I art     : Starting a blocking GC Explicit
08-06 13:58:34.613  9672  9685 I art     : Explicit concurrent mark sweep GC freed 3(96B) AllocSpace objects, 0(0B) LOS objects, 22% free, 53MB/69MB, paused 617us total 23.393ms
08-06 13:58:34.622  9672  9685 I art     : Starting a blocking GC Explicit
08-06 13:58:34.646  9672  9685 I art     : Explicit concurrent mark sweep GC freed 3(96B) AllocSpace objects, 0(0B) LOS objects, 22% free, 53MB/69MB, paused 565us total 23.974ms
08-06 13:58:34.749 14022 14022 D AndroidRuntime: >>>>>> START com.android.internal.os.RuntimeInit uid 2000 <<<<<<
08-06 13:58:34.755 14022 14022 D AndroidRuntime: CheckJNI is OFF
08-06 13:58:34.793 14022 14022 D ICU     : No timezone override file found: /data/misc/zoneinfo/current/icu/icu_tzdata.dat
08-06 13:58:34.825 14022 14022 I Radio-JNI: register_android_hardware_Radio DONE
08-06 13:58:34.846 14022 14022 D AndroidRuntime: Calling main entry com.android.commands.input.Input
08-06 13:58:34.848 14022 14022 I Input   : injectKeyEvent: KeyEvent { action=ACTION_DOWN, keyCode=KEYCODE_BACK, scanCode=0, metaState=0, flags=0x0, repeatCount=0, eventTime=885531261, downTime=885531261, deviceId=-1, source=0x101 }
08-06 13:58:34.852 14022 14022 I Input   : injectKeyEvent: KeyEvent { action=ACTION_UP, keyCode=KEYCODE_BACK, scanCode=0, metaState=0, flags=0x0, repeatCount=0, eventTime=885531261, downTime=885531261, deviceId=-1, source=0x101 }
08-06 13:58:34.858 14022 14022 D AndroidRuntime: Shutting down VM
08-06 13:58:34.894 13866 13866 I GoogleInputMethodServic: GoogleInputMethodService.onFinishInput():3138 
08-06 13:58:34.895 13866 13866 I GoogleInputMethodServic: GoogleInputMethodService.onStartInput():1808 
08-06 13:58:34.928  9672  9760 I art     : Starting a blocking GC Explicit
08-06 13:58:34.952  9672  9760 I art     : Explicit concurrent mark sweep GC freed 1528(86KB) AllocSpace objects, 1(20KB) LOS objects, 22% free, 53MB/69MB, paused 495us total 23.506ms
08-06 13:58:34.960  9672  9760 I art     : Starting a blocking GC Explicit
08-06 13:58:34.980  9672  9760 I art     : Explicit concurrent mark sweep GC freed 26(944B) AllocSpace objects, 0(0B) LOS objects, 22% free, 53MB/69MB, paused 485us total 19.944ms
08-06 13:58:34.989  9672  9760 I art     : Starting a blocking GC Explicit
08-06 13:58:35.011  9672  9760 I art     : Explicit concurrent mark sweep GC freed 3(96B) AllocSpace objects, 0(0B) LOS objects, 22% free, 53MB/69MB, paused 620us total 21.637ms
08-06 13:58:35.019  9672  9760 I art     : Starting a blocking GC Explicit
08-06 13:58:35.042  9672  9760 I art     : Explicit concurrent mark sweep GC freed 3(96B) AllocSpace objects, 0(0B) LOS objects, 22% free, 53MB/69MB, paused 549us total 22.205ms
08-06 13:58:35.051  9672  9760 I art     : Starting a blocking GC Explicit
08-06 13:58:35.077  9672  9760 I art     : Explicit concurrent mark sweep GC freed 3(96B) AllocSpace objects, 0(0B) LOS objects, 22% free, 53MB/69MB, paused 943us total 25.621ms
08-06 13:58:35.194   380   380 W SurfaceFlinger: couldn't log to binary event log: overflow.
08-06 13:58:35.349  9672  9760 I art     : Starting a blocking GC Explicit
08-06 13:58:35.380  9672  9760 I art     : Explicit concurrent mark sweep GC freed 1456(87KB) AllocSpace objects, 1(20KB) LOS objects, 22% free, 53MB/69MB, paused 647us total 30.757ms
08-06 13:58:35.390  9672  9760 I art     : Starting a blocking GC Explicit
08-06 13:58:35.415  9672  9760 I art     : Explicit concurrent mark sweep GC freed 1670(108KB) AllocSpace objects, 3(180KB) LOS objects, 23% free, 53MB/69MB, paused 534us total 25.046ms
08-06 13:58:35.425  9672  9760 I art     : Starting a blocking GC Explicit
08-06 13:58:35.449  9672  9760 I art     : Explicit concurrent mark sweep GC freed 3(96B) AllocSpace objects, 0(0B) LOS objects, 23% free, 53MB/69MB, paused 548us total 24.043ms
08-06 13:58:35.453  5524  5524 I ServiceManager: Waiting for service AtCmdFwd...
08-06 13:58:35.458  9672  9760 I art     : Starting a blocking GC Explicit
08-06 13:58:35.482  9672  9760 I art     : Explicit concurrent mark sweep GC freed 3(96B) AllocSpace objects, 0(0B) LOS objects, 23% free, 53MB/69MB, paused 509us total 23.682ms
08-06 13:58:35.491  9672  9760 I art     : Starting a blocking GC Explicit
08-06 13:58:35.515  9672  9760 I art     : Explicit concurrent mark sweep GC freed 3(96B) AllocSpace objects, 0(0B) LOS objects, 23% free, 53MB/69MB, paused 557us total 24.018ms
08-06 13:58:35.812  9672 10490 I art     : Starting a blocking GC Explicit
08-06 13:58:35.842  9672 10490 I art     : Explicit concurrent mark sweep GC freed 1347(78KB) AllocSpace objects, 1(20KB) LOS objects, 23% free, 53MB/69MB, paused 595us total 29.702ms
08-06 13:58:35.853  9672 10490 I art     : Starting a blocking GC Explicit
08-06 13:58:35.878  9672 10490 I art     : Explicit concurrent mark sweep GC freed 20(704B) AllocSpace objects, 0(0B) LOS objects, 23% free, 53MB/69MB, paused 556us total 24.431ms
08-06 13:58:35.887  9672 10490 I art     : Starting a blocking GC Explicit
08-06 13:58:35.911  9672 10490 I art     : Explicit concurrent mark sweep GC freed 3(96B) AllocSpace objects, 0(0B) LOS objects, 23% free, 53MB/69MB, paused 538us total 24.155ms
08-06 13:58:35.921  9672 10490 I art     : Starting a blocking GC Explicit
08-06 13:58:35.944  9672 10490 I art     : Explicit concurrent mark sweep GC freed 3(96B) AllocSpace objects, 0(0B) LOS objects, 23% free, 53MB/69MB, paused 541us total 23.627ms
08-06 13:58:35.954  9672 10490 I art     : Starting a blocking GC Explicit
08-06 13:58:35.978  9672 10490 I art     : Explicit concurrent mark sweep GC freed 3(96B) AllocSpace objects, 0(0B) LOS objects, 23% free, 53MB/69MB, paused 549us total 24.123ms
08-06 13:58:36.178   518   646 I ThermalEngine: ACTION: GPU - Setting GPU[0] to 450000000
08-06 13:58:36.274  9672  9685 I art     : Starting a blocking GC Explicit
08-06 13:58:36.309  9672  9685 I art     : Explicit concurrent mark sweep GC freed 1347(78KB) AllocSpace objects, 1(20KB) LOS objects, 23% free, 53MB/69MB, paused 856us total 34.879ms
08-06 13:58:36.324  9672  9685 I art     : Starting a blocking GC Explicit
08-06 13:58:36.353  9672  9685 I art     : Explicit concurrent mark sweep GC freed 20(704B) AllocSpace objects, 0(0B) LOS objects, 23% free, 53MB/69MB, paused 743us total 28.486ms
08-06 13:58:36.364  9672  9685 I art     : Starting a blocking GC Explicit
08-06 13:58:36.393  9672  9685 I art     : Explicit concurrent mark sweep GC freed 3(96B) AllocSpace objects, 0(0B) LOS objects, 23% free, 53MB/69MB, paused 746us total 28.305ms
08-06 13:58:36.404  9672  9685 I art     : Starting a blocking GC Explicit
08-06 13:58:36.433  9672  9685 I art     : Explicit concurrent mark sweep GC freed 3(96B) AllocSpace objects, 0(0B) LOS objects, 23% free, 53MB/69MB, paused 751us total 29.069ms
08-06 13:58:36.445  9672  9685 I art     : Starting a blocking GC Explicit
08-06 13:58:36.454  5524  5524 I ServiceManager: Waiting for service AtCmdFwd...
08-06 13:58:36.474  9672  9685 I art     : Explicit concurrent mark sweep GC freed 3(96B) AllocSpace objects, 0(0B) LOS objects, 23% free, 53MB/69MB, paused 747us total 28.897ms
08-06 13:58:36.646 14075 14075 D AndroidRuntime: >>>>>> START com.android.internal.os.RuntimeInit uid 2000 <<<<<<
08-06 13:58:36.652 14075 14075 D AndroidRuntime: CheckJNI is OFF
08-06 13:58:36.694 14075 14075 D ICU     : No timezone override file found: /data/misc/zoneinfo/current/icu/icu_tzdata.dat
08-06 13:58:36.736 14075 14075 I Radio-JNI: register_android_hardware_Radio DONE
08-06 13:58:36.765 14075 14075 D AndroidRuntime: Calling main entry com.android.commands.input.Input
08-06 13:58:36.767 14075 14075 I Input   : injectKeyEvent: KeyEvent { action=ACTION_DOWN, keyCode=KEYCODE_BACK, scanCode=0, metaState=0, flags=0x0, repeatCount=0, eventTime=885533180, downTime=885533180, deviceId=-1, source=0x101 }
08-06 13:58:36.772 14075 14075 I Input   : injectKeyEvent: KeyEvent { action=ACTION_UP, keyCode=KEYCODE_BACK, scanCode=0, metaState=0, flags=0x0, repeatCount=0, eventTime=885533180, downTime=885533180, deviceId=-1, source=0x101 }
08-06 13:58:36.777 14075 14075 D AndroidRuntime: Shutting down VM
08-06 13:58:36.808  9672  9685 I art     : Starting a blocking GC Explicit
08-06 13:58:36.820 13866 13866 I GoogleInputMethodServic: GoogleInputMethodService.onFinishInput():3138 
08-06 13:58:36.821 13866 13866 I GoogleInputMethodServic: GoogleInputMethodService.onStartInput():1808 
08-06 13:58:36.837  9672  9685 I art     : Explicit concurrent mark sweep GC freed 1535(86KB) AllocSpace objects, 1(20KB) LOS objects, 23% free, 53MB/69MB, paused 758us total 29.006ms
08-06 13:58:36.850  9672  9685 I art     : Starting a blocking GC Explicit
08-06 13:58:36.878  9672  9685 I art     : Explicit concurrent mark sweep GC freed 45(1552B) AllocSpace objects, 0(0B) LOS objects, 23% free, 53MB/69MB, paused 761us total 27.362ms
08-06 13:58:36.888  9672  9685 I art     : Starting a blocking GC Explicit
08-06 13:58:36.913  9672  9685 I art     : Explicit concurrent mark sweep GC freed 3(96B) AllocSpace objects, 0(0B) LOS objects, 23% free, 53MB/69MB, paused 655us total 24.936ms
08-06 13:58:36.925  9672  9685 I art     : Starting a blocking GC Explicit
08-06 13:58:36.952  9672  9685 I art     : Explicit concurrent mark sweep GC freed 3(96B) AllocSpace objects, 0(0B) LOS objects, 23% free, 53MB/69MB, paused 677us total 27.291ms
08-06 13:58:36.963  9672  9685 I art     : Starting a blocking GC Explicit
08-06 13:58:36.991  9672  9685 I art     : Explicit concurrent mark sweep GC freed 3(96B) AllocSpace objects, 0(0B) LOS objects, 23% free, 53MB/69MB, paused 725us total 27.753ms
08-06 13:58:37.275  9672 10490 I art     : Starting a blocking GC Explicit
08-06 13:58:37.312  9672 10490 I art     : Explicit concurrent mark sweep GC freed 2023(111KB) AllocSpace objects, 1(20KB) LOS objects, 23% free, 53MB/69MB, paused 821us total 35.959ms
08-06 13:58:37.328  9672 10490 I art     : Starting a blocking GC Explicit
08-06 13:58:37.356  9672 10490 I art     : Explicit concurrent mark sweep GC freed 2678(174KB) AllocSpace objects, 1(28KB) LOS objects, 23% free, 53MB/69MB, paused 706us total 28.182ms
08-06 13:58:37.367  9672 10490 I art     : Starting a blocking GC Explicit
08-06 13:58:37.396  9672 10490 I art     : Explicit concurrent mark sweep GC freed 3(96B) AllocSpace objects, 0(0B) LOS objects, 23% free, 53MB/69MB, paused 713us total 28.624ms
08-06 13:58:37.408  9672 10490 I art     : Starting a blocking GC Explicit
08-06 13:58:37.436  9672 10490 I art     : Explicit concurrent mark sweep GC freed 3(96B) AllocSpace objects, 0(0B) LOS objects, 23% free, 53MB/69MB, paused 718us total 28.265ms
08-06 13:58:37.448  9672 10490 I art     : Starting a blocking GC Explicit
08-06 13:58:37.454  5524  5524 I ServiceManager: Waiting for service AtCmdFwd...
08-06 13:58:37.477  9672 10490 I art     : Explicit concurrent mark sweep GC freed 3(96B) AllocSpace objects, 0(0B) LOS objects, 23% free, 53MB/69MB, paused 727us total 28.711ms
08-06 13:58:37.786  9672  9684 I art     : Starting a blocking GC Explicit
08-06 13:58:37.823  9672  9684 I art     : Explicit concurrent mark sweep GC freed 1347(78KB) AllocSpace objects, 1(20KB) LOS objects, 23% free, 53MB/69MB, paused 792us total 36.565ms
08-06 13:58:37.837  9672  9684 I art     : Starting a blocking GC Explicit
08-06 13:58:37.866  9672  9684 I art     : Explicit concurrent mark sweep GC freed 20(704B) AllocSpace objects, 0(0B) LOS objects, 23% free, 53MB/69MB, paused 719us total 28.815ms
08-06 13:58:37.877  9672  9684 I art     : Starting a blocking GC Explicit
08-06 13:58:37.906  9672  9684 I art     : Explicit concurrent mark sweep GC freed 3(96B) AllocSpace objects, 0(0B) LOS objects, 23% free, 53MB/69MB, paused 738us total 28.743ms
08-06 13:58:37.918  9672  9684 I art     : Starting a blocking GC Explicit
08-06 13:58:37.947  9672  9684 I art     : Explicit concurrent mark sweep GC freed 3(96B) AllocSpace objects, 0(0B) LOS objects, 23% free, 53MB/69MB, paused 794us total 29.033ms
08-06 13:58:37.958  9672  9684 I art     : Starting a blocking GC Explicit
08-06 13:58:37.987  9672  9684 I art     : Explicit concurrent mark sweep GC freed 3(96B) AllocSpace objects, 0(0B) LOS objects, 23% free, 53MB/69MB, paused 756us total 28.111ms
08-06 13:58:38.279  9672  9919 I art     : Starting a blocking GC Explicit
08-06 13:58:38.310  9672  9919 I art     : Explicit concurrent mark sweep GC freed 1344(78KB) AllocSpace objects, 1(20KB) LOS objects, 23% free, 53MB/69MB, paused 786us total 30.479ms
08-06 13:58:38.325  9672  9919 I art     : Starting a blocking GC Explicit
08-06 13:58:38.354  9672  9919 I art     : Explicit concurrent mark sweep GC freed 20(704B) AllocSpace objects, 0(0B) LOS objects, 23% free, 53MB/69MB, paused 763us total 28.894ms
08-06 13:58:38.366  9672  9919 I art     : Starting a blocking GC Explicit
08-06 13:58:38.395  9672  9919 I art     : Explicit concurrent mark sweep GC freed 3(96B) AllocSpace objects, 0(0B) LOS objects, 23% free, 53MB/69MB, paused 767us total 29.269ms
08-06 13:58:38.406  9672  9919 I art     : Starting a blocking GC Explicit
08-06 13:58:38.436  9672  9919 I art     : Explicit concurrent mark sweep GC freed 3(96B) AllocSpace objects, 0(0B) LOS objects, 23% free, 53MB/69MB, paused 882us total 28.873ms
08-06 13:58:38.448  9672  9919 I art     : Starting a blocking GC Explicit
08-06 13:58:38.455  5524  5524 I ServiceManager: Waiting for service AtCmdFwd...
08-06 13:58:38.477  9672  9919 I art     : Explicit concurrent mark sweep GC freed 3(96B) AllocSpace objects, 0(0B) LOS objects, 23% free, 53MB/69MB, paused 829us total 29.654ms
08-06 13:58:38.625 14133 14133 D AndroidRuntime: >>>>>> START com.android.internal.os.RuntimeInit uid 2000 <<<<<<
08-06 13:58:38.632 14133 14133 D AndroidRuntime: CheckJNI is OFF
08-06 13:58:38.675 14133 14133 D ICU     : No timezone override file found: /data/misc/zoneinfo/current/icu/icu_tzdata.dat
08-06 13:58:38.718 14133 14133 I Radio-JNI: register_android_hardware_Radio DONE
08-06 13:58:38.745 14133 14133 D AndroidRuntime: Calling main entry com.android.commands.am.Am
08-06 13:58:38.751 14970 14970 I Trepn   : Trepn 6.2s: Received intent: com.quicinc.trepn.stop_profiling
08-06 13:58:38.771 14970 14970 I Trepn   : Trepn 6.2s: Trepn has Stopped Profiling.
08-06 13:58:38.807  9672  9760 I art     : Starting a blocking GC Explicit
08-06 13:58:38.833  9672  9760 I art     : Explicit concurrent mark sweep GC freed 1344(78KB) AllocSpace objects, 1(20KB) LOS objects, 23% free, 53MB/69MB, paused 706us total 25.999ms
08-06 13:58:38.844  9672  9760 I art     : Starting a blocking GC Explicit
08-06 13:58:38.871  9672  9760 I art     : Explicit concurrent mark sweep GC freed 20(704B) AllocSpace objects, 0(0B) LOS objects, 23% free, 53MB/69MB, paused 710us total 26.588ms
08-06 13:58:38.876 14133 14133 D AndroidRuntime: Shutting down VM
08-06 13:58:38.879   918  6112 W AppOps  : Finishing op nesting under-run: uid 10078 pkg com.quicinc.trepn code 24 time=0 duration=0 nesting=0
08-06 13:58:38.882  9672  9760 I art     : Starting a blocking GC Explicit
08-06 13:58:38.908  9672  9760 I art     : Explicit concurrent mark sweep GC freed 3(96B) AllocSpace objects, 0(0B) LOS objects, 23% free, 53MB/69MB, paused 682us total 26.132ms
08-06 13:58:38.919  9672  9760 I art     : Starting a blocking GC Explicit
08-06 13:58:38.947  9672  9760 I art     : Explicit concurrent mark sweep GC freed 3(96B) AllocSpace objects, 0(0B) LOS objects, 23% free, 53MB/69MB, paused 716us total 27.142ms
08-06 13:58:38.958  9672  9760 I art     : Starting a blocking GC Explicit
08-06 13:58:38.986  9672  9760 I art     : Explicit concurrent mark sweep GC freed 3(96B) AllocSpace objects, 0(0B) LOS objects, 23% free, 53MB/69MB, paused 731us total 27.690ms
08-06 13:58:39.293  9672  9685 I art     : Starting a blocking GC Explicit
08-06 13:58:39.322  9672  9685 I art     : Explicit concurrent mark sweep GC freed 1344(78KB) AllocSpace objects, 1(20KB) LOS objects, 23% free, 53MB/69MB, paused 768us total 28.213ms
08-06 13:58:39.333  9672  9685 I art     : Starting a blocking GC Explicit
08-06 13:58:39.361  9672  9685 I art     : Explicit concurrent mark sweep GC freed 20(704B) AllocSpace objects, 0(0B) LOS objects, 23% free, 53MB/69MB, paused 777us total 26.977ms
08-06 13:58:39.372  9672  9685 I art     : Starting a blocking GC Explicit
08-06 13:58:39.399  9672  9685 I art     : Explicit concurrent mark sweep GC freed 3(96B) AllocSpace objects, 0(0B) LOS objects, 23% free, 53MB/69MB, paused 771us total 26.651ms
08-06 13:58:39.410  9672  9685 I art     : Starting a blocking GC Explicit
08-06 13:58:39.437  9672  9685 I art     : Explicit concurrent mark sweep GC freed 3(96B) AllocSpace objects, 0(0B) LOS objects, 23% free, 53MB/69MB, paused 776us total 26.778ms
08-06 13:58:39.448  9672  9685 I art     : Starting a blocking GC Explicit
08-06 13:58:39.456  5524  5524 I ServiceManager: Waiting for service AtCmdFwd...
08-06 13:58:39.475  9672  9685 I art     : Explicit concurrent mark sweep GC freed 3(96B) AllocSpace objects, 0(0B) LOS objects, 23% free, 53MB/69MB, paused 668us total 26.410ms
08-06 13:58:40.456  5524  5524 W Atfwd_Sendcmd: AtCmdFwd service not published, waiting... retryCnt : 4
