08-06 13:57:00.648  9672  9684 I art     : Explicit concurrent mark sweep GC freed 3(96B) AllocSpace objects, 0(0B) LOS objects, 23% free, 52MB/68MB, paused 444us total 20.837ms
08-06 13:57:00.657  9672  9684 I art     : Starting a blocking GC Explicit
08-06 13:57:00.678  9672  9684 I art     : Explicit concurrent mark sweep GC freed 3(96B) AllocSpace objects, 0(0B) LOS objects, 23% free, 52MB/68MB, paused 453us total 20.433ms
08-06 13:57:00.971  9672  9685 I art     : Starting a blocking GC Explicit
08-06 13:57:01.000  9672  9685 I art     : Explicit concurrent mark sweep GC freed 1343(78KB) AllocSpace objects, 1(20KB) LOS objects, 23% free, 52MB/68MB, paused 500us total 28.340ms
08-06 13:57:01.011  9672  9685 I art     : Starting a blocking GC Explicit
08-06 13:57:01.032  9672  9685 I art     : Explicit concurrent mark sweep GC freed 20(704B) AllocSpace objects, 0(0B) LOS objects, 23% free, 52MB/68MB, paused 450us total 20.368ms
08-06 13:57:01.040  9672  9685 I art     : Starting a blocking GC Explicit
08-06 13:57:01.061  9672  9685 I art     : Explicit concurrent mark sweep GC freed 3(96B) AllocSpace objects, 0(0B) LOS objects, 23% free, 52MB/68MB, paused 465us total 20.771ms
08-06 13:57:01.070  9672  9685 I art     : Starting a blocking GC Explicit
08-06 13:57:01.091  9672  9685 I art     : Explicit concurrent mark sweep GC freed 3(96B) AllocSpace objects, 0(0B) LOS objects, 23% free, 52MB/68MB, paused 453us total 20.917ms
08-06 13:57:01.100  9672  9685 I art     : Starting a blocking GC Explicit
08-06 13:57:01.119  9672  9685 I art     : Explicit concurrent mark sweep GC freed 3(96B) AllocSpace objects, 0(0B) LOS objects, 23% free, 52MB/68MB, paused 434us total 19.276ms
08-06 13:57:01.396  9672  9919 I art     : Starting a blocking GC Explicit
08-06 13:57:01.417  9672  9919 I art     : Explicit concurrent mark sweep GC freed 1342(78KB) AllocSpace objects, 1(20KB) LOS objects, 23% free, 52MB/68MB, paused 520us total 21.186ms
08-06 13:57:01.426  9672  9919 I art     : Starting a blocking GC Explicit
08-06 13:57:01.441  5524  5524 I ServiceManager: Waiting for service AtCmdFwd...
08-06 13:57:01.446  9672  9919 I art     : Explicit concurrent mark sweep GC freed 20(704B) AllocSpace objects, 0(0B) LOS objects, 23% free, 52MB/68MB, paused 457us total 19.950ms
08-06 13:57:01.454  9672  9919 I art     : Starting a blocking GC Explicit
08-06 13:57:01.475  9672  9919 I art     : Explicit concurrent mark sweep GC freed 3(96B) AllocSpace objects, 0(0B) LOS objects, 23% free, 52MB/68MB, paused 458us total 20.032ms
08-06 13:57:01.483  9672  9919 I art     : Starting a blocking GC Explicit
08-06 13:57:01.502  9672  9919 I art     : Explicit concurrent mark sweep GC freed 3(96B) AllocSpace objects, 0(0B) LOS objects, 23% free, 52MB/68MB, paused 460us total 19.277ms
08-06 13:57:01.511  9672  9919 I art     : Starting a blocking GC Explicit
08-06 13:57:01.523 11527 11527 D AndroidRuntime: >>>>>> START com.android.internal.os.RuntimeInit uid 2000 <<<<<<
08-06 13:57:01.528 11527 11527 D AndroidRuntime: CheckJNI is OFF
08-06 13:57:01.531  9672  9919 I art     : Explicit concurrent mark sweep GC freed 3(96B) AllocSpace objects, 0(0B) LOS objects, 23% free, 52MB/68MB, paused 483us total 19.899ms
08-06 13:57:01.562 11527 11527 D ICU     : No timezone override file found: /data/misc/zoneinfo/current/icu/icu_tzdata.dat
08-06 13:57:01.595 11527 11527 I Radio-JNI: register_android_hardware_Radio DONE
08-06 13:57:01.616 11527 11527 D AndroidRuntime: Calling main entry com.android.commands.input.Input
08-06 13:57:01.618 11527 11527 I Input   : injectKeyEvent: KeyEvent { action=ACTION_DOWN, keyCode=KEYCODE_BACK, scanCode=0, metaState=0, flags=0x0, repeatCount=0, eventTime=885438031, downTime=885438031, deviceId=-1, source=0x101 }
08-06 13:57:01.624 11527 11527 I Input   : injectKeyEvent: KeyEvent { action=ACTION_UP, keyCode=KEYCODE_BACK, scanCode=0, metaState=0, flags=0x0, repeatCount=0, eventTime=885438031, downTime=885438031, deviceId=-1, source=0x101 }
08-06 13:57:01.629 11527 11527 D AndroidRuntime: Shutting down VM
08-06 13:57:01.680 13866 13866 I GoogleInputMethodServic: GoogleInputMethodService.onFinishInput():3138 
08-06 13:57:01.680 13866 13866 I GoogleInputMethodServic: GoogleInputMethodService.onStartInput():1808 
08-06 13:57:01.777  9672  9685 I art     : Starting a blocking GC Explicit
08-06 13:57:01.796  9672  9685 I art     : Explicit concurrent mark sweep GC freed 1552(87KB) AllocSpace objects, 1(20KB) LOS objects, 23% free, 52MB/68MB, paused 423us total 18.733ms
08-06 13:57:01.805  9672  9685 I art     : Starting a blocking GC Explicit
08-06 13:57:01.827  9672  9685 I art     : Explicit concurrent mark sweep GC freed 24(864B) AllocSpace objects, 0(0B) LOS objects, 23% free, 52MB/68MB, paused 468us total 21.670ms
08-06 13:57:01.838  9672  9685 I art     : Starting a blocking GC Explicit
08-06 13:57:01.861  9672  9685 I art     : Explicit concurrent mark sweep GC freed 3(96B) AllocSpace objects, 0(0B) LOS objects, 23% free, 52MB/68MB, paused 412us total 22.992ms
08-06 13:57:01.873  9672  9685 I art     : Starting a blocking GC Explicit
08-06 13:57:01.898  9672  9685 I art     : Explicit concurrent mark sweep GC freed 3(96B) AllocSpace objects, 0(0B) LOS objects, 23% free, 52MB/68MB, paused 734us total 23.959ms
08-06 13:57:01.909  9672  9685 I art     : Starting a blocking GC Explicit
08-06 13:57:01.934  9672  9685 I art     : Explicit concurrent mark sweep GC freed 3(96B) AllocSpace objects, 0(0B) LOS objects, 23% free, 52MB/68MB, paused 485us total 24.277ms
08-06 13:57:02.193  9672  9685 I art     : Starting a blocking GC Explicit
08-06 13:57:02.214  9672  9685 I art     : Explicit concurrent mark sweep GC freed 1982(109KB) AllocSpace objects, 1(20KB) LOS objects, 23% free, 52MB/68MB, paused 465us total 20.826ms
08-06 13:57:02.220   918  3261 D WifiStateMachine: starting scan for "H369AA63323"WPA_PSK with 2412,5180
08-06 13:57:02.223  9672  9685 I art     : Starting a blocking GC Explicit
08-06 13:57:02.243  9672  9685 I art     : Explicit concurrent mark sweep GC freed 2106(128KB) AllocSpace objects, 2(140KB) LOS objects, 23% free, 52MB/68MB, paused 451us total 19.869ms
08-06 13:57:02.251  9672  9685 I art     : Starting a blocking GC Explicit
08-06 13:57:02.271  9672  9685 I art     : Explicit concurrent mark sweep GC freed 3(96B) AllocSpace objects, 0(0B) LOS objects, 23% free, 52MB/68MB, paused 444us total 19.447ms
08-06 13:57:02.279  9672  9685 I art     : Starting a blocking GC Explicit
08-06 13:57:02.298  9672  9685 I art     : Explicit concurrent mark sweep GC freed 3(96B) AllocSpace objects, 0(0B) LOS objects, 23% free, 52MB/68MB, paused 443us total 18.696ms
08-06 13:57:02.307  9672  9685 I art     : Starting a blocking GC Explicit
08-06 13:57:02.326  9672  9685 I art     : Explicit concurrent mark sweep GC freed 3(96B) AllocSpace objects, 0(0B) LOS objects, 23% free, 52MB/68MB, paused 485us total 19.518ms
08-06 13:57:02.441  5524  5524 I ServiceManager: Waiting for service AtCmdFwd...
08-06 13:57:02.618  9672  9919 I art     : Starting a blocking GC Explicit
08-06 13:57:02.639  9672  9919 I art     : Explicit concurrent mark sweep GC freed 1342(78KB) AllocSpace objects, 1(20KB) LOS objects, 23% free, 52MB/68MB, paused 451us total 20.519ms
08-06 13:57:02.651  9672  9919 I art     : Starting a blocking GC Explicit
08-06 13:57:02.671  9672  9919 I art     : Explicit concurrent mark sweep GC freed 20(704B) AllocSpace objects, 0(0B) LOS objects, 23% free, 52MB/68MB, paused 483us total 20.364ms
08-06 13:57:02.680  9672  9919 I art     : Starting a blocking GC Explicit
08-06 13:57:02.700  9672  9919 I art     : Explicit concurrent mark sweep GC freed 3(96B) AllocSpace objects, 0(0B) LOS objects, 23% free, 52MB/68MB, paused 443us total 19.618ms
08-06 13:57:02.708  9672  9919 I art     : Starting a blocking GC Explicit
08-06 13:57:02.728  9672  9919 I art     : Explicit concurrent mark sweep GC freed 3(96B) AllocSpace objects, 0(0B) LOS objects, 23% free, 52MB/68MB, paused 437us total 19.492ms
08-06 13:57:02.737  9672  9919 I art     : Starting a blocking GC Explicit
08-06 13:57:02.756  9672  9919 I art     : Explicit concurrent mark sweep GC freed 3(96B) AllocSpace objects, 0(0B) LOS objects, 23% free, 52MB/68MB, paused 439us total 19.600ms
08-06 13:57:03.010   518   646 I ThermalEngine: ACTION: GPU - Setting GPU[0] to 450000000
08-06 13:57:03.020  9672  9760 I art     : Starting a blocking GC Explicit
08-06 13:57:03.045  9672  9760 I art     : Explicit concurrent mark sweep GC freed 1340(78KB) AllocSpace objects, 1(20KB) LOS objects, 23% free, 52MB/68MB, paused 610us total 25.006ms
08-06 13:57:03.056  9672  9760 I art     : Starting a blocking GC Explicit
08-06 13:57:03.080  9672  9760 I art     : Explicit concurrent mark sweep GC freed 20(704B) AllocSpace objects, 0(0B) LOS objects, 23% free, 52MB/68MB, paused 610us total 24.054ms
08-06 13:57:03.091  9672  9760 I art     : Starting a blocking GC Explicit
08-06 13:57:03.115  9672  9760 I art     : Explicit concurrent mark sweep GC freed 3(96B) AllocSpace objects, 0(0B) LOS objects, 23% free, 52MB/68MB, paused 613us total 23.523ms
08-06 13:57:03.125  9672  9760 I art     : Starting a blocking GC Explicit
08-06 13:57:03.149  9672  9760 I art     : Explicit concurrent mark sweep GC freed 3(96B) AllocSpace objects, 0(0B) LOS objects, 23% free, 52MB/68MB, paused 600us total 23.750ms
08-06 13:57:03.160  9672  9760 I art     : Starting a blocking GC Explicit
08-06 13:57:03.184  9672  9760 I art     : Explicit concurrent mark sweep GC freed 3(96B) AllocSpace objects, 0(0B) LOS objects, 23% free, 52MB/68MB, paused 617us total 23.813ms
08-06 13:57:03.377 11580 11580 D AndroidRuntime: >>>>>> START com.android.internal.os.RuntimeInit uid 2000 <<<<<<
08-06 13:57:03.384 11580 11580 D AndroidRuntime: CheckJNI is OFF
08-06 13:57:03.426 11580 11580 D ICU     : No timezone override file found: /data/misc/zoneinfo/current/icu/icu_tzdata.dat
08-06 13:57:03.442  5524  5524 I ServiceManager: Waiting for service AtCmdFwd...
08-06 13:57:03.468 11580 11580 I Radio-JNI: register_android_hardware_Radio DONE
08-06 13:57:03.497 11580 11580 D AndroidRuntime: Calling main entry com.android.commands.input.Input
08-06 13:57:03.499 11580 11580 I Input   : injectMotionEvent: MotionEvent { action=ACTION_DOWN, actionButton=0, id[0]=0, x[0]=1053.0, y[0]=1173.0, toolType[0]=TOOL_TYPE_UNKNOWN, buttonState=0, metaState=0, flags=0x0, edgeFlags=0x0, pointerCount=1, historySize=0, eventTime=885439912, downTime=885439912, deviceId=0, source=0x1002 }
08-06 13:57:03.504 11580 11580 I Input   : injectMotionEvent: MotionEvent { action=ACTION_UP, actionButton=0, id[0]=0, x[0]=1053.0, y[0]=1173.0, toolType[0]=TOOL_TYPE_UNKNOWN, buttonState=0, metaState=0, flags=0x0, edgeFlags=0x0, pointerCount=1, historySize=0, eventTime=885439912, downTime=885439912, deviceId=0, source=0x1002 }
08-06 13:57:03.506   918  3961 I ActivityManager: START u0 {cmp=baseline.appteam.nith.hillffair/.activities.QuizActivity} from uid 10697 on display 0
08-06 13:57:03.511  9672  9684 I art     : Starting a blocking GC Explicit
08-06 13:57:03.512 11580 11580 D AndroidRuntime: Shutting down VM
08-06 13:57:03.538  9672  9684 I art     : Explicit concurrent mark sweep GC freed 1686(122KB) AllocSpace objects, 1(20KB) LOS objects, 23% free, 52MB/68MB, paused 1.031ms total 26.686ms
08-06 13:57:03.548  9672  9684 I art     : Starting a blocking GC Explicit
08-06 13:57:03.576  9672  9684 I art     : Explicit concurrent mark sweep GC freed 484(21KB) AllocSpace objects, 0(0B) LOS objects, 23% free, 52MB/68MB, paused 733us total 27.530ms
08-06 13:57:03.587  9672  9684 I art     : Starting a blocking GC Explicit
08-06 13:57:03.611  9672  9684 I art     : Explicit concurrent mark sweep GC freed 126(5KB) AllocSpace objects, 0(0B) LOS objects, 23% free, 52MB/68MB, paused 923us total 23.749ms
08-06 13:57:03.622  9672  9684 I art     : Starting a blocking GC Explicit
08-06 13:57:03.648  9672  9684 I art     : Explicit concurrent mark sweep GC freed 30(1056B) AllocSpace objects, 0(0B) LOS objects, 23% free, 52MB/68MB, paused 611us total 25.215ms
08-06 13:57:03.658  9672  9684 I art     : Starting a blocking GC Explicit
08-06 13:57:03.669   918   936 I ActivityManager: Displayed baseline.appteam.nith.hillffair/.activities.QuizActivity: +156ms
08-06 13:57:03.669 13866 13866 I GoogleInputMethodServic: GoogleInputMethodService.onFinishInput():3138 
08-06 13:57:03.670 13866 13866 I GoogleInputMethodServic: GoogleInputMethodService.onStartInput():1808 
08-06 13:57:03.682  9672  9684 I art     : Explicit concurrent mark sweep GC freed 27(1152B) AllocSpace objects, 0(0B) LOS objects, 23% free, 52MB/68MB, paused 630us total 24.036ms
08-06 13:57:03.941   380   380 W SurfaceFlinger: couldn't log to binary event log: overflow.
08-06 13:57:03.984  9672 10490 I art     : Starting a blocking GC Explicit
08-06 13:57:04.009  9672 10490 I art     : Explicit concurrent mark sweep GC freed 1391(80KB) AllocSpace objects, 1(20KB) LOS objects, 23% free, 52MB/68MB, paused 537us total 24.628ms
08-06 13:57:04.019  9672 10490 I art     : Starting a blocking GC Explicit
08-06 13:57:04.043  9672 10490 I art     : Explicit concurrent mark sweep GC freed 96(5KB) AllocSpace objects, 0(0B) LOS objects, 23% free, 52MB/68MB, paused 561us total 23.613ms
08-06 13:57:04.054  9672 10490 I art     : Starting a blocking GC Explicit
08-06 13:57:04.078  9672 10490 I art     : Explicit concurrent mark sweep GC freed 11(400B) AllocSpace objects, 0(0B) LOS objects, 23% free, 52MB/68MB, paused 559us total 23.931ms
08-06 13:57:04.089  9672 10490 I art     : Starting a blocking GC Explicit
08-06 13:57:04.113  9672 10490 I art     : Explicit concurrent mark sweep GC freed 3(96B) AllocSpace objects, 0(0B) LOS objects, 23% free, 52MB/68MB, paused 549us total 23.810ms
08-06 13:57:04.124  9672 10490 I art     : Starting a blocking GC Explicit
08-06 13:57:04.149  9672 10490 I art     : Explicit concurrent mark sweep GC freed 3(96B) AllocSpace objects, 0(0B) LOS objects, 23% free, 52MB/68MB, paused 563us total 25.145ms
08-06 13:57:04.443  5524  5524 I ServiceManager: Waiting for service AtCmdFwd...
08-06 13:57:04.465  9672  9685 I art     : Starting a blocking GC Explicit
08-06 13:57:04.495  9672  9685 I art     : Explicit concurrent mark sweep GC freed 1342(78KB) AllocSpace objects, 1(20KB) LOS objects, 23% free, 52MB/68MB, paused 589us total 30.076ms
08-06 13:57:04.506  9672  9685 I art     : Starting a blocking GC Explicit
08-06 13:57:04.532  9672  9685 I art     : Explicit concurrent mark sweep GC freed 20(704B) AllocSpace objects, 0(0B) LOS objects, 23% free, 52MB/68MB, paused 575us total 25.694ms
08-06 13:57:04.543  9672  9685 I art     : Starting a blocking GC Explicit
08-06 13:57:04.569  9672  9685 I art     : Explicit concurrent mark sweep GC freed 3(96B) AllocSpace objects, 0(0B) LOS objects, 23% free, 52MB/68MB, paused 653us total 25.774ms
08-06 13:57:04.581  9672  9685 I art     : Starting a blocking GC Explicit
08-06 13:57:04.607  9672  9685 I art     : Explicit concurrent mark sweep GC freed 3(96B) AllocSpace objects, 0(0B) LOS objects, 23% free, 52MB/68MB, paused 638us total 25.683ms
08-06 13:57:04.618  9672  9685 I art     : Starting a blocking GC Explicit
08-06 13:57:04.644  9672  9685 I art     : Explicit concurrent mark sweep GC freed 3(96B) AllocSpace objects, 0(0B) LOS objects, 23% free, 52MB/68MB, paused 576us total 25.896ms
08-06 13:57:04.959  9672  9684 I art     : Starting a blocking GC Explicit
08-06 13:57:04.992  9672  9684 I art     : Explicit concurrent mark sweep GC freed 1342(78KB) AllocSpace objects, 1(20KB) LOS objects, 23% free, 52MB/68MB, paused 596us total 32.761ms
08-06 13:57:05.006  9672  9684 I art     : Starting a blocking GC Explicit
08-06 13:57:05.032  9672  9684 I art     : Explicit concurrent mark sweep GC freed 20(704B) AllocSpace objects, 0(0B) LOS objects, 23% free, 52MB/68MB, paused 570us total 26.003ms
08-06 13:57:05.043  9672  9684 I art     : Starting a blocking GC Explicit
08-06 13:57:05.069  9672  9684 I art     : Explicit concurrent mark sweep GC freed 3(96B) AllocSpace objects, 0(0B) LOS objects, 23% free, 52MB/68MB, paused 582us total 25.690ms
08-06 13:57:05.080  9672  9684 I art     : Starting a blocking GC Explicit
08-06 13:57:05.106  9672  9684 I art     : Explicit concurrent mark sweep GC freed 3(96B) AllocSpace objects, 0(0B) LOS objects, 23% free, 52MB/68MB, paused 575us total 26.143ms
08-06 13:57:05.117  9672  9684 I art     : Starting a blocking GC Explicit
08-06 13:57:05.144  9672  9684 I art     : Explicit concurrent mark sweep GC freed 3(96B) AllocSpace objects, 0(0B) LOS objects, 23% free, 52MB/68MB, paused 567us total 25.867ms
08-06 13:57:05.443  5524  5524 W Atfwd_Sendcmd: AtCmdFwd service not published, waiting... retryCnt : 5
08-06 13:57:05.499  9672  9685 I art     : Starting a blocking GC Explicit
08-06 13:57:05.526  9672  9685 I art     : Explicit concurrent mark sweep GC freed 1372(79KB) AllocSpace objects, 1(20KB) LOS objects, 23% free, 52MB/68MB, paused 586us total 26.478ms
08-06 13:57:05.540  9672  9685 I art     : Starting a blocking GC Explicit
08-06 13:57:05.567  9672  9685 I art     : Explicit concurrent mark sweep GC freed 20(704B) AllocSpace objects, 0(0B) LOS objects, 23% free, 52MB/68MB, paused 601us total 27.005ms
08-06 13:57:05.578  9672  9685 I art     : Starting a blocking GC Explicit
08-06 13:57:05.606  9672  9685 I art     : Explicit concurrent mark sweep GC freed 3(96B) AllocSpace objects, 0(0B) LOS objects, 23% free, 52MB/68MB, paused 592us total 27.290ms
08-06 13:57:05.617  9672  9685 I art     : Starting a blocking GC Explicit
08-06 13:57:05.644  9672  9685 I art     : Explicit concurrent mark sweep GC freed 3(96B) AllocSpace objects, 0(0B) LOS objects, 23% free, 52MB/68MB, paused 628us total 26.442ms
08-06 13:57:05.655  9672  9685 I art     : Starting a blocking GC Explicit
08-06 13:57:05.683  9672  9685 I art     : Explicit concurrent mark sweep GC freed 3(96B) AllocSpace objects, 0(0B) LOS objects, 23% free, 52MB/68MB, paused 595us total 27.661ms
08-06 13:57:05.966  9672  9684 I art     : Starting a blocking GC Explicit
08-06 13:57:05.994  9672  9684 I art     : Explicit concurrent mark sweep GC freed 1342(78KB) AllocSpace objects, 1(20KB) LOS objects, 23% free, 52MB/68MB, paused 587us total 27.375ms
08-06 13:57:06.004  9672  9684 I art     : Starting a blocking GC Explicit
08-06 13:57:06.030  9672  9684 I art     : Explicit concurrent mark sweep GC freed 20(704B) AllocSpace objects, 0(0B) LOS objects, 23% free, 52MB/68MB, paused 599us total 25.042ms
08-06 13:57:06.041  9672  9684 I art     : Starting a blocking GC Explicit
08-06 13:57:06.067  9672  9684 I art     : Explicit concurrent mark sweep GC freed 3(96B) AllocSpace objects, 0(0B) LOS objects, 23% free, 52MB/68MB, paused 688us total 26.398ms
08-06 13:57:06.078  9672  9684 I art     : Starting a blocking GC Explicit
08-06 13:57:06.104  9672  9684 I art     : Explicit concurrent mark sweep GC freed 3(96B) AllocSpace objects, 0(0B) LOS objects, 23% free, 52MB/68MB, paused 570us total 25.860ms
08-06 13:57:06.115  9672  9684 I art     : Starting a blocking GC Explicit
08-06 13:57:06.142  9672  9684 I art     : Explicit concurrent mark sweep GC freed 3(96B) AllocSpace objects, 0(0B) LOS objects, 23% free, 52MB/68MB, paused 599us total 26.960ms
08-06 13:57:06.315 11655 11655 D AndroidRuntime: >>>>>> START com.android.internal.os.RuntimeInit uid 2000 <<<<<<
08-06 13:57:06.322 11655 11655 D AndroidRuntime: CheckJNI is OFF
08-06 13:57:06.363 11655 11655 D ICU     : No timezone override file found: /data/misc/zoneinfo/current/icu/icu_tzdata.dat
08-06 13:57:06.404 11655 11655 I Radio-JNI: register_android_hardware_Radio DONE
08-06 13:57:06.433 11655 11655 D AndroidRuntime: Calling main entry com.android.commands.input.Input
08-06 13:57:06.435 11655 11655 I Input   : injectMotionEvent: MotionEvent { action=ACTION_DOWN, actionButton=0, id[0]=0, x[0]=756.0, y[0]=1530.0, toolType[0]=TOOL_TYPE_UNKNOWN, buttonState=0, metaState=0, flags=0x0, edgeFlags=0x0, pointerCount=1, historySize=0, eventTime=885442848, downTime=885442848, deviceId=0, source=0x1002 }
08-06 13:57:06.439 11655 11655 I Input   : injectMotionEvent: MotionEvent { action=ACTION_UP, actionButton=0, id[0]=0, x[0]=756.0, y[0]=1530.0, toolType[0]=TOOL_TYPE_UNKNOWN, buttonState=0, metaState=0, flags=0x0, edgeFlags=0x0, pointerCount=1, historySize=0, eventTime=885442848, downTime=885442848, deviceId=0, source=0x1002 }
08-06 13:57:06.441 11655 11655 D AndroidRuntime: Shutting down VM
08-06 13:57:06.451  9672  9919 I art     : Starting a blocking GC Explicit
08-06 13:57:06.457   918  6029 I ActivityManager: START u0 {cmp=baseline.appteam.nith.hillffair/.activities.LeaderBoardActivity} from uid 10697 on display 0
08-06 13:57:06.459   512  2967 D audio_hw_primary: out_set_parameters: enter: usecase(1: low-latency-playback) kvpairs: routing=2
08-06 13:57:06.472   512  2967 D audio_hw_primary: select_devices: out_snd_device(2: speaker) in_snd_device(0: none)
08-06 13:57:06.472   512  2967 D msm8974_platform: platform_send_audio_calibration: sending audio calibration for snd_device(2) acdb_id(15)
08-06 13:57:06.472   512  2967 I soundtrigger: audio_extn_sound_trigger_update_device_status: device 0x2 of type 0 for Event 1
08-06 13:57:06.484  9672  9919 I art     : Explicit concurrent mark sweep GC freed 1535(96KB) AllocSpace objects, 1(20KB) LOS objects, 23% free, 52MB/68MB, paused 1.393ms total 32.137ms
08-06 13:57:06.488   512  2967 D audio_hw_primary: enable_snd_device: snd_device(2: speaker)
08-06 13:57:06.490   512  2967 D audio_hw_primary: enable_audio_route: apply and update mixer path: low-latency-playback speaker
08-06 13:57:06.495  9672  9919 I art     : Starting a blocking GC Explicit
08-06 13:57:06.521  9672  9919 I art     : Explicit concurrent mark sweep GC freed 4716(273KB) AllocSpace objects, 0(0B) LOS objects, 23% free, 52MB/68MB, paused 883us total 25.955ms
08-06 13:57:06.532  9672  9919 I art     : Starting a blocking GC Explicit
08-06 13:57:06.557  9672  9919 I art     : Explicit concurrent mark sweep GC freed 259(11KB) AllocSpace objects, 0(0B) LOS objects, 23% free, 52MB/68MB, paused 637us total 24.121ms
08-06 13:57:06.567  9672  9919 I art     : Starting a blocking GC Explicit
08-06 13:57:06.593  9672  9672 E RecyclerView: No adapter attached; skipping layout
08-06 13:57:06.593  9672  9919 I art     : Explicit concurrent mark sweep GC freed 14(528B) AllocSpace objects, 0(0B) LOS objects, 23% free, 52MB/68MB, paused 1.043ms total 26.135ms
08-06 13:57:06.595  9672  9672 E RecyclerView: No adapter attached; skipping layout
08-06 13:57:06.604  9672  9919 I art     : Starting a blocking GC Explicit
08-06 13:57:06.624   918   936 I ActivityManager: Displayed baseline.appteam.nith.hillffair/.activities.LeaderBoardActivity: +157ms
08-06 13:57:06.626 13866 13866 I GoogleInputMethodServic: GoogleInputMethodService.onFinishInput():3138 
08-06 13:57:06.628  9672  9672 E RecyclerView: No adapter attached; skipping layout
08-06 13:57:06.628 13866 13866 I GoogleInputMethodServic: GoogleInputMethodService.onStartInput():1808 
08-06 13:57:06.633  9672  9919 I art     : Explicit concurrent mark sweep GC freed 199(8KB) AllocSpace objects, 0(0B) LOS objects, 23% free, 52MB/68MB, paused 663us total 28.764ms
08-06 13:57:06.656  9672  9695 D OpenGLRenderer: endAllStagingAnimators on 0x7f828fc400 (RippleDrawable) with handle 0x7f805bd460
08-06 13:57:06.893   380   380 W SurfaceFlinger: couldn't log to binary event log: overflow.
08-06 13:57:06.933  9672  9919 I art     : Starting a blocking GC Explicit
08-06 13:57:06.957  9672  9919 I art     : Explicit concurrent mark sweep GC freed 1381(80KB) AllocSpace objects, 1(20KB) LOS objects, 23% free, 52MB/68MB, paused 589us total 23.870ms
08-06 13:57:06.967  9672  9919 I art     : Starting a blocking GC Explicit
08-06 13:57:06.991  9672  9919 I art     : Explicit concurrent mark sweep GC freed 38(1296B) AllocSpace objects, 0(0B) LOS objects, 23% free, 52MB/68MB, paused 600us total 23.624ms
08-06 13:57:07.002  9672  9919 I art     : Starting a blocking GC Explicit
08-06 13:57:07.029   512  2967 D audio_hw_primary: disable_audio_route: reset and update mixer path: low-latency-playback speaker
08-06 13:57:07.030  9672  9919 I art     : Explicit concurrent mark sweep GC freed 103(6KB) AllocSpace objects, 0(0B) LOS objects, 23% free, 52MB/68MB, paused 600us total 27.963ms
08-06 13:57:07.031   512  2967 D audio_hw_primary: disable_snd_device: snd_device(2: speaker)
08-06 13:57:07.039   512  2967 I soundtrigger: audio_extn_sound_trigger_update_device_status: device 0x2 of type 0 for Event 0
08-06 13:57:07.040  9672  9919 I art     : Starting a blocking GC Explicit
08-06 13:57:07.065  9672  9919 I art     : Explicit concurrent mark sweep GC freed 30(1024B) AllocSpace objects, 0(0B) LOS objects, 23% free, 52MB/68MB, paused 621us total 24.365ms
08-06 13:57:07.076  9672  9919 I art     : Starting a blocking GC Explicit
08-06 13:57:07.101  9672  9919 I art     : Explicit concurrent mark sweep GC freed 15(560B) AllocSpace objects, 0(0B) LOS objects, 23% free, 52MB/68MB, paused 794us total 25.569ms
08-06 13:57:07.367  9672 11688 D OkHttp  : --> GET https://api-hillfair-2k16.herokuapp.com/api/app/quiz/leaderboard?from=1 http/1.1
08-06 13:57:07.399  9672  9760 I art     : Starting a blocking GC Explicit
08-06 13:57:07.405  9672 11688 D OkHttp  : <-- 200 OK https://api-hillfair-2k16.herokuapp.com/api/app/quiz/leaderboard?from=1 (37ms, 56744-byte body)
08-06 13:57:07.428  9672  9760 I art     : Explicit concurrent mark sweep GC freed 10674(532KB) AllocSpace objects, 4(220KB) LOS objects, 23% free, 52MB/68MB, paused 784us total 29.115ms
08-06 13:57:07.439  9672  9760 I art     : Starting a blocking GC Explicit
08-06 13:57:07.467  9672  9760 I art     : Explicit concurrent mark sweep GC freed 15263(778KB) AllocSpace objects, 0(0B) LOS objects, 23% free, 52MB/68MB, paused 792us total 27.196ms
08-06 13:57:07.477  9672  9760 I art     : Starting a blocking GC Explicit
08-06 13:57:07.484  9672  9672 I NAPPA_EXPERIMENTATION: MetricNetworkRequestExecutionTime: REQUEST_DURATION_SYSTEM='977',REQUEST_DURATION_OKHTTP='37',REQUEST_SYNCHRONOUS='FALSE',RESPONSE_CODE='200',RESPONSE_METHOD='GET',RESPONSE_LENGTH_OKHTTP='56744',RESPONSE_LENGTH_HEADER='56744',REQUEST_PROTOCOL='http/1.1',REQUEST_URL='https://api-hillfair-2k16.herokuapp.com/api/app/quiz/leaderboard?from=1',
08-06 13:57:07.504  9672  9760 I art     : Explicit concurrent mark sweep GC freed 4329(218KB) AllocSpace objects, 0(0B) LOS objects, 23% free, 52MB/68MB, paused 792us total 26.057ms
08-06 13:57:07.514  9672  9760 I art     : Starting a blocking GC Explicit
08-06 13:57:07.541  9672  9760 I art     : Explicit concurrent mark sweep GC freed 554(23KB) AllocSpace objects, 0(0B) LOS objects, 23% free, 52MB/68MB, paused 1.070ms total 26.908ms
08-06 13:57:07.552  9672  9760 I art     : Starting a blocking GC Explicit
08-06 13:57:07.580  9672  9760 I art     : Explicit concurrent mark sweep GC freed 486(19KB) AllocSpace objects, 0(0B) LOS objects, 23% free, 52MB/68MB, paused 623us total 28.034ms
08-06 13:57:07.882  9672  9685 I art     : Starting a blocking GC Explicit
08-06 13:57:07.911  9672  9685 I art     : Explicit concurrent mark sweep GC freed 1451(81KB) AllocSpace objects, 1(20KB) LOS objects, 23% free, 52MB/68MB, paused 624us total 29.307ms
08-06 13:57:07.923  9672  9685 I art     : Starting a blocking GC Explicit
08-06 13:57:07.952  9672  9685 I art     : Explicit concurrent mark sweep GC freed 20(704B) AllocSpace objects, 0(0B) LOS objects, 23% free, 52MB/68MB, paused 593us total 29.171ms
08-06 13:57:07.964  9672  9685 I art     : Starting a blocking GC Explicit
08-06 13:57:07.993  9672  9685 I art     : Explicit concurrent mark sweep GC freed 3(96B) AllocSpace objects, 0(0B) LOS objects, 23% free, 52MB/68MB, paused 613us total 28.732ms
08-06 13:57:08.004  9672  9685 I art     : Starting a blocking GC Explicit
08-06 13:57:08.033  9672  9685 I art     : Explicit concurrent mark sweep GC freed 3(96B) AllocSpace objects, 0(0B) LOS objects, 23% free, 52MB/68MB, paused 597us total 28.642ms
08-06 13:57:08.044  9672  9685 I art     : Starting a blocking GC Explicit
08-06 13:57:08.073  9672  9685 I art     : Explicit concurrent mark sweep GC freed 3(96B) AllocSpace objects, 0(0B) LOS objects, 23% free, 52MB/68MB, paused 613us total 28.043ms
08-06 13:57:08.400  9672  9684 I art     : Starting a blocking GC Explicit
08-06 13:57:08.436  9672  9684 I art     : Explicit concurrent mark sweep GC freed 1347(78KB) AllocSpace objects, 1(20KB) LOS objects, 23% free, 52MB/68MB, paused 646us total 35.086ms
08-06 13:57:08.450  9672  9684 I art     : Starting a blocking GC Explicit
08-06 13:57:08.480  9672  9684 I art     : Explicit concurrent mark sweep GC freed 20(704B) AllocSpace objects, 0(0B) LOS objects, 23% free, 52MB/68MB, paused 626us total 29.862ms
08-06 13:57:08.492  9672  9684 I art     : Starting a blocking GC Explicit
08-06 13:57:08.523  9672  9684 I art     : Explicit concurrent mark sweep GC freed 3(96B) AllocSpace objects, 0(0B) LOS objects, 23% free, 52MB/68MB, paused 596us total 31.097ms
08-06 13:57:08.534  9672  9684 I art     : Starting a blocking GC Explicit
08-06 13:57:08.566  9672  9684 I art     : Explicit concurrent mark sweep GC freed 3(96B) AllocSpace objects, 0(0B) LOS objects, 23% free, 52MB/68MB, paused 631us total 30.962ms
08-06 13:57:08.566  9672  9683 I art     : WaitForGcToComplete blocked for 27.853ms for cause HeapTrim
08-06 13:57:08.577  9672  9684 I art     : Starting a blocking GC Explicit
08-06 13:57:08.609  9672  9684 I art     : Explicit concurrent mark sweep GC freed 3(96B) AllocSpace objects, 0(0B) LOS objects, 23% free, 52MB/68MB, paused 628us total 31.541ms
08-06 13:57:08.935  9672  9760 I art     : Starting a blocking GC Explicit
08-06 13:57:08.974  9672  9760 I art     : Explicit concurrent mark sweep GC freed 1347(78KB) AllocSpace objects, 1(20KB) LOS objects, 23% free, 52MB/68MB, paused 703us total 38.532ms
08-06 13:57:08.990  9672  9760 I art     : Starting a blocking GC Explicit
08-06 13:57:09.019  9672  9760 I art     : Explicit concurrent mark sweep GC freed 20(704B) AllocSpace objects, 0(0B) LOS objects, 23% free, 52MB/68MB, paused 600us total 29.376ms
08-06 13:57:09.031  9672  9760 I art     : Starting a blocking GC Explicit
08-06 13:57:09.062  9672  9760 I art     : Explicit concurrent mark sweep GC freed 3(96B) AllocSpace objects, 0(0B) LOS objects, 23% free, 52MB/68MB, paused 615us total 30.894ms
08-06 13:57:09.074  9672  9760 I art     : Starting a blocking GC Explicit
08-06 13:57:09.104  9672  9760 I art     : Explicit concurrent mark sweep GC freed 3(96B) AllocSpace objects, 0(0B) LOS objects, 23% free, 52MB/68MB, paused 600us total 30.187ms
08-06 13:57:09.116  9672  9760 I art     : Starting a blocking GC Explicit
08-06 13:57:09.142  9672  9760 I art     : Explicit concurrent mark sweep GC freed 3(96B) AllocSpace objects, 0(0B) LOS objects, 23% free, 52MB/68MB, paused 592us total 25.750ms
08-06 13:57:09.474  9672 10490 I art     : Starting a blocking GC Explicit
08-06 13:57:09.509  9672 10490 I art     : Explicit concurrent mark sweep GC freed 1347(78KB) AllocSpace objects, 1(20KB) LOS objects, 23% free, 52MB/68MB, paused 619us total 34.136ms
08-06 13:57:09.520  9672 10490 I art     : Starting a blocking GC Explicit
08-06 13:57:09.552  9672 10490 I art     : Explicit concurrent mark sweep GC freed 20(704B) AllocSpace objects, 0(0B) LOS objects, 23% free, 52MB/68MB, paused 612us total 31.203ms
08-06 13:57:09.564  9672 10490 I art     : Starting a blocking GC Explicit
08-06 13:57:09.595  9672 10490 I art     : Explicit concurrent mark sweep GC freed 3(96B) AllocSpace objects, 0(0B) LOS objects, 23% free, 52MB/68MB, paused 713us total 31.100ms
08-06 13:57:09.607  9672 10490 I art     : Starting a blocking GC Explicit
08-06 13:57:09.636  9672 10490 I art     : Explicit concurrent mark sweep GC freed 3(96B) AllocSpace objects, 0(0B) LOS objects, 23% free, 52MB/68MB, paused 623us total 29.364ms
08-06 13:57:09.648  9672 10490 I art     : Starting a blocking GC Explicit
08-06 13:57:09.679  9672 10490 I art     : Explicit concurrent mark sweep GC freed 3(96B) AllocSpace objects, 0(0B) LOS objects, 23% free, 52MB/68MB, paused 608us total 30.819ms
08-06 13:57:10.007  9672  9919 I art     : Starting a blocking GC Explicit
08-06 13:57:10.048  9672  9919 I art     : Explicit concurrent mark sweep GC freed 1347(78KB) AllocSpace objects, 1(20KB) LOS objects, 23% free, 52MB/68MB, paused 698us total 40.184ms
08-06 13:57:10.062  9672  9919 I art     : Starting a blocking GC Explicit
08-06 13:57:10.093  9672  9919 I art     : Explicit concurrent mark sweep GC freed 20(704B) AllocSpace objects, 0(0B) LOS objects, 23% free, 52MB/68MB, paused 592us total 31.061ms
08-06 13:57:10.105  9672  9919 I art     : Starting a blocking GC Explicit
08-06 13:57:10.135  9672  9919 I art     : Explicit concurrent mark sweep GC freed 3(96B) AllocSpace objects, 0(0B) LOS objects, 23% free, 52MB/68MB, paused 619us total 30.061ms
08-06 13:57:10.147  9672  9919 I art     : Starting a blocking GC Explicit
08-06 13:57:10.178  9672  9919 I art     : Explicit concurrent mark sweep GC freed 3(96B) AllocSpace objects, 0(0B) LOS objects, 23% free, 52MB/68MB, paused 639us total 31.153ms
08-06 13:57:10.190  9672  9919 I art     : Starting a blocking GC Explicit
08-06 13:57:10.222  9672  9919 I art     : Explicit concurrent mark sweep GC freed 3(96B) AllocSpace objects, 0(0B) LOS objects, 23% free, 52MB/68MB, paused 628us total 31.475ms
08-06 13:57:10.569  9672  9685 I art     : Starting a blocking GC Explicit
08-06 13:57:10.608  9672  9685 I art     : Explicit concurrent mark sweep GC freed 1347(78KB) AllocSpace objects, 1(20KB) LOS objects, 23% free, 52MB/68MB, paused 795us total 38.058ms
08-06 13:57:10.623  9672  9685 I art     : Starting a blocking GC Explicit
08-06 13:57:10.654  9672  9685 I art     : Explicit concurrent mark sweep GC freed 20(704B) AllocSpace objects, 0(0B) LOS objects, 23% free, 52MB/68MB, paused 629us total 30.948ms
08-06 13:57:10.665  9672  9685 I art     : Starting a blocking GC Explicit
08-06 13:57:10.695  9672  9685 I art     : Explicit concurrent mark sweep GC freed 3(96B) AllocSpace objects, 0(0B) LOS objects, 23% free, 52MB/68MB, paused 599us total 29.117ms
08-06 13:57:10.706  9672  9685 I art     : Starting a blocking GC Explicit
08-06 13:57:10.733  9672  9685 I art     : Explicit concurrent mark sweep GC freed 3(96B) AllocSpace objects, 0(0B) LOS objects, 23% free, 52MB/68MB, paused 559us total 26.656ms
08-06 13:57:10.744  9672  9685 I art     : Starting a blocking GC Explicit
08-06 13:57:10.772  9672  9685 I art     : Explicit concurrent mark sweep GC freed 3(96B) AllocSpace objects, 0(0B) LOS objects, 23% free, 52MB/68MB, paused 623us total 27.023ms
08-06 13:57:11.022   518   646 I ThermalEngine: ACTION: GPU - Setting GPU[0] to 510000000
08-06 13:57:11.078  9672  9684 I art     : Starting a blocking GC Explicit
08-06 13:57:11.103  9672  9684 I art     : Explicit concurrent mark sweep GC freed 1347(78KB) AllocSpace objects, 1(20KB) LOS objects, 23% free, 52MB/68MB, paused 669us total 24.548ms
08-06 13:57:11.116  9672  9684 I art     : Starting a blocking GC Explicit
08-06 13:57:11.138  9672  9684 I art     : Explicit concurrent mark sweep GC freed 20(704B) AllocSpace objects, 0(0B) LOS objects, 23% free, 52MB/68MB, paused 458us total 22.228ms
08-06 13:57:11.147  9672  9684 I art     : Starting a blocking GC Explicit
08-06 13:57:11.169  9672  9684 I art     : Explicit concurrent mark sweep GC freed 3(96B) AllocSpace objects, 0(0B) LOS objects, 23% free, 52MB/68MB, paused 469us total 21.805ms
08-06 13:57:11.178  9672  9684 I art     : Starting a blocking GC Explicit
08-06 13:57:11.200  9672  9684 I art     : Explicit concurrent mark sweep GC freed 3(96B) AllocSpace objects, 0(0B) LOS objects, 23% free, 52MB/68MB, paused 535us total 22.384ms
08-06 13:57:11.201 11770 11770 D AndroidRuntime: >>>>>> START com.android.internal.os.RuntimeInit uid 2000 <<<<<<
08-06 13:57:11.207 11770 11770 D AndroidRuntime: CheckJNI is OFF
08-06 13:57:11.210  9672  9684 I art     : Starting a blocking GC Explicit
08-06 13:57:11.230  9672  9684 I art     : Explicit concurrent mark sweep GC freed 3(96B) AllocSpace objects, 0(0B) LOS objects, 23% free, 52MB/68MB, paused 462us total 20.648ms
08-06 13:57:11.242 11770 11770 D ICU     : No timezone override file found: /data/misc/zoneinfo/current/icu/icu_tzdata.dat
08-06 13:57:11.274 11770 11770 I Radio-JNI: register_android_hardware_Radio DONE
08-06 13:57:11.296 11770 11770 D AndroidRuntime: Calling main entry com.android.commands.input.Input
08-06 13:57:11.297 11770 11770 I Input   : injectKeyEvent: KeyEvent { action=ACTION_DOWN, keyCode=KEYCODE_BACK, scanCode=0, metaState=0, flags=0x0, repeatCount=0, eventTime=885447710, downTime=885447710, deviceId=-1, source=0x101 }
08-06 13:57:11.303 11770 11770 I Input   : injectKeyEvent: KeyEvent { action=ACTION_UP, keyCode=KEYCODE_BACK, scanCode=0, metaState=0, flags=0x0, repeatCount=0, eventTime=885447710, downTime=885447710, deviceId=-1, source=0x101 }
08-06 13:57:11.308 11770 11770 D AndroidRuntime: Shutting down VM
08-06 13:57:11.349 13866 13866 I GoogleInputMethodServic: GoogleInputMethodService.onFinishInput():3138 
08-06 13:57:11.350 13866 13866 I GoogleInputMethodServic: GoogleInputMethodService.onStartInput():1808 
08-06 13:57:11.487  9672  9684 I art     : Starting a blocking GC Explicit
08-06 13:57:11.511  9672  9684 I art     : Explicit concurrent mark sweep GC freed 1484(84KB) AllocSpace objects, 1(20KB) LOS objects, 23% free, 52MB/68MB, paused 442us total 23.766ms
08-06 13:57:11.519  9672  9684 I art     : Starting a blocking GC Explicit
08-06 13:57:11.541  9672  9684 I art     : Explicit concurrent mark sweep GC freed 26(944B) AllocSpace objects, 0(0B) LOS objects, 23% free, 52MB/68MB, paused 448us total 21.358ms
08-06 13:57:11.550  9672  9684 I art     : Starting a blocking GC Explicit
08-06 13:57:11.571  9672  9684 I art     : Explicit concurrent mark sweep GC freed 3(96B) AllocSpace objects, 0(0B) LOS objects, 23% free, 52MB/68MB, paused 400us total 21.066ms
08-06 13:57:11.582  9672  9684 I art     : Starting a blocking GC Explicit
08-06 13:57:11.605  9672  9684 I art     : Explicit concurrent mark sweep GC freed 3(96B) AllocSpace objects, 0(0B) LOS objects, 23% free, 52MB/68MB, paused 418us total 23.335ms
08-06 13:57:11.617  9672  9684 I art     : Starting a blocking GC Explicit
08-06 13:57:11.637   380   380 W SurfaceFlinger: couldn't log to binary event log: overflow.
08-06 13:57:11.640  9672  9684 I art     : Explicit concurrent mark sweep GC freed 89(6KB) AllocSpace objects, 0(0B) LOS objects, 23% free, 52MB/68MB, paused 854us total 22.772ms
08-06 13:57:11.927  9672 10490 I art     : Starting a blocking GC Explicit
08-06 13:57:11.951  9672 10490 I art     : Explicit concurrent mark sweep GC freed 1380(80KB) AllocSpace objects, 1(20KB) LOS objects, 23% free, 52MB/68MB, paused 463us total 24.316ms
08-06 13:57:11.960  9672 10490 I art     : Starting a blocking GC Explicit
08-06 13:57:11.983  9672 10490 I art     : Explicit concurrent mark sweep GC freed 4698(269KB) AllocSpace objects, 2(140KB) LOS objects, 23% free, 52MB/68MB, paused 444us total 22.162ms
08-06 13:57:11.991  9672 10490 I art     : Starting a blocking GC Explicit
08-06 13:57:12.013  9672 10490 I art     : Explicit concurrent mark sweep GC freed 3(96B) AllocSpace objects, 0(0B) LOS objects, 23% free, 52MB/68MB, paused 459us total 21.185ms
08-06 13:57:12.021  9672 10490 I art     : Starting a blocking GC Explicit
08-06 13:57:12.042  9672 10490 I art     : Explicit concurrent mark sweep GC freed 3(96B) AllocSpace objects, 0(0B) LOS objects, 23% free, 52MB/68MB, paused 438us total 20.657ms
08-06 13:57:12.051  9672 10490 I art     : Starting a blocking GC Explicit
08-06 13:57:12.071  9672 10490 I art     : Explicit concurrent mark sweep GC freed 3(96B) AllocSpace objects, 0(0B) LOS objects, 23% free, 52MB/68MB, paused 428us total 20.495ms
08-06 13:57:12.363  9672  9760 I art     : Starting a blocking GC Explicit
08-06 13:57:12.387  9672  9760 I art     : Explicit concurrent mark sweep GC freed 1347(78KB) AllocSpace objects, 1(20KB) LOS objects, 23% free, 52MB/68MB, paused 490us total 24.262ms
08-06 13:57:12.400  9672  9760 I art     : Starting a blocking GC Explicit
08-06 13:57:12.414   918  3188 I hubconnection: sensorhub said: 'set_bias 3: -5.9808, 0.0000, 0.0000'
08-06 13:57:12.421  9672  9760 I art     : Explicit concurrent mark sweep GC freed 20(704B) AllocSpace objects, 0(0B) LOS objects, 23% free, 52MB/68MB, paused 461us total 21.057ms
08-06 13:57:12.430  9672  9760 I art     : Starting a blocking GC Explicit
08-06 13:57:12.451  9672  9760 I art     : Explicit concurrent mark sweep GC freed 3(96B) AllocSpace objects, 0(0B) LOS objects, 23% free, 52MB/68MB, paused 471us total 21.229ms
08-06 13:57:12.460  9672  9760 I art     : Starting a blocking GC Explicit
08-06 13:57:12.482  9672  9760 I art     : Explicit concurrent mark sweep GC freed 3(96B) AllocSpace objects, 0(0B) LOS objects, 23% free, 52MB/68MB, paused 447us total 21.399ms
08-06 13:57:12.491  9672  9760 I art     : Starting a blocking GC Explicit
08-06 13:57:12.512  9672  9760 I art     : Explicit concurrent mark sweep GC freed 7(224B) AllocSpace objects, 0(0B) LOS objects, 23% free, 52MB/68MB, paused 445us total 21.441ms
08-06 13:57:12.794  9672  9919 I art     : Starting a blocking GC Explicit
08-06 13:57:12.816  9672  9919 I art     : Explicit concurrent mark sweep GC freed 1355(78KB) AllocSpace objects, 1(20KB) LOS objects, 23% free, 52MB/68MB, paused 460us total 21.550ms
08-06 13:57:12.825  9672  9919 I art     : Starting a blocking GC Explicit
08-06 13:57:12.846  9672  9919 I art     : Explicit concurrent mark sweep GC freed 34(1136B) AllocSpace objects, 0(0B) LOS objects, 23% free, 52MB/68MB, paused 458us total 21.211ms
08-06 13:57:12.855  9672  9919 I art     : Starting a blocking GC Explicit
08-06 13:57:12.875  9672  9919 I art     : Explicit concurrent mark sweep GC freed 3(96B) AllocSpace objects, 0(0B) LOS objects, 23% free, 52MB/68MB, paused 449us total 20.370ms
08-06 13:57:12.884  9672  9919 I art     : Starting a blocking GC Explicit
08-06 13:57:12.905  9672  9919 I art     : Explicit concurrent mark sweep GC freed 3(96B) AllocSpace objects, 0(0B) LOS objects, 23% free, 52MB/68MB, paused 456us total 20.384ms
08-06 13:57:12.913  9672  9919 I art     : Starting a blocking GC Explicit
08-06 13:57:12.933  9672  9919 I art     : Explicit concurrent mark sweep GC freed 4(128B) AllocSpace objects, 0(0B) LOS objects, 23% free, 52MB/68MB, paused 441us total 19.503ms
08-06 13:57:12.958 11824 11824 D AndroidRuntime: >>>>>> START com.android.internal.os.RuntimeInit uid 2000 <<<<<<
08-06 13:57:12.963 11824 11824 D AndroidRuntime: CheckJNI is OFF
08-06 13:57:12.994 11824 11824 D ICU     : No timezone override file found: /data/misc/zoneinfo/current/icu/icu_tzdata.dat
08-06 13:57:13.028 11824 11824 I Radio-JNI: register_android_hardware_Radio DONE
08-06 13:57:13.049 11824 11824 D AndroidRuntime: Calling main entry com.android.commands.input.Input
08-06 13:57:13.051 11824 11824 I Input   : injectMotionEvent: MotionEvent { action=ACTION_DOWN, actionButton=0, id[0]=0, x[0]=648.0, y[0]=1050.0, toolType[0]=TOOL_TYPE_UNKNOWN, buttonState=0, metaState=0, flags=0x0, edgeFlags=0x0, pointerCount=1, historySize=0, eventTime=885449464, downTime=885449464, deviceId=0, source=0x1002 }
08-06 13:57:13.057 11824 11824 I Input   : injectMotionEvent: MotionEvent { action=ACTION_UP, actionButton=0, id[0]=0, x[0]=648.0, y[0]=1050.0, toolType[0]=TOOL_TYPE_UNKNOWN, buttonState=0, metaState=0, flags=0x0, edgeFlags=0x0, pointerCount=1, historySize=0, eventTime=885449464, downTime=885449464, deviceId=0, source=0x1002 }
08-06 13:57:13.062 11824 11824 D AndroidRuntime: Shutting down VM
08-06 13:57:13.075   918  6112 I ActivityManager: START u0 {cmp=baseline.appteam.nith.hillffair/.activities.InformationActivity} from uid 10697 on display 0
08-06 13:57:13.078   512  2967 D audio_hw_primary: out_set_parameters: enter: usecase(1: low-latency-playback) kvpairs: routing=2
08-06 13:57:13.091   512  2967 D audio_hw_primary: select_devices: out_snd_device(2: speaker) in_snd_device(0: none)
08-06 13:57:13.091   512  2967 D msm8974_platform: platform_send_audio_calibration: sending audio calibration for snd_device(2) acdb_id(15)
08-06 13:57:13.091   512  2967 I soundtrigger: audio_extn_sound_trigger_update_device_status: device 0x2 of type 0 for Event 1
08-06 13:57:13.101   512  2967 D audio_hw_primary: enable_snd_device: snd_device(2: speaker)
08-06 13:57:13.103   512  2967 D audio_hw_primary: enable_audio_route: apply and update mixer path: low-latency-playback speaker
08-06 13:57:13.183  9672  9760 I art     : Starting a blocking GC Explicit
08-06 13:57:13.202  9672  9760 I art     : Explicit concurrent mark sweep GC freed 2354(157KB) AllocSpace objects, 1(20KB) LOS objects, 23% free, 52MB/68MB, paused 498us total 19.546ms
08-06 13:57:13.211  9672  9760 I art     : Starting a blocking GC Explicit
08-06 13:57:13.223 13866 13866 I GoogleInputMethodServic: GoogleInputMethodService.onFinishInput():3138 
08-06 13:57:13.224 13866 13866 I GoogleInputMethodServic: GoogleInputMethodService.onStartInput():1808 
08-06 13:57:13.225   918   936 I ActivityManager: Displayed baseline.appteam.nith.hillffair/.activities.InformationActivity: +132ms
08-06 13:57:13.234  9672  9760 I art     : Explicit concurrent mark sweep GC freed 206(8KB) AllocSpace objects, 0(0B) LOS objects, 23% free, 52MB/68MB, paused 679us total 23.061ms
08-06 13:57:13.241  9672  9695 D OpenGLRenderer: endAllStagingAnimators on 0x7f82887800 (RippleDrawable) with handle 0x7f7e9630e0
08-06 13:57:13.243  9672  9760 I art     : Starting a blocking GC Explicit
08-06 13:57:13.264  9672  9760 I art     : Explicit concurrent mark sweep GC freed 18(832B) AllocSpace objects, 0(0B) LOS objects, 23% free, 52MB/68MB, paused 422us total 21.130ms
08-06 13:57:13.273  9672  9760 I art     : Starting a blocking GC Explicit
08-06 13:57:13.293  9672  9760 I art     : Explicit concurrent mark sweep GC freed 24(848B) AllocSpace objects, 0(0B) LOS objects, 23% free, 52MB/68MB, paused 432us total 19.522ms
08-06 13:57:13.301  9672  9760 I art     : Starting a blocking GC Explicit
08-06 13:57:13.320  9672  9760 I art     : Explicit concurrent mark sweep GC freed 7(256B) AllocSpace objects, 0(0B) LOS objects, 23% free, 52MB/68MB, paused 410us total 18.600ms
08-06 13:57:13.473   380   380 W SurfaceFlinger: couldn't log to binary event log: overflow.
08-06 13:57:13.576  9672  9685 I art     : Starting a blocking GC Explicit
08-06 13:57:13.597  9672  9685 I art     : Explicit concurrent mark sweep GC freed 1413(83KB) AllocSpace objects, 1(20KB) LOS objects, 23% free, 52MB/68MB, paused 485us total 20.697ms
08-06 13:57:13.606  9672  9685 I art     : Starting a blocking GC Explicit
08-06 13:57:13.626  9672  9685 I art     : Explicit concurrent mark sweep GC freed 52(2192B) AllocSpace objects, 0(0B) LOS objects, 23% free, 52MB/68MB, paused 413us total 20.556ms
08-06 13:57:13.627  9672  9683 I art     : WaitForGcToComplete blocked for 17.079ms for cause HeapTrim
08-06 13:57:13.635  9672  9685 I art     : Starting a blocking GC Explicit
08-06 13:57:13.639   512  2967 D audio_hw_primary: disable_audio_route: reset and update mixer path: low-latency-playback speaker
08-06 13:57:13.640   512  2967 D audio_hw_primary: disable_snd_device: snd_device(2: speaker)
08-06 13:57:13.647   512  2967 I soundtrigger: audio_extn_sound_trigger_update_device_status: device 0x2 of type 0 for Event 0
08-06 13:57:13.655  9672  9685 I art     : Explicit concurrent mark sweep GC freed 19(608B) AllocSpace objects, 0(0B) LOS objects, 23% free, 52MB/68MB, paused 432us total 20.344ms
08-06 13:57:13.664  9672  9685 I art     : Starting a blocking GC Explicit
08-06 13:57:13.685  9672  9685 I art     : Explicit concurrent mark sweep GC freed 3(96B) AllocSpace objects, 0(0B) LOS objects, 23% free, 52MB/68MB, paused 483us total 20.911ms
08-06 13:57:13.694  9672  9685 I art     : Starting a blocking GC Explicit
08-06 13:57:13.715  9672  9685 I art     : Explicit concurrent mark sweep GC freed 3(96B) AllocSpace objects, 0(0B) LOS objects, 23% free, 52MB/68MB, paused 443us total 20.706ms
08-06 13:57:13.999  9672  9919 I art     : Starting a blocking GC Explicit
08-06 13:57:14.025  9672  9919 I art     : Explicit concurrent mark sweep GC freed 1347(78KB) AllocSpace objects, 1(20KB) LOS objects, 23% free, 52MB/68MB, paused 463us total 26.400ms
08-06 13:57:14.030   518   646 I ThermalEngine: ACTION: GPU - Setting GPU[0] to 450000000
08-06 13:57:14.038  9672  9919 I art     : Starting a blocking GC Explicit
08-06 13:57:14.064  9672  9919 I art     : Explicit concurrent mark sweep GC freed 20(704B) AllocSpace objects, 0(0B) LOS objects, 23% free, 52MB/68MB, paused 580us total 26.259ms
08-06 13:57:14.075  9672  9919 I art     : Starting a blocking GC Explicit
08-06 13:57:14.102  9672  9919 I art     : Explicit concurrent mark sweep GC freed 3(96B) AllocSpace objects, 0(0B) LOS objects, 23% free, 52MB/68MB, paused 588us total 26.462ms
08-06 13:57:14.113  9672  9919 I art     : Starting a blocking GC Explicit
08-06 13:57:14.141  9672  9919 I art     : Explicit concurrent mark sweep GC freed 3(96B) AllocSpace objects, 0(0B) LOS objects, 23% free, 52MB/68MB, paused 605us total 27.709ms
08-06 13:57:14.152  9672  9919 I art     : Starting a blocking GC Explicit
08-06 13:57:14.180  9672  9919 I art     : Explicit concurrent mark sweep GC freed 3(96B) AllocSpace objects, 0(0B) LOS objects, 23% free, 52MB/68MB, paused 577us total 27.414ms
08-06 13:57:14.495  9672  9684 I art     : Starting a blocking GC Explicit
