08-05 23:04:06.215 25443 27600 I art     : Explicit concurrent mark sweep GC freed 59(2480B) AllocSpace objects, 0(0B) LOS objects, 23% free, 52MB/68MB, paused 487us total 22.769ms
08-05 23:04:06.224 25443 27600 I art     : Starting a blocking GC Explicit
08-05 23:04:06.244 25443 27600 I art     : Explicit concurrent mark sweep GC freed 29(992B) AllocSpace objects, 0(0B) LOS objects, 23% free, 52MB/68MB, paused 512us total 19.549ms
08-05 23:04:06.252 25443 27600 I art     : Starting a blocking GC Explicit
08-05 23:04:06.272 25443 27600 I art     : Explicit concurrent mark sweep GC freed 12(432B) AllocSpace objects, 0(0B) LOS objects, 23% free, 52MB/68MB, paused 610us total 20.219ms
08-05 23:04:06.281 25443 27600 I art     : Starting a blocking GC Explicit
08-05 23:04:06.301 25443 27600 I art     : Explicit concurrent mark sweep GC freed 9(336B) AllocSpace objects, 0(0B) LOS objects, 23% free, 52MB/68MB, paused 481us total 20.591ms
08-05 23:04:06.486 25443 28485 D OkHttp  : --> GET https://api-hillfair-2k16.herokuapp.com/api/app/quiz/leaderboard?from=1 http/1.1
08-05 23:04:06.521 25443 28485 D OkHttp  : <-- 200 OK https://api-hillfair-2k16.herokuapp.com/api/app/quiz/leaderboard?from=1 (34ms, 56744-byte body)
08-05 23:04:06.578 25443 25454 I art     : Starting a blocking GC Explicit
08-05 23:04:06.607 25443 25454 I art     : Explicit concurrent mark sweep GC freed 27820(1322KB) AllocSpace objects, 4(220KB) LOS objects, 23% free, 53MB/69MB, paused 2.696ms total 28.567ms
08-05 23:04:06.615 25443 25454 I art     : Starting a blocking GC Explicit
08-05 23:04:06.621 25443 25443 I NAPPA_EXPERIMENTATION: MetricNetworkRequestExecutionTime: REQUEST_DURATION_SYSTEM='948',REQUEST_DURATION_OKHTTP='35',REQUEST_SYNCHRONOUS='FALSE',RESPONSE_CODE='200',RESPONSE_METHOD='GET',RESPONSE_LENGTH_OKHTTP='56744',RESPONSE_LENGTH_HEADER='56744',REQUEST_PROTOCOL='http/1.1',REQUEST_URL='https://api-hillfair-2k16.herokuapp.com/api/app/quiz/leaderboard?from=1',
08-05 23:04:06.636 25443 25454 I art     : Explicit concurrent mark sweep GC freed 2466(202KB) AllocSpace objects, 0(0B) LOS objects, 23% free, 53MB/69MB, paused 450us total 20.313ms
08-05 23:04:06.644 25443 25454 I art     : Starting a blocking GC Explicit
08-05 23:04:06.670 25443 25454 I art     : Explicit concurrent mark sweep GC freed 613(23KB) AllocSpace objects, 0(0B) LOS objects, 23% free, 53MB/69MB, paused 5.427ms total 25.494ms
08-05 23:04:06.678 25443 25454 I art     : Starting a blocking GC Explicit
08-05 23:04:06.699 25443 25454 I art     : Explicit concurrent mark sweep GC freed 514(19KB) AllocSpace objects, 0(0B) LOS objects, 23% free, 53MB/69MB, paused 470us total 20.958ms
08-05 23:04:06.707 25443 25454 I art     : Starting a blocking GC Explicit
08-05 23:04:06.728 25443 25454 I art     : Explicit concurrent mark sweep GC freed 13(560B) AllocSpace objects, 0(0B) LOS objects, 23% free, 53MB/69MB, paused 421us total 20.220ms
08-05 23:04:07.022 25443 25456 I art     : Starting a blocking GC Explicit
08-05 23:04:07.053   518   646 I ThermalEngine: ACTION: GPU - Setting GPU[0] to 450000000
08-05 23:04:07.056 25443 25456 I art     : Explicit concurrent mark sweep GC freed 1345(78KB) AllocSpace objects, 1(20KB) LOS objects, 23% free, 53MB/69MB, paused 555us total 33.874ms
08-05 23:04:07.069 25443 25456 I art     : Starting a blocking GC Explicit
08-05 23:04:07.099 25443 25456 I art     : Explicit concurrent mark sweep GC freed 20(704B) AllocSpace objects, 0(0B) LOS objects, 23% free, 53MB/69MB, paused 624us total 28.905ms
08-05 23:04:07.110 25443 25456 I art     : Starting a blocking GC Explicit
08-05 23:04:07.140 25443 25456 I art     : Explicit concurrent mark sweep GC freed 3(96B) AllocSpace objects, 0(0B) LOS objects, 23% free, 53MB/69MB, paused 622us total 29.409ms
08-05 23:04:07.151 25443 25456 I art     : Starting a blocking GC Explicit
08-05 23:04:07.180 25443 25456 I art     : Explicit concurrent mark sweep GC freed 3(96B) AllocSpace objects, 0(0B) LOS objects, 23% free, 53MB/69MB, paused 627us total 28.693ms
08-05 23:04:07.192 25443 25456 I art     : Starting a blocking GC Explicit
08-05 23:04:07.221 25443 25456 I art     : Explicit concurrent mark sweep GC freed 3(96B) AllocSpace objects, 0(0B) LOS objects, 23% free, 53MB/69MB, paused 633us total 29.092ms
08-05 23:04:07.552 25443 27255 I art     : Starting a blocking GC Explicit
08-05 23:04:07.589 25443 27255 I art     : Explicit concurrent mark sweep GC freed 1343(78KB) AllocSpace objects, 1(20KB) LOS objects, 23% free, 53MB/69MB, paused 740us total 36.930ms
08-05 23:04:07.607 25443 27255 I art     : Starting a blocking GC Explicit
08-05 23:04:07.637 25443 27255 I art     : Explicit concurrent mark sweep GC freed 20(704B) AllocSpace objects, 0(0B) LOS objects, 23% free, 53MB/69MB, paused 613us total 29.989ms
08-05 23:04:07.649 25443 27255 I art     : Starting a blocking GC Explicit
08-05 23:04:07.680 25443 27255 I art     : Explicit concurrent mark sweep GC freed 3(96B) AllocSpace objects, 0(0B) LOS objects, 23% free, 53MB/69MB, paused 650us total 31.523ms
08-05 23:04:07.692 25443 27255 I art     : Starting a blocking GC Explicit
08-05 23:04:07.724 25443 27255 I art     : Explicit concurrent mark sweep GC freed 3(96B) AllocSpace objects, 0(0B) LOS objects, 23% free, 53MB/69MB, paused 627us total 30.938ms
08-05 23:04:07.736 25443 27255 I art     : Starting a blocking GC Explicit
08-05 23:04:07.766 25443 27255 I art     : Explicit concurrent mark sweep GC freed 3(96B) AllocSpace objects, 0(0B) LOS objects, 23% free, 53MB/69MB, paused 614us total 30.203ms
08-05 23:04:08.082 25443 25482 I art     : Starting a blocking GC Explicit
08-05 23:04:08.124 25443 25482 I art     : Explicit concurrent mark sweep GC freed 1343(78KB) AllocSpace objects, 1(20KB) LOS objects, 23% free, 53MB/69MB, paused 703us total 41.455ms
08-05 23:04:08.136 25443 25482 I art     : Starting a blocking GC Explicit
08-05 23:04:08.169 25443 25482 I art     : Explicit concurrent mark sweep GC freed 20(704B) AllocSpace objects, 0(0B) LOS objects, 23% free, 53MB/69MB, paused 664us total 31.976ms
08-05 23:04:08.180 25443 25482 I art     : Starting a blocking GC Explicit
08-05 23:04:08.213 25443 25482 I art     : Explicit concurrent mark sweep GC freed 3(96B) AllocSpace objects, 0(0B) LOS objects, 23% free, 53MB/69MB, paused 638us total 31.821ms
08-05 23:04:08.224 25443 25482 I art     : Starting a blocking GC Explicit
08-05 23:04:08.255 25443 25482 I art     : Explicit concurrent mark sweep GC freed 3(96B) AllocSpace objects, 0(0B) LOS objects, 23% free, 53MB/69MB, paused 638us total 30.297ms
08-05 23:04:08.267 25443 25482 I art     : Starting a blocking GC Explicit
08-05 23:04:08.299 25443 25482 I art     : Explicit concurrent mark sweep GC freed 3(96B) AllocSpace objects, 0(0B) LOS objects, 23% free, 53MB/69MB, paused 637us total 31.888ms
08-05 23:04:08.635 25443 27600 I art     : Starting a blocking GC Explicit
08-05 23:04:08.673 25443 27600 I art     : Explicit concurrent mark sweep GC freed 1343(78KB) AllocSpace objects, 1(20KB) LOS objects, 23% free, 53MB/69MB, paused 675us total 37.491ms
08-05 23:04:08.690 25443 27600 I art     : Starting a blocking GC Explicit
08-05 23:04:08.721 25443 27600 I art     : Explicit concurrent mark sweep GC freed 20(704B) AllocSpace objects, 0(0B) LOS objects, 23% free, 53MB/69MB, paused 669us total 30.169ms
08-05 23:04:08.732 25443 27600 I art     : Starting a blocking GC Explicit
08-05 23:04:08.764 25443 27600 I art     : Explicit concurrent mark sweep GC freed 3(96B) AllocSpace objects, 0(0B) LOS objects, 23% free, 53MB/69MB, paused 635us total 30.872ms
08-05 23:04:08.776 25443 27600 I art     : Starting a blocking GC Explicit
08-05 23:04:08.807 25443 27600 I art     : Explicit concurrent mark sweep GC freed 3(96B) AllocSpace objects, 0(0B) LOS objects, 23% free, 53MB/69MB, paused 731us total 31.610ms
08-05 23:04:08.819 25443 27600 I art     : Starting a blocking GC Explicit
08-05 23:04:08.852 25443 27600 I art     : Explicit concurrent mark sweep GC freed 3(96B) AllocSpace objects, 0(0B) LOS objects, 23% free, 53MB/69MB, paused 607us total 32.081ms
08-05 23:04:09.053   518   646 I ThermalEngine: ACTION: GPU - Setting GPU[0] to 510000000
08-05 23:04:09.186 25443 25454 I art     : Starting a blocking GC Explicit
08-05 23:04:09.218 25443 25454 I art     : Explicit concurrent mark sweep GC freed 1343(78KB) AllocSpace objects, 1(20KB) LOS objects, 23% free, 53MB/69MB, paused 509us total 31.482ms
08-05 23:04:09.234 25443 25454 I art     : Starting a blocking GC Explicit
08-05 23:04:09.258 25443 25454 I art     : Explicit concurrent mark sweep GC freed 20(704B) AllocSpace objects, 0(0B) LOS objects, 23% free, 53MB/69MB, paused 476us total 23.286ms
08-05 23:04:09.267 25443 25454 I art     : Starting a blocking GC Explicit
08-05 23:04:09.290 25443 25454 I art     : Explicit concurrent mark sweep GC freed 3(96B) AllocSpace objects, 0(0B) LOS objects, 23% free, 53MB/69MB, paused 455us total 23.015ms
08-05 23:04:09.300 25443 25454 I art     : Starting a blocking GC Explicit
08-05 23:04:09.323 25443 25454 I art     : Explicit concurrent mark sweep GC freed 3(96B) AllocSpace objects, 0(0B) LOS objects, 23% free, 53MB/69MB, paused 511us total 23.195ms
08-05 23:04:09.332 25443 25454 I art     : Starting a blocking GC Explicit
08-05 23:04:09.356 25443 25454 I art     : Explicit concurrent mark sweep GC freed 3(96B) AllocSpace objects, 0(0B) LOS objects, 23% free, 53MB/69MB, paused 442us total 23.283ms
08-05 23:04:09.671 25443 25456 I art     : Starting a blocking GC Explicit
08-05 23:04:09.705 25443 25456 I art     : Explicit concurrent mark sweep GC freed 1343(78KB) AllocSpace objects, 1(20KB) LOS objects, 23% free, 53MB/69MB, paused 499us total 33.662ms
08-05 23:04:09.718 25443 25456 I art     : Starting a blocking GC Explicit
08-05 23:04:09.740 25443 25456 I art     : Explicit concurrent mark sweep GC freed 20(704B) AllocSpace objects, 0(0B) LOS objects, 23% free, 53MB/69MB, paused 442us total 22.569ms
08-05 23:04:09.749 25443 25456 I art     : Starting a blocking GC Explicit
08-05 23:04:09.773 25443 25456 I art     : Explicit concurrent mark sweep GC freed 3(96B) AllocSpace objects, 0(0B) LOS objects, 23% free, 53MB/69MB, paused 474us total 23.112ms
08-05 23:04:09.782 25443 25456 I art     : Starting a blocking GC Explicit
08-05 23:04:09.805 25443 25456 I art     : Explicit concurrent mark sweep GC freed 3(96B) AllocSpace objects, 0(0B) LOS objects, 23% free, 53MB/69MB, paused 473us total 22.991ms
08-05 23:04:09.814 25443 25456 I art     : Starting a blocking GC Explicit
08-05 23:04:09.837 25443 25456 I art     : Explicit concurrent mark sweep GC freed 3(96B) AllocSpace objects, 0(0B) LOS objects, 23% free, 53MB/69MB, paused 468us total 22.754ms
08-05 23:04:10.108 25443 27255 I art     : Starting a blocking GC Explicit
08-05 23:04:10.132 25443 27255 I art     : Explicit concurrent mark sweep GC freed 1343(78KB) AllocSpace objects, 1(20KB) LOS objects, 23% free, 53MB/69MB, paused 507us total 23.476ms
08-05 23:04:10.141 25443 27255 I art     : Starting a blocking GC Explicit
08-05 23:04:10.165 25443 27255 I art     : Explicit concurrent mark sweep GC freed 20(704B) AllocSpace objects, 0(0B) LOS objects, 23% free, 53MB/69MB, paused 467us total 23.495ms
08-05 23:04:10.173 25443 27255 I art     : Starting a blocking GC Explicit
08-05 23:04:10.196 25443 27255 I art     : Explicit concurrent mark sweep GC freed 3(96B) AllocSpace objects, 0(0B) LOS objects, 23% free, 53MB/69MB, paused 447us total 21.951ms
08-05 23:04:10.204 25443 27255 I art     : Starting a blocking GC Explicit
08-05 23:04:10.227 25443 27255 I art     : Explicit concurrent mark sweep GC freed 3(96B) AllocSpace objects, 0(0B) LOS objects, 23% free, 53MB/69MB, paused 534us total 22.130ms
08-05 23:04:10.235 25443 27255 I art     : Starting a blocking GC Explicit
08-05 23:04:10.258 25443 27255 I art     : Explicit concurrent mark sweep GC freed 3(96B) AllocSpace objects, 0(0B) LOS objects, 23% free, 53MB/69MB, paused 471us total 22.165ms
08-05 23:04:10.286 28572 28572 D AndroidRuntime: >>>>>> START com.android.internal.os.RuntimeInit uid 2000 <<<<<<
08-05 23:04:10.291 28572 28572 D AndroidRuntime: CheckJNI is OFF
08-05 23:04:10.324 28572 28572 D ICU     : No timezone override file found: /data/misc/zoneinfo/current/icu/icu_tzdata.dat
08-05 23:04:10.358 28572 28572 I Radio-JNI: register_android_hardware_Radio DONE
08-05 23:04:10.380 28572 28572 D AndroidRuntime: Calling main entry com.android.commands.input.Input
08-05 23:04:10.381 28572 28572 I Input   : injectKeyEvent: KeyEvent { action=ACTION_DOWN, keyCode=KEYCODE_BACK, scanCode=0, metaState=0, flags=0x0, repeatCount=0, eventTime=831866794, downTime=831866794, deviceId=-1, source=0x101 }
08-05 23:04:10.388 28572 28572 I Input   : injectKeyEvent: KeyEvent { action=ACTION_UP, keyCode=KEYCODE_BACK, scanCode=0, metaState=0, flags=0x0, repeatCount=0, eventTime=831866794, downTime=831866794, deviceId=-1, source=0x101 }
08-05 23:04:10.391 22733 22733 I ServiceManager: Waiting for service AtCmdFwd...
08-05 23:04:10.395 28572 28572 D AndroidRuntime: Shutting down VM
08-05 23:04:10.412   918   937 W ProcessCpuTracker: Skipping unknown process pid 28592
08-05 23:04:10.435 13866 13866 I GoogleInputMethodServic: GoogleInputMethodService.onFinishInput():3138 
08-05 23:04:10.436 13866 13866 I GoogleInputMethodServic: GoogleInputMethodService.onStartInput():1808 
08-05 23:04:10.508 25443 25482 I art     : Starting a blocking GC Explicit
08-05 23:04:10.529 25443 25482 I art     : Explicit concurrent mark sweep GC freed 1481(84KB) AllocSpace objects, 1(20KB) LOS objects, 23% free, 53MB/69MB, paused 554us total 20.937ms
08-05 23:04:10.538 25443 25482 I art     : Starting a blocking GC Explicit
08-05 23:04:10.559 25443 25482 I art     : Explicit concurrent mark sweep GC freed 26(944B) AllocSpace objects, 0(0B) LOS objects, 23% free, 53MB/69MB, paused 431us total 21.541ms
08-05 23:04:10.571 25443 25482 I art     : Starting a blocking GC Explicit
08-05 23:04:10.598 25443 25482 I art     : Explicit concurrent mark sweep GC freed 3(96B) AllocSpace objects, 0(0B) LOS objects, 23% free, 53MB/69MB, paused 596us total 26.184ms
08-05 23:04:10.609 25443 25482 I art     : Starting a blocking GC Explicit
08-05 23:04:10.638 25443 25482 I art     : Explicit concurrent mark sweep GC freed 3(96B) AllocSpace objects, 0(0B) LOS objects, 23% free, 53MB/69MB, paused 475us total 29.387ms
08-05 23:04:10.650 25443 25482 I art     : Starting a blocking GC Explicit
08-05 23:04:10.677 25443 25482 I art     : Explicit concurrent mark sweep GC freed 3(96B) AllocSpace objects, 0(0B) LOS objects, 23% free, 53MB/69MB, paused 431us total 26.498ms
08-05 23:04:10.741   380   380 W SurfaceFlinger: couldn't log to binary event log: overflow.
08-05 23:04:10.944 25443 25482 I art     : Starting a blocking GC Explicit
08-05 23:04:10.969 25443 25482 I art     : Explicit concurrent mark sweep GC freed 1462(87KB) AllocSpace objects, 1(20KB) LOS objects, 23% free, 53MB/69MB, paused 484us total 23.943ms
08-05 23:04:10.977 25443 25482 I art     : Starting a blocking GC Explicit
08-05 23:04:11.001 25443 25482 I art     : Explicit concurrent mark sweep GC freed 4698(269KB) AllocSpace objects, 2(140KB) LOS objects, 23% free, 52MB/68MB, paused 501us total 23.258ms
08-05 23:04:11.010 25443 25482 I art     : Starting a blocking GC Explicit
08-05 23:04:11.031 25443 25482 I art     : Explicit concurrent mark sweep GC freed 3(96B) AllocSpace objects, 0(0B) LOS objects, 23% free, 52MB/68MB, paused 458us total 21.212ms
08-05 23:04:11.040 25443 25482 I art     : Starting a blocking GC Explicit
08-05 23:04:11.061 25443 25482 I art     : Explicit concurrent mark sweep GC freed 3(96B) AllocSpace objects, 0(0B) LOS objects, 23% free, 52MB/68MB, paused 469us total 21.188ms
08-05 23:04:11.070 25443 25482 I art     : Starting a blocking GC Explicit
08-05 23:04:11.092 25443 25482 I art     : Explicit concurrent mark sweep GC freed 3(96B) AllocSpace objects, 0(0B) LOS objects, 23% free, 52MB/68MB, paused 482us total 21.806ms
08-05 23:04:11.381 25443 27600 I art     : Starting a blocking GC Explicit
08-05 23:04:11.391 22733 22733 I ServiceManager: Waiting for service AtCmdFwd...
08-05 23:04:11.406 25443 27600 I art     : Explicit concurrent mark sweep GC freed 1343(78KB) AllocSpace objects, 1(20KB) LOS objects, 23% free, 52MB/68MB, paused 481us total 23.980ms
08-05 23:04:11.418 25443 27600 I art     : Starting a blocking GC Explicit
08-05 23:04:11.439 25443 27600 I art     : Explicit concurrent mark sweep GC freed 20(704B) AllocSpace objects, 0(0B) LOS objects, 23% free, 52MB/68MB, paused 449us total 21.058ms
08-05 23:04:11.448 25443 27600 I art     : Starting a blocking GC Explicit
08-05 23:04:11.470 25443 27600 I art     : Explicit concurrent mark sweep GC freed 3(96B) AllocSpace objects, 0(0B) LOS objects, 23% free, 52MB/68MB, paused 463us total 21.609ms
08-05 23:04:11.479 25443 27600 I art     : Starting a blocking GC Explicit
08-05 23:04:11.500 25443 27600 I art     : Explicit concurrent mark sweep GC freed 3(96B) AllocSpace objects, 0(0B) LOS objects, 23% free, 52MB/68MB, paused 489us total 21.693ms
08-05 23:04:11.509 25443 27600 I art     : Starting a blocking GC Explicit
08-05 23:04:11.531 25443 27600 I art     : Explicit concurrent mark sweep GC freed 3(96B) AllocSpace objects, 0(0B) LOS objects, 23% free, 52MB/68MB, paused 450us total 21.393ms
08-05 23:04:11.804 25443 25456 I art     : Starting a blocking GC Explicit
08-05 23:04:11.826 25443 25456 I art     : Explicit concurrent mark sweep GC freed 1342(78KB) AllocSpace objects, 1(20KB) LOS objects, 23% free, 52MB/68MB, paused 486us total 21.650ms
08-05 23:04:11.835 25443 25456 I art     : Starting a blocking GC Explicit
08-05 23:04:11.857 25443 25456 I art     : Explicit concurrent mark sweep GC freed 20(704B) AllocSpace objects, 0(0B) LOS objects, 23% free, 52MB/68MB, paused 482us total 21.358ms
08-05 23:04:11.866 25443 25456 I art     : Starting a blocking GC Explicit
08-05 23:04:11.886 25443 25456 I art     : Explicit concurrent mark sweep GC freed 3(96B) AllocSpace objects, 0(0B) LOS objects, 23% free, 52MB/68MB, paused 523us total 20.278ms
08-05 23:04:11.895 25443 25456 I art     : Starting a blocking GC Explicit
08-05 23:04:11.915 25443 25456 I art     : Explicit concurrent mark sweep GC freed 3(96B) AllocSpace objects, 0(0B) LOS objects, 23% free, 52MB/68MB, paused 465us total 20.475ms
08-05 23:04:11.923 25443 25456 I art     : Starting a blocking GC Explicit
08-05 23:04:11.944 25443 25456 I art     : Explicit concurrent mark sweep GC freed 3(96B) AllocSpace objects, 0(0B) LOS objects, 23% free, 52MB/68MB, paused 469us total 20.362ms
08-05 23:04:12.067 28626 28626 D AndroidRuntime: >>>>>> START com.android.internal.os.RuntimeInit uid 2000 <<<<<<
08-05 23:04:12.072 28626 28626 D AndroidRuntime: CheckJNI is OFF
08-05 23:04:12.107 28626 28626 D ICU     : No timezone override file found: /data/misc/zoneinfo/current/icu/icu_tzdata.dat
08-05 23:04:12.138 28626 28626 I Radio-JNI: register_android_hardware_Radio DONE
08-05 23:04:12.159 28626 28626 D AndroidRuntime: Calling main entry com.android.commands.input.Input
08-05 23:04:12.161 28626 28626 I Input   : injectKeyEvent: KeyEvent { action=ACTION_DOWN, keyCode=KEYCODE_BACK, scanCode=0, metaState=0, flags=0x0, repeatCount=0, eventTime=831868574, downTime=831868574, deviceId=-1, source=0x101 }
08-05 23:04:12.166 28626 28626 I Input   : injectKeyEvent: KeyEvent { action=ACTION_UP, keyCode=KEYCODE_BACK, scanCode=0, metaState=0, flags=0x0, repeatCount=0, eventTime=831868574, downTime=831868574, deviceId=-1, source=0x101 }
08-05 23:04:12.177 28626 28626 D AndroidRuntime: Shutting down VM
08-05 23:04:12.224 25443 25454 I art     : Starting a blocking GC Explicit
08-05 23:04:12.225 25443 28638 W OneSignal: OneSignalRestClient: POST Error thrown from network stack. 
08-05 23:04:12.225 25443 28638 W OneSignal: java.io.IOException: unexpected end of stream on Connection{api.onesignal.com:443, proxy=HTTP@192.168.2.12:8080 hostAddress=192.168.2.12 cipherSuite=TLS_ECDHE_RSA_WITH_AES_128_GCM_SHA256 protocol=http/1.1} (recycle count=0)
08-05 23:04:12.225 25443 28638 W OneSignal: 	at com.android.okhttp.internal.http.HttpConnection.readResponse(HttpConnection.java:210)
08-05 23:04:12.225 25443 28638 W OneSignal: 	at com.android.okhttp.internal.http.HttpTransport.readResponseHeaders(HttpTransport.java:80)
08-05 23:04:12.225 25443 28638 W OneSignal: 	at com.android.okhttp.internal.http.HttpEngine.readNetworkResponse(HttpEngine.java:904)
08-05 23:04:12.225 25443 28638 W OneSignal: 	at com.android.okhttp.internal.http.HttpEngine.readResponse(HttpEngine.java:788)
08-05 23:04:12.225 25443 28638 W OneSignal: 	at com.android.okhttp.internal.huc.HttpURLConnectionImpl.execute(HttpURLConnectionImpl.java:439)
08-05 23:04:12.225 25443 28638 W OneSignal: 	at com.android.okhttp.internal.huc.HttpURLConnectionImpl.getResponse(HttpURLConnectionImpl.java:384)
08-05 23:04:12.225 25443 28638 W OneSignal: 	at com.android.okhttp.internal.huc.HttpURLConnectionImpl.getResponseCode(HttpURLConnectionImpl.java:497)
08-05 23:04:12.225 25443 28638 W OneSignal: 	at com.android.okhttp.internal.huc.DelegatingHttpsURLConnection.getResponseCode(DelegatingHttpsURLConnection.java:105)
08-05 23:04:12.225 25443 28638 W OneSignal: 	at com.android.okhttp.internal.huc.HttpsURLConnectionImpl.getResponseCode(HttpsURLConnectionImpl.java)
08-05 23:04:12.225 25443 28638 W OneSignal: 	at com.onesignal.OneSignalRestClient.startHTTPConnection(OneSignalRestClient.java:180)
08-05 23:04:12.225 25443 28638 W OneSignal: 	at com.onesignal.OneSignalRestClient.access$100(OneSignalRestClient.java:44)
08-05 23:04:12.225 25443 28638 W OneSignal: 	at com.onesignal.OneSignalRestClient$4.run(OneSignalRestClient.java:110)
08-05 23:04:12.225 25443 28638 W OneSignal: 	at java.lang.Thread.run(Thread.java:818)
08-05 23:04:12.225 25443 28638 W OneSignal: Caused by: java.io.EOFException: \n not found: size=0 content=...
08-05 23:04:12.225 25443 28638 W OneSignal: 	at com.android.okhttp.okio.RealBufferedSource.readUtf8LineStrict(RealBufferedSource.java:200)
08-05 23:04:12.225 25443 28638 W OneSignal: 	at com.android.okhttp.internal.http.HttpConnection.readResponse(HttpConnection.java:191)
08-05 23:04:12.225 25443 28638 W OneSignal: 	... 12 more
08-05 23:04:12.226 25443 28660 W OneSignal: Failed last request. statusCode: -1
08-05 23:04:12.226 25443 28660 W OneSignal: response: null
08-05 23:04:12.245 25443 25454 I art     : Explicit concurrent mark sweep GC freed 3809(210KB) AllocSpace objects, 1(20KB) LOS objects, 23% free, 52MB/68MB, paused 525us total 20.516ms
08-05 23:04:12.254 25443 25454 I art     : Starting a blocking GC Explicit
08-05 23:04:12.255 13866 13866 I GoogleInputMethodServic: GoogleInputMethodService.onFinishInput():3138 
08-05 23:04:12.256 13866 13866 I GoogleInputMethodServic: GoogleInputMethodService.onStartInput():1808 
08-05 23:04:12.275 25443 25454 I art     : Explicit concurrent mark sweep GC freed 385(43KB) AllocSpace objects, 0(0B) LOS objects, 23% free, 52MB/68MB, paused 446us total 20.891ms
08-05 23:04:12.284 25443 25454 I art     : Starting a blocking GC Explicit
08-05 23:04:12.303 25443 25454 I art     : Explicit concurrent mark sweep GC freed 16(592B) AllocSpace objects, 0(0B) LOS objects, 23% free, 52MB/68MB, paused 412us total 18.264ms
08-05 23:04:12.311 25443 25454 I art     : Starting a blocking GC Explicit
08-05 23:04:12.329 25443 25454 I art     : Explicit concurrent mark sweep GC freed 3(96B) AllocSpace objects, 0(0B) LOS objects, 23% free, 52MB/68MB, paused 417us total 17.766ms
08-05 23:04:12.337 25443 25454 I art     : Starting a blocking GC Explicit
08-05 23:04:12.356 25443 25454 I art     : Explicit concurrent mark sweep GC freed 3(96B) AllocSpace objects, 0(0B) LOS objects, 23% free, 52MB/68MB, paused 432us total 18.267ms
08-05 23:04:12.392 22733 22733 I ServiceManager: Waiting for service AtCmdFwd...
08-05 23:04:12.493   918  3261 D WifiStateMachine: starting scan for "H369AA63323"WPA_PSK with 2412,5180
08-05 23:04:12.527   380   380 W SurfaceFlinger: couldn't log to binary event log: overflow.
08-05 23:04:12.617 25443 25454 I art     : Starting a blocking GC Explicit
08-05 23:04:12.639 25443 25454 I art     : Explicit concurrent mark sweep GC freed 1460(87KB) AllocSpace objects, 1(20KB) LOS objects, 23% free, 52MB/68MB, paused 497us total 22.257ms
08-05 23:04:12.652 25443 25454 I art     : Starting a blocking GC Explicit
08-05 23:04:12.673 25443 25454 I art     : Explicit concurrent mark sweep GC freed 2096(122KB) AllocSpace objects, 3(340KB) LOS objects, 23% free, 52MB/68MB, paused 460us total 20.725ms
08-05 23:04:12.681 25443 25454 I art     : Starting a blocking GC Explicit
08-05 23:04:12.701 25443 25454 I art     : Explicit concurrent mark sweep GC freed 3(96B) AllocSpace objects, 0(0B) LOS objects, 23% free, 52MB/68MB, paused 458us total 19.870ms
08-05 23:04:12.709 25443 25454 I art     : Starting a blocking GC Explicit
08-05 23:04:12.729 25443 25454 I art     : Explicit concurrent mark sweep GC freed 3(96B) AllocSpace objects, 0(0B) LOS objects, 23% free, 52MB/68MB, paused 448us total 19.672ms
08-05 23:04:12.738 25443 25454 I art     : Starting a blocking GC Explicit
08-05 23:04:12.758 25443 25454 I art     : Explicit concurrent mark sweep GC freed 3(96B) AllocSpace objects, 0(0B) LOS objects, 23% free, 52MB/68MB, paused 461us total 20.284ms
08-05 23:04:13.046 25443 25482 I art     : Starting a blocking GC Explicit
08-05 23:04:13.071 25443 25482 I art     : Explicit concurrent mark sweep GC freed 1342(78KB) AllocSpace objects, 1(20KB) LOS objects, 23% free, 52MB/68MB, paused 485us total 24.285ms
08-05 23:04:13.082 25443 25482 I art     : Starting a blocking GC Explicit
08-05 23:04:13.103 25443 25482 I art     : Explicit concurrent mark sweep GC freed 20(704B) AllocSpace objects, 0(0B) LOS objects, 23% free, 52MB/68MB, paused 488us total 21.283ms
08-05 23:04:13.112 25443 25482 I art     : Starting a blocking GC Explicit
08-05 23:04:13.134 25443 25482 I art     : Explicit concurrent mark sweep GC freed 3(96B) AllocSpace objects, 0(0B) LOS objects, 23% free, 52MB/68MB, paused 481us total 21.245ms
08-05 23:04:13.142 25443 25482 I art     : Starting a blocking GC Explicit
08-05 23:04:13.163 25443 25482 I art     : Explicit concurrent mark sweep GC freed 3(96B) AllocSpace objects, 0(0B) LOS objects, 23% free, 52MB/68MB, paused 458us total 20.770ms
08-05 23:04:13.172 25443 25482 I art     : Starting a blocking GC Explicit
08-05 23:04:13.192 25443 25482 I art     : Explicit concurrent mark sweep GC freed 3(96B) AllocSpace objects, 0(0B) LOS objects, 23% free, 52MB/68MB, paused 476us total 20.078ms
08-05 23:04:13.392 22733 22733 I ServiceManager: Waiting for service AtCmdFwd...
08-05 23:04:13.488 25443 27255 I art     : Starting a blocking GC Explicit
08-05 23:04:13.509 25443 27255 I art     : Explicit concurrent mark sweep GC freed 1340(78KB) AllocSpace objects, 1(20KB) LOS objects, 23% free, 52MB/68MB, paused 492us total 20.865ms
08-05 23:04:13.518 25443 27255 I art     : Starting a blocking GC Explicit
08-05 23:04:13.539 25443 27255 I art     : Explicit concurrent mark sweep GC freed 20(704B) AllocSpace objects, 0(0B) LOS objects, 23% free, 52MB/68MB, paused 479us total 20.750ms
08-05 23:04:13.547 25443 27255 I art     : Starting a blocking GC Explicit
08-05 23:04:13.567 25443 27255 I art     : Explicit concurrent mark sweep GC freed 3(96B) AllocSpace objects, 0(0B) LOS objects, 23% free, 52MB/68MB, paused 531us total 19.767ms
08-05 23:04:13.575 25443 27255 I art     : Starting a blocking GC Explicit
08-05 23:04:13.595 25443 27255 I art     : Explicit concurrent mark sweep GC freed 3(96B) AllocSpace objects, 0(0B) LOS objects, 23% free, 52MB/68MB, paused 483us total 19.743ms
08-05 23:04:13.603 25443 27255 I art     : Starting a blocking GC Explicit
08-05 23:04:13.623 25443 27255 I art     : Explicit concurrent mark sweep GC freed 3(96B) AllocSpace objects, 0(0B) LOS objects, 23% free, 52MB/68MB, paused 468us total 19.818ms
08-05 23:04:13.830 28690 28690 D AndroidRuntime: >>>>>> START com.android.internal.os.RuntimeInit uid 2000 <<<<<<
08-05 23:04:13.835 28690 28690 D AndroidRuntime: CheckJNI is OFF
08-05 23:04:13.870 28690 28690 D ICU     : No timezone override file found: /data/misc/zoneinfo/current/icu/icu_tzdata.dat
08-05 23:04:13.888 25443 25456 I art     : Starting a blocking GC Explicit
08-05 23:04:13.903 28690 28690 I Radio-JNI: register_android_hardware_Radio DONE
08-05 23:04:13.909 25443 25456 I art     : Explicit concurrent mark sweep GC freed 1353(78KB) AllocSpace objects, 1(20KB) LOS objects, 23% free, 52MB/68MB, paused 491us total 20.668ms
08-05 23:04:13.918 25443 25456 I art     : Starting a blocking GC Explicit
08-05 23:04:13.927 28690 28690 D AndroidRuntime: Calling main entry com.android.commands.input.Input
08-05 23:04:13.928 28690 28690 I Input   : injectMotionEvent: MotionEvent { action=ACTION_DOWN, actionButton=0, id[0]=0, x[0]=1053.0, y[0]=1173.0, toolType[0]=TOOL_TYPE_UNKNOWN, buttonState=0, metaState=0, flags=0x0, edgeFlags=0x0, pointerCount=1, historySize=0, eventTime=831870341, downTime=831870341, deviceId=0, source=0x1002 }
08-05 23:04:13.933 28690 28690 I Input   : injectMotionEvent: MotionEvent { action=ACTION_UP, actionButton=0, id[0]=0, x[0]=1053.0, y[0]=1173.0, toolType[0]=TOOL_TYPE_UNKNOWN, buttonState=0, metaState=0, flags=0x0, edgeFlags=0x0, pointerCount=1, historySize=0, eventTime=831870341, downTime=831870341, deviceId=0, source=0x1002 }
08-05 23:04:13.934   918  5952 I ActivityManager: START u0 {cmp=baseline.appteam.nith.hillffair/.activities.QuizActivity} from uid 10697 on display 0
08-05 23:04:13.936 25443 25456 I art     : Explicit concurrent mark sweep GC freed 37(1232B) AllocSpace objects, 0(0B) LOS objects, 23% free, 52MB/68MB, paused 549us total 18.183ms
08-05 23:04:13.939 28690 28690 D AndroidRuntime: Shutting down VM
08-05 23:04:13.944 25443 25456 I art     : Starting a blocking GC Explicit
08-05 23:04:13.964 25443 25456 I art     : Explicit concurrent mark sweep GC freed 522(39KB) AllocSpace objects, 0(0B) LOS objects, 23% free, 52MB/68MB, paused 724us total 20.275ms
08-05 23:04:13.974 25443 25456 I art     : Starting a blocking GC Explicit
08-05 23:04:13.992 25443 25456 I art     : Explicit concurrent mark sweep GC freed 263(16KB) AllocSpace objects, 0(0B) LOS objects, 23% free, 52MB/68MB, paused 519us total 18.648ms
08-05 23:04:14.001 25443 25456 I art     : Starting a blocking GC Explicit
08-05 23:04:14.020 25443 25456 I art     : Explicit concurrent mark sweep GC freed 44(1808B) AllocSpace objects, 0(0B) LOS objects, 23% free, 52MB/68MB, paused 422us total 18.400ms
08-05 23:04:14.038   918   936 I ActivityManager: Displayed baseline.appteam.nith.hillffair/.activities.QuizActivity: +98ms
08-05 23:04:14.038 13866 13866 I GoogleInputMethodServic: GoogleInputMethodService.onFinishInput():3138 
08-05 23:04:14.038 13866 13866 I GoogleInputMethodServic: GoogleInputMethodService.onStartInput():1808 
08-05 23:04:14.296   380   380 W SurfaceFlinger: couldn't log to binary event log: overflow.
08-05 23:04:14.303 25443 25482 I art     : Starting a blocking GC Explicit
08-05 23:04:14.324 25443 25482 I art     : Explicit concurrent mark sweep GC freed 1492(83KB) AllocSpace objects, 1(20KB) LOS objects, 23% free, 52MB/68MB, paused 412us total 20.270ms
08-05 23:04:14.332 25443 25482 I art     : Starting a blocking GC Explicit
08-05 23:04:14.350 25443 25482 I art     : Explicit concurrent mark sweep GC freed 26(912B) AllocSpace objects, 0(0B) LOS objects, 23% free, 52MB/68MB, paused 405us total 18.480ms
08-05 23:04:14.358 25443 25482 I art     : Starting a blocking GC Explicit
08-05 23:04:14.377 25443 25482 I art     : Explicit concurrent mark sweep GC freed 3(96B) AllocSpace objects, 0(0B) LOS objects, 23% free, 52MB/68MB, paused 434us total 18.571ms
08-05 23:04:14.386 25443 25482 I art     : Starting a blocking GC Explicit
08-05 23:04:14.393 22733 22733 I ServiceManager: Waiting for service AtCmdFwd...
08-05 23:04:14.406 25443 25482 I art     : Explicit concurrent mark sweep GC freed 64(4KB) AllocSpace objects, 0(0B) LOS objects, 23% free, 52MB/68MB, paused 431us total 20.136ms
08-05 23:04:14.415 25443 25482 I art     : Starting a blocking GC Explicit
08-05 23:04:14.435 25443 25482 I art     : Explicit concurrent mark sweep GC freed 9(336B) AllocSpace objects, 0(0B) LOS objects, 23% free, 52MB/68MB, paused 422us total 19.926ms
08-05 23:04:14.723 25443 25456 I art     : Starting a blocking GC Explicit
08-05 23:04:14.753 25443 25456 I art     : Explicit concurrent mark sweep GC freed 1345(78KB) AllocSpace objects, 1(20KB) LOS objects, 23% free, 52MB/68MB, paused 495us total 29.971ms
08-05 23:04:14.766 25443 25456 I art     : Starting a blocking GC Explicit
08-05 23:04:14.789 25443 25456 I art     : Explicit concurrent mark sweep GC freed 20(704B) AllocSpace objects, 0(0B) LOS objects, 23% free, 52MB/68MB, paused 454us total 21.859ms
08-05 23:04:14.797 25443 25456 I art     : Starting a blocking GC Explicit
08-05 23:04:14.819 25443 25456 I art     : Explicit concurrent mark sweep GC freed 3(96B) AllocSpace objects, 0(0B) LOS objects, 23% free, 52MB/68MB, paused 459us total 21.526ms
08-05 23:04:14.828 25443 25456 I art     : Starting a blocking GC Explicit
08-05 23:04:14.850 25443 25456 I art     : Explicit concurrent mark sweep GC freed 3(96B) AllocSpace objects, 0(0B) LOS objects, 23% free, 52MB/68MB, paused 445us total 21.612ms
08-05 23:04:14.859 25443 25456 I art     : Starting a blocking GC Explicit
08-05 23:04:14.880 25443 25456 I art     : Explicit concurrent mark sweep GC freed 3(96B) AllocSpace objects, 0(0B) LOS objects, 23% free, 52MB/68MB, paused 445us total 21.382ms
08-05 23:04:15.064   518   646 I ThermalEngine: ACTION: GPU - Setting GPU[0] to 450000000
08-05 23:04:15.178 25443 27255 I art     : Starting a blocking GC Explicit
08-05 23:04:15.215 25443 27255 I art     : Explicit concurrent mark sweep GC freed 1342(78KB) AllocSpace objects, 1(20KB) LOS objects, 23% free, 52MB/68MB, paused 631us total 36.094ms
08-05 23:04:15.229 25443 27255 I art     : Starting a blocking GC Explicit
08-05 23:04:15.257 25443 27255 I art     : Explicit concurrent mark sweep GC freed 20(704B) AllocSpace objects, 0(0B) LOS objects, 23% free, 52MB/68MB, paused 606us total 27.480ms
08-05 23:04:15.268 25443 27255 I art     : Starting a blocking GC Explicit
08-05 23:04:15.295 25443 27255 I art     : Explicit concurrent mark sweep GC freed 3(96B) AllocSpace objects, 0(0B) LOS objects, 23% free, 52MB/68MB, paused 596us total 26.766ms
08-05 23:04:15.306 25443 27255 I art     : Starting a blocking GC Explicit
08-05 23:04:15.333 25443 27255 I art     : Explicit concurrent mark sweep GC freed 3(96B) AllocSpace objects, 0(0B) LOS objects, 23% free, 52MB/68MB, paused 610us total 26.983ms
08-05 23:04:15.345 25443 27255 I art     : Starting a blocking GC Explicit
08-05 23:04:15.372 25443 27255 I art     : Explicit concurrent mark sweep GC freed 3(96B) AllocSpace objects, 0(0B) LOS objects, 23% free, 52MB/68MB, paused 618us total 27.109ms
08-05 23:04:15.393 22733 22733 W Atfwd_Sendcmd: AtCmdFwd service not published, waiting... retryCnt : 1
08-05 23:04:15.686 25443 25454 I art     : Starting a blocking GC Explicit
08-05 23:04:15.715 25443 25454 I art     : Explicit concurrent mark sweep GC freed 1358(78KB) AllocSpace objects, 1(20KB) LOS objects, 23% free, 52MB/68MB, paused 672us total 27.890ms
08-05 23:04:15.727 25443 25454 I art     : Starting a blocking GC Explicit
08-05 23:04:15.757 25443 25454 I art     : Explicit concurrent mark sweep GC freed 25(864B) AllocSpace objects, 0(0B) LOS objects, 23% free, 52MB/68MB, paused 852us total 29.520ms
08-05 23:04:15.769 25443 25454 I art     : Starting a blocking GC Explicit
08-05 23:04:15.796 25443 25454 I art     : Explicit concurrent mark sweep GC freed 7(224B) AllocSpace objects, 0(0B) LOS objects, 23% free, 52MB/68MB, paused 591us total 27.082ms
08-05 23:04:15.808 25443 25454 I art     : Starting a blocking GC Explicit
08-05 23:04:15.834 25443 25454 I art     : Explicit concurrent mark sweep GC freed 8(256B) AllocSpace objects, 0(0B) LOS objects, 23% free, 52MB/68MB, paused 541us total 25.981ms
08-05 23:04:15.846 25443 25454 I art     : Starting a blocking GC Explicit
08-05 23:04:15.872 25443 25454 I art     : Explicit concurrent mark sweep GC freed 3(96B) AllocSpace objects, 0(0B) LOS objects, 23% free, 52MB/68MB, paused 567us total 26.455ms
08-05 23:04:16.209 25443 27600 I art     : Starting a blocking GC Explicit
08-05 23:04:16.236 25443 27600 I art     : Explicit concurrent mark sweep GC freed 1342(78KB) AllocSpace objects, 1(20KB) LOS objects, 23% free, 52MB/68MB, paused 616us total 26.784ms
08-05 23:04:16.247 25443 27600 I art     : Starting a blocking GC Explicit
08-05 23:04:16.274 25443 27600 I art     : Explicit concurrent mark sweep GC freed 20(704B) AllocSpace objects, 0(0B) LOS objects, 23% free, 52MB/68MB, paused 590us total 26.882ms
08-05 23:04:16.286 25443 27600 I art     : Starting a blocking GC Explicit
08-05 23:04:16.313 25443 27600 I art     : Explicit concurrent mark sweep GC freed 3(96B) AllocSpace objects, 0(0B) LOS objects, 23% free, 52MB/68MB, paused 644us total 27.092ms
08-05 23:04:16.324 25443 27600 I art     : Starting a blocking GC Explicit
08-05 23:04:16.352 25443 27600 I art     : Explicit concurrent mark sweep GC freed 3(96B) AllocSpace objects, 0(0B) LOS objects, 23% free, 52MB/68MB, paused 607us total 27.610ms
08-05 23:04:16.363 25443 27600 I art     : Starting a blocking GC Explicit
08-05 23:04:16.391 25443 27600 I art     : Explicit concurrent mark sweep GC freed 3(96B) AllocSpace objects, 0(0B) LOS objects, 23% free, 52MB/68MB, paused 606us total 27.607ms
08-05 23:04:16.716 28766 28766 D AndroidRuntime: >>>>>> START com.android.internal.os.RuntimeInit uid 2000 <<<<<<
08-05 23:04:16.719 25443 25456 I art     : Starting a blocking GC Explicit
08-05 23:04:16.722 28766 28766 D AndroidRuntime: CheckJNI is OFF
08-05 23:04:16.750 25443 25456 I art     : Explicit concurrent mark sweep GC freed 1342(78KB) AllocSpace objects, 1(20KB) LOS objects, 23% free, 52MB/68MB, paused 695us total 30.754ms
08-05 23:04:16.763 25443 25456 I art     : Starting a blocking GC Explicit
08-05 23:04:16.776 28766 28766 D ICU     : No timezone override file found: /data/misc/zoneinfo/current/icu/icu_tzdata.dat
08-05 23:04:16.791 25443 25456 I art     : Explicit concurrent mark sweep GC freed 20(704B) AllocSpace objects, 0(0B) LOS objects, 23% free, 52MB/68MB, paused 664us total 27.373ms
08-05 23:04:16.803 25443 25456 I art     : Starting a blocking GC Explicit
08-05 23:04:16.824 28766 28766 I Radio-JNI: register_android_hardware_Radio DONE
08-05 23:04:16.830 25443 25456 I art     : Explicit concurrent mark sweep GC freed 3(96B) AllocSpace objects, 0(0B) LOS objects, 23% free, 52MB/68MB, paused 664us total 26.505ms
08-05 23:04:16.841 25443 25456 I art     : Starting a blocking GC Explicit
08-05 23:04:16.853 28766 28766 D AndroidRuntime: Calling main entry com.android.commands.input.Input
08-05 23:04:16.855 28766 28766 I Input   : injectMotionEvent: MotionEvent { action=ACTION_DOWN, actionButton=0, id[0]=0, x[0]=756.0, y[0]=1530.0, toolType[0]=TOOL_TYPE_UNKNOWN, buttonState=0, metaState=0, flags=0x0, edgeFlags=0x0, pointerCount=1, historySize=0, eventTime=831873267, downTime=831873267, deviceId=0, source=0x1002 }
08-05 23:04:16.862 28766 28766 I Input   : injectMotionEvent: MotionEvent { action=ACTION_UP, actionButton=0, id[0]=0, x[0]=756.0, y[0]=1530.0, toolType[0]=TOOL_TYPE_UNKNOWN, buttonState=0, metaState=0, flags=0x0, edgeFlags=0x0, pointerCount=1, historySize=0, eventTime=831873267, downTime=831873267, deviceId=0, source=0x1002 }
08-05 23:04:16.864 28766 28766 D AndroidRuntime: Shutting down VM
08-05 23:04:16.867 25443 25456 I art     : Explicit concurrent mark sweep GC freed 28(960B) AllocSpace objects, 0(0B) LOS objects, 23% free, 52MB/68MB, paused 668us total 25.785ms
08-05 23:04:16.878 25443 25456 I art     : Starting a blocking GC Explicit
08-05 23:04:16.885   918  6112 I ActivityManager: START u0 {cmp=baseline.appteam.nith.hillffair/.activities.LeaderBoardActivity} from uid 10697 on display 0
08-05 23:04:16.886   512  2967 D audio_hw_primary: out_set_parameters: enter: usecase(1: low-latency-playback) kvpairs: routing=2
08-05 23:04:16.899   512  2967 D audio_hw_primary: select_devices: out_snd_device(2: speaker) in_snd_device(0: none)
08-05 23:04:16.899   512  2967 D msm8974_platform: platform_send_audio_calibration: sending audio calibration for snd_device(2) acdb_id(15)
08-05 23:04:16.900   512  2967 I soundtrigger: audio_extn_sound_trigger_update_device_status: device 0x2 of type 0 for Event 1
08-05 23:04:16.909   512  2967 D audio_hw_primary: enable_snd_device: snd_device(2: speaker)
08-05 23:04:16.911 25443 25456 I art     : Explicit concurrent mark sweep GC freed 63(2208B) AllocSpace objects, 0(0B) LOS objects, 23% free, 52MB/68MB, paused 7.751ms total 33.254ms
08-05 23:04:16.912   512  2967 D audio_hw_primary: enable_audio_route: apply and update mixer path: low-latency-playback speaker
08-05 23:04:16.987 25443 25443 E RecyclerView: No adapter attached; skipping layout
08-05 23:04:16.992 25443 25443 E RecyclerView: No adapter attached; skipping layout
08-05 23:04:17.010   918   936 I ActivityManager: Displayed baseline.appteam.nith.hillffair/.activities.LeaderBoardActivity: +112ms
08-05 23:04:17.012 13866 13866 I GoogleInputMethodServic: GoogleInputMethodService.onFinishInput():3138 
08-05 23:04:17.012 13866 13866 I GoogleInputMethodServic: GoogleInputMethodService.onStartInput():1808 
08-05 23:04:17.013 25443 25443 E RecyclerView: No adapter attached; skipping layout
08-05 23:04:17.040 25443 25467 D OpenGLRenderer: endAllStagingAnimators on 0x7f7da0c800 (RippleDrawable) with handle 0x7f7f4cf240
08-05 23:04:17.190 25443 27600 I art     : Starting a blocking GC Explicit
08-05 23:04:17.227 25443 27600 I art     : Explicit concurrent mark sweep GC freed 6592(401KB) AllocSpace objects, 1(20KB) LOS objects, 23% free, 52MB/68MB, paused 626us total 36.964ms
08-05 23:04:17.241 25443 27600 I art     : Starting a blocking GC Explicit
08-05 23:04:17.266   380   380 W SurfaceFlinger: couldn't log to binary event log: overflow.
08-05 23:04:17.273 25443 27600 I art     : Explicit concurrent mark sweep GC freed 276(11KB) AllocSpace objects, 0(0B) LOS objects, 23% free, 52MB/68MB, paused 644us total 32.276ms
08-05 23:04:17.274 25443 25453 I art     : WaitForGcToComplete blocked for 28.695ms for cause HeapTrim
08-05 23:04:17.285 25443 27600 I art     : Starting a blocking GC Explicit
08-05 23:04:17.310 25443 27600 I art     : Explicit concurrent mark sweep GC freed 5(160B) AllocSpace objects, 0(0B) LOS objects, 23% free, 52MB/68MB, paused 715us total 24.315ms
08-05 23:04:17.320 25443 27600 I art     : Starting a blocking GC Explicit
08-05 23:04:17.345 25443 27600 I art     : Explicit concurrent mark sweep GC freed 5(160B) AllocSpace objects, 0(0B) LOS objects, 23% free, 52MB/68MB, paused 645us total 23.855ms
08-05 23:04:17.355 25443 27600 I art     : Starting a blocking GC Explicit
08-05 23:04:17.381 25443 27600 I art     : Explicit concurrent mark sweep GC freed 5(160B) AllocSpace objects, 0(0B) LOS objects, 23% free, 52MB/68MB, paused 651us total 25.712ms
08-05 23:04:17.447 25443 28789 D OkHttp  : --> GET https://api-hillfair-2k16.herokuapp.com/api/app/quiz/leaderboard?from=1 http/1.1
08-05 23:04:17.458   512  2967 D audio_hw_primary: disable_audio_route: reset and update mixer path: low-latency-playback speaker
08-05 23:04:17.459   512  2967 D audio_hw_primary: disable_snd_device: snd_device(2: speaker)
08-05 23:04:17.467   512  2967 I soundtrigger: audio_extn_sound_trigger_update_device_status: device 0x2 of type 0 for Event 0
08-05 23:04:17.488 25443 28789 D OkHttp  : <-- 200 OK https://api-hillfair-2k16.herokuapp.com/api/app/quiz/leaderboard?from=1 (40ms, 56744-byte body)
08-05 23:04:17.567 25443 25443 I NAPPA_EXPERIMENTATION: MetricNetworkRequestExecutionTime: REQUEST_DURATION_SYSTEM='628',REQUEST_DURATION_OKHTTP='41',REQUEST_SYNCHRONOUS='FALSE',RESPONSE_CODE='200',RESPONSE_METHOD='GET',RESPONSE_LENGTH_OKHTTP='56744',RESPONSE_LENGTH_HEADER='56744',REQUEST_PROTOCOL='http/1.1',REQUEST_URL='https://api-hillfair-2k16.herokuapp.com/api/app/quiz/leaderboard?from=1',
08-05 23:04:17.669 25443 25482 I art     : Starting a blocking GC Explicit
08-05 23:04:17.702 25443 25482 I art     : Explicit concurrent mark sweep GC freed 30441(1453KB) AllocSpace objects, 4(220KB) LOS objects, 23% free, 53MB/69MB, paused 680us total 32.784ms
08-05 23:04:17.714 25443 25482 I art     : Starting a blocking GC Explicit
08-05 23:04:17.742 25443 25482 I art     : Explicit concurrent mark sweep GC freed 1072(121KB) AllocSpace objects, 0(0B) LOS objects, 23% free, 53MB/69MB, paused 629us total 28.197ms
08-05 23:04:17.753 25443 25482 I art     : Starting a blocking GC Explicit
08-05 23:04:17.783 25443 25482 I art     : Explicit concurrent mark sweep GC freed 3(96B) AllocSpace objects, 0(0B) LOS objects, 23% free, 53MB/69MB, paused 647us total 29.523ms
08-05 23:04:17.795 25443 25482 I art     : Starting a blocking GC Explicit
08-05 23:04:17.824 25443 25482 I art     : Explicit concurrent mark sweep GC freed 3(96B) AllocSpace objects, 0(0B) LOS objects, 23% free, 53MB/69MB, paused 627us total 28.880ms
08-05 23:04:17.836 25443 25482 I art     : Starting a blocking GC Explicit
08-05 23:04:17.865 25443 25482 I art     : Explicit concurrent mark sweep GC freed 3(96B) AllocSpace objects, 0(0B) LOS objects, 23% free, 53MB/69MB, paused 637us total 29.145ms
08-05 23:04:18.175 25443 27255 I art     : Starting a blocking GC Explicit
08-05 23:04:18.215 25443 27255 I art     : Explicit concurrent mark sweep GC freed 1343(78KB) AllocSpace objects, 1(20KB) LOS objects, 23% free, 53MB/69MB, paused 921us total 39.972ms
08-05 23:04:18.230 25443 27255 I art     : Starting a blocking GC Explicit
08-05 23:04:18.260 25443 27255 I art     : Explicit concurrent mark sweep GC freed 20(704B) AllocSpace objects, 0(0B) LOS objects, 23% free, 53MB/69MB, paused 627us total 29.981ms
08-05 23:04:18.272 25443 27255 I art     : Starting a blocking GC Explicit
08-05 23:04:18.301 25443 27255 I art     : Explicit concurrent mark sweep GC freed 3(96B) AllocSpace objects, 0(0B) LOS objects, 23% free, 53MB/69MB, paused 643us total 29.339ms
08-05 23:04:18.313 25443 27255 I art     : Starting a blocking GC Explicit
08-05 23:04:18.343 25443 27255 I art     : Explicit concurrent mark sweep GC freed 3(96B) AllocSpace objects, 0(0B) LOS objects, 23% free, 53MB/69MB, paused 630us total 30.123ms
08-05 23:04:18.355 25443 27255 I art     : Starting a blocking GC Explicit
08-05 23:04:18.384 25443 27255 I art     : Explicit concurrent mark sweep GC freed 3(96B) AllocSpace objects, 0(0B) LOS objects, 23% free, 53MB/69MB, paused 629us total 28.913ms
08-05 23:04:18.697 25443 27600 I art     : Starting a blocking GC Explicit
08-05 23:04:18.741 25443 27600 I art     : Explicit concurrent mark sweep GC freed 1343(78KB) AllocSpace objects, 1(20KB) LOS objects, 23% free, 53MB/69MB, paused 692us total 43.200ms
08-05 23:04:18.759 25443 27600 I art     : Starting a blocking GC Explicit
08-05 23:04:18.796 25443 27600 I art     : Explicit concurrent mark sweep GC freed 20(704B) AllocSpace objects, 0(0B) LOS objects, 23% free, 53MB/69MB, paused 640us total 36.440ms
08-05 23:04:18.809 25443 27600 I art     : Starting a blocking GC Explicit
08-05 23:04:18.841 25443 27600 I art     : Explicit concurrent mark sweep GC freed 3(96B) AllocSpace objects, 0(0B) LOS objects, 23% free, 53MB/69MB, paused 628us total 32.132ms
08-05 23:04:18.853 25443 27600 I art     : Starting a blocking GC Explicit
08-05 23:04:18.884 25443 27600 I art     : Explicit concurrent mark sweep GC freed 3(96B) AllocSpace objects, 0(0B) LOS objects, 23% free, 53MB/69MB, paused 619us total 30.815ms
08-05 23:04:18.896 25443 27600 I art     : Starting a blocking GC Explicit
08-05 23:04:18.929 25443 27600 I art     : Explicit concurrent mark sweep GC freed 3(96B) AllocSpace objects, 0(0B) LOS objects, 23% free, 53MB/69MB, paused 642us total 32.565ms
08-05 23:04:19.269 25443 25456 I art     : Starting a blocking GC Explicit
08-05 23:04:19.309 25443 25456 I art     : Explicit concurrent mark sweep GC freed 1343(78KB) AllocSpace objects, 1(20KB) LOS objects, 23% free, 53MB/69MB, paused 702us total 40.202ms
08-05 23:04:19.324 25443 25456 I art     : Starting a blocking GC Explicit
08-05 23:04:19.356 25443 25456 I art     : Explicit concurrent mark sweep GC freed 20(704B) AllocSpace objects, 0(0B) LOS objects, 23% free, 53MB/69MB, paused 625us total 31.774ms
08-05 23:04:19.368 25443 25456 I art     : Starting a blocking GC Explicit
08-05 23:04:19.401 25443 25456 I art     : Explicit concurrent mark sweep GC freed 3(96B) AllocSpace objects, 0(0B) LOS objects, 23% free, 53MB/69MB, paused 645us total 32.286ms
08-05 23:04:19.413 25443 25456 I art     : Starting a blocking GC Explicit
08-05 23:04:19.446 25443 25456 I art     : Explicit concurrent mark sweep GC freed 3(96B) AllocSpace objects, 0(0B) LOS objects, 23% free, 53MB/69MB, paused 663us total 32.757ms
08-05 23:04:19.458 25443 25456 I art     : Starting a blocking GC Explicit
08-05 23:04:19.489 25443 25456 I art     : Explicit concurrent mark sweep GC freed 3(96B) AllocSpace objects, 0(0B) LOS objects, 23% free, 53MB/69MB, paused 629us total 31.101ms
08-05 23:04:19.840 25443 25454 I art     : Starting a blocking GC Explicit
08-05 23:04:19.880 25443 25454 I art     : Explicit concurrent mark sweep GC freed 1343(78KB) AllocSpace objects, 1(20KB) LOS objects, 23% free, 53MB/69MB, paused 635us total 38.777ms
08-05 23:04:19.894 25443 25454 I art     : Starting a blocking GC Explicit
08-05 23:04:19.923 25443 25454 I art     : Explicit concurrent mark sweep GC freed 20(704B) AllocSpace objects, 0(0B) LOS objects, 23% free, 53MB/69MB, paused 648us total 29.161ms
