08-06 16:51:32.464 30677 30695 D TfprPrefetchingStrategy: Successors before the sort [TfprNode{UpcomingWeekendsActivity : TFPR = 0.16248293}, TfprNode{ChecklistActivity : TFPR = 0.081111126}, TfprNode{FinalCityInfoActivity : TFPR = 0.14510618}, TfprNode{NotificationsActivity : TFPR = 0.0832929}, TfprNode{CompassActivity : TFPR = 0.039793257}]
08-06 16:51:32.464 30677 30695 D TfprPrefetchingStrategy: Successors sorted by highest to lowest score (N2 - N1 comparator) are [TfprNode{UpcomingWeekendsActivity : TFPR = 0.16248293}, TfprNode{FinalCityInfoActivity : TFPR = 0.14510618}, TfprNode{NotificationsActivity : TFPR = 0.0832929}, TfprNode{ChecklistActivity : TFPR = 0.081111126}, TfprNode{CompassActivity : TFPR = 0.039793257}]
08-06 16:51:32.464 30677 30695 D TfprPrefetchingStrategy: Successor with highest score is UpcomingWeekendsActivity with score 0.16248293
08-06 16:51:32.464 30677 30695 D TfprPrefetchingStrategy: The score threshold is 0.3
08-06 16:51:32.464 30677 30695 D TfprPrefetchingStrategy: successors with high score = []
08-06 16:51:32.464 30677 30695 D TfprPrefetchingStrategy: ===
08-06 16:51:32.464 30677 30695 D TfprPrefetchingStrategy: MetricStrategyAccuracy inc insufficient score count1 | act = true; extra = false
08-06 16:51:32.464 30677 30695 D TfprPrefetchingStrategy: Next visited child will be []
08-06 16:51:32.464 30677 30695 D TfprPrefetchingStrategy: ==================================
08-06 16:51:32.464 30677 30695 D Nappa   : PREFETCH_ON_EXTRA - setCurrentActivity - finished new prediction
08-06 16:51:32.468 30677 30690 I art     : Explicit concurrent mark sweep GC freed 5765(451KB) AllocSpace objects, 0(0B) LOS objects, 35% free, 28MB/44MB, paused 303us total 15.888ms
08-06 16:51:32.477 30677 30690 I art     : Starting a blocking GC Explicit
08-06 16:51:32.490 30677 30677 D CityFragment: get cities cities size = 10
08-06 16:51:32.494 30677 30690 I art     : Explicit concurrent mark sweep GC freed 385(25KB) AllocSpace objects, 1(20KB) LOS objects, 35% free, 28MB/44MB, paused 584us total 16.629ms
08-06 16:51:32.503 30677 30690 I art     : Starting a blocking GC Explicit
08-06 16:51:32.519 30677 30690 I art     : Explicit concurrent mark sweep GC freed 355(30KB) AllocSpace objects, 0(0B) LOS objects, 34% free, 31MB/47MB, paused 453us total 16.501ms
08-06 16:51:32.529 30677 30690 I art     : Starting a blocking GC Explicit
08-06 16:51:32.546 30677 30690 I art     : Explicit concurrent mark sweep GC freed 172(12KB) AllocSpace objects, 0(0B) LOS objects, 33% free, 31MB/47MB, paused 442us total 17.034ms
08-06 16:51:32.800   380   380 W SurfaceFlinger: couldn't log to binary event log: overflow.
08-06 16:51:32.815 30677 30689 I art     : Starting a blocking GC Explicit
08-06 16:51:32.838 30677 30689 I art     : Explicit concurrent mark sweep GC freed 15625(1305KB) AllocSpace objects, 13(4MB) LOS objects, 34% free, 30MB/46MB, paused 886us total 23.004ms
08-06 16:51:32.847 30677 30689 I art     : Starting a blocking GC Explicit
08-06 16:51:32.866 30677 30689 I art     : Explicit concurrent mark sweep GC freed 3384(482KB) AllocSpace objects, 5(224KB) LOS objects, 33% free, 31MB/47MB, paused 609us total 19.354ms
08-06 16:51:32.875 30677 30689 I art     : Starting a blocking GC Explicit
08-06 16:51:32.889 30677 30677 D NappaLifecycleObserver: nappatfpr.io.github.project_travel_mate.SplashActivity - onDestroy
08-06 16:51:32.890 30677 30677 D NappaLifecycleObserver: -------------F1_SCORE #3 -----------
08-06 16:51:32.890 30677 30677 D NappaLifecycleObserver: F1_SCORE - Intercept list (3)= [https://project-travel-mate.herokuapp.com/api/get-user, https://project-travel-mate.herokuapp.com/api/get-all-cities/10, https://project-travel-mate.herokuapp.com/api/number-of-unread-notifications]
08-06 16:51:32.890 30677 30677 D NappaLifecycleObserver: F1_SCORE - Prefetch list (0)= []
08-06 16:51:32.890 30677 30677 D NappaLifecycleObserver: F1_SCORE - TP list (0)= []
08-06 16:51:32.890 30677 30677 D NappaLifecycleObserver: F1_SCORE - FN list (3)= [https://project-travel-mate.herokuapp.com/api/get-user, https://project-travel-mate.herokuapp.com/api/get-all-cities/10, https://project-travel-mate.herokuapp.com/api/number-of-unread-notifications]
08-06 16:51:32.890 30677 30677 I NAPPA_EXPERIMENTATION: MetricPrefetchingAccuracy: LOG_ID='4',F1_SCORE_1='0.0',F1_SCORE_2='0.0',TRUE_POSITIVE='0',FALSE_POSITIVE='0',FALSE_NEGATIVE='3',
08-06 16:51:32.895 30677 30689 I art     : Explicit concurrent mark sweep GC freed 1482(94KB) AllocSpace objects, 0(0B) LOS objects, 33% free, 31MB/47MB, paused 589us total 20.022ms
08-06 16:51:32.900 30677 30836 D CustomInterceptor: CACHE_CONTROL SETTING NEW MAX-AGE
08-06 16:51:32.901 30677 30836 D CustomInterceptor: HEADER RESPONSE
08-06 16:51:32.901 30677 30836 D CustomInterceptor: Allow GET, OPTIONS
08-06 16:51:32.901 30677 30836 D CustomInterceptor: Cache-Control public, immutable, max-age=300, only-if-cached, max-stale=300
08-06 16:51:32.901 30677 30836 D CustomInterceptor: Connection keep-alive
08-06 16:51:32.901 30677 30836 D CustomInterceptor: Content-Length 36
08-06 16:51:32.901 30677 30836 D CustomInterceptor: Content-Type application/json
08-06 16:51:32.901 30677 30836 D CustomInterceptor: Date Thu, 06 Aug 2020 14:51:28 GMT
08-06 16:51:32.902 30677 30836 D CustomInterceptor: Expires Thu, 06 Aug 2020 14:56:32 GMT+00:00
08-06 16:51:32.902 30677 30836 D CustomInterceptor: Server gunicorn/19.8.1
08-06 16:51:32.902 30677 30836 D CustomInterceptor: Vary Accept
08-06 16:51:32.902 30677 30836 D CustomInterceptor: Via 1.1 vegur
08-06 16:51:32.902 30677 30836 D CustomInterceptor: X-Frame-Options SAMEORIGIN
08-06 16:51:32.902 30677 30836 D CustomInterceptor: CACHEABLE true
08-06 16:51:32.902 30677 30836 D CustomInterceptor: REQ https://project-travel-mate.herokuapp.com/api/number-of-unread-notifications
08-06 16:51:32.902 30677 30836 D CustomInterceptor: REQ_SERV_BY net
08-06 16:51:32.902 30677 30836 D CustomInterceptor: PREFLIB Adding response to lrucache - https://project-travel-mate.herokuapp.com/api/number-of-unread-notifications
08-06 16:51:32.904 30677 30689 I art     : Starting a blocking GC Explicit
08-06 16:51:32.923 30677 30689 I art     : Explicit concurrent mark sweep GC freed 536(35KB) AllocSpace objects, 3(1292KB) LOS objects, 34% free, 30MB/46MB, paused 345us total 18.662ms
08-06 16:51:32.931 30677 30689 I art     : Starting a blocking GC Explicit
08-06 16:51:32.943 30677 30836 D CustomInterceptor: interceptor_finished : return_type #3 : request served from remote and added to cache
08-06 16:51:32.943 30677 30836 I NAPPA_EXPERIMENTATION: MetricNetworkRequestExecutionTime: REQUEST_DURATION_SYSTEM='589',REQUEST_DURATION_OKHTTP='0',REQUEST_SYNCHRONOUS='FALSE',RESPONSE_CODE='200',RESPONSE_METHOD='GET',RESPONSE_LENGTH_OKHTTP='36',RESPONSE_LENGTH_HEADER='-2',REQUEST_PROTOCOL='http/1.1',REQUEST_URL='https://project-travel-mate.herokuapp.com/api/number-of-unread-notifications',
08-06 16:51:32.950 30677 30689 I art     : Explicit concurrent mark sweep GC freed 2114(93KB) AllocSpace objects, 0(0B) LOS objects, 34% free, 30MB/46MB, paused 367us total 18.638ms
08-06 16:51:33.256 30677 30689 I art     : Starting a blocking GC Explicit
08-06 16:51:33.279 30677 30689 I art     : Explicit concurrent mark sweep GC freed 19662(1548KB) AllocSpace objects, 17(1732KB) LOS objects, 32% free, 33MB/49MB, paused 401us total 22.443ms
08-06 16:51:33.288 30677 30689 I art     : Starting a blocking GC Explicit
08-06 16:51:33.307 30677 30689 I art     : Explicit concurrent mark sweep GC freed 490(19KB) AllocSpace objects, 2(88KB) LOS objects, 32% free, 33MB/49MB, paused 332us total 18.632ms
08-06 16:51:33.315 30677 30689 I art     : Starting a blocking GC Explicit
08-06 16:51:33.333 30677 30689 I art     : Explicit concurrent mark sweep GC freed 381(17KB) AllocSpace objects, 0(0B) LOS objects, 32% free, 33MB/49MB, paused 973us total 17.822ms
08-06 16:51:33.342 30677 30689 I art     : Starting a blocking GC Explicit
08-06 16:51:33.360 30677 30689 I art     : Explicit concurrent mark sweep GC freed 1702(65KB) AllocSpace objects, 0(0B) LOS objects, 32% free, 33MB/49MB, paused 304us total 17.469ms
08-06 16:51:33.368 30677 30689 I art     : Starting a blocking GC Explicit
08-06 16:51:33.386 30677 30689 I art     : Explicit concurrent mark sweep GC freed 243(42KB) AllocSpace objects, 0(0B) LOS objects, 31% free, 34MB/50MB, paused 381us total 17.924ms
08-06 16:51:33.738 30677 30689 I art     : Starting a blocking GC Explicit
08-06 16:51:33.758 30677 30689 I art     : Explicit concurrent mark sweep GC freed 2785(232KB) AllocSpace objects, 7(1388KB) LOS objects, 32% free, 33MB/49MB, paused 284us total 20.230ms
08-06 16:51:33.769 30677 30689 I art     : Starting a blocking GC Explicit
08-06 16:51:33.789 30677 30689 I art     : Explicit concurrent mark sweep GC freed 135(4KB) AllocSpace objects, 0(0B) LOS objects, 32% free, 33MB/49MB, paused 330us total 19.745ms
08-06 16:51:33.798 30677 30689 I art     : Starting a blocking GC Explicit
08-06 16:51:33.815 30677 30689 I art     : Explicit concurrent mark sweep GC freed 29(560B) AllocSpace objects, 0(0B) LOS objects, 32% free, 33MB/49MB, paused 269us total 16.661ms
08-06 16:51:33.823 30677 30689 I art     : Starting a blocking GC Explicit
08-06 16:51:33.840 30677 30689 I art     : Explicit concurrent mark sweep GC freed 51(896B) AllocSpace objects, 0(0B) LOS objects, 32% free, 33MB/49MB, paused 264us total 16.737ms
08-06 16:51:33.849 30677 30689 I art     : Starting a blocking GC Explicit
08-06 16:51:33.866 30677 30689 I art     : Explicit concurrent mark sweep GC freed 28(560B) AllocSpace objects, 0(0B) LOS objects, 32% free, 33MB/49MB, paused 297us total 16.380ms
08-06 16:51:34.211 30677 30741 I art     : Starting a blocking GC Explicit
08-06 16:51:34.233 30677 30741 I art     : Explicit concurrent mark sweep GC freed 2161(104KB) AllocSpace objects, 2(40KB) LOS objects, 32% free, 33MB/49MB, paused 311us total 21.753ms
08-06 16:51:34.247 30677 30741 I art     : Starting a blocking GC Explicit
08-06 16:51:34.266 30677 30741 I art     : Explicit concurrent mark sweep GC freed 78(1904B) AllocSpace objects, 0(0B) LOS objects, 32% free, 33MB/49MB, paused 302us total 18.236ms
08-06 16:51:34.274 30677 30741 I art     : Starting a blocking GC Explicit
08-06 16:51:34.293 30677 30741 I art     : Explicit concurrent mark sweep GC freed 51(896B) AllocSpace objects, 0(0B) LOS objects, 32% free, 33MB/49MB, paused 298us total 18.411ms
08-06 16:51:34.302 30677 30741 I art     : Starting a blocking GC Explicit
08-06 16:51:34.320 30677 30741 I art     : Explicit concurrent mark sweep GC freed 30(544B) AllocSpace objects, 0(0B) LOS objects, 32% free, 33MB/49MB, paused 349us total 18.034ms
08-06 16:51:34.329 30677 30741 I art     : Starting a blocking GC Explicit
08-06 16:51:34.348 30677 30741 I art     : Explicit concurrent mark sweep GC freed 48(848B) AllocSpace objects, 0(0B) LOS objects, 32% free, 33MB/49MB, paused 305us total 19.278ms
08-06 16:51:34.684 30677 30690 I art     : Starting a blocking GC Explicit
08-06 16:51:34.702 30677 30690 I art     : Explicit concurrent mark sweep GC freed 2142(109KB) AllocSpace objects, 2(40KB) LOS objects, 32% free, 33MB/49MB, paused 267us total 17.413ms
08-06 16:51:34.710 30677 30690 I art     : Starting a blocking GC Explicit
08-06 16:51:34.726 30677 30690 I art     : Explicit concurrent mark sweep GC freed 78(1904B) AllocSpace objects, 0(0B) LOS objects, 32% free, 33MB/49MB, paused 265us total 16.149ms
08-06 16:51:34.735 30677 30690 I art     : Starting a blocking GC Explicit
08-06 16:51:34.751 30677 30690 I art     : Explicit concurrent mark sweep GC freed 27(496B) AllocSpace objects, 0(0B) LOS objects, 32% free, 33MB/49MB, paused 269us total 16.300ms
08-06 16:51:34.759 30677 30690 I art     : Starting a blocking GC Explicit
08-06 16:51:34.775 30677 30690 I art     : Explicit concurrent mark sweep GC freed 51(896B) AllocSpace objects, 0(0B) LOS objects, 32% free, 33MB/49MB, paused 262us total 15.706ms
08-06 16:51:34.783 30677 30690 I art     : Starting a blocking GC Explicit
08-06 16:51:34.800 30677 30690 I art     : Explicit concurrent mark sweep GC freed 27(496B) AllocSpace objects, 0(0B) LOS objects, 32% free, 33MB/49MB, paused 258us total 16.534ms
08-06 16:51:34.847   518   646 I ThermalEngine: ACTION: GPU - Setting GPU[0] to 510000000
08-06 16:51:35.115 30677 30689 I art     : Starting a blocking GC Explicit
08-06 16:51:35.141 30677 30689 I art     : Explicit concurrent mark sweep GC freed 2141(106KB) AllocSpace objects, 2(40KB) LOS objects, 32% free, 33MB/49MB, paused 428us total 26.139ms
08-06 16:51:35.157 30677 30689 I art     : Starting a blocking GC Explicit
08-06 16:51:35.171 26222 26222 I ServiceManager: Waiting for service AtCmdFwd...
08-06 16:51:35.180 30677 30689 I art     : Explicit concurrent mark sweep GC freed 79(1936B) AllocSpace objects, 0(0B) LOS objects, 32% free, 33MB/49MB, paused 392us total 22.730ms
08-06 16:51:35.192 30677 30689 I art     : Starting a blocking GC Explicit
08-06 16:51:35.215 30677 30689 I art     : Explicit concurrent mark sweep GC freed 51(896B) AllocSpace objects, 0(0B) LOS objects, 32% free, 33MB/49MB, paused 394us total 22.933ms
08-06 16:51:35.227 30677 30689 I art     : Starting a blocking GC Explicit
08-06 16:51:35.250 30677 30689 I art     : Explicit concurrent mark sweep GC freed 52(928B) AllocSpace objects, 0(0B) LOS objects, 32% free, 33MB/49MB, paused 397us total 23.190ms
08-06 16:51:35.262 30677 30689 I art     : Starting a blocking GC Explicit
08-06 16:51:35.286 30677 30689 I art     : Explicit concurrent mark sweep GC freed 51(896B) AllocSpace objects, 0(0B) LOS objects, 32% free, 33MB/49MB, paused 405us total 23.640ms
08-06 16:51:35.668 30677 30741 I art     : Starting a blocking GC Explicit
08-06 16:51:35.694 30677 30741 I art     : Explicit concurrent mark sweep GC freed 2239(109KB) AllocSpace objects, 2(40KB) LOS objects, 32% free, 33MB/49MB, paused 410us total 26.117ms
08-06 16:51:35.707 30677 30741 I art     : Starting a blocking GC Explicit
08-06 16:51:35.730 30677 30741 I art     : Explicit concurrent mark sweep GC freed 78(1904B) AllocSpace objects, 0(0B) LOS objects, 32% free, 33MB/49MB, paused 401us total 23.465ms
08-06 16:51:35.742 30677 30741 I art     : Starting a blocking GC Explicit
08-06 16:51:35.766 30677 30741 I art     : Explicit concurrent mark sweep GC freed 51(896B) AllocSpace objects, 0(0B) LOS objects, 32% free, 33MB/49MB, paused 420us total 23.856ms
08-06 16:51:35.778 30677 30741 I art     : Starting a blocking GC Explicit
08-06 16:51:35.802 30677 30741 I art     : Explicit concurrent mark sweep GC freed 51(896B) AllocSpace objects, 0(0B) LOS objects, 32% free, 33MB/49MB, paused 413us total 23.723ms
08-06 16:51:35.814 30677 30741 I art     : Starting a blocking GC Explicit
08-06 16:51:35.838 30677 30741 I art     : Explicit concurrent mark sweep GC freed 51(896B) AllocSpace objects, 0(0B) LOS objects, 32% free, 33MB/49MB, paused 450us total 23.851ms
08-06 16:51:36.138 30677 30690 I art     : Starting a blocking GC Explicit
08-06 16:51:36.162 30677 30690 I art     : Explicit concurrent mark sweep GC freed 2114(102KB) AllocSpace objects, 2(40KB) LOS objects, 32% free, 33MB/49MB, paused 420us total 23.914ms
08-06 16:51:36.172 26222 26222 I ServiceManager: Waiting for service AtCmdFwd...
08-06 16:51:36.174 30677 30690 I art     : Starting a blocking GC Explicit
08-06 16:51:36.197 30677 30690 I art     : Explicit concurrent mark sweep GC freed 79(1936B) AllocSpace objects, 0(0B) LOS objects, 32% free, 33MB/49MB, paused 421us total 23.305ms
08-06 16:51:36.209 30677 30690 I art     : Starting a blocking GC Explicit
08-06 16:51:36.233 30677 30690 I art     : Explicit concurrent mark sweep GC freed 51(896B) AllocSpace objects, 0(0B) LOS objects, 32% free, 33MB/49MB, paused 418us total 23.497ms
08-06 16:51:36.244 30677 30690 I art     : Starting a blocking GC Explicit
08-06 16:51:36.268 30677 30690 I art     : Explicit concurrent mark sweep GC freed 51(896B) AllocSpace objects, 0(0B) LOS objects, 32% free, 33MB/49MB, paused 427us total 23.016ms
08-06 16:51:36.279 30677 30690 I art     : Starting a blocking GC Explicit
08-06 16:51:36.303 30677 30690 I art     : Explicit concurrent mark sweep GC freed 51(896B) AllocSpace objects, 0(0B) LOS objects, 32% free, 33MB/49MB, paused 421us total 23.326ms
08-06 16:51:36.319 30925 30925 D AndroidRuntime: >>>>>> START com.android.internal.os.RuntimeInit uid 2000 <<<<<<
08-06 16:51:36.324 30925 30925 D AndroidRuntime: CheckJNI is OFF
08-06 16:51:36.356 30925 30925 D ICU     : No timezone override file found: /data/misc/zoneinfo/current/icu/icu_tzdata.dat
08-06 16:51:36.389 30925 30925 I Radio-JNI: register_android_hardware_Radio DONE
08-06 16:51:36.411 30925 30925 D AndroidRuntime: Calling main entry com.android.commands.input.Input
08-06 16:51:36.413 30925 30925 I Input   : injectMotionEvent: MotionEvent { action=ACTION_DOWN, actionButton=0, id[0]=0, x[0]=346.0, y[0]=709.0, toolType[0]=TOOL_TYPE_UNKNOWN, buttonState=0, metaState=0, flags=0x0, edgeFlags=0x0, pointerCount=1, historySize=0, eventTime=895912825, downTime=895912825, deviceId=0, source=0x1002 }
08-06 16:51:36.423 30925 30925 I Input   : injectMotionEvent: MotionEvent { action=ACTION_UP, actionButton=0, id[0]=0, x[0]=346.0, y[0]=709.0, toolType[0]=TOOL_TYPE_UNKNOWN, buttonState=0, metaState=0, flags=0x0, edgeFlags=0x0, pointerCount=1, historySize=0, eventTime=895912825, downTime=895912825, deviceId=0, source=0x1002 }
08-06 16:51:36.428 30677 30695 D Nappa   : PREFETCH_ON_EXTRA - notifyExtras- start
08-06 16:51:36.428 30677 30677 D NappaIntentExtras: ==================
08-06 16:51:36.428 30677 30677 D NappaIntentExtras: Log #2
08-06 16:51:36.428 30677 30677 D NappaIntentExtras: ------------------
08-06 16:51:36.428 30677 30677 D NappaIntentExtras: activity nappatfpr.io.github.project_travel_mate.SplashActivity
08-06 16:51:36.428 30677 30677 D NappaIntentExtras: 	- No extras registered
08-06 16:51:36.428 30677 30677 D NappaIntentExtras: activity nappatfpr.io.github.project_travel_mate.destinations.funfacts.FunFactsActivity
08-06 16:51:36.428 30677 30677 D NappaIntentExtras: 	- No extras registered
08-06 16:51:36.428 30677 30677 D NappaIntentExtras: activity nappatfpr.io.github.project_travel_mate.MainActivity
08-06 16:51:36.428 30677 30677 D NappaIntentExtras: 	- 1 extras registered
08-06 16:51:36.428 30677 30677 D NappaIntentExtras: 	- cityobject_ : objects.City@736e3de
08-06 16:51:36.428 30677 30677 D NappaIntentExtras: activity nappatfpr.io.github.project_travel_mate.utilities.UpcomingWeekendsActivity
08-06 16:51:36.428 30677 30677 D NappaIntentExtras: 	- No extras registered
08-06 16:51:36.428 30677 30677 D NappaIntentExtras: activity nappatfpr.io.github.project_travel_mate.utilities.ChecklistActivity
08-06 16:51:36.428 30677 30677 D NappaIntentExtras: 	- No extras registered
08-06 16:51:36.429 30677 30677 D NappaIntentExtras: activity nappatfpr.io.github.project_travel_mate.utilities.CompassActivity
08-06 16:51:36.429 30677 30677 D NappaIntentExtras: 	- No extras registered
08-06 16:51:36.429 30677 30677 D NappaIntentExtras: activity nappatfpr.io.github.project_travel_mate.notifications.NotificationsActivity
08-06 16:51:36.429 30677 30677 D NappaIntentExtras: 	- No extras registered
08-06 16:51:36.429 30677 30677 D NappaIntentExtras: activity nappatfpr.io.github.project_travel_mate.destinations.description.CityHistoryActivity
08-06 16:51:36.429 30677 30677 D NappaIntentExtras: 	- No extras registered
08-06 16:51:36.429 30677 30677 D NappaIntentExtras: activity nappatfpr.io.github.project_travel_mate.destinations.description.FinalCityInfoActivity
08-06 16:51:36.429 30677 30677 D NappaIntentExtras: 	- No extras registered
08-06 16:51:36.429 30677 30677 D NappaIntentExtras: ==================
08-06 16:51:36.430 30677 30695 I NAPPA_EXPERIMENTATION: MetricNappaPrefetchingStrategyExecutionTime: STRATEGY_CLASS='TfprPrefetchingStrategy',DURATION='1770416',NUMBER_OF_URLS='0',NUMBER_OF_SELECTED_CHILDREN_NODES='0',NUMBER_OF_CHILDREN_NODES='5',STRATEGY_RUN_SUCCESSFULLY='True',
08-06 16:51:36.430 30677 30695 D TfprPrefetchingStrategy: ==================================
08-06 16:51:36.430 30677 30695 D TfprPrefetchingStrategy: Starting Run #2
08-06 16:51:36.430 30677 30695 D TfprPrefetchingStrategy: ----------------------------------
08-06 16:51:36.430 30677 30695 D TfprPrefetchingStrategy: Node data MainActivity 
08-06 16:51:36.430 30677 30695 D TfprPrefetchingStrategy: 	Successors:
08-06 16:51:36.430 30677 30695 D TfprPrefetchingStrategy: 		UpcomingWeekendsActivity (0 hits)
08-06 16:51:36.430 30677 30695 D TfprPrefetchingStrategy: 		ChecklistActivity (0 hits)
08-06 16:51:36.430 30677 30695 D TfprPrefetchingStrategy: 		FinalCityInfoActivity (0 hits)
08-06 16:51:36.430 30677 30695 D TfprPrefetchingStrategy: 		NotificationsActivity (0 hits)
08-06 16:51:36.430 30677 30695 D TfprPrefetchingStrategy: 		CompassActivity (0 hits)
08-06 16:51:36.430 30677 30695 D TfprPrefetchingStrategy: 	Ancestors:
08-06 16:51:36.430 30677 30695 D TfprPrefetchingStrategy: 		SplashActivity (0 hits)
08-06 16:51:36.430 30677 30695 D TfprPrefetchingStrategy: 
08-06 16:51:36.430 30677 30695 D TfprPrefetchingStrategy: MetricStrategyAccuracy inc execution count2 | act = false; extra = true
08-06 16:51:36.430 30677 30695 D TfprPrefetchingStrategy: ===
08-06 16:51:36.430 30677 30695 D TfprPrefetchingStrategy: calculateVisitTimeScores
08-06 16:51:36.430 30677 30695 D TfprPrefetchingStrategy: -------- Node MainActivity-----------
08-06 16:51:36.430 30677 30695 D TfprPrefetchingStrategy: tfprNode.aggregateVisitTime = 209684
08-06 16:51:36.430 30677 30695 D TfprPrefetchingStrategy: tfprNode.totalAggregateVisitTimeFromSuccessors = 203754
08-06 16:51:36.431 30677 30695 D TfprPrefetchingStrategy: tfprNode.aggregateVisitTimeFromSuccessors = {nappatfpr.io.github.project_travel_mate.utilities.UpcomingWeekendsActivity=74175, nappatfpr.io.github.project_travel_mate.utilities.ChecklistActivity=37028, nappatfpr.io.github.project_travel_mate.utilities.CompassActivity=18166, nappatfpr.io.github.project_travel_mate.notifications.NotificationsActivity=38024, nappatfpr.io.github.project_travel_mate.destinations.description.FinalCityInfoActivity=36361}
08-06 16:51:36.431 30677 30695 D TfprPrefetchingStrategy: -------- Node ChecklistActivity-----------
08-06 16:51:36.431 30677 30695 D TfprPrefetchingStrategy: tfprNode.aggregateVisitTime = 37028
08-06 16:51:36.431 30677 30695 D TfprPrefetchingStrategy: tfprNode.totalAggregateVisitTimeFromSuccessors = 0
08-06 16:51:36.431 30677 30695 D TfprPrefetchingStrategy: tfprNode.aggregateVisitTimeFromSuccessors = {}
08-06 16:51:36.431 30677 30695 D TfprPrefetchingStrategy: -------- Node UpcomingWeekendsActivity-----------
08-06 16:51:36.431 30677 30695 D TfprPrefetchingStrategy: tfprNode.aggregateVisitTime = 74175
08-06 16:51:36.431 30677 30695 D TfprPrefetchingStrategy: tfprNode.totalAggregateVisitTimeFromSuccessors = 0
08-06 16:51:36.431 30677 30695 D TfprPrefetchingStrategy: tfprNode.aggregateVisitTimeFromSuccessors = {}
08-06 16:51:36.431 30677 30695 D TfprPrefetchingStrategy: -------- Node CompassActivity-----------
08-06 16:51:36.431 30677 30695 D TfprPrefetchingStrategy: tfprNode.aggregateVisitTime = 18166
08-06 16:51:36.431 30677 30695 D TfprPrefetchingStrategy: tfprNode.totalAggregateVisitTimeFromSuccessors = 0
08-06 16:51:36.431 30677 30695 D TfprPrefetchingStrategy: tfprNode.aggregateVisitTimeFromSuccessors = {}
08-06 16:51:36.431 30677 30695 D TfprPrefetchingStrategy: -------- Node NotificationsActivity-----------
08-06 16:51:36.431 30677 30695 D TfprPrefetchingStrategy: tfprNode.aggregateVisitTime = 38024
08-06 16:51:36.431 30677 30695 D TfprPrefetchingStrategy: tfprNode.totalAggregateVisitTimeFromSuccessors = 0
08-06 16:51:36.431 30677 30695 D TfprPrefetchingStrategy: tfprNode.aggregateVisitTimeFromSuccessors = {}
08-06 16:51:36.431 30677 30695 D TfprPrefetchingStrategy: -------- Node FinalCityInfoActivity-----------
08-06 16:51:36.431 30677 30695 D TfprPrefetchingStrategy: tfprNode.aggregateVisitTime = 70855
08-06 16:51:36.431 30677 30695 D TfprPrefetchingStrategy: tfprNode.totalAggregateVisitTimeFromSuccessors = 76182
08-06 16:51:36.431 30677 30695 D TfprPrefetchingStrategy: tfprNode.aggregateVisitTimeFromSuccessors = {nappatfpr.io.github.project_travel_mate.destinations.funfacts.FunFactsActivity=21080, nappatfpr.io.github.project_travel_mate.destinations.description.CityHistoryActivity=55102}
08-06 16:51:36.431 30677 30695 D TfprPrefetchingStrategy: -------- Graph -----------
08-06 16:51:36.431 30677 30695 D TfprPrefetchingStrategy: tfprGraph.aggregateVisitTimeFromSuccessors = 447932
08-06 16:51:36.432 30677 30695 D TfprPrefetchingStrategy: ===
08-06 16:51:36.432 30677 30695 D TfprPrefetchingStrategy: ===
08-06 16:51:36.432 30677 30695 D TfprPrefetchingStrategy: runTfprAlgorithm
08-06 16:51:36.432 30677 30695 D TfprPrefetchingStrategy: ------------- TFPR calculation #1 of 10 -----------
08-06 16:51:36.432 30677 30695 D TfprPrefetchingStrategy: node MainActivity score = 0.39789835
08-06 16:51:36.432 30677 30695 D TfprPrefetchingStrategy: node ChecklistActivity score = 0.081111126
08-06 16:51:36.432 30677 30695 D TfprPrefetchingStrategy: node UpcomingWeekendsActivity score = 0.16248293
08-06 16:51:36.432 30677 30695 D TfprPrefetchingStrategy: node CompassActivity score = 0.039793257
08-06 16:51:36.432 30677 30695 D TfprPrefetchingStrategy: node NotificationsActivity score = 0.0832929
08-06 16:51:36.432 30677 30695 D TfprPrefetchingStrategy: node FinalCityInfoActivity score = 0.14510618
08-06 16:51:36.432 30677 30695 D TfprPrefetchingStrategy: ------------- TFPR calculation #2 of 10 -----------
08-06 16:51:36.432 30677 30695 D TfprPrefetchingStrategy: node MainActivity score = 0.39789835
08-06 16:51:36.432 30677 30695 D TfprPrefetchingStrategy: node ChecklistActivity score = 0.081111126
08-06 16:51:36.432 30677 30695 D TfprPrefetchingStrategy: node UpcomingWeekendsActivity score = 0.16248293
08-06 16:51:36.432 30677 30695 D TfprPrefetchingStrategy: node CompassActivity score = 0.039793257
08-06 16:51:36.432 30677 30695 D TfprPrefetchingStrategy: node NotificationsActivity score = 0.0832929
08-06 16:51:36.432 30677 30695 D TfprPrefetchingStrategy: node FinalCityInfoActivity score = 0.14510618
08-06 16:51:36.432 30677 30695 D TfprPrefetchingStrategy: ------------- TFPR calculation #3 of 10 -----------
08-06 16:51:36.432 30677 30695 D TfprPrefetchingStrategy: node MainActivity score = 0.39789835
08-06 16:51:36.432 30677 30695 D TfprPrefetchingStrategy: node ChecklistActivity score = 0.081111126
08-06 16:51:36.432 30677 30695 D TfprPrefetchingStrategy: node UpcomingWeekendsActivity score = 0.16248293
08-06 16:51:36.432 30677 30695 D TfprPrefetchingStrategy: node CompassActivity score = 0.039793257
08-06 16:51:36.432 30677 30695 D TfprPrefetchingStrategy: node NotificationsActivity score = 0.0832929
08-06 16:51:36.432 30677 30695 D TfprPrefetchingStrategy: node FinalCityInfoActivity score = 0.14510618
08-06 16:51:36.432 30677 30695 D TfprPrefetchingStrategy: ------------- TFPR calculation #4 of 10 -----------
08-06 16:51:36.432 30677 30695 D TfprPrefetchingStrategy: node MainActivity score = 0.39789835
08-06 16:51:36.433 30677 30695 D TfprPrefetchingStrategy: node ChecklistActivity score = 0.081111126
08-06 16:51:36.433 30677 30695 D TfprPrefetchingStrategy: node UpcomingWeekendsActivity score = 0.16248293
08-06 16:51:36.433 30677 30695 D TfprPrefetchingStrategy: node CompassActivity score = 0.039793257
08-06 16:51:36.433 30677 30695 D TfprPrefetchingStrategy: node NotificationsActivity score = 0.0832929
08-06 16:51:36.433 30677 30695 D TfprPrefetchingStrategy: node FinalCityInfoActivity score = 0.14510618
08-06 16:51:36.433 30677 30695 D TfprPrefetchingStrategy: ------------- TFPR calculation #5 of 10 -----------
08-06 16:51:36.433 30677 30695 D TfprPrefetchingStrategy: node MainActivity score = 0.39789835
08-06 16:51:36.433 30677 30695 D TfprPrefetchingStrategy: node ChecklistActivity score = 0.081111126
08-06 16:51:36.433 30677 30695 D TfprPrefetchingStrategy: node UpcomingWeekendsActivity score = 0.16248293
08-06 16:51:36.433 30677 30695 D TfprPrefetchingStrategy: node CompassActivity score = 0.039793257
08-06 16:51:36.433 30677 30695 D TfprPrefetchingStrategy: node NotificationsActivity score = 0.0832929
08-06 16:51:36.433 30677 30695 D TfprPrefetchingStrategy: node FinalCityInfoActivity score = 0.14510618
08-06 16:51:36.433 30677 30695 D TfprPrefetchingStrategy: ------------- TFPR calculation #6 of 10 -----------
08-06 16:51:36.433 30677 30695 D TfprPrefetchingStrategy: node MainActivity score = 0.39789835
08-06 16:51:36.433 30677 30695 D TfprPrefetchingStrategy: node ChecklistActivity score = 0.081111126
08-06 16:51:36.433 30677 30695 D TfprPrefetchingStrategy: node UpcomingWeekendsActivity score = 0.16248293
08-06 16:51:36.433 30677 30695 D TfprPrefetchingStrategy: node CompassActivity score = 0.039793257
08-06 16:51:36.433 30677 30695 D TfprPrefetchingStrategy: node NotificationsActivity score = 0.0832929
08-06 16:51:36.433 30677 30695 D TfprPrefetchingStrategy: node FinalCityInfoActivity score = 0.14510618
08-06 16:51:36.433 30677 30695 D TfprPrefetchingStrategy: ------------- TFPR calculation #7 of 10 -----------
08-06 16:51:36.433 30677 30695 D TfprPrefetchingStrategy: node MainActivity score = 0.39789835
08-06 16:51:36.433 30677 30695 D TfprPrefetchingStrategy: node ChecklistActivity score = 0.081111126
08-06 16:51:36.433 30677 30695 D TfprPrefetchingStrategy: node UpcomingWeekendsActivity score = 0.16248293
08-06 16:51:36.433 30677 30695 D TfprPrefetchingStrategy: node CompassActivity score = 0.039793257
08-06 16:51:36.433 30677 30695 D TfprPrefetchingStrategy: node NotificationsActivity score = 0.0832929
08-06 16:51:36.434 30677 30695 D TfprPrefetchingStrategy: node FinalCityInfoActivity score = 0.14510618
08-06 16:51:36.434 30677 30695 D TfprPrefetchingStrategy: ------------- TFPR calculation #8 of 10 -----------
08-06 16:51:36.434 30677 30695 D TfprPrefetchingStrategy: node MainActivity score = 0.39789835
08-06 16:51:36.434 30677 30695 D TfprPrefetchingStrategy: node ChecklistActivity score = 0.081111126
08-06 16:51:36.434 30677 30695 D TfprPrefetchingStrategy: node UpcomingWeekendsActivity score = 0.16248293
08-06 16:51:36.434 30677 30695 D TfprPrefetchingStrategy: node CompassActivity score = 0.039793257
08-06 16:51:36.434 30677 30695 D TfprPrefetchingStrategy: node NotificationsActivity score = 0.0832929
08-06 16:51:36.434 30677 30695 D TfprPrefetchingStrategy: node FinalCityInfoActivity score = 0.14510618
08-06 16:51:36.434 30677 30695 D TfprPrefetchingStrategy: ------------- TFPR calculation #9 of 10 -----------
08-06 16:51:36.434 30677 30695 D TfprPrefetchingStrategy: node MainActivity score = 0.39789835
08-06 16:51:36.434 30677 30695 D TfprPrefetchingStrategy: node ChecklistActivity score = 0.081111126
08-06 16:51:36.434 30677 30695 D TfprPrefetchingStrategy: node UpcomingWeekendsActivity score = 0.16248293
08-06 16:51:36.434 30677 30695 D TfprPrefetchingStrategy: node CompassActivity score = 0.039793257
08-06 16:51:36.434 30677 30695 D TfprPrefetchingStrategy: node NotificationsActivity score = 0.0832929
08-06 16:51:36.434 30677 30695 D TfprPrefetchingStrategy: node FinalCityInfoActivity score = 0.14510618
08-06 16:51:36.434 30677 30695 D TfprPrefetchingStrategy: ------------- TFPR calculation #10 of 10 -----------
08-06 16:51:36.434 30677 30695 D TfprPrefetchingStrategy: node MainActivity score = 0.39789835
08-06 16:51:36.435 30677 30695 D TfprPrefetchingStrategy: node ChecklistActivity score = 0.081111126
08-06 16:51:36.435 30677 30695 D TfprPrefetchingStrategy: node UpcomingWeekendsActivity score = 0.16248293
08-06 16:51:36.435 30677 30695 D TfprPrefetchingStrategy: node CompassActivity score = 0.039793257
08-06 16:51:36.435 30677 30695 D TfprPrefetchingStrategy: node NotificationsActivity score = 0.0832929
08-06 16:51:36.435 30677 30695 D TfprPrefetchingStrategy: node FinalCityInfoActivity score = 0.14510618
08-06 16:51:36.435 30677 30695 D TfprPrefetchingStrategy: ===
08-06 16:51:36.435 30677 30695 D TfprPrefetchingStrategy: ===
08-06 16:51:36.435 30677 30695 D TfprPrefetchingStrategy: getSuccessorListSortByTfprScore
08-06 16:51:36.435 30677 30695 D TfprPrefetchingStrategy: Successors before the sort [TfprNode{UpcomingWeekendsActivity : TFPR = 0.16248293}, TfprNode{ChecklistActivity : TFPR = 0.081111126}, TfprNode{FinalCityInfoActivity : TFPR = 0.14510618}, TfprNode{NotificationsActivity : TFPR = 0.0832929}, TfprNode{CompassActivity : TFPR = 0.039793257}]
08-06 16:51:36.435 30677 30695 D TfprPrefetchingStrategy: Successors sorted by highest to lowest score (N2 - N1 comparator) are [TfprNode{UpcomingWeekendsActivity : TFPR = 0.16248293}, TfprNode{FinalCityInfoActivity : TFPR = 0.14510618}, TfprNode{NotificationsActivity : TFPR = 0.0832929}, TfprNode{ChecklistActivity : TFPR = 0.081111126}, TfprNode{CompassActivity : TFPR = 0.039793257}]
08-06 16:51:36.435 30677 30695 D TfprPrefetchingStrategy: Successor with highest score is UpcomingWeekendsActivity with score 0.16248293
08-06 16:51:36.436 30677 30695 D TfprPrefetchingStrategy: The score threshold is 0.3
08-06 16:51:36.436 30677 30695 D TfprPrefetchingStrategy: successors with high score = []
08-06 16:51:36.436 30677 30695 D TfprPrefetchingStrategy: ===
08-06 16:51:36.436 30677 30695 D TfprPrefetchingStrategy: MetricStrategyAccuracy inc insufficient score count2 | act = false; extra = true
08-06 16:51:36.436 30677 30695 D TfprPrefetchingStrategy: Next visited child will be []
08-06 16:51:36.436 30677 30695 D TfprPrefetchingStrategy: ==================================
08-06 16:51:36.436 30677 30695 D Nappa   : PREFETCH_ON_EXTRA - notifyExtras- end
08-06 16:51:36.436 30677 30695 D Nappa   : PREFSTRAT2 ADDING NEW ACTEXTRADATA
08-06 16:51:36.440   918  3696 I ActivityManager: START u0 {cmp=nappatfpr.io.github.project_travel_mate/.destinations.description.FinalCityInfoActivity (has extras)} from uid 10702 on display 0
08-06 16:51:36.447 30925 30925 D AndroidRuntime: Shutting down VM
08-06 16:51:36.448 30677 30677 D NappaLifecycleObserver: nappatfpr.io.github.project_travel_mate.MainActivity - onPause
08-06 16:51:36.448 30677 30677 D Nappa   : Stayed on nappatfpr.io.github.project_travel_mate.MainActivity for 4531 ms
08-06 16:51:36.453 30677 30677 D ActivityNode: Observer - intent extra - SplashActivity
08-06 16:51:36.453 30677 30677 D ActivityNode: Extras:
08-06 16:51:36.453 30677 30677 D ActivityNode: Observer - intent extra - CityHistoryActivity
08-06 16:51:36.453 30677 30677 D ActivityNode: Extras:
08-06 16:51:36.453 30677 30677 D ActivityNode: Observer - intent extra - MainActivity
08-06 16:51:36.453 30677 30677 D ActivityNode: Extras:
08-06 16:51:36.453 30677 30677 D ActivityNode: 	activity ID 2( key cityobject_)
08-06 16:51:36.453 30677 30677 D ActivityNode: 	activity ID 2( key cityobject_)
08-06 16:51:36.453 30677 30677 D ActivityNode: 	activity ID 2( key cityobject_)
08-06 16:51:36.453 30677 30677 D ActivityNode: 	activity ID 2( key cityobject_)
08-06 16:51:36.453 30677 30677 D ActivityNode: 	activity ID 2( key cityobject_)
08-06 16:51:36.453 30677 30677 D ActivityNode: 	activity ID 2( key cityobject_)
08-06 16:51:36.453 30677 30677 D ActivityNode: 	activity ID 2( key cityobject_)
08-06 16:51:36.453 30677 30677 D ActivityNode: 	activity ID 2( key cityobject_)
08-06 16:51:36.453 30677 30677 D ActivityNode: 	activity ID 2( key cityobject_)
08-06 16:51:36.453 30677 30677 D ActivityNode: 	activity ID 2( key cityobject_)
08-06 16:51:36.453 30677 30677 D ActivityNode: 	activity ID 2( key cityobject_)
08-06 16:51:36.453 30677 30677 D ActivityNode: 	activity ID 2( key cityobject_)
08-06 16:51:36.453 30677 30677 D ActivityNode: 	activity ID 2( key cityobject_)
08-06 16:51:36.453 30677 30677 D ActivityNode: 	activity ID 2( key cityobject_)
08-06 16:51:36.453 30677 30677 D ActivityNode: 	activity ID 2( key cityobject_)
08-06 16:51:36.453 30677 30677 D ActivityNode: 	activity ID 2( key cityobject_)
08-06 16:51:36.453 30677 30677 D ActivityNode: 	activity ID 2( key cityobject_)
08-06 16:51:36.453 30677 30677 D ActivityNode: 	activity ID 2( key cityobject_)
08-06 16:51:36.453 30677 30677 D ActivityNode: 	activity ID 2( key cityobject_)
08-06 16:51:36.470 30677 30808 D Gabe    : call	returning from cache
08-06 16:51:36.522 30677 30677 D Nappa   : TAG okHttpClient initialized
08-06 16:51:36.525 30677 30677 V EXECUTING: https://project-travel-mate.herokuapp.com/api/get-city-weather/1
08-06 16:51:36.526 30677 30959 D CustomInterceptor: NETWORK-PROVIDER https://project-travel-mate.herokuapp.com/api/get-city-weather/1
08-06 16:51:36.526 30677 30959 D Nappa   : F1_SCORE add_intercept_url - (new) - https://project-travel-mate.herokuapp.com/api/get-city-weather/1
08-06 16:51:36.527 30677 30959 D Nappa   : F1_SCORE add_fn_url - (new) - https://project-travel-mate.herokuapp.com/api/get-city-weather/1
08-06 16:51:36.527 30677 30959 D Nappa   : -------------F1_SCORE #4 -----------
08-06 16:51:36.527 30677 30959 D Nappa   : F1_SCORE - Intercept list (4)= [https://project-travel-mate.herokuapp.com/api/get-user, https://project-travel-mate.herokuapp.com/api/get-all-cities/10, https://project-travel-mate.herokuapp.com/api/number-of-unread-notifications, https://project-travel-mate.herokuapp.com/api/get-city-weather/1]
08-06 16:51:36.527 30677 30959 D Nappa   : F1_SCORE - Prefetch list (0)= []
08-06 16:51:36.527 30677 30959 D Nappa   : F1_SCORE - TP list (0)= []
08-06 16:51:36.527 30677 30959 D Nappa   : F1_SCORE - FN list (4)= [https://project-travel-mate.herokuapp.com/api/get-user, https://project-travel-mate.herokuapp.com/api/get-all-cities/10, https://project-travel-mate.herokuapp.com/api/number-of-unread-notifications, https://project-travel-mate.herokuapp.com/api/get-city-weather/1]
08-06 16:51:36.527 30677 30959 I NAPPA_EXPERIMENTATION: MetricPrefetchingAccuracy: LOG_ID='5',F1_SCORE_1='0.0',F1_SCORE_2='0.0',TRUE_POSITIVE='0',FALSE_POSITIVE='0',FALSE_NEGATIVE='4',
08-06 16:51:36.527 30677 30959 D CustomInterceptor: HEADER REQUEST
08-06 16:51:36.527 30677 30959 D CustomInterceptor: Authorization Token e817cf733b7893037942a7dc5507f3c5a98408e6
08-06 16:51:36.527 30677 30959 D CustomInterceptor: Cache-Control max-age=300, max-stale=300
08-06 16:51:36.527 30677 30677 D NappaLifecycleObserver: nappatfpr.io.github.project_travel_mate.destinations.description.FinalCityInfoActivity - onResume
08-06 16:51:36.527 30677 30959 D CustomInterceptor: CACHED STATS: size = '3', maxSize = '100', hitCount = '3', createCount = '0', putCount = '3', evictionCount = '0', missCount = '3', toString = 'LruCache[maxSize=100,hits=3,misses=3,hitRate=50%]', 
08-06 16:51:36.527 30677 30677 D Nappa   : setCurrentActivity - MetricStrategyAccuracy - 
08-06 16:51:36.527 30677 30677 D Nappa   : madePredictionFromActivity = true, 
08-06 16:51:36.527 30677 30677 D Nappa   : fromActivity = nappatfpr.io.github.project_travel_mate.MainActivity, 
08-06 16:51:36.527 30677 30677 D Nappa   : predictedNextActivityFromActivity = [], 
08-06 16:51:36.527 30677 30677 D Nappa   : activity.getClass().getCanonicalName() = nappatfpr.io.github.project_travel_mate.destinations.description.FinalCityInfoActivity, 
08-06 16:51:36.527 30677 30959 D CustomInterceptor: PREFLIB NOT A GET REQUEST OR NOT IN CACHEGET
08-06 16:51:36.527 30677 30677 D Nappa   : setCurrentActivity - MetricStrategyAccuracy - 
08-06 16:51:36.527 30677 30677 D Nappa   : madePredictionFromExtra = true, 
08-06 16:51:36.527 30677 30677 D Nappa   : fromActivity = nappatfpr.io.github.project_travel_mate.MainActivity, 
08-06 16:51:36.527 30677 30677 D Nappa   : predictedNextActivityFromExtra = [], 
08-06 16:51:36.527 30677 30677 D Nappa   : activity.getClass().getCanonicalName() = nappatfpr.io.github.project_travel_mate.destinations.description.FinalCityInfoActivity, 
08-06 16:51:36.527 30677 30960 D CustomInterceptor: NETWORK-PROVIDER https://project-travel-mate.herokuapp.com/api/get-city/1
08-06 16:51:36.527 30677 30677 D Nappa   : PREFETCH_ON_EXTRA - setCurrentActivity - logs - from activity - made prediction istrue
08-06 16:51:36.528 30677 30677 D Nappa   : PREFETCH_ON_EXTRA - setCurrentActivity - logs - from activity - start
08-06 16:51:36.528 30677 30960 D Nappa   : F1_SCORE add_intercept_url - (new) - https://project-travel-mate.herokuapp.com/api/get-city/1
08-06 16:51:36.528 30677 30960 D Nappa   : F1_SCORE add_fn_url - (new) - https://project-travel-mate.herokuapp.com/api/get-city/1
08-06 16:51:36.528 30677 30960 D Nappa   : -------------F1_SCORE #5 -----------
08-06 16:51:36.528 30677 30960 D Nappa   : F1_SCORE - Intercept list (5)= [https://project-travel-mate.herokuapp.com/api/get-user, https://project-travel-mate.herokuapp.com/api/get-all-cities/10, https://project-travel-mate.herokuapp.com/api/number-of-unread-notifications, https://project-travel-mate.herokuapp.com/api/get-city-weather/1, https://project-travel-mate.herokuapp.com/api/get-city/1]
08-06 16:51:36.528 30677 30960 D Nappa   : F1_SCORE - Prefetch list (0)= []
08-06 16:51:36.528 30677 30960 D Nappa   : F1_SCORE - TP list (0)= []
08-06 16:51:36.528 30677 30960 D Nappa   : F1_SCORE - FN list (5)= [https://project-travel-mate.herokuapp.com/api/get-user, https://project-travel-mate.herokuapp.com/api/get-all-cities/10, https://project-travel-mate.herokuapp.com/api/number-of-unread-notifications, https://project-travel-mate.herokuapp.com/api/get-city-weather/1, https://project-travel-mate.herokuapp.com/api/get-city/1]
08-06 16:51:36.528 30677 30677 I NAPPA_EXPERIMENTATION: MetricStrategyAccuracy: LOG_ID='1',EXECUTION_COUNT='2',CASES_COUNT='2',HIT_PERCENTAGE_TOTAL='0.0',HIT_PERCENTAGE_WHEN_PREDICTED='0.0',HIT_COUNT='0',MISS_COUNT='0',INSUFFICIENT_SCORE_COUNT='2',EXCEPTION_COUNT='0',NO_SUCCESSOR_COUNT='0',
08-06 16:51:36.528 30677 30960 I NAPPA_EXPERIMENTATION: MetricPrefetchingAccuracy: LOG_ID='6',F1_SCORE_1='0.0',F1_SCORE_2='0.0',TRUE_POSITIVE='0',FALSE_POSITIVE='0',FALSE_NEGATIVE='5',
08-06 16:51:36.528 30677 30677 D Nappa   : PREFETCH_ON_EXTRA - setCurrentActivity - logs - from activity- finished
08-06 16:51:36.528 30677 30960 D CustomInterceptor: HEADER REQUEST
08-06 16:51:36.528 30677 30960 D CustomInterceptor: Authorization Token e817cf733b7893037942a7dc5507f3c5a98408e6
08-06 16:51:36.528 30677 30960 D CustomInterceptor: Cache-Control max-age=300, max-stale=300
08-06 16:51:36.528 30677 30960 D CustomInterceptor: CACHED STATS: size = '3', maxSize = '100', hitCount = '3', createCount = '0', putCount = '3', evictionCount = '0', missCount = '4', toString = 'LruCache[maxSize=100,hits=3,misses=4,hitRate=42%]', 
08-06 16:51:36.528 30677 30960 D CustomInterceptor: PREFLIB NOT A GET REQUEST OR NOT IN CACHEGET
08-06 16:51:36.595 30677 30689 I art     : Starting a blocking GC Explicit
08-06 16:51:36.627 30677 30695 D Nappa   : registerActivity: (already in) nappatfpr.io.github.project_travel_mate.MainActivity
08-06 16:51:36.627 30677 30695 D Nappa   : PARENTS 
08-06 16:51:36.627 30677 30695 D Nappa   : Of: nappatfpr.io.github.project_travel_mate.MainActivity -> 
08-06 16:51:36.627 30677 30695 D Nappa   : PARENTS nappatfpr.io.github.project_travel_mate.SplashActivity
08-06 16:51:36.627 30677 30689 I art     : Explicit concurrent mark sweep GC freed 11310(800KB) AllocSpace objects, 2(40KB) LOS objects, 32% free, 33MB/49MB, paused 610us total 32.700ms
08-06 16:51:36.628 30677 30677 D Nappa   : registerActivity: (already in) nappatfpr.io.github.project_travel_mate.destinations.description.FinalCityInfoActivity
08-06 16:51:36.628 30677 30677 D ActivityNode: ACTNODE UPDATING AFTER LOADING FROM DB
08-06 16:51:36.629 30677 30677 D ActivityGraph: LARDataCalculatedUpdate nappatfpr.io.github.project_travel_mate.destinations.description.FinalCityInfoActivity Pagerank: 0.25 HITS-Authority: 1.0 HITS-Hub: 1.0 SALSA-Authority: 1.0 SALSA-Hub: 1.0
08-06 16:51:36.629 30677 30677 D Nappa   : SHOULD_PREFETCH true
08-06 16:51:36.640 30677 30689 I art     : Starting a blocking GC Explicit
08-06 16:51:36.666 30677 30689 I art     : Explicit concurrent mark sweep GC freed 1015(54KB) AllocSpace objects, 0(0B) LOS objects, 32% free, 33MB/49MB, paused 592us total 26.498ms
08-06 16:51:36.678 30677 30689 I art     : Starting a blocking GC Explicit
08-06 16:51:36.705 30677 30689 I art     : Explicit concurrent mark sweep GC freed 3(96B) AllocSpace objects, 0(0B) LOS objects, 32% free, 33MB/49MB, paused 538us total 26.201ms
08-06 16:51:36.717 30677 30689 I art     : Starting a blocking GC Explicit
08-06 16:51:36.727 30677 30695 D Nappa   : registerActivity: (already in) nappatfpr.io.github.project_travel_mate.destinations.description.FinalCityInfoActivity
08-06 16:51:36.727 30677 30695 D Nappa   : PARENTS 
08-06 16:51:36.727 30677 30695 D Nappa   : Of: nappatfpr.io.github.project_travel_mate.destinations.description.FinalCityInfoActivity -> 
08-06 16:51:36.727 30677 30695 D Nappa   : PARENTS nappatfpr.io.github.project_travel_mate.MainActivity
08-06 16:51:36.728 30677 30695 D Nappa   : PARENTS has extra: (cityobject_, objects.City@736e3de)
08-06 16:51:36.728 30677 30695 D Nappa   : PARENTS nappatfpr.io.github.project_travel_mate.SplashActivity
08-06 16:51:36.729 30677 30677 D Nappa   : registerActivity: (already in) nappatfpr.io.github.project_travel_mate.destinations.description.FinalCityInfoActivity
08-06 16:51:36.729 30677 30677 D Nappa   : SUCCESSORS nappatfpr.io.github.project_travel_mate.destinations.funfacts.FunFactsActivity
08-06 16:51:36.729 30677 30677 D Nappa   : SUCCESSORS nappatfpr.io.github.project_travel_mate.destinations.description.CityHistoryActivity
08-06 16:51:36.729 30677 30677 D Nappa   : STATS Number of requests not prefetched: 3
08-06 16:51:36.729 30677 30677 D Nappa   : STATS Number of requests prefetched: 0
08-06 16:51:36.729 30677 30677 D Nappa   : STATS Time saved until now: 0.0
08-06 16:51:36.733 30677 30677 D ActivityNode: Observer - intent extra - FinalCityInfoActivity
08-06 16:51:36.733 30677 30677 D ActivityNode: Extras:
08-06 16:51:36.733 30677 30677 D ActivityNode: 	activity ID 3( key cityobject_)
08-06 16:51:36.733 30677 30677 D ActivityNode: 	activity ID 3( key cityobject_)
08-06 16:51:36.733 30677 30677 D ActivityNode: 	activity ID 3( key cityobject_)
08-06 16:51:36.733 30677 30677 D ActivityNode: 	activity ID 3( key cityobject_)
08-06 16:51:36.733 30677 30677 D ActivityNode: 	activity ID 3( key cityobject_)
08-06 16:51:36.733 30677 30677 D ActivityNode: 	activity ID 3( key cityobject_)
08-06 16:51:36.733 30677 30677 D ActivityNode: 	activity ID 3( key cityobject_)
08-06 16:51:36.733 30677 30677 D ActivityNode: 	activity ID 3( key cityobject_)
08-06 16:51:36.733 30677 30677 D ActivityNode: 	activity ID 3( key cityobject_)
08-06 16:51:36.733 30677 30677 D ActivityNode: 	activity ID 3( key cityobject_)
08-06 16:51:36.733 30677 30677 D ActivityNode: 	activity ID 3( key cityobject_)
08-06 16:51:36.733 30677 30677 D ActivityNode: 	activity ID 3( key cityobject_)
08-06 16:51:36.733 30677 30677 D ActivityNode: 	activity ID 3( key cityobject_)
08-06 16:51:36.733 30677 30677 D ActivityNode: 	activity ID 3( key cityobject_)
08-06 16:51:36.733 30677 30677 D ActivityNode: 	activity ID 3( key cityobject_)
08-06 16:51:36.733 30677 30677 D ActivityNode: 	activity ID 3( key cityobject_)
08-06 16:51:36.733 30677 30677 D ActivityNode: 	activity ID 3( key cityobject_)
08-06 16:51:36.733 30677 30677 D ActivityNode: 	activity ID 3( key cityobject_)
08-06 16:51:36.734 30677 30677 D ActivityNode: Observer - intent extra - FunFactsActivity
08-06 16:51:36.734 30677 30677 D ActivityNode: Extras:
08-06 16:51:36.734 30677 30677 D ActivityNode: Observer - intent extra - ChecklistActivity
08-06 16:51:36.734 30677 30677 D ActivityNode: Extras:
08-06 16:51:36.734 30677 30677 D ActivityNode: Observer - intent extra - CompassActivity
08-06 16:51:36.734 30677 30677 D ActivityNode: Extras:
08-06 16:51:36.734 30677 30677 D ActivityNode: Observer - intent extra - UpcomingWeekendsActivity
08-06 16:51:36.734 30677 30677 D ActivityNode: Extras:
08-06 16:51:36.734 30677 30677 D ActivityNode: Observer - intent extra - NotificationsActivity
08-06 16:51:36.734 30677 30677 D ActivityNode: Extras:
08-06 16:51:36.745 30677 30689 I art     : Explicit concurrent mark sweep GC freed 473(31KB) AllocSpace objects, 0(0B) LOS objects, 32% free, 33MB/49MB, paused 726us total 27.660ms
08-06 16:51:36.758 30677 30689 I art     : Starting a blocking GC Explicit
08-06 16:51:36.783 30677 30689 I art     : Explicit concurrent mark sweep GC freed 388(14KB) AllocSpace objects, 0(0B) LOS objects, 32% free, 33MB/49MB, paused 855us total 25.099ms
08-06 16:51:36.869 30677 30677 D ActivityNode: Observer - visit time - MainActivity - New aggregate visit time found is 214215 ms
08-06 16:51:36.869 30677 30677 D ActivityNode: Observer - successor visit time - MainActivity - Updating the visit time from the successors list:
08-06 16:51:36.869 30677 30677 D ActivityNode: [AggregateVisitTimeByActivity{nappatfpr.io.github.project_travel_mate.destinations.description.FinalCityInfoActivity : 36361 ms}, AggregateVisitTimeByActivity{nappatfpr.io.github.project_travel_mate.utilities.ChecklistActivity : 37028 ms}, AggregateVisitTimeByActivity{nappatfpr.io.github.project_travel_mate.utilities.CompassActivity : 18166 ms}, AggregateVisitTimeByActivity{nappatfpr.io.github.project_travel_mate.utilities.UpcomingWeekendsActivity : 74175 ms}, AggregateVisitTimeByActivity{nappatfpr.io.github.project_travel_mate.notifications.NotificationsActivity : 38024 ms}]
08-06 16:51:36.869 30677 30677 D ActivityNode: Observer - successor visit time - SplashActivity - Updating the visit time from the successors list:
08-06 16:51:36.869 30677 30677 D ActivityNode: [AggregateVisitTimeByActivity{nappatfpr.io.github.project_travel_mate.MainActivity : 22197 ms}]
