08-06 15:20:28.629 23445 23462 D TfprPrefetchingStrategy: node FunFactsActivity score = 0.14681874
08-06 15:20:28.629 23445 23462 D TfprPrefetchingStrategy: node CityHistoryActivity score = 0.36003
08-06 15:20:28.629 23445 23462 D TfprPrefetchingStrategy: node FinalCityInfoActivity score = 0.4037074
08-06 15:20:28.629 23445 23462 D TfprPrefetchingStrategy: ------------- TFPR calculation #8 of 10 -----------
08-06 15:20:28.629 23445 23462 D TfprPrefetchingStrategy: node FunFactsActivity score = 0.14681874
08-06 15:20:28.629 23445 23462 D TfprPrefetchingStrategy: node CityHistoryActivity score = 0.36003
08-06 15:20:28.629 23445 23462 D TfprPrefetchingStrategy: node FinalCityInfoActivity score = 0.4037074
08-06 15:20:28.629 23445 23462 D TfprPrefetchingStrategy: ------------- TFPR calculation #9 of 10 -----------
08-06 15:20:28.629 23445 23462 D TfprPrefetchingStrategy: node FunFactsActivity score = 0.14681874
08-06 15:20:28.629 23445 23462 D TfprPrefetchingStrategy: node CityHistoryActivity score = 0.36003
08-06 15:20:28.629 23445 23462 D TfprPrefetchingStrategy: node FinalCityInfoActivity score = 0.4037074
08-06 15:20:28.629 23445 23462 D TfprPrefetchingStrategy: ------------- TFPR calculation #10 of 10 -----------
08-06 15:20:28.629 23445 23462 D TfprPrefetchingStrategy: node FunFactsActivity score = 0.14681874
08-06 15:20:28.629 23445 23462 D TfprPrefetchingStrategy: node CityHistoryActivity score = 0.36003
08-06 15:20:28.630 23445 23462 D TfprPrefetchingStrategy: node FinalCityInfoActivity score = 0.4037074
08-06 15:20:28.630 23445 23462 D TfprPrefetchingStrategy: ===
08-06 15:20:28.630 23445 23462 D TfprPrefetchingStrategy: ===
08-06 15:20:28.630 23445 23462 D TfprPrefetchingStrategy: getSuccessorListSortByTfprScore
08-06 15:20:28.630 23445 23462 D TfprPrefetchingStrategy: Successors before the sort [TfprNode{FunFactsActivity : TFPR = 0.14681874}, TfprNode{CityHistoryActivity : TFPR = 0.36003}]
08-06 15:20:28.630 23445 23462 D TfprPrefetchingStrategy: Successors sorted by highest to lowest score (N2 - N1 comparator) are [TfprNode{CityHistoryActivity : TFPR = 0.36003}, TfprNode{FunFactsActivity : TFPR = 0.14681874}]
08-06 15:20:28.630 23445 23462 D TfprPrefetchingStrategy: Selected the following nodes:
08-06 15:20:28.630 23445 23462 D TfprPrefetchingStrategy: #1 - CityHistoryActivity with score 0.36003
08-06 15:20:28.630 23445 23462 D TfprPrefetchingStrategy: successors with high score = [CityHistoryActivity 
08-06 15:20:28.630 23445 23462 D TfprPrefetchingStrategy: 	Successors:
08-06 15:20:28.630 23445 23462 D TfprPrefetchingStrategy: 
08-06 15:20:28.630 23445 23462 D TfprPrefetchingStrategy: 	Ancestors:
08-06 15:20:28.630 23445 23462 D TfprPrefetchingStrategy: 		FinalCityInfoActivity (0 hits)
08-06 15:20:28.630 23445 23462 D TfprPrefetchingStrategy: 
08-06 15:20:28.630 23445 23462 D TfprPrefetchingStrategy: ]
08-06 15:20:28.630 23445 23462 D TfprPrefetchingStrategy: ===
08-06 15:20:28.630 23445 23462 D TfprPrefetchingStrategy: Selected node CityHistoryActivity containing the URLS []
08-06 15:20:28.630 23445 23462 D TfprPrefetchingStrategy: Next visited child will be [nappatfpr.io.github.project_travel_mate.destinations.description.CityHistoryActivity]
08-06 15:20:28.630 23445 23462 D TfprPrefetchingStrategy: ==================================
08-06 15:20:28.630 23445 23462 D Nappa   : PREFETCH_ON_EXTRA - setCurrentActivity - finished new prediction
08-06 15:20:28.982 23445 23546 I art     : Starting a blocking GC Explicit
08-06 15:20:29.025 23445 23546 I art     : Explicit concurrent mark sweep GC freed 3781(189KB) AllocSpace objects, 2(40KB) LOS objects, 28% free, 39MB/55MB, paused 873us total 42.811ms
08-06 15:20:29.044 23445 23546 I art     : Starting a blocking GC Explicit
08-06 15:20:29.083 23445 23546 I art     : Explicit concurrent mark sweep GC freed 232(4KB) AllocSpace objects, 0(0B) LOS objects, 28% free, 39MB/55MB, paused 850us total 38.125ms
08-06 15:20:29.099 23445 23546 I art     : Starting a blocking GC Explicit
08-06 15:20:29.138 23445 23546 I art     : Explicit concurrent mark sweep GC freed 147(2496B) AllocSpace objects, 0(0B) LOS objects, 28% free, 39MB/55MB, paused 896us total 39.187ms
08-06 15:20:29.155 23445 23546 I art     : Starting a blocking GC Explicit
08-06 15:20:29.194 23445 23546 I art     : Explicit concurrent mark sweep GC freed 147(2496B) AllocSpace objects, 0(0B) LOS objects, 28% free, 39MB/55MB, paused 844us total 38.453ms
08-06 15:20:29.210 23445 23546 I art     : Starting a blocking GC Explicit
08-06 15:20:29.251 23445 23546 I art     : Explicit concurrent mark sweep GC freed 194(3KB) AllocSpace objects, 0(0B) LOS objects, 28% free, 39MB/55MB, paused 884us total 40.793ms
08-06 15:20:29.540 24365  4184 I NetworkScheduler.Stats: Task com.google.android.apps.gcs/ started execution. cause:4 exec_start_elapsed_seconds: 1873833 [CONTEXT service_id=218 ]
08-06 15:20:29.542 16882 24450 W Gcs.WfaEliRefreshTask: [29321] afk.b: NULL eligibility response.
08-06 15:20:29.547 24365  4184 I NetworkScheduler.Stats: Task com.google.android.apps.gcs/ finished executing. cause:4 result: 3 elapsed_millis: 8 uptime_millis: 8 exec_start_elapsed_seconds: 1873833 [CONTEXT service_id=218 ]
08-06 15:20:29.606 24365 12204 I NetworkScheduler.Stats: Task com.google.android.gms/com.google.android.gms.security.snet.SnetNormalTaskService started execution. cause:5 exec_start_elapsed_seconds: 1873833 [CONTEXT service_id=218 ]
08-06 15:20:29.621 24365  4184 I NetworkScheduler.Stats: Task com.google.android.gms/com.google.android.gms.security.snet.SnetNormalTaskService finished executing. cause:5 result: 1 elapsed_millis: 50 uptime_millis: 50 exec_start_elapsed_seconds: 1873833 [CONTEXT service_id=218 ]
08-06 15:20:29.632 23445 23458 I art     : Starting a blocking GC Explicit
08-06 15:20:29.645 24365  4184 I NetworkScheduler.Stats: Task com.google.android.gms/com.google.android.gms.measurement.PackageMeasurementTaskService started execution. cause:5 exec_start_elapsed_seconds: 1873833 [CONTEXT service_id=218 ]
08-06 15:20:29.669 23445 23458 I art     : Explicit concurrent mark sweep GC freed 2838(120KB) AllocSpace objects, 2(40KB) LOS objects, 28% free, 39MB/55MB, paused 810us total 36.419ms
08-06 15:20:29.685 23445 23458 I art     : Starting a blocking GC Explicit
08-06 15:20:29.720 23445 23458 I art     : Explicit concurrent mark sweep GC freed 174(3KB) AllocSpace objects, 0(0B) LOS objects, 28% free, 39MB/55MB, paused 812us total 34.370ms
08-06 15:20:29.737 23445 23458 I art     : Starting a blocking GC Explicit
08-06 15:20:29.774 23445 23458 I art     : Explicit concurrent mark sweep GC freed 147(2496B) AllocSpace objects, 0(0B) LOS objects, 28% free, 39MB/55MB, paused 831us total 37.166ms
08-06 15:20:29.791 23445 23458 I art     : Starting a blocking GC Explicit
08-06 15:20:29.829 23445 23458 I art     : Explicit concurrent mark sweep GC freed 165(3KB) AllocSpace objects, 0(0B) LOS objects, 28% free, 39MB/55MB, paused 938us total 37.750ms
08-06 15:20:29.845 23445 23458 I art     : Starting a blocking GC Explicit
08-06 15:20:29.880 23445 23458 I art     : Explicit concurrent mark sweep GC freed 198(3KB) AllocSpace objects, 0(0B) LOS objects, 28% free, 39MB/55MB, paused 826us total 34.830ms
08-06 15:20:29.993 24577 27917 W FA-SVC  : Interrupted in onRunTask while uploading
08-06 15:20:30.236 23445 23457 I art     : Starting a blocking GC Explicit
08-06 15:20:30.273 23445 23457 I art     : Explicit concurrent mark sweep GC freed 2742(119KB) AllocSpace objects, 2(40KB) LOS objects, 28% free, 39MB/55MB, paused 819us total 36.606ms
08-06 15:20:30.290 23445 23457 I art     : Starting a blocking GC Explicit
08-06 15:20:30.329 23445 23457 I art     : Explicit concurrent mark sweep GC freed 174(3KB) AllocSpace objects, 0(0B) LOS objects, 28% free, 39MB/55MB, paused 1.001ms total 38.864ms
08-06 15:20:30.346 23445 23457 I art     : Starting a blocking GC Explicit
08-06 15:20:30.385 23445 23457 I art     : Explicit concurrent mark sweep GC freed 195(3KB) AllocSpace objects, 0(0B) LOS objects, 28% free, 39MB/55MB, paused 844us total 39.131ms
08-06 15:20:30.402 23445 23457 I art     : Starting a blocking GC Explicit
08-06 15:20:30.442 23445 23457 I art     : Explicit concurrent mark sweep GC freed 147(2496B) AllocSpace objects, 0(0B) LOS objects, 28% free, 39MB/55MB, paused 871us total 40.300ms
08-06 15:20:30.459 23445 23457 I art     : Starting a blocking GC Explicit
08-06 15:20:30.499 23445 23457 I art     : Explicit concurrent mark sweep GC freed 194(3KB) AllocSpace objects, 0(0B) LOS objects, 28% free, 39MB/55MB, paused 870us total 39.343ms
08-06 15:20:30.856 23445 23851 I art     : Starting a blocking GC Explicit
08-06 15:20:30.898 23445 23851 I art     : Explicit concurrent mark sweep GC freed 2762(121KB) AllocSpace objects, 2(40KB) LOS objects, 28% free, 39MB/55MB, paused 943us total 40.841ms
08-06 15:20:30.914 23445 23851 I art     : Starting a blocking GC Explicit
08-06 15:20:30.951 23445 23851 I art     : Explicit concurrent mark sweep GC freed 204(3KB) AllocSpace objects, 0(0B) LOS objects, 28% free, 39MB/55MB, paused 848us total 36.765ms
08-06 15:20:30.968 23445 23851 I art     : Starting a blocking GC Explicit
08-06 15:20:31.006 23445 23851 I art     : Explicit concurrent mark sweep GC freed 147(2496B) AllocSpace objects, 0(0B) LOS objects, 28% free, 39MB/55MB, paused 846us total 38.138ms
08-06 15:20:31.023 23445 23851 I art     : Starting a blocking GC Explicit
08-06 15:20:31.062 23445 23851 I art     : Explicit concurrent mark sweep GC freed 147(2496B) AllocSpace objects, 0(0B) LOS objects, 28% free, 39MB/55MB, paused 819us total 39.147ms
08-06 15:20:31.079 23445 23851 I art     : Starting a blocking GC Explicit
08-06 15:20:31.116 23445 23851 I art     : Explicit concurrent mark sweep GC freed 194(3KB) AllocSpace objects, 0(0B) LOS objects, 28% free, 39MB/55MB, paused 805us total 37.377ms
08-06 15:20:31.487 23445 23546 I art     : Starting a blocking GC Explicit
08-06 15:20:31.525 23445 23546 I art     : Explicit concurrent mark sweep GC freed 2792(118KB) AllocSpace objects, 2(40KB) LOS objects, 28% free, 39MB/55MB, paused 846us total 38.145ms
08-06 15:20:31.542 23445 23546 I art     : Starting a blocking GC Explicit
08-06 15:20:31.580 23445 23546 I art     : Explicit concurrent mark sweep GC freed 174(3KB) AllocSpace objects, 0(0B) LOS objects, 28% free, 39MB/55MB, paused 866us total 37.889ms
08-06 15:20:31.596 23445 23546 I art     : Starting a blocking GC Explicit
08-06 15:20:31.631 23445 23546 I art     : Explicit concurrent mark sweep GC freed 179(3008B) AllocSpace objects, 0(0B) LOS objects, 28% free, 39MB/55MB, paused 837us total 34.388ms
08-06 15:20:31.647 23445 23546 I art     : Starting a blocking GC Explicit
08-06 15:20:31.682 23445 23546 I art     : Explicit concurrent mark sweep GC freed 158(2672B) AllocSpace objects, 0(0B) LOS objects, 28% free, 39MB/55MB, paused 879us total 34.341ms
08-06 15:20:31.698 23445 23546 I art     : Starting a blocking GC Explicit
08-06 15:20:31.733 23445 23546 I art     : Explicit concurrent mark sweep GC freed 174(3KB) AllocSpace objects, 0(0B) LOS objects, 28% free, 39MB/55MB, paused 809us total 35.197ms
08-06 15:20:32.095 23445 23457 I art     : Starting a blocking GC Explicit
08-06 15:20:32.134 23445 23457 I art     : Explicit concurrent mark sweep GC freed 2800(120KB) AllocSpace objects, 2(40KB) LOS objects, 28% free, 39MB/55MB, paused 846us total 37.940ms
08-06 15:20:32.150 23445 23457 I art     : Starting a blocking GC Explicit
08-06 15:20:32.185 23445 23457 I art     : Explicit concurrent mark sweep GC freed 176(3KB) AllocSpace objects, 0(0B) LOS objects, 28% free, 39MB/55MB, paused 813us total 34.693ms
08-06 15:20:32.185 23445 23455 I art     : WaitForGcToComplete blocked for 22.776ms for cause HeapTrim
08-06 15:20:32.200 23445 23457 I art     : Starting a blocking GC Explicit
08-06 15:20:32.236 23445 23457 I art     : Explicit concurrent mark sweep GC freed 147(2496B) AllocSpace objects, 0(0B) LOS objects, 28% free, 39MB/55MB, paused 830us total 35.563ms
08-06 15:20:32.252 23445 23457 I art     : Starting a blocking GC Explicit
08-06 15:20:32.288 23445 23457 I art     : Explicit concurrent mark sweep GC freed 147(2496B) AllocSpace objects, 0(0B) LOS objects, 28% free, 39MB/55MB, paused 822us total 35.822ms
08-06 15:20:32.304 23445 23457 I art     : Starting a blocking GC Explicit
08-06 15:20:32.339 23445 23457 I art     : Explicit concurrent mark sweep GC freed 147(2496B) AllocSpace objects, 0(0B) LOS objects, 28% free, 39MB/55MB, paused 829us total 35.005ms
08-06 15:20:32.591 24500 24500 D AndroidRuntime: >>>>>> START com.android.internal.os.RuntimeInit uid 2000 <<<<<<
08-06 15:20:32.597 24500 24500 D AndroidRuntime: CheckJNI is OFF
08-06 15:20:32.640 24500 24500 D ICU     : No timezone override file found: /data/misc/zoneinfo/current/icu/icu_tzdata.dat
08-06 15:20:32.682 24500 24500 I Radio-JNI: register_android_hardware_Radio DONE
08-06 15:20:32.693 23445 23851 I art     : Starting a blocking GC Explicit
08-06 15:20:32.711 24500 24500 D AndroidRuntime: Calling main entry com.android.commands.input.Input
08-06 15:20:32.714 24500 24500 I Input   : injectMotionEvent: MotionEvent { action=ACTION_DOWN, actionButton=0, id[0]=0, x[0]=693.0, y[0]=1450.0, toolType[0]=TOOL_TYPE_UNKNOWN, buttonState=0, metaState=0, flags=0x0, edgeFlags=0x0, pointerCount=1, historySize=0, eventTime=890449126, downTime=890449126, deviceId=0, source=0x1002 }
08-06 15:20:32.718 24500 24500 I Input   : injectMotionEvent: MotionEvent { action=ACTION_UP, actionButton=0, id[0]=0, x[0]=693.0, y[0]=1450.0, toolType[0]=TOOL_TYPE_UNKNOWN, buttonState=0, metaState=0, flags=0x0, edgeFlags=0x0, pointerCount=1, historySize=0, eventTime=890449126, downTime=890449126, deviceId=0, source=0x1002 }
08-06 15:20:32.720 24500 24500 D AndroidRuntime: Shutting down VM
08-06 15:20:32.720 23445 23445 D NappaIntentExtras: ==================
08-06 15:20:32.720 23445 23445 D NappaIntentExtras: Log #8
08-06 15:20:32.720 23445 23445 D NappaIntentExtras: ------------------
08-06 15:20:32.720 23445 23445 D NappaIntentExtras: activity nappatfpr.io.github.project_travel_mate.SplashActivity
08-06 15:20:32.720 23445 23445 D NappaIntentExtras: 	- No extras registered
08-06 15:20:32.720 23445 23445 D NappaIntentExtras: activity nappatfpr.io.github.project_travel_mate.destinations.funfacts.FunFactsActivity
08-06 15:20:32.720 23445 23445 D NappaIntentExtras: 	- No extras registered
08-06 15:20:32.720 23445 23445 D NappaIntentExtras: activity nappatfpr.io.github.project_travel_mate.MainActivity
08-06 15:20:32.720 23445 23445 D NappaIntentExtras: 	- 1 extras registered
08-06 15:20:32.720 23445 23445 D NappaIntentExtras: 	- cityobject_ : objects.City@497bf65
08-06 15:20:32.720 23445 23445 D NappaIntentExtras: activity nappatfpr.io.github.project_travel_mate.utilities.UpcomingWeekendsActivity
08-06 15:20:32.720 23445 23445 D NappaIntentExtras: 	- No extras registered
08-06 15:20:32.720 23445 23445 D NappaIntentExtras: activity nappatfpr.io.github.project_travel_mate.utilities.ChecklistActivity
08-06 15:20:32.721 23445 23445 D NappaIntentExtras: 	- No extras registered
08-06 15:20:32.721 23445 23445 D NappaIntentExtras: activity nappatfpr.io.github.project_travel_mate.utilities.CompassActivity
08-06 15:20:32.721 23445 23445 D NappaIntentExtras: 	- No extras registered
08-06 15:20:32.721 23445 23445 D NappaIntentExtras: activity nappatfpr.io.github.project_travel_mate.notifications.NotificationsActivity
08-06 15:20:32.721 23445 23445 D NappaIntentExtras: 	- No extras registered
08-06 15:20:32.721 23445 23445 D NappaIntentExtras: activity nappatfpr.io.github.project_travel_mate.destinations.description.CityHistoryActivity
08-06 15:20:32.721 23445 23445 D NappaIntentExtras: 	- No extras registered
08-06 15:20:32.721 23445 23445 D NappaIntentExtras: activity nappatfpr.io.github.project_travel_mate.destinations.description.FinalCityInfoActivity
08-06 15:20:32.721 23445 23445 D NappaIntentExtras: 	- 1 extras registered
08-06 15:20:32.721 23445 23445 D NappaIntentExtras: 	- cityobject_ : objects.City@fcf68bf
08-06 15:20:32.721 23445 23445 D NappaIntentExtras: ==================
08-06 15:20:32.721   512  2967 D audio_hw_primary: out_set_parameters: enter: usecase(1: low-latency-playback) kvpairs: routing=2
08-06 15:20:32.722   918   929 I ActivityManager: START u0 {cmp=nappatfpr.io.github.project_travel_mate/.destinations.description.CityHistoryActivity} from uid 10702 on display 0
08-06 15:20:32.728 23445 23445 D NappaLifecycleObserver: nappatfpr.io.github.project_travel_mate.destinations.description.FinalCityInfoActivity - onPause
08-06 15:20:32.728 23445 23445 D Nappa   : Stayed on nappatfpr.io.github.project_travel_mate.destinations.description.FinalCityInfoActivity for 4604 ms
08-06 15:20:32.734 23445 23851 I art     : Explicit concurrent mark sweep GC freed 2843(123KB) AllocSpace objects, 2(40KB) LOS objects, 28% free, 39MB/55MB, paused 1.064ms total 39.435ms
08-06 15:20:32.734   512  2967 D audio_hw_primary: select_devices: out_snd_device(2: speaker) in_snd_device(0: none)
08-06 15:20:32.734   512  2967 D msm8974_platform: platform_send_audio_calibration: sending audio calibration for snd_device(2) acdb_id(15)
08-06 15:20:32.735   512  2967 I soundtrigger: audio_extn_sound_trigger_update_device_status: device 0x2 of type 0 for Event 1
08-06 15:20:32.749   512  2967 D audio_hw_primary: enable_snd_device: snd_device(2: speaker)
08-06 15:20:32.751 23445 23851 I art     : Starting a blocking GC Explicit
08-06 15:20:32.752   512  2967 D audio_hw_primary: enable_audio_route: apply and update mixer path: low-latency-playback speaker
08-06 15:20:32.754 23445 23584 D Gabe    : call	returning from cache
08-06 15:20:32.756 23445 23445 V EXECUTING: https://project-travel-mate.herokuapp.com/api/get-city-information/1
08-06 15:20:32.758 23445 23445 D Nappa   : TAG okHttpClient initialized
08-06 15:20:32.759 23445 24527 D CustomInterceptor: NETWORK-PROVIDER https://project-travel-mate.herokuapp.com/api/get-city-information/1
08-06 15:20:32.759 23445 24527 D Nappa   : F1_SCORE add_intercept_url - (already in) - https://project-travel-mate.herokuapp.com/api/get-city-information/1
08-06 15:20:32.759 23445 24527 D Nappa   : F1_SCORE add_fn_url - (already in) - https://project-travel-mate.herokuapp.com/api/get-city-information/1
08-06 15:20:32.759 23445 24527 D Nappa   : -------------F1_SCORE #20 -----------
08-06 15:20:32.759 23445 24527 D Nappa   : F1_SCORE - Intercept list (8)= [https://project-travel-mate.herokuapp.com/api/get-user, https://project-travel-mate.herokuapp.com/api/get-all-cities/10, https://project-travel-mate.herokuapp.com/api/number-of-unread-notifications, https://project-travel-mate.herokuapp.com/api/get-city-weather/1, https://project-travel-mate.herokuapp.com/api/get-city/1, https://project-travel-mate.herokuapp.com/api/get-city-information/1, https://project-travel-mate.herokuapp.com/api/get-city-facts/1, https://project-travel-mate.herokuapp.com/api/get-city-images/1]
08-06 15:20:32.759 23445 24527 D Nappa   : F1_SCORE - Prefetch list (0)= []
08-06 15:20:32.759 23445 24527 D Nappa   : F1_SCORE - TP list (0)= []
08-06 15:20:32.760 23445 24527 D Nappa   : F1_SCORE - FN list (8)= [https://project-travel-mate.herokuapp.com/api/get-user, https://project-travel-mate.herokuapp.com/api/get-all-cities/10, https://project-travel-mate.herokuapp.com/api/number-of-unread-notifications, https://project-travel-mate.herokuapp.com/api/get-city-weather/1, https://project-travel-mate.herokuapp.com/api/get-city/1, https://project-travel-mate.herokuapp.com/api/get-city-information/1, https://project-travel-mate.herokuapp.com/api/get-city-facts/1, https://project-travel-mate.herokuapp.com/api/get-city-images/1]
08-06 15:20:32.760 23445 24527 I NAPPA_EXPERIMENTATION: MetricPrefetchingAccuracy: LOG_ID='21',F1_SCORE_1='0.0',F1_SCORE_2='0.0',TRUE_POSITIVE='0',FALSE_POSITIVE='0',FALSE_NEGATIVE='8',
08-06 15:20:32.760 23445 24527 D CustomInterceptor: HEADER REQUEST
08-06 15:20:32.760 23445 24527 D CustomInterceptor: Authorization Token e817cf733b7893037942a7dc5507f3c5a98408e6
08-06 15:20:32.760 23445 23445 D NappaLifecycleObserver: nappatfpr.io.github.project_travel_mate.destinations.description.CityHistoryActivity - onResume
08-06 15:20:32.760 23445 24527 D CustomInterceptor: Cache-Control max-age=300, max-stale=300
08-06 15:20:32.760 23445 23445 D Nappa   : setCurrentActivity - MetricStrategyAccuracy - 
08-06 15:20:32.760 23445 23445 D Nappa   : madePredictionFromActivity = true, 
08-06 15:20:32.760 23445 23445 D Nappa   : fromActivity = nappatfpr.io.github.project_travel_mate.destinations.description.FinalCityInfoActivity, 
08-06 15:20:32.760 23445 23445 D Nappa   : predictedNextActivityFromActivity = [nappatfpr.io.github.project_travel_mate.destinations.description.CityHistoryActivity], 
08-06 15:20:32.760 23445 23445 D Nappa   : activity.getClass().getCanonicalName() = nappatfpr.io.github.project_travel_mate.destinations.description.CityHistoryActivity, 
08-06 15:20:32.760 23445 24527 D CustomInterceptor: CACHED STATS: size = '8', maxSize = '100', hitCount = '14', createCount = '0', putCount = '8', evictionCount = '0', missCount = '8', toString = 'LruCache[maxSize=100,hits=14,misses=8,hitRate=63%]', 
08-06 15:20:32.760 23445 23445 D Nappa   : setCurrentActivity - MetricStrategyAccuracy - 
08-06 15:20:32.760 23445 23445 D Nappa   : madePredictionFromExtra = false, 
08-06 15:20:32.760 23445 23445 D Nappa   : fromActivity = nappatfpr.io.github.project_travel_mate.destinations.description.FinalCityInfoActivity, 
08-06 15:20:32.760 23445 23445 D Nappa   : predictedNextActivityFromExtra = [], 
08-06 15:20:32.760 23445 23445 D Nappa   : activity.getClass().getCanonicalName() = nappatfpr.io.github.project_travel_mate.destinations.description.CityHistoryActivity, 
08-06 15:20:32.760 23445 23445 D Nappa   : PREFETCH_ON_EXTRA - setCurrentActivity - logs - from activity - made prediction istrue
08-06 15:20:32.760 23445 24527 D CustomInterceptor: PREFLIB GET REQUEST https://project-travel-mate.herokuapp.com/api/get-city-information/1
08-06 15:20:32.760 23445 23445 D Nappa   : PREFETCH_ON_EXTRA - setCurrentActivity - logs - from activity - start
08-06 15:20:32.760 23445 24527 D CustomInterceptor: PREFLIB found https://project-travel-mate.herokuapp.com/api/get-city-information/1, sending it back
08-06 15:20:32.761 23445 24527 D CustomInterceptor: CONTENT {"Summary":"Delhi (English: ; Hindi: [dli] Dill; Punjabi: [dli] Dill; Urdu: [deli] Dhl), officially known as the National Capital Territory of Delhi (NCT), is a city and a union territory of India containing New Delhi, the capital of India.It is bordered by the state of Haryana on three sides and by Uttar Pradesh to the east. The NCT covers an area of 1,484 square kilometres (573 sq mi). According to the 2011 census, Delhi's city proper population was over 11 million, the second-highest in India after Mumbai, while the whole NCT's population was about 16.8 million. Delhi's urban area is now considered to extend beyond the NCT boundaries, and include the neighbouring satellite cities of Ghaziabad, Faridabad, Gurgaon and Noida in an area called the National Capital Region (NCR) and had an estimated 2016 population of over 26 million people, making it the world's second-largest urban area according to the United Nations. Recent estimates of the metro economy of its urban area have ranked Delhi either the most or second-most productive metro area of India. Delhi is the second-wealthiest city in India after Mumbai and is home to 18 billionaires and 23,000 millionaires. Delhi ranks fifth among the Indian states and union territories in human development index. Delhi has the second-highest GDP per capita in India. Delhi is of great historical significance as an important commercial, transport, and cultural hub, as well as the political centre of India.Delhi has been continuously inhabited since the 6th century BCE. Through most of its history, Delhi has served as a capital of various kingdoms and empires, most notably the Pandavas, the Delhi Sultanate and the Mughal Empire. The city has been captured, ransacked and rebuilt several times, particularly during the medieval period, and modern Delhi is a cluster of a number of cities spread across the metropolitan region. For many centuries Delhi has been a dominant trading and commercial centre in northern India, and after 1990s it has emerged as an important node in the international corporate and financial network.A union territory, the political administration of the NCT of Delhi today more closely resembles that of a state of India, with its own legislature, high court and an executive council of ministers headed by a Chief Minister. New Delhi is jointly administered by the federal government of India and the local government of Delhi, and serves as the capital of the nation as well as the NCT of Delhi. Delhi hosted the inaugural 1951 Asian Games, 1982 Asian Games, 1983 NAM Summit, 2010 Men's Hockey World Cup, 2010 Commonwealth Games, 2012 BRICS Summit and was one of the major host cities of the 2011 Cricket World Cup.Delhi is also the centre of the National Capital Region (NCR), which is a unique 'interstate regional planning' area created by the National Capital Region Planning Board Act of 1985.","Toponym":"There are a number of myths and legends associated with the origin of the name Delhi. One of them is derived from Dhillu or Dilu, a king who built a city at this location in 50 BCE and named it after himself. Another legend holds that the name of the city is based on the Hindi/Prakrit word dhili (loose) and that it was used by the Tomaras to refer to the city because the iron pillar of Delhi had a weak foundation and had to be moved. According to Panjab Notes and Queries, the name of the city at the time of King Prithviraj was  dilpat, and that dilpat and dilli are probably derived from the old Hindi word dil meaning eminence. The former director of the Archaeological Survey of India, Alexander Cunningham, mentioned that dilli later became dihli/dehli. Some suggest the coins in circulation in the region under the Tomaras were called dehliwal. According to the Bhavishya Purana, King Prithiviraja of Indraprastha built a new fort in the modern-day Purana Qila area for the convenience of all four castes in his kingdom. He ordered the construction of a gateway to the fort and later named the fort dehali.
08-06 15:20:32.763 23445 23445 D Nappa   : setCurrentActivity - MetricStrategyAccuracy - checking prediction VS current activity for activities
08-06 15:20:32.763 23445 24527 D CustomInterceptor: interceptor_finished : return_type #2 : request served from cache
08-06 15:20:32.764 23445 23445 D TfprPrefetchingStrategy: MetricStrategyAccuracy inc hits count2 | from act
08-06 15:20:32.764 23445 23445 I NAPPA_EXPERIMENTATION: MetricStrategyAccuracy: LOG_ID='11',EXECUTION_COUNT='11',CASES_COUNT='11',HIT_PERCENTAGE_TOTAL='18.181818181818183',HIT_PERCENTAGE_WHEN_PREDICTED='50.0',HIT_COUNT='2',MISS_COUNT='2',INSUFFICIENT_SCORE_COUNT='3',EXCEPTION_COUNT='0',NO_SUCCESSOR_COUNT='4',
08-06 15:20:32.764 23445 23445 D Nappa   : PREFETCH_ON_EXTRA - setCurrentActivity - logs - from activity- finished
08-06 15:20:32.764 23445 24527 I NAPPA_EXPERIMENTATION: MetricNetworkRequestExecutionTime: REQUEST_DURATION_SYSTEM='6',REQUEST_DURATION_OKHTTP='0',REQUEST_SYNCHRONOUS='FALSE',RESPONSE_CODE='200',RESPONSE_METHOD='GET',RESPONSE_LENGTH_OKHTTP='55024',RESPONSE_LENGTH_HEADER='-2',REQUEST_PROTOCOL='http/1.1',REQUEST_URL='https://project-travel-mate.herokuapp.com/api/get-city-information/1',
08-06 15:20:32.788 23445 23851 I art     : Explicit concurrent mark sweep GC freed 1016(107KB) AllocSpace objects, 8(708KB) LOS objects, 28% free, 40MB/56MB, paused 963us total 36.996ms
08-06 15:20:32.804 23445 23851 I art     : Starting a blocking GC Explicit
08-06 15:20:32.841 23445 23851 I art     : Explicit concurrent mark sweep GC freed 191(9KB) AllocSpace objects, 0(0B) LOS objects, 28% free, 40MB/56MB, paused 910us total 36.731ms
08-06 15:20:32.859 23445 23851 I art     : Starting a blocking GC Explicit
08-06 15:20:32.861 23445 23462 D Nappa   : registerActivity: (already in) nappatfpr.io.github.project_travel_mate.destinations.description.FinalCityInfoActivity
08-06 15:20:32.861 23445 23462 D Nappa   : PARENTS 
08-06 15:20:32.861 23445 23462 D Nappa   : Of: nappatfpr.io.github.project_travel_mate.destinations.description.FinalCityInfoActivity -> 
08-06 15:20:32.861 23445 23462 D Nappa   : PARENTS nappatfpr.io.github.project_travel_mate.MainActivity
08-06 15:20:32.861 23445 23462 D Nappa   : PARENTS has extra: (cityobject_, objects.City@497bf65)
08-06 15:20:32.861 23445 23462 D Nappa   : PARENTS nappatfpr.io.github.project_travel_mate.SplashActivity
08-06 15:20:32.864 23445 23445 D Nappa   : registerActivity: (already in) nappatfpr.io.github.project_travel_mate.destinations.description.CityHistoryActivity
08-06 15:20:32.864 23445 23445 D ActivityNode: ACTNODE UPDATING AFTER LOADING FROM DB
08-06 15:20:32.864 23445 23445 D ActivityGraph: LARDataCalculatedUpdate nappatfpr.io.github.project_travel_mate.destinations.description.CityHistoryActivity Pagerank: 0.25 HITS-Authority: 1.0 HITS-Hub: 1.0 SALSA-Authority: 1.0 SALSA-Hub: 1.0
08-06 15:20:32.864 23445 23445 D Nappa   : SHOULD_PREFETCH true
08-06 15:20:32.898 23445 23851 I art     : Explicit concurrent mark sweep GC freed 158(9KB) AllocSpace objects, 0(0B) LOS objects, 28% free, 40MB/56MB, paused 981us total 39.372ms
08-06 15:20:32.915 23445 23851 I art     : Starting a blocking GC Explicit
08-06 15:20:32.952 23445 23851 I art     : Explicit concurrent mark sweep GC freed 33(1552B) AllocSpace objects, 0(0B) LOS objects, 28% free, 40MB/56MB, paused 915us total 37.268ms
08-06 15:20:32.965 23445 23445 D Nappa   : registerActivity: (already in) nappatfpr.io.github.project_travel_mate.destinations.description.CityHistoryActivity
08-06 15:20:32.965 23445 23445 D Nappa   : STATS Number of requests not prefetched: 8
08-06 15:20:32.965 23445 23445 D Nappa   : STATS Number of requests prefetched: 7
08-06 15:20:32.965 23445 23445 D Nappa   : STATS Time saved until now: 0.355
08-06 15:20:33.077   918   936 I ActivityManager: Displayed nappatfpr.io.github.project_travel_mate/.destinations.description.CityHistoryActivity: +348ms
08-06 15:20:33.077 13866 13866 I GoogleInputMethodServic: GoogleInputMethodService.onFinishInput():3138 
08-06 15:20:33.077 23445 23445 D ActivityNode: Observer - successor visit time - MainActivity - Updating the visit time from the successors list:
08-06 15:20:33.077 23445 23445 D ActivityNode: [AggregateVisitTimeByActivity{nappatfpr.io.github.project_travel_mate.destinations.description.FinalCityInfoActivity : 45339 ms}, AggregateVisitTimeByActivity{nappatfpr.io.github.project_travel_mate.utilities.ChecklistActivity : 36970 ms}, AggregateVisitTimeByActivity{nappatfpr.io.github.project_travel_mate.utilities.CompassActivity : 17989 ms}, AggregateVisitTimeByActivity{nappatfpr.io.github.project_travel_mate.utilities.UpcomingWeekendsActivity : 74162 ms}, AggregateVisitTimeByActivity{nappatfpr.io.github.project_travel_mate.notifications.NotificationsActivity : 37917 ms}]
08-06 15:20:33.078 23445 23445 D ActivityNode: Observer - visit time - FinalCityInfoActivity - New aggregate visit time found is 86312 ms
08-06 15:20:33.078 23445 23445 D ActivityNode: Observer - successor visit time - FinalCityInfoActivity - Updating the visit time from the successors list:
08-06 15:20:33.078 23445 23445 D ActivityNode: [AggregateVisitTimeByActivity{nappatfpr.io.github.project_travel_mate.destinations.description.CityHistoryActivity : 64162 ms}, AggregateVisitTimeByActivity{nappatfpr.io.github.project_travel_mate.destinations.funfacts.FunFactsActivity : 26165 ms}]
08-06 15:20:33.078 13866 13866 I GoogleInputMethodServic: GoogleInputMethodService.onStartInput():1808 
08-06 15:20:33.078 23445 23445 D ActivityNode: Observer - successor visit time - SplashActivity - Updating the visit time from the successors list:
08-06 15:20:33.078 23445 23445 D ActivityNode: [AggregateVisitTimeByActivity{nappatfpr.io.github.project_travel_mate.MainActivity : 22474 ms}]
08-06 15:20:33.078 23445 23445 D ActivityNode: Observer - session data - sourceSplashActivity
08-06 15:20:33.078 23445 23445 D ActivityNode: destinations:
08-06 15:20:33.078 23445 23445 D ActivityNode: 	nappatfpr.io.github.project_travel_mate.MainActivity( count 5)
08-06 15:20:33.078 23445 23445 D ActivityNode: Observer - session data - sourceMainActivity
08-06 15:20:33.078 23445 23445 D ActivityNode: destinations:
08-06 15:20:33.078 23445 23445 D ActivityNode: 	nappatfpr.io.github.project_travel_mate.destinations.description.FinalCityInfoActivity( count 10)
08-06 15:20:33.078 23445 23445 D ActivityNode: 	nappatfpr.io.github.project_travel_mate.utilities.ChecklistActivity( count 8)
08-06 15:20:33.078 23445 23445 D ActivityNode: 	nappatfpr.io.github.project_travel_mate.utilities.CompassActivity( count 8)
08-06 15:20:33.078 23445 23445 D ActivityNode: 	nappatfpr.io.github.project_travel_mate.utilities.UpcomingWeekendsActivity( count 16)
08-06 15:20:33.078 23445 23445 D ActivityNode: 	nappatfpr.io.github.project_travel_mate.notifications.NotificationsActivity( count 8)
08-06 15:20:33.078 23445 23445 D ActivityNode: Observer - session data - sourceFinalCityInfoActivity
08-06 15:20:33.078 23445 23445 D ActivityNode: destinations:
08-06 15:20:33.078 23445 23445 D ActivityNode: 	nappatfpr.io.github.project_travel_mate.destinations.description.CityHistoryActivity( count 15)
08-06 15:20:33.078 23445 23445 D ActivityNode: 	nappatfpr.io.github.project_travel_mate.destinations.funfacts.FunFactsActivity( count 10)
08-06 15:20:33.078 23445 23445 D ActivityNode: Observer - session data - sourceCityHistoryActivity
08-06 15:20:33.078 23445 23445 D ActivityNode: destinations:
08-06 15:20:33.079 23445 23445 D ActivityNode: Observer - session data - sourceFunFactsActivity
08-06 15:20:33.079 23445 23445 D ActivityNode: destinations:
08-06 15:20:33.100 23445 23445 D ActivityNode: Observer - session data - sourceChecklistActivity
08-06 15:20:33.100 23445 23445 D ActivityNode: destinations:
08-06 15:20:33.101 23445 23445 D ActivityNode: Observer - session data - sourceCompassActivity
08-06 15:20:33.101 23445 23445 D ActivityNode: destinations:
08-06 15:20:33.101 23445 23445 D ActivityNode: Observer - session data - sourceUpcomingWeekendsActivity
08-06 15:20:33.101 23445 23445 D ActivityNode: destinations:
08-06 15:20:33.101 23445 23445 D ActivityNode: Observer - session data - sourceNotificationsActivity
08-06 15:20:33.101 23445 23445 D ActivityNode: destinations:
08-06 15:20:33.164 23445 23462 D Nappa   : PREFETCH_ON_EXTRA - setCurrentActivity - logs - from extra - made prediction isfalse
08-06 15:20:33.301   512  2967 D audio_hw_primary: disable_audio_route: reset and update mixer path: low-latency-playback speaker
08-06 15:20:33.304   512  2967 D audio_hw_primary: disable_snd_device: snd_device(2: speaker)
08-06 15:20:33.311 23445 23458 I art     : Starting a blocking GC Explicit
08-06 15:20:33.313   512  2967 I soundtrigger: audio_extn_sound_trigger_update_device_status: device 0x2 of type 0 for Event 0
08-06 15:20:33.331   380   380 W SurfaceFlinger: couldn't log to binary event log: overflow.
08-06 15:20:33.358 23445 23458 I art     : Explicit concurrent mark sweep GC freed 5816(1737KB) AllocSpace objects, 24(560KB) LOS objects, 28% free, 40MB/56MB, paused 796us total 46.773ms
08-06 15:20:33.374 23445 23458 I art     : Starting a blocking GC Explicit
08-06 15:20:33.410 23445 23458 I art     : Explicit concurrent mark sweep GC freed 1033(34KB) AllocSpace objects, 0(0B) LOS objects, 28% free, 40MB/56MB, paused 822us total 35.592ms
08-06 15:20:33.425 23445 23458 I art     : Starting a blocking GC Explicit
08-06 15:20:33.464 23445 23458 I art     : Explicit concurrent mark sweep GC freed 262(5KB) AllocSpace objects, 0(0B) LOS objects, 28% free, 40MB/56MB, paused 828us total 38.379ms
08-06 15:20:33.465 23445 23462 D Nappa   : PREFETCH_ON_EXTRA - setCurrentActivity - starting new prediction
08-06 15:20:33.465 23445 23462 D Nappa   : Current node - currentActivityName - nappatfpr.io.github.project_travel_mate.destinations.description.CityHistoryActivity
08-06 15:20:33.465 23445 23462 D Nappa   : Current node - activityGraph.getCurrent() - nappatfpr.io.github.project_travel_mate.destinations.description.CityHistoryActivity
08-06 15:20:33.466 23445 23462 I NAPPA_EXPERIMENTATION: MetricNappaPrefetchingStrategyExecutionTime: STRATEGY_CLASS='TfprPrefetchingStrategy',DURATION='2083',NUMBER_OF_URLS='0',NUMBER_OF_SELECTED_CHILDREN_NODES='0',NUMBER_OF_CHILDREN_NODES='0',STRATEGY_RUN_SUCCESSFULLY='True',
08-06 15:20:33.466 23445 23462 D TfprPrefetchingStrategy: ==================================
08-06 15:20:33.466 23445 23462 D TfprPrefetchingStrategy: Starting Run #12
08-06 15:20:33.466 23445 23462 D TfprPrefetchingStrategy: ----------------------------------
08-06 15:20:33.466 23445 23462 D TfprPrefetchingStrategy: Node data CityHistoryActivity 
08-06 15:20:33.466 23445 23462 D TfprPrefetchingStrategy: 	Successors:
08-06 15:20:33.466 23445 23462 D TfprPrefetchingStrategy: 
08-06 15:20:33.466 23445 23462 D TfprPrefetchingStrategy: 	Ancestors:
08-06 15:20:33.466 23445 23462 D TfprPrefetchingStrategy: 		FinalCityInfoActivity (0 hits)
08-06 15:20:33.466 23445 23462 D TfprPrefetchingStrategy: 
08-06 15:20:33.466 23445 23462 D TfprPrefetchingStrategy: MetricStrategyAccuracy inc execution count12 | act = true; extra = false
08-06 15:20:33.466 23445 23462 D TfprPrefetchingStrategy: MetricStrategyAccuracy inc no sucessor count5 | act = true; extra = false
08-06 15:20:33.466 23445 23462 D TfprPrefetchingStrategy: Node has no successor
08-06 15:20:33.466 23445 23462 D TfprPrefetchingStrategy: Next visited child will be []
08-06 15:20:33.466 23445 23462 D TfprPrefetchingStrategy: ==================================
08-06 15:20:33.466 23445 23462 D Nappa   : PREFETCH_ON_EXTRA - setCurrentActivity - finished new prediction
08-06 15:20:33.481 23445 23458 I art     : Starting a blocking GC Explicit
08-06 15:20:33.491  5179  5194 D QcrilMsgTunnelSocket: readRilMessage: Buffer = [B@671e81d HexData = [010000000404000011000000514f454d484f4f4bef0308000100000003]
08-06 15:20:33.491  5179  5194 D QcrilMsgTunnelSocket: Rcvd UNSOL response with 28 bytes data for SUB0
08-06 15:20:33.491  5179  5194 D QcrilMsgTunnelSocket: Response ID 525295 is not served in this process.
08-06 15:20:33.491  5179  5194 D QcrilMsgTunnelSocket: To broadcast an Intent via the notifier to external apps
08-06 15:20:33.491  5179  5179 D QcrilMsgTunnelIfaceManager: handleMessage what = 0
08-06 15:20:33.491  5179  5179 D QcrilMsgTunnelIfaceManager: Broadcasting intent ACTION_UNSOL_RESPONSE_OEM_HOOK_RAW
08-06 15:20:33.492  5164  5164 D QC_RIL_OEM_HOOK: Received Broadcast Intent ACTION_UNSOL_RESPONSE_OEM_HOOK_RAW
08-06 15:20:33.493  5164  5164 D QC_RIL_OEM_HOOK: Oem ID in QCRILHOOK UNSOL RESP is QOEMHOOK
08-06 15:20:33.517 23445 23458 I art     : Explicit concurrent mark sweep GC freed 421(20KB) AllocSpace objects, 0(0B) LOS objects, 28% free, 40MB/56MB, paused 1.006ms total 36.285ms
08-06 15:20:33.534 23445 23458 I art     : Starting a blocking GC Explicit
08-06 15:20:33.572 23445 23458 I art     : Explicit concurrent mark sweep GC freed 241(4KB) AllocSpace objects, 0(0B) LOS objects, 28% free, 40MB/56MB, paused 870us total 38.288ms
08-06 15:20:33.940 23445 23546 I art     : Starting a blocking GC Explicit
08-06 15:20:33.979 23445 23546 I art     : Explicit concurrent mark sweep GC freed 3365(127KB) AllocSpace objects, 2(40KB) LOS objects, 28% free, 40MB/56MB, paused 870us total 38.889ms
08-06 15:20:33.995 23445 23546 I art     : Starting a blocking GC Explicit
08-06 15:20:34.032 23445 23546 I art     : Explicit concurrent mark sweep GC freed 246(4KB) AllocSpace objects, 0(0B) LOS objects, 28% free, 40MB/56MB, paused 838us total 37.159ms
08-06 15:20:34.048 23445 23546 I art     : Starting a blocking GC Explicit
08-06 15:20:34.085 23445 23546 I art     : Explicit concurrent mark sweep GC freed 289(4KB) AllocSpace objects, 0(0B) LOS objects, 28% free, 40MB/56MB, paused 836us total 36.978ms
08-06 15:20:34.102 23445 23546 I art     : Starting a blocking GC Explicit
08-06 15:20:34.140 23445 23546 I art     : Explicit concurrent mark sweep GC freed 221(3KB) AllocSpace objects, 0(0B) LOS objects, 28% free, 40MB/56MB, paused 797us total 38.177ms
08-06 15:20:34.157 23445 23546 I art     : Starting a blocking GC Explicit
08-06 15:20:34.197 23445 23546 I art     : Explicit concurrent mark sweep GC freed 219(3KB) AllocSpace objects, 0(0B) LOS objects, 28% free, 40MB/56MB, paused 915us total 39.940ms
08-06 15:20:34.556 23445 23457 I art     : Starting a blocking GC Explicit
08-06 15:20:34.602 23445 23457 I art     : Explicit concurrent mark sweep GC freed 3373(127KB) AllocSpace objects, 2(40KB) LOS objects, 28% free, 40MB/56MB, paused 1.396ms total 45.445ms
08-06 15:20:34.620 23445 23457 I art     : Starting a blocking GC Explicit
08-06 15:20:34.657 23445 23457 I art     : Explicit concurrent mark sweep GC freed 319(5KB) AllocSpace objects, 0(0B) LOS objects, 28% free, 40MB/56MB, paused 852us total 36.607ms
08-06 15:20:34.674 23445 23457 I art     : Starting a blocking GC Explicit
08-06 15:20:34.711 23445 23457 I art     : Explicit concurrent mark sweep GC freed 231(4KB) AllocSpace objects, 0(0B) LOS objects, 28% free, 40MB/56MB, paused 864us total 36.903ms
08-06 15:20:34.727 23445 23457 I art     : Starting a blocking GC Explicit
08-06 15:20:34.763 23445 23457 I art     : Explicit concurrent mark sweep GC freed 237(4KB) AllocSpace objects, 0(0B) LOS objects, 28% free, 40MB/56MB, paused 812us total 36.193ms
08-06 15:20:34.779 23445 23457 I art     : Starting a blocking GC Explicit
08-06 15:20:34.817 23445 23457 I art     : Explicit concurrent mark sweep GC freed 243(4KB) AllocSpace objects, 0(0B) LOS objects, 28% free, 40MB/56MB, paused 923us total 37.433ms
08-06 15:20:35.178 23445 23457 I art     : Starting a blocking GC Explicit
08-06 15:20:35.220 23445 23457 I art     : Explicit concurrent mark sweep GC freed 3433(132KB) AllocSpace objects, 2(40KB) LOS objects, 28% free, 40MB/56MB, paused 910us total 41.722ms
08-06 15:20:35.237 23445 23457 I art     : Starting a blocking GC Explicit
08-06 15:20:35.274 23445 23457 I art     : Explicit concurrent mark sweep GC freed 247(4KB) AllocSpace objects, 0(0B) LOS objects, 28% free, 40MB/56MB, paused 818us total 37.183ms
08-06 15:20:35.290 23445 23457 I art     : Starting a blocking GC Explicit
08-06 15:20:35.331 23445 23457 I art     : Explicit concurrent mark sweep GC freed 219(3KB) AllocSpace objects, 0(0B) LOS objects, 28% free, 40MB/56MB, paused 881us total 40.437ms
08-06 15:20:35.348 23445 23457 I art     : Starting a blocking GC Explicit
08-06 15:20:35.387 23445 23457 I art     : Explicit concurrent mark sweep GC freed 290(4KB) AllocSpace objects, 0(0B) LOS objects, 28% free, 40MB/56MB, paused 900us total 39.404ms
08-06 15:20:35.403 23445 23457 I art     : Starting a blocking GC Explicit
08-06 15:20:35.443 23445 23457 I art     : Explicit concurrent mark sweep GC freed 220(3KB) AllocSpace objects, 0(0B) LOS objects, 28% free, 40MB/56MB, paused 874us total 39.338ms
08-06 15:20:35.805 23445 23546 I art     : Starting a blocking GC Explicit
08-06 15:20:35.844 23445 23546 I art     : Explicit concurrent mark sweep GC freed 3376(128KB) AllocSpace objects, 2(40KB) LOS objects, 28% free, 40MB/56MB, paused 847us total 38.840ms
08-06 15:20:35.860 23445 23546 I art     : Starting a blocking GC Explicit
08-06 15:20:35.901 23445 23546 I art     : Explicit concurrent mark sweep GC freed 256(5KB) AllocSpace objects, 0(0B) LOS objects, 28% free, 40MB/56MB, paused 886us total 40.267ms
08-06 15:20:35.917 23445 23546 I art     : Starting a blocking GC Explicit
08-06 15:20:35.959 23445 23546 I art     : Explicit concurrent mark sweep GC freed 290(4KB) AllocSpace objects, 0(0B) LOS objects, 28% free, 40MB/56MB, paused 925us total 41.083ms
08-06 15:20:35.975 23445 23546 I art     : Starting a blocking GC Explicit
08-06 15:20:36.017 23445 23546 I art     : Explicit concurrent mark sweep GC freed 220(3KB) AllocSpace objects, 0(0B) LOS objects, 28% free, 40MB/56MB, paused 931us total 41.543ms
08-06 15:20:36.035 23445 23546 I art     : Starting a blocking GC Explicit
08-06 15:20:36.076 23445 23546 I art     : Explicit concurrent mark sweep GC freed 291(4KB) AllocSpace objects, 0(0B) LOS objects, 28% free, 40MB/56MB, paused 868us total 41.043ms
08-06 15:20:36.440 23445 23851 I art     : Starting a blocking GC Explicit
08-06 15:20:36.480 23445 23851 I art     : Explicit concurrent mark sweep GC freed 3367(128KB) AllocSpace objects, 2(40KB) LOS objects, 28% free, 40MB/56MB, paused 865us total 38.987ms
08-06 15:20:36.496 23445 23851 I art     : Starting a blocking GC Explicit
08-06 15:20:36.534 23445 23851 I art     : Explicit concurrent mark sweep GC freed 246(4KB) AllocSpace objects, 0(0B) LOS objects, 28% free, 40MB/56MB, paused 823us total 38.403ms
08-06 15:20:36.551 23445 23851 I art     : Starting a blocking GC Explicit
08-06 15:20:36.592 23445 23851 I art     : Explicit concurrent mark sweep GC freed 290(4KB) AllocSpace objects, 0(0B) LOS objects, 28% free, 40MB/56MB, paused 890us total 40.847ms
08-06 15:20:36.608 23445 23851 I art     : Starting a blocking GC Explicit
08-06 15:20:36.650 23445 23851 I art     : Explicit concurrent mark sweep GC freed 220(3KB) AllocSpace objects, 0(0B) LOS objects, 28% free, 40MB/56MB, paused 848us total 41.589ms
08-06 15:20:36.668 23445 23851 I art     : Starting a blocking GC Explicit
08-06 15:20:36.705 23445 23851 I art     : Explicit concurrent mark sweep GC freed 289(4KB) AllocSpace objects, 0(0B) LOS objects, 28% free, 40MB/56MB, paused 862us total 37.594ms
08-06 15:20:37.073 23445 23458 I art     : Starting a blocking GC Explicit
08-06 15:20:37.115 23445 23458 I art     : Explicit concurrent mark sweep GC freed 3368(128KB) AllocSpace objects, 2(40KB) LOS objects, 28% free, 40MB/56MB, paused 848us total 41.142ms
08-06 15:20:37.131 23445 23458 I art     : Starting a blocking GC Explicit
08-06 15:20:37.168 23445 23458 I art     : Explicit concurrent mark sweep GC freed 246(4KB) AllocSpace objects, 0(0B) LOS objects, 28% free, 40MB/56MB, paused 1.289ms total 36.281ms
08-06 15:20:37.185 23445 23458 I art     : Starting a blocking GC Explicit
08-06 15:20:37.222 23445 23458 I art     : Explicit concurrent mark sweep GC freed 289(4KB) AllocSpace objects, 0(0B) LOS objects, 28% free, 40MB/56MB, paused 876us total 37.081ms
08-06 15:20:37.238 23445 23458 I art     : Starting a blocking GC Explicit
08-06 15:20:37.274 23445 23458 I art     : Explicit concurrent mark sweep GC freed 221(3KB) AllocSpace objects, 0(0B) LOS objects, 28% free, 40MB/56MB, paused 833us total 35.541ms
08-06 15:20:37.274 23445 23455 I art     : WaitForGcToComplete blocked for 35.768ms for cause HeapTrim
08-06 15:20:37.290 23445 23458 I art     : Starting a blocking GC Explicit
08-06 15:20:37.326 23445 23458 I art     : Explicit concurrent mark sweep GC freed 219(3KB) AllocSpace objects, 0(0B) LOS objects, 28% free, 40MB/56MB, paused 859us total 36.049ms
08-06 15:20:37.482 24618 24618 D AndroidRuntime: >>>>>> START com.android.internal.os.RuntimeInit uid 2000 <<<<<<
08-06 15:20:37.488 24618 24618 D AndroidRuntime: CheckJNI is OFF
08-06 15:20:37.526 24618 24618 D ICU     : No timezone override file found: /data/misc/zoneinfo/current/icu/icu_tzdata.dat
08-06 15:20:37.567 24618 24618 I Radio-JNI: register_android_hardware_Radio DONE
08-06 15:20:37.595 24618 24618 D AndroidRuntime: Calling main entry com.android.commands.input.Input
08-06 15:20:37.597 24618 24618 I Input   : injectKeyEvent: KeyEvent { action=ACTION_DOWN, keyCode=KEYCODE_BACK, scanCode=0, metaState=0, flags=0x0, repeatCount=0, eventTime=890454010, downTime=890454010, deviceId=-1, source=0x101 }
08-06 15:20:37.601 24618 24618 I Input   : injectKeyEvent: KeyEvent { action=ACTION_UP, keyCode=KEYCODE_BACK, scanCode=0, metaState=0, flags=0x0, repeatCount=0, eventTime=890454010, downTime=890454010, deviceId=-1, source=0x101 }
08-06 15:20:37.607 23445 23445 D NappaLifecycleObserver: nappatfpr.io.github.project_travel_mate.destinations.description.CityHistoryActivity - onPause
08-06 15:20:37.607 23445 23445 D Nappa   : Stayed on nappatfpr.io.github.project_travel_mate.destinations.description.CityHistoryActivity for 4642 ms
08-06 15:20:37.607 24618 24618 D AndroidRuntime: Shutting down VM
08-06 15:20:37.611 23445 23445 D NappaLifecycleObserver: nappatfpr.io.github.project_travel_mate.destinations.description.FinalCityInfoActivity - onResume
08-06 15:20:37.611 23445 23445 D Nappa   : setCurrentActivity - MetricStrategyAccuracy - 
08-06 15:20:37.611 23445 23445 D Nappa   : madePredictionFromActivity = true, 
08-06 15:20:37.611 23445 23445 D Nappa   : fromActivity = nappatfpr.io.github.project_travel_mate.destinations.description.CityHistoryActivity, 
08-06 15:20:37.611 23445 23445 D Nappa   : predictedNextActivityFromActivity = [], 
08-06 15:20:37.611 23445 23445 D Nappa   : activity.getClass().getCanonicalName() = nappatfpr.io.github.project_travel_mate.destinations.description.FinalCityInfoActivity, 
08-06 15:20:37.612 23445 23445 D Nappa   : setCurrentActivity - MetricStrategyAccuracy - 
08-06 15:20:37.612 23445 23445 D Nappa   : madePredictionFromExtra = false, 
08-06 15:20:37.612 23445 23445 D Nappa   : fromActivity = nappatfpr.io.github.project_travel_mate.destinations.description.CityHistoryActivity, 
08-06 15:20:37.612 23445 23445 D Nappa   : predictedNextActivityFromExtra = [], 
08-06 15:20:37.612 23445 23445 D Nappa   : activity.getClass().getCanonicalName() = nappatfpr.io.github.project_travel_mate.destinations.description.FinalCityInfoActivity, 
