08-06 05:07:48.494 18717 18717 D ActivityNode: [AggregateVisitTimeByActivity{nappatfpr.org.quantumbadger.redreader.activities.CommentListingActivity : 205295 ms}, AggregateVisitTimeByActivity{nappatfpr.org.quantumbadger.redreader.activities.WebViewActivity : 72375 ms}, AggregateVisitTimeByActivity{nappatfpr.org.quantumbadger.redreader.activities.ImageViewActivity : 5017 ms}]
08-06 05:07:48.496 13866 13866 I GoogleInputMethodServic: GoogleInputMethodService.onFinishInput():3138 
08-06 05:07:48.496 18717 18717 D ActivityNode: Observer - visit time - CommentListingActivity - New aggregate visit time found is 205295 ms
08-06 05:07:48.496 18717 18717 D ActivityNode: Observer - successor visit time - ImageViewActivity - Updating the visit time from the successors list:
08-06 05:07:48.496 18717 18717 D ActivityNode: [AggregateVisitTimeByActivity{nappatfpr.org.quantumbadger.redreader.activities.WebViewActivity : 20603 ms}]
08-06 05:07:48.497 13866 13866 I GoogleInputMethodServic: GoogleInputMethodService.onStartInput():1808 
08-06 05:07:48.572 18717 18821 I art     : Starting a blocking GC Explicit
08-06 05:07:48.612 18717 18821 I art     : Explicit concurrent mark sweep GC freed 2229(149KB) AllocSpace objects, 1(20KB) LOS objects, 34% free, 30MB/46MB, paused 310us total 39.638ms
08-06 05:07:48.626 18717 19968 I RedditChangeDataIO: Writing tmp data file at '/data/user/0/nappatfpr.org.quantumbadger.redreader/files/rr_change_data_tmp.dat'
08-06 05:07:48.627 18717 19968 I RedditChangeDataManager: Taking snapshot...
08-06 05:07:48.627 18717 19968 I RedditChangeDataManager: Writing to stream...
08-06 05:07:48.627 18717 19968 I RedditChangeDataManager: Wrote 3 entries for user ''
08-06 05:07:48.627 18717 19968 I RedditChangeDataManager: All entries written to stream.
08-06 05:07:48.627 18717 18821 I art     : Starting a blocking GC Explicit
08-06 05:07:48.627 18717 19968 I RedditChangeDataIO: Write successful. Atomically replacing data file...
08-06 05:07:48.630 18717 19968 I RedditChangeDataIO: Write complete.
08-06 05:07:48.630 18717 19968 I RedditChangeDataIO: 86 bytes written in 4 ms
08-06 05:07:48.671 18717 18821 I art     : Explicit concurrent mark sweep GC freed 301(12KB) AllocSpace objects, 1(68KB) LOS objects, 34% free, 30MB/46MB, paused 320us total 43.196ms
08-06 05:07:48.686 18717 18821 I art     : Starting a blocking GC Explicit
08-06 05:07:48.726 18717 18821 I art     : Explicit concurrent mark sweep GC freed 16(944B) AllocSpace objects, 0(0B) LOS objects, 34% free, 30MB/46MB, paused 289us total 40.011ms
08-06 05:07:48.741 18717 18821 I art     : Starting a blocking GC Explicit
08-06 05:07:48.764 18717 18739 D Nappa   : PREFETCH_ON_EXTRA - setCurrentActivity - logs - from extra - made prediction isfalse
08-06 05:07:48.783 18717 18821 I art     : Explicit concurrent mark sweep GC freed 15(1024B) AllocSpace objects, 0(0B) LOS objects, 34% free, 30MB/46MB, paused 320us total 41.405ms
08-06 05:07:48.797 18717 18821 I art     : Starting a blocking GC Explicit
08-06 05:07:48.826   380   380 W SurfaceFlinger: couldn't log to binary event log: overflow.
08-06 05:07:48.830 18717 18717 D NappaLifecycleObserver: nappatfpr.org.quantumbadger.redreader.activities.CommentListingActivity - onDestroy
08-06 05:07:48.830 18717 18717 D NappaLifecycleObserver: -------------F1_SCORE #9 -----------
08-06 05:07:48.830 18717 18717 D NappaLifecycleObserver: F1_SCORE - Intercept list (5)= [https://oauth.reddit.com/r/askscience/about.json, https://oauth.reddit.com/r/askscience/hot/.json, https://oauth.reddit.com/comments/gvc7k9/.json?sort=confidence, https://oauth.reddit.com/comments/hwnhe2/.json?sort=confidence, https://oauth.reddit.com/comments/hza888/.json?sort=confidence]
08-06 05:07:48.830 18717 18717 D NappaLifecycleObserver: F1_SCORE - Prefetch list (0)= []
08-06 05:07:48.830 18717 18717 D NappaLifecycleObserver: F1_SCORE - TP list (0)= []
08-06 05:07:48.830 18717 18717 D NappaLifecycleObserver: F1_SCORE - FN list (5)= [https://oauth.reddit.com/r/askscience/about.json, https://oauth.reddit.com/r/askscience/hot/.json, https://oauth.reddit.com/comments/gvc7k9/.json?sort=confidence, https://oauth.reddit.com/comments/hwnhe2/.json?sort=confidence, https://oauth.reddit.com/comments/hza888/.json?sort=confidence]
08-06 05:07:48.830 18717 18717 I NAPPA_EXPERIMENTATION: MetricPrefetchingAccuracy: LOG_ID='10',F1_SCORE_1='0.0',F1_SCORE_2='0.0',TRUE_POSITIVE='0',FALSE_POSITIVE='0',FALSE_NEGATIVE='5',
08-06 05:07:48.838 18717 18821 I art     : Explicit concurrent mark sweep GC freed 114(17KB) AllocSpace objects, 0(0B) LOS objects, 34% free, 30MB/46MB, paused 338us total 40.220ms
08-06 05:07:49.114 18717 18730 I art     : Starting a blocking GC Explicit
08-06 05:07:49.161 18717 18730 I art     : Explicit concurrent mark sweep GC freed 1568(93KB) AllocSpace objects, 1(20KB) LOS objects, 34% free, 30MB/46MB, paused 370us total 46.591ms
08-06 05:07:49.176 18717 18730 I art     : Starting a blocking GC Explicit
08-06 05:07:49.213 18717 18730 I art     : Explicit concurrent mark sweep GC freed 46800(2MB) AllocSpace objects, 5(140KB) LOS objects, 36% free, 27MB/43MB, paused 334us total 36.558ms
08-06 05:07:49.226 18717 18730 I art     : Starting a blocking GC Explicit
08-06 05:07:49.260 18717 18730 I art     : Explicit concurrent mark sweep GC freed 3(96B) AllocSpace objects, 0(0B) LOS objects, 36% free, 27MB/43MB, paused 344us total 32.920ms
08-06 05:07:49.273 18717 18730 I art     : Starting a blocking GC Explicit
08-06 05:07:49.305 18717 18730 I art     : Explicit concurrent mark sweep GC freed 3(96B) AllocSpace objects, 0(0B) LOS objects, 36% free, 27MB/43MB, paused 336us total 31.847ms
08-06 05:07:49.319 18717 18730 I art     : Starting a blocking GC Explicit
08-06 05:07:49.352 18717 18730 I art     : Explicit concurrent mark sweep GC freed 3(96B) AllocSpace objects, 0(0B) LOS objects, 36% free, 27MB/43MB, paused 386us total 33.549ms
08-06 05:07:49.648 18717 19192 I art     : Starting a blocking GC Explicit
08-06 05:07:49.682 18717 19192 I art     : Explicit concurrent mark sweep GC freed 1548(92KB) AllocSpace objects, 1(20KB) LOS objects, 36% free, 27MB/43MB, paused 342us total 33.191ms
08-06 05:07:49.696 18717 19192 I art     : Starting a blocking GC Explicit
08-06 05:07:49.729 18717 19192 I art     : Explicit concurrent mark sweep GC freed 28(1024B) AllocSpace objects, 0(0B) LOS objects, 36% free, 27MB/43MB, paused 353us total 33.367ms
08-06 05:07:49.742 18717 19192 I art     : Starting a blocking GC Explicit
08-06 05:07:49.774 18717 19192 I art     : Explicit concurrent mark sweep GC freed 3(96B) AllocSpace objects, 0(0B) LOS objects, 36% free, 27MB/43MB, paused 329us total 31.105ms
08-06 05:07:49.787 18717 19192 I art     : Starting a blocking GC Explicit
08-06 05:07:49.818 18717 19192 I art     : Explicit concurrent mark sweep GC freed 3(96B) AllocSpace objects, 0(0B) LOS objects, 36% free, 27MB/43MB, paused 323us total 31.520ms
08-06 05:07:49.831 18717 19192 I art     : Starting a blocking GC Explicit
08-06 05:07:49.862 18717 19192 I art     : Explicit concurrent mark sweep GC freed 3(96B) AllocSpace objects, 0(0B) LOS objects, 36% free, 27MB/43MB, paused 326us total 31.011ms
08-06 05:07:50.036 20085 20085 D AndroidRuntime: >>>>>> START com.android.internal.os.RuntimeInit uid 2000 <<<<<<
08-06 05:07:50.041 20085 20085 D AndroidRuntime: CheckJNI is OFF
08-06 05:07:50.074 20085 20085 D ICU     : No timezone override file found: /data/misc/zoneinfo/current/icu/icu_tzdata.dat
08-06 05:07:50.106 20085 20085 I Radio-JNI: register_android_hardware_Radio DONE
08-06 05:07:50.127 20085 20085 D AndroidRuntime: Calling main entry com.android.commands.input.Input
08-06 05:07:50.129 20085 20085 I Input   : injectKeyEvent: KeyEvent { action=ACTION_DOWN, keyCode=KEYCODE_BACK, scanCode=0, metaState=0, flags=0x0, repeatCount=0, eventTime=853686542, downTime=853686542, deviceId=-1, source=0x101 }
08-06 05:07:50.134 20085 20085 I Input   : injectKeyEvent: KeyEvent { action=ACTION_UP, keyCode=KEYCODE_BACK, scanCode=0, metaState=0, flags=0x0, repeatCount=0, eventTime=853686542, downTime=853686542, deviceId=-1, source=0x101 }
08-06 05:07:50.141 18717 18717 D NappaLifecycleObserver: nappatfpr.org.quantumbadger.redreader.activities.PostListingActivity - onPause
08-06 05:07:50.141 18717 18717 D Nappa   : Stayed on nappatfpr.org.quantumbadger.redreader.activities.PostListingActivity for 1677 ms
08-06 05:07:50.143 20085 20085 D AndroidRuntime: Shutting down VM
08-06 05:07:50.147 18717 18717 D NappaLifecycleObserver: nappatfpr.org.quantumbadger.redreader.activities.MainActivity - onResume
08-06 05:07:50.147 18717 18717 D Nappa   : setCurrentActivity - MetricStrategyAccuracy - 
08-06 05:07:50.147 18717 18717 D Nappa   : madePredictionFromActivity = false, 
08-06 05:07:50.147 18717 18717 D Nappa   : fromActivity = nappatfpr.org.quantumbadger.redreader.activities.PostListingActivity, 
08-06 05:07:50.147 18717 18717 D Nappa   : predictedNextActivityFromActivity = [], 
08-06 05:07:50.147 18717 18717 D Nappa   : activity.getClass().getCanonicalName() = nappatfpr.org.quantumbadger.redreader.activities.MainActivity, 
08-06 05:07:50.147 18717 18717 D Nappa   : setCurrentActivity - MetricStrategyAccuracy - 
08-06 05:07:50.147 18717 18717 D Nappa   : madePredictionFromExtra = false, 
08-06 05:07:50.147 18717 18717 D Nappa   : fromActivity = nappatfpr.org.quantumbadger.redreader.activities.PostListingActivity, 
08-06 05:07:50.147 18717 18717 D Nappa   : predictedNextActivityFromExtra = [], 
08-06 05:07:50.147 18717 18717 D Nappa   : activity.getClass().getCanonicalName() = nappatfpr.org.quantumbadger.redreader.activities.MainActivity, 
08-06 05:07:50.147 18717 18717 D Nappa   : PREFETCH_ON_EXTRA - setCurrentActivity - logs - from activity - made prediction isfalse
08-06 05:07:50.169 18717 18728 I art     : Starting a blocking GC Explicit
08-06 05:07:50.202 18717 18728 I art     : Explicit concurrent mark sweep GC freed 1711(106KB) AllocSpace objects, 1(20KB) LOS objects, 36% free, 27MB/43MB, paused 373us total 32.790ms
08-06 05:07:50.215 18717 18728 I art     : Starting a blocking GC Explicit
08-06 05:07:50.248 18717 18717 D Nappa   : registerActivity: (already in) nappatfpr.org.quantumbadger.redreader.activities.MainActivity
08-06 05:07:50.248 18717 18717 D ActivityGraph: LARDataCalculatedUpdate nappatfpr.org.quantumbadger.redreader.activities.MainActivity Pagerank: 0.25 HITS-Authority: 1.0 HITS-Hub: 1.0 SALSA-Authority: 1.0 SALSA-Hub: 1.0
08-06 05:07:50.248 18717 18717 D Nappa   : SHOULD_PREFETCH false
08-06 05:07:50.248 18717 18717 D Nappa   : STATS Number of requests not prefetched: 6
08-06 05:07:50.248 18717 18717 D Nappa   : STATS Number of requests prefetched: 0
08-06 05:07:50.248 18717 18717 D Nappa   : STATS Time saved until now: 0.0
08-06 05:07:50.248 18717 18728 I art     : Explicit concurrent mark sweep GC freed 42(1552B) AllocSpace objects, 0(0B) LOS objects, 36% free, 27MB/43MB, paused 419us total 32.956ms
08-06 05:07:50.266 18717 18728 I art     : Starting a blocking GC Explicit
08-06 05:07:50.277 18717 18717 D ActivityNode: Observer - visit time - PostListingActivity - New aggregate visit time found is 250790 ms
08-06 05:07:50.278 18717 18717 D ActivityNode: Observer - successor visit time - MainActivity - Updating the visit time from the successors list:
08-06 05:07:50.278 18717 18717 D ActivityNode: [AggregateVisitTimeByActivity{nappatfpr.org.quantumbadger.redreader.activities.PostListingActivity : 141934 ms}]
08-06 05:07:50.278 18717 18717 D ActivityNode: Observer - successor visit time - PostListingActivity - Updating the visit time from the successors list:
08-06 05:07:50.278 18717 18717 D ActivityNode: [AggregateVisitTimeByActivity{nappatfpr.org.quantumbadger.redreader.activities.CommentListingActivity : 205295 ms}, AggregateVisitTimeByActivity{nappatfpr.org.quantumbadger.redreader.activities.WebViewActivity : 72375 ms}, AggregateVisitTimeByActivity{nappatfpr.org.quantumbadger.redreader.activities.ImageViewActivity : 5017 ms}]
08-06 05:07:50.278 18717 18717 D ActivityNode: Observer - successor visit time - ImageViewActivity - Updating the visit time from the successors list:
08-06 05:07:50.278 18717 18717 D ActivityNode: [AggregateVisitTimeByActivity{nappatfpr.org.quantumbadger.redreader.activities.WebViewActivity : 20603 ms}]
08-06 05:07:50.279 13866 13866 I GoogleInputMethodServic: GoogleInputMethodService.onFinishInput():3138 
08-06 05:07:50.279 13866 13866 I GoogleInputMethodServic: GoogleInputMethodService.onStartInput():1808 
08-06 05:07:50.295 18717 18728 I art     : Explicit concurrent mark sweep GC freed 374(30KB) AllocSpace objects, 0(0B) LOS objects, 36% free, 27MB/43MB, paused 409us total 28.427ms
08-06 05:07:50.308 18717 18728 I art     : Starting a blocking GC Explicit
08-06 05:07:50.338 18717 18728 I art     : Explicit concurrent mark sweep GC freed 245(8KB) AllocSpace objects, 0(0B) LOS objects, 36% free, 27MB/43MB, paused 402us total 30.159ms
08-06 05:07:50.352 18717 18728 I art     : Starting a blocking GC Explicit
08-06 05:07:50.378 18717 18728 I art     : Explicit concurrent mark sweep GC freed 18(592B) AllocSpace objects, 0(0B) LOS objects, 36% free, 27MB/43MB, paused 288us total 26.441ms
08-06 05:07:50.548 18717 18739 D Nappa   : PREFETCH_ON_EXTRA - setCurrentActivity - logs - from extra - made prediction isfalse
08-06 05:07:50.577 18717 18717 D NappaLifecycleObserver: nappatfpr.org.quantumbadger.redreader.activities.PostListingActivity - onDestroy
08-06 05:07:50.578 18717 18717 D NappaLifecycleObserver: -------------F1_SCORE #10 -----------
08-06 05:07:50.578 18717 18717 D NappaLifecycleObserver: F1_SCORE - Intercept list (5)= [https://oauth.reddit.com/r/askscience/about.json, https://oauth.reddit.com/r/askscience/hot/.json, https://oauth.reddit.com/comments/gvc7k9/.json?sort=confidence, https://oauth.reddit.com/comments/hwnhe2/.json?sort=confidence, https://oauth.reddit.com/comments/hza888/.json?sort=confidence]
08-06 05:07:50.578 18717 18717 D NappaLifecycleObserver: F1_SCORE - Prefetch list (0)= []
08-06 05:07:50.578 18717 18717 D NappaLifecycleObserver: F1_SCORE - TP list (0)= []
08-06 05:07:50.578 18717 18717 D NappaLifecycleObserver: F1_SCORE - FN list (5)= [https://oauth.reddit.com/r/askscience/about.json, https://oauth.reddit.com/r/askscience/hot/.json, https://oauth.reddit.com/comments/gvc7k9/.json?sort=confidence, https://oauth.reddit.com/comments/hwnhe2/.json?sort=confidence, https://oauth.reddit.com/comments/hza888/.json?sort=confidence]
08-06 05:07:50.578 18717 18717 I NAPPA_EXPERIMENTATION: MetricPrefetchingAccuracy: LOG_ID='11',F1_SCORE_1='0.0',F1_SCORE_2='0.0',TRUE_POSITIVE='0',FALSE_POSITIVE='0',FALSE_NEGATIVE='5',
08-06 05:07:50.636 18717 18730 I art     : Starting a blocking GC Explicit
08-06 05:07:50.666 18717 18730 I art     : Explicit concurrent mark sweep GC freed 1701(115KB) AllocSpace objects, 1(20KB) LOS objects, 36% free, 27MB/43MB, paused 354us total 30.583ms
08-06 05:07:50.679 18717 18730 I art     : Starting a blocking GC Explicit
08-06 05:07:50.711 18717 18730 I art     : Explicit concurrent mark sweep GC freed 158(7KB) AllocSpace objects, 0(0B) LOS objects, 36% free, 27MB/43MB, paused 351us total 31.475ms
08-06 05:07:50.724 18717 18730 I art     : Starting a blocking GC Explicit
08-06 05:07:50.756 18717 18730 I art     : Explicit concurrent mark sweep GC freed 3(96B) AllocSpace objects, 0(0B) LOS objects, 36% free, 27MB/43MB, paused 393us total 32.123ms
08-06 05:07:50.769 18717 18730 I art     : Starting a blocking GC Explicit
08-06 05:07:50.802 18717 18730 I art     : Explicit concurrent mark sweep GC freed 3(96B) AllocSpace objects, 0(0B) LOS objects, 36% free, 27MB/43MB, paused 379us total 32.355ms
08-06 05:07:50.815 18717 18730 I art     : Starting a blocking GC Explicit
08-06 05:07:50.848 18717 18730 I art     : Explicit concurrent mark sweep GC freed 3(96B) AllocSpace objects, 0(0B) LOS objects, 36% free, 27MB/43MB, paused 393us total 32.655ms
08-06 05:07:51.121 18717 19192 I art     : Starting a blocking GC Explicit
08-06 05:07:51.163 18717 19192 I art     : Explicit concurrent mark sweep GC freed 1553(97KB) AllocSpace objects, 1(20KB) LOS objects, 36% free, 27MB/43MB, paused 365us total 42.250ms
08-06 05:07:51.177 18717 19192 I art     : Starting a blocking GC Explicit
08-06 05:07:51.209 18717 19192 I art     : Explicit concurrent mark sweep GC freed 28(1024B) AllocSpace objects, 0(0B) LOS objects, 36% free, 27MB/43MB, paused 367us total 32.212ms
08-06 05:07:51.222 18717 19192 I art     : Starting a blocking GC Explicit
08-06 05:07:51.256 18717 19192 I art     : Explicit concurrent mark sweep GC freed 3(96B) AllocSpace objects, 0(0B) LOS objects, 36% free, 27MB/43MB, paused 355us total 33.249ms
08-06 05:07:51.269 18717 19192 I art     : Starting a blocking GC Explicit
08-06 05:07:51.302 18717 19192 I art     : Explicit concurrent mark sweep GC freed 3(96B) AllocSpace objects, 0(0B) LOS objects, 36% free, 27MB/43MB, paused 358us total 32.319ms
08-06 05:07:51.315 18717 19192 I art     : Starting a blocking GC Explicit
08-06 05:07:51.349 18717 19192 I art     : Explicit concurrent mark sweep GC freed 3(96B) AllocSpace objects, 0(0B) LOS objects, 36% free, 27MB/43MB, paused 345us total 33.502ms
08-06 05:07:51.625   518   646 I ThermalEngine: ACTION: GPU - Setting GPU[0] to 450000000
08-06 05:07:51.632 18717 18821 I art     : Starting a blocking GC Explicit
08-06 05:07:51.678 18717 18821 I art     : Explicit concurrent mark sweep GC freed 1546(92KB) AllocSpace objects, 1(20KB) LOS objects, 36% free, 27MB/43MB, paused 510us total 46.380ms
08-06 05:07:51.696 18717 18821 I art     : Starting a blocking GC Explicit
08-06 05:07:51.739 18717 18821 I art     : Explicit concurrent mark sweep GC freed 28(1024B) AllocSpace objects, 0(0B) LOS objects, 36% free, 27MB/43MB, paused 503us total 42.927ms
08-06 05:07:51.757 18717 18821 I art     : Starting a blocking GC Explicit
08-06 05:07:51.800 18717 18821 I art     : Explicit concurrent mark sweep GC freed 3(96B) AllocSpace objects, 0(0B) LOS objects, 36% free, 27MB/43MB, paused 469us total 42.885ms
08-06 05:07:51.817 18717 18821 I art     : Starting a blocking GC Explicit
08-06 05:07:51.859 20143 20143 D AndroidRuntime: >>>>>> START com.android.internal.os.RuntimeInit uid 2000 <<<<<<
08-06 05:07:51.860 18717 18821 I art     : Explicit concurrent mark sweep GC freed 3(96B) AllocSpace objects, 0(0B) LOS objects, 36% free, 27MB/43MB, paused 510us total 42.413ms
08-06 05:07:51.865 20143 20143 D AndroidRuntime: CheckJNI is OFF
08-06 05:07:51.877 18717 18821 I art     : Starting a blocking GC Explicit
08-06 05:07:51.911 20143 20143 D ICU     : No timezone override file found: /data/misc/zoneinfo/current/icu/icu_tzdata.dat
08-06 05:07:51.918 18717 18821 I art     : Explicit concurrent mark sweep GC freed 3(96B) AllocSpace objects, 0(0B) LOS objects, 36% free, 27MB/43MB, paused 506us total 40.664ms
08-06 05:07:51.957 20143 20143 I Radio-JNI: register_android_hardware_Radio DONE
08-06 05:07:51.986 20143 20143 D AndroidRuntime: Calling main entry com.android.commands.input.Input
08-06 05:07:51.989 20143 20143 I Input   : injectMotionEvent: MotionEvent { action=ACTION_DOWN, actionButton=0, id[0]=0, x[0]=600.0, y[0]=1536.0, toolType[0]=TOOL_TYPE_UNKNOWN, buttonState=0, metaState=0, flags=0x0, edgeFlags=0x0, pointerCount=1, historySize=0, eventTime=853688401, downTime=853688401, deviceId=0, source=0x1002 }
08-06 05:07:51.994 20143 20143 I Input   : injectMotionEvent: MotionEvent { action=ACTION_UP, actionButton=0, id[0]=0, x[0]=600.0, y[0]=1536.0, toolType[0]=TOOL_TYPE_UNKNOWN, buttonState=0, metaState=0, flags=0x0, edgeFlags=0x0, pointerCount=1, historySize=0, eventTime=853688401, downTime=853688401, deviceId=0, source=0x1002 }
08-06 05:07:51.995 20143 20143 D AndroidRuntime: Shutting down VM
08-06 05:07:52.000 18717 18717 D NappaIntentExtras: ==================
08-06 05:07:52.000 18717 18717 D NappaIntentExtras: Log #8
08-06 05:07:52.000 18717 18717 D NappaIntentExtras: ------------------
08-06 05:07:52.000 18717 18717 D NappaIntentExtras: activity nappatfpr.org.quantumbadger.redreader.activities.ImageViewActivity
08-06 05:07:52.000 18717 18717 D NappaIntentExtras: 	- No extras registered
08-06 05:07:52.000 18717 18717 D NappaIntentExtras: activity nappatfpr.org.quantumbadger.redreader.activities.CommentListingActivity
08-06 05:07:52.000   512  2967 D audio_hw_primary: out_set_parameters: enter: usecase(1: low-latency-playback) kvpairs: routing=2
08-06 05:07:52.000 18717 18717 D NappaIntentExtras: 	- No extras registered
08-06 05:07:52.000 18717 18717 D NappaIntentExtras: activity nappatfpr.org.quantumbadger.redreader.activities.PostListingActivity
08-06 05:07:52.000 18717 18717 D NappaIntentExtras: 	- No extras registered
08-06 05:07:52.000 18717 18717 D NappaIntentExtras: activity nappatfpr.org.quantumbadger.redreader.activities.MainActivity
08-06 05:07:52.000 18717 18717 D NappaIntentExtras: 	- No extras registered
08-06 05:07:52.000 18717 18717 D NappaIntentExtras: activity nappatfpr.org.quantumbadger.redreader.activities.WebViewActivity
08-06 05:07:52.000 18717 18717 D NappaIntentExtras: 	- No extras registered
08-06 05:07:52.000 18717 18717 D NappaIntentExtras: ==================
08-06 05:07:52.001   918  5952 I ActivityManager: START u0 {dat=https://oauth.reddit.com/... cmp=nappatfpr.org.quantumbadger.redreader/.activities.PostListingActivity} from uid 10708 on display 0
08-06 05:07:52.012 18717 18717 D NappaLifecycleObserver: nappatfpr.org.quantumbadger.redreader.activities.MainActivity - onPause
08-06 05:07:52.012 18717 18717 D Nappa   : Stayed on nappatfpr.org.quantumbadger.redreader.activities.MainActivity for 1764 ms
08-06 05:07:52.013   512  2967 D audio_hw_primary: select_devices: out_snd_device(2: speaker) in_snd_device(0: none)
08-06 05:07:52.013   512  2967 D msm8974_platform: platform_send_audio_calibration: sending audio calibration for snd_device(2) acdb_id(15)
08-06 05:07:52.013   512  2967 I soundtrigger: audio_extn_sound_trigger_update_device_status: device 0x2 of type 0 for Event 1
08-06 05:07:52.024   512  2967 D audio_hw_primary: enable_snd_device: snd_device(2: speaker)
08-06 05:07:52.027   512  2967 D audio_hw_primary: enable_audio_route: apply and update mixer path: low-latency-playback speaker
08-06 05:07:52.031 18717 18717 I AppCompatViewInflater: app:theme is now deprecated. Please move to using android:theme instead.
08-06 05:07:52.048 18717 18717 D NappaLifecycleObserver: nappatfpr.org.quantumbadger.redreader.activities.PostListingActivity - onResume
08-06 05:07:52.048 18717 18717 D Nappa   : setCurrentActivity - MetricStrategyAccuracy - 
08-06 05:07:52.048 18717 18717 D Nappa   : madePredictionFromActivity = false, 
08-06 05:07:52.048 18717 18717 D Nappa   : fromActivity = nappatfpr.org.quantumbadger.redreader.activities.MainActivity, 
08-06 05:07:52.048 18717 18717 D Nappa   : predictedNextActivityFromActivity = [], 
08-06 05:07:52.048 18717 18717 D Nappa   : activity.getClass().getCanonicalName() = nappatfpr.org.quantumbadger.redreader.activities.PostListingActivity, 
08-06 05:07:52.048 18717 18717 D Nappa   : setCurrentActivity - MetricStrategyAccuracy - 
08-06 05:07:52.048 18717 18717 D Nappa   : madePredictionFromExtra = false, 
08-06 05:07:52.048 18717 18717 D Nappa   : fromActivity = nappatfpr.org.quantumbadger.redreader.activities.MainActivity, 
08-06 05:07:52.048 18717 18717 D Nappa   : predictedNextActivityFromExtra = [], 
08-06 05:07:52.048 18717 18717 D Nappa   : activity.getClass().getCanonicalName() = nappatfpr.org.quantumbadger.redreader.activities.PostListingActivity, 
08-06 05:07:52.048 18717 18717 D Nappa   : PREFETCH_ON_EXTRA - setCurrentActivity - logs - from activity - made prediction isfalse
08-06 05:07:52.053 18717 20167 D OK      : calling: https://oauth.reddit.com/r/askscience/about.json
08-06 05:07:52.053 18717 20167 D CustomInterceptor: NETWORK-PROVIDER https://oauth.reddit.com/r/askscience/about.json
08-06 05:07:52.053 18717 20167 D Nappa   : F1_SCORE add_intercept_url - (already in) - https://oauth.reddit.com/r/askscience/about.json
08-06 05:07:52.053 18717 20167 D Nappa   : F1_SCORE add_fn_url - (already in) - https://oauth.reddit.com/r/askscience/about.json
08-06 05:07:52.053 18717 20167 D Nappa   : -------------F1_SCORE #11 -----------
08-06 05:07:52.053 18717 20167 D Nappa   : F1_SCORE - Intercept list (5)= [https://oauth.reddit.com/r/askscience/about.json, https://oauth.reddit.com/r/askscience/hot/.json, https://oauth.reddit.com/comments/gvc7k9/.json?sort=confidence, https://oauth.reddit.com/comments/hwnhe2/.json?sort=confidence, https://oauth.reddit.com/comments/hza888/.json?sort=confidence]
08-06 05:07:52.054 18717 20167 D Nappa   : F1_SCORE - Prefetch list (0)= []
08-06 05:07:52.054 18717 20167 D Nappa   : F1_SCORE - TP list (0)= []
08-06 05:07:52.054 18717 20167 D Nappa   : F1_SCORE - FN list (5)= [https://oauth.reddit.com/r/askscience/about.json, https://oauth.reddit.com/r/askscience/hot/.json, https://oauth.reddit.com/comments/gvc7k9/.json?sort=confidence, https://oauth.reddit.com/comments/hwnhe2/.json?sort=confidence, https://oauth.reddit.com/comments/hza888/.json?sort=confidence]
08-06 05:07:52.054 18717 20167 I NAPPA_EXPERIMENTATION: MetricPrefetchingAccuracy: LOG_ID='12',F1_SCORE_1='0.0',F1_SCORE_2='0.0',TRUE_POSITIVE='0',FALSE_POSITIVE='0',FALSE_NEGATIVE='5',
08-06 05:07:52.054 18717 20167 D CustomInterceptor: HEADER REQUEST
08-06 05:07:52.054 18717 20167 D CustomInterceptor: Authorization bearer -vv7wE75CCVZuUmgJJFxR34x-bqc
08-06 05:07:52.054 18717 20167 D CustomInterceptor: Cache-Control max-age=300, max-stale=300
08-06 05:07:52.054 18717 20167 D CustomInterceptor: User-Agent nappatfpr.org.quantumbadger.redreader/1.9.10
08-06 05:07:52.054 18717 20167 D CustomInterceptor: CACHED STATS: size = '5', maxSize = '100', hitCount = '5', createCount = '0', putCount = '5', evictionCount = '0', missCount = '6', toString = 'LruCache[maxSize=100,hits=5,misses=6,hitRate=45%]', 
08-06 05:07:52.054 18717 20167 D CustomInterceptor: PREFLIB GET REQUEST https://oauth.reddit.com/r/askscience/about.json
08-06 05:07:52.054 18717 20167 D CustomInterceptor: PREFLIB found https://oauth.reddit.com/r/askscience/about.json, sending it back
08-06 05:07:52.055 18717 20167 D CustomInterceptor: CONTENT {"kind": "t5", "data": {"user_flair_background_color": null, "submit_text_html": "&lt;!-- SC_OFF --&gt;&lt;div class=\"md\"&gt;&lt;h2&gt;Please state your question succinctly in the title and include a question mark.&lt;/h2&gt;\n\n&lt;h2&gt;All submissions are placed in the spam filter for moderator review, so please be patient.&lt;/h2&gt;\n\n&lt;h2&gt;Is the answer to your question a number? Then you most likely want to post to &lt;a href=\"/r/estimation\"&gt;/r/estimation&lt;/a&gt; or &lt;a href=\"/r/theydidthemath\"&gt;/r/theydidthemath&lt;/a&gt;&lt;/h2&gt;\n\n&lt;h1&gt;&lt;a href=\"http://www.reddit.com/r/askscience/wiki/index#wiki_asking_askscience\"&gt;Read our rules and guidelines before asking your question.&lt;/a&gt;&lt;/h1&gt;\n\n&lt;p&gt;Use the &lt;a href=\"http://www.reddit.com/r/askscience/search\"&gt;reddit search function&lt;/a&gt; and google &amp;#39;site:reddit.com&lt;a href=\"/r/askscience\"&gt;/r/askscience&lt;/a&gt;: search terms&amp;#39; before posting in order to avoid repeat questions.&lt;/p&gt;\n\n&lt;p&gt;&lt;strong&gt;Instructions for flairing your post:&lt;/strong&gt;&lt;/p&gt;\n\n&lt;p&gt;Once you click &amp;quot;submit,&amp;quot; there will be an option that is highlighted in yellow under the post that says &amp;quot;Please Click This To Categorize Your Post.&amp;quot; Once you click it, a menu will pop up and you will be able to choose what field your question falls under.&lt;/p&gt;\n\n&lt;p&gt;Thanks for asking your question in AskScience! :)&lt;/p&gt;\n&lt;/div&gt;&lt;!-- SC_ON --&gt;", "restrict_posting": true, "user_is_banned": null, "free_form_reports": true, "wiki_enabled": true, "user_is_muted": null, "user_can_flair_in_sr": null, "display_name": "askscience", "header_img": "https://a.thumbs.redditmedia.com/KtS37yyOy-MnvMyMfKgjib6M07bHEZMAUu5lCIkEF40.png", "title": "AskScience: Got Questions? Get Answers.", "allow_galleries": true, "icon_size": [256, 256], "primary_color": "#373c3f", "active_user_count": 8781, "icon_img": "https://b.thumbs.redditmedia.com/VXukRtebQAtdj6BUMLlOjCh3XnLH9_oScHxsDJ-vsio.png", "display_name_prefixed": "r/askscience", "accounts_active": 8781, "public_traffic": false, "subscribers": 19438631, "user_flair_richtext": [], "name": "t5_2qm4e", "quarantine": false, "hide_ads": false, "emojis_enabled": false, "advertiser_category": "Lifestyles", "public_description": "Ask a science question, get a science answer.", "comment_score_hide_mins": 360, "user_has_favorited": null, "user_flair_template_id": null, "community_icon": "", "banner_background_image": "https://styles.redditmedia.com/t5_2qm4e/styles/bannerBackgroundImage_ht6xxd9rylf01.png?width=4000&amp;s=50a3be97fb21f1ebe05b65d0069c12ad49e21e99", "original_content_tag_enabled": false, "submit_text": "##Please state your question succinctly in the title and include a question mark.\n\n##All submissions are placed in the spam filter for moderator review, so please be patient.\n\n##Is the answer to your question a number? Then you most likely want to post to /r/estimation or /r/theydidthemath\n\n#[Read our rules and guidelines before asking your question.](http://www.reddit.com/r/askscience/wiki/index#wiki_asking_askscience)\n\nUse the [reddit search function](http://www.reddit.com/r/askscience/search) and google 'site:reddit.com/r/askscience: search terms' before posting in order to avoid repeat questions.\n\n**Instructions for flairing your post:**\n\nOnce you click \"submit,\" there will be an option that is highlighted in yellow under the post that says \"Please Click This To Categorize Your Post.\" Once you click it, a menu will pop up and you will be able to choose what field your question falls under.\n\nThanks for asking your question in AskScience! :)", "description_html": "&lt;!-- SC_OFF --&gt;&lt;div class=\"md\"&gt;&lt;h3&gt;Please read our &lt;a href=\"http://goo.gl/NZf5gP\"&gt;&lt;strong&gt;guidelines&lt;/strong&gt;&lt;/a&gt; and &lt;a href=\"http://goo.gl/hfiJiJ\"&gt;&lt;strong&gt;FAQ&lt;/strong&gt;&lt;/a&gt; before posting&lt;/h3&gt;\n\n&lt;ul&gt;\n&lt;
08-06 05:07:52.055 18717 20167 D CustomInterceptor: interceptor_finished : return_type #2 : request served from cache
08-06 05:07:52.056 18717 20167 I NAPPA_EXPERIMENTATION: MetricNetworkRequestExecutionTime: REQUEST_DURATION_SYSTEM='3',REQUEST_DURATION_OKHTTP='0',REQUEST_SYNCHRONOUS='TRUE',RESPONSE_CODE='200',RESPONSE_METHOD='GET',RESPONSE_LENGTH_OKHTTP='19957',RESPONSE_LENGTH_HEADER='-2',REQUEST_PROTOCOL='http/1.1',REQUEST_URL='https://oauth.reddit.com/r/askscience/about.json',
08-06 05:07:52.056 18717 20167 D OK      : request got status: 200
08-06 05:07:52.148 18717 18717 D Nappa   : registerActivity: (already in) nappatfpr.org.quantumbadger.redreader.activities.PostListingActivity
08-06 05:07:52.149 18717 18717 D ActivityNode: ACTNODE UPDATING AFTER LOADING FROM DB
08-06 05:07:52.149 18717 18717 D ActivityGraph: LARDataCalculatedUpdate nappatfpr.org.quantumbadger.redreader.activities.PostListingActivity Pagerank: 0.25 HITS-Authority: 1.0 HITS-Hub: 1.0 SALSA-Authority: 1.0 SALSA-Hub: 1.0
08-06 05:07:52.149 18717 18717 D Nappa   : SHOULD_PREFETCH true
08-06 05:07:52.153 18717 18739 D Nappa   : registerActivity: (already in) nappatfpr.org.quantumbadger.redreader.activities.PostListingActivity
08-06 05:07:52.154 18717 18739 D Nappa   : PARENTS 
08-06 05:07:52.154 18717 18739 D Nappa   : Of: nappatfpr.org.quantumbadger.redreader.activities.PostListingActivity -> 
08-06 05:07:52.154 18717 18739 D Nappa   : PARENTS nappatfpr.org.quantumbadger.redreader.activities.MainActivity
08-06 05:07:52.200 18717 18728 I art     : Starting a blocking GC Explicit
08-06 05:07:52.244 18717 18728 I art     : Explicit concurrent mark sweep GC freed 3649(343KB) AllocSpace objects, 7(276KB) LOS objects, 36% free, 27MB/43MB, paused 539us total 43.941ms
08-06 05:07:52.249 18717 18717 D Nappa   : registerActivity: (already in) nappatfpr.org.quantumbadger.redreader.activities.PostListingActivity
08-06 05:07:52.250 18717 18717 D Nappa   : SUCCESSORS nappatfpr.org.quantumbadger.redreader.activities.WebViewActivity
08-06 05:07:52.250 18717 18717 D Nappa   : SUCCESSORS nappatfpr.org.quantumbadger.redreader.activities.CommentListingActivity
08-06 05:07:52.250 18717 18717 D Nappa   : SUCCESSORS nappatfpr.org.quantumbadger.redreader.activities.ImageViewActivity
08-06 05:07:52.250 18717 18717 D Nappa   : STATS Number of requests not prefetched: 6
08-06 05:07:52.250 18717 18717 D Nappa   : STATS Number of requests prefetched: 1
08-06 05:07:52.250 18717 18717 D Nappa   : STATS Time saved until now: 0.144
08-06 05:07:52.267 18717 18728 I art     : Starting a blocking GC Explicit
08-06 05:07:52.304 18717 18728 I art     : Explicit concurrent mark sweep GC freed 612(34KB) AllocSpace objects, 0(0B) LOS objects, 36% free, 27MB/43MB, paused 437us total 36.795ms
08-06 05:07:52.324 18717 18728 I art     : Starting a blocking GC Explicit
08-06 05:07:52.343 18717 18717 D ActivityNode: Observer - visit time - MainActivity - New aggregate visit time found is 76506 ms
08-06 05:07:52.343 18717 18717 D ActivityNode: Observer - successor visit time - PostListingActivity - Updating the visit time from the successors list:
08-06 05:07:52.343 18717 18717 D ActivityNode: [AggregateVisitTimeByActivity{nappatfpr.org.quantumbadger.redreader.activities.CommentListingActivity : 205295 ms}, AggregateVisitTimeByActivity{nappatfpr.org.quantumbadger.redreader.activities.WebViewActivity : 72375 ms}, AggregateVisitTimeByActivity{nappatfpr.org.quantumbadger.redreader.activities.ImageViewActivity : 5017 ms}]
08-06 05:07:52.344 18717 18717 D ActivityNode: Observer - successor visit time - MainActivity - Updating the visit time from the successors list:
08-06 05:07:52.344 18717 18717 D ActivityNode: [AggregateVisitTimeByActivity{nappatfpr.org.quantumbadger.redreader.activities.PostListingActivity : 141934 ms}]
08-06 05:07:52.344 18717 18717 D ActivityNode: Observer - successor visit time - ImageViewActivity - Updating the visit time from the successors list:
08-06 05:07:52.344 18717 18717 D ActivityNode: [AggregateVisitTimeByActivity{nappatfpr.org.quantumbadger.redreader.activities.WebViewActivity : 20603 ms}]
08-06 05:07:52.348   918   936 I ActivityManager: Displayed nappatfpr.org.quantumbadger.redreader/.activities.PostListingActivity: +335ms
08-06 05:07:52.350 13866 13866 I GoogleInputMethodServic: GoogleInputMethodService.onFinishInput():3138 
08-06 05:07:52.350 18717 18717 D ActivityNode: Observer - session data - sourceMainActivity
08-06 05:07:52.350 18717 18717 D ActivityNode: destinations:
08-06 05:07:52.350 18717 18717 D ActivityNode: 	nappatfpr.org.quantumbadger.redreader.activities.PostListingActivity( count 26)
08-06 05:07:52.350 18717 18717 D ActivityNode: Observer - session data - sourceCommentListingActivity
08-06 05:07:52.350 18717 18717 D ActivityNode: destinations:
08-06 05:07:52.350 13866 13866 I GoogleInputMethodServic: GoogleInputMethodService.onStartInput():1808 
08-06 05:07:52.351 18717 18717 D ActivityNode: Observer - session data - sourcePostListingActivity
08-06 05:07:52.351 18717 18717 D ActivityNode: destinations:
08-06 05:07:52.351 18717 18717 D ActivityNode: 	nappatfpr.org.quantumbadger.redreader.activities.CommentListingActivity( count 45)
08-06 05:07:52.351 18717 18717 D ActivityNode: 	nappatfpr.org.quantumbadger.redreader.activities.WebViewActivity( count 12)
08-06 05:07:52.351 18717 18717 D ActivityNode: 	nappatfpr.org.quantumbadger.redreader.activities.ImageViewActivity( count 4)
08-06 05:07:52.351 18717 18717 D ActivityNode: Observer - session data - sourceWebViewActivity
08-06 05:07:52.351 18717 18717 D ActivityNode: destinations:
08-06 05:07:52.351 18717 18717 D ActivityNode: Observer - session data - sourceImageViewActivity
08-06 05:07:52.351 18717 18717 D ActivityNode: destinations:
08-06 05:07:52.351 18717 18717 D ActivityNode: 	nappatfpr.org.quantumbadger.redreader.activities.WebViewActivity( count 4)
08-06 05:07:52.361 18717 18728 I art     : Explicit concurrent mark sweep GC freed 1444(83KB) AllocSpace objects, 0(0B) LOS objects, 36% free, 27MB/43MB, paused 577us total 36.758ms
08-06 05:07:52.379 18717 18728 I art     : Starting a blocking GC Explicit
08-06 05:07:52.416 18717 18728 I art     : Explicit concurrent mark sweep GC freed 601(29KB) AllocSpace objects, 0(0B) LOS objects, 36% free, 27MB/43MB, paused 426us total 36.186ms
08-06 05:07:52.432 18717 18728 I art     : Starting a blocking GC Explicit
08-06 05:07:52.448 18717 18739 D Nappa   : PREFETCH_ON_EXTRA - setCurrentActivity - logs - from extra - made prediction isfalse
08-06 05:07:52.468 18717 18728 I art     : Explicit concurrent mark sweep GC freed 39(1968B) AllocSpace objects, 0(0B) LOS objects, 36% free, 27MB/43MB, paused 442us total 35.243ms
08-06 05:07:52.558   512  2967 D audio_hw_primary: disable_audio_route: reset and update mixer path: low-latency-playback speaker
08-06 05:07:52.559   512  2967 D audio_hw_primary: disable_snd_device: snd_device(2: speaker)
08-06 05:07:52.568   512  2967 I soundtrigger: audio_extn_sound_trigger_update_device_status: device 0x2 of type 0 for Event 0
08-06 05:07:52.580   380   380 W SurfaceFlinger: couldn't log to binary event log: overflow.
08-06 05:07:52.750 18717 18739 D Nappa   : PREFETCH_ON_EXTRA - setCurrentActivity - starting new prediction
08-06 05:07:52.750 18717 18739 D Nappa   : Current node - currentActivityName - nappatfpr.org.quantumbadger.redreader.activities.PostListingActivity
08-06 05:07:52.750 18717 18739 D Nappa   : Current node - activityGraph.getCurrent() - nappatfpr.org.quantumbadger.redreader.activities.PostListingActivity
08-06 05:07:52.752 18717 18739 I NAPPA_EXPERIMENTATION: MetricNappaPrefetchingStrategyExecutionTime: STRATEGY_CLASS='TfprPrefetchingStrategy',DURATION='1552552',NUMBER_OF_URLS='0',NUMBER_OF_SELECTED_CHILDREN_NODES='1',NUMBER_OF_CHILDREN_NODES='3',STRATEGY_RUN_SUCCESSFULLY='True',
08-06 05:07:52.752 18717 18739 D TfprPrefetchingStrategy: ==================================
08-06 05:07:52.752 18717 18739 D TfprPrefetchingStrategy: Starting Run #7
08-06 05:07:52.752 18717 18739 D TfprPrefetchingStrategy: ----------------------------------
08-06 05:07:52.752 18717 18739 D TfprPrefetchingStrategy: Node data PostListingActivity 
08-06 05:07:52.752 18717 18739 D TfprPrefetchingStrategy: 	Successors:
08-06 05:07:52.752 18717 18739 D TfprPrefetchingStrategy: 		WebViewActivity (0 hits)
08-06 05:07:52.752 18717 18739 D TfprPrefetchingStrategy: 		CommentListingActivity (5 hits)
08-06 05:07:52.752 18717 18739 D TfprPrefetchingStrategy: 		ImageViewActivity (0 hits)
08-06 05:07:52.752 18717 18739 D TfprPrefetchingStrategy: 	Ancestors:
08-06 05:07:52.752 18717 18739 D TfprPrefetchingStrategy: 		MainActivity (0 hits)
08-06 05:07:52.752 18717 18739 D TfprPrefetchingStrategy: 
08-06 05:07:52.753 18717 18739 D TfprPrefetchingStrategy: MetricStrategyAccuracy inc execution count7 | act = true; extra = false
08-06 05:07:52.753 18717 18739 D TfprPrefetchingStrategy: ===
08-06 05:07:52.753 18717 18739 D TfprPrefetchingStrategy: calculateVisitTimeScores
08-06 05:07:52.753 18717 18739 D TfprPrefetchingStrategy: -------- Node CommentListingActivity-----------
08-06 05:07:52.753 18717 18739 D TfprPrefetchingStrategy: tfprNode.aggregateVisitTime = 205295
08-06 05:07:52.753 18717 18739 D TfprPrefetchingStrategy: tfprNode.totalAggregateVisitTimeFromSuccessors = 0
08-06 05:07:52.753 18717 18739 D TfprPrefetchingStrategy: tfprNode.aggregateVisitTimeFromSuccessors = {}
08-06 05:07:52.753 18717 18739 D TfprPrefetchingStrategy: -------- Node ImageViewActivity-----------
08-06 05:07:52.753 18717 18739 D TfprPrefetchingStrategy: tfprNode.aggregateVisitTime = 5017
08-06 05:07:52.753 18717 18739 D TfprPrefetchingStrategy: tfprNode.totalAggregateVisitTimeFromSuccessors = 20603
08-06 05:07:52.753 18717 18739 D TfprPrefetchingStrategy: tfprNode.aggregateVisitTimeFromSuccessors = {nappatfpr.org.quantumbadger.redreader.activities.WebViewActivity=20603}
08-06 05:07:52.753 18717 18739 D TfprPrefetchingStrategy: -------- Node WebViewActivity-----------
08-06 05:07:52.753 18717 18739 D TfprPrefetchingStrategy: tfprNode.aggregateVisitTime = 92978
08-06 05:07:52.753 18717 18739 D TfprPrefetchingStrategy: tfprNode.totalAggregateVisitTimeFromSuccessors = 0
08-06 05:07:52.753 18717 18739 D TfprPrefetchingStrategy: tfprNode.aggregateVisitTimeFromSuccessors = {}
08-06 05:07:52.753 18717 18739 D TfprPrefetchingStrategy: -------- Node PostListingActivity-----------
08-06 05:07:52.753 18717 18739 D TfprPrefetchingStrategy: tfprNode.aggregateVisitTime = 250790
08-06 05:07:52.753 18717 18739 D TfprPrefetchingStrategy: tfprNode.totalAggregateVisitTimeFromSuccessors = 282687
08-06 05:07:52.753 18717 18739 D TfprPrefetchingStrategy: tfprNode.aggregateVisitTimeFromSuccessors = {nappatfpr.org.quantumbadger.redreader.activities.ImageViewActivity=5017, nappatfpr.org.quantumbadger.redreader.activities.WebViewActivity=72375, nappatfpr.org.quantumbadger.redreader.activities.CommentListingActivity=205295}
08-06 05:07:52.753 18717 18739 D TfprPrefetchingStrategy: -------- Graph -----------
08-06 05:07:52.753 18717 18739 D TfprPrefetchingStrategy: tfprGraph.aggregateVisitTimeFromSuccessors = 554080
08-06 05:07:52.753 18717 18739 D TfprPrefetchingStrategy: ===
08-06 05:07:52.753 18717 18739 D TfprPrefetchingStrategy: ===
08-06 05:07:52.753 18717 18739 D TfprPrefetchingStrategy: runTfprAlgorithm
08-06 05:07:52.754 18717 18739 D TfprPrefetchingStrategy: ------------- TFPR calculation #1 of 10 -----------
08-06 05:07:52.754 18717 18739 D TfprPrefetchingStrategy: node CommentListingActivity score = 0.31493783
08-06 05:07:52.754 18717 18739 D TfprPrefetchingStrategy: node ImageViewActivity score = 0.007696452
08-06 05:07:52.754 18717 18739 D TfprPrefetchingStrategy: node WebViewActivity score = 0.14378965
08-06 05:07:52.754 18717 18739 D TfprPrefetchingStrategy: node PostListingActivity score = 0.38473055
08-06 05:07:52.754 18717 18739 D TfprPrefetchingStrategy: ------------- TFPR calculation #2 of 10 -----------
08-06 05:07:52.754 18717 18739 D TfprPrefetchingStrategy: node CommentListingActivity score = 0.3568481
08-06 05:07:52.754 18717 18739 D TfprPrefetchingStrategy: node ImageViewActivity score = 0.008720655
08-06 05:07:52.754 18717 18739 D TfprPrefetchingStrategy: node WebViewActivity score = 0.15871839
08-06 05:07:52.754 18717 18739 D TfprPrefetchingStrategy: node PostListingActivity score = 0.38473055
08-06 05:07:52.754 18717 18739 D TfprPrefetchingStrategy: ------------- TFPR calculation #3 of 10 -----------
08-06 05:07:52.754 18717 18739 D TfprPrefetchingStrategy: node CommentListingActivity score = 0.3568481
08-06 05:07:52.754 18717 18739 D TfprPrefetchingStrategy: node ImageViewActivity score = 0.008720655
08-06 05:07:52.754 18717 18739 D TfprPrefetchingStrategy: node WebViewActivity score = 0.15871839
08-06 05:07:52.754 18717 18739 D TfprPrefetchingStrategy: node PostListingActivity score = 0.38473055
08-06 05:07:52.754 18717 18739 D TfprPrefetchingStrategy: ------------- TFPR calculation #4 of 10 -----------
08-06 05:07:52.754 18717 18739 D TfprPrefetchingStrategy: node CommentListingActivity score = 0.3568481
08-06 05:07:52.754 18717 18739 D TfprPrefetchingStrategy: node ImageViewActivity score = 0.008720655
08-06 05:07:52.754 18717 18739 D TfprPrefetchingStrategy: node WebViewActivity score = 0.15871839
08-06 05:07:52.754 18717 18739 D TfprPrefetchingStrategy: node PostListingActivity score = 0.38473055
08-06 05:07:52.754 18717 18739 D TfprPrefetchingStrategy: ------------- TFPR calculation #5 of 10 -----------
08-06 05:07:52.754 18717 18739 D TfprPrefetchingStrategy: node CommentListingActivity score = 0.3568481
08-06 05:07:52.754 18717 18739 D TfprPrefetchingStrategy: node ImageViewActivity score = 0.008720655
08-06 05:07:52.754 18717 18739 D TfprPrefetchingStrategy: node WebViewActivity score = 0.15871839
08-06 05:07:52.754 18717 18739 D TfprPrefetchingStrategy: node PostListingActivity score = 0.38473055
08-06 05:07:52.754 18717 18739 D TfprPrefetchingStrategy: ------------- TFPR calculation #6 of 10 -----------
08-06 05:07:52.755 18717 18739 D TfprPrefetchingStrategy: node CommentListingActivity score = 0.3568481
08-06 05:07:52.755 18717 18739 D TfprPrefetchingStrategy: node ImageViewActivity score = 0.008720655
08-06 05:07:52.755 18717 18739 D TfprPrefetchingStrategy: node WebViewActivity score = 0.15871839
08-06 05:07:52.755 18717 18739 D TfprPrefetchingStrategy: node PostListingActivity score = 0.38473055
08-06 05:07:52.755 18717 18739 D TfprPrefetchingStrategy: ------------- TFPR calculation #7 of 10 -----------
08-06 05:07:52.755 18717 18739 D TfprPrefetchingStrategy: node CommentListingActivity score = 0.3568481
08-06 05:07:52.755 18717 18739 D TfprPrefetchingStrategy: node ImageViewActivity score = 0.008720655
08-06 05:07:52.755 18717 18739 D TfprPrefetchingStrategy: node WebViewActivity score = 0.15871839
08-06 05:07:52.755 18717 18739 D TfprPrefetchingStrategy: node PostListingActivity score = 0.38473055
08-06 05:07:52.755 18717 18739 D TfprPrefetchingStrategy: ------------- TFPR calculation #8 of 10 -----------
08-06 05:07:52.755 18717 18739 D TfprPrefetchingStrategy: node CommentListingActivity score = 0.3568481
08-06 05:07:52.755 18717 18739 D TfprPrefetchingStrategy: node ImageViewActivity score = 0.008720655
08-06 05:07:52.755 18717 18739 D TfprPrefetchingStrategy: node WebViewActivity score = 0.15871839
08-06 05:07:52.755 18717 18739 D TfprPrefetchingStrategy: node PostListingActivity score = 0.38473055
08-06 05:07:52.755 18717 18739 D TfprPrefetchingStrategy: ------------- TFPR calculation #9 of 10 -----------
08-06 05:07:52.755 18717 18739 D TfprPrefetchingStrategy: node CommentListingActivity score = 0.3568481
08-06 05:07:52.755 18717 18739 D TfprPrefetchingStrategy: node ImageViewActivity score = 0.008720655
08-06 05:07:52.755 18717 18739 D TfprPrefetchingStrategy: node WebViewActivity score = 0.15871839
08-06 05:07:52.755 18717 18739 D TfprPrefetchingStrategy: node PostListingActivity score = 0.38473055
08-06 05:07:52.755 18717 18739 D TfprPrefetchingStrategy: ------------- TFPR calculation #10 of 10 -----------
08-06 05:07:52.755 18717 18739 D TfprPrefetchingStrategy: node CommentListingActivity score = 0.3568481
08-06 05:07:52.755 18717 18739 D TfprPrefetchingStrategy: node ImageViewActivity score = 0.008720655
08-06 05:07:52.755 18717 18739 D TfprPrefetchingStrategy: node WebViewActivity score = 0.15871839
08-06 05:07:52.755 18717 18739 D TfprPrefetchingStrategy: node PostListingActivity score = 0.38473055
08-06 05:07:52.755 18717 18739 D TfprPrefetchingStrategy: ===
08-06 05:07:52.755 18717 18739 D TfprPrefetchingStrategy: ===
08-06 05:07:52.755 18717 18739 D TfprPrefetchingStrategy: getSuccessorListSortByTfprScore
08-06 05:07:52.756 18717 18739 D TfprPrefetchingStrategy: Successors before the sort [TfprNode{WebViewActivity : TFPR = 0.15871839}, TfprNode{CommentListingActivity : TFPR = 0.3568481}, TfprNode{ImageViewActivity : TFPR = 0.008720655}]
08-06 05:07:52.756 18717 18739 D TfprPrefetchingStrategy: Successors sorted by highest to lowest score (N2 - N1 comparator) are [TfprNode{CommentListingActivity : TFPR = 0.3568481}, TfprNode{WebViewActivity : TFPR = 0.15871839}, TfprNode{ImageViewActivity : TFPR = 0.008720655}]
08-06 05:07:52.756 18717 18739 D TfprPrefetchingStrategy: Selected the following nodes:
08-06 05:07:52.756 18717 18739 D TfprPrefetchingStrategy: #1 - CommentListingActivity with score 0.3568481
08-06 05:07:52.756 18717 18739 D TfprPrefetchingStrategy: successors with high score = [CommentListingActivity 
08-06 05:07:52.756 18717 18739 D TfprPrefetchingStrategy: 	Successors:
08-06 05:07:52.756 18717 18739 D TfprPrefetchingStrategy: 
08-06 05:07:52.756 18717 18739 D TfprPrefetchingStrategy: 	Ancestors:
08-06 05:07:52.756 18717 18739 D TfprPrefetchingStrategy: 		PostListingActivity (0 hits)
08-06 05:07:52.756 18717 18739 D TfprPrefetchingStrategy: 
08-06 05:07:52.756 18717 18739 D TfprPrefetchingStrategy: ]
08-06 05:07:52.756 18717 18739 D TfprPrefetchingStrategy: ===
08-06 05:07:52.756 18717 18739 D TfprPrefetchingStrategy: Selected node CommentListingActivity containing the URLS []
08-06 05:07:52.756 18717 18739 D TfprPrefetchingStrategy: Next visited child will be [nappatfpr.org.quantumbadger.redreader.activities.CommentListingActivity]
08-06 05:07:52.756 18717 18739 D TfprPrefetchingStrategy: ==================================
08-06 05:07:52.756 18717 18739 D Nappa   : PREFETCH_ON_EXTRA - setCurrentActivity - finished new prediction
08-06 05:07:52.768 18717 18821 I art     : Starting a blocking GC Explicit
08-06 05:07:52.806 18717 18821 I art     : Explicit concurrent mark sweep GC freed 2721(168KB) AllocSpace objects, 1(20KB) LOS objects, 36% free, 27MB/43MB, paused 467us total 37.499ms
08-06 05:07:52.823 18717 18821 I art     : Starting a blocking GC Explicit
08-06 05:07:52.861 18717 18821 I art     : Explicit concurrent mark sweep GC freed 28(1024B) AllocSpace objects, 0(0B) LOS objects, 36% free, 27MB/43MB, paused 468us total 37.874ms
08-06 05:07:52.878 18717 18821 I art     : Starting a blocking GC Explicit
08-06 05:07:52.917 18717 18821 I art     : Explicit concurrent mark sweep GC freed 3(96B) AllocSpace objects, 0(0B) LOS objects, 36% free, 27MB/43MB, paused 595us total 39.512ms
08-06 05:07:52.934 18717 18821 I art     : Starting a blocking GC Explicit
08-06 05:07:52.974 18717 18821 I art     : Explicit concurrent mark sweep GC freed 3(96B) AllocSpace objects, 0(0B) LOS objects, 36% free, 27MB/43MB, paused 478us total 39.027ms
08-06 05:07:52.991 18717 18821 I art     : Starting a blocking GC Explicit
