08-03 17:33:48.034  7026  7026 D ActivityGraph: LARDataCalculatedUpdate nappagreedy.org.quantumbadger.redreader.activities.PostListingActivity Pagerank: 0.25 HITS-Authority: 1.0 HITS-Hub: 1.0 SALSA-Authority: 1.0 SALSA-Hub: 1.0
08-03 17:33:48.034  7026  7026 D Nappa   : SHOULD_PREFETCH false
08-03 17:33:48.034  7026  7026 D Nappa   : STATS Number of requests not prefetched: 6
08-03 17:33:48.034  7026  7026 D Nappa   : STATS Number of requests prefetched: 0
08-03 17:33:48.034  7026  7026 D Nappa   : STATS Time saved until now: 0.0
08-03 17:33:48.048  7026  7056 I art     : Starting a blocking GC Explicit
08-03 17:33:48.064  7026  7026 D ActivityNode: Observer - visit time - CommentListingActivity - New aggregate visit time found is 11514 ms
08-03 17:33:48.065 13866 13866 I GoogleInputMethodServic: GoogleInputMethodService.onFinishInput():3138 
08-03 17:33:48.066 13866 13866 I GoogleInputMethodServic: GoogleInputMethodService.onStartInput():1808 
08-03 17:33:48.082  7026  7056 I art     : Explicit concurrent mark sweep GC freed 264(13KB) AllocSpace objects, 0(0B) LOS objects, 35% free, 28MB/44MB, paused 428us total 34.398ms
08-03 17:33:48.096  7026  7056 I art     : Starting a blocking GC Explicit
08-03 17:33:48.131  7026  7056 I art     : Explicit concurrent mark sweep GC freed 148(5KB) AllocSpace objects, 0(0B) LOS objects, 35% free, 28MB/44MB, paused 381us total 34.649ms
08-03 17:33:48.145  7026  7056 I art     : Starting a blocking GC Explicit
08-03 17:33:48.178  7026  7056 I art     : Explicit concurrent mark sweep GC freed 10(336B) AllocSpace objects, 0(0B) LOS objects, 35% free, 28MB/44MB, paused 363us total 32.825ms
08-03 17:33:48.192  7026  7056 I art     : Starting a blocking GC Explicit
08-03 17:33:48.236  7026  7056 I art     : Explicit concurrent mark sweep GC freed 3(96B) AllocSpace objects, 0(0B) LOS objects, 35% free, 28MB/44MB, paused 427us total 44.114ms
08-03 17:33:48.334  7026  7051 D Nappa   : PREFETCH_ON_EXTRA - setCurrentActivity - logs - from extra - made prediction isfalse
08-03 17:33:48.371  7026  7026 D NappaLifecycleObserver: nappagreedy.org.quantumbadger.redreader.activities.CommentListingActivity - onDestroy
08-03 17:33:48.372  7026  7026 D NappaLifecycleObserver: -------------F1_SCORE #7 -----------
08-03 17:33:48.372  7026  7026 D NappaLifecycleObserver: F1_SCORE - Intercept list (5)= [https://oauth.reddit.com/r/askscience/about.json, https://oauth.reddit.com/r/askscience/hot/.json, https://oauth.reddit.com/comments/gvc7k9/.json?sort=confidence, https://oauth.reddit.com/comments/hwnhe2/.json?sort=confidence, https://oauth.reddit.com/comments/hza888/.json?sort=confidence]
08-03 17:33:48.372  7026  7026 D NappaLifecycleObserver: F1_SCORE - Prefetch list (0)= []
08-03 17:33:48.372   380   380 W SurfaceFlinger: couldn't log to binary event log: overflow.
08-03 17:33:48.372  7026  7026 D NappaLifecycleObserver: F1_SCORE - TP list (0)= []
08-03 17:33:48.372  7026  7026 D NappaLifecycleObserver: F1_SCORE - FN list (5)= [https://oauth.reddit.com/r/askscience/about.json, https://oauth.reddit.com/r/askscience/hot/.json, https://oauth.reddit.com/comments/gvc7k9/.json?sort=confidence, https://oauth.reddit.com/comments/hwnhe2/.json?sort=confidence, https://oauth.reddit.com/comments/hza888/.json?sort=confidence]
08-03 17:33:48.372  7026  7026 I NAPPA_EXPERIMENTATION: MetricPrefetchingAccuracy: LOG_ID='8',F1_SCORE_1='0.0',F1_SCORE_2='0.0',TRUE_POSITIVE='0',FALSE_POSITIVE='0',FALSE_NEGATIVE='5',
08-03 17:33:48.516  7026  7056 I art     : Starting a blocking GC Explicit
08-03 17:33:48.556  7026  7056 I art     : Explicit concurrent mark sweep GC freed 1685(115KB) AllocSpace objects, 1(20KB) LOS objects, 35% free, 28MB/44MB, paused 407us total 39.642ms
08-03 17:33:48.570  5179  5194 D QcrilMsgTunnelSocket: readRilMessage: Buffer = [B@671e81d HexData = [010000000404000011000000514f454d484f4f4bef0308000100000003]
08-03 17:33:48.570  5179  5194 D QcrilMsgTunnelSocket: Rcvd UNSOL response with 28 bytes data for SUB0
08-03 17:33:48.570  5179  5194 D QcrilMsgTunnelSocket: Response ID 525295 is not served in this process.
08-03 17:33:48.570  5179  5194 D QcrilMsgTunnelSocket: To broadcast an Intent via the notifier to external apps
08-03 17:33:48.570  5179  5179 D QcrilMsgTunnelIfaceManager: handleMessage what = 0
08-03 17:33:48.570  5179  5179 D QcrilMsgTunnelIfaceManager: Broadcasting intent ACTION_UNSOL_RESPONSE_OEM_HOOK_RAW
08-03 17:33:48.571  7026  7056 I art     : Starting a blocking GC Explicit
08-03 17:33:48.573  5164  5164 D QC_RIL_OEM_HOOK: Received Broadcast Intent ACTION_UNSOL_RESPONSE_OEM_HOOK_RAW
08-03 17:33:48.573  5164  5164 D QC_RIL_OEM_HOOK: Oem ID in QCRILHOOK UNSOL RESP is QOEMHOOK
08-03 17:33:48.605  7026  7056 I art     : Explicit concurrent mark sweep GC freed 23014(1248KB) AllocSpace objects, 5(164KB) LOS objects, 36% free, 27MB/43MB, paused 409us total 33.858ms
08-03 17:33:48.619  7026  7056 I art     : Starting a blocking GC Explicit
08-03 17:33:48.650  7026  7056 I art     : Explicit concurrent mark sweep GC freed 3(96B) AllocSpace objects, 0(0B) LOS objects, 36% free, 27MB/43MB, paused 414us total 31.296ms
08-03 17:33:48.664  7026  7056 I art     : Starting a blocking GC Explicit
08-03 17:33:48.696  7026  7056 I art     : Explicit concurrent mark sweep GC freed 3(96B) AllocSpace objects, 0(0B) LOS objects, 36% free, 27MB/43MB, paused 406us total 31.771ms
08-03 17:33:48.710  7026  7056 I art     : Starting a blocking GC Explicit
08-03 17:33:48.742  7026  7056 I art     : Explicit concurrent mark sweep GC freed 3(96B) AllocSpace objects, 0(0B) LOS objects, 36% free, 27MB/43MB, paused 403us total 32ms
08-03 17:33:48.996   918  3261 D WifiStateMachine: starting scan for "H369AA63323"WPA_PSK with 2412,5180
08-03 17:33:49.043  7026  7039 I art     : Starting a blocking GC Explicit
08-03 17:33:49.082  7026  7039 I art     : Explicit concurrent mark sweep GC freed 1546(93KB) AllocSpace objects, 1(20KB) LOS objects, 36% free, 27MB/43MB, paused 416us total 38.509ms
08-03 17:33:49.095  7026  7039 I art     : Starting a blocking GC Explicit
08-03 17:33:49.128  7026  7039 I art     : Explicit concurrent mark sweep GC freed 28(1024B) AllocSpace objects, 0(0B) LOS objects, 36% free, 27MB/43MB, paused 446us total 31.944ms
08-03 17:33:49.141  7026  7039 I art     : Starting a blocking GC Explicit
08-03 17:33:49.172  7026  7039 I art     : Explicit concurrent mark sweep GC freed 3(96B) AllocSpace objects, 0(0B) LOS objects, 36% free, 27MB/43MB, paused 428us total 30.982ms
08-03 17:33:49.186  7026  7039 I art     : Starting a blocking GC Explicit
08-03 17:33:49.218  7026  7039 I art     : Explicit concurrent mark sweep GC freed 3(96B) AllocSpace objects, 0(0B) LOS objects, 36% free, 27MB/43MB, paused 426us total 31.117ms
08-03 17:33:49.231  7026  7039 I art     : Starting a blocking GC Explicit
08-03 17:33:49.261  7026  7039 I art     : Explicit concurrent mark sweep GC freed 3(96B) AllocSpace objects, 0(0B) LOS objects, 36% free, 27MB/43MB, paused 486us total 30.205ms
08-03 17:33:49.547  7026  7330 I art     : Starting a blocking GC Explicit
08-03 17:33:49.570  8180  8180 D AndroidRuntime: >>>>>> START com.android.internal.os.RuntimeInit uid 2000 <<<<<<
08-03 17:33:49.574  8180  8180 D AndroidRuntime: CheckJNI is OFF
08-03 17:33:49.580  7026  7330 I art     : Explicit concurrent mark sweep GC freed 1542(92KB) AllocSpace objects, 1(20KB) LOS objects, 36% free, 27MB/43MB, paused 472us total 32.608ms
08-03 17:33:49.594  7026  7330 I art     : Starting a blocking GC Explicit
08-03 17:33:49.610  8180  8180 D ICU     : No timezone override file found: /data/misc/zoneinfo/current/icu/icu_tzdata.dat
08-03 17:33:49.624  7026  7330 I art     : Explicit concurrent mark sweep GC freed 28(1024B) AllocSpace objects, 0(0B) LOS objects, 36% free, 27MB/43MB, paused 414us total 30.294ms
08-03 17:33:49.638  7026  7330 I art     : Starting a blocking GC Explicit
08-03 17:33:49.645  8180  8180 I Radio-JNI: register_android_hardware_Radio DONE
08-03 17:33:49.667  8180  8180 D AndroidRuntime: Calling main entry com.android.commands.input.Input
08-03 17:33:49.668  7026  7330 I art     : Explicit concurrent mark sweep GC freed 3(96B) AllocSpace objects, 0(0B) LOS objects, 36% free, 27MB/43MB, paused 452us total 29.930ms
08-03 17:33:49.669  8180  8180 I Input   : injectMotionEvent: MotionEvent { action=ACTION_DOWN, actionButton=0, id[0]=0, x[0]=600.0, y[0]=950.0, toolType[0]=TOOL_TYPE_UNKNOWN, buttonState=0, metaState=0, flags=0x0, edgeFlags=0x0, pointerCount=1, historySize=0, eventTime=639246082, downTime=639246082, deviceId=0, source=0x1002 }
08-03 17:33:49.676  8180  8180 I Input   : injectMotionEvent: MotionEvent { action=ACTION_UP, actionButton=0, id[0]=0, x[0]=600.0, y[0]=950.0, toolType[0]=TOOL_TYPE_UNKNOWN, buttonState=0, metaState=0, flags=0x0, edgeFlags=0x0, pointerCount=1, historySize=0, eventTime=639246082, downTime=639246082, deviceId=0, source=0x1002 }
08-03 17:33:49.679  8180  8180 D AndroidRuntime: Shutting down VM
08-03 17:33:49.681  7026  7330 I art     : Starting a blocking GC Explicit
08-03 17:33:49.694   512  2967 D audio_hw_primary: out_set_parameters: enter: usecase(1: low-latency-playback) kvpairs: routing=2
08-03 17:33:49.696  7026  7026 D NappaIntentExtras: ==================
08-03 17:33:49.696  7026  7026 D NappaIntentExtras: Log #6
08-03 17:33:49.697  7026  7026 D NappaIntentExtras: ------------------
08-03 17:33:49.697  7026  7026 D NappaIntentExtras: activity nappagreedy.org.quantumbadger.redreader.activities.CommentListingActivity
08-03 17:33:49.697  7026  7026 D NappaIntentExtras: 	- No extras registered
08-03 17:33:49.697  7026  7026 D NappaIntentExtras: activity nappagreedy.org.quantumbadger.redreader.activities.MainActivity
08-03 17:33:49.697  7026  7026 D NappaIntentExtras: 	- No extras registered
08-03 17:33:49.697  7026  7026 D NappaIntentExtras: activity nappagreedy.org.quantumbadger.redreader.activities.PostListingActivity
08-03 17:33:49.697  7026  7026 D NappaIntentExtras: 	- No extras registered
08-03 17:33:49.697  7026  7026 D NappaIntentExtras: ==================
08-03 17:33:49.697   918  6111 I ActivityManager: START u0 {dat=https://oauth.reddit.com/... cmp=nappagreedy.org.quantumbadger.redreader/.activities.CommentListingActivity} from uid 10632 on display 0
08-03 17:33:49.704  7026  7026 D NappaLifecycleObserver: nappagreedy.org.quantumbadger.redreader.activities.PostListingActivity - onPause
08-03 17:33:49.704  7026  7026 D Nappa   : Stayed on nappagreedy.org.quantumbadger.redreader.activities.PostListingActivity for 1669 ms
08-03 17:33:49.707   512  2967 D audio_hw_primary: select_devices: out_snd_device(2: speaker) in_snd_device(0: none)
08-03 17:33:49.707   512  2967 D msm8974_platform: platform_send_audio_calibration: sending audio calibration for snd_device(2) acdb_id(15)
08-03 17:33:49.707   512  2967 I soundtrigger: audio_extn_sound_trigger_update_device_status: device 0x2 of type 0 for Event 1
08-03 17:33:49.711  7026  7330 I art     : Explicit concurrent mark sweep GC freed 286(13KB) AllocSpace objects, 0(0B) LOS objects, 36% free, 27MB/43MB, paused 612us total 29.098ms
08-03 17:33:49.719   512  2967 D audio_hw_primary: enable_snd_device: snd_device(2: speaker)
08-03 17:33:49.721   512  2967 D audio_hw_primary: enable_audio_route: apply and update mixer path: low-latency-playback speaker
08-03 17:33:49.725  7026  7026 I AppCompatViewInflater: app:theme is now deprecated. Please move to using android:theme instead.
08-03 17:33:49.725  7026  7330 I art     : Starting a blocking GC Explicit
08-03 17:33:49.740  7026  7026 D NappaLifecycleObserver: nappagreedy.org.quantumbadger.redreader.activities.CommentListingActivity - onResume
08-03 17:33:49.740  7026  7026 D Nappa   : setCurrentActivity - MetricStrategyAccuracy - 
08-03 17:33:49.740  7026  7026 D Nappa   : madePredictionFromActivity = false, 
08-03 17:33:49.740  7026  7026 D Nappa   : fromActivity = nappagreedy.org.quantumbadger.redreader.activities.PostListingActivity, 
08-03 17:33:49.740  7026  7026 D Nappa   : predictedNextActivityFromActivity = [], 
08-03 17:33:49.740  7026  7026 D Nappa   : activity.getClass().getCanonicalName() = nappagreedy.org.quantumbadger.redreader.activities.CommentListingActivity, 
08-03 17:33:49.740  7026  7026 D Nappa   : setCurrentActivity - MetricStrategyAccuracy - 
08-03 17:33:49.740  7026  7026 D Nappa   : madePredictionFromExtra = false, 
08-03 17:33:49.740  7026  7026 D Nappa   : fromActivity = nappagreedy.org.quantumbadger.redreader.activities.PostListingActivity, 
08-03 17:33:49.740  7026  7026 D Nappa   : predictedNextActivityFromExtra = [], 
08-03 17:33:49.740  7026  7026 D Nappa   : activity.getClass().getCanonicalName() = nappagreedy.org.quantumbadger.redreader.activities.CommentListingActivity, 
08-03 17:33:49.740  7026  7026 D Nappa   : PREFETCH_ON_EXTRA - setCurrentActivity - logs - from activity - made prediction isfalse
08-03 17:33:49.743  7026  7637 I CommentListingActivity: COMMENTS session changed to 119c48e7-812c-47f6-98fe-926107876e02
08-03 17:33:49.755  7026  7330 I art     : Explicit concurrent mark sweep GC freed 3078(321KB) AllocSpace objects, 0(0B) LOS objects, 36% free, 27MB/43MB, paused 586us total 29.914ms
08-03 17:33:49.841  7026  7026 D Nappa   : registerActivity: (already in) nappagreedy.org.quantumbadger.redreader.activities.CommentListingActivity
08-03 17:33:49.841  7026  7026 D ActivityNode: ACTNODE UPDATING AFTER LOADING FROM DB
08-03 17:33:49.841  7026  7026 D ActivityGraph: LARDataCalculatedUpdate nappagreedy.org.quantumbadger.redreader.activities.CommentListingActivity Pagerank: 0.25 HITS-Authority: 1.0 HITS-Hub: 1.0 SALSA-Authority: 1.0 SALSA-Hub: 1.0
08-03 17:33:49.841  7026  7026 D Nappa   : SHOULD_PREFETCH true
08-03 17:33:49.941  7026  7026 D Nappa   : registerActivity: (already in) nappagreedy.org.quantumbadger.redreader.activities.CommentListingActivity
08-03 17:33:49.942  7026  7026 D Nappa   : STATS Number of requests not prefetched: 6
08-03 17:33:49.942  7026  7026 D Nappa   : STATS Number of requests prefetched: 0
08-03 17:33:49.942  7026  7026 D Nappa   : STATS Time saved until now: 0.0
08-03 17:33:49.967  7026  7026 D ActivityNode: Observer - visit time - PostListingActivity - New aggregate visit time found is 10557 ms
08-03 17:33:50.006  7026  7039 I art     : Starting a blocking GC Explicit
08-03 17:33:50.027  7026  7026 D ActivityNode: Observer - session data - sourceMainActivity
08-03 17:33:50.027  7026  7026 D ActivityNode: destinations:
08-03 17:33:50.027  7026  7026 D ActivityNode: 	nappagreedy.org.quantumbadger.redreader.activities.PostListingActivity( count 1)
08-03 17:33:50.027  7026  7026 D ActivityNode: Observer - session data - sourceCommentListingActivity
08-03 17:33:50.027  7026  7026 D ActivityNode: destinations:
08-03 17:33:50.027  7026  7026 D ActivityNode: Observer - session data - sourcePostListingActivity
08-03 17:33:50.027  7026  7026 D ActivityNode: destinations:
08-03 17:33:50.027  7026  7026 D ActivityNode: 	nappagreedy.org.quantumbadger.redreader.activities.CommentListingActivity( count 4)
08-03 17:33:50.041  7026  7039 I art     : Explicit concurrent mark sweep GC freed 5277(279KB) AllocSpace objects, 3(52KB) LOS objects, 36% free, 27MB/43MB, paused 836us total 34.680ms
08-03 17:33:50.055  7026  7039 I art     : Starting a blocking GC Explicit
08-03 17:33:50.079   918   936 I ActivityManager: Displayed nappagreedy.org.quantumbadger.redreader/.activities.CommentListingActivity: +374ms
08-03 17:33:50.084 13866 13866 I GoogleInputMethodServic: GoogleInputMethodService.onFinishInput():3138 
08-03 17:33:50.087 13866 13866 I GoogleInputMethodServic: GoogleInputMethodService.onStartInput():1808 
08-03 17:33:50.089  7026  7039 I art     : Explicit concurrent mark sweep GC freed 486(20KB) AllocSpace objects, 0(0B) LOS objects, 36% free, 27MB/43MB, paused 710us total 33.284ms
08-03 17:33:50.104  7026  7039 I art     : Starting a blocking GC Explicit
08-03 17:33:50.138  7026  7039 I art     : Explicit concurrent mark sweep GC freed 88(3KB) AllocSpace objects, 0(0B) LOS objects, 36% free, 27MB/43MB, paused 379us total 34.220ms
08-03 17:33:50.141  7026  7051 D Nappa   : PREFETCH_ON_EXTRA - setCurrentActivity - logs - from extra - made prediction isfalse
08-03 17:33:50.151  7026  7039 I art     : Starting a blocking GC Explicit
08-03 17:33:50.170  7026  8073 I RedditChangeDataIO: Writing tmp data file at '/data/user/0/nappagreedy.org.quantumbadger.redreader/files/rr_change_data_tmp.dat'
08-03 17:33:50.170  7026  8073 I RedditChangeDataManager: Taking snapshot...
08-03 17:33:50.170  7026  8073 I RedditChangeDataManager: Writing to stream...
08-03 17:33:50.171  7026  8073 I RedditChangeDataManager: Wrote 3 entries for user ''
08-03 17:33:50.171  7026  8073 I RedditChangeDataManager: All entries written to stream.
08-03 17:33:50.171  7026  8073 I RedditChangeDataIO: Write successful. Atomically replacing data file...
08-03 17:33:50.171  7026  8073 I RedditChangeDataIO: Write complete.
08-03 17:33:50.171  7026  8073 I RedditChangeDataIO: 86 bytes written in 1 ms
08-03 17:33:50.181  7026  7039 I art     : Explicit concurrent mark sweep GC freed 84(5KB) AllocSpace objects, 1(68KB) LOS objects, 36% free, 27MB/43MB, paused 371us total 29.616ms
08-03 17:33:50.194  7026  7039 I art     : Starting a blocking GC Explicit
08-03 17:33:50.225  7026  7039 I art     : Explicit concurrent mark sweep GC freed 14(656B) AllocSpace objects, 0(0B) LOS objects, 36% free, 27MB/43MB, paused 452us total 31.254ms
08-03 17:33:50.261   512  2967 D audio_hw_primary: disable_audio_route: reset and update mixer path: low-latency-playback speaker
08-03 17:33:50.262   512  2967 D audio_hw_primary: disable_snd_device: snd_device(2: speaker)
08-03 17:33:50.271   512  2967 I soundtrigger: audio_extn_sound_trigger_update_device_status: device 0x2 of type 0 for Event 0
08-03 17:33:50.341   380   380 W SurfaceFlinger: couldn't log to binary event log: overflow.
08-03 17:33:50.442  7026  7051 D Nappa   : PREFETCH_ON_EXTRA - setCurrentActivity - starting new prediction
08-03 17:33:50.442  7026  7051 D Nappa   : Current node - currentActivityName - nappagreedy.org.quantumbadger.redreader.activities.CommentListingActivity
08-03 17:33:50.442  7026  7051 D Nappa   : Current node - activityGraph.getCurrent() - nappagreedy.org.quantumbadger.redreader.activities.CommentListingActivity
08-03 17:33:50.442  7026  7051 I NAPPA_EXPERIMENTATION: MetricNappaPrefetchingStrategyExecutionTime: STRATEGY_CLASS='GreedyPrefetchingStrategyOnVisitFrequencyAndTime',DURATION='59271',NUMBER_OF_URLS='0',NUMBER_OF_SELECTED_CHILDREN_NODES='0',NUMBER_OF_CHILDREN_NODES='0',STRATEGY_RUN_SUCCESSFULLY='True',
08-03 17:33:50.442  7026  7051 D GreedyPrefetchingStrategyOnVisitFrequencyAndTime: ==================================
08-03 17:33:50.442  7026  7051 D GreedyPrefetchingStrategyOnVisitFrequencyAndTime: Starting Run #5
08-03 17:33:50.443  7026  7051 D GreedyPrefetchingStrategyOnVisitFrequencyAndTime: ----------------------------------
08-03 17:33:50.443  7026  7051 D GreedyPrefetchingStrategyOnVisitFrequencyAndTime: Node data CommentListingActivity 
08-03 17:33:50.443  7026  7051 D GreedyPrefetchingStrategyOnVisitFrequencyAndTime: 	Successors:
08-03 17:33:50.443  7026  7051 D GreedyPrefetchingStrategyOnVisitFrequencyAndTime: 
08-03 17:33:50.443  7026  7051 D GreedyPrefetchingStrategyOnVisitFrequencyAndTime: 	Ancestors:
08-03 17:33:50.443  7026  7051 D GreedyPrefetchingStrategyOnVisitFrequencyAndTime: 		PostListingActivity (1 hits)
08-03 17:33:50.443  7026  7051 D GreedyPrefetchingStrategyOnVisitFrequencyAndTime: 
08-03 17:33:50.443  7026  7051 D GreedyPrefetchingStrategyOnVisitFrequencyAndTime: MetricStrategyAccuracy inc execution count5 | act = true; extra = false
08-03 17:33:50.443  7026  7051 D GreedyPrefetchingStrategyOnVisitFrequencyAndTime: MetricStrategyAccuracy inc no sucessor count5 | act = true; extra = false
08-03 17:33:50.443  7026  7051 D GreedyPrefetchingStrategyOnVisitFrequencyAndTime: ------------- Recursion #1 -----------
08-03 17:33:50.443  7026  7051 D GreedyPrefetchingStrategyOnVisitFrequencyAndTime: Best successors so far []
08-03 17:33:50.443  7026  7051 D GreedyPrefetchingStrategyOnVisitFrequencyAndTime: Checking node CommentListingActivity with 0 successors
08-03 17:33:50.443  7026  7051 D GreedyPrefetchingStrategyOnVisitFrequencyAndTime: this node has no successors
08-03 17:33:50.443  7026  7051 D GreedyPrefetchingStrategyOnVisitFrequencyAndTime: Next visited child will be []
08-03 17:33:50.443  7026  7051 D GreedyPrefetchingStrategyOnVisitFrequencyAndTime: ==================================
08-03 17:33:50.443  7026  7051 D Nappa   : PREFETCH_ON_EXTRA - setCurrentActivity - finished new prediction
08-03 17:33:50.507  7026  7039 I art     : Starting a blocking GC Explicit
08-03 17:33:50.539  7026  7039 I art     : Explicit concurrent mark sweep GC freed 1747(106KB) AllocSpace objects, 1(20KB) LOS objects, 36% free, 27MB/43MB, paused 400us total 32.153ms
08-03 17:33:50.553  7026  7039 I art     : Starting a blocking GC Explicit
08-03 17:33:50.585  7026  7039 I art     : Explicit concurrent mark sweep GC freed 28(1024B) AllocSpace objects, 0(0B) LOS objects, 36% free, 27MB/43MB, paused 414us total 31.575ms
08-03 17:33:50.598  7026  7039 I art     : Starting a blocking GC Explicit
08-03 17:33:50.604   518   646 I ThermalEngine: ACTION: GPU - Setting GPU[0] to 450000000
08-03 17:33:50.637  7026  7039 I art     : Explicit concurrent mark sweep GC freed 283(38KB) AllocSpace objects, 0(0B) LOS objects, 36% free, 27MB/43MB, paused 502us total 38.288ms
08-03 17:33:50.654  7026  7039 I art     : Starting a blocking GC Explicit
08-03 17:33:50.694  7026  7039 I art     : Explicit concurrent mark sweep GC freed 68(2272B) AllocSpace objects, 0(0B) LOS objects, 36% free, 27MB/43MB, paused 517us total 40.047ms
08-03 17:33:50.713  7026  7039 I art     : Starting a blocking GC Explicit
08-03 17:33:50.754  7026  7039 I art     : Explicit concurrent mark sweep GC freed 3(96B) AllocSpace objects, 0(0B) LOS objects, 36% free, 27MB/43MB, paused 507us total 41.441ms
08-03 17:33:51.049  7026  7864 I art     : Starting a blocking GC Explicit
08-03 17:33:51.098  7026  7864 I art     : Explicit concurrent mark sweep GC freed 1541(93KB) AllocSpace objects, 1(20KB) LOS objects, 36% free, 27MB/43MB, paused 628us total 48.579ms
08-03 17:33:51.120  7026  7864 I art     : Starting a blocking GC Explicit
08-03 17:33:51.161  7026  7864 I art     : Explicit concurrent mark sweep GC freed 28(1024B) AllocSpace objects, 0(0B) LOS objects, 36% free, 27MB/43MB, paused 505us total 40.954ms
08-03 17:33:51.179  7026  7864 I art     : Starting a blocking GC Explicit
08-03 17:33:51.220  7026  7864 I art     : Explicit concurrent mark sweep GC freed 3(96B) AllocSpace objects, 0(0B) LOS objects, 36% free, 27MB/43MB, paused 509us total 41.291ms
08-03 17:33:51.238  7026  7864 I art     : Starting a blocking GC Explicit
08-03 17:33:51.278  7026  7864 I art     : Explicit concurrent mark sweep GC freed 3(96B) AllocSpace objects, 0(0B) LOS objects, 36% free, 27MB/43MB, paused 501us total 39.885ms
08-03 17:33:51.296  7026  7864 I art     : Starting a blocking GC Explicit
08-03 17:33:51.341  7026  7864 I art     : Explicit concurrent mark sweep GC freed 3(96B) AllocSpace objects, 0(0B) LOS objects, 36% free, 27MB/43MB, paused 501us total 44.420ms
08-03 17:33:51.679  7026  7056 I art     : Starting a blocking GC Explicit
08-03 17:33:51.732  7026  7056 I art     : Explicit concurrent mark sweep GC freed 1541(91KB) AllocSpace objects, 1(20KB) LOS objects, 36% free, 27MB/43MB, paused 543us total 52.634ms
08-03 17:33:51.753  7026  7056 I art     : Starting a blocking GC Explicit
08-03 17:33:51.801  7026  7056 I art     : Explicit concurrent mark sweep GC freed 28(1024B) AllocSpace objects, 0(0B) LOS objects, 36% free, 27MB/43MB, paused 515us total 47.774ms
08-03 17:33:51.820  7026  7056 I art     : Starting a blocking GC Explicit
08-03 17:33:51.866  7026  7056 I art     : Explicit concurrent mark sweep GC freed 3(96B) AllocSpace objects, 0(0B) LOS objects, 36% free, 27MB/43MB, paused 515us total 45.733ms
08-03 17:33:51.884  7026  7056 I art     : Starting a blocking GC Explicit
08-03 17:33:51.928  7026  7056 I art     : Explicit concurrent mark sweep GC freed 3(96B) AllocSpace objects, 0(0B) LOS objects, 36% free, 27MB/43MB, paused 535us total 43.610ms
08-03 17:33:51.946  7026  7056 I art     : Starting a blocking GC Explicit
08-03 17:33:51.990  7026  7056 I art     : Explicit concurrent mark sweep GC freed 3(96B) AllocSpace objects, 0(0B) LOS objects, 36% free, 27MB/43MB, paused 515us total 43.404ms
08-03 17:33:52.343  7026  7038 I art     : Starting a blocking GC Explicit
08-03 17:33:52.395  7026  7038 I art     : Explicit concurrent mark sweep GC freed 1539(91KB) AllocSpace objects, 1(20KB) LOS objects, 36% free, 27MB/43MB, paused 552us total 51.909ms
08-03 17:33:52.415  7026  7038 I art     : Starting a blocking GC Explicit
08-03 17:33:52.457  7026  7038 I art     : Explicit concurrent mark sweep GC freed 28(1024B) AllocSpace objects, 0(0B) LOS objects, 36% free, 27MB/43MB, paused 577us total 42.210ms
08-03 17:33:52.475  7026  7038 I art     : Starting a blocking GC Explicit
08-03 17:33:52.522  7026  7038 I art     : Explicit concurrent mark sweep GC freed 3(96B) AllocSpace objects, 0(0B) LOS objects, 36% free, 27MB/43MB, paused 530us total 46.068ms
08-03 17:33:52.540  7026  7038 I art     : Starting a blocking GC Explicit
08-03 17:33:52.584  7026  7038 I art     : Explicit concurrent mark sweep GC freed 3(96B) AllocSpace objects, 0(0B) LOS objects, 36% free, 27MB/43MB, paused 513us total 43.859ms
08-03 17:33:52.602  7026  7038 I art     : Starting a blocking GC Explicit
08-03 17:33:52.608   518   646 I ThermalEngine: ACTION: GPU - Setting GPU[0] to 510000000
08-03 17:33:52.647  7026  7038 I art     : Explicit concurrent mark sweep GC freed 3(96B) AllocSpace objects, 0(0B) LOS objects, 36% free, 27MB/43MB, paused 518us total 44.580ms
08-03 17:33:52.979  7026  7330 I art     : Starting a blocking GC Explicit
08-03 17:33:53.022  7026  7330 I art     : Explicit concurrent mark sweep GC freed 1541(91KB) AllocSpace objects, 1(20KB) LOS objects, 36% free, 27MB/43MB, paused 418us total 42.376ms
08-03 17:33:53.041  7026  7330 I art     : Starting a blocking GC Explicit
08-03 17:33:53.074  7026  7330 I art     : Explicit concurrent mark sweep GC freed 28(1024B) AllocSpace objects, 0(0B) LOS objects, 36% free, 27MB/43MB, paused 372us total 31.832ms
08-03 17:33:53.087  7026  7330 I art     : Starting a blocking GC Explicit
08-03 17:33:53.121  7026  7330 I art     : Explicit concurrent mark sweep GC freed 3(96B) AllocSpace objects, 0(0B) LOS objects, 36% free, 27MB/43MB, paused 384us total 33.244ms
08-03 17:33:53.135  7026  7330 I art     : Starting a blocking GC Explicit
08-03 17:33:53.169  7026  7330 I art     : Explicit concurrent mark sweep GC freed 3(96B) AllocSpace objects, 0(0B) LOS objects, 36% free, 27MB/43MB, paused 379us total 34.158ms
08-03 17:33:53.183  7026  7330 I art     : Starting a blocking GC Explicit
08-03 17:33:53.217  7026  7330 I art     : Explicit concurrent mark sweep GC freed 3(96B) AllocSpace objects, 0(0B) LOS objects, 36% free, 27MB/43MB, paused 431us total 34.077ms
08-03 17:33:53.537  7026  7039 I art     : Starting a blocking GC Explicit
08-03 17:33:53.578  7026  7039 I art     : Explicit concurrent mark sweep GC freed 1546(95KB) AllocSpace objects, 1(20KB) LOS objects, 36% free, 27MB/43MB, paused 418us total 40.697ms
08-03 17:33:53.594  7026  7039 I art     : Starting a blocking GC Explicit
08-03 17:33:53.629  7026  7039 I art     : Explicit concurrent mark sweep GC freed 28(1024B) AllocSpace objects, 0(0B) LOS objects, 36% free, 27MB/43MB, paused 393us total 34.267ms
08-03 17:33:53.643  7026  7039 I art     : Starting a blocking GC Explicit
08-03 17:33:53.675  7026  7039 I art     : Explicit concurrent mark sweep GC freed 3(96B) AllocSpace objects, 0(0B) LOS objects, 36% free, 27MB/43MB, paused 391us total 32.430ms
08-03 17:33:53.689  7026  7039 I art     : Starting a blocking GC Explicit
08-03 17:33:53.722  7026  7039 I art     : Explicit concurrent mark sweep GC freed 3(96B) AllocSpace objects, 0(0B) LOS objects, 36% free, 27MB/43MB, paused 388us total 32.881ms
08-03 17:33:53.736  7026  7039 I art     : Starting a blocking GC Explicit
08-03 17:33:53.769  7026  7039 I art     : Explicit concurrent mark sweep GC freed 3(96B) AllocSpace objects, 0(0B) LOS objects, 36% free, 27MB/43MB, paused 391us total 33.553ms
08-03 17:33:53.784  1766  1766 I Atfwd_Sendcmd: AtCmdFwd service not ready - Exhausted retry attempts - :6
08-03 17:33:53.785  1766  1766 I Atfwd_Daemon: result : -1 	 ,Init step :2 	 ,qmiErrorCode: 0
08-03 17:33:54.034  7026  7864 I art     : Starting a blocking GC Explicit
08-03 17:33:54.067  7026  7864 I art     : Explicit concurrent mark sweep GC freed 1544(94KB) AllocSpace objects, 1(20KB) LOS objects, 36% free, 27MB/43MB, paused 372us total 33.235ms
08-03 17:33:54.081  7026  7864 I art     : Starting a blocking GC Explicit
08-03 17:33:54.113  7026  7864 I art     : Explicit concurrent mark sweep GC freed 28(1024B) AllocSpace objects, 0(0B) LOS objects, 36% free, 27MB/43MB, paused 375us total 32.369ms
08-03 17:33:54.114  7026  7037 I art     : WaitForGcToComplete blocked for 31.663ms for cause HeapTrim
08-03 17:33:54.127  7026  7864 I art     : Starting a blocking GC Explicit
08-03 17:33:54.159  7026  7864 I art     : Explicit concurrent mark sweep GC freed 3(96B) AllocSpace objects, 0(0B) LOS objects, 36% free, 27MB/43MB, paused 373us total 31.334ms
08-03 17:33:54.172  7026  7864 I art     : Starting a blocking GC Explicit
08-03 17:33:54.204  7026  7864 I art     : Explicit concurrent mark sweep GC freed 3(96B) AllocSpace objects, 0(0B) LOS objects, 36% free, 27MB/43MB, paused 373us total 31.767ms
08-03 17:33:54.218  7026  7864 I art     : Starting a blocking GC Explicit
08-03 17:33:54.250  7026  7864 I art     : Explicit concurrent mark sweep GC freed 3(96B) AllocSpace objects, 0(0B) LOS objects, 36% free, 27MB/43MB, paused 363us total 31.732ms
08-03 17:33:54.342  8278  8278 D AndroidRuntime: >>>>>> START com.android.internal.os.RuntimeInit uid 2000 <<<<<<
08-03 17:33:54.348  8278  8278 D AndroidRuntime: CheckJNI is OFF
08-03 17:33:54.385  8278  8278 D ICU     : No timezone override file found: /data/misc/zoneinfo/current/icu/icu_tzdata.dat
08-03 17:33:54.419  8278  8278 I Radio-JNI: register_android_hardware_Radio DONE
08-03 17:33:54.440  8278  8278 D AndroidRuntime: Calling main entry com.android.commands.input.Input
08-03 17:33:54.442  8278  8278 I Input   : injectKeyEvent: KeyEvent { action=ACTION_DOWN, keyCode=KEYCODE_BACK, scanCode=0, metaState=0, flags=0x0, repeatCount=0, eventTime=639250855, downTime=639250855, deviceId=-1, source=0x101 }
08-03 17:33:54.447  8278  8278 I Input   : injectKeyEvent: KeyEvent { action=ACTION_UP, keyCode=KEYCODE_BACK, scanCode=0, metaState=0, flags=0x0, repeatCount=0, eventTime=639250855, downTime=639250855, deviceId=-1, source=0x101 }
08-03 17:33:54.455  7026  7026 D NappaLifecycleObserver: nappagreedy.org.quantumbadger.redreader.activities.CommentListingActivity - onPause
08-03 17:33:54.455  8278  8278 D AndroidRuntime: Shutting down VM
08-03 17:33:54.455  7026  7026 D Nappa   : Stayed on nappagreedy.org.quantumbadger.redreader.activities.CommentListingActivity for 4513 ms
08-03 17:33:54.462  7026  7026 D NappaLifecycleObserver: nappagreedy.org.quantumbadger.redreader.activities.PostListingActivity - onResume
08-03 17:33:54.462  7026  7026 D Nappa   : setCurrentActivity - MetricStrategyAccuracy - 
08-03 17:33:54.462  7026  7026 D Nappa   : madePredictionFromActivity = true, 
08-03 17:33:54.462  7026  7026 D Nappa   : fromActivity = nappagreedy.org.quantumbadger.redreader.activities.CommentListingActivity, 
08-03 17:33:54.462  7026  7026 D Nappa   : predictedNextActivityFromActivity = [], 
08-03 17:33:54.462  7026  7026 D Nappa   : activity.getClass().getCanonicalName() = nappagreedy.org.quantumbadger.redreader.activities.PostListingActivity, 
08-03 17:33:54.462  7026  7026 D Nappa   : setCurrentActivity - MetricStrategyAccuracy - 
08-03 17:33:54.462  7026  7026 D Nappa   : madePredictionFromExtra = false, 
08-03 17:33:54.462  7026  7026 D Nappa   : fromActivity = nappagreedy.org.quantumbadger.redreader.activities.CommentListingActivity, 
08-03 17:33:54.462  7026  7026 D Nappa   : predictedNextActivityFromExtra = [], 
08-03 17:33:54.462  7026  7026 D Nappa   : activity.getClass().getCanonicalName() = nappagreedy.org.quantumbadger.redreader.activities.PostListingActivity, 
08-03 17:33:54.462  7026  7026 D Nappa   : PREFETCH_ON_EXTRA - setCurrentActivity - logs - from activity - made prediction istrue
08-03 17:33:54.462  7026  7026 D Nappa   : PREFETCH_ON_EXTRA - setCurrentActivity - logs - from activity - start
08-03 17:33:54.462  7026  7026 I NAPPA_EXPERIMENTATION: MetricStrategyAccuracy: LOG_ID='5',EXECUTION_COUNT='5',CASES_COUNT='5',HIT_PERCENTAGE_TOTAL='0.0',HIT_PERCENTAGE_WHEN_PREDICTED='0.0',HIT_COUNT='0',MISS_COUNT='0',INSUFFICIENT_SCORE_COUNT='0',EXCEPTION_COUNT='0',NO_SUCCESSOR_COUNT='5',
08-03 17:33:54.462  7026  7026 D Nappa   : PREFETCH_ON_EXTRA - setCurrentActivity - logs - from activity- finished
08-03 17:33:54.521  7026  7039 I art     : Starting a blocking GC Explicit
08-03 17:33:54.556  7026  7039 I art     : Explicit concurrent mark sweep GC freed 1694(108KB) AllocSpace objects, 1(20KB) LOS objects, 36% free, 27MB/43MB, paused 438us total 34.452ms
08-03 17:33:54.563  7026  7026 D Nappa   : registerActivity: (already in) nappagreedy.org.quantumbadger.redreader.activities.PostListingActivity
08-03 17:33:54.563  7026  7026 D ActivityGraph: LARDataCalculatedUpdate nappagreedy.org.quantumbadger.redreader.activities.PostListingActivity Pagerank: 0.25 HITS-Authority: 1.0 HITS-Hub: 1.0 SALSA-Authority: 1.0 SALSA-Hub: 1.0
08-03 17:33:54.563  7026  7026 D Nappa   : SHOULD_PREFETCH false
08-03 17:33:54.563  7026  7026 D Nappa   : STATS Number of requests not prefetched: 6
08-03 17:33:54.563  7026  7026 D Nappa   : STATS Number of requests prefetched: 0
08-03 17:33:54.563  7026  7026 D Nappa   : STATS Time saved until now: 0.0
08-03 17:33:54.574  7026  7039 I art     : Starting a blocking GC Explicit
08-03 17:33:54.590  7026  7026 D ActivityNode: Observer - visit time - CommentListingActivity - New aggregate visit time found is 16027 ms
08-03 17:33:54.592 13866 13866 I GoogleInputMethodServic: GoogleInputMethodService.onFinishInput():3138 
08-03 17:33:54.593 13866 13866 I GoogleInputMethodServic: GoogleInputMethodService.onStartInput():1808 
08-03 17:33:54.603  7026  7039 I art     : Explicit concurrent mark sweep GC freed 263(12KB) AllocSpace objects, 0(0B) LOS objects, 36% free, 27MB/43MB, paused 383us total 29.413ms
08-03 17:33:54.616  7026  7039 I art     : Starting a blocking GC Explicit
08-03 17:33:54.647  7026  7039 I art     : Explicit concurrent mark sweep GC freed 144(4KB) AllocSpace objects, 0(0B) LOS objects, 36% free, 27MB/43MB, paused 433us total 30.644ms
08-03 17:33:54.660  7026  7039 I art     : Starting a blocking GC Explicit
08-03 17:33:54.689  7026  7039 I art     : Explicit concurrent mark sweep GC freed 5(176B) AllocSpace objects, 0(0B) LOS objects, 36% free, 27MB/43MB, paused 345us total 28.664ms
08-03 17:33:54.702  7026  7039 I art     : Starting a blocking GC Explicit
08-03 17:33:54.734  7026  7039 I art     : Explicit concurrent mark sweep GC freed 3(96B) AllocSpace objects, 0(0B) LOS objects, 36% free, 27MB/43MB, paused 405us total 31.768ms
08-03 17:33:54.863  7026  7051 D Nappa   : PREFETCH_ON_EXTRA - setCurrentActivity - logs - from extra - made prediction isfalse
08-03 17:33:54.894  7026  7026 D NappaLifecycleObserver: nappagreedy.org.quantumbadger.redreader.activities.CommentListingActivity - onDestroy
08-03 17:33:54.895  7026  7026 D NappaLifecycleObserver: -------------F1_SCORE #8 -----------
08-03 17:33:54.895   380   380 W SurfaceFlinger: couldn't log to binary event log: overflow.
08-03 17:33:54.895  7026  7026 D NappaLifecycleObserver: F1_SCORE - Intercept list (5)= [https://oauth.reddit.com/r/askscience/about.json, https://oauth.reddit.com/r/askscience/hot/.json, https://oauth.reddit.com/comments/gvc7k9/.json?sort=confidence, https://oauth.reddit.com/comments/hwnhe2/.json?sort=confidence, https://oauth.reddit.com/comments/hza888/.json?sort=confidence]
08-03 17:33:54.895  7026  7026 D NappaLifecycleObserver: F1_SCORE - Prefetch list (0)= []
08-03 17:33:54.895  7026  7026 D NappaLifecycleObserver: F1_SCORE - TP list (0)= []
08-03 17:33:54.895  7026  7026 D NappaLifecycleObserver: F1_SCORE - FN list (5)= [https://oauth.reddit.com/r/askscience/about.json, https://oauth.reddit.com/r/askscience/hot/.json, https://oauth.reddit.com/comments/gvc7k9/.json?sort=confidence, https://oauth.reddit.com/comments/hwnhe2/.json?sort=confidence, https://oauth.reddit.com/comments/hza888/.json?sort=confidence]
08-03 17:33:54.895  7026  7026 I NAPPA_EXPERIMENTATION: MetricPrefetchingAccuracy: LOG_ID='9',F1_SCORE_1='0.0',F1_SCORE_2='0.0',TRUE_POSITIVE='0',FALSE_POSITIVE='0',FALSE_NEGATIVE='5',
08-03 17:33:54.990  7026  7330 I art     : Starting a blocking GC Explicit
08-03 17:33:55.021  7026  7330 I art     : Explicit concurrent mark sweep GC freed 1680(110KB) AllocSpace objects, 1(20KB) LOS objects, 36% free, 27MB/43MB, paused 379us total 30.330ms
08-03 17:33:55.034  7026  7330 I art     : Starting a blocking GC Explicit
08-03 17:33:55.062  7026  7330 I art     : Explicit concurrent mark sweep GC freed 3836(309KB) AllocSpace objects, 5(140KB) LOS objects, 36% free, 27MB/43MB, paused 370us total 27.674ms
08-03 17:33:55.074  7026  7330 I art     : Starting a blocking GC Explicit
08-03 17:33:55.101  7026  7330 I art     : Explicit concurrent mark sweep GC freed 3(96B) AllocSpace objects, 0(0B) LOS objects, 36% free, 27MB/43MB, paused 356us total 27.009ms
08-03 17:33:55.114  7026  7330 I art     : Starting a blocking GC Explicit
08-03 17:33:55.142  7026  7330 I art     : Explicit concurrent mark sweep GC freed 3(96B) AllocSpace objects, 0(0B) LOS objects, 36% free, 27MB/43MB, paused 361us total 28.065ms
08-03 17:33:55.155  7026  7330 I art     : Starting a blocking GC Explicit
08-03 17:33:55.183  7026  7330 I art     : Explicit concurrent mark sweep GC freed 3(96B) AllocSpace objects, 0(0B) LOS objects, 36% free, 27MB/43MB, paused 358us total 27.580ms
08-03 17:33:55.455  7026  7056 I art     : Starting a blocking GC Explicit
08-03 17:33:55.488  7026  7056 I art     : Explicit concurrent mark sweep GC freed 1541(92KB) AllocSpace objects, 1(20KB) LOS objects, 36% free, 27MB/43MB, paused 407us total 32.375ms
08-03 17:33:55.502  7026  7056 I art     : Starting a blocking GC Explicit
08-03 17:33:55.533  7026  7056 I art     : Explicit concurrent mark sweep GC freed 28(1024B) AllocSpace objects, 0(0B) LOS objects, 36% free, 27MB/43MB, paused 372us total 30.983ms
08-03 17:33:55.547  7026  7056 I art     : Starting a blocking GC Explicit
08-03 17:33:55.579  7026  7056 I art     : Explicit concurrent mark sweep GC freed 3(96B) AllocSpace objects, 0(0B) LOS objects, 36% free, 27MB/43MB, paused 375us total 31.924ms
08-03 17:33:55.592  7026  7056 I art     : Starting a blocking GC Explicit
08-03 17:33:55.625  7026  7056 I art     : Explicit concurrent mark sweep GC freed 3(96B) AllocSpace objects, 0(0B) LOS objects, 36% free, 27MB/43MB, paused 429us total 32.583ms
08-03 17:33:55.639  7026  7056 I art     : Starting a blocking GC Explicit
08-03 17:33:55.671  7026  7056 I art     : Explicit concurrent mark sweep GC freed 3(96B) AllocSpace objects, 0(0B) LOS objects, 36% free, 27MB/43MB, paused 374us total 31.912ms
08-03 17:33:55.935  7026  7038 I art     : Starting a blocking GC Explicit
08-03 17:33:55.968  7026  7038 I art     : Explicit concurrent mark sweep GC freed 1541(92KB) AllocSpace objects, 1(20KB) LOS objects, 36% free, 27MB/43MB, paused 396us total 32.720ms
08-03 17:33:55.982  7026  7038 I art     : Starting a blocking GC Explicit
08-03 17:33:56.013  7026  7038 I art     : Explicit concurrent mark sweep GC freed 28(1024B) AllocSpace objects, 0(0B) LOS objects, 36% free, 27MB/43MB, paused 376us total 30.584ms
08-03 17:33:56.026  7026  7038 I art     : Starting a blocking GC Explicit
08-03 17:33:56.058  7026  7038 I art     : Explicit concurrent mark sweep GC freed 3(96B) AllocSpace objects, 0(0B) LOS objects, 36% free, 27MB/43MB, paused 398us total 30.303ms
08-03 17:33:56.071  7026  7038 I art     : Starting a blocking GC Explicit
08-03 17:33:56.102  7026  7038 I art     : Explicit concurrent mark sweep GC freed 3(96B) AllocSpace objects, 0(0B) LOS objects, 36% free, 27MB/43MB, paused 386us total 30.982ms
08-03 17:33:56.109  8330  8330 D AndroidRuntime: >>>>>> START com.android.internal.os.RuntimeInit uid 2000 <<<<<<
08-03 17:33:56.114  8330  8330 D AndroidRuntime: CheckJNI is OFF
08-03 17:33:56.115  7026  7038 I art     : Starting a blocking GC Explicit
08-03 17:33:56.146  7026  7038 I art     : Explicit concurrent mark sweep GC freed 3(96B) AllocSpace objects, 0(0B) LOS objects, 36% free, 27MB/43MB, paused 406us total 30.439ms
08-03 17:33:56.149  8330  8330 D ICU     : No timezone override file found: /data/misc/zoneinfo/current/icu/icu_tzdata.dat
08-03 17:33:56.184  8330  8330 I Radio-JNI: register_android_hardware_Radio DONE
08-03 17:33:56.206  8330  8330 D AndroidRuntime: Calling main entry com.android.commands.input.Input
08-03 17:33:56.208  8330  8330 I Input   : injectMotionEvent: MotionEvent { action=ACTION_DOWN, actionButton=0, id[0]=0, x[0]=600.0, y[0]=700.0, toolType[0]=TOOL_TYPE_UNKNOWN, buttonState=0, metaState=0, flags=0x0, edgeFlags=0x0, pointerCount=1, historySize=0, eventTime=639252620, downTime=639252620, deviceId=0, source=0x1002 }
08-03 17:33:56.216  8330  8330 I Input   : injectMotionEvent: MotionEvent { action=ACTION_UP, actionButton=0, id[0]=0, x[0]=600.0, y[0]=700.0, toolType[0]=TOOL_TYPE_UNKNOWN, buttonState=0, metaState=0, flags=0x0, edgeFlags=0x0, pointerCount=1, historySize=0, eventTime=639252620, downTime=639252620, deviceId=0, source=0x1002 }
08-03 17:33:56.219  8330  8330 D AndroidRuntime: Shutting down VM
08-03 17:33:56.233   512  2967 D audio_hw_primary: out_set_parameters: enter: usecase(1: low-latency-playback) kvpairs: routing=2
08-03 17:33:56.234  7026  7026 D NappaIntentExtras: ==================
08-03 17:33:56.234  7026  7026 D NappaIntentExtras: Log #7
08-03 17:33:56.234  7026  7026 D NappaIntentExtras: ------------------
08-03 17:33:56.234  7026  7026 D NappaIntentExtras: activity nappagreedy.org.quantumbadger.redreader.activities.CommentListingActivity
08-03 17:33:56.234  7026  7026 D NappaIntentExtras: 	- No extras registered
08-03 17:33:56.234  7026  7026 D NappaIntentExtras: activity nappagreedy.org.quantumbadger.redreader.activities.MainActivity
08-03 17:33:56.234  7026  7026 D NappaIntentExtras: 	- No extras registered
08-03 17:33:56.234  7026  7026 D NappaIntentExtras: activity nappagreedy.org.quantumbadger.redreader.activities.PostListingActivity
08-03 17:33:56.234  7026  7026 D NappaIntentExtras: 	- No extras registered
08-03 17:33:56.235  7026  7026 D NappaIntentExtras: ==================
08-03 17:33:56.235   918  3359 I ActivityManager: START u0 {dat=https://oauth.reddit.com/... cmp=nappagreedy.org.quantumbadger.redreader/.activities.CommentListingActivity} from uid 10632 on display 0
08-03 17:33:56.245  7026  7026 D NappaLifecycleObserver: nappagreedy.org.quantumbadger.redreader.activities.PostListingActivity - onPause
08-03 17:33:56.245  7026  7026 D Nappa   : Stayed on nappagreedy.org.quantumbadger.redreader.activities.PostListingActivity for 1682 ms
08-03 17:33:56.246   512  2967 D audio_hw_primary: select_devices: out_snd_device(2: speaker) in_snd_device(0: none)
08-03 17:33:56.246   512  2967 D msm8974_platform: platform_send_audio_calibration: sending audio calibration for snd_device(2) acdb_id(15)
08-03 17:33:56.246   512  2967 I soundtrigger: audio_extn_sound_trigger_update_device_status: device 0x2 of type 0 for Event 1
08-03 17:33:56.258   512  2967 D audio_hw_primary: enable_snd_device: snd_device(2: speaker)
08-03 17:33:56.260   512  2967 D audio_hw_primary: enable_audio_route: apply and update mixer path: low-latency-playback speaker
08-03 17:33:56.270  7026  7026 I AppCompatViewInflater: app:theme is now deprecated. Please move to using android:theme instead.
08-03 17:33:56.285  7026  7026 D NappaLifecycleObserver: nappagreedy.org.quantumbadger.redreader.activities.CommentListingActivity - onResume
08-03 17:33:56.285  7026  7026 D Nappa   : setCurrentActivity - MetricStrategyAccuracy - 
08-03 17:33:56.285  7026  7026 D Nappa   : madePredictionFromActivity = false, 
08-03 17:33:56.285  7026  7026 D Nappa   : fromActivity = nappagreedy.org.quantumbadger.redreader.activities.PostListingActivity, 
08-03 17:33:56.285  7026  7026 D Nappa   : predictedNextActivityFromActivity = [], 
08-03 17:33:56.285  7026  7026 D Nappa   : activity.getClass().getCanonicalName() = nappagreedy.org.quantumbadger.redreader.activities.CommentListingActivity, 
08-03 17:33:56.285  7026  7026 D Nappa   : setCurrentActivity - MetricStrategyAccuracy - 
08-03 17:33:56.285  7026  7026 D Nappa   : madePredictionFromExtra = false, 
08-03 17:33:56.285  7026  7026 D Nappa   : fromActivity = nappagreedy.org.quantumbadger.redreader.activities.PostListingActivity, 
08-03 17:33:56.285  7026  7026 D Nappa   : predictedNextActivityFromExtra = [], 
08-03 17:33:56.285  7026  7026 D Nappa   : activity.getClass().getCanonicalName() = nappagreedy.org.quantumbadger.redreader.activities.CommentListingActivity, 
08-03 17:33:56.285  7026  7026 D Nappa   : PREFETCH_ON_EXTRA - setCurrentActivity - logs - from activity - made prediction isfalse
08-03 17:33:56.287  7026  7637 I CommentListingActivity: COMMENTS session changed to aef0345b-20dd-4bcd-9733-6df1e0b7dae3
08-03 17:33:56.385  7026  7026 D Nappa   : registerActivity: (already in) nappagreedy.org.quantumbadger.redreader.activities.CommentListingActivity
08-03 17:33:56.386  7026  7026 D ActivityNode: ACTNODE UPDATING AFTER LOADING FROM DB
08-03 17:33:56.386  7026  7026 D ActivityGraph: LARDataCalculatedUpdate nappagreedy.org.quantumbadger.redreader.activities.CommentListingActivity Pagerank: 0.25 HITS-Authority: 1.0 HITS-Hub: 1.0 SALSA-Authority: 1.0 SALSA-Hub: 1.0
08-03 17:33:56.386  7026  7026 D Nappa   : SHOULD_PREFETCH true
08-03 17:33:56.389  7026  7039 I art     : Starting a blocking GC Explicit
08-03 17:33:56.440  7026  7039 I art     : Explicit concurrent mark sweep GC freed 31625(2MB) AllocSpace objects, 3(56KB) LOS objects, 34% free, 30MB/46MB, paused 865us total 51.576ms
08-03 17:33:56.456  7026  7039 I art     : Starting a blocking GC Explicit
08-03 17:33:56.486  7026  7026 D Nappa   : registerActivity: (already in) nappagreedy.org.quantumbadger.redreader.activities.CommentListingActivity
08-03 17:33:56.486  7026  7026 D Nappa   : STATS Number of requests not prefetched: 6
08-03 17:33:56.486  7026  7026 D Nappa   : STATS Number of requests prefetched: 0
08-03 17:33:56.486  7026  7026 D Nappa   : STATS Time saved until now: 0.0
08-03 17:33:56.503  7026  7039 I art     : Explicit concurrent mark sweep GC freed 13188(860KB) AllocSpace objects, 1(16KB) LOS objects, 34% free, 30MB/46MB, paused 722us total 46.881ms
08-03 17:33:56.518  7026  7039 I art     : Starting a blocking GC Explicit
08-03 17:33:56.536  7026  7026 D ActivityNode: Observer - visit time - PostListingActivity - New aggregate visit time found is 12239 ms
08-03 17:33:56.558  7026  7039 I art     : Explicit concurrent mark sweep GC freed 19982(880KB) AllocSpace objects, 0(0B) LOS objects, 34% free, 30MB/46MB, paused 773us total 40.350ms
08-03 17:33:56.573  7026  7039 I art     : Starting a blocking GC Explicit
08-03 17:33:56.616  7026  7039 I art     : Explicit concurrent mark sweep GC freed 1288(49KB) AllocSpace objects, 0(0B) LOS objects, 34% free, 30MB/46MB, paused 531us total 42.623ms
08-03 17:33:56.628   918   936 I ActivityManager: Displayed nappagreedy.org.quantumbadger.redreader/.activities.CommentListingActivity: +376ms
08-03 17:33:56.628  7026  7026 D ActivityNode: Observer - session data - sourceCommentListingActivity
08-03 17:33:56.628  7026  7026 D ActivityNode: destinations:
08-03 17:33:56.628  7026  7026 D ActivityNode: Observer - session data - sourceMainActivity
08-03 17:33:56.628  7026  7026 D ActivityNode: destinations:
08-03 17:33:56.628  7026  7026 D ActivityNode: 	nappagreedy.org.quantumbadger.redreader.activities.PostListingActivity( count 1)
08-03 17:33:56.628  7026  7026 D ActivityNode: Observer - session data - sourcePostListingActivity
08-03 17:33:56.628  7026  7026 D ActivityNode: destinations:
08-03 17:33:56.628  7026  7026 D ActivityNode: 	nappagreedy.org.quantumbadger.redreader.activities.CommentListingActivity( count 5)
08-03 17:33:56.628 13866 13866 I GoogleInputMethodServic: GoogleInputMethodService.onFinishInput():3138 
08-03 17:33:56.629 13866 13866 I GoogleInputMethodServic: GoogleInputMethodService.onStartInput():1808 
08-03 17:33:56.631  7026  7039 I art     : Starting a blocking GC Explicit
08-03 17:33:56.672  7026  7039 I art     : Explicit concurrent mark sweep GC freed 437(25KB) AllocSpace objects, 0(0B) LOS objects, 34% free, 30MB/46MB, paused 411us total 41.201ms
08-03 17:33:56.685  7026  7051 D Nappa   : PREFETCH_ON_EXTRA - setCurrentActivity - logs - from extra - made prediction isfalse
08-03 17:33:56.803   512  2967 D audio_hw_primary: disable_audio_route: reset and update mixer path: low-latency-playback speaker
08-03 17:33:56.806   512  2967 D audio_hw_primary: disable_snd_device: snd_device(2: speaker)
08-03 17:33:56.816   512  2967 I soundtrigger: audio_extn_sound_trigger_update_device_status: device 0x2 of type 0 for Event 0
08-03 17:33:56.891   380   380 W SurfaceFlinger: couldn't log to binary event log: overflow.
